[2022-06-13T02:06:08.707+0000][1][gc] Using Concurrent Mark Sweep
[2022-06-13T02:06:08.707+0000][1][gc,heap,coops] Heap address: 0x00000000f0000000, size: 256 MB, Compressed Oops mode: 32-bit
[2022-06-13T02:06:08.742+0000][1][safepoint    ] Entering safepoint region: EnableBiasedLocking
[2022-06-13T02:06:08.742+0000][1][safepoint    ] Leaving safepoint region
[2022-06-13T02:06:08.742+0000][1][safepoint    ] Total time for which application threads were stopped: 0.0007150 seconds, Stopping threads took: 0.0004592 seconds
[2022-06-13T02:06:08.745+0000][1][safepoint    ] Application time: 0.0021963 seconds
[2022-06-13T02:06:08.745+0000][1][safepoint    ] Entering safepoint region: RevokeBias
[2022-06-13T02:06:08.746+0000][1][safepoint    ] Leaving safepoint region
[2022-06-13T02:06:08.746+0000][1][safepoint    ] Total time for which application threads were stopped: 0.0006476 seconds, Stopping threads took: 0.0004099 seconds
[2022-06-13T02:06:08.756+0000][1][safepoint    ] Application time: 0.0098252 seconds
[2022-06-13T02:06:08.756+0000][1][safepoint    ] Entering safepoint region: Deoptimize
[2022-06-13T02:06:08.757+0000][1][safepoint    ] Leaving safepoint region
[2022-06-13T02:06:08.757+0000][1][safepoint    ] Total time for which application threads were stopped: 0.0003508 seconds, Stopping threads took: 0.0001587 seconds
[2022-06-13T02:06:08.818+0000][1][safepoint    ] Application time: 0.0611501 seconds
[2022-06-13T02:06:08.818+0000][1][safepoint    ] Entering safepoint region: RevokeBias
[2022-06-13T02:06:08.818+0000][1][safepoint    ] Leaving safepoint region
[2022-06-13T02:06:08.819+0000][1][safepoint    ] Total time for which application threads were stopped: 0.0003365 seconds, Stopping threads took: 0.0001948 seconds
[2022-06-13T02:06:08.840+0000][1][safepoint    ] Application time: 0.0216607 seconds
[2022-06-13T02:06:08.841+0000][1][safepoint    ] Entering safepoint region: Deoptimize
[2022-06-13T02:06:08.841+0000][1][safepoint    ] Leaving safepoint region
[2022-06-13T02:06:08.841+0000][1][safepoint    ] Total time for which application threads were stopped: 0.0003208 seconds, Stopping threads took: 0.0001064 seconds
[2022-06-13T02:06:09.082+0000][1][safepoint    ] Application time: 0.2408444 seconds
[2022-06-13T02:06:09.082+0000][1][safepoint    ] Entering safepoint region: Deoptimize
[2022-06-13T02:06:09.083+0000][1][safepoint    ] Leaving safepoint region
[2022-06-13T02:06:09.083+0000][1][safepoint    ] Total time for which application threads were stopped: 0.0013918 seconds, Stopping threads took: 0.0007421 seconds
[2022-06-13T02:06:09.098+0000][1][safepoint    ] Application time: 0.0145763 seconds
[2022-06-13T02:06:09.099+0000][1][safepoint    ] Entering safepoint region: Deoptimize
[2022-06-13T02:06:09.099+0000][1][safepoint    ] Leaving safepoint region
[2022-06-13T02:06:09.099+0000][1][safepoint    ] Total time for which application threads were stopped: 0.0004298 seconds, Stopping threads took: 0.0001636 seconds
[2022-06-13T02:06:09.136+0000][1][safepoint    ] Application time: 0.0372677 seconds
[2022-06-13T02:06:09.137+0000][1][safepoint    ] Entering safepoint region: Deoptimize
[2022-06-13T02:06:09.138+0000][1][safepoint    ] Leaving safepoint region
[2022-06-13T02:06:09.138+0000][1][safepoint    ] Total time for which application threads were stopped: 0.0004937 seconds, Stopping threads took: 0.0001852 seconds
[2022-06-13T02:06:09.148+0000][1][safepoint    ] Application time: 0.0098796 seconds
[2022-06-13T02:06:09.149+0000][1][safepoint    ] Entering safepoint region: Deoptimize
[2022-06-13T02:06:09.151+0000][1][safepoint    ] Leaving safepoint region
[2022-06-13T02:06:09.151+0000][1][safepoint    ] Total time for which application threads were stopped: 0.0023000 seconds, Stopping threads took: 0.0015841 seconds
[2022-06-13T02:06:09.559+0000][1][safepoint    ] Application time: 0.4057228 seconds
[2022-06-13T02:06:09.559+0000][1][safepoint    ] Entering safepoint region: Deoptimize
[2022-06-13T02:06:09.559+0000][1][safepoint    ] Leaving safepoint region
[2022-06-13T02:06:09.559+0000][1][safepoint    ] Total time for which application threads were stopped: 0.0006089 seconds, Stopping threads took: 0.0001608 seconds
[2022-06-13T02:06:09.772+0000][1][safepoint    ] Application time: 0.2122809 seconds
[2022-06-13T02:06:09.772+0000][1][safepoint    ] Entering safepoint region: RevokeBias
[2022-06-13T02:06:09.772+0000][1][safepoint    ] Leaving safepoint region
[2022-06-13T02:06:09.773+0000][1][safepoint    ] Total time for which application threads were stopped: 0.0004196 seconds, Stopping threads took: 0.0001909 seconds
[2022-06-13T02:06:09.864+0000][1][safepoint    ] Application time: 0.0916385 seconds
[2022-06-13T02:06:09.865+0000][1][safepoint    ] Entering safepoint region: Deoptimize
[2022-06-13T02:06:09.865+0000][1][safepoint    ] Leaving safepoint region
[2022-06-13T02:06:09.865+0000][1][safepoint    ] Total time for which application threads were stopped: 0.0006132 seconds, Stopping threads took: 0.0001994 seconds
[2022-06-13T02:06:09.948+0000][1][safepoint    ] Application time: 0.0821859 seconds
[2022-06-13T02:06:09.948+0000][1][safepoint    ] Entering safepoint region: Deoptimize
[2022-06-13T02:06:09.948+0000][1][safepoint    ] Leaving safepoint region
[2022-06-13T02:06:09.949+0000][1][safepoint    ] Total time for which application threads were stopped: 0.0006444 seconds, Stopping threads took: 0.0001676 seconds
[2022-06-13T02:06:09.949+0000][1][safepoint    ] Application time: 0.0001963 seconds
[2022-06-13T02:06:09.949+0000][1][safepoint    ] Entering safepoint region: Deoptimize
[2022-06-13T02:06:09.950+0000][1][safepoint    ] Leaving safepoint region
[2022-06-13T02:06:09.950+0000][1][safepoint    ] Total time for which application threads were stopped: 0.0004924 seconds, Stopping threads took: 0.0001353 seconds
[2022-06-13T02:06:09.987+0000][1][safepoint    ] Application time: 0.0370811 seconds
[2022-06-13T02:06:09.987+0000][1][safepoint    ] Entering safepoint region: Deoptimize
[2022-06-13T02:06:09.988+0000][1][safepoint    ] Leaving safepoint region
[2022-06-13T02:06:09.988+0000][1][safepoint    ] Total time for which application threads were stopped: 0.0007168 seconds, Stopping threads took: 0.0002286 seconds
[2022-06-13T02:06:09.996+0000][1][safepoint    ] Application time: 0.0082670 seconds
[2022-06-13T02:06:09.997+0000][1][safepoint    ] Entering safepoint region: RevokeBias
[2022-06-13T02:06:09.997+0000][1][safepoint    ] Leaving safepoint region
[2022-06-13T02:06:09.997+0000][1][safepoint    ] Total time for which application threads were stopped: 0.0004268 seconds, Stopping threads took: 0.0002071 seconds
[2022-06-13T02:06:09.997+0000][1][safepoint    ] Application time: 0.0001104 seconds
[2022-06-13T02:06:09.998+0000][1][safepoint    ] Entering safepoint region: RevokeBias
[2022-06-13T02:06:09.998+0000][1][safepoint    ] Leaving safepoint region
[2022-06-13T02:06:09.998+0000][1][safepoint    ] Total time for which application threads were stopped: 0.0003064 seconds, Stopping threads took: 0.0001375 seconds
[2022-06-13T02:06:09.998+0000][1][safepoint    ] Application time: 0.0000984 seconds
[2022-06-13T02:06:09.998+0000][1][safepoint    ] Entering safepoint region: RevokeBias
[2022-06-13T02:06:09.999+0000][1][safepoint    ] Leaving safepoint region
[2022-06-13T02:06:09.999+0000][1][safepoint    ] Total time for which application threads were stopped: 0.0005029 seconds, Stopping threads took: 0.0003253 seconds
[2022-06-13T02:06:09.999+0000][1][safepoint    ] Application time: 0.0002987 seconds
[2022-06-13T02:06:10.000+0000][1][safepoint    ] Entering safepoint region: RevokeBias
[2022-06-13T02:06:10.000+0000][1][safepoint    ] Leaving safepoint region
[2022-06-13T02:06:10.000+0000][1][safepoint    ] Total time for which application threads were stopped: 0.0004848 seconds, Stopping threads took: 0.0002757 seconds
[2022-06-13T02:06:10.005+0000][1][safepoint    ] Application time: 0.0050436 seconds
[2022-06-13T02:06:10.005+0000][1][safepoint    ] Entering safepoint region: Deoptimize
[2022-06-13T02:06:10.006+0000][1][safepoint    ] Leaving safepoint region
[2022-06-13T02:06:10.006+0000][1][safepoint    ] Total time for which application threads were stopped: 0.0005406 seconds, Stopping threads took: 0.0001644 seconds
[2022-06-13T02:06:10.038+0000][1][safepoint    ] Application time: 0.0314237 seconds
[2022-06-13T02:06:10.038+0000][1][safepoint    ] Entering safepoint region: RevokeBias
[2022-06-13T02:06:10.038+0000][1][safepoint    ] Leaving safepoint region
[2022-06-13T02:06:10.038+0000][1][safepoint    ] Total time for which application threads were stopped: 0.0003941 seconds, Stopping threads took: 0.0001840 seconds
[2022-06-13T02:06:10.069+0000][1][safepoint    ] Application time: 0.0304236 seconds
[2022-06-13T02:06:10.069+0000][1][safepoint    ] Entering safepoint region: GenCollectForAllocation
[2022-06-13T02:06:10.069+0000][1][gc,start     ] GC(0) Pause Young (Allocation Failure)
[2022-06-13T02:06:10.070+0000][1][gc,task      ] GC(0) Using 5 workers of 13 for evacuation
[2022-06-13T02:06:10.074+0000][1][gc,age       ] GC(0) Desired survivor size 4456448 bytes, new threshold 1 (max threshold 6)
[2022-06-13T02:06:10.074+0000][1][gc,age       ] GC(0) Age table with threshold 1 (max threshold 6)
[2022-06-13T02:06:10.074+0000][1][gc,age       ] GC(0) - age   1:    8125352 bytes,    8125352 total
[2022-06-13T02:06:10.075+0000][1][gc,heap      ] GC(0) ParNew: 69952K->8044K(78656K)
[2022-06-13T02:06:10.075+0000][1][gc,heap      ] GC(0) CMS: 0K->0K(174784K)
[2022-06-13T02:06:10.075+0000][1][gc,metaspace ] GC(0) Metaspace: 12416K->12416K(1060864K)
[2022-06-13T02:06:10.075+0000][1][gc           ] GC(0) Pause Young (Allocation Failure) 68M->7M(247M) 5.859ms
[2022-06-13T02:06:10.075+0000][1][gc,cpu       ] GC(0) User=0.02s Sys=0.00s Real=0.00s
[2022-06-13T02:06:10.075+0000][1][safepoint    ] Leaving safepoint region
[2022-06-13T02:06:10.075+0000][1][safepoint    ] Total time for which application threads were stopped: 0.0063991 seconds, Stopping threads took: 0.0001594 seconds
[2022-06-13T02:06:10.076+0000][1][safepoint    ] Application time: 0.0002899 seconds
[2022-06-13T02:06:10.076+0000][1][safepoint    ] Entering safepoint region: RevokeBias
[2022-06-13T02:06:10.076+0000][1][safepoint    ] Leaving safepoint region
[2022-06-13T02:06:10.076+0000][1][safepoint    ] Total time for which application threads were stopped: 0.0003823 seconds, Stopping threads took: 0.0002150 seconds
[2022-06-13T02:06:10.076+0000][1][safepoint    ] Application time: 0.0000970 seconds
[2022-06-13T02:06:10.077+0000][1][safepoint    ] Entering safepoint region: RevokeBias
[2022-06-13T02:06:10.077+0000][1][safepoint    ] Leaving safepoint region
[2022-06-13T02:06:10.077+0000][1][safepoint    ] Total time for which application threads were stopped: 0.0002481 seconds, Stopping threads took: 0.0001091 seconds
[2022-06-13T02:06:10.077+0000][1][safepoint    ] Application time: 0.0000962 seconds
[2022-06-13T02:06:10.077+0000][1][safepoint    ] Entering safepoint region: RevokeBias
[2022-06-13T02:06:10.077+0000][1][safepoint    ] Leaving safepoint region
[2022-06-13T02:06:10.077+0000][1][safepoint    ] Total time for which application threads were stopped: 0.0002563 seconds, Stopping threads took: 0.0001433 seconds
[2022-06-13T02:06:10.078+0000][1][safepoint    ] Application time: 0.0000755 seconds
[2022-06-13T02:06:10.078+0000][1][safepoint    ] Entering safepoint region: RevokeBias
[2022-06-13T02:06:10.078+0000][1][safepoint    ] Leaving safepoint region
[2022-06-13T02:06:10.078+0000][1][safepoint    ] Total time for which application threads were stopped: 0.0003211 seconds, Stopping threads took: 0.0001683 seconds
[2022-06-13T02:06:10.078+0000][1][safepoint    ] Application time: 0.0000976 seconds
[2022-06-13T02:06:10.078+0000][1][safepoint    ] Entering safepoint region: RevokeBias
[2022-06-13T02:06:10.079+0000][1][safepoint    ] Leaving safepoint region
[2022-06-13T02:06:10.079+0000][1][safepoint    ] Total time for which application threads were stopped: 0.0002852 seconds, Stopping threads took: 0.0001210 seconds
[2022-06-13T02:06:10.079+0000][1][safepoint    ] Application time: 0.0000658 seconds
[2022-06-13T02:06:10.079+0000][1][safepoint    ] Entering safepoint region: RevokeBias
[2022-06-13T02:06:10.079+0000][1][safepoint    ] Leaving safepoint region
[2022-06-13T02:06:10.079+0000][1][safepoint    ] Total time for which application threads were stopped: 0.0003863 seconds, Stopping threads took: 0.0001719 seconds
[2022-06-13T02:06:10.080+0000][1][safepoint    ] Application time: 0.0005833 seconds
[2022-06-13T02:06:10.081+0000][1][safepoint    ] Entering safepoint region: RevokeBias
[2022-06-13T02:06:10.081+0000][1][safepoint    ] Leaving safepoint region
[2022-06-13T02:06:10.081+0000][1][safepoint    ] Total time for which application threads were stopped: 0.0004213 seconds, Stopping threads took: 0.0002076 seconds
[2022-06-13T02:06:10.082+0000][1][safepoint    ] Application time: 0.0000981 seconds
[2022-06-13T02:06:10.082+0000][1][safepoint    ] Entering safepoint region: RevokeBias
[2022-06-13T02:06:10.082+0000][1][safepoint    ] Leaving safepoint region
[2022-06-13T02:06:10.082+0000][1][safepoint    ] Total time for which application threads were stopped: 0.0003351 seconds, Stopping threads took: 0.0001787 seconds
[2022-06-13T02:06:10.082+0000][1][safepoint    ] Application time: 0.0001033 seconds
[2022-06-13T02:06:10.083+0000][1][safepoint    ] Entering safepoint region: RevokeBias
[2022-06-13T02:06:10.083+0000][1][safepoint    ] Leaving safepoint region
[2022-06-13T02:06:10.083+0000][1][safepoint    ] Total time for which application threads were stopped: 0.0003205 seconds, Stopping threads took: 0.0001518 seconds
[2022-06-13T02:06:10.083+0000][1][safepoint    ] Application time: 0.0000806 seconds
[2022-06-13T02:06:10.083+0000][1][safepoint    ] Entering safepoint region: RevokeBias
[2022-06-13T02:06:10.083+0000][1][safepoint    ] Leaving safepoint region
[2022-06-13T02:06:10.083+0000][1][safepoint    ] Total time for which application threads were stopped: 0.0002670 seconds, Stopping threads took: 0.0001369 seconds
[2022-06-13T02:06:10.084+0000][1][safepoint    ] Application time: 0.0000990 seconds
[2022-06-13T02:06:10.084+0000][1][safepoint    ] Entering safepoint region: RevokeBias
[2022-06-13T02:06:10.084+0000][1][safepoint    ] Leaving safepoint region
[2022-06-13T02:06:10.084+0000][1][safepoint    ] Total time for which application threads were stopped: 0.0002886 seconds, Stopping threads took: 0.0001594 seconds
[2022-06-13T02:06:10.084+0000][1][safepoint    ] Application time: 0.0000710 seconds
[2022-06-13T02:06:10.084+0000][1][safepoint    ] Entering safepoint region: RevokeBias
[2022-06-13T02:06:10.085+0000][1][safepoint    ] Leaving safepoint region
[2022-06-13T02:06:10.085+0000][1][safepoint    ] Total time for which application threads were stopped: 0.0002540 seconds, Stopping threads took: 0.0001159 seconds
[2022-06-13T02:06:10.085+0000][1][safepoint    ] Application time: 0.0002904 seconds
[2022-06-13T02:06:10.085+0000][1][safepoint    ] Entering safepoint region: RevokeBias
[2022-06-13T02:06:10.085+0000][1][safepoint    ] Leaving safepoint region
[2022-06-13T02:06:10.085+0000][1][safepoint    ] Total time for which application threads were stopped: 0.0002571 seconds, Stopping threads took: 0.0001382 seconds
[2022-06-13T02:06:10.086+0000][1][safepoint    ] Application time: 0.0000785 seconds
[2022-06-13T02:06:10.086+0000][1][safepoint    ] Entering safepoint region: RevokeBias
[2022-06-13T02:06:10.086+0000][1][safepoint    ] Leaving safepoint region
[2022-06-13T02:06:10.086+0000][1][safepoint    ] Total time for which application threads were stopped: 0.0003177 seconds, Stopping threads took: 0.0001446 seconds
[2022-06-13T02:06:10.086+0000][1][safepoint    ] Application time: 0.0001114 seconds
[2022-06-13T02:06:10.086+0000][1][safepoint    ] Entering safepoint region: RevokeBias
[2022-06-13T02:06:10.087+0000][1][safepoint    ] Leaving safepoint region
[2022-06-13T02:06:10.087+0000][1][safepoint    ] Total time for which application threads were stopped: 0.0003120 seconds, Stopping threads took: 0.0001471 seconds
[2022-06-13T02:06:10.087+0000][1][safepoint    ] Application time: 0.0000868 seconds
[2022-06-13T02:06:10.087+0000][1][safepoint    ] Entering safepoint region: RevokeBias
[2022-06-13T02:06:10.087+0000][1][safepoint    ] Leaving safepoint region
[2022-06-13T02:06:10.088+0000][1][safepoint    ] Total time for which application threads were stopped: 0.0003767 seconds, Stopping threads took: 0.0001954 seconds
[2022-06-13T02:06:10.088+0000][1][safepoint    ] Application time: 0.0000969 seconds
[2022-06-13T02:06:10.088+0000][1][safepoint    ] Entering safepoint region: RevokeBias
[2022-06-13T02:06:10.088+0000][1][safepoint    ] Leaving safepoint region
[2022-06-13T02:06:10.088+0000][1][safepoint    ] Total time for which application threads were stopped: 0.0003455 seconds, Stopping threads took: 0.0001955 seconds
[2022-06-13T02:06:10.089+0000][1][safepoint    ] Application time: 0.0000764 seconds
[2022-06-13T02:06:10.089+0000][1][safepoint    ] Entering safepoint region: RevokeBias
[2022-06-13T02:06:10.089+0000][1][safepoint    ] Leaving safepoint region
[2022-06-13T02:06:10.089+0000][1][safepoint    ] Total time for which application threads were stopped: 0.0003149 seconds, Stopping threads took: 0.0001622 seconds
[2022-06-13T02:06:10.089+0000][1][safepoint    ] Application time: 0.0000536 seconds
[2022-06-13T02:06:10.090+0000][1][safepoint    ] Entering safepoint region: RevokeBias
[2022-06-13T02:06:10.090+0000][1][safepoint    ] Leaving safepoint region
[2022-06-13T02:06:10.090+0000][1][safepoint    ] Total time for which application threads were stopped: 0.0004962 seconds, Stopping threads took: 0.0003145 seconds
[2022-06-13T02:06:10.090+0000][1][safepoint    ] Application time: 0.0000489 seconds
[2022-06-13T02:06:10.090+0000][1][safepoint    ] Entering safepoint region: RevokeBias
[2022-06-13T02:06:10.091+0000][1][safepoint    ] Leaving safepoint region
[2022-06-13T02:06:10.091+0000][1][safepoint    ] Total time for which application threads were stopped: 0.0004195 seconds, Stopping threads took: 0.0002242 seconds
[2022-06-13T02:06:10.091+0000][1][safepoint    ] Application time: 0.0000539 seconds
[2022-06-13T02:06:10.091+0000][1][safepoint    ] Entering safepoint region: RevokeBias
[2022-06-13T02:06:10.091+0000][1][safepoint    ] Leaving safepoint region
[2022-06-13T02:06:10.092+0000][1][safepoint    ] Total time for which application threads were stopped: 0.0004086 seconds, Stopping threads took: 0.0002188 seconds
[2022-06-13T02:06:10.092+0000][1][safepoint    ] Application time: 0.0000349 seconds
[2022-06-13T02:06:10.092+0000][1][safepoint    ] Entering safepoint region: RevokeBias
[2022-06-13T02:06:10.092+0000][1][safepoint    ] Leaving safepoint region
[2022-06-13T02:06:10.092+0000][1][safepoint    ] Total time for which application threads were stopped: 0.0003195 seconds, Stopping threads took: 0.0001587 seconds
[2022-06-13T02:06:10.092+0000][1][safepoint    ] Application time: 0.0000808 seconds
[2022-06-13T02:06:10.093+0000][1][safepoint    ] Entering safepoint region: RevokeBias
[2022-06-13T02:06:10.093+0000][1][safepoint    ] Leaving safepoint region
[2022-06-13T02:06:10.093+0000][1][safepoint    ] Total time for which application threads were stopped: 0.0003663 seconds, Stopping threads took: 0.0001515 seconds
[2022-06-13T02:06:10.093+0000][1][safepoint    ] Application time: 0.0000898 seconds
[2022-06-13T02:06:10.093+0000][1][safepoint    ] Entering safepoint region: RevokeBias
[2022-06-13T02:06:10.093+0000][1][safepoint    ] Leaving safepoint region
[2022-06-13T02:06:10.094+0000][1][safepoint    ] Total time for which application threads were stopped: 0.0002668 seconds, Stopping threads took: 0.0001287 seconds
[2022-06-13T02:06:10.094+0000][1][safepoint    ] Application time: 0.0000798 seconds
[2022-06-13T02:06:10.094+0000][1][safepoint    ] Entering safepoint region: RevokeBias
[2022-06-13T02:06:10.094+0000][1][safepoint    ] Leaving safepoint region
[2022-06-13T02:06:10.094+0000][1][safepoint    ] Total time for which application threads were stopped: 0.0002926 seconds, Stopping threads took: 0.0001424 seconds
[2022-06-13T02:06:10.094+0000][1][safepoint    ] Application time: 0.0000805 seconds
[2022-06-13T02:06:10.095+0000][1][safepoint    ] Entering safepoint region: RevokeBias
[2022-06-13T02:06:10.095+0000][1][safepoint    ] Leaving safepoint region
[2022-06-13T02:06:10.095+0000][1][safepoint    ] Total time for which application threads were stopped: 0.0003573 seconds, Stopping threads took: 0.0002114 seconds
[2022-06-13T02:06:10.111+0000][1][safepoint    ] Application time: 0.0159122 seconds
[2022-06-13T02:06:10.111+0000][1][safepoint    ] Entering safepoint region: RevokeBias
[2022-06-13T02:06:10.112+0000][1][safepoint    ] Leaving safepoint region
[2022-06-13T02:06:10.112+0000][1][safepoint    ] Total time for which application threads were stopped: 0.0004711 seconds, Stopping threads took: 0.0002080 seconds
[2022-06-13T02:06:10.298+0000][1][safepoint    ] Application time: 0.1857772 seconds
[2022-06-13T02:06:10.298+0000][1][safepoint    ] Entering safepoint region: Deoptimize
[2022-06-13T02:06:10.299+0000][1][safepoint    ] Leaving safepoint region
[2022-06-13T02:06:10.299+0000][1][safepoint    ] Total time for which application threads were stopped: 0.0008074 seconds, Stopping threads took: 0.0002021 seconds
[2022-06-13T02:06:10.423+0000][1][safepoint    ] Application time: 0.1234963 seconds
[2022-06-13T02:06:10.423+0000][1][safepoint    ] Entering safepoint region: RevokeBias
[2022-06-13T02:06:10.423+0000][1][safepoint    ] Leaving safepoint region
[2022-06-13T02:06:10.423+0000][1][safepoint    ] Total time for which application threads were stopped: 0.0003862 seconds, Stopping threads took: 0.0001263 seconds
[2022-06-13T02:06:10.504+0000][1][safepoint    ] Application time: 0.0810043 seconds
[2022-06-13T02:06:10.505+0000][1][safepoint    ] Entering safepoint region: RevokeBias
[2022-06-13T02:06:10.505+0000][1][safepoint    ] Leaving safepoint region
[2022-06-13T02:06:10.505+0000][1][safepoint    ] Total time for which application threads were stopped: 0.0005100 seconds, Stopping threads took: 0.0002849 seconds
[2022-06-13T02:06:10.514+0000][1][safepoint    ] Application time: 0.0084788 seconds
[2022-06-13T02:06:10.514+0000][1][safepoint    ] Entering safepoint region: RevokeBias
[2022-06-13T02:06:10.515+0000][1][safepoint    ] Leaving safepoint region
[2022-06-13T02:06:10.515+0000][1][safepoint    ] Total time for which application threads were stopped: 0.0004766 seconds, Stopping threads took: 0.0002077 seconds
[2022-06-13T02:06:10.532+0000][1][safepoint    ] Application time: 0.0175799 seconds
[2022-06-13T02:06:10.533+0000][1][safepoint    ] Entering safepoint region: GenCollectForAllocation
[2022-06-13T02:06:10.533+0000][1][gc,start     ] GC(1) Pause Young (Allocation Failure)
[2022-06-13T02:06:10.533+0000][1][gc,task      ] GC(1) Using 5 workers of 13 for evacuation
[2022-06-13T02:06:10.547+0000][1][gc,age       ] GC(1) Desired survivor size 4456448 bytes, new threshold 6 (max threshold 6)
[2022-06-13T02:06:10.548+0000][1][gc,age       ] GC(1) Age table with threshold 6 (max threshold 6)
[2022-06-13T02:06:10.548+0000][1][gc,age       ] GC(1) - age   1:    1956648 bytes,    1956648 total
[2022-06-13T02:06:10.548+0000][1][gc,heap      ] GC(1) ParNew: 77996K->5360K(78656K)
[2022-06-13T02:06:10.548+0000][1][gc,heap      ] GC(1) CMS: 0K->6711K(174784K)
[2022-06-13T02:06:10.548+0000][1][gc,metaspace ] GC(1) Metaspace: 14990K->14990K(1062912K)
[2022-06-13T02:06:10.548+0000][1][gc           ] GC(1) Pause Young (Allocation Failure) 76M->11M(247M) 15.250ms
[2022-06-13T02:06:10.548+0000][1][gc,cpu       ] GC(1) User=0.07s Sys=0.00s Real=0.01s
[2022-06-13T02:06:10.549+0000][1][safepoint    ] Leaving safepoint region
[2022-06-13T02:06:10.549+0000][1][safepoint    ] Total time for which application threads were stopped: 0.0158519 seconds, Stopping threads took: 0.0002164 seconds
[2022-06-13T02:06:10.549+0000][1][safepoint    ] Application time: 0.0002211 seconds
[2022-06-13T02:06:10.549+0000][1][safepoint    ] Entering safepoint region: RevokeBias
[2022-06-13T02:06:10.550+0000][1][safepoint    ] Leaving safepoint region
[2022-06-13T02:06:10.550+0000][1][safepoint    ] Total time for which application threads were stopped: 0.0004847 seconds, Stopping threads took: 0.0002637 seconds
[2022-06-13T02:06:10.550+0000][1][safepoint    ] Application time: 0.0000865 seconds
[2022-06-13T02:06:10.550+0000][1][safepoint    ] Entering safepoint region: RevokeBias
[2022-06-13T02:06:10.550+0000][1][safepoint    ] Leaving safepoint region
[2022-06-13T02:06:10.550+0000][1][safepoint    ] Total time for which application threads were stopped: 0.0003214 seconds, Stopping threads took: 0.0001680 seconds
[2022-06-13T02:06:10.551+0000][1][safepoint    ] Application time: 0.0000894 seconds
[2022-06-13T02:06:10.551+0000][1][safepoint    ] Entering safepoint region: RevokeBias
[2022-06-13T02:06:10.551+0000][1][safepoint    ] Leaving safepoint region
[2022-06-13T02:06:10.551+0000][1][safepoint    ] Total time for which application threads were stopped: 0.0003861 seconds, Stopping threads took: 0.0001613 seconds
[2022-06-13T02:06:10.551+0000][1][safepoint    ] Application time: 0.0000385 seconds
[2022-06-13T02:06:10.551+0000][1][safepoint    ] Entering safepoint region: RevokeBias
[2022-06-13T02:06:10.552+0000][1][safepoint    ] Leaving safepoint region
[2022-06-13T02:06:10.552+0000][1][safepoint    ] Total time for which application threads were stopped: 0.0003279 seconds, Stopping threads took: 0.0001346 seconds
[2022-06-13T02:06:10.552+0000][1][safepoint    ] Application time: 0.0001002 seconds
[2022-06-13T02:06:10.552+0000][1][safepoint    ] Entering safepoint region: RevokeBias
[2022-06-13T02:06:10.552+0000][1][safepoint    ] Leaving safepoint region
[2022-06-13T02:06:10.552+0000][1][safepoint    ] Total time for which application threads were stopped: 0.0002701 seconds, Stopping threads took: 0.0001306 seconds
[2022-06-13T02:06:10.553+0000][1][safepoint    ] Application time: 0.0000915 seconds
[2022-06-13T02:06:10.553+0000][1][safepoint    ] Entering safepoint region: RevokeBias
[2022-06-13T02:06:10.553+0000][1][safepoint    ] Leaving safepoint region
[2022-06-13T02:06:10.553+0000][1][safepoint    ] Total time for which application threads were stopped: 0.0003542 seconds, Stopping threads took: 0.0001401 seconds
[2022-06-13T02:06:10.553+0000][1][safepoint    ] Application time: 0.0000633 seconds
[2022-06-13T02:06:10.554+0000][1][safepoint    ] Entering safepoint region: RevokeBias
[2022-06-13T02:06:10.554+0000][1][safepoint    ] Leaving safepoint region
[2022-06-13T02:06:10.554+0000][1][safepoint    ] Total time for which application threads were stopped: 0.0003162 seconds, Stopping threads took: 0.0001568 seconds
[2022-06-13T02:06:10.554+0000][1][safepoint    ] Application time: 0.0000409 seconds
[2022-06-13T02:06:10.554+0000][1][safepoint    ] Entering safepoint region: RevokeBias
[2022-06-13T02:06:10.554+0000][1][safepoint    ] Leaving safepoint region
[2022-06-13T02:06:10.554+0000][1][safepoint    ] Total time for which application threads were stopped: 0.0002848 seconds, Stopping threads took: 0.0001371 seconds
[2022-06-13T02:06:10.555+0000][1][safepoint    ] Application time: 0.0000760 seconds
[2022-06-13T02:06:10.555+0000][1][safepoint    ] Entering safepoint region: RevokeBias
[2022-06-13T02:06:10.555+0000][1][safepoint    ] Leaving safepoint region
[2022-06-13T02:06:10.555+0000][1][safepoint    ] Total time for which application threads were stopped: 0.0003479 seconds, Stopping threads took: 0.0001908 seconds
[2022-06-13T02:06:10.555+0000][1][safepoint    ] Application time: 0.0001036 seconds
[2022-06-13T02:06:10.555+0000][1][safepoint    ] Entering safepoint region: RevokeBias
[2022-06-13T02:06:10.556+0000][1][safepoint    ] Leaving safepoint region
[2022-06-13T02:06:10.556+0000][1][safepoint    ] Total time for which application threads were stopped: 0.0003020 seconds, Stopping threads took: 0.0001628 seconds
[2022-06-13T02:06:10.556+0000][1][safepoint    ] Application time: 0.0001090 seconds
[2022-06-13T02:06:10.556+0000][1][safepoint    ] Entering safepoint region: BulkRevokeBias
[2022-06-13T02:06:10.556+0000][1][safepoint    ] Leaving safepoint region
[2022-06-13T02:06:10.556+0000][1][safepoint    ] Total time for which application threads were stopped: 0.0003849 seconds, Stopping threads took: 0.0001611 seconds
[2022-06-13T02:06:10.557+0000][1][safepoint    ] Application time: 0.0000883 seconds
[2022-06-13T02:06:10.557+0000][1][safepoint    ] Entering safepoint region: RevokeBias
[2022-06-13T02:06:10.557+0000][1][safepoint    ] Leaving safepoint region
[2022-06-13T02:06:10.557+0000][1][safepoint    ] Total time for which application threads were stopped: 0.0003470 seconds, Stopping threads took: 0.0001571 seconds
[2022-06-13T02:06:10.557+0000][1][safepoint    ] Application time: 0.0001102 seconds
[2022-06-13T02:06:10.558+0000][1][safepoint    ] Entering safepoint region: BulkRevokeBias
[2022-06-13T02:06:10.558+0000][1][safepoint    ] Leaving safepoint region
[2022-06-13T02:06:10.558+0000][1][safepoint    ] Total time for which application threads were stopped: 0.0003917 seconds, Stopping threads took: 0.0001774 seconds
[2022-06-13T02:06:10.662+0000][1][safepoint    ] Application time: 0.1035341 seconds
[2022-06-13T02:06:10.666+0000][1][safepoint    ] Entering safepoint region: GenCollectForAllocation
[2022-06-13T02:06:10.667+0000][1][gc,start     ] GC(2) Pause Young (Allocation Failure)
[2022-06-13T02:06:10.667+0000][1][gc,task      ] GC(2) Using 5 workers of 13 for evacuation
[2022-06-13T02:06:10.672+0000][1][gc,age       ] GC(2) Desired survivor size 4456448 bytes, new threshold 6 (max threshold 6)
[2022-06-13T02:06:10.673+0000][1][gc,age       ] GC(2) Age table with threshold 6 (max threshold 6)
[2022-06-13T02:06:10.673+0000][1][gc,age       ] GC(2) - age   1:    2603776 bytes,    2603776 total
[2022-06-13T02:06:10.673+0000][1][gc,age       ] GC(2) - age   2:    1178680 bytes,    3782456 total
[2022-06-13T02:06:10.673+0000][1][gc,heap      ] GC(2) ParNew: 75312K->4362K(78656K)
[2022-06-13T02:06:10.674+0000][1][gc,heap      ] GC(2) CMS: 6711K->6711K(174784K)
[2022-06-13T02:06:10.674+0000][1][gc,metaspace ] GC(2) Metaspace: 15124K->15124K(1062912K)
[2022-06-13T02:06:10.674+0000][1][gc           ] GC(2) Pause Young (Allocation Failure) 80M->10M(247M) 6.919ms
[2022-06-13T02:06:10.674+0000][1][gc,cpu       ] GC(2) User=0.03s Sys=0.00s Real=0.01s
[2022-06-13T02:06:10.674+0000][1][safepoint    ] Leaving safepoint region
[2022-06-13T02:06:10.675+0000][1][safepoint    ] Total time for which application threads were stopped: 0.0127270 seconds, Stopping threads took: 0.0049996 seconds
[2022-06-13T02:06:10.675+0000][1][safepoint    ] Application time: 0.0003955 seconds
[2022-06-13T02:06:10.675+0000][1][safepoint    ] Entering safepoint region: RevokeBias
[2022-06-13T02:06:10.676+0000][1][safepoint    ] Leaving safepoint region
[2022-06-13T02:06:10.676+0000][1][safepoint    ] Total time for which application threads were stopped: 0.0004682 seconds, Stopping threads took: 0.0002245 seconds
[2022-06-13T02:06:10.676+0000][1][safepoint    ] Application time: 0.0000913 seconds
[2022-06-13T02:06:10.676+0000][1][safepoint    ] Entering safepoint region: RevokeBias
[2022-06-13T02:06:10.676+0000][1][safepoint    ] Leaving safepoint region
[2022-06-13T02:06:10.677+0000][1][safepoint    ] Total time for which application threads were stopped: 0.0004283 seconds, Stopping threads took: 0.0002105 seconds
[2022-06-13T02:06:10.677+0000][1][safepoint    ] Application time: 0.0001066 seconds
[2022-06-13T02:06:10.677+0000][1][safepoint    ] Entering safepoint region: RevokeBias
[2022-06-13T02:06:10.677+0000][1][safepoint    ] Leaving safepoint region
[2022-06-13T02:06:10.677+0000][1][safepoint    ] Total time for which application threads were stopped: 0.0004086 seconds, Stopping threads took: 0.0001916 seconds
[2022-06-13T02:06:10.678+0000][1][safepoint    ] Application time: 0.0001113 seconds
[2022-06-13T02:06:10.678+0000][1][safepoint    ] Entering safepoint region: RevokeBias
[2022-06-13T02:06:10.678+0000][1][safepoint    ] Leaving safepoint region
[2022-06-13T02:06:10.678+0000][1][safepoint    ] Total time for which application threads were stopped: 0.0003194 seconds, Stopping threads took: 0.0001580 seconds
[2022-06-13T02:06:10.678+0000][1][safepoint    ] Application time: 0.0000430 seconds
[2022-06-13T02:06:10.678+0000][1][safepoint    ] Entering safepoint region: RevokeBias
[2022-06-13T02:06:10.679+0000][1][safepoint    ] Leaving safepoint region
[2022-06-13T02:06:10.679+0000][1][safepoint    ] Total time for which application threads were stopped: 0.0003540 seconds, Stopping threads took: 0.0001562 seconds
[2022-06-13T02:06:10.679+0000][1][safepoint    ] Application time: 0.0000484 seconds
[2022-06-13T02:06:10.679+0000][1][safepoint    ] Entering safepoint region: RevokeBias
[2022-06-13T02:06:10.679+0000][1][safepoint    ] Leaving safepoint region
[2022-06-13T02:06:10.679+0000][1][safepoint    ] Total time for which application threads were stopped: 0.0003517 seconds, Stopping threads took: 0.0001711 seconds
[2022-06-13T02:06:10.800+0000][1][safepoint    ] Application time: 0.1195135 seconds
[2022-06-13T02:06:10.800+0000][1][safepoint    ] Entering safepoint region: Deoptimize
[2022-06-13T02:06:10.800+0000][1][safepoint    ] Leaving safepoint region
[2022-06-13T02:06:10.801+0000][1][safepoint    ] Total time for which application threads were stopped: 0.0008869 seconds, Stopping threads took: 0.0002136 seconds
[2022-06-13T02:06:10.801+0000][1][safepoint    ] Application time: 0.0005192 seconds
[2022-06-13T02:06:10.801+0000][1][safepoint    ] Entering safepoint region: Deoptimize
[2022-06-13T02:06:10.802+0000][1][safepoint    ] Leaving safepoint region
[2022-06-13T02:06:10.802+0000][1][safepoint    ] Total time for which application threads were stopped: 0.0007605 seconds, Stopping threads took: 0.0001727 seconds
[2022-06-13T02:06:10.999+0000][1][safepoint    ] Application time: 0.1968161 seconds
[2022-06-13T02:06:10.999+0000][1][safepoint    ] Entering safepoint region: GenCollectForAllocation
[2022-06-13T02:06:11.000+0000][1][gc,start     ] GC(3) Pause Young (Allocation Failure)
[2022-06-13T02:06:11.000+0000][1][gc,task      ] GC(3) Using 5 workers of 13 for evacuation
[2022-06-13T02:06:11.010+0000][1][gc,age       ] GC(3) Desired survivor size 4456448 bytes, new threshold 3 (max threshold 6)
[2022-06-13T02:06:11.010+0000][1][gc,age       ] GC(3) Age table with threshold 3 (max threshold 6)
[2022-06-13T02:06:11.010+0000][1][gc,age       ] GC(3) - age   1:    3207368 bytes,    3207368 total
[2022-06-13T02:06:11.010+0000][1][gc,age       ] GC(3) - age   2:     318568 bytes,    3525936 total
[2022-06-13T02:06:11.010+0000][1][gc,age       ] GC(3) - age   3:    1175768 bytes,    4701704 total
[2022-06-13T02:06:11.011+0000][1][gc,heap      ] GC(3) ParNew: 74314K->5338K(78656K)
[2022-06-13T02:06:11.011+0000][1][gc,heap      ] GC(3) CMS: 6711K->6711K(174784K)
[2022-06-13T02:06:11.011+0000][1][gc,metaspace ] GC(3) Metaspace: 18323K->18323K(1067008K)
[2022-06-13T02:06:11.011+0000][1][gc           ] GC(3) Pause Young (Allocation Failure) 79M->11M(247M) 11.278ms
[2022-06-13T02:06:11.011+0000][1][gc,cpu       ] GC(3) User=0.02s Sys=0.01s Real=0.01s
[2022-06-13T02:06:11.011+0000][1][safepoint    ] Leaving safepoint region
[2022-06-13T02:06:11.011+0000][1][safepoint    ] Total time for which application threads were stopped: 0.0120009 seconds, Stopping threads took: 0.0001597 seconds
[2022-06-13T02:06:11.012+0000][1][safepoint    ] Application time: 0.0002590 seconds
[2022-06-13T02:06:11.012+0000][1][safepoint    ] Entering safepoint region: BulkRevokeBias
[2022-06-13T02:06:11.012+0000][1][safepoint    ] Leaving safepoint region
[2022-06-13T02:06:11.013+0000][1][safepoint    ] Total time for which application threads were stopped: 0.0006015 seconds, Stopping threads took: 0.0003525 seconds
[2022-06-13T02:06:11.013+0000][1][safepoint    ] Application time: 0.0000510 seconds
[2022-06-13T02:06:11.013+0000][1][safepoint    ] Entering safepoint region: RevokeBias
[2022-06-13T02:06:11.013+0000][1][safepoint    ] Leaving safepoint region
[2022-06-13T02:06:11.013+0000][1][safepoint    ] Total time for which application threads were stopped: 0.0003371 seconds, Stopping threads took: 0.0001443 seconds
[2022-06-13T02:06:11.013+0000][1][safepoint    ] Application time: 0.0000737 seconds
[2022-06-13T02:06:11.014+0000][1][safepoint    ] Entering safepoint region: RevokeBias
[2022-06-13T02:06:11.014+0000][1][safepoint    ] Leaving safepoint region
[2022-06-13T02:06:11.014+0000][1][safepoint    ] Total time for which application threads were stopped: 0.0003522 seconds, Stopping threads took: 0.0001467 seconds
[2022-06-13T02:06:11.014+0000][1][safepoint    ] Application time: 0.0000535 seconds
[2022-06-13T02:06:11.014+0000][1][safepoint    ] Entering safepoint region: RevokeBias
[2022-06-13T02:06:11.014+0000][1][safepoint    ] Leaving safepoint region
[2022-06-13T02:06:11.015+0000][1][safepoint    ] Total time for which application threads were stopped: 0.0003328 seconds, Stopping threads took: 0.0001281 seconds
[2022-06-13T02:06:11.015+0000][1][safepoint    ] Application time: 0.0006021 seconds
[2022-06-13T02:06:11.016+0000][1][safepoint    ] Entering safepoint region: RevokeBias
[2022-06-13T02:06:11.016+0000][1][safepoint    ] Leaving safepoint region
[2022-06-13T02:06:11.016+0000][1][safepoint    ] Total time for which application threads were stopped: 0.0003966 seconds, Stopping threads took: 0.0002134 seconds
[2022-06-13T02:06:11.016+0000][1][safepoint    ] Application time: 0.0000461 seconds
[2022-06-13T02:06:11.016+0000][1][safepoint    ] Entering safepoint region: RevokeBias
[2022-06-13T02:06:11.016+0000][1][safepoint    ] Leaving safepoint region
[2022-06-13T02:06:11.017+0000][1][safepoint    ] Total time for which application threads were stopped: 0.0003516 seconds, Stopping threads took: 0.0001665 seconds
[2022-06-13T02:06:11.017+0000][1][safepoint    ] Application time: 0.0000519 seconds
[2022-06-13T02:06:11.017+0000][1][safepoint    ] Entering safepoint region: RevokeBias
[2022-06-13T02:06:11.017+0000][1][safepoint    ] Leaving safepoint region
[2022-06-13T02:06:11.017+0000][1][safepoint    ] Total time for which application threads were stopped: 0.0003509 seconds, Stopping threads took: 0.0001375 seconds
[2022-06-13T02:06:11.017+0000][1][safepoint    ] Application time: 0.0000514 seconds
[2022-06-13T02:06:11.017+0000][1][safepoint    ] Entering safepoint region: RevokeBias
[2022-06-13T02:06:11.018+0000][1][safepoint    ] Leaving safepoint region
[2022-06-13T02:06:11.018+0000][1][safepoint    ] Total time for which application threads were stopped: 0.0003274 seconds, Stopping threads took: 0.0001402 seconds
[2022-06-13T02:06:11.018+0000][1][safepoint    ] Application time: 0.0000407 seconds
[2022-06-13T02:06:11.018+0000][1][safepoint    ] Entering safepoint region: RevokeBias
[2022-06-13T02:06:11.018+0000][1][safepoint    ] Leaving safepoint region
[2022-06-13T02:06:11.018+0000][1][safepoint    ] Total time for which application threads were stopped: 0.0003920 seconds, Stopping threads took: 0.0002230 seconds
[2022-06-13T02:06:11.019+0000][1][safepoint    ] Application time: 0.0000608 seconds
[2022-06-13T02:06:11.019+0000][1][safepoint    ] Entering safepoint region: RevokeBias
[2022-06-13T02:06:11.019+0000][1][safepoint    ] Leaving safepoint region
[2022-06-13T02:06:11.019+0000][1][safepoint    ] Total time for which application threads were stopped: 0.0003865 seconds, Stopping threads took: 0.0001784 seconds
[2022-06-13T02:06:11.019+0000][1][safepoint    ] Application time: 0.0000810 seconds
[2022-06-13T02:06:11.020+0000][1][safepoint    ] Entering safepoint region: RevokeBias
[2022-06-13T02:06:11.020+0000][1][safepoint    ] Leaving safepoint region
[2022-06-13T02:06:11.020+0000][1][safepoint    ] Total time for which application threads were stopped: 0.0005476 seconds, Stopping threads took: 0.0002113 seconds
[2022-06-13T02:06:11.020+0000][1][safepoint    ] Application time: 0.0000530 seconds
[2022-06-13T02:06:11.021+0000][1][safepoint    ] Entering safepoint region: RevokeBias
[2022-06-13T02:06:11.021+0000][1][safepoint    ] Leaving safepoint region
[2022-06-13T02:06:11.022+0000][1][safepoint    ] Total time for which application threads were stopped: 0.0010061 seconds, Stopping threads took: 0.0002385 seconds
[2022-06-13T02:06:11.022+0000][1][safepoint    ] Application time: 0.0000573 seconds
[2022-06-13T02:06:11.023+0000][1][safepoint    ] Entering safepoint region: RevokeBias
[2022-06-13T02:06:11.028+0000][1][safepoint    ] Leaving safepoint region
[2022-06-13T02:06:11.029+0000][1][safepoint    ] Total time for which application threads were stopped: 0.0064067 seconds, Stopping threads took: 0.0049077 seconds
[2022-06-13T02:06:11.030+0000][1][safepoint    ] Application time: 0.0005691 seconds
[2022-06-13T02:06:11.031+0000][1][safepoint    ] Entering safepoint region: RevokeBias
[2022-06-13T02:06:11.031+0000][1][safepoint    ] Leaving safepoint region
[2022-06-13T02:06:11.031+0000][1][safepoint    ] Total time for which application threads were stopped: 0.0005093 seconds, Stopping threads took: 0.0002679 seconds
[2022-06-13T02:06:11.031+0000][1][safepoint    ] Application time: 0.0000589 seconds
[2022-06-13T02:06:11.031+0000][1][safepoint    ] Entering safepoint region: RevokeBias
[2022-06-13T02:06:11.032+0000][1][safepoint    ] Leaving safepoint region
[2022-06-13T02:06:11.032+0000][1][safepoint    ] Total time for which application threads were stopped: 0.0003583 seconds, Stopping threads took: 0.0001370 seconds
[2022-06-13T02:06:11.032+0000][1][safepoint    ] Application time: 0.0001126 seconds
[2022-06-13T02:06:11.032+0000][1][safepoint    ] Entering safepoint region: RevokeBias
[2022-06-13T02:06:11.032+0000][1][safepoint    ] Leaving safepoint region
[2022-06-13T02:06:11.032+0000][1][safepoint    ] Total time for which application threads were stopped: 0.0003027 seconds, Stopping threads took: 0.0001385 seconds
[2022-06-13T02:06:11.033+0000][1][safepoint    ] Application time: 0.0001176 seconds
[2022-06-13T02:06:11.033+0000][1][safepoint    ] Entering safepoint region: RevokeBias
[2022-06-13T02:06:11.033+0000][1][safepoint    ] Leaving safepoint region
[2022-06-13T02:06:11.033+0000][1][safepoint    ] Total time for which application threads were stopped: 0.0003270 seconds, Stopping threads took: 0.0001367 seconds
[2022-06-13T02:06:11.033+0000][1][safepoint    ] Application time: 0.0000929 seconds
[2022-06-13T02:06:11.034+0000][1][safepoint    ] Entering safepoint region: RevokeBias
[2022-06-13T02:06:11.034+0000][1][safepoint    ] Leaving safepoint region
[2022-06-13T02:06:11.034+0000][1][safepoint    ] Total time for which application threads were stopped: 0.0006759 seconds, Stopping threads took: 0.0004951 seconds
[2022-06-13T02:06:11.034+0000][1][safepoint    ] Application time: 0.0001521 seconds
[2022-06-13T02:06:11.035+0000][1][safepoint    ] Entering safepoint region: RevokeBias
[2022-06-13T02:06:11.035+0000][1][safepoint    ] Leaving safepoint region
[2022-06-13T02:06:11.035+0000][1][safepoint    ] Total time for which application threads were stopped: 0.0006603 seconds, Stopping threads took: 0.0002328 seconds
[2022-06-13T02:06:11.039+0000][1][safepoint    ] Application time: 0.0037191 seconds
[2022-06-13T02:06:11.039+0000][1][safepoint    ] Entering safepoint region: RevokeBias
[2022-06-13T02:06:11.040+0000][1][safepoint    ] Leaving safepoint region
[2022-06-13T02:06:11.040+0000][1][safepoint    ] Total time for which application threads were stopped: 0.0004316 seconds, Stopping threads took: 0.0001898 seconds
[2022-06-13T02:06:11.040+0000][1][safepoint    ] Application time: 0.0000271 seconds
[2022-06-13T02:06:11.040+0000][1][safepoint    ] Entering safepoint region: RevokeBias
[2022-06-13T02:06:11.040+0000][1][safepoint    ] Leaving safepoint region
[2022-06-13T02:06:11.040+0000][1][safepoint    ] Total time for which application threads were stopped: 0.0003431 seconds, Stopping threads took: 0.0001229 seconds
[2022-06-13T02:06:11.181+0000][1][safepoint    ] Application time: 0.1399299 seconds
[2022-06-13T02:06:11.181+0000][1][safepoint    ] Entering safepoint region: GenCollectForAllocation
[2022-06-13T02:06:11.182+0000][1][gc,start     ] GC(4) Pause Young (Allocation Failure)
[2022-06-13T02:06:11.182+0000][1][gc,task      ] GC(4) Using 5 workers of 13 for evacuation
[2022-06-13T02:06:11.200+0000][1][gc,age       ] GC(4) Desired survivor size 4456448 bytes, new threshold 3 (max threshold 6)
[2022-06-13T02:06:11.201+0000][1][gc,age       ] GC(4) Age table with threshold 3 (max threshold 6)
[2022-06-13T02:06:11.201+0000][1][gc,age       ] GC(4) - age   1:    1039952 bytes,    1039952 total
[2022-06-13T02:06:11.201+0000][1][gc,age       ] GC(4) - age   2:    3172208 bytes,    4212160 total
[2022-06-13T02:06:11.201+0000][1][gc,age       ] GC(4) - age   3:     318040 bytes,    4530200 total
[2022-06-13T02:06:11.201+0000][1][gc,heap      ] GC(4) ParNew: 75290K->6953K(78656K)
[2022-06-13T02:06:11.202+0000][1][gc,heap      ] GC(4) CMS: 6711K->7876K(174784K)
[2022-06-13T02:06:11.202+0000][1][gc,metaspace ] GC(4) Metaspace: 18797K->18797K(1067008K)
[2022-06-13T02:06:11.202+0000][1][gc           ] GC(4) Pause Young (Allocation Failure) 80M->14M(247M) 20.313ms
[2022-06-13T02:06:11.202+0000][1][gc,cpu       ] GC(4) User=0.04s Sys=0.01s Real=0.02s
[2022-06-13T02:06:11.202+0000][1][safepoint    ] Leaving safepoint region
[2022-06-13T02:06:11.202+0000][1][safepoint    ] Total time for which application threads were stopped: 0.0213084 seconds, Stopping threads took: 0.0004114 seconds
[2022-06-13T02:06:11.203+0000][1][safepoint    ] Application time: 0.0002358 seconds
[2022-06-13T02:06:11.203+0000][1][safepoint    ] Entering safepoint region: RevokeBias
[2022-06-13T02:06:11.203+0000][1][safepoint    ] Leaving safepoint region
[2022-06-13T02:06:11.203+0000][1][safepoint    ] Total time for which application threads were stopped: 0.0004037 seconds, Stopping threads took: 0.0001562 seconds
[2022-06-13T02:06:11.204+0000][1][safepoint    ] Application time: 0.0000679 seconds
[2022-06-13T02:06:11.204+0000][1][safepoint    ] Entering safepoint region: RevokeBias
[2022-06-13T02:06:11.205+0000][1][safepoint    ] Leaving safepoint region
[2022-06-13T02:06:11.206+0000][1][safepoint    ] Total time for which application threads were stopped: 0.0022451 seconds, Stopping threads took: 0.0009940 seconds
[2022-06-13T02:06:11.206+0000][1][safepoint    ] Application time: 0.0000740 seconds
[2022-06-13T02:06:11.206+0000][1][safepoint    ] Entering safepoint region: RevokeBias
[2022-06-13T02:06:11.207+0000][1][safepoint    ] Leaving safepoint region
[2022-06-13T02:06:11.207+0000][1][safepoint    ] Total time for which application threads were stopped: 0.0003536 seconds, Stopping threads took: 0.0001581 seconds
[2022-06-13T02:06:11.209+0000][1][safepoint    ] Application time: 0.0000507 seconds
[2022-06-13T02:06:11.210+0000][1][safepoint    ] Entering safepoint region: RevokeBias
[2022-06-13T02:06:11.210+0000][1][safepoint    ] Leaving safepoint region
[2022-06-13T02:06:11.210+0000][1][safepoint    ] Total time for which application threads were stopped: 0.0004960 seconds, Stopping threads took: 0.0002200 seconds
[2022-06-13T02:06:11.244+0000][1][safepoint    ] Application time: 0.0333454 seconds
[2022-06-13T02:06:11.244+0000][1][safepoint    ] Entering safepoint region: Deoptimize
[2022-06-13T02:06:11.245+0000][1][safepoint    ] Leaving safepoint region
[2022-06-13T02:06:11.245+0000][1][safepoint    ] Total time for which application threads were stopped: 0.0015691 seconds, Stopping threads took: 0.0007052 seconds
[2022-06-13T02:06:11.282+0000][1][safepoint    ] Application time: 0.0361009 seconds
[2022-06-13T02:06:11.290+0000][1][safepoint    ] Entering safepoint region: Deoptimize
[2022-06-13T02:06:11.292+0000][1][safepoint    ] Leaving safepoint region
[2022-06-13T02:06:11.293+0000][1][safepoint    ] Total time for which application threads were stopped: 0.0106712 seconds, Stopping threads took: 0.0095497 seconds
[2022-06-13T02:06:11.379+0000][1][safepoint    ] Application time: 0.0860848 seconds
[2022-06-13T02:06:11.380+0000][1][safepoint    ] Entering safepoint region: GenCollectForAllocation
[2022-06-13T02:06:11.380+0000][1][gc,start     ] GC(5) Pause Young (Allocation Failure)
[2022-06-13T02:06:11.380+0000][1][gc,task      ] GC(5) Using 5 workers of 13 for evacuation
[2022-06-13T02:06:11.387+0000][1][gc,age       ] GC(5) Desired survivor size 4456448 bytes, new threshold 3 (max threshold 6)
[2022-06-13T02:06:11.387+0000][1][gc,age       ] GC(5) Age table with threshold 3 (max threshold 6)
[2022-06-13T02:06:11.387+0000][1][gc,age       ] GC(5) - age   1:    2179408 bytes,    2179408 total
[2022-06-13T02:06:11.388+0000][1][gc,age       ] GC(5) - age   2:     577256 bytes,    2756664 total
[2022-06-13T02:06:11.389+0000][1][gc,age       ] GC(5) - age   3:    3168008 bytes,    5924672 total
[2022-06-13T02:06:11.389+0000][1][gc,heap      ] GC(5) ParNew: 76905K->8426K(78656K)
[2022-06-13T02:06:11.389+0000][1][gc,heap      ] GC(5) CMS: 7876K->8191K(174784K)
[2022-06-13T02:06:11.389+0000][1][gc,metaspace ] GC(5) Metaspace: 19099K->19099K(1067008K)
[2022-06-13T02:06:11.389+0000][1][gc           ] GC(5) Pause Young (Allocation Failure) 82M->16M(247M) 9.428ms
[2022-06-13T02:06:11.390+0000][1][gc,cpu       ] GC(5) User=0.03s Sys=0.00s Real=0.01s
[2022-06-13T02:06:11.390+0000][1][safepoint    ] Leaving safepoint region
[2022-06-13T02:06:11.390+0000][1][safepoint    ] Total time for which application threads were stopped: 0.0104550 seconds, Stopping threads took: 0.0003649 seconds
[2022-06-13T02:06:11.395+0000][1][safepoint    ] Application time: 0.0047299 seconds
[2022-06-13T02:06:11.402+0000][1][safepoint    ] Entering safepoint region: RevokeBias
[2022-06-13T02:06:11.403+0000][1][safepoint    ] Leaving safepoint region
[2022-06-13T02:06:11.403+0000][1][safepoint    ] Total time for which application threads were stopped: 0.0073430 seconds, Stopping threads took: 0.0070501 seconds
[2022-06-13T02:06:11.408+0000][1][safepoint    ] Application time: 0.0047826 seconds
[2022-06-13T02:06:11.409+0000][1][safepoint    ] Entering safepoint region: RevokeBias
[2022-06-13T02:06:11.409+0000][1][safepoint    ] Leaving safepoint region
[2022-06-13T02:06:11.410+0000][1][safepoint    ] Total time for which application threads were stopped: 0.0019600 seconds, Stopping threads took: 0.0007760 seconds
[2022-06-13T02:06:11.411+0000][1][safepoint    ] Application time: 0.0000620 seconds
[2022-06-13T02:06:11.411+0000][1][safepoint    ] Entering safepoint region: RevokeBias
[2022-06-13T02:06:11.411+0000][1][safepoint    ] Leaving safepoint region
[2022-06-13T02:06:11.411+0000][1][safepoint    ] Total time for which application threads were stopped: 0.0003669 seconds, Stopping threads took: 0.0001715 seconds
[2022-06-13T02:06:11.411+0000][1][safepoint    ] Application time: 0.0000350 seconds
[2022-06-13T02:06:11.411+0000][1][safepoint    ] Entering safepoint region: RevokeBias
[2022-06-13T02:06:11.412+0000][1][safepoint    ] Leaving safepoint region
[2022-06-13T02:06:11.412+0000][1][safepoint    ] Total time for which application threads were stopped: 0.0007890 seconds, Stopping threads took: 0.0001418 seconds
[2022-06-13T02:06:11.412+0000][1][safepoint    ] Application time: 0.0000585 seconds
[2022-06-13T02:06:11.413+0000][1][safepoint    ] Entering safepoint region: RevokeBias
[2022-06-13T02:06:11.413+0000][1][safepoint    ] Leaving safepoint region
[2022-06-13T02:06:11.413+0000][1][safepoint    ] Total time for which application threads were stopped: 0.0003642 seconds, Stopping threads took: 0.0001285 seconds
[2022-06-13T02:06:11.414+0000][1][safepoint    ] Application time: 0.0000298 seconds
[2022-06-13T02:06:11.414+0000][1][safepoint    ] Entering safepoint region: RevokeBias
[2022-06-13T02:06:11.414+0000][1][safepoint    ] Leaving safepoint region
[2022-06-13T02:06:11.414+0000][1][safepoint    ] Total time for which application threads were stopped: 0.0003087 seconds, Stopping threads took: 0.0001340 seconds
[2022-06-13T02:06:11.549+0000][1][safepoint    ] Application time: 0.1345869 seconds
[2022-06-13T02:06:11.551+0000][1][safepoint    ] Entering safepoint region: GenCollectForAllocation
[2022-06-13T02:06:11.551+0000][1][gc,start     ] GC(6) Pause Young (Allocation Failure)
[2022-06-13T02:06:11.553+0000][1][gc,task      ] GC(6) Using 5 workers of 13 for evacuation
[2022-06-13T02:06:11.569+0000][1][gc,age       ] GC(6) Desired survivor size 4456448 bytes, new threshold 6 (max threshold 6)
[2022-06-13T02:06:11.569+0000][1][gc,age       ] GC(6) Age table with threshold 6 (max threshold 6)
[2022-06-13T02:06:11.569+0000][1][gc,age       ] GC(6) - age   1:    1357392 bytes,    1357392 total
[2022-06-13T02:06:11.569+0000][1][gc,age       ] GC(6) - age   2:    2166088 bytes,    3523480 total
[2022-06-13T02:06:11.569+0000][1][gc,age       ] GC(6) - age   3:     577256 bytes,    4100736 total
[2022-06-13T02:06:11.569+0000][1][gc,heap      ] GC(6) ParNew: 78378K->6338K(78656K)
[2022-06-13T02:06:11.570+0000][1][gc,heap      ] GC(6) CMS: 8191K->11329K(174784K)
[2022-06-13T02:06:11.570+0000][1][gc,metaspace ] GC(6) Metaspace: 19458K->19458K(1067008K)
[2022-06-13T02:06:11.570+0000][1][gc           ] GC(6) Pause Young (Allocation Failure) 84M->17M(247M) 18.882ms
[2022-06-13T02:06:11.570+0000][1][gc,cpu       ] GC(6) User=0.06s Sys=0.00s Real=0.02s
[2022-06-13T02:06:11.570+0000][1][safepoint    ] Leaving safepoint region
[2022-06-13T02:06:11.570+0000][1][safepoint    ] Total time for which application threads were stopped: 0.0196724 seconds, Stopping threads took: 0.0002349 seconds
[2022-06-13T02:06:11.579+0000][1][safepoint    ] Application time: 0.0089965 seconds
[2022-06-13T02:06:11.580+0000][1][safepoint    ] Entering safepoint region: RevokeBias
[2022-06-13T02:06:11.581+0000][1][safepoint    ] Leaving safepoint region
[2022-06-13T02:06:11.581+0000][1][safepoint    ] Total time for which application threads were stopped: 0.0010425 seconds, Stopping threads took: 0.0007177 seconds
[2022-06-13T02:06:11.581+0000][1][safepoint    ] Application time: 0.0000613 seconds
[2022-06-13T02:06:11.581+0000][1][safepoint    ] Entering safepoint region: BulkRevokeBias
[2022-06-13T02:06:11.582+0000][1][safepoint    ] Leaving safepoint region
[2022-06-13T02:06:11.582+0000][1][safepoint    ] Total time for which application threads were stopped: 0.0004735 seconds, Stopping threads took: 0.0002147 seconds
[2022-06-13T02:06:11.586+0000][1][safepoint    ] Application time: 0.0037667 seconds
[2022-06-13T02:06:11.586+0000][1][safepoint    ] Entering safepoint region: BulkRevokeBias
[2022-06-13T02:06:11.587+0000][1][safepoint    ] Leaving safepoint region
[2022-06-13T02:06:11.589+0000][1][safepoint    ] Total time for which application threads were stopped: 0.0023962 seconds, Stopping threads took: 0.0006555 seconds
[2022-06-13T02:06:11.756+0000][1][safepoint    ] Application time: 0.1661204 seconds
[2022-06-13T02:06:11.762+0000][1][safepoint    ] Entering safepoint region: GenCollectForAllocation
[2022-06-13T02:06:11.763+0000][1][gc,start     ] GC(7) Pause Young (Allocation Failure)
[2022-06-13T02:06:11.763+0000][1][gc,task      ] GC(7) Using 5 workers of 13 for evacuation
[2022-06-13T02:06:11.772+0000][1][gc,age       ] GC(7) Desired survivor size 4456448 bytes, new threshold 6 (max threshold 6)
[2022-06-13T02:06:11.772+0000][1][gc,age       ] GC(7) Age table with threshold 6 (max threshold 6)
[2022-06-13T02:06:11.772+0000][1][gc,age       ] GC(7) - age   1:     550024 bytes,     550024 total
[2022-06-13T02:06:11.773+0000][1][gc,age       ] GC(7) - age   2:    1159176 bytes,    1709200 total
[2022-06-13T02:06:11.773+0000][1][gc,age       ] GC(7) - age   3:    2164160 bytes,    3873360 total
[2022-06-13T02:06:11.773+0000][1][gc,age       ] GC(7) - age   4:     577256 bytes,    4450616 total
[2022-06-13T02:06:11.773+0000][1][gc,heap      ] GC(7) ParNew: 76290K->5590K(78656K)
[2022-06-13T02:06:11.773+0000][1][gc,heap      ] GC(7) CMS: 11329K->11329K(174784K)
[2022-06-13T02:06:11.774+0000][1][gc,metaspace ] GC(7) Metaspace: 19788K->19788K(1067008K)
[2022-06-13T02:06:11.774+0000][1][gc           ] GC(7) Pause Young (Allocation Failure) 85M->16M(247M) 11.086ms
[2022-06-13T02:06:11.774+0000][1][gc,cpu       ] GC(7) User=0.04s Sys=0.01s Real=0.01s
[2022-06-13T02:06:11.774+0000][1][safepoint    ] Leaving safepoint region
[2022-06-13T02:06:11.774+0000][1][safepoint    ] Total time for which application threads were stopped: 0.0121745 seconds, Stopping threads took: 0.0004272 seconds
[2022-06-13T02:06:11.809+0000][1][safepoint    ] Application time: 0.0350036 seconds
[2022-06-13T02:06:11.810+0000][1][safepoint    ] Entering safepoint region: CollectForMetadataAllocation
[2022-06-13T02:06:11.810+0000][1][safepoint    ] Leaving safepoint region
[2022-06-13T02:06:11.810+0000][1][safepoint    ] Total time for which application threads were stopped: 0.0006144 seconds, Stopping threads took: 0.0002570 seconds
[2022-06-13T02:06:11.839+0000][1][safepoint    ] Application time: 0.0284525 seconds
[2022-06-13T02:06:11.840+0000][1][safepoint    ] Entering safepoint region: CollectForMetadataAllocation
[2022-06-13T02:06:11.845+0000][1][safepoint    ] Leaving safepoint region
[2022-06-13T02:06:11.845+0000][1][safepoint    ] Total time for which application threads were stopped: 0.0057514 seconds, Stopping threads took: 0.0049322 seconds
[2022-06-13T02:06:11.982+0000][1][safepoint    ] Application time: 0.1357559 seconds
[2022-06-13T02:06:11.982+0000][1][safepoint    ] Entering safepoint region: GenCollectForAllocation
[2022-06-13T02:06:11.982+0000][1][gc,start     ] GC(8) Pause Young (Allocation Failure)
[2022-06-13T02:06:11.983+0000][1][gc,task      ] GC(8) Using 5 workers of 13 for evacuation
[2022-06-13T02:06:11.990+0000][1][gc,age       ] GC(8) Desired survivor size 4456448 bytes, new threshold 5 (max threshold 6)
[2022-06-13T02:06:11.990+0000][1][gc,age       ] GC(8) Age table with threshold 5 (max threshold 6)
[2022-06-13T02:06:11.991+0000][1][gc,age       ] GC(8) - age   1:     499832 bytes,     499832 total
[2022-06-13T02:06:11.991+0000][1][gc,age       ] GC(8) - age   2:     485712 bytes,     985544 total
[2022-06-13T02:06:11.991+0000][1][gc,age       ] GC(8) - age   3:    1159080 bytes,    2144624 total
[2022-06-13T02:06:11.992+0000][1][gc,age       ] GC(8) - age   4:    2163872 bytes,    4308496 total
[2022-06-13T02:06:11.992+0000][1][gc,age       ] GC(8) - age   5:     577256 bytes,    4885752 total
[2022-06-13T02:06:11.992+0000][1][gc,heap      ] GC(8) ParNew: 75542K->6593K(78656K)
[2022-06-13T02:06:11.992+0000][1][gc,heap      ] GC(8) CMS: 11329K->11329K(174784K)
[2022-06-13T02:06:11.993+0000][1][gc,metaspace ] GC(8) Metaspace: 20508K->20508K(1069056K)
[2022-06-13T02:06:11.994+0000][1][gc           ] GC(8) Pause Young (Allocation Failure) 84M->17M(247M) 11.192ms
[2022-06-13T02:06:11.995+0000][1][gc,cpu       ] GC(8) User=0.04s Sys=0.00s Real=0.01s
[2022-06-13T02:06:11.995+0000][1][safepoint    ] Leaving safepoint region
[2022-06-13T02:06:11.996+0000][1][safepoint    ] Total time for which application threads were stopped: 0.0135747 seconds, Stopping threads took: 0.0001733 seconds
[2022-06-13T02:06:11.996+0000][1][safepoint    ] Application time: 0.0005569 seconds
[2022-06-13T02:06:11.997+0000][1][safepoint    ] Entering safepoint region: CMS_Initial_Mark
[2022-06-13T02:06:11.997+0000][1][gc,start     ] GC(9) Pause Initial Mark
[2022-06-13T02:06:11.999+0000][1][gc           ] GC(9) Pause Initial Mark 18M->18M(247M) 1.721ms
[2022-06-13T02:06:12.001+0000][1][gc,cpu       ] GC(9) User=0.00s Sys=0.00s Real=0.01s
[2022-06-13T02:06:12.001+0000][1][safepoint    ] Leaving safepoint region
[2022-06-13T02:06:12.001+0000][1][safepoint    ] Total time for which application threads were stopped: 0.0042213 seconds, Stopping threads took: 0.0002148 seconds
[2022-06-13T02:06:12.001+0000][1][gc           ] GC(9) Concurrent Mark
[2022-06-13T02:06:12.002+0000][1][gc,task      ] GC(9) Using 4 workers of 4 for marking
[2022-06-13T02:06:12.039+0000][1][gc           ] GC(9) Concurrent Mark 37.782ms
[2022-06-13T02:06:12.040+0000][1][gc,cpu       ] GC(9) User=0.16s Sys=0.03s Real=0.04s
[2022-06-13T02:06:12.040+0000][1][gc           ] GC(9) Concurrent Preclean
[2022-06-13T02:06:12.042+0000][1][gc           ] GC(9) Concurrent Preclean 2.595ms
[2022-06-13T02:06:12.043+0000][1][gc,cpu       ] GC(9) User=0.02s Sys=0.00s Real=0.00s
[2022-06-13T02:06:12.043+0000][1][gc           ] GC(9) Concurrent Abortable Preclean
[2022-06-13T02:06:12.137+0000][1][safepoint    ] Application time: 0.1354633 seconds
[2022-06-13T02:06:12.141+0000][1][safepoint    ] Entering safepoint region: GenCollectForAllocation
[2022-06-13T02:06:12.142+0000][1][gc,start     ] GC(10) Pause Young (Allocation Failure)
[2022-06-13T02:06:12.143+0000][1][gc,task      ] GC(10) Using 5 workers of 13 for evacuation
[2022-06-13T02:06:12.151+0000][1][gc,age       ] GC(10) Desired survivor size 4456448 bytes, new threshold 5 (max threshold 6)
[2022-06-13T02:06:12.157+0000][1][gc,age       ] GC(10) Age table with threshold 5 (max threshold 6)
[2022-06-13T02:06:12.157+0000][1][gc,age       ] GC(10) - age   1:     934976 bytes,     934976 total
[2022-06-13T02:06:12.158+0000][1][gc,age       ] GC(10) - age   2:     487600 bytes,    1422576 total
[2022-06-13T02:06:12.162+0000][1][gc,age       ] GC(10) - age   3:     485592 bytes,    1908168 total
[2022-06-13T02:06:12.162+0000][1][gc,age       ] GC(10) - age   4:    1159080 bytes,    3067248 total
[2022-06-13T02:06:12.162+0000][1][gc,age       ] GC(10) - age   5:    2163680 bytes,    5230928 total
[2022-06-13T02:06:12.162+0000][1][gc,heap      ] GC(10) ParNew: 76545K->7181K(78656K)
[2022-06-13T02:06:12.162+0000][1][gc,heap      ] GC(10) CMS: 11329K->11904K(174784K)
[2022-06-13T02:06:12.162+0000][1][gc,metaspace ] GC(10) Metaspace: 20620K->20620K(1069056K)
[2022-06-13T02:06:12.163+0000][1][gc           ] GC(10) Pause Young (Allocation Failure) 85M->18M(247M) 20.253ms
[2022-06-13T02:06:12.163+0000][1][gc,cpu       ] GC(10) User=0.06s Sys=0.00s Real=0.02s
[2022-06-13T02:06:12.163+0000][1][safepoint    ] Leaving safepoint region
[2022-06-13T02:06:12.163+0000][1][safepoint    ] Total time for which application threads were stopped: 0.0219508 seconds, Stopping threads took: 0.0003890 seconds
[2022-06-13T02:06:12.369+0000][1][safepoint    ] Application time: 0.1991919 seconds
[2022-06-13T02:06:12.369+0000][1][safepoint    ] Entering safepoint region: GenCollectForAllocation
[2022-06-13T02:06:12.369+0000][1][gc,start     ] GC(11) Pause Young (Allocation Failure)
[2022-06-13T02:06:12.370+0000][1][gc,task      ] GC(11) Using 5 workers of 13 for evacuation
[2022-06-13T02:06:12.378+0000][1][gc,age       ] GC(11) Desired survivor size 4456448 bytes, new threshold 6 (max threshold 6)
[2022-06-13T02:06:12.378+0000][1][gc,age       ] GC(11) Age table with threshold 6 (max threshold 6)
[2022-06-13T02:06:12.378+0000][1][gc,age       ] GC(11) - age   1:    1741320 bytes,    1741320 total
[2022-06-13T02:06:12.379+0000][1][gc,age       ] GC(11) - age   2:     126264 bytes,    1867584 total
[2022-06-13T02:06:12.379+0000][1][gc,age       ] GC(11) - age   3:     487600 bytes,    2355184 total
[2022-06-13T02:06:12.379+0000][1][gc,age       ] GC(11) - age   4:     485440 bytes,    2840624 total
[2022-06-13T02:06:12.379+0000][1][gc,age       ] GC(11) - age   5:    1158792 bytes,    3999416 total
[2022-06-13T02:06:12.379+0000][1][gc,heap      ] GC(11) ParNew: 77133K->7306K(78656K)
[2022-06-13T02:06:12.379+0000][1][gc,heap      ] GC(11) CMS: 11904K->14030K(174784K)
[2022-06-13T02:06:12.379+0000][1][gc,metaspace ] GC(11) Metaspace: 20699K->20699K(1069056K)
[2022-06-13T02:06:12.379+0000][1][gc           ] GC(11) Pause Young (Allocation Failure) 86M->20M(247M) 9.999ms
[2022-06-13T02:06:12.380+0000][1][gc,cpu       ] GC(11) User=0.07s Sys=0.00s Real=0.01s
[2022-06-13T02:06:12.380+0000][1][safepoint    ] Leaving safepoint region
[2022-06-13T02:06:12.380+0000][1][safepoint    ] Total time for which application threads were stopped: 0.0107491 seconds, Stopping threads took: 0.0001878 seconds
[2022-06-13T02:06:12.380+0000][1][gc           ] GC(9) Concurrent Abortable Preclean 337.298ms
[2022-06-13T02:06:12.380+0000][1][gc,cpu       ] GC(9) User=1.55s Sys=0.12s Real=0.34s
[2022-06-13T02:06:12.380+0000][1][safepoint    ] Application time: 0.0003239 seconds
[2022-06-13T02:06:12.380+0000][1][safepoint    ] Entering safepoint region: CMS_Final_Remark
[2022-06-13T02:06:12.381+0000][1][gc,start     ] GC(9) Pause Remark
[2022-06-13T02:06:12.395+0000][1][gc           ] GC(9) Pause Remark 22M->22M(247M) 14.332ms
[2022-06-13T02:06:12.398+0000][1][gc,cpu       ] GC(9) User=0.06s Sys=0.00s Real=0.01s
[2022-06-13T02:06:12.398+0000][1][safepoint    ] Leaving safepoint region
[2022-06-13T02:06:12.398+0000][1][safepoint    ] Total time for which application threads were stopped: 0.0179387 seconds, Stopping threads took: 0.0001127 seconds
[2022-06-13T02:06:12.399+0000][1][gc           ] GC(9) Concurrent Sweep
[2022-06-13T02:06:12.403+0000][1][gc           ] GC(9) Concurrent Sweep 4.263ms
[2022-06-13T02:06:12.406+0000][1][gc,cpu       ] GC(9) User=0.04s Sys=0.00s Real=0.01s
[2022-06-13T02:06:12.407+0000][1][gc           ] GC(9) Concurrent Reset
[2022-06-13T02:06:12.408+0000][1][gc           ] GC(9) Concurrent Reset 1.524ms
[2022-06-13T02:06:12.417+0000][1][gc,cpu       ] GC(9) User=0.06s Sys=0.00s Real=0.01s
[2022-06-13T02:06:12.417+0000][1][gc,heap      ] GC(9) Old: 11329K->14004K(174784K)
[2022-06-13T02:06:12.836+0000][1][safepoint    ] Application time: 0.4372432 seconds
[2022-06-13T02:06:12.836+0000][1][safepoint    ] Entering safepoint region: Deoptimize
[2022-06-13T02:06:12.838+0000][1][safepoint    ] Leaving safepoint region
[2022-06-13T02:06:12.838+0000][1][safepoint    ] Total time for which application threads were stopped: 0.0017203 seconds, Stopping threads took: 0.0001701 seconds
[2022-06-13T02:06:12.919+0000][1][safepoint    ] Application time: 0.0812564 seconds
[2022-06-13T02:06:12.920+0000][1][safepoint    ] Entering safepoint region: Deoptimize
[2022-06-13T02:06:12.922+0000][1][safepoint    ] Leaving safepoint region
[2022-06-13T02:06:12.922+0000][1][safepoint    ] Total time for which application threads were stopped: 0.0018563 seconds, Stopping threads took: 0.0007024 seconds
[2022-06-13T02:06:12.924+0000][1][safepoint    ] Application time: 0.0009498 seconds
[2022-06-13T02:06:12.925+0000][1][safepoint    ] Entering safepoint region: Deoptimize
[2022-06-13T02:06:12.925+0000][1][safepoint    ] Leaving safepoint region
[2022-06-13T02:06:12.926+0000][1][safepoint    ] Total time for which application threads were stopped: 0.0010665 seconds, Stopping threads took: 0.0003971 seconds
[2022-06-13T02:06:12.935+0000][1][safepoint    ] Application time: 0.0090590 seconds
[2022-06-13T02:06:12.935+0000][1][safepoint    ] Entering safepoint region: RevokeBias
[2022-06-13T02:06:12.935+0000][1][safepoint    ] Leaving safepoint region
[2022-06-13T02:06:12.936+0000][1][safepoint    ] Total time for which application threads were stopped: 0.0003610 seconds, Stopping threads took: 0.0001711 seconds
[2022-06-13T02:06:12.938+0000][1][safepoint    ] Application time: 0.0021310 seconds
[2022-06-13T02:06:12.938+0000][1][safepoint    ] Entering safepoint region: Deoptimize
[2022-06-13T02:06:12.939+0000][1][safepoint    ] Leaving safepoint region
[2022-06-13T02:06:12.939+0000][1][safepoint    ] Total time for which application threads were stopped: 0.0006961 seconds, Stopping threads took: 0.0001458 seconds
[2022-06-13T02:06:12.942+0000][1][safepoint    ] Application time: 0.0035915 seconds
[2022-06-13T02:06:12.943+0000][1][safepoint    ] Entering safepoint region: Deoptimize
[2022-06-13T02:06:12.944+0000][1][safepoint    ] Leaving safepoint region
[2022-06-13T02:06:12.944+0000][1][safepoint    ] Total time for which application threads were stopped: 0.0009689 seconds, Stopping threads took: 0.0002157 seconds
[2022-06-13T02:06:13.036+0000][1][safepoint    ] Application time: 0.0913885 seconds
[2022-06-13T02:06:13.042+0000][1][safepoint    ] Entering safepoint region: GenCollectForAllocation
[2022-06-13T02:06:13.049+0000][1][gc,start     ] GC(12) Pause Young (Allocation Failure)
[2022-06-13T02:06:13.050+0000][1][gc,task      ] GC(12) Using 5 workers of 13 for evacuation
[2022-06-13T02:06:13.066+0000][1][gc,age       ] GC(12) Desired survivor size 4456448 bytes, new threshold 5 (max threshold 6)
[2022-06-13T02:06:13.066+0000][1][gc,age       ] GC(12) Age table with threshold 5 (max threshold 6)
[2022-06-13T02:06:13.066+0000][1][gc,age       ] GC(12) - age   1:    3165096 bytes,    3165096 total
[2022-06-13T02:06:13.067+0000][1][gc,age       ] GC(12) - age   2:     345008 bytes,    3510104 total
[2022-06-13T02:06:13.067+0000][1][gc,age       ] GC(12) - age   3:     126000 bytes,    3636104 total
[2022-06-13T02:06:13.067+0000][1][gc,age       ] GC(12) - age   4:     486976 bytes,    4123080 total
[2022-06-13T02:06:13.067+0000][1][gc,age       ] GC(12) - age   5:     480704 bytes,    4603784 total
[2022-06-13T02:06:13.067+0000][1][gc,age       ] GC(12) - age   6:    1158416 bytes,    5762200 total
[2022-06-13T02:06:13.067+0000][1][gc,heap      ] GC(12) ParNew: 77258K->7221K(78656K)
[2022-06-13T02:06:13.067+0000][1][gc,heap      ] GC(12) CMS: 14004K->14004K(174784K)
[2022-06-13T02:06:13.067+0000][1][gc,metaspace ] GC(12) Metaspace: 26419K->26419K(1073152K)
[2022-06-13T02:06:13.067+0000][1][gc           ] GC(12) Pause Young (Allocation Failure) 89M->20M(247M) 18.174ms
[2022-06-13T02:06:13.068+0000][1][gc,cpu       ] GC(12) User=0.02s Sys=0.00s Real=0.01s
[2022-06-13T02:06:13.069+0000][1][safepoint    ] Leaving safepoint region
[2022-06-13T02:06:13.069+0000][1][safepoint    ] Total time for which application threads were stopped: 0.0327834 seconds, Stopping threads took: 0.0131589 seconds
[2022-06-13T02:06:13.770+0000][1][safepoint    ] Application time: 0.7008596 seconds
[2022-06-13T02:06:13.825+0000][1][safepoint    ] Entering safepoint region: RevokeBias
[2022-06-13T02:06:13.830+0000][1][safepoint    ] Leaving safepoint region
[2022-06-13T02:06:13.830+0000][1][safepoint    ] Total time for which application threads were stopped: 0.0598134 seconds, Stopping threads took: 0.0590311 seconds
[2022-06-13T02:06:14.059+0000][1][safepoint    ] Application time: 0.2290201 seconds
[2022-06-13T02:06:14.079+0000][1][safepoint    ] Entering safepoint region: GenCollectForAllocation
[2022-06-13T02:06:14.089+0000][1][gc,start     ] GC(13) Pause Young (Allocation Failure)
[2022-06-13T02:06:14.102+0000][1][gc,task      ] GC(13) Using 5 workers of 13 for evacuation
[2022-06-13T02:06:14.145+0000][1][gc,age       ] GC(13) Desired survivor size 4456448 bytes, new threshold 1 (max threshold 6)
[2022-06-13T02:06:14.149+0000][1][gc,age       ] GC(13) Age table with threshold 1 (max threshold 6)
[2022-06-13T02:06:14.149+0000][1][gc,age       ] GC(13) - age   1:    5098616 bytes,    5098616 total
[2022-06-13T02:06:14.150+0000][1][gc,age       ] GC(13) - age   2:    2855648 bytes,    7954264 total
[2022-06-13T02:06:14.150+0000][1][gc,age       ] GC(13) - age   3:     344808 bytes,    8299072 total
[2022-06-13T02:06:14.150+0000][1][gc,age       ] GC(13) - age   4:     125968 bytes,    8425040 total
[2022-06-13T02:06:14.150+0000][1][gc,age       ] GC(13) - age   5:     486976 bytes,    8912016 total
[2022-06-13T02:06:14.150+0000][1][gc,heap      ] GC(13) ParNew: 77173K->8704K(78656K)
[2022-06-13T02:06:14.159+0000][1][gc,heap      ] GC(13) CMS: 14004K->26176K(174784K)
[2022-06-13T02:06:14.159+0000][1][gc,metaspace ] GC(13) Metaspace: 27125K->27125K(1075200K)
[2022-06-13T02:06:14.160+0000][1][gc           ] GC(13) Pause Young (Allocation Failure) 89M->34M(247M) 70.286ms
[2022-06-13T02:06:14.160+0000][1][gc,cpu       ] GC(13) User=0.26s Sys=0.00s Real=0.07s
[2022-06-13T02:06:14.160+0000][1][safepoint    ] Leaving safepoint region
[2022-06-13T02:06:14.160+0000][1][safepoint    ] Total time for which application threads were stopped: 0.0908029 seconds, Stopping threads took: 0.0200091 seconds
[2022-06-13T02:06:14.644+0000][1][safepoint    ] Application time: 0.4841540 seconds
[2022-06-13T02:06:14.645+0000][1][safepoint    ] Entering safepoint region: Deoptimize
[2022-06-13T02:06:14.645+0000][1][safepoint    ] Leaving safepoint region
[2022-06-13T02:06:14.646+0000][1][safepoint    ] Total time for which application threads were stopped: 0.0010285 seconds, Stopping threads took: 0.0001608 seconds
[2022-06-13T02:06:14.698+0000][1][safepoint    ] Application time: 0.0522391 seconds
[2022-06-13T02:06:14.698+0000][1][safepoint    ] Entering safepoint region: GenCollectForAllocation
[2022-06-13T02:06:14.699+0000][1][gc,start     ] GC(14) Pause Young (Allocation Failure)
[2022-06-13T02:06:14.699+0000][1][gc,task      ] GC(14) Using 5 workers of 13 for evacuation
[2022-06-13T02:06:14.768+0000][1][gc,age       ] GC(14) Desired survivor size 4456448 bytes, new threshold 1 (max threshold 6)
[2022-06-13T02:06:14.768+0000][1][gc,age       ] GC(14) Age table with threshold 1 (max threshold 6)
[2022-06-13T02:06:14.769+0000][1][gc,age       ] GC(14) - age   1:    7201536 bytes,    7201536 total
[2022-06-13T02:06:14.770+0000][1][gc,heap      ] GC(14) ParNew: 78656K->8704K(78656K)
[2022-06-13T02:06:14.771+0000][1][gc,heap      ] GC(14) CMS: 26176K->41158K(174784K)
[2022-06-13T02:06:14.771+0000][1][gc,metaspace ] GC(14) Metaspace: 27255K->27255K(1075200K)
[2022-06-13T02:06:14.772+0000][1][gc           ] GC(14) Pause Young (Allocation Failure) 102M->48M(247M) 72.941ms
[2022-06-13T02:06:14.772+0000][1][gc,cpu       ] GC(14) User=0.34s Sys=0.00s Real=0.08s
[2022-06-13T02:06:14.772+0000][1][safepoint    ] Leaving safepoint region
[2022-06-13T02:06:14.772+0000][1][safepoint    ] Total time for which application threads were stopped: 0.0737043 seconds, Stopping threads took: 0.0001920 seconds
[2022-06-13T02:06:15.007+0000][1][safepoint    ] Application time: 0.2346095 seconds
[2022-06-13T02:06:15.007+0000][1][safepoint    ] Entering safepoint region: RevokeBias
[2022-06-13T02:06:15.010+0000][1][safepoint    ] Leaving safepoint region
[2022-06-13T02:06:15.010+0000][1][safepoint    ] Total time for which application threads were stopped: 0.0030731 seconds, Stopping threads took: 0.0026814 seconds
[2022-06-13T02:06:15.325+0000][1][safepoint    ] Application time: 0.3140759 seconds
[2022-06-13T02:06:15.325+0000][1][safepoint    ] Entering safepoint region: GenCollectForAllocation
[2022-06-13T02:06:15.325+0000][1][gc,start     ] GC(15) Pause Young (Allocation Failure)
[2022-06-13T02:06:15.325+0000][1][gc,task      ] GC(15) Using 5 workers of 13 for evacuation
[2022-06-13T02:06:15.350+0000][1][gc,age       ] GC(15) Desired survivor size 4456448 bytes, new threshold 1 (max threshold 6)
[2022-06-13T02:06:15.350+0000][1][gc,age       ] GC(15) Age table with threshold 1 (max threshold 6)
[2022-06-13T02:06:15.350+0000][1][gc,age       ] GC(15) - age   1:    6192104 bytes,    6192104 total
[2022-06-13T02:06:15.351+0000][1][gc,heap      ] GC(15) ParNew: 78613K->8704K(78656K)
[2022-06-13T02:06:15.351+0000][1][gc,heap      ] GC(15) CMS: 41158K->49889K(174784K)
[2022-06-13T02:06:15.351+0000][1][gc,metaspace ] GC(15) Metaspace: 32008K->32008K(1079296K)
[2022-06-13T02:06:15.351+0000][1][gc           ] GC(15) Pause Young (Allocation Failure) 116M->57M(247M) 25.900ms
[2022-06-13T02:06:15.351+0000][1][gc,cpu       ] GC(15) User=0.11s Sys=0.00s Real=0.03s
[2022-06-13T02:06:15.351+0000][1][safepoint    ] Leaving safepoint region
[2022-06-13T02:06:15.352+0000][1][safepoint    ] Total time for which application threads were stopped: 0.0266944 seconds, Stopping threads took: 0.0001786 seconds
[2022-06-13T02:06:15.482+0000][1][safepoint    ] Application time: 0.1306709 seconds
[2022-06-13T02:06:15.483+0000][1][safepoint    ] Entering safepoint region: GenCollectForAllocation
[2022-06-13T02:06:15.483+0000][1][gc,start     ] GC(16) Pause Young (Allocation Failure)
[2022-06-13T02:06:15.483+0000][1][gc,task      ] GC(16) Using 5 workers of 13 for evacuation
[2022-06-13T02:06:15.489+0000][1][gc,age       ] GC(16) Desired survivor size 4456448 bytes, new threshold 6 (max threshold 6)
[2022-06-13T02:06:15.489+0000][1][gc,age       ] GC(16) Age table with threshold 6 (max threshold 6)
[2022-06-13T02:06:15.489+0000][1][gc,age       ] GC(16) - age   1:     383936 bytes,     383936 total
[2022-06-13T02:06:15.489+0000][1][gc,heap      ] GC(16) ParNew: 78656K->6332K(78656K)
[2022-06-13T02:06:15.489+0000][1][gc,heap      ] GC(16) CMS: 49889K->55930K(174784K)
[2022-06-13T02:06:15.490+0000][1][gc,metaspace ] GC(16) Metaspace: 32992K->32992K(1079296K)
[2022-06-13T02:06:15.490+0000][1][gc           ] GC(16) Pause Young (Allocation Failure) 125M->60M(247M) 6.863ms
[2022-06-13T02:06:15.490+0000][1][gc,cpu       ] GC(16) User=0.03s Sys=0.00s Real=0.01s
[2022-06-13T02:06:15.490+0000][1][safepoint    ] Leaving safepoint region
[2022-06-13T02:06:15.490+0000][1][safepoint    ] Total time for which application threads were stopped: 0.0074316 seconds, Stopping threads took: 0.0001324 seconds
[2022-06-13T02:06:15.659+0000][1][safepoint    ] Application time: 0.1688314 seconds
[2022-06-13T02:06:15.668+0000][1][safepoint    ] Entering safepoint region: CollectForMetadataAllocation
[2022-06-13T02:06:15.668+0000][1][safepoint    ] Leaving safepoint region
[2022-06-13T02:06:15.668+0000][1][safepoint    ] Total time for which application threads were stopped: 0.0078414 seconds, Stopping threads took: 0.0074166 seconds
[2022-06-13T02:06:15.705+0000][1][safepoint    ] Application time: 0.0365205 seconds
[2022-06-13T02:06:15.705+0000][1][safepoint    ] Entering safepoint region: CollectForMetadataAllocation
[2022-06-13T02:06:15.705+0000][1][safepoint    ] Leaving safepoint region
[2022-06-13T02:06:15.706+0000][1][safepoint    ] Total time for which application threads were stopped: 0.0005475 seconds, Stopping threads took: 0.0002579 seconds
[2022-06-13T02:06:15.718+0000][1][safepoint    ] Application time: 0.0124089 seconds
[2022-06-13T02:06:15.718+0000][1][safepoint    ] Entering safepoint region: CollectForMetadataAllocation
[2022-06-13T02:06:15.719+0000][1][safepoint    ] Leaving safepoint region
[2022-06-13T02:06:15.719+0000][1][safepoint    ] Total time for which application threads were stopped: 0.0002852 seconds, Stopping threads took: 0.0001018 seconds
[2022-06-13T02:06:15.730+0000][1][safepoint    ] Application time: 0.0111941 seconds
[2022-06-13T02:06:15.730+0000][1][safepoint    ] Entering safepoint region: CollectForMetadataAllocation
[2022-06-13T02:06:15.731+0000][1][safepoint    ] Leaving safepoint region
[2022-06-13T02:06:15.731+0000][1][safepoint    ] Total time for which application threads were stopped: 0.0004377 seconds, Stopping threads took: 0.0001609 seconds
[2022-06-13T02:06:15.747+0000][1][safepoint    ] Application time: 0.0160580 seconds
[2022-06-13T02:06:15.747+0000][1][safepoint    ] Entering safepoint region: CollectForMetadataAllocation
[2022-06-13T02:06:15.747+0000][1][safepoint    ] Leaving safepoint region
[2022-06-13T02:06:15.747+0000][1][safepoint    ] Total time for which application threads were stopped: 0.0003006 seconds, Stopping threads took: 0.0000976 seconds
[2022-06-13T02:06:15.763+0000][1][safepoint    ] Application time: 0.0159479 seconds
[2022-06-13T02:06:15.764+0000][1][safepoint    ] Entering safepoint region: CollectForMetadataAllocation
[2022-06-13T02:06:15.764+0000][1][safepoint    ] Leaving safepoint region
[2022-06-13T02:06:15.764+0000][1][safepoint    ] Total time for which application threads were stopped: 0.0003866 seconds, Stopping threads took: 0.0001292 seconds
[2022-06-13T02:06:15.782+0000][1][safepoint    ] Application time: 0.0174075 seconds
[2022-06-13T02:06:15.782+0000][1][safepoint    ] Entering safepoint region: CollectForMetadataAllocation
[2022-06-13T02:06:15.782+0000][1][safepoint    ] Leaving safepoint region
[2022-06-13T02:06:15.783+0000][1][safepoint    ] Total time for which application threads were stopped: 0.0007513 seconds, Stopping threads took: 0.0001129 seconds
[2022-06-13T02:06:15.801+0000][1][safepoint    ] Application time: 0.0187046 seconds
[2022-06-13T02:06:15.802+0000][1][safepoint    ] Entering safepoint region: CollectForMetadataAllocation
[2022-06-13T02:06:15.802+0000][1][safepoint    ] Leaving safepoint region
[2022-06-13T02:06:15.802+0000][1][safepoint    ] Total time for which application threads were stopped: 0.0004491 seconds, Stopping threads took: 0.0001377 seconds
[2022-06-13T02:06:15.818+0000][1][safepoint    ] Application time: 0.0161240 seconds
[2022-06-13T02:06:15.819+0000][1][safepoint    ] Entering safepoint region: CollectForMetadataAllocation
[2022-06-13T02:06:15.819+0000][1][safepoint    ] Leaving safepoint region
[2022-06-13T02:06:15.819+0000][1][safepoint    ] Total time for which application threads were stopped: 0.0003413 seconds, Stopping threads took: 0.0001149 seconds
[2022-06-13T02:06:15.832+0000][1][safepoint    ] Application time: 0.0125953 seconds
[2022-06-13T02:06:15.832+0000][1][safepoint    ] Entering safepoint region: RevokeBias
[2022-06-13T02:06:15.832+0000][1][safepoint    ] Leaving safepoint region
[2022-06-13T02:06:15.832+0000][1][safepoint    ] Total time for which application threads were stopped: 0.0004176 seconds, Stopping threads took: 0.0001885 seconds
[2022-06-13T02:06:15.836+0000][1][safepoint    ] Application time: 0.0030971 seconds
[2022-06-13T02:06:15.836+0000][1][safepoint    ] Entering safepoint region: CollectForMetadataAllocation
[2022-06-13T02:06:15.836+0000][1][safepoint    ] Leaving safepoint region
[2022-06-13T02:06:15.836+0000][1][safepoint    ] Total time for which application threads were stopped: 0.0003392 seconds, Stopping threads took: 0.0001207 seconds
[2022-06-13T02:06:15.836+0000][1][safepoint    ] Application time: 0.0002381 seconds
[2022-06-13T02:06:15.837+0000][1][safepoint    ] Entering safepoint region: RevokeBias
[2022-06-13T02:06:15.837+0000][1][safepoint    ] Leaving safepoint region
[2022-06-13T02:06:15.837+0000][1][safepoint    ] Total time for which application threads were stopped: 0.0002373 seconds, Stopping threads took: 0.0001029 seconds
[2022-06-13T02:06:15.843+0000][1][safepoint    ] Application time: 0.0061695 seconds
[2022-06-13T02:06:15.843+0000][1][safepoint    ] Entering safepoint region: RevokeBias
[2022-06-13T02:06:15.844+0000][1][safepoint    ] Leaving safepoint region
[2022-06-13T02:06:15.844+0000][1][safepoint    ] Total time for which application threads were stopped: 0.0003231 seconds, Stopping threads took: 0.0001400 seconds
[2022-06-13T02:06:15.855+0000][1][safepoint    ] Application time: 0.0112338 seconds
[2022-06-13T02:06:15.855+0000][1][safepoint    ] Entering safepoint region: CollectForMetadataAllocation
[2022-06-13T02:06:15.856+0000][1][safepoint    ] Leaving safepoint region
[2022-06-13T02:06:15.856+0000][1][safepoint    ] Total time for which application threads were stopped: 0.0005198 seconds, Stopping threads took: 0.0001766 seconds
[2022-06-13T02:06:15.875+0000][1][safepoint    ] Application time: 0.0193884 seconds
[2022-06-13T02:06:15.876+0000][1][safepoint    ] Entering safepoint region: CollectForMetadataAllocation
[2022-06-13T02:06:15.876+0000][1][safepoint    ] Leaving safepoint region
[2022-06-13T02:06:15.876+0000][1][safepoint    ] Total time for which application threads were stopped: 0.0004537 seconds, Stopping threads took: 0.0001443 seconds
[2022-06-13T02:06:15.892+0000][1][safepoint    ] Application time: 0.0161018 seconds
[2022-06-13T02:06:15.892+0000][1][safepoint    ] Entering safepoint region: CollectForMetadataAllocation
[2022-06-13T02:06:15.893+0000][1][safepoint    ] Leaving safepoint region
[2022-06-13T02:06:15.893+0000][1][safepoint    ] Total time for which application threads were stopped: 0.0003702 seconds, Stopping threads took: 0.0001218 seconds
[2022-06-13T02:06:15.903+0000][1][safepoint    ] Application time: 0.0100645 seconds
[2022-06-13T02:06:15.903+0000][1][safepoint    ] Entering safepoint region: CollectForMetadataAllocation
[2022-06-13T02:06:15.904+0000][1][safepoint    ] Leaving safepoint region
[2022-06-13T02:06:15.904+0000][1][safepoint    ] Total time for which application threads were stopped: 0.0004199 seconds, Stopping threads took: 0.0001645 seconds
[2022-06-13T02:06:15.913+0000][1][safepoint    ] Application time: 0.0094187 seconds
[2022-06-13T02:06:15.914+0000][1][safepoint    ] Entering safepoint region: CollectForMetadataAllocation
[2022-06-13T02:06:15.914+0000][1][safepoint    ] Leaving safepoint region
[2022-06-13T02:06:15.914+0000][1][safepoint    ] Total time for which application threads were stopped: 0.0003374 seconds, Stopping threads took: 0.0001276 seconds
[2022-06-13T02:06:15.932+0000][1][safepoint    ] Application time: 0.0182253 seconds
[2022-06-13T02:06:15.932+0000][1][safepoint    ] Entering safepoint region: CollectForMetadataAllocation
[2022-06-13T02:06:15.933+0000][1][safepoint    ] Leaving safepoint region
[2022-06-13T02:06:15.933+0000][1][safepoint    ] Total time for which application threads were stopped: 0.0004293 seconds, Stopping threads took: 0.0002021 seconds
[2022-06-13T02:06:15.954+0000][1][safepoint    ] Application time: 0.0208240 seconds
[2022-06-13T02:06:15.954+0000][1][safepoint    ] Entering safepoint region: CollectForMetadataAllocation
[2022-06-13T02:06:15.955+0000][1][safepoint    ] Leaving safepoint region
[2022-06-13T02:06:15.955+0000][1][safepoint    ] Total time for which application threads were stopped: 0.0007023 seconds, Stopping threads took: 0.0001312 seconds
[2022-06-13T02:06:15.972+0000][1][safepoint    ] Application time: 0.0167871 seconds
[2022-06-13T02:06:15.972+0000][1][safepoint    ] Entering safepoint region: CollectForMetadataAllocation
[2022-06-13T02:06:15.972+0000][1][safepoint    ] Leaving safepoint region
[2022-06-13T02:06:15.972+0000][1][safepoint    ] Total time for which application threads were stopped: 0.0003625 seconds, Stopping threads took: 0.0001169 seconds
[2022-06-13T02:06:15.986+0000][1][safepoint    ] Application time: 0.0138279 seconds
[2022-06-13T02:06:15.986+0000][1][safepoint    ] Entering safepoint region: CollectForMetadataAllocation
[2022-06-13T02:06:15.986+0000][1][safepoint    ] Leaving safepoint region
[2022-06-13T02:06:15.986+0000][1][safepoint    ] Total time for which application threads were stopped: 0.0002853 seconds, Stopping threads took: 0.0000988 seconds
[2022-06-13T02:06:16.000+0000][1][safepoint    ] Application time: 0.0133584 seconds
[2022-06-13T02:06:16.000+0000][1][safepoint    ] Entering safepoint region: CollectForMetadataAllocation
[2022-06-13T02:06:16.000+0000][1][safepoint    ] Leaving safepoint region
[2022-06-13T02:06:16.000+0000][1][safepoint    ] Total time for which application threads were stopped: 0.0002541 seconds, Stopping threads took: 0.0000870 seconds
[2022-06-13T02:06:16.012+0000][1][safepoint    ] Application time: 0.0118995 seconds
[2022-06-13T02:06:16.013+0000][1][safepoint    ] Entering safepoint region: CollectForMetadataAllocation
[2022-06-13T02:06:16.013+0000][1][safepoint    ] Leaving safepoint region
[2022-06-13T02:06:16.013+0000][1][safepoint    ] Total time for which application threads were stopped: 0.0002845 seconds, Stopping threads took: 0.0001113 seconds
[2022-06-13T02:06:16.024+0000][1][safepoint    ] Application time: 0.0109591 seconds
[2022-06-13T02:06:16.024+0000][1][safepoint    ] Entering safepoint region: CollectForMetadataAllocation
[2022-06-13T02:06:16.024+0000][1][safepoint    ] Leaving safepoint region
[2022-06-13T02:06:16.024+0000][1][safepoint    ] Total time for which application threads were stopped: 0.0003731 seconds, Stopping threads took: 0.0001553 seconds
[2022-06-13T02:06:16.044+0000][1][safepoint    ] Application time: 0.0194159 seconds
[2022-06-13T02:06:16.044+0000][1][safepoint    ] Entering safepoint region: CollectForMetadataAllocation
[2022-06-13T02:06:16.045+0000][1][safepoint    ] Leaving safepoint region
[2022-06-13T02:06:16.045+0000][1][safepoint    ] Total time for which application threads were stopped: 0.0004474 seconds, Stopping threads took: 0.0001552 seconds
[2022-06-13T02:06:16.062+0000][1][safepoint    ] Application time: 0.0174717 seconds
[2022-06-13T02:06:16.062+0000][1][safepoint    ] Entering safepoint region: CollectForMetadataAllocation
[2022-06-13T02:06:16.063+0000][1][safepoint    ] Leaving safepoint region
[2022-06-13T02:06:16.063+0000][1][safepoint    ] Total time for which application threads were stopped: 0.0004009 seconds, Stopping threads took: 0.0001472 seconds
[2022-06-13T02:06:16.080+0000][1][safepoint    ] Application time: 0.0167862 seconds
[2022-06-13T02:06:16.080+0000][1][safepoint    ] Entering safepoint region: CollectForMetadataAllocation
[2022-06-13T02:06:16.080+0000][1][safepoint    ] Leaving safepoint region
[2022-06-13T02:06:16.080+0000][1][safepoint    ] Total time for which application threads were stopped: 0.0004155 seconds, Stopping threads took: 0.0001255 seconds
[2022-06-13T02:06:16.100+0000][1][safepoint    ] Application time: 0.0191991 seconds
[2022-06-13T02:06:16.100+0000][1][safepoint    ] Entering safepoint region: CollectForMetadataAllocation
[2022-06-13T02:06:16.100+0000][1][safepoint    ] Leaving safepoint region
[2022-06-13T02:06:16.100+0000][1][safepoint    ] Total time for which application threads were stopped: 0.0006561 seconds, Stopping threads took: 0.0000963 seconds
[2022-06-13T02:06:16.116+0000][1][safepoint    ] Application time: 0.0152711 seconds
[2022-06-13T02:06:16.116+0000][1][safepoint    ] Entering safepoint region: CollectForMetadataAllocation
[2022-06-13T02:06:16.116+0000][1][safepoint    ] Leaving safepoint region
[2022-06-13T02:06:16.117+0000][1][safepoint    ] Total time for which application threads were stopped: 0.0004114 seconds, Stopping threads took: 0.0001391 seconds
[2022-06-13T02:06:16.348+0000][1][safepoint    ] Application time: 0.2314329 seconds
[2022-06-13T02:06:16.348+0000][1][safepoint    ] Entering safepoint region: CollectForMetadataAllocation
[2022-06-13T02:06:16.349+0000][1][safepoint    ] Leaving safepoint region
[2022-06-13T02:06:16.349+0000][1][safepoint    ] Total time for which application threads were stopped: 0.0010183 seconds, Stopping threads took: 0.0001475 seconds
[2022-06-13T02:06:16.580+0000][1][safepoint    ] Application time: 0.2304281 seconds
[2022-06-13T02:06:16.580+0000][1][safepoint    ] Entering safepoint region: CollectForMetadataAllocation
[2022-06-13T02:06:16.581+0000][1][safepoint    ] Leaving safepoint region
[2022-06-13T02:06:16.581+0000][1][safepoint    ] Total time for which application threads were stopped: 0.0004671 seconds, Stopping threads took: 0.0001387 seconds
[2022-06-13T02:06:16.594+0000][1][safepoint    ] Application time: 0.0131385 seconds
[2022-06-13T02:06:16.595+0000][1][safepoint    ] Entering safepoint region: GenCollectForAllocation
[2022-06-13T02:06:16.595+0000][1][gc,start     ] GC(17) Pause Young (Allocation Failure)
[2022-06-13T02:06:16.595+0000][1][gc,task      ] GC(17) Using 5 workers of 13 for evacuation
[2022-06-13T02:06:16.606+0000][1][gc,age       ] GC(17) Desired survivor size 4456448 bytes, new threshold 6 (max threshold 6)
[2022-06-13T02:06:16.608+0000][1][gc,age       ] GC(17) Age table with threshold 6 (max threshold 6)
[2022-06-13T02:06:16.610+0000][1][gc,age       ] GC(17) - age   1:    3975096 bytes,    3975096 total
[2022-06-13T02:06:16.619+0000][1][gc,age       ] GC(17) - age   2:     344088 bytes,    4319184 total
[2022-06-13T02:06:16.621+0000][1][gc,heap      ] GC(17) ParNew: 76284K->5291K(78656K)
[2022-06-13T02:06:16.623+0000][1][gc,heap      ] GC(17) CMS: 55930K->55930K(174784K)
[2022-06-13T02:06:16.624+0000][1][gc,metaspace ] GC(17) Metaspace: 42411K->42411K(1089536K)
[2022-06-13T02:06:16.624+0000][1][gc           ] GC(17) Pause Young (Allocation Failure) 129M->59M(247M) 28.713ms
[2022-06-13T02:06:16.624+0000][1][gc,cpu       ] GC(17) User=0.03s Sys=0.00s Real=0.03s
[2022-06-13T02:06:16.624+0000][1][safepoint    ] Leaving safepoint region
[2022-06-13T02:06:16.624+0000][1][safepoint    ] Total time for which application threads were stopped: 0.0295841 seconds, Stopping threads took: 0.0003492 seconds
[2022-06-13T02:06:16.625+0000][1][safepoint    ] Application time: 0.0007533 seconds
[2022-06-13T02:06:16.625+0000][1][safepoint    ] Entering safepoint region: CMS_Initial_Mark
[2022-06-13T02:06:16.625+0000][1][gc,start     ] GC(18) Pause Initial Mark
[2022-06-13T02:06:16.627+0000][1][gc           ] GC(18) Pause Initial Mark 61M->61M(247M) 1.830ms
[2022-06-13T02:06:16.628+0000][1][gc,cpu       ] GC(18) User=0.01s Sys=0.00s Real=0.00s
[2022-06-13T02:06:16.628+0000][1][safepoint    ] Leaving safepoint region
[2022-06-13T02:06:16.628+0000][1][safepoint    ] Total time for which application threads were stopped: 0.0031766 seconds, Stopping threads took: 0.0001626 seconds
[2022-06-13T02:06:16.629+0000][1][gc           ] GC(18) Concurrent Mark
[2022-06-13T02:06:16.629+0000][1][gc,task      ] GC(18) Using 4 workers of 4 for marking
[2022-06-13T02:06:16.652+0000][1][safepoint    ] Application time: 0.0230361 seconds
[2022-06-13T02:06:16.652+0000][1][safepoint    ] Entering safepoint region: CollectForMetadataAllocation
[2022-06-13T02:06:16.652+0000][1][safepoint    ] Leaving safepoint region
[2022-06-13T02:06:16.653+0000][1][safepoint    ] Total time for which application threads were stopped: 0.0005788 seconds, Stopping threads took: 0.0001928 seconds
[2022-06-13T02:06:16.675+0000][1][gc           ] GC(18) Concurrent Mark 45.968ms
[2022-06-13T02:06:16.679+0000][1][gc,cpu       ] GC(18) User=0.16s Sys=0.00s Real=0.04s
[2022-06-13T02:06:16.679+0000][1][gc           ] GC(18) Concurrent Preclean
[2022-06-13T02:06:16.683+0000][1][gc           ] GC(18) Concurrent Preclean 4.588ms
[2022-06-13T02:06:16.688+0000][1][gc,cpu       ] GC(18) User=0.03s Sys=0.00s Real=0.01s
[2022-06-13T02:06:16.688+0000][1][gc           ] GC(18) Concurrent Abortable Preclean
[2022-06-13T02:06:16.804+0000][1][safepoint    ] Application time: 0.1517458 seconds
[2022-06-13T02:06:16.805+0000][1][safepoint    ] Entering safepoint region: CollectForMetadataAllocation
[2022-06-13T02:06:16.805+0000][1][safepoint    ] Leaving safepoint region
[2022-06-13T02:06:16.805+0000][1][safepoint    ] Total time for which application threads were stopped: 0.0006565 seconds, Stopping threads took: 0.0001772 seconds
[2022-06-13T02:06:16.913+0000][1][safepoint    ] Application time: 0.1073123 seconds
[2022-06-13T02:06:16.913+0000][1][safepoint    ] Entering safepoint region: CollectForMetadataAllocation
[2022-06-13T02:06:16.913+0000][1][safepoint    ] Leaving safepoint region
[2022-06-13T02:06:16.914+0000][1][safepoint    ] Total time for which application threads were stopped: 0.0004475 seconds, Stopping threads took: 0.0001487 seconds
[2022-06-13T02:06:16.927+0000][1][safepoint    ] Application time: 0.0136177 seconds
[2022-06-13T02:06:16.927+0000][1][safepoint    ] Entering safepoint region: CollectForMetadataAllocation
[2022-06-13T02:06:16.928+0000][1][safepoint    ] Leaving safepoint region
[2022-06-13T02:06:16.928+0000][1][safepoint    ] Total time for which application threads were stopped: 0.0008783 seconds, Stopping threads took: 0.0001429 seconds
[2022-06-13T02:06:16.956+0000][1][safepoint    ] Application time: 0.0272355 seconds
[2022-06-13T02:06:16.956+0000][1][safepoint    ] Entering safepoint region: CollectForMetadataAllocation
[2022-06-13T02:06:16.956+0000][1][safepoint    ] Leaving safepoint region
[2022-06-13T02:06:16.957+0000][1][safepoint    ] Total time for which application threads were stopped: 0.0004965 seconds, Stopping threads took: 0.0001713 seconds
[2022-06-13T02:06:16.958+0000][1][gc           ] GC(18) Concurrent Abortable Preclean 269.403ms
[2022-06-13T02:06:16.958+0000][1][gc,cpu       ] GC(18) User=1.17s Sys=0.06s Real=0.27s
[2022-06-13T02:06:16.958+0000][1][safepoint    ] Application time: 0.0011688 seconds
[2022-06-13T02:06:16.962+0000][1][safepoint    ] Entering safepoint region: CMS_Final_Remark
[2022-06-13T02:06:16.962+0000][1][gc,start     ] GC(18) Pause Remark
[2022-06-13T02:06:16.979+0000][1][gc           ] GC(18) Pause Remark 94M->94M(247M) 16.965ms
[2022-06-13T02:06:16.979+0000][1][gc,cpu       ] GC(18) User=0.04s Sys=0.00s Real=0.02s
[2022-06-13T02:06:16.979+0000][1][safepoint    ] Leaving safepoint region
[2022-06-13T02:06:16.979+0000][1][safepoint    ] Total time for which application threads were stopped: 0.0178997 seconds, Stopping threads took: 0.0002623 seconds
[2022-06-13T02:06:16.980+0000][1][gc           ] GC(18) Concurrent Sweep
[2022-06-13T02:06:16.986+0000][1][safepoint    ] Application time: 0.0067005 seconds
[2022-06-13T02:06:16.987+0000][1][safepoint    ] Entering safepoint region: CollectForMetadataAllocation
[2022-06-13T02:06:16.988+0000][1][safepoint    ] Leaving safepoint region
[2022-06-13T02:06:16.988+0000][1][safepoint    ] Total time for which application threads were stopped: 0.0011990 seconds, Stopping threads took: 0.0002841 seconds
[2022-06-13T02:06:16.988+0000][1][safepoint    ] Application time: 0.0002842 seconds
[2022-06-13T02:06:16.989+0000][1][safepoint    ] Entering safepoint region: CollectForMetadataAllocation
[2022-06-13T02:06:16.989+0000][1][safepoint    ] Leaving safepoint region
[2022-06-13T02:06:16.989+0000][1][safepoint    ] Total time for which application threads were stopped: 0.0008298 seconds, Stopping threads took: 0.0005711 seconds
[2022-06-13T02:06:17.002+0000][1][gc           ] GC(18) Concurrent Sweep 21.854ms
[2022-06-13T02:06:17.002+0000][1][gc,cpu       ] GC(18) User=0.09s Sys=0.01s Real=0.02s
[2022-06-13T02:06:17.002+0000][1][gc           ] GC(18) Concurrent Reset
[2022-06-13T02:06:17.003+0000][1][gc           ] GC(18) Concurrent Reset 0.505ms
[2022-06-13T02:06:17.003+0000][1][gc,cpu       ] GC(18) User=0.00s Sys=0.00s Real=0.00s
[2022-06-13T02:06:17.003+0000][1][gc,heap      ] GC(18) Old: 55930K->55716K(174784K)
[2022-06-13T02:06:17.053+0000][1][safepoint    ] Application time: 0.0639886 seconds
[2022-06-13T02:06:17.054+0000][1][safepoint    ] Entering safepoint region: RevokeBias
[2022-06-13T02:06:17.054+0000][1][safepoint    ] Leaving safepoint region
[2022-06-13T02:06:17.054+0000][1][safepoint    ] Total time for which application threads were stopped: 0.0003458 seconds, Stopping threads took: 0.0001466 seconds
[2022-06-13T02:06:17.057+0000][1][safepoint    ] Application time: 0.0030171 seconds
[2022-06-13T02:06:17.058+0000][1][safepoint    ] Entering safepoint region: RevokeBias
[2022-06-13T02:06:17.058+0000][1][safepoint    ] Leaving safepoint region
[2022-06-13T02:06:17.058+0000][1][safepoint    ] Total time for which application threads were stopped: 0.0004790 seconds, Stopping threads took: 0.0002054 seconds
[2022-06-13T02:06:17.221+0000][1][safepoint    ] Application time: 0.1625982 seconds
[2022-06-13T02:06:17.221+0000][1][safepoint    ] Entering safepoint region: RevokeBias
[2022-06-13T02:06:17.222+0000][1][safepoint    ] Leaving safepoint region
[2022-06-13T02:06:17.222+0000][1][safepoint    ] Total time for which application threads were stopped: 0.0011197 seconds, Stopping threads took: 0.0003856 seconds
[2022-06-13T02:06:17.222+0000][1][safepoint    ] Application time: 0.0001901 seconds
[2022-06-13T02:06:17.223+0000][1][safepoint    ] Entering safepoint region: RevokeBias
[2022-06-13T02:06:17.223+0000][1][safepoint    ] Leaving safepoint region
[2022-06-13T02:06:17.223+0000][1][safepoint    ] Total time for which application threads were stopped: 0.0007169 seconds, Stopping threads took: 0.0005277 seconds
[2022-06-13T02:06:17.224+0000][1][safepoint    ] Application time: 0.0003859 seconds
[2022-06-13T02:06:17.224+0000][1][safepoint    ] Entering safepoint region: RevokeBias
[2022-06-13T02:06:17.225+0000][1][safepoint    ] Leaving safepoint region
[2022-06-13T02:06:17.225+0000][1][safepoint    ] Total time for which application threads were stopped: 0.0006303 seconds, Stopping threads took: 0.0004461 seconds
[2022-06-13T02:06:17.225+0000][1][safepoint    ] Application time: 0.0001007 seconds
[2022-06-13T02:06:17.225+0000][1][safepoint    ] Entering safepoint region: RevokeBias
[2022-06-13T02:06:17.225+0000][1][safepoint    ] Leaving safepoint region
[2022-06-13T02:06:17.226+0000][1][safepoint    ] Total time for which application threads were stopped: 0.0003462 seconds, Stopping threads took: 0.0001550 seconds
[2022-06-13T02:06:17.287+0000][1][safepoint    ] Application time: 0.0615454 seconds
[2022-06-13T02:06:17.288+0000][1][safepoint    ] Entering safepoint region: RevokeBias
[2022-06-13T02:06:17.288+0000][1][safepoint    ] Leaving safepoint region
[2022-06-13T02:06:17.288+0000][1][safepoint    ] Total time for which application threads were stopped: 0.0006724 seconds, Stopping threads took: 0.0004646 seconds
[2022-06-13T02:06:17.289+0000][1][safepoint    ] Application time: 0.0003374 seconds
[2022-06-13T02:06:17.289+0000][1][safepoint    ] Entering safepoint region: RevokeBias
[2022-06-13T02:06:17.289+0000][1][safepoint    ] Leaving safepoint region
[2022-06-13T02:06:17.289+0000][1][safepoint    ] Total time for which application threads were stopped: 0.0004115 seconds, Stopping threads took: 0.0002067 seconds
[2022-06-13T02:06:17.290+0000][1][safepoint    ] Application time: 0.0003222 seconds
[2022-06-13T02:06:17.290+0000][1][safepoint    ] Entering safepoint region: RevokeBias
[2022-06-13T02:06:17.290+0000][1][safepoint    ] Leaving safepoint region
[2022-06-13T02:06:17.290+0000][1][safepoint    ] Total time for which application threads were stopped: 0.0003614 seconds, Stopping threads took: 0.0002127 seconds
[2022-06-13T02:06:17.290+0000][1][safepoint    ] Application time: 0.0001940 seconds
[2022-06-13T02:06:17.291+0000][1][safepoint    ] Entering safepoint region: RevokeBias
[2022-06-13T02:06:17.291+0000][1][safepoint    ] Leaving safepoint region
[2022-06-13T02:06:17.291+0000][1][safepoint    ] Total time for which application threads were stopped: 0.0003288 seconds, Stopping threads took: 0.0001625 seconds
[2022-06-13T02:06:17.291+0000][1][safepoint    ] Application time: 0.0003166 seconds
[2022-06-13T02:06:17.292+0000][1][safepoint    ] Entering safepoint region: RevokeBias
[2022-06-13T02:06:17.292+0000][1][safepoint    ] Leaving safepoint region
[2022-06-13T02:06:17.292+0000][1][safepoint    ] Total time for which application threads were stopped: 0.0003766 seconds, Stopping threads took: 0.0002084 seconds
[2022-06-13T02:06:17.292+0000][1][safepoint    ] Application time: 0.0001155 seconds
[2022-06-13T02:06:17.292+0000][1][safepoint    ] Entering safepoint region: RevokeBias
[2022-06-13T02:06:17.292+0000][1][safepoint    ] Leaving safepoint region
[2022-06-13T02:06:17.293+0000][1][safepoint    ] Total time for which application threads were stopped: 0.0003426 seconds, Stopping threads took: 0.0001657 seconds
[2022-06-13T02:06:17.293+0000][1][safepoint    ] Application time: 0.0002045 seconds
[2022-06-13T02:06:17.293+0000][1][safepoint    ] Entering safepoint region: RevokeBias
[2022-06-13T02:06:17.293+0000][1][safepoint    ] Leaving safepoint region
[2022-06-13T02:06:17.293+0000][1][safepoint    ] Total time for which application threads were stopped: 0.0003032 seconds, Stopping threads took: 0.0001517 seconds
[2022-06-13T02:06:17.294+0000][1][safepoint    ] Application time: 0.0000730 seconds
[2022-06-13T02:06:17.294+0000][1][safepoint    ] Entering safepoint region: RevokeBias
[2022-06-13T02:06:17.294+0000][1][safepoint    ] Leaving safepoint region
[2022-06-13T02:06:17.294+0000][1][safepoint    ] Total time for which application threads were stopped: 0.0003669 seconds, Stopping threads took: 0.0002052 seconds
[2022-06-13T02:06:17.294+0000][1][safepoint    ] Application time: 0.0000854 seconds
[2022-06-13T02:06:17.294+0000][1][safepoint    ] Entering safepoint region: RevokeBias
[2022-06-13T02:06:17.295+0000][1][safepoint    ] Leaving safepoint region
[2022-06-13T02:06:17.295+0000][1][safepoint    ] Total time for which application threads were stopped: 0.0003325 seconds, Stopping threads took: 0.0001384 seconds
[2022-06-13T02:06:17.295+0000][1][safepoint    ] Application time: 0.0000897 seconds
[2022-06-13T02:06:17.295+0000][1][safepoint    ] Entering safepoint region: RevokeBias
[2022-06-13T02:06:17.295+0000][1][safepoint    ] Leaving safepoint region
[2022-06-13T02:06:17.295+0000][1][safepoint    ] Total time for which application threads were stopped: 0.0002956 seconds, Stopping threads took: 0.0001534 seconds
[2022-06-13T02:06:17.296+0000][1][safepoint    ] Application time: 0.0000864 seconds
[2022-06-13T02:06:17.296+0000][1][safepoint    ] Entering safepoint region: RevokeBias
[2022-06-13T02:06:17.296+0000][1][safepoint    ] Leaving safepoint region
[2022-06-13T02:06:17.296+0000][1][safepoint    ] Total time for which application threads were stopped: 0.0002616 seconds, Stopping threads took: 0.0001087 seconds
[2022-06-13T02:06:17.296+0000][1][safepoint    ] Application time: 0.0000823 seconds
[2022-06-13T02:06:17.296+0000][1][safepoint    ] Entering safepoint region: RevokeBias
[2022-06-13T02:06:17.296+0000][1][safepoint    ] Leaving safepoint region
[2022-06-13T02:06:17.297+0000][1][safepoint    ] Total time for which application threads were stopped: 0.0002958 seconds, Stopping threads took: 0.0001427 seconds
[2022-06-13T02:06:17.297+0000][1][safepoint    ] Application time: 0.0000733 seconds
[2022-06-13T02:06:17.297+0000][1][safepoint    ] Entering safepoint region: RevokeBias
[2022-06-13T02:06:17.297+0000][1][safepoint    ] Leaving safepoint region
[2022-06-13T02:06:17.297+0000][1][safepoint    ] Total time for which application threads were stopped: 0.0003250 seconds, Stopping threads took: 0.0001561 seconds
[2022-06-13T02:06:17.297+0000][1][safepoint    ] Application time: 0.0000632 seconds
[2022-06-13T02:06:17.298+0000][1][safepoint    ] Entering safepoint region: RevokeBias
[2022-06-13T02:06:17.298+0000][1][safepoint    ] Leaving safepoint region
[2022-06-13T02:06:17.298+0000][1][safepoint    ] Total time for which application threads were stopped: 0.0004033 seconds, Stopping threads took: 0.0002294 seconds
[2022-06-13T02:06:17.298+0000][1][safepoint    ] Application time: 0.0000862 seconds
[2022-06-13T02:06:17.298+0000][1][safepoint    ] Entering safepoint region: RevokeBias
[2022-06-13T02:06:17.298+0000][1][safepoint    ] Leaving safepoint region
[2022-06-13T02:06:17.298+0000][1][safepoint    ] Total time for which application threads were stopped: 0.0002483 seconds, Stopping threads took: 0.0001004 seconds
[2022-06-13T02:06:17.299+0000][1][safepoint    ] Application time: 0.0000752 seconds
[2022-06-13T02:06:17.299+0000][1][safepoint    ] Entering safepoint region: RevokeBias
[2022-06-13T02:06:17.299+0000][1][safepoint    ] Leaving safepoint region
[2022-06-13T02:06:17.299+0000][1][safepoint    ] Total time for which application threads were stopped: 0.0002485 seconds, Stopping threads took: 0.0001225 seconds
[2022-06-13T02:06:17.299+0000][1][safepoint    ] Application time: 0.0000679 seconds
[2022-06-13T02:06:17.299+0000][1][safepoint    ] Entering safepoint region: RevokeBias
[2022-06-13T02:06:17.299+0000][1][safepoint    ] Leaving safepoint region
[2022-06-13T02:06:17.300+0000][1][safepoint    ] Total time for which application threads were stopped: 0.0002667 seconds, Stopping threads took: 0.0001175 seconds
[2022-06-13T02:06:17.300+0000][1][safepoint    ] Application time: 0.0000776 seconds
[2022-06-13T02:06:17.300+0000][1][safepoint    ] Entering safepoint region: RevokeBias
[2022-06-13T02:06:17.300+0000][1][safepoint    ] Leaving safepoint region
[2022-06-13T02:06:17.300+0000][1][safepoint    ] Total time for which application threads were stopped: 0.0002709 seconds, Stopping threads took: 0.0001223 seconds
[2022-06-13T02:06:17.300+0000][1][safepoint    ] Application time: 0.0000594 seconds
[2022-06-13T02:06:17.300+0000][1][safepoint    ] Entering safepoint region: RevokeBias
[2022-06-13T02:06:17.301+0000][1][safepoint    ] Leaving safepoint region
[2022-06-13T02:06:17.301+0000][1][safepoint    ] Total time for which application threads were stopped: 0.0002155 seconds, Stopping threads took: 0.0000879 seconds
[2022-06-13T02:06:17.301+0000][1][safepoint    ] Application time: 0.0000588 seconds
[2022-06-13T02:06:17.301+0000][1][safepoint    ] Entering safepoint region: RevokeBias
[2022-06-13T02:06:17.301+0000][1][safepoint    ] Leaving safepoint region
[2022-06-13T02:06:17.301+0000][1][safepoint    ] Total time for which application threads were stopped: 0.0002223 seconds, Stopping threads took: 0.0000991 seconds
[2022-06-13T02:06:17.301+0000][1][safepoint    ] Application time: 0.0000563 seconds
[2022-06-13T02:06:17.301+0000][1][safepoint    ] Entering safepoint region: RevokeBias
[2022-06-13T02:06:17.301+0000][1][safepoint    ] Leaving safepoint region
[2022-06-13T02:06:17.302+0000][1][safepoint    ] Total time for which application threads were stopped: 0.0002470 seconds, Stopping threads took: 0.0000962 seconds
[2022-06-13T02:06:17.302+0000][1][safepoint    ] Application time: 0.0000642 seconds
[2022-06-13T02:06:17.302+0000][1][safepoint    ] Entering safepoint region: RevokeBias
[2022-06-13T02:06:17.302+0000][1][safepoint    ] Leaving safepoint region
[2022-06-13T02:06:17.302+0000][1][safepoint    ] Total time for which application threads were stopped: 0.0002143 seconds, Stopping threads took: 0.0000907 seconds
[2022-06-13T02:06:17.302+0000][1][safepoint    ] Application time: 0.0000636 seconds
[2022-06-13T02:06:17.302+0000][1][safepoint    ] Entering safepoint region: RevokeBias
[2022-06-13T02:06:17.303+0000][1][safepoint    ] Leaving safepoint region
[2022-06-13T02:06:17.303+0000][1][safepoint    ] Total time for which application threads were stopped: 0.0002278 seconds, Stopping threads took: 0.0001071 seconds
[2022-06-13T02:06:17.303+0000][1][safepoint    ] Application time: 0.0000670 seconds
[2022-06-13T02:06:17.303+0000][1][safepoint    ] Entering safepoint region: RevokeBias
[2022-06-13T02:06:17.303+0000][1][safepoint    ] Leaving safepoint region
[2022-06-13T02:06:17.303+0000][1][safepoint    ] Total time for which application threads were stopped: 0.0002315 seconds, Stopping threads took: 0.0001137 seconds
[2022-06-13T02:06:17.303+0000][1][safepoint    ] Application time: 0.0000858 seconds
[2022-06-13T02:06:17.304+0000][1][safepoint    ] Entering safepoint region: RevokeBias
[2022-06-13T02:06:17.304+0000][1][safepoint    ] Leaving safepoint region
[2022-06-13T02:06:17.304+0000][1][safepoint    ] Total time for which application threads were stopped: 0.0004588 seconds, Stopping threads took: 0.0001996 seconds
[2022-06-13T02:06:17.304+0000][1][safepoint    ] Application time: 0.0000758 seconds
[2022-06-13T02:06:17.304+0000][1][safepoint    ] Entering safepoint region: BulkRevokeBias
[2022-06-13T02:06:17.305+0000][1][safepoint    ] Leaving safepoint region
[2022-06-13T02:06:17.305+0000][1][safepoint    ] Total time for which application threads were stopped: 0.0004030 seconds, Stopping threads took: 0.0001296 seconds
[2022-06-13T02:06:17.305+0000][1][safepoint    ] Application time: 0.0002550 seconds
[2022-06-13T02:06:17.305+0000][1][safepoint    ] Entering safepoint region: RevokeBias
[2022-06-13T02:06:17.305+0000][1][safepoint    ] Leaving safepoint region
[2022-06-13T02:06:17.306+0000][1][safepoint    ] Total time for which application threads were stopped: 0.0003197 seconds, Stopping threads took: 0.0001324 seconds
[2022-06-13T02:06:17.306+0000][1][safepoint    ] Application time: 0.0001539 seconds
[2022-06-13T02:06:17.306+0000][1][safepoint    ] Entering safepoint region: RevokeBias
[2022-06-13T02:06:17.306+0000][1][safepoint    ] Leaving safepoint region
[2022-06-13T02:06:17.306+0000][1][safepoint    ] Total time for which application threads were stopped: 0.0003930 seconds, Stopping threads took: 0.0001665 seconds
[2022-06-13T02:06:17.307+0000][1][safepoint    ] Application time: 0.0001675 seconds
[2022-06-13T02:06:17.307+0000][1][safepoint    ] Entering safepoint region: RevokeBias
[2022-06-13T02:06:17.307+0000][1][safepoint    ] Leaving safepoint region
[2022-06-13T02:06:17.307+0000][1][safepoint    ] Total time for which application threads were stopped: 0.0002963 seconds, Stopping threads took: 0.0001475 seconds
[2022-06-13T02:06:17.307+0000][1][safepoint    ] Application time: 0.0001264 seconds
[2022-06-13T02:06:17.308+0000][1][safepoint    ] Entering safepoint region: RevokeBias
[2022-06-13T02:06:17.308+0000][1][safepoint    ] Leaving safepoint region
[2022-06-13T02:06:17.308+0000][1][safepoint    ] Total time for which application threads were stopped: 0.0002624 seconds, Stopping threads took: 0.0001027 seconds
[2022-06-13T02:06:17.308+0000][1][safepoint    ] Application time: 0.0001102 seconds
[2022-06-13T02:06:17.308+0000][1][safepoint    ] Entering safepoint region: RevokeBias
[2022-06-13T02:06:17.308+0000][1][safepoint    ] Leaving safepoint region
[2022-06-13T02:06:17.309+0000][1][safepoint    ] Total time for which application threads were stopped: 0.0003508 seconds, Stopping threads took: 0.0001367 seconds
[2022-06-13T02:06:17.309+0000][1][safepoint    ] Application time: 0.0001114 seconds
[2022-06-13T02:06:17.309+0000][1][safepoint    ] Entering safepoint region: RevokeBias
[2022-06-13T02:06:17.309+0000][1][safepoint    ] Leaving safepoint region
[2022-06-13T02:06:17.309+0000][1][safepoint    ] Total time for which application threads were stopped: 0.0003064 seconds, Stopping threads took: 0.0001031 seconds
[2022-06-13T02:06:17.309+0000][1][safepoint    ] Application time: 0.0001184 seconds
[2022-06-13T02:06:17.310+0000][1][safepoint    ] Entering safepoint region: RevokeBias
[2022-06-13T02:06:17.310+0000][1][safepoint    ] Leaving safepoint region
[2022-06-13T02:06:17.310+0000][1][safepoint    ] Total time for which application threads were stopped: 0.0002607 seconds, Stopping threads took: 0.0001051 seconds
[2022-06-13T02:06:17.310+0000][1][safepoint    ] Application time: 0.0000744 seconds
[2022-06-13T02:06:17.310+0000][1][safepoint    ] Entering safepoint region: RevokeBias
[2022-06-13T02:06:17.310+0000][1][safepoint    ] Leaving safepoint region
[2022-06-13T02:06:17.310+0000][1][safepoint    ] Total time for which application threads were stopped: 0.0002503 seconds, Stopping threads took: 0.0001039 seconds
[2022-06-13T02:06:17.311+0000][1][safepoint    ] Application time: 0.0000673 seconds
[2022-06-13T02:06:17.311+0000][1][safepoint    ] Entering safepoint region: RevokeBias
[2022-06-13T02:06:17.311+0000][1][safepoint    ] Leaving safepoint region
[2022-06-13T02:06:17.311+0000][1][safepoint    ] Total time for which application threads were stopped: 0.0003633 seconds, Stopping threads took: 0.0002364 seconds
[2022-06-13T02:06:17.311+0000][1][safepoint    ] Application time: 0.0000785 seconds
[2022-06-13T02:06:17.311+0000][1][safepoint    ] Entering safepoint region: RevokeBias
[2022-06-13T02:06:17.311+0000][1][safepoint    ] Leaving safepoint region
[2022-06-13T02:06:17.312+0000][1][safepoint    ] Total time for which application threads were stopped: 0.0002389 seconds, Stopping threads took: 0.0001031 seconds
[2022-06-13T02:06:17.312+0000][1][safepoint    ] Application time: 0.0000740 seconds
[2022-06-13T02:06:17.312+0000][1][safepoint    ] Entering safepoint region: RevokeBias
[2022-06-13T02:06:17.312+0000][1][safepoint    ] Leaving safepoint region
[2022-06-13T02:06:17.312+0000][1][safepoint    ] Total time for which application threads were stopped: 0.0002863 seconds, Stopping threads took: 0.0001110 seconds
[2022-06-13T02:06:17.312+0000][1][safepoint    ] Application time: 0.0000678 seconds
[2022-06-13T02:06:17.312+0000][1][safepoint    ] Entering safepoint region: RevokeBias
[2022-06-13T02:06:17.313+0000][1][safepoint    ] Leaving safepoint region
[2022-06-13T02:06:17.313+0000][1][safepoint    ] Total time for which application threads were stopped: 0.0003653 seconds, Stopping threads took: 0.0001634 seconds
[2022-06-13T02:06:17.313+0000][1][safepoint    ] Application time: 0.0000911 seconds
[2022-06-13T02:06:17.313+0000][1][safepoint    ] Entering safepoint region: RevokeBias
[2022-06-13T02:06:17.313+0000][1][safepoint    ] Leaving safepoint region
[2022-06-13T02:06:17.314+0000][1][safepoint    ] Total time for which application threads were stopped: 0.0003518 seconds, Stopping threads took: 0.0001648 seconds
[2022-06-13T02:06:17.314+0000][1][safepoint    ] Application time: 0.0000773 seconds
[2022-06-13T02:06:17.314+0000][1][safepoint    ] Entering safepoint region: RevokeBias
[2022-06-13T02:06:17.314+0000][1][safepoint    ] Leaving safepoint region
[2022-06-13T02:06:17.314+0000][1][safepoint    ] Total time for which application threads were stopped: 0.0002845 seconds, Stopping threads took: 0.0001105 seconds
[2022-06-13T02:06:17.314+0000][1][safepoint    ] Application time: 0.0000653 seconds
[2022-06-13T02:06:17.314+0000][1][safepoint    ] Entering safepoint region: RevokeBias
[2022-06-13T02:06:17.315+0000][1][safepoint    ] Leaving safepoint region
[2022-06-13T02:06:17.315+0000][1][safepoint    ] Total time for which application threads were stopped: 0.0002508 seconds, Stopping threads took: 0.0001053 seconds
[2022-06-13T02:06:17.315+0000][1][safepoint    ] Application time: 0.0000666 seconds
[2022-06-13T02:06:17.315+0000][1][safepoint    ] Entering safepoint region: RevokeBias
[2022-06-13T02:06:17.315+0000][1][safepoint    ] Leaving safepoint region
[2022-06-13T02:06:17.315+0000][1][safepoint    ] Total time for which application threads were stopped: 0.0002742 seconds, Stopping threads took: 0.0001237 seconds
[2022-06-13T02:06:17.315+0000][1][safepoint    ] Application time: 0.0000751 seconds
[2022-06-13T02:06:17.316+0000][1][safepoint    ] Entering safepoint region: RevokeBias
[2022-06-13T02:06:17.316+0000][1][safepoint    ] Leaving safepoint region
[2022-06-13T02:06:17.316+0000][1][safepoint    ] Total time for which application threads were stopped: 0.0002491 seconds, Stopping threads took: 0.0001125 seconds
[2022-06-13T02:06:17.316+0000][1][safepoint    ] Application time: 0.0000738 seconds
[2022-06-13T02:06:17.316+0000][1][safepoint    ] Entering safepoint region: RevokeBias
[2022-06-13T02:06:17.316+0000][1][safepoint    ] Leaving safepoint region
[2022-06-13T02:06:17.316+0000][1][safepoint    ] Total time for which application threads were stopped: 0.0002805 seconds, Stopping threads took: 0.0001155 seconds
[2022-06-13T02:06:17.317+0000][1][safepoint    ] Application time: 0.0000700 seconds
[2022-06-13T02:06:17.317+0000][1][safepoint    ] Entering safepoint region: RevokeBias
[2022-06-13T02:06:17.317+0000][1][safepoint    ] Leaving safepoint region
[2022-06-13T02:06:17.317+0000][1][safepoint    ] Total time for which application threads were stopped: 0.0002699 seconds, Stopping threads took: 0.0001211 seconds
[2022-06-13T02:06:17.317+0000][1][safepoint    ] Application time: 0.0000650 seconds
[2022-06-13T02:06:17.317+0000][1][safepoint    ] Entering safepoint region: RevokeBias
[2022-06-13T02:06:17.317+0000][1][safepoint    ] Leaving safepoint region
[2022-06-13T02:06:17.318+0000][1][safepoint    ] Total time for which application threads were stopped: 0.0002648 seconds, Stopping threads took: 0.0001262 seconds
[2022-06-13T02:06:17.318+0000][1][safepoint    ] Application time: 0.0000642 seconds
[2022-06-13T02:06:17.318+0000][1][safepoint    ] Entering safepoint region: RevokeBias
[2022-06-13T02:06:17.318+0000][1][safepoint    ] Leaving safepoint region
[2022-06-13T02:06:17.318+0000][1][safepoint    ] Total time for which application threads were stopped: 0.0003080 seconds, Stopping threads took: 0.0001373 seconds
[2022-06-13T02:06:17.318+0000][1][safepoint    ] Application time: 0.0000582 seconds
[2022-06-13T02:06:17.318+0000][1][safepoint    ] Entering safepoint region: RevokeBias
[2022-06-13T02:06:17.319+0000][1][safepoint    ] Leaving safepoint region
[2022-06-13T02:06:17.319+0000][1][safepoint    ] Total time for which application threads were stopped: 0.0002604 seconds, Stopping threads took: 0.0001096 seconds
[2022-06-13T02:06:17.319+0000][1][safepoint    ] Application time: 0.0000678 seconds
[2022-06-13T02:06:17.319+0000][1][safepoint    ] Entering safepoint region: BulkRevokeBias
[2022-06-13T02:06:17.319+0000][1][safepoint    ] Leaving safepoint region
[2022-06-13T02:06:17.319+0000][1][safepoint    ] Total time for which application threads were stopped: 0.0003365 seconds, Stopping threads took: 0.0001554 seconds
[2022-06-13T02:06:17.320+0000][1][safepoint    ] Application time: 0.0002800 seconds
[2022-06-13T02:06:17.320+0000][1][safepoint    ] Entering safepoint region: RevokeBias
[2022-06-13T02:06:17.320+0000][1][safepoint    ] Leaving safepoint region
[2022-06-13T02:06:17.320+0000][1][safepoint    ] Total time for which application threads were stopped: 0.0003015 seconds, Stopping threads took: 0.0001296 seconds
[2022-06-13T02:06:17.320+0000][1][safepoint    ] Application time: 0.0001259 seconds
[2022-06-13T02:06:17.321+0000][1][safepoint    ] Entering safepoint region: RevokeBias
[2022-06-13T02:06:17.321+0000][1][safepoint    ] Leaving safepoint region
[2022-06-13T02:06:17.321+0000][1][safepoint    ] Total time for which application threads were stopped: 0.0003653 seconds, Stopping threads took: 0.0001369 seconds
[2022-06-13T02:06:17.321+0000][1][safepoint    ] Application time: 0.0000938 seconds
[2022-06-13T02:06:17.321+0000][1][safepoint    ] Entering safepoint region: RevokeBias
[2022-06-13T02:06:17.322+0000][1][safepoint    ] Leaving safepoint region
[2022-06-13T02:06:17.322+0000][1][safepoint    ] Total time for which application threads were stopped: 0.0003954 seconds, Stopping threads took: 0.0002112 seconds
[2022-06-13T02:06:17.322+0000][1][safepoint    ] Application time: 0.0000754 seconds
[2022-06-13T02:06:17.322+0000][1][safepoint    ] Entering safepoint region: RevokeBias
[2022-06-13T02:06:17.322+0000][1][safepoint    ] Leaving safepoint region
[2022-06-13T02:06:17.322+0000][1][safepoint    ] Total time for which application threads were stopped: 0.0002810 seconds, Stopping threads took: 0.0001093 seconds
[2022-06-13T02:06:17.322+0000][1][safepoint    ] Application time: 0.0000854 seconds
[2022-06-13T02:06:17.323+0000][1][safepoint    ] Entering safepoint region: RevokeBias
[2022-06-13T02:06:17.323+0000][1][safepoint    ] Leaving safepoint region
[2022-06-13T02:06:17.323+0000][1][safepoint    ] Total time for which application threads were stopped: 0.0002586 seconds, Stopping threads took: 0.0001188 seconds
[2022-06-13T02:06:17.323+0000][1][safepoint    ] Application time: 0.0000757 seconds
[2022-06-13T02:06:17.323+0000][1][safepoint    ] Entering safepoint region: RevokeBias
[2022-06-13T02:06:17.323+0000][1][safepoint    ] Leaving safepoint region
[2022-06-13T02:06:17.323+0000][1][safepoint    ] Total time for which application threads were stopped: 0.0002511 seconds, Stopping threads took: 0.0001027 seconds
[2022-06-13T02:06:17.324+0000][1][safepoint    ] Application time: 0.0001244 seconds
[2022-06-13T02:06:17.324+0000][1][safepoint    ] Entering safepoint region: RevokeBias
[2022-06-13T02:06:17.324+0000][1][safepoint    ] Leaving safepoint region
[2022-06-13T02:06:17.324+0000][1][safepoint    ] Total time for which application threads were stopped: 0.0004176 seconds, Stopping threads took: 0.0002512 seconds
[2022-06-13T02:06:17.324+0000][1][safepoint    ] Application time: 0.0001949 seconds
[2022-06-13T02:06:17.325+0000][1][safepoint    ] Entering safepoint region: RevokeBias
[2022-06-13T02:06:17.325+0000][1][safepoint    ] Leaving safepoint region
[2022-06-13T02:06:17.325+0000][1][safepoint    ] Total time for which application threads were stopped: 0.0003153 seconds, Stopping threads took: 0.0001417 seconds
[2022-06-13T02:06:17.325+0000][1][safepoint    ] Application time: 0.0000849 seconds
[2022-06-13T02:06:17.325+0000][1][safepoint    ] Entering safepoint region: RevokeBias
[2022-06-13T02:06:17.325+0000][1][safepoint    ] Leaving safepoint region
[2022-06-13T02:06:17.326+0000][1][safepoint    ] Total time for which application threads were stopped: 0.0002918 seconds, Stopping threads took: 0.0001317 seconds
[2022-06-13T02:06:17.326+0000][1][safepoint    ] Application time: 0.0000813 seconds
[2022-06-13T02:06:17.326+0000][1][safepoint    ] Entering safepoint region: RevokeBias
[2022-06-13T02:06:17.326+0000][1][safepoint    ] Leaving safepoint region
[2022-06-13T02:06:17.326+0000][1][safepoint    ] Total time for which application threads were stopped: 0.0002444 seconds, Stopping threads took: 0.0001208 seconds
[2022-06-13T02:06:17.326+0000][1][safepoint    ] Application time: 0.0000693 seconds
[2022-06-13T02:06:17.326+0000][1][safepoint    ] Entering safepoint region: RevokeBias
[2022-06-13T02:06:17.327+0000][1][safepoint    ] Leaving safepoint region
[2022-06-13T02:06:17.327+0000][1][safepoint    ] Total time for which application threads were stopped: 0.0002344 seconds, Stopping threads took: 0.0001047 seconds
[2022-06-13T02:06:17.327+0000][1][safepoint    ] Application time: 0.0002537 seconds
[2022-06-13T02:06:17.327+0000][1][safepoint    ] Entering safepoint region: RevokeBias
[2022-06-13T02:06:17.327+0000][1][safepoint    ] Leaving safepoint region
[2022-06-13T02:06:17.328+0000][1][safepoint    ] Total time for which application threads were stopped: 0.0004415 seconds, Stopping threads took: 0.0003190 seconds
[2022-06-13T02:06:17.328+0000][1][safepoint    ] Application time: 0.0001613 seconds
[2022-06-13T02:06:17.328+0000][1][safepoint    ] Entering safepoint region: RevokeBias
[2022-06-13T02:06:17.328+0000][1][safepoint    ] Leaving safepoint region
[2022-06-13T02:06:17.328+0000][1][safepoint    ] Total time for which application threads were stopped: 0.0002236 seconds, Stopping threads took: 0.0001116 seconds
[2022-06-13T02:06:17.328+0000][1][safepoint    ] Application time: 0.0001509 seconds
[2022-06-13T02:06:17.329+0000][1][safepoint    ] Entering safepoint region: RevokeBias
[2022-06-13T02:06:17.329+0000][1][safepoint    ] Leaving safepoint region
[2022-06-13T02:06:17.329+0000][1][safepoint    ] Total time for which application threads were stopped: 0.0002775 seconds, Stopping threads took: 0.0001447 seconds
[2022-06-13T02:06:17.329+0000][1][safepoint    ] Application time: 0.0003827 seconds
[2022-06-13T02:06:17.330+0000][1][safepoint    ] Entering safepoint region: RevokeBias
[2022-06-13T02:06:17.330+0000][1][safepoint    ] Leaving safepoint region
[2022-06-13T02:06:17.330+0000][1][safepoint    ] Total time for which application threads were stopped: 0.0005452 seconds, Stopping threads took: 0.0004186 seconds
[2022-06-13T02:06:17.330+0000][1][safepoint    ] Application time: 0.0004046 seconds
[2022-06-13T02:06:17.331+0000][1][safepoint    ] Entering safepoint region: RevokeBias
[2022-06-13T02:06:17.331+0000][1][safepoint    ] Leaving safepoint region
[2022-06-13T02:06:17.331+0000][1][safepoint    ] Total time for which application threads were stopped: 0.0002257 seconds, Stopping threads took: 0.0001031 seconds
[2022-06-13T02:06:17.331+0000][1][safepoint    ] Application time: 0.0001253 seconds
[2022-06-13T02:06:17.331+0000][1][safepoint    ] Entering safepoint region: RevokeBias
[2022-06-13T02:06:17.331+0000][1][safepoint    ] Leaving safepoint region
[2022-06-13T02:06:17.331+0000][1][safepoint    ] Total time for which application threads were stopped: 0.0002942 seconds, Stopping threads took: 0.0001188 seconds
[2022-06-13T02:06:17.332+0000][1][safepoint    ] Application time: 0.0001423 seconds
[2022-06-13T02:06:17.332+0000][1][safepoint    ] Entering safepoint region: RevokeBias
[2022-06-13T02:06:17.332+0000][1][safepoint    ] Leaving safepoint region
[2022-06-13T02:06:17.332+0000][1][safepoint    ] Total time for which application threads were stopped: 0.0004239 seconds, Stopping threads took: 0.0002877 seconds
[2022-06-13T02:06:17.332+0000][1][safepoint    ] Application time: 0.0001016 seconds
[2022-06-13T02:06:17.332+0000][1][safepoint    ] Entering safepoint region: RevokeBias
[2022-06-13T02:06:17.333+0000][1][safepoint    ] Leaving safepoint region
[2022-06-13T02:06:17.333+0000][1][safepoint    ] Total time for which application threads were stopped: 0.0002380 seconds, Stopping threads took: 0.0001054 seconds
[2022-06-13T02:06:17.333+0000][1][safepoint    ] Application time: 0.0002829 seconds
[2022-06-13T02:06:17.333+0000][1][safepoint    ] Entering safepoint region: RevokeBias
[2022-06-13T02:06:17.333+0000][1][safepoint    ] Leaving safepoint region
[2022-06-13T02:06:17.334+0000][1][safepoint    ] Total time for which application threads were stopped: 0.0003027 seconds, Stopping threads took: 0.0001506 seconds
[2022-06-13T02:06:17.334+0000][1][safepoint    ] Application time: 0.0001436 seconds
[2022-06-13T02:06:17.334+0000][1][safepoint    ] Entering safepoint region: RevokeBias
[2022-06-13T02:06:17.334+0000][1][safepoint    ] Leaving safepoint region
[2022-06-13T02:06:17.334+0000][1][safepoint    ] Total time for which application threads were stopped: 0.0004542 seconds, Stopping threads took: 0.0003228 seconds
[2022-06-13T02:06:17.336+0000][1][safepoint    ] Application time: 0.0015094 seconds
[2022-06-13T02:06:17.336+0000][1][safepoint    ] Entering safepoint region: BulkRevokeBias
[2022-06-13T02:06:17.336+0000][1][safepoint    ] Leaving safepoint region
[2022-06-13T02:06:17.337+0000][1][safepoint    ] Total time for which application threads were stopped: 0.0003479 seconds, Stopping threads took: 0.0001383 seconds
[2022-06-13T02:06:17.337+0000][1][safepoint    ] Application time: 0.0001783 seconds
[2022-06-13T02:06:17.337+0000][1][safepoint    ] Entering safepoint region: RevokeBias
[2022-06-13T02:06:17.337+0000][1][safepoint    ] Leaving safepoint region
[2022-06-13T02:06:17.337+0000][1][safepoint    ] Total time for which application threads were stopped: 0.0002769 seconds, Stopping threads took: 0.0001200 seconds
[2022-06-13T02:06:17.337+0000][1][safepoint    ] Application time: 0.0000989 seconds
[2022-06-13T02:06:17.338+0000][1][safepoint    ] Entering safepoint region: RevokeBias
[2022-06-13T02:06:17.338+0000][1][safepoint    ] Leaving safepoint region
[2022-06-13T02:06:17.338+0000][1][safepoint    ] Total time for which application threads were stopped: 0.0002679 seconds, Stopping threads took: 0.0001144 seconds
[2022-06-13T02:06:17.340+0000][1][safepoint    ] Application time: 0.0021801 seconds
[2022-06-13T02:06:17.340+0000][1][safepoint    ] Entering safepoint region: RevokeBias
[2022-06-13T02:06:17.341+0000][1][safepoint    ] Leaving safepoint region
[2022-06-13T02:06:17.341+0000][1][safepoint    ] Total time for which application threads were stopped: 0.0004535 seconds, Stopping threads took: 0.0002351 seconds
[2022-06-13T02:06:17.341+0000][1][safepoint    ] Application time: 0.0000920 seconds
[2022-06-13T02:06:17.341+0000][1][safepoint    ] Entering safepoint region: RevokeBias
[2022-06-13T02:06:17.342+0000][1][safepoint    ] Leaving safepoint region
[2022-06-13T02:06:17.342+0000][1][safepoint    ] Total time for which application threads were stopped: 0.0005267 seconds, Stopping threads took: 0.0003562 seconds
[2022-06-13T02:06:17.342+0000][1][safepoint    ] Application time: 0.0002507 seconds
[2022-06-13T02:06:17.342+0000][1][safepoint    ] Entering safepoint region: RevokeBias
[2022-06-13T02:06:17.342+0000][1][safepoint    ] Leaving safepoint region
[2022-06-13T02:06:17.342+0000][1][safepoint    ] Total time for which application threads were stopped: 0.0002512 seconds, Stopping threads took: 0.0001079 seconds
[2022-06-13T02:06:17.366+0000][1][safepoint    ] Application time: 0.0233680 seconds
[2022-06-13T02:06:17.366+0000][1][safepoint    ] Entering safepoint region: GenCollectForAllocation
[2022-06-13T02:06:17.366+0000][1][gc,start     ] GC(19) Pause Young (Allocation Failure)
[2022-06-13T02:06:17.367+0000][1][gc,task      ] GC(19) Using 5 workers of 13 for evacuation
[2022-06-13T02:06:17.372+0000][1][gc,age       ] GC(19) Desired survivor size 4456448 bytes, new threshold 2 (max threshold 6)
[2022-06-13T02:06:17.372+0000][1][gc,age       ] GC(19) Age table with threshold 2 (max threshold 6)
[2022-06-13T02:06:17.372+0000][1][gc,age       ] GC(19) - age   1:    3009896 bytes,    3009896 total
[2022-06-13T02:06:17.373+0000][1][gc,age       ] GC(19) - age   2:    3871320 bytes,    6881216 total
[2022-06-13T02:06:17.373+0000][1][gc,age       ] GC(19) - age   3:     342184 bytes,    7223400 total
[2022-06-13T02:06:17.373+0000][1][gc,heap      ] GC(19) ParNew: 75243K->7867K(78656K)
[2022-06-13T02:06:17.373+0000][1][gc,heap      ] GC(19) CMS: 55716K->55716K(174784K)
[2022-06-13T02:06:17.373+0000][1][gc,metaspace ] GC(19) Metaspace: 47349K->47349K(1093632K)
[2022-06-13T02:06:17.373+0000][1][gc           ] GC(19) Pause Young (Allocation Failure) 127M->62M(247M) 6.935ms
[2022-06-13T02:06:17.373+0000][1][gc,cpu       ] GC(19) User=0.03s Sys=0.00s Real=0.01s
[2022-06-13T02:06:17.374+0000][1][safepoint    ] Leaving safepoint region
[2022-06-13T02:06:17.374+0000][1][safepoint    ] Total time for which application threads were stopped: 0.0075550 seconds, Stopping threads took: 0.0001667 seconds
[2022-06-13T02:06:17.589+0000][1][safepoint    ] Application time: 0.2154036 seconds
[2022-06-13T02:06:17.590+0000][1][safepoint    ] Entering safepoint region: RevokeBias
[2022-06-13T02:06:17.590+0000][1][safepoint    ] Leaving safepoint region
[2022-06-13T02:06:17.590+0000][1][safepoint    ] Total time for which application threads were stopped: 0.0003944 seconds, Stopping threads took: 0.0001377 seconds
[2022-06-13T02:06:18.008+0000][1][safepoint    ] Application time: 0.4175227 seconds
[2022-06-13T02:06:18.008+0000][1][safepoint    ] Entering safepoint region: GenCollectForAllocation
[2022-06-13T02:06:18.008+0000][1][gc,start     ] GC(20) Pause Young (Allocation Failure)
[2022-06-13T02:06:18.009+0000][1][gc,task      ] GC(20) Using 5 workers of 13 for evacuation
[2022-06-13T02:06:18.019+0000][1][gc,age       ] GC(20) Desired survivor size 4456448 bytes, new threshold 6 (max threshold 6)
[2022-06-13T02:06:18.019+0000][1][gc,age       ] GC(20) Age table with threshold 6 (max threshold 6)
[2022-06-13T02:06:18.020+0000][1][gc,age       ] GC(20) - age   1:    1543056 bytes,    1543056 total
[2022-06-13T02:06:18.020+0000][1][gc,age       ] GC(20) - age   2:    2875648 bytes,    4418704 total
[2022-06-13T02:06:18.020+0000][1][gc,heap      ] GC(20) ParNew: 77819K->6184K(78656K)
[2022-06-13T02:06:18.020+0000][1][gc,heap      ] GC(20) CMS: 55716K->59956K(174784K)
[2022-06-13T02:06:18.021+0000][1][gc,metaspace ] GC(20) Metaspace: 53926K->53926K(1099776K)
[2022-06-13T02:06:18.021+0000][1][gc           ] GC(20) Pause Young (Allocation Failure) 130M->64M(247M) 12.598ms
[2022-06-13T02:06:18.021+0000][1][gc,cpu       ] GC(20) User=0.07s Sys=0.00s Real=0.02s
[2022-06-13T02:06:18.021+0000][1][safepoint    ] Leaving safepoint region
[2022-06-13T02:06:18.021+0000][1][safepoint    ] Total time for which application threads were stopped: 0.0135295 seconds, Stopping threads took: 0.0002179 seconds
[2022-06-13T02:06:18.203+0000][1][safepoint    ] Application time: 0.1818242 seconds
[2022-06-13T02:06:18.204+0000][1][safepoint    ] Entering safepoint region: Deoptimize
[2022-06-13T02:06:18.205+0000][1][safepoint    ] Leaving safepoint region
[2022-06-13T02:06:18.205+0000][1][safepoint    ] Total time for which application threads were stopped: 0.0015028 seconds, Stopping threads took: 0.0001528 seconds
[2022-06-13T02:06:18.215+0000][1][safepoint    ] Application time: 0.0093481 seconds
[2022-06-13T02:06:18.215+0000][1][safepoint    ] Entering safepoint region: RevokeBias
[2022-06-13T02:06:18.215+0000][1][safepoint    ] Leaving safepoint region
[2022-06-13T02:06:18.215+0000][1][safepoint    ] Total time for which application threads were stopped: 0.0004257 seconds, Stopping threads took: 0.0001771 seconds
[2022-06-13T02:06:18.236+0000][1][safepoint    ] Application time: 0.0201690 seconds
[2022-06-13T02:06:18.236+0000][1][safepoint    ] Entering safepoint region: RevokeBias
[2022-06-13T02:06:18.236+0000][1][safepoint    ] Leaving safepoint region
[2022-06-13T02:06:18.236+0000][1][safepoint    ] Total time for which application threads were stopped: 0.0003522 seconds, Stopping threads took: 0.0001457 seconds
[2022-06-13T02:06:18.236+0000][1][safepoint    ] Application time: 0.0001229 seconds
[2022-06-13T02:06:18.237+0000][1][safepoint    ] Entering safepoint region: RevokeBias
[2022-06-13T02:06:18.237+0000][1][safepoint    ] Leaving safepoint region
[2022-06-13T02:06:18.237+0000][1][safepoint    ] Total time for which application threads were stopped: 0.0002538 seconds, Stopping threads took: 0.0001206 seconds
[2022-06-13T02:06:18.237+0000][1][safepoint    ] Application time: 0.0001445 seconds
[2022-06-13T02:06:18.237+0000][1][safepoint    ] Entering safepoint region: RevokeBias
[2022-06-13T02:06:18.237+0000][1][safepoint    ] Leaving safepoint region
[2022-06-13T02:06:18.238+0000][1][safepoint    ] Total time for which application threads were stopped: 0.0003206 seconds, Stopping threads took: 0.0001308 seconds
[2022-06-13T02:06:18.240+0000][1][safepoint    ] Application time: 0.0020924 seconds
[2022-06-13T02:06:18.240+0000][1][safepoint    ] Entering safepoint region: RevokeBias
[2022-06-13T02:06:18.240+0000][1][safepoint    ] Leaving safepoint region
[2022-06-13T02:06:18.240+0000][1][safepoint    ] Total time for which application threads were stopped: 0.0003154 seconds, Stopping threads took: 0.0001381 seconds
[2022-06-13T02:06:18.408+0000][1][safepoint    ] Application time: 0.1680423 seconds
[2022-06-13T02:06:18.409+0000][1][safepoint    ] Entering safepoint region: Deoptimize
[2022-06-13T02:06:18.411+0000][1][safepoint    ] Leaving safepoint region
[2022-06-13T02:06:18.411+0000][1][safepoint    ] Total time for which application threads were stopped: 0.0026474 seconds, Stopping threads took: 0.0002110 seconds
[2022-06-13T02:06:18.624+0000][1][safepoint    ] Application time: 0.2125849 seconds
[2022-06-13T02:06:18.624+0000][1][safepoint    ] Entering safepoint region: RevokeBias
[2022-06-13T02:06:18.625+0000][1][safepoint    ] Leaving safepoint region
[2022-06-13T02:06:18.625+0000][1][safepoint    ] Total time for which application threads were stopped: 0.0004125 seconds, Stopping threads took: 0.0001779 seconds
[2022-06-13T02:06:18.625+0000][1][safepoint    ] Application time: 0.0001136 seconds
[2022-06-13T02:06:18.625+0000][1][safepoint    ] Entering safepoint region: RevokeBias
[2022-06-13T02:06:18.625+0000][1][safepoint    ] Leaving safepoint region
[2022-06-13T02:06:18.625+0000][1][safepoint    ] Total time for which application threads were stopped: 0.0002680 seconds, Stopping threads took: 0.0001098 seconds
[2022-06-13T02:06:18.626+0000][1][safepoint    ] Application time: 0.0001416 seconds
[2022-06-13T02:06:18.626+0000][1][safepoint    ] Entering safepoint region: RevokeBias
[2022-06-13T02:06:18.626+0000][1][safepoint    ] Leaving safepoint region
[2022-06-13T02:06:18.626+0000][1][safepoint    ] Total time for which application threads were stopped: 0.0002532 seconds, Stopping threads took: 0.0001290 seconds
[2022-06-13T02:06:18.626+0000][1][safepoint    ] Application time: 0.0001178 seconds
[2022-06-13T02:06:18.626+0000][1][safepoint    ] Entering safepoint region: RevokeBias
[2022-06-13T02:06:18.627+0000][1][safepoint    ] Leaving safepoint region
[2022-06-13T02:06:18.627+0000][1][safepoint    ] Total time for which application threads were stopped: 0.0002627 seconds, Stopping threads took: 0.0001073 seconds
[2022-06-13T02:06:18.627+0000][1][safepoint    ] Application time: 0.0001132 seconds
[2022-06-13T02:06:18.627+0000][1][safepoint    ] Entering safepoint region: RevokeBias
[2022-06-13T02:06:18.627+0000][1][safepoint    ] Leaving safepoint region
[2022-06-13T02:06:18.627+0000][1][safepoint    ] Total time for which application threads were stopped: 0.0003108 seconds, Stopping threads took: 0.0001385 seconds
[2022-06-13T02:06:18.628+0000][1][safepoint    ] Application time: 0.0001147 seconds
[2022-06-13T02:06:18.628+0000][1][safepoint    ] Entering safepoint region: RevokeBias
[2022-06-13T02:06:18.628+0000][1][safepoint    ] Leaving safepoint region
[2022-06-13T02:06:18.628+0000][1][safepoint    ] Total time for which application threads were stopped: 0.0002575 seconds, Stopping threads took: 0.0001303 seconds
[2022-06-13T02:06:18.715+0000][1][safepoint    ] Application time: 0.0864871 seconds
[2022-06-13T02:06:18.715+0000][1][safepoint    ] Entering safepoint region: RevokeBias
[2022-06-13T02:06:18.715+0000][1][safepoint    ] Leaving safepoint region
[2022-06-13T02:06:18.715+0000][1][safepoint    ] Total time for which application threads were stopped: 0.0003954 seconds, Stopping threads took: 0.0001740 seconds
[2022-06-13T02:06:18.831+0000][1][safepoint    ] Application time: 0.1152553 seconds
[2022-06-13T02:06:18.831+0000][1][safepoint    ] Entering safepoint region: GenCollectForAllocation
[2022-06-13T02:06:18.831+0000][1][gc,start     ] GC(21) Pause Young (Allocation Failure)
[2022-06-13T02:06:18.831+0000][1][gc,task      ] GC(21) Using 5 workers of 13 for evacuation
[2022-06-13T02:06:18.837+0000][1][gc,age       ] GC(21) Desired survivor size 4456448 bytes, new threshold 2 (max threshold 6)
[2022-06-13T02:06:18.837+0000][1][gc,age       ] GC(21) Age table with threshold 2 (max threshold 6)
[2022-06-13T02:06:18.838+0000][1][gc,age       ] GC(21) - age   1:    3484472 bytes,    3484472 total
[2022-06-13T02:06:18.838+0000][1][gc,age       ] GC(21) - age   2:    1417024 bytes,    4901496 total
[2022-06-13T02:06:18.838+0000][1][gc,age       ] GC(21) - age   3:    2837328 bytes,    7738824 total
[2022-06-13T02:06:18.838+0000][1][gc,heap      ] GC(21) ParNew: 76136K->8704K(78656K)
[2022-06-13T02:06:18.838+0000][1][gc,heap      ] GC(21) CMS: 59956K->60616K(174784K)
[2022-06-13T02:06:18.838+0000][1][gc,metaspace ] GC(21) Metaspace: 62039K->62039K(1105920K)
[2022-06-13T02:06:18.839+0000][1][gc           ] GC(21) Pause Young (Allocation Failure) 132M->67M(247M) 7.467ms
[2022-06-13T02:06:18.839+0000][1][gc,cpu       ] GC(21) User=0.03s Sys=0.00s Real=0.00s
[2022-06-13T02:06:18.839+0000][1][safepoint    ] Leaving safepoint region
[2022-06-13T02:06:18.839+0000][1][safepoint    ] Total time for which application threads were stopped: 0.0081878 seconds, Stopping threads took: 0.0001869 seconds
[2022-06-13T02:06:18.882+0000][1][safepoint    ] Application time: 0.0431682 seconds
[2022-06-13T02:06:18.883+0000][1][safepoint    ] Entering safepoint region: Deoptimize
[2022-06-13T02:06:18.884+0000][1][safepoint    ] Leaving safepoint region
[2022-06-13T02:06:18.884+0000][1][safepoint    ] Total time for which application threads were stopped: 0.0014320 seconds, Stopping threads took: 0.0005168 seconds
[2022-06-13T02:06:18.889+0000][1][safepoint    ] Application time: 0.0047596 seconds
[2022-06-13T02:06:18.890+0000][1][safepoint    ] Entering safepoint region: BulkRevokeBias
[2022-06-13T02:06:18.890+0000][1][safepoint    ] Leaving safepoint region
[2022-06-13T02:06:18.891+0000][1][safepoint    ] Total time for which application threads were stopped: 0.0010518 seconds, Stopping threads took: 0.0005117 seconds
[2022-06-13T02:06:18.892+0000][1][safepoint    ] Application time: 0.0011941 seconds
[2022-06-13T02:06:18.892+0000][1][safepoint    ] Entering safepoint region: RevokeBias
[2022-06-13T02:06:18.893+0000][1][safepoint    ] Leaving safepoint region
[2022-06-13T02:06:18.893+0000][1][safepoint    ] Total time for which application threads were stopped: 0.0005534 seconds, Stopping threads took: 0.0003757 seconds
[2022-06-13T02:06:18.893+0000][1][safepoint    ] Application time: 0.0002126 seconds
[2022-06-13T02:06:18.894+0000][1][safepoint    ] Entering safepoint region: RevokeBias
[2022-06-13T02:06:18.894+0000][1][safepoint    ] Leaving safepoint region
[2022-06-13T02:06:18.895+0000][1][safepoint    ] Total time for which application threads were stopped: 0.0008766 seconds, Stopping threads took: 0.0005836 seconds
[2022-06-13T02:06:18.895+0000][1][safepoint    ] Application time: 0.0004345 seconds
[2022-06-13T02:06:18.896+0000][1][safepoint    ] Entering safepoint region: RevokeBias
[2022-06-13T02:06:18.896+0000][1][safepoint    ] Leaving safepoint region
[2022-06-13T02:06:18.896+0000][1][safepoint    ] Total time for which application threads were stopped: 0.0003516 seconds, Stopping threads took: 0.0001271 seconds
[2022-06-13T02:06:18.896+0000][1][safepoint    ] Application time: 0.0002800 seconds
[2022-06-13T02:06:18.897+0000][1][safepoint    ] Entering safepoint region: RevokeBias
[2022-06-13T02:06:18.897+0000][1][safepoint    ] Leaving safepoint region
[2022-06-13T02:06:18.898+0000][1][safepoint    ] Total time for which application threads were stopped: 0.0006953 seconds, Stopping threads took: 0.0002495 seconds
[2022-06-13T02:06:18.898+0000][1][safepoint    ] Application time: 0.0001360 seconds
[2022-06-13T02:06:18.898+0000][1][safepoint    ] Entering safepoint region: RevokeBias
[2022-06-13T02:06:18.899+0000][1][safepoint    ] Leaving safepoint region
[2022-06-13T02:06:18.899+0000][1][safepoint    ] Total time for which application threads were stopped: 0.0004877 seconds, Stopping threads took: 0.0001817 seconds
[2022-06-13T02:06:18.899+0000][1][safepoint    ] Application time: 0.0001863 seconds
[2022-06-13T02:06:18.900+0000][1][safepoint    ] Entering safepoint region: RevokeBias
[2022-06-13T02:06:18.900+0000][1][safepoint    ] Leaving safepoint region
[2022-06-13T02:06:18.900+0000][1][safepoint    ] Total time for which application threads were stopped: 0.0007527 seconds, Stopping threads took: 0.0003799 seconds
[2022-06-13T02:06:18.901+0000][1][safepoint    ] Application time: 0.0002390 seconds
[2022-06-13T02:06:18.901+0000][1][safepoint    ] Entering safepoint region: RevokeBias
[2022-06-13T02:06:18.902+0000][1][safepoint    ] Leaving safepoint region
[2022-06-13T02:06:18.902+0000][1][safepoint    ] Total time for which application threads were stopped: 0.0003702 seconds, Stopping threads took: 0.0001861 seconds
[2022-06-13T02:06:18.902+0000][1][safepoint    ] Application time: 0.0002574 seconds
[2022-06-13T02:06:18.902+0000][1][safepoint    ] Entering safepoint region: RevokeBias
[2022-06-13T02:06:18.903+0000][1][safepoint    ] Leaving safepoint region
[2022-06-13T02:06:18.903+0000][1][safepoint    ] Total time for which application threads were stopped: 0.0002408 seconds, Stopping threads took: 0.0001137 seconds
[2022-06-13T02:06:18.903+0000][1][safepoint    ] Application time: 0.0000737 seconds
[2022-06-13T02:06:18.903+0000][1][safepoint    ] Entering safepoint region: RevokeBias
[2022-06-13T02:06:18.903+0000][1][safepoint    ] Leaving safepoint region
[2022-06-13T02:06:18.903+0000][1][safepoint    ] Total time for which application threads were stopped: 0.0003005 seconds, Stopping threads took: 0.0001245 seconds
[2022-06-13T02:06:18.904+0000][1][safepoint    ] Application time: 0.0005908 seconds
[2022-06-13T02:06:18.904+0000][1][safepoint    ] Entering safepoint region: RevokeBias
[2022-06-13T02:06:18.904+0000][1][safepoint    ] Leaving safepoint region
[2022-06-13T02:06:18.905+0000][1][safepoint    ] Total time for which application threads were stopped: 0.0004455 seconds, Stopping threads took: 0.0001918 seconds
[2022-06-13T02:06:18.906+0000][1][safepoint    ] Application time: 0.0007970 seconds
[2022-06-13T02:06:18.906+0000][1][safepoint    ] Entering safepoint region: RevokeBias
[2022-06-13T02:06:18.906+0000][1][safepoint    ] Leaving safepoint region
[2022-06-13T02:06:18.906+0000][1][safepoint    ] Total time for which application threads were stopped: 0.0003280 seconds, Stopping threads took: 0.0000889 seconds
[2022-06-13T02:06:18.906+0000][1][safepoint    ] Application time: 0.0001281 seconds
[2022-06-13T02:06:18.907+0000][1][safepoint    ] Entering safepoint region: RevokeBias
[2022-06-13T02:06:18.907+0000][1][safepoint    ] Leaving safepoint region
[2022-06-13T02:06:18.907+0000][1][safepoint    ] Total time for which application threads were stopped: 0.0004526 seconds, Stopping threads took: 0.0001617 seconds
[2022-06-13T02:06:18.908+0000][1][safepoint    ] Application time: 0.0010645 seconds
[2022-06-13T02:06:18.908+0000][1][safepoint    ] Entering safepoint region: RevokeBias
[2022-06-13T02:06:18.909+0000][1][safepoint    ] Leaving safepoint region
[2022-06-13T02:06:18.909+0000][1][safepoint    ] Total time for which application threads were stopped: 0.0005591 seconds, Stopping threads took: 0.0003477 seconds
[2022-06-13T02:06:18.910+0000][1][safepoint    ] Application time: 0.0008847 seconds
[2022-06-13T02:06:18.910+0000][1][safepoint    ] Entering safepoint region: Deoptimize
[2022-06-13T02:06:18.911+0000][1][safepoint    ] Leaving safepoint region
[2022-06-13T02:06:18.911+0000][1][safepoint    ] Total time for which application threads were stopped: 0.0009753 seconds, Stopping threads took: 0.0001142 seconds
[2022-06-13T02:06:18.912+0000][1][safepoint    ] Application time: 0.0005732 seconds
[2022-06-13T02:06:18.912+0000][1][safepoint    ] Entering safepoint region: RevokeBias
[2022-06-13T02:06:18.912+0000][1][safepoint    ] Leaving safepoint region
[2022-06-13T02:06:18.912+0000][1][safepoint    ] Total time for which application threads were stopped: 0.0004729 seconds, Stopping threads took: 0.0003027 seconds
[2022-06-13T02:06:18.914+0000][1][safepoint    ] Application time: 0.0010548 seconds
[2022-06-13T02:06:18.914+0000][1][safepoint    ] Entering safepoint region: RevokeBias
[2022-06-13T02:06:18.914+0000][1][safepoint    ] Leaving safepoint region
[2022-06-13T02:06:18.914+0000][1][safepoint    ] Total time for which application threads were stopped: 0.0003337 seconds, Stopping threads took: 0.0001409 seconds
[2022-06-13T02:06:18.914+0000][1][safepoint    ] Application time: 0.0001103 seconds
[2022-06-13T02:06:18.914+0000][1][safepoint    ] Entering safepoint region: RevokeBias
[2022-06-13T02:06:18.915+0000][1][safepoint    ] Leaving safepoint region
[2022-06-13T02:06:18.915+0000][1][safepoint    ] Total time for which application threads were stopped: 0.0003161 seconds, Stopping threads took: 0.0001606 seconds
[2022-06-13T02:06:18.915+0000][1][safepoint    ] Application time: 0.0001327 seconds
[2022-06-13T02:06:18.915+0000][1][safepoint    ] Entering safepoint region: RevokeBias
[2022-06-13T02:06:18.915+0000][1][safepoint    ] Leaving safepoint region
[2022-06-13T02:06:18.915+0000][1][safepoint    ] Total time for which application threads were stopped: 0.0002574 seconds, Stopping threads took: 0.0001206 seconds
[2022-06-13T02:06:18.916+0000][1][safepoint    ] Application time: 0.0001803 seconds
[2022-06-13T02:06:18.916+0000][1][safepoint    ] Entering safepoint region: RevokeBias
[2022-06-13T02:06:18.916+0000][1][safepoint    ] Leaving safepoint region
[2022-06-13T02:06:18.917+0000][1][safepoint    ] Total time for which application threads were stopped: 0.0004536 seconds, Stopping threads took: 0.0002314 seconds
[2022-06-13T02:06:18.917+0000][1][safepoint    ] Application time: 0.0002306 seconds
[2022-06-13T02:06:18.917+0000][1][safepoint    ] Entering safepoint region: RevokeBias
[2022-06-13T02:06:18.917+0000][1][safepoint    ] Leaving safepoint region
[2022-06-13T02:06:18.917+0000][1][safepoint    ] Total time for which application threads were stopped: 0.0002986 seconds, Stopping threads took: 0.0001285 seconds
[2022-06-13T02:06:18.953+0000][1][safepoint    ] Application time: 0.0349256 seconds
[2022-06-13T02:06:18.953+0000][1][safepoint    ] Entering safepoint region: RevokeBias
[2022-06-13T02:06:18.953+0000][1][safepoint    ] Leaving safepoint region
[2022-06-13T02:06:18.953+0000][1][safepoint    ] Total time for which application threads were stopped: 0.0003419 seconds, Stopping threads took: 0.0001977 seconds
[2022-06-13T02:06:18.954+0000][1][safepoint    ] Application time: 0.0001802 seconds
[2022-06-13T02:06:18.954+0000][1][safepoint    ] Entering safepoint region: RevokeBias
[2022-06-13T02:06:18.954+0000][1][safepoint    ] Leaving safepoint region
[2022-06-13T02:06:18.954+0000][1][safepoint    ] Total time for which application threads were stopped: 0.0003293 seconds, Stopping threads took: 0.0001337 seconds
[2022-06-13T02:06:18.955+0000][1][safepoint    ] Application time: 0.0004581 seconds
[2022-06-13T02:06:18.955+0000][1][safepoint    ] Entering safepoint region: RevokeBias
[2022-06-13T02:06:18.955+0000][1][safepoint    ] Leaving safepoint region
[2022-06-13T02:06:18.955+0000][1][safepoint    ] Total time for which application threads were stopped: 0.0003194 seconds, Stopping threads took: 0.0001717 seconds
[2022-06-13T02:06:18.956+0000][1][safepoint    ] Application time: 0.0005289 seconds
[2022-06-13T02:06:18.956+0000][1][safepoint    ] Entering safepoint region: RevokeBias
[2022-06-13T02:06:18.956+0000][1][safepoint    ] Leaving safepoint region
[2022-06-13T02:06:18.956+0000][1][safepoint    ] Total time for which application threads were stopped: 0.0003092 seconds, Stopping threads took: 0.0001560 seconds
[2022-06-13T02:06:18.957+0000][1][safepoint    ] Application time: 0.0006477 seconds
[2022-06-13T02:06:18.957+0000][1][safepoint    ] Entering safepoint region: RevokeBias
[2022-06-13T02:06:18.957+0000][1][safepoint    ] Leaving safepoint region
[2022-06-13T02:06:18.958+0000][1][safepoint    ] Total time for which application threads were stopped: 0.0003271 seconds, Stopping threads took: 0.0001697 seconds
[2022-06-13T02:06:18.958+0000][1][safepoint    ] Application time: 0.0001186 seconds
[2022-06-13T02:06:18.958+0000][1][safepoint    ] Entering safepoint region: RevokeBias
[2022-06-13T02:06:18.958+0000][1][safepoint    ] Leaving safepoint region
[2022-06-13T02:06:18.958+0000][1][safepoint    ] Total time for which application threads were stopped: 0.0003722 seconds, Stopping threads took: 0.0002230 seconds
[2022-06-13T02:06:18.959+0000][1][safepoint    ] Application time: 0.0003734 seconds
[2022-06-13T02:06:18.959+0000][1][safepoint    ] Entering safepoint region: RevokeBias
[2022-06-13T02:06:18.960+0000][1][safepoint    ] Leaving safepoint region
[2022-06-13T02:06:18.960+0000][1][safepoint    ] Total time for which application threads were stopped: 0.0008198 seconds, Stopping threads took: 0.0006788 seconds
[2022-06-13T02:06:18.960+0000][1][safepoint    ] Application time: 0.0002032 seconds
[2022-06-13T02:06:18.960+0000][1][safepoint    ] Entering safepoint region: RevokeBias
[2022-06-13T02:06:18.960+0000][1][safepoint    ] Leaving safepoint region
[2022-06-13T02:06:18.961+0000][1][safepoint    ] Total time for which application threads were stopped: 0.0003495 seconds, Stopping threads took: 0.0001724 seconds
[2022-06-13T02:06:18.961+0000][1][safepoint    ] Application time: 0.0000972 seconds
[2022-06-13T02:06:18.961+0000][1][safepoint    ] Entering safepoint region: RevokeBias
[2022-06-13T02:06:18.961+0000][1][safepoint    ] Leaving safepoint region
[2022-06-13T02:06:18.961+0000][1][safepoint    ] Total time for which application threads were stopped: 0.0003001 seconds, Stopping threads took: 0.0001711 seconds
[2022-06-13T02:06:18.961+0000][1][safepoint    ] Application time: 0.0002060 seconds
[2022-06-13T02:06:18.962+0000][1][safepoint    ] Entering safepoint region: RevokeBias
[2022-06-13T02:06:18.962+0000][1][safepoint    ] Leaving safepoint region
[2022-06-13T02:06:18.962+0000][1][safepoint    ] Total time for which application threads were stopped: 0.0004990 seconds, Stopping threads took: 0.0003551 seconds
[2022-06-13T02:06:18.962+0000][1][safepoint    ] Application time: 0.0001018 seconds
[2022-06-13T02:06:18.963+0000][1][safepoint    ] Entering safepoint region: RevokeBias
[2022-06-13T02:06:18.963+0000][1][safepoint    ] Leaving safepoint region
[2022-06-13T02:06:18.963+0000][1][safepoint    ] Total time for which application threads were stopped: 0.0003502 seconds, Stopping threads took: 0.0001385 seconds
[2022-06-13T02:06:18.964+0000][1][safepoint    ] Application time: 0.0006175 seconds
[2022-06-13T02:06:18.964+0000][1][safepoint    ] Entering safepoint region: RevokeBias
[2022-06-13T02:06:18.964+0000][1][safepoint    ] Leaving safepoint region
[2022-06-13T02:06:18.965+0000][1][safepoint    ] Total time for which application threads were stopped: 0.0005226 seconds, Stopping threads took: 0.0003037 seconds
[2022-06-13T02:06:18.965+0000][1][safepoint    ] Application time: 0.0001448 seconds
[2022-06-13T02:06:18.965+0000][1][safepoint    ] Entering safepoint region: RevokeBias
[2022-06-13T02:06:18.965+0000][1][safepoint    ] Leaving safepoint region
[2022-06-13T02:06:18.965+0000][1][safepoint    ] Total time for which application threads were stopped: 0.0004623 seconds, Stopping threads took: 0.0001814 seconds
[2022-06-13T02:06:18.966+0000][1][safepoint    ] Application time: 0.0001359 seconds
[2022-06-13T02:06:18.966+0000][1][safepoint    ] Entering safepoint region: RevokeBias
[2022-06-13T02:06:18.966+0000][1][safepoint    ] Leaving safepoint region
[2022-06-13T02:06:18.967+0000][1][safepoint    ] Total time for which application threads were stopped: 0.0006110 seconds, Stopping threads took: 0.0003215 seconds
[2022-06-13T02:06:18.967+0000][1][safepoint    ] Application time: 0.0001226 seconds
[2022-06-13T02:06:18.967+0000][1][safepoint    ] Entering safepoint region: RevokeBias
[2022-06-13T02:06:18.967+0000][1][safepoint    ] Leaving safepoint region
[2022-06-13T02:06:18.968+0000][1][safepoint    ] Total time for which application threads were stopped: 0.0005623 seconds, Stopping threads took: 0.0001852 seconds
[2022-06-13T02:06:18.969+0000][1][safepoint    ] Application time: 0.0006136 seconds
[2022-06-13T02:06:18.969+0000][1][safepoint    ] Entering safepoint region: RevokeBias
[2022-06-13T02:06:18.969+0000][1][safepoint    ] Leaving safepoint region
[2022-06-13T02:06:18.970+0000][1][safepoint    ] Total time for which application threads were stopped: 0.0006708 seconds, Stopping threads took: 0.0003868 seconds
[2022-06-13T02:06:18.971+0000][1][safepoint    ] Application time: 0.0007098 seconds
[2022-06-13T02:06:18.971+0000][1][safepoint    ] Entering safepoint region: RevokeBias
[2022-06-13T02:06:18.971+0000][1][safepoint    ] Leaving safepoint region
[2022-06-13T02:06:18.971+0000][1][safepoint    ] Total time for which application threads were stopped: 0.0005328 seconds, Stopping threads took: 0.0003620 seconds
[2022-06-13T02:06:18.972+0000][1][safepoint    ] Application time: 0.0005608 seconds
[2022-06-13T02:06:18.972+0000][1][safepoint    ] Entering safepoint region: RevokeBias
[2022-06-13T02:06:18.973+0000][1][safepoint    ] Leaving safepoint region
[2022-06-13T02:06:18.973+0000][1][safepoint    ] Total time for which application threads were stopped: 0.0004372 seconds, Stopping threads took: 0.0001652 seconds
[2022-06-13T02:06:18.973+0000][1][safepoint    ] Application time: 0.0001278 seconds
[2022-06-13T02:06:18.973+0000][1][safepoint    ] Entering safepoint region: RevokeBias
[2022-06-13T02:06:18.974+0000][1][safepoint    ] Leaving safepoint region
[2022-06-13T02:06:18.974+0000][1][safepoint    ] Total time for which application threads were stopped: 0.0004297 seconds, Stopping threads took: 0.0002078 seconds
[2022-06-13T02:06:18.974+0000][1][safepoint    ] Application time: 0.0001397 seconds
[2022-06-13T02:06:18.974+0000][1][safepoint    ] Entering safepoint region: RevokeBias
[2022-06-13T02:06:18.974+0000][1][safepoint    ] Leaving safepoint region
[2022-06-13T02:06:18.974+0000][1][safepoint    ] Total time for which application threads were stopped: 0.0002746 seconds, Stopping threads took: 0.0001342 seconds
[2022-06-13T02:06:18.975+0000][1][safepoint    ] Application time: 0.0005631 seconds
[2022-06-13T02:06:18.975+0000][1][safepoint    ] Entering safepoint region: RevokeBias
[2022-06-13T02:06:18.975+0000][1][safepoint    ] Leaving safepoint region
[2022-06-13T02:06:18.976+0000][1][safepoint    ] Total time for which application threads were stopped: 0.0002788 seconds, Stopping threads took: 0.0001228 seconds
[2022-06-13T02:06:18.976+0000][1][safepoint    ] Application time: 0.0000901 seconds
[2022-06-13T02:06:18.976+0000][1][safepoint    ] Entering safepoint region: RevokeBias
[2022-06-13T02:06:18.976+0000][1][safepoint    ] Leaving safepoint region
[2022-06-13T02:06:18.976+0000][1][safepoint    ] Total time for which application threads were stopped: 0.0002912 seconds, Stopping threads took: 0.0001176 seconds
[2022-06-13T02:06:18.976+0000][1][safepoint    ] Application time: 0.0001192 seconds
[2022-06-13T02:06:18.977+0000][1][safepoint    ] Entering safepoint region: RevokeBias
[2022-06-13T02:06:18.977+0000][1][safepoint    ] Leaving safepoint region
[2022-06-13T02:06:18.977+0000][1][safepoint    ] Total time for which application threads were stopped: 0.0003208 seconds, Stopping threads took: 0.0001587 seconds
[2022-06-13T02:06:18.977+0000][1][safepoint    ] Application time: 0.0003476 seconds
[2022-06-13T02:06:18.978+0000][1][safepoint    ] Entering safepoint region: RevokeBias
[2022-06-13T02:06:18.978+0000][1][safepoint    ] Leaving safepoint region
[2022-06-13T02:06:18.978+0000][1][safepoint    ] Total time for which application threads were stopped: 0.0002751 seconds, Stopping threads took: 0.0001172 seconds
[2022-06-13T02:06:18.978+0000][1][safepoint    ] Application time: 0.0000596 seconds
[2022-06-13T02:06:18.978+0000][1][safepoint    ] Entering safepoint region: RevokeBias
[2022-06-13T02:06:18.978+0000][1][safepoint    ] Leaving safepoint region
[2022-06-13T02:06:18.978+0000][1][safepoint    ] Total time for which application threads were stopped: 0.0002534 seconds, Stopping threads took: 0.0001011 seconds
[2022-06-13T02:06:18.981+0000][1][safepoint    ] Application time: 0.0024202 seconds
[2022-06-13T02:06:18.981+0000][1][safepoint    ] Entering safepoint region: RevokeBias
[2022-06-13T02:06:18.981+0000][1][safepoint    ] Leaving safepoint region
[2022-06-13T02:06:18.982+0000][1][safepoint    ] Total time for which application threads were stopped: 0.0003662 seconds, Stopping threads took: 0.0001958 seconds
[2022-06-13T02:06:18.982+0000][1][safepoint    ] Application time: 0.0001167 seconds
[2022-06-13T02:06:18.982+0000][1][safepoint    ] Entering safepoint region: RevokeBias
[2022-06-13T02:06:18.983+0000][1][safepoint    ] Leaving safepoint region
[2022-06-13T02:06:18.983+0000][1][safepoint    ] Total time for which application threads were stopped: 0.0007226 seconds, Stopping threads took: 0.0004118 seconds
[2022-06-13T02:06:18.985+0000][1][safepoint    ] Application time: 0.0021712 seconds
[2022-06-13T02:06:18.985+0000][1][safepoint    ] Entering safepoint region: RevokeBias
[2022-06-13T02:06:18.986+0000][1][safepoint    ] Leaving safepoint region
[2022-06-13T02:06:18.986+0000][1][safepoint    ] Total time for which application threads were stopped: 0.0004268 seconds, Stopping threads took: 0.0002224 seconds
[2022-06-13T02:06:18.986+0000][1][safepoint    ] Application time: 0.0005074 seconds
[2022-06-13T02:06:18.987+0000][1][safepoint    ] Entering safepoint region: RevokeBias
[2022-06-13T02:06:18.987+0000][1][safepoint    ] Leaving safepoint region
[2022-06-13T02:06:18.987+0000][1][safepoint    ] Total time for which application threads were stopped: 0.0003211 seconds, Stopping threads took: 0.0001586 seconds
[2022-06-13T02:06:18.987+0000][1][safepoint    ] Application time: 0.0000903 seconds
[2022-06-13T02:06:18.987+0000][1][safepoint    ] Entering safepoint region: RevokeBias
[2022-06-13T02:06:18.988+0000][1][safepoint    ] Leaving safepoint region
[2022-06-13T02:06:18.988+0000][1][safepoint    ] Total time for which application threads were stopped: 0.0003637 seconds, Stopping threads took: 0.0002116 seconds
[2022-06-13T02:06:18.988+0000][1][safepoint    ] Application time: 0.0000689 seconds
[2022-06-13T02:06:18.988+0000][1][safepoint    ] Entering safepoint region: RevokeBias
[2022-06-13T02:06:18.988+0000][1][safepoint    ] Leaving safepoint region
[2022-06-13T02:06:18.988+0000][1][safepoint    ] Total time for which application threads were stopped: 0.0003210 seconds, Stopping threads took: 0.0001635 seconds
[2022-06-13T02:06:18.989+0000][1][safepoint    ] Application time: 0.0005645 seconds
[2022-06-13T02:06:18.989+0000][1][safepoint    ] Entering safepoint region: RevokeBias
[2022-06-13T02:06:18.989+0000][1][safepoint    ] Leaving safepoint region
[2022-06-13T02:06:18.989+0000][1][safepoint    ] Total time for which application threads were stopped: 0.0002797 seconds, Stopping threads took: 0.0001435 seconds
[2022-06-13T02:06:18.990+0000][1][safepoint    ] Application time: 0.0000789 seconds
[2022-06-13T02:06:18.990+0000][1][safepoint    ] Entering safepoint region: RevokeBias
[2022-06-13T02:06:18.990+0000][1][safepoint    ] Leaving safepoint region
[2022-06-13T02:06:18.990+0000][1][safepoint    ] Total time for which application threads were stopped: 0.0003356 seconds, Stopping threads took: 0.0001799 seconds
[2022-06-13T02:06:18.992+0000][1][safepoint    ] Application time: 0.0017859 seconds
[2022-06-13T02:06:18.992+0000][1][safepoint    ] Entering safepoint region: RevokeBias
[2022-06-13T02:06:18.992+0000][1][safepoint    ] Leaving safepoint region
[2022-06-13T02:06:18.993+0000][1][safepoint    ] Total time for which application threads were stopped: 0.0005214 seconds, Stopping threads took: 0.0002322 seconds
[2022-06-13T02:06:18.993+0000][1][safepoint    ] Application time: 0.0002198 seconds
[2022-06-13T02:06:18.993+0000][1][safepoint    ] Entering safepoint region: RevokeBias
[2022-06-13T02:06:18.994+0000][1][safepoint    ] Leaving safepoint region
[2022-06-13T02:06:18.994+0000][1][safepoint    ] Total time for which application threads were stopped: 0.0005503 seconds, Stopping threads took: 0.0002458 seconds
[2022-06-13T02:06:18.997+0000][1][safepoint    ] Application time: 0.0028445 seconds
[2022-06-13T02:06:18.997+0000][1][safepoint    ] Entering safepoint region: RevokeBias
[2022-06-13T02:06:18.997+0000][1][safepoint    ] Leaving safepoint region
[2022-06-13T02:06:18.997+0000][1][safepoint    ] Total time for which application threads were stopped: 0.0004312 seconds, Stopping threads took: 0.0001590 seconds
[2022-06-13T02:06:18.998+0000][1][safepoint    ] Application time: 0.0001745 seconds
[2022-06-13T02:06:18.998+0000][1][safepoint    ] Entering safepoint region: RevokeBias
[2022-06-13T02:06:18.998+0000][1][safepoint    ] Leaving safepoint region
[2022-06-13T02:06:18.999+0000][1][safepoint    ] Total time for which application threads were stopped: 0.0006640 seconds, Stopping threads took: 0.0001763 seconds
[2022-06-13T02:06:18.999+0000][1][safepoint    ] Application time: 0.0003389 seconds
[2022-06-13T02:06:19.000+0000][1][safepoint    ] Entering safepoint region: RevokeBias
[2022-06-13T02:06:19.000+0000][1][safepoint    ] Leaving safepoint region
[2022-06-13T02:06:19.000+0000][1][safepoint    ] Total time for which application threads were stopped: 0.0004153 seconds, Stopping threads took: 0.0001209 seconds
[2022-06-13T02:06:19.000+0000][1][safepoint    ] Application time: 0.0000850 seconds
[2022-06-13T02:06:19.000+0000][1][safepoint    ] Entering safepoint region: RevokeBias
[2022-06-13T02:06:19.001+0000][1][safepoint    ] Leaving safepoint region
[2022-06-13T02:06:19.001+0000][1][safepoint    ] Total time for which application threads were stopped: 0.0005008 seconds, Stopping threads took: 0.0002437 seconds
[2022-06-13T02:06:19.003+0000][1][safepoint    ] Application time: 0.0022212 seconds
[2022-06-13T02:06:19.003+0000][1][safepoint    ] Entering safepoint region: RevokeBias
[2022-06-13T02:06:19.004+0000][1][safepoint    ] Leaving safepoint region
[2022-06-13T02:06:19.004+0000][1][safepoint    ] Total time for which application threads were stopped: 0.0004423 seconds, Stopping threads took: 0.0002814 seconds
[2022-06-13T02:06:19.004+0000][1][safepoint    ] Application time: 0.0001184 seconds
[2022-06-13T02:06:19.004+0000][1][safepoint    ] Entering safepoint region: RevokeBias
[2022-06-13T02:06:19.004+0000][1][safepoint    ] Leaving safepoint region
[2022-06-13T02:06:19.005+0000][1][safepoint    ] Total time for which application threads were stopped: 0.0003644 seconds, Stopping threads took: 0.0001865 seconds
[2022-06-13T02:06:19.005+0000][1][safepoint    ] Application time: 0.0001191 seconds
[2022-06-13T02:06:19.005+0000][1][safepoint    ] Entering safepoint region: RevokeBias
[2022-06-13T02:06:19.005+0000][1][safepoint    ] Leaving safepoint region
[2022-06-13T02:06:19.005+0000][1][safepoint    ] Total time for which application threads were stopped: 0.0003257 seconds, Stopping threads took: 0.0001859 seconds
[2022-06-13T02:06:19.006+0000][1][safepoint    ] Application time: 0.0001464 seconds
[2022-06-13T02:06:19.006+0000][1][safepoint    ] Entering safepoint region: RevokeBias
[2022-06-13T02:06:19.006+0000][1][safepoint    ] Leaving safepoint region
[2022-06-13T02:06:19.006+0000][1][safepoint    ] Total time for which application threads were stopped: 0.0003783 seconds, Stopping threads took: 0.0001949 seconds
[2022-06-13T02:06:19.008+0000][1][safepoint    ] Application time: 0.0014922 seconds
[2022-06-13T02:06:19.008+0000][1][safepoint    ] Entering safepoint region: RevokeBias
[2022-06-13T02:06:19.009+0000][1][safepoint    ] Leaving safepoint region
[2022-06-13T02:06:19.009+0000][1][safepoint    ] Total time for which application threads were stopped: 0.0005595 seconds, Stopping threads took: 0.0001475 seconds
[2022-06-13T02:06:19.217+0000][1][safepoint    ] Application time: 0.2074699 seconds
[2022-06-13T02:06:19.217+0000][1][safepoint    ] Entering safepoint region: RevokeBias
[2022-06-13T02:06:19.217+0000][1][safepoint    ] Leaving safepoint region
[2022-06-13T02:06:19.218+0000][1][safepoint    ] Total time for which application threads were stopped: 0.0008736 seconds, Stopping threads took: 0.0003056 seconds
[2022-06-13T02:06:19.706+0000][1][safepoint    ] Application time: 0.4875906 seconds
[2022-06-13T02:06:19.706+0000][1][safepoint    ] Entering safepoint region: RevokeBias
[2022-06-13T02:06:19.707+0000][1][safepoint    ] Leaving safepoint region
[2022-06-13T02:06:19.707+0000][1][safepoint    ] Total time for which application threads were stopped: 0.0011014 seconds, Stopping threads took: 0.0004692 seconds
[2022-06-13T02:06:19.708+0000][1][safepoint    ] Application time: 0.0001459 seconds
[2022-06-13T02:06:19.708+0000][1][safepoint    ] Entering safepoint region: RevokeBias
[2022-06-13T02:06:19.709+0000][1][safepoint    ] Leaving safepoint region
[2022-06-13T02:06:19.709+0000][1][safepoint    ] Total time for which application threads were stopped: 0.0006028 seconds, Stopping threads took: 0.0002848 seconds
[2022-06-13T02:06:19.709+0000][1][safepoint    ] Application time: 0.0001110 seconds
[2022-06-13T02:06:19.710+0000][1][safepoint    ] Entering safepoint region: RevokeBias
[2022-06-13T02:06:19.710+0000][1][safepoint    ] Leaving safepoint region
[2022-06-13T02:06:19.710+0000][1][safepoint    ] Total time for which application threads were stopped: 0.0005293 seconds, Stopping threads took: 0.0002520 seconds
[2022-06-13T02:06:19.711+0000][1][safepoint    ] Application time: 0.0001744 seconds
[2022-06-13T02:06:19.711+0000][1][safepoint    ] Entering safepoint region: RevokeBias
[2022-06-13T02:06:19.711+0000][1][safepoint    ] Leaving safepoint region
[2022-06-13T02:06:19.712+0000][1][safepoint    ] Total time for which application threads were stopped: 0.0006627 seconds, Stopping threads took: 0.0003171 seconds
[2022-06-13T02:06:19.712+0000][1][safepoint    ] Application time: 0.0001357 seconds
[2022-06-13T02:06:19.712+0000][1][safepoint    ] Entering safepoint region: RevokeBias
[2022-06-13T02:06:19.713+0000][1][safepoint    ] Leaving safepoint region
[2022-06-13T02:06:19.713+0000][1][safepoint    ] Total time for which application threads were stopped: 0.0005298 seconds, Stopping threads took: 0.0002508 seconds
[2022-06-13T02:06:19.713+0000][1][safepoint    ] Application time: 0.0001084 seconds
[2022-06-13T02:06:19.714+0000][1][safepoint    ] Entering safepoint region: RevokeBias
[2022-06-13T02:06:19.714+0000][1][safepoint    ] Leaving safepoint region
[2022-06-13T02:06:19.714+0000][1][safepoint    ] Total time for which application threads were stopped: 0.0005815 seconds, Stopping threads took: 0.0002662 seconds
[2022-06-13T02:06:19.715+0000][1][safepoint    ] Application time: 0.0001036 seconds
[2022-06-13T02:06:19.715+0000][1][safepoint    ] Entering safepoint region: RevokeBias
[2022-06-13T02:06:19.715+0000][1][safepoint    ] Leaving safepoint region
[2022-06-13T02:06:19.716+0000][1][safepoint    ] Total time for which application threads were stopped: 0.0008610 seconds, Stopping threads took: 0.0004136 seconds
[2022-06-13T02:06:19.717+0000][1][safepoint    ] Application time: 0.0002138 seconds
[2022-06-13T02:06:19.717+0000][1][safepoint    ] Entering safepoint region: RevokeBias
[2022-06-13T02:06:19.718+0000][1][safepoint    ] Leaving safepoint region
[2022-06-13T02:06:19.718+0000][1][safepoint    ] Total time for which application threads were stopped: 0.0010416 seconds, Stopping threads took: 0.0005166 seconds
[2022-06-13T02:06:19.954+0000][1][safepoint    ] Application time: 0.2351914 seconds
[2022-06-13T02:06:19.954+0000][1][safepoint    ] Entering safepoint region: RevokeBias
[2022-06-13T02:06:19.955+0000][1][safepoint    ] Leaving safepoint region
[2022-06-13T02:06:19.955+0000][1][safepoint    ] Total time for which application threads were stopped: 0.0008020 seconds, Stopping threads took: 0.0003373 seconds
[2022-06-13T02:06:21.956+0000][1][safepoint    ] Application time: 2.0002607 seconds
[2022-06-13T02:06:21.956+0000][1][safepoint    ] Entering safepoint region: Cleanup
[2022-06-13T02:06:21.957+0000][1][safepoint    ] Leaving safepoint region
[2022-06-13T02:06:21.957+0000][1][safepoint    ] Total time for which application threads were stopped: 0.0009950 seconds, Stopping threads took: 0.0005498 seconds
[2022-06-13T02:06:21.994+0000][1][safepoint    ] Application time: 0.0364715 seconds
[2022-06-13T02:06:21.995+0000][1][safepoint    ] Entering safepoint region: RevokeBias
[2022-06-13T02:06:21.995+0000][1][safepoint    ] Leaving safepoint region
[2022-06-13T02:06:21.996+0000][1][safepoint    ] Total time for which application threads were stopped: 0.0013079 seconds, Stopping threads took: 0.0007649 seconds
[2022-06-13T02:06:21.997+0000][1][safepoint    ] Application time: 0.0002267 seconds
[2022-06-13T02:06:21.997+0000][1][safepoint    ] Entering safepoint region: RevokeBias
[2022-06-13T02:06:21.997+0000][1][safepoint    ] Leaving safepoint region
[2022-06-13T02:06:21.998+0000][1][safepoint    ] Total time for which application threads were stopped: 0.0009896 seconds, Stopping threads took: 0.0005314 seconds
[2022-06-13T02:06:21.999+0000][1][safepoint    ] Application time: 0.0004651 seconds
[2022-06-13T02:06:21.999+0000][1][safepoint    ] Entering safepoint region: RevokeBias
[2022-06-13T02:06:22.000+0000][1][safepoint    ] Leaving safepoint region
[2022-06-13T02:06:22.000+0000][1][safepoint    ] Total time for which application threads were stopped: 0.0011586 seconds, Stopping threads took: 0.0005959 seconds
[2022-06-13T02:06:22.957+0000][1][safepoint    ] Application time: 0.9561791 seconds
[2022-06-13T02:06:22.957+0000][1][safepoint    ] Entering safepoint region: RevokeBias
[2022-06-13T02:06:22.957+0000][1][safepoint    ] Leaving safepoint region
[2022-06-13T02:06:22.958+0000][1][safepoint    ] Total time for which application threads were stopped: 0.0003454 seconds, Stopping threads took: 0.0001543 seconds
[2022-06-13T02:06:22.958+0000][1][safepoint    ] Application time: 0.0003595 seconds
[2022-06-13T02:06:22.958+0000][1][safepoint    ] Entering safepoint region: RevokeBias
[2022-06-13T02:06:22.958+0000][1][safepoint    ] Leaving safepoint region
[2022-06-13T02:06:22.959+0000][1][safepoint    ] Total time for which application threads were stopped: 0.0003352 seconds, Stopping threads took: 0.0001756 seconds
[2022-06-13T02:06:22.959+0000][1][safepoint    ] Application time: 0.0001217 seconds
[2022-06-13T02:06:22.959+0000][1][safepoint    ] Entering safepoint region: RevokeBias
[2022-06-13T02:06:22.959+0000][1][safepoint    ] Leaving safepoint region
[2022-06-13T02:06:22.959+0000][1][safepoint    ] Total time for which application threads were stopped: 0.0005129 seconds, Stopping threads took: 0.0003281 seconds
[2022-06-13T02:06:22.960+0000][1][safepoint    ] Application time: 0.0001300 seconds
[2022-06-13T02:06:22.960+0000][1][safepoint    ] Entering safepoint region: RevokeBias
[2022-06-13T02:06:22.960+0000][1][safepoint    ] Leaving safepoint region
[2022-06-13T02:06:22.960+0000][1][safepoint    ] Total time for which application threads were stopped: 0.0005323 seconds, Stopping threads took: 0.0002134 seconds
[2022-06-13T02:06:22.961+0000][1][safepoint    ] Application time: 0.0000798 seconds
[2022-06-13T02:06:22.961+0000][1][safepoint    ] Entering safepoint region: RevokeBias
[2022-06-13T02:06:22.961+0000][1][safepoint    ] Leaving safepoint region
[2022-06-13T02:06:22.961+0000][1][safepoint    ] Total time for which application threads were stopped: 0.0003999 seconds, Stopping threads took: 0.0001534 seconds
[2022-06-13T02:06:22.961+0000][1][safepoint    ] Application time: 0.0001157 seconds
[2022-06-13T02:06:22.962+0000][1][safepoint    ] Entering safepoint region: RevokeBias
[2022-06-13T02:06:22.962+0000][1][safepoint    ] Leaving safepoint region
[2022-06-13T02:06:22.962+0000][1][safepoint    ] Total time for which application threads were stopped: 0.0004474 seconds, Stopping threads took: 0.0002831 seconds
[2022-06-13T02:06:22.962+0000][1][safepoint    ] Application time: 0.0001712 seconds
[2022-06-13T02:06:22.963+0000][1][safepoint    ] Entering safepoint region: RevokeBias
[2022-06-13T02:06:22.963+0000][1][safepoint    ] Leaving safepoint region
[2022-06-13T02:06:22.963+0000][1][safepoint    ] Total time for which application threads were stopped: 0.0005462 seconds, Stopping threads took: 0.0002874 seconds
[2022-06-13T02:06:23.964+0000][1][safepoint    ] Application time: 1.0001884 seconds
[2022-06-13T02:06:23.964+0000][1][safepoint    ] Entering safepoint region: Cleanup
[2022-06-13T02:06:23.964+0000][1][safepoint    ] Leaving safepoint region
[2022-06-13T02:06:23.965+0000][1][safepoint    ] Total time for which application threads were stopped: 0.0007153 seconds, Stopping threads took: 0.0003114 seconds
[2022-06-13T02:06:25.958+0000][1][safepoint    ] Application time: 1.9926061 seconds
[2022-06-13T02:06:25.958+0000][1][safepoint    ] Entering safepoint region: RevokeBias
[2022-06-13T02:06:25.959+0000][1][safepoint    ] Leaving safepoint region
[2022-06-13T02:06:25.959+0000][1][safepoint    ] Total time for which application threads were stopped: 0.0010617 seconds, Stopping threads took: 0.0004709 seconds
[2022-06-13T02:06:25.960+0000][1][safepoint    ] Application time: 0.0005472 seconds
[2022-06-13T02:06:25.960+0000][1][safepoint    ] Entering safepoint region: RevokeBias
[2022-06-13T02:06:25.961+0000][1][safepoint    ] Leaving safepoint region
[2022-06-13T02:06:25.961+0000][1][safepoint    ] Total time for which application threads were stopped: 0.0008018 seconds, Stopping threads took: 0.0003924 seconds
[2022-06-13T02:06:25.962+0000][1][safepoint    ] Application time: 0.0008803 seconds
[2022-06-13T02:06:25.963+0000][1][safepoint    ] Entering safepoint region: RevokeBias
[2022-06-13T02:06:25.963+0000][1][safepoint    ] Leaving safepoint region
[2022-06-13T02:06:25.964+0000][1][safepoint    ] Total time for which application threads were stopped: 0.0010433 seconds, Stopping threads took: 0.0005253 seconds
[2022-06-13T02:06:25.965+0000][1][safepoint    ] Application time: 0.0007682 seconds
[2022-06-13T02:06:25.965+0000][1][safepoint    ] Entering safepoint region: RevokeBias
[2022-06-13T02:06:25.966+0000][1][safepoint    ] Leaving safepoint region
[2022-06-13T02:06:25.966+0000][1][safepoint    ] Total time for which application threads were stopped: 0.0009531 seconds, Stopping threads took: 0.0005240 seconds
[2022-06-13T02:06:25.967+0000][1][safepoint    ] Application time: 0.0005852 seconds
[2022-06-13T02:06:25.967+0000][1][safepoint    ] Entering safepoint region: RevokeBias
[2022-06-13T02:06:25.968+0000][1][safepoint    ] Leaving safepoint region
[2022-06-13T02:06:25.968+0000][1][safepoint    ] Total time for which application threads were stopped: 0.0007887 seconds, Stopping threads took: 0.0004365 seconds
[2022-06-13T02:06:25.969+0000][1][safepoint    ] Application time: 0.0003469 seconds
[2022-06-13T02:06:25.969+0000][1][safepoint    ] Entering safepoint region: RevokeBias
[2022-06-13T02:06:25.970+0000][1][safepoint    ] Leaving safepoint region
[2022-06-13T02:06:25.970+0000][1][safepoint    ] Total time for which application threads were stopped: 0.0008943 seconds, Stopping threads took: 0.0003693 seconds
[2022-06-13T02:06:25.971+0000][1][safepoint    ] Application time: 0.0001906 seconds
[2022-06-13T02:06:25.971+0000][1][safepoint    ] Entering safepoint region: RevokeBias
[2022-06-13T02:06:25.971+0000][1][safepoint    ] Leaving safepoint region
[2022-06-13T02:06:25.972+0000][1][safepoint    ] Total time for which application threads were stopped: 0.0008441 seconds, Stopping threads took: 0.0004076 seconds
[2022-06-13T02:06:25.972+0000][1][safepoint    ] Application time: 0.0002701 seconds
[2022-06-13T02:06:25.973+0000][1][safepoint    ] Entering safepoint region: RevokeBias
[2022-06-13T02:06:25.973+0000][1][safepoint    ] Leaving safepoint region
[2022-06-13T02:06:25.973+0000][1][safepoint    ] Total time for which application threads were stopped: 0.0006329 seconds, Stopping threads took: 0.0001634 seconds
[2022-06-13T02:06:25.974+0000][1][safepoint    ] Application time: 0.0005528 seconds
[2022-06-13T02:06:25.975+0000][1][safepoint    ] Entering safepoint region: RevokeBias
[2022-06-13T02:06:25.975+0000][1][safepoint    ] Leaving safepoint region
[2022-06-13T02:06:25.975+0000][1][safepoint    ] Total time for which application threads were stopped: 0.0005630 seconds, Stopping threads took: 0.0003200 seconds
[2022-06-13T02:06:26.962+0000][1][safepoint    ] Application time: 0.9867863 seconds
[2022-06-13T02:06:26.963+0000][1][safepoint    ] Entering safepoint region: RevokeBias
[2022-06-13T02:06:26.963+0000][1][safepoint    ] Leaving safepoint region
[2022-06-13T02:06:26.963+0000][1][safepoint    ] Total time for which application threads were stopped: 0.0006640 seconds, Stopping threads took: 0.0003220 seconds
[2022-06-13T02:06:26.964+0000][1][safepoint    ] Application time: 0.0005220 seconds
[2022-06-13T02:06:26.964+0000][1][safepoint    ] Entering safepoint region: RevokeBias
[2022-06-13T02:06:26.965+0000][1][safepoint    ] Leaving safepoint region
[2022-06-13T02:06:26.965+0000][1][safepoint    ] Total time for which application threads were stopped: 0.0006306 seconds, Stopping threads took: 0.0003076 seconds
[2022-06-13T02:06:26.966+0000][1][safepoint    ] Application time: 0.0002655 seconds
[2022-06-13T02:06:26.966+0000][1][safepoint    ] Entering safepoint region: RevokeBias
[2022-06-13T02:06:26.966+0000][1][safepoint    ] Leaving safepoint region
[2022-06-13T02:06:26.967+0000][1][safepoint    ] Total time for which application threads were stopped: 0.0007698 seconds, Stopping threads took: 0.0003895 seconds
[2022-06-13T02:06:26.968+0000][1][safepoint    ] Application time: 0.0005289 seconds
[2022-06-13T02:06:26.968+0000][1][safepoint    ] Entering safepoint region: RevokeBias
[2022-06-13T02:06:26.968+0000][1][safepoint    ] Leaving safepoint region
[2022-06-13T02:06:26.968+0000][1][safepoint    ] Total time for which application threads were stopped: 0.0006019 seconds, Stopping threads took: 0.0002960 seconds
[2022-06-13T02:06:27.111+0000][1][safepoint    ] Application time: 0.1421853 seconds
[2022-06-13T02:06:27.112+0000][1][safepoint    ] Entering safepoint region: RevokeBias
[2022-06-13T02:06:27.112+0000][1][safepoint    ] Leaving safepoint region
[2022-06-13T02:06:27.112+0000][1][safepoint    ] Total time for which application threads were stopped: 0.0005072 seconds, Stopping threads took: 0.0002763 seconds
[2022-06-13T02:06:27.112+0000][1][safepoint    ] Application time: 0.0002118 seconds
[2022-06-13T02:06:27.113+0000][1][safepoint    ] Entering safepoint region: RevokeBias
[2022-06-13T02:06:27.113+0000][1][safepoint    ] Leaving safepoint region
[2022-06-13T02:06:27.113+0000][1][safepoint    ] Total time for which application threads were stopped: 0.0003687 seconds, Stopping threads took: 0.0001214 seconds
[2022-06-13T02:06:28.114+0000][1][safepoint    ] Application time: 1.0002252 seconds
[2022-06-13T02:06:28.114+0000][1][safepoint    ] Entering safepoint region: Cleanup
[2022-06-13T02:06:28.114+0000][1][safepoint    ] Leaving safepoint region
[2022-06-13T02:06:28.115+0000][1][safepoint    ] Total time for which application threads were stopped: 0.0008377 seconds, Stopping threads took: 0.0002370 seconds
[2022-06-13T02:06:28.966+0000][1][safepoint    ] Application time: 0.8504175 seconds
[2022-06-13T02:06:28.966+0000][1][safepoint    ] Entering safepoint region: RevokeBias
[2022-06-13T02:06:28.966+0000][1][safepoint    ] Leaving safepoint region
[2022-06-13T02:06:28.967+0000][1][safepoint    ] Total time for which application threads were stopped: 0.0005864 seconds, Stopping threads took: 0.0003360 seconds
[2022-06-13T02:06:28.967+0000][1][safepoint    ] Application time: 0.0007133 seconds
[2022-06-13T02:06:28.968+0000][1][safepoint    ] Entering safepoint region: RevokeBias
[2022-06-13T02:06:28.968+0000][1][safepoint    ] Leaving safepoint region
[2022-06-13T02:06:28.968+0000][1][safepoint    ] Total time for which application threads were stopped: 0.0002952 seconds, Stopping threads took: 0.0001107 seconds
[2022-06-13T02:06:29.962+0000][1][safepoint    ] Application time: 0.9944423 seconds
[2022-06-13T02:06:29.963+0000][1][safepoint    ] Entering safepoint region: RevokeBias
[2022-06-13T02:06:29.963+0000][1][safepoint    ] Leaving safepoint region
[2022-06-13T02:06:29.964+0000][1][safepoint    ] Total time for which application threads were stopped: 0.0011497 seconds, Stopping threads took: 0.0006245 seconds
[2022-06-13T02:06:29.966+0000][1][safepoint    ] Application time: 0.0011944 seconds
[2022-06-13T02:06:29.966+0000][1][safepoint    ] Entering safepoint region: RevokeBias
[2022-06-13T02:06:29.966+0000][1][safepoint    ] Leaving safepoint region
[2022-06-13T02:06:29.967+0000][1][safepoint    ] Total time for which application threads were stopped: 0.0010449 seconds, Stopping threads took: 0.0004482 seconds
[2022-06-13T02:06:29.968+0000][1][safepoint    ] Application time: 0.0004246 seconds
[2022-06-13T02:06:29.968+0000][1][safepoint    ] Entering safepoint region: RevokeBias
[2022-06-13T02:06:29.969+0000][1][safepoint    ] Leaving safepoint region
[2022-06-13T02:06:29.969+0000][1][safepoint    ] Total time for which application threads were stopped: 0.0009644 seconds, Stopping threads took: 0.0003475 seconds
[2022-06-13T02:06:29.970+0000][1][safepoint    ] Application time: 0.0002429 seconds
[2022-06-13T02:06:29.970+0000][1][safepoint    ] Entering safepoint region: RevokeBias
[2022-06-13T02:06:29.971+0000][1][safepoint    ] Leaving safepoint region
[2022-06-13T02:06:29.971+0000][1][safepoint    ] Total time for which application threads were stopped: 0.0010199 seconds, Stopping threads took: 0.0004884 seconds
[2022-06-13T02:06:29.972+0000][1][safepoint    ] Application time: 0.0002206 seconds
[2022-06-13T02:06:29.972+0000][1][safepoint    ] Entering safepoint region: RevokeBias
[2022-06-13T02:06:29.973+0000][1][safepoint    ] Leaving safepoint region
[2022-06-13T02:06:29.973+0000][1][safepoint    ] Total time for which application threads were stopped: 0.0006786 seconds, Stopping threads took: 0.0002478 seconds
[2022-06-13T02:06:29.974+0000][1][safepoint    ] Application time: 0.0002060 seconds
[2022-06-13T02:06:29.974+0000][1][safepoint    ] Entering safepoint region: RevokeBias
[2022-06-13T02:06:29.974+0000][1][safepoint    ] Leaving safepoint region
[2022-06-13T02:06:29.975+0000][1][safepoint    ] Total time for which application threads were stopped: 0.0009005 seconds, Stopping threads took: 0.0004783 seconds
[2022-06-13T02:06:29.976+0000][1][safepoint    ] Application time: 0.0004679 seconds
[2022-06-13T02:06:29.976+0000][1][safepoint    ] Entering safepoint region: RevokeBias
[2022-06-13T02:06:29.977+0000][1][safepoint    ] Leaving safepoint region
[2022-06-13T02:06:29.977+0000][1][safepoint    ] Total time for which application threads were stopped: 0.0009154 seconds, Stopping threads took: 0.0004263 seconds
[2022-06-13T02:06:30.964+0000][1][safepoint    ] Application time: 0.9870497 seconds
[2022-06-13T02:06:30.965+0000][1][safepoint    ] Entering safepoint region: RevokeBias
[2022-06-13T02:06:30.966+0000][1][safepoint    ] Leaving safepoint region
[2022-06-13T02:06:30.967+0000][1][safepoint    ] Total time for which application threads were stopped: 0.0014010 seconds, Stopping threads took: 0.0007189 seconds
[2022-06-13T02:06:30.968+0000][1][safepoint    ] Application time: 0.0005874 seconds
[2022-06-13T02:06:30.968+0000][1][safepoint    ] Entering safepoint region: RevokeBias
[2022-06-13T02:06:30.969+0000][1][safepoint    ] Leaving safepoint region
[2022-06-13T02:06:30.969+0000][1][safepoint    ] Total time for which application threads were stopped: 0.0010267 seconds, Stopping threads took: 0.0004754 seconds
[2022-06-13T02:06:30.970+0000][1][safepoint    ] Application time: 0.0002659 seconds
[2022-06-13T02:06:30.971+0000][1][safepoint    ] Entering safepoint region: RevokeBias
[2022-06-13T02:06:30.971+0000][1][safepoint    ] Leaving safepoint region
[2022-06-13T02:06:30.972+0000][1][safepoint    ] Total time for which application threads were stopped: 0.0013089 seconds, Stopping threads took: 0.0006400 seconds
[2022-06-13T02:06:30.973+0000][1][safepoint    ] Application time: 0.0005374 seconds
[2022-06-13T02:06:30.974+0000][1][safepoint    ] Entering safepoint region: RevokeBias
[2022-06-13T02:06:30.974+0000][1][safepoint    ] Leaving safepoint region
[2022-06-13T02:06:30.975+0000][1][safepoint    ] Total time for which application threads were stopped: 0.0009495 seconds, Stopping threads took: 0.0005064 seconds
[2022-06-13T02:06:31.975+0000][1][safepoint    ] Application time: 1.0003906 seconds
[2022-06-13T02:06:31.976+0000][1][safepoint    ] Entering safepoint region: Cleanup
[2022-06-13T02:06:31.977+0000][1][safepoint    ] Leaving safepoint region
[2022-06-13T02:06:31.977+0000][1][safepoint    ] Total time for which application threads were stopped: 0.0008636 seconds, Stopping threads took: 0.0004286 seconds
[2022-06-13T02:06:32.966+0000][1][safepoint    ] Application time: 0.9882482 seconds
[2022-06-13T02:06:32.966+0000][1][safepoint    ] Entering safepoint region: RevokeBias
[2022-06-13T02:06:32.967+0000][1][safepoint    ] Leaving safepoint region
[2022-06-13T02:06:32.967+0000][1][safepoint    ] Total time for which application threads were stopped: 0.0009656 seconds, Stopping threads took: 0.0005011 seconds
[2022-06-13T02:06:32.967+0000][1][safepoint    ] Application time: 0.0001771 seconds
[2022-06-13T02:06:32.968+0000][1][safepoint    ] Entering safepoint region: RevokeBias
[2022-06-13T02:06:32.968+0000][1][safepoint    ] Leaving safepoint region
[2022-06-13T02:06:32.968+0000][1][safepoint    ] Total time for which application threads were stopped: 0.0007382 seconds, Stopping threads took: 0.0003866 seconds
[2022-06-13T02:06:32.969+0000][1][safepoint    ] Application time: 0.0001318 seconds
[2022-06-13T02:06:32.969+0000][1][safepoint    ] Entering safepoint region: RevokeBias
[2022-06-13T02:06:32.969+0000][1][safepoint    ] Leaving safepoint region
[2022-06-13T02:06:32.970+0000][1][safepoint    ] Total time for which application threads were stopped: 0.0007467 seconds, Stopping threads took: 0.0002830 seconds
[2022-06-13T02:06:33.965+0000][1][safepoint    ] Application time: 0.9944478 seconds
[2022-06-13T02:06:33.965+0000][1][safepoint    ] Entering safepoint region: RevokeBias
[2022-06-13T02:06:33.966+0000][1][safepoint    ] Leaving safepoint region
[2022-06-13T02:06:33.966+0000][1][safepoint    ] Total time for which application threads were stopped: 0.0009560 seconds, Stopping threads took: 0.0004102 seconds
[2022-06-13T02:06:33.967+0000][1][safepoint    ] Application time: 0.0006601 seconds
[2022-06-13T02:06:33.968+0000][1][safepoint    ] Entering safepoint region: RevokeBias
[2022-06-13T02:06:33.969+0000][1][safepoint    ] Leaving safepoint region
[2022-06-13T02:06:33.969+0000][1][safepoint    ] Total time for which application threads were stopped: 0.0015158 seconds, Stopping threads took: 0.0003609 seconds
[2022-06-13T02:06:33.970+0000][1][safepoint    ] Application time: 0.0002080 seconds
[2022-06-13T02:06:33.971+0000][1][safepoint    ] Entering safepoint region: RevokeBias
[2022-06-13T02:06:33.971+0000][1][safepoint    ] Leaving safepoint region
[2022-06-13T02:06:33.972+0000][1][safepoint    ] Total time for which application threads were stopped: 0.0012459 seconds, Stopping threads took: 0.0005213 seconds
[2022-06-13T02:06:33.972+0000][1][safepoint    ] Application time: 0.0001972 seconds
[2022-06-13T02:06:33.973+0000][1][safepoint    ] Entering safepoint region: RevokeBias
[2022-06-13T02:06:33.973+0000][1][safepoint    ] Leaving safepoint region
[2022-06-13T02:06:33.974+0000][1][safepoint    ] Total time for which application threads were stopped: 0.0009235 seconds, Stopping threads took: 0.0005040 seconds
[2022-06-13T02:06:33.974+0000][1][safepoint    ] Application time: 0.0001637 seconds
[2022-06-13T02:06:33.975+0000][1][safepoint    ] Entering safepoint region: RevokeBias
[2022-06-13T02:06:33.975+0000][1][safepoint    ] Leaving safepoint region
[2022-06-13T02:06:33.976+0000][1][safepoint    ] Total time for which application threads were stopped: 0.0012886 seconds, Stopping threads took: 0.0005259 seconds
[2022-06-13T02:06:34.965+0000][1][safepoint    ] Application time: 0.9892498 seconds
[2022-06-13T02:06:34.966+0000][1][safepoint    ] Entering safepoint region: RevokeBias
[2022-06-13T02:06:34.966+0000][1][safepoint    ] Leaving safepoint region
[2022-06-13T02:06:34.966+0000][1][safepoint    ] Total time for which application threads were stopped: 0.0007982 seconds, Stopping threads took: 0.0003819 seconds
[2022-06-13T02:06:34.967+0000][1][safepoint    ] Application time: 0.0004556 seconds
[2022-06-13T02:06:34.967+0000][1][safepoint    ] Entering safepoint region: RevokeBias
[2022-06-13T02:06:34.968+0000][1][safepoint    ] Leaving safepoint region
[2022-06-13T02:06:34.968+0000][1][safepoint    ] Total time for which application threads were stopped: 0.0007763 seconds, Stopping threads took: 0.0003714 seconds
[2022-06-13T02:06:34.969+0000][1][safepoint    ] Application time: 0.0001500 seconds
[2022-06-13T02:06:34.969+0000][1][safepoint    ] Entering safepoint region: BulkRevokeBias
[2022-06-13T02:06:34.970+0000][1][safepoint    ] Leaving safepoint region
[2022-06-13T02:06:34.970+0000][1][safepoint    ] Total time for which application threads were stopped: 0.0009743 seconds, Stopping threads took: 0.0003905 seconds
[2022-06-13T02:06:34.971+0000][1][safepoint    ] Application time: 0.0003004 seconds
[2022-06-13T02:06:34.971+0000][1][safepoint    ] Entering safepoint region: RevokeBias
[2022-06-13T02:06:34.971+0000][1][safepoint    ] Leaving safepoint region
[2022-06-13T02:06:34.971+0000][1][safepoint    ] Total time for which application threads were stopped: 0.0007032 seconds, Stopping threads took: 0.0003653 seconds
[2022-06-13T02:06:35.972+0000][1][safepoint    ] Application time: 1.0002164 seconds
[2022-06-13T02:06:35.972+0000][1][safepoint    ] Entering safepoint region: Cleanup
[2022-06-13T02:06:35.973+0000][1][safepoint    ] Leaving safepoint region
[2022-06-13T02:06:35.973+0000][1][safepoint    ] Total time for which application threads were stopped: 0.0006065 seconds, Stopping threads took: 0.0001655 seconds
[2022-06-13T02:06:36.965+0000][1][safepoint    ] Application time: 0.9919978 seconds
[2022-06-13T02:06:36.966+0000][1][safepoint    ] Entering safepoint region: RevokeBias
[2022-06-13T02:06:36.966+0000][1][safepoint    ] Leaving safepoint region
[2022-06-13T02:06:36.967+0000][1][safepoint    ] Total time for which application threads were stopped: 0.0008773 seconds, Stopping threads took: 0.0004127 seconds
[2022-06-13T02:06:36.968+0000][1][safepoint    ] Application time: 0.0007105 seconds
[2022-06-13T02:06:36.968+0000][1][safepoint    ] Entering safepoint region: RevokeBias
[2022-06-13T02:06:36.968+0000][1][safepoint    ] Leaving safepoint region
[2022-06-13T02:06:36.969+0000][1][safepoint    ] Total time for which application threads were stopped: 0.0007500 seconds, Stopping threads took: 0.0003160 seconds
[2022-06-13T02:06:37.966+0000][1][safepoint    ] Application time: 0.9968188 seconds
[2022-06-13T02:06:37.966+0000][1][safepoint    ] Entering safepoint region: BulkRevokeBias
[2022-06-13T02:06:37.967+0000][1][safepoint    ] Leaving safepoint region
[2022-06-13T02:06:37.968+0000][1][safepoint    ] Total time for which application threads were stopped: 0.0016540 seconds, Stopping threads took: 0.0005667 seconds
[2022-06-13T02:06:37.969+0000][1][safepoint    ] Application time: 0.0005456 seconds
[2022-06-13T02:06:37.969+0000][1][safepoint    ] Entering safepoint region: RevokeBias
[2022-06-13T02:06:37.969+0000][1][safepoint    ] Leaving safepoint region
[2022-06-13T02:06:37.970+0000][1][safepoint    ] Total time for which application threads were stopped: 0.0009466 seconds, Stopping threads took: 0.0004592 seconds
[2022-06-13T02:06:37.971+0000][1][safepoint    ] Application time: 0.0005289 seconds
[2022-06-13T02:06:37.971+0000][1][safepoint    ] Entering safepoint region: RevokeBias
[2022-06-13T02:06:37.972+0000][1][safepoint    ] Leaving safepoint region
[2022-06-13T02:06:37.972+0000][1][safepoint    ] Total time for which application threads were stopped: 0.0007786 seconds, Stopping threads took: 0.0003635 seconds
[2022-06-13T02:06:37.973+0000][1][safepoint    ] Application time: 0.0003721 seconds
[2022-06-13T02:06:37.973+0000][1][safepoint    ] Entering safepoint region: RevokeBias
[2022-06-13T02:06:37.974+0000][1][safepoint    ] Leaving safepoint region
[2022-06-13T02:06:37.974+0000][1][safepoint    ] Total time for which application threads were stopped: 0.0007947 seconds, Stopping threads took: 0.0004477 seconds
[2022-06-13T02:06:37.975+0000][1][safepoint    ] Application time: 0.0004059 seconds
[2022-06-13T02:06:37.975+0000][1][safepoint    ] Entering safepoint region: RevokeBias
[2022-06-13T02:06:37.976+0000][1][safepoint    ] Leaving safepoint region
[2022-06-13T02:06:37.976+0000][1][safepoint    ] Total time for which application threads were stopped: 0.0011813 seconds, Stopping threads took: 0.0006781 seconds
[2022-06-13T02:06:38.967+0000][1][safepoint    ] Application time: 0.9902353 seconds
[2022-06-13T02:06:38.967+0000][1][safepoint    ] Entering safepoint region: RevokeBias
[2022-06-13T02:06:38.967+0000][1][safepoint    ] Leaving safepoint region
[2022-06-13T02:06:38.968+0000][1][safepoint    ] Total time for which application threads were stopped: 0.0007020 seconds, Stopping threads took: 0.0003332 seconds
[2022-06-13T02:06:38.968+0000][1][safepoint    ] Application time: 0.0002877 seconds
[2022-06-13T02:06:38.969+0000][1][safepoint    ] Entering safepoint region: RevokeBias
[2022-06-13T02:06:38.969+0000][1][safepoint    ] Leaving safepoint region
[2022-06-13T02:06:38.969+0000][1][safepoint    ] Total time for which application threads were stopped: 0.0006689 seconds, Stopping threads took: 0.0003197 seconds
[2022-06-13T02:06:38.970+0000][1][safepoint    ] Application time: 0.0002788 seconds
[2022-06-13T02:06:38.970+0000][1][safepoint    ] Entering safepoint region: RevokeBias
[2022-06-13T02:06:38.970+0000][1][safepoint    ] Leaving safepoint region
[2022-06-13T02:06:38.971+0000][1][safepoint    ] Total time for which application threads were stopped: 0.0007366 seconds, Stopping threads took: 0.0003257 seconds
[2022-06-13T02:06:39.971+0000][1][safepoint    ] Application time: 1.0001389 seconds
[2022-06-13T02:06:39.972+0000][1][safepoint    ] Entering safepoint region: Cleanup
[2022-06-13T02:06:39.972+0000][1][safepoint    ] Leaving safepoint region
[2022-06-13T02:06:39.973+0000][1][safepoint    ] Total time for which application threads were stopped: 0.0010774 seconds, Stopping threads took: 0.0005779 seconds
[2022-06-13T02:06:40.969+0000][1][safepoint    ] Application time: 0.9960923 seconds
[2022-06-13T02:06:40.969+0000][1][safepoint    ] Entering safepoint region: RevokeBias
[2022-06-13T02:06:40.970+0000][1][safepoint    ] Leaving safepoint region
[2022-06-13T02:06:40.970+0000][1][safepoint    ] Total time for which application threads were stopped: 0.0005786 seconds, Stopping threads took: 0.0002158 seconds
[2022-06-13T02:06:40.971+0000][1][safepoint    ] Application time: 0.0009694 seconds
[2022-06-13T02:06:40.972+0000][1][safepoint    ] Entering safepoint region: RevokeBias
[2022-06-13T02:06:40.972+0000][1][safepoint    ] Leaving safepoint region
[2022-06-13T02:06:40.972+0000][1][safepoint    ] Total time for which application threads were stopped: 0.0006808 seconds, Stopping threads took: 0.0003280 seconds
[2022-06-13T02:06:41.967+0000][1][safepoint    ] Application time: 0.9946270 seconds
[2022-06-13T02:06:41.968+0000][1][safepoint    ] Entering safepoint region: RevokeBias
[2022-06-13T02:06:41.968+0000][1][safepoint    ] Leaving safepoint region
[2022-06-13T02:06:41.969+0000][1][safepoint    ] Total time for which application threads were stopped: 0.0013131 seconds, Stopping threads took: 0.0006696 seconds
[2022-06-13T02:06:41.971+0000][1][safepoint    ] Application time: 0.0010673 seconds
[2022-06-13T02:06:41.971+0000][1][safepoint    ] Entering safepoint region: RevokeBias
[2022-06-13T02:06:41.971+0000][1][safepoint    ] Leaving safepoint region
[2022-06-13T02:06:41.972+0000][1][safepoint    ] Total time for which application threads were stopped: 0.0009176 seconds, Stopping threads took: 0.0003635 seconds
[2022-06-13T02:06:41.973+0000][1][safepoint    ] Application time: 0.0003734 seconds
[2022-06-13T02:06:41.973+0000][1][safepoint    ] Entering safepoint region: RevokeBias
[2022-06-13T02:06:41.974+0000][1][safepoint    ] Leaving safepoint region
[2022-06-13T02:06:41.974+0000][1][safepoint    ] Total time for which application threads were stopped: 0.0010067 seconds, Stopping threads took: 0.0004391 seconds
[2022-06-13T02:06:41.975+0000][1][safepoint    ] Application time: 0.0004591 seconds
[2022-06-13T02:06:41.975+0000][1][safepoint    ] Entering safepoint region: RevokeBias
[2022-06-13T02:06:41.976+0000][1][safepoint    ] Leaving safepoint region
[2022-06-13T02:06:41.976+0000][1][safepoint    ] Total time for which application threads were stopped: 0.0007182 seconds, Stopping threads took: 0.0003386 seconds
[2022-06-13T02:06:42.969+0000][1][safepoint    ] Application time: 0.9923466 seconds
[2022-06-13T02:06:42.969+0000][1][safepoint    ] Entering safepoint region: RevokeBias
[2022-06-13T02:06:42.970+0000][1][safepoint    ] Leaving safepoint region
[2022-06-13T02:06:42.971+0000][1][safepoint    ] Total time for which application threads were stopped: 0.0010762 seconds, Stopping threads took: 0.0005298 seconds
[2022-06-13T02:06:42.971+0000][1][safepoint    ] Application time: 0.0004343 seconds
[2022-06-13T02:06:42.972+0000][1][safepoint    ] Entering safepoint region: RevokeBias
[2022-06-13T02:06:42.972+0000][1][safepoint    ] Leaving safepoint region
[2022-06-13T02:06:42.973+0000][1][safepoint    ] Total time for which application threads were stopped: 0.0011078 seconds, Stopping threads took: 0.0005861 seconds
[2022-06-13T02:06:42.974+0000][1][safepoint    ] Application time: 0.0006529 seconds
[2022-06-13T02:06:42.974+0000][1][safepoint    ] Entering safepoint region: RevokeBias
[2022-06-13T02:06:42.975+0000][1][safepoint    ] Leaving safepoint region
[2022-06-13T02:06:42.975+0000][1][safepoint    ] Total time for which application threads were stopped: 0.0009552 seconds, Stopping threads took: 0.0004309 seconds
[2022-06-13T02:06:43.976+0000][1][safepoint    ] Application time: 1.0002781 seconds
[2022-06-13T02:06:43.977+0000][1][safepoint    ] Entering safepoint region: Cleanup
[2022-06-13T02:06:43.977+0000][1][safepoint    ] Leaving safepoint region
[2022-06-13T02:06:43.977+0000][1][safepoint    ] Total time for which application threads were stopped: 0.0005421 seconds, Stopping threads took: 0.0002253 seconds
[2022-06-13T02:06:44.971+0000][1][safepoint    ] Application time: 0.9931792 seconds
[2022-06-13T02:06:44.971+0000][1][safepoint    ] Entering safepoint region: RevokeBias
[2022-06-13T02:06:44.971+0000][1][safepoint    ] Leaving safepoint region
[2022-06-13T02:06:44.972+0000][1][safepoint    ] Total time for which application threads were stopped: 0.0009813 seconds, Stopping threads took: 0.0005285 seconds
[2022-06-13T02:06:44.973+0000][1][safepoint    ] Application time: 0.0003226 seconds
[2022-06-13T02:06:44.973+0000][1][safepoint    ] Entering safepoint region: RevokeBias
[2022-06-13T02:06:44.973+0000][1][safepoint    ] Leaving safepoint region
[2022-06-13T02:06:44.974+0000][1][safepoint    ] Total time for which application threads were stopped: 0.0006762 seconds, Stopping threads took: 0.0003163 seconds
[2022-06-13T02:06:44.974+0000][1][safepoint    ] Application time: 0.0001341 seconds
[2022-06-13T02:06:44.974+0000][1][safepoint    ] Entering safepoint region: RevokeBias
[2022-06-13T02:06:44.975+0000][1][safepoint    ] Leaving safepoint region
[2022-06-13T02:06:44.975+0000][1][safepoint    ] Total time for which application threads were stopped: 0.0006614 seconds, Stopping threads took: 0.0003233 seconds
[2022-06-13T02:06:45.970+0000][1][safepoint    ] Application time: 0.9944436 seconds
[2022-06-13T02:06:45.970+0000][1][safepoint    ] Entering safepoint region: RevokeBias
[2022-06-13T02:06:45.971+0000][1][safepoint    ] Leaving safepoint region
[2022-06-13T02:06:45.971+0000][1][safepoint    ] Total time for which application threads were stopped: 0.0011790 seconds, Stopping threads took: 0.0006043 seconds
[2022-06-13T02:06:45.972+0000][1][safepoint    ] Application time: 0.0006648 seconds
[2022-06-13T02:06:45.973+0000][1][safepoint    ] Entering safepoint region: RevokeBias
[2022-06-13T02:06:45.973+0000][1][safepoint    ] Leaving safepoint region
[2022-06-13T02:06:45.973+0000][1][safepoint    ] Total time for which application threads were stopped: 0.0006085 seconds, Stopping threads took: 0.0003204 seconds
[2022-06-13T02:06:45.974+0000][1][safepoint    ] Application time: 0.0003475 seconds
[2022-06-13T02:06:45.974+0000][1][safepoint    ] Entering safepoint region: RevokeBias
[2022-06-13T02:06:45.974+0000][1][safepoint    ] Leaving safepoint region
[2022-06-13T02:06:45.975+0000][1][safepoint    ] Total time for which application threads were stopped: 0.0003990 seconds, Stopping threads took: 0.0001606 seconds
[2022-06-13T02:06:45.975+0000][1][safepoint    ] Application time: 0.0003971 seconds
[2022-06-13T02:06:45.976+0000][1][safepoint    ] Entering safepoint region: RevokeBias
[2022-06-13T02:06:45.976+0000][1][safepoint    ] Leaving safepoint region
[2022-06-13T02:06:45.976+0000][1][safepoint    ] Total time for which application threads were stopped: 0.0006312 seconds, Stopping threads took: 0.0002648 seconds
[2022-06-13T02:06:46.970+0000][1][safepoint    ] Application time: 0.9935101 seconds
[2022-06-13T02:06:46.971+0000][1][safepoint    ] Entering safepoint region: RevokeBias
[2022-06-13T02:06:46.971+0000][1][safepoint    ] Leaving safepoint region
[2022-06-13T02:06:46.972+0000][1][safepoint    ] Total time for which application threads were stopped: 0.0010247 seconds, Stopping threads took: 0.0004198 seconds
[2022-06-13T02:06:46.973+0000][1][safepoint    ] Application time: 0.0006937 seconds
[2022-06-13T02:06:46.974+0000][1][safepoint    ] Entering safepoint region: RevokeBias
[2022-06-13T02:06:46.974+0000][1][safepoint    ] Leaving safepoint region
[2022-06-13T02:06:46.975+0000][1][safepoint    ] Total time for which application threads were stopped: 0.0015123 seconds, Stopping threads took: 0.0006820 seconds
[2022-06-13T02:06:46.976+0000][1][safepoint    ] Application time: 0.0006411 seconds
[2022-06-13T02:06:46.977+0000][1][safepoint    ] Entering safepoint region: RevokeBias
[2022-06-13T02:06:46.977+0000][1][safepoint    ] Leaving safepoint region
[2022-06-13T02:06:46.978+0000][1][safepoint    ] Total time for which application threads were stopped: 0.0010767 seconds, Stopping threads took: 0.0004438 seconds
[2022-06-13T02:06:47.979+0000][1][safepoint    ] Application time: 1.0001375 seconds
[2022-06-13T02:06:47.979+0000][1][safepoint    ] Entering safepoint region: Cleanup
[2022-06-13T02:06:47.979+0000][1][safepoint    ] Leaving safepoint region
[2022-06-13T02:06:47.980+0000][1][safepoint    ] Total time for which application threads were stopped: 0.0007265 seconds, Stopping threads took: 0.0003633 seconds
[2022-06-13T02:06:48.970+0000][1][safepoint    ] Application time: 0.9904111 seconds
[2022-06-13T02:06:48.971+0000][1][safepoint    ] Entering safepoint region: RevokeBias
[2022-06-13T02:06:48.971+0000][1][safepoint    ] Leaving safepoint region
[2022-06-13T02:06:48.971+0000][1][safepoint    ] Total time for which application threads were stopped: 0.0006209 seconds, Stopping threads took: 0.0002674 seconds
[2022-06-13T02:06:48.972+0000][1][safepoint    ] Application time: 0.0008007 seconds
[2022-06-13T02:06:48.973+0000][1][safepoint    ] Entering safepoint region: RevokeBias
[2022-06-13T02:06:48.973+0000][1][safepoint    ] Leaving safepoint region
[2022-06-13T02:06:48.974+0000][1][safepoint    ] Total time for which application threads were stopped: 0.0009495 seconds, Stopping threads took: 0.0005945 seconds
[2022-06-13T02:06:48.975+0000][1][safepoint    ] Application time: 0.0005431 seconds
[2022-06-13T02:06:48.975+0000][1][safepoint    ] Entering safepoint region: RevokeBias
[2022-06-13T02:06:48.975+0000][1][safepoint    ] Leaving safepoint region
[2022-06-13T02:06:48.976+0000][1][safepoint    ] Total time for which application threads were stopped: 0.0007516 seconds, Stopping threads took: 0.0003479 seconds
[2022-06-13T02:06:48.981+0000][1][safepoint    ] Application time: 0.0045649 seconds
[2022-06-13T02:06:48.981+0000][1][safepoint    ] Entering safepoint region: RevokeBias
[2022-06-13T02:06:48.981+0000][1][safepoint    ] Leaving safepoint region
[2022-06-13T02:06:48.982+0000][1][safepoint    ] Total time for which application threads were stopped: 0.0008529 seconds, Stopping threads took: 0.0003551 seconds
[2022-06-13T02:06:48.982+0000][1][safepoint    ] Application time: 0.0003087 seconds
[2022-06-13T02:06:48.983+0000][1][safepoint    ] Entering safepoint region: RevokeBias
[2022-06-13T02:06:48.983+0000][1][safepoint    ] Leaving safepoint region
[2022-06-13T02:06:48.984+0000][1][safepoint    ] Total time for which application threads were stopped: 0.0007074 seconds, Stopping threads took: 0.0003462 seconds
[2022-06-13T02:06:48.986+0000][1][safepoint    ] Application time: 0.0015581 seconds
[2022-06-13T02:06:48.986+0000][1][safepoint    ] Entering safepoint region: RevokeBias
[2022-06-13T02:06:48.986+0000][1][safepoint    ] Leaving safepoint region
[2022-06-13T02:06:48.987+0000][1][safepoint    ] Total time for which application threads were stopped: 0.0007707 seconds, Stopping threads took: 0.0003054 seconds
[2022-06-13T02:06:48.987+0000][1][safepoint    ] Application time: 0.0002696 seconds
[2022-06-13T02:06:48.988+0000][1][safepoint    ] Entering safepoint region: RevokeBias
[2022-06-13T02:06:48.988+0000][1][safepoint    ] Leaving safepoint region
[2022-06-13T02:06:48.988+0000][1][safepoint    ] Total time for which application threads were stopped: 0.0007979 seconds, Stopping threads took: 0.0004406 seconds
[2022-06-13T02:06:49.971+0000][1][safepoint    ] Application time: 0.9817641 seconds
[2022-06-13T02:06:49.971+0000][1][safepoint    ] Entering safepoint region: RevokeBias
[2022-06-13T02:06:49.972+0000][1][safepoint    ] Leaving safepoint region
[2022-06-13T02:06:49.972+0000][1][safepoint    ] Total time for which application threads were stopped: 0.0012374 seconds, Stopping threads took: 0.0005713 seconds
[2022-06-13T02:06:49.973+0000][1][safepoint    ] Application time: 0.0008254 seconds
[2022-06-13T02:06:49.974+0000][1][safepoint    ] Entering safepoint region: RevokeBias
[2022-06-13T02:06:49.975+0000][1][safepoint    ] Leaving safepoint region
[2022-06-13T02:06:49.975+0000][1][safepoint    ] Total time for which application threads were stopped: 0.0011245 seconds, Stopping threads took: 0.0005105 seconds
[2022-06-13T02:06:49.976+0000][1][safepoint    ] Application time: 0.0002886 seconds
[2022-06-13T02:06:49.976+0000][1][safepoint    ] Entering safepoint region: RevokeBias
[2022-06-13T02:06:49.976+0000][1][safepoint    ] Leaving safepoint region
[2022-06-13T02:06:49.977+0000][1][safepoint    ] Total time for which application threads were stopped: 0.0006529 seconds, Stopping threads took: 0.0002321 seconds
[2022-06-13T02:06:49.978+0000][1][safepoint    ] Application time: 0.0003217 seconds
[2022-06-13T02:06:49.978+0000][1][safepoint    ] Entering safepoint region: RevokeBias
[2022-06-13T02:06:49.978+0000][1][safepoint    ] Leaving safepoint region
[2022-06-13T02:06:49.978+0000][1][safepoint    ] Total time for which application threads were stopped: 0.0005168 seconds, Stopping threads took: 0.0002554 seconds
[2022-06-13T02:06:50.972+0000][1][safepoint    ] Application time: 0.9930279 seconds
[2022-06-13T02:06:50.972+0000][1][safepoint    ] Entering safepoint region: BulkRevokeBias
[2022-06-13T02:06:50.973+0000][1][safepoint    ] Leaving safepoint region
[2022-06-13T02:06:50.973+0000][1][safepoint    ] Total time for which application threads were stopped: 0.0011294 seconds, Stopping threads took: 0.0003540 seconds
[2022-06-13T02:06:50.974+0000][1][safepoint    ] Application time: 0.0003959 seconds
[2022-06-13T02:06:50.974+0000][1][safepoint    ] Entering safepoint region: BulkRevokeBias
[2022-06-13T02:06:50.975+0000][1][safepoint    ] Leaving safepoint region
[2022-06-13T02:06:50.975+0000][1][safepoint    ] Total time for which application threads were stopped: 0.0010888 seconds, Stopping threads took: 0.0003888 seconds
[2022-06-13T02:06:50.976+0000][1][safepoint    ] Application time: 0.0003461 seconds
[2022-06-13T02:06:50.976+0000][1][safepoint    ] Entering safepoint region: RevokeBias
[2022-06-13T02:06:50.977+0000][1][safepoint    ] Leaving safepoint region
[2022-06-13T02:06:50.977+0000][1][safepoint    ] Total time for which application threads were stopped: 0.0010630 seconds, Stopping threads took: 0.0004486 seconds
[2022-06-13T02:06:51.978+0000][1][safepoint    ] Application time: 1.0003797 seconds
[2022-06-13T02:06:51.979+0000][1][safepoint    ] Entering safepoint region: Cleanup
[2022-06-13T02:06:51.979+0000][1][safepoint    ] Leaving safepoint region
[2022-06-13T02:06:51.980+0000][1][safepoint    ] Total time for which application threads were stopped: 0.0008817 seconds, Stopping threads took: 0.0002402 seconds
[2022-06-13T02:06:52.974+0000][1][safepoint    ] Application time: 0.9937839 seconds
[2022-06-13T02:06:52.974+0000][1][safepoint    ] Entering safepoint region: RevokeBias
[2022-06-13T02:06:52.975+0000][1][safepoint    ] Leaving safepoint region
[2022-06-13T02:06:52.975+0000][1][safepoint    ] Total time for which application threads were stopped: 0.0008851 seconds, Stopping threads took: 0.0004631 seconds
[2022-06-13T02:06:53.972+0000][1][safepoint    ] Application time: 0.9968411 seconds
[2022-06-13T02:06:53.973+0000][1][safepoint    ] Entering safepoint region: RevokeBias
[2022-06-13T02:06:53.973+0000][1][safepoint    ] Leaving safepoint region
[2022-06-13T02:06:53.974+0000][1][safepoint    ] Total time for which application threads were stopped: 0.0008439 seconds, Stopping threads took: 0.0004450 seconds
[2022-06-13T02:06:53.975+0000][1][safepoint    ] Application time: 0.0005381 seconds
[2022-06-13T02:06:53.975+0000][1][safepoint    ] Entering safepoint region: BulkRevokeBias
[2022-06-13T02:06:53.975+0000][1][safepoint    ] Leaving safepoint region
[2022-06-13T02:06:53.976+0000][1][safepoint    ] Total time for which application threads were stopped: 0.0010103 seconds, Stopping threads took: 0.0002771 seconds
[2022-06-13T02:06:54.976+0000][1][safepoint    ] Application time: 1.0001660 seconds
[2022-06-13T02:06:54.977+0000][1][safepoint    ] Entering safepoint region: Cleanup
[2022-06-13T02:06:54.977+0000][1][safepoint    ] Leaving safepoint region
[2022-06-13T02:06:54.977+0000][1][safepoint    ] Total time for which application threads were stopped: 0.0005740 seconds, Stopping threads took: 0.0002285 seconds
[2022-06-13T02:06:55.978+0000][1][safepoint    ] Application time: 1.0002598 seconds
[2022-06-13T02:06:55.978+0000][1][safepoint    ] Entering safepoint region: Cleanup
[2022-06-13T02:06:55.979+0000][1][safepoint    ] Leaving safepoint region
[2022-06-13T02:06:55.979+0000][1][safepoint    ] Total time for which application threads were stopped: 0.0007733 seconds, Stopping threads took: 0.0003817 seconds
[2022-06-13T02:06:56.974+0000][1][safepoint    ] Application time: 0.9943942 seconds
[2022-06-13T02:06:56.974+0000][1][safepoint    ] Entering safepoint region: RevokeBias
[2022-06-13T02:06:56.975+0000][1][safepoint    ] Leaving safepoint region
[2022-06-13T02:06:56.976+0000][1][safepoint    ] Total time for which application threads were stopped: 0.0018627 seconds, Stopping threads took: 0.0007809 seconds
[2022-06-13T02:06:57.974+0000][1][safepoint    ] Application time: 0.9978691 seconds
[2022-06-13T02:06:57.975+0000][1][safepoint    ] Entering safepoint region: BulkRevokeBias
[2022-06-13T02:06:57.977+0000][1][safepoint    ] Leaving safepoint region
[2022-06-13T02:06:57.977+0000][1][safepoint    ] Total time for which application threads were stopped: 0.0026988 seconds, Stopping threads took: 0.0006022 seconds
[2022-06-13T02:06:58.978+0000][1][safepoint    ] Application time: 1.0002576 seconds
[2022-06-13T02:06:58.979+0000][1][safepoint    ] Entering safepoint region: Cleanup
[2022-06-13T02:06:58.980+0000][1][safepoint    ] Leaving safepoint region
[2022-06-13T02:06:58.980+0000][1][safepoint    ] Total time for which application threads were stopped: 0.0013999 seconds, Stopping threads took: 0.0008461 seconds
[2022-06-13T02:06:59.981+0000][1][safepoint    ] Application time: 1.0002741 seconds
[2022-06-13T02:06:59.982+0000][1][safepoint    ] Entering safepoint region: Cleanup
[2022-06-13T02:06:59.982+0000][1][safepoint    ] Leaving safepoint region
[2022-06-13T02:06:59.982+0000][1][safepoint    ] Total time for which application threads were stopped: 0.0007468 seconds, Stopping threads took: 0.0003803 seconds
[2022-06-13T02:07:00.983+0000][1][safepoint    ] Application time: 1.0001933 seconds
[2022-06-13T02:07:00.983+0000][1][safepoint    ] Entering safepoint region: Cleanup
[2022-06-13T02:07:00.984+0000][1][safepoint    ] Leaving safepoint region
[2022-06-13T02:07:00.985+0000][1][safepoint    ] Total time for which application threads were stopped: 0.0012282 seconds, Stopping threads took: 0.0004896 seconds
[2022-06-13T02:07:01.985+0000][1][safepoint    ] Application time: 1.0001466 seconds
[2022-06-13T02:07:01.985+0000][1][safepoint    ] Entering safepoint region: Cleanup
[2022-06-13T02:07:01.986+0000][1][safepoint    ] Leaving safepoint region
[2022-06-13T02:07:01.987+0000][1][safepoint    ] Total time for which application threads were stopped: 0.0011647 seconds, Stopping threads took: 0.0005323 seconds
[2022-06-13T02:07:02.987+0000][1][safepoint    ] Application time: 1.0001744 seconds
[2022-06-13T02:07:02.988+0000][1][safepoint    ] Entering safepoint region: Cleanup
[2022-06-13T02:07:02.988+0000][1][safepoint    ] Leaving safepoint region
[2022-06-13T02:07:02.988+0000][1][safepoint    ] Total time for which application threads were stopped: 0.0008308 seconds, Stopping threads took: 0.0004103 seconds
[2022-06-13T02:07:03.989+0000][1][safepoint    ] Application time: 1.0001878 seconds
[2022-06-13T02:07:03.990+0000][1][safepoint    ] Entering safepoint region: Cleanup
[2022-06-13T02:07:03.990+0000][1][safepoint    ] Leaving safepoint region
[2022-06-13T02:07:03.991+0000][1][safepoint    ] Total time for which application threads were stopped: 0.0010408 seconds, Stopping threads took: 0.0004847 seconds
[2022-06-13T02:07:04.991+0000][1][safepoint    ] Application time: 1.0001427 seconds
[2022-06-13T02:07:04.991+0000][1][safepoint    ] Entering safepoint region: Cleanup
[2022-06-13T02:07:04.992+0000][1][safepoint    ] Leaving safepoint region
[2022-06-13T02:07:04.992+0000][1][safepoint    ] Total time for which application threads were stopped: 0.0004883 seconds, Stopping threads took: 0.0001910 seconds
[2022-06-13T02:07:05.992+0000][1][safepoint    ] Application time: 1.0001425 seconds
[2022-06-13T02:07:05.992+0000][1][safepoint    ] Entering safepoint region: Cleanup
[2022-06-13T02:07:05.993+0000][1][safepoint    ] Leaving safepoint region
[2022-06-13T02:07:05.993+0000][1][safepoint    ] Total time for which application threads were stopped: 0.0004826 seconds, Stopping threads took: 0.0002303 seconds
[2022-06-13T02:07:06.993+0000][1][safepoint    ] Application time: 1.0001839 seconds
[2022-06-13T02:07:06.994+0000][1][safepoint    ] Entering safepoint region: Cleanup
[2022-06-13T02:07:06.994+0000][1][safepoint    ] Leaving safepoint region
[2022-06-13T02:07:06.994+0000][1][safepoint    ] Total time for which application threads were stopped: 0.0007057 seconds, Stopping threads took: 0.0002772 seconds
[2022-06-13T02:07:07.995+0000][1][safepoint    ] Application time: 1.0001091 seconds
[2022-06-13T02:07:07.995+0000][1][safepoint    ] Entering safepoint region: Cleanup
[2022-06-13T02:07:07.996+0000][1][safepoint    ] Leaving safepoint region
[2022-06-13T02:07:07.996+0000][1][safepoint    ] Total time for which application threads were stopped: 0.0011039 seconds, Stopping threads took: 0.0005245 seconds
[2022-06-13T02:07:08.997+0000][1][safepoint    ] Application time: 1.0001823 seconds
[2022-06-13T02:07:08.997+0000][1][safepoint    ] Entering safepoint region: Cleanup
[2022-06-13T02:07:08.998+0000][1][safepoint    ] Leaving safepoint region
[2022-06-13T02:07:08.998+0000][1][safepoint    ] Total time for which application threads were stopped: 0.0008527 seconds, Stopping threads took: 0.0003066 seconds
[2022-06-13T02:07:10.001+0000][1][safepoint    ] Application time: 1.0025096 seconds
[2022-06-13T02:07:10.001+0000][1][safepoint    ] Entering safepoint region: RevokeBias
[2022-06-13T02:07:10.001+0000][1][safepoint    ] Leaving safepoint region
[2022-06-13T02:07:10.001+0000][1][safepoint    ] Total time for which application threads were stopped: 0.0002706 seconds, Stopping threads took: 0.0001127 seconds
[2022-06-13T02:07:12.002+0000][1][safepoint    ] Application time: 2.0003504 seconds
[2022-06-13T02:07:12.002+0000][1][safepoint    ] Entering safepoint region: Cleanup
[2022-06-13T02:07:12.003+0000][1][safepoint    ] Leaving safepoint region
[2022-06-13T02:07:12.003+0000][1][safepoint    ] Total time for which application threads were stopped: 0.0006824 seconds, Stopping threads took: 0.0002544 seconds
[2022-06-13T02:07:13.003+0000][1][safepoint    ] Application time: 1.0001443 seconds
[2022-06-13T02:07:13.004+0000][1][safepoint    ] Entering safepoint region: Cleanup
[2022-06-13T02:07:13.004+0000][1][safepoint    ] Leaving safepoint region
[2022-06-13T02:07:13.004+0000][1][safepoint    ] Total time for which application threads were stopped: 0.0005165 seconds, Stopping threads took: 0.0002317 seconds
[2022-06-13T02:07:14.005+0000][1][safepoint    ] Application time: 1.0001578 seconds
[2022-06-13T02:07:14.005+0000][1][safepoint    ] Entering safepoint region: Cleanup
[2022-06-13T02:07:14.006+0000][1][safepoint    ] Leaving safepoint region
[2022-06-13T02:07:14.006+0000][1][safepoint    ] Total time for which application threads were stopped: 0.0009182 seconds, Stopping threads took: 0.0004273 seconds
[2022-06-13T02:07:15.007+0000][1][safepoint    ] Application time: 1.0003624 seconds
[2022-06-13T02:07:15.007+0000][1][safepoint    ] Entering safepoint region: Cleanup
[2022-06-13T02:07:15.008+0000][1][safepoint    ] Leaving safepoint region
[2022-06-13T02:07:15.008+0000][1][safepoint    ] Total time for which application threads were stopped: 0.0009101 seconds, Stopping threads took: 0.0002166 seconds
[2022-06-13T02:07:16.009+0000][1][safepoint    ] Application time: 1.0002212 seconds
[2022-06-13T02:07:16.010+0000][1][safepoint    ] Entering safepoint region: Cleanup
[2022-06-13T02:07:16.010+0000][1][safepoint    ] Leaving safepoint region
[2022-06-13T02:07:16.011+0000][1][safepoint    ] Total time for which application threads were stopped: 0.0010405 seconds, Stopping threads took: 0.0004639 seconds
[2022-06-13T02:07:17.011+0000][1][safepoint    ] Application time: 1.0002312 seconds
[2022-06-13T02:07:17.012+0000][1][safepoint    ] Entering safepoint region: Cleanup
[2022-06-13T02:07:17.012+0000][1][safepoint    ] Leaving safepoint region
[2022-06-13T02:07:17.013+0000][1][safepoint    ] Total time for which application threads were stopped: 0.0009410 seconds, Stopping threads took: 0.0004285 seconds
[2022-06-13T02:07:18.013+0000][1][safepoint    ] Application time: 1.0002618 seconds
[2022-06-13T02:07:18.014+0000][1][safepoint    ] Entering safepoint region: Cleanup
[2022-06-13T02:07:18.014+0000][1][safepoint    ] Leaving safepoint region
[2022-06-13T02:07:18.015+0000][1][safepoint    ] Total time for which application threads were stopped: 0.0009065 seconds, Stopping threads took: 0.0004095 seconds
[2022-06-13T02:07:19.015+0000][1][safepoint    ] Application time: 1.0001172 seconds
[2022-06-13T02:07:19.016+0000][1][safepoint    ] Entering safepoint region: Cleanup
[2022-06-13T02:07:19.016+0000][1][safepoint    ] Leaving safepoint region
[2022-06-13T02:07:19.017+0000][1][safepoint    ] Total time for which application threads were stopped: 0.0006573 seconds, Stopping threads took: 0.0003123 seconds
[2022-06-13T02:07:20.017+0000][1][safepoint    ] Application time: 1.0001227 seconds
[2022-06-13T02:07:20.017+0000][1][safepoint    ] Entering safepoint region: Cleanup
[2022-06-13T02:07:20.017+0000][1][safepoint    ] Leaving safepoint region
[2022-06-13T02:07:20.018+0000][1][safepoint    ] Total time for which application threads were stopped: 0.0004340 seconds, Stopping threads took: 0.0001714 seconds
[2022-06-13T02:07:21.018+0000][1][safepoint    ] Application time: 1.0001766 seconds
[2022-06-13T02:07:21.018+0000][1][safepoint    ] Entering safepoint region: Cleanup
[2022-06-13T02:07:21.019+0000][1][safepoint    ] Leaving safepoint region
[2022-06-13T02:07:21.020+0000][1][safepoint    ] Total time for which application threads were stopped: 0.0012972 seconds, Stopping threads took: 0.0004827 seconds
[2022-06-13T02:07:22.021+0000][1][safepoint    ] Application time: 1.0002414 seconds
[2022-06-13T02:07:22.021+0000][1][safepoint    ] Entering safepoint region: Cleanup
[2022-06-13T02:07:22.022+0000][1][safepoint    ] Leaving safepoint region
[2022-06-13T02:07:22.022+0000][1][safepoint    ] Total time for which application threads were stopped: 0.0010147 seconds, Stopping threads took: 0.0004589 seconds
[2022-06-13T02:07:23.023+0000][1][safepoint    ] Application time: 1.0003192 seconds
[2022-06-13T02:07:23.024+0000][1][safepoint    ] Entering safepoint region: Cleanup
[2022-06-13T02:07:23.024+0000][1][safepoint    ] Leaving safepoint region
[2022-06-13T02:07:23.025+0000][1][safepoint    ] Total time for which application threads were stopped: 0.0010592 seconds, Stopping threads took: 0.0004763 seconds
[2022-06-13T02:07:24.025+0000][1][safepoint    ] Application time: 1.0000802 seconds
[2022-06-13T02:07:24.026+0000][1][safepoint    ] Entering safepoint region: Cleanup
[2022-06-13T02:07:24.027+0000][1][safepoint    ] Leaving safepoint region
[2022-06-13T02:07:24.027+0000][1][safepoint    ] Total time for which application threads were stopped: 0.0010189 seconds, Stopping threads took: 0.0005042 seconds
[2022-06-13T02:07:25.028+0000][1][safepoint    ] Application time: 1.0001993 seconds
[2022-06-13T02:07:25.028+0000][1][safepoint    ] Entering safepoint region: Cleanup
[2022-06-13T02:07:25.028+0000][1][safepoint    ] Leaving safepoint region
[2022-06-13T02:07:25.029+0000][1][safepoint    ] Total time for which application threads were stopped: 0.0005026 seconds, Stopping threads took: 0.0001581 seconds
[2022-06-13T02:07:26.029+0000][1][safepoint    ] Application time: 1.0001710 seconds
[2022-06-13T02:07:26.029+0000][1][safepoint    ] Entering safepoint region: Cleanup
[2022-06-13T02:07:26.030+0000][1][safepoint    ] Leaving safepoint region
[2022-06-13T02:07:26.030+0000][1][safepoint    ] Total time for which application threads were stopped: 0.0008543 seconds, Stopping threads took: 0.0005031 seconds
[2022-06-13T02:07:27.031+0000][1][safepoint    ] Application time: 1.0001784 seconds
[2022-06-13T02:07:27.031+0000][1][safepoint    ] Entering safepoint region: Cleanup
[2022-06-13T02:07:27.031+0000][1][safepoint    ] Leaving safepoint region
[2022-06-13T02:07:27.032+0000][1][safepoint    ] Total time for which application threads were stopped: 0.0006645 seconds, Stopping threads took: 0.0003107 seconds
[2022-06-13T02:07:28.032+0000][1][safepoint    ] Application time: 1.0003750 seconds
[2022-06-13T02:07:28.033+0000][1][safepoint    ] Entering safepoint region: Cleanup
[2022-06-13T02:07:28.034+0000][1][safepoint    ] Leaving safepoint region
[2022-06-13T02:07:28.034+0000][1][safepoint    ] Total time for which application threads were stopped: 0.0011160 seconds, Stopping threads took: 0.0006687 seconds
[2022-06-13T02:07:29.035+0000][1][safepoint    ] Application time: 1.0001626 seconds
[2022-06-13T02:07:29.035+0000][1][safepoint    ] Entering safepoint region: Cleanup
[2022-06-13T02:07:29.036+0000][1][safepoint    ] Leaving safepoint region
[2022-06-13T02:07:29.036+0000][1][safepoint    ] Total time for which application threads were stopped: 0.0007168 seconds, Stopping threads took: 0.0004169 seconds
[2022-06-13T02:07:30.036+0000][1][safepoint    ] Application time: 1.0001252 seconds
[2022-06-13T02:07:30.037+0000][1][safepoint    ] Entering safepoint region: Cleanup
[2022-06-13T02:07:30.037+0000][1][safepoint    ] Leaving safepoint region
[2022-06-13T02:07:30.038+0000][1][safepoint    ] Total time for which application threads were stopped: 0.0010596 seconds, Stopping threads took: 0.0004921 seconds
[2022-06-13T02:07:31.039+0000][1][safepoint    ] Application time: 1.0002077 seconds
[2022-06-13T02:07:31.039+0000][1][safepoint    ] Entering safepoint region: Cleanup
[2022-06-13T02:07:31.039+0000][1][safepoint    ] Leaving safepoint region
[2022-06-13T02:07:31.039+0000][1][safepoint    ] Total time for which application threads were stopped: 0.0005903 seconds, Stopping threads took: 0.0003515 seconds
[2022-06-13T02:07:32.040+0000][1][safepoint    ] Application time: 1.0002068 seconds
[2022-06-13T02:07:32.041+0000][1][safepoint    ] Entering safepoint region: Cleanup
[2022-06-13T02:07:32.041+0000][1][safepoint    ] Leaving safepoint region
[2022-06-13T02:07:32.042+0000][1][safepoint    ] Total time for which application threads were stopped: 0.0011896 seconds, Stopping threads took: 0.0006490 seconds
[2022-06-13T02:07:33.043+0000][1][safepoint    ] Application time: 1.0003309 seconds
[2022-06-13T02:07:33.044+0000][1][safepoint    ] Entering safepoint region: Cleanup
[2022-06-13T02:07:33.044+0000][1][safepoint    ] Leaving safepoint region
[2022-06-13T02:07:33.044+0000][1][safepoint    ] Total time for which application threads were stopped: 0.0009760 seconds, Stopping threads took: 0.0004679 seconds
[2022-06-13T02:07:34.045+0000][1][safepoint    ] Application time: 1.0002351 seconds
[2022-06-13T02:07:34.046+0000][1][safepoint    ] Entering safepoint region: Cleanup
[2022-06-13T02:07:34.046+0000][1][safepoint    ] Leaving safepoint region
[2022-06-13T02:07:34.047+0000][1][safepoint    ] Total time for which application threads were stopped: 0.0008910 seconds, Stopping threads took: 0.0004187 seconds
[2022-06-13T02:07:35.047+0000][1][safepoint    ] Application time: 1.0001795 seconds
[2022-06-13T02:07:35.048+0000][1][safepoint    ] Entering safepoint region: Cleanup
[2022-06-13T02:07:35.048+0000][1][safepoint    ] Leaving safepoint region
[2022-06-13T02:07:35.049+0000][1][safepoint    ] Total time for which application threads were stopped: 0.0011012 seconds, Stopping threads took: 0.0004697 seconds
[2022-06-13T02:07:36.050+0000][1][safepoint    ] Application time: 1.0001137 seconds
[2022-06-13T02:07:36.050+0000][1][safepoint    ] Entering safepoint region: Cleanup
[2022-06-13T02:07:36.051+0000][1][safepoint    ] Leaving safepoint region
[2022-06-13T02:07:36.051+0000][1][safepoint    ] Total time for which application threads were stopped: 0.0011590 seconds, Stopping threads took: 0.0003860 seconds
[2022-06-13T02:07:37.052+0000][1][safepoint    ] Application time: 1.0002620 seconds
[2022-06-13T02:07:37.053+0000][1][safepoint    ] Entering safepoint region: Cleanup
[2022-06-13T02:07:37.053+0000][1][safepoint    ] Leaving safepoint region
[2022-06-13T02:07:37.053+0000][1][safepoint    ] Total time for which application threads were stopped: 0.0008352 seconds, Stopping threads took: 0.0004337 seconds
[2022-06-13T02:07:38.054+0000][1][safepoint    ] Application time: 1.0001717 seconds
[2022-06-13T02:07:38.054+0000][1][safepoint    ] Entering safepoint region: Cleanup
[2022-06-13T02:07:38.054+0000][1][safepoint    ] Leaving safepoint region
[2022-06-13T02:07:38.055+0000][1][safepoint    ] Total time for which application threads were stopped: 0.0006846 seconds, Stopping threads took: 0.0002671 seconds
[2022-06-13T02:07:39.055+0000][1][safepoint    ] Application time: 1.0002680 seconds
[2022-06-13T02:07:39.056+0000][1][safepoint    ] Entering safepoint region: Cleanup
[2022-06-13T02:07:39.057+0000][1][safepoint    ] Leaving safepoint region
[2022-06-13T02:07:39.057+0000][1][safepoint    ] Total time for which application threads were stopped: 0.0011782 seconds, Stopping threads took: 0.0005777 seconds
[2022-06-13T02:07:40.058+0000][1][safepoint    ] Application time: 1.0002722 seconds
[2022-06-13T02:07:40.058+0000][1][safepoint    ] Entering safepoint region: Cleanup
[2022-06-13T02:07:40.059+0000][1][safepoint    ] Leaving safepoint region
[2022-06-13T02:07:40.059+0000][1][safepoint    ] Total time for which application threads were stopped: 0.0009083 seconds, Stopping threads took: 0.0004490 seconds
[2022-06-13T02:07:41.060+0000][1][safepoint    ] Application time: 1.0004246 seconds
[2022-06-13T02:07:41.061+0000][1][safepoint    ] Entering safepoint region: Cleanup
[2022-06-13T02:07:41.061+0000][1][safepoint    ] Leaving safepoint region
[2022-06-13T02:07:41.062+0000][1][safepoint    ] Total time for which application threads were stopped: 0.0010840 seconds, Stopping threads took: 0.0004349 seconds
[2022-06-13T02:07:42.063+0000][1][safepoint    ] Application time: 1.0003341 seconds
[2022-06-13T02:07:42.063+0000][1][safepoint    ] Entering safepoint region: Cleanup
[2022-06-13T02:07:42.064+0000][1][safepoint    ] Leaving safepoint region
[2022-06-13T02:07:42.064+0000][1][safepoint    ] Total time for which application threads were stopped: 0.0010484 seconds, Stopping threads took: 0.0005141 seconds
[2022-06-13T02:07:43.065+0000][1][safepoint    ] Application time: 1.0001636 seconds
[2022-06-13T02:07:43.065+0000][1][safepoint    ] Entering safepoint region: Cleanup
[2022-06-13T02:07:43.066+0000][1][safepoint    ] Leaving safepoint region
[2022-06-13T02:07:43.066+0000][1][safepoint    ] Total time for which application threads were stopped: 0.0009294 seconds, Stopping threads took: 0.0004710 seconds
[2022-06-13T02:07:44.067+0000][1][safepoint    ] Application time: 1.0001202 seconds
[2022-06-13T02:07:44.067+0000][1][safepoint    ] Entering safepoint region: Cleanup
[2022-06-13T02:07:44.068+0000][1][safepoint    ] Leaving safepoint region
[2022-06-13T02:07:44.068+0000][1][safepoint    ] Total time for which application threads were stopped: 0.0008086 seconds, Stopping threads took: 0.0003610 seconds
[2022-06-13T02:07:45.069+0000][1][safepoint    ] Application time: 1.0001969 seconds
[2022-06-13T02:07:45.069+0000][1][safepoint    ] Entering safepoint region: Cleanup
[2022-06-13T02:07:45.070+0000][1][safepoint    ] Leaving safepoint region
[2022-06-13T02:07:45.070+0000][1][safepoint    ] Total time for which application threads were stopped: 0.0011640 seconds, Stopping threads took: 0.0006293 seconds
[2022-06-13T02:07:46.071+0000][1][safepoint    ] Application time: 1.0001577 seconds
[2022-06-13T02:07:46.071+0000][1][safepoint    ] Entering safepoint region: Cleanup
[2022-06-13T02:07:46.072+0000][1][safepoint    ] Leaving safepoint region
[2022-06-13T02:07:46.072+0000][1][safepoint    ] Total time for which application threads were stopped: 0.0005371 seconds, Stopping threads took: 0.0001876 seconds
[2022-06-13T02:07:47.072+0000][1][safepoint    ] Application time: 1.0001998 seconds
[2022-06-13T02:07:47.073+0000][1][safepoint    ] Entering safepoint region: Cleanup
[2022-06-13T02:07:47.073+0000][1][safepoint    ] Leaving safepoint region
[2022-06-13T02:07:47.074+0000][1][safepoint    ] Total time for which application threads were stopped: 0.0008575 seconds, Stopping threads took: 0.0003166 seconds
[2022-06-13T02:07:48.074+0000][1][safepoint    ] Application time: 1.0001105 seconds
[2022-06-13T02:07:48.075+0000][1][safepoint    ] Entering safepoint region: Cleanup
[2022-06-13T02:07:48.075+0000][1][safepoint    ] Leaving safepoint region
[2022-06-13T02:07:48.075+0000][1][safepoint    ] Total time for which application threads were stopped: 0.0006305 seconds, Stopping threads took: 0.0002444 seconds
[2022-06-13T02:07:49.076+0000][1][safepoint    ] Application time: 1.0002476 seconds
[2022-06-13T02:07:49.076+0000][1][safepoint    ] Entering safepoint region: Cleanup
[2022-06-13T02:07:49.077+0000][1][safepoint    ] Leaving safepoint region
[2022-06-13T02:07:49.077+0000][1][safepoint    ] Total time for which application threads were stopped: 0.0011247 seconds, Stopping threads took: 0.0004998 seconds
[2022-06-13T02:07:50.078+0000][1][safepoint    ] Application time: 1.0001803 seconds
[2022-06-13T02:07:50.078+0000][1][safepoint    ] Entering safepoint region: Cleanup
[2022-06-13T02:07:50.079+0000][1][safepoint    ] Leaving safepoint region
[2022-06-13T02:07:50.079+0000][1][safepoint    ] Total time for which application threads were stopped: 0.0009086 seconds, Stopping threads took: 0.0004104 seconds
[2022-06-13T02:07:51.080+0000][1][safepoint    ] Application time: 1.0001785 seconds
[2022-06-13T02:07:51.081+0000][1][safepoint    ] Entering safepoint region: Cleanup
[2022-06-13T02:07:51.081+0000][1][safepoint    ] Leaving safepoint region
[2022-06-13T02:07:51.082+0000][1][safepoint    ] Total time for which application threads were stopped: 0.0012360 seconds, Stopping threads took: 0.0005281 seconds
[2022-06-13T02:07:52.083+0000][1][safepoint    ] Application time: 1.0003427 seconds
[2022-06-13T02:07:52.083+0000][1][safepoint    ] Entering safepoint region: Cleanup
[2022-06-13T02:07:52.084+0000][1][safepoint    ] Leaving safepoint region
[2022-06-13T02:07:52.084+0000][1][safepoint    ] Total time for which application threads were stopped: 0.0011051 seconds, Stopping threads took: 0.0004347 seconds
[2022-06-13T02:07:53.085+0000][1][safepoint    ] Application time: 1.0003045 seconds
[2022-06-13T02:07:53.086+0000][1][safepoint    ] Entering safepoint region: Cleanup
[2022-06-13T02:07:53.086+0000][1][safepoint    ] Leaving safepoint region
[2022-06-13T02:07:53.086+0000][1][safepoint    ] Total time for which application threads were stopped: 0.0007446 seconds, Stopping threads took: 0.0002688 seconds
[2022-06-13T02:07:54.087+0000][1][safepoint    ] Application time: 1.0001158 seconds
[2022-06-13T02:07:54.087+0000][1][safepoint    ] Entering safepoint region: Cleanup
[2022-06-13T02:07:54.088+0000][1][safepoint    ] Leaving safepoint region
[2022-06-13T02:07:54.088+0000][1][safepoint    ] Total time for which application threads were stopped: 0.0009072 seconds, Stopping threads took: 0.0003843 seconds
[2022-06-13T02:07:55.089+0000][1][safepoint    ] Application time: 1.0002738 seconds
[2022-06-13T02:07:55.089+0000][1][safepoint    ] Entering safepoint region: Cleanup
[2022-06-13T02:07:55.089+0000][1][safepoint    ] Leaving safepoint region
[2022-06-13T02:07:55.090+0000][1][safepoint    ] Total time for which application threads were stopped: 0.0004885 seconds, Stopping threads took: 0.0002689 seconds
[2022-06-13T02:07:56.090+0000][1][safepoint    ] Application time: 1.0002517 seconds
[2022-06-13T02:07:56.090+0000][1][safepoint    ] Entering safepoint region: Cleanup
[2022-06-13T02:07:56.091+0000][1][safepoint    ] Leaving safepoint region
[2022-06-13T02:07:56.091+0000][1][safepoint    ] Total time for which application threads were stopped: 0.0006707 seconds, Stopping threads took: 0.0003083 seconds
[2022-06-13T02:07:57.091+0000][1][safepoint    ] Application time: 1.0001755 seconds
[2022-06-13T02:07:57.092+0000][1][safepoint    ] Entering safepoint region: Cleanup
[2022-06-13T02:07:57.092+0000][1][safepoint    ] Leaving safepoint region
[2022-06-13T02:07:57.093+0000][1][safepoint    ] Total time for which application threads were stopped: 0.0007777 seconds, Stopping threads took: 0.0003032 seconds
[2022-06-13T02:07:58.093+0000][1][safepoint    ] Application time: 1.0003349 seconds
[2022-06-13T02:07:58.094+0000][1][safepoint    ] Entering safepoint region: Cleanup
[2022-06-13T02:07:58.094+0000][1][safepoint    ] Leaving safepoint region
[2022-06-13T02:07:58.095+0000][1][safepoint    ] Total time for which application threads were stopped: 0.0009219 seconds, Stopping threads took: 0.0004077 seconds
[2022-06-13T02:07:59.095+0000][1][safepoint    ] Application time: 1.0001263 seconds
[2022-06-13T02:07:59.096+0000][1][safepoint    ] Entering safepoint region: Cleanup
[2022-06-13T02:07:59.096+0000][1][safepoint    ] Leaving safepoint region
[2022-06-13T02:07:59.096+0000][1][safepoint    ] Total time for which application threads were stopped: 0.0004138 seconds, Stopping threads took: 0.0001628 seconds
[2022-06-13T02:08:00.096+0000][1][safepoint    ] Application time: 1.0001815 seconds
[2022-06-13T02:08:00.097+0000][1][safepoint    ] Entering safepoint region: Cleanup
[2022-06-13T02:08:00.097+0000][1][safepoint    ] Leaving safepoint region
[2022-06-13T02:08:00.098+0000][1][safepoint    ] Total time for which application threads were stopped: 0.0009055 seconds, Stopping threads took: 0.0004185 seconds
[2022-06-13T02:08:01.098+0000][1][safepoint    ] Application time: 1.0001033 seconds
[2022-06-13T02:08:01.098+0000][1][safepoint    ] Entering safepoint region: Cleanup
[2022-06-13T02:08:01.099+0000][1][safepoint    ] Leaving safepoint region
[2022-06-13T02:08:01.099+0000][1][safepoint    ] Total time for which application threads were stopped: 0.0005489 seconds, Stopping threads took: 0.0002526 seconds
[2022-06-13T02:08:02.099+0000][1][safepoint    ] Application time: 1.0002207 seconds
[2022-06-13T02:08:02.100+0000][1][safepoint    ] Entering safepoint region: Cleanup
[2022-06-13T02:08:02.100+0000][1][safepoint    ] Leaving safepoint region
[2022-06-13T02:08:02.100+0000][1][safepoint    ] Total time for which application threads were stopped: 0.0006847 seconds, Stopping threads took: 0.0002853 seconds
[2022-06-13T02:08:03.101+0000][1][safepoint    ] Application time: 1.0002379 seconds
[2022-06-13T02:08:03.101+0000][1][safepoint    ] Entering safepoint region: Cleanup
[2022-06-13T02:08:03.102+0000][1][safepoint    ] Leaving safepoint region
[2022-06-13T02:08:03.102+0000][1][safepoint    ] Total time for which application threads were stopped: 0.0007409 seconds, Stopping threads took: 0.0003200 seconds
[2022-06-13T02:08:04.103+0000][1][safepoint    ] Application time: 1.0001722 seconds
[2022-06-13T02:08:04.103+0000][1][safepoint    ] Entering safepoint region: Cleanup
[2022-06-13T02:08:04.104+0000][1][safepoint    ] Leaving safepoint region
[2022-06-13T02:08:04.104+0000][1][safepoint    ] Total time for which application threads were stopped: 0.0008865 seconds, Stopping threads took: 0.0003549 seconds
[2022-06-13T02:08:05.105+0000][1][safepoint    ] Application time: 1.0002383 seconds
[2022-06-13T02:08:05.105+0000][1][safepoint    ] Entering safepoint region: Cleanup
[2022-06-13T02:08:05.106+0000][1][safepoint    ] Leaving safepoint region
[2022-06-13T02:08:05.106+0000][1][safepoint    ] Total time for which application threads were stopped: 0.0008867 seconds, Stopping threads took: 0.0004191 seconds
[2022-06-13T02:08:06.107+0000][1][safepoint    ] Application time: 1.0002508 seconds
[2022-06-13T02:08:06.107+0000][1][safepoint    ] Entering safepoint region: Cleanup
[2022-06-13T02:08:06.108+0000][1][safepoint    ] Leaving safepoint region
[2022-06-13T02:08:06.108+0000][1][safepoint    ] Total time for which application threads were stopped: 0.0009779 seconds, Stopping threads took: 0.0005179 seconds
[2022-06-13T02:08:07.109+0000][1][safepoint    ] Application time: 1.0001457 seconds
[2022-06-13T02:08:07.109+0000][1][safepoint    ] Entering safepoint region: Cleanup
[2022-06-13T02:08:07.110+0000][1][safepoint    ] Leaving safepoint region
[2022-06-13T02:08:07.110+0000][1][safepoint    ] Total time for which application threads were stopped: 0.0009268 seconds, Stopping threads took: 0.0003780 seconds
[2022-06-13T02:08:08.110+0000][1][safepoint    ] Application time: 1.0001382 seconds
[2022-06-13T02:08:08.111+0000][1][safepoint    ] Entering safepoint region: Cleanup
[2022-06-13T02:08:08.112+0000][1][safepoint    ] Leaving safepoint region
[2022-06-13T02:08:08.113+0000][1][safepoint    ] Total time for which application threads were stopped: 0.0014459 seconds, Stopping threads took: 0.0008320 seconds
[2022-06-13T02:08:08.774+0000][1][safepoint    ] Application time: 0.6614236 seconds
[2022-06-13T02:08:08.775+0000][1][safepoint    ] Entering safepoint region: GenCollectForAllocation
[2022-06-13T02:08:08.775+0000][1][gc,start     ] GC(22) Pause Young (Allocation Failure)
[2022-06-13T02:08:08.776+0000][1][gc,task      ] GC(22) Using 5 workers of 13 for evacuation
[2022-06-13T02:08:08.783+0000][1][gc,age       ] GC(22) Desired survivor size 4456448 bytes, new threshold 6 (max threshold 6)
[2022-06-13T02:08:08.784+0000][1][gc,age       ] GC(22) Age table with threshold 6 (max threshold 6)
[2022-06-13T02:08:08.784+0000][1][gc,age       ] GC(22) - age   1:    1014880 bytes,    1014880 total
[2022-06-13T02:08:08.785+0000][1][gc,age       ] GC(22) - age   2:    3413712 bytes,    4428592 total
[2022-06-13T02:08:08.785+0000][1][gc,heap      ] GC(22) ParNew: 78656K->6863K(78656K)
[2022-06-13T02:08:08.785+0000][1][gc,heap      ] GC(22) CMS: 60616K->64826K(174784K)
[2022-06-13T02:08:08.786+0000][1][gc,metaspace ] GC(22) Metaspace: 64669K->64669K(1107968K)
[2022-06-13T02:08:08.786+0000][1][gc           ] GC(22) Pause Young (Allocation Failure) 136M->70M(247M) 10.792ms
[2022-06-13T02:08:08.787+0000][1][gc,cpu       ] GC(22) User=0.04s Sys=0.00s Real=0.01s
[2022-06-13T02:08:08.787+0000][1][safepoint    ] Leaving safepoint region
[2022-06-13T02:08:08.787+0000][1][safepoint    ] Total time for which application threads were stopped: 0.0125308 seconds, Stopping threads took: 0.0003174 seconds
[2022-06-13T02:08:09.788+0000][1][safepoint    ] Application time: 1.0001498 seconds
[2022-06-13T02:08:09.789+0000][1][safepoint    ] Entering safepoint region: Cleanup
[2022-06-13T02:08:09.789+0000][1][safepoint    ] Leaving safepoint region
[2022-06-13T02:08:09.790+0000][1][safepoint    ] Total time for which application threads were stopped: 0.0010737 seconds, Stopping threads took: 0.0005752 seconds
[2022-06-13T02:08:10.790+0000][1][safepoint    ] Application time: 1.0002020 seconds
[2022-06-13T02:08:10.791+0000][1][safepoint    ] Entering safepoint region: Cleanup
[2022-06-13T02:08:10.791+0000][1][safepoint    ] Leaving safepoint region
[2022-06-13T02:08:10.792+0000][1][safepoint    ] Total time for which application threads were stopped: 0.0013315 seconds, Stopping threads took: 0.0006455 seconds
[2022-06-13T02:08:11.793+0000][1][safepoint    ] Application time: 1.0003654 seconds
[2022-06-13T02:08:11.794+0000][1][safepoint    ] Entering safepoint region: Cleanup
[2022-06-13T02:08:11.794+0000][1][safepoint    ] Leaving safepoint region
[2022-06-13T02:08:11.795+0000][1][safepoint    ] Total time for which application threads were stopped: 0.0011062 seconds, Stopping threads took: 0.0005966 seconds
[2022-06-13T02:08:12.795+0000][1][safepoint    ] Application time: 1.0001475 seconds
[2022-06-13T02:08:12.796+0000][1][safepoint    ] Entering safepoint region: Cleanup
[2022-06-13T02:08:12.796+0000][1][safepoint    ] Leaving safepoint region
[2022-06-13T02:08:12.797+0000][1][safepoint    ] Total time for which application threads were stopped: 0.0008974 seconds, Stopping threads took: 0.0005181 seconds
[2022-06-13T02:08:13.797+0000][1][safepoint    ] Application time: 1.0002082 seconds
[2022-06-13T02:08:13.798+0000][1][safepoint    ] Entering safepoint region: Cleanup
[2022-06-13T02:08:13.799+0000][1][safepoint    ] Leaving safepoint region
[2022-06-13T02:08:13.799+0000][1][safepoint    ] Total time for which application threads were stopped: 0.0015465 seconds, Stopping threads took: 0.0008480 seconds
[2022-06-13T02:08:14.800+0000][1][safepoint    ] Application time: 1.0002096 seconds
[2022-06-13T02:08:14.801+0000][1][safepoint    ] Entering safepoint region: Cleanup
[2022-06-13T02:08:14.801+0000][1][safepoint    ] Leaving safepoint region
[2022-06-13T02:08:14.801+0000][1][safepoint    ] Total time for which application threads were stopped: 0.0006268 seconds, Stopping threads took: 0.0002927 seconds
[2022-06-13T02:08:15.802+0000][1][safepoint    ] Application time: 1.0001986 seconds
[2022-06-13T02:08:15.802+0000][1][safepoint    ] Entering safepoint region: Cleanup
[2022-06-13T02:08:15.803+0000][1][safepoint    ] Leaving safepoint region
[2022-06-13T02:08:15.803+0000][1][safepoint    ] Total time for which application threads were stopped: 0.0005413 seconds, Stopping threads took: 0.0001789 seconds
[2022-06-13T02:08:16.803+0000][1][safepoint    ] Application time: 1.0001510 seconds
[2022-06-13T02:08:16.803+0000][1][safepoint    ] Entering safepoint region: Cleanup
[2022-06-13T02:08:16.804+0000][1][safepoint    ] Leaving safepoint region
[2022-06-13T02:08:16.805+0000][1][safepoint    ] Total time for which application threads were stopped: 0.0014066 seconds, Stopping threads took: 0.0007093 seconds
[2022-06-13T02:08:17.806+0000][1][safepoint    ] Application time: 1.0002057 seconds
[2022-06-13T02:08:17.806+0000][1][safepoint    ] Entering safepoint region: Cleanup
[2022-06-13T02:08:17.807+0000][1][safepoint    ] Leaving safepoint region
[2022-06-13T02:08:17.807+0000][1][safepoint    ] Total time for which application threads were stopped: 0.0009358 seconds, Stopping threads took: 0.0004927 seconds
[2022-06-13T02:08:18.808+0000][1][safepoint    ] Application time: 1.0001970 seconds
[2022-06-13T02:08:18.808+0000][1][safepoint    ] Entering safepoint region: Cleanup
[2022-06-13T02:08:18.809+0000][1][safepoint    ] Leaving safepoint region
[2022-06-13T02:08:18.809+0000][1][safepoint    ] Total time for which application threads were stopped: 0.0008707 seconds, Stopping threads took: 0.0004058 seconds
[2022-06-13T02:08:19.810+0000][1][safepoint    ] Application time: 1.0002192 seconds
[2022-06-13T02:08:19.810+0000][1][safepoint    ] Entering safepoint region: Cleanup
[2022-06-13T02:08:19.811+0000][1][safepoint    ] Leaving safepoint region
[2022-06-13T02:08:19.811+0000][1][safepoint    ] Total time for which application threads were stopped: 0.0009987 seconds, Stopping threads took: 0.0004466 seconds
[2022-06-13T02:08:20.812+0000][1][safepoint    ] Application time: 1.0002373 seconds
[2022-06-13T02:08:20.812+0000][1][safepoint    ] Entering safepoint region: Cleanup
[2022-06-13T02:08:20.813+0000][1][safepoint    ] Leaving safepoint region
[2022-06-13T02:08:20.813+0000][1][safepoint    ] Total time for which application threads were stopped: 0.0008955 seconds, Stopping threads took: 0.0003836 seconds
[2022-06-13T02:08:21.814+0000][1][safepoint    ] Application time: 1.0001599 seconds
[2022-06-13T02:08:21.814+0000][1][safepoint    ] Entering safepoint region: Cleanup
[2022-06-13T02:08:21.815+0000][1][safepoint    ] Leaving safepoint region
[2022-06-13T02:08:21.815+0000][1][safepoint    ] Total time for which application threads were stopped: 0.0009051 seconds, Stopping threads took: 0.0004300 seconds
[2022-06-13T02:08:22.816+0000][1][safepoint    ] Application time: 1.0001801 seconds
[2022-06-13T02:08:22.816+0000][1][safepoint    ] Entering safepoint region: Cleanup
[2022-06-13T02:08:22.817+0000][1][safepoint    ] Leaving safepoint region
[2022-06-13T02:08:22.817+0000][1][safepoint    ] Total time for which application threads were stopped: 0.0008467 seconds, Stopping threads took: 0.0004165 seconds
[2022-06-13T02:08:23.818+0000][1][safepoint    ] Application time: 1.0003244 seconds
[2022-06-13T02:08:23.818+0000][1][safepoint    ] Entering safepoint region: Cleanup
[2022-06-13T02:08:23.819+0000][1][safepoint    ] Leaving safepoint region
[2022-06-13T02:08:23.819+0000][1][safepoint    ] Total time for which application threads were stopped: 0.0009356 seconds, Stopping threads took: 0.0004125 seconds
[2022-06-13T02:08:24.820+0000][1][safepoint    ] Application time: 1.0001141 seconds
[2022-06-13T02:08:24.820+0000][1][safepoint    ] Entering safepoint region: Cleanup
[2022-06-13T02:08:24.820+0000][1][safepoint    ] Leaving safepoint region
[2022-06-13T02:08:24.821+0000][1][safepoint    ] Total time for which application threads were stopped: 0.0006943 seconds, Stopping threads took: 0.0002347 seconds
[2022-06-13T02:08:25.821+0000][1][safepoint    ] Application time: 1.0003818 seconds
[2022-06-13T02:08:25.822+0000][1][safepoint    ] Entering safepoint region: Cleanup
[2022-06-13T02:08:25.823+0000][1][safepoint    ] Leaving safepoint region
[2022-06-13T02:08:25.823+0000][1][safepoint    ] Total time for which application threads were stopped: 0.0010493 seconds, Stopping threads took: 0.0006145 seconds
[2022-06-13T02:08:26.824+0000][1][safepoint    ] Application time: 1.0002477 seconds
[2022-06-13T02:08:26.824+0000][1][safepoint    ] Entering safepoint region: Cleanup
[2022-06-13T02:08:26.824+0000][1][safepoint    ] Leaving safepoint region
[2022-06-13T02:08:26.825+0000][1][safepoint    ] Total time for which application threads were stopped: 0.0010014 seconds, Stopping threads took: 0.0004368 seconds
[2022-06-13T02:08:27.826+0000][1][safepoint    ] Application time: 1.0002560 seconds
[2022-06-13T02:08:27.826+0000][1][safepoint    ] Entering safepoint region: Cleanup
[2022-06-13T02:08:27.827+0000][1][safepoint    ] Leaving safepoint region
[2022-06-13T02:08:27.827+0000][1][safepoint    ] Total time for which application threads were stopped: 0.0008964 seconds, Stopping threads took: 0.0004662 seconds
[2022-06-13T02:08:28.828+0000][1][safepoint    ] Application time: 1.0001794 seconds
[2022-06-13T02:08:28.828+0000][1][safepoint    ] Entering safepoint region: Cleanup
[2022-06-13T02:08:28.828+0000][1][safepoint    ] Leaving safepoint region
[2022-06-13T02:08:28.828+0000][1][safepoint    ] Total time for which application threads were stopped: 0.0004485 seconds, Stopping threads took: 0.0001875 seconds
[2022-06-13T02:08:29.829+0000][1][safepoint    ] Application time: 1.0001793 seconds
[2022-06-13T02:08:29.829+0000][1][safepoint    ] Entering safepoint region: Cleanup
[2022-06-13T02:08:29.830+0000][1][safepoint    ] Leaving safepoint region
[2022-06-13T02:08:29.830+0000][1][safepoint    ] Total time for which application threads were stopped: 0.0008505 seconds, Stopping threads took: 0.0003787 seconds
[2022-06-13T02:08:30.830+0000][1][safepoint    ] Application time: 1.0001459 seconds
[2022-06-13T02:08:30.831+0000][1][safepoint    ] Entering safepoint region: Cleanup
[2022-06-13T02:08:30.832+0000][1][safepoint    ] Leaving safepoint region
[2022-06-13T02:08:30.832+0000][1][safepoint    ] Total time for which application threads were stopped: 0.0008178 seconds, Stopping threads took: 0.0004134 seconds
[2022-06-13T02:08:31.833+0000][1][safepoint    ] Application time: 1.0001618 seconds
[2022-06-13T02:08:31.833+0000][1][safepoint    ] Entering safepoint region: Cleanup
[2022-06-13T02:08:31.834+0000][1][safepoint    ] Leaving safepoint region
[2022-06-13T02:08:31.834+0000][1][safepoint    ] Total time for which application threads were stopped: 0.0007173 seconds, Stopping threads took: 0.0003341 seconds
[2022-06-13T02:08:32.834+0000][1][safepoint    ] Application time: 1.0001109 seconds
[2022-06-13T02:08:32.835+0000][1][safepoint    ] Entering safepoint region: Cleanup
[2022-06-13T02:08:32.835+0000][1][safepoint    ] Leaving safepoint region
[2022-06-13T02:08:32.835+0000][1][safepoint    ] Total time for which application threads were stopped: 0.0008885 seconds, Stopping threads took: 0.0004786 seconds
[2022-06-13T02:08:33.836+0000][1][safepoint    ] Application time: 1.0001651 seconds
[2022-06-13T02:08:33.836+0000][1][safepoint    ] Entering safepoint region: Cleanup
[2022-06-13T02:08:33.837+0000][1][safepoint    ] Leaving safepoint region
[2022-06-13T02:08:33.837+0000][1][safepoint    ] Total time for which application threads were stopped: 0.0007732 seconds, Stopping threads took: 0.0003006 seconds
[2022-06-13T02:08:34.838+0000][1][safepoint    ] Application time: 1.0002828 seconds
[2022-06-13T02:08:34.838+0000][1][safepoint    ] Entering safepoint region: Cleanup
[2022-06-13T02:08:34.839+0000][1][safepoint    ] Leaving safepoint region
[2022-06-13T02:08:34.839+0000][1][safepoint    ] Total time for which application threads were stopped: 0.0011973 seconds, Stopping threads took: 0.0005557 seconds
[2022-06-13T02:08:35.840+0000][1][safepoint    ] Application time: 1.0002203 seconds
[2022-06-13T02:08:35.841+0000][1][safepoint    ] Entering safepoint region: Cleanup
[2022-06-13T02:08:35.841+0000][1][safepoint    ] Leaving safepoint region
[2022-06-13T02:08:35.842+0000][1][safepoint    ] Total time for which application threads were stopped: 0.0009536 seconds, Stopping threads took: 0.0004672 seconds
[2022-06-13T02:08:36.842+0000][1][safepoint    ] Application time: 1.0002711 seconds
[2022-06-13T02:08:36.843+0000][1][safepoint    ] Entering safepoint region: Cleanup
[2022-06-13T02:08:36.843+0000][1][safepoint    ] Leaving safepoint region
[2022-06-13T02:08:36.844+0000][1][safepoint    ] Total time for which application threads were stopped: 0.0011513 seconds, Stopping threads took: 0.0005560 seconds
[2022-06-13T02:08:37.845+0000][1][safepoint    ] Application time: 1.0002038 seconds
[2022-06-13T02:08:37.845+0000][1][safepoint    ] Entering safepoint region: Cleanup
[2022-06-13T02:08:37.846+0000][1][safepoint    ] Leaving safepoint region
[2022-06-13T02:08:37.846+0000][1][safepoint    ] Total time for which application threads were stopped: 0.0008021 seconds, Stopping threads took: 0.0003860 seconds
[2022-06-13T02:08:38.846+0000][1][safepoint    ] Application time: 1.0001366 seconds
[2022-06-13T02:08:38.847+0000][1][safepoint    ] Entering safepoint region: Cleanup
[2022-06-13T02:08:38.848+0000][1][safepoint    ] Leaving safepoint region
[2022-06-13T02:08:38.848+0000][1][safepoint    ] Total time for which application threads were stopped: 0.0011535 seconds, Stopping threads took: 0.0005080 seconds
[2022-06-13T02:08:39.849+0000][1][safepoint    ] Application time: 1.0003613 seconds
[2022-06-13T02:08:39.849+0000][1][safepoint    ] Entering safepoint region: Cleanup
[2022-06-13T02:08:39.850+0000][1][safepoint    ] Leaving safepoint region
[2022-06-13T02:08:39.851+0000][1][safepoint    ] Total time for which application threads were stopped: 0.0012564 seconds, Stopping threads took: 0.0005245 seconds
[2022-06-13T02:08:40.851+0000][1][safepoint    ] Application time: 1.0002153 seconds
[2022-06-13T02:08:40.852+0000][1][safepoint    ] Entering safepoint region: Cleanup
[2022-06-13T02:08:40.852+0000][1][safepoint    ] Leaving safepoint region
[2022-06-13T02:08:40.853+0000][1][safepoint    ] Total time for which application threads were stopped: 0.0010301 seconds, Stopping threads took: 0.0004242 seconds
[2022-06-13T02:08:41.854+0000][1][safepoint    ] Application time: 1.0003036 seconds
[2022-06-13T02:08:41.854+0000][1][safepoint    ] Entering safepoint region: Cleanup
[2022-06-13T02:08:41.855+0000][1][safepoint    ] Leaving safepoint region
[2022-06-13T02:08:41.856+0000][1][safepoint    ] Total time for which application threads were stopped: 0.0013346 seconds, Stopping threads took: 0.0005863 seconds
[2022-06-13T02:08:42.856+0000][1][safepoint    ] Application time: 1.0003155 seconds
[2022-06-13T02:08:42.857+0000][1][safepoint    ] Entering safepoint region: Cleanup
[2022-06-13T02:08:42.858+0000][1][safepoint    ] Leaving safepoint region
[2022-06-13T02:08:42.859+0000][1][safepoint    ] Total time for which application threads were stopped: 0.0016268 seconds, Stopping threads took: 0.0008132 seconds
[2022-06-13T02:08:43.859+0000][1][safepoint    ] Application time: 1.0001618 seconds
[2022-06-13T02:08:43.860+0000][1][safepoint    ] Entering safepoint region: Cleanup
[2022-06-13T02:08:43.860+0000][1][safepoint    ] Leaving safepoint region
[2022-06-13T02:08:43.860+0000][1][safepoint    ] Total time for which application threads were stopped: 0.0006901 seconds, Stopping threads took: 0.0002776 seconds
[2022-06-13T02:08:44.861+0000][1][safepoint    ] Application time: 1.0001450 seconds
[2022-06-13T02:08:44.861+0000][1][safepoint    ] Entering safepoint region: Cleanup
[2022-06-13T02:08:44.862+0000][1][safepoint    ] Leaving safepoint region
[2022-06-13T02:08:44.862+0000][1][safepoint    ] Total time for which application threads were stopped: 0.0007996 seconds, Stopping threads took: 0.0003523 seconds
[2022-06-13T02:08:45.863+0000][1][safepoint    ] Application time: 1.0003457 seconds
[2022-06-13T02:08:45.863+0000][1][safepoint    ] Entering safepoint region: Cleanup
[2022-06-13T02:08:45.864+0000][1][safepoint    ] Leaving safepoint region
[2022-06-13T02:08:45.864+0000][1][safepoint    ] Total time for which application threads were stopped: 0.0011840 seconds, Stopping threads took: 0.0005419 seconds
[2022-06-13T02:08:46.865+0000][1][safepoint    ] Application time: 1.0002434 seconds
[2022-06-13T02:08:46.866+0000][1][safepoint    ] Entering safepoint region: Cleanup
[2022-06-13T02:08:46.867+0000][1][safepoint    ] Leaving safepoint region
[2022-06-13T02:08:46.867+0000][1][safepoint    ] Total time for which application threads were stopped: 0.0014097 seconds, Stopping threads took: 0.0006753 seconds
[2022-06-13T02:08:47.868+0000][1][safepoint    ] Application time: 1.0002709 seconds
[2022-06-13T02:08:47.868+0000][1][safepoint    ] Entering safepoint region: Cleanup
[2022-06-13T02:08:47.868+0000][1][safepoint    ] Leaving safepoint region
[2022-06-13T02:08:47.869+0000][1][safepoint    ] Total time for which application threads were stopped: 0.0003536 seconds, Stopping threads took: 0.0001471 seconds
[2022-06-13T02:08:48.869+0000][1][safepoint    ] Application time: 1.0001092 seconds
[2022-06-13T02:08:48.869+0000][1][safepoint    ] Entering safepoint region: Cleanup
[2022-06-13T02:08:48.870+0000][1][safepoint    ] Leaving safepoint region
[2022-06-13T02:08:48.870+0000][1][safepoint    ] Total time for which application threads were stopped: 0.0008697 seconds, Stopping threads took: 0.0003717 seconds
[2022-06-13T02:08:49.871+0000][1][safepoint    ] Application time: 1.0003984 seconds
[2022-06-13T02:08:49.871+0000][1][safepoint    ] Entering safepoint region: Cleanup
[2022-06-13T02:08:49.872+0000][1][safepoint    ] Leaving safepoint region
[2022-06-13T02:08:49.872+0000][1][safepoint    ] Total time for which application threads were stopped: 0.0010705 seconds, Stopping threads took: 0.0005478 seconds
[2022-06-13T02:08:50.873+0000][1][safepoint    ] Application time: 1.0001465 seconds
[2022-06-13T02:08:50.873+0000][1][safepoint    ] Entering safepoint region: Cleanup
[2022-06-13T02:08:50.874+0000][1][safepoint    ] Leaving safepoint region
[2022-06-13T02:08:50.874+0000][1][safepoint    ] Total time for which application threads were stopped: 0.0008867 seconds, Stopping threads took: 0.0004048 seconds
[2022-06-13T02:08:51.875+0000][1][safepoint    ] Application time: 1.0002552 seconds
[2022-06-13T02:08:51.875+0000][1][safepoint    ] Entering safepoint region: Cleanup
[2022-06-13T02:08:51.876+0000][1][safepoint    ] Leaving safepoint region
[2022-06-13T02:08:51.876+0000][1][safepoint    ] Total time for which application threads were stopped: 0.0008074 seconds, Stopping threads took: 0.0003589 seconds
[2022-06-13T02:08:52.877+0000][1][safepoint    ] Application time: 1.0001942 seconds
[2022-06-13T02:08:52.878+0000][1][safepoint    ] Entering safepoint region: Cleanup
[2022-06-13T02:08:52.878+0000][1][safepoint    ] Leaving safepoint region
[2022-06-13T02:08:52.879+0000][1][safepoint    ] Total time for which application threads were stopped: 0.0015255 seconds, Stopping threads took: 0.0006732 seconds
[2022-06-13T02:08:53.880+0000][1][safepoint    ] Application time: 1.0002670 seconds
[2022-06-13T02:08:53.880+0000][1][safepoint    ] Entering safepoint region: Cleanup
[2022-06-13T02:08:53.881+0000][1][safepoint    ] Leaving safepoint region
[2022-06-13T02:08:53.882+0000][1][safepoint    ] Total time for which application threads were stopped: 0.0012718 seconds, Stopping threads took: 0.0004625 seconds
[2022-06-13T02:08:54.883+0000][1][safepoint    ] Application time: 1.0002642 seconds
[2022-06-13T02:08:54.883+0000][1][safepoint    ] Entering safepoint region: Cleanup
[2022-06-13T02:08:54.884+0000][1][safepoint    ] Leaving safepoint region
[2022-06-13T02:08:54.884+0000][1][safepoint    ] Total time for which application threads were stopped: 0.0008009 seconds, Stopping threads took: 0.0004186 seconds
[2022-06-13T02:08:55.884+0000][1][safepoint    ] Application time: 1.0002066 seconds
[2022-06-13T02:08:55.885+0000][1][safepoint    ] Entering safepoint region: Cleanup
[2022-06-13T02:08:55.886+0000][1][safepoint    ] Leaving safepoint region
[2022-06-13T02:08:55.887+0000][1][safepoint    ] Total time for which application threads were stopped: 0.0015733 seconds, Stopping threads took: 0.0007076 seconds
[2022-06-13T02:08:56.887+0000][1][safepoint    ] Application time: 1.0001453 seconds
[2022-06-13T02:08:56.888+0000][1][safepoint    ] Entering safepoint region: Cleanup
[2022-06-13T02:08:56.889+0000][1][safepoint    ] Leaving safepoint region
[2022-06-13T02:08:56.889+0000][1][safepoint    ] Total time for which application threads were stopped: 0.0013525 seconds, Stopping threads took: 0.0004485 seconds
[2022-06-13T02:08:57.890+0000][1][safepoint    ] Application time: 1.0001747 seconds
[2022-06-13T02:08:57.890+0000][1][safepoint    ] Entering safepoint region: Cleanup
[2022-06-13T02:08:57.891+0000][1][safepoint    ] Leaving safepoint region
[2022-06-13T02:08:57.891+0000][1][safepoint    ] Total time for which application threads were stopped: 0.0005833 seconds, Stopping threads took: 0.0002141 seconds
[2022-06-13T02:08:58.891+0000][1][safepoint    ] Application time: 1.0002198 seconds
[2022-06-13T02:08:58.892+0000][1][safepoint    ] Entering safepoint region: Cleanup
[2022-06-13T02:08:58.893+0000][1][safepoint    ] Leaving safepoint region
[2022-06-13T02:08:58.893+0000][1][safepoint    ] Total time for which application threads were stopped: 0.0013747 seconds, Stopping threads took: 0.0006504 seconds
[2022-06-13T02:08:59.894+0000][1][safepoint    ] Application time: 1.0002407 seconds
[2022-06-13T02:08:59.895+0000][1][safepoint    ] Entering safepoint region: Cleanup
[2022-06-13T02:08:59.896+0000][1][safepoint    ] Leaving safepoint region
[2022-06-13T02:08:59.897+0000][1][safepoint    ] Total time for which application threads were stopped: 0.0017373 seconds, Stopping threads took: 0.0006445 seconds
[2022-06-13T02:09:00.897+0000][1][safepoint    ] Application time: 1.0001339 seconds
[2022-06-13T02:09:00.897+0000][1][safepoint    ] Entering safepoint region: Cleanup
[2022-06-13T02:09:00.898+0000][1][safepoint    ] Leaving safepoint region
[2022-06-13T02:09:00.898+0000][1][safepoint    ] Total time for which application threads were stopped: 0.0006025 seconds, Stopping threads took: 0.0003015 seconds
[2022-06-13T02:09:01.899+0000][1][safepoint    ] Application time: 1.0002926 seconds
[2022-06-13T02:09:01.899+0000][1][safepoint    ] Entering safepoint region: Cleanup
[2022-06-13T02:09:01.900+0000][1][safepoint    ] Leaving safepoint region
[2022-06-13T02:09:01.901+0000][1][safepoint    ] Total time for which application threads were stopped: 0.0013848 seconds, Stopping threads took: 0.0007360 seconds
[2022-06-13T02:09:02.901+0000][1][safepoint    ] Application time: 1.0002461 seconds
[2022-06-13T02:09:02.902+0000][1][safepoint    ] Entering safepoint region: Cleanup
[2022-06-13T02:09:02.902+0000][1][safepoint    ] Leaving safepoint region
[2022-06-13T02:09:02.903+0000][1][safepoint    ] Total time for which application threads were stopped: 0.0011579 seconds, Stopping threads took: 0.0002549 seconds
[2022-06-13T02:09:03.903+0000][1][safepoint    ] Application time: 1.0002143 seconds
[2022-06-13T02:09:03.904+0000][1][safepoint    ] Entering safepoint region: Cleanup
[2022-06-13T02:09:03.904+0000][1][safepoint    ] Leaving safepoint region
[2022-06-13T02:09:03.904+0000][1][safepoint    ] Total time for which application threads were stopped: 0.0003903 seconds, Stopping threads took: 0.0001556 seconds
[2022-06-13T02:09:04.905+0000][1][safepoint    ] Application time: 1.0001736 seconds
[2022-06-13T02:09:04.905+0000][1][safepoint    ] Entering safepoint region: Cleanup
[2022-06-13T02:09:04.906+0000][1][safepoint    ] Leaving safepoint region
[2022-06-13T02:09:04.906+0000][1][safepoint    ] Total time for which application threads were stopped: 0.0010498 seconds, Stopping threads took: 0.0005152 seconds
[2022-06-13T02:09:05.907+0000][1][safepoint    ] Application time: 1.0002994 seconds
[2022-06-13T02:09:05.908+0000][1][safepoint    ] Entering safepoint region: Cleanup
[2022-06-13T02:09:05.908+0000][1][safepoint    ] Leaving safepoint region
[2022-06-13T02:09:05.909+0000][1][safepoint    ] Total time for which application threads were stopped: 0.0009104 seconds, Stopping threads took: 0.0004016 seconds
[2022-06-13T02:09:06.909+0000][1][safepoint    ] Application time: 1.0002235 seconds
[2022-06-13T02:09:06.910+0000][1][safepoint    ] Entering safepoint region: Cleanup
[2022-06-13T02:09:06.911+0000][1][safepoint    ] Leaving safepoint region
[2022-06-13T02:09:06.911+0000][1][safepoint    ] Total time for which application threads were stopped: 0.0012936 seconds, Stopping threads took: 0.0005988 seconds
[2022-06-13T02:09:07.912+0000][1][safepoint    ] Application time: 1.0001608 seconds
[2022-06-13T02:09:07.912+0000][1][safepoint    ] Entering safepoint region: Cleanup
[2022-06-13T02:09:07.913+0000][1][safepoint    ] Leaving safepoint region
[2022-06-13T02:09:07.913+0000][1][safepoint    ] Total time for which application threads were stopped: 0.0006635 seconds, Stopping threads took: 0.0003488 seconds
[2022-06-13T02:09:08.914+0000][1][safepoint    ] Application time: 1.0001693 seconds
[2022-06-13T02:09:08.914+0000][1][safepoint    ] Entering safepoint region: Cleanup
[2022-06-13T02:09:08.914+0000][1][safepoint    ] Leaving safepoint region
[2022-06-13T02:09:08.915+0000][1][safepoint    ] Total time for which application threads were stopped: 0.0005880 seconds, Stopping threads took: 0.0002780 seconds
[2022-06-13T02:09:09.915+0000][1][safepoint    ] Application time: 1.0001845 seconds
[2022-06-13T02:09:09.916+0000][1][safepoint    ] Entering safepoint region: Cleanup
[2022-06-13T02:09:09.916+0000][1][safepoint    ] Leaving safepoint region
[2022-06-13T02:09:09.917+0000][1][safepoint    ] Total time for which application threads were stopped: 0.0012275 seconds, Stopping threads took: 0.0005545 seconds
[2022-06-13T02:09:10.918+0000][1][safepoint    ] Application time: 1.0002437 seconds
[2022-06-13T02:09:10.918+0000][1][safepoint    ] Entering safepoint region: Cleanup
[2022-06-13T02:09:10.918+0000][1][safepoint    ] Leaving safepoint region
[2022-06-13T02:09:10.918+0000][1][safepoint    ] Total time for which application threads were stopped: 0.0006393 seconds, Stopping threads took: 0.0002744 seconds
[2022-06-13T02:09:11.919+0000][1][safepoint    ] Application time: 1.0001133 seconds
[2022-06-13T02:09:11.919+0000][1][safepoint    ] Entering safepoint region: Cleanup
[2022-06-13T02:09:11.920+0000][1][safepoint    ] Leaving safepoint region
[2022-06-13T02:09:11.920+0000][1][safepoint    ] Total time for which application threads were stopped: 0.0008132 seconds, Stopping threads took: 0.0003353 seconds
[2022-06-13T02:09:12.921+0000][1][safepoint    ] Application time: 1.0001737 seconds
[2022-06-13T02:09:12.921+0000][1][safepoint    ] Entering safepoint region: Cleanup
[2022-06-13T02:09:12.922+0000][1][safepoint    ] Leaving safepoint region
[2022-06-13T02:09:12.922+0000][1][safepoint    ] Total time for which application threads were stopped: 0.0008272 seconds, Stopping threads took: 0.0002821 seconds
[2022-06-13T02:09:13.923+0000][1][safepoint    ] Application time: 1.0001999 seconds
[2022-06-13T02:09:13.923+0000][1][safepoint    ] Entering safepoint region: Cleanup
[2022-06-13T02:09:13.924+0000][1][safepoint    ] Leaving safepoint region
[2022-06-13T02:09:13.924+0000][1][safepoint    ] Total time for which application threads were stopped: 0.0007075 seconds, Stopping threads took: 0.0004361 seconds
[2022-06-13T02:09:14.924+0000][1][safepoint    ] Application time: 1.0002409 seconds
[2022-06-13T02:09:14.925+0000][1][safepoint    ] Entering safepoint region: Cleanup
[2022-06-13T02:09:14.926+0000][1][safepoint    ] Leaving safepoint region
[2022-06-13T02:09:14.926+0000][1][safepoint    ] Total time for which application threads were stopped: 0.0013369 seconds, Stopping threads took: 0.0006118 seconds
[2022-06-13T02:09:15.927+0000][1][safepoint    ] Application time: 1.0001925 seconds
[2022-06-13T02:09:15.927+0000][1][safepoint    ] Entering safepoint region: Cleanup
[2022-06-13T02:09:15.928+0000][1][safepoint    ] Leaving safepoint region
[2022-06-13T02:09:15.928+0000][1][safepoint    ] Total time for which application threads were stopped: 0.0009291 seconds, Stopping threads took: 0.0005684 seconds
[2022-06-13T02:09:16.929+0000][1][safepoint    ] Application time: 1.0002399 seconds
[2022-06-13T02:09:16.929+0000][1][safepoint    ] Entering safepoint region: Cleanup
[2022-06-13T02:09:16.930+0000][1][safepoint    ] Leaving safepoint region
[2022-06-13T02:09:16.931+0000][1][safepoint    ] Total time for which application threads were stopped: 0.0014652 seconds, Stopping threads took: 0.0007037 seconds
[2022-06-13T02:09:17.931+0000][1][safepoint    ] Application time: 1.0001848 seconds
[2022-06-13T02:09:17.932+0000][1][safepoint    ] Entering safepoint region: Cleanup
[2022-06-13T02:09:17.933+0000][1][safepoint    ] Leaving safepoint region
[2022-06-13T02:09:17.933+0000][1][safepoint    ] Total time for which application threads were stopped: 0.0008043 seconds, Stopping threads took: 0.0003925 seconds
[2022-06-13T02:09:18.933+0000][1][safepoint    ] Application time: 1.0002609 seconds
[2022-06-13T02:09:18.934+0000][1][safepoint    ] Entering safepoint region: Cleanup
[2022-06-13T02:09:18.935+0000][1][safepoint    ] Leaving safepoint region
[2022-06-13T02:09:18.935+0000][1][safepoint    ] Total time for which application threads were stopped: 0.0012296 seconds, Stopping threads took: 0.0005244 seconds
[2022-06-13T02:09:19.936+0000][1][safepoint    ] Application time: 1.0003707 seconds
[2022-06-13T02:09:19.937+0000][1][safepoint    ] Entering safepoint region: Cleanup
[2022-06-13T02:09:19.938+0000][1][safepoint    ] Leaving safepoint region
[2022-06-13T02:09:19.938+0000][1][safepoint    ] Total time for which application threads were stopped: 0.0013264 seconds, Stopping threads took: 0.0005531 seconds
[2022-06-13T02:09:20.939+0000][1][safepoint    ] Application time: 1.0002517 seconds
[2022-06-13T02:09:20.939+0000][1][safepoint    ] Entering safepoint region: Cleanup
[2022-06-13T02:09:20.940+0000][1][safepoint    ] Leaving safepoint region
[2022-06-13T02:09:20.940+0000][1][safepoint    ] Total time for which application threads were stopped: 0.0007150 seconds, Stopping threads took: 0.0003503 seconds
[2022-06-13T02:09:21.941+0000][1][safepoint    ] Application time: 1.0001879 seconds
[2022-06-13T02:09:21.941+0000][1][safepoint    ] Entering safepoint region: Cleanup
[2022-06-13T02:09:21.942+0000][1][safepoint    ] Leaving safepoint region
[2022-06-13T02:09:21.943+0000][1][safepoint    ] Total time for which application threads were stopped: 0.0013092 seconds, Stopping threads took: 0.0006899 seconds
[2022-06-13T02:09:22.943+0000][1][safepoint    ] Application time: 1.0001907 seconds
[2022-06-13T02:09:22.943+0000][1][safepoint    ] Entering safepoint region: Cleanup
[2022-06-13T02:09:22.944+0000][1][safepoint    ] Leaving safepoint region
[2022-06-13T02:09:22.944+0000][1][safepoint    ] Total time for which application threads were stopped: 0.0003287 seconds, Stopping threads took: 0.0001219 seconds
[2022-06-13T02:09:23.944+0000][1][safepoint    ] Application time: 1.0002054 seconds
[2022-06-13T02:09:23.944+0000][1][safepoint    ] Entering safepoint region: Cleanup
[2022-06-13T02:09:23.945+0000][1][safepoint    ] Leaving safepoint region
[2022-06-13T02:09:23.945+0000][1][safepoint    ] Total time for which application threads were stopped: 0.0005617 seconds, Stopping threads took: 0.0002739 seconds
[2022-06-13T02:09:24.946+0000][1][safepoint    ] Application time: 1.0003131 seconds
[2022-06-13T02:09:24.946+0000][1][safepoint    ] Entering safepoint region: Cleanup
[2022-06-13T02:09:24.946+0000][1][safepoint    ] Leaving safepoint region
[2022-06-13T02:09:24.947+0000][1][safepoint    ] Total time for which application threads were stopped: 0.0007243 seconds, Stopping threads took: 0.0003715 seconds
[2022-06-13T02:09:25.947+0000][1][safepoint    ] Application time: 1.0001895 seconds
[2022-06-13T02:09:25.948+0000][1][safepoint    ] Entering safepoint region: Cleanup
[2022-06-13T02:09:25.948+0000][1][safepoint    ] Leaving safepoint region
[2022-06-13T02:09:25.948+0000][1][safepoint    ] Total time for which application threads were stopped: 0.0007324 seconds, Stopping threads took: 0.0003865 seconds
[2022-06-13T02:09:26.949+0000][1][safepoint    ] Application time: 1.0002510 seconds
[2022-06-13T02:09:26.949+0000][1][safepoint    ] Entering safepoint region: Cleanup
[2022-06-13T02:09:26.950+0000][1][safepoint    ] Leaving safepoint region
[2022-06-13T02:09:26.950+0000][1][safepoint    ] Total time for which application threads were stopped: 0.0009418 seconds, Stopping threads took: 0.0003970 seconds
[2022-06-13T02:09:27.951+0000][1][safepoint    ] Application time: 1.0001375 seconds
[2022-06-13T02:09:27.952+0000][1][safepoint    ] Entering safepoint region: Cleanup
[2022-06-13T02:09:27.952+0000][1][safepoint    ] Leaving safepoint region
[2022-06-13T02:09:27.953+0000][1][safepoint    ] Total time for which application threads were stopped: 0.0014037 seconds, Stopping threads took: 0.0006478 seconds
[2022-06-13T02:09:28.954+0000][1][safepoint    ] Application time: 1.0002037 seconds
[2022-06-13T02:09:28.954+0000][1][safepoint    ] Entering safepoint region: Cleanup
[2022-06-13T02:09:28.955+0000][1][safepoint    ] Leaving safepoint region
[2022-06-13T02:09:28.955+0000][1][safepoint    ] Total time for which application threads were stopped: 0.0008206 seconds, Stopping threads took: 0.0004186 seconds
[2022-06-13T02:09:29.956+0000][1][safepoint    ] Application time: 1.0003802 seconds
[2022-06-13T02:09:29.956+0000][1][safepoint    ] Entering safepoint region: Cleanup
[2022-06-13T02:09:29.957+0000][1][safepoint    ] Leaving safepoint region
[2022-06-13T02:09:29.957+0000][1][safepoint    ] Total time for which application threads were stopped: 0.0009721 seconds, Stopping threads took: 0.0005830 seconds
[2022-06-13T02:09:30.958+0000][1][safepoint    ] Application time: 1.0001784 seconds
[2022-06-13T02:09:30.958+0000][1][safepoint    ] Entering safepoint region: Cleanup
[2022-06-13T02:09:30.959+0000][1][safepoint    ] Leaving safepoint region
[2022-06-13T02:09:30.960+0000][1][safepoint    ] Total time for which application threads were stopped: 0.0015760 seconds, Stopping threads took: 0.0008456 seconds
[2022-06-13T02:09:31.960+0000][1][safepoint    ] Application time: 1.0001351 seconds
[2022-06-13T02:09:31.961+0000][1][safepoint    ] Entering safepoint region: Cleanup
[2022-06-13T02:09:31.961+0000][1][safepoint    ] Leaving safepoint region
[2022-06-13T02:09:31.962+0000][1][safepoint    ] Total time for which application threads were stopped: 0.0008660 seconds, Stopping threads took: 0.0003882 seconds
[2022-06-13T02:09:32.962+0000][1][safepoint    ] Application time: 1.0001471 seconds
[2022-06-13T02:09:32.963+0000][1][safepoint    ] Entering safepoint region: Cleanup
[2022-06-13T02:09:32.964+0000][1][safepoint    ] Leaving safepoint region
[2022-06-13T02:09:32.964+0000][1][safepoint    ] Total time for which application threads were stopped: 0.0010787 seconds, Stopping threads took: 0.0004949 seconds
[2022-06-13T02:09:33.964+0000][1][safepoint    ] Application time: 1.0002052 seconds
[2022-06-13T02:09:33.965+0000][1][safepoint    ] Entering safepoint region: Cleanup
[2022-06-13T02:09:33.965+0000][1][safepoint    ] Leaving safepoint region
[2022-06-13T02:09:33.965+0000][1][safepoint    ] Total time for which application threads were stopped: 0.0006191 seconds, Stopping threads took: 0.0002986 seconds
[2022-06-13T02:09:34.966+0000][1][safepoint    ] Application time: 1.0003096 seconds
[2022-06-13T02:09:34.967+0000][1][safepoint    ] Entering safepoint region: Cleanup
[2022-06-13T02:09:34.967+0000][1][safepoint    ] Leaving safepoint region
[2022-06-13T02:09:34.967+0000][1][safepoint    ] Total time for which application threads were stopped: 0.0009054 seconds, Stopping threads took: 0.0003981 seconds
[2022-06-13T02:09:35.968+0000][1][safepoint    ] Application time: 1.0001285 seconds
[2022-06-13T02:09:35.969+0000][1][safepoint    ] Entering safepoint region: Cleanup
[2022-06-13T02:09:35.969+0000][1][safepoint    ] Leaving safepoint region
[2022-06-13T02:09:35.970+0000][1][safepoint    ] Total time for which application threads were stopped: 0.0009217 seconds, Stopping threads took: 0.0004395 seconds
[2022-06-13T02:09:36.970+0000][1][safepoint    ] Application time: 1.0003002 seconds
[2022-06-13T02:09:36.971+0000][1][safepoint    ] Entering safepoint region: Cleanup
[2022-06-13T02:09:36.971+0000][1][safepoint    ] Leaving safepoint region
[2022-06-13T02:09:36.972+0000][1][safepoint    ] Total time for which application threads were stopped: 0.0009614 seconds, Stopping threads took: 0.0004327 seconds
[2022-06-13T02:09:37.972+0000][1][safepoint    ] Application time: 1.0002769 seconds
[2022-06-13T02:09:37.973+0000][1][safepoint    ] Entering safepoint region: Cleanup
[2022-06-13T02:09:37.973+0000][1][safepoint    ] Leaving safepoint region
[2022-06-13T02:09:37.974+0000][1][safepoint    ] Total time for which application threads were stopped: 0.0008976 seconds, Stopping threads took: 0.0004104 seconds
[2022-06-13T02:09:38.975+0000][1][safepoint    ] Application time: 1.0002556 seconds
[2022-06-13T02:09:38.975+0000][1][safepoint    ] Entering safepoint region: Cleanup
[2022-06-13T02:09:38.975+0000][1][safepoint    ] Leaving safepoint region
[2022-06-13T02:09:38.976+0000][1][safepoint    ] Total time for which application threads were stopped: 0.0010853 seconds, Stopping threads took: 0.0003405 seconds
[2022-06-13T02:09:39.977+0000][1][safepoint    ] Application time: 1.0002147 seconds
[2022-06-13T02:09:39.977+0000][1][safepoint    ] Entering safepoint region: Cleanup
[2022-06-13T02:09:39.978+0000][1][safepoint    ] Leaving safepoint region
[2022-06-13T02:09:39.978+0000][1][safepoint    ] Total time for which application threads were stopped: 0.0005991 seconds, Stopping threads took: 0.0003143 seconds
[2022-06-13T02:09:40.978+0000][1][safepoint    ] Application time: 1.0002074 seconds
[2022-06-13T02:09:40.978+0000][1][safepoint    ] Entering safepoint region: Cleanup
[2022-06-13T02:09:40.979+0000][1][safepoint    ] Leaving safepoint region
[2022-06-13T02:09:40.979+0000][1][safepoint    ] Total time for which application threads were stopped: 0.0002999 seconds, Stopping threads took: 0.0001257 seconds
[2022-06-13T02:09:41.979+0000][1][safepoint    ] Application time: 1.0001826 seconds
[2022-06-13T02:09:41.979+0000][1][safepoint    ] Entering safepoint region: Cleanup
[2022-06-13T02:09:41.980+0000][1][safepoint    ] Leaving safepoint region
[2022-06-13T02:09:41.980+0000][1][safepoint    ] Total time for which application threads were stopped: 0.0006643 seconds, Stopping threads took: 0.0003438 seconds
[2022-06-13T02:09:42.980+0000][1][safepoint    ] Application time: 1.0002116 seconds
[2022-06-13T02:09:42.981+0000][1][safepoint    ] Entering safepoint region: Cleanup
[2022-06-13T02:09:42.982+0000][1][safepoint    ] Leaving safepoint region
[2022-06-13T02:09:42.982+0000][1][safepoint    ] Total time for which application threads were stopped: 0.0014157 seconds, Stopping threads took: 0.0006023 seconds
[2022-06-13T02:09:43.983+0000][1][safepoint    ] Application time: 1.0001903 seconds
[2022-06-13T02:09:43.984+0000][1][safepoint    ] Entering safepoint region: Cleanup
[2022-06-13T02:09:43.984+0000][1][safepoint    ] Leaving safepoint region
[2022-06-13T02:09:43.984+0000][1][safepoint    ] Total time for which application threads were stopped: 0.0006119 seconds, Stopping threads took: 0.0002710 seconds
[2022-06-13T02:09:44.985+0000][1][safepoint    ] Application time: 1.0003200 seconds
[2022-06-13T02:09:44.985+0000][1][safepoint    ] Entering safepoint region: Cleanup
[2022-06-13T02:09:44.985+0000][1][safepoint    ] Leaving safepoint region
[2022-06-13T02:09:44.986+0000][1][safepoint    ] Total time for which application threads were stopped: 0.0005597 seconds, Stopping threads took: 0.0002481 seconds
[2022-06-13T02:09:45.986+0000][1][safepoint    ] Application time: 1.0001352 seconds
[2022-06-13T02:09:45.986+0000][1][safepoint    ] Entering safepoint region: Cleanup
[2022-06-13T02:09:45.987+0000][1][safepoint    ] Leaving safepoint region
[2022-06-13T02:09:45.987+0000][1][safepoint    ] Total time for which application threads were stopped: 0.0007954 seconds, Stopping threads took: 0.0003065 seconds
[2022-06-13T02:09:46.988+0000][1][safepoint    ] Application time: 1.0001281 seconds
[2022-06-13T02:09:46.988+0000][1][safepoint    ] Entering safepoint region: Cleanup
[2022-06-13T02:09:46.989+0000][1][safepoint    ] Leaving safepoint region
[2022-06-13T02:09:46.989+0000][1][safepoint    ] Total time for which application threads were stopped: 0.0008147 seconds, Stopping threads took: 0.0003602 seconds
[2022-06-13T02:09:47.990+0000][1][safepoint    ] Application time: 1.0001129 seconds
[2022-06-13T02:09:47.990+0000][1][safepoint    ] Entering safepoint region: Cleanup
[2022-06-13T02:09:47.991+0000][1][safepoint    ] Leaving safepoint region
[2022-06-13T02:09:47.991+0000][1][safepoint    ] Total time for which application threads were stopped: 0.0008270 seconds, Stopping threads took: 0.0003607 seconds
[2022-06-13T02:09:48.992+0000][1][safepoint    ] Application time: 1.0001353 seconds
[2022-06-13T02:09:48.992+0000][1][safepoint    ] Entering safepoint region: Cleanup
[2022-06-13T02:09:48.992+0000][1][safepoint    ] Leaving safepoint region
[2022-06-13T02:09:48.993+0000][1][safepoint    ] Total time for which application threads were stopped: 0.0008734 seconds, Stopping threads took: 0.0003870 seconds
[2022-06-13T02:09:49.993+0000][1][safepoint    ] Application time: 1.0002128 seconds
[2022-06-13T02:09:49.994+0000][1][safepoint    ] Entering safepoint region: Cleanup
[2022-06-13T02:09:49.994+0000][1][safepoint    ] Leaving safepoint region
[2022-06-13T02:09:49.994+0000][1][safepoint    ] Total time for which application threads were stopped: 0.0005389 seconds, Stopping threads took: 0.0002381 seconds
[2022-06-13T02:09:50.995+0000][1][safepoint    ] Application time: 1.0001417 seconds
[2022-06-13T02:09:50.995+0000][1][safepoint    ] Entering safepoint region: Cleanup
[2022-06-13T02:09:50.996+0000][1][safepoint    ] Leaving safepoint region
[2022-06-13T02:09:50.996+0000][1][safepoint    ] Total time for which application threads were stopped: 0.0012098 seconds, Stopping threads took: 0.0006029 seconds
[2022-06-13T02:09:51.997+0000][1][safepoint    ] Application time: 1.0001504 seconds
[2022-06-13T02:09:51.997+0000][1][safepoint    ] Entering safepoint region: Cleanup
[2022-06-13T02:09:51.998+0000][1][safepoint    ] Leaving safepoint region
[2022-06-13T02:09:51.998+0000][1][safepoint    ] Total time for which application threads were stopped: 0.0007329 seconds, Stopping threads took: 0.0003000 seconds
[2022-06-13T02:09:52.998+0000][1][safepoint    ] Application time: 1.0002297 seconds
[2022-06-13T02:09:52.999+0000][1][safepoint    ] Entering safepoint region: Cleanup
[2022-06-13T02:09:53.000+0000][1][safepoint    ] Leaving safepoint region
[2022-06-13T02:09:53.000+0000][1][safepoint    ] Total time for which application threads were stopped: 0.0011581 seconds, Stopping threads took: 0.0005540 seconds
[2022-06-13T02:09:54.001+0000][1][safepoint    ] Application time: 1.0002063 seconds
[2022-06-13T02:09:54.001+0000][1][safepoint    ] Entering safepoint region: Cleanup
[2022-06-13T02:09:54.001+0000][1][safepoint    ] Leaving safepoint region
[2022-06-13T02:09:54.002+0000][1][safepoint    ] Total time for which application threads were stopped: 0.0003538 seconds, Stopping threads took: 0.0001567 seconds
[2022-06-13T02:09:55.002+0000][1][safepoint    ] Application time: 1.0001333 seconds
[2022-06-13T02:09:55.002+0000][1][safepoint    ] Entering safepoint region: Cleanup
[2022-06-13T02:09:55.002+0000][1][safepoint    ] Leaving safepoint region
[2022-06-13T02:09:55.003+0000][1][safepoint    ] Total time for which application threads were stopped: 0.0005510 seconds, Stopping threads took: 0.0002047 seconds
[2022-06-13T02:09:56.003+0000][1][safepoint    ] Application time: 1.0001386 seconds
[2022-06-13T02:09:56.003+0000][1][safepoint    ] Entering safepoint region: Cleanup
[2022-06-13T02:09:56.004+0000][1][safepoint    ] Leaving safepoint region
[2022-06-13T02:09:56.004+0000][1][safepoint    ] Total time for which application threads were stopped: 0.0009585 seconds, Stopping threads took: 0.0003020 seconds
[2022-06-13T02:09:57.005+0000][1][safepoint    ] Application time: 1.0002022 seconds
[2022-06-13T02:09:57.005+0000][1][safepoint    ] Entering safepoint region: Cleanup
[2022-06-13T02:09:57.006+0000][1][safepoint    ] Leaving safepoint region
[2022-06-13T02:09:57.006+0000][1][safepoint    ] Total time for which application threads were stopped: 0.0010145 seconds, Stopping threads took: 0.0005203 seconds
[2022-06-13T02:09:58.007+0000][1][safepoint    ] Application time: 1.0002563 seconds
[2022-06-13T02:09:58.007+0000][1][safepoint    ] Entering safepoint region: Cleanup
[2022-06-13T02:09:58.008+0000][1][safepoint    ] Leaving safepoint region
[2022-06-13T02:09:58.008+0000][1][safepoint    ] Total time for which application threads were stopped: 0.0005945 seconds, Stopping threads took: 0.0002797 seconds
[2022-06-13T02:09:59.008+0000][1][safepoint    ] Application time: 1.0002322 seconds
[2022-06-13T02:09:59.009+0000][1][safepoint    ] Entering safepoint region: Cleanup
[2022-06-13T02:09:59.010+0000][1][safepoint    ] Leaving safepoint region
[2022-06-13T02:09:59.010+0000][1][safepoint    ] Total time for which application threads were stopped: 0.0011116 seconds, Stopping threads took: 0.0005552 seconds
[2022-06-13T02:10:00.011+0000][1][safepoint    ] Application time: 1.0002111 seconds
[2022-06-13T02:10:00.011+0000][1][safepoint    ] Entering safepoint region: Cleanup
[2022-06-13T02:10:00.012+0000][1][safepoint    ] Leaving safepoint region
[2022-06-13T02:10:00.012+0000][1][safepoint    ] Total time for which application threads were stopped: 0.0004170 seconds, Stopping threads took: 0.0001736 seconds
[2022-06-13T02:10:01.012+0000][1][safepoint    ] Application time: 1.0001949 seconds
[2022-06-13T02:10:01.013+0000][1][safepoint    ] Entering safepoint region: Cleanup
[2022-06-13T02:10:01.013+0000][1][safepoint    ] Leaving safepoint region
[2022-06-13T02:10:01.013+0000][1][safepoint    ] Total time for which application threads were stopped: 0.0008850 seconds, Stopping threads took: 0.0004124 seconds
[2022-06-13T02:10:02.014+0000][1][safepoint    ] Application time: 1.0002070 seconds
[2022-06-13T02:10:02.015+0000][1][safepoint    ] Entering safepoint region: Cleanup
[2022-06-13T02:10:02.015+0000][1][safepoint    ] Leaving safepoint region
[2022-06-13T02:10:02.015+0000][1][safepoint    ] Total time for which application threads were stopped: 0.0006735 seconds, Stopping threads took: 0.0003061 seconds
[2022-06-13T02:10:03.016+0000][1][safepoint    ] Application time: 1.0002809 seconds
[2022-06-13T02:10:03.016+0000][1][safepoint    ] Entering safepoint region: Cleanup
[2022-06-13T02:10:03.017+0000][1][safepoint    ] Leaving safepoint region
[2022-06-13T02:10:03.018+0000][1][safepoint    ] Total time for which application threads were stopped: 0.0017788 seconds, Stopping threads took: 0.0006264 seconds
[2022-06-13T02:10:04.050+0000][1][safepoint    ] Application time: 1.0316579 seconds
[2022-06-13T02:10:04.051+0000][1][safepoint    ] Entering safepoint region: Cleanup
[2022-06-13T02:10:04.052+0000][1][safepoint    ] Leaving safepoint region
[2022-06-13T02:10:04.052+0000][1][safepoint    ] Total time for which application threads were stopped: 0.0013714 seconds, Stopping threads took: 0.0006875 seconds
[2022-06-13T02:10:05.053+0000][1][safepoint    ] Application time: 1.0002455 seconds
[2022-06-13T02:10:05.054+0000][1][safepoint    ] Entering safepoint region: Cleanup
[2022-06-13T02:10:05.054+0000][1][safepoint    ] Leaving safepoint region
[2022-06-13T02:10:05.054+0000][1][safepoint    ] Total time for which application threads were stopped: 0.0004419 seconds, Stopping threads took: 0.0002501 seconds
[2022-06-13T02:10:06.054+0000][1][safepoint    ] Application time: 1.0002123 seconds
[2022-06-13T02:10:06.055+0000][1][safepoint    ] Entering safepoint region: Cleanup
[2022-06-13T02:10:06.055+0000][1][safepoint    ] Leaving safepoint region
[2022-06-13T02:10:06.056+0000][1][safepoint    ] Total time for which application threads were stopped: 0.0006858 seconds, Stopping threads took: 0.0002851 seconds
[2022-06-13T02:10:07.056+0000][1][safepoint    ] Application time: 1.0002020 seconds
[2022-06-13T02:10:07.056+0000][1][safepoint    ] Entering safepoint region: Cleanup
[2022-06-13T02:10:07.057+0000][1][safepoint    ] Leaving safepoint region
[2022-06-13T02:10:07.057+0000][1][safepoint    ] Total time for which application threads were stopped: 0.0006410 seconds, Stopping threads took: 0.0002947 seconds
[2022-06-13T02:10:08.057+0000][1][safepoint    ] Application time: 1.0001850 seconds
[2022-06-13T02:10:08.058+0000][1][safepoint    ] Entering safepoint region: Cleanup
[2022-06-13T02:10:08.058+0000][1][safepoint    ] Leaving safepoint region
[2022-06-13T02:10:08.059+0000][1][safepoint    ] Total time for which application threads were stopped: 0.0008574 seconds, Stopping threads took: 0.0004869 seconds
[2022-06-13T02:10:09.059+0000][1][safepoint    ] Application time: 1.0001115 seconds
[2022-06-13T02:10:09.059+0000][1][safepoint    ] Entering safepoint region: Cleanup
[2022-06-13T02:10:09.060+0000][1][safepoint    ] Leaving safepoint region
[2022-06-13T02:10:09.060+0000][1][safepoint    ] Total time for which application threads were stopped: 0.0005347 seconds, Stopping threads took: 0.0002774 seconds
[2022-06-13T02:10:10.061+0000][1][safepoint    ] Application time: 1.0003187 seconds
[2022-06-13T02:10:10.061+0000][1][safepoint    ] Entering safepoint region: Cleanup
[2022-06-13T02:10:10.062+0000][1][safepoint    ] Leaving safepoint region
[2022-06-13T02:10:10.062+0000][1][safepoint    ] Total time for which application threads were stopped: 0.0008102 seconds, Stopping threads took: 0.0003827 seconds
[2022-06-13T02:10:11.062+0000][1][safepoint    ] Application time: 1.0001141 seconds
[2022-06-13T02:10:11.063+0000][1][safepoint    ] Entering safepoint region: Cleanup
[2022-06-13T02:10:11.063+0000][1][safepoint    ] Leaving safepoint region
[2022-06-13T02:10:11.063+0000][1][safepoint    ] Total time for which application threads were stopped: 0.0006393 seconds, Stopping threads took: 0.0003487 seconds
[2022-06-13T02:10:12.064+0000][1][safepoint    ] Application time: 1.0001829 seconds
[2022-06-13T02:10:12.064+0000][1][safepoint    ] Entering safepoint region: Cleanup
[2022-06-13T02:10:12.065+0000][1][safepoint    ] Leaving safepoint region
[2022-06-13T02:10:12.065+0000][1][safepoint    ] Total time for which application threads were stopped: 0.0009404 seconds, Stopping threads took: 0.0004106 seconds
[2022-06-13T02:10:13.066+0000][1][safepoint    ] Application time: 1.0002959 seconds
[2022-06-13T02:10:13.067+0000][1][safepoint    ] Entering safepoint region: Cleanup
[2022-06-13T02:10:13.067+0000][1][safepoint    ] Leaving safepoint region
[2022-06-13T02:10:13.067+0000][1][safepoint    ] Total time for which application threads were stopped: 0.0005384 seconds, Stopping threads took: 0.0002135 seconds
[2022-06-13T02:10:14.067+0000][1][safepoint    ] Application time: 1.0001615 seconds
[2022-06-13T02:10:14.068+0000][1][safepoint    ] Entering safepoint region: Cleanup
[2022-06-13T02:10:14.068+0000][1][safepoint    ] Leaving safepoint region
[2022-06-13T02:10:14.068+0000][1][safepoint    ] Total time for which application threads were stopped: 0.0006699 seconds, Stopping threads took: 0.0003323 seconds
[2022-06-13T02:10:15.069+0000][1][safepoint    ] Application time: 1.0001594 seconds
[2022-06-13T02:10:15.069+0000][1][safepoint    ] Entering safepoint region: Cleanup
[2022-06-13T02:10:15.070+0000][1][safepoint    ] Leaving safepoint region
[2022-06-13T02:10:15.070+0000][1][safepoint    ] Total time for which application threads were stopped: 0.0008485 seconds, Stopping threads took: 0.0003856 seconds
[2022-06-13T02:10:16.071+0000][1][safepoint    ] Application time: 1.0002089 seconds
[2022-06-13T02:10:16.071+0000][1][safepoint    ] Entering safepoint region: Cleanup
[2022-06-13T02:10:16.072+0000][1][safepoint    ] Leaving safepoint region
[2022-06-13T02:10:16.072+0000][1][safepoint    ] Total time for which application threads were stopped: 0.0006585 seconds, Stopping threads took: 0.0002718 seconds
[2022-06-13T02:10:17.073+0000][1][safepoint    ] Application time: 1.0002697 seconds
[2022-06-13T02:10:17.073+0000][1][safepoint    ] Entering safepoint region: Cleanup
[2022-06-13T02:10:17.074+0000][1][safepoint    ] Leaving safepoint region
[2022-06-13T02:10:17.074+0000][1][safepoint    ] Total time for which application threads were stopped: 0.0007472 seconds, Stopping threads took: 0.0003683 seconds
[2022-06-13T02:10:18.075+0000][1][safepoint    ] Application time: 1.0002207 seconds
[2022-06-13T02:10:18.075+0000][1][safepoint    ] Entering safepoint region: Cleanup
[2022-06-13T02:10:18.075+0000][1][safepoint    ] Leaving safepoint region
[2022-06-13T02:10:18.076+0000][1][safepoint    ] Total time for which application threads were stopped: 0.0004290 seconds, Stopping threads took: 0.0002256 seconds
[2022-06-13T02:10:19.076+0000][1][safepoint    ] Application time: 1.0002659 seconds
[2022-06-13T02:10:19.077+0000][1][safepoint    ] Entering safepoint region: Cleanup
[2022-06-13T02:10:19.077+0000][1][safepoint    ] Leaving safepoint region
[2022-06-13T02:10:19.077+0000][1][safepoint    ] Total time for which application threads were stopped: 0.0008991 seconds, Stopping threads took: 0.0004096 seconds
[2022-06-13T02:10:20.078+0000][1][safepoint    ] Application time: 1.0001985 seconds
[2022-06-13T02:10:20.078+0000][1][safepoint    ] Entering safepoint region: Cleanup
[2022-06-13T02:10:20.079+0000][1][safepoint    ] Leaving safepoint region
[2022-06-13T02:10:20.079+0000][1][safepoint    ] Total time for which application threads were stopped: 0.0006464 seconds, Stopping threads took: 0.0002978 seconds
[2022-06-13T02:10:21.079+0000][1][safepoint    ] Application time: 1.0003865 seconds
[2022-06-13T02:10:21.080+0000][1][safepoint    ] Entering safepoint region: Cleanup
[2022-06-13T02:10:21.081+0000][1][safepoint    ] Leaving safepoint region
[2022-06-13T02:10:21.081+0000][1][safepoint    ] Total time for which application threads were stopped: 0.0007920 seconds, Stopping threads took: 0.0004538 seconds
[2022-06-13T02:10:22.081+0000][1][safepoint    ] Application time: 1.0002951 seconds
[2022-06-13T02:10:22.082+0000][1][safepoint    ] Entering safepoint region: Cleanup
[2022-06-13T02:10:22.083+0000][1][safepoint    ] Leaving safepoint region
[2022-06-13T02:10:22.083+0000][1][safepoint    ] Total time for which application threads were stopped: 0.0007982 seconds, Stopping threads took: 0.0004119 seconds
[2022-06-13T02:10:23.083+0000][1][safepoint    ] Application time: 1.0002767 seconds
[2022-06-13T02:10:23.084+0000][1][safepoint    ] Entering safepoint region: Cleanup
[2022-06-13T02:10:23.085+0000][1][safepoint    ] Leaving safepoint region
[2022-06-13T02:10:23.085+0000][1][safepoint    ] Total time for which application threads were stopped: 0.0013911 seconds, Stopping threads took: 0.0006209 seconds
[2022-06-13T02:10:24.086+0000][1][safepoint    ] Application time: 1.0001909 seconds
[2022-06-13T02:10:24.087+0000][1][safepoint    ] Entering safepoint region: Cleanup
[2022-06-13T02:10:24.087+0000][1][safepoint    ] Leaving safepoint region
[2022-06-13T02:10:24.088+0000][1][safepoint    ] Total time for which application threads were stopped: 0.0007323 seconds, Stopping threads took: 0.0003756 seconds
[2022-06-13T02:10:25.088+0000][1][safepoint    ] Application time: 1.0002141 seconds
[2022-06-13T02:10:25.089+0000][1][safepoint    ] Entering safepoint region: Cleanup
[2022-06-13T02:10:25.089+0000][1][safepoint    ] Leaving safepoint region
[2022-06-13T02:10:25.089+0000][1][safepoint    ] Total time for which application threads were stopped: 0.0005905 seconds, Stopping threads took: 0.0002371 seconds
[2022-06-13T02:10:26.089+0000][1][safepoint    ] Application time: 1.0001859 seconds
[2022-06-13T02:10:26.090+0000][1][safepoint    ] Entering safepoint region: Cleanup
[2022-06-13T02:10:26.090+0000][1][safepoint    ] Leaving safepoint region
[2022-06-13T02:10:26.090+0000][1][safepoint    ] Total time for which application threads were stopped: 0.0005139 seconds, Stopping threads took: 0.0002287 seconds
[2022-06-13T02:10:28.059+0000][1][safepoint    ] Application time: 1.9682185 seconds
[2022-06-13T02:10:28.059+0000][1][safepoint    ] Entering safepoint region: Cleanup
[2022-06-13T02:10:28.060+0000][1][safepoint    ] Leaving safepoint region
[2022-06-13T02:10:28.060+0000][1][safepoint    ] Total time for which application threads were stopped: 0.0009267 seconds, Stopping threads took: 0.0004602 seconds
[2022-06-13T02:10:29.061+0000][1][safepoint    ] Application time: 1.0001068 seconds
[2022-06-13T02:10:29.061+0000][1][safepoint    ] Entering safepoint region: Cleanup
[2022-06-13T02:10:29.061+0000][1][safepoint    ] Leaving safepoint region
[2022-06-13T02:10:29.061+0000][1][safepoint    ] Total time for which application threads were stopped: 0.0004321 seconds, Stopping threads took: 0.0002285 seconds
[2022-06-13T02:10:30.062+0000][1][safepoint    ] Application time: 1.0002805 seconds
[2022-06-13T02:10:30.062+0000][1][safepoint    ] Entering safepoint region: Cleanup
[2022-06-13T02:10:30.063+0000][1][safepoint    ] Leaving safepoint region
[2022-06-13T02:10:30.063+0000][1][safepoint    ] Total time for which application threads were stopped: 0.0006393 seconds, Stopping threads took: 0.0003187 seconds
[2022-06-13T02:10:31.063+0000][1][safepoint    ] Application time: 1.0000998 seconds
[2022-06-13T02:10:31.064+0000][1][safepoint    ] Entering safepoint region: Cleanup
[2022-06-13T02:10:31.064+0000][1][safepoint    ] Leaving safepoint region
[2022-06-13T02:10:31.064+0000][1][safepoint    ] Total time for which application threads were stopped: 0.0005500 seconds, Stopping threads took: 0.0002843 seconds
[2022-06-13T02:10:32.065+0000][1][safepoint    ] Application time: 1.0002679 seconds
[2022-06-13T02:10:32.065+0000][1][safepoint    ] Entering safepoint region: Cleanup
[2022-06-13T02:10:32.065+0000][1][safepoint    ] Leaving safepoint region
[2022-06-13T02:10:32.066+0000][1][safepoint    ] Total time for which application threads were stopped: 0.0008001 seconds, Stopping threads took: 0.0003231 seconds
[2022-06-13T02:10:33.066+0000][1][safepoint    ] Application time: 1.0001280 seconds
[2022-06-13T02:10:33.067+0000][1][safepoint    ] Entering safepoint region: Cleanup
[2022-06-13T02:10:33.067+0000][1][safepoint    ] Leaving safepoint region
[2022-06-13T02:10:33.067+0000][1][safepoint    ] Total time for which application threads were stopped: 0.0006205 seconds, Stopping threads took: 0.0001724 seconds
[2022-06-13T02:10:34.068+0000][1][safepoint    ] Application time: 1.0001987 seconds
[2022-06-13T02:10:34.068+0000][1][safepoint    ] Entering safepoint region: Cleanup
[2022-06-13T02:10:34.069+0000][1][safepoint    ] Leaving safepoint region
[2022-06-13T02:10:34.069+0000][1][safepoint    ] Total time for which application threads were stopped: 0.0010418 seconds, Stopping threads took: 0.0003593 seconds
[2022-06-13T02:10:34.402+0000][1][safepoint    ] Application time: 0.3321387 seconds
[2022-06-13T02:10:34.402+0000][1][safepoint    ] Entering safepoint region: RevokeBias
[2022-06-13T02:10:34.403+0000][1][safepoint    ] Leaving safepoint region
[2022-06-13T02:10:34.403+0000][1][safepoint    ] Total time for which application threads were stopped: 0.0008135 seconds, Stopping threads took: 0.0003819 seconds
[2022-06-13T02:10:34.403+0000][1][safepoint    ] Application time: 0.0001391 seconds
[2022-06-13T02:10:34.403+0000][1][safepoint    ] Entering safepoint region: RevokeBias
[2022-06-13T02:10:34.403+0000][1][safepoint    ] Leaving safepoint region
[2022-06-13T02:10:34.404+0000][1][safepoint    ] Total time for which application threads were stopped: 0.0003604 seconds, Stopping threads took: 0.0001487 seconds
[2022-06-13T02:10:34.404+0000][1][safepoint    ] Application time: 0.0000805 seconds
[2022-06-13T02:10:34.404+0000][1][safepoint    ] Entering safepoint region: GenCollectForAllocation
[2022-06-13T02:10:34.404+0000][1][gc,start     ] GC(23) Pause Young (Allocation Failure)
[2022-06-13T02:10:34.404+0000][1][gc,task      ] GC(23) Using 5 workers of 13 for evacuation
[2022-06-13T02:10:34.408+0000][1][gc,age       ] GC(23) Desired survivor size 4456448 bytes, new threshold 3 (max threshold 6)
[2022-06-13T02:10:34.408+0000][1][gc,age       ] GC(23) Age table with threshold 3 (max threshold 6)
[2022-06-13T02:10:34.408+0000][1][gc,age       ] GC(23) - age   1:      83384 bytes,      83384 total
[2022-06-13T02:10:34.408+0000][1][gc,age       ] GC(23) - age   2:     992072 bytes,    1075456 total
[2022-06-13T02:10:34.408+0000][1][gc,age       ] GC(23) - age   3:    3413712 bytes,    4489168 total
[2022-06-13T02:10:34.409+0000][1][gc,heap      ] GC(23) ParNew: 76815K->5951K(78656K)
[2022-06-13T02:10:34.409+0000][1][gc,heap      ] GC(23) CMS: 64826K->64826K(174784K)
[2022-06-13T02:10:34.410+0000][1][gc,metaspace ] GC(23) Metaspace: 65013K->65013K(1107968K)
[2022-06-13T02:10:34.410+0000][1][gc           ] GC(23) Pause Young (Allocation Failure) 138M->69M(247M) 5.812ms
[2022-06-13T02:10:34.410+0000][1][gc,cpu       ] GC(23) User=0.01s Sys=0.00s Real=0.01s
[2022-06-13T02:10:34.410+0000][1][safepoint    ] Leaving safepoint region
[2022-06-13T02:10:34.410+0000][1][safepoint    ] Total time for which application threads were stopped: 0.0065803 seconds, Stopping threads took: 0.0001105 seconds
[2022-06-13T02:10:34.411+0000][1][safepoint    ] Application time: 0.0007811 seconds
[2022-06-13T02:10:34.412+0000][1][safepoint    ] Entering safepoint region: RevokeBias
[2022-06-13T02:10:34.412+0000][1][safepoint    ] Leaving safepoint region
[2022-06-13T02:10:34.412+0000][1][safepoint    ] Total time for which application threads were stopped: 0.0004378 seconds, Stopping threads took: 0.0001694 seconds
[2022-06-13T02:10:34.412+0000][1][safepoint    ] Application time: 0.0002322 seconds
[2022-06-13T02:10:34.413+0000][1][safepoint    ] Entering safepoint region: RevokeBias
[2022-06-13T02:10:34.413+0000][1][safepoint    ] Leaving safepoint region
[2022-06-13T02:10:34.413+0000][1][safepoint    ] Total time for which application threads were stopped: 0.0006064 seconds, Stopping threads took: 0.0001905 seconds
[2022-06-13T02:10:34.414+0000][1][safepoint    ] Application time: 0.0004076 seconds
[2022-06-13T02:10:34.414+0000][1][safepoint    ] Entering safepoint region: RevokeBias
[2022-06-13T02:10:34.414+0000][1][safepoint    ] Leaving safepoint region
[2022-06-13T02:10:34.415+0000][1][safepoint    ] Total time for which application threads were stopped: 0.0004252 seconds, Stopping threads took: 0.0001961 seconds
[2022-06-13T02:10:34.415+0000][1][safepoint    ] Application time: 0.0006258 seconds
[2022-06-13T02:10:34.416+0000][1][safepoint    ] Entering safepoint region: RevokeBias
[2022-06-13T02:10:34.416+0000][1][safepoint    ] Leaving safepoint region
[2022-06-13T02:10:34.416+0000][1][safepoint    ] Total time for which application threads were stopped: 0.0006832 seconds, Stopping threads took: 0.0003229 seconds
[2022-06-13T02:10:34.417+0000][1][safepoint    ] Application time: 0.0006770 seconds
[2022-06-13T02:10:34.417+0000][1][safepoint    ] Entering safepoint region: RevokeBias
[2022-06-13T02:10:34.418+0000][1][safepoint    ] Leaving safepoint region
[2022-06-13T02:10:34.418+0000][1][safepoint    ] Total time for which application threads were stopped: 0.0004508 seconds, Stopping threads took: 0.0001496 seconds
[2022-06-13T02:10:34.419+0000][1][safepoint    ] Application time: 0.0005262 seconds
[2022-06-13T02:10:34.419+0000][1][safepoint    ] Entering safepoint region: RevokeBias
[2022-06-13T02:10:34.419+0000][1][safepoint    ] Leaving safepoint region
[2022-06-13T02:10:34.420+0000][1][safepoint    ] Total time for which application threads were stopped: 0.0006699 seconds, Stopping threads took: 0.0003647 seconds
[2022-06-13T02:10:34.420+0000][1][safepoint    ] Application time: 0.0001728 seconds
[2022-06-13T02:10:34.420+0000][1][safepoint    ] Entering safepoint region: RevokeBias
[2022-06-13T02:10:34.421+0000][1][safepoint    ] Leaving safepoint region
[2022-06-13T02:10:34.421+0000][1][safepoint    ] Total time for which application threads were stopped: 0.0007700 seconds, Stopping threads took: 0.0002494 seconds
[2022-06-13T02:10:34.422+0000][1][safepoint    ] Application time: 0.0003439 seconds
[2022-06-13T02:10:34.422+0000][1][safepoint    ] Entering safepoint region: RevokeBias
[2022-06-13T02:10:34.422+0000][1][safepoint    ] Leaving safepoint region
[2022-06-13T02:10:34.422+0000][1][safepoint    ] Total time for which application threads were stopped: 0.0004339 seconds, Stopping threads took: 0.0001694 seconds
[2022-06-13T02:10:34.423+0000][1][safepoint    ] Application time: 0.0001409 seconds
[2022-06-13T02:10:34.423+0000][1][safepoint    ] Entering safepoint region: RevokeBias
[2022-06-13T02:10:34.423+0000][1][safepoint    ] Leaving safepoint region
[2022-06-13T02:10:34.423+0000][1][safepoint    ] Total time for which application threads were stopped: 0.0004178 seconds, Stopping threads took: 0.0002110 seconds
[2022-06-13T02:10:34.424+0000][1][safepoint    ] Application time: 0.0004932 seconds
[2022-06-13T02:10:34.424+0000][1][safepoint    ] Entering safepoint region: RevokeBias
[2022-06-13T02:10:34.424+0000][1][safepoint    ] Leaving safepoint region
[2022-06-13T02:10:34.424+0000][1][safepoint    ] Total time for which application threads were stopped: 0.0003952 seconds, Stopping threads took: 0.0002217 seconds
[2022-06-13T02:10:34.425+0000][1][safepoint    ] Application time: 0.0004593 seconds
[2022-06-13T02:10:34.425+0000][1][safepoint    ] Entering safepoint region: RevokeBias
[2022-06-13T02:10:34.425+0000][1][safepoint    ] Leaving safepoint region
[2022-06-13T02:10:34.426+0000][1][safepoint    ] Total time for which application threads were stopped: 0.0004474 seconds, Stopping threads took: 0.0002199 seconds
[2022-06-13T02:10:34.426+0000][1][safepoint    ] Application time: 0.0001507 seconds
[2022-06-13T02:10:34.426+0000][1][safepoint    ] Entering safepoint region: RevokeBias
[2022-06-13T02:10:34.426+0000][1][safepoint    ] Leaving safepoint region
[2022-06-13T02:10:34.426+0000][1][safepoint    ] Total time for which application threads were stopped: 0.0004763 seconds, Stopping threads took: 0.0001879 seconds
[2022-06-13T02:10:34.427+0000][1][safepoint    ] Application time: 0.0006272 seconds
[2022-06-13T02:10:34.427+0000][1][safepoint    ] Entering safepoint region: RevokeBias
[2022-06-13T02:10:34.428+0000][1][safepoint    ] Leaving safepoint region
[2022-06-13T02:10:34.428+0000][1][safepoint    ] Total time for which application threads were stopped: 0.0003505 seconds, Stopping threads took: 0.0001512 seconds
[2022-06-13T02:10:34.428+0000][1][safepoint    ] Application time: 0.0002823 seconds
[2022-06-13T02:10:34.428+0000][1][safepoint    ] Entering safepoint region: RevokeBias
[2022-06-13T02:10:34.429+0000][1][safepoint    ] Leaving safepoint region
[2022-06-13T02:10:34.429+0000][1][safepoint    ] Total time for which application threads were stopped: 0.0004547 seconds, Stopping threads took: 0.0002232 seconds
[2022-06-13T02:10:34.429+0000][1][safepoint    ] Application time: 0.0001935 seconds
[2022-06-13T02:10:34.429+0000][1][safepoint    ] Entering safepoint region: RevokeBias
[2022-06-13T02:10:34.430+0000][1][safepoint    ] Leaving safepoint region
[2022-06-13T02:10:34.430+0000][1][safepoint    ] Total time for which application threads were stopped: 0.0004881 seconds, Stopping threads took: 0.0001967 seconds
[2022-06-13T02:10:34.430+0000][1][safepoint    ] Application time: 0.0001609 seconds
[2022-06-13T02:10:34.430+0000][1][safepoint    ] Entering safepoint region: RevokeBias
[2022-06-13T02:10:34.430+0000][1][safepoint    ] Leaving safepoint region
[2022-06-13T02:10:34.431+0000][1][safepoint    ] Total time for which application threads were stopped: 0.0003252 seconds, Stopping threads took: 0.0001452 seconds
[2022-06-13T02:10:34.431+0000][1][safepoint    ] Application time: 0.0001714 seconds
[2022-06-13T02:10:34.431+0000][1][safepoint    ] Entering safepoint region: RevokeBias
[2022-06-13T02:10:34.431+0000][1][safepoint    ] Leaving safepoint region
[2022-06-13T02:10:34.432+0000][1][safepoint    ] Total time for which application threads were stopped: 0.0004134 seconds, Stopping threads took: 0.0001578 seconds
[2022-06-13T02:10:34.432+0000][1][safepoint    ] Application time: 0.0003074 seconds
[2022-06-13T02:10:34.432+0000][1][safepoint    ] Entering safepoint region: RevokeBias
[2022-06-13T02:10:34.433+0000][1][safepoint    ] Leaving safepoint region
[2022-06-13T02:10:34.433+0000][1][safepoint    ] Total time for which application threads were stopped: 0.0006274 seconds, Stopping threads took: 0.0001816 seconds
[2022-06-13T02:10:34.433+0000][1][safepoint    ] Application time: 0.0002023 seconds
[2022-06-13T02:10:34.433+0000][1][safepoint    ] Entering safepoint region: RevokeBias
[2022-06-13T02:10:34.433+0000][1][safepoint    ] Leaving safepoint region
[2022-06-13T02:10:34.434+0000][1][safepoint    ] Total time for which application threads were stopped: 0.0003276 seconds, Stopping threads took: 0.0001389 seconds
[2022-06-13T02:10:34.434+0000][1][safepoint    ] Application time: 0.0001950 seconds
[2022-06-13T02:10:34.434+0000][1][safepoint    ] Entering safepoint region: RevokeBias
[2022-06-13T02:10:34.434+0000][1][safepoint    ] Leaving safepoint region
[2022-06-13T02:10:34.434+0000][1][safepoint    ] Total time for which application threads were stopped: 0.0004003 seconds, Stopping threads took: 0.0001326 seconds
[2022-06-13T02:10:34.435+0000][1][safepoint    ] Application time: 0.0004302 seconds
[2022-06-13T02:10:34.435+0000][1][safepoint    ] Entering safepoint region: RevokeBias
[2022-06-13T02:10:34.436+0000][1][safepoint    ] Leaving safepoint region
[2022-06-13T02:10:34.436+0000][1][safepoint    ] Total time for which application threads were stopped: 0.0005684 seconds, Stopping threads took: 0.0001604 seconds
[2022-06-13T02:10:34.436+0000][1][safepoint    ] Application time: 0.0002207 seconds
[2022-06-13T02:10:34.436+0000][1][safepoint    ] Entering safepoint region: RevokeBias
[2022-06-13T02:10:34.436+0000][1][safepoint    ] Leaving safepoint region
[2022-06-13T02:10:34.437+0000][1][safepoint    ] Total time for which application threads were stopped: 0.0003733 seconds, Stopping threads took: 0.0001654 seconds
[2022-06-13T02:10:34.437+0000][1][safepoint    ] Application time: 0.0002019 seconds
[2022-06-13T02:10:34.437+0000][1][safepoint    ] Entering safepoint region: RevokeBias
[2022-06-13T02:10:34.438+0000][1][safepoint    ] Leaving safepoint region
[2022-06-13T02:10:34.438+0000][1][safepoint    ] Total time for which application threads were stopped: 0.0003371 seconds, Stopping threads took: 0.0001457 seconds
[2022-06-13T02:10:34.439+0000][1][safepoint    ] Application time: 0.0006712 seconds
[2022-06-13T02:10:34.439+0000][1][safepoint    ] Entering safepoint region: RevokeBias
[2022-06-13T02:10:34.439+0000][1][safepoint    ] Leaving safepoint region
[2022-06-13T02:10:34.439+0000][1][safepoint    ] Total time for which application threads were stopped: 0.0003347 seconds, Stopping threads took: 0.0001946 seconds
[2022-06-13T02:10:34.439+0000][1][safepoint    ] Application time: 0.0000911 seconds
[2022-06-13T02:10:34.440+0000][1][safepoint    ] Entering safepoint region: RevokeBias
[2022-06-13T02:10:34.440+0000][1][safepoint    ] Leaving safepoint region
[2022-06-13T02:10:34.440+0000][1][safepoint    ] Total time for which application threads were stopped: 0.0003994 seconds, Stopping threads took: 0.0001865 seconds
[2022-06-13T02:10:34.440+0000][1][safepoint    ] Application time: 0.0001018 seconds
[2022-06-13T02:10:34.440+0000][1][safepoint    ] Entering safepoint region: RevokeBias
[2022-06-13T02:10:34.440+0000][1][safepoint    ] Leaving safepoint region
[2022-06-13T02:10:34.441+0000][1][safepoint    ] Total time for which application threads were stopped: 0.0003172 seconds, Stopping threads took: 0.0001490 seconds
[2022-06-13T02:10:34.441+0000][1][safepoint    ] Application time: 0.0000866 seconds
[2022-06-13T02:10:34.441+0000][1][safepoint    ] Entering safepoint region: RevokeBias
[2022-06-13T02:10:34.441+0000][1][safepoint    ] Leaving safepoint region
[2022-06-13T02:10:34.441+0000][1][safepoint    ] Total time for which application threads were stopped: 0.0003966 seconds, Stopping threads took: 0.0001878 seconds
[2022-06-13T02:10:34.442+0000][1][safepoint    ] Application time: 0.0001250 seconds
[2022-06-13T02:10:34.442+0000][1][safepoint    ] Entering safepoint region: RevokeBias
[2022-06-13T02:10:34.442+0000][1][safepoint    ] Leaving safepoint region
[2022-06-13T02:10:34.442+0000][1][safepoint    ] Total time for which application threads were stopped: 0.0003165 seconds, Stopping threads took: 0.0001451 seconds
[2022-06-13T02:10:34.443+0000][1][safepoint    ] Application time: 0.0003599 seconds
[2022-06-13T02:10:34.443+0000][1][safepoint    ] Entering safepoint region: RevokeBias
[2022-06-13T02:10:34.443+0000][1][safepoint    ] Leaving safepoint region
[2022-06-13T02:10:34.443+0000][1][safepoint    ] Total time for which application threads were stopped: 0.0003568 seconds, Stopping threads took: 0.0002135 seconds
[2022-06-13T02:10:34.444+0000][1][safepoint    ] Application time: 0.0002530 seconds
[2022-06-13T02:10:34.444+0000][1][safepoint    ] Entering safepoint region: RevokeBias
[2022-06-13T02:10:34.444+0000][1][safepoint    ] Leaving safepoint region
[2022-06-13T02:10:34.444+0000][1][safepoint    ] Total time for which application threads were stopped: 0.0005759 seconds, Stopping threads took: 0.0003960 seconds
[2022-06-13T02:10:34.446+0000][1][safepoint    ] Application time: 0.0012802 seconds
[2022-06-13T02:10:34.446+0000][1][safepoint    ] Entering safepoint region: RevokeBias
[2022-06-13T02:10:34.446+0000][1][safepoint    ] Leaving safepoint region
[2022-06-13T02:10:34.446+0000][1][safepoint    ] Total time for which application threads were stopped: 0.0004109 seconds, Stopping threads took: 0.0001875 seconds
[2022-06-13T02:10:34.860+0000][1][safepoint    ] Application time: 0.4138464 seconds
[2022-06-13T02:10:34.860+0000][1][safepoint    ] Entering safepoint region: RevokeBias
[2022-06-13T02:10:34.861+0000][1][safepoint    ] Leaving safepoint region
[2022-06-13T02:10:34.861+0000][1][safepoint    ] Total time for which application threads were stopped: 0.0003473 seconds, Stopping threads took: 0.0001613 seconds
[2022-06-13T02:10:34.861+0000][1][safepoint    ] Application time: 0.0001120 seconds
[2022-06-13T02:10:34.861+0000][1][safepoint    ] Entering safepoint region: RevokeBias
[2022-06-13T02:10:34.861+0000][1][safepoint    ] Leaving safepoint region
[2022-06-13T02:10:34.861+0000][1][safepoint    ] Total time for which application threads were stopped: 0.0002684 seconds, Stopping threads took: 0.0000948 seconds
[2022-06-13T02:10:34.862+0000][1][safepoint    ] Application time: 0.0002133 seconds
[2022-06-13T02:10:34.862+0000][1][safepoint    ] Entering safepoint region: RevokeBias
[2022-06-13T02:10:34.862+0000][1][safepoint    ] Leaving safepoint region
[2022-06-13T02:10:34.863+0000][1][safepoint    ] Total time for which application threads were stopped: 0.0008564 seconds, Stopping threads took: 0.0004844 seconds
[2022-06-13T02:10:34.863+0000][1][safepoint    ] Application time: 0.0000392 seconds
[2022-06-13T02:10:34.863+0000][1][safepoint    ] Entering safepoint region: RevokeBias
[2022-06-13T02:10:34.863+0000][1][safepoint    ] Leaving safepoint region
[2022-06-13T02:10:34.863+0000][1][safepoint    ] Total time for which application threads were stopped: 0.0005056 seconds, Stopping threads took: 0.0002432 seconds
[2022-06-13T02:10:34.864+0000][1][safepoint    ] Application time: 0.0001385 seconds
[2022-06-13T02:10:34.864+0000][1][safepoint    ] Entering safepoint region: RevokeBias
[2022-06-13T02:10:34.864+0000][1][safepoint    ] Leaving safepoint region
[2022-06-13T02:10:34.864+0000][1][safepoint    ] Total time for which application threads were stopped: 0.0003188 seconds, Stopping threads took: 0.0001949 seconds
[2022-06-13T02:10:34.864+0000][1][safepoint    ] Application time: 0.0000899 seconds
[2022-06-13T02:10:34.865+0000][1][safepoint    ] Entering safepoint region: RevokeBias
[2022-06-13T02:10:34.865+0000][1][safepoint    ] Leaving safepoint region
[2022-06-13T02:10:34.865+0000][1][safepoint    ] Total time for which application threads were stopped: 0.0002762 seconds, Stopping threads took: 0.0001299 seconds
[2022-06-13T02:10:34.865+0000][1][safepoint    ] Application time: 0.0003094 seconds
[2022-06-13T02:10:34.865+0000][1][safepoint    ] Entering safepoint region: RevokeBias
[2022-06-13T02:10:34.865+0000][1][safepoint    ] Leaving safepoint region
[2022-06-13T02:10:34.866+0000][1][safepoint    ] Total time for which application threads were stopped: 0.0002912 seconds, Stopping threads took: 0.0001483 seconds
[2022-06-13T02:10:34.867+0000][1][safepoint    ] Application time: 0.0016888 seconds
[2022-06-13T02:10:34.868+0000][1][safepoint    ] Entering safepoint region: RevokeBias
[2022-06-13T02:10:34.868+0000][1][safepoint    ] Leaving safepoint region
[2022-06-13T02:10:34.868+0000][1][safepoint    ] Total time for which application threads were stopped: 0.0002908 seconds, Stopping threads took: 0.0001493 seconds
[2022-06-13T02:10:34.868+0000][1][safepoint    ] Application time: 0.0004490 seconds
[2022-06-13T02:10:34.869+0000][1][safepoint    ] Entering safepoint region: RevokeBias
[2022-06-13T02:10:34.869+0000][1][safepoint    ] Leaving safepoint region
[2022-06-13T02:10:34.870+0000][1][safepoint    ] Total time for which application threads were stopped: 0.0008897 seconds, Stopping threads took: 0.0004156 seconds
[2022-06-13T02:10:34.870+0000][1][safepoint    ] Application time: 0.0001809 seconds
[2022-06-13T02:10:34.870+0000][1][safepoint    ] Entering safepoint region: RevokeBias
[2022-06-13T02:10:34.870+0000][1][safepoint    ] Leaving safepoint region
[2022-06-13T02:10:34.870+0000][1][safepoint    ] Total time for which application threads were stopped: 0.0002808 seconds, Stopping threads took: 0.0001470 seconds
[2022-06-13T02:10:34.872+0000][1][safepoint    ] Application time: 0.0014283 seconds
[2022-06-13T02:10:34.872+0000][1][safepoint    ] Entering safepoint region: RevokeBias
[2022-06-13T02:10:34.872+0000][1][safepoint    ] Leaving safepoint region
[2022-06-13T02:10:34.872+0000][1][safepoint    ] Total time for which application threads were stopped: 0.0002433 seconds, Stopping threads took: 0.0001230 seconds
[2022-06-13T02:10:34.872+0000][1][safepoint    ] Application time: 0.0000732 seconds
[2022-06-13T02:10:34.873+0000][1][safepoint    ] Entering safepoint region: RevokeBias
[2022-06-13T02:10:34.873+0000][1][safepoint    ] Leaving safepoint region
[2022-06-13T02:10:34.873+0000][1][safepoint    ] Total time for which application threads were stopped: 0.0003017 seconds, Stopping threads took: 0.0001939 seconds
[2022-06-13T02:10:34.873+0000][1][safepoint    ] Application time: 0.0001559 seconds
[2022-06-13T02:10:34.873+0000][1][safepoint    ] Entering safepoint region: BulkRevokeBias
[2022-06-13T02:10:34.873+0000][1][safepoint    ] Leaving safepoint region
[2022-06-13T02:10:34.874+0000][1][safepoint    ] Total time for which application threads were stopped: 0.0003684 seconds, Stopping threads took: 0.0001061 seconds
[2022-06-13T02:10:34.875+0000][1][safepoint    ] Application time: 0.0012751 seconds
[2022-06-13T02:10:34.875+0000][1][safepoint    ] Entering safepoint region: RevokeBias
[2022-06-13T02:10:34.875+0000][1][safepoint    ] Leaving safepoint region
[2022-06-13T02:10:34.876+0000][1][safepoint    ] Total time for which application threads were stopped: 0.0003258 seconds, Stopping threads took: 0.0001605 seconds
[2022-06-13T02:10:34.880+0000][1][safepoint    ] Application time: 0.0040777 seconds
[2022-06-13T02:10:34.880+0000][1][safepoint    ] Entering safepoint region: RevokeBias
[2022-06-13T02:10:34.880+0000][1][safepoint    ] Leaving safepoint region
[2022-06-13T02:10:34.880+0000][1][safepoint    ] Total time for which application threads were stopped: 0.0003808 seconds, Stopping threads took: 0.0001348 seconds
[2022-06-13T02:10:34.881+0000][1][safepoint    ] Application time: 0.0001311 seconds
[2022-06-13T02:10:34.881+0000][1][safepoint    ] Entering safepoint region: RevokeBias
[2022-06-13T02:10:34.881+0000][1][safepoint    ] Leaving safepoint region
[2022-06-13T02:10:34.881+0000][1][safepoint    ] Total time for which application threads were stopped: 0.0003236 seconds, Stopping threads took: 0.0001358 seconds
[2022-06-13T02:10:34.882+0000][1][safepoint    ] Application time: 0.0001346 seconds
[2022-06-13T02:10:34.882+0000][1][safepoint    ] Entering safepoint region: RevokeBias
[2022-06-13T02:10:34.882+0000][1][safepoint    ] Leaving safepoint region
[2022-06-13T02:10:34.882+0000][1][safepoint    ] Total time for which application threads were stopped: 0.0002188 seconds, Stopping threads took: 0.0000972 seconds
[2022-06-13T02:10:34.882+0000][1][safepoint    ] Application time: 0.0003843 seconds
[2022-06-13T02:10:34.882+0000][1][safepoint    ] Entering safepoint region: RevokeBias
[2022-06-13T02:10:34.883+0000][1][safepoint    ] Leaving safepoint region
[2022-06-13T02:10:34.883+0000][1][safepoint    ] Total time for which application threads were stopped: 0.0002232 seconds, Stopping threads took: 0.0000877 seconds
[2022-06-13T02:10:34.884+0000][1][safepoint    ] Application time: 0.0006910 seconds
[2022-06-13T02:10:34.884+0000][1][safepoint    ] Entering safepoint region: RevokeBias
[2022-06-13T02:10:34.884+0000][1][safepoint    ] Leaving safepoint region
[2022-06-13T02:10:34.884+0000][1][safepoint    ] Total time for which application threads were stopped: 0.0001968 seconds, Stopping threads took: 0.0000815 seconds
[2022-06-13T02:10:34.884+0000][1][safepoint    ] Application time: 0.0002070 seconds
[2022-06-13T02:10:34.884+0000][1][safepoint    ] Entering safepoint region: RevokeBias
[2022-06-13T02:10:34.884+0000][1][safepoint    ] Leaving safepoint region
[2022-06-13T02:10:34.885+0000][1][safepoint    ] Total time for which application threads were stopped: 0.0003010 seconds, Stopping threads took: 0.0001705 seconds
[2022-06-13T02:10:34.886+0000][1][safepoint    ] Application time: 0.0014579 seconds
[2022-06-13T02:10:34.886+0000][1][safepoint    ] Entering safepoint region: RevokeBias
[2022-06-13T02:10:34.886+0000][1][safepoint    ] Leaving safepoint region
[2022-06-13T02:10:34.886+0000][1][safepoint    ] Total time for which application threads were stopped: 0.0002134 seconds, Stopping threads took: 0.0000983 seconds
[2022-06-13T02:10:34.887+0000][1][safepoint    ] Application time: 0.0002331 seconds
[2022-06-13T02:10:34.887+0000][1][safepoint    ] Entering safepoint region: RevokeBias
[2022-06-13T02:10:34.887+0000][1][safepoint    ] Leaving safepoint region
[2022-06-13T02:10:34.887+0000][1][safepoint    ] Total time for which application threads were stopped: 0.0003339 seconds, Stopping threads took: 0.0002103 seconds
[2022-06-13T02:10:34.887+0000][1][safepoint    ] Application time: 0.0000879 seconds
[2022-06-13T02:10:34.888+0000][1][safepoint    ] Entering safepoint region: RevokeBias
[2022-06-13T02:10:34.888+0000][1][safepoint    ] Leaving safepoint region
[2022-06-13T02:10:34.888+0000][1][safepoint    ] Total time for which application threads were stopped: 0.0001685 seconds, Stopping threads took: 0.0000816 seconds
[2022-06-13T02:10:34.888+0000][1][safepoint    ] Application time: 0.0003817 seconds
[2022-06-13T02:10:34.888+0000][1][safepoint    ] Entering safepoint region: RevokeBias
[2022-06-13T02:10:34.888+0000][1][safepoint    ] Leaving safepoint region
[2022-06-13T02:10:34.889+0000][1][safepoint    ] Total time for which application threads were stopped: 0.0001889 seconds, Stopping threads took: 0.0000963 seconds
[2022-06-13T02:10:34.890+0000][1][safepoint    ] Application time: 0.0009980 seconds
[2022-06-13T02:10:34.890+0000][1][safepoint    ] Entering safepoint region: RevokeBias
[2022-06-13T02:10:34.890+0000][1][safepoint    ] Leaving safepoint region
[2022-06-13T02:10:34.890+0000][1][safepoint    ] Total time for which application threads were stopped: 0.0003772 seconds, Stopping threads took: 0.0001299 seconds
[2022-06-13T02:10:34.891+0000][1][safepoint    ] Application time: 0.0003924 seconds
[2022-06-13T02:10:34.891+0000][1][safepoint    ] Entering safepoint region: RevokeBias
[2022-06-13T02:10:34.891+0000][1][safepoint    ] Leaving safepoint region
[2022-06-13T02:10:34.891+0000][1][safepoint    ] Total time for which application threads were stopped: 0.0005615 seconds, Stopping threads took: 0.0003075 seconds
[2022-06-13T02:10:34.894+0000][1][gc,heap,exit ] Heap
[2022-06-13T02:10:34.894+0000][1][gc,heap,exit ]  par new generation   total 78656K, used 14721K [0x00000000f0000000, 0x00000000f5550000, 0x00000000f5550000)
[2022-06-13T02:10:34.894+0000][1][gc,heap,exit ]   eden space 69952K,  12% used [0x00000000f0000000, 0x00000000f08907b8, 0x00000000f4450000)
[2022-06-13T02:10:34.894+0000][1][gc,heap,exit ]   from space 8704K,  68% used [0x00000000f4450000, 0x00000000f4a1fd90, 0x00000000f4cd0000)
[2022-06-13T02:10:34.894+0000][1][gc,heap,exit ]   to   space 8704K,   0% used [0x00000000f4cd0000, 0x00000000f4cd0000, 0x00000000f5550000)
[2022-06-13T02:10:34.894+0000][1][gc,heap,exit ]  concurrent mark-sweep generation total 174784K, used 64826K [0x00000000f5550000, 0x0000000100000000, 0x0000000100000000)
[2022-06-13T02:10:34.895+0000][1][gc,heap,exit ]  Metaspace       used 65175K, capacity 70156K, committed 70340K, reserved 1110016K
[2022-06-13T02:10:34.895+0000][1][gc,heap,exit ]   class space    used 8778K, capacity 10838K, committed 10920K, reserved 1048576K
[2022-06-13T02:10:34.895+0000][1][safepoint    ] Application time: 0.0037620 seconds
[2022-06-13T02:10:34.896+0000][1][safepoint    ] Entering safepoint region: Exit
