[2022-06-13T02:53:47.686+0000][1][gc] Using Concurrent Mark Sweep
[2022-06-13T02:53:47.687+0000][1][gc,heap,coops] Heap address: 0x00000000f0000000, size: 256 MB, Compressed Oops mode: 32-bit
[2022-06-13T02:53:47.738+0000][1][safepoint    ] Entering safepoint region: EnableBiasedLocking
[2022-06-13T02:53:47.738+0000][1][safepoint    ] Leaving safepoint region
[2022-06-13T02:53:47.738+0000][1][safepoint    ] Total time for which application threads were stopped: 0.0009087 seconds, Stopping threads took: 0.0006200 seconds
[2022-06-13T02:53:47.742+0000][1][safepoint    ] Application time: 0.0030330 seconds
[2022-06-13T02:53:47.742+0000][1][safepoint    ] Entering safepoint region: RevokeBias
[2022-06-13T02:53:47.743+0000][1][safepoint    ] Leaving safepoint region
[2022-06-13T02:53:47.743+0000][1][safepoint    ] Total time for which application threads were stopped: 0.0005275 seconds, Stopping threads took: 0.0002841 seconds
[2022-06-13T02:53:47.752+0000][1][safepoint    ] Application time: 0.0086454 seconds
[2022-06-13T02:53:47.752+0000][1][safepoint    ] Entering safepoint region: Deoptimize
[2022-06-13T02:53:47.752+0000][1][safepoint    ] Leaving safepoint region
[2022-06-13T02:53:47.752+0000][1][safepoint    ] Total time for which application threads were stopped: 0.0004006 seconds, Stopping threads took: 0.0001803 seconds
[2022-06-13T02:53:47.850+0000][1][safepoint    ] Application time: 0.0974825 seconds
[2022-06-13T02:53:47.850+0000][1][safepoint    ] Entering safepoint region: Deoptimize
[2022-06-13T02:53:47.851+0000][1][safepoint    ] Leaving safepoint region
[2022-06-13T02:53:47.851+0000][1][safepoint    ] Total time for which application threads were stopped: 0.0004148 seconds, Stopping threads took: 0.0001987 seconds
[2022-06-13T02:53:48.137+0000][1][safepoint    ] Application time: 0.2859138 seconds
[2022-06-13T02:53:48.137+0000][1][safepoint    ] Entering safepoint region: Deoptimize
[2022-06-13T02:53:48.137+0000][1][safepoint    ] Leaving safepoint region
[2022-06-13T02:53:48.137+0000][1][safepoint    ] Total time for which application threads were stopped: 0.0004839 seconds, Stopping threads took: 0.0001255 seconds
[2022-06-13T02:53:48.152+0000][1][safepoint    ] Application time: 0.0139317 seconds
[2022-06-13T02:53:48.152+0000][1][safepoint    ] Entering safepoint region: Deoptimize
[2022-06-13T02:53:48.152+0000][1][safepoint    ] Leaving safepoint region
[2022-06-13T02:53:48.152+0000][1][safepoint    ] Total time for which application threads were stopped: 0.0005406 seconds, Stopping threads took: 0.0001889 seconds
[2022-06-13T02:53:48.187+0000][1][safepoint    ] Application time: 0.0348318 seconds
[2022-06-13T02:53:48.188+0000][1][safepoint    ] Entering safepoint region: Deoptimize
[2022-06-13T02:53:48.188+0000][1][safepoint    ] Leaving safepoint region
[2022-06-13T02:53:48.188+0000][1][safepoint    ] Total time for which application threads were stopped: 0.0004712 seconds, Stopping threads took: 0.0001682 seconds
[2022-06-13T02:53:48.196+0000][1][safepoint    ] Application time: 0.0078629 seconds
[2022-06-13T02:53:48.196+0000][1][safepoint    ] Entering safepoint region: RevokeBias
[2022-06-13T02:53:48.197+0000][1][safepoint    ] Leaving safepoint region
[2022-06-13T02:53:48.197+0000][1][safepoint    ] Total time for which application threads were stopped: 0.0004222 seconds, Stopping threads took: 0.0001812 seconds
[2022-06-13T02:53:48.200+0000][1][safepoint    ] Application time: 0.0026041 seconds
[2022-06-13T02:53:48.200+0000][1][safepoint    ] Entering safepoint region: Deoptimize
[2022-06-13T02:53:48.200+0000][1][safepoint    ] Leaving safepoint region
[2022-06-13T02:53:48.200+0000][1][safepoint    ] Total time for which application threads were stopped: 0.0004242 seconds, Stopping threads took: 0.0001382 seconds
[2022-06-13T02:53:48.574+0000][1][safepoint    ] Application time: 0.3732753 seconds
[2022-06-13T02:53:48.574+0000][1][safepoint    ] Entering safepoint region: Deoptimize
[2022-06-13T02:53:48.574+0000][1][safepoint    ] Leaving safepoint region
[2022-06-13T02:53:48.575+0000][1][safepoint    ] Total time for which application threads were stopped: 0.0007127 seconds, Stopping threads took: 0.0002557 seconds
[2022-06-13T02:53:48.813+0000][1][safepoint    ] Application time: 0.2383374 seconds
[2022-06-13T02:53:48.813+0000][1][safepoint    ] Entering safepoint region: RevokeBias
[2022-06-13T02:53:48.814+0000][1][safepoint    ] Leaving safepoint region
[2022-06-13T02:53:48.814+0000][1][safepoint    ] Total time for which application threads were stopped: 0.0004320 seconds, Stopping threads took: 0.0001667 seconds
[2022-06-13T02:53:48.924+0000][1][safepoint    ] Application time: 0.1100284 seconds
[2022-06-13T02:53:48.924+0000][1][safepoint    ] Entering safepoint region: Deoptimize
[2022-06-13T02:53:48.925+0000][1][safepoint    ] Leaving safepoint region
[2022-06-13T02:53:48.925+0000][1][safepoint    ] Total time for which application threads were stopped: 0.0006425 seconds, Stopping threads took: 0.0001790 seconds
[2022-06-13T02:53:49.039+0000][1][safepoint    ] Application time: 0.1141205 seconds
[2022-06-13T02:53:49.040+0000][1][safepoint    ] Entering safepoint region: Deoptimize
[2022-06-13T02:53:49.040+0000][1][safepoint    ] Leaving safepoint region
[2022-06-13T02:53:49.040+0000][1][safepoint    ] Total time for which application threads were stopped: 0.0008057 seconds, Stopping threads took: 0.0002540 seconds
[2022-06-13T02:53:49.041+0000][1][safepoint    ] Application time: 0.0005189 seconds
[2022-06-13T02:53:49.041+0000][1][safepoint    ] Entering safepoint region: Deoptimize
[2022-06-13T02:53:49.042+0000][1][safepoint    ] Leaving safepoint region
[2022-06-13T02:53:49.042+0000][1][safepoint    ] Total time for which application threads were stopped: 0.0005722 seconds, Stopping threads took: 0.0002023 seconds
[2022-06-13T02:53:49.076+0000][1][safepoint    ] Application time: 0.0341473 seconds
[2022-06-13T02:53:49.076+0000][1][safepoint    ] Entering safepoint region: Deoptimize
[2022-06-13T02:53:49.077+0000][1][safepoint    ] Leaving safepoint region
[2022-06-13T02:53:49.077+0000][1][safepoint    ] Total time for which application threads were stopped: 0.0004548 seconds, Stopping threads took: 0.0001213 seconds
[2022-06-13T02:53:49.083+0000][1][safepoint    ] Application time: 0.0061435 seconds
[2022-06-13T02:53:49.083+0000][1][safepoint    ] Entering safepoint region: RevokeBias
[2022-06-13T02:53:49.084+0000][1][safepoint    ] Leaving safepoint region
[2022-06-13T02:53:49.084+0000][1][safepoint    ] Total time for which application threads were stopped: 0.0005072 seconds, Stopping threads took: 0.0002940 seconds
[2022-06-13T02:53:49.084+0000][1][safepoint    ] Application time: 0.0003964 seconds
[2022-06-13T02:53:49.085+0000][1][safepoint    ] Entering safepoint region: RevokeBias
[2022-06-13T02:53:49.085+0000][1][safepoint    ] Leaving safepoint region
[2022-06-13T02:53:49.085+0000][1][safepoint    ] Total time for which application threads were stopped: 0.0003735 seconds, Stopping threads took: 0.0001978 seconds
[2022-06-13T02:53:49.085+0000][1][safepoint    ] Application time: 0.0000949 seconds
[2022-06-13T02:53:49.086+0000][1][safepoint    ] Entering safepoint region: RevokeBias
[2022-06-13T02:53:49.086+0000][1][safepoint    ] Leaving safepoint region
[2022-06-13T02:53:49.086+0000][1][safepoint    ] Total time for which application threads were stopped: 0.0003964 seconds, Stopping threads took: 0.0002451 seconds
[2022-06-13T02:53:49.086+0000][1][safepoint    ] Application time: 0.0001094 seconds
[2022-06-13T02:53:49.086+0000][1][safepoint    ] Entering safepoint region: RevokeBias
[2022-06-13T02:53:49.086+0000][1][safepoint    ] Leaving safepoint region
[2022-06-13T02:53:49.087+0000][1][safepoint    ] Total time for which application threads were stopped: 0.0003039 seconds, Stopping threads took: 0.0001636 seconds
[2022-06-13T02:53:49.087+0000][1][safepoint    ] Application time: 0.0001677 seconds
[2022-06-13T02:53:49.087+0000][1][safepoint    ] Entering safepoint region: RevokeBias
[2022-06-13T02:53:49.087+0000][1][safepoint    ] Leaving safepoint region
[2022-06-13T02:53:49.087+0000][1][safepoint    ] Total time for which application threads were stopped: 0.0003885 seconds, Stopping threads took: 0.0002214 seconds
[2022-06-13T02:53:49.093+0000][1][safepoint    ] Application time: 0.0052660 seconds
[2022-06-13T02:53:49.093+0000][1][safepoint    ] Entering safepoint region: Deoptimize
[2022-06-13T02:53:49.094+0000][1][safepoint    ] Leaving safepoint region
[2022-06-13T02:53:49.094+0000][1][safepoint    ] Total time for which application threads were stopped: 0.0006539 seconds, Stopping threads took: 0.0001851 seconds
[2022-06-13T02:53:49.181+0000][1][safepoint    ] Application time: 0.0867678 seconds
[2022-06-13T02:53:49.181+0000][1][safepoint    ] Entering safepoint region: GenCollectForAllocation
[2022-06-13T02:53:49.181+0000][1][gc,start     ] GC(0) Pause Young (Allocation Failure)
[2022-06-13T02:53:49.182+0000][1][gc,task      ] GC(0) Using 5 workers of 13 for evacuation
[2022-06-13T02:53:49.190+0000][1][gc,age       ] GC(0) Desired survivor size 4456448 bytes, new threshold 1 (max threshold 6)
[2022-06-13T02:53:49.190+0000][1][gc,age       ] GC(0) Age table with threshold 1 (max threshold 6)
[2022-06-13T02:53:49.190+0000][1][gc,age       ] GC(0) - age   1:    8117720 bytes,    8117720 total
[2022-06-13T02:53:49.190+0000][1][gc,heap      ] GC(0) ParNew: 69952K->8036K(78656K)
[2022-06-13T02:53:49.191+0000][1][gc,heap      ] GC(0) CMS: 0K->0K(174784K)
[2022-06-13T02:53:49.191+0000][1][gc,metaspace ] GC(0) Metaspace: 12400K->12400K(1060864K)
[2022-06-13T02:53:49.191+0000][1][gc           ] GC(0) Pause Young (Allocation Failure) 68M->7M(247M) 9.630ms
[2022-06-13T02:53:49.191+0000][1][gc,cpu       ] GC(0) User=0.05s Sys=0.01s Real=0.01s
[2022-06-13T02:53:49.191+0000][1][safepoint    ] Leaving safepoint region
[2022-06-13T02:53:49.191+0000][1][safepoint    ] Total time for which application threads were stopped: 0.0104122 seconds, Stopping threads took: 0.0001940 seconds
[2022-06-13T02:53:49.192+0000][1][safepoint    ] Application time: 0.0005094 seconds
[2022-06-13T02:53:49.193+0000][1][safepoint    ] Entering safepoint region: RevokeBias
[2022-06-13T02:53:49.193+0000][1][safepoint    ] Leaving safepoint region
[2022-06-13T02:53:49.193+0000][1][safepoint    ] Total time for which application threads were stopped: 0.0005206 seconds, Stopping threads took: 0.0002531 seconds
[2022-06-13T02:53:49.194+0000][1][safepoint    ] Application time: 0.0001094 seconds
[2022-06-13T02:53:49.194+0000][1][safepoint    ] Entering safepoint region: RevokeBias
[2022-06-13T02:53:49.194+0000][1][safepoint    ] Leaving safepoint region
[2022-06-13T02:53:49.194+0000][1][safepoint    ] Total time for which application threads were stopped: 0.0005153 seconds, Stopping threads took: 0.0002446 seconds
[2022-06-13T02:53:49.195+0000][1][safepoint    ] Application time: 0.0001100 seconds
[2022-06-13T02:53:49.195+0000][1][safepoint    ] Entering safepoint region: RevokeBias
[2022-06-13T02:53:49.195+0000][1][safepoint    ] Leaving safepoint region
[2022-06-13T02:53:49.196+0000][1][safepoint    ] Total time for which application threads were stopped: 0.0006555 seconds, Stopping threads took: 0.0001623 seconds
[2022-06-13T02:53:49.196+0000][1][safepoint    ] Application time: 0.0001725 seconds
[2022-06-13T02:53:49.196+0000][1][safepoint    ] Entering safepoint region: RevokeBias
[2022-06-13T02:53:49.196+0000][1][safepoint    ] Leaving safepoint region
[2022-06-13T02:53:49.197+0000][1][safepoint    ] Total time for which application threads were stopped: 0.0004574 seconds, Stopping threads took: 0.0001951 seconds
[2022-06-13T02:53:49.197+0000][1][safepoint    ] Application time: 0.0004742 seconds
[2022-06-13T02:53:49.198+0000][1][safepoint    ] Entering safepoint region: RevokeBias
[2022-06-13T02:53:49.198+0000][1][safepoint    ] Leaving safepoint region
[2022-06-13T02:53:49.198+0000][1][safepoint    ] Total time for which application threads were stopped: 0.0004851 seconds, Stopping threads took: 0.0002569 seconds
[2022-06-13T02:53:49.198+0000][1][safepoint    ] Application time: 0.0000959 seconds
[2022-06-13T02:53:49.199+0000][1][safepoint    ] Entering safepoint region: RevokeBias
[2022-06-13T02:53:49.199+0000][1][safepoint    ] Leaving safepoint region
[2022-06-13T02:53:49.199+0000][1][safepoint    ] Total time for which application threads were stopped: 0.0005291 seconds, Stopping threads took: 0.0002137 seconds
[2022-06-13T02:53:49.200+0000][1][safepoint    ] Application time: 0.0002057 seconds
[2022-06-13T02:53:49.200+0000][1][safepoint    ] Entering safepoint region: RevokeBias
[2022-06-13T02:53:49.200+0000][1][safepoint    ] Leaving safepoint region
[2022-06-13T02:53:49.200+0000][1][safepoint    ] Total time for which application threads were stopped: 0.0004215 seconds, Stopping threads took: 0.0001983 seconds
[2022-06-13T02:53:49.201+0000][1][safepoint    ] Application time: 0.0005331 seconds
[2022-06-13T02:53:49.201+0000][1][safepoint    ] Entering safepoint region: RevokeBias
[2022-06-13T02:53:49.202+0000][1][safepoint    ] Leaving safepoint region
[2022-06-13T02:53:49.202+0000][1][safepoint    ] Total time for which application threads were stopped: 0.0004332 seconds, Stopping threads took: 0.0002214 seconds
[2022-06-13T02:53:49.202+0000][1][safepoint    ] Application time: 0.0001191 seconds
[2022-06-13T02:53:49.203+0000][1][safepoint    ] Entering safepoint region: RevokeBias
[2022-06-13T02:53:49.203+0000][1][safepoint    ] Leaving safepoint region
[2022-06-13T02:53:49.203+0000][1][safepoint    ] Total time for which application threads were stopped: 0.0005059 seconds, Stopping threads took: 0.0002130 seconds
[2022-06-13T02:53:49.203+0000][1][safepoint    ] Application time: 0.0000911 seconds
[2022-06-13T02:53:49.204+0000][1][safepoint    ] Entering safepoint region: RevokeBias
[2022-06-13T02:53:49.204+0000][1][safepoint    ] Leaving safepoint region
[2022-06-13T02:53:49.204+0000][1][safepoint    ] Total time for which application threads were stopped: 0.0003263 seconds, Stopping threads took: 0.0001488 seconds
[2022-06-13T02:53:49.204+0000][1][safepoint    ] Application time: 0.0000793 seconds
[2022-06-13T02:53:49.204+0000][1][safepoint    ] Entering safepoint region: RevokeBias
[2022-06-13T02:53:49.205+0000][1][safepoint    ] Leaving safepoint region
[2022-06-13T02:53:49.205+0000][1][safepoint    ] Total time for which application threads were stopped: 0.0004178 seconds, Stopping threads took: 0.0001966 seconds
[2022-06-13T02:53:49.205+0000][1][safepoint    ] Application time: 0.0000948 seconds
[2022-06-13T02:53:49.205+0000][1][safepoint    ] Entering safepoint region: RevokeBias
[2022-06-13T02:53:49.206+0000][1][safepoint    ] Leaving safepoint region
[2022-06-13T02:53:49.206+0000][1][safepoint    ] Total time for which application threads were stopped: 0.0004071 seconds, Stopping threads took: 0.0002282 seconds
[2022-06-13T02:53:49.206+0000][1][safepoint    ] Application time: 0.0001053 seconds
[2022-06-13T02:53:49.206+0000][1][safepoint    ] Entering safepoint region: RevokeBias
[2022-06-13T02:53:49.206+0000][1][safepoint    ] Leaving safepoint region
[2022-06-13T02:53:49.206+0000][1][safepoint    ] Total time for which application threads were stopped: 0.0003378 seconds, Stopping threads took: 0.0001497 seconds
[2022-06-13T02:53:49.207+0000][1][safepoint    ] Application time: 0.0003512 seconds
[2022-06-13T02:53:49.207+0000][1][safepoint    ] Entering safepoint region: RevokeBias
[2022-06-13T02:53:49.207+0000][1][safepoint    ] Leaving safepoint region
[2022-06-13T02:53:49.208+0000][1][safepoint    ] Total time for which application threads were stopped: 0.0004465 seconds, Stopping threads took: 0.0002598 seconds
[2022-06-13T02:53:49.208+0000][1][safepoint    ] Application time: 0.0002462 seconds
[2022-06-13T02:53:49.208+0000][1][safepoint    ] Entering safepoint region: RevokeBias
[2022-06-13T02:53:49.208+0000][1][safepoint    ] Leaving safepoint region
[2022-06-13T02:53:49.209+0000][1][safepoint    ] Total time for which application threads were stopped: 0.0004657 seconds, Stopping threads took: 0.0001457 seconds
[2022-06-13T02:53:49.209+0000][1][safepoint    ] Application time: 0.0001058 seconds
[2022-06-13T02:53:49.209+0000][1][safepoint    ] Entering safepoint region: RevokeBias
[2022-06-13T02:53:49.209+0000][1][safepoint    ] Leaving safepoint region
[2022-06-13T02:53:49.210+0000][1][safepoint    ] Total time for which application threads were stopped: 0.0005268 seconds, Stopping threads took: 0.0003340 seconds
[2022-06-13T02:53:49.210+0000][1][safepoint    ] Application time: 0.0001176 seconds
[2022-06-13T02:53:49.210+0000][1][safepoint    ] Entering safepoint region: RevokeBias
[2022-06-13T02:53:49.210+0000][1][safepoint    ] Leaving safepoint region
[2022-06-13T02:53:49.210+0000][1][safepoint    ] Total time for which application threads were stopped: 0.0003778 seconds, Stopping threads took: 0.0001431 seconds
[2022-06-13T02:53:49.211+0000][1][safepoint    ] Application time: 0.0000900 seconds
[2022-06-13T02:53:49.211+0000][1][safepoint    ] Entering safepoint region: RevokeBias
[2022-06-13T02:53:49.211+0000][1][safepoint    ] Leaving safepoint region
[2022-06-13T02:53:49.211+0000][1][safepoint    ] Total time for which application threads were stopped: 0.0004573 seconds, Stopping threads took: 0.0001549 seconds
[2022-06-13T02:53:49.211+0000][1][safepoint    ] Application time: 0.0000489 seconds
[2022-06-13T02:53:49.212+0000][1][safepoint    ] Entering safepoint region: RevokeBias
[2022-06-13T02:53:49.213+0000][1][safepoint    ] Leaving safepoint region
[2022-06-13T02:53:49.214+0000][1][safepoint    ] Total time for which application threads were stopped: 0.0018681 seconds, Stopping threads took: 0.0015002 seconds
[2022-06-13T02:53:49.214+0000][1][safepoint    ] Application time: 0.0001518 seconds
[2022-06-13T02:53:49.214+0000][1][safepoint    ] Entering safepoint region: RevokeBias
[2022-06-13T02:53:49.214+0000][1][safepoint    ] Leaving safepoint region
[2022-06-13T02:53:49.215+0000][1][safepoint    ] Total time for which application threads were stopped: 0.0005361 seconds, Stopping threads took: 0.0002225 seconds
[2022-06-13T02:53:49.215+0000][1][safepoint    ] Application time: 0.0001250 seconds
[2022-06-13T02:53:49.215+0000][1][safepoint    ] Entering safepoint region: RevokeBias
[2022-06-13T02:53:49.216+0000][1][safepoint    ] Leaving safepoint region
[2022-06-13T02:53:49.216+0000][1][safepoint    ] Total time for which application threads were stopped: 0.0004138 seconds, Stopping threads took: 0.0001972 seconds
[2022-06-13T02:53:49.216+0000][1][safepoint    ] Application time: 0.0000859 seconds
[2022-06-13T02:53:49.216+0000][1][safepoint    ] Entering safepoint region: RevokeBias
[2022-06-13T02:53:49.216+0000][1][safepoint    ] Leaving safepoint region
[2022-06-13T02:53:49.216+0000][1][safepoint    ] Total time for which application threads were stopped: 0.0003163 seconds, Stopping threads took: 0.0001371 seconds
[2022-06-13T02:53:49.217+0000][1][safepoint    ] Application time: 0.0000907 seconds
[2022-06-13T02:53:49.217+0000][1][safepoint    ] Entering safepoint region: RevokeBias
[2022-06-13T02:53:49.217+0000][1][safepoint    ] Leaving safepoint region
[2022-06-13T02:53:49.217+0000][1][safepoint    ] Total time for which application threads were stopped: 0.0003135 seconds, Stopping threads took: 0.0001424 seconds
[2022-06-13T02:53:49.218+0000][1][safepoint    ] Application time: 0.0005122 seconds
[2022-06-13T02:53:49.218+0000][1][safepoint    ] Entering safepoint region: RevokeBias
[2022-06-13T02:53:49.218+0000][1][safepoint    ] Leaving safepoint region
[2022-06-13T02:53:49.218+0000][1][safepoint    ] Total time for which application threads were stopped: 0.0005069 seconds, Stopping threads took: 0.0003301 seconds
[2022-06-13T02:53:49.219+0000][1][safepoint    ] Application time: 0.0001153 seconds
[2022-06-13T02:53:49.219+0000][1][safepoint    ] Entering safepoint region: RevokeBias
[2022-06-13T02:53:49.219+0000][1][safepoint    ] Leaving safepoint region
[2022-06-13T02:53:49.219+0000][1][safepoint    ] Total time for which application threads were stopped: 0.0003789 seconds, Stopping threads took: 0.0001561 seconds
[2022-06-13T02:53:49.220+0000][1][safepoint    ] Application time: 0.0001022 seconds
[2022-06-13T02:53:49.220+0000][1][safepoint    ] Entering safepoint region: RevokeBias
[2022-06-13T02:53:49.220+0000][1][safepoint    ] Leaving safepoint region
[2022-06-13T02:53:49.220+0000][1][safepoint    ] Total time for which application threads were stopped: 0.0004065 seconds, Stopping threads took: 0.0001848 seconds
[2022-06-13T02:53:49.501+0000][1][safepoint    ] Application time: 0.2805328 seconds
[2022-06-13T02:53:49.501+0000][1][safepoint    ] Entering safepoint region: Deoptimize
[2022-06-13T02:53:49.502+0000][1][safepoint    ] Leaving safepoint region
[2022-06-13T02:53:49.502+0000][1][safepoint    ] Total time for which application threads were stopped: 0.0007877 seconds, Stopping threads took: 0.0001423 seconds
[2022-06-13T02:53:49.680+0000][1][safepoint    ] Application time: 0.1778616 seconds
[2022-06-13T02:53:49.680+0000][1][safepoint    ] Entering safepoint region: RevokeBias
[2022-06-13T02:53:49.680+0000][1][safepoint    ] Leaving safepoint region
[2022-06-13T02:53:49.681+0000][1][safepoint    ] Total time for which application threads were stopped: 0.0005076 seconds, Stopping threads took: 0.0002244 seconds
[2022-06-13T02:53:49.789+0000][1][safepoint    ] Application time: 0.1079575 seconds
[2022-06-13T02:53:49.795+0000][1][safepoint    ] Entering safepoint region: RevokeBias
[2022-06-13T02:53:49.803+0000][1][safepoint    ] Leaving safepoint region
[2022-06-13T02:53:49.804+0000][1][safepoint    ] Total time for which application threads were stopped: 0.0148030 seconds, Stopping threads took: 0.0134998 seconds
[2022-06-13T02:53:49.813+0000][1][safepoint    ] Application time: 0.0085533 seconds
[2022-06-13T02:53:49.814+0000][1][safepoint    ] Entering safepoint region: RevokeBias
[2022-06-13T02:53:49.814+0000][1][safepoint    ] Leaving safepoint region
[2022-06-13T02:53:49.814+0000][1][safepoint    ] Total time for which application threads were stopped: 0.0011061 seconds, Stopping threads took: 0.0006640 seconds
[2022-06-13T02:53:49.835+0000][1][safepoint    ] Application time: 0.0201882 seconds
[2022-06-13T02:53:49.835+0000][1][safepoint    ] Entering safepoint region: GenCollectForAllocation
[2022-06-13T02:53:49.836+0000][1][gc,start     ] GC(1) Pause Young (Allocation Failure)
[2022-06-13T02:53:49.836+0000][1][gc,task      ] GC(1) Using 5 workers of 13 for evacuation
[2022-06-13T02:53:49.856+0000][1][gc,age       ] GC(1) Desired survivor size 4456448 bytes, new threshold 6 (max threshold 6)
[2022-06-13T02:53:49.857+0000][1][gc,age       ] GC(1) Age table with threshold 6 (max threshold 6)
[2022-06-13T02:53:49.857+0000][1][gc,age       ] GC(1) - age   1:    1965752 bytes,    1965752 total
[2022-06-13T02:53:49.857+0000][1][gc,heap      ] GC(1) ParNew: 77988K->5347K(78656K)
[2022-06-13T02:53:49.857+0000][1][gc,heap      ] GC(1) CMS: 0K->6698K(174784K)
[2022-06-13T02:53:49.858+0000][1][gc,metaspace ] GC(1) Metaspace: 14984K->14984K(1062912K)
[2022-06-13T02:53:49.858+0000][1][gc           ] GC(1) Pause Young (Allocation Failure) 76M->11M(247M) 22.180ms
[2022-06-13T02:53:49.858+0000][1][gc,cpu       ] GC(1) User=0.09s Sys=0.01s Real=0.02s
[2022-06-13T02:53:49.858+0000][1][safepoint    ] Leaving safepoint region
[2022-06-13T02:53:49.858+0000][1][safepoint    ] Total time for which application threads were stopped: 0.0231321 seconds, Stopping threads took: 0.0003914 seconds
[2022-06-13T02:53:49.859+0000][1][safepoint    ] Application time: 0.0002076 seconds
[2022-06-13T02:53:49.859+0000][1][safepoint    ] Entering safepoint region: RevokeBias
[2022-06-13T02:53:49.859+0000][1][safepoint    ] Leaving safepoint region
[2022-06-13T02:53:49.859+0000][1][safepoint    ] Total time for which application threads were stopped: 0.0007595 seconds, Stopping threads took: 0.0004461 seconds
[2022-06-13T02:53:49.860+0000][1][safepoint    ] Application time: 0.0001142 seconds
[2022-06-13T02:53:49.860+0000][1][safepoint    ] Entering safepoint region: RevokeBias
[2022-06-13T02:53:49.860+0000][1][safepoint    ] Leaving safepoint region
[2022-06-13T02:53:49.860+0000][1][safepoint    ] Total time for which application threads were stopped: 0.0004749 seconds, Stopping threads took: 0.0002345 seconds
[2022-06-13T02:53:49.861+0000][1][safepoint    ] Application time: 0.0001073 seconds
[2022-06-13T02:53:49.861+0000][1][safepoint    ] Entering safepoint region: RevokeBias
[2022-06-13T02:53:49.861+0000][1][safepoint    ] Leaving safepoint region
[2022-06-13T02:53:49.861+0000][1][safepoint    ] Total time for which application threads were stopped: 0.0004095 seconds, Stopping threads took: 0.0001937 seconds
[2022-06-13T02:53:49.861+0000][1][safepoint    ] Application time: 0.0000898 seconds
[2022-06-13T02:53:49.862+0000][1][safepoint    ] Entering safepoint region: RevokeBias
[2022-06-13T02:53:49.862+0000][1][safepoint    ] Leaving safepoint region
[2022-06-13T02:53:49.862+0000][1][safepoint    ] Total time for which application threads were stopped: 0.0003803 seconds, Stopping threads took: 0.0001785 seconds
[2022-06-13T02:53:49.862+0000][1][safepoint    ] Application time: 0.0000716 seconds
[2022-06-13T02:53:49.863+0000][1][safepoint    ] Entering safepoint region: RevokeBias
[2022-06-13T02:53:49.863+0000][1][safepoint    ] Leaving safepoint region
[2022-06-13T02:53:49.863+0000][1][safepoint    ] Total time for which application threads were stopped: 0.0005442 seconds, Stopping threads took: 0.0002585 seconds
[2022-06-13T02:53:49.863+0000][1][safepoint    ] Application time: 0.0000479 seconds
[2022-06-13T02:53:49.863+0000][1][safepoint    ] Entering safepoint region: RevokeBias
[2022-06-13T02:53:49.864+0000][1][safepoint    ] Leaving safepoint region
[2022-06-13T02:53:49.864+0000][1][safepoint    ] Total time for which application threads were stopped: 0.0003700 seconds, Stopping threads took: 0.0001599 seconds
[2022-06-13T02:53:49.864+0000][1][safepoint    ] Application time: 0.0000836 seconds
[2022-06-13T02:53:49.864+0000][1][safepoint    ] Entering safepoint region: RevokeBias
[2022-06-13T02:53:49.864+0000][1][safepoint    ] Leaving safepoint region
[2022-06-13T02:53:49.865+0000][1][safepoint    ] Total time for which application threads were stopped: 0.0003771 seconds, Stopping threads took: 0.0001761 seconds
[2022-06-13T02:53:49.865+0000][1][safepoint    ] Application time: 0.0000678 seconds
[2022-06-13T02:53:49.865+0000][1][safepoint    ] Entering safepoint region: RevokeBias
[2022-06-13T02:53:49.865+0000][1][safepoint    ] Leaving safepoint region
[2022-06-13T02:53:49.865+0000][1][safepoint    ] Total time for which application threads were stopped: 0.0003724 seconds, Stopping threads took: 0.0001536 seconds
[2022-06-13T02:53:49.866+0000][1][safepoint    ] Application time: 0.0000640 seconds
[2022-06-13T02:53:49.866+0000][1][safepoint    ] Entering safepoint region: RevokeBias
[2022-06-13T02:53:49.866+0000][1][safepoint    ] Leaving safepoint region
[2022-06-13T02:53:49.866+0000][1][safepoint    ] Total time for which application threads were stopped: 0.0003791 seconds, Stopping threads took: 0.0001467 seconds
[2022-06-13T02:53:49.866+0000][1][safepoint    ] Application time: 0.0000553 seconds
[2022-06-13T02:53:49.867+0000][1][safepoint    ] Entering safepoint region: RevokeBias
[2022-06-13T02:53:49.867+0000][1][safepoint    ] Leaving safepoint region
[2022-06-13T02:53:49.867+0000][1][safepoint    ] Total time for which application threads were stopped: 0.0003774 seconds, Stopping threads took: 0.0001921 seconds
[2022-06-13T02:53:49.867+0000][1][safepoint    ] Application time: 0.0001173 seconds
[2022-06-13T02:53:49.868+0000][1][safepoint    ] Entering safepoint region: BulkRevokeBias
[2022-06-13T02:53:49.868+0000][1][safepoint    ] Leaving safepoint region
[2022-06-13T02:53:49.868+0000][1][safepoint    ] Total time for which application threads were stopped: 0.0004480 seconds, Stopping threads took: 0.0001580 seconds
[2022-06-13T02:53:49.868+0000][1][safepoint    ] Application time: 0.0002124 seconds
[2022-06-13T02:53:49.869+0000][1][safepoint    ] Entering safepoint region: RevokeBias
[2022-06-13T02:53:49.869+0000][1][safepoint    ] Leaving safepoint region
[2022-06-13T02:53:49.869+0000][1][safepoint    ] Total time for which application threads were stopped: 0.0004077 seconds, Stopping threads took: 0.0001532 seconds
[2022-06-13T02:53:49.869+0000][1][safepoint    ] Application time: 0.0001664 seconds
[2022-06-13T02:53:49.870+0000][1][safepoint    ] Entering safepoint region: BulkRevokeBias
[2022-06-13T02:53:49.870+0000][1][safepoint    ] Leaving safepoint region
[2022-06-13T02:53:49.870+0000][1][safepoint    ] Total time for which application threads were stopped: 0.0004692 seconds, Stopping threads took: 0.0002233 seconds
[2022-06-13T02:53:50.014+0000][1][safepoint    ] Application time: 0.1435759 seconds
[2022-06-13T02:53:50.014+0000][1][safepoint    ] Entering safepoint region: GenCollectForAllocation
[2022-06-13T02:53:50.015+0000][1][gc,start     ] GC(2) Pause Young (Allocation Failure)
[2022-06-13T02:53:50.016+0000][1][gc,task      ] GC(2) Using 5 workers of 13 for evacuation
[2022-06-13T02:53:50.024+0000][1][gc,age       ] GC(2) Desired survivor size 4456448 bytes, new threshold 6 (max threshold 6)
[2022-06-13T02:53:50.025+0000][1][gc,age       ] GC(2) Age table with threshold 6 (max threshold 6)
[2022-06-13T02:53:50.025+0000][1][gc,age       ] GC(2) - age   1:    2617888 bytes,    2617888 total
[2022-06-13T02:53:50.026+0000][1][gc,age       ] GC(2) - age   2:    1179824 bytes,    3797712 total
[2022-06-13T02:53:50.027+0000][1][gc,heap      ] GC(2) ParNew: 75299K->4488K(78656K)
[2022-06-13T02:53:50.027+0000][1][gc,heap      ] GC(2) CMS: 6698K->6698K(174784K)
[2022-06-13T02:53:50.027+0000][1][gc,metaspace ] GC(2) Metaspace: 15127K->15127K(1062912K)
[2022-06-13T02:53:50.027+0000][1][gc           ] GC(2) Pause Young (Allocation Failure) 80M->10M(247M) 12.301ms
[2022-06-13T02:53:50.028+0000][1][gc,cpu       ] GC(2) User=0.04s Sys=0.00s Real=0.01s
[2022-06-13T02:53:50.028+0000][1][safepoint    ] Leaving safepoint region
[2022-06-13T02:53:50.028+0000][1][safepoint    ] Total time for which application threads were stopped: 0.0135338 seconds, Stopping threads took: 0.0002879 seconds
[2022-06-13T02:53:50.029+0000][1][safepoint    ] Application time: 0.0010535 seconds
[2022-06-13T02:53:50.029+0000][1][safepoint    ] Entering safepoint region: RevokeBias
[2022-06-13T02:53:50.030+0000][1][safepoint    ] Leaving safepoint region
[2022-06-13T02:53:50.031+0000][1][safepoint    ] Total time for which application threads were stopped: 0.0013732 seconds, Stopping threads took: 0.0001355 seconds
[2022-06-13T02:53:50.034+0000][1][safepoint    ] Application time: 0.0017342 seconds
[2022-06-13T02:53:50.037+0000][1][safepoint    ] Entering safepoint region: RevokeBias
[2022-06-13T02:53:50.037+0000][1][safepoint    ] Leaving safepoint region
[2022-06-13T02:53:50.038+0000][1][safepoint    ] Total time for which application threads were stopped: 0.0012896 seconds, Stopping threads took: 0.0004739 seconds
[2022-06-13T02:53:50.038+0000][1][safepoint    ] Application time: 0.0000680 seconds
[2022-06-13T02:53:50.040+0000][1][safepoint    ] Entering safepoint region: RevokeBias
[2022-06-13T02:53:50.047+0000][1][safepoint    ] Leaving safepoint region
[2022-06-13T02:53:50.048+0000][1][safepoint    ] Total time for which application threads were stopped: 0.0089433 seconds, Stopping threads took: 0.0039922 seconds
[2022-06-13T02:53:50.058+0000][1][safepoint    ] Application time: 0.0097021 seconds
[2022-06-13T02:53:50.058+0000][1][safepoint    ] Entering safepoint region: RevokeBias
[2022-06-13T02:53:50.059+0000][1][safepoint    ] Leaving safepoint region
[2022-06-13T02:53:50.059+0000][1][safepoint    ] Total time for which application threads were stopped: 0.0007419 seconds, Stopping threads took: 0.0004046 seconds
[2022-06-13T02:53:50.059+0000][1][safepoint    ] Application time: 0.0001131 seconds
[2022-06-13T02:53:50.059+0000][1][safepoint    ] Entering safepoint region: RevokeBias
[2022-06-13T02:53:50.060+0000][1][safepoint    ] Leaving safepoint region
[2022-06-13T02:53:50.060+0000][1][safepoint    ] Total time for which application threads were stopped: 0.0004901 seconds, Stopping threads took: 0.0002002 seconds
[2022-06-13T02:53:50.060+0000][1][safepoint    ] Application time: 0.0000424 seconds
[2022-06-13T02:53:50.061+0000][1][safepoint    ] Entering safepoint region: RevokeBias
[2022-06-13T02:53:50.061+0000][1][safepoint    ] Leaving safepoint region
[2022-06-13T02:53:50.062+0000][1][safepoint    ] Total time for which application threads were stopped: 0.0009516 seconds, Stopping threads took: 0.0006743 seconds
[2022-06-13T02:53:50.247+0000][1][safepoint    ] Application time: 0.1854211 seconds
[2022-06-13T02:53:50.248+0000][1][safepoint    ] Entering safepoint region: Deoptimize
[2022-06-13T02:53:50.248+0000][1][safepoint    ] Leaving safepoint region
[2022-06-13T02:53:50.249+0000][1][safepoint    ] Total time for which application threads were stopped: 0.0008320 seconds, Stopping threads took: 0.0001910 seconds
[2022-06-13T02:53:50.250+0000][1][safepoint    ] Application time: 0.0013319 seconds
[2022-06-13T02:53:50.250+0000][1][safepoint    ] Entering safepoint region: Deoptimize
[2022-06-13T02:53:50.251+0000][1][safepoint    ] Leaving safepoint region
[2022-06-13T02:53:50.251+0000][1][safepoint    ] Total time for which application threads were stopped: 0.0006988 seconds, Stopping threads took: 0.0001555 seconds
[2022-06-13T02:53:50.532+0000][1][safepoint    ] Application time: 0.2805738 seconds
[2022-06-13T02:53:50.532+0000][1][safepoint    ] Entering safepoint region: GenCollectForAllocation
[2022-06-13T02:53:50.532+0000][1][gc,start     ] GC(3) Pause Young (Allocation Failure)
[2022-06-13T02:53:50.533+0000][1][gc,task      ] GC(3) Using 5 workers of 13 for evacuation
[2022-06-13T02:53:50.537+0000][1][gc,age       ] GC(3) Desired survivor size 4456448 bytes, new threshold 3 (max threshold 6)
[2022-06-13T02:53:50.537+0000][1][gc,age       ] GC(3) Age table with threshold 3 (max threshold 6)
[2022-06-13T02:53:50.537+0000][1][gc,age       ] GC(3) - age   1:    3235632 bytes,    3235632 total
[2022-06-13T02:53:50.537+0000][1][gc,age       ] GC(3) - age   2:     319632 bytes,    3555264 total
[2022-06-13T02:53:50.538+0000][1][gc,age       ] GC(3) - age   3:    1176680 bytes,    4731944 total
[2022-06-13T02:53:50.538+0000][1][gc,heap      ] GC(3) ParNew: 74440K->6913K(78656K)
[2022-06-13T02:53:50.538+0000][1][gc,heap      ] GC(3) CMS: 6698K->6698K(174784K)
[2022-06-13T02:53:50.538+0000][1][gc,metaspace ] GC(3) Metaspace: 18550K->18550K(1067008K)
[2022-06-13T02:53:50.538+0000][1][gc           ] GC(3) Pause Young (Allocation Failure) 79M->13M(247M) 6.235ms
[2022-06-13T02:53:50.539+0000][1][gc,cpu       ] GC(3) User=0.02s Sys=0.00s Real=0.00s
[2022-06-13T02:53:50.539+0000][1][safepoint    ] Leaving safepoint region
[2022-06-13T02:53:50.539+0000][1][safepoint    ] Total time for which application threads were stopped: 0.0071169 seconds, Stopping threads took: 0.0001640 seconds
[2022-06-13T02:53:50.540+0000][1][safepoint    ] Application time: 0.0002978 seconds
[2022-06-13T02:53:50.540+0000][1][safepoint    ] Entering safepoint region: BulkRevokeBias
[2022-06-13T02:53:50.540+0000][1][safepoint    ] Leaving safepoint region
[2022-06-13T02:53:50.540+0000][1][safepoint    ] Total time for which application threads were stopped: 0.0005970 seconds, Stopping threads took: 0.0002637 seconds
[2022-06-13T02:53:50.541+0000][1][safepoint    ] Application time: 0.0001874 seconds
[2022-06-13T02:53:50.541+0000][1][safepoint    ] Entering safepoint region: RevokeBias
[2022-06-13T02:53:50.541+0000][1][safepoint    ] Leaving safepoint region
[2022-06-13T02:53:50.541+0000][1][safepoint    ] Total time for which application threads were stopped: 0.0004777 seconds, Stopping threads took: 0.0002192 seconds
[2022-06-13T02:53:50.542+0000][1][safepoint    ] Application time: 0.0001866 seconds
[2022-06-13T02:53:50.542+0000][1][safepoint    ] Entering safepoint region: RevokeBias
[2022-06-13T02:53:50.543+0000][1][safepoint    ] Leaving safepoint region
[2022-06-13T02:53:50.543+0000][1][safepoint    ] Total time for which application threads were stopped: 0.0010265 seconds, Stopping threads took: 0.0007858 seconds
[2022-06-13T02:53:50.543+0000][1][safepoint    ] Application time: 0.0001751 seconds
[2022-06-13T02:53:50.544+0000][1][safepoint    ] Entering safepoint region: RevokeBias
[2022-06-13T02:53:50.544+0000][1][safepoint    ] Leaving safepoint region
[2022-06-13T02:53:50.544+0000][1][safepoint    ] Total time for which application threads were stopped: 0.0005762 seconds, Stopping threads took: 0.0003567 seconds
[2022-06-13T02:53:50.544+0000][1][safepoint    ] Application time: 0.0000908 seconds
[2022-06-13T02:53:50.545+0000][1][safepoint    ] Entering safepoint region: RevokeBias
[2022-06-13T02:53:50.545+0000][1][safepoint    ] Leaving safepoint region
[2022-06-13T02:53:50.545+0000][1][safepoint    ] Total time for which application threads were stopped: 0.0003751 seconds, Stopping threads took: 0.0001575 seconds
[2022-06-13T02:53:50.545+0000][1][safepoint    ] Application time: 0.0000808 seconds
[2022-06-13T02:53:50.545+0000][1][safepoint    ] Entering safepoint region: RevokeBias
[2022-06-13T02:53:50.546+0000][1][safepoint    ] Leaving safepoint region
[2022-06-13T02:53:50.546+0000][1][safepoint    ] Total time for which application threads were stopped: 0.0003968 seconds, Stopping threads took: 0.0001587 seconds
[2022-06-13T02:53:50.546+0000][1][safepoint    ] Application time: 0.0001163 seconds
[2022-06-13T02:53:50.546+0000][1][safepoint    ] Entering safepoint region: RevokeBias
[2022-06-13T02:53:50.547+0000][1][safepoint    ] Leaving safepoint region
[2022-06-13T02:53:50.547+0000][1][safepoint    ] Total time for which application threads were stopped: 0.0004495 seconds, Stopping threads took: 0.0002220 seconds
[2022-06-13T02:53:50.547+0000][1][safepoint    ] Application time: 0.0001018 seconds
[2022-06-13T02:53:50.547+0000][1][safepoint    ] Entering safepoint region: RevokeBias
[2022-06-13T02:53:50.547+0000][1][safepoint    ] Leaving safepoint region
[2022-06-13T02:53:50.547+0000][1][safepoint    ] Total time for which application threads were stopped: 0.0004432 seconds, Stopping threads took: 0.0001620 seconds
[2022-06-13T02:53:50.548+0000][1][safepoint    ] Application time: 0.0001270 seconds
[2022-06-13T02:53:50.548+0000][1][safepoint    ] Entering safepoint region: RevokeBias
[2022-06-13T02:53:50.548+0000][1][safepoint    ] Leaving safepoint region
[2022-06-13T02:53:50.548+0000][1][safepoint    ] Total time for which application threads were stopped: 0.0003568 seconds, Stopping threads took: 0.0001766 seconds
[2022-06-13T02:53:50.548+0000][1][safepoint    ] Application time: 0.0000746 seconds
[2022-06-13T02:53:50.549+0000][1][safepoint    ] Entering safepoint region: RevokeBias
[2022-06-13T02:53:50.549+0000][1][safepoint    ] Leaving safepoint region
[2022-06-13T02:53:50.549+0000][1][safepoint    ] Total time for which application threads were stopped: 0.0003681 seconds, Stopping threads took: 0.0001780 seconds
[2022-06-13T02:53:50.549+0000][1][safepoint    ] Application time: 0.0000580 seconds
[2022-06-13T02:53:50.550+0000][1][safepoint    ] Entering safepoint region: RevokeBias
[2022-06-13T02:53:50.550+0000][1][safepoint    ] Leaving safepoint region
[2022-06-13T02:53:50.550+0000][1][safepoint    ] Total time for which application threads were stopped: 0.0005418 seconds, Stopping threads took: 0.0003165 seconds
[2022-06-13T02:53:50.550+0000][1][safepoint    ] Application time: 0.0002328 seconds
[2022-06-13T02:53:50.551+0000][1][safepoint    ] Entering safepoint region: RevokeBias
[2022-06-13T02:53:50.552+0000][1][safepoint    ] Leaving safepoint region
[2022-06-13T02:53:50.552+0000][1][safepoint    ] Total time for which application threads were stopped: 0.0018949 seconds, Stopping threads took: 0.0015506 seconds
[2022-06-13T02:53:50.553+0000][1][safepoint    ] Application time: 0.0000853 seconds
[2022-06-13T02:53:50.553+0000][1][safepoint    ] Entering safepoint region: RevokeBias
[2022-06-13T02:53:50.553+0000][1][safepoint    ] Leaving safepoint region
[2022-06-13T02:53:50.556+0000][1][safepoint    ] Total time for which application threads were stopped: 0.0029276 seconds, Stopping threads took: 0.0001380 seconds
[2022-06-13T02:53:50.557+0000][1][safepoint    ] Application time: 0.0000835 seconds
[2022-06-13T02:53:50.557+0000][1][safepoint    ] Entering safepoint region: RevokeBias
[2022-06-13T02:53:50.557+0000][1][safepoint    ] Leaving safepoint region
[2022-06-13T02:53:50.558+0000][1][safepoint    ] Total time for which application threads were stopped: 0.0005368 seconds, Stopping threads took: 0.0002665 seconds
[2022-06-13T02:53:50.561+0000][1][safepoint    ] Application time: 0.0035481 seconds
[2022-06-13T02:53:50.562+0000][1][safepoint    ] Entering safepoint region: RevokeBias
[2022-06-13T02:53:50.563+0000][1][safepoint    ] Leaving safepoint region
[2022-06-13T02:53:50.563+0000][1][safepoint    ] Total time for which application threads were stopped: 0.0007335 seconds, Stopping threads took: 0.0004935 seconds
[2022-06-13T02:53:50.563+0000][1][safepoint    ] Application time: 0.0001312 seconds
[2022-06-13T02:53:50.564+0000][1][safepoint    ] Entering safepoint region: RevokeBias
[2022-06-13T02:53:50.564+0000][1][safepoint    ] Leaving safepoint region
[2022-06-13T02:53:50.565+0000][1][safepoint    ] Total time for which application threads were stopped: 0.0016757 seconds, Stopping threads took: 0.0007946 seconds
[2022-06-13T02:53:50.566+0000][1][safepoint    ] Application time: 0.0001053 seconds
[2022-06-13T02:53:50.566+0000][1][safepoint    ] Entering safepoint region: RevokeBias
[2022-06-13T02:53:50.566+0000][1][safepoint    ] Leaving safepoint region
[2022-06-13T02:53:50.566+0000][1][safepoint    ] Total time for which application threads were stopped: 0.0005318 seconds, Stopping threads took: 0.0002611 seconds
[2022-06-13T02:53:50.567+0000][1][safepoint    ] Application time: 0.0006869 seconds
[2022-06-13T02:53:50.568+0000][1][safepoint    ] Entering safepoint region: RevokeBias
[2022-06-13T02:53:50.568+0000][1][safepoint    ] Leaving safepoint region
[2022-06-13T02:53:50.569+0000][1][safepoint    ] Total time for which application threads were stopped: 0.0017314 seconds, Stopping threads took: 0.0003456 seconds
[2022-06-13T02:53:50.573+0000][1][safepoint    ] Application time: 0.0027234 seconds
[2022-06-13T02:53:50.579+0000][1][safepoint    ] Entering safepoint region: RevokeBias
[2022-06-13T02:53:50.581+0000][1][safepoint    ] Leaving safepoint region
[2022-06-13T02:53:50.582+0000][1][safepoint    ] Total time for which application threads were stopped: 0.0034562 seconds, Stopping threads took: 0.0027380 seconds
[2022-06-13T02:53:50.582+0000][1][safepoint    ] Application time: 0.0000765 seconds
[2022-06-13T02:53:50.584+0000][1][safepoint    ] Entering safepoint region: RevokeBias
[2022-06-13T02:53:50.585+0000][1][safepoint    ] Leaving safepoint region
[2022-06-13T02:53:50.585+0000][1][safepoint    ] Total time for which application threads were stopped: 0.0007272 seconds, Stopping threads took: 0.0002774 seconds
[2022-06-13T02:53:50.586+0000][1][safepoint    ] Application time: 0.0000791 seconds
[2022-06-13T02:53:50.586+0000][1][safepoint    ] Entering safepoint region: RevokeBias
[2022-06-13T02:53:50.586+0000][1][safepoint    ] Leaving safepoint region
[2022-06-13T02:53:50.586+0000][1][safepoint    ] Total time for which application threads were stopped: 0.0004105 seconds, Stopping threads took: 0.0001892 seconds
[2022-06-13T02:53:50.587+0000][1][safepoint    ] Application time: 0.0000652 seconds
[2022-06-13T02:53:50.587+0000][1][safepoint    ] Entering safepoint region: RevokeBias
[2022-06-13T02:53:50.587+0000][1][safepoint    ] Leaving safepoint region
[2022-06-13T02:53:50.587+0000][1][safepoint    ] Total time for which application threads were stopped: 0.0004520 seconds, Stopping threads took: 0.0002028 seconds
[2022-06-13T02:53:50.697+0000][1][safepoint    ] Application time: 0.1098721 seconds
[2022-06-13T02:53:50.698+0000][1][safepoint    ] Entering safepoint region: GenCollectForAllocation
[2022-06-13T02:53:50.698+0000][1][gc,start     ] GC(4) Pause Young (Allocation Failure)
[2022-06-13T02:53:50.698+0000][1][gc,task      ] GC(4) Using 5 workers of 13 for evacuation
[2022-06-13T02:53:50.704+0000][1][gc,age       ] GC(4) Desired survivor size 4456448 bytes, new threshold 2 (max threshold 6)
[2022-06-13T02:53:50.705+0000][1][gc,age       ] GC(4) Age table with threshold 2 (max threshold 6)
[2022-06-13T02:53:50.705+0000][1][gc,age       ] GC(4) - age   1:    1671512 bytes,    1671512 total
[2022-06-13T02:53:50.706+0000][1][gc,age       ] GC(4) - age   2:    3199144 bytes,    4870656 total
[2022-06-13T02:53:50.706+0000][1][gc,age       ] GC(4) - age   3:     319104 bytes,    5189760 total
[2022-06-13T02:53:50.706+0000][1][gc,heap      ] GC(4) ParNew: 76865K->7642K(78656K)
[2022-06-13T02:53:50.706+0000][1][gc,heap      ] GC(4) CMS: 6698K->7921K(174784K)
[2022-06-13T02:53:50.706+0000][1][gc,metaspace ] GC(4) Metaspace: 18806K->18806K(1067008K)
[2022-06-13T02:53:50.706+0000][1][gc           ] GC(4) Pause Young (Allocation Failure) 81M->15M(247M) 8.261ms
[2022-06-13T02:53:50.707+0000][1][gc,cpu       ] GC(4) User=0.05s Sys=0.00s Real=0.01s
[2022-06-13T02:53:50.707+0000][1][safepoint    ] Leaving safepoint region
[2022-06-13T02:53:50.707+0000][1][safepoint    ] Total time for which application threads were stopped: 0.0089749 seconds, Stopping threads took: 0.0002010 seconds
[2022-06-13T02:53:50.708+0000][1][safepoint    ] Application time: 0.0006405 seconds
[2022-06-13T02:53:50.708+0000][1][safepoint    ] Entering safepoint region: RevokeBias
[2022-06-13T02:53:50.708+0000][1][safepoint    ] Leaving safepoint region
[2022-06-13T02:53:50.708+0000][1][safepoint    ] Total time for which application threads were stopped: 0.0003154 seconds, Stopping threads took: 0.0001474 seconds
[2022-06-13T02:53:50.709+0000][1][safepoint    ] Application time: 0.0012194 seconds
[2022-06-13T02:53:50.710+0000][1][safepoint    ] Entering safepoint region: RevokeBias
[2022-06-13T02:53:50.710+0000][1][safepoint    ] Leaving safepoint region
[2022-06-13T02:53:50.710+0000][1][safepoint    ] Total time for which application threads were stopped: 0.0004450 seconds, Stopping threads took: 0.0002314 seconds
[2022-06-13T02:53:50.710+0000][1][safepoint    ] Application time: 0.0001146 seconds
[2022-06-13T02:53:50.711+0000][1][safepoint    ] Entering safepoint region: RevokeBias
[2022-06-13T02:53:50.711+0000][1][safepoint    ] Leaving safepoint region
[2022-06-13T02:53:50.711+0000][1][safepoint    ] Total time for which application threads were stopped: 0.0004141 seconds, Stopping threads took: 0.0002245 seconds
[2022-06-13T02:53:50.711+0000][1][safepoint    ] Application time: 0.0001144 seconds
[2022-06-13T02:53:50.711+0000][1][safepoint    ] Entering safepoint region: RevokeBias
[2022-06-13T02:53:50.712+0000][1][safepoint    ] Leaving safepoint region
[2022-06-13T02:53:50.712+0000][1][safepoint    ] Total time for which application threads were stopped: 0.0003834 seconds, Stopping threads took: 0.0001819 seconds
[2022-06-13T02:53:50.734+0000][1][safepoint    ] Application time: 0.0222178 seconds
[2022-06-13T02:53:50.735+0000][1][safepoint    ] Entering safepoint region: Deoptimize
[2022-06-13T02:53:50.736+0000][1][safepoint    ] Leaving safepoint region
[2022-06-13T02:53:50.736+0000][1][safepoint    ] Total time for which application threads were stopped: 0.0012512 seconds, Stopping threads took: 0.0003570 seconds
[2022-06-13T02:53:50.779+0000][1][safepoint    ] Application time: 0.0431596 seconds
[2022-06-13T02:53:50.784+0000][1][safepoint    ] Entering safepoint region: Deoptimize
[2022-06-13T02:53:50.788+0000][1][safepoint    ] Leaving safepoint region
[2022-06-13T02:53:50.794+0000][1][safepoint    ] Total time for which application threads were stopped: 0.0098860 seconds, Stopping threads took: 0.0035325 seconds
[2022-06-13T02:53:50.947+0000][1][safepoint    ] Application time: 0.1529624 seconds
[2022-06-13T02:53:50.948+0000][1][safepoint    ] Entering safepoint region: GenCollectForAllocation
[2022-06-13T02:53:50.948+0000][1][gc,start     ] GC(5) Pause Young (Allocation Failure)
[2022-06-13T02:53:50.949+0000][1][gc,task      ] GC(5) Using 5 workers of 13 for evacuation
[2022-06-13T02:53:50.970+0000][1][gc,age       ] GC(5) Desired survivor size 4456448 bytes, new threshold 6 (max threshold 6)
[2022-06-13T02:53:50.971+0000][1][gc,age       ] GC(5) Age table with threshold 6 (max threshold 6)
[2022-06-13T02:53:50.971+0000][1][gc,age       ] GC(5) - age   1:    2389504 bytes,    2389504 total
[2022-06-13T02:53:50.971+0000][1][gc,age       ] GC(5) - age   2:     551568 bytes,    2941072 total
[2022-06-13T02:53:50.972+0000][1][gc,heap      ] GC(5) ParNew: 77594K->3890K(78656K)
[2022-06-13T02:53:50.972+0000][1][gc,heap      ] GC(5) CMS: 7921K->11382K(174784K)
[2022-06-13T02:53:50.973+0000][1][gc,metaspace ] GC(5) Metaspace: 19163K->19163K(1067008K)
[2022-06-13T02:53:50.979+0000][1][gc           ] GC(5) Pause Young (Allocation Failure) 83M->14M(247M) 30.847ms
[2022-06-13T02:53:50.980+0000][1][gc,cpu       ] GC(5) User=0.08s Sys=0.00s Real=0.04s
[2022-06-13T02:53:50.981+0000][1][safepoint    ] Leaving safepoint region
[2022-06-13T02:53:50.981+0000][1][safepoint    ] Total time for which application threads were stopped: 0.0337094 seconds, Stopping threads took: 0.0005614 seconds
[2022-06-13T02:53:50.986+0000][1][safepoint    ] Application time: 0.0043092 seconds
[2022-06-13T02:53:50.986+0000][1][safepoint    ] Entering safepoint region: RevokeBias
[2022-06-13T02:53:50.986+0000][1][safepoint    ] Leaving safepoint region
[2022-06-13T02:53:50.987+0000][1][safepoint    ] Total time for which application threads were stopped: 0.0004373 seconds, Stopping threads took: 0.0002343 seconds
[2022-06-13T02:53:50.987+0000][1][safepoint    ] Application time: 0.0000385 seconds
[2022-06-13T02:53:50.987+0000][1][safepoint    ] Entering safepoint region: RevokeBias
[2022-06-13T02:53:50.987+0000][1][safepoint    ] Leaving safepoint region
[2022-06-13T02:53:50.988+0000][1][safepoint    ] Total time for which application threads were stopped: 0.0006032 seconds, Stopping threads took: 0.0002659 seconds
[2022-06-13T02:53:50.988+0000][1][safepoint    ] Application time: 0.0001019 seconds
[2022-06-13T02:53:50.988+0000][1][safepoint    ] Entering safepoint region: RevokeBias
[2022-06-13T02:53:50.989+0000][1][safepoint    ] Leaving safepoint region
[2022-06-13T02:53:50.990+0000][1][safepoint    ] Total time for which application threads were stopped: 0.0017290 seconds, Stopping threads took: 0.0012079 seconds
[2022-06-13T02:53:50.991+0000][1][safepoint    ] Application time: 0.0000623 seconds
[2022-06-13T02:53:50.994+0000][1][safepoint    ] Entering safepoint region: RevokeBias
[2022-06-13T02:53:50.994+0000][1][safepoint    ] Leaving safepoint region
[2022-06-13T02:53:50.995+0000][1][safepoint    ] Total time for which application threads were stopped: 0.0010324 seconds, Stopping threads took: 0.0007320 seconds
[2022-06-13T02:53:50.995+0000][1][safepoint    ] Application time: 0.0001156 seconds
[2022-06-13T02:53:50.995+0000][1][safepoint    ] Entering safepoint region: RevokeBias
[2022-06-13T02:53:50.995+0000][1][safepoint    ] Leaving safepoint region
[2022-06-13T02:53:50.995+0000][1][safepoint    ] Total time for which application threads were stopped: 0.0004012 seconds, Stopping threads took: 0.0001570 seconds
[2022-06-13T02:53:50.996+0000][1][safepoint    ] Application time: 0.0000514 seconds
[2022-06-13T02:53:50.996+0000][1][safepoint    ] Entering safepoint region: RevokeBias
[2022-06-13T02:53:50.996+0000][1][safepoint    ] Leaving safepoint region
[2022-06-13T02:53:50.996+0000][1][safepoint    ] Total time for which application threads were stopped: 0.0002814 seconds, Stopping threads took: 0.0001076 seconds
[2022-06-13T02:53:51.114+0000][1][safepoint    ] Application time: 0.1175653 seconds
[2022-06-13T02:53:51.114+0000][1][safepoint    ] Entering safepoint region: RevokeBias
[2022-06-13T02:53:51.116+0000][1][safepoint    ] Leaving safepoint region
[2022-06-13T02:53:51.116+0000][1][safepoint    ] Total time for which application threads were stopped: 0.0022376 seconds, Stopping threads took: 0.0019033 seconds
[2022-06-13T02:53:51.121+0000][1][safepoint    ] Application time: 0.0043445 seconds
[2022-06-13T02:53:51.129+0000][1][safepoint    ] Entering safepoint region: BulkRevokeBias
[2022-06-13T02:53:51.129+0000][1][safepoint    ] Leaving safepoint region
[2022-06-13T02:53:51.129+0000][1][safepoint    ] Total time for which application threads were stopped: 0.0008221 seconds, Stopping threads took: 0.0002983 seconds
[2022-06-13T02:53:51.169+0000][1][safepoint    ] Application time: 0.0388929 seconds
[2022-06-13T02:53:51.172+0000][1][safepoint    ] Entering safepoint region: GenCollectForAllocation
[2022-06-13T02:53:51.174+0000][1][gc,start     ] GC(6) Pause Young (Allocation Failure)
[2022-06-13T02:53:51.174+0000][1][gc,task      ] GC(6) Using 5 workers of 13 for evacuation
[2022-06-13T02:53:51.180+0000][1][gc,age       ] GC(6) Desired survivor size 4456448 bytes, new threshold 6 (max threshold 6)
[2022-06-13T02:53:51.180+0000][1][gc,age       ] GC(6) Age table with threshold 6 (max threshold 6)
[2022-06-13T02:53:51.182+0000][1][gc,age       ] GC(6) - age   1:    1401056 bytes,    1401056 total
[2022-06-13T02:53:51.182+0000][1][gc,age       ] GC(6) - age   2:    2195392 bytes,    3596448 total
[2022-06-13T02:53:51.183+0000][1][gc,age       ] GC(6) - age   3:     551568 bytes,    4148016 total
[2022-06-13T02:53:51.183+0000][1][gc,heap      ] GC(6) ParNew: 73842K->5144K(78656K)
[2022-06-13T02:53:51.184+0000][1][gc,heap      ] GC(6) CMS: 11382K->11382K(174784K)
[2022-06-13T02:53:51.185+0000][1][gc,metaspace ] GC(6) Metaspace: 19468K->19468K(1067008K)
[2022-06-13T02:53:51.185+0000][1][gc           ] GC(6) Pause Young (Allocation Failure) 83M->16M(247M) 11.467ms
[2022-06-13T02:53:51.185+0000][1][gc,cpu       ] GC(6) User=0.04s Sys=0.00s Real=0.01s
[2022-06-13T02:53:51.186+0000][1][safepoint    ] Leaving safepoint region
[2022-06-13T02:53:51.187+0000][1][safepoint    ] Total time for which application threads were stopped: 0.0147444 seconds, Stopping threads took: 0.0010778 seconds
[2022-06-13T02:53:51.188+0000][1][safepoint    ] Application time: 0.0003723 seconds
[2022-06-13T02:53:51.188+0000][1][safepoint    ] Entering safepoint region: BulkRevokeBias
[2022-06-13T02:53:51.188+0000][1][safepoint    ] Leaving safepoint region
[2022-06-13T02:53:51.188+0000][1][safepoint    ] Total time for which application threads were stopped: 0.0004936 seconds, Stopping threads took: 0.0002239 seconds
[2022-06-13T02:53:51.330+0000][1][safepoint    ] Application time: 0.1413343 seconds
[2022-06-13T02:53:51.330+0000][1][safepoint    ] Entering safepoint region: GenCollectForAllocation
[2022-06-13T02:53:51.331+0000][1][gc,start     ] GC(7) Pause Young (Allocation Failure)
[2022-06-13T02:53:51.331+0000][1][gc,task      ] GC(7) Using 5 workers of 13 for evacuation
[2022-06-13T02:53:51.333+0000][1][gc,age       ] GC(7) Desired survivor size 4456448 bytes, new threshold 6 (max threshold 6)
[2022-06-13T02:53:51.333+0000][1][gc,age       ] GC(7) Age table with threshold 6 (max threshold 6)
[2022-06-13T02:53:51.333+0000][1][gc,age       ] GC(7) - age   1:     536688 bytes,     536688 total
[2022-06-13T02:53:51.333+0000][1][gc,age       ] GC(7) - age   2:    1129576 bytes,    1666264 total
[2022-06-13T02:53:51.333+0000][1][gc,age       ] GC(7) - age   3:    2193384 bytes,    3859648 total
[2022-06-13T02:53:51.334+0000][1][gc,age       ] GC(7) - age   4:     551568 bytes,    4411216 total
[2022-06-13T02:53:51.334+0000][1][gc,heap      ] GC(7) ParNew: 75096K->6835K(78656K)
[2022-06-13T02:53:51.334+0000][1][gc,heap      ] GC(7) CMS: 11382K->11382K(174784K)
[2022-06-13T02:53:51.334+0000][1][gc,metaspace ] GC(7) Metaspace: 19933K->19933K(1067008K)
[2022-06-13T02:53:51.334+0000][1][gc           ] GC(7) Pause Young (Allocation Failure) 84M->17M(247M) 3.950ms
[2022-06-13T02:53:51.335+0000][1][gc,cpu       ] GC(7) User=0.01s Sys=0.00s Real=0.00s
[2022-06-13T02:53:51.335+0000][1][safepoint    ] Leaving safepoint region
[2022-06-13T02:53:51.335+0000][1][safepoint    ] Total time for which application threads were stopped: 0.0048600 seconds, Stopping threads took: 0.0001804 seconds
[2022-06-13T02:53:51.337+0000][1][safepoint    ] Application time: 0.0015383 seconds
[2022-06-13T02:53:51.337+0000][1][safepoint    ] Entering safepoint region: CollectForMetadataAllocation
[2022-06-13T02:53:51.337+0000][1][safepoint    ] Leaving safepoint region
[2022-06-13T02:53:51.338+0000][1][safepoint    ] Total time for which application threads were stopped: 0.0005510 seconds, Stopping threads took: 0.0001732 seconds
[2022-06-13T02:53:51.354+0000][1][safepoint    ] Application time: 0.0166378 seconds
[2022-06-13T02:53:51.355+0000][1][safepoint    ] Entering safepoint region: CollectForMetadataAllocation
[2022-06-13T02:53:51.355+0000][1][safepoint    ] Leaving safepoint region
[2022-06-13T02:53:51.355+0000][1][safepoint    ] Total time for which application threads were stopped: 0.0006231 seconds, Stopping threads took: 0.0002293 seconds
[2022-06-13T02:53:51.499+0000][1][safepoint    ] Application time: 0.1438315 seconds
[2022-06-13T02:53:51.501+0000][1][safepoint    ] Entering safepoint region: GenCollectForAllocation
[2022-06-13T02:53:51.501+0000][1][gc,start     ] GC(8) Pause Young (Allocation Failure)
[2022-06-13T02:53:51.502+0000][1][gc,task      ] GC(8) Using 5 workers of 13 for evacuation
[2022-06-13T02:53:51.513+0000][1][gc,age       ] GC(8) Desired survivor size 4456448 bytes, new threshold 5 (max threshold 6)
[2022-06-13T02:53:51.513+0000][1][gc,age       ] GC(8) Age table with threshold 5 (max threshold 6)
[2022-06-13T02:53:51.513+0000][1][gc,age       ] GC(8) - age   1:     517904 bytes,     517904 total
[2022-06-13T02:53:51.513+0000][1][gc,age       ] GC(8) - age   2:     515264 bytes,    1033168 total
[2022-06-13T02:53:51.514+0000][1][gc,age       ] GC(8) - age   3:    1129480 bytes,    2162648 total
[2022-06-13T02:53:51.514+0000][1][gc,age       ] GC(8) - age   4:    2193096 bytes,    4355744 total
[2022-06-13T02:53:51.514+0000][1][gc,age       ] GC(8) - age   5:     551568 bytes,    4907312 total
[2022-06-13T02:53:51.514+0000][1][gc,heap      ] GC(8) ParNew: 76787K->6508K(78656K)
[2022-06-13T02:53:51.515+0000][1][gc,heap      ] GC(8) CMS: 11382K->11382K(174784K)
[2022-06-13T02:53:51.515+0000][1][gc,metaspace ] GC(8) Metaspace: 20527K->20527K(1069056K)
[2022-06-13T02:53:51.515+0000][1][gc           ] GC(8) Pause Young (Allocation Failure) 86M->17M(247M) 13.824ms
[2022-06-13T02:53:51.516+0000][1][gc,cpu       ] GC(8) User=0.04s Sys=0.00s Real=0.01s
[2022-06-13T02:53:51.517+0000][1][safepoint    ] Leaving safepoint region
[2022-06-13T02:53:51.517+0000][1][safepoint    ] Total time for which application threads were stopped: 0.0162050 seconds, Stopping threads took: 0.0003946 seconds
[2022-06-13T02:53:51.520+0000][1][safepoint    ] Application time: 0.0028853 seconds
[2022-06-13T02:53:51.520+0000][1][safepoint    ] Entering safepoint region: CMS_Initial_Mark
[2022-06-13T02:53:51.521+0000][1][gc,start     ] GC(9) Pause Initial Mark
[2022-06-13T02:53:51.528+0000][1][gc           ] GC(9) Pause Initial Mark 18M->18M(247M) 6.916ms
[2022-06-13T02:53:51.530+0000][1][gc,cpu       ] GC(9) User=0.02s Sys=0.01s Real=0.01s
[2022-06-13T02:53:51.531+0000][1][safepoint    ] Leaving safepoint region
[2022-06-13T02:53:51.531+0000][1][safepoint    ] Total time for which application threads were stopped: 0.0110980 seconds, Stopping threads took: 0.0013963 seconds
[2022-06-13T02:53:51.531+0000][1][gc           ] GC(9) Concurrent Mark
[2022-06-13T02:53:51.536+0000][1][gc,task      ] GC(9) Using 4 workers of 4 for marking
[2022-06-13T02:53:51.544+0000][1][gc           ] GC(9) Concurrent Mark 12.954ms
[2022-06-13T02:53:51.545+0000][1][gc,cpu       ] GC(9) User=0.04s Sys=0.00s Real=0.01s
[2022-06-13T02:53:51.545+0000][1][gc           ] GC(9) Concurrent Preclean
[2022-06-13T02:53:51.546+0000][1][gc           ] GC(9) Concurrent Preclean 0.754ms
[2022-06-13T02:53:51.546+0000][1][gc,cpu       ] GC(9) User=0.00s Sys=0.00s Real=0.00s
[2022-06-13T02:53:51.546+0000][1][gc           ] GC(9) Concurrent Abortable Preclean
[2022-06-13T02:53:51.637+0000][1][safepoint    ] Application time: 0.1054491 seconds
[2022-06-13T02:53:51.637+0000][1][safepoint    ] Entering safepoint region: GenCollectForAllocation
[2022-06-13T02:53:51.637+0000][1][gc,start     ] GC(10) Pause Young (Allocation Failure)
[2022-06-13T02:53:51.637+0000][1][gc,task      ] GC(10) Using 5 workers of 13 for evacuation
[2022-06-13T02:53:51.641+0000][1][gc,age       ] GC(10) Desired survivor size 4456448 bytes, new threshold 5 (max threshold 6)
[2022-06-13T02:53:51.641+0000][1][gc,age       ] GC(10) Age table with threshold 5 (max threshold 6)
[2022-06-13T02:53:51.641+0000][1][gc,age       ] GC(10) - age   1:     914232 bytes,     914232 total
[2022-06-13T02:53:51.641+0000][1][gc,age       ] GC(10) - age   2:     484752 bytes,    1398984 total
[2022-06-13T02:53:51.641+0000][1][gc,age       ] GC(10) - age   3:     515144 bytes,    1914128 total
[2022-06-13T02:53:51.642+0000][1][gc,age       ] GC(10) - age   4:    1129480 bytes,    3043608 total
[2022-06-13T02:53:51.642+0000][1][gc,age       ] GC(10) - age   5:    2192904 bytes,    5236512 total
[2022-06-13T02:53:51.642+0000][1][gc,heap      ] GC(10) ParNew: 76460K->6340K(78656K)
[2022-06-13T02:53:51.642+0000][1][gc,heap      ] GC(10) CMS: 11382K->11931K(174784K)
[2022-06-13T02:53:51.642+0000][1][gc,metaspace ] GC(10) Metaspace: 20636K->20636K(1069056K)
[2022-06-13T02:53:51.642+0000][1][gc           ] GC(10) Pause Young (Allocation Failure) 85M->17M(247M) 5.051ms
[2022-06-13T02:53:51.642+0000][1][gc,cpu       ] GC(10) User=0.02s Sys=0.00s Real=0.01s
[2022-06-13T02:53:51.643+0000][1][safepoint    ] Leaving safepoint region
[2022-06-13T02:53:51.643+0000][1][safepoint    ] Total time for which application threads were stopped: 0.0058782 seconds, Stopping threads took: 0.0001962 seconds
[2022-06-13T02:53:51.806+0000][1][safepoint    ] Application time: 0.1633524 seconds
[2022-06-13T02:53:51.807+0000][1][safepoint    ] Entering safepoint region: GenCollectForAllocation
[2022-06-13T02:53:51.807+0000][1][gc,start     ] GC(11) Pause Young (Allocation Failure)
[2022-06-13T02:53:51.807+0000][1][gc,task      ] GC(11) Using 5 workers of 13 for evacuation
[2022-06-13T02:53:51.815+0000][1][gc,age       ] GC(11) Desired survivor size 4456448 bytes, new threshold 6 (max threshold 6)
[2022-06-13T02:53:51.817+0000][1][gc,age       ] GC(11) Age table with threshold 6 (max threshold 6)
[2022-06-13T02:53:51.817+0000][1][gc,age       ] GC(11) - age   1:    1827144 bytes,    1827144 total
[2022-06-13T02:53:51.818+0000][1][gc,age       ] GC(11) - age   2:     100040 bytes,    1927184 total
[2022-06-13T02:53:51.823+0000][1][gc,age       ] GC(11) - age   3:     484752 bytes,    2411936 total
[2022-06-13T02:53:51.823+0000][1][gc,age       ] GC(11) - age   4:     514992 bytes,    2926928 total
[2022-06-13T02:53:51.824+0000][1][gc,age       ] GC(11) - age   5:    1129192 bytes,    4056120 total
[2022-06-13T02:53:51.825+0000][1][gc,heap      ] GC(11) ParNew: 76292K->6399K(78656K)
[2022-06-13T02:53:51.826+0000][1][gc,heap      ] GC(11) CMS: 11931K->14087K(174784K)
[2022-06-13T02:53:51.826+0000][1][gc,metaspace ] GC(11) Metaspace: 20715K->20715K(1069056K)
[2022-06-13T02:53:51.826+0000][1][gc           ] GC(11) Pause Young (Allocation Failure) 86M->20M(247M) 18.839ms
[2022-06-13T02:53:51.836+0000][1][gc,cpu       ] GC(11) User=0.06s Sys=0.01s Real=0.03s
[2022-06-13T02:53:51.842+0000][1][safepoint    ] Leaving safepoint region
[2022-06-13T02:53:51.844+0000][1][safepoint    ] Total time for which application threads were stopped: 0.0376425 seconds, Stopping threads took: 0.0002795 seconds
[2022-06-13T02:53:51.861+0000][1][gc           ] GC(9) Concurrent Abortable Preclean 315.215ms
[2022-06-13T02:53:51.865+0000][1][gc,cpu       ] GC(9) User=0.95s Sys=0.05s Real=0.32s
[2022-06-13T02:53:51.878+0000][1][safepoint    ] Application time: 0.0247711 seconds
[2022-06-13T02:53:51.881+0000][1][safepoint    ] Entering safepoint region: CMS_Final_Remark
[2022-06-13T02:53:51.881+0000][1][gc,start     ] GC(9) Pause Remark
[2022-06-13T02:53:51.896+0000][1][gc           ] GC(9) Pause Remark 28M->28M(247M) 15.404ms
[2022-06-13T02:53:51.898+0000][1][gc,cpu       ] GC(9) User=0.03s Sys=0.01s Real=0.01s
[2022-06-13T02:53:51.898+0000][1][safepoint    ] Leaving safepoint region
[2022-06-13T02:53:51.898+0000][1][safepoint    ] Total time for which application threads were stopped: 0.0177367 seconds, Stopping threads took: 0.0003033 seconds
[2022-06-13T02:53:51.899+0000][1][gc           ] GC(9) Concurrent Sweep
[2022-06-13T02:53:51.907+0000][1][gc           ] GC(9) Concurrent Sweep 8.254ms
[2022-06-13T02:53:51.911+0000][1][gc,cpu       ] GC(9) User=0.03s Sys=0.02s Real=0.02s
[2022-06-13T02:53:51.913+0000][1][gc           ] GC(9) Concurrent Reset
[2022-06-13T02:53:51.917+0000][1][gc           ] GC(9) Concurrent Reset 4.714ms
[2022-06-13T02:53:51.918+0000][1][gc,cpu       ] GC(9) User=0.00s Sys=0.00s Real=0.00s
[2022-06-13T02:53:51.918+0000][1][gc,heap      ] GC(9) Old: 11382K->14061K(174784K)
[2022-06-13T02:53:52.132+0000][1][safepoint    ] Application time: 0.2334172 seconds
[2022-06-13T02:53:52.132+0000][1][safepoint    ] Entering safepoint region: RevokeBias
[2022-06-13T02:53:52.133+0000][1][safepoint    ] Leaving safepoint region
[2022-06-13T02:53:52.133+0000][1][safepoint    ] Total time for which application threads were stopped: 0.0010554 seconds, Stopping threads took: 0.0002292 seconds
[2022-06-13T02:53:52.290+0000][1][safepoint    ] Application time: 0.1561848 seconds
[2022-06-13T02:53:52.290+0000][1][safepoint    ] Entering safepoint region: Deoptimize
[2022-06-13T02:53:52.291+0000][1][safepoint    ] Leaving safepoint region
[2022-06-13T02:53:52.291+0000][1][safepoint    ] Total time for which application threads were stopped: 0.0010000 seconds, Stopping threads took: 0.0001734 seconds
[2022-06-13T02:53:52.379+0000][1][safepoint    ] Application time: 0.0875701 seconds
[2022-06-13T02:53:52.379+0000][1][safepoint    ] Entering safepoint region: Deoptimize
[2022-06-13T02:53:52.381+0000][1][safepoint    ] Leaving safepoint region
[2022-06-13T02:53:52.382+0000][1][safepoint    ] Total time for which application threads were stopped: 0.0028065 seconds, Stopping threads took: 0.0011915 seconds
[2022-06-13T02:53:52.396+0000][1][safepoint    ] Application time: 0.0135177 seconds
[2022-06-13T02:53:52.397+0000][1][safepoint    ] Entering safepoint region: Deoptimize
[2022-06-13T02:53:52.397+0000][1][safepoint    ] Leaving safepoint region
[2022-06-13T02:53:52.398+0000][1][safepoint    ] Total time for which application threads were stopped: 0.0018495 seconds, Stopping threads took: 0.0002433 seconds
[2022-06-13T02:53:52.405+0000][1][safepoint    ] Application time: 0.0059116 seconds
[2022-06-13T02:53:52.406+0000][1][safepoint    ] Entering safepoint region: Deoptimize
[2022-06-13T02:53:52.407+0000][1][safepoint    ] Leaving safepoint region
[2022-06-13T02:53:52.408+0000][1][safepoint    ] Total time for which application threads were stopped: 0.0016026 seconds, Stopping threads took: 0.0004902 seconds
[2022-06-13T02:53:52.509+0000][1][safepoint    ] Application time: 0.1014191 seconds
[2022-06-13T02:53:52.509+0000][1][safepoint    ] Entering safepoint region: GenCollectForAllocation
[2022-06-13T02:53:52.510+0000][1][gc,start     ] GC(12) Pause Young (Allocation Failure)
[2022-06-13T02:53:52.510+0000][1][gc,task      ] GC(12) Using 5 workers of 13 for evacuation
[2022-06-13T02:53:52.530+0000][1][gc,age       ] GC(12) Desired survivor size 4456448 bytes, new threshold 4 (max threshold 6)
[2022-06-13T02:53:52.530+0000][1][gc,age       ] GC(12) Age table with threshold 4 (max threshold 6)
[2022-06-13T02:53:52.530+0000][1][gc,age       ] GC(12) - age   1:    3628136 bytes,    3628136 total
[2022-06-13T02:53:52.530+0000][1][gc,age       ] GC(12) - age   2:     345232 bytes,    3973368 total
[2022-06-13T02:53:52.530+0000][1][gc,age       ] GC(12) - age   3:      99744 bytes,    4073112 total
[2022-06-13T02:53:52.530+0000][1][gc,age       ] GC(12) - age   4:     484304 bytes,    4557416 total
[2022-06-13T02:53:52.530+0000][1][gc,age       ] GC(12) - age   5:     509936 bytes,    5067352 total
[2022-06-13T02:53:52.531+0000][1][gc,age       ] GC(12) - age   6:    1129032 bytes,    6196384 total
[2022-06-13T02:53:52.531+0000][1][gc,heap      ] GC(12) ParNew: 76351K->7404K(78656K)
[2022-06-13T02:53:52.531+0000][1][gc,heap      ] GC(12) CMS: 14061K->14061K(174784K)
[2022-06-13T02:53:52.531+0000][1][gc,metaspace ] GC(12) Metaspace: 26486K->26486K(1073152K)
[2022-06-13T02:53:52.531+0000][1][gc           ] GC(12) Pause Young (Allocation Failure) 88M->20M(247M) 21.541ms
[2022-06-13T02:53:52.531+0000][1][gc,cpu       ] GC(12) User=0.07s Sys=0.00s Real=0.02s
[2022-06-13T02:53:52.532+0000][1][safepoint    ] Leaving safepoint region
[2022-06-13T02:53:52.532+0000][1][safepoint    ] Total time for which application threads were stopped: 0.0223076 seconds, Stopping threads took: 0.0001630 seconds
[2022-06-13T02:53:53.169+0000][1][safepoint    ] Application time: 0.6372416 seconds
[2022-06-13T02:53:53.189+0000][1][safepoint    ] Entering safepoint region: RevokeBias
[2022-06-13T02:53:53.190+0000][1][safepoint    ] Leaving safepoint region
[2022-06-13T02:53:53.190+0000][1][safepoint    ] Total time for which application threads were stopped: 0.0161877 seconds, Stopping threads took: 0.0154899 seconds
[2022-06-13T02:53:53.574+0000][1][safepoint    ] Application time: 0.3831753 seconds
[2022-06-13T02:53:53.589+0000][1][safepoint    ] Entering safepoint region: GenCollectForAllocation
[2022-06-13T02:53:53.600+0000][1][gc,start     ] GC(13) Pause Young (Allocation Failure)
[2022-06-13T02:53:53.601+0000][1][gc,task      ] GC(13) Using 5 workers of 13 for evacuation
[2022-06-13T02:53:53.671+0000][1][gc,age       ] GC(13) Desired survivor size 4456448 bytes, new threshold 1 (max threshold 6)
[2022-06-13T02:53:53.673+0000][1][gc,age       ] GC(13) Age table with threshold 1 (max threshold 6)
[2022-06-13T02:53:53.674+0000][1][gc,age       ] GC(13) - age   1:    5319160 bytes,    5319160 total
[2022-06-13T02:53:53.674+0000][1][gc,age       ] GC(13) - age   2:    3146808 bytes,    8465968 total
[2022-06-13T02:53:53.675+0000][1][gc,age       ] GC(13) - age   3:     345032 bytes,    8811000 total
[2022-06-13T02:53:53.676+0000][1][gc,age       ] GC(13) - age   4:      99744 bytes,    8910744 total
[2022-06-13T02:53:53.679+0000][1][gc,heap      ] GC(13) ParNew: 77356K->8704K(78656K)
[2022-06-13T02:53:53.680+0000][1][gc,heap      ] GC(13) CMS: 14061K->26281K(174784K)
[2022-06-13T02:53:53.680+0000][1][gc,metaspace ] GC(13) Metaspace: 27132K->27132K(1075200K)
[2022-06-13T02:53:53.680+0000][1][gc           ] GC(13) Pause Young (Allocation Failure) 89M->34M(247M) 80.145ms
[2022-06-13T02:53:53.680+0000][1][gc,cpu       ] GC(13) User=0.23s Sys=0.01s Real=0.08s
[2022-06-13T02:53:53.681+0000][1][safepoint    ] Leaving safepoint region
[2022-06-13T02:53:53.681+0000][1][safepoint    ] Total time for which application threads were stopped: 0.0977052 seconds, Stopping threads took: 0.0168680 seconds
[2022-06-13T02:53:53.861+0000][1][safepoint    ] Application time: 0.1805453 seconds
[2022-06-13T02:53:53.862+0000][1][safepoint    ] Entering safepoint region: Deoptimize
[2022-06-13T02:53:53.862+0000][1][safepoint    ] Leaving safepoint region
[2022-06-13T02:53:53.862+0000][1][safepoint    ] Total time for which application threads were stopped: 0.0008995 seconds, Stopping threads took: 0.0001817 seconds
[2022-06-13T02:53:54.568+0000][1][safepoint    ] Application time: 0.7049124 seconds
[2022-06-13T02:53:54.575+0000][1][safepoint    ] Entering safepoint region: GenCollectForAllocation
[2022-06-13T02:53:54.575+0000][1][gc,start     ] GC(14) Pause Young (Allocation Failure)
[2022-06-13T02:53:54.575+0000][1][gc,task      ] GC(14) Using 5 workers of 13 for evacuation
[2022-06-13T02:53:54.630+0000][1][gc,age       ] GC(14) Desired survivor size 4456448 bytes, new threshold 1 (max threshold 6)
[2022-06-13T02:53:54.630+0000][1][gc,age       ] GC(14) Age table with threshold 1 (max threshold 6)
[2022-06-13T02:53:54.631+0000][1][gc,age       ] GC(14) - age   1:    8912656 bytes,    8912656 total
[2022-06-13T02:53:54.633+0000][1][gc,heap      ] GC(14) ParNew: 78656K->8704K(78656K)
[2022-06-13T02:53:54.635+0000][1][gc,heap      ] GC(14) CMS: 26281K->39127K(174784K)
[2022-06-13T02:53:54.636+0000][1][gc,metaspace ] GC(14) Metaspace: 27255K->27255K(1075200K)
[2022-06-13T02:53:54.636+0000][1][gc           ] GC(14) Pause Young (Allocation Failure) 102M->46M(247M) 60.627ms
[2022-06-13T02:53:54.636+0000][1][gc,cpu       ] GC(14) User=0.35s Sys=0.00s Real=0.06s
[2022-06-13T02:53:54.636+0000][1][safepoint    ] Leaving safepoint region
[2022-06-13T02:53:54.636+0000][1][safepoint    ] Total time for which application threads were stopped: 0.0617724 seconds, Stopping threads took: 0.0004113 seconds
[2022-06-13T02:53:55.075+0000][1][safepoint    ] Application time: 0.4383488 seconds
[2022-06-13T02:53:55.083+0000][1][safepoint    ] Entering safepoint region: RevokeBias
[2022-06-13T02:53:55.083+0000][1][safepoint    ] Leaving safepoint region
[2022-06-13T02:53:55.083+0000][1][safepoint    ] Total time for which application threads were stopped: 0.0005503 seconds, Stopping threads took: 0.0002453 seconds
[2022-06-13T02:53:55.458+0000][1][safepoint    ] Application time: 0.3744284 seconds
[2022-06-13T02:53:55.459+0000][1][safepoint    ] Entering safepoint region: RevokeBias
[2022-06-13T02:53:55.460+0000][1][safepoint    ] Leaving safepoint region
[2022-06-13T02:53:55.460+0000][1][safepoint    ] Total time for which application threads were stopped: 0.0005684 seconds, Stopping threads took: 0.0002384 seconds
[2022-06-13T02:53:55.619+0000][1][safepoint    ] Application time: 0.1590803 seconds
[2022-06-13T02:53:55.626+0000][1][safepoint    ] Entering safepoint region: GenCollectForAllocation
[2022-06-13T02:53:55.627+0000][1][gc,start     ] GC(15) Pause Young (Allocation Failure)
[2022-06-13T02:53:55.627+0000][1][gc,task      ] GC(15) Using 5 workers of 13 for evacuation
[2022-06-13T02:53:55.655+0000][1][gc,age       ] GC(15) Desired survivor size 4456448 bytes, new threshold 1 (max threshold 6)
[2022-06-13T02:53:55.656+0000][1][gc,age       ] GC(15) Age table with threshold 1 (max threshold 6)
[2022-06-13T02:53:55.656+0000][1][gc,age       ] GC(15) - age   1:    7367464 bytes,    7367464 total
[2022-06-13T02:53:55.656+0000][1][gc,heap      ] GC(15) ParNew: 78638K->8704K(78656K)
[2022-06-13T02:53:55.656+0000][1][gc,heap      ] GC(15) CMS: 39127K->48433K(174784K)
[2022-06-13T02:53:55.656+0000][1][gc,metaspace ] GC(15) Metaspace: 32143K->32143K(1079296K)
[2022-06-13T02:53:55.656+0000][1][gc           ] GC(15) Pause Young (Allocation Failure) 115M->55M(247M) 29.916ms
[2022-06-13T02:53:55.657+0000][1][gc,cpu       ] GC(15) User=0.15s Sys=0.01s Real=0.03s
[2022-06-13T02:53:55.657+0000][1][safepoint    ] Leaving safepoint region
[2022-06-13T02:53:55.657+0000][1][safepoint    ] Total time for which application threads were stopped: 0.0309938 seconds, Stopping threads took: 0.0004903 seconds
[2022-06-13T02:53:55.791+0000][1][safepoint    ] Application time: 0.1335725 seconds
[2022-06-13T02:53:55.791+0000][1][safepoint    ] Entering safepoint region: GenCollectForAllocation
[2022-06-13T02:53:55.791+0000][1][gc,start     ] GC(16) Pause Young (Allocation Failure)
[2022-06-13T02:53:55.791+0000][1][gc,task      ] GC(16) Using 5 workers of 13 for evacuation
[2022-06-13T02:53:55.800+0000][1][gc,age       ] GC(16) Desired survivor size 4456448 bytes, new threshold 6 (max threshold 6)
[2022-06-13T02:53:55.800+0000][1][gc,age       ] GC(16) Age table with threshold 6 (max threshold 6)
[2022-06-13T02:53:55.800+0000][1][gc,age       ] GC(16) - age   1:     364264 bytes,     364264 total
[2022-06-13T02:53:55.804+0000][1][gc,heap      ] GC(16) ParNew: 78656K->7522K(78656K)
[2022-06-13T02:53:55.805+0000][1][gc,heap      ] GC(16) CMS: 48433K->55684K(174784K)
[2022-06-13T02:53:55.805+0000][1][gc,metaspace ] GC(16) Metaspace: 32993K->32993K(1079296K)
[2022-06-13T02:53:55.805+0000][1][gc           ] GC(16) Pause Young (Allocation Failure) 124M->61M(247M) 13.642ms
[2022-06-13T02:53:55.805+0000][1][gc,cpu       ] GC(16) User=0.05s Sys=0.00s Real=0.01s
[2022-06-13T02:53:55.805+0000][1][safepoint    ] Leaving safepoint region
[2022-06-13T02:53:55.806+0000][1][safepoint    ] Total time for which application threads were stopped: 0.0145284 seconds, Stopping threads took: 0.0002043 seconds
[2022-06-13T02:53:56.109+0000][1][safepoint    ] Application time: 0.3034280 seconds
[2022-06-13T02:53:56.110+0000][1][safepoint    ] Entering safepoint region: CollectForMetadataAllocation
[2022-06-13T02:53:56.110+0000][1][safepoint    ] Leaving safepoint region
[2022-06-13T02:53:56.111+0000][1][safepoint    ] Total time for which application threads were stopped: 0.0012060 seconds, Stopping threads took: 0.0003145 seconds
[2022-06-13T02:53:56.156+0000][1][safepoint    ] Application time: 0.0451951 seconds
[2022-06-13T02:53:56.158+0000][1][safepoint    ] Entering safepoint region: CollectForMetadataAllocation
[2022-06-13T02:53:56.158+0000][1][safepoint    ] Leaving safepoint region
[2022-06-13T02:53:56.160+0000][1][safepoint    ] Total time for which application threads were stopped: 0.0023218 seconds, Stopping threads took: 0.0002119 seconds
[2022-06-13T02:53:56.181+0000][1][safepoint    ] Application time: 0.0211312 seconds
[2022-06-13T02:53:56.182+0000][1][safepoint    ] Entering safepoint region: CollectForMetadataAllocation
[2022-06-13T02:53:56.183+0000][1][safepoint    ] Leaving safepoint region
[2022-06-13T02:53:56.184+0000][1][safepoint    ] Total time for which application threads were stopped: 0.0016449 seconds, Stopping threads took: 0.0002922 seconds
[2022-06-13T02:53:56.207+0000][1][safepoint    ] Application time: 0.0232369 seconds
[2022-06-13T02:53:56.216+0000][1][safepoint    ] Entering safepoint region: CollectForMetadataAllocation
[2022-06-13T02:53:56.217+0000][1][safepoint    ] Leaving safepoint region
[2022-06-13T02:53:56.217+0000][1][safepoint    ] Total time for which application threads were stopped: 0.0012659 seconds, Stopping threads took: 0.0009041 seconds
[2022-06-13T02:53:56.245+0000][1][safepoint    ] Application time: 0.0265936 seconds
[2022-06-13T02:53:56.245+0000][1][safepoint    ] Entering safepoint region: CollectForMetadataAllocation
[2022-06-13T02:53:56.247+0000][1][safepoint    ] Leaving safepoint region
[2022-06-13T02:53:56.248+0000][1][safepoint    ] Total time for which application threads were stopped: 0.0027167 seconds, Stopping threads took: 0.0005093 seconds
[2022-06-13T02:53:56.279+0000][1][safepoint    ] Application time: 0.0284787 seconds
[2022-06-13T02:53:56.280+0000][1][safepoint    ] Entering safepoint region: CollectForMetadataAllocation
[2022-06-13T02:53:56.281+0000][1][safepoint    ] Leaving safepoint region
[2022-06-13T02:53:56.282+0000][1][safepoint    ] Total time for which application threads were stopped: 0.0015224 seconds, Stopping threads took: 0.0004090 seconds
[2022-06-13T02:53:56.301+0000][1][safepoint    ] Application time: 0.0192219 seconds
[2022-06-13T02:53:56.301+0000][1][safepoint    ] Entering safepoint region: CollectForMetadataAllocation
[2022-06-13T02:53:56.302+0000][1][safepoint    ] Leaving safepoint region
[2022-06-13T02:53:56.309+0000][1][safepoint    ] Total time for which application threads were stopped: 0.0078733 seconds, Stopping threads took: 0.0002075 seconds
[2022-06-13T02:53:56.347+0000][1][safepoint    ] Application time: 0.0282780 seconds
[2022-06-13T02:53:56.348+0000][1][safepoint    ] Entering safepoint region: CollectForMetadataAllocation
[2022-06-13T02:53:56.348+0000][1][safepoint    ] Leaving safepoint region
[2022-06-13T02:53:56.348+0000][1][safepoint    ] Total time for which application threads were stopped: 0.0005929 seconds, Stopping threads took: 0.0001983 seconds
[2022-06-13T02:53:56.376+0000][1][safepoint    ] Application time: 0.0274472 seconds
[2022-06-13T02:53:56.380+0000][1][safepoint    ] Entering safepoint region: CollectForMetadataAllocation
[2022-06-13T02:53:56.382+0000][1][safepoint    ] Leaving safepoint region
[2022-06-13T02:53:56.382+0000][1][safepoint    ] Total time for which application threads were stopped: 0.0014424 seconds, Stopping threads took: 0.0004648 seconds
[2022-06-13T02:53:56.419+0000][1][safepoint    ] Application time: 0.0370775 seconds
[2022-06-13T02:53:56.421+0000][1][safepoint    ] Entering safepoint region: CollectForMetadataAllocation
[2022-06-13T02:53:56.422+0000][1][safepoint    ] Leaving safepoint region
[2022-06-13T02:53:56.422+0000][1][safepoint    ] Total time for which application threads were stopped: 0.0017931 seconds, Stopping threads took: 0.0012371 seconds
[2022-06-13T02:53:56.424+0000][1][safepoint    ] Application time: 0.0010304 seconds
[2022-06-13T02:53:56.424+0000][1][safepoint    ] Entering safepoint region: RevokeBias
[2022-06-13T02:53:56.427+0000][1][safepoint    ] Leaving safepoint region
[2022-06-13T02:53:56.427+0000][1][safepoint    ] Total time for which application threads were stopped: 0.0037018 seconds, Stopping threads took: 0.0006418 seconds
[2022-06-13T02:53:56.473+0000][1][safepoint    ] Application time: 0.0452121 seconds
[2022-06-13T02:53:56.473+0000][1][safepoint    ] Entering safepoint region: CollectForMetadataAllocation
[2022-06-13T02:53:56.473+0000][1][safepoint    ] Leaving safepoint region
[2022-06-13T02:53:56.474+0000][1][safepoint    ] Total time for which application threads were stopped: 0.0004792 seconds, Stopping threads took: 0.0002216 seconds
[2022-06-13T02:53:56.507+0000][1][safepoint    ] Application time: 0.0333537 seconds
[2022-06-13T02:53:56.507+0000][1][safepoint    ] Entering safepoint region: CollectForMetadataAllocation
[2022-06-13T02:53:56.508+0000][1][safepoint    ] Leaving safepoint region
[2022-06-13T02:53:56.508+0000][1][safepoint    ] Total time for which application threads were stopped: 0.0005053 seconds, Stopping threads took: 0.0001859 seconds
[2022-06-13T02:53:56.526+0000][1][safepoint    ] Application time: 0.0183000 seconds
[2022-06-13T02:53:56.527+0000][1][safepoint    ] Entering safepoint region: CollectForMetadataAllocation
[2022-06-13T02:53:56.527+0000][1][safepoint    ] Leaving safepoint region
[2022-06-13T02:53:56.527+0000][1][safepoint    ] Total time for which application threads were stopped: 0.0005526 seconds, Stopping threads took: 0.0002238 seconds
[2022-06-13T02:53:56.550+0000][1][safepoint    ] Application time: 0.0227658 seconds
[2022-06-13T02:53:56.551+0000][1][safepoint    ] Entering safepoint region: CollectForMetadataAllocation
[2022-06-13T02:53:56.551+0000][1][safepoint    ] Leaving safepoint region
[2022-06-13T02:53:56.551+0000][1][safepoint    ] Total time for which application threads were stopped: 0.0004989 seconds, Stopping threads took: 0.0001672 seconds
[2022-06-13T02:53:56.571+0000][1][safepoint    ] Application time: 0.0201326 seconds
[2022-06-13T02:53:56.572+0000][1][safepoint    ] Entering safepoint region: CollectForMetadataAllocation
[2022-06-13T02:53:56.573+0000][1][safepoint    ] Leaving safepoint region
[2022-06-13T02:53:56.573+0000][1][safepoint    ] Total time for which application threads were stopped: 0.0017877 seconds, Stopping threads took: 0.0002134 seconds
[2022-06-13T02:53:56.612+0000][1][safepoint    ] Application time: 0.0384953 seconds
[2022-06-13T02:53:56.613+0000][1][safepoint    ] Entering safepoint region: CollectForMetadataAllocation
[2022-06-13T02:53:56.614+0000][1][safepoint    ] Leaving safepoint region
[2022-06-13T02:53:56.614+0000][1][safepoint    ] Total time for which application threads were stopped: 0.0012460 seconds, Stopping threads took: 0.0004891 seconds
[2022-06-13T02:53:56.637+0000][1][safepoint    ] Application time: 0.0223871 seconds
[2022-06-13T02:53:56.637+0000][1][safepoint    ] Entering safepoint region: CollectForMetadataAllocation
[2022-06-13T02:53:56.638+0000][1][safepoint    ] Leaving safepoint region
[2022-06-13T02:53:56.638+0000][1][safepoint    ] Total time for which application threads were stopped: 0.0006777 seconds, Stopping threads took: 0.0003072 seconds
[2022-06-13T02:53:56.652+0000][1][safepoint    ] Application time: 0.0143421 seconds
[2022-06-13T02:53:56.653+0000][1][safepoint    ] Entering safepoint region: CollectForMetadataAllocation
[2022-06-13T02:53:56.653+0000][1][safepoint    ] Leaving safepoint region
[2022-06-13T02:53:56.653+0000][1][safepoint    ] Total time for which application threads were stopped: 0.0004833 seconds, Stopping threads took: 0.0001625 seconds
[2022-06-13T02:53:56.681+0000][1][safepoint    ] Application time: 0.0281492 seconds
[2022-06-13T02:53:56.682+0000][1][safepoint    ] Entering safepoint region: CollectForMetadataAllocation
[2022-06-13T02:53:56.682+0000][1][safepoint    ] Leaving safepoint region
[2022-06-13T02:53:56.682+0000][1][safepoint    ] Total time for which application threads were stopped: 0.0006569 seconds, Stopping threads took: 0.0001527 seconds
[2022-06-13T02:53:56.712+0000][1][safepoint    ] Application time: 0.0293812 seconds
[2022-06-13T02:53:56.712+0000][1][safepoint    ] Entering safepoint region: CollectForMetadataAllocation
[2022-06-13T02:53:56.713+0000][1][safepoint    ] Leaving safepoint region
[2022-06-13T02:53:56.713+0000][1][safepoint    ] Total time for which application threads were stopped: 0.0009314 seconds, Stopping threads took: 0.0002497 seconds
[2022-06-13T02:53:56.742+0000][1][safepoint    ] Application time: 0.0282998 seconds
[2022-06-13T02:53:56.742+0000][1][safepoint    ] Entering safepoint region: CollectForMetadataAllocation
[2022-06-13T02:53:56.743+0000][1][safepoint    ] Leaving safepoint region
[2022-06-13T02:53:56.743+0000][1][safepoint    ] Total time for which application threads were stopped: 0.0008398 seconds, Stopping threads took: 0.0003748 seconds
[2022-06-13T02:53:56.758+0000][1][safepoint    ] Application time: 0.0151281 seconds
[2022-06-13T02:53:56.759+0000][1][safepoint    ] Entering safepoint region: CollectForMetadataAllocation
[2022-06-13T02:53:56.759+0000][1][safepoint    ] Leaving safepoint region
[2022-06-13T02:53:56.759+0000][1][safepoint    ] Total time for which application threads were stopped: 0.0006083 seconds, Stopping threads took: 0.0002472 seconds
[2022-06-13T02:53:56.785+0000][1][safepoint    ] Application time: 0.0260494 seconds
[2022-06-13T02:53:56.786+0000][1][safepoint    ] Entering safepoint region: CollectForMetadataAllocation
[2022-06-13T02:53:56.786+0000][1][safepoint    ] Leaving safepoint region
[2022-06-13T02:53:56.786+0000][1][safepoint    ] Total time for which application threads were stopped: 0.0005368 seconds, Stopping threads took: 0.0002097 seconds
[2022-06-13T02:53:56.813+0000][1][safepoint    ] Application time: 0.0262204 seconds
[2022-06-13T02:53:56.813+0000][1][safepoint    ] Entering safepoint region: CollectForMetadataAllocation
[2022-06-13T02:53:56.813+0000][1][safepoint    ] Leaving safepoint region
[2022-06-13T02:53:56.813+0000][1][safepoint    ] Total time for which application threads were stopped: 0.0005350 seconds, Stopping threads took: 0.0002110 seconds
[2022-06-13T02:53:56.836+0000][1][safepoint    ] Application time: 0.0224974 seconds
[2022-06-13T02:53:56.836+0000][1][safepoint    ] Entering safepoint region: CollectForMetadataAllocation
[2022-06-13T02:53:56.838+0000][1][safepoint    ] Leaving safepoint region
[2022-06-13T02:53:56.838+0000][1][safepoint    ] Total time for which application threads were stopped: 0.0014674 seconds, Stopping threads took: 0.0004600 seconds
[2022-06-13T02:53:56.868+0000][1][safepoint    ] Application time: 0.0298365 seconds
[2022-06-13T02:53:56.868+0000][1][safepoint    ] Entering safepoint region: CollectForMetadataAllocation
[2022-06-13T02:53:56.868+0000][1][safepoint    ] Leaving safepoint region
[2022-06-13T02:53:56.869+0000][1][safepoint    ] Total time for which application threads were stopped: 0.0006933 seconds, Stopping threads took: 0.0001858 seconds
[2022-06-13T02:53:56.907+0000][1][safepoint    ] Application time: 0.0385187 seconds
[2022-06-13T02:53:56.908+0000][1][safepoint    ] Entering safepoint region: CollectForMetadataAllocation
[2022-06-13T02:53:56.909+0000][1][safepoint    ] Leaving safepoint region
[2022-06-13T02:53:56.910+0000][1][safepoint    ] Total time for which application threads were stopped: 0.0018862 seconds, Stopping threads took: 0.0006294 seconds
[2022-06-13T02:53:57.189+0000][1][safepoint    ] Application time: 0.2775486 seconds
[2022-06-13T02:53:57.189+0000][1][safepoint    ] Entering safepoint region: CollectForMetadataAllocation
[2022-06-13T02:53:57.189+0000][1][safepoint    ] Leaving safepoint region
[2022-06-13T02:53:57.190+0000][1][safepoint    ] Total time for which application threads were stopped: 0.0005703 seconds, Stopping threads took: 0.0002256 seconds
[2022-06-13T02:53:57.439+0000][1][safepoint    ] Application time: 0.2491527 seconds
[2022-06-13T02:53:57.439+0000][1][safepoint    ] Entering safepoint region: CollectForMetadataAllocation
[2022-06-13T02:53:57.439+0000][1][safepoint    ] Leaving safepoint region
[2022-06-13T02:53:57.440+0000][1][safepoint    ] Total time for which application threads were stopped: 0.0010363 seconds, Stopping threads took: 0.0002486 seconds
[2022-06-13T02:53:57.441+0000][1][safepoint    ] Application time: 0.0012092 seconds
[2022-06-13T02:53:57.442+0000][1][safepoint    ] Entering safepoint region: GenCollectForAllocation
[2022-06-13T02:53:57.442+0000][1][gc,start     ] GC(17) Pause Young (Allocation Failure)
[2022-06-13T02:53:57.442+0000][1][gc,task      ] GC(17) Using 5 workers of 13 for evacuation
[2022-06-13T02:53:57.446+0000][1][gc,age       ] GC(17) Desired survivor size 4456448 bytes, new threshold 6 (max threshold 6)
[2022-06-13T02:53:57.446+0000][1][gc,age       ] GC(17) Age table with threshold 6 (max threshold 6)
[2022-06-13T02:53:57.446+0000][1][gc,age       ] GC(17) - age   1:    3767256 bytes,    3767256 total
[2022-06-13T02:53:57.446+0000][1][gc,age       ] GC(17) - age   2:     324400 bytes,    4091656 total
[2022-06-13T02:53:57.446+0000][1][gc,heap      ] GC(17) ParNew: 77474K->5063K(78656K)
[2022-06-13T02:53:57.447+0000][1][gc,heap      ] GC(17) CMS: 55684K->55684K(174784K)
[2022-06-13T02:53:57.447+0000][1][gc,metaspace ] GC(17) Metaspace: 42343K->42343K(1089536K)
[2022-06-13T02:53:57.447+0000][1][gc           ] GC(17) Pause Young (Allocation Failure) 130M->59M(247M) 5.048ms
[2022-06-13T02:53:57.447+0000][1][gc,cpu       ] GC(17) User=0.02s Sys=0.00s Real=0.00s
[2022-06-13T02:53:57.447+0000][1][safepoint    ] Leaving safepoint region
[2022-06-13T02:53:57.447+0000][1][safepoint    ] Total time for which application threads were stopped: 0.0056486 seconds, Stopping threads took: 0.0001404 seconds
[2022-06-13T02:53:57.448+0000][1][safepoint    ] Application time: 0.0001699 seconds
[2022-06-13T02:53:57.448+0000][1][safepoint    ] Entering safepoint region: CMS_Initial_Mark
[2022-06-13T02:53:57.448+0000][1][gc,start     ] GC(18) Pause Initial Mark
[2022-06-13T02:53:57.449+0000][1][gc           ] GC(18) Pause Initial Mark 60M->60M(247M) 1.462ms
[2022-06-13T02:53:57.450+0000][1][gc,cpu       ] GC(18) User=0.00s Sys=0.00s Real=0.01s
[2022-06-13T02:53:57.450+0000][1][safepoint    ] Leaving safepoint region
[2022-06-13T02:53:57.450+0000][1][safepoint    ] Total time for which application threads were stopped: 0.0021380 seconds, Stopping threads took: 0.0002067 seconds
[2022-06-13T02:53:57.450+0000][1][gc           ] GC(18) Concurrent Mark
[2022-06-13T02:53:57.450+0000][1][gc,task      ] GC(18) Using 4 workers of 4 for marking
[2022-06-13T02:53:57.473+0000][1][gc           ] GC(18) Concurrent Mark 22.523ms
[2022-06-13T02:53:57.473+0000][1][gc,cpu       ] GC(18) User=0.12s Sys=0.00s Real=0.02s
[2022-06-13T02:53:57.473+0000][1][gc           ] GC(18) Concurrent Preclean
[2022-06-13T02:53:57.475+0000][1][gc           ] GC(18) Concurrent Preclean 1.933ms
[2022-06-13T02:53:57.475+0000][1][gc,cpu       ] GC(18) User=0.00s Sys=0.00s Real=0.00s
[2022-06-13T02:53:57.475+0000][1][gc           ] GC(18) Concurrent Abortable Preclean
[2022-06-13T02:53:57.479+0000][1][safepoint    ] Application time: 0.0291011 seconds
[2022-06-13T02:53:57.481+0000][1][safepoint    ] Entering safepoint region: CollectForMetadataAllocation
[2022-06-13T02:53:57.481+0000][1][safepoint    ] Leaving safepoint region
[2022-06-13T02:53:57.482+0000][1][safepoint    ] Total time for which application threads were stopped: 0.0007053 seconds, Stopping threads took: 0.0004199 seconds
[2022-06-13T02:53:57.598+0000][1][safepoint    ] Application time: 0.1163513 seconds
[2022-06-13T02:53:57.599+0000][1][safepoint    ] Entering safepoint region: CollectForMetadataAllocation
[2022-06-13T02:53:57.599+0000][1][safepoint    ] Leaving safepoint region
[2022-06-13T02:53:57.599+0000][1][safepoint    ] Total time for which application threads were stopped: 0.0007147 seconds, Stopping threads took: 0.0002730 seconds
[2022-06-13T02:53:57.717+0000][1][safepoint    ] Application time: 0.1173639 seconds
[2022-06-13T02:53:57.718+0000][1][safepoint    ] Entering safepoint region: CollectForMetadataAllocation
[2022-06-13T02:53:57.718+0000][1][safepoint    ] Leaving safepoint region
[2022-06-13T02:53:57.719+0000][1][safepoint    ] Total time for which application threads were stopped: 0.0006143 seconds, Stopping threads took: 0.0001946 seconds
[2022-06-13T02:53:57.749+0000][1][safepoint    ] Application time: 0.0305737 seconds
[2022-06-13T02:53:57.755+0000][1][safepoint    ] Entering safepoint region: CollectForMetadataAllocation
[2022-06-13T02:53:57.757+0000][1][safepoint    ] Leaving safepoint region
[2022-06-13T02:53:57.757+0000][1][safepoint    ] Total time for which application threads were stopped: 0.0019855 seconds, Stopping threads took: 0.0016718 seconds
[2022-06-13T02:53:57.800+0000][1][gc           ] GC(18) Concurrent Abortable Preclean 324.906ms
[2022-06-13T02:53:57.804+0000][1][safepoint    ] Application time: 0.0410483 seconds
[2022-06-13T02:53:57.810+0000][1][safepoint    ] Entering safepoint region: CollectForMetadataAllocation
[2022-06-13T02:53:57.810+0000][1][safepoint    ] Leaving safepoint region
[2022-06-13T02:53:57.813+0000][1][safepoint    ] Total time for which application threads were stopped: 0.0031064 seconds, Stopping threads took: 0.0004608 seconds
[2022-06-13T02:53:57.809+0000][1][gc,cpu       ] GC(18) User=1.27s Sys=0.06s Real=0.33s
[2022-06-13T02:53:57.819+0000][1][safepoint    ] Application time: 0.0058141 seconds
[2022-06-13T02:53:57.820+0000][1][safepoint    ] Entering safepoint region: CMS_Final_Remark
[2022-06-13T02:53:57.826+0000][1][gc,start     ] GC(18) Pause Remark
[2022-06-13T02:53:57.855+0000][1][gc           ] GC(18) Pause Remark 96M->96M(247M) 28.305ms
[2022-06-13T02:53:57.855+0000][1][gc,cpu       ] GC(18) User=0.07s Sys=0.00s Real=0.03s
[2022-06-13T02:53:57.858+0000][1][safepoint    ] Leaving safepoint region
[2022-06-13T02:53:57.858+0000][1][safepoint    ] Total time for which application threads were stopped: 0.0380800 seconds, Stopping threads took: 0.0067096 seconds
[2022-06-13T02:53:57.865+0000][1][gc           ] GC(18) Concurrent Sweep
[2022-06-13T02:53:57.890+0000][1][gc           ] GC(18) Concurrent Sweep 25.556ms
[2022-06-13T02:53:57.891+0000][1][gc,cpu       ] GC(18) User=0.08s Sys=0.00s Real=0.03s
[2022-06-13T02:53:57.891+0000][1][gc           ] GC(18) Concurrent Reset
[2022-06-13T02:53:57.891+0000][1][gc           ] GC(18) Concurrent Reset 0.453ms
[2022-06-13T02:53:57.891+0000][1][gc,cpu       ] GC(18) User=0.00s Sys=0.00s Real=0.00s
[2022-06-13T02:53:57.893+0000][1][gc,heap      ] GC(18) Old: 55684K->55467K(174784K)
[2022-06-13T02:53:57.909+0000][1][safepoint    ] Application time: 0.0505374 seconds
[2022-06-13T02:53:57.911+0000][1][safepoint    ] Entering safepoint region: RevokeBias
[2022-06-13T02:53:57.914+0000][1][safepoint    ] Leaving safepoint region
[2022-06-13T02:53:57.915+0000][1][safepoint    ] Total time for which application threads were stopped: 0.0037050 seconds, Stopping threads took: 0.0020952 seconds
[2022-06-13T02:53:57.969+0000][1][safepoint    ] Application time: 0.0542697 seconds
[2022-06-13T02:53:57.969+0000][1][safepoint    ] Entering safepoint region: RevokeBias
[2022-06-13T02:53:57.970+0000][1][safepoint    ] Leaving safepoint region
[2022-06-13T02:53:57.970+0000][1][safepoint    ] Total time for which application threads were stopped: 0.0004144 seconds, Stopping threads took: 0.0001972 seconds
[2022-06-13T02:53:57.989+0000][1][safepoint    ] Application time: 0.0182475 seconds
[2022-06-13T02:53:57.992+0000][1][safepoint    ] Entering safepoint region: RevokeBias
[2022-06-13T02:53:57.992+0000][1][safepoint    ] Leaving safepoint region
[2022-06-13T02:53:57.993+0000][1][safepoint    ] Total time for which application threads were stopped: 0.0012541 seconds, Stopping threads took: 0.0002591 seconds
[2022-06-13T02:53:58.004+0000][1][safepoint    ] Application time: 0.0100223 seconds
[2022-06-13T02:53:58.005+0000][1][safepoint    ] Entering safepoint region: RevokeBias
[2022-06-13T02:53:58.007+0000][1][safepoint    ] Leaving safepoint region
[2022-06-13T02:53:58.007+0000][1][safepoint    ] Total time for which application threads were stopped: 0.0016797 seconds, Stopping threads took: 0.0010913 seconds
[2022-06-13T02:53:58.193+0000][1][safepoint    ] Application time: 0.1860831 seconds
[2022-06-13T02:53:58.194+0000][1][safepoint    ] Entering safepoint region: RevokeBias
[2022-06-13T02:53:58.194+0000][1][safepoint    ] Leaving safepoint region
[2022-06-13T02:53:58.195+0000][1][safepoint    ] Total time for which application threads were stopped: 0.0014031 seconds, Stopping threads took: 0.0003591 seconds
[2022-06-13T02:53:58.196+0000][1][safepoint    ] Application time: 0.0001066 seconds
[2022-06-13T02:53:58.196+0000][1][safepoint    ] Entering safepoint region: RevokeBias
[2022-06-13T02:53:58.196+0000][1][safepoint    ] Leaving safepoint region
[2022-06-13T02:53:58.196+0000][1][safepoint    ] Total time for which application threads were stopped: 0.0003705 seconds, Stopping threads took: 0.0001368 seconds
[2022-06-13T02:53:58.196+0000][1][safepoint    ] Application time: 0.0003249 seconds
[2022-06-13T02:53:58.197+0000][1][safepoint    ] Entering safepoint region: RevokeBias
[2022-06-13T02:53:58.197+0000][1][safepoint    ] Leaving safepoint region
[2022-06-13T02:53:58.197+0000][1][safepoint    ] Total time for which application threads were stopped: 0.0005829 seconds, Stopping threads took: 0.0002716 seconds
[2022-06-13T02:53:58.197+0000][1][safepoint    ] Application time: 0.0000530 seconds
[2022-06-13T02:53:58.198+0000][1][safepoint    ] Entering safepoint region: RevokeBias
[2022-06-13T02:53:58.198+0000][1][safepoint    ] Leaving safepoint region
[2022-06-13T02:53:58.198+0000][1][safepoint    ] Total time for which application threads were stopped: 0.0003145 seconds, Stopping threads took: 0.0001248 seconds
[2022-06-13T02:53:58.262+0000][1][safepoint    ] Application time: 0.0640924 seconds
[2022-06-13T02:53:58.263+0000][1][safepoint    ] Entering safepoint region: RevokeBias
[2022-06-13T02:53:58.264+0000][1][safepoint    ] Leaving safepoint region
[2022-06-13T02:53:58.264+0000][1][safepoint    ] Total time for which application threads were stopped: 0.0012421 seconds, Stopping threads took: 0.0007232 seconds
[2022-06-13T02:53:58.264+0000][1][safepoint    ] Application time: 0.0003876 seconds
[2022-06-13T02:53:58.265+0000][1][safepoint    ] Entering safepoint region: RevokeBias
[2022-06-13T02:53:58.265+0000][1][safepoint    ] Leaving safepoint region
[2022-06-13T02:53:58.265+0000][1][safepoint    ] Total time for which application threads were stopped: 0.0007667 seconds, Stopping threads took: 0.0003921 seconds
[2022-06-13T02:53:58.266+0000][1][safepoint    ] Application time: 0.0004208 seconds
[2022-06-13T02:53:58.266+0000][1][safepoint    ] Entering safepoint region: RevokeBias
[2022-06-13T02:53:58.266+0000][1][safepoint    ] Leaving safepoint region
[2022-06-13T02:53:58.267+0000][1][safepoint    ] Total time for which application threads were stopped: 0.0004011 seconds, Stopping threads took: 0.0001602 seconds
[2022-06-13T02:53:58.267+0000][1][safepoint    ] Application time: 0.0003928 seconds
[2022-06-13T02:53:58.267+0000][1][safepoint    ] Entering safepoint region: RevokeBias
[2022-06-13T02:53:58.268+0000][1][safepoint    ] Leaving safepoint region
[2022-06-13T02:53:58.268+0000][1][safepoint    ] Total time for which application threads were stopped: 0.0004649 seconds, Stopping threads took: 0.0002668 seconds
[2022-06-13T02:53:58.268+0000][1][safepoint    ] Application time: 0.0003527 seconds
[2022-06-13T02:53:58.269+0000][1][safepoint    ] Entering safepoint region: RevokeBias
[2022-06-13T02:53:58.271+0000][1][safepoint    ] Leaving safepoint region
[2022-06-13T02:53:58.271+0000][1][safepoint    ] Total time for which application threads were stopped: 0.0024312 seconds, Stopping threads took: 0.0012117 seconds
[2022-06-13T02:53:58.273+0000][1][safepoint    ] Application time: 0.0008868 seconds
[2022-06-13T02:53:58.273+0000][1][safepoint    ] Entering safepoint region: RevokeBias
[2022-06-13T02:53:58.274+0000][1][safepoint    ] Leaving safepoint region
[2022-06-13T02:53:58.274+0000][1][safepoint    ] Total time for which application threads were stopped: 0.0004836 seconds, Stopping threads took: 0.0002405 seconds
[2022-06-13T02:53:58.274+0000][1][safepoint    ] Application time: 0.0003400 seconds
[2022-06-13T02:53:58.275+0000][1][safepoint    ] Entering safepoint region: RevokeBias
[2022-06-13T02:53:58.275+0000][1][safepoint    ] Leaving safepoint region
[2022-06-13T02:53:58.275+0000][1][safepoint    ] Total time for which application threads were stopped: 0.0005909 seconds, Stopping threads took: 0.0003857 seconds
[2022-06-13T02:53:58.275+0000][1][safepoint    ] Application time: 0.0000420 seconds
[2022-06-13T02:53:58.276+0000][1][safepoint    ] Entering safepoint region: RevokeBias
[2022-06-13T02:53:58.276+0000][1][safepoint    ] Leaving safepoint region
[2022-06-13T02:53:58.277+0000][1][safepoint    ] Total time for which application threads were stopped: 0.0004395 seconds, Stopping threads took: 0.0002086 seconds
[2022-06-13T02:53:58.277+0000][1][safepoint    ] Application time: 0.0005080 seconds
[2022-06-13T02:53:58.277+0000][1][safepoint    ] Entering safepoint region: RevokeBias
[2022-06-13T02:53:58.277+0000][1][safepoint    ] Leaving safepoint region
[2022-06-13T02:53:58.278+0000][1][safepoint    ] Total time for which application threads were stopped: 0.0002859 seconds, Stopping threads took: 0.0001061 seconds
[2022-06-13T02:53:58.278+0000][1][safepoint    ] Application time: 0.0000417 seconds
[2022-06-13T02:53:58.278+0000][1][safepoint    ] Entering safepoint region: RevokeBias
[2022-06-13T02:53:58.278+0000][1][safepoint    ] Leaving safepoint region
[2022-06-13T02:53:58.278+0000][1][safepoint    ] Total time for which application threads were stopped: 0.0003587 seconds, Stopping threads took: 0.0001595 seconds
[2022-06-13T02:53:58.278+0000][1][safepoint    ] Application time: 0.0000357 seconds
[2022-06-13T02:53:58.278+0000][1][safepoint    ] Entering safepoint region: RevokeBias
[2022-06-13T02:53:58.279+0000][1][safepoint    ] Leaving safepoint region
[2022-06-13T02:53:58.279+0000][1][safepoint    ] Total time for which application threads were stopped: 0.0005217 seconds, Stopping threads took: 0.0001160 seconds
[2022-06-13T02:53:58.279+0000][1][safepoint    ] Application time: 0.0002845 seconds
[2022-06-13T02:53:58.280+0000][1][safepoint    ] Entering safepoint region: RevokeBias
[2022-06-13T02:53:58.281+0000][1][safepoint    ] Leaving safepoint region
[2022-06-13T02:53:58.281+0000][1][safepoint    ] Total time for which application threads were stopped: 0.0004858 seconds, Stopping threads took: 0.0002617 seconds
[2022-06-13T02:53:58.281+0000][1][safepoint    ] Application time: 0.0000844 seconds
[2022-06-13T02:53:58.281+0000][1][safepoint    ] Entering safepoint region: RevokeBias
[2022-06-13T02:53:58.282+0000][1][safepoint    ] Leaving safepoint region
[2022-06-13T02:53:58.282+0000][1][safepoint    ] Total time for which application threads were stopped: 0.0005812 seconds, Stopping threads took: 0.0003369 seconds
[2022-06-13T02:53:58.282+0000][1][safepoint    ] Application time: 0.0000487 seconds
[2022-06-13T02:53:58.282+0000][1][safepoint    ] Entering safepoint region: RevokeBias
[2022-06-13T02:53:58.283+0000][1][safepoint    ] Leaving safepoint region
[2022-06-13T02:53:58.283+0000][1][safepoint    ] Total time for which application threads were stopped: 0.0002872 seconds, Stopping threads took: 0.0001147 seconds
[2022-06-13T02:53:58.283+0000][1][safepoint    ] Application time: 0.0000273 seconds
[2022-06-13T02:53:58.283+0000][1][safepoint    ] Entering safepoint region: RevokeBias
[2022-06-13T02:53:58.283+0000][1][safepoint    ] Leaving safepoint region
[2022-06-13T02:53:58.283+0000][1][safepoint    ] Total time for which application threads were stopped: 0.0003698 seconds, Stopping threads took: 0.0001783 seconds
[2022-06-13T02:53:58.284+0000][1][safepoint    ] Application time: 0.0000402 seconds
[2022-06-13T02:53:58.284+0000][1][safepoint    ] Entering safepoint region: RevokeBias
[2022-06-13T02:53:58.284+0000][1][safepoint    ] Leaving safepoint region
[2022-06-13T02:53:58.284+0000][1][safepoint    ] Total time for which application threads were stopped: 0.0003277 seconds, Stopping threads took: 0.0001485 seconds
[2022-06-13T02:53:58.284+0000][1][safepoint    ] Application time: 0.0000878 seconds
[2022-06-13T02:53:58.284+0000][1][safepoint    ] Entering safepoint region: RevokeBias
[2022-06-13T02:53:58.285+0000][1][safepoint    ] Leaving safepoint region
[2022-06-13T02:53:58.285+0000][1][safepoint    ] Total time for which application threads were stopped: 0.0003305 seconds, Stopping threads took: 0.0001386 seconds
[2022-06-13T02:53:58.285+0000][1][safepoint    ] Application time: 0.0000690 seconds
[2022-06-13T02:53:58.285+0000][1][safepoint    ] Entering safepoint region: RevokeBias
[2022-06-13T02:53:58.285+0000][1][safepoint    ] Leaving safepoint region
[2022-06-13T02:53:58.285+0000][1][safepoint    ] Total time for which application threads were stopped: 0.0003144 seconds, Stopping threads took: 0.0001321 seconds
[2022-06-13T02:53:58.286+0000][1][safepoint    ] Application time: 0.0001098 seconds
[2022-06-13T02:53:58.286+0000][1][safepoint    ] Entering safepoint region: RevokeBias
[2022-06-13T02:53:58.286+0000][1][safepoint    ] Leaving safepoint region
[2022-06-13T02:53:58.286+0000][1][safepoint    ] Total time for which application threads were stopped: 0.0003751 seconds, Stopping threads took: 0.0001780 seconds
[2022-06-13T02:53:58.286+0000][1][safepoint    ] Application time: 0.0000852 seconds
[2022-06-13T02:53:58.286+0000][1][safepoint    ] Entering safepoint region: RevokeBias
[2022-06-13T02:53:58.287+0000][1][safepoint    ] Leaving safepoint region
[2022-06-13T02:53:58.287+0000][1][safepoint    ] Total time for which application threads were stopped: 0.0002760 seconds, Stopping threads took: 0.0001231 seconds
[2022-06-13T02:53:58.287+0000][1][safepoint    ] Application time: 0.0000834 seconds
[2022-06-13T02:53:58.287+0000][1][safepoint    ] Entering safepoint region: RevokeBias
[2022-06-13T02:53:58.287+0000][1][safepoint    ] Leaving safepoint region
[2022-06-13T02:53:58.287+0000][1][safepoint    ] Total time for which application threads were stopped: 0.0003722 seconds, Stopping threads took: 0.0001458 seconds
[2022-06-13T02:53:58.288+0000][1][safepoint    ] Application time: 0.0000782 seconds
[2022-06-13T02:53:58.288+0000][1][safepoint    ] Entering safepoint region: RevokeBias
[2022-06-13T02:53:58.288+0000][1][safepoint    ] Leaving safepoint region
[2022-06-13T02:53:58.288+0000][1][safepoint    ] Total time for which application threads were stopped: 0.0003121 seconds, Stopping threads took: 0.0001421 seconds
[2022-06-13T02:53:58.288+0000][1][safepoint    ] Application time: 0.0000813 seconds
[2022-06-13T02:53:58.289+0000][1][safepoint    ] Entering safepoint region: RevokeBias
[2022-06-13T02:53:58.289+0000][1][safepoint    ] Leaving safepoint region
[2022-06-13T02:53:58.289+0000][1][safepoint    ] Total time for which application threads were stopped: 0.0003208 seconds, Stopping threads took: 0.0001572 seconds
[2022-06-13T02:53:58.289+0000][1][safepoint    ] Application time: 0.0000664 seconds
[2022-06-13T02:53:58.289+0000][1][safepoint    ] Entering safepoint region: RevokeBias
[2022-06-13T02:53:58.289+0000][1][safepoint    ] Leaving safepoint region
[2022-06-13T02:53:58.290+0000][1][safepoint    ] Total time for which application threads were stopped: 0.0002948 seconds, Stopping threads took: 0.0001220 seconds
[2022-06-13T02:53:58.290+0000][1][safepoint    ] Application time: 0.0000798 seconds
[2022-06-13T02:53:58.290+0000][1][safepoint    ] Entering safepoint region: RevokeBias
[2022-06-13T02:53:58.290+0000][1][safepoint    ] Leaving safepoint region
[2022-06-13T02:53:58.290+0000][1][safepoint    ] Total time for which application threads were stopped: 0.0003197 seconds, Stopping threads took: 0.0001661 seconds
[2022-06-13T02:53:58.290+0000][1][safepoint    ] Application time: 0.0000676 seconds
[2022-06-13T02:53:58.291+0000][1][safepoint    ] Entering safepoint region: RevokeBias
[2022-06-13T02:53:58.291+0000][1][safepoint    ] Leaving safepoint region
[2022-06-13T02:53:58.291+0000][1][safepoint    ] Total time for which application threads were stopped: 0.0002924 seconds, Stopping threads took: 0.0001280 seconds
[2022-06-13T02:53:58.291+0000][1][safepoint    ] Application time: 0.0000657 seconds
[2022-06-13T02:53:58.291+0000][1][safepoint    ] Entering safepoint region: RevokeBias
[2022-06-13T02:53:58.291+0000][1][safepoint    ] Leaving safepoint region
[2022-06-13T02:53:58.292+0000][1][safepoint    ] Total time for which application threads were stopped: 0.0003286 seconds, Stopping threads took: 0.0001669 seconds
[2022-06-13T02:53:58.292+0000][1][safepoint    ] Application time: 0.0000644 seconds
[2022-06-13T02:53:58.292+0000][1][safepoint    ] Entering safepoint region: RevokeBias
[2022-06-13T02:53:58.292+0000][1][safepoint    ] Leaving safepoint region
[2022-06-13T02:53:58.292+0000][1][safepoint    ] Total time for which application threads were stopped: 0.0002873 seconds, Stopping threads took: 0.0001347 seconds
[2022-06-13T02:53:58.292+0000][1][safepoint    ] Application time: 0.0000797 seconds
[2022-06-13T02:53:58.293+0000][1][safepoint    ] Entering safepoint region: RevokeBias
[2022-06-13T02:53:58.293+0000][1][safepoint    ] Leaving safepoint region
[2022-06-13T02:53:58.293+0000][1][safepoint    ] Total time for which application threads were stopped: 0.0003526 seconds, Stopping threads took: 0.0001650 seconds
[2022-06-13T02:53:58.293+0000][1][safepoint    ] Application time: 0.0000753 seconds
[2022-06-13T02:53:58.293+0000][1][safepoint    ] Entering safepoint region: RevokeBias
[2022-06-13T02:53:58.294+0000][1][safepoint    ] Leaving safepoint region
[2022-06-13T02:53:58.294+0000][1][safepoint    ] Total time for which application threads were stopped: 0.0003035 seconds, Stopping threads took: 0.0001373 seconds
[2022-06-13T02:53:58.294+0000][1][safepoint    ] Application time: 0.0000797 seconds
[2022-06-13T02:53:58.294+0000][1][safepoint    ] Entering safepoint region: BulkRevokeBias
[2022-06-13T02:53:58.294+0000][1][safepoint    ] Leaving safepoint region
[2022-06-13T02:53:58.295+0000][1][safepoint    ] Total time for which application threads were stopped: 0.0004613 seconds, Stopping threads took: 0.0001710 seconds
[2022-06-13T02:53:58.295+0000][1][safepoint    ] Application time: 0.0001961 seconds
[2022-06-13T02:53:58.295+0000][1][safepoint    ] Entering safepoint region: RevokeBias
[2022-06-13T02:53:58.295+0000][1][safepoint    ] Leaving safepoint region
[2022-06-13T02:53:58.295+0000][1][safepoint    ] Total time for which application threads were stopped: 0.0003277 seconds, Stopping threads took: 0.0001403 seconds
[2022-06-13T02:53:58.296+0000][1][safepoint    ] Application time: 0.0001698 seconds
[2022-06-13T02:53:58.296+0000][1][safepoint    ] Entering safepoint region: RevokeBias
[2022-06-13T02:53:58.296+0000][1][safepoint    ] Leaving safepoint region
[2022-06-13T02:53:58.296+0000][1][safepoint    ] Total time for which application threads were stopped: 0.0003255 seconds, Stopping threads took: 0.0001499 seconds
[2022-06-13T02:53:58.296+0000][1][safepoint    ] Application time: 0.0001999 seconds
[2022-06-13T02:53:58.297+0000][1][safepoint    ] Entering safepoint region: RevokeBias
[2022-06-13T02:53:58.297+0000][1][safepoint    ] Leaving safepoint region
[2022-06-13T02:53:58.297+0000][1][safepoint    ] Total time for which application threads were stopped: 0.0003014 seconds, Stopping threads took: 0.0001306 seconds
[2022-06-13T02:53:58.297+0000][1][safepoint    ] Application time: 0.0001231 seconds
[2022-06-13T02:53:58.297+0000][1][safepoint    ] Entering safepoint region: RevokeBias
[2022-06-13T02:53:58.298+0000][1][safepoint    ] Leaving safepoint region
[2022-06-13T02:53:58.298+0000][1][safepoint    ] Total time for which application threads were stopped: 0.0003996 seconds, Stopping threads took: 0.0001938 seconds
[2022-06-13T02:53:58.298+0000][1][safepoint    ] Application time: 0.0001411 seconds
[2022-06-13T02:53:58.298+0000][1][safepoint    ] Entering safepoint region: RevokeBias
[2022-06-13T02:53:58.298+0000][1][safepoint    ] Leaving safepoint region
[2022-06-13T02:53:58.299+0000][1][safepoint    ] Total time for which application threads were stopped: 0.0003986 seconds, Stopping threads took: 0.0001520 seconds
[2022-06-13T02:53:58.299+0000][1][safepoint    ] Application time: 0.0001095 seconds
[2022-06-13T02:53:58.299+0000][1][safepoint    ] Entering safepoint region: RevokeBias
[2022-06-13T02:53:58.299+0000][1][safepoint    ] Leaving safepoint region
[2022-06-13T02:53:58.299+0000][1][safepoint    ] Total time for which application threads were stopped: 0.0003675 seconds, Stopping threads took: 0.0001310 seconds
[2022-06-13T02:53:58.299+0000][1][safepoint    ] Application time: 0.0000824 seconds
[2022-06-13T02:53:58.300+0000][1][safepoint    ] Entering safepoint region: RevokeBias
[2022-06-13T02:53:58.300+0000][1][safepoint    ] Leaving safepoint region
[2022-06-13T02:53:58.300+0000][1][safepoint    ] Total time for which application threads were stopped: 0.0003967 seconds, Stopping threads took: 0.0001639 seconds
[2022-06-13T02:53:58.300+0000][1][safepoint    ] Application time: 0.0000897 seconds
[2022-06-13T02:53:58.301+0000][1][safepoint    ] Entering safepoint region: RevokeBias
[2022-06-13T02:53:58.301+0000][1][safepoint    ] Leaving safepoint region
[2022-06-13T02:53:58.301+0000][1][safepoint    ] Total time for which application threads were stopped: 0.0004941 seconds, Stopping threads took: 0.0002708 seconds
[2022-06-13T02:53:58.301+0000][1][safepoint    ] Application time: 0.0001222 seconds
[2022-06-13T02:53:58.301+0000][1][safepoint    ] Entering safepoint region: RevokeBias
[2022-06-13T02:53:58.301+0000][1][safepoint    ] Leaving safepoint region
[2022-06-13T02:53:58.302+0000][1][safepoint    ] Total time for which application threads were stopped: 0.0003007 seconds, Stopping threads took: 0.0001326 seconds
[2022-06-13T02:53:58.302+0000][1][safepoint    ] Application time: 0.0000622 seconds
[2022-06-13T02:53:58.302+0000][1][safepoint    ] Entering safepoint region: RevokeBias
[2022-06-13T02:53:58.302+0000][1][safepoint    ] Leaving safepoint region
[2022-06-13T02:53:58.302+0000][1][safepoint    ] Total time for which application threads were stopped: 0.0003930 seconds, Stopping threads took: 0.0001600 seconds
[2022-06-13T02:53:58.303+0000][1][safepoint    ] Application time: 0.0000693 seconds
[2022-06-13T02:53:58.303+0000][1][safepoint    ] Entering safepoint region: RevokeBias
[2022-06-13T02:53:58.303+0000][1][safepoint    ] Leaving safepoint region
[2022-06-13T02:53:58.303+0000][1][safepoint    ] Total time for which application threads were stopped: 0.0003212 seconds, Stopping threads took: 0.0001538 seconds
[2022-06-13T02:53:58.303+0000][1][safepoint    ] Application time: 0.0000851 seconds
[2022-06-13T02:53:58.303+0000][1][safepoint    ] Entering safepoint region: RevokeBias
[2022-06-13T02:53:58.304+0000][1][safepoint    ] Leaving safepoint region
[2022-06-13T02:53:58.304+0000][1][safepoint    ] Total time for which application threads were stopped: 0.0003126 seconds, Stopping threads took: 0.0001425 seconds
[2022-06-13T02:53:58.304+0000][1][safepoint    ] Application time: 0.0000820 seconds
[2022-06-13T02:53:58.304+0000][1][safepoint    ] Entering safepoint region: RevokeBias
[2022-06-13T02:53:58.304+0000][1][safepoint    ] Leaving safepoint region
[2022-06-13T02:53:58.304+0000][1][safepoint    ] Total time for which application threads were stopped: 0.0002444 seconds, Stopping threads took: 0.0001097 seconds
[2022-06-13T02:53:58.304+0000][1][safepoint    ] Application time: 0.0000766 seconds
[2022-06-13T02:53:58.305+0000][1][safepoint    ] Entering safepoint region: RevokeBias
[2022-06-13T02:53:58.305+0000][1][safepoint    ] Leaving safepoint region
[2022-06-13T02:53:58.305+0000][1][safepoint    ] Total time for which application threads were stopped: 0.0003501 seconds, Stopping threads took: 0.0001746 seconds
[2022-06-13T02:53:58.305+0000][1][safepoint    ] Application time: 0.0000869 seconds
[2022-06-13T02:53:58.305+0000][1][safepoint    ] Entering safepoint region: RevokeBias
[2022-06-13T02:53:58.305+0000][1][safepoint    ] Leaving safepoint region
[2022-06-13T02:53:58.306+0000][1][safepoint    ] Total time for which application threads were stopped: 0.0003341 seconds, Stopping threads took: 0.0001197 seconds
[2022-06-13T02:53:58.306+0000][1][safepoint    ] Application time: 0.0000718 seconds
[2022-06-13T02:53:58.306+0000][1][safepoint    ] Entering safepoint region: RevokeBias
[2022-06-13T02:53:58.306+0000][1][safepoint    ] Leaving safepoint region
[2022-06-13T02:53:58.306+0000][1][safepoint    ] Total time for which application threads were stopped: 0.0002792 seconds, Stopping threads took: 0.0001313 seconds
[2022-06-13T02:53:58.306+0000][1][safepoint    ] Application time: 0.0000708 seconds
[2022-06-13T02:53:58.307+0000][1][safepoint    ] Entering safepoint region: RevokeBias
[2022-06-13T02:53:58.307+0000][1][safepoint    ] Leaving safepoint region
[2022-06-13T02:53:58.307+0000][1][safepoint    ] Total time for which application threads were stopped: 0.0002627 seconds, Stopping threads took: 0.0001184 seconds
[2022-06-13T02:53:58.307+0000][1][safepoint    ] Application time: 0.0000672 seconds
[2022-06-13T02:53:58.307+0000][1][safepoint    ] Entering safepoint region: RevokeBias
[2022-06-13T02:53:58.307+0000][1][safepoint    ] Leaving safepoint region
[2022-06-13T02:53:58.307+0000][1][safepoint    ] Total time for which application threads were stopped: 0.0002695 seconds, Stopping threads took: 0.0001358 seconds
[2022-06-13T02:53:58.308+0000][1][safepoint    ] Application time: 0.0000786 seconds
[2022-06-13T02:53:58.308+0000][1][safepoint    ] Entering safepoint region: RevokeBias
[2022-06-13T02:53:58.308+0000][1][safepoint    ] Leaving safepoint region
[2022-06-13T02:53:58.308+0000][1][safepoint    ] Total time for which application threads were stopped: 0.0003188 seconds, Stopping threads took: 0.0001460 seconds
[2022-06-13T02:53:58.308+0000][1][safepoint    ] Application time: 0.0000697 seconds
[2022-06-13T02:53:58.308+0000][1][safepoint    ] Entering safepoint region: RevokeBias
[2022-06-13T02:53:58.309+0000][1][safepoint    ] Leaving safepoint region
[2022-06-13T02:53:58.309+0000][1][safepoint    ] Total time for which application threads were stopped: 0.0003385 seconds, Stopping threads took: 0.0001269 seconds
[2022-06-13T02:53:58.309+0000][1][safepoint    ] Application time: 0.0000671 seconds
[2022-06-13T02:53:58.309+0000][1][safepoint    ] Entering safepoint region: RevokeBias
[2022-06-13T02:53:58.309+0000][1][safepoint    ] Leaving safepoint region
[2022-06-13T02:53:58.310+0000][1][safepoint    ] Total time for which application threads were stopped: 0.0004103 seconds, Stopping threads took: 0.0001474 seconds
[2022-06-13T02:53:58.310+0000][1][safepoint    ] Application time: 0.0000660 seconds
[2022-06-13T02:53:58.310+0000][1][safepoint    ] Entering safepoint region: RevokeBias
[2022-06-13T02:53:58.310+0000][1][safepoint    ] Leaving safepoint region
[2022-06-13T02:53:58.310+0000][1][safepoint    ] Total time for which application threads were stopped: 0.0002864 seconds, Stopping threads took: 0.0001079 seconds
[2022-06-13T02:53:58.310+0000][1][safepoint    ] Application time: 0.0000719 seconds
[2022-06-13T02:53:58.311+0000][1][safepoint    ] Entering safepoint region: RevokeBias
[2022-06-13T02:53:58.311+0000][1][safepoint    ] Leaving safepoint region
[2022-06-13T02:53:58.311+0000][1][safepoint    ] Total time for which application threads were stopped: 0.0004144 seconds, Stopping threads took: 0.0001845 seconds
[2022-06-13T02:53:58.311+0000][1][safepoint    ] Application time: 0.0000717 seconds
[2022-06-13T02:53:58.311+0000][1][safepoint    ] Entering safepoint region: BulkRevokeBias
[2022-06-13T02:53:58.312+0000][1][safepoint    ] Leaving safepoint region
[2022-06-13T02:53:58.312+0000][1][safepoint    ] Total time for which application threads were stopped: 0.0004222 seconds, Stopping threads took: 0.0001603 seconds
[2022-06-13T02:53:58.312+0000][1][safepoint    ] Application time: 0.0004809 seconds
[2022-06-13T02:53:58.313+0000][1][safepoint    ] Entering safepoint region: RevokeBias
[2022-06-13T02:53:58.313+0000][1][safepoint    ] Leaving safepoint region
[2022-06-13T02:53:58.313+0000][1][safepoint    ] Total time for which application threads were stopped: 0.0007909 seconds, Stopping threads took: 0.0005943 seconds
[2022-06-13T02:53:58.314+0000][1][safepoint    ] Application time: 0.0001502 seconds
[2022-06-13T02:53:58.314+0000][1][safepoint    ] Entering safepoint region: RevokeBias
[2022-06-13T02:53:58.314+0000][1][safepoint    ] Leaving safepoint region
[2022-06-13T02:53:58.314+0000][1][safepoint    ] Total time for which application threads were stopped: 0.0003810 seconds, Stopping threads took: 0.0001419 seconds
[2022-06-13T02:53:58.315+0000][1][safepoint    ] Application time: 0.0001920 seconds
[2022-06-13T02:53:58.315+0000][1][safepoint    ] Entering safepoint region: RevokeBias
[2022-06-13T02:53:58.315+0000][1][safepoint    ] Leaving safepoint region
[2022-06-13T02:53:58.315+0000][1][safepoint    ] Total time for which application threads were stopped: 0.0003798 seconds, Stopping threads took: 0.0001815 seconds
[2022-06-13T02:53:58.315+0000][1][safepoint    ] Application time: 0.0000886 seconds
[2022-06-13T02:53:58.315+0000][1][safepoint    ] Entering safepoint region: RevokeBias
[2022-06-13T02:53:58.316+0000][1][safepoint    ] Leaving safepoint region
[2022-06-13T02:53:58.316+0000][1][safepoint    ] Total time for which application threads were stopped: 0.0004220 seconds, Stopping threads took: 0.0002426 seconds
[2022-06-13T02:53:58.316+0000][1][safepoint    ] Application time: 0.0000925 seconds
[2022-06-13T02:53:58.316+0000][1][safepoint    ] Entering safepoint region: RevokeBias
[2022-06-13T02:53:58.316+0000][1][safepoint    ] Leaving safepoint region
[2022-06-13T02:53:58.316+0000][1][safepoint    ] Total time for which application threads were stopped: 0.0003524 seconds, Stopping threads took: 0.0001594 seconds
[2022-06-13T02:53:58.317+0000][1][safepoint    ] Application time: 0.0000722 seconds
[2022-06-13T02:53:58.317+0000][1][safepoint    ] Entering safepoint region: RevokeBias
[2022-06-13T02:53:58.317+0000][1][safepoint    ] Leaving safepoint region
[2022-06-13T02:53:58.317+0000][1][safepoint    ] Total time for which application threads were stopped: 0.0003994 seconds, Stopping threads took: 0.0001862 seconds
[2022-06-13T02:53:58.318+0000][1][safepoint    ] Application time: 0.0002899 seconds
[2022-06-13T02:53:58.318+0000][1][safepoint    ] Entering safepoint region: RevokeBias
[2022-06-13T02:53:58.318+0000][1][safepoint    ] Leaving safepoint region
[2022-06-13T02:53:58.318+0000][1][safepoint    ] Total time for which application threads were stopped: 0.0004394 seconds, Stopping threads took: 0.0001943 seconds
[2022-06-13T02:53:58.319+0000][1][safepoint    ] Application time: 0.0002049 seconds
[2022-06-13T02:53:58.319+0000][1][safepoint    ] Entering safepoint region: RevokeBias
[2022-06-13T02:53:58.319+0000][1][safepoint    ] Leaving safepoint region
[2022-06-13T02:53:58.319+0000][1][safepoint    ] Total time for which application threads were stopped: 0.0004144 seconds, Stopping threads took: 0.0001916 seconds
[2022-06-13T02:53:58.320+0000][1][safepoint    ] Application time: 0.0005198 seconds
[2022-06-13T02:53:58.320+0000][1][safepoint    ] Entering safepoint region: RevokeBias
[2022-06-13T02:53:58.321+0000][1][safepoint    ] Leaving safepoint region
[2022-06-13T02:53:58.321+0000][1][safepoint    ] Total time for which application threads were stopped: 0.0006512 seconds, Stopping threads took: 0.0004275 seconds
[2022-06-13T02:53:58.321+0000][1][safepoint    ] Application time: 0.0001531 seconds
[2022-06-13T02:53:58.321+0000][1][safepoint    ] Entering safepoint region: RevokeBias
[2022-06-13T02:53:58.321+0000][1][safepoint    ] Leaving safepoint region
[2022-06-13T02:53:58.322+0000][1][safepoint    ] Total time for which application threads were stopped: 0.0003486 seconds, Stopping threads took: 0.0001566 seconds
[2022-06-13T02:53:58.322+0000][1][safepoint    ] Application time: 0.0007656 seconds
[2022-06-13T02:53:58.323+0000][1][safepoint    ] Entering safepoint region: RevokeBias
[2022-06-13T02:53:58.323+0000][1][safepoint    ] Leaving safepoint region
[2022-06-13T02:53:58.323+0000][1][safepoint    ] Total time for which application threads were stopped: 0.0002884 seconds, Stopping threads took: 0.0001488 seconds
[2022-06-13T02:53:58.323+0000][1][safepoint    ] Application time: 0.0002277 seconds
[2022-06-13T02:53:58.323+0000][1][safepoint    ] Entering safepoint region: RevokeBias
[2022-06-13T02:53:58.324+0000][1][safepoint    ] Leaving safepoint region
[2022-06-13T02:53:58.324+0000][1][safepoint    ] Total time for which application threads were stopped: 0.0003245 seconds, Stopping threads took: 0.0001469 seconds
[2022-06-13T02:53:58.324+0000][1][safepoint    ] Application time: 0.0001483 seconds
[2022-06-13T02:53:58.324+0000][1][safepoint    ] Entering safepoint region: RevokeBias
[2022-06-13T02:53:58.324+0000][1][safepoint    ] Leaving safepoint region
[2022-06-13T02:53:58.324+0000][1][safepoint    ] Total time for which application threads were stopped: 0.0003159 seconds, Stopping threads took: 0.0001578 seconds
[2022-06-13T02:53:58.325+0000][1][safepoint    ] Application time: 0.0004475 seconds
[2022-06-13T02:53:58.325+0000][1][safepoint    ] Entering safepoint region: RevokeBias
[2022-06-13T02:53:58.325+0000][1][safepoint    ] Leaving safepoint region
[2022-06-13T02:53:58.326+0000][1][safepoint    ] Total time for which application threads were stopped: 0.0005648 seconds, Stopping threads took: 0.0002404 seconds
[2022-06-13T02:53:58.326+0000][1][safepoint    ] Application time: 0.0003084 seconds
[2022-06-13T02:53:58.326+0000][1][safepoint    ] Entering safepoint region: RevokeBias
[2022-06-13T02:53:58.327+0000][1][safepoint    ] Leaving safepoint region
[2022-06-13T02:53:58.327+0000][1][safepoint    ] Total time for which application threads were stopped: 0.0003875 seconds, Stopping threads took: 0.0001953 seconds
[2022-06-13T02:53:58.327+0000][1][safepoint    ] Application time: 0.0003153 seconds
[2022-06-13T02:53:58.327+0000][1][safepoint    ] Entering safepoint region: RevokeBias
[2022-06-13T02:53:58.327+0000][1][safepoint    ] Leaving safepoint region
[2022-06-13T02:53:58.328+0000][1][safepoint    ] Total time for which application threads were stopped: 0.0003835 seconds, Stopping threads took: 0.0001686 seconds
[2022-06-13T02:53:58.328+0000][1][safepoint    ] Application time: 0.0003475 seconds
[2022-06-13T02:53:58.328+0000][1][safepoint    ] Entering safepoint region: RevokeBias
[2022-06-13T02:53:58.329+0000][1][safepoint    ] Leaving safepoint region
[2022-06-13T02:53:58.329+0000][1][safepoint    ] Total time for which application threads were stopped: 0.0003769 seconds, Stopping threads took: 0.0001560 seconds
[2022-06-13T02:53:58.329+0000][1][safepoint    ] Application time: 0.0001335 seconds
[2022-06-13T02:53:58.329+0000][1][safepoint    ] Entering safepoint region: RevokeBias
[2022-06-13T02:53:58.329+0000][1][safepoint    ] Leaving safepoint region
[2022-06-13T02:53:58.329+0000][1][safepoint    ] Total time for which application threads were stopped: 0.0003412 seconds, Stopping threads took: 0.0001507 seconds
[2022-06-13T02:53:58.331+0000][1][safepoint    ] Application time: 0.0011747 seconds
[2022-06-13T02:53:58.331+0000][1][safepoint    ] Entering safepoint region: BulkRevokeBias
[2022-06-13T02:53:58.331+0000][1][safepoint    ] Leaving safepoint region
[2022-06-13T02:53:58.331+0000][1][safepoint    ] Total time for which application threads were stopped: 0.0003655 seconds, Stopping threads took: 0.0002003 seconds
[2022-06-13T02:53:58.332+0000][1][safepoint    ] Application time: 0.0001641 seconds
[2022-06-13T02:53:58.332+0000][1][safepoint    ] Entering safepoint region: RevokeBias
[2022-06-13T02:53:58.332+0000][1][safepoint    ] Leaving safepoint region
[2022-06-13T02:53:58.332+0000][1][safepoint    ] Total time for which application threads were stopped: 0.0003050 seconds, Stopping threads took: 0.0001297 seconds
[2022-06-13T02:53:58.332+0000][1][safepoint    ] Application time: 0.0000893 seconds
[2022-06-13T02:53:58.332+0000][1][safepoint    ] Entering safepoint region: RevokeBias
[2022-06-13T02:53:58.333+0000][1][safepoint    ] Leaving safepoint region
[2022-06-13T02:53:58.333+0000][1][safepoint    ] Total time for which application threads were stopped: 0.0003517 seconds, Stopping threads took: 0.0001294 seconds
[2022-06-13T02:53:58.335+0000][1][safepoint    ] Application time: 0.0019504 seconds
[2022-06-13T02:53:58.335+0000][1][safepoint    ] Entering safepoint region: RevokeBias
[2022-06-13T02:53:58.335+0000][1][safepoint    ] Leaving safepoint region
[2022-06-13T02:53:58.335+0000][1][safepoint    ] Total time for which application threads were stopped: 0.0003454 seconds, Stopping threads took: 0.0001552 seconds
[2022-06-13T02:53:58.336+0000][1][safepoint    ] Application time: 0.0001089 seconds
[2022-06-13T02:53:58.336+0000][1][safepoint    ] Entering safepoint region: RevokeBias
[2022-06-13T02:53:58.336+0000][1][safepoint    ] Leaving safepoint region
[2022-06-13T02:53:58.336+0000][1][safepoint    ] Total time for which application threads were stopped: 0.0006241 seconds, Stopping threads took: 0.0004378 seconds
[2022-06-13T02:53:58.337+0000][1][safepoint    ] Application time: 0.0002913 seconds
[2022-06-13T02:53:58.337+0000][1][safepoint    ] Entering safepoint region: RevokeBias
[2022-06-13T02:53:58.337+0000][1][safepoint    ] Leaving safepoint region
[2022-06-13T02:53:58.337+0000][1][safepoint    ] Total time for which application threads were stopped: 0.0002634 seconds, Stopping threads took: 0.0001317 seconds
[2022-06-13T02:53:58.340+0000][1][safepoint    ] Application time: 0.0028366 seconds
[2022-06-13T02:53:58.340+0000][1][safepoint    ] Entering safepoint region: GenCollectForAllocation
[2022-06-13T02:53:58.341+0000][1][gc,start     ] GC(19) Pause Young (Allocation Failure)
[2022-06-13T02:53:58.341+0000][1][gc,task      ] GC(19) Using 5 workers of 13 for evacuation
[2022-06-13T02:53:58.346+0000][1][gc,age       ] GC(19) Desired survivor size 4456448 bytes, new threshold 2 (max threshold 6)
[2022-06-13T02:53:58.346+0000][1][gc,age       ] GC(19) Age table with threshold 2 (max threshold 6)
[2022-06-13T02:53:58.346+0000][1][gc,age       ] GC(19) - age   1:    3095928 bytes,    3095928 total
[2022-06-13T02:53:58.346+0000][1][gc,age       ] GC(19) - age   2:    3666120 bytes,    6762048 total
[2022-06-13T02:53:58.346+0000][1][gc,age       ] GC(19) - age   3:     323920 bytes,    7085968 total
[2022-06-13T02:53:58.346+0000][1][gc,heap      ] GC(19) ParNew: 75015K->8360K(78656K)
[2022-06-13T02:53:58.346+0000][1][gc,heap      ] GC(19) CMS: 55467K->55467K(174784K)
[2022-06-13T02:53:58.347+0000][1][gc,metaspace ] GC(19) Metaspace: 47199K->47199K(1093632K)
[2022-06-13T02:53:58.347+0000][1][gc           ] GC(19) Pause Young (Allocation Failure) 127M->62M(247M) 6.258ms
[2022-06-13T02:53:58.347+0000][1][gc,cpu       ] GC(19) User=0.02s Sys=0.00s Real=0.00s
[2022-06-13T02:53:58.347+0000][1][safepoint    ] Leaving safepoint region
[2022-06-13T02:53:58.347+0000][1][safepoint    ] Total time for which application threads were stopped: 0.0068913 seconds, Stopping threads took: 0.0001771 seconds
[2022-06-13T02:53:58.541+0000][1][safepoint    ] Application time: 0.1939129 seconds
[2022-06-13T02:53:58.541+0000][1][safepoint    ] Entering safepoint region: RevokeBias
[2022-06-13T02:53:58.542+0000][1][safepoint    ] Leaving safepoint region
[2022-06-13T02:53:58.542+0000][1][safepoint    ] Total time for which application threads were stopped: 0.0004281 seconds, Stopping threads took: 0.0001869 seconds
[2022-06-13T02:53:58.681+0000][1][safepoint    ] Application time: 0.1387406 seconds
[2022-06-13T02:53:58.681+0000][1][safepoint    ] Entering safepoint region: RevokeBias
[2022-06-13T02:53:58.681+0000][1][safepoint    ] Leaving safepoint region
[2022-06-13T02:53:58.681+0000][1][safepoint    ] Total time for which application threads were stopped: 0.0004165 seconds, Stopping threads took: 0.0001810 seconds
[2022-06-13T02:53:58.923+0000][1][safepoint    ] Application time: 0.2410977 seconds
[2022-06-13T02:53:58.923+0000][1][safepoint    ] Entering safepoint region: GenCollectForAllocation
[2022-06-13T02:53:58.923+0000][1][gc,start     ] GC(20) Pause Young (Allocation Failure)
[2022-06-13T02:53:58.923+0000][1][gc,task      ] GC(20) Using 5 workers of 13 for evacuation
[2022-06-13T02:53:58.930+0000][1][gc,age       ] GC(20) Desired survivor size 4456448 bytes, new threshold 2 (max threshold 6)
[2022-06-13T02:53:58.931+0000][1][gc,age       ] GC(20) Age table with threshold 2 (max threshold 6)
[2022-06-13T02:53:58.931+0000][1][gc,age       ] GC(20) - age   1:    1563016 bytes,    1563016 total
[2022-06-13T02:53:58.931+0000][1][gc,age       ] GC(20) - age   2:    3035704 bytes,    4598720 total
[2022-06-13T02:53:58.931+0000][1][gc,heap      ] GC(20) ParNew: 78312K->6060K(78656K)
[2022-06-13T02:53:58.931+0000][1][gc,heap      ] GC(20) CMS: 55467K->59468K(174784K)
[2022-06-13T02:53:58.931+0000][1][gc,metaspace ] GC(20) Metaspace: 53752K->53752K(1097728K)
[2022-06-13T02:53:58.931+0000][1][gc           ] GC(20) Pause Young (Allocation Failure) 130M->63M(247M) 8.333ms
[2022-06-13T02:53:58.932+0000][1][gc,cpu       ] GC(20) User=0.04s Sys=0.00s Real=0.01s
[2022-06-13T02:53:58.932+0000][1][safepoint    ] Leaving safepoint region
[2022-06-13T02:53:58.932+0000][1][safepoint    ] Total time for which application threads were stopped: 0.0091193 seconds, Stopping threads took: 0.0001321 seconds
[2022-06-13T02:53:59.157+0000][1][safepoint    ] Application time: 0.2249391 seconds
[2022-06-13T02:53:59.157+0000][1][safepoint    ] Entering safepoint region: Deoptimize
[2022-06-13T02:53:59.159+0000][1][safepoint    ] Leaving safepoint region
[2022-06-13T02:53:59.159+0000][1][safepoint    ] Total time for which application threads were stopped: 0.0016306 seconds, Stopping threads took: 0.0001961 seconds
[2022-06-13T02:53:59.185+0000][1][safepoint    ] Application time: 0.0263909 seconds
[2022-06-13T02:53:59.186+0000][1][safepoint    ] Entering safepoint region: RevokeBias
[2022-06-13T02:53:59.186+0000][1][safepoint    ] Leaving safepoint region
[2022-06-13T02:53:59.186+0000][1][safepoint    ] Total time for which application threads were stopped: 0.0006535 seconds, Stopping threads took: 0.0002491 seconds
[2022-06-13T02:53:59.187+0000][1][safepoint    ] Application time: 0.0006448 seconds
[2022-06-13T02:53:59.188+0000][1][safepoint    ] Entering safepoint region: RevokeBias
[2022-06-13T02:53:59.188+0000][1][safepoint    ] Leaving safepoint region
[2022-06-13T02:53:59.189+0000][1][safepoint    ] Total time for which application threads were stopped: 0.0007449 seconds, Stopping threads took: 0.0003424 seconds
[2022-06-13T02:53:59.189+0000][1][safepoint    ] Application time: 0.0001941 seconds
[2022-06-13T02:53:59.190+0000][1][safepoint    ] Entering safepoint region: RevokeBias
[2022-06-13T02:53:59.190+0000][1][safepoint    ] Leaving safepoint region
[2022-06-13T02:53:59.191+0000][1][safepoint    ] Total time for which application threads were stopped: 0.0008358 seconds, Stopping threads took: 0.0003784 seconds
[2022-06-13T02:53:59.191+0000][1][safepoint    ] Application time: 0.0001900 seconds
[2022-06-13T02:53:59.192+0000][1][safepoint    ] Entering safepoint region: BulkRevokeBias
[2022-06-13T02:53:59.192+0000][1][safepoint    ] Leaving safepoint region
[2022-06-13T02:53:59.193+0000][1][safepoint    ] Total time for which application threads were stopped: 0.0007767 seconds, Stopping threads took: 0.0002217 seconds
[2022-06-13T02:53:59.204+0000][1][safepoint    ] Application time: 0.0107563 seconds
[2022-06-13T02:53:59.204+0000][1][safepoint    ] Entering safepoint region: RevokeBias
[2022-06-13T02:53:59.204+0000][1][safepoint    ] Leaving safepoint region
[2022-06-13T02:53:59.204+0000][1][safepoint    ] Total time for which application threads were stopped: 0.0004828 seconds, Stopping threads took: 0.0002426 seconds
[2022-06-13T02:53:59.205+0000][1][safepoint    ] Application time: 0.0001872 seconds
[2022-06-13T02:53:59.205+0000][1][safepoint    ] Entering safepoint region: RevokeBias
[2022-06-13T02:53:59.206+0000][1][safepoint    ] Leaving safepoint region
[2022-06-13T02:53:59.206+0000][1][safepoint    ] Total time for which application threads were stopped: 0.0003942 seconds, Stopping threads took: 0.0001692 seconds
[2022-06-13T02:53:59.206+0000][1][safepoint    ] Application time: 0.0001845 seconds
[2022-06-13T02:53:59.206+0000][1][safepoint    ] Entering safepoint region: RevokeBias
[2022-06-13T02:53:59.207+0000][1][safepoint    ] Leaving safepoint region
[2022-06-13T02:53:59.207+0000][1][safepoint    ] Total time for which application threads were stopped: 0.0008530 seconds, Stopping threads took: 0.0006374 seconds
[2022-06-13T02:53:59.211+0000][1][safepoint    ] Application time: 0.0034309 seconds
[2022-06-13T02:53:59.211+0000][1][safepoint    ] Entering safepoint region: RevokeBias
[2022-06-13T02:53:59.211+0000][1][safepoint    ] Leaving safepoint region
[2022-06-13T02:53:59.211+0000][1][safepoint    ] Total time for which application threads were stopped: 0.0004409 seconds, Stopping threads took: 0.0001991 seconds
[2022-06-13T02:53:59.415+0000][1][safepoint    ] Application time: 0.2031088 seconds
[2022-06-13T02:53:59.415+0000][1][safepoint    ] Entering safepoint region: Deoptimize
[2022-06-13T02:53:59.419+0000][1][safepoint    ] Leaving safepoint region
[2022-06-13T02:53:59.419+0000][1][safepoint    ] Total time for which application threads were stopped: 0.0042120 seconds, Stopping threads took: 0.0016858 seconds
[2022-06-13T02:53:59.662+0000][1][safepoint    ] Application time: 0.2428949 seconds
[2022-06-13T02:53:59.663+0000][1][safepoint    ] Entering safepoint region: RevokeBias
[2022-06-13T02:53:59.663+0000][1][safepoint    ] Leaving safepoint region
[2022-06-13T02:53:59.663+0000][1][safepoint    ] Total time for which application threads were stopped: 0.0004135 seconds, Stopping threads took: 0.0001878 seconds
[2022-06-13T02:53:59.663+0000][1][safepoint    ] Application time: 0.0001576 seconds
[2022-06-13T02:53:59.663+0000][1][safepoint    ] Entering safepoint region: RevokeBias
[2022-06-13T02:53:59.664+0000][1][safepoint    ] Leaving safepoint region
[2022-06-13T02:53:59.664+0000][1][safepoint    ] Total time for which application threads were stopped: 0.0003582 seconds, Stopping threads took: 0.0001984 seconds
[2022-06-13T02:53:59.664+0000][1][safepoint    ] Application time: 0.0001998 seconds
[2022-06-13T02:53:59.664+0000][1][safepoint    ] Entering safepoint region: RevokeBias
[2022-06-13T02:53:59.664+0000][1][safepoint    ] Leaving safepoint region
[2022-06-13T02:53:59.665+0000][1][safepoint    ] Total time for which application threads were stopped: 0.0002958 seconds, Stopping threads took: 0.0001380 seconds
[2022-06-13T02:53:59.665+0000][1][safepoint    ] Application time: 0.0002298 seconds
[2022-06-13T02:53:59.665+0000][1][safepoint    ] Entering safepoint region: RevokeBias
[2022-06-13T02:53:59.665+0000][1][safepoint    ] Leaving safepoint region
[2022-06-13T02:53:59.665+0000][1][safepoint    ] Total time for which application threads were stopped: 0.0002705 seconds, Stopping threads took: 0.0001236 seconds
[2022-06-13T02:53:59.666+0000][1][safepoint    ] Application time: 0.0002623 seconds
[2022-06-13T02:53:59.666+0000][1][safepoint    ] Entering safepoint region: RevokeBias
[2022-06-13T02:53:59.666+0000][1][safepoint    ] Leaving safepoint region
[2022-06-13T02:53:59.666+0000][1][safepoint    ] Total time for which application threads were stopped: 0.0002482 seconds, Stopping threads took: 0.0001048 seconds
[2022-06-13T02:53:59.771+0000][1][safepoint    ] Application time: 0.1051665 seconds
[2022-06-13T02:53:59.772+0000][1][safepoint    ] Entering safepoint region: RevokeBias
[2022-06-13T02:53:59.772+0000][1][safepoint    ] Leaving safepoint region
[2022-06-13T02:53:59.772+0000][1][safepoint    ] Total time for which application threads were stopped: 0.0003531 seconds, Stopping threads took: 0.0001539 seconds
[2022-06-13T02:53:59.780+0000][1][safepoint    ] Application time: 0.0080693 seconds
[2022-06-13T02:53:59.781+0000][1][safepoint    ] Entering safepoint region: GenCollectForAllocation
[2022-06-13T02:53:59.781+0000][1][gc,start     ] GC(21) Pause Young (Allocation Failure)
[2022-06-13T02:53:59.781+0000][1][gc,task      ] GC(21) Using 5 workers of 13 for evacuation
[2022-06-13T02:53:59.789+0000][1][gc,age       ] GC(21) Desired survivor size 4456448 bytes, new threshold 2 (max threshold 6)
[2022-06-13T02:53:59.789+0000][1][gc,age       ] GC(21) Age table with threshold 2 (max threshold 6)
[2022-06-13T02:53:59.789+0000][1][gc,age       ] GC(21) - age   1:    3764944 bytes,    3764944 total
[2022-06-13T02:53:59.789+0000][1][gc,age       ] GC(21) - age   2:    1468768 bytes,    5233712 total
[2022-06-13T02:53:59.790+0000][1][gc,heap      ] GC(21) ParNew: 76012K->7813K(78656K)
[2022-06-13T02:53:59.790+0000][1][gc,heap      ] GC(21) CMS: 59468K->62497K(174784K)
[2022-06-13T02:53:59.790+0000][1][gc,metaspace ] GC(21) Metaspace: 61599K->61599K(1105920K)
[2022-06-13T02:53:59.790+0000][1][gc           ] GC(21) Pause Young (Allocation Failure) 132M->68M(247M) 9.099ms
[2022-06-13T02:53:59.790+0000][1][gc,cpu       ] GC(21) User=0.04s Sys=0.00s Real=0.01s
[2022-06-13T02:53:59.790+0000][1][safepoint    ] Leaving safepoint region
[2022-06-13T02:53:59.791+0000][1][safepoint    ] Total time for which application threads were stopped: 0.0099268 seconds, Stopping threads took: 0.0001801 seconds
[2022-06-13T02:53:59.973+0000][1][safepoint    ] Application time: 0.1825974 seconds
[2022-06-13T02:53:59.974+0000][1][safepoint    ] Entering safepoint region: Deoptimize
[2022-06-13T02:53:59.974+0000][1][safepoint    ] Leaving safepoint region
[2022-06-13T02:53:59.974+0000][1][safepoint    ] Total time for which application threads were stopped: 0.0007979 seconds, Stopping threads took: 0.0001412 seconds
[2022-06-13T02:53:59.979+0000][1][safepoint    ] Application time: 0.0043540 seconds
[2022-06-13T02:53:59.979+0000][1][safepoint    ] Entering safepoint region: RevokeBias
[2022-06-13T02:53:59.979+0000][1][safepoint    ] Leaving safepoint region
[2022-06-13T02:53:59.979+0000][1][safepoint    ] Total time for which application threads were stopped: 0.0004342 seconds, Stopping threads took: 0.0002638 seconds
[2022-06-13T02:53:59.980+0000][1][safepoint    ] Application time: 0.0003519 seconds
[2022-06-13T02:53:59.980+0000][1][safepoint    ] Entering safepoint region: RevokeBias
[2022-06-13T02:53:59.980+0000][1][safepoint    ] Leaving safepoint region
[2022-06-13T02:53:59.981+0000][1][safepoint    ] Total time for which application threads were stopped: 0.0003388 seconds, Stopping threads took: 0.0001248 seconds
[2022-06-13T02:53:59.981+0000][1][safepoint    ] Application time: 0.0006010 seconds
[2022-06-13T02:53:59.981+0000][1][safepoint    ] Entering safepoint region: RevokeBias
[2022-06-13T02:53:59.982+0000][1][safepoint    ] Leaving safepoint region
[2022-06-13T02:53:59.982+0000][1][safepoint    ] Total time for which application threads were stopped: 0.0001874 seconds, Stopping threads took: 0.0000868 seconds
[2022-06-13T02:53:59.982+0000][1][safepoint    ] Application time: 0.0001265 seconds
[2022-06-13T02:53:59.982+0000][1][safepoint    ] Entering safepoint region: RevokeBias
[2022-06-13T02:53:59.982+0000][1][safepoint    ] Leaving safepoint region
[2022-06-13T02:53:59.982+0000][1][safepoint    ] Total time for which application threads were stopped: 0.0004003 seconds, Stopping threads took: 0.0001875 seconds
[2022-06-13T02:53:59.983+0000][1][safepoint    ] Application time: 0.0004122 seconds
[2022-06-13T02:53:59.983+0000][1][safepoint    ] Entering safepoint region: RevokeBias
[2022-06-13T02:53:59.983+0000][1][safepoint    ] Leaving safepoint region
[2022-06-13T02:53:59.984+0000][1][safepoint    ] Total time for which application threads were stopped: 0.0004628 seconds, Stopping threads took: 0.0002108 seconds
[2022-06-13T02:53:59.984+0000][1][safepoint    ] Application time: 0.0000817 seconds
[2022-06-13T02:53:59.984+0000][1][safepoint    ] Entering safepoint region: RevokeBias
[2022-06-13T02:53:59.985+0000][1][safepoint    ] Leaving safepoint region
[2022-06-13T02:53:59.985+0000][1][safepoint    ] Total time for which application threads were stopped: 0.0005133 seconds, Stopping threads took: 0.0002525 seconds
[2022-06-13T02:53:59.985+0000][1][safepoint    ] Application time: 0.0000949 seconds
[2022-06-13T02:53:59.985+0000][1][safepoint    ] Entering safepoint region: RevokeBias
[2022-06-13T02:53:59.986+0000][1][safepoint    ] Leaving safepoint region
[2022-06-13T02:53:59.986+0000][1][safepoint    ] Total time for which application threads were stopped: 0.0002863 seconds, Stopping threads took: 0.0001346 seconds
[2022-06-13T02:53:59.986+0000][1][safepoint    ] Application time: 0.0001925 seconds
[2022-06-13T02:53:59.986+0000][1][safepoint    ] Entering safepoint region: RevokeBias
[2022-06-13T02:53:59.987+0000][1][safepoint    ] Leaving safepoint region
[2022-06-13T02:53:59.987+0000][1][safepoint    ] Total time for which application threads were stopped: 0.0003888 seconds, Stopping threads took: 0.0001926 seconds
[2022-06-13T02:53:59.987+0000][1][safepoint    ] Application time: 0.0002282 seconds
[2022-06-13T02:53:59.987+0000][1][safepoint    ] Entering safepoint region: RevokeBias
[2022-06-13T02:53:59.987+0000][1][safepoint    ] Leaving safepoint region
[2022-06-13T02:53:59.988+0000][1][safepoint    ] Total time for which application threads were stopped: 0.0003840 seconds, Stopping threads took: 0.0002436 seconds
[2022-06-13T02:53:59.988+0000][1][safepoint    ] Application time: 0.0001634 seconds
[2022-06-13T02:53:59.988+0000][1][safepoint    ] Entering safepoint region: RevokeBias
[2022-06-13T02:53:59.988+0000][1][safepoint    ] Leaving safepoint region
[2022-06-13T02:53:59.988+0000][1][safepoint    ] Total time for which application threads were stopped: 0.0002745 seconds, Stopping threads took: 0.0001195 seconds
[2022-06-13T02:53:59.988+0000][1][safepoint    ] Application time: 0.0000739 seconds
[2022-06-13T02:53:59.989+0000][1][safepoint    ] Entering safepoint region: RevokeBias
[2022-06-13T02:53:59.989+0000][1][safepoint    ] Leaving safepoint region
[2022-06-13T02:53:59.989+0000][1][safepoint    ] Total time for which application threads were stopped: 0.0003869 seconds, Stopping threads took: 0.0002138 seconds
[2022-06-13T02:53:59.990+0000][1][safepoint    ] Application time: 0.0004565 seconds
[2022-06-13T02:53:59.990+0000][1][safepoint    ] Entering safepoint region: RevokeBias
[2022-06-13T02:53:59.990+0000][1][safepoint    ] Leaving safepoint region
[2022-06-13T02:53:59.990+0000][1][safepoint    ] Total time for which application threads were stopped: 0.0002768 seconds, Stopping threads took: 0.0001342 seconds
[2022-06-13T02:53:59.990+0000][1][safepoint    ] Application time: 0.0001538 seconds
[2022-06-13T02:53:59.991+0000][1][safepoint    ] Entering safepoint region: RevokeBias
[2022-06-13T02:53:59.991+0000][1][safepoint    ] Leaving safepoint region
[2022-06-13T02:53:59.991+0000][1][safepoint    ] Total time for which application threads were stopped: 0.0003640 seconds, Stopping threads took: 0.0001862 seconds
[2022-06-13T02:53:59.992+0000][1][safepoint    ] Application time: 0.0008301 seconds
[2022-06-13T02:53:59.992+0000][1][safepoint    ] Entering safepoint region: RevokeBias
[2022-06-13T02:53:59.992+0000][1][safepoint    ] Leaving safepoint region
[2022-06-13T02:53:59.992+0000][1][safepoint    ] Total time for which application threads were stopped: 0.0002614 seconds, Stopping threads took: 0.0001190 seconds
[2022-06-13T02:53:59.993+0000][1][safepoint    ] Application time: 0.0001831 seconds
[2022-06-13T02:53:59.993+0000][1][safepoint    ] Entering safepoint region: RevokeBias
[2022-06-13T02:53:59.993+0000][1][safepoint    ] Leaving safepoint region
[2022-06-13T02:53:59.993+0000][1][safepoint    ] Total time for which application threads were stopped: 0.0002997 seconds, Stopping threads took: 0.0001344 seconds
[2022-06-13T02:53:59.994+0000][1][safepoint    ] Application time: 0.0010615 seconds
[2022-06-13T02:53:59.994+0000][1][safepoint    ] Entering safepoint region: RevokeBias
[2022-06-13T02:53:59.995+0000][1][safepoint    ] Leaving safepoint region
[2022-06-13T02:53:59.995+0000][1][safepoint    ] Total time for which application threads were stopped: 0.0003991 seconds, Stopping threads took: 0.0002114 seconds
[2022-06-13T02:53:59.996+0000][1][safepoint    ] Application time: 0.0008810 seconds
[2022-06-13T02:53:59.996+0000][1][safepoint    ] Entering safepoint region: Deoptimize
[2022-06-13T02:53:59.997+0000][1][safepoint    ] Leaving safepoint region
[2022-06-13T02:53:59.997+0000][1][safepoint    ] Total time for which application threads were stopped: 0.0009372 seconds, Stopping threads took: 0.0001993 seconds
[2022-06-13T02:53:59.998+0000][1][safepoint    ] Application time: 0.0012464 seconds
[2022-06-13T02:53:59.998+0000][1][safepoint    ] Entering safepoint region: RevokeBias
[2022-06-13T02:53:59.999+0000][1][safepoint    ] Leaving safepoint region
[2022-06-13T02:53:59.999+0000][1][safepoint    ] Total time for which application threads were stopped: 0.0003456 seconds, Stopping threads took: 0.0001319 seconds
[2022-06-13T02:53:59.999+0000][1][safepoint    ] Application time: 0.0000946 seconds
[2022-06-13T02:53:59.999+0000][1][safepoint    ] Entering safepoint region: RevokeBias
[2022-06-13T02:53:59.999+0000][1][safepoint    ] Leaving safepoint region
[2022-06-13T02:53:59.999+0000][1][safepoint    ] Total time for which application threads were stopped: 0.0002504 seconds, Stopping threads took: 0.0001195 seconds
[2022-06-13T02:54:00.000+0000][1][safepoint    ] Application time: 0.0000843 seconds
[2022-06-13T02:54:00.000+0000][1][safepoint    ] Entering safepoint region: RevokeBias
[2022-06-13T02:54:00.000+0000][1][safepoint    ] Leaving safepoint region
[2022-06-13T02:54:00.000+0000][1][safepoint    ] Total time for which application threads were stopped: 0.0002466 seconds, Stopping threads took: 0.0001076 seconds
[2022-06-13T02:54:00.000+0000][1][safepoint    ] Application time: 0.0002002 seconds
[2022-06-13T02:54:00.000+0000][1][safepoint    ] Entering safepoint region: RevokeBias
[2022-06-13T02:54:00.000+0000][1][safepoint    ] Leaving safepoint region
[2022-06-13T02:54:00.001+0000][1][safepoint    ] Total time for which application threads were stopped: 0.0002680 seconds, Stopping threads took: 0.0001385 seconds
[2022-06-13T02:54:00.001+0000][1][safepoint    ] Application time: 0.0002060 seconds
[2022-06-13T02:54:00.001+0000][1][safepoint    ] Entering safepoint region: RevokeBias
[2022-06-13T02:54:00.001+0000][1][safepoint    ] Leaving safepoint region
[2022-06-13T02:54:00.001+0000][1][safepoint    ] Total time for which application threads were stopped: 0.0002405 seconds, Stopping threads took: 0.0001237 seconds
[2022-06-13T02:54:00.009+0000][1][safepoint    ] Application time: 0.0071185 seconds
[2022-06-13T02:54:00.009+0000][1][safepoint    ] Entering safepoint region: RevokeBias
[2022-06-13T02:54:00.009+0000][1][safepoint    ] Leaving safepoint region
[2022-06-13T02:54:00.009+0000][1][safepoint    ] Total time for which application threads were stopped: 0.0002655 seconds, Stopping threads took: 0.0001196 seconds
[2022-06-13T02:54:00.038+0000][1][safepoint    ] Application time: 0.0285104 seconds
[2022-06-13T02:54:00.038+0000][1][safepoint    ] Entering safepoint region: RevokeBias
[2022-06-13T02:54:00.038+0000][1][safepoint    ] Leaving safepoint region
[2022-06-13T02:54:00.038+0000][1][safepoint    ] Total time for which application threads were stopped: 0.0003960 seconds, Stopping threads took: 0.0002206 seconds
[2022-06-13T02:54:00.039+0000][1][safepoint    ] Application time: 0.0000910 seconds
[2022-06-13T02:54:00.039+0000][1][safepoint    ] Entering safepoint region: RevokeBias
[2022-06-13T02:54:00.039+0000][1][safepoint    ] Leaving safepoint region
[2022-06-13T02:54:00.040+0000][1][safepoint    ] Total time for which application threads were stopped: 0.0007728 seconds, Stopping threads took: 0.0004067 seconds
[2022-06-13T02:54:00.040+0000][1][safepoint    ] Application time: 0.0001656 seconds
[2022-06-13T02:54:00.041+0000][1][safepoint    ] Entering safepoint region: RevokeBias
[2022-06-13T02:54:00.041+0000][1][safepoint    ] Leaving safepoint region
[2022-06-13T02:54:00.041+0000][1][safepoint    ] Total time for which application threads were stopped: 0.0007512 seconds, Stopping threads took: 0.0002889 seconds
[2022-06-13T02:54:00.042+0000][1][safepoint    ] Application time: 0.0001966 seconds
[2022-06-13T02:54:00.042+0000][1][safepoint    ] Entering safepoint region: RevokeBias
[2022-06-13T02:54:00.042+0000][1][safepoint    ] Leaving safepoint region
[2022-06-13T02:54:00.042+0000][1][safepoint    ] Total time for which application threads were stopped: 0.0005432 seconds, Stopping threads took: 0.0003459 seconds
[2022-06-13T02:54:00.043+0000][1][safepoint    ] Application time: 0.0004261 seconds
[2022-06-13T02:54:00.043+0000][1][safepoint    ] Entering safepoint region: RevokeBias
[2022-06-13T02:54:00.043+0000][1][safepoint    ] Leaving safepoint region
[2022-06-13T02:54:00.044+0000][1][safepoint    ] Total time for which application threads were stopped: 0.0003218 seconds, Stopping threads took: 0.0001433 seconds
[2022-06-13T02:54:00.044+0000][1][safepoint    ] Application time: 0.0005627 seconds
[2022-06-13T02:54:00.045+0000][1][safepoint    ] Entering safepoint region: RevokeBias
[2022-06-13T02:54:00.045+0000][1][safepoint    ] Leaving safepoint region
[2022-06-13T02:54:00.045+0000][1][safepoint    ] Total time for which application threads were stopped: 0.0006739 seconds, Stopping threads took: 0.0004535 seconds
[2022-06-13T02:54:00.047+0000][1][safepoint    ] Application time: 0.0014077 seconds
[2022-06-13T02:54:00.047+0000][1][safepoint    ] Entering safepoint region: RevokeBias
[2022-06-13T02:54:00.048+0000][1][safepoint    ] Leaving safepoint region
[2022-06-13T02:54:00.048+0000][1][safepoint    ] Total time for which application threads were stopped: 0.0006133 seconds, Stopping threads took: 0.0003597 seconds
[2022-06-13T02:54:00.048+0000][1][safepoint    ] Application time: 0.0002452 seconds
[2022-06-13T02:54:00.048+0000][1][safepoint    ] Entering safepoint region: RevokeBias
[2022-06-13T02:54:00.049+0000][1][safepoint    ] Leaving safepoint region
[2022-06-13T02:54:00.049+0000][1][safepoint    ] Total time for which application threads were stopped: 0.0005373 seconds, Stopping threads took: 0.0002384 seconds
[2022-06-13T02:54:00.050+0000][1][safepoint    ] Application time: 0.0003073 seconds
[2022-06-13T02:54:00.050+0000][1][safepoint    ] Entering safepoint region: RevokeBias
[2022-06-13T02:54:00.050+0000][1][safepoint    ] Leaving safepoint region
[2022-06-13T02:54:00.050+0000][1][safepoint    ] Total time for which application threads were stopped: 0.0004869 seconds, Stopping threads took: 0.0002144 seconds
[2022-06-13T02:54:00.051+0000][1][safepoint    ] Application time: 0.0001578 seconds
[2022-06-13T02:54:00.051+0000][1][safepoint    ] Entering safepoint region: RevokeBias
[2022-06-13T02:54:00.051+0000][1][safepoint    ] Leaving safepoint region
[2022-06-13T02:54:00.051+0000][1][safepoint    ] Total time for which application threads were stopped: 0.0005934 seconds, Stopping threads took: 0.0002551 seconds
[2022-06-13T02:54:00.052+0000][1][safepoint    ] Application time: 0.0008069 seconds
[2022-06-13T02:54:00.053+0000][1][safepoint    ] Entering safepoint region: RevokeBias
[2022-06-13T02:54:00.053+0000][1][safepoint    ] Leaving safepoint region
[2022-06-13T02:54:00.053+0000][1][safepoint    ] Total time for which application threads were stopped: 0.0004722 seconds, Stopping threads took: 0.0002723 seconds
[2022-06-13T02:54:00.053+0000][1][safepoint    ] Application time: 0.0002734 seconds
[2022-06-13T02:54:00.054+0000][1][safepoint    ] Entering safepoint region: RevokeBias
[2022-06-13T02:54:00.054+0000][1][safepoint    ] Leaving safepoint region
[2022-06-13T02:54:00.054+0000][1][safepoint    ] Total time for which application threads were stopped: 0.0006169 seconds, Stopping threads took: 0.0003677 seconds
[2022-06-13T02:54:00.055+0000][1][safepoint    ] Application time: 0.0002667 seconds
[2022-06-13T02:54:00.055+0000][1][safepoint    ] Entering safepoint region: RevokeBias
[2022-06-13T02:54:00.055+0000][1][safepoint    ] Leaving safepoint region
[2022-06-13T02:54:00.055+0000][1][safepoint    ] Total time for which application threads were stopped: 0.0005006 seconds, Stopping threads took: 0.0001686 seconds
[2022-06-13T02:54:00.056+0000][1][safepoint    ] Application time: 0.0004647 seconds
[2022-06-13T02:54:00.056+0000][1][safepoint    ] Entering safepoint region: RevokeBias
[2022-06-13T02:54:00.056+0000][1][safepoint    ] Leaving safepoint region
[2022-06-13T02:54:00.057+0000][1][safepoint    ] Total time for which application threads were stopped: 0.0011305 seconds, Stopping threads took: 0.0003259 seconds
[2022-06-13T02:54:00.058+0000][1][safepoint    ] Application time: 0.0002924 seconds
[2022-06-13T02:54:00.058+0000][1][safepoint    ] Entering safepoint region: RevokeBias
[2022-06-13T02:54:00.058+0000][1][safepoint    ] Leaving safepoint region
[2022-06-13T02:54:00.058+0000][1][safepoint    ] Total time for which application threads were stopped: 0.0003807 seconds, Stopping threads took: 0.0001892 seconds
[2022-06-13T02:54:00.061+0000][1][safepoint    ] Application time: 0.0020377 seconds
[2022-06-13T02:54:00.061+0000][1][safepoint    ] Entering safepoint region: RevokeBias
[2022-06-13T02:54:00.062+0000][1][safepoint    ] Leaving safepoint region
[2022-06-13T02:54:00.062+0000][1][safepoint    ] Total time for which application threads were stopped: 0.0009702 seconds, Stopping threads took: 0.0005259 seconds
[2022-06-13T02:54:00.063+0000][1][safepoint    ] Application time: 0.0005307 seconds
[2022-06-13T02:54:00.063+0000][1][safepoint    ] Entering safepoint region: RevokeBias
[2022-06-13T02:54:00.063+0000][1][safepoint    ] Leaving safepoint region
[2022-06-13T02:54:00.063+0000][1][safepoint    ] Total time for which application threads were stopped: 0.0004888 seconds, Stopping threads took: 0.0001667 seconds
[2022-06-13T02:54:00.064+0000][1][safepoint    ] Application time: 0.0001698 seconds
[2022-06-13T02:54:00.064+0000][1][safepoint    ] Entering safepoint region: RevokeBias
[2022-06-13T02:54:00.064+0000][1][safepoint    ] Leaving safepoint region
[2022-06-13T02:54:00.065+0000][1][safepoint    ] Total time for which application threads were stopped: 0.0004208 seconds, Stopping threads took: 0.0001792 seconds
[2022-06-13T02:54:00.065+0000][1][safepoint    ] Application time: 0.0005230 seconds
[2022-06-13T02:54:00.066+0000][1][safepoint    ] Entering safepoint region: RevokeBias
[2022-06-13T02:54:00.066+0000][1][safepoint    ] Leaving safepoint region
[2022-06-13T02:54:00.066+0000][1][safepoint    ] Total time for which application threads were stopped: 0.0004014 seconds, Stopping threads took: 0.0002022 seconds
[2022-06-13T02:54:00.067+0000][1][safepoint    ] Application time: 0.0003117 seconds
[2022-06-13T02:54:00.067+0000][1][safepoint    ] Entering safepoint region: RevokeBias
[2022-06-13T02:54:00.068+0000][1][safepoint    ] Leaving safepoint region
[2022-06-13T02:54:00.068+0000][1][safepoint    ] Total time for which application threads were stopped: 0.0007066 seconds, Stopping threads took: 0.0004482 seconds
[2022-06-13T02:54:00.068+0000][1][safepoint    ] Application time: 0.0001192 seconds
[2022-06-13T02:54:00.068+0000][1][safepoint    ] Entering safepoint region: RevokeBias
[2022-06-13T02:54:00.068+0000][1][safepoint    ] Leaving safepoint region
[2022-06-13T02:54:00.069+0000][1][safepoint    ] Total time for which application threads were stopped: 0.0003801 seconds, Stopping threads took: 0.0001732 seconds
[2022-06-13T02:54:00.069+0000][1][safepoint    ] Application time: 0.0005856 seconds
[2022-06-13T02:54:00.069+0000][1][safepoint    ] Entering safepoint region: RevokeBias
[2022-06-13T02:54:00.070+0000][1][safepoint    ] Leaving safepoint region
[2022-06-13T02:54:00.070+0000][1][safepoint    ] Total time for which application threads were stopped: 0.0003805 seconds, Stopping threads took: 0.0002107 seconds
[2022-06-13T02:54:00.070+0000][1][safepoint    ] Application time: 0.0000915 seconds
[2022-06-13T02:54:00.070+0000][1][safepoint    ] Entering safepoint region: RevokeBias
[2022-06-13T02:54:00.070+0000][1][safepoint    ] Leaving safepoint region
[2022-06-13T02:54:00.071+0000][1][safepoint    ] Total time for which application threads were stopped: 0.0003540 seconds, Stopping threads took: 0.0001853 seconds
[2022-06-13T02:54:00.073+0000][1][safepoint    ] Application time: 0.0026078 seconds
[2022-06-13T02:54:00.073+0000][1][safepoint    ] Entering safepoint region: BulkRevokeBias
[2022-06-13T02:54:00.074+0000][1][safepoint    ] Leaving safepoint region
[2022-06-13T02:54:00.074+0000][1][safepoint    ] Total time for which application threads were stopped: 0.0005104 seconds, Stopping threads took: 0.0001540 seconds
[2022-06-13T02:54:00.078+0000][1][safepoint    ] Application time: 0.0039690 seconds
[2022-06-13T02:54:00.078+0000][1][safepoint    ] Entering safepoint region: RevokeBias
[2022-06-13T02:54:00.079+0000][1][safepoint    ] Leaving safepoint region
[2022-06-13T02:54:00.079+0000][1][safepoint    ] Total time for which application threads were stopped: 0.0005611 seconds, Stopping threads took: 0.0003341 seconds
[2022-06-13T02:54:00.079+0000][1][safepoint    ] Application time: 0.0005271 seconds
[2022-06-13T02:54:00.080+0000][1][safepoint    ] Entering safepoint region: RevokeBias
[2022-06-13T02:54:00.080+0000][1][safepoint    ] Leaving safepoint region
[2022-06-13T02:54:00.080+0000][1][safepoint    ] Total time for which application threads were stopped: 0.0005745 seconds, Stopping threads took: 0.0002506 seconds
[2022-06-13T02:54:00.081+0000][1][safepoint    ] Application time: 0.0001446 seconds
[2022-06-13T02:54:00.081+0000][1][safepoint    ] Entering safepoint region: RevokeBias
[2022-06-13T02:54:00.081+0000][1][safepoint    ] Leaving safepoint region
[2022-06-13T02:54:00.081+0000][1][safepoint    ] Total time for which application threads were stopped: 0.0004106 seconds, Stopping threads took: 0.0002102 seconds
[2022-06-13T02:54:00.082+0000][1][safepoint    ] Application time: 0.0000945 seconds
[2022-06-13T02:54:00.082+0000][1][safepoint    ] Entering safepoint region: RevokeBias
[2022-06-13T02:54:00.082+0000][1][safepoint    ] Leaving safepoint region
[2022-06-13T02:54:00.082+0000][1][safepoint    ] Total time for which application threads were stopped: 0.0003933 seconds, Stopping threads took: 0.0001318 seconds
[2022-06-13T02:54:00.084+0000][1][safepoint    ] Application time: 0.0017361 seconds
[2022-06-13T02:54:00.084+0000][1][safepoint    ] Entering safepoint region: RevokeBias
[2022-06-13T02:54:00.084+0000][1][safepoint    ] Leaving safepoint region
[2022-06-13T02:54:00.085+0000][1][safepoint    ] Total time for which application threads were stopped: 0.0005075 seconds, Stopping threads took: 0.0001823 seconds
[2022-06-13T02:54:00.085+0000][1][safepoint    ] Application time: 0.0000915 seconds
[2022-06-13T02:54:00.085+0000][1][safepoint    ] Entering safepoint region: RevokeBias
[2022-06-13T02:54:00.085+0000][1][safepoint    ] Leaving safepoint region
[2022-06-13T02:54:00.086+0000][1][safepoint    ] Total time for which application threads were stopped: 0.0005408 seconds, Stopping threads took: 0.0003157 seconds
[2022-06-13T02:54:00.087+0000][1][safepoint    ] Application time: 0.0006465 seconds
[2022-06-13T02:54:00.087+0000][1][safepoint    ] Entering safepoint region: RevokeBias
[2022-06-13T02:54:00.087+0000][1][safepoint    ] Leaving safepoint region
[2022-06-13T02:54:00.087+0000][1][safepoint    ] Total time for which application threads were stopped: 0.0005572 seconds, Stopping threads took: 0.0002015 seconds
[2022-06-13T02:54:00.088+0000][1][safepoint    ] Application time: 0.0001271 seconds
[2022-06-13T02:54:00.088+0000][1][safepoint    ] Entering safepoint region: RevokeBias
[2022-06-13T02:54:00.088+0000][1][safepoint    ] Leaving safepoint region
[2022-06-13T02:54:00.088+0000][1][safepoint    ] Total time for which application threads were stopped: 0.0004243 seconds, Stopping threads took: 0.0001967 seconds
[2022-06-13T02:54:00.091+0000][1][safepoint    ] Application time: 0.0026580 seconds
[2022-06-13T02:54:00.091+0000][1][safepoint    ] Entering safepoint region: RevokeBias
[2022-06-13T02:54:00.091+0000][1][safepoint    ] Leaving safepoint region
[2022-06-13T02:54:00.092+0000][1][safepoint    ] Total time for which application threads were stopped: 0.0003769 seconds, Stopping threads took: 0.0001848 seconds
[2022-06-13T02:54:00.092+0000][1][safepoint    ] Application time: 0.0001483 seconds
[2022-06-13T02:54:00.092+0000][1][safepoint    ] Entering safepoint region: RevokeBias
[2022-06-13T02:54:00.093+0000][1][safepoint    ] Leaving safepoint region
[2022-06-13T02:54:00.093+0000][1][safepoint    ] Total time for which application threads were stopped: 0.0009919 seconds, Stopping threads took: 0.0007364 seconds
[2022-06-13T02:54:00.093+0000][1][safepoint    ] Application time: 0.0001492 seconds
[2022-06-13T02:54:00.094+0000][1][safepoint    ] Entering safepoint region: RevokeBias
[2022-06-13T02:54:00.094+0000][1][safepoint    ] Leaving safepoint region
[2022-06-13T02:54:00.094+0000][1][safepoint    ] Total time for which application threads were stopped: 0.0004392 seconds, Stopping threads took: 0.0001382 seconds
[2022-06-13T02:54:00.097+0000][1][safepoint    ] Application time: 0.0028135 seconds
[2022-06-13T02:54:00.097+0000][1][safepoint    ] Entering safepoint region: RevokeBias
[2022-06-13T02:54:00.097+0000][1][safepoint    ] Leaving safepoint region
[2022-06-13T02:54:00.098+0000][1][safepoint    ] Total time for which application threads were stopped: 0.0003995 seconds, Stopping threads took: 0.0001763 seconds
[2022-06-13T02:54:00.098+0000][1][safepoint    ] Application time: 0.0001949 seconds
[2022-06-13T02:54:00.098+0000][1][safepoint    ] Entering safepoint region: RevokeBias
[2022-06-13T02:54:00.098+0000][1][safepoint    ] Leaving safepoint region
[2022-06-13T02:54:00.098+0000][1][safepoint    ] Total time for which application threads were stopped: 0.0004263 seconds, Stopping threads took: 0.0002350 seconds
[2022-06-13T02:54:00.099+0000][1][safepoint    ] Application time: 0.0001454 seconds
[2022-06-13T02:54:00.099+0000][1][safepoint    ] Entering safepoint region: RevokeBias
[2022-06-13T02:54:00.099+0000][1][safepoint    ] Leaving safepoint region
[2022-06-13T02:54:00.099+0000][1][safepoint    ] Total time for which application threads were stopped: 0.0004032 seconds, Stopping threads took: 0.0001657 seconds
[2022-06-13T02:54:00.100+0000][1][safepoint    ] Application time: 0.0001321 seconds
[2022-06-13T02:54:00.100+0000][1][safepoint    ] Entering safepoint region: RevokeBias
[2022-06-13T02:54:00.100+0000][1][safepoint    ] Leaving safepoint region
[2022-06-13T02:54:00.101+0000][1][safepoint    ] Total time for which application threads were stopped: 0.0008537 seconds, Stopping threads took: 0.0003516 seconds
[2022-06-13T02:54:00.102+0000][1][safepoint    ] Application time: 0.0016061 seconds
[2022-06-13T02:54:00.103+0000][1][safepoint    ] Entering safepoint region: RevokeBias
[2022-06-13T02:54:00.103+0000][1][safepoint    ] Leaving safepoint region
[2022-06-13T02:54:00.103+0000][1][safepoint    ] Total time for which application threads were stopped: 0.0006558 seconds, Stopping threads took: 0.0003193 seconds
[2022-06-13T02:54:00.190+0000][1][safepoint    ] Application time: 0.0865353 seconds
[2022-06-13T02:54:00.190+0000][1][safepoint    ] Entering safepoint region: RevokeBias
[2022-06-13T02:54:00.190+0000][1][safepoint    ] Leaving safepoint region
[2022-06-13T02:54:00.190+0000][1][safepoint    ] Total time for which application threads were stopped: 0.0002827 seconds, Stopping threads took: 0.0001167 seconds
[2022-06-13T02:54:00.760+0000][1][safepoint    ] Application time: 0.5697228 seconds
[2022-06-13T02:54:00.760+0000][1][safepoint    ] Entering safepoint region: RevokeBias
[2022-06-13T02:54:00.761+0000][1][safepoint    ] Leaving safepoint region
[2022-06-13T02:54:00.761+0000][1][safepoint    ] Total time for which application threads were stopped: 0.0004635 seconds, Stopping threads took: 0.0002292 seconds
[2022-06-13T02:54:00.761+0000][1][safepoint    ] Application time: 0.0001043 seconds
[2022-06-13T02:54:00.761+0000][1][safepoint    ] Entering safepoint region: RevokeBias
[2022-06-13T02:54:00.761+0000][1][safepoint    ] Leaving safepoint region
[2022-06-13T02:54:00.762+0000][1][safepoint    ] Total time for which application threads were stopped: 0.0003118 seconds, Stopping threads took: 0.0001151 seconds
[2022-06-13T02:54:00.762+0000][1][safepoint    ] Application time: 0.0000971 seconds
[2022-06-13T02:54:00.762+0000][1][safepoint    ] Entering safepoint region: RevokeBias
[2022-06-13T02:54:00.762+0000][1][safepoint    ] Leaving safepoint region
[2022-06-13T02:54:00.762+0000][1][safepoint    ] Total time for which application threads were stopped: 0.0002804 seconds, Stopping threads took: 0.0001282 seconds
[2022-06-13T02:54:00.762+0000][1][safepoint    ] Application time: 0.0000839 seconds
[2022-06-13T02:54:00.763+0000][1][safepoint    ] Entering safepoint region: RevokeBias
[2022-06-13T02:54:00.763+0000][1][safepoint    ] Leaving safepoint region
[2022-06-13T02:54:00.763+0000][1][safepoint    ] Total time for which application threads were stopped: 0.0003926 seconds, Stopping threads took: 0.0002352 seconds
[2022-06-13T02:54:00.763+0000][1][safepoint    ] Application time: 0.0000708 seconds
[2022-06-13T02:54:00.763+0000][1][safepoint    ] Entering safepoint region: RevokeBias
[2022-06-13T02:54:00.763+0000][1][safepoint    ] Leaving safepoint region
[2022-06-13T02:54:00.764+0000][1][safepoint    ] Total time for which application threads were stopped: 0.0002855 seconds, Stopping threads took: 0.0001363 seconds
[2022-06-13T02:54:00.764+0000][1][safepoint    ] Application time: 0.0000916 seconds
[2022-06-13T02:54:00.764+0000][1][safepoint    ] Entering safepoint region: RevokeBias
[2022-06-13T02:54:00.764+0000][1][safepoint    ] Leaving safepoint region
[2022-06-13T02:54:00.764+0000][1][safepoint    ] Total time for which application threads were stopped: 0.0002547 seconds, Stopping threads took: 0.0001296 seconds
[2022-06-13T02:54:00.764+0000][1][safepoint    ] Application time: 0.0000722 seconds
[2022-06-13T02:54:00.765+0000][1][safepoint    ] Entering safepoint region: RevokeBias
[2022-06-13T02:54:00.765+0000][1][safepoint    ] Leaving safepoint region
[2022-06-13T02:54:00.765+0000][1][safepoint    ] Total time for which application threads were stopped: 0.0003616 seconds, Stopping threads took: 0.0001592 seconds
[2022-06-13T02:54:00.765+0000][1][safepoint    ] Application time: 0.0000818 seconds
[2022-06-13T02:54:00.765+0000][1][safepoint    ] Entering safepoint region: RevokeBias
[2022-06-13T02:54:00.765+0000][1][safepoint    ] Leaving safepoint region
[2022-06-13T02:54:00.765+0000][1][safepoint    ] Total time for which application threads were stopped: 0.0002215 seconds, Stopping threads took: 0.0001009 seconds
[2022-06-13T02:54:01.038+0000][1][safepoint    ] Application time: 0.2728017 seconds
[2022-06-13T02:54:01.039+0000][1][safepoint    ] Entering safepoint region: RevokeBias
[2022-06-13T02:54:01.039+0000][1][safepoint    ] Leaving safepoint region
[2022-06-13T02:54:01.039+0000][1][safepoint    ] Total time for which application threads were stopped: 0.0003461 seconds, Stopping threads took: 0.0001424 seconds
[2022-06-13T02:54:02.039+0000][1][safepoint    ] Application time: 1.0001391 seconds
[2022-06-13T02:54:02.039+0000][1][safepoint    ] Entering safepoint region: Cleanup
[2022-06-13T02:54:02.040+0000][1][safepoint    ] Leaving safepoint region
[2022-06-13T02:54:02.040+0000][1][safepoint    ] Total time for which application threads were stopped: 0.0005498 seconds, Stopping threads took: 0.0003018 seconds
[2022-06-13T02:54:03.041+0000][1][safepoint    ] Application time: 1.0002185 seconds
[2022-06-13T02:54:03.041+0000][1][safepoint    ] Entering safepoint region: Cleanup
[2022-06-13T02:54:03.041+0000][1][safepoint    ] Leaving safepoint region
[2022-06-13T02:54:03.041+0000][1][safepoint    ] Total time for which application threads were stopped: 0.0002896 seconds, Stopping threads took: 0.0001391 seconds
[2022-06-13T02:54:03.090+0000][1][safepoint    ] Application time: 0.0487703 seconds
[2022-06-13T02:54:03.091+0000][1][safepoint    ] Entering safepoint region: RevokeBias
[2022-06-13T02:54:03.091+0000][1][safepoint    ] Leaving safepoint region
[2022-06-13T02:54:03.091+0000][1][safepoint    ] Total time for which application threads were stopped: 0.0004653 seconds, Stopping threads took: 0.0002871 seconds
[2022-06-13T02:54:03.091+0000][1][safepoint    ] Application time: 0.0001530 seconds
[2022-06-13T02:54:03.091+0000][1][safepoint    ] Entering safepoint region: RevokeBias
[2022-06-13T02:54:03.092+0000][1][safepoint    ] Leaving safepoint region
[2022-06-13T02:54:03.092+0000][1][safepoint    ] Total time for which application threads were stopped: 0.0003535 seconds, Stopping threads took: 0.0001899 seconds
[2022-06-13T02:54:03.092+0000][1][safepoint    ] Application time: 0.0002110 seconds
[2022-06-13T02:54:03.092+0000][1][safepoint    ] Entering safepoint region: RevokeBias
[2022-06-13T02:54:03.093+0000][1][safepoint    ] Leaving safepoint region
[2022-06-13T02:54:03.093+0000][1][safepoint    ] Total time for which application threads were stopped: 0.0005272 seconds, Stopping threads took: 0.0001730 seconds
[2022-06-13T02:54:03.093+0000][1][safepoint    ] Application time: 0.0001554 seconds
[2022-06-13T02:54:03.094+0000][1][safepoint    ] Entering safepoint region: RevokeBias
[2022-06-13T02:54:03.094+0000][1][safepoint    ] Leaving safepoint region
[2022-06-13T02:54:03.094+0000][1][safepoint    ] Total time for which application threads were stopped: 0.0004104 seconds, Stopping threads took: 0.0002528 seconds
[2022-06-13T02:54:04.041+0000][1][safepoint    ] Application time: 0.9474720 seconds
[2022-06-13T02:54:04.042+0000][1][safepoint    ] Entering safepoint region: RevokeBias
[2022-06-13T02:54:04.042+0000][1][safepoint    ] Leaving safepoint region
[2022-06-13T02:54:04.043+0000][1][safepoint    ] Total time for which application threads were stopped: 0.0007426 seconds, Stopping threads took: 0.0003480 seconds
[2022-06-13T02:54:04.043+0000][1][safepoint    ] Application time: 0.0003856 seconds
[2022-06-13T02:54:04.044+0000][1][safepoint    ] Entering safepoint region: RevokeBias
[2022-06-13T02:54:04.044+0000][1][safepoint    ] Leaving safepoint region
[2022-06-13T02:54:04.044+0000][1][safepoint    ] Total time for which application threads were stopped: 0.0004403 seconds, Stopping threads took: 0.0001406 seconds
[2022-06-13T02:54:04.045+0000][1][safepoint    ] Application time: 0.0002732 seconds
[2022-06-13T02:54:04.045+0000][1][safepoint    ] Entering safepoint region: RevokeBias
[2022-06-13T02:54:04.045+0000][1][safepoint    ] Leaving safepoint region
[2022-06-13T02:54:04.045+0000][1][safepoint    ] Total time for which application threads were stopped: 0.0002861 seconds, Stopping threads took: 0.0001267 seconds
[2022-06-13T02:54:04.045+0000][1][safepoint    ] Application time: 0.0001352 seconds
[2022-06-13T02:54:04.046+0000][1][safepoint    ] Entering safepoint region: RevokeBias
[2022-06-13T02:54:04.046+0000][1][safepoint    ] Leaving safepoint region
[2022-06-13T02:54:04.046+0000][1][safepoint    ] Total time for which application threads were stopped: 0.0006957 seconds, Stopping threads took: 0.0003196 seconds
[2022-06-13T02:54:04.047+0000][1][safepoint    ] Application time: 0.0003492 seconds
[2022-06-13T02:54:04.047+0000][1][safepoint    ] Entering safepoint region: RevokeBias
[2022-06-13T02:54:04.048+0000][1][safepoint    ] Leaving safepoint region
[2022-06-13T02:54:04.048+0000][1][safepoint    ] Total time for which application threads were stopped: 0.0008946 seconds, Stopping threads took: 0.0004464 seconds
[2022-06-13T02:54:04.049+0000][1][safepoint    ] Application time: 0.0002241 seconds
[2022-06-13T02:54:04.049+0000][1][safepoint    ] Entering safepoint region: RevokeBias
[2022-06-13T02:54:04.049+0000][1][safepoint    ] Leaving safepoint region
[2022-06-13T02:54:04.050+0000][1][safepoint    ] Total time for which application threads were stopped: 0.0006776 seconds, Stopping threads took: 0.0003967 seconds
[2022-06-13T02:54:04.050+0000][1][safepoint    ] Application time: 0.0002672 seconds
[2022-06-13T02:54:04.050+0000][1][safepoint    ] Entering safepoint region: RevokeBias
[2022-06-13T02:54:04.051+0000][1][safepoint    ] Leaving safepoint region
[2022-06-13T02:54:04.051+0000][1][safepoint    ] Total time for which application threads were stopped: 0.0005070 seconds, Stopping threads took: 0.0002458 seconds
[2022-06-13T02:54:04.051+0000][1][safepoint    ] Application time: 0.0001248 seconds
[2022-06-13T02:54:04.051+0000][1][safepoint    ] Entering safepoint region: RevokeBias
[2022-06-13T02:54:04.052+0000][1][safepoint    ] Leaving safepoint region
[2022-06-13T02:54:04.052+0000][1][safepoint    ] Total time for which application threads were stopped: 0.0009227 seconds, Stopping threads took: 0.0004430 seconds
[2022-06-13T02:54:05.769+0000][1][safepoint    ] Application time: 1.7168634 seconds
[2022-06-13T02:54:05.770+0000][1][safepoint    ] Entering safepoint region: Cleanup
[2022-06-13T02:54:05.770+0000][1][safepoint    ] Leaving safepoint region
[2022-06-13T02:54:05.771+0000][1][safepoint    ] Total time for which application threads were stopped: 0.0007268 seconds, Stopping threads took: 0.0003088 seconds
[2022-06-13T02:54:07.041+0000][1][safepoint    ] Application time: 1.2702565 seconds
[2022-06-13T02:54:07.042+0000][1][safepoint    ] Entering safepoint region: RevokeBias
[2022-06-13T02:54:07.042+0000][1][safepoint    ] Leaving safepoint region
[2022-06-13T02:54:07.043+0000][1][safepoint    ] Total time for which application threads were stopped: 0.0009236 seconds, Stopping threads took: 0.0005168 seconds
[2022-06-13T02:54:07.043+0000][1][safepoint    ] Application time: 0.0006167 seconds
[2022-06-13T02:54:07.044+0000][1][safepoint    ] Entering safepoint region: RevokeBias
[2022-06-13T02:54:07.044+0000][1][safepoint    ] Leaving safepoint region
[2022-06-13T02:54:07.044+0000][1][safepoint    ] Total time for which application threads were stopped: 0.0008417 seconds, Stopping threads took: 0.0003857 seconds
[2022-06-13T02:54:08.045+0000][1][safepoint    ] Application time: 1.0000823 seconds
[2022-06-13T02:54:08.045+0000][1][safepoint    ] Entering safepoint region: RevokeBias
[2022-06-13T02:54:08.046+0000][1][safepoint    ] Leaving safepoint region
[2022-06-13T02:54:08.046+0000][1][safepoint    ] Total time for which application threads were stopped: 0.0006277 seconds, Stopping threads took: 0.0001859 seconds
[2022-06-13T02:54:08.047+0000][1][safepoint    ] Application time: 0.0003347 seconds
[2022-06-13T02:54:08.047+0000][1][safepoint    ] Entering safepoint region: RevokeBias
[2022-06-13T02:54:08.047+0000][1][safepoint    ] Leaving safepoint region
[2022-06-13T02:54:08.048+0000][1][safepoint    ] Total time for which application threads were stopped: 0.0005753 seconds, Stopping threads took: 0.0003231 seconds
[2022-06-13T02:54:08.048+0000][1][safepoint    ] Application time: 0.0001672 seconds
[2022-06-13T02:54:08.048+0000][1][safepoint    ] Entering safepoint region: RevokeBias
[2022-06-13T02:54:08.049+0000][1][safepoint    ] Leaving safepoint region
[2022-06-13T02:54:08.049+0000][1][safepoint    ] Total time for which application threads were stopped: 0.0007869 seconds, Stopping threads took: 0.0006222 seconds
[2022-06-13T02:54:08.050+0000][1][safepoint    ] Application time: 0.0001786 seconds
[2022-06-13T02:54:08.050+0000][1][safepoint    ] Entering safepoint region: RevokeBias
[2022-06-13T02:54:08.050+0000][1][safepoint    ] Leaving safepoint region
[2022-06-13T02:54:08.050+0000][1][safepoint    ] Total time for which application threads were stopped: 0.0006134 seconds, Stopping threads took: 0.0003013 seconds
[2022-06-13T02:54:08.051+0000][1][safepoint    ] Application time: 0.0001484 seconds
[2022-06-13T02:54:08.051+0000][1][safepoint    ] Entering safepoint region: RevokeBias
[2022-06-13T02:54:08.052+0000][1][safepoint    ] Leaving safepoint region
[2022-06-13T02:54:08.052+0000][1][safepoint    ] Total time for which application threads were stopped: 0.0007185 seconds, Stopping threads took: 0.0002744 seconds
[2022-06-13T02:54:08.052+0000][1][safepoint    ] Application time: 0.0003018 seconds
[2022-06-13T02:54:08.053+0000][1][safepoint    ] Entering safepoint region: RevokeBias
[2022-06-13T02:54:08.053+0000][1][safepoint    ] Leaving safepoint region
[2022-06-13T02:54:08.053+0000][1][safepoint    ] Total time for which application threads were stopped: 0.0005139 seconds, Stopping threads took: 0.0002748 seconds
[2022-06-13T02:54:08.054+0000][1][safepoint    ] Application time: 0.0004282 seconds
[2022-06-13T02:54:08.054+0000][1][safepoint    ] Entering safepoint region: RevokeBias
[2022-06-13T02:54:08.055+0000][1][safepoint    ] Leaving safepoint region
[2022-06-13T02:54:08.055+0000][1][safepoint    ] Total time for which application threads were stopped: 0.0006073 seconds, Stopping threads took: 0.0003213 seconds
[2022-06-13T02:54:08.080+0000][1][safepoint    ] Application time: 0.0247980 seconds
[2022-06-13T02:54:08.080+0000][1][safepoint    ] Entering safepoint region: RevokeBias
[2022-06-13T02:54:08.080+0000][1][safepoint    ] Leaving safepoint region
[2022-06-13T02:54:08.081+0000][1][safepoint    ] Total time for which application threads were stopped: 0.0004949 seconds, Stopping threads took: 0.0002238 seconds
[2022-06-13T02:54:08.081+0000][1][safepoint    ] Application time: 0.0001387 seconds
[2022-06-13T02:54:08.081+0000][1][safepoint    ] Entering safepoint region: RevokeBias
[2022-06-13T02:54:08.081+0000][1][safepoint    ] Leaving safepoint region
[2022-06-13T02:54:08.082+0000][1][safepoint    ] Total time for which application threads were stopped: 0.0003443 seconds, Stopping threads took: 0.0002122 seconds
[2022-06-13T02:54:09.082+0000][1][safepoint    ] Application time: 1.0001123 seconds
[2022-06-13T02:54:09.082+0000][1][safepoint    ] Entering safepoint region: Cleanup
[2022-06-13T02:54:09.083+0000][1][safepoint    ] Leaving safepoint region
[2022-06-13T02:54:09.083+0000][1][safepoint    ] Total time for which application threads were stopped: 0.0006941 seconds, Stopping threads took: 0.0002637 seconds
[2022-06-13T02:54:10.083+0000][1][safepoint    ] Application time: 1.0001867 seconds
[2022-06-13T02:54:10.084+0000][1][safepoint    ] Entering safepoint region: Cleanup
[2022-06-13T02:54:10.085+0000][1][safepoint    ] Leaving safepoint region
[2022-06-13T02:54:10.085+0000][1][safepoint    ] Total time for which application threads were stopped: 0.0011923 seconds, Stopping threads took: 0.0005716 seconds
[2022-06-13T02:54:11.045+0000][1][safepoint    ] Application time: 0.9586695 seconds
[2022-06-13T02:54:11.046+0000][1][safepoint    ] Entering safepoint region: RevokeBias
[2022-06-13T02:54:11.046+0000][1][safepoint    ] Leaving safepoint region
[2022-06-13T02:54:11.046+0000][1][safepoint    ] Total time for which application threads were stopped: 0.0012343 seconds, Stopping threads took: 0.0007703 seconds
[2022-06-13T02:54:11.047+0000][1][safepoint    ] Application time: 0.0003832 seconds
[2022-06-13T02:54:11.047+0000][1][safepoint    ] Entering safepoint region: RevokeBias
[2022-06-13T02:54:11.048+0000][1][safepoint    ] Leaving safepoint region
[2022-06-13T02:54:11.048+0000][1][safepoint    ] Total time for which application threads were stopped: 0.0009068 seconds, Stopping threads took: 0.0005420 seconds
[2022-06-13T02:54:12.045+0000][1][safepoint    ] Application time: 0.9964759 seconds
[2022-06-13T02:54:12.046+0000][1][safepoint    ] Entering safepoint region: RevokeBias
[2022-06-13T02:54:12.046+0000][1][safepoint    ] Leaving safepoint region
[2022-06-13T02:54:12.046+0000][1][safepoint    ] Total time for which application threads were stopped: 0.0005862 seconds, Stopping threads took: 0.0003358 seconds
[2022-06-13T02:54:12.046+0000][1][safepoint    ] Application time: 0.0002861 seconds
[2022-06-13T02:54:12.047+0000][1][safepoint    ] Entering safepoint region: RevokeBias
[2022-06-13T02:54:12.047+0000][1][safepoint    ] Leaving safepoint region
[2022-06-13T02:54:12.047+0000][1][safepoint    ] Total time for which application threads were stopped: 0.0004229 seconds, Stopping threads took: 0.0002606 seconds
[2022-06-13T02:54:12.047+0000][1][safepoint    ] Application time: 0.0001786 seconds
[2022-06-13T02:54:12.047+0000][1][safepoint    ] Entering safepoint region: RevokeBias
[2022-06-13T02:54:12.048+0000][1][safepoint    ] Leaving safepoint region
[2022-06-13T02:54:12.048+0000][1][safepoint    ] Total time for which application threads were stopped: 0.0002762 seconds, Stopping threads took: 0.0001109 seconds
[2022-06-13T02:54:12.048+0000][1][safepoint    ] Application time: 0.0001375 seconds
[2022-06-13T02:54:12.048+0000][1][safepoint    ] Entering safepoint region: RevokeBias
[2022-06-13T02:54:12.048+0000][1][safepoint    ] Leaving safepoint region
[2022-06-13T02:54:12.049+0000][1][safepoint    ] Total time for which application threads were stopped: 0.0007709 seconds, Stopping threads took: 0.0002966 seconds
[2022-06-13T02:54:12.049+0000][1][safepoint    ] Application time: 0.0003159 seconds
[2022-06-13T02:54:12.050+0000][1][safepoint    ] Entering safepoint region: RevokeBias
[2022-06-13T02:54:12.050+0000][1][safepoint    ] Leaving safepoint region
[2022-06-13T02:54:12.050+0000][1][safepoint    ] Total time for which application threads were stopped: 0.0007948 seconds, Stopping threads took: 0.0003115 seconds
[2022-06-13T02:54:12.051+0000][1][safepoint    ] Application time: 0.0002272 seconds
[2022-06-13T02:54:12.051+0000][1][safepoint    ] Entering safepoint region: RevokeBias
[2022-06-13T02:54:12.052+0000][1][safepoint    ] Leaving safepoint region
[2022-06-13T02:54:12.052+0000][1][safepoint    ] Total time for which application threads were stopped: 0.0009217 seconds, Stopping threads took: 0.0003886 seconds
[2022-06-13T02:54:12.052+0000][1][safepoint    ] Application time: 0.0001882 seconds
[2022-06-13T02:54:12.053+0000][1][safepoint    ] Entering safepoint region: RevokeBias
[2022-06-13T02:54:12.053+0000][1][safepoint    ] Leaving safepoint region
[2022-06-13T02:54:12.053+0000][1][safepoint    ] Total time for which application threads were stopped: 0.0005370 seconds, Stopping threads took: 0.0001833 seconds
[2022-06-13T02:54:13.054+0000][1][safepoint    ] Application time: 1.0002151 seconds
[2022-06-13T02:54:13.054+0000][1][safepoint    ] Entering safepoint region: Cleanup
[2022-06-13T02:54:13.054+0000][1][safepoint    ] Leaving safepoint region
[2022-06-13T02:54:13.055+0000][1][safepoint    ] Total time for which application threads were stopped: 0.0006297 seconds, Stopping threads took: 0.0002716 seconds
[2022-06-13T02:54:14.055+0000][1][safepoint    ] Application time: 1.0003030 seconds
[2022-06-13T02:54:14.056+0000][1][safepoint    ] Entering safepoint region: Cleanup
[2022-06-13T02:54:14.056+0000][1][safepoint    ] Leaving safepoint region
[2022-06-13T02:54:14.056+0000][1][safepoint    ] Total time for which application threads were stopped: 0.0007005 seconds, Stopping threads took: 0.0001991 seconds
[2022-06-13T02:54:15.045+0000][1][safepoint    ] Application time: 0.9884609 seconds
[2022-06-13T02:54:15.046+0000][1][safepoint    ] Entering safepoint region: RevokeBias
[2022-06-13T02:54:15.047+0000][1][safepoint    ] Leaving safepoint region
[2022-06-13T02:54:15.047+0000][1][safepoint    ] Total time for which application threads were stopped: 0.0012219 seconds, Stopping threads took: 0.0005252 seconds
[2022-06-13T02:54:16.048+0000][1][safepoint    ] Application time: 1.0005893 seconds
[2022-06-13T02:54:16.049+0000][1][safepoint    ] Entering safepoint region: RevokeBias
[2022-06-13T02:54:16.050+0000][1][safepoint    ] Leaving safepoint region
[2022-06-13T02:54:16.050+0000][1][safepoint    ] Total time for which application threads were stopped: 0.0014266 seconds, Stopping threads took: 0.0003652 seconds
[2022-06-13T02:54:16.052+0000][1][safepoint    ] Application time: 0.0007974 seconds
[2022-06-13T02:54:16.052+0000][1][safepoint    ] Entering safepoint region: RevokeBias
[2022-06-13T02:54:16.053+0000][1][safepoint    ] Leaving safepoint region
[2022-06-13T02:54:16.054+0000][1][safepoint    ] Total time for which application threads were stopped: 0.0016466 seconds, Stopping threads took: 0.0006369 seconds
[2022-06-13T02:54:16.055+0000][1][safepoint    ] Application time: 0.0005121 seconds
[2022-06-13T02:54:16.055+0000][1][safepoint    ] Entering safepoint region: RevokeBias
[2022-06-13T02:54:16.056+0000][1][safepoint    ] Leaving safepoint region
[2022-06-13T02:54:16.057+0000][1][safepoint    ] Total time for which application threads were stopped: 0.0015140 seconds, Stopping threads took: 0.0006505 seconds
[2022-06-13T02:54:16.058+0000][1][safepoint    ] Application time: 0.0008003 seconds
[2022-06-13T02:54:16.059+0000][1][safepoint    ] Entering safepoint region: RevokeBias
[2022-06-13T02:54:16.059+0000][1][safepoint    ] Leaving safepoint region
[2022-06-13T02:54:16.060+0000][1][safepoint    ] Total time for which application threads were stopped: 0.0008453 seconds, Stopping threads took: 0.0002041 seconds
[2022-06-13T02:54:16.061+0000][1][safepoint    ] Application time: 0.0004346 seconds
[2022-06-13T02:54:16.061+0000][1][safepoint    ] Entering safepoint region: RevokeBias
[2022-06-13T02:54:16.062+0000][1][safepoint    ] Leaving safepoint region
[2022-06-13T02:54:16.062+0000][1][safepoint    ] Total time for which application threads were stopped: 0.0012362 seconds, Stopping threads took: 0.0004209 seconds
[2022-06-13T02:54:16.063+0000][1][safepoint    ] Application time: 0.0005258 seconds
[2022-06-13T02:54:16.064+0000][1][safepoint    ] Entering safepoint region: BulkRevokeBias
[2022-06-13T02:54:16.065+0000][1][safepoint    ] Leaving safepoint region
[2022-06-13T02:54:16.065+0000][1][safepoint    ] Total time for which application threads were stopped: 0.0012560 seconds, Stopping threads took: 0.0005506 seconds
[2022-06-13T02:54:17.066+0000][1][safepoint    ] Application time: 1.0002979 seconds
[2022-06-13T02:54:17.066+0000][1][safepoint    ] Entering safepoint region: Cleanup
[2022-06-13T02:54:17.067+0000][1][safepoint    ] Leaving safepoint region
[2022-06-13T02:54:17.068+0000][1][safepoint    ] Total time for which application threads were stopped: 0.0012376 seconds, Stopping threads took: 0.0005588 seconds
[2022-06-13T02:54:18.068+0000][1][safepoint    ] Application time: 1.0001466 seconds
[2022-06-13T02:54:18.068+0000][1][safepoint    ] Entering safepoint region: Cleanup
[2022-06-13T02:54:18.069+0000][1][safepoint    ] Leaving safepoint region
[2022-06-13T02:54:18.069+0000][1][safepoint    ] Total time for which application threads were stopped: 0.0004090 seconds, Stopping threads took: 0.0002172 seconds
[2022-06-13T02:54:19.048+0000][1][safepoint    ] Application time: 0.9789935 seconds
[2022-06-13T02:54:19.049+0000][1][safepoint    ] Entering safepoint region: RevokeBias
[2022-06-13T02:54:19.049+0000][1][safepoint    ] Leaving safepoint region
[2022-06-13T02:54:19.050+0000][1][safepoint    ] Total time for which application threads were stopped: 0.0010112 seconds, Stopping threads took: 0.0004434 seconds
[2022-06-13T02:54:19.050+0000][1][safepoint    ] Application time: 0.0002443 seconds
[2022-06-13T02:54:19.051+0000][1][safepoint    ] Entering safepoint region: BulkRevokeBias
[2022-06-13T02:54:19.052+0000][1][safepoint    ] Leaving safepoint region
[2022-06-13T02:54:19.052+0000][1][safepoint    ] Total time for which application threads were stopped: 0.0014283 seconds, Stopping threads took: 0.0004234 seconds
[2022-06-13T02:54:20.049+0000][1][safepoint    ] Application time: 0.9958071 seconds
[2022-06-13T02:54:20.049+0000][1][safepoint    ] Entering safepoint region: RevokeBias
[2022-06-13T02:54:20.049+0000][1][safepoint    ] Leaving safepoint region
[2022-06-13T02:54:20.050+0000][1][safepoint    ] Total time for which application threads were stopped: 0.0008717 seconds, Stopping threads took: 0.0003382 seconds
[2022-06-13T02:54:20.051+0000][1][safepoint    ] Application time: 0.0012097 seconds
[2022-06-13T02:54:20.052+0000][1][safepoint    ] Entering safepoint region: RevokeBias
[2022-06-13T02:54:20.052+0000][1][safepoint    ] Leaving safepoint region
[2022-06-13T02:54:20.053+0000][1][safepoint    ] Total time for which application threads were stopped: 0.0010508 seconds, Stopping threads took: 0.0004474 seconds
[2022-06-13T02:54:20.054+0000][1][safepoint    ] Application time: 0.0006285 seconds
[2022-06-13T02:54:20.054+0000][1][safepoint    ] Entering safepoint region: RevokeBias
[2022-06-13T02:54:20.055+0000][1][safepoint    ] Leaving safepoint region
[2022-06-13T02:54:20.055+0000][1][safepoint    ] Total time for which application threads were stopped: 0.0008843 seconds, Stopping threads took: 0.0003640 seconds
[2022-06-13T02:54:20.056+0000][1][safepoint    ] Application time: 0.0005062 seconds
[2022-06-13T02:54:20.057+0000][1][safepoint    ] Entering safepoint region: RevokeBias
[2022-06-13T02:54:20.057+0000][1][safepoint    ] Leaving safepoint region
[2022-06-13T02:54:20.058+0000][1][safepoint    ] Total time for which application threads were stopped: 0.0008583 seconds, Stopping threads took: 0.0004715 seconds
[2022-06-13T02:54:21.058+0000][1][safepoint    ] Application time: 1.0001498 seconds
[2022-06-13T02:54:21.058+0000][1][safepoint    ] Entering safepoint region: Cleanup
[2022-06-13T02:54:21.058+0000][1][safepoint    ] Leaving safepoint region
[2022-06-13T02:54:21.059+0000][1][safepoint    ] Total time for which application threads were stopped: 0.0003825 seconds, Stopping threads took: 0.0001343 seconds
[2022-06-13T02:54:22.059+0000][1][safepoint    ] Application time: 1.0001003 seconds
[2022-06-13T02:54:22.059+0000][1][safepoint    ] Entering safepoint region: Cleanup
[2022-06-13T02:54:22.060+0000][1][safepoint    ] Leaving safepoint region
[2022-06-13T02:54:22.060+0000][1][safepoint    ] Total time for which application threads were stopped: 0.0007334 seconds, Stopping threads took: 0.0003560 seconds
[2022-06-13T02:54:23.049+0000][1][safepoint    ] Application time: 0.9883296 seconds
[2022-06-13T02:54:23.049+0000][1][safepoint    ] Entering safepoint region: RevokeBias
[2022-06-13T02:54:23.050+0000][1][safepoint    ] Leaving safepoint region
[2022-06-13T02:54:23.050+0000][1][safepoint    ] Total time for which application threads were stopped: 0.0006427 seconds, Stopping threads took: 0.0003174 seconds
[2022-06-13T02:54:23.051+0000][1][safepoint    ] Application time: 0.0010328 seconds
[2022-06-13T02:54:23.051+0000][1][safepoint    ] Entering safepoint region: RevokeBias
[2022-06-13T02:54:23.052+0000][1][safepoint    ] Leaving safepoint region
[2022-06-13T02:54:23.052+0000][1][safepoint    ] Total time for which application threads were stopped: 0.0005252 seconds, Stopping threads took: 0.0002380 seconds
[2022-06-13T02:54:23.053+0000][1][safepoint    ] Application time: 0.0004149 seconds
[2022-06-13T02:54:23.053+0000][1][safepoint    ] Entering safepoint region: RevokeBias
[2022-06-13T02:54:23.053+0000][1][safepoint    ] Leaving safepoint region
[2022-06-13T02:54:23.053+0000][1][safepoint    ] Total time for which application threads were stopped: 0.0005241 seconds, Stopping threads took: 0.0002685 seconds
[2022-06-13T02:54:24.051+0000][1][safepoint    ] Application time: 0.9976295 seconds
[2022-06-13T02:54:24.052+0000][1][safepoint    ] Entering safepoint region: RevokeBias
[2022-06-13T02:54:24.052+0000][1][safepoint    ] Leaving safepoint region
[2022-06-13T02:54:24.052+0000][1][safepoint    ] Total time for which application threads were stopped: 0.0006839 seconds, Stopping threads took: 0.0002283 seconds
[2022-06-13T02:54:24.053+0000][1][safepoint    ] Application time: 0.0003848 seconds
[2022-06-13T02:54:24.053+0000][1][safepoint    ] Entering safepoint region: RevokeBias
[2022-06-13T02:54:24.053+0000][1][safepoint    ] Leaving safepoint region
[2022-06-13T02:54:24.054+0000][1][safepoint    ] Total time for which application threads were stopped: 0.0005510 seconds, Stopping threads took: 0.0001710 seconds
[2022-06-13T02:54:24.055+0000][1][safepoint    ] Application time: 0.0006048 seconds
[2022-06-13T02:54:24.055+0000][1][safepoint    ] Entering safepoint region: RevokeBias
[2022-06-13T02:54:24.055+0000][1][safepoint    ] Leaving safepoint region
[2022-06-13T02:54:24.056+0000][1][safepoint    ] Total time for which application threads were stopped: 0.0006949 seconds, Stopping threads took: 0.0001885 seconds
[2022-06-13T02:54:25.056+0000][1][safepoint    ] Application time: 1.0002959 seconds
[2022-06-13T02:54:25.057+0000][1][safepoint    ] Entering safepoint region: Cleanup
[2022-06-13T02:54:25.058+0000][1][safepoint    ] Leaving safepoint region
[2022-06-13T02:54:25.059+0000][1][safepoint    ] Total time for which application threads were stopped: 0.0013698 seconds, Stopping threads took: 0.0006304 seconds
[2022-06-13T02:54:26.059+0000][1][safepoint    ] Application time: 1.0000980 seconds
[2022-06-13T02:54:26.060+0000][1][safepoint    ] Entering safepoint region: Cleanup
[2022-06-13T02:54:26.060+0000][1][safepoint    ] Leaving safepoint region
[2022-06-13T02:54:26.061+0000][1][safepoint    ] Total time for which application threads were stopped: 0.0008011 seconds, Stopping threads took: 0.0003559 seconds
[2022-06-13T02:54:27.051+0000][1][safepoint    ] Application time: 0.9899812 seconds
[2022-06-13T02:54:27.052+0000][1][safepoint    ] Entering safepoint region: RevokeBias
[2022-06-13T02:54:27.053+0000][1][safepoint    ] Leaving safepoint region
[2022-06-13T02:54:27.053+0000][1][safepoint    ] Total time for which application threads were stopped: 0.0012425 seconds, Stopping threads took: 0.0006385 seconds
[2022-06-13T02:54:27.054+0000][1][safepoint    ] Application time: 0.0004170 seconds
[2022-06-13T02:54:27.054+0000][1][safepoint    ] Entering safepoint region: RevokeBias
[2022-06-13T02:54:27.055+0000][1][safepoint    ] Leaving safepoint region
[2022-06-13T02:54:27.055+0000][1][safepoint    ] Total time for which application threads were stopped: 0.0008011 seconds, Stopping threads took: 0.0005532 seconds
[2022-06-13T02:54:28.052+0000][1][safepoint    ] Application time: 0.9971368 seconds
[2022-06-13T02:54:28.053+0000][1][safepoint    ] Entering safepoint region: RevokeBias
[2022-06-13T02:54:28.054+0000][1][safepoint    ] Leaving safepoint region
[2022-06-13T02:54:28.054+0000][1][safepoint    ] Total time for which application threads were stopped: 0.0010161 seconds, Stopping threads took: 0.0004532 seconds
[2022-06-13T02:54:28.055+0000][1][safepoint    ] Application time: 0.0007854 seconds
[2022-06-13T02:54:28.055+0000][1][safepoint    ] Entering safepoint region: RevokeBias
[2022-06-13T02:54:28.056+0000][1][safepoint    ] Leaving safepoint region
[2022-06-13T02:54:28.056+0000][1][safepoint    ] Total time for which application threads were stopped: 0.0006223 seconds, Stopping threads took: 0.0003085 seconds
[2022-06-13T02:54:28.057+0000][1][safepoint    ] Application time: 0.0004220 seconds
[2022-06-13T02:54:28.057+0000][1][safepoint    ] Entering safepoint region: RevokeBias
[2022-06-13T02:54:28.058+0000][1][safepoint    ] Leaving safepoint region
[2022-06-13T02:54:28.058+0000][1][safepoint    ] Total time for which application threads were stopped: 0.0007117 seconds, Stopping threads took: 0.0003827 seconds
[2022-06-13T02:54:28.059+0000][1][safepoint    ] Application time: 0.0004908 seconds
[2022-06-13T02:54:28.059+0000][1][safepoint    ] Entering safepoint region: RevokeBias
[2022-06-13T02:54:28.059+0000][1][safepoint    ] Leaving safepoint region
[2022-06-13T02:54:28.060+0000][1][safepoint    ] Total time for which application threads were stopped: 0.0006741 seconds, Stopping threads took: 0.0003636 seconds
[2022-06-13T02:54:29.060+0000][1][safepoint    ] Application time: 1.0003131 seconds
[2022-06-13T02:54:29.061+0000][1][safepoint    ] Entering safepoint region: Cleanup
[2022-06-13T02:54:29.061+0000][1][safepoint    ] Leaving safepoint region
[2022-06-13T02:54:29.061+0000][1][safepoint    ] Total time for which application threads were stopped: 0.0007340 seconds, Stopping threads took: 0.0003264 seconds
[2022-06-13T02:54:30.062+0000][1][safepoint    ] Application time: 1.0001234 seconds
[2022-06-13T02:54:30.063+0000][1][safepoint    ] Entering safepoint region: Cleanup
[2022-06-13T02:54:30.063+0000][1][safepoint    ] Leaving safepoint region
[2022-06-13T02:54:30.063+0000][1][safepoint    ] Total time for which application threads were stopped: 0.0007846 seconds, Stopping threads took: 0.0004058 seconds
[2022-06-13T02:54:30.070+0000][1][safepoint    ] Application time: 0.0063267 seconds
[2022-06-13T02:54:30.070+0000][1][safepoint    ] Entering safepoint region: RevokeBias
[2022-06-13T02:54:30.071+0000][1][safepoint    ] Leaving safepoint region
[2022-06-13T02:54:30.071+0000][1][safepoint    ] Total time for which application threads were stopped: 0.0004381 seconds, Stopping threads took: 0.0001577 seconds
[2022-06-13T02:54:30.071+0000][1][safepoint    ] Application time: 0.0003337 seconds
[2022-06-13T02:54:30.072+0000][1][safepoint    ] Entering safepoint region: RevokeBias
[2022-06-13T02:54:30.072+0000][1][safepoint    ] Leaving safepoint region
[2022-06-13T02:54:30.072+0000][1][safepoint    ] Total time for which application threads were stopped: 0.0005862 seconds, Stopping threads took: 0.0002679 seconds
[2022-06-13T02:54:30.074+0000][1][safepoint    ] Application time: 0.0017873 seconds
[2022-06-13T02:54:30.075+0000][1][safepoint    ] Entering safepoint region: RevokeBias
[2022-06-13T02:54:30.075+0000][1][safepoint    ] Leaving safepoint region
[2022-06-13T02:54:30.075+0000][1][safepoint    ] Total time for which application threads were stopped: 0.0005521 seconds, Stopping threads took: 0.0002413 seconds
[2022-06-13T02:54:30.076+0000][1][safepoint    ] Application time: 0.0001473 seconds
[2022-06-13T02:54:30.076+0000][1][safepoint    ] Entering safepoint region: RevokeBias
[2022-06-13T02:54:30.077+0000][1][safepoint    ] Leaving safepoint region
[2022-06-13T02:54:30.077+0000][1][safepoint    ] Total time for which application threads were stopped: 0.0011013 seconds, Stopping threads took: 0.0005898 seconds
[2022-06-13T02:54:31.052+0000][1][safepoint    ] Application time: 0.9747570 seconds
[2022-06-13T02:54:31.053+0000][1][safepoint    ] Entering safepoint region: RevokeBias
[2022-06-13T02:54:31.053+0000][1][safepoint    ] Leaving safepoint region
[2022-06-13T02:54:31.054+0000][1][safepoint    ] Total time for which application threads were stopped: 0.0011043 seconds, Stopping threads took: 0.0004912 seconds
[2022-06-13T02:54:31.054+0000][1][safepoint    ] Application time: 0.0003329 seconds
[2022-06-13T02:54:31.055+0000][1][safepoint    ] Entering safepoint region: RevokeBias
[2022-06-13T02:54:31.055+0000][1][safepoint    ] Leaving safepoint region
[2022-06-13T02:54:31.055+0000][1][safepoint    ] Total time for which application threads were stopped: 0.0004051 seconds, Stopping threads took: 0.0001774 seconds
[2022-06-13T02:54:31.056+0000][1][safepoint    ] Application time: 0.0002628 seconds
[2022-06-13T02:54:31.056+0000][1][safepoint    ] Entering safepoint region: RevokeBias
[2022-06-13T02:54:31.057+0000][1][safepoint    ] Leaving safepoint region
[2022-06-13T02:54:31.057+0000][1][safepoint    ] Total time for which application threads were stopped: 0.0008602 seconds, Stopping threads took: 0.0003628 seconds
[2022-06-13T02:54:32.054+0000][1][safepoint    ] Application time: 0.9964104 seconds
[2022-06-13T02:54:32.055+0000][1][safepoint    ] Entering safepoint region: RevokeBias
[2022-06-13T02:54:32.055+0000][1][safepoint    ] Leaving safepoint region
[2022-06-13T02:54:32.056+0000][1][safepoint    ] Total time for which application threads were stopped: 0.0013501 seconds, Stopping threads took: 0.0004442 seconds
[2022-06-13T02:54:32.057+0000][1][safepoint    ] Application time: 0.0004225 seconds
[2022-06-13T02:54:32.057+0000][1][safepoint    ] Entering safepoint region: RevokeBias
[2022-06-13T02:54:32.058+0000][1][safepoint    ] Leaving safepoint region
[2022-06-13T02:54:32.058+0000][1][safepoint    ] Total time for which application threads were stopped: 0.0012643 seconds, Stopping threads took: 0.0003897 seconds
[2022-06-13T02:54:32.059+0000][1][safepoint    ] Application time: 0.0004572 seconds
[2022-06-13T02:54:32.059+0000][1][safepoint    ] Entering safepoint region: RevokeBias
[2022-06-13T02:54:32.060+0000][1][safepoint    ] Leaving safepoint region
[2022-06-13T02:54:32.060+0000][1][safepoint    ] Total time for which application threads were stopped: 0.0009872 seconds, Stopping threads took: 0.0002753 seconds
[2022-06-13T02:54:33.061+0000][1][safepoint    ] Application time: 1.0001692 seconds
[2022-06-13T02:54:33.061+0000][1][safepoint    ] Entering safepoint region: Cleanup
[2022-06-13T02:54:33.062+0000][1][safepoint    ] Leaving safepoint region
[2022-06-13T02:54:33.062+0000][1][safepoint    ] Total time for which application threads were stopped: 0.0007058 seconds, Stopping threads took: 0.0002795 seconds
[2022-06-13T02:54:34.062+0000][1][safepoint    ] Application time: 1.0002286 seconds
[2022-06-13T02:54:34.063+0000][1][safepoint    ] Entering safepoint region: Cleanup
[2022-06-13T02:54:34.063+0000][1][safepoint    ] Leaving safepoint region
[2022-06-13T02:54:34.064+0000][1][safepoint    ] Total time for which application threads were stopped: 0.0005155 seconds, Stopping threads took: 0.0002694 seconds
[2022-06-13T02:54:35.055+0000][1][safepoint    ] Application time: 0.9907879 seconds
[2022-06-13T02:54:35.055+0000][1][safepoint    ] Entering safepoint region: RevokeBias
[2022-06-13T02:54:35.056+0000][1][safepoint    ] Leaving safepoint region
[2022-06-13T02:54:35.056+0000][1][safepoint    ] Total time for which application threads were stopped: 0.0010050 seconds, Stopping threads took: 0.0004705 seconds
[2022-06-13T02:54:35.057+0000][1][safepoint    ] Application time: 0.0007006 seconds
[2022-06-13T02:54:35.057+0000][1][safepoint    ] Entering safepoint region: RevokeBias
[2022-06-13T02:54:35.058+0000][1][safepoint    ] Leaving safepoint region
[2022-06-13T02:54:35.058+0000][1][safepoint    ] Total time for which application threads were stopped: 0.0004610 seconds, Stopping threads took: 0.0002118 seconds
[2022-06-13T02:54:36.056+0000][1][safepoint    ] Application time: 0.9984466 seconds
[2022-06-13T02:54:36.057+0000][1][safepoint    ] Entering safepoint region: BulkRevokeBias
[2022-06-13T02:54:36.059+0000][1][safepoint    ] Leaving safepoint region
[2022-06-13T02:54:36.059+0000][1][safepoint    ] Total time for which application threads were stopped: 0.0018674 seconds, Stopping threads took: 0.0005781 seconds
[2022-06-13T02:54:39.056+0000][1][safepoint    ] Application time: 2.9972071 seconds
[2022-06-13T02:54:39.057+0000][1][safepoint    ] Entering safepoint region: RevokeBias
[2022-06-13T02:54:39.058+0000][1][safepoint    ] Leaving safepoint region
[2022-06-13T02:54:39.059+0000][1][safepoint    ] Total time for which application threads were stopped: 0.0021250 seconds, Stopping threads took: 0.0004825 seconds
[2022-06-13T02:54:40.059+0000][1][safepoint    ] Application time: 1.0002664 seconds
[2022-06-13T02:54:40.060+0000][1][safepoint    ] Entering safepoint region: Cleanup
[2022-06-13T02:54:40.060+0000][1][safepoint    ] Leaving safepoint region
[2022-06-13T02:54:40.060+0000][1][safepoint    ] Total time for which application threads were stopped: 0.0007023 seconds, Stopping threads took: 0.0002451 seconds
[2022-06-13T02:54:41.061+0000][1][safepoint    ] Application time: 1.0001082 seconds
[2022-06-13T02:54:41.061+0000][1][safepoint    ] Entering safepoint region: Cleanup
[2022-06-13T02:54:41.062+0000][1][safepoint    ] Leaving safepoint region
[2022-06-13T02:54:41.062+0000][1][safepoint    ] Total time for which application threads were stopped: 0.0005554 seconds, Stopping threads took: 0.0003257 seconds
[2022-06-13T02:54:42.062+0000][1][safepoint    ] Application time: 1.0001779 seconds
[2022-06-13T02:54:42.063+0000][1][safepoint    ] Entering safepoint region: Cleanup
[2022-06-13T02:54:42.063+0000][1][safepoint    ] Leaving safepoint region
[2022-06-13T02:54:42.063+0000][1][safepoint    ] Total time for which application threads were stopped: 0.0004908 seconds, Stopping threads took: 0.0001398 seconds
[2022-06-13T02:54:43.063+0000][1][safepoint    ] Application time: 1.0001582 seconds
[2022-06-13T02:54:43.064+0000][1][safepoint    ] Entering safepoint region: Cleanup
[2022-06-13T02:54:43.064+0000][1][safepoint    ] Leaving safepoint region
[2022-06-13T02:54:43.064+0000][1][safepoint    ] Total time for which application threads were stopped: 0.0004661 seconds, Stopping threads took: 0.0002219 seconds
[2022-06-13T02:54:44.064+0000][1][safepoint    ] Application time: 1.0001970 seconds
[2022-06-13T02:54:44.064+0000][1][safepoint    ] Entering safepoint region: Cleanup
[2022-06-13T02:54:44.065+0000][1][safepoint    ] Leaving safepoint region
[2022-06-13T02:54:44.065+0000][1][safepoint    ] Total time for which application threads were stopped: 0.0004006 seconds, Stopping threads took: 0.0002163 seconds
[2022-06-13T02:54:45.065+0000][1][safepoint    ] Application time: 1.0000888 seconds
[2022-06-13T02:54:45.066+0000][1][safepoint    ] Entering safepoint region: Cleanup
[2022-06-13T02:54:45.066+0000][1][safepoint    ] Leaving safepoint region
[2022-06-13T02:54:45.067+0000][1][safepoint    ] Total time for which application threads were stopped: 0.0013969 seconds, Stopping threads took: 0.0006248 seconds
[2022-06-13T02:54:46.068+0000][1][safepoint    ] Application time: 1.0002503 seconds
[2022-06-13T02:54:46.068+0000][1][safepoint    ] Entering safepoint region: Cleanup
[2022-06-13T02:54:46.068+0000][1][safepoint    ] Leaving safepoint region
[2022-06-13T02:54:46.068+0000][1][safepoint    ] Total time for which application threads were stopped: 0.0002942 seconds, Stopping threads took: 0.0001570 seconds
[2022-06-13T02:54:47.068+0000][1][safepoint    ] Application time: 1.0001047 seconds
[2022-06-13T02:54:47.069+0000][1][safepoint    ] Entering safepoint region: Cleanup
[2022-06-13T02:54:47.069+0000][1][safepoint    ] Leaving safepoint region
[2022-06-13T02:54:47.069+0000][1][safepoint    ] Total time for which application threads were stopped: 0.0006370 seconds, Stopping threads took: 0.0003160 seconds
[2022-06-13T02:54:48.069+0000][1][safepoint    ] Application time: 1.0001301 seconds
[2022-06-13T02:54:48.070+0000][1][safepoint    ] Entering safepoint region: Cleanup
[2022-06-13T02:54:48.070+0000][1][safepoint    ] Leaving safepoint region
[2022-06-13T02:54:48.070+0000][1][safepoint    ] Total time for which application threads were stopped: 0.0004482 seconds, Stopping threads took: 0.0001736 seconds
[2022-06-13T02:54:49.070+0000][1][safepoint    ] Application time: 1.0001176 seconds
[2022-06-13T02:54:49.071+0000][1][safepoint    ] Entering safepoint region: Cleanup
[2022-06-13T02:54:49.071+0000][1][safepoint    ] Leaving safepoint region
[2022-06-13T02:54:49.071+0000][1][safepoint    ] Total time for which application threads were stopped: 0.0005292 seconds, Stopping threads took: 0.0002220 seconds
[2022-06-13T02:54:49.088+0000][1][safepoint    ] Application time: 0.0170942 seconds
[2022-06-13T02:54:49.089+0000][1][safepoint    ] Entering safepoint region: RevokeBias
[2022-06-13T02:54:49.089+0000][1][safepoint    ] Leaving safepoint region
[2022-06-13T02:54:49.089+0000][1][safepoint    ] Total time for which application threads were stopped: 0.0003551 seconds, Stopping threads took: 0.0001489 seconds
[2022-06-13T02:54:50.089+0000][1][safepoint    ] Application time: 1.0001244 seconds
[2022-06-13T02:54:50.090+0000][1][safepoint    ] Entering safepoint region: Cleanup
[2022-06-13T02:54:50.090+0000][1][safepoint    ] Leaving safepoint region
[2022-06-13T02:54:50.090+0000][1][safepoint    ] Total time for which application threads were stopped: 0.0005322 seconds, Stopping threads took: 0.0002176 seconds
[2022-06-13T02:54:51.090+0000][1][safepoint    ] Application time: 1.0001181 seconds
[2022-06-13T02:54:51.091+0000][1][safepoint    ] Entering safepoint region: Cleanup
[2022-06-13T02:54:51.091+0000][1][safepoint    ] Leaving safepoint region
[2022-06-13T02:54:51.092+0000][1][safepoint    ] Total time for which application threads were stopped: 0.0007627 seconds, Stopping threads took: 0.0002994 seconds
[2022-06-13T02:54:52.092+0000][1][safepoint    ] Application time: 1.0001286 seconds
[2022-06-13T02:54:52.092+0000][1][safepoint    ] Entering safepoint region: Cleanup
[2022-06-13T02:54:52.093+0000][1][safepoint    ] Leaving safepoint region
[2022-06-13T02:54:52.093+0000][1][safepoint    ] Total time for which application threads were stopped: 0.0004895 seconds, Stopping threads took: 0.0002688 seconds
[2022-06-13T02:54:53.093+0000][1][safepoint    ] Application time: 1.0002482 seconds
[2022-06-13T02:54:53.094+0000][1][safepoint    ] Entering safepoint region: Cleanup
[2022-06-13T02:54:53.094+0000][1][safepoint    ] Leaving safepoint region
[2022-06-13T02:54:53.095+0000][1][safepoint    ] Total time for which application threads were stopped: 0.0010256 seconds, Stopping threads took: 0.0004601 seconds
[2022-06-13T02:54:54.095+0000][1][safepoint    ] Application time: 1.0001698 seconds
[2022-06-13T02:54:54.096+0000][1][safepoint    ] Entering safepoint region: Cleanup
[2022-06-13T02:54:54.096+0000][1][safepoint    ] Leaving safepoint region
[2022-06-13T02:54:54.096+0000][1][safepoint    ] Total time for which application threads were stopped: 0.0005190 seconds, Stopping threads took: 0.0001978 seconds
[2022-06-13T02:54:55.096+0000][1][safepoint    ] Application time: 1.0002349 seconds
[2022-06-13T02:54:55.097+0000][1][safepoint    ] Entering safepoint region: Cleanup
[2022-06-13T02:54:55.097+0000][1][safepoint    ] Leaving safepoint region
[2022-06-13T02:54:55.098+0000][1][safepoint    ] Total time for which application threads were stopped: 0.0006726 seconds, Stopping threads took: 0.0002809 seconds
[2022-06-13T02:54:56.098+0000][1][safepoint    ] Application time: 1.0002809 seconds
[2022-06-13T02:54:56.099+0000][1][safepoint    ] Entering safepoint region: Cleanup
[2022-06-13T02:54:56.100+0000][1][safepoint    ] Leaving safepoint region
[2022-06-13T02:54:56.100+0000][1][safepoint    ] Total time for which application threads were stopped: 0.0009610 seconds, Stopping threads took: 0.0005499 seconds
[2022-06-13T02:54:57.100+0000][1][safepoint    ] Application time: 1.0001947 seconds
[2022-06-13T02:54:57.101+0000][1][safepoint    ] Entering safepoint region: Cleanup
[2022-06-13T02:54:57.101+0000][1][safepoint    ] Leaving safepoint region
[2022-06-13T02:54:57.102+0000][1][safepoint    ] Total time for which application threads were stopped: 0.0010004 seconds, Stopping threads took: 0.0004170 seconds
[2022-06-13T02:54:58.102+0000][1][safepoint    ] Application time: 1.0002526 seconds
[2022-06-13T02:54:58.103+0000][1][safepoint    ] Entering safepoint region: Cleanup
[2022-06-13T02:54:58.103+0000][1][safepoint    ] Leaving safepoint region
[2022-06-13T02:54:58.104+0000][1][safepoint    ] Total time for which application threads were stopped: 0.0009394 seconds, Stopping threads took: 0.0004182 seconds
[2022-06-13T02:54:59.104+0000][1][safepoint    ] Application time: 1.0001752 seconds
[2022-06-13T02:54:59.105+0000][1][safepoint    ] Entering safepoint region: Cleanup
[2022-06-13T02:54:59.106+0000][1][safepoint    ] Leaving safepoint region
[2022-06-13T02:54:59.106+0000][1][safepoint    ] Total time for which application threads were stopped: 0.0007665 seconds, Stopping threads took: 0.0003553 seconds
[2022-06-13T02:55:00.106+0000][1][safepoint    ] Application time: 1.0002253 seconds
[2022-06-13T02:55:00.107+0000][1][safepoint    ] Entering safepoint region: Cleanup
[2022-06-13T02:55:00.108+0000][1][safepoint    ] Leaving safepoint region
[2022-06-13T02:55:00.108+0000][1][safepoint    ] Total time for which application threads were stopped: 0.0012046 seconds, Stopping threads took: 0.0005620 seconds
[2022-06-13T02:55:01.109+0000][1][safepoint    ] Application time: 1.0001273 seconds
[2022-06-13T02:55:01.110+0000][1][safepoint    ] Entering safepoint region: Cleanup
[2022-06-13T02:55:01.110+0000][1][safepoint    ] Leaving safepoint region
[2022-06-13T02:55:01.110+0000][1][safepoint    ] Total time for which application threads were stopped: 0.0004286 seconds, Stopping threads took: 0.0001596 seconds
[2022-06-13T02:55:02.110+0000][1][safepoint    ] Application time: 1.0002987 seconds
[2022-06-13T02:55:02.111+0000][1][safepoint    ] Entering safepoint region: Cleanup
[2022-06-13T02:55:02.112+0000][1][safepoint    ] Leaving safepoint region
[2022-06-13T02:55:02.113+0000][1][safepoint    ] Total time for which application threads were stopped: 0.0014912 seconds, Stopping threads took: 0.0007131 seconds
[2022-06-13T02:55:03.114+0000][1][safepoint    ] Application time: 1.0003166 seconds
[2022-06-13T02:55:03.114+0000][1][safepoint    ] Entering safepoint region: Cleanup
[2022-06-13T02:55:03.115+0000][1][safepoint    ] Leaving safepoint region
[2022-06-13T02:55:03.115+0000][1][safepoint    ] Total time for which application threads were stopped: 0.0008818 seconds, Stopping threads took: 0.0003515 seconds
[2022-06-13T02:55:04.116+0000][1][safepoint    ] Application time: 1.0001337 seconds
[2022-06-13T02:55:04.116+0000][1][safepoint    ] Entering safepoint region: Cleanup
[2022-06-13T02:55:04.117+0000][1][safepoint    ] Leaving safepoint region
[2022-06-13T02:55:04.117+0000][1][safepoint    ] Total time for which application threads were stopped: 0.0006682 seconds, Stopping threads took: 0.0002803 seconds
[2022-06-13T02:55:05.117+0000][1][safepoint    ] Application time: 1.0001080 seconds
[2022-06-13T02:55:05.118+0000][1][safepoint    ] Entering safepoint region: Cleanup
[2022-06-13T02:55:05.118+0000][1][safepoint    ] Leaving safepoint region
[2022-06-13T02:55:05.118+0000][1][safepoint    ] Total time for which application threads were stopped: 0.0005417 seconds, Stopping threads took: 0.0002283 seconds
[2022-06-13T02:55:06.119+0000][1][safepoint    ] Application time: 1.0001268 seconds
[2022-06-13T02:55:06.119+0000][1][safepoint    ] Entering safepoint region: Cleanup
[2022-06-13T02:55:06.120+0000][1][safepoint    ] Leaving safepoint region
[2022-06-13T02:55:06.120+0000][1][safepoint    ] Total time for which application threads were stopped: 0.0011121 seconds, Stopping threads took: 0.0005323 seconds
[2022-06-13T02:55:07.121+0000][1][safepoint    ] Application time: 1.0002508 seconds
[2022-06-13T02:55:07.122+0000][1][safepoint    ] Entering safepoint region: Cleanup
[2022-06-13T02:55:07.123+0000][1][safepoint    ] Leaving safepoint region
[2022-06-13T02:55:07.123+0000][1][safepoint    ] Total time for which application threads were stopped: 0.0013928 seconds, Stopping threads took: 0.0006902 seconds
[2022-06-13T02:55:08.124+0000][1][safepoint    ] Application time: 1.0001717 seconds
[2022-06-13T02:55:08.124+0000][1][safepoint    ] Entering safepoint region: Cleanup
[2022-06-13T02:55:08.125+0000][1][safepoint    ] Leaving safepoint region
[2022-06-13T02:55:08.125+0000][1][safepoint    ] Total time for which application threads were stopped: 0.0008065 seconds, Stopping threads took: 0.0003751 seconds
[2022-06-13T02:55:09.126+0000][1][safepoint    ] Application time: 1.0001282 seconds
[2022-06-13T02:55:09.126+0000][1][safepoint    ] Entering safepoint region: Cleanup
[2022-06-13T02:55:09.126+0000][1][safepoint    ] Leaving safepoint region
[2022-06-13T02:55:09.127+0000][1][safepoint    ] Total time for which application threads were stopped: 0.0004581 seconds, Stopping threads took: 0.0001923 seconds
[2022-06-13T02:55:10.127+0000][1][safepoint    ] Application time: 1.0001529 seconds
[2022-06-13T02:55:10.127+0000][1][safepoint    ] Entering safepoint region: Cleanup
[2022-06-13T02:55:10.128+0000][1][safepoint    ] Leaving safepoint region
[2022-06-13T02:55:10.128+0000][1][safepoint    ] Total time for which application threads were stopped: 0.0004868 seconds, Stopping threads took: 0.0002108 seconds
[2022-06-13T02:55:11.128+0000][1][safepoint    ] Application time: 1.0001763 seconds
[2022-06-13T02:55:11.129+0000][1][safepoint    ] Entering safepoint region: Cleanup
[2022-06-13T02:55:11.129+0000][1][safepoint    ] Leaving safepoint region
[2022-06-13T02:55:11.130+0000][1][safepoint    ] Total time for which application threads were stopped: 0.0011464 seconds, Stopping threads took: 0.0004429 seconds
[2022-06-13T02:55:12.131+0000][1][safepoint    ] Application time: 1.0001815 seconds
[2022-06-13T02:55:12.131+0000][1][safepoint    ] Entering safepoint region: Cleanup
[2022-06-13T02:55:12.132+0000][1][safepoint    ] Leaving safepoint region
[2022-06-13T02:55:12.132+0000][1][safepoint    ] Total time for which application threads were stopped: 0.0010681 seconds, Stopping threads took: 0.0004972 seconds
[2022-06-13T02:55:13.133+0000][1][safepoint    ] Application time: 1.0001972 seconds
[2022-06-13T02:55:13.133+0000][1][safepoint    ] Entering safepoint region: Cleanup
[2022-06-13T02:55:13.134+0000][1][safepoint    ] Leaving safepoint region
[2022-06-13T02:55:13.135+0000][1][safepoint    ] Total time for which application threads were stopped: 0.0010829 seconds, Stopping threads took: 0.0004858 seconds
[2022-06-13T02:55:14.135+0000][1][safepoint    ] Application time: 1.0003425 seconds
[2022-06-13T02:55:14.136+0000][1][safepoint    ] Entering safepoint region: Cleanup
[2022-06-13T02:55:14.137+0000][1][safepoint    ] Leaving safepoint region
[2022-06-13T02:55:14.137+0000][1][safepoint    ] Total time for which application threads were stopped: 0.0010796 seconds, Stopping threads took: 0.0004832 seconds
[2022-06-13T02:55:15.138+0000][1][safepoint    ] Application time: 1.0003164 seconds
[2022-06-13T02:55:15.139+0000][1][safepoint    ] Entering safepoint region: Cleanup
[2022-06-13T02:55:15.139+0000][1][safepoint    ] Leaving safepoint region
[2022-06-13T02:55:15.139+0000][1][safepoint    ] Total time for which application threads were stopped: 0.0007741 seconds, Stopping threads took: 0.0003883 seconds
[2022-06-13T02:55:16.140+0000][1][safepoint    ] Application time: 1.0003025 seconds
[2022-06-13T02:55:16.141+0000][1][safepoint    ] Entering safepoint region: Cleanup
[2022-06-13T02:55:16.141+0000][1][safepoint    ] Leaving safepoint region
[2022-06-13T02:55:16.141+0000][1][safepoint    ] Total time for which application threads were stopped: 0.0008336 seconds, Stopping threads took: 0.0003779 seconds
[2022-06-13T02:55:17.142+0000][1][safepoint    ] Application time: 1.0002629 seconds
[2022-06-13T02:55:17.143+0000][1][safepoint    ] Entering safepoint region: Cleanup
[2022-06-13T02:55:17.143+0000][1][safepoint    ] Leaving safepoint region
[2022-06-13T02:55:17.143+0000][1][safepoint    ] Total time for which application threads were stopped: 0.0005507 seconds, Stopping threads took: 0.0002452 seconds
[2022-06-13T02:55:18.143+0000][1][safepoint    ] Application time: 1.0001536 seconds
[2022-06-13T02:55:18.144+0000][1][safepoint    ] Entering safepoint region: Cleanup
[2022-06-13T02:55:18.145+0000][1][safepoint    ] Leaving safepoint region
[2022-06-13T02:55:18.145+0000][1][safepoint    ] Total time for which application threads were stopped: 0.0008348 seconds, Stopping threads took: 0.0003265 seconds
[2022-06-13T02:55:19.145+0000][1][safepoint    ] Application time: 1.0001399 seconds
[2022-06-13T02:55:19.146+0000][1][safepoint    ] Entering safepoint region: Cleanup
[2022-06-13T02:55:19.146+0000][1][safepoint    ] Leaving safepoint region
[2022-06-13T02:55:19.147+0000][1][safepoint    ] Total time for which application threads were stopped: 0.0012672 seconds, Stopping threads took: 0.0005512 seconds
[2022-06-13T02:55:20.148+0000][1][safepoint    ] Application time: 1.0003093 seconds
[2022-06-13T02:55:20.149+0000][1][safepoint    ] Entering safepoint region: Cleanup
[2022-06-13T02:55:20.150+0000][1][safepoint    ] Leaving safepoint region
[2022-06-13T02:55:20.151+0000][1][safepoint    ] Total time for which application threads were stopped: 0.0019401 seconds, Stopping threads took: 0.0010699 seconds
[2022-06-13T02:55:21.151+0000][1][safepoint    ] Application time: 1.0002183 seconds
[2022-06-13T02:55:21.152+0000][1][safepoint    ] Entering safepoint region: Cleanup
[2022-06-13T02:55:21.152+0000][1][safepoint    ] Leaving safepoint region
[2022-06-13T02:55:21.153+0000][1][safepoint    ] Total time for which application threads were stopped: 0.0008782 seconds, Stopping threads took: 0.0004407 seconds
[2022-06-13T02:55:22.153+0000][1][safepoint    ] Application time: 1.0001759 seconds
[2022-06-13T02:55:22.154+0000][1][safepoint    ] Entering safepoint region: Cleanup
[2022-06-13T02:55:22.155+0000][1][safepoint    ] Leaving safepoint region
[2022-06-13T02:55:22.155+0000][1][safepoint    ] Total time for which application threads were stopped: 0.0011349 seconds, Stopping threads took: 0.0005067 seconds
[2022-06-13T02:55:23.156+0000][1][safepoint    ] Application time: 1.0002292 seconds
[2022-06-13T02:55:23.157+0000][1][safepoint    ] Entering safepoint region: Cleanup
[2022-06-13T02:55:23.158+0000][1][safepoint    ] Leaving safepoint region
[2022-06-13T02:55:23.158+0000][1][safepoint    ] Total time for which application threads were stopped: 0.0010260 seconds, Stopping threads took: 0.0004827 seconds
[2022-06-13T02:55:24.159+0000][1][safepoint    ] Application time: 1.0002225 seconds
[2022-06-13T02:55:24.159+0000][1][safepoint    ] Entering safepoint region: Cleanup
[2022-06-13T02:55:24.159+0000][1][safepoint    ] Leaving safepoint region
[2022-06-13T02:55:24.160+0000][1][safepoint    ] Total time for which application threads were stopped: 0.0009403 seconds, Stopping threads took: 0.0003157 seconds
[2022-06-13T02:55:25.160+0000][1][safepoint    ] Application time: 1.0001093 seconds
[2022-06-13T02:55:25.161+0000][1][safepoint    ] Entering safepoint region: Cleanup
[2022-06-13T02:55:25.161+0000][1][safepoint    ] Leaving safepoint region
[2022-06-13T02:55:25.161+0000][1][safepoint    ] Total time for which application threads were stopped: 0.0006615 seconds, Stopping threads took: 0.0002820 seconds
[2022-06-13T02:55:26.162+0000][1][safepoint    ] Application time: 1.0002013 seconds
[2022-06-13T02:55:26.163+0000][1][safepoint    ] Entering safepoint region: Cleanup
[2022-06-13T02:55:26.163+0000][1][safepoint    ] Leaving safepoint region
[2022-06-13T02:55:26.164+0000][1][safepoint    ] Total time for which application threads were stopped: 0.0011863 seconds, Stopping threads took: 0.0004841 seconds
[2022-06-13T02:55:27.164+0000][1][safepoint    ] Application time: 1.0002125 seconds
[2022-06-13T02:55:27.165+0000][1][safepoint    ] Entering safepoint region: Cleanup
[2022-06-13T02:55:27.166+0000][1][safepoint    ] Leaving safepoint region
[2022-06-13T02:55:27.167+0000][1][safepoint    ] Total time for which application threads were stopped: 0.0014744 seconds, Stopping threads took: 0.0007091 seconds
[2022-06-13T02:55:28.167+0000][1][safepoint    ] Application time: 1.0001360 seconds
[2022-06-13T02:55:28.168+0000][1][safepoint    ] Entering safepoint region: Cleanup
[2022-06-13T02:55:28.168+0000][1][safepoint    ] Leaving safepoint region
[2022-06-13T02:55:28.168+0000][1][safepoint    ] Total time for which application threads were stopped: 0.0004980 seconds, Stopping threads took: 0.0001955 seconds
[2022-06-13T02:55:29.169+0000][1][safepoint    ] Application time: 1.0001753 seconds
[2022-06-13T02:55:29.169+0000][1][safepoint    ] Entering safepoint region: Cleanup
[2022-06-13T02:55:29.170+0000][1][safepoint    ] Leaving safepoint region
[2022-06-13T02:55:29.170+0000][1][safepoint    ] Total time for which application threads were stopped: 0.0009180 seconds, Stopping threads took: 0.0004058 seconds
[2022-06-13T02:55:30.171+0000][1][safepoint    ] Application time: 1.0002749 seconds
[2022-06-13T02:55:30.171+0000][1][safepoint    ] Entering safepoint region: Cleanup
[2022-06-13T02:55:30.172+0000][1][safepoint    ] Leaving safepoint region
[2022-06-13T02:55:30.172+0000][1][safepoint    ] Total time for which application threads were stopped: 0.0007981 seconds, Stopping threads took: 0.0003907 seconds
[2022-06-13T02:55:31.173+0000][1][safepoint    ] Application time: 1.0002501 seconds
[2022-06-13T02:55:31.173+0000][1][safepoint    ] Entering safepoint region: Cleanup
[2022-06-13T02:55:31.174+0000][1][safepoint    ] Leaving safepoint region
[2022-06-13T02:55:31.174+0000][1][safepoint    ] Total time for which application threads were stopped: 0.0011692 seconds, Stopping threads took: 0.0005729 seconds
[2022-06-13T02:55:32.175+0000][1][safepoint    ] Application time: 1.0001739 seconds
[2022-06-13T02:55:32.175+0000][1][safepoint    ] Entering safepoint region: Cleanup
[2022-06-13T02:55:32.176+0000][1][safepoint    ] Leaving safepoint region
[2022-06-13T02:55:32.176+0000][1][safepoint    ] Total time for which application threads were stopped: 0.0007480 seconds, Stopping threads took: 0.0003328 seconds
[2022-06-13T02:55:33.077+0000][1][safepoint    ] Application time: 0.9006104 seconds
[2022-06-13T02:55:33.078+0000][1][safepoint    ] Entering safepoint region: RevokeBias
[2022-06-13T02:55:33.078+0000][1][safepoint    ] Leaving safepoint region
[2022-06-13T02:55:33.078+0000][1][safepoint    ] Total time for which application threads were stopped: 0.0007189 seconds, Stopping threads took: 0.0003088 seconds
[2022-06-13T02:55:34.079+0000][1][safepoint    ] Application time: 1.0002610 seconds
[2022-06-13T02:55:34.079+0000][1][safepoint    ] Entering safepoint region: Cleanup
[2022-06-13T02:55:34.080+0000][1][safepoint    ] Leaving safepoint region
[2022-06-13T02:55:34.080+0000][1][safepoint    ] Total time for which application threads were stopped: 0.0010851 seconds, Stopping threads took: 0.0004880 seconds
[2022-06-13T02:55:35.081+0000][1][safepoint    ] Application time: 1.0001976 seconds
[2022-06-13T02:55:35.081+0000][1][safepoint    ] Entering safepoint region: Cleanup
[2022-06-13T02:55:35.082+0000][1][safepoint    ] Leaving safepoint region
[2022-06-13T02:55:35.082+0000][1][safepoint    ] Total time for which application threads were stopped: 0.0009454 seconds, Stopping threads took: 0.0004214 seconds
[2022-06-13T02:55:36.083+0000][1][safepoint    ] Application time: 1.0003161 seconds
[2022-06-13T02:55:36.084+0000][1][safepoint    ] Entering safepoint region: Cleanup
[2022-06-13T02:55:36.084+0000][1][safepoint    ] Leaving safepoint region
[2022-06-13T02:55:36.084+0000][1][safepoint    ] Total time for which application threads were stopped: 0.0008901 seconds, Stopping threads took: 0.0004905 seconds
[2022-06-13T02:55:37.085+0000][1][safepoint    ] Application time: 1.0001291 seconds
[2022-06-13T02:55:37.086+0000][1][safepoint    ] Entering safepoint region: Cleanup
[2022-06-13T02:55:37.086+0000][1][safepoint    ] Leaving safepoint region
[2022-06-13T02:55:37.087+0000][1][safepoint    ] Total time for which application threads were stopped: 0.0012111 seconds, Stopping threads took: 0.0004335 seconds
[2022-06-13T02:55:38.088+0000][1][safepoint    ] Application time: 1.0002806 seconds
[2022-06-13T02:55:38.088+0000][1][safepoint    ] Entering safepoint region: Cleanup
[2022-06-13T02:55:38.089+0000][1][safepoint    ] Leaving safepoint region
[2022-06-13T02:55:38.089+0000][1][safepoint    ] Total time for which application threads were stopped: 0.0007517 seconds, Stopping threads took: 0.0002955 seconds
[2022-06-13T02:55:39.090+0000][1][safepoint    ] Application time: 1.0002543 seconds
[2022-06-13T02:55:39.090+0000][1][safepoint    ] Entering safepoint region: Cleanup
[2022-06-13T02:55:39.091+0000][1][safepoint    ] Leaving safepoint region
[2022-06-13T02:55:39.091+0000][1][safepoint    ] Total time for which application threads were stopped: 0.0008295 seconds, Stopping threads took: 0.0002183 seconds
[2022-06-13T02:55:40.092+0000][1][safepoint    ] Application time: 1.0001805 seconds
[2022-06-13T02:55:40.092+0000][1][safepoint    ] Entering safepoint region: Cleanup
[2022-06-13T02:55:40.092+0000][1][safepoint    ] Leaving safepoint region
[2022-06-13T02:55:40.093+0000][1][safepoint    ] Total time for which application threads were stopped: 0.0004893 seconds, Stopping threads took: 0.0002467 seconds
[2022-06-13T02:55:41.093+0000][1][safepoint    ] Application time: 1.0003372 seconds
[2022-06-13T02:55:41.094+0000][1][safepoint    ] Entering safepoint region: Cleanup
[2022-06-13T02:55:41.094+0000][1][safepoint    ] Leaving safepoint region
[2022-06-13T02:55:41.095+0000][1][safepoint    ] Total time for which application threads were stopped: 0.0009201 seconds, Stopping threads took: 0.0004789 seconds
[2022-06-13T02:55:42.095+0000][1][safepoint    ] Application time: 1.0001268 seconds
[2022-06-13T02:55:42.096+0000][1][safepoint    ] Entering safepoint region: Cleanup
[2022-06-13T02:55:42.096+0000][1][safepoint    ] Leaving safepoint region
[2022-06-13T02:55:42.096+0000][1][safepoint    ] Total time for which application threads were stopped: 0.0006668 seconds, Stopping threads took: 0.0003192 seconds
[2022-06-13T02:55:43.097+0000][1][safepoint    ] Application time: 1.0001462 seconds
[2022-06-13T02:55:43.098+0000][1][safepoint    ] Entering safepoint region: Cleanup
[2022-06-13T02:55:43.098+0000][1][safepoint    ] Leaving safepoint region
[2022-06-13T02:55:43.099+0000][1][safepoint    ] Total time for which application threads were stopped: 0.0013118 seconds, Stopping threads took: 0.0006316 seconds
[2022-06-13T02:55:43.830+0000][1][safepoint    ] Application time: 0.7307472 seconds
[2022-06-13T02:55:43.831+0000][1][safepoint    ] Entering safepoint region: GenCollectForAllocation
[2022-06-13T02:55:43.832+0000][1][gc,start     ] GC(22) Pause Young (Allocation Failure)
[2022-06-13T02:55:43.832+0000][1][gc,task      ] GC(22) Using 5 workers of 13 for evacuation
[2022-06-13T02:55:43.838+0000][1][gc,age       ] GC(22) Desired survivor size 4456448 bytes, new threshold 2 (max threshold 6)
[2022-06-13T02:55:43.839+0000][1][gc,age       ] GC(22) Age table with threshold 2 (max threshold 6)
[2022-06-13T02:55:43.840+0000][1][gc,age       ] GC(22) - age   1:    1379816 bytes,    1379816 total
[2022-06-13T02:55:43.840+0000][1][gc,age       ] GC(22) - age   2:    3641800 bytes,    5021616 total
[2022-06-13T02:55:43.841+0000][1][gc,heap      ] GC(22) ParNew: 77765K->7075K(78656K)
[2022-06-13T02:55:43.842+0000][1][gc,heap      ] GC(22) CMS: 62497K->63961K(174784K)
[2022-06-13T02:55:43.842+0000][1][gc,metaspace ] GC(22) Metaspace: 64681K->64681K(1107968K)
[2022-06-13T02:55:43.843+0000][1][gc           ] GC(22) Pause Young (Allocation Failure) 136M->69M(247M) 11.006ms
[2022-06-13T02:55:43.843+0000][1][gc,cpu       ] GC(22) User=0.03s Sys=0.00s Real=0.01s
[2022-06-13T02:55:43.844+0000][1][safepoint    ] Leaving safepoint region
[2022-06-13T02:55:43.844+0000][1][safepoint    ] Total time for which application threads were stopped: 0.0132199 seconds, Stopping threads took: 0.0004694 seconds
[2022-06-13T02:55:44.845+0000][1][safepoint    ] Application time: 1.0001866 seconds
[2022-06-13T02:55:44.845+0000][1][safepoint    ] Entering safepoint region: Cleanup
[2022-06-13T02:55:44.846+0000][1][safepoint    ] Leaving safepoint region
[2022-06-13T02:55:44.846+0000][1][safepoint    ] Total time for which application threads were stopped: 0.0007655 seconds, Stopping threads took: 0.0004082 seconds
[2022-06-13T02:55:45.847+0000][1][safepoint    ] Application time: 1.0003829 seconds
[2022-06-13T02:55:45.847+0000][1][safepoint    ] Entering safepoint region: Cleanup
[2022-06-13T02:55:45.848+0000][1][safepoint    ] Leaving safepoint region
[2022-06-13T02:55:45.848+0000][1][safepoint    ] Total time for which application threads were stopped: 0.0006029 seconds, Stopping threads took: 0.0003325 seconds
[2022-06-13T02:55:46.848+0000][1][safepoint    ] Application time: 1.0001996 seconds
[2022-06-13T02:55:46.849+0000][1][safepoint    ] Entering safepoint region: Cleanup
[2022-06-13T02:55:46.849+0000][1][safepoint    ] Leaving safepoint region
[2022-06-13T02:55:46.850+0000][1][safepoint    ] Total time for which application threads were stopped: 0.0011167 seconds, Stopping threads took: 0.0004774 seconds
[2022-06-13T02:55:47.851+0000][1][safepoint    ] Application time: 1.0002656 seconds
[2022-06-13T02:55:47.851+0000][1][safepoint    ] Entering safepoint region: Cleanup
[2022-06-13T02:55:47.851+0000][1][safepoint    ] Leaving safepoint region
[2022-06-13T02:55:47.852+0000][1][safepoint    ] Total time for which application threads were stopped: 0.0007039 seconds, Stopping threads took: 0.0002923 seconds
[2022-06-13T02:55:48.852+0000][1][safepoint    ] Application time: 1.0002308 seconds
[2022-06-13T02:55:48.853+0000][1][safepoint    ] Entering safepoint region: Cleanup
[2022-06-13T02:55:48.853+0000][1][safepoint    ] Leaving safepoint region
[2022-06-13T02:55:48.853+0000][1][safepoint    ] Total time for which application threads were stopped: 0.0006493 seconds, Stopping threads took: 0.0002316 seconds
[2022-06-13T02:55:49.854+0000][1][safepoint    ] Application time: 1.0001087 seconds
[2022-06-13T02:55:49.854+0000][1][safepoint    ] Entering safepoint region: Cleanup
[2022-06-13T02:55:49.854+0000][1][safepoint    ] Leaving safepoint region
[2022-06-13T02:55:49.855+0000][1][safepoint    ] Total time for which application threads were stopped: 0.0008352 seconds, Stopping threads took: 0.0004035 seconds
[2022-06-13T02:55:50.855+0000][1][safepoint    ] Application time: 1.0001512 seconds
[2022-06-13T02:55:50.855+0000][1][safepoint    ] Entering safepoint region: Cleanup
[2022-06-13T02:55:50.856+0000][1][safepoint    ] Leaving safepoint region
[2022-06-13T02:55:50.856+0000][1][safepoint    ] Total time for which application threads were stopped: 0.0004102 seconds, Stopping threads took: 0.0001685 seconds
[2022-06-13T02:55:51.856+0000][1][safepoint    ] Application time: 1.0002085 seconds
[2022-06-13T02:55:51.857+0000][1][safepoint    ] Entering safepoint region: Cleanup
[2022-06-13T02:55:51.857+0000][1][safepoint    ] Leaving safepoint region
[2022-06-13T02:55:51.858+0000][1][safepoint    ] Total time for which application threads were stopped: 0.0012079 seconds, Stopping threads took: 0.0006038 seconds
[2022-06-13T02:55:52.858+0000][1][safepoint    ] Application time: 1.0002023 seconds
[2022-06-13T02:55:52.859+0000][1][safepoint    ] Entering safepoint region: Cleanup
[2022-06-13T02:55:52.859+0000][1][safepoint    ] Leaving safepoint region
[2022-06-13T02:55:52.859+0000][1][safepoint    ] Total time for which application threads were stopped: 0.0006090 seconds, Stopping threads took: 0.0002954 seconds
[2022-06-13T02:55:53.860+0000][1][safepoint    ] Application time: 1.0002882 seconds
[2022-06-13T02:55:53.861+0000][1][safepoint    ] Entering safepoint region: Cleanup
[2022-06-13T02:55:53.861+0000][1][safepoint    ] Leaving safepoint region
[2022-06-13T02:55:53.862+0000][1][safepoint    ] Total time for which application threads were stopped: 0.0009898 seconds, Stopping threads took: 0.0004455 seconds
[2022-06-13T02:55:54.862+0000][1][safepoint    ] Application time: 1.0002216 seconds
[2022-06-13T02:55:54.863+0000][1][safepoint    ] Entering safepoint region: Cleanup
[2022-06-13T02:55:54.863+0000][1][safepoint    ] Leaving safepoint region
[2022-06-13T02:55:54.863+0000][1][safepoint    ] Total time for which application threads were stopped: 0.0007164 seconds, Stopping threads took: 0.0003561 seconds
[2022-06-13T02:55:55.864+0000][1][safepoint    ] Application time: 1.0001178 seconds
[2022-06-13T02:55:55.865+0000][1][safepoint    ] Entering safepoint region: Cleanup
[2022-06-13T02:55:55.866+0000][1][safepoint    ] Leaving safepoint region
[2022-06-13T02:55:55.866+0000][1][safepoint    ] Total time for which application threads were stopped: 0.0018050 seconds, Stopping threads took: 0.0005584 seconds
[2022-06-13T02:55:56.867+0000][1][safepoint    ] Application time: 1.0002096 seconds
[2022-06-13T02:55:56.868+0000][1][safepoint    ] Entering safepoint region: Cleanup
[2022-06-13T02:55:56.868+0000][1][safepoint    ] Leaving safepoint region
[2022-06-13T02:55:56.869+0000][1][safepoint    ] Total time for which application threads were stopped: 0.0008916 seconds, Stopping threads took: 0.0004961 seconds
[2022-06-13T02:55:57.869+0000][1][safepoint    ] Application time: 1.0002881 seconds
[2022-06-13T02:55:57.870+0000][1][safepoint    ] Entering safepoint region: Cleanup
[2022-06-13T02:55:57.870+0000][1][safepoint    ] Leaving safepoint region
[2022-06-13T02:55:57.870+0000][1][safepoint    ] Total time for which application threads were stopped: 0.0006124 seconds, Stopping threads took: 0.0002823 seconds
[2022-06-13T02:55:58.870+0000][1][safepoint    ] Application time: 1.0000906 seconds
[2022-06-13T02:55:58.871+0000][1][safepoint    ] Entering safepoint region: Cleanup
[2022-06-13T02:55:58.871+0000][1][safepoint    ] Leaving safepoint region
[2022-06-13T02:55:58.871+0000][1][safepoint    ] Total time for which application threads were stopped: 0.0007596 seconds, Stopping threads took: 0.0003545 seconds
[2022-06-13T02:55:59.872+0000][1][safepoint    ] Application time: 1.0001145 seconds
[2022-06-13T02:55:59.872+0000][1][safepoint    ] Entering safepoint region: Cleanup
[2022-06-13T02:55:59.872+0000][1][safepoint    ] Leaving safepoint region
[2022-06-13T02:55:59.873+0000][1][safepoint    ] Total time for which application threads were stopped: 0.0005647 seconds, Stopping threads took: 0.0002384 seconds
[2022-06-13T02:56:00.873+0000][1][safepoint    ] Application time: 1.0000992 seconds
[2022-06-13T02:56:00.873+0000][1][safepoint    ] Entering safepoint region: Cleanup
[2022-06-13T02:56:00.873+0000][1][safepoint    ] Leaving safepoint region
[2022-06-13T02:56:00.873+0000][1][safepoint    ] Total time for which application threads were stopped: 0.0003481 seconds, Stopping threads took: 0.0001276 seconds
[2022-06-13T02:56:01.874+0000][1][safepoint    ] Application time: 1.0002068 seconds
[2022-06-13T02:56:01.874+0000][1][safepoint    ] Entering safepoint region: Cleanup
[2022-06-13T02:56:01.875+0000][1][safepoint    ] Leaving safepoint region
[2022-06-13T02:56:01.875+0000][1][safepoint    ] Total time for which application threads were stopped: 0.0010896 seconds, Stopping threads took: 0.0004370 seconds
[2022-06-13T02:56:02.876+0000][1][safepoint    ] Application time: 1.0003409 seconds
[2022-06-13T02:56:02.876+0000][1][safepoint    ] Entering safepoint region: Cleanup
[2022-06-13T02:56:02.877+0000][1][safepoint    ] Leaving safepoint region
[2022-06-13T02:56:02.877+0000][1][safepoint    ] Total time for which application threads were stopped: 0.0004632 seconds, Stopping threads took: 0.0001697 seconds
[2022-06-13T02:56:03.877+0000][1][safepoint    ] Application time: 1.0001689 seconds
[2022-06-13T02:56:03.877+0000][1][safepoint    ] Entering safepoint region: Cleanup
[2022-06-13T02:56:03.878+0000][1][safepoint    ] Leaving safepoint region
[2022-06-13T02:56:03.878+0000][1][safepoint    ] Total time for which application threads were stopped: 0.0005832 seconds, Stopping threads took: 0.0002189 seconds
[2022-06-13T02:56:04.878+0000][1][safepoint    ] Application time: 1.0001450 seconds
[2022-06-13T02:56:04.879+0000][1][safepoint    ] Entering safepoint region: Cleanup
[2022-06-13T02:56:04.879+0000][1][safepoint    ] Leaving safepoint region
[2022-06-13T02:56:04.879+0000][1][safepoint    ] Total time for which application threads were stopped: 0.0006083 seconds, Stopping threads took: 0.0002793 seconds
[2022-06-13T02:56:05.879+0000][1][safepoint    ] Application time: 1.0001614 seconds
[2022-06-13T02:56:05.880+0000][1][safepoint    ] Entering safepoint region: Cleanup
[2022-06-13T02:56:05.880+0000][1][safepoint    ] Leaving safepoint region
[2022-06-13T02:56:05.881+0000][1][safepoint    ] Total time for which application threads were stopped: 0.0007700 seconds, Stopping threads took: 0.0003612 seconds
[2022-06-13T02:56:06.881+0000][1][safepoint    ] Application time: 1.0003081 seconds
[2022-06-13T02:56:06.882+0000][1][safepoint    ] Entering safepoint region: Cleanup
[2022-06-13T02:56:06.882+0000][1][safepoint    ] Leaving safepoint region
[2022-06-13T02:56:06.883+0000][1][safepoint    ] Total time for which application threads were stopped: 0.0010352 seconds, Stopping threads took: 0.0004251 seconds
[2022-06-13T02:56:07.883+0000][1][safepoint    ] Application time: 1.0002533 seconds
[2022-06-13T02:56:07.884+0000][1][safepoint    ] Entering safepoint region: Cleanup
[2022-06-13T02:56:07.885+0000][1][safepoint    ] Leaving safepoint region
[2022-06-13T02:56:07.886+0000][1][safepoint    ] Total time for which application threads were stopped: 0.0015315 seconds, Stopping threads took: 0.0007272 seconds
[2022-06-13T02:56:08.886+0000][1][safepoint    ] Application time: 1.0002368 seconds
[2022-06-13T02:56:08.887+0000][1][safepoint    ] Entering safepoint region: Cleanup
[2022-06-13T02:56:08.887+0000][1][safepoint    ] Leaving safepoint region
[2022-06-13T02:56:08.888+0000][1][safepoint    ] Total time for which application threads were stopped: 0.0008047 seconds, Stopping threads took: 0.0003631 seconds
[2022-06-13T02:56:09.888+0000][1][safepoint    ] Application time: 1.0001740 seconds
[2022-06-13T02:56:09.889+0000][1][safepoint    ] Entering safepoint region: Cleanup
[2022-06-13T02:56:09.889+0000][1][safepoint    ] Leaving safepoint region
[2022-06-13T02:56:09.890+0000][1][safepoint    ] Total time for which application threads were stopped: 0.0009639 seconds, Stopping threads took: 0.0003971 seconds
[2022-06-13T02:56:10.890+0000][1][safepoint    ] Application time: 1.0002041 seconds
[2022-06-13T02:56:10.891+0000][1][safepoint    ] Entering safepoint region: Cleanup
[2022-06-13T02:56:10.891+0000][1][safepoint    ] Leaving safepoint region
[2022-06-13T02:56:10.891+0000][1][safepoint    ] Total time for which application threads were stopped: 0.0006350 seconds, Stopping threads took: 0.0003797 seconds
[2022-06-13T02:56:11.892+0000][1][safepoint    ] Application time: 1.0002352 seconds
[2022-06-13T02:56:11.892+0000][1][safepoint    ] Entering safepoint region: Cleanup
[2022-06-13T02:56:11.893+0000][1][safepoint    ] Leaving safepoint region
[2022-06-13T02:56:11.893+0000][1][safepoint    ] Total time for which application threads were stopped: 0.0007794 seconds, Stopping threads took: 0.0003632 seconds
[2022-06-13T02:56:12.894+0000][1][safepoint    ] Application time: 1.0001944 seconds
[2022-06-13T02:56:12.894+0000][1][safepoint    ] Entering safepoint region: Cleanup
[2022-06-13T02:56:12.895+0000][1][safepoint    ] Leaving safepoint region
[2022-06-13T02:56:12.895+0000][1][safepoint    ] Total time for which application threads were stopped: 0.0006799 seconds, Stopping threads took: 0.0003334 seconds
[2022-06-13T02:56:13.895+0000][1][safepoint    ] Application time: 1.0001943 seconds
[2022-06-13T02:56:13.896+0000][1][safepoint    ] Entering safepoint region: Cleanup
[2022-06-13T02:56:13.896+0000][1][safepoint    ] Leaving safepoint region
[2022-06-13T02:56:13.896+0000][1][safepoint    ] Total time for which application threads were stopped: 0.0006843 seconds, Stopping threads took: 0.0003066 seconds
[2022-06-13T02:56:14.897+0000][1][safepoint    ] Application time: 1.0001540 seconds
[2022-06-13T02:56:14.897+0000][1][safepoint    ] Entering safepoint region: Cleanup
[2022-06-13T02:56:14.897+0000][1][safepoint    ] Leaving safepoint region
[2022-06-13T02:56:14.898+0000][1][safepoint    ] Total time for which application threads were stopped: 0.0003324 seconds, Stopping threads took: 0.0001372 seconds
[2022-06-13T02:56:15.898+0000][1][safepoint    ] Application time: 1.0001854 seconds
[2022-06-13T02:56:15.898+0000][1][safepoint    ] Entering safepoint region: Cleanup
[2022-06-13T02:56:15.899+0000][1][safepoint    ] Leaving safepoint region
[2022-06-13T02:56:15.900+0000][1][safepoint    ] Total time for which application threads were stopped: 0.0016297 seconds, Stopping threads took: 0.0005619 seconds
[2022-06-13T02:56:16.901+0000][1][safepoint    ] Application time: 1.0002095 seconds
[2022-06-13T02:56:16.901+0000][1][safepoint    ] Entering safepoint region: Cleanup
[2022-06-13T02:56:16.901+0000][1][safepoint    ] Leaving safepoint region
[2022-06-13T02:56:16.901+0000][1][safepoint    ] Total time for which application threads were stopped: 0.0003794 seconds, Stopping threads took: 0.0001588 seconds
[2022-06-13T02:56:17.902+0000][1][safepoint    ] Application time: 1.0000888 seconds
[2022-06-13T02:56:17.902+0000][1][safepoint    ] Entering safepoint region: Cleanup
[2022-06-13T02:56:17.902+0000][1][safepoint    ] Leaving safepoint region
[2022-06-13T02:56:17.903+0000][1][safepoint    ] Total time for which application threads were stopped: 0.0006997 seconds, Stopping threads took: 0.0003585 seconds
[2022-06-13T02:56:18.903+0000][1][safepoint    ] Application time: 1.0002776 seconds
[2022-06-13T02:56:18.904+0000][1][safepoint    ] Entering safepoint region: Cleanup
[2022-06-13T02:56:18.904+0000][1][safepoint    ] Leaving safepoint region
[2022-06-13T02:56:18.904+0000][1][safepoint    ] Total time for which application threads were stopped: 0.0005946 seconds, Stopping threads took: 0.0002064 seconds
[2022-06-13T02:56:19.905+0000][1][safepoint    ] Application time: 1.0001564 seconds
[2022-06-13T02:56:19.905+0000][1][safepoint    ] Entering safepoint region: Cleanup
[2022-06-13T02:56:19.906+0000][1][safepoint    ] Leaving safepoint region
[2022-06-13T02:56:19.906+0000][1][safepoint    ] Total time for which application threads were stopped: 0.0006841 seconds, Stopping threads took: 0.0003167 seconds
[2022-06-13T02:56:20.906+0000][1][safepoint    ] Application time: 1.0001886 seconds
[2022-06-13T02:56:20.907+0000][1][safepoint    ] Entering safepoint region: Cleanup
[2022-06-13T02:56:20.908+0000][1][safepoint    ] Leaving safepoint region
[2022-06-13T02:56:20.908+0000][1][safepoint    ] Total time for which application threads were stopped: 0.0011874 seconds, Stopping threads took: 0.0006238 seconds
[2022-06-13T02:56:21.909+0000][1][safepoint    ] Application time: 1.0003547 seconds
[2022-06-13T02:56:21.909+0000][1][safepoint    ] Entering safepoint region: Cleanup
[2022-06-13T02:56:21.910+0000][1][safepoint    ] Leaving safepoint region
[2022-06-13T02:56:21.910+0000][1][safepoint    ] Total time for which application threads were stopped: 0.0007772 seconds, Stopping threads took: 0.0004184 seconds
[2022-06-13T02:56:22.910+0000][1][safepoint    ] Application time: 1.0002440 seconds
[2022-06-13T02:56:22.911+0000][1][safepoint    ] Entering safepoint region: Cleanup
[2022-06-13T02:56:22.911+0000][1][safepoint    ] Leaving safepoint region
[2022-06-13T02:56:22.911+0000][1][safepoint    ] Total time for which application threads were stopped: 0.0005821 seconds, Stopping threads took: 0.0003106 seconds
[2022-06-13T02:56:23.912+0000][1][safepoint    ] Application time: 1.0002004 seconds
[2022-06-13T02:56:23.912+0000][1][safepoint    ] Entering safepoint region: Cleanup
[2022-06-13T02:56:23.913+0000][1][safepoint    ] Leaving safepoint region
[2022-06-13T02:56:23.913+0000][1][safepoint    ] Total time for which application threads were stopped: 0.0008513 seconds, Stopping threads took: 0.0004624 seconds
[2022-06-13T02:56:24.914+0000][1][safepoint    ] Application time: 1.0001838 seconds
[2022-06-13T02:56:24.914+0000][1][safepoint    ] Entering safepoint region: Cleanup
[2022-06-13T02:56:24.914+0000][1][safepoint    ] Leaving safepoint region
[2022-06-13T02:56:24.915+0000][1][safepoint    ] Total time for which application threads were stopped: 0.0006154 seconds, Stopping threads took: 0.0002182 seconds
[2022-06-13T02:56:25.915+0000][1][safepoint    ] Application time: 1.0001949 seconds
[2022-06-13T02:56:25.916+0000][1][safepoint    ] Entering safepoint region: Cleanup
[2022-06-13T02:56:25.916+0000][1][safepoint    ] Leaving safepoint region
[2022-06-13T02:56:25.917+0000][1][safepoint    ] Total time for which application threads were stopped: 0.0012439 seconds, Stopping threads took: 0.0005552 seconds
[2022-06-13T02:56:26.917+0000][1][safepoint    ] Application time: 1.0001845 seconds
[2022-06-13T02:56:26.918+0000][1][safepoint    ] Entering safepoint region: Cleanup
[2022-06-13T02:56:26.918+0000][1][safepoint    ] Leaving safepoint region
[2022-06-13T02:56:26.919+0000][1][safepoint    ] Total time for which application threads were stopped: 0.0006805 seconds, Stopping threads took: 0.0003134 seconds
[2022-06-13T02:56:27.919+0000][1][safepoint    ] Application time: 1.0001819 seconds
[2022-06-13T02:56:27.920+0000][1][safepoint    ] Entering safepoint region: Cleanup
[2022-06-13T02:56:27.920+0000][1][safepoint    ] Leaving safepoint region
[2022-06-13T02:56:27.920+0000][1][safepoint    ] Total time for which application threads were stopped: 0.0007502 seconds, Stopping threads took: 0.0003346 seconds
[2022-06-13T02:56:28.921+0000][1][safepoint    ] Application time: 1.0002144 seconds
[2022-06-13T02:56:28.921+0000][1][safepoint    ] Entering safepoint region: Cleanup
[2022-06-13T02:56:28.922+0000][1][safepoint    ] Leaving safepoint region
[2022-06-13T02:56:28.922+0000][1][safepoint    ] Total time for which application threads were stopped: 0.0010557 seconds, Stopping threads took: 0.0005338 seconds
[2022-06-13T02:56:29.923+0000][1][safepoint    ] Application time: 1.0002473 seconds
[2022-06-13T02:56:29.923+0000][1][safepoint    ] Entering safepoint region: Cleanup
[2022-06-13T02:56:29.924+0000][1][safepoint    ] Leaving safepoint region
[2022-06-13T02:56:29.924+0000][1][safepoint    ] Total time for which application threads were stopped: 0.0009558 seconds, Stopping threads took: 0.0003923 seconds
[2022-06-13T02:56:30.925+0000][1][safepoint    ] Application time: 1.0001171 seconds
[2022-06-13T02:56:30.925+0000][1][safepoint    ] Entering safepoint region: Cleanup
[2022-06-13T02:56:30.925+0000][1][safepoint    ] Leaving safepoint region
[2022-06-13T02:56:30.926+0000][1][safepoint    ] Total time for which application threads were stopped: 0.0005301 seconds, Stopping threads took: 0.0002375 seconds
[2022-06-13T02:56:31.926+0000][1][safepoint    ] Application time: 1.0001626 seconds
[2022-06-13T02:56:31.926+0000][1][safepoint    ] Entering safepoint region: Cleanup
[2022-06-13T02:56:31.927+0000][1][safepoint    ] Leaving safepoint region
[2022-06-13T02:56:31.927+0000][1][safepoint    ] Total time for which application threads were stopped: 0.0006149 seconds, Stopping threads took: 0.0003517 seconds
[2022-06-13T02:56:32.927+0000][1][safepoint    ] Application time: 1.0001149 seconds
[2022-06-13T02:56:32.928+0000][1][safepoint    ] Entering safepoint region: Cleanup
[2022-06-13T02:56:32.928+0000][1][safepoint    ] Leaving safepoint region
[2022-06-13T02:56:32.929+0000][1][safepoint    ] Total time for which application threads were stopped: 0.0006744 seconds, Stopping threads took: 0.0002800 seconds
[2022-06-13T02:56:33.929+0000][1][safepoint    ] Application time: 1.0002376 seconds
[2022-06-13T02:56:33.929+0000][1][safepoint    ] Entering safepoint region: Cleanup
[2022-06-13T02:56:33.930+0000][1][safepoint    ] Leaving safepoint region
[2022-06-13T02:56:33.930+0000][1][safepoint    ] Total time for which application threads were stopped: 0.0005501 seconds, Stopping threads took: 0.0002268 seconds
[2022-06-13T02:56:34.930+0000][1][safepoint    ] Application time: 1.0001939 seconds
[2022-06-13T02:56:34.931+0000][1][safepoint    ] Entering safepoint region: Cleanup
[2022-06-13T02:56:34.931+0000][1][safepoint    ] Leaving safepoint region
[2022-06-13T02:56:34.931+0000][1][safepoint    ] Total time for which application threads were stopped: 0.0007407 seconds, Stopping threads took: 0.0005026 seconds
[2022-06-13T02:56:35.932+0000][1][safepoint    ] Application time: 1.0001085 seconds
[2022-06-13T02:56:35.932+0000][1][safepoint    ] Entering safepoint region: Cleanup
[2022-06-13T02:56:35.932+0000][1][safepoint    ] Leaving safepoint region
[2022-06-13T02:56:35.933+0000][1][safepoint    ] Total time for which application threads were stopped: 0.0006976 seconds, Stopping threads took: 0.0003204 seconds
[2022-06-13T02:56:36.933+0000][1][safepoint    ] Application time: 1.0001111 seconds
[2022-06-13T02:56:36.933+0000][1][safepoint    ] Entering safepoint region: Cleanup
[2022-06-13T02:56:36.934+0000][1][safepoint    ] Leaving safepoint region
[2022-06-13T02:56:36.934+0000][1][safepoint    ] Total time for which application threads were stopped: 0.0005766 seconds, Stopping threads took: 0.0002066 seconds
[2022-06-13T02:56:37.934+0000][1][safepoint    ] Application time: 1.0000962 seconds
[2022-06-13T02:56:37.934+0000][1][safepoint    ] Entering safepoint region: Cleanup
[2022-06-13T02:56:37.935+0000][1][safepoint    ] Leaving safepoint region
[2022-06-13T02:56:37.935+0000][1][safepoint    ] Total time for which application threads were stopped: 0.0003442 seconds, Stopping threads took: 0.0001400 seconds
[2022-06-13T02:56:38.935+0000][1][safepoint    ] Application time: 1.0001747 seconds
[2022-06-13T02:56:38.936+0000][1][safepoint    ] Entering safepoint region: Cleanup
[2022-06-13T02:56:38.936+0000][1][safepoint    ] Leaving safepoint region
[2022-06-13T02:56:38.937+0000][1][safepoint    ] Total time for which application threads were stopped: 0.0009856 seconds, Stopping threads took: 0.0004242 seconds
[2022-06-13T02:56:39.937+0000][1][safepoint    ] Application time: 1.0001254 seconds
[2022-06-13T02:56:39.938+0000][1][safepoint    ] Entering safepoint region: Cleanup
[2022-06-13T02:56:39.938+0000][1][safepoint    ] Leaving safepoint region
[2022-06-13T02:56:39.938+0000][1][safepoint    ] Total time for which application threads were stopped: 0.0005289 seconds, Stopping threads took: 0.0002175 seconds
[2022-06-13T02:56:40.938+0000][1][safepoint    ] Application time: 1.0001766 seconds
[2022-06-13T02:56:40.939+0000][1][safepoint    ] Entering safepoint region: Cleanup
[2022-06-13T02:56:40.939+0000][1][safepoint    ] Leaving safepoint region
[2022-06-13T02:56:40.939+0000][1][safepoint    ] Total time for which application threads were stopped: 0.0006933 seconds, Stopping threads took: 0.0002393 seconds
[2022-06-13T02:56:41.940+0000][1][safepoint    ] Application time: 1.0001839 seconds
[2022-06-13T02:56:41.940+0000][1][safepoint    ] Entering safepoint region: Cleanup
[2022-06-13T02:56:41.941+0000][1][safepoint    ] Leaving safepoint region
[2022-06-13T02:56:41.941+0000][1][safepoint    ] Total time for which application threads were stopped: 0.0007293 seconds, Stopping threads took: 0.0002472 seconds
[2022-06-13T02:56:42.941+0000][1][safepoint    ] Application time: 1.0002475 seconds
[2022-06-13T02:56:42.942+0000][1][safepoint    ] Entering safepoint region: Cleanup
[2022-06-13T02:56:42.942+0000][1][safepoint    ] Leaving safepoint region
[2022-06-13T02:56:42.943+0000][1][safepoint    ] Total time for which application threads were stopped: 0.0009698 seconds, Stopping threads took: 0.0004449 seconds
[2022-06-13T02:56:43.943+0000][1][safepoint    ] Application time: 1.0001804 seconds
[2022-06-13T02:56:43.943+0000][1][safepoint    ] Entering safepoint region: Cleanup
[2022-06-13T02:56:43.944+0000][1][safepoint    ] Leaving safepoint region
[2022-06-13T02:56:43.944+0000][1][safepoint    ] Total time for which application threads were stopped: 0.0007494 seconds, Stopping threads took: 0.0003314 seconds
[2022-06-13T02:56:44.945+0000][1][safepoint    ] Application time: 1.0001677 seconds
[2022-06-13T02:56:44.945+0000][1][safepoint    ] Entering safepoint region: Cleanup
[2022-06-13T02:56:44.946+0000][1][safepoint    ] Leaving safepoint region
[2022-06-13T02:56:44.946+0000][1][safepoint    ] Total time for which application threads were stopped: 0.0010020 seconds, Stopping threads took: 0.0004389 seconds
[2022-06-13T02:56:45.947+0000][1][safepoint    ] Application time: 1.0001321 seconds
[2022-06-13T02:56:45.947+0000][1][safepoint    ] Entering safepoint region: Cleanup
[2022-06-13T02:56:45.947+0000][1][safepoint    ] Leaving safepoint region
[2022-06-13T02:56:45.947+0000][1][safepoint    ] Total time for which application threads were stopped: 0.0004039 seconds, Stopping threads took: 0.0001910 seconds
[2022-06-13T02:56:46.948+0000][1][safepoint    ] Application time: 1.0001404 seconds
[2022-06-13T02:56:46.948+0000][1][safepoint    ] Entering safepoint region: Cleanup
[2022-06-13T02:56:46.948+0000][1][safepoint    ] Leaving safepoint region
[2022-06-13T02:56:46.949+0000][1][safepoint    ] Total time for which application threads were stopped: 0.0004743 seconds, Stopping threads took: 0.0001903 seconds
[2022-06-13T02:56:47.949+0000][1][safepoint    ] Application time: 1.0001366 seconds
[2022-06-13T02:56:47.949+0000][1][safepoint    ] Entering safepoint region: Cleanup
[2022-06-13T02:56:47.950+0000][1][safepoint    ] Leaving safepoint region
[2022-06-13T02:56:47.950+0000][1][safepoint    ] Total time for which application threads were stopped: 0.0006696 seconds, Stopping threads took: 0.0003715 seconds
[2022-06-13T02:56:48.950+0000][1][safepoint    ] Application time: 1.0001778 seconds
[2022-06-13T02:56:48.951+0000][1][safepoint    ] Entering safepoint region: Cleanup
[2022-06-13T02:56:48.951+0000][1][safepoint    ] Leaving safepoint region
[2022-06-13T02:56:48.952+0000][1][safepoint    ] Total time for which application threads were stopped: 0.0009737 seconds, Stopping threads took: 0.0004374 seconds
[2022-06-13T02:56:49.952+0000][1][safepoint    ] Application time: 1.0002041 seconds
[2022-06-13T02:56:49.953+0000][1][safepoint    ] Entering safepoint region: Cleanup
[2022-06-13T02:56:49.953+0000][1][safepoint    ] Leaving safepoint region
[2022-06-13T02:56:49.953+0000][1][safepoint    ] Total time for which application threads were stopped: 0.0007945 seconds, Stopping threads took: 0.0003519 seconds
[2022-06-13T02:56:50.954+0000][1][safepoint    ] Application time: 1.0001842 seconds
[2022-06-13T02:56:50.954+0000][1][safepoint    ] Entering safepoint region: Cleanup
[2022-06-13T02:56:50.955+0000][1][safepoint    ] Leaving safepoint region
[2022-06-13T02:56:50.955+0000][1][safepoint    ] Total time for which application threads were stopped: 0.0007401 seconds, Stopping threads took: 0.0003657 seconds
[2022-06-13T02:56:51.955+0000][1][safepoint    ] Application time: 1.0001828 seconds
[2022-06-13T02:56:51.956+0000][1][safepoint    ] Entering safepoint region: Cleanup
[2022-06-13T02:56:51.957+0000][1][safepoint    ] Leaving safepoint region
[2022-06-13T02:56:51.958+0000][1][safepoint    ] Total time for which application threads were stopped: 0.0013948 seconds, Stopping threads took: 0.0006376 seconds
[2022-06-13T02:56:52.959+0000][1][safepoint    ] Application time: 1.0003434 seconds
[2022-06-13T02:56:52.959+0000][1][safepoint    ] Entering safepoint region: Cleanup
[2022-06-13T02:56:52.960+0000][1][safepoint    ] Leaving safepoint region
[2022-06-13T02:56:52.960+0000][1][safepoint    ] Total time for which application threads were stopped: 0.0011730 seconds, Stopping threads took: 0.0004500 seconds
[2022-06-13T02:56:53.961+0000][1][safepoint    ] Application time: 1.0001241 seconds
[2022-06-13T02:56:53.962+0000][1][safepoint    ] Entering safepoint region: Cleanup
[2022-06-13T02:56:53.962+0000][1][safepoint    ] Leaving safepoint region
[2022-06-13T02:56:53.962+0000][1][safepoint    ] Total time for which application threads were stopped: 0.0008838 seconds, Stopping threads took: 0.0004544 seconds
[2022-06-13T02:56:54.963+0000][1][safepoint    ] Application time: 1.0002405 seconds
[2022-06-13T02:56:54.964+0000][1][safepoint    ] Entering safepoint region: Cleanup
[2022-06-13T02:56:54.964+0000][1][safepoint    ] Leaving safepoint region
[2022-06-13T02:56:54.965+0000][1][safepoint    ] Total time for which application threads were stopped: 0.0010646 seconds, Stopping threads took: 0.0004702 seconds
[2022-06-13T02:56:55.965+0000][1][safepoint    ] Application time: 1.0002411 seconds
[2022-06-13T02:56:55.966+0000][1][safepoint    ] Entering safepoint region: Cleanup
[2022-06-13T02:56:55.967+0000][1][safepoint    ] Leaving safepoint region
[2022-06-13T02:56:55.967+0000][1][safepoint    ] Total time for which application threads were stopped: 0.0013309 seconds, Stopping threads took: 0.0006171 seconds
[2022-06-13T02:56:57.968+0000][1][safepoint    ] Application time: 2.0003489 seconds
[2022-06-13T02:56:57.968+0000][1][safepoint    ] Entering safepoint region: Cleanup
[2022-06-13T02:56:57.969+0000][1][safepoint    ] Leaving safepoint region
[2022-06-13T02:56:57.969+0000][1][safepoint    ] Total time for which application threads were stopped: 0.0006044 seconds, Stopping threads took: 0.0001934 seconds
[2022-06-13T02:56:58.969+0000][1][safepoint    ] Application time: 1.0002004 seconds
[2022-06-13T02:56:58.970+0000][1][safepoint    ] Entering safepoint region: Cleanup
[2022-06-13T02:56:58.970+0000][1][safepoint    ] Leaving safepoint region
[2022-06-13T02:56:58.970+0000][1][safepoint    ] Total time for which application threads were stopped: 0.0005480 seconds, Stopping threads took: 0.0002892 seconds
[2022-06-13T02:56:59.971+0000][1][safepoint    ] Application time: 1.0001743 seconds
[2022-06-13T02:56:59.971+0000][1][safepoint    ] Entering safepoint region: Cleanup
[2022-06-13T02:56:59.972+0000][1][safepoint    ] Leaving safepoint region
[2022-06-13T02:56:59.972+0000][1][safepoint    ] Total time for which application threads were stopped: 0.0009001 seconds, Stopping threads took: 0.0004166 seconds
[2022-06-13T02:57:05.974+0000][1][safepoint    ] Application time: 6.0012537 seconds
[2022-06-13T02:57:05.974+0000][1][safepoint    ] Entering safepoint region: Cleanup
[2022-06-13T02:57:05.974+0000][1][safepoint    ] Leaving safepoint region
[2022-06-13T02:57:05.975+0000][1][safepoint    ] Total time for which application threads were stopped: 0.0005650 seconds, Stopping threads took: 0.0002655 seconds
[2022-06-13T02:57:06.975+0000][1][safepoint    ] Application time: 1.0001739 seconds
[2022-06-13T02:57:06.975+0000][1][safepoint    ] Entering safepoint region: Cleanup
[2022-06-13T02:57:06.976+0000][1][safepoint    ] Leaving safepoint region
[2022-06-13T02:57:06.976+0000][1][safepoint    ] Total time for which application threads were stopped: 0.0004958 seconds, Stopping threads took: 0.0001898 seconds
[2022-06-13T02:57:10.977+0000][1][safepoint    ] Application time: 4.0004733 seconds
[2022-06-13T02:57:10.977+0000][1][safepoint    ] Entering safepoint region: Cleanup
[2022-06-13T02:57:10.977+0000][1][safepoint    ] Leaving safepoint region
[2022-06-13T02:57:10.978+0000][1][safepoint    ] Total time for which application threads were stopped: 0.0006621 seconds, Stopping threads took: 0.0003271 seconds
[2022-06-13T02:57:13.978+0000][1][safepoint    ] Application time: 3.0004618 seconds
[2022-06-13T02:57:13.979+0000][1][safepoint    ] Entering safepoint region: Cleanup
[2022-06-13T02:57:13.980+0000][1][safepoint    ] Leaving safepoint region
[2022-06-13T02:57:13.980+0000][1][safepoint    ] Total time for which application threads were stopped: 0.0012323 seconds, Stopping threads took: 0.0005897 seconds
[2022-06-13T02:57:14.981+0000][1][safepoint    ] Application time: 1.0001953 seconds
[2022-06-13T02:57:14.981+0000][1][safepoint    ] Entering safepoint region: Cleanup
[2022-06-13T02:57:14.982+0000][1][safepoint    ] Leaving safepoint region
[2022-06-13T02:57:14.982+0000][1][safepoint    ] Total time for which application threads were stopped: 0.0007766 seconds, Stopping threads took: 0.0004636 seconds
[2022-06-13T02:57:15.982+0000][1][safepoint    ] Application time: 1.0001674 seconds
[2022-06-13T02:57:15.983+0000][1][safepoint    ] Entering safepoint region: Cleanup
[2022-06-13T02:57:15.983+0000][1][safepoint    ] Leaving safepoint region
[2022-06-13T02:57:15.984+0000][1][safepoint    ] Total time for which application threads were stopped: 0.0007935 seconds, Stopping threads took: 0.0003736 seconds
[2022-06-13T02:57:16.984+0000][1][safepoint    ] Application time: 1.0001621 seconds
[2022-06-13T02:57:16.985+0000][1][safepoint    ] Entering safepoint region: Cleanup
[2022-06-13T02:57:16.986+0000][1][safepoint    ] Leaving safepoint region
[2022-06-13T02:57:16.986+0000][1][safepoint    ] Total time for which application threads were stopped: 0.0008548 seconds, Stopping threads took: 0.0003447 seconds
[2022-06-13T02:57:17.986+0000][1][safepoint    ] Application time: 1.0002315 seconds
[2022-06-13T02:57:17.987+0000][1][safepoint    ] Entering safepoint region: Cleanup
[2022-06-13T02:57:17.988+0000][1][safepoint    ] Leaving safepoint region
[2022-06-13T02:57:17.988+0000][1][safepoint    ] Total time for which application threads were stopped: 0.0009965 seconds, Stopping threads took: 0.0005453 seconds
[2022-06-13T02:57:18.988+0000][1][safepoint    ] Application time: 1.0002539 seconds
[2022-06-13T02:57:18.989+0000][1][safepoint    ] Entering safepoint region: Cleanup
[2022-06-13T02:57:18.990+0000][1][safepoint    ] Leaving safepoint region
[2022-06-13T02:57:18.991+0000][1][safepoint    ] Total time for which application threads were stopped: 0.0013145 seconds, Stopping threads took: 0.0006439 seconds
[2022-06-13T02:57:19.991+0000][1][safepoint    ] Application time: 1.0001553 seconds
[2022-06-13T02:57:19.992+0000][1][safepoint    ] Entering safepoint region: Cleanup
[2022-06-13T02:57:19.993+0000][1][safepoint    ] Leaving safepoint region
[2022-06-13T02:57:19.993+0000][1][safepoint    ] Total time for which application threads were stopped: 0.0013575 seconds, Stopping threads took: 0.0006274 seconds
[2022-06-13T02:57:20.994+0000][1][safepoint    ] Application time: 1.0002620 seconds
[2022-06-13T02:57:20.995+0000][1][safepoint    ] Entering safepoint region: Cleanup
[2022-06-13T02:57:20.996+0000][1][safepoint    ] Leaving safepoint region
[2022-06-13T02:57:20.996+0000][1][safepoint    ] Total time for which application threads were stopped: 0.0014009 seconds, Stopping threads took: 0.0006152 seconds
[2022-06-13T02:57:21.997+0000][1][safepoint    ] Application time: 1.0001542 seconds
[2022-06-13T02:57:21.998+0000][1][safepoint    ] Entering safepoint region: Cleanup
[2022-06-13T02:57:21.998+0000][1][safepoint    ] Leaving safepoint region
[2022-06-13T02:57:21.999+0000][1][safepoint    ] Total time for which application threads were stopped: 0.0012935 seconds, Stopping threads took: 0.0006451 seconds
[2022-06-13T02:57:22.999+0000][1][safepoint    ] Application time: 1.0001999 seconds
[2022-06-13T02:57:23.000+0000][1][safepoint    ] Entering safepoint region: Cleanup
[2022-06-13T02:57:23.000+0000][1][safepoint    ] Leaving safepoint region
[2022-06-13T02:57:23.001+0000][1][safepoint    ] Total time for which application threads were stopped: 0.0012174 seconds, Stopping threads took: 0.0005540 seconds
[2022-06-13T02:57:24.002+0000][1][safepoint    ] Application time: 1.0001574 seconds
[2022-06-13T02:57:24.002+0000][1][safepoint    ] Entering safepoint region: Cleanup
[2022-06-13T02:57:24.003+0000][1][safepoint    ] Leaving safepoint region
[2022-06-13T02:57:24.003+0000][1][safepoint    ] Total time for which application threads were stopped: 0.0009444 seconds, Stopping threads took: 0.0004017 seconds
[2022-06-13T02:57:25.004+0000][1][safepoint    ] Application time: 1.0002144 seconds
[2022-06-13T02:57:25.004+0000][1][safepoint    ] Entering safepoint region: Cleanup
[2022-06-13T02:57:25.005+0000][1][safepoint    ] Leaving safepoint region
[2022-06-13T02:57:25.005+0000][1][safepoint    ] Total time for which application threads were stopped: 0.0008087 seconds, Stopping threads took: 0.0003909 seconds
[2022-06-13T02:57:26.006+0000][1][safepoint    ] Application time: 1.0001197 seconds
[2022-06-13T02:57:26.006+0000][1][safepoint    ] Entering safepoint region: Cleanup
[2022-06-13T02:57:26.006+0000][1][safepoint    ] Leaving safepoint region
[2022-06-13T02:57:26.007+0000][1][safepoint    ] Total time for which application threads were stopped: 0.0007220 seconds, Stopping threads took: 0.0002497 seconds
[2022-06-13T02:57:27.007+0000][1][safepoint    ] Application time: 1.0002029 seconds
[2022-06-13T02:57:27.007+0000][1][safepoint    ] Entering safepoint region: Cleanup
[2022-06-13T02:57:27.008+0000][1][safepoint    ] Leaving safepoint region
[2022-06-13T02:57:27.008+0000][1][safepoint    ] Total time for which application threads were stopped: 0.0006765 seconds, Stopping threads took: 0.0002951 seconds
[2022-06-13T02:57:28.009+0000][1][safepoint    ] Application time: 1.0003137 seconds
[2022-06-13T02:57:28.009+0000][1][safepoint    ] Entering safepoint region: Cleanup
[2022-06-13T02:57:28.010+0000][1][safepoint    ] Leaving safepoint region
[2022-06-13T02:57:28.010+0000][1][safepoint    ] Total time for which application threads were stopped: 0.0007653 seconds, Stopping threads took: 0.0003760 seconds
[2022-06-13T02:57:29.010+0000][1][safepoint    ] Application time: 1.0001670 seconds
[2022-06-13T02:57:29.011+0000][1][safepoint    ] Entering safepoint region: Cleanup
[2022-06-13T02:57:29.011+0000][1][safepoint    ] Leaving safepoint region
[2022-06-13T02:57:29.011+0000][1][safepoint    ] Total time for which application threads were stopped: 0.0004403 seconds, Stopping threads took: 0.0002165 seconds
[2022-06-13T02:57:30.012+0000][1][safepoint    ] Application time: 1.0002951 seconds
[2022-06-13T02:57:30.012+0000][1][safepoint    ] Entering safepoint region: Cleanup
[2022-06-13T02:57:30.012+0000][1][safepoint    ] Leaving safepoint region
[2022-06-13T02:57:30.013+0000][1][safepoint    ] Total time for which application threads were stopped: 0.0006751 seconds, Stopping threads took: 0.0002143 seconds
[2022-06-13T02:57:31.013+0000][1][safepoint    ] Application time: 1.0002210 seconds
[2022-06-13T02:57:31.014+0000][1][safepoint    ] Entering safepoint region: Cleanup
[2022-06-13T02:57:31.014+0000][1][safepoint    ] Leaving safepoint region
[2022-06-13T02:57:31.014+0000][1][safepoint    ] Total time for which application threads were stopped: 0.0005958 seconds, Stopping threads took: 0.0003000 seconds
[2022-06-13T02:57:32.124+0000][1][safepoint    ] Application time: 1.1098762 seconds
[2022-06-13T02:57:32.125+0000][1][safepoint    ] Entering safepoint region: Cleanup
[2022-06-13T02:57:32.125+0000][1][safepoint    ] Leaving safepoint region
[2022-06-13T02:57:32.125+0000][1][safepoint    ] Total time for which application threads were stopped: 0.0008399 seconds, Stopping threads took: 0.0004301 seconds
[2022-06-13T02:57:33.126+0000][1][safepoint    ] Application time: 1.0002043 seconds
[2022-06-13T02:57:33.127+0000][1][safepoint    ] Entering safepoint region: Cleanup
[2022-06-13T02:57:33.127+0000][1][safepoint    ] Leaving safepoint region
[2022-06-13T02:57:33.127+0000][1][safepoint    ] Total time for which application threads were stopped: 0.0007482 seconds, Stopping threads took: 0.0003837 seconds
[2022-06-13T02:57:34.128+0000][1][safepoint    ] Application time: 1.0002246 seconds
[2022-06-13T02:57:34.128+0000][1][safepoint    ] Entering safepoint region: Cleanup
[2022-06-13T02:57:34.129+0000][1][safepoint    ] Leaving safepoint region
[2022-06-13T02:57:34.129+0000][1][safepoint    ] Total time for which application threads were stopped: 0.0008424 seconds, Stopping threads took: 0.0003542 seconds
[2022-06-13T02:57:35.129+0000][1][safepoint    ] Application time: 1.0002051 seconds
[2022-06-13T02:57:35.130+0000][1][safepoint    ] Entering safepoint region: Cleanup
[2022-06-13T02:57:35.130+0000][1][safepoint    ] Leaving safepoint region
[2022-06-13T02:57:35.131+0000][1][safepoint    ] Total time for which application threads were stopped: 0.0008102 seconds, Stopping threads took: 0.0003576 seconds
[2022-06-13T02:57:42.127+0000][1][safepoint    ] Application time: 6.9962480 seconds
[2022-06-13T02:57:42.128+0000][1][safepoint    ] Entering safepoint region: Cleanup
[2022-06-13T02:57:42.128+0000][1][safepoint    ] Leaving safepoint region
[2022-06-13T02:57:42.128+0000][1][safepoint    ] Total time for which application threads were stopped: 0.0006841 seconds, Stopping threads took: 0.0003652 seconds
[2022-06-13T02:57:43.129+0000][1][safepoint    ] Application time: 1.0001960 seconds
[2022-06-13T02:57:43.129+0000][1][safepoint    ] Entering safepoint region: Cleanup
[2022-06-13T02:57:43.130+0000][1][safepoint    ] Leaving safepoint region
[2022-06-13T02:57:43.131+0000][1][safepoint    ] Total time for which application threads were stopped: 0.0013889 seconds, Stopping threads took: 0.0007579 seconds
[2022-06-13T02:57:44.131+0000][1][safepoint    ] Application time: 1.0001940 seconds
[2022-06-13T02:57:44.132+0000][1][safepoint    ] Entering safepoint region: Cleanup
[2022-06-13T02:57:44.132+0000][1][safepoint    ] Leaving safepoint region
[2022-06-13T02:57:44.132+0000][1][safepoint    ] Total time for which application threads were stopped: 0.0009644 seconds, Stopping threads took: 0.0004107 seconds
[2022-06-13T02:57:45.133+0000][1][safepoint    ] Application time: 1.0000979 seconds
[2022-06-13T02:57:45.133+0000][1][safepoint    ] Entering safepoint region: Cleanup
[2022-06-13T02:57:45.133+0000][1][safepoint    ] Leaving safepoint region
[2022-06-13T02:57:45.134+0000][1][safepoint    ] Total time for which application threads were stopped: 0.0004170 seconds, Stopping threads took: 0.0001847 seconds
[2022-06-13T02:57:46.134+0000][1][safepoint    ] Application time: 1.0001581 seconds
[2022-06-13T02:57:46.135+0000][1][safepoint    ] Entering safepoint region: Cleanup
[2022-06-13T02:57:46.135+0000][1][safepoint    ] Leaving safepoint region
[2022-06-13T02:57:46.136+0000][1][safepoint    ] Total time for which application threads were stopped: 0.0011157 seconds, Stopping threads took: 0.0003767 seconds
[2022-06-13T02:57:47.136+0000][1][safepoint    ] Application time: 1.0001740 seconds
[2022-06-13T02:57:47.136+0000][1][safepoint    ] Entering safepoint region: Cleanup
[2022-06-13T02:57:47.137+0000][1][safepoint    ] Leaving safepoint region
[2022-06-13T02:57:47.137+0000][1][safepoint    ] Total time for which application threads were stopped: 0.0007729 seconds, Stopping threads took: 0.0003410 seconds
[2022-06-13T02:57:48.138+0000][1][safepoint    ] Application time: 1.0001297 seconds
[2022-06-13T02:57:48.138+0000][1][safepoint    ] Entering safepoint region: Cleanup
[2022-06-13T02:57:48.138+0000][1][safepoint    ] Leaving safepoint region
[2022-06-13T02:57:48.139+0000][1][safepoint    ] Total time for which application threads were stopped: 0.0006047 seconds, Stopping threads took: 0.0002583 seconds
[2022-06-13T02:57:49.139+0000][1][safepoint    ] Application time: 1.0001176 seconds
[2022-06-13T02:57:49.140+0000][1][safepoint    ] Entering safepoint region: Cleanup
[2022-06-13T02:57:49.140+0000][1][safepoint    ] Leaving safepoint region
[2022-06-13T02:57:49.140+0000][1][safepoint    ] Total time for which application threads were stopped: 0.0006076 seconds, Stopping threads took: 0.0003084 seconds
[2022-06-13T02:57:50.141+0000][1][safepoint    ] Application time: 1.0001526 seconds
[2022-06-13T02:57:50.141+0000][1][safepoint    ] Entering safepoint region: Cleanup
[2022-06-13T02:57:50.141+0000][1][safepoint    ] Leaving safepoint region
[2022-06-13T02:57:50.142+0000][1][safepoint    ] Total time for which application threads were stopped: 0.0005157 seconds, Stopping threads took: 0.0002624 seconds
[2022-06-13T02:57:51.142+0000][1][safepoint    ] Application time: 1.0000806 seconds
[2022-06-13T02:57:51.142+0000][1][safepoint    ] Entering safepoint region: Cleanup
[2022-06-13T02:57:51.143+0000][1][safepoint    ] Leaving safepoint region
[2022-06-13T02:57:51.144+0000][1][safepoint    ] Total time for which application threads were stopped: 0.0011557 seconds, Stopping threads took: 0.0006176 seconds
[2022-06-13T02:57:52.144+0000][1][safepoint    ] Application time: 1.0002312 seconds
[2022-06-13T02:57:52.145+0000][1][safepoint    ] Entering safepoint region: Cleanup
[2022-06-13T02:57:52.146+0000][1][safepoint    ] Leaving safepoint region
[2022-06-13T02:57:52.147+0000][1][safepoint    ] Total time for which application threads were stopped: 0.0014823 seconds, Stopping threads took: 0.0006211 seconds
[2022-06-13T02:57:53.147+0000][1][safepoint    ] Application time: 1.0001846 seconds
[2022-06-13T02:57:53.147+0000][1][safepoint    ] Entering safepoint region: Cleanup
[2022-06-13T02:57:53.148+0000][1][safepoint    ] Leaving safepoint region
[2022-06-13T02:57:53.148+0000][1][safepoint    ] Total time for which application threads were stopped: 0.0005145 seconds, Stopping threads took: 0.0002554 seconds
[2022-06-13T02:57:54.148+0000][1][safepoint    ] Application time: 1.0001665 seconds
[2022-06-13T02:57:54.149+0000][1][safepoint    ] Entering safepoint region: Cleanup
[2022-06-13T02:57:54.149+0000][1][safepoint    ] Leaving safepoint region
[2022-06-13T02:57:54.149+0000][1][safepoint    ] Total time for which application threads were stopped: 0.0005027 seconds, Stopping threads took: 0.0002804 seconds
[2022-06-13T02:57:55.150+0000][1][safepoint    ] Application time: 1.0001757 seconds
[2022-06-13T02:57:55.150+0000][1][safepoint    ] Entering safepoint region: Cleanup
[2022-06-13T02:57:55.151+0000][1][safepoint    ] Leaving safepoint region
[2022-06-13T02:57:55.151+0000][1][safepoint    ] Total time for which application threads were stopped: 0.0007845 seconds, Stopping threads took: 0.0003578 seconds
[2022-06-13T02:57:56.152+0000][1][safepoint    ] Application time: 1.0003535 seconds
[2022-06-13T02:57:56.152+0000][1][safepoint    ] Entering safepoint region: Cleanup
[2022-06-13T02:57:56.153+0000][1][safepoint    ] Leaving safepoint region
[2022-06-13T02:57:56.153+0000][1][safepoint    ] Total time for which application threads were stopped: 0.0007490 seconds, Stopping threads took: 0.0003457 seconds
[2022-06-13T02:57:57.154+0000][1][safepoint    ] Application time: 1.0002108 seconds
[2022-06-13T02:57:57.154+0000][1][safepoint    ] Entering safepoint region: Cleanup
[2022-06-13T02:57:57.155+0000][1][safepoint    ] Leaving safepoint region
[2022-06-13T02:57:57.155+0000][1][safepoint    ] Total time for which application threads were stopped: 0.0006265 seconds, Stopping threads took: 0.0002689 seconds
[2022-06-13T02:57:58.155+0000][1][safepoint    ] Application time: 1.0001196 seconds
[2022-06-13T02:57:58.156+0000][1][safepoint    ] Entering safepoint region: Cleanup
[2022-06-13T02:57:58.156+0000][1][safepoint    ] Leaving safepoint region
[2022-06-13T02:57:58.156+0000][1][safepoint    ] Total time for which application threads were stopped: 0.0004548 seconds, Stopping threads took: 0.0002022 seconds
[2022-06-13T02:57:59.156+0000][1][safepoint    ] Application time: 1.0002192 seconds
[2022-06-13T02:57:59.157+0000][1][safepoint    ] Entering safepoint region: Cleanup
[2022-06-13T02:57:59.157+0000][1][safepoint    ] Leaving safepoint region
[2022-06-13T02:57:59.157+0000][1][safepoint    ] Total time for which application threads were stopped: 0.0006166 seconds, Stopping threads took: 0.0002718 seconds
[2022-06-13T02:58:00.158+0000][1][safepoint    ] Application time: 1.0002795 seconds
[2022-06-13T02:58:00.159+0000][1][safepoint    ] Entering safepoint region: Cleanup
[2022-06-13T02:58:00.159+0000][1][safepoint    ] Leaving safepoint region
[2022-06-13T02:58:00.159+0000][1][safepoint    ] Total time for which application threads were stopped: 0.0006111 seconds, Stopping threads took: 0.0002805 seconds
[2022-06-13T02:58:01.160+0000][1][safepoint    ] Application time: 1.0002523 seconds
[2022-06-13T02:58:01.160+0000][1][safepoint    ] Entering safepoint region: Cleanup
[2022-06-13T02:58:01.161+0000][1][safepoint    ] Leaving safepoint region
[2022-06-13T02:58:01.161+0000][1][safepoint    ] Total time for which application threads were stopped: 0.0006024 seconds, Stopping threads took: 0.0003062 seconds
[2022-06-13T02:58:02.161+0000][1][safepoint    ] Application time: 1.0001797 seconds
[2022-06-13T02:58:02.162+0000][1][safepoint    ] Entering safepoint region: Cleanup
[2022-06-13T02:58:02.162+0000][1][safepoint    ] Leaving safepoint region
[2022-06-13T02:58:02.162+0000][1][safepoint    ] Total time for which application threads were stopped: 0.0006092 seconds, Stopping threads took: 0.0003154 seconds
[2022-06-13T02:58:03.163+0000][1][safepoint    ] Application time: 1.0000992 seconds
[2022-06-13T02:58:03.163+0000][1][safepoint    ] Entering safepoint region: Cleanup
[2022-06-13T02:58:03.164+0000][1][safepoint    ] Leaving safepoint region
[2022-06-13T02:58:03.164+0000][1][safepoint    ] Total time for which application threads were stopped: 0.0009260 seconds, Stopping threads took: 0.0004228 seconds
[2022-06-13T02:58:04.165+0000][1][safepoint    ] Application time: 1.0001378 seconds
[2022-06-13T02:58:04.165+0000][1][safepoint    ] Entering safepoint region: Cleanup
[2022-06-13T02:58:04.166+0000][1][safepoint    ] Leaving safepoint region
[2022-06-13T02:58:04.166+0000][1][safepoint    ] Total time for which application threads were stopped: 0.0006567 seconds, Stopping threads took: 0.0003731 seconds
[2022-06-13T02:58:05.166+0000][1][safepoint    ] Application time: 1.0002806 seconds
[2022-06-13T02:58:05.167+0000][1][safepoint    ] Entering safepoint region: Cleanup
[2022-06-13T02:58:05.167+0000][1][safepoint    ] Leaving safepoint region
[2022-06-13T02:58:05.168+0000][1][safepoint    ] Total time for which application threads were stopped: 0.0008182 seconds, Stopping threads took: 0.0003657 seconds
[2022-06-13T02:58:06.168+0000][1][safepoint    ] Application time: 1.0003534 seconds
[2022-06-13T02:58:06.169+0000][1][safepoint    ] Entering safepoint region: Cleanup
[2022-06-13T02:58:06.169+0000][1][safepoint    ] Leaving safepoint region
[2022-06-13T02:58:06.169+0000][1][safepoint    ] Total time for which application threads were stopped: 0.0004040 seconds, Stopping threads took: 0.0001612 seconds
[2022-06-13T02:58:07.169+0000][1][safepoint    ] Application time: 1.0000941 seconds
[2022-06-13T02:58:07.169+0000][1][safepoint    ] Entering safepoint region: Cleanup
[2022-06-13T02:58:07.170+0000][1][safepoint    ] Leaving safepoint region
[2022-06-13T02:58:07.170+0000][1][safepoint    ] Total time for which application threads were stopped: 0.0007550 seconds, Stopping threads took: 0.0003161 seconds
[2022-06-13T02:58:08.171+0000][1][safepoint    ] Application time: 1.0001895 seconds
[2022-06-13T02:58:08.171+0000][1][safepoint    ] Entering safepoint region: Cleanup
[2022-06-13T02:58:08.172+0000][1][safepoint    ] Leaving safepoint region
[2022-06-13T02:58:08.172+0000][1][safepoint    ] Total time for which application threads were stopped: 0.0008252 seconds, Stopping threads took: 0.0003737 seconds
[2022-06-13T02:58:10.135+0000][1][safepoint    ] Application time: 1.9631922 seconds
[2022-06-13T02:58:10.136+0000][1][safepoint    ] Entering safepoint region: GenCollectForAllocation
[2022-06-13T02:58:10.137+0000][1][gc,start     ] GC(23) Pause Young (Allocation Failure)
[2022-06-13T02:58:10.137+0000][1][gc,task      ] GC(23) Using 5 workers of 13 for evacuation
[2022-06-13T02:58:10.142+0000][1][gc,age       ] GC(23) Desired survivor size 4456448 bytes, new threshold 6 (max threshold 6)
[2022-06-13T02:58:10.143+0000][1][gc,age       ] GC(23) Age table with threshold 6 (max threshold 6)
[2022-06-13T02:58:10.143+0000][1][gc,age       ] GC(23) - age   1:      86416 bytes,      86416 total
[2022-06-13T02:58:10.144+0000][1][gc,age       ] GC(23) - age   2:    1348288 bytes,    1434704 total
[2022-06-13T02:58:10.144+0000][1][gc,heap      ] GC(23) ParNew: 77027K->4941K(78656K)
[2022-06-13T02:58:10.144+0000][1][gc,heap      ] GC(23) CMS: 63961K->67656K(174784K)
[2022-06-13T02:58:10.145+0000][1][gc,metaspace ] GC(23) Metaspace: 64928K->64928K(1107968K)
[2022-06-13T02:58:10.145+0000][1][gc           ] GC(23) Pause Young (Allocation Failure) 137M->70M(247M) 8.399ms
[2022-06-13T02:58:10.146+0000][1][gc,cpu       ] GC(23) User=0.03s Sys=0.00s Real=0.01s
[2022-06-13T02:58:10.146+0000][1][safepoint    ] Leaving safepoint region
[2022-06-13T02:58:10.147+0000][1][safepoint    ] Total time for which application threads were stopped: 0.0105040 seconds, Stopping threads took: 0.0006618 seconds
[2022-06-13T02:58:11.147+0000][1][safepoint    ] Application time: 1.0002951 seconds
[2022-06-13T02:58:11.148+0000][1][safepoint    ] Entering safepoint region: Cleanup
[2022-06-13T02:58:11.148+0000][1][safepoint    ] Leaving safepoint region
[2022-06-13T02:58:11.148+0000][1][safepoint    ] Total time for which application threads were stopped: 0.0007791 seconds, Stopping threads took: 0.0003397 seconds
[2022-06-13T02:58:12.149+0000][1][safepoint    ] Application time: 1.0001156 seconds
[2022-06-13T02:58:12.149+0000][1][safepoint    ] Entering safepoint region: Cleanup
[2022-06-13T02:58:12.150+0000][1][safepoint    ] Leaving safepoint region
[2022-06-13T02:58:12.150+0000][1][safepoint    ] Total time for which application threads were stopped: 0.0007643 seconds, Stopping threads took: 0.0003764 seconds
[2022-06-13T02:58:13.151+0000][1][safepoint    ] Application time: 1.0003238 seconds
[2022-06-13T02:58:13.151+0000][1][safepoint    ] Entering safepoint region: Cleanup
[2022-06-13T02:58:13.152+0000][1][safepoint    ] Leaving safepoint region
[2022-06-13T02:58:13.153+0000][1][safepoint    ] Total time for which application threads were stopped: 0.0012117 seconds, Stopping threads took: 0.0003783 seconds
[2022-06-13T02:58:14.153+0000][1][safepoint    ] Application time: 1.0003375 seconds
[2022-06-13T02:58:14.154+0000][1][safepoint    ] Entering safepoint region: Cleanup
[2022-06-13T02:58:14.154+0000][1][safepoint    ] Leaving safepoint region
[2022-06-13T02:58:14.155+0000][1][safepoint    ] Total time for which application threads were stopped: 0.0005751 seconds, Stopping threads took: 0.0002815 seconds
[2022-06-13T02:58:15.155+0000][1][safepoint    ] Application time: 1.0001186 seconds
[2022-06-13T02:58:15.155+0000][1][safepoint    ] Entering safepoint region: Cleanup
[2022-06-13T02:58:15.156+0000][1][safepoint    ] Leaving safepoint region
[2022-06-13T02:58:15.156+0000][1][safepoint    ] Total time for which application threads were stopped: 0.0007277 seconds, Stopping threads took: 0.0004233 seconds
[2022-06-13T02:58:16.157+0000][1][safepoint    ] Application time: 1.0002725 seconds
[2022-06-13T02:58:16.157+0000][1][safepoint    ] Entering safepoint region: Cleanup
[2022-06-13T02:58:16.158+0000][1][safepoint    ] Leaving safepoint region
[2022-06-13T02:58:16.158+0000][1][safepoint    ] Total time for which application threads were stopped: 0.0010108 seconds, Stopping threads took: 0.0004961 seconds
[2022-06-13T02:58:17.159+0000][1][safepoint    ] Application time: 1.0003031 seconds
[2022-06-13T02:58:17.160+0000][1][safepoint    ] Entering safepoint region: Cleanup
[2022-06-13T02:58:17.160+0000][1][safepoint    ] Leaving safepoint region
[2022-06-13T02:58:17.160+0000][1][safepoint    ] Total time for which application threads were stopped: 0.0005883 seconds, Stopping threads took: 0.0002832 seconds
[2022-06-13T02:58:18.161+0000][1][safepoint    ] Application time: 1.0001023 seconds
[2022-06-13T02:58:18.161+0000][1][safepoint    ] Entering safepoint region: Cleanup
[2022-06-13T02:58:18.161+0000][1][safepoint    ] Leaving safepoint region
[2022-06-13T02:58:18.161+0000][1][safepoint    ] Total time for which application threads were stopped: 0.0004620 seconds, Stopping threads took: 0.0002762 seconds
[2022-06-13T02:58:19.162+0000][1][safepoint    ] Application time: 1.0001401 seconds
[2022-06-13T02:58:19.162+0000][1][safepoint    ] Entering safepoint region: Cleanup
[2022-06-13T02:58:19.163+0000][1][safepoint    ] Leaving safepoint region
[2022-06-13T02:58:19.163+0000][1][safepoint    ] Total time for which application threads were stopped: 0.0007022 seconds, Stopping threads took: 0.0002942 seconds
[2022-06-13T02:58:20.163+0000][1][safepoint    ] Application time: 1.0001542 seconds
[2022-06-13T02:58:20.164+0000][1][safepoint    ] Entering safepoint region: Cleanup
[2022-06-13T02:58:20.164+0000][1][safepoint    ] Leaving safepoint region
[2022-06-13T02:58:20.164+0000][1][safepoint    ] Total time for which application threads were stopped: 0.0004516 seconds, Stopping threads took: 0.0002844 seconds
[2022-06-13T02:58:21.164+0000][1][safepoint    ] Application time: 1.0001798 seconds
[2022-06-13T02:58:21.165+0000][1][safepoint    ] Entering safepoint region: Cleanup
[2022-06-13T02:58:21.165+0000][1][safepoint    ] Leaving safepoint region
[2022-06-13T02:58:21.166+0000][1][safepoint    ] Total time for which application threads were stopped: 0.0011444 seconds, Stopping threads took: 0.0005594 seconds
[2022-06-13T02:58:22.167+0000][1][safepoint    ] Application time: 1.0001855 seconds
[2022-06-13T02:58:22.167+0000][1][safepoint    ] Entering safepoint region: Cleanup
[2022-06-13T02:58:22.168+0000][1][safepoint    ] Leaving safepoint region
[2022-06-13T02:58:22.168+0000][1][safepoint    ] Total time for which application threads were stopped: 0.0005346 seconds, Stopping threads took: 0.0002903 seconds
[2022-06-13T02:58:23.168+0000][1][safepoint    ] Application time: 1.0001653 seconds
[2022-06-13T02:58:23.169+0000][1][safepoint    ] Entering safepoint region: Cleanup
[2022-06-13T02:58:23.169+0000][1][safepoint    ] Leaving safepoint region
[2022-06-13T02:58:23.170+0000][1][safepoint    ] Total time for which application threads were stopped: 0.0012347 seconds, Stopping threads took: 0.0005121 seconds
[2022-06-13T02:58:24.170+0000][1][safepoint    ] Application time: 1.0001275 seconds
[2022-06-13T02:58:24.171+0000][1][safepoint    ] Entering safepoint region: Cleanup
[2022-06-13T02:58:24.171+0000][1][safepoint    ] Leaving safepoint region
[2022-06-13T02:58:24.171+0000][1][safepoint    ] Total time for which application threads were stopped: 0.0007126 seconds, Stopping threads took: 0.0002229 seconds
[2022-06-13T02:58:25.172+0000][1][safepoint    ] Application time: 1.0001426 seconds
[2022-06-13T02:58:25.172+0000][1][safepoint    ] Entering safepoint region: Cleanup
[2022-06-13T02:58:25.172+0000][1][safepoint    ] Leaving safepoint region
[2022-06-13T02:58:25.172+0000][1][safepoint    ] Total time for which application threads were stopped: 0.0003667 seconds, Stopping threads took: 0.0001783 seconds
[2022-06-13T02:58:26.173+0000][1][safepoint    ] Application time: 1.0002375 seconds
[2022-06-13T02:58:26.173+0000][1][safepoint    ] Entering safepoint region: Cleanup
[2022-06-13T02:58:26.173+0000][1][safepoint    ] Leaving safepoint region
[2022-06-13T02:58:26.174+0000][1][safepoint    ] Total time for which application threads were stopped: 0.0005004 seconds, Stopping threads took: 0.0002633 seconds
[2022-06-13T02:58:27.174+0000][1][safepoint    ] Application time: 1.0003165 seconds
[2022-06-13T02:58:27.175+0000][1][safepoint    ] Entering safepoint region: Cleanup
[2022-06-13T02:58:27.175+0000][1][safepoint    ] Leaving safepoint region
[2022-06-13T02:58:27.175+0000][1][safepoint    ] Total time for which application threads were stopped: 0.0007593 seconds, Stopping threads took: 0.0003517 seconds
[2022-06-13T02:58:28.176+0000][1][safepoint    ] Application time: 1.0001232 seconds
[2022-06-13T02:58:28.176+0000][1][safepoint    ] Entering safepoint region: Cleanup
[2022-06-13T02:58:28.177+0000][1][safepoint    ] Leaving safepoint region
[2022-06-13T02:58:28.177+0000][1][safepoint    ] Total time for which application threads were stopped: 0.0006146 seconds, Stopping threads took: 0.0002797 seconds
[2022-06-13T02:58:29.178+0000][1][safepoint    ] Application time: 1.0002097 seconds
[2022-06-13T02:58:29.178+0000][1][safepoint    ] Entering safepoint region: Cleanup
[2022-06-13T02:58:29.179+0000][1][safepoint    ] Leaving safepoint region
[2022-06-13T02:58:29.179+0000][1][safepoint    ] Total time for which application threads were stopped: 0.0012714 seconds, Stopping threads took: 0.0004854 seconds
[2022-06-13T02:58:30.180+0000][1][safepoint    ] Application time: 1.0001832 seconds
[2022-06-13T02:58:30.181+0000][1][safepoint    ] Entering safepoint region: Cleanup
[2022-06-13T02:58:30.181+0000][1][safepoint    ] Leaving safepoint region
[2022-06-13T02:58:30.182+0000][1][safepoint    ] Total time for which application threads were stopped: 0.0008122 seconds, Stopping threads took: 0.0004125 seconds
[2022-06-13T02:58:31.182+0000][1][safepoint    ] Application time: 1.0003885 seconds
[2022-06-13T02:58:31.183+0000][1][safepoint    ] Entering safepoint region: Cleanup
[2022-06-13T02:58:31.183+0000][1][safepoint    ] Leaving safepoint region
[2022-06-13T02:58:31.184+0000][1][safepoint    ] Total time for which application threads were stopped: 0.0010465 seconds, Stopping threads took: 0.0005525 seconds
[2022-06-13T02:58:32.185+0000][1][safepoint    ] Application time: 1.0003300 seconds
[2022-06-13T02:58:32.185+0000][1][safepoint    ] Entering safepoint region: Cleanup
[2022-06-13T02:58:32.186+0000][1][safepoint    ] Leaving safepoint region
[2022-06-13T02:58:32.186+0000][1][safepoint    ] Total time for which application threads were stopped: 0.0007683 seconds, Stopping threads took: 0.0004048 seconds
[2022-06-13T02:58:33.186+0000][1][safepoint    ] Application time: 1.0002691 seconds
[2022-06-13T02:58:33.187+0000][1][safepoint    ] Entering safepoint region: Cleanup
[2022-06-13T02:58:33.188+0000][1][safepoint    ] Leaving safepoint region
[2022-06-13T02:58:33.188+0000][1][safepoint    ] Total time for which application threads were stopped: 0.0010108 seconds, Stopping threads took: 0.0004653 seconds
[2022-06-13T02:58:34.189+0000][1][safepoint    ] Application time: 1.0002148 seconds
[2022-06-13T02:58:34.189+0000][1][safepoint    ] Entering safepoint region: Cleanup
[2022-06-13T02:58:34.190+0000][1][safepoint    ] Leaving safepoint region
[2022-06-13T02:58:34.190+0000][1][safepoint    ] Total time for which application threads were stopped: 0.0006572 seconds, Stopping threads took: 0.0002527 seconds
[2022-06-13T02:58:35.190+0000][1][safepoint    ] Application time: 1.0002175 seconds
[2022-06-13T02:58:35.191+0000][1][safepoint    ] Entering safepoint region: Cleanup
[2022-06-13T02:58:35.191+0000][1][safepoint    ] Leaving safepoint region
[2022-06-13T02:58:35.191+0000][1][safepoint    ] Total time for which application threads were stopped: 0.0005703 seconds, Stopping threads took: 0.0002848 seconds
[2022-06-13T02:58:36.192+0000][1][safepoint    ] Application time: 1.0002014 seconds
[2022-06-13T02:58:36.193+0000][1][safepoint    ] Entering safepoint region: Cleanup
[2022-06-13T02:58:36.193+0000][1][safepoint    ] Leaving safepoint region
[2022-06-13T02:58:36.194+0000][1][safepoint    ] Total time for which application threads were stopped: 0.0011639 seconds, Stopping threads took: 0.0005426 seconds
[2022-06-13T02:58:37.194+0000][1][safepoint    ] Application time: 1.0001336 seconds
[2022-06-13T02:58:37.195+0000][1][safepoint    ] Entering safepoint region: Cleanup
[2022-06-13T02:58:37.195+0000][1][safepoint    ] Leaving safepoint region
[2022-06-13T02:58:37.196+0000][1][safepoint    ] Total time for which application threads were stopped: 0.0006768 seconds, Stopping threads took: 0.0002854 seconds
[2022-06-13T02:58:38.196+0000][1][safepoint    ] Application time: 1.0001800 seconds
[2022-06-13T02:58:38.197+0000][1][safepoint    ] Entering safepoint region: Cleanup
[2022-06-13T02:58:38.197+0000][1][safepoint    ] Leaving safepoint region
[2022-06-13T02:58:38.198+0000][1][safepoint    ] Total time for which application threads were stopped: 0.0009555 seconds, Stopping threads took: 0.0004567 seconds
[2022-06-13T02:58:39.198+0000][1][safepoint    ] Application time: 1.0002424 seconds
[2022-06-13T02:58:39.199+0000][1][safepoint    ] Entering safepoint region: Cleanup
[2022-06-13T02:58:39.199+0000][1][safepoint    ] Leaving safepoint region
[2022-06-13T02:58:39.200+0000][1][safepoint    ] Total time for which application threads were stopped: 0.0007263 seconds, Stopping threads took: 0.0003212 seconds
[2022-06-13T02:58:40.200+0000][1][safepoint    ] Application time: 1.0001911 seconds
[2022-06-13T02:58:40.201+0000][1][safepoint    ] Entering safepoint region: Cleanup
[2022-06-13T02:58:40.201+0000][1][safepoint    ] Leaving safepoint region
[2022-06-13T02:58:40.201+0000][1][safepoint    ] Total time for which application threads were stopped: 0.0006872 seconds, Stopping threads took: 0.0003447 seconds
[2022-06-13T02:58:41.202+0000][1][safepoint    ] Application time: 1.0002628 seconds
[2022-06-13T02:58:41.202+0000][1][safepoint    ] Entering safepoint region: Cleanup
[2022-06-13T02:58:41.203+0000][1][safepoint    ] Leaving safepoint region
[2022-06-13T02:58:41.203+0000][1][safepoint    ] Total time for which application threads were stopped: 0.0008469 seconds, Stopping threads took: 0.0004036 seconds
[2022-06-13T02:58:42.204+0000][1][safepoint    ] Application time: 1.0001765 seconds
[2022-06-13T02:58:42.204+0000][1][safepoint    ] Entering safepoint region: Cleanup
[2022-06-13T02:58:42.205+0000][1][safepoint    ] Leaving safepoint region
[2022-06-13T02:58:42.205+0000][1][safepoint    ] Total time for which application threads were stopped: 0.0008172 seconds, Stopping threads took: 0.0003273 seconds
[2022-06-13T02:58:43.205+0000][1][safepoint    ] Application time: 1.0001959 seconds
[2022-06-13T02:58:43.206+0000][1][safepoint    ] Entering safepoint region: Cleanup
[2022-06-13T02:58:43.206+0000][1][safepoint    ] Leaving safepoint region
[2022-06-13T02:58:43.206+0000][1][safepoint    ] Total time for which application threads were stopped: 0.0006285 seconds, Stopping threads took: 0.0002722 seconds
[2022-06-13T02:58:44.207+0000][1][safepoint    ] Application time: 1.0002860 seconds
[2022-06-13T02:58:44.208+0000][1][safepoint    ] Entering safepoint region: Cleanup
[2022-06-13T02:58:44.208+0000][1][safepoint    ] Leaving safepoint region
[2022-06-13T02:58:44.209+0000][1][safepoint    ] Total time for which application threads were stopped: 0.0008914 seconds, Stopping threads took: 0.0004490 seconds
[2022-06-13T02:58:45.209+0000][1][safepoint    ] Application time: 1.0003246 seconds
[2022-06-13T02:58:45.210+0000][1][safepoint    ] Entering safepoint region: Cleanup
[2022-06-13T02:58:45.210+0000][1][safepoint    ] Leaving safepoint region
[2022-06-13T02:58:45.211+0000][1][safepoint    ] Total time for which application threads were stopped: 0.0007518 seconds, Stopping threads took: 0.0003206 seconds
[2022-06-13T02:58:46.211+0000][1][safepoint    ] Application time: 1.0002463 seconds
[2022-06-13T02:58:46.212+0000][1][safepoint    ] Entering safepoint region: Cleanup
[2022-06-13T02:58:46.213+0000][1][safepoint    ] Leaving safepoint region
[2022-06-13T02:58:46.213+0000][1][safepoint    ] Total time for which application threads were stopped: 0.0011282 seconds, Stopping threads took: 0.0005110 seconds
[2022-06-13T02:58:47.214+0000][1][safepoint    ] Application time: 1.0002018 seconds
[2022-06-13T02:58:47.214+0000][1][safepoint    ] Entering safepoint region: Cleanup
[2022-06-13T02:58:47.214+0000][1][safepoint    ] Leaving safepoint region
[2022-06-13T02:58:47.215+0000][1][safepoint    ] Total time for which application threads were stopped: 0.0004109 seconds, Stopping threads took: 0.0001277 seconds
[2022-06-13T02:58:48.215+0000][1][safepoint    ] Application time: 1.0002301 seconds
[2022-06-13T02:58:48.216+0000][1][safepoint    ] Entering safepoint region: Cleanup
[2022-06-13T02:58:48.216+0000][1][safepoint    ] Leaving safepoint region
[2022-06-13T02:58:48.216+0000][1][safepoint    ] Total time for which application threads were stopped: 0.0007811 seconds, Stopping threads took: 0.0003561 seconds
[2022-06-13T02:58:49.217+0000][1][safepoint    ] Application time: 1.0002444 seconds
[2022-06-13T02:58:49.218+0000][1][safepoint    ] Entering safepoint region: Cleanup
[2022-06-13T02:58:49.218+0000][1][safepoint    ] Leaving safepoint region
[2022-06-13T02:58:49.218+0000][1][safepoint    ] Total time for which application threads were stopped: 0.0008328 seconds, Stopping threads took: 0.0003854 seconds
[2022-06-13T02:58:50.219+0000][1][safepoint    ] Application time: 1.0001892 seconds
[2022-06-13T02:58:50.219+0000][1][safepoint    ] Entering safepoint region: Cleanup
[2022-06-13T02:58:50.220+0000][1][safepoint    ] Leaving safepoint region
[2022-06-13T02:58:50.220+0000][1][safepoint    ] Total time for which application threads were stopped: 0.0006900 seconds, Stopping threads took: 0.0003155 seconds
[2022-06-13T02:58:51.221+0000][1][safepoint    ] Application time: 1.0002087 seconds
[2022-06-13T02:58:51.221+0000][1][safepoint    ] Entering safepoint region: Cleanup
[2022-06-13T02:58:51.221+0000][1][safepoint    ] Leaving safepoint region
[2022-06-13T02:58:51.221+0000][1][safepoint    ] Total time for which application threads were stopped: 0.0004252 seconds, Stopping threads took: 0.0001830 seconds
[2022-06-13T02:58:52.222+0000][1][safepoint    ] Application time: 1.0003478 seconds
[2022-06-13T02:58:52.223+0000][1][safepoint    ] Entering safepoint region: Cleanup
[2022-06-13T02:58:52.223+0000][1][safepoint    ] Leaving safepoint region
[2022-06-13T02:58:52.224+0000][1][safepoint    ] Total time for which application threads were stopped: 0.0012462 seconds, Stopping threads took: 0.0005548 seconds
[2022-06-13T02:58:53.225+0000][1][safepoint    ] Application time: 1.0002630 seconds
[2022-06-13T02:58:53.225+0000][1][safepoint    ] Entering safepoint region: Cleanup
[2022-06-13T02:58:53.226+0000][1][safepoint    ] Leaving safepoint region
[2022-06-13T02:58:53.226+0000][1][safepoint    ] Total time for which application threads were stopped: 0.0011135 seconds, Stopping threads took: 0.0003705 seconds
[2022-06-13T02:58:54.227+0000][1][safepoint    ] Application time: 1.0001984 seconds
[2022-06-13T02:58:54.227+0000][1][safepoint    ] Entering safepoint region: Cleanup
[2022-06-13T02:58:54.228+0000][1][safepoint    ] Leaving safepoint region
[2022-06-13T02:58:54.228+0000][1][safepoint    ] Total time for which application threads were stopped: 0.0007794 seconds, Stopping threads took: 0.0004002 seconds
[2022-06-13T02:58:55.229+0000][1][safepoint    ] Application time: 1.0003290 seconds
[2022-06-13T02:58:55.229+0000][1][safepoint    ] Entering safepoint region: Cleanup
[2022-06-13T02:58:55.230+0000][1][safepoint    ] Leaving safepoint region
[2022-06-13T02:58:55.230+0000][1][safepoint    ] Total time for which application threads were stopped: 0.0010917 seconds, Stopping threads took: 0.0004969 seconds
[2022-06-13T02:58:56.231+0000][1][safepoint    ] Application time: 1.0002579 seconds
[2022-06-13T02:58:56.232+0000][1][safepoint    ] Entering safepoint region: Cleanup
[2022-06-13T02:58:56.232+0000][1][safepoint    ] Leaving safepoint region
[2022-06-13T02:58:56.232+0000][1][safepoint    ] Total time for which application threads were stopped: 0.0006560 seconds, Stopping threads took: 0.0003045 seconds
[2022-06-13T02:58:57.233+0000][1][safepoint    ] Application time: 1.0001996 seconds
[2022-06-13T02:58:57.233+0000][1][safepoint    ] Entering safepoint region: Cleanup
[2022-06-13T02:58:57.234+0000][1][safepoint    ] Leaving safepoint region
[2022-06-13T02:58:57.234+0000][1][safepoint    ] Total time for which application threads were stopped: 0.0009031 seconds, Stopping threads took: 0.0003983 seconds
[2022-06-13T02:58:58.235+0000][1][safepoint    ] Application time: 1.0001701 seconds
[2022-06-13T02:58:58.235+0000][1][safepoint    ] Entering safepoint region: Cleanup
[2022-06-13T02:58:58.236+0000][1][safepoint    ] Leaving safepoint region
[2022-06-13T02:58:58.236+0000][1][safepoint    ] Total time for which application threads were stopped: 0.0008056 seconds, Stopping threads took: 0.0003593 seconds
[2022-06-13T02:58:59.237+0000][1][safepoint    ] Application time: 1.0002064 seconds
[2022-06-13T02:58:59.237+0000][1][safepoint    ] Entering safepoint region: Cleanup
[2022-06-13T02:58:59.238+0000][1][safepoint    ] Leaving safepoint region
[2022-06-13T02:58:59.238+0000][1][safepoint    ] Total time for which application threads were stopped: 0.0008758 seconds, Stopping threads took: 0.0004148 seconds
[2022-06-13T02:59:00.239+0000][1][safepoint    ] Application time: 1.0001795 seconds
[2022-06-13T02:59:00.239+0000][1][safepoint    ] Entering safepoint region: Cleanup
[2022-06-13T02:59:00.240+0000][1][safepoint    ] Leaving safepoint region
[2022-06-13T02:59:00.240+0000][1][safepoint    ] Total time for which application threads were stopped: 0.0009451 seconds, Stopping threads took: 0.0004399 seconds
[2022-06-13T02:59:01.241+0000][1][safepoint    ] Application time: 1.0002239 seconds
[2022-06-13T02:59:01.241+0000][1][safepoint    ] Entering safepoint region: Cleanup
[2022-06-13T02:59:01.242+0000][1][safepoint    ] Leaving safepoint region
[2022-06-13T02:59:01.242+0000][1][safepoint    ] Total time for which application threads were stopped: 0.0006555 seconds, Stopping threads took: 0.0002698 seconds
[2022-06-13T02:59:02.242+0000][1][safepoint    ] Application time: 1.0001351 seconds
[2022-06-13T02:59:02.243+0000][1][safepoint    ] Entering safepoint region: Cleanup
[2022-06-13T02:59:02.243+0000][1][safepoint    ] Leaving safepoint region
[2022-06-13T02:59:02.244+0000][1][safepoint    ] Total time for which application threads were stopped: 0.0009733 seconds, Stopping threads took: 0.0004400 seconds
[2022-06-13T02:59:03.244+0000][1][safepoint    ] Application time: 1.0001083 seconds
[2022-06-13T02:59:03.245+0000][1][safepoint    ] Entering safepoint region: Cleanup
[2022-06-13T02:59:03.245+0000][1][safepoint    ] Leaving safepoint region
[2022-06-13T02:59:03.245+0000][1][safepoint    ] Total time for which application threads were stopped: 0.0005197 seconds, Stopping threads took: 0.0002058 seconds
[2022-06-13T02:59:04.245+0000][1][safepoint    ] Application time: 1.0001129 seconds
[2022-06-13T02:59:04.246+0000][1][safepoint    ] Entering safepoint region: Cleanup
[2022-06-13T02:59:04.246+0000][1][safepoint    ] Leaving safepoint region
[2022-06-13T02:59:04.247+0000][1][safepoint    ] Total time for which application threads were stopped: 0.0008165 seconds, Stopping threads took: 0.0003150 seconds
[2022-06-13T02:59:05.247+0000][1][safepoint    ] Application time: 1.0002187 seconds
[2022-06-13T02:59:05.248+0000][1][safepoint    ] Entering safepoint region: Cleanup
[2022-06-13T02:59:05.248+0000][1][safepoint    ] Leaving safepoint region
[2022-06-13T02:59:05.248+0000][1][safepoint    ] Total time for which application threads were stopped: 0.0008439 seconds, Stopping threads took: 0.0004056 seconds
[2022-06-13T02:59:06.249+0000][1][safepoint    ] Application time: 1.0003308 seconds
[2022-06-13T02:59:06.250+0000][1][safepoint    ] Entering safepoint region: Cleanup
[2022-06-13T02:59:06.250+0000][1][safepoint    ] Leaving safepoint region
[2022-06-13T02:59:06.250+0000][1][safepoint    ] Total time for which application threads were stopped: 0.0006857 seconds, Stopping threads took: 0.0003253 seconds
[2022-06-13T02:59:07.251+0000][1][safepoint    ] Application time: 1.0002783 seconds
[2022-06-13T02:59:07.251+0000][1][safepoint    ] Entering safepoint region: Cleanup
[2022-06-13T02:59:07.252+0000][1][safepoint    ] Leaving safepoint region
[2022-06-13T02:59:07.252+0000][1][safepoint    ] Total time for which application threads were stopped: 0.0005879 seconds, Stopping threads took: 0.0002642 seconds
[2022-06-13T02:59:08.252+0000][1][safepoint    ] Application time: 1.0001295 seconds
[2022-06-13T02:59:08.252+0000][1][safepoint    ] Entering safepoint region: Cleanup
[2022-06-13T02:59:08.253+0000][1][safepoint    ] Leaving safepoint region
[2022-06-13T02:59:08.253+0000][1][safepoint    ] Total time for which application threads were stopped: 0.0005154 seconds, Stopping threads took: 0.0001868 seconds
[2022-06-13T02:59:09.253+0000][1][safepoint    ] Application time: 1.0001579 seconds
[2022-06-13T02:59:09.254+0000][1][safepoint    ] Entering safepoint region: Cleanup
[2022-06-13T02:59:09.254+0000][1][safepoint    ] Leaving safepoint region
[2022-06-13T02:59:09.254+0000][1][safepoint    ] Total time for which application threads were stopped: 0.0002687 seconds, Stopping threads took: 0.0001284 seconds
[2022-06-13T02:59:10.254+0000][1][safepoint    ] Application time: 1.0001962 seconds
[2022-06-13T02:59:10.255+0000][1][safepoint    ] Entering safepoint region: Cleanup
[2022-06-13T02:59:10.255+0000][1][safepoint    ] Leaving safepoint region
[2022-06-13T02:59:10.256+0000][1][safepoint    ] Total time for which application threads were stopped: 0.0006578 seconds, Stopping threads took: 0.0003039 seconds
[2022-06-13T02:59:11.256+0000][1][safepoint    ] Application time: 1.0003168 seconds
[2022-06-13T02:59:11.257+0000][1][safepoint    ] Entering safepoint region: Cleanup
[2022-06-13T02:59:11.257+0000][1][safepoint    ] Leaving safepoint region
[2022-06-13T02:59:11.257+0000][1][safepoint    ] Total time for which application threads were stopped: 0.0007288 seconds, Stopping threads took: 0.0003144 seconds
[2022-06-13T02:59:12.258+0000][1][safepoint    ] Application time: 1.0002834 seconds
[2022-06-13T02:59:12.258+0000][1][safepoint    ] Entering safepoint region: Cleanup
[2022-06-13T02:59:12.259+0000][1][safepoint    ] Leaving safepoint region
[2022-06-13T02:59:12.259+0000][1][safepoint    ] Total time for which application threads were stopped: 0.0006542 seconds, Stopping threads took: 0.0002868 seconds
[2022-06-13T02:59:13.259+0000][1][safepoint    ] Application time: 1.0001191 seconds
[2022-06-13T02:59:13.260+0000][1][safepoint    ] Entering safepoint region: Cleanup
[2022-06-13T02:59:13.260+0000][1][safepoint    ] Leaving safepoint region
[2022-06-13T02:59:13.260+0000][1][safepoint    ] Total time for which application threads were stopped: 0.0005090 seconds, Stopping threads took: 0.0002355 seconds
[2022-06-13T02:59:14.261+0000][1][safepoint    ] Application time: 1.0003257 seconds
[2022-06-13T02:59:14.261+0000][1][safepoint    ] Entering safepoint region: Cleanup
[2022-06-13T02:59:14.262+0000][1][safepoint    ] Leaving safepoint region
[2022-06-13T02:59:14.262+0000][1][safepoint    ] Total time for which application threads were stopped: 0.0007073 seconds, Stopping threads took: 0.0003299 seconds
[2022-06-13T02:59:15.262+0000][1][safepoint    ] Application time: 1.0001524 seconds
[2022-06-13T02:59:15.263+0000][1][safepoint    ] Entering safepoint region: Cleanup
[2022-06-13T02:59:15.263+0000][1][safepoint    ] Leaving safepoint region
[2022-06-13T02:59:15.263+0000][1][safepoint    ] Total time for which application threads were stopped: 0.0007894 seconds, Stopping threads took: 0.0002786 seconds
[2022-06-13T02:59:16.264+0000][1][safepoint    ] Application time: 1.0002833 seconds
[2022-06-13T02:59:16.265+0000][1][safepoint    ] Entering safepoint region: Cleanup
[2022-06-13T02:59:16.265+0000][1][safepoint    ] Leaving safepoint region
[2022-06-13T02:59:16.265+0000][1][safepoint    ] Total time for which application threads were stopped: 0.0007642 seconds, Stopping threads took: 0.0003200 seconds
[2022-06-13T02:59:17.266+0000][1][safepoint    ] Application time: 1.0001685 seconds
[2022-06-13T02:59:17.267+0000][1][safepoint    ] Entering safepoint region: Cleanup
[2022-06-13T02:59:17.267+0000][1][safepoint    ] Leaving safepoint region
[2022-06-13T02:59:17.267+0000][1][safepoint    ] Total time for which application threads were stopped: 0.0005876 seconds, Stopping threads took: 0.0001982 seconds
[2022-06-13T02:59:18.268+0000][1][safepoint    ] Application time: 1.0001642 seconds
[2022-06-13T02:59:18.268+0000][1][safepoint    ] Entering safepoint region: Cleanup
[2022-06-13T02:59:18.269+0000][1][safepoint    ] Leaving safepoint region
[2022-06-13T02:59:18.269+0000][1][safepoint    ] Total time for which application threads were stopped: 0.0008085 seconds, Stopping threads took: 0.0004502 seconds
[2022-06-13T02:59:19.270+0000][1][safepoint    ] Application time: 1.0002355 seconds
[2022-06-13T02:59:19.270+0000][1][safepoint    ] Entering safepoint region: Cleanup
[2022-06-13T02:59:19.271+0000][1][safepoint    ] Leaving safepoint region
[2022-06-13T02:59:19.271+0000][1][safepoint    ] Total time for which application threads were stopped: 0.0009244 seconds, Stopping threads took: 0.0004285 seconds
[2022-06-13T02:59:20.272+0000][1][safepoint    ] Application time: 1.0002036 seconds
[2022-06-13T02:59:20.272+0000][1][safepoint    ] Entering safepoint region: Cleanup
[2022-06-13T02:59:20.273+0000][1][safepoint    ] Leaving safepoint region
[2022-06-13T02:59:20.273+0000][1][safepoint    ] Total time for which application threads were stopped: 0.0007323 seconds, Stopping threads took: 0.0003978 seconds
[2022-06-13T02:59:21.161+0000][1][safepoint    ] Application time: 0.8879262 seconds
[2022-06-13T02:59:21.161+0000][1][safepoint    ] Entering safepoint region: RevokeBias
[2022-06-13T02:59:21.162+0000][1][safepoint    ] Leaving safepoint region
[2022-06-13T02:59:21.162+0000][1][safepoint    ] Total time for which application threads were stopped: 0.0005385 seconds, Stopping threads took: 0.0002565 seconds
[2022-06-13T02:59:22.162+0000][1][safepoint    ] Application time: 1.0001625 seconds
[2022-06-13T02:59:22.163+0000][1][safepoint    ] Entering safepoint region: Cleanup
[2022-06-13T02:59:22.163+0000][1][safepoint    ] Leaving safepoint region
[2022-06-13T02:59:22.163+0000][1][safepoint    ] Total time for which application threads were stopped: 0.0006472 seconds, Stopping threads took: 0.0002976 seconds
[2022-06-13T02:59:23.164+0000][1][safepoint    ] Application time: 1.0001202 seconds
[2022-06-13T02:59:23.164+0000][1][safepoint    ] Entering safepoint region: Cleanup
[2022-06-13T02:59:23.164+0000][1][safepoint    ] Leaving safepoint region
[2022-06-13T02:59:23.165+0000][1][safepoint    ] Total time for which application threads were stopped: 0.0005651 seconds, Stopping threads took: 0.0002246 seconds
[2022-06-13T02:59:24.165+0000][1][safepoint    ] Application time: 1.0001173 seconds
[2022-06-13T02:59:24.166+0000][1][safepoint    ] Entering safepoint region: Cleanup
[2022-06-13T02:59:24.166+0000][1][safepoint    ] Leaving safepoint region
[2022-06-13T02:59:24.166+0000][1][safepoint    ] Total time for which application threads were stopped: 0.0004405 seconds, Stopping threads took: 0.0001667 seconds
[2022-06-13T02:59:25.166+0000][1][safepoint    ] Application time: 1.0002342 seconds
[2022-06-13T02:59:25.167+0000][1][safepoint    ] Entering safepoint region: Cleanup
[2022-06-13T02:59:25.167+0000][1][safepoint    ] Leaving safepoint region
[2022-06-13T02:59:25.168+0000][1][safepoint    ] Total time for which application threads were stopped: 0.0010009 seconds, Stopping threads took: 0.0003921 seconds
[2022-06-13T02:59:26.169+0000][1][safepoint    ] Application time: 1.0002586 seconds
[2022-06-13T02:59:26.169+0000][1][safepoint    ] Entering safepoint region: Cleanup
[2022-06-13T02:59:26.169+0000][1][safepoint    ] Leaving safepoint region
[2022-06-13T02:59:26.170+0000][1][safepoint    ] Total time for which application threads were stopped: 0.0006310 seconds, Stopping threads took: 0.0002652 seconds
[2022-06-13T02:59:27.170+0000][1][safepoint    ] Application time: 1.0001172 seconds
[2022-06-13T02:59:27.171+0000][1][safepoint    ] Entering safepoint region: Cleanup
[2022-06-13T02:59:27.171+0000][1][safepoint    ] Leaving safepoint region
[2022-06-13T02:59:27.171+0000][1][safepoint    ] Total time for which application threads were stopped: 0.0006566 seconds, Stopping threads took: 0.0003080 seconds
[2022-06-13T02:59:28.172+0000][1][safepoint    ] Application time: 1.0002371 seconds
[2022-06-13T02:59:28.172+0000][1][safepoint    ] Entering safepoint region: Cleanup
[2022-06-13T02:59:28.173+0000][1][safepoint    ] Leaving safepoint region
[2022-06-13T02:59:28.173+0000][1][safepoint    ] Total time for which application threads were stopped: 0.0006117 seconds, Stopping threads took: 0.0002811 seconds
[2022-06-13T02:59:29.173+0000][1][safepoint    ] Application time: 1.0001633 seconds
[2022-06-13T02:59:29.174+0000][1][safepoint    ] Entering safepoint region: Cleanup
[2022-06-13T02:59:29.174+0000][1][safepoint    ] Leaving safepoint region
[2022-06-13T02:59:29.174+0000][1][safepoint    ] Total time for which application threads were stopped: 0.0004911 seconds, Stopping threads took: 0.0001488 seconds
[2022-06-13T02:59:30.174+0000][1][safepoint    ] Application time: 1.0003548 seconds
[2022-06-13T02:59:30.175+0000][1][safepoint    ] Entering safepoint region: Cleanup
[2022-06-13T02:59:30.175+0000][1][safepoint    ] Leaving safepoint region
[2022-06-13T02:59:30.176+0000][1][safepoint    ] Total time for which application threads were stopped: 0.0006695 seconds, Stopping threads took: 0.0002805 seconds
[2022-06-13T02:59:31.176+0000][1][safepoint    ] Application time: 1.0001964 seconds
[2022-06-13T02:59:31.177+0000][1][safepoint    ] Entering safepoint region: Cleanup
[2022-06-13T02:59:31.178+0000][1][safepoint    ] Leaving safepoint region
[2022-06-13T02:59:31.178+0000][1][safepoint    ] Total time for which application threads were stopped: 0.0010886 seconds, Stopping threads took: 0.0005883 seconds
[2022-06-13T02:59:32.179+0000][1][safepoint    ] Application time: 1.0003266 seconds
[2022-06-13T02:59:32.179+0000][1][safepoint    ] Entering safepoint region: Cleanup
[2022-06-13T02:59:32.180+0000][1][safepoint    ] Leaving safepoint region
[2022-06-13T02:59:32.180+0000][1][safepoint    ] Total time for which application threads were stopped: 0.0011192 seconds, Stopping threads took: 0.0004926 seconds
[2022-06-13T02:59:33.181+0000][1][safepoint    ] Application time: 1.0002029 seconds
[2022-06-13T02:59:33.181+0000][1][safepoint    ] Entering safepoint region: Cleanup
[2022-06-13T02:59:33.182+0000][1][safepoint    ] Leaving safepoint region
[2022-06-13T02:59:33.182+0000][1][safepoint    ] Total time for which application threads were stopped: 0.0007321 seconds, Stopping threads took: 0.0002821 seconds
[2022-06-13T02:59:34.182+0000][1][safepoint    ] Application time: 1.0001974 seconds
[2022-06-13T02:59:34.183+0000][1][safepoint    ] Entering safepoint region: Cleanup
[2022-06-13T02:59:34.183+0000][1][safepoint    ] Leaving safepoint region
[2022-06-13T02:59:34.184+0000][1][safepoint    ] Total time for which application threads were stopped: 0.0006853 seconds, Stopping threads took: 0.0003127 seconds
[2022-06-13T02:59:35.184+0000][1][safepoint    ] Application time: 1.0002302 seconds
[2022-06-13T02:59:35.185+0000][1][safepoint    ] Entering safepoint region: Cleanup
[2022-06-13T02:59:35.185+0000][1][safepoint    ] Leaving safepoint region
[2022-06-13T02:59:35.186+0000][1][safepoint    ] Total time for which application threads were stopped: 0.0011142 seconds, Stopping threads took: 0.0005374 seconds
[2022-06-13T02:59:36.186+0000][1][safepoint    ] Application time: 1.0002051 seconds
[2022-06-13T02:59:36.187+0000][1][safepoint    ] Entering safepoint region: Cleanup
[2022-06-13T02:59:36.188+0000][1][safepoint    ] Leaving safepoint region
[2022-06-13T02:59:36.188+0000][1][safepoint    ] Total time for which application threads were stopped: 0.0007886 seconds, Stopping threads took: 0.0004182 seconds
[2022-06-13T02:59:37.189+0000][1][safepoint    ] Application time: 1.0002655 seconds
[2022-06-13T02:59:37.189+0000][1][safepoint    ] Entering safepoint region: Cleanup
[2022-06-13T02:59:37.189+0000][1][safepoint    ] Leaving safepoint region
[2022-06-13T02:59:37.190+0000][1][safepoint    ] Total time for which application threads were stopped: 0.0007560 seconds, Stopping threads took: 0.0003776 seconds
[2022-06-13T02:59:38.190+0000][1][safepoint    ] Application time: 1.0002859 seconds
[2022-06-13T02:59:38.191+0000][1][safepoint    ] Entering safepoint region: Cleanup
[2022-06-13T02:59:38.191+0000][1][safepoint    ] Leaving safepoint region
[2022-06-13T02:59:38.192+0000][1][safepoint    ] Total time for which application threads were stopped: 0.0008040 seconds, Stopping threads took: 0.0003769 seconds
[2022-06-13T02:59:39.192+0000][1][safepoint    ] Application time: 1.0001023 seconds
[2022-06-13T02:59:39.192+0000][1][safepoint    ] Entering safepoint region: Cleanup
[2022-06-13T02:59:39.193+0000][1][safepoint    ] Leaving safepoint region
[2022-06-13T02:59:39.193+0000][1][safepoint    ] Total time for which application threads were stopped: 0.0003328 seconds, Stopping threads took: 0.0001551 seconds
[2022-06-13T02:59:40.193+0000][1][safepoint    ] Application time: 1.0002342 seconds
[2022-06-13T02:59:40.194+0000][1][safepoint    ] Entering safepoint region: Cleanup
[2022-06-13T02:59:40.194+0000][1][safepoint    ] Leaving safepoint region
[2022-06-13T02:59:40.195+0000][1][safepoint    ] Total time for which application threads were stopped: 0.0009892 seconds, Stopping threads took: 0.0004697 seconds
[2022-06-13T02:59:41.195+0000][1][safepoint    ] Application time: 1.0001161 seconds
[2022-06-13T02:59:41.196+0000][1][safepoint    ] Entering safepoint region: Cleanup
[2022-06-13T02:59:41.196+0000][1][safepoint    ] Leaving safepoint region
[2022-06-13T02:59:41.197+0000][1][safepoint    ] Total time for which application threads were stopped: 0.0007976 seconds, Stopping threads took: 0.0003714 seconds
[2022-06-13T02:59:42.197+0000][1][safepoint    ] Application time: 1.0001508 seconds
[2022-06-13T02:59:42.198+0000][1][safepoint    ] Entering safepoint region: Cleanup
[2022-06-13T02:59:42.198+0000][1][safepoint    ] Leaving safepoint region
[2022-06-13T02:59:42.199+0000][1][safepoint    ] Total time for which application threads were stopped: 0.0007885 seconds, Stopping threads took: 0.0003874 seconds
[2022-06-13T02:59:43.199+0000][1][safepoint    ] Application time: 1.0001150 seconds
[2022-06-13T02:59:43.200+0000][1][safepoint    ] Entering safepoint region: Cleanup
[2022-06-13T02:59:43.200+0000][1][safepoint    ] Leaving safepoint region
[2022-06-13T02:59:43.200+0000][1][safepoint    ] Total time for which application threads were stopped: 0.0008164 seconds, Stopping threads took: 0.0003315 seconds
[2022-06-13T02:59:44.201+0000][1][safepoint    ] Application time: 1.0001375 seconds
[2022-06-13T02:59:44.201+0000][1][safepoint    ] Entering safepoint region: Cleanup
[2022-06-13T02:59:44.201+0000][1][safepoint    ] Leaving safepoint region
[2022-06-13T02:59:44.202+0000][1][safepoint    ] Total time for which application threads were stopped: 0.0004229 seconds, Stopping threads took: 0.0001807 seconds
[2022-06-13T02:59:45.202+0000][1][safepoint    ] Application time: 1.0001698 seconds
[2022-06-13T02:59:45.202+0000][1][safepoint    ] Entering safepoint region: Cleanup
[2022-06-13T02:59:45.203+0000][1][safepoint    ] Leaving safepoint region
[2022-06-13T02:59:45.203+0000][1][safepoint    ] Total time for which application threads were stopped: 0.0006678 seconds, Stopping threads took: 0.0003507 seconds
[2022-06-13T02:59:46.204+0000][1][safepoint    ] Application time: 1.0003782 seconds
[2022-06-13T02:59:46.204+0000][1][safepoint    ] Entering safepoint region: Cleanup
[2022-06-13T02:59:46.205+0000][1][safepoint    ] Leaving safepoint region
[2022-06-13T02:59:46.205+0000][1][safepoint    ] Total time for which application threads were stopped: 0.0007788 seconds, Stopping threads took: 0.0002444 seconds
[2022-06-13T02:59:47.206+0000][1][safepoint    ] Application time: 1.0001954 seconds
[2022-06-13T02:59:47.206+0000][1][safepoint    ] Entering safepoint region: Cleanup
[2022-06-13T02:59:47.207+0000][1][safepoint    ] Leaving safepoint region
[2022-06-13T02:59:47.207+0000][1][safepoint    ] Total time for which application threads were stopped: 0.0007391 seconds, Stopping threads took: 0.0003540 seconds
[2022-06-13T02:59:48.208+0000][1][safepoint    ] Application time: 1.0002600 seconds
[2022-06-13T02:59:48.208+0000][1][safepoint    ] Entering safepoint region: Cleanup
[2022-06-13T02:59:48.208+0000][1][safepoint    ] Leaving safepoint region
[2022-06-13T02:59:48.209+0000][1][safepoint    ] Total time for which application threads were stopped: 0.0006402 seconds, Stopping threads took: 0.0002902 seconds
[2022-06-13T02:59:49.209+0000][1][safepoint    ] Application time: 1.0001811 seconds
[2022-06-13T02:59:49.210+0000][1][safepoint    ] Entering safepoint region: Cleanup
[2022-06-13T02:59:49.210+0000][1][safepoint    ] Leaving safepoint region
[2022-06-13T02:59:49.210+0000][1][safepoint    ] Total time for which application threads were stopped: 0.0008034 seconds, Stopping threads took: 0.0004408 seconds
[2022-06-13T02:59:50.211+0000][1][safepoint    ] Application time: 1.0003536 seconds
[2022-06-13T02:59:50.211+0000][1][safepoint    ] Entering safepoint region: Cleanup
[2022-06-13T02:59:50.212+0000][1][safepoint    ] Leaving safepoint region
[2022-06-13T02:59:50.212+0000][1][safepoint    ] Total time for which application threads were stopped: 0.0008080 seconds, Stopping threads took: 0.0004120 seconds
[2022-06-13T02:59:51.213+0000][1][safepoint    ] Application time: 1.0002159 seconds
[2022-06-13T02:59:51.213+0000][1][safepoint    ] Entering safepoint region: Cleanup
[2022-06-13T02:59:51.213+0000][1][safepoint    ] Leaving safepoint region
[2022-06-13T02:59:51.214+0000][1][safepoint    ] Total time for which application threads were stopped: 0.0004697 seconds, Stopping threads took: 0.0002290 seconds
[2022-06-13T02:59:52.214+0000][1][safepoint    ] Application time: 1.0001687 seconds
[2022-06-13T02:59:52.215+0000][1][safepoint    ] Entering safepoint region: Cleanup
[2022-06-13T02:59:52.215+0000][1][safepoint    ] Leaving safepoint region
[2022-06-13T02:59:52.215+0000][1][safepoint    ] Total time for which application threads were stopped: 0.0007319 seconds, Stopping threads took: 0.0003277 seconds
[2022-06-13T02:59:53.216+0000][1][safepoint    ] Application time: 1.0001042 seconds
[2022-06-13T02:59:53.216+0000][1][safepoint    ] Entering safepoint region: Cleanup
[2022-06-13T02:59:53.217+0000][1][safepoint    ] Leaving safepoint region
[2022-06-13T02:59:53.217+0000][1][safepoint    ] Total time for which application threads were stopped: 0.0006516 seconds, Stopping threads took: 0.0003462 seconds
[2022-06-13T02:59:54.217+0000][1][safepoint    ] Application time: 1.0003468 seconds
[2022-06-13T02:59:54.218+0000][1][safepoint    ] Entering safepoint region: Cleanup
[2022-06-13T02:59:54.219+0000][1][safepoint    ] Leaving safepoint region
[2022-06-13T02:59:54.220+0000][1][safepoint    ] Total time for which application threads were stopped: 0.0015171 seconds, Stopping threads took: 0.0007119 seconds
[2022-06-13T02:59:55.220+0000][1][safepoint    ] Application time: 1.0001670 seconds
[2022-06-13T02:59:55.221+0000][1][safepoint    ] Entering safepoint region: Cleanup
[2022-06-13T02:59:55.222+0000][1][safepoint    ] Leaving safepoint region
[2022-06-13T02:59:55.222+0000][1][safepoint    ] Total time for which application threads were stopped: 0.0010256 seconds, Stopping threads took: 0.0005411 seconds
[2022-06-13T02:59:56.223+0000][1][safepoint    ] Application time: 1.0003263 seconds
[2022-06-13T02:59:56.224+0000][1][safepoint    ] Entering safepoint region: Cleanup
[2022-06-13T02:59:56.224+0000][1][safepoint    ] Leaving safepoint region
[2022-06-13T02:59:56.225+0000][1][safepoint    ] Total time for which application threads were stopped: 0.0012871 seconds, Stopping threads took: 0.0005501 seconds
[2022-06-13T02:59:57.226+0000][1][safepoint    ] Application time: 1.0001249 seconds
[2022-06-13T02:59:57.226+0000][1][safepoint    ] Entering safepoint region: Cleanup
[2022-06-13T02:59:57.227+0000][1][safepoint    ] Leaving safepoint region
[2022-06-13T02:59:57.227+0000][1][safepoint    ] Total time for which application threads were stopped: 0.0008396 seconds, Stopping threads took: 0.0005202 seconds
[2022-06-13T02:59:58.228+0000][1][safepoint    ] Application time: 1.0003832 seconds
[2022-06-13T02:59:58.228+0000][1][safepoint    ] Entering safepoint region: Cleanup
[2022-06-13T02:59:58.228+0000][1][safepoint    ] Leaving safepoint region
[2022-06-13T02:59:58.229+0000][1][safepoint    ] Total time for which application threads were stopped: 0.0006420 seconds, Stopping threads took: 0.0002768 seconds
[2022-06-13T02:59:59.229+0000][1][safepoint    ] Application time: 1.0004165 seconds
[2022-06-13T02:59:59.230+0000][1][safepoint    ] Entering safepoint region: Cleanup
[2022-06-13T02:59:59.230+0000][1][safepoint    ] Leaving safepoint region
[2022-06-13T02:59:59.231+0000][1][safepoint    ] Total time for which application threads were stopped: 0.0007894 seconds, Stopping threads took: 0.0003599 seconds
[2022-06-13T03:00:00.231+0000][1][safepoint    ] Application time: 1.0001991 seconds
[2022-06-13T03:00:00.232+0000][1][safepoint    ] Entering safepoint region: Cleanup
[2022-06-13T03:00:00.232+0000][1][safepoint    ] Leaving safepoint region
[2022-06-13T03:00:00.233+0000][1][safepoint    ] Total time for which application threads were stopped: 0.0009179 seconds, Stopping threads took: 0.0004688 seconds
[2022-06-13T03:00:01.233+0000][1][safepoint    ] Application time: 1.0001940 seconds
[2022-06-13T03:00:01.234+0000][1][safepoint    ] Entering safepoint region: Cleanup
[2022-06-13T03:00:01.234+0000][1][safepoint    ] Leaving safepoint region
[2022-06-13T03:00:01.234+0000][1][safepoint    ] Total time for which application threads were stopped: 0.0008812 seconds, Stopping threads took: 0.0004166 seconds
[2022-06-13T03:00:02.235+0000][1][safepoint    ] Application time: 1.0002265 seconds
[2022-06-13T03:00:02.236+0000][1][safepoint    ] Entering safepoint region: Cleanup
[2022-06-13T03:00:02.236+0000][1][safepoint    ] Leaving safepoint region
[2022-06-13T03:00:02.237+0000][1][safepoint    ] Total time for which application threads were stopped: 0.0009132 seconds, Stopping threads took: 0.0004863 seconds
[2022-06-13T03:00:03.237+0000][1][safepoint    ] Application time: 1.0002547 seconds
[2022-06-13T03:00:03.238+0000][1][safepoint    ] Entering safepoint region: Cleanup
[2022-06-13T03:00:03.238+0000][1][safepoint    ] Leaving safepoint region
[2022-06-13T03:00:03.239+0000][1][safepoint    ] Total time for which application threads were stopped: 0.0009766 seconds, Stopping threads took: 0.0005070 seconds
[2022-06-13T03:00:04.239+0000][1][safepoint    ] Application time: 1.0001385 seconds
[2022-06-13T03:00:04.239+0000][1][safepoint    ] Entering safepoint region: Cleanup
[2022-06-13T03:00:04.240+0000][1][safepoint    ] Leaving safepoint region
[2022-06-13T03:00:04.240+0000][1][safepoint    ] Total time for which application threads were stopped: 0.0003119 seconds, Stopping threads took: 0.0001255 seconds
[2022-06-13T03:00:05.240+0000][1][safepoint    ] Application time: 1.0002953 seconds
[2022-06-13T03:00:05.241+0000][1][safepoint    ] Entering safepoint region: Cleanup
[2022-06-13T03:00:05.242+0000][1][safepoint    ] Leaving safepoint region
[2022-06-13T03:00:05.243+0000][1][safepoint    ] Total time for which application threads were stopped: 0.0014970 seconds, Stopping threads took: 0.0006892 seconds
[2022-06-13T03:00:06.243+0000][1][safepoint    ] Application time: 1.0002866 seconds
[2022-06-13T03:00:06.244+0000][1][safepoint    ] Entering safepoint region: Cleanup
[2022-06-13T03:00:06.245+0000][1][safepoint    ] Leaving safepoint region
[2022-06-13T03:00:06.245+0000][1][safepoint    ] Total time for which application threads were stopped: 0.0010091 seconds, Stopping threads took: 0.0005493 seconds
[2022-06-13T03:00:07.246+0000][1][safepoint    ] Application time: 1.0002736 seconds
[2022-06-13T03:00:07.246+0000][1][safepoint    ] Entering safepoint region: Cleanup
[2022-06-13T03:00:07.247+0000][1][safepoint    ] Leaving safepoint region
[2022-06-13T03:00:07.247+0000][1][safepoint    ] Total time for which application threads were stopped: 0.0010468 seconds, Stopping threads took: 0.0004982 seconds
[2022-06-13T03:00:08.248+0000][1][safepoint    ] Application time: 1.0001918 seconds
[2022-06-13T03:00:08.249+0000][1][safepoint    ] Entering safepoint region: Cleanup
[2022-06-13T03:00:08.249+0000][1][safepoint    ] Leaving safepoint region
[2022-06-13T03:00:08.250+0000][1][safepoint    ] Total time for which application threads were stopped: 0.0007203 seconds, Stopping threads took: 0.0003601 seconds
[2022-06-13T03:00:09.250+0000][1][safepoint    ] Application time: 1.0002049 seconds
[2022-06-13T03:00:09.251+0000][1][safepoint    ] Entering safepoint region: Cleanup
[2022-06-13T03:00:09.251+0000][1][safepoint    ] Leaving safepoint region
[2022-06-13T03:00:09.251+0000][1][safepoint    ] Total time for which application threads were stopped: 0.0005040 seconds, Stopping threads took: 0.0002011 seconds
[2022-06-13T03:00:10.251+0000][1][safepoint    ] Application time: 1.0003699 seconds
[2022-06-13T03:00:10.253+0000][1][safepoint    ] Entering safepoint region: Cleanup
[2022-06-13T03:00:10.254+0000][1][safepoint    ] Leaving safepoint region
[2022-06-13T03:00:10.254+0000][1][safepoint    ] Total time for which application threads were stopped: 0.0017664 seconds, Stopping threads took: 0.0009262 seconds
[2022-06-13T03:00:11.255+0000][1][safepoint    ] Application time: 1.0002992 seconds
[2022-06-13T03:00:11.256+0000][1][safepoint    ] Entering safepoint region: Cleanup
[2022-06-13T03:00:11.256+0000][1][safepoint    ] Leaving safepoint region
[2022-06-13T03:00:11.257+0000][1][safepoint    ] Total time for which application threads were stopped: 0.0012295 seconds, Stopping threads took: 0.0005461 seconds
[2022-06-13T03:00:12.258+0000][1][safepoint    ] Application time: 1.0002959 seconds
[2022-06-13T03:00:12.259+0000][1][safepoint    ] Entering safepoint region: Cleanup
[2022-06-13T03:00:12.259+0000][1][safepoint    ] Leaving safepoint region
[2022-06-13T03:00:12.260+0000][1][safepoint    ] Total time for which application threads were stopped: 0.0010245 seconds, Stopping threads took: 0.0005003 seconds
[2022-06-13T03:00:13.261+0000][1][safepoint    ] Application time: 1.0003376 seconds
[2022-06-13T03:00:13.261+0000][1][safepoint    ] Entering safepoint region: Cleanup
[2022-06-13T03:00:13.262+0000][1][safepoint    ] Leaving safepoint region
[2022-06-13T03:00:13.262+0000][1][safepoint    ] Total time for which application threads were stopped: 0.0010053 seconds, Stopping threads took: 0.0004817 seconds
[2022-06-13T03:00:14.263+0000][1][safepoint    ] Application time: 1.0003147 seconds
[2022-06-13T03:00:14.264+0000][1][safepoint    ] Entering safepoint region: Cleanup
[2022-06-13T03:00:14.264+0000][1][safepoint    ] Leaving safepoint region
[2022-06-13T03:00:14.265+0000][1][safepoint    ] Total time for which application threads were stopped: 0.0008128 seconds, Stopping threads took: 0.0003502 seconds
[2022-06-13T03:00:15.265+0000][1][safepoint    ] Application time: 1.0001322 seconds
[2022-06-13T03:00:15.266+0000][1][safepoint    ] Entering safepoint region: Cleanup
[2022-06-13T03:00:15.266+0000][1][safepoint    ] Leaving safepoint region
[2022-06-13T03:00:15.267+0000][1][safepoint    ] Total time for which application threads were stopped: 0.0010123 seconds, Stopping threads took: 0.0004809 seconds
[2022-06-13T03:00:16.267+0000][1][safepoint    ] Application time: 1.0002719 seconds
[2022-06-13T03:00:16.268+0000][1][safepoint    ] Entering safepoint region: Cleanup
[2022-06-13T03:00:16.269+0000][1][safepoint    ] Leaving safepoint region
[2022-06-13T03:00:16.269+0000][1][safepoint    ] Total time for which application threads were stopped: 0.0010049 seconds, Stopping threads took: 0.0003425 seconds
[2022-06-13T03:00:17.270+0000][1][safepoint    ] Application time: 1.0002260 seconds
[2022-06-13T03:00:17.270+0000][1][safepoint    ] Entering safepoint region: Cleanup
[2022-06-13T03:00:17.271+0000][1][safepoint    ] Leaving safepoint region
[2022-06-13T03:00:17.271+0000][1][safepoint    ] Total time for which application threads were stopped: 0.0005564 seconds, Stopping threads took: 0.0002722 seconds
[2022-06-13T03:00:18.271+0000][1][safepoint    ] Application time: 1.0001021 seconds
[2022-06-13T03:00:18.271+0000][1][safepoint    ] Entering safepoint region: Cleanup
[2022-06-13T03:00:18.272+0000][1][safepoint    ] Leaving safepoint region
[2022-06-13T03:00:18.272+0000][1][safepoint    ] Total time for which application threads were stopped: 0.0007753 seconds, Stopping threads took: 0.0004207 seconds
[2022-06-13T03:00:19.273+0000][1][safepoint    ] Application time: 1.0001846 seconds
[2022-06-13T03:00:19.273+0000][1][safepoint    ] Entering safepoint region: Cleanup
[2022-06-13T03:00:19.274+0000][1][safepoint    ] Leaving safepoint region
[2022-06-13T03:00:19.274+0000][1][safepoint    ] Total time for which application threads were stopped: 0.0011977 seconds, Stopping threads took: 0.0005418 seconds
[2022-06-13T03:00:20.275+0000][1][safepoint    ] Application time: 1.0003421 seconds
[2022-06-13T03:00:20.276+0000][1][safepoint    ] Entering safepoint region: Cleanup
[2022-06-13T03:00:20.277+0000][1][safepoint    ] Leaving safepoint region
[2022-06-13T03:00:20.277+0000][1][safepoint    ] Total time for which application threads were stopped: 0.0012753 seconds, Stopping threads took: 0.0005975 seconds
[2022-06-13T03:00:21.278+0000][1][safepoint    ] Application time: 1.0001318 seconds
[2022-06-13T03:00:21.279+0000][1][safepoint    ] Entering safepoint region: Cleanup
[2022-06-13T03:00:21.279+0000][1][safepoint    ] Leaving safepoint region
[2022-06-13T03:00:21.279+0000][1][safepoint    ] Total time for which application threads were stopped: 0.0008189 seconds, Stopping threads took: 0.0004214 seconds
[2022-06-13T03:00:22.280+0000][1][safepoint    ] Application time: 1.0003221 seconds
[2022-06-13T03:00:22.281+0000][1][safepoint    ] Entering safepoint region: Cleanup
[2022-06-13T03:00:22.281+0000][1][safepoint    ] Leaving safepoint region
[2022-06-13T03:00:22.281+0000][1][safepoint    ] Total time for which application threads were stopped: 0.0008138 seconds, Stopping threads took: 0.0003821 seconds
[2022-06-13T03:00:23.282+0000][1][safepoint    ] Application time: 1.0002214 seconds
[2022-06-13T03:00:23.282+0000][1][safepoint    ] Entering safepoint region: Cleanup
[2022-06-13T03:00:23.283+0000][1][safepoint    ] Leaving safepoint region
[2022-06-13T03:00:23.283+0000][1][safepoint    ] Total time for which application threads were stopped: 0.0010309 seconds, Stopping threads took: 0.0004435 seconds
[2022-06-13T03:00:24.284+0000][1][safepoint    ] Application time: 1.0002436 seconds
[2022-06-13T03:00:24.285+0000][1][safepoint    ] Entering safepoint region: Cleanup
[2022-06-13T03:00:24.286+0000][1][safepoint    ] Leaving safepoint region
[2022-06-13T03:00:24.287+0000][1][safepoint    ] Total time for which application threads were stopped: 0.0018558 seconds, Stopping threads took: 0.0009839 seconds
[2022-06-13T03:00:25.288+0000][1][safepoint    ] Application time: 1.0001918 seconds
[2022-06-13T03:00:25.288+0000][1][safepoint    ] Entering safepoint region: Cleanup
[2022-06-13T03:00:25.289+0000][1][safepoint    ] Leaving safepoint region
[2022-06-13T03:00:25.289+0000][1][safepoint    ] Total time for which application threads were stopped: 0.0006761 seconds, Stopping threads took: 0.0002806 seconds
[2022-06-13T03:00:26.289+0000][1][safepoint    ] Application time: 1.0002423 seconds
[2022-06-13T03:00:26.290+0000][1][safepoint    ] Entering safepoint region: Cleanup
[2022-06-13T03:00:26.291+0000][1][safepoint    ] Leaving safepoint region
[2022-06-13T03:00:26.292+0000][1][safepoint    ] Total time for which application threads were stopped: 0.0015239 seconds, Stopping threads took: 0.0007010 seconds
[2022-06-13T03:00:27.293+0000][1][safepoint    ] Application time: 1.0001705 seconds
[2022-06-13T03:00:27.293+0000][1][safepoint    ] Entering safepoint region: Cleanup
[2022-06-13T03:00:27.293+0000][1][safepoint    ] Leaving safepoint region
[2022-06-13T03:00:27.294+0000][1][safepoint    ] Total time for which application threads were stopped: 0.0006294 seconds, Stopping threads took: 0.0002770 seconds
[2022-06-13T03:00:28.294+0000][1][safepoint    ] Application time: 1.0002287 seconds
[2022-06-13T03:00:28.295+0000][1][safepoint    ] Entering safepoint region: Cleanup
[2022-06-13T03:00:28.295+0000][1][safepoint    ] Leaving safepoint region
[2022-06-13T03:00:28.295+0000][1][safepoint    ] Total time for which application threads were stopped: 0.0006917 seconds, Stopping threads took: 0.0003167 seconds
[2022-06-13T03:00:29.296+0000][1][safepoint    ] Application time: 1.0001638 seconds
[2022-06-13T03:00:29.296+0000][1][safepoint    ] Entering safepoint region: Cleanup
[2022-06-13T03:00:29.297+0000][1][safepoint    ] Leaving safepoint region
[2022-06-13T03:00:29.297+0000][1][safepoint    ] Total time for which application threads were stopped: 0.0008027 seconds, Stopping threads took: 0.0003793 seconds
[2022-06-13T03:00:30.298+0000][1][safepoint    ] Application time: 1.0001338 seconds
[2022-06-13T03:00:30.298+0000][1][safepoint    ] Entering safepoint region: Cleanup
[2022-06-13T03:00:30.298+0000][1][safepoint    ] Leaving safepoint region
[2022-06-13T03:00:30.299+0000][1][safepoint    ] Total time for which application threads were stopped: 0.0005817 seconds, Stopping threads took: 0.0002867 seconds
[2022-06-13T03:00:31.299+0000][1][safepoint    ] Application time: 1.0001019 seconds
[2022-06-13T03:00:31.299+0000][1][safepoint    ] Entering safepoint region: Cleanup
[2022-06-13T03:00:31.300+0000][1][safepoint    ] Leaving safepoint region
[2022-06-13T03:00:31.300+0000][1][safepoint    ] Total time for which application threads were stopped: 0.0011085 seconds, Stopping threads took: 0.0004463 seconds
[2022-06-13T03:00:32.301+0000][1][safepoint    ] Application time: 1.0001460 seconds
[2022-06-13T03:00:32.301+0000][1][safepoint    ] Entering safepoint region: Cleanup
[2022-06-13T03:00:32.302+0000][1][safepoint    ] Leaving safepoint region
[2022-06-13T03:00:32.302+0000][1][safepoint    ] Total time for which application threads were stopped: 0.0004966 seconds, Stopping threads took: 0.0002158 seconds
[2022-06-13T03:00:33.302+0000][1][safepoint    ] Application time: 1.0001477 seconds
[2022-06-13T03:00:33.303+0000][1][safepoint    ] Entering safepoint region: Cleanup
[2022-06-13T03:00:33.303+0000][1][safepoint    ] Leaving safepoint region
[2022-06-13T03:00:33.303+0000][1][safepoint    ] Total time for which application threads were stopped: 0.0007641 seconds, Stopping threads took: 0.0004441 seconds
[2022-06-13T03:00:34.304+0000][1][safepoint    ] Application time: 1.0001971 seconds
[2022-06-13T03:00:34.304+0000][1][safepoint    ] Entering safepoint region: Cleanup
[2022-06-13T03:00:34.304+0000][1][safepoint    ] Leaving safepoint region
[2022-06-13T03:00:34.304+0000][1][safepoint    ] Total time for which application threads were stopped: 0.0006030 seconds, Stopping threads took: 0.0002998 seconds
[2022-06-13T03:00:35.305+0000][1][safepoint    ] Application time: 1.0001263 seconds
[2022-06-13T03:00:35.305+0000][1][safepoint    ] Entering safepoint region: Cleanup
[2022-06-13T03:00:35.306+0000][1][safepoint    ] Leaving safepoint region
[2022-06-13T03:00:35.306+0000][1][safepoint    ] Total time for which application threads were stopped: 0.0004648 seconds, Stopping threads took: 0.0002184 seconds
[2022-06-13T03:00:36.306+0000][1][safepoint    ] Application time: 1.0001252 seconds
[2022-06-13T03:00:36.306+0000][1][safepoint    ] Entering safepoint region: Cleanup
[2022-06-13T03:00:36.307+0000][1][safepoint    ] Leaving safepoint region
[2022-06-13T03:00:36.307+0000][1][safepoint    ] Total time for which application threads were stopped: 0.0006329 seconds, Stopping threads took: 0.0002714 seconds
[2022-06-13T03:00:37.307+0000][1][safepoint    ] Application time: 1.0001869 seconds
[2022-06-13T03:00:37.308+0000][1][safepoint    ] Entering safepoint region: Cleanup
[2022-06-13T03:00:37.309+0000][1][safepoint    ] Leaving safepoint region
[2022-06-13T03:00:37.309+0000][1][safepoint    ] Total time for which application threads were stopped: 0.0006061 seconds, Stopping threads took: 0.0003319 seconds
[2022-06-13T03:00:38.309+0000][1][safepoint    ] Application time: 1.0001343 seconds
[2022-06-13T03:00:38.310+0000][1][safepoint    ] Entering safepoint region: Cleanup
[2022-06-13T03:00:38.310+0000][1][safepoint    ] Leaving safepoint region
[2022-06-13T03:00:38.311+0000][1][safepoint    ] Total time for which application threads were stopped: 0.0010021 seconds, Stopping threads took: 0.0004358 seconds
[2022-06-13T03:00:39.311+0000][1][safepoint    ] Application time: 1.0003032 seconds
[2022-06-13T03:00:39.312+0000][1][safepoint    ] Entering safepoint region: Cleanup
[2022-06-13T03:00:39.313+0000][1][safepoint    ] Leaving safepoint region
[2022-06-13T03:00:39.313+0000][1][safepoint    ] Total time for which application threads were stopped: 0.0014189 seconds, Stopping threads took: 0.0005892 seconds
[2022-06-13T03:00:40.314+0000][1][safepoint    ] Application time: 1.0002140 seconds
[2022-06-13T03:00:40.315+0000][1][safepoint    ] Entering safepoint region: Cleanup
[2022-06-13T03:00:40.315+0000][1][safepoint    ] Leaving safepoint region
[2022-06-13T03:00:40.316+0000][1][safepoint    ] Total time for which application threads were stopped: 0.0009934 seconds, Stopping threads took: 0.0003541 seconds
[2022-06-13T03:00:41.316+0000][1][safepoint    ] Application time: 1.0001307 seconds
[2022-06-13T03:00:41.317+0000][1][safepoint    ] Entering safepoint region: Cleanup
[2022-06-13T03:00:41.317+0000][1][safepoint    ] Leaving safepoint region
[2022-06-13T03:00:41.317+0000][1][safepoint    ] Total time for which application threads were stopped: 0.0005184 seconds, Stopping threads took: 0.0002582 seconds
[2022-06-13T03:00:42.318+0000][1][safepoint    ] Application time: 1.0001878 seconds
[2022-06-13T03:00:42.318+0000][1][safepoint    ] Entering safepoint region: Cleanup
[2022-06-13T03:00:42.319+0000][1][safepoint    ] Leaving safepoint region
[2022-06-13T03:00:42.319+0000][1][safepoint    ] Total time for which application threads were stopped: 0.0007447 seconds, Stopping threads took: 0.0003569 seconds
[2022-06-13T03:00:43.319+0000][1][safepoint    ] Application time: 1.0001926 seconds
[2022-06-13T03:00:43.320+0000][1][safepoint    ] Entering safepoint region: Cleanup
[2022-06-13T03:00:43.321+0000][1][safepoint    ] Leaving safepoint region
[2022-06-13T03:00:43.322+0000][1][safepoint    ] Total time for which application threads were stopped: 0.0016671 seconds, Stopping threads took: 0.0007959 seconds
[2022-06-13T03:00:44.323+0000][1][safepoint    ] Application time: 1.0001940 seconds
[2022-06-13T03:00:44.323+0000][1][safepoint    ] Entering safepoint region: Cleanup
[2022-06-13T03:00:44.324+0000][1][safepoint    ] Leaving safepoint region
[2022-06-13T03:00:44.324+0000][1][safepoint    ] Total time for which application threads were stopped: 0.0010488 seconds, Stopping threads took: 0.0004795 seconds
[2022-06-13T03:00:45.009+0000][1][safepoint    ] Application time: 0.6842187 seconds
[2022-06-13T03:00:45.009+0000][1][safepoint    ] Entering safepoint region: GenCollectForAllocation
[2022-06-13T03:00:45.010+0000][1][gc,start     ] GC(24) Pause Young (Allocation Failure)
[2022-06-13T03:00:45.010+0000][1][gc,task      ] GC(24) Using 5 workers of 13 for evacuation
[2022-06-13T03:00:45.013+0000][1][gc,age       ] GC(24) Desired survivor size 4456448 bytes, new threshold 6 (max threshold 6)
[2022-06-13T03:00:45.013+0000][1][gc,age       ] GC(24) Age table with threshold 6 (max threshold 6)
[2022-06-13T03:00:45.013+0000][1][gc,age       ] GC(24) - age   1:      52176 bytes,      52176 total
[2022-06-13T03:00:45.014+0000][1][gc,age       ] GC(24) - age   2:      80008 bytes,     132184 total
[2022-06-13T03:00:45.014+0000][1][gc,age       ] GC(24) - age   3:    1304040 bytes,    1436224 total
[2022-06-13T03:00:45.015+0000][1][gc,heap      ] GC(24) ParNew: 74893K->2536K(78656K)
[2022-06-13T03:00:45.015+0000][1][gc,heap      ] GC(24) CMS: 67656K->67656K(174784K)
[2022-06-13T03:00:45.015+0000][1][gc,metaspace ] GC(24) Metaspace: 65232K->65232K(1110016K)
[2022-06-13T03:00:45.016+0000][1][gc           ] GC(24) Pause Young (Allocation Failure) 139M->68M(247M) 5.934ms
[2022-06-13T03:00:45.016+0000][1][gc,cpu       ] GC(24) User=0.01s Sys=0.00s Real=0.00s
[2022-06-13T03:00:45.017+0000][1][safepoint    ] Leaving safepoint region
[2022-06-13T03:00:45.017+0000][1][safepoint    ] Total time for which application threads were stopped: 0.0075066 seconds, Stopping threads took: 0.0003413 seconds
[2022-06-13T03:00:46.017+0000][1][safepoint    ] Application time: 1.0001996 seconds
[2022-06-13T03:00:46.018+0000][1][safepoint    ] Entering safepoint region: Cleanup
[2022-06-13T03:00:46.018+0000][1][safepoint    ] Leaving safepoint region
[2022-06-13T03:00:46.019+0000][1][safepoint    ] Total time for which application threads were stopped: 0.0009106 seconds, Stopping threads took: 0.0004156 seconds
[2022-06-13T03:00:47.019+0000][1][safepoint    ] Application time: 1.0000996 seconds
[2022-06-13T03:00:47.020+0000][1][safepoint    ] Entering safepoint region: Cleanup
[2022-06-13T03:00:47.020+0000][1][safepoint    ] Leaving safepoint region
[2022-06-13T03:00:47.020+0000][1][safepoint    ] Total time for which application threads were stopped: 0.0006300 seconds, Stopping threads took: 0.0002752 seconds
[2022-06-13T03:00:48.021+0000][1][safepoint    ] Application time: 1.0001163 seconds
[2022-06-13T03:00:48.021+0000][1][safepoint    ] Entering safepoint region: Cleanup
[2022-06-13T03:00:48.021+0000][1][safepoint    ] Leaving safepoint region
[2022-06-13T03:00:48.022+0000][1][safepoint    ] Total time for which application threads were stopped: 0.0005838 seconds, Stopping threads took: 0.0002943 seconds
[2022-06-13T03:00:49.022+0000][1][safepoint    ] Application time: 1.0001943 seconds
[2022-06-13T03:00:49.023+0000][1][safepoint    ] Entering safepoint region: Cleanup
[2022-06-13T03:00:49.023+0000][1][safepoint    ] Leaving safepoint region
[2022-06-13T03:00:49.023+0000][1][safepoint    ] Total time for which application threads were stopped: 0.0008094 seconds, Stopping threads took: 0.0003961 seconds
[2022-06-13T03:00:50.024+0000][1][safepoint    ] Application time: 1.0003003 seconds
[2022-06-13T03:00:50.025+0000][1][safepoint    ] Entering safepoint region: Cleanup
[2022-06-13T03:00:50.025+0000][1][safepoint    ] Leaving safepoint region
[2022-06-13T03:00:50.026+0000][1][safepoint    ] Total time for which application threads were stopped: 0.0011581 seconds, Stopping threads took: 0.0004890 seconds
[2022-06-13T03:00:51.026+0000][1][safepoint    ] Application time: 1.0001506 seconds
[2022-06-13T03:00:51.027+0000][1][safepoint    ] Entering safepoint region: Cleanup
[2022-06-13T03:00:51.028+0000][1][safepoint    ] Leaving safepoint region
[2022-06-13T03:00:51.028+0000][1][safepoint    ] Total time for which application threads were stopped: 0.0007897 seconds, Stopping threads took: 0.0003609 seconds
[2022-06-13T03:00:52.028+0000][1][safepoint    ] Application time: 1.0002337 seconds
[2022-06-13T03:00:52.029+0000][1][safepoint    ] Entering safepoint region: Cleanup
[2022-06-13T03:00:52.029+0000][1][safepoint    ] Leaving safepoint region
[2022-06-13T03:00:52.030+0000][1][safepoint    ] Total time for which application threads were stopped: 0.0008935 seconds, Stopping threads took: 0.0004399 seconds
[2022-06-13T03:00:53.030+0000][1][safepoint    ] Application time: 1.0001795 seconds
[2022-06-13T03:00:53.031+0000][1][safepoint    ] Entering safepoint region: Cleanup
[2022-06-13T03:00:53.031+0000][1][safepoint    ] Leaving safepoint region
[2022-06-13T03:00:53.032+0000][1][safepoint    ] Total time for which application threads were stopped: 0.0006719 seconds, Stopping threads took: 0.0003007 seconds
[2022-06-13T03:00:54.032+0000][1][safepoint    ] Application time: 1.0002685 seconds
[2022-06-13T03:00:54.032+0000][1][safepoint    ] Entering safepoint region: Cleanup
[2022-06-13T03:00:54.033+0000][1][safepoint    ] Leaving safepoint region
[2022-06-13T03:00:54.033+0000][1][safepoint    ] Total time for which application threads were stopped: 0.0005835 seconds, Stopping threads took: 0.0003146 seconds
[2022-06-13T03:00:55.033+0000][1][safepoint    ] Application time: 1.0002212 seconds
[2022-06-13T03:00:55.034+0000][1][safepoint    ] Entering safepoint region: Cleanup
[2022-06-13T03:00:55.034+0000][1][safepoint    ] Leaving safepoint region
[2022-06-13T03:00:55.034+0000][1][safepoint    ] Total time for which application threads were stopped: 0.0003930 seconds, Stopping threads took: 0.0001845 seconds
[2022-06-13T03:00:56.034+0000][1][safepoint    ] Application time: 1.0001116 seconds
[2022-06-13T03:00:56.035+0000][1][safepoint    ] Entering safepoint region: Cleanup
[2022-06-13T03:00:56.035+0000][1][safepoint    ] Leaving safepoint region
[2022-06-13T03:00:56.036+0000][1][safepoint    ] Total time for which application threads were stopped: 0.0009306 seconds, Stopping threads took: 0.0004286 seconds
[2022-06-13T03:00:57.036+0000][1][safepoint    ] Application time: 1.0001638 seconds
[2022-06-13T03:00:57.037+0000][1][safepoint    ] Entering safepoint region: Cleanup
[2022-06-13T03:00:57.037+0000][1][safepoint    ] Leaving safepoint region
[2022-06-13T03:00:57.038+0000][1][safepoint    ] Total time for which application threads were stopped: 0.0012840 seconds, Stopping threads took: 0.0004171 seconds
[2022-06-13T03:00:58.038+0000][1][safepoint    ] Application time: 1.0001381 seconds
[2022-06-13T03:00:58.039+0000][1][safepoint    ] Entering safepoint region: Cleanup
[2022-06-13T03:00:58.040+0000][1][safepoint    ] Leaving safepoint region
[2022-06-13T03:00:58.040+0000][1][safepoint    ] Total time for which application threads were stopped: 0.0007860 seconds, Stopping threads took: 0.0003916 seconds
[2022-06-13T03:00:59.040+0000][1][safepoint    ] Application time: 1.0001314 seconds
[2022-06-13T03:00:59.041+0000][1][safepoint    ] Entering safepoint region: Cleanup
[2022-06-13T03:00:59.041+0000][1][safepoint    ] Leaving safepoint region
[2022-06-13T03:00:59.041+0000][1][safepoint    ] Total time for which application threads were stopped: 0.0008233 seconds, Stopping threads took: 0.0003280 seconds
[2022-06-13T03:01:00.042+0000][1][safepoint    ] Application time: 1.0001157 seconds
[2022-06-13T03:01:00.042+0000][1][safepoint    ] Entering safepoint region: Cleanup
[2022-06-13T03:01:00.043+0000][1][safepoint    ] Leaving safepoint region
[2022-06-13T03:01:00.043+0000][1][safepoint    ] Total time for which application threads were stopped: 0.0007974 seconds, Stopping threads took: 0.0005443 seconds
[2022-06-13T03:01:01.044+0000][1][safepoint    ] Application time: 1.0002442 seconds
[2022-06-13T03:01:01.044+0000][1][safepoint    ] Entering safepoint region: Cleanup
[2022-06-13T03:01:01.045+0000][1][safepoint    ] Leaving safepoint region
[2022-06-13T03:01:01.045+0000][1][safepoint    ] Total time for which application threads were stopped: 0.0010802 seconds, Stopping threads took: 0.0005049 seconds
[2022-06-13T03:01:02.046+0000][1][safepoint    ] Application time: 1.0002008 seconds
[2022-06-13T03:01:02.047+0000][1][safepoint    ] Entering safepoint region: Cleanup
[2022-06-13T03:01:02.047+0000][1][safepoint    ] Leaving safepoint region
[2022-06-13T03:01:02.048+0000][1][safepoint    ] Total time for which application threads were stopped: 0.0010277 seconds, Stopping threads took: 0.0005747 seconds
[2022-06-13T03:01:03.048+0000][1][safepoint    ] Application time: 1.0001911 seconds
[2022-06-13T03:01:03.049+0000][1][safepoint    ] Entering safepoint region: Cleanup
[2022-06-13T03:01:03.050+0000][1][safepoint    ] Leaving safepoint region
[2022-06-13T03:01:03.050+0000][1][safepoint    ] Total time for which application threads were stopped: 0.0011176 seconds, Stopping threads took: 0.0003433 seconds
[2022-06-13T03:01:04.051+0000][1][safepoint    ] Application time: 1.0003266 seconds
[2022-06-13T03:01:04.051+0000][1][safepoint    ] Entering safepoint region: Cleanup
[2022-06-13T03:01:04.052+0000][1][safepoint    ] Leaving safepoint region
[2022-06-13T03:01:04.053+0000][1][safepoint    ] Total time for which application threads were stopped: 0.0011382 seconds, Stopping threads took: 0.0004510 seconds
[2022-06-13T03:01:05.053+0000][1][safepoint    ] Application time: 1.0002987 seconds
[2022-06-13T03:01:05.054+0000][1][safepoint    ] Entering safepoint region: Cleanup
[2022-06-13T03:01:05.055+0000][1][safepoint    ] Leaving safepoint region
[2022-06-13T03:01:05.055+0000][1][safepoint    ] Total time for which application threads were stopped: 0.0011374 seconds, Stopping threads took: 0.0005759 seconds
[2022-06-13T03:01:06.056+0000][1][safepoint    ] Application time: 1.0001478 seconds
[2022-06-13T03:01:06.056+0000][1][safepoint    ] Entering safepoint region: Cleanup
[2022-06-13T03:01:06.057+0000][1][safepoint    ] Leaving safepoint region
[2022-06-13T03:01:06.057+0000][1][safepoint    ] Total time for which application threads were stopped: 0.0005047 seconds, Stopping threads took: 0.0002626 seconds
[2022-06-13T03:01:07.057+0000][1][safepoint    ] Application time: 1.0001120 seconds
[2022-06-13T03:01:07.057+0000][1][safepoint    ] Entering safepoint region: Cleanup
[2022-06-13T03:01:07.058+0000][1][safepoint    ] Leaving safepoint region
[2022-06-13T03:01:07.058+0000][1][safepoint    ] Total time for which application threads were stopped: 0.0009766 seconds, Stopping threads took: 0.0004282 seconds
[2022-06-13T03:01:08.059+0000][1][safepoint    ] Application time: 1.0002147 seconds
[2022-06-13T03:01:08.059+0000][1][safepoint    ] Entering safepoint region: Cleanup
[2022-06-13T03:01:08.060+0000][1][safepoint    ] Leaving safepoint region
[2022-06-13T03:01:08.060+0000][1][safepoint    ] Total time for which application threads were stopped: 0.0005435 seconds, Stopping threads took: 0.0002438 seconds
[2022-06-13T03:01:09.060+0000][1][safepoint    ] Application time: 1.0001410 seconds
[2022-06-13T03:01:09.061+0000][1][safepoint    ] Entering safepoint region: Cleanup
[2022-06-13T03:01:09.061+0000][1][safepoint    ] Leaving safepoint region
[2022-06-13T03:01:09.061+0000][1][safepoint    ] Total time for which application threads were stopped: 0.0005836 seconds, Stopping threads took: 0.0003038 seconds
[2022-06-13T03:01:10.062+0000][1][safepoint    ] Application time: 1.0001298 seconds
[2022-06-13T03:01:10.062+0000][1][safepoint    ] Entering safepoint region: Cleanup
[2022-06-13T03:01:10.062+0000][1][safepoint    ] Leaving safepoint region
[2022-06-13T03:01:10.062+0000][1][safepoint    ] Total time for which application threads were stopped: 0.0004739 seconds, Stopping threads took: 0.0001824 seconds
[2022-06-13T03:01:11.063+0000][1][safepoint    ] Application time: 1.0001659 seconds
[2022-06-13T03:01:11.063+0000][1][safepoint    ] Entering safepoint region: Cleanup
[2022-06-13T03:01:11.063+0000][1][safepoint    ] Leaving safepoint region
[2022-06-13T03:01:11.063+0000][1][safepoint    ] Total time for which application threads were stopped: 0.0003876 seconds, Stopping threads took: 0.0001699 seconds
[2022-06-13T03:01:12.063+0000][1][safepoint    ] Application time: 1.0001055 seconds
[2022-06-13T03:01:12.064+0000][1][safepoint    ] Entering safepoint region: Cleanup
[2022-06-13T03:01:12.064+0000][1][safepoint    ] Leaving safepoint region
[2022-06-13T03:01:12.064+0000][1][safepoint    ] Total time for which application threads were stopped: 0.0003392 seconds, Stopping threads took: 0.0001325 seconds
[2022-06-13T03:01:13.064+0000][1][safepoint    ] Application time: 1.0001482 seconds
[2022-06-13T03:01:13.065+0000][1][safepoint    ] Entering safepoint region: Cleanup
[2022-06-13T03:01:13.065+0000][1][safepoint    ] Leaving safepoint region
[2022-06-13T03:01:13.065+0000][1][safepoint    ] Total time for which application threads were stopped: 0.0003416 seconds, Stopping threads took: 0.0001539 seconds
[2022-06-13T03:01:14.065+0000][1][safepoint    ] Application time: 1.0001968 seconds
[2022-06-13T03:01:14.066+0000][1][safepoint    ] Entering safepoint region: Cleanup
[2022-06-13T03:01:14.066+0000][1][safepoint    ] Leaving safepoint region
[2022-06-13T03:01:14.066+0000][1][safepoint    ] Total time for which application threads were stopped: 0.0007151 seconds, Stopping threads took: 0.0003500 seconds
[2022-06-13T03:01:15.067+0000][1][safepoint    ] Application time: 1.0002033 seconds
[2022-06-13T03:01:15.067+0000][1][safepoint    ] Entering safepoint region: Cleanup
[2022-06-13T03:01:15.068+0000][1][safepoint    ] Leaving safepoint region
[2022-06-13T03:01:15.068+0000][1][safepoint    ] Total time for which application threads were stopped: 0.0009914 seconds, Stopping threads took: 0.0003951 seconds
[2022-06-13T03:01:16.069+0000][1][safepoint    ] Application time: 1.0002780 seconds
[2022-06-13T03:01:16.069+0000][1][safepoint    ] Entering safepoint region: Cleanup
[2022-06-13T03:01:16.070+0000][1][safepoint    ] Leaving safepoint region
[2022-06-13T03:01:16.070+0000][1][safepoint    ] Total time for which application threads were stopped: 0.0010057 seconds, Stopping threads took: 0.0003943 seconds
[2022-06-13T03:01:17.070+0000][1][safepoint    ] Application time: 1.0001410 seconds
[2022-06-13T03:01:17.071+0000][1][safepoint    ] Entering safepoint region: Cleanup
[2022-06-13T03:01:17.071+0000][1][safepoint    ] Leaving safepoint region
[2022-06-13T03:01:17.072+0000][1][safepoint    ] Total time for which application threads were stopped: 0.0009417 seconds, Stopping threads took: 0.0003925 seconds
[2022-06-13T03:01:18.072+0000][1][safepoint    ] Application time: 1.0002043 seconds
[2022-06-13T03:01:18.073+0000][1][safepoint    ] Entering safepoint region: Cleanup
[2022-06-13T03:01:18.073+0000][1][safepoint    ] Leaving safepoint region
[2022-06-13T03:01:18.073+0000][1][safepoint    ] Total time for which application threads were stopped: 0.0005523 seconds, Stopping threads took: 0.0003073 seconds
[2022-06-13T03:01:19.074+0000][1][safepoint    ] Application time: 1.0002044 seconds
[2022-06-13T03:01:19.074+0000][1][safepoint    ] Entering safepoint region: Cleanup
[2022-06-13T03:01:19.074+0000][1][safepoint    ] Leaving safepoint region
[2022-06-13T03:01:19.075+0000][1][safepoint    ] Total time for which application threads were stopped: 0.0005366 seconds, Stopping threads took: 0.0002553 seconds
[2022-06-13T03:01:20.075+0000][1][safepoint    ] Application time: 1.0002072 seconds
[2022-06-13T03:01:20.075+0000][1][safepoint    ] Entering safepoint region: Cleanup
[2022-06-13T03:01:20.076+0000][1][safepoint    ] Leaving safepoint region
[2022-06-13T03:01:20.076+0000][1][safepoint    ] Total time for which application threads were stopped: 0.0008586 seconds, Stopping threads took: 0.0004536 seconds
[2022-06-13T03:01:21.077+0000][1][safepoint    ] Application time: 1.0002979 seconds
[2022-06-13T03:01:21.078+0000][1][safepoint    ] Entering safepoint region: Cleanup
[2022-06-13T03:01:21.078+0000][1][safepoint    ] Leaving safepoint region
[2022-06-13T03:01:21.079+0000][1][safepoint    ] Total time for which application threads were stopped: 0.0010470 seconds, Stopping threads took: 0.0005240 seconds
[2022-06-13T03:01:22.079+0000][1][safepoint    ] Application time: 1.0002078 seconds
[2022-06-13T03:01:22.080+0000][1][safepoint    ] Entering safepoint region: Cleanup
[2022-06-13T03:01:22.080+0000][1][safepoint    ] Leaving safepoint region
[2022-06-13T03:01:22.081+0000][1][safepoint    ] Total time for which application threads were stopped: 0.0010613 seconds, Stopping threads took: 0.0004555 seconds
[2022-06-13T03:01:23.081+0000][1][safepoint    ] Application time: 1.0002971 seconds
[2022-06-13T03:01:23.082+0000][1][safepoint    ] Entering safepoint region: Cleanup
[2022-06-13T03:01:23.083+0000][1][safepoint    ] Leaving safepoint region
[2022-06-13T03:01:23.083+0000][1][safepoint    ] Total time for which application threads were stopped: 0.0011300 seconds, Stopping threads took: 0.0005531 seconds
[2022-06-13T03:01:24.084+0000][1][safepoint    ] Application time: 1.0002551 seconds
[2022-06-13T03:01:24.084+0000][1][safepoint    ] Entering safepoint region: Cleanup
[2022-06-13T03:01:24.085+0000][1][safepoint    ] Leaving safepoint region
[2022-06-13T03:01:24.085+0000][1][safepoint    ] Total time for which application threads were stopped: 0.0006359 seconds, Stopping threads took: 0.0002731 seconds
[2022-06-13T03:01:25.085+0000][1][safepoint    ] Application time: 1.0002979 seconds
[2022-06-13T03:01:25.086+0000][1][safepoint    ] Entering safepoint region: Cleanup
[2022-06-13T03:01:25.086+0000][1][safepoint    ] Leaving safepoint region
[2022-06-13T03:01:25.087+0000][1][safepoint    ] Total time for which application threads were stopped: 0.0010133 seconds, Stopping threads took: 0.0004450 seconds
[2022-06-13T03:01:26.087+0000][1][safepoint    ] Application time: 1.0001477 seconds
[2022-06-13T03:01:26.088+0000][1][safepoint    ] Entering safepoint region: Cleanup
[2022-06-13T03:01:26.089+0000][1][safepoint    ] Leaving safepoint region
[2022-06-13T03:01:26.089+0000][1][safepoint    ] Total time for which application threads were stopped: 0.0010407 seconds, Stopping threads took: 0.0005497 seconds
[2022-06-13T03:01:27.090+0000][1][safepoint    ] Application time: 1.0002464 seconds
[2022-06-13T03:01:27.090+0000][1][safepoint    ] Entering safepoint region: Cleanup
[2022-06-13T03:01:27.091+0000][1][safepoint    ] Leaving safepoint region
[2022-06-13T03:01:27.091+0000][1][safepoint    ] Total time for which application threads were stopped: 0.0011020 seconds, Stopping threads took: 0.0005134 seconds
[2022-06-13T03:01:28.092+0000][1][safepoint    ] Application time: 1.0002615 seconds
[2022-06-13T03:01:28.092+0000][1][safepoint    ] Entering safepoint region: Cleanup
[2022-06-13T03:01:28.093+0000][1][safepoint    ] Leaving safepoint region
[2022-06-13T03:01:28.093+0000][1][safepoint    ] Total time for which application threads were stopped: 0.0007838 seconds, Stopping threads took: 0.0003374 seconds
[2022-06-13T03:01:29.094+0000][1][safepoint    ] Application time: 1.0002435 seconds
[2022-06-13T03:01:29.095+0000][1][safepoint    ] Entering safepoint region: Cleanup
[2022-06-13T03:01:29.095+0000][1][safepoint    ] Leaving safepoint region
[2022-06-13T03:01:29.096+0000][1][safepoint    ] Total time for which application threads were stopped: 0.0012769 seconds, Stopping threads took: 0.0004567 seconds
[2022-06-13T03:01:30.097+0000][1][safepoint    ] Application time: 1.0001259 seconds
[2022-06-13T03:01:30.097+0000][1][safepoint    ] Entering safepoint region: Cleanup
[2022-06-13T03:01:30.097+0000][1][safepoint    ] Leaving safepoint region
[2022-06-13T03:01:30.098+0000][1][safepoint    ] Total time for which application threads were stopped: 0.0007858 seconds, Stopping threads took: 0.0004078 seconds
[2022-06-13T03:01:31.098+0000][1][safepoint    ] Application time: 1.0002079 seconds
[2022-06-13T03:01:31.099+0000][1][safepoint    ] Entering safepoint region: Cleanup
[2022-06-13T03:01:31.100+0000][1][safepoint    ] Leaving safepoint region
[2022-06-13T03:01:31.100+0000][1][safepoint    ] Total time for which application threads were stopped: 0.0012666 seconds, Stopping threads took: 0.0005374 seconds
[2022-06-13T03:01:32.101+0000][1][safepoint    ] Application time: 1.0001313 seconds
[2022-06-13T03:01:32.101+0000][1][safepoint    ] Entering safepoint region: Cleanup
[2022-06-13T03:01:32.102+0000][1][safepoint    ] Leaving safepoint region
[2022-06-13T03:01:32.102+0000][1][safepoint    ] Total time for which application threads were stopped: 0.0008455 seconds, Stopping threads took: 0.0003206 seconds
[2022-06-13T03:01:33.103+0000][1][safepoint    ] Application time: 1.0002004 seconds
[2022-06-13T03:01:33.104+0000][1][safepoint    ] Entering safepoint region: Cleanup
[2022-06-13T03:01:33.104+0000][1][safepoint    ] Leaving safepoint region
[2022-06-13T03:01:33.104+0000][1][safepoint    ] Total time for which application threads were stopped: 0.0008255 seconds, Stopping threads took: 0.0003828 seconds
[2022-06-13T03:01:34.105+0000][1][safepoint    ] Application time: 1.0001857 seconds
[2022-06-13T03:01:34.105+0000][1][safepoint    ] Entering safepoint region: Cleanup
[2022-06-13T03:01:34.106+0000][1][safepoint    ] Leaving safepoint region
[2022-06-13T03:01:34.106+0000][1][safepoint    ] Total time for which application threads were stopped: 0.0009129 seconds, Stopping threads took: 0.0004717 seconds
[2022-06-13T03:01:35.106+0000][1][safepoint    ] Application time: 1.0001589 seconds
[2022-06-13T03:01:35.107+0000][1][safepoint    ] Entering safepoint region: Cleanup
[2022-06-13T03:01:35.108+0000][1][safepoint    ] Leaving safepoint region
[2022-06-13T03:01:35.108+0000][1][safepoint    ] Total time for which application threads were stopped: 0.0009183 seconds, Stopping threads took: 0.0004287 seconds
[2022-06-13T03:01:36.109+0000][1][safepoint    ] Application time: 1.0001762 seconds
[2022-06-13T03:01:36.109+0000][1][safepoint    ] Entering safepoint region: Cleanup
[2022-06-13T03:01:36.110+0000][1][safepoint    ] Leaving safepoint region
[2022-06-13T03:01:36.110+0000][1][safepoint    ] Total time for which application threads were stopped: 0.0007832 seconds, Stopping threads took: 0.0003490 seconds
[2022-06-13T03:01:37.111+0000][1][safepoint    ] Application time: 1.0001904 seconds
[2022-06-13T03:01:37.111+0000][1][safepoint    ] Entering safepoint region: Cleanup
[2022-06-13T03:01:37.112+0000][1][safepoint    ] Leaving safepoint region
[2022-06-13T03:01:37.113+0000][1][safepoint    ] Total time for which application threads were stopped: 0.0011467 seconds, Stopping threads took: 0.0005148 seconds
[2022-06-13T03:01:38.113+0000][1][safepoint    ] Application time: 1.0001787 seconds
[2022-06-13T03:01:38.114+0000][1][safepoint    ] Entering safepoint region: Cleanup
[2022-06-13T03:01:38.114+0000][1][safepoint    ] Leaving safepoint region
[2022-06-13T03:01:38.115+0000][1][safepoint    ] Total time for which application threads were stopped: 0.0011332 seconds, Stopping threads took: 0.0004594 seconds
[2022-06-13T03:01:39.116+0000][1][safepoint    ] Application time: 1.0001928 seconds
[2022-06-13T03:01:39.116+0000][1][safepoint    ] Entering safepoint region: Cleanup
[2022-06-13T03:01:39.116+0000][1][safepoint    ] Leaving safepoint region
[2022-06-13T03:01:39.117+0000][1][safepoint    ] Total time for which application threads were stopped: 0.0008907 seconds, Stopping threads took: 0.0003828 seconds
[2022-06-13T03:01:40.117+0000][1][safepoint    ] Application time: 1.0001708 seconds
[2022-06-13T03:01:40.118+0000][1][safepoint    ] Entering safepoint region: Cleanup
[2022-06-13T03:01:40.118+0000][1][safepoint    ] Leaving safepoint region
[2022-06-13T03:01:40.119+0000][1][safepoint    ] Total time for which application threads were stopped: 0.0007058 seconds, Stopping threads took: 0.0004317 seconds
[2022-06-13T03:01:41.119+0000][1][safepoint    ] Application time: 1.0002252 seconds
[2022-06-13T03:01:41.120+0000][1][safepoint    ] Entering safepoint region: Cleanup
[2022-06-13T03:01:41.121+0000][1][safepoint    ] Leaving safepoint region
[2022-06-13T03:01:41.121+0000][1][safepoint    ] Total time for which application threads were stopped: 0.0012870 seconds, Stopping threads took: 0.0006487 seconds
[2022-06-13T03:01:42.122+0000][1][safepoint    ] Application time: 1.0002212 seconds
[2022-06-13T03:01:42.122+0000][1][safepoint    ] Entering safepoint region: Cleanup
[2022-06-13T03:01:42.122+0000][1][safepoint    ] Leaving safepoint region
[2022-06-13T03:01:42.123+0000][1][safepoint    ] Total time for which application threads were stopped: 0.0008333 seconds, Stopping threads took: 0.0003196 seconds
[2022-06-13T03:01:43.123+0000][1][safepoint    ] Application time: 1.0002656 seconds
[2022-06-13T03:01:43.124+0000][1][safepoint    ] Entering safepoint region: Cleanup
[2022-06-13T03:01:43.125+0000][1][safepoint    ] Leaving safepoint region
[2022-06-13T03:01:43.125+0000][1][safepoint    ] Total time for which application threads were stopped: 0.0011063 seconds, Stopping threads took: 0.0005656 seconds
[2022-06-13T03:01:44.126+0000][1][safepoint    ] Application time: 1.0001393 seconds
[2022-06-13T03:01:44.126+0000][1][safepoint    ] Entering safepoint region: Cleanup
[2022-06-13T03:01:44.127+0000][1][safepoint    ] Leaving safepoint region
[2022-06-13T03:01:44.127+0000][1][safepoint    ] Total time for which application threads were stopped: 0.0009723 seconds, Stopping threads took: 0.0004851 seconds
[2022-06-13T03:01:45.128+0000][1][safepoint    ] Application time: 1.0001925 seconds
[2022-06-13T03:01:45.128+0000][1][safepoint    ] Entering safepoint region: Cleanup
[2022-06-13T03:01:45.129+0000][1][safepoint    ] Leaving safepoint region
[2022-06-13T03:01:45.129+0000][1][safepoint    ] Total time for which application threads were stopped: 0.0007766 seconds, Stopping threads took: 0.0003281 seconds
[2022-06-13T03:01:46.130+0000][1][safepoint    ] Application time: 1.0002186 seconds
[2022-06-13T03:01:46.130+0000][1][safepoint    ] Entering safepoint region: Cleanup
[2022-06-13T03:01:46.130+0000][1][safepoint    ] Leaving safepoint region
[2022-06-13T03:01:46.131+0000][1][safepoint    ] Total time for which application threads were stopped: 0.0006679 seconds, Stopping threads took: 0.0002721 seconds
[2022-06-13T03:01:47.131+0000][1][safepoint    ] Application time: 1.0003694 seconds
[2022-06-13T03:01:47.132+0000][1][safepoint    ] Entering safepoint region: Cleanup
[2022-06-13T03:01:47.133+0000][1][safepoint    ] Leaving safepoint region
[2022-06-13T03:01:47.133+0000][1][safepoint    ] Total time for which application threads were stopped: 0.0008066 seconds, Stopping threads took: 0.0004964 seconds
[2022-06-13T03:01:48.134+0000][1][safepoint    ] Application time: 1.0003228 seconds
[2022-06-13T03:01:48.134+0000][1][safepoint    ] Entering safepoint region: Cleanup
[2022-06-13T03:01:48.135+0000][1][safepoint    ] Leaving safepoint region
[2022-06-13T03:01:48.135+0000][1][safepoint    ] Total time for which application threads were stopped: 0.0008350 seconds, Stopping threads took: 0.0003876 seconds
[2022-06-13T03:01:49.136+0000][1][safepoint    ] Application time: 1.0002069 seconds
[2022-06-13T03:01:49.136+0000][1][safepoint    ] Entering safepoint region: Cleanup
[2022-06-13T03:01:49.137+0000][1][safepoint    ] Leaving safepoint region
[2022-06-13T03:01:49.137+0000][1][safepoint    ] Total time for which application threads were stopped: 0.0008240 seconds, Stopping threads took: 0.0004016 seconds
[2022-06-13T03:01:50.138+0000][1][safepoint    ] Application time: 1.0003563 seconds
[2022-06-13T03:01:50.138+0000][1][safepoint    ] Entering safepoint region: Cleanup
[2022-06-13T03:01:50.139+0000][1][safepoint    ] Leaving safepoint region
[2022-06-13T03:01:50.139+0000][1][safepoint    ] Total time for which application threads were stopped: 0.0007441 seconds, Stopping threads took: 0.0003606 seconds
[2022-06-13T03:01:51.139+0000][1][safepoint    ] Application time: 1.0001764 seconds
[2022-06-13T03:01:51.140+0000][1][safepoint    ] Entering safepoint region: Cleanup
[2022-06-13T03:01:51.140+0000][1][safepoint    ] Leaving safepoint region
[2022-06-13T03:01:51.141+0000][1][safepoint    ] Total time for which application threads were stopped: 0.0008281 seconds, Stopping threads took: 0.0003955 seconds
[2022-06-13T03:01:52.141+0000][1][safepoint    ] Application time: 1.0003376 seconds
[2022-06-13T03:01:52.142+0000][1][safepoint    ] Entering safepoint region: Cleanup
[2022-06-13T03:01:52.142+0000][1][safepoint    ] Leaving safepoint region
[2022-06-13T03:01:52.143+0000][1][safepoint    ] Total time for which application threads were stopped: 0.0008113 seconds, Stopping threads took: 0.0003599 seconds
[2022-06-13T03:01:53.143+0000][1][safepoint    ] Application time: 1.0003141 seconds
[2022-06-13T03:01:53.144+0000][1][safepoint    ] Entering safepoint region: Cleanup
[2022-06-13T03:01:53.144+0000][1][safepoint    ] Leaving safepoint region
[2022-06-13T03:01:53.145+0000][1][safepoint    ] Total time for which application threads were stopped: 0.0009171 seconds, Stopping threads took: 0.0004346 seconds
[2022-06-13T03:01:54.145+0000][1][safepoint    ] Application time: 1.0001865 seconds
[2022-06-13T03:01:54.146+0000][1][safepoint    ] Entering safepoint region: Cleanup
[2022-06-13T03:01:54.146+0000][1][safepoint    ] Leaving safepoint region
[2022-06-13T03:01:54.146+0000][1][safepoint    ] Total time for which application threads were stopped: 0.0007345 seconds, Stopping threads took: 0.0003680 seconds
[2022-06-13T03:01:55.147+0000][1][safepoint    ] Application time: 1.0001855 seconds
[2022-06-13T03:01:55.147+0000][1][safepoint    ] Entering safepoint region: Cleanup
[2022-06-13T03:01:55.148+0000][1][safepoint    ] Leaving safepoint region
[2022-06-13T03:01:55.148+0000][1][safepoint    ] Total time for which application threads were stopped: 0.0009239 seconds, Stopping threads took: 0.0004470 seconds
[2022-06-13T03:01:56.149+0000][1][safepoint    ] Application time: 1.0002150 seconds
[2022-06-13T03:01:56.149+0000][1][safepoint    ] Entering safepoint region: Cleanup
[2022-06-13T03:01:56.149+0000][1][safepoint    ] Leaving safepoint region
[2022-06-13T03:01:56.150+0000][1][safepoint    ] Total time for which application threads were stopped: 0.0006672 seconds, Stopping threads took: 0.0003119 seconds
[2022-06-13T03:01:57.150+0000][1][safepoint    ] Application time: 1.0003340 seconds
[2022-06-13T03:01:57.151+0000][1][safepoint    ] Entering safepoint region: Cleanup
[2022-06-13T03:01:57.151+0000][1][safepoint    ] Leaving safepoint region
[2022-06-13T03:01:57.151+0000][1][safepoint    ] Total time for which application threads were stopped: 0.0007407 seconds, Stopping threads took: 0.0003757 seconds
[2022-06-13T03:01:58.152+0000][1][safepoint    ] Application time: 1.0001583 seconds
[2022-06-13T03:01:58.152+0000][1][safepoint    ] Entering safepoint region: Cleanup
[2022-06-13T03:01:58.152+0000][1][safepoint    ] Leaving safepoint region
[2022-06-13T03:01:58.153+0000][1][safepoint    ] Total time for which application threads were stopped: 0.0008696 seconds, Stopping threads took: 0.0003304 seconds
[2022-06-13T03:01:59.154+0000][1][safepoint    ] Application time: 1.0003383 seconds
[2022-06-13T03:01:59.154+0000][1][safepoint    ] Entering safepoint region: Cleanup
[2022-06-13T03:01:59.154+0000][1][safepoint    ] Leaving safepoint region
[2022-06-13T03:01:59.155+0000][1][safepoint    ] Total time for which application threads were stopped: 0.0007919 seconds, Stopping threads took: 0.0003890 seconds
[2022-06-13T03:02:00.155+0000][1][safepoint    ] Application time: 1.0003323 seconds
[2022-06-13T03:02:00.156+0000][1][safepoint    ] Entering safepoint region: Cleanup
[2022-06-13T03:02:00.157+0000][1][safepoint    ] Leaving safepoint region
[2022-06-13T03:02:00.158+0000][1][safepoint    ] Total time for which application threads were stopped: 0.0014984 seconds, Stopping threads took: 0.0007013 seconds
[2022-06-13T03:02:01.159+0000][1][safepoint    ] Application time: 1.0003415 seconds
[2022-06-13T03:02:01.159+0000][1][safepoint    ] Entering safepoint region: Cleanup
[2022-06-13T03:02:01.160+0000][1][safepoint    ] Leaving safepoint region
[2022-06-13T03:02:01.160+0000][1][safepoint    ] Total time for which application threads were stopped: 0.0011550 seconds, Stopping threads took: 0.0005269 seconds
[2022-06-13T03:02:02.161+0000][1][safepoint    ] Application time: 1.0001775 seconds
[2022-06-13T03:02:02.161+0000][1][safepoint    ] Entering safepoint region: Cleanup
[2022-06-13T03:02:02.161+0000][1][safepoint    ] Leaving safepoint region
[2022-06-13T03:02:02.161+0000][1][safepoint    ] Total time for which application threads were stopped: 0.0002985 seconds, Stopping threads took: 0.0001290 seconds
[2022-06-13T03:02:03.162+0000][1][safepoint    ] Application time: 1.0001113 seconds
[2022-06-13T03:02:03.162+0000][1][safepoint    ] Entering safepoint region: Cleanup
[2022-06-13T03:02:03.162+0000][1][safepoint    ] Leaving safepoint region
[2022-06-13T03:02:03.163+0000][1][safepoint    ] Total time for which application threads were stopped: 0.0004608 seconds, Stopping threads took: 0.0002022 seconds
[2022-06-13T03:02:04.163+0000][1][safepoint    ] Application time: 1.0002488 seconds
[2022-06-13T03:02:04.164+0000][1][safepoint    ] Entering safepoint region: Cleanup
[2022-06-13T03:02:04.164+0000][1][safepoint    ] Leaving safepoint region
[2022-06-13T03:02:04.165+0000][1][safepoint    ] Total time for which application threads were stopped: 0.0014371 seconds, Stopping threads took: 0.0006561 seconds
[2022-06-13T03:02:05.166+0000][1][safepoint    ] Application time: 1.0002461 seconds
[2022-06-13T03:02:05.166+0000][1][safepoint    ] Entering safepoint region: Cleanup
[2022-06-13T03:02:05.167+0000][1][safepoint    ] Leaving safepoint region
[2022-06-13T03:02:05.168+0000][1][safepoint    ] Total time for which application threads were stopped: 0.0010911 seconds, Stopping threads took: 0.0004652 seconds
[2022-06-13T03:02:06.168+0000][1][safepoint    ] Application time: 1.0003376 seconds
[2022-06-13T03:02:06.169+0000][1][safepoint    ] Entering safepoint region: Cleanup
[2022-06-13T03:02:06.169+0000][1][safepoint    ] Leaving safepoint region
[2022-06-13T03:02:06.169+0000][1][safepoint    ] Total time for which application threads were stopped: 0.0004984 seconds, Stopping threads took: 0.0002284 seconds
[2022-06-13T03:02:07.170+0000][1][safepoint    ] Application time: 1.0001316 seconds
[2022-06-13T03:02:07.170+0000][1][safepoint    ] Entering safepoint region: Cleanup
[2022-06-13T03:02:07.171+0000][1][safepoint    ] Leaving safepoint region
[2022-06-13T03:02:07.171+0000][1][safepoint    ] Total time for which application threads were stopped: 0.0007580 seconds, Stopping threads took: 0.0002994 seconds
[2022-06-13T03:02:08.172+0000][1][safepoint    ] Application time: 1.0001858 seconds
[2022-06-13T03:02:08.172+0000][1][safepoint    ] Entering safepoint region: Cleanup
[2022-06-13T03:02:08.173+0000][1][safepoint    ] Leaving safepoint region
[2022-06-13T03:02:08.174+0000][1][safepoint    ] Total time for which application threads were stopped: 0.0012253 seconds, Stopping threads took: 0.0004859 seconds
[2022-06-13T03:02:09.174+0000][1][safepoint    ] Application time: 1.0001565 seconds
[2022-06-13T03:02:09.175+0000][1][safepoint    ] Entering safepoint region: Cleanup
[2022-06-13T03:02:09.175+0000][1][safepoint    ] Leaving safepoint region
[2022-06-13T03:02:09.176+0000][1][safepoint    ] Total time for which application threads were stopped: 0.0007640 seconds, Stopping threads took: 0.0004670 seconds
[2022-06-13T03:02:10.176+0000][1][safepoint    ] Application time: 1.0003282 seconds
[2022-06-13T03:02:10.177+0000][1][safepoint    ] Entering safepoint region: Cleanup
[2022-06-13T03:02:10.177+0000][1][safepoint    ] Leaving safepoint region
[2022-06-13T03:02:10.178+0000][1][safepoint    ] Total time for which application threads were stopped: 0.0010441 seconds, Stopping threads took: 0.0004867 seconds
[2022-06-13T03:02:11.178+0000][1][safepoint    ] Application time: 1.0002127 seconds
[2022-06-13T03:02:11.179+0000][1][safepoint    ] Entering safepoint region: Cleanup
[2022-06-13T03:02:11.179+0000][1][safepoint    ] Leaving safepoint region
[2022-06-13T03:02:11.180+0000][1][safepoint    ] Total time for which application threads were stopped: 0.0008427 seconds, Stopping threads took: 0.0004088 seconds
[2022-06-13T03:02:12.180+0000][1][safepoint    ] Application time: 1.0002347 seconds
[2022-06-13T03:02:12.181+0000][1][safepoint    ] Entering safepoint region: Cleanup
[2022-06-13T03:02:12.181+0000][1][safepoint    ] Leaving safepoint region
[2022-06-13T03:02:12.182+0000][1][safepoint    ] Total time for which application threads were stopped: 0.0009882 seconds, Stopping threads took: 0.0005312 seconds
[2022-06-13T03:02:13.182+0000][1][safepoint    ] Application time: 1.0002576 seconds
[2022-06-13T03:02:13.183+0000][1][safepoint    ] Entering safepoint region: Cleanup
[2022-06-13T03:02:13.184+0000][1][safepoint    ] Leaving safepoint region
[2022-06-13T03:02:13.184+0000][1][safepoint    ] Total time for which application threads were stopped: 0.0010508 seconds, Stopping threads took: 0.0005505 seconds
[2022-06-13T03:02:14.185+0000][1][safepoint    ] Application time: 1.0001591 seconds
[2022-06-13T03:02:14.185+0000][1][safepoint    ] Entering safepoint region: Cleanup
[2022-06-13T03:02:14.185+0000][1][safepoint    ] Leaving safepoint region
[2022-06-13T03:02:14.186+0000][1][safepoint    ] Total time for which application threads were stopped: 0.0009397 seconds, Stopping threads took: 0.0003844 seconds
[2022-06-13T03:02:15.187+0000][1][safepoint    ] Application time: 1.0003207 seconds
[2022-06-13T03:02:15.187+0000][1][safepoint    ] Entering safepoint region: Cleanup
[2022-06-13T03:02:15.188+0000][1][safepoint    ] Leaving safepoint region
[2022-06-13T03:02:15.188+0000][1][safepoint    ] Total time for which application threads were stopped: 0.0009111 seconds, Stopping threads took: 0.0004469 seconds
[2022-06-13T03:02:16.189+0000][1][safepoint    ] Application time: 1.0001743 seconds
[2022-06-13T03:02:16.189+0000][1][safepoint    ] Entering safepoint region: Cleanup
[2022-06-13T03:02:16.189+0000][1][safepoint    ] Leaving safepoint region
[2022-06-13T03:02:16.190+0000][1][safepoint    ] Total time for which application threads were stopped: 0.0007439 seconds, Stopping threads took: 0.0002930 seconds
[2022-06-13T03:02:17.190+0000][1][safepoint    ] Application time: 1.0003084 seconds
[2022-06-13T03:02:17.191+0000][1][safepoint    ] Entering safepoint region: Cleanup
[2022-06-13T03:02:17.191+0000][1][safepoint    ] Leaving safepoint region
[2022-06-13T03:02:17.192+0000][1][safepoint    ] Total time for which application threads were stopped: 0.0007601 seconds, Stopping threads took: 0.0003501 seconds
[2022-06-13T03:02:18.192+0000][1][safepoint    ] Application time: 1.0001923 seconds
[2022-06-13T03:02:18.193+0000][1][safepoint    ] Entering safepoint region: Cleanup
[2022-06-13T03:02:18.193+0000][1][safepoint    ] Leaving safepoint region
[2022-06-13T03:02:18.194+0000][1][safepoint    ] Total time for which application threads were stopped: 0.0012643 seconds, Stopping threads took: 0.0005015 seconds
[2022-06-13T03:02:19.195+0000][1][safepoint    ] Application time: 1.0002275 seconds
[2022-06-13T03:02:19.195+0000][1][safepoint    ] Entering safepoint region: Cleanup
[2022-06-13T03:02:19.196+0000][1][safepoint    ] Leaving safepoint region
[2022-06-13T03:02:19.197+0000][1][safepoint    ] Total time for which application threads were stopped: 0.0014513 seconds, Stopping threads took: 0.0006436 seconds
[2022-06-13T03:02:20.198+0000][1][safepoint    ] Application time: 1.0001386 seconds
[2022-06-13T03:02:20.198+0000][1][safepoint    ] Entering safepoint region: Cleanup
[2022-06-13T03:02:20.198+0000][1][safepoint    ] Leaving safepoint region
[2022-06-13T03:02:20.199+0000][1][safepoint    ] Total time for which application threads were stopped: 0.0007345 seconds, Stopping threads took: 0.0003254 seconds
[2022-06-13T03:02:21.199+0000][1][safepoint    ] Application time: 1.0003648 seconds
[2022-06-13T03:02:21.200+0000][1][safepoint    ] Entering safepoint region: Cleanup
[2022-06-13T03:02:21.200+0000][1][safepoint    ] Leaving safepoint region
[2022-06-13T03:02:21.201+0000][1][safepoint    ] Total time for which application threads were stopped: 0.0009676 seconds, Stopping threads took: 0.0004700 seconds
[2022-06-13T03:02:22.201+0000][1][safepoint    ] Application time: 1.0001541 seconds
[2022-06-13T03:02:22.202+0000][1][safepoint    ] Entering safepoint region: Cleanup
[2022-06-13T03:02:22.202+0000][1][safepoint    ] Leaving safepoint region
[2022-06-13T03:02:22.203+0000][1][safepoint    ] Total time for which application threads were stopped: 0.0010624 seconds, Stopping threads took: 0.0004666 seconds
[2022-06-13T03:02:23.203+0000][1][safepoint    ] Application time: 1.0002375 seconds
[2022-06-13T03:02:23.204+0000][1][safepoint    ] Entering safepoint region: Cleanup
[2022-06-13T03:02:23.204+0000][1][safepoint    ] Leaving safepoint region
[2022-06-13T03:02:23.205+0000][1][safepoint    ] Total time for which application threads were stopped: 0.0007017 seconds, Stopping threads took: 0.0003171 seconds
[2022-06-13T03:02:24.205+0000][1][safepoint    ] Application time: 1.0001972 seconds
[2022-06-13T03:02:24.206+0000][1][safepoint    ] Entering safepoint region: Cleanup
[2022-06-13T03:02:24.207+0000][1][safepoint    ] Leaving safepoint region
[2022-06-13T03:02:24.207+0000][1][safepoint    ] Total time for which application threads were stopped: 0.0014927 seconds, Stopping threads took: 0.0006915 seconds
[2022-06-13T03:02:25.208+0000][1][safepoint    ] Application time: 1.0002290 seconds
[2022-06-13T03:02:25.209+0000][1][safepoint    ] Entering safepoint region: Cleanup
[2022-06-13T03:02:25.210+0000][1][safepoint    ] Leaving safepoint region
[2022-06-13T03:02:25.210+0000][1][safepoint    ] Total time for which application threads were stopped: 0.0012142 seconds, Stopping threads took: 0.0005903 seconds
[2022-06-13T03:02:26.211+0000][1][safepoint    ] Application time: 1.0001998 seconds
[2022-06-13T03:02:26.212+0000][1][safepoint    ] Entering safepoint region: Cleanup
[2022-06-13T03:02:26.212+0000][1][safepoint    ] Leaving safepoint region
[2022-06-13T03:02:26.213+0000][1][safepoint    ] Total time for which application threads were stopped: 0.0014349 seconds, Stopping threads took: 0.0006658 seconds
[2022-06-13T03:02:27.214+0000][1][safepoint    ] Application time: 1.0002031 seconds
[2022-06-13T03:02:27.214+0000][1][safepoint    ] Entering safepoint region: Cleanup
[2022-06-13T03:02:27.215+0000][1][safepoint    ] Leaving safepoint region
[2022-06-13T03:02:27.215+0000][1][safepoint    ] Total time for which application threads were stopped: 0.0007680 seconds, Stopping threads took: 0.0004558 seconds
[2022-06-13T03:02:28.216+0000][1][safepoint    ] Application time: 1.0001138 seconds
[2022-06-13T03:02:28.216+0000][1][safepoint    ] Entering safepoint region: Cleanup
[2022-06-13T03:02:28.217+0000][1][safepoint    ] Leaving safepoint region
[2022-06-13T03:02:28.217+0000][1][safepoint    ] Total time for which application threads were stopped: 0.0009215 seconds, Stopping threads took: 0.0004391 seconds
[2022-06-13T03:02:29.218+0000][1][safepoint    ] Application time: 1.0003472 seconds
[2022-06-13T03:02:29.219+0000][1][safepoint    ] Entering safepoint region: Cleanup
[2022-06-13T03:02:29.219+0000][1][safepoint    ] Leaving safepoint region
[2022-06-13T03:02:29.220+0000][1][safepoint    ] Total time for which application threads were stopped: 0.0010448 seconds, Stopping threads took: 0.0005815 seconds
[2022-06-13T03:02:30.220+0000][1][safepoint    ] Application time: 1.0001573 seconds
[2022-06-13T03:02:30.220+0000][1][safepoint    ] Entering safepoint region: Cleanup
[2022-06-13T03:02:30.221+0000][1][safepoint    ] Leaving safepoint region
[2022-06-13T03:02:30.221+0000][1][safepoint    ] Total time for which application threads were stopped: 0.0010115 seconds, Stopping threads took: 0.0004373 seconds
[2022-06-13T03:02:31.222+0000][1][safepoint    ] Application time: 1.0002012 seconds
[2022-06-13T03:02:31.222+0000][1][safepoint    ] Entering safepoint region: Cleanup
[2022-06-13T03:02:31.223+0000][1][safepoint    ] Leaving safepoint region
[2022-06-13T03:02:31.223+0000][1][safepoint    ] Total time for which application threads were stopped: 0.0006401 seconds, Stopping threads took: 0.0003447 seconds
[2022-06-13T03:02:32.223+0000][1][safepoint    ] Application time: 1.0003553 seconds
[2022-06-13T03:02:32.224+0000][1][safepoint    ] Entering safepoint region: Cleanup
[2022-06-13T03:02:32.225+0000][1][safepoint    ] Leaving safepoint region
[2022-06-13T03:02:32.226+0000][1][safepoint    ] Total time for which application threads were stopped: 0.0012788 seconds, Stopping threads took: 0.0005885 seconds
[2022-06-13T03:02:33.226+0000][1][safepoint    ] Application time: 1.0002032 seconds
[2022-06-13T03:02:33.227+0000][1][safepoint    ] Entering safepoint region: Cleanup
[2022-06-13T03:02:33.227+0000][1][safepoint    ] Leaving safepoint region
[2022-06-13T03:02:33.228+0000][1][safepoint    ] Total time for which application threads were stopped: 0.0007909 seconds, Stopping threads took: 0.0003863 seconds
[2022-06-13T03:02:34.228+0000][1][safepoint    ] Application time: 1.0001470 seconds
[2022-06-13T03:02:34.229+0000][1][safepoint    ] Entering safepoint region: Cleanup
[2022-06-13T03:02:34.230+0000][1][safepoint    ] Leaving safepoint region
[2022-06-13T03:02:34.230+0000][1][safepoint    ] Total time for which application threads were stopped: 0.0011685 seconds, Stopping threads took: 0.0003350 seconds
[2022-06-13T03:02:35.231+0000][1][safepoint    ] Application time: 1.0004116 seconds
[2022-06-13T03:02:35.231+0000][1][safepoint    ] Entering safepoint region: Cleanup
[2022-06-13T03:02:35.232+0000][1][safepoint    ] Leaving safepoint region
[2022-06-13T03:02:35.232+0000][1][safepoint    ] Total time for which application threads were stopped: 0.0007253 seconds, Stopping threads took: 0.0002310 seconds
[2022-06-13T03:02:36.233+0000][1][safepoint    ] Application time: 1.0001496 seconds
[2022-06-13T03:02:36.233+0000][1][safepoint    ] Entering safepoint region: Cleanup
[2022-06-13T03:02:36.233+0000][1][safepoint    ] Leaving safepoint region
[2022-06-13T03:02:36.234+0000][1][safepoint    ] Total time for which application threads were stopped: 0.0007082 seconds, Stopping threads took: 0.0003318 seconds
[2022-06-13T03:02:37.234+0000][1][safepoint    ] Application time: 1.0001182 seconds
[2022-06-13T03:02:37.235+0000][1][safepoint    ] Entering safepoint region: Cleanup
[2022-06-13T03:02:37.236+0000][1][safepoint    ] Leaving safepoint region
[2022-06-13T03:02:37.236+0000][1][safepoint    ] Total time for which application threads were stopped: 0.0010692 seconds, Stopping threads took: 0.0004836 seconds
[2022-06-13T03:02:38.236+0000][1][safepoint    ] Application time: 1.0001137 seconds
[2022-06-13T03:02:38.237+0000][1][safepoint    ] Entering safepoint region: Cleanup
[2022-06-13T03:02:38.237+0000][1][safepoint    ] Leaving safepoint region
[2022-06-13T03:02:38.237+0000][1][safepoint    ] Total time for which application threads were stopped: 0.0006455 seconds, Stopping threads took: 0.0002859 seconds
[2022-06-13T03:02:39.238+0000][1][safepoint    ] Application time: 1.0001922 seconds
[2022-06-13T03:02:39.238+0000][1][safepoint    ] Entering safepoint region: Cleanup
[2022-06-13T03:02:39.239+0000][1][safepoint    ] Leaving safepoint region
[2022-06-13T03:02:39.239+0000][1][safepoint    ] Total time for which application threads were stopped: 0.0006789 seconds, Stopping threads took: 0.0002703 seconds
[2022-06-13T03:02:40.239+0000][1][safepoint    ] Application time: 1.0001786 seconds
[2022-06-13T03:02:40.240+0000][1][safepoint    ] Entering safepoint region: Cleanup
[2022-06-13T03:02:40.241+0000][1][safepoint    ] Leaving safepoint region
[2022-06-13T03:02:40.241+0000][1][safepoint    ] Total time for which application threads were stopped: 0.0009068 seconds, Stopping threads took: 0.0004462 seconds
[2022-06-13T03:02:41.242+0000][1][safepoint    ] Application time: 1.0001301 seconds
[2022-06-13T03:02:41.242+0000][1][safepoint    ] Entering safepoint region: Cleanup
[2022-06-13T03:02:41.243+0000][1][safepoint    ] Leaving safepoint region
[2022-06-13T03:02:41.243+0000][1][safepoint    ] Total time for which application threads were stopped: 0.0005848 seconds, Stopping threads took: 0.0002770 seconds
[2022-06-13T03:02:42.243+0000][1][safepoint    ] Application time: 1.0001359 seconds
[2022-06-13T03:02:42.244+0000][1][safepoint    ] Entering safepoint region: Cleanup
[2022-06-13T03:02:42.244+0000][1][safepoint    ] Leaving safepoint region
[2022-06-13T03:02:42.244+0000][1][safepoint    ] Total time for which application threads were stopped: 0.0003964 seconds, Stopping threads took: 0.0001893 seconds
[2022-06-13T03:02:43.244+0000][1][safepoint    ] Application time: 1.0001501 seconds
[2022-06-13T03:02:43.245+0000][1][safepoint    ] Entering safepoint region: Cleanup
[2022-06-13T03:02:43.245+0000][1][safepoint    ] Leaving safepoint region
[2022-06-13T03:02:43.246+0000][1][safepoint    ] Total time for which application threads were stopped: 0.0009335 seconds, Stopping threads took: 0.0003912 seconds
[2022-06-13T03:02:44.246+0000][1][safepoint    ] Application time: 1.0001995 seconds
[2022-06-13T03:02:44.247+0000][1][safepoint    ] Entering safepoint region: Cleanup
[2022-06-13T03:02:44.247+0000][1][safepoint    ] Leaving safepoint region
[2022-06-13T03:02:44.247+0000][1][safepoint    ] Total time for which application threads were stopped: 0.0006972 seconds, Stopping threads took: 0.0003777 seconds
[2022-06-13T03:02:45.248+0000][1][safepoint    ] Application time: 1.0001988 seconds
[2022-06-13T03:02:45.249+0000][1][safepoint    ] Entering safepoint region: Cleanup
[2022-06-13T03:02:45.249+0000][1][safepoint    ] Leaving safepoint region
[2022-06-13T03:02:45.250+0000][1][safepoint    ] Total time for which application threads were stopped: 0.0013081 seconds, Stopping threads took: 0.0006523 seconds
[2022-06-13T03:02:46.251+0000][1][safepoint    ] Application time: 1.0002371 seconds
[2022-06-13T03:02:46.251+0000][1][safepoint    ] Entering safepoint region: Cleanup
[2022-06-13T03:02:46.251+0000][1][safepoint    ] Leaving safepoint region
[2022-06-13T03:02:46.252+0000][1][safepoint    ] Total time for which application threads were stopped: 0.0006755 seconds, Stopping threads took: 0.0003238 seconds
[2022-06-13T03:02:47.252+0000][1][safepoint    ] Application time: 1.0001816 seconds
[2022-06-13T03:02:47.252+0000][1][safepoint    ] Entering safepoint region: Cleanup
[2022-06-13T03:02:47.253+0000][1][safepoint    ] Leaving safepoint region
[2022-06-13T03:02:47.253+0000][1][safepoint    ] Total time for which application threads were stopped: 0.0005425 seconds, Stopping threads took: 0.0002870 seconds
[2022-06-13T03:02:48.253+0000][1][safepoint    ] Application time: 1.0002180 seconds
[2022-06-13T03:02:48.254+0000][1][safepoint    ] Entering safepoint region: Cleanup
[2022-06-13T03:02:48.254+0000][1][safepoint    ] Leaving safepoint region
[2022-06-13T03:02:48.255+0000][1][safepoint    ] Total time for which application threads were stopped: 0.0009015 seconds, Stopping threads took: 0.0004191 seconds
[2022-06-13T03:02:49.255+0000][1][safepoint    ] Application time: 1.0001039 seconds
[2022-06-13T03:02:49.256+0000][1][safepoint    ] Entering safepoint region: Cleanup
[2022-06-13T03:02:49.256+0000][1][safepoint    ] Leaving safepoint region
[2022-06-13T03:02:49.256+0000][1][safepoint    ] Total time for which application threads were stopped: 0.0007253 seconds, Stopping threads took: 0.0003367 seconds
[2022-06-13T03:02:50.257+0000][1][safepoint    ] Application time: 1.0003184 seconds
[2022-06-13T03:02:50.258+0000][1][safepoint    ] Entering safepoint region: Cleanup
[2022-06-13T03:02:50.258+0000][1][safepoint    ] Leaving safepoint region
[2022-06-13T03:02:50.258+0000][1][safepoint    ] Total time for which application threads were stopped: 0.0008541 seconds, Stopping threads took: 0.0003942 seconds
[2022-06-13T03:02:51.259+0000][1][safepoint    ] Application time: 1.0001381 seconds
[2022-06-13T03:02:51.259+0000][1][safepoint    ] Entering safepoint region: Cleanup
[2022-06-13T03:02:51.260+0000][1][safepoint    ] Leaving safepoint region
[2022-06-13T03:02:51.260+0000][1][safepoint    ] Total time for which application threads were stopped: 0.0006163 seconds, Stopping threads took: 0.0003510 seconds
[2022-06-13T03:02:52.260+0000][1][safepoint    ] Application time: 1.0002031 seconds
[2022-06-13T03:02:52.261+0000][1][safepoint    ] Entering safepoint region: Cleanup
[2022-06-13T03:02:52.261+0000][1][safepoint    ] Leaving safepoint region
[2022-06-13T03:02:52.261+0000][1][safepoint    ] Total time for which application threads were stopped: 0.0004771 seconds, Stopping threads took: 0.0001857 seconds
[2022-06-13T03:02:53.262+0000][1][safepoint    ] Application time: 1.0001689 seconds
[2022-06-13T03:02:53.262+0000][1][safepoint    ] Entering safepoint region: Cleanup
[2022-06-13T03:02:53.263+0000][1][safepoint    ] Leaving safepoint region
[2022-06-13T03:02:53.263+0000][1][safepoint    ] Total time for which application threads were stopped: 0.0009801 seconds, Stopping threads took: 0.0005157 seconds
[2022-06-13T03:02:54.264+0000][1][safepoint    ] Application time: 1.0001185 seconds
[2022-06-13T03:02:54.264+0000][1][safepoint    ] Entering safepoint region: Cleanup
[2022-06-13T03:02:54.264+0000][1][safepoint    ] Leaving safepoint region
[2022-06-13T03:02:54.265+0000][1][safepoint    ] Total time for which application threads were stopped: 0.0007606 seconds, Stopping threads took: 0.0002889 seconds
[2022-06-13T03:02:55.265+0000][1][safepoint    ] Application time: 1.0002065 seconds
[2022-06-13T03:02:55.266+0000][1][safepoint    ] Entering safepoint region: Cleanup
[2022-06-13T03:02:55.266+0000][1][safepoint    ] Leaving safepoint region
[2022-06-13T03:02:55.267+0000][1][safepoint    ] Total time for which application threads were stopped: 0.0011384 seconds, Stopping threads took: 0.0005991 seconds
[2022-06-13T03:02:56.268+0000][1][safepoint    ] Application time: 1.0003512 seconds
[2022-06-13T03:02:56.268+0000][1][safepoint    ] Entering safepoint region: Cleanup
[2022-06-13T03:02:56.269+0000][1][safepoint    ] Leaving safepoint region
[2022-06-13T03:02:56.269+0000][1][safepoint    ] Total time for which application threads were stopped: 0.0009290 seconds, Stopping threads took: 0.0004221 seconds
[2022-06-13T03:02:57.270+0000][1][safepoint    ] Application time: 1.0000983 seconds
[2022-06-13T03:02:57.270+0000][1][safepoint    ] Entering safepoint region: Cleanup
[2022-06-13T03:02:57.270+0000][1][safepoint    ] Leaving safepoint region
[2022-06-13T03:02:57.270+0000][1][safepoint    ] Total time for which application threads were stopped: 0.0005658 seconds, Stopping threads took: 0.0002656 seconds
[2022-06-13T03:02:58.271+0000][1][safepoint    ] Application time: 1.0003380 seconds
[2022-06-13T03:02:58.272+0000][1][safepoint    ] Entering safepoint region: Cleanup
[2022-06-13T03:02:58.272+0000][1][safepoint    ] Leaving safepoint region
[2022-06-13T03:02:58.272+0000][1][safepoint    ] Total time for which application threads were stopped: 0.0009719 seconds, Stopping threads took: 0.0004630 seconds
[2022-06-13T03:02:59.273+0000][1][safepoint    ] Application time: 1.0002816 seconds
[2022-06-13T03:02:59.274+0000][1][safepoint    ] Entering safepoint region: Cleanup
[2022-06-13T03:02:59.274+0000][1][safepoint    ] Leaving safepoint region
[2022-06-13T03:02:59.275+0000][1][safepoint    ] Total time for which application threads were stopped: 0.0010014 seconds, Stopping threads took: 0.0004289 seconds
[2022-06-13T03:03:00.275+0000][1][safepoint    ] Application time: 1.0002349 seconds
[2022-06-13T03:03:00.276+0000][1][safepoint    ] Entering safepoint region: Cleanup
[2022-06-13T03:03:00.276+0000][1][safepoint    ] Leaving safepoint region
[2022-06-13T03:03:00.277+0000][1][safepoint    ] Total time for which application threads were stopped: 0.0012031 seconds, Stopping threads took: 0.0004776 seconds
[2022-06-13T03:03:01.278+0000][1][safepoint    ] Application time: 1.0002407 seconds
[2022-06-13T03:03:01.279+0000][1][safepoint    ] Entering safepoint region: Cleanup
[2022-06-13T03:03:01.279+0000][1][safepoint    ] Leaving safepoint region
[2022-06-13T03:03:01.279+0000][1][safepoint    ] Total time for which application threads were stopped: 0.0007428 seconds, Stopping threads took: 0.0003369 seconds
[2022-06-13T03:03:02.280+0000][1][safepoint    ] Application time: 1.0001901 seconds
[2022-06-13T03:03:02.280+0000][1][safepoint    ] Entering safepoint region: Cleanup
[2022-06-13T03:03:02.281+0000][1][safepoint    ] Leaving safepoint region
[2022-06-13T03:03:02.281+0000][1][safepoint    ] Total time for which application threads were stopped: 0.0008966 seconds, Stopping threads took: 0.0004246 seconds
[2022-06-13T03:03:03.282+0000][1][safepoint    ] Application time: 1.0001952 seconds
[2022-06-13T03:03:03.282+0000][1][safepoint    ] Entering safepoint region: Cleanup
[2022-06-13T03:03:03.283+0000][1][safepoint    ] Leaving safepoint region
[2022-06-13T03:03:03.283+0000][1][safepoint    ] Total time for which application threads were stopped: 0.0007707 seconds, Stopping threads took: 0.0003344 seconds
[2022-06-13T03:03:04.284+0000][1][safepoint    ] Application time: 1.0001725 seconds
[2022-06-13T03:03:04.284+0000][1][safepoint    ] Entering safepoint region: Cleanup
[2022-06-13T03:03:04.284+0000][1][safepoint    ] Leaving safepoint region
[2022-06-13T03:03:04.285+0000][1][safepoint    ] Total time for which application threads were stopped: 0.0007196 seconds, Stopping threads took: 0.0003299 seconds
[2022-06-13T03:03:05.285+0000][1][safepoint    ] Application time: 1.0001821 seconds
[2022-06-13T03:03:05.286+0000][1][safepoint    ] Entering safepoint region: Cleanup
[2022-06-13T03:03:05.286+0000][1][safepoint    ] Leaving safepoint region
[2022-06-13T03:03:05.287+0000][1][safepoint    ] Total time for which application threads were stopped: 0.0009449 seconds, Stopping threads took: 0.0004311 seconds
[2022-06-13T03:03:06.287+0000][1][safepoint    ] Application time: 1.0001771 seconds
[2022-06-13T03:03:06.287+0000][1][safepoint    ] Entering safepoint region: Cleanup
[2022-06-13T03:03:06.288+0000][1][safepoint    ] Leaving safepoint region
[2022-06-13T03:03:06.288+0000][1][safepoint    ] Total time for which application threads were stopped: 0.0005450 seconds, Stopping threads took: 0.0002621 seconds
[2022-06-13T03:03:07.288+0000][1][safepoint    ] Application time: 1.0001557 seconds
[2022-06-13T03:03:07.289+0000][1][safepoint    ] Entering safepoint region: Cleanup
[2022-06-13T03:03:07.289+0000][1][safepoint    ] Leaving safepoint region
[2022-06-13T03:03:07.290+0000][1][safepoint    ] Total time for which application threads were stopped: 0.0007868 seconds, Stopping threads took: 0.0002538 seconds
[2022-06-13T03:03:08.290+0000][1][safepoint    ] Application time: 1.0002032 seconds
[2022-06-13T03:03:08.291+0000][1][safepoint    ] Entering safepoint region: Cleanup
[2022-06-13T03:03:08.291+0000][1][safepoint    ] Leaving safepoint region
[2022-06-13T03:03:08.292+0000][1][safepoint    ] Total time for which application threads were stopped: 0.0009456 seconds, Stopping threads took: 0.0004559 seconds
[2022-06-13T03:03:09.292+0000][1][safepoint    ] Application time: 1.0001476 seconds
[2022-06-13T03:03:09.293+0000][1][safepoint    ] Entering safepoint region: Cleanup
[2022-06-13T03:03:09.293+0000][1][safepoint    ] Leaving safepoint region
[2022-06-13T03:03:09.294+0000][1][safepoint    ] Total time for which application threads were stopped: 0.0005944 seconds, Stopping threads took: 0.0002475 seconds
[2022-06-13T03:03:10.294+0000][1][safepoint    ] Application time: 1.0001325 seconds
[2022-06-13T03:03:10.294+0000][1][safepoint    ] Entering safepoint region: Cleanup
[2022-06-13T03:03:10.295+0000][1][safepoint    ] Leaving safepoint region
[2022-06-13T03:03:10.296+0000][1][safepoint    ] Total time for which application threads were stopped: 0.0011808 seconds, Stopping threads took: 0.0004065 seconds
[2022-06-13T03:03:11.296+0000][1][safepoint    ] Application time: 1.0002228 seconds
[2022-06-13T03:03:11.297+0000][1][safepoint    ] Entering safepoint region: Cleanup
[2022-06-13T03:03:11.297+0000][1][safepoint    ] Leaving safepoint region
[2022-06-13T03:03:11.298+0000][1][safepoint    ] Total time for which application threads were stopped: 0.0009050 seconds, Stopping threads took: 0.0003951 seconds
[2022-06-13T03:03:12.299+0000][1][safepoint    ] Application time: 1.0002097 seconds
[2022-06-13T03:03:12.299+0000][1][safepoint    ] Entering safepoint region: Cleanup
[2022-06-13T03:03:12.299+0000][1][safepoint    ] Leaving safepoint region
[2022-06-13T03:03:12.300+0000][1][safepoint    ] Total time for which application threads were stopped: 0.0006379 seconds, Stopping threads took: 0.0002884 seconds
[2022-06-13T03:03:13.300+0000][1][safepoint    ] Application time: 1.0002830 seconds
[2022-06-13T03:03:13.301+0000][1][safepoint    ] Entering safepoint region: Cleanup
[2022-06-13T03:03:13.301+0000][1][safepoint    ] Leaving safepoint region
[2022-06-13T03:03:13.302+0000][1][safepoint    ] Total time for which application threads were stopped: 0.0009220 seconds, Stopping threads took: 0.0004399 seconds
[2022-06-13T03:03:16.302+0000][1][safepoint    ] Application time: 3.0004297 seconds
[2022-06-13T03:03:16.303+0000][1][safepoint    ] Entering safepoint region: Cleanup
[2022-06-13T03:03:16.304+0000][1][safepoint    ] Leaving safepoint region
[2022-06-13T03:03:16.304+0000][1][safepoint    ] Total time for which application threads were stopped: 0.0011952 seconds, Stopping threads took: 0.0004925 seconds
[2022-06-13T03:03:20.109+0000][1][safepoint    ] Application time: 3.8048581 seconds
[2022-06-13T03:03:20.110+0000][1][safepoint    ] Entering safepoint region: GenCollectForAllocation
[2022-06-13T03:03:20.110+0000][1][gc,start     ] GC(25) Pause Young (Allocation Failure)
[2022-06-13T03:03:20.111+0000][1][gc,task      ] GC(25) Using 5 workers of 13 for evacuation
[2022-06-13T03:03:20.112+0000][1][gc,age       ] GC(25) Desired survivor size 4456448 bytes, new threshold 6 (max threshold 6)
[2022-06-13T03:03:20.113+0000][1][gc,age       ] GC(25) Age table with threshold 6 (max threshold 6)
[2022-06-13T03:03:20.113+0000][1][gc,age       ] GC(25) - age   1:      32464 bytes,      32464 total
[2022-06-13T03:03:20.113+0000][1][gc,age       ] GC(25) - age   2:      34544 bytes,      67008 total
[2022-06-13T03:03:20.113+0000][1][gc,age       ] GC(25) - age   3:      80008 bytes,     147016 total
[2022-06-13T03:03:20.114+0000][1][gc,age       ] GC(25) - age   4:    1304040 bytes,    1451056 total
[2022-06-13T03:03:20.114+0000][1][gc,heap      ] GC(25) ParNew: 72488K->1660K(78656K)
[2022-06-13T03:03:20.115+0000][1][gc,heap      ] GC(25) CMS: 67656K->67656K(174784K)
[2022-06-13T03:03:20.115+0000][1][gc,metaspace ] GC(25) Metaspace: 65267K->65267K(1110016K)
[2022-06-13T03:03:20.115+0000][1][gc           ] GC(25) Pause Young (Allocation Failure) 136M->67M(247M) 4.850ms
[2022-06-13T03:03:20.115+0000][1][gc,cpu       ] GC(25) User=0.01s Sys=0.00s Real=0.00s
[2022-06-13T03:03:20.116+0000][1][safepoint    ] Leaving safepoint region
[2022-06-13T03:03:20.116+0000][1][safepoint    ] Total time for which application threads were stopped: 0.0057572 seconds, Stopping threads took: 0.0003789 seconds
[2022-06-13T03:03:30.118+0000][1][safepoint    ] Application time: 10.0017304 seconds
[2022-06-13T03:03:30.118+0000][1][safepoint    ] Entering safepoint region: Cleanup
[2022-06-13T03:03:30.118+0000][1][safepoint    ] Leaving safepoint region
[2022-06-13T03:03:30.119+0000][1][safepoint    ] Total time for which application threads were stopped: 0.0006605 seconds, Stopping threads took: 0.0003263 seconds
[2022-06-13T03:04:26.129+0000][1][safepoint    ] Application time: 56.0096544 seconds
[2022-06-13T03:04:26.130+0000][1][safepoint    ] Entering safepoint region: Cleanup
[2022-06-13T03:04:26.130+0000][1][safepoint    ] Leaving safepoint region
[2022-06-13T03:04:26.131+0000][1][safepoint    ] Total time for which application threads were stopped: 0.0013236 seconds, Stopping threads took: 0.0007859 seconds
[2022-06-13T03:04:36.133+0000][1][safepoint    ] Application time: 10.0018799 seconds
[2022-06-13T03:04:36.134+0000][1][safepoint    ] Entering safepoint region: Cleanup
[2022-06-13T03:04:36.134+0000][1][safepoint    ] Leaving safepoint region
[2022-06-13T03:04:36.135+0000][1][safepoint    ] Total time for which application threads were stopped: 0.0007229 seconds, Stopping threads took: 0.0003249 seconds
[2022-06-13T03:04:40.136+0000][1][safepoint    ] Application time: 4.0006683 seconds
[2022-06-13T03:04:40.136+0000][1][safepoint    ] Entering safepoint region: Cleanup
[2022-06-13T03:04:40.136+0000][1][safepoint    ] Leaving safepoint region
[2022-06-13T03:04:40.136+0000][1][safepoint    ] Total time for which application threads were stopped: 0.0004107 seconds, Stopping threads took: 0.0001739 seconds
[2022-06-13T03:04:49.138+0000][1][safepoint    ] Application time: 9.0016070 seconds
[2022-06-13T03:04:49.139+0000][1][safepoint    ] Entering safepoint region: Cleanup
[2022-06-13T03:04:49.139+0000][1][safepoint    ] Leaving safepoint region
[2022-06-13T03:04:49.140+0000][1][safepoint    ] Total time for which application threads were stopped: 0.0013069 seconds, Stopping threads took: 0.0006144 seconds
[2022-06-13T03:04:50.140+0000][1][safepoint    ] Application time: 1.0001519 seconds
[2022-06-13T03:04:50.141+0000][1][safepoint    ] Entering safepoint region: Cleanup
[2022-06-13T03:04:50.141+0000][1][safepoint    ] Leaving safepoint region
[2022-06-13T03:04:50.141+0000][1][safepoint    ] Total time for which application threads were stopped: 0.0003311 seconds, Stopping threads took: 0.0001585 seconds
[2022-06-13T03:04:51.141+0000][1][safepoint    ] Application time: 1.0001019 seconds
[2022-06-13T03:04:51.142+0000][1][safepoint    ] Entering safepoint region: Cleanup
[2022-06-13T03:04:51.142+0000][1][safepoint    ] Leaving safepoint region
[2022-06-13T03:04:51.142+0000][1][safepoint    ] Total time for which application threads were stopped: 0.0003908 seconds, Stopping threads took: 0.0001758 seconds
[2022-06-13T03:04:52.142+0000][1][safepoint    ] Application time: 1.0003015 seconds
[2022-06-13T03:04:52.143+0000][1][safepoint    ] Entering safepoint region: Cleanup
[2022-06-13T03:04:52.144+0000][1][safepoint    ] Leaving safepoint region
[2022-06-13T03:04:52.144+0000][1][safepoint    ] Total time for which application threads were stopped: 0.0008786 seconds, Stopping threads took: 0.0004698 seconds
[2022-06-13T03:04:53.144+0000][1][safepoint    ] Application time: 1.0001807 seconds
[2022-06-13T03:04:53.145+0000][1][safepoint    ] Entering safepoint region: Cleanup
[2022-06-13T03:04:53.145+0000][1][safepoint    ] Leaving safepoint region
[2022-06-13T03:04:53.145+0000][1][safepoint    ] Total time for which application threads were stopped: 0.0006293 seconds, Stopping threads took: 0.0003452 seconds
[2022-06-13T03:04:54.146+0000][1][safepoint    ] Application time: 1.0002064 seconds
[2022-06-13T03:04:54.146+0000][1][safepoint    ] Entering safepoint region: Cleanup
[2022-06-13T03:04:54.147+0000][1][safepoint    ] Leaving safepoint region
[2022-06-13T03:04:54.147+0000][1][safepoint    ] Total time for which application threads were stopped: 0.0006856 seconds, Stopping threads took: 0.0002804 seconds
[2022-06-13T03:04:55.147+0000][1][safepoint    ] Application time: 1.0001625 seconds
[2022-06-13T03:04:55.148+0000][1][safepoint    ] Entering safepoint region: Cleanup
[2022-06-13T03:04:55.148+0000][1][safepoint    ] Leaving safepoint region
[2022-06-13T03:04:55.148+0000][1][safepoint    ] Total time for which application threads were stopped: 0.0005714 seconds, Stopping threads took: 0.0002188 seconds
[2022-06-13T03:04:56.149+0000][1][safepoint    ] Application time: 1.0002659 seconds
[2022-06-13T03:04:56.150+0000][1][safepoint    ] Entering safepoint region: Cleanup
[2022-06-13T03:04:56.150+0000][1][safepoint    ] Leaving safepoint region
[2022-06-13T03:04:56.151+0000][1][safepoint    ] Total time for which application threads were stopped: 0.0015871 seconds, Stopping threads took: 0.0006446 seconds
[2022-06-13T03:04:57.152+0000][1][safepoint    ] Application time: 1.0003415 seconds
[2022-06-13T03:04:57.152+0000][1][safepoint    ] Entering safepoint region: Cleanup
[2022-06-13T03:04:57.153+0000][1][safepoint    ] Leaving safepoint region
[2022-06-13T03:04:57.153+0000][1][safepoint    ] Total time for which application threads were stopped: 0.0006629 seconds, Stopping threads took: 0.0003237 seconds
[2022-06-13T03:04:58.154+0000][1][safepoint    ] Application time: 1.0002615 seconds
[2022-06-13T03:04:58.154+0000][1][safepoint    ] Entering safepoint region: Cleanup
[2022-06-13T03:04:58.155+0000][1][safepoint    ] Leaving safepoint region
[2022-06-13T03:04:58.156+0000][1][safepoint    ] Total time for which application threads were stopped: 0.0011607 seconds, Stopping threads took: 0.0004375 seconds
[2022-06-13T03:04:59.156+0000][1][safepoint    ] Application time: 1.0002385 seconds
[2022-06-13T03:04:59.157+0000][1][safepoint    ] Entering safepoint region: Cleanup
[2022-06-13T03:04:59.157+0000][1][safepoint    ] Leaving safepoint region
[2022-06-13T03:04:59.158+0000][1][safepoint    ] Total time for which application threads were stopped: 0.0009185 seconds, Stopping threads took: 0.0004592 seconds
[2022-06-13T03:05:00.158+0000][1][safepoint    ] Application time: 1.0001773 seconds
[2022-06-13T03:05:00.159+0000][1][safepoint    ] Entering safepoint region: Cleanup
[2022-06-13T03:05:00.159+0000][1][safepoint    ] Leaving safepoint region
[2022-06-13T03:05:00.160+0000][1][safepoint    ] Total time for which application threads were stopped: 0.0008337 seconds, Stopping threads took: 0.0004010 seconds
[2022-06-13T03:05:01.160+0000][1][safepoint    ] Application time: 1.0002249 seconds
[2022-06-13T03:05:01.161+0000][1][safepoint    ] Entering safepoint region: Cleanup
[2022-06-13T03:05:01.161+0000][1][safepoint    ] Leaving safepoint region
[2022-06-13T03:05:01.162+0000][1][safepoint    ] Total time for which application threads were stopped: 0.0007273 seconds, Stopping threads took: 0.0003348 seconds
[2022-06-13T03:05:02.162+0000][1][safepoint    ] Application time: 1.0002937 seconds
[2022-06-13T03:05:02.163+0000][1][safepoint    ] Entering safepoint region: Cleanup
[2022-06-13T03:05:02.164+0000][1][safepoint    ] Leaving safepoint region
[2022-06-13T03:05:02.164+0000][1][safepoint    ] Total time for which application threads were stopped: 0.0013436 seconds, Stopping threads took: 0.0005844 seconds
[2022-06-13T03:05:03.165+0000][1][safepoint    ] Application time: 1.0003217 seconds
[2022-06-13T03:05:03.166+0000][1][safepoint    ] Entering safepoint region: Cleanup
[2022-06-13T03:05:03.167+0000][1][safepoint    ] Leaving safepoint region
[2022-06-13T03:05:03.168+0000][1][safepoint    ] Total time for which application threads were stopped: 0.0015652 seconds, Stopping threads took: 0.0007370 seconds
[2022-06-13T03:05:04.168+0000][1][safepoint    ] Application time: 1.0002742 seconds
[2022-06-13T03:05:04.169+0000][1][safepoint    ] Entering safepoint region: Cleanup
[2022-06-13T03:05:04.170+0000][1][safepoint    ] Leaving safepoint region
[2022-06-13T03:05:04.170+0000][1][safepoint    ] Total time for which application threads were stopped: 0.0010091 seconds, Stopping threads took: 0.0004539 seconds
[2022-06-13T03:05:05.171+0000][1][safepoint    ] Application time: 1.0001957 seconds
[2022-06-13T03:05:05.171+0000][1][safepoint    ] Entering safepoint region: Cleanup
[2022-06-13T03:05:05.171+0000][1][safepoint    ] Leaving safepoint region
[2022-06-13T03:05:05.172+0000][1][safepoint    ] Total time for which application threads were stopped: 0.0008735 seconds, Stopping threads took: 0.0004531 seconds
[2022-06-13T03:05:06.172+0000][1][safepoint    ] Application time: 1.0001618 seconds
[2022-06-13T03:05:06.173+0000][1][safepoint    ] Entering safepoint region: Cleanup
[2022-06-13T03:05:06.173+0000][1][safepoint    ] Leaving safepoint region
[2022-06-13T03:05:06.174+0000][1][safepoint    ] Total time for which application threads were stopped: 0.0012076 seconds, Stopping threads took: 0.0005380 seconds
[2022-06-13T03:05:07.175+0000][1][safepoint    ] Application time: 1.0003159 seconds
[2022-06-13T03:05:07.175+0000][1][safepoint    ] Entering safepoint region: Cleanup
[2022-06-13T03:05:07.176+0000][1][safepoint    ] Leaving safepoint region
[2022-06-13T03:05:07.177+0000][1][safepoint    ] Total time for which application threads were stopped: 0.0011579 seconds, Stopping threads took: 0.0005243 seconds
[2022-06-13T03:05:08.177+0000][1][safepoint    ] Application time: 1.0001956 seconds
[2022-06-13T03:05:08.178+0000][1][safepoint    ] Entering safepoint region: Cleanup
[2022-06-13T03:05:08.178+0000][1][safepoint    ] Leaving safepoint region
[2022-06-13T03:05:08.179+0000][1][safepoint    ] Total time for which application threads were stopped: 0.0008017 seconds, Stopping threads took: 0.0003598 seconds
[2022-06-13T03:05:09.179+0000][1][safepoint    ] Application time: 1.0001862 seconds
[2022-06-13T03:05:09.179+0000][1][safepoint    ] Entering safepoint region: Cleanup
[2022-06-13T03:05:09.180+0000][1][safepoint    ] Leaving safepoint region
[2022-06-13T03:05:09.180+0000][1][safepoint    ] Total time for which application threads were stopped: 0.0006233 seconds, Stopping threads took: 0.0002291 seconds
[2022-06-13T03:05:10.181+0000][1][safepoint    ] Application time: 1.0002565 seconds
[2022-06-13T03:05:10.181+0000][1][safepoint    ] Entering safepoint region: Cleanup
[2022-06-13T03:05:10.182+0000][1][safepoint    ] Leaving safepoint region
[2022-06-13T03:05:10.182+0000][1][safepoint    ] Total time for which application threads were stopped: 0.0011510 seconds, Stopping threads took: 0.0004682 seconds
[2022-06-13T03:05:11.183+0000][1][safepoint    ] Application time: 1.0001452 seconds
[2022-06-13T03:05:11.184+0000][1][safepoint    ] Entering safepoint region: Cleanup
[2022-06-13T03:05:11.184+0000][1][safepoint    ] Leaving safepoint region
[2022-06-13T03:05:11.184+0000][1][safepoint    ] Total time for which application threads were stopped: 0.0009319 seconds, Stopping threads took: 0.0004613 seconds
[2022-06-13T03:05:12.185+0000][1][safepoint    ] Application time: 1.0002626 seconds
[2022-06-13T03:05:12.186+0000][1][safepoint    ] Entering safepoint region: Cleanup
[2022-06-13T03:05:12.186+0000][1][safepoint    ] Leaving safepoint region
[2022-06-13T03:05:12.187+0000][1][safepoint    ] Total time for which application threads were stopped: 0.0009136 seconds, Stopping threads took: 0.0005613 seconds
[2022-06-13T03:05:13.187+0000][1][safepoint    ] Application time: 1.0001900 seconds
[2022-06-13T03:05:13.188+0000][1][safepoint    ] Entering safepoint region: Cleanup
[2022-06-13T03:05:13.188+0000][1][safepoint    ] Leaving safepoint region
[2022-06-13T03:05:13.188+0000][1][safepoint    ] Total time for which application threads were stopped: 0.0008941 seconds, Stopping threads took: 0.0005169 seconds
[2022-06-13T03:05:14.189+0000][1][safepoint    ] Application time: 1.0002317 seconds
[2022-06-13T03:05:14.190+0000][1][safepoint    ] Entering safepoint region: Cleanup
[2022-06-13T03:05:14.190+0000][1][safepoint    ] Leaving safepoint region
[2022-06-13T03:05:14.191+0000][1][safepoint    ] Total time for which application threads were stopped: 0.0008610 seconds, Stopping threads took: 0.0004481 seconds
[2022-06-13T03:05:15.191+0000][1][safepoint    ] Application time: 1.0001517 seconds
[2022-06-13T03:05:15.191+0000][1][safepoint    ] Entering safepoint region: Cleanup
[2022-06-13T03:05:15.192+0000][1][safepoint    ] Leaving safepoint region
[2022-06-13T03:05:15.192+0000][1][safepoint    ] Total time for which application threads were stopped: 0.0002904 seconds, Stopping threads took: 0.0001133 seconds
[2022-06-13T03:05:16.192+0000][1][safepoint    ] Application time: 1.0002799 seconds
[2022-06-13T03:05:16.193+0000][1][safepoint    ] Entering safepoint region: Cleanup
[2022-06-13T03:05:16.193+0000][1][safepoint    ] Leaving safepoint region
[2022-06-13T03:05:16.193+0000][1][safepoint    ] Total time for which application threads were stopped: 0.0007819 seconds, Stopping threads took: 0.0003549 seconds
[2022-06-13T03:05:17.194+0000][1][safepoint    ] Application time: 1.0001843 seconds
[2022-06-13T03:05:17.195+0000][1][safepoint    ] Entering safepoint region: Cleanup
[2022-06-13T03:05:17.195+0000][1][safepoint    ] Leaving safepoint region
[2022-06-13T03:05:17.195+0000][1][safepoint    ] Total time for which application threads were stopped: 0.0009099 seconds, Stopping threads took: 0.0003984 seconds
[2022-06-13T03:05:18.196+0000][1][safepoint    ] Application time: 1.0001789 seconds
[2022-06-13T03:05:18.196+0000][1][safepoint    ] Entering safepoint region: Cleanup
[2022-06-13T03:05:18.197+0000][1][safepoint    ] Leaving safepoint region
[2022-06-13T03:05:18.197+0000][1][safepoint    ] Total time for which application threads were stopped: 0.0006274 seconds, Stopping threads took: 0.0002878 seconds
[2022-06-13T03:05:19.198+0000][1][safepoint    ] Application time: 1.0002338 seconds
[2022-06-13T03:05:19.198+0000][1][safepoint    ] Entering safepoint region: Cleanup
[2022-06-13T03:05:19.199+0000][1][safepoint    ] Leaving safepoint region
[2022-06-13T03:05:19.199+0000][1][safepoint    ] Total time for which application threads were stopped: 0.0011695 seconds, Stopping threads took: 0.0006004 seconds
[2022-06-13T03:05:20.200+0000][1][safepoint    ] Application time: 1.0001521 seconds
[2022-06-13T03:05:20.201+0000][1][safepoint    ] Entering safepoint region: Cleanup
[2022-06-13T03:05:20.201+0000][1][safepoint    ] Leaving safepoint region
[2022-06-13T03:05:20.201+0000][1][safepoint    ] Total time for which application threads were stopped: 0.0006605 seconds, Stopping threads took: 0.0002681 seconds
[2022-06-13T03:05:21.202+0000][1][safepoint    ] Application time: 1.0002253 seconds
[2022-06-13T03:05:21.202+0000][1][safepoint    ] Entering safepoint region: Cleanup
[2022-06-13T03:05:21.203+0000][1][safepoint    ] Leaving safepoint region
[2022-06-13T03:05:21.203+0000][1][safepoint    ] Total time for which application threads were stopped: 0.0011065 seconds, Stopping threads took: 0.0005159 seconds
[2022-06-13T03:05:22.204+0000][1][safepoint    ] Application time: 1.0002330 seconds
[2022-06-13T03:05:22.204+0000][1][safepoint    ] Entering safepoint region: Cleanup
[2022-06-13T03:05:22.205+0000][1][safepoint    ] Leaving safepoint region
[2022-06-13T03:05:22.205+0000][1][safepoint    ] Total time for which application threads were stopped: 0.0005428 seconds, Stopping threads took: 0.0001954 seconds
[2022-06-13T03:05:23.205+0000][1][safepoint    ] Application time: 1.0001974 seconds
[2022-06-13T03:05:23.206+0000][1][safepoint    ] Entering safepoint region: Cleanup
[2022-06-13T03:05:23.207+0000][1][safepoint    ] Leaving safepoint region
[2022-06-13T03:05:23.207+0000][1][safepoint    ] Total time for which application threads were stopped: 0.0010050 seconds, Stopping threads took: 0.0004917 seconds
[2022-06-13T03:05:24.208+0000][1][safepoint    ] Application time: 1.0002682 seconds
[2022-06-13T03:05:24.208+0000][1][safepoint    ] Entering safepoint region: Cleanup
[2022-06-13T03:05:24.209+0000][1][safepoint    ] Leaving safepoint region
[2022-06-13T03:05:24.209+0000][1][safepoint    ] Total time for which application threads were stopped: 0.0007440 seconds, Stopping threads took: 0.0002944 seconds
[2022-06-13T03:05:25.210+0000][1][safepoint    ] Application time: 1.0002261 seconds
[2022-06-13T03:05:25.210+0000][1][safepoint    ] Entering safepoint region: Cleanup
[2022-06-13T03:05:25.211+0000][1][safepoint    ] Leaving safepoint region
[2022-06-13T03:05:25.211+0000][1][safepoint    ] Total time for which application threads were stopped: 0.0008903 seconds, Stopping threads took: 0.0004497 seconds
[2022-06-13T03:05:26.288+0000][1][safepoint    ] Application time: 1.0768217 seconds
[2022-06-13T03:05:26.288+0000][1][safepoint    ] Entering safepoint region: Cleanup
[2022-06-13T03:05:26.289+0000][1][safepoint    ] Leaving safepoint region
[2022-06-13T03:05:26.289+0000][1][safepoint    ] Total time for which application threads were stopped: 0.0006327 seconds, Stopping threads took: 0.0002858 seconds
[2022-06-13T03:05:27.290+0000][1][safepoint    ] Application time: 1.0001529 seconds
[2022-06-13T03:05:27.290+0000][1][safepoint    ] Entering safepoint region: Cleanup
[2022-06-13T03:05:27.290+0000][1][safepoint    ] Leaving safepoint region
[2022-06-13T03:05:27.291+0000][1][safepoint    ] Total time for which application threads were stopped: 0.0006637 seconds, Stopping threads took: 0.0003610 seconds
[2022-06-13T03:05:28.291+0000][1][safepoint    ] Application time: 1.0002451 seconds
[2022-06-13T03:05:28.292+0000][1][safepoint    ] Entering safepoint region: Cleanup
[2022-06-13T03:05:28.292+0000][1][safepoint    ] Leaving safepoint region
[2022-06-13T03:05:28.293+0000][1][safepoint    ] Total time for which application threads were stopped: 0.0010582 seconds, Stopping threads took: 0.0004803 seconds
[2022-06-13T03:05:29.294+0000][1][safepoint    ] Application time: 1.0003011 seconds
[2022-06-13T03:05:29.294+0000][1][safepoint    ] Entering safepoint region: Cleanup
[2022-06-13T03:05:29.294+0000][1][safepoint    ] Leaving safepoint region
[2022-06-13T03:05:29.295+0000][1][safepoint    ] Total time for which application threads were stopped: 0.0006390 seconds, Stopping threads took: 0.0003309 seconds
[2022-06-13T03:05:30.295+0000][1][safepoint    ] Application time: 1.0002078 seconds
[2022-06-13T03:05:30.296+0000][1][safepoint    ] Entering safepoint region: Cleanup
[2022-06-13T03:05:30.296+0000][1][safepoint    ] Leaving safepoint region
[2022-06-13T03:05:30.296+0000][1][safepoint    ] Total time for which application threads were stopped: 0.0003965 seconds, Stopping threads took: 0.0002504 seconds
[2022-06-13T03:05:31.297+0000][1][safepoint    ] Application time: 1.0003212 seconds
[2022-06-13T03:05:31.297+0000][1][safepoint    ] Entering safepoint region: Cleanup
[2022-06-13T03:05:31.297+0000][1][safepoint    ] Leaving safepoint region
[2022-06-13T03:05:31.298+0000][1][safepoint    ] Total time for which application threads were stopped: 0.0008968 seconds, Stopping threads took: 0.0003691 seconds
[2022-06-13T03:05:32.299+0000][1][safepoint    ] Application time: 1.0002656 seconds
[2022-06-13T03:05:32.299+0000][1][safepoint    ] Entering safepoint region: Cleanup
[2022-06-13T03:05:32.300+0000][1][safepoint    ] Leaving safepoint region
[2022-06-13T03:05:32.300+0000][1][safepoint    ] Total time for which application threads were stopped: 0.0011105 seconds, Stopping threads took: 0.0004758 seconds
[2022-06-13T03:05:33.301+0000][1][safepoint    ] Application time: 1.0002473 seconds
[2022-06-13T03:05:33.301+0000][1][safepoint    ] Entering safepoint region: Cleanup
[2022-06-13T03:05:33.302+0000][1][safepoint    ] Leaving safepoint region
[2022-06-13T03:05:33.302+0000][1][safepoint    ] Total time for which application threads were stopped: 0.0007104 seconds, Stopping threads took: 0.0003385 seconds
[2022-06-13T03:05:39.304+0000][1][safepoint    ] Application time: 6.0010274 seconds
[2022-06-13T03:05:39.304+0000][1][safepoint    ] Entering safepoint region: Cleanup
[2022-06-13T03:05:39.305+0000][1][safepoint    ] Leaving safepoint region
[2022-06-13T03:05:39.305+0000][1][safepoint    ] Total time for which application threads were stopped: 0.0008051 seconds, Stopping threads took: 0.0004154 seconds
[2022-06-13T03:05:40.306+0000][1][safepoint    ] Application time: 1.0001743 seconds
[2022-06-13T03:05:40.306+0000][1][safepoint    ] Entering safepoint region: Cleanup
[2022-06-13T03:05:40.306+0000][1][safepoint    ] Leaving safepoint region
[2022-06-13T03:05:40.307+0000][1][safepoint    ] Total time for which application threads were stopped: 0.0006831 seconds, Stopping threads took: 0.0002765 seconds
[2022-06-13T03:05:41.307+0000][1][safepoint    ] Application time: 1.0002974 seconds
[2022-06-13T03:05:41.308+0000][1][safepoint    ] Entering safepoint region: Cleanup
[2022-06-13T03:05:41.308+0000][1][safepoint    ] Leaving safepoint region
[2022-06-13T03:05:41.309+0000][1][safepoint    ] Total time for which application threads were stopped: 0.0007702 seconds, Stopping threads took: 0.0004840 seconds
[2022-06-13T03:05:42.309+0000][1][safepoint    ] Application time: 1.0001328 seconds
[2022-06-13T03:05:42.310+0000][1][safepoint    ] Entering safepoint region: Cleanup
[2022-06-13T03:05:42.310+0000][1][safepoint    ] Leaving safepoint region
[2022-06-13T03:05:42.310+0000][1][safepoint    ] Total time for which application threads were stopped: 0.0009223 seconds, Stopping threads took: 0.0005942 seconds
[2022-06-13T03:05:43.311+0000][1][safepoint    ] Application time: 1.0001806 seconds
[2022-06-13T03:05:43.311+0000][1][safepoint    ] Entering safepoint region: Cleanup
[2022-06-13T03:05:43.312+0000][1][safepoint    ] Leaving safepoint region
[2022-06-13T03:05:43.312+0000][1][safepoint    ] Total time for which application threads were stopped: 0.0006740 seconds, Stopping threads took: 0.0002780 seconds
[2022-06-13T03:05:44.313+0000][1][safepoint    ] Application time: 1.0003317 seconds
[2022-06-13T03:05:44.313+0000][1][safepoint    ] Entering safepoint region: Cleanup
[2022-06-13T03:05:44.314+0000][1][safepoint    ] Leaving safepoint region
[2022-06-13T03:05:44.315+0000][1][safepoint    ] Total time for which application threads were stopped: 0.0016454 seconds, Stopping threads took: 0.0007451 seconds
[2022-06-13T03:05:45.316+0000][1][safepoint    ] Application time: 1.0001611 seconds
[2022-06-13T03:05:45.317+0000][1][safepoint    ] Entering safepoint region: Cleanup
[2022-06-13T03:05:45.317+0000][1][safepoint    ] Leaving safepoint region
[2022-06-13T03:05:45.318+0000][1][safepoint    ] Total time for which application threads were stopped: 0.0010279 seconds, Stopping threads took: 0.0004839 seconds
[2022-06-13T03:05:46.319+0000][1][safepoint    ] Application time: 1.0001985 seconds
[2022-06-13T03:05:46.319+0000][1][safepoint    ] Entering safepoint region: Cleanup
[2022-06-13T03:05:46.319+0000][1][safepoint    ] Leaving safepoint region
[2022-06-13T03:05:46.320+0000][1][safepoint    ] Total time for which application threads were stopped: 0.0006790 seconds, Stopping threads took: 0.0001975 seconds
[2022-06-13T03:05:47.320+0000][1][safepoint    ] Application time: 1.0001000 seconds
[2022-06-13T03:05:47.321+0000][1][safepoint    ] Entering safepoint region: Cleanup
[2022-06-13T03:05:47.321+0000][1][safepoint    ] Leaving safepoint region
[2022-06-13T03:05:47.321+0000][1][safepoint    ] Total time for which application threads were stopped: 0.0006373 seconds, Stopping threads took: 0.0003671 seconds
[2022-06-13T03:05:48.322+0000][1][safepoint    ] Application time: 1.0001710 seconds
[2022-06-13T03:05:48.322+0000][1][safepoint    ] Entering safepoint region: Cleanup
[2022-06-13T03:05:48.323+0000][1][safepoint    ] Leaving safepoint region
[2022-06-13T03:05:48.323+0000][1][safepoint    ] Total time for which application threads were stopped: 0.0008289 seconds, Stopping threads took: 0.0003499 seconds
[2022-06-13T03:05:49.324+0000][1][safepoint    ] Application time: 1.0002740 seconds
[2022-06-13T03:05:49.325+0000][1][safepoint    ] Entering safepoint region: Cleanup
[2022-06-13T03:05:49.326+0000][1][safepoint    ] Leaving safepoint region
[2022-06-13T03:05:49.326+0000][1][safepoint    ] Total time for which application threads were stopped: 0.0013763 seconds, Stopping threads took: 0.0005756 seconds
[2022-06-13T03:05:50.327+0000][1][safepoint    ] Application time: 1.0001728 seconds
[2022-06-13T03:05:50.327+0000][1][safepoint    ] Entering safepoint region: Cleanup
[2022-06-13T03:05:50.328+0000][1][safepoint    ] Leaving safepoint region
[2022-06-13T03:05:50.328+0000][1][safepoint    ] Total time for which application threads were stopped: 0.0004473 seconds, Stopping threads took: 0.0002369 seconds
[2022-06-13T03:05:51.328+0000][1][safepoint    ] Application time: 1.0001966 seconds
[2022-06-13T03:05:51.329+0000][1][safepoint    ] Entering safepoint region: Cleanup
[2022-06-13T03:05:51.329+0000][1][safepoint    ] Leaving safepoint region
[2022-06-13T03:05:51.329+0000][1][safepoint    ] Total time for which application threads were stopped: 0.0006792 seconds, Stopping threads took: 0.0003162 seconds
[2022-06-13T03:05:52.330+0000][1][safepoint    ] Application time: 1.0001576 seconds
[2022-06-13T03:05:52.330+0000][1][safepoint    ] Entering safepoint region: Cleanup
[2022-06-13T03:05:52.331+0000][1][safepoint    ] Leaving safepoint region
[2022-06-13T03:05:52.331+0000][1][safepoint    ] Total time for which application threads were stopped: 0.0006988 seconds, Stopping threads took: 0.0003336 seconds
[2022-06-13T03:05:53.331+0000][1][safepoint    ] Application time: 1.0001659 seconds
[2022-06-13T03:05:53.332+0000][1][safepoint    ] Entering safepoint region: Cleanup
[2022-06-13T03:05:53.332+0000][1][safepoint    ] Leaving safepoint region
[2022-06-13T03:05:53.333+0000][1][safepoint    ] Total time for which application threads were stopped: 0.0008073 seconds, Stopping threads took: 0.0003314 seconds
[2022-06-13T03:05:54.296+0000][1][safepoint    ] Application time: 0.9631484 seconds
[2022-06-13T03:05:54.297+0000][1][safepoint    ] Entering safepoint region: GenCollectForAllocation
[2022-06-13T03:05:54.297+0000][1][gc,start     ] GC(26) Pause Young (Allocation Failure)
[2022-06-13T03:05:54.298+0000][1][gc,task      ] GC(26) Using 5 workers of 13 for evacuation
[2022-06-13T03:05:54.300+0000][1][gc,age       ] GC(26) Desired survivor size 4456448 bytes, new threshold 6 (max threshold 6)
[2022-06-13T03:05:54.300+0000][1][gc,age       ] GC(26) Age table with threshold 6 (max threshold 6)
[2022-06-13T03:05:54.301+0000][1][gc,age       ] GC(26) - age   1:      29128 bytes,      29128 total
[2022-06-13T03:05:54.301+0000][1][gc,age       ] GC(26) - age   2:      14344 bytes,      43472 total
[2022-06-13T03:05:54.301+0000][1][gc,age       ] GC(26) - age   3:      34544 bytes,      78016 total
[2022-06-13T03:05:54.301+0000][1][gc,age       ] GC(26) - age   4:      80008 bytes,     158024 total
[2022-06-13T03:05:54.302+0000][1][gc,age       ] GC(26) - age   5:    1304040 bytes,    1462064 total
[2022-06-13T03:05:54.302+0000][1][gc,heap      ] GC(26) ParNew: 71592K->2069K(78656K)
[2022-06-13T03:05:54.303+0000][1][gc,heap      ] GC(26) CMS: 67656K->67656K(174784K)
[2022-06-13T03:05:54.303+0000][1][gc,metaspace ] GC(26) Metaspace: 65280K->65280K(1110016K)
[2022-06-13T03:05:54.303+0000][1][gc           ] GC(26) Pause Young (Allocation Failure) 135M->68M(247M) 5.783ms
[2022-06-13T03:05:54.303+0000][1][gc,cpu       ] GC(26) User=0.01s Sys=0.00s Real=0.01s
[2022-06-13T03:05:54.304+0000][1][safepoint    ] Leaving safepoint region
[2022-06-13T03:05:54.304+0000][1][safepoint    ] Total time for which application threads were stopped: 0.0074366 seconds, Stopping threads took: 0.0004465 seconds
[2022-06-13T03:05:55.304+0000][1][safepoint    ] Application time: 1.0001770 seconds
[2022-06-13T03:05:55.305+0000][1][safepoint    ] Entering safepoint region: Cleanup
[2022-06-13T03:05:55.305+0000][1][safepoint    ] Leaving safepoint region
[2022-06-13T03:05:55.305+0000][1][safepoint    ] Total time for which application threads were stopped: 0.0004483 seconds, Stopping threads took: 0.0002090 seconds
[2022-06-13T03:05:56.306+0000][1][safepoint    ] Application time: 1.0002394 seconds
[2022-06-13T03:05:56.306+0000][1][safepoint    ] Entering safepoint region: Cleanup
[2022-06-13T03:05:56.307+0000][1][safepoint    ] Leaving safepoint region
[2022-06-13T03:05:56.307+0000][1][safepoint    ] Total time for which application threads were stopped: 0.0010830 seconds, Stopping threads took: 0.0004424 seconds
[2022-06-13T03:05:57.308+0000][1][safepoint    ] Application time: 1.0001630 seconds
[2022-06-13T03:05:57.309+0000][1][safepoint    ] Entering safepoint region: Cleanup
[2022-06-13T03:05:57.309+0000][1][safepoint    ] Leaving safepoint region
[2022-06-13T03:05:57.310+0000][1][safepoint    ] Total time for which application threads were stopped: 0.0013387 seconds, Stopping threads took: 0.0006776 seconds
[2022-06-13T03:05:59.300+0000][1][safepoint    ] Application time: 1.9897118 seconds
[2022-06-13T03:05:59.301+0000][1][safepoint    ] Entering safepoint region: Cleanup
[2022-06-13T03:05:59.301+0000][1][safepoint    ] Leaving safepoint region
[2022-06-13T03:05:59.301+0000][1][safepoint    ] Total time for which application threads were stopped: 0.0008870 seconds, Stopping threads took: 0.0003773 seconds
[2022-06-13T03:06:00.302+0000][1][safepoint    ] Application time: 1.0002353 seconds
[2022-06-13T03:06:00.303+0000][1][safepoint    ] Entering safepoint region: Cleanup
[2022-06-13T03:06:00.303+0000][1][safepoint    ] Leaving safepoint region
[2022-06-13T03:06:00.304+0000][1][safepoint    ] Total time for which application threads were stopped: 0.0009308 seconds, Stopping threads took: 0.0003441 seconds
[2022-06-13T03:06:01.304+0000][1][safepoint    ] Application time: 1.0003398 seconds
[2022-06-13T03:06:01.305+0000][1][safepoint    ] Entering safepoint region: Cleanup
[2022-06-13T03:06:01.306+0000][1][safepoint    ] Leaving safepoint region
[2022-06-13T03:06:01.306+0000][1][safepoint    ] Total time for which application threads were stopped: 0.0011671 seconds, Stopping threads took: 0.0005438 seconds
[2022-06-13T03:06:02.307+0000][1][safepoint    ] Application time: 1.0002850 seconds
[2022-06-13T03:06:02.308+0000][1][safepoint    ] Entering safepoint region: Cleanup
[2022-06-13T03:06:02.309+0000][1][safepoint    ] Leaving safepoint region
[2022-06-13T03:06:02.309+0000][1][safepoint    ] Total time for which application threads were stopped: 0.0012807 seconds, Stopping threads took: 0.0006024 seconds
[2022-06-13T03:06:03.310+0000][1][safepoint    ] Application time: 1.0003058 seconds
[2022-06-13T03:06:03.310+0000][1][safepoint    ] Entering safepoint region: Cleanup
[2022-06-13T03:06:03.311+0000][1][safepoint    ] Leaving safepoint region
[2022-06-13T03:06:03.311+0000][1][safepoint    ] Total time for which application threads were stopped: 0.0007484 seconds, Stopping threads took: 0.0003116 seconds
[2022-06-13T03:06:04.312+0000][1][safepoint    ] Application time: 1.0001954 seconds
[2022-06-13T03:06:04.312+0000][1][safepoint    ] Entering safepoint region: Cleanup
[2022-06-13T03:06:04.313+0000][1][safepoint    ] Leaving safepoint region
[2022-06-13T03:06:04.314+0000][1][safepoint    ] Total time for which application threads were stopped: 0.0012711 seconds, Stopping threads took: 0.0005733 seconds
[2022-06-13T03:06:05.315+0000][1][safepoint    ] Application time: 1.0002474 seconds
[2022-06-13T03:06:05.315+0000][1][safepoint    ] Entering safepoint region: Cleanup
[2022-06-13T03:06:05.316+0000][1][safepoint    ] Leaving safepoint region
[2022-06-13T03:06:05.316+0000][1][safepoint    ] Total time for which application threads were stopped: 0.0007657 seconds, Stopping threads took: 0.0003779 seconds
[2022-06-13T03:06:06.317+0000][1][safepoint    ] Application time: 1.0002260 seconds
[2022-06-13T03:06:06.317+0000][1][safepoint    ] Entering safepoint region: Cleanup
[2022-06-13T03:06:06.318+0000][1][safepoint    ] Leaving safepoint region
[2022-06-13T03:06:06.318+0000][1][safepoint    ] Total time for which application threads were stopped: 0.0009546 seconds, Stopping threads took: 0.0004434 seconds
[2022-06-13T03:06:07.319+0000][1][safepoint    ] Application time: 1.0001145 seconds
[2022-06-13T03:06:07.319+0000][1][safepoint    ] Entering safepoint region: Cleanup
[2022-06-13T03:06:07.320+0000][1][safepoint    ] Leaving safepoint region
[2022-06-13T03:06:07.320+0000][1][safepoint    ] Total time for which application threads were stopped: 0.0006195 seconds, Stopping threads took: 0.0003616 seconds
[2022-06-13T03:06:08.320+0000][1][safepoint    ] Application time: 1.0001071 seconds
[2022-06-13T03:06:08.321+0000][1][safepoint    ] Entering safepoint region: Cleanup
[2022-06-13T03:06:08.321+0000][1][safepoint    ] Leaving safepoint region
[2022-06-13T03:06:08.321+0000][1][safepoint    ] Total time for which application threads were stopped: 0.0005438 seconds, Stopping threads took: 0.0003184 seconds
[2022-06-13T03:06:09.322+0000][1][safepoint    ] Application time: 1.0001555 seconds
[2022-06-13T03:06:09.322+0000][1][safepoint    ] Entering safepoint region: Cleanup
[2022-06-13T03:06:09.323+0000][1][safepoint    ] Leaving safepoint region
[2022-06-13T03:06:09.323+0000][1][safepoint    ] Total time for which application threads were stopped: 0.0005721 seconds, Stopping threads took: 0.0002953 seconds
[2022-06-13T03:06:10.323+0000][1][safepoint    ] Application time: 1.0003284 seconds
[2022-06-13T03:06:10.324+0000][1][safepoint    ] Entering safepoint region: Cleanup
[2022-06-13T03:06:10.324+0000][1][safepoint    ] Leaving safepoint region
[2022-06-13T03:06:10.325+0000][1][safepoint    ] Total time for which application threads were stopped: 0.0007741 seconds, Stopping threads took: 0.0003611 seconds
[2022-06-13T03:06:11.325+0000][1][safepoint    ] Application time: 1.0002240 seconds
[2022-06-13T03:06:11.326+0000][1][safepoint    ] Entering safepoint region: Cleanup
[2022-06-13T03:06:11.326+0000][1][safepoint    ] Leaving safepoint region
[2022-06-13T03:06:11.327+0000][1][safepoint    ] Total time for which application threads were stopped: 0.0008798 seconds, Stopping threads took: 0.0004229 seconds
[2022-06-13T03:06:12.327+0000][1][safepoint    ] Application time: 1.0002175 seconds
[2022-06-13T03:06:12.328+0000][1][safepoint    ] Entering safepoint region: Cleanup
[2022-06-13T03:06:12.328+0000][1][safepoint    ] Leaving safepoint region
[2022-06-13T03:06:12.329+0000][1][safepoint    ] Total time for which application threads were stopped: 0.0007826 seconds, Stopping threads took: 0.0003455 seconds
[2022-06-13T03:06:13.329+0000][1][safepoint    ] Application time: 1.0001217 seconds
[2022-06-13T03:06:13.330+0000][1][safepoint    ] Entering safepoint region: Cleanup
[2022-06-13T03:06:13.330+0000][1][safepoint    ] Leaving safepoint region
[2022-06-13T03:06:13.330+0000][1][safepoint    ] Total time for which application threads were stopped: 0.0006017 seconds, Stopping threads took: 0.0003067 seconds
[2022-06-13T03:06:14.331+0000][1][safepoint    ] Application time: 1.0002753 seconds
[2022-06-13T03:06:14.331+0000][1][safepoint    ] Entering safepoint region: Cleanup
[2022-06-13T03:06:14.332+0000][1][safepoint    ] Leaving safepoint region
[2022-06-13T03:06:14.332+0000][1][safepoint    ] Total time for which application threads were stopped: 0.0008412 seconds, Stopping threads took: 0.0003554 seconds
[2022-06-13T03:06:15.333+0000][1][safepoint    ] Application time: 1.0001255 seconds
[2022-06-13T03:06:15.333+0000][1][safepoint    ] Entering safepoint region: Cleanup
[2022-06-13T03:06:15.334+0000][1][safepoint    ] Leaving safepoint region
[2022-06-13T03:06:15.334+0000][1][safepoint    ] Total time for which application threads were stopped: 0.0010459 seconds, Stopping threads took: 0.0004654 seconds
[2022-06-13T03:06:16.335+0000][1][safepoint    ] Application time: 1.0002166 seconds
[2022-06-13T03:06:16.335+0000][1][safepoint    ] Entering safepoint region: Cleanup
[2022-06-13T03:06:16.336+0000][1][safepoint    ] Leaving safepoint region
[2022-06-13T03:06:16.336+0000][1][safepoint    ] Total time for which application threads were stopped: 0.0008055 seconds, Stopping threads took: 0.0004071 seconds
[2022-06-13T03:06:17.337+0000][1][safepoint    ] Application time: 1.0002538 seconds
[2022-06-13T03:06:17.338+0000][1][safepoint    ] Entering safepoint region: Cleanup
[2022-06-13T03:06:17.338+0000][1][safepoint    ] Leaving safepoint region
[2022-06-13T03:06:17.339+0000][1][safepoint    ] Total time for which application threads were stopped: 0.0011982 seconds, Stopping threads took: 0.0004889 seconds
[2022-06-13T03:06:18.340+0000][1][safepoint    ] Application time: 1.0002908 seconds
[2022-06-13T03:06:18.340+0000][1][safepoint    ] Entering safepoint region: Cleanup
[2022-06-13T03:06:18.341+0000][1][safepoint    ] Leaving safepoint region
[2022-06-13T03:06:18.341+0000][1][safepoint    ] Total time for which application threads were stopped: 0.0009350 seconds, Stopping threads took: 0.0004239 seconds
[2022-06-13T03:06:19.342+0000][1][safepoint    ] Application time: 1.0002132 seconds
[2022-06-13T03:06:19.342+0000][1][safepoint    ] Entering safepoint region: Cleanup
[2022-06-13T03:06:19.343+0000][1][safepoint    ] Leaving safepoint region
[2022-06-13T03:06:19.343+0000][1][safepoint    ] Total time for which application threads were stopped: 0.0010220 seconds, Stopping threads took: 0.0004222 seconds
[2022-06-13T03:06:20.344+0000][1][safepoint    ] Application time: 1.0001529 seconds
[2022-06-13T03:06:20.344+0000][1][safepoint    ] Entering safepoint region: Cleanup
[2022-06-13T03:06:20.345+0000][1][safepoint    ] Leaving safepoint region
[2022-06-13T03:06:20.345+0000][1][safepoint    ] Total time for which application threads were stopped: 0.0005059 seconds, Stopping threads took: 0.0002705 seconds
[2022-06-13T03:06:21.345+0000][1][safepoint    ] Application time: 1.0001459 seconds
[2022-06-13T03:06:21.346+0000][1][safepoint    ] Entering safepoint region: Cleanup
[2022-06-13T03:06:21.347+0000][1][safepoint    ] Leaving safepoint region
[2022-06-13T03:06:21.347+0000][1][safepoint    ] Total time for which application threads were stopped: 0.0010933 seconds, Stopping threads took: 0.0004713 seconds
[2022-06-13T03:06:22.348+0000][1][safepoint    ] Application time: 1.0001359 seconds
[2022-06-13T03:06:22.348+0000][1][safepoint    ] Entering safepoint region: Cleanup
[2022-06-13T03:06:22.349+0000][1][safepoint    ] Leaving safepoint region
[2022-06-13T03:06:22.349+0000][1][safepoint    ] Total time for which application threads were stopped: 0.0006430 seconds, Stopping threads took: 0.0003223 seconds
[2022-06-13T03:06:23.349+0000][1][safepoint    ] Application time: 1.0001277 seconds
[2022-06-13T03:06:23.350+0000][1][safepoint    ] Entering safepoint region: Cleanup
[2022-06-13T03:06:23.350+0000][1][safepoint    ] Leaving safepoint region
[2022-06-13T03:06:23.351+0000][1][safepoint    ] Total time for which application threads were stopped: 0.0008834 seconds, Stopping threads took: 0.0002827 seconds
[2022-06-13T03:06:24.351+0000][1][safepoint    ] Application time: 1.0001695 seconds
[2022-06-13T03:06:24.352+0000][1][safepoint    ] Entering safepoint region: Cleanup
[2022-06-13T03:06:24.352+0000][1][safepoint    ] Leaving safepoint region
[2022-06-13T03:06:24.353+0000][1][safepoint    ] Total time for which application threads were stopped: 0.0010238 seconds, Stopping threads took: 0.0004605 seconds
[2022-06-13T03:06:25.353+0000][1][safepoint    ] Application time: 1.0002371 seconds
[2022-06-13T03:06:25.354+0000][1][safepoint    ] Entering safepoint region: Cleanup
[2022-06-13T03:06:25.354+0000][1][safepoint    ] Leaving safepoint region
[2022-06-13T03:06:25.354+0000][1][safepoint    ] Total time for which application threads were stopped: 0.0006151 seconds, Stopping threads took: 0.0003133 seconds
[2022-06-13T03:06:26.355+0000][1][safepoint    ] Application time: 1.0001861 seconds
[2022-06-13T03:06:26.355+0000][1][safepoint    ] Entering safepoint region: Cleanup
[2022-06-13T03:06:26.356+0000][1][safepoint    ] Leaving safepoint region
[2022-06-13T03:06:26.356+0000][1][safepoint    ] Total time for which application threads were stopped: 0.0006242 seconds, Stopping threads took: 0.0002769 seconds
[2022-06-13T03:06:27.356+0000][1][safepoint    ] Application time: 1.0003024 seconds
[2022-06-13T03:06:27.357+0000][1][safepoint    ] Entering safepoint region: Cleanup
[2022-06-13T03:06:27.357+0000][1][safepoint    ] Leaving safepoint region
[2022-06-13T03:06:27.358+0000][1][safepoint    ] Total time for which application threads were stopped: 0.0009886 seconds, Stopping threads took: 0.0004178 seconds
[2022-06-13T03:06:28.358+0000][1][safepoint    ] Application time: 1.0002143 seconds
[2022-06-13T03:06:28.359+0000][1][safepoint    ] Entering safepoint region: Cleanup
[2022-06-13T03:06:28.359+0000][1][safepoint    ] Leaving safepoint region
[2022-06-13T03:06:28.360+0000][1][safepoint    ] Total time for which application threads were stopped: 0.0009216 seconds, Stopping threads took: 0.0004244 seconds
[2022-06-13T03:06:29.360+0000][1][safepoint    ] Application time: 1.0001044 seconds
[2022-06-13T03:06:29.361+0000][1][safepoint    ] Entering safepoint region: Cleanup
[2022-06-13T03:06:29.361+0000][1][safepoint    ] Leaving safepoint region
[2022-06-13T03:06:29.361+0000][1][safepoint    ] Total time for which application threads were stopped: 0.0008142 seconds, Stopping threads took: 0.0003792 seconds
[2022-06-13T03:06:30.362+0000][1][safepoint    ] Application time: 1.0001956 seconds
[2022-06-13T03:06:30.363+0000][1][safepoint    ] Entering safepoint region: Cleanup
[2022-06-13T03:06:30.363+0000][1][safepoint    ] Leaving safepoint region
[2022-06-13T03:06:30.364+0000][1][safepoint    ] Total time for which application threads were stopped: 0.0007702 seconds, Stopping threads took: 0.0004064 seconds
[2022-06-13T03:06:31.364+0000][1][safepoint    ] Application time: 1.0001223 seconds
[2022-06-13T03:06:31.365+0000][1][safepoint    ] Entering safepoint region: Cleanup
[2022-06-13T03:06:31.365+0000][1][safepoint    ] Leaving safepoint region
[2022-06-13T03:06:31.366+0000][1][safepoint    ] Total time for which application threads were stopped: 0.0011512 seconds, Stopping threads took: 0.0005291 seconds
[2022-06-13T03:06:32.367+0000][1][safepoint    ] Application time: 1.0002715 seconds
[2022-06-13T03:06:32.368+0000][1][safepoint    ] Entering safepoint region: Cleanup
[2022-06-13T03:06:32.369+0000][1][safepoint    ] Leaving safepoint region
[2022-06-13T03:06:32.369+0000][1][safepoint    ] Total time for which application threads were stopped: 0.0015269 seconds, Stopping threads took: 0.0007004 seconds
[2022-06-13T03:06:33.370+0000][1][safepoint    ] Application time: 1.0002017 seconds
[2022-06-13T03:06:33.371+0000][1][safepoint    ] Entering safepoint region: Cleanup
[2022-06-13T03:06:33.371+0000][1][safepoint    ] Leaving safepoint region
[2022-06-13T03:06:33.371+0000][1][safepoint    ] Total time for which application threads were stopped: 0.0005418 seconds, Stopping threads took: 0.0002448 seconds
[2022-06-13T03:06:34.371+0000][1][safepoint    ] Application time: 1.0001763 seconds
[2022-06-13T03:06:34.372+0000][1][safepoint    ] Entering safepoint region: Cleanup
[2022-06-13T03:06:34.372+0000][1][safepoint    ] Leaving safepoint region
[2022-06-13T03:06:34.372+0000][1][safepoint    ] Total time for which application threads were stopped: 0.0004582 seconds, Stopping threads took: 0.0002176 seconds
[2022-06-13T03:06:35.373+0000][1][safepoint    ] Application time: 1.0001589 seconds
[2022-06-13T03:06:35.373+0000][1][safepoint    ] Entering safepoint region: Cleanup
[2022-06-13T03:06:35.373+0000][1][safepoint    ] Leaving safepoint region
[2022-06-13T03:06:35.373+0000][1][safepoint    ] Total time for which application threads were stopped: 0.0006409 seconds, Stopping threads took: 0.0003093 seconds
[2022-06-13T03:06:36.374+0000][1][safepoint    ] Application time: 1.0002144 seconds
[2022-06-13T03:06:36.375+0000][1][safepoint    ] Entering safepoint region: Cleanup
[2022-06-13T03:06:36.375+0000][1][safepoint    ] Leaving safepoint region
[2022-06-13T03:06:36.376+0000][1][safepoint    ] Total time for which application threads were stopped: 0.0012708 seconds, Stopping threads took: 0.0005765 seconds
[2022-06-13T03:06:37.377+0000][1][safepoint    ] Application time: 1.0002211 seconds
[2022-06-13T03:06:37.377+0000][1][safepoint    ] Entering safepoint region: Cleanup
[2022-06-13T03:06:37.378+0000][1][safepoint    ] Leaving safepoint region
[2022-06-13T03:06:37.378+0000][1][safepoint    ] Total time for which application threads were stopped: 0.0009303 seconds, Stopping threads took: 0.0004269 seconds
[2022-06-13T03:06:38.379+0000][1][safepoint    ] Application time: 1.0001292 seconds
[2022-06-13T03:06:38.379+0000][1][safepoint    ] Entering safepoint region: Cleanup
[2022-06-13T03:06:38.379+0000][1][safepoint    ] Leaving safepoint region
[2022-06-13T03:06:38.379+0000][1][safepoint    ] Total time for which application threads were stopped: 0.0002887 seconds, Stopping threads took: 0.0001044 seconds
[2022-06-13T03:06:39.380+0000][1][safepoint    ] Application time: 1.0002064 seconds
[2022-06-13T03:06:39.380+0000][1][safepoint    ] Entering safepoint region: Cleanup
[2022-06-13T03:06:39.381+0000][1][safepoint    ] Leaving safepoint region
[2022-06-13T03:06:39.381+0000][1][safepoint    ] Total time for which application threads were stopped: 0.0008801 seconds, Stopping threads took: 0.0004650 seconds
[2022-06-13T03:06:40.382+0000][1][safepoint    ] Application time: 1.0002451 seconds
[2022-06-13T03:06:40.382+0000][1][safepoint    ] Entering safepoint region: Cleanup
[2022-06-13T03:06:40.383+0000][1][safepoint    ] Leaving safepoint region
[2022-06-13T03:06:40.384+0000][1][safepoint    ] Total time for which application threads were stopped: 0.0011179 seconds, Stopping threads took: 0.0005239 seconds
[2022-06-13T03:06:41.384+0000][1][safepoint    ] Application time: 1.0002408 seconds
[2022-06-13T03:06:41.385+0000][1][safepoint    ] Entering safepoint region: Cleanup
[2022-06-13T03:06:41.385+0000][1][safepoint    ] Leaving safepoint region
[2022-06-13T03:06:41.386+0000][1][safepoint    ] Total time for which application threads were stopped: 0.0008092 seconds, Stopping threads took: 0.0003872 seconds
[2022-06-13T03:06:42.386+0000][1][safepoint    ] Application time: 1.0004237 seconds
[2022-06-13T03:06:42.387+0000][1][safepoint    ] Entering safepoint region: Cleanup
[2022-06-13T03:06:42.388+0000][1][safepoint    ] Leaving safepoint region
[2022-06-13T03:06:42.388+0000][1][safepoint    ] Total time for which application threads were stopped: 0.0008616 seconds, Stopping threads took: 0.0003713 seconds
[2022-06-13T03:06:43.388+0000][1][safepoint    ] Application time: 1.0001907 seconds
[2022-06-13T03:06:43.389+0000][1][safepoint    ] Entering safepoint region: Cleanup
[2022-06-13T03:06:43.390+0000][1][safepoint    ] Leaving safepoint region
[2022-06-13T03:06:43.390+0000][1][safepoint    ] Total time for which application threads were stopped: 0.0009321 seconds, Stopping threads took: 0.0004406 seconds
[2022-06-13T03:06:44.391+0000][1][safepoint    ] Application time: 1.0001902 seconds
[2022-06-13T03:06:44.391+0000][1][safepoint    ] Entering safepoint region: Cleanup
[2022-06-13T03:06:44.392+0000][1][safepoint    ] Leaving safepoint region
[2022-06-13T03:06:44.392+0000][1][safepoint    ] Total time for which application threads were stopped: 0.0006767 seconds, Stopping threads took: 0.0002994 seconds
[2022-06-13T03:06:45.392+0000][1][safepoint    ] Application time: 1.0001508 seconds
[2022-06-13T03:06:45.393+0000][1][safepoint    ] Entering safepoint region: Cleanup
[2022-06-13T03:06:45.393+0000][1][safepoint    ] Leaving safepoint region
[2022-06-13T03:06:45.393+0000][1][safepoint    ] Total time for which application threads were stopped: 0.0006257 seconds, Stopping threads took: 0.0002899 seconds
[2022-06-13T03:06:46.394+0000][1][safepoint    ] Application time: 1.0002902 seconds
[2022-06-13T03:06:46.395+0000][1][safepoint    ] Entering safepoint region: Cleanup
[2022-06-13T03:06:46.395+0000][1][safepoint    ] Leaving safepoint region
[2022-06-13T03:06:46.396+0000][1][safepoint    ] Total time for which application threads were stopped: 0.0013304 seconds, Stopping threads took: 0.0005757 seconds
[2022-06-13T03:06:47.397+0000][1][safepoint    ] Application time: 1.0001730 seconds
[2022-06-13T03:06:47.397+0000][1][safepoint    ] Entering safepoint region: Cleanup
[2022-06-13T03:06:47.398+0000][1][safepoint    ] Leaving safepoint region
[2022-06-13T03:06:47.398+0000][1][safepoint    ] Total time for which application threads were stopped: 0.0007008 seconds, Stopping threads took: 0.0004460 seconds
[2022-06-13T03:06:48.398+0000][1][safepoint    ] Application time: 1.0001767 seconds
[2022-06-13T03:06:48.399+0000][1][safepoint    ] Entering safepoint region: Cleanup
[2022-06-13T03:06:48.399+0000][1][safepoint    ] Leaving safepoint region
[2022-06-13T03:06:48.400+0000][1][safepoint    ] Total time for which application threads were stopped: 0.0009603 seconds, Stopping threads took: 0.0005040 seconds
[2022-06-13T03:06:49.401+0000][1][safepoint    ] Application time: 1.0003362 seconds
[2022-06-13T03:06:49.401+0000][1][safepoint    ] Entering safepoint region: Cleanup
[2022-06-13T03:06:49.402+0000][1][safepoint    ] Leaving safepoint region
[2022-06-13T03:06:49.403+0000][1][safepoint    ] Total time for which application threads were stopped: 0.0014834 seconds, Stopping threads took: 0.0006891 seconds
[2022-06-13T03:06:50.404+0000][1][safepoint    ] Application time: 1.0001704 seconds
[2022-06-13T03:06:50.404+0000][1][safepoint    ] Entering safepoint region: Cleanup
[2022-06-13T03:06:50.404+0000][1][safepoint    ] Leaving safepoint region
[2022-06-13T03:06:50.405+0000][1][safepoint    ] Total time for which application threads were stopped: 0.0005846 seconds, Stopping threads took: 0.0002462 seconds
[2022-06-13T03:06:51.405+0000][1][safepoint    ] Application time: 1.0001593 seconds
[2022-06-13T03:06:51.405+0000][1][safepoint    ] Entering safepoint region: Cleanup
[2022-06-13T03:06:51.406+0000][1][safepoint    ] Leaving safepoint region
[2022-06-13T03:06:51.406+0000][1][safepoint    ] Total time for which application threads were stopped: 0.0007305 seconds, Stopping threads took: 0.0003381 seconds
[2022-06-13T03:06:52.407+0000][1][safepoint    ] Application time: 1.0001615 seconds
[2022-06-13T03:06:52.407+0000][1][safepoint    ] Entering safepoint region: Cleanup
[2022-06-13T03:06:52.407+0000][1][safepoint    ] Leaving safepoint region
[2022-06-13T03:06:52.408+0000][1][safepoint    ] Total time for which application threads were stopped: 0.0007078 seconds, Stopping threads took: 0.0003302 seconds
[2022-06-13T03:06:53.408+0000][1][safepoint    ] Application time: 1.0002157 seconds
[2022-06-13T03:06:53.409+0000][1][safepoint    ] Entering safepoint region: Cleanup
[2022-06-13T03:06:53.410+0000][1][safepoint    ] Leaving safepoint region
[2022-06-13T03:06:53.411+0000][1][safepoint    ] Total time for which application threads were stopped: 0.0016591 seconds, Stopping threads took: 0.0007511 seconds
[2022-06-13T03:06:54.412+0000][1][safepoint    ] Application time: 1.0003768 seconds
[2022-06-13T03:06:54.412+0000][1][safepoint    ] Entering safepoint region: Cleanup
[2022-06-13T03:06:54.413+0000][1][safepoint    ] Leaving safepoint region
[2022-06-13T03:06:54.413+0000][1][safepoint    ] Total time for which application threads were stopped: 0.0007522 seconds, Stopping threads took: 0.0003437 seconds
[2022-06-13T03:06:55.414+0000][1][safepoint    ] Application time: 1.0002859 seconds
[2022-06-13T03:06:55.415+0000][1][safepoint    ] Entering safepoint region: Cleanup
[2022-06-13T03:06:55.415+0000][1][safepoint    ] Leaving safepoint region
[2022-06-13T03:06:55.416+0000][1][safepoint    ] Total time for which application threads were stopped: 0.0014297 seconds, Stopping threads took: 0.0006377 seconds
[2022-06-13T03:06:56.417+0000][1][safepoint    ] Application time: 1.0002658 seconds
[2022-06-13T03:06:56.417+0000][1][safepoint    ] Entering safepoint region: Cleanup
[2022-06-13T03:06:56.418+0000][1][safepoint    ] Leaving safepoint region
[2022-06-13T03:06:56.418+0000][1][safepoint    ] Total time for which application threads were stopped: 0.0007520 seconds, Stopping threads took: 0.0003354 seconds
[2022-06-13T03:06:57.419+0000][1][safepoint    ] Application time: 1.0002016 seconds
[2022-06-13T03:06:57.419+0000][1][safepoint    ] Entering safepoint region: Cleanup
[2022-06-13T03:06:57.420+0000][1][safepoint    ] Leaving safepoint region
[2022-06-13T03:06:57.420+0000][1][safepoint    ] Total time for which application threads were stopped: 0.0011259 seconds, Stopping threads took: 0.0004760 seconds
[2022-06-13T03:06:58.421+0000][1][safepoint    ] Application time: 1.0001974 seconds
[2022-06-13T03:06:58.421+0000][1][safepoint    ] Entering safepoint region: Cleanup
[2022-06-13T03:06:58.422+0000][1][safepoint    ] Leaving safepoint region
[2022-06-13T03:06:58.422+0000][1][safepoint    ] Total time for which application threads were stopped: 0.0007204 seconds, Stopping threads took: 0.0003948 seconds
[2022-06-13T03:06:59.423+0000][1][safepoint    ] Application time: 1.0002873 seconds
[2022-06-13T03:06:59.423+0000][1][safepoint    ] Entering safepoint region: Cleanup
[2022-06-13T03:06:59.424+0000][1][safepoint    ] Leaving safepoint region
[2022-06-13T03:06:59.424+0000][1][safepoint    ] Total time for which application threads were stopped: 0.0009018 seconds, Stopping threads took: 0.0004599 seconds
[2022-06-13T03:07:00.425+0000][1][safepoint    ] Application time: 1.0001885 seconds
[2022-06-13T03:07:00.425+0000][1][safepoint    ] Entering safepoint region: Cleanup
[2022-06-13T03:07:00.426+0000][1][safepoint    ] Leaving safepoint region
[2022-06-13T03:07:00.426+0000][1][safepoint    ] Total time for which application threads were stopped: 0.0007853 seconds, Stopping threads took: 0.0003677 seconds
[2022-06-13T03:07:01.426+0000][1][safepoint    ] Application time: 1.0002299 seconds
[2022-06-13T03:07:01.427+0000][1][safepoint    ] Entering safepoint region: Cleanup
[2022-06-13T03:07:01.428+0000][1][safepoint    ] Leaving safepoint region
[2022-06-13T03:07:01.428+0000][1][safepoint    ] Total time for which application threads were stopped: 0.0009987 seconds, Stopping threads took: 0.0004846 seconds
[2022-06-13T03:07:02.429+0000][1][safepoint    ] Application time: 1.0002331 seconds
[2022-06-13T03:07:02.429+0000][1][safepoint    ] Entering safepoint region: Cleanup
[2022-06-13T03:07:02.430+0000][1][safepoint    ] Leaving safepoint region
[2022-06-13T03:07:02.431+0000][1][safepoint    ] Total time for which application threads were stopped: 0.0012431 seconds, Stopping threads took: 0.0004912 seconds
[2022-06-13T03:07:03.431+0000][1][safepoint    ] Application time: 1.0001692 seconds
[2022-06-13T03:07:03.432+0000][1][safepoint    ] Entering safepoint region: Cleanup
[2022-06-13T03:07:03.432+0000][1][safepoint    ] Leaving safepoint region
[2022-06-13T03:07:03.433+0000][1][safepoint    ] Total time for which application threads were stopped: 0.0008697 seconds, Stopping threads took: 0.0004393 seconds
[2022-06-13T03:07:04.433+0000][1][safepoint    ] Application time: 1.0001600 seconds
[2022-06-13T03:07:04.434+0000][1][safepoint    ] Entering safepoint region: Cleanup
[2022-06-13T03:07:04.434+0000][1][safepoint    ] Leaving safepoint region
[2022-06-13T03:07:04.434+0000][1][safepoint    ] Total time for which application threads were stopped: 0.0005650 seconds, Stopping threads took: 0.0001927 seconds
[2022-06-13T03:07:05.435+0000][1][safepoint    ] Application time: 1.0001388 seconds
[2022-06-13T03:07:05.435+0000][1][safepoint    ] Entering safepoint region: Cleanup
[2022-06-13T03:07:05.435+0000][1][safepoint    ] Leaving safepoint region
[2022-06-13T03:07:05.435+0000][1][safepoint    ] Total time for which application threads were stopped: 0.0005846 seconds, Stopping threads took: 0.0002383 seconds
[2022-06-13T03:07:06.436+0000][1][safepoint    ] Application time: 1.0002407 seconds
[2022-06-13T03:07:06.437+0000][1][safepoint    ] Entering safepoint region: Cleanup
[2022-06-13T03:07:06.437+0000][1][safepoint    ] Leaving safepoint region
[2022-06-13T03:07:06.438+0000][1][safepoint    ] Total time for which application threads were stopped: 0.0010982 seconds, Stopping threads took: 0.0005783 seconds
[2022-06-13T03:07:07.438+0000][1][safepoint    ] Application time: 1.0001219 seconds
[2022-06-13T03:07:07.438+0000][1][safepoint    ] Entering safepoint region: Cleanup
[2022-06-13T03:07:07.439+0000][1][safepoint    ] Leaving safepoint region
[2022-06-13T03:07:07.439+0000][1][safepoint    ] Total time for which application threads were stopped: 0.0004658 seconds, Stopping threads took: 0.0001980 seconds
[2022-06-13T03:07:08.439+0000][1][safepoint    ] Application time: 1.0001135 seconds
[2022-06-13T03:07:08.440+0000][1][safepoint    ] Entering safepoint region: Cleanup
[2022-06-13T03:07:08.440+0000][1][safepoint    ] Leaving safepoint region
[2022-06-13T03:07:08.441+0000][1][safepoint    ] Total time for which application threads were stopped: 0.0008851 seconds, Stopping threads took: 0.0004330 seconds
[2022-06-13T03:07:09.441+0000][1][safepoint    ] Application time: 1.0001601 seconds
[2022-06-13T03:07:09.442+0000][1][safepoint    ] Entering safepoint region: Cleanup
[2022-06-13T03:07:09.442+0000][1][safepoint    ] Leaving safepoint region
[2022-06-13T03:07:09.443+0000][1][safepoint    ] Total time for which application threads were stopped: 0.0008790 seconds, Stopping threads took: 0.0004258 seconds
[2022-06-13T03:07:11.131+0000][1][safepoint    ] Application time: 1.6873677 seconds
[2022-06-13T03:07:11.131+0000][1][safepoint    ] Entering safepoint region: Cleanup
[2022-06-13T03:07:11.131+0000][1][safepoint    ] Leaving safepoint region
[2022-06-13T03:07:11.132+0000][1][safepoint    ] Total time for which application threads were stopped: 0.0007445 seconds, Stopping threads took: 0.0002746 seconds
[2022-06-13T03:07:12.132+0000][1][safepoint    ] Application time: 1.0002620 seconds
[2022-06-13T03:07:12.133+0000][1][safepoint    ] Entering safepoint region: Cleanup
[2022-06-13T03:07:12.133+0000][1][safepoint    ] Leaving safepoint region
[2022-06-13T03:07:12.133+0000][1][safepoint    ] Total time for which application threads were stopped: 0.0005390 seconds, Stopping threads took: 0.0002247 seconds
[2022-06-13T03:07:13.134+0000][1][safepoint    ] Application time: 1.0002714 seconds
[2022-06-13T03:07:13.134+0000][1][safepoint    ] Entering safepoint region: Cleanup
[2022-06-13T03:07:13.135+0000][1][safepoint    ] Leaving safepoint region
[2022-06-13T03:07:13.135+0000][1][safepoint    ] Total time for which application threads were stopped: 0.0008107 seconds, Stopping threads took: 0.0003638 seconds
[2022-06-13T03:07:14.136+0000][1][safepoint    ] Application time: 1.0001522 seconds
[2022-06-13T03:07:14.136+0000][1][safepoint    ] Entering safepoint region: Cleanup
[2022-06-13T03:07:14.136+0000][1][safepoint    ] Leaving safepoint region
[2022-06-13T03:07:14.137+0000][1][safepoint    ] Total time for which application threads were stopped: 0.0007676 seconds, Stopping threads took: 0.0003749 seconds
[2022-06-13T03:07:15.137+0000][1][safepoint    ] Application time: 1.0002128 seconds
[2022-06-13T03:07:15.138+0000][1][safepoint    ] Entering safepoint region: Cleanup
[2022-06-13T03:07:15.138+0000][1][safepoint    ] Leaving safepoint region
[2022-06-13T03:07:15.139+0000][1][safepoint    ] Total time for which application threads were stopped: 0.0010400 seconds, Stopping threads took: 0.0004867 seconds
[2022-06-13T03:07:16.139+0000][1][safepoint    ] Application time: 1.0002124 seconds
[2022-06-13T03:07:16.140+0000][1][safepoint    ] Entering safepoint region: Cleanup
[2022-06-13T03:07:16.140+0000][1][safepoint    ] Leaving safepoint region
[2022-06-13T03:07:16.140+0000][1][safepoint    ] Total time for which application threads were stopped: 0.0005109 seconds, Stopping threads took: 0.0002639 seconds
[2022-06-13T03:07:17.141+0000][1][safepoint    ] Application time: 1.0002848 seconds
[2022-06-13T03:07:17.141+0000][1][safepoint    ] Entering safepoint region: Cleanup
[2022-06-13T03:07:17.141+0000][1][safepoint    ] Leaving safepoint region
[2022-06-13T03:07:17.142+0000][1][safepoint    ] Total time for which application threads were stopped: 0.0005080 seconds, Stopping threads took: 0.0002185 seconds
[2022-06-13T03:07:18.142+0000][1][safepoint    ] Application time: 1.0001669 seconds
[2022-06-13T03:07:18.143+0000][1][safepoint    ] Entering safepoint region: Cleanup
[2022-06-13T03:07:18.143+0000][1][safepoint    ] Leaving safepoint region
[2022-06-13T03:07:18.143+0000][1][safepoint    ] Total time for which application threads were stopped: 0.0007260 seconds, Stopping threads took: 0.0003029 seconds
[2022-06-13T03:07:19.144+0000][1][safepoint    ] Application time: 1.0002129 seconds
[2022-06-13T03:07:19.144+0000][1][safepoint    ] Entering safepoint region: Cleanup
[2022-06-13T03:07:19.145+0000][1][safepoint    ] Leaving safepoint region
[2022-06-13T03:07:19.145+0000][1][safepoint    ] Total time for which application threads were stopped: 0.0008576 seconds, Stopping threads took: 0.0003204 seconds
[2022-06-13T03:07:20.145+0000][1][safepoint    ] Application time: 1.0001226 seconds
[2022-06-13T03:07:20.146+0000][1][safepoint    ] Entering safepoint region: Cleanup
[2022-06-13T03:07:20.146+0000][1][safepoint    ] Leaving safepoint region
[2022-06-13T03:07:20.146+0000][1][safepoint    ] Total time for which application threads were stopped: 0.0003361 seconds, Stopping threads took: 0.0001659 seconds
[2022-06-13T03:07:21.146+0000][1][safepoint    ] Application time: 1.0001220 seconds
[2022-06-13T03:07:21.147+0000][1][safepoint    ] Entering safepoint region: Cleanup
[2022-06-13T03:07:21.147+0000][1][safepoint    ] Leaving safepoint region
[2022-06-13T03:07:21.147+0000][1][safepoint    ] Total time for which application threads were stopped: 0.0006681 seconds, Stopping threads took: 0.0003128 seconds
[2022-06-13T03:07:22.148+0000][1][safepoint    ] Application time: 1.0001438 seconds
[2022-06-13T03:07:22.148+0000][1][safepoint    ] Entering safepoint region: Cleanup
[2022-06-13T03:07:22.149+0000][1][safepoint    ] Leaving safepoint region
[2022-06-13T03:07:22.149+0000][1][safepoint    ] Total time for which application threads were stopped: 0.0007491 seconds, Stopping threads took: 0.0003832 seconds
[2022-06-13T03:07:23.150+0000][1][safepoint    ] Application time: 1.0001098 seconds
[2022-06-13T03:07:23.150+0000][1][safepoint    ] Entering safepoint region: Cleanup
[2022-06-13T03:07:23.150+0000][1][safepoint    ] Leaving safepoint region
[2022-06-13T03:07:23.151+0000][1][safepoint    ] Total time for which application threads were stopped: 0.0007636 seconds, Stopping threads took: 0.0003462 seconds
[2022-06-13T03:07:24.152+0000][1][safepoint    ] Application time: 1.0003897 seconds
[2022-06-13T03:07:24.152+0000][1][safepoint    ] Entering safepoint region: Cleanup
[2022-06-13T03:07:24.153+0000][1][safepoint    ] Leaving safepoint region
[2022-06-13T03:07:24.154+0000][1][safepoint    ] Total time for which application threads were stopped: 0.0014048 seconds, Stopping threads took: 0.0006179 seconds
[2022-06-13T03:07:25.155+0000][1][safepoint    ] Application time: 1.0001872 seconds
[2022-06-13T03:07:25.155+0000][1][safepoint    ] Entering safepoint region: Cleanup
[2022-06-13T03:07:25.155+0000][1][safepoint    ] Leaving safepoint region
[2022-06-13T03:07:25.156+0000][1][safepoint    ] Total time for which application threads were stopped: 0.0008812 seconds, Stopping threads took: 0.0003858 seconds
[2022-06-13T03:07:26.157+0000][1][safepoint    ] Application time: 1.0003147 seconds
[2022-06-13T03:07:26.157+0000][1][safepoint    ] Entering safepoint region: Cleanup
[2022-06-13T03:07:26.157+0000][1][safepoint    ] Leaving safepoint region
[2022-06-13T03:07:26.158+0000][1][safepoint    ] Total time for which application threads were stopped: 0.0006612 seconds, Stopping threads took: 0.0002366 seconds
[2022-06-13T03:07:27.158+0000][1][safepoint    ] Application time: 1.0001727 seconds
[2022-06-13T03:07:27.159+0000][1][safepoint    ] Entering safepoint region: Cleanup
[2022-06-13T03:07:27.159+0000][1][safepoint    ] Leaving safepoint region
[2022-06-13T03:07:27.160+0000][1][safepoint    ] Total time for which application threads were stopped: 0.0007582 seconds, Stopping threads took: 0.0003655 seconds
[2022-06-13T03:07:28.160+0000][1][safepoint    ] Application time: 1.0001706 seconds
[2022-06-13T03:07:28.160+0000][1][safepoint    ] Entering safepoint region: Cleanup
[2022-06-13T03:07:28.161+0000][1][safepoint    ] Leaving safepoint region
[2022-06-13T03:07:28.161+0000][1][safepoint    ] Total time for which application threads were stopped: 0.0007253 seconds, Stopping threads took: 0.0003533 seconds
[2022-06-13T03:07:29.162+0000][1][safepoint    ] Application time: 1.0002187 seconds
[2022-06-13T03:07:29.162+0000][1][safepoint    ] Entering safepoint region: Cleanup
[2022-06-13T03:07:29.162+0000][1][safepoint    ] Leaving safepoint region
[2022-06-13T03:07:29.162+0000][1][safepoint    ] Total time for which application threads were stopped: 0.0004857 seconds, Stopping threads took: 0.0002330 seconds
[2022-06-13T03:07:30.163+0000][1][safepoint    ] Application time: 1.0000965 seconds
[2022-06-13T03:07:30.163+0000][1][safepoint    ] Entering safepoint region: Cleanup
[2022-06-13T03:07:30.164+0000][1][safepoint    ] Leaving safepoint region
[2022-06-13T03:07:30.164+0000][1][safepoint    ] Total time for which application threads were stopped: 0.0006959 seconds, Stopping threads took: 0.0002866 seconds
[2022-06-13T03:07:31.165+0000][1][safepoint    ] Application time: 1.0001803 seconds
[2022-06-13T03:07:31.165+0000][1][safepoint    ] Entering safepoint region: Cleanup
[2022-06-13T03:07:31.165+0000][1][safepoint    ] Leaving safepoint region
[2022-06-13T03:07:31.165+0000][1][safepoint    ] Total time for which application threads were stopped: 0.0004921 seconds, Stopping threads took: 0.0001729 seconds
[2022-06-13T03:07:32.166+0000][1][safepoint    ] Application time: 1.0003418 seconds
[2022-06-13T03:07:32.167+0000][1][safepoint    ] Entering safepoint region: Cleanup
[2022-06-13T03:07:32.167+0000][1][safepoint    ] Leaving safepoint region
[2022-06-13T03:07:32.168+0000][1][safepoint    ] Total time for which application threads were stopped: 0.0011002 seconds, Stopping threads took: 0.0005108 seconds
[2022-06-13T03:07:33.169+0000][1][safepoint    ] Application time: 1.0003954 seconds
[2022-06-13T03:07:33.169+0000][1][safepoint    ] Entering safepoint region: Cleanup
[2022-06-13T03:07:33.170+0000][1][safepoint    ] Leaving safepoint region
[2022-06-13T03:07:33.170+0000][1][safepoint    ] Total time for which application threads were stopped: 0.0011081 seconds, Stopping threads took: 0.0005660 seconds
[2022-06-13T03:07:34.171+0000][1][safepoint    ] Application time: 1.0001527 seconds
[2022-06-13T03:07:34.172+0000][1][safepoint    ] Entering safepoint region: Cleanup
[2022-06-13T03:07:34.173+0000][1][safepoint    ] Leaving safepoint region
[2022-06-13T03:07:34.173+0000][1][safepoint    ] Total time for which application threads were stopped: 0.0014100 seconds, Stopping threads took: 0.0006402 seconds
[2022-06-13T03:07:35.174+0000][1][safepoint    ] Application time: 1.0003375 seconds
[2022-06-13T03:07:35.174+0000][1][safepoint    ] Entering safepoint region: Cleanup
[2022-06-13T03:07:35.175+0000][1][safepoint    ] Leaving safepoint region
[2022-06-13T03:07:35.175+0000][1][safepoint    ] Total time for which application threads were stopped: 0.0005235 seconds, Stopping threads took: 0.0002263 seconds
[2022-06-13T03:07:36.175+0000][1][safepoint    ] Application time: 1.0001664 seconds
[2022-06-13T03:07:36.176+0000][1][safepoint    ] Entering safepoint region: Cleanup
[2022-06-13T03:07:36.176+0000][1][safepoint    ] Leaving safepoint region
[2022-06-13T03:07:36.176+0000][1][safepoint    ] Total time for which application threads were stopped: 0.0005830 seconds, Stopping threads took: 0.0003189 seconds
[2022-06-13T03:07:37.177+0000][1][safepoint    ] Application time: 1.0002507 seconds
[2022-06-13T03:07:37.178+0000][1][safepoint    ] Entering safepoint region: Cleanup
[2022-06-13T03:07:37.179+0000][1][safepoint    ] Leaving safepoint region
[2022-06-13T03:07:37.179+0000][1][safepoint    ] Total time for which application threads were stopped: 0.0014219 seconds, Stopping threads took: 0.0007703 seconds
[2022-06-13T03:07:38.180+0000][1][safepoint    ] Application time: 1.0002146 seconds
[2022-06-13T03:07:38.180+0000][1][safepoint    ] Entering safepoint region: Cleanup
[2022-06-13T03:07:38.181+0000][1][safepoint    ] Leaving safepoint region
[2022-06-13T03:07:38.181+0000][1][safepoint    ] Total time for which application threads were stopped: 0.0007787 seconds, Stopping threads took: 0.0003643 seconds
[2022-06-13T03:07:39.182+0000][1][safepoint    ] Application time: 1.0002051 seconds
[2022-06-13T03:07:39.183+0000][1][safepoint    ] Entering safepoint region: Cleanup
[2022-06-13T03:07:39.183+0000][1][safepoint    ] Leaving safepoint region
[2022-06-13T03:07:39.184+0000][1][safepoint    ] Total time for which application threads were stopped: 0.0013460 seconds, Stopping threads took: 0.0006009 seconds
[2022-06-13T03:07:40.185+0000][1][safepoint    ] Application time: 1.0002465 seconds
[2022-06-13T03:07:40.185+0000][1][safepoint    ] Entering safepoint region: Cleanup
[2022-06-13T03:07:40.186+0000][1][safepoint    ] Leaving safepoint region
[2022-06-13T03:07:40.186+0000][1][safepoint    ] Total time for which application threads were stopped: 0.0012150 seconds, Stopping threads took: 0.0005658 seconds
[2022-06-13T03:07:41.187+0000][1][safepoint    ] Application time: 1.0003788 seconds
[2022-06-13T03:07:41.188+0000][1][safepoint    ] Entering safepoint region: Cleanup
[2022-06-13T03:07:41.188+0000][1][safepoint    ] Leaving safepoint region
[2022-06-13T03:07:41.189+0000][1][safepoint    ] Total time for which application threads were stopped: 0.0008478 seconds, Stopping threads took: 0.0003740 seconds
[2022-06-13T03:07:42.189+0000][1][safepoint    ] Application time: 1.0001428 seconds
[2022-06-13T03:07:42.190+0000][1][safepoint    ] Entering safepoint region: Cleanup
[2022-06-13T03:07:42.190+0000][1][safepoint    ] Leaving safepoint region
[2022-06-13T03:07:42.191+0000][1][safepoint    ] Total time for which application threads were stopped: 0.0010504 seconds, Stopping threads took: 0.0004561 seconds
[2022-06-13T03:07:43.192+0000][1][safepoint    ] Application time: 1.0002245 seconds
[2022-06-13T03:07:43.192+0000][1][safepoint    ] Entering safepoint region: Cleanup
[2022-06-13T03:07:43.193+0000][1][safepoint    ] Leaving safepoint region
[2022-06-13T03:07:43.193+0000][1][safepoint    ] Total time for which application threads were stopped: 0.0008600 seconds, Stopping threads took: 0.0004033 seconds
[2022-06-13T03:07:44.194+0000][1][safepoint    ] Application time: 1.0002174 seconds
[2022-06-13T03:07:44.194+0000][1][safepoint    ] Entering safepoint region: Cleanup
[2022-06-13T03:07:44.195+0000][1][safepoint    ] Leaving safepoint region
[2022-06-13T03:07:44.195+0000][1][safepoint    ] Total time for which application threads were stopped: 0.0009327 seconds, Stopping threads took: 0.0005200 seconds
[2022-06-13T03:07:45.196+0000][1][safepoint    ] Application time: 1.0002549 seconds
[2022-06-13T03:07:45.196+0000][1][safepoint    ] Entering safepoint region: Cleanup
[2022-06-13T03:07:45.197+0000][1][safepoint    ] Leaving safepoint region
[2022-06-13T03:07:45.198+0000][1][safepoint    ] Total time for which application threads were stopped: 0.0015189 seconds, Stopping threads took: 0.0007017 seconds
[2022-06-13T03:07:46.199+0000][1][safepoint    ] Application time: 1.0002371 seconds
[2022-06-13T03:07:46.199+0000][1][safepoint    ] Entering safepoint region: Cleanup
[2022-06-13T03:07:46.200+0000][1][safepoint    ] Leaving safepoint region
[2022-06-13T03:07:46.200+0000][1][safepoint    ] Total time for which application threads were stopped: 0.0010163 seconds, Stopping threads took: 0.0005772 seconds
[2022-06-13T03:07:47.201+0000][1][safepoint    ] Application time: 1.0002058 seconds
[2022-06-13T03:07:47.201+0000][1][safepoint    ] Entering safepoint region: Cleanup
[2022-06-13T03:07:47.201+0000][1][safepoint    ] Leaving safepoint region
[2022-06-13T03:07:47.201+0000][1][safepoint    ] Total time for which application threads were stopped: 0.0005564 seconds, Stopping threads took: 0.0003330 seconds
[2022-06-13T03:07:48.202+0000][1][safepoint    ] Application time: 1.0003144 seconds
[2022-06-13T03:07:48.203+0000][1][safepoint    ] Entering safepoint region: Cleanup
[2022-06-13T03:07:48.203+0000][1][safepoint    ] Leaving safepoint region
[2022-06-13T03:07:48.203+0000][1][safepoint    ] Total time for which application threads were stopped: 0.0009844 seconds, Stopping threads took: 0.0005199 seconds
[2022-06-13T03:07:49.204+0000][1][safepoint    ] Application time: 1.0002269 seconds
[2022-06-13T03:07:49.204+0000][1][safepoint    ] Entering safepoint region: Cleanup
[2022-06-13T03:07:49.205+0000][1][safepoint    ] Leaving safepoint region
[2022-06-13T03:07:49.205+0000][1][safepoint    ] Total time for which application threads were stopped: 0.0008268 seconds, Stopping threads took: 0.0004346 seconds
[2022-06-13T03:07:50.205+0000][1][safepoint    ] Application time: 1.0001975 seconds
[2022-06-13T03:07:50.206+0000][1][safepoint    ] Entering safepoint region: Cleanup
[2022-06-13T03:07:50.206+0000][1][safepoint    ] Leaving safepoint region
[2022-06-13T03:07:50.207+0000][1][safepoint    ] Total time for which application threads were stopped: 0.0010491 seconds, Stopping threads took: 0.0004378 seconds
[2022-06-13T03:07:51.208+0000][1][safepoint    ] Application time: 1.0001429 seconds
[2022-06-13T03:07:51.208+0000][1][safepoint    ] Entering safepoint region: Cleanup
[2022-06-13T03:07:51.208+0000][1][safepoint    ] Leaving safepoint region
[2022-06-13T03:07:51.208+0000][1][safepoint    ] Total time for which application threads were stopped: 0.0003577 seconds, Stopping threads took: 0.0001646 seconds
[2022-06-13T03:07:52.209+0000][1][safepoint    ] Application time: 1.0001915 seconds
[2022-06-13T03:07:52.209+0000][1][safepoint    ] Entering safepoint region: Cleanup
[2022-06-13T03:07:52.210+0000][1][safepoint    ] Leaving safepoint region
[2022-06-13T03:07:52.210+0000][1][safepoint    ] Total time for which application threads were stopped: 0.0009096 seconds, Stopping threads took: 0.0005090 seconds
[2022-06-13T03:07:53.211+0000][1][safepoint    ] Application time: 1.0001898 seconds
[2022-06-13T03:07:53.211+0000][1][safepoint    ] Entering safepoint region: Cleanup
[2022-06-13T03:07:53.212+0000][1][safepoint    ] Leaving safepoint region
[2022-06-13T03:07:53.212+0000][1][safepoint    ] Total time for which application threads were stopped: 0.0009186 seconds, Stopping threads took: 0.0004384 seconds
[2022-06-13T03:07:54.213+0000][1][safepoint    ] Application time: 1.0001149 seconds
[2022-06-13T03:07:54.213+0000][1][safepoint    ] Entering safepoint region: Cleanup
[2022-06-13T03:07:54.213+0000][1][safepoint    ] Leaving safepoint region
[2022-06-13T03:07:54.214+0000][1][safepoint    ] Total time for which application threads were stopped: 0.0008096 seconds, Stopping threads took: 0.0002907 seconds
[2022-06-13T03:07:55.214+0000][1][safepoint    ] Application time: 1.0002786 seconds
[2022-06-13T03:07:55.215+0000][1][safepoint    ] Entering safepoint region: Cleanup
[2022-06-13T03:07:55.216+0000][1][safepoint    ] Leaving safepoint region
[2022-06-13T03:07:55.216+0000][1][safepoint    ] Total time for which application threads were stopped: 0.0008742 seconds, Stopping threads took: 0.0003407 seconds
[2022-06-13T03:07:56.217+0000][1][safepoint    ] Application time: 1.0002286 seconds
[2022-06-13T03:07:56.217+0000][1][safepoint    ] Entering safepoint region: Cleanup
[2022-06-13T03:07:56.218+0000][1][safepoint    ] Leaving safepoint region
[2022-06-13T03:07:56.218+0000][1][safepoint    ] Total time for which application threads were stopped: 0.0008166 seconds, Stopping threads took: 0.0003480 seconds
[2022-06-13T03:07:57.218+0000][1][safepoint    ] Application time: 1.0001276 seconds
[2022-06-13T03:07:57.219+0000][1][safepoint    ] Entering safepoint region: Cleanup
[2022-06-13T03:07:57.219+0000][1][safepoint    ] Leaving safepoint region
[2022-06-13T03:07:57.219+0000][1][safepoint    ] Total time for which application threads were stopped: 0.0007346 seconds, Stopping threads took: 0.0003065 seconds
[2022-06-13T03:07:58.220+0000][1][safepoint    ] Application time: 1.0001927 seconds
[2022-06-13T03:07:58.221+0000][1][safepoint    ] Entering safepoint region: Cleanup
[2022-06-13T03:07:58.221+0000][1][safepoint    ] Leaving safepoint region
[2022-06-13T03:07:58.222+0000][1][safepoint    ] Total time for which application threads were stopped: 0.0010953 seconds, Stopping threads took: 0.0005925 seconds
[2022-06-13T03:07:59.222+0000][1][safepoint    ] Application time: 1.0002856 seconds
[2022-06-13T03:07:59.223+0000][1][safepoint    ] Entering safepoint region: Cleanup
[2022-06-13T03:07:59.223+0000][1][safepoint    ] Leaving safepoint region
[2022-06-13T03:07:59.224+0000][1][safepoint    ] Total time for which application threads were stopped: 0.0009016 seconds, Stopping threads took: 0.0003866 seconds
[2022-06-13T03:08:00.225+0000][1][safepoint    ] Application time: 1.0003215 seconds
[2022-06-13T03:08:00.225+0000][1][safepoint    ] Entering safepoint region: Cleanup
[2022-06-13T03:08:00.226+0000][1][safepoint    ] Leaving safepoint region
[2022-06-13T03:08:00.226+0000][1][safepoint    ] Total time for which application threads were stopped: 0.0009505 seconds, Stopping threads took: 0.0004481 seconds
[2022-06-13T03:08:01.227+0000][1][safepoint    ] Application time: 1.0001816 seconds
[2022-06-13T03:08:01.227+0000][1][safepoint    ] Entering safepoint region: Cleanup
[2022-06-13T03:08:01.227+0000][1][safepoint    ] Leaving safepoint region
[2022-06-13T03:08:01.228+0000][1][safepoint    ] Total time for which application threads were stopped: 0.0007686 seconds, Stopping threads took: 0.0002656 seconds
[2022-06-13T03:08:02.228+0000][1][safepoint    ] Application time: 1.0002590 seconds
[2022-06-13T03:08:02.229+0000][1][safepoint    ] Entering safepoint region: Cleanup
[2022-06-13T03:08:02.230+0000][1][safepoint    ] Leaving safepoint region
[2022-06-13T03:08:02.230+0000][1][safepoint    ] Total time for which application threads were stopped: 0.0013788 seconds, Stopping threads took: 0.0006247 seconds
[2022-06-13T03:08:03.231+0000][1][safepoint    ] Application time: 1.0002074 seconds
[2022-06-13T03:08:03.232+0000][1][safepoint    ] Entering safepoint region: Cleanup
[2022-06-13T03:08:03.232+0000][1][safepoint    ] Leaving safepoint region
[2022-06-13T03:08:03.232+0000][1][safepoint    ] Total time for which application threads were stopped: 0.0005913 seconds, Stopping threads took: 0.0002742 seconds
[2022-06-13T03:08:04.233+0000][1][safepoint    ] Application time: 1.0001833 seconds
[2022-06-13T03:08:04.233+0000][1][safepoint    ] Entering safepoint region: Cleanup
[2022-06-13T03:08:04.234+0000][1][safepoint    ] Leaving safepoint region
[2022-06-13T03:08:04.235+0000][1][safepoint    ] Total time for which application threads were stopped: 0.0012718 seconds, Stopping threads took: 0.0006177 seconds
[2022-06-13T03:08:05.235+0000][1][safepoint    ] Application time: 1.0001967 seconds
[2022-06-13T03:08:05.236+0000][1][safepoint    ] Entering safepoint region: Cleanup
[2022-06-13T03:08:05.237+0000][1][safepoint    ] Leaving safepoint region
[2022-06-13T03:08:05.237+0000][1][safepoint    ] Total time for which application threads were stopped: 0.0010902 seconds, Stopping threads took: 0.0004875 seconds
[2022-06-13T03:08:06.238+0000][1][safepoint    ] Application time: 1.0002614 seconds
[2022-06-13T03:08:06.238+0000][1][safepoint    ] Entering safepoint region: Cleanup
[2022-06-13T03:08:06.239+0000][1][safepoint    ] Leaving safepoint region
[2022-06-13T03:08:06.239+0000][1][safepoint    ] Total time for which application threads were stopped: 0.0010782 seconds, Stopping threads took: 0.0004478 seconds
[2022-06-13T03:08:07.240+0000][1][safepoint    ] Application time: 1.0002337 seconds
[2022-06-13T03:08:07.241+0000][1][safepoint    ] Entering safepoint region: Cleanup
[2022-06-13T03:08:07.241+0000][1][safepoint    ] Leaving safepoint region
[2022-06-13T03:08:07.241+0000][1][safepoint    ] Total time for which application threads were stopped: 0.0006548 seconds, Stopping threads took: 0.0002381 seconds
[2022-06-13T03:08:08.242+0000][1][safepoint    ] Application time: 1.0001916 seconds
[2022-06-13T03:08:08.242+0000][1][safepoint    ] Entering safepoint region: Cleanup
[2022-06-13T03:08:08.243+0000][1][safepoint    ] Leaving safepoint region
[2022-06-13T03:08:08.243+0000][1][safepoint    ] Total time for which application threads were stopped: 0.0009318 seconds, Stopping threads took: 0.0004870 seconds
[2022-06-13T03:08:09.244+0000][1][safepoint    ] Application time: 1.0001896 seconds
[2022-06-13T03:08:09.244+0000][1][safepoint    ] Entering safepoint region: Cleanup
[2022-06-13T03:08:09.245+0000][1][safepoint    ] Leaving safepoint region
[2022-06-13T03:08:09.245+0000][1][safepoint    ] Total time for which application threads were stopped: 0.0006361 seconds, Stopping threads took: 0.0003265 seconds
[2022-06-13T03:08:10.245+0000][1][safepoint    ] Application time: 1.0003152 seconds
[2022-06-13T03:08:10.246+0000][1][safepoint    ] Entering safepoint region: Cleanup
[2022-06-13T03:08:10.247+0000][1][safepoint    ] Leaving safepoint region
[2022-06-13T03:08:10.247+0000][1][safepoint    ] Total time for which application threads were stopped: 0.0008447 seconds, Stopping threads took: 0.0003811 seconds
[2022-06-13T03:08:11.248+0000][1][safepoint    ] Application time: 1.0002591 seconds
[2022-06-13T03:08:11.248+0000][1][safepoint    ] Entering safepoint region: Cleanup
[2022-06-13T03:08:11.249+0000][1][safepoint    ] Leaving safepoint region
[2022-06-13T03:08:11.249+0000][1][safepoint    ] Total time for which application threads were stopped: 0.0010154 seconds, Stopping threads took: 0.0004769 seconds
[2022-06-13T03:08:12.250+0000][1][safepoint    ] Application time: 1.0001505 seconds
[2022-06-13T03:08:12.251+0000][1][safepoint    ] Entering safepoint region: Cleanup
[2022-06-13T03:08:12.251+0000][1][safepoint    ] Leaving safepoint region
[2022-06-13T03:08:12.251+0000][1][safepoint    ] Total time for which application threads were stopped: 0.0008815 seconds, Stopping threads took: 0.0003973 seconds
[2022-06-13T03:08:13.252+0000][1][safepoint    ] Application time: 1.0002711 seconds
[2022-06-13T03:08:13.253+0000][1][safepoint    ] Entering safepoint region: Cleanup
[2022-06-13T03:08:13.253+0000][1][safepoint    ] Leaving safepoint region
[2022-06-13T03:08:13.253+0000][1][safepoint    ] Total time for which application threads were stopped: 0.0008707 seconds, Stopping threads took: 0.0003882 seconds
[2022-06-13T03:08:14.254+0000][1][safepoint    ] Application time: 1.0001846 seconds
[2022-06-13T03:08:14.255+0000][1][safepoint    ] Entering safepoint region: Cleanup
[2022-06-13T03:08:14.255+0000][1][safepoint    ] Leaving safepoint region
[2022-06-13T03:08:14.255+0000][1][safepoint    ] Total time for which application threads were stopped: 0.0008887 seconds, Stopping threads took: 0.0004243 seconds
[2022-06-13T03:08:15.256+0000][1][safepoint    ] Application time: 1.0001998 seconds
[2022-06-13T03:08:15.257+0000][1][safepoint    ] Entering safepoint region: Cleanup
[2022-06-13T03:08:15.257+0000][1][safepoint    ] Leaving safepoint region
[2022-06-13T03:08:15.258+0000][1][safepoint    ] Total time for which application threads were stopped: 0.0009016 seconds, Stopping threads took: 0.0004266 seconds
[2022-06-13T03:08:16.258+0000][1][safepoint    ] Application time: 1.0002509 seconds
[2022-06-13T03:08:16.259+0000][1][safepoint    ] Entering safepoint region: Cleanup
[2022-06-13T03:08:16.259+0000][1][safepoint    ] Leaving safepoint region
[2022-06-13T03:08:16.260+0000][1][safepoint    ] Total time for which application threads were stopped: 0.0011159 seconds, Stopping threads took: 0.0004497 seconds
[2022-06-13T03:08:17.261+0000][1][safepoint    ] Application time: 1.0002174 seconds
[2022-06-13T03:08:17.261+0000][1][safepoint    ] Entering safepoint region: Cleanup
[2022-06-13T03:08:17.262+0000][1][safepoint    ] Leaving safepoint region
[2022-06-13T03:08:17.262+0000][1][safepoint    ] Total time for which application threads were stopped: 0.0007659 seconds, Stopping threads took: 0.0003114 seconds
[2022-06-13T03:08:18.263+0000][1][safepoint    ] Application time: 1.0003441 seconds
[2022-06-13T03:08:18.263+0000][1][safepoint    ] Entering safepoint region: Cleanup
[2022-06-13T03:08:18.264+0000][1][safepoint    ] Leaving safepoint region
[2022-06-13T03:08:18.264+0000][1][safepoint    ] Total time for which application threads were stopped: 0.0008210 seconds, Stopping threads took: 0.0003584 seconds
[2022-06-13T03:08:19.265+0000][1][safepoint    ] Application time: 1.0002542 seconds
[2022-06-13T03:08:19.265+0000][1][safepoint    ] Entering safepoint region: Cleanup
[2022-06-13T03:08:19.266+0000][1][safepoint    ] Leaving safepoint region
[2022-06-13T03:08:19.267+0000][1][safepoint    ] Total time for which application threads were stopped: 0.0012666 seconds, Stopping threads took: 0.0005394 seconds
[2022-06-13T03:08:21.138+0000][1][safepoint    ] Application time: 1.8703711 seconds
[2022-06-13T03:08:21.138+0000][1][safepoint    ] Entering safepoint region: Cleanup
[2022-06-13T03:08:21.138+0000][1][safepoint    ] Leaving safepoint region
[2022-06-13T03:08:21.138+0000][1][safepoint    ] Total time for which application threads were stopped: 0.0003568 seconds, Stopping threads took: 0.0001573 seconds
[2022-06-13T03:08:22.139+0000][1][safepoint    ] Application time: 1.0001735 seconds
[2022-06-13T03:08:22.139+0000][1][safepoint    ] Entering safepoint region: Cleanup
[2022-06-13T03:08:22.139+0000][1][safepoint    ] Leaving safepoint region
[2022-06-13T03:08:22.139+0000][1][safepoint    ] Total time for which application threads were stopped: 0.0004471 seconds, Stopping threads took: 0.0002176 seconds
[2022-06-13T03:08:23.140+0000][1][safepoint    ] Application time: 1.0001827 seconds
[2022-06-13T03:08:23.140+0000][1][safepoint    ] Entering safepoint region: Cleanup
[2022-06-13T03:08:23.140+0000][1][safepoint    ] Leaving safepoint region
[2022-06-13T03:08:23.141+0000][1][safepoint    ] Total time for which application threads were stopped: 0.0006041 seconds, Stopping threads took: 0.0002682 seconds
[2022-06-13T03:08:24.141+0000][1][safepoint    ] Application time: 1.0002319 seconds
[2022-06-13T03:08:24.142+0000][1][safepoint    ] Entering safepoint region: Cleanup
[2022-06-13T03:08:24.142+0000][1][safepoint    ] Leaving safepoint region
[2022-06-13T03:08:24.143+0000][1][safepoint    ] Total time for which application threads were stopped: 0.0009891 seconds, Stopping threads took: 0.0004308 seconds
[2022-06-13T03:08:25.144+0000][1][safepoint    ] Application time: 1.0002377 seconds
[2022-06-13T03:08:25.144+0000][1][safepoint    ] Entering safepoint region: Cleanup
[2022-06-13T03:08:25.145+0000][1][safepoint    ] Leaving safepoint region
[2022-06-13T03:08:25.145+0000][1][safepoint    ] Total time for which application threads were stopped: 0.0008558 seconds, Stopping threads took: 0.0004153 seconds
[2022-06-13T03:08:26.146+0000][1][safepoint    ] Application time: 1.0003170 seconds
[2022-06-13T03:08:26.146+0000][1][safepoint    ] Entering safepoint region: Cleanup
[2022-06-13T03:08:26.147+0000][1][safepoint    ] Leaving safepoint region
[2022-06-13T03:08:26.148+0000][1][safepoint    ] Total time for which application threads were stopped: 0.0011856 seconds, Stopping threads took: 0.0005392 seconds
[2022-06-13T03:08:27.148+0000][1][safepoint    ] Application time: 1.0001495 seconds
[2022-06-13T03:08:27.149+0000][1][safepoint    ] Entering safepoint region: Cleanup
[2022-06-13T03:08:27.149+0000][1][safepoint    ] Leaving safepoint region
[2022-06-13T03:08:27.150+0000][1][safepoint    ] Total time for which application threads were stopped: 0.0010002 seconds, Stopping threads took: 0.0004286 seconds
[2022-06-13T03:08:28.150+0000][1][safepoint    ] Application time: 1.0001808 seconds
[2022-06-13T03:08:28.151+0000][1][safepoint    ] Entering safepoint region: Cleanup
[2022-06-13T03:08:28.152+0000][1][safepoint    ] Leaving safepoint region
[2022-06-13T03:08:28.152+0000][1][safepoint    ] Total time for which application threads were stopped: 0.0010728 seconds, Stopping threads took: 0.0005372 seconds
[2022-06-13T03:08:29.153+0000][1][safepoint    ] Application time: 1.0002562 seconds
[2022-06-13T03:08:29.153+0000][1][safepoint    ] Entering safepoint region: Cleanup
[2022-06-13T03:08:29.154+0000][1][safepoint    ] Leaving safepoint region
[2022-06-13T03:08:29.154+0000][1][safepoint    ] Total time for which application threads were stopped: 0.0008482 seconds, Stopping threads took: 0.0004181 seconds
[2022-06-13T03:08:30.155+0000][1][safepoint    ] Application time: 1.0001833 seconds
[2022-06-13T03:08:30.155+0000][1][safepoint    ] Entering safepoint region: Cleanup
[2022-06-13T03:08:30.156+0000][1][safepoint    ] Leaving safepoint region
[2022-06-13T03:08:30.156+0000][1][safepoint    ] Total time for which application threads were stopped: 0.0009875 seconds, Stopping threads took: 0.0004285 seconds
[2022-06-13T03:08:30.292+0000][1][safepoint    ] Application time: 0.1356543 seconds
[2022-06-13T03:08:30.293+0000][1][safepoint    ] Entering safepoint region: GenCollectForAllocation
[2022-06-13T03:08:30.294+0000][1][gc,start     ] GC(27) Pause Young (Allocation Failure)
[2022-06-13T03:08:30.294+0000][1][gc,task      ] GC(27) Using 5 workers of 13 for evacuation
[2022-06-13T03:08:30.298+0000][1][gc,age       ] GC(27) Desired survivor size 4456448 bytes, new threshold 6 (max threshold 6)
[2022-06-13T03:08:30.298+0000][1][gc,age       ] GC(27) Age table with threshold 6 (max threshold 6)
[2022-06-13T03:08:30.299+0000][1][gc,age       ] GC(27) - age   1:      31640 bytes,      31640 total
[2022-06-13T03:08:30.299+0000][1][gc,age       ] GC(27) - age   2:      12544 bytes,      44184 total
[2022-06-13T03:08:30.299+0000][1][gc,age       ] GC(27) - age   3:      14344 bytes,      58528 total
[2022-06-13T03:08:30.300+0000][1][gc,age       ] GC(27) - age   4:      34544 bytes,      93072 total
[2022-06-13T03:08:30.301+0000][1][gc,age       ] GC(27) - age   5:      80008 bytes,     173080 total
[2022-06-13T03:08:30.301+0000][1][gc,age       ] GC(27) - age   6:    1304008 bytes,    1477088 total
[2022-06-13T03:08:30.302+0000][1][gc,heap      ] GC(27) ParNew: 72021K->1951K(78656K)
[2022-06-13T03:08:30.302+0000][1][gc,heap      ] GC(27) CMS: 67656K->67656K(174784K)
[2022-06-13T03:08:30.303+0000][1][gc,metaspace ] GC(27) Metaspace: 65318K->65318K(1110016K)
[2022-06-13T03:08:30.304+0000][1][gc           ] GC(27) Pause Young (Allocation Failure) 136M->67M(247M) 9.897ms
[2022-06-13T03:08:30.304+0000][1][gc,cpu       ] GC(27) User=0.00s Sys=0.01s Real=0.01s
[2022-06-13T03:08:30.305+0000][1][safepoint    ] Leaving safepoint region
[2022-06-13T03:08:30.306+0000][1][safepoint    ] Total time for which application threads were stopped: 0.0128754 seconds, Stopping threads took: 0.0007271 seconds
[2022-06-13T03:08:31.306+0000][1][safepoint    ] Application time: 1.0002072 seconds
[2022-06-13T03:08:31.307+0000][1][safepoint    ] Entering safepoint region: Cleanup
[2022-06-13T03:08:31.307+0000][1][safepoint    ] Leaving safepoint region
[2022-06-13T03:08:31.307+0000][1][safepoint    ] Total time for which application threads were stopped: 0.0005636 seconds, Stopping threads took: 0.0002162 seconds
[2022-06-13T03:08:32.308+0000][1][safepoint    ] Application time: 1.0001977 seconds
[2022-06-13T03:08:32.309+0000][1][safepoint    ] Entering safepoint region: Cleanup
[2022-06-13T03:08:32.309+0000][1][safepoint    ] Leaving safepoint region
[2022-06-13T03:08:32.309+0000][1][safepoint    ] Total time for which application threads were stopped: 0.0009513 seconds, Stopping threads took: 0.0006501 seconds
[2022-06-13T03:08:33.310+0000][1][safepoint    ] Application time: 1.0001363 seconds
[2022-06-13T03:08:33.310+0000][1][safepoint    ] Entering safepoint region: Cleanup
[2022-06-13T03:08:33.311+0000][1][safepoint    ] Leaving safepoint region
[2022-06-13T03:08:33.311+0000][1][safepoint    ] Total time for which application threads were stopped: 0.0004119 seconds, Stopping threads took: 0.0002016 seconds
[2022-06-13T03:08:34.311+0000][1][safepoint    ] Application time: 1.0002667 seconds
[2022-06-13T03:08:34.312+0000][1][safepoint    ] Entering safepoint region: Cleanup
[2022-06-13T03:08:34.313+0000][1][safepoint    ] Leaving safepoint region
[2022-06-13T03:08:34.313+0000][1][safepoint    ] Total time for which application threads were stopped: 0.0011040 seconds, Stopping threads took: 0.0005176 seconds
[2022-06-13T03:08:35.313+0000][1][safepoint    ] Application time: 1.0000994 seconds
[2022-06-13T03:08:35.314+0000][1][safepoint    ] Entering safepoint region: Cleanup
[2022-06-13T03:08:35.314+0000][1][safepoint    ] Leaving safepoint region
[2022-06-13T03:08:35.314+0000][1][safepoint    ] Total time for which application threads were stopped: 0.0005683 seconds, Stopping threads took: 0.0002115 seconds
[2022-06-13T03:08:36.315+0000][1][safepoint    ] Application time: 1.0002234 seconds
[2022-06-13T03:08:36.315+0000][1][safepoint    ] Entering safepoint region: Cleanup
[2022-06-13T03:08:36.316+0000][1][safepoint    ] Leaving safepoint region
[2022-06-13T03:08:36.316+0000][1][safepoint    ] Total time for which application threads were stopped: 0.0008438 seconds, Stopping threads took: 0.0004056 seconds
[2022-06-13T03:08:37.316+0000][1][safepoint    ] Application time: 1.0001366 seconds
[2022-06-13T03:08:37.317+0000][1][safepoint    ] Entering safepoint region: Cleanup
[2022-06-13T03:08:37.317+0000][1][safepoint    ] Leaving safepoint region
[2022-06-13T03:08:37.317+0000][1][safepoint    ] Total time for which application threads were stopped: 0.0005395 seconds, Stopping threads took: 0.0002168 seconds
[2022-06-13T03:08:38.318+0000][1][safepoint    ] Application time: 1.0001949 seconds
[2022-06-13T03:08:38.318+0000][1][safepoint    ] Entering safepoint region: Cleanup
[2022-06-13T03:08:38.319+0000][1][safepoint    ] Leaving safepoint region
[2022-06-13T03:08:38.319+0000][1][safepoint    ] Total time for which application threads were stopped: 0.0007374 seconds, Stopping threads took: 0.0004425 seconds
[2022-06-13T03:08:39.319+0000][1][safepoint    ] Application time: 1.0001215 seconds
[2022-06-13T03:08:39.320+0000][1][safepoint    ] Entering safepoint region: Cleanup
[2022-06-13T03:08:39.320+0000][1][safepoint    ] Leaving safepoint region
[2022-06-13T03:08:39.320+0000][1][safepoint    ] Total time for which application threads were stopped: 0.0006160 seconds, Stopping threads took: 0.0002839 seconds
[2022-06-13T03:08:40.321+0000][1][safepoint    ] Application time: 1.0001408 seconds
[2022-06-13T03:08:40.321+0000][1][safepoint    ] Entering safepoint region: Cleanup
[2022-06-13T03:08:40.322+0000][1][safepoint    ] Leaving safepoint region
[2022-06-13T03:08:40.322+0000][1][safepoint    ] Total time for which application threads were stopped: 0.0006028 seconds, Stopping threads took: 0.0003031 seconds
[2022-06-13T03:08:41.322+0000][1][safepoint    ] Application time: 1.0001912 seconds
[2022-06-13T03:08:41.322+0000][1][safepoint    ] Entering safepoint region: Cleanup
[2022-06-13T03:08:41.323+0000][1][safepoint    ] Leaving safepoint region
[2022-06-13T03:08:41.323+0000][1][safepoint    ] Total time for which application threads were stopped: 0.0004909 seconds, Stopping threads took: 0.0002690 seconds
[2022-06-13T03:08:42.323+0000][1][safepoint    ] Application time: 1.0001010 seconds
[2022-06-13T03:08:42.323+0000][1][safepoint    ] Entering safepoint region: Cleanup
[2022-06-13T03:08:42.324+0000][1][safepoint    ] Leaving safepoint region
[2022-06-13T03:08:42.324+0000][1][safepoint    ] Total time for which application threads were stopped: 0.0008362 seconds, Stopping threads took: 0.0003155 seconds
[2022-06-13T03:08:43.325+0000][1][safepoint    ] Application time: 1.0001820 seconds
[2022-06-13T03:08:43.325+0000][1][safepoint    ] Entering safepoint region: Cleanup
[2022-06-13T03:08:43.325+0000][1][safepoint    ] Leaving safepoint region
[2022-06-13T03:08:43.326+0000][1][safepoint    ] Total time for which application threads were stopped: 0.0006464 seconds, Stopping threads took: 0.0002850 seconds
[2022-06-13T03:08:44.326+0000][1][safepoint    ] Application time: 1.0002979 seconds
[2022-06-13T03:08:44.327+0000][1][safepoint    ] Entering safepoint region: Cleanup
[2022-06-13T03:08:44.327+0000][1][safepoint    ] Leaving safepoint region
[2022-06-13T03:08:44.328+0000][1][safepoint    ] Total time for which application threads were stopped: 0.0009357 seconds, Stopping threads took: 0.0004129 seconds
[2022-06-13T03:08:45.328+0000][1][safepoint    ] Application time: 1.0001349 seconds
[2022-06-13T03:08:45.329+0000][1][safepoint    ] Entering safepoint region: Cleanup
[2022-06-13T03:08:45.329+0000][1][safepoint    ] Leaving safepoint region
[2022-06-13T03:08:45.329+0000][1][safepoint    ] Total time for which application threads were stopped: 0.0007292 seconds, Stopping threads took: 0.0004042 seconds
[2022-06-13T03:08:46.330+0000][1][safepoint    ] Application time: 1.0001702 seconds
[2022-06-13T03:08:46.330+0000][1][safepoint    ] Entering safepoint region: Cleanup
[2022-06-13T03:08:46.330+0000][1][safepoint    ] Leaving safepoint region
[2022-06-13T03:08:46.331+0000][1][safepoint    ] Total time for which application threads were stopped: 0.0006700 seconds, Stopping threads took: 0.0002984 seconds
[2022-06-13T03:08:47.331+0000][1][safepoint    ] Application time: 1.0000979 seconds
[2022-06-13T03:08:47.331+0000][1][safepoint    ] Entering safepoint region: Cleanup
[2022-06-13T03:08:47.332+0000][1][safepoint    ] Leaving safepoint region
[2022-06-13T03:08:47.332+0000][1][safepoint    ] Total time for which application threads were stopped: 0.0007307 seconds, Stopping threads took: 0.0003535 seconds
[2022-06-13T03:08:48.332+0000][1][safepoint    ] Application time: 1.0001125 seconds
[2022-06-13T03:08:48.333+0000][1][safepoint    ] Entering safepoint region: Cleanup
[2022-06-13T03:08:48.333+0000][1][safepoint    ] Leaving safepoint region
[2022-06-13T03:08:48.334+0000][1][safepoint    ] Total time for which application threads were stopped: 0.0008306 seconds, Stopping threads took: 0.0003204 seconds
[2022-06-13T03:08:49.334+0000][1][safepoint    ] Application time: 1.0001490 seconds
[2022-06-13T03:08:49.335+0000][1][safepoint    ] Entering safepoint region: Cleanup
[2022-06-13T03:08:49.335+0000][1][safepoint    ] Leaving safepoint region
[2022-06-13T03:08:49.335+0000][1][safepoint    ] Total time for which application threads were stopped: 0.0006632 seconds, Stopping threads took: 0.0003146 seconds
[2022-06-13T03:08:50.336+0000][1][safepoint    ] Application time: 1.0002856 seconds
[2022-06-13T03:08:50.336+0000][1][safepoint    ] Entering safepoint region: Cleanup
[2022-06-13T03:08:50.337+0000][1][safepoint    ] Leaving safepoint region
[2022-06-13T03:08:50.337+0000][1][safepoint    ] Total time for which application threads were stopped: 0.0007338 seconds, Stopping threads took: 0.0003227 seconds
[2022-06-13T03:08:51.338+0000][1][safepoint    ] Application time: 1.0002391 seconds
[2022-06-13T03:08:51.338+0000][1][safepoint    ] Entering safepoint region: Cleanup
[2022-06-13T03:08:51.339+0000][1][safepoint    ] Leaving safepoint region
[2022-06-13T03:08:51.340+0000][1][safepoint    ] Total time for which application threads were stopped: 0.0011823 seconds, Stopping threads took: 0.0005623 seconds
[2022-06-13T03:08:52.341+0000][1][safepoint    ] Application time: 1.0002407 seconds
[2022-06-13T03:08:52.341+0000][1][safepoint    ] Entering safepoint region: Cleanup
[2022-06-13T03:08:52.342+0000][1][safepoint    ] Leaving safepoint region
[2022-06-13T03:08:52.343+0000][1][safepoint    ] Total time for which application threads were stopped: 0.0012530 seconds, Stopping threads took: 0.0007490 seconds
[2022-06-13T03:08:53.343+0000][1][safepoint    ] Application time: 1.0001910 seconds
[2022-06-13T03:08:53.344+0000][1][safepoint    ] Entering safepoint region: Cleanup
[2022-06-13T03:08:53.344+0000][1][safepoint    ] Leaving safepoint region
[2022-06-13T03:08:53.344+0000][1][safepoint    ] Total time for which application threads were stopped: 0.0007823 seconds, Stopping threads took: 0.0003954 seconds
[2022-06-13T03:08:54.345+0000][1][safepoint    ] Application time: 1.0001645 seconds
[2022-06-13T03:08:54.346+0000][1][safepoint    ] Entering safepoint region: Cleanup
[2022-06-13T03:08:54.346+0000][1][safepoint    ] Leaving safepoint region
[2022-06-13T03:08:54.346+0000][1][safepoint    ] Total time for which application threads were stopped: 0.0009213 seconds, Stopping threads took: 0.0004757 seconds
[2022-06-13T03:08:55.347+0000][1][safepoint    ] Application time: 1.0001182 seconds
[2022-06-13T03:08:55.347+0000][1][safepoint    ] Entering safepoint region: Cleanup
[2022-06-13T03:08:55.348+0000][1][safepoint    ] Leaving safepoint region
[2022-06-13T03:08:55.348+0000][1][safepoint    ] Total time for which application threads were stopped: 0.0006751 seconds, Stopping threads took: 0.0002854 seconds
[2022-06-13T03:08:56.349+0000][1][safepoint    ] Application time: 1.0003743 seconds
[2022-06-13T03:08:56.349+0000][1][safepoint    ] Entering safepoint region: Cleanup
[2022-06-13T03:08:56.350+0000][1][safepoint    ] Leaving safepoint region
[2022-06-13T03:08:56.351+0000][1][safepoint    ] Total time for which application threads were stopped: 0.0012959 seconds, Stopping threads took: 0.0006716 seconds
[2022-06-13T03:08:57.351+0000][1][safepoint    ] Application time: 1.0001765 seconds
[2022-06-13T03:08:57.352+0000][1][safepoint    ] Entering safepoint region: Cleanup
[2022-06-13T03:08:57.352+0000][1][safepoint    ] Leaving safepoint region
[2022-06-13T03:08:57.352+0000][1][safepoint    ] Total time for which application threads were stopped: 0.0005846 seconds, Stopping threads took: 0.0003515 seconds
[2022-06-13T03:08:58.353+0000][1][safepoint    ] Application time: 1.0002622 seconds
[2022-06-13T03:08:58.353+0000][1][safepoint    ] Entering safepoint region: Cleanup
[2022-06-13T03:08:58.353+0000][1][safepoint    ] Leaving safepoint region
[2022-06-13T03:08:58.354+0000][1][safepoint    ] Total time for which application threads were stopped: 0.0009488 seconds, Stopping threads took: 0.0003654 seconds
[2022-06-13T03:08:59.355+0000][1][safepoint    ] Application time: 1.0003665 seconds
[2022-06-13T03:08:59.355+0000][1][safepoint    ] Entering safepoint region: Cleanup
[2022-06-13T03:08:59.356+0000][1][safepoint    ] Leaving safepoint region
[2022-06-13T03:08:59.356+0000][1][safepoint    ] Total time for which application threads were stopped: 0.0007365 seconds, Stopping threads took: 0.0002664 seconds
[2022-06-13T03:09:00.356+0000][1][safepoint    ] Application time: 1.0002440 seconds
[2022-06-13T03:09:00.357+0000][1][safepoint    ] Entering safepoint region: Cleanup
[2022-06-13T03:09:00.358+0000][1][safepoint    ] Leaving safepoint region
[2022-06-13T03:09:00.358+0000][1][safepoint    ] Total time for which application threads were stopped: 0.0010272 seconds, Stopping threads took: 0.0004067 seconds
[2022-06-13T03:09:01.359+0000][1][safepoint    ] Application time: 1.0002399 seconds
[2022-06-13T03:09:01.359+0000][1][safepoint    ] Entering safepoint region: Cleanup
[2022-06-13T03:09:01.360+0000][1][safepoint    ] Leaving safepoint region
[2022-06-13T03:09:01.361+0000][1][safepoint    ] Total time for which application threads were stopped: 0.0016074 seconds, Stopping threads took: 0.0010582 seconds
[2022-06-13T03:09:02.361+0000][1][safepoint    ] Application time: 1.0002771 seconds
[2022-06-13T03:09:02.362+0000][1][safepoint    ] Entering safepoint region: Cleanup
[2022-06-13T03:09:02.362+0000][1][safepoint    ] Leaving safepoint region
[2022-06-13T03:09:02.362+0000][1][safepoint    ] Total time for which application threads were stopped: 0.0006169 seconds, Stopping threads took: 0.0003113 seconds
[2022-06-13T03:09:03.363+0000][1][safepoint    ] Application time: 1.0001371 seconds
[2022-06-13T03:09:03.363+0000][1][safepoint    ] Entering safepoint region: Cleanup
[2022-06-13T03:09:03.364+0000][1][safepoint    ] Leaving safepoint region
[2022-06-13T03:09:03.364+0000][1][safepoint    ] Total time for which application threads were stopped: 0.0007325 seconds, Stopping threads took: 0.0003964 seconds
[2022-06-13T03:09:04.364+0000][1][safepoint    ] Application time: 1.0002285 seconds
[2022-06-13T03:09:04.365+0000][1][safepoint    ] Entering safepoint region: Cleanup
[2022-06-13T03:09:04.365+0000][1][safepoint    ] Leaving safepoint region
[2022-06-13T03:09:04.366+0000][1][safepoint    ] Total time for which application threads were stopped: 0.0009364 seconds, Stopping threads took: 0.0004495 seconds
[2022-06-13T03:09:05.366+0000][1][safepoint    ] Application time: 1.0001754 seconds
[2022-06-13T03:09:05.367+0000][1][safepoint    ] Entering safepoint region: Cleanup
[2022-06-13T03:09:05.367+0000][1][safepoint    ] Leaving safepoint region
[2022-06-13T03:09:05.367+0000][1][safepoint    ] Total time for which application threads were stopped: 0.0005317 seconds, Stopping threads took: 0.0002445 seconds
[2022-06-13T03:09:06.368+0000][1][safepoint    ] Application time: 1.0001999 seconds
[2022-06-13T03:09:06.368+0000][1][safepoint    ] Entering safepoint region: Cleanup
[2022-06-13T03:09:06.369+0000][1][safepoint    ] Leaving safepoint region
[2022-06-13T03:09:06.369+0000][1][safepoint    ] Total time for which application threads were stopped: 0.0007587 seconds, Stopping threads took: 0.0003394 seconds
[2022-06-13T03:09:07.369+0000][1][safepoint    ] Application time: 1.0002282 seconds
[2022-06-13T03:09:07.370+0000][1][safepoint    ] Entering safepoint region: Cleanup
[2022-06-13T03:09:07.370+0000][1][safepoint    ] Leaving safepoint region
[2022-06-13T03:09:07.371+0000][1][safepoint    ] Total time for which application threads were stopped: 0.0008025 seconds, Stopping threads took: 0.0004302 seconds
[2022-06-13T03:09:08.371+0000][1][safepoint    ] Application time: 1.0001917 seconds
[2022-06-13T03:09:08.372+0000][1][safepoint    ] Entering safepoint region: Cleanup
[2022-06-13T03:09:08.372+0000][1][safepoint    ] Leaving safepoint region
[2022-06-13T03:09:08.372+0000][1][safepoint    ] Total time for which application threads were stopped: 0.0006002 seconds, Stopping threads took: 0.0002705 seconds
[2022-06-13T03:09:10.363+0000][1][safepoint    ] Application time: 1.9910959 seconds
[2022-06-13T03:09:10.364+0000][1][safepoint    ] Entering safepoint region: Cleanup
[2022-06-13T03:09:10.364+0000][1][safepoint    ] Leaving safepoint region
[2022-06-13T03:09:10.365+0000][1][safepoint    ] Total time for which application threads were stopped: 0.0006565 seconds, Stopping threads took: 0.0003346 seconds
[2022-06-13T03:09:11.365+0000][1][safepoint    ] Application time: 1.0001411 seconds
[2022-06-13T03:09:11.365+0000][1][safepoint    ] Entering safepoint region: Cleanup
[2022-06-13T03:09:11.366+0000][1][safepoint    ] Leaving safepoint region
[2022-06-13T03:09:11.366+0000][1][safepoint    ] Total time for which application threads were stopped: 0.0005863 seconds, Stopping threads took: 0.0003417 seconds
[2022-06-13T03:09:12.366+0000][1][safepoint    ] Application time: 1.0002071 seconds
[2022-06-13T03:09:12.367+0000][1][safepoint    ] Entering safepoint region: Cleanup
[2022-06-13T03:09:12.367+0000][1][safepoint    ] Leaving safepoint region
[2022-06-13T03:09:12.367+0000][1][safepoint    ] Total time for which application threads were stopped: 0.0007661 seconds, Stopping threads took: 0.0003653 seconds
[2022-06-13T03:09:13.368+0000][1][safepoint    ] Application time: 1.0001287 seconds
[2022-06-13T03:09:13.369+0000][1][safepoint    ] Entering safepoint region: Cleanup
[2022-06-13T03:09:13.369+0000][1][safepoint    ] Leaving safepoint region
[2022-06-13T03:09:13.370+0000][1][safepoint    ] Total time for which application threads were stopped: 0.0012011 seconds, Stopping threads took: 0.0005788 seconds
[2022-06-13T03:09:14.371+0000][1][safepoint    ] Application time: 1.0003045 seconds
[2022-06-13T03:09:14.371+0000][1][safepoint    ] Entering safepoint region: Cleanup
[2022-06-13T03:09:14.371+0000][1][safepoint    ] Leaving safepoint region
[2022-06-13T03:09:14.372+0000][1][safepoint    ] Total time for which application threads were stopped: 0.0009291 seconds, Stopping threads took: 0.0003622 seconds
[2022-06-13T03:09:15.372+0000][1][safepoint    ] Application time: 1.0001858 seconds
[2022-06-13T03:09:15.373+0000][1][safepoint    ] Entering safepoint region: Cleanup
[2022-06-13T03:09:15.373+0000][1][safepoint    ] Leaving safepoint region
[2022-06-13T03:09:15.373+0000][1][safepoint    ] Total time for which application threads were stopped: 0.0006982 seconds, Stopping threads took: 0.0002835 seconds
[2022-06-13T03:09:16.374+0000][1][safepoint    ] Application time: 1.0003314 seconds
[2022-06-13T03:09:16.375+0000][1][safepoint    ] Entering safepoint region: Cleanup
[2022-06-13T03:09:16.375+0000][1][safepoint    ] Leaving safepoint region
[2022-06-13T03:09:16.376+0000][1][safepoint    ] Total time for which application threads were stopped: 0.0008048 seconds, Stopping threads took: 0.0003832 seconds
[2022-06-13T03:09:17.376+0000][1][safepoint    ] Application time: 1.0001364 seconds
[2022-06-13T03:09:17.376+0000][1][safepoint    ] Entering safepoint region: Cleanup
[2022-06-13T03:09:17.377+0000][1][safepoint    ] Leaving safepoint region
[2022-06-13T03:09:17.377+0000][1][safepoint    ] Total time for which application threads were stopped: 0.0007053 seconds, Stopping threads took: 0.0002743 seconds
[2022-06-13T03:09:18.378+0000][1][safepoint    ] Application time: 1.0002603 seconds
[2022-06-13T03:09:18.378+0000][1][safepoint    ] Entering safepoint region: Cleanup
[2022-06-13T03:09:18.379+0000][1][safepoint    ] Leaving safepoint region
[2022-06-13T03:09:18.379+0000][1][safepoint    ] Total time for which application threads were stopped: 0.0007484 seconds, Stopping threads took: 0.0002709 seconds
[2022-06-13T03:09:19.379+0000][1][safepoint    ] Application time: 1.0002366 seconds
[2022-06-13T03:09:19.380+0000][1][safepoint    ] Entering safepoint region: Cleanup
[2022-06-13T03:09:19.380+0000][1][safepoint    ] Leaving safepoint region
[2022-06-13T03:09:19.381+0000][1][safepoint    ] Total time for which application threads were stopped: 0.0006824 seconds, Stopping threads took: 0.0002410 seconds
[2022-06-13T03:09:20.381+0000][1][safepoint    ] Application time: 1.0001762 seconds
[2022-06-13T03:09:20.382+0000][1][safepoint    ] Entering safepoint region: Cleanup
[2022-06-13T03:09:20.382+0000][1][safepoint    ] Leaving safepoint region
[2022-06-13T03:09:20.383+0000][1][safepoint    ] Total time for which application threads were stopped: 0.0010570 seconds, Stopping threads took: 0.0003644 seconds
[2022-06-13T03:09:21.384+0000][1][safepoint    ] Application time: 1.0002084 seconds
[2022-06-13T03:09:21.384+0000][1][safepoint    ] Entering safepoint region: Cleanup
[2022-06-13T03:09:21.385+0000][1][safepoint    ] Leaving safepoint region
[2022-06-13T03:09:21.386+0000][1][safepoint    ] Total time for which application threads were stopped: 0.0012623 seconds, Stopping threads took: 0.0005858 seconds
[2022-06-13T03:09:22.386+0000][1][safepoint    ] Application time: 1.0002144 seconds
[2022-06-13T03:09:22.387+0000][1][safepoint    ] Entering safepoint region: Cleanup
[2022-06-13T03:09:22.388+0000][1][safepoint    ] Leaving safepoint region
[2022-06-13T03:09:22.389+0000][1][safepoint    ] Total time for which application threads were stopped: 0.0012028 seconds, Stopping threads took: 0.0005418 seconds
[2022-06-13T03:09:23.389+0000][1][safepoint    ] Application time: 1.0003023 seconds
[2022-06-13T03:09:23.390+0000][1][safepoint    ] Entering safepoint region: Cleanup
[2022-06-13T03:09:23.390+0000][1][safepoint    ] Leaving safepoint region
[2022-06-13T03:09:23.390+0000][1][safepoint    ] Total time for which application threads were stopped: 0.0006050 seconds, Stopping threads took: 0.0002908 seconds
[2022-06-13T03:09:24.391+0000][1][safepoint    ] Application time: 1.0001865 seconds
[2022-06-13T03:09:24.391+0000][1][safepoint    ] Entering safepoint region: Cleanup
[2022-06-13T03:09:24.391+0000][1][safepoint    ] Leaving safepoint region
[2022-06-13T03:09:24.391+0000][1][safepoint    ] Total time for which application threads were stopped: 0.0002475 seconds, Stopping threads took: 0.0001042 seconds
[2022-06-13T03:09:25.392+0000][1][safepoint    ] Application time: 1.0000962 seconds
[2022-06-13T03:09:25.392+0000][1][safepoint    ] Entering safepoint region: Cleanup
[2022-06-13T03:09:25.392+0000][1][safepoint    ] Leaving safepoint region
[2022-06-13T03:09:25.393+0000][1][safepoint    ] Total time for which application threads were stopped: 0.0005830 seconds, Stopping threads took: 0.0002682 seconds
[2022-06-13T03:09:26.393+0000][1][safepoint    ] Application time: 1.0002374 seconds
[2022-06-13T03:09:26.394+0000][1][safepoint    ] Entering safepoint region: Cleanup
[2022-06-13T03:09:26.394+0000][1][safepoint    ] Leaving safepoint region
[2022-06-13T03:09:26.394+0000][1][safepoint    ] Total time for which application threads were stopped: 0.0007217 seconds, Stopping threads took: 0.0002820 seconds
[2022-06-13T03:09:27.395+0000][1][safepoint    ] Application time: 1.0002669 seconds
[2022-06-13T03:09:27.395+0000][1][safepoint    ] Entering safepoint region: Cleanup
[2022-06-13T03:09:27.396+0000][1][safepoint    ] Leaving safepoint region
[2022-06-13T03:09:27.396+0000][1][safepoint    ] Total time for which application threads were stopped: 0.0008414 seconds, Stopping threads took: 0.0003666 seconds
[2022-06-13T03:09:28.397+0000][1][safepoint    ] Application time: 1.0001072 seconds
[2022-06-13T03:09:28.397+0000][1][safepoint    ] Entering safepoint region: Cleanup
[2022-06-13T03:09:28.398+0000][1][safepoint    ] Leaving safepoint region
[2022-06-13T03:09:28.398+0000][1][safepoint    ] Total time for which application threads were stopped: 0.0007066 seconds, Stopping threads took: 0.0002832 seconds
[2022-06-13T03:09:29.398+0000][1][safepoint    ] Application time: 1.0002005 seconds
[2022-06-13T03:09:29.399+0000][1][safepoint    ] Entering safepoint region: Cleanup
[2022-06-13T03:09:29.399+0000][1][safepoint    ] Leaving safepoint region
[2022-06-13T03:09:29.400+0000][1][safepoint    ] Total time for which application threads were stopped: 0.0008270 seconds, Stopping threads took: 0.0004317 seconds
[2022-06-13T03:09:30.400+0000][1][safepoint    ] Application time: 1.0002170 seconds
[2022-06-13T03:09:30.401+0000][1][safepoint    ] Entering safepoint region: Cleanup
[2022-06-13T03:09:30.402+0000][1][safepoint    ] Leaving safepoint region
[2022-06-13T03:09:30.402+0000][1][safepoint    ] Total time for which application threads were stopped: 0.0010716 seconds, Stopping threads took: 0.0005143 seconds
[2022-06-13T03:09:31.403+0000][1][safepoint    ] Application time: 1.0002415 seconds
[2022-06-13T03:09:31.404+0000][1][safepoint    ] Entering safepoint region: Cleanup
[2022-06-13T03:09:31.404+0000][1][safepoint    ] Leaving safepoint region
[2022-06-13T03:09:31.404+0000][1][safepoint    ] Total time for which application threads were stopped: 0.0005859 seconds, Stopping threads took: 0.0002450 seconds
[2022-06-13T03:09:32.405+0000][1][safepoint    ] Application time: 1.0001855 seconds
[2022-06-13T03:09:32.405+0000][1][safepoint    ] Entering safepoint region: Cleanup
[2022-06-13T03:09:32.406+0000][1][safepoint    ] Leaving safepoint region
[2022-06-13T03:09:32.406+0000][1][safepoint    ] Total time for which application threads were stopped: 0.0008010 seconds, Stopping threads took: 0.0003477 seconds
[2022-06-13T03:09:33.407+0000][1][safepoint    ] Application time: 1.0002266 seconds
[2022-06-13T03:09:33.407+0000][1][safepoint    ] Entering safepoint region: Cleanup
[2022-06-13T03:09:33.408+0000][1][safepoint    ] Leaving safepoint region
[2022-06-13T03:09:33.408+0000][1][safepoint    ] Total time for which application threads were stopped: 0.0008567 seconds, Stopping threads took: 0.0003867 seconds
[2022-06-13T03:09:34.409+0000][1][safepoint    ] Application time: 1.0002955 seconds
[2022-06-13T03:09:34.409+0000][1][safepoint    ] Entering safepoint region: Cleanup
[2022-06-13T03:09:34.410+0000][1][safepoint    ] Leaving safepoint region
[2022-06-13T03:09:34.410+0000][1][safepoint    ] Total time for which application threads were stopped: 0.0007746 seconds, Stopping threads took: 0.0003741 seconds
[2022-06-13T03:09:35.411+0000][1][safepoint    ] Application time: 1.0002625 seconds
[2022-06-13T03:09:35.411+0000][1][safepoint    ] Entering safepoint region: Cleanup
[2022-06-13T03:09:35.412+0000][1][safepoint    ] Leaving safepoint region
[2022-06-13T03:09:35.412+0000][1][safepoint    ] Total time for which application threads were stopped: 0.0008132 seconds, Stopping threads took: 0.0003745 seconds
[2022-06-13T03:09:36.413+0000][1][safepoint    ] Application time: 1.0001378 seconds
[2022-06-13T03:09:36.413+0000][1][safepoint    ] Entering safepoint region: Cleanup
[2022-06-13T03:09:36.414+0000][1][safepoint    ] Leaving safepoint region
[2022-06-13T03:09:36.414+0000][1][safepoint    ] Total time for which application threads were stopped: 0.0009119 seconds, Stopping threads took: 0.0004114 seconds
[2022-06-13T03:09:37.415+0000][1][safepoint    ] Application time: 1.0002018 seconds
[2022-06-13T03:09:37.415+0000][1][safepoint    ] Entering safepoint region: Cleanup
[2022-06-13T03:09:37.416+0000][1][safepoint    ] Leaving safepoint region
[2022-06-13T03:09:37.416+0000][1][safepoint    ] Total time for which application threads were stopped: 0.0010013 seconds, Stopping threads took: 0.0003617 seconds
[2022-06-13T03:09:38.417+0000][1][safepoint    ] Application time: 1.0001459 seconds
[2022-06-13T03:09:38.417+0000][1][safepoint    ] Entering safepoint region: Cleanup
[2022-06-13T03:09:38.418+0000][1][safepoint    ] Leaving safepoint region
[2022-06-13T03:09:38.418+0000][1][safepoint    ] Total time for which application threads were stopped: 0.0005485 seconds, Stopping threads took: 0.0002815 seconds
[2022-06-13T03:09:39.418+0000][1][safepoint    ] Application time: 1.0002018 seconds
[2022-06-13T03:09:39.419+0000][1][safepoint    ] Entering safepoint region: Cleanup
[2022-06-13T03:09:39.419+0000][1][safepoint    ] Leaving safepoint region
[2022-06-13T03:09:39.420+0000][1][safepoint    ] Total time for which application threads were stopped: 0.0008735 seconds, Stopping threads took: 0.0004326 seconds
[2022-06-13T03:09:41.378+0000][1][safepoint    ] Application time: 1.9579757 seconds
[2022-06-13T03:09:41.379+0000][1][safepoint    ] Entering safepoint region: Cleanup
[2022-06-13T03:09:41.379+0000][1][safepoint    ] Leaving safepoint region
[2022-06-13T03:09:41.379+0000][1][safepoint    ] Total time for which application threads were stopped: 0.0007470 seconds, Stopping threads took: 0.0003748 seconds
[2022-06-13T03:09:42.380+0000][1][safepoint    ] Application time: 1.0001880 seconds
[2022-06-13T03:09:42.380+0000][1][safepoint    ] Entering safepoint region: Cleanup
[2022-06-13T03:09:42.381+0000][1][safepoint    ] Leaving safepoint region
[2022-06-13T03:09:42.381+0000][1][safepoint    ] Total time for which application threads were stopped: 0.0004460 seconds, Stopping threads took: 0.0002015 seconds
[2022-06-13T03:09:43.381+0000][1][safepoint    ] Application time: 1.0001160 seconds
[2022-06-13T03:09:43.382+0000][1][safepoint    ] Entering safepoint region: Cleanup
[2022-06-13T03:09:43.382+0000][1][safepoint    ] Leaving safepoint region
[2022-06-13T03:09:43.382+0000][1][safepoint    ] Total time for which application threads were stopped: 0.0004973 seconds, Stopping threads took: 0.0002305 seconds
[2022-06-13T03:09:44.383+0000][1][safepoint    ] Application time: 1.0003302 seconds
[2022-06-13T03:09:44.383+0000][1][safepoint    ] Entering safepoint region: Cleanup
[2022-06-13T03:09:44.384+0000][1][safepoint    ] Leaving safepoint region
[2022-06-13T03:09:44.384+0000][1][safepoint    ] Total time for which application threads were stopped: 0.0011838 seconds, Stopping threads took: 0.0005294 seconds
[2022-06-13T03:09:45.384+0000][1][safepoint    ] Application time: 1.0001139 seconds
[2022-06-13T03:09:45.385+0000][1][safepoint    ] Entering safepoint region: Cleanup
[2022-06-13T03:09:45.385+0000][1][safepoint    ] Leaving safepoint region
[2022-06-13T03:09:45.385+0000][1][safepoint    ] Total time for which application threads were stopped: 0.0004359 seconds, Stopping threads took: 0.0002143 seconds
[2022-06-13T03:09:46.386+0000][1][safepoint    ] Application time: 1.0001934 seconds
[2022-06-13T03:09:46.386+0000][1][safepoint    ] Entering safepoint region: Cleanup
[2022-06-13T03:09:46.387+0000][1][safepoint    ] Leaving safepoint region
[2022-06-13T03:09:46.387+0000][1][safepoint    ] Total time for which application threads were stopped: 0.0008065 seconds, Stopping threads took: 0.0003774 seconds
[2022-06-13T03:09:47.388+0000][1][safepoint    ] Application time: 1.0001989 seconds
[2022-06-13T03:09:47.388+0000][1][safepoint    ] Entering safepoint region: Cleanup
[2022-06-13T03:09:47.389+0000][1][safepoint    ] Leaving safepoint region
[2022-06-13T03:09:47.389+0000][1][safepoint    ] Total time for which application threads were stopped: 0.0007260 seconds, Stopping threads took: 0.0003683 seconds
[2022-06-13T03:09:48.389+0000][1][safepoint    ] Application time: 1.0001121 seconds
[2022-06-13T03:09:48.390+0000][1][safepoint    ] Entering safepoint region: Cleanup
[2022-06-13T03:09:48.390+0000][1][safepoint    ] Leaving safepoint region
[2022-06-13T03:09:48.391+0000][1][safepoint    ] Total time for which application threads were stopped: 0.0008106 seconds, Stopping threads took: 0.0003863 seconds
[2022-06-13T03:09:49.391+0000][1][safepoint    ] Application time: 1.0003076 seconds
[2022-06-13T03:09:49.392+0000][1][safepoint    ] Entering safepoint region: Cleanup
[2022-06-13T03:09:49.393+0000][1][safepoint    ] Leaving safepoint region
[2022-06-13T03:09:49.393+0000][1][safepoint    ] Total time for which application threads were stopped: 0.0009097 seconds, Stopping threads took: 0.0003487 seconds
[2022-06-13T03:09:50.393+0000][1][safepoint    ] Application time: 1.0001293 seconds
[2022-06-13T03:09:50.394+0000][1][safepoint    ] Entering safepoint region: Cleanup
[2022-06-13T03:09:50.394+0000][1][safepoint    ] Leaving safepoint region
[2022-06-13T03:09:50.395+0000][1][safepoint    ] Total time for which application threads were stopped: 0.0006353 seconds, Stopping threads took: 0.0002697 seconds
[2022-06-13T03:09:51.395+0000][1][safepoint    ] Application time: 1.0003069 seconds
[2022-06-13T03:09:51.396+0000][1][safepoint    ] Entering safepoint region: Cleanup
[2022-06-13T03:09:51.396+0000][1][safepoint    ] Leaving safepoint region
[2022-06-13T03:09:51.397+0000][1][safepoint    ] Total time for which application threads were stopped: 0.0010857 seconds, Stopping threads took: 0.0005382 seconds
[2022-06-13T03:09:52.397+0000][1][safepoint    ] Application time: 1.0001538 seconds
[2022-06-13T03:09:52.398+0000][1][safepoint    ] Entering safepoint region: Cleanup
[2022-06-13T03:09:52.399+0000][1][safepoint    ] Leaving safepoint region
[2022-06-13T03:09:52.399+0000][1][safepoint    ] Total time for which application threads were stopped: 0.0009391 seconds, Stopping threads took: 0.0004320 seconds
[2022-06-13T03:09:53.400+0000][1][safepoint    ] Application time: 1.0003109 seconds
[2022-06-13T03:09:53.400+0000][1][safepoint    ] Entering safepoint region: Cleanup
[2022-06-13T03:09:53.401+0000][1][safepoint    ] Leaving safepoint region
[2022-06-13T03:09:53.401+0000][1][safepoint    ] Total time for which application threads were stopped: 0.0009188 seconds, Stopping threads took: 0.0004289 seconds
[2022-06-13T03:09:54.402+0000][1][safepoint    ] Application time: 1.0002251 seconds
[2022-06-13T03:09:54.402+0000][1][safepoint    ] Entering safepoint region: Cleanup
[2022-06-13T03:09:54.403+0000][1][safepoint    ] Leaving safepoint region
[2022-06-13T03:09:54.403+0000][1][safepoint    ] Total time for which application threads were stopped: 0.0008821 seconds, Stopping threads took: 0.0004337 seconds
[2022-06-13T03:09:55.404+0000][1][safepoint    ] Application time: 1.0003056 seconds
[2022-06-13T03:09:55.404+0000][1][safepoint    ] Entering safepoint region: Cleanup
[2022-06-13T03:09:55.405+0000][1][safepoint    ] Leaving safepoint region
[2022-06-13T03:09:55.405+0000][1][safepoint    ] Total time for which application threads were stopped: 0.0008780 seconds, Stopping threads took: 0.0004076 seconds
[2022-06-13T03:09:56.406+0000][1][safepoint    ] Application time: 1.0003347 seconds
[2022-06-13T03:09:56.407+0000][1][safepoint    ] Entering safepoint region: Cleanup
[2022-06-13T03:09:56.407+0000][1][safepoint    ] Leaving safepoint region
[2022-06-13T03:09:56.408+0000][1][safepoint    ] Total time for which application threads were stopped: 0.0010360 seconds, Stopping threads took: 0.0005099 seconds
[2022-06-13T03:09:57.408+0000][1][safepoint    ] Application time: 1.0001961 seconds
[2022-06-13T03:09:57.409+0000][1][safepoint    ] Entering safepoint region: Cleanup
[2022-06-13T03:09:57.410+0000][1][safepoint    ] Leaving safepoint region
[2022-06-13T03:09:57.410+0000][1][safepoint    ] Total time for which application threads were stopped: 0.0009614 seconds, Stopping threads took: 0.0005017 seconds
[2022-06-13T03:09:58.411+0000][1][safepoint    ] Application time: 1.0002215 seconds
[2022-06-13T03:09:58.411+0000][1][safepoint    ] Entering safepoint region: Cleanup
[2022-06-13T03:09:58.412+0000][1][safepoint    ] Leaving safepoint region
[2022-06-13T03:09:58.412+0000][1][safepoint    ] Total time for which application threads were stopped: 0.0012438 seconds, Stopping threads took: 0.0006398 seconds
[2022-06-13T03:09:59.413+0000][1][safepoint    ] Application time: 1.0002709 seconds
[2022-06-13T03:09:59.414+0000][1][safepoint    ] Entering safepoint region: Cleanup
[2022-06-13T03:09:59.414+0000][1][safepoint    ] Leaving safepoint region
[2022-06-13T03:09:59.415+0000][1][safepoint    ] Total time for which application threads were stopped: 0.0012857 seconds, Stopping threads took: 0.0005679 seconds
[2022-06-13T03:10:00.416+0000][1][safepoint    ] Application time: 1.0002057 seconds
[2022-06-13T03:10:00.416+0000][1][safepoint    ] Entering safepoint region: Cleanup
[2022-06-13T03:10:00.416+0000][1][safepoint    ] Leaving safepoint region
[2022-06-13T03:10:00.417+0000][1][safepoint    ] Total time for which application threads were stopped: 0.0006698 seconds, Stopping threads took: 0.0003068 seconds
[2022-06-13T03:10:01.417+0000][1][safepoint    ] Application time: 1.0002809 seconds
[2022-06-13T03:10:01.418+0000][1][safepoint    ] Entering safepoint region: Cleanup
[2022-06-13T03:10:01.418+0000][1][safepoint    ] Leaving safepoint region
[2022-06-13T03:10:01.419+0000][1][safepoint    ] Total time for which application threads were stopped: 0.0007782 seconds, Stopping threads took: 0.0004181 seconds
[2022-06-13T03:10:02.419+0000][1][safepoint    ] Application time: 1.0001515 seconds
[2022-06-13T03:10:02.419+0000][1][safepoint    ] Entering safepoint region: Cleanup
[2022-06-13T03:10:02.420+0000][1][safepoint    ] Leaving safepoint region
[2022-06-13T03:10:02.420+0000][1][safepoint    ] Total time for which application threads were stopped: 0.0004085 seconds, Stopping threads took: 0.0001827 seconds
[2022-06-13T03:10:03.420+0000][1][safepoint    ] Application time: 1.0001995 seconds
[2022-06-13T03:10:03.421+0000][1][safepoint    ] Entering safepoint region: Cleanup
[2022-06-13T03:10:03.421+0000][1][safepoint    ] Leaving safepoint region
[2022-06-13T03:10:03.421+0000][1][safepoint    ] Total time for which application threads were stopped: 0.0007679 seconds, Stopping threads took: 0.0003811 seconds
[2022-06-13T03:10:04.422+0000][1][safepoint    ] Application time: 1.0001244 seconds
[2022-06-13T03:10:04.422+0000][1][safepoint    ] Entering safepoint region: Cleanup
[2022-06-13T03:10:04.423+0000][1][safepoint    ] Leaving safepoint region
[2022-06-13T03:10:04.423+0000][1][safepoint    ] Total time for which application threads were stopped: 0.0006194 seconds, Stopping threads took: 0.0002842 seconds
[2022-06-13T03:10:05.424+0000][1][safepoint    ] Application time: 1.0001953 seconds
[2022-06-13T03:10:05.424+0000][1][safepoint    ] Entering safepoint region: Cleanup
[2022-06-13T03:10:05.425+0000][1][safepoint    ] Leaving safepoint region
[2022-06-13T03:10:05.425+0000][1][safepoint    ] Total time for which application threads were stopped: 0.0007860 seconds, Stopping threads took: 0.0003603 seconds
[2022-06-13T03:10:06.426+0000][1][safepoint    ] Application time: 1.0003755 seconds
[2022-06-13T03:10:06.426+0000][1][safepoint    ] Entering safepoint region: Cleanup
[2022-06-13T03:10:06.427+0000][1][safepoint    ] Leaving safepoint region
[2022-06-13T03:10:06.427+0000][1][safepoint    ] Total time for which application threads were stopped: 0.0009075 seconds, Stopping threads took: 0.0004848 seconds
[2022-06-13T03:10:07.428+0000][1][safepoint    ] Application time: 1.0002249 seconds
[2022-06-13T03:10:07.428+0000][1][safepoint    ] Entering safepoint region: Cleanup
[2022-06-13T03:10:07.429+0000][1][safepoint    ] Leaving safepoint region
[2022-06-13T03:10:07.429+0000][1][safepoint    ] Total time for which application threads were stopped: 0.0009510 seconds, Stopping threads took: 0.0004393 seconds
[2022-06-13T03:10:08.430+0000][1][safepoint    ] Application time: 1.0001871 seconds
[2022-06-13T03:10:08.430+0000][1][safepoint    ] Entering safepoint region: Cleanup
[2022-06-13T03:10:08.430+0000][1][safepoint    ] Leaving safepoint region
[2022-06-13T03:10:08.431+0000][1][safepoint    ] Total time for which application threads were stopped: 0.0005821 seconds, Stopping threads took: 0.0002649 seconds
[2022-06-13T03:10:09.431+0000][1][safepoint    ] Application time: 1.0002542 seconds
[2022-06-13T03:10:09.431+0000][1][safepoint    ] Entering safepoint region: Cleanup
[2022-06-13T03:10:09.432+0000][1][safepoint    ] Leaving safepoint region
[2022-06-13T03:10:09.432+0000][1][safepoint    ] Total time for which application threads were stopped: 0.0006596 seconds, Stopping threads took: 0.0003091 seconds
[2022-06-13T03:10:10.433+0000][1][safepoint    ] Application time: 1.0001756 seconds
[2022-06-13T03:10:10.433+0000][1][safepoint    ] Entering safepoint region: Cleanup
[2022-06-13T03:10:10.434+0000][1][safepoint    ] Leaving safepoint region
[2022-06-13T03:10:10.434+0000][1][safepoint    ] Total time for which application threads were stopped: 0.0008647 seconds, Stopping threads took: 0.0003860 seconds
[2022-06-13T03:10:11.435+0000][1][safepoint    ] Application time: 1.0002491 seconds
[2022-06-13T03:10:11.435+0000][1][safepoint    ] Entering safepoint region: Cleanup
[2022-06-13T03:10:11.436+0000][1][safepoint    ] Leaving safepoint region
[2022-06-13T03:10:11.436+0000][1][safepoint    ] Total time for which application threads were stopped: 0.0009693 seconds, Stopping threads took: 0.0004646 seconds
[2022-06-13T03:10:12.437+0000][1][safepoint    ] Application time: 1.0001858 seconds
[2022-06-13T03:10:12.437+0000][1][safepoint    ] Entering safepoint region: Cleanup
[2022-06-13T03:10:12.438+0000][1][safepoint    ] Leaving safepoint region
[2022-06-13T03:10:12.438+0000][1][safepoint    ] Total time for which application threads were stopped: 0.0008319 seconds, Stopping threads took: 0.0003882 seconds
[2022-06-13T03:10:13.439+0000][1][safepoint    ] Application time: 1.0002074 seconds
[2022-06-13T03:10:13.439+0000][1][safepoint    ] Entering safepoint region: Cleanup
[2022-06-13T03:10:13.440+0000][1][safepoint    ] Leaving safepoint region
[2022-06-13T03:10:13.440+0000][1][safepoint    ] Total time for which application threads were stopped: 0.0008194 seconds, Stopping threads took: 0.0004742 seconds
[2022-06-13T03:10:14.440+0000][1][safepoint    ] Application time: 1.0001400 seconds
[2022-06-13T03:10:14.441+0000][1][safepoint    ] Entering safepoint region: Cleanup
[2022-06-13T03:10:14.441+0000][1][safepoint    ] Leaving safepoint region
[2022-06-13T03:10:14.442+0000][1][safepoint    ] Total time for which application threads were stopped: 0.0008623 seconds, Stopping threads took: 0.0003569 seconds
[2022-06-13T03:10:15.442+0000][1][safepoint    ] Application time: 1.0002147 seconds
[2022-06-13T03:10:15.443+0000][1][safepoint    ] Entering safepoint region: Cleanup
[2022-06-13T03:10:15.443+0000][1][safepoint    ] Leaving safepoint region
[2022-06-13T03:10:15.444+0000][1][safepoint    ] Total time for which application threads were stopped: 0.0008827 seconds, Stopping threads took: 0.0004896 seconds
[2022-06-13T03:10:16.444+0000][1][safepoint    ] Application time: 1.0002074 seconds
[2022-06-13T03:10:16.444+0000][1][safepoint    ] Entering safepoint region: Cleanup
[2022-06-13T03:10:16.445+0000][1][safepoint    ] Leaving safepoint region
[2022-06-13T03:10:16.445+0000][1][safepoint    ] Total time for which application threads were stopped: 0.0008515 seconds, Stopping threads took: 0.0003553 seconds
[2022-06-13T03:10:17.446+0000][1][safepoint    ] Application time: 1.0001079 seconds
[2022-06-13T03:10:17.446+0000][1][safepoint    ] Entering safepoint region: Cleanup
[2022-06-13T03:10:17.446+0000][1][safepoint    ] Leaving safepoint region
[2022-06-13T03:10:17.446+0000][1][safepoint    ] Total time for which application threads were stopped: 0.0003534 seconds, Stopping threads took: 0.0001321 seconds
[2022-06-13T03:10:18.447+0000][1][safepoint    ] Application time: 1.0002338 seconds
[2022-06-13T03:10:18.447+0000][1][safepoint    ] Entering safepoint region: Cleanup
[2022-06-13T03:10:18.448+0000][1][safepoint    ] Leaving safepoint region
[2022-06-13T03:10:18.448+0000][1][safepoint    ] Total time for which application threads were stopped: 0.0010597 seconds, Stopping threads took: 0.0004502 seconds
[2022-06-13T03:10:19.449+0000][1][safepoint    ] Application time: 1.0002292 seconds
[2022-06-13T03:10:19.449+0000][1][safepoint    ] Entering safepoint region: Cleanup
[2022-06-13T03:10:19.450+0000][1][safepoint    ] Leaving safepoint region
[2022-06-13T03:10:19.450+0000][1][safepoint    ] Total time for which application threads were stopped: 0.0005792 seconds, Stopping threads took: 0.0002846 seconds
[2022-06-13T03:10:20.450+0000][1][safepoint    ] Application time: 1.0001918 seconds
[2022-06-13T03:10:20.451+0000][1][safepoint    ] Entering safepoint region: Cleanup
[2022-06-13T03:10:20.452+0000][1][safepoint    ] Leaving safepoint region
[2022-06-13T03:10:20.452+0000][1][safepoint    ] Total time for which application threads were stopped: 0.0013054 seconds, Stopping threads took: 0.0006099 seconds
[2022-06-13T03:10:21.453+0000][1][safepoint    ] Application time: 1.0002803 seconds
[2022-06-13T03:10:21.454+0000][1][safepoint    ] Entering safepoint region: Cleanup
[2022-06-13T03:10:21.454+0000][1][safepoint    ] Leaving safepoint region
[2022-06-13T03:10:21.454+0000][1][safepoint    ] Total time for which application threads were stopped: 0.0009286 seconds, Stopping threads took: 0.0004765 seconds
[2022-06-13T03:10:22.455+0000][1][safepoint    ] Application time: 1.0001291 seconds
[2022-06-13T03:10:22.457+0000][1][safepoint    ] Entering safepoint region: Cleanup
[2022-06-13T03:10:22.457+0000][1][safepoint    ] Leaving safepoint region
[2022-06-13T03:10:22.457+0000][1][safepoint    ] Total time for which application threads were stopped: 0.0005450 seconds, Stopping threads took: 0.0002737 seconds
[2022-06-13T03:10:23.458+0000][1][safepoint    ] Application time: 1.0001409 seconds
[2022-06-13T03:10:23.458+0000][1][safepoint    ] Entering safepoint region: Cleanup
[2022-06-13T03:10:23.458+0000][1][safepoint    ] Leaving safepoint region
[2022-06-13T03:10:23.459+0000][1][safepoint    ] Total time for which application threads were stopped: 0.0006303 seconds, Stopping threads took: 0.0002851 seconds
[2022-06-13T03:10:24.459+0000][1][safepoint    ] Application time: 1.0002798 seconds
[2022-06-13T03:10:24.460+0000][1][safepoint    ] Entering safepoint region: Cleanup
[2022-06-13T03:10:24.460+0000][1][safepoint    ] Leaving safepoint region
[2022-06-13T03:10:24.460+0000][1][safepoint    ] Total time for which application threads were stopped: 0.0006883 seconds, Stopping threads took: 0.0003347 seconds
[2022-06-13T03:10:25.461+0000][1][safepoint    ] Application time: 1.0001833 seconds
[2022-06-13T03:10:25.461+0000][1][safepoint    ] Entering safepoint region: Cleanup
[2022-06-13T03:10:25.462+0000][1][safepoint    ] Leaving safepoint region
[2022-06-13T03:10:25.462+0000][1][safepoint    ] Total time for which application threads were stopped: 0.0007581 seconds, Stopping threads took: 0.0004499 seconds
[2022-06-13T03:10:26.462+0000][1][safepoint    ] Application time: 1.0002784 seconds
[2022-06-13T03:10:26.463+0000][1][safepoint    ] Entering safepoint region: Cleanup
[2022-06-13T03:10:26.463+0000][1][safepoint    ] Leaving safepoint region
[2022-06-13T03:10:26.463+0000][1][safepoint    ] Total time for which application threads were stopped: 0.0008172 seconds, Stopping threads took: 0.0003934 seconds
[2022-06-13T03:10:27.464+0000][1][safepoint    ] Application time: 1.0001184 seconds
[2022-06-13T03:10:27.464+0000][1][safepoint    ] Entering safepoint region: Cleanup
[2022-06-13T03:10:27.464+0000][1][safepoint    ] Leaving safepoint region
[2022-06-13T03:10:27.465+0000][1][safepoint    ] Total time for which application threads were stopped: 0.0004876 seconds, Stopping threads took: 0.0001455 seconds
[2022-06-13T03:10:28.465+0000][1][safepoint    ] Application time: 1.0002371 seconds
[2022-06-13T03:10:28.465+0000][1][safepoint    ] Entering safepoint region: Cleanup
[2022-06-13T03:10:28.466+0000][1][safepoint    ] Leaving safepoint region
[2022-06-13T03:10:28.466+0000][1][safepoint    ] Total time for which application threads were stopped: 0.0006712 seconds, Stopping threads took: 0.0003628 seconds
[2022-06-13T03:10:29.466+0000][1][safepoint    ] Application time: 1.0002184 seconds
[2022-06-13T03:10:29.467+0000][1][safepoint    ] Entering safepoint region: Cleanup
[2022-06-13T03:10:29.467+0000][1][safepoint    ] Leaving safepoint region
[2022-06-13T03:10:29.467+0000][1][safepoint    ] Total time for which application threads were stopped: 0.0003053 seconds, Stopping threads took: 0.0001449 seconds
[2022-06-13T03:10:30.467+0000][1][safepoint    ] Application time: 1.0001480 seconds
[2022-06-13T03:10:30.468+0000][1][safepoint    ] Entering safepoint region: Cleanup
[2022-06-13T03:10:30.469+0000][1][safepoint    ] Leaving safepoint region
[2022-06-13T03:10:30.469+0000][1][safepoint    ] Total time for which application threads were stopped: 0.0010709 seconds, Stopping threads took: 0.0005050 seconds
[2022-06-13T03:10:31.470+0000][1][safepoint    ] Application time: 1.0002629 seconds
[2022-06-13T03:10:31.470+0000][1][safepoint    ] Entering safepoint region: Cleanup
[2022-06-13T03:10:31.471+0000][1][safepoint    ] Leaving safepoint region
[2022-06-13T03:10:31.471+0000][1][safepoint    ] Total time for which application threads were stopped: 0.0009531 seconds, Stopping threads took: 0.0004695 seconds
[2022-06-13T03:10:32.472+0000][1][safepoint    ] Application time: 1.0002027 seconds
[2022-06-13T03:10:32.473+0000][1][safepoint    ] Entering safepoint region: Cleanup
[2022-06-13T03:10:32.473+0000][1][safepoint    ] Leaving safepoint region
[2022-06-13T03:10:32.474+0000][1][safepoint    ] Total time for which application threads were stopped: 0.0011268 seconds, Stopping threads took: 0.0005611 seconds
[2022-06-13T03:10:33.475+0000][1][safepoint    ] Application time: 1.0002249 seconds
[2022-06-13T03:10:33.475+0000][1][safepoint    ] Entering safepoint region: Cleanup
[2022-06-13T03:10:33.476+0000][1][safepoint    ] Leaving safepoint region
[2022-06-13T03:10:33.476+0000][1][safepoint    ] Total time for which application threads were stopped: 0.0011147 seconds, Stopping threads took: 0.0005865 seconds
[2022-06-13T03:10:34.477+0000][1][safepoint    ] Application time: 1.0002506 seconds
[2022-06-13T03:10:34.478+0000][1][safepoint    ] Entering safepoint region: Cleanup
[2022-06-13T03:10:34.478+0000][1][safepoint    ] Leaving safepoint region
[2022-06-13T03:10:34.479+0000][1][safepoint    ] Total time for which application threads were stopped: 0.0010988 seconds, Stopping threads took: 0.0004708 seconds
[2022-06-13T03:10:35.479+0000][1][safepoint    ] Application time: 1.0002014 seconds
[2022-06-13T03:10:35.480+0000][1][safepoint    ] Entering safepoint region: Cleanup
[2022-06-13T03:10:35.481+0000][1][safepoint    ] Leaving safepoint region
[2022-06-13T03:10:35.481+0000][1][safepoint    ] Total time for which application threads were stopped: 0.0010422 seconds, Stopping threads took: 0.0005308 seconds
[2022-06-13T03:10:36.482+0000][1][safepoint    ] Application time: 1.0003526 seconds
[2022-06-13T03:10:36.483+0000][1][safepoint    ] Entering safepoint region: Cleanup
[2022-06-13T03:10:36.483+0000][1][safepoint    ] Leaving safepoint region
[2022-06-13T03:10:36.483+0000][1][safepoint    ] Total time for which application threads were stopped: 0.0008660 seconds, Stopping threads took: 0.0003872 seconds
[2022-06-13T03:10:37.484+0000][1][safepoint    ] Application time: 1.0001702 seconds
[2022-06-13T03:10:37.485+0000][1][safepoint    ] Entering safepoint region: Cleanup
[2022-06-13T03:10:37.485+0000][1][safepoint    ] Leaving safepoint region
[2022-06-13T03:10:37.485+0000][1][safepoint    ] Total time for which application threads were stopped: 0.0008110 seconds, Stopping threads took: 0.0004014 seconds
[2022-06-13T03:10:38.486+0000][1][safepoint    ] Application time: 1.0001276 seconds
[2022-06-13T03:10:38.486+0000][1][safepoint    ] Entering safepoint region: Cleanup
[2022-06-13T03:10:38.487+0000][1][safepoint    ] Leaving safepoint region
[2022-06-13T03:10:38.487+0000][1][safepoint    ] Total time for which application threads were stopped: 0.0008068 seconds, Stopping threads took: 0.0004735 seconds
[2022-06-13T03:10:39.488+0000][1][safepoint    ] Application time: 1.0001239 seconds
[2022-06-13T03:10:39.488+0000][1][safepoint    ] Entering safepoint region: Cleanup
[2022-06-13T03:10:39.489+0000][1][safepoint    ] Leaving safepoint region
[2022-06-13T03:10:39.489+0000][1][safepoint    ] Total time for which application threads were stopped: 0.0010684 seconds, Stopping threads took: 0.0003845 seconds
[2022-06-13T03:10:40.490+0000][1][safepoint    ] Application time: 1.0001610 seconds
[2022-06-13T03:10:40.490+0000][1][safepoint    ] Entering safepoint region: Cleanup
[2022-06-13T03:10:40.490+0000][1][safepoint    ] Leaving safepoint region
[2022-06-13T03:10:40.491+0000][1][safepoint    ] Total time for which application threads were stopped: 0.0006173 seconds, Stopping threads took: 0.0002784 seconds
[2022-06-13T03:10:41.491+0000][1][safepoint    ] Application time: 1.0002963 seconds
[2022-06-13T03:10:41.492+0000][1][safepoint    ] Entering safepoint region: Cleanup
[2022-06-13T03:10:41.492+0000][1][safepoint    ] Leaving safepoint region
[2022-06-13T03:10:41.493+0000][1][safepoint    ] Total time for which application threads were stopped: 0.0008206 seconds, Stopping threads took: 0.0003726 seconds
[2022-06-13T03:10:42.493+0000][1][safepoint    ] Application time: 1.0001848 seconds
[2022-06-13T03:10:42.494+0000][1][safepoint    ] Entering safepoint region: Cleanup
[2022-06-13T03:10:42.494+0000][1][safepoint    ] Leaving safepoint region
[2022-06-13T03:10:42.495+0000][1][safepoint    ] Total time for which application threads were stopped: 0.0009170 seconds, Stopping threads took: 0.0003969 seconds
[2022-06-13T03:10:43.495+0000][1][safepoint    ] Application time: 1.0002710 seconds
[2022-06-13T03:10:43.496+0000][1][safepoint    ] Entering safepoint region: Cleanup
[2022-06-13T03:10:43.496+0000][1][safepoint    ] Leaving safepoint region
[2022-06-13T03:10:43.497+0000][1][safepoint    ] Total time for which application threads were stopped: 0.0006751 seconds, Stopping threads took: 0.0002921 seconds
[2022-06-13T03:10:44.497+0000][1][safepoint    ] Application time: 1.0002009 seconds
[2022-06-13T03:10:44.498+0000][1][safepoint    ] Entering safepoint region: Cleanup
[2022-06-13T03:10:44.498+0000][1][safepoint    ] Leaving safepoint region
[2022-06-13T03:10:44.499+0000][1][safepoint    ] Total time for which application threads were stopped: 0.0012062 seconds, Stopping threads took: 0.0005468 seconds
[2022-06-13T03:10:45.500+0000][1][safepoint    ] Application time: 1.0004097 seconds
[2022-06-13T03:10:45.501+0000][1][safepoint    ] Entering safepoint region: Cleanup
[2022-06-13T03:10:45.501+0000][1][safepoint    ] Leaving safepoint region
[2022-06-13T03:10:45.501+0000][1][safepoint    ] Total time for which application threads were stopped: 0.0008820 seconds, Stopping threads took: 0.0004916 seconds
[2022-06-13T03:10:46.502+0000][1][safepoint    ] Application time: 1.0003151 seconds
[2022-06-13T03:10:46.503+0000][1][safepoint    ] Entering safepoint region: Cleanup
[2022-06-13T03:10:46.503+0000][1][safepoint    ] Leaving safepoint region
[2022-06-13T03:10:46.504+0000][1][safepoint    ] Total time for which application threads were stopped: 0.0009016 seconds, Stopping threads took: 0.0004097 seconds
[2022-06-13T03:10:47.504+0000][1][safepoint    ] Application time: 1.0001795 seconds
[2022-06-13T03:10:47.505+0000][1][safepoint    ] Entering safepoint region: Cleanup
[2022-06-13T03:10:47.505+0000][1][safepoint    ] Leaving safepoint region
[2022-06-13T03:10:47.506+0000][1][safepoint    ] Total time for which application threads were stopped: 0.0009671 seconds, Stopping threads took: 0.0004440 seconds
[2022-06-13T03:10:48.507+0000][1][safepoint    ] Application time: 1.0002763 seconds
[2022-06-13T03:10:48.507+0000][1][safepoint    ] Entering safepoint region: Cleanup
[2022-06-13T03:10:48.508+0000][1][safepoint    ] Leaving safepoint region
[2022-06-13T03:10:48.508+0000][1][safepoint    ] Total time for which application threads were stopped: 0.0008313 seconds, Stopping threads took: 0.0003394 seconds
[2022-06-13T03:10:49.508+0000][1][safepoint    ] Application time: 1.0002308 seconds
[2022-06-13T03:10:49.509+0000][1][safepoint    ] Entering safepoint region: Cleanup
[2022-06-13T03:10:49.509+0000][1][safepoint    ] Leaving safepoint region
[2022-06-13T03:10:49.510+0000][1][safepoint    ] Total time for which application threads were stopped: 0.0007539 seconds, Stopping threads took: 0.0003654 seconds
[2022-06-13T03:10:50.510+0000][1][safepoint    ] Application time: 1.0002899 seconds
[2022-06-13T03:10:50.511+0000][1][safepoint    ] Entering safepoint region: Cleanup
[2022-06-13T03:10:50.511+0000][1][safepoint    ] Leaving safepoint region
[2022-06-13T03:10:50.511+0000][1][safepoint    ] Total time for which application threads were stopped: 0.0005164 seconds, Stopping threads took: 0.0002268 seconds
[2022-06-13T03:10:51.512+0000][1][safepoint    ] Application time: 1.0001661 seconds
[2022-06-13T03:10:51.513+0000][1][safepoint    ] Entering safepoint region: Cleanup
[2022-06-13T03:10:51.513+0000][1][safepoint    ] Leaving safepoint region
[2022-06-13T03:10:51.514+0000][1][safepoint    ] Total time for which application threads were stopped: 0.0012510 seconds, Stopping threads took: 0.0005730 seconds
[2022-06-13T03:10:52.515+0000][1][safepoint    ] Application time: 1.0002695 seconds
[2022-06-13T03:10:52.515+0000][1][safepoint    ] Entering safepoint region: Cleanup
[2022-06-13T03:10:52.516+0000][1][safepoint    ] Leaving safepoint region
[2022-06-13T03:10:52.516+0000][1][safepoint    ] Total time for which application threads were stopped: 0.0009086 seconds, Stopping threads took: 0.0004587 seconds
[2022-06-13T03:10:53.517+0000][1][safepoint    ] Application time: 1.0002157 seconds
[2022-06-13T03:10:53.517+0000][1][safepoint    ] Entering safepoint region: Cleanup
[2022-06-13T03:10:53.518+0000][1][safepoint    ] Leaving safepoint region
[2022-06-13T03:10:53.519+0000][1][safepoint    ] Total time for which application threads were stopped: 0.0014559 seconds, Stopping threads took: 0.0006638 seconds
[2022-06-13T03:10:54.519+0000][1][safepoint    ] Application time: 1.0002176 seconds
[2022-06-13T03:10:54.520+0000][1][safepoint    ] Entering safepoint region: Cleanup
[2022-06-13T03:10:54.521+0000][1][safepoint    ] Leaving safepoint region
[2022-06-13T03:10:54.521+0000][1][safepoint    ] Total time for which application threads were stopped: 0.0012168 seconds, Stopping threads took: 0.0004932 seconds
[2022-06-13T03:10:55.522+0000][1][safepoint    ] Application time: 1.0002060 seconds
[2022-06-13T03:10:55.523+0000][1][safepoint    ] Entering safepoint region: Cleanup
[2022-06-13T03:10:55.523+0000][1][safepoint    ] Leaving safepoint region
[2022-06-13T03:10:55.523+0000][1][safepoint    ] Total time for which application threads were stopped: 0.0008392 seconds, Stopping threads took: 0.0003949 seconds
[2022-06-13T03:10:56.524+0000][1][safepoint    ] Application time: 1.0003796 seconds
[2022-06-13T03:10:56.525+0000][1][safepoint    ] Entering safepoint region: Cleanup
[2022-06-13T03:10:56.526+0000][1][safepoint    ] Leaving safepoint region
[2022-06-13T03:10:56.527+0000][1][safepoint    ] Total time for which application threads were stopped: 0.0016144 seconds, Stopping threads took: 0.0008345 seconds
[2022-06-13T03:10:57.527+0000][1][safepoint    ] Application time: 1.0002610 seconds
[2022-06-13T03:10:57.528+0000][1][safepoint    ] Entering safepoint region: Cleanup
[2022-06-13T03:10:57.528+0000][1][safepoint    ] Leaving safepoint region
[2022-06-13T03:10:57.529+0000][1][safepoint    ] Total time for which application threads were stopped: 0.0008066 seconds, Stopping threads took: 0.0004236 seconds
[2022-06-13T03:10:58.529+0000][1][safepoint    ] Application time: 1.0001000 seconds
[2022-06-13T03:10:58.530+0000][1][safepoint    ] Entering safepoint region: Cleanup
[2022-06-13T03:10:58.530+0000][1][safepoint    ] Leaving safepoint region
[2022-06-13T03:10:58.530+0000][1][safepoint    ] Total time for which application threads were stopped: 0.0004510 seconds, Stopping threads took: 0.0001955 seconds
[2022-06-13T03:10:59.531+0000][1][safepoint    ] Application time: 1.0003938 seconds
[2022-06-13T03:10:59.532+0000][1][safepoint    ] Entering safepoint region: Cleanup
[2022-06-13T03:10:59.532+0000][1][safepoint    ] Leaving safepoint region
[2022-06-13T03:10:59.533+0000][1][safepoint    ] Total time for which application threads were stopped: 0.0011282 seconds, Stopping threads took: 0.0004726 seconds
[2022-06-13T03:11:00.533+0000][1][safepoint    ] Application time: 1.0002233 seconds
[2022-06-13T03:11:00.534+0000][1][safepoint    ] Entering safepoint region: Cleanup
[2022-06-13T03:11:00.534+0000][1][safepoint    ] Leaving safepoint region
[2022-06-13T03:11:00.534+0000][1][safepoint    ] Total time for which application threads were stopped: 0.0005909 seconds, Stopping threads took: 0.0002477 seconds
[2022-06-13T03:11:01.535+0000][1][safepoint    ] Application time: 1.0001240 seconds
[2022-06-13T03:11:01.535+0000][1][safepoint    ] Entering safepoint region: Cleanup
[2022-06-13T03:11:01.536+0000][1][safepoint    ] Leaving safepoint region
[2022-06-13T03:11:01.536+0000][1][safepoint    ] Total time for which application threads were stopped: 0.0008201 seconds, Stopping threads took: 0.0003993 seconds
[2022-06-13T03:11:02.537+0000][1][safepoint    ] Application time: 1.0002406 seconds
[2022-06-13T03:11:02.537+0000][1][safepoint    ] Entering safepoint region: Cleanup
[2022-06-13T03:11:02.537+0000][1][safepoint    ] Leaving safepoint region
[2022-06-13T03:11:02.538+0000][1][safepoint    ] Total time for which application threads were stopped: 0.0006372 seconds, Stopping threads took: 0.0003313 seconds
[2022-06-13T03:11:03.538+0000][1][safepoint    ] Application time: 1.0003409 seconds
[2022-06-13T03:11:03.539+0000][1][safepoint    ] Entering safepoint region: Cleanup
[2022-06-13T03:11:03.539+0000][1][safepoint    ] Leaving safepoint region
[2022-06-13T03:11:03.540+0000][1][safepoint    ] Total time for which application threads were stopped: 0.0010118 seconds, Stopping threads took: 0.0004945 seconds
[2022-06-13T03:11:04.541+0000][1][safepoint    ] Application time: 1.0003199 seconds
[2022-06-13T03:11:04.541+0000][1][safepoint    ] Entering safepoint region: Cleanup
[2022-06-13T03:11:04.542+0000][1][safepoint    ] Leaving safepoint region
[2022-06-13T03:11:04.542+0000][1][safepoint    ] Total time for which application threads were stopped: 0.0008199 seconds, Stopping threads took: 0.0003798 seconds
[2022-06-13T03:11:05.396+0000][1][safepoint    ] Application time: 0.8532592 seconds
[2022-06-13T03:11:05.396+0000][1][safepoint    ] Entering safepoint region: GenCollectForAllocation
[2022-06-13T03:11:05.396+0000][1][gc,start     ] GC(28) Pause Young (Allocation Failure)
[2022-06-13T03:11:05.396+0000][1][gc,task      ] GC(28) Using 5 workers of 13 for evacuation
[2022-06-13T03:11:05.399+0000][1][gc,age       ] GC(28) Desired survivor size 4456448 bytes, new threshold 6 (max threshold 6)
[2022-06-13T03:11:05.399+0000][1][gc,age       ] GC(28) Age table with threshold 6 (max threshold 6)
[2022-06-13T03:11:05.399+0000][1][gc,age       ] GC(28) - age   1:      32032 bytes,      32032 total
[2022-06-13T03:11:05.400+0000][1][gc,age       ] GC(28) - age   2:      14200 bytes,      46232 total
[2022-06-13T03:11:05.400+0000][1][gc,age       ] GC(28) - age   3:      12544 bytes,      58776 total
[2022-06-13T03:11:05.400+0000][1][gc,age       ] GC(28) - age   4:      14344 bytes,      73120 total
[2022-06-13T03:11:05.400+0000][1][gc,age       ] GC(28) - age   5:      34544 bytes,     107664 total
[2022-06-13T03:11:05.400+0000][1][gc,age       ] GC(28) - age   6:      80008 bytes,     187672 total
[2022-06-13T03:11:05.401+0000][1][gc,heap      ] GC(28) ParNew: 71903K->1430K(78656K)
[2022-06-13T03:11:05.401+0000][1][gc,heap      ] GC(28) CMS: 67656K->68951K(174784K)
[2022-06-13T03:11:05.401+0000][1][gc,metaspace ] GC(28) Metaspace: 65322K->65322K(1110016K)
[2022-06-13T03:11:05.401+0000][1][gc           ] GC(28) Pause Young (Allocation Failure) 136M->68M(247M) 5.297ms
[2022-06-13T03:11:05.401+0000][1][gc,cpu       ] GC(28) User=0.01s Sys=0.00s Real=0.01s
[2022-06-13T03:11:05.402+0000][1][safepoint    ] Leaving safepoint region
[2022-06-13T03:11:05.402+0000][1][safepoint    ] Total time for which application threads were stopped: 0.0062132 seconds, Stopping threads took: 0.0001480 seconds
[2022-06-13T03:11:06.402+0000][1][safepoint    ] Application time: 1.0004750 seconds
[2022-06-13T03:11:06.403+0000][1][safepoint    ] Entering safepoint region: Cleanup
[2022-06-13T03:11:06.403+0000][1][safepoint    ] Leaving safepoint region
[2022-06-13T03:11:06.404+0000][1][safepoint    ] Total time for which application threads were stopped: 0.0009180 seconds, Stopping threads took: 0.0005048 seconds
[2022-06-13T03:11:07.404+0000][1][safepoint    ] Application time: 1.0002132 seconds
[2022-06-13T03:11:07.405+0000][1][safepoint    ] Entering safepoint region: Cleanup
[2022-06-13T03:11:07.406+0000][1][safepoint    ] Leaving safepoint region
[2022-06-13T03:11:07.406+0000][1][safepoint    ] Total time for which application threads were stopped: 0.0014011 seconds, Stopping threads took: 0.0006980 seconds
[2022-06-13T03:11:08.407+0000][1][safepoint    ] Application time: 1.0001862 seconds
[2022-06-13T03:11:08.408+0000][1][safepoint    ] Entering safepoint region: Cleanup
[2022-06-13T03:11:08.408+0000][1][safepoint    ] Leaving safepoint region
[2022-06-13T03:11:08.409+0000][1][safepoint    ] Total time for which application threads were stopped: 0.0010735 seconds, Stopping threads took: 0.0004930 seconds
[2022-06-13T03:11:09.409+0000][1][safepoint    ] Application time: 1.0002421 seconds
[2022-06-13T03:11:09.410+0000][1][safepoint    ] Entering safepoint region: Cleanup
[2022-06-13T03:11:09.410+0000][1][safepoint    ] Leaving safepoint region
[2022-06-13T03:11:09.411+0000][1][safepoint    ] Total time for which application threads were stopped: 0.0008249 seconds, Stopping threads took: 0.0005126 seconds
[2022-06-13T03:11:10.411+0000][1][safepoint    ] Application time: 1.0003162 seconds
[2022-06-13T03:11:10.412+0000][1][safepoint    ] Entering safepoint region: Cleanup
[2022-06-13T03:11:10.412+0000][1][safepoint    ] Leaving safepoint region
[2022-06-13T03:11:10.413+0000][1][safepoint    ] Total time for which application threads were stopped: 0.0008105 seconds, Stopping threads took: 0.0004410 seconds
[2022-06-13T03:11:11.413+0000][1][safepoint    ] Application time: 1.0001466 seconds
[2022-06-13T03:11:11.414+0000][1][safepoint    ] Entering safepoint region: Cleanup
[2022-06-13T03:11:11.414+0000][1][safepoint    ] Leaving safepoint region
[2022-06-13T03:11:11.415+0000][1][safepoint    ] Total time for which application threads were stopped: 0.0011071 seconds, Stopping threads took: 0.0005325 seconds
[2022-06-13T03:11:12.416+0000][1][safepoint    ] Application time: 1.0002411 seconds
[2022-06-13T03:11:12.416+0000][1][safepoint    ] Entering safepoint region: Cleanup
[2022-06-13T03:11:12.417+0000][1][safepoint    ] Leaving safepoint region
[2022-06-13T03:11:12.417+0000][1][safepoint    ] Total time for which application threads were stopped: 0.0008268 seconds, Stopping threads took: 0.0004736 seconds
[2022-06-13T03:11:13.418+0000][1][safepoint    ] Application time: 1.0002498 seconds
[2022-06-13T03:11:13.418+0000][1][safepoint    ] Entering safepoint region: Cleanup
[2022-06-13T03:11:13.418+0000][1][safepoint    ] Leaving safepoint region
[2022-06-13T03:11:13.418+0000][1][safepoint    ] Total time for which application threads were stopped: 0.0005178 seconds, Stopping threads took: 0.0003083 seconds
[2022-06-13T03:11:14.419+0000][1][safepoint    ] Application time: 1.0001875 seconds
[2022-06-13T03:11:14.419+0000][1][safepoint    ] Entering safepoint region: Cleanup
[2022-06-13T03:11:14.420+0000][1][safepoint    ] Leaving safepoint region
[2022-06-13T03:11:14.420+0000][1][safepoint    ] Total time for which application threads were stopped: 0.0006288 seconds, Stopping threads took: 0.0003268 seconds
[2022-06-13T03:11:15.421+0000][1][safepoint    ] Application time: 1.0003708 seconds
[2022-06-13T03:11:15.421+0000][1][safepoint    ] Entering safepoint region: Cleanup
[2022-06-13T03:11:15.421+0000][1][safepoint    ] Leaving safepoint region
[2022-06-13T03:11:15.422+0000][1][safepoint    ] Total time for which application threads were stopped: 0.0006211 seconds, Stopping threads took: 0.0003014 seconds
[2022-06-13T03:11:16.422+0000][1][safepoint    ] Application time: 1.0001870 seconds
[2022-06-13T03:11:16.423+0000][1][safepoint    ] Entering safepoint region: Cleanup
[2022-06-13T03:11:16.423+0000][1][safepoint    ] Leaving safepoint region
[2022-06-13T03:11:16.423+0000][1][safepoint    ] Total time for which application threads were stopped: 0.0007007 seconds, Stopping threads took: 0.0003745 seconds
[2022-06-13T03:11:17.424+0000][1][safepoint    ] Application time: 1.0001594 seconds
[2022-06-13T03:11:17.424+0000][1][safepoint    ] Entering safepoint region: Cleanup
[2022-06-13T03:11:17.425+0000][1][safepoint    ] Leaving safepoint region
[2022-06-13T03:11:17.425+0000][1][safepoint    ] Total time for which application threads were stopped: 0.0007183 seconds, Stopping threads took: 0.0004882 seconds
[2022-06-13T03:11:18.426+0000][1][safepoint    ] Application time: 1.0001644 seconds
[2022-06-13T03:11:18.426+0000][1][safepoint    ] Entering safepoint region: Cleanup
[2022-06-13T03:11:18.426+0000][1][safepoint    ] Leaving safepoint region
[2022-06-13T03:11:18.427+0000][1][safepoint    ] Total time for which application threads were stopped: 0.0007971 seconds, Stopping threads took: 0.0003666 seconds
[2022-06-13T03:11:19.427+0000][1][safepoint    ] Application time: 1.0001972 seconds
[2022-06-13T03:11:19.428+0000][1][safepoint    ] Entering safepoint region: Cleanup
[2022-06-13T03:11:19.428+0000][1][safepoint    ] Leaving safepoint region
[2022-06-13T03:11:19.428+0000][1][safepoint    ] Total time for which application threads were stopped: 0.0006731 seconds, Stopping threads took: 0.0002784 seconds
[2022-06-13T03:11:20.429+0000][1][safepoint    ] Application time: 1.0002915 seconds
[2022-06-13T03:11:20.429+0000][1][safepoint    ] Entering safepoint region: Cleanup
[2022-06-13T03:11:20.430+0000][1][safepoint    ] Leaving safepoint region
[2022-06-13T03:11:20.430+0000][1][safepoint    ] Total time for which application threads were stopped: 0.0006449 seconds, Stopping threads took: 0.0003420 seconds
[2022-06-13T03:11:21.431+0000][1][safepoint    ] Application time: 1.0002785 seconds
[2022-06-13T03:11:21.431+0000][1][safepoint    ] Entering safepoint region: Cleanup
[2022-06-13T03:11:21.432+0000][1][safepoint    ] Leaving safepoint region
[2022-06-13T03:11:21.432+0000][1][safepoint    ] Total time for which application threads were stopped: 0.0011471 seconds, Stopping threads took: 0.0005797 seconds
[2022-06-13T03:11:22.433+0000][1][safepoint    ] Application time: 1.0001420 seconds
[2022-06-13T03:11:22.433+0000][1][safepoint    ] Entering safepoint region: Cleanup
[2022-06-13T03:11:22.434+0000][1][safepoint    ] Leaving safepoint region
[2022-06-13T03:11:22.434+0000][1][safepoint    ] Total time for which application threads were stopped: 0.0007701 seconds, Stopping threads took: 0.0003672 seconds
[2022-06-13T03:11:23.435+0000][1][safepoint    ] Application time: 1.0002548 seconds
[2022-06-13T03:11:23.435+0000][1][safepoint    ] Entering safepoint region: Cleanup
[2022-06-13T03:11:23.436+0000][1][safepoint    ] Leaving safepoint region
[2022-06-13T03:11:23.437+0000][1][safepoint    ] Total time for which application threads were stopped: 0.0013212 seconds, Stopping threads took: 0.0007146 seconds
[2022-06-13T03:11:24.437+0000][1][safepoint    ] Application time: 1.0002729 seconds
[2022-06-13T03:11:24.438+0000][1][safepoint    ] Entering safepoint region: Cleanup
[2022-06-13T03:11:24.438+0000][1][safepoint    ] Leaving safepoint region
[2022-06-13T03:11:24.438+0000][1][safepoint    ] Total time for which application threads were stopped: 0.0006029 seconds, Stopping threads took: 0.0002097 seconds
[2022-06-13T03:11:25.439+0000][1][safepoint    ] Application time: 1.0001936 seconds
[2022-06-13T03:11:25.439+0000][1][safepoint    ] Entering safepoint region: Cleanup
[2022-06-13T03:11:25.440+0000][1][safepoint    ] Leaving safepoint region
[2022-06-13T03:11:25.440+0000][1][safepoint    ] Total time for which application threads were stopped: 0.0007469 seconds, Stopping threads took: 0.0004880 seconds
[2022-06-13T03:11:26.440+0000][1][safepoint    ] Application time: 1.0002033 seconds
[2022-06-13T03:11:26.441+0000][1][safepoint    ] Entering safepoint region: Cleanup
[2022-06-13T03:11:26.441+0000][1][safepoint    ] Leaving safepoint region
[2022-06-13T03:11:26.442+0000][1][safepoint    ] Total time for which application threads were stopped: 0.0008267 seconds, Stopping threads took: 0.0003307 seconds
[2022-06-13T03:11:27.442+0000][1][safepoint    ] Application time: 1.0001533 seconds
[2022-06-13T03:11:27.443+0000][1][safepoint    ] Entering safepoint region: Cleanup
[2022-06-13T03:11:27.443+0000][1][safepoint    ] Leaving safepoint region
[2022-06-13T03:11:27.443+0000][1][safepoint    ] Total time for which application threads were stopped: 0.0006129 seconds, Stopping threads took: 0.0002091 seconds
[2022-06-13T03:11:28.444+0000][1][safepoint    ] Application time: 1.0002631 seconds
[2022-06-13T03:11:28.444+0000][1][safepoint    ] Entering safepoint region: Cleanup
[2022-06-13T03:11:28.444+0000][1][safepoint    ] Leaving safepoint region
[2022-06-13T03:11:28.444+0000][1][safepoint    ] Total time for which application threads were stopped: 0.0004808 seconds, Stopping threads took: 0.0001263 seconds
[2022-06-13T03:11:29.445+0000][1][safepoint    ] Application time: 1.0002565 seconds
[2022-06-13T03:11:29.446+0000][1][safepoint    ] Entering safepoint region: Cleanup
[2022-06-13T03:11:29.446+0000][1][safepoint    ] Leaving safepoint region
[2022-06-13T03:11:29.446+0000][1][safepoint    ] Total time for which application threads were stopped: 0.0007530 seconds, Stopping threads took: 0.0003709 seconds
[2022-06-13T03:11:30.447+0000][1][safepoint    ] Application time: 1.0003053 seconds
[2022-06-13T03:11:30.447+0000][1][safepoint    ] Entering safepoint region: Cleanup
[2022-06-13T03:11:30.448+0000][1][safepoint    ] Leaving safepoint region
[2022-06-13T03:11:30.448+0000][1][safepoint    ] Total time for which application threads were stopped: 0.0009845 seconds, Stopping threads took: 0.0006103 seconds
[2022-06-13T03:11:31.449+0000][1][safepoint    ] Application time: 1.0001337 seconds
[2022-06-13T03:11:31.449+0000][1][safepoint    ] Entering safepoint region: Cleanup
[2022-06-13T03:11:31.450+0000][1][safepoint    ] Leaving safepoint region
[2022-06-13T03:11:31.450+0000][1][safepoint    ] Total time for which application threads were stopped: 0.0004805 seconds, Stopping threads took: 0.0002359 seconds
[2022-06-13T03:11:32.450+0000][1][safepoint    ] Application time: 1.0001766 seconds
[2022-06-13T03:11:32.451+0000][1][safepoint    ] Entering safepoint region: Cleanup
[2022-06-13T03:11:32.451+0000][1][safepoint    ] Leaving safepoint region
[2022-06-13T03:11:32.452+0000][1][safepoint    ] Total time for which application threads were stopped: 0.0007740 seconds, Stopping threads took: 0.0004048 seconds
[2022-06-13T03:11:33.452+0000][1][safepoint    ] Application time: 1.0001520 seconds
[2022-06-13T03:11:33.452+0000][1][safepoint    ] Entering safepoint region: Cleanup
[2022-06-13T03:11:33.453+0000][1][safepoint    ] Leaving safepoint region
[2022-06-13T03:11:33.453+0000][1][safepoint    ] Total time for which application threads were stopped: 0.0004096 seconds, Stopping threads took: 0.0001621 seconds
[2022-06-13T03:11:34.453+0000][1][safepoint    ] Application time: 1.0001507 seconds
[2022-06-13T03:11:34.454+0000][1][safepoint    ] Entering safepoint region: Cleanup
[2022-06-13T03:11:34.454+0000][1][safepoint    ] Leaving safepoint region
[2022-06-13T03:11:34.454+0000][1][safepoint    ] Total time for which application threads were stopped: 0.0006498 seconds, Stopping threads took: 0.0003349 seconds
[2022-06-13T03:11:35.455+0000][1][safepoint    ] Application time: 1.0001989 seconds
[2022-06-13T03:11:35.455+0000][1][safepoint    ] Entering safepoint region: Cleanup
[2022-06-13T03:11:35.456+0000][1][safepoint    ] Leaving safepoint region
[2022-06-13T03:11:35.456+0000][1][safepoint    ] Total time for which application threads were stopped: 0.0007253 seconds, Stopping threads took: 0.0003327 seconds
[2022-06-13T03:11:36.456+0000][1][safepoint    ] Application time: 1.0001303 seconds
[2022-06-13T03:11:36.457+0000][1][safepoint    ] Entering safepoint region: Cleanup
[2022-06-13T03:11:36.457+0000][1][safepoint    ] Leaving safepoint region
[2022-06-13T03:11:36.457+0000][1][safepoint    ] Total time for which application threads were stopped: 0.0005130 seconds, Stopping threads took: 0.0002280 seconds
[2022-06-13T03:11:37.457+0000][1][safepoint    ] Application time: 1.0000987 seconds
[2022-06-13T03:11:37.458+0000][1][safepoint    ] Entering safepoint region: Cleanup
[2022-06-13T03:11:37.458+0000][1][safepoint    ] Leaving safepoint region
[2022-06-13T03:11:37.458+0000][1][safepoint    ] Total time for which application threads were stopped: 0.0004111 seconds, Stopping threads took: 0.0001552 seconds
[2022-06-13T03:11:38.458+0000][1][safepoint    ] Application time: 1.0001822 seconds
[2022-06-13T03:11:38.459+0000][1][safepoint    ] Entering safepoint region: Cleanup
[2022-06-13T03:11:38.459+0000][1][safepoint    ] Leaving safepoint region
[2022-06-13T03:11:38.459+0000][1][safepoint    ] Total time for which application threads were stopped: 0.0007511 seconds, Stopping threads took: 0.0002392 seconds
[2022-06-13T03:11:39.460+0000][1][safepoint    ] Application time: 1.0002732 seconds
[2022-06-13T03:11:39.461+0000][1][safepoint    ] Entering safepoint region: Cleanup
[2022-06-13T03:11:39.461+0000][1][safepoint    ] Leaving safepoint region
[2022-06-13T03:11:39.462+0000][1][safepoint    ] Total time for which application threads were stopped: 0.0012801 seconds, Stopping threads took: 0.0007035 seconds
[2022-06-13T03:11:40.463+0000][1][safepoint    ] Application time: 1.0002701 seconds
[2022-06-13T03:11:40.463+0000][1][safepoint    ] Entering safepoint region: Cleanup
[2022-06-13T03:11:40.463+0000][1][safepoint    ] Leaving safepoint region
[2022-06-13T03:11:40.464+0000][1][safepoint    ] Total time for which application threads were stopped: 0.0009966 seconds, Stopping threads took: 0.0004519 seconds
[2022-06-13T03:11:41.464+0000][1][safepoint    ] Application time: 1.0001795 seconds
[2022-06-13T03:11:41.465+0000][1][safepoint    ] Entering safepoint region: Cleanup
[2022-06-13T03:11:41.465+0000][1][safepoint    ] Leaving safepoint region
[2022-06-13T03:11:41.465+0000][1][safepoint    ] Total time for which application threads were stopped: 0.0004510 seconds, Stopping threads took: 0.0001713 seconds
[2022-06-13T03:11:42.466+0000][1][safepoint    ] Application time: 1.0001987 seconds
[2022-06-13T03:11:42.466+0000][1][safepoint    ] Entering safepoint region: Cleanup
[2022-06-13T03:11:42.467+0000][1][safepoint    ] Leaving safepoint region
[2022-06-13T03:11:42.467+0000][1][safepoint    ] Total time for which application threads were stopped: 0.0012518 seconds, Stopping threads took: 0.0006195 seconds
[2022-06-13T03:11:43.468+0000][1][safepoint    ] Application time: 1.0002618 seconds
[2022-06-13T03:11:43.469+0000][1][safepoint    ] Entering safepoint region: Cleanup
[2022-06-13T03:11:43.469+0000][1][safepoint    ] Leaving safepoint region
[2022-06-13T03:11:43.469+0000][1][safepoint    ] Total time for which application threads were stopped: 0.0008468 seconds, Stopping threads took: 0.0004291 seconds
[2022-06-13T03:11:44.470+0000][1][safepoint    ] Application time: 1.0001592 seconds
[2022-06-13T03:11:44.470+0000][1][safepoint    ] Entering safepoint region: Cleanup
[2022-06-13T03:11:44.471+0000][1][safepoint    ] Leaving safepoint region
[2022-06-13T03:11:44.471+0000][1][safepoint    ] Total time for which application threads were stopped: 0.0007337 seconds, Stopping threads took: 0.0003887 seconds
[2022-06-13T03:11:45.472+0000][1][safepoint    ] Application time: 1.0001746 seconds
[2022-06-13T03:11:45.472+0000][1][safepoint    ] Entering safepoint region: Cleanup
[2022-06-13T03:11:45.473+0000][1][safepoint    ] Leaving safepoint region
[2022-06-13T03:11:45.473+0000][1][safepoint    ] Total time for which application threads were stopped: 0.0008692 seconds, Stopping threads took: 0.0003860 seconds
[2022-06-13T03:11:46.474+0000][1][safepoint    ] Application time: 1.0002483 seconds
[2022-06-13T03:11:46.475+0000][1][safepoint    ] Entering safepoint region: Cleanup
[2022-06-13T03:11:46.475+0000][1][safepoint    ] Leaving safepoint region
[2022-06-13T03:11:46.476+0000][1][safepoint    ] Total time for which application threads were stopped: 0.0013962 seconds, Stopping threads took: 0.0008182 seconds
[2022-06-13T03:11:47.477+0000][1][safepoint    ] Application time: 1.0002126 seconds
[2022-06-13T03:11:47.477+0000][1][safepoint    ] Entering safepoint region: Cleanup
[2022-06-13T03:11:47.477+0000][1][safepoint    ] Leaving safepoint region
[2022-06-13T03:11:47.477+0000][1][safepoint    ] Total time for which application threads were stopped: 0.0004328 seconds, Stopping threads took: 0.0001946 seconds
[2022-06-13T03:11:48.478+0000][1][safepoint    ] Application time: 1.0002604 seconds
[2022-06-13T03:11:48.478+0000][1][safepoint    ] Entering safepoint region: Cleanup
[2022-06-13T03:11:48.479+0000][1][safepoint    ] Leaving safepoint region
[2022-06-13T03:11:48.479+0000][1][safepoint    ] Total time for which application threads were stopped: 0.0006061 seconds, Stopping threads took: 0.0003874 seconds
[2022-06-13T03:11:49.479+0000][1][safepoint    ] Application time: 1.0002779 seconds
[2022-06-13T03:11:49.480+0000][1][safepoint    ] Entering safepoint region: Cleanup
[2022-06-13T03:11:49.480+0000][1][safepoint    ] Leaving safepoint region
[2022-06-13T03:11:49.481+0000][1][safepoint    ] Total time for which application threads were stopped: 0.0009488 seconds, Stopping threads took: 0.0004542 seconds
[2022-06-13T03:11:50.481+0000][1][safepoint    ] Application time: 1.0001443 seconds
[2022-06-13T03:11:50.482+0000][1][safepoint    ] Entering safepoint region: Cleanup
[2022-06-13T03:11:50.482+0000][1][safepoint    ] Leaving safepoint region
[2022-06-13T03:11:50.483+0000][1][safepoint    ] Total time for which application threads were stopped: 0.0006661 seconds, Stopping threads took: 0.0003040 seconds
[2022-06-13T03:11:51.483+0000][1][safepoint    ] Application time: 1.0002358 seconds
[2022-06-13T03:11:51.484+0000][1][safepoint    ] Entering safepoint region: Cleanup
[2022-06-13T03:11:51.484+0000][1][safepoint    ] Leaving safepoint region
[2022-06-13T03:11:51.484+0000][1][safepoint    ] Total time for which application threads were stopped: 0.0007139 seconds, Stopping threads took: 0.0002914 seconds
[2022-06-13T03:11:52.485+0000][1][safepoint    ] Application time: 1.0002178 seconds
[2022-06-13T03:11:52.485+0000][1][safepoint    ] Entering safepoint region: Cleanup
[2022-06-13T03:11:52.486+0000][1][safepoint    ] Leaving safepoint region
[2022-06-13T03:11:52.486+0000][1][safepoint    ] Total time for which application threads were stopped: 0.0007570 seconds, Stopping threads took: 0.0002983 seconds
[2022-06-13T03:11:53.487+0000][1][safepoint    ] Application time: 1.0001584 seconds
[2022-06-13T03:11:53.487+0000][1][safepoint    ] Entering safepoint region: Cleanup
[2022-06-13T03:11:53.487+0000][1][safepoint    ] Leaving safepoint region
[2022-06-13T03:11:53.488+0000][1][safepoint    ] Total time for which application threads were stopped: 0.0005704 seconds, Stopping threads took: 0.0002802 seconds
[2022-06-13T03:11:54.488+0000][1][safepoint    ] Application time: 1.0002263 seconds
[2022-06-13T03:11:54.488+0000][1][safepoint    ] Entering safepoint region: Cleanup
[2022-06-13T03:11:54.489+0000][1][safepoint    ] Leaving safepoint region
[2022-06-13T03:11:54.489+0000][1][safepoint    ] Total time for which application threads were stopped: 0.0006323 seconds, Stopping threads took: 0.0003777 seconds
[2022-06-13T03:11:55.489+0000][1][safepoint    ] Application time: 1.0002061 seconds
[2022-06-13T03:11:55.490+0000][1][safepoint    ] Entering safepoint region: Cleanup
[2022-06-13T03:11:55.490+0000][1][safepoint    ] Leaving safepoint region
[2022-06-13T03:11:55.490+0000][1][safepoint    ] Total time for which application threads were stopped: 0.0005343 seconds, Stopping threads took: 0.0002829 seconds
[2022-06-13T03:11:56.491+0000][1][safepoint    ] Application time: 1.0001187 seconds
[2022-06-13T03:11:56.491+0000][1][safepoint    ] Entering safepoint region: Cleanup
[2022-06-13T03:11:56.492+0000][1][safepoint    ] Leaving safepoint region
[2022-06-13T03:11:56.492+0000][1][safepoint    ] Total time for which application threads were stopped: 0.0007814 seconds, Stopping threads took: 0.0003577 seconds
[2022-06-13T03:11:57.493+0000][1][safepoint    ] Application time: 1.0002477 seconds
[2022-06-13T03:11:57.493+0000][1][safepoint    ] Entering safepoint region: Cleanup
[2022-06-13T03:11:57.494+0000][1][safepoint    ] Leaving safepoint region
[2022-06-13T03:11:57.494+0000][1][safepoint    ] Total time for which application threads were stopped: 0.0009706 seconds, Stopping threads took: 0.0005176 seconds
[2022-06-13T03:11:58.495+0000][1][safepoint    ] Application time: 1.0001644 seconds
[2022-06-13T03:11:58.495+0000][1][safepoint    ] Entering safepoint region: Cleanup
[2022-06-13T03:11:58.496+0000][1][safepoint    ] Leaving safepoint region
[2022-06-13T03:11:58.496+0000][1][safepoint    ] Total time for which application threads were stopped: 0.0006466 seconds, Stopping threads took: 0.0003245 seconds
[2022-06-13T03:11:59.496+0000][1][safepoint    ] Application time: 1.0002380 seconds
[2022-06-13T03:11:59.497+0000][1][safepoint    ] Entering safepoint region: Cleanup
[2022-06-13T03:11:59.497+0000][1][safepoint    ] Leaving safepoint region
[2022-06-13T03:11:59.498+0000][1][safepoint    ] Total time for which application threads were stopped: 0.0008816 seconds, Stopping threads took: 0.0003883 seconds
[2022-06-13T03:12:00.498+0000][1][safepoint    ] Application time: 1.0001089 seconds
[2022-06-13T03:12:00.499+0000][1][safepoint    ] Entering safepoint region: Cleanup
[2022-06-13T03:12:00.499+0000][1][safepoint    ] Leaving safepoint region
[2022-06-13T03:12:00.499+0000][1][safepoint    ] Total time for which application threads were stopped: 0.0006078 seconds, Stopping threads took: 0.0002482 seconds
[2022-06-13T03:12:01.500+0000][1][safepoint    ] Application time: 1.0003109 seconds
[2022-06-13T03:12:01.500+0000][1][safepoint    ] Entering safepoint region: Cleanup
[2022-06-13T03:12:01.501+0000][1][safepoint    ] Leaving safepoint region
[2022-06-13T03:12:01.501+0000][1][safepoint    ] Total time for which application threads were stopped: 0.0005946 seconds, Stopping threads took: 0.0002492 seconds
[2022-06-13T03:12:02.501+0000][1][safepoint    ] Application time: 1.0001944 seconds
[2022-06-13T03:12:02.502+0000][1][safepoint    ] Entering safepoint region: Cleanup
[2022-06-13T03:12:02.502+0000][1][safepoint    ] Leaving safepoint region
[2022-06-13T03:12:02.502+0000][1][safepoint    ] Total time for which application threads were stopped: 0.0007120 seconds, Stopping threads took: 0.0003647 seconds
[2022-06-13T03:12:03.503+0000][1][safepoint    ] Application time: 1.0003150 seconds
[2022-06-13T03:12:03.504+0000][1][safepoint    ] Entering safepoint region: Cleanup
[2022-06-13T03:12:03.504+0000][1][safepoint    ] Leaving safepoint region
[2022-06-13T03:12:03.504+0000][1][safepoint    ] Total time for which application threads were stopped: 0.0005821 seconds, Stopping threads took: 0.0002997 seconds
[2022-06-13T03:12:04.505+0000][1][safepoint    ] Application time: 1.0002527 seconds
[2022-06-13T03:12:04.505+0000][1][safepoint    ] Entering safepoint region: Cleanup
[2022-06-13T03:12:04.506+0000][1][safepoint    ] Leaving safepoint region
[2022-06-13T03:12:04.506+0000][1][safepoint    ] Total time for which application threads were stopped: 0.0007587 seconds, Stopping threads took: 0.0003189 seconds
[2022-06-13T03:12:05.507+0000][1][safepoint    ] Application time: 1.0002355 seconds
[2022-06-13T03:12:05.507+0000][1][safepoint    ] Entering safepoint region: Cleanup
[2022-06-13T03:12:05.507+0000][1][safepoint    ] Leaving safepoint region
[2022-06-13T03:12:05.508+0000][1][safepoint    ] Total time for which application threads were stopped: 0.0006236 seconds, Stopping threads took: 0.0003128 seconds
[2022-06-13T03:12:06.508+0000][1][safepoint    ] Application time: 1.0001981 seconds
[2022-06-13T03:12:06.509+0000][1][safepoint    ] Entering safepoint region: Cleanup
[2022-06-13T03:12:06.509+0000][1][safepoint    ] Leaving safepoint region
[2022-06-13T03:12:06.509+0000][1][safepoint    ] Total time for which application threads were stopped: 0.0007036 seconds, Stopping threads took: 0.0002458 seconds
[2022-06-13T03:12:07.510+0000][1][safepoint    ] Application time: 1.0003742 seconds
[2022-06-13T03:12:07.510+0000][1][safepoint    ] Entering safepoint region: Cleanup
[2022-06-13T03:12:07.511+0000][1][safepoint    ] Leaving safepoint region
[2022-06-13T03:12:07.511+0000][1][safepoint    ] Total time for which application threads were stopped: 0.0007442 seconds, Stopping threads took: 0.0003825 seconds
[2022-06-13T03:12:08.512+0000][1][safepoint    ] Application time: 1.0002201 seconds
[2022-06-13T03:12:08.512+0000][1][safepoint    ] Entering safepoint region: Cleanup
[2022-06-13T03:12:08.513+0000][1][safepoint    ] Leaving safepoint region
[2022-06-13T03:12:08.513+0000][1][safepoint    ] Total time for which application threads were stopped: 0.0010869 seconds, Stopping threads took: 0.0004690 seconds
[2022-06-13T03:12:09.514+0000][1][safepoint    ] Application time: 1.0002836 seconds
[2022-06-13T03:12:09.515+0000][1][safepoint    ] Entering safepoint region: Cleanup
[2022-06-13T03:12:09.515+0000][1][safepoint    ] Leaving safepoint region
[2022-06-13T03:12:09.516+0000][1][safepoint    ] Total time for which application threads were stopped: 0.0009222 seconds, Stopping threads took: 0.0004231 seconds
[2022-06-13T03:12:10.516+0000][1][safepoint    ] Application time: 1.0002589 seconds
[2022-06-13T03:12:10.517+0000][1][safepoint    ] Entering safepoint region: Cleanup
[2022-06-13T03:12:10.517+0000][1][safepoint    ] Leaving safepoint region
[2022-06-13T03:12:10.518+0000][1][safepoint    ] Total time for which application threads were stopped: 0.0008280 seconds, Stopping threads took: 0.0005170 seconds
[2022-06-13T03:12:11.518+0000][1][safepoint    ] Application time: 1.0002833 seconds
[2022-06-13T03:12:11.519+0000][1][safepoint    ] Entering safepoint region: Cleanup
[2022-06-13T03:12:11.519+0000][1][safepoint    ] Leaving safepoint region
[2022-06-13T03:12:11.520+0000][1][safepoint    ] Total time for which application threads were stopped: 0.0014458 seconds, Stopping threads took: 0.0004759 seconds
[2022-06-13T03:12:12.521+0000][1][safepoint    ] Application time: 1.0003173 seconds
[2022-06-13T03:12:12.522+0000][1][safepoint    ] Entering safepoint region: Cleanup
[2022-06-13T03:12:12.522+0000][1][safepoint    ] Leaving safepoint region
[2022-06-13T03:12:12.522+0000][1][safepoint    ] Total time for which application threads were stopped: 0.0005476 seconds, Stopping threads took: 0.0002661 seconds
[2022-06-13T03:12:13.522+0000][1][safepoint    ] Application time: 1.0001701 seconds
[2022-06-13T03:12:13.523+0000][1][safepoint    ] Entering safepoint region: Cleanup
[2022-06-13T03:12:13.523+0000][1][safepoint    ] Leaving safepoint region
[2022-06-13T03:12:13.524+0000][1][safepoint    ] Total time for which application threads were stopped: 0.0009374 seconds, Stopping threads took: 0.0003549 seconds
[2022-06-13T03:12:14.524+0000][1][safepoint    ] Application time: 1.0001077 seconds
[2022-06-13T03:12:14.525+0000][1][safepoint    ] Entering safepoint region: Cleanup
[2022-06-13T03:12:14.525+0000][1][safepoint    ] Leaving safepoint region
[2022-06-13T03:12:14.525+0000][1][safepoint    ] Total time for which application threads were stopped: 0.0006378 seconds, Stopping threads took: 0.0002928 seconds
[2022-06-13T03:12:15.526+0000][1][safepoint    ] Application time: 1.0001904 seconds
[2022-06-13T03:12:15.527+0000][1][safepoint    ] Entering safepoint region: Cleanup
[2022-06-13T03:12:15.528+0000][1][safepoint    ] Leaving safepoint region
[2022-06-13T03:12:15.529+0000][1][safepoint    ] Total time for which application threads were stopped: 0.0018705 seconds, Stopping threads took: 0.0011170 seconds
[2022-06-13T03:12:16.529+0000][1][safepoint    ] Application time: 1.0001907 seconds
[2022-06-13T03:12:16.530+0000][1][safepoint    ] Entering safepoint region: Cleanup
[2022-06-13T03:12:16.531+0000][1][safepoint    ] Leaving safepoint region
[2022-06-13T03:12:16.531+0000][1][safepoint    ] Total time for which application threads were stopped: 0.0011335 seconds, Stopping threads took: 0.0004579 seconds
[2022-06-13T03:12:17.532+0000][1][safepoint    ] Application time: 1.0002100 seconds
[2022-06-13T03:12:17.532+0000][1][safepoint    ] Entering safepoint region: Cleanup
[2022-06-13T03:12:17.533+0000][1][safepoint    ] Leaving safepoint region
[2022-06-13T03:12:17.533+0000][1][safepoint    ] Total time for which application threads were stopped: 0.0008366 seconds, Stopping threads took: 0.0003953 seconds
[2022-06-13T03:12:18.534+0000][1][safepoint    ] Application time: 1.0003228 seconds
[2022-06-13T03:12:18.534+0000][1][safepoint    ] Entering safepoint region: Cleanup
[2022-06-13T03:12:18.535+0000][1][safepoint    ] Leaving safepoint region
[2022-06-13T03:12:18.536+0000][1][safepoint    ] Total time for which application threads were stopped: 0.0012485 seconds, Stopping threads took: 0.0005344 seconds
[2022-06-13T03:12:19.536+0000][1][safepoint    ] Application time: 1.0002146 seconds
[2022-06-13T03:12:19.537+0000][1][safepoint    ] Entering safepoint region: Cleanup
[2022-06-13T03:12:19.537+0000][1][safepoint    ] Leaving safepoint region
[2022-06-13T03:12:19.538+0000][1][safepoint    ] Total time for which application threads were stopped: 0.0009047 seconds, Stopping threads took: 0.0004349 seconds
[2022-06-13T03:12:20.538+0000][1][safepoint    ] Application time: 1.0001973 seconds
[2022-06-13T03:12:20.539+0000][1][safepoint    ] Entering safepoint region: Cleanup
[2022-06-13T03:12:20.539+0000][1][safepoint    ] Leaving safepoint region
[2022-06-13T03:12:20.540+0000][1][safepoint    ] Total time for which application threads were stopped: 0.0009218 seconds, Stopping threads took: 0.0003904 seconds
[2022-06-13T03:12:21.540+0000][1][safepoint    ] Application time: 1.0001305 seconds
[2022-06-13T03:12:21.541+0000][1][safepoint    ] Entering safepoint region: Cleanup
[2022-06-13T03:12:21.541+0000][1][safepoint    ] Leaving safepoint region
[2022-06-13T03:12:21.541+0000][1][safepoint    ] Total time for which application threads were stopped: 0.0005727 seconds, Stopping threads took: 0.0002554 seconds
[2022-06-13T03:12:22.542+0000][1][safepoint    ] Application time: 1.0003427 seconds
[2022-06-13T03:12:22.543+0000][1][safepoint    ] Entering safepoint region: Cleanup
[2022-06-13T03:12:22.543+0000][1][safepoint    ] Leaving safepoint region
[2022-06-13T03:12:22.544+0000][1][safepoint    ] Total time for which application threads were stopped: 0.0015148 seconds, Stopping threads took: 0.0005574 seconds
[2022-06-13T03:12:23.545+0000][1][safepoint    ] Application time: 1.0003495 seconds
[2022-06-13T03:12:23.545+0000][1][safepoint    ] Entering safepoint region: Cleanup
[2022-06-13T03:12:23.546+0000][1][safepoint    ] Leaving safepoint region
[2022-06-13T03:12:23.546+0000][1][safepoint    ] Total time for which application threads were stopped: 0.0009042 seconds, Stopping threads took: 0.0004339 seconds
[2022-06-13T03:12:24.547+0000][1][safepoint    ] Application time: 1.0002154 seconds
[2022-06-13T03:12:24.548+0000][1][safepoint    ] Entering safepoint region: Cleanup
[2022-06-13T03:12:24.548+0000][1][safepoint    ] Leaving safepoint region
[2022-06-13T03:12:24.549+0000][1][safepoint    ] Total time for which application threads were stopped: 0.0011013 seconds, Stopping threads took: 0.0004933 seconds
[2022-06-13T03:12:25.549+0000][1][safepoint    ] Application time: 1.0001459 seconds
[2022-06-13T03:12:25.550+0000][1][safepoint    ] Entering safepoint region: Cleanup
[2022-06-13T03:12:25.550+0000][1][safepoint    ] Leaving safepoint region
[2022-06-13T03:12:25.551+0000][1][safepoint    ] Total time for which application threads were stopped: 0.0008195 seconds, Stopping threads took: 0.0003786 seconds
[2022-06-13T03:12:26.551+0000][1][safepoint    ] Application time: 1.0002216 seconds
[2022-06-13T03:12:26.552+0000][1][safepoint    ] Entering safepoint region: Cleanup
[2022-06-13T03:12:26.553+0000][1][safepoint    ] Leaving safepoint region
[2022-06-13T03:12:26.553+0000][1][safepoint    ] Total time for which application threads were stopped: 0.0007099 seconds, Stopping threads took: 0.0003303 seconds
[2022-06-13T03:12:27.553+0000][1][safepoint    ] Application time: 1.0001376 seconds
[2022-06-13T03:12:27.554+0000][1][safepoint    ] Entering safepoint region: Cleanup
[2022-06-13T03:12:27.554+0000][1][safepoint    ] Leaving safepoint region
[2022-06-13T03:12:27.555+0000][1][safepoint    ] Total time for which application threads were stopped: 0.0008810 seconds, Stopping threads took: 0.0003925 seconds
[2022-06-13T03:12:28.555+0000][1][safepoint    ] Application time: 1.0001666 seconds
[2022-06-13T03:12:28.556+0000][1][safepoint    ] Entering safepoint region: Cleanup
[2022-06-13T03:12:28.556+0000][1][safepoint    ] Leaving safepoint region
[2022-06-13T03:12:28.557+0000][1][safepoint    ] Total time for which application threads were stopped: 0.0007884 seconds, Stopping threads took: 0.0003687 seconds
[2022-06-13T03:12:29.557+0000][1][safepoint    ] Application time: 1.0002179 seconds
[2022-06-13T03:12:29.558+0000][1][safepoint    ] Entering safepoint region: Cleanup
[2022-06-13T03:12:29.558+0000][1][safepoint    ] Leaving safepoint region
[2022-06-13T03:12:29.559+0000][1][safepoint    ] Total time for which application threads were stopped: 0.0009000 seconds, Stopping threads took: 0.0004782 seconds
[2022-06-13T03:12:30.559+0000][1][safepoint    ] Application time: 1.0001728 seconds
[2022-06-13T03:12:30.560+0000][1][safepoint    ] Entering safepoint region: Cleanup
[2022-06-13T03:12:30.560+0000][1][safepoint    ] Leaving safepoint region
[2022-06-13T03:12:30.560+0000][1][safepoint    ] Total time for which application threads were stopped: 0.0004177 seconds, Stopping threads took: 0.0001949 seconds
[2022-06-13T03:12:31.560+0000][1][safepoint    ] Application time: 1.0003163 seconds
[2022-06-13T03:12:31.561+0000][1][safepoint    ] Entering safepoint region: Cleanup
[2022-06-13T03:12:31.562+0000][1][safepoint    ] Leaving safepoint region
[2022-06-13T03:12:31.562+0000][1][safepoint    ] Total time for which application threads were stopped: 0.0012146 seconds, Stopping threads took: 0.0005909 seconds
[2022-06-13T03:12:32.563+0000][1][safepoint    ] Application time: 1.0002844 seconds
[2022-06-13T03:12:32.564+0000][1][safepoint    ] Entering safepoint region: Cleanup
[2022-06-13T03:12:32.564+0000][1][safepoint    ] Leaving safepoint region
[2022-06-13T03:12:32.564+0000][1][safepoint    ] Total time for which application threads were stopped: 0.0005453 seconds, Stopping threads took: 0.0002514 seconds
[2022-06-13T03:12:33.565+0000][1][safepoint    ] Application time: 1.0002890 seconds
[2022-06-13T03:12:33.565+0000][1][safepoint    ] Entering safepoint region: Cleanup
[2022-06-13T03:12:33.566+0000][1][safepoint    ] Leaving safepoint region
[2022-06-13T03:12:33.566+0000][1][safepoint    ] Total time for which application threads were stopped: 0.0009860 seconds, Stopping threads took: 0.0004762 seconds
[2022-06-13T03:12:34.567+0000][1][safepoint    ] Application time: 1.0001597 seconds
[2022-06-13T03:12:34.567+0000][1][safepoint    ] Entering safepoint region: Cleanup
[2022-06-13T03:12:34.568+0000][1][safepoint    ] Leaving safepoint region
[2022-06-13T03:12:34.568+0000][1][safepoint    ] Total time for which application threads were stopped: 0.0008898 seconds, Stopping threads took: 0.0004622 seconds
[2022-06-13T03:12:35.569+0000][1][safepoint    ] Application time: 1.0002741 seconds
[2022-06-13T03:12:35.569+0000][1][safepoint    ] Entering safepoint region: Cleanup
[2022-06-13T03:12:35.570+0000][1][safepoint    ] Leaving safepoint region
[2022-06-13T03:12:35.570+0000][1][safepoint    ] Total time for which application threads were stopped: 0.0009337 seconds, Stopping threads took: 0.0003474 seconds
[2022-06-13T03:12:36.571+0000][1][safepoint    ] Application time: 1.0002177 seconds
[2022-06-13T03:12:36.571+0000][1][safepoint    ] Entering safepoint region: Cleanup
[2022-06-13T03:12:36.572+0000][1][safepoint    ] Leaving safepoint region
[2022-06-13T03:12:36.572+0000][1][safepoint    ] Total time for which application threads were stopped: 0.0010320 seconds, Stopping threads took: 0.0004978 seconds
[2022-06-13T03:12:37.573+0000][1][safepoint    ] Application time: 1.0002792 seconds
[2022-06-13T03:12:37.574+0000][1][safepoint    ] Entering safepoint region: Cleanup
[2022-06-13T03:12:37.574+0000][1][safepoint    ] Leaving safepoint region
[2022-06-13T03:12:37.575+0000][1][safepoint    ] Total time for which application threads were stopped: 0.0008356 seconds, Stopping threads took: 0.0004244 seconds
[2022-06-13T03:12:38.575+0000][1][safepoint    ] Application time: 1.0003782 seconds
[2022-06-13T03:12:38.576+0000][1][safepoint    ] Entering safepoint region: Cleanup
[2022-06-13T03:12:38.576+0000][1][safepoint    ] Leaving safepoint region
[2022-06-13T03:12:38.577+0000][1][safepoint    ] Total time for which application threads were stopped: 0.0008036 seconds, Stopping threads took: 0.0004083 seconds
[2022-06-13T03:12:39.577+0000][1][safepoint    ] Application time: 1.0001966 seconds
[2022-06-13T03:12:39.578+0000][1][safepoint    ] Entering safepoint region: Cleanup
[2022-06-13T03:12:39.578+0000][1][safepoint    ] Leaving safepoint region
[2022-06-13T03:12:39.578+0000][1][safepoint    ] Total time for which application threads were stopped: 0.0007855 seconds, Stopping threads took: 0.0003720 seconds
[2022-06-13T03:12:40.579+0000][1][safepoint    ] Application time: 1.0001573 seconds
[2022-06-13T03:12:40.579+0000][1][safepoint    ] Entering safepoint region: Cleanup
[2022-06-13T03:12:40.580+0000][1][safepoint    ] Leaving safepoint region
[2022-06-13T03:12:40.580+0000][1][safepoint    ] Total time for which application threads were stopped: 0.0005246 seconds, Stopping threads took: 0.0002556 seconds
[2022-06-13T03:12:41.580+0000][1][safepoint    ] Application time: 1.0001146 seconds
[2022-06-13T03:12:41.580+0000][1][safepoint    ] Entering safepoint region: Cleanup
[2022-06-13T03:12:41.581+0000][1][safepoint    ] Leaving safepoint region
[2022-06-13T03:12:41.581+0000][1][safepoint    ] Total time for which application threads were stopped: 0.0004707 seconds, Stopping threads took: 0.0002128 seconds
[2022-06-13T03:12:42.581+0000][1][safepoint    ] Application time: 1.0002451 seconds
[2022-06-13T03:12:42.582+0000][1][safepoint    ] Entering safepoint region: Cleanup
[2022-06-13T03:12:42.583+0000][1][safepoint    ] Leaving safepoint region
[2022-06-13T03:12:42.583+0000][1][safepoint    ] Total time for which application threads were stopped: 0.0011712 seconds, Stopping threads took: 0.0005489 seconds
[2022-06-13T03:12:43.584+0000][1][safepoint    ] Application time: 1.0002928 seconds
[2022-06-13T03:12:43.585+0000][1][safepoint    ] Entering safepoint region: Cleanup
[2022-06-13T03:12:43.585+0000][1][safepoint    ] Leaving safepoint region
[2022-06-13T03:12:43.586+0000][1][safepoint    ] Total time for which application threads were stopped: 0.0011012 seconds, Stopping threads took: 0.0004492 seconds
[2022-06-13T03:12:44.586+0000][1][safepoint    ] Application time: 1.0002803 seconds
[2022-06-13T03:12:44.587+0000][1][safepoint    ] Entering safepoint region: Cleanup
[2022-06-13T03:12:44.587+0000][1][safepoint    ] Leaving safepoint region
[2022-06-13T03:12:44.588+0000][1][safepoint    ] Total time for which application threads were stopped: 0.0009094 seconds, Stopping threads took: 0.0004317 seconds
[2022-06-13T03:12:45.588+0000][1][safepoint    ] Application time: 1.0001207 seconds
[2022-06-13T03:12:45.589+0000][1][safepoint    ] Entering safepoint region: Cleanup
[2022-06-13T03:12:45.589+0000][1][safepoint    ] Leaving safepoint region
[2022-06-13T03:12:45.589+0000][1][safepoint    ] Total time for which application threads were stopped: 0.0003944 seconds, Stopping threads took: 0.0002012 seconds
[2022-06-13T03:12:46.589+0000][1][safepoint    ] Application time: 1.0001451 seconds
[2022-06-13T03:12:46.589+0000][1][safepoint    ] Entering safepoint region: Cleanup
[2022-06-13T03:12:46.590+0000][1][safepoint    ] Leaving safepoint region
[2022-06-13T03:12:46.590+0000][1][safepoint    ] Total time for which application threads were stopped: 0.0003217 seconds, Stopping threads took: 0.0001234 seconds
[2022-06-13T03:12:47.590+0000][1][safepoint    ] Application time: 1.0000933 seconds
[2022-06-13T03:12:47.590+0000][1][safepoint    ] Entering safepoint region: Cleanup
[2022-06-13T03:12:47.590+0000][1][safepoint    ] Leaving safepoint region
[2022-06-13T03:12:47.590+0000][1][safepoint    ] Total time for which application threads were stopped: 0.0003649 seconds, Stopping threads took: 0.0001497 seconds
[2022-06-13T03:12:48.591+0000][1][safepoint    ] Application time: 1.0001152 seconds
[2022-06-13T03:12:48.591+0000][1][safepoint    ] Entering safepoint region: Cleanup
[2022-06-13T03:12:48.591+0000][1][safepoint    ] Leaving safepoint region
[2022-06-13T03:12:48.591+0000][1][safepoint    ] Total time for which application threads were stopped: 0.0003043 seconds, Stopping threads took: 0.0001283 seconds
[2022-06-13T03:12:49.592+0000][1][safepoint    ] Application time: 1.0001877 seconds
[2022-06-13T03:12:49.592+0000][1][safepoint    ] Entering safepoint region: Cleanup
[2022-06-13T03:12:49.592+0000][1][safepoint    ] Leaving safepoint region
[2022-06-13T03:12:49.592+0000][1][safepoint    ] Total time for which application threads were stopped: 0.0006177 seconds, Stopping threads took: 0.0002470 seconds
[2022-06-13T03:12:50.593+0000][1][safepoint    ] Application time: 1.0002075 seconds
[2022-06-13T03:12:50.593+0000][1][safepoint    ] Entering safepoint region: Cleanup
[2022-06-13T03:12:50.593+0000][1][safepoint    ] Leaving safepoint region
[2022-06-13T03:12:50.594+0000][1][safepoint    ] Total time for which application threads were stopped: 0.0004639 seconds, Stopping threads took: 0.0002302 seconds
[2022-06-13T03:12:51.594+0000][1][safepoint    ] Application time: 1.0002013 seconds
[2022-06-13T03:12:51.594+0000][1][safepoint    ] Entering safepoint region: Cleanup
[2022-06-13T03:12:51.595+0000][1][safepoint    ] Leaving safepoint region
[2022-06-13T03:12:51.595+0000][1][safepoint    ] Total time for which application threads were stopped: 0.0004409 seconds, Stopping threads took: 0.0001953 seconds
[2022-06-13T03:12:52.595+0000][1][safepoint    ] Application time: 1.0001081 seconds
[2022-06-13T03:12:52.595+0000][1][safepoint    ] Entering safepoint region: Cleanup
[2022-06-13T03:12:52.596+0000][1][safepoint    ] Leaving safepoint region
[2022-06-13T03:12:52.596+0000][1][safepoint    ] Total time for which application threads were stopped: 0.0003916 seconds, Stopping threads took: 0.0001637 seconds
[2022-06-13T03:12:53.596+0000][1][safepoint    ] Application time: 1.0001024 seconds
[2022-06-13T03:12:53.596+0000][1][safepoint    ] Entering safepoint region: Cleanup
[2022-06-13T03:12:53.596+0000][1][safepoint    ] Leaving safepoint region
[2022-06-13T03:12:53.597+0000][1][safepoint    ] Total time for which application threads were stopped: 0.0003889 seconds, Stopping threads took: 0.0001698 seconds
[2022-06-13T03:12:54.597+0000][1][safepoint    ] Application time: 1.0000966 seconds
[2022-06-13T03:12:54.597+0000][1][safepoint    ] Entering safepoint region: Cleanup
[2022-06-13T03:12:54.597+0000][1][safepoint    ] Leaving safepoint region
[2022-06-13T03:12:54.597+0000][1][safepoint    ] Total time for which application threads were stopped: 0.0003830 seconds, Stopping threads took: 0.0001657 seconds
[2022-06-13T03:12:55.598+0000][1][safepoint    ] Application time: 1.0001119 seconds
[2022-06-13T03:12:55.598+0000][1][safepoint    ] Entering safepoint region: Cleanup
[2022-06-13T03:12:55.598+0000][1][safepoint    ] Leaving safepoint region
[2022-06-13T03:12:55.598+0000][1][safepoint    ] Total time for which application threads were stopped: 0.0004193 seconds, Stopping threads took: 0.0002064 seconds
[2022-06-13T03:12:56.598+0000][1][safepoint    ] Application time: 1.0001054 seconds
[2022-06-13T03:12:56.599+0000][1][safepoint    ] Entering safepoint region: Cleanup
[2022-06-13T03:12:56.599+0000][1][safepoint    ] Leaving safepoint region
[2022-06-13T03:12:56.599+0000][1][safepoint    ] Total time for which application threads were stopped: 0.0003711 seconds, Stopping threads took: 0.0001764 seconds
[2022-06-13T03:12:57.599+0000][1][safepoint    ] Application time: 1.0001088 seconds
[2022-06-13T03:12:57.599+0000][1][safepoint    ] Entering safepoint region: Cleanup
[2022-06-13T03:12:57.600+0000][1][safepoint    ] Leaving safepoint region
[2022-06-13T03:12:57.600+0000][1][safepoint    ] Total time for which application threads were stopped: 0.0009517 seconds, Stopping threads took: 0.0004219 seconds
[2022-06-13T03:12:58.601+0000][1][safepoint    ] Application time: 1.0001054 seconds
[2022-06-13T03:12:58.601+0000][1][safepoint    ] Entering safepoint region: Cleanup
[2022-06-13T03:12:58.601+0000][1][safepoint    ] Leaving safepoint region
[2022-06-13T03:12:58.601+0000][1][safepoint    ] Total time for which application threads were stopped: 0.0003883 seconds, Stopping threads took: 0.0001652 seconds
[2022-06-13T03:12:59.602+0000][1][safepoint    ] Application time: 1.0001951 seconds
[2022-06-13T03:12:59.602+0000][1][safepoint    ] Entering safepoint region: Cleanup
[2022-06-13T03:12:59.602+0000][1][safepoint    ] Leaving safepoint region
[2022-06-13T03:12:59.602+0000][1][safepoint    ] Total time for which application threads were stopped: 0.0004371 seconds, Stopping threads took: 0.0001712 seconds
[2022-06-13T03:13:00.602+0000][1][safepoint    ] Application time: 1.0001073 seconds
[2022-06-13T03:13:00.603+0000][1][safepoint    ] Entering safepoint region: Cleanup
[2022-06-13T03:13:00.603+0000][1][safepoint    ] Leaving safepoint region
[2022-06-13T03:13:00.603+0000][1][safepoint    ] Total time for which application threads were stopped: 0.0003612 seconds, Stopping threads took: 0.0001649 seconds
[2022-06-13T03:13:01.603+0000][1][safepoint    ] Application time: 1.0001378 seconds
[2022-06-13T03:13:01.603+0000][1][safepoint    ] Entering safepoint region: Cleanup
[2022-06-13T03:13:01.604+0000][1][safepoint    ] Leaving safepoint region
[2022-06-13T03:13:01.604+0000][1][safepoint    ] Total time for which application threads were stopped: 0.0004725 seconds, Stopping threads took: 0.0002245 seconds
[2022-06-13T03:13:02.604+0000][1][safepoint    ] Application time: 1.0001489 seconds
[2022-06-13T03:13:02.604+0000][1][safepoint    ] Entering safepoint region: Cleanup
[2022-06-13T03:13:02.605+0000][1][safepoint    ] Leaving safepoint region
[2022-06-13T03:13:02.605+0000][1][safepoint    ] Total time for which application threads were stopped: 0.0003550 seconds, Stopping threads took: 0.0001271 seconds
[2022-06-13T03:13:03.605+0000][1][safepoint    ] Application time: 1.0000988 seconds
[2022-06-13T03:13:03.605+0000][1][safepoint    ] Entering safepoint region: Cleanup
[2022-06-13T03:13:03.605+0000][1][safepoint    ] Leaving safepoint region
[2022-06-13T03:13:03.605+0000][1][safepoint    ] Total time for which application threads were stopped: 0.0003101 seconds, Stopping threads took: 0.0001295 seconds
[2022-06-13T03:13:04.606+0000][1][safepoint    ] Application time: 1.0001004 seconds
[2022-06-13T03:13:04.606+0000][1][safepoint    ] Entering safepoint region: Cleanup
[2022-06-13T03:13:04.606+0000][1][safepoint    ] Leaving safepoint region
[2022-06-13T03:13:04.606+0000][1][safepoint    ] Total time for which application threads were stopped: 0.0004113 seconds, Stopping threads took: 0.0002023 seconds
[2022-06-13T03:13:05.607+0000][1][safepoint    ] Application time: 1.0000969 seconds
[2022-06-13T03:13:05.607+0000][1][safepoint    ] Entering safepoint region: Cleanup
[2022-06-13T03:13:05.607+0000][1][safepoint    ] Leaving safepoint region
[2022-06-13T03:13:05.607+0000][1][safepoint    ] Total time for which application threads were stopped: 0.0004211 seconds, Stopping threads took: 0.0001832 seconds
[2022-06-13T03:13:06.607+0000][1][safepoint    ] Application time: 1.0000988 seconds
[2022-06-13T03:13:06.608+0000][1][safepoint    ] Entering safepoint region: Cleanup
[2022-06-13T03:13:06.608+0000][1][safepoint    ] Leaving safepoint region
[2022-06-13T03:13:06.608+0000][1][safepoint    ] Total time for which application threads were stopped: 0.0003517 seconds, Stopping threads took: 0.0001480 seconds
[2022-06-13T03:13:07.608+0000][1][safepoint    ] Application time: 1.0001006 seconds
[2022-06-13T03:13:07.608+0000][1][safepoint    ] Entering safepoint region: Cleanup
[2022-06-13T03:13:07.609+0000][1][safepoint    ] Leaving safepoint region
[2022-06-13T03:13:07.609+0000][1][safepoint    ] Total time for which application threads were stopped: 0.0004283 seconds, Stopping threads took: 0.0001606 seconds
[2022-06-13T03:13:08.609+0000][1][safepoint    ] Application time: 1.0002224 seconds
[2022-06-13T03:13:08.609+0000][1][safepoint    ] Entering safepoint region: Cleanup
[2022-06-13T03:13:08.610+0000][1][safepoint    ] Leaving safepoint region
[2022-06-13T03:13:08.610+0000][1][safepoint    ] Total time for which application threads were stopped: 0.0006044 seconds, Stopping threads took: 0.0002789 seconds
[2022-06-13T03:13:09.610+0000][1][safepoint    ] Application time: 1.0001007 seconds
[2022-06-13T03:13:09.610+0000][1][safepoint    ] Entering safepoint region: Cleanup
[2022-06-13T03:13:09.611+0000][1][safepoint    ] Leaving safepoint region
[2022-06-13T03:13:09.611+0000][1][safepoint    ] Total time for which application threads were stopped: 0.0003788 seconds, Stopping threads took: 0.0001777 seconds
[2022-06-13T03:13:10.611+0000][1][safepoint    ] Application time: 1.0000917 seconds
[2022-06-13T03:13:10.611+0000][1][safepoint    ] Entering safepoint region: Cleanup
[2022-06-13T03:13:10.611+0000][1][safepoint    ] Leaving safepoint region
[2022-06-13T03:13:10.611+0000][1][safepoint    ] Total time for which application threads were stopped: 0.0003677 seconds, Stopping threads took: 0.0001387 seconds
[2022-06-13T03:13:11.612+0000][1][safepoint    ] Application time: 1.0001084 seconds
[2022-06-13T03:13:11.612+0000][1][safepoint    ] Entering safepoint region: Cleanup
[2022-06-13T03:13:11.612+0000][1][safepoint    ] Leaving safepoint region
[2022-06-13T03:13:11.613+0000][1][safepoint    ] Total time for which application threads were stopped: 0.0005872 seconds, Stopping threads took: 0.0001778 seconds
[2022-06-13T03:13:12.613+0000][1][safepoint    ] Application time: 1.0001001 seconds
[2022-06-13T03:13:12.613+0000][1][safepoint    ] Entering safepoint region: Cleanup
[2022-06-13T03:13:12.613+0000][1][safepoint    ] Leaving safepoint region
[2022-06-13T03:13:12.613+0000][1][safepoint    ] Total time for which application threads were stopped: 0.0003159 seconds, Stopping threads took: 0.0001376 seconds
[2022-06-13T03:13:13.614+0000][1][safepoint    ] Application time: 1.0001082 seconds
[2022-06-13T03:13:13.614+0000][1][safepoint    ] Entering safepoint region: Cleanup
[2022-06-13T03:13:13.614+0000][1][safepoint    ] Leaving safepoint region
[2022-06-13T03:13:13.614+0000][1][safepoint    ] Total time for which application threads were stopped: 0.0003825 seconds, Stopping threads took: 0.0001918 seconds
[2022-06-13T03:13:14.614+0000][1][safepoint    ] Application time: 1.0001021 seconds
[2022-06-13T03:13:14.615+0000][1][safepoint    ] Entering safepoint region: Cleanup
[2022-06-13T03:13:14.615+0000][1][safepoint    ] Leaving safepoint region
[2022-06-13T03:13:14.615+0000][1][safepoint    ] Total time for which application threads were stopped: 0.0004070 seconds, Stopping threads took: 0.0001770 seconds
[2022-06-13T03:13:15.615+0000][1][safepoint    ] Application time: 1.0001765 seconds
[2022-06-13T03:13:15.616+0000][1][safepoint    ] Entering safepoint region: Cleanup
[2022-06-13T03:13:15.616+0000][1][safepoint    ] Leaving safepoint region
[2022-06-13T03:13:15.616+0000][1][safepoint    ] Total time for which application threads were stopped: 0.0006274 seconds, Stopping threads took: 0.0003101 seconds
[2022-06-13T03:13:16.617+0000][1][safepoint    ] Application time: 1.0000992 seconds
[2022-06-13T03:13:16.617+0000][1][safepoint    ] Entering safepoint region: Cleanup
[2022-06-13T03:13:16.617+0000][1][safepoint    ] Leaving safepoint region
[2022-06-13T03:13:16.617+0000][1][safepoint    ] Total time for which application threads were stopped: 0.0005160 seconds, Stopping threads took: 0.0001841 seconds
[2022-06-13T03:13:17.618+0000][1][safepoint    ] Application time: 1.0001280 seconds
[2022-06-13T03:13:17.618+0000][1][safepoint    ] Entering safepoint region: Cleanup
[2022-06-13T03:13:17.618+0000][1][safepoint    ] Leaving safepoint region
[2022-06-13T03:13:17.618+0000][1][safepoint    ] Total time for which application threads were stopped: 0.0003704 seconds, Stopping threads took: 0.0001320 seconds
[2022-06-13T03:13:18.619+0000][1][safepoint    ] Application time: 1.0001422 seconds
[2022-06-13T03:13:18.619+0000][1][safepoint    ] Entering safepoint region: Cleanup
[2022-06-13T03:13:18.619+0000][1][safepoint    ] Leaving safepoint region
[2022-06-13T03:13:18.619+0000][1][safepoint    ] Total time for which application threads were stopped: 0.0003370 seconds, Stopping threads took: 0.0001525 seconds
[2022-06-13T03:13:19.619+0000][1][safepoint    ] Application time: 1.0000966 seconds
[2022-06-13T03:13:19.620+0000][1][safepoint    ] Entering safepoint region: Cleanup
[2022-06-13T03:13:19.620+0000][1][safepoint    ] Leaving safepoint region
[2022-06-13T03:13:19.620+0000][1][safepoint    ] Total time for which application threads were stopped: 0.0003734 seconds, Stopping threads took: 0.0001703 seconds
[2022-06-13T03:13:20.620+0000][1][safepoint    ] Application time: 1.0001370 seconds
[2022-06-13T03:13:20.620+0000][1][safepoint    ] Entering safepoint region: Cleanup
[2022-06-13T03:13:20.621+0000][1][safepoint    ] Leaving safepoint region
[2022-06-13T03:13:20.621+0000][1][safepoint    ] Total time for which application threads were stopped: 0.0003473 seconds, Stopping threads took: 0.0001509 seconds
[2022-06-13T03:13:21.621+0000][1][safepoint    ] Application time: 1.0001057 seconds
[2022-06-13T03:13:21.621+0000][1][safepoint    ] Entering safepoint region: Cleanup
[2022-06-13T03:13:21.621+0000][1][safepoint    ] Leaving safepoint region
[2022-06-13T03:13:21.622+0000][1][safepoint    ] Total time for which application threads were stopped: 0.0004070 seconds, Stopping threads took: 0.0001425 seconds
[2022-06-13T03:13:22.622+0000][1][safepoint    ] Application time: 1.0001803 seconds
[2022-06-13T03:13:22.622+0000][1][safepoint    ] Entering safepoint region: Cleanup
[2022-06-13T03:13:22.623+0000][1][safepoint    ] Leaving safepoint region
[2022-06-13T03:13:22.623+0000][1][safepoint    ] Total time for which application threads were stopped: 0.0007165 seconds, Stopping threads took: 0.0003636 seconds
[2022-06-13T03:13:23.623+0000][1][safepoint    ] Application time: 1.0001051 seconds
[2022-06-13T03:13:23.624+0000][1][safepoint    ] Entering safepoint region: Cleanup
[2022-06-13T03:13:23.624+0000][1][safepoint    ] Leaving safepoint region
[2022-06-13T03:13:23.624+0000][1][safepoint    ] Total time for which application threads were stopped: 0.0004031 seconds, Stopping threads took: 0.0001826 seconds
[2022-06-13T03:13:24.624+0000][1][safepoint    ] Application time: 1.0001196 seconds
[2022-06-13T03:13:24.624+0000][1][safepoint    ] Entering safepoint region: Cleanup
[2022-06-13T03:13:24.625+0000][1][safepoint    ] Leaving safepoint region
[2022-06-13T03:13:24.625+0000][1][safepoint    ] Total time for which application threads were stopped: 0.0003319 seconds, Stopping threads took: 0.0001251 seconds
[2022-06-13T03:13:25.625+0000][1][safepoint    ] Application time: 1.0000983 seconds
[2022-06-13T03:13:25.625+0000][1][safepoint    ] Entering safepoint region: Cleanup
[2022-06-13T03:13:25.625+0000][1][safepoint    ] Leaving safepoint region
[2022-06-13T03:13:25.625+0000][1][safepoint    ] Total time for which application threads were stopped: 0.0003682 seconds, Stopping threads took: 0.0001409 seconds
[2022-06-13T03:13:26.626+0000][1][safepoint    ] Application time: 1.0001017 seconds
[2022-06-13T03:13:26.626+0000][1][safepoint    ] Entering safepoint region: Cleanup
[2022-06-13T03:13:26.626+0000][1][safepoint    ] Leaving safepoint region
[2022-06-13T03:13:26.626+0000][1][safepoint    ] Total time for which application threads were stopped: 0.0005392 seconds, Stopping threads took: 0.0002945 seconds
[2022-06-13T03:13:27.627+0000][1][safepoint    ] Application time: 1.0000968 seconds
[2022-06-13T03:13:27.627+0000][1][safepoint    ] Entering safepoint region: Cleanup
[2022-06-13T03:13:27.627+0000][1][safepoint    ] Leaving safepoint region
[2022-06-13T03:13:27.627+0000][1][safepoint    ] Total time for which application threads were stopped: 0.0004033 seconds, Stopping threads took: 0.0001817 seconds
[2022-06-13T03:13:28.627+0000][1][safepoint    ] Application time: 1.0001187 seconds
[2022-06-13T03:13:28.628+0000][1][safepoint    ] Entering safepoint region: Cleanup
[2022-06-13T03:13:28.628+0000][1][safepoint    ] Leaving safepoint region
[2022-06-13T03:13:28.628+0000][1][safepoint    ] Total time for which application threads were stopped: 0.0004056 seconds, Stopping threads took: 0.0001739 seconds
[2022-06-13T03:13:29.628+0000][1][safepoint    ] Application time: 1.0001017 seconds
[2022-06-13T03:13:29.629+0000][1][safepoint    ] Entering safepoint region: Cleanup
[2022-06-13T03:13:29.629+0000][1][safepoint    ] Leaving safepoint region
[2022-06-13T03:13:29.629+0000][1][safepoint    ] Total time for which application threads were stopped: 0.0003580 seconds, Stopping threads took: 0.0001454 seconds
[2022-06-13T03:13:30.629+0000][1][safepoint    ] Application time: 1.0001003 seconds
[2022-06-13T03:13:30.629+0000][1][safepoint    ] Entering safepoint region: Cleanup
[2022-06-13T03:13:30.630+0000][1][safepoint    ] Leaving safepoint region
[2022-06-13T03:13:30.630+0000][1][safepoint    ] Total time for which application threads were stopped: 0.0003071 seconds, Stopping threads took: 0.0001268 seconds
[2022-06-13T03:13:31.630+0000][1][safepoint    ] Application time: 1.0000950 seconds
[2022-06-13T03:13:31.630+0000][1][safepoint    ] Entering safepoint region: Cleanup
[2022-06-13T03:13:31.630+0000][1][safepoint    ] Leaving safepoint region
[2022-06-13T03:13:31.630+0000][1][safepoint    ] Total time for which application threads were stopped: 0.0003570 seconds, Stopping threads took: 0.0001478 seconds
[2022-06-13T03:13:32.631+0000][1][safepoint    ] Application time: 1.0000939 seconds
[2022-06-13T03:13:32.631+0000][1][safepoint    ] Entering safepoint region: Cleanup
[2022-06-13T03:13:32.631+0000][1][safepoint    ] Leaving safepoint region
[2022-06-13T03:13:32.631+0000][1][safepoint    ] Total time for which application threads were stopped: 0.0003688 seconds, Stopping threads took: 0.0001522 seconds
[2022-06-13T03:13:33.631+0000][1][safepoint    ] Application time: 1.0000939 seconds
[2022-06-13T03:13:33.632+0000][1][safepoint    ] Entering safepoint region: Cleanup
[2022-06-13T03:13:33.632+0000][1][safepoint    ] Leaving safepoint region
[2022-06-13T03:13:33.632+0000][1][safepoint    ] Total time for which application threads were stopped: 0.0003789 seconds, Stopping threads took: 0.0001618 seconds
[2022-06-13T03:13:34.632+0000][1][safepoint    ] Application time: 1.0001005 seconds
[2022-06-13T03:13:34.632+0000][1][safepoint    ] Entering safepoint region: Cleanup
[2022-06-13T03:13:34.633+0000][1][safepoint    ] Leaving safepoint region
[2022-06-13T03:13:34.633+0000][1][safepoint    ] Total time for which application threads were stopped: 0.0003504 seconds, Stopping threads took: 0.0001363 seconds
[2022-06-13T03:13:35.633+0000][1][safepoint    ] Application time: 1.0000901 seconds
[2022-06-13T03:13:35.633+0000][1][safepoint    ] Entering safepoint region: Cleanup
[2022-06-13T03:13:35.633+0000][1][safepoint    ] Leaving safepoint region
[2022-06-13T03:13:35.633+0000][1][safepoint    ] Total time for which application threads were stopped: 0.0003402 seconds, Stopping threads took: 0.0001647 seconds
[2022-06-13T03:13:37.480+0000][1][safepoint    ] Application time: 1.8463873 seconds
[2022-06-13T03:13:37.480+0000][1][safepoint    ] Entering safepoint region: Cleanup
[2022-06-13T03:13:37.480+0000][1][safepoint    ] Leaving safepoint region
[2022-06-13T03:13:37.480+0000][1][safepoint    ] Total time for which application threads were stopped: 0.0003078 seconds, Stopping threads took: 0.0001265 seconds
[2022-06-13T03:13:38.481+0000][1][safepoint    ] Application time: 1.0000829 seconds
[2022-06-13T03:13:38.481+0000][1][safepoint    ] Entering safepoint region: Cleanup
[2022-06-13T03:13:38.481+0000][1][safepoint    ] Leaving safepoint region
[2022-06-13T03:13:38.481+0000][1][safepoint    ] Total time for which application threads were stopped: 0.0003567 seconds, Stopping threads took: 0.0001538 seconds
[2022-06-13T03:13:39.481+0000][1][safepoint    ] Application time: 1.0001020 seconds
[2022-06-13T03:13:39.482+0000][1][safepoint    ] Entering safepoint region: Cleanup
[2022-06-13T03:13:39.482+0000][1][safepoint    ] Leaving safepoint region
[2022-06-13T03:13:39.482+0000][1][safepoint    ] Total time for which application threads were stopped: 0.0003492 seconds, Stopping threads took: 0.0001671 seconds
[2022-06-13T03:13:40.482+0000][1][safepoint    ] Application time: 1.0001245 seconds
[2022-06-13T03:13:40.482+0000][1][safepoint    ] Entering safepoint region: Cleanup
[2022-06-13T03:13:40.483+0000][1][safepoint    ] Leaving safepoint region
[2022-06-13T03:13:40.483+0000][1][safepoint    ] Total time for which application threads were stopped: 0.0003763 seconds, Stopping threads took: 0.0001534 seconds
[2022-06-13T03:13:41.483+0000][1][safepoint    ] Application time: 1.0001104 seconds
[2022-06-13T03:13:41.483+0000][1][safepoint    ] Entering safepoint region: Cleanup
[2022-06-13T03:13:41.484+0000][1][safepoint    ] Leaving safepoint region
[2022-06-13T03:13:41.484+0000][1][safepoint    ] Total time for which application threads were stopped: 0.0007238 seconds, Stopping threads took: 0.0002516 seconds
[2022-06-13T03:13:42.485+0000][1][safepoint    ] Application time: 1.0001044 seconds
[2022-06-13T03:13:42.485+0000][1][safepoint    ] Entering safepoint region: Cleanup
[2022-06-13T03:13:42.485+0000][1][safepoint    ] Leaving safepoint region
[2022-06-13T03:13:42.485+0000][1][safepoint    ] Total time for which application threads were stopped: 0.0003232 seconds, Stopping threads took: 0.0001290 seconds
[2022-06-13T03:13:43.486+0000][1][safepoint    ] Application time: 1.0002671 seconds
[2022-06-13T03:13:43.486+0000][1][safepoint    ] Entering safepoint region: Cleanup
[2022-06-13T03:13:43.486+0000][1][safepoint    ] Leaving safepoint region
[2022-06-13T03:13:43.486+0000][1][safepoint    ] Total time for which application threads were stopped: 0.0004368 seconds, Stopping threads took: 0.0002067 seconds
[2022-06-13T03:13:44.487+0000][1][safepoint    ] Application time: 1.0001105 seconds
[2022-06-13T03:13:44.487+0000][1][safepoint    ] Entering safepoint region: Cleanup
[2022-06-13T03:13:44.487+0000][1][safepoint    ] Leaving safepoint region
[2022-06-13T03:13:44.487+0000][1][safepoint    ] Total time for which application threads were stopped: 0.0004037 seconds, Stopping threads took: 0.0001317 seconds
[2022-06-13T03:13:45.479+0000][1][safepoint    ] Application time: 0.9915314 seconds
[2022-06-13T03:13:45.479+0000][1][safepoint    ] Entering safepoint region: GenCollectForAllocation
[2022-06-13T03:13:45.480+0000][1][gc,start     ] GC(29) Pause Young (Allocation Failure)
[2022-06-13T03:13:45.480+0000][1][gc,task      ] GC(29) Using 5 workers of 13 for evacuation
[2022-06-13T03:13:45.481+0000][1][gc,age       ] GC(29) Desired survivor size 4456448 bytes, new threshold 6 (max threshold 6)
[2022-06-13T03:13:45.481+0000][1][gc,age       ] GC(29) Age table with threshold 6 (max threshold 6)
[2022-06-13T03:13:45.481+0000][1][gc,age       ] GC(29) - age   1:      33224 bytes,      33224 total
[2022-06-13T03:13:45.481+0000][1][gc,age       ] GC(29) - age   2:      13568 bytes,      46792 total
[2022-06-13T03:13:45.481+0000][1][gc,age       ] GC(29) - age   3:      14200 bytes,      60992 total
[2022-06-13T03:13:45.482+0000][1][gc,age       ] GC(29) - age   4:      12544 bytes,      73536 total
[2022-06-13T03:13:45.482+0000][1][gc,age       ] GC(29) - age   5:      14344 bytes,      87880 total
[2022-06-13T03:13:45.482+0000][1][gc,age       ] GC(29) - age   6:      34544 bytes,     122424 total
[2022-06-13T03:13:45.482+0000][1][gc,heap      ] GC(29) ParNew: 71382K->391K(78656K)
[2022-06-13T03:13:45.482+0000][1][gc,heap      ] GC(29) CMS: 68951K->69029K(174784K)
[2022-06-13T03:13:45.482+0000][1][gc,metaspace ] GC(29) Metaspace: 65331K->65331K(1110016K)
[2022-06-13T03:13:45.483+0000][1][gc           ] GC(29) Pause Young (Allocation Failure) 137M->67M(247M) 2.910ms
[2022-06-13T03:13:45.483+0000][1][gc,cpu       ] GC(29) User=0.01s Sys=0.00s Real=0.00s
[2022-06-13T03:13:45.483+0000][1][safepoint    ] Leaving safepoint region
[2022-06-13T03:13:45.483+0000][1][safepoint    ] Total time for which application threads were stopped: 0.0035612 seconds, Stopping threads took: 0.0001827 seconds
[2022-06-13T03:13:46.483+0000][1][safepoint    ] Application time: 1.0001235 seconds
[2022-06-13T03:13:46.483+0000][1][safepoint    ] Entering safepoint region: Cleanup
[2022-06-13T03:13:46.484+0000][1][safepoint    ] Leaving safepoint region
[2022-06-13T03:13:46.484+0000][1][safepoint    ] Total time for which application threads were stopped: 0.0003908 seconds, Stopping threads took: 0.0001949 seconds
[2022-06-13T03:13:47.484+0000][1][safepoint    ] Application time: 1.0000945 seconds
[2022-06-13T03:13:47.484+0000][1][safepoint    ] Entering safepoint region: Cleanup
[2022-06-13T03:13:47.484+0000][1][safepoint    ] Leaving safepoint region
[2022-06-13T03:13:47.484+0000][1][safepoint    ] Total time for which application threads were stopped: 0.0003570 seconds, Stopping threads took: 0.0001295 seconds
[2022-06-13T03:13:48.485+0000][1][safepoint    ] Application time: 1.0000990 seconds
[2022-06-13T03:13:48.485+0000][1][safepoint    ] Entering safepoint region: Cleanup
[2022-06-13T03:13:48.485+0000][1][safepoint    ] Leaving safepoint region
[2022-06-13T03:13:48.485+0000][1][safepoint    ] Total time for which application threads were stopped: 0.0003832 seconds, Stopping threads took: 0.0001557 seconds
[2022-06-13T03:13:49.486+0000][1][safepoint    ] Application time: 1.0001160 seconds
[2022-06-13T03:13:49.486+0000][1][safepoint    ] Entering safepoint region: Cleanup
[2022-06-13T03:13:49.486+0000][1][safepoint    ] Leaving safepoint region
[2022-06-13T03:13:49.486+0000][1][safepoint    ] Total time for which application threads were stopped: 0.0003809 seconds, Stopping threads took: 0.0001984 seconds
[2022-06-13T03:13:50.486+0000][1][safepoint    ] Application time: 1.0001195 seconds
[2022-06-13T03:13:50.487+0000][1][safepoint    ] Entering safepoint region: Cleanup
[2022-06-13T03:13:50.487+0000][1][safepoint    ] Leaving safepoint region
[2022-06-13T03:13:50.487+0000][1][safepoint    ] Total time for which application threads were stopped: 0.0004539 seconds, Stopping threads took: 0.0002394 seconds
[2022-06-13T03:13:51.488+0000][1][safepoint    ] Application time: 1.0001151 seconds
[2022-06-13T03:13:51.488+0000][1][safepoint    ] Entering safepoint region: Cleanup
[2022-06-13T03:13:51.488+0000][1][safepoint    ] Leaving safepoint region
[2022-06-13T03:13:51.488+0000][1][safepoint    ] Total time for which application threads were stopped: 0.0006008 seconds, Stopping threads took: 0.0002376 seconds
[2022-06-13T03:13:52.489+0000][1][safepoint    ] Application time: 1.0001068 seconds
[2022-06-13T03:13:52.489+0000][1][safepoint    ] Entering safepoint region: Cleanup
[2022-06-13T03:13:52.489+0000][1][safepoint    ] Leaving safepoint region
[2022-06-13T03:13:52.489+0000][1][safepoint    ] Total time for which application threads were stopped: 0.0004198 seconds, Stopping threads took: 0.0001603 seconds
[2022-06-13T03:13:53.490+0000][1][safepoint    ] Application time: 1.0001091 seconds
[2022-06-13T03:13:53.490+0000][1][safepoint    ] Entering safepoint region: Cleanup
[2022-06-13T03:13:53.490+0000][1][safepoint    ] Leaving safepoint region
[2022-06-13T03:13:53.490+0000][1][safepoint    ] Total time for which application threads were stopped: 0.0003658 seconds, Stopping threads took: 0.0001545 seconds
[2022-06-13T03:13:54.490+0000][1][safepoint    ] Application time: 1.0001029 seconds
[2022-06-13T03:13:54.490+0000][1][safepoint    ] Entering safepoint region: Cleanup
[2022-06-13T03:13:54.491+0000][1][safepoint    ] Leaving safepoint region
[2022-06-13T03:13:54.491+0000][1][safepoint    ] Total time for which application threads were stopped: 0.0003457 seconds, Stopping threads took: 0.0001380 seconds
[2022-06-13T03:13:55.491+0000][1][safepoint    ] Application time: 1.0001009 seconds
[2022-06-13T03:13:55.491+0000][1][safepoint    ] Entering safepoint region: Cleanup
[2022-06-13T03:13:55.492+0000][1][safepoint    ] Leaving safepoint region
[2022-06-13T03:13:55.492+0000][1][safepoint    ] Total time for which application threads were stopped: 0.0005184 seconds, Stopping threads took: 0.0003182 seconds
[2022-06-13T03:13:56.492+0000][1][safepoint    ] Application time: 1.0000961 seconds
[2022-06-13T03:13:56.492+0000][1][safepoint    ] Entering safepoint region: Cleanup
[2022-06-13T03:13:56.492+0000][1][safepoint    ] Leaving safepoint region
[2022-06-13T03:13:56.493+0000][1][safepoint    ] Total time for which application threads were stopped: 0.0003560 seconds, Stopping threads took: 0.0001814 seconds
[2022-06-13T03:13:57.493+0000][1][safepoint    ] Application time: 1.0000985 seconds
[2022-06-13T03:13:57.493+0000][1][safepoint    ] Entering safepoint region: Cleanup
[2022-06-13T03:13:57.493+0000][1][safepoint    ] Leaving safepoint region
[2022-06-13T03:13:57.493+0000][1][safepoint    ] Total time for which application threads were stopped: 0.0003558 seconds, Stopping threads took: 0.0001709 seconds
[2022-06-13T03:13:58.494+0000][1][safepoint    ] Application time: 1.0001019 seconds
[2022-06-13T03:13:58.494+0000][1][safepoint    ] Entering safepoint region: Cleanup
[2022-06-13T03:13:58.494+0000][1][safepoint    ] Leaving safepoint region
[2022-06-13T03:13:58.495+0000][1][safepoint    ] Total time for which application threads were stopped: 0.0005799 seconds, Stopping threads took: 0.0002694 seconds
[2022-06-13T03:13:59.495+0000][1][safepoint    ] Application time: 1.0001358 seconds
[2022-06-13T03:13:59.495+0000][1][safepoint    ] Entering safepoint region: Cleanup
[2022-06-13T03:13:59.495+0000][1][safepoint    ] Leaving safepoint region
[2022-06-13T03:13:59.496+0000][1][safepoint    ] Total time for which application threads were stopped: 0.0003234 seconds, Stopping threads took: 0.0001362 seconds
[2022-06-13T03:14:00.496+0000][1][safepoint    ] Application time: 1.0001088 seconds
[2022-06-13T03:14:00.496+0000][1][safepoint    ] Entering safepoint region: Cleanup
[2022-06-13T03:14:00.497+0000][1][safepoint    ] Leaving safepoint region
[2022-06-13T03:14:00.497+0000][1][safepoint    ] Total time for which application threads were stopped: 0.0004900 seconds, Stopping threads took: 0.0003109 seconds
[2022-06-13T03:14:01.497+0000][1][safepoint    ] Application time: 1.0001807 seconds
[2022-06-13T03:14:01.497+0000][1][safepoint    ] Entering safepoint region: Cleanup
[2022-06-13T03:14:01.498+0000][1][safepoint    ] Leaving safepoint region
[2022-06-13T03:14:01.498+0000][1][safepoint    ] Total time for which application threads were stopped: 0.0010887 seconds, Stopping threads took: 0.0005929 seconds
[2022-06-13T03:14:02.499+0000][1][safepoint    ] Application time: 1.0001103 seconds
[2022-06-13T03:14:02.499+0000][1][safepoint    ] Entering safepoint region: Cleanup
[2022-06-13T03:14:02.499+0000][1][safepoint    ] Leaving safepoint region
[2022-06-13T03:14:02.499+0000][1][safepoint    ] Total time for which application threads were stopped: 0.0004865 seconds, Stopping threads took: 0.0001568 seconds
[2022-06-13T03:14:03.500+0000][1][safepoint    ] Application time: 1.0000918 seconds
[2022-06-13T03:14:03.500+0000][1][safepoint    ] Entering safepoint region: Cleanup
[2022-06-13T03:14:03.500+0000][1][safepoint    ] Leaving safepoint region
[2022-06-13T03:14:03.500+0000][1][safepoint    ] Total time for which application threads were stopped: 0.0003951 seconds, Stopping threads took: 0.0001568 seconds
[2022-06-13T03:14:04.500+0000][1][safepoint    ] Application time: 1.0000883 seconds
[2022-06-13T03:14:04.500+0000][1][safepoint    ] Entering safepoint region: Cleanup
[2022-06-13T03:14:04.501+0000][1][safepoint    ] Leaving safepoint region
[2022-06-13T03:14:04.501+0000][1][safepoint    ] Total time for which application threads were stopped: 0.0003439 seconds, Stopping threads took: 0.0001247 seconds
[2022-06-13T03:14:05.501+0000][1][safepoint    ] Application time: 1.0001073 seconds
[2022-06-13T03:14:05.501+0000][1][safepoint    ] Entering safepoint region: Cleanup
[2022-06-13T03:14:05.501+0000][1][safepoint    ] Leaving safepoint region
[2022-06-13T03:14:05.502+0000][1][safepoint    ] Total time for which application threads were stopped: 0.0003577 seconds, Stopping threads took: 0.0001715 seconds
[2022-06-13T03:14:06.502+0000][1][safepoint    ] Application time: 1.0000983 seconds
[2022-06-13T03:14:06.502+0000][1][safepoint    ] Entering safepoint region: Cleanup
[2022-06-13T03:14:06.503+0000][1][safepoint    ] Leaving safepoint region
[2022-06-13T03:14:06.503+0000][1][safepoint    ] Total time for which application threads were stopped: 0.0005105 seconds, Stopping threads took: 0.0002353 seconds
[2022-06-13T03:14:07.503+0000][1][safepoint    ] Application time: 1.0001002 seconds
[2022-06-13T03:14:07.503+0000][1][safepoint    ] Entering safepoint region: Cleanup
[2022-06-13T03:14:07.503+0000][1][safepoint    ] Leaving safepoint region
[2022-06-13T03:14:07.503+0000][1][safepoint    ] Total time for which application threads were stopped: 0.0003822 seconds, Stopping threads took: 0.0001834 seconds
[2022-06-13T03:14:08.504+0000][1][safepoint    ] Application time: 1.0001349 seconds
[2022-06-13T03:14:08.504+0000][1][safepoint    ] Entering safepoint region: Cleanup
[2022-06-13T03:14:08.505+0000][1][safepoint    ] Leaving safepoint region
[2022-06-13T03:14:08.505+0000][1][safepoint    ] Total time for which application threads were stopped: 0.0006303 seconds, Stopping threads took: 0.0002600 seconds
[2022-06-13T03:14:09.505+0000][1][safepoint    ] Application time: 1.0001172 seconds
[2022-06-13T03:14:09.506+0000][1][safepoint    ] Entering safepoint region: Cleanup
[2022-06-13T03:14:09.506+0000][1][safepoint    ] Leaving safepoint region
[2022-06-13T03:14:09.506+0000][1][safepoint    ] Total time for which application threads were stopped: 0.0004935 seconds, Stopping threads took: 0.0002739 seconds
[2022-06-13T03:14:10.506+0000][1][safepoint    ] Application time: 1.0001010 seconds
[2022-06-13T03:14:10.506+0000][1][safepoint    ] Entering safepoint region: Cleanup
[2022-06-13T03:14:10.507+0000][1][safepoint    ] Leaving safepoint region
[2022-06-13T03:14:10.507+0000][1][safepoint    ] Total time for which application threads were stopped: 0.0003180 seconds, Stopping threads took: 0.0001376 seconds
[2022-06-13T03:14:11.507+0000][1][safepoint    ] Application time: 1.0000960 seconds
[2022-06-13T03:14:11.507+0000][1][safepoint    ] Entering safepoint region: Cleanup
[2022-06-13T03:14:11.507+0000][1][safepoint    ] Leaving safepoint region
[2022-06-13T03:14:11.508+0000][1][safepoint    ] Total time for which application threads were stopped: 0.0004475 seconds, Stopping threads took: 0.0002317 seconds
[2022-06-13T03:14:12.508+0000][1][safepoint    ] Application time: 1.0001012 seconds
[2022-06-13T03:14:12.508+0000][1][safepoint    ] Entering safepoint region: Cleanup
[2022-06-13T03:14:12.508+0000][1][safepoint    ] Leaving safepoint region
[2022-06-13T03:14:12.508+0000][1][safepoint    ] Total time for which application threads were stopped: 0.0003359 seconds, Stopping threads took: 0.0001629 seconds
[2022-06-13T03:14:13.508+0000][1][safepoint    ] Application time: 1.0000917 seconds
[2022-06-13T03:14:13.509+0000][1][safepoint    ] Entering safepoint region: Cleanup
[2022-06-13T03:14:13.509+0000][1][safepoint    ] Leaving safepoint region
[2022-06-13T03:14:13.509+0000][1][safepoint    ] Total time for which application threads were stopped: 0.0003871 seconds, Stopping threads took: 0.0001737 seconds
[2022-06-13T03:14:14.509+0000][1][safepoint    ] Application time: 1.0000961 seconds
[2022-06-13T03:14:14.510+0000][1][safepoint    ] Entering safepoint region: Cleanup
[2022-06-13T03:14:14.510+0000][1][safepoint    ] Leaving safepoint region
[2022-06-13T03:14:14.510+0000][1][safepoint    ] Total time for which application threads were stopped: 0.0003426 seconds, Stopping threads took: 0.0001419 seconds
[2022-06-13T03:14:15.510+0000][1][safepoint    ] Application time: 1.0001001 seconds
[2022-06-13T03:14:15.510+0000][1][safepoint    ] Entering safepoint region: Cleanup
[2022-06-13T03:14:15.511+0000][1][safepoint    ] Leaving safepoint region
[2022-06-13T03:14:15.511+0000][1][safepoint    ] Total time for which application threads were stopped: 0.0009103 seconds, Stopping threads took: 0.0003941 seconds
[2022-06-13T03:14:16.512+0000][1][safepoint    ] Application time: 1.0001007 seconds
[2022-06-13T03:14:16.512+0000][1][safepoint    ] Entering safepoint region: Cleanup
[2022-06-13T03:14:16.512+0000][1][safepoint    ] Leaving safepoint region
[2022-06-13T03:14:16.512+0000][1][safepoint    ] Total time for which application threads were stopped: 0.0004147 seconds, Stopping threads took: 0.0001948 seconds
[2022-06-13T03:14:17.512+0000][1][safepoint    ] Application time: 1.0001073 seconds
[2022-06-13T03:14:17.513+0000][1][safepoint    ] Entering safepoint region: Cleanup
[2022-06-13T03:14:17.513+0000][1][safepoint    ] Leaving safepoint region
[2022-06-13T03:14:17.513+0000][1][safepoint    ] Total time for which application threads were stopped: 0.0003722 seconds, Stopping threads took: 0.0001774 seconds
[2022-06-13T03:14:18.513+0000][1][safepoint    ] Application time: 1.0000899 seconds
[2022-06-13T03:14:18.513+0000][1][safepoint    ] Entering safepoint region: Cleanup
[2022-06-13T03:14:18.514+0000][1][safepoint    ] Leaving safepoint region
[2022-06-13T03:14:18.514+0000][1][safepoint    ] Total time for which application threads were stopped: 0.0003384 seconds, Stopping threads took: 0.0001586 seconds
[2022-06-13T03:14:19.514+0000][1][safepoint    ] Application time: 1.0000927 seconds
[2022-06-13T03:14:19.514+0000][1][safepoint    ] Entering safepoint region: Cleanup
[2022-06-13T03:14:19.514+0000][1][safepoint    ] Leaving safepoint region
[2022-06-13T03:14:19.514+0000][1][safepoint    ] Total time for which application threads were stopped: 0.0003501 seconds, Stopping threads took: 0.0001508 seconds
[2022-06-13T03:14:20.515+0000][1][safepoint    ] Application time: 1.0000965 seconds
[2022-06-13T03:14:20.515+0000][1][safepoint    ] Entering safepoint region: Cleanup
[2022-06-13T03:14:20.515+0000][1][safepoint    ] Leaving safepoint region
[2022-06-13T03:14:20.515+0000][1][safepoint    ] Total time for which application threads were stopped: 0.0003429 seconds, Stopping threads took: 0.0001518 seconds
[2022-06-13T03:14:21.515+0000][1][safepoint    ] Application time: 1.0000929 seconds
[2022-06-13T03:14:21.516+0000][1][safepoint    ] Entering safepoint region: Cleanup
[2022-06-13T03:14:21.516+0000][1][safepoint    ] Leaving safepoint region
[2022-06-13T03:14:21.516+0000][1][safepoint    ] Total time for which application threads were stopped: 0.0005610 seconds, Stopping threads took: 0.0001685 seconds
[2022-06-13T03:14:22.516+0000][1][safepoint    ] Application time: 1.0000911 seconds
[2022-06-13T03:14:22.517+0000][1][safepoint    ] Entering safepoint region: Cleanup
[2022-06-13T03:14:22.517+0000][1][safepoint    ] Leaving safepoint region
[2022-06-13T03:14:22.517+0000][1][safepoint    ] Total time for which application threads were stopped: 0.0006214 seconds, Stopping threads took: 0.0004062 seconds
[2022-06-13T03:14:23.517+0000][1][safepoint    ] Application time: 1.0001099 seconds
[2022-06-13T03:14:23.518+0000][1][safepoint    ] Entering safepoint region: Cleanup
[2022-06-13T03:14:23.518+0000][1][safepoint    ] Leaving safepoint region
[2022-06-13T03:14:23.518+0000][1][safepoint    ] Total time for which application threads were stopped: 0.0004543 seconds, Stopping threads took: 0.0002290 seconds
[2022-06-13T03:14:24.518+0000][1][safepoint    ] Application time: 1.0002250 seconds
[2022-06-13T03:14:24.519+0000][1][safepoint    ] Entering safepoint region: Cleanup
[2022-06-13T03:14:24.519+0000][1][safepoint    ] Leaving safepoint region
[2022-06-13T03:14:24.519+0000][1][safepoint    ] Total time for which application threads were stopped: 0.0003789 seconds, Stopping threads took: 0.0001439 seconds
[2022-06-13T03:14:25.519+0000][1][safepoint    ] Application time: 1.0001630 seconds
[2022-06-13T03:14:25.520+0000][1][safepoint    ] Entering safepoint region: Cleanup
[2022-06-13T03:14:25.520+0000][1][safepoint    ] Leaving safepoint region
[2022-06-13T03:14:25.520+0000][1][safepoint    ] Total time for which application threads were stopped: 0.0003409 seconds, Stopping threads took: 0.0001490 seconds
[2022-06-13T03:14:26.520+0000][1][safepoint    ] Application time: 1.0000920 seconds
[2022-06-13T03:14:26.520+0000][1][safepoint    ] Entering safepoint region: Cleanup
[2022-06-13T03:14:26.520+0000][1][safepoint    ] Leaving safepoint region
[2022-06-13T03:14:26.521+0000][1][safepoint    ] Total time for which application threads were stopped: 0.0003356 seconds, Stopping threads took: 0.0001624 seconds
[2022-06-13T03:14:27.521+0000][1][safepoint    ] Application time: 1.0000924 seconds
[2022-06-13T03:14:27.521+0000][1][safepoint    ] Entering safepoint region: Cleanup
[2022-06-13T03:14:27.521+0000][1][safepoint    ] Leaving safepoint region
[2022-06-13T03:14:27.521+0000][1][safepoint    ] Total time for which application threads were stopped: 0.0003758 seconds, Stopping threads took: 0.0001733 seconds
[2022-06-13T03:14:28.522+0000][1][safepoint    ] Application time: 1.0000978 seconds
[2022-06-13T03:14:28.522+0000][1][safepoint    ] Entering safepoint region: Cleanup
[2022-06-13T03:14:28.522+0000][1][safepoint    ] Leaving safepoint region
[2022-06-13T03:14:28.522+0000][1][safepoint    ] Total time for which application threads were stopped: 0.0004808 seconds, Stopping threads took: 0.0002317 seconds
[2022-06-13T03:14:29.522+0000][1][safepoint    ] Application time: 1.0000985 seconds
[2022-06-13T03:14:29.523+0000][1][safepoint    ] Entering safepoint region: Cleanup
[2022-06-13T03:14:29.523+0000][1][safepoint    ] Leaving safepoint region
[2022-06-13T03:14:29.523+0000][1][safepoint    ] Total time for which application threads were stopped: 0.0004673 seconds, Stopping threads took: 0.0001781 seconds
[2022-06-13T03:14:30.523+0000][1][safepoint    ] Application time: 1.0001742 seconds
[2022-06-13T03:14:30.524+0000][1][safepoint    ] Entering safepoint region: Cleanup
[2022-06-13T03:14:30.524+0000][1][safepoint    ] Leaving safepoint region
[2022-06-13T03:14:30.524+0000][1][safepoint    ] Total time for which application threads were stopped: 0.0005926 seconds, Stopping threads took: 0.0002811 seconds
[2022-06-13T03:14:31.525+0000][1][safepoint    ] Application time: 1.0001311 seconds
[2022-06-13T03:14:31.525+0000][1][safepoint    ] Entering safepoint region: Cleanup
[2022-06-13T03:14:31.525+0000][1][safepoint    ] Leaving safepoint region
[2022-06-13T03:14:31.525+0000][1][safepoint    ] Total time for which application threads were stopped: 0.0002882 seconds, Stopping threads took: 0.0001198 seconds
[2022-06-13T03:14:32.525+0000][1][safepoint    ] Application time: 1.0001715 seconds
[2022-06-13T03:14:32.526+0000][1][safepoint    ] Entering safepoint region: Cleanup
[2022-06-13T03:14:32.527+0000][1][safepoint    ] Leaving safepoint region
[2022-06-13T03:14:32.527+0000][1][safepoint    ] Total time for which application threads were stopped: 0.0009784 seconds, Stopping threads took: 0.0004190 seconds
[2022-06-13T03:14:33.528+0000][1][safepoint    ] Application time: 1.0002074 seconds
[2022-06-13T03:14:33.528+0000][1][safepoint    ] Entering safepoint region: Cleanup
[2022-06-13T03:14:33.528+0000][1][safepoint    ] Leaving safepoint region
[2022-06-13T03:14:33.529+0000][1][safepoint    ] Total time for which application threads were stopped: 0.0007330 seconds, Stopping threads took: 0.0003389 seconds
[2022-06-13T03:14:34.529+0000][1][safepoint    ] Application time: 1.0002463 seconds
[2022-06-13T03:14:34.530+0000][1][safepoint    ] Entering safepoint region: Cleanup
[2022-06-13T03:14:34.530+0000][1][safepoint    ] Leaving safepoint region
[2022-06-13T03:14:34.530+0000][1][safepoint    ] Total time for which application threads were stopped: 0.0007963 seconds, Stopping threads took: 0.0002975 seconds
[2022-06-13T03:14:35.531+0000][1][safepoint    ] Application time: 1.0001052 seconds
[2022-06-13T03:14:35.531+0000][1][safepoint    ] Entering safepoint region: Cleanup
[2022-06-13T03:14:35.532+0000][1][safepoint    ] Leaving safepoint region
[2022-06-13T03:14:35.532+0000][1][safepoint    ] Total time for which application threads were stopped: 0.0007780 seconds, Stopping threads took: 0.0002893 seconds
[2022-06-13T03:14:36.533+0000][1][safepoint    ] Application time: 1.0002910 seconds
[2022-06-13T03:14:36.533+0000][1][safepoint    ] Entering safepoint region: Cleanup
[2022-06-13T03:14:36.534+0000][1][safepoint    ] Leaving safepoint region
[2022-06-13T03:14:36.534+0000][1][safepoint    ] Total time for which application threads were stopped: 0.0007115 seconds, Stopping threads took: 0.0003317 seconds
[2022-06-13T03:14:37.534+0000][1][safepoint    ] Application time: 1.0002174 seconds
[2022-06-13T03:14:37.535+0000][1][safepoint    ] Entering safepoint region: Cleanup
[2022-06-13T03:14:37.535+0000][1][safepoint    ] Leaving safepoint region
[2022-06-13T03:14:37.535+0000][1][safepoint    ] Total time for which application threads were stopped: 0.0005202 seconds, Stopping threads took: 0.0001893 seconds
[2022-06-13T03:14:38.536+0000][1][safepoint    ] Application time: 1.0002442 seconds
[2022-06-13T03:14:38.536+0000][1][safepoint    ] Entering safepoint region: Cleanup
[2022-06-13T03:14:38.537+0000][1][safepoint    ] Leaving safepoint region
[2022-06-13T03:14:38.537+0000][1][safepoint    ] Total time for which application threads were stopped: 0.0010586 seconds, Stopping threads took: 0.0005523 seconds
[2022-06-13T03:14:39.538+0000][1][safepoint    ] Application time: 1.0001887 seconds
[2022-06-13T03:14:39.539+0000][1][safepoint    ] Entering safepoint region: Cleanup
[2022-06-13T03:14:39.540+0000][1][safepoint    ] Leaving safepoint region
[2022-06-13T03:14:39.541+0000][1][safepoint    ] Total time for which application threads were stopped: 0.0014110 seconds, Stopping threads took: 0.0005962 seconds
[2022-06-13T03:14:40.541+0000][1][safepoint    ] Application time: 1.0002304 seconds
[2022-06-13T03:14:40.542+0000][1][safepoint    ] Entering safepoint region: Cleanup
[2022-06-13T03:14:40.542+0000][1][safepoint    ] Leaving safepoint region
[2022-06-13T03:14:40.543+0000][1][safepoint    ] Total time for which application threads were stopped: 0.0009885 seconds, Stopping threads took: 0.0004537 seconds
[2022-06-13T03:14:41.543+0000][1][safepoint    ] Application time: 1.0001683 seconds
[2022-06-13T03:14:41.544+0000][1][safepoint    ] Entering safepoint region: Cleanup
[2022-06-13T03:14:41.544+0000][1][safepoint    ] Leaving safepoint region
[2022-06-13T03:14:41.545+0000][1][safepoint    ] Total time for which application threads were stopped: 0.0007030 seconds, Stopping threads took: 0.0003667 seconds
[2022-06-13T03:14:42.545+0000][1][safepoint    ] Application time: 1.0003201 seconds
[2022-06-13T03:14:42.546+0000][1][safepoint    ] Entering safepoint region: Cleanup
[2022-06-13T03:14:42.546+0000][1][safepoint    ] Leaving safepoint region
[2022-06-13T03:14:42.547+0000][1][safepoint    ] Total time for which application threads were stopped: 0.0009947 seconds, Stopping threads took: 0.0004206 seconds
[2022-06-13T03:14:43.548+0000][1][safepoint    ] Application time: 1.0002308 seconds
[2022-06-13T03:14:43.548+0000][1][safepoint    ] Entering safepoint region: Cleanup
[2022-06-13T03:14:43.548+0000][1][safepoint    ] Leaving safepoint region
[2022-06-13T03:14:43.549+0000][1][safepoint    ] Total time for which application threads were stopped: 0.0006395 seconds, Stopping threads took: 0.0003358 seconds
[2022-06-13T03:14:44.549+0000][1][safepoint    ] Application time: 1.0001186 seconds
[2022-06-13T03:14:44.550+0000][1][safepoint    ] Entering safepoint region: Cleanup
[2022-06-13T03:14:44.550+0000][1][safepoint    ] Leaving safepoint region
[2022-06-13T03:14:44.550+0000][1][safepoint    ] Total time for which application threads were stopped: 0.0004018 seconds, Stopping threads took: 0.0001750 seconds
[2022-06-13T03:14:45.550+0000][1][safepoint    ] Application time: 1.0001067 seconds
[2022-06-13T03:14:45.551+0000][1][safepoint    ] Entering safepoint region: Cleanup
[2022-06-13T03:14:45.551+0000][1][safepoint    ] Leaving safepoint region
[2022-06-13T03:14:45.551+0000][1][safepoint    ] Total time for which application threads were stopped: 0.0005984 seconds, Stopping threads took: 0.0003383 seconds
[2022-06-13T03:14:46.552+0000][1][safepoint    ] Application time: 1.0001198 seconds
[2022-06-13T03:14:46.552+0000][1][safepoint    ] Entering safepoint region: Cleanup
[2022-06-13T03:14:46.552+0000][1][safepoint    ] Leaving safepoint region
[2022-06-13T03:14:46.553+0000][1][safepoint    ] Total time for which application threads were stopped: 0.0005821 seconds, Stopping threads took: 0.0003127 seconds
[2022-06-13T03:14:47.553+0000][1][safepoint    ] Application time: 1.0002620 seconds
[2022-06-13T03:14:47.553+0000][1][safepoint    ] Entering safepoint region: Cleanup
[2022-06-13T03:14:47.554+0000][1][safepoint    ] Leaving safepoint region
[2022-06-13T03:14:47.554+0000][1][safepoint    ] Total time for which application threads were stopped: 0.0006587 seconds, Stopping threads took: 0.0002644 seconds
[2022-06-13T03:14:48.555+0000][1][safepoint    ] Application time: 1.0002070 seconds
[2022-06-13T03:14:48.555+0000][1][safepoint    ] Entering safepoint region: Cleanup
[2022-06-13T03:14:48.556+0000][1][safepoint    ] Leaving safepoint region
[2022-06-13T03:14:48.556+0000][1][safepoint    ] Total time for which application threads were stopped: 0.0008070 seconds, Stopping threads took: 0.0003342 seconds
[2022-06-13T03:14:49.557+0000][1][safepoint    ] Application time: 1.0002834 seconds
[2022-06-13T03:14:49.557+0000][1][safepoint    ] Entering safepoint region: Cleanup
[2022-06-13T03:14:49.557+0000][1][safepoint    ] Leaving safepoint region
[2022-06-13T03:14:49.558+0000][1][safepoint    ] Total time for which application threads were stopped: 0.0009260 seconds, Stopping threads took: 0.0003159 seconds
[2022-06-13T03:14:50.558+0000][1][safepoint    ] Application time: 1.0001061 seconds
[2022-06-13T03:14:50.559+0000][1][safepoint    ] Entering safepoint region: Cleanup
[2022-06-13T03:14:50.560+0000][1][safepoint    ] Leaving safepoint region
[2022-06-13T03:14:50.560+0000][1][safepoint    ] Total time for which application threads were stopped: 0.0010825 seconds, Stopping threads took: 0.0005691 seconds
[2022-06-13T03:14:51.561+0000][1][safepoint    ] Application time: 1.0001702 seconds
[2022-06-13T03:14:51.561+0000][1][safepoint    ] Entering safepoint region: Cleanup
[2022-06-13T03:14:51.562+0000][1][safepoint    ] Leaving safepoint region
[2022-06-13T03:14:51.562+0000][1][safepoint    ] Total time for which application threads were stopped: 0.0008010 seconds, Stopping threads took: 0.0003985 seconds
[2022-06-13T03:14:52.563+0000][1][safepoint    ] Application time: 1.0003195 seconds
[2022-06-13T03:14:52.563+0000][1][safepoint    ] Entering safepoint region: Cleanup
[2022-06-13T03:14:52.564+0000][1][safepoint    ] Leaving safepoint region
[2022-06-13T03:14:52.564+0000][1][safepoint    ] Total time for which application threads were stopped: 0.0007882 seconds, Stopping threads took: 0.0003174 seconds
[2022-06-13T03:14:53.565+0000][1][safepoint    ] Application time: 1.0001966 seconds
[2022-06-13T03:14:53.565+0000][1][safepoint    ] Entering safepoint region: Cleanup
[2022-06-13T03:14:53.566+0000][1][safepoint    ] Leaving safepoint region
[2022-06-13T03:14:53.566+0000][1][safepoint    ] Total time for which application threads were stopped: 0.0007931 seconds, Stopping threads took: 0.0003892 seconds
[2022-06-13T03:14:54.567+0000][1][safepoint    ] Application time: 1.0002038 seconds
[2022-06-13T03:14:54.567+0000][1][safepoint    ] Entering safepoint region: Cleanup
[2022-06-13T03:14:54.568+0000][1][safepoint    ] Leaving safepoint region
[2022-06-13T03:14:54.568+0000][1][safepoint    ] Total time for which application threads were stopped: 0.0008704 seconds, Stopping threads took: 0.0004312 seconds
[2022-06-13T03:14:55.569+0000][1][safepoint    ] Application time: 1.0002102 seconds
[2022-06-13T03:14:55.569+0000][1][safepoint    ] Entering safepoint region: Cleanup
[2022-06-13T03:14:55.570+0000][1][safepoint    ] Leaving safepoint region
[2022-06-13T03:14:55.570+0000][1][safepoint    ] Total time for which application threads were stopped: 0.0010813 seconds, Stopping threads took: 0.0005543 seconds
[2022-06-13T03:14:56.571+0000][1][safepoint    ] Application time: 1.0002034 seconds
[2022-06-13T03:14:56.571+0000][1][safepoint    ] Entering safepoint region: Cleanup
[2022-06-13T03:14:56.572+0000][1][safepoint    ] Leaving safepoint region
[2022-06-13T03:14:56.572+0000][1][safepoint    ] Total time for which application threads were stopped: 0.0007710 seconds, Stopping threads took: 0.0003492 seconds
[2022-06-13T03:14:57.573+0000][1][safepoint    ] Application time: 1.0003215 seconds
[2022-06-13T03:14:57.574+0000][1][safepoint    ] Entering safepoint region: Cleanup
[2022-06-13T03:14:57.574+0000][1][safepoint    ] Leaving safepoint region
[2022-06-13T03:14:57.575+0000][1][safepoint    ] Total time for which application threads were stopped: 0.0010118 seconds, Stopping threads took: 0.0004481 seconds
[2022-06-13T03:14:58.575+0000][1][safepoint    ] Application time: 1.0002140 seconds
[2022-06-13T03:14:58.576+0000][1][safepoint    ] Entering safepoint region: Cleanup
[2022-06-13T03:14:58.576+0000][1][safepoint    ] Leaving safepoint region
[2022-06-13T03:14:58.577+0000][1][safepoint    ] Total time for which application threads were stopped: 0.0008421 seconds, Stopping threads took: 0.0004045 seconds
[2022-06-13T03:14:59.577+0000][1][safepoint    ] Application time: 1.0001823 seconds
[2022-06-13T03:14:59.578+0000][1][safepoint    ] Entering safepoint region: Cleanup
[2022-06-13T03:14:59.578+0000][1][safepoint    ] Leaving safepoint region
[2022-06-13T03:14:59.579+0000][1][safepoint    ] Total time for which application threads were stopped: 0.0009219 seconds, Stopping threads took: 0.0004182 seconds
[2022-06-13T03:15:00.579+0000][1][safepoint    ] Application time: 1.0002073 seconds
[2022-06-13T03:15:00.580+0000][1][safepoint    ] Entering safepoint region: Cleanup
[2022-06-13T03:15:00.581+0000][1][safepoint    ] Leaving safepoint region
[2022-06-13T03:15:00.581+0000][1][safepoint    ] Total time for which application threads were stopped: 0.0011583 seconds, Stopping threads took: 0.0005067 seconds
[2022-06-13T03:15:01.583+0000][1][safepoint    ] Application time: 1.0010249 seconds
[2022-06-13T03:15:01.583+0000][1][safepoint    ] Entering safepoint region: Cleanup
[2022-06-13T03:15:01.584+0000][1][safepoint    ] Leaving safepoint region
[2022-06-13T03:15:01.584+0000][1][safepoint    ] Total time for which application threads were stopped: 0.0006761 seconds, Stopping threads took: 0.0003500 seconds
[2022-06-13T03:15:02.585+0000][1][safepoint    ] Application time: 1.0001284 seconds
[2022-06-13T03:15:02.585+0000][1][safepoint    ] Entering safepoint region: Cleanup
[2022-06-13T03:15:02.585+0000][1][safepoint    ] Leaving safepoint region
[2022-06-13T03:15:02.586+0000][1][safepoint    ] Total time for which application threads were stopped: 0.0005891 seconds, Stopping threads took: 0.0002589 seconds
[2022-06-13T03:15:03.586+0000][1][safepoint    ] Application time: 1.0001218 seconds
[2022-06-13T03:15:03.587+0000][1][safepoint    ] Entering safepoint region: Cleanup
[2022-06-13T03:15:03.587+0000][1][safepoint    ] Leaving safepoint region
[2022-06-13T03:15:03.588+0000][1][safepoint    ] Total time for which application threads were stopped: 0.0011170 seconds, Stopping threads took: 0.0004941 seconds
[2022-06-13T03:15:04.588+0000][1][safepoint    ] Application time: 1.0001512 seconds
[2022-06-13T03:15:04.589+0000][1][safepoint    ] Entering safepoint region: Cleanup
[2022-06-13T03:15:04.589+0000][1][safepoint    ] Leaving safepoint region
[2022-06-13T03:15:04.590+0000][1][safepoint    ] Total time for which application threads were stopped: 0.0007265 seconds, Stopping threads took: 0.0003542 seconds
[2022-06-13T03:15:05.590+0000][1][safepoint    ] Application time: 1.0001301 seconds
[2022-06-13T03:15:05.591+0000][1][safepoint    ] Entering safepoint region: Cleanup
[2022-06-13T03:15:05.591+0000][1][safepoint    ] Leaving safepoint region
[2022-06-13T03:15:05.591+0000][1][safepoint    ] Total time for which application threads were stopped: 0.0007610 seconds, Stopping threads took: 0.0003575 seconds
[2022-06-13T03:15:06.592+0000][1][safepoint    ] Application time: 1.0003122 seconds
[2022-06-13T03:15:06.593+0000][1][safepoint    ] Entering safepoint region: Cleanup
[2022-06-13T03:15:06.593+0000][1][safepoint    ] Leaving safepoint region
[2022-06-13T03:15:06.593+0000][1][safepoint    ] Total time for which application threads were stopped: 0.0008646 seconds, Stopping threads took: 0.0003935 seconds
[2022-06-13T03:15:07.594+0000][1][safepoint    ] Application time: 1.0002198 seconds
[2022-06-13T03:15:07.595+0000][1][safepoint    ] Entering safepoint region: Cleanup
[2022-06-13T03:15:07.595+0000][1][safepoint    ] Leaving safepoint region
[2022-06-13T03:15:07.595+0000][1][safepoint    ] Total time for which application threads were stopped: 0.0005906 seconds, Stopping threads took: 0.0002356 seconds
[2022-06-13T03:15:08.595+0000][1][safepoint    ] Application time: 1.0001955 seconds
[2022-06-13T03:15:08.596+0000][1][safepoint    ] Entering safepoint region: Cleanup
[2022-06-13T03:15:08.596+0000][1][safepoint    ] Leaving safepoint region
[2022-06-13T03:15:08.597+0000][1][safepoint    ] Total time for which application threads were stopped: 0.0006647 seconds, Stopping threads took: 0.0003084 seconds
[2022-06-13T03:15:09.597+0000][1][safepoint    ] Application time: 1.0002701 seconds
[2022-06-13T03:15:09.598+0000][1][safepoint    ] Entering safepoint region: Cleanup
[2022-06-13T03:15:09.598+0000][1][safepoint    ] Leaving safepoint region
[2022-06-13T03:15:09.599+0000][1][safepoint    ] Total time for which application threads were stopped: 0.0009288 seconds, Stopping threads took: 0.0004078 seconds
[2022-06-13T03:15:10.599+0000][1][safepoint    ] Application time: 1.0002314 seconds
[2022-06-13T03:15:10.600+0000][1][safepoint    ] Entering safepoint region: Cleanup
[2022-06-13T03:15:10.600+0000][1][safepoint    ] Leaving safepoint region
[2022-06-13T03:15:10.600+0000][1][safepoint    ] Total time for which application threads were stopped: 0.0005549 seconds, Stopping threads took: 0.0002998 seconds
[2022-06-13T03:15:11.601+0000][1][safepoint    ] Application time: 1.0001886 seconds
[2022-06-13T03:15:11.601+0000][1][safepoint    ] Entering safepoint region: Cleanup
[2022-06-13T03:15:11.601+0000][1][safepoint    ] Leaving safepoint region
[2022-06-13T03:15:11.601+0000][1][safepoint    ] Total time for which application threads were stopped: 0.0005234 seconds, Stopping threads took: 0.0002578 seconds
[2022-06-13T03:15:12.602+0000][1][safepoint    ] Application time: 1.0001992 seconds
[2022-06-13T03:15:12.602+0000][1][safepoint    ] Entering safepoint region: Cleanup
[2022-06-13T03:15:12.603+0000][1][safepoint    ] Leaving safepoint region
[2022-06-13T03:15:12.603+0000][1][safepoint    ] Total time for which application threads were stopped: 0.0006733 seconds, Stopping threads took: 0.0003122 seconds
[2022-06-13T03:15:13.603+0000][1][safepoint    ] Application time: 1.0001548 seconds
[2022-06-13T03:15:13.604+0000][1][safepoint    ] Entering safepoint region: Cleanup
[2022-06-13T03:15:13.605+0000][1][safepoint    ] Leaving safepoint region
[2022-06-13T03:15:13.605+0000][1][safepoint    ] Total time for which application threads were stopped: 0.0008746 seconds, Stopping threads took: 0.0004075 seconds
[2022-06-13T03:15:14.606+0000][1][safepoint    ] Application time: 1.0001863 seconds
[2022-06-13T03:15:14.606+0000][1][safepoint    ] Entering safepoint region: Cleanup
[2022-06-13T03:15:14.607+0000][1][safepoint    ] Leaving safepoint region
[2022-06-13T03:15:14.607+0000][1][safepoint    ] Total time for which application threads were stopped: 0.0009505 seconds, Stopping threads took: 0.0004785 seconds
[2022-06-13T03:15:15.608+0000][1][safepoint    ] Application time: 1.0001994 seconds
[2022-06-13T03:15:15.608+0000][1][safepoint    ] Entering safepoint region: Cleanup
[2022-06-13T03:15:15.609+0000][1][safepoint    ] Leaving safepoint region
[2022-06-13T03:15:15.609+0000][1][safepoint    ] Total time for which application threads were stopped: 0.0007397 seconds, Stopping threads took: 0.0003767 seconds
[2022-06-13T03:15:16.609+0000][1][safepoint    ] Application time: 1.0002178 seconds
[2022-06-13T03:15:16.610+0000][1][safepoint    ] Entering safepoint region: Cleanup
[2022-06-13T03:15:16.610+0000][1][safepoint    ] Leaving safepoint region
[2022-06-13T03:15:16.611+0000][1][safepoint    ] Total time for which application threads were stopped: 0.0008191 seconds, Stopping threads took: 0.0003815 seconds
[2022-06-13T03:15:17.611+0000][1][safepoint    ] Application time: 1.0001187 seconds
[2022-06-13T03:15:17.612+0000][1][safepoint    ] Entering safepoint region: Cleanup
[2022-06-13T03:15:17.612+0000][1][safepoint    ] Leaving safepoint region
[2022-06-13T03:15:17.613+0000][1][safepoint    ] Total time for which application threads were stopped: 0.0008464 seconds, Stopping threads took: 0.0003855 seconds
[2022-06-13T03:15:18.613+0000][1][safepoint    ] Application time: 1.0002704 seconds
[2022-06-13T03:15:18.614+0000][1][safepoint    ] Entering safepoint region: Cleanup
[2022-06-13T03:15:18.614+0000][1][safepoint    ] Leaving safepoint region
[2022-06-13T03:15:18.615+0000][1][safepoint    ] Total time for which application threads were stopped: 0.0007923 seconds, Stopping threads took: 0.0003484 seconds
[2022-06-13T03:15:19.615+0000][1][safepoint    ] Application time: 1.0002318 seconds
[2022-06-13T03:15:19.616+0000][1][safepoint    ] Entering safepoint region: Cleanup
[2022-06-13T03:15:19.616+0000][1][safepoint    ] Leaving safepoint region
[2022-06-13T03:15:19.617+0000][1][safepoint    ] Total time for which application threads were stopped: 0.0011187 seconds, Stopping threads took: 0.0004780 seconds
[2022-06-13T03:15:20.618+0000][1][safepoint    ] Application time: 1.0002681 seconds
[2022-06-13T03:15:20.618+0000][1][safepoint    ] Entering safepoint region: Cleanup
[2022-06-13T03:15:20.619+0000][1][safepoint    ] Leaving safepoint region
[2022-06-13T03:15:20.619+0000][1][safepoint    ] Total time for which application threads were stopped: 0.0007397 seconds, Stopping threads took: 0.0004026 seconds
[2022-06-13T03:15:21.619+0000][1][safepoint    ] Application time: 1.0001176 seconds
[2022-06-13T03:15:21.620+0000][1][safepoint    ] Entering safepoint region: Cleanup
[2022-06-13T03:15:21.621+0000][1][safepoint    ] Leaving safepoint region
[2022-06-13T03:15:21.621+0000][1][safepoint    ] Total time for which application threads were stopped: 0.0012372 seconds, Stopping threads took: 0.0006514 seconds
[2022-06-13T03:15:22.622+0000][1][safepoint    ] Application time: 1.0002432 seconds
[2022-06-13T03:15:22.623+0000][1][safepoint    ] Entering safepoint region: Cleanup
[2022-06-13T03:15:22.623+0000][1][safepoint    ] Leaving safepoint region
[2022-06-13T03:15:22.624+0000][1][safepoint    ] Total time for which application threads were stopped: 0.0009453 seconds, Stopping threads took: 0.0004225 seconds
[2022-06-13T03:15:23.624+0000][1][safepoint    ] Application time: 1.0001938 seconds
[2022-06-13T03:15:23.625+0000][1][safepoint    ] Entering safepoint region: Cleanup
[2022-06-13T03:15:23.625+0000][1][safepoint    ] Leaving safepoint region
[2022-06-13T03:15:23.626+0000][1][safepoint    ] Total time for which application threads were stopped: 0.0009276 seconds, Stopping threads took: 0.0004216 seconds
[2022-06-13T03:15:24.626+0000][1][safepoint    ] Application time: 1.0001977 seconds
[2022-06-13T03:15:24.627+0000][1][safepoint    ] Entering safepoint region: Cleanup
[2022-06-13T03:15:24.627+0000][1][safepoint    ] Leaving safepoint region
[2022-06-13T03:15:24.627+0000][1][safepoint    ] Total time for which application threads were stopped: 0.0003253 seconds, Stopping threads took: 0.0001500 seconds
[2022-06-13T03:15:25.627+0000][1][safepoint    ] Application time: 1.0001484 seconds
[2022-06-13T03:15:25.628+0000][1][safepoint    ] Entering safepoint region: Cleanup
[2022-06-13T03:15:25.628+0000][1][safepoint    ] Leaving safepoint region
[2022-06-13T03:15:25.629+0000][1][safepoint    ] Total time for which application threads were stopped: 0.0009513 seconds, Stopping threads took: 0.0004528 seconds
[2022-06-13T03:15:26.630+0000][1][safepoint    ] Application time: 1.0002225 seconds
[2022-06-13T03:15:26.630+0000][1][safepoint    ] Entering safepoint region: Cleanup
[2022-06-13T03:15:26.630+0000][1][safepoint    ] Leaving safepoint region
[2022-06-13T03:15:26.631+0000][1][safepoint    ] Total time for which application threads were stopped: 0.0005916 seconds, Stopping threads took: 0.0002952 seconds
[2022-06-13T03:15:27.631+0000][1][safepoint    ] Application time: 1.0003235 seconds
[2022-06-13T03:15:27.632+0000][1][safepoint    ] Entering safepoint region: Cleanup
[2022-06-13T03:15:27.633+0000][1][safepoint    ] Leaving safepoint region
[2022-06-13T03:15:27.633+0000][1][safepoint    ] Total time for which application threads were stopped: 0.0012054 seconds, Stopping threads took: 0.0005413 seconds
[2022-06-13T03:15:28.634+0000][1][safepoint    ] Application time: 1.0002118 seconds
[2022-06-13T03:15:28.635+0000][1][safepoint    ] Entering safepoint region: Cleanup
[2022-06-13T03:15:28.635+0000][1][safepoint    ] Leaving safepoint region
[2022-06-13T03:15:28.635+0000][1][safepoint    ] Total time for which application threads were stopped: 0.0007646 seconds, Stopping threads took: 0.0003218 seconds
[2022-06-13T03:15:29.636+0000][1][safepoint    ] Application time: 1.0001698 seconds
[2022-06-13T03:15:29.637+0000][1][safepoint    ] Entering safepoint region: Cleanup
[2022-06-13T03:15:29.637+0000][1][safepoint    ] Leaving safepoint region
[2022-06-13T03:15:29.637+0000][1][safepoint    ] Total time for which application threads were stopped: 0.0008918 seconds, Stopping threads took: 0.0005359 seconds
[2022-06-13T03:15:30.638+0000][1][safepoint    ] Application time: 1.0001248 seconds
[2022-06-13T03:15:30.638+0000][1][safepoint    ] Entering safepoint region: Cleanup
[2022-06-13T03:15:30.639+0000][1][safepoint    ] Leaving safepoint region
[2022-06-13T03:15:30.639+0000][1][safepoint    ] Total time for which application threads were stopped: 0.0006178 seconds, Stopping threads took: 0.0002898 seconds
[2022-06-13T03:15:31.639+0000][1][safepoint    ] Application time: 1.0003363 seconds
[2022-06-13T03:15:31.640+0000][1][safepoint    ] Entering safepoint region: Cleanup
[2022-06-13T03:15:31.640+0000][1][safepoint    ] Leaving safepoint region
[2022-06-13T03:15:31.641+0000][1][safepoint    ] Total time for which application threads were stopped: 0.0008103 seconds, Stopping threads took: 0.0004525 seconds
[2022-06-13T03:15:32.641+0000][1][safepoint    ] Application time: 1.0002634 seconds
[2022-06-13T03:15:32.642+0000][1][safepoint    ] Entering safepoint region: Cleanup
[2022-06-13T03:15:32.642+0000][1][safepoint    ] Leaving safepoint region
[2022-06-13T03:15:32.643+0000][1][safepoint    ] Total time for which application threads were stopped: 0.0007641 seconds, Stopping threads took: 0.0003884 seconds
[2022-06-13T03:15:33.643+0000][1][safepoint    ] Application time: 1.0003064 seconds
[2022-06-13T03:15:33.644+0000][1][safepoint    ] Entering safepoint region: Cleanup
[2022-06-13T03:15:33.644+0000][1][safepoint    ] Leaving safepoint region
[2022-06-13T03:15:33.645+0000][1][safepoint    ] Total time for which application threads were stopped: 0.0008084 seconds, Stopping threads took: 0.0003697 seconds
[2022-06-13T03:15:34.645+0000][1][safepoint    ] Application time: 1.0002447 seconds
[2022-06-13T03:15:34.646+0000][1][safepoint    ] Entering safepoint region: Cleanup
[2022-06-13T03:15:34.647+0000][1][safepoint    ] Leaving safepoint region
[2022-06-13T03:15:34.648+0000][1][safepoint    ] Total time for which application threads were stopped: 0.0015558 seconds, Stopping threads took: 0.0007047 seconds
[2022-06-13T03:15:35.648+0000][1][safepoint    ] Application time: 1.0003470 seconds
[2022-06-13T03:15:35.649+0000][1][safepoint    ] Entering safepoint region: Cleanup
[2022-06-13T03:15:35.650+0000][1][safepoint    ] Leaving safepoint region
[2022-06-13T03:15:35.650+0000][1][safepoint    ] Total time for which application threads were stopped: 0.0012143 seconds, Stopping threads took: 0.0005169 seconds
[2022-06-13T03:15:36.651+0000][1][safepoint    ] Application time: 1.0002661 seconds
[2022-06-13T03:15:36.652+0000][1][safepoint    ] Entering safepoint region: Cleanup
[2022-06-13T03:15:36.652+0000][1][safepoint    ] Leaving safepoint region
[2022-06-13T03:15:36.652+0000][1][safepoint    ] Total time for which application threads were stopped: 0.0006185 seconds, Stopping threads took: 0.0002270 seconds
[2022-06-13T03:15:37.653+0000][1][safepoint    ] Application time: 1.0002673 seconds
[2022-06-13T03:15:37.654+0000][1][safepoint    ] Entering safepoint region: Cleanup
[2022-06-13T03:15:37.655+0000][1][safepoint    ] Leaving safepoint region
[2022-06-13T03:15:37.655+0000][1][safepoint    ] Total time for which application threads were stopped: 0.0015130 seconds, Stopping threads took: 0.0007861 seconds
[2022-06-13T03:15:38.656+0000][1][safepoint    ] Application time: 1.0002279 seconds
[2022-06-13T03:15:38.656+0000][1][safepoint    ] Entering safepoint region: Cleanup
[2022-06-13T03:15:38.657+0000][1][safepoint    ] Leaving safepoint region
[2022-06-13T03:15:38.658+0000][1][safepoint    ] Total time for which application threads were stopped: 0.0010695 seconds, Stopping threads took: 0.0003842 seconds
[2022-06-13T03:15:39.658+0000][1][safepoint    ] Application time: 1.0002082 seconds
[2022-06-13T03:15:39.659+0000][1][safepoint    ] Entering safepoint region: Cleanup
[2022-06-13T03:15:39.659+0000][1][safepoint    ] Leaving safepoint region
[2022-06-13T03:15:39.659+0000][1][safepoint    ] Total time for which application threads were stopped: 0.0004831 seconds, Stopping threads took: 0.0002158 seconds
[2022-06-13T03:15:40.660+0000][1][safepoint    ] Application time: 1.0001926 seconds
[2022-06-13T03:15:40.660+0000][1][safepoint    ] Entering safepoint region: Cleanup
[2022-06-13T03:15:40.660+0000][1][safepoint    ] Leaving safepoint region
[2022-06-13T03:15:40.660+0000][1][safepoint    ] Total time for which application threads were stopped: 0.0002960 seconds, Stopping threads took: 0.0001351 seconds
[2022-06-13T03:15:41.661+0000][1][safepoint    ] Application time: 1.0001513 seconds
[2022-06-13T03:15:41.661+0000][1][safepoint    ] Entering safepoint region: Cleanup
[2022-06-13T03:15:41.662+0000][1][safepoint    ] Leaving safepoint region
[2022-06-13T03:15:41.663+0000][1][safepoint    ] Total time for which application threads were stopped: 0.0015350 seconds, Stopping threads took: 0.0006869 seconds
[2022-06-13T03:15:42.664+0000][1][safepoint    ] Application time: 1.0002494 seconds
[2022-06-13T03:15:42.664+0000][1][safepoint    ] Entering safepoint region: Cleanup
[2022-06-13T03:15:42.665+0000][1][safepoint    ] Leaving safepoint region
[2022-06-13T03:15:42.666+0000][1][safepoint    ] Total time for which application threads were stopped: 0.0012305 seconds, Stopping threads took: 0.0006051 seconds
[2022-06-13T03:15:43.666+0000][1][safepoint    ] Application time: 1.0002487 seconds
[2022-06-13T03:15:43.667+0000][1][safepoint    ] Entering safepoint region: Cleanup
[2022-06-13T03:15:43.667+0000][1][safepoint    ] Leaving safepoint region
[2022-06-13T03:15:43.668+0000][1][safepoint    ] Total time for which application threads were stopped: 0.0005768 seconds, Stopping threads took: 0.0002962 seconds
[2022-06-13T03:15:44.668+0000][1][safepoint    ] Application time: 1.0002138 seconds
[2022-06-13T03:15:44.669+0000][1][safepoint    ] Entering safepoint region: Cleanup
[2022-06-13T03:15:44.669+0000][1][safepoint    ] Leaving safepoint region
[2022-06-13T03:15:44.669+0000][1][safepoint    ] Total time for which application threads were stopped: 0.0007999 seconds, Stopping threads took: 0.0003475 seconds
[2022-06-13T03:15:45.670+0000][1][safepoint    ] Application time: 1.0003090 seconds
[2022-06-13T03:15:45.671+0000][1][safepoint    ] Entering safepoint region: Cleanup
[2022-06-13T03:15:45.671+0000][1][safepoint    ] Leaving safepoint region
[2022-06-13T03:15:45.672+0000][1][safepoint    ] Total time for which application threads were stopped: 0.0010352 seconds, Stopping threads took: 0.0004467 seconds
[2022-06-13T03:15:46.672+0000][1][safepoint    ] Application time: 1.0001859 seconds
[2022-06-13T03:15:46.673+0000][1][safepoint    ] Entering safepoint region: Cleanup
[2022-06-13T03:15:46.674+0000][1][safepoint    ] Leaving safepoint region
[2022-06-13T03:15:46.674+0000][1][safepoint    ] Total time for which application threads were stopped: 0.0012323 seconds, Stopping threads took: 0.0006509 seconds
[2022-06-13T03:15:47.675+0000][1][safepoint    ] Application time: 1.0002525 seconds
[2022-06-13T03:15:47.676+0000][1][safepoint    ] Entering safepoint region: Cleanup
[2022-06-13T03:15:47.676+0000][1][safepoint    ] Leaving safepoint region
[2022-06-13T03:15:47.676+0000][1][safepoint    ] Total time for which application threads were stopped: 0.0008359 seconds, Stopping threads took: 0.0004065 seconds
[2022-06-13T03:15:48.677+0000][1][safepoint    ] Application time: 1.0001824 seconds
[2022-06-13T03:15:48.678+0000][1][safepoint    ] Entering safepoint region: Cleanup
[2022-06-13T03:15:48.678+0000][1][safepoint    ] Leaving safepoint region
[2022-06-13T03:15:48.678+0000][1][safepoint    ] Total time for which application threads were stopped: 0.0008002 seconds, Stopping threads took: 0.0003882 seconds
[2022-06-13T03:15:49.679+0000][1][safepoint    ] Application time: 1.0001889 seconds
[2022-06-13T03:15:49.679+0000][1][safepoint    ] Entering safepoint region: Cleanup
[2022-06-13T03:15:49.680+0000][1][safepoint    ] Leaving safepoint region
[2022-06-13T03:15:49.680+0000][1][safepoint    ] Total time for which application threads were stopped: 0.0008991 seconds, Stopping threads took: 0.0004104 seconds
[2022-06-13T03:15:50.681+0000][1][safepoint    ] Application time: 1.0001862 seconds
[2022-06-13T03:15:50.681+0000][1][safepoint    ] Entering safepoint region: Cleanup
[2022-06-13T03:15:50.682+0000][1][safepoint    ] Leaving safepoint region
[2022-06-13T03:15:50.682+0000][1][safepoint    ] Total time for which application threads were stopped: 0.0008602 seconds, Stopping threads took: 0.0004060 seconds
[2022-06-13T03:15:51.683+0000][1][safepoint    ] Application time: 1.0002721 seconds
[2022-06-13T03:15:51.683+0000][1][safepoint    ] Entering safepoint region: Cleanup
[2022-06-13T03:15:51.684+0000][1][safepoint    ] Leaving safepoint region
[2022-06-13T03:15:51.684+0000][1][safepoint    ] Total time for which application threads were stopped: 0.0007192 seconds, Stopping threads took: 0.0003572 seconds
[2022-06-13T03:15:52.685+0000][1][safepoint    ] Application time: 1.0002039 seconds
[2022-06-13T03:15:52.685+0000][1][safepoint    ] Entering safepoint region: Cleanup
[2022-06-13T03:15:52.686+0000][1][safepoint    ] Leaving safepoint region
[2022-06-13T03:15:52.686+0000][1][safepoint    ] Total time for which application threads were stopped: 0.0011234 seconds, Stopping threads took: 0.0005362 seconds
[2022-06-13T03:15:53.687+0000][1][safepoint    ] Application time: 1.0001614 seconds
[2022-06-13T03:15:53.688+0000][1][safepoint    ] Entering safepoint region: Cleanup
[2022-06-13T03:15:53.688+0000][1][safepoint    ] Leaving safepoint region
[2022-06-13T03:15:53.688+0000][1][safepoint    ] Total time for which application threads were stopped: 0.0007318 seconds, Stopping threads took: 0.0002744 seconds
[2022-06-13T03:15:54.689+0000][1][safepoint    ] Application time: 1.0003575 seconds
[2022-06-13T03:15:54.690+0000][1][safepoint    ] Entering safepoint region: Cleanup
[2022-06-13T03:15:54.691+0000][1][safepoint    ] Leaving safepoint region
[2022-06-13T03:15:54.691+0000][1][safepoint    ] Total time for which application threads were stopped: 0.0014338 seconds, Stopping threads took: 0.0007077 seconds
[2022-06-13T03:15:55.692+0000][1][safepoint    ] Application time: 1.0002312 seconds
[2022-06-13T03:15:55.693+0000][1][safepoint    ] Entering safepoint region: Cleanup
[2022-06-13T03:15:55.693+0000][1][safepoint    ] Leaving safepoint region
[2022-06-13T03:15:55.694+0000][1][safepoint    ] Total time for which application threads were stopped: 0.0010887 seconds, Stopping threads took: 0.0005094 seconds
[2022-06-13T03:15:56.695+0000][1][safepoint    ] Application time: 1.0001283 seconds
[2022-06-13T03:15:56.695+0000][1][safepoint    ] Entering safepoint region: Cleanup
[2022-06-13T03:15:56.695+0000][1][safepoint    ] Leaving safepoint region
[2022-06-13T03:15:56.696+0000][1][safepoint    ] Total time for which application threads were stopped: 0.0006177 seconds, Stopping threads took: 0.0002500 seconds
[2022-06-13T03:15:57.696+0000][1][safepoint    ] Application time: 1.0001048 seconds
[2022-06-13T03:15:57.696+0000][1][safepoint    ] Entering safepoint region: Cleanup
[2022-06-13T03:15:57.697+0000][1][safepoint    ] Leaving safepoint region
[2022-06-13T03:15:57.697+0000][1][safepoint    ] Total time for which application threads were stopped: 0.0006790 seconds, Stopping threads took: 0.0003431 seconds
[2022-06-13T03:15:58.698+0000][1][safepoint    ] Application time: 1.0002973 seconds
[2022-06-13T03:15:58.699+0000][1][safepoint    ] Entering safepoint region: Cleanup
[2022-06-13T03:15:58.700+0000][1][safepoint    ] Leaving safepoint region
[2022-06-13T03:15:58.701+0000][1][safepoint    ] Total time for which application threads were stopped: 0.0019445 seconds, Stopping threads took: 0.0008586 seconds
[2022-06-13T03:15:59.702+0000][1][safepoint    ] Application time: 1.0002134 seconds
[2022-06-13T03:15:59.702+0000][1][safepoint    ] Entering safepoint region: Cleanup
[2022-06-13T03:15:59.703+0000][1][safepoint    ] Leaving safepoint region
[2022-06-13T03:15:59.703+0000][1][safepoint    ] Total time for which application threads were stopped: 0.0010196 seconds, Stopping threads took: 0.0004547 seconds
[2022-06-13T03:16:00.704+0000][1][safepoint    ] Application time: 1.0002497 seconds
[2022-06-13T03:16:00.704+0000][1][safepoint    ] Entering safepoint region: Cleanup
[2022-06-13T03:16:00.705+0000][1][safepoint    ] Leaving safepoint region
[2022-06-13T03:16:00.705+0000][1][safepoint    ] Total time for which application threads were stopped: 0.0008877 seconds, Stopping threads took: 0.0004689 seconds
[2022-06-13T03:16:01.706+0000][1][safepoint    ] Application time: 1.0001851 seconds
[2022-06-13T03:16:01.706+0000][1][safepoint    ] Entering safepoint region: Cleanup
[2022-06-13T03:16:01.707+0000][1][safepoint    ] Leaving safepoint region
[2022-06-13T03:16:01.707+0000][1][safepoint    ] Total time for which application threads were stopped: 0.0010910 seconds, Stopping threads took: 0.0005008 seconds
[2022-06-13T03:16:02.708+0000][1][safepoint    ] Application time: 1.0002288 seconds
[2022-06-13T03:16:02.709+0000][1][safepoint    ] Entering safepoint region: Cleanup
[2022-06-13T03:16:02.709+0000][1][safepoint    ] Leaving safepoint region
[2022-06-13T03:16:02.709+0000][1][safepoint    ] Total time for which application threads were stopped: 0.0009209 seconds, Stopping threads took: 0.0004183 seconds
[2022-06-13T03:16:03.710+0000][1][safepoint    ] Application time: 1.0002131 seconds
[2022-06-13T03:16:03.711+0000][1][safepoint    ] Entering safepoint region: Cleanup
[2022-06-13T03:16:03.711+0000][1][safepoint    ] Leaving safepoint region
[2022-06-13T03:16:03.712+0000][1][safepoint    ] Total time for which application threads were stopped: 0.0009400 seconds, Stopping threads took: 0.0004891 seconds
[2022-06-13T03:16:04.712+0000][1][safepoint    ] Application time: 1.0001780 seconds
[2022-06-13T03:16:04.713+0000][1][safepoint    ] Entering safepoint region: Cleanup
[2022-06-13T03:16:04.713+0000][1][safepoint    ] Leaving safepoint region
[2022-06-13T03:16:04.714+0000][1][safepoint    ] Total time for which application threads were stopped: 0.0008583 seconds, Stopping threads took: 0.0003592 seconds
[2022-06-13T03:16:05.714+0000][1][safepoint    ] Application time: 1.0002087 seconds
[2022-06-13T03:16:05.715+0000][1][safepoint    ] Entering safepoint region: Cleanup
[2022-06-13T03:16:05.715+0000][1][safepoint    ] Leaving safepoint region
[2022-06-13T03:16:05.715+0000][1][safepoint    ] Total time for which application threads were stopped: 0.0008669 seconds, Stopping threads took: 0.0003965 seconds
[2022-06-13T03:16:06.716+0000][1][safepoint    ] Application time: 1.0003545 seconds
[2022-06-13T03:16:06.717+0000][1][safepoint    ] Entering safepoint region: Cleanup
[2022-06-13T03:16:06.718+0000][1][safepoint    ] Leaving safepoint region
[2022-06-13T03:16:06.718+0000][1][safepoint    ] Total time for which application threads were stopped: 0.0012329 seconds, Stopping threads took: 0.0004894 seconds
[2022-06-13T03:16:07.719+0000][1][safepoint    ] Application time: 1.0002818 seconds
[2022-06-13T03:16:07.720+0000][1][safepoint    ] Entering safepoint region: Cleanup
[2022-06-13T03:16:07.720+0000][1][safepoint    ] Leaving safepoint region
[2022-06-13T03:16:07.721+0000][1][safepoint    ] Total time for which application threads were stopped: 0.0008347 seconds, Stopping threads took: 0.0004101 seconds
[2022-06-13T03:16:08.721+0000][1][safepoint    ] Application time: 1.0002458 seconds
[2022-06-13T03:16:08.721+0000][1][safepoint    ] Entering safepoint region: Cleanup
[2022-06-13T03:16:08.722+0000][1][safepoint    ] Leaving safepoint region
[2022-06-13T03:16:08.722+0000][1][safepoint    ] Total time for which application threads were stopped: 0.0004041 seconds, Stopping threads took: 0.0001733 seconds
[2022-06-13T03:16:09.722+0000][1][safepoint    ] Application time: 1.0002509 seconds
[2022-06-13T03:16:09.723+0000][1][safepoint    ] Entering safepoint region: Cleanup
[2022-06-13T03:16:09.723+0000][1][safepoint    ] Leaving safepoint region
[2022-06-13T03:16:09.723+0000][1][safepoint    ] Total time for which application threads were stopped: 0.0006968 seconds, Stopping threads took: 0.0003210 seconds
[2022-06-13T03:16:10.805+0000][1][safepoint    ] Application time: 1.0813983 seconds
[2022-06-13T03:16:10.806+0000][1][safepoint    ] Entering safepoint region: Cleanup
[2022-06-13T03:16:10.806+0000][1][safepoint    ] Leaving safepoint region
[2022-06-13T03:16:10.806+0000][1][safepoint    ] Total time for which application threads were stopped: 0.0007353 seconds, Stopping threads took: 0.0003628 seconds
[2022-06-13T03:16:11.807+0000][1][safepoint    ] Application time: 1.0001627 seconds
[2022-06-13T03:16:11.807+0000][1][safepoint    ] Entering safepoint region: Cleanup
[2022-06-13T03:16:11.808+0000][1][safepoint    ] Leaving safepoint region
[2022-06-13T03:16:11.808+0000][1][safepoint    ] Total time for which application threads were stopped: 0.0006412 seconds, Stopping threads took: 0.0003188 seconds
[2022-06-13T03:16:12.808+0000][1][safepoint    ] Application time: 1.0001968 seconds
[2022-06-13T03:16:12.809+0000][1][safepoint    ] Entering safepoint region: Cleanup
[2022-06-13T03:16:12.810+0000][1][safepoint    ] Leaving safepoint region
[2022-06-13T03:16:12.810+0000][1][safepoint    ] Total time for which application threads were stopped: 0.0012933 seconds, Stopping threads took: 0.0003271 seconds
[2022-06-13T03:16:13.811+0000][1][safepoint    ] Application time: 1.0002678 seconds
[2022-06-13T03:16:13.812+0000][1][safepoint    ] Entering safepoint region: Cleanup
[2022-06-13T03:16:13.812+0000][1][safepoint    ] Leaving safepoint region
[2022-06-13T03:16:13.812+0000][1][safepoint    ] Total time for which application threads were stopped: 0.0008940 seconds, Stopping threads took: 0.0004163 seconds
[2022-06-13T03:16:14.813+0000][1][safepoint    ] Application time: 1.0002384 seconds
[2022-06-13T03:16:14.814+0000][1][safepoint    ] Entering safepoint region: Cleanup
[2022-06-13T03:16:14.814+0000][1][safepoint    ] Leaving safepoint region
[2022-06-13T03:16:14.814+0000][1][safepoint    ] Total time for which application threads were stopped: 0.0008314 seconds, Stopping threads took: 0.0004484 seconds
[2022-06-13T03:16:15.815+0000][1][safepoint    ] Application time: 1.0002266 seconds
[2022-06-13T03:16:15.815+0000][1][safepoint    ] Entering safepoint region: Cleanup
[2022-06-13T03:16:15.816+0000][1][safepoint    ] Leaving safepoint region
[2022-06-13T03:16:15.816+0000][1][safepoint    ] Total time for which application threads were stopped: 0.0006813 seconds, Stopping threads took: 0.0003506 seconds
[2022-06-13T03:16:16.817+0000][1][safepoint    ] Application time: 1.0002168 seconds
[2022-06-13T03:16:16.817+0000][1][safepoint    ] Entering safepoint region: Cleanup
[2022-06-13T03:16:16.818+0000][1][safepoint    ] Leaving safepoint region
[2022-06-13T03:16:16.818+0000][1][safepoint    ] Total time for which application threads were stopped: 0.0008101 seconds, Stopping threads took: 0.0003914 seconds
[2022-06-13T03:16:17.819+0000][1][safepoint    ] Application time: 1.0001823 seconds
[2022-06-13T03:16:17.819+0000][1][safepoint    ] Entering safepoint region: Cleanup
[2022-06-13T03:16:17.820+0000][1][safepoint    ] Leaving safepoint region
[2022-06-13T03:16:17.820+0000][1][safepoint    ] Total time for which application threads were stopped: 0.0009635 seconds, Stopping threads took: 0.0004734 seconds
[2022-06-13T03:16:18.821+0000][1][safepoint    ] Application time: 1.0002422 seconds
[2022-06-13T03:16:18.821+0000][1][safepoint    ] Entering safepoint region: Cleanup
[2022-06-13T03:16:18.822+0000][1][safepoint    ] Leaving safepoint region
[2022-06-13T03:16:18.822+0000][1][safepoint    ] Total time for which application threads were stopped: 0.0007287 seconds, Stopping threads took: 0.0002995 seconds
[2022-06-13T03:16:19.822+0000][1][safepoint    ] Application time: 1.0001803 seconds
[2022-06-13T03:16:19.823+0000][1][safepoint    ] Entering safepoint region: Cleanup
[2022-06-13T03:16:19.824+0000][1][safepoint    ] Leaving safepoint region
[2022-06-13T03:16:19.824+0000][1][safepoint    ] Total time for which application threads were stopped: 0.0008647 seconds, Stopping threads took: 0.0004092 seconds
[2022-06-13T03:16:20.560+0000][1][safepoint    ] Application time: 0.7353511 seconds
[2022-06-13T03:16:20.560+0000][1][safepoint    ] Entering safepoint region: GenCollectForAllocation
[2022-06-13T03:16:20.561+0000][1][gc,start     ] GC(30) Pause Young (Allocation Failure)
[2022-06-13T03:16:20.561+0000][1][gc,task      ] GC(30) Using 5 workers of 13 for evacuation
[2022-06-13T03:16:20.562+0000][1][gc,age       ] GC(30) Desired survivor size 4456448 bytes, new threshold 6 (max threshold 6)
[2022-06-13T03:16:20.562+0000][1][gc,age       ] GC(30) Age table with threshold 6 (max threshold 6)
[2022-06-13T03:16:20.563+0000][1][gc,age       ] GC(30) - age   1:      34304 bytes,      34304 total
[2022-06-13T03:16:20.563+0000][1][gc,age       ] GC(30) - age   2:      14928 bytes,      49232 total
[2022-06-13T03:16:20.563+0000][1][gc,age       ] GC(30) - age   3:      13568 bytes,      62800 total
[2022-06-13T03:16:20.563+0000][1][gc,age       ] GC(30) - age   4:      14200 bytes,      77000 total
[2022-06-13T03:16:20.564+0000][1][gc,age       ] GC(30) - age   5:      12544 bytes,      89544 total
[2022-06-13T03:16:20.564+0000][1][gc,age       ] GC(30) - age   6:      14344 bytes,     103888 total
[2022-06-13T03:16:20.564+0000][1][gc,heap      ] GC(30) ParNew: 70343K->153K(78656K)
[2022-06-13T03:16:20.564+0000][1][gc,heap      ] GC(30) CMS: 69029K->69063K(174784K)
[2022-06-13T03:16:20.565+0000][1][gc,metaspace ] GC(30) Metaspace: 65361K->65361K(1110016K)
[2022-06-13T03:16:20.565+0000][1][gc           ] GC(30) Pause Young (Allocation Failure) 136M->67M(247M) 4.293ms
[2022-06-13T03:16:20.565+0000][1][gc,cpu       ] GC(30) User=0.00s Sys=0.00s Real=0.00s
[2022-06-13T03:16:20.566+0000][1][safepoint    ] Leaving safepoint region
[2022-06-13T03:16:20.566+0000][1][safepoint    ] Total time for which application threads were stopped: 0.0056060 seconds, Stopping threads took: 0.0001935 seconds
[2022-06-13T03:16:21.566+0000][1][safepoint    ] Application time: 1.0001624 seconds
[2022-06-13T03:16:21.567+0000][1][safepoint    ] Entering safepoint region: Cleanup
[2022-06-13T03:16:21.567+0000][1][safepoint    ] Leaving safepoint region
[2022-06-13T03:16:21.567+0000][1][safepoint    ] Total time for which application threads were stopped: 0.0006406 seconds, Stopping threads took: 0.0003808 seconds
[2022-06-13T03:16:22.568+0000][1][safepoint    ] Application time: 1.0002712 seconds
[2022-06-13T03:16:22.569+0000][1][safepoint    ] Entering safepoint region: Cleanup
[2022-06-13T03:16:22.570+0000][1][safepoint    ] Leaving safepoint region
[2022-06-13T03:16:22.570+0000][1][safepoint    ] Total time for which application threads were stopped: 0.0014863 seconds, Stopping threads took: 0.0007285 seconds
[2022-06-13T03:16:23.571+0000][1][safepoint    ] Application time: 1.0002399 seconds
[2022-06-13T03:16:23.572+0000][1][safepoint    ] Entering safepoint region: Cleanup
[2022-06-13T03:16:23.572+0000][1][safepoint    ] Leaving safepoint region
[2022-06-13T03:16:23.572+0000][1][safepoint    ] Total time for which application threads were stopped: 0.0007437 seconds, Stopping threads took: 0.0003799 seconds
[2022-06-13T03:16:24.573+0000][1][safepoint    ] Application time: 1.0002668 seconds
[2022-06-13T03:16:24.573+0000][1][safepoint    ] Entering safepoint region: Cleanup
[2022-06-13T03:16:24.574+0000][1][safepoint    ] Leaving safepoint region
[2022-06-13T03:16:24.574+0000][1][safepoint    ] Total time for which application threads were stopped: 0.0007986 seconds, Stopping threads took: 0.0003898 seconds
[2022-06-13T03:16:25.575+0000][1][safepoint    ] Application time: 1.0002431 seconds
[2022-06-13T03:16:25.575+0000][1][safepoint    ] Entering safepoint region: Cleanup
[2022-06-13T03:16:25.576+0000][1][safepoint    ] Leaving safepoint region
[2022-06-13T03:16:25.576+0000][1][safepoint    ] Total time for which application threads were stopped: 0.0009166 seconds, Stopping threads took: 0.0003380 seconds
[2022-06-13T03:16:26.577+0000][1][safepoint    ] Application time: 1.0001986 seconds
[2022-06-13T03:16:26.577+0000][1][safepoint    ] Entering safepoint region: Cleanup
[2022-06-13T03:16:26.577+0000][1][safepoint    ] Leaving safepoint region
[2022-06-13T03:16:26.577+0000][1][safepoint    ] Total time for which application threads were stopped: 0.0005302 seconds, Stopping threads took: 0.0003283 seconds
[2022-06-13T03:16:27.578+0000][1][safepoint    ] Application time: 1.0001256 seconds
[2022-06-13T03:16:27.578+0000][1][safepoint    ] Entering safepoint region: Cleanup
[2022-06-13T03:16:27.579+0000][1][safepoint    ] Leaving safepoint region
[2022-06-13T03:16:27.579+0000][1][safepoint    ] Total time for which application threads were stopped: 0.0007661 seconds, Stopping threads took: 0.0004643 seconds
[2022-06-13T03:16:28.579+0000][1][safepoint    ] Application time: 1.0002451 seconds
[2022-06-13T03:16:28.580+0000][1][safepoint    ] Entering safepoint region: Cleanup
[2022-06-13T03:16:28.580+0000][1][safepoint    ] Leaving safepoint region
[2022-06-13T03:16:28.580+0000][1][safepoint    ] Total time for which application threads were stopped: 0.0004710 seconds, Stopping threads took: 0.0002184 seconds
[2022-06-13T03:16:29.580+0000][1][safepoint    ] Application time: 1.0001949 seconds
[2022-06-13T03:16:29.581+0000][1][safepoint    ] Entering safepoint region: Cleanup
[2022-06-13T03:16:29.581+0000][1][safepoint    ] Leaving safepoint region
[2022-06-13T03:16:29.582+0000][1][safepoint    ] Total time for which application threads were stopped: 0.0008490 seconds, Stopping threads took: 0.0003915 seconds
[2022-06-13T03:16:30.582+0000][1][safepoint    ] Application time: 1.0001732 seconds
[2022-06-13T03:16:30.582+0000][1][safepoint    ] Entering safepoint region: Cleanup
[2022-06-13T03:16:30.583+0000][1][safepoint    ] Leaving safepoint region
[2022-06-13T03:16:30.583+0000][1][safepoint    ] Total time for which application threads were stopped: 0.0005564 seconds, Stopping threads took: 0.0002928 seconds
[2022-06-13T03:16:31.583+0000][1][safepoint    ] Application time: 1.0000994 seconds
[2022-06-13T03:16:31.584+0000][1][safepoint    ] Entering safepoint region: Cleanup
[2022-06-13T03:16:31.584+0000][1][safepoint    ] Leaving safepoint region
[2022-06-13T03:16:31.584+0000][1][safepoint    ] Total time for which application threads were stopped: 0.0005669 seconds, Stopping threads took: 0.0003739 seconds
[2022-06-13T03:16:32.585+0000][1][safepoint    ] Application time: 1.0001470 seconds
[2022-06-13T03:16:32.585+0000][1][safepoint    ] Entering safepoint region: Cleanup
[2022-06-13T03:16:32.585+0000][1][safepoint    ] Leaving safepoint region
[2022-06-13T03:16:32.586+0000][1][safepoint    ] Total time for which application threads were stopped: 0.0006786 seconds, Stopping threads took: 0.0003278 seconds
[2022-06-13T03:16:33.586+0000][1][safepoint    ] Application time: 1.0001805 seconds
[2022-06-13T03:16:33.587+0000][1][safepoint    ] Entering safepoint region: Cleanup
[2022-06-13T03:16:33.587+0000][1][safepoint    ] Leaving safepoint region
[2022-06-13T03:16:33.588+0000][1][safepoint    ] Total time for which application threads were stopped: 0.0008774 seconds, Stopping threads took: 0.0004036 seconds
[2022-06-13T03:16:34.588+0000][1][safepoint    ] Application time: 1.0001067 seconds
[2022-06-13T03:16:34.589+0000][1][safepoint    ] Entering safepoint region: Cleanup
[2022-06-13T03:16:34.589+0000][1][safepoint    ] Leaving safepoint region
[2022-06-13T03:16:34.589+0000][1][safepoint    ] Total time for which application threads were stopped: 0.0004498 seconds, Stopping threads took: 0.0002380 seconds
[2022-06-13T03:16:35.589+0000][1][safepoint    ] Application time: 1.0000938 seconds
[2022-06-13T03:16:35.590+0000][1][safepoint    ] Entering safepoint region: Cleanup
[2022-06-13T03:16:35.590+0000][1][safepoint    ] Leaving safepoint region
[2022-06-13T03:16:35.590+0000][1][safepoint    ] Total time for which application threads were stopped: 0.0006408 seconds, Stopping threads took: 0.0003297 seconds
[2022-06-13T03:16:36.591+0000][1][safepoint    ] Application time: 1.0001120 seconds
[2022-06-13T03:16:36.591+0000][1][safepoint    ] Entering safepoint region: Cleanup
[2022-06-13T03:16:36.592+0000][1][safepoint    ] Leaving safepoint region
[2022-06-13T03:16:36.592+0000][1][safepoint    ] Total time for which application threads were stopped: 0.0005277 seconds, Stopping threads took: 0.0002948 seconds
[2022-06-13T03:16:37.592+0000][1][safepoint    ] Application time: 1.0001446 seconds
[2022-06-13T03:16:37.592+0000][1][safepoint    ] Entering safepoint region: Cleanup
[2022-06-13T03:16:37.593+0000][1][safepoint    ] Leaving safepoint region
[2022-06-13T03:16:37.593+0000][1][safepoint    ] Total time for which application threads were stopped: 0.0005644 seconds, Stopping threads took: 0.0002936 seconds
[2022-06-13T03:16:38.593+0000][1][safepoint    ] Application time: 1.0002360 seconds
[2022-06-13T03:16:38.594+0000][1][safepoint    ] Entering safepoint region: Cleanup
[2022-06-13T03:16:38.594+0000][1][safepoint    ] Leaving safepoint region
[2022-06-13T03:16:38.595+0000][1][safepoint    ] Total time for which application threads were stopped: 0.0008162 seconds, Stopping threads took: 0.0003843 seconds
[2022-06-13T03:16:39.595+0000][1][safepoint    ] Application time: 1.0004101 seconds
[2022-06-13T03:16:39.596+0000][1][safepoint    ] Entering safepoint region: Cleanup
[2022-06-13T03:16:39.596+0000][1][safepoint    ] Leaving safepoint region
[2022-06-13T03:16:39.597+0000][1][safepoint    ] Total time for which application threads were stopped: 0.0005632 seconds, Stopping threads took: 0.0002348 seconds
[2022-06-13T03:16:40.597+0000][1][safepoint    ] Application time: 1.0003411 seconds
[2022-06-13T03:16:40.598+0000][1][safepoint    ] Entering safepoint region: Cleanup
[2022-06-13T03:16:40.598+0000][1][safepoint    ] Leaving safepoint region
[2022-06-13T03:16:40.599+0000][1][safepoint    ] Total time for which application threads were stopped: 0.0012269 seconds, Stopping threads took: 0.0005863 seconds
[2022-06-13T03:16:41.600+0000][1][safepoint    ] Application time: 1.0001195 seconds
[2022-06-13T03:16:41.600+0000][1][safepoint    ] Entering safepoint region: Cleanup
[2022-06-13T03:16:41.600+0000][1][safepoint    ] Leaving safepoint region
[2022-06-13T03:16:41.600+0000][1][safepoint    ] Total time for which application threads were stopped: 0.0004463 seconds, Stopping threads took: 0.0002087 seconds
[2022-06-13T03:16:42.601+0000][1][safepoint    ] Application time: 1.0002031 seconds
[2022-06-13T03:16:42.601+0000][1][safepoint    ] Entering safepoint region: Cleanup
[2022-06-13T03:16:42.602+0000][1][safepoint    ] Leaving safepoint region
[2022-06-13T03:16:42.602+0000][1][safepoint    ] Total time for which application threads were stopped: 0.0006894 seconds, Stopping threads took: 0.0003793 seconds
[2022-06-13T03:16:43.602+0000][1][safepoint    ] Application time: 1.0001444 seconds
[2022-06-13T03:16:43.603+0000][1][safepoint    ] Entering safepoint region: Cleanup
[2022-06-13T03:16:43.603+0000][1][safepoint    ] Leaving safepoint region
[2022-06-13T03:16:43.603+0000][1][safepoint    ] Total time for which application threads were stopped: 0.0005737 seconds, Stopping threads took: 0.0002676 seconds
[2022-06-13T03:16:44.603+0000][1][safepoint    ] Application time: 1.0001441 seconds
[2022-06-13T03:16:44.604+0000][1][safepoint    ] Entering safepoint region: Cleanup
[2022-06-13T03:16:44.604+0000][1][safepoint    ] Leaving safepoint region
[2022-06-13T03:16:44.604+0000][1][safepoint    ] Total time for which application threads were stopped: 0.0005581 seconds, Stopping threads took: 0.0001411 seconds
[2022-06-13T03:16:45.605+0000][1][safepoint    ] Application time: 1.0001974 seconds
[2022-06-13T03:16:45.605+0000][1][safepoint    ] Entering safepoint region: Cleanup
[2022-06-13T03:16:45.605+0000][1][safepoint    ] Leaving safepoint region
[2022-06-13T03:16:45.606+0000][1][safepoint    ] Total time for which application threads were stopped: 0.0006551 seconds, Stopping threads took: 0.0003178 seconds
[2022-06-13T03:16:46.606+0000][1][safepoint    ] Application time: 1.0002067 seconds
[2022-06-13T03:16:46.607+0000][1][safepoint    ] Entering safepoint region: Cleanup
[2022-06-13T03:16:46.607+0000][1][safepoint    ] Leaving safepoint region
[2022-06-13T03:16:46.608+0000][1][safepoint    ] Total time for which application threads were stopped: 0.0010487 seconds, Stopping threads took: 0.0005273 seconds
[2022-06-13T03:16:47.609+0000][1][safepoint    ] Application time: 1.0001480 seconds
[2022-06-13T03:16:47.609+0000][1][safepoint    ] Entering safepoint region: Cleanup
[2022-06-13T03:16:47.610+0000][1][safepoint    ] Leaving safepoint region
[2022-06-13T03:16:47.610+0000][1][safepoint    ] Total time for which application threads were stopped: 0.0010843 seconds, Stopping threads took: 0.0005546 seconds
[2022-06-13T03:16:48.611+0000][1][safepoint    ] Application time: 1.0001184 seconds
[2022-06-13T03:16:48.611+0000][1][safepoint    ] Entering safepoint region: Cleanup
[2022-06-13T03:16:48.611+0000][1][safepoint    ] Leaving safepoint region
[2022-06-13T03:16:48.611+0000][1][safepoint    ] Total time for which application threads were stopped: 0.0004543 seconds, Stopping threads took: 0.0002009 seconds
[2022-06-13T03:16:49.611+0000][1][safepoint    ] Application time: 1.0001118 seconds
[2022-06-13T03:16:49.612+0000][1][safepoint    ] Entering safepoint region: Cleanup
[2022-06-13T03:16:49.612+0000][1][safepoint    ] Leaving safepoint region
[2022-06-13T03:16:49.612+0000][1][safepoint    ] Total time for which application threads were stopped: 0.0005518 seconds, Stopping threads took: 0.0002729 seconds
[2022-06-13T03:16:51.187+0000][1][safepoint    ] Application time: 1.5746295 seconds
[2022-06-13T03:16:51.188+0000][1][safepoint    ] Entering safepoint region: Cleanup
[2022-06-13T03:16:51.188+0000][1][safepoint    ] Leaving safepoint region
[2022-06-13T03:16:51.188+0000][1][safepoint    ] Total time for which application threads were stopped: 0.0007141 seconds, Stopping threads took: 0.0004238 seconds
[2022-06-13T03:16:52.189+0000][1][safepoint    ] Application time: 1.0001701 seconds
[2022-06-13T03:16:52.189+0000][1][safepoint    ] Entering safepoint region: Cleanup
[2022-06-13T03:16:52.190+0000][1][safepoint    ] Leaving safepoint region
[2022-06-13T03:16:52.190+0000][1][safepoint    ] Total time for which application threads were stopped: 0.0004822 seconds, Stopping threads took: 0.0002335 seconds
[2022-06-13T03:16:53.190+0000][1][safepoint    ] Application time: 1.0002167 seconds
[2022-06-13T03:16:53.191+0000][1][safepoint    ] Entering safepoint region: Cleanup
[2022-06-13T03:16:53.191+0000][1][safepoint    ] Leaving safepoint region
[2022-06-13T03:16:53.191+0000][1][safepoint    ] Total time for which application threads were stopped: 0.0006389 seconds, Stopping threads took: 0.0003187 seconds
[2022-06-13T03:16:54.192+0000][1][safepoint    ] Application time: 1.0002452 seconds
[2022-06-13T03:16:54.192+0000][1][safepoint    ] Entering safepoint region: Cleanup
[2022-06-13T03:16:54.193+0000][1][safepoint    ] Leaving safepoint region
[2022-06-13T03:16:54.193+0000][1][safepoint    ] Total time for which application threads were stopped: 0.0008623 seconds, Stopping threads took: 0.0004015 seconds
[2022-06-13T03:16:55.194+0000][1][safepoint    ] Application time: 1.0001978 seconds
[2022-06-13T03:16:55.194+0000][1][safepoint    ] Entering safepoint region: Cleanup
[2022-06-13T03:16:55.195+0000][1][safepoint    ] Leaving safepoint region
[2022-06-13T03:16:55.195+0000][1][safepoint    ] Total time for which application threads were stopped: 0.0007407 seconds, Stopping threads took: 0.0002945 seconds
[2022-06-13T03:16:56.196+0000][1][safepoint    ] Application time: 1.0001926 seconds
[2022-06-13T03:16:56.196+0000][1][safepoint    ] Entering safepoint region: Cleanup
[2022-06-13T03:16:56.197+0000][1][safepoint    ] Leaving safepoint region
[2022-06-13T03:16:56.197+0000][1][safepoint    ] Total time for which application threads were stopped: 0.0009321 seconds, Stopping threads took: 0.0004324 seconds
[2022-06-13T03:16:57.198+0000][1][safepoint    ] Application time: 1.0003322 seconds
[2022-06-13T03:16:57.198+0000][1][safepoint    ] Entering safepoint region: Cleanup
[2022-06-13T03:16:57.198+0000][1][safepoint    ] Leaving safepoint region
[2022-06-13T03:16:57.199+0000][1][safepoint    ] Total time for which application threads were stopped: 0.0005063 seconds, Stopping threads took: 0.0002205 seconds
[2022-06-13T03:16:58.199+0000][1][safepoint    ] Application time: 1.0003461 seconds
[2022-06-13T03:16:58.200+0000][1][safepoint    ] Entering safepoint region: Cleanup
[2022-06-13T03:16:58.200+0000][1][safepoint    ] Leaving safepoint region
[2022-06-13T03:16:58.201+0000][1][safepoint    ] Total time for which application threads were stopped: 0.0008986 seconds, Stopping threads took: 0.0003887 seconds
[2022-06-13T03:16:59.201+0000][1][safepoint    ] Application time: 1.0001917 seconds
[2022-06-13T03:16:59.202+0000][1][safepoint    ] Entering safepoint region: Cleanup
[2022-06-13T03:16:59.202+0000][1][safepoint    ] Leaving safepoint region
[2022-06-13T03:16:59.202+0000][1][safepoint    ] Total time for which application threads were stopped: 0.0007245 seconds, Stopping threads took: 0.0003456 seconds
[2022-06-13T03:17:00.203+0000][1][safepoint    ] Application time: 1.0003923 seconds
[2022-06-13T03:17:00.204+0000][1][safepoint    ] Entering safepoint region: Cleanup
[2022-06-13T03:17:00.204+0000][1][safepoint    ] Leaving safepoint region
[2022-06-13T03:17:00.205+0000][1][safepoint    ] Total time for which application threads were stopped: 0.0010140 seconds, Stopping threads took: 0.0004744 seconds
[2022-06-13T03:17:01.205+0000][1][safepoint    ] Application time: 1.0002066 seconds
[2022-06-13T03:17:01.206+0000][1][safepoint    ] Entering safepoint region: Cleanup
[2022-06-13T03:17:01.207+0000][1][safepoint    ] Leaving safepoint region
[2022-06-13T03:17:01.207+0000][1][safepoint    ] Total time for which application threads were stopped: 0.0011833 seconds, Stopping threads took: 0.0005501 seconds
[2022-06-13T03:17:02.208+0000][1][safepoint    ] Application time: 1.0001381 seconds
[2022-06-13T03:17:02.208+0000][1][safepoint    ] Entering safepoint region: Cleanup
[2022-06-13T03:17:02.208+0000][1][safepoint    ] Leaving safepoint region
[2022-06-13T03:17:02.209+0000][1][safepoint    ] Total time for which application threads were stopped: 0.0005139 seconds, Stopping threads took: 0.0002302 seconds
[2022-06-13T03:17:03.209+0000][1][safepoint    ] Application time: 1.0001956 seconds
[2022-06-13T03:17:03.210+0000][1][safepoint    ] Entering safepoint region: Cleanup
[2022-06-13T03:17:03.210+0000][1][safepoint    ] Leaving safepoint region
[2022-06-13T03:17:03.210+0000][1][safepoint    ] Total time for which application threads were stopped: 0.0006674 seconds, Stopping threads took: 0.0002991 seconds
[2022-06-13T03:17:04.211+0000][1][safepoint    ] Application time: 1.0001153 seconds
[2022-06-13T03:17:04.211+0000][1][safepoint    ] Entering safepoint region: Cleanup
[2022-06-13T03:17:04.212+0000][1][safepoint    ] Leaving safepoint region
[2022-06-13T03:17:04.212+0000][1][safepoint    ] Total time for which application threads were stopped: 0.0009002 seconds, Stopping threads took: 0.0003741 seconds
[2022-06-13T03:17:05.213+0000][1][safepoint    ] Application time: 1.0001894 seconds
[2022-06-13T03:17:05.213+0000][1][safepoint    ] Entering safepoint region: Cleanup
[2022-06-13T03:17:05.213+0000][1][safepoint    ] Leaving safepoint region
[2022-06-13T03:17:05.213+0000][1][safepoint    ] Total time for which application threads were stopped: 0.0004002 seconds, Stopping threads took: 0.0002319 seconds
[2022-06-13T03:17:06.214+0000][1][safepoint    ] Application time: 1.0002655 seconds
[2022-06-13T03:17:06.214+0000][1][safepoint    ] Entering safepoint region: Cleanup
[2022-06-13T03:17:06.215+0000][1][safepoint    ] Leaving safepoint region
[2022-06-13T03:17:06.215+0000][1][safepoint    ] Total time for which application threads were stopped: 0.0008970 seconds, Stopping threads took: 0.0003930 seconds
[2022-06-13T03:17:07.216+0000][1][safepoint    ] Application time: 1.0001239 seconds
[2022-06-13T03:17:07.216+0000][1][safepoint    ] Entering safepoint region: Cleanup
[2022-06-13T03:17:07.217+0000][1][safepoint    ] Leaving safepoint region
[2022-06-13T03:17:07.217+0000][1][safepoint    ] Total time for which application threads were stopped: 0.0008293 seconds, Stopping threads took: 0.0004163 seconds
[2022-06-13T03:17:08.217+0000][1][safepoint    ] Application time: 1.0001345 seconds
[2022-06-13T03:17:08.218+0000][1][safepoint    ] Entering safepoint region: Cleanup
[2022-06-13T03:17:08.218+0000][1][safepoint    ] Leaving safepoint region
[2022-06-13T03:17:08.218+0000][1][safepoint    ] Total time for which application threads were stopped: 0.0004301 seconds, Stopping threads took: 0.0001801 seconds
[2022-06-13T03:17:09.219+0000][1][safepoint    ] Application time: 1.0002490 seconds
[2022-06-13T03:17:09.219+0000][1][safepoint    ] Entering safepoint region: Cleanup
[2022-06-13T03:17:09.220+0000][1][safepoint    ] Leaving safepoint region
[2022-06-13T03:17:09.220+0000][1][safepoint    ] Total time for which application threads were stopped: 0.0008400 seconds, Stopping threads took: 0.0004077 seconds
[2022-06-13T03:17:10.221+0000][1][safepoint    ] Application time: 1.0002115 seconds
[2022-06-13T03:17:10.222+0000][1][safepoint    ] Entering safepoint region: Cleanup
[2022-06-13T03:17:10.222+0000][1][safepoint    ] Leaving safepoint region
[2022-06-13T03:17:10.223+0000][1][safepoint    ] Total time for which application threads were stopped: 0.0013460 seconds, Stopping threads took: 0.0005999 seconds
[2022-06-13T03:17:11.224+0000][1][safepoint    ] Application time: 1.0001567 seconds
[2022-06-13T03:17:11.224+0000][1][safepoint    ] Entering safepoint region: Cleanup
[2022-06-13T03:17:11.225+0000][1][safepoint    ] Leaving safepoint region
[2022-06-13T03:17:11.225+0000][1][safepoint    ] Total time for which application threads were stopped: 0.0005670 seconds, Stopping threads took: 0.0002496 seconds
[2022-06-13T03:17:12.225+0000][1][safepoint    ] Application time: 1.0001125 seconds
[2022-06-13T03:17:12.225+0000][1][safepoint    ] Entering safepoint region: Cleanup
[2022-06-13T03:17:12.226+0000][1][safepoint    ] Leaving safepoint region
[2022-06-13T03:17:12.226+0000][1][safepoint    ] Total time for which application threads were stopped: 0.0006914 seconds, Stopping threads took: 0.0003361 seconds
[2022-06-13T03:17:13.227+0000][1][safepoint    ] Application time: 1.0003420 seconds
[2022-06-13T03:17:13.227+0000][1][safepoint    ] Entering safepoint region: Cleanup
[2022-06-13T03:17:13.228+0000][1][safepoint    ] Leaving safepoint region
[2022-06-13T03:17:13.228+0000][1][safepoint    ] Total time for which application threads were stopped: 0.0010173 seconds, Stopping threads took: 0.0005061 seconds
[2022-06-13T03:17:14.229+0000][1][safepoint    ] Application time: 1.0001360 seconds
[2022-06-13T03:17:14.229+0000][1][safepoint    ] Entering safepoint region: Cleanup
[2022-06-13T03:17:14.229+0000][1][safepoint    ] Leaving safepoint region
[2022-06-13T03:17:14.230+0000][1][safepoint    ] Total time for which application threads were stopped: 0.0005611 seconds, Stopping threads took: 0.0002428 seconds
[2022-06-13T03:17:15.230+0000][1][safepoint    ] Application time: 1.0001821 seconds
[2022-06-13T03:17:15.231+0000][1][safepoint    ] Entering safepoint region: Cleanup
[2022-06-13T03:17:15.231+0000][1][safepoint    ] Leaving safepoint region
[2022-06-13T03:17:15.231+0000][1][safepoint    ] Total time for which application threads were stopped: 0.0009140 seconds, Stopping threads took: 0.0004401 seconds
[2022-06-13T03:17:16.232+0000][1][safepoint    ] Application time: 1.0002365 seconds
[2022-06-13T03:17:16.232+0000][1][safepoint    ] Entering safepoint region: Cleanup
[2022-06-13T03:17:16.233+0000][1][safepoint    ] Leaving safepoint region
[2022-06-13T03:17:16.233+0000][1][safepoint    ] Total time for which application threads were stopped: 0.0005700 seconds, Stopping threads took: 0.0002923 seconds
[2022-06-13T03:17:17.233+0000][1][safepoint    ] Application time: 1.0002126 seconds
[2022-06-13T03:17:17.234+0000][1][safepoint    ] Entering safepoint region: Cleanup
[2022-06-13T03:17:17.234+0000][1][safepoint    ] Leaving safepoint region
[2022-06-13T03:17:17.235+0000][1][safepoint    ] Total time for which application threads were stopped: 0.0007205 seconds, Stopping threads took: 0.0003269 seconds
[2022-06-13T03:17:18.235+0000][1][safepoint    ] Application time: 1.0002164 seconds
[2022-06-13T03:17:18.235+0000][1][safepoint    ] Entering safepoint region: Cleanup
[2022-06-13T03:17:18.236+0000][1][safepoint    ] Leaving safepoint region
[2022-06-13T03:17:18.236+0000][1][safepoint    ] Total time for which application threads were stopped: 0.0007287 seconds, Stopping threads took: 0.0004008 seconds
[2022-06-13T03:17:19.236+0000][1][safepoint    ] Application time: 1.0002071 seconds
[2022-06-13T03:17:19.237+0000][1][safepoint    ] Entering safepoint region: Cleanup
[2022-06-13T03:17:19.237+0000][1][safepoint    ] Leaving safepoint region
[2022-06-13T03:17:19.238+0000][1][safepoint    ] Total time for which application threads were stopped: 0.0010078 seconds, Stopping threads took: 0.0004243 seconds
[2022-06-13T03:17:20.238+0000][1][safepoint    ] Application time: 1.0002034 seconds
[2022-06-13T03:17:20.239+0000][1][safepoint    ] Entering safepoint region: Cleanup
[2022-06-13T03:17:20.239+0000][1][safepoint    ] Leaving safepoint region
[2022-06-13T03:17:20.240+0000][1][safepoint    ] Total time for which application threads were stopped: 0.0008158 seconds, Stopping threads took: 0.0003854 seconds
[2022-06-13T03:17:21.240+0000][1][safepoint    ] Application time: 1.0001993 seconds
[2022-06-13T03:17:21.241+0000][1][safepoint    ] Entering safepoint region: Cleanup
[2022-06-13T03:17:21.241+0000][1][safepoint    ] Leaving safepoint region
[2022-06-13T03:17:21.242+0000][1][safepoint    ] Total time for which application threads were stopped: 0.0010817 seconds, Stopping threads took: 0.0004930 seconds
[2022-06-13T03:17:21.694+0000][1][safepoint    ] Application time: 0.4510852 seconds
[2022-06-13T03:17:21.694+0000][1][safepoint    ] Entering safepoint region: RevokeBias
[2022-06-13T03:17:21.695+0000][1][safepoint    ] Leaving safepoint region
[2022-06-13T03:17:21.695+0000][1][safepoint    ] Total time for which application threads were stopped: 0.0010777 seconds, Stopping threads took: 0.0004403 seconds
[2022-06-13T03:17:21.695+0000][1][safepoint    ] Application time: 0.0001907 seconds
[2022-06-13T03:17:21.696+0000][1][safepoint    ] Entering safepoint region: RevokeBias
[2022-06-13T03:17:21.696+0000][1][safepoint    ] Leaving safepoint region
[2022-06-13T03:17:21.696+0000][1][safepoint    ] Total time for which application threads were stopped: 0.0004608 seconds, Stopping threads took: 0.0002048 seconds
[2022-06-13T03:17:21.697+0000][1][safepoint    ] Application time: 0.0008490 seconds
[2022-06-13T03:17:21.698+0000][1][safepoint    ] Entering safepoint region: RevokeBias
[2022-06-13T03:17:21.698+0000][1][safepoint    ] Leaving safepoint region
[2022-06-13T03:17:21.698+0000][1][safepoint    ] Total time for which application threads were stopped: 0.0005732 seconds, Stopping threads took: 0.0002574 seconds
[2022-06-13T03:17:21.699+0000][1][safepoint    ] Application time: 0.0001794 seconds
[2022-06-13T03:17:21.699+0000][1][safepoint    ] Entering safepoint region: RevokeBias
[2022-06-13T03:17:21.699+0000][1][safepoint    ] Leaving safepoint region
[2022-06-13T03:17:21.699+0000][1][safepoint    ] Total time for which application threads were stopped: 0.0005087 seconds, Stopping threads took: 0.0002649 seconds
[2022-06-13T03:17:21.700+0000][1][safepoint    ] Application time: 0.0005462 seconds
[2022-06-13T03:17:21.700+0000][1][safepoint    ] Entering safepoint region: RevokeBias
[2022-06-13T03:17:21.701+0000][1][safepoint    ] Leaving safepoint region
[2022-06-13T03:17:21.701+0000][1][safepoint    ] Total time for which application threads were stopped: 0.0004246 seconds, Stopping threads took: 0.0001627 seconds
[2022-06-13T03:17:21.701+0000][1][safepoint    ] Application time: 0.0004776 seconds
[2022-06-13T03:17:21.701+0000][1][safepoint    ] Entering safepoint region: RevokeBias
[2022-06-13T03:17:21.702+0000][1][safepoint    ] Leaving safepoint region
[2022-06-13T03:17:21.702+0000][1][safepoint    ] Total time for which application threads were stopped: 0.0004097 seconds, Stopping threads took: 0.0001640 seconds
[2022-06-13T03:17:21.702+0000][1][safepoint    ] Application time: 0.0001936 seconds
[2022-06-13T03:17:21.702+0000][1][safepoint    ] Entering safepoint region: RevokeBias
[2022-06-13T03:17:21.703+0000][1][safepoint    ] Leaving safepoint region
[2022-06-13T03:17:21.703+0000][1][safepoint    ] Total time for which application threads were stopped: 0.0007151 seconds, Stopping threads took: 0.0003714 seconds
[2022-06-13T03:17:21.704+0000][1][safepoint    ] Application time: 0.0004954 seconds
[2022-06-13T03:17:21.704+0000][1][safepoint    ] Entering safepoint region: RevokeBias
[2022-06-13T03:17:21.705+0000][1][safepoint    ] Leaving safepoint region
[2022-06-13T03:17:21.705+0000][1][safepoint    ] Total time for which application threads were stopped: 0.0006850 seconds, Stopping threads took: 0.0001642 seconds
[2022-06-13T03:17:21.706+0000][1][safepoint    ] Application time: 0.0006905 seconds
[2022-06-13T03:17:21.706+0000][1][safepoint    ] Entering safepoint region: RevokeBias
[2022-06-13T03:17:21.706+0000][1][safepoint    ] Leaving safepoint region
[2022-06-13T03:17:21.707+0000][1][safepoint    ] Total time for which application threads were stopped: 0.0004508 seconds, Stopping threads took: 0.0002551 seconds
[2022-06-13T03:17:21.707+0000][1][safepoint    ] Application time: 0.0001118 seconds
[2022-06-13T03:17:21.707+0000][1][safepoint    ] Entering safepoint region: RevokeBias
[2022-06-13T03:17:21.707+0000][1][safepoint    ] Leaving safepoint region
[2022-06-13T03:17:21.708+0000][1][safepoint    ] Total time for which application threads were stopped: 0.0004309 seconds, Stopping threads took: 0.0001935 seconds
[2022-06-13T03:17:21.708+0000][1][safepoint    ] Application time: 0.0003256 seconds
[2022-06-13T03:17:21.708+0000][1][safepoint    ] Entering safepoint region: RevokeBias
[2022-06-13T03:17:21.708+0000][1][safepoint    ] Leaving safepoint region
[2022-06-13T03:17:21.709+0000][1][safepoint    ] Total time for which application threads were stopped: 0.0004180 seconds, Stopping threads took: 0.0002076 seconds
[2022-06-13T03:17:21.709+0000][1][safepoint    ] Application time: 0.0002857 seconds
[2022-06-13T03:17:21.709+0000][1][safepoint    ] Entering safepoint region: RevokeBias
[2022-06-13T03:17:21.710+0000][1][safepoint    ] Leaving safepoint region
[2022-06-13T03:17:21.710+0000][1][safepoint    ] Total time for which application threads were stopped: 0.0004145 seconds, Stopping threads took: 0.0002648 seconds
[2022-06-13T03:17:21.710+0000][1][safepoint    ] Application time: 0.0002308 seconds
[2022-06-13T03:17:21.710+0000][1][safepoint    ] Entering safepoint region: RevokeBias
[2022-06-13T03:17:21.711+0000][1][safepoint    ] Leaving safepoint region
[2022-06-13T03:17:21.711+0000][1][safepoint    ] Total time for which application threads were stopped: 0.0005056 seconds, Stopping threads took: 0.0002312 seconds
[2022-06-13T03:17:21.711+0000][1][safepoint    ] Application time: 0.0003668 seconds
[2022-06-13T03:17:21.711+0000][1][safepoint    ] Entering safepoint region: RevokeBias
[2022-06-13T03:17:21.712+0000][1][safepoint    ] Leaving safepoint region
[2022-06-13T03:17:21.712+0000][1][safepoint    ] Total time for which application threads were stopped: 0.0002757 seconds, Stopping threads took: 0.0001040 seconds
[2022-06-13T03:17:21.712+0000][1][safepoint    ] Application time: 0.0004817 seconds
[2022-06-13T03:17:21.713+0000][1][safepoint    ] Entering safepoint region: RevokeBias
[2022-06-13T03:17:21.713+0000][1][safepoint    ] Leaving safepoint region
[2022-06-13T03:17:21.713+0000][1][safepoint    ] Total time for which application threads were stopped: 0.0003358 seconds, Stopping threads took: 0.0001518 seconds
[2022-06-13T03:17:21.713+0000][1][safepoint    ] Application time: 0.0001463 seconds
[2022-06-13T03:17:21.713+0000][1][safepoint    ] Entering safepoint region: RevokeBias
[2022-06-13T03:17:21.713+0000][1][safepoint    ] Leaving safepoint region
[2022-06-13T03:17:21.714+0000][1][safepoint    ] Total time for which application threads were stopped: 0.0002824 seconds, Stopping threads took: 0.0001296 seconds
[2022-06-13T03:17:21.714+0000][1][safepoint    ] Application time: 0.0002243 seconds
[2022-06-13T03:17:21.714+0000][1][safepoint    ] Entering safepoint region: RevokeBias
[2022-06-13T03:17:21.714+0000][1][safepoint    ] Leaving safepoint region
[2022-06-13T03:17:21.714+0000][1][safepoint    ] Total time for which application threads were stopped: 0.0002323 seconds, Stopping threads took: 0.0001132 seconds
[2022-06-13T03:17:21.715+0000][1][safepoint    ] Application time: 0.0001928 seconds
[2022-06-13T03:17:21.715+0000][1][safepoint    ] Entering safepoint region: RevokeBias
[2022-06-13T03:17:21.715+0000][1][safepoint    ] Leaving safepoint region
[2022-06-13T03:17:21.715+0000][1][safepoint    ] Total time for which application threads were stopped: 0.0005197 seconds, Stopping threads took: 0.0001447 seconds
[2022-06-13T03:17:21.716+0000][1][safepoint    ] Application time: 0.0001596 seconds
[2022-06-13T03:17:21.716+0000][1][safepoint    ] Entering safepoint region: RevokeBias
[2022-06-13T03:17:21.716+0000][1][safepoint    ] Leaving safepoint region
[2022-06-13T03:17:21.716+0000][1][safepoint    ] Total time for which application threads were stopped: 0.0003091 seconds, Stopping threads took: 0.0001582 seconds
[2022-06-13T03:17:21.716+0000][1][safepoint    ] Application time: 0.0001627 seconds
[2022-06-13T03:17:21.717+0000][1][safepoint    ] Entering safepoint region: RevokeBias
[2022-06-13T03:17:21.717+0000][1][safepoint    ] Leaving safepoint region
[2022-06-13T03:17:21.717+0000][1][safepoint    ] Total time for which application threads were stopped: 0.0003185 seconds, Stopping threads took: 0.0001775 seconds
[2022-06-13T03:17:21.717+0000][1][safepoint    ] Application time: 0.0002257 seconds
[2022-06-13T03:17:21.717+0000][1][safepoint    ] Entering safepoint region: RevokeBias
[2022-06-13T03:17:21.718+0000][1][safepoint    ] Leaving safepoint region
[2022-06-13T03:17:21.718+0000][1][safepoint    ] Total time for which application threads were stopped: 0.0002078 seconds, Stopping threads took: 0.0000857 seconds
[2022-06-13T03:17:21.718+0000][1][safepoint    ] Application time: 0.0001813 seconds
[2022-06-13T03:17:21.718+0000][1][safepoint    ] Entering safepoint region: RevokeBias
[2022-06-13T03:17:21.718+0000][1][safepoint    ] Leaving safepoint region
[2022-06-13T03:17:21.718+0000][1][safepoint    ] Total time for which application threads were stopped: 0.0002930 seconds, Stopping threads took: 0.0001229 seconds
[2022-06-13T03:17:21.719+0000][1][safepoint    ] Application time: 0.0002738 seconds
[2022-06-13T03:17:21.719+0000][1][safepoint    ] Entering safepoint region: RevokeBias
[2022-06-13T03:17:21.719+0000][1][safepoint    ] Leaving safepoint region
[2022-06-13T03:17:21.720+0000][1][safepoint    ] Total time for which application threads were stopped: 0.0006591 seconds, Stopping threads took: 0.0001089 seconds
[2022-06-13T03:17:21.720+0000][1][safepoint    ] Application time: 0.0001682 seconds
[2022-06-13T03:17:21.720+0000][1][safepoint    ] Entering safepoint region: RevokeBias
[2022-06-13T03:17:21.720+0000][1][safepoint    ] Leaving safepoint region
[2022-06-13T03:17:21.720+0000][1][safepoint    ] Total time for which application threads were stopped: 0.0002496 seconds, Stopping threads took: 0.0001165 seconds
[2022-06-13T03:17:21.721+0000][1][safepoint    ] Application time: 0.0002137 seconds
[2022-06-13T03:17:21.721+0000][1][safepoint    ] Entering safepoint region: RevokeBias
[2022-06-13T03:17:21.721+0000][1][safepoint    ] Leaving safepoint region
[2022-06-13T03:17:21.721+0000][1][safepoint    ] Total time for which application threads were stopped: 0.0002630 seconds, Stopping threads took: 0.0001380 seconds
[2022-06-13T03:17:21.721+0000][1][safepoint    ] Application time: 0.0000747 seconds
[2022-06-13T03:17:21.721+0000][1][safepoint    ] Entering safepoint region: RevokeBias
[2022-06-13T03:17:21.722+0000][1][safepoint    ] Leaving safepoint region
[2022-06-13T03:17:21.722+0000][1][safepoint    ] Total time for which application threads were stopped: 0.0003973 seconds, Stopping threads took: 0.0002440 seconds
[2022-06-13T03:17:21.722+0000][1][safepoint    ] Application time: 0.0003564 seconds
[2022-06-13T03:17:21.722+0000][1][safepoint    ] Entering safepoint region: RevokeBias
[2022-06-13T03:17:21.723+0000][1][safepoint    ] Leaving safepoint region
[2022-06-13T03:17:21.723+0000][1][safepoint    ] Total time for which application threads were stopped: 0.0002864 seconds, Stopping threads took: 0.0001616 seconds
[2022-06-13T03:17:21.723+0000][1][safepoint    ] Application time: 0.0001058 seconds
[2022-06-13T03:17:21.723+0000][1][safepoint    ] Entering safepoint region: RevokeBias
[2022-06-13T03:17:21.723+0000][1][safepoint    ] Leaving safepoint region
[2022-06-13T03:17:21.723+0000][1][safepoint    ] Total time for which application threads were stopped: 0.0002642 seconds, Stopping threads took: 0.0001370 seconds
[2022-06-13T03:17:21.724+0000][1][safepoint    ] Application time: 0.0005883 seconds
[2022-06-13T03:17:21.724+0000][1][safepoint    ] Entering safepoint region: RevokeBias
[2022-06-13T03:17:21.725+0000][1][safepoint    ] Leaving safepoint region
[2022-06-13T03:17:21.725+0000][1][safepoint    ] Total time for which application threads were stopped: 0.0006908 seconds, Stopping threads took: 0.0002982 seconds
[2022-06-13T03:17:21.726+0000][1][safepoint    ] Application time: 0.0001478 seconds
[2022-06-13T03:17:21.726+0000][1][safepoint    ] Entering safepoint region: RevokeBias
[2022-06-13T03:17:21.726+0000][1][safepoint    ] Leaving safepoint region
[2022-06-13T03:17:21.727+0000][1][safepoint    ] Total time for which application threads were stopped: 0.0007503 seconds, Stopping threads took: 0.0003498 seconds
[2022-06-13T03:17:21.727+0000][1][safepoint    ] Application time: 0.0001459 seconds
[2022-06-13T03:17:21.727+0000][1][safepoint    ] Entering safepoint region: RevokeBias
[2022-06-13T03:17:21.727+0000][1][safepoint    ] Leaving safepoint region
[2022-06-13T03:17:21.727+0000][1][safepoint    ] Total time for which application threads were stopped: 0.0003020 seconds, Stopping threads took: 0.0001058 seconds
[2022-06-13T03:17:21.729+0000][1][safepoint    ] Application time: 0.0011235 seconds
[2022-06-13T03:17:21.729+0000][1][safepoint    ] Entering safepoint region: RevokeBias
[2022-06-13T03:17:21.729+0000][1][safepoint    ] Leaving safepoint region
[2022-06-13T03:17:21.730+0000][1][safepoint    ] Total time for which application threads were stopped: 0.0008022 seconds, Stopping threads took: 0.0004207 seconds
[2022-06-13T03:17:21.835+0000][1][safepoint    ] Application time: 0.1054386 seconds
[2022-06-13T03:17:21.836+0000][1][safepoint    ] Entering safepoint region: RevokeBias
[2022-06-13T03:17:21.837+0000][1][safepoint    ] Leaving safepoint region
[2022-06-13T03:17:21.837+0000][1][safepoint    ] Total time for which application threads were stopped: 0.0011484 seconds, Stopping threads took: 0.0004802 seconds
[2022-06-13T03:17:21.838+0000][1][safepoint    ] Application time: 0.0006715 seconds
[2022-06-13T03:17:21.839+0000][1][safepoint    ] Entering safepoint region: RevokeBias
[2022-06-13T03:17:21.839+0000][1][safepoint    ] Leaving safepoint region
[2022-06-13T03:17:21.840+0000][1][safepoint    ] Total time for which application threads were stopped: 0.0012802 seconds, Stopping threads took: 0.0004923 seconds
[2022-06-13T03:17:21.841+0000][1][safepoint    ] Application time: 0.0000530 seconds
[2022-06-13T03:17:21.841+0000][1][safepoint    ] Entering safepoint region: RevokeBias
[2022-06-13T03:17:21.842+0000][1][safepoint    ] Leaving safepoint region
[2022-06-13T03:17:21.842+0000][1][safepoint    ] Total time for which application threads were stopped: 0.0012273 seconds, Stopping threads took: 0.0005173 seconds
[2022-06-13T03:17:21.843+0000][1][safepoint    ] Application time: 0.0001842 seconds
[2022-06-13T03:17:21.844+0000][1][safepoint    ] Entering safepoint region: RevokeBias
[2022-06-13T03:17:21.844+0000][1][safepoint    ] Leaving safepoint region
[2022-06-13T03:17:21.845+0000][1][safepoint    ] Total time for which application threads were stopped: 0.0012706 seconds, Stopping threads took: 0.0006077 seconds
[2022-06-13T03:17:21.846+0000][1][safepoint    ] Application time: 0.0001614 seconds
[2022-06-13T03:17:21.846+0000][1][safepoint    ] Entering safepoint region: RevokeBias
[2022-06-13T03:17:21.847+0000][1][safepoint    ] Leaving safepoint region
[2022-06-13T03:17:21.847+0000][1][safepoint    ] Total time for which application threads were stopped: 0.0012769 seconds, Stopping threads took: 0.0007771 seconds
[2022-06-13T03:17:21.848+0000][1][safepoint    ] Application time: 0.0004162 seconds
[2022-06-13T03:17:21.848+0000][1][safepoint    ] Entering safepoint region: RevokeBias
[2022-06-13T03:17:21.849+0000][1][safepoint    ] Leaving safepoint region
[2022-06-13T03:17:21.849+0000][1][safepoint    ] Total time for which application threads were stopped: 0.0009515 seconds, Stopping threads took: 0.0003325 seconds
[2022-06-13T03:17:21.853+0000][1][safepoint    ] Application time: 0.0031554 seconds
[2022-06-13T03:17:21.854+0000][1][safepoint    ] Entering safepoint region: RevokeBias
[2022-06-13T03:17:21.854+0000][1][safepoint    ] Leaving safepoint region
[2022-06-13T03:17:21.854+0000][1][safepoint    ] Total time for which application threads were stopped: 0.0010426 seconds, Stopping threads took: 0.0006771 seconds
[2022-06-13T03:17:21.855+0000][1][safepoint    ] Application time: 0.0004703 seconds
[2022-06-13T03:17:21.856+0000][1][safepoint    ] Entering safepoint region: RevokeBias
[2022-06-13T03:17:21.857+0000][1][safepoint    ] Leaving safepoint region
[2022-06-13T03:17:21.858+0000][1][safepoint    ] Total time for which application threads were stopped: 0.0022877 seconds, Stopping threads took: 0.0015964 seconds
[2022-06-13T03:17:21.859+0000][1][safepoint    ] Application time: 0.0007236 seconds
[2022-06-13T03:17:21.859+0000][1][safepoint    ] Entering safepoint region: RevokeBias
[2022-06-13T03:17:21.860+0000][1][safepoint    ] Leaving safepoint region
[2022-06-13T03:17:21.860+0000][1][safepoint    ] Total time for which application threads were stopped: 0.0008151 seconds, Stopping threads took: 0.0002735 seconds
[2022-06-13T03:17:21.861+0000][1][safepoint    ] Application time: 0.0003739 seconds
[2022-06-13T03:17:21.861+0000][1][safepoint    ] Entering safepoint region: RevokeBias
[2022-06-13T03:17:21.862+0000][1][safepoint    ] Leaving safepoint region
[2022-06-13T03:17:21.862+0000][1][safepoint    ] Total time for which application threads were stopped: 0.0007626 seconds, Stopping threads took: 0.0004097 seconds
[2022-06-13T03:17:21.863+0000][1][safepoint    ] Application time: 0.0002241 seconds
[2022-06-13T03:17:21.863+0000][1][safepoint    ] Entering safepoint region: RevokeBias
[2022-06-13T03:17:21.864+0000][1][safepoint    ] Leaving safepoint region
[2022-06-13T03:17:21.864+0000][1][safepoint    ] Total time for which application threads were stopped: 0.0008615 seconds, Stopping threads took: 0.0004359 seconds
[2022-06-13T03:17:21.865+0000][1][safepoint    ] Application time: 0.0002205 seconds
[2022-06-13T03:17:21.865+0000][1][safepoint    ] Entering safepoint region: BulkRevokeBias
[2022-06-13T03:17:21.866+0000][1][safepoint    ] Leaving safepoint region
[2022-06-13T03:17:21.866+0000][1][safepoint    ] Total time for which application threads were stopped: 0.0008820 seconds, Stopping threads took: 0.0003587 seconds
[2022-06-13T03:17:21.869+0000][1][safepoint    ] Application time: 0.0022459 seconds
[2022-06-13T03:17:21.869+0000][1][safepoint    ] Entering safepoint region: RevokeBias
[2022-06-13T03:17:21.870+0000][1][safepoint    ] Leaving safepoint region
[2022-06-13T03:17:21.870+0000][1][safepoint    ] Total time for which application threads were stopped: 0.0007332 seconds, Stopping threads took: 0.0003726 seconds
[2022-06-13T03:17:21.876+0000][1][safepoint    ] Application time: 0.0052739 seconds
[2022-06-13T03:17:21.876+0000][1][safepoint    ] Entering safepoint region: RevokeBias
[2022-06-13T03:17:21.877+0000][1][safepoint    ] Leaving safepoint region
[2022-06-13T03:17:21.877+0000][1][safepoint    ] Total time for which application threads were stopped: 0.0008086 seconds, Stopping threads took: 0.0003293 seconds
[2022-06-13T03:17:21.878+0000][1][safepoint    ] Application time: 0.0001801 seconds
[2022-06-13T03:17:21.878+0000][1][safepoint    ] Entering safepoint region: RevokeBias
[2022-06-13T03:17:21.878+0000][1][safepoint    ] Leaving safepoint region
[2022-06-13T03:17:21.879+0000][1][safepoint    ] Total time for which application threads were stopped: 0.0006502 seconds, Stopping threads took: 0.0003368 seconds
[2022-06-13T03:17:21.879+0000][1][safepoint    ] Application time: 0.0002580 seconds
[2022-06-13T03:17:21.880+0000][1][safepoint    ] Entering safepoint region: RevokeBias
[2022-06-13T03:17:21.880+0000][1][safepoint    ] Leaving safepoint region
[2022-06-13T03:17:21.880+0000][1][safepoint    ] Total time for which application threads were stopped: 0.0006583 seconds, Stopping threads took: 0.0002702 seconds
[2022-06-13T03:17:21.881+0000][1][safepoint    ] Application time: 0.0005294 seconds
[2022-06-13T03:17:21.881+0000][1][safepoint    ] Entering safepoint region: RevokeBias
[2022-06-13T03:17:21.882+0000][1][safepoint    ] Leaving safepoint region
[2022-06-13T03:17:21.882+0000][1][safepoint    ] Total time for which application threads were stopped: 0.0006081 seconds, Stopping threads took: 0.0002862 seconds
[2022-06-13T03:17:21.883+0000][1][safepoint    ] Application time: 0.0008148 seconds
[2022-06-13T03:17:21.883+0000][1][safepoint    ] Entering safepoint region: RevokeBias
[2022-06-13T03:17:21.883+0000][1][safepoint    ] Leaving safepoint region
[2022-06-13T03:17:21.883+0000][1][safepoint    ] Total time for which application threads were stopped: 0.0003051 seconds, Stopping threads took: 0.0001685 seconds
[2022-06-13T03:17:21.884+0000][1][safepoint    ] Application time: 0.0003758 seconds
[2022-06-13T03:17:21.884+0000][1][safepoint    ] Entering safepoint region: RevokeBias
[2022-06-13T03:17:21.885+0000][1][safepoint    ] Leaving safepoint region
[2022-06-13T03:17:21.885+0000][1][safepoint    ] Total time for which application threads were stopped: 0.0007037 seconds, Stopping threads took: 0.0003998 seconds
[2022-06-13T03:17:21.887+0000][1][safepoint    ] Application time: 0.0013950 seconds
[2022-06-13T03:17:21.887+0000][1][safepoint    ] Entering safepoint region: RevokeBias
[2022-06-13T03:17:21.887+0000][1][safepoint    ] Leaving safepoint region
[2022-06-13T03:17:21.887+0000][1][safepoint    ] Total time for which application threads were stopped: 0.0005359 seconds, Stopping threads took: 0.0002914 seconds
[2022-06-13T03:17:21.888+0000][1][safepoint    ] Application time: 0.0002822 seconds
[2022-06-13T03:17:21.888+0000][1][safepoint    ] Entering safepoint region: RevokeBias
[2022-06-13T03:17:21.888+0000][1][safepoint    ] Leaving safepoint region
[2022-06-13T03:17:21.888+0000][1][safepoint    ] Total time for which application threads were stopped: 0.0005101 seconds, Stopping threads took: 0.0002104 seconds
[2022-06-13T03:17:21.889+0000][1][safepoint    ] Application time: 0.0002186 seconds
[2022-06-13T03:17:21.889+0000][1][safepoint    ] Entering safepoint region: RevokeBias
[2022-06-13T03:17:21.889+0000][1][safepoint    ] Leaving safepoint region
[2022-06-13T03:17:21.890+0000][1][safepoint    ] Total time for which application threads were stopped: 0.0004638 seconds, Stopping threads took: 0.0002918 seconds
[2022-06-13T03:17:21.891+0000][1][safepoint    ] Application time: 0.0012603 seconds
[2022-06-13T03:17:21.891+0000][1][safepoint    ] Entering safepoint region: RevokeBias
[2022-06-13T03:17:21.892+0000][1][safepoint    ] Leaving safepoint region
[2022-06-13T03:17:21.892+0000][1][safepoint    ] Total time for which application threads were stopped: 0.0005306 seconds, Stopping threads took: 0.0002825 seconds
[2022-06-13T03:17:21.893+0000][1][safepoint    ] Application time: 0.0010317 seconds
[2022-06-13T03:17:21.893+0000][1][safepoint    ] Entering safepoint region: RevokeBias
[2022-06-13T03:17:21.893+0000][1][safepoint    ] Leaving safepoint region
[2022-06-13T03:17:21.893+0000][1][safepoint    ] Total time for which application threads were stopped: 0.0002596 seconds, Stopping threads took: 0.0001171 seconds
[2022-06-13T03:17:21.894+0000][1][safepoint    ] Application time: 0.0002506 seconds
[2022-06-13T03:17:21.894+0000][1][safepoint    ] Entering safepoint region: RevokeBias
[2022-06-13T03:17:21.894+0000][1][safepoint    ] Leaving safepoint region
[2022-06-13T03:17:21.894+0000][1][safepoint    ] Total time for which application threads were stopped: 0.0002805 seconds, Stopping threads took: 0.0001228 seconds
[2022-06-13T03:17:21.896+0000][1][gc,heap,exit ] Heap
[2022-06-13T03:17:21.897+0000][1][gc,heap,exit ]  par new generation   total 78656K, used 34755K [0x00000000f0000000, 0x00000000f5550000, 0x00000000f5550000)
[2022-06-13T03:17:21.897+0000][1][gc,heap,exit ]   eden space 69952K,  49% used [0x00000000f0000000, 0x00000000f21caa38, 0x00000000f4450000)
[2022-06-13T03:17:21.897+0000][1][gc,heap,exit ]   from space 8704K,   1% used [0x00000000f4cd0000, 0x00000000f4cf65b0, 0x00000000f5550000)
[2022-06-13T03:17:21.897+0000][1][gc,heap,exit ]   to   space 8704K,   0% used [0x00000000f4450000, 0x00000000f4450000, 0x00000000f4cd0000)
[2022-06-13T03:17:21.898+0000][1][gc,heap,exit ]  concurrent mark-sweep generation total 174784K, used 69063K [0x00000000f5550000, 0x0000000100000000, 0x0000000100000000)
[2022-06-13T03:17:21.898+0000][1][gc,heap,exit ]  Metaspace       used 65521K, capacity 70447K, committed 70596K, reserved 1110016K
[2022-06-13T03:17:21.898+0000][1][gc,heap,exit ]   class space    used 8779K, capacity 10841K, committed 10924K, reserved 1048576K
[2022-06-13T03:17:21.898+0000][1][safepoint    ] Application time: 0.0038251 seconds
[2022-06-13T03:17:21.898+0000][1][safepoint    ] Entering safepoint region: Exit
