[2022-06-13T01:51:09.026+0000][1][gc] Using Concurrent Mark Sweep
[2022-06-13T01:51:09.027+0000][1][gc,heap,coops] Heap address: 0x00000000f0000000, size: 256 MB, Compressed Oops mode: 32-bit
[2022-06-13T01:51:09.101+0000][1][safepoint    ] Entering safepoint region: EnableBiasedLocking
[2022-06-13T01:51:09.101+0000][1][safepoint    ] Leaving safepoint region
[2022-06-13T01:51:09.102+0000][1][safepoint    ] Total time for which application threads were stopped: 0.0010149 seconds, Stopping threads took: 0.0005467 seconds
[2022-06-13T01:51:09.106+0000][1][safepoint    ] Application time: 0.0032595 seconds
[2022-06-13T01:51:09.106+0000][1][safepoint    ] Entering safepoint region: RevokeBias
[2022-06-13T01:51:09.107+0000][1][safepoint    ] Leaving safepoint region
[2022-06-13T01:51:09.107+0000][1][safepoint    ] Total time for which application threads were stopped: 0.0011983 seconds, Stopping threads took: 0.0008604 seconds
[2022-06-13T01:51:09.125+0000][1][safepoint    ] Application time: 0.0175119 seconds
[2022-06-13T01:51:09.126+0000][1][safepoint    ] Entering safepoint region: Deoptimize
[2022-06-13T01:51:09.126+0000][1][safepoint    ] Leaving safepoint region
[2022-06-13T01:51:09.126+0000][1][safepoint    ] Total time for which application threads were stopped: 0.0005601 seconds, Stopping threads took: 0.0002501 seconds
[2022-06-13T01:51:09.273+0000][1][safepoint    ] Application time: 0.1466177 seconds
[2022-06-13T01:51:09.273+0000][1][safepoint    ] Entering safepoint region: RevokeBias
[2022-06-13T01:51:09.274+0000][1][safepoint    ] Leaving safepoint region
[2022-06-13T01:51:09.274+0000][1][safepoint    ] Total time for which application threads were stopped: 0.0010212 seconds, Stopping threads took: 0.0005454 seconds
[2022-06-13T01:51:09.334+0000][1][safepoint    ] Application time: 0.0589828 seconds
[2022-06-13T01:51:09.334+0000][1][safepoint    ] Entering safepoint region: Deoptimize
[2022-06-13T01:51:09.334+0000][1][safepoint    ] Leaving safepoint region
[2022-06-13T01:51:09.335+0000][1][safepoint    ] Total time for which application threads were stopped: 0.0006211 seconds, Stopping threads took: 0.0002914 seconds
[2022-06-13T01:51:09.835+0000][1][safepoint    ] Application time: 0.5002054 seconds
[2022-06-13T01:51:09.836+0000][1][safepoint    ] Entering safepoint region: Deoptimize
[2022-06-13T01:51:09.836+0000][1][safepoint    ] Leaving safepoint region
[2022-06-13T01:51:09.837+0000][1][safepoint    ] Total time for which application threads were stopped: 0.0010651 seconds, Stopping threads took: 0.0002580 seconds
[2022-06-13T01:51:09.867+0000][1][safepoint    ] Application time: 0.0298600 seconds
[2022-06-13T01:51:09.867+0000][1][safepoint    ] Entering safepoint region: Deoptimize
[2022-06-13T01:51:09.868+0000][1][safepoint    ] Leaving safepoint region
[2022-06-13T01:51:09.869+0000][1][safepoint    ] Total time for which application threads were stopped: 0.0011834 seconds, Stopping threads took: 0.0004088 seconds
[2022-06-13T01:51:09.950+0000][1][safepoint    ] Application time: 0.0797984 seconds
[2022-06-13T01:51:09.950+0000][1][safepoint    ] Entering safepoint region: Deoptimize
[2022-06-13T01:51:09.951+0000][1][safepoint    ] Leaving safepoint region
[2022-06-13T01:51:09.951+0000][1][safepoint    ] Total time for which application threads were stopped: 0.0009277 seconds, Stopping threads took: 0.0003790 seconds
[2022-06-13T01:51:09.974+0000][1][safepoint    ] Application time: 0.0221226 seconds
[2022-06-13T01:51:09.974+0000][1][safepoint    ] Entering safepoint region: Deoptimize
[2022-06-13T01:51:09.974+0000][1][safepoint    ] Leaving safepoint region
[2022-06-13T01:51:09.975+0000][1][safepoint    ] Total time for which application threads were stopped: 0.0006703 seconds, Stopping threads took: 0.0002639 seconds
[2022-06-13T01:51:10.700+0000][1][safepoint    ] Application time: 0.7251674 seconds
[2022-06-13T01:51:10.700+0000][1][safepoint    ] Entering safepoint region: Deoptimize
[2022-06-13T01:51:10.701+0000][1][safepoint    ] Leaving safepoint region
[2022-06-13T01:51:10.701+0000][1][safepoint    ] Total time for which application threads were stopped: 0.0010965 seconds, Stopping threads took: 0.0004014 seconds
[2022-06-13T01:51:11.092+0000][1][safepoint    ] Application time: 0.3901375 seconds
[2022-06-13T01:51:11.093+0000][1][safepoint    ] Entering safepoint region: RevokeBias
[2022-06-13T01:51:11.093+0000][1][safepoint    ] Leaving safepoint region
[2022-06-13T01:51:11.094+0000][1][safepoint    ] Total time for which application threads were stopped: 0.0010792 seconds, Stopping threads took: 0.0004154 seconds
[2022-06-13T01:51:11.295+0000][1][safepoint    ] Application time: 0.2006516 seconds
[2022-06-13T01:51:11.295+0000][1][safepoint    ] Entering safepoint region: Deoptimize
[2022-06-13T01:51:11.296+0000][1][safepoint    ] Leaving safepoint region
[2022-06-13T01:51:11.297+0000][1][safepoint    ] Total time for which application threads were stopped: 0.0013967 seconds, Stopping threads took: 0.0003026 seconds
[2022-06-13T01:51:11.473+0000][1][safepoint    ] Application time: 0.1759187 seconds
[2022-06-13T01:51:11.473+0000][1][safepoint    ] Entering safepoint region: Deoptimize
[2022-06-13T01:51:11.474+0000][1][safepoint    ] Leaving safepoint region
[2022-06-13T01:51:11.475+0000][1][safepoint    ] Total time for which application threads were stopped: 0.0013330 seconds, Stopping threads took: 0.0004428 seconds
[2022-06-13T01:51:11.475+0000][1][safepoint    ] Application time: 0.0003589 seconds
[2022-06-13T01:51:11.476+0000][1][safepoint    ] Entering safepoint region: Deoptimize
[2022-06-13T01:51:11.476+0000][1][safepoint    ] Leaving safepoint region
[2022-06-13T01:51:11.476+0000][1][safepoint    ] Total time for which application threads were stopped: 0.0008112 seconds, Stopping threads took: 0.0002164 seconds
[2022-06-13T01:51:11.526+0000][1][safepoint    ] Application time: 0.0494209 seconds
[2022-06-13T01:51:11.526+0000][1][safepoint    ] Entering safepoint region: Deoptimize
[2022-06-13T01:51:11.528+0000][1][safepoint    ] Leaving safepoint region
[2022-06-13T01:51:11.528+0000][1][safepoint    ] Total time for which application threads were stopped: 0.0019641 seconds, Stopping threads took: 0.0009658 seconds
[2022-06-13T01:51:11.541+0000][1][safepoint    ] Application time: 0.0117969 seconds
[2022-06-13T01:51:11.541+0000][1][safepoint    ] Entering safepoint region: RevokeBias
[2022-06-13T01:51:11.541+0000][1][safepoint    ] Leaving safepoint region
[2022-06-13T01:51:11.542+0000][1][safepoint    ] Total time for which application threads were stopped: 0.0007590 seconds, Stopping threads took: 0.0003637 seconds
[2022-06-13T01:51:11.542+0000][1][safepoint    ] Application time: 0.0002195 seconds
[2022-06-13T01:51:11.543+0000][1][safepoint    ] Entering safepoint region: RevokeBias
[2022-06-13T01:51:11.543+0000][1][safepoint    ] Leaving safepoint region
[2022-06-13T01:51:11.544+0000][1][safepoint    ] Total time for which application threads were stopped: 0.0012427 seconds, Stopping threads took: 0.0003917 seconds
[2022-06-13T01:51:11.547+0000][1][safepoint    ] Application time: 0.0020232 seconds
[2022-06-13T01:51:11.548+0000][1][safepoint    ] Entering safepoint region: RevokeBias
[2022-06-13T01:51:11.548+0000][1][safepoint    ] Leaving safepoint region
[2022-06-13T01:51:11.549+0000][1][safepoint    ] Total time for which application threads were stopped: 0.0011118 seconds, Stopping threads took: 0.0004003 seconds
[2022-06-13T01:51:11.550+0000][1][safepoint    ] Application time: 0.0006552 seconds
[2022-06-13T01:51:11.550+0000][1][safepoint    ] Entering safepoint region: RevokeBias
[2022-06-13T01:51:11.552+0000][1][safepoint    ] Leaving safepoint region
[2022-06-13T01:51:11.552+0000][1][safepoint    ] Total time for which application threads were stopped: 0.0019919 seconds, Stopping threads took: 0.0014320 seconds
[2022-06-13T01:51:11.566+0000][1][safepoint    ] Application time: 0.0138103 seconds
[2022-06-13T01:51:11.567+0000][1][safepoint    ] Entering safepoint region: Deoptimize
[2022-06-13T01:51:11.568+0000][1][safepoint    ] Leaving safepoint region
[2022-06-13T01:51:11.569+0000][1][safepoint    ] Total time for which application threads were stopped: 0.0020046 seconds, Stopping threads took: 0.0012155 seconds
[2022-06-13T01:51:11.727+0000][1][safepoint    ] Application time: 0.1577979 seconds
[2022-06-13T01:51:11.727+0000][1][safepoint    ] Entering safepoint region: GenCollectForAllocation
[2022-06-13T01:51:11.728+0000][1][gc,start     ] GC(0) Pause Young (Allocation Failure)
[2022-06-13T01:51:11.730+0000][1][gc,task      ] GC(0) Using 5 workers of 13 for evacuation
[2022-06-13T01:51:11.744+0000][1][gc,age       ] GC(0) Desired survivor size 4456448 bytes, new threshold 1 (max threshold 6)
[2022-06-13T01:51:11.744+0000][1][gc,age       ] GC(0) Age table with threshold 1 (max threshold 6)
[2022-06-13T01:51:11.745+0000][1][gc,age       ] GC(0) - age   1:    8099832 bytes,    8099832 total
[2022-06-13T01:51:11.745+0000][1][gc,heap      ] GC(0) ParNew: 69952K->8018K(78656K)
[2022-06-13T01:51:11.745+0000][1][gc,heap      ] GC(0) CMS: 0K->0K(174784K)
[2022-06-13T01:51:11.745+0000][1][gc,metaspace ] GC(0) Metaspace: 12293K->12293K(1060864K)
[2022-06-13T01:51:11.746+0000][1][gc           ] GC(0) Pause Young (Allocation Failure) 68M->7M(247M) 17.705ms
[2022-06-13T01:51:11.746+0000][1][gc,cpu       ] GC(0) User=0.06s Sys=0.01s Real=0.02s
[2022-06-13T01:51:11.746+0000][1][safepoint    ] Leaving safepoint region
[2022-06-13T01:51:11.747+0000][1][safepoint    ] Total time for which application threads were stopped: 0.0191607 seconds, Stopping threads took: 0.0002843 seconds
[2022-06-13T01:51:11.748+0000][1][safepoint    ] Application time: 0.0008127 seconds
[2022-06-13T01:51:11.748+0000][1][safepoint    ] Entering safepoint region: RevokeBias
[2022-06-13T01:51:11.748+0000][1][safepoint    ] Leaving safepoint region
[2022-06-13T01:51:11.749+0000][1][safepoint    ] Total time for which application threads were stopped: 0.0005586 seconds, Stopping threads took: 0.0002741 seconds
[2022-06-13T01:51:11.749+0000][1][safepoint    ] Application time: 0.0001696 seconds
[2022-06-13T01:51:11.751+0000][1][safepoint    ] Entering safepoint region: RevokeBias
[2022-06-13T01:51:11.751+0000][1][safepoint    ] Leaving safepoint region
[2022-06-13T01:51:11.752+0000][1][safepoint    ] Total time for which application threads were stopped: 0.0006038 seconds, Stopping threads took: 0.0002905 seconds
[2022-06-13T01:51:11.752+0000][1][safepoint    ] Application time: 0.0002021 seconds
[2022-06-13T01:51:11.753+0000][1][safepoint    ] Entering safepoint region: RevokeBias
[2022-06-13T01:51:11.753+0000][1][safepoint    ] Leaving safepoint region
[2022-06-13T01:51:11.753+0000][1][safepoint    ] Total time for which application threads were stopped: 0.0006104 seconds, Stopping threads took: 0.0003666 seconds
[2022-06-13T01:51:11.763+0000][1][safepoint    ] Application time: 0.0096292 seconds
[2022-06-13T01:51:11.764+0000][1][safepoint    ] Entering safepoint region: RevokeBias
[2022-06-13T01:51:11.765+0000][1][safepoint    ] Leaving safepoint region
[2022-06-13T01:51:11.765+0000][1][safepoint    ] Total time for which application threads were stopped: 0.0017808 seconds, Stopping threads took: 0.0014664 seconds
[2022-06-13T01:51:11.765+0000][1][safepoint    ] Application time: 0.0001565 seconds
[2022-06-13T01:51:11.766+0000][1][safepoint    ] Entering safepoint region: RevokeBias
[2022-06-13T01:51:11.766+0000][1][safepoint    ] Leaving safepoint region
[2022-06-13T01:51:11.767+0000][1][safepoint    ] Total time for which application threads were stopped: 0.0008285 seconds, Stopping threads took: 0.0003740 seconds
[2022-06-13T01:51:11.767+0000][1][safepoint    ] Application time: 0.0001809 seconds
[2022-06-13T01:51:11.767+0000][1][safepoint    ] Entering safepoint region: RevokeBias
[2022-06-13T01:51:11.768+0000][1][safepoint    ] Leaving safepoint region
[2022-06-13T01:51:11.768+0000][1][safepoint    ] Total time for which application threads were stopped: 0.0005944 seconds, Stopping threads took: 0.0002619 seconds
[2022-06-13T01:51:11.768+0000][1][safepoint    ] Application time: 0.0001731 seconds
[2022-06-13T01:51:11.769+0000][1][safepoint    ] Entering safepoint region: RevokeBias
[2022-06-13T01:51:11.769+0000][1][safepoint    ] Leaving safepoint region
[2022-06-13T01:51:11.769+0000][1][safepoint    ] Total time for which application threads were stopped: 0.0007062 seconds, Stopping threads took: 0.0003393 seconds
[2022-06-13T01:51:11.770+0000][1][safepoint    ] Application time: 0.0001620 seconds
[2022-06-13T01:51:11.770+0000][1][safepoint    ] Entering safepoint region: RevokeBias
[2022-06-13T01:51:11.770+0000][1][safepoint    ] Leaving safepoint region
[2022-06-13T01:51:11.771+0000][1][safepoint    ] Total time for which application threads were stopped: 0.0007300 seconds, Stopping threads took: 0.0003986 seconds
[2022-06-13T01:51:11.771+0000][1][safepoint    ] Application time: 0.0002204 seconds
[2022-06-13T01:51:11.772+0000][1][safepoint    ] Entering safepoint region: RevokeBias
[2022-06-13T01:51:11.773+0000][1][safepoint    ] Leaving safepoint region
[2022-06-13T01:51:11.773+0000][1][safepoint    ] Total time for which application threads were stopped: 0.0016024 seconds, Stopping threads took: 0.0011613 seconds
[2022-06-13T01:51:11.773+0000][1][safepoint    ] Application time: 0.0001511 seconds
[2022-06-13T01:51:11.774+0000][1][safepoint    ] Entering safepoint region: RevokeBias
[2022-06-13T01:51:11.774+0000][1][safepoint    ] Leaving safepoint region
[2022-06-13T01:51:11.775+0000][1][safepoint    ] Total time for which application threads were stopped: 0.0009718 seconds, Stopping threads took: 0.0004506 seconds
[2022-06-13T01:51:11.775+0000][1][safepoint    ] Application time: 0.0003431 seconds
[2022-06-13T01:51:11.776+0000][1][safepoint    ] Entering safepoint region: RevokeBias
[2022-06-13T01:51:11.776+0000][1][safepoint    ] Leaving safepoint region
[2022-06-13T01:51:11.776+0000][1][safepoint    ] Total time for which application threads were stopped: 0.0006390 seconds, Stopping threads took: 0.0003275 seconds
[2022-06-13T01:51:11.777+0000][1][safepoint    ] Application time: 0.0001192 seconds
[2022-06-13T01:51:11.777+0000][1][safepoint    ] Entering safepoint region: RevokeBias
[2022-06-13T01:51:11.778+0000][1][safepoint    ] Leaving safepoint region
[2022-06-13T01:51:11.778+0000][1][safepoint    ] Total time for which application threads were stopped: 0.0006262 seconds, Stopping threads took: 0.0002994 seconds
[2022-06-13T01:51:11.778+0000][1][safepoint    ] Application time: 0.0002207 seconds
[2022-06-13T01:51:11.778+0000][1][safepoint    ] Entering safepoint region: RevokeBias
[2022-06-13T01:51:11.779+0000][1][safepoint    ] Leaving safepoint region
[2022-06-13T01:51:11.779+0000][1][safepoint    ] Total time for which application threads were stopped: 0.0006422 seconds, Stopping threads took: 0.0003022 seconds
[2022-06-13T01:51:11.780+0000][1][safepoint    ] Application time: 0.0001721 seconds
[2022-06-13T01:51:11.781+0000][1][safepoint    ] Entering safepoint region: RevokeBias
[2022-06-13T01:51:11.781+0000][1][safepoint    ] Leaving safepoint region
[2022-06-13T01:51:11.782+0000][1][safepoint    ] Total time for which application threads were stopped: 0.0008766 seconds, Stopping threads took: 0.0003378 seconds
[2022-06-13T01:51:11.782+0000][1][safepoint    ] Application time: 0.0001135 seconds
[2022-06-13T01:51:11.782+0000][1][safepoint    ] Entering safepoint region: RevokeBias
[2022-06-13T01:51:11.783+0000][1][safepoint    ] Leaving safepoint region
[2022-06-13T01:51:11.783+0000][1][safepoint    ] Total time for which application threads were stopped: 0.0006779 seconds, Stopping threads took: 0.0003646 seconds
[2022-06-13T01:51:11.783+0000][1][safepoint    ] Application time: 0.0002696 seconds
[2022-06-13T01:51:11.784+0000][1][safepoint    ] Entering safepoint region: RevokeBias
[2022-06-13T01:51:11.784+0000][1][safepoint    ] Leaving safepoint region
[2022-06-13T01:51:11.785+0000][1][safepoint    ] Total time for which application threads were stopped: 0.0010488 seconds, Stopping threads took: 0.0003749 seconds
[2022-06-13T01:51:11.785+0000][1][safepoint    ] Application time: 0.0002492 seconds
[2022-06-13T01:51:11.786+0000][1][safepoint    ] Entering safepoint region: RevokeBias
[2022-06-13T01:51:11.787+0000][1][safepoint    ] Leaving safepoint region
[2022-06-13T01:51:11.787+0000][1][safepoint    ] Total time for which application threads were stopped: 0.0009896 seconds, Stopping threads took: 0.0005232 seconds
[2022-06-13T01:51:11.789+0000][1][safepoint    ] Application time: 0.0003447 seconds
[2022-06-13T01:51:11.790+0000][1][safepoint    ] Entering safepoint region: RevokeBias
[2022-06-13T01:51:11.791+0000][1][safepoint    ] Leaving safepoint region
[2022-06-13T01:51:11.792+0000][1][safepoint    ] Total time for which application threads were stopped: 0.0018400 seconds, Stopping threads took: 0.0012034 seconds
[2022-06-13T01:51:11.792+0000][1][safepoint    ] Application time: 0.0001094 seconds
[2022-06-13T01:51:11.793+0000][1][safepoint    ] Entering safepoint region: RevokeBias
[2022-06-13T01:51:11.794+0000][1][safepoint    ] Leaving safepoint region
[2022-06-13T01:51:11.795+0000][1][safepoint    ] Total time for which application threads were stopped: 0.0013097 seconds, Stopping threads took: 0.0008733 seconds
[2022-06-13T01:51:11.795+0000][1][safepoint    ] Application time: 0.0003659 seconds
[2022-06-13T01:51:11.796+0000][1][safepoint    ] Entering safepoint region: RevokeBias
[2022-06-13T01:51:11.796+0000][1][safepoint    ] Leaving safepoint region
[2022-06-13T01:51:11.796+0000][1][safepoint    ] Total time for which application threads were stopped: 0.0008057 seconds, Stopping threads took: 0.0003657 seconds
[2022-06-13T01:51:11.797+0000][1][safepoint    ] Application time: 0.0001979 seconds
[2022-06-13T01:51:11.797+0000][1][safepoint    ] Entering safepoint region: RevokeBias
[2022-06-13T01:51:11.798+0000][1][safepoint    ] Leaving safepoint region
[2022-06-13T01:51:11.798+0000][1][safepoint    ] Total time for which application threads were stopped: 0.0007466 seconds, Stopping threads took: 0.0003220 seconds
[2022-06-13T01:51:11.798+0000][1][safepoint    ] Application time: 0.0001319 seconds
[2022-06-13T01:51:11.799+0000][1][safepoint    ] Entering safepoint region: RevokeBias
[2022-06-13T01:51:11.799+0000][1][safepoint    ] Leaving safepoint region
[2022-06-13T01:51:11.799+0000][1][safepoint    ] Total time for which application threads were stopped: 0.0005945 seconds, Stopping threads took: 0.0002638 seconds
[2022-06-13T01:51:11.800+0000][1][safepoint    ] Application time: 0.0002835 seconds
[2022-06-13T01:51:11.800+0000][1][safepoint    ] Entering safepoint region: RevokeBias
[2022-06-13T01:51:11.801+0000][1][safepoint    ] Leaving safepoint region
[2022-06-13T01:51:11.801+0000][1][safepoint    ] Total time for which application threads were stopped: 0.0008741 seconds, Stopping threads took: 0.0003214 seconds
[2022-06-13T01:51:11.801+0000][1][safepoint    ] Application time: 0.0001503 seconds
[2022-06-13T01:51:11.802+0000][1][safepoint    ] Entering safepoint region: RevokeBias
[2022-06-13T01:51:11.802+0000][1][safepoint    ] Leaving safepoint region
[2022-06-13T01:51:11.802+0000][1][safepoint    ] Total time for which application threads were stopped: 0.0005756 seconds, Stopping threads took: 0.0002270 seconds
[2022-06-13T01:51:11.806+0000][1][safepoint    ] Application time: 0.0029709 seconds
[2022-06-13T01:51:11.808+0000][1][safepoint    ] Entering safepoint region: RevokeBias
[2022-06-13T01:51:11.809+0000][1][safepoint    ] Leaving safepoint region
[2022-06-13T01:51:11.812+0000][1][safepoint    ] Total time for which application threads were stopped: 0.0039706 seconds, Stopping threads took: 0.0004392 seconds
[2022-06-13T01:51:11.814+0000][1][safepoint    ] Application time: 0.0006748 seconds
[2022-06-13T01:51:11.815+0000][1][safepoint    ] Entering safepoint region: RevokeBias
[2022-06-13T01:51:11.815+0000][1][safepoint    ] Leaving safepoint region
[2022-06-13T01:51:11.816+0000][1][safepoint    ] Total time for which application threads were stopped: 0.0008401 seconds, Stopping threads took: 0.0002552 seconds
[2022-06-13T01:51:12.354+0000][1][safepoint    ] Application time: 0.5378606 seconds
[2022-06-13T01:51:12.354+0000][1][safepoint    ] Entering safepoint region: Deoptimize
[2022-06-13T01:51:12.356+0000][1][safepoint    ] Leaving safepoint region
[2022-06-13T01:51:12.356+0000][1][safepoint    ] Total time for which application threads were stopped: 0.0016830 seconds, Stopping threads took: 0.0004747 seconds
[2022-06-13T01:51:12.657+0000][1][safepoint    ] Application time: 0.3009855 seconds
[2022-06-13T01:51:12.658+0000][1][safepoint    ] Entering safepoint region: RevokeBias
[2022-06-13T01:51:12.658+0000][1][safepoint    ] Leaving safepoint region
[2022-06-13T01:51:12.659+0000][1][safepoint    ] Total time for which application threads were stopped: 0.0008323 seconds, Stopping threads took: 0.0003547 seconds
[2022-06-13T01:51:12.885+0000][1][safepoint    ] Application time: 0.2264396 seconds
[2022-06-13T01:51:12.886+0000][1][safepoint    ] Entering safepoint region: RevokeBias
[2022-06-13T01:51:12.886+0000][1][safepoint    ] Leaving safepoint region
[2022-06-13T01:51:12.887+0000][1][safepoint    ] Total time for which application threads were stopped: 0.0009284 seconds, Stopping threads took: 0.0004248 seconds
[2022-06-13T01:51:12.891+0000][1][safepoint    ] Application time: 0.0038103 seconds
[2022-06-13T01:51:12.891+0000][1][safepoint    ] Entering safepoint region: RevokeBias
[2022-06-13T01:51:12.892+0000][1][safepoint    ] Leaving safepoint region
[2022-06-13T01:51:12.892+0000][1][safepoint    ] Total time for which application threads were stopped: 0.0006410 seconds, Stopping threads took: 0.0002863 seconds
[2022-06-13T01:51:12.930+0000][1][safepoint    ] Application time: 0.0377063 seconds
[2022-06-13T01:51:12.930+0000][1][safepoint    ] Entering safepoint region: GenCollectForAllocation
[2022-06-13T01:51:12.931+0000][1][gc,start     ] GC(1) Pause Young (Allocation Failure)
[2022-06-13T01:51:12.931+0000][1][gc,task      ] GC(1) Using 5 workers of 13 for evacuation
[2022-06-13T01:51:12.982+0000][1][gc,age       ] GC(1) Desired survivor size 4456448 bytes, new threshold 6 (max threshold 6)
[2022-06-13T01:51:12.982+0000][1][gc,age       ] GC(1) Age table with threshold 6 (max threshold 6)
[2022-06-13T01:51:12.983+0000][1][gc,age       ] GC(1) - age   1:    1921112 bytes,    1921112 total
[2022-06-13T01:51:12.983+0000][1][gc,heap      ] GC(1) ParNew: 77970K->5339K(78656K)
[2022-06-13T01:51:12.984+0000][1][gc,heap      ] GC(1) CMS: 0K->6657K(174784K)
[2022-06-13T01:51:12.984+0000][1][gc,metaspace ] GC(1) Metaspace: 14874K->14874K(1062912K)
[2022-06-13T01:51:12.984+0000][1][gc           ] GC(1) Pause Young (Allocation Failure) 76M->11M(247M) 53.676ms
[2022-06-13T01:51:12.985+0000][1][gc,cpu       ] GC(1) User=0.19s Sys=0.00s Real=0.05s
[2022-06-13T01:51:12.985+0000][1][safepoint    ] Leaving safepoint region
[2022-06-13T01:51:12.985+0000][1][safepoint    ] Total time for which application threads were stopped: 0.0550630 seconds, Stopping threads took: 0.0003587 seconds
[2022-06-13T01:51:12.989+0000][1][safepoint    ] Application time: 0.0031589 seconds
[2022-06-13T01:51:12.989+0000][1][safepoint    ] Entering safepoint region: RevokeBias
[2022-06-13T01:51:12.989+0000][1][safepoint    ] Leaving safepoint region
[2022-06-13T01:51:12.991+0000][1][safepoint    ] Total time for which application threads were stopped: 0.0018333 seconds, Stopping threads took: 0.0003845 seconds
[2022-06-13T01:51:12.991+0000][1][safepoint    ] Application time: 0.0001880 seconds
[2022-06-13T01:51:12.992+0000][1][safepoint    ] Entering safepoint region: RevokeBias
[2022-06-13T01:51:12.995+0000][1][safepoint    ] Leaving safepoint region
[2022-06-13T01:51:12.995+0000][1][safepoint    ] Total time for which application threads were stopped: 0.0031205 seconds, Stopping threads took: 0.0023974 seconds
[2022-06-13T01:51:12.996+0000][1][safepoint    ] Application time: 0.0001906 seconds
[2022-06-13T01:51:12.996+0000][1][safepoint    ] Entering safepoint region: RevokeBias
[2022-06-13T01:51:12.997+0000][1][safepoint    ] Leaving safepoint region
[2022-06-13T01:51:12.997+0000][1][safepoint    ] Total time for which application threads were stopped: 0.0008493 seconds, Stopping threads took: 0.0003925 seconds
[2022-06-13T01:51:12.998+0000][1][safepoint    ] Application time: 0.0000761 seconds
[2022-06-13T01:51:12.999+0000][1][safepoint    ] Entering safepoint region: RevokeBias
[2022-06-13T01:51:12.999+0000][1][safepoint    ] Leaving safepoint region
[2022-06-13T01:51:12.999+0000][1][safepoint    ] Total time for which application threads were stopped: 0.0006116 seconds, Stopping threads took: 0.0002624 seconds
[2022-06-13T01:51:13.000+0000][1][safepoint    ] Application time: 0.0001034 seconds
[2022-06-13T01:51:13.000+0000][1][safepoint    ] Entering safepoint region: RevokeBias
[2022-06-13T01:51:13.001+0000][1][safepoint    ] Leaving safepoint region
[2022-06-13T01:51:13.001+0000][1][safepoint    ] Total time for which application threads were stopped: 0.0014710 seconds, Stopping threads took: 0.0008390 seconds
[2022-06-13T01:51:13.019+0000][1][safepoint    ] Application time: 0.0119127 seconds
[2022-06-13T01:51:13.020+0000][1][safepoint    ] Entering safepoint region: RevokeBias
[2022-06-13T01:51:13.020+0000][1][safepoint    ] Leaving safepoint region
[2022-06-13T01:51:13.021+0000][1][safepoint    ] Total time for which application threads were stopped: 0.0017703 seconds, Stopping threads took: 0.0007450 seconds
[2022-06-13T01:51:13.023+0000][1][safepoint    ] Application time: 0.0001948 seconds
[2022-06-13T01:51:13.023+0000][1][safepoint    ] Entering safepoint region: RevokeBias
[2022-06-13T01:51:13.024+0000][1][safepoint    ] Leaving safepoint region
[2022-06-13T01:51:13.024+0000][1][safepoint    ] Total time for which application threads were stopped: 0.0007627 seconds, Stopping threads took: 0.0003703 seconds
[2022-06-13T01:51:13.025+0000][1][safepoint    ] Application time: 0.0001902 seconds
[2022-06-13T01:51:13.027+0000][1][safepoint    ] Entering safepoint region: RevokeBias
[2022-06-13T01:51:13.028+0000][1][safepoint    ] Leaving safepoint region
[2022-06-13T01:51:13.028+0000][1][safepoint    ] Total time for which application threads were stopped: 0.0016595 seconds, Stopping threads took: 0.0007792 seconds
[2022-06-13T01:51:13.029+0000][1][safepoint    ] Application time: 0.0001578 seconds
[2022-06-13T01:51:13.030+0000][1][safepoint    ] Entering safepoint region: RevokeBias
[2022-06-13T01:51:13.030+0000][1][safepoint    ] Leaving safepoint region
[2022-06-13T01:51:13.032+0000][1][safepoint    ] Total time for which application threads were stopped: 0.0015920 seconds, Stopping threads took: 0.0004235 seconds
[2022-06-13T01:51:13.042+0000][1][safepoint    ] Application time: 0.0103675 seconds
[2022-06-13T01:51:13.046+0000][1][safepoint    ] Entering safepoint region: RevokeBias
[2022-06-13T01:51:13.049+0000][1][safepoint    ] Leaving safepoint region
[2022-06-13T01:51:13.049+0000][1][safepoint    ] Total time for which application threads were stopped: 0.0030931 seconds, Stopping threads took: 0.0026001 seconds
[2022-06-13T01:51:13.050+0000][1][safepoint    ] Application time: 0.0001406 seconds
[2022-06-13T01:51:13.050+0000][1][safepoint    ] Entering safepoint region: BulkRevokeBias
[2022-06-13T01:51:13.051+0000][1][safepoint    ] Leaving safepoint region
[2022-06-13T01:51:13.051+0000][1][safepoint    ] Total time for which application threads were stopped: 0.0008488 seconds, Stopping threads took: 0.0003385 seconds
[2022-06-13T01:51:13.051+0000][1][safepoint    ] Application time: 0.0000459 seconds
[2022-06-13T01:51:13.052+0000][1][safepoint    ] Entering safepoint region: RevokeBias
[2022-06-13T01:51:13.052+0000][1][safepoint    ] Leaving safepoint region
[2022-06-13T01:51:13.053+0000][1][safepoint    ] Total time for which application threads were stopped: 0.0010837 seconds, Stopping threads took: 0.0006928 seconds
[2022-06-13T01:51:13.057+0000][1][safepoint    ] Application time: 0.0038364 seconds
[2022-06-13T01:51:13.057+0000][1][safepoint    ] Entering safepoint region: BulkRevokeBias
[2022-06-13T01:51:13.058+0000][1][safepoint    ] Leaving safepoint region
[2022-06-13T01:51:13.058+0000][1][safepoint    ] Total time for which application threads were stopped: 0.0011070 seconds, Stopping threads took: 0.0004786 seconds
[2022-06-13T01:51:13.285+0000][1][safepoint    ] Application time: 0.2261499 seconds
[2022-06-13T01:51:13.285+0000][1][safepoint    ] Entering safepoint region: GenCollectForAllocation
[2022-06-13T01:51:13.286+0000][1][gc,start     ] GC(2) Pause Young (Allocation Failure)
[2022-06-13T01:51:13.286+0000][1][gc,task      ] GC(2) Using 5 workers of 13 for evacuation
[2022-06-13T01:51:13.297+0000][1][gc,age       ] GC(2) Desired survivor size 4456448 bytes, new threshold 6 (max threshold 6)
[2022-06-13T01:51:13.297+0000][1][gc,age       ] GC(2) Age table with threshold 6 (max threshold 6)
[2022-06-13T01:51:13.298+0000][1][gc,age       ] GC(2) - age   1:    2510216 bytes,    2510216 total
[2022-06-13T01:51:13.298+0000][1][gc,age       ] GC(2) - age   2:    1181080 bytes,    3691296 total
[2022-06-13T01:51:13.298+0000][1][gc,heap      ] GC(2) ParNew: 75291K->4690K(78656K)
[2022-06-13T01:51:13.298+0000][1][gc,heap      ] GC(2) CMS: 6657K->6657K(174784K)
[2022-06-13T01:51:13.299+0000][1][gc,metaspace ] GC(2) Metaspace: 15010K->15010K(1062912K)
[2022-06-13T01:51:13.299+0000][1][gc           ] GC(2) Pause Young (Allocation Failure) 80M->11M(247M) 13.052ms
[2022-06-13T01:51:13.299+0000][1][gc,cpu       ] GC(2) User=0.05s Sys=0.00s Real=0.02s
[2022-06-13T01:51:13.300+0000][1][safepoint    ] Leaving safepoint region
[2022-06-13T01:51:13.301+0000][1][safepoint    ] Total time for which application threads were stopped: 0.0154710 seconds, Stopping threads took: 0.0003342 seconds
[2022-06-13T01:51:13.309+0000][1][safepoint    ] Application time: 0.0080952 seconds
[2022-06-13T01:51:13.314+0000][1][safepoint    ] Entering safepoint region: RevokeBias
[2022-06-13T01:51:13.315+0000][1][safepoint    ] Leaving safepoint region
[2022-06-13T01:51:13.316+0000][1][safepoint    ] Total time for which application threads were stopped: 0.0055522 seconds, Stopping threads took: 0.0046649 seconds
[2022-06-13T01:51:13.316+0000][1][safepoint    ] Application time: 0.0002315 seconds
[2022-06-13T01:51:13.317+0000][1][safepoint    ] Entering safepoint region: RevokeBias
[2022-06-13T01:51:13.318+0000][1][safepoint    ] Leaving safepoint region
[2022-06-13T01:51:13.318+0000][1][safepoint    ] Total time for which application threads were stopped: 0.0012588 seconds, Stopping threads took: 0.0008618 seconds
[2022-06-13T01:51:13.320+0000][1][safepoint    ] Application time: 0.0015567 seconds
[2022-06-13T01:51:13.321+0000][1][safepoint    ] Entering safepoint region: RevokeBias
[2022-06-13T01:51:13.322+0000][1][safepoint    ] Leaving safepoint region
[2022-06-13T01:51:13.322+0000][1][safepoint    ] Total time for which application threads were stopped: 0.0011883 seconds, Stopping threads took: 0.0007309 seconds
[2022-06-13T01:51:13.322+0000][1][safepoint    ] Application time: 0.0000526 seconds
[2022-06-13T01:51:13.323+0000][1][safepoint    ] Entering safepoint region: RevokeBias
[2022-06-13T01:51:13.323+0000][1][safepoint    ] Leaving safepoint region
[2022-06-13T01:51:13.323+0000][1][safepoint    ] Total time for which application threads were stopped: 0.0004400 seconds, Stopping threads took: 0.0001850 seconds
[2022-06-13T01:51:13.323+0000][1][safepoint    ] Application time: 0.0000538 seconds
[2022-06-13T01:51:13.323+0000][1][safepoint    ] Entering safepoint region: RevokeBias
[2022-06-13T01:51:13.324+0000][1][safepoint    ] Leaving safepoint region
[2022-06-13T01:51:13.324+0000][1][safepoint    ] Total time for which application threads were stopped: 0.0004249 seconds, Stopping threads took: 0.0001856 seconds
[2022-06-13T01:51:13.324+0000][1][safepoint    ] Application time: 0.0000372 seconds
[2022-06-13T01:51:13.324+0000][1][safepoint    ] Entering safepoint region: RevokeBias
[2022-06-13T01:51:13.325+0000][1][safepoint    ] Leaving safepoint region
[2022-06-13T01:51:13.326+0000][1][safepoint    ] Total time for which application threads were stopped: 0.0015947 seconds, Stopping threads took: 0.0003440 seconds
[2022-06-13T01:51:13.583+0000][1][safepoint    ] Application time: 0.2567006 seconds
[2022-06-13T01:51:13.584+0000][1][safepoint    ] Entering safepoint region: Deoptimize
[2022-06-13T01:51:13.585+0000][1][safepoint    ] Leaving safepoint region
[2022-06-13T01:51:13.591+0000][1][safepoint    ] Total time for which application threads were stopped: 0.0070808 seconds, Stopping threads took: 0.0003519 seconds
[2022-06-13T01:51:13.600+0000][1][safepoint    ] Application time: 0.0065337 seconds
[2022-06-13T01:51:13.601+0000][1][safepoint    ] Entering safepoint region: Deoptimize
[2022-06-13T01:51:13.602+0000][1][safepoint    ] Leaving safepoint region
[2022-06-13T01:51:13.603+0000][1][safepoint    ] Total time for which application threads were stopped: 0.0016234 seconds, Stopping threads took: 0.0003457 seconds
[2022-06-13T01:51:13.961+0000][1][safepoint    ] Application time: 0.3578443 seconds
[2022-06-13T01:51:13.961+0000][1][safepoint    ] Entering safepoint region: GenCollectForAllocation
[2022-06-13T01:51:13.962+0000][1][gc,start     ] GC(3) Pause Young (Allocation Failure)
[2022-06-13T01:51:13.962+0000][1][gc,task      ] GC(3) Using 5 workers of 13 for evacuation
[2022-06-13T01:51:13.968+0000][1][gc,age       ] GC(3) Desired survivor size 4456448 bytes, new threshold 3 (max threshold 6)
[2022-06-13T01:51:13.968+0000][1][gc,age       ] GC(3) Age table with threshold 3 (max threshold 6)
[2022-06-13T01:51:13.968+0000][1][gc,age       ] GC(3) - age   1:    3228792 bytes,    3228792 total
[2022-06-13T01:51:13.969+0000][1][gc,age       ] GC(3) - age   2:     294264 bytes,    3523056 total
[2022-06-13T01:51:13.969+0000][1][gc,age       ] GC(3) - age   3:    1177776 bytes,    4700832 total
[2022-06-13T01:51:13.970+0000][1][gc,heap      ] GC(3) ParNew: 74642K->6315K(78656K)
[2022-06-13T01:51:13.970+0000][1][gc,heap      ] GC(3) CMS: 6657K->6657K(174784K)
[2022-06-13T01:51:13.970+0000][1][gc,metaspace ] GC(3) Metaspace: 18194K->18194K(1067008K)
[2022-06-13T01:51:13.971+0000][1][gc           ] GC(3) Pause Young (Allocation Failure) 79M->12M(247M) 9.061ms
[2022-06-13T01:51:13.971+0000][1][gc,cpu       ] GC(3) User=0.03s Sys=0.01s Real=0.01s
[2022-06-13T01:51:13.972+0000][1][safepoint    ] Leaving safepoint region
[2022-06-13T01:51:13.972+0000][1][safepoint    ] Total time for which application threads were stopped: 0.0105785 seconds, Stopping threads took: 0.0003429 seconds
[2022-06-13T01:51:13.978+0000][1][safepoint    ] Application time: 0.0061205 seconds
[2022-06-13T01:51:13.983+0000][1][safepoint    ] Entering safepoint region: RevokeBias
[2022-06-13T01:51:13.984+0000][1][safepoint    ] Leaving safepoint region
[2022-06-13T01:51:13.984+0000][1][safepoint    ] Total time for which application threads were stopped: 0.0038438 seconds, Stopping threads took: 0.0030242 seconds
[2022-06-13T01:51:13.986+0000][1][safepoint    ] Application time: 0.0016256 seconds
[2022-06-13T01:51:13.987+0000][1][safepoint    ] Entering safepoint region: RevokeBias
[2022-06-13T01:51:13.987+0000][1][safepoint    ] Leaving safepoint region
[2022-06-13T01:51:13.987+0000][1][safepoint    ] Total time for which application threads were stopped: 0.0008403 seconds, Stopping threads took: 0.0002712 seconds
[2022-06-13T01:51:13.988+0000][1][safepoint    ] Application time: 0.0001082 seconds
[2022-06-13T01:51:13.991+0000][1][safepoint    ] Entering safepoint region: RevokeBias
[2022-06-13T01:51:13.992+0000][1][safepoint    ] Leaving safepoint region
[2022-06-13T01:51:13.993+0000][1][safepoint    ] Total time for which application threads were stopped: 0.0017447 seconds, Stopping threads took: 0.0003236 seconds
[2022-06-13T01:51:13.995+0000][1][safepoint    ] Application time: 0.0002644 seconds
[2022-06-13T01:51:13.995+0000][1][safepoint    ] Entering safepoint region: RevokeBias
[2022-06-13T01:51:13.998+0000][1][safepoint    ] Leaving safepoint region
[2022-06-13T01:51:14.001+0000][1][safepoint    ] Total time for which application threads were stopped: 0.0058242 seconds, Stopping threads took: 0.0007331 seconds
[2022-06-13T01:51:14.003+0000][1][safepoint    ] Application time: 0.0003715 seconds
[2022-06-13T01:51:14.004+0000][1][safepoint    ] Entering safepoint region: RevokeBias
[2022-06-13T01:51:14.005+0000][1][safepoint    ] Leaving safepoint region
[2022-06-13T01:51:14.005+0000][1][safepoint    ] Total time for which application threads were stopped: 0.0012481 seconds, Stopping threads took: 0.0005674 seconds
[2022-06-13T01:51:14.006+0000][1][safepoint    ] Application time: 0.0003678 seconds
[2022-06-13T01:51:14.007+0000][1][safepoint    ] Entering safepoint region: RevokeBias
[2022-06-13T01:51:14.008+0000][1][safepoint    ] Leaving safepoint region
[2022-06-13T01:51:14.008+0000][1][safepoint    ] Total time for which application threads were stopped: 0.0018763 seconds, Stopping threads took: 0.0010568 seconds
[2022-06-13T01:51:14.009+0000][1][safepoint    ] Application time: 0.0001720 seconds
[2022-06-13T01:51:14.009+0000][1][safepoint    ] Entering safepoint region: RevokeBias
[2022-06-13T01:51:14.010+0000][1][safepoint    ] Leaving safepoint region
[2022-06-13T01:51:14.011+0000][1][safepoint    ] Total time for which application threads were stopped: 0.0013926 seconds, Stopping threads took: 0.0003982 seconds
[2022-06-13T01:51:14.011+0000][1][safepoint    ] Application time: 0.0000761 seconds
[2022-06-13T01:51:14.011+0000][1][safepoint    ] Entering safepoint region: RevokeBias
[2022-06-13T01:51:14.012+0000][1][safepoint    ] Leaving safepoint region
[2022-06-13T01:51:14.012+0000][1][safepoint    ] Total time for which application threads were stopped: 0.0008396 seconds, Stopping threads took: 0.0002740 seconds
[2022-06-13T01:51:14.012+0000][1][safepoint    ] Application time: 0.0000483 seconds
[2022-06-13T01:51:14.013+0000][1][safepoint    ] Entering safepoint region: RevokeBias
[2022-06-13T01:51:14.013+0000][1][safepoint    ] Leaving safepoint region
[2022-06-13T01:51:14.013+0000][1][safepoint    ] Total time for which application threads were stopped: 0.0007443 seconds, Stopping threads took: 0.0002312 seconds
[2022-06-13T01:51:14.017+0000][1][safepoint    ] Application time: 0.0001565 seconds
[2022-06-13T01:51:14.019+0000][1][safepoint    ] Entering safepoint region: RevokeBias
[2022-06-13T01:51:14.020+0000][1][safepoint    ] Leaving safepoint region
[2022-06-13T01:51:14.020+0000][1][safepoint    ] Total time for which application threads were stopped: 0.0019281 seconds, Stopping threads took: 0.0012543 seconds
[2022-06-13T01:51:14.022+0000][1][safepoint    ] Application time: 0.0013164 seconds
[2022-06-13T01:51:14.022+0000][1][safepoint    ] Entering safepoint region: RevokeBias
[2022-06-13T01:51:14.023+0000][1][safepoint    ] Leaving safepoint region
[2022-06-13T01:51:14.023+0000][1][safepoint    ] Total time for which application threads were stopped: 0.0009036 seconds, Stopping threads took: 0.0003448 seconds
[2022-06-13T01:51:14.023+0000][1][safepoint    ] Application time: 0.0000997 seconds
[2022-06-13T01:51:14.024+0000][1][safepoint    ] Entering safepoint region: RevokeBias
[2022-06-13T01:51:14.024+0000][1][safepoint    ] Leaving safepoint region
[2022-06-13T01:51:14.025+0000][1][safepoint    ] Total time for which application threads were stopped: 0.0007894 seconds, Stopping threads took: 0.0003549 seconds
[2022-06-13T01:51:14.025+0000][1][safepoint    ] Application time: 0.0001001 seconds
[2022-06-13T01:51:14.026+0000][1][safepoint    ] Entering safepoint region: RevokeBias
[2022-06-13T01:51:14.026+0000][1][safepoint    ] Leaving safepoint region
[2022-06-13T01:51:14.027+0000][1][safepoint    ] Total time for which application threads were stopped: 0.0011213 seconds, Stopping threads took: 0.0006732 seconds
[2022-06-13T01:51:14.027+0000][1][safepoint    ] Application time: 0.0000847 seconds
[2022-06-13T01:51:14.028+0000][1][safepoint    ] Entering safepoint region: RevokeBias
[2022-06-13T01:51:14.028+0000][1][safepoint    ] Leaving safepoint region
[2022-06-13T01:51:14.029+0000][1][safepoint    ] Total time for which application threads were stopped: 0.0016727 seconds, Stopping threads took: 0.0005628 seconds
[2022-06-13T01:51:14.031+0000][1][safepoint    ] Application time: 0.0011748 seconds
[2022-06-13T01:51:14.031+0000][1][safepoint    ] Entering safepoint region: RevokeBias
[2022-06-13T01:51:14.032+0000][1][safepoint    ] Leaving safepoint region
[2022-06-13T01:51:14.033+0000][1][safepoint    ] Total time for which application threads were stopped: 0.0018524 seconds, Stopping threads took: 0.0007431 seconds
[2022-06-13T01:51:14.036+0000][1][safepoint    ] Application time: 0.0003428 seconds
[2022-06-13T01:51:14.036+0000][1][safepoint    ] Entering safepoint region: RevokeBias
[2022-06-13T01:51:14.037+0000][1][safepoint    ] Leaving safepoint region
[2022-06-13T01:51:14.038+0000][1][safepoint    ] Total time for which application threads were stopped: 0.0010820 seconds, Stopping threads took: 0.0004136 seconds
[2022-06-13T01:51:14.038+0000][1][safepoint    ] Application time: 0.0001068 seconds
[2022-06-13T01:51:14.039+0000][1][safepoint    ] Entering safepoint region: RevokeBias
[2022-06-13T01:51:14.040+0000][1][safepoint    ] Leaving safepoint region
[2022-06-13T01:51:14.041+0000][1][safepoint    ] Total time for which application threads were stopped: 0.0024796 seconds, Stopping threads took: 0.0014385 seconds
[2022-06-13T01:51:14.043+0000][1][safepoint    ] Application time: 0.0011151 seconds
[2022-06-13T01:51:14.044+0000][1][safepoint    ] Entering safepoint region: RevokeBias
[2022-06-13T01:51:14.044+0000][1][safepoint    ] Leaving safepoint region
[2022-06-13T01:51:14.045+0000][1][safepoint    ] Total time for which application threads were stopped: 0.0014114 seconds, Stopping threads took: 0.0009672 seconds
[2022-06-13T01:51:14.045+0000][1][safepoint    ] Application time: 0.0001654 seconds
[2022-06-13T01:51:14.046+0000][1][safepoint    ] Entering safepoint region: RevokeBias
[2022-06-13T01:51:14.046+0000][1][safepoint    ] Leaving safepoint region
[2022-06-13T01:51:14.046+0000][1][safepoint    ] Total time for which application threads were stopped: 0.0007021 seconds, Stopping threads took: 0.0003466 seconds
[2022-06-13T01:51:14.047+0000][1][safepoint    ] Application time: 0.0000629 seconds
[2022-06-13T01:51:14.047+0000][1][safepoint    ] Entering safepoint region: RevokeBias
[2022-06-13T01:51:14.047+0000][1][safepoint    ] Leaving safepoint region
[2022-06-13T01:51:14.048+0000][1][safepoint    ] Total time for which application threads were stopped: 0.0006392 seconds, Stopping threads took: 0.0002806 seconds
[2022-06-13T01:51:14.048+0000][1][safepoint    ] Application time: 0.0000929 seconds
[2022-06-13T01:51:14.049+0000][1][safepoint    ] Entering safepoint region: RevokeBias
[2022-06-13T01:51:14.049+0000][1][safepoint    ] Leaving safepoint region
[2022-06-13T01:51:14.049+0000][1][safepoint    ] Total time for which application threads were stopped: 0.0009263 seconds, Stopping threads took: 0.0005502 seconds
[2022-06-13T01:51:14.332+0000][1][safepoint    ] Application time: 0.2822718 seconds
[2022-06-13T01:51:14.333+0000][1][safepoint    ] Entering safepoint region: GenCollectForAllocation
[2022-06-13T01:51:14.333+0000][1][gc,start     ] GC(4) Pause Young (Allocation Failure)
[2022-06-13T01:51:14.334+0000][1][gc,task      ] GC(4) Using 5 workers of 13 for evacuation
[2022-06-13T01:51:14.345+0000][1][gc,age       ] GC(4) Desired survivor size 4456448 bytes, new threshold 6 (max threshold 6)
[2022-06-13T01:51:14.346+0000][1][gc,age       ] GC(4) Age table with threshold 6 (max threshold 6)
[2022-06-13T01:51:14.346+0000][1][gc,age       ] GC(4) - age   1:     896368 bytes,     896368 total
[2022-06-13T01:51:14.346+0000][1][gc,age       ] GC(4) - age   2:    3193984 bytes,    4090352 total
[2022-06-13T01:51:14.346+0000][1][gc,age       ] GC(4) - age   3:     293736 bytes,    4384088 total
[2022-06-13T01:51:14.347+0000][1][gc,heap      ] GC(4) ParNew: 76267K->6923K(78656K)
[2022-06-13T01:51:14.347+0000][1][gc,heap      ] GC(4) CMS: 6657K->7824K(174784K)
[2022-06-13T01:51:14.347+0000][1][gc,metaspace ] GC(4) Metaspace: 18687K->18687K(1067008K)
[2022-06-13T01:51:14.347+0000][1][gc           ] GC(4) Pause Young (Allocation Failure) 80M->14M(247M) 14.028ms
[2022-06-13T01:51:14.348+0000][1][gc,cpu       ] GC(4) User=0.03s Sys=0.01s Real=0.01s
[2022-06-13T01:51:14.348+0000][1][safepoint    ] Leaving safepoint region
[2022-06-13T01:51:14.348+0000][1][safepoint    ] Total time for which application threads were stopped: 0.0154728 seconds, Stopping threads took: 0.0004910 seconds
[2022-06-13T01:51:14.349+0000][1][safepoint    ] Application time: 0.0010744 seconds
[2022-06-13T01:51:14.353+0000][1][safepoint    ] Entering safepoint region: RevokeBias
[2022-06-13T01:51:14.354+0000][1][safepoint    ] Leaving safepoint region
[2022-06-13T01:51:14.355+0000][1][safepoint    ] Total time for which application threads were stopped: 0.0013713 seconds, Stopping threads took: 0.0005923 seconds
[2022-06-13T01:51:14.356+0000][1][safepoint    ] Application time: 0.0004608 seconds
[2022-06-13T01:51:14.361+0000][1][safepoint    ] Entering safepoint region: RevokeBias
[2022-06-13T01:51:14.361+0000][1][safepoint    ] Leaving safepoint region
[2022-06-13T01:51:14.361+0000][1][safepoint    ] Total time for which application threads were stopped: 0.0023383 seconds, Stopping threads took: 0.0018314 seconds
[2022-06-13T01:51:14.365+0000][1][safepoint    ] Application time: 0.0033276 seconds
[2022-06-13T01:51:14.366+0000][1][safepoint    ] Entering safepoint region: RevokeBias
[2022-06-13T01:51:14.368+0000][1][safepoint    ] Leaving safepoint region
[2022-06-13T01:51:14.369+0000][1][safepoint    ] Total time for which application threads were stopped: 0.0026501 seconds, Stopping threads took: 0.0022495 seconds
[2022-06-13T01:51:14.370+0000][1][safepoint    ] Application time: 0.0015156 seconds
[2022-06-13T01:51:14.372+0000][1][safepoint    ] Entering safepoint region: RevokeBias
[2022-06-13T01:51:14.373+0000][1][safepoint    ] Leaving safepoint region
[2022-06-13T01:51:14.373+0000][1][safepoint    ] Total time for which application threads were stopped: 0.0009523 seconds, Stopping threads took: 0.0005374 seconds
[2022-06-13T01:51:14.449+0000][1][safepoint    ] Application time: 0.0703870 seconds
[2022-06-13T01:51:14.459+0000][1][safepoint    ] Entering safepoint region: Deoptimize
[2022-06-13T01:51:14.468+0000][1][safepoint    ] Leaving safepoint region
[2022-06-13T01:51:14.469+0000][1][safepoint    ] Total time for which application threads were stopped: 0.0096827 seconds, Stopping threads took: 0.0080518 seconds
[2022-06-13T01:51:14.530+0000][1][safepoint    ] Application time: 0.0605021 seconds
[2022-06-13T01:51:14.530+0000][1][safepoint    ] Entering safepoint region: Deoptimize
[2022-06-13T01:51:14.532+0000][1][safepoint    ] Leaving safepoint region
[2022-06-13T01:51:14.532+0000][1][safepoint    ] Total time for which application threads were stopped: 0.0018593 seconds, Stopping threads took: 0.0006534 seconds
[2022-06-13T01:51:14.662+0000][1][safepoint    ] Application time: 0.1295469 seconds
[2022-06-13T01:51:14.663+0000][1][safepoint    ] Entering safepoint region: GenCollectForAllocation
[2022-06-13T01:51:14.663+0000][1][gc,start     ] GC(5) Pause Young (Allocation Failure)
[2022-06-13T01:51:14.663+0000][1][gc,task      ] GC(5) Using 5 workers of 13 for evacuation
[2022-06-13T01:51:14.678+0000][1][gc,age       ] GC(5) Desired survivor size 4456448 bytes, new threshold 3 (max threshold 6)
[2022-06-13T01:51:14.679+0000][1][gc,age       ] GC(5) Age table with threshold 3 (max threshold 6)
[2022-06-13T01:51:14.679+0000][1][gc,age       ] GC(5) - age   1:    2167240 bytes,    2167240 total
[2022-06-13T01:51:14.679+0000][1][gc,age       ] GC(5) - age   2:     579360 bytes,    2746600 total
[2022-06-13T01:51:14.679+0000][1][gc,age       ] GC(5) - age   3:    3189784 bytes,    5936384 total
[2022-06-13T01:51:14.680+0000][1][gc,age       ] GC(5) - age   4:     293736 bytes,    6230120 total
[2022-06-13T01:51:14.680+0000][1][gc,heap      ] GC(5) ParNew: 76875K->7751K(78656K)
[2022-06-13T01:51:14.680+0000][1][gc,heap      ] GC(5) CMS: 7824K->7824K(174784K)
[2022-06-13T01:51:14.681+0000][1][gc,metaspace ] GC(5) Metaspace: 18949K->18949K(1067008K)
[2022-06-13T01:51:14.681+0000][1][gc           ] GC(5) Pause Young (Allocation Failure) 82M->15M(247M) 17.685ms
[2022-06-13T01:51:14.681+0000][1][gc,cpu       ] GC(5) User=0.04s Sys=0.00s Real=0.02s
[2022-06-13T01:51:14.681+0000][1][safepoint    ] Leaving safepoint region
[2022-06-13T01:51:14.682+0000][1][safepoint    ] Total time for which application threads were stopped: 0.0189853 seconds, Stopping threads took: 0.0002936 seconds
[2022-06-13T01:51:14.682+0000][1][safepoint    ] Application time: 0.0001646 seconds
[2022-06-13T01:51:14.682+0000][1][safepoint    ] Entering safepoint region: RevokeBias
[2022-06-13T01:51:14.683+0000][1][safepoint    ] Leaving safepoint region
[2022-06-13T01:51:14.683+0000][1][safepoint    ] Total time for which application threads were stopped: 0.0009970 seconds, Stopping threads took: 0.0006407 seconds
[2022-06-13T01:51:14.685+0000][1][safepoint    ] Application time: 0.0010005 seconds
[2022-06-13T01:51:14.685+0000][1][safepoint    ] Entering safepoint region: RevokeBias
[2022-06-13T01:51:14.685+0000][1][safepoint    ] Leaving safepoint region
[2022-06-13T01:51:14.686+0000][1][safepoint    ] Total time for which application threads were stopped: 0.0006093 seconds, Stopping threads took: 0.0002464 seconds
[2022-06-13T01:51:14.689+0000][1][safepoint    ] Application time: 0.0034109 seconds
[2022-06-13T01:51:14.690+0000][1][safepoint    ] Entering safepoint region: RevokeBias
[2022-06-13T01:51:14.691+0000][1][safepoint    ] Leaving safepoint region
[2022-06-13T01:51:14.691+0000][1][safepoint    ] Total time for which application threads were stopped: 0.0007388 seconds, Stopping threads took: 0.0003453 seconds
[2022-06-13T01:51:14.699+0000][1][safepoint    ] Application time: 0.0077353 seconds
[2022-06-13T01:51:14.700+0000][1][safepoint    ] Entering safepoint region: RevokeBias
[2022-06-13T01:51:14.700+0000][1][safepoint    ] Leaving safepoint region
[2022-06-13T01:51:14.700+0000][1][safepoint    ] Total time for which application threads were stopped: 0.0011640 seconds, Stopping threads took: 0.0006676 seconds
[2022-06-13T01:51:14.701+0000][1][safepoint    ] Application time: 0.0001180 seconds
[2022-06-13T01:51:14.701+0000][1][safepoint    ] Entering safepoint region: RevokeBias
[2022-06-13T01:51:14.702+0000][1][safepoint    ] Leaving safepoint region
[2022-06-13T01:51:14.702+0000][1][safepoint    ] Total time for which application threads were stopped: 0.0008179 seconds, Stopping threads took: 0.0003705 seconds
[2022-06-13T01:51:14.705+0000][1][safepoint    ] Application time: 0.0026690 seconds
[2022-06-13T01:51:14.705+0000][1][safepoint    ] Entering safepoint region: RevokeBias
[2022-06-13T01:51:14.706+0000][1][safepoint    ] Leaving safepoint region
[2022-06-13T01:51:14.706+0000][1][safepoint    ] Total time for which application threads were stopped: 0.0007141 seconds, Stopping threads took: 0.0002722 seconds
[2022-06-13T01:51:14.916+0000][1][safepoint    ] Application time: 0.2099590 seconds
[2022-06-13T01:51:14.917+0000][1][safepoint    ] Entering safepoint region: GenCollectForAllocation
[2022-06-13T01:51:14.917+0000][1][gc,start     ] GC(6) Pause Young (Allocation Failure)
[2022-06-13T01:51:14.918+0000][1][gc,task      ] GC(6) Using 5 workers of 13 for evacuation
[2022-06-13T01:51:14.926+0000][1][gc,age       ] GC(6) Desired survivor size 4456448 bytes, new threshold 6 (max threshold 6)
[2022-06-13T01:51:14.927+0000][1][gc,age       ] GC(6) Age table with threshold 6 (max threshold 6)
[2022-06-13T01:51:14.927+0000][1][gc,age       ] GC(6) - age   1:    1634544 bytes,    1634544 total
[2022-06-13T01:51:14.928+0000][1][gc,age       ] GC(6) - age   2:    2154008 bytes,    3788552 total
[2022-06-13T01:51:14.928+0000][1][gc,age       ] GC(6) - age   3:     579360 bytes,    4367912 total
[2022-06-13T01:51:14.928+0000][1][gc,heap      ] GC(6) ParNew: 77657K->5385K(78656K)
[2022-06-13T01:51:14.928+0000][1][gc,heap      ] GC(6) CMS: 7824K->11301K(174784K)
[2022-06-13T01:51:14.928+0000][1][gc,metaspace ] GC(6) Metaspace: 19303K->19303K(1067008K)
[2022-06-13T01:51:14.929+0000][1][gc           ] GC(6) Pause Young (Allocation Failure) 83M->16M(247M) 11.343ms
[2022-06-13T01:51:14.929+0000][1][gc,cpu       ] GC(6) User=0.04s Sys=0.00s Real=0.01s
[2022-06-13T01:51:14.929+0000][1][safepoint    ] Leaving safepoint region
[2022-06-13T01:51:14.929+0000][1][safepoint    ] Total time for which application threads were stopped: 0.0125466 seconds, Stopping threads took: 0.0003823 seconds
[2022-06-13T01:51:14.949+0000][1][safepoint    ] Application time: 0.0196156 seconds
[2022-06-13T01:51:14.959+0000][1][safepoint    ] Entering safepoint region: RevokeBias
[2022-06-13T01:51:14.969+0000][1][safepoint    ] Leaving safepoint region
[2022-06-13T01:51:14.979+0000][1][safepoint    ] Total time for which application threads were stopped: 0.0199916 seconds, Stopping threads took: 0.0100239 seconds
[2022-06-13T01:51:14.998+0000][1][safepoint    ] Application time: 0.0084014 seconds
[2022-06-13T01:51:15.000+0000][1][safepoint    ] Entering safepoint region: BulkRevokeBias
[2022-06-13T01:51:15.001+0000][1][safepoint    ] Leaving safepoint region
[2022-06-13T01:51:15.001+0000][1][safepoint    ] Total time for which application threads were stopped: 0.0028014 seconds, Stopping threads took: 0.0020816 seconds
[2022-06-13T01:51:15.002+0000][1][safepoint    ] Application time: 0.0003168 seconds
[2022-06-13T01:51:15.002+0000][1][safepoint    ] Entering safepoint region: BulkRevokeBias
[2022-06-13T01:51:15.003+0000][1][safepoint    ] Leaving safepoint region
[2022-06-13T01:51:15.003+0000][1][safepoint    ] Total time for which application threads were stopped: 0.0009649 seconds, Stopping threads took: 0.0003564 seconds
[2022-06-13T01:51:15.168+0000][1][safepoint    ] Application time: 0.1641760 seconds
[2022-06-13T01:51:15.170+0000][1][safepoint    ] Entering safepoint region: GenCollectForAllocation
[2022-06-13T01:51:15.171+0000][1][gc,start     ] GC(7) Pause Young (Allocation Failure)
[2022-06-13T01:51:15.171+0000][1][gc,task      ] GC(7) Using 5 workers of 13 for evacuation
[2022-06-13T01:51:15.177+0000][1][gc,age       ] GC(7) Desired survivor size 4456448 bytes, new threshold 6 (max threshold 6)
[2022-06-13T01:51:15.178+0000][1][gc,age       ] GC(7) Age table with threshold 6 (max threshold 6)
[2022-06-13T01:51:15.178+0000][1][gc,age       ] GC(7) - age   1:     925072 bytes,     925072 total
[2022-06-13T01:51:15.178+0000][1][gc,age       ] GC(7) - age   2:     704080 bytes,    1629152 total
[2022-06-13T01:51:15.178+0000][1][gc,age       ] GC(7) - age   3:    2154008 bytes,    3783160 total
[2022-06-13T01:51:15.179+0000][1][gc,age       ] GC(7) - age   4:     579360 bytes,    4362520 total
[2022-06-13T01:51:15.179+0000][1][gc,heap      ] GC(7) ParNew: 75337K->4713K(78656K)
[2022-06-13T01:51:15.179+0000][1][gc,heap      ] GC(7) CMS: 11301K->11301K(174784K)
[2022-06-13T01:51:15.179+0000][1][gc,metaspace ] GC(7) Metaspace: 19590K->19590K(1067008K)
[2022-06-13T01:51:15.180+0000][1][gc           ] GC(7) Pause Young (Allocation Failure) 84M->15M(247M) 9.044ms
[2022-06-13T01:51:15.180+0000][1][gc,cpu       ] GC(7) User=0.02s Sys=0.00s Real=0.01s
[2022-06-13T01:51:15.180+0000][1][safepoint    ] Leaving safepoint region
[2022-06-13T01:51:15.181+0000][1][safepoint    ] Total time for which application threads were stopped: 0.0111983 seconds, Stopping threads took: 0.0011070 seconds
[2022-06-13T01:51:15.261+0000][1][safepoint    ] Application time: 0.0805786 seconds
[2022-06-13T01:51:15.262+0000][1][safepoint    ] Entering safepoint region: CollectForMetadataAllocation
[2022-06-13T01:51:15.263+0000][1][safepoint    ] Leaving safepoint region
[2022-06-13T01:51:15.263+0000][1][safepoint    ] Total time for which application threads were stopped: 0.0013899 seconds, Stopping threads took: 0.0004151 seconds
[2022-06-13T01:51:15.313+0000][1][safepoint    ] Application time: 0.0499064 seconds
[2022-06-13T01:51:15.315+0000][1][safepoint    ] Entering safepoint region: CollectForMetadataAllocation
[2022-06-13T01:51:15.316+0000][1][safepoint    ] Leaving safepoint region
[2022-06-13T01:51:15.316+0000][1][safepoint    ] Total time for which application threads were stopped: 0.0009016 seconds, Stopping threads took: 0.0003837 seconds
[2022-06-13T01:51:15.494+0000][1][safepoint    ] Application time: 0.1771788 seconds
[2022-06-13T01:51:15.495+0000][1][safepoint    ] Entering safepoint region: GenCollectForAllocation
[2022-06-13T01:51:15.495+0000][1][gc,start     ] GC(8) Pause Young (Allocation Failure)
[2022-06-13T01:51:15.495+0000][1][gc,task      ] GC(8) Using 5 workers of 13 for evacuation
[2022-06-13T01:51:15.503+0000][1][gc,age       ] GC(8) Desired survivor size 4456448 bytes, new threshold 4 (max threshold 6)
[2022-06-13T01:51:15.504+0000][1][gc,age       ] GC(8) Age table with threshold 4 (max threshold 6)
[2022-06-13T01:51:15.504+0000][1][gc,age       ] GC(8) - age   1:    2407400 bytes,    2407400 total
[2022-06-13T01:51:15.505+0000][1][gc,age       ] GC(8) - age   2:     903368 bytes,    3310768 total
[2022-06-13T01:51:15.505+0000][1][gc,age       ] GC(8) - age   3:     703936 bytes,    4014704 total
[2022-06-13T01:51:15.505+0000][1][gc,age       ] GC(8) - age   4:    2151792 bytes,    6166496 total
[2022-06-13T01:51:15.506+0000][1][gc,age       ] GC(8) - age   5:     579360 bytes,    6745856 total
[2022-06-13T01:51:15.506+0000][1][gc,heap      ] GC(8) ParNew: 74665K->7155K(78656K)
[2022-06-13T01:51:15.506+0000][1][gc,heap      ] GC(8) CMS: 11301K->11301K(174784K)
[2022-06-13T01:51:15.506+0000][1][gc,metaspace ] GC(8) Metaspace: 20391K->20391K(1069056K)
[2022-06-13T01:51:15.506+0000][1][gc           ] GC(8) Pause Young (Allocation Failure) 83M->18M(247M) 11.317ms
[2022-06-13T01:51:15.507+0000][1][gc,cpu       ] GC(8) User=0.03s Sys=0.00s Real=0.01s
[2022-06-13T01:51:15.509+0000][1][safepoint    ] Leaving safepoint region
[2022-06-13T01:51:15.509+0000][1][safepoint    ] Total time for which application threads were stopped: 0.0147447 seconds, Stopping threads took: 0.0003789 seconds
[2022-06-13T01:51:15.511+0000][1][safepoint    ] Application time: 0.0009500 seconds
[2022-06-13T01:51:15.511+0000][1][safepoint    ] Entering safepoint region: CMS_Initial_Mark
[2022-06-13T01:51:15.512+0000][1][gc,start     ] GC(9) Pause Initial Mark
[2022-06-13T01:51:15.516+0000][1][gc           ] GC(9) Pause Initial Mark 19M->19M(247M) 4.843ms
[2022-06-13T01:51:15.517+0000][1][gc,cpu       ] GC(9) User=0.00s Sys=0.00s Real=0.00s
[2022-06-13T01:51:15.517+0000][1][safepoint    ] Leaving safepoint region
[2022-06-13T01:51:15.518+0000][1][safepoint    ] Total time for which application threads were stopped: 0.0065281 seconds, Stopping threads took: 0.0005584 seconds
[2022-06-13T01:51:15.519+0000][1][gc           ] GC(9) Concurrent Mark
[2022-06-13T01:51:15.547+0000][1][gc,task      ] GC(9) Using 4 workers of 4 for marking
[2022-06-13T01:51:15.599+0000][1][gc           ] GC(9) Concurrent Mark 80.027ms
[2022-06-13T01:51:15.600+0000][1][gc,cpu       ] GC(9) User=0.32s Sys=0.05s Real=0.08s
[2022-06-13T01:51:15.601+0000][1][gc           ] GC(9) Concurrent Preclean
[2022-06-13T01:51:15.602+0000][1][gc           ] GC(9) Concurrent Preclean 1.290ms
[2022-06-13T01:51:15.602+0000][1][gc,cpu       ] GC(9) User=0.00s Sys=0.00s Real=0.00s
[2022-06-13T01:51:15.603+0000][1][gc           ] GC(9) Concurrent Abortable Preclean
[2022-06-13T01:51:15.733+0000][1][safepoint    ] Application time: 0.2156510 seconds
[2022-06-13T01:51:15.734+0000][1][safepoint    ] Entering safepoint region: GenCollectForAllocation
[2022-06-13T01:51:15.734+0000][1][gc,start     ] GC(10) Pause Young (Allocation Failure)
[2022-06-13T01:51:15.735+0000][1][gc,task      ] GC(10) Using 5 workers of 13 for evacuation
[2022-06-13T01:51:15.745+0000][1][gc,age       ] GC(10) Desired survivor size 4456448 bytes, new threshold 6 (max threshold 6)
[2022-06-13T01:51:15.745+0000][1][gc,age       ] GC(10) Age table with threshold 6 (max threshold 6)
[2022-06-13T01:51:15.746+0000][1][gc,age       ] GC(10) - age   1:     508432 bytes,     508432 total
[2022-06-13T01:51:15.746+0000][1][gc,age       ] GC(10) - age   2:     525984 bytes,    1034416 total
[2022-06-13T01:51:15.746+0000][1][gc,age       ] GC(10) - age   3:     903248 bytes,    1937664 total
[2022-06-13T01:51:15.746+0000][1][gc,age       ] GC(10) - age   4:     703936 bytes,    2641600 total
[2022-06-13T01:51:15.747+0000][1][gc,heap      ] GC(10) ParNew: 77107K->4665K(78656K)
[2022-06-13T01:51:15.747+0000][1][gc,heap      ] GC(10) CMS: 11301K->13991K(174784K)
[2022-06-13T01:51:15.747+0000][1][gc,metaspace ] GC(10) Metaspace: 20507K->20507K(1069056K)
[2022-06-13T01:51:15.748+0000][1][gc           ] GC(10) Pause Young (Allocation Failure) 86M->18M(247M) 13.332ms
[2022-06-13T01:51:15.748+0000][1][gc,cpu       ] GC(10) User=0.06s Sys=0.00s Real=0.01s
[2022-06-13T01:51:15.749+0000][1][safepoint    ] Leaving safepoint region
[2022-06-13T01:51:15.752+0000][1][safepoint    ] Total time for which application threads were stopped: 0.0182142 seconds, Stopping threads took: 0.0004709 seconds
[2022-06-13T01:51:15.898+0000][1][gc           ] GC(9) Concurrent Abortable Preclean 295.665ms
[2022-06-13T01:51:15.901+0000][1][gc,cpu       ] GC(9) User=1.07s Sys=0.04s Real=0.30s
[2022-06-13T01:51:15.903+0000][1][safepoint    ] Application time: 0.1495644 seconds
[2022-06-13T01:51:15.903+0000][1][safepoint    ] Entering safepoint region: CMS_Final_Remark
[2022-06-13T01:51:15.903+0000][1][gc,start     ] GC(9) Pause Remark
[2022-06-13T01:51:15.923+0000][1][gc           ] GC(9) Pause Remark 56M->56M(247M) 19.302ms
[2022-06-13T01:51:15.923+0000][1][gc,cpu       ] GC(9) User=0.10s Sys=0.00s Real=0.02s
[2022-06-13T01:51:15.924+0000][1][safepoint    ] Leaving safepoint region
[2022-06-13T01:51:15.925+0000][1][safepoint    ] Total time for which application threads were stopped: 0.0218250 seconds, Stopping threads took: 0.0003377 seconds
[2022-06-13T01:51:15.928+0000][1][gc           ] GC(9) Concurrent Sweep
[2022-06-13T01:51:15.946+0000][1][gc           ] GC(9) Concurrent Sweep 18.275ms
[2022-06-13T01:51:15.959+0000][1][gc,cpu       ] GC(9) User=0.18s Sys=0.00s Real=0.04s
[2022-06-13T01:51:15.960+0000][1][gc           ] GC(9) Concurrent Reset
[2022-06-13T01:51:15.961+0000][1][gc           ] GC(9) Concurrent Reset 0.968ms
[2022-06-13T01:51:15.961+0000][1][gc,cpu       ] GC(9) User=0.00s Sys=0.00s Real=0.00s
[2022-06-13T01:51:15.962+0000][1][gc,heap      ] GC(9) Old: 11301K->13966K(174784K)
[2022-06-13T01:51:16.028+0000][1][safepoint    ] Application time: 0.1000746 seconds
[2022-06-13T01:51:16.040+0000][1][safepoint    ] Entering safepoint region: GenCollectForAllocation
[2022-06-13T01:51:16.041+0000][1][gc,start     ] GC(11) Pause Young (Allocation Failure)
[2022-06-13T01:51:16.041+0000][1][gc,task      ] GC(11) Using 5 workers of 13 for evacuation
[2022-06-13T01:51:16.056+0000][1][gc,age       ] GC(11) Desired survivor size 4456448 bytes, new threshold 6 (max threshold 6)
[2022-06-13T01:51:16.056+0000][1][gc,age       ] GC(11) Age table with threshold 6 (max threshold 6)
[2022-06-13T01:51:16.056+0000][1][gc,age       ] GC(11) - age   1:    1274816 bytes,    1274816 total
[2022-06-13T01:51:16.057+0000][1][gc,age       ] GC(11) - age   2:     131744 bytes,    1406560 total
[2022-06-13T01:51:16.057+0000][1][gc,age       ] GC(11) - age   3:     525936 bytes,    1932496 total
[2022-06-13T01:51:16.057+0000][1][gc,age       ] GC(11) - age   4:     903144 bytes,    2835640 total
[2022-06-13T01:51:16.057+0000][1][gc,age       ] GC(11) - age   5:     703648 bytes,    3539288 total
[2022-06-13T01:51:16.057+0000][1][gc,heap      ] GC(11) ParNew: 74617K->3932K(78656K)
[2022-06-13T01:51:16.057+0000][1][gc,heap      ] GC(11) CMS: 13966K->13966K(174784K)
[2022-06-13T01:51:16.058+0000][1][gc,metaspace ] GC(11) Metaspace: 20587K->20587K(1069056K)
[2022-06-13T01:51:16.058+0000][1][gc           ] GC(11) Pause Young (Allocation Failure) 86M->17M(247M) 17.101ms
[2022-06-13T01:51:16.058+0000][1][gc,cpu       ] GC(11) User=0.06s Sys=0.00s Real=0.01s
[2022-06-13T01:51:16.058+0000][1][safepoint    ] Leaving safepoint region
[2022-06-13T01:51:16.059+0000][1][safepoint    ] Total time for which application threads were stopped: 0.0301193 seconds, Stopping threads took: 0.0115530 seconds
[2022-06-13T01:51:16.589+0000][1][safepoint    ] Application time: 0.5305406 seconds
[2022-06-13T01:51:16.590+0000][1][safepoint    ] Entering safepoint region: Deoptimize
[2022-06-13T01:51:16.591+0000][1][safepoint    ] Leaving safepoint region
[2022-06-13T01:51:16.591+0000][1][safepoint    ] Total time for which application threads were stopped: 0.0018480 seconds, Stopping threads took: 0.0003302 seconds
[2022-06-13T01:51:16.735+0000][1][safepoint    ] Application time: 0.1429883 seconds
[2022-06-13T01:51:16.735+0000][1][safepoint    ] Entering safepoint region: Deoptimize
[2022-06-13T01:51:16.736+0000][1][safepoint    ] Leaving safepoint region
[2022-06-13T01:51:16.736+0000][1][safepoint    ] Total time for which application threads were stopped: 0.0010740 seconds, Stopping threads took: 0.0002380 seconds
[2022-06-13T01:51:16.749+0000][1][safepoint    ] Application time: 0.0121016 seconds
[2022-06-13T01:51:16.749+0000][1][safepoint    ] Entering safepoint region: GenCollectForAllocation
[2022-06-13T01:51:16.750+0000][1][gc,start     ] GC(12) Pause Young (Allocation Failure)
[2022-06-13T01:51:16.750+0000][1][gc,task      ] GC(12) Using 5 workers of 13 for evacuation
[2022-06-13T01:51:16.767+0000][1][gc,age       ] GC(12) Desired survivor size 4456448 bytes, new threshold 6 (max threshold 6)
[2022-06-13T01:51:16.767+0000][1][gc,age       ] GC(12) Age table with threshold 6 (max threshold 6)
[2022-06-13T01:51:16.767+0000][1][gc,age       ] GC(12) - age   1:    1958600 bytes,    1958600 total
[2022-06-13T01:51:16.768+0000][1][gc,age       ] GC(12) - age   2:     345120 bytes,    2303720 total
[2022-06-13T01:51:16.768+0000][1][gc,age       ] GC(12) - age   3:     131496 bytes,    2435216 total
[2022-06-13T01:51:16.769+0000][1][gc,age       ] GC(12) - age   4:     522880 bytes,    2958096 total
[2022-06-13T01:51:16.769+0000][1][gc,age       ] GC(12) - age   5:     900824 bytes,    3858920 total
[2022-06-13T01:51:16.771+0000][1][gc,age       ] GC(12) - age   6:     703304 bytes,    4562224 total
[2022-06-13T01:51:16.771+0000][1][gc,heap      ] GC(12) ParNew: 73884K->5808K(78656K)
[2022-06-13T01:51:16.772+0000][1][gc,heap      ] GC(12) CMS: 13966K->13966K(174784K)
[2022-06-13T01:51:16.772+0000][1][gc,metaspace ] GC(12) Metaspace: 25767K->25767K(1073152K)
[2022-06-13T01:51:16.773+0000][1][gc           ] GC(12) Pause Young (Allocation Failure) 85M->19M(247M) 22.875ms
[2022-06-13T01:51:16.773+0000][1][gc,cpu       ] GC(12) User=0.03s Sys=0.00s Real=0.02s
[2022-06-13T01:51:16.773+0000][1][safepoint    ] Leaving safepoint region
[2022-06-13T01:51:16.776+0000][1][safepoint    ] Total time for which application threads were stopped: 0.0268131 seconds, Stopping threads took: 0.0006955 seconds
[2022-06-13T01:51:16.790+0000][1][safepoint    ] Application time: 0.0134678 seconds
[2022-06-13T01:51:16.790+0000][1][safepoint    ] Entering safepoint region: Deoptimize
[2022-06-13T01:51:16.791+0000][1][safepoint    ] Leaving safepoint region
[2022-06-13T01:51:16.791+0000][1][safepoint    ] Total time for which application threads were stopped: 0.0010510 seconds, Stopping threads took: 0.0002593 seconds
[2022-06-13T01:51:16.812+0000][1][safepoint    ] Application time: 0.0208600 seconds
[2022-06-13T01:51:16.816+0000][1][safepoint    ] Entering safepoint region: Deoptimize
[2022-06-13T01:51:16.817+0000][1][safepoint    ] Leaving safepoint region
[2022-06-13T01:51:16.824+0000][1][safepoint    ] Total time for which application threads were stopped: 0.0086131 seconds, Stopping threads took: 0.0006757 seconds
[2022-06-13T01:51:16.857+0000][1][safepoint    ] Application time: 0.0177450 seconds
[2022-06-13T01:51:16.859+0000][1][safepoint    ] Entering safepoint region: RevokeBias
[2022-06-13T01:51:16.860+0000][1][safepoint    ] Leaving safepoint region
[2022-06-13T01:51:16.860+0000][1][safepoint    ] Total time for which application threads were stopped: 0.0025475 seconds, Stopping threads took: 0.0020568 seconds
[2022-06-13T01:51:16.873+0000][1][safepoint    ] Application time: 0.0127855 seconds
[2022-06-13T01:51:16.875+0000][1][safepoint    ] Entering safepoint region: RevokeBias
[2022-06-13T01:51:16.883+0000][1][safepoint    ] Leaving safepoint region
[2022-06-13T01:51:16.883+0000][1][safepoint    ] Total time for which application threads were stopped: 0.0085465 seconds, Stopping threads took: 0.0078823 seconds
[2022-06-13T01:51:16.889+0000][1][safepoint    ] Application time: 0.0055107 seconds
[2022-06-13T01:51:16.895+0000][1][safepoint    ] Entering safepoint region: RevokeBias
[2022-06-13T01:51:16.914+0000][1][safepoint    ] Leaving safepoint region
[2022-06-13T01:51:16.915+0000][1][safepoint    ] Total time for which application threads were stopped: 0.0199498 seconds, Stopping threads took: 0.0128318 seconds
[2022-06-13T01:51:17.921+0000][1][safepoint    ] Application time: 1.0053559 seconds
[2022-06-13T01:51:17.937+0000][1][safepoint    ] Entering safepoint region: Cleanup
[2022-06-13T01:51:17.953+0000][1][safepoint    ] Leaving safepoint region
[2022-06-13T01:51:17.965+0000][1][safepoint    ] Total time for which application threads were stopped: 0.0423871 seconds, Stopping threads took: 0.0307293 seconds
[2022-06-13T01:51:18.846+0000][1][safepoint    ] Application time: 0.8814938 seconds
[2022-06-13T01:51:18.850+0000][1][safepoint    ] Entering safepoint region: GenCollectForAllocation
[2022-06-13T01:51:18.853+0000][1][gc,start     ] GC(13) Pause Young (Allocation Failure)
[2022-06-13T01:51:18.855+0000][1][gc,task      ] GC(13) Using 5 workers of 13 for evacuation
[2022-06-13T01:51:18.915+0000][1][gc,age       ] GC(13) Desired survivor size 4456448 bytes, new threshold 1 (max threshold 6)
[2022-06-13T01:51:18.925+0000][1][gc,age       ] GC(13) Age table with threshold 1 (max threshold 6)
[2022-06-13T01:51:18.929+0000][1][gc,age       ] GC(13) - age   1:    5222296 bytes,    5222296 total
[2022-06-13T01:51:18.929+0000][1][gc,age       ] GC(13) - age   2:    1787008 bytes,    7009304 total
[2022-06-13T01:51:18.930+0000][1][gc,age       ] GC(13) - age   3:     344888 bytes,    7354192 total
[2022-06-13T01:51:18.930+0000][1][gc,age       ] GC(13) - age   4:     131416 bytes,    7485608 total
[2022-06-13T01:51:18.930+0000][1][gc,age       ] GC(13) - age   5:     522864 bytes,    8008472 total
[2022-06-13T01:51:18.930+0000][1][gc,age       ] GC(13) - age   6:     900712 bytes,    8909184 total
[2022-06-13T01:51:18.930+0000][1][gc,heap      ] GC(13) ParNew: 75760K->8704K(78656K)
[2022-06-13T01:51:18.931+0000][1][gc,heap      ] GC(13) CMS: 13966K->24826K(174784K)
[2022-06-13T01:51:18.931+0000][1][gc,metaspace ] GC(13) Metaspace: 26991K->26991K(1075200K)
[2022-06-13T01:51:18.931+0000][1][gc           ] GC(13) Pause Young (Allocation Failure) 87M->32M(247M) 77.469ms
[2022-06-13T01:51:18.931+0000][1][gc,cpu       ] GC(13) User=0.29s Sys=0.03s Real=0.08s
[2022-06-13T01:51:18.931+0000][1][safepoint    ] Leaving safepoint region
[2022-06-13T01:51:18.931+0000][1][safepoint    ] Total time for which application threads were stopped: 0.0814040 seconds, Stopping threads took: 0.0032188 seconds
[2022-06-13T01:51:19.456+0000][1][safepoint    ] Application time: 0.5223234 seconds
[2022-06-13T01:51:19.469+0000][1][safepoint    ] Entering safepoint region: RevokeBias
[2022-06-13T01:51:19.479+0000][1][safepoint    ] Leaving safepoint region
[2022-06-13T01:51:19.486+0000][1][safepoint    ] Total time for which application threads were stopped: 0.0165280 seconds, Stopping threads took: 0.0099368 seconds
[2022-06-13T01:51:20.490+0000][1][safepoint    ] Application time: 1.0004421 seconds
[2022-06-13T01:51:20.491+0000][1][safepoint    ] Entering safepoint region: Cleanup
[2022-06-13T01:51:20.492+0000][1][safepoint    ] Leaving safepoint region
[2022-06-13T01:51:20.492+0000][1][safepoint    ] Total time for which application threads were stopped: 0.0019067 seconds, Stopping threads took: 0.0015787 seconds
[2022-06-13T01:51:20.584+0000][1][safepoint    ] Application time: 0.0916939 seconds
[2022-06-13T01:51:20.593+0000][1][safepoint    ] Entering safepoint region: Deoptimize
[2022-06-13T01:51:20.594+0000][1][safepoint    ] Leaving safepoint region
[2022-06-13T01:51:20.594+0000][1][safepoint    ] Total time for which application threads were stopped: 0.0013104 seconds, Stopping threads took: 0.0003864 seconds
[2022-06-13T01:51:20.982+0000][1][safepoint    ] Application time: 0.3875521 seconds
[2022-06-13T01:51:20.989+0000][1][safepoint    ] Entering safepoint region: GenCollectForAllocation
[2022-06-13T01:51:20.999+0000][1][gc,start     ] GC(14) Pause Young (Allocation Failure)
[2022-06-13T01:51:21.002+0000][1][gc,task      ] GC(14) Using 5 workers of 13 for evacuation
[2022-06-13T01:51:21.095+0000][1][gc,age       ] GC(14) Desired survivor size 4456448 bytes, new threshold 1 (max threshold 6)
[2022-06-13T01:51:21.098+0000][1][gc,age       ] GC(14) Age table with threshold 1 (max threshold 6)
[2022-06-13T01:51:21.098+0000][1][gc,age       ] GC(14) - age   1:    7062456 bytes,    7062456 total
[2022-06-13T01:51:21.098+0000][1][gc,heap      ] GC(14) ParNew: 78656K->8704K(78656K)
[2022-06-13T01:51:21.098+0000][1][gc,heap      ] GC(14) CMS: 24826K->40413K(174784K)
[2022-06-13T01:51:21.099+0000][1][gc,metaspace ] GC(14) Metaspace: 27144K->27144K(1075200K)
[2022-06-13T01:51:21.099+0000][1][gc           ] GC(14) Pause Young (Allocation Failure) 101M->47M(247M) 100.128ms
[2022-06-13T01:51:21.101+0000][1][gc,cpu       ] GC(14) User=0.42s Sys=0.02s Real=0.10s
[2022-06-13T01:51:21.109+0000][1][safepoint    ] Leaving safepoint region
[2022-06-13T01:51:21.119+0000][1][safepoint    ] Total time for which application threads were stopped: 0.1299832 seconds, Stopping threads took: 0.0099777 seconds
[2022-06-13T01:51:21.616+0000][1][safepoint    ] Application time: 0.4871055 seconds
[2022-06-13T01:51:21.618+0000][1][safepoint    ] Entering safepoint region: RevokeBias
[2022-06-13T01:51:21.623+0000][1][safepoint    ] Leaving safepoint region
[2022-06-13T01:51:21.623+0000][1][safepoint    ] Total time for which application threads were stopped: 0.0055161 seconds, Stopping threads took: 0.0046546 seconds
[2022-06-13T01:51:21.984+0000][1][safepoint    ] Application time: 0.3606553 seconds
[2022-06-13T01:51:21.985+0000][1][safepoint    ] Entering safepoint region: RevokeBias
[2022-06-13T01:51:21.985+0000][1][safepoint    ] Leaving safepoint region
[2022-06-13T01:51:21.986+0000][1][safepoint    ] Total time for which application threads were stopped: 0.0008615 seconds, Stopping threads took: 0.0004256 seconds
[2022-06-13T01:51:21.989+0000][1][safepoint    ] Application time: 0.0028308 seconds
[2022-06-13T01:51:21.989+0000][1][safepoint    ] Entering safepoint region: RevokeBias
[2022-06-13T01:51:21.989+0000][1][safepoint    ] Leaving safepoint region
[2022-06-13T01:51:21.990+0000][1][safepoint    ] Total time for which application threads were stopped: 0.0006367 seconds, Stopping threads took: 0.0003217 seconds
[2022-06-13T01:51:21.993+0000][1][safepoint    ] Application time: 0.0028143 seconds
[2022-06-13T01:51:21.993+0000][1][safepoint    ] Entering safepoint region: RevokeBias
[2022-06-13T01:51:21.994+0000][1][safepoint    ] Leaving safepoint region
[2022-06-13T01:51:21.994+0000][1][safepoint    ] Total time for which application threads were stopped: 0.0009821 seconds, Stopping threads took: 0.0003282 seconds
[2022-06-13T01:51:22.135+0000][1][safepoint    ] Application time: 0.1405345 seconds
[2022-06-13T01:51:22.136+0000][1][safepoint    ] Entering safepoint region: GenCollectForAllocation
[2022-06-13T01:51:22.136+0000][1][gc,start     ] GC(15) Pause Young (Allocation Failure)
[2022-06-13T01:51:22.137+0000][1][gc,task      ] GC(15) Using 5 workers of 13 for evacuation
[2022-06-13T01:51:22.182+0000][1][gc,age       ] GC(15) Desired survivor size 4456448 bytes, new threshold 1 (max threshold 6)
[2022-06-13T01:51:22.182+0000][1][gc,age       ] GC(15) Age table with threshold 1 (max threshold 6)
[2022-06-13T01:51:22.183+0000][1][gc,age       ] GC(15) - age   1:    6064136 bytes,    6064136 total
[2022-06-13T01:51:22.183+0000][1][gc,heap      ] GC(15) ParNew: 78656K->8704K(78656K)
[2022-06-13T01:51:22.183+0000][1][gc,heap      ] GC(15) CMS: 40413K->50032K(174784K)
[2022-06-13T01:51:22.183+0000][1][gc,metaspace ] GC(15) Metaspace: 30934K->30934K(1077248K)
[2022-06-13T01:51:22.184+0000][1][gc           ] GC(15) Pause Young (Allocation Failure) 116M->57M(247M) 47.276ms
[2022-06-13T01:51:22.184+0000][1][gc,cpu       ] GC(15) User=0.13s Sys=0.00s Real=0.05s
[2022-06-13T01:51:22.184+0000][1][safepoint    ] Leaving safepoint region
[2022-06-13T01:51:22.184+0000][1][safepoint    ] Total time for which application threads were stopped: 0.0488932 seconds, Stopping threads took: 0.0006819 seconds
[2022-06-13T01:51:22.616+0000][1][safepoint    ] Application time: 0.4311115 seconds
[2022-06-13T01:51:22.616+0000][1][safepoint    ] Entering safepoint region: GenCollectForAllocation
[2022-06-13T01:51:22.617+0000][1][gc,start     ] GC(16) Pause Young (Allocation Failure)
[2022-06-13T01:51:22.617+0000][1][gc,task      ] GC(16) Using 5 workers of 13 for evacuation
[2022-06-13T01:51:22.628+0000][1][gc,age       ] GC(16) Desired survivor size 4456448 bytes, new threshold 6 (max threshold 6)
[2022-06-13T01:51:22.628+0000][1][gc,age       ] GC(16) Age table with threshold 6 (max threshold 6)
[2022-06-13T01:51:22.628+0000][1][gc,age       ] GC(16) - age   1:     564664 bytes,     564664 total
[2022-06-13T01:51:22.629+0000][1][gc,heap      ] GC(16) ParNew: 78656K->6199K(78656K)
[2022-06-13T01:51:22.629+0000][1][gc,heap      ] GC(16) CMS: 50032K->55993K(174784K)
[2022-06-13T01:51:22.629+0000][1][gc,metaspace ] GC(16) Metaspace: 32895K->32895K(1079296K)
[2022-06-13T01:51:22.629+0000][1][gc           ] GC(16) Pause Young (Allocation Failure) 125M->60M(247M) 12.261ms
[2022-06-13T01:51:22.629+0000][1][gc,cpu       ] GC(16) User=0.06s Sys=0.00s Real=0.02s
[2022-06-13T01:51:22.629+0000][1][safepoint    ] Leaving safepoint region
[2022-06-13T01:51:22.630+0000][1][safepoint    ] Total time for which application threads were stopped: 0.0133547 seconds, Stopping threads took: 0.0003451 seconds
[2022-06-13T01:51:23.043+0000][1][safepoint    ] Application time: 0.4130468 seconds
[2022-06-13T01:51:23.051+0000][1][safepoint    ] Entering safepoint region: CollectForMetadataAllocation
[2022-06-13T01:51:23.053+0000][1][safepoint    ] Leaving safepoint region
[2022-06-13T01:51:23.058+0000][1][safepoint    ] Total time for which application threads were stopped: 0.0122043 seconds, Stopping threads took: 0.0070168 seconds
[2022-06-13T01:51:23.154+0000][1][safepoint    ] Application time: 0.0853857 seconds
[2022-06-13T01:51:23.156+0000][1][safepoint    ] Entering safepoint region: CollectForMetadataAllocation
[2022-06-13T01:51:23.158+0000][1][safepoint    ] Leaving safepoint region
[2022-06-13T01:51:23.159+0000][1][safepoint    ] Total time for which application threads were stopped: 0.0034457 seconds, Stopping threads took: 0.0016091 seconds
[2022-06-13T01:51:23.191+0000][1][safepoint    ] Application time: 0.0313761 seconds
[2022-06-13T01:51:23.191+0000][1][safepoint    ] Entering safepoint region: CollectForMetadataAllocation
[2022-06-13T01:51:23.192+0000][1][safepoint    ] Leaving safepoint region
[2022-06-13T01:51:23.192+0000][1][safepoint    ] Total time for which application threads were stopped: 0.0007448 seconds, Stopping threads took: 0.0003033 seconds
[2022-06-13T01:51:23.226+0000][1][safepoint    ] Application time: 0.0336868 seconds
[2022-06-13T01:51:23.226+0000][1][safepoint    ] Entering safepoint region: CollectForMetadataAllocation
[2022-06-13T01:51:23.227+0000][1][safepoint    ] Leaving safepoint region
[2022-06-13T01:51:23.227+0000][1][safepoint    ] Total time for which application threads were stopped: 0.0007131 seconds, Stopping threads took: 0.0002908 seconds
[2022-06-13T01:51:23.267+0000][1][safepoint    ] Application time: 0.0397904 seconds
[2022-06-13T01:51:23.268+0000][1][safepoint    ] Entering safepoint region: CollectForMetadataAllocation
[2022-06-13T01:51:23.268+0000][1][safepoint    ] Leaving safepoint region
[2022-06-13T01:51:23.269+0000][1][safepoint    ] Total time for which application threads were stopped: 0.0007082 seconds, Stopping threads took: 0.0002883 seconds
[2022-06-13T01:51:23.304+0000][1][safepoint    ] Application time: 0.0350160 seconds
[2022-06-13T01:51:23.304+0000][1][safepoint    ] Entering safepoint region: CollectForMetadataAllocation
[2022-06-13T01:51:23.304+0000][1][safepoint    ] Leaving safepoint region
[2022-06-13T01:51:23.305+0000][1][safepoint    ] Total time for which application threads were stopped: 0.0006705 seconds, Stopping threads took: 0.0002714 seconds
[2022-06-13T01:51:23.322+0000][1][safepoint    ] Application time: 0.0173019 seconds
[2022-06-13T01:51:23.323+0000][1][safepoint    ] Entering safepoint region: CollectForMetadataAllocation
[2022-06-13T01:51:23.323+0000][1][safepoint    ] Leaving safepoint region
[2022-06-13T01:51:23.323+0000][1][safepoint    ] Total time for which application threads were stopped: 0.0005906 seconds, Stopping threads took: 0.0002202 seconds
[2022-06-13T01:51:23.365+0000][1][safepoint    ] Application time: 0.0416010 seconds
[2022-06-13T01:51:23.366+0000][1][safepoint    ] Entering safepoint region: CollectForMetadataAllocation
[2022-06-13T01:51:23.366+0000][1][safepoint    ] Leaving safepoint region
[2022-06-13T01:51:23.366+0000][1][safepoint    ] Total time for which application threads were stopped: 0.0007163 seconds, Stopping threads took: 0.0002831 seconds
[2022-06-13T01:51:23.398+0000][1][safepoint    ] Application time: 0.0317420 seconds
[2022-06-13T01:51:23.398+0000][1][safepoint    ] Entering safepoint region: CollectForMetadataAllocation
[2022-06-13T01:51:23.399+0000][1][safepoint    ] Leaving safepoint region
[2022-06-13T01:51:23.399+0000][1][safepoint    ] Total time for which application threads were stopped: 0.0004931 seconds, Stopping threads took: 0.0001999 seconds
[2022-06-13T01:51:23.416+0000][1][safepoint    ] Application time: 0.0170405 seconds
[2022-06-13T01:51:23.417+0000][1][safepoint    ] Entering safepoint region: RevokeBias
[2022-06-13T01:51:23.417+0000][1][safepoint    ] Leaving safepoint region
[2022-06-13T01:51:23.418+0000][1][safepoint    ] Total time for which application threads were stopped: 0.0008694 seconds, Stopping threads took: 0.0004151 seconds
[2022-06-13T01:51:23.424+0000][1][safepoint    ] Application time: 0.0062199 seconds
[2022-06-13T01:51:23.424+0000][1][safepoint    ] Entering safepoint region: CollectForMetadataAllocation
[2022-06-13T01:51:23.425+0000][1][safepoint    ] Leaving safepoint region
[2022-06-13T01:51:23.425+0000][1][safepoint    ] Total time for which application threads were stopped: 0.0007876 seconds, Stopping threads took: 0.0002354 seconds
[2022-06-13T01:51:23.427+0000][1][safepoint    ] Application time: 0.0016672 seconds
[2022-06-13T01:51:23.427+0000][1][safepoint    ] Entering safepoint region: RevokeBias
[2022-06-13T01:51:23.427+0000][1][safepoint    ] Leaving safepoint region
[2022-06-13T01:51:23.427+0000][1][safepoint    ] Total time for which application threads were stopped: 0.0003883 seconds, Stopping threads took: 0.0001533 seconds
[2022-06-13T01:51:23.439+0000][1][safepoint    ] Application time: 0.0112444 seconds
[2022-06-13T01:51:23.439+0000][1][safepoint    ] Entering safepoint region: RevokeBias
[2022-06-13T01:51:23.440+0000][1][safepoint    ] Leaving safepoint region
[2022-06-13T01:51:23.440+0000][1][safepoint    ] Total time for which application threads were stopped: 0.0006283 seconds, Stopping threads took: 0.0002735 seconds
[2022-06-13T01:51:23.468+0000][1][safepoint    ] Application time: 0.0275800 seconds
[2022-06-13T01:51:23.468+0000][1][safepoint    ] Entering safepoint region: CollectForMetadataAllocation
[2022-06-13T01:51:23.469+0000][1][safepoint    ] Leaving safepoint region
[2022-06-13T01:51:23.469+0000][1][safepoint    ] Total time for which application threads were stopped: 0.0009356 seconds, Stopping threads took: 0.0003455 seconds
[2022-06-13T01:51:23.515+0000][1][safepoint    ] Application time: 0.0456727 seconds
[2022-06-13T01:51:23.515+0000][1][safepoint    ] Entering safepoint region: CollectForMetadataAllocation
[2022-06-13T01:51:23.516+0000][1][safepoint    ] Leaving safepoint region
[2022-06-13T01:51:23.516+0000][1][safepoint    ] Total time for which application threads were stopped: 0.0005116 seconds, Stopping threads took: 0.0001991 seconds
[2022-06-13T01:51:23.541+0000][1][safepoint    ] Application time: 0.0244531 seconds
[2022-06-13T01:51:23.541+0000][1][safepoint    ] Entering safepoint region: CollectForMetadataAllocation
[2022-06-13T01:51:23.542+0000][1][safepoint    ] Leaving safepoint region
[2022-06-13T01:51:23.542+0000][1][safepoint    ] Total time for which application threads were stopped: 0.0008405 seconds, Stopping threads took: 0.0003168 seconds
[2022-06-13T01:51:23.578+0000][1][safepoint    ] Application time: 0.0364582 seconds
[2022-06-13T01:51:23.579+0000][1][safepoint    ] Entering safepoint region: CollectForMetadataAllocation
[2022-06-13T01:51:23.580+0000][1][safepoint    ] Leaving safepoint region
[2022-06-13T01:51:23.580+0000][1][safepoint    ] Total time for which application threads were stopped: 0.0013272 seconds, Stopping threads took: 0.0005153 seconds
[2022-06-13T01:51:23.607+0000][1][safepoint    ] Application time: 0.0264083 seconds
[2022-06-13T01:51:23.607+0000][1][safepoint    ] Entering safepoint region: CollectForMetadataAllocation
[2022-06-13T01:51:23.607+0000][1][safepoint    ] Leaving safepoint region
[2022-06-13T01:51:23.608+0000][1][safepoint    ] Total time for which application threads were stopped: 0.0006162 seconds, Stopping threads took: 0.0001638 seconds
[2022-06-13T01:51:23.644+0000][1][safepoint    ] Application time: 0.0361461 seconds
[2022-06-13T01:51:23.644+0000][1][safepoint    ] Entering safepoint region: CollectForMetadataAllocation
[2022-06-13T01:51:23.645+0000][1][safepoint    ] Leaving safepoint region
[2022-06-13T01:51:23.645+0000][1][safepoint    ] Total time for which application threads were stopped: 0.0008245 seconds, Stopping threads took: 0.0004236 seconds
[2022-06-13T01:51:23.670+0000][1][safepoint    ] Application time: 0.0244266 seconds
[2022-06-13T01:51:23.670+0000][1][safepoint    ] Entering safepoint region: CollectForMetadataAllocation
[2022-06-13T01:51:23.671+0000][1][safepoint    ] Leaving safepoint region
[2022-06-13T01:51:23.671+0000][1][safepoint    ] Total time for which application threads were stopped: 0.0008485 seconds, Stopping threads took: 0.0002524 seconds
[2022-06-13T01:51:23.690+0000][1][safepoint    ] Application time: 0.0184533 seconds
[2022-06-13T01:51:23.690+0000][1][safepoint    ] Entering safepoint region: CollectForMetadataAllocation
[2022-06-13T01:51:23.691+0000][1][safepoint    ] Leaving safepoint region
[2022-06-13T01:51:23.691+0000][1][safepoint    ] Total time for which application threads were stopped: 0.0007493 seconds, Stopping threads took: 0.0002193 seconds
[2022-06-13T01:51:23.723+0000][1][safepoint    ] Application time: 0.0315624 seconds
[2022-06-13T01:51:23.723+0000][1][safepoint    ] Entering safepoint region: CollectForMetadataAllocation
[2022-06-13T01:51:23.723+0000][1][safepoint    ] Leaving safepoint region
[2022-06-13T01:51:23.724+0000][1][safepoint    ] Total time for which application threads were stopped: 0.0005322 seconds, Stopping threads took: 0.0002221 seconds
[2022-06-13T01:51:23.750+0000][1][safepoint    ] Application time: 0.0260914 seconds
[2022-06-13T01:51:23.750+0000][1][safepoint    ] Entering safepoint region: CollectForMetadataAllocation
[2022-06-13T01:51:23.751+0000][1][safepoint    ] Leaving safepoint region
[2022-06-13T01:51:23.751+0000][1][safepoint    ] Total time for which application threads were stopped: 0.0006253 seconds, Stopping threads took: 0.0002318 seconds
[2022-06-13T01:51:23.796+0000][1][safepoint    ] Application time: 0.0447575 seconds
[2022-06-13T01:51:23.796+0000][1][safepoint    ] Entering safepoint region: CollectForMetadataAllocation
[2022-06-13T01:51:23.797+0000][1][safepoint    ] Leaving safepoint region
[2022-06-13T01:51:23.797+0000][1][safepoint    ] Total time for which application threads were stopped: 0.0008667 seconds, Stopping threads took: 0.0003736 seconds
[2022-06-13T01:51:23.830+0000][1][safepoint    ] Application time: 0.0321547 seconds
[2022-06-13T01:51:23.830+0000][1][safepoint    ] Entering safepoint region: CollectForMetadataAllocation
[2022-06-13T01:51:23.831+0000][1][safepoint    ] Leaving safepoint region
[2022-06-13T01:51:23.832+0000][1][safepoint    ] Total time for which application threads were stopped: 0.0018431 seconds, Stopping threads took: 0.0004365 seconds
[2022-06-13T01:51:23.866+0000][1][safepoint    ] Application time: 0.0335453 seconds
[2022-06-13T01:51:23.867+0000][1][safepoint    ] Entering safepoint region: CollectForMetadataAllocation
[2022-06-13T01:51:23.867+0000][1][safepoint    ] Leaving safepoint region
[2022-06-13T01:51:23.867+0000][1][safepoint    ] Total time for which application threads were stopped: 0.0008734 seconds, Stopping threads took: 0.0002900 seconds
[2022-06-13T01:51:23.897+0000][1][safepoint    ] Application time: 0.0297757 seconds
[2022-06-13T01:51:23.898+0000][1][safepoint    ] Entering safepoint region: CollectForMetadataAllocation
[2022-06-13T01:51:23.900+0000][1][safepoint    ] Leaving safepoint region
[2022-06-13T01:51:23.900+0000][1][safepoint    ] Total time for which application threads were stopped: 0.0020549 seconds, Stopping threads took: 0.0002873 seconds
[2022-06-13T01:51:23.933+0000][1][safepoint    ] Application time: 0.0326686 seconds
[2022-06-13T01:51:23.933+0000][1][safepoint    ] Entering safepoint region: CollectForMetadataAllocation
[2022-06-13T01:51:23.934+0000][1][safepoint    ] Leaving safepoint region
[2022-06-13T01:51:23.934+0000][1][safepoint    ] Total time for which application threads were stopped: 0.0006573 seconds, Stopping threads took: 0.0002585 seconds
[2022-06-13T01:51:23.969+0000][1][safepoint    ] Application time: 0.0345067 seconds
[2022-06-13T01:51:23.969+0000][1][safepoint    ] Entering safepoint region: CollectForMetadataAllocation
[2022-06-13T01:51:23.970+0000][1][safepoint    ] Leaving safepoint region
[2022-06-13T01:51:23.970+0000][1][safepoint    ] Total time for which application threads were stopped: 0.0008296 seconds, Stopping threads took: 0.0003069 seconds
[2022-06-13T01:51:23.986+0000][1][safepoint    ] Application time: 0.0152614 seconds
[2022-06-13T01:51:23.986+0000][1][safepoint    ] Entering safepoint region: RevokeBias
[2022-06-13T01:51:23.987+0000][1][safepoint    ] Leaving safepoint region
[2022-06-13T01:51:23.987+0000][1][safepoint    ] Total time for which application threads were stopped: 0.0007155 seconds, Stopping threads took: 0.0004215 seconds
[2022-06-13T01:51:24.007+0000][1][safepoint    ] Application time: 0.0196874 seconds
[2022-06-13T01:51:24.007+0000][1][safepoint    ] Entering safepoint region: CollectForMetadataAllocation
[2022-06-13T01:51:24.008+0000][1][safepoint    ] Leaving safepoint region
[2022-06-13T01:51:24.008+0000][1][safepoint    ] Total time for which application threads were stopped: 0.0010108 seconds, Stopping threads took: 0.0003393 seconds
[2022-06-13T01:51:24.406+0000][1][safepoint    ] Application time: 0.3976738 seconds
[2022-06-13T01:51:24.407+0000][1][safepoint    ] Entering safepoint region: GenCollectForAllocation
[2022-06-13T01:51:24.408+0000][1][gc,start     ] GC(17) Pause Young (Allocation Failure)
[2022-06-13T01:51:24.408+0000][1][gc,task      ] GC(17) Using 5 workers of 13 for evacuation
[2022-06-13T01:51:24.414+0000][1][gc,age       ] GC(17) Desired survivor size 4456448 bytes, new threshold 6 (max threshold 6)
[2022-06-13T01:51:24.415+0000][1][gc,age       ] GC(17) Age table with threshold 6 (max threshold 6)
[2022-06-13T01:51:24.415+0000][1][gc,age       ] GC(17) - age   1:    3625600 bytes,    3625600 total
[2022-06-13T01:51:24.416+0000][1][gc,age       ] GC(17) - age   2:     518792 bytes,    4144392 total
[2022-06-13T01:51:24.416+0000][1][gc,heap      ] GC(17) ParNew: 76151K->5290K(78656K)
[2022-06-13T01:51:24.416+0000][1][gc,heap      ] GC(17) CMS: 55993K->55993K(174784K)
[2022-06-13T01:51:24.417+0000][1][gc,metaspace ] GC(17) Metaspace: 42033K->42033K(1087488K)
[2022-06-13T01:51:24.417+0000][1][gc           ] GC(17) Pause Young (Allocation Failure) 129M->59M(247M) 9.817ms
[2022-06-13T01:51:24.418+0000][1][gc,cpu       ] GC(17) User=0.03s Sys=0.00s Real=0.01s
[2022-06-13T01:51:24.418+0000][1][safepoint    ] Leaving safepoint region
[2022-06-13T01:51:24.419+0000][1][safepoint    ] Total time for which application threads were stopped: 0.0119012 seconds, Stopping threads took: 0.0005339 seconds
[2022-06-13T01:51:24.420+0000][1][safepoint    ] Application time: 0.0002506 seconds
[2022-06-13T01:51:24.420+0000][1][safepoint    ] Entering safepoint region: CMS_Initial_Mark
[2022-06-13T01:51:24.421+0000][1][gc,start     ] GC(18) Pause Initial Mark
[2022-06-13T01:51:24.423+0000][1][gc           ] GC(18) Pause Initial Mark 61M->61M(247M) 2.433ms
[2022-06-13T01:51:24.424+0000][1][gc,cpu       ] GC(18) User=0.01s Sys=0.00s Real=0.00s
[2022-06-13T01:51:24.425+0000][1][safepoint    ] Leaving safepoint region
[2022-06-13T01:51:24.425+0000][1][safepoint    ] Total time for which application threads were stopped: 0.0052975 seconds, Stopping threads took: 0.0008719 seconds
[2022-06-13T01:51:24.426+0000][1][gc           ] GC(18) Concurrent Mark
[2022-06-13T01:51:24.427+0000][1][gc,task      ] GC(18) Using 4 workers of 4 for marking
[2022-06-13T01:51:24.433+0000][1][safepoint    ] Application time: 0.0067321 seconds
[2022-06-13T01:51:24.433+0000][1][safepoint    ] Entering safepoint region: CollectForMetadataAllocation
[2022-06-13T01:51:24.434+0000][1][safepoint    ] Leaving safepoint region
[2022-06-13T01:51:24.434+0000][1][safepoint    ] Total time for which application threads were stopped: 0.0008396 seconds, Stopping threads took: 0.0003881 seconds
[2022-06-13T01:51:24.457+0000][1][gc           ] GC(18) Concurrent Mark 31.214ms
[2022-06-13T01:51:24.458+0000][1][gc,cpu       ] GC(18) User=0.15s Sys=0.00s Real=0.03s
[2022-06-13T01:51:24.458+0000][1][gc           ] GC(18) Concurrent Preclean
[2022-06-13T01:51:24.460+0000][1][gc           ] GC(18) Concurrent Preclean 1.975ms
[2022-06-13T01:51:24.461+0000][1][gc,cpu       ] GC(18) User=0.02s Sys=0.00s Real=0.01s
[2022-06-13T01:51:24.462+0000][1][safepoint    ] Application time: 0.0272457 seconds
[2022-06-13T01:51:24.462+0000][1][safepoint    ] Entering safepoint region: CMS_Final_Remark
[2022-06-13T01:51:24.462+0000][1][gc,start     ] GC(18) Pause Remark
[2022-06-13T01:51:24.474+0000][1][gc           ] GC(18) Pause Remark 61M->61M(247M) 11.126ms
[2022-06-13T01:51:24.474+0000][1][gc,cpu       ] GC(18) User=0.03s Sys=0.00s Real=0.01s
[2022-06-13T01:51:24.475+0000][1][safepoint    ] Leaving safepoint region
[2022-06-13T01:51:24.475+0000][1][safepoint    ] Total time for which application threads were stopped: 0.0128431 seconds, Stopping threads took: 0.0004278 seconds
[2022-06-13T01:51:24.475+0000][1][gc           ] GC(18) Concurrent Sweep
[2022-06-13T01:51:24.506+0000][1][gc           ] GC(18) Concurrent Sweep 31.022ms
[2022-06-13T01:51:24.507+0000][1][gc,cpu       ] GC(18) User=0.08s Sys=0.00s Real=0.03s
[2022-06-13T01:51:24.507+0000][1][gc           ] GC(18) Concurrent Reset
[2022-06-13T01:51:24.508+0000][1][gc           ] GC(18) Concurrent Reset 0.669ms
[2022-06-13T01:51:24.508+0000][1][gc,cpu       ] GC(18) User=0.00s Sys=0.00s Real=0.00s
[2022-06-13T01:51:24.508+0000][1][gc,heap      ] GC(18) Old: 55993K->55776K(174784K)
[2022-06-13T01:51:25.298+0000][1][safepoint    ] Application time: 0.8225823 seconds
[2022-06-13T01:51:25.300+0000][1][safepoint    ] Entering safepoint region: ICBufferFull
[2022-06-13T01:51:25.305+0000][1][safepoint    ] Leaving safepoint region
[2022-06-13T01:51:25.305+0000][1][safepoint    ] Total time for which application threads were stopped: 0.0047693 seconds, Stopping threads took: 0.0007754 seconds
[2022-06-13T01:51:25.396+0000][1][safepoint    ] Application time: 0.0907399 seconds
[2022-06-13T01:51:25.400+0000][1][safepoint    ] Entering safepoint region: RevokeBias
[2022-06-13T01:51:25.403+0000][1][safepoint    ] Leaving safepoint region
[2022-06-13T01:51:25.403+0000][1][safepoint    ] Total time for which application threads were stopped: 0.0037604 seconds, Stopping threads took: 0.0031794 seconds
[2022-06-13T01:51:25.407+0000][1][safepoint    ] Application time: 0.0034150 seconds
[2022-06-13T01:51:25.409+0000][1][safepoint    ] Entering safepoint region: RevokeBias
[2022-06-13T01:51:25.409+0000][1][safepoint    ] Leaving safepoint region
[2022-06-13T01:51:25.409+0000][1][safepoint    ] Total time for which application threads were stopped: 0.0007419 seconds, Stopping threads took: 0.0003708 seconds
[2022-06-13T01:51:25.514+0000][1][safepoint    ] Application time: 0.1047038 seconds
[2022-06-13T01:51:25.515+0000][1][safepoint    ] Entering safepoint region: RevokeBias
[2022-06-13T01:51:25.516+0000][1][safepoint    ] Leaving safepoint region
[2022-06-13T01:51:25.519+0000][1][safepoint    ] Total time for which application threads were stopped: 0.0043985 seconds, Stopping threads took: 0.0007743 seconds
[2022-06-13T01:51:25.561+0000][1][safepoint    ] Application time: 0.0399529 seconds
[2022-06-13T01:51:25.561+0000][1][safepoint    ] Entering safepoint region: RevokeBias
[2022-06-13T01:51:25.562+0000][1][safepoint    ] Leaving safepoint region
[2022-06-13T01:51:25.564+0000][1][safepoint    ] Total time for which application threads were stopped: 0.0030513 seconds, Stopping threads took: 0.0003865 seconds
[2022-06-13T01:51:25.574+0000][1][safepoint    ] Application time: 0.0078079 seconds
[2022-06-13T01:51:25.575+0000][1][safepoint    ] Entering safepoint region: RevokeBias
[2022-06-13T01:51:25.576+0000][1][safepoint    ] Leaving safepoint region
[2022-06-13T01:51:25.581+0000][1][safepoint    ] Total time for which application threads were stopped: 0.0067056 seconds, Stopping threads took: 0.0011133 seconds
[2022-06-13T01:51:25.893+0000][1][safepoint    ] Application time: 0.3114811 seconds
[2022-06-13T01:51:25.894+0000][1][safepoint    ] Entering safepoint region: RevokeBias
[2022-06-13T01:51:25.895+0000][1][safepoint    ] Leaving safepoint region
[2022-06-13T01:51:25.896+0000][1][safepoint    ] Total time for which application threads were stopped: 0.0021981 seconds, Stopping threads took: 0.0010156 seconds
[2022-06-13T01:51:25.896+0000][1][safepoint    ] Application time: 0.0001928 seconds
[2022-06-13T01:51:25.897+0000][1][safepoint    ] Entering safepoint region: RevokeBias
[2022-06-13T01:51:25.898+0000][1][safepoint    ] Leaving safepoint region
[2022-06-13T01:51:25.898+0000][1][safepoint    ] Total time for which application threads were stopped: 0.0013891 seconds, Stopping threads took: 0.0009186 seconds
[2022-06-13T01:51:25.899+0000][1][safepoint    ] Application time: 0.0005089 seconds
[2022-06-13T01:51:25.899+0000][1][safepoint    ] Entering safepoint region: RevokeBias
[2022-06-13T01:51:25.900+0000][1][safepoint    ] Leaving safepoint region
[2022-06-13T01:51:25.900+0000][1][safepoint    ] Total time for which application threads were stopped: 0.0010587 seconds, Stopping threads took: 0.0006820 seconds
[2022-06-13T01:51:25.902+0000][1][safepoint    ] Application time: 0.0011984 seconds
[2022-06-13T01:51:25.902+0000][1][safepoint    ] Entering safepoint region: RevokeBias
[2022-06-13T01:51:25.903+0000][1][safepoint    ] Leaving safepoint region
[2022-06-13T01:51:25.903+0000][1][safepoint    ] Total time for which application threads were stopped: 0.0011862 seconds, Stopping threads took: 0.0005292 seconds
[2022-06-13T01:51:26.009+0000][1][safepoint    ] Application time: 0.1056350 seconds
[2022-06-13T01:51:26.009+0000][1][safepoint    ] Entering safepoint region: GenCollectForAllocation
[2022-06-13T01:51:26.010+0000][1][gc,start     ] GC(19) Pause Young (Allocation Failure)
[2022-06-13T01:51:26.011+0000][1][gc,task      ] GC(19) Using 5 workers of 13 for evacuation
[2022-06-13T01:51:26.022+0000][1][gc,age       ] GC(19) Desired survivor size 4456448 bytes, new threshold 2 (max threshold 6)
[2022-06-13T01:51:26.022+0000][1][gc,age       ] GC(19) Age table with threshold 2 (max threshold 6)
[2022-06-13T01:51:26.022+0000][1][gc,age       ] GC(19) - age   1:    3158208 bytes,    3158208 total
[2022-06-13T01:51:26.023+0000][1][gc,age       ] GC(19) - age   2:    3526376 bytes,    6684584 total
[2022-06-13T01:51:26.023+0000][1][gc,age       ] GC(19) - age   3:     516696 bytes,    7201280 total
[2022-06-13T01:51:26.023+0000][1][gc,heap      ] GC(19) ParNew: 75242K->8704K(78656K)
[2022-06-13T01:51:26.024+0000][1][gc,heap      ] GC(19) CMS: 55776K->55776K(174784K)
[2022-06-13T01:51:26.024+0000][1][gc,metaspace ] GC(19) Metaspace: 46843K->46843K(1091584K)
[2022-06-13T01:51:26.024+0000][1][gc           ] GC(19) Pause Young (Allocation Failure) 127M->62M(247M) 14.299ms
[2022-06-13T01:51:26.025+0000][1][gc,cpu       ] GC(19) User=0.06s Sys=0.00s Real=0.01s
[2022-06-13T01:51:26.025+0000][1][safepoint    ] Leaving safepoint region
[2022-06-13T01:51:26.025+0000][1][safepoint    ] Total time for which application threads were stopped: 0.0159935 seconds, Stopping threads took: 0.0006926 seconds
[2022-06-13T01:51:26.027+0000][1][safepoint    ] Application time: 0.0010390 seconds
[2022-06-13T01:51:26.027+0000][1][safepoint    ] Entering safepoint region: RevokeBias
[2022-06-13T01:51:26.028+0000][1][safepoint    ] Leaving safepoint region
[2022-06-13T01:51:26.028+0000][1][safepoint    ] Total time for which application threads were stopped: 0.0009830 seconds, Stopping threads took: 0.0006415 seconds
[2022-06-13T01:51:26.029+0000][1][safepoint    ] Application time: 0.0007094 seconds
[2022-06-13T01:51:26.029+0000][1][safepoint    ] Entering safepoint region: RevokeBias
[2022-06-13T01:51:26.030+0000][1][safepoint    ] Leaving safepoint region
[2022-06-13T01:51:26.030+0000][1][safepoint    ] Total time for which application threads were stopped: 0.0007581 seconds, Stopping threads took: 0.0003476 seconds
[2022-06-13T01:51:26.031+0000][1][safepoint    ] Application time: 0.0003590 seconds
[2022-06-13T01:51:26.032+0000][1][safepoint    ] Entering safepoint region: RevokeBias
[2022-06-13T01:51:26.032+0000][1][safepoint    ] Leaving safepoint region
[2022-06-13T01:51:26.032+0000][1][safepoint    ] Total time for which application threads were stopped: 0.0009304 seconds, Stopping threads took: 0.0005677 seconds
[2022-06-13T01:51:26.033+0000][1][safepoint    ] Application time: 0.0003112 seconds
[2022-06-13T01:51:26.033+0000][1][safepoint    ] Entering safepoint region: RevokeBias
[2022-06-13T01:51:26.034+0000][1][safepoint    ] Leaving safepoint region
[2022-06-13T01:51:26.034+0000][1][safepoint    ] Total time for which application threads were stopped: 0.0009498 seconds, Stopping threads took: 0.0002977 seconds
[2022-06-13T01:51:26.036+0000][1][safepoint    ] Application time: 0.0017761 seconds
[2022-06-13T01:51:26.037+0000][1][safepoint    ] Entering safepoint region: RevokeBias
[2022-06-13T01:51:26.039+0000][1][safepoint    ] Leaving safepoint region
[2022-06-13T01:51:26.039+0000][1][safepoint    ] Total time for which application threads were stopped: 0.0024508 seconds, Stopping threads took: 0.0019596 seconds
[2022-06-13T01:51:26.040+0000][1][safepoint    ] Application time: 0.0002659 seconds
[2022-06-13T01:51:26.040+0000][1][safepoint    ] Entering safepoint region: RevokeBias
[2022-06-13T01:51:26.041+0000][1][safepoint    ] Leaving safepoint region
[2022-06-13T01:51:26.041+0000][1][safepoint    ] Total time for which application threads were stopped: 0.0006787 seconds, Stopping threads took: 0.0003369 seconds
[2022-06-13T01:51:26.042+0000][1][safepoint    ] Application time: 0.0005440 seconds
[2022-06-13T01:51:26.042+0000][1][safepoint    ] Entering safepoint region: RevokeBias
[2022-06-13T01:51:26.043+0000][1][safepoint    ] Leaving safepoint region
[2022-06-13T01:51:26.043+0000][1][safepoint    ] Total time for which application threads were stopped: 0.0008654 seconds, Stopping threads took: 0.0003651 seconds
[2022-06-13T01:51:26.044+0000][1][safepoint    ] Application time: 0.0009023 seconds
[2022-06-13T01:51:26.045+0000][1][safepoint    ] Entering safepoint region: RevokeBias
[2022-06-13T01:51:26.046+0000][1][safepoint    ] Leaving safepoint region
[2022-06-13T01:51:26.047+0000][1][safepoint    ] Total time for which application threads were stopped: 0.0017322 seconds, Stopping threads took: 0.0004920 seconds
[2022-06-13T01:51:26.047+0000][1][safepoint    ] Application time: 0.0001473 seconds
[2022-06-13T01:51:26.048+0000][1][safepoint    ] Entering safepoint region: RevokeBias
[2022-06-13T01:51:26.048+0000][1][safepoint    ] Leaving safepoint region
[2022-06-13T01:51:26.048+0000][1][safepoint    ] Total time for which application threads were stopped: 0.0006708 seconds, Stopping threads took: 0.0002851 seconds
[2022-06-13T01:51:26.049+0000][1][safepoint    ] Application time: 0.0002140 seconds
[2022-06-13T01:51:26.049+0000][1][safepoint    ] Entering safepoint region: RevokeBias
[2022-06-13T01:51:26.050+0000][1][safepoint    ] Leaving safepoint region
[2022-06-13T01:51:26.050+0000][1][safepoint    ] Total time for which application threads were stopped: 0.0005368 seconds, Stopping threads took: 0.0002645 seconds
[2022-06-13T01:51:26.050+0000][1][safepoint    ] Application time: 0.0000730 seconds
[2022-06-13T01:51:26.050+0000][1][safepoint    ] Entering safepoint region: RevokeBias
[2022-06-13T01:51:26.051+0000][1][safepoint    ] Leaving safepoint region
[2022-06-13T01:51:26.051+0000][1][safepoint    ] Total time for which application threads were stopped: 0.0004769 seconds, Stopping threads took: 0.0002269 seconds
[2022-06-13T01:51:26.051+0000][1][safepoint    ] Application time: 0.0000865 seconds
[2022-06-13T01:51:26.051+0000][1][safepoint    ] Entering safepoint region: RevokeBias
[2022-06-13T01:51:26.052+0000][1][safepoint    ] Leaving safepoint region
[2022-06-13T01:51:26.052+0000][1][safepoint    ] Total time for which application threads were stopped: 0.0004779 seconds, Stopping threads took: 0.0002422 seconds
[2022-06-13T01:51:26.052+0000][1][safepoint    ] Application time: 0.0000702 seconds
[2022-06-13T01:51:26.052+0000][1][safepoint    ] Entering safepoint region: RevokeBias
[2022-06-13T01:51:26.053+0000][1][safepoint    ] Leaving safepoint region
[2022-06-13T01:51:26.053+0000][1][safepoint    ] Total time for which application threads were stopped: 0.0006010 seconds, Stopping threads took: 0.0002662 seconds
[2022-06-13T01:51:26.053+0000][1][safepoint    ] Application time: 0.0000892 seconds
[2022-06-13T01:51:26.054+0000][1][safepoint    ] Entering safepoint region: RevokeBias
[2022-06-13T01:51:26.054+0000][1][safepoint    ] Leaving safepoint region
[2022-06-13T01:51:26.054+0000][1][safepoint    ] Total time for which application threads were stopped: 0.0007619 seconds, Stopping threads took: 0.0003785 seconds
[2022-06-13T01:51:26.055+0000][1][safepoint    ] Application time: 0.0001879 seconds
[2022-06-13T01:51:26.055+0000][1][safepoint    ] Entering safepoint region: RevokeBias
[2022-06-13T01:51:26.055+0000][1][safepoint    ] Leaving safepoint region
[2022-06-13T01:51:26.056+0000][1][safepoint    ] Total time for which application threads were stopped: 0.0006722 seconds, Stopping threads took: 0.0003091 seconds
[2022-06-13T01:51:26.056+0000][1][safepoint    ] Application time: 0.0001992 seconds
[2022-06-13T01:51:26.056+0000][1][safepoint    ] Entering safepoint region: RevokeBias
[2022-06-13T01:51:26.057+0000][1][safepoint    ] Leaving safepoint region
[2022-06-13T01:51:26.057+0000][1][safepoint    ] Total time for which application threads were stopped: 0.0006300 seconds, Stopping threads took: 0.0002611 seconds
[2022-06-13T01:51:26.058+0000][1][safepoint    ] Application time: 0.0002163 seconds
[2022-06-13T01:51:26.059+0000][1][safepoint    ] Entering safepoint region: RevokeBias
[2022-06-13T01:51:26.059+0000][1][safepoint    ] Leaving safepoint region
[2022-06-13T01:51:26.060+0000][1][safepoint    ] Total time for which application threads were stopped: 0.0006887 seconds, Stopping threads took: 0.0003271 seconds
[2022-06-13T01:51:26.060+0000][1][safepoint    ] Application time: 0.0001720 seconds
[2022-06-13T01:51:26.060+0000][1][safepoint    ] Entering safepoint region: RevokeBias
[2022-06-13T01:51:26.061+0000][1][safepoint    ] Leaving safepoint region
[2022-06-13T01:51:26.061+0000][1][safepoint    ] Total time for which application threads were stopped: 0.0006778 seconds, Stopping threads took: 0.0002963 seconds
[2022-06-13T01:51:26.061+0000][1][safepoint    ] Application time: 0.0001490 seconds
[2022-06-13T01:51:26.062+0000][1][safepoint    ] Entering safepoint region: RevokeBias
[2022-06-13T01:51:26.062+0000][1][safepoint    ] Leaving safepoint region
[2022-06-13T01:51:26.062+0000][1][safepoint    ] Total time for which application threads were stopped: 0.0005608 seconds, Stopping threads took: 0.0002176 seconds
[2022-06-13T01:51:26.063+0000][1][safepoint    ] Application time: 0.0001125 seconds
[2022-06-13T01:51:26.063+0000][1][safepoint    ] Entering safepoint region: RevokeBias
[2022-06-13T01:51:26.063+0000][1][safepoint    ] Leaving safepoint region
[2022-06-13T01:51:26.063+0000][1][safepoint    ] Total time for which application threads were stopped: 0.0006704 seconds, Stopping threads took: 0.0002969 seconds
[2022-06-13T01:51:26.064+0000][1][safepoint    ] Application time: 0.0001741 seconds
[2022-06-13T01:51:26.064+0000][1][safepoint    ] Entering safepoint region: RevokeBias
[2022-06-13T01:51:26.065+0000][1][safepoint    ] Leaving safepoint region
[2022-06-13T01:51:26.065+0000][1][safepoint    ] Total time for which application threads were stopped: 0.0006190 seconds, Stopping threads took: 0.0002584 seconds
[2022-06-13T01:51:26.065+0000][1][safepoint    ] Application time: 0.0001418 seconds
[2022-06-13T01:51:26.066+0000][1][safepoint    ] Entering safepoint region: RevokeBias
[2022-06-13T01:51:26.066+0000][1][safepoint    ] Leaving safepoint region
[2022-06-13T01:51:26.066+0000][1][safepoint    ] Total time for which application threads were stopped: 0.0006493 seconds, Stopping threads took: 0.0003014 seconds
[2022-06-13T01:51:26.067+0000][1][safepoint    ] Application time: 0.0001611 seconds
[2022-06-13T01:51:26.067+0000][1][safepoint    ] Entering safepoint region: RevokeBias
[2022-06-13T01:51:26.067+0000][1][safepoint    ] Leaving safepoint region
[2022-06-13T01:51:26.068+0000][1][safepoint    ] Total time for which application threads were stopped: 0.0007693 seconds, Stopping threads took: 0.0003104 seconds
[2022-06-13T01:51:26.068+0000][1][safepoint    ] Application time: 0.0001293 seconds
[2022-06-13T01:51:26.069+0000][1][safepoint    ] Entering safepoint region: RevokeBias
[2022-06-13T01:51:26.069+0000][1][safepoint    ] Leaving safepoint region
[2022-06-13T01:51:26.069+0000][1][safepoint    ] Total time for which application threads were stopped: 0.0008106 seconds, Stopping threads took: 0.0003503 seconds
[2022-06-13T01:51:26.070+0000][1][safepoint    ] Application time: 0.0002081 seconds
[2022-06-13T01:51:26.070+0000][1][safepoint    ] Entering safepoint region: RevokeBias
[2022-06-13T01:51:26.071+0000][1][safepoint    ] Leaving safepoint region
[2022-06-13T01:51:26.071+0000][1][safepoint    ] Total time for which application threads were stopped: 0.0007205 seconds, Stopping threads took: 0.0002984 seconds
[2022-06-13T01:51:26.072+0000][1][safepoint    ] Application time: 0.0001869 seconds
[2022-06-13T01:51:26.072+0000][1][safepoint    ] Entering safepoint region: BulkRevokeBias
[2022-06-13T01:51:26.073+0000][1][safepoint    ] Leaving safepoint region
[2022-06-13T01:51:26.073+0000][1][safepoint    ] Total time for which application threads were stopped: 0.0009186 seconds, Stopping threads took: 0.0003982 seconds
[2022-06-13T01:51:26.074+0000][1][safepoint    ] Application time: 0.0006923 seconds
[2022-06-13T01:51:26.074+0000][1][safepoint    ] Entering safepoint region: RevokeBias
[2022-06-13T01:51:26.075+0000][1][safepoint    ] Leaving safepoint region
[2022-06-13T01:51:26.075+0000][1][safepoint    ] Total time for which application threads were stopped: 0.0010707 seconds, Stopping threads took: 0.0004543 seconds
[2022-06-13T01:51:26.078+0000][1][safepoint    ] Application time: 0.0022077 seconds
[2022-06-13T01:51:26.079+0000][1][safepoint    ] Entering safepoint region: RevokeBias
[2022-06-13T01:51:26.079+0000][1][safepoint    ] Leaving safepoint region
[2022-06-13T01:51:26.080+0000][1][safepoint    ] Total time for which application threads were stopped: 0.0009134 seconds, Stopping threads took: 0.0003564 seconds
[2022-06-13T01:51:26.080+0000][1][safepoint    ] Application time: 0.0002685 seconds
[2022-06-13T01:51:26.081+0000][1][safepoint    ] Entering safepoint region: RevokeBias
[2022-06-13T01:51:26.081+0000][1][safepoint    ] Leaving safepoint region
[2022-06-13T01:51:26.081+0000][1][safepoint    ] Total time for which application threads were stopped: 0.0006968 seconds, Stopping threads took: 0.0003384 seconds
[2022-06-13T01:51:26.082+0000][1][safepoint    ] Application time: 0.0002037 seconds
[2022-06-13T01:51:26.082+0000][1][safepoint    ] Entering safepoint region: RevokeBias
[2022-06-13T01:51:26.083+0000][1][safepoint    ] Leaving safepoint region
[2022-06-13T01:51:26.083+0000][1][safepoint    ] Total time for which application threads were stopped: 0.0009294 seconds, Stopping threads took: 0.0003138 seconds
[2022-06-13T01:51:26.084+0000][1][safepoint    ] Application time: 0.0001797 seconds
[2022-06-13T01:51:26.084+0000][1][safepoint    ] Entering safepoint region: RevokeBias
[2022-06-13T01:51:26.085+0000][1][safepoint    ] Leaving safepoint region
[2022-06-13T01:51:26.085+0000][1][safepoint    ] Total time for which application threads were stopped: 0.0007279 seconds, Stopping threads took: 0.0002946 seconds
[2022-06-13T01:51:26.085+0000][1][safepoint    ] Application time: 0.0001954 seconds
[2022-06-13T01:51:26.086+0000][1][safepoint    ] Entering safepoint region: RevokeBias
[2022-06-13T01:51:26.087+0000][1][safepoint    ] Leaving safepoint region
[2022-06-13T01:51:26.087+0000][1][safepoint    ] Total time for which application threads were stopped: 0.0012310 seconds, Stopping threads took: 0.0006412 seconds
[2022-06-13T01:51:26.087+0000][1][safepoint    ] Application time: 0.0002017 seconds
[2022-06-13T01:51:26.088+0000][1][safepoint    ] Entering safepoint region: RevokeBias
[2022-06-13T01:51:26.088+0000][1][safepoint    ] Leaving safepoint region
[2022-06-13T01:51:26.088+0000][1][safepoint    ] Total time for which application threads were stopped: 0.0007414 seconds, Stopping threads took: 0.0003072 seconds
[2022-06-13T01:51:26.089+0000][1][safepoint    ] Application time: 0.0002015 seconds
[2022-06-13T01:51:26.089+0000][1][safepoint    ] Entering safepoint region: RevokeBias
[2022-06-13T01:51:26.090+0000][1][safepoint    ] Leaving safepoint region
[2022-06-13T01:51:26.090+0000][1][safepoint    ] Total time for which application threads were stopped: 0.0008194 seconds, Stopping threads took: 0.0002979 seconds
[2022-06-13T01:51:26.091+0000][1][safepoint    ] Application time: 0.0001927 seconds
[2022-06-13T01:51:26.091+0000][1][safepoint    ] Entering safepoint region: RevokeBias
[2022-06-13T01:51:26.091+0000][1][safepoint    ] Leaving safepoint region
[2022-06-13T01:51:26.092+0000][1][safepoint    ] Total time for which application threads were stopped: 0.0007426 seconds, Stopping threads took: 0.0003545 seconds
[2022-06-13T01:51:26.092+0000][1][safepoint    ] Application time: 0.0001242 seconds
[2022-06-13T01:51:26.093+0000][1][safepoint    ] Entering safepoint region: RevokeBias
[2022-06-13T01:51:26.093+0000][1][safepoint    ] Leaving safepoint region
[2022-06-13T01:51:26.093+0000][1][safepoint    ] Total time for which application threads were stopped: 0.0007126 seconds, Stopping threads took: 0.0003122 seconds
[2022-06-13T01:51:26.094+0000][1][safepoint    ] Application time: 0.0000659 seconds
[2022-06-13T01:51:26.094+0000][1][safepoint    ] Entering safepoint region: RevokeBias
[2022-06-13T01:51:26.094+0000][1][safepoint    ] Leaving safepoint region
[2022-06-13T01:51:26.094+0000][1][safepoint    ] Total time for which application threads were stopped: 0.0005691 seconds, Stopping threads took: 0.0002648 seconds
[2022-06-13T01:51:26.096+0000][1][safepoint    ] Application time: 0.0001536 seconds
[2022-06-13T01:51:26.096+0000][1][safepoint    ] Entering safepoint region: RevokeBias
[2022-06-13T01:51:26.096+0000][1][safepoint    ] Leaving safepoint region
[2022-06-13T01:51:26.097+0000][1][safepoint    ] Total time for which application threads were stopped: 0.0006867 seconds, Stopping threads took: 0.0003171 seconds
[2022-06-13T01:51:26.097+0000][1][safepoint    ] Application time: 0.0001460 seconds
[2022-06-13T01:51:26.097+0000][1][safepoint    ] Entering safepoint region: RevokeBias
[2022-06-13T01:51:26.098+0000][1][safepoint    ] Leaving safepoint region
[2022-06-13T01:51:26.098+0000][1][safepoint    ] Total time for which application threads were stopped: 0.0007028 seconds, Stopping threads took: 0.0003252 seconds
[2022-06-13T01:51:26.099+0000][1][safepoint    ] Application time: 0.0001564 seconds
[2022-06-13T01:51:26.099+0000][1][safepoint    ] Entering safepoint region: RevokeBias
[2022-06-13T01:51:26.101+0000][1][safepoint    ] Leaving safepoint region
[2022-06-13T01:51:26.101+0000][1][safepoint    ] Total time for which application threads were stopped: 0.0024615 seconds, Stopping threads took: 0.0020476 seconds
[2022-06-13T01:51:26.102+0000][1][safepoint    ] Application time: 0.0003963 seconds
[2022-06-13T01:51:26.103+0000][1][safepoint    ] Entering safepoint region: RevokeBias
[2022-06-13T01:51:26.103+0000][1][safepoint    ] Leaving safepoint region
[2022-06-13T01:51:26.104+0000][1][safepoint    ] Total time for which application threads were stopped: 0.0009299 seconds, Stopping threads took: 0.0003608 seconds
[2022-06-13T01:51:26.104+0000][1][safepoint    ] Application time: 0.0003854 seconds
[2022-06-13T01:51:26.105+0000][1][safepoint    ] Entering safepoint region: RevokeBias
[2022-06-13T01:51:26.105+0000][1][safepoint    ] Leaving safepoint region
[2022-06-13T01:51:26.106+0000][1][safepoint    ] Total time for which application threads were stopped: 0.0007238 seconds, Stopping threads took: 0.0002921 seconds
[2022-06-13T01:51:26.106+0000][1][safepoint    ] Application time: 0.0001718 seconds
[2022-06-13T01:51:26.106+0000][1][safepoint    ] Entering safepoint region: RevokeBias
[2022-06-13T01:51:26.107+0000][1][safepoint    ] Leaving safepoint region
[2022-06-13T01:51:26.107+0000][1][safepoint    ] Total time for which application threads were stopped: 0.0007422 seconds, Stopping threads took: 0.0003364 seconds
[2022-06-13T01:51:26.107+0000][1][safepoint    ] Application time: 0.0001751 seconds
[2022-06-13T01:51:26.108+0000][1][safepoint    ] Entering safepoint region: RevokeBias
[2022-06-13T01:51:26.108+0000][1][safepoint    ] Leaving safepoint region
[2022-06-13T01:51:26.108+0000][1][safepoint    ] Total time for which application threads were stopped: 0.0006612 seconds, Stopping threads took: 0.0003141 seconds
[2022-06-13T01:51:26.109+0000][1][safepoint    ] Application time: 0.0001553 seconds
[2022-06-13T01:51:26.109+0000][1][safepoint    ] Entering safepoint region: RevokeBias
[2022-06-13T01:51:26.110+0000][1][safepoint    ] Leaving safepoint region
[2022-06-13T01:51:26.110+0000][1][safepoint    ] Total time for which application threads were stopped: 0.0006811 seconds, Stopping threads took: 0.0003196 seconds
[2022-06-13T01:51:26.110+0000][1][safepoint    ] Application time: 0.0000654 seconds
[2022-06-13T01:51:26.111+0000][1][safepoint    ] Entering safepoint region: RevokeBias
[2022-06-13T01:51:26.111+0000][1][safepoint    ] Leaving safepoint region
[2022-06-13T01:51:26.111+0000][1][safepoint    ] Total time for which application threads were stopped: 0.0006602 seconds, Stopping threads took: 0.0002673 seconds
[2022-06-13T01:51:26.112+0000][1][safepoint    ] Application time: 0.0000543 seconds
[2022-06-13T01:51:26.112+0000][1][safepoint    ] Entering safepoint region: RevokeBias
[2022-06-13T01:51:26.112+0000][1][safepoint    ] Leaving safepoint region
[2022-06-13T01:51:26.113+0000][1][safepoint    ] Total time for which application threads were stopped: 0.0006739 seconds, Stopping threads took: 0.0003086 seconds
[2022-06-13T01:51:26.113+0000][1][safepoint    ] Application time: 0.0004055 seconds
[2022-06-13T01:51:26.115+0000][1][safepoint    ] Entering safepoint region: RevokeBias
[2022-06-13T01:51:26.119+0000][1][safepoint    ] Leaving safepoint region
[2022-06-13T01:51:26.126+0000][1][safepoint    ] Total time for which application threads were stopped: 0.0102810 seconds, Stopping threads took: 0.0029924 seconds
[2022-06-13T01:51:26.127+0000][1][safepoint    ] Application time: 0.0001440 seconds
[2022-06-13T01:51:26.127+0000][1][safepoint    ] Entering safepoint region: BulkRevokeBias
[2022-06-13T01:51:26.128+0000][1][safepoint    ] Leaving safepoint region
[2022-06-13T01:51:26.128+0000][1][safepoint    ] Total time for which application threads were stopped: 0.0008273 seconds, Stopping threads took: 0.0003173 seconds
[2022-06-13T01:51:26.130+0000][1][safepoint    ] Application time: 0.0013276 seconds
[2022-06-13T01:51:26.130+0000][1][safepoint    ] Entering safepoint region: RevokeBias
[2022-06-13T01:51:26.131+0000][1][safepoint    ] Leaving safepoint region
[2022-06-13T01:51:26.131+0000][1][safepoint    ] Total time for which application threads were stopped: 0.0006807 seconds, Stopping threads took: 0.0002828 seconds
[2022-06-13T01:51:26.131+0000][1][safepoint    ] Application time: 0.0001925 seconds
[2022-06-13T01:51:26.132+0000][1][safepoint    ] Entering safepoint region: RevokeBias
[2022-06-13T01:51:26.132+0000][1][safepoint    ] Leaving safepoint region
[2022-06-13T01:51:26.132+0000][1][safepoint    ] Total time for which application threads were stopped: 0.0006958 seconds, Stopping threads took: 0.0003178 seconds
[2022-06-13T01:51:26.135+0000][1][safepoint    ] Application time: 0.0014392 seconds
[2022-06-13T01:51:26.135+0000][1][safepoint    ] Entering safepoint region: RevokeBias
[2022-06-13T01:51:26.135+0000][1][safepoint    ] Leaving safepoint region
[2022-06-13T01:51:26.136+0000][1][safepoint    ] Total time for which application threads were stopped: 0.0010844 seconds, Stopping threads took: 0.0003599 seconds
[2022-06-13T01:51:26.138+0000][1][safepoint    ] Application time: 0.0017987 seconds
[2022-06-13T01:51:26.139+0000][1][safepoint    ] Entering safepoint region: RevokeBias
[2022-06-13T01:51:26.139+0000][1][safepoint    ] Leaving safepoint region
[2022-06-13T01:51:26.139+0000][1][safepoint    ] Total time for which application threads were stopped: 0.0007128 seconds, Stopping threads took: 0.0003028 seconds
[2022-06-13T01:51:26.140+0000][1][safepoint    ] Application time: 0.0001549 seconds
[2022-06-13T01:51:26.140+0000][1][safepoint    ] Entering safepoint region: RevokeBias
[2022-06-13T01:51:26.141+0000][1][safepoint    ] Leaving safepoint region
[2022-06-13T01:51:26.141+0000][1][safepoint    ] Total time for which application threads were stopped: 0.0010169 seconds, Stopping threads took: 0.0002725 seconds
[2022-06-13T01:51:26.142+0000][1][safepoint    ] Application time: 0.0000993 seconds
[2022-06-13T01:51:26.142+0000][1][safepoint    ] Entering safepoint region: RevokeBias
[2022-06-13T01:51:26.142+0000][1][safepoint    ] Leaving safepoint region
[2022-06-13T01:51:26.143+0000][1][safepoint    ] Total time for which application threads were stopped: 0.0007450 seconds, Stopping threads took: 0.0003055 seconds
[2022-06-13T01:51:26.148+0000][1][safepoint    ] Application time: 0.0048629 seconds
[2022-06-13T01:51:26.149+0000][1][safepoint    ] Entering safepoint region: RevokeBias
[2022-06-13T01:51:26.150+0000][1][safepoint    ] Leaving safepoint region
[2022-06-13T01:51:26.150+0000][1][safepoint    ] Total time for which application threads were stopped: 0.0010285 seconds, Stopping threads took: 0.0005487 seconds
[2022-06-13T01:51:26.151+0000][1][safepoint    ] Application time: 0.0004524 seconds
[2022-06-13T01:51:26.153+0000][1][safepoint    ] Entering safepoint region: RevokeBias
[2022-06-13T01:51:26.153+0000][1][safepoint    ] Leaving safepoint region
[2022-06-13T01:51:26.153+0000][1][safepoint    ] Total time for which application threads were stopped: 0.0019521 seconds, Stopping threads took: 0.0015682 seconds
[2022-06-13T01:51:26.155+0000][1][safepoint    ] Application time: 0.0011438 seconds
[2022-06-13T01:51:26.155+0000][1][safepoint    ] Entering safepoint region: RevokeBias
[2022-06-13T01:51:26.156+0000][1][safepoint    ] Leaving safepoint region
[2022-06-13T01:51:26.156+0000][1][safepoint    ] Total time for which application threads were stopped: 0.0011109 seconds, Stopping threads took: 0.0005787 seconds
[2022-06-13T01:51:26.157+0000][1][safepoint    ] Application time: 0.0007094 seconds
[2022-06-13T01:51:26.157+0000][1][safepoint    ] Entering safepoint region: RevokeBias
[2022-06-13T01:51:26.158+0000][1][safepoint    ] Leaving safepoint region
[2022-06-13T01:51:26.164+0000][1][safepoint    ] Total time for which application threads were stopped: 0.0069678 seconds, Stopping threads took: 0.0004299 seconds
[2022-06-13T01:51:26.168+0000][1][safepoint    ] Application time: 0.0019384 seconds
[2022-06-13T01:51:26.169+0000][1][safepoint    ] Entering safepoint region: RevokeBias
[2022-06-13T01:51:26.169+0000][1][safepoint    ] Leaving safepoint region
[2022-06-13T01:51:26.169+0000][1][safepoint    ] Total time for which application threads were stopped: 0.0011870 seconds, Stopping threads took: 0.0005950 seconds
[2022-06-13T01:51:26.170+0000][1][safepoint    ] Application time: 0.0001796 seconds
[2022-06-13T01:51:26.170+0000][1][safepoint    ] Entering safepoint region: RevokeBias
[2022-06-13T01:51:26.170+0000][1][safepoint    ] Leaving safepoint region
[2022-06-13T01:51:26.171+0000][1][safepoint    ] Total time for which application threads were stopped: 0.0005737 seconds, Stopping threads took: 0.0002233 seconds
[2022-06-13T01:51:26.177+0000][1][safepoint    ] Application time: 0.0063208 seconds
[2022-06-13T01:51:26.178+0000][1][safepoint    ] Entering safepoint region: RevokeBias
[2022-06-13T01:51:26.178+0000][1][safepoint    ] Leaving safepoint region
[2022-06-13T01:51:26.179+0000][1][safepoint    ] Total time for which application threads were stopped: 0.0006987 seconds, Stopping threads took: 0.0002645 seconds
[2022-06-13T01:51:26.180+0000][1][safepoint    ] Application time: 0.0004143 seconds
[2022-06-13T01:51:26.180+0000][1][safepoint    ] Entering safepoint region: RevokeBias
[2022-06-13T01:51:26.181+0000][1][safepoint    ] Leaving safepoint region
[2022-06-13T01:51:26.181+0000][1][safepoint    ] Total time for which application threads were stopped: 0.0011722 seconds, Stopping threads took: 0.0006907 seconds
[2022-06-13T01:51:26.182+0000][1][safepoint    ] Application time: 0.0008849 seconds
[2022-06-13T01:51:26.183+0000][1][safepoint    ] Entering safepoint region: RevokeBias
[2022-06-13T01:51:26.183+0000][1][safepoint    ] Leaving safepoint region
[2022-06-13T01:51:26.183+0000][1][safepoint    ] Total time for which application threads were stopped: 0.0007503 seconds, Stopping threads took: 0.0004057 seconds
[2022-06-13T01:51:26.185+0000][1][safepoint    ] Application time: 0.0013299 seconds
[2022-06-13T01:51:26.186+0000][1][safepoint    ] Entering safepoint region: RevokeBias
[2022-06-13T01:51:26.186+0000][1][safepoint    ] Leaving safepoint region
[2022-06-13T01:51:26.187+0000][1][safepoint    ] Total time for which application threads were stopped: 0.0013224 seconds, Stopping threads took: 0.0009213 seconds
[2022-06-13T01:51:26.189+0000][1][safepoint    ] Application time: 0.0024461 seconds
[2022-06-13T01:51:26.191+0000][1][safepoint    ] Entering safepoint region: RevokeBias
[2022-06-13T01:51:26.192+0000][1][safepoint    ] Leaving safepoint region
[2022-06-13T01:51:26.192+0000][1][safepoint    ] Total time for which application threads were stopped: 0.0014297 seconds, Stopping threads took: 0.0009537 seconds
[2022-06-13T01:51:26.193+0000][1][safepoint    ] Application time: 0.0008080 seconds
[2022-06-13T01:51:26.194+0000][1][safepoint    ] Entering safepoint region: RevokeBias
[2022-06-13T01:51:26.194+0000][1][safepoint    ] Leaving safepoint region
[2022-06-13T01:51:26.194+0000][1][safepoint    ] Total time for which application threads were stopped: 0.0007124 seconds, Stopping threads took: 0.0002786 seconds
[2022-06-13T01:51:26.195+0000][1][safepoint    ] Application time: 0.0002248 seconds
[2022-06-13T01:51:26.195+0000][1][safepoint    ] Entering safepoint region: RevokeBias
[2022-06-13T01:51:26.195+0000][1][safepoint    ] Leaving safepoint region
[2022-06-13T01:51:26.196+0000][1][safepoint    ] Total time for which application threads were stopped: 0.0006113 seconds, Stopping threads took: 0.0002237 seconds
[2022-06-13T01:51:26.206+0000][1][safepoint    ] Application time: 0.0099361 seconds
[2022-06-13T01:51:26.206+0000][1][safepoint    ] Entering safepoint region: RevokeBias
[2022-06-13T01:51:26.207+0000][1][safepoint    ] Leaving safepoint region
[2022-06-13T01:51:26.208+0000][1][safepoint    ] Total time for which application threads were stopped: 0.0019557 seconds, Stopping threads took: 0.0007264 seconds
[2022-06-13T01:51:26.227+0000][1][safepoint    ] Application time: 0.0181753 seconds
[2022-06-13T01:51:26.231+0000][1][safepoint    ] Entering safepoint region: RevokeBias
[2022-06-13T01:51:26.232+0000][1][safepoint    ] Leaving safepoint region
[2022-06-13T01:51:26.236+0000][1][safepoint    ] Total time for which application threads were stopped: 0.0045494 seconds, Stopping threads took: 0.0005784 seconds
[2022-06-13T01:51:26.237+0000][1][safepoint    ] Application time: 0.0006214 seconds
[2022-06-13T01:51:26.237+0000][1][safepoint    ] Entering safepoint region: RevokeBias
[2022-06-13T01:51:26.238+0000][1][safepoint    ] Leaving safepoint region
[2022-06-13T01:51:26.238+0000][1][safepoint    ] Total time for which application threads were stopped: 0.0005391 seconds, Stopping threads took: 0.0001901 seconds
[2022-06-13T01:51:26.878+0000][1][safepoint    ] Application time: 0.6397885 seconds
[2022-06-13T01:51:26.878+0000][1][safepoint    ] Entering safepoint region: RevokeBias
[2022-06-13T01:51:26.879+0000][1][safepoint    ] Leaving safepoint region
[2022-06-13T01:51:26.879+0000][1][safepoint    ] Total time for which application threads were stopped: 0.0009118 seconds, Stopping threads took: 0.0003651 seconds
[2022-06-13T01:51:26.880+0000][1][safepoint    ] Application time: 0.0002654 seconds
[2022-06-13T01:51:26.880+0000][1][safepoint    ] Entering safepoint region: RevokeBias
[2022-06-13T01:51:26.881+0000][1][safepoint    ] Leaving safepoint region
[2022-06-13T01:51:26.881+0000][1][safepoint    ] Total time for which application threads were stopped: 0.0007909 seconds, Stopping threads took: 0.0003477 seconds
[2022-06-13T01:51:26.883+0000][1][safepoint    ] Application time: 0.0016509 seconds
[2022-06-13T01:51:26.883+0000][1][safepoint    ] Entering safepoint region: RevokeBias
[2022-06-13T01:51:26.884+0000][1][safepoint    ] Leaving safepoint region
[2022-06-13T01:51:26.884+0000][1][safepoint    ] Total time for which application threads were stopped: 0.0007086 seconds, Stopping threads took: 0.0003858 seconds
[2022-06-13T01:51:26.885+0000][1][safepoint    ] Application time: 0.0003005 seconds
[2022-06-13T01:51:26.886+0000][1][safepoint    ] Entering safepoint region: RevokeBias
[2022-06-13T01:51:26.887+0000][1][safepoint    ] Leaving safepoint region
[2022-06-13T01:51:26.887+0000][1][safepoint    ] Total time for which application threads were stopped: 0.0021840 seconds, Stopping threads took: 0.0017525 seconds
[2022-06-13T01:51:26.888+0000][1][safepoint    ] Application time: 0.0003073 seconds
[2022-06-13T01:51:26.888+0000][1][safepoint    ] Entering safepoint region: BulkRevokeBias
[2022-06-13T01:51:26.889+0000][1][safepoint    ] Leaving safepoint region
[2022-06-13T01:51:26.889+0000][1][safepoint    ] Total time for which application threads were stopped: 0.0010796 seconds, Stopping threads took: 0.0005930 seconds
[2022-06-13T01:51:26.966+0000][1][safepoint    ] Application time: 0.0762756 seconds
[2022-06-13T01:51:26.966+0000][1][safepoint    ] Entering safepoint region: RevokeBias
[2022-06-13T01:51:26.967+0000][1][safepoint    ] Leaving safepoint region
[2022-06-13T01:51:26.967+0000][1][safepoint    ] Total time for which application threads were stopped: 0.0007350 seconds, Stopping threads took: 0.0003796 seconds
[2022-06-13T01:51:27.223+0000][1][safepoint    ] Application time: 0.2558730 seconds
[2022-06-13T01:51:27.224+0000][1][safepoint    ] Entering safepoint region: GenCollectForAllocation
[2022-06-13T01:51:27.224+0000][1][gc,start     ] GC(20) Pause Young (Allocation Failure)
[2022-06-13T01:51:27.224+0000][1][gc,task      ] GC(20) Using 5 workers of 13 for evacuation
[2022-06-13T01:51:27.236+0000][1][gc,age       ] GC(20) Desired survivor size 4456448 bytes, new threshold 2 (max threshold 6)
[2022-06-13T01:51:27.236+0000][1][gc,age       ] GC(20) Age table with threshold 2 (max threshold 6)
[2022-06-13T01:51:27.237+0000][1][gc,age       ] GC(20) - age   1:    1498336 bytes,    1498336 total
[2022-06-13T01:51:27.237+0000][1][gc,age       ] GC(20) - age   2:    3120400 bytes,    4618736 total
[2022-06-13T01:51:27.237+0000][1][gc,heap      ] GC(20) ParNew: 78656K->7363K(78656K)
[2022-06-13T01:51:27.238+0000][1][gc,heap      ] GC(20) CMS: 55776K->59853K(174784K)
[2022-06-13T01:51:27.239+0000][1][gc,metaspace ] GC(20) Metaspace: 53306K->53306K(1097728K)
[2022-06-13T01:51:27.240+0000][1][gc           ] GC(20) Pause Young (Allocation Failure) 131M->65M(247M) 15.634ms
[2022-06-13T01:51:27.240+0000][1][gc,cpu       ] GC(20) User=0.06s Sys=0.00s Real=0.02s
[2022-06-13T01:51:27.240+0000][1][safepoint    ] Leaving safepoint region
[2022-06-13T01:51:27.241+0000][1][safepoint    ] Total time for which application threads were stopped: 0.0170579 seconds, Stopping threads took: 0.0002031 seconds
[2022-06-13T01:51:27.762+0000][1][safepoint    ] Application time: 0.5213469 seconds
[2022-06-13T01:51:27.763+0000][1][safepoint    ] Entering safepoint region: Deoptimize
[2022-06-13T01:51:27.764+0000][1][safepoint    ] Leaving safepoint region
[2022-06-13T01:51:27.765+0000][1][safepoint    ] Total time for which application threads were stopped: 0.0018331 seconds, Stopping threads took: 0.0003309 seconds
[2022-06-13T01:51:27.820+0000][1][safepoint    ] Application time: 0.0549544 seconds
[2022-06-13T01:51:27.820+0000][1][safepoint    ] Entering safepoint region: RevokeBias
[2022-06-13T01:51:27.821+0000][1][safepoint    ] Leaving safepoint region
[2022-06-13T01:51:27.821+0000][1][safepoint    ] Total time for which application threads were stopped: 0.0008093 seconds, Stopping threads took: 0.0003994 seconds
[2022-06-13T01:51:27.821+0000][1][safepoint    ] Application time: 0.0001975 seconds
[2022-06-13T01:51:27.822+0000][1][safepoint    ] Entering safepoint region: RevokeBias
[2022-06-13T01:51:27.822+0000][1][safepoint    ] Leaving safepoint region
[2022-06-13T01:51:27.822+0000][1][safepoint    ] Total time for which application threads were stopped: 0.0007398 seconds, Stopping threads took: 0.0003229 seconds
[2022-06-13T01:51:27.823+0000][1][safepoint    ] Application time: 0.0002372 seconds
[2022-06-13T01:51:27.823+0000][1][safepoint    ] Entering safepoint region: RevokeBias
[2022-06-13T01:51:27.823+0000][1][safepoint    ] Leaving safepoint region
[2022-06-13T01:51:27.824+0000][1][safepoint    ] Total time for which application threads were stopped: 0.0005696 seconds, Stopping threads took: 0.0002696 seconds
[2022-06-13T01:51:27.831+0000][1][safepoint    ] Application time: 0.0071811 seconds
[2022-06-13T01:51:27.832+0000][1][safepoint    ] Entering safepoint region: RevokeBias
[2022-06-13T01:51:27.832+0000][1][safepoint    ] Leaving safepoint region
[2022-06-13T01:51:27.832+0000][1][safepoint    ] Total time for which application threads were stopped: 0.0008719 seconds, Stopping threads took: 0.0003616 seconds
[2022-06-13T01:51:27.891+0000][1][safepoint    ] Application time: 0.0584509 seconds
[2022-06-13T01:51:27.892+0000][1][safepoint    ] Entering safepoint region: RevokeBias
[2022-06-13T01:51:27.894+0000][1][safepoint    ] Leaving safepoint region
[2022-06-13T01:51:27.895+0000][1][safepoint    ] Total time for which application threads were stopped: 0.0033056 seconds, Stopping threads took: 0.0007843 seconds
[2022-06-13T01:51:27.896+0000][1][safepoint    ] Application time: 0.0001731 seconds
[2022-06-13T01:51:27.896+0000][1][safepoint    ] Entering safepoint region: RevokeBias
[2022-06-13T01:51:27.896+0000][1][safepoint    ] Leaving safepoint region
[2022-06-13T01:51:27.897+0000][1][safepoint    ] Total time for which application threads were stopped: 0.0007704 seconds, Stopping threads took: 0.0004015 seconds
[2022-06-13T01:51:27.897+0000][1][safepoint    ] Application time: 0.0001766 seconds
[2022-06-13T01:51:27.897+0000][1][safepoint    ] Entering safepoint region: RevokeBias
[2022-06-13T01:51:27.898+0000][1][safepoint    ] Leaving safepoint region
[2022-06-13T01:51:27.898+0000][1][safepoint    ] Total time for which application threads were stopped: 0.0005177 seconds, Stopping threads took: 0.0002286 seconds
[2022-06-13T01:51:28.161+0000][1][safepoint    ] Application time: 0.2633302 seconds
[2022-06-13T01:51:28.162+0000][1][safepoint    ] Entering safepoint region: Deoptimize
[2022-06-13T01:51:28.164+0000][1][safepoint    ] Leaving safepoint region
[2022-06-13T01:51:28.164+0000][1][safepoint    ] Total time for which application threads were stopped: 0.0020498 seconds, Stopping threads took: 0.0003484 seconds
[2022-06-13T01:51:28.654+0000][1][safepoint    ] Application time: 0.4903065 seconds
[2022-06-13T01:51:28.655+0000][1][safepoint    ] Entering safepoint region: RevokeBias
[2022-06-13T01:51:28.656+0000][1][safepoint    ] Leaving safepoint region
[2022-06-13T01:51:28.656+0000][1][safepoint    ] Total time for which application threads were stopped: 0.0008605 seconds, Stopping threads took: 0.0004122 seconds
[2022-06-13T01:51:28.657+0000][1][safepoint    ] Application time: 0.0005884 seconds
[2022-06-13T01:51:28.657+0000][1][safepoint    ] Entering safepoint region: RevokeBias
[2022-06-13T01:51:28.658+0000][1][safepoint    ] Leaving safepoint region
[2022-06-13T01:51:28.658+0000][1][safepoint    ] Total time for which application threads were stopped: 0.0005386 seconds, Stopping threads took: 0.0002614 seconds
[2022-06-13T01:51:28.659+0000][1][safepoint    ] Application time: 0.0007455 seconds
[2022-06-13T01:51:28.660+0000][1][safepoint    ] Entering safepoint region: RevokeBias
[2022-06-13T01:51:28.660+0000][1][safepoint    ] Leaving safepoint region
[2022-06-13T01:51:28.660+0000][1][safepoint    ] Total time for which application threads were stopped: 0.0005801 seconds, Stopping threads took: 0.0002789 seconds
[2022-06-13T01:51:28.661+0000][1][safepoint    ] Application time: 0.0003793 seconds
[2022-06-13T01:51:28.661+0000][1][safepoint    ] Entering safepoint region: RevokeBias
[2022-06-13T01:51:28.662+0000][1][safepoint    ] Leaving safepoint region
[2022-06-13T01:51:28.662+0000][1][safepoint    ] Total time for which application threads were stopped: 0.0010052 seconds, Stopping threads took: 0.0005938 seconds
[2022-06-13T01:51:28.870+0000][1][safepoint    ] Application time: 0.2075647 seconds
[2022-06-13T01:51:28.871+0000][1][safepoint    ] Entering safepoint region: GenCollectForAllocation
[2022-06-13T01:51:28.871+0000][1][gc,start     ] GC(21) Pause Young (Allocation Failure)
[2022-06-13T01:51:28.871+0000][1][gc,task      ] GC(21) Using 5 workers of 13 for evacuation
[2022-06-13T01:51:28.884+0000][1][gc,age       ] GC(21) Desired survivor size 4456448 bytes, new threshold 2 (max threshold 6)
[2022-06-13T01:51:28.885+0000][1][gc,age       ] GC(21) Age table with threshold 2 (max threshold 6)
[2022-06-13T01:51:28.886+0000][1][gc,age       ] GC(21) - age   1:    3773392 bytes,    3773392 total
[2022-06-13T01:51:28.886+0000][1][gc,age       ] GC(21) - age   2:    1375264 bytes,    5148656 total
[2022-06-13T01:51:28.887+0000][1][gc,heap      ] GC(21) ParNew: 77315K->6883K(78656K)
[2022-06-13T01:51:28.887+0000][1][gc,heap      ] GC(21) CMS: 59853K->62970K(174784K)
[2022-06-13T01:51:28.887+0000][1][gc,metaspace ] GC(21) Metaspace: 61162K->61162K(1105920K)
[2022-06-13T01:51:28.887+0000][1][gc           ] GC(21) Pause Young (Allocation Failure) 133M->68M(247M) 16.363ms
[2022-06-13T01:51:28.888+0000][1][gc,cpu       ] GC(21) User=0.07s Sys=0.00s Real=0.01s
[2022-06-13T01:51:28.888+0000][1][safepoint    ] Leaving safepoint region
[2022-06-13T01:51:28.889+0000][1][safepoint    ] Total time for which application threads were stopped: 0.0180407 seconds, Stopping threads took: 0.0003733 seconds
[2022-06-13T01:51:28.899+0000][1][safepoint    ] Application time: 0.0105310 seconds
[2022-06-13T01:51:28.900+0000][1][safepoint    ] Entering safepoint region: RevokeBias
[2022-06-13T01:51:28.900+0000][1][safepoint    ] Leaving safepoint region
[2022-06-13T01:51:28.901+0000][1][safepoint    ] Total time for which application threads were stopped: 0.0008793 seconds, Stopping threads took: 0.0003895 seconds
[2022-06-13T01:51:28.933+0000][1][safepoint    ] Application time: 0.0322999 seconds
[2022-06-13T01:51:28.934+0000][1][safepoint    ] Entering safepoint region: RevokeBias
[2022-06-13T01:51:28.934+0000][1][safepoint    ] Leaving safepoint region
[2022-06-13T01:51:28.935+0000][1][safepoint    ] Total time for which application threads were stopped: 0.0007223 seconds, Stopping threads took: 0.0003486 seconds
[2022-06-13T01:51:28.985+0000][1][safepoint    ] Application time: 0.0498376 seconds
[2022-06-13T01:51:28.986+0000][1][safepoint    ] Entering safepoint region: RevokeBias
[2022-06-13T01:51:28.987+0000][1][safepoint    ] Leaving safepoint region
[2022-06-13T01:51:28.987+0000][1][safepoint    ] Total time for which application threads were stopped: 0.0007975 seconds, Stopping threads took: 0.0003605 seconds
[2022-06-13T01:51:28.988+0000][1][safepoint    ] Application time: 0.0002965 seconds
[2022-06-13T01:51:28.988+0000][1][safepoint    ] Entering safepoint region: RevokeBias
[2022-06-13T01:51:28.988+0000][1][safepoint    ] Leaving safepoint region
[2022-06-13T01:51:28.988+0000][1][safepoint    ] Total time for which application threads were stopped: 0.0005703 seconds, Stopping threads took: 0.0002657 seconds
[2022-06-13T01:51:28.990+0000][1][safepoint    ] Application time: 0.0009015 seconds
[2022-06-13T01:51:28.990+0000][1][safepoint    ] Entering safepoint region: RevokeBias
[2022-06-13T01:51:28.990+0000][1][safepoint    ] Leaving safepoint region
[2022-06-13T01:51:28.991+0000][1][safepoint    ] Total time for which application threads were stopped: 0.0006395 seconds, Stopping threads took: 0.0003864 seconds
[2022-06-13T01:51:28.992+0000][1][safepoint    ] Application time: 0.0009152 seconds
[2022-06-13T01:51:28.992+0000][1][safepoint    ] Entering safepoint region: RevokeBias
[2022-06-13T01:51:28.992+0000][1][safepoint    ] Leaving safepoint region
[2022-06-13T01:51:28.993+0000][1][safepoint    ] Total time for which application threads were stopped: 0.0006985 seconds, Stopping threads took: 0.0002296 seconds
[2022-06-13T01:51:28.993+0000][1][safepoint    ] Application time: 0.0002473 seconds
[2022-06-13T01:51:28.994+0000][1][safepoint    ] Entering safepoint region: RevokeBias
[2022-06-13T01:51:28.994+0000][1][safepoint    ] Leaving safepoint region
[2022-06-13T01:51:28.994+0000][1][safepoint    ] Total time for which application threads were stopped: 0.0007029 seconds, Stopping threads took: 0.0003026 seconds
[2022-06-13T01:51:28.995+0000][1][safepoint    ] Application time: 0.0004858 seconds
[2022-06-13T01:51:28.995+0000][1][safepoint    ] Entering safepoint region: RevokeBias
[2022-06-13T01:51:28.996+0000][1][safepoint    ] Leaving safepoint region
[2022-06-13T01:51:28.996+0000][1][safepoint    ] Total time for which application threads were stopped: 0.0006491 seconds, Stopping threads took: 0.0003050 seconds
[2022-06-13T01:51:29.222+0000][1][safepoint    ] Application time: 0.2259070 seconds
[2022-06-13T01:51:29.223+0000][1][safepoint    ] Entering safepoint region: Deoptimize
[2022-06-13T01:51:29.224+0000][1][safepoint    ] Leaving safepoint region
[2022-06-13T01:51:29.224+0000][1][safepoint    ] Total time for which application threads were stopped: 0.0014933 seconds, Stopping threads took: 0.0003976 seconds
[2022-06-13T01:51:29.249+0000][1][safepoint    ] Application time: 0.0243337 seconds
[2022-06-13T01:51:29.251+0000][1][safepoint    ] Entering safepoint region: BulkRevokeBias
[2022-06-13T01:51:29.251+0000][1][safepoint    ] Leaving safepoint region
[2022-06-13T01:51:29.252+0000][1][safepoint    ] Total time for which application threads were stopped: 0.0013593 seconds, Stopping threads took: 0.0008829 seconds
[2022-06-13T01:51:29.254+0000][1][safepoint    ] Application time: 0.0021554 seconds
[2022-06-13T01:51:29.254+0000][1][safepoint    ] Entering safepoint region: RevokeBias
[2022-06-13T01:51:29.255+0000][1][safepoint    ] Leaving safepoint region
[2022-06-13T01:51:29.255+0000][1][safepoint    ] Total time for which application threads were stopped: 0.0009639 seconds, Stopping threads took: 0.0004566 seconds
[2022-06-13T01:51:29.257+0000][1][safepoint    ] Application time: 0.0009268 seconds
[2022-06-13T01:51:29.257+0000][1][safepoint    ] Entering safepoint region: RevokeBias
[2022-06-13T01:51:29.258+0000][1][safepoint    ] Leaving safepoint region
[2022-06-13T01:51:29.258+0000][1][safepoint    ] Total time for which application threads were stopped: 0.0010579 seconds, Stopping threads took: 0.0003377 seconds
[2022-06-13T01:51:29.259+0000][1][safepoint    ] Application time: 0.0005807 seconds
[2022-06-13T01:51:29.260+0000][1][safepoint    ] Entering safepoint region: RevokeBias
[2022-06-13T01:51:29.260+0000][1][safepoint    ] Leaving safepoint region
[2022-06-13T01:51:29.260+0000][1][safepoint    ] Total time for which application threads were stopped: 0.0007570 seconds, Stopping threads took: 0.0003168 seconds
[2022-06-13T01:51:29.261+0000][1][safepoint    ] Application time: 0.0002303 seconds
[2022-06-13T01:51:29.261+0000][1][safepoint    ] Entering safepoint region: RevokeBias
[2022-06-13T01:51:29.261+0000][1][safepoint    ] Leaving safepoint region
[2022-06-13T01:51:29.262+0000][1][safepoint    ] Total time for which application threads were stopped: 0.0006535 seconds, Stopping threads took: 0.0002992 seconds
[2022-06-13T01:51:29.262+0000][1][safepoint    ] Application time: 0.0003436 seconds
[2022-06-13T01:51:29.263+0000][1][safepoint    ] Entering safepoint region: RevokeBias
[2022-06-13T01:51:29.263+0000][1][safepoint    ] Leaving safepoint region
[2022-06-13T01:51:29.263+0000][1][safepoint    ] Total time for which application threads were stopped: 0.0006242 seconds, Stopping threads took: 0.0002587 seconds
[2022-06-13T01:51:29.264+0000][1][safepoint    ] Application time: 0.0005123 seconds
[2022-06-13T01:51:29.265+0000][1][safepoint    ] Entering safepoint region: RevokeBias
[2022-06-13T01:51:29.266+0000][1][safepoint    ] Leaving safepoint region
[2022-06-13T01:51:29.268+0000][1][safepoint    ] Total time for which application threads were stopped: 0.0025077 seconds, Stopping threads took: 0.0013670 seconds
[2022-06-13T01:51:29.269+0000][1][safepoint    ] Application time: 0.0007448 seconds
[2022-06-13T01:51:29.269+0000][1][safepoint    ] Entering safepoint region: RevokeBias
[2022-06-13T01:51:29.270+0000][1][safepoint    ] Leaving safepoint region
[2022-06-13T01:51:29.270+0000][1][safepoint    ] Total time for which application threads were stopped: 0.0007260 seconds, Stopping threads took: 0.0003540 seconds
[2022-06-13T01:51:29.271+0000][1][safepoint    ] Application time: 0.0001601 seconds
[2022-06-13T01:51:29.271+0000][1][safepoint    ] Entering safepoint region: RevokeBias
[2022-06-13T01:51:29.271+0000][1][safepoint    ] Leaving safepoint region
[2022-06-13T01:51:29.271+0000][1][safepoint    ] Total time for which application threads were stopped: 0.0005935 seconds, Stopping threads took: 0.0002491 seconds
[2022-06-13T01:51:29.275+0000][1][safepoint    ] Application time: 0.0028595 seconds
[2022-06-13T01:51:29.275+0000][1][safepoint    ] Entering safepoint region: RevokeBias
[2022-06-13T01:51:29.276+0000][1][safepoint    ] Leaving safepoint region
[2022-06-13T01:51:29.276+0000][1][safepoint    ] Total time for which application threads were stopped: 0.0007232 seconds, Stopping threads took: 0.0003251 seconds
[2022-06-13T01:51:29.277+0000][1][safepoint    ] Application time: 0.0004489 seconds
[2022-06-13T01:51:29.277+0000][1][safepoint    ] Entering safepoint region: RevokeBias
[2022-06-13T01:51:29.277+0000][1][safepoint    ] Leaving safepoint region
[2022-06-13T01:51:29.278+0000][1][safepoint    ] Total time for which application threads were stopped: 0.0007931 seconds, Stopping threads took: 0.0002558 seconds
[2022-06-13T01:51:29.281+0000][1][safepoint    ] Application time: 0.0026553 seconds
[2022-06-13T01:51:29.281+0000][1][safepoint    ] Entering safepoint region: RevokeBias
[2022-06-13T01:51:29.282+0000][1][safepoint    ] Leaving safepoint region
[2022-06-13T01:51:29.282+0000][1][safepoint    ] Total time for which application threads were stopped: 0.0007574 seconds, Stopping threads took: 0.0003335 seconds
[2022-06-13T01:51:29.284+0000][1][safepoint    ] Application time: 0.0016734 seconds
[2022-06-13T01:51:29.284+0000][1][safepoint    ] Entering safepoint region: Deoptimize
[2022-06-13T01:51:29.285+0000][1][safepoint    ] Leaving safepoint region
[2022-06-13T01:51:29.286+0000][1][safepoint    ] Total time for which application threads were stopped: 0.0014671 seconds, Stopping threads took: 0.0003132 seconds
[2022-06-13T01:51:29.287+0000][1][safepoint    ] Application time: 0.0010590 seconds
[2022-06-13T01:51:29.287+0000][1][safepoint    ] Entering safepoint region: RevokeBias
[2022-06-13T01:51:29.288+0000][1][safepoint    ] Leaving safepoint region
[2022-06-13T01:51:29.288+0000][1][safepoint    ] Total time for which application threads were stopped: 0.0006784 seconds, Stopping threads took: 0.0002834 seconds
[2022-06-13T01:51:29.290+0000][1][safepoint    ] Application time: 0.0018994 seconds
[2022-06-13T01:51:29.291+0000][1][safepoint    ] Entering safepoint region: RevokeBias
[2022-06-13T01:51:29.291+0000][1][safepoint    ] Leaving safepoint region
[2022-06-13T01:51:29.291+0000][1][safepoint    ] Total time for which application threads were stopped: 0.0005954 seconds, Stopping threads took: 0.0002743 seconds
[2022-06-13T01:51:29.292+0000][1][safepoint    ] Application time: 0.0002215 seconds
[2022-06-13T01:51:29.292+0000][1][safepoint    ] Entering safepoint region: RevokeBias
[2022-06-13T01:51:29.292+0000][1][safepoint    ] Leaving safepoint region
[2022-06-13T01:51:29.293+0000][1][safepoint    ] Total time for which application threads were stopped: 0.0004980 seconds, Stopping threads took: 0.0002227 seconds
[2022-06-13T01:51:29.293+0000][1][safepoint    ] Application time: 0.0002087 seconds
[2022-06-13T01:51:29.293+0000][1][safepoint    ] Entering safepoint region: RevokeBias
[2022-06-13T01:51:29.294+0000][1][safepoint    ] Leaving safepoint region
[2022-06-13T01:51:29.294+0000][1][safepoint    ] Total time for which application threads were stopped: 0.0006196 seconds, Stopping threads took: 0.0002555 seconds
[2022-06-13T01:51:29.295+0000][1][safepoint    ] Application time: 0.0003384 seconds
[2022-06-13T01:51:29.295+0000][1][safepoint    ] Entering safepoint region: RevokeBias
[2022-06-13T01:51:29.295+0000][1][safepoint    ] Leaving safepoint region
[2022-06-13T01:51:29.296+0000][1][safepoint    ] Total time for which application threads were stopped: 0.0009236 seconds, Stopping threads took: 0.0002950 seconds
[2022-06-13T01:51:29.296+0000][1][safepoint    ] Application time: 0.0002162 seconds
[2022-06-13T01:51:29.297+0000][1][safepoint    ] Entering safepoint region: RevokeBias
[2022-06-13T01:51:29.297+0000][1][safepoint    ] Leaving safepoint region
[2022-06-13T01:51:29.298+0000][1][safepoint    ] Total time for which application threads were stopped: 0.0006258 seconds, Stopping threads took: 0.0003163 seconds
[2022-06-13T01:51:29.325+0000][1][safepoint    ] Application time: 0.0270706 seconds
[2022-06-13T01:51:29.325+0000][1][safepoint    ] Entering safepoint region: RevokeBias
[2022-06-13T01:51:29.326+0000][1][safepoint    ] Leaving safepoint region
[2022-06-13T01:51:29.326+0000][1][safepoint    ] Total time for which application threads were stopped: 0.0008144 seconds, Stopping threads took: 0.0003276 seconds
[2022-06-13T01:51:29.421+0000][1][safepoint    ] Application time: 0.0946727 seconds
[2022-06-13T01:51:29.422+0000][1][safepoint    ] Entering safepoint region: RevokeBias
[2022-06-13T01:51:29.422+0000][1][safepoint    ] Leaving safepoint region
[2022-06-13T01:51:29.422+0000][1][safepoint    ] Total time for which application threads were stopped: 0.0007956 seconds, Stopping threads took: 0.0004742 seconds
[2022-06-13T01:51:29.424+0000][1][safepoint    ] Application time: 0.0012792 seconds
[2022-06-13T01:51:29.426+0000][1][safepoint    ] Entering safepoint region: RevokeBias
[2022-06-13T01:51:29.426+0000][1][safepoint    ] Leaving safepoint region
[2022-06-13T01:51:29.426+0000][1][safepoint    ] Total time for which application threads were stopped: 0.0009737 seconds, Stopping threads took: 0.0003945 seconds
[2022-06-13T01:51:29.429+0000][1][safepoint    ] Application time: 0.0021109 seconds
[2022-06-13T01:51:29.430+0000][1][safepoint    ] Entering safepoint region: RevokeBias
[2022-06-13T01:51:29.431+0000][1][safepoint    ] Leaving safepoint region
[2022-06-13T01:51:29.431+0000][1][safepoint    ] Total time for which application threads were stopped: 0.0010732 seconds, Stopping threads took: 0.0005396 seconds
[2022-06-13T01:51:29.432+0000][1][safepoint    ] Application time: 0.0004601 seconds
[2022-06-13T01:51:29.432+0000][1][safepoint    ] Entering safepoint region: RevokeBias
[2022-06-13T01:51:29.433+0000][1][safepoint    ] Leaving safepoint region
[2022-06-13T01:51:29.433+0000][1][safepoint    ] Total time for which application threads were stopped: 0.0008305 seconds, Stopping threads took: 0.0005179 seconds
[2022-06-13T01:51:29.434+0000][1][safepoint    ] Application time: 0.0006689 seconds
[2022-06-13T01:51:29.434+0000][1][safepoint    ] Entering safepoint region: RevokeBias
[2022-06-13T01:51:29.435+0000][1][safepoint    ] Leaving safepoint region
[2022-06-13T01:51:29.435+0000][1][safepoint    ] Total time for which application threads were stopped: 0.0009042 seconds, Stopping threads took: 0.0004393 seconds
[2022-06-13T01:51:29.436+0000][1][safepoint    ] Application time: 0.0002763 seconds
[2022-06-13T01:51:29.436+0000][1][safepoint    ] Entering safepoint region: RevokeBias
[2022-06-13T01:51:29.437+0000][1][safepoint    ] Leaving safepoint region
[2022-06-13T01:51:29.437+0000][1][safepoint    ] Total time for which application threads were stopped: 0.0011465 seconds, Stopping threads took: 0.0006353 seconds
[2022-06-13T01:51:29.437+0000][1][safepoint    ] Application time: 0.0002605 seconds
[2022-06-13T01:51:29.438+0000][1][safepoint    ] Entering safepoint region: RevokeBias
[2022-06-13T01:51:29.438+0000][1][safepoint    ] Leaving safepoint region
[2022-06-13T01:51:29.438+0000][1][safepoint    ] Total time for which application threads were stopped: 0.0005570 seconds, Stopping threads took: 0.0002321 seconds
[2022-06-13T01:51:29.439+0000][1][safepoint    ] Application time: 0.0004573 seconds
[2022-06-13T01:51:29.439+0000][1][safepoint    ] Entering safepoint region: RevokeBias
[2022-06-13T01:51:29.440+0000][1][safepoint    ] Leaving safepoint region
[2022-06-13T01:51:29.440+0000][1][safepoint    ] Total time for which application threads were stopped: 0.0005390 seconds, Stopping threads took: 0.0002234 seconds
[2022-06-13T01:51:29.440+0000][1][safepoint    ] Application time: 0.0002916 seconds
[2022-06-13T01:51:29.442+0000][1][safepoint    ] Entering safepoint region: RevokeBias
[2022-06-13T01:51:29.443+0000][1][safepoint    ] Leaving safepoint region
[2022-06-13T01:51:29.445+0000][1][safepoint    ] Total time for which application threads were stopped: 0.0049669 seconds, Stopping threads took: 0.0024781 seconds
[2022-06-13T01:51:29.451+0000][1][safepoint    ] Application time: 0.0036568 seconds
[2022-06-13T01:51:29.452+0000][1][safepoint    ] Entering safepoint region: RevokeBias
[2022-06-13T01:51:29.452+0000][1][safepoint    ] Leaving safepoint region
[2022-06-13T01:51:29.452+0000][1][safepoint    ] Total time for which application threads were stopped: 0.0008543 seconds, Stopping threads took: 0.0005012 seconds
[2022-06-13T01:51:29.454+0000][1][safepoint    ] Application time: 0.0011562 seconds
[2022-06-13T01:51:29.454+0000][1][safepoint    ] Entering safepoint region: RevokeBias
[2022-06-13T01:51:29.455+0000][1][safepoint    ] Leaving safepoint region
[2022-06-13T01:51:29.455+0000][1][safepoint    ] Total time for which application threads were stopped: 0.0007031 seconds, Stopping threads took: 0.0003697 seconds
[2022-06-13T01:51:29.456+0000][1][safepoint    ] Application time: 0.0009256 seconds
[2022-06-13T01:51:29.457+0000][1][safepoint    ] Entering safepoint region: RevokeBias
[2022-06-13T01:51:29.457+0000][1][safepoint    ] Leaving safepoint region
[2022-06-13T01:51:29.458+0000][1][safepoint    ] Total time for which application threads were stopped: 0.0012182 seconds, Stopping threads took: 0.0006243 seconds
[2022-06-13T01:51:29.458+0000][1][safepoint    ] Application time: 0.0002626 seconds
[2022-06-13T01:51:29.459+0000][1][safepoint    ] Entering safepoint region: RevokeBias
[2022-06-13T01:51:29.459+0000][1][safepoint    ] Leaving safepoint region
[2022-06-13T01:51:29.459+0000][1][safepoint    ] Total time for which application threads were stopped: 0.0007543 seconds, Stopping threads took: 0.0002864 seconds
[2022-06-13T01:51:29.461+0000][1][safepoint    ] Application time: 0.0009205 seconds
[2022-06-13T01:51:29.461+0000][1][safepoint    ] Entering safepoint region: RevokeBias
[2022-06-13T01:51:29.462+0000][1][safepoint    ] Leaving safepoint region
[2022-06-13T01:51:29.462+0000][1][safepoint    ] Total time for which application threads were stopped: 0.0013732 seconds, Stopping threads took: 0.0006554 seconds
[2022-06-13T01:51:29.463+0000][1][safepoint    ] Application time: 0.0004801 seconds
[2022-06-13T01:51:29.464+0000][1][safepoint    ] Entering safepoint region: BulkRevokeBias
[2022-06-13T01:51:29.465+0000][1][safepoint    ] Leaving safepoint region
[2022-06-13T01:51:29.466+0000][1][safepoint    ] Total time for which application threads were stopped: 0.0014607 seconds, Stopping threads took: 0.0004091 seconds
[2022-06-13T01:51:29.468+0000][1][safepoint    ] Application time: 0.0019556 seconds
[2022-06-13T01:51:29.468+0000][1][safepoint    ] Entering safepoint region: RevokeBias
[2022-06-13T01:51:29.469+0000][1][safepoint    ] Leaving safepoint region
[2022-06-13T01:51:29.469+0000][1][safepoint    ] Total time for which application threads were stopped: 0.0009514 seconds, Stopping threads took: 0.0004099 seconds
[2022-06-13T01:51:29.471+0000][1][safepoint    ] Application time: 0.0011618 seconds
[2022-06-13T01:51:29.471+0000][1][safepoint    ] Entering safepoint region: RevokeBias
[2022-06-13T01:51:29.472+0000][1][safepoint    ] Leaving safepoint region
[2022-06-13T01:51:29.472+0000][1][safepoint    ] Total time for which application threads were stopped: 0.0009008 seconds, Stopping threads took: 0.0005168 seconds
[2022-06-13T01:51:29.474+0000][1][safepoint    ] Application time: 0.0011905 seconds
[2022-06-13T01:51:29.475+0000][1][safepoint    ] Entering safepoint region: RevokeBias
[2022-06-13T01:51:29.475+0000][1][safepoint    ] Leaving safepoint region
[2022-06-13T01:51:29.476+0000][1][safepoint    ] Total time for which application threads were stopped: 0.0015005 seconds, Stopping threads took: 0.0005109 seconds
[2022-06-13T01:51:29.477+0000][1][safepoint    ] Application time: 0.0007419 seconds
[2022-06-13T01:51:29.478+0000][1][safepoint    ] Entering safepoint region: RevokeBias
[2022-06-13T01:51:29.478+0000][1][safepoint    ] Leaving safepoint region
[2022-06-13T01:51:29.478+0000][1][safepoint    ] Total time for which application threads were stopped: 0.0007276 seconds, Stopping threads took: 0.0003208 seconds
[2022-06-13T01:51:29.479+0000][1][safepoint    ] Application time: 0.0002988 seconds
[2022-06-13T01:51:29.479+0000][1][safepoint    ] Entering safepoint region: RevokeBias
[2022-06-13T01:51:29.480+0000][1][safepoint    ] Leaving safepoint region
[2022-06-13T01:51:29.480+0000][1][safepoint    ] Total time for which application threads were stopped: 0.0007060 seconds, Stopping threads took: 0.0002750 seconds
[2022-06-13T01:51:29.481+0000][1][safepoint    ] Application time: 0.0008745 seconds
[2022-06-13T01:51:29.482+0000][1][safepoint    ] Entering safepoint region: RevokeBias
[2022-06-13T01:51:29.482+0000][1][safepoint    ] Leaving safepoint region
[2022-06-13T01:51:29.482+0000][1][safepoint    ] Total time for which application threads were stopped: 0.0006391 seconds, Stopping threads took: 0.0003157 seconds
[2022-06-13T01:51:29.483+0000][1][safepoint    ] Application time: 0.0001400 seconds
[2022-06-13T01:51:29.483+0000][1][safepoint    ] Entering safepoint region: RevokeBias
[2022-06-13T01:51:29.483+0000][1][safepoint    ] Leaving safepoint region
[2022-06-13T01:51:29.484+0000][1][safepoint    ] Total time for which application threads were stopped: 0.0007507 seconds, Stopping threads took: 0.0003219 seconds
[2022-06-13T01:51:29.490+0000][1][safepoint    ] Application time: 0.0064193 seconds
[2022-06-13T01:51:29.491+0000][1][safepoint    ] Entering safepoint region: RevokeBias
[2022-06-13T01:51:29.491+0000][1][safepoint    ] Leaving safepoint region
[2022-06-13T01:51:29.492+0000][1][safepoint    ] Total time for which application threads were stopped: 0.0010430 seconds, Stopping threads took: 0.0004739 seconds
[2022-06-13T01:51:29.492+0000][1][safepoint    ] Application time: 0.0002496 seconds
[2022-06-13T01:51:29.493+0000][1][safepoint    ] Entering safepoint region: RevokeBias
[2022-06-13T01:51:29.494+0000][1][safepoint    ] Leaving safepoint region
[2022-06-13T01:51:29.494+0000][1][safepoint    ] Total time for which application threads were stopped: 0.0013784 seconds, Stopping threads took: 0.0007647 seconds
[2022-06-13T01:51:29.501+0000][1][safepoint    ] Application time: 0.0063689 seconds
[2022-06-13T01:51:29.502+0000][1][safepoint    ] Entering safepoint region: RevokeBias
[2022-06-13T01:51:29.503+0000][1][safepoint    ] Leaving safepoint region
[2022-06-13T01:51:29.504+0000][1][safepoint    ] Total time for which application threads were stopped: 0.0019976 seconds, Stopping threads took: 0.0007924 seconds
[2022-06-13T01:51:29.504+0000][1][safepoint    ] Application time: 0.0003597 seconds
[2022-06-13T01:51:29.505+0000][1][safepoint    ] Entering safepoint region: RevokeBias
[2022-06-13T01:51:29.505+0000][1][safepoint    ] Leaving safepoint region
[2022-06-13T01:51:29.506+0000][1][safepoint    ] Total time for which application threads were stopped: 0.0009898 seconds, Stopping threads took: 0.0004808 seconds
[2022-06-13T01:51:29.508+0000][1][safepoint    ] Application time: 0.0019473 seconds
[2022-06-13T01:51:29.508+0000][1][safepoint    ] Entering safepoint region: RevokeBias
[2022-06-13T01:51:29.509+0000][1][safepoint    ] Leaving safepoint region
[2022-06-13T01:51:29.509+0000][1][safepoint    ] Total time for which application threads were stopped: 0.0009543 seconds, Stopping threads took: 0.0003230 seconds
[2022-06-13T01:51:29.510+0000][1][safepoint    ] Application time: 0.0002331 seconds
[2022-06-13T01:51:29.510+0000][1][safepoint    ] Entering safepoint region: RevokeBias
[2022-06-13T01:51:29.511+0000][1][safepoint    ] Leaving safepoint region
[2022-06-13T01:51:29.511+0000][1][safepoint    ] Total time for which application threads were stopped: 0.0009520 seconds, Stopping threads took: 0.0006107 seconds
[2022-06-13T01:51:29.512+0000][1][safepoint    ] Application time: 0.0005185 seconds
[2022-06-13T01:51:29.513+0000][1][safepoint    ] Entering safepoint region: RevokeBias
[2022-06-13T01:51:29.513+0000][1][safepoint    ] Leaving safepoint region
[2022-06-13T01:51:29.514+0000][1][safepoint    ] Total time for which application threads were stopped: 0.0010319 seconds, Stopping threads took: 0.0006323 seconds
[2022-06-13T01:51:29.514+0000][1][safepoint    ] Application time: 0.0001411 seconds
[2022-06-13T01:51:29.515+0000][1][safepoint    ] Entering safepoint region: RevokeBias
[2022-06-13T01:51:29.515+0000][1][safepoint    ] Leaving safepoint region
[2022-06-13T01:51:29.515+0000][1][safepoint    ] Total time for which application threads were stopped: 0.0007561 seconds, Stopping threads took: 0.0004389 seconds
[2022-06-13T01:51:29.516+0000][1][safepoint    ] Application time: 0.0001844 seconds
[2022-06-13T01:51:29.516+0000][1][safepoint    ] Entering safepoint region: RevokeBias
[2022-06-13T01:51:29.517+0000][1][safepoint    ] Leaving safepoint region
[2022-06-13T01:51:29.517+0000][1][safepoint    ] Total time for which application threads were stopped: 0.0008193 seconds, Stopping threads took: 0.0004170 seconds
[2022-06-13T01:51:29.523+0000][1][safepoint    ] Application time: 0.0060821 seconds
[2022-06-13T01:51:29.524+0000][1][safepoint    ] Entering safepoint region: RevokeBias
[2022-06-13T01:51:29.524+0000][1][safepoint    ] Leaving safepoint region
[2022-06-13T01:51:29.525+0000][1][safepoint    ] Total time for which application threads were stopped: 0.0013445 seconds, Stopping threads took: 0.0003083 seconds
[2022-06-13T01:51:29.525+0000][1][safepoint    ] Application time: 0.0001750 seconds
[2022-06-13T01:51:29.526+0000][1][safepoint    ] Entering safepoint region: RevokeBias
[2022-06-13T01:51:29.527+0000][1][safepoint    ] Leaving safepoint region
[2022-06-13T01:51:29.527+0000][1][safepoint    ] Total time for which application threads were stopped: 0.0011122 seconds, Stopping threads took: 0.0005832 seconds
[2022-06-13T01:51:29.536+0000][1][safepoint    ] Application time: 0.0083294 seconds
[2022-06-13T01:51:29.537+0000][1][safepoint    ] Entering safepoint region: RevokeBias
[2022-06-13T01:51:29.537+0000][1][safepoint    ] Leaving safepoint region
[2022-06-13T01:51:29.537+0000][1][safepoint    ] Total time for which application threads were stopped: 0.0009435 seconds, Stopping threads took: 0.0004752 seconds
[2022-06-13T01:51:29.538+0000][1][safepoint    ] Application time: 0.0003503 seconds
[2022-06-13T01:51:29.539+0000][1][safepoint    ] Entering safepoint region: RevokeBias
[2022-06-13T01:51:29.539+0000][1][safepoint    ] Leaving safepoint region
[2022-06-13T01:51:29.540+0000][1][safepoint    ] Total time for which application threads were stopped: 0.0011022 seconds, Stopping threads took: 0.0005590 seconds
[2022-06-13T01:51:29.541+0000][1][safepoint    ] Application time: 0.0004712 seconds
[2022-06-13T01:51:29.541+0000][1][safepoint    ] Entering safepoint region: RevokeBias
[2022-06-13T01:51:29.542+0000][1][safepoint    ] Leaving safepoint region
[2022-06-13T01:51:29.542+0000][1][safepoint    ] Total time for which application threads were stopped: 0.0012722 seconds, Stopping threads took: 0.0003524 seconds
[2022-06-13T01:51:29.548+0000][1][safepoint    ] Application time: 0.0056128 seconds
[2022-06-13T01:51:29.549+0000][1][safepoint    ] Entering safepoint region: RevokeBias
[2022-06-13T01:51:29.549+0000][1][safepoint    ] Leaving safepoint region
[2022-06-13T01:51:29.550+0000][1][safepoint    ] Total time for which application threads were stopped: 0.0008735 seconds, Stopping threads took: 0.0003870 seconds
[2022-06-13T01:51:29.550+0000][1][safepoint    ] Application time: 0.0002657 seconds
[2022-06-13T01:51:29.551+0000][1][safepoint    ] Entering safepoint region: RevokeBias
[2022-06-13T01:51:29.551+0000][1][safepoint    ] Leaving safepoint region
[2022-06-13T01:51:29.551+0000][1][safepoint    ] Total time for which application threads were stopped: 0.0007396 seconds, Stopping threads took: 0.0003565 seconds
[2022-06-13T01:51:29.552+0000][1][safepoint    ] Application time: 0.0002799 seconds
[2022-06-13T01:51:29.552+0000][1][safepoint    ] Entering safepoint region: RevokeBias
[2022-06-13T01:51:29.553+0000][1][safepoint    ] Leaving safepoint region
[2022-06-13T01:51:29.553+0000][1][safepoint    ] Total time for which application threads were stopped: 0.0009630 seconds, Stopping threads took: 0.0004738 seconds
[2022-06-13T01:51:29.554+0000][1][safepoint    ] Application time: 0.0003787 seconds
[2022-06-13T01:51:29.554+0000][1][safepoint    ] Entering safepoint region: RevokeBias
[2022-06-13T01:51:29.555+0000][1][safepoint    ] Leaving safepoint region
[2022-06-13T01:51:29.556+0000][1][safepoint    ] Total time for which application threads were stopped: 0.0012531 seconds, Stopping threads took: 0.0008084 seconds
[2022-06-13T01:51:29.560+0000][1][safepoint    ] Application time: 0.0040054 seconds
[2022-06-13T01:51:29.561+0000][1][safepoint    ] Entering safepoint region: RevokeBias
[2022-06-13T01:51:29.562+0000][1][safepoint    ] Leaving safepoint region
[2022-06-13T01:51:29.563+0000][1][safepoint    ] Total time for which application threads were stopped: 0.0017156 seconds, Stopping threads took: 0.0011088 seconds
[2022-06-13T01:51:29.906+0000][1][safepoint    ] Application time: 0.3428860 seconds
[2022-06-13T01:51:29.907+0000][1][safepoint    ] Entering safepoint region: RevokeBias
[2022-06-13T01:51:29.907+0000][1][safepoint    ] Leaving safepoint region
[2022-06-13T01:51:29.907+0000][1][safepoint    ] Total time for which application threads were stopped: 0.0005761 seconds, Stopping threads took: 0.0002807 seconds
[2022-06-13T01:51:29.908+0000][1][safepoint    ] Application time: 0.0001639 seconds
[2022-06-13T01:51:29.908+0000][1][safepoint    ] Entering safepoint region: RevokeBias
[2022-06-13T01:51:29.908+0000][1][safepoint    ] Leaving safepoint region
[2022-06-13T01:51:29.908+0000][1][safepoint    ] Total time for which application threads were stopped: 0.0005089 seconds, Stopping threads took: 0.0001797 seconds
[2022-06-13T01:51:29.909+0000][1][safepoint    ] Application time: 0.0001304 seconds
[2022-06-13T01:51:29.909+0000][1][safepoint    ] Entering safepoint region: RevokeBias
[2022-06-13T01:51:29.909+0000][1][safepoint    ] Leaving safepoint region
[2022-06-13T01:51:29.910+0000][1][safepoint    ] Total time for which application threads were stopped: 0.0006153 seconds, Stopping threads took: 0.0002730 seconds
[2022-06-13T01:51:29.910+0000][1][safepoint    ] Application time: 0.0001362 seconds
[2022-06-13T01:51:29.910+0000][1][safepoint    ] Entering safepoint region: RevokeBias
[2022-06-13T01:51:29.910+0000][1][safepoint    ] Leaving safepoint region
[2022-06-13T01:51:29.911+0000][1][safepoint    ] Total time for which application threads were stopped: 0.0005033 seconds, Stopping threads took: 0.0002345 seconds
[2022-06-13T01:51:29.911+0000][1][safepoint    ] Application time: 0.0001177 seconds
[2022-06-13T01:51:29.911+0000][1][safepoint    ] Entering safepoint region: RevokeBias
[2022-06-13T01:51:29.911+0000][1][safepoint    ] Leaving safepoint region
[2022-06-13T01:51:29.912+0000][1][safepoint    ] Total time for which application threads were stopped: 0.0003768 seconds, Stopping threads took: 0.0001604 seconds
[2022-06-13T01:51:29.912+0000][1][safepoint    ] Application time: 0.0001196 seconds
[2022-06-13T01:51:29.912+0000][1][safepoint    ] Entering safepoint region: RevokeBias
[2022-06-13T01:51:29.912+0000][1][safepoint    ] Leaving safepoint region
[2022-06-13T01:51:29.913+0000][1][safepoint    ] Total time for which application threads were stopped: 0.0007032 seconds, Stopping threads took: 0.0001920 seconds
[2022-06-13T01:51:29.913+0000][1][safepoint    ] Application time: 0.0001663 seconds
[2022-06-13T01:51:29.913+0000][1][safepoint    ] Entering safepoint region: RevokeBias
[2022-06-13T01:51:29.914+0000][1][safepoint    ] Leaving safepoint region
[2022-06-13T01:51:29.914+0000][1][safepoint    ] Total time for which application threads were stopped: 0.0003916 seconds, Stopping threads took: 0.0001793 seconds
[2022-06-13T01:51:29.914+0000][1][safepoint    ] Application time: 0.0001444 seconds
[2022-06-13T01:51:29.914+0000][1][safepoint    ] Entering safepoint region: RevokeBias
[2022-06-13T01:51:29.914+0000][1][safepoint    ] Leaving safepoint region
[2022-06-13T01:51:29.915+0000][1][safepoint    ] Total time for which application threads were stopped: 0.0004468 seconds, Stopping threads took: 0.0001850 seconds
[2022-06-13T01:51:30.423+0000][1][safepoint    ] Application time: 0.5082151 seconds
[2022-06-13T01:51:30.424+0000][1][safepoint    ] Entering safepoint region: RevokeBias
[2022-06-13T01:51:30.425+0000][1][safepoint    ] Leaving safepoint region
[2022-06-13T01:51:30.425+0000][1][safepoint    ] Total time for which application threads were stopped: 0.0012192 seconds, Stopping threads took: 0.0006022 seconds
[2022-06-13T01:51:31.426+0000][1][safepoint    ] Application time: 1.0002428 seconds
[2022-06-13T01:51:31.427+0000][1][safepoint    ] Entering safepoint region: Cleanup
[2022-06-13T01:51:31.427+0000][1][safepoint    ] Leaving safepoint region
[2022-06-13T01:51:31.428+0000][1][safepoint    ] Total time for which application threads were stopped: 0.0008980 seconds, Stopping threads took: 0.0004464 seconds
[2022-06-13T01:51:32.428+0000][1][safepoint    ] Application time: 1.0001449 seconds
[2022-06-13T01:51:32.429+0000][1][safepoint    ] Entering safepoint region: Cleanup
[2022-06-13T01:51:32.429+0000][1][safepoint    ] Leaving safepoint region
[2022-06-13T01:51:32.430+0000][1][safepoint    ] Total time for which application threads were stopped: 0.0007437 seconds, Stopping threads took: 0.0002496 seconds
[2022-06-13T01:51:32.520+0000][1][safepoint    ] Application time: 0.0901113 seconds
[2022-06-13T01:51:32.521+0000][1][safepoint    ] Entering safepoint region: RevokeBias
[2022-06-13T01:51:32.522+0000][1][safepoint    ] Leaving safepoint region
[2022-06-13T01:51:32.522+0000][1][safepoint    ] Total time for which application threads were stopped: 0.0011521 seconds, Stopping threads took: 0.0005816 seconds
[2022-06-13T01:51:32.523+0000][1][safepoint    ] Application time: 0.0005230 seconds
[2022-06-13T01:51:32.524+0000][1][safepoint    ] Entering safepoint region: RevokeBias
[2022-06-13T01:51:32.524+0000][1][safepoint    ] Leaving safepoint region
[2022-06-13T01:51:32.524+0000][1][safepoint    ] Total time for which application threads were stopped: 0.0008009 seconds, Stopping threads took: 0.0004508 seconds
[2022-06-13T01:51:32.525+0000][1][safepoint    ] Application time: 0.0004860 seconds
[2022-06-13T01:51:32.525+0000][1][safepoint    ] Entering safepoint region: RevokeBias
[2022-06-13T01:51:32.526+0000][1][safepoint    ] Leaving safepoint region
[2022-06-13T01:51:32.526+0000][1][safepoint    ] Total time for which application threads were stopped: 0.0008916 seconds, Stopping threads took: 0.0004273 seconds
[2022-06-13T01:51:33.427+0000][1][safepoint    ] Application time: 0.9006622 seconds
[2022-06-13T01:51:33.427+0000][1][safepoint    ] Entering safepoint region: RevokeBias
[2022-06-13T01:51:33.428+0000][1][safepoint    ] Leaving safepoint region
[2022-06-13T01:51:33.428+0000][1][safepoint    ] Total time for which application threads were stopped: 0.0007641 seconds, Stopping threads took: 0.0003992 seconds
[2022-06-13T01:51:33.429+0000][1][safepoint    ] Application time: 0.0004917 seconds
[2022-06-13T01:51:33.429+0000][1][safepoint    ] Entering safepoint region: RevokeBias
[2022-06-13T01:51:33.430+0000][1][safepoint    ] Leaving safepoint region
[2022-06-13T01:51:33.430+0000][1][safepoint    ] Total time for which application threads were stopped: 0.0009441 seconds, Stopping threads took: 0.0005380 seconds
[2022-06-13T01:51:33.432+0000][1][safepoint    ] Application time: 0.0007777 seconds
[2022-06-13T01:51:33.432+0000][1][safepoint    ] Entering safepoint region: RevokeBias
[2022-06-13T01:51:33.433+0000][1][safepoint    ] Leaving safepoint region
[2022-06-13T01:51:33.433+0000][1][safepoint    ] Total time for which application threads were stopped: 0.0007761 seconds, Stopping threads took: 0.0004271 seconds
[2022-06-13T01:51:33.433+0000][1][safepoint    ] Application time: 0.0002595 seconds
[2022-06-13T01:51:33.434+0000][1][safepoint    ] Entering safepoint region: RevokeBias
[2022-06-13T01:51:33.434+0000][1][safepoint    ] Leaving safepoint region
[2022-06-13T01:51:33.434+0000][1][safepoint    ] Total time for which application threads were stopped: 0.0005444 seconds, Stopping threads took: 0.0002181 seconds
[2022-06-13T01:51:33.435+0000][1][safepoint    ] Application time: 0.0003064 seconds
[2022-06-13T01:51:33.435+0000][1][safepoint    ] Entering safepoint region: RevokeBias
[2022-06-13T01:51:33.435+0000][1][safepoint    ] Leaving safepoint region
[2022-06-13T01:51:33.436+0000][1][safepoint    ] Total time for which application threads were stopped: 0.0006174 seconds, Stopping threads took: 0.0002613 seconds
[2022-06-13T01:51:33.436+0000][1][safepoint    ] Application time: 0.0002028 seconds
[2022-06-13T01:51:33.437+0000][1][safepoint    ] Entering safepoint region: RevokeBias
[2022-06-13T01:51:33.437+0000][1][safepoint    ] Leaving safepoint region
[2022-06-13T01:51:33.437+0000][1][safepoint    ] Total time for which application threads were stopped: 0.0007971 seconds, Stopping threads took: 0.0003377 seconds
[2022-06-13T01:51:33.438+0000][1][safepoint    ] Application time: 0.0000623 seconds
[2022-06-13T01:51:33.438+0000][1][safepoint    ] Entering safepoint region: RevokeBias
[2022-06-13T01:51:33.439+0000][1][safepoint    ] Leaving safepoint region
[2022-06-13T01:51:33.439+0000][1][safepoint    ] Total time for which application threads were stopped: 0.0010286 seconds, Stopping threads took: 0.0004811 seconds
[2022-06-13T01:51:34.440+0000][1][safepoint    ] Application time: 1.0003199 seconds
[2022-06-13T01:51:34.440+0000][1][safepoint    ] Entering safepoint region: Cleanup
[2022-06-13T01:51:34.441+0000][1][safepoint    ] Leaving safepoint region
[2022-06-13T01:51:34.441+0000][1][safepoint    ] Total time for which application threads were stopped: 0.0008892 seconds, Stopping threads took: 0.0004478 seconds
[2022-06-13T01:51:35.676+0000][1][safepoint    ] Application time: 1.2347127 seconds
[2022-06-13T01:51:35.677+0000][1][safepoint    ] Entering safepoint region: RevokeBias
[2022-06-13T01:51:35.677+0000][1][safepoint    ] Leaving safepoint region
[2022-06-13T01:51:35.678+0000][1][safepoint    ] Total time for which application threads were stopped: 0.0010614 seconds, Stopping threads took: 0.0005115 seconds
[2022-06-13T01:51:35.679+0000][1][safepoint    ] Application time: 0.0002976 seconds
[2022-06-13T01:51:35.679+0000][1][safepoint    ] Entering safepoint region: RevokeBias
[2022-06-13T01:51:35.680+0000][1][safepoint    ] Leaving safepoint region
[2022-06-13T01:51:35.680+0000][1][safepoint    ] Total time for which application threads were stopped: 0.0011295 seconds, Stopping threads took: 0.0004665 seconds
[2022-06-13T01:51:36.427+0000][1][safepoint    ] Application time: 0.7464699 seconds
[2022-06-13T01:51:36.429+0000][1][safepoint    ] Entering safepoint region: RevokeBias
[2022-06-13T01:51:36.430+0000][1][safepoint    ] Leaving safepoint region
[2022-06-13T01:51:36.431+0000][1][safepoint    ] Total time for which application threads were stopped: 0.0028516 seconds, Stopping threads took: 0.0017465 seconds
[2022-06-13T01:51:36.432+0000][1][safepoint    ] Application time: 0.0004681 seconds
[2022-06-13T01:51:36.433+0000][1][safepoint    ] Entering safepoint region: RevokeBias
[2022-06-13T01:51:36.434+0000][1][safepoint    ] Leaving safepoint region
[2022-06-13T01:51:36.434+0000][1][safepoint    ] Total time for which application threads were stopped: 0.0015482 seconds, Stopping threads took: 0.0008893 seconds
[2022-06-13T01:51:36.437+0000][1][safepoint    ] Application time: 0.0025392 seconds
[2022-06-13T01:51:36.438+0000][1][safepoint    ] Entering safepoint region: RevokeBias
[2022-06-13T01:51:36.439+0000][1][safepoint    ] Leaving safepoint region
[2022-06-13T01:51:36.439+0000][1][safepoint    ] Total time for which application threads were stopped: 0.0011190 seconds, Stopping threads took: 0.0006929 seconds
[2022-06-13T01:51:36.440+0000][1][safepoint    ] Application time: 0.0008905 seconds
[2022-06-13T01:51:36.441+0000][1][safepoint    ] Entering safepoint region: RevokeBias
[2022-06-13T01:51:36.441+0000][1][safepoint    ] Leaving safepoint region
[2022-06-13T01:51:36.442+0000][1][safepoint    ] Total time for which application threads were stopped: 0.0010922 seconds, Stopping threads took: 0.0003890 seconds
[2022-06-13T01:51:36.443+0000][1][safepoint    ] Application time: 0.0002234 seconds
[2022-06-13T01:51:36.443+0000][1][safepoint    ] Entering safepoint region: RevokeBias
[2022-06-13T01:51:36.444+0000][1][safepoint    ] Leaving safepoint region
[2022-06-13T01:51:36.445+0000][1][safepoint    ] Total time for which application threads were stopped: 0.0013342 seconds, Stopping threads took: 0.0005642 seconds
[2022-06-13T01:51:36.446+0000][1][safepoint    ] Application time: 0.0004398 seconds
[2022-06-13T01:51:36.446+0000][1][safepoint    ] Entering safepoint region: RevokeBias
[2022-06-13T01:51:36.447+0000][1][safepoint    ] Leaving safepoint region
[2022-06-13T01:51:36.447+0000][1][safepoint    ] Total time for which application threads were stopped: 0.0009253 seconds, Stopping threads took: 0.0005216 seconds
[2022-06-13T01:51:36.448+0000][1][safepoint    ] Application time: 0.0001759 seconds
[2022-06-13T01:51:36.448+0000][1][safepoint    ] Entering safepoint region: RevokeBias
[2022-06-13T01:51:36.449+0000][1][safepoint    ] Leaving safepoint region
[2022-06-13T01:51:36.450+0000][1][safepoint    ] Total time for which application threads were stopped: 0.0014338 seconds, Stopping threads took: 0.0007257 seconds
[2022-06-13T01:51:36.451+0000][1][safepoint    ] Application time: 0.0006085 seconds
[2022-06-13T01:51:36.451+0000][1][safepoint    ] Entering safepoint region: RevokeBias
[2022-06-13T01:51:36.452+0000][1][safepoint    ] Leaving safepoint region
[2022-06-13T01:51:36.452+0000][1][safepoint    ] Total time for which application threads were stopped: 0.0010640 seconds, Stopping threads took: 0.0003896 seconds
[2022-06-13T01:51:37.430+0000][1][safepoint    ] Application time: 0.9774289 seconds
[2022-06-13T01:51:37.431+0000][1][safepoint    ] Entering safepoint region: RevokeBias
[2022-06-13T01:51:37.431+0000][1][safepoint    ] Leaving safepoint region
[2022-06-13T01:51:37.432+0000][1][safepoint    ] Total time for which application threads were stopped: 0.0008999 seconds, Stopping threads took: 0.0002998 seconds
[2022-06-13T01:51:37.433+0000][1][safepoint    ] Application time: 0.0006458 seconds
[2022-06-13T01:51:37.433+0000][1][safepoint    ] Entering safepoint region: RevokeBias
[2022-06-13T01:51:37.433+0000][1][safepoint    ] Leaving safepoint region
[2022-06-13T01:51:37.434+0000][1][safepoint    ] Total time for which application threads were stopped: 0.0008628 seconds, Stopping threads took: 0.0003167 seconds
[2022-06-13T01:51:37.435+0000][1][safepoint    ] Application time: 0.0003622 seconds
[2022-06-13T01:51:37.435+0000][1][safepoint    ] Entering safepoint region: RevokeBias
[2022-06-13T01:51:37.435+0000][1][safepoint    ] Leaving safepoint region
[2022-06-13T01:51:37.436+0000][1][safepoint    ] Total time for which application threads were stopped: 0.0007695 seconds, Stopping threads took: 0.0002724 seconds
[2022-06-13T01:51:37.437+0000][1][safepoint    ] Application time: 0.0005452 seconds
[2022-06-13T01:51:37.437+0000][1][safepoint    ] Entering safepoint region: RevokeBias
[2022-06-13T01:51:37.437+0000][1][safepoint    ] Leaving safepoint region
[2022-06-13T01:51:37.438+0000][1][safepoint    ] Total time for which application threads were stopped: 0.0006853 seconds, Stopping threads took: 0.0003205 seconds
[2022-06-13T01:51:39.432+0000][1][safepoint    ] Application time: 1.9938388 seconds
[2022-06-13T01:51:39.432+0000][1][safepoint    ] Entering safepoint region: Cleanup
[2022-06-13T01:51:39.433+0000][1][safepoint    ] Leaving safepoint region
[2022-06-13T01:51:39.434+0000][1][safepoint    ] Total time for which application threads were stopped: 0.0011994 seconds, Stopping threads took: 0.0006726 seconds
[2022-06-13T01:51:39.437+0000][1][safepoint    ] Application time: 0.0034618 seconds
[2022-06-13T01:51:39.438+0000][1][safepoint    ] Entering safepoint region: RevokeBias
[2022-06-13T01:51:39.439+0000][1][safepoint    ] Leaving safepoint region
[2022-06-13T01:51:39.439+0000][1][safepoint    ] Total time for which application threads were stopped: 0.0012377 seconds, Stopping threads took: 0.0008566 seconds
[2022-06-13T01:51:39.440+0000][1][safepoint    ] Application time: 0.0003494 seconds
[2022-06-13T01:51:39.440+0000][1][safepoint    ] Entering safepoint region: RevokeBias
[2022-06-13T01:51:39.440+0000][1][safepoint    ] Leaving safepoint region
[2022-06-13T01:51:39.441+0000][1][safepoint    ] Total time for which application threads were stopped: 0.0008422 seconds, Stopping threads took: 0.0002942 seconds
[2022-06-13T01:51:40.431+0000][1][safepoint    ] Application time: 0.9897949 seconds
[2022-06-13T01:51:40.432+0000][1][safepoint    ] Entering safepoint region: RevokeBias
[2022-06-13T01:51:40.432+0000][1][safepoint    ] Leaving safepoint region
[2022-06-13T01:51:40.433+0000][1][safepoint    ] Total time for which application threads were stopped: 0.0012028 seconds, Stopping threads took: 0.0005908 seconds
[2022-06-13T01:51:40.435+0000][1][safepoint    ] Application time: 0.0015500 seconds
[2022-06-13T01:51:40.435+0000][1][safepoint    ] Entering safepoint region: RevokeBias
[2022-06-13T01:51:40.436+0000][1][safepoint    ] Leaving safepoint region
[2022-06-13T01:51:40.436+0000][1][safepoint    ] Total time for which application threads were stopped: 0.0007690 seconds, Stopping threads took: 0.0003661 seconds
[2022-06-13T01:51:40.437+0000][1][safepoint    ] Application time: 0.0006391 seconds
[2022-06-13T01:51:40.438+0000][1][safepoint    ] Entering safepoint region: RevokeBias
[2022-06-13T01:51:40.438+0000][1][safepoint    ] Leaving safepoint region
[2022-06-13T01:51:40.438+0000][1][safepoint    ] Total time for which application threads were stopped: 0.0006934 seconds, Stopping threads took: 0.0003180 seconds
[2022-06-13T01:51:40.439+0000][1][safepoint    ] Application time: 0.0002158 seconds
[2022-06-13T01:51:40.439+0000][1][safepoint    ] Entering safepoint region: RevokeBias
[2022-06-13T01:51:40.439+0000][1][safepoint    ] Leaving safepoint region
[2022-06-13T01:51:40.440+0000][1][safepoint    ] Total time for which application threads were stopped: 0.0010964 seconds, Stopping threads took: 0.0004338 seconds
[2022-06-13T01:51:40.441+0000][1][safepoint    ] Application time: 0.0003958 seconds
[2022-06-13T01:51:40.442+0000][1][safepoint    ] Entering safepoint region: RevokeBias
[2022-06-13T01:51:40.442+0000][1][safepoint    ] Leaving safepoint region
[2022-06-13T01:51:40.443+0000][1][safepoint    ] Total time for which application threads were stopped: 0.0014069 seconds, Stopping threads took: 0.0005404 seconds
[2022-06-13T01:51:40.444+0000][1][safepoint    ] Application time: 0.0005023 seconds
[2022-06-13T01:51:40.445+0000][1][safepoint    ] Entering safepoint region: RevokeBias
[2022-06-13T01:51:40.445+0000][1][safepoint    ] Leaving safepoint region
[2022-06-13T01:51:40.446+0000][1][safepoint    ] Total time for which application threads were stopped: 0.0015385 seconds, Stopping threads took: 0.0006651 seconds
[2022-06-13T01:51:40.448+0000][1][safepoint    ] Application time: 0.0010218 seconds
[2022-06-13T01:51:40.448+0000][1][safepoint    ] Entering safepoint region: RevokeBias
[2022-06-13T01:51:40.449+0000][1][safepoint    ] Leaving safepoint region
[2022-06-13T01:51:40.449+0000][1][safepoint    ] Total time for which application threads were stopped: 0.0008923 seconds, Stopping threads took: 0.0003505 seconds
[2022-06-13T01:51:41.434+0000][1][safepoint    ] Application time: 0.9845298 seconds
[2022-06-13T01:51:41.435+0000][1][safepoint    ] Entering safepoint region: RevokeBias
[2022-06-13T01:51:41.435+0000][1][safepoint    ] Leaving safepoint region
[2022-06-13T01:51:41.436+0000][1][safepoint    ] Total time for which application threads were stopped: 0.0009819 seconds, Stopping threads took: 0.0005267 seconds
[2022-06-13T01:51:41.436+0000][1][safepoint    ] Application time: 0.0005979 seconds
[2022-06-13T01:51:41.439+0000][1][safepoint    ] Entering safepoint region: RevokeBias
[2022-06-13T01:51:41.440+0000][1][safepoint    ] Leaving safepoint region
[2022-06-13T01:51:41.440+0000][1][safepoint    ] Total time for which application threads were stopped: 0.0010544 seconds, Stopping threads took: 0.0005812 seconds
[2022-06-13T01:51:41.441+0000][1][safepoint    ] Application time: 0.0002283 seconds
[2022-06-13T01:51:41.441+0000][1][safepoint    ] Entering safepoint region: RevokeBias
[2022-06-13T01:51:41.442+0000][1][safepoint    ] Leaving safepoint region
[2022-06-13T01:51:41.442+0000][1][safepoint    ] Total time for which application threads were stopped: 0.0008963 seconds, Stopping threads took: 0.0004835 seconds
[2022-06-13T01:51:41.443+0000][1][safepoint    ] Application time: 0.0007380 seconds
[2022-06-13T01:51:41.444+0000][1][safepoint    ] Entering safepoint region: RevokeBias
[2022-06-13T01:51:41.444+0000][1][safepoint    ] Leaving safepoint region
[2022-06-13T01:51:41.445+0000][1][safepoint    ] Total time for which application threads were stopped: 0.0011783 seconds, Stopping threads took: 0.0003224 seconds
[2022-06-13T01:51:42.446+0000][1][safepoint    ] Application time: 1.0003719 seconds
[2022-06-13T01:51:42.446+0000][1][safepoint    ] Entering safepoint region: Cleanup
[2022-06-13T01:51:42.447+0000][1][safepoint    ] Leaving safepoint region
[2022-06-13T01:51:42.448+0000][1][safepoint    ] Total time for which application threads were stopped: 0.0013979 seconds, Stopping threads took: 0.0006330 seconds
[2022-06-13T01:51:43.435+0000][1][safepoint    ] Application time: 0.9869347 seconds
[2022-06-13T01:51:43.436+0000][1][safepoint    ] Entering safepoint region: RevokeBias
[2022-06-13T01:51:43.436+0000][1][safepoint    ] Leaving safepoint region
[2022-06-13T01:51:43.437+0000][1][safepoint    ] Total time for which application threads were stopped: 0.0011729 seconds, Stopping threads took: 0.0004906 seconds
[2022-06-13T01:51:44.435+0000][1][safepoint    ] Application time: 0.9974285 seconds
[2022-06-13T01:51:44.436+0000][1][safepoint    ] Entering safepoint region: RevokeBias
[2022-06-13T01:51:44.436+0000][1][safepoint    ] Leaving safepoint region
[2022-06-13T01:51:44.437+0000][1][safepoint    ] Total time for which application threads were stopped: 0.0012363 seconds, Stopping threads took: 0.0003386 seconds
[2022-06-13T01:51:44.438+0000][1][safepoint    ] Application time: 0.0007021 seconds
[2022-06-13T01:51:44.439+0000][1][safepoint    ] Entering safepoint region: RevokeBias
[2022-06-13T01:51:44.440+0000][1][safepoint    ] Leaving safepoint region
[2022-06-13T01:51:44.440+0000][1][safepoint    ] Total time for which application threads were stopped: 0.0014492 seconds, Stopping threads took: 0.0003695 seconds
[2022-06-13T01:51:44.441+0000][1][safepoint    ] Application time: 0.0002274 seconds
[2022-06-13T01:51:44.442+0000][1][safepoint    ] Entering safepoint region: RevokeBias
[2022-06-13T01:51:44.442+0000][1][safepoint    ] Leaving safepoint region
[2022-06-13T01:51:44.443+0000][1][safepoint    ] Total time for which application threads were stopped: 0.0011788 seconds, Stopping threads took: 0.0006345 seconds
[2022-06-13T01:51:44.444+0000][1][safepoint    ] Application time: 0.0005103 seconds
[2022-06-13T01:51:44.444+0000][1][safepoint    ] Entering safepoint region: RevokeBias
[2022-06-13T01:51:44.445+0000][1][safepoint    ] Leaving safepoint region
[2022-06-13T01:51:44.445+0000][1][safepoint    ] Total time for which application threads were stopped: 0.0009077 seconds, Stopping threads took: 0.0004165 seconds
[2022-06-13T01:51:44.446+0000][1][safepoint    ] Application time: 0.0004273 seconds
[2022-06-13T01:51:44.446+0000][1][safepoint    ] Entering safepoint region: RevokeBias
[2022-06-13T01:51:44.447+0000][1][safepoint    ] Leaving safepoint region
[2022-06-13T01:51:44.447+0000][1][safepoint    ] Total time for which application threads were stopped: 0.0009020 seconds, Stopping threads took: 0.0002947 seconds
[2022-06-13T01:51:44.448+0000][1][safepoint    ] Application time: 0.0002311 seconds
[2022-06-13T01:51:44.449+0000][1][safepoint    ] Entering safepoint region: BulkRevokeBias
[2022-06-13T01:51:44.449+0000][1][safepoint    ] Leaving safepoint region
[2022-06-13T01:51:44.450+0000][1][safepoint    ] Total time for which application threads were stopped: 0.0013115 seconds, Stopping threads took: 0.0002790 seconds
[2022-06-13T01:51:45.436+0000][1][safepoint    ] Application time: 0.9861358 seconds
[2022-06-13T01:51:45.437+0000][1][safepoint    ] Entering safepoint region: RevokeBias
[2022-06-13T01:51:45.438+0000][1][safepoint    ] Leaving safepoint region
[2022-06-13T01:51:45.439+0000][1][safepoint    ] Total time for which application threads were stopped: 0.0015079 seconds, Stopping threads took: 0.0006954 seconds
[2022-06-13T01:51:45.441+0000][1][safepoint    ] Application time: 0.0011636 seconds
[2022-06-13T01:51:45.442+0000][1][safepoint    ] Entering safepoint region: RevokeBias
[2022-06-13T01:51:45.442+0000][1][safepoint    ] Leaving safepoint region
[2022-06-13T01:51:45.443+0000][1][safepoint    ] Total time for which application threads were stopped: 0.0015245 seconds, Stopping threads took: 0.0007711 seconds
[2022-06-13T01:51:45.444+0000][1][safepoint    ] Application time: 0.0006502 seconds
[2022-06-13T01:51:45.445+0000][1][safepoint    ] Entering safepoint region: BulkRevokeBias
[2022-06-13T01:51:45.447+0000][1][safepoint    ] Leaving safepoint region
[2022-06-13T01:51:45.447+0000][1][safepoint    ] Total time for which application threads were stopped: 0.0020802 seconds, Stopping threads took: 0.0008453 seconds
[2022-06-13T01:51:45.449+0000][1][safepoint    ] Application time: 0.0008114 seconds
[2022-06-13T01:51:45.449+0000][1][safepoint    ] Entering safepoint region: RevokeBias
[2022-06-13T01:51:45.450+0000][1][safepoint    ] Leaving safepoint region
[2022-06-13T01:51:45.450+0000][1][safepoint    ] Total time for which application threads were stopped: 0.0010548 seconds, Stopping threads took: 0.0006026 seconds
[2022-06-13T01:51:46.451+0000][1][safepoint    ] Application time: 1.0003777 seconds
[2022-06-13T01:51:46.452+0000][1][safepoint    ] Entering safepoint region: Cleanup
[2022-06-13T01:51:46.453+0000][1][safepoint    ] Leaving safepoint region
[2022-06-13T01:51:46.454+0000][1][safepoint    ] Total time for which application threads were stopped: 0.0017073 seconds, Stopping threads took: 0.0009723 seconds
[2022-06-13T01:51:47.435+0000][1][safepoint    ] Application time: 0.9806855 seconds
[2022-06-13T01:51:47.436+0000][1][safepoint    ] Entering safepoint region: RevokeBias
[2022-06-13T01:51:47.436+0000][1][safepoint    ] Leaving safepoint region
[2022-06-13T01:51:47.437+0000][1][safepoint    ] Total time for which application threads were stopped: 0.0010432 seconds, Stopping threads took: 0.0004563 seconds
[2022-06-13T01:51:48.437+0000][1][safepoint    ] Application time: 1.0000133 seconds
[2022-06-13T01:51:48.438+0000][1][safepoint    ] Entering safepoint region: BulkRevokeBias
[2022-06-13T01:51:48.440+0000][1][safepoint    ] Leaving safepoint region
[2022-06-13T01:51:48.441+0000][1][safepoint    ] Total time for which application threads were stopped: 0.0027054 seconds, Stopping threads took: 0.0005319 seconds
[2022-06-13T01:51:48.442+0000][1][safepoint    ] Application time: 0.0009319 seconds
[2022-06-13T01:51:48.442+0000][1][safepoint    ] Entering safepoint region: RevokeBias
[2022-06-13T01:51:48.443+0000][1][safepoint    ] Leaving safepoint region
[2022-06-13T01:51:48.443+0000][1][safepoint    ] Total time for which application threads were stopped: 0.0009354 seconds, Stopping threads took: 0.0004164 seconds
[2022-06-13T01:51:48.444+0000][1][safepoint    ] Application time: 0.0006355 seconds
[2022-06-13T01:51:48.445+0000][1][safepoint    ] Entering safepoint region: RevokeBias
[2022-06-13T01:51:48.445+0000][1][safepoint    ] Leaving safepoint region
[2022-06-13T01:51:48.446+0000][1][safepoint    ] Total time for which application threads were stopped: 0.0008317 seconds, Stopping threads took: 0.0003131 seconds
[2022-06-13T01:51:49.438+0000][1][safepoint    ] Application time: 0.9915430 seconds
[2022-06-13T01:51:49.438+0000][1][safepoint    ] Entering safepoint region: RevokeBias
[2022-06-13T01:51:49.439+0000][1][safepoint    ] Leaving safepoint region
[2022-06-13T01:51:49.439+0000][1][safepoint    ] Total time for which application threads were stopped: 0.0008373 seconds, Stopping threads took: 0.0003839 seconds
[2022-06-13T01:51:49.440+0000][1][safepoint    ] Application time: 0.0003958 seconds
[2022-06-13T01:51:49.440+0000][1][safepoint    ] Entering safepoint region: RevokeBias
[2022-06-13T01:51:49.440+0000][1][safepoint    ] Leaving safepoint region
[2022-06-13T01:51:49.440+0000][1][safepoint    ] Total time for which application threads were stopped: 0.0005142 seconds, Stopping threads took: 0.0001731 seconds
[2022-06-13T01:51:49.441+0000][1][safepoint    ] Application time: 0.0004460 seconds
[2022-06-13T01:51:49.441+0000][1][safepoint    ] Entering safepoint region: RevokeBias
[2022-06-13T01:51:49.442+0000][1][safepoint    ] Leaving safepoint region
[2022-06-13T01:51:49.442+0000][1][safepoint    ] Total time for which application threads were stopped: 0.0008485 seconds, Stopping threads took: 0.0002921 seconds
[2022-06-13T01:51:50.443+0000][1][safepoint    ] Application time: 1.0001810 seconds
[2022-06-13T01:51:50.443+0000][1][safepoint    ] Entering safepoint region: Cleanup
[2022-06-13T01:51:50.444+0000][1][safepoint    ] Leaving safepoint region
[2022-06-13T01:51:50.445+0000][1][safepoint    ] Total time for which application threads were stopped: 0.0013503 seconds, Stopping threads took: 0.0006321 seconds
[2022-06-13T01:51:51.438+0000][1][safepoint    ] Application time: 0.9928178 seconds
[2022-06-13T01:51:51.438+0000][1][safepoint    ] Entering safepoint region: RevokeBias
[2022-06-13T01:51:51.439+0000][1][safepoint    ] Leaving safepoint region
[2022-06-13T01:51:51.440+0000][1][safepoint    ] Total time for which application threads were stopped: 0.0012753 seconds, Stopping threads took: 0.0007163 seconds
[2022-06-13T01:51:52.438+0000][1][safepoint    ] Application time: 0.9980039 seconds
[2022-06-13T01:51:52.439+0000][1][safepoint    ] Entering safepoint region: RevokeBias
[2022-06-13T01:51:52.440+0000][1][safepoint    ] Leaving safepoint region
[2022-06-13T01:51:52.440+0000][1][safepoint    ] Total time for which application threads were stopped: 0.0012060 seconds, Stopping threads took: 0.0006248 seconds
[2022-06-13T01:51:52.442+0000][1][safepoint    ] Application time: 0.0016013 seconds
[2022-06-13T01:51:52.443+0000][1][safepoint    ] Entering safepoint region: RevokeBias
[2022-06-13T01:51:52.444+0000][1][safepoint    ] Leaving safepoint region
[2022-06-13T01:51:52.444+0000][1][safepoint    ] Total time for which application threads were stopped: 0.0012698 seconds, Stopping threads took: 0.0007079 seconds
[2022-06-13T01:51:52.446+0000][1][safepoint    ] Application time: 0.0007569 seconds
[2022-06-13T01:51:52.446+0000][1][safepoint    ] Entering safepoint region: RevokeBias
[2022-06-13T01:51:52.446+0000][1][safepoint    ] Leaving safepoint region
[2022-06-13T01:51:52.447+0000][1][safepoint    ] Total time for which application threads were stopped: 0.0009313 seconds, Stopping threads took: 0.0004743 seconds
[2022-06-13T01:51:52.448+0000][1][safepoint    ] Application time: 0.0004009 seconds
[2022-06-13T01:51:52.448+0000][1][safepoint    ] Entering safepoint region: RevokeBias
[2022-06-13T01:51:52.449+0000][1][safepoint    ] Leaving safepoint region
[2022-06-13T01:51:52.449+0000][1][safepoint    ] Total time for which application threads were stopped: 0.0008464 seconds, Stopping threads took: 0.0004575 seconds
[2022-06-13T01:51:52.449+0000][1][safepoint    ] Application time: 0.0003935 seconds
[2022-06-13T01:51:52.450+0000][1][safepoint    ] Entering safepoint region: RevokeBias
[2022-06-13T01:51:52.450+0000][1][safepoint    ] Leaving safepoint region
[2022-06-13T01:51:52.450+0000][1][safepoint    ] Total time for which application threads were stopped: 0.0005043 seconds, Stopping threads took: 0.0002343 seconds
[2022-06-13T01:51:53.441+0000][1][safepoint    ] Application time: 0.9907244 seconds
[2022-06-13T01:51:53.442+0000][1][safepoint    ] Entering safepoint region: RevokeBias
[2022-06-13T01:51:53.443+0000][1][safepoint    ] Leaving safepoint region
[2022-06-13T01:51:53.444+0000][1][safepoint    ] Total time for which application threads were stopped: 0.0018563 seconds, Stopping threads took: 0.0009236 seconds
[2022-06-13T01:51:53.445+0000][1][safepoint    ] Application time: 0.0009908 seconds
[2022-06-13T01:51:53.446+0000][1][safepoint    ] Entering safepoint region: RevokeBias
[2022-06-13T01:51:53.447+0000][1][safepoint    ] Leaving safepoint region
[2022-06-13T01:51:53.447+0000][1][safepoint    ] Total time for which application threads were stopped: 0.0012821 seconds, Stopping threads took: 0.0005943 seconds
[2022-06-13T01:51:53.449+0000][1][safepoint    ] Application time: 0.0014384 seconds
[2022-06-13T01:51:53.450+0000][1][safepoint    ] Entering safepoint region: RevokeBias
[2022-06-13T01:51:53.451+0000][1][safepoint    ] Leaving safepoint region
[2022-06-13T01:51:53.452+0000][1][safepoint    ] Total time for which application threads were stopped: 0.0017802 seconds, Stopping threads took: 0.0009130 seconds
[2022-06-13T01:51:54.453+0000][1][safepoint    ] Application time: 1.0003460 seconds
[2022-06-13T01:51:54.453+0000][1][safepoint    ] Entering safepoint region: Cleanup
[2022-06-13T01:51:54.453+0000][1][safepoint    ] Leaving safepoint region
[2022-06-13T01:51:54.454+0000][1][safepoint    ] Total time for which application threads were stopped: 0.0010320 seconds, Stopping threads took: 0.0004286 seconds
[2022-06-13T01:51:55.443+0000][1][safepoint    ] Application time: 0.9884653 seconds
[2022-06-13T01:51:55.444+0000][1][safepoint    ] Entering safepoint region: RevokeBias
[2022-06-13T01:51:55.445+0000][1][safepoint    ] Leaving safepoint region
[2022-06-13T01:51:55.445+0000][1][safepoint    ] Total time for which application threads were stopped: 0.0007525 seconds, Stopping threads took: 0.0004503 seconds
[2022-06-13T01:51:55.446+0000][1][safepoint    ] Application time: 0.0012150 seconds
[2022-06-13T01:51:55.447+0000][1][safepoint    ] Entering safepoint region: RevokeBias
[2022-06-13T01:51:55.447+0000][1][safepoint    ] Leaving safepoint region
[2022-06-13T01:51:55.448+0000][1][safepoint    ] Total time for which application threads were stopped: 0.0008455 seconds, Stopping threads took: 0.0003413 seconds
[2022-06-13T01:51:56.442+0000][1][safepoint    ] Application time: 0.9937454 seconds
[2022-06-13T01:51:56.442+0000][1][safepoint    ] Entering safepoint region: RevokeBias
[2022-06-13T01:51:56.442+0000][1][safepoint    ] Leaving safepoint region
[2022-06-13T01:51:56.443+0000][1][safepoint    ] Total time for which application threads were stopped: 0.0005762 seconds, Stopping threads took: 0.0002855 seconds
[2022-06-13T01:51:56.443+0000][1][safepoint    ] Application time: 0.0004888 seconds
[2022-06-13T01:51:56.444+0000][1][safepoint    ] Entering safepoint region: RevokeBias
[2022-06-13T01:51:56.444+0000][1][safepoint    ] Leaving safepoint region
[2022-06-13T01:51:56.444+0000][1][safepoint    ] Total time for which application threads were stopped: 0.0006011 seconds, Stopping threads took: 0.0002129 seconds
[2022-06-13T01:51:56.445+0000][1][safepoint    ] Application time: 0.0003461 seconds
[2022-06-13T01:51:56.445+0000][1][safepoint    ] Entering safepoint region: RevokeBias
[2022-06-13T01:51:56.446+0000][1][safepoint    ] Leaving safepoint region
[2022-06-13T01:51:56.446+0000][1][safepoint    ] Total time for which application threads were stopped: 0.0007283 seconds, Stopping threads took: 0.0003183 seconds
[2022-06-13T01:51:56.447+0000][1][safepoint    ] Application time: 0.0005147 seconds
[2022-06-13T01:51:56.448+0000][1][safepoint    ] Entering safepoint region: RevokeBias
[2022-06-13T01:51:56.448+0000][1][safepoint    ] Leaving safepoint region
[2022-06-13T01:51:56.448+0000][1][safepoint    ] Total time for which application threads were stopped: 0.0007436 seconds, Stopping threads took: 0.0003909 seconds
[2022-06-13T01:51:57.442+0000][1][safepoint    ] Application time: 0.9929925 seconds
[2022-06-13T01:51:57.442+0000][1][safepoint    ] Entering safepoint region: RevokeBias
[2022-06-13T01:51:57.442+0000][1][safepoint    ] Leaving safepoint region
[2022-06-13T01:51:57.443+0000][1][safepoint    ] Total time for which application threads were stopped: 0.0007476 seconds, Stopping threads took: 0.0002657 seconds
[2022-06-13T01:51:57.443+0000][1][safepoint    ] Application time: 0.0004698 seconds
[2022-06-13T01:51:57.444+0000][1][safepoint    ] Entering safepoint region: RevokeBias
[2022-06-13T01:51:57.444+0000][1][safepoint    ] Leaving safepoint region
[2022-06-13T01:51:57.444+0000][1][safepoint    ] Total time for which application threads were stopped: 0.0004928 seconds, Stopping threads took: 0.0002004 seconds
[2022-06-13T01:51:57.445+0000][1][safepoint    ] Application time: 0.0004869 seconds
[2022-06-13T01:51:57.445+0000][1][safepoint    ] Entering safepoint region: RevokeBias
[2022-06-13T01:51:57.445+0000][1][safepoint    ] Leaving safepoint region
[2022-06-13T01:51:57.446+0000][1][safepoint    ] Total time for which application threads were stopped: 0.0005679 seconds, Stopping threads took: 0.0002488 seconds
[2022-06-13T01:51:58.446+0000][1][safepoint    ] Application time: 1.0004011 seconds
[2022-06-13T01:51:58.447+0000][1][safepoint    ] Entering safepoint region: Cleanup
[2022-06-13T01:51:58.448+0000][1][safepoint    ] Leaving safepoint region
[2022-06-13T01:51:58.448+0000][1][safepoint    ] Total time for which application threads were stopped: 0.0014366 seconds, Stopping threads took: 0.0008438 seconds
[2022-06-13T01:51:59.443+0000][1][safepoint    ] Application time: 0.9939544 seconds
[2022-06-13T01:51:59.444+0000][1][safepoint    ] Entering safepoint region: RevokeBias
[2022-06-13T01:51:59.444+0000][1][safepoint    ] Leaving safepoint region
[2022-06-13T01:51:59.444+0000][1][safepoint    ] Total time for which application threads were stopped: 0.0007590 seconds, Stopping threads took: 0.0003742 seconds
[2022-06-13T01:51:59.445+0000][1][safepoint    ] Application time: 0.0005312 seconds
[2022-06-13T01:51:59.446+0000][1][safepoint    ] Entering safepoint region: RevokeBias
[2022-06-13T01:51:59.446+0000][1][safepoint    ] Leaving safepoint region
[2022-06-13T01:51:59.446+0000][1][safepoint    ] Total time for which application threads were stopped: 0.0009666 seconds, Stopping threads took: 0.0004800 seconds
[2022-06-13T01:51:59.480+0000][1][safepoint    ] Application time: 0.0328518 seconds
[2022-06-13T01:51:59.480+0000][1][safepoint    ] Entering safepoint region: RevokeBias
[2022-06-13T01:51:59.481+0000][1][safepoint    ] Leaving safepoint region
[2022-06-13T01:51:59.482+0000][1][safepoint    ] Total time for which application threads were stopped: 0.0013915 seconds, Stopping threads took: 0.0003916 seconds
[2022-06-13T01:51:59.483+0000][1][safepoint    ] Application time: 0.0006145 seconds
[2022-06-13T01:51:59.483+0000][1][safepoint    ] Entering safepoint region: RevokeBias
[2022-06-13T01:51:59.484+0000][1][safepoint    ] Leaving safepoint region
[2022-06-13T01:51:59.484+0000][1][safepoint    ] Total time for which application threads were stopped: 0.0012559 seconds, Stopping threads took: 0.0004902 seconds
[2022-06-13T01:51:59.489+0000][1][safepoint    ] Application time: 0.0044208 seconds
[2022-06-13T01:51:59.490+0000][1][safepoint    ] Entering safepoint region: RevokeBias
[2022-06-13T01:51:59.490+0000][1][safepoint    ] Leaving safepoint region
[2022-06-13T01:51:59.491+0000][1][safepoint    ] Total time for which application threads were stopped: 0.0008372 seconds, Stopping threads took: 0.0003365 seconds
[2022-06-13T01:51:59.492+0000][1][safepoint    ] Application time: 0.0005652 seconds
[2022-06-13T01:51:59.492+0000][1][safepoint    ] Entering safepoint region: RevokeBias
[2022-06-13T01:51:59.492+0000][1][safepoint    ] Leaving safepoint region
[2022-06-13T01:51:59.493+0000][1][safepoint    ] Total time for which application threads were stopped: 0.0007575 seconds, Stopping threads took: 0.0003150 seconds
[2022-06-13T01:52:00.442+0000][1][safepoint    ] Application time: 0.9493283 seconds
[2022-06-13T01:52:00.443+0000][1][safepoint    ] Entering safepoint region: RevokeBias
[2022-06-13T01:52:00.444+0000][1][safepoint    ] Leaving safepoint region
[2022-06-13T01:52:00.444+0000][1][safepoint    ] Total time for which application threads were stopped: 0.0012130 seconds, Stopping threads took: 0.0006844 seconds
[2022-06-13T01:52:00.445+0000][1][safepoint    ] Application time: 0.0010561 seconds
[2022-06-13T01:52:00.446+0000][1][safepoint    ] Entering safepoint region: RevokeBias
[2022-06-13T01:52:00.446+0000][1][safepoint    ] Leaving safepoint region
[2022-06-13T01:52:00.447+0000][1][safepoint    ] Total time for which application threads were stopped: 0.0014716 seconds, Stopping threads took: 0.0006443 seconds
[2022-06-13T01:52:00.448+0000][1][safepoint    ] Application time: 0.0003100 seconds
[2022-06-13T01:52:00.449+0000][1][safepoint    ] Entering safepoint region: BulkRevokeBias
[2022-06-13T01:52:00.450+0000][1][safepoint    ] Leaving safepoint region
[2022-06-13T01:52:00.451+0000][1][safepoint    ] Total time for which application threads were stopped: 0.0022208 seconds, Stopping threads took: 0.0005407 seconds
[2022-06-13T01:52:00.452+0000][1][safepoint    ] Application time: 0.0004787 seconds
[2022-06-13T01:52:00.452+0000][1][safepoint    ] Entering safepoint region: BulkRevokeBias
[2022-06-13T01:52:00.453+0000][1][safepoint    ] Leaving safepoint region
[2022-06-13T01:52:00.453+0000][1][safepoint    ] Total time for which application threads were stopped: 0.0015015 seconds, Stopping threads took: 0.0003306 seconds
[2022-06-13T01:52:00.455+0000][1][safepoint    ] Application time: 0.0006575 seconds
[2022-06-13T01:52:00.455+0000][1][safepoint    ] Entering safepoint region: BulkRevokeBias
[2022-06-13T01:52:00.456+0000][1][safepoint    ] Leaving safepoint region
[2022-06-13T01:52:00.456+0000][1][safepoint    ] Total time for which application threads were stopped: 0.0016427 seconds, Stopping threads took: 0.0004361 seconds
[2022-06-13T01:52:01.457+0000][1][safepoint    ] Application time: 1.0001914 seconds
[2022-06-13T01:52:01.458+0000][1][safepoint    ] Entering safepoint region: Cleanup
[2022-06-13T01:52:01.458+0000][1][safepoint    ] Leaving safepoint region
[2022-06-13T01:52:01.458+0000][1][safepoint    ] Total time for which application threads were stopped: 0.0007863 seconds, Stopping threads took: 0.0004022 seconds
[2022-06-13T01:52:02.459+0000][1][safepoint    ] Application time: 1.0001368 seconds
[2022-06-13T01:52:02.459+0000][1][safepoint    ] Entering safepoint region: Cleanup
[2022-06-13T01:52:02.460+0000][1][safepoint    ] Leaving safepoint region
[2022-06-13T01:52:02.460+0000][1][safepoint    ] Total time for which application threads were stopped: 0.0009268 seconds, Stopping threads took: 0.0005403 seconds
[2022-06-13T01:52:03.446+0000][1][safepoint    ] Application time: 0.9853578 seconds
[2022-06-13T01:52:03.446+0000][1][safepoint    ] Entering safepoint region: RevokeBias
[2022-06-13T01:52:03.447+0000][1][safepoint    ] Leaving safepoint region
[2022-06-13T01:52:03.448+0000][1][safepoint    ] Total time for which application threads were stopped: 0.0011433 seconds, Stopping threads took: 0.0005404 seconds
[2022-06-13T01:52:03.449+0000][1][safepoint    ] Application time: 0.0004601 seconds
[2022-06-13T01:52:03.449+0000][1][safepoint    ] Entering safepoint region: RevokeBias
[2022-06-13T01:52:03.450+0000][1][safepoint    ] Leaving safepoint region
[2022-06-13T01:52:03.450+0000][1][safepoint    ] Total time for which application threads were stopped: 0.0012244 seconds, Stopping threads took: 0.0006364 seconds
[2022-06-13T01:52:04.451+0000][1][safepoint    ] Application time: 1.0004334 seconds
[2022-06-13T01:52:04.452+0000][1][safepoint    ] Entering safepoint region: Cleanup
[2022-06-13T01:52:04.452+0000][1][safepoint    ] Leaving safepoint region
[2022-06-13T01:52:04.453+0000][1][safepoint    ] Total time for which application threads were stopped: 0.0009595 seconds, Stopping threads took: 0.0004606 seconds
[2022-06-13T01:52:05.453+0000][1][safepoint    ] Application time: 1.0002018 seconds
[2022-06-13T01:52:05.454+0000][1][safepoint    ] Entering safepoint region: Cleanup
[2022-06-13T01:52:05.454+0000][1][safepoint    ] Leaving safepoint region
[2022-06-13T01:52:05.455+0000][1][safepoint    ] Total time for which application threads were stopped: 0.0011633 seconds, Stopping threads took: 0.0004239 seconds
[2022-06-13T01:52:06.456+0000][1][safepoint    ] Application time: 1.0002559 seconds
[2022-06-13T01:52:06.456+0000][1][safepoint    ] Entering safepoint region: Cleanup
[2022-06-13T01:52:06.457+0000][1][safepoint    ] Leaving safepoint region
[2022-06-13T01:52:06.458+0000][1][safepoint    ] Total time for which application threads were stopped: 0.0012354 seconds, Stopping threads took: 0.0004653 seconds
[2022-06-13T01:52:07.448+0000][1][safepoint    ] Application time: 0.9898804 seconds
[2022-06-13T01:52:07.448+0000][1][safepoint    ] Entering safepoint region: RevokeBias
[2022-06-13T01:52:07.450+0000][1][safepoint    ] Leaving safepoint region
[2022-06-13T01:52:07.450+0000][1][safepoint    ] Total time for which application threads were stopped: 0.0020784 seconds, Stopping threads took: 0.0005528 seconds
[2022-06-13T01:52:08.451+0000][1][safepoint    ] Application time: 1.0001673 seconds
[2022-06-13T01:52:08.452+0000][1][safepoint    ] Entering safepoint region: Cleanup
[2022-06-13T01:52:08.452+0000][1][safepoint    ] Leaving safepoint region
[2022-06-13T01:52:08.453+0000][1][safepoint    ] Total time for which application threads were stopped: 0.0008851 seconds, Stopping threads took: 0.0003618 seconds
[2022-06-13T01:52:10.453+0000][1][safepoint    ] Application time: 2.0004686 seconds
[2022-06-13T01:52:10.454+0000][1][safepoint    ] Entering safepoint region: Cleanup
[2022-06-13T01:52:10.454+0000][1][safepoint    ] Leaving safepoint region
[2022-06-13T01:52:10.455+0000][1][safepoint    ] Total time for which application threads were stopped: 0.0008187 seconds, Stopping threads took: 0.0004089 seconds
[2022-06-13T01:52:11.450+0000][1][safepoint    ] Application time: 0.9948858 seconds
[2022-06-13T01:52:11.450+0000][1][safepoint    ] Entering safepoint region: RevokeBias
[2022-06-13T01:52:11.452+0000][1][safepoint    ] Leaving safepoint region
[2022-06-13T01:52:11.452+0000][1][safepoint    ] Total time for which application threads were stopped: 0.0020276 seconds, Stopping threads took: 0.0003551 seconds
[2022-06-13T01:52:11.554+0000][1][safepoint    ] Application time: 0.1016538 seconds
[2022-06-13T01:52:11.554+0000][1][safepoint    ] Entering safepoint region: RevokeBias
[2022-06-13T01:52:11.555+0000][1][safepoint    ] Leaving safepoint region
[2022-06-13T01:52:11.555+0000][1][safepoint    ] Total time for which application threads were stopped: 0.0007501 seconds, Stopping threads took: 0.0002950 seconds
[2022-06-13T01:52:12.556+0000][1][safepoint    ] Application time: 1.0002853 seconds
[2022-06-13T01:52:12.557+0000][1][safepoint    ] Entering safepoint region: Cleanup
[2022-06-13T01:52:12.558+0000][1][safepoint    ] Leaving safepoint region
[2022-06-13T01:52:12.559+0000][1][safepoint    ] Total time for which application threads were stopped: 0.0015661 seconds, Stopping threads took: 0.0007288 seconds
[2022-06-13T01:52:13.560+0000][1][safepoint    ] Application time: 1.0002678 seconds
[2022-06-13T01:52:13.560+0000][1][safepoint    ] Entering safepoint region: Cleanup
[2022-06-13T01:52:13.561+0000][1][safepoint    ] Leaving safepoint region
[2022-06-13T01:52:13.561+0000][1][safepoint    ] Total time for which application threads were stopped: 0.0011281 seconds, Stopping threads took: 0.0006290 seconds
[2022-06-13T01:52:14.562+0000][1][safepoint    ] Application time: 1.0002369 seconds
[2022-06-13T01:52:14.562+0000][1][safepoint    ] Entering safepoint region: Cleanup
[2022-06-13T01:52:14.562+0000][1][safepoint    ] Leaving safepoint region
[2022-06-13T01:52:14.563+0000][1][safepoint    ] Total time for which application threads were stopped: 0.0008176 seconds, Stopping threads took: 0.0003388 seconds
[2022-06-13T01:52:15.451+0000][1][safepoint    ] Application time: 0.8884217 seconds
[2022-06-13T01:52:15.452+0000][1][safepoint    ] Entering safepoint region: RevokeBias
[2022-06-13T01:52:15.452+0000][1][safepoint    ] Leaving safepoint region
[2022-06-13T01:52:15.453+0000][1][safepoint    ] Total time for which application threads were stopped: 0.0008398 seconds, Stopping threads took: 0.0005508 seconds
[2022-06-13T01:52:16.453+0000][1][safepoint    ] Application time: 1.0001870 seconds
[2022-06-13T01:52:16.453+0000][1][safepoint    ] Entering safepoint region: Cleanup
[2022-06-13T01:52:16.454+0000][1][safepoint    ] Leaving safepoint region
[2022-06-13T01:52:16.454+0000][1][safepoint    ] Total time for which application threads were stopped: 0.0009255 seconds, Stopping threads took: 0.0004731 seconds
[2022-06-13T01:52:17.455+0000][1][safepoint    ] Application time: 1.0001747 seconds
[2022-06-13T01:52:17.455+0000][1][safepoint    ] Entering safepoint region: Cleanup
[2022-06-13T01:52:17.456+0000][1][safepoint    ] Leaving safepoint region
[2022-06-13T01:52:17.456+0000][1][safepoint    ] Total time for which application threads were stopped: 0.0010577 seconds, Stopping threads took: 0.0004848 seconds
[2022-06-13T01:52:18.457+0000][1][safepoint    ] Application time: 1.0001305 seconds
[2022-06-13T01:52:18.458+0000][1][safepoint    ] Entering safepoint region: Cleanup
[2022-06-13T01:52:18.458+0000][1][safepoint    ] Leaving safepoint region
[2022-06-13T01:52:18.459+0000][1][safepoint    ] Total time for which application threads were stopped: 0.0009009 seconds, Stopping threads took: 0.0005873 seconds
[2022-06-13T01:52:19.459+0000][1][safepoint    ] Application time: 1.0001818 seconds
[2022-06-13T01:52:19.460+0000][1][safepoint    ] Entering safepoint region: Cleanup
[2022-06-13T01:52:19.460+0000][1][safepoint    ] Leaving safepoint region
[2022-06-13T01:52:19.461+0000][1][safepoint    ] Total time for which application threads were stopped: 0.0011238 seconds, Stopping threads took: 0.0004379 seconds
[2022-06-13T01:52:20.462+0000][1][safepoint    ] Application time: 1.0004883 seconds
[2022-06-13T01:52:20.464+0000][1][safepoint    ] Entering safepoint region: Cleanup
[2022-06-13T01:52:20.464+0000][1][safepoint    ] Leaving safepoint region
[2022-06-13T01:52:20.465+0000][1][safepoint    ] Total time for which application threads were stopped: 0.0013554 seconds, Stopping threads took: 0.0006444 seconds
[2022-06-13T01:52:21.466+0000][1][safepoint    ] Application time: 1.0002486 seconds
[2022-06-13T01:52:21.467+0000][1][safepoint    ] Entering safepoint region: Cleanup
[2022-06-13T01:52:21.467+0000][1][safepoint    ] Leaving safepoint region
[2022-06-13T01:52:21.468+0000][1][safepoint    ] Total time for which application threads were stopped: 0.0011786 seconds, Stopping threads took: 0.0004784 seconds
[2022-06-13T01:52:22.469+0000][1][safepoint    ] Application time: 1.0001341 seconds
[2022-06-13T01:52:22.469+0000][1][safepoint    ] Entering safepoint region: Cleanup
[2022-06-13T01:52:22.470+0000][1][safepoint    ] Leaving safepoint region
[2022-06-13T01:52:22.470+0000][1][safepoint    ] Total time for which application threads were stopped: 0.0008318 seconds, Stopping threads took: 0.0004279 seconds
[2022-06-13T01:52:23.471+0000][1][safepoint    ] Application time: 1.0002702 seconds
[2022-06-13T01:52:23.471+0000][1][safepoint    ] Entering safepoint region: Cleanup
[2022-06-13T01:52:23.472+0000][1][safepoint    ] Leaving safepoint region
[2022-06-13T01:52:23.472+0000][1][safepoint    ] Total time for which application threads were stopped: 0.0008894 seconds, Stopping threads took: 0.0003299 seconds
[2022-06-13T01:52:24.473+0000][1][safepoint    ] Application time: 1.0001463 seconds
[2022-06-13T01:52:24.473+0000][1][safepoint    ] Entering safepoint region: Cleanup
[2022-06-13T01:52:24.474+0000][1][safepoint    ] Leaving safepoint region
[2022-06-13T01:52:24.474+0000][1][safepoint    ] Total time for which application threads were stopped: 0.0008666 seconds, Stopping threads took: 0.0003062 seconds
[2022-06-13T01:52:25.474+0000][1][safepoint    ] Application time: 1.0001606 seconds
[2022-06-13T01:52:25.475+0000][1][safepoint    ] Entering safepoint region: Cleanup
[2022-06-13T01:52:25.475+0000][1][safepoint    ] Leaving safepoint region
[2022-06-13T01:52:25.476+0000][1][safepoint    ] Total time for which application threads were stopped: 0.0007836 seconds, Stopping threads took: 0.0002918 seconds
[2022-06-13T01:52:26.476+0000][1][safepoint    ] Application time: 1.0001602 seconds
[2022-06-13T01:52:26.477+0000][1][safepoint    ] Entering safepoint region: Cleanup
[2022-06-13T01:52:26.477+0000][1][safepoint    ] Leaving safepoint region
[2022-06-13T01:52:26.478+0000][1][safepoint    ] Total time for which application threads were stopped: 0.0009309 seconds, Stopping threads took: 0.0005142 seconds
[2022-06-13T01:52:27.478+0000][1][safepoint    ] Application time: 1.0003138 seconds
[2022-06-13T01:52:27.480+0000][1][safepoint    ] Entering safepoint region: Cleanup
[2022-06-13T01:52:27.480+0000][1][safepoint    ] Leaving safepoint region
[2022-06-13T01:52:27.481+0000][1][safepoint    ] Total time for which application threads were stopped: 0.0019642 seconds, Stopping threads took: 0.0008079 seconds
[2022-06-13T01:52:28.483+0000][1][safepoint    ] Application time: 1.0002404 seconds
[2022-06-13T01:52:28.483+0000][1][safepoint    ] Entering safepoint region: Cleanup
[2022-06-13T01:52:28.484+0000][1][safepoint    ] Leaving safepoint region
[2022-06-13T01:52:28.485+0000][1][safepoint    ] Total time for which application threads were stopped: 0.0014868 seconds, Stopping threads took: 0.0006615 seconds
[2022-06-13T01:52:29.485+0000][1][safepoint    ] Application time: 1.0001475 seconds
[2022-06-13T01:52:29.486+0000][1][safepoint    ] Entering safepoint region: Cleanup
[2022-06-13T01:52:29.486+0000][1][safepoint    ] Leaving safepoint region
[2022-06-13T01:52:29.487+0000][1][safepoint    ] Total time for which application threads were stopped: 0.0008334 seconds, Stopping threads took: 0.0003873 seconds
[2022-06-13T01:52:30.487+0000][1][safepoint    ] Application time: 1.0004081 seconds
[2022-06-13T01:52:30.488+0000][1][safepoint    ] Entering safepoint region: Cleanup
[2022-06-13T01:52:30.489+0000][1][safepoint    ] Leaving safepoint region
[2022-06-13T01:52:30.489+0000][1][safepoint    ] Total time for which application threads were stopped: 0.0011900 seconds, Stopping threads took: 0.0005554 seconds
[2022-06-13T01:52:31.490+0000][1][safepoint    ] Application time: 1.0001554 seconds
[2022-06-13T01:52:31.491+0000][1][safepoint    ] Entering safepoint region: Cleanup
[2022-06-13T01:52:31.491+0000][1][safepoint    ] Leaving safepoint region
[2022-06-13T01:52:31.491+0000][1][safepoint    ] Total time for which application threads were stopped: 0.0008238 seconds, Stopping threads took: 0.0003894 seconds
[2022-06-13T01:52:32.492+0000][1][safepoint    ] Application time: 1.0003309 seconds
[2022-06-13T01:52:32.493+0000][1][safepoint    ] Entering safepoint region: Cleanup
[2022-06-13T01:52:32.494+0000][1][safepoint    ] Leaving safepoint region
[2022-06-13T01:52:32.495+0000][1][safepoint    ] Total time for which application threads were stopped: 0.0017302 seconds, Stopping threads took: 0.0008529 seconds
[2022-06-13T01:52:33.496+0000][1][safepoint    ] Application time: 1.0003425 seconds
[2022-06-13T01:52:33.497+0000][1][safepoint    ] Entering safepoint region: Cleanup
[2022-06-13T01:52:33.497+0000][1][safepoint    ] Leaving safepoint region
[2022-06-13T01:52:33.498+0000][1][safepoint    ] Total time for which application threads were stopped: 0.0018281 seconds, Stopping threads took: 0.0007936 seconds
[2022-06-13T01:52:34.500+0000][1][safepoint    ] Application time: 1.0003605 seconds
[2022-06-13T01:52:34.500+0000][1][safepoint    ] Entering safepoint region: Cleanup
[2022-06-13T01:52:34.501+0000][1][safepoint    ] Leaving safepoint region
[2022-06-13T01:52:34.501+0000][1][safepoint    ] Total time for which application threads were stopped: 0.0007492 seconds, Stopping threads took: 0.0003301 seconds
[2022-06-13T01:52:35.501+0000][1][safepoint    ] Application time: 1.0001303 seconds
[2022-06-13T01:52:35.502+0000][1][safepoint    ] Entering safepoint region: Cleanup
[2022-06-13T01:52:35.502+0000][1][safepoint    ] Leaving safepoint region
[2022-06-13T01:52:35.503+0000][1][safepoint    ] Total time for which application threads were stopped: 0.0008185 seconds, Stopping threads took: 0.0003173 seconds
[2022-06-13T01:52:36.503+0000][1][safepoint    ] Application time: 1.0002364 seconds
[2022-06-13T01:52:36.504+0000][1][safepoint    ] Entering safepoint region: Cleanup
[2022-06-13T01:52:36.504+0000][1][safepoint    ] Leaving safepoint region
[2022-06-13T01:52:36.505+0000][1][safepoint    ] Total time for which application threads were stopped: 0.0008855 seconds, Stopping threads took: 0.0003822 seconds
[2022-06-13T01:52:37.505+0000][1][safepoint    ] Application time: 1.0001186 seconds
[2022-06-13T01:52:37.506+0000][1][safepoint    ] Entering safepoint region: Cleanup
[2022-06-13T01:52:37.507+0000][1][safepoint    ] Leaving safepoint region
[2022-06-13T01:52:37.509+0000][1][safepoint    ] Total time for which application threads were stopped: 0.0021864 seconds, Stopping threads took: 0.0007572 seconds
[2022-06-13T01:52:38.509+0000][1][safepoint    ] Application time: 1.0002035 seconds
[2022-06-13T01:52:38.510+0000][1][safepoint    ] Entering safepoint region: Cleanup
[2022-06-13T01:52:38.511+0000][1][safepoint    ] Leaving safepoint region
[2022-06-13T01:52:38.511+0000][1][safepoint    ] Total time for which application threads were stopped: 0.0011576 seconds, Stopping threads took: 0.0004905 seconds
[2022-06-13T01:52:39.512+0000][1][safepoint    ] Application time: 1.0002332 seconds
[2022-06-13T01:52:39.513+0000][1][safepoint    ] Entering safepoint region: Cleanup
[2022-06-13T01:52:39.514+0000][1][safepoint    ] Leaving safepoint region
[2022-06-13T01:52:39.514+0000][1][safepoint    ] Total time for which application threads were stopped: 0.0017917 seconds, Stopping threads took: 0.0006982 seconds
[2022-06-13T01:52:40.515+0000][1][safepoint    ] Application time: 1.0001831 seconds
[2022-06-13T01:52:40.516+0000][1][safepoint    ] Entering safepoint region: Cleanup
[2022-06-13T01:52:40.517+0000][1][safepoint    ] Leaving safepoint region
[2022-06-13T01:52:40.518+0000][1][safepoint    ] Total time for which application threads were stopped: 0.0018596 seconds, Stopping threads took: 0.0008020 seconds
[2022-06-13T01:52:41.519+0000][1][safepoint    ] Application time: 1.0002395 seconds
[2022-06-13T01:52:41.519+0000][1][safepoint    ] Entering safepoint region: Cleanup
[2022-06-13T01:52:41.520+0000][1][safepoint    ] Leaving safepoint region
[2022-06-13T01:52:41.520+0000][1][safepoint    ] Total time for which application threads were stopped: 0.0005405 seconds, Stopping threads took: 0.0002673 seconds
[2022-06-13T01:52:42.520+0000][1][safepoint    ] Application time: 1.0002325 seconds
[2022-06-13T01:52:42.521+0000][1][safepoint    ] Entering safepoint region: Cleanup
[2022-06-13T01:52:42.522+0000][1][safepoint    ] Leaving safepoint region
[2022-06-13T01:52:42.522+0000][1][safepoint    ] Total time for which application threads were stopped: 0.0010967 seconds, Stopping threads took: 0.0004745 seconds
[2022-06-13T01:52:43.523+0000][1][safepoint    ] Application time: 1.0001080 seconds
[2022-06-13T01:52:43.523+0000][1][safepoint    ] Entering safepoint region: Cleanup
[2022-06-13T01:52:43.524+0000][1][safepoint    ] Leaving safepoint region
[2022-06-13T01:52:43.524+0000][1][safepoint    ] Total time for which application threads were stopped: 0.0010881 seconds, Stopping threads took: 0.0005568 seconds
[2022-06-13T01:52:44.525+0000][1][safepoint    ] Application time: 1.0002653 seconds
[2022-06-13T01:52:44.526+0000][1][safepoint    ] Entering safepoint region: Cleanup
[2022-06-13T01:52:44.527+0000][1][safepoint    ] Leaving safepoint region
[2022-06-13T01:52:44.528+0000][1][safepoint    ] Total time for which application threads were stopped: 0.0019868 seconds, Stopping threads took: 0.0008364 seconds
[2022-06-13T01:52:45.529+0000][1][safepoint    ] Application time: 1.0002278 seconds
[2022-06-13T01:52:45.529+0000][1][safepoint    ] Entering safepoint region: Cleanup
[2022-06-13T01:52:45.530+0000][1][safepoint    ] Leaving safepoint region
[2022-06-13T01:52:45.530+0000][1][safepoint    ] Total time for which application threads were stopped: 0.0009481 seconds, Stopping threads took: 0.0003766 seconds
[2022-06-13T01:52:46.531+0000][1][safepoint    ] Application time: 1.0002138 seconds
[2022-06-13T01:52:46.532+0000][1][safepoint    ] Entering safepoint region: Cleanup
[2022-06-13T01:52:46.533+0000][1][safepoint    ] Leaving safepoint region
[2022-06-13T01:52:46.533+0000][1][safepoint    ] Total time for which application threads were stopped: 0.0010829 seconds, Stopping threads took: 0.0004119 seconds
[2022-06-13T01:52:47.533+0000][1][safepoint    ] Application time: 1.0001126 seconds
[2022-06-13T01:52:47.534+0000][1][safepoint    ] Entering safepoint region: Cleanup
[2022-06-13T01:52:47.535+0000][1][safepoint    ] Leaving safepoint region
[2022-06-13T01:52:47.535+0000][1][safepoint    ] Total time for which application threads were stopped: 0.0010672 seconds, Stopping threads took: 0.0003722 seconds
[2022-06-13T01:52:48.535+0000][1][safepoint    ] Application time: 1.0001056 seconds
[2022-06-13T01:52:48.536+0000][1][safepoint    ] Entering safepoint region: Cleanup
[2022-06-13T01:52:48.536+0000][1][safepoint    ] Leaving safepoint region
[2022-06-13T01:52:48.537+0000][1][safepoint    ] Total time for which application threads were stopped: 0.0005974 seconds, Stopping threads took: 0.0002140 seconds
[2022-06-13T01:52:49.537+0000][1][safepoint    ] Application time: 1.0004101 seconds
[2022-06-13T01:52:49.539+0000][1][safepoint    ] Entering safepoint region: Cleanup
[2022-06-13T01:52:49.540+0000][1][safepoint    ] Leaving safepoint region
[2022-06-13T01:52:49.541+0000][1][safepoint    ] Total time for which application threads were stopped: 0.0019926 seconds, Stopping threads took: 0.0007506 seconds
[2022-06-13T01:52:50.542+0000][1][safepoint    ] Application time: 1.0001959 seconds
[2022-06-13T01:52:50.542+0000][1][safepoint    ] Entering safepoint region: Cleanup
[2022-06-13T01:52:50.543+0000][1][safepoint    ] Leaving safepoint region
[2022-06-13T01:52:50.544+0000][1][safepoint    ] Total time for which application threads were stopped: 0.0011463 seconds, Stopping threads took: 0.0005873 seconds
[2022-06-13T01:52:51.544+0000][1][safepoint    ] Application time: 1.0002165 seconds
[2022-06-13T01:52:51.545+0000][1][safepoint    ] Entering safepoint region: Cleanup
[2022-06-13T01:52:51.545+0000][1][safepoint    ] Leaving safepoint region
[2022-06-13T01:52:51.546+0000][1][safepoint    ] Total time for which application threads were stopped: 0.0008550 seconds, Stopping threads took: 0.0002914 seconds
[2022-06-13T01:52:52.546+0000][1][safepoint    ] Application time: 1.0002577 seconds
[2022-06-13T01:52:52.547+0000][1][safepoint    ] Entering safepoint region: Cleanup
[2022-06-13T01:52:52.548+0000][1][safepoint    ] Leaving safepoint region
[2022-06-13T01:52:52.549+0000][1][safepoint    ] Total time for which application threads were stopped: 0.0013663 seconds, Stopping threads took: 0.0004612 seconds
[2022-06-13T01:52:53.549+0000][1][safepoint    ] Application time: 1.0002941 seconds
[2022-06-13T01:52:53.550+0000][1][safepoint    ] Entering safepoint region: Cleanup
[2022-06-13T01:52:53.551+0000][1][safepoint    ] Leaving safepoint region
[2022-06-13T01:52:53.551+0000][1][safepoint    ] Total time for which application threads were stopped: 0.0013406 seconds, Stopping threads took: 0.0005851 seconds
[2022-06-13T01:52:54.552+0000][1][safepoint    ] Application time: 1.0002819 seconds
[2022-06-13T01:52:54.553+0000][1][safepoint    ] Entering safepoint region: Cleanup
[2022-06-13T01:52:54.554+0000][1][safepoint    ] Leaving safepoint region
[2022-06-13T01:52:54.554+0000][1][safepoint    ] Total time for which application threads were stopped: 0.0011005 seconds, Stopping threads took: 0.0004361 seconds
[2022-06-13T01:52:55.555+0000][1][safepoint    ] Application time: 1.0002403 seconds
[2022-06-13T01:52:55.555+0000][1][safepoint    ] Entering safepoint region: Cleanup
[2022-06-13T01:52:55.556+0000][1][safepoint    ] Leaving safepoint region
[2022-06-13T01:52:55.556+0000][1][safepoint    ] Total time for which application threads were stopped: 0.0008644 seconds, Stopping threads took: 0.0003322 seconds
[2022-06-13T01:52:56.557+0000][1][safepoint    ] Application time: 1.0001503 seconds
[2022-06-13T01:52:56.557+0000][1][safepoint    ] Entering safepoint region: Cleanup
[2022-06-13T01:52:56.558+0000][1][safepoint    ] Leaving safepoint region
[2022-06-13T01:52:56.558+0000][1][safepoint    ] Total time for which application threads were stopped: 0.0010850 seconds, Stopping threads took: 0.0005591 seconds
[2022-06-13T01:52:57.559+0000][1][safepoint    ] Application time: 1.0001601 seconds
[2022-06-13T01:52:57.560+0000][1][safepoint    ] Entering safepoint region: Cleanup
[2022-06-13T01:52:57.560+0000][1][safepoint    ] Leaving safepoint region
[2022-06-13T01:52:57.561+0000][1][safepoint    ] Total time for which application threads were stopped: 0.0016034 seconds, Stopping threads took: 0.0006099 seconds
[2022-06-13T01:52:58.562+0000][1][safepoint    ] Application time: 1.0003564 seconds
[2022-06-13T01:52:58.563+0000][1][safepoint    ] Entering safepoint region: Cleanup
[2022-06-13T01:52:58.564+0000][1][safepoint    ] Leaving safepoint region
[2022-06-13T01:52:58.565+0000][1][safepoint    ] Total time for which application threads were stopped: 0.0014947 seconds, Stopping threads took: 0.0007751 seconds
[2022-06-13T01:52:59.566+0000][1][safepoint    ] Application time: 1.0003189 seconds
[2022-06-13T01:52:59.566+0000][1][safepoint    ] Entering safepoint region: Cleanup
[2022-06-13T01:52:59.567+0000][1][safepoint    ] Leaving safepoint region
[2022-06-13T01:52:59.567+0000][1][safepoint    ] Total time for which application threads were stopped: 0.0009592 seconds, Stopping threads took: 0.0004364 seconds
[2022-06-13T01:53:00.568+0000][1][safepoint    ] Application time: 1.0001582 seconds
[2022-06-13T01:53:00.569+0000][1][safepoint    ] Entering safepoint region: Cleanup
[2022-06-13T01:53:00.569+0000][1][safepoint    ] Leaving safepoint region
[2022-06-13T01:53:00.570+0000][1][safepoint    ] Total time for which application threads were stopped: 0.0012657 seconds, Stopping threads took: 0.0007003 seconds
[2022-06-13T01:53:01.570+0000][1][safepoint    ] Application time: 1.0001911 seconds
[2022-06-13T01:53:01.571+0000][1][safepoint    ] Entering safepoint region: Cleanup
[2022-06-13T01:53:01.571+0000][1][safepoint    ] Leaving safepoint region
[2022-06-13T01:53:01.572+0000][1][safepoint    ] Total time for which application threads were stopped: 0.0009950 seconds, Stopping threads took: 0.0005676 seconds
[2022-06-13T01:53:02.572+0000][1][safepoint    ] Application time: 1.0001849 seconds
[2022-06-13T01:53:02.573+0000][1][safepoint    ] Entering safepoint region: Cleanup
[2022-06-13T01:53:02.574+0000][1][safepoint    ] Leaving safepoint region
[2022-06-13T01:53:02.574+0000][1][safepoint    ] Total time for which application threads were stopped: 0.0011836 seconds, Stopping threads took: 0.0005172 seconds
[2022-06-13T01:53:03.575+0000][1][safepoint    ] Application time: 1.0001948 seconds
[2022-06-13T01:53:03.575+0000][1][safepoint    ] Entering safepoint region: Cleanup
[2022-06-13T01:53:03.576+0000][1][safepoint    ] Leaving safepoint region
[2022-06-13T01:53:03.576+0000][1][safepoint    ] Total time for which application threads were stopped: 0.0008846 seconds, Stopping threads took: 0.0003867 seconds
[2022-06-13T01:53:04.577+0000][1][safepoint    ] Application time: 1.0003688 seconds
[2022-06-13T01:53:04.577+0000][1][safepoint    ] Entering safepoint region: Cleanup
[2022-06-13T01:53:04.577+0000][1][safepoint    ] Leaving safepoint region
[2022-06-13T01:53:04.578+0000][1][safepoint    ] Total time for which application threads were stopped: 0.0008722 seconds, Stopping threads took: 0.0003960 seconds
[2022-06-13T01:53:05.578+0000][1][safepoint    ] Application time: 1.0003064 seconds
[2022-06-13T01:53:05.579+0000][1][safepoint    ] Entering safepoint region: Cleanup
[2022-06-13T01:53:05.579+0000][1][safepoint    ] Leaving safepoint region
[2022-06-13T01:53:05.580+0000][1][safepoint    ] Total time for which application threads were stopped: 0.0009752 seconds, Stopping threads took: 0.0003909 seconds
[2022-06-13T01:53:06.581+0000][1][safepoint    ] Application time: 1.0001581 seconds
[2022-06-13T01:53:06.581+0000][1][safepoint    ] Entering safepoint region: Cleanup
[2022-06-13T01:53:06.582+0000][1][safepoint    ] Leaving safepoint region
[2022-06-13T01:53:06.582+0000][1][safepoint    ] Total time for which application threads were stopped: 0.0011201 seconds, Stopping threads took: 0.0003057 seconds
[2022-06-13T01:53:07.583+0000][1][safepoint    ] Application time: 1.0001778 seconds
[2022-06-13T01:53:07.583+0000][1][safepoint    ] Entering safepoint region: Cleanup
[2022-06-13T01:53:07.584+0000][1][safepoint    ] Leaving safepoint region
[2022-06-13T01:53:07.584+0000][1][safepoint    ] Total time for which application threads were stopped: 0.0009860 seconds, Stopping threads took: 0.0004605 seconds
[2022-06-13T01:53:08.585+0000][1][safepoint    ] Application time: 1.0001956 seconds
[2022-06-13T01:53:08.585+0000][1][safepoint    ] Entering safepoint region: Cleanup
[2022-06-13T01:53:08.586+0000][1][safepoint    ] Leaving safepoint region
[2022-06-13T01:53:08.586+0000][1][safepoint    ] Total time for which application threads were stopped: 0.0009219 seconds, Stopping threads took: 0.0003984 seconds
[2022-06-13T01:53:09.019+0000][1][safepoint    ] Application time: 0.4321100 seconds
[2022-06-13T01:53:09.019+0000][1][safepoint    ] Entering safepoint region: GenCollectForAllocation
[2022-06-13T01:53:09.020+0000][1][gc,start     ] GC(22) Pause Young (Allocation Failure)
[2022-06-13T01:53:09.020+0000][1][gc,task      ] GC(22) Using 5 workers of 13 for evacuation
[2022-06-13T01:53:09.030+0000][1][gc,age       ] GC(22) Desired survivor size 4456448 bytes, new threshold 2 (max threshold 6)
[2022-06-13T01:53:09.030+0000][1][gc,age       ] GC(22) Age table with threshold 2 (max threshold 6)
[2022-06-13T01:53:09.031+0000][1][gc,age       ] GC(22) - age   1:    1462192 bytes,    1462192 total
[2022-06-13T01:53:09.031+0000][1][gc,age       ] GC(22) - age   2:    3692112 bytes,    5154304 total
[2022-06-13T01:53:09.032+0000][1][gc,heap      ] GC(22) ParNew: 76835K->7000K(78656K)
[2022-06-13T01:53:09.032+0000][1][gc,heap      ] GC(22) CMS: 62970K->64349K(174784K)
[2022-06-13T01:53:09.033+0000][1][gc,metaspace ] GC(22) Metaspace: 64616K->64616K(1107968K)
[2022-06-13T01:53:09.033+0000][1][gc           ] GC(22) Pause Young (Allocation Failure) 136M->69M(247M) 13.309ms
[2022-06-13T01:53:09.033+0000][1][gc,cpu       ] GC(22) User=0.03s Sys=0.01s Real=0.01s
[2022-06-13T01:53:09.034+0000][1][safepoint    ] Leaving safepoint region
[2022-06-13T01:53:09.034+0000][1][safepoint    ] Total time for which application threads were stopped: 0.0154487 seconds, Stopping threads took: 0.0004778 seconds
[2022-06-13T01:53:10.035+0000][1][safepoint    ] Application time: 1.0001936 seconds
[2022-06-13T01:53:10.035+0000][1][safepoint    ] Entering safepoint region: Cleanup
[2022-06-13T01:53:10.036+0000][1][safepoint    ] Leaving safepoint region
[2022-06-13T01:53:10.036+0000][1][safepoint    ] Total time for which application threads were stopped: 0.0011254 seconds, Stopping threads took: 0.0004433 seconds
[2022-06-13T01:53:11.037+0000][1][safepoint    ] Application time: 1.0001968 seconds
[2022-06-13T01:53:11.037+0000][1][safepoint    ] Entering safepoint region: Cleanup
[2022-06-13T01:53:11.038+0000][1][safepoint    ] Leaving safepoint region
[2022-06-13T01:53:11.038+0000][1][safepoint    ] Total time for which application threads were stopped: 0.0008235 seconds, Stopping threads took: 0.0003674 seconds
[2022-06-13T01:53:12.039+0000][1][safepoint    ] Application time: 1.0001937 seconds
[2022-06-13T01:53:12.039+0000][1][safepoint    ] Entering safepoint region: Cleanup
[2022-06-13T01:53:12.040+0000][1][safepoint    ] Leaving safepoint region
[2022-06-13T01:53:12.040+0000][1][safepoint    ] Total time for which application threads were stopped: 0.0012009 seconds, Stopping threads took: 0.0006234 seconds
[2022-06-13T01:53:13.041+0000][1][safepoint    ] Application time: 1.0002217 seconds
[2022-06-13T01:53:13.042+0000][1][safepoint    ] Entering safepoint region: Cleanup
[2022-06-13T01:53:13.042+0000][1][safepoint    ] Leaving safepoint region
[2022-06-13T01:53:13.043+0000][1][safepoint    ] Total time for which application threads were stopped: 0.0013258 seconds, Stopping threads took: 0.0006209 seconds
[2022-06-13T01:53:14.044+0000][1][safepoint    ] Application time: 1.0001502 seconds
[2022-06-13T01:53:14.044+0000][1][safepoint    ] Entering safepoint region: Cleanup
[2022-06-13T01:53:14.045+0000][1][safepoint    ] Leaving safepoint region
[2022-06-13T01:53:14.045+0000][1][safepoint    ] Total time for which application threads were stopped: 0.0009985 seconds, Stopping threads took: 0.0004864 seconds
[2022-06-13T01:53:15.046+0000][1][safepoint    ] Application time: 1.0001986 seconds
[2022-06-13T01:53:15.047+0000][1][safepoint    ] Entering safepoint region: Cleanup
[2022-06-13T01:53:15.047+0000][1][safepoint    ] Leaving safepoint region
[2022-06-13T01:53:15.048+0000][1][safepoint    ] Total time for which application threads were stopped: 0.0009535 seconds, Stopping threads took: 0.0003985 seconds
[2022-06-13T01:53:16.048+0000][1][safepoint    ] Application time: 1.0003566 seconds
[2022-06-13T01:53:16.049+0000][1][safepoint    ] Entering safepoint region: Cleanup
[2022-06-13T01:53:16.050+0000][1][safepoint    ] Leaving safepoint region
[2022-06-13T01:53:16.050+0000][1][safepoint    ] Total time for which application threads were stopped: 0.0008960 seconds, Stopping threads took: 0.0003850 seconds
[2022-06-13T01:53:17.051+0000][1][safepoint    ] Application time: 1.0001636 seconds
[2022-06-13T01:53:17.052+0000][1][safepoint    ] Entering safepoint region: Cleanup
[2022-06-13T01:53:17.053+0000][1][safepoint    ] Leaving safepoint region
[2022-06-13T01:53:17.053+0000][1][safepoint    ] Total time for which application threads were stopped: 0.0016609 seconds, Stopping threads took: 0.0007298 seconds
[2022-06-13T01:53:18.054+0000][1][safepoint    ] Application time: 1.0002310 seconds
[2022-06-13T01:53:18.055+0000][1][safepoint    ] Entering safepoint region: Cleanup
[2022-06-13T01:53:18.056+0000][1][safepoint    ] Leaving safepoint region
[2022-06-13T01:53:18.057+0000][1][safepoint    ] Total time for which application threads were stopped: 0.0016824 seconds, Stopping threads took: 0.0007857 seconds
[2022-06-13T01:53:20.054+0000][1][safepoint    ] Application time: 1.9966182 seconds
[2022-06-13T01:53:20.055+0000][1][safepoint    ] Entering safepoint region: Cleanup
[2022-06-13T01:53:20.055+0000][1][safepoint    ] Leaving safepoint region
[2022-06-13T01:53:20.055+0000][1][safepoint    ] Total time for which application threads were stopped: 0.0007105 seconds, Stopping threads took: 0.0003433 seconds
[2022-06-13T01:53:21.056+0000][1][safepoint    ] Application time: 1.0002057 seconds
[2022-06-13T01:53:21.056+0000][1][safepoint    ] Entering safepoint region: Cleanup
[2022-06-13T01:53:21.057+0000][1][safepoint    ] Leaving safepoint region
[2022-06-13T01:53:21.058+0000][1][safepoint    ] Total time for which application threads were stopped: 0.0012660 seconds, Stopping threads took: 0.0005811 seconds
[2022-06-13T01:53:22.058+0000][1][safepoint    ] Application time: 1.0002809 seconds
[2022-06-13T01:53:22.059+0000][1][safepoint    ] Entering safepoint region: Cleanup
[2022-06-13T01:53:22.060+0000][1][safepoint    ] Leaving safepoint region
[2022-06-13T01:53:22.061+0000][1][safepoint    ] Total time for which application threads were stopped: 0.0012666 seconds, Stopping threads took: 0.0004335 seconds
[2022-06-13T01:53:23.062+0000][1][safepoint    ] Application time: 1.0002888 seconds
[2022-06-13T01:53:23.063+0000][1][safepoint    ] Entering safepoint region: Cleanup
[2022-06-13T01:53:23.064+0000][1][safepoint    ] Leaving safepoint region
[2022-06-13T01:53:23.064+0000][1][safepoint    ] Total time for which application threads were stopped: 0.0014975 seconds, Stopping threads took: 0.0004608 seconds
[2022-06-13T01:53:24.066+0000][1][safepoint    ] Application time: 1.0003282 seconds
[2022-06-13T01:53:24.066+0000][1][safepoint    ] Entering safepoint region: Cleanup
[2022-06-13T01:53:24.067+0000][1][safepoint    ] Leaving safepoint region
[2022-06-13T01:53:24.067+0000][1][safepoint    ] Total time for which application threads were stopped: 0.0011268 seconds, Stopping threads took: 0.0005777 seconds
[2022-06-13T01:53:25.068+0000][1][safepoint    ] Application time: 1.0001891 seconds
[2022-06-13T01:53:25.068+0000][1][safepoint    ] Entering safepoint region: Cleanup
[2022-06-13T01:53:25.069+0000][1][safepoint    ] Leaving safepoint region
[2022-06-13T01:53:25.069+0000][1][safepoint    ] Total time for which application threads were stopped: 0.0011253 seconds, Stopping threads took: 0.0004658 seconds
[2022-06-13T01:53:26.070+0000][1][safepoint    ] Application time: 1.0003855 seconds
[2022-06-13T01:53:26.071+0000][1][safepoint    ] Entering safepoint region: Cleanup
[2022-06-13T01:53:26.072+0000][1][safepoint    ] Leaving safepoint region
[2022-06-13T01:53:26.073+0000][1][safepoint    ] Total time for which application threads were stopped: 0.0014171 seconds, Stopping threads took: 0.0006301 seconds
[2022-06-13T01:53:27.074+0000][1][safepoint    ] Application time: 1.0006022 seconds
[2022-06-13T01:53:27.075+0000][1][safepoint    ] Entering safepoint region: Cleanup
[2022-06-13T01:53:27.076+0000][1][safepoint    ] Leaving safepoint region
[2022-06-13T01:53:27.077+0000][1][safepoint    ] Total time for which application threads were stopped: 0.0014642 seconds, Stopping threads took: 0.0006196 seconds
[2022-06-13T01:53:28.077+0000][1][safepoint    ] Application time: 1.0001904 seconds
[2022-06-13T01:53:28.078+0000][1][safepoint    ] Entering safepoint region: Cleanup
[2022-06-13T01:53:28.078+0000][1][safepoint    ] Leaving safepoint region
[2022-06-13T01:53:28.078+0000][1][safepoint    ] Total time for which application threads were stopped: 0.0006800 seconds, Stopping threads took: 0.0002912 seconds
[2022-06-13T01:53:29.079+0000][1][safepoint    ] Application time: 1.0002070 seconds
[2022-06-13T01:53:29.080+0000][1][safepoint    ] Entering safepoint region: Cleanup
[2022-06-13T01:53:29.081+0000][1][safepoint    ] Leaving safepoint region
[2022-06-13T01:53:29.081+0000][1][safepoint    ] Total time for which application threads were stopped: 0.0017031 seconds, Stopping threads took: 0.0008236 seconds
[2022-06-13T01:53:30.082+0000][1][safepoint    ] Application time: 1.0003577 seconds
[2022-06-13T01:53:30.083+0000][1][safepoint    ] Entering safepoint region: Cleanup
[2022-06-13T01:53:30.084+0000][1][safepoint    ] Leaving safepoint region
[2022-06-13T01:53:30.085+0000][1][safepoint    ] Total time for which application threads were stopped: 0.0014528 seconds, Stopping threads took: 0.0007173 seconds
[2022-06-13T01:53:31.085+0000][1][safepoint    ] Application time: 1.0002062 seconds
[2022-06-13T01:53:31.086+0000][1][safepoint    ] Entering safepoint region: Cleanup
[2022-06-13T01:53:31.086+0000][1][safepoint    ] Leaving safepoint region
[2022-06-13T01:53:31.087+0000][1][safepoint    ] Total time for which application threads were stopped: 0.0011322 seconds, Stopping threads took: 0.0005217 seconds
[2022-06-13T01:53:32.088+0000][1][safepoint    ] Application time: 1.0002693 seconds
[2022-06-13T01:53:32.088+0000][1][safepoint    ] Entering safepoint region: Cleanup
[2022-06-13T01:53:32.089+0000][1][safepoint    ] Leaving safepoint region
[2022-06-13T01:53:32.089+0000][1][safepoint    ] Total time for which application threads were stopped: 0.0011238 seconds, Stopping threads took: 0.0005651 seconds
[2022-06-13T01:53:33.090+0000][1][safepoint    ] Application time: 1.0001684 seconds
[2022-06-13T01:53:33.091+0000][1][safepoint    ] Entering safepoint region: Cleanup
[2022-06-13T01:53:33.092+0000][1][safepoint    ] Leaving safepoint region
[2022-06-13T01:53:33.092+0000][1][safepoint    ] Total time for which application threads were stopped: 0.0011512 seconds, Stopping threads took: 0.0005407 seconds
[2022-06-13T01:53:34.093+0000][1][safepoint    ] Application time: 1.0002425 seconds
[2022-06-13T01:53:34.093+0000][1][safepoint    ] Entering safepoint region: Cleanup
[2022-06-13T01:53:34.094+0000][1][safepoint    ] Leaving safepoint region
[2022-06-13T01:53:34.094+0000][1][safepoint    ] Total time for which application threads were stopped: 0.0007181 seconds, Stopping threads took: 0.0003312 seconds
[2022-06-13T01:53:35.095+0000][1][safepoint    ] Application time: 1.0002099 seconds
[2022-06-13T01:53:35.096+0000][1][safepoint    ] Entering safepoint region: Cleanup
[2022-06-13T01:53:35.096+0000][1][safepoint    ] Leaving safepoint region
[2022-06-13T01:53:35.097+0000][1][safepoint    ] Total time for which application threads were stopped: 0.0015164 seconds, Stopping threads took: 0.0007173 seconds
[2022-06-13T01:53:36.098+0000][1][safepoint    ] Application time: 1.0004175 seconds
[2022-06-13T01:53:36.099+0000][1][safepoint    ] Entering safepoint region: Cleanup
[2022-06-13T01:53:36.100+0000][1][safepoint    ] Leaving safepoint region
[2022-06-13T01:53:36.100+0000][1][safepoint    ] Total time for which application threads were stopped: 0.0009243 seconds, Stopping threads took: 0.0004480 seconds
[2022-06-13T01:53:37.101+0000][1][safepoint    ] Application time: 1.0002483 seconds
[2022-06-13T01:53:37.102+0000][1][safepoint    ] Entering safepoint region: Cleanup
[2022-06-13T01:53:37.103+0000][1][safepoint    ] Leaving safepoint region
[2022-06-13T01:53:37.103+0000][1][safepoint    ] Total time for which application threads were stopped: 0.0014992 seconds, Stopping threads took: 0.0007012 seconds
[2022-06-13T01:53:38.104+0000][1][safepoint    ] Application time: 1.0003537 seconds
[2022-06-13T01:53:38.105+0000][1][safepoint    ] Entering safepoint region: Cleanup
[2022-06-13T01:53:38.106+0000][1][safepoint    ] Leaving safepoint region
[2022-06-13T01:53:38.106+0000][1][safepoint    ] Total time for which application threads were stopped: 0.0012364 seconds, Stopping threads took: 0.0005202 seconds
[2022-06-13T01:53:39.107+0000][1][safepoint    ] Application time: 1.0002669 seconds
[2022-06-13T01:53:39.108+0000][1][safepoint    ] Entering safepoint region: Cleanup
[2022-06-13T01:53:39.109+0000][1][safepoint    ] Leaving safepoint region
[2022-06-13T01:53:39.110+0000][1][safepoint    ] Total time for which application threads were stopped: 0.0018047 seconds, Stopping threads took: 0.0009686 seconds
[2022-06-13T01:53:40.110+0000][1][safepoint    ] Application time: 1.0003432 seconds
[2022-06-13T01:53:40.111+0000][1][safepoint    ] Entering safepoint region: Cleanup
[2022-06-13T01:53:40.113+0000][1][safepoint    ] Leaving safepoint region
[2022-06-13T01:53:40.113+0000][1][safepoint    ] Total time for which application threads were stopped: 0.0018588 seconds, Stopping threads took: 0.0008659 seconds
[2022-06-13T01:53:41.114+0000][1][safepoint    ] Application time: 1.0003476 seconds
[2022-06-13T01:53:41.115+0000][1][safepoint    ] Entering safepoint region: Cleanup
[2022-06-13T01:53:41.116+0000][1][safepoint    ] Leaving safepoint region
[2022-06-13T01:53:41.117+0000][1][safepoint    ] Total time for which application threads were stopped: 0.0016371 seconds, Stopping threads took: 0.0007292 seconds
[2022-06-13T01:53:42.118+0000][1][safepoint    ] Application time: 1.0003007 seconds
[2022-06-13T01:53:42.119+0000][1][safepoint    ] Entering safepoint region: Cleanup
[2022-06-13T01:53:42.120+0000][1][safepoint    ] Leaving safepoint region
[2022-06-13T01:53:42.120+0000][1][safepoint    ] Total time for which application threads were stopped: 0.0015308 seconds, Stopping threads took: 0.0007409 seconds
[2022-06-13T01:53:43.121+0000][1][safepoint    ] Application time: 1.0002030 seconds
[2022-06-13T01:53:43.122+0000][1][safepoint    ] Entering safepoint region: Cleanup
[2022-06-13T01:53:43.123+0000][1][safepoint    ] Leaving safepoint region
[2022-06-13T01:53:43.123+0000][1][safepoint    ] Total time for which application threads were stopped: 0.0014081 seconds, Stopping threads took: 0.0006092 seconds
[2022-06-13T01:53:44.124+0000][1][safepoint    ] Application time: 1.0002027 seconds
[2022-06-13T01:53:44.125+0000][1][safepoint    ] Entering safepoint region: Cleanup
[2022-06-13T01:53:44.125+0000][1][safepoint    ] Leaving safepoint region
[2022-06-13T01:53:44.125+0000][1][safepoint    ] Total time for which application threads were stopped: 0.0006496 seconds, Stopping threads took: 0.0002102 seconds
[2022-06-13T01:53:45.126+0000][1][safepoint    ] Application time: 1.0002364 seconds
[2022-06-13T01:53:45.126+0000][1][safepoint    ] Entering safepoint region: Cleanup
[2022-06-13T01:53:45.127+0000][1][safepoint    ] Leaving safepoint region
[2022-06-13T01:53:45.127+0000][1][safepoint    ] Total time for which application threads were stopped: 0.0008596 seconds, Stopping threads took: 0.0003973 seconds
[2022-06-13T01:53:46.128+0000][1][safepoint    ] Application time: 1.0002068 seconds
[2022-06-13T01:53:46.128+0000][1][safepoint    ] Entering safepoint region: Cleanup
[2022-06-13T01:53:46.129+0000][1][safepoint    ] Leaving safepoint region
[2022-06-13T01:53:46.129+0000][1][safepoint    ] Total time for which application threads were stopped: 0.0006447 seconds, Stopping threads took: 0.0002907 seconds
[2022-06-13T01:53:47.130+0000][1][safepoint    ] Application time: 1.0002394 seconds
[2022-06-13T01:53:47.130+0000][1][safepoint    ] Entering safepoint region: Cleanup
[2022-06-13T01:53:47.131+0000][1][safepoint    ] Leaving safepoint region
[2022-06-13T01:53:47.132+0000][1][safepoint    ] Total time for which application threads were stopped: 0.0017540 seconds, Stopping threads took: 0.0007808 seconds
[2022-06-13T01:53:48.133+0000][1][safepoint    ] Application time: 1.0003441 seconds
[2022-06-13T01:53:48.134+0000][1][safepoint    ] Entering safepoint region: Cleanup
[2022-06-13T01:53:48.135+0000][1][safepoint    ] Leaving safepoint region
[2022-06-13T01:53:48.135+0000][1][safepoint    ] Total time for which application threads were stopped: 0.0011146 seconds, Stopping threads took: 0.0005531 seconds
[2022-06-13T01:53:49.136+0000][1][safepoint    ] Application time: 1.0001598 seconds
[2022-06-13T01:53:49.136+0000][1][safepoint    ] Entering safepoint region: Cleanup
[2022-06-13T01:53:49.137+0000][1][safepoint    ] Leaving safepoint region
[2022-06-13T01:53:49.137+0000][1][safepoint    ] Total time for which application threads were stopped: 0.0009971 seconds, Stopping threads took: 0.0004561 seconds
[2022-06-13T01:53:50.138+0000][1][safepoint    ] Application time: 1.0002869 seconds
[2022-06-13T01:53:50.139+0000][1][safepoint    ] Entering safepoint region: Cleanup
[2022-06-13T01:53:50.139+0000][1][safepoint    ] Leaving safepoint region
[2022-06-13T01:53:50.140+0000][1][safepoint    ] Total time for which application threads were stopped: 0.0011400 seconds, Stopping threads took: 0.0005225 seconds
[2022-06-13T01:53:51.140+0000][1][safepoint    ] Application time: 1.0002188 seconds
[2022-06-13T01:53:51.141+0000][1][safepoint    ] Entering safepoint region: Cleanup
[2022-06-13T01:53:51.141+0000][1][safepoint    ] Leaving safepoint region
[2022-06-13T01:53:51.142+0000][1][safepoint    ] Total time for which application threads were stopped: 0.0009899 seconds, Stopping threads took: 0.0003821 seconds
[2022-06-13T01:53:52.142+0000][1][safepoint    ] Application time: 1.0001860 seconds
[2022-06-13T01:53:52.143+0000][1][safepoint    ] Entering safepoint region: Cleanup
[2022-06-13T01:53:52.144+0000][1][safepoint    ] Leaving safepoint region
[2022-06-13T01:53:52.144+0000][1][safepoint    ] Total time for which application threads were stopped: 0.0013030 seconds, Stopping threads took: 0.0006723 seconds
[2022-06-13T01:53:53.145+0000][1][safepoint    ] Application time: 1.0002946 seconds
[2022-06-13T01:53:53.146+0000][1][safepoint    ] Entering safepoint region: Cleanup
[2022-06-13T01:53:53.147+0000][1][safepoint    ] Leaving safepoint region
[2022-06-13T01:53:53.147+0000][1][safepoint    ] Total time for which application threads were stopped: 0.0010353 seconds, Stopping threads took: 0.0003267 seconds
[2022-06-13T01:53:54.148+0000][1][safepoint    ] Application time: 1.0004268 seconds
[2022-06-13T01:53:54.149+0000][1][safepoint    ] Entering safepoint region: Cleanup
[2022-06-13T01:53:54.150+0000][1][safepoint    ] Leaving safepoint region
[2022-06-13T01:53:54.151+0000][1][safepoint    ] Total time for which application threads were stopped: 0.0016589 seconds, Stopping threads took: 0.0007496 seconds
[2022-06-13T01:53:55.152+0000][1][safepoint    ] Application time: 1.0003578 seconds
[2022-06-13T01:53:55.152+0000][1][safepoint    ] Entering safepoint region: Cleanup
[2022-06-13T01:53:55.153+0000][1][safepoint    ] Leaving safepoint region
[2022-06-13T01:53:55.154+0000][1][safepoint    ] Total time for which application threads were stopped: 0.0014402 seconds, Stopping threads took: 0.0005458 seconds
[2022-06-13T01:53:56.154+0000][1][safepoint    ] Application time: 1.0001384 seconds
[2022-06-13T01:53:56.155+0000][1][safepoint    ] Entering safepoint region: Cleanup
[2022-06-13T01:53:56.156+0000][1][safepoint    ] Leaving safepoint region
[2022-06-13T01:53:56.157+0000][1][safepoint    ] Total time for which application threads were stopped: 0.0016159 seconds, Stopping threads took: 0.0007339 seconds
[2022-06-13T01:53:57.158+0000][1][safepoint    ] Application time: 1.0003685 seconds
[2022-06-13T01:53:57.159+0000][1][safepoint    ] Entering safepoint region: Cleanup
[2022-06-13T01:53:57.160+0000][1][safepoint    ] Leaving safepoint region
[2022-06-13T01:53:57.161+0000][1][safepoint    ] Total time for which application threads were stopped: 0.0020760 seconds, Stopping threads took: 0.0010019 seconds
[2022-06-13T01:53:58.162+0000][1][safepoint    ] Application time: 1.0002342 seconds
[2022-06-13T01:53:58.162+0000][1][safepoint    ] Entering safepoint region: Cleanup
[2022-06-13T01:53:58.163+0000][1][safepoint    ] Leaving safepoint region
[2022-06-13T01:53:58.163+0000][1][safepoint    ] Total time for which application threads were stopped: 0.0010577 seconds, Stopping threads took: 0.0004136 seconds
[2022-06-13T01:53:59.164+0000][1][safepoint    ] Application time: 1.0002153 seconds
[2022-06-13T01:53:59.164+0000][1][safepoint    ] Entering safepoint region: Cleanup
[2022-06-13T01:53:59.165+0000][1][safepoint    ] Leaving safepoint region
[2022-06-13T01:53:59.165+0000][1][safepoint    ] Total time for which application threads were stopped: 0.0009745 seconds, Stopping threads took: 0.0002839 seconds
[2022-06-13T01:54:00.166+0000][1][safepoint    ] Application time: 1.0001940 seconds
[2022-06-13T01:54:00.167+0000][1][safepoint    ] Entering safepoint region: Cleanup
[2022-06-13T01:54:00.168+0000][1][safepoint    ] Leaving safepoint region
[2022-06-13T01:54:00.169+0000][1][safepoint    ] Total time for which application threads were stopped: 0.0019902 seconds, Stopping threads took: 0.0008865 seconds
[2022-06-13T01:54:01.170+0000][1][safepoint    ] Application time: 1.0002690 seconds
[2022-06-13T01:54:01.171+0000][1][safepoint    ] Entering safepoint region: Cleanup
[2022-06-13T01:54:01.172+0000][1][safepoint    ] Leaving safepoint region
[2022-06-13T01:54:01.173+0000][1][safepoint    ] Total time for which application threads were stopped: 0.0016974 seconds, Stopping threads took: 0.0007379 seconds
[2022-06-13T01:54:02.174+0000][1][safepoint    ] Application time: 1.0002938 seconds
[2022-06-13T01:54:02.175+0000][1][safepoint    ] Entering safepoint region: Cleanup
[2022-06-13T01:54:02.175+0000][1][safepoint    ] Leaving safepoint region
[2022-06-13T01:54:02.176+0000][1][safepoint    ] Total time for which application threads were stopped: 0.0012081 seconds, Stopping threads took: 0.0006177 seconds
[2022-06-13T01:54:03.176+0000][1][safepoint    ] Application time: 1.0001766 seconds
[2022-06-13T01:54:03.177+0000][1][safepoint    ] Entering safepoint region: Cleanup
[2022-06-13T01:54:03.178+0000][1][safepoint    ] Leaving safepoint region
[2022-06-13T01:54:03.178+0000][1][safepoint    ] Total time for which application threads were stopped: 0.0011277 seconds, Stopping threads took: 0.0005572 seconds
[2022-06-13T01:54:04.179+0000][1][safepoint    ] Application time: 1.0002867 seconds
[2022-06-13T01:54:04.180+0000][1][safepoint    ] Entering safepoint region: Cleanup
[2022-06-13T01:54:04.180+0000][1][safepoint    ] Leaving safepoint region
[2022-06-13T01:54:04.181+0000][1][safepoint    ] Total time for which application threads were stopped: 0.0014867 seconds, Stopping threads took: 0.0007024 seconds
[2022-06-13T01:54:05.182+0000][1][safepoint    ] Application time: 1.0002360 seconds
[2022-06-13T01:54:05.182+0000][1][safepoint    ] Entering safepoint region: Cleanup
[2022-06-13T01:54:05.183+0000][1][safepoint    ] Leaving safepoint region
[2022-06-13T01:54:05.183+0000][1][safepoint    ] Total time for which application threads were stopped: 0.0007285 seconds, Stopping threads took: 0.0003364 seconds
[2022-06-13T01:54:06.184+0000][1][safepoint    ] Application time: 1.0003177 seconds
[2022-06-13T01:54:06.185+0000][1][safepoint    ] Entering safepoint region: Cleanup
[2022-06-13T01:54:06.185+0000][1][safepoint    ] Leaving safepoint region
[2022-06-13T01:54:06.185+0000][1][safepoint    ] Total time for which application threads were stopped: 0.0008649 seconds, Stopping threads took: 0.0003943 seconds
[2022-06-13T01:54:07.186+0000][1][safepoint    ] Application time: 1.0001930 seconds
[2022-06-13T01:54:07.186+0000][1][safepoint    ] Entering safepoint region: Cleanup
[2022-06-13T01:54:07.187+0000][1][safepoint    ] Leaving safepoint region
[2022-06-13T01:54:07.188+0000][1][safepoint    ] Total time for which application threads were stopped: 0.0012880 seconds, Stopping threads took: 0.0005026 seconds
[2022-06-13T01:54:08.189+0000][1][safepoint    ] Application time: 1.0002869 seconds
[2022-06-13T01:54:08.189+0000][1][safepoint    ] Entering safepoint region: Cleanup
[2022-06-13T01:54:08.190+0000][1][safepoint    ] Leaving safepoint region
[2022-06-13T01:54:08.191+0000][1][safepoint    ] Total time for which application threads were stopped: 0.0014209 seconds, Stopping threads took: 0.0006243 seconds
[2022-06-13T01:54:09.192+0000][1][safepoint    ] Application time: 1.0003488 seconds
[2022-06-13T01:54:09.194+0000][1][safepoint    ] Entering safepoint region: Cleanup
[2022-06-13T01:54:09.195+0000][1][safepoint    ] Leaving safepoint region
[2022-06-13T01:54:09.195+0000][1][safepoint    ] Total time for which application threads were stopped: 0.0011599 seconds, Stopping threads took: 0.0006207 seconds
[2022-06-13T01:54:10.196+0000][1][safepoint    ] Application time: 1.0002213 seconds
[2022-06-13T01:54:10.196+0000][1][safepoint    ] Entering safepoint region: Cleanup
[2022-06-13T01:54:10.197+0000][1][safepoint    ] Leaving safepoint region
[2022-06-13T01:54:10.197+0000][1][safepoint    ] Total time for which application threads were stopped: 0.0010323 seconds, Stopping threads took: 0.0004362 seconds
[2022-06-13T01:54:11.198+0000][1][safepoint    ] Application time: 1.0001665 seconds
[2022-06-13T01:54:11.199+0000][1][safepoint    ] Entering safepoint region: Cleanup
[2022-06-13T01:54:11.199+0000][1][safepoint    ] Leaving safepoint region
[2022-06-13T01:54:11.200+0000][1][safepoint    ] Total time for which application threads were stopped: 0.0012425 seconds, Stopping threads took: 0.0004828 seconds
[2022-06-13T01:54:12.200+0000][1][safepoint    ] Application time: 1.0002670 seconds
[2022-06-13T01:54:12.202+0000][1][safepoint    ] Entering safepoint region: Cleanup
[2022-06-13T01:54:12.203+0000][1][safepoint    ] Leaving safepoint region
[2022-06-13T01:54:12.203+0000][1][safepoint    ] Total time for which application threads were stopped: 0.0015458 seconds, Stopping threads took: 0.0009282 seconds
[2022-06-13T01:54:13.204+0000][1][safepoint    ] Application time: 1.0003728 seconds
[2022-06-13T01:54:13.205+0000][1][safepoint    ] Entering safepoint region: Cleanup
[2022-06-13T01:54:13.205+0000][1][safepoint    ] Leaving safepoint region
[2022-06-13T01:54:13.206+0000][1][safepoint    ] Total time for which application threads were stopped: 0.0013744 seconds, Stopping threads took: 0.0006361 seconds
[2022-06-13T01:54:14.207+0000][1][safepoint    ] Application time: 1.0002675 seconds
[2022-06-13T01:54:14.208+0000][1][safepoint    ] Entering safepoint region: Cleanup
[2022-06-13T01:54:14.208+0000][1][safepoint    ] Leaving safepoint region
[2022-06-13T01:54:14.209+0000][1][safepoint    ] Total time for which application threads were stopped: 0.0008284 seconds, Stopping threads took: 0.0004008 seconds
[2022-06-13T01:54:15.209+0000][1][safepoint    ] Application time: 1.0002403 seconds
[2022-06-13T01:54:15.210+0000][1][safepoint    ] Entering safepoint region: Cleanup
[2022-06-13T01:54:15.210+0000][1][safepoint    ] Leaving safepoint region
[2022-06-13T01:54:15.211+0000][1][safepoint    ] Total time for which application threads were stopped: 0.0010061 seconds, Stopping threads took: 0.0004287 seconds
[2022-06-13T01:54:16.212+0000][1][safepoint    ] Application time: 1.0002418 seconds
[2022-06-13T01:54:16.212+0000][1][safepoint    ] Entering safepoint region: Cleanup
[2022-06-13T01:54:16.213+0000][1][safepoint    ] Leaving safepoint region
[2022-06-13T01:54:16.214+0000][1][safepoint    ] Total time for which application threads were stopped: 0.0017845 seconds, Stopping threads took: 0.0006131 seconds
[2022-06-13T01:54:17.215+0000][1][safepoint    ] Application time: 1.0002479 seconds
[2022-06-13T01:54:17.215+0000][1][safepoint    ] Entering safepoint region: Cleanup
[2022-06-13T01:54:17.216+0000][1][safepoint    ] Leaving safepoint region
[2022-06-13T01:54:17.217+0000][1][safepoint    ] Total time for which application threads were stopped: 0.0014198 seconds, Stopping threads took: 0.0006080 seconds
[2022-06-13T01:54:18.218+0000][1][safepoint    ] Application time: 1.0002610 seconds
[2022-06-13T01:54:18.218+0000][1][safepoint    ] Entering safepoint region: Cleanup
[2022-06-13T01:54:18.219+0000][1][safepoint    ] Leaving safepoint region
[2022-06-13T01:54:18.219+0000][1][safepoint    ] Total time for which application threads were stopped: 0.0010297 seconds, Stopping threads took: 0.0004460 seconds
[2022-06-13T01:54:19.220+0000][1][safepoint    ] Application time: 1.0002296 seconds
[2022-06-13T01:54:19.220+0000][1][safepoint    ] Entering safepoint region: Cleanup
[2022-06-13T01:54:19.221+0000][1][safepoint    ] Leaving safepoint region
[2022-06-13T01:54:19.221+0000][1][safepoint    ] Total time for which application threads were stopped: 0.0007922 seconds, Stopping threads took: 0.0003505 seconds
[2022-06-13T01:54:20.222+0000][1][safepoint    ] Application time: 1.0004242 seconds
[2022-06-13T01:54:20.223+0000][1][safepoint    ] Entering safepoint region: Cleanup
[2022-06-13T01:54:20.223+0000][1][safepoint    ] Leaving safepoint region
[2022-06-13T01:54:20.224+0000][1][safepoint    ] Total time for which application threads were stopped: 0.0010545 seconds, Stopping threads took: 0.0005289 seconds
[2022-06-13T01:54:21.225+0000][1][safepoint    ] Application time: 1.0002371 seconds
[2022-06-13T01:54:21.225+0000][1][safepoint    ] Entering safepoint region: Cleanup
[2022-06-13T01:54:21.226+0000][1][safepoint    ] Leaving safepoint region
[2022-06-13T01:54:21.227+0000][1][safepoint    ] Total time for which application threads were stopped: 0.0012389 seconds, Stopping threads took: 0.0005761 seconds
[2022-06-13T01:54:22.227+0000][1][safepoint    ] Application time: 1.0002283 seconds
[2022-06-13T01:54:22.228+0000][1][safepoint    ] Entering safepoint region: Cleanup
[2022-06-13T01:54:22.229+0000][1][safepoint    ] Leaving safepoint region
[2022-06-13T01:54:22.229+0000][1][safepoint    ] Total time for which application threads were stopped: 0.0011977 seconds, Stopping threads took: 0.0006375 seconds
[2022-06-13T01:54:23.230+0000][1][safepoint    ] Application time: 1.0001380 seconds
[2022-06-13T01:54:23.231+0000][1][safepoint    ] Entering safepoint region: Cleanup
[2022-06-13T01:54:23.231+0000][1][safepoint    ] Leaving safepoint region
[2022-06-13T01:54:23.232+0000][1][safepoint    ] Total time for which application threads were stopped: 0.0010738 seconds, Stopping threads took: 0.0004322 seconds
[2022-06-13T01:54:27.233+0000][1][safepoint    ] Application time: 4.0007710 seconds
[2022-06-13T01:54:27.234+0000][1][safepoint    ] Entering safepoint region: Cleanup
[2022-06-13T01:54:27.235+0000][1][safepoint    ] Leaving safepoint region
[2022-06-13T01:54:27.236+0000][1][safepoint    ] Total time for which application threads were stopped: 0.0018101 seconds, Stopping threads took: 0.0007689 seconds
[2022-06-13T01:54:28.237+0000][1][safepoint    ] Application time: 1.0001445 seconds
[2022-06-13T01:54:28.271+0000][1][safepoint    ] Entering safepoint region: Cleanup
[2022-06-13T01:54:28.271+0000][1][safepoint    ] Leaving safepoint region
[2022-06-13T01:54:28.271+0000][1][safepoint    ] Total time for which application threads were stopped: 0.0008020 seconds, Stopping threads took: 0.0003945 seconds
[2022-06-13T01:54:29.272+0000][1][safepoint    ] Application time: 1.0003859 seconds
[2022-06-13T01:54:29.273+0000][1][safepoint    ] Entering safepoint region: Cleanup
[2022-06-13T01:54:29.274+0000][1][safepoint    ] Leaving safepoint region
[2022-06-13T01:54:29.274+0000][1][safepoint    ] Total time for which application threads were stopped: 0.0012734 seconds, Stopping threads took: 0.0005586 seconds
[2022-06-13T01:54:30.275+0000][1][safepoint    ] Application time: 1.0001847 seconds
[2022-06-13T01:54:30.276+0000][1][safepoint    ] Entering safepoint region: Cleanup
[2022-06-13T01:54:30.276+0000][1][safepoint    ] Leaving safepoint region
[2022-06-13T01:54:30.276+0000][1][safepoint    ] Total time for which application threads were stopped: 0.0008320 seconds, Stopping threads took: 0.0004805 seconds
[2022-06-13T01:54:31.277+0000][1][safepoint    ] Application time: 1.0002412 seconds
[2022-06-13T01:54:31.278+0000][1][safepoint    ] Entering safepoint region: Cleanup
[2022-06-13T01:54:31.279+0000][1][safepoint    ] Leaving safepoint region
[2022-06-13T01:54:31.280+0000][1][safepoint    ] Total time for which application threads were stopped: 0.0013129 seconds, Stopping threads took: 0.0005964 seconds
[2022-06-13T01:54:32.280+0000][1][safepoint    ] Application time: 1.0001902 seconds
[2022-06-13T01:54:32.281+0000][1][safepoint    ] Entering safepoint region: Cleanup
[2022-06-13T01:54:32.282+0000][1][safepoint    ] Leaving safepoint region
[2022-06-13T01:54:32.282+0000][1][safepoint    ] Total time for which application threads were stopped: 0.0011375 seconds, Stopping threads took: 0.0006192 seconds
[2022-06-13T01:54:33.283+0000][1][safepoint    ] Application time: 1.0002155 seconds
[2022-06-13T01:54:33.283+0000][1][safepoint    ] Entering safepoint region: Cleanup
[2022-06-13T01:54:33.284+0000][1][safepoint    ] Leaving safepoint region
[2022-06-13T01:54:33.284+0000][1][safepoint    ] Total time for which application threads were stopped: 0.0007196 seconds, Stopping threads took: 0.0003096 seconds
[2022-06-13T01:54:34.285+0000][1][safepoint    ] Application time: 1.0002311 seconds
[2022-06-13T01:54:34.286+0000][1][safepoint    ] Entering safepoint region: Cleanup
[2022-06-13T01:54:34.286+0000][1][safepoint    ] Leaving safepoint region
[2022-06-13T01:54:34.287+0000][1][safepoint    ] Total time for which application threads were stopped: 0.0016075 seconds, Stopping threads took: 0.0006476 seconds
[2022-06-13T01:54:35.288+0000][1][safepoint    ] Application time: 1.0002580 seconds
[2022-06-13T01:54:35.289+0000][1][safepoint    ] Entering safepoint region: Cleanup
[2022-06-13T01:54:35.289+0000][1][safepoint    ] Leaving safepoint region
[2022-06-13T01:54:35.290+0000][1][safepoint    ] Total time for which application threads were stopped: 0.0009374 seconds, Stopping threads took: 0.0003913 seconds
[2022-06-13T01:54:36.290+0000][1][safepoint    ] Application time: 1.0002728 seconds
[2022-06-13T01:54:36.291+0000][1][safepoint    ] Entering safepoint region: Cleanup
[2022-06-13T01:54:36.292+0000][1][safepoint    ] Leaving safepoint region
[2022-06-13T01:54:36.293+0000][1][safepoint    ] Total time for which application threads were stopped: 0.0013333 seconds, Stopping threads took: 0.0004068 seconds
[2022-06-13T01:54:37.293+0000][1][safepoint    ] Application time: 1.0002811 seconds
[2022-06-13T01:54:37.294+0000][1][safepoint    ] Entering safepoint region: Cleanup
[2022-06-13T01:54:37.295+0000][1][safepoint    ] Leaving safepoint region
[2022-06-13T01:54:37.295+0000][1][safepoint    ] Total time for which application threads were stopped: 0.0010928 seconds, Stopping threads took: 0.0004559 seconds
[2022-06-13T01:54:38.296+0000][1][safepoint    ] Application time: 1.0001570 seconds
[2022-06-13T01:54:38.296+0000][1][safepoint    ] Entering safepoint region: Cleanup
[2022-06-13T01:54:38.297+0000][1][safepoint    ] Leaving safepoint region
[2022-06-13T01:54:38.298+0000][1][safepoint    ] Total time for which application threads were stopped: 0.0012545 seconds, Stopping threads took: 0.0007237 seconds
[2022-06-13T01:54:39.298+0000][1][safepoint    ] Application time: 1.0003113 seconds
[2022-06-13T01:54:39.299+0000][1][safepoint    ] Entering safepoint region: Cleanup
[2022-06-13T01:54:39.299+0000][1][safepoint    ] Leaving safepoint region
[2022-06-13T01:54:39.300+0000][1][safepoint    ] Total time for which application threads were stopped: 0.0008025 seconds, Stopping threads took: 0.0002257 seconds
[2022-06-13T01:54:40.301+0000][1][safepoint    ] Application time: 1.0001697 seconds
[2022-06-13T01:54:40.301+0000][1][safepoint    ] Entering safepoint region: Cleanup
[2022-06-13T01:54:40.302+0000][1][safepoint    ] Leaving safepoint region
[2022-06-13T01:54:40.302+0000][1][safepoint    ] Total time for which application threads were stopped: 0.0006771 seconds, Stopping threads took: 0.0002547 seconds
[2022-06-13T01:54:41.302+0000][1][safepoint    ] Application time: 1.0002884 seconds
[2022-06-13T01:54:41.303+0000][1][safepoint    ] Entering safepoint region: Cleanup
[2022-06-13T01:54:41.303+0000][1][safepoint    ] Leaving safepoint region
[2022-06-13T01:54:41.304+0000][1][safepoint    ] Total time for which application threads were stopped: 0.0007434 seconds, Stopping threads took: 0.0003435 seconds
[2022-06-13T01:54:42.304+0000][1][safepoint    ] Application time: 1.0001194 seconds
[2022-06-13T01:54:42.304+0000][1][safepoint    ] Entering safepoint region: Cleanup
[2022-06-13T01:54:42.305+0000][1][safepoint    ] Leaving safepoint region
[2022-06-13T01:54:42.305+0000][1][safepoint    ] Total time for which application threads were stopped: 0.0010364 seconds, Stopping threads took: 0.0004194 seconds
[2022-06-13T01:54:43.306+0000][1][safepoint    ] Application time: 1.0001083 seconds
[2022-06-13T01:54:43.306+0000][1][safepoint    ] Entering safepoint region: Cleanup
[2022-06-13T01:54:43.307+0000][1][safepoint    ] Leaving safepoint region
[2022-06-13T01:54:43.307+0000][1][safepoint    ] Total time for which application threads were stopped: 0.0007094 seconds, Stopping threads took: 0.0003279 seconds
[2022-06-13T01:54:44.307+0000][1][safepoint    ] Application time: 1.0001859 seconds
[2022-06-13T01:54:44.308+0000][1][safepoint    ] Entering safepoint region: Cleanup
[2022-06-13T01:54:44.309+0000][1][safepoint    ] Leaving safepoint region
[2022-06-13T01:54:44.309+0000][1][safepoint    ] Total time for which application threads were stopped: 0.0011947 seconds, Stopping threads took: 0.0004873 seconds
[2022-06-13T01:54:45.310+0000][1][safepoint    ] Application time: 1.0002653 seconds
[2022-06-13T01:54:45.311+0000][1][safepoint    ] Entering safepoint region: Cleanup
[2022-06-13T01:54:45.311+0000][1][safepoint    ] Leaving safepoint region
[2022-06-13T01:54:45.311+0000][1][safepoint    ] Total time for which application threads were stopped: 0.0006441 seconds, Stopping threads took: 0.0002991 seconds
[2022-06-13T01:54:46.312+0000][1][safepoint    ] Application time: 1.0002198 seconds
[2022-06-13T01:54:46.312+0000][1][safepoint    ] Entering safepoint region: Cleanup
[2022-06-13T01:54:46.313+0000][1][safepoint    ] Leaving safepoint region
[2022-06-13T01:54:46.314+0000][1][safepoint    ] Total time for which application threads were stopped: 0.0018243 seconds, Stopping threads took: 0.0007905 seconds
[2022-06-13T01:54:47.315+0000][1][safepoint    ] Application time: 1.0002411 seconds
[2022-06-13T01:54:47.315+0000][1][safepoint    ] Entering safepoint region: Cleanup
[2022-06-13T01:54:47.316+0000][1][safepoint    ] Leaving safepoint region
[2022-06-13T01:54:47.316+0000][1][safepoint    ] Total time for which application threads were stopped: 0.0009607 seconds, Stopping threads took: 0.0004749 seconds
[2022-06-13T01:54:48.317+0000][1][safepoint    ] Application time: 1.0001551 seconds
[2022-06-13T01:54:48.317+0000][1][safepoint    ] Entering safepoint region: Cleanup
[2022-06-13T01:54:48.318+0000][1][safepoint    ] Leaving safepoint region
[2022-06-13T01:54:48.318+0000][1][safepoint    ] Total time for which application threads were stopped: 0.0010475 seconds, Stopping threads took: 0.0005295 seconds
[2022-06-13T01:54:49.319+0000][1][safepoint    ] Application time: 1.0001848 seconds
[2022-06-13T01:54:49.319+0000][1][safepoint    ] Entering safepoint region: Cleanup
[2022-06-13T01:54:49.320+0000][1][safepoint    ] Leaving safepoint region
[2022-06-13T01:54:49.321+0000][1][safepoint    ] Total time for which application threads were stopped: 0.0011726 seconds, Stopping threads took: 0.0008036 seconds
[2022-06-13T01:54:50.321+0000][1][safepoint    ] Application time: 1.0001649 seconds
[2022-06-13T01:54:50.322+0000][1][safepoint    ] Entering safepoint region: Cleanup
[2022-06-13T01:54:50.323+0000][1][safepoint    ] Leaving safepoint region
[2022-06-13T01:54:50.323+0000][1][safepoint    ] Total time for which application threads were stopped: 0.0012243 seconds, Stopping threads took: 0.0005654 seconds
[2022-06-13T01:54:51.324+0000][1][safepoint    ] Application time: 1.0001682 seconds
[2022-06-13T01:54:51.324+0000][1][safepoint    ] Entering safepoint region: Cleanup
[2022-06-13T01:54:51.325+0000][1][safepoint    ] Leaving safepoint region
[2022-06-13T01:54:51.326+0000][1][safepoint    ] Total time for which application threads were stopped: 0.0013546 seconds, Stopping threads took: 0.0006322 seconds
[2022-06-13T01:54:52.326+0000][1][safepoint    ] Application time: 1.0001718 seconds
[2022-06-13T01:54:52.327+0000][1][safepoint    ] Entering safepoint region: Cleanup
[2022-06-13T01:54:52.327+0000][1][safepoint    ] Leaving safepoint region
[2022-06-13T01:54:52.327+0000][1][safepoint    ] Total time for which application threads were stopped: 0.0006487 seconds, Stopping threads took: 0.0002944 seconds
[2022-06-13T01:54:53.328+0000][1][safepoint    ] Application time: 1.0001808 seconds
[2022-06-13T01:54:53.328+0000][1][safepoint    ] Entering safepoint region: Cleanup
[2022-06-13T01:54:53.329+0000][1][safepoint    ] Leaving safepoint region
[2022-06-13T01:54:53.330+0000][1][safepoint    ] Total time for which application threads were stopped: 0.0012327 seconds, Stopping threads took: 0.0006645 seconds
[2022-06-13T01:54:54.330+0000][1][safepoint    ] Application time: 1.0003301 seconds
[2022-06-13T01:54:54.331+0000][1][safepoint    ] Entering safepoint region: Cleanup
[2022-06-13T01:54:54.332+0000][1][safepoint    ] Leaving safepoint region
[2022-06-13T01:54:54.333+0000][1][safepoint    ] Total time for which application threads were stopped: 0.0016038 seconds, Stopping threads took: 0.0006291 seconds
[2022-06-13T01:54:55.334+0000][1][safepoint    ] Application time: 1.0001802 seconds
[2022-06-13T01:54:55.334+0000][1][safepoint    ] Entering safepoint region: Cleanup
[2022-06-13T01:54:55.335+0000][1][safepoint    ] Leaving safepoint region
[2022-06-13T01:54:55.335+0000][1][safepoint    ] Total time for which application threads were stopped: 0.0007360 seconds, Stopping threads took: 0.0003475 seconds
[2022-06-13T01:54:56.335+0000][1][safepoint    ] Application time: 1.0001202 seconds
[2022-06-13T01:54:56.336+0000][1][safepoint    ] Entering safepoint region: Cleanup
[2022-06-13T01:54:56.336+0000][1][safepoint    ] Leaving safepoint region
[2022-06-13T01:54:56.337+0000][1][safepoint    ] Total time for which application threads were stopped: 0.0009518 seconds, Stopping threads took: 0.0003359 seconds
[2022-06-13T01:54:57.337+0000][1][safepoint    ] Application time: 1.0001297 seconds
[2022-06-13T01:54:57.338+0000][1][safepoint    ] Entering safepoint region: Cleanup
[2022-06-13T01:54:57.338+0000][1][safepoint    ] Leaving safepoint region
[2022-06-13T01:54:57.338+0000][1][safepoint    ] Total time for which application threads were stopped: 0.0006423 seconds, Stopping threads took: 0.0002762 seconds
[2022-06-13T01:54:58.339+0000][1][safepoint    ] Application time: 1.0002501 seconds
[2022-06-13T01:54:58.340+0000][1][safepoint    ] Entering safepoint region: Cleanup
[2022-06-13T01:54:58.340+0000][1][safepoint    ] Leaving safepoint region
[2022-06-13T01:54:58.341+0000][1][safepoint    ] Total time for which application threads were stopped: 0.0010884 seconds, Stopping threads took: 0.0004457 seconds
[2022-06-13T01:54:59.341+0000][1][safepoint    ] Application time: 1.0001843 seconds
[2022-06-13T01:54:59.342+0000][1][safepoint    ] Entering safepoint region: Cleanup
[2022-06-13T01:54:59.343+0000][1][safepoint    ] Leaving safepoint region
[2022-06-13T01:54:59.343+0000][1][safepoint    ] Total time for which application threads were stopped: 0.0012602 seconds, Stopping threads took: 0.0006257 seconds
[2022-06-13T01:55:00.344+0000][1][safepoint    ] Application time: 1.0001852 seconds
[2022-06-13T01:55:00.345+0000][1][safepoint    ] Entering safepoint region: Cleanup
[2022-06-13T01:55:00.346+0000][1][safepoint    ] Leaving safepoint region
[2022-06-13T01:55:00.347+0000][1][safepoint    ] Total time for which application threads were stopped: 0.0022639 seconds, Stopping threads took: 0.0012933 seconds
[2022-06-13T01:55:01.348+0000][1][safepoint    ] Application time: 1.0002317 seconds
[2022-06-13T01:55:01.348+0000][1][safepoint    ] Entering safepoint region: Cleanup
[2022-06-13T01:55:01.349+0000][1][safepoint    ] Leaving safepoint region
[2022-06-13T01:55:01.349+0000][1][safepoint    ] Total time for which application threads were stopped: 0.0008545 seconds, Stopping threads took: 0.0004019 seconds
[2022-06-13T01:55:02.349+0000][1][safepoint    ] Application time: 1.0001078 seconds
[2022-06-13T01:55:02.350+0000][1][safepoint    ] Entering safepoint region: Cleanup
[2022-06-13T01:55:02.350+0000][1][safepoint    ] Leaving safepoint region
[2022-06-13T01:55:02.351+0000][1][safepoint    ] Total time for which application threads were stopped: 0.0009729 seconds, Stopping threads took: 0.0004810 seconds
[2022-06-13T01:55:03.351+0000][1][safepoint    ] Application time: 1.0002709 seconds
[2022-06-13T01:55:03.352+0000][1][safepoint    ] Entering safepoint region: Cleanup
[2022-06-13T01:55:03.353+0000][1][safepoint    ] Leaving safepoint region
[2022-06-13T01:55:03.353+0000][1][safepoint    ] Total time for which application threads were stopped: 0.0010660 seconds, Stopping threads took: 0.0006470 seconds
[2022-06-13T01:55:04.354+0000][1][safepoint    ] Application time: 1.0002227 seconds
[2022-06-13T01:55:04.354+0000][1][safepoint    ] Entering safepoint region: Cleanup
[2022-06-13T01:55:04.355+0000][1][safepoint    ] Leaving safepoint region
[2022-06-13T01:55:04.355+0000][1][safepoint    ] Total time for which application threads were stopped: 0.0014452 seconds, Stopping threads took: 0.0006535 seconds
[2022-06-13T01:55:05.356+0000][1][safepoint    ] Application time: 1.0004086 seconds
[2022-06-13T01:55:05.357+0000][1][safepoint    ] Entering safepoint region: Cleanup
[2022-06-13T01:55:05.358+0000][1][safepoint    ] Leaving safepoint region
[2022-06-13T01:55:05.358+0000][1][safepoint    ] Total time for which application threads were stopped: 0.0013779 seconds, Stopping threads took: 0.0005082 seconds
[2022-06-13T01:55:06.359+0000][1][safepoint    ] Application time: 1.0001208 seconds
[2022-06-13T01:55:06.359+0000][1][safepoint    ] Entering safepoint region: Cleanup
[2022-06-13T01:55:06.359+0000][1][safepoint    ] Leaving safepoint region
[2022-06-13T01:55:06.360+0000][1][safepoint    ] Total time for which application threads were stopped: 0.0007616 seconds, Stopping threads took: 0.0003802 seconds
[2022-06-13T01:55:07.360+0000][1][safepoint    ] Application time: 1.0002063 seconds
[2022-06-13T01:55:07.361+0000][1][safepoint    ] Entering safepoint region: Cleanup
[2022-06-13T01:55:07.362+0000][1][safepoint    ] Leaving safepoint region
[2022-06-13T01:55:07.362+0000][1][safepoint    ] Total time for which application threads were stopped: 0.0010698 seconds, Stopping threads took: 0.0005620 seconds
[2022-06-13T01:55:08.363+0000][1][safepoint    ] Application time: 1.0002378 seconds
[2022-06-13T01:55:08.363+0000][1][safepoint    ] Entering safepoint region: Cleanup
[2022-06-13T01:55:08.364+0000][1][safepoint    ] Leaving safepoint region
[2022-06-13T01:55:08.364+0000][1][safepoint    ] Total time for which application threads were stopped: 0.0011869 seconds, Stopping threads took: 0.0004052 seconds
[2022-06-13T01:55:09.365+0000][1][safepoint    ] Application time: 1.0002926 seconds
[2022-06-13T01:55:09.365+0000][1][safepoint    ] Entering safepoint region: Cleanup
[2022-06-13T01:55:09.366+0000][1][safepoint    ] Leaving safepoint region
[2022-06-13T01:55:09.367+0000][1][safepoint    ] Total time for which application threads were stopped: 0.0012166 seconds, Stopping threads took: 0.0005954 seconds
[2022-06-13T01:55:10.368+0000][1][safepoint    ] Application time: 1.0003052 seconds
[2022-06-13T01:55:10.368+0000][1][safepoint    ] Entering safepoint region: Cleanup
[2022-06-13T01:55:10.370+0000][1][safepoint    ] Leaving safepoint region
[2022-06-13T01:55:10.370+0000][1][safepoint    ] Total time for which application threads were stopped: 0.0019924 seconds, Stopping threads took: 0.0009169 seconds
[2022-06-13T01:55:11.371+0000][1][safepoint    ] Application time: 1.0001967 seconds
[2022-06-13T01:55:11.372+0000][1][safepoint    ] Entering safepoint region: Cleanup
[2022-06-13T01:55:11.372+0000][1][safepoint    ] Leaving safepoint region
[2022-06-13T01:55:11.373+0000][1][safepoint    ] Total time for which application threads were stopped: 0.0009271 seconds, Stopping threads took: 0.0004400 seconds
[2022-06-13T01:55:12.373+0000][1][safepoint    ] Application time: 1.0001567 seconds
[2022-06-13T01:55:12.374+0000][1][safepoint    ] Entering safepoint region: Cleanup
[2022-06-13T01:55:12.374+0000][1][safepoint    ] Leaving safepoint region
[2022-06-13T01:55:12.374+0000][1][safepoint    ] Total time for which application threads were stopped: 0.0006505 seconds, Stopping threads took: 0.0002927 seconds
[2022-06-13T01:55:13.549+0000][1][safepoint    ] Application time: 1.1745294 seconds
[2022-06-13T01:55:13.550+0000][1][safepoint    ] Entering safepoint region: Cleanup
[2022-06-13T01:55:13.551+0000][1][safepoint    ] Leaving safepoint region
[2022-06-13T01:55:13.551+0000][1][safepoint    ] Total time for which application threads were stopped: 0.0011095 seconds, Stopping threads took: 0.0004645 seconds
[2022-06-13T01:55:14.552+0000][1][safepoint    ] Application time: 1.0002345 seconds
[2022-06-13T01:55:14.552+0000][1][safepoint    ] Entering safepoint region: Cleanup
[2022-06-13T01:55:14.553+0000][1][safepoint    ] Leaving safepoint region
[2022-06-13T01:55:14.553+0000][1][safepoint    ] Total time for which application threads were stopped: 0.0006757 seconds, Stopping threads took: 0.0004158 seconds
[2022-06-13T01:55:15.553+0000][1][safepoint    ] Application time: 1.0003473 seconds
[2022-06-13T01:55:15.554+0000][1][safepoint    ] Entering safepoint region: Cleanup
[2022-06-13T01:55:15.555+0000][1][safepoint    ] Leaving safepoint region
[2022-06-13T01:55:15.555+0000][1][safepoint    ] Total time for which application threads were stopped: 0.0008459 seconds, Stopping threads took: 0.0004561 seconds
[2022-06-13T01:55:16.556+0000][1][safepoint    ] Application time: 1.0001597 seconds
[2022-06-13T01:55:16.556+0000][1][safepoint    ] Entering safepoint region: Cleanup
[2022-06-13T01:55:16.556+0000][1][safepoint    ] Leaving safepoint region
[2022-06-13T01:55:16.557+0000][1][safepoint    ] Total time for which application threads were stopped: 0.0009165 seconds, Stopping threads took: 0.0002853 seconds
[2022-06-13T01:55:17.558+0000][1][safepoint    ] Application time: 1.0002657 seconds
[2022-06-13T01:55:17.558+0000][1][safepoint    ] Entering safepoint region: Cleanup
[2022-06-13T01:55:17.559+0000][1][safepoint    ] Leaving safepoint region
[2022-06-13T01:55:17.560+0000][1][safepoint    ] Total time for which application threads were stopped: 0.0017528 seconds, Stopping threads took: 0.0004640 seconds
[2022-06-13T01:55:18.561+0000][1][safepoint    ] Application time: 1.0003623 seconds
[2022-06-13T01:55:18.562+0000][1][safepoint    ] Entering safepoint region: Cleanup
[2022-06-13T01:55:18.563+0000][1][safepoint    ] Leaving safepoint region
[2022-06-13T01:55:18.563+0000][1][safepoint    ] Total time for which application threads were stopped: 0.0013752 seconds, Stopping threads took: 0.0006793 seconds
[2022-06-13T01:55:19.564+0000][1][safepoint    ] Application time: 1.0001639 seconds
[2022-06-13T01:55:19.565+0000][1][safepoint    ] Entering safepoint region: Cleanup
[2022-06-13T01:55:19.565+0000][1][safepoint    ] Leaving safepoint region
[2022-06-13T01:55:19.566+0000][1][safepoint    ] Total time for which application threads were stopped: 0.0009479 seconds, Stopping threads took: 0.0003033 seconds
[2022-06-13T01:55:20.566+0000][1][safepoint    ] Application time: 1.0001750 seconds
[2022-06-13T01:55:20.567+0000][1][safepoint    ] Entering safepoint region: Cleanup
[2022-06-13T01:55:20.567+0000][1][safepoint    ] Leaving safepoint region
[2022-06-13T01:55:20.568+0000][1][safepoint    ] Total time for which application threads were stopped: 0.0009196 seconds, Stopping threads took: 0.0003085 seconds
[2022-06-13T01:55:21.569+0000][1][safepoint    ] Application time: 1.0002454 seconds
[2022-06-13T01:55:21.569+0000][1][safepoint    ] Entering safepoint region: Cleanup
[2022-06-13T01:55:21.570+0000][1][safepoint    ] Leaving safepoint region
[2022-06-13T01:55:21.571+0000][1][safepoint    ] Total time for which application threads were stopped: 0.0011933 seconds, Stopping threads took: 0.0004848 seconds
[2022-06-13T01:55:22.571+0000][1][safepoint    ] Application time: 1.0003008 seconds
[2022-06-13T01:55:22.572+0000][1][safepoint    ] Entering safepoint region: Cleanup
[2022-06-13T01:55:22.573+0000][1][safepoint    ] Leaving safepoint region
[2022-06-13T01:55:22.574+0000][1][safepoint    ] Total time for which application threads were stopped: 0.0016490 seconds, Stopping threads took: 0.0006383 seconds
[2022-06-13T01:55:23.575+0000][1][safepoint    ] Application time: 1.0002475 seconds
[2022-06-13T01:55:23.575+0000][1][safepoint    ] Entering safepoint region: Cleanup
[2022-06-13T01:55:23.575+0000][1][safepoint    ] Leaving safepoint region
[2022-06-13T01:55:23.576+0000][1][safepoint    ] Total time for which application threads were stopped: 0.0006612 seconds, Stopping threads took: 0.0003191 seconds
[2022-06-13T01:55:24.576+0000][1][safepoint    ] Application time: 1.0001157 seconds
[2022-06-13T01:55:24.577+0000][1][safepoint    ] Entering safepoint region: Cleanup
[2022-06-13T01:55:24.577+0000][1][safepoint    ] Leaving safepoint region
[2022-06-13T01:55:24.578+0000][1][safepoint    ] Total time for which application threads were stopped: 0.0007030 seconds, Stopping threads took: 0.0003307 seconds
[2022-06-13T01:55:25.578+0000][1][safepoint    ] Application time: 1.0002737 seconds
[2022-06-13T01:55:25.580+0000][1][safepoint    ] Entering safepoint region: Cleanup
[2022-06-13T01:55:25.580+0000][1][safepoint    ] Leaving safepoint region
[2022-06-13T01:55:25.581+0000][1][safepoint    ] Total time for which application threads were stopped: 0.0016136 seconds, Stopping threads took: 0.0008095 seconds
[2022-06-13T01:55:26.582+0000][1][safepoint    ] Application time: 1.0004098 seconds
[2022-06-13T01:55:26.583+0000][1][safepoint    ] Entering safepoint region: Cleanup
[2022-06-13T01:55:26.583+0000][1][safepoint    ] Leaving safepoint region
[2022-06-13T01:55:26.584+0000][1][safepoint    ] Total time for which application threads were stopped: 0.0009898 seconds, Stopping threads took: 0.0003565 seconds
[2022-06-13T01:55:27.584+0000][1][safepoint    ] Application time: 1.0002555 seconds
[2022-06-13T01:55:27.585+0000][1][safepoint    ] Entering safepoint region: Cleanup
[2022-06-13T01:55:27.586+0000][1][safepoint    ] Leaving safepoint region
[2022-06-13T01:55:27.587+0000][1][safepoint    ] Total time for which application threads were stopped: 0.0015052 seconds, Stopping threads took: 0.0006488 seconds
[2022-06-13T01:55:28.588+0000][1][safepoint    ] Application time: 1.0001847 seconds
[2022-06-13T01:55:28.588+0000][1][safepoint    ] Entering safepoint region: Cleanup
[2022-06-13T01:55:28.589+0000][1][safepoint    ] Leaving safepoint region
[2022-06-13T01:55:28.589+0000][1][safepoint    ] Total time for which application threads were stopped: 0.0007424 seconds, Stopping threads took: 0.0003620 seconds
[2022-06-13T01:55:29.590+0000][1][safepoint    ] Application time: 1.0003701 seconds
[2022-06-13T01:55:29.590+0000][1][safepoint    ] Entering safepoint region: Cleanup
[2022-06-13T01:55:29.591+0000][1][safepoint    ] Leaving safepoint region
[2022-06-13T01:55:29.591+0000][1][safepoint    ] Total time for which application threads were stopped: 0.0010191 seconds, Stopping threads took: 0.0004165 seconds
[2022-06-13T01:55:30.592+0000][1][safepoint    ] Application time: 1.0001219 seconds
[2022-06-13T01:55:30.593+0000][1][safepoint    ] Entering safepoint region: Cleanup
[2022-06-13T01:55:30.593+0000][1][safepoint    ] Leaving safepoint region
[2022-06-13T01:55:30.594+0000][1][safepoint    ] Total time for which application threads were stopped: 0.0010679 seconds, Stopping threads took: 0.0005531 seconds
[2022-06-13T01:55:31.594+0000][1][safepoint    ] Application time: 1.0002429 seconds
[2022-06-13T01:55:31.596+0000][1][safepoint    ] Entering safepoint region: Cleanup
[2022-06-13T01:55:31.596+0000][1][safepoint    ] Leaving safepoint region
[2022-06-13T01:55:31.597+0000][1][safepoint    ] Total time for which application threads were stopped: 0.0011171 seconds, Stopping threads took: 0.0005398 seconds
[2022-06-13T01:55:32.597+0000][1][safepoint    ] Application time: 1.0001719 seconds
[2022-06-13T01:55:32.598+0000][1][safepoint    ] Entering safepoint region: Cleanup
[2022-06-13T01:55:32.599+0000][1][safepoint    ] Leaving safepoint region
[2022-06-13T01:55:32.599+0000][1][safepoint    ] Total time for which application threads were stopped: 0.0010999 seconds, Stopping threads took: 0.0004476 seconds
[2022-06-13T01:55:33.600+0000][1][safepoint    ] Application time: 1.0001848 seconds
[2022-06-13T01:55:33.600+0000][1][safepoint    ] Entering safepoint region: Cleanup
[2022-06-13T01:55:33.601+0000][1][safepoint    ] Leaving safepoint region
[2022-06-13T01:55:33.602+0000][1][safepoint    ] Total time for which application threads were stopped: 0.0011431 seconds, Stopping threads took: 0.0005758 seconds
[2022-06-13T01:55:34.603+0000][1][safepoint    ] Application time: 1.0003644 seconds
[2022-06-13T01:55:34.603+0000][1][safepoint    ] Entering safepoint region: Cleanup
[2022-06-13T01:55:34.604+0000][1][safepoint    ] Leaving safepoint region
[2022-06-13T01:55:34.605+0000][1][safepoint    ] Total time for which application threads were stopped: 0.0012761 seconds, Stopping threads took: 0.0005766 seconds
[2022-06-13T01:55:35.606+0000][1][safepoint    ] Application time: 1.0002343 seconds
[2022-06-13T01:55:35.606+0000][1][safepoint    ] Entering safepoint region: Cleanup
[2022-06-13T01:55:35.607+0000][1][safepoint    ] Leaving safepoint region
[2022-06-13T01:55:35.607+0000][1][safepoint    ] Total time for which application threads were stopped: 0.0011531 seconds, Stopping threads took: 0.0005249 seconds
[2022-06-13T01:55:36.608+0000][1][safepoint    ] Application time: 1.0002056 seconds
[2022-06-13T01:55:36.608+0000][1][safepoint    ] Entering safepoint region: Cleanup
[2022-06-13T01:55:36.609+0000][1][safepoint    ] Leaving safepoint region
[2022-06-13T01:55:36.610+0000][1][safepoint    ] Total time for which application threads were stopped: 0.0013210 seconds, Stopping threads took: 0.0005314 seconds
[2022-06-13T01:55:37.611+0000][1][safepoint    ] Application time: 1.0004080 seconds
[2022-06-13T01:55:37.612+0000][1][safepoint    ] Entering safepoint region: Cleanup
[2022-06-13T01:55:37.613+0000][1][safepoint    ] Leaving safepoint region
[2022-06-13T01:55:37.613+0000][1][safepoint    ] Total time for which application threads were stopped: 0.0014970 seconds, Stopping threads took: 0.0007815 seconds
[2022-06-13T01:55:38.614+0000][1][safepoint    ] Application time: 1.0003642 seconds
[2022-06-13T01:55:38.615+0000][1][safepoint    ] Entering safepoint region: Cleanup
[2022-06-13T01:55:38.616+0000][1][safepoint    ] Leaving safepoint region
[2022-06-13T01:55:38.617+0000][1][safepoint    ] Total time for which application threads were stopped: 0.0020269 seconds, Stopping threads took: 0.0009077 seconds
[2022-06-13T01:55:39.175+0000][1][safepoint    ] Application time: 0.5575014 seconds
[2022-06-13T01:55:39.176+0000][1][safepoint    ] Entering safepoint region: GenCollectForAllocation
[2022-06-13T01:55:39.177+0000][1][gc,start     ] GC(23) Pause Young (Allocation Failure)
[2022-06-13T01:55:39.177+0000][1][gc,task      ] GC(23) Using 5 workers of 13 for evacuation
[2022-06-13T01:55:39.187+0000][1][gc,age       ] GC(23) Desired survivor size 4456448 bytes, new threshold 6 (max threshold 6)
[2022-06-13T01:55:39.188+0000][1][gc,age       ] GC(23) Age table with threshold 6 (max threshold 6)
[2022-06-13T01:55:39.189+0000][1][gc,age       ] GC(23) - age   1:      65904 bytes,      65904 total
[2022-06-13T01:55:39.189+0000][1][gc,age       ] GC(23) - age   2:    1430832 bytes,    1496736 total
[2022-06-13T01:55:39.190+0000][1][gc,heap      ] GC(23) ParNew: 76952K->5025K(78656K)
[2022-06-13T01:55:39.190+0000][1][gc,heap      ] GC(23) CMS: 64349K->68092K(174784K)
[2022-06-13T01:55:39.191+0000][1][gc,metaspace ] GC(23) Metaspace: 64893K->64893K(1107968K)
[2022-06-13T01:55:39.191+0000][1][gc           ] GC(23) Pause Young (Allocation Failure) 137M->71M(247M) 14.569ms
[2022-06-13T01:55:39.192+0000][1][gc,cpu       ] GC(23) User=0.05s Sys=0.00s Real=0.02s
[2022-06-13T01:55:39.193+0000][1][safepoint    ] Leaving safepoint region
[2022-06-13T01:55:39.194+0000][1][safepoint    ] Total time for which application threads were stopped: 0.0178019 seconds, Stopping threads took: 0.0008573 seconds
[2022-06-13T01:55:40.195+0000][1][safepoint    ] Application time: 1.0003315 seconds
[2022-06-13T01:55:40.196+0000][1][safepoint    ] Entering safepoint region: Cleanup
[2022-06-13T01:55:40.197+0000][1][safepoint    ] Leaving safepoint region
[2022-06-13T01:55:40.198+0000][1][safepoint    ] Total time for which application threads were stopped: 0.0017401 seconds, Stopping threads took: 0.0010851 seconds
[2022-06-13T01:55:41.198+0000][1][safepoint    ] Application time: 1.0003246 seconds
[2022-06-13T01:55:41.199+0000][1][safepoint    ] Entering safepoint region: Cleanup
[2022-06-13T01:55:41.200+0000][1][safepoint    ] Leaving safepoint region
[2022-06-13T01:55:41.200+0000][1][safepoint    ] Total time for which application threads were stopped: 0.0004931 seconds, Stopping threads took: 0.0002502 seconds
[2022-06-13T01:55:42.200+0000][1][safepoint    ] Application time: 1.0001358 seconds
[2022-06-13T01:55:42.201+0000][1][safepoint    ] Entering safepoint region: Cleanup
[2022-06-13T01:55:42.201+0000][1][safepoint    ] Leaving safepoint region
[2022-06-13T01:55:42.202+0000][1][safepoint    ] Total time for which application threads were stopped: 0.0010058 seconds, Stopping threads took: 0.0004053 seconds
[2022-06-13T01:55:43.202+0000][1][safepoint    ] Application time: 1.0002368 seconds
[2022-06-13T01:55:43.203+0000][1][safepoint    ] Entering safepoint region: Cleanup
[2022-06-13T01:55:43.203+0000][1][safepoint    ] Leaving safepoint region
[2022-06-13T01:55:43.204+0000][1][safepoint    ] Total time for which application threads were stopped: 0.0009281 seconds, Stopping threads took: 0.0004146 seconds
[2022-06-13T01:55:44.204+0000][1][safepoint    ] Application time: 1.0002577 seconds
[2022-06-13T01:55:44.205+0000][1][safepoint    ] Entering safepoint region: Cleanup
[2022-06-13T01:55:44.206+0000][1][safepoint    ] Leaving safepoint region
[2022-06-13T01:55:44.206+0000][1][safepoint    ] Total time for which application threads were stopped: 0.0010963 seconds, Stopping threads took: 0.0006017 seconds
[2022-06-13T01:55:45.207+0000][1][safepoint    ] Application time: 1.0002178 seconds
[2022-06-13T01:55:45.207+0000][1][safepoint    ] Entering safepoint region: Cleanup
[2022-06-13T01:55:45.208+0000][1][safepoint    ] Leaving safepoint region
[2022-06-13T01:55:45.208+0000][1][safepoint    ] Total time for which application threads were stopped: 0.0012314 seconds, Stopping threads took: 0.0005297 seconds
[2022-06-13T01:55:46.209+0000][1][safepoint    ] Application time: 1.0003909 seconds
[2022-06-13T01:55:46.210+0000][1][safepoint    ] Entering safepoint region: Cleanup
[2022-06-13T01:55:46.211+0000][1][safepoint    ] Leaving safepoint region
[2022-06-13T01:55:46.211+0000][1][safepoint    ] Total time for which application threads were stopped: 0.0007891 seconds, Stopping threads took: 0.0003854 seconds
[2022-06-13T01:55:47.211+0000][1][safepoint    ] Application time: 1.0001620 seconds
[2022-06-13T01:55:47.212+0000][1][safepoint    ] Entering safepoint region: Cleanup
[2022-06-13T01:55:47.212+0000][1][safepoint    ] Leaving safepoint region
[2022-06-13T01:55:47.212+0000][1][safepoint    ] Total time for which application threads were stopped: 0.0006796 seconds, Stopping threads took: 0.0002681 seconds
[2022-06-13T01:55:48.213+0000][1][safepoint    ] Application time: 1.0001641 seconds
[2022-06-13T01:55:48.214+0000][1][safepoint    ] Entering safepoint region: Cleanup
[2022-06-13T01:55:48.215+0000][1][safepoint    ] Leaving safepoint region
[2022-06-13T01:55:48.215+0000][1][safepoint    ] Total time for which application threads were stopped: 0.0015803 seconds, Stopping threads took: 0.0006397 seconds
[2022-06-13T01:55:49.217+0000][1][safepoint    ] Application time: 1.0002976 seconds
[2022-06-13T01:55:49.218+0000][1][safepoint    ] Entering safepoint region: Cleanup
[2022-06-13T01:55:49.218+0000][1][safepoint    ] Leaving safepoint region
[2022-06-13T01:55:49.219+0000][1][safepoint    ] Total time for which application threads were stopped: 0.0017027 seconds, Stopping threads took: 0.0007447 seconds
[2022-06-13T01:55:50.220+0000][1][safepoint    ] Application time: 1.0001586 seconds
[2022-06-13T01:55:50.220+0000][1][safepoint    ] Entering safepoint region: Cleanup
[2022-06-13T01:55:50.220+0000][1][safepoint    ] Leaving safepoint region
[2022-06-13T01:55:50.221+0000][1][safepoint    ] Total time for which application threads were stopped: 0.0004248 seconds, Stopping threads took: 0.0001866 seconds
[2022-06-13T01:55:51.221+0000][1][safepoint    ] Application time: 1.0003183 seconds
[2022-06-13T01:55:51.222+0000][1][safepoint    ] Entering safepoint region: Cleanup
[2022-06-13T01:55:51.223+0000][1][safepoint    ] Leaving safepoint region
[2022-06-13T01:55:51.223+0000][1][safepoint    ] Total time for which application threads were stopped: 0.0015933 seconds, Stopping threads took: 0.0006494 seconds
[2022-06-13T01:55:52.225+0000][1][safepoint    ] Application time: 1.0004407 seconds
[2022-06-13T01:55:52.225+0000][1][safepoint    ] Entering safepoint region: Cleanup
[2022-06-13T01:55:52.226+0000][1][safepoint    ] Leaving safepoint region
[2022-06-13T01:55:52.226+0000][1][safepoint    ] Total time for which application threads were stopped: 0.0004322 seconds, Stopping threads took: 0.0002502 seconds
[2022-06-13T01:55:53.226+0000][1][safepoint    ] Application time: 1.0002334 seconds
[2022-06-13T01:55:53.227+0000][1][safepoint    ] Entering safepoint region: Cleanup
[2022-06-13T01:55:53.228+0000][1][safepoint    ] Leaving safepoint region
[2022-06-13T01:55:53.229+0000][1][safepoint    ] Total time for which application threads were stopped: 0.0014736 seconds, Stopping threads took: 0.0006077 seconds
[2022-06-13T01:55:54.229+0000][1][safepoint    ] Application time: 1.0002307 seconds
[2022-06-13T01:55:54.230+0000][1][safepoint    ] Entering safepoint region: Cleanup
[2022-06-13T01:55:54.231+0000][1][safepoint    ] Leaving safepoint region
[2022-06-13T01:55:54.231+0000][1][safepoint    ] Total time for which application threads were stopped: 0.0009527 seconds, Stopping threads took: 0.0004582 seconds
[2022-06-13T01:55:55.232+0000][1][safepoint    ] Application time: 1.0002360 seconds
[2022-06-13T01:55:55.232+0000][1][safepoint    ] Entering safepoint region: Cleanup
[2022-06-13T01:55:55.233+0000][1][safepoint    ] Leaving safepoint region
[2022-06-13T01:55:55.234+0000][1][safepoint    ] Total time for which application threads were stopped: 0.0018562 seconds, Stopping threads took: 0.0008953 seconds
[2022-06-13T01:55:56.235+0000][1][safepoint    ] Application time: 1.0003286 seconds
[2022-06-13T01:55:56.236+0000][1][safepoint    ] Entering safepoint region: Cleanup
[2022-06-13T01:55:56.237+0000][1][safepoint    ] Leaving safepoint region
[2022-06-13T01:55:56.237+0000][1][safepoint    ] Total time for which application threads were stopped: 0.0014450 seconds, Stopping threads took: 0.0006887 seconds
[2022-06-13T01:55:57.238+0000][1][safepoint    ] Application time: 1.0001565 seconds
[2022-06-13T01:55:57.238+0000][1][safepoint    ] Entering safepoint region: Cleanup
[2022-06-13T01:55:57.239+0000][1][safepoint    ] Leaving safepoint region
[2022-06-13T01:55:57.239+0000][1][safepoint    ] Total time for which application threads were stopped: 0.0005756 seconds, Stopping threads took: 0.0001510 seconds
[2022-06-13T01:55:58.240+0000][1][safepoint    ] Application time: 1.0003559 seconds
[2022-06-13T01:55:58.245+0000][1][safepoint    ] Entering safepoint region: Cleanup
[2022-06-13T01:55:58.245+0000][1][safepoint    ] Leaving safepoint region
[2022-06-13T01:55:58.246+0000][1][safepoint    ] Total time for which application threads were stopped: 0.0012434 seconds, Stopping threads took: 0.0005913 seconds
[2022-06-13T01:55:59.247+0000][1][safepoint    ] Application time: 1.0003037 seconds
[2022-06-13T01:55:59.247+0000][1][safepoint    ] Entering safepoint region: Cleanup
[2022-06-13T01:55:59.248+0000][1][safepoint    ] Leaving safepoint region
[2022-06-13T01:55:59.248+0000][1][safepoint    ] Total time for which application threads were stopped: 0.0010400 seconds, Stopping threads took: 0.0005002 seconds
[2022-06-13T01:56:20.254+0000][1][safepoint    ] Application time: 21.0046029 seconds
[2022-06-13T01:56:20.255+0000][1][safepoint    ] Entering safepoint region: Cleanup
[2022-06-13T01:56:20.256+0000][1][safepoint    ] Leaving safepoint region
[2022-06-13T01:56:20.256+0000][1][safepoint    ] Total time for which application threads were stopped: 0.0012269 seconds, Stopping threads took: 0.0006417 seconds
[2022-06-13T01:56:23.257+0000][1][safepoint    ] Application time: 3.0005904 seconds
[2022-06-13T01:56:23.257+0000][1][safepoint    ] Entering safepoint region: Cleanup
[2022-06-13T01:56:23.258+0000][1][safepoint    ] Leaving safepoint region
[2022-06-13T01:56:23.258+0000][1][safepoint    ] Total time for which application threads were stopped: 0.0010216 seconds, Stopping threads took: 0.0003609 seconds
[2022-06-13T01:56:24.259+0000][1][safepoint    ] Application time: 1.0003540 seconds
[2022-06-13T01:56:24.259+0000][1][safepoint    ] Entering safepoint region: Cleanup
[2022-06-13T01:56:24.260+0000][1][safepoint    ] Leaving safepoint region
[2022-06-13T01:56:24.261+0000][1][safepoint    ] Total time for which application threads were stopped: 0.0015429 seconds, Stopping threads took: 0.0004124 seconds
[2022-06-13T01:56:25.262+0000][1][safepoint    ] Application time: 1.0001643 seconds
[2022-06-13T01:56:25.262+0000][1][safepoint    ] Entering safepoint region: Cleanup
[2022-06-13T01:56:25.263+0000][1][safepoint    ] Leaving safepoint region
[2022-06-13T01:56:25.263+0000][1][safepoint    ] Total time for which application threads were stopped: 0.0006028 seconds, Stopping threads took: 0.0003146 seconds
[2022-06-13T01:56:26.264+0000][1][safepoint    ] Application time: 1.0001491 seconds
[2022-06-13T01:56:26.264+0000][1][safepoint    ] Entering safepoint region: Cleanup
[2022-06-13T01:56:26.264+0000][1][safepoint    ] Leaving safepoint region
[2022-06-13T01:56:26.265+0000][1][safepoint    ] Total time for which application threads were stopped: 0.0006317 seconds, Stopping threads took: 0.0003083 seconds
[2022-06-13T01:56:27.265+0000][1][safepoint    ] Application time: 1.0001723 seconds
[2022-06-13T01:56:27.266+0000][1][safepoint    ] Entering safepoint region: Cleanup
[2022-06-13T01:56:27.267+0000][1][safepoint    ] Leaving safepoint region
[2022-06-13T01:56:27.267+0000][1][safepoint    ] Total time for which application threads were stopped: 0.0014216 seconds, Stopping threads took: 0.0005017 seconds
[2022-06-13T01:56:28.268+0000][1][safepoint    ] Application time: 1.0003271 seconds
[2022-06-13T01:56:28.268+0000][1][safepoint    ] Entering safepoint region: Cleanup
[2022-06-13T01:56:28.269+0000][1][safepoint    ] Leaving safepoint region
[2022-06-13T01:56:28.269+0000][1][safepoint    ] Total time for which application threads were stopped: 0.0008908 seconds, Stopping threads took: 0.0004449 seconds
[2022-06-13T01:56:29.270+0000][1][safepoint    ] Application time: 1.0001315 seconds
[2022-06-13T01:56:29.270+0000][1][safepoint    ] Entering safepoint region: Cleanup
[2022-06-13T01:56:29.271+0000][1][safepoint    ] Leaving safepoint region
[2022-06-13T01:56:29.271+0000][1][safepoint    ] Total time for which application threads were stopped: 0.0005691 seconds, Stopping threads took: 0.0002114 seconds
[2022-06-13T01:56:30.271+0000][1][safepoint    ] Application time: 1.0002002 seconds
[2022-06-13T01:56:30.272+0000][1][safepoint    ] Entering safepoint region: Cleanup
[2022-06-13T01:56:30.272+0000][1][safepoint    ] Leaving safepoint region
[2022-06-13T01:56:30.272+0000][1][safepoint    ] Total time for which application threads were stopped: 0.0006743 seconds, Stopping threads took: 0.0003403 seconds
[2022-06-13T01:56:31.273+0000][1][safepoint    ] Application time: 1.0002153 seconds
[2022-06-13T01:56:31.274+0000][1][safepoint    ] Entering safepoint region: Cleanup
[2022-06-13T01:56:31.274+0000][1][safepoint    ] Leaving safepoint region
[2022-06-13T01:56:31.275+0000][1][safepoint    ] Total time for which application threads were stopped: 0.0011266 seconds, Stopping threads took: 0.0005732 seconds
[2022-06-13T01:56:32.275+0000][1][safepoint    ] Application time: 1.0002299 seconds
[2022-06-13T01:56:32.276+0000][1][safepoint    ] Entering safepoint region: Cleanup
[2022-06-13T01:56:32.277+0000][1][safepoint    ] Leaving safepoint region
[2022-06-13T01:56:32.277+0000][1][safepoint    ] Total time for which application threads were stopped: 0.0009904 seconds, Stopping threads took: 0.0006669 seconds
[2022-06-13T01:56:33.277+0000][1][safepoint    ] Application time: 1.0002192 seconds
[2022-06-13T01:56:33.278+0000][1][safepoint    ] Entering safepoint region: Cleanup
[2022-06-13T01:56:33.279+0000][1][safepoint    ] Leaving safepoint region
[2022-06-13T01:56:33.279+0000][1][safepoint    ] Total time for which application threads were stopped: 0.0009741 seconds, Stopping threads took: 0.0004498 seconds
[2022-06-13T01:56:34.280+0000][1][safepoint    ] Application time: 1.0002347 seconds
[2022-06-13T01:56:34.280+0000][1][safepoint    ] Entering safepoint region: Cleanup
[2022-06-13T01:56:34.281+0000][1][safepoint    ] Leaving safepoint region
[2022-06-13T01:56:34.282+0000][1][safepoint    ] Total time for which application threads were stopped: 0.0014314 seconds, Stopping threads took: 0.0006232 seconds
[2022-06-13T01:56:35.282+0000][1][safepoint    ] Application time: 1.0002929 seconds
[2022-06-13T01:56:35.283+0000][1][safepoint    ] Entering safepoint region: Cleanup
[2022-06-13T01:56:35.283+0000][1][safepoint    ] Leaving safepoint region
[2022-06-13T01:56:35.284+0000][1][safepoint    ] Total time for which application threads were stopped: 0.0005934 seconds, Stopping threads took: 0.0002549 seconds
[2022-06-13T01:56:36.284+0000][1][safepoint    ] Application time: 1.0001328 seconds
[2022-06-13T01:56:36.285+0000][1][safepoint    ] Entering safepoint region: Cleanup
[2022-06-13T01:56:36.286+0000][1][safepoint    ] Leaving safepoint region
[2022-06-13T01:56:36.286+0000][1][safepoint    ] Total time for which application threads were stopped: 0.0009026 seconds, Stopping threads took: 0.0004304 seconds
[2022-06-13T01:56:37.287+0000][1][safepoint    ] Application time: 1.0003783 seconds
[2022-06-13T01:56:37.288+0000][1][safepoint    ] Entering safepoint region: Cleanup
[2022-06-13T01:56:37.288+0000][1][safepoint    ] Leaving safepoint region
[2022-06-13T01:56:37.289+0000][1][safepoint    ] Total time for which application threads were stopped: 0.0014927 seconds, Stopping threads took: 0.0006052 seconds
[2022-06-13T01:56:38.290+0000][1][safepoint    ] Application time: 1.0001515 seconds
[2022-06-13T01:56:38.290+0000][1][safepoint    ] Entering safepoint region: Cleanup
[2022-06-13T01:56:38.290+0000][1][safepoint    ] Leaving safepoint region
[2022-06-13T01:56:38.291+0000][1][safepoint    ] Total time for which application threads were stopped: 0.0008430 seconds, Stopping threads took: 0.0003179 seconds
[2022-06-13T01:56:39.291+0000][1][safepoint    ] Application time: 1.0002582 seconds
[2022-06-13T01:56:39.292+0000][1][safepoint    ] Entering safepoint region: Cleanup
[2022-06-13T01:56:39.293+0000][1][safepoint    ] Leaving safepoint region
[2022-06-13T01:56:39.294+0000][1][safepoint    ] Total time for which application threads were stopped: 0.0012199 seconds, Stopping threads took: 0.0006280 seconds
[2022-06-13T01:56:40.294+0000][1][safepoint    ] Application time: 1.0003279 seconds
[2022-06-13T01:56:40.295+0000][1][safepoint    ] Entering safepoint region: Cleanup
[2022-06-13T01:56:40.295+0000][1][safepoint    ] Leaving safepoint region
[2022-06-13T01:56:40.296+0000][1][safepoint    ] Total time for which application threads were stopped: 0.0008764 seconds, Stopping threads took: 0.0003602 seconds
[2022-06-13T01:56:41.297+0000][1][safepoint    ] Application time: 1.0005151 seconds
[2022-06-13T01:56:41.297+0000][1][safepoint    ] Entering safepoint region: Cleanup
[2022-06-13T01:56:41.298+0000][1][safepoint    ] Leaving safepoint region
[2022-06-13T01:56:41.298+0000][1][safepoint    ] Total time for which application threads were stopped: 0.0007598 seconds, Stopping threads took: 0.0003258 seconds
[2022-06-13T01:56:42.299+0000][1][safepoint    ] Application time: 1.0002620 seconds
[2022-06-13T01:56:42.299+0000][1][safepoint    ] Entering safepoint region: Cleanup
[2022-06-13T01:56:42.300+0000][1][safepoint    ] Leaving safepoint region
[2022-06-13T01:56:42.300+0000][1][safepoint    ] Total time for which application threads were stopped: 0.0010413 seconds, Stopping threads took: 0.0003737 seconds
[2022-06-13T01:56:43.301+0000][1][safepoint    ] Application time: 1.0003280 seconds
[2022-06-13T01:56:43.302+0000][1][safepoint    ] Entering safepoint region: Cleanup
[2022-06-13T01:56:43.302+0000][1][safepoint    ] Leaving safepoint region
[2022-06-13T01:56:43.303+0000][1][safepoint    ] Total time for which application threads were stopped: 0.0010660 seconds, Stopping threads took: 0.0005227 seconds
[2022-06-13T01:56:44.304+0000][1][safepoint    ] Application time: 1.0002005 seconds
[2022-06-13T01:56:44.304+0000][1][safepoint    ] Entering safepoint region: Cleanup
[2022-06-13T01:56:44.305+0000][1][safepoint    ] Leaving safepoint region
[2022-06-13T01:56:44.306+0000][1][safepoint    ] Total time for which application threads were stopped: 0.0014676 seconds, Stopping threads took: 0.0006831 seconds
[2022-06-13T01:56:45.307+0000][1][safepoint    ] Application time: 1.0002534 seconds
[2022-06-13T01:56:45.308+0000][1][safepoint    ] Entering safepoint region: Cleanup
[2022-06-13T01:56:45.309+0000][1][safepoint    ] Leaving safepoint region
[2022-06-13T01:56:45.309+0000][1][safepoint    ] Total time for which application threads were stopped: 0.0014934 seconds, Stopping threads took: 0.0006580 seconds
[2022-06-13T01:56:46.310+0000][1][safepoint    ] Application time: 1.0002909 seconds
[2022-06-13T01:56:46.311+0000][1][safepoint    ] Entering safepoint region: Cleanup
[2022-06-13T01:56:46.312+0000][1][safepoint    ] Leaving safepoint region
[2022-06-13T01:56:46.312+0000][1][safepoint    ] Total time for which application threads were stopped: 0.0009731 seconds, Stopping threads took: 0.0004694 seconds
[2022-06-13T01:56:47.313+0000][1][safepoint    ] Application time: 1.0002538 seconds
[2022-06-13T01:56:47.314+0000][1][safepoint    ] Entering safepoint region: Cleanup
[2022-06-13T01:56:47.314+0000][1][safepoint    ] Leaving safepoint region
[2022-06-13T01:56:47.315+0000][1][safepoint    ] Total time for which application threads were stopped: 0.0011623 seconds, Stopping threads took: 0.0005081 seconds
[2022-06-13T01:56:48.316+0000][1][safepoint    ] Application time: 1.0002588 seconds
[2022-06-13T01:56:48.317+0000][1][safepoint    ] Entering safepoint region: Cleanup
[2022-06-13T01:56:48.317+0000][1][safepoint    ] Leaving safepoint region
[2022-06-13T01:56:48.318+0000][1][safepoint    ] Total time for which application threads were stopped: 0.0013282 seconds, Stopping threads took: 0.0005633 seconds
[2022-06-13T01:56:49.319+0000][1][safepoint    ] Application time: 1.0002328 seconds
[2022-06-13T01:56:49.320+0000][1][safepoint    ] Entering safepoint region: Cleanup
[2022-06-13T01:56:49.320+0000][1][safepoint    ] Leaving safepoint region
[2022-06-13T01:56:49.320+0000][1][safepoint    ] Total time for which application threads were stopped: 0.0008435 seconds, Stopping threads took: 0.0004609 seconds
[2022-06-13T01:56:50.321+0000][1][safepoint    ] Application time: 1.0002316 seconds
[2022-06-13T01:56:50.322+0000][1][safepoint    ] Entering safepoint region: Cleanup
[2022-06-13T01:56:50.322+0000][1][safepoint    ] Leaving safepoint region
[2022-06-13T01:56:50.322+0000][1][safepoint    ] Total time for which application threads were stopped: 0.0006936 seconds, Stopping threads took: 0.0003357 seconds
[2022-06-13T01:56:51.323+0000][1][safepoint    ] Application time: 1.0002052 seconds
[2022-06-13T01:56:51.324+0000][1][safepoint    ] Entering safepoint region: Cleanup
[2022-06-13T01:56:51.324+0000][1][safepoint    ] Leaving safepoint region
[2022-06-13T01:56:51.324+0000][1][safepoint    ] Total time for which application threads were stopped: 0.0007253 seconds, Stopping threads took: 0.0003461 seconds
[2022-06-13T01:56:52.325+0000][1][safepoint    ] Application time: 1.0001698 seconds
[2022-06-13T01:56:52.325+0000][1][safepoint    ] Entering safepoint region: Cleanup
[2022-06-13T01:56:52.326+0000][1][safepoint    ] Leaving safepoint region
[2022-06-13T01:56:52.326+0000][1][safepoint    ] Total time for which application threads were stopped: 0.0006542 seconds, Stopping threads took: 0.0002065 seconds
[2022-06-13T01:56:53.326+0000][1][safepoint    ] Application time: 1.0002942 seconds
[2022-06-13T01:56:53.327+0000][1][safepoint    ] Entering safepoint region: Cleanup
[2022-06-13T01:56:53.328+0000][1][safepoint    ] Leaving safepoint region
[2022-06-13T01:56:53.329+0000][1][safepoint    ] Total time for which application threads were stopped: 0.0016158 seconds, Stopping threads took: 0.0006562 seconds
[2022-06-13T01:56:54.329+0000][1][safepoint    ] Application time: 1.0002731 seconds
[2022-06-13T01:56:54.330+0000][1][safepoint    ] Entering safepoint region: Cleanup
[2022-06-13T01:56:54.331+0000][1][safepoint    ] Leaving safepoint region
[2022-06-13T01:56:54.332+0000][1][safepoint    ] Total time for which application threads were stopped: 0.0019140 seconds, Stopping threads took: 0.0008341 seconds
[2022-06-13T01:56:55.333+0000][1][safepoint    ] Application time: 1.0003152 seconds
[2022-06-13T01:56:55.334+0000][1][safepoint    ] Entering safepoint region: Cleanup
[2022-06-13T01:56:55.335+0000][1][safepoint    ] Leaving safepoint region
[2022-06-13T01:56:55.335+0000][1][safepoint    ] Total time for which application threads were stopped: 0.0006644 seconds, Stopping threads took: 0.0003235 seconds
[2022-06-13T01:56:56.336+0000][1][safepoint    ] Application time: 1.0002370 seconds
[2022-06-13T01:56:56.336+0000][1][safepoint    ] Entering safepoint region: Cleanup
[2022-06-13T01:56:56.337+0000][1][safepoint    ] Leaving safepoint region
[2022-06-13T01:56:56.337+0000][1][safepoint    ] Total time for which application threads were stopped: 0.0008268 seconds, Stopping threads took: 0.0004265 seconds
[2022-06-13T01:56:57.338+0000][1][safepoint    ] Application time: 1.0004293 seconds
[2022-06-13T01:56:57.339+0000][1][safepoint    ] Entering safepoint region: Cleanup
[2022-06-13T01:56:57.340+0000][1][safepoint    ] Leaving safepoint region
[2022-06-13T01:56:57.340+0000][1][safepoint    ] Total time for which application threads were stopped: 0.0016173 seconds, Stopping threads took: 0.0007371 seconds
[2022-06-13T01:56:58.341+0000][1][safepoint    ] Application time: 1.0004237 seconds
[2022-06-13T01:56:58.342+0000][1][safepoint    ] Entering safepoint region: Cleanup
[2022-06-13T01:56:58.343+0000][1][safepoint    ] Leaving safepoint region
[2022-06-13T01:56:58.344+0000][1][safepoint    ] Total time for which application threads were stopped: 0.0012609 seconds, Stopping threads took: 0.0006856 seconds
[2022-06-13T01:56:59.344+0000][1][safepoint    ] Application time: 1.0002091 seconds
[2022-06-13T01:56:59.345+0000][1][safepoint    ] Entering safepoint region: Cleanup
[2022-06-13T01:56:59.346+0000][1][safepoint    ] Leaving safepoint region
[2022-06-13T01:56:59.346+0000][1][safepoint    ] Total time for which application threads were stopped: 0.0013932 seconds, Stopping threads took: 0.0007864 seconds
[2022-06-13T01:57:00.347+0000][1][safepoint    ] Application time: 1.0002393 seconds
[2022-06-13T01:57:00.348+0000][1][safepoint    ] Entering safepoint region: Cleanup
[2022-06-13T01:57:00.348+0000][1][safepoint    ] Leaving safepoint region
[2022-06-13T01:57:00.349+0000][1][safepoint    ] Total time for which application threads were stopped: 0.0015828 seconds, Stopping threads took: 0.0006851 seconds
[2022-06-13T01:57:01.350+0000][1][safepoint    ] Application time: 1.0003164 seconds
[2022-06-13T01:57:01.351+0000][1][safepoint    ] Entering safepoint region: Cleanup
[2022-06-13T01:57:01.352+0000][1][safepoint    ] Leaving safepoint region
[2022-06-13T01:57:01.352+0000][1][safepoint    ] Total time for which application threads were stopped: 0.0011113 seconds, Stopping threads took: 0.0005096 seconds
[2022-06-13T01:57:02.353+0000][1][safepoint    ] Application time: 1.0001622 seconds
[2022-06-13T01:57:02.353+0000][1][safepoint    ] Entering safepoint region: Cleanup
[2022-06-13T01:57:02.354+0000][1][safepoint    ] Leaving safepoint region
[2022-06-13T01:57:02.354+0000][1][safepoint    ] Total time for which application threads were stopped: 0.0007866 seconds, Stopping threads took: 0.0002984 seconds
[2022-06-13T01:57:03.354+0000][1][safepoint    ] Application time: 1.0003037 seconds
[2022-06-13T01:57:03.355+0000][1][safepoint    ] Entering safepoint region: Cleanup
[2022-06-13T01:57:03.356+0000][1][safepoint    ] Leaving safepoint region
[2022-06-13T01:57:03.356+0000][1][safepoint    ] Total time for which application threads were stopped: 0.0008641 seconds, Stopping threads took: 0.0004017 seconds
[2022-06-13T01:57:04.357+0000][1][safepoint    ] Application time: 1.0001805 seconds
[2022-06-13T01:57:04.357+0000][1][safepoint    ] Entering safepoint region: Cleanup
[2022-06-13T01:57:04.358+0000][1][safepoint    ] Leaving safepoint region
[2022-06-13T01:57:04.358+0000][1][safepoint    ] Total time for which application threads were stopped: 0.0006818 seconds, Stopping threads took: 0.0003016 seconds
[2022-06-13T01:57:05.359+0000][1][safepoint    ] Application time: 1.0002623 seconds
[2022-06-13T01:57:05.359+0000][1][safepoint    ] Entering safepoint region: Cleanup
[2022-06-13T01:57:05.360+0000][1][safepoint    ] Leaving safepoint region
[2022-06-13T01:57:05.360+0000][1][safepoint    ] Total time for which application threads were stopped: 0.0009849 seconds, Stopping threads took: 0.0004477 seconds
[2022-06-13T01:57:06.361+0000][1][safepoint    ] Application time: 1.0001836 seconds
[2022-06-13T01:57:06.362+0000][1][safepoint    ] Entering safepoint region: Cleanup
[2022-06-13T01:57:06.362+0000][1][safepoint    ] Leaving safepoint region
[2022-06-13T01:57:06.363+0000][1][safepoint    ] Total time for which application threads were stopped: 0.0009692 seconds, Stopping threads took: 0.0005016 seconds
[2022-06-13T01:57:07.363+0000][1][safepoint    ] Application time: 1.0002254 seconds
[2022-06-13T01:57:07.364+0000][1][safepoint    ] Entering safepoint region: Cleanup
[2022-06-13T01:57:07.365+0000][1][safepoint    ] Leaving safepoint region
[2022-06-13T01:57:07.365+0000][1][safepoint    ] Total time for which application threads were stopped: 0.0007750 seconds, Stopping threads took: 0.0003648 seconds
[2022-06-13T01:57:08.365+0000][1][safepoint    ] Application time: 1.0001241 seconds
[2022-06-13T01:57:08.366+0000][1][safepoint    ] Entering safepoint region: Cleanup
[2022-06-13T01:57:08.366+0000][1][safepoint    ] Leaving safepoint region
[2022-06-13T01:57:08.367+0000][1][safepoint    ] Total time for which application threads were stopped: 0.0009090 seconds, Stopping threads took: 0.0004705 seconds
[2022-06-13T01:57:09.367+0000][1][safepoint    ] Application time: 1.0002405 seconds
[2022-06-13T01:57:09.368+0000][1][safepoint    ] Entering safepoint region: Cleanup
[2022-06-13T01:57:09.368+0000][1][safepoint    ] Leaving safepoint region
[2022-06-13T01:57:09.368+0000][1][safepoint    ] Total time for which application threads were stopped: 0.0006018 seconds, Stopping threads took: 0.0002344 seconds
[2022-06-13T01:57:10.369+0000][1][safepoint    ] Application time: 1.0001748 seconds
[2022-06-13T01:57:10.370+0000][1][safepoint    ] Entering safepoint region: Cleanup
[2022-06-13T01:57:10.371+0000][1][safepoint    ] Leaving safepoint region
[2022-06-13T01:57:10.371+0000][1][safepoint    ] Total time for which application threads were stopped: 0.0016179 seconds, Stopping threads took: 0.0010603 seconds
[2022-06-13T01:57:11.372+0000][1][safepoint    ] Application time: 1.0001529 seconds
[2022-06-13T01:57:11.373+0000][1][safepoint    ] Entering safepoint region: Cleanup
[2022-06-13T01:57:11.374+0000][1][safepoint    ] Leaving safepoint region
[2022-06-13T01:57:11.374+0000][1][safepoint    ] Total time for which application threads were stopped: 0.0010673 seconds, Stopping threads took: 0.0006630 seconds
[2022-06-13T01:57:12.374+0000][1][safepoint    ] Application time: 1.0002766 seconds
[2022-06-13T01:57:12.375+0000][1][safepoint    ] Entering safepoint region: Cleanup
[2022-06-13T01:57:12.376+0000][1][safepoint    ] Leaving safepoint region
[2022-06-13T01:57:12.376+0000][1][safepoint    ] Total time for which application threads were stopped: 0.0011146 seconds, Stopping threads took: 0.0005314 seconds
[2022-06-13T01:57:13.377+0000][1][safepoint    ] Application time: 1.0002044 seconds
[2022-06-13T01:57:13.378+0000][1][safepoint    ] Entering safepoint region: Cleanup
[2022-06-13T01:57:13.378+0000][1][safepoint    ] Leaving safepoint region
[2022-06-13T01:57:13.379+0000][1][safepoint    ] Total time for which application threads were stopped: 0.0010618 seconds, Stopping threads took: 0.0003994 seconds
[2022-06-13T01:57:14.379+0000][1][safepoint    ] Application time: 1.0001291 seconds
[2022-06-13T01:57:14.380+0000][1][safepoint    ] Entering safepoint region: Cleanup
[2022-06-13T01:57:14.380+0000][1][safepoint    ] Leaving safepoint region
[2022-06-13T01:57:14.381+0000][1][safepoint    ] Total time for which application threads were stopped: 0.0009760 seconds, Stopping threads took: 0.0004552 seconds
[2022-06-13T01:57:15.381+0000][1][safepoint    ] Application time: 1.0002272 seconds
[2022-06-13T01:57:15.382+0000][1][safepoint    ] Entering safepoint region: Cleanup
[2022-06-13T01:57:15.382+0000][1][safepoint    ] Leaving safepoint region
[2022-06-13T01:57:15.383+0000][1][safepoint    ] Total time for which application threads were stopped: 0.0008597 seconds, Stopping threads took: 0.0003751 seconds
[2022-06-13T01:57:16.383+0000][1][safepoint    ] Application time: 1.0002443 seconds
[2022-06-13T01:57:16.384+0000][1][safepoint    ] Entering safepoint region: Cleanup
[2022-06-13T01:57:16.384+0000][1][safepoint    ] Leaving safepoint region
[2022-06-13T01:57:16.384+0000][1][safepoint    ] Total time for which application threads were stopped: 0.0007510 seconds, Stopping threads took: 0.0002971 seconds
[2022-06-13T01:57:17.385+0000][1][safepoint    ] Application time: 1.0001892 seconds
[2022-06-13T01:57:17.386+0000][1][safepoint    ] Entering safepoint region: Cleanup
[2022-06-13T01:57:17.386+0000][1][safepoint    ] Leaving safepoint region
[2022-06-13T01:57:17.387+0000][1][safepoint    ] Total time for which application threads were stopped: 0.0011315 seconds, Stopping threads took: 0.0005355 seconds
[2022-06-13T01:57:18.387+0000][1][safepoint    ] Application time: 1.0001633 seconds
[2022-06-13T01:57:18.388+0000][1][safepoint    ] Entering safepoint region: Cleanup
[2022-06-13T01:57:18.389+0000][1][safepoint    ] Leaving safepoint region
[2022-06-13T01:57:18.389+0000][1][safepoint    ] Total time for which application threads were stopped: 0.0009150 seconds, Stopping threads took: 0.0005916 seconds
[2022-06-13T01:57:19.389+0000][1][safepoint    ] Application time: 1.0002001 seconds
[2022-06-13T01:57:19.390+0000][1][safepoint    ] Entering safepoint region: Cleanup
[2022-06-13T01:57:19.390+0000][1][safepoint    ] Leaving safepoint region
[2022-06-13T01:57:19.390+0000][1][safepoint    ] Total time for which application threads were stopped: 0.0006696 seconds, Stopping threads took: 0.0003595 seconds
[2022-06-13T01:57:20.391+0000][1][safepoint    ] Application time: 1.0002852 seconds
[2022-06-13T01:57:20.392+0000][1][safepoint    ] Entering safepoint region: Cleanup
[2022-06-13T01:57:20.393+0000][1][safepoint    ] Leaving safepoint region
[2022-06-13T01:57:20.393+0000][1][safepoint    ] Total time for which application threads were stopped: 0.0009695 seconds, Stopping threads took: 0.0004775 seconds
[2022-06-13T01:57:21.394+0000][1][safepoint    ] Application time: 1.0001964 seconds
[2022-06-13T01:57:21.395+0000][1][safepoint    ] Entering safepoint region: Cleanup
[2022-06-13T01:57:21.395+0000][1][safepoint    ] Leaving safepoint region
[2022-06-13T01:57:21.396+0000][1][safepoint    ] Total time for which application threads were stopped: 0.0009158 seconds, Stopping threads took: 0.0003386 seconds
[2022-06-13T01:57:22.397+0000][1][safepoint    ] Application time: 1.0002940 seconds
[2022-06-13T01:57:22.397+0000][1][safepoint    ] Entering safepoint region: Cleanup
[2022-06-13T01:57:22.398+0000][1][safepoint    ] Leaving safepoint region
[2022-06-13T01:57:22.398+0000][1][safepoint    ] Total time for which application threads were stopped: 0.0011565 seconds, Stopping threads took: 0.0005253 seconds
[2022-06-13T01:57:23.399+0000][1][safepoint    ] Application time: 1.0002014 seconds
[2022-06-13T01:57:23.400+0000][1][safepoint    ] Entering safepoint region: Cleanup
[2022-06-13T01:57:23.400+0000][1][safepoint    ] Leaving safepoint region
[2022-06-13T01:57:23.401+0000][1][safepoint    ] Total time for which application threads were stopped: 0.0012238 seconds, Stopping threads took: 0.0005518 seconds
[2022-06-13T01:57:24.402+0000][1][safepoint    ] Application time: 1.0001279 seconds
[2022-06-13T01:57:24.402+0000][1][safepoint    ] Entering safepoint region: Cleanup
[2022-06-13T01:57:24.403+0000][1][safepoint    ] Leaving safepoint region
[2022-06-13T01:57:24.403+0000][1][safepoint    ] Total time for which application threads were stopped: 0.0010615 seconds, Stopping threads took: 0.0004773 seconds
[2022-06-13T01:57:25.404+0000][1][safepoint    ] Application time: 1.0002124 seconds
[2022-06-13T01:57:25.405+0000][1][safepoint    ] Entering safepoint region: Cleanup
[2022-06-13T01:57:25.405+0000][1][safepoint    ] Leaving safepoint region
[2022-06-13T01:57:25.406+0000][1][safepoint    ] Total time for which application threads were stopped: 0.0012032 seconds, Stopping threads took: 0.0005086 seconds
[2022-06-13T01:57:26.406+0000][1][safepoint    ] Application time: 1.0001602 seconds
[2022-06-13T01:57:26.407+0000][1][safepoint    ] Entering safepoint region: Cleanup
[2022-06-13T01:57:26.408+0000][1][safepoint    ] Leaving safepoint region
[2022-06-13T01:57:26.408+0000][1][safepoint    ] Total time for which application threads were stopped: 0.0010172 seconds, Stopping threads took: 0.0004669 seconds
[2022-06-13T01:57:27.409+0000][1][safepoint    ] Application time: 1.0003303 seconds
[2022-06-13T01:57:27.409+0000][1][safepoint    ] Entering safepoint region: Cleanup
[2022-06-13T01:57:27.410+0000][1][safepoint    ] Leaving safepoint region
[2022-06-13T01:57:27.410+0000][1][safepoint    ] Total time for which application threads were stopped: 0.0007520 seconds, Stopping threads took: 0.0003517 seconds
[2022-06-13T01:57:28.411+0000][1][safepoint    ] Application time: 1.0006019 seconds
[2022-06-13T01:57:28.414+0000][1][safepoint    ] Entering safepoint region: Cleanup
[2022-06-13T01:57:28.418+0000][1][safepoint    ] Leaving safepoint region
[2022-06-13T01:57:28.420+0000][1][safepoint    ] Total time for which application threads were stopped: 0.0065580 seconds, Stopping threads took: 0.0028908 seconds
[2022-06-13T01:57:29.423+0000][1][safepoint    ] Application time: 1.0004885 seconds
[2022-06-13T01:57:29.423+0000][1][safepoint    ] Entering safepoint region: Cleanup
[2022-06-13T01:57:29.424+0000][1][safepoint    ] Leaving safepoint region
[2022-06-13T01:57:29.424+0000][1][safepoint    ] Total time for which application threads were stopped: 0.0007844 seconds, Stopping threads took: 0.0002334 seconds
[2022-06-13T01:57:30.425+0000][1][safepoint    ] Application time: 1.0002149 seconds
[2022-06-13T01:57:30.425+0000][1][safepoint    ] Entering safepoint region: Cleanup
[2022-06-13T01:57:30.426+0000][1][safepoint    ] Leaving safepoint region
[2022-06-13T01:57:30.426+0000][1][safepoint    ] Total time for which application threads were stopped: 0.0009319 seconds, Stopping threads took: 0.0003502 seconds
[2022-06-13T01:57:31.427+0000][1][safepoint    ] Application time: 1.0001995 seconds
[2022-06-13T01:57:31.428+0000][1][safepoint    ] Entering safepoint region: Cleanup
[2022-06-13T01:57:31.428+0000][1][safepoint    ] Leaving safepoint region
[2022-06-13T01:57:31.429+0000][1][safepoint    ] Total time for which application threads were stopped: 0.0011860 seconds, Stopping threads took: 0.0005058 seconds
[2022-06-13T01:57:32.430+0000][1][safepoint    ] Application time: 1.0004208 seconds
[2022-06-13T01:57:32.431+0000][1][safepoint    ] Entering safepoint region: Cleanup
[2022-06-13T01:57:32.433+0000][1][safepoint    ] Leaving safepoint region
[2022-06-13T01:57:32.434+0000][1][safepoint    ] Total time for which application threads were stopped: 0.0028007 seconds, Stopping threads took: 0.0012929 seconds
[2022-06-13T01:57:33.435+0000][1][safepoint    ] Application time: 1.0002589 seconds
[2022-06-13T01:57:33.436+0000][1][safepoint    ] Entering safepoint region: Cleanup
[2022-06-13T01:57:33.436+0000][1][safepoint    ] Leaving safepoint region
[2022-06-13T01:57:33.436+0000][1][safepoint    ] Total time for which application threads were stopped: 0.0004704 seconds, Stopping threads took: 0.0002177 seconds
[2022-06-13T01:57:34.436+0000][1][safepoint    ] Application time: 1.0001977 seconds
[2022-06-13T01:57:34.437+0000][1][safepoint    ] Entering safepoint region: Cleanup
[2022-06-13T01:57:34.437+0000][1][safepoint    ] Leaving safepoint region
[2022-06-13T01:57:34.438+0000][1][safepoint    ] Total time for which application threads were stopped: 0.0009169 seconds, Stopping threads took: 0.0003929 seconds
[2022-06-13T01:57:35.438+0000][1][safepoint    ] Application time: 1.0002026 seconds
[2022-06-13T01:57:35.439+0000][1][safepoint    ] Entering safepoint region: Cleanup
[2022-06-13T01:57:35.440+0000][1][safepoint    ] Leaving safepoint region
[2022-06-13T01:57:35.440+0000][1][safepoint    ] Total time for which application threads were stopped: 0.0011745 seconds, Stopping threads took: 0.0004839 seconds
[2022-06-13T01:57:36.441+0000][1][safepoint    ] Application time: 1.0002021 seconds
[2022-06-13T01:57:36.441+0000][1][safepoint    ] Entering safepoint region: Cleanup
[2022-06-13T01:57:36.442+0000][1][safepoint    ] Leaving safepoint region
[2022-06-13T01:57:36.442+0000][1][safepoint    ] Total time for which application threads were stopped: 0.0004725 seconds, Stopping threads took: 0.0001547 seconds
[2022-06-13T01:57:37.442+0000][1][safepoint    ] Application time: 1.0001778 seconds
[2022-06-13T01:57:37.443+0000][1][safepoint    ] Entering safepoint region: Cleanup
[2022-06-13T01:57:37.443+0000][1][safepoint    ] Leaving safepoint region
[2022-06-13T01:57:37.444+0000][1][safepoint    ] Total time for which application threads were stopped: 0.0008224 seconds, Stopping threads took: 0.0004127 seconds
[2022-06-13T01:57:38.444+0000][1][safepoint    ] Application time: 1.0002177 seconds
[2022-06-13T01:57:38.445+0000][1][safepoint    ] Entering safepoint region: Cleanup
[2022-06-13T01:57:38.446+0000][1][safepoint    ] Leaving safepoint region
[2022-06-13T01:57:38.447+0000][1][safepoint    ] Total time for which application threads were stopped: 0.0014098 seconds, Stopping threads took: 0.0006557 seconds
[2022-06-13T01:57:39.447+0000][1][safepoint    ] Application time: 1.0001894 seconds
[2022-06-13T01:57:39.448+0000][1][safepoint    ] Entering safepoint region: Cleanup
[2022-06-13T01:57:39.448+0000][1][safepoint    ] Leaving safepoint region
[2022-06-13T01:57:39.448+0000][1][safepoint    ] Total time for which application threads were stopped: 0.0005433 seconds, Stopping threads took: 0.0002493 seconds
[2022-06-13T01:57:40.449+0000][1][safepoint    ] Application time: 1.0001838 seconds
[2022-06-13T01:57:40.449+0000][1][safepoint    ] Entering safepoint region: Cleanup
[2022-06-13T01:57:40.450+0000][1][safepoint    ] Leaving safepoint region
[2022-06-13T01:57:40.450+0000][1][safepoint    ] Total time for which application threads were stopped: 0.0006659 seconds, Stopping threads took: 0.0002882 seconds
[2022-06-13T01:57:41.450+0000][1][safepoint    ] Application time: 1.0002099 seconds
[2022-06-13T01:57:41.451+0000][1][safepoint    ] Entering safepoint region: Cleanup
[2022-06-13T01:57:41.451+0000][1][safepoint    ] Leaving safepoint region
[2022-06-13T01:57:41.451+0000][1][safepoint    ] Total time for which application threads were stopped: 0.0005364 seconds, Stopping threads took: 0.0002416 seconds
[2022-06-13T01:57:42.452+0000][1][safepoint    ] Application time: 1.0002373 seconds
[2022-06-13T01:57:42.452+0000][1][safepoint    ] Entering safepoint region: Cleanup
[2022-06-13T01:57:42.453+0000][1][safepoint    ] Leaving safepoint region
[2022-06-13T01:57:42.453+0000][1][safepoint    ] Total time for which application threads were stopped: 0.0005391 seconds, Stopping threads took: 0.0002326 seconds
[2022-06-13T01:57:43.453+0000][1][safepoint    ] Application time: 1.0001074 seconds
[2022-06-13T01:57:43.454+0000][1][safepoint    ] Entering safepoint region: Cleanup
[2022-06-13T01:57:43.454+0000][1][safepoint    ] Leaving safepoint region
[2022-06-13T01:57:43.454+0000][1][safepoint    ] Total time for which application threads were stopped: 0.0005536 seconds, Stopping threads took: 0.0002792 seconds
[2022-06-13T01:57:44.455+0000][1][safepoint    ] Application time: 1.0001571 seconds
[2022-06-13T01:57:44.455+0000][1][safepoint    ] Entering safepoint region: Cleanup
[2022-06-13T01:57:44.455+0000][1][safepoint    ] Leaving safepoint region
[2022-06-13T01:57:44.455+0000][1][safepoint    ] Total time for which application threads were stopped: 0.0004585 seconds, Stopping threads took: 0.0002294 seconds
[2022-06-13T01:57:45.456+0000][1][safepoint    ] Application time: 1.0001295 seconds
[2022-06-13T01:57:45.456+0000][1][safepoint    ] Entering safepoint region: Cleanup
[2022-06-13T01:57:45.457+0000][1][safepoint    ] Leaving safepoint region
[2022-06-13T01:57:45.457+0000][1][safepoint    ] Total time for which application threads were stopped: 0.0008768 seconds, Stopping threads took: 0.0004070 seconds
[2022-06-13T01:57:46.458+0000][1][safepoint    ] Application time: 1.0001458 seconds
[2022-06-13T01:57:46.458+0000][1][safepoint    ] Entering safepoint region: Cleanup
[2022-06-13T01:57:46.458+0000][1][safepoint    ] Leaving safepoint region
[2022-06-13T01:57:46.459+0000][1][safepoint    ] Total time for which application threads were stopped: 0.0004948 seconds, Stopping threads took: 0.0001534 seconds
[2022-06-13T01:57:47.459+0000][1][safepoint    ] Application time: 1.0002430 seconds
[2022-06-13T01:57:47.460+0000][1][safepoint    ] Entering safepoint region: Cleanup
[2022-06-13T01:57:47.460+0000][1][safepoint    ] Leaving safepoint region
[2022-06-13T01:57:47.460+0000][1][safepoint    ] Total time for which application threads were stopped: 0.0007143 seconds, Stopping threads took: 0.0002899 seconds
[2022-06-13T01:57:48.461+0000][1][safepoint    ] Application time: 1.0001121 seconds
[2022-06-13T01:57:48.461+0000][1][safepoint    ] Entering safepoint region: Cleanup
[2022-06-13T01:57:48.461+0000][1][safepoint    ] Leaving safepoint region
[2022-06-13T01:57:48.461+0000][1][safepoint    ] Total time for which application threads were stopped: 0.0004003 seconds, Stopping threads took: 0.0001548 seconds
[2022-06-13T01:57:49.461+0000][1][safepoint    ] Application time: 1.0001353 seconds
[2022-06-13T01:57:49.462+0000][1][safepoint    ] Entering safepoint region: Cleanup
[2022-06-13T01:57:49.463+0000][1][safepoint    ] Leaving safepoint region
[2022-06-13T01:57:49.463+0000][1][safepoint    ] Total time for which application threads were stopped: 0.0008169 seconds, Stopping threads took: 0.0003714 seconds
[2022-06-13T01:57:50.463+0000][1][safepoint    ] Application time: 1.0001311 seconds
[2022-06-13T01:57:50.464+0000][1][safepoint    ] Entering safepoint region: Cleanup
[2022-06-13T01:57:50.464+0000][1][safepoint    ] Leaving safepoint region
[2022-06-13T01:57:50.464+0000][1][safepoint    ] Total time for which application threads were stopped: 0.0006277 seconds, Stopping threads took: 0.0003429 seconds
[2022-06-13T01:57:51.465+0000][1][safepoint    ] Application time: 1.0001275 seconds
[2022-06-13T01:57:51.465+0000][1][safepoint    ] Entering safepoint region: Cleanup
[2022-06-13T01:57:51.465+0000][1][safepoint    ] Leaving safepoint region
[2022-06-13T01:57:51.466+0000][1][safepoint    ] Total time for which application threads were stopped: 0.0004910 seconds, Stopping threads took: 0.0002167 seconds
[2022-06-13T01:57:52.466+0000][1][safepoint    ] Application time: 1.0001485 seconds
[2022-06-13T01:57:52.466+0000][1][safepoint    ] Entering safepoint region: Cleanup
[2022-06-13T01:57:52.467+0000][1][safepoint    ] Leaving safepoint region
[2022-06-13T01:57:52.467+0000][1][safepoint    ] Total time for which application threads were stopped: 0.0008494 seconds, Stopping threads took: 0.0003926 seconds
[2022-06-13T01:57:53.468+0000][1][safepoint    ] Application time: 1.0001569 seconds
[2022-06-13T01:57:53.468+0000][1][safepoint    ] Entering safepoint region: Cleanup
[2022-06-13T01:57:53.468+0000][1][safepoint    ] Leaving safepoint region
[2022-06-13T01:57:53.469+0000][1][safepoint    ] Total time for which application threads were stopped: 0.0004328 seconds, Stopping threads took: 0.0002205 seconds
[2022-06-13T01:57:54.469+0000][1][safepoint    ] Application time: 1.0001985 seconds
[2022-06-13T01:57:54.470+0000][1][safepoint    ] Entering safepoint region: Cleanup
[2022-06-13T01:57:54.470+0000][1][safepoint    ] Leaving safepoint region
[2022-06-13T01:57:54.470+0000][1][safepoint    ] Total time for which application threads were stopped: 0.0005473 seconds, Stopping threads took: 0.0002540 seconds
[2022-06-13T01:57:55.470+0000][1][safepoint    ] Application time: 1.0001046 seconds
[2022-06-13T01:57:55.471+0000][1][safepoint    ] Entering safepoint region: Cleanup
[2022-06-13T01:57:55.471+0000][1][safepoint    ] Leaving safepoint region
[2022-06-13T01:57:55.472+0000][1][safepoint    ] Total time for which application threads were stopped: 0.0007900 seconds, Stopping threads took: 0.0003662 seconds
[2022-06-13T01:57:56.472+0000][1][safepoint    ] Application time: 1.0002357 seconds
[2022-06-13T01:57:56.473+0000][1][safepoint    ] Entering safepoint region: Cleanup
[2022-06-13T01:57:56.473+0000][1][safepoint    ] Leaving safepoint region
[2022-06-13T01:57:56.473+0000][1][safepoint    ] Total time for which application threads were stopped: 0.0006606 seconds, Stopping threads took: 0.0002982 seconds
[2022-06-13T01:57:57.474+0000][1][safepoint    ] Application time: 1.0002069 seconds
[2022-06-13T01:57:57.474+0000][1][safepoint    ] Entering safepoint region: Cleanup
[2022-06-13T01:57:57.475+0000][1][safepoint    ] Leaving safepoint region
[2022-06-13T01:57:57.475+0000][1][safepoint    ] Total time for which application threads were stopped: 0.0005786 seconds, Stopping threads took: 0.0002222 seconds
[2022-06-13T01:57:58.475+0000][1][safepoint    ] Application time: 1.0001118 seconds
[2022-06-13T01:57:58.476+0000][1][safepoint    ] Entering safepoint region: Cleanup
[2022-06-13T01:57:58.476+0000][1][safepoint    ] Leaving safepoint region
[2022-06-13T01:57:58.476+0000][1][safepoint    ] Total time for which application threads were stopped: 0.0006354 seconds, Stopping threads took: 0.0003648 seconds
[2022-06-13T01:57:59.477+0000][1][safepoint    ] Application time: 1.0002249 seconds
[2022-06-13T01:57:59.477+0000][1][safepoint    ] Entering safepoint region: Cleanup
[2022-06-13T01:57:59.478+0000][1][safepoint    ] Leaving safepoint region
[2022-06-13T01:57:59.478+0000][1][safepoint    ] Total time for which application threads were stopped: 0.0012490 seconds, Stopping threads took: 0.0005756 seconds
[2022-06-13T01:58:00.479+0000][1][safepoint    ] Application time: 1.0002186 seconds
[2022-06-13T01:58:00.480+0000][1][safepoint    ] Entering safepoint region: Cleanup
[2022-06-13T01:58:00.480+0000][1][safepoint    ] Leaving safepoint region
[2022-06-13T01:58:00.480+0000][1][safepoint    ] Total time for which application threads were stopped: 0.0008079 seconds, Stopping threads took: 0.0003827 seconds
[2022-06-13T01:58:01.481+0000][1][safepoint    ] Application time: 1.0001884 seconds
[2022-06-13T01:58:01.481+0000][1][safepoint    ] Entering safepoint region: Cleanup
[2022-06-13T01:58:01.482+0000][1][safepoint    ] Leaving safepoint region
[2022-06-13T01:58:01.482+0000][1][safepoint    ] Total time for which application threads were stopped: 0.0005614 seconds, Stopping threads took: 0.0003131 seconds
[2022-06-13T01:58:02.482+0000][1][safepoint    ] Application time: 1.0002294 seconds
[2022-06-13T01:58:02.483+0000][1][safepoint    ] Entering safepoint region: Cleanup
[2022-06-13T01:58:02.484+0000][1][safepoint    ] Leaving safepoint region
[2022-06-13T01:58:02.484+0000][1][safepoint    ] Total time for which application threads were stopped: 0.0009454 seconds, Stopping threads took: 0.0004136 seconds
[2022-06-13T01:58:03.485+0000][1][safepoint    ] Application time: 1.0002772 seconds
[2022-06-13T01:58:03.485+0000][1][safepoint    ] Entering safepoint region: Cleanup
[2022-06-13T01:58:03.486+0000][1][safepoint    ] Leaving safepoint region
[2022-06-13T01:58:03.487+0000][1][safepoint    ] Total time for which application threads were stopped: 0.0014077 seconds, Stopping threads took: 0.0006175 seconds
[2022-06-13T01:58:04.312+0000][1][safepoint    ] Application time: 0.8250319 seconds
[2022-06-13T01:58:04.313+0000][1][safepoint    ] Entering safepoint region: GenCollectForAllocation
[2022-06-13T01:58:04.313+0000][1][gc,start     ] GC(24) Pause Young (Allocation Failure)
[2022-06-13T01:58:04.313+0000][1][gc,task      ] GC(24) Using 5 workers of 13 for evacuation
[2022-06-13T01:58:04.315+0000][1][gc,age       ] GC(24) Desired survivor size 4456448 bytes, new threshold 6 (max threshold 6)
[2022-06-13T01:58:04.315+0000][1][gc,age       ] GC(24) Age table with threshold 6 (max threshold 6)
[2022-06-13T01:58:04.315+0000][1][gc,age       ] GC(24) - age   1:      46256 bytes,      46256 total
[2022-06-13T01:58:04.316+0000][1][gc,age       ] GC(24) - age   2:      47320 bytes,      93576 total
[2022-06-13T01:58:04.316+0000][1][gc,age       ] GC(24) - age   3:    1385104 bytes,    1478680 total
[2022-06-13T01:58:04.316+0000][1][gc,heap      ] GC(24) ParNew: 74977K->2270K(78656K)
[2022-06-13T01:58:04.316+0000][1][gc,heap      ] GC(24) CMS: 68092K->68092K(174784K)
[2022-06-13T01:58:04.317+0000][1][gc,metaspace ] GC(24) Metaspace: 65155K->65155K(1107968K)
[2022-06-13T01:58:04.317+0000][1][gc           ] GC(24) Pause Young (Allocation Failure) 139M->68M(247M) 4.127ms
[2022-06-13T01:58:04.317+0000][1][gc,cpu       ] GC(24) User=0.01s Sys=0.00s Real=0.00s
[2022-06-13T01:58:04.318+0000][1][safepoint    ] Leaving safepoint region
[2022-06-13T01:58:04.318+0000][1][safepoint    ] Total time for which application threads were stopped: 0.0052992 seconds, Stopping threads took: 0.0002380 seconds
[2022-06-13T01:58:05.318+0000][1][safepoint    ] Application time: 1.0001738 seconds
[2022-06-13T01:58:05.319+0000][1][safepoint    ] Entering safepoint region: Cleanup
[2022-06-13T01:58:05.319+0000][1][safepoint    ] Leaving safepoint region
[2022-06-13T01:58:05.319+0000][1][safepoint    ] Total time for which application threads were stopped: 0.0005877 seconds, Stopping threads took: 0.0002267 seconds
[2022-06-13T01:58:06.320+0000][1][safepoint    ] Application time: 1.0001640 seconds
[2022-06-13T01:58:06.320+0000][1][safepoint    ] Entering safepoint region: Cleanup
[2022-06-13T01:58:06.321+0000][1][safepoint    ] Leaving safepoint region
[2022-06-13T01:58:06.321+0000][1][safepoint    ] Total time for which application threads were stopped: 0.0009914 seconds, Stopping threads took: 0.0005058 seconds
[2022-06-13T01:58:07.322+0000][1][safepoint    ] Application time: 1.0002305 seconds
[2022-06-13T01:58:07.322+0000][1][safepoint    ] Entering safepoint region: Cleanup
[2022-06-13T01:58:07.322+0000][1][safepoint    ] Leaving safepoint region
[2022-06-13T01:58:07.323+0000][1][safepoint    ] Total time for which application threads were stopped: 0.0007286 seconds, Stopping threads took: 0.0002512 seconds
[2022-06-13T01:58:08.323+0000][1][safepoint    ] Application time: 1.0001535 seconds
[2022-06-13T01:58:08.324+0000][1][safepoint    ] Entering safepoint region: Cleanup
[2022-06-13T01:58:08.324+0000][1][safepoint    ] Leaving safepoint region
[2022-06-13T01:58:08.324+0000][1][safepoint    ] Total time for which application threads were stopped: 0.0004663 seconds, Stopping threads took: 0.0002611 seconds
[2022-06-13T01:58:09.324+0000][1][safepoint    ] Application time: 1.0002016 seconds
[2022-06-13T01:58:09.325+0000][1][safepoint    ] Entering safepoint region: Cleanup
[2022-06-13T01:58:09.326+0000][1][safepoint    ] Leaving safepoint region
[2022-06-13T01:58:09.326+0000][1][safepoint    ] Total time for which application threads were stopped: 0.0012954 seconds, Stopping threads took: 0.0005799 seconds
[2022-06-13T01:58:10.327+0000][1][safepoint    ] Application time: 1.0001531 seconds
[2022-06-13T01:58:10.327+0000][1][safepoint    ] Entering safepoint region: Cleanup
[2022-06-13T01:58:10.328+0000][1][safepoint    ] Leaving safepoint region
[2022-06-13T01:58:10.328+0000][1][safepoint    ] Total time for which application threads were stopped: 0.0008535 seconds, Stopping threads took: 0.0003329 seconds
[2022-06-13T01:58:11.329+0000][1][safepoint    ] Application time: 1.0001391 seconds
[2022-06-13T01:58:11.329+0000][1][safepoint    ] Entering safepoint region: Cleanup
[2022-06-13T01:58:11.330+0000][1][safepoint    ] Leaving safepoint region
[2022-06-13T01:58:11.330+0000][1][safepoint    ] Total time for which application threads were stopped: 0.0008241 seconds, Stopping threads took: 0.0003949 seconds
[2022-06-13T01:58:12.331+0000][1][safepoint    ] Application time: 1.0001432 seconds
[2022-06-13T01:58:12.331+0000][1][safepoint    ] Entering safepoint region: Cleanup
[2022-06-13T01:58:12.332+0000][1][safepoint    ] Leaving safepoint region
[2022-06-13T01:58:12.332+0000][1][safepoint    ] Total time for which application threads were stopped: 0.0008232 seconds, Stopping threads took: 0.0003564 seconds
[2022-06-13T01:58:13.333+0000][1][safepoint    ] Application time: 1.0003182 seconds
[2022-06-13T01:58:13.333+0000][1][safepoint    ] Entering safepoint region: Cleanup
[2022-06-13T01:58:13.334+0000][1][safepoint    ] Leaving safepoint region
[2022-06-13T01:58:13.334+0000][1][safepoint    ] Total time for which application threads were stopped: 0.0009318 seconds, Stopping threads took: 0.0003791 seconds
[2022-06-13T01:58:14.335+0000][1][safepoint    ] Application time: 1.0002567 seconds
[2022-06-13T01:58:14.335+0000][1][safepoint    ] Entering safepoint region: Cleanup
[2022-06-13T01:58:14.336+0000][1][safepoint    ] Leaving safepoint region
[2022-06-13T01:58:14.337+0000][1][safepoint    ] Total time for which application threads were stopped: 0.0011831 seconds, Stopping threads took: 0.0005401 seconds
[2022-06-13T01:58:15.337+0000][1][safepoint    ] Application time: 1.0001205 seconds
[2022-06-13T01:58:15.338+0000][1][safepoint    ] Entering safepoint region: Cleanup
[2022-06-13T01:58:15.338+0000][1][safepoint    ] Leaving safepoint region
[2022-06-13T01:58:15.339+0000][1][safepoint    ] Total time for which application threads were stopped: 0.0013274 seconds, Stopping threads took: 0.0005982 seconds
[2022-06-13T01:58:16.340+0000][1][safepoint    ] Application time: 1.0001916 seconds
[2022-06-13T01:58:16.341+0000][1][safepoint    ] Entering safepoint region: Cleanup
[2022-06-13T01:58:16.341+0000][1][safepoint    ] Leaving safepoint region
[2022-06-13T01:58:16.342+0000][1][safepoint    ] Total time for which application threads were stopped: 0.0013039 seconds, Stopping threads took: 0.0006018 seconds
[2022-06-13T01:58:17.343+0000][1][safepoint    ] Application time: 1.0002225 seconds
[2022-06-13T01:58:17.343+0000][1][safepoint    ] Entering safepoint region: Cleanup
[2022-06-13T01:58:17.344+0000][1][safepoint    ] Leaving safepoint region
[2022-06-13T01:58:17.345+0000][1][safepoint    ] Total time for which application threads were stopped: 0.0015987 seconds, Stopping threads took: 0.0006783 seconds
[2022-06-13T01:58:18.346+0000][1][safepoint    ] Application time: 1.0002957 seconds
[2022-06-13T01:58:18.346+0000][1][safepoint    ] Entering safepoint region: Cleanup
[2022-06-13T01:58:18.347+0000][1][safepoint    ] Leaving safepoint region
[2022-06-13T01:58:18.347+0000][1][safepoint    ] Total time for which application threads were stopped: 0.0011899 seconds, Stopping threads took: 0.0004896 seconds
[2022-06-13T01:58:19.348+0000][1][safepoint    ] Application time: 1.0001808 seconds
[2022-06-13T01:58:19.349+0000][1][safepoint    ] Entering safepoint region: Cleanup
[2022-06-13T01:58:19.349+0000][1][safepoint    ] Leaving safepoint region
[2022-06-13T01:58:19.349+0000][1][safepoint    ] Total time for which application threads were stopped: 0.0008218 seconds, Stopping threads took: 0.0003386 seconds
[2022-06-13T01:58:20.350+0000][1][safepoint    ] Application time: 1.0002274 seconds
[2022-06-13T01:58:20.351+0000][1][safepoint    ] Entering safepoint region: Cleanup
[2022-06-13T01:58:20.351+0000][1][safepoint    ] Leaving safepoint region
[2022-06-13T01:58:20.352+0000][1][safepoint    ] Total time for which application threads were stopped: 0.0013122 seconds, Stopping threads took: 0.0006198 seconds
[2022-06-13T01:58:21.353+0000][1][safepoint    ] Application time: 1.0002676 seconds
[2022-06-13T01:58:21.354+0000][1][safepoint    ] Entering safepoint region: Cleanup
[2022-06-13T01:58:21.354+0000][1][safepoint    ] Leaving safepoint region
[2022-06-13T01:58:21.355+0000][1][safepoint    ] Total time for which application threads were stopped: 0.0010276 seconds, Stopping threads took: 0.0004427 seconds
[2022-06-13T01:58:22.355+0000][1][safepoint    ] Application time: 1.0001922 seconds
[2022-06-13T01:58:22.356+0000][1][safepoint    ] Entering safepoint region: Cleanup
[2022-06-13T01:58:22.356+0000][1][safepoint    ] Leaving safepoint region
[2022-06-13T01:58:22.356+0000][1][safepoint    ] Total time for which application threads were stopped: 0.0005519 seconds, Stopping threads took: 0.0002132 seconds
[2022-06-13T01:58:23.357+0000][1][safepoint    ] Application time: 1.0001230 seconds
[2022-06-13T01:58:23.357+0000][1][safepoint    ] Entering safepoint region: Cleanup
[2022-06-13T01:58:23.357+0000][1][safepoint    ] Leaving safepoint region
[2022-06-13T01:58:23.358+0000][1][safepoint    ] Total time for which application threads were stopped: 0.0006355 seconds, Stopping threads took: 0.0002574 seconds
[2022-06-13T01:58:24.358+0000][1][safepoint    ] Application time: 1.0002041 seconds
[2022-06-13T01:58:24.359+0000][1][safepoint    ] Entering safepoint region: Cleanup
[2022-06-13T01:58:24.360+0000][1][safepoint    ] Leaving safepoint region
[2022-06-13T01:58:24.360+0000][1][safepoint    ] Total time for which application threads were stopped: 0.0011880 seconds, Stopping threads took: 0.0005927 seconds
[2022-06-13T01:58:25.361+0000][1][safepoint    ] Application time: 1.0001628 seconds
[2022-06-13T01:58:25.362+0000][1][safepoint    ] Entering safepoint region: Cleanup
[2022-06-13T01:58:25.362+0000][1][safepoint    ] Leaving safepoint region
[2022-06-13T01:58:25.362+0000][1][safepoint    ] Total time for which application threads were stopped: 0.0005944 seconds, Stopping threads took: 0.0002778 seconds
[2022-06-13T01:58:26.362+0000][1][safepoint    ] Application time: 1.0002540 seconds
[2022-06-13T01:58:26.363+0000][1][safepoint    ] Entering safepoint region: Cleanup
[2022-06-13T01:58:26.364+0000][1][safepoint    ] Leaving safepoint region
[2022-06-13T01:58:26.364+0000][1][safepoint    ] Total time for which application threads were stopped: 0.0008885 seconds, Stopping threads took: 0.0004588 seconds
[2022-06-13T01:58:27.365+0000][1][safepoint    ] Application time: 1.0001918 seconds
[2022-06-13T01:58:27.365+0000][1][safepoint    ] Entering safepoint region: Cleanup
[2022-06-13T01:58:27.365+0000][1][safepoint    ] Leaving safepoint region
[2022-06-13T01:58:27.365+0000][1][safepoint    ] Total time for which application threads were stopped: 0.0003296 seconds, Stopping threads took: 0.0001535 seconds
[2022-06-13T01:58:28.365+0000][1][safepoint    ] Application time: 1.0001506 seconds
[2022-06-13T01:58:28.366+0000][1][safepoint    ] Entering safepoint region: Cleanup
[2022-06-13T01:58:28.366+0000][1][safepoint    ] Leaving safepoint region
[2022-06-13T01:58:28.367+0000][1][safepoint    ] Total time for which application threads were stopped: 0.0008635 seconds, Stopping threads took: 0.0003701 seconds
[2022-06-13T01:58:29.367+0000][1][safepoint    ] Application time: 1.0001091 seconds
[2022-06-13T01:58:29.367+0000][1][safepoint    ] Entering safepoint region: Cleanup
[2022-06-13T01:58:29.368+0000][1][safepoint    ] Leaving safepoint region
[2022-06-13T01:58:29.368+0000][1][safepoint    ] Total time for which application threads were stopped: 0.0003034 seconds, Stopping threads took: 0.0001252 seconds
[2022-06-13T01:58:30.368+0000][1][safepoint    ] Application time: 1.0002938 seconds
[2022-06-13T01:58:30.369+0000][1][safepoint    ] Entering safepoint region: Cleanup
[2022-06-13T01:58:30.369+0000][1][safepoint    ] Leaving safepoint region
[2022-06-13T01:58:30.370+0000][1][safepoint    ] Total time for which application threads were stopped: 0.0008756 seconds, Stopping threads took: 0.0003568 seconds
[2022-06-13T01:58:31.370+0000][1][safepoint    ] Application time: 1.0001255 seconds
[2022-06-13T01:58:31.370+0000][1][safepoint    ] Entering safepoint region: Cleanup
[2022-06-13T01:58:31.371+0000][1][safepoint    ] Leaving safepoint region
[2022-06-13T01:58:31.371+0000][1][safepoint    ] Total time for which application threads were stopped: 0.0010441 seconds, Stopping threads took: 0.0003885 seconds
[2022-06-13T01:58:32.372+0000][1][safepoint    ] Application time: 1.0002682 seconds
[2022-06-13T01:58:32.372+0000][1][safepoint    ] Entering safepoint region: Cleanup
[2022-06-13T01:58:32.373+0000][1][safepoint    ] Leaving safepoint region
[2022-06-13T01:58:32.373+0000][1][safepoint    ] Total time for which application threads were stopped: 0.0005100 seconds, Stopping threads took: 0.0001872 seconds
[2022-06-13T01:58:33.373+0000][1][safepoint    ] Application time: 1.0002514 seconds
[2022-06-13T01:58:33.374+0000][1][safepoint    ] Entering safepoint region: Cleanup
[2022-06-13T01:58:33.374+0000][1][safepoint    ] Leaving safepoint region
[2022-06-13T01:58:33.374+0000][1][safepoint    ] Total time for which application threads were stopped: 0.0005590 seconds, Stopping threads took: 0.0002904 seconds
[2022-06-13T01:58:34.375+0000][1][safepoint    ] Application time: 1.0001107 seconds
[2022-06-13T01:58:34.375+0000][1][safepoint    ] Entering safepoint region: Cleanup
[2022-06-13T01:58:34.376+0000][1][safepoint    ] Leaving safepoint region
[2022-06-13T01:58:34.376+0000][1][safepoint    ] Total time for which application threads were stopped: 0.0007504 seconds, Stopping threads took: 0.0003064 seconds
[2022-06-13T01:58:35.376+0000][1][safepoint    ] Application time: 1.0002253 seconds
[2022-06-13T01:58:35.377+0000][1][safepoint    ] Entering safepoint region: Cleanup
[2022-06-13T01:58:35.377+0000][1][safepoint    ] Leaving safepoint region
[2022-06-13T01:58:35.378+0000][1][safepoint    ] Total time for which application threads were stopped: 0.0007200 seconds, Stopping threads took: 0.0003156 seconds
[2022-06-13T01:58:36.378+0000][1][safepoint    ] Application time: 1.0001867 seconds
[2022-06-13T01:58:36.379+0000][1][safepoint    ] Entering safepoint region: Cleanup
[2022-06-13T01:58:36.379+0000][1][safepoint    ] Leaving safepoint region
[2022-06-13T01:58:36.380+0000][1][safepoint    ] Total time for which application threads were stopped: 0.0008766 seconds, Stopping threads took: 0.0004667 seconds
[2022-06-13T01:58:37.380+0000][1][safepoint    ] Application time: 1.0001866 seconds
[2022-06-13T01:58:37.380+0000][1][safepoint    ] Entering safepoint region: Cleanup
[2022-06-13T01:58:37.381+0000][1][safepoint    ] Leaving safepoint region
[2022-06-13T01:58:37.381+0000][1][safepoint    ] Total time for which application threads were stopped: 0.0004150 seconds, Stopping threads took: 0.0001907 seconds
[2022-06-13T01:58:38.381+0000][1][safepoint    ] Application time: 1.0001122 seconds
[2022-06-13T01:58:38.381+0000][1][safepoint    ] Entering safepoint region: Cleanup
[2022-06-13T01:58:38.382+0000][1][safepoint    ] Leaving safepoint region
[2022-06-13T01:58:38.382+0000][1][safepoint    ] Total time for which application threads were stopped: 0.0008886 seconds, Stopping threads took: 0.0004437 seconds
[2022-06-13T01:58:39.383+0000][1][safepoint    ] Application time: 1.0002525 seconds
[2022-06-13T01:58:39.383+0000][1][safepoint    ] Entering safepoint region: Cleanup
[2022-06-13T01:58:39.384+0000][1][safepoint    ] Leaving safepoint region
[2022-06-13T01:58:39.384+0000][1][safepoint    ] Total time for which application threads were stopped: 0.0005886 seconds, Stopping threads took: 0.0002366 seconds
[2022-06-13T01:58:40.384+0000][1][safepoint    ] Application time: 1.0002506 seconds
[2022-06-13T01:58:40.385+0000][1][safepoint    ] Entering safepoint region: Cleanup
[2022-06-13T01:58:40.385+0000][1][safepoint    ] Leaving safepoint region
[2022-06-13T01:58:40.386+0000][1][safepoint    ] Total time for which application threads were stopped: 0.0008029 seconds, Stopping threads took: 0.0003719 seconds
[2022-06-13T01:58:41.386+0000][1][safepoint    ] Application time: 1.0001938 seconds
[2022-06-13T01:58:41.387+0000][1][safepoint    ] Entering safepoint region: Cleanup
[2022-06-13T01:58:41.387+0000][1][safepoint    ] Leaving safepoint region
[2022-06-13T01:58:41.387+0000][1][safepoint    ] Total time for which application threads were stopped: 0.0005496 seconds, Stopping threads took: 0.0002724 seconds
[2022-06-13T01:58:42.388+0000][1][safepoint    ] Application time: 1.0001646 seconds
[2022-06-13T01:58:42.388+0000][1][safepoint    ] Entering safepoint region: Cleanup
[2022-06-13T01:58:42.389+0000][1][safepoint    ] Leaving safepoint region
[2022-06-13T01:58:42.389+0000][1][safepoint    ] Total time for which application threads were stopped: 0.0006647 seconds, Stopping threads took: 0.0002962 seconds
[2022-06-13T01:58:43.390+0000][1][safepoint    ] Application time: 1.0002242 seconds
[2022-06-13T01:58:43.390+0000][1][safepoint    ] Entering safepoint region: Cleanup
[2022-06-13T01:58:43.390+0000][1][safepoint    ] Leaving safepoint region
[2022-06-13T01:58:43.391+0000][1][safepoint    ] Total time for which application threads were stopped: 0.0006507 seconds, Stopping threads took: 0.0002819 seconds
[2022-06-13T01:58:44.391+0000][1][safepoint    ] Application time: 1.0002320 seconds
[2022-06-13T01:58:44.392+0000][1][safepoint    ] Entering safepoint region: Cleanup
[2022-06-13T01:58:44.392+0000][1][safepoint    ] Leaving safepoint region
[2022-06-13T01:58:44.392+0000][1][safepoint    ] Total time for which application threads were stopped: 0.0007110 seconds, Stopping threads took: 0.0003589 seconds
[2022-06-13T01:58:45.393+0000][1][safepoint    ] Application time: 1.0001007 seconds
[2022-06-13T01:58:45.393+0000][1][safepoint    ] Entering safepoint region: Cleanup
[2022-06-13T01:58:45.394+0000][1][safepoint    ] Leaving safepoint region
[2022-06-13T01:58:45.394+0000][1][safepoint    ] Total time for which application threads were stopped: 0.0008189 seconds, Stopping threads took: 0.0003664 seconds
[2022-06-13T01:58:46.395+0000][1][safepoint    ] Application time: 1.0001678 seconds
[2022-06-13T01:58:46.395+0000][1][safepoint    ] Entering safepoint region: Cleanup
[2022-06-13T01:58:46.396+0000][1][safepoint    ] Leaving safepoint region
[2022-06-13T01:58:46.396+0000][1][safepoint    ] Total time for which application threads were stopped: 0.0008847 seconds, Stopping threads took: 0.0003759 seconds
[2022-06-13T01:58:47.397+0000][1][safepoint    ] Application time: 1.0002727 seconds
[2022-06-13T01:58:47.397+0000][1][safepoint    ] Entering safepoint region: Cleanup
[2022-06-13T01:58:47.397+0000][1][safepoint    ] Leaving safepoint region
[2022-06-13T01:58:47.398+0000][1][safepoint    ] Total time for which application threads were stopped: 0.0005999 seconds, Stopping threads took: 0.0002900 seconds
[2022-06-13T01:58:48.398+0000][1][safepoint    ] Application time: 1.0002100 seconds
[2022-06-13T01:58:48.399+0000][1][safepoint    ] Entering safepoint region: Cleanup
[2022-06-13T01:58:48.399+0000][1][safepoint    ] Leaving safepoint region
[2022-06-13T01:58:48.400+0000][1][safepoint    ] Total time for which application threads were stopped: 0.0009971 seconds, Stopping threads took: 0.0004065 seconds
[2022-06-13T01:58:49.400+0000][1][safepoint    ] Application time: 1.0002597 seconds
[2022-06-13T01:58:49.401+0000][1][safepoint    ] Entering safepoint region: Cleanup
[2022-06-13T01:58:49.401+0000][1][safepoint    ] Leaving safepoint region
[2022-06-13T01:58:49.401+0000][1][safepoint    ] Total time for which application threads were stopped: 0.0005444 seconds, Stopping threads took: 0.0002453 seconds
[2022-06-13T01:58:50.402+0000][1][safepoint    ] Application time: 1.0002926 seconds
[2022-06-13T01:58:50.402+0000][1][safepoint    ] Entering safepoint region: Cleanup
[2022-06-13T01:58:50.403+0000][1][safepoint    ] Leaving safepoint region
[2022-06-13T01:58:50.403+0000][1][safepoint    ] Total time for which application threads were stopped: 0.0009971 seconds, Stopping threads took: 0.0004508 seconds
[2022-06-13T01:58:51.404+0000][1][safepoint    ] Application time: 1.0002052 seconds
[2022-06-13T01:58:51.404+0000][1][safepoint    ] Entering safepoint region: Cleanup
[2022-06-13T01:58:51.404+0000][1][safepoint    ] Leaving safepoint region
[2022-06-13T01:58:51.405+0000][1][safepoint    ] Total time for which application threads were stopped: 0.0004613 seconds, Stopping threads took: 0.0001624 seconds
[2022-06-13T01:58:52.405+0000][1][safepoint    ] Application time: 1.0003845 seconds
[2022-06-13T01:58:52.406+0000][1][safepoint    ] Entering safepoint region: Cleanup
[2022-06-13T01:58:52.406+0000][1][safepoint    ] Leaving safepoint region
[2022-06-13T01:58:52.407+0000][1][safepoint    ] Total time for which application threads were stopped: 0.0010248 seconds, Stopping threads took: 0.0004250 seconds
[2022-06-13T01:58:53.408+0000][1][safepoint    ] Application time: 1.0002311 seconds
[2022-06-13T01:58:53.408+0000][1][safepoint    ] Entering safepoint region: Cleanup
[2022-06-13T01:58:53.409+0000][1][safepoint    ] Leaving safepoint region
[2022-06-13T01:58:53.409+0000][1][safepoint    ] Total time for which application threads were stopped: 0.0009106 seconds, Stopping threads took: 0.0003945 seconds
[2022-06-13T01:58:54.409+0000][1][safepoint    ] Application time: 1.0001344 seconds
[2022-06-13T01:58:54.410+0000][1][safepoint    ] Entering safepoint region: Cleanup
[2022-06-13T01:58:54.410+0000][1][safepoint    ] Leaving safepoint region
[2022-06-13T01:58:54.411+0000][1][safepoint    ] Total time for which application threads were stopped: 0.0008655 seconds, Stopping threads took: 0.0004398 seconds
[2022-06-13T01:58:55.411+0000][1][safepoint    ] Application time: 1.0002156 seconds
[2022-06-13T01:58:55.412+0000][1][safepoint    ] Entering safepoint region: Cleanup
[2022-06-13T01:58:55.412+0000][1][safepoint    ] Leaving safepoint region
[2022-06-13T01:58:55.413+0000][1][safepoint    ] Total time for which application threads were stopped: 0.0008459 seconds, Stopping threads took: 0.0004029 seconds
[2022-06-13T01:58:56.413+0000][1][safepoint    ] Application time: 1.0002013 seconds
[2022-06-13T01:58:56.414+0000][1][safepoint    ] Entering safepoint region: Cleanup
[2022-06-13T01:58:56.414+0000][1][safepoint    ] Leaving safepoint region
[2022-06-13T01:58:56.415+0000][1][safepoint    ] Total time for which application threads were stopped: 0.0008366 seconds, Stopping threads took: 0.0004056 seconds
[2022-06-13T01:58:57.415+0000][1][safepoint    ] Application time: 1.0002049 seconds
[2022-06-13T01:58:57.416+0000][1][safepoint    ] Entering safepoint region: Cleanup
[2022-06-13T01:58:57.416+0000][1][safepoint    ] Leaving safepoint region
[2022-06-13T01:58:57.416+0000][1][safepoint    ] Total time for which application threads were stopped: 0.0005794 seconds, Stopping threads took: 0.0002086 seconds
[2022-06-13T01:58:58.417+0000][1][safepoint    ] Application time: 1.0001759 seconds
[2022-06-13T01:58:58.417+0000][1][safepoint    ] Entering safepoint region: Cleanup
[2022-06-13T01:58:58.417+0000][1][safepoint    ] Leaving safepoint region
[2022-06-13T01:58:58.418+0000][1][safepoint    ] Total time for which application threads were stopped: 0.0006881 seconds, Stopping threads took: 0.0003231 seconds
[2022-06-13T01:58:59.418+0000][1][safepoint    ] Application time: 1.0001978 seconds
[2022-06-13T01:58:59.418+0000][1][safepoint    ] Entering safepoint region: Cleanup
[2022-06-13T01:58:59.419+0000][1][safepoint    ] Leaving safepoint region
[2022-06-13T01:58:59.419+0000][1][safepoint    ] Total time for which application threads were stopped: 0.0009389 seconds, Stopping threads took: 0.0004717 seconds
[2022-06-13T01:59:00.420+0000][1][safepoint    ] Application time: 1.0001901 seconds
[2022-06-13T01:59:00.421+0000][1][safepoint    ] Entering safepoint region: Cleanup
[2022-06-13T01:59:00.421+0000][1][safepoint    ] Leaving safepoint region
[2022-06-13T01:59:00.422+0000][1][safepoint    ] Total time for which application threads were stopped: 0.0010635 seconds, Stopping threads took: 0.0004872 seconds
[2022-06-13T01:59:01.422+0000][1][safepoint    ] Application time: 1.0003419 seconds
[2022-06-13T01:59:01.423+0000][1][safepoint    ] Entering safepoint region: Cleanup
[2022-06-13T01:59:01.424+0000][1][safepoint    ] Leaving safepoint region
[2022-06-13T01:59:01.424+0000][1][safepoint    ] Total time for which application threads were stopped: 0.0010508 seconds, Stopping threads took: 0.0005006 seconds
[2022-06-13T01:59:02.425+0000][1][safepoint    ] Application time: 1.0002403 seconds
[2022-06-13T01:59:02.425+0000][1][safepoint    ] Entering safepoint region: Cleanup
[2022-06-13T01:59:02.425+0000][1][safepoint    ] Leaving safepoint region
[2022-06-13T01:59:02.426+0000][1][safepoint    ] Total time for which application threads were stopped: 0.0007611 seconds, Stopping threads took: 0.0003699 seconds
[2022-06-13T01:59:03.426+0000][1][safepoint    ] Application time: 1.0002503 seconds
[2022-06-13T01:59:03.427+0000][1][safepoint    ] Entering safepoint region: Cleanup
[2022-06-13T01:59:03.427+0000][1][safepoint    ] Leaving safepoint region
[2022-06-13T01:59:03.428+0000][1][safepoint    ] Total time for which application threads were stopped: 0.0008024 seconds, Stopping threads took: 0.0003560 seconds
[2022-06-13T01:59:04.428+0000][1][safepoint    ] Application time: 1.0001438 seconds
[2022-06-13T01:59:04.429+0000][1][safepoint    ] Entering safepoint region: Cleanup
[2022-06-13T01:59:04.429+0000][1][safepoint    ] Leaving safepoint region
[2022-06-13T01:59:04.429+0000][1][safepoint    ] Total time for which application threads were stopped: 0.0007899 seconds, Stopping threads took: 0.0004647 seconds
[2022-06-13T01:59:05.430+0000][1][safepoint    ] Application time: 1.0003943 seconds
[2022-06-13T01:59:05.431+0000][1][safepoint    ] Entering safepoint region: Cleanup
[2022-06-13T01:59:05.432+0000][1][safepoint    ] Leaving safepoint region
[2022-06-13T01:59:05.432+0000][1][safepoint    ] Total time for which application threads were stopped: 0.0010529 seconds, Stopping threads took: 0.0004779 seconds
[2022-06-13T01:59:06.433+0000][1][safepoint    ] Application time: 1.0003099 seconds
[2022-06-13T01:59:06.434+0000][1][safepoint    ] Entering safepoint region: Cleanup
[2022-06-13T01:59:06.434+0000][1][safepoint    ] Leaving safepoint region
[2022-06-13T01:59:06.435+0000][1][safepoint    ] Total time for which application threads were stopped: 0.0010224 seconds, Stopping threads took: 0.0004622 seconds
[2022-06-13T01:59:07.435+0000][1][safepoint    ] Application time: 1.0002062 seconds
[2022-06-13T01:59:07.436+0000][1][safepoint    ] Entering safepoint region: Cleanup
[2022-06-13T01:59:07.436+0000][1][safepoint    ] Leaving safepoint region
[2022-06-13T01:59:07.436+0000][1][safepoint    ] Total time for which application threads were stopped: 0.0008072 seconds, Stopping threads took: 0.0003609 seconds
[2022-06-13T01:59:08.437+0000][1][safepoint    ] Application time: 1.0003664 seconds
[2022-06-13T01:59:08.438+0000][1][safepoint    ] Entering safepoint region: Cleanup
[2022-06-13T01:59:08.439+0000][1][safepoint    ] Leaving safepoint region
[2022-06-13T01:59:08.439+0000][1][safepoint    ] Total time for which application threads were stopped: 0.0012949 seconds, Stopping threads took: 0.0005916 seconds
[2022-06-13T01:59:10.362+0000][1][safepoint    ] Application time: 1.9221974 seconds
[2022-06-13T01:59:10.363+0000][1][safepoint    ] Entering safepoint region: Cleanup
[2022-06-13T01:59:10.363+0000][1][safepoint    ] Leaving safepoint region
[2022-06-13T01:59:10.364+0000][1][safepoint    ] Total time for which application threads were stopped: 0.0008206 seconds, Stopping threads took: 0.0003203 seconds
[2022-06-13T01:59:11.364+0000][1][safepoint    ] Application time: 1.0002296 seconds
[2022-06-13T01:59:11.364+0000][1][safepoint    ] Entering safepoint region: Cleanup
[2022-06-13T01:59:11.365+0000][1][safepoint    ] Leaving safepoint region
[2022-06-13T01:59:11.365+0000][1][safepoint    ] Total time for which application threads were stopped: 0.0007416 seconds, Stopping threads took: 0.0003506 seconds
[2022-06-13T01:59:12.366+0000][1][safepoint    ] Application time: 1.0001735 seconds
[2022-06-13T01:59:12.366+0000][1][safepoint    ] Entering safepoint region: Cleanup
[2022-06-13T01:59:12.366+0000][1][safepoint    ] Leaving safepoint region
[2022-06-13T01:59:12.367+0000][1][safepoint    ] Total time for which application threads were stopped: 0.0007676 seconds, Stopping threads took: 0.0003668 seconds
[2022-06-13T01:59:13.367+0000][1][safepoint    ] Application time: 1.0002073 seconds
[2022-06-13T01:59:13.368+0000][1][safepoint    ] Entering safepoint region: Cleanup
[2022-06-13T01:59:13.368+0000][1][safepoint    ] Leaving safepoint region
[2022-06-13T01:59:13.368+0000][1][safepoint    ] Total time for which application threads were stopped: 0.0007624 seconds, Stopping threads took: 0.0003586 seconds
[2022-06-13T01:59:14.369+0000][1][safepoint    ] Application time: 1.0001593 seconds
[2022-06-13T01:59:14.369+0000][1][safepoint    ] Entering safepoint region: Cleanup
[2022-06-13T01:59:14.370+0000][1][safepoint    ] Leaving safepoint region
[2022-06-13T01:59:14.370+0000][1][safepoint    ] Total time for which application threads were stopped: 0.0007112 seconds, Stopping threads took: 0.0003185 seconds
[2022-06-13T01:59:15.370+0000][1][safepoint    ] Application time: 1.0002235 seconds
[2022-06-13T01:59:15.371+0000][1][safepoint    ] Entering safepoint region: Cleanup
[2022-06-13T01:59:15.371+0000][1][safepoint    ] Leaving safepoint region
[2022-06-13T01:59:15.372+0000][1][safepoint    ] Total time for which application threads were stopped: 0.0008359 seconds, Stopping threads took: 0.0003189 seconds
[2022-06-13T01:59:16.372+0000][1][safepoint    ] Application time: 1.0002078 seconds
[2022-06-13T01:59:16.373+0000][1][safepoint    ] Entering safepoint region: Cleanup
[2022-06-13T01:59:16.374+0000][1][safepoint    ] Leaving safepoint region
[2022-06-13T01:59:16.374+0000][1][safepoint    ] Total time for which application threads were stopped: 0.0010137 seconds, Stopping threads took: 0.0004675 seconds
[2022-06-13T01:59:17.375+0000][1][safepoint    ] Application time: 1.0001851 seconds
[2022-06-13T01:59:17.375+0000][1][safepoint    ] Entering safepoint region: Cleanup
[2022-06-13T01:59:17.376+0000][1][safepoint    ] Leaving safepoint region
[2022-06-13T01:59:17.376+0000][1][safepoint    ] Total time for which application threads were stopped: 0.0007458 seconds, Stopping threads took: 0.0003696 seconds
[2022-06-13T01:59:18.377+0000][1][safepoint    ] Application time: 1.0003265 seconds
[2022-06-13T01:59:18.377+0000][1][safepoint    ] Entering safepoint region: Cleanup
[2022-06-13T01:59:18.378+0000][1][safepoint    ] Leaving safepoint region
[2022-06-13T01:59:18.378+0000][1][safepoint    ] Total time for which application threads were stopped: 0.0009050 seconds, Stopping threads took: 0.0004185 seconds
[2022-06-13T01:59:19.379+0000][1][safepoint    ] Application time: 1.0002772 seconds
[2022-06-13T01:59:19.379+0000][1][safepoint    ] Entering safepoint region: Cleanup
[2022-06-13T01:59:19.379+0000][1][safepoint    ] Leaving safepoint region
[2022-06-13T01:59:19.380+0000][1][safepoint    ] Total time for which application threads were stopped: 0.0006998 seconds, Stopping threads took: 0.0002750 seconds
[2022-06-13T01:59:20.380+0000][1][safepoint    ] Application time: 1.0001765 seconds
[2022-06-13T01:59:20.381+0000][1][safepoint    ] Entering safepoint region: Cleanup
[2022-06-13T01:59:20.382+0000][1][safepoint    ] Leaving safepoint region
[2022-06-13T01:59:20.382+0000][1][safepoint    ] Total time for which application threads were stopped: 0.0012641 seconds, Stopping threads took: 0.0004938 seconds
[2022-06-13T01:59:21.383+0000][1][safepoint    ] Application time: 1.0002380 seconds
[2022-06-13T01:59:21.383+0000][1][safepoint    ] Entering safepoint region: Cleanup
[2022-06-13T01:59:21.384+0000][1][safepoint    ] Leaving safepoint region
[2022-06-13T01:59:21.384+0000][1][safepoint    ] Total time for which application threads were stopped: 0.0005504 seconds, Stopping threads took: 0.0002168 seconds
[2022-06-13T01:59:22.384+0000][1][safepoint    ] Application time: 1.0002061 seconds
[2022-06-13T01:59:22.385+0000][1][safepoint    ] Entering safepoint region: Cleanup
[2022-06-13T01:59:22.385+0000][1][safepoint    ] Leaving safepoint region
[2022-06-13T01:59:22.385+0000][1][safepoint    ] Total time for which application threads were stopped: 0.0005811 seconds, Stopping threads took: 0.0003002 seconds
[2022-06-13T01:59:23.386+0000][1][safepoint    ] Application time: 1.0002169 seconds
[2022-06-13T01:59:23.386+0000][1][safepoint    ] Entering safepoint region: Cleanup
[2022-06-13T01:59:23.387+0000][1][safepoint    ] Leaving safepoint region
[2022-06-13T01:59:23.387+0000][1][safepoint    ] Total time for which application threads were stopped: 0.0007607 seconds, Stopping threads took: 0.0003306 seconds
[2022-06-13T01:59:24.388+0000][1][safepoint    ] Application time: 1.0002384 seconds
[2022-06-13T01:59:24.388+0000][1][safepoint    ] Entering safepoint region: Cleanup
[2022-06-13T01:59:24.389+0000][1][safepoint    ] Leaving safepoint region
[2022-06-13T01:59:24.389+0000][1][safepoint    ] Total time for which application threads were stopped: 0.0011118 seconds, Stopping threads took: 0.0004979 seconds
[2022-06-13T01:59:25.390+0000][1][safepoint    ] Application time: 1.0002579 seconds
[2022-06-13T01:59:25.391+0000][1][safepoint    ] Entering safepoint region: Cleanup
[2022-06-13T01:59:25.391+0000][1][safepoint    ] Leaving safepoint region
[2022-06-13T01:59:25.392+0000][1][safepoint    ] Total time for which application threads were stopped: 0.0010246 seconds, Stopping threads took: 0.0004319 seconds
[2022-06-13T01:59:26.392+0000][1][safepoint    ] Application time: 1.0002073 seconds
[2022-06-13T01:59:26.393+0000][1][safepoint    ] Entering safepoint region: Cleanup
[2022-06-13T01:59:26.393+0000][1][safepoint    ] Leaving safepoint region
[2022-06-13T01:59:26.394+0000][1][safepoint    ] Total time for which application threads were stopped: 0.0009780 seconds, Stopping threads took: 0.0004759 seconds
[2022-06-13T01:59:27.394+0000][1][safepoint    ] Application time: 1.0002116 seconds
[2022-06-13T01:59:27.395+0000][1][safepoint    ] Entering safepoint region: Cleanup
[2022-06-13T01:59:27.395+0000][1][safepoint    ] Leaving safepoint region
[2022-06-13T01:59:27.396+0000][1][safepoint    ] Total time for which application threads were stopped: 0.0007300 seconds, Stopping threads took: 0.0002830 seconds
[2022-06-13T01:59:28.396+0000][1][safepoint    ] Application time: 1.0002395 seconds
[2022-06-13T01:59:28.397+0000][1][safepoint    ] Entering safepoint region: Cleanup
[2022-06-13T01:59:28.397+0000][1][safepoint    ] Leaving safepoint region
[2022-06-13T01:59:28.397+0000][1][safepoint    ] Total time for which application threads were stopped: 0.0007126 seconds, Stopping threads took: 0.0003803 seconds
[2022-06-13T01:59:29.398+0000][1][safepoint    ] Application time: 1.0002204 seconds
[2022-06-13T01:59:29.398+0000][1][safepoint    ] Entering safepoint region: Cleanup
[2022-06-13T01:59:29.399+0000][1][safepoint    ] Leaving safepoint region
[2022-06-13T01:59:29.399+0000][1][safepoint    ] Total time for which application threads were stopped: 0.0009830 seconds, Stopping threads took: 0.0005559 seconds
[2022-06-13T01:59:30.400+0000][1][safepoint    ] Application time: 1.0002438 seconds
[2022-06-13T01:59:30.400+0000][1][safepoint    ] Entering safepoint region: Cleanup
[2022-06-13T01:59:30.401+0000][1][safepoint    ] Leaving safepoint region
[2022-06-13T01:59:30.401+0000][1][safepoint    ] Total time for which application threads were stopped: 0.0005638 seconds, Stopping threads took: 0.0002263 seconds
[2022-06-13T01:59:31.401+0000][1][safepoint    ] Application time: 1.0002316 seconds
[2022-06-13T01:59:31.402+0000][1][safepoint    ] Entering safepoint region: Cleanup
[2022-06-13T01:59:31.403+0000][1][safepoint    ] Leaving safepoint region
[2022-06-13T01:59:31.404+0000][1][safepoint    ] Total time for which application threads were stopped: 0.0012785 seconds, Stopping threads took: 0.0005425 seconds
[2022-06-13T01:59:32.404+0000][1][safepoint    ] Application time: 1.0001406 seconds
[2022-06-13T01:59:32.405+0000][1][safepoint    ] Entering safepoint region: Cleanup
[2022-06-13T01:59:32.405+0000][1][safepoint    ] Leaving safepoint region
[2022-06-13T01:59:32.406+0000][1][safepoint    ] Total time for which application threads were stopped: 0.0007289 seconds, Stopping threads took: 0.0002912 seconds
[2022-06-13T01:59:33.406+0000][1][safepoint    ] Application time: 1.0002672 seconds
[2022-06-13T01:59:33.407+0000][1][safepoint    ] Entering safepoint region: Cleanup
[2022-06-13T01:59:33.407+0000][1][safepoint    ] Leaving safepoint region
[2022-06-13T01:59:33.408+0000][1][safepoint    ] Total time for which application threads were stopped: 0.0008063 seconds, Stopping threads took: 0.0003887 seconds
[2022-06-13T01:59:34.408+0000][1][safepoint    ] Application time: 1.0001843 seconds
[2022-06-13T01:59:34.409+0000][1][safepoint    ] Entering safepoint region: Cleanup
[2022-06-13T01:59:34.410+0000][1][safepoint    ] Leaving safepoint region
[2022-06-13T01:59:34.410+0000][1][safepoint    ] Total time for which application threads were stopped: 0.0014295 seconds, Stopping threads took: 0.0007597 seconds
[2022-06-13T01:59:35.411+0000][1][safepoint    ] Application time: 1.0002542 seconds
[2022-06-13T01:59:35.412+0000][1][safepoint    ] Entering safepoint region: Cleanup
[2022-06-13T01:59:35.412+0000][1][safepoint    ] Leaving safepoint region
[2022-06-13T01:59:35.413+0000][1][safepoint    ] Total time for which application threads were stopped: 0.0010375 seconds, Stopping threads took: 0.0005167 seconds
[2022-06-13T01:59:36.414+0000][1][safepoint    ] Application time: 1.0002870 seconds
[2022-06-13T01:59:36.414+0000][1][safepoint    ] Entering safepoint region: Cleanup
[2022-06-13T01:59:36.415+0000][1][safepoint    ] Leaving safepoint region
[2022-06-13T01:59:36.415+0000][1][safepoint    ] Total time for which application threads were stopped: 0.0008524 seconds, Stopping threads took: 0.0003061 seconds
[2022-06-13T01:59:37.416+0000][1][safepoint    ] Application time: 1.0001693 seconds
[2022-06-13T01:59:37.416+0000][1][safepoint    ] Entering safepoint region: Cleanup
[2022-06-13T01:59:37.416+0000][1][safepoint    ] Leaving safepoint region
[2022-06-13T01:59:37.416+0000][1][safepoint    ] Total time for which application threads were stopped: 0.0003425 seconds, Stopping threads took: 0.0001508 seconds
[2022-06-13T01:59:38.416+0000][1][safepoint    ] Application time: 1.0001167 seconds
[2022-06-13T01:59:38.417+0000][1][safepoint    ] Entering safepoint region: Cleanup
[2022-06-13T01:59:38.417+0000][1][safepoint    ] Leaving safepoint region
[2022-06-13T01:59:38.418+0000][1][safepoint    ] Total time for which application threads were stopped: 0.0007593 seconds, Stopping threads took: 0.0004250 seconds
[2022-06-13T01:59:39.418+0000][1][safepoint    ] Application time: 1.0002655 seconds
[2022-06-13T01:59:39.419+0000][1][safepoint    ] Entering safepoint region: Cleanup
[2022-06-13T01:59:39.419+0000][1][safepoint    ] Leaving safepoint region
[2022-06-13T01:59:39.419+0000][1][safepoint    ] Total time for which application threads were stopped: 0.0004726 seconds, Stopping threads took: 0.0002262 seconds
[2022-06-13T01:59:40.419+0000][1][safepoint    ] Application time: 1.0001984 seconds
[2022-06-13T01:59:40.420+0000][1][safepoint    ] Entering safepoint region: Cleanup
[2022-06-13T01:59:40.420+0000][1][safepoint    ] Leaving safepoint region
[2022-06-13T01:59:40.420+0000][1][safepoint    ] Total time for which application threads were stopped: 0.0004946 seconds, Stopping threads took: 0.0002026 seconds
[2022-06-13T01:59:41.421+0000][1][safepoint    ] Application time: 1.0004552 seconds
[2022-06-13T01:59:41.422+0000][1][safepoint    ] Entering safepoint region: Cleanup
[2022-06-13T01:59:41.422+0000][1][safepoint    ] Leaving safepoint region
[2022-06-13T01:59:41.423+0000][1][safepoint    ] Total time for which application threads were stopped: 0.0011751 seconds, Stopping threads took: 0.0005613 seconds
[2022-06-13T01:59:42.423+0000][1][safepoint    ] Application time: 1.0001111 seconds
[2022-06-13T01:59:42.424+0000][1][safepoint    ] Entering safepoint region: Cleanup
[2022-06-13T01:59:42.424+0000][1][safepoint    ] Leaving safepoint region
[2022-06-13T01:59:42.424+0000][1][safepoint    ] Total time for which application threads were stopped: 0.0004829 seconds, Stopping threads took: 0.0002507 seconds
[2022-06-13T01:59:43.425+0000][1][safepoint    ] Application time: 1.0001480 seconds
[2022-06-13T01:59:43.425+0000][1][safepoint    ] Entering safepoint region: Cleanup
[2022-06-13T01:59:43.425+0000][1][safepoint    ] Leaving safepoint region
[2022-06-13T01:59:43.425+0000][1][safepoint    ] Total time for which application threads were stopped: 0.0003846 seconds, Stopping threads took: 0.0001870 seconds
[2022-06-13T01:59:44.426+0000][1][safepoint    ] Application time: 1.0002023 seconds
[2022-06-13T01:59:44.426+0000][1][safepoint    ] Entering safepoint region: Cleanup
[2022-06-13T01:59:44.427+0000][1][safepoint    ] Leaving safepoint region
[2022-06-13T01:59:44.427+0000][1][safepoint    ] Total time for which application threads were stopped: 0.0009299 seconds, Stopping threads took: 0.0003894 seconds
[2022-06-13T01:59:45.428+0000][1][safepoint    ] Application time: 1.0002986 seconds
[2022-06-13T01:59:45.428+0000][1][safepoint    ] Entering safepoint region: Cleanup
[2022-06-13T01:59:45.429+0000][1][safepoint    ] Leaving safepoint region
[2022-06-13T01:59:45.429+0000][1][safepoint    ] Total time for which application threads were stopped: 0.0010700 seconds, Stopping threads took: 0.0005736 seconds
[2022-06-13T01:59:46.430+0000][1][safepoint    ] Application time: 1.0002201 seconds
[2022-06-13T01:59:46.431+0000][1][safepoint    ] Entering safepoint region: Cleanup
[2022-06-13T01:59:46.431+0000][1][safepoint    ] Leaving safepoint region
[2022-06-13T01:59:46.432+0000][1][safepoint    ] Total time for which application threads were stopped: 0.0014560 seconds, Stopping threads took: 0.0006404 seconds
[2022-06-13T01:59:47.433+0000][1][safepoint    ] Application time: 1.0002146 seconds
[2022-06-13T01:59:47.433+0000][1][safepoint    ] Entering safepoint region: Cleanup
[2022-06-13T01:59:47.434+0000][1][safepoint    ] Leaving safepoint region
[2022-06-13T01:59:47.434+0000][1][safepoint    ] Total time for which application threads were stopped: 0.0005944 seconds, Stopping threads took: 0.0003441 seconds
[2022-06-13T01:59:48.434+0000][1][safepoint    ] Application time: 1.0001930 seconds
[2022-06-13T01:59:48.435+0000][1][safepoint    ] Entering safepoint region: Cleanup
[2022-06-13T01:59:48.435+0000][1][safepoint    ] Leaving safepoint region
[2022-06-13T01:59:48.436+0000][1][safepoint    ] Total time for which application threads were stopped: 0.0007762 seconds, Stopping threads took: 0.0003803 seconds
[2022-06-13T01:59:49.436+0000][1][safepoint    ] Application time: 1.0001252 seconds
[2022-06-13T01:59:49.436+0000][1][safepoint    ] Entering safepoint region: Cleanup
[2022-06-13T01:59:49.437+0000][1][safepoint    ] Leaving safepoint region
[2022-06-13T01:59:49.437+0000][1][safepoint    ] Total time for which application threads were stopped: 0.0004703 seconds, Stopping threads took: 0.0002117 seconds
[2022-06-13T01:59:50.437+0000][1][safepoint    ] Application time: 1.0002111 seconds
[2022-06-13T01:59:50.438+0000][1][safepoint    ] Entering safepoint region: Cleanup
[2022-06-13T01:59:50.438+0000][1][safepoint    ] Leaving safepoint region
[2022-06-13T01:59:50.438+0000][1][safepoint    ] Total time for which application threads were stopped: 0.0007928 seconds, Stopping threads took: 0.0003610 seconds
[2022-06-13T01:59:51.439+0000][1][safepoint    ] Application time: 1.0002137 seconds
[2022-06-13T01:59:51.440+0000][1][safepoint    ] Entering safepoint region: Cleanup
[2022-06-13T01:59:51.440+0000][1][safepoint    ] Leaving safepoint region
[2022-06-13T01:59:51.440+0000][1][safepoint    ] Total time for which application threads were stopped: 0.0008130 seconds, Stopping threads took: 0.0003812 seconds
[2022-06-13T01:59:52.441+0000][1][safepoint    ] Application time: 1.0001976 seconds
[2022-06-13T01:59:52.442+0000][1][safepoint    ] Entering safepoint region: Cleanup
[2022-06-13T01:59:52.442+0000][1][safepoint    ] Leaving safepoint region
[2022-06-13T01:59:52.442+0000][1][safepoint    ] Total time for which application threads were stopped: 0.0006971 seconds, Stopping threads took: 0.0002879 seconds
[2022-06-13T01:59:53.443+0000][1][safepoint    ] Application time: 1.0002810 seconds
[2022-06-13T01:59:53.443+0000][1][safepoint    ] Entering safepoint region: Cleanup
[2022-06-13T01:59:53.444+0000][1][safepoint    ] Leaving safepoint region
[2022-06-13T01:59:53.444+0000][1][safepoint    ] Total time for which application threads were stopped: 0.0008053 seconds, Stopping threads took: 0.0004047 seconds
[2022-06-13T01:59:54.445+0000][1][safepoint    ] Application time: 1.0002250 seconds
[2022-06-13T01:59:54.445+0000][1][safepoint    ] Entering safepoint region: Cleanup
[2022-06-13T01:59:54.446+0000][1][safepoint    ] Leaving safepoint region
[2022-06-13T01:59:54.446+0000][1][safepoint    ] Total time for which application threads were stopped: 0.0007874 seconds, Stopping threads took: 0.0003642 seconds
[2022-06-13T01:59:55.447+0000][1][safepoint    ] Application time: 1.0002917 seconds
[2022-06-13T01:59:55.447+0000][1][safepoint    ] Entering safepoint region: Cleanup
[2022-06-13T01:59:55.448+0000][1][safepoint    ] Leaving safepoint region
[2022-06-13T01:59:55.448+0000][1][safepoint    ] Total time for which application threads were stopped: 0.0010090 seconds, Stopping threads took: 0.0004391 seconds
[2022-06-13T01:59:56.449+0000][1][safepoint    ] Application time: 1.0002200 seconds
[2022-06-13T01:59:56.450+0000][1][safepoint    ] Entering safepoint region: Cleanup
[2022-06-13T01:59:56.450+0000][1][safepoint    ] Leaving safepoint region
[2022-06-13T01:59:56.451+0000][1][safepoint    ] Total time for which application threads were stopped: 0.0009300 seconds, Stopping threads took: 0.0004470 seconds
[2022-06-13T01:59:57.451+0000][1][safepoint    ] Application time: 1.0001677 seconds
[2022-06-13T01:59:57.452+0000][1][safepoint    ] Entering safepoint region: Cleanup
[2022-06-13T01:59:57.452+0000][1][safepoint    ] Leaving safepoint region
[2022-06-13T01:59:57.452+0000][1][safepoint    ] Total time for which application threads were stopped: 0.0005227 seconds, Stopping threads took: 0.0002159 seconds
[2022-06-13T01:59:58.453+0000][1][safepoint    ] Application time: 1.0002188 seconds
[2022-06-13T01:59:58.453+0000][1][safepoint    ] Entering safepoint region: Cleanup
[2022-06-13T01:59:58.454+0000][1][safepoint    ] Leaving safepoint region
[2022-06-13T01:59:58.454+0000][1][safepoint    ] Total time for which application threads were stopped: 0.0008979 seconds, Stopping threads took: 0.0004353 seconds
[2022-06-13T01:59:59.455+0000][1][safepoint    ] Application time: 1.0001770 seconds
[2022-06-13T01:59:59.455+0000][1][safepoint    ] Entering safepoint region: Cleanup
[2022-06-13T01:59:59.455+0000][1][safepoint    ] Leaving safepoint region
[2022-06-13T01:59:59.456+0000][1][safepoint    ] Total time for which application threads were stopped: 0.0005448 seconds, Stopping threads took: 0.0002209 seconds
[2022-06-13T02:00:00.456+0000][1][safepoint    ] Application time: 1.0002011 seconds
[2022-06-13T02:00:00.456+0000][1][safepoint    ] Entering safepoint region: Cleanup
[2022-06-13T02:00:00.457+0000][1][safepoint    ] Leaving safepoint region
[2022-06-13T02:00:00.457+0000][1][safepoint    ] Total time for which application threads were stopped: 0.0006739 seconds, Stopping threads took: 0.0004069 seconds
[2022-06-13T02:00:01.458+0000][1][safepoint    ] Application time: 1.0001653 seconds
[2022-06-13T02:00:01.458+0000][1][safepoint    ] Entering safepoint region: Cleanup
[2022-06-13T02:00:01.458+0000][1][safepoint    ] Leaving safepoint region
[2022-06-13T02:00:01.458+0000][1][safepoint    ] Total time for which application threads were stopped: 0.0005346 seconds, Stopping threads took: 0.0002496 seconds
[2022-06-13T02:00:02.459+0000][1][safepoint    ] Application time: 1.0001928 seconds
[2022-06-13T02:00:02.459+0000][1][safepoint    ] Entering safepoint region: Cleanup
[2022-06-13T02:00:02.460+0000][1][safepoint    ] Leaving safepoint region
[2022-06-13T02:00:02.461+0000][1][safepoint    ] Total time for which application threads were stopped: 0.0010791 seconds, Stopping threads took: 0.0004632 seconds
[2022-06-13T02:00:03.461+0000][1][safepoint    ] Application time: 1.0001456 seconds
[2022-06-13T02:00:03.462+0000][1][safepoint    ] Entering safepoint region: Cleanup
[2022-06-13T02:00:03.462+0000][1][safepoint    ] Leaving safepoint region
[2022-06-13T02:00:03.463+0000][1][safepoint    ] Total time for which application threads were stopped: 0.0010880 seconds, Stopping threads took: 0.0004751 seconds
[2022-06-13T02:00:04.464+0000][1][safepoint    ] Application time: 1.0002610 seconds
[2022-06-13T02:00:04.464+0000][1][safepoint    ] Entering safepoint region: Cleanup
[2022-06-13T02:00:04.464+0000][1][safepoint    ] Leaving safepoint region
[2022-06-13T02:00:04.465+0000][1][safepoint    ] Total time for which application threads were stopped: 0.0006694 seconds, Stopping threads took: 0.0003124 seconds
[2022-06-13T02:00:05.465+0000][1][safepoint    ] Application time: 1.0002352 seconds
[2022-06-13T02:00:05.466+0000][1][safepoint    ] Entering safepoint region: Cleanup
[2022-06-13T02:00:05.466+0000][1][safepoint    ] Leaving safepoint region
[2022-06-13T02:00:05.467+0000][1][safepoint    ] Total time for which application threads were stopped: 0.0010659 seconds, Stopping threads took: 0.0005780 seconds
[2022-06-13T02:00:06.467+0000][1][safepoint    ] Application time: 1.0002260 seconds
[2022-06-13T02:00:06.468+0000][1][safepoint    ] Entering safepoint region: Cleanup
[2022-06-13T02:00:06.468+0000][1][safepoint    ] Leaving safepoint region
[2022-06-13T02:00:06.469+0000][1][safepoint    ] Total time for which application threads were stopped: 0.0007948 seconds, Stopping threads took: 0.0003641 seconds
[2022-06-13T02:00:07.469+0000][1][safepoint    ] Application time: 1.0001971 seconds
[2022-06-13T02:00:07.470+0000][1][safepoint    ] Entering safepoint region: Cleanup
[2022-06-13T02:00:07.470+0000][1][safepoint    ] Leaving safepoint region
[2022-06-13T02:00:07.470+0000][1][safepoint    ] Total time for which application threads were stopped: 0.0008282 seconds, Stopping threads took: 0.0003940 seconds
[2022-06-13T02:00:08.471+0000][1][safepoint    ] Application time: 1.0001678 seconds
[2022-06-13T02:00:08.471+0000][1][safepoint    ] Entering safepoint region: Cleanup
[2022-06-13T02:00:08.472+0000][1][safepoint    ] Leaving safepoint region
[2022-06-13T02:00:08.472+0000][1][safepoint    ] Total time for which application threads were stopped: 0.0007036 seconds, Stopping threads took: 0.0003715 seconds
[2022-06-13T02:00:09.473+0000][1][safepoint    ] Application time: 1.0001375 seconds
[2022-06-13T02:00:09.473+0000][1][safepoint    ] Entering safepoint region: Cleanup
[2022-06-13T02:00:09.474+0000][1][safepoint    ] Leaving safepoint region
[2022-06-13T02:00:09.474+0000][1][safepoint    ] Total time for which application threads were stopped: 0.0007890 seconds, Stopping threads took: 0.0003651 seconds
[2022-06-13T02:00:10.474+0000][1][safepoint    ] Application time: 1.0003906 seconds
[2022-06-13T02:00:10.475+0000][1][safepoint    ] Entering safepoint region: Cleanup
[2022-06-13T02:00:10.476+0000][1][safepoint    ] Leaving safepoint region
[2022-06-13T02:00:10.476+0000][1][safepoint    ] Total time for which application threads were stopped: 0.0008836 seconds, Stopping threads took: 0.0004655 seconds
[2022-06-13T02:00:11.477+0000][1][safepoint    ] Application time: 1.0001672 seconds
[2022-06-13T02:00:11.477+0000][1][safepoint    ] Entering safepoint region: Cleanup
[2022-06-13T02:00:11.478+0000][1][safepoint    ] Leaving safepoint region
[2022-06-13T02:00:11.478+0000][1][safepoint    ] Total time for which application threads were stopped: 0.0008587 seconds, Stopping threads took: 0.0004229 seconds
[2022-06-13T02:00:12.479+0000][1][safepoint    ] Application time: 1.0003733 seconds
[2022-06-13T02:00:12.480+0000][1][safepoint    ] Entering safepoint region: Cleanup
[2022-06-13T02:00:12.481+0000][1][safepoint    ] Leaving safepoint region
[2022-06-13T02:00:12.481+0000][1][safepoint    ] Total time for which application threads were stopped: 0.0015886 seconds, Stopping threads took: 0.0007165 seconds
[2022-06-13T02:00:13.482+0000][1][safepoint    ] Application time: 1.0002863 seconds
[2022-06-13T02:00:13.483+0000][1][safepoint    ] Entering safepoint region: Cleanup
[2022-06-13T02:00:13.483+0000][1][safepoint    ] Leaving safepoint region
[2022-06-13T02:00:13.484+0000][1][safepoint    ] Total time for which application threads were stopped: 0.0008180 seconds, Stopping threads took: 0.0003966 seconds
[2022-06-13T02:00:14.484+0000][1][safepoint    ] Application time: 1.0002067 seconds
[2022-06-13T02:00:14.484+0000][1][safepoint    ] Entering safepoint region: Cleanup
[2022-06-13T02:00:14.485+0000][1][safepoint    ] Leaving safepoint region
[2022-06-13T02:00:14.485+0000][1][safepoint    ] Total time for which application threads were stopped: 0.0006118 seconds, Stopping threads took: 0.0002620 seconds
[2022-06-13T02:00:15.485+0000][1][safepoint    ] Application time: 1.0002156 seconds
[2022-06-13T02:00:15.486+0000][1][safepoint    ] Entering safepoint region: Cleanup
[2022-06-13T02:00:15.486+0000][1][safepoint    ] Leaving safepoint region
[2022-06-13T02:00:15.487+0000][1][safepoint    ] Total time for which application threads were stopped: 0.0006264 seconds, Stopping threads took: 0.0002900 seconds
[2022-06-13T02:00:16.487+0000][1][safepoint    ] Application time: 1.0001469 seconds
[2022-06-13T02:00:16.487+0000][1][safepoint    ] Entering safepoint region: Cleanup
[2022-06-13T02:00:16.488+0000][1][safepoint    ] Leaving safepoint region
[2022-06-13T02:00:16.488+0000][1][safepoint    ] Total time for which application threads were stopped: 0.0008338 seconds, Stopping threads took: 0.0003851 seconds
[2022-06-13T02:00:17.489+0000][1][safepoint    ] Application time: 1.0001311 seconds
[2022-06-13T02:00:17.489+0000][1][safepoint    ] Entering safepoint region: Cleanup
[2022-06-13T02:00:17.489+0000][1][safepoint    ] Leaving safepoint region
[2022-06-13T02:00:17.489+0000][1][safepoint    ] Total time for which application threads were stopped: 0.0003734 seconds, Stopping threads took: 0.0001603 seconds
[2022-06-13T02:00:18.490+0000][1][safepoint    ] Application time: 1.0002181 seconds
[2022-06-13T02:00:18.490+0000][1][safepoint    ] Entering safepoint region: Cleanup
[2022-06-13T02:00:18.491+0000][1][safepoint    ] Leaving safepoint region
[2022-06-13T02:00:18.491+0000][1][safepoint    ] Total time for which application threads were stopped: 0.0008597 seconds, Stopping threads took: 0.0004961 seconds
[2022-06-13T02:00:23.493+0000][1][safepoint    ] Application time: 5.0010840 seconds
[2022-06-13T02:00:23.493+0000][1][safepoint    ] Entering safepoint region: Cleanup
[2022-06-13T02:00:23.494+0000][1][safepoint    ] Leaving safepoint region
[2022-06-13T02:00:23.494+0000][1][safepoint    ] Total time for which application threads were stopped: 0.0009699 seconds, Stopping threads took: 0.0004374 seconds
[2022-06-13T02:00:25.495+0000][1][safepoint    ] Application time: 2.0004217 seconds
[2022-06-13T02:00:25.496+0000][1][safepoint    ] Entering safepoint region: Cleanup
[2022-06-13T02:00:25.496+0000][1][safepoint    ] Leaving safepoint region
[2022-06-13T02:00:25.496+0000][1][safepoint    ] Total time for which application threads were stopped: 0.0007814 seconds, Stopping threads took: 0.0003575 seconds
[2022-06-13T02:00:26.497+0000][1][safepoint    ] Application time: 1.0001985 seconds
[2022-06-13T02:00:26.497+0000][1][safepoint    ] Entering safepoint region: Cleanup
[2022-06-13T02:00:26.498+0000][1][safepoint    ] Leaving safepoint region
[2022-06-13T02:00:26.498+0000][1][safepoint    ] Total time for which application threads were stopped: 0.0005608 seconds, Stopping threads took: 0.0001910 seconds
[2022-06-13T02:00:27.498+0000][1][safepoint    ] Application time: 1.0002154 seconds
[2022-06-13T02:00:27.499+0000][1][safepoint    ] Entering safepoint region: Cleanup
[2022-06-13T02:00:27.499+0000][1][safepoint    ] Leaving safepoint region
[2022-06-13T02:00:27.500+0000][1][safepoint    ] Total time for which application threads were stopped: 0.0007706 seconds, Stopping threads took: 0.0003317 seconds
[2022-06-13T02:00:28.500+0000][1][safepoint    ] Application time: 1.0003267 seconds
[2022-06-13T02:00:28.501+0000][1][safepoint    ] Entering safepoint region: Cleanup
[2022-06-13T02:00:28.501+0000][1][safepoint    ] Leaving safepoint region
[2022-06-13T02:00:28.502+0000][1][safepoint    ] Total time for which application threads were stopped: 0.0009327 seconds, Stopping threads took: 0.0004206 seconds
[2022-06-13T02:00:29.502+0000][1][safepoint    ] Application time: 1.0001790 seconds
[2022-06-13T02:00:29.503+0000][1][safepoint    ] Entering safepoint region: Cleanup
[2022-06-13T02:00:29.504+0000][1][safepoint    ] Leaving safepoint region
[2022-06-13T02:00:29.504+0000][1][safepoint    ] Total time for which application threads were stopped: 0.0012192 seconds, Stopping threads took: 0.0006368 seconds
[2022-06-13T02:00:30.505+0000][1][safepoint    ] Application time: 1.0003158 seconds
[2022-06-13T02:00:30.506+0000][1][safepoint    ] Entering safepoint region: Cleanup
[2022-06-13T02:00:30.506+0000][1][safepoint    ] Leaving safepoint region
[2022-06-13T02:00:30.507+0000][1][safepoint    ] Total time for which application threads were stopped: 0.0010804 seconds, Stopping threads took: 0.0005219 seconds
[2022-06-13T02:00:31.507+0000][1][safepoint    ] Application time: 1.0003223 seconds
[2022-06-13T02:00:31.508+0000][1][safepoint    ] Entering safepoint region: Cleanup
[2022-06-13T02:00:31.508+0000][1][safepoint    ] Leaving safepoint region
[2022-06-13T02:00:31.508+0000][1][safepoint    ] Total time for which application threads were stopped: 0.0005362 seconds, Stopping threads took: 0.0002804 seconds
[2022-06-13T02:00:32.509+0000][1][safepoint    ] Application time: 1.0004011 seconds
[2022-06-13T02:00:32.510+0000][1][safepoint    ] Entering safepoint region: Cleanup
[2022-06-13T02:00:32.511+0000][1][safepoint    ] Leaving safepoint region
[2022-06-13T02:00:32.511+0000][1][safepoint    ] Total time for which application threads were stopped: 0.0014638 seconds, Stopping threads took: 0.0006978 seconds
[2022-06-13T02:00:33.512+0000][1][safepoint    ] Application time: 1.0002161 seconds
[2022-06-13T02:00:33.513+0000][1][safepoint    ] Entering safepoint region: Cleanup
[2022-06-13T02:00:33.513+0000][1][safepoint    ] Leaving safepoint region
[2022-06-13T02:00:33.513+0000][1][safepoint    ] Total time for which application threads were stopped: 0.0005843 seconds, Stopping threads took: 0.0002721 seconds
[2022-06-13T02:00:34.514+0000][1][safepoint    ] Application time: 1.0002625 seconds
[2022-06-13T02:00:34.514+0000][1][safepoint    ] Entering safepoint region: Cleanup
[2022-06-13T02:00:34.515+0000][1][safepoint    ] Leaving safepoint region
[2022-06-13T02:00:34.515+0000][1][safepoint    ] Total time for which application threads were stopped: 0.0010591 seconds, Stopping threads took: 0.0004852 seconds
[2022-06-13T02:00:35.516+0000][1][safepoint    ] Application time: 1.0002148 seconds
[2022-06-13T02:00:35.516+0000][1][safepoint    ] Entering safepoint region: Cleanup
[2022-06-13T02:00:35.517+0000][1][safepoint    ] Leaving safepoint region
[2022-06-13T02:00:35.517+0000][1][safepoint    ] Total time for which application threads were stopped: 0.0006437 seconds, Stopping threads took: 0.0002549 seconds
[2022-06-13T02:00:36.518+0000][1][safepoint    ] Application time: 1.0002096 seconds
[2022-06-13T02:00:36.518+0000][1][safepoint    ] Entering safepoint region: Cleanup
[2022-06-13T02:00:36.518+0000][1][safepoint    ] Leaving safepoint region
[2022-06-13T02:00:36.518+0000][1][safepoint    ] Total time for which application threads were stopped: 0.0005638 seconds, Stopping threads took: 0.0002966 seconds
[2022-06-13T02:00:37.519+0000][1][safepoint    ] Application time: 1.0002394 seconds
[2022-06-13T02:00:37.519+0000][1][safepoint    ] Entering safepoint region: Cleanup
[2022-06-13T02:00:37.520+0000][1][safepoint    ] Leaving safepoint region
[2022-06-13T02:00:37.520+0000][1][safepoint    ] Total time for which application threads were stopped: 0.0007977 seconds, Stopping threads took: 0.0003805 seconds
[2022-06-13T02:00:38.521+0000][1][safepoint    ] Application time: 1.0002237 seconds
[2022-06-13T02:00:38.521+0000][1][safepoint    ] Entering safepoint region: Cleanup
[2022-06-13T02:00:38.522+0000][1][safepoint    ] Leaving safepoint region
[2022-06-13T02:00:38.522+0000][1][safepoint    ] Total time for which application threads were stopped: 0.0008474 seconds, Stopping threads took: 0.0004054 seconds
[2022-06-13T02:00:39.419+0000][1][safepoint    ] Application time: 0.8964048 seconds
[2022-06-13T02:00:39.419+0000][1][safepoint    ] Entering safepoint region: GenCollectForAllocation
[2022-06-13T02:00:39.419+0000][1][gc,start     ] GC(25) Pause Young (Allocation Failure)
[2022-06-13T02:00:39.420+0000][1][gc,task      ] GC(25) Using 5 workers of 13 for evacuation
[2022-06-13T02:00:39.421+0000][1][gc,age       ] GC(25) Desired survivor size 4456448 bytes, new threshold 6 (max threshold 6)
[2022-06-13T02:00:39.422+0000][1][gc,age       ] GC(25) Age table with threshold 6 (max threshold 6)
[2022-06-13T02:00:39.422+0000][1][gc,age       ] GC(25) - age   1:      33064 bytes,      33064 total
[2022-06-13T02:00:39.422+0000][1][gc,age       ] GC(25) - age   2:      31576 bytes,      64640 total
[2022-06-13T02:00:39.423+0000][1][gc,age       ] GC(25) - age   3:      47320 bytes,     111960 total
[2022-06-13T02:00:39.423+0000][1][gc,age       ] GC(25) - age   4:    1385272 bytes,    1497232 total
[2022-06-13T02:00:39.424+0000][1][gc,heap      ] GC(25) ParNew: 72222K->2381K(78656K)
[2022-06-13T02:00:39.424+0000][1][gc,heap      ] GC(25) CMS: 68092K->68092K(174784K)
[2022-06-13T02:00:39.424+0000][1][gc,metaspace ] GC(25) Metaspace: 65198K->65198K(1110016K)
[2022-06-13T02:00:39.425+0000][1][gc           ] GC(25) Pause Young (Allocation Failure) 137M->68M(247M) 5.468ms
[2022-06-13T02:00:39.425+0000][1][gc,cpu       ] GC(25) User=0.00s Sys=0.00s Real=0.00s
[2022-06-13T02:00:39.426+0000][1][safepoint    ] Leaving safepoint region
[2022-06-13T02:00:39.426+0000][1][safepoint    ] Total time for which application threads were stopped: 0.0071524 seconds, Stopping threads took: 0.0002643 seconds
[2022-06-13T02:00:40.427+0000][1][safepoint    ] Application time: 1.0002026 seconds
[2022-06-13T02:00:40.427+0000][1][safepoint    ] Entering safepoint region: Cleanup
[2022-06-13T02:00:40.428+0000][1][safepoint    ] Leaving safepoint region
[2022-06-13T02:00:40.429+0000][1][safepoint    ] Total time for which application threads were stopped: 0.0013656 seconds, Stopping threads took: 0.0007038 seconds
[2022-06-13T02:00:41.430+0000][1][safepoint    ] Application time: 1.0003248 seconds
[2022-06-13T02:00:41.430+0000][1][safepoint    ] Entering safepoint region: Cleanup
[2022-06-13T02:00:41.431+0000][1][safepoint    ] Leaving safepoint region
[2022-06-13T02:00:41.431+0000][1][safepoint    ] Total time for which application threads were stopped: 0.0008900 seconds, Stopping threads took: 0.0005021 seconds
[2022-06-13T02:00:42.432+0000][1][safepoint    ] Application time: 1.0003619 seconds
[2022-06-13T02:00:42.432+0000][1][safepoint    ] Entering safepoint region: Cleanup
[2022-06-13T02:00:42.433+0000][1][safepoint    ] Leaving safepoint region
[2022-06-13T02:00:42.433+0000][1][safepoint    ] Total time for which application threads were stopped: 0.0010485 seconds, Stopping threads took: 0.0004388 seconds
[2022-06-13T02:00:43.434+0000][1][safepoint    ] Application time: 1.0001199 seconds
[2022-06-13T02:00:43.435+0000][1][safepoint    ] Entering safepoint region: Cleanup
[2022-06-13T02:00:43.435+0000][1][safepoint    ] Leaving safepoint region
[2022-06-13T02:00:43.435+0000][1][safepoint    ] Total time for which application threads were stopped: 0.0006855 seconds, Stopping threads took: 0.0002882 seconds
[2022-06-13T02:00:44.436+0000][1][safepoint    ] Application time: 1.0002348 seconds
[2022-06-13T02:00:44.436+0000][1][safepoint    ] Entering safepoint region: Cleanup
[2022-06-13T02:00:44.437+0000][1][safepoint    ] Leaving safepoint region
[2022-06-13T02:00:44.437+0000][1][safepoint    ] Total time for which application threads were stopped: 0.0007289 seconds, Stopping threads took: 0.0003921 seconds
[2022-06-13T02:00:45.437+0000][1][safepoint    ] Application time: 1.0001528 seconds
[2022-06-13T02:00:45.438+0000][1][safepoint    ] Entering safepoint region: Cleanup
[2022-06-13T02:00:45.438+0000][1][safepoint    ] Leaving safepoint region
[2022-06-13T02:00:45.438+0000][1][safepoint    ] Total time for which application threads were stopped: 0.0006928 seconds, Stopping threads took: 0.0003243 seconds
[2022-06-13T02:00:46.439+0000][1][safepoint    ] Application time: 1.0002070 seconds
[2022-06-13T02:00:46.439+0000][1][safepoint    ] Entering safepoint region: Cleanup
[2022-06-13T02:00:46.440+0000][1][safepoint    ] Leaving safepoint region
[2022-06-13T02:00:46.440+0000][1][safepoint    ] Total time for which application threads were stopped: 0.0008974 seconds, Stopping threads took: 0.0004079 seconds
[2022-06-13T02:00:47.441+0000][1][safepoint    ] Application time: 1.0002573 seconds
[2022-06-13T02:00:47.441+0000][1][safepoint    ] Entering safepoint region: Cleanup
[2022-06-13T02:00:47.442+0000][1][safepoint    ] Leaving safepoint region
[2022-06-13T02:00:47.442+0000][1][safepoint    ] Total time for which application threads were stopped: 0.0007750 seconds, Stopping threads took: 0.0003536 seconds
[2022-06-13T02:00:48.443+0000][1][safepoint    ] Application time: 1.0002225 seconds
[2022-06-13T02:00:48.443+0000][1][safepoint    ] Entering safepoint region: Cleanup
[2022-06-13T02:00:48.443+0000][1][safepoint    ] Leaving safepoint region
[2022-06-13T02:00:48.444+0000][1][safepoint    ] Total time for which application threads were stopped: 0.0008671 seconds, Stopping threads took: 0.0003111 seconds
[2022-06-13T02:00:49.444+0000][1][safepoint    ] Application time: 1.0001638 seconds
[2022-06-13T02:00:49.445+0000][1][safepoint    ] Entering safepoint region: Cleanup
[2022-06-13T02:00:49.445+0000][1][safepoint    ] Leaving safepoint region
[2022-06-13T02:00:49.446+0000][1][safepoint    ] Total time for which application threads were stopped: 0.0009264 seconds, Stopping threads took: 0.0003761 seconds
[2022-06-13T02:00:50.446+0000][1][safepoint    ] Application time: 1.0001975 seconds
[2022-06-13T02:00:50.447+0000][1][safepoint    ] Entering safepoint region: Cleanup
[2022-06-13T02:00:50.447+0000][1][safepoint    ] Leaving safepoint region
[2022-06-13T02:00:50.447+0000][1][safepoint    ] Total time for which application threads were stopped: 0.0007126 seconds, Stopping threads took: 0.0003821 seconds
[2022-06-13T02:00:51.448+0000][1][safepoint    ] Application time: 1.0001498 seconds
[2022-06-13T02:00:51.449+0000][1][safepoint    ] Entering safepoint region: Cleanup
[2022-06-13T02:00:51.449+0000][1][safepoint    ] Leaving safepoint region
[2022-06-13T02:00:51.450+0000][1][safepoint    ] Total time for which application threads were stopped: 0.0012995 seconds, Stopping threads took: 0.0006107 seconds
[2022-06-13T02:00:52.451+0000][1][safepoint    ] Application time: 1.0002394 seconds
[2022-06-13T02:00:52.451+0000][1][safepoint    ] Entering safepoint region: Cleanup
[2022-06-13T02:00:52.452+0000][1][safepoint    ] Leaving safepoint region
[2022-06-13T02:00:52.452+0000][1][safepoint    ] Total time for which application threads were stopped: 0.0007921 seconds, Stopping threads took: 0.0003967 seconds
[2022-06-13T02:00:53.453+0000][1][safepoint    ] Application time: 1.0001555 seconds
[2022-06-13T02:00:53.453+0000][1][safepoint    ] Entering safepoint region: Cleanup
[2022-06-13T02:00:53.454+0000][1][safepoint    ] Leaving safepoint region
[2022-06-13T02:00:53.455+0000][1][safepoint    ] Total time for which application threads were stopped: 0.0011954 seconds, Stopping threads took: 0.0006316 seconds
[2022-06-13T02:00:54.455+0000][1][safepoint    ] Application time: 1.0001701 seconds
[2022-06-13T02:00:54.456+0000][1][safepoint    ] Entering safepoint region: Cleanup
[2022-06-13T02:00:54.456+0000][1][safepoint    ] Leaving safepoint region
[2022-06-13T02:00:54.456+0000][1][safepoint    ] Total time for which application threads were stopped: 0.0006268 seconds, Stopping threads took: 0.0002882 seconds
[2022-06-13T02:00:55.457+0000][1][safepoint    ] Application time: 1.0001654 seconds
[2022-06-13T02:00:55.457+0000][1][safepoint    ] Entering safepoint region: Cleanup
[2022-06-13T02:00:55.457+0000][1][safepoint    ] Leaving safepoint region
[2022-06-13T02:00:55.458+0000][1][safepoint    ] Total time for which application threads were stopped: 0.0005375 seconds, Stopping threads took: 0.0001918 seconds
[2022-06-13T02:00:56.458+0000][1][safepoint    ] Application time: 1.0003139 seconds
[2022-06-13T02:00:56.459+0000][1][safepoint    ] Entering safepoint region: Cleanup
[2022-06-13T02:00:56.460+0000][1][safepoint    ] Leaving safepoint region
[2022-06-13T02:00:56.460+0000][1][safepoint    ] Total time for which application threads were stopped: 0.0013896 seconds, Stopping threads took: 0.0005906 seconds
[2022-06-13T02:00:57.461+0000][1][safepoint    ] Application time: 1.0001926 seconds
[2022-06-13T02:00:57.462+0000][1][safepoint    ] Entering safepoint region: Cleanup
[2022-06-13T02:00:57.462+0000][1][safepoint    ] Leaving safepoint region
[2022-06-13T02:00:57.462+0000][1][safepoint    ] Total time for which application threads were stopped: 0.0005424 seconds, Stopping threads took: 0.0003149 seconds
[2022-06-13T02:00:58.463+0000][1][safepoint    ] Application time: 1.0002341 seconds
[2022-06-13T02:00:58.463+0000][1][safepoint    ] Entering safepoint region: Cleanup
[2022-06-13T02:00:58.463+0000][1][safepoint    ] Leaving safepoint region
[2022-06-13T02:00:58.464+0000][1][safepoint    ] Total time for which application threads were stopped: 0.0006751 seconds, Stopping threads took: 0.0003102 seconds
[2022-06-13T02:00:59.464+0000][1][safepoint    ] Application time: 1.0001377 seconds
[2022-06-13T02:00:59.465+0000][1][safepoint    ] Entering safepoint region: Cleanup
[2022-06-13T02:00:59.465+0000][1][safepoint    ] Leaving safepoint region
[2022-06-13T02:00:59.466+0000][1][safepoint    ] Total time for which application threads were stopped: 0.0011886 seconds, Stopping threads took: 0.0005376 seconds
[2022-06-13T02:01:00.466+0000][1][safepoint    ] Application time: 1.0001067 seconds
[2022-06-13T02:01:00.467+0000][1][safepoint    ] Entering safepoint region: Cleanup
[2022-06-13T02:01:00.467+0000][1][safepoint    ] Leaving safepoint region
[2022-06-13T02:01:00.467+0000][1][safepoint    ] Total time for which application threads were stopped: 0.0005605 seconds, Stopping threads took: 0.0002986 seconds
[2022-06-13T02:01:01.468+0000][1][safepoint    ] Application time: 1.0001754 seconds
[2022-06-13T02:01:01.468+0000][1][safepoint    ] Entering safepoint region: Cleanup
[2022-06-13T02:01:01.468+0000][1][safepoint    ] Leaving safepoint region
[2022-06-13T02:01:01.469+0000][1][safepoint    ] Total time for which application threads were stopped: 0.0005535 seconds, Stopping threads took: 0.0002267 seconds
[2022-06-13T02:01:02.469+0000][1][safepoint    ] Application time: 1.0001312 seconds
[2022-06-13T02:01:02.470+0000][1][safepoint    ] Entering safepoint region: Cleanup
[2022-06-13T02:01:02.470+0000][1][safepoint    ] Leaving safepoint region
[2022-06-13T02:01:02.470+0000][1][safepoint    ] Total time for which application threads were stopped: 0.0007827 seconds, Stopping threads took: 0.0002951 seconds
[2022-06-13T02:01:03.471+0000][1][safepoint    ] Application time: 1.0003307 seconds
[2022-06-13T02:01:03.472+0000][1][safepoint    ] Entering safepoint region: Cleanup
[2022-06-13T02:01:03.472+0000][1][safepoint    ] Leaving safepoint region
[2022-06-13T02:01:03.473+0000][1][safepoint    ] Total time for which application threads were stopped: 0.0011839 seconds, Stopping threads took: 0.0005113 seconds
[2022-06-13T02:01:04.474+0000][1][safepoint    ] Application time: 1.0001311 seconds
[2022-06-13T02:01:04.474+0000][1][safepoint    ] Entering safepoint region: Cleanup
[2022-06-13T02:01:04.474+0000][1][safepoint    ] Leaving safepoint region
[2022-06-13T02:01:04.475+0000][1][safepoint    ] Total time for which application threads were stopped: 0.0007176 seconds, Stopping threads took: 0.0002274 seconds
[2022-06-13T02:01:05.475+0000][1][safepoint    ] Application time: 1.0002706 seconds
[2022-06-13T02:01:05.476+0000][1][safepoint    ] Entering safepoint region: Cleanup
[2022-06-13T02:01:05.476+0000][1][safepoint    ] Leaving safepoint region
[2022-06-13T02:01:05.477+0000][1][safepoint    ] Total time for which application threads were stopped: 0.0007150 seconds, Stopping threads took: 0.0003251 seconds
[2022-06-13T02:01:06.477+0000][1][safepoint    ] Application time: 1.0003754 seconds
[2022-06-13T02:01:06.478+0000][1][safepoint    ] Entering safepoint region: Cleanup
[2022-06-13T02:01:06.479+0000][1][safepoint    ] Leaving safepoint region
[2022-06-13T02:01:06.479+0000][1][safepoint    ] Total time for which application threads were stopped: 0.0012408 seconds, Stopping threads took: 0.0006552 seconds
[2022-06-13T02:01:07.480+0000][1][safepoint    ] Application time: 1.0002113 seconds
[2022-06-13T02:01:07.481+0000][1][safepoint    ] Entering safepoint region: Cleanup
[2022-06-13T02:01:07.482+0000][1][safepoint    ] Leaving safepoint region
[2022-06-13T02:01:07.482+0000][1][safepoint    ] Total time for which application threads were stopped: 0.0014143 seconds, Stopping threads took: 0.0006780 seconds
[2022-06-13T02:01:08.483+0000][1][safepoint    ] Application time: 1.0002400 seconds
[2022-06-13T02:01:08.484+0000][1][safepoint    ] Entering safepoint region: Cleanup
[2022-06-13T02:01:08.484+0000][1][safepoint    ] Leaving safepoint region
[2022-06-13T02:01:08.484+0000][1][safepoint    ] Total time for which application threads were stopped: 0.0006049 seconds, Stopping threads took: 0.0002416 seconds
[2022-06-13T02:01:09.485+0000][1][safepoint    ] Application time: 1.0002416 seconds
[2022-06-13T02:01:09.485+0000][1][safepoint    ] Entering safepoint region: Cleanup
[2022-06-13T02:01:09.486+0000][1][safepoint    ] Leaving safepoint region
[2022-06-13T02:01:09.486+0000][1][safepoint    ] Total time for which application threads were stopped: 0.0008588 seconds, Stopping threads took: 0.0003761 seconds
[2022-06-13T02:01:10.487+0000][1][safepoint    ] Application time: 1.0002886 seconds
[2022-06-13T02:01:10.487+0000][1][safepoint    ] Entering safepoint region: Cleanup
[2022-06-13T02:01:10.487+0000][1][safepoint    ] Leaving safepoint region
[2022-06-13T02:01:10.487+0000][1][safepoint    ] Total time for which application threads were stopped: 0.0004554 seconds, Stopping threads took: 0.0001837 seconds
[2022-06-13T02:01:11.488+0000][1][safepoint    ] Application time: 1.0002028 seconds
[2022-06-13T02:01:11.488+0000][1][safepoint    ] Entering safepoint region: Cleanup
[2022-06-13T02:01:11.489+0000][1][safepoint    ] Leaving safepoint region
[2022-06-13T02:01:11.489+0000][1][safepoint    ] Total time for which application threads were stopped: 0.0008595 seconds, Stopping threads took: 0.0003741 seconds
[2022-06-13T02:01:12.490+0000][1][safepoint    ] Application time: 1.0002798 seconds
[2022-06-13T02:01:12.491+0000][1][safepoint    ] Entering safepoint region: Cleanup
[2022-06-13T02:01:12.491+0000][1][safepoint    ] Leaving safepoint region
[2022-06-13T02:01:12.491+0000][1][safepoint    ] Total time for which application threads were stopped: 0.0008349 seconds, Stopping threads took: 0.0004087 seconds
[2022-06-13T02:01:13.492+0000][1][safepoint    ] Application time: 1.0001910 seconds
[2022-06-13T02:01:13.492+0000][1][safepoint    ] Entering safepoint region: Cleanup
[2022-06-13T02:01:13.492+0000][1][safepoint    ] Leaving safepoint region
[2022-06-13T02:01:13.493+0000][1][safepoint    ] Total time for which application threads were stopped: 0.0003538 seconds, Stopping threads took: 0.0001610 seconds
[2022-06-13T02:01:14.493+0000][1][safepoint    ] Application time: 1.0002486 seconds
[2022-06-13T02:01:14.501+0000][1][safepoint    ] Entering safepoint region: Cleanup
[2022-06-13T02:01:14.502+0000][1][safepoint    ] Leaving safepoint region
[2022-06-13T02:01:14.503+0000][1][safepoint    ] Total time for which application threads were stopped: 0.0014974 seconds, Stopping threads took: 0.0007497 seconds
[2022-06-13T02:01:15.503+0000][1][safepoint    ] Application time: 1.0002036 seconds
[2022-06-13T02:01:15.504+0000][1][safepoint    ] Entering safepoint region: Cleanup
[2022-06-13T02:01:15.504+0000][1][safepoint    ] Leaving safepoint region
[2022-06-13T02:01:15.505+0000][1][safepoint    ] Total time for which application threads were stopped: 0.0007708 seconds, Stopping threads took: 0.0003743 seconds
[2022-06-13T02:01:16.505+0000][1][safepoint    ] Application time: 1.0002106 seconds
[2022-06-13T02:01:16.506+0000][1][safepoint    ] Entering safepoint region: Cleanup
[2022-06-13T02:01:16.506+0000][1][safepoint    ] Leaving safepoint region
[2022-06-13T02:01:16.506+0000][1][safepoint    ] Total time for which application threads were stopped: 0.0006970 seconds, Stopping threads took: 0.0003500 seconds
[2022-06-13T02:01:17.507+0000][1][safepoint    ] Application time: 1.0002568 seconds
[2022-06-13T02:01:17.508+0000][1][safepoint    ] Entering safepoint region: Cleanup
[2022-06-13T02:01:17.508+0000][1][safepoint    ] Leaving safepoint region
[2022-06-13T02:01:17.509+0000][1][safepoint    ] Total time for which application threads were stopped: 0.0013078 seconds, Stopping threads took: 0.0006470 seconds
[2022-06-13T02:01:18.510+0000][1][safepoint    ] Application time: 1.0003649 seconds
[2022-06-13T02:01:18.511+0000][1][safepoint    ] Entering safepoint region: Cleanup
[2022-06-13T02:01:18.511+0000][1][safepoint    ] Leaving safepoint region
[2022-06-13T02:01:18.512+0000][1][safepoint    ] Total time for which application threads were stopped: 0.0012852 seconds, Stopping threads took: 0.0004989 seconds
[2022-06-13T02:01:19.513+0000][1][safepoint    ] Application time: 1.0001861 seconds
[2022-06-13T02:01:19.513+0000][1][safepoint    ] Entering safepoint region: Cleanup
[2022-06-13T02:01:19.514+0000][1][safepoint    ] Leaving safepoint region
[2022-06-13T02:01:19.514+0000][1][safepoint    ] Total time for which application threads were stopped: 0.0008708 seconds, Stopping threads took: 0.0004053 seconds
[2022-06-13T02:01:20.515+0000][1][safepoint    ] Application time: 1.0001762 seconds
[2022-06-13T02:01:20.515+0000][1][safepoint    ] Entering safepoint region: Cleanup
[2022-06-13T02:01:20.515+0000][1][safepoint    ] Leaving safepoint region
[2022-06-13T02:01:20.516+0000][1][safepoint    ] Total time for which application threads were stopped: 0.0005770 seconds, Stopping threads took: 0.0002592 seconds
[2022-06-13T02:01:21.516+0000][1][safepoint    ] Application time: 1.0003453 seconds
[2022-06-13T02:01:21.517+0000][1][safepoint    ] Entering safepoint region: Cleanup
[2022-06-13T02:01:21.518+0000][1][safepoint    ] Leaving safepoint region
[2022-06-13T02:01:21.518+0000][1][safepoint    ] Total time for which application threads were stopped: 0.0013860 seconds, Stopping threads took: 0.0007004 seconds
[2022-06-13T02:01:22.519+0000][1][safepoint    ] Application time: 1.0002004 seconds
[2022-06-13T02:01:22.519+0000][1][safepoint    ] Entering safepoint region: Cleanup
[2022-06-13T02:01:22.520+0000][1][safepoint    ] Leaving safepoint region
[2022-06-13T02:01:22.520+0000][1][safepoint    ] Total time for which application threads were stopped: 0.0008374 seconds, Stopping threads took: 0.0003729 seconds
[2022-06-13T02:01:23.521+0000][1][safepoint    ] Application time: 1.0001739 seconds
[2022-06-13T02:01:23.521+0000][1][safepoint    ] Entering safepoint region: Cleanup
[2022-06-13T02:01:23.522+0000][1][safepoint    ] Leaving safepoint region
[2022-06-13T02:01:23.522+0000][1][safepoint    ] Total time for which application threads were stopped: 0.0005970 seconds, Stopping threads took: 0.0002446 seconds
[2022-06-13T02:01:24.522+0000][1][safepoint    ] Application time: 1.0001162 seconds
[2022-06-13T02:01:24.523+0000][1][safepoint    ] Entering safepoint region: Cleanup
[2022-06-13T02:01:24.523+0000][1][safepoint    ] Leaving safepoint region
[2022-06-13T02:01:24.523+0000][1][safepoint    ] Total time for which application threads were stopped: 0.0007071 seconds, Stopping threads took: 0.0003267 seconds
[2022-06-13T02:01:25.524+0000][1][safepoint    ] Application time: 1.0001928 seconds
[2022-06-13T02:01:25.524+0000][1][safepoint    ] Entering safepoint region: Cleanup
[2022-06-13T02:01:25.525+0000][1][safepoint    ] Leaving safepoint region
[2022-06-13T02:01:25.525+0000][1][safepoint    ] Total time for which application threads were stopped: 0.0008224 seconds, Stopping threads took: 0.0003571 seconds
[2022-06-13T02:01:26.526+0000][1][safepoint    ] Application time: 1.0002141 seconds
[2022-06-13T02:01:26.526+0000][1][safepoint    ] Entering safepoint region: Cleanup
[2022-06-13T02:01:26.527+0000][1][safepoint    ] Leaving safepoint region
[2022-06-13T02:01:26.527+0000][1][safepoint    ] Total time for which application threads were stopped: 0.0006780 seconds, Stopping threads took: 0.0003227 seconds
[2022-06-13T02:01:27.528+0000][1][safepoint    ] Application time: 1.0002453 seconds
[2022-06-13T02:01:27.528+0000][1][safepoint    ] Entering safepoint region: Cleanup
[2022-06-13T02:01:27.529+0000][1][safepoint    ] Leaving safepoint region
[2022-06-13T02:01:27.529+0000][1][safepoint    ] Total time for which application threads were stopped: 0.0008469 seconds, Stopping threads took: 0.0003996 seconds
[2022-06-13T02:01:28.530+0000][1][safepoint    ] Application time: 1.0002185 seconds
[2022-06-13T02:01:28.530+0000][1][safepoint    ] Entering safepoint region: Cleanup
[2022-06-13T02:01:28.530+0000][1][safepoint    ] Leaving safepoint region
[2022-06-13T02:01:28.530+0000][1][safepoint    ] Total time for which application threads were stopped: 0.0005559 seconds, Stopping threads took: 0.0002260 seconds
[2022-06-13T02:01:29.531+0000][1][safepoint    ] Application time: 1.0001117 seconds
[2022-06-13T02:01:29.531+0000][1][safepoint    ] Entering safepoint region: Cleanup
[2022-06-13T02:01:29.532+0000][1][safepoint    ] Leaving safepoint region
[2022-06-13T02:01:29.532+0000][1][safepoint    ] Total time for which application threads were stopped: 0.0008356 seconds, Stopping threads took: 0.0004118 seconds
[2022-06-13T02:01:30.533+0000][1][safepoint    ] Application time: 1.0001997 seconds
[2022-06-13T02:01:30.533+0000][1][safepoint    ] Entering safepoint region: Cleanup
[2022-06-13T02:01:30.534+0000][1][safepoint    ] Leaving safepoint region
[2022-06-13T02:01:30.534+0000][1][safepoint    ] Total time for which application threads were stopped: 0.0009265 seconds, Stopping threads took: 0.0004247 seconds
[2022-06-13T02:01:31.535+0000][1][safepoint    ] Application time: 1.0002303 seconds
[2022-06-13T02:01:31.535+0000][1][safepoint    ] Entering safepoint region: Cleanup
[2022-06-13T02:01:31.536+0000][1][safepoint    ] Leaving safepoint region
[2022-06-13T02:01:31.537+0000][1][safepoint    ] Total time for which application threads were stopped: 0.0012131 seconds, Stopping threads took: 0.0005550 seconds
[2022-06-13T02:01:32.537+0000][1][safepoint    ] Application time: 1.0002204 seconds
[2022-06-13T02:01:32.538+0000][1][safepoint    ] Entering safepoint region: Cleanup
[2022-06-13T02:01:32.539+0000][1][safepoint    ] Leaving safepoint region
[2022-06-13T02:01:32.539+0000][1][safepoint    ] Total time for which application threads were stopped: 0.0005607 seconds, Stopping threads took: 0.0003252 seconds
[2022-06-13T02:01:33.539+0000][1][safepoint    ] Application time: 1.0002334 seconds
[2022-06-13T02:01:33.540+0000][1][safepoint    ] Entering safepoint region: Cleanup
[2022-06-13T02:01:33.540+0000][1][safepoint    ] Leaving safepoint region
[2022-06-13T02:01:33.541+0000][1][safepoint    ] Total time for which application threads were stopped: 0.0009326 seconds, Stopping threads took: 0.0004294 seconds
[2022-06-13T02:01:35.467+0000][1][safepoint    ] Application time: 1.9263431 seconds
[2022-06-13T02:01:35.468+0000][1][safepoint    ] Entering safepoint region: Cleanup
[2022-06-13T02:01:35.468+0000][1][safepoint    ] Leaving safepoint region
[2022-06-13T02:01:35.469+0000][1][safepoint    ] Total time for which application threads were stopped: 0.0008142 seconds, Stopping threads took: 0.0004538 seconds
[2022-06-13T02:01:36.469+0000][1][safepoint    ] Application time: 1.0002877 seconds
[2022-06-13T02:01:36.470+0000][1][safepoint    ] Entering safepoint region: Cleanup
[2022-06-13T02:01:36.470+0000][1][safepoint    ] Leaving safepoint region
[2022-06-13T02:01:36.471+0000][1][safepoint    ] Total time for which application threads were stopped: 0.0010078 seconds, Stopping threads took: 0.0004082 seconds
[2022-06-13T02:01:37.472+0000][1][safepoint    ] Application time: 1.0001830 seconds
[2022-06-13T02:01:37.472+0000][1][safepoint    ] Entering safepoint region: Cleanup
[2022-06-13T02:01:37.473+0000][1][safepoint    ] Leaving safepoint region
[2022-06-13T02:01:37.473+0000][1][safepoint    ] Total time for which application threads were stopped: 0.0006795 seconds, Stopping threads took: 0.0004188 seconds
[2022-06-13T02:01:38.473+0000][1][safepoint    ] Application time: 1.0001184 seconds
[2022-06-13T02:01:38.474+0000][1][safepoint    ] Entering safepoint region: Cleanup
[2022-06-13T02:01:38.474+0000][1][safepoint    ] Leaving safepoint region
[2022-06-13T02:01:38.474+0000][1][safepoint    ] Total time for which application threads were stopped: 0.0004687 seconds, Stopping threads took: 0.0001200 seconds
[2022-06-13T02:01:39.475+0000][1][safepoint    ] Application time: 1.0001017 seconds
[2022-06-13T02:01:39.475+0000][1][safepoint    ] Entering safepoint region: Cleanup
[2022-06-13T02:01:39.475+0000][1][safepoint    ] Leaving safepoint region
[2022-06-13T02:01:39.476+0000][1][safepoint    ] Total time for which application threads were stopped: 0.0010388 seconds, Stopping threads took: 0.0005302 seconds
[2022-06-13T02:01:40.476+0000][1][safepoint    ] Application time: 1.0001256 seconds
[2022-06-13T02:01:40.477+0000][1][safepoint    ] Entering safepoint region: Cleanup
[2022-06-13T02:01:40.477+0000][1][safepoint    ] Leaving safepoint region
[2022-06-13T02:01:40.477+0000][1][safepoint    ] Total time for which application threads were stopped: 0.0006325 seconds, Stopping threads took: 0.0003100 seconds
[2022-06-13T02:01:41.478+0000][1][safepoint    ] Application time: 1.0001925 seconds
[2022-06-13T02:01:41.478+0000][1][safepoint    ] Entering safepoint region: Cleanup
[2022-06-13T02:01:41.479+0000][1][safepoint    ] Leaving safepoint region
[2022-06-13T02:01:41.480+0000][1][safepoint    ] Total time for which application threads were stopped: 0.0012622 seconds, Stopping threads took: 0.0007157 seconds
[2022-06-13T02:01:42.480+0000][1][safepoint    ] Application time: 1.0001505 seconds
[2022-06-13T02:01:42.481+0000][1][safepoint    ] Entering safepoint region: Cleanup
[2022-06-13T02:01:42.482+0000][1][safepoint    ] Leaving safepoint region
[2022-06-13T02:01:42.482+0000][1][safepoint    ] Total time for which application threads were stopped: 0.0012823 seconds, Stopping threads took: 0.0006221 seconds
[2022-06-13T02:01:43.483+0000][1][safepoint    ] Application time: 1.0002493 seconds
[2022-06-13T02:01:43.483+0000][1][safepoint    ] Entering safepoint region: Cleanup
[2022-06-13T02:01:43.484+0000][1][safepoint    ] Leaving safepoint region
[2022-06-13T02:01:43.484+0000][1][safepoint    ] Total time for which application threads were stopped: 0.0005770 seconds, Stopping threads took: 0.0003007 seconds
[2022-06-13T02:01:44.484+0000][1][safepoint    ] Application time: 1.0001686 seconds
[2022-06-13T02:01:44.485+0000][1][safepoint    ] Entering safepoint region: Cleanup
[2022-06-13T02:01:44.485+0000][1][safepoint    ] Leaving safepoint region
[2022-06-13T02:01:44.486+0000][1][safepoint    ] Total time for which application threads were stopped: 0.0007511 seconds, Stopping threads took: 0.0004266 seconds
[2022-06-13T02:01:45.486+0000][1][safepoint    ] Application time: 1.0001009 seconds
[2022-06-13T02:01:45.486+0000][1][safepoint    ] Entering safepoint region: Cleanup
[2022-06-13T02:01:45.487+0000][1][safepoint    ] Leaving safepoint region
[2022-06-13T02:01:45.487+0000][1][safepoint    ] Total time for which application threads were stopped: 0.0009088 seconds, Stopping threads took: 0.0004485 seconds
[2022-06-13T02:01:46.488+0000][1][safepoint    ] Application time: 1.0001505 seconds
[2022-06-13T02:01:46.488+0000][1][safepoint    ] Entering safepoint region: Cleanup
[2022-06-13T02:01:46.489+0000][1][safepoint    ] Leaving safepoint region
[2022-06-13T02:01:46.489+0000][1][safepoint    ] Total time for which application threads were stopped: 0.0006084 seconds, Stopping threads took: 0.0002419 seconds
[2022-06-13T02:01:47.489+0000][1][safepoint    ] Application time: 1.0001818 seconds
[2022-06-13T02:01:47.490+0000][1][safepoint    ] Entering safepoint region: Cleanup
[2022-06-13T02:01:47.490+0000][1][safepoint    ] Leaving safepoint region
[2022-06-13T02:01:47.490+0000][1][safepoint    ] Total time for which application threads were stopped: 0.0005793 seconds, Stopping threads took: 0.0002365 seconds
[2022-06-13T02:01:48.491+0000][1][safepoint    ] Application time: 1.0002094 seconds
[2022-06-13T02:01:48.491+0000][1][safepoint    ] Entering safepoint region: Cleanup
[2022-06-13T02:01:48.492+0000][1][safepoint    ] Leaving safepoint region
[2022-06-13T02:01:48.492+0000][1][safepoint    ] Total time for which application threads were stopped: 0.0006653 seconds, Stopping threads took: 0.0002972 seconds
[2022-06-13T02:01:49.492+0000][1][safepoint    ] Application time: 1.0001121 seconds
[2022-06-13T02:01:49.493+0000][1][safepoint    ] Entering safepoint region: Cleanup
[2022-06-13T02:01:49.493+0000][1][safepoint    ] Leaving safepoint region
[2022-06-13T02:01:49.493+0000][1][safepoint    ] Total time for which application threads were stopped: 0.0005260 seconds, Stopping threads took: 0.0001819 seconds
[2022-06-13T02:01:50.493+0000][1][safepoint    ] Application time: 1.0002331 seconds
[2022-06-13T02:01:50.494+0000][1][safepoint    ] Entering safepoint region: Cleanup
[2022-06-13T02:01:50.494+0000][1][safepoint    ] Leaving safepoint region
[2022-06-13T02:01:50.495+0000][1][safepoint    ] Total time for which application threads were stopped: 0.0008155 seconds, Stopping threads took: 0.0003608 seconds
[2022-06-13T02:01:51.495+0000][1][safepoint    ] Application time: 1.0001974 seconds
[2022-06-13T02:01:51.496+0000][1][safepoint    ] Entering safepoint region: Cleanup
[2022-06-13T02:01:51.496+0000][1][safepoint    ] Leaving safepoint region
[2022-06-13T02:01:51.497+0000][1][safepoint    ] Total time for which application threads were stopped: 0.0007707 seconds, Stopping threads took: 0.0003516 seconds
[2022-06-13T02:01:52.497+0000][1][safepoint    ] Application time: 1.0001660 seconds
[2022-06-13T02:01:52.498+0000][1][safepoint    ] Entering safepoint region: Cleanup
[2022-06-13T02:01:52.498+0000][1][safepoint    ] Leaving safepoint region
[2022-06-13T02:01:52.498+0000][1][safepoint    ] Total time for which application threads were stopped: 0.0005551 seconds, Stopping threads took: 0.0003093 seconds
[2022-06-13T02:01:53.498+0000][1][safepoint    ] Application time: 1.0001596 seconds
[2022-06-13T02:01:53.499+0000][1][safepoint    ] Entering safepoint region: Cleanup
[2022-06-13T02:01:53.500+0000][1][safepoint    ] Leaving safepoint region
[2022-06-13T02:01:53.500+0000][1][safepoint    ] Total time for which application threads were stopped: 0.0007824 seconds, Stopping threads took: 0.0004575 seconds
[2022-06-13T02:01:54.500+0000][1][safepoint    ] Application time: 1.0001858 seconds
[2022-06-13T02:01:54.501+0000][1][safepoint    ] Entering safepoint region: Cleanup
[2022-06-13T02:01:54.502+0000][1][safepoint    ] Leaving safepoint region
[2022-06-13T02:01:54.502+0000][1][safepoint    ] Total time for which application threads were stopped: 0.0013862 seconds, Stopping threads took: 0.0005318 seconds
[2022-06-13T02:01:55.503+0000][1][safepoint    ] Application time: 1.0001400 seconds
[2022-06-13T02:01:55.503+0000][1][safepoint    ] Entering safepoint region: Cleanup
[2022-06-13T02:01:55.503+0000][1][safepoint    ] Leaving safepoint region
[2022-06-13T02:01:55.504+0000][1][safepoint    ] Total time for which application threads were stopped: 0.0003743 seconds, Stopping threads took: 0.0001624 seconds
[2022-06-13T02:01:56.504+0000][1][safepoint    ] Application time: 1.0003059 seconds
[2022-06-13T02:01:56.505+0000][1][safepoint    ] Entering safepoint region: Cleanup
[2022-06-13T02:01:56.505+0000][1][safepoint    ] Leaving safepoint region
[2022-06-13T02:01:56.506+0000][1][safepoint    ] Total time for which application threads were stopped: 0.0012367 seconds, Stopping threads took: 0.0005749 seconds
[2022-06-13T02:01:57.507+0000][1][safepoint    ] Application time: 1.0002120 seconds
[2022-06-13T02:01:57.508+0000][1][safepoint    ] Entering safepoint region: Cleanup
[2022-06-13T02:01:57.508+0000][1][safepoint    ] Leaving safepoint region
[2022-06-13T02:01:57.508+0000][1][safepoint    ] Total time for which application threads were stopped: 0.0007835 seconds, Stopping threads took: 0.0002946 seconds
[2022-06-13T02:01:58.509+0000][1][safepoint    ] Application time: 1.0001611 seconds
[2022-06-13T02:01:58.509+0000][1][safepoint    ] Entering safepoint region: Cleanup
[2022-06-13T02:01:58.510+0000][1][safepoint    ] Leaving safepoint region
[2022-06-13T02:01:58.510+0000][1][safepoint    ] Total time for which application threads were stopped: 0.0006681 seconds, Stopping threads took: 0.0003078 seconds
[2022-06-13T02:01:59.510+0000][1][safepoint    ] Application time: 1.0001889 seconds
[2022-06-13T02:01:59.511+0000][1][safepoint    ] Entering safepoint region: Cleanup
[2022-06-13T02:01:59.511+0000][1][safepoint    ] Leaving safepoint region
[2022-06-13T02:01:59.511+0000][1][safepoint    ] Total time for which application threads were stopped: 0.0006751 seconds, Stopping threads took: 0.0003336 seconds
[2022-06-13T02:02:00.512+0000][1][safepoint    ] Application time: 1.0001248 seconds
[2022-06-13T02:02:00.512+0000][1][safepoint    ] Entering safepoint region: Cleanup
[2022-06-13T02:02:00.512+0000][1][safepoint    ] Leaving safepoint region
[2022-06-13T02:02:00.512+0000][1][safepoint    ] Total time for which application threads were stopped: 0.0004715 seconds, Stopping threads took: 0.0001513 seconds
[2022-06-13T02:02:01.513+0000][1][safepoint    ] Application time: 1.0003257 seconds
[2022-06-13T02:02:01.514+0000][1][safepoint    ] Entering safepoint region: Cleanup
[2022-06-13T02:02:01.514+0000][1][safepoint    ] Leaving safepoint region
[2022-06-13T02:02:01.515+0000][1][safepoint    ] Total time for which application threads were stopped: 0.0011575 seconds, Stopping threads took: 0.0004340 seconds
[2022-06-13T02:02:02.516+0000][1][safepoint    ] Application time: 1.0002072 seconds
[2022-06-13T02:02:02.516+0000][1][safepoint    ] Entering safepoint region: Cleanup
[2022-06-13T02:02:02.517+0000][1][safepoint    ] Leaving safepoint region
[2022-06-13T02:02:02.517+0000][1][safepoint    ] Total time for which application threads were stopped: 0.0010162 seconds, Stopping threads took: 0.0004645 seconds
[2022-06-13T02:02:03.518+0000][1][safepoint    ] Application time: 1.0002629 seconds
[2022-06-13T02:02:03.519+0000][1][safepoint    ] Entering safepoint region: Cleanup
[2022-06-13T02:02:03.519+0000][1][safepoint    ] Leaving safepoint region
[2022-06-13T02:02:03.519+0000][1][safepoint    ] Total time for which application threads were stopped: 0.0008284 seconds, Stopping threads took: 0.0004640 seconds
[2022-06-13T02:02:04.520+0000][1][safepoint    ] Application time: 1.0001815 seconds
[2022-06-13T02:02:04.520+0000][1][safepoint    ] Entering safepoint region: Cleanup
[2022-06-13T02:02:04.520+0000][1][safepoint    ] Leaving safepoint region
[2022-06-13T02:02:04.521+0000][1][safepoint    ] Total time for which application threads were stopped: 0.0004289 seconds, Stopping threads took: 0.0001882 seconds
[2022-06-13T02:02:05.521+0000][1][safepoint    ] Application time: 1.0002156 seconds
[2022-06-13T02:02:05.521+0000][1][safepoint    ] Entering safepoint region: Cleanup
[2022-06-13T02:02:05.522+0000][1][safepoint    ] Leaving safepoint region
[2022-06-13T02:02:05.522+0000][1][safepoint    ] Total time for which application threads were stopped: 0.0005213 seconds, Stopping threads took: 0.0002275 seconds
[2022-06-13T02:02:06.522+0000][1][safepoint    ] Application time: 1.0002463 seconds
[2022-06-13T02:02:06.523+0000][1][safepoint    ] Entering safepoint region: Cleanup
[2022-06-13T02:02:06.524+0000][1][safepoint    ] Leaving safepoint region
[2022-06-13T02:02:06.524+0000][1][safepoint    ] Total time for which application threads were stopped: 0.0009378 seconds, Stopping threads took: 0.0004013 seconds
[2022-06-13T02:02:07.525+0000][1][safepoint    ] Application time: 1.0002001 seconds
[2022-06-13T02:02:07.525+0000][1][safepoint    ] Entering safepoint region: Cleanup
[2022-06-13T02:02:07.526+0000][1][safepoint    ] Leaving safepoint region
[2022-06-13T02:02:07.526+0000][1][safepoint    ] Total time for which application threads were stopped: 0.0010074 seconds, Stopping threads took: 0.0004839 seconds
[2022-06-13T02:02:08.527+0000][1][safepoint    ] Application time: 1.0001353 seconds
[2022-06-13T02:02:08.527+0000][1][safepoint    ] Entering safepoint region: Cleanup
[2022-06-13T02:02:08.528+0000][1][safepoint    ] Leaving safepoint region
[2022-06-13T02:02:08.529+0000][1][safepoint    ] Total time for which application threads were stopped: 0.0011482 seconds, Stopping threads took: 0.0005938 seconds
[2022-06-13T02:02:09.529+0000][1][safepoint    ] Application time: 1.0001811 seconds
[2022-06-13T02:02:09.530+0000][1][safepoint    ] Entering safepoint region: Cleanup
[2022-06-13T02:02:09.530+0000][1][safepoint    ] Leaving safepoint region
[2022-06-13T02:02:09.531+0000][1][safepoint    ] Total time for which application threads were stopped: 0.0009328 seconds, Stopping threads took: 0.0004318 seconds
[2022-06-13T02:02:10.531+0000][1][safepoint    ] Application time: 1.0001840 seconds
[2022-06-13T02:02:10.532+0000][1][safepoint    ] Entering safepoint region: Cleanup
[2022-06-13T02:02:10.532+0000][1][safepoint    ] Leaving safepoint region
[2022-06-13T02:02:10.533+0000][1][safepoint    ] Total time for which application threads were stopped: 0.0010931 seconds, Stopping threads took: 0.0004534 seconds
[2022-06-13T02:02:11.534+0000][1][safepoint    ] Application time: 1.0003297 seconds
[2022-06-13T02:02:11.534+0000][1][safepoint    ] Entering safepoint region: Cleanup
[2022-06-13T02:02:11.535+0000][1][safepoint    ] Leaving safepoint region
[2022-06-13T02:02:11.535+0000][1][safepoint    ] Total time for which application threads were stopped: 0.0008771 seconds, Stopping threads took: 0.0004073 seconds
[2022-06-13T02:02:12.536+0000][1][safepoint    ] Application time: 1.0002820 seconds
[2022-06-13T02:02:12.536+0000][1][safepoint    ] Entering safepoint region: Cleanup
[2022-06-13T02:02:12.537+0000][1][safepoint    ] Leaving safepoint region
[2022-06-13T02:02:12.537+0000][1][safepoint    ] Total time for which application threads were stopped: 0.0007115 seconds, Stopping threads took: 0.0003264 seconds
[2022-06-13T02:02:13.537+0000][1][safepoint    ] Application time: 1.0001680 seconds
[2022-06-13T02:02:13.538+0000][1][safepoint    ] Entering safepoint region: Cleanup
[2022-06-13T02:02:13.539+0000][1][safepoint    ] Leaving safepoint region
[2022-06-13T02:02:13.540+0000][1][safepoint    ] Total time for which application threads were stopped: 0.0013916 seconds, Stopping threads took: 0.0005841 seconds
[2022-06-13T02:02:14.541+0000][1][safepoint    ] Application time: 1.0004505 seconds
[2022-06-13T02:02:14.541+0000][1][safepoint    ] Entering safepoint region: Cleanup
[2022-06-13T02:02:14.542+0000][1][safepoint    ] Leaving safepoint region
[2022-06-13T02:02:14.542+0000][1][safepoint    ] Total time for which application threads were stopped: 0.0010684 seconds, Stopping threads took: 0.0005174 seconds
[2022-06-13T02:02:15.543+0000][1][safepoint    ] Application time: 1.0002354 seconds
[2022-06-13T02:02:15.544+0000][1][safepoint    ] Entering safepoint region: Cleanup
[2022-06-13T02:02:15.545+0000][1][safepoint    ] Leaving safepoint region
[2022-06-13T02:02:15.545+0000][1][safepoint    ] Total time for which application threads were stopped: 0.0013898 seconds, Stopping threads took: 0.0006008 seconds
[2022-06-13T02:02:16.546+0000][1][safepoint    ] Application time: 1.0002202 seconds
[2022-06-13T02:02:16.547+0000][1][safepoint    ] Entering safepoint region: Cleanup
[2022-06-13T02:02:16.547+0000][1][safepoint    ] Leaving safepoint region
[2022-06-13T02:02:16.548+0000][1][safepoint    ] Total time for which application threads were stopped: 0.0014576 seconds, Stopping threads took: 0.0006235 seconds
[2022-06-13T02:02:17.549+0000][1][safepoint    ] Application time: 1.0002623 seconds
[2022-06-13T02:02:17.550+0000][1][safepoint    ] Entering safepoint region: Cleanup
[2022-06-13T02:02:17.551+0000][1][safepoint    ] Leaving safepoint region
[2022-06-13T02:02:17.551+0000][1][safepoint    ] Total time for which application threads were stopped: 0.0012492 seconds, Stopping threads took: 0.0007305 seconds
[2022-06-13T02:02:18.552+0000][1][safepoint    ] Application time: 1.0001383 seconds
[2022-06-13T02:02:18.552+0000][1][safepoint    ] Entering safepoint region: Cleanup
[2022-06-13T02:02:18.553+0000][1][safepoint    ] Leaving safepoint region
[2022-06-13T02:02:18.553+0000][1][safepoint    ] Total time for which application threads were stopped: 0.0005193 seconds, Stopping threads took: 0.0002293 seconds
[2022-06-13T02:02:19.553+0000][1][safepoint    ] Application time: 1.0001019 seconds
[2022-06-13T02:02:19.554+0000][1][safepoint    ] Entering safepoint region: Cleanup
[2022-06-13T02:02:19.554+0000][1][safepoint    ] Leaving safepoint region
[2022-06-13T02:02:19.554+0000][1][safepoint    ] Total time for which application threads were stopped: 0.0006355 seconds, Stopping threads took: 0.0002740 seconds
[2022-06-13T02:02:20.555+0000][1][safepoint    ] Application time: 1.0002551 seconds
[2022-06-13T02:02:20.555+0000][1][safepoint    ] Entering safepoint region: Cleanup
[2022-06-13T02:02:20.555+0000][1][safepoint    ] Leaving safepoint region
[2022-06-13T02:02:20.556+0000][1][safepoint    ] Total time for which application threads were stopped: 0.0006112 seconds, Stopping threads took: 0.0002356 seconds
[2022-06-13T02:02:21.556+0000][1][safepoint    ] Application time: 1.0001778 seconds
[2022-06-13T02:02:21.556+0000][1][safepoint    ] Entering safepoint region: Cleanup
[2022-06-13T02:02:21.557+0000][1][safepoint    ] Leaving safepoint region
[2022-06-13T02:02:21.557+0000][1][safepoint    ] Total time for which application threads were stopped: 0.0004341 seconds, Stopping threads took: 0.0001758 seconds
[2022-06-13T02:02:22.557+0000][1][safepoint    ] Application time: 1.0001401 seconds
[2022-06-13T02:02:22.557+0000][1][safepoint    ] Entering safepoint region: Cleanup
[2022-06-13T02:02:22.558+0000][1][safepoint    ] Leaving safepoint region
[2022-06-13T02:02:22.558+0000][1][safepoint    ] Total time for which application threads were stopped: 0.0007864 seconds, Stopping threads took: 0.0004073 seconds
[2022-06-13T02:02:23.559+0000][1][safepoint    ] Application time: 1.0002194 seconds
[2022-06-13T02:02:23.559+0000][1][safepoint    ] Entering safepoint region: Cleanup
[2022-06-13T02:02:23.560+0000][1][safepoint    ] Leaving safepoint region
[2022-06-13T02:02:23.560+0000][1][safepoint    ] Total time for which application threads were stopped: 0.0009266 seconds, Stopping threads took: 0.0004486 seconds
[2022-06-13T02:02:24.560+0000][1][safepoint    ] Application time: 1.0001044 seconds
[2022-06-13T02:02:24.561+0000][1][safepoint    ] Entering safepoint region: Cleanup
[2022-06-13T02:02:24.561+0000][1][safepoint    ] Leaving safepoint region
[2022-06-13T02:02:24.562+0000][1][safepoint    ] Total time for which application threads were stopped: 0.0008173 seconds, Stopping threads took: 0.0004544 seconds
[2022-06-13T02:02:25.562+0000][1][safepoint    ] Application time: 1.0002130 seconds
[2022-06-13T02:02:25.563+0000][1][safepoint    ] Entering safepoint region: Cleanup
[2022-06-13T02:02:25.563+0000][1][safepoint    ] Leaving safepoint region
[2022-06-13T02:02:25.563+0000][1][safepoint    ] Total time for which application threads were stopped: 0.0007280 seconds, Stopping threads took: 0.0004085 seconds
[2022-06-13T02:02:26.564+0000][1][safepoint    ] Application time: 1.0002129 seconds
[2022-06-13T02:02:26.565+0000][1][safepoint    ] Entering safepoint region: Cleanup
[2022-06-13T02:02:26.565+0000][1][safepoint    ] Leaving safepoint region
[2022-06-13T02:02:26.566+0000][1][safepoint    ] Total time for which application threads were stopped: 0.0013045 seconds, Stopping threads took: 0.0005830 seconds
[2022-06-13T02:02:27.567+0000][1][safepoint    ] Application time: 1.0002524 seconds
[2022-06-13T02:02:27.567+0000][1][safepoint    ] Entering safepoint region: Cleanup
[2022-06-13T02:02:27.568+0000][1][safepoint    ] Leaving safepoint region
[2022-06-13T02:02:27.568+0000][1][safepoint    ] Total time for which application threads were stopped: 0.0009067 seconds, Stopping threads took: 0.0004344 seconds
[2022-06-13T02:02:28.569+0000][1][safepoint    ] Application time: 1.0001790 seconds
[2022-06-13T02:02:28.569+0000][1][safepoint    ] Entering safepoint region: Cleanup
[2022-06-13T02:02:28.570+0000][1][safepoint    ] Leaving safepoint region
[2022-06-13T02:02:28.570+0000][1][safepoint    ] Total time for which application threads were stopped: 0.0005751 seconds, Stopping threads took: 0.0002803 seconds
[2022-06-13T02:02:30.517+0000][1][safepoint    ] Application time: 1.9472376 seconds
[2022-06-13T02:02:30.518+0000][1][safepoint    ] Entering safepoint region: Cleanup
[2022-06-13T02:02:30.518+0000][1][safepoint    ] Leaving safepoint region
[2022-06-13T02:02:30.519+0000][1][safepoint    ] Total time for which application threads were stopped: 0.0007361 seconds, Stopping threads took: 0.0003581 seconds
[2022-06-13T02:02:31.519+0000][1][safepoint    ] Application time: 1.0003224 seconds
[2022-06-13T02:02:31.520+0000][1][safepoint    ] Entering safepoint region: Cleanup
[2022-06-13T02:02:31.521+0000][1][safepoint    ] Leaving safepoint region
[2022-06-13T02:02:31.521+0000][1][safepoint    ] Total time for which application threads were stopped: 0.0012189 seconds, Stopping threads took: 0.0005736 seconds
[2022-06-13T02:02:32.522+0000][1][safepoint    ] Application time: 1.0002182 seconds
[2022-06-13T02:02:32.522+0000][1][safepoint    ] Entering safepoint region: Cleanup
[2022-06-13T02:02:32.522+0000][1][safepoint    ] Leaving safepoint region
[2022-06-13T02:02:32.523+0000][1][safepoint    ] Total time for which application threads were stopped: 0.0005170 seconds, Stopping threads took: 0.0003103 seconds
[2022-06-13T02:02:33.523+0000][1][safepoint    ] Application time: 1.0002103 seconds
[2022-06-13T02:02:33.524+0000][1][safepoint    ] Entering safepoint region: Cleanup
[2022-06-13T02:02:33.525+0000][1][safepoint    ] Leaving safepoint region
[2022-06-13T02:02:33.525+0000][1][safepoint    ] Total time for which application threads were stopped: 0.0014006 seconds, Stopping threads took: 0.0005800 seconds
[2022-06-13T02:02:34.527+0000][1][safepoint    ] Application time: 1.0003774 seconds
[2022-06-13T02:02:34.527+0000][1][safepoint    ] Entering safepoint region: Cleanup
[2022-06-13T02:02:34.528+0000][1][safepoint    ] Leaving safepoint region
[2022-06-13T02:02:34.529+0000][1][safepoint    ] Total time for which application threads were stopped: 0.0015507 seconds, Stopping threads took: 0.0007200 seconds
[2022-06-13T02:02:35.530+0000][1][safepoint    ] Application time: 1.0002157 seconds
[2022-06-13T02:02:35.530+0000][1][safepoint    ] Entering safepoint region: Cleanup
[2022-06-13T02:02:35.531+0000][1][safepoint    ] Leaving safepoint region
[2022-06-13T02:02:35.531+0000][1][safepoint    ] Total time for which application threads were stopped: 0.0008644 seconds, Stopping threads took: 0.0003760 seconds
[2022-06-13T02:02:36.532+0000][1][safepoint    ] Application time: 1.0001490 seconds
[2022-06-13T02:02:36.532+0000][1][safepoint    ] Entering safepoint region: Cleanup
[2022-06-13T02:02:36.533+0000][1][safepoint    ] Leaving safepoint region
[2022-06-13T02:02:36.533+0000][1][safepoint    ] Total time for which application threads were stopped: 0.0008185 seconds, Stopping threads took: 0.0003816 seconds
[2022-06-13T02:02:37.534+0000][1][safepoint    ] Application time: 1.0003261 seconds
[2022-06-13T02:02:37.534+0000][1][safepoint    ] Entering safepoint region: Cleanup
[2022-06-13T02:02:37.535+0000][1][safepoint    ] Leaving safepoint region
[2022-06-13T02:02:37.535+0000][1][safepoint    ] Total time for which application threads were stopped: 0.0011186 seconds, Stopping threads took: 0.0005151 seconds
[2022-06-13T02:02:38.536+0000][1][safepoint    ] Application time: 1.0001703 seconds
[2022-06-13T02:02:38.536+0000][1][safepoint    ] Entering safepoint region: Cleanup
[2022-06-13T02:02:38.537+0000][1][safepoint    ] Leaving safepoint region
[2022-06-13T02:02:38.537+0000][1][safepoint    ] Total time for which application threads were stopped: 0.0004371 seconds, Stopping threads took: 0.0002227 seconds
[2022-06-13T02:02:39.537+0000][1][safepoint    ] Application time: 1.0001251 seconds
[2022-06-13T02:02:39.538+0000][1][safepoint    ] Entering safepoint region: Cleanup
[2022-06-13T02:02:39.538+0000][1][safepoint    ] Leaving safepoint region
[2022-06-13T02:02:39.538+0000][1][safepoint    ] Total time for which application threads were stopped: 0.0008194 seconds, Stopping threads took: 0.0003713 seconds
[2022-06-13T02:02:40.539+0000][1][safepoint    ] Application time: 1.0002623 seconds
[2022-06-13T02:02:40.540+0000][1][safepoint    ] Entering safepoint region: Cleanup
[2022-06-13T02:02:40.540+0000][1][safepoint    ] Leaving safepoint region
[2022-06-13T02:02:40.540+0000][1][safepoint    ] Total time for which application threads were stopped: 0.0004784 seconds, Stopping threads took: 0.0002282 seconds
[2022-06-13T02:02:41.540+0000][1][safepoint    ] Application time: 1.0001182 seconds
[2022-06-13T02:02:41.541+0000][1][safepoint    ] Entering safepoint region: Cleanup
[2022-06-13T02:02:41.541+0000][1][safepoint    ] Leaving safepoint region
[2022-06-13T02:02:41.542+0000][1][safepoint    ] Total time for which application threads were stopped: 0.0008926 seconds, Stopping threads took: 0.0003912 seconds
[2022-06-13T02:02:42.542+0000][1][safepoint    ] Application time: 1.0001286 seconds
[2022-06-13T02:02:42.543+0000][1][safepoint    ] Entering safepoint region: Cleanup
[2022-06-13T02:02:42.543+0000][1][safepoint    ] Leaving safepoint region
[2022-06-13T02:02:42.543+0000][1][safepoint    ] Total time for which application threads were stopped: 0.0006118 seconds, Stopping threads took: 0.0003012 seconds
[2022-06-13T02:02:43.544+0000][1][safepoint    ] Application time: 1.0002410 seconds
[2022-06-13T02:02:43.544+0000][1][safepoint    ] Entering safepoint region: Cleanup
[2022-06-13T02:02:43.545+0000][1][safepoint    ] Leaving safepoint region
[2022-06-13T02:02:43.545+0000][1][safepoint    ] Total time for which application threads were stopped: 0.0010388 seconds, Stopping threads took: 0.0005273 seconds
[2022-06-13T02:02:44.546+0000][1][safepoint    ] Application time: 1.0001621 seconds
[2022-06-13T02:02:44.546+0000][1][safepoint    ] Entering safepoint region: Cleanup
[2022-06-13T02:02:44.547+0000][1][safepoint    ] Leaving safepoint region
[2022-06-13T02:02:44.547+0000][1][safepoint    ] Total time for which application threads were stopped: 0.0006666 seconds, Stopping threads took: 0.0003119 seconds
[2022-06-13T02:02:45.547+0000][1][safepoint    ] Application time: 1.0000962 seconds
[2022-06-13T02:02:45.548+0000][1][safepoint    ] Entering safepoint region: Cleanup
[2022-06-13T02:02:45.548+0000][1][safepoint    ] Leaving safepoint region
[2022-06-13T02:02:45.549+0000][1][safepoint    ] Total time for which application threads were stopped: 0.0007575 seconds, Stopping threads took: 0.0003106 seconds
[2022-06-13T02:02:46.549+0000][1][safepoint    ] Application time: 1.0001372 seconds
[2022-06-13T02:02:46.550+0000][1][safepoint    ] Entering safepoint region: Cleanup
[2022-06-13T02:02:46.550+0000][1][safepoint    ] Leaving safepoint region
[2022-06-13T02:02:46.550+0000][1][safepoint    ] Total time for which application threads were stopped: 0.0006390 seconds, Stopping threads took: 0.0003370 seconds
[2022-06-13T02:02:47.551+0000][1][safepoint    ] Application time: 1.0001697 seconds
[2022-06-13T02:02:47.551+0000][1][safepoint    ] Entering safepoint region: Cleanup
[2022-06-13T02:02:47.552+0000][1][safepoint    ] Leaving safepoint region
[2022-06-13T02:02:47.552+0000][1][safepoint    ] Total time for which application threads were stopped: 0.0006161 seconds, Stopping threads took: 0.0002842 seconds
[2022-06-13T02:02:48.552+0000][1][safepoint    ] Application time: 1.0001553 seconds
[2022-06-13T02:02:48.553+0000][1][safepoint    ] Entering safepoint region: Cleanup
[2022-06-13T02:02:48.554+0000][1][safepoint    ] Leaving safepoint region
[2022-06-13T02:02:48.554+0000][1][safepoint    ] Total time for which application threads were stopped: 0.0009633 seconds, Stopping threads took: 0.0004199 seconds
[2022-06-13T02:02:49.555+0000][1][safepoint    ] Application time: 1.0001171 seconds
[2022-06-13T02:02:49.555+0000][1][safepoint    ] Entering safepoint region: Cleanup
[2022-06-13T02:02:49.555+0000][1][safepoint    ] Leaving safepoint region
[2022-06-13T02:02:49.555+0000][1][safepoint    ] Total time for which application threads were stopped: 0.0004380 seconds, Stopping threads took: 0.0001649 seconds
[2022-06-13T02:02:50.556+0000][1][safepoint    ] Application time: 1.0003365 seconds
[2022-06-13T02:02:50.557+0000][1][safepoint    ] Entering safepoint region: Cleanup
[2022-06-13T02:02:50.557+0000][1][safepoint    ] Leaving safepoint region
[2022-06-13T02:02:50.558+0000][1][safepoint    ] Total time for which application threads were stopped: 0.0015548 seconds, Stopping threads took: 0.0007441 seconds
[2022-06-13T02:02:51.559+0000][1][safepoint    ] Application time: 1.0002150 seconds
[2022-06-13T02:02:51.559+0000][1][safepoint    ] Entering safepoint region: Cleanup
[2022-06-13T02:02:51.560+0000][1][safepoint    ] Leaving safepoint region
[2022-06-13T02:02:51.560+0000][1][safepoint    ] Total time for which application threads were stopped: 0.0007027 seconds, Stopping threads took: 0.0003351 seconds
[2022-06-13T02:02:52.561+0000][1][safepoint    ] Application time: 1.0002477 seconds
[2022-06-13T02:02:52.561+0000][1][safepoint    ] Entering safepoint region: Cleanup
[2022-06-13T02:02:52.562+0000][1][safepoint    ] Leaving safepoint region
[2022-06-13T02:02:52.562+0000][1][safepoint    ] Total time for which application threads were stopped: 0.0009972 seconds, Stopping threads took: 0.0004530 seconds
[2022-06-13T02:02:53.563+0000][1][safepoint    ] Application time: 1.0001877 seconds
[2022-06-13T02:02:53.564+0000][1][safepoint    ] Entering safepoint region: Cleanup
[2022-06-13T02:02:53.564+0000][1][safepoint    ] Leaving safepoint region
[2022-06-13T02:02:53.565+0000][1][safepoint    ] Total time for which application threads were stopped: 0.0008542 seconds, Stopping threads took: 0.0004539 seconds
[2022-06-13T02:02:54.565+0000][1][safepoint    ] Application time: 1.0001855 seconds
[2022-06-13T02:02:54.566+0000][1][safepoint    ] Entering safepoint region: Cleanup
[2022-06-13T02:02:54.566+0000][1][safepoint    ] Leaving safepoint region
[2022-06-13T02:02:54.566+0000][1][safepoint    ] Total time for which application threads were stopped: 0.0005388 seconds, Stopping threads took: 0.0002582 seconds
[2022-06-13T02:02:55.567+0000][1][safepoint    ] Application time: 1.0002134 seconds
[2022-06-13T02:02:55.567+0000][1][safepoint    ] Entering safepoint region: Cleanup
[2022-06-13T02:02:55.568+0000][1][safepoint    ] Leaving safepoint region
[2022-06-13T02:02:55.569+0000][1][safepoint    ] Total time for which application threads were stopped: 0.0014150 seconds, Stopping threads took: 0.0006490 seconds
[2022-06-13T02:02:56.569+0000][1][safepoint    ] Application time: 1.0001421 seconds
[2022-06-13T02:02:56.570+0000][1][safepoint    ] Entering safepoint region: Cleanup
[2022-06-13T02:02:56.571+0000][1][safepoint    ] Leaving safepoint region
[2022-06-13T02:02:56.571+0000][1][safepoint    ] Total time for which application threads were stopped: 0.0009599 seconds, Stopping threads took: 0.0004431 seconds
[2022-06-13T02:02:57.572+0000][1][safepoint    ] Application time: 1.0002219 seconds
[2022-06-13T02:02:57.572+0000][1][safepoint    ] Entering safepoint region: Cleanup
[2022-06-13T02:02:57.573+0000][1][safepoint    ] Leaving safepoint region
[2022-06-13T02:02:57.573+0000][1][safepoint    ] Total time for which application threads were stopped: 0.0011320 seconds, Stopping threads took: 0.0004637 seconds
[2022-06-13T02:02:58.574+0000][1][safepoint    ] Application time: 1.0001732 seconds
[2022-06-13T02:02:58.574+0000][1][safepoint    ] Entering safepoint region: Cleanup
[2022-06-13T02:02:58.575+0000][1][safepoint    ] Leaving safepoint region
[2022-06-13T02:02:58.575+0000][1][safepoint    ] Total time for which application threads were stopped: 0.0006962 seconds, Stopping threads took: 0.0003157 seconds
[2022-06-13T02:02:59.575+0000][1][safepoint    ] Application time: 1.0002290 seconds
[2022-06-13T02:02:59.576+0000][1][safepoint    ] Entering safepoint region: Cleanup
[2022-06-13T02:02:59.576+0000][1][safepoint    ] Leaving safepoint region
[2022-06-13T02:02:59.577+0000][1][safepoint    ] Total time for which application threads were stopped: 0.0007958 seconds, Stopping threads took: 0.0003636 seconds
[2022-06-13T02:03:00.577+0000][1][safepoint    ] Application time: 1.0002212 seconds
[2022-06-13T02:03:00.578+0000][1][safepoint    ] Entering safepoint region: Cleanup
[2022-06-13T02:03:00.578+0000][1][safepoint    ] Leaving safepoint region
[2022-06-13T02:03:00.578+0000][1][safepoint    ] Total time for which application threads were stopped: 0.0007033 seconds, Stopping threads took: 0.0003418 seconds
[2022-06-13T02:03:01.579+0000][1][safepoint    ] Application time: 1.0001404 seconds
[2022-06-13T02:03:01.579+0000][1][safepoint    ] Entering safepoint region: Cleanup
[2022-06-13T02:03:01.580+0000][1][safepoint    ] Leaving safepoint region
[2022-06-13T02:03:01.580+0000][1][safepoint    ] Total time for which application threads were stopped: 0.0006344 seconds, Stopping threads took: 0.0002562 seconds
[2022-06-13T02:03:02.580+0000][1][safepoint    ] Application time: 1.0002242 seconds
[2022-06-13T02:03:02.581+0000][1][safepoint    ] Entering safepoint region: Cleanup
[2022-06-13T02:03:02.582+0000][1][safepoint    ] Leaving safepoint region
[2022-06-13T02:03:02.582+0000][1][safepoint    ] Total time for which application threads were stopped: 0.0011874 seconds, Stopping threads took: 0.0007058 seconds
[2022-06-13T02:03:03.583+0000][1][safepoint    ] Application time: 1.0002292 seconds
[2022-06-13T02:03:03.583+0000][1][safepoint    ] Entering safepoint region: Cleanup
[2022-06-13T02:03:03.584+0000][1][safepoint    ] Leaving safepoint region
[2022-06-13T02:03:03.584+0000][1][safepoint    ] Total time for which application threads were stopped: 0.0007793 seconds, Stopping threads took: 0.0003228 seconds
[2022-06-13T02:03:04.584+0000][1][safepoint    ] Application time: 1.0002473 seconds
[2022-06-13T02:03:04.585+0000][1][safepoint    ] Entering safepoint region: Cleanup
[2022-06-13T02:03:04.586+0000][1][safepoint    ] Leaving safepoint region
[2022-06-13T02:03:04.586+0000][1][safepoint    ] Total time for which application threads were stopped: 0.0009982 seconds, Stopping threads took: 0.0004285 seconds
[2022-06-13T02:03:05.587+0000][1][safepoint    ] Application time: 1.0002688 seconds
[2022-06-13T02:03:05.587+0000][1][safepoint    ] Entering safepoint region: Cleanup
[2022-06-13T02:03:05.588+0000][1][safepoint    ] Leaving safepoint region
[2022-06-13T02:03:05.588+0000][1][safepoint    ] Total time for which application threads were stopped: 0.0007837 seconds, Stopping threads took: 0.0003888 seconds
[2022-06-13T02:03:06.589+0000][1][safepoint    ] Application time: 1.0001731 seconds
[2022-06-13T02:03:06.589+0000][1][safepoint    ] Entering safepoint region: Cleanup
[2022-06-13T02:03:06.590+0000][1][safepoint    ] Leaving safepoint region
[2022-06-13T02:03:06.590+0000][1][safepoint    ] Total time for which application threads were stopped: 0.0009647 seconds, Stopping threads took: 0.0003944 seconds
[2022-06-13T02:03:07.591+0000][1][safepoint    ] Application time: 1.0003475 seconds
[2022-06-13T02:03:07.592+0000][1][safepoint    ] Entering safepoint region: Cleanup
[2022-06-13T02:03:07.592+0000][1][safepoint    ] Leaving safepoint region
[2022-06-13T02:03:07.592+0000][1][safepoint    ] Total time for which application threads were stopped: 0.0007092 seconds, Stopping threads took: 0.0004405 seconds
[2022-06-13T02:03:08.593+0000][1][safepoint    ] Application time: 1.0002502 seconds
[2022-06-13T02:03:08.594+0000][1][safepoint    ] Entering safepoint region: Cleanup
[2022-06-13T02:03:08.594+0000][1][safepoint    ] Leaving safepoint region
[2022-06-13T02:03:08.595+0000][1][safepoint    ] Total time for which application threads were stopped: 0.0010972 seconds, Stopping threads took: 0.0005294 seconds
[2022-06-13T02:03:09.521+0000][1][safepoint    ] Application time: 0.9257657 seconds
[2022-06-13T02:03:09.522+0000][1][safepoint    ] Entering safepoint region: GenCollectForAllocation
[2022-06-13T02:03:09.522+0000][1][gc,start     ] GC(26) Pause Young (Allocation Failure)
[2022-06-13T02:03:09.522+0000][1][gc,task      ] GC(26) Using 5 workers of 13 for evacuation
[2022-06-13T02:03:09.524+0000][1][gc,age       ] GC(26) Desired survivor size 4456448 bytes, new threshold 6 (max threshold 6)
[2022-06-13T02:03:09.524+0000][1][gc,age       ] GC(26) Age table with threshold 6 (max threshold 6)
[2022-06-13T02:03:09.525+0000][1][gc,age       ] GC(26) - age   1:      30088 bytes,      30088 total
[2022-06-13T02:03:09.525+0000][1][gc,age       ] GC(26) - age   2:      14584 bytes,      44672 total
[2022-06-13T02:03:09.525+0000][1][gc,age       ] GC(26) - age   3:      31576 bytes,      76248 total
[2022-06-13T02:03:09.525+0000][1][gc,age       ] GC(26) - age   4:      47320 bytes,     123568 total
[2022-06-13T02:03:09.526+0000][1][gc,age       ] GC(26) - age   5:    1385048 bytes,    1508616 total
[2022-06-13T02:03:09.526+0000][1][gc,heap      ] GC(26) ParNew: 72333K->2055K(78656K)
[2022-06-13T02:03:09.526+0000][1][gc,heap      ] GC(26) CMS: 68092K->68092K(174784K)
[2022-06-13T02:03:09.526+0000][1][gc,metaspace ] GC(26) Metaspace: 65210K->65210K(1110016K)
[2022-06-13T02:03:09.526+0000][1][gc           ] GC(26) Pause Young (Allocation Failure) 137M->68M(247M) 4.529ms
[2022-06-13T02:03:09.527+0000][1][gc,cpu       ] GC(26) User=0.01s Sys=0.00s Real=0.00s
[2022-06-13T02:03:09.527+0000][1][safepoint    ] Leaving safepoint region
[2022-06-13T02:03:09.527+0000][1][safepoint    ] Total time for which application threads were stopped: 0.0055700 seconds, Stopping threads took: 0.0001745 seconds
[2022-06-13T02:03:10.528+0000][1][safepoint    ] Application time: 1.0002195 seconds
[2022-06-13T02:03:10.528+0000][1][safepoint    ] Entering safepoint region: Cleanup
[2022-06-13T02:03:10.529+0000][1][safepoint    ] Leaving safepoint region
[2022-06-13T02:03:10.530+0000][1][safepoint    ] Total time for which application threads were stopped: 0.0014323 seconds, Stopping threads took: 0.0005942 seconds
[2022-06-13T02:03:11.531+0000][1][safepoint    ] Application time: 1.0002752 seconds
[2022-06-13T02:03:11.531+0000][1][safepoint    ] Entering safepoint region: Cleanup
[2022-06-13T02:03:11.532+0000][1][safepoint    ] Leaving safepoint region
[2022-06-13T02:03:11.533+0000][1][safepoint    ] Total time for which application threads were stopped: 0.0012028 seconds, Stopping threads took: 0.0005247 seconds
[2022-06-13T02:03:12.533+0000][1][safepoint    ] Application time: 1.0002263 seconds
[2022-06-13T02:03:12.534+0000][1][safepoint    ] Entering safepoint region: Cleanup
[2022-06-13T02:03:12.535+0000][1][safepoint    ] Leaving safepoint region
[2022-06-13T02:03:12.535+0000][1][safepoint    ] Total time for which application threads were stopped: 0.0010164 seconds, Stopping threads took: 0.0005231 seconds
[2022-06-13T02:03:13.536+0000][1][safepoint    ] Application time: 1.0003294 seconds
[2022-06-13T02:03:13.536+0000][1][safepoint    ] Entering safepoint region: Cleanup
[2022-06-13T02:03:13.537+0000][1][safepoint    ] Leaving safepoint region
[2022-06-13T02:03:13.537+0000][1][safepoint    ] Total time for which application threads were stopped: 0.0009250 seconds, Stopping threads took: 0.0004378 seconds
[2022-06-13T02:03:14.538+0000][1][safepoint    ] Application time: 1.0002014 seconds
[2022-06-13T02:03:14.538+0000][1][safepoint    ] Entering safepoint region: Cleanup
[2022-06-13T02:03:14.539+0000][1][safepoint    ] Leaving safepoint region
[2022-06-13T02:03:14.539+0000][1][safepoint    ] Total time for which application threads were stopped: 0.0008709 seconds, Stopping threads took: 0.0005063 seconds
[2022-06-13T02:03:15.539+0000][1][safepoint    ] Application time: 1.0001770 seconds
[2022-06-13T02:03:15.540+0000][1][safepoint    ] Entering safepoint region: Cleanup
[2022-06-13T02:03:15.540+0000][1][safepoint    ] Leaving safepoint region
[2022-06-13T02:03:15.540+0000][1][safepoint    ] Total time for which application threads were stopped: 0.0005461 seconds, Stopping threads took: 0.0002571 seconds
[2022-06-13T02:03:16.541+0000][1][safepoint    ] Application time: 1.0001544 seconds
[2022-06-13T02:03:16.541+0000][1][safepoint    ] Entering safepoint region: Cleanup
[2022-06-13T02:03:16.542+0000][1][safepoint    ] Leaving safepoint region
[2022-06-13T02:03:16.542+0000][1][safepoint    ] Total time for which application threads were stopped: 0.0009286 seconds, Stopping threads took: 0.0004258 seconds
[2022-06-13T02:03:17.543+0000][1][safepoint    ] Application time: 1.0001420 seconds
[2022-06-13T02:03:17.543+0000][1][safepoint    ] Entering safepoint region: Cleanup
[2022-06-13T02:03:17.543+0000][1][safepoint    ] Leaving safepoint region
[2022-06-13T02:03:17.544+0000][1][safepoint    ] Total time for which application threads were stopped: 0.0007830 seconds, Stopping threads took: 0.0003259 seconds
[2022-06-13T02:03:18.545+0000][1][safepoint    ] Application time: 1.0004244 seconds
[2022-06-13T02:03:18.548+0000][1][safepoint    ] Entering safepoint region: Cleanup
[2022-06-13T02:03:18.549+0000][1][safepoint    ] Leaving safepoint region
[2022-06-13T02:03:18.549+0000][1][safepoint    ] Total time for which application threads were stopped: 0.0015024 seconds, Stopping threads took: 0.0006667 seconds
[2022-06-13T02:03:19.550+0000][1][safepoint    ] Application time: 1.0002558 seconds
[2022-06-13T02:03:19.551+0000][1][safepoint    ] Entering safepoint region: Cleanup
[2022-06-13T02:03:19.551+0000][1][safepoint    ] Leaving safepoint region
[2022-06-13T02:03:19.552+0000][1][safepoint    ] Total time for which application threads were stopped: 0.0010708 seconds, Stopping threads took: 0.0005316 seconds
[2022-06-13T02:03:20.552+0000][1][safepoint    ] Application time: 1.0001439 seconds
[2022-06-13T02:03:20.553+0000][1][safepoint    ] Entering safepoint region: Cleanup
[2022-06-13T02:03:20.553+0000][1][safepoint    ] Leaving safepoint region
[2022-06-13T02:03:20.554+0000][1][safepoint    ] Total time for which application threads were stopped: 0.0009898 seconds, Stopping threads took: 0.0005045 seconds
[2022-06-13T02:03:21.554+0000][1][safepoint    ] Application time: 1.0001499 seconds
[2022-06-13T02:03:21.555+0000][1][safepoint    ] Entering safepoint region: Cleanup
[2022-06-13T02:03:21.555+0000][1][safepoint    ] Leaving safepoint region
[2022-06-13T02:03:21.556+0000][1][safepoint    ] Total time for which application threads were stopped: 0.0008094 seconds, Stopping threads took: 0.0002929 seconds
[2022-06-13T02:03:22.556+0000][1][safepoint    ] Application time: 1.0002102 seconds
[2022-06-13T02:03:22.557+0000][1][safepoint    ] Entering safepoint region: Cleanup
[2022-06-13T02:03:22.557+0000][1][safepoint    ] Leaving safepoint region
[2022-06-13T02:03:22.558+0000][1][safepoint    ] Total time for which application threads were stopped: 0.0009974 seconds, Stopping threads took: 0.0004632 seconds
[2022-06-13T02:03:23.558+0000][1][safepoint    ] Application time: 1.0003081 seconds
[2022-06-13T02:03:23.559+0000][1][safepoint    ] Entering safepoint region: Cleanup
[2022-06-13T02:03:23.560+0000][1][safepoint    ] Leaving safepoint region
[2022-06-13T02:03:23.560+0000][1][safepoint    ] Total time for which application threads were stopped: 0.0010044 seconds, Stopping threads took: 0.0005117 seconds
[2022-06-13T02:03:24.560+0000][1][safepoint    ] Application time: 1.0001878 seconds
[2022-06-13T02:03:24.561+0000][1][safepoint    ] Entering safepoint region: Cleanup
[2022-06-13T02:03:24.561+0000][1][safepoint    ] Leaving safepoint region
[2022-06-13T02:03:24.561+0000][1][safepoint    ] Total time for which application threads were stopped: 0.0005613 seconds, Stopping threads took: 0.0002483 seconds
[2022-06-13T02:03:25.562+0000][1][safepoint    ] Application time: 1.0002364 seconds
[2022-06-13T02:03:25.562+0000][1][safepoint    ] Entering safepoint region: Cleanup
[2022-06-13T02:03:25.563+0000][1][safepoint    ] Leaving safepoint region
[2022-06-13T02:03:25.563+0000][1][safepoint    ] Total time for which application threads were stopped: 0.0009657 seconds, Stopping threads took: 0.0004981 seconds
[2022-06-13T02:03:26.564+0000][1][safepoint    ] Application time: 1.0002111 seconds
[2022-06-13T02:03:26.565+0000][1][safepoint    ] Entering safepoint region: Cleanup
[2022-06-13T02:03:26.565+0000][1][safepoint    ] Leaving safepoint region
[2022-06-13T02:03:26.566+0000][1][safepoint    ] Total time for which application threads were stopped: 0.0012898 seconds, Stopping threads took: 0.0005460 seconds
[2022-06-13T02:03:27.567+0000][1][safepoint    ] Application time: 1.0002161 seconds
[2022-06-13T02:03:27.568+0000][1][safepoint    ] Entering safepoint region: Cleanup
[2022-06-13T02:03:27.568+0000][1][safepoint    ] Leaving safepoint region
[2022-06-13T02:03:27.569+0000][1][safepoint    ] Total time for which application threads were stopped: 0.0012014 seconds, Stopping threads took: 0.0005767 seconds
[2022-06-13T02:03:28.570+0000][1][safepoint    ] Application time: 1.0002883 seconds
[2022-06-13T02:03:28.570+0000][1][safepoint    ] Entering safepoint region: Cleanup
[2022-06-13T02:03:28.570+0000][1][safepoint    ] Leaving safepoint region
[2022-06-13T02:03:28.571+0000][1][safepoint    ] Total time for which application threads were stopped: 0.0005439 seconds, Stopping threads took: 0.0002741 seconds
[2022-06-13T02:03:29.732+0000][1][safepoint    ] Application time: 1.1608647 seconds
[2022-06-13T02:03:29.732+0000][1][safepoint    ] Entering safepoint region: Cleanup
[2022-06-13T02:03:29.733+0000][1][safepoint    ] Leaving safepoint region
[2022-06-13T02:03:29.733+0000][1][safepoint    ] Total time for which application threads were stopped: 0.0008230 seconds, Stopping threads took: 0.0002894 seconds
[2022-06-13T02:03:30.734+0000][1][safepoint    ] Application time: 1.0001342 seconds
[2022-06-13T02:03:30.734+0000][1][safepoint    ] Entering safepoint region: Cleanup
[2022-06-13T02:03:30.734+0000][1][safepoint    ] Leaving safepoint region
[2022-06-13T02:03:30.735+0000][1][safepoint    ] Total time for which application threads were stopped: 0.0006734 seconds, Stopping threads took: 0.0003178 seconds
[2022-06-13T02:03:31.735+0000][1][safepoint    ] Application time: 1.0001723 seconds
[2022-06-13T02:03:31.736+0000][1][safepoint    ] Entering safepoint region: Cleanup
[2022-06-13T02:03:31.736+0000][1][safepoint    ] Leaving safepoint region
[2022-06-13T02:03:31.736+0000][1][safepoint    ] Total time for which application threads were stopped: 0.0006645 seconds, Stopping threads took: 0.0004049 seconds
[2022-06-13T02:03:32.737+0000][1][safepoint    ] Application time: 1.0001079 seconds
[2022-06-13T02:03:32.737+0000][1][safepoint    ] Entering safepoint region: Cleanup
[2022-06-13T02:03:32.737+0000][1][safepoint    ] Leaving safepoint region
[2022-06-13T02:03:32.738+0000][1][safepoint    ] Total time for which application threads were stopped: 0.0005911 seconds, Stopping threads took: 0.0002794 seconds
[2022-06-13T02:03:33.738+0000][1][safepoint    ] Application time: 1.0001885 seconds
[2022-06-13T02:03:33.739+0000][1][safepoint    ] Entering safepoint region: Cleanup
[2022-06-13T02:03:33.739+0000][1][safepoint    ] Leaving safepoint region
[2022-06-13T02:03:33.739+0000][1][safepoint    ] Total time for which application threads were stopped: 0.0008436 seconds, Stopping threads took: 0.0003523 seconds
[2022-06-13T02:03:34.740+0000][1][safepoint    ] Application time: 1.0001103 seconds
[2022-06-13T02:03:34.740+0000][1][safepoint    ] Entering safepoint region: Cleanup
[2022-06-13T02:03:34.741+0000][1][safepoint    ] Leaving safepoint region
[2022-06-13T02:03:34.741+0000][1][safepoint    ] Total time for which application threads were stopped: 0.0007923 seconds, Stopping threads took: 0.0004114 seconds
[2022-06-13T02:03:35.742+0000][1][safepoint    ] Application time: 1.0002467 seconds
[2022-06-13T02:03:35.742+0000][1][safepoint    ] Entering safepoint region: Cleanup
[2022-06-13T02:03:35.743+0000][1][safepoint    ] Leaving safepoint region
[2022-06-13T02:03:35.743+0000][1][safepoint    ] Total time for which application threads were stopped: 0.0006584 seconds, Stopping threads took: 0.0003200 seconds
[2022-06-13T02:03:36.743+0000][1][safepoint    ] Application time: 1.0003608 seconds
[2022-06-13T02:03:36.744+0000][1][safepoint    ] Entering safepoint region: Cleanup
[2022-06-13T02:03:36.744+0000][1][safepoint    ] Leaving safepoint region
[2022-06-13T02:03:36.745+0000][1][safepoint    ] Total time for which application threads were stopped: 0.0008379 seconds, Stopping threads took: 0.0003553 seconds
[2022-06-13T02:03:37.745+0000][1][safepoint    ] Application time: 1.0002565 seconds
[2022-06-13T02:03:37.746+0000][1][safepoint    ] Entering safepoint region: Cleanup
[2022-06-13T02:03:37.746+0000][1][safepoint    ] Leaving safepoint region
[2022-06-13T02:03:37.747+0000][1][safepoint    ] Total time for which application threads were stopped: 0.0005250 seconds, Stopping threads took: 0.0002233 seconds
[2022-06-13T02:03:38.747+0000][1][safepoint    ] Application time: 1.0001076 seconds
[2022-06-13T02:03:38.747+0000][1][safepoint    ] Entering safepoint region: Cleanup
[2022-06-13T02:03:38.748+0000][1][safepoint    ] Leaving safepoint region
[2022-06-13T02:03:38.748+0000][1][safepoint    ] Total time for which application threads were stopped: 0.0005433 seconds, Stopping threads took: 0.0002486 seconds
[2022-06-13T02:03:39.748+0000][1][safepoint    ] Application time: 1.0000993 seconds
[2022-06-13T02:03:39.749+0000][1][safepoint    ] Entering safepoint region: Cleanup
[2022-06-13T02:03:39.749+0000][1][safepoint    ] Leaving safepoint region
[2022-06-13T02:03:39.749+0000][1][safepoint    ] Total time for which application threads were stopped: 0.0003085 seconds, Stopping threads took: 0.0001374 seconds
[2022-06-13T02:03:40.749+0000][1][safepoint    ] Application time: 1.0002309 seconds
[2022-06-13T02:03:40.750+0000][1][safepoint    ] Entering safepoint region: Cleanup
[2022-06-13T02:03:40.750+0000][1][safepoint    ] Leaving safepoint region
[2022-06-13T02:03:40.750+0000][1][safepoint    ] Total time for which application threads were stopped: 0.0006637 seconds, Stopping threads took: 0.0002337 seconds
[2022-06-13T02:03:41.751+0000][1][safepoint    ] Application time: 1.0002114 seconds
[2022-06-13T02:03:41.752+0000][1][safepoint    ] Entering safepoint region: Cleanup
[2022-06-13T02:03:41.752+0000][1][safepoint    ] Leaving safepoint region
[2022-06-13T02:03:41.753+0000][1][safepoint    ] Total time for which application threads were stopped: 0.0008282 seconds, Stopping threads took: 0.0005106 seconds
[2022-06-13T02:03:42.753+0000][1][safepoint    ] Application time: 1.0001830 seconds
[2022-06-13T02:03:42.753+0000][1][safepoint    ] Entering safepoint region: Cleanup
[2022-06-13T02:03:42.754+0000][1][safepoint    ] Leaving safepoint region
[2022-06-13T02:03:42.754+0000][1][safepoint    ] Total time for which application threads were stopped: 0.0007903 seconds, Stopping threads took: 0.0003305 seconds
[2022-06-13T02:03:43.755+0000][1][safepoint    ] Application time: 1.0002772 seconds
[2022-06-13T02:03:43.756+0000][1][safepoint    ] Entering safepoint region: Cleanup
[2022-06-13T02:03:43.756+0000][1][safepoint    ] Leaving safepoint region
[2022-06-13T02:03:43.757+0000][1][safepoint    ] Total time for which application threads were stopped: 0.0007707 seconds, Stopping threads took: 0.0004500 seconds
[2022-06-13T02:03:44.757+0000][1][safepoint    ] Application time: 1.0002066 seconds
[2022-06-13T02:03:44.758+0000][1][safepoint    ] Entering safepoint region: Cleanup
[2022-06-13T02:03:44.758+0000][1][safepoint    ] Leaving safepoint region
[2022-06-13T02:03:44.758+0000][1][safepoint    ] Total time for which application threads were stopped: 0.0006581 seconds, Stopping threads took: 0.0002990 seconds
[2022-06-13T02:03:45.759+0000][1][safepoint    ] Application time: 1.0001308 seconds
[2022-06-13T02:03:45.759+0000][1][safepoint    ] Entering safepoint region: Cleanup
[2022-06-13T02:03:45.760+0000][1][safepoint    ] Leaving safepoint region
[2022-06-13T02:03:45.760+0000][1][safepoint    ] Total time for which application threads were stopped: 0.0008189 seconds, Stopping threads took: 0.0003837 seconds
[2022-06-13T02:03:46.760+0000][1][safepoint    ] Application time: 1.0002386 seconds
[2022-06-13T02:03:46.761+0000][1][safepoint    ] Entering safepoint region: Cleanup
[2022-06-13T02:03:46.761+0000][1][safepoint    ] Leaving safepoint region
[2022-06-13T02:03:46.761+0000][1][safepoint    ] Total time for which application threads were stopped: 0.0006969 seconds, Stopping threads took: 0.0002562 seconds
[2022-06-13T02:03:47.762+0000][1][safepoint    ] Application time: 1.0002093 seconds
[2022-06-13T02:03:47.762+0000][1][safepoint    ] Entering safepoint region: Cleanup
[2022-06-13T02:03:47.763+0000][1][safepoint    ] Leaving safepoint region
[2022-06-13T02:03:47.763+0000][1][safepoint    ] Total time for which application threads were stopped: 0.0006515 seconds, Stopping threads took: 0.0002889 seconds
[2022-06-13T02:03:48.763+0000][1][safepoint    ] Application time: 1.0001057 seconds
[2022-06-13T02:03:48.764+0000][1][safepoint    ] Entering safepoint region: Cleanup
[2022-06-13T02:03:48.764+0000][1][safepoint    ] Leaving safepoint region
[2022-06-13T02:03:48.764+0000][1][safepoint    ] Total time for which application threads were stopped: 0.0006331 seconds, Stopping threads took: 0.0002484 seconds
[2022-06-13T02:03:49.765+0000][1][safepoint    ] Application time: 1.0000973 seconds
[2022-06-13T02:03:49.765+0000][1][safepoint    ] Entering safepoint region: Cleanup
[2022-06-13T02:03:49.765+0000][1][safepoint    ] Leaving safepoint region
[2022-06-13T02:03:49.765+0000][1][safepoint    ] Total time for which application threads were stopped: 0.0004191 seconds, Stopping threads took: 0.0001953 seconds
[2022-06-13T02:03:50.766+0000][1][safepoint    ] Application time: 1.0002672 seconds
[2022-06-13T02:03:50.766+0000][1][safepoint    ] Entering safepoint region: Cleanup
[2022-06-13T02:03:50.766+0000][1][safepoint    ] Leaving safepoint region
[2022-06-13T02:03:50.767+0000][1][safepoint    ] Total time for which application threads were stopped: 0.0006595 seconds, Stopping threads took: 0.0003638 seconds
[2022-06-13T02:03:51.767+0000][1][safepoint    ] Application time: 1.0002535 seconds
[2022-06-13T02:03:51.768+0000][1][safepoint    ] Entering safepoint region: Cleanup
[2022-06-13T02:03:51.768+0000][1][safepoint    ] Leaving safepoint region
[2022-06-13T02:03:51.769+0000][1][safepoint    ] Total time for which application threads were stopped: 0.0010265 seconds, Stopping threads took: 0.0004861 seconds
[2022-06-13T02:03:52.770+0000][1][safepoint    ] Application time: 1.0001650 seconds
[2022-06-13T02:03:52.770+0000][1][safepoint    ] Entering safepoint region: Cleanup
[2022-06-13T02:03:52.771+0000][1][safepoint    ] Leaving safepoint region
[2022-06-13T02:03:52.771+0000][1][safepoint    ] Total time for which application threads were stopped: 0.0012377 seconds, Stopping threads took: 0.0005332 seconds
[2022-06-13T02:03:53.772+0000][1][safepoint    ] Application time: 1.0002002 seconds
[2022-06-13T02:03:53.773+0000][1][safepoint    ] Entering safepoint region: Cleanup
[2022-06-13T02:03:53.773+0000][1][safepoint    ] Leaving safepoint region
[2022-06-13T02:03:53.773+0000][1][safepoint    ] Total time for which application threads were stopped: 0.0007283 seconds, Stopping threads took: 0.0003094 seconds
[2022-06-13T02:03:54.774+0000][1][safepoint    ] Application time: 1.0003442 seconds
[2022-06-13T02:03:54.775+0000][1][safepoint    ] Entering safepoint region: Cleanup
[2022-06-13T02:03:54.775+0000][1][safepoint    ] Leaving safepoint region
[2022-06-13T02:03:54.776+0000][1][safepoint    ] Total time for which application threads were stopped: 0.0011018 seconds, Stopping threads took: 0.0005175 seconds
[2022-06-13T02:03:55.777+0000][1][safepoint    ] Application time: 1.0001559 seconds
[2022-06-13T02:03:55.777+0000][1][safepoint    ] Entering safepoint region: Cleanup
[2022-06-13T02:03:55.777+0000][1][safepoint    ] Leaving safepoint region
[2022-06-13T02:03:55.778+0000][1][safepoint    ] Total time for which application threads were stopped: 0.0009086 seconds, Stopping threads took: 0.0004060 seconds
[2022-06-13T02:03:56.778+0000][1][safepoint    ] Application time: 1.0001791 seconds
[2022-06-13T02:03:56.779+0000][1][safepoint    ] Entering safepoint region: Cleanup
[2022-06-13T02:03:56.779+0000][1][safepoint    ] Leaving safepoint region
[2022-06-13T02:03:56.779+0000][1][safepoint    ] Total time for which application threads were stopped: 0.0004629 seconds, Stopping threads took: 0.0001837 seconds
[2022-06-13T02:03:57.780+0000][1][safepoint    ] Application time: 1.0001074 seconds
[2022-06-13T02:03:57.780+0000][1][safepoint    ] Entering safepoint region: Cleanup
[2022-06-13T02:03:57.780+0000][1][safepoint    ] Leaving safepoint region
[2022-06-13T02:03:57.780+0000][1][safepoint    ] Total time for which application threads were stopped: 0.0002948 seconds, Stopping threads took: 0.0001063 seconds
[2022-06-13T02:03:58.780+0000][1][safepoint    ] Application time: 1.0001070 seconds
[2022-06-13T02:03:58.781+0000][1][safepoint    ] Entering safepoint region: Cleanup
[2022-06-13T02:03:58.781+0000][1][safepoint    ] Leaving safepoint region
[2022-06-13T02:03:58.781+0000][1][safepoint    ] Total time for which application threads were stopped: 0.0006787 seconds, Stopping threads took: 0.0003319 seconds
[2022-06-13T02:03:59.782+0000][1][safepoint    ] Application time: 1.0002591 seconds
[2022-06-13T02:03:59.782+0000][1][safepoint    ] Entering safepoint region: Cleanup
[2022-06-13T02:03:59.783+0000][1][safepoint    ] Leaving safepoint region
[2022-06-13T02:03:59.783+0000][1][safepoint    ] Total time for which application threads were stopped: 0.0006813 seconds, Stopping threads took: 0.0003617 seconds
[2022-06-13T02:04:00.783+0000][1][safepoint    ] Application time: 1.0001402 seconds
[2022-06-13T02:04:00.784+0000][1][safepoint    ] Entering safepoint region: Cleanup
[2022-06-13T02:04:00.784+0000][1][safepoint    ] Leaving safepoint region
[2022-06-13T02:04:00.784+0000][1][safepoint    ] Total time for which application threads were stopped: 0.0007960 seconds, Stopping threads took: 0.0003982 seconds
[2022-06-13T02:04:01.785+0000][1][safepoint    ] Application time: 1.0001601 seconds
[2022-06-13T02:04:01.785+0000][1][safepoint    ] Entering safepoint region: Cleanup
[2022-06-13T02:04:01.786+0000][1][safepoint    ] Leaving safepoint region
[2022-06-13T02:04:01.786+0000][1][safepoint    ] Total time for which application threads were stopped: 0.0005945 seconds, Stopping threads took: 0.0003603 seconds
[2022-06-13T02:04:02.786+0000][1][safepoint    ] Application time: 1.0003664 seconds
[2022-06-13T02:04:02.786+0000][1][safepoint    ] Entering safepoint region: Cleanup
[2022-06-13T02:04:02.787+0000][1][safepoint    ] Leaving safepoint region
[2022-06-13T02:04:02.787+0000][1][safepoint    ] Total time for which application threads were stopped: 0.0005451 seconds, Stopping threads took: 0.0002839 seconds
[2022-06-13T02:04:03.787+0000][1][safepoint    ] Application time: 1.0000942 seconds
[2022-06-13T02:04:03.787+0000][1][safepoint    ] Entering safepoint region: Cleanup
[2022-06-13T02:04:03.787+0000][1][safepoint    ] Leaving safepoint region
[2022-06-13T02:04:03.788+0000][1][safepoint    ] Total time for which application threads were stopped: 0.0003937 seconds, Stopping threads took: 0.0001510 seconds
[2022-06-13T02:04:04.788+0000][1][safepoint    ] Application time: 1.0000954 seconds
[2022-06-13T02:04:04.788+0000][1][safepoint    ] Entering safepoint region: Cleanup
[2022-06-13T02:04:04.788+0000][1][safepoint    ] Leaving safepoint region
[2022-06-13T02:04:04.788+0000][1][safepoint    ] Total time for which application threads were stopped: 0.0002940 seconds, Stopping threads took: 0.0001311 seconds
[2022-06-13T02:04:05.789+0000][1][safepoint    ] Application time: 1.0000911 seconds
[2022-06-13T02:04:05.789+0000][1][safepoint    ] Entering safepoint region: Cleanup
[2022-06-13T02:04:05.789+0000][1][safepoint    ] Leaving safepoint region
[2022-06-13T02:04:05.790+0000][1][safepoint    ] Total time for which application threads were stopped: 0.0006235 seconds, Stopping threads took: 0.0002999 seconds
[2022-06-13T02:04:06.790+0000][1][safepoint    ] Application time: 1.0000953 seconds
[2022-06-13T02:04:06.790+0000][1][safepoint    ] Entering safepoint region: Cleanup
[2022-06-13T02:04:06.791+0000][1][safepoint    ] Leaving safepoint region
[2022-06-13T02:04:06.791+0000][1][safepoint    ] Total time for which application threads were stopped: 0.0006151 seconds, Stopping threads took: 0.0003303 seconds
[2022-06-13T02:04:07.791+0000][1][safepoint    ] Application time: 1.0002174 seconds
[2022-06-13T02:04:07.792+0000][1][safepoint    ] Entering safepoint region: Cleanup
[2022-06-13T02:04:07.792+0000][1][safepoint    ] Leaving safepoint region
[2022-06-13T02:04:07.792+0000][1][safepoint    ] Total time for which application threads were stopped: 0.0006619 seconds, Stopping threads took: 0.0002038 seconds
[2022-06-13T02:04:08.792+0000][1][safepoint    ] Application time: 1.0001063 seconds
[2022-06-13T02:04:08.793+0000][1][safepoint    ] Entering safepoint region: Cleanup
[2022-06-13T02:04:08.793+0000][1][safepoint    ] Leaving safepoint region
[2022-06-13T02:04:08.793+0000][1][safepoint    ] Total time for which application threads were stopped: 0.0003219 seconds, Stopping threads took: 0.0001443 seconds
[2022-06-13T02:04:09.793+0000][1][safepoint    ] Application time: 1.0002181 seconds
[2022-06-13T02:04:09.794+0000][1][safepoint    ] Entering safepoint region: Cleanup
[2022-06-13T02:04:09.794+0000][1][safepoint    ] Leaving safepoint region
[2022-06-13T02:04:09.794+0000][1][safepoint    ] Total time for which application threads were stopped: 0.0003734 seconds, Stopping threads took: 0.0001271 seconds
[2022-06-13T02:04:10.794+0000][1][safepoint    ] Application time: 1.0000993 seconds
[2022-06-13T02:04:10.794+0000][1][safepoint    ] Entering safepoint region: Cleanup
[2022-06-13T02:04:10.794+0000][1][safepoint    ] Leaving safepoint region
[2022-06-13T02:04:10.795+0000][1][safepoint    ] Total time for which application threads were stopped: 0.0002837 seconds, Stopping threads took: 0.0001089 seconds
[2022-06-13T02:04:11.795+0000][1][safepoint    ] Application time: 1.0001083 seconds
[2022-06-13T02:04:11.795+0000][1][safepoint    ] Entering safepoint region: Cleanup
[2022-06-13T02:04:11.795+0000][1][safepoint    ] Leaving safepoint region
[2022-06-13T02:04:11.796+0000][1][safepoint    ] Total time for which application threads were stopped: 0.0005932 seconds, Stopping threads took: 0.0002223 seconds
[2022-06-13T02:04:12.796+0000][1][safepoint    ] Application time: 1.0001128 seconds
[2022-06-13T02:04:12.796+0000][1][safepoint    ] Entering safepoint region: Cleanup
[2022-06-13T02:04:12.796+0000][1][safepoint    ] Leaving safepoint region
[2022-06-13T02:04:12.797+0000][1][safepoint    ] Total time for which application threads were stopped: 0.0004617 seconds, Stopping threads took: 0.0001904 seconds
[2022-06-13T02:04:13.797+0000][1][safepoint    ] Application time: 1.0002059 seconds
[2022-06-13T02:04:13.798+0000][1][safepoint    ] Entering safepoint region: Cleanup
[2022-06-13T02:04:13.798+0000][1][safepoint    ] Leaving safepoint region
[2022-06-13T02:04:13.798+0000][1][safepoint    ] Total time for which application threads were stopped: 0.0008920 seconds, Stopping threads took: 0.0003403 seconds
[2022-06-13T02:04:14.799+0000][1][safepoint    ] Application time: 1.0001178 seconds
[2022-06-13T02:04:14.799+0000][1][safepoint    ] Entering safepoint region: Cleanup
[2022-06-13T02:04:14.800+0000][1][safepoint    ] Leaving safepoint region
[2022-06-13T02:04:14.800+0000][1][safepoint    ] Total time for which application threads were stopped: 0.0005220 seconds, Stopping threads took: 0.0002566 seconds
[2022-06-13T02:04:15.800+0000][1][safepoint    ] Application time: 1.0001874 seconds
[2022-06-13T02:04:15.801+0000][1][safepoint    ] Entering safepoint region: Cleanup
[2022-06-13T02:04:15.801+0000][1][safepoint    ] Leaving safepoint region
[2022-06-13T02:04:15.801+0000][1][safepoint    ] Total time for which application threads were stopped: 0.0007158 seconds, Stopping threads took: 0.0002500 seconds
[2022-06-13T02:04:16.802+0000][1][safepoint    ] Application time: 1.0001828 seconds
[2022-06-13T02:04:16.802+0000][1][safepoint    ] Entering safepoint region: Cleanup
[2022-06-13T02:04:16.802+0000][1][safepoint    ] Leaving safepoint region
[2022-06-13T02:04:16.803+0000][1][safepoint    ] Total time for which application threads were stopped: 0.0005252 seconds, Stopping threads took: 0.0002280 seconds
[2022-06-13T02:04:17.803+0000][1][safepoint    ] Application time: 1.0001834 seconds
[2022-06-13T02:04:17.804+0000][1][safepoint    ] Entering safepoint region: Cleanup
[2022-06-13T02:04:17.804+0000][1][safepoint    ] Leaving safepoint region
[2022-06-13T02:04:17.805+0000][1][safepoint    ] Total time for which application threads were stopped: 0.0012523 seconds, Stopping threads took: 0.0005174 seconds
[2022-06-13T02:04:18.806+0000][1][safepoint    ] Application time: 1.0003342 seconds
[2022-06-13T02:04:18.806+0000][1][safepoint    ] Entering safepoint region: Cleanup
[2022-06-13T02:04:18.807+0000][1][safepoint    ] Leaving safepoint region
[2022-06-13T02:04:18.807+0000][1][safepoint    ] Total time for which application threads were stopped: 0.0011930 seconds, Stopping threads took: 0.0006831 seconds
[2022-06-13T02:04:19.808+0000][1][safepoint    ] Application time: 1.0002878 seconds
[2022-06-13T02:04:19.809+0000][1][safepoint    ] Entering safepoint region: Cleanup
[2022-06-13T02:04:19.809+0000][1][safepoint    ] Leaving safepoint region
[2022-06-13T02:04:19.810+0000][1][safepoint    ] Total time for which application threads were stopped: 0.0009059 seconds, Stopping threads took: 0.0004956 seconds
[2022-06-13T02:04:20.810+0000][1][safepoint    ] Application time: 1.0001176 seconds
[2022-06-13T02:04:20.810+0000][1][safepoint    ] Entering safepoint region: Cleanup
[2022-06-13T02:04:20.811+0000][1][safepoint    ] Leaving safepoint region
[2022-06-13T02:04:20.811+0000][1][safepoint    ] Total time for which application threads were stopped: 0.0004511 seconds, Stopping threads took: 0.0001624 seconds
[2022-06-13T02:04:21.811+0000][1][safepoint    ] Application time: 1.0003114 seconds
[2022-06-13T02:04:21.812+0000][1][safepoint    ] Entering safepoint region: Cleanup
[2022-06-13T02:04:21.813+0000][1][safepoint    ] Leaving safepoint region
[2022-06-13T02:04:21.813+0000][1][safepoint    ] Total time for which application threads were stopped: 0.0014082 seconds, Stopping threads took: 0.0006207 seconds
[2022-06-13T02:04:22.814+0000][1][safepoint    ] Application time: 1.0001846 seconds
[2022-06-13T02:04:22.814+0000][1][safepoint    ] Entering safepoint region: Cleanup
[2022-06-13T02:04:22.815+0000][1][safepoint    ] Leaving safepoint region
[2022-06-13T02:04:22.815+0000][1][safepoint    ] Total time for which application threads were stopped: 0.0008345 seconds, Stopping threads took: 0.0004518 seconds
[2022-06-13T02:04:23.816+0000][1][safepoint    ] Application time: 1.0001886 seconds
[2022-06-13T02:04:23.816+0000][1][safepoint    ] Entering safepoint region: Cleanup
[2022-06-13T02:04:23.817+0000][1][safepoint    ] Leaving safepoint region
[2022-06-13T02:04:23.817+0000][1][safepoint    ] Total time for which application threads were stopped: 0.0006929 seconds, Stopping threads took: 0.0003334 seconds
[2022-06-13T02:04:24.817+0000][1][safepoint    ] Application time: 1.0002519 seconds
[2022-06-13T02:04:24.818+0000][1][safepoint    ] Entering safepoint region: Cleanup
[2022-06-13T02:04:24.818+0000][1][safepoint    ] Leaving safepoint region
[2022-06-13T02:04:24.819+0000][1][safepoint    ] Total time for which application threads were stopped: 0.0007692 seconds, Stopping threads took: 0.0003631 seconds
[2022-06-13T02:04:25.819+0000][1][safepoint    ] Application time: 1.0001882 seconds
[2022-06-13T02:04:25.820+0000][1][safepoint    ] Entering safepoint region: Cleanup
[2022-06-13T02:04:25.820+0000][1][safepoint    ] Leaving safepoint region
[2022-06-13T02:04:25.820+0000][1][safepoint    ] Total time for which application threads were stopped: 0.0008042 seconds, Stopping threads took: 0.0003858 seconds
[2022-06-13T02:04:26.821+0000][1][safepoint    ] Application time: 1.0001337 seconds
[2022-06-13T02:04:26.821+0000][1][safepoint    ] Entering safepoint region: Cleanup
[2022-06-13T02:04:26.821+0000][1][safepoint    ] Leaving safepoint region
[2022-06-13T02:04:26.822+0000][1][safepoint    ] Total time for which application threads were stopped: 0.0006903 seconds, Stopping threads took: 0.0003065 seconds
[2022-06-13T02:04:27.822+0000][1][safepoint    ] Application time: 1.0001911 seconds
[2022-06-13T02:04:27.823+0000][1][safepoint    ] Entering safepoint region: Cleanup
[2022-06-13T02:04:27.823+0000][1][safepoint    ] Leaving safepoint region
[2022-06-13T02:04:27.824+0000][1][safepoint    ] Total time for which application threads were stopped: 0.0010479 seconds, Stopping threads took: 0.0005347 seconds
[2022-06-13T02:04:28.824+0000][1][safepoint    ] Application time: 1.0001252 seconds
[2022-06-13T02:04:28.825+0000][1][safepoint    ] Entering safepoint region: Cleanup
[2022-06-13T02:04:28.825+0000][1][safepoint    ] Leaving safepoint region
[2022-06-13T02:04:28.826+0000][1][safepoint    ] Total time for which application threads were stopped: 0.0008741 seconds, Stopping threads took: 0.0003733 seconds
[2022-06-13T02:04:29.826+0000][1][safepoint    ] Application time: 1.0002934 seconds
[2022-06-13T02:04:29.827+0000][1][safepoint    ] Entering safepoint region: Cleanup
[2022-06-13T02:04:29.827+0000][1][safepoint    ] Leaving safepoint region
[2022-06-13T02:04:29.828+0000][1][safepoint    ] Total time for which application threads were stopped: 0.0012174 seconds, Stopping threads took: 0.0005190 seconds
[2022-06-13T02:04:30.829+0000][1][safepoint    ] Application time: 1.0002069 seconds
[2022-06-13T02:04:30.829+0000][1][safepoint    ] Entering safepoint region: Cleanup
[2022-06-13T02:04:30.830+0000][1][safepoint    ] Leaving safepoint region
[2022-06-13T02:04:30.830+0000][1][safepoint    ] Total time for which application threads were stopped: 0.0012349 seconds, Stopping threads took: 0.0006022 seconds
[2022-06-13T02:04:31.831+0000][1][safepoint    ] Application time: 1.0001223 seconds
[2022-06-13T02:04:31.831+0000][1][safepoint    ] Entering safepoint region: Cleanup
[2022-06-13T02:04:31.832+0000][1][safepoint    ] Leaving safepoint region
[2022-06-13T02:04:31.832+0000][1][safepoint    ] Total time for which application threads were stopped: 0.0008385 seconds, Stopping threads took: 0.0004511 seconds
[2022-06-13T02:04:32.833+0000][1][safepoint    ] Application time: 1.0001876 seconds
[2022-06-13T02:04:32.833+0000][1][safepoint    ] Entering safepoint region: Cleanup
[2022-06-13T02:04:32.834+0000][1][safepoint    ] Leaving safepoint region
[2022-06-13T02:04:32.834+0000][1][safepoint    ] Total time for which application threads were stopped: 0.0009607 seconds, Stopping threads took: 0.0004656 seconds
[2022-06-13T02:04:33.835+0000][1][safepoint    ] Application time: 1.0002528 seconds
[2022-06-13T02:04:33.835+0000][1][safepoint    ] Entering safepoint region: Cleanup
[2022-06-13T02:04:33.835+0000][1][safepoint    ] Leaving safepoint region
[2022-06-13T02:04:33.836+0000][1][safepoint    ] Total time for which application threads were stopped: 0.0006799 seconds, Stopping threads took: 0.0003213 seconds
[2022-06-13T02:04:34.836+0000][1][safepoint    ] Application time: 1.0004239 seconds
[2022-06-13T02:04:34.837+0000][1][safepoint    ] Entering safepoint region: Cleanup
[2022-06-13T02:04:34.837+0000][1][safepoint    ] Leaving safepoint region
[2022-06-13T02:04:34.838+0000][1][safepoint    ] Total time for which application threads were stopped: 0.0011000 seconds, Stopping threads took: 0.0004806 seconds
[2022-06-13T02:04:35.839+0000][1][safepoint    ] Application time: 1.0002009 seconds
[2022-06-13T02:04:35.839+0000][1][safepoint    ] Entering safepoint region: Cleanup
[2022-06-13T02:04:35.840+0000][1][safepoint    ] Leaving safepoint region
[2022-06-13T02:04:35.840+0000][1][safepoint    ] Total time for which application threads were stopped: 0.0012090 seconds, Stopping threads took: 0.0005479 seconds
[2022-06-13T02:04:36.841+0000][1][safepoint    ] Application time: 1.0002485 seconds
[2022-06-13T02:04:36.842+0000][1][safepoint    ] Entering safepoint region: Cleanup
[2022-06-13T02:04:36.842+0000][1][safepoint    ] Leaving safepoint region
[2022-06-13T02:04:36.842+0000][1][safepoint    ] Total time for which application threads were stopped: 0.0008415 seconds, Stopping threads took: 0.0002949 seconds
[2022-06-13T02:04:37.843+0000][1][safepoint    ] Application time: 1.0002854 seconds
[2022-06-13T02:04:37.844+0000][1][safepoint    ] Entering safepoint region: Cleanup
[2022-06-13T02:04:37.844+0000][1][safepoint    ] Leaving safepoint region
[2022-06-13T02:04:37.844+0000][1][safepoint    ] Total time for which application threads were stopped: 0.0008231 seconds, Stopping threads took: 0.0003844 seconds
[2022-06-13T02:04:38.845+0000][1][safepoint    ] Application time: 1.0001847 seconds
[2022-06-13T02:04:38.845+0000][1][safepoint    ] Entering safepoint region: Cleanup
[2022-06-13T02:04:38.846+0000][1][safepoint    ] Leaving safepoint region
[2022-06-13T02:04:38.846+0000][1][safepoint    ] Total time for which application threads were stopped: 0.0011212 seconds, Stopping threads took: 0.0005484 seconds
[2022-06-13T02:04:39.847+0000][1][safepoint    ] Application time: 1.0001315 seconds
[2022-06-13T02:04:39.847+0000][1][safepoint    ] Entering safepoint region: Cleanup
[2022-06-13T02:04:39.848+0000][1][safepoint    ] Leaving safepoint region
[2022-06-13T02:04:39.848+0000][1][safepoint    ] Total time for which application threads were stopped: 0.0005088 seconds, Stopping threads took: 0.0002801 seconds
[2022-06-13T02:04:40.848+0000][1][safepoint    ] Application time: 1.0003603 seconds
[2022-06-13T02:04:40.849+0000][1][safepoint    ] Entering safepoint region: Cleanup
[2022-06-13T02:04:40.849+0000][1][safepoint    ] Leaving safepoint region
[2022-06-13T02:04:40.850+0000][1][safepoint    ] Total time for which application threads were stopped: 0.0009896 seconds, Stopping threads took: 0.0003706 seconds
[2022-06-13T02:04:41.850+0000][1][safepoint    ] Application time: 1.0001951 seconds
[2022-06-13T02:04:41.851+0000][1][safepoint    ] Entering safepoint region: Cleanup
[2022-06-13T02:04:41.851+0000][1][safepoint    ] Leaving safepoint region
[2022-06-13T02:04:41.852+0000][1][safepoint    ] Total time for which application threads were stopped: 0.0007215 seconds, Stopping threads took: 0.0003005 seconds
[2022-06-13T02:04:42.852+0000][1][safepoint    ] Application time: 1.0002159 seconds
[2022-06-13T02:04:42.853+0000][1][safepoint    ] Entering safepoint region: Cleanup
[2022-06-13T02:04:42.853+0000][1][safepoint    ] Leaving safepoint region
[2022-06-13T02:04:42.853+0000][1][safepoint    ] Total time for which application threads were stopped: 0.0007976 seconds, Stopping threads took: 0.0003523 seconds
[2022-06-13T02:04:43.854+0000][1][safepoint    ] Application time: 1.0002124 seconds
[2022-06-13T02:04:43.855+0000][1][safepoint    ] Entering safepoint region: Cleanup
[2022-06-13T02:04:43.855+0000][1][safepoint    ] Leaving safepoint region
[2022-06-13T02:04:43.856+0000][1][safepoint    ] Total time for which application threads were stopped: 0.0009222 seconds, Stopping threads took: 0.0004532 seconds
[2022-06-13T02:04:44.856+0000][1][safepoint    ] Application time: 1.0001301 seconds
[2022-06-13T02:04:44.856+0000][1][safepoint    ] Entering safepoint region: Cleanup
[2022-06-13T02:04:44.857+0000][1][safepoint    ] Leaving safepoint region
[2022-06-13T02:04:44.857+0000][1][safepoint    ] Total time for which application threads were stopped: 0.0006591 seconds, Stopping threads took: 0.0002392 seconds
[2022-06-13T02:04:45.857+0000][1][safepoint    ] Application time: 1.0001552 seconds
[2022-06-13T02:04:45.858+0000][1][safepoint    ] Entering safepoint region: Cleanup
[2022-06-13T02:04:45.858+0000][1][safepoint    ] Leaving safepoint region
[2022-06-13T02:04:45.859+0000][1][safepoint    ] Total time for which application threads were stopped: 0.0010144 seconds, Stopping threads took: 0.0004166 seconds
[2022-06-13T02:04:46.860+0000][1][safepoint    ] Application time: 1.0003086 seconds
[2022-06-13T02:04:46.860+0000][1][safepoint    ] Entering safepoint region: Cleanup
[2022-06-13T02:04:46.861+0000][1][safepoint    ] Leaving safepoint region
[2022-06-13T02:04:46.861+0000][1][safepoint    ] Total time for which application threads were stopped: 0.0010160 seconds, Stopping threads took: 0.0004066 seconds
[2022-06-13T02:04:47.861+0000][1][safepoint    ] Application time: 1.0001155 seconds
[2022-06-13T02:04:47.862+0000][1][safepoint    ] Entering safepoint region: Cleanup
[2022-06-13T02:04:47.862+0000][1][safepoint    ] Leaving safepoint region
[2022-06-13T02:04:47.863+0000][1][safepoint    ] Total time for which application threads were stopped: 0.0010446 seconds, Stopping threads took: 0.0004099 seconds
[2022-06-13T02:04:48.864+0000][1][safepoint    ] Application time: 1.0001282 seconds
[2022-06-13T02:04:48.864+0000][1][safepoint    ] Entering safepoint region: Cleanup
[2022-06-13T02:04:48.864+0000][1][safepoint    ] Leaving safepoint region
[2022-06-13T02:04:48.865+0000][1][safepoint    ] Total time for which application threads were stopped: 0.0009116 seconds, Stopping threads took: 0.0003964 seconds
[2022-06-13T02:04:49.865+0000][1][safepoint    ] Application time: 1.0002374 seconds
[2022-06-13T02:04:49.866+0000][1][safepoint    ] Entering safepoint region: Cleanup
[2022-06-13T02:04:49.866+0000][1][safepoint    ] Leaving safepoint region
[2022-06-13T02:04:49.867+0000][1][safepoint    ] Total time for which application threads were stopped: 0.0007738 seconds, Stopping threads took: 0.0003165 seconds
[2022-06-13T02:04:50.867+0000][1][safepoint    ] Application time: 1.0002105 seconds
[2022-06-13T02:04:50.868+0000][1][safepoint    ] Entering safepoint region: Cleanup
[2022-06-13T02:04:50.868+0000][1][safepoint    ] Leaving safepoint region
[2022-06-13T02:04:50.868+0000][1][safepoint    ] Total time for which application threads were stopped: 0.0006988 seconds, Stopping threads took: 0.0003714 seconds
[2022-06-13T02:04:51.869+0000][1][safepoint    ] Application time: 1.0001764 seconds
[2022-06-13T02:04:51.869+0000][1][safepoint    ] Entering safepoint region: Cleanup
[2022-06-13T02:04:51.870+0000][1][safepoint    ] Leaving safepoint region
[2022-06-13T02:04:51.870+0000][1][safepoint    ] Total time for which application threads were stopped: 0.0010874 seconds, Stopping threads took: 0.0004896 seconds
[2022-06-13T02:04:52.871+0000][1][safepoint    ] Application time: 1.0001705 seconds
[2022-06-13T02:04:52.871+0000][1][safepoint    ] Entering safepoint region: Cleanup
[2022-06-13T02:04:52.871+0000][1][safepoint    ] Leaving safepoint region
[2022-06-13T02:04:52.872+0000][1][safepoint    ] Total time for which application threads were stopped: 0.0007841 seconds, Stopping threads took: 0.0003321 seconds
[2022-06-13T02:04:53.872+0000][1][safepoint    ] Application time: 1.0001523 seconds
[2022-06-13T02:04:53.873+0000][1][safepoint    ] Entering safepoint region: Cleanup
[2022-06-13T02:04:53.874+0000][1][safepoint    ] Leaving safepoint region
[2022-06-13T02:04:53.874+0000][1][safepoint    ] Total time for which application threads were stopped: 0.0005472 seconds, Stopping threads took: 0.0002298 seconds
[2022-06-13T02:04:54.874+0000][1][safepoint    ] Application time: 1.0002005 seconds
[2022-06-13T02:04:54.874+0000][1][safepoint    ] Entering safepoint region: Cleanup
[2022-06-13T02:04:54.875+0000][1][safepoint    ] Leaving safepoint region
[2022-06-13T02:04:54.875+0000][1][safepoint    ] Total time for which application threads were stopped: 0.0006274 seconds, Stopping threads took: 0.0003144 seconds
[2022-06-13T02:04:55.875+0000][1][safepoint    ] Application time: 1.0001860 seconds
[2022-06-13T02:04:55.876+0000][1][safepoint    ] Entering safepoint region: Cleanup
[2022-06-13T02:04:55.877+0000][1][safepoint    ] Leaving safepoint region
[2022-06-13T02:04:55.877+0000][1][safepoint    ] Total time for which application threads were stopped: 0.0010213 seconds, Stopping threads took: 0.0004368 seconds
[2022-06-13T02:04:56.878+0000][1][safepoint    ] Application time: 1.0003396 seconds
[2022-06-13T02:04:56.878+0000][1][safepoint    ] Entering safepoint region: Cleanup
[2022-06-13T02:04:56.879+0000][1][safepoint    ] Leaving safepoint region
[2022-06-13T02:04:56.879+0000][1][safepoint    ] Total time for which application threads were stopped: 0.0007947 seconds, Stopping threads took: 0.0003784 seconds
[2022-06-13T02:04:57.880+0000][1][safepoint    ] Application time: 1.0002088 seconds
[2022-06-13T02:04:57.881+0000][1][safepoint    ] Entering safepoint region: Cleanup
[2022-06-13T02:04:57.881+0000][1][safepoint    ] Leaving safepoint region
[2022-06-13T02:04:57.881+0000][1][safepoint    ] Total time for which application threads were stopped: 0.0008110 seconds, Stopping threads took: 0.0003875 seconds
[2022-06-13T02:04:58.882+0000][1][safepoint    ] Application time: 1.0002246 seconds
[2022-06-13T02:04:58.882+0000][1][safepoint    ] Entering safepoint region: Cleanup
[2022-06-13T02:04:58.883+0000][1][safepoint    ] Leaving safepoint region
[2022-06-13T02:04:58.883+0000][1][safepoint    ] Total time for which application threads were stopped: 0.0010735 seconds, Stopping threads took: 0.0004419 seconds
[2022-06-13T02:04:59.884+0000][1][safepoint    ] Application time: 1.0002358 seconds
[2022-06-13T02:04:59.885+0000][1][safepoint    ] Entering safepoint region: Cleanup
[2022-06-13T02:04:59.885+0000][1][safepoint    ] Leaving safepoint region
[2022-06-13T02:04:59.886+0000][1][safepoint    ] Total time for which application threads were stopped: 0.0010081 seconds, Stopping threads took: 0.0004839 seconds
[2022-06-13T02:05:00.886+0000][1][safepoint    ] Application time: 1.0002186 seconds
[2022-06-13T02:05:00.887+0000][1][safepoint    ] Entering safepoint region: Cleanup
[2022-06-13T02:05:00.887+0000][1][safepoint    ] Leaving safepoint region
[2022-06-13T02:05:00.888+0000][1][safepoint    ] Total time for which application threads were stopped: 0.0011480 seconds, Stopping threads took: 0.0005015 seconds
[2022-06-13T02:05:01.888+0000][1][safepoint    ] Application time: 1.0002321 seconds
[2022-06-13T02:05:01.889+0000][1][safepoint    ] Entering safepoint region: Cleanup
[2022-06-13T02:05:01.890+0000][1][safepoint    ] Leaving safepoint region
[2022-06-13T02:05:01.890+0000][1][safepoint    ] Total time for which application threads were stopped: 0.0010870 seconds, Stopping threads took: 0.0004740 seconds
[2022-06-13T02:05:02.891+0000][1][safepoint    ] Application time: 1.0001140 seconds
[2022-06-13T02:05:02.891+0000][1][safepoint    ] Entering safepoint region: Cleanup
[2022-06-13T02:05:02.891+0000][1][safepoint    ] Leaving safepoint region
[2022-06-13T02:05:02.892+0000][1][safepoint    ] Total time for which application threads were stopped: 0.0006463 seconds, Stopping threads took: 0.0003245 seconds
[2022-06-13T02:05:03.892+0000][1][safepoint    ] Application time: 1.0001808 seconds
[2022-06-13T02:05:03.892+0000][1][safepoint    ] Entering safepoint region: Cleanup
[2022-06-13T02:05:03.893+0000][1][safepoint    ] Leaving safepoint region
[2022-06-13T02:05:03.894+0000][1][safepoint    ] Total time for which application threads were stopped: 0.0011873 seconds, Stopping threads took: 0.0005892 seconds
[2022-06-13T02:05:04.894+0000][1][safepoint    ] Application time: 1.0001979 seconds
[2022-06-13T02:05:04.895+0000][1][safepoint    ] Entering safepoint region: Cleanup
[2022-06-13T02:05:04.895+0000][1][safepoint    ] Leaving safepoint region
[2022-06-13T02:05:04.896+0000][1][safepoint    ] Total time for which application threads were stopped: 0.0010351 seconds, Stopping threads took: 0.0004368 seconds
[2022-06-13T02:05:05.896+0000][1][safepoint    ] Application time: 1.0001708 seconds
[2022-06-13T02:05:05.897+0000][1][safepoint    ] Entering safepoint region: Cleanup
[2022-06-13T02:05:05.897+0000][1][safepoint    ] Leaving safepoint region
[2022-06-13T02:05:05.898+0000][1][safepoint    ] Total time for which application threads were stopped: 0.0006427 seconds, Stopping threads took: 0.0002799 seconds
[2022-06-13T02:05:06.898+0000][1][safepoint    ] Application time: 1.0001610 seconds
[2022-06-13T02:05:06.899+0000][1][safepoint    ] Entering safepoint region: Cleanup
[2022-06-13T02:05:06.899+0000][1][safepoint    ] Leaving safepoint region
[2022-06-13T02:05:06.899+0000][1][safepoint    ] Total time for which application threads were stopped: 0.0008072 seconds, Stopping threads took: 0.0003999 seconds
[2022-06-13T02:05:07.900+0000][1][safepoint    ] Application time: 1.0002088 seconds
[2022-06-13T02:05:07.900+0000][1][safepoint    ] Entering safepoint region: Cleanup
[2022-06-13T02:05:07.901+0000][1][safepoint    ] Leaving safepoint region
[2022-06-13T02:05:07.902+0000][1][safepoint    ] Total time for which application threads were stopped: 0.0011698 seconds, Stopping threads took: 0.0005143 seconds
[2022-06-13T02:05:08.902+0000][1][safepoint    ] Application time: 1.0001946 seconds
[2022-06-13T02:05:08.903+0000][1][safepoint    ] Entering safepoint region: Cleanup
[2022-06-13T02:05:08.903+0000][1][safepoint    ] Leaving safepoint region
[2022-06-13T02:05:08.904+0000][1][safepoint    ] Total time for which application threads were stopped: 0.0008582 seconds, Stopping threads took: 0.0004177 seconds
[2022-06-13T02:05:09.904+0000][1][safepoint    ] Application time: 1.0001522 seconds
[2022-06-13T02:05:09.905+0000][1][safepoint    ] Entering safepoint region: Cleanup
[2022-06-13T02:05:09.905+0000][1][safepoint    ] Leaving safepoint region
[2022-06-13T02:05:09.905+0000][1][safepoint    ] Total time for which application threads were stopped: 0.0007929 seconds, Stopping threads took: 0.0004662 seconds
[2022-06-13T02:05:10.906+0000][1][safepoint    ] Application time: 1.0002038 seconds
[2022-06-13T02:05:10.906+0000][1][safepoint    ] Entering safepoint region: Cleanup
[2022-06-13T02:05:10.907+0000][1][safepoint    ] Leaving safepoint region
[2022-06-13T02:05:10.907+0000][1][safepoint    ] Total time for which application threads were stopped: 0.0008573 seconds, Stopping threads took: 0.0003565 seconds
[2022-06-13T02:05:11.908+0000][1][safepoint    ] Application time: 1.0002243 seconds
[2022-06-13T02:05:11.908+0000][1][safepoint    ] Entering safepoint region: Cleanup
[2022-06-13T02:05:11.909+0000][1][safepoint    ] Leaving safepoint region
[2022-06-13T02:05:11.909+0000][1][safepoint    ] Total time for which application threads were stopped: 0.0011014 seconds, Stopping threads took: 0.0006362 seconds
[2022-06-13T02:05:12.910+0000][1][safepoint    ] Application time: 1.0001696 seconds
[2022-06-13T02:05:12.910+0000][1][safepoint    ] Entering safepoint region: Cleanup
[2022-06-13T02:05:12.911+0000][1][safepoint    ] Leaving safepoint region
[2022-06-13T02:05:12.911+0000][1][safepoint    ] Total time for which application threads were stopped: 0.0009043 seconds, Stopping threads took: 0.0004230 seconds
[2022-06-13T02:05:13.912+0000][1][safepoint    ] Application time: 1.0001979 seconds
[2022-06-13T02:05:13.912+0000][1][safepoint    ] Entering safepoint region: Cleanup
[2022-06-13T02:05:13.912+0000][1][safepoint    ] Leaving safepoint region
[2022-06-13T02:05:13.913+0000][1][safepoint    ] Total time for which application threads were stopped: 0.0005910 seconds, Stopping threads took: 0.0002590 seconds
[2022-06-13T02:05:14.913+0000][1][safepoint    ] Application time: 1.0002371 seconds
[2022-06-13T02:05:14.914+0000][1][safepoint    ] Entering safepoint region: Cleanup
[2022-06-13T02:05:14.914+0000][1][safepoint    ] Leaving safepoint region
[2022-06-13T02:05:14.915+0000][1][safepoint    ] Total time for which application threads were stopped: 0.0009596 seconds, Stopping threads took: 0.0004126 seconds
[2022-06-13T02:05:15.915+0000][1][safepoint    ] Application time: 1.0001009 seconds
[2022-06-13T02:05:15.915+0000][1][safepoint    ] Entering safepoint region: Cleanup
[2022-06-13T02:05:15.916+0000][1][safepoint    ] Leaving safepoint region
[2022-06-13T02:05:15.916+0000][1][safepoint    ] Total time for which application threads were stopped: 0.0003544 seconds, Stopping threads took: 0.0001444 seconds
[2022-06-13T02:05:16.916+0000][1][safepoint    ] Application time: 1.0002163 seconds
[2022-06-13T02:05:16.917+0000][1][safepoint    ] Entering safepoint region: Cleanup
[2022-06-13T02:05:16.917+0000][1][safepoint    ] Leaving safepoint region
[2022-06-13T02:05:16.918+0000][1][safepoint    ] Total time for which application threads were stopped: 0.0014853 seconds, Stopping threads took: 0.0007156 seconds
[2022-06-13T02:05:17.919+0000][1][safepoint    ] Application time: 1.0002658 seconds
[2022-06-13T02:05:17.919+0000][1][safepoint    ] Entering safepoint region: Cleanup
[2022-06-13T02:05:17.920+0000][1][safepoint    ] Leaving safepoint region
[2022-06-13T02:05:17.920+0000][1][safepoint    ] Total time for which application threads were stopped: 0.0007982 seconds, Stopping threads took: 0.0003654 seconds
[2022-06-13T02:05:18.921+0000][1][safepoint    ] Application time: 1.0002416 seconds
[2022-06-13T02:05:18.921+0000][1][safepoint    ] Entering safepoint region: Cleanup
[2022-06-13T02:05:18.922+0000][1][safepoint    ] Leaving safepoint region
[2022-06-13T02:05:18.922+0000][1][safepoint    ] Total time for which application threads were stopped: 0.0009247 seconds, Stopping threads took: 0.0004462 seconds
[2022-06-13T02:05:19.923+0000][1][safepoint    ] Application time: 1.0001317 seconds
[2022-06-13T02:05:19.923+0000][1][safepoint    ] Entering safepoint region: Cleanup
[2022-06-13T02:05:19.924+0000][1][safepoint    ] Leaving safepoint region
[2022-06-13T02:05:19.924+0000][1][safepoint    ] Total time for which application threads were stopped: 0.0009057 seconds, Stopping threads took: 0.0003854 seconds
[2022-06-13T02:05:20.925+0000][1][safepoint    ] Application time: 1.0001138 seconds
[2022-06-13T02:05:20.925+0000][1][safepoint    ] Entering safepoint region: Cleanup
[2022-06-13T02:05:20.925+0000][1][safepoint    ] Leaving safepoint region
[2022-06-13T02:05:20.926+0000][1][safepoint    ] Total time for which application threads were stopped: 0.0006137 seconds, Stopping threads took: 0.0002502 seconds
[2022-06-13T02:05:21.926+0000][1][safepoint    ] Application time: 1.0002654 seconds
[2022-06-13T02:05:21.926+0000][1][safepoint    ] Entering safepoint region: Cleanup
[2022-06-13T02:05:21.927+0000][1][safepoint    ] Leaving safepoint region
[2022-06-13T02:05:21.927+0000][1][safepoint    ] Total time for which application threads were stopped: 0.0005965 seconds, Stopping threads took: 0.0003423 seconds
[2022-06-13T02:05:22.927+0000][1][safepoint    ] Application time: 1.0002052 seconds
[2022-06-13T02:05:22.928+0000][1][safepoint    ] Entering safepoint region: Cleanup
[2022-06-13T02:05:22.929+0000][1][safepoint    ] Leaving safepoint region
[2022-06-13T02:05:22.930+0000][1][safepoint    ] Total time for which application threads were stopped: 0.0016467 seconds, Stopping threads took: 0.0009078 seconds
[2022-06-13T02:05:23.930+0000][1][safepoint    ] Application time: 1.0001861 seconds
[2022-06-13T02:05:23.931+0000][1][safepoint    ] Entering safepoint region: Cleanup
[2022-06-13T02:05:23.931+0000][1][safepoint    ] Leaving safepoint region
[2022-06-13T02:05:23.931+0000][1][safepoint    ] Total time for which application threads were stopped: 0.0006655 seconds, Stopping threads took: 0.0002692 seconds
[2022-06-13T02:05:24.932+0000][1][safepoint    ] Application time: 1.0001845 seconds
[2022-06-13T02:05:24.932+0000][1][safepoint    ] Entering safepoint region: Cleanup
[2022-06-13T02:05:24.933+0000][1][safepoint    ] Leaving safepoint region
[2022-06-13T02:05:24.933+0000][1][safepoint    ] Total time for which application threads were stopped: 0.0007585 seconds, Stopping threads took: 0.0004155 seconds
[2022-06-13T02:05:25.933+0000][1][safepoint    ] Application time: 1.0001892 seconds
[2022-06-13T02:05:25.934+0000][1][safepoint    ] Entering safepoint region: Cleanup
[2022-06-13T02:05:25.934+0000][1][safepoint    ] Leaving safepoint region
[2022-06-13T02:05:25.934+0000][1][safepoint    ] Total time for which application threads were stopped: 0.0006573 seconds, Stopping threads took: 0.0003006 seconds
[2022-06-13T02:05:26.935+0000][1][safepoint    ] Application time: 1.0001295 seconds
[2022-06-13T02:05:26.935+0000][1][safepoint    ] Entering safepoint region: Cleanup
[2022-06-13T02:05:26.936+0000][1][safepoint    ] Leaving safepoint region
[2022-06-13T02:05:26.936+0000][1][safepoint    ] Total time for which application threads were stopped: 0.0010400 seconds, Stopping threads took: 0.0005466 seconds
[2022-06-13T02:05:27.937+0000][1][safepoint    ] Application time: 1.0001048 seconds
[2022-06-13T02:05:27.937+0000][1][safepoint    ] Entering safepoint region: Cleanup
[2022-06-13T02:05:27.937+0000][1][safepoint    ] Leaving safepoint region
[2022-06-13T02:05:27.938+0000][1][safepoint    ] Total time for which application threads were stopped: 0.0008873 seconds, Stopping threads took: 0.0004175 seconds
[2022-06-13T02:05:28.938+0000][1][safepoint    ] Application time: 1.0001341 seconds
[2022-06-13T02:05:28.939+0000][1][safepoint    ] Entering safepoint region: Cleanup
[2022-06-13T02:05:28.940+0000][1][safepoint    ] Leaving safepoint region
[2022-06-13T02:05:28.940+0000][1][safepoint    ] Total time for which application threads were stopped: 0.0015241 seconds, Stopping threads took: 0.0007314 seconds
[2022-06-13T02:05:29.941+0000][1][safepoint    ] Application time: 1.0002573 seconds
[2022-06-13T02:05:29.942+0000][1][safepoint    ] Entering safepoint region: Cleanup
[2022-06-13T02:05:29.942+0000][1][safepoint    ] Leaving safepoint region
[2022-06-13T02:05:29.942+0000][1][safepoint    ] Total time for which application threads were stopped: 0.0006113 seconds, Stopping threads took: 0.0003256 seconds
[2022-06-13T02:05:30.942+0000][1][safepoint    ] Application time: 1.0002116 seconds
[2022-06-13T02:05:30.943+0000][1][safepoint    ] Entering safepoint region: Cleanup
[2022-06-13T02:05:30.943+0000][1][safepoint    ] Leaving safepoint region
[2022-06-13T02:05:30.944+0000][1][safepoint    ] Total time for which application threads were stopped: 0.0008590 seconds, Stopping threads took: 0.0004108 seconds
[2022-06-13T02:05:31.944+0000][1][safepoint    ] Application time: 1.0001806 seconds
[2022-06-13T02:05:31.945+0000][1][safepoint    ] Entering safepoint region: Cleanup
[2022-06-13T02:05:31.945+0000][1][safepoint    ] Leaving safepoint region
[2022-06-13T02:05:31.946+0000][1][safepoint    ] Total time for which application threads were stopped: 0.0008534 seconds, Stopping threads took: 0.0004443 seconds
[2022-06-13T02:05:32.946+0000][1][safepoint    ] Application time: 1.0001872 seconds
[2022-06-13T02:05:32.947+0000][1][safepoint    ] Entering safepoint region: Cleanup
[2022-06-13T02:05:32.947+0000][1][safepoint    ] Leaving safepoint region
[2022-06-13T02:05:32.947+0000][1][safepoint    ] Total time for which application threads were stopped: 0.0007949 seconds, Stopping threads took: 0.0004154 seconds
[2022-06-13T02:05:33.948+0000][1][safepoint    ] Application time: 1.0001499 seconds
[2022-06-13T02:05:33.948+0000][1][safepoint    ] Entering safepoint region: Cleanup
[2022-06-13T02:05:33.949+0000][1][safepoint    ] Leaving safepoint region
[2022-06-13T02:05:33.949+0000][1][safepoint    ] Total time for which application threads were stopped: 0.0005899 seconds, Stopping threads took: 0.0001694 seconds
[2022-06-13T02:05:34.949+0000][1][safepoint    ] Application time: 1.0001480 seconds
[2022-06-13T02:05:34.950+0000][1][safepoint    ] Entering safepoint region: Cleanup
[2022-06-13T02:05:34.950+0000][1][safepoint    ] Leaving safepoint region
[2022-06-13T02:05:34.951+0000][1][safepoint    ] Total time for which application threads were stopped: 0.0007426 seconds, Stopping threads took: 0.0003320 seconds
[2022-06-13T02:05:35.951+0000][1][safepoint    ] Application time: 1.0002244 seconds
[2022-06-13T02:05:35.952+0000][1][safepoint    ] Entering safepoint region: Cleanup
[2022-06-13T02:05:35.952+0000][1][safepoint    ] Leaving safepoint region
[2022-06-13T02:05:35.953+0000][1][safepoint    ] Total time for which application threads were stopped: 0.0011125 seconds, Stopping threads took: 0.0005453 seconds
[2022-06-13T02:05:36.953+0000][1][safepoint    ] Application time: 1.0003140 seconds
[2022-06-13T02:05:36.954+0000][1][safepoint    ] Entering safepoint region: Cleanup
[2022-06-13T02:05:36.954+0000][1][safepoint    ] Leaving safepoint region
[2022-06-13T02:05:36.955+0000][1][safepoint    ] Total time for which application threads were stopped: 0.0010820 seconds, Stopping threads took: 0.0004695 seconds
[2022-06-13T02:05:37.956+0000][1][safepoint    ] Application time: 1.0002467 seconds
[2022-06-13T02:05:37.956+0000][1][safepoint    ] Entering safepoint region: Cleanup
[2022-06-13T02:05:37.957+0000][1][safepoint    ] Leaving safepoint region
[2022-06-13T02:05:37.957+0000][1][safepoint    ] Total time for which application threads were stopped: 0.0009738 seconds, Stopping threads took: 0.0004122 seconds
[2022-06-13T02:05:38.958+0000][1][safepoint    ] Application time: 1.0002173 seconds
[2022-06-13T02:05:38.958+0000][1][safepoint    ] Entering safepoint region: Cleanup
[2022-06-13T02:05:38.958+0000][1][safepoint    ] Leaving safepoint region
[2022-06-13T02:05:38.958+0000][1][safepoint    ] Total time for which application threads were stopped: 0.0004748 seconds, Stopping threads took: 0.0002108 seconds
[2022-06-13T02:05:39.959+0000][1][safepoint    ] Application time: 1.0003161 seconds
[2022-06-13T02:05:39.960+0000][1][safepoint    ] Entering safepoint region: Cleanup
[2022-06-13T02:05:39.960+0000][1][safepoint    ] Leaving safepoint region
[2022-06-13T02:05:39.961+0000][1][safepoint    ] Total time for which application threads were stopped: 0.0013377 seconds, Stopping threads took: 0.0005962 seconds
[2022-06-13T02:05:40.962+0000][1][safepoint    ] Application time: 1.0002342 seconds
[2022-06-13T02:05:40.962+0000][1][safepoint    ] Entering safepoint region: Cleanup
[2022-06-13T02:05:40.962+0000][1][safepoint    ] Leaving safepoint region
[2022-06-13T02:05:40.962+0000][1][safepoint    ] Total time for which application threads were stopped: 0.0004816 seconds, Stopping threads took: 0.0002254 seconds
[2022-06-13T02:05:41.963+0000][1][safepoint    ] Application time: 1.0001101 seconds
[2022-06-13T02:05:41.963+0000][1][safepoint    ] Entering safepoint region: Cleanup
[2022-06-13T02:05:41.963+0000][1][safepoint    ] Leaving safepoint region
[2022-06-13T02:05:41.964+0000][1][safepoint    ] Total time for which application threads were stopped: 0.0006867 seconds, Stopping threads took: 0.0003201 seconds
[2022-06-13T02:05:42.964+0000][1][safepoint    ] Application time: 1.0001912 seconds
[2022-06-13T02:05:42.965+0000][1][safepoint    ] Entering safepoint region: Cleanup
[2022-06-13T02:05:42.965+0000][1][safepoint    ] Leaving safepoint region
[2022-06-13T02:05:42.965+0000][1][safepoint    ] Total time for which application threads were stopped: 0.0008979 seconds, Stopping threads took: 0.0005241 seconds
[2022-06-13T02:05:43.966+0000][1][safepoint    ] Application time: 1.0001145 seconds
[2022-06-13T02:05:43.966+0000][1][safepoint    ] Entering safepoint region: Cleanup
[2022-06-13T02:05:43.967+0000][1][safepoint    ] Leaving safepoint region
[2022-06-13T02:05:43.967+0000][1][safepoint    ] Total time for which application threads were stopped: 0.0006628 seconds, Stopping threads took: 0.0002523 seconds
[2022-06-13T02:05:44.598+0000][1][safepoint    ] Application time: 0.6304505 seconds
[2022-06-13T02:05:44.598+0000][1][safepoint    ] Entering safepoint region: GenCollectForAllocation
[2022-06-13T02:05:44.599+0000][1][gc,start     ] GC(27) Pause Young (Allocation Failure)
[2022-06-13T02:05:44.600+0000][1][gc,task      ] GC(27) Using 5 workers of 13 for evacuation
[2022-06-13T02:05:44.602+0000][1][gc,age       ] GC(27) Desired survivor size 4456448 bytes, new threshold 6 (max threshold 6)
[2022-06-13T02:05:44.603+0000][1][gc,age       ] GC(27) Age table with threshold 6 (max threshold 6)
[2022-06-13T02:05:44.603+0000][1][gc,age       ] GC(27) - age   1:      32712 bytes,      32712 total
[2022-06-13T02:05:44.604+0000][1][gc,age       ] GC(27) - age   2:      12688 bytes,      45400 total
[2022-06-13T02:05:44.604+0000][1][gc,age       ] GC(27) - age   3:      14584 bytes,      59984 total
[2022-06-13T02:05:44.605+0000][1][gc,age       ] GC(27) - age   4:      31576 bytes,      91560 total
[2022-06-13T02:05:44.605+0000][1][gc,age       ] GC(27) - age   5:      47320 bytes,     138880 total
[2022-06-13T02:05:44.606+0000][1][gc,age       ] GC(27) - age   6:    1385064 bytes,    1523944 total
[2022-06-13T02:05:44.606+0000][1][gc,heap      ] GC(27) ParNew: 72007K->2060K(78656K)
[2022-06-13T02:05:44.607+0000][1][gc,heap      ] GC(27) CMS: 68092K->68092K(174784K)
[2022-06-13T02:05:44.607+0000][1][gc,metaspace ] GC(27) Metaspace: 65247K->65247K(1110016K)
[2022-06-13T02:05:44.608+0000][1][gc           ] GC(27) Pause Young (Allocation Failure) 136M->68M(247M) 8.761ms
[2022-06-13T02:05:44.608+0000][1][gc,cpu       ] GC(27) User=0.01s Sys=0.00s Real=0.01s
[2022-06-13T02:05:44.609+0000][1][safepoint    ] Leaving safepoint region
[2022-06-13T02:05:44.610+0000][1][safepoint    ] Total time for which application threads were stopped: 0.0113247 seconds, Stopping threads took: 0.0005345 seconds
[2022-06-13T02:05:45.612+0000][1][safepoint    ] Application time: 1.0018191 seconds
[2022-06-13T02:05:45.612+0000][1][safepoint    ] Entering safepoint region: Cleanup
[2022-06-13T02:05:45.613+0000][1][safepoint    ] Leaving safepoint region
[2022-06-13T02:05:45.613+0000][1][safepoint    ] Total time for which application threads were stopped: 0.0009085 seconds, Stopping threads took: 0.0004764 seconds
[2022-06-13T02:05:46.614+0000][1][safepoint    ] Application time: 1.0002493 seconds
[2022-06-13T02:05:46.614+0000][1][safepoint    ] Entering safepoint region: Cleanup
[2022-06-13T02:05:46.615+0000][1][safepoint    ] Leaving safepoint region
[2022-06-13T02:05:46.615+0000][1][safepoint    ] Total time for which application threads were stopped: 0.0008940 seconds, Stopping threads took: 0.0003654 seconds
[2022-06-13T02:05:47.616+0000][1][safepoint    ] Application time: 1.0001234 seconds
[2022-06-13T02:05:47.616+0000][1][safepoint    ] Entering safepoint region: Cleanup
[2022-06-13T02:05:47.616+0000][1][safepoint    ] Leaving safepoint region
[2022-06-13T02:05:47.617+0000][1][safepoint    ] Total time for which application threads were stopped: 0.0005109 seconds, Stopping threads took: 0.0002036 seconds
[2022-06-13T02:05:48.617+0000][1][safepoint    ] Application time: 1.0002615 seconds
[2022-06-13T02:05:48.618+0000][1][safepoint    ] Entering safepoint region: Cleanup
[2022-06-13T02:05:48.618+0000][1][safepoint    ] Leaving safepoint region
[2022-06-13T02:05:48.618+0000][1][safepoint    ] Total time for which application threads were stopped: 0.0004876 seconds, Stopping threads took: 0.0002436 seconds
[2022-06-13T02:05:49.619+0000][1][safepoint    ] Application time: 1.0003491 seconds
[2022-06-13T02:05:49.619+0000][1][safepoint    ] Entering safepoint region: Cleanup
[2022-06-13T02:05:49.620+0000][1][safepoint    ] Leaving safepoint region
[2022-06-13T02:05:49.620+0000][1][safepoint    ] Total time for which application threads were stopped: 0.0008345 seconds, Stopping threads took: 0.0004247 seconds
[2022-06-13T02:05:50.620+0000][1][safepoint    ] Application time: 1.0001640 seconds
[2022-06-13T02:05:50.621+0000][1][safepoint    ] Entering safepoint region: Cleanup
[2022-06-13T02:05:50.621+0000][1][safepoint    ] Leaving safepoint region
[2022-06-13T02:05:50.622+0000][1][safepoint    ] Total time for which application threads were stopped: 0.0009321 seconds, Stopping threads took: 0.0004282 seconds
[2022-06-13T02:05:51.622+0000][1][safepoint    ] Application time: 1.0002321 seconds
[2022-06-13T02:05:51.623+0000][1][safepoint    ] Entering safepoint region: Cleanup
[2022-06-13T02:05:51.624+0000][1][safepoint    ] Leaving safepoint region
[2022-06-13T02:05:51.624+0000][1][safepoint    ] Total time for which application threads were stopped: 0.0010179 seconds, Stopping threads took: 0.0005502 seconds
[2022-06-13T02:05:52.625+0000][1][safepoint    ] Application time: 1.0002812 seconds
[2022-06-13T02:05:52.625+0000][1][safepoint    ] Entering safepoint region: Cleanup
[2022-06-13T02:05:52.626+0000][1][safepoint    ] Leaving safepoint region
[2022-06-13T02:05:52.626+0000][1][safepoint    ] Total time for which application threads were stopped: 0.0007581 seconds, Stopping threads took: 0.0003632 seconds
[2022-06-13T02:05:53.627+0000][1][safepoint    ] Application time: 1.0001383 seconds
[2022-06-13T02:05:53.627+0000][1][safepoint    ] Entering safepoint region: Cleanup
[2022-06-13T02:05:53.627+0000][1][safepoint    ] Leaving safepoint region
[2022-06-13T02:05:53.628+0000][1][safepoint    ] Total time for which application threads were stopped: 0.0008000 seconds, Stopping threads took: 0.0003507 seconds
[2022-06-13T02:05:54.629+0000][1][safepoint    ] Application time: 1.0002598 seconds
[2022-06-13T02:05:54.629+0000][1][safepoint    ] Entering safepoint region: Cleanup
[2022-06-13T02:05:54.629+0000][1][safepoint    ] Leaving safepoint region
[2022-06-13T02:05:54.630+0000][1][safepoint    ] Total time for which application threads were stopped: 0.0007878 seconds, Stopping threads took: 0.0003416 seconds
[2022-06-13T02:05:55.630+0000][1][safepoint    ] Application time: 1.0001131 seconds
[2022-06-13T02:05:55.631+0000][1][safepoint    ] Entering safepoint region: Cleanup
[2022-06-13T02:05:55.631+0000][1][safepoint    ] Leaving safepoint region
[2022-06-13T02:05:55.631+0000][1][safepoint    ] Total time for which application threads were stopped: 0.0004526 seconds, Stopping threads took: 0.0002267 seconds
[2022-06-13T02:05:56.631+0000][1][safepoint    ] Application time: 1.0001996 seconds
[2022-06-13T02:05:56.632+0000][1][safepoint    ] Entering safepoint region: Cleanup
[2022-06-13T02:05:56.632+0000][1][safepoint    ] Leaving safepoint region
[2022-06-13T02:05:56.633+0000][1][safepoint    ] Total time for which application threads were stopped: 0.0009255 seconds, Stopping threads took: 0.0004184 seconds
[2022-06-13T02:05:57.634+0000][1][safepoint    ] Application time: 1.0001953 seconds
[2022-06-13T02:05:57.634+0000][1][safepoint    ] Entering safepoint region: Cleanup
[2022-06-13T02:05:57.635+0000][1][safepoint    ] Leaving safepoint region
[2022-06-13T02:05:57.635+0000][1][safepoint    ] Total time for which application threads were stopped: 0.0009137 seconds, Stopping threads took: 0.0004300 seconds
[2022-06-13T02:05:58.635+0000][1][safepoint    ] Application time: 1.0001177 seconds
[2022-06-13T02:05:58.636+0000][1][safepoint    ] Entering safepoint region: Cleanup
[2022-06-13T02:05:58.636+0000][1][safepoint    ] Leaving safepoint region
[2022-06-13T02:05:58.636+0000][1][safepoint    ] Total time for which application threads were stopped: 0.0006621 seconds, Stopping threads took: 0.0003094 seconds
[2022-06-13T02:05:59.637+0000][1][safepoint    ] Application time: 1.0001152 seconds
[2022-06-13T02:05:59.637+0000][1][safepoint    ] Entering safepoint region: Cleanup
[2022-06-13T02:05:59.638+0000][1][safepoint    ] Leaving safepoint region
[2022-06-13T02:05:59.638+0000][1][safepoint    ] Total time for which application threads were stopped: 0.0006802 seconds, Stopping threads took: 0.0002885 seconds
[2022-06-13T02:06:00.639+0000][1][safepoint    ] Application time: 1.0002329 seconds
[2022-06-13T02:06:00.639+0000][1][safepoint    ] Entering safepoint region: Cleanup
[2022-06-13T02:06:00.639+0000][1][safepoint    ] Leaving safepoint region
[2022-06-13T02:06:00.640+0000][1][safepoint    ] Total time for which application threads were stopped: 0.0005487 seconds, Stopping threads took: 0.0002493 seconds
[2022-06-13T02:06:01.640+0000][1][safepoint    ] Application time: 1.0002150 seconds
[2022-06-13T02:06:01.640+0000][1][safepoint    ] Entering safepoint region: Cleanup
[2022-06-13T02:06:01.641+0000][1][safepoint    ] Leaving safepoint region
[2022-06-13T02:06:01.641+0000][1][safepoint    ] Total time for which application threads were stopped: 0.0006369 seconds, Stopping threads took: 0.0003100 seconds
[2022-06-13T02:06:02.641+0000][1][safepoint    ] Application time: 1.0002513 seconds
[2022-06-13T02:06:02.642+0000][1][safepoint    ] Entering safepoint region: Cleanup
[2022-06-13T02:06:02.642+0000][1][safepoint    ] Leaving safepoint region
[2022-06-13T02:06:02.643+0000][1][safepoint    ] Total time for which application threads were stopped: 0.0010293 seconds, Stopping threads took: 0.0004608 seconds
[2022-06-13T02:06:03.644+0000][1][safepoint    ] Application time: 1.0001987 seconds
[2022-06-13T02:06:03.644+0000][1][safepoint    ] Entering safepoint region: Cleanup
[2022-06-13T02:06:03.645+0000][1][safepoint    ] Leaving safepoint region
[2022-06-13T02:06:03.645+0000][1][safepoint    ] Total time for which application threads were stopped: 0.0008410 seconds, Stopping threads took: 0.0004531 seconds
[2022-06-13T02:06:04.179+0000][1][safepoint    ] Application time: 0.5337305 seconds
[2022-06-13T02:06:04.180+0000][1][safepoint    ] Entering safepoint region: RevokeBias
[2022-06-13T02:06:04.180+0000][1][safepoint    ] Leaving safepoint region
[2022-06-13T02:06:04.181+0000][1][safepoint    ] Total time for which application threads were stopped: 0.0008989 seconds, Stopping threads took: 0.0004118 seconds
[2022-06-13T02:06:04.181+0000][1][safepoint    ] Application time: 0.0002600 seconds
[2022-06-13T02:06:04.181+0000][1][safepoint    ] Entering safepoint region: RevokeBias
[2022-06-13T02:06:04.182+0000][1][safepoint    ] Leaving safepoint region
[2022-06-13T02:06:04.182+0000][1][safepoint    ] Total time for which application threads were stopped: 0.0005513 seconds, Stopping threads took: 0.0003568 seconds
[2022-06-13T02:06:04.183+0000][1][safepoint    ] Application time: 0.0007763 seconds
[2022-06-13T02:06:04.183+0000][1][safepoint    ] Entering safepoint region: RevokeBias
[2022-06-13T02:06:04.183+0000][1][safepoint    ] Leaving safepoint region
[2022-06-13T02:06:04.183+0000][1][safepoint    ] Total time for which application threads were stopped: 0.0003798 seconds, Stopping threads took: 0.0001917 seconds
[2022-06-13T02:06:04.184+0000][1][safepoint    ] Application time: 0.0000959 seconds
[2022-06-13T02:06:04.184+0000][1][safepoint    ] Entering safepoint region: RevokeBias
[2022-06-13T02:06:04.184+0000][1][safepoint    ] Leaving safepoint region
[2022-06-13T02:06:04.184+0000][1][safepoint    ] Total time for which application threads were stopped: 0.0002659 seconds, Stopping threads took: 0.0001178 seconds
[2022-06-13T02:06:04.185+0000][1][safepoint    ] Application time: 0.0007557 seconds
[2022-06-13T02:06:04.185+0000][1][safepoint    ] Entering safepoint region: RevokeBias
[2022-06-13T02:06:04.186+0000][1][safepoint    ] Leaving safepoint region
[2022-06-13T02:06:04.186+0000][1][safepoint    ] Total time for which application threads were stopped: 0.0004009 seconds, Stopping threads took: 0.0001938 seconds
[2022-06-13T02:06:04.187+0000][1][safepoint    ] Application time: 0.0007270 seconds
[2022-06-13T02:06:04.187+0000][1][safepoint    ] Entering safepoint region: RevokeBias
[2022-06-13T02:06:04.187+0000][1][safepoint    ] Leaving safepoint region
[2022-06-13T02:06:04.188+0000][1][safepoint    ] Total time for which application threads were stopped: 0.0004444 seconds, Stopping threads took: 0.0001773 seconds
[2022-06-13T02:06:04.189+0000][1][safepoint    ] Application time: 0.0006591 seconds
[2022-06-13T02:06:04.189+0000][1][safepoint    ] Entering safepoint region: RevokeBias
[2022-06-13T02:06:04.190+0000][1][safepoint    ] Leaving safepoint region
[2022-06-13T02:06:04.190+0000][1][safepoint    ] Total time for which application threads were stopped: 0.0009011 seconds, Stopping threads took: 0.0003585 seconds
[2022-06-13T02:06:04.191+0000][1][safepoint    ] Application time: 0.0010568 seconds
[2022-06-13T02:06:04.191+0000][1][safepoint    ] Entering safepoint region: RevokeBias
[2022-06-13T02:06:04.192+0000][1][safepoint    ] Leaving safepoint region
[2022-06-13T02:06:04.192+0000][1][safepoint    ] Total time for which application threads were stopped: 0.0008150 seconds, Stopping threads took: 0.0003572 seconds
[2022-06-13T02:06:04.193+0000][1][safepoint    ] Application time: 0.0002657 seconds
[2022-06-13T02:06:04.193+0000][1][safepoint    ] Entering safepoint region: RevokeBias
[2022-06-13T02:06:04.193+0000][1][safepoint    ] Leaving safepoint region
[2022-06-13T02:06:04.193+0000][1][safepoint    ] Total time for which application threads were stopped: 0.0004025 seconds, Stopping threads took: 0.0002420 seconds
[2022-06-13T02:06:04.194+0000][1][safepoint    ] Application time: 0.0006076 seconds
[2022-06-13T02:06:04.194+0000][1][safepoint    ] Entering safepoint region: RevokeBias
[2022-06-13T02:06:04.195+0000][1][safepoint    ] Leaving safepoint region
[2022-06-13T02:06:04.195+0000][1][safepoint    ] Total time for which application threads were stopped: 0.0005708 seconds, Stopping threads took: 0.0002365 seconds
[2022-06-13T02:06:04.195+0000][1][safepoint    ] Application time: 0.0005069 seconds
[2022-06-13T02:06:04.196+0000][1][safepoint    ] Entering safepoint region: RevokeBias
[2022-06-13T02:06:04.196+0000][1][safepoint    ] Leaving safepoint region
[2022-06-13T02:06:04.196+0000][1][safepoint    ] Total time for which application threads were stopped: 0.0008086 seconds, Stopping threads took: 0.0006139 seconds
[2022-06-13T02:06:04.197+0000][1][safepoint    ] Application time: 0.0007919 seconds
[2022-06-13T02:06:04.198+0000][1][safepoint    ] Entering safepoint region: RevokeBias
[2022-06-13T02:06:04.198+0000][1][safepoint    ] Leaving safepoint region
[2022-06-13T02:06:04.198+0000][1][safepoint    ] Total time for which application threads were stopped: 0.0004798 seconds, Stopping threads took: 0.0001650 seconds
[2022-06-13T02:06:04.199+0000][1][safepoint    ] Application time: 0.0003127 seconds
[2022-06-13T02:06:04.199+0000][1][safepoint    ] Entering safepoint region: RevokeBias
[2022-06-13T02:06:04.199+0000][1][safepoint    ] Leaving safepoint region
[2022-06-13T02:06:04.199+0000][1][safepoint    ] Total time for which application threads were stopped: 0.0004668 seconds, Stopping threads took: 0.0001550 seconds
[2022-06-13T02:06:04.200+0000][1][safepoint    ] Application time: 0.0004352 seconds
[2022-06-13T02:06:04.200+0000][1][safepoint    ] Entering safepoint region: RevokeBias
[2022-06-13T02:06:04.201+0000][1][safepoint    ] Leaving safepoint region
[2022-06-13T02:06:04.201+0000][1][safepoint    ] Total time for which application threads were stopped: 0.0008731 seconds, Stopping threads took: 0.0002405 seconds
[2022-06-13T02:06:04.202+0000][1][safepoint    ] Application time: 0.0001234 seconds
[2022-06-13T02:06:04.202+0000][1][safepoint    ] Entering safepoint region: RevokeBias
[2022-06-13T02:06:04.202+0000][1][safepoint    ] Leaving safepoint region
[2022-06-13T02:06:04.202+0000][1][safepoint    ] Total time for which application threads were stopped: 0.0005196 seconds, Stopping threads took: 0.0003249 seconds
[2022-06-13T02:06:04.203+0000][1][safepoint    ] Application time: 0.0001771 seconds
[2022-06-13T02:06:04.203+0000][1][safepoint    ] Entering safepoint region: RevokeBias
[2022-06-13T02:06:04.203+0000][1][safepoint    ] Leaving safepoint region
[2022-06-13T02:06:04.203+0000][1][safepoint    ] Total time for which application threads were stopped: 0.0004358 seconds, Stopping threads took: 0.0002717 seconds
[2022-06-13T02:06:04.203+0000][1][safepoint    ] Application time: 0.0000885 seconds
[2022-06-13T02:06:04.204+0000][1][safepoint    ] Entering safepoint region: RevokeBias
[2022-06-13T02:06:04.204+0000][1][safepoint    ] Leaving safepoint region
[2022-06-13T02:06:04.204+0000][1][safepoint    ] Total time for which application threads were stopped: 0.0002911 seconds, Stopping threads took: 0.0001511 seconds
[2022-06-13T02:06:04.204+0000][1][safepoint    ] Application time: 0.0003505 seconds
[2022-06-13T02:06:04.205+0000][1][safepoint    ] Entering safepoint region: RevokeBias
[2022-06-13T02:06:04.205+0000][1][safepoint    ] Leaving safepoint region
[2022-06-13T02:06:04.205+0000][1][safepoint    ] Total time for which application threads were stopped: 0.0004990 seconds, Stopping threads took: 0.0001280 seconds
[2022-06-13T02:06:04.205+0000][1][safepoint    ] Application time: 0.0002316 seconds
[2022-06-13T02:06:04.206+0000][1][safepoint    ] Entering safepoint region: RevokeBias
[2022-06-13T02:06:04.206+0000][1][safepoint    ] Leaving safepoint region
[2022-06-13T02:06:04.206+0000][1][safepoint    ] Total time for which application threads were stopped: 0.0003243 seconds, Stopping threads took: 0.0001526 seconds
[2022-06-13T02:06:04.206+0000][1][safepoint    ] Application time: 0.0001725 seconds
[2022-06-13T02:06:04.207+0000][1][safepoint    ] Entering safepoint region: RevokeBias
[2022-06-13T02:06:04.207+0000][1][safepoint    ] Leaving safepoint region
[2022-06-13T02:06:04.207+0000][1][safepoint    ] Total time for which application threads were stopped: 0.0007661 seconds, Stopping threads took: 0.0001769 seconds
[2022-06-13T02:06:04.208+0000][1][safepoint    ] Application time: 0.0000894 seconds
[2022-06-13T02:06:04.208+0000][1][safepoint    ] Entering safepoint region: RevokeBias
[2022-06-13T02:06:04.208+0000][1][safepoint    ] Leaving safepoint region
[2022-06-13T02:06:04.208+0000][1][safepoint    ] Total time for which application threads were stopped: 0.0005216 seconds, Stopping threads took: 0.0002022 seconds
[2022-06-13T02:06:04.209+0000][1][safepoint    ] Application time: 0.0004402 seconds
[2022-06-13T02:06:04.209+0000][1][safepoint    ] Entering safepoint region: RevokeBias
[2022-06-13T02:06:04.210+0000][1][safepoint    ] Leaving safepoint region
[2022-06-13T02:06:04.210+0000][1][safepoint    ] Total time for which application threads were stopped: 0.0006670 seconds, Stopping threads took: 0.0004727 seconds
[2022-06-13T02:06:04.210+0000][1][safepoint    ] Application time: 0.0000872 seconds
[2022-06-13T02:06:04.210+0000][1][safepoint    ] Entering safepoint region: RevokeBias
[2022-06-13T02:06:04.210+0000][1][safepoint    ] Leaving safepoint region
[2022-06-13T02:06:04.211+0000][1][safepoint    ] Total time for which application threads were stopped: 0.0005419 seconds, Stopping threads took: 0.0002472 seconds
[2022-06-13T02:06:04.211+0000][1][safepoint    ] Application time: 0.0001285 seconds
[2022-06-13T02:06:04.211+0000][1][safepoint    ] Entering safepoint region: RevokeBias
[2022-06-13T02:06:04.211+0000][1][safepoint    ] Leaving safepoint region
[2022-06-13T02:06:04.211+0000][1][safepoint    ] Total time for which application threads were stopped: 0.0002856 seconds, Stopping threads took: 0.0001415 seconds
[2022-06-13T02:06:04.212+0000][1][safepoint    ] Application time: 0.0002097 seconds
[2022-06-13T02:06:04.212+0000][1][safepoint    ] Entering safepoint region: RevokeBias
[2022-06-13T02:06:04.212+0000][1][safepoint    ] Leaving safepoint region
[2022-06-13T02:06:04.212+0000][1][safepoint    ] Total time for which application threads were stopped: 0.0004036 seconds, Stopping threads took: 0.0002333 seconds
[2022-06-13T02:06:04.213+0000][1][safepoint    ] Application time: 0.0001944 seconds
[2022-06-13T02:06:04.213+0000][1][safepoint    ] Entering safepoint region: RevokeBias
[2022-06-13T02:06:04.213+0000][1][safepoint    ] Leaving safepoint region
[2022-06-13T02:06:04.213+0000][1][safepoint    ] Total time for which application threads were stopped: 0.0003447 seconds, Stopping threads took: 0.0001862 seconds
[2022-06-13T02:06:04.214+0000][1][safepoint    ] Application time: 0.0013312 seconds
[2022-06-13T02:06:04.215+0000][1][safepoint    ] Entering safepoint region: RevokeBias
[2022-06-13T02:06:04.215+0000][1][safepoint    ] Leaving safepoint region
[2022-06-13T02:06:04.215+0000][1][safepoint    ] Total time for which application threads were stopped: 0.0004148 seconds, Stopping threads took: 0.0002051 seconds
[2022-06-13T02:06:04.311+0000][1][safepoint    ] Application time: 0.0953144 seconds
[2022-06-13T02:06:04.311+0000][1][safepoint    ] Entering safepoint region: RevokeBias
[2022-06-13T02:06:04.311+0000][1][safepoint    ] Leaving safepoint region
[2022-06-13T02:06:04.312+0000][1][safepoint    ] Total time for which application threads were stopped: 0.0005178 seconds, Stopping threads took: 0.0002542 seconds
[2022-06-13T02:06:04.312+0000][1][safepoint    ] Application time: 0.0003873 seconds
[2022-06-13T02:06:04.313+0000][1][safepoint    ] Entering safepoint region: RevokeBias
[2022-06-13T02:06:04.313+0000][1][safepoint    ] Leaving safepoint region
[2022-06-13T02:06:04.313+0000][1][safepoint    ] Total time for which application threads were stopped: 0.0003698 seconds, Stopping threads took: 0.0001879 seconds
[2022-06-13T02:06:04.313+0000][1][safepoint    ] Application time: 0.0000334 seconds
[2022-06-13T02:06:04.313+0000][1][safepoint    ] Entering safepoint region: RevokeBias
[2022-06-13T02:06:04.313+0000][1][safepoint    ] Leaving safepoint region
[2022-06-13T02:06:04.314+0000][1][safepoint    ] Total time for which application threads were stopped: 0.0004381 seconds, Stopping threads took: 0.0002419 seconds
[2022-06-13T02:06:04.314+0000][1][safepoint    ] Application time: 0.0003745 seconds
[2022-06-13T02:06:04.314+0000][1][safepoint    ] Entering safepoint region: RevokeBias
[2022-06-13T02:06:04.315+0000][1][safepoint    ] Leaving safepoint region
[2022-06-13T02:06:04.315+0000][1][safepoint    ] Total time for which application threads were stopped: 0.0004658 seconds, Stopping threads took: 0.0002127 seconds
[2022-06-13T02:06:04.315+0000][1][safepoint    ] Application time: 0.0001803 seconds
[2022-06-13T02:06:04.315+0000][1][safepoint    ] Entering safepoint region: RevokeBias
[2022-06-13T02:06:04.315+0000][1][safepoint    ] Leaving safepoint region
[2022-06-13T02:06:04.316+0000][1][safepoint    ] Total time for which application threads were stopped: 0.0002571 seconds, Stopping threads took: 0.0001303 seconds
[2022-06-13T02:06:04.318+0000][1][safepoint    ] Application time: 0.0021301 seconds
[2022-06-13T02:06:04.318+0000][1][safepoint    ] Entering safepoint region: RevokeBias
[2022-06-13T02:06:04.318+0000][1][safepoint    ] Leaving safepoint region
[2022-06-13T02:06:04.318+0000][1][safepoint    ] Total time for which application threads were stopped: 0.0002997 seconds, Stopping threads took: 0.0001441 seconds
[2022-06-13T02:06:04.319+0000][1][safepoint    ] Application time: 0.0008798 seconds
[2022-06-13T02:06:04.320+0000][1][safepoint    ] Entering safepoint region: RevokeBias
[2022-06-13T02:06:04.320+0000][1][safepoint    ] Leaving safepoint region
[2022-06-13T02:06:04.320+0000][1][safepoint    ] Total time for which application threads were stopped: 0.0005716 seconds, Stopping threads took: 0.0004598 seconds
[2022-06-13T02:06:04.320+0000][1][safepoint    ] Application time: 0.0001257 seconds
[2022-06-13T02:06:04.320+0000][1][safepoint    ] Entering safepoint region: RevokeBias
[2022-06-13T02:06:04.320+0000][1][safepoint    ] Leaving safepoint region
[2022-06-13T02:06:04.321+0000][1][safepoint    ] Total time for which application threads were stopped: 0.0002011 seconds, Stopping threads took: 0.0000997 seconds
[2022-06-13T02:06:04.321+0000][1][safepoint    ] Application time: 0.0001064 seconds
[2022-06-13T02:06:04.321+0000][1][safepoint    ] Entering safepoint region: RevokeBias
[2022-06-13T02:06:04.321+0000][1][safepoint    ] Leaving safepoint region
[2022-06-13T02:06:04.321+0000][1][safepoint    ] Total time for which application threads were stopped: 0.0002115 seconds, Stopping threads took: 0.0001066 seconds
[2022-06-13T02:06:04.321+0000][1][safepoint    ] Application time: 0.0000927 seconds
[2022-06-13T02:06:04.321+0000][1][safepoint    ] Entering safepoint region: RevokeBias
[2022-06-13T02:06:04.322+0000][1][safepoint    ] Leaving safepoint region
[2022-06-13T02:06:04.322+0000][1][safepoint    ] Total time for which application threads were stopped: 0.0002323 seconds, Stopping threads took: 0.0001043 seconds
[2022-06-13T02:06:04.322+0000][1][safepoint    ] Application time: 0.0000880 seconds
[2022-06-13T02:06:04.322+0000][1][safepoint    ] Entering safepoint region: BulkRevokeBias
[2022-06-13T02:06:04.322+0000][1][safepoint    ] Leaving safepoint region
[2022-06-13T02:06:04.322+0000][1][safepoint    ] Total time for which application threads were stopped: 0.0003422 seconds, Stopping threads took: 0.0001010 seconds
[2022-06-13T02:06:04.323+0000][1][safepoint    ] Application time: 0.0010565 seconds
[2022-06-13T02:06:04.324+0000][1][safepoint    ] Entering safepoint region: RevokeBias
[2022-06-13T02:06:04.324+0000][1][safepoint    ] Leaving safepoint region
[2022-06-13T02:06:04.324+0000][1][safepoint    ] Total time for which application threads were stopped: 0.0002801 seconds, Stopping threads took: 0.0001547 seconds
[2022-06-13T02:06:04.328+0000][1][safepoint    ] Application time: 0.0039423 seconds
[2022-06-13T02:06:04.328+0000][1][safepoint    ] Entering safepoint region: RevokeBias
[2022-06-13T02:06:04.328+0000][1][safepoint    ] Leaving safepoint region
[2022-06-13T02:06:04.328+0000][1][safepoint    ] Total time for which application threads were stopped: 0.0002100 seconds, Stopping threads took: 0.0000997 seconds
[2022-06-13T02:06:04.329+0000][1][safepoint    ] Application time: 0.0000667 seconds
[2022-06-13T02:06:04.329+0000][1][safepoint    ] Entering safepoint region: RevokeBias
[2022-06-13T02:06:04.329+0000][1][safepoint    ] Leaving safepoint region
[2022-06-13T02:06:04.329+0000][1][safepoint    ] Total time for which application threads were stopped: 0.0002843 seconds, Stopping threads took: 0.0001742 seconds
[2022-06-13T02:06:04.329+0000][1][safepoint    ] Application time: 0.0002015 seconds
[2022-06-13T02:06:04.329+0000][1][safepoint    ] Entering safepoint region: RevokeBias
[2022-06-13T02:06:04.329+0000][1][safepoint    ] Leaving safepoint region
[2022-06-13T02:06:04.330+0000][1][safepoint    ] Total time for which application threads were stopped: 0.0001910 seconds, Stopping threads took: 0.0000932 seconds
[2022-06-13T02:06:04.330+0000][1][safepoint    ] Application time: 0.0004133 seconds
[2022-06-13T02:06:04.330+0000][1][safepoint    ] Entering safepoint region: RevokeBias
[2022-06-13T02:06:04.330+0000][1][safepoint    ] Leaving safepoint region
[2022-06-13T02:06:04.330+0000][1][safepoint    ] Total time for which application threads were stopped: 0.0002036 seconds, Stopping threads took: 0.0000788 seconds
[2022-06-13T02:06:04.331+0000][1][safepoint    ] Application time: 0.0007012 seconds
[2022-06-13T02:06:04.331+0000][1][safepoint    ] Entering safepoint region: RevokeBias
[2022-06-13T02:06:04.331+0000][1][safepoint    ] Leaving safepoint region
[2022-06-13T02:06:04.332+0000][1][safepoint    ] Total time for which application threads were stopped: 0.0002307 seconds, Stopping threads took: 0.0000805 seconds
[2022-06-13T02:06:04.332+0000][1][safepoint    ] Application time: 0.0002182 seconds
[2022-06-13T02:06:04.332+0000][1][safepoint    ] Entering safepoint region: RevokeBias
[2022-06-13T02:06:04.332+0000][1][safepoint    ] Leaving safepoint region
[2022-06-13T02:06:04.332+0000][1][safepoint    ] Total time for which application threads were stopped: 0.0002017 seconds, Stopping threads took: 0.0001053 seconds
[2022-06-13T02:06:04.333+0000][1][safepoint    ] Application time: 0.0008457 seconds
[2022-06-13T02:06:04.333+0000][1][safepoint    ] Entering safepoint region: RevokeBias
[2022-06-13T02:06:04.333+0000][1][safepoint    ] Leaving safepoint region
[2022-06-13T02:06:04.333+0000][1][safepoint    ] Total time for which application threads were stopped: 0.0001981 seconds, Stopping threads took: 0.0001039 seconds
[2022-06-13T02:06:04.334+0000][1][safepoint    ] Application time: 0.0004253 seconds
[2022-06-13T02:06:04.334+0000][1][safepoint    ] Entering safepoint region: RevokeBias
[2022-06-13T02:06:04.334+0000][1][safepoint    ] Leaving safepoint region
[2022-06-13T02:06:04.334+0000][1][safepoint    ] Total time for which application threads were stopped: 0.0001674 seconds, Stopping threads took: 0.0000803 seconds
[2022-06-13T02:06:04.334+0000][1][safepoint    ] Application time: 0.0002506 seconds
[2022-06-13T02:06:04.335+0000][1][safepoint    ] Entering safepoint region: RevokeBias
[2022-06-13T02:06:04.335+0000][1][safepoint    ] Leaving safepoint region
[2022-06-13T02:06:04.335+0000][1][safepoint    ] Total time for which application threads were stopped: 0.0002343 seconds, Stopping threads took: 0.0000892 seconds
[2022-06-13T02:06:04.336+0000][1][safepoint    ] Application time: 0.0008957 seconds
[2022-06-13T02:06:04.336+0000][1][safepoint    ] Entering safepoint region: RevokeBias
[2022-06-13T02:06:04.336+0000][1][safepoint    ] Leaving safepoint region
[2022-06-13T02:06:04.336+0000][1][safepoint    ] Total time for which application threads were stopped: 0.0001669 seconds, Stopping threads took: 0.0000816 seconds
[2022-06-13T02:06:04.337+0000][1][safepoint    ] Application time: 0.0007679 seconds
[2022-06-13T02:06:04.337+0000][1][safepoint    ] Entering safepoint region: RevokeBias
[2022-06-13T02:06:04.337+0000][1][safepoint    ] Leaving safepoint region
[2022-06-13T02:06:04.337+0000][1][safepoint    ] Total time for which application threads were stopped: 0.0001719 seconds, Stopping threads took: 0.0000780 seconds
[2022-06-13T02:06:04.338+0000][1][safepoint    ] Application time: 0.0003230 seconds
[2022-06-13T02:06:04.338+0000][1][safepoint    ] Entering safepoint region: RevokeBias
[2022-06-13T02:06:04.338+0000][1][safepoint    ] Leaving safepoint region
[2022-06-13T02:06:04.338+0000][1][safepoint    ] Total time for which application threads were stopped: 0.0001619 seconds, Stopping threads took: 0.0000765 seconds
[2022-06-13T02:06:04.340+0000][1][gc,heap,exit ] Heap
[2022-06-13T02:06:04.340+0000][1][gc,heap,exit ]  par new generation   total 78656K, used 16097K [0x00000000f0000000, 0x00000000f5550000, 0x00000000f5550000)
[2022-06-13T02:06:04.340+0000][1][gc,heap,exit ]   eden space 69952K,  20% used [0x00000000f0000000, 0x00000000f0db5180, 0x00000000f4450000)
[2022-06-13T02:06:04.340+0000][1][gc,heap,exit ]   from space 8704K,  23% used [0x00000000f4450000, 0x00000000f4653398, 0x00000000f4cd0000)
[2022-06-13T02:06:04.340+0000][1][gc,heap,exit ]   to   space 8704K,   0% used [0x00000000f4cd0000, 0x00000000f4cd0000, 0x00000000f5550000)
[2022-06-13T02:06:04.340+0000][1][gc,heap,exit ]  concurrent mark-sweep generation total 174784K, used 68092K [0x00000000f5550000, 0x0000000100000000, 0x0000000100000000)
[2022-06-13T02:06:04.341+0000][1][gc,heap,exit ]  Metaspace       used 65405K, capacity 70303K, committed 70432K, reserved 1110016K
[2022-06-13T02:06:04.341+0000][1][gc,heap,exit ]   class space    used 8765K, capacity 10837K, committed 10848K, reserved 1048576K
[2022-06-13T02:06:04.341+0000][1][safepoint    ] Application time: 0.0026978 seconds
[2022-06-13T02:06:04.341+0000][1][safepoint    ] Entering safepoint region: Exit
