[2022-06-13T01:30:38.864+0000][1][gc] Using Concurrent Mark Sweep
[2022-06-13T01:30:38.865+0000][1][gc,heap,coops] Heap address: 0x00000000f0000000, size: 256 MB, Compressed Oops mode: 32-bit
[2022-06-13T01:30:38.916+0000][1][safepoint    ] Entering safepoint region: EnableBiasedLocking
[2022-06-13T01:30:38.917+0000][1][safepoint    ] Leaving safepoint region
[2022-06-13T01:30:38.917+0000][1][safepoint    ] Total time for which application threads were stopped: 0.0007671 seconds, Stopping threads took: 0.0005453 seconds
[2022-06-13T01:30:38.921+0000][1][safepoint    ] Application time: 0.0042896 seconds
[2022-06-13T01:30:38.922+0000][1][safepoint    ] Entering safepoint region: RevokeBias
[2022-06-13T01:30:38.926+0000][1][safepoint    ] Leaving safepoint region
[2022-06-13T01:30:38.927+0000][1][safepoint    ] Total time for which application threads were stopped: 0.0051274 seconds, Stopping threads took: 0.0045589 seconds
[2022-06-13T01:30:38.944+0000][1][safepoint    ] Application time: 0.0167393 seconds
[2022-06-13T01:30:38.944+0000][1][safepoint    ] Entering safepoint region: Deoptimize
[2022-06-13T01:30:38.945+0000][1][safepoint    ] Leaving safepoint region
[2022-06-13T01:30:38.945+0000][1][safepoint    ] Total time for which application threads were stopped: 0.0004725 seconds, Stopping threads took: 0.0002224 seconds
[2022-06-13T01:30:39.071+0000][1][safepoint    ] Application time: 0.1252958 seconds
[2022-06-13T01:30:39.071+0000][1][safepoint    ] Entering safepoint region: RevokeBias
[2022-06-13T01:30:39.072+0000][1][safepoint    ] Leaving safepoint region
[2022-06-13T01:30:39.072+0000][1][safepoint    ] Total time for which application threads were stopped: 0.0005933 seconds, Stopping threads took: 0.0002874 seconds
[2022-06-13T01:30:39.112+0000][1][safepoint    ] Application time: 0.0393532 seconds
[2022-06-13T01:30:39.112+0000][1][safepoint    ] Entering safepoint region: Deoptimize
[2022-06-13T01:30:39.112+0000][1][safepoint    ] Leaving safepoint region
[2022-06-13T01:30:39.113+0000][1][safepoint    ] Total time for which application threads were stopped: 0.0005244 seconds, Stopping threads took: 0.0002378 seconds
[2022-06-13T01:30:39.536+0000][1][safepoint    ] Application time: 0.4227314 seconds
[2022-06-13T01:30:39.536+0000][1][safepoint    ] Entering safepoint region: Deoptimize
[2022-06-13T01:30:39.537+0000][1][safepoint    ] Leaving safepoint region
[2022-06-13T01:30:39.537+0000][1][safepoint    ] Total time for which application threads were stopped: 0.0010924 seconds, Stopping threads took: 0.0003544 seconds
[2022-06-13T01:30:39.577+0000][1][safepoint    ] Application time: 0.0400203 seconds
[2022-06-13T01:30:39.578+0000][1][safepoint    ] Entering safepoint region: Deoptimize
[2022-06-13T01:30:39.578+0000][1][safepoint    ] Leaving safepoint region
[2022-06-13T01:30:39.578+0000][1][safepoint    ] Total time for which application threads were stopped: 0.0005841 seconds, Stopping threads took: 0.0002113 seconds
[2022-06-13T01:30:39.630+0000][1][safepoint    ] Application time: 0.0517006 seconds
[2022-06-13T01:30:39.631+0000][1][safepoint    ] Entering safepoint region: Deoptimize
[2022-06-13T01:30:39.631+0000][1][safepoint    ] Leaving safepoint region
[2022-06-13T01:30:39.632+0000][1][safepoint    ] Total time for which application threads were stopped: 0.0007660 seconds, Stopping threads took: 0.0003347 seconds
[2022-06-13T01:30:39.653+0000][1][safepoint    ] Application time: 0.0210059 seconds
[2022-06-13T01:30:39.653+0000][1][safepoint    ] Entering safepoint region: Deoptimize
[2022-06-13T01:30:39.654+0000][1][safepoint    ] Leaving safepoint region
[2022-06-13T01:30:39.654+0000][1][safepoint    ] Total time for which application threads were stopped: 0.0006350 seconds, Stopping threads took: 0.0002762 seconds
[2022-06-13T01:30:40.152+0000][1][safepoint    ] Application time: 0.4978661 seconds
[2022-06-13T01:30:40.152+0000][1][safepoint    ] Entering safepoint region: Deoptimize
[2022-06-13T01:30:40.153+0000][1][safepoint    ] Leaving safepoint region
[2022-06-13T01:30:40.153+0000][1][safepoint    ] Total time for which application threads were stopped: 0.0010198 seconds, Stopping threads took: 0.0004652 seconds
[2022-06-13T01:30:40.505+0000][1][safepoint    ] Application time: 0.3514182 seconds
[2022-06-13T01:30:40.506+0000][1][safepoint    ] Entering safepoint region: RevokeBias
[2022-06-13T01:30:40.506+0000][1][safepoint    ] Leaving safepoint region
[2022-06-13T01:30:40.506+0000][1][safepoint    ] Total time for which application threads were stopped: 0.0005866 seconds, Stopping threads took: 0.0002351 seconds
[2022-06-13T01:30:40.666+0000][1][safepoint    ] Application time: 0.1591980 seconds
[2022-06-13T01:30:40.666+0000][1][safepoint    ] Entering safepoint region: Deoptimize
[2022-06-13T01:30:40.667+0000][1][safepoint    ] Leaving safepoint region
[2022-06-13T01:30:40.667+0000][1][safepoint    ] Total time for which application threads were stopped: 0.0009979 seconds, Stopping threads took: 0.0002408 seconds
[2022-06-13T01:30:40.803+0000][1][safepoint    ] Application time: 0.1362912 seconds
[2022-06-13T01:30:40.804+0000][1][safepoint    ] Entering safepoint region: Deoptimize
[2022-06-13T01:30:40.805+0000][1][safepoint    ] Leaving safepoint region
[2022-06-13T01:30:40.805+0000][1][safepoint    ] Total time for which application threads were stopped: 0.0010590 seconds, Stopping threads took: 0.0004096 seconds
[2022-06-13T01:30:40.806+0000][1][safepoint    ] Application time: 0.0003561 seconds
[2022-06-13T01:30:40.806+0000][1][safepoint    ] Entering safepoint region: Deoptimize
[2022-06-13T01:30:40.807+0000][1][safepoint    ] Leaving safepoint region
[2022-06-13T01:30:40.807+0000][1][safepoint    ] Total time for which application threads were stopped: 0.0010232 seconds, Stopping threads took: 0.0002947 seconds
[2022-06-13T01:30:40.846+0000][1][safepoint    ] Application time: 0.0390885 seconds
[2022-06-13T01:30:40.847+0000][1][safepoint    ] Entering safepoint region: Deoptimize
[2022-06-13T01:30:40.848+0000][1][safepoint    ] Leaving safepoint region
[2022-06-13T01:30:40.848+0000][1][safepoint    ] Total time for which application threads were stopped: 0.0009039 seconds, Stopping threads took: 0.0002753 seconds
[2022-06-13T01:30:40.876+0000][1][safepoint    ] Application time: 0.0274775 seconds
[2022-06-13T01:30:40.876+0000][1][safepoint    ] Entering safepoint region: Deoptimize
[2022-06-13T01:30:40.877+0000][1][safepoint    ] Leaving safepoint region
[2022-06-13T01:30:40.877+0000][1][safepoint    ] Total time for which application threads were stopped: 0.0011308 seconds, Stopping threads took: 0.0003419 seconds
[2022-06-13T01:30:40.890+0000][1][safepoint    ] Application time: 0.0121267 seconds
[2022-06-13T01:30:40.890+0000][1][safepoint    ] Entering safepoint region: RevokeBias
[2022-06-13T01:30:40.890+0000][1][safepoint    ] Leaving safepoint region
[2022-06-13T01:30:40.891+0000][1][safepoint    ] Total time for which application threads were stopped: 0.0008486 seconds, Stopping threads took: 0.0004680 seconds
[2022-06-13T01:30:40.891+0000][1][safepoint    ] Application time: 0.0002896 seconds
[2022-06-13T01:30:40.892+0000][1][safepoint    ] Entering safepoint region: RevokeBias
[2022-06-13T01:30:40.893+0000][1][safepoint    ] Leaving safepoint region
[2022-06-13T01:30:40.895+0000][1][safepoint    ] Total time for which application threads were stopped: 0.0033633 seconds, Stopping threads took: 0.0009995 seconds
[2022-06-13T01:30:40.896+0000][1][safepoint    ] Application time: 0.0002075 seconds
[2022-06-13T01:30:40.896+0000][1][safepoint    ] Entering safepoint region: RevokeBias
[2022-06-13T01:30:40.896+0000][1][safepoint    ] Leaving safepoint region
[2022-06-13T01:30:40.896+0000][1][safepoint    ] Total time for which application threads were stopped: 0.0005991 seconds, Stopping threads took: 0.0003002 seconds
[2022-06-13T01:30:40.897+0000][1][safepoint    ] Application time: 0.0002417 seconds
[2022-06-13T01:30:40.897+0000][1][safepoint    ] Entering safepoint region: RevokeBias
[2022-06-13T01:30:40.898+0000][1][safepoint    ] Leaving safepoint region
[2022-06-13T01:30:40.898+0000][1][safepoint    ] Total time for which application threads were stopped: 0.0007878 seconds, Stopping threads took: 0.0004463 seconds
[2022-06-13T01:30:40.899+0000][1][safepoint    ] Application time: 0.0004787 seconds
[2022-06-13T01:30:40.900+0000][1][safepoint    ] Entering safepoint region: RevokeBias
[2022-06-13T01:30:40.900+0000][1][safepoint    ] Leaving safepoint region
[2022-06-13T01:30:40.901+0000][1][safepoint    ] Total time for which application threads were stopped: 0.0010344 seconds, Stopping threads took: 0.0003960 seconds
[2022-06-13T01:30:40.914+0000][1][safepoint    ] Application time: 0.0125434 seconds
[2022-06-13T01:30:40.914+0000][1][safepoint    ] Entering safepoint region: Deoptimize
[2022-06-13T01:30:40.915+0000][1][safepoint    ] Leaving safepoint region
[2022-06-13T01:30:40.915+0000][1][safepoint    ] Total time for which application threads were stopped: 0.0008607 seconds, Stopping threads took: 0.0002885 seconds
[2022-06-13T01:30:41.017+0000][1][safepoint    ] Application time: 0.1020211 seconds
[2022-06-13T01:30:41.018+0000][1][safepoint    ] Entering safepoint region: GenCollectForAllocation
[2022-06-13T01:30:41.018+0000][1][gc,start     ] GC(0) Pause Young (Allocation Failure)
[2022-06-13T01:30:41.019+0000][1][gc,task      ] GC(0) Using 5 workers of 13 for evacuation
[2022-06-13T01:30:41.027+0000][1][gc,age       ] GC(0) Desired survivor size 4456448 bytes, new threshold 1 (max threshold 6)
[2022-06-13T01:30:41.028+0000][1][gc,age       ] GC(0) Age table with threshold 1 (max threshold 6)
[2022-06-13T01:30:41.028+0000][1][gc,age       ] GC(0) - age   1:    8175728 bytes,    8175728 total
[2022-06-13T01:30:41.028+0000][1][gc,heap      ] GC(0) ParNew: 69952K->8092K(78656K)
[2022-06-13T01:30:41.029+0000][1][gc,heap      ] GC(0) CMS: 0K->0K(174784K)
[2022-06-13T01:30:41.029+0000][1][gc,metaspace ] GC(0) Metaspace: 12339K->12339K(1060864K)
[2022-06-13T01:30:41.029+0000][1][gc           ] GC(0) Pause Young (Allocation Failure) 68M->7M(247M) 11.269ms
[2022-06-13T01:30:41.030+0000][1][gc,cpu       ] GC(0) User=0.07s Sys=0.02s Real=0.02s
[2022-06-13T01:30:41.030+0000][1][safepoint    ] Leaving safepoint region
[2022-06-13T01:30:41.030+0000][1][safepoint    ] Total time for which application threads were stopped: 0.0123910 seconds, Stopping threads took: 0.0002860 seconds
[2022-06-13T01:30:41.031+0000][1][safepoint    ] Application time: 0.0004850 seconds
[2022-06-13T01:30:41.031+0000][1][safepoint    ] Entering safepoint region: RevokeBias
[2022-06-13T01:30:41.031+0000][1][safepoint    ] Leaving safepoint region
[2022-06-13T01:30:41.032+0000][1][safepoint    ] Total time for which application threads were stopped: 0.0005678 seconds, Stopping threads took: 0.0002768 seconds
[2022-06-13T01:30:41.032+0000][1][safepoint    ] Application time: 0.0001962 seconds
[2022-06-13T01:30:41.032+0000][1][safepoint    ] Entering safepoint region: RevokeBias
[2022-06-13T01:30:41.033+0000][1][safepoint    ] Leaving safepoint region
[2022-06-13T01:30:41.033+0000][1][safepoint    ] Total time for which application threads were stopped: 0.0005812 seconds, Stopping threads took: 0.0002859 seconds
[2022-06-13T01:30:41.033+0000][1][safepoint    ] Application time: 0.0002002 seconds
[2022-06-13T01:30:41.034+0000][1][safepoint    ] Entering safepoint region: RevokeBias
[2022-06-13T01:30:41.034+0000][1][safepoint    ] Leaving safepoint region
[2022-06-13T01:30:41.034+0000][1][safepoint    ] Total time for which application threads were stopped: 0.0006069 seconds, Stopping threads took: 0.0003309 seconds
[2022-06-13T01:30:41.035+0000][1][safepoint    ] Application time: 0.0001767 seconds
[2022-06-13T01:30:41.035+0000][1][safepoint    ] Entering safepoint region: RevokeBias
[2022-06-13T01:30:41.035+0000][1][safepoint    ] Leaving safepoint region
[2022-06-13T01:30:41.036+0000][1][safepoint    ] Total time for which application threads were stopped: 0.0011320 seconds, Stopping threads took: 0.0003061 seconds
[2022-06-13T01:30:41.037+0000][1][safepoint    ] Application time: 0.0001937 seconds
[2022-06-13T01:30:41.037+0000][1][safepoint    ] Entering safepoint region: RevokeBias
[2022-06-13T01:30:41.037+0000][1][safepoint    ] Leaving safepoint region
[2022-06-13T01:30:41.037+0000][1][safepoint    ] Total time for which application threads were stopped: 0.0005748 seconds, Stopping threads took: 0.0003047 seconds
[2022-06-13T01:30:41.038+0000][1][safepoint    ] Application time: 0.0004452 seconds
[2022-06-13T01:30:41.039+0000][1][safepoint    ] Entering safepoint region: RevokeBias
[2022-06-13T01:30:41.039+0000][1][safepoint    ] Leaving safepoint region
[2022-06-13T01:30:41.040+0000][1][safepoint    ] Total time for which application threads were stopped: 0.0008943 seconds, Stopping threads took: 0.0003278 seconds
[2022-06-13T01:30:41.040+0000][1][safepoint    ] Application time: 0.0001600 seconds
[2022-06-13T01:30:41.040+0000][1][safepoint    ] Entering safepoint region: RevokeBias
[2022-06-13T01:30:41.040+0000][1][safepoint    ] Leaving safepoint region
[2022-06-13T01:30:41.041+0000][1][safepoint    ] Total time for which application threads were stopped: 0.0005304 seconds, Stopping threads took: 0.0001963 seconds
[2022-06-13T01:30:41.041+0000][1][safepoint    ] Application time: 0.0001266 seconds
[2022-06-13T01:30:41.041+0000][1][safepoint    ] Entering safepoint region: RevokeBias
[2022-06-13T01:30:41.042+0000][1][safepoint    ] Leaving safepoint region
[2022-06-13T01:30:41.042+0000][1][safepoint    ] Total time for which application threads were stopped: 0.0005748 seconds, Stopping threads took: 0.0002993 seconds
[2022-06-13T01:30:41.042+0000][1][safepoint    ] Application time: 0.0002733 seconds
[2022-06-13T01:30:41.043+0000][1][safepoint    ] Entering safepoint region: RevokeBias
[2022-06-13T01:30:41.043+0000][1][safepoint    ] Leaving safepoint region
[2022-06-13T01:30:41.043+0000][1][safepoint    ] Total time for which application threads were stopped: 0.0005740 seconds, Stopping threads took: 0.0002729 seconds
[2022-06-13T01:30:41.044+0000][1][safepoint    ] Application time: 0.0001776 seconds
[2022-06-13T01:30:41.044+0000][1][safepoint    ] Entering safepoint region: RevokeBias
[2022-06-13T01:30:41.045+0000][1][safepoint    ] Leaving safepoint region
[2022-06-13T01:30:41.045+0000][1][safepoint    ] Total time for which application threads were stopped: 0.0008243 seconds, Stopping threads took: 0.0004864 seconds
[2022-06-13T01:30:41.045+0000][1][safepoint    ] Application time: 0.0002411 seconds
[2022-06-13T01:30:41.047+0000][1][safepoint    ] Entering safepoint region: RevokeBias
[2022-06-13T01:30:41.047+0000][1][safepoint    ] Leaving safepoint region
[2022-06-13T01:30:41.047+0000][1][safepoint    ] Total time for which application threads were stopped: 0.0008020 seconds, Stopping threads took: 0.0004410 seconds
[2022-06-13T01:30:41.048+0000][1][safepoint    ] Application time: 0.0001825 seconds
[2022-06-13T01:30:41.049+0000][1][safepoint    ] Entering safepoint region: RevokeBias
[2022-06-13T01:30:41.049+0000][1][safepoint    ] Leaving safepoint region
[2022-06-13T01:30:41.050+0000][1][safepoint    ] Total time for which application threads were stopped: 0.0012295 seconds, Stopping threads took: 0.0004172 seconds
[2022-06-13T01:30:41.051+0000][1][safepoint    ] Application time: 0.0002718 seconds
[2022-06-13T01:30:41.051+0000][1][safepoint    ] Entering safepoint region: RevokeBias
[2022-06-13T01:30:41.052+0000][1][safepoint    ] Leaving safepoint region
[2022-06-13T01:30:41.052+0000][1][safepoint    ] Total time for which application threads were stopped: 0.0008347 seconds, Stopping threads took: 0.0003163 seconds
[2022-06-13T01:30:41.054+0000][1][safepoint    ] Application time: 0.0016083 seconds
[2022-06-13T01:30:41.056+0000][1][safepoint    ] Entering safepoint region: RevokeBias
[2022-06-13T01:30:41.056+0000][1][safepoint    ] Leaving safepoint region
[2022-06-13T01:30:41.057+0000][1][safepoint    ] Total time for which application threads were stopped: 0.0007468 seconds, Stopping threads took: 0.0003985 seconds
[2022-06-13T01:30:41.059+0000][1][safepoint    ] Application time: 0.0018242 seconds
[2022-06-13T01:30:41.059+0000][1][safepoint    ] Entering safepoint region: RevokeBias
[2022-06-13T01:30:41.060+0000][1][safepoint    ] Leaving safepoint region
[2022-06-13T01:30:41.060+0000][1][safepoint    ] Total time for which application threads were stopped: 0.0009577 seconds, Stopping threads took: 0.0005275 seconds
[2022-06-13T01:30:41.061+0000][1][safepoint    ] Application time: 0.0001452 seconds
[2022-06-13T01:30:41.061+0000][1][safepoint    ] Entering safepoint region: RevokeBias
[2022-06-13T01:30:41.061+0000][1][safepoint    ] Leaving safepoint region
[2022-06-13T01:30:41.061+0000][1][safepoint    ] Total time for which application threads were stopped: 0.0005865 seconds, Stopping threads took: 0.0002962 seconds
[2022-06-13T01:30:41.062+0000][1][safepoint    ] Application time: 0.0002347 seconds
[2022-06-13T01:30:41.062+0000][1][safepoint    ] Entering safepoint region: RevokeBias
[2022-06-13T01:30:41.063+0000][1][safepoint    ] Leaving safepoint region
[2022-06-13T01:30:41.063+0000][1][safepoint    ] Total time for which application threads were stopped: 0.0008259 seconds, Stopping threads took: 0.0004112 seconds
[2022-06-13T01:30:41.064+0000][1][safepoint    ] Application time: 0.0001621 seconds
[2022-06-13T01:30:41.064+0000][1][safepoint    ] Entering safepoint region: RevokeBias
[2022-06-13T01:30:41.064+0000][1][safepoint    ] Leaving safepoint region
[2022-06-13T01:30:41.065+0000][1][safepoint    ] Total time for which application threads were stopped: 0.0007335 seconds, Stopping threads took: 0.0003350 seconds
[2022-06-13T01:30:41.066+0000][1][safepoint    ] Application time: 0.0013472 seconds
[2022-06-13T01:30:41.067+0000][1][safepoint    ] Entering safepoint region: RevokeBias
[2022-06-13T01:30:41.067+0000][1][safepoint    ] Leaving safepoint region
[2022-06-13T01:30:41.067+0000][1][safepoint    ] Total time for which application threads were stopped: 0.0007952 seconds, Stopping threads took: 0.0004224 seconds
[2022-06-13T01:30:41.068+0000][1][safepoint    ] Application time: 0.0001725 seconds
[2022-06-13T01:30:41.069+0000][1][safepoint    ] Entering safepoint region: RevokeBias
[2022-06-13T01:30:41.069+0000][1][safepoint    ] Leaving safepoint region
[2022-06-13T01:30:41.069+0000][1][safepoint    ] Total time for which application threads were stopped: 0.0008172 seconds, Stopping threads took: 0.0004239 seconds
[2022-06-13T01:30:41.070+0000][1][safepoint    ] Application time: 0.0004940 seconds
[2022-06-13T01:30:41.071+0000][1][safepoint    ] Entering safepoint region: RevokeBias
[2022-06-13T01:30:41.071+0000][1][safepoint    ] Leaving safepoint region
[2022-06-13T01:30:41.071+0000][1][safepoint    ] Total time for which application threads were stopped: 0.0007294 seconds, Stopping threads took: 0.0003835 seconds
[2022-06-13T01:30:41.073+0000][1][safepoint    ] Application time: 0.0018468 seconds
[2022-06-13T01:30:41.074+0000][1][safepoint    ] Entering safepoint region: RevokeBias
[2022-06-13T01:30:41.074+0000][1][safepoint    ] Leaving safepoint region
[2022-06-13T01:30:41.074+0000][1][safepoint    ] Total time for which application threads were stopped: 0.0008323 seconds, Stopping threads took: 0.0004359 seconds
[2022-06-13T01:30:41.075+0000][1][safepoint    ] Application time: 0.0002151 seconds
[2022-06-13T01:30:41.076+0000][1][safepoint    ] Entering safepoint region: RevokeBias
[2022-06-13T01:30:41.076+0000][1][safepoint    ] Leaving safepoint region
[2022-06-13T01:30:41.076+0000][1][safepoint    ] Total time for which application threads were stopped: 0.0006115 seconds, Stopping threads took: 0.0002915 seconds
[2022-06-13T01:30:41.077+0000][1][safepoint    ] Application time: 0.0001419 seconds
[2022-06-13T01:30:41.077+0000][1][safepoint    ] Entering safepoint region: RevokeBias
[2022-06-13T01:30:41.077+0000][1][safepoint    ] Leaving safepoint region
[2022-06-13T01:30:41.077+0000][1][safepoint    ] Total time for which application threads were stopped: 0.0005405 seconds, Stopping threads took: 0.0002484 seconds
[2022-06-13T01:30:41.078+0000][1][safepoint    ] Application time: 0.0001732 seconds
[2022-06-13T01:30:41.078+0000][1][safepoint    ] Entering safepoint region: RevokeBias
[2022-06-13T01:30:41.078+0000][1][safepoint    ] Leaving safepoint region
[2022-06-13T01:30:41.079+0000][1][safepoint    ] Total time for which application threads were stopped: 0.0004798 seconds, Stopping threads took: 0.0002543 seconds
[2022-06-13T01:30:41.079+0000][1][safepoint    ] Application time: 0.0001457 seconds
[2022-06-13T01:30:41.079+0000][1][safepoint    ] Entering safepoint region: RevokeBias
[2022-06-13T01:30:41.080+0000][1][safepoint    ] Leaving safepoint region
[2022-06-13T01:30:41.080+0000][1][safepoint    ] Total time for which application threads were stopped: 0.0007433 seconds, Stopping threads took: 0.0004017 seconds
[2022-06-13T01:30:41.324+0000][1][safepoint    ] Application time: 0.2439929 seconds
[2022-06-13T01:30:41.324+0000][1][safepoint    ] Entering safepoint region: Deoptimize
[2022-06-13T01:30:41.325+0000][1][safepoint    ] Leaving safepoint region
[2022-06-13T01:30:41.326+0000][1][safepoint    ] Total time for which application threads were stopped: 0.0013504 seconds, Stopping threads took: 0.0002197 seconds
[2022-06-13T01:30:41.508+0000][1][safepoint    ] Application time: 0.1815459 seconds
[2022-06-13T01:30:41.508+0000][1][safepoint    ] Entering safepoint region: RevokeBias
[2022-06-13T01:30:41.509+0000][1][safepoint    ] Leaving safepoint region
[2022-06-13T01:30:41.509+0000][1][safepoint    ] Total time for which application threads were stopped: 0.0009541 seconds, Stopping threads took: 0.0004468 seconds
[2022-06-13T01:30:41.648+0000][1][safepoint    ] Application time: 0.1382218 seconds
[2022-06-13T01:30:41.648+0000][1][safepoint    ] Entering safepoint region: RevokeBias
[2022-06-13T01:30:41.648+0000][1][safepoint    ] Leaving safepoint region
[2022-06-13T01:30:41.649+0000][1][safepoint    ] Total time for which application threads were stopped: 0.0008839 seconds, Stopping threads took: 0.0003010 seconds
[2022-06-13T01:30:41.652+0000][1][safepoint    ] Application time: 0.0032751 seconds
[2022-06-13T01:30:41.653+0000][1][safepoint    ] Entering safepoint region: RevokeBias
[2022-06-13T01:30:41.653+0000][1][safepoint    ] Leaving safepoint region
[2022-06-13T01:30:41.654+0000][1][safepoint    ] Total time for which application threads were stopped: 0.0006964 seconds, Stopping threads took: 0.0003199 seconds
[2022-06-13T01:30:41.684+0000][1][safepoint    ] Application time: 0.0297027 seconds
[2022-06-13T01:30:41.684+0000][1][safepoint    ] Entering safepoint region: GenCollectForAllocation
[2022-06-13T01:30:41.685+0000][1][gc,start     ] GC(1) Pause Young (Allocation Failure)
[2022-06-13T01:30:41.685+0000][1][gc,task      ] GC(1) Using 5 workers of 13 for evacuation
[2022-06-13T01:30:41.707+0000][1][gc,age       ] GC(1) Desired survivor size 4456448 bytes, new threshold 6 (max threshold 6)
[2022-06-13T01:30:41.707+0000][1][gc,age       ] GC(1) Age table with threshold 6 (max threshold 6)
[2022-06-13T01:30:41.708+0000][1][gc,age       ] GC(1) - age   1:    1997480 bytes,    1997480 total
[2022-06-13T01:30:41.708+0000][1][gc,heap      ] GC(1) ParNew: 78044K->5415K(78656K)
[2022-06-13T01:30:41.708+0000][1][gc,heap      ] GC(1) CMS: 0K->6699K(174784K)
[2022-06-13T01:30:41.708+0000][1][gc,metaspace ] GC(1) Metaspace: 14964K->14964K(1062912K)
[2022-06-13T01:30:41.708+0000][1][gc           ] GC(1) Pause Young (Allocation Failure) 76M->11M(247M) 23.885ms
[2022-06-13T01:30:41.709+0000][1][gc,cpu       ] GC(1) User=0.11s Sys=0.00s Real=0.02s
[2022-06-13T01:30:41.709+0000][1][safepoint    ] Leaving safepoint region
[2022-06-13T01:30:41.709+0000][1][safepoint    ] Total time for which application threads were stopped: 0.0251871 seconds, Stopping threads took: 0.0002716 seconds
[2022-06-13T01:30:41.710+0000][1][safepoint    ] Application time: 0.0003219 seconds
[2022-06-13T01:30:41.711+0000][1][safepoint    ] Entering safepoint region: RevokeBias
[2022-06-13T01:30:41.711+0000][1][safepoint    ] Leaving safepoint region
[2022-06-13T01:30:41.711+0000][1][safepoint    ] Total time for which application threads were stopped: 0.0005912 seconds, Stopping threads took: 0.0002324 seconds
[2022-06-13T01:30:41.712+0000][1][safepoint    ] Application time: 0.0001973 seconds
[2022-06-13T01:30:41.712+0000][1][safepoint    ] Entering safepoint region: RevokeBias
[2022-06-13T01:30:41.712+0000][1][safepoint    ] Leaving safepoint region
[2022-06-13T01:30:41.713+0000][1][safepoint    ] Total time for which application threads were stopped: 0.0006312 seconds, Stopping threads took: 0.0002991 seconds
[2022-06-13T01:30:41.713+0000][1][safepoint    ] Application time: 0.0004429 seconds
[2022-06-13T01:30:41.713+0000][1][safepoint    ] Entering safepoint region: RevokeBias
[2022-06-13T01:30:41.714+0000][1][safepoint    ] Leaving safepoint region
[2022-06-13T01:30:41.714+0000][1][safepoint    ] Total time for which application threads were stopped: 0.0006781 seconds, Stopping threads took: 0.0002595 seconds
[2022-06-13T01:30:41.714+0000][1][safepoint    ] Application time: 0.0001433 seconds
[2022-06-13T01:30:41.715+0000][1][safepoint    ] Entering safepoint region: RevokeBias
[2022-06-13T01:30:41.715+0000][1][safepoint    ] Leaving safepoint region
[2022-06-13T01:30:41.715+0000][1][safepoint    ] Total time for which application threads were stopped: 0.0005040 seconds, Stopping threads took: 0.0002712 seconds
[2022-06-13T01:30:41.716+0000][1][safepoint    ] Application time: 0.0001878 seconds
[2022-06-13T01:30:41.716+0000][1][safepoint    ] Entering safepoint region: RevokeBias
[2022-06-13T01:30:41.716+0000][1][safepoint    ] Leaving safepoint region
[2022-06-13T01:30:41.716+0000][1][safepoint    ] Total time for which application threads were stopped: 0.0004134 seconds, Stopping threads took: 0.0002005 seconds
[2022-06-13T01:30:41.716+0000][1][safepoint    ] Application time: 0.0001338 seconds
[2022-06-13T01:30:41.717+0000][1][safepoint    ] Entering safepoint region: RevokeBias
[2022-06-13T01:30:41.717+0000][1][safepoint    ] Leaving safepoint region
[2022-06-13T01:30:41.718+0000][1][safepoint    ] Total time for which application threads were stopped: 0.0009052 seconds, Stopping threads took: 0.0005405 seconds
[2022-06-13T01:30:41.718+0000][1][safepoint    ] Application time: 0.0001355 seconds
[2022-06-13T01:30:41.718+0000][1][safepoint    ] Entering safepoint region: RevokeBias
[2022-06-13T01:30:41.718+0000][1][safepoint    ] Leaving safepoint region
[2022-06-13T01:30:41.719+0000][1][safepoint    ] Total time for which application threads were stopped: 0.0005303 seconds, Stopping threads took: 0.0002856 seconds
[2022-06-13T01:30:41.719+0000][1][safepoint    ] Application time: 0.0001484 seconds
[2022-06-13T01:30:41.719+0000][1][safepoint    ] Entering safepoint region: RevokeBias
[2022-06-13T01:30:41.720+0000][1][safepoint    ] Leaving safepoint region
[2022-06-13T01:30:41.720+0000][1][safepoint    ] Total time for which application threads were stopped: 0.0005563 seconds, Stopping threads took: 0.0003332 seconds
[2022-06-13T01:30:41.720+0000][1][safepoint    ] Application time: 0.0001731 seconds
[2022-06-13T01:30:41.721+0000][1][safepoint    ] Entering safepoint region: RevokeBias
[2022-06-13T01:30:41.721+0000][1][safepoint    ] Leaving safepoint region
[2022-06-13T01:30:41.721+0000][1][safepoint    ] Total time for which application threads were stopped: 0.0004583 seconds, Stopping threads took: 0.0002511 seconds
[2022-06-13T01:30:41.721+0000][1][safepoint    ] Application time: 0.0001860 seconds
[2022-06-13T01:30:41.722+0000][1][safepoint    ] Entering safepoint region: RevokeBias
[2022-06-13T01:30:41.722+0000][1][safepoint    ] Leaving safepoint region
[2022-06-13T01:30:41.722+0000][1][safepoint    ] Total time for which application threads were stopped: 0.0004511 seconds, Stopping threads took: 0.0002442 seconds
[2022-06-13T01:30:41.722+0000][1][safepoint    ] Application time: 0.0001810 seconds
[2022-06-13T01:30:41.723+0000][1][safepoint    ] Entering safepoint region: BulkRevokeBias
[2022-06-13T01:30:41.723+0000][1][safepoint    ] Leaving safepoint region
[2022-06-13T01:30:41.723+0000][1][safepoint    ] Total time for which application threads were stopped: 0.0005787 seconds, Stopping threads took: 0.0002885 seconds
[2022-06-13T01:30:41.724+0000][1][safepoint    ] Application time: 0.0001836 seconds
[2022-06-13T01:30:41.724+0000][1][safepoint    ] Entering safepoint region: RevokeBias
[2022-06-13T01:30:41.724+0000][1][safepoint    ] Leaving safepoint region
[2022-06-13T01:30:41.724+0000][1][safepoint    ] Total time for which application threads were stopped: 0.0005542 seconds, Stopping threads took: 0.0002554 seconds
[2022-06-13T01:30:41.726+0000][1][safepoint    ] Application time: 0.0004070 seconds
[2022-06-13T01:30:41.726+0000][1][safepoint    ] Entering safepoint region: BulkRevokeBias
[2022-06-13T01:30:41.726+0000][1][safepoint    ] Leaving safepoint region
[2022-06-13T01:30:41.727+0000][1][safepoint    ] Total time for which application threads were stopped: 0.0007655 seconds, Stopping threads took: 0.0003361 seconds
[2022-06-13T01:30:41.912+0000][1][safepoint    ] Application time: 0.1850193 seconds
[2022-06-13T01:30:41.917+0000][1][safepoint    ] Entering safepoint region: GenCollectForAllocation
[2022-06-13T01:30:41.919+0000][1][gc,start     ] GC(2) Pause Young (Allocation Failure)
[2022-06-13T01:30:41.919+0000][1][gc,task      ] GC(2) Using 5 workers of 13 for evacuation
[2022-06-13T01:30:41.924+0000][1][gc,age       ] GC(2) Desired survivor size 4456448 bytes, new threshold 6 (max threshold 6)
[2022-06-13T01:30:41.924+0000][1][gc,age       ] GC(2) Age table with threshold 6 (max threshold 6)
[2022-06-13T01:30:41.925+0000][1][gc,age       ] GC(2) - age   1:    2603576 bytes,    2603576 total
[2022-06-13T01:30:41.925+0000][1][gc,age       ] GC(2) - age   2:    1183376 bytes,    3786952 total
[2022-06-13T01:30:41.926+0000][1][gc,heap      ] GC(2) ParNew: 75367K->4419K(78656K)
[2022-06-13T01:30:41.926+0000][1][gc,heap      ] GC(2) CMS: 6699K->6699K(174784K)
[2022-06-13T01:30:41.926+0000][1][gc,metaspace ] GC(2) Metaspace: 15100K->15100K(1062912K)
[2022-06-13T01:30:41.926+0000][1][gc           ] GC(2) Pause Young (Allocation Failure) 80M->10M(247M) 7.671ms
[2022-06-13T01:30:41.926+0000][1][gc,cpu       ] GC(2) User=0.04s Sys=0.00s Real=0.01s
[2022-06-13T01:30:41.927+0000][1][safepoint    ] Leaving safepoint region
[2022-06-13T01:30:41.927+0000][1][safepoint    ] Total time for which application threads were stopped: 0.0095152 seconds, Stopping threads took: 0.0008387 seconds
[2022-06-13T01:30:41.928+0000][1][safepoint    ] Application time: 0.0004536 seconds
[2022-06-13T01:30:41.928+0000][1][safepoint    ] Entering safepoint region: RevokeBias
[2022-06-13T01:30:41.929+0000][1][safepoint    ] Leaving safepoint region
[2022-06-13T01:30:41.929+0000][1][safepoint    ] Total time for which application threads were stopped: 0.0008676 seconds, Stopping threads took: 0.0004102 seconds
[2022-06-13T01:30:41.930+0000][1][safepoint    ] Application time: 0.0005808 seconds
[2022-06-13T01:30:41.930+0000][1][safepoint    ] Entering safepoint region: RevokeBias
[2022-06-13T01:30:41.931+0000][1][safepoint    ] Leaving safepoint region
[2022-06-13T01:30:41.931+0000][1][safepoint    ] Total time for which application threads were stopped: 0.0007640 seconds, Stopping threads took: 0.0003809 seconds
[2022-06-13T01:30:41.931+0000][1][safepoint    ] Application time: 0.0002008 seconds
[2022-06-13T01:30:41.932+0000][1][safepoint    ] Entering safepoint region: RevokeBias
[2022-06-13T01:30:41.932+0000][1][safepoint    ] Leaving safepoint region
[2022-06-13T01:30:41.932+0000][1][safepoint    ] Total time for which application threads were stopped: 0.0007125 seconds, Stopping threads took: 0.0003429 seconds
[2022-06-13T01:30:41.933+0000][1][safepoint    ] Application time: 0.0001701 seconds
[2022-06-13T01:30:41.933+0000][1][safepoint    ] Entering safepoint region: RevokeBias
[2022-06-13T01:30:41.934+0000][1][safepoint    ] Leaving safepoint region
[2022-06-13T01:30:41.934+0000][1][safepoint    ] Total time for which application threads were stopped: 0.0007714 seconds, Stopping threads took: 0.0004006 seconds
[2022-06-13T01:30:41.935+0000][1][safepoint    ] Application time: 0.0003732 seconds
[2022-06-13T01:30:41.935+0000][1][safepoint    ] Entering safepoint region: RevokeBias
[2022-06-13T01:30:41.936+0000][1][safepoint    ] Leaving safepoint region
[2022-06-13T01:30:41.936+0000][1][safepoint    ] Total time for which application threads were stopped: 0.0011162 seconds, Stopping threads took: 0.0006613 seconds
[2022-06-13T01:30:41.937+0000][1][safepoint    ] Application time: 0.0002032 seconds
[2022-06-13T01:30:41.938+0000][1][safepoint    ] Entering safepoint region: RevokeBias
[2022-06-13T01:30:41.938+0000][1][safepoint    ] Leaving safepoint region
[2022-06-13T01:30:41.938+0000][1][safepoint    ] Total time for which application threads were stopped: 0.0008512 seconds, Stopping threads took: 0.0005038 seconds
[2022-06-13T01:30:42.139+0000][1][safepoint    ] Application time: 0.2008492 seconds
[2022-06-13T01:30:42.140+0000][1][safepoint    ] Entering safepoint region: Deoptimize
[2022-06-13T01:30:42.141+0000][1][safepoint    ] Leaving safepoint region
[2022-06-13T01:30:42.141+0000][1][safepoint    ] Total time for which application threads were stopped: 0.0011484 seconds, Stopping threads took: 0.0003299 seconds
[2022-06-13T01:30:42.142+0000][1][safepoint    ] Application time: 0.0009493 seconds
[2022-06-13T01:30:42.143+0000][1][safepoint    ] Entering safepoint region: Deoptimize
[2022-06-13T01:30:42.144+0000][1][safepoint    ] Leaving safepoint region
[2022-06-13T01:30:42.144+0000][1][safepoint    ] Total time for which application threads were stopped: 0.0013740 seconds, Stopping threads took: 0.0005234 seconds
[2022-06-13T01:30:42.531+0000][1][safepoint    ] Application time: 0.3863900 seconds
[2022-06-13T01:30:42.531+0000][1][safepoint    ] Entering safepoint region: GenCollectForAllocation
[2022-06-13T01:30:42.532+0000][1][gc,start     ] GC(3) Pause Young (Allocation Failure)
[2022-06-13T01:30:42.532+0000][1][gc,task      ] GC(3) Using 5 workers of 13 for evacuation
[2022-06-13T01:30:42.536+0000][1][gc,age       ] GC(3) Desired survivor size 4456448 bytes, new threshold 3 (max threshold 6)
[2022-06-13T01:30:42.537+0000][1][gc,age       ] GC(3) Age table with threshold 3 (max threshold 6)
[2022-06-13T01:30:42.537+0000][1][gc,age       ] GC(3) - age   1:    3230064 bytes,    3230064 total
[2022-06-13T01:30:42.537+0000][1][gc,age       ] GC(3) - age   2:     319728 bytes,    3549792 total
[2022-06-13T01:30:42.538+0000][1][gc,age       ] GC(3) - age   3:    1180336 bytes,    4730128 total
[2022-06-13T01:30:42.538+0000][1][gc,heap      ] GC(3) ParNew: 74371K->6000K(78656K)
[2022-06-13T01:30:42.539+0000][1][gc,heap      ] GC(3) CMS: 6699K->6699K(174784K)
[2022-06-13T01:30:42.539+0000][1][gc,metaspace ] GC(3) Metaspace: 18468K->18468K(1067008K)
[2022-06-13T01:30:42.539+0000][1][gc           ] GC(3) Pause Young (Allocation Failure) 79M->12M(247M) 7.177ms
[2022-06-13T01:30:42.539+0000][1][gc,cpu       ] GC(3) User=0.03s Sys=0.00s Real=0.01s
[2022-06-13T01:30:42.540+0000][1][safepoint    ] Leaving safepoint region
[2022-06-13T01:30:42.540+0000][1][safepoint    ] Total time for which application threads were stopped: 0.0085695 seconds, Stopping threads took: 0.0003827 seconds
[2022-06-13T01:30:42.541+0000][1][safepoint    ] Application time: 0.0004084 seconds
[2022-06-13T01:30:42.541+0000][1][safepoint    ] Entering safepoint region: RevokeBias
[2022-06-13T01:30:42.542+0000][1][safepoint    ] Leaving safepoint region
[2022-06-13T01:30:42.542+0000][1][safepoint    ] Total time for which application threads were stopped: 0.0012986 seconds, Stopping threads took: 0.0007131 seconds
[2022-06-13T01:30:42.543+0000][1][safepoint    ] Application time: 0.0002354 seconds
[2022-06-13T01:30:42.543+0000][1][safepoint    ] Entering safepoint region: RevokeBias
[2022-06-13T01:30:42.544+0000][1][safepoint    ] Leaving safepoint region
[2022-06-13T01:30:42.544+0000][1][safepoint    ] Total time for which application threads were stopped: 0.0007975 seconds, Stopping threads took: 0.0004442 seconds
[2022-06-13T01:30:42.544+0000][1][safepoint    ] Application time: 0.0001555 seconds
[2022-06-13T01:30:42.545+0000][1][safepoint    ] Entering safepoint region: RevokeBias
[2022-06-13T01:30:42.546+0000][1][safepoint    ] Leaving safepoint region
[2022-06-13T01:30:42.546+0000][1][safepoint    ] Total time for which application threads were stopped: 0.0009064 seconds, Stopping threads took: 0.0004391 seconds
[2022-06-13T01:30:42.546+0000][1][safepoint    ] Application time: 0.0001395 seconds
[2022-06-13T01:30:42.547+0000][1][safepoint    ] Entering safepoint region: RevokeBias
[2022-06-13T01:30:42.547+0000][1][safepoint    ] Leaving safepoint region
[2022-06-13T01:30:42.548+0000][1][safepoint    ] Total time for which application threads were stopped: 0.0010556 seconds, Stopping threads took: 0.0006804 seconds
[2022-06-13T01:30:42.548+0000][1][safepoint    ] Application time: 0.0002209 seconds
[2022-06-13T01:30:42.549+0000][1][safepoint    ] Entering safepoint region: RevokeBias
[2022-06-13T01:30:42.549+0000][1][safepoint    ] Leaving safepoint region
[2022-06-13T01:30:42.549+0000][1][safepoint    ] Total time for which application threads were stopped: 0.0007105 seconds, Stopping threads took: 0.0002818 seconds
[2022-06-13T01:30:42.550+0000][1][safepoint    ] Application time: 0.0002007 seconds
[2022-06-13T01:30:42.550+0000][1][safepoint    ] Entering safepoint region: RevokeBias
[2022-06-13T01:30:42.550+0000][1][safepoint    ] Leaving safepoint region
[2022-06-13T01:30:42.551+0000][1][safepoint    ] Total time for which application threads were stopped: 0.0006103 seconds, Stopping threads took: 0.0002840 seconds
[2022-06-13T01:30:42.551+0000][1][safepoint    ] Application time: 0.0001813 seconds
[2022-06-13T01:30:42.552+0000][1][safepoint    ] Entering safepoint region: RevokeBias
[2022-06-13T01:30:42.552+0000][1][safepoint    ] Leaving safepoint region
[2022-06-13T01:30:42.552+0000][1][safepoint    ] Total time for which application threads were stopped: 0.0010112 seconds, Stopping threads took: 0.0006386 seconds
[2022-06-13T01:30:42.553+0000][1][safepoint    ] Application time: 0.0001429 seconds
[2022-06-13T01:30:42.553+0000][1][safepoint    ] Entering safepoint region: RevokeBias
[2022-06-13T01:30:42.553+0000][1][safepoint    ] Leaving safepoint region
[2022-06-13T01:30:42.554+0000][1][safepoint    ] Total time for which application threads were stopped: 0.0006332 seconds, Stopping threads took: 0.0002755 seconds
[2022-06-13T01:30:42.554+0000][1][safepoint    ] Application time: 0.0002019 seconds
[2022-06-13T01:30:42.555+0000][1][safepoint    ] Entering safepoint region: RevokeBias
[2022-06-13T01:30:42.555+0000][1][safepoint    ] Leaving safepoint region
[2022-06-13T01:30:42.555+0000][1][safepoint    ] Total time for which application threads were stopped: 0.0007563 seconds, Stopping threads took: 0.0004259 seconds
[2022-06-13T01:30:42.556+0000][1][safepoint    ] Application time: 0.0001540 seconds
[2022-06-13T01:30:42.556+0000][1][safepoint    ] Entering safepoint region: RevokeBias
[2022-06-13T01:30:42.556+0000][1][safepoint    ] Leaving safepoint region
[2022-06-13T01:30:42.557+0000][1][safepoint    ] Total time for which application threads were stopped: 0.0005814 seconds, Stopping threads took: 0.0002806 seconds
[2022-06-13T01:30:42.557+0000][1][safepoint    ] Application time: 0.0001601 seconds
[2022-06-13T01:30:42.558+0000][1][safepoint    ] Entering safepoint region: RevokeBias
[2022-06-13T01:30:42.558+0000][1][safepoint    ] Leaving safepoint region
[2022-06-13T01:30:42.558+0000][1][safepoint    ] Total time for which application threads were stopped: 0.0009068 seconds, Stopping threads took: 0.0006282 seconds
[2022-06-13T01:30:42.559+0000][1][safepoint    ] Application time: 0.0001463 seconds
[2022-06-13T01:30:42.559+0000][1][safepoint    ] Entering safepoint region: RevokeBias
[2022-06-13T01:30:42.559+0000][1][safepoint    ] Leaving safepoint region
[2022-06-13T01:30:42.559+0000][1][safepoint    ] Total time for which application threads were stopped: 0.0006413 seconds, Stopping threads took: 0.0002897 seconds
[2022-06-13T01:30:42.560+0000][1][safepoint    ] Application time: 0.0001890 seconds
[2022-06-13T01:30:42.560+0000][1][safepoint    ] Entering safepoint region: RevokeBias
[2022-06-13T01:30:42.560+0000][1][safepoint    ] Leaving safepoint region
[2022-06-13T01:30:42.561+0000][1][safepoint    ] Total time for which application threads were stopped: 0.0005424 seconds, Stopping threads took: 0.0002418 seconds
[2022-06-13T01:30:42.561+0000][1][safepoint    ] Application time: 0.0002080 seconds
[2022-06-13T01:30:42.562+0000][1][safepoint    ] Entering safepoint region: RevokeBias
[2022-06-13T01:30:42.562+0000][1][safepoint    ] Leaving safepoint region
[2022-06-13T01:30:42.562+0000][1][safepoint    ] Total time for which application threads were stopped: 0.0007589 seconds, Stopping threads took: 0.0003883 seconds
[2022-06-13T01:30:42.563+0000][1][safepoint    ] Application time: 0.0001784 seconds
[2022-06-13T01:30:42.563+0000][1][safepoint    ] Entering safepoint region: RevokeBias
[2022-06-13T01:30:42.564+0000][1][safepoint    ] Leaving safepoint region
[2022-06-13T01:30:42.564+0000][1][safepoint    ] Total time for which application threads were stopped: 0.0007973 seconds, Stopping threads took: 0.0003812 seconds
[2022-06-13T01:30:42.564+0000][1][safepoint    ] Application time: 0.0001883 seconds
[2022-06-13T01:30:42.565+0000][1][safepoint    ] Entering safepoint region: RevokeBias
[2022-06-13T01:30:42.565+0000][1][safepoint    ] Leaving safepoint region
[2022-06-13T01:30:42.565+0000][1][safepoint    ] Total time for which application threads were stopped: 0.0007287 seconds, Stopping threads took: 0.0003891 seconds
[2022-06-13T01:30:42.566+0000][1][safepoint    ] Application time: 0.0001489 seconds
[2022-06-13T01:30:42.566+0000][1][safepoint    ] Entering safepoint region: RevokeBias
[2022-06-13T01:30:42.566+0000][1][safepoint    ] Leaving safepoint region
[2022-06-13T01:30:42.567+0000][1][safepoint    ] Total time for which application threads were stopped: 0.0006446 seconds, Stopping threads took: 0.0002890 seconds
[2022-06-13T01:30:42.567+0000][1][safepoint    ] Application time: 0.0002414 seconds
[2022-06-13T01:30:42.568+0000][1][safepoint    ] Entering safepoint region: RevokeBias
[2022-06-13T01:30:42.568+0000][1][safepoint    ] Leaving safepoint region
[2022-06-13T01:30:42.569+0000][1][safepoint    ] Total time for which application threads were stopped: 0.0011478 seconds, Stopping threads took: 0.0008063 seconds
[2022-06-13T01:30:42.569+0000][1][safepoint    ] Application time: 0.0002077 seconds
[2022-06-13T01:30:42.570+0000][1][safepoint    ] Entering safepoint region: RevokeBias
[2022-06-13T01:30:42.570+0000][1][safepoint    ] Leaving safepoint region
[2022-06-13T01:30:42.571+0000][1][safepoint    ] Total time for which application threads were stopped: 0.0011987 seconds, Stopping threads took: 0.0008553 seconds
[2022-06-13T01:30:42.571+0000][1][safepoint    ] Application time: 0.0001995 seconds
[2022-06-13T01:30:42.571+0000][1][safepoint    ] Entering safepoint region: RevokeBias
[2022-06-13T01:30:42.572+0000][1][safepoint    ] Leaving safepoint region
[2022-06-13T01:30:42.572+0000][1][safepoint    ] Total time for which application threads were stopped: 0.0006611 seconds, Stopping threads took: 0.0003496 seconds
[2022-06-13T01:30:42.572+0000][1][safepoint    ] Application time: 0.0001617 seconds
[2022-06-13T01:30:42.573+0000][1][safepoint    ] Entering safepoint region: RevokeBias
[2022-06-13T01:30:42.573+0000][1][safepoint    ] Leaving safepoint region
[2022-06-13T01:30:42.573+0000][1][safepoint    ] Total time for which application threads were stopped: 0.0007868 seconds, Stopping threads took: 0.0003737 seconds
[2022-06-13T01:30:42.747+0000][1][safepoint    ] Application time: 0.1729214 seconds
[2022-06-13T01:30:42.752+0000][1][safepoint    ] Entering safepoint region: GenCollectForAllocation
[2022-06-13T01:30:42.757+0000][1][gc,start     ] GC(4) Pause Young (Allocation Failure)
[2022-06-13T01:30:42.760+0000][1][gc,task      ] GC(4) Using 5 workers of 13 for evacuation
[2022-06-13T01:30:42.768+0000][1][gc,age       ] GC(4) Desired survivor size 4456448 bytes, new threshold 2 (max threshold 6)
[2022-06-13T01:30:42.768+0000][1][gc,age       ] GC(4) Age table with threshold 2 (max threshold 6)
[2022-06-13T01:30:42.769+0000][1][gc,age       ] GC(4) - age   1:    1531456 bytes,    1531456 total
[2022-06-13T01:30:42.769+0000][1][gc,age       ] GC(4) - age   2:    3193496 bytes,    4724952 total
[2022-06-13T01:30:42.770+0000][1][gc,age       ] GC(4) - age   3:     319200 bytes,    5044152 total
[2022-06-13T01:30:42.770+0000][1][gc,heap      ] GC(4) ParNew: 75952K->7449K(78656K)
[2022-06-13T01:30:42.770+0000][1][gc,heap      ] GC(4) CMS: 6699K->7869K(174784K)
[2022-06-13T01:30:42.771+0000][1][gc,metaspace ] GC(4) Metaspace: 18792K->18792K(1067008K)
[2022-06-13T01:30:42.771+0000][1][gc           ] GC(4) Pause Young (Allocation Failure) 80M->14M(247M) 13.464ms
[2022-06-13T01:30:42.771+0000][1][gc,cpu       ] GC(4) User=0.07s Sys=0.01s Real=0.02s
[2022-06-13T01:30:42.771+0000][1][safepoint    ] Leaving safepoint region
[2022-06-13T01:30:42.772+0000][1][safepoint    ] Total time for which application threads were stopped: 0.0201103 seconds, Stopping threads took: 0.0056927 seconds
[2022-06-13T01:30:42.773+0000][1][safepoint    ] Application time: 0.0015067 seconds
[2022-06-13T01:30:42.775+0000][1][safepoint    ] Entering safepoint region: RevokeBias
[2022-06-13T01:30:42.776+0000][1][safepoint    ] Leaving safepoint region
[2022-06-13T01:30:42.776+0000][1][safepoint    ] Total time for which application threads were stopped: 0.0006761 seconds, Stopping threads took: 0.0002977 seconds
[2022-06-13T01:30:42.776+0000][1][safepoint    ] Application time: 0.0001725 seconds
[2022-06-13T01:30:42.777+0000][1][safepoint    ] Entering safepoint region: RevokeBias
[2022-06-13T01:30:42.778+0000][1][safepoint    ] Leaving safepoint region
[2022-06-13T01:30:42.778+0000][1][safepoint    ] Total time for which application threads were stopped: 0.0007288 seconds, Stopping threads took: 0.0003163 seconds
[2022-06-13T01:30:42.778+0000][1][safepoint    ] Application time: 0.0003942 seconds
[2022-06-13T01:30:42.781+0000][1][safepoint    ] Entering safepoint region: RevokeBias
[2022-06-13T01:30:42.781+0000][1][safepoint    ] Leaving safepoint region
[2022-06-13T01:30:42.781+0000][1][safepoint    ] Total time for which application threads were stopped: 0.0006448 seconds, Stopping threads took: 0.0003621 seconds
[2022-06-13T01:30:42.782+0000][1][safepoint    ] Application time: 0.0008143 seconds
[2022-06-13T01:30:42.783+0000][1][safepoint    ] Entering safepoint region: RevokeBias
[2022-06-13T01:30:42.785+0000][1][safepoint    ] Leaving safepoint region
[2022-06-13T01:30:42.785+0000][1][safepoint    ] Total time for which application threads were stopped: 0.0021395 seconds, Stopping threads took: 0.0012893 seconds
[2022-06-13T01:30:42.822+0000][1][safepoint    ] Application time: 0.0365077 seconds
[2022-06-13T01:30:42.823+0000][1][safepoint    ] Entering safepoint region: Deoptimize
[2022-06-13T01:30:42.823+0000][1][safepoint    ] Leaving safepoint region
[2022-06-13T01:30:42.824+0000][1][safepoint    ] Total time for which application threads were stopped: 0.0010317 seconds, Stopping threads took: 0.0002444 seconds
[2022-06-13T01:30:42.894+0000][1][safepoint    ] Application time: 0.0703540 seconds
[2022-06-13T01:30:42.895+0000][1][safepoint    ] Entering safepoint region: Deoptimize
[2022-06-13T01:30:42.896+0000][1][safepoint    ] Leaving safepoint region
[2022-06-13T01:30:42.896+0000][1][safepoint    ] Total time for which application threads were stopped: 0.0011138 seconds, Stopping threads took: 0.0003162 seconds
[2022-06-13T01:30:43.093+0000][1][safepoint    ] Application time: 0.1970139 seconds
[2022-06-13T01:30:43.096+0000][1][safepoint    ] Entering safepoint region: GenCollectForAllocation
[2022-06-13T01:30:43.096+0000][1][gc,start     ] GC(5) Pause Young (Allocation Failure)
[2022-06-13T01:30:43.098+0000][1][gc,task      ] GC(5) Using 5 workers of 13 for evacuation
[2022-06-13T01:30:43.105+0000][1][gc,age       ] GC(5) Desired survivor size 4456448 bytes, new threshold 6 (max threshold 6)
[2022-06-13T01:30:43.107+0000][1][gc,age       ] GC(5) Age table with threshold 6 (max threshold 6)
[2022-06-13T01:30:43.107+0000][1][gc,age       ] GC(5) - age   1:    2224928 bytes,    2224928 total
[2022-06-13T01:30:43.107+0000][1][gc,age       ] GC(5) - age   2:     554072 bytes,    2779000 total
[2022-06-13T01:30:43.108+0000][1][gc,heap      ] GC(5) ParNew: 77401K->4729K(78656K)
[2022-06-13T01:30:43.108+0000][1][gc,heap      ] GC(5) CMS: 7869K->11324K(174784K)
[2022-06-13T01:30:43.108+0000][1][gc,metaspace ] GC(5) Metaspace: 19136K->19136K(1067008K)
[2022-06-13T01:30:43.109+0000][1][gc           ] GC(5) Pause Young (Allocation Failure) 83M->15M(247M) 12.380ms
[2022-06-13T01:30:43.109+0000][1][gc,cpu       ] GC(5) User=0.09s Sys=0.00s Real=0.01s
[2022-06-13T01:30:43.109+0000][1][safepoint    ] Leaving safepoint region
[2022-06-13T01:30:43.110+0000][1][safepoint    ] Total time for which application threads were stopped: 0.0139103 seconds, Stopping threads took: 0.0003639 seconds
[2022-06-13T01:30:43.116+0000][1][safepoint    ] Application time: 0.0063753 seconds
[2022-06-13T01:30:43.118+0000][1][safepoint    ] Entering safepoint region: RevokeBias
[2022-06-13T01:30:43.118+0000][1][safepoint    ] Leaving safepoint region
[2022-06-13T01:30:43.119+0000][1][safepoint    ] Total time for which application threads were stopped: 0.0007806 seconds, Stopping threads took: 0.0004624 seconds
[2022-06-13T01:30:43.119+0000][1][safepoint    ] Application time: 0.0003179 seconds
[2022-06-13T01:30:43.120+0000][1][safepoint    ] Entering safepoint region: RevokeBias
[2022-06-13T01:30:43.120+0000][1][safepoint    ] Leaving safepoint region
[2022-06-13T01:30:43.121+0000][1][safepoint    ] Total time for which application threads were stopped: 0.0007409 seconds, Stopping threads took: 0.0003529 seconds
[2022-06-13T01:30:43.122+0000][1][safepoint    ] Application time: 0.0005876 seconds
[2022-06-13T01:30:43.124+0000][1][safepoint    ] Entering safepoint region: RevokeBias
[2022-06-13T01:30:43.126+0000][1][safepoint    ] Leaving safepoint region
[2022-06-13T01:30:43.126+0000][1][safepoint    ] Total time for which application threads were stopped: 0.0021328 seconds, Stopping threads took: 0.0017707 seconds
[2022-06-13T01:30:43.127+0000][1][safepoint    ] Application time: 0.0001891 seconds
[2022-06-13T01:30:43.127+0000][1][safepoint    ] Entering safepoint region: RevokeBias
[2022-06-13T01:30:43.127+0000][1][safepoint    ] Leaving safepoint region
[2022-06-13T01:30:43.127+0000][1][safepoint    ] Total time for which application threads were stopped: 0.0006266 seconds, Stopping threads took: 0.0003040 seconds
[2022-06-13T01:30:43.128+0000][1][safepoint    ] Application time: 0.0001907 seconds
[2022-06-13T01:30:43.128+0000][1][safepoint    ] Entering safepoint region: RevokeBias
[2022-06-13T01:30:43.129+0000][1][safepoint    ] Leaving safepoint region
[2022-06-13T01:30:43.129+0000][1][safepoint    ] Total time for which application threads were stopped: 0.0006435 seconds, Stopping threads took: 0.0003285 seconds
[2022-06-13T01:30:43.129+0000][1][safepoint    ] Application time: 0.0001623 seconds
[2022-06-13T01:30:43.130+0000][1][safepoint    ] Entering safepoint region: RevokeBias
[2022-06-13T01:30:43.130+0000][1][safepoint    ] Leaving safepoint region
[2022-06-13T01:30:43.130+0000][1][safepoint    ] Total time for which application threads were stopped: 0.0004769 seconds, Stopping threads took: 0.0002185 seconds
[2022-06-13T01:30:43.256+0000][1][safepoint    ] Application time: 0.1257039 seconds
[2022-06-13T01:30:43.256+0000][1][safepoint    ] Entering safepoint region: RevokeBias
[2022-06-13T01:30:43.257+0000][1][safepoint    ] Leaving safepoint region
[2022-06-13T01:30:43.257+0000][1][safepoint    ] Total time for which application threads were stopped: 0.0006029 seconds, Stopping threads took: 0.0002302 seconds
[2022-06-13T01:30:43.258+0000][1][safepoint    ] Application time: 0.0004374 seconds
[2022-06-13T01:30:43.258+0000][1][safepoint    ] Entering safepoint region: BulkRevokeBias
[2022-06-13T01:30:43.258+0000][1][safepoint    ] Leaving safepoint region
[2022-06-13T01:30:43.258+0000][1][safepoint    ] Total time for which application threads were stopped: 0.0005047 seconds, Stopping threads took: 0.0001901 seconds
[2022-06-13T01:30:43.291+0000][1][safepoint    ] Application time: 0.0320838 seconds
[2022-06-13T01:30:43.291+0000][1][safepoint    ] Entering safepoint region: GenCollectForAllocation
[2022-06-13T01:30:43.291+0000][1][gc,start     ] GC(6) Pause Young (Allocation Failure)
[2022-06-13T01:30:43.291+0000][1][gc,task      ] GC(6) Using 5 workers of 13 for evacuation
[2022-06-13T01:30:43.294+0000][1][gc,age       ] GC(6) Desired survivor size 4456448 bytes, new threshold 6 (max threshold 6)
[2022-06-13T01:30:43.294+0000][1][gc,age       ] GC(6) Age table with threshold 6 (max threshold 6)
[2022-06-13T01:30:43.294+0000][1][gc,age       ] GC(6) - age   1:    1322744 bytes,    1322744 total
[2022-06-13T01:30:43.295+0000][1][gc,age       ] GC(6) - age   2:    2195904 bytes,    3518648 total
[2022-06-13T01:30:43.295+0000][1][gc,age       ] GC(6) - age   3:     554072 bytes,    4072720 total
[2022-06-13T01:30:43.295+0000][1][gc,heap      ] GC(6) ParNew: 74681K->4734K(78656K)
[2022-06-13T01:30:43.295+0000][1][gc,heap      ] GC(6) CMS: 11324K->11324K(174784K)
[2022-06-13T01:30:43.296+0000][1][gc,metaspace ] GC(6) Metaspace: 19442K->19442K(1067008K)
[2022-06-13T01:30:43.296+0000][1][gc           ] GC(6) Pause Young (Allocation Failure) 83M->15M(247M) 4.517ms
[2022-06-13T01:30:43.296+0000][1][gc,cpu       ] GC(6) User=0.02s Sys=0.01s Real=0.00s
[2022-06-13T01:30:43.296+0000][1][safepoint    ] Leaving safepoint region
[2022-06-13T01:30:43.297+0000][1][safepoint    ] Total time for which application threads were stopped: 0.0055826 seconds, Stopping threads took: 0.0002220 seconds
[2022-06-13T01:30:43.297+0000][1][safepoint    ] Application time: 0.0003481 seconds
[2022-06-13T01:30:43.297+0000][1][safepoint    ] Entering safepoint region: BulkRevokeBias
[2022-06-13T01:30:43.298+0000][1][safepoint    ] Leaving safepoint region
[2022-06-13T01:30:43.298+0000][1][safepoint    ] Total time for which application threads were stopped: 0.0007486 seconds, Stopping threads took: 0.0003145 seconds
[2022-06-13T01:30:43.469+0000][1][safepoint    ] Application time: 0.1702864 seconds
[2022-06-13T01:30:43.469+0000][1][safepoint    ] Entering safepoint region: GenCollectForAllocation
[2022-06-13T01:30:43.469+0000][1][gc,start     ] GC(7) Pause Young (Allocation Failure)
[2022-06-13T01:30:43.469+0000][1][gc,task      ] GC(7) Using 5 workers of 13 for evacuation
[2022-06-13T01:30:43.472+0000][1][gc,age       ] GC(7) Desired survivor size 4456448 bytes, new threshold 6 (max threshold 6)
[2022-06-13T01:30:43.472+0000][1][gc,age       ] GC(7) Age table with threshold 6 (max threshold 6)
[2022-06-13T01:30:43.472+0000][1][gc,age       ] GC(7) - age   1:     547568 bytes,     547568 total
[2022-06-13T01:30:43.472+0000][1][gc,age       ] GC(7) - age   2:    1129672 bytes,    1677240 total
[2022-06-13T01:30:43.473+0000][1][gc,age       ] GC(7) - age   3:    2193896 bytes,    3871136 total
[2022-06-13T01:30:43.473+0000][1][gc,age       ] GC(7) - age   4:     554072 bytes,    4425208 total
[2022-06-13T01:30:43.473+0000][1][gc,heap      ] GC(7) ParNew: 74686K->5647K(78656K)
[2022-06-13T01:30:43.473+0000][1][gc,heap      ] GC(7) CMS: 11324K->11324K(174784K)
[2022-06-13T01:30:43.473+0000][1][gc,metaspace ] GC(7) Metaspace: 19996K->19996K(1067008K)
[2022-06-13T01:30:43.474+0000][1][gc           ] GC(7) Pause Young (Allocation Failure) 83M->16M(247M) 4.385ms
[2022-06-13T01:30:43.474+0000][1][gc,cpu       ] GC(7) User=0.01s Sys=0.00s Real=0.00s
[2022-06-13T01:30:43.474+0000][1][safepoint    ] Leaving safepoint region
[2022-06-13T01:30:43.474+0000][1][safepoint    ] Total time for which application threads were stopped: 0.0052096 seconds, Stopping threads took: 0.0001592 seconds
[2022-06-13T01:30:43.484+0000][1][safepoint    ] Application time: 0.0095107 seconds
[2022-06-13T01:30:43.484+0000][1][safepoint    ] Entering safepoint region: CollectForMetadataAllocation
[2022-06-13T01:30:43.485+0000][1][safepoint    ] Leaving safepoint region
[2022-06-13T01:30:43.485+0000][1][safepoint    ] Total time for which application threads were stopped: 0.0007955 seconds, Stopping threads took: 0.0003231 seconds
[2022-06-13T01:30:43.528+0000][1][safepoint    ] Application time: 0.0424472 seconds
[2022-06-13T01:30:43.528+0000][1][safepoint    ] Entering safepoint region: CollectForMetadataAllocation
[2022-06-13T01:30:43.529+0000][1][safepoint    ] Leaving safepoint region
[2022-06-13T01:30:43.529+0000][1][safepoint    ] Total time for which application threads were stopped: 0.0013624 seconds, Stopping threads took: 0.0002605 seconds
[2022-06-13T01:30:43.658+0000][1][safepoint    ] Application time: 0.1282731 seconds
[2022-06-13T01:30:43.658+0000][1][safepoint    ] Entering safepoint region: GenCollectForAllocation
[2022-06-13T01:30:43.659+0000][1][gc,start     ] GC(8) Pause Young (Allocation Failure)
[2022-06-13T01:30:43.659+0000][1][gc,task      ] GC(8) Using 5 workers of 13 for evacuation
[2022-06-13T01:30:43.661+0000][1][gc,age       ] GC(8) Desired survivor size 4456448 bytes, new threshold 4 (max threshold 6)
[2022-06-13T01:30:43.662+0000][1][gc,age       ] GC(8) Age table with threshold 4 (max threshold 6)
[2022-06-13T01:30:43.662+0000][1][gc,age       ] GC(8) - age   1:     663568 bytes,     663568 total
[2022-06-13T01:30:43.662+0000][1][gc,age       ] GC(8) - age   2:     527232 bytes,    1190800 total
[2022-06-13T01:30:43.662+0000][1][gc,age       ] GC(8) - age   3:    1129576 bytes,    2320376 total
[2022-06-13T01:30:43.663+0000][1][gc,age       ] GC(8) - age   4:    2193608 bytes,    4513984 total
[2022-06-13T01:30:43.663+0000][1][gc,age       ] GC(8) - age   5:     554072 bytes,    5068056 total
[2022-06-13T01:30:43.663+0000][1][gc,heap      ] GC(8) ParNew: 75599K->5891K(78656K)
[2022-06-13T01:30:43.663+0000][1][gc,heap      ] GC(8) CMS: 11324K->11324K(174784K)
[2022-06-13T01:30:43.664+0000][1][gc,metaspace ] GC(8) Metaspace: 20500K->20500K(1069056K)
[2022-06-13T01:30:43.664+0000][1][gc           ] GC(8) Pause Young (Allocation Failure) 84M->16M(247M) 5.395ms
[2022-06-13T01:30:43.664+0000][1][gc,cpu       ] GC(8) User=0.03s Sys=0.01s Real=0.01s
[2022-06-13T01:30:43.665+0000][1][safepoint    ] Leaving safepoint region
[2022-06-13T01:30:43.665+0000][1][safepoint    ] Total time for which application threads were stopped: 0.0069237 seconds, Stopping threads took: 0.0002217 seconds
[2022-06-13T01:30:43.666+0000][1][safepoint    ] Application time: 0.0003281 seconds
[2022-06-13T01:30:43.666+0000][1][safepoint    ] Entering safepoint region: CMS_Initial_Mark
[2022-06-13T01:30:43.667+0000][1][gc,start     ] GC(9) Pause Initial Mark
[2022-06-13T01:30:43.668+0000][1][gc           ] GC(9) Pause Initial Mark 18M->18M(247M) 1.225ms
[2022-06-13T01:30:43.668+0000][1][gc,cpu       ] GC(9) User=0.00s Sys=0.00s Real=0.00s
[2022-06-13T01:30:43.668+0000][1][safepoint    ] Leaving safepoint region
[2022-06-13T01:30:43.669+0000][1][safepoint    ] Total time for which application threads were stopped: 0.0025669 seconds, Stopping threads took: 0.0004301 seconds
[2022-06-13T01:30:43.669+0000][1][gc           ] GC(9) Concurrent Mark
[2022-06-13T01:30:43.670+0000][1][gc,task      ] GC(9) Using 4 workers of 4 for marking
[2022-06-13T01:30:43.676+0000][1][gc           ] GC(9) Concurrent Mark 6.800ms
[2022-06-13T01:30:43.676+0000][1][gc,cpu       ] GC(9) User=0.03s Sys=0.00s Real=0.00s
[2022-06-13T01:30:43.677+0000][1][gc           ] GC(9) Concurrent Preclean
[2022-06-13T01:30:43.678+0000][1][gc           ] GC(9) Concurrent Preclean 0.962ms
[2022-06-13T01:30:43.678+0000][1][gc,cpu       ] GC(9) User=0.01s Sys=0.00s Real=0.00s
[2022-06-13T01:30:43.678+0000][1][gc           ] GC(9) Concurrent Abortable Preclean
[2022-06-13T01:30:43.777+0000][1][safepoint    ] Application time: 0.1082965 seconds
[2022-06-13T01:30:43.778+0000][1][safepoint    ] Entering safepoint region: GenCollectForAllocation
[2022-06-13T01:30:43.778+0000][1][gc,start     ] GC(10) Pause Young (Allocation Failure)
[2022-06-13T01:30:43.778+0000][1][gc,task      ] GC(10) Using 5 workers of 13 for evacuation
[2022-06-13T01:30:43.785+0000][1][gc,age       ] GC(10) Desired survivor size 4456448 bytes, new threshold 6 (max threshold 6)
[2022-06-13T01:30:43.785+0000][1][gc,age       ] GC(10) Age table with threshold 6 (max threshold 6)
[2022-06-13T01:30:43.785+0000][1][gc,age       ] GC(10) - age   1:     914456 bytes,     914456 total
[2022-06-13T01:30:43.786+0000][1][gc,age       ] GC(10) - age   2:     467928 bytes,    1382384 total
[2022-06-13T01:30:43.786+0000][1][gc,age       ] GC(10) - age   3:     527112 bytes,    1909496 total
[2022-06-13T01:30:43.787+0000][1][gc,age       ] GC(10) - age   4:    1129576 bytes,    3039072 total
[2022-06-13T01:30:43.787+0000][1][gc,heap      ] GC(10) ParNew: 75843K->6291K(78656K)
[2022-06-13T01:30:43.788+0000][1][gc,heap      ] GC(10) CMS: 11324K->14032K(174784K)
[2022-06-13T01:30:43.788+0000][1][gc,metaspace ] GC(10) Metaspace: 20610K->20610K(1069056K)
[2022-06-13T01:30:43.788+0000][1][gc           ] GC(10) Pause Young (Allocation Failure) 85M->19M(247M) 9.804ms
[2022-06-13T01:30:43.788+0000][1][gc,cpu       ] GC(10) User=0.01s Sys=0.01s Real=0.01s
[2022-06-13T01:30:43.789+0000][1][safepoint    ] Leaving safepoint region
[2022-06-13T01:30:43.789+0000][1][safepoint    ] Total time for which application threads were stopped: 0.0111738 seconds, Stopping threads took: 0.0003174 seconds
[2022-06-13T01:30:43.915+0000][1][safepoint    ] Application time: 0.1256304 seconds
[2022-06-13T01:30:43.916+0000][1][safepoint    ] Entering safepoint region: GenCollectForAllocation
[2022-06-13T01:30:43.916+0000][1][gc,start     ] GC(11) Pause Young (Allocation Failure)
[2022-06-13T01:30:43.916+0000][1][gc,task      ] GC(11) Using 5 workers of 13 for evacuation
[2022-06-13T01:30:43.919+0000][1][gc,age       ] GC(11) Desired survivor size 4456448 bytes, new threshold 6 (max threshold 6)
[2022-06-13T01:30:43.919+0000][1][gc,age       ] GC(11) Age table with threshold 6 (max threshold 6)
[2022-06-13T01:30:43.920+0000][1][gc,age       ] GC(11) - age   1:    1853568 bytes,    1853568 total
[2022-06-13T01:30:43.920+0000][1][gc,age       ] GC(11) - age   2:      99144 bytes,    1952712 total
[2022-06-13T01:30:43.920+0000][1][gc,age       ] GC(11) - age   3:     467928 bytes,    2420640 total
[2022-06-13T01:30:43.920+0000][1][gc,age       ] GC(11) - age   4:     526960 bytes,    2947600 total
[2022-06-13T01:30:43.920+0000][1][gc,age       ] GC(11) - age   5:    1129288 bytes,    4076888 total
[2022-06-13T01:30:43.921+0000][1][gc,heap      ] GC(11) ParNew: 76243K->5626K(78656K)
[2022-06-13T01:30:43.921+0000][1][gc,heap      ] GC(11) CMS: 14032K->14032K(174784K)
[2022-06-13T01:30:43.921+0000][1][gc,metaspace ] GC(11) Metaspace: 20686K->20686K(1069056K)
[2022-06-13T01:30:43.921+0000][1][gc           ] GC(11) Pause Young (Allocation Failure) 88M->19M(247M) 5.370ms
[2022-06-13T01:30:43.922+0000][1][gc,cpu       ] GC(11) User=0.02s Sys=0.00s Real=0.01s
[2022-06-13T01:30:43.922+0000][1][safepoint    ] Leaving safepoint region
[2022-06-13T01:30:43.922+0000][1][safepoint    ] Total time for which application threads were stopped: 0.0063887 seconds, Stopping threads took: 0.0002797 seconds
[2022-06-13T01:30:43.984+0000][1][safepoint    ] Application time: 0.0621007 seconds
[2022-06-13T01:30:43.985+0000][1][safepoint    ] Entering safepoint region: CollectForMetadataAllocation
[2022-06-13T01:30:43.985+0000][1][safepoint    ] Leaving safepoint region
[2022-06-13T01:30:43.985+0000][1][safepoint    ] Total time for which application threads were stopped: 0.0007183 seconds, Stopping threads took: 0.0002732 seconds
[2022-06-13T01:30:44.008+0000][1][gc           ] GC(9) Concurrent Abortable Preclean 329.687ms
[2022-06-13T01:30:44.011+0000][1][gc,cpu       ] GC(9) User=0.69s Sys=0.07s Real=0.34s
[2022-06-13T01:30:44.016+0000][1][safepoint    ] Application time: 0.0308364 seconds
[2022-06-13T01:30:44.017+0000][1][safepoint    ] Entering safepoint region: CMS_Final_Remark
[2022-06-13T01:30:44.018+0000][1][gc,start     ] GC(9) Pause Remark
[2022-06-13T01:30:44.031+0000][1][gc           ] GC(9) Pause Remark 55M->55M(247M) 13.336ms
[2022-06-13T01:30:44.031+0000][1][gc,cpu       ] GC(9) User=0.03s Sys=0.00s Real=0.02s
[2022-06-13T01:30:44.032+0000][1][safepoint    ] Leaving safepoint region
[2022-06-13T01:30:44.032+0000][1][safepoint    ] Total time for which application threads were stopped: 0.0148537 seconds, Stopping threads took: 0.0005399 seconds
[2022-06-13T01:30:44.032+0000][1][gc           ] GC(9) Concurrent Sweep
[2022-06-13T01:30:44.037+0000][1][gc           ] GC(9) Concurrent Sweep 4.497ms
[2022-06-13T01:30:44.037+0000][1][gc,cpu       ] GC(9) User=0.01s Sys=0.00s Real=0.00s
[2022-06-13T01:30:44.037+0000][1][gc           ] GC(9) Concurrent Reset
[2022-06-13T01:30:44.038+0000][1][gc           ] GC(9) Concurrent Reset 0.641ms
[2022-06-13T01:30:44.038+0000][1][gc,cpu       ] GC(9) User=0.00s Sys=0.00s Real=0.00s
[2022-06-13T01:30:44.038+0000][1][gc,heap      ] GC(9) Old: 11324K->14006K(174784K)
[2022-06-13T01:30:44.335+0000][1][safepoint    ] Application time: 0.3031914 seconds
[2022-06-13T01:30:44.336+0000][1][safepoint    ] Entering safepoint region: Deoptimize
[2022-06-13T01:30:44.337+0000][1][safepoint    ] Leaving safepoint region
[2022-06-13T01:30:44.338+0000][1][safepoint    ] Total time for which application threads were stopped: 0.0021451 seconds, Stopping threads took: 0.0003520 seconds
[2022-06-13T01:30:44.415+0000][1][safepoint    ] Application time: 0.0768340 seconds
[2022-06-13T01:30:44.416+0000][1][safepoint    ] Entering safepoint region: Deoptimize
[2022-06-13T01:30:44.416+0000][1][safepoint    ] Leaving safepoint region
[2022-06-13T01:30:44.417+0000][1][safepoint    ] Total time for which application threads were stopped: 0.0013525 seconds, Stopping threads took: 0.0004446 seconds
[2022-06-13T01:30:44.418+0000][1][safepoint    ] Application time: 0.0008220 seconds
[2022-06-13T01:30:44.418+0000][1][safepoint    ] Entering safepoint region: Deoptimize
[2022-06-13T01:30:44.419+0000][1][safepoint    ] Leaving safepoint region
[2022-06-13T01:30:44.419+0000][1][safepoint    ] Total time for which application threads were stopped: 0.0009362 seconds, Stopping threads took: 0.0003309 seconds
[2022-06-13T01:30:44.434+0000][1][safepoint    ] Application time: 0.0143924 seconds
[2022-06-13T01:30:44.435+0000][1][safepoint    ] Entering safepoint region: RevokeBias
[2022-06-13T01:30:44.435+0000][1][safepoint    ] Leaving safepoint region
[2022-06-13T01:30:44.435+0000][1][safepoint    ] Total time for which application threads were stopped: 0.0007705 seconds, Stopping threads took: 0.0002766 seconds
[2022-06-13T01:30:44.436+0000][1][safepoint    ] Application time: 0.0006930 seconds
[2022-06-13T01:30:44.437+0000][1][safepoint    ] Entering safepoint region: Deoptimize
[2022-06-13T01:30:44.437+0000][1][safepoint    ] Leaving safepoint region
[2022-06-13T01:30:44.438+0000][1][safepoint    ] Total time for which application threads were stopped: 0.0009712 seconds, Stopping threads took: 0.0002516 seconds
[2022-06-13T01:30:44.447+0000][1][safepoint    ] Application time: 0.0088489 seconds
[2022-06-13T01:30:44.447+0000][1][safepoint    ] Entering safepoint region: Deoptimize
[2022-06-13T01:30:44.448+0000][1][safepoint    ] Leaving safepoint region
[2022-06-13T01:30:44.449+0000][1][safepoint    ] Total time for which application threads were stopped: 0.0011734 seconds, Stopping threads took: 0.0003981 seconds
[2022-06-13T01:30:44.589+0000][1][safepoint    ] Application time: 0.1401431 seconds
[2022-06-13T01:30:44.589+0000][1][safepoint    ] Entering safepoint region: GenCollectForAllocation
[2022-06-13T01:30:44.590+0000][1][gc,start     ] GC(12) Pause Young (Allocation Failure)
[2022-06-13T01:30:44.590+0000][1][gc,task      ] GC(12) Using 5 workers of 13 for evacuation
[2022-06-13T01:30:44.597+0000][1][gc,age       ] GC(12) Desired survivor size 4456448 bytes, new threshold 4 (max threshold 6)
[2022-06-13T01:30:44.598+0000][1][gc,age       ] GC(12) Age table with threshold 4 (max threshold 6)
[2022-06-13T01:30:44.598+0000][1][gc,age       ] GC(12) - age   1:    3941400 bytes,    3941400 total
[2022-06-13T01:30:44.598+0000][1][gc,age       ] GC(12) - age   2:     344976 bytes,    4286376 total
[2022-06-13T01:30:44.598+0000][1][gc,age       ] GC(12) - age   3:      98880 bytes,    4385256 total
[2022-06-13T01:30:44.598+0000][1][gc,age       ] GC(12) - age   4:     467512 bytes,    4852768 total
[2022-06-13T01:30:44.599+0000][1][gc,age       ] GC(12) - age   5:     522016 bytes,    5374784 total
[2022-06-13T01:30:44.599+0000][1][gc,age       ] GC(12) - age   6:    1129128 bytes,    6503912 total
[2022-06-13T01:30:44.599+0000][1][gc,heap      ] GC(12) ParNew: 75578K->8145K(78656K)
[2022-06-13T01:30:44.600+0000][1][gc,heap      ] GC(12) CMS: 14006K->14006K(174784K)
[2022-06-13T01:30:44.600+0000][1][gc,metaspace ] GC(12) Metaspace: 26480K->26480K(1073152K)
[2022-06-13T01:30:44.600+0000][1][gc           ] GC(12) Pause Young (Allocation Failure) 87M->21M(247M) 10.610ms
[2022-06-13T01:30:44.601+0000][1][gc,cpu       ] GC(12) User=0.04s Sys=0.00s Real=0.01s
[2022-06-13T01:30:44.601+0000][1][safepoint    ] Leaving safepoint region
[2022-06-13T01:30:44.601+0000][1][safepoint    ] Total time for which application threads were stopped: 0.0118744 seconds, Stopping threads took: 0.0002944 seconds
[2022-06-13T01:30:45.479+0000][1][safepoint    ] Application time: 0.8776054 seconds
[2022-06-13T01:30:45.480+0000][1][safepoint    ] Entering safepoint region: RevokeBias
[2022-06-13T01:30:45.480+0000][1][safepoint    ] Leaving safepoint region
[2022-06-13T01:30:45.480+0000][1][safepoint    ] Total time for which application threads were stopped: 0.0009383 seconds, Stopping threads took: 0.0002103 seconds
[2022-06-13T01:30:45.615+0000][1][safepoint    ] Application time: 0.1343173 seconds
[2022-06-13T01:30:45.618+0000][1][safepoint    ] Entering safepoint region: GenCollectForAllocation
[2022-06-13T01:30:45.619+0000][1][gc,start     ] GC(13) Pause Young (Allocation Failure)
[2022-06-13T01:30:45.620+0000][1][gc,task      ] GC(13) Using 5 workers of 13 for evacuation
[2022-06-13T01:30:45.675+0000][1][gc,age       ] GC(13) Desired survivor size 4456448 bytes, new threshold 1 (max threshold 6)
[2022-06-13T01:30:45.677+0000][1][gc,age       ] GC(13) Age table with threshold 1 (max threshold 6)
[2022-06-13T01:30:45.679+0000][1][gc,age       ] GC(13) - age   1:    5019040 bytes,    5019040 total
[2022-06-13T01:30:45.681+0000][1][gc,age       ] GC(13) - age   2:    3449736 bytes,    8468776 total
[2022-06-13T01:30:45.683+0000][1][gc,age       ] GC(13) - age   3:     344776 bytes,    8813552 total
[2022-06-13T01:30:45.684+0000][1][gc,age       ] GC(13) - age   4:      98880 bytes,    8912432 total
[2022-06-13T01:30:45.684+0000][1][gc,heap      ] GC(13) ParNew: 78097K->8704K(78656K)
[2022-06-13T01:30:45.684+0000][1][gc,heap      ] GC(13) CMS: 14006K->26356K(174784K)
[2022-06-13T01:30:45.684+0000][1][gc,metaspace ] GC(13) Metaspace: 27120K->27120K(1075200K)
[2022-06-13T01:30:45.685+0000][1][gc           ] GC(13) Pause Young (Allocation Failure) 89M->34M(247M) 65.195ms
[2022-06-13T01:30:45.685+0000][1][gc,cpu       ] GC(13) User=0.44s Sys=0.00s Real=0.06s
[2022-06-13T01:30:45.685+0000][1][safepoint    ] Leaving safepoint region
[2022-06-13T01:30:45.685+0000][1][safepoint    ] Total time for which application threads were stopped: 0.0676520 seconds, Stopping threads took: 0.0015594 seconds
[2022-06-13T01:30:45.894+0000][1][safepoint    ] Application time: 0.2082165 seconds
[2022-06-13T01:30:45.894+0000][1][safepoint    ] Entering safepoint region: Deoptimize
[2022-06-13T01:30:45.895+0000][1][safepoint    ] Leaving safepoint region
[2022-06-13T01:30:45.895+0000][1][safepoint    ] Total time for which application threads were stopped: 0.0011088 seconds, Stopping threads took: 0.0002494 seconds
[2022-06-13T01:30:46.247+0000][1][safepoint    ] Application time: 0.3512913 seconds
[2022-06-13T01:30:46.248+0000][1][safepoint    ] Entering safepoint region: GenCollectForAllocation
[2022-06-13T01:30:46.248+0000][1][gc,start     ] GC(14) Pause Young (Allocation Failure)
[2022-06-13T01:30:46.248+0000][1][gc,task      ] GC(14) Using 5 workers of 13 for evacuation
[2022-06-13T01:30:46.274+0000][1][gc,age       ] GC(14) Desired survivor size 4456448 bytes, new threshold 1 (max threshold 6)
[2022-06-13T01:30:46.274+0000][1][gc,age       ] GC(14) Age table with threshold 1 (max threshold 6)
[2022-06-13T01:30:46.274+0000][1][gc,age       ] GC(14) - age   1:    8912736 bytes,    8912736 total
[2022-06-13T01:30:46.275+0000][1][gc,heap      ] GC(14) ParNew: 78656K->8704K(78656K)
[2022-06-13T01:30:46.275+0000][1][gc,heap      ] GC(14) CMS: 26356K->39370K(174784K)
[2022-06-13T01:30:46.275+0000][1][gc,metaspace ] GC(14) Metaspace: 27244K->27244K(1075200K)
[2022-06-13T01:30:46.276+0000][1][gc           ] GC(14) Pause Young (Allocation Failure) 102M->46M(247M) 27.464ms
[2022-06-13T01:30:46.276+0000][1][gc,cpu       ] GC(14) User=0.15s Sys=0.00s Real=0.03s
[2022-06-13T01:30:46.276+0000][1][safepoint    ] Leaving safepoint region
[2022-06-13T01:30:46.276+0000][1][safepoint    ] Total time for which application threads were stopped: 0.0288291 seconds, Stopping threads took: 0.0004478 seconds
[2022-06-13T01:30:46.512+0000][1][safepoint    ] Application time: 0.2348816 seconds
[2022-06-13T01:30:46.512+0000][1][safepoint    ] Entering safepoint region: RevokeBias
[2022-06-13T01:30:46.513+0000][1][safepoint    ] Leaving safepoint region
[2022-06-13T01:30:46.513+0000][1][safepoint    ] Total time for which application threads were stopped: 0.0009276 seconds, Stopping threads took: 0.0004355 seconds
[2022-06-13T01:30:46.881+0000][1][safepoint    ] Application time: 0.3673900 seconds
[2022-06-13T01:30:46.881+0000][1][safepoint    ] Entering safepoint region: RevokeBias
[2022-06-13T01:30:46.882+0000][1][safepoint    ] Leaving safepoint region
[2022-06-13T01:30:46.882+0000][1][safepoint    ] Total time for which application threads were stopped: 0.0006899 seconds, Stopping threads took: 0.0002701 seconds
[2022-06-13T01:30:46.912+0000][1][safepoint    ] Application time: 0.0298100 seconds
[2022-06-13T01:30:46.913+0000][1][safepoint    ] Entering safepoint region: RevokeBias
[2022-06-13T01:30:46.913+0000][1][safepoint    ] Leaving safepoint region
[2022-06-13T01:30:46.913+0000][1][safepoint    ] Total time for which application threads were stopped: 0.0005585 seconds, Stopping threads took: 0.0002727 seconds
[2022-06-13T01:30:47.147+0000][1][safepoint    ] Application time: 0.2337468 seconds
[2022-06-13T01:30:47.148+0000][1][safepoint    ] Entering safepoint region: GenCollectForAllocation
[2022-06-13T01:30:47.148+0000][1][gc,start     ] GC(15) Pause Young (Allocation Failure)
[2022-06-13T01:30:47.149+0000][1][gc,task      ] GC(15) Using 5 workers of 13 for evacuation
[2022-06-13T01:30:47.167+0000][1][gc,age       ] GC(15) Desired survivor size 4456448 bytes, new threshold 1 (max threshold 6)
[2022-06-13T01:30:47.167+0000][1][gc,age       ] GC(15) Age table with threshold 1 (max threshold 6)
[2022-06-13T01:30:47.168+0000][1][gc,age       ] GC(15) - age   1:    6208368 bytes,    6208368 total
[2022-06-13T01:30:47.168+0000][1][gc,heap      ] GC(15) ParNew: 78656K->8704K(78656K)
[2022-06-13T01:30:47.168+0000][1][gc,heap      ] GC(15) CMS: 39370K->49654K(174784K)
[2022-06-13T01:30:47.168+0000][1][gc,metaspace ] GC(15) Metaspace: 32635K->32635K(1079296K)
[2022-06-13T01:30:47.169+0000][1][gc           ] GC(15) Pause Young (Allocation Failure) 115M->56M(247M) 20.437ms
[2022-06-13T01:30:47.169+0000][1][gc,cpu       ] GC(15) User=0.09s Sys=0.01s Real=0.02s
[2022-06-13T01:30:47.169+0000][1][safepoint    ] Leaving safepoint region
[2022-06-13T01:30:47.169+0000][1][safepoint    ] Total time for which application threads were stopped: 0.0216091 seconds, Stopping threads took: 0.0003575 seconds
[2022-06-13T01:30:47.341+0000][1][safepoint    ] Application time: 0.1715422 seconds
[2022-06-13T01:30:47.342+0000][1][safepoint    ] Entering safepoint region: GenCollectForAllocation
[2022-06-13T01:30:47.342+0000][1][gc,start     ] GC(16) Pause Young (Allocation Failure)
[2022-06-13T01:30:47.342+0000][1][gc,task      ] GC(16) Using 5 workers of 13 for evacuation
[2022-06-13T01:30:47.350+0000][1][gc,age       ] GC(16) Desired survivor size 4456448 bytes, new threshold 6 (max threshold 6)
[2022-06-13T01:30:47.350+0000][1][gc,age       ] GC(16) Age table with threshold 6 (max threshold 6)
[2022-06-13T01:30:47.350+0000][1][gc,age       ] GC(16) - age   1:     299544 bytes,     299544 total
[2022-06-13T01:30:47.351+0000][1][gc,heap      ] GC(16) ParNew: 78656K->6664K(78656K)
[2022-06-13T01:30:47.351+0000][1][gc,heap      ] GC(16) CMS: 49654K->55766K(174784K)
[2022-06-13T01:30:47.351+0000][1][gc,metaspace ] GC(16) Metaspace: 33040K->33040K(1079296K)
[2022-06-13T01:30:47.351+0000][1][gc           ] GC(16) Pause Young (Allocation Failure) 125M->60M(247M) 9.461ms
[2022-06-13T01:30:47.352+0000][1][gc,cpu       ] GC(16) User=0.05s Sys=0.00s Real=0.01s
[2022-06-13T01:30:47.352+0000][1][safepoint    ] Leaving safepoint region
[2022-06-13T01:30:47.352+0000][1][safepoint    ] Total time for which application threads were stopped: 0.0103807 seconds, Stopping threads took: 0.0002717 seconds
[2022-06-13T01:30:47.737+0000][1][safepoint    ] Application time: 0.3844467 seconds
[2022-06-13T01:30:47.737+0000][1][safepoint    ] Entering safepoint region: CollectForMetadataAllocation
[2022-06-13T01:30:47.737+0000][1][safepoint    ] Leaving safepoint region
[2022-06-13T01:30:47.738+0000][1][safepoint    ] Total time for which application threads were stopped: 0.0006944 seconds, Stopping threads took: 0.0002148 seconds
[2022-06-13T01:30:47.757+0000][1][safepoint    ] Application time: 0.0195908 seconds
[2022-06-13T01:30:47.758+0000][1][safepoint    ] Entering safepoint region: CollectForMetadataAllocation
[2022-06-13T01:30:47.758+0000][1][safepoint    ] Leaving safepoint region
[2022-06-13T01:30:47.759+0000][1][safepoint    ] Total time for which application threads were stopped: 0.0010735 seconds, Stopping threads took: 0.0002899 seconds
[2022-06-13T01:30:47.780+0000][1][safepoint    ] Application time: 0.0203877 seconds
[2022-06-13T01:30:47.780+0000][1][safepoint    ] Entering safepoint region: CollectForMetadataAllocation
[2022-06-13T01:30:47.780+0000][1][safepoint    ] Leaving safepoint region
[2022-06-13T01:30:47.781+0000][1][safepoint    ] Total time for which application threads were stopped: 0.0007812 seconds, Stopping threads took: 0.0002673 seconds
[2022-06-13T01:30:47.812+0000][1][safepoint    ] Application time: 0.0309537 seconds
[2022-06-13T01:30:47.812+0000][1][safepoint    ] Entering safepoint region: CollectForMetadataAllocation
[2022-06-13T01:30:47.813+0000][1][safepoint    ] Leaving safepoint region
[2022-06-13T01:30:47.813+0000][1][safepoint    ] Total time for which application threads were stopped: 0.0006568 seconds, Stopping threads took: 0.0002646 seconds
[2022-06-13T01:30:47.839+0000][1][safepoint    ] Application time: 0.0257679 seconds
[2022-06-13T01:30:47.840+0000][1][safepoint    ] Entering safepoint region: CollectForMetadataAllocation
[2022-06-13T01:30:47.840+0000][1][safepoint    ] Leaving safepoint region
[2022-06-13T01:30:47.840+0000][1][safepoint    ] Total time for which application threads were stopped: 0.0005646 seconds, Stopping threads took: 0.0001890 seconds
[2022-06-13T01:30:47.861+0000][1][safepoint    ] Application time: 0.0203401 seconds
[2022-06-13T01:30:47.861+0000][1][safepoint    ] Entering safepoint region: CollectForMetadataAllocation
[2022-06-13T01:30:47.862+0000][1][safepoint    ] Leaving safepoint region
[2022-06-13T01:30:47.863+0000][1][safepoint    ] Total time for which application threads were stopped: 0.0012888 seconds, Stopping threads took: 0.0002475 seconds
[2022-06-13T01:30:47.894+0000][1][safepoint    ] Application time: 0.0306814 seconds
[2022-06-13T01:30:47.894+0000][1][safepoint    ] Entering safepoint region: CollectForMetadataAllocation
[2022-06-13T01:30:47.894+0000][1][safepoint    ] Leaving safepoint region
[2022-06-13T01:30:47.895+0000][1][safepoint    ] Total time for which application threads were stopped: 0.0006287 seconds, Stopping threads took: 0.0001690 seconds
[2022-06-13T01:30:47.939+0000][1][safepoint    ] Application time: 0.0437406 seconds
[2022-06-13T01:30:47.939+0000][1][safepoint    ] Entering safepoint region: CollectForMetadataAllocation
[2022-06-13T01:30:47.940+0000][1][safepoint    ] Leaving safepoint region
[2022-06-13T01:30:47.940+0000][1][safepoint    ] Total time for which application threads were stopped: 0.0010594 seconds, Stopping threads took: 0.0004354 seconds
[2022-06-13T01:30:47.942+0000][1][safepoint    ] Application time: 0.0017357 seconds
[2022-06-13T01:30:47.943+0000][1][safepoint    ] Entering safepoint region: RevokeBias
[2022-06-13T01:30:47.943+0000][1][safepoint    ] Leaving safepoint region
[2022-06-13T01:30:47.943+0000][1][safepoint    ] Total time for which application threads were stopped: 0.0005871 seconds, Stopping threads took: 0.0002577 seconds
[2022-06-13T01:30:47.974+0000][1][safepoint    ] Application time: 0.0307077 seconds
[2022-06-13T01:30:47.974+0000][1][safepoint    ] Entering safepoint region: CollectForMetadataAllocation
[2022-06-13T01:30:47.975+0000][1][safepoint    ] Leaving safepoint region
[2022-06-13T01:30:47.975+0000][1][safepoint    ] Total time for which application threads were stopped: 0.0010176 seconds, Stopping threads took: 0.0002970 seconds
[2022-06-13T01:30:47.999+0000][1][safepoint    ] Application time: 0.0230843 seconds
[2022-06-13T01:30:47.999+0000][1][safepoint    ] Entering safepoint region: CollectForMetadataAllocation
[2022-06-13T01:30:48.000+0000][1][safepoint    ] Leaving safepoint region
[2022-06-13T01:30:48.000+0000][1][safepoint    ] Total time for which application threads were stopped: 0.0006498 seconds, Stopping threads took: 0.0002746 seconds
[2022-06-13T01:30:48.016+0000][1][safepoint    ] Application time: 0.0161240 seconds
[2022-06-13T01:30:48.017+0000][1][safepoint    ] Entering safepoint region: CollectForMetadataAllocation
[2022-06-13T01:30:48.018+0000][1][safepoint    ] Leaving safepoint region
[2022-06-13T01:30:48.018+0000][1][safepoint    ] Total time for which application threads were stopped: 0.0012393 seconds, Stopping threads took: 0.0001545 seconds
[2022-06-13T01:30:48.040+0000][1][safepoint    ] Application time: 0.0224330 seconds
[2022-06-13T01:30:48.041+0000][1][safepoint    ] Entering safepoint region: CollectForMetadataAllocation
[2022-06-13T01:30:48.041+0000][1][safepoint    ] Leaving safepoint region
[2022-06-13T01:30:48.041+0000][1][safepoint    ] Total time for which application threads were stopped: 0.0004187 seconds, Stopping threads took: 0.0001698 seconds
[2022-06-13T01:30:48.069+0000][1][safepoint    ] Application time: 0.0273784 seconds
[2022-06-13T01:30:48.069+0000][1][safepoint    ] Entering safepoint region: CollectForMetadataAllocation
[2022-06-13T01:30:48.069+0000][1][safepoint    ] Leaving safepoint region
[2022-06-13T01:30:48.070+0000][1][safepoint    ] Total time for which application threads were stopped: 0.0006013 seconds, Stopping threads took: 0.0002007 seconds
[2022-06-13T01:30:48.090+0000][1][safepoint    ] Application time: 0.0206777 seconds
[2022-06-13T01:30:48.091+0000][1][safepoint    ] Entering safepoint region: CollectForMetadataAllocation
[2022-06-13T01:30:48.091+0000][1][safepoint    ] Leaving safepoint region
[2022-06-13T01:30:48.092+0000][1][safepoint    ] Total time for which application threads were stopped: 0.0013364 seconds, Stopping threads took: 0.0005168 seconds
[2022-06-13T01:30:48.107+0000][1][safepoint    ] Application time: 0.0146389 seconds
[2022-06-13T01:30:48.108+0000][1][safepoint    ] Entering safepoint region: CollectForMetadataAllocation
[2022-06-13T01:30:48.108+0000][1][safepoint    ] Leaving safepoint region
[2022-06-13T01:30:48.108+0000][1][safepoint    ] Total time for which application threads were stopped: 0.0007690 seconds, Stopping threads took: 0.0003571 seconds
[2022-06-13T01:30:48.135+0000][1][safepoint    ] Application time: 0.0259467 seconds
[2022-06-13T01:30:48.135+0000][1][safepoint    ] Entering safepoint region: CollectForMetadataAllocation
[2022-06-13T01:30:48.136+0000][1][safepoint    ] Leaving safepoint region
[2022-06-13T01:30:48.136+0000][1][safepoint    ] Total time for which application threads were stopped: 0.0005925 seconds, Stopping threads took: 0.0002381 seconds
[2022-06-13T01:30:48.166+0000][1][safepoint    ] Application time: 0.0294749 seconds
[2022-06-13T01:30:48.166+0000][1][safepoint    ] Entering safepoint region: CollectForMetadataAllocation
[2022-06-13T01:30:48.167+0000][1][safepoint    ] Leaving safepoint region
[2022-06-13T01:30:48.167+0000][1][safepoint    ] Total time for which application threads were stopped: 0.0011056 seconds, Stopping threads took: 0.0001945 seconds
[2022-06-13T01:30:48.183+0000][1][safepoint    ] Application time: 0.0158448 seconds
[2022-06-13T01:30:48.183+0000][1][safepoint    ] Entering safepoint region: CollectForMetadataAllocation
[2022-06-13T01:30:48.184+0000][1][safepoint    ] Leaving safepoint region
[2022-06-13T01:30:48.184+0000][1][safepoint    ] Total time for which application threads were stopped: 0.0005068 seconds, Stopping threads took: 0.0002031 seconds
[2022-06-13T01:30:48.210+0000][1][safepoint    ] Application time: 0.0254896 seconds
[2022-06-13T01:30:48.210+0000][1][safepoint    ] Entering safepoint region: CollectForMetadataAllocation
[2022-06-13T01:30:48.211+0000][1][safepoint    ] Leaving safepoint region
[2022-06-13T01:30:48.211+0000][1][safepoint    ] Total time for which application threads were stopped: 0.0008822 seconds, Stopping threads took: 0.0003977 seconds
[2022-06-13T01:30:48.225+0000][1][safepoint    ] Application time: 0.0136510 seconds
[2022-06-13T01:30:48.225+0000][1][safepoint    ] Entering safepoint region: CollectForMetadataAllocation
[2022-06-13T01:30:48.226+0000][1][safepoint    ] Leaving safepoint region
[2022-06-13T01:30:48.226+0000][1][safepoint    ] Total time for which application threads were stopped: 0.0007669 seconds, Stopping threads took: 0.0002979 seconds
[2022-06-13T01:30:48.262+0000][1][safepoint    ] Application time: 0.0361059 seconds
[2022-06-13T01:30:48.263+0000][1][safepoint    ] Entering safepoint region: CollectForMetadataAllocation
[2022-06-13T01:30:48.263+0000][1][safepoint    ] Leaving safepoint region
[2022-06-13T01:30:48.263+0000][1][safepoint    ] Total time for which application threads were stopped: 0.0005444 seconds, Stopping threads took: 0.0002166 seconds
[2022-06-13T01:30:48.285+0000][1][safepoint    ] Application time: 0.0217182 seconds
[2022-06-13T01:30:48.286+0000][1][safepoint    ] Entering safepoint region: CollectForMetadataAllocation
[2022-06-13T01:30:48.286+0000][1][safepoint    ] Leaving safepoint region
[2022-06-13T01:30:48.287+0000][1][safepoint    ] Total time for which application threads were stopped: 0.0009209 seconds, Stopping threads took: 0.0004298 seconds
[2022-06-13T01:30:48.311+0000][1][safepoint    ] Application time: 0.0240723 seconds
[2022-06-13T01:30:48.312+0000][1][safepoint    ] Entering safepoint region: CollectForMetadataAllocation
[2022-06-13T01:30:48.313+0000][1][safepoint    ] Leaving safepoint region
[2022-06-13T01:30:48.313+0000][1][safepoint    ] Total time for which application threads were stopped: 0.0012111 seconds, Stopping threads took: 0.0004905 seconds
[2022-06-13T01:30:48.336+0000][1][safepoint    ] Application time: 0.0225954 seconds
[2022-06-13T01:30:48.337+0000][1][safepoint    ] Entering safepoint region: CollectForMetadataAllocation
[2022-06-13T01:30:48.338+0000][1][safepoint    ] Leaving safepoint region
[2022-06-13T01:30:48.338+0000][1][safepoint    ] Total time for which application threads were stopped: 0.0013708 seconds, Stopping threads took: 0.0005522 seconds
[2022-06-13T01:30:48.368+0000][1][safepoint    ] Application time: 0.0291602 seconds
[2022-06-13T01:30:48.368+0000][1][safepoint    ] Entering safepoint region: CollectForMetadataAllocation
[2022-06-13T01:30:48.369+0000][1][safepoint    ] Leaving safepoint region
[2022-06-13T01:30:48.370+0000][1][safepoint    ] Total time for which application threads were stopped: 0.0014714 seconds, Stopping threads took: 0.0003442 seconds
[2022-06-13T01:30:48.376+0000][1][safepoint    ] Application time: 0.0059390 seconds
[2022-06-13T01:30:48.377+0000][1][safepoint    ] Entering safepoint region: RevokeBias
[2022-06-13T01:30:48.377+0000][1][safepoint    ] Leaving safepoint region
[2022-06-13T01:30:48.378+0000][1][safepoint    ] Total time for which application threads were stopped: 0.0013504 seconds, Stopping threads took: 0.0005951 seconds
[2022-06-13T01:30:48.379+0000][1][safepoint    ] Application time: 0.0003358 seconds
[2022-06-13T01:30:48.380+0000][1][safepoint    ] Entering safepoint region: RevokeBias
[2022-06-13T01:30:48.380+0000][1][safepoint    ] Leaving safepoint region
[2022-06-13T01:30:48.381+0000][1][safepoint    ] Total time for which application threads were stopped: 0.0012169 seconds, Stopping threads took: 0.0006260 seconds
[2022-06-13T01:30:48.382+0000][1][safepoint    ] Application time: 0.0003056 seconds
[2022-06-13T01:30:48.382+0000][1][safepoint    ] Entering safepoint region: RevokeBias
[2022-06-13T01:30:48.383+0000][1][safepoint    ] Leaving safepoint region
[2022-06-13T01:30:48.383+0000][1][safepoint    ] Total time for which application threads were stopped: 0.0007645 seconds, Stopping threads took: 0.0003357 seconds
[2022-06-13T01:30:48.407+0000][1][safepoint    ] Application time: 0.0231097 seconds
[2022-06-13T01:30:48.407+0000][1][safepoint    ] Entering safepoint region: CollectForMetadataAllocation
[2022-06-13T01:30:48.408+0000][1][safepoint    ] Leaving safepoint region
[2022-06-13T01:30:48.409+0000][1][safepoint    ] Total time for which application threads were stopped: 0.0017009 seconds, Stopping threads took: 0.0007549 seconds
[2022-06-13T01:30:49.039+0000][1][safepoint    ] Application time: 0.6291181 seconds
[2022-06-13T01:30:49.039+0000][1][safepoint    ] Entering safepoint region: CollectForMetadataAllocation
[2022-06-13T01:30:49.040+0000][1][safepoint    ] Leaving safepoint region
[2022-06-13T01:30:49.041+0000][1][safepoint    ] Total time for which application threads were stopped: 0.0012133 seconds, Stopping threads took: 0.0005473 seconds
[2022-06-13T01:30:49.077+0000][1][safepoint    ] Application time: 0.0356541 seconds
[2022-06-13T01:30:49.077+0000][1][safepoint    ] Entering safepoint region: GenCollectForAllocation
[2022-06-13T01:30:49.078+0000][1][gc,start     ] GC(17) Pause Young (Allocation Failure)
[2022-06-13T01:30:49.078+0000][1][gc,task      ] GC(17) Using 5 workers of 13 for evacuation
[2022-06-13T01:30:49.085+0000][1][gc,age       ] GC(17) Desired survivor size 4456448 bytes, new threshold 6 (max threshold 6)
[2022-06-13T01:30:49.085+0000][1][gc,age       ] GC(17) Age table with threshold 6 (max threshold 6)
[2022-06-13T01:30:49.085+0000][1][gc,age       ] GC(17) - age   1:    4122848 bytes,    4122848 total
[2022-06-13T01:30:49.086+0000][1][gc,age       ] GC(17) - age   2:     261008 bytes,    4383856 total
[2022-06-13T01:30:49.086+0000][1][gc,heap      ] GC(17) ParNew: 76616K->5506K(78656K)
[2022-06-13T01:30:49.086+0000][1][gc,heap      ] GC(17) CMS: 55766K->55766K(174784K)
[2022-06-13T01:30:49.087+0000][1][gc,metaspace ] GC(17) Metaspace: 42576K->42576K(1089536K)
[2022-06-13T01:30:49.087+0000][1][gc           ] GC(17) Pause Young (Allocation Failure) 129M->59M(247M) 9.165ms
[2022-06-13T01:30:49.087+0000][1][gc,cpu       ] GC(17) User=0.03s Sys=0.00s Real=0.01s
[2022-06-13T01:30:49.088+0000][1][safepoint    ] Leaving safepoint region
[2022-06-13T01:30:49.088+0000][1][safepoint    ] Total time for which application threads were stopped: 0.0103410 seconds, Stopping threads took: 0.0002963 seconds
[2022-06-13T01:30:49.089+0000][1][safepoint    ] Application time: 0.0005831 seconds
[2022-06-13T01:30:49.090+0000][1][safepoint    ] Entering safepoint region: CMS_Initial_Mark
[2022-06-13T01:30:49.090+0000][1][gc,start     ] GC(18) Pause Initial Mark
[2022-06-13T01:30:49.093+0000][1][gc           ] GC(18) Pause Initial Mark 61M->61M(247M) 2.745ms
[2022-06-13T01:30:49.093+0000][1][gc,cpu       ] GC(18) User=0.01s Sys=0.00s Real=0.00s
[2022-06-13T01:30:49.094+0000][1][safepoint    ] Leaving safepoint region
[2022-06-13T01:30:49.094+0000][1][safepoint    ] Total time for which application threads were stopped: 0.0050324 seconds, Stopping threads took: 0.0007824 seconds
[2022-06-13T01:30:49.095+0000][1][gc           ] GC(18) Concurrent Mark
[2022-06-13T01:30:49.095+0000][1][gc,task      ] GC(18) Using 4 workers of 4 for marking
[2022-06-13T01:30:49.095+0000][1][safepoint    ] Application time: 0.0009744 seconds
[2022-06-13T01:30:49.096+0000][1][safepoint    ] Entering safepoint region: CollectForMetadataAllocation
[2022-06-13T01:30:49.096+0000][1][safepoint    ] Leaving safepoint region
[2022-06-13T01:30:49.097+0000][1][safepoint    ] Total time for which application threads were stopped: 0.0007092 seconds, Stopping threads took: 0.0002731 seconds
[2022-06-13T01:30:49.141+0000][1][gc           ] GC(18) Concurrent Mark 46.018ms
[2022-06-13T01:30:49.141+0000][1][gc,cpu       ] GC(18) User=0.29s Sys=0.00s Real=0.05s
[2022-06-13T01:30:49.141+0000][1][gc           ] GC(18) Concurrent Preclean
[2022-06-13T01:30:49.144+0000][1][gc           ] GC(18) Concurrent Preclean 2.331ms
[2022-06-13T01:30:49.144+0000][1][gc,cpu       ] GC(18) User=0.01s Sys=0.00s Real=0.00s
[2022-06-13T01:30:49.145+0000][1][gc           ] GC(18) Concurrent Abortable Preclean
[2022-06-13T01:30:49.155+0000][1][safepoint    ] Application time: 0.0586490 seconds
[2022-06-13T01:30:49.156+0000][1][safepoint    ] Entering safepoint region: CollectForMetadataAllocation
[2022-06-13T01:30:49.156+0000][1][safepoint    ] Leaving safepoint region
[2022-06-13T01:30:49.157+0000][1][safepoint    ] Total time for which application threads were stopped: 0.0011726 seconds, Stopping threads took: 0.0004411 seconds
[2022-06-13T01:30:49.415+0000][1][safepoint    ] Application time: 0.2571425 seconds
[2022-06-13T01:30:49.415+0000][1][safepoint    ] Entering safepoint region: CollectForMetadataAllocation
[2022-06-13T01:30:49.416+0000][1][safepoint    ] Leaving safepoint region
[2022-06-13T01:30:49.416+0000][1][safepoint    ] Total time for which application threads were stopped: 0.0009717 seconds, Stopping threads took: 0.0003084 seconds
[2022-06-13T01:30:49.437+0000][1][safepoint    ] Application time: 0.0202958 seconds
[2022-06-13T01:30:49.438+0000][1][safepoint    ] Entering safepoint region: CollectForMetadataAllocation
[2022-06-13T01:30:49.438+0000][1][safepoint    ] Leaving safepoint region
[2022-06-13T01:30:49.438+0000][1][safepoint    ] Total time for which application threads were stopped: 0.0006705 seconds, Stopping threads took: 0.0002535 seconds
[2022-06-13T01:30:49.460+0000][1][safepoint    ] Application time: 0.0220700 seconds
[2022-06-13T01:30:49.461+0000][1][safepoint    ] Entering safepoint region: CollectForMetadataAllocation
[2022-06-13T01:30:49.462+0000][1][safepoint    ] Leaving safepoint region
[2022-06-13T01:30:49.462+0000][1][safepoint    ] Total time for which application threads were stopped: 0.0007791 seconds, Stopping threads took: 0.0002862 seconds
[2022-06-13T01:30:49.510+0000][1][safepoint    ] Application time: 0.0481098 seconds
[2022-06-13T01:30:49.511+0000][1][safepoint    ] Entering safepoint region: CollectForMetadataAllocation
[2022-06-13T01:30:49.511+0000][1][safepoint    ] Leaving safepoint region
[2022-06-13T01:30:49.512+0000][1][safepoint    ] Total time for which application threads were stopped: 0.0014421 seconds, Stopping threads took: 0.0002911 seconds
[2022-06-13T01:30:49.561+0000][1][safepoint    ] Application time: 0.0484362 seconds
[2022-06-13T01:30:49.561+0000][1][safepoint    ] Entering safepoint region: RevokeBias
[2022-06-13T01:30:49.562+0000][1][safepoint    ] Leaving safepoint region
[2022-06-13T01:30:49.562+0000][1][safepoint    ] Total time for which application threads were stopped: 0.0005683 seconds, Stopping threads took: 0.0002618 seconds
[2022-06-13T01:30:49.562+0000][1][safepoint    ] Application time: 0.0005084 seconds
[2022-06-13T01:30:49.563+0000][1][safepoint    ] Entering safepoint region: RevokeBias
[2022-06-13T01:30:49.563+0000][1][safepoint    ] Leaving safepoint region
[2022-06-13T01:30:49.563+0000][1][safepoint    ] Total time for which application threads were stopped: 0.0005075 seconds, Stopping threads took: 0.0002438 seconds
[2022-06-13T01:30:49.570+0000][1][safepoint    ] Application time: 0.0065779 seconds
[2022-06-13T01:30:49.570+0000][1][safepoint    ] Entering safepoint region: CollectForMetadataAllocation
[2022-06-13T01:30:49.571+0000][1][safepoint    ] Leaving safepoint region
[2022-06-13T01:30:49.571+0000][1][safepoint    ] Total time for which application threads were stopped: 0.0005714 seconds, Stopping threads took: 0.0002440 seconds
[2022-06-13T01:30:49.572+0000][1][gc           ] GC(18) Concurrent Abortable Preclean 427.415ms
[2022-06-13T01:30:49.572+0000][1][gc,cpu       ] GC(18) User=2.32s Sys=0.04s Real=0.43s
[2022-06-13T01:30:49.573+0000][1][safepoint    ] Application time: 0.0015863 seconds
[2022-06-13T01:30:49.573+0000][1][safepoint    ] Entering safepoint region: CMS_Final_Remark
[2022-06-13T01:30:49.573+0000][1][gc,start     ] GC(18) Pause Remark
[2022-06-13T01:30:49.595+0000][1][gc           ] GC(18) Pause Remark 95M->95M(247M) 21.308ms
[2022-06-13T01:30:49.595+0000][1][gc,cpu       ] GC(18) User=0.05s Sys=0.00s Real=0.02s
[2022-06-13T01:30:49.595+0000][1][safepoint    ] Leaving safepoint region
[2022-06-13T01:30:49.596+0000][1][safepoint    ] Total time for which application threads were stopped: 0.0225790 seconds, Stopping threads took: 0.0003271 seconds
[2022-06-13T01:30:49.596+0000][1][gc           ] GC(18) Concurrent Sweep
[2022-06-13T01:30:49.626+0000][1][gc           ] GC(18) Concurrent Sweep 29.906ms
[2022-06-13T01:30:49.626+0000][1][gc,cpu       ] GC(18) User=0.10s Sys=0.00s Real=0.03s
[2022-06-13T01:30:49.627+0000][1][gc           ] GC(18) Concurrent Reset
[2022-06-13T01:30:49.628+0000][1][gc           ] GC(18) Concurrent Reset 0.764ms
[2022-06-13T01:30:49.628+0000][1][gc,cpu       ] GC(18) User=0.00s Sys=0.00s Real=0.00s
[2022-06-13T01:30:49.628+0000][1][gc,heap      ] GC(18) Old: 55766K->55550K(174784K)
[2022-06-13T01:30:49.651+0000][1][safepoint    ] Application time: 0.0552652 seconds
[2022-06-13T01:30:49.651+0000][1][safepoint    ] Entering safepoint region: RevokeBias
[2022-06-13T01:30:49.653+0000][1][safepoint    ] Leaving safepoint region
[2022-06-13T01:30:49.654+0000][1][safepoint    ] Total time for which application threads were stopped: 0.0020525 seconds, Stopping threads took: 0.0002973 seconds
[2022-06-13T01:30:49.669+0000][1][safepoint    ] Application time: 0.0150960 seconds
[2022-06-13T01:30:49.669+0000][1][safepoint    ] Entering safepoint region: RevokeBias
[2022-06-13T01:30:49.669+0000][1][safepoint    ] Leaving safepoint region
[2022-06-13T01:30:49.670+0000][1][safepoint    ] Total time for which application threads were stopped: 0.0005919 seconds, Stopping threads took: 0.0002606 seconds
[2022-06-13T01:30:49.675+0000][1][safepoint    ] Application time: 0.0052950 seconds
[2022-06-13T01:30:49.676+0000][1][safepoint    ] Entering safepoint region: RevokeBias
[2022-06-13T01:30:49.676+0000][1][safepoint    ] Leaving safepoint region
[2022-06-13T01:30:49.676+0000][1][safepoint    ] Total time for which application threads were stopped: 0.0005745 seconds, Stopping threads took: 0.0002564 seconds
[2022-06-13T01:30:49.915+0000][1][safepoint    ] Application time: 0.2389329 seconds
[2022-06-13T01:30:49.916+0000][1][safepoint    ] Entering safepoint region: RevokeBias
[2022-06-13T01:30:49.917+0000][1][safepoint    ] Leaving safepoint region
[2022-06-13T01:30:49.918+0000][1][safepoint    ] Total time for which application threads were stopped: 0.0017073 seconds, Stopping threads took: 0.0007503 seconds
[2022-06-13T01:30:49.918+0000][1][safepoint    ] Application time: 0.0001775 seconds
[2022-06-13T01:30:49.918+0000][1][safepoint    ] Entering safepoint region: RevokeBias
[2022-06-13T01:30:49.919+0000][1][safepoint    ] Leaving safepoint region
[2022-06-13T01:30:49.919+0000][1][safepoint    ] Total time for which application threads were stopped: 0.0007294 seconds, Stopping threads took: 0.0004221 seconds
[2022-06-13T01:30:49.920+0000][1][safepoint    ] Application time: 0.0004225 seconds
[2022-06-13T01:30:49.920+0000][1][safepoint    ] Entering safepoint region: RevokeBias
[2022-06-13T01:30:49.920+0000][1][safepoint    ] Leaving safepoint region
[2022-06-13T01:30:49.921+0000][1][safepoint    ] Total time for which application threads were stopped: 0.0006088 seconds, Stopping threads took: 0.0002935 seconds
[2022-06-13T01:30:49.921+0000][1][safepoint    ] Application time: 0.0002654 seconds
[2022-06-13T01:30:49.921+0000][1][safepoint    ] Entering safepoint region: RevokeBias
[2022-06-13T01:30:49.922+0000][1][safepoint    ] Leaving safepoint region
[2022-06-13T01:30:49.922+0000][1][safepoint    ] Total time for which application threads were stopped: 0.0006088 seconds, Stopping threads took: 0.0002714 seconds
[2022-06-13T01:30:50.007+0000][1][safepoint    ] Application time: 0.0848553 seconds
[2022-06-13T01:30:50.008+0000][1][safepoint    ] Entering safepoint region: RevokeBias
[2022-06-13T01:30:50.008+0000][1][safepoint    ] Leaving safepoint region
[2022-06-13T01:30:50.009+0000][1][safepoint    ] Total time for which application threads were stopped: 0.0012925 seconds, Stopping threads took: 0.0004419 seconds
[2022-06-13T01:30:50.009+0000][1][safepoint    ] Application time: 0.0002593 seconds
[2022-06-13T01:30:50.010+0000][1][safepoint    ] Entering safepoint region: RevokeBias
[2022-06-13T01:30:50.010+0000][1][safepoint    ] Leaving safepoint region
[2022-06-13T01:30:50.011+0000][1][safepoint    ] Total time for which application threads were stopped: 0.0010729 seconds, Stopping threads took: 0.0005099 seconds
[2022-06-13T01:30:50.011+0000][1][safepoint    ] Application time: 0.0002365 seconds
[2022-06-13T01:30:50.011+0000][1][safepoint    ] Entering safepoint region: RevokeBias
[2022-06-13T01:30:50.012+0000][1][safepoint    ] Leaving safepoint region
[2022-06-13T01:30:50.012+0000][1][safepoint    ] Total time for which application threads were stopped: 0.0007342 seconds, Stopping threads took: 0.0003834 seconds
[2022-06-13T01:30:50.013+0000][1][safepoint    ] Application time: 0.0003707 seconds
[2022-06-13T01:30:50.013+0000][1][safepoint    ] Entering safepoint region: RevokeBias
[2022-06-13T01:30:50.013+0000][1][safepoint    ] Leaving safepoint region
[2022-06-13T01:30:50.013+0000][1][safepoint    ] Total time for which application threads were stopped: 0.0005037 seconds, Stopping threads took: 0.0002212 seconds
[2022-06-13T01:30:50.014+0000][1][safepoint    ] Application time: 0.0007947 seconds
[2022-06-13T01:30:50.015+0000][1][safepoint    ] Entering safepoint region: RevokeBias
[2022-06-13T01:30:50.015+0000][1][safepoint    ] Leaving safepoint region
[2022-06-13T01:30:50.016+0000][1][safepoint    ] Total time for which application threads were stopped: 0.0007505 seconds, Stopping threads took: 0.0004286 seconds
[2022-06-13T01:30:50.016+0000][1][safepoint    ] Application time: 0.0002117 seconds
[2022-06-13T01:30:50.016+0000][1][safepoint    ] Entering safepoint region: RevokeBias
[2022-06-13T01:30:50.017+0000][1][safepoint    ] Leaving safepoint region
[2022-06-13T01:30:50.017+0000][1][safepoint    ] Total time for which application threads were stopped: 0.0007140 seconds, Stopping threads took: 0.0003997 seconds
[2022-06-13T01:30:50.018+0000][1][safepoint    ] Application time: 0.0011675 seconds
[2022-06-13T01:30:50.019+0000][1][safepoint    ] Entering safepoint region: RevokeBias
[2022-06-13T01:30:50.019+0000][1][safepoint    ] Leaving safepoint region
[2022-06-13T01:30:50.019+0000][1][safepoint    ] Total time for which application threads were stopped: 0.0007740 seconds, Stopping threads took: 0.0003825 seconds
[2022-06-13T01:30:50.020+0000][1][safepoint    ] Application time: 0.0001452 seconds
[2022-06-13T01:30:50.020+0000][1][safepoint    ] Entering safepoint region: RevokeBias
[2022-06-13T01:30:50.021+0000][1][safepoint    ] Leaving safepoint region
[2022-06-13T01:30:50.021+0000][1][safepoint    ] Total time for which application threads were stopped: 0.0006021 seconds, Stopping threads took: 0.0002724 seconds
[2022-06-13T01:30:50.021+0000][1][safepoint    ] Application time: 0.0001588 seconds
[2022-06-13T01:30:50.022+0000][1][safepoint    ] Entering safepoint region: RevokeBias
[2022-06-13T01:30:50.022+0000][1][safepoint    ] Leaving safepoint region
[2022-06-13T01:30:50.022+0000][1][safepoint    ] Total time for which application threads were stopped: 0.0004892 seconds, Stopping threads took: 0.0002193 seconds
[2022-06-13T01:30:50.023+0000][1][safepoint    ] Application time: 0.0001591 seconds
[2022-06-13T01:30:50.023+0000][1][safepoint    ] Entering safepoint region: RevokeBias
[2022-06-13T01:30:50.023+0000][1][safepoint    ] Leaving safepoint region
[2022-06-13T01:30:50.023+0000][1][safepoint    ] Total time for which application threads were stopped: 0.0005251 seconds, Stopping threads took: 0.0002426 seconds
[2022-06-13T01:30:50.024+0000][1][safepoint    ] Application time: 0.0001786 seconds
[2022-06-13T01:30:50.024+0000][1][safepoint    ] Entering safepoint region: RevokeBias
[2022-06-13T01:30:50.025+0000][1][safepoint    ] Leaving safepoint region
[2022-06-13T01:30:50.025+0000][1][safepoint    ] Total time for which application threads were stopped: 0.0006516 seconds, Stopping threads took: 0.0003430 seconds
[2022-06-13T01:30:50.025+0000][1][safepoint    ] Application time: 0.0001528 seconds
[2022-06-13T01:30:50.025+0000][1][safepoint    ] Entering safepoint region: RevokeBias
[2022-06-13T01:30:50.026+0000][1][safepoint    ] Leaving safepoint region
[2022-06-13T01:30:50.026+0000][1][safepoint    ] Total time for which application threads were stopped: 0.0005728 seconds, Stopping threads took: 0.0002574 seconds
[2022-06-13T01:30:50.026+0000][1][safepoint    ] Application time: 0.0001835 seconds
[2022-06-13T01:30:50.027+0000][1][safepoint    ] Entering safepoint region: RevokeBias
[2022-06-13T01:30:50.027+0000][1][safepoint    ] Leaving safepoint region
[2022-06-13T01:30:50.027+0000][1][safepoint    ] Total time for which application threads were stopped: 0.0007148 seconds, Stopping threads took: 0.0002910 seconds
[2022-06-13T01:30:50.028+0000][1][safepoint    ] Application time: 0.0001216 seconds
[2022-06-13T01:30:50.028+0000][1][safepoint    ] Entering safepoint region: RevokeBias
[2022-06-13T01:30:50.028+0000][1][safepoint    ] Leaving safepoint region
[2022-06-13T01:30:50.029+0000][1][safepoint    ] Total time for which application threads were stopped: 0.0008090 seconds, Stopping threads took: 0.0002725 seconds
[2022-06-13T01:30:50.029+0000][1][safepoint    ] Application time: 0.0001795 seconds
[2022-06-13T01:30:50.030+0000][1][safepoint    ] Entering safepoint region: RevokeBias
[2022-06-13T01:30:50.030+0000][1][safepoint    ] Leaving safepoint region
[2022-06-13T01:30:50.030+0000][1][safepoint    ] Total time for which application threads were stopped: 0.0006170 seconds, Stopping threads took: 0.0002294 seconds
[2022-06-13T01:30:50.031+0000][1][safepoint    ] Application time: 0.0001417 seconds
[2022-06-13T01:30:50.031+0000][1][safepoint    ] Entering safepoint region: RevokeBias
[2022-06-13T01:30:50.031+0000][1][safepoint    ] Leaving safepoint region
[2022-06-13T01:30:50.032+0000][1][safepoint    ] Total time for which application threads were stopped: 0.0006566 seconds, Stopping threads took: 0.0003379 seconds
[2022-06-13T01:30:50.032+0000][1][safepoint    ] Application time: 0.0001943 seconds
[2022-06-13T01:30:50.032+0000][1][safepoint    ] Entering safepoint region: RevokeBias
[2022-06-13T01:30:50.033+0000][1][safepoint    ] Leaving safepoint region
[2022-06-13T01:30:50.033+0000][1][safepoint    ] Total time for which application threads were stopped: 0.0006693 seconds, Stopping threads took: 0.0002723 seconds
[2022-06-13T01:30:50.033+0000][1][safepoint    ] Application time: 0.0001675 seconds
[2022-06-13T01:30:50.034+0000][1][safepoint    ] Entering safepoint region: RevokeBias
[2022-06-13T01:30:50.034+0000][1][safepoint    ] Leaving safepoint region
[2022-06-13T01:30:50.034+0000][1][safepoint    ] Total time for which application threads were stopped: 0.0005754 seconds, Stopping threads took: 0.0002781 seconds
[2022-06-13T01:30:50.035+0000][1][safepoint    ] Application time: 0.0001390 seconds
[2022-06-13T01:30:50.035+0000][1][safepoint    ] Entering safepoint region: RevokeBias
[2022-06-13T01:30:50.035+0000][1][safepoint    ] Leaving safepoint region
[2022-06-13T01:30:50.035+0000][1][safepoint    ] Total time for which application threads were stopped: 0.0005700 seconds, Stopping threads took: 0.0002509 seconds
[2022-06-13T01:30:50.036+0000][1][safepoint    ] Application time: 0.0001828 seconds
[2022-06-13T01:30:50.036+0000][1][safepoint    ] Entering safepoint region: RevokeBias
[2022-06-13T01:30:50.036+0000][1][safepoint    ] Leaving safepoint region
[2022-06-13T01:30:50.037+0000][1][safepoint    ] Total time for which application threads were stopped: 0.0006673 seconds, Stopping threads took: 0.0003874 seconds
[2022-06-13T01:30:50.037+0000][1][safepoint    ] Application time: 0.0001486 seconds
[2022-06-13T01:30:50.037+0000][1][safepoint    ] Entering safepoint region: RevokeBias
[2022-06-13T01:30:50.038+0000][1][safepoint    ] Leaving safepoint region
[2022-06-13T01:30:50.038+0000][1][safepoint    ] Total time for which application threads were stopped: 0.0005816 seconds, Stopping threads took: 0.0002672 seconds
[2022-06-13T01:30:50.038+0000][1][safepoint    ] Application time: 0.0001656 seconds
[2022-06-13T01:30:50.039+0000][1][safepoint    ] Entering safepoint region: RevokeBias
[2022-06-13T01:30:50.039+0000][1][safepoint    ] Leaving safepoint region
[2022-06-13T01:30:50.039+0000][1][safepoint    ] Total time for which application threads were stopped: 0.0006571 seconds, Stopping threads took: 0.0003451 seconds
[2022-06-13T01:30:50.040+0000][1][safepoint    ] Application time: 0.0002006 seconds
[2022-06-13T01:30:50.040+0000][1][safepoint    ] Entering safepoint region: RevokeBias
[2022-06-13T01:30:50.040+0000][1][safepoint    ] Leaving safepoint region
[2022-06-13T01:30:50.041+0000][1][safepoint    ] Total time for which application threads were stopped: 0.0004974 seconds, Stopping threads took: 0.0002364 seconds
[2022-06-13T01:30:50.041+0000][1][safepoint    ] Application time: 0.0001512 seconds
[2022-06-13T01:30:50.041+0000][1][safepoint    ] Entering safepoint region: RevokeBias
[2022-06-13T01:30:50.042+0000][1][safepoint    ] Leaving safepoint region
[2022-06-13T01:30:50.042+0000][1][safepoint    ] Total time for which application threads were stopped: 0.0005770 seconds, Stopping threads took: 0.0003177 seconds
[2022-06-13T01:30:50.042+0000][1][safepoint    ] Application time: 0.0001245 seconds
[2022-06-13T01:30:50.043+0000][1][safepoint    ] Entering safepoint region: RevokeBias
[2022-06-13T01:30:50.043+0000][1][safepoint    ] Leaving safepoint region
[2022-06-13T01:30:50.043+0000][1][safepoint    ] Total time for which application threads were stopped: 0.0005937 seconds, Stopping threads took: 0.0002722 seconds
[2022-06-13T01:30:50.044+0000][1][safepoint    ] Application time: 0.0001745 seconds
[2022-06-13T01:30:50.044+0000][1][safepoint    ] Entering safepoint region: BulkRevokeBias
[2022-06-13T01:30:50.044+0000][1][safepoint    ] Leaving safepoint region
[2022-06-13T01:30:50.044+0000][1][safepoint    ] Total time for which application threads were stopped: 0.0006370 seconds, Stopping threads took: 0.0002739 seconds
[2022-06-13T01:30:50.045+0000][1][safepoint    ] Application time: 0.0003162 seconds
[2022-06-13T01:30:50.045+0000][1][safepoint    ] Entering safepoint region: RevokeBias
[2022-06-13T01:30:50.046+0000][1][safepoint    ] Leaving safepoint region
[2022-06-13T01:30:50.046+0000][1][safepoint    ] Total time for which application threads were stopped: 0.0006078 seconds, Stopping threads took: 0.0002783 seconds
[2022-06-13T01:30:50.046+0000][1][safepoint    ] Application time: 0.0002615 seconds
[2022-06-13T01:30:50.047+0000][1][safepoint    ] Entering safepoint region: RevokeBias
[2022-06-13T01:30:50.047+0000][1][safepoint    ] Leaving safepoint region
[2022-06-13T01:30:50.047+0000][1][safepoint    ] Total time for which application threads were stopped: 0.0005857 seconds, Stopping threads took: 0.0002964 seconds
[2022-06-13T01:30:50.048+0000][1][safepoint    ] Application time: 0.0003376 seconds
[2022-06-13T01:30:50.048+0000][1][safepoint    ] Entering safepoint region: RevokeBias
[2022-06-13T01:30:50.048+0000][1][safepoint    ] Leaving safepoint region
[2022-06-13T01:30:50.049+0000][1][safepoint    ] Total time for which application threads were stopped: 0.0005657 seconds, Stopping threads took: 0.0002392 seconds
[2022-06-13T01:30:50.049+0000][1][safepoint    ] Application time: 0.0003048 seconds
[2022-06-13T01:30:50.049+0000][1][safepoint    ] Entering safepoint region: RevokeBias
[2022-06-13T01:30:50.050+0000][1][safepoint    ] Leaving safepoint region
[2022-06-13T01:30:50.050+0000][1][safepoint    ] Total time for which application threads were stopped: 0.0005625 seconds, Stopping threads took: 0.0002496 seconds
[2022-06-13T01:30:50.051+0000][1][safepoint    ] Application time: 0.0002471 seconds
[2022-06-13T01:30:50.051+0000][1][safepoint    ] Entering safepoint region: RevokeBias
[2022-06-13T01:30:50.051+0000][1][safepoint    ] Leaving safepoint region
[2022-06-13T01:30:50.051+0000][1][safepoint    ] Total time for which application threads were stopped: 0.0005839 seconds, Stopping threads took: 0.0002833 seconds
[2022-06-13T01:30:50.052+0000][1][safepoint    ] Application time: 0.0001476 seconds
[2022-06-13T01:30:50.052+0000][1][safepoint    ] Entering safepoint region: RevokeBias
[2022-06-13T01:30:50.052+0000][1][safepoint    ] Leaving safepoint region
[2022-06-13T01:30:50.053+0000][1][safepoint    ] Total time for which application threads were stopped: 0.0005921 seconds, Stopping threads took: 0.0002679 seconds
[2022-06-13T01:30:50.053+0000][1][safepoint    ] Application time: 0.0001806 seconds
[2022-06-13T01:30:50.053+0000][1][safepoint    ] Entering safepoint region: RevokeBias
[2022-06-13T01:30:50.054+0000][1][safepoint    ] Leaving safepoint region
[2022-06-13T01:30:50.054+0000][1][safepoint    ] Total time for which application threads were stopped: 0.0006195 seconds, Stopping threads took: 0.0002430 seconds
[2022-06-13T01:30:50.054+0000][1][safepoint    ] Application time: 0.0001828 seconds
[2022-06-13T01:30:50.054+0000][1][safepoint    ] Entering safepoint region: RevokeBias
[2022-06-13T01:30:50.055+0000][1][safepoint    ] Leaving safepoint region
[2022-06-13T01:30:50.055+0000][1][safepoint    ] Total time for which application threads were stopped: 0.0005580 seconds, Stopping threads took: 0.0002454 seconds
[2022-06-13T01:30:50.056+0000][1][safepoint    ] Application time: 0.0003772 seconds
[2022-06-13T01:30:50.056+0000][1][safepoint    ] Entering safepoint region: RevokeBias
[2022-06-13T01:30:50.056+0000][1][safepoint    ] Leaving safepoint region
[2022-06-13T01:30:50.057+0000][1][safepoint    ] Total time for which application threads were stopped: 0.0007866 seconds, Stopping threads took: 0.0003606 seconds
[2022-06-13T01:30:50.057+0000][1][safepoint    ] Application time: 0.0001400 seconds
[2022-06-13T01:30:50.058+0000][1][safepoint    ] Entering safepoint region: RevokeBias
[2022-06-13T01:30:50.058+0000][1][safepoint    ] Leaving safepoint region
[2022-06-13T01:30:50.058+0000][1][safepoint    ] Total time for which application threads were stopped: 0.0006083 seconds, Stopping threads took: 0.0002625 seconds
[2022-06-13T01:30:50.058+0000][1][safepoint    ] Application time: 0.0001269 seconds
[2022-06-13T01:30:50.059+0000][1][safepoint    ] Entering safepoint region: RevokeBias
[2022-06-13T01:30:50.059+0000][1][safepoint    ] Leaving safepoint region
[2022-06-13T01:30:50.059+0000][1][safepoint    ] Total time for which application threads were stopped: 0.0004978 seconds, Stopping threads took: 0.0001887 seconds
[2022-06-13T01:30:50.060+0000][1][safepoint    ] Application time: 0.0001305 seconds
[2022-06-13T01:30:50.060+0000][1][safepoint    ] Entering safepoint region: RevokeBias
[2022-06-13T01:30:50.060+0000][1][safepoint    ] Leaving safepoint region
[2022-06-13T01:30:50.060+0000][1][safepoint    ] Total time for which application threads were stopped: 0.0006960 seconds, Stopping threads took: 0.0003033 seconds
[2022-06-13T01:30:50.061+0000][1][safepoint    ] Application time: 0.0001604 seconds
[2022-06-13T01:30:50.061+0000][1][safepoint    ] Entering safepoint region: RevokeBias
[2022-06-13T01:30:50.061+0000][1][safepoint    ] Leaving safepoint region
[2022-06-13T01:30:50.062+0000][1][safepoint    ] Total time for which application threads were stopped: 0.0005701 seconds, Stopping threads took: 0.0002732 seconds
[2022-06-13T01:30:50.062+0000][1][safepoint    ] Application time: 0.0001672 seconds
[2022-06-13T01:30:50.062+0000][1][safepoint    ] Entering safepoint region: RevokeBias
[2022-06-13T01:30:50.063+0000][1][safepoint    ] Leaving safepoint region
[2022-06-13T01:30:50.063+0000][1][safepoint    ] Total time for which application threads were stopped: 0.0005638 seconds, Stopping threads took: 0.0002930 seconds
[2022-06-13T01:30:50.063+0000][1][safepoint    ] Application time: 0.0001580 seconds
[2022-06-13T01:30:50.064+0000][1][safepoint    ] Entering safepoint region: RevokeBias
[2022-06-13T01:30:50.064+0000][1][safepoint    ] Leaving safepoint region
[2022-06-13T01:30:50.064+0000][1][safepoint    ] Total time for which application threads were stopped: 0.0005542 seconds, Stopping threads took: 0.0002542 seconds
[2022-06-13T01:30:50.065+0000][1][safepoint    ] Application time: 0.0001311 seconds
[2022-06-13T01:30:50.065+0000][1][safepoint    ] Entering safepoint region: RevokeBias
[2022-06-13T01:30:50.065+0000][1][safepoint    ] Leaving safepoint region
[2022-06-13T01:30:50.065+0000][1][safepoint    ] Total time for which application threads were stopped: 0.0005417 seconds, Stopping threads took: 0.0002334 seconds
[2022-06-13T01:30:50.066+0000][1][safepoint    ] Application time: 0.0001410 seconds
[2022-06-13T01:30:50.066+0000][1][safepoint    ] Entering safepoint region: RevokeBias
[2022-06-13T01:30:50.066+0000][1][safepoint    ] Leaving safepoint region
[2022-06-13T01:30:50.067+0000][1][safepoint    ] Total time for which application threads were stopped: 0.0005839 seconds, Stopping threads took: 0.0002455 seconds
[2022-06-13T01:30:50.067+0000][1][safepoint    ] Application time: 0.0001625 seconds
[2022-06-13T01:30:50.067+0000][1][safepoint    ] Entering safepoint region: RevokeBias
[2022-06-13T01:30:50.067+0000][1][safepoint    ] Leaving safepoint region
[2022-06-13T01:30:50.068+0000][1][safepoint    ] Total time for which application threads were stopped: 0.0004666 seconds, Stopping threads took: 0.0002105 seconds
[2022-06-13T01:30:50.068+0000][1][safepoint    ] Application time: 0.0001112 seconds
[2022-06-13T01:30:50.068+0000][1][safepoint    ] Entering safepoint region: RevokeBias
[2022-06-13T01:30:50.068+0000][1][safepoint    ] Leaving safepoint region
[2022-06-13T01:30:50.069+0000][1][safepoint    ] Total time for which application threads were stopped: 0.0004672 seconds, Stopping threads took: 0.0002333 seconds
[2022-06-13T01:30:50.069+0000][1][safepoint    ] Application time: 0.0001251 seconds
[2022-06-13T01:30:50.069+0000][1][safepoint    ] Entering safepoint region: RevokeBias
[2022-06-13T01:30:50.070+0000][1][safepoint    ] Leaving safepoint region
[2022-06-13T01:30:50.070+0000][1][safepoint    ] Total time for which application threads were stopped: 0.0004604 seconds, Stopping threads took: 0.0002163 seconds
[2022-06-13T01:30:50.070+0000][1][safepoint    ] Application time: 0.0001300 seconds
[2022-06-13T01:30:50.070+0000][1][safepoint    ] Entering safepoint region: RevokeBias
[2022-06-13T01:30:50.071+0000][1][safepoint    ] Leaving safepoint region
[2022-06-13T01:30:50.071+0000][1][safepoint    ] Total time for which application threads were stopped: 0.0006874 seconds, Stopping threads took: 0.0004102 seconds
[2022-06-13T01:30:50.071+0000][1][safepoint    ] Application time: 0.0002173 seconds
[2022-06-13T01:30:50.072+0000][1][safepoint    ] Entering safepoint region: RevokeBias
[2022-06-13T01:30:50.072+0000][1][safepoint    ] Leaving safepoint region
[2022-06-13T01:30:50.072+0000][1][safepoint    ] Total time for which application threads were stopped: 0.0005399 seconds, Stopping threads took: 0.0002629 seconds
[2022-06-13T01:30:50.073+0000][1][safepoint    ] Application time: 0.0001328 seconds
[2022-06-13T01:30:50.073+0000][1][safepoint    ] Entering safepoint region: RevokeBias
[2022-06-13T01:30:50.073+0000][1][safepoint    ] Leaving safepoint region
[2022-06-13T01:30:50.073+0000][1][safepoint    ] Total time for which application threads were stopped: 0.0006134 seconds, Stopping threads took: 0.0002466 seconds
[2022-06-13T01:30:50.074+0000][1][safepoint    ] Application time: 0.0001259 seconds
[2022-06-13T01:30:50.074+0000][1][safepoint    ] Entering safepoint region: BulkRevokeBias
[2022-06-13T01:30:50.074+0000][1][safepoint    ] Leaving safepoint region
[2022-06-13T01:30:50.075+0000][1][safepoint    ] Total time for which application threads were stopped: 0.0005198 seconds, Stopping threads took: 0.0001966 seconds
[2022-06-13T01:30:50.075+0000][1][safepoint    ] Application time: 0.0006812 seconds
[2022-06-13T01:30:50.076+0000][1][safepoint    ] Entering safepoint region: RevokeBias
[2022-06-13T01:30:50.076+0000][1][safepoint    ] Leaving safepoint region
[2022-06-13T01:30:50.076+0000][1][safepoint    ] Total time for which application threads were stopped: 0.0005551 seconds, Stopping threads took: 0.0003171 seconds
[2022-06-13T01:30:50.077+0000][1][safepoint    ] Application time: 0.0004070 seconds
[2022-06-13T01:30:50.077+0000][1][safepoint    ] Entering safepoint region: RevokeBias
[2022-06-13T01:30:50.078+0000][1][safepoint    ] Leaving safepoint region
[2022-06-13T01:30:50.078+0000][1][safepoint    ] Total time for which application threads were stopped: 0.0006151 seconds, Stopping threads took: 0.0003142 seconds
[2022-06-13T01:30:50.078+0000][1][safepoint    ] Application time: 0.0003689 seconds
[2022-06-13T01:30:50.079+0000][1][safepoint    ] Entering safepoint region: RevokeBias
[2022-06-13T01:30:50.079+0000][1][safepoint    ] Leaving safepoint region
[2022-06-13T01:30:50.079+0000][1][safepoint    ] Total time for which application threads were stopped: 0.0006919 seconds, Stopping threads took: 0.0002805 seconds
[2022-06-13T01:30:50.080+0000][1][safepoint    ] Application time: 0.0001467 seconds
[2022-06-13T01:30:50.081+0000][1][safepoint    ] Entering safepoint region: RevokeBias
[2022-06-13T01:30:50.081+0000][1][safepoint    ] Leaving safepoint region
[2022-06-13T01:30:50.081+0000][1][safepoint    ] Total time for which application threads were stopped: 0.0012675 seconds, Stopping threads took: 0.0009156 seconds
[2022-06-13T01:30:50.082+0000][1][safepoint    ] Application time: 0.0001556 seconds
[2022-06-13T01:30:50.082+0000][1][safepoint    ] Entering safepoint region: RevokeBias
[2022-06-13T01:30:50.083+0000][1][safepoint    ] Leaving safepoint region
[2022-06-13T01:30:50.083+0000][1][safepoint    ] Total time for which application threads were stopped: 0.0007120 seconds, Stopping threads took: 0.0004423 seconds
[2022-06-13T01:30:50.083+0000][1][safepoint    ] Application time: 0.0001312 seconds
[2022-06-13T01:30:50.084+0000][1][safepoint    ] Entering safepoint region: RevokeBias
[2022-06-13T01:30:50.084+0000][1][safepoint    ] Leaving safepoint region
[2022-06-13T01:30:50.084+0000][1][safepoint    ] Total time for which application threads were stopped: 0.0005738 seconds, Stopping threads took: 0.0002751 seconds
[2022-06-13T01:30:50.085+0000][1][safepoint    ] Application time: 0.0008519 seconds
[2022-06-13T01:30:50.086+0000][1][safepoint    ] Entering safepoint region: RevokeBias
[2022-06-13T01:30:50.087+0000][1][safepoint    ] Leaving safepoint region
[2022-06-13T01:30:50.087+0000][1][safepoint    ] Total time for which application threads were stopped: 0.0011791 seconds, Stopping threads took: 0.0007896 seconds
[2022-06-13T01:30:50.088+0000][1][safepoint    ] Application time: 0.0003093 seconds
[2022-06-13T01:30:50.088+0000][1][safepoint    ] Entering safepoint region: RevokeBias
[2022-06-13T01:30:50.088+0000][1][safepoint    ] Leaving safepoint region
[2022-06-13T01:30:50.089+0000][1][safepoint    ] Total time for which application threads were stopped: 0.0005883 seconds, Stopping threads took: 0.0002684 seconds
[2022-06-13T01:30:50.090+0000][1][safepoint    ] Application time: 0.0008106 seconds
[2022-06-13T01:30:50.090+0000][1][safepoint    ] Entering safepoint region: RevokeBias
[2022-06-13T01:30:50.090+0000][1][safepoint    ] Leaving safepoint region
[2022-06-13T01:30:50.091+0000][1][safepoint    ] Total time for which application threads were stopped: 0.0004634 seconds, Stopping threads took: 0.0002114 seconds
[2022-06-13T01:30:50.092+0000][1][safepoint    ] Application time: 0.0010257 seconds
[2022-06-13T01:30:50.092+0000][1][safepoint    ] Entering safepoint region: RevokeBias
[2022-06-13T01:30:50.092+0000][1][safepoint    ] Leaving safepoint region
[2022-06-13T01:30:50.093+0000][1][safepoint    ] Total time for which application threads were stopped: 0.0004880 seconds, Stopping threads took: 0.0002490 seconds
[2022-06-13T01:30:50.093+0000][1][safepoint    ] Application time: 0.0002392 seconds
[2022-06-13T01:30:50.093+0000][1][safepoint    ] Entering safepoint region: RevokeBias
[2022-06-13T01:30:50.094+0000][1][safepoint    ] Leaving safepoint region
[2022-06-13T01:30:50.094+0000][1][safepoint    ] Total time for which application threads were stopped: 0.0009407 seconds, Stopping threads took: 0.0005131 seconds
[2022-06-13T01:30:50.095+0000][1][safepoint    ] Application time: 0.0002540 seconds
[2022-06-13T01:30:50.095+0000][1][safepoint    ] Entering safepoint region: RevokeBias
[2022-06-13T01:30:50.095+0000][1][safepoint    ] Leaving safepoint region
[2022-06-13T01:30:50.096+0000][1][safepoint    ] Total time for which application threads were stopped: 0.0006390 seconds, Stopping threads took: 0.0003395 seconds
[2022-06-13T01:30:50.096+0000][1][safepoint    ] Application time: 0.0001489 seconds
[2022-06-13T01:30:50.096+0000][1][safepoint    ] Entering safepoint region: RevokeBias
[2022-06-13T01:30:50.097+0000][1][safepoint    ] Leaving safepoint region
[2022-06-13T01:30:50.097+0000][1][safepoint    ] Total time for which application threads were stopped: 0.0010796 seconds, Stopping threads took: 0.0005614 seconds
[2022-06-13T01:30:50.098+0000][1][safepoint    ] Application time: 0.0005448 seconds
[2022-06-13T01:30:50.098+0000][1][safepoint    ] Entering safepoint region: RevokeBias
[2022-06-13T01:30:50.099+0000][1][safepoint    ] Leaving safepoint region
[2022-06-13T01:30:50.099+0000][1][safepoint    ] Total time for which application threads were stopped: 0.0006553 seconds, Stopping threads took: 0.0003136 seconds
[2022-06-13T01:30:50.100+0000][1][safepoint    ] Application time: 0.0002101 seconds
[2022-06-13T01:30:50.101+0000][1][safepoint    ] Entering safepoint region: RevokeBias
[2022-06-13T01:30:50.102+0000][1][safepoint    ] Leaving safepoint region
[2022-06-13T01:30:50.103+0000][1][safepoint    ] Total time for which application threads were stopped: 0.0019852 seconds, Stopping threads took: 0.0013896 seconds
[2022-06-13T01:30:50.106+0000][1][safepoint    ] Application time: 0.0008730 seconds
[2022-06-13T01:30:50.108+0000][1][safepoint    ] Entering safepoint region: RevokeBias
[2022-06-13T01:30:50.108+0000][1][safepoint    ] Leaving safepoint region
[2022-06-13T01:30:50.108+0000][1][safepoint    ] Total time for which application threads were stopped: 0.0009418 seconds, Stopping threads took: 0.0003314 seconds
[2022-06-13T01:30:50.111+0000][1][safepoint    ] Application time: 0.0024566 seconds
[2022-06-13T01:30:50.112+0000][1][safepoint    ] Entering safepoint region: RevokeBias
[2022-06-13T01:30:50.113+0000][1][safepoint    ] Leaving safepoint region
[2022-06-13T01:30:50.113+0000][1][safepoint    ] Total time for which application threads were stopped: 0.0013518 seconds, Stopping threads took: 0.0008751 seconds
[2022-06-13T01:30:50.114+0000][1][safepoint    ] Application time: 0.0002690 seconds
[2022-06-13T01:30:50.114+0000][1][safepoint    ] Entering safepoint region: RevokeBias
[2022-06-13T01:30:50.114+0000][1][safepoint    ] Leaving safepoint region
[2022-06-13T01:30:50.115+0000][1][safepoint    ] Total time for which application threads were stopped: 0.0005103 seconds, Stopping threads took: 0.0002849 seconds
[2022-06-13T01:30:50.115+0000][1][safepoint    ] Application time: 0.0001375 seconds
[2022-06-13T01:30:50.115+0000][1][safepoint    ] Entering safepoint region: RevokeBias
[2022-06-13T01:30:50.115+0000][1][safepoint    ] Leaving safepoint region
[2022-06-13T01:30:50.116+0000][1][safepoint    ] Total time for which application threads were stopped: 0.0005277 seconds, Stopping threads took: 0.0001754 seconds
[2022-06-13T01:30:50.119+0000][1][safepoint    ] Application time: 0.0032367 seconds
[2022-06-13T01:30:50.120+0000][1][safepoint    ] Entering safepoint region: RevokeBias
[2022-06-13T01:30:50.120+0000][1][safepoint    ] Leaving safepoint region
[2022-06-13T01:30:50.120+0000][1][safepoint    ] Total time for which application threads were stopped: 0.0006670 seconds, Stopping threads took: 0.0003032 seconds
[2022-06-13T01:30:50.121+0000][1][safepoint    ] Application time: 0.0001491 seconds
[2022-06-13T01:30:50.121+0000][1][safepoint    ] Entering safepoint region: RevokeBias
[2022-06-13T01:30:50.122+0000][1][safepoint    ] Leaving safepoint region
[2022-06-13T01:30:50.122+0000][1][safepoint    ] Total time for which application threads were stopped: 0.0012500 seconds, Stopping threads took: 0.0009187 seconds
[2022-06-13T01:30:50.123+0000][1][safepoint    ] Application time: 0.0004050 seconds
[2022-06-13T01:30:50.123+0000][1][safepoint    ] Entering safepoint region: RevokeBias
[2022-06-13T01:30:50.123+0000][1][safepoint    ] Leaving safepoint region
[2022-06-13T01:30:50.124+0000][1][safepoint    ] Total time for which application threads were stopped: 0.0006146 seconds, Stopping threads took: 0.0002776 seconds
[2022-06-13T01:30:50.173+0000][1][safepoint    ] Application time: 0.0495876 seconds
[2022-06-13T01:30:50.174+0000][1][safepoint    ] Entering safepoint region: GenCollectForAllocation
[2022-06-13T01:30:50.174+0000][1][gc,start     ] GC(19) Pause Young (Allocation Failure)
[2022-06-13T01:30:50.174+0000][1][gc,task      ] GC(19) Using 5 workers of 13 for evacuation
[2022-06-13T01:30:50.181+0000][1][gc,age       ] GC(19) Desired survivor size 4456448 bytes, new threshold 2 (max threshold 6)
[2022-06-13T01:30:50.181+0000][1][gc,age       ] GC(19) Age table with threshold 2 (max threshold 6)
[2022-06-13T01:30:50.181+0000][1][gc,age       ] GC(19) - age   1:    2863568 bytes,    2863568 total
[2022-06-13T01:30:50.181+0000][1][gc,age       ] GC(19) - age   2:    3986688 bytes,    6850256 total
[2022-06-13T01:30:50.182+0000][1][gc,age       ] GC(19) - age   3:     260784 bytes,    7111040 total
[2022-06-13T01:30:50.182+0000][1][gc,heap      ] GC(19) ParNew: 75458K->8704K(78656K)
[2022-06-13T01:30:50.182+0000][1][gc,heap      ] GC(19) CMS: 55550K->55550K(174784K)
[2022-06-13T01:30:50.182+0000][1][gc,metaspace ] GC(19) Metaspace: 47630K->47630K(1093632K)
[2022-06-13T01:30:50.183+0000][1][gc           ] GC(19) Pause Young (Allocation Failure) 127M->62M(247M) 8.353ms
[2022-06-13T01:30:50.183+0000][1][gc,cpu       ] GC(19) User=0.04s Sys=0.00s Real=0.01s
[2022-06-13T01:30:50.183+0000][1][safepoint    ] Leaving safepoint region
[2022-06-13T01:30:50.183+0000][1][safepoint    ] Total time for which application threads were stopped: 0.0094264 seconds, Stopping threads took: 0.0002691 seconds
[2022-06-13T01:30:50.507+0000][1][safepoint    ] Application time: 0.3236907 seconds
[2022-06-13T01:30:50.508+0000][1][safepoint    ] Entering safepoint region: RevokeBias
[2022-06-13T01:30:50.508+0000][1][safepoint    ] Leaving safepoint region
[2022-06-13T01:30:50.508+0000][1][safepoint    ] Total time for which application threads were stopped: 0.0006812 seconds, Stopping threads took: 0.0003950 seconds
[2022-06-13T01:30:50.903+0000][1][safepoint    ] Application time: 0.3946665 seconds
[2022-06-13T01:30:50.904+0000][1][safepoint    ] Entering safepoint region: RevokeBias
[2022-06-13T01:30:50.905+0000][1][safepoint    ] Leaving safepoint region
[2022-06-13T01:30:50.905+0000][1][safepoint    ] Total time for which application threads were stopped: 0.0014284 seconds, Stopping threads took: 0.0004984 seconds
[2022-06-13T01:30:50.906+0000][1][safepoint    ] Application time: 0.0005777 seconds
[2022-06-13T01:30:50.907+0000][1][safepoint    ] Entering safepoint region: RevokeBias
[2022-06-13T01:30:50.908+0000][1][safepoint    ] Leaving safepoint region
[2022-06-13T01:30:50.908+0000][1][safepoint    ] Total time for which application threads were stopped: 0.0010949 seconds, Stopping threads took: 0.0006284 seconds
[2022-06-13T01:30:50.910+0000][1][safepoint    ] Application time: 0.0019103 seconds
[2022-06-13T01:30:50.911+0000][1][safepoint    ] Entering safepoint region: BulkRevokeBias
[2022-06-13T01:30:50.912+0000][1][safepoint    ] Leaving safepoint region
[2022-06-13T01:30:50.912+0000][1][safepoint    ] Total time for which application threads were stopped: 0.0014623 seconds, Stopping threads took: 0.0008149 seconds
[2022-06-13T01:30:51.027+0000][1][safepoint    ] Application time: 0.1142166 seconds
[2022-06-13T01:30:51.028+0000][1][safepoint    ] Entering safepoint region: GenCollectForAllocation
[2022-06-13T01:30:51.029+0000][1][gc,start     ] GC(20) Pause Young (Allocation Failure)
[2022-06-13T01:30:51.030+0000][1][gc,task      ] GC(20) Using 5 workers of 13 for evacuation
[2022-06-13T01:30:51.042+0000][1][gc,age       ] GC(20) Desired survivor size 4456448 bytes, new threshold 6 (max threshold 6)
[2022-06-13T01:30:51.043+0000][1][gc,age       ] GC(20) Age table with threshold 6 (max threshold 6)
[2022-06-13T01:30:51.043+0000][1][gc,age       ] GC(20) - age   1:    1603712 bytes,    1603712 total
[2022-06-13T01:30:51.044+0000][1][gc,age       ] GC(20) - age   2:    2821792 bytes,    4425504 total
[2022-06-13T01:30:51.044+0000][1][gc,heap      ] GC(20) ParNew: 78656K->7341K(78656K)
[2022-06-13T01:30:51.045+0000][1][gc,heap      ] GC(20) CMS: 55550K->59844K(174784K)
[2022-06-13T01:30:51.046+0000][1][gc,metaspace ] GC(20) Metaspace: 54599K->54599K(1099776K)
[2022-06-13T01:30:51.046+0000][1][gc           ] GC(20) Pause Young (Allocation Failure) 131M->65M(247M) 17.064ms
[2022-06-13T01:30:51.046+0000][1][gc,cpu       ] GC(20) User=0.05s Sys=0.00s Real=0.02s
[2022-06-13T01:30:51.047+0000][1][safepoint    ] Leaving safepoint region
[2022-06-13T01:30:51.047+0000][1][safepoint    ] Total time for which application threads were stopped: 0.0194837 seconds, Stopping threads took: 0.0006463 seconds
[2022-06-13T01:30:51.049+0000][1][safepoint    ] Application time: 0.0013183 seconds
[2022-06-13T01:30:51.050+0000][1][safepoint    ] Entering safepoint region: RevokeBias
[2022-06-13T01:30:51.050+0000][1][safepoint    ] Leaving safepoint region
[2022-06-13T01:30:51.050+0000][1][safepoint    ] Total time for which application threads were stopped: 0.0008419 seconds, Stopping threads took: 0.0004203 seconds
[2022-06-13T01:30:51.188+0000][1][safepoint    ] Application time: 0.1368450 seconds
[2022-06-13T01:30:51.188+0000][1][safepoint    ] Entering safepoint region: RevokeBias
[2022-06-13T01:30:51.189+0000][1][safepoint    ] Leaving safepoint region
[2022-06-13T01:30:51.189+0000][1][safepoint    ] Total time for which application threads were stopped: 0.0012030 seconds, Stopping threads took: 0.0002128 seconds
[2022-06-13T01:30:51.265+0000][1][safepoint    ] Application time: 0.0750060 seconds
[2022-06-13T01:30:51.265+0000][1][safepoint    ] Entering safepoint region: Deoptimize
[2022-06-13T01:30:51.266+0000][1][safepoint    ] Leaving safepoint region
[2022-06-13T01:30:51.267+0000][1][safepoint    ] Total time for which application threads were stopped: 0.0015346 seconds, Stopping threads took: 0.0003411 seconds
[2022-06-13T01:30:51.309+0000][1][safepoint    ] Application time: 0.0416188 seconds
[2022-06-13T01:30:51.309+0000][1][safepoint    ] Entering safepoint region: RevokeBias
[2022-06-13T01:30:51.310+0000][1][safepoint    ] Leaving safepoint region
[2022-06-13T01:30:51.310+0000][1][safepoint    ] Total time for which application threads were stopped: 0.0012141 seconds, Stopping threads took: 0.0006683 seconds
[2022-06-13T01:30:51.311+0000][1][safepoint    ] Application time: 0.0002086 seconds
[2022-06-13T01:30:51.311+0000][1][safepoint    ] Entering safepoint region: RevokeBias
[2022-06-13T01:30:51.312+0000][1][safepoint    ] Leaving safepoint region
[2022-06-13T01:30:51.312+0000][1][safepoint    ] Total time for which application threads were stopped: 0.0008292 seconds, Stopping threads took: 0.0006016 seconds
[2022-06-13T01:30:51.313+0000][1][safepoint    ] Application time: 0.0002367 seconds
[2022-06-13T01:30:51.313+0000][1][safepoint    ] Entering safepoint region: RevokeBias
[2022-06-13T01:30:51.314+0000][1][safepoint    ] Leaving safepoint region
[2022-06-13T01:30:51.314+0000][1][safepoint    ] Total time for which application threads were stopped: 0.0011549 seconds, Stopping threads took: 0.0005928 seconds
[2022-06-13T01:30:51.320+0000][1][safepoint    ] Application time: 0.0052713 seconds
[2022-06-13T01:30:51.320+0000][1][safepoint    ] Entering safepoint region: RevokeBias
[2022-06-13T01:30:51.321+0000][1][safepoint    ] Leaving safepoint region
[2022-06-13T01:30:51.321+0000][1][safepoint    ] Total time for which application threads were stopped: 0.0005820 seconds, Stopping threads took: 0.0002885 seconds
[2022-06-13T01:30:51.591+0000][1][safepoint    ] Application time: 0.2699367 seconds
[2022-06-13T01:30:51.591+0000][1][safepoint    ] Entering safepoint region: Deoptimize
[2022-06-13T01:30:51.594+0000][1][safepoint    ] Leaving safepoint region
[2022-06-13T01:30:51.595+0000][1][safepoint    ] Total time for which application threads were stopped: 0.0031175 seconds, Stopping threads took: 0.0005500 seconds
[2022-06-13T01:30:51.915+0000][1][safepoint    ] Application time: 0.3199243 seconds
[2022-06-13T01:30:51.915+0000][1][safepoint    ] Entering safepoint region: RevokeBias
[2022-06-13T01:30:51.916+0000][1][safepoint    ] Leaving safepoint region
[2022-06-13T01:30:51.916+0000][1][safepoint    ] Total time for which application threads were stopped: 0.0009893 seconds, Stopping threads took: 0.0005556 seconds
[2022-06-13T01:30:51.917+0000][1][safepoint    ] Application time: 0.0001461 seconds
[2022-06-13T01:30:51.917+0000][1][safepoint    ] Entering safepoint region: RevokeBias
[2022-06-13T01:30:51.917+0000][1][safepoint    ] Leaving safepoint region
[2022-06-13T01:30:51.918+0000][1][safepoint    ] Total time for which application threads were stopped: 0.0008461 seconds, Stopping threads took: 0.0003505 seconds
[2022-06-13T01:30:51.918+0000][1][safepoint    ] Application time: 0.0001506 seconds
[2022-06-13T01:30:51.918+0000][1][safepoint    ] Entering safepoint region: RevokeBias
[2022-06-13T01:30:51.919+0000][1][safepoint    ] Leaving safepoint region
[2022-06-13T01:30:51.919+0000][1][safepoint    ] Total time for which application threads were stopped: 0.0007382 seconds, Stopping threads took: 0.0004039 seconds
[2022-06-13T01:30:52.024+0000][1][safepoint    ] Application time: 0.1047895 seconds
[2022-06-13T01:30:52.025+0000][1][safepoint    ] Entering safepoint region: RevokeBias
[2022-06-13T01:30:52.025+0000][1][safepoint    ] Leaving safepoint region
[2022-06-13T01:30:52.026+0000][1][safepoint    ] Total time for which application threads were stopped: 0.0007888 seconds, Stopping threads took: 0.0004580 seconds
[2022-06-13T01:30:52.026+0000][1][safepoint    ] Application time: 0.0001493 seconds
[2022-06-13T01:30:52.026+0000][1][safepoint    ] Entering safepoint region: RevokeBias
[2022-06-13T01:30:52.026+0000][1][safepoint    ] Leaving safepoint region
[2022-06-13T01:30:52.027+0000][1][safepoint    ] Total time for which application threads were stopped: 0.0007399 seconds, Stopping threads took: 0.0002196 seconds
[2022-06-13T01:30:52.027+0000][1][safepoint    ] Application time: 0.0001887 seconds
[2022-06-13T01:30:52.028+0000][1][safepoint    ] Entering safepoint region: RevokeBias
[2022-06-13T01:30:52.028+0000][1][safepoint    ] Leaving safepoint region
[2022-06-13T01:30:52.028+0000][1][safepoint    ] Total time for which application threads were stopped: 0.0005617 seconds, Stopping threads took: 0.0002579 seconds
[2022-06-13T01:30:52.029+0000][1][safepoint    ] Application time: 0.0002248 seconds
[2022-06-13T01:30:52.029+0000][1][safepoint    ] Entering safepoint region: RevokeBias
[2022-06-13T01:30:52.030+0000][1][safepoint    ] Leaving safepoint region
[2022-06-13T01:30:52.030+0000][1][safepoint    ] Total time for which application threads were stopped: 0.0009359 seconds, Stopping threads took: 0.0003230 seconds
[2022-06-13T01:30:52.031+0000][1][safepoint    ] Application time: 0.0002526 seconds
[2022-06-13T01:30:52.031+0000][1][safepoint    ] Entering safepoint region: RevokeBias
[2022-06-13T01:30:52.031+0000][1][safepoint    ] Leaving safepoint region
[2022-06-13T01:30:52.032+0000][1][safepoint    ] Total time for which application threads were stopped: 0.0006817 seconds, Stopping threads took: 0.0003154 seconds
[2022-06-13T01:30:52.032+0000][1][safepoint    ] Application time: 0.0004565 seconds
[2022-06-13T01:30:52.033+0000][1][safepoint    ] Entering safepoint region: RevokeBias
[2022-06-13T01:30:52.033+0000][1][safepoint    ] Leaving safepoint region
[2022-06-13T01:30:52.033+0000][1][safepoint    ] Total time for which application threads were stopped: 0.0004675 seconds, Stopping threads took: 0.0002202 seconds
[2022-06-13T01:30:52.033+0000][1][safepoint    ] Application time: 0.0001782 seconds
[2022-06-13T01:30:52.034+0000][1][safepoint    ] Entering safepoint region: RevokeBias
[2022-06-13T01:30:52.034+0000][1][safepoint    ] Leaving safepoint region
[2022-06-13T01:30:52.034+0000][1][safepoint    ] Total time for which application threads were stopped: 0.0007553 seconds, Stopping threads took: 0.0002338 seconds
[2022-06-13T01:30:52.035+0000][1][safepoint    ] Application time: 0.0002884 seconds
[2022-06-13T01:30:52.036+0000][1][safepoint    ] Entering safepoint region: RevokeBias
[2022-06-13T01:30:52.036+0000][1][safepoint    ] Leaving safepoint region
[2022-06-13T01:30:52.036+0000][1][safepoint    ] Total time for which application threads were stopped: 0.0005158 seconds, Stopping threads took: 0.0002394 seconds
[2022-06-13T01:30:52.037+0000][1][safepoint    ] Application time: 0.0001545 seconds
[2022-06-13T01:30:52.037+0000][1][safepoint    ] Entering safepoint region: RevokeBias
[2022-06-13T01:30:52.037+0000][1][safepoint    ] Leaving safepoint region
[2022-06-13T01:30:52.037+0000][1][safepoint    ] Total time for which application threads were stopped: 0.0005305 seconds, Stopping threads took: 0.0002483 seconds
[2022-06-13T01:30:52.129+0000][1][safepoint    ] Application time: 0.0912077 seconds
[2022-06-13T01:30:52.129+0000][1][safepoint    ] Entering safepoint region: BulkRevokeBias
[2022-06-13T01:30:52.130+0000][1][safepoint    ] Leaving safepoint region
[2022-06-13T01:30:52.130+0000][1][safepoint    ] Total time for which application threads were stopped: 0.0006976 seconds, Stopping threads took: 0.0002983 seconds
[2022-06-13T01:30:52.314+0000][1][safepoint    ] Application time: 0.1834823 seconds
[2022-06-13T01:30:52.314+0000][1][safepoint    ] Entering safepoint region: GenCollectForAllocation
[2022-06-13T01:30:52.315+0000][1][gc,start     ] GC(21) Pause Young (Allocation Failure)
[2022-06-13T01:30:52.315+0000][1][gc,task      ] GC(21) Using 5 workers of 13 for evacuation
[2022-06-13T01:30:52.325+0000][1][gc,age       ] GC(21) Desired survivor size 4456448 bytes, new threshold 2 (max threshold 6)
[2022-06-13T01:30:52.325+0000][1][gc,age       ] GC(21) Age table with threshold 2 (max threshold 6)
[2022-06-13T01:30:52.326+0000][1][gc,age       ] GC(21) - age   1:    3863208 bytes,    3863208 total
[2022-06-13T01:30:52.326+0000][1][gc,age       ] GC(21) - age   2:    1514080 bytes,    5377288 total
[2022-06-13T01:30:52.327+0000][1][gc,age       ] GC(21) - age   3:    2795944 bytes,    8173232 total
[2022-06-13T01:30:52.327+0000][1][gc,heap      ] GC(21) ParNew: 77293K->8704K(78656K)
[2022-06-13T01:30:52.327+0000][1][gc,heap      ] GC(21) CMS: 59844K->60019K(174784K)
[2022-06-13T01:30:52.328+0000][1][gc,metaspace ] GC(21) Metaspace: 62855K->62855K(1105920K)
[2022-06-13T01:30:52.328+0000][1][gc           ] GC(21) Pause Young (Allocation Failure) 133M->67M(247M) 13.408ms
[2022-06-13T01:30:52.328+0000][1][gc,cpu       ] GC(21) User=0.04s Sys=0.00s Real=0.01s
[2022-06-13T01:30:52.329+0000][1][safepoint    ] Leaving safepoint region
[2022-06-13T01:30:52.329+0000][1][safepoint    ] Total time for which application threads were stopped: 0.0145640 seconds, Stopping threads took: 0.0003267 seconds
[2022-06-13T01:30:52.346+0000][1][safepoint    ] Application time: 0.0168047 seconds
[2022-06-13T01:30:52.347+0000][1][safepoint    ] Entering safepoint region: Deoptimize
[2022-06-13T01:30:52.348+0000][1][safepoint    ] Leaving safepoint region
[2022-06-13T01:30:52.348+0000][1][safepoint    ] Total time for which application threads were stopped: 0.0015803 seconds, Stopping threads took: 0.0004347 seconds
[2022-06-13T01:30:52.360+0000][1][safepoint    ] Application time: 0.0113843 seconds
[2022-06-13T01:30:52.360+0000][1][safepoint    ] Entering safepoint region: RevokeBias
[2022-06-13T01:30:52.361+0000][1][safepoint    ] Leaving safepoint region
[2022-06-13T01:30:52.362+0000][1][safepoint    ] Total time for which application threads were stopped: 0.0013476 seconds, Stopping threads took: 0.0007406 seconds
[2022-06-13T01:30:52.363+0000][1][safepoint    ] Application time: 0.0008378 seconds
[2022-06-13T01:30:52.363+0000][1][safepoint    ] Entering safepoint region: RevokeBias
[2022-06-13T01:30:52.364+0000][1][safepoint    ] Leaving safepoint region
[2022-06-13T01:30:52.364+0000][1][safepoint    ] Total time for which application threads were stopped: 0.0011143 seconds, Stopping threads took: 0.0005105 seconds
[2022-06-13T01:30:52.366+0000][1][safepoint    ] Application time: 0.0010559 seconds
[2022-06-13T01:30:52.366+0000][1][safepoint    ] Entering safepoint region: RevokeBias
[2022-06-13T01:30:52.367+0000][1][safepoint    ] Leaving safepoint region
[2022-06-13T01:30:52.367+0000][1][safepoint    ] Total time for which application threads were stopped: 0.0007876 seconds, Stopping threads took: 0.0004523 seconds
[2022-06-13T01:30:52.369+0000][1][safepoint    ] Application time: 0.0011985 seconds
[2022-06-13T01:30:52.369+0000][1][safepoint    ] Entering safepoint region: RevokeBias
[2022-06-13T01:30:52.370+0000][1][safepoint    ] Leaving safepoint region
[2022-06-13T01:30:52.370+0000][1][safepoint    ] Total time for which application threads were stopped: 0.0009018 seconds, Stopping threads took: 0.0004291 seconds
[2022-06-13T01:30:52.371+0000][1][safepoint    ] Application time: 0.0002886 seconds
[2022-06-13T01:30:52.371+0000][1][safepoint    ] Entering safepoint region: RevokeBias
[2022-06-13T01:30:52.371+0000][1][safepoint    ] Leaving safepoint region
[2022-06-13T01:30:52.372+0000][1][safepoint    ] Total time for which application threads were stopped: 0.0007380 seconds, Stopping threads took: 0.0003235 seconds
[2022-06-13T01:30:52.372+0000][1][safepoint    ] Application time: 0.0002123 seconds
[2022-06-13T01:30:52.373+0000][1][safepoint    ] Entering safepoint region: RevokeBias
[2022-06-13T01:30:52.373+0000][1][safepoint    ] Leaving safepoint region
[2022-06-13T01:30:52.373+0000][1][safepoint    ] Total time for which application threads were stopped: 0.0005098 seconds, Stopping threads took: 0.0002463 seconds
[2022-06-13T01:30:52.374+0000][1][safepoint    ] Application time: 0.0003618 seconds
[2022-06-13T01:30:52.374+0000][1][safepoint    ] Entering safepoint region: RevokeBias
[2022-06-13T01:30:52.374+0000][1][safepoint    ] Leaving safepoint region
[2022-06-13T01:30:52.375+0000][1][safepoint    ] Total time for which application threads were stopped: 0.0007823 seconds, Stopping threads took: 0.0002377 seconds
[2022-06-13T01:30:52.375+0000][1][safepoint    ] Application time: 0.0004628 seconds
[2022-06-13T01:30:52.376+0000][1][safepoint    ] Entering safepoint region: RevokeBias
[2022-06-13T01:30:52.376+0000][1][safepoint    ] Leaving safepoint region
[2022-06-13T01:30:52.377+0000][1][safepoint    ] Total time for which application threads were stopped: 0.0011547 seconds, Stopping threads took: 0.0003056 seconds
[2022-06-13T01:30:52.378+0000][1][safepoint    ] Application time: 0.0003496 seconds
[2022-06-13T01:30:52.378+0000][1][safepoint    ] Entering safepoint region: RevokeBias
[2022-06-13T01:30:52.379+0000][1][safepoint    ] Leaving safepoint region
[2022-06-13T01:30:52.379+0000][1][safepoint    ] Total time for which application threads were stopped: 0.0006587 seconds, Stopping threads took: 0.0002766 seconds
[2022-06-13T01:30:52.379+0000][1][safepoint    ] Application time: 0.0001288 seconds
[2022-06-13T01:30:52.380+0000][1][safepoint    ] Entering safepoint region: RevokeBias
[2022-06-13T01:30:52.380+0000][1][safepoint    ] Leaving safepoint region
[2022-06-13T01:30:52.380+0000][1][safepoint    ] Total time for which application threads were stopped: 0.0004988 seconds, Stopping threads took: 0.0002617 seconds
[2022-06-13T01:30:52.381+0000][1][safepoint    ] Application time: 0.0009617 seconds
[2022-06-13T01:30:52.382+0000][1][safepoint    ] Entering safepoint region: RevokeBias
[2022-06-13T01:30:52.382+0000][1][safepoint    ] Leaving safepoint region
[2022-06-13T01:30:52.382+0000][1][safepoint    ] Total time for which application threads were stopped: 0.0003985 seconds, Stopping threads took: 0.0001700 seconds
[2022-06-13T01:30:52.384+0000][1][safepoint    ] Application time: 0.0012686 seconds
[2022-06-13T01:30:52.384+0000][1][safepoint    ] Entering safepoint region: RevokeBias
[2022-06-13T01:30:52.384+0000][1][safepoint    ] Leaving safepoint region
[2022-06-13T01:30:52.384+0000][1][safepoint    ] Total time for which application threads were stopped: 0.0004947 seconds, Stopping threads took: 0.0002594 seconds
[2022-06-13T01:30:52.385+0000][1][safepoint    ] Application time: 0.0001907 seconds
[2022-06-13T01:30:52.385+0000][1][safepoint    ] Entering safepoint region: RevokeBias
[2022-06-13T01:30:52.385+0000][1][safepoint    ] Leaving safepoint region
[2022-06-13T01:30:52.385+0000][1][safepoint    ] Total time for which application threads were stopped: 0.0005083 seconds, Stopping threads took: 0.0002683 seconds
[2022-06-13T01:30:52.389+0000][1][safepoint    ] Application time: 0.0031094 seconds
[2022-06-13T01:30:52.390+0000][1][safepoint    ] Entering safepoint region: RevokeBias
[2022-06-13T01:30:52.391+0000][1][safepoint    ] Leaving safepoint region
[2022-06-13T01:30:52.391+0000][1][safepoint    ] Total time for which application threads were stopped: 0.0013766 seconds, Stopping threads took: 0.0005353 seconds
[2022-06-13T01:30:52.393+0000][1][safepoint    ] Application time: 0.0022172 seconds
[2022-06-13T01:30:52.394+0000][1][safepoint    ] Entering safepoint region: RevokeBias
[2022-06-13T01:30:52.395+0000][1][safepoint    ] Leaving safepoint region
[2022-06-13T01:30:52.395+0000][1][safepoint    ] Total time for which application threads were stopped: 0.0008870 seconds, Stopping threads took: 0.0003819 seconds
[2022-06-13T01:30:52.396+0000][1][safepoint    ] Application time: 0.0004026 seconds
[2022-06-13T01:30:52.396+0000][1][safepoint    ] Entering safepoint region: RevokeBias
[2022-06-13T01:30:52.397+0000][1][safepoint    ] Leaving safepoint region
[2022-06-13T01:30:52.397+0000][1][safepoint    ] Total time for which application threads were stopped: 0.0009256 seconds, Stopping threads took: 0.0005244 seconds
[2022-06-13T01:30:52.398+0000][1][safepoint    ] Application time: 0.0002669 seconds
[2022-06-13T01:30:52.398+0000][1][safepoint    ] Entering safepoint region: RevokeBias
[2022-06-13T01:30:52.398+0000][1][safepoint    ] Leaving safepoint region
[2022-06-13T01:30:52.399+0000][1][safepoint    ] Total time for which application threads were stopped: 0.0005861 seconds, Stopping threads took: 0.0002371 seconds
[2022-06-13T01:30:52.399+0000][1][safepoint    ] Application time: 0.0003507 seconds
[2022-06-13T01:30:52.400+0000][1][safepoint    ] Entering safepoint region: RevokeBias
[2022-06-13T01:30:52.400+0000][1][safepoint    ] Leaving safepoint region
[2022-06-13T01:30:52.400+0000][1][safepoint    ] Total time for which application threads were stopped: 0.0005272 seconds, Stopping threads took: 0.0002284 seconds
[2022-06-13T01:30:52.400+0000][1][safepoint    ] Application time: 0.0001542 seconds
[2022-06-13T01:30:52.401+0000][1][safepoint    ] Entering safepoint region: RevokeBias
[2022-06-13T01:30:52.401+0000][1][safepoint    ] Leaving safepoint region
[2022-06-13T01:30:52.401+0000][1][safepoint    ] Total time for which application threads were stopped: 0.0004491 seconds, Stopping threads took: 0.0002125 seconds
[2022-06-13T01:30:52.458+0000][1][safepoint    ] Application time: 0.0563585 seconds
[2022-06-13T01:30:52.458+0000][1][safepoint    ] Entering safepoint region: RevokeBias
[2022-06-13T01:30:52.459+0000][1][safepoint    ] Leaving safepoint region
[2022-06-13T01:30:52.459+0000][1][safepoint    ] Total time for which application threads were stopped: 0.0006700 seconds, Stopping threads took: 0.0003440 seconds
[2022-06-13T01:30:52.460+0000][1][safepoint    ] Application time: 0.0011852 seconds
[2022-06-13T01:30:52.461+0000][1][safepoint    ] Entering safepoint region: RevokeBias
[2022-06-13T01:30:52.461+0000][1][safepoint    ] Leaving safepoint region
[2022-06-13T01:30:52.462+0000][1][safepoint    ] Total time for which application threads were stopped: 0.0011229 seconds, Stopping threads took: 0.0007057 seconds
[2022-06-13T01:30:52.463+0000][1][safepoint    ] Application time: 0.0007174 seconds
[2022-06-13T01:30:52.463+0000][1][safepoint    ] Entering safepoint region: RevokeBias
[2022-06-13T01:30:52.464+0000][1][safepoint    ] Leaving safepoint region
[2022-06-13T01:30:52.464+0000][1][safepoint    ] Total time for which application threads were stopped: 0.0009361 seconds, Stopping threads took: 0.0005158 seconds
[2022-06-13T01:30:52.467+0000][1][safepoint    ] Application time: 0.0028890 seconds
[2022-06-13T01:30:52.468+0000][1][safepoint    ] Entering safepoint region: RevokeBias
[2022-06-13T01:30:52.468+0000][1][safepoint    ] Leaving safepoint region
[2022-06-13T01:30:52.468+0000][1][safepoint    ] Total time for which application threads were stopped: 0.0007786 seconds, Stopping threads took: 0.0004675 seconds
[2022-06-13T01:30:52.470+0000][1][safepoint    ] Application time: 0.0009005 seconds
[2022-06-13T01:30:52.470+0000][1][safepoint    ] Entering safepoint region: RevokeBias
[2022-06-13T01:30:52.471+0000][1][safepoint    ] Leaving safepoint region
[2022-06-13T01:30:52.471+0000][1][safepoint    ] Total time for which application threads were stopped: 0.0008170 seconds, Stopping threads took: 0.0004054 seconds
[2022-06-13T01:30:52.471+0000][1][safepoint    ] Application time: 0.0003056 seconds
[2022-06-13T01:30:52.472+0000][1][safepoint    ] Entering safepoint region: RevokeBias
[2022-06-13T01:30:52.473+0000][1][safepoint    ] Leaving safepoint region
[2022-06-13T01:30:52.473+0000][1][safepoint    ] Total time for which application threads were stopped: 0.0010176 seconds, Stopping threads took: 0.0006013 seconds
[2022-06-13T01:30:52.473+0000][1][safepoint    ] Application time: 0.0002105 seconds
[2022-06-13T01:30:52.474+0000][1][safepoint    ] Entering safepoint region: RevokeBias
[2022-06-13T01:30:52.474+0000][1][safepoint    ] Leaving safepoint region
[2022-06-13T01:30:52.475+0000][1][safepoint    ] Total time for which application threads were stopped: 0.0009254 seconds, Stopping threads took: 0.0006742 seconds
[2022-06-13T01:30:52.475+0000][1][safepoint    ] Application time: 0.0002128 seconds
[2022-06-13T01:30:52.475+0000][1][safepoint    ] Entering safepoint region: RevokeBias
[2022-06-13T01:30:52.476+0000][1][safepoint    ] Leaving safepoint region
[2022-06-13T01:30:52.476+0000][1][safepoint    ] Total time for which application threads were stopped: 0.0005893 seconds, Stopping threads took: 0.0003187 seconds
[2022-06-13T01:30:52.477+0000][1][safepoint    ] Application time: 0.0004529 seconds
[2022-06-13T01:30:52.477+0000][1][safepoint    ] Entering safepoint region: RevokeBias
[2022-06-13T01:30:52.477+0000][1][safepoint    ] Leaving safepoint region
[2022-06-13T01:30:52.478+0000][1][safepoint    ] Total time for which application threads were stopped: 0.0007084 seconds, Stopping threads took: 0.0003954 seconds
[2022-06-13T01:30:52.478+0000][1][safepoint    ] Application time: 0.0001890 seconds
[2022-06-13T01:30:52.478+0000][1][safepoint    ] Entering safepoint region: RevokeBias
[2022-06-13T01:30:52.479+0000][1][safepoint    ] Leaving safepoint region
[2022-06-13T01:30:52.479+0000][1][safepoint    ] Total time for which application threads were stopped: 0.0008685 seconds, Stopping threads took: 0.0004843 seconds
[2022-06-13T01:30:52.481+0000][1][safepoint    ] Application time: 0.0010168 seconds
[2022-06-13T01:30:52.481+0000][1][safepoint    ] Entering safepoint region: RevokeBias
[2022-06-13T01:30:52.482+0000][1][safepoint    ] Leaving safepoint region
[2022-06-13T01:30:52.482+0000][1][safepoint    ] Total time for which application threads were stopped: 0.0010513 seconds, Stopping threads took: 0.0004937 seconds
[2022-06-13T01:30:52.483+0000][1][safepoint    ] Application time: 0.0002147 seconds
[2022-06-13T01:30:52.483+0000][1][safepoint    ] Entering safepoint region: BulkRevokeBias
[2022-06-13T01:30:52.484+0000][1][safepoint    ] Leaving safepoint region
[2022-06-13T01:30:52.484+0000][1][safepoint    ] Total time for which application threads were stopped: 0.0012199 seconds, Stopping threads took: 0.0005646 seconds
[2022-06-13T01:30:52.485+0000][1][safepoint    ] Application time: 0.0001722 seconds
[2022-06-13T01:30:52.485+0000][1][safepoint    ] Entering safepoint region: RevokeBias
[2022-06-13T01:30:52.486+0000][1][safepoint    ] Leaving safepoint region
[2022-06-13T01:30:52.486+0000][1][safepoint    ] Total time for which application threads were stopped: 0.0009140 seconds, Stopping threads took: 0.0004755 seconds
[2022-06-13T01:30:52.487+0000][1][safepoint    ] Application time: 0.0010473 seconds
[2022-06-13T01:30:52.488+0000][1][safepoint    ] Entering safepoint region: RevokeBias
[2022-06-13T01:30:52.488+0000][1][safepoint    ] Leaving safepoint region
[2022-06-13T01:30:52.489+0000][1][safepoint    ] Total time for which application threads were stopped: 0.0007630 seconds, Stopping threads took: 0.0004490 seconds
[2022-06-13T01:30:52.491+0000][1][safepoint    ] Application time: 0.0020837 seconds
[2022-06-13T01:30:52.491+0000][1][safepoint    ] Entering safepoint region: RevokeBias
[2022-06-13T01:30:52.492+0000][1][safepoint    ] Leaving safepoint region
[2022-06-13T01:30:52.492+0000][1][safepoint    ] Total time for which application threads were stopped: 0.0006123 seconds, Stopping threads took: 0.0003111 seconds
[2022-06-13T01:30:52.492+0000][1][safepoint    ] Application time: 0.0001972 seconds
[2022-06-13T01:30:52.493+0000][1][safepoint    ] Entering safepoint region: RevokeBias
[2022-06-13T01:30:52.493+0000][1][safepoint    ] Leaving safepoint region
[2022-06-13T01:30:52.493+0000][1][safepoint    ] Total time for which application threads were stopped: 0.0005364 seconds, Stopping threads took: 0.0002305 seconds
[2022-06-13T01:30:52.494+0000][1][safepoint    ] Application time: 0.0004099 seconds
[2022-06-13T01:30:52.494+0000][1][safepoint    ] Entering safepoint region: RevokeBias
[2022-06-13T01:30:52.494+0000][1][safepoint    ] Leaving safepoint region
[2022-06-13T01:30:52.495+0000][1][safepoint    ] Total time for which application threads were stopped: 0.0006649 seconds, Stopping threads took: 0.0003511 seconds
[2022-06-13T01:30:52.497+0000][1][safepoint    ] Application time: 0.0016451 seconds
[2022-06-13T01:30:52.497+0000][1][safepoint    ] Entering safepoint region: RevokeBias
[2022-06-13T01:30:52.497+0000][1][safepoint    ] Leaving safepoint region
[2022-06-13T01:30:52.497+0000][1][safepoint    ] Total time for which application threads were stopped: 0.0004201 seconds, Stopping threads took: 0.0001998 seconds
[2022-06-13T01:30:52.498+0000][1][safepoint    ] Application time: 0.0002309 seconds
[2022-06-13T01:30:52.498+0000][1][safepoint    ] Entering safepoint region: RevokeBias
[2022-06-13T01:30:52.498+0000][1][safepoint    ] Leaving safepoint region
[2022-06-13T01:30:52.498+0000][1][safepoint    ] Total time for which application threads were stopped: 0.0006311 seconds, Stopping threads took: 0.0002516 seconds
[2022-06-13T01:30:52.499+0000][1][safepoint    ] Application time: 0.0001614 seconds
[2022-06-13T01:30:52.499+0000][1][safepoint    ] Entering safepoint region: RevokeBias
[2022-06-13T01:30:52.499+0000][1][safepoint    ] Leaving safepoint region
[2022-06-13T01:30:52.500+0000][1][safepoint    ] Total time for which application threads were stopped: 0.0006414 seconds, Stopping threads took: 0.0003195 seconds
[2022-06-13T01:30:52.501+0000][1][safepoint    ] Application time: 0.0007102 seconds
[2022-06-13T01:30:52.501+0000][1][safepoint    ] Entering safepoint region: RevokeBias
[2022-06-13T01:30:52.501+0000][1][safepoint    ] Leaving safepoint region
[2022-06-13T01:30:52.501+0000][1][safepoint    ] Total time for which application threads were stopped: 0.0004517 seconds, Stopping threads took: 0.0001885 seconds
[2022-06-13T01:30:52.502+0000][1][safepoint    ] Application time: 0.0001315 seconds
[2022-06-13T01:30:52.502+0000][1][safepoint    ] Entering safepoint region: RevokeBias
[2022-06-13T01:30:52.502+0000][1][safepoint    ] Leaving safepoint region
[2022-06-13T01:30:52.502+0000][1][safepoint    ] Total time for which application threads were stopped: 0.0003903 seconds, Stopping threads took: 0.0001572 seconds
[2022-06-13T01:30:52.506+0000][1][safepoint    ] Application time: 0.0035714 seconds
[2022-06-13T01:30:52.506+0000][1][safepoint    ] Entering safepoint region: RevokeBias
[2022-06-13T01:30:52.507+0000][1][safepoint    ] Leaving safepoint region
[2022-06-13T01:30:52.507+0000][1][safepoint    ] Total time for which application threads were stopped: 0.0006337 seconds, Stopping threads took: 0.0003133 seconds
[2022-06-13T01:30:52.509+0000][1][safepoint    ] Application time: 0.0015812 seconds
[2022-06-13T01:30:52.509+0000][1][safepoint    ] Entering safepoint region: BulkRevokeBias
[2022-06-13T01:30:52.510+0000][1][safepoint    ] Leaving safepoint region
[2022-06-13T01:30:52.510+0000][1][safepoint    ] Total time for which application threads were stopped: 0.0011619 seconds, Stopping threads took: 0.0003782 seconds
[2022-06-13T01:30:52.514+0000][1][safepoint    ] Application time: 0.0037257 seconds
[2022-06-13T01:30:52.515+0000][1][safepoint    ] Entering safepoint region: RevokeBias
[2022-06-13T01:30:52.515+0000][1][safepoint    ] Leaving safepoint region
[2022-06-13T01:30:52.515+0000][1][safepoint    ] Total time for which application threads were stopped: 0.0009038 seconds, Stopping threads took: 0.0004645 seconds
[2022-06-13T01:30:52.516+0000][1][safepoint    ] Application time: 0.0007455 seconds
[2022-06-13T01:30:52.517+0000][1][safepoint    ] Entering safepoint region: RevokeBias
[2022-06-13T01:30:52.517+0000][1][safepoint    ] Leaving safepoint region
[2022-06-13T01:30:52.518+0000][1][safepoint    ] Total time for which application threads were stopped: 0.0008737 seconds, Stopping threads took: 0.0005398 seconds
[2022-06-13T01:30:52.518+0000][1][safepoint    ] Application time: 0.0001368 seconds
[2022-06-13T01:30:52.518+0000][1][safepoint    ] Entering safepoint region: RevokeBias
[2022-06-13T01:30:52.519+0000][1][safepoint    ] Leaving safepoint region
[2022-06-13T01:30:52.519+0000][1][safepoint    ] Total time for which application threads were stopped: 0.0008413 seconds, Stopping threads took: 0.0005436 seconds
[2022-06-13T01:30:52.520+0000][1][safepoint    ] Application time: 0.0001802 seconds
[2022-06-13T01:30:52.520+0000][1][safepoint    ] Entering safepoint region: RevokeBias
[2022-06-13T01:30:52.520+0000][1][safepoint    ] Leaving safepoint region
[2022-06-13T01:30:52.520+0000][1][safepoint    ] Total time for which application threads were stopped: 0.0006127 seconds, Stopping threads took: 0.0002718 seconds
[2022-06-13T01:30:52.522+0000][1][safepoint    ] Application time: 0.0009116 seconds
[2022-06-13T01:30:52.522+0000][1][safepoint    ] Entering safepoint region: RevokeBias
[2022-06-13T01:30:52.522+0000][1][safepoint    ] Leaving safepoint region
[2022-06-13T01:30:52.523+0000][1][safepoint    ] Total time for which application threads were stopped: 0.0007376 seconds, Stopping threads took: 0.0003054 seconds
[2022-06-13T01:30:52.523+0000][1][safepoint    ] Application time: 0.0001667 seconds
[2022-06-13T01:30:52.523+0000][1][safepoint    ] Entering safepoint region: RevokeBias
[2022-06-13T01:30:52.524+0000][1][safepoint    ] Leaving safepoint region
[2022-06-13T01:30:52.524+0000][1][safepoint    ] Total time for which application threads were stopped: 0.0004804 seconds, Stopping threads took: 0.0002023 seconds
[2022-06-13T01:30:52.529+0000][1][safepoint    ] Application time: 0.0044905 seconds
[2022-06-13T01:30:52.529+0000][1][safepoint    ] Entering safepoint region: RevokeBias
[2022-06-13T01:30:52.529+0000][1][safepoint    ] Leaving safepoint region
[2022-06-13T01:30:52.530+0000][1][safepoint    ] Total time for which application threads were stopped: 0.0006882 seconds, Stopping threads took: 0.0003198 seconds
[2022-06-13T01:30:52.530+0000][1][safepoint    ] Application time: 0.0001628 seconds
[2022-06-13T01:30:52.530+0000][1][safepoint    ] Entering safepoint region: RevokeBias
[2022-06-13T01:30:52.530+0000][1][safepoint    ] Leaving safepoint region
[2022-06-13T01:30:52.531+0000][1][safepoint    ] Total time for which application threads were stopped: 0.0004491 seconds, Stopping threads took: 0.0002007 seconds
[2022-06-13T01:30:52.535+0000][1][safepoint    ] Application time: 0.0041693 seconds
[2022-06-13T01:30:52.535+0000][1][safepoint    ] Entering safepoint region: RevokeBias
[2022-06-13T01:30:52.536+0000][1][safepoint    ] Leaving safepoint region
[2022-06-13T01:30:52.536+0000][1][safepoint    ] Total time for which application threads were stopped: 0.0005904 seconds, Stopping threads took: 0.0002688 seconds
[2022-06-13T01:30:52.537+0000][1][safepoint    ] Application time: 0.0002308 seconds
[2022-06-13T01:30:52.537+0000][1][safepoint    ] Entering safepoint region: RevokeBias
[2022-06-13T01:30:52.537+0000][1][safepoint    ] Leaving safepoint region
[2022-06-13T01:30:52.538+0000][1][safepoint    ] Total time for which application threads were stopped: 0.0007031 seconds, Stopping threads took: 0.0003179 seconds
[2022-06-13T01:30:52.538+0000][1][safepoint    ] Application time: 0.0003189 seconds
[2022-06-13T01:30:52.538+0000][1][safepoint    ] Entering safepoint region: RevokeBias
[2022-06-13T01:30:52.539+0000][1][safepoint    ] Leaving safepoint region
[2022-06-13T01:30:52.539+0000][1][safepoint    ] Total time for which application threads were stopped: 0.0006404 seconds, Stopping threads took: 0.0002527 seconds
[2022-06-13T01:30:52.539+0000][1][safepoint    ] Application time: 0.0001057 seconds
[2022-06-13T01:30:52.540+0000][1][safepoint    ] Entering safepoint region: RevokeBias
[2022-06-13T01:30:52.540+0000][1][safepoint    ] Leaving safepoint region
[2022-06-13T01:30:52.541+0000][1][safepoint    ] Total time for which application threads were stopped: 0.0012539 seconds, Stopping threads took: 0.0004433 seconds
[2022-06-13T01:30:52.547+0000][1][safepoint    ] Application time: 0.0060986 seconds
[2022-06-13T01:30:52.548+0000][1][safepoint    ] Entering safepoint region: RevokeBias
[2022-06-13T01:30:52.548+0000][1][safepoint    ] Leaving safepoint region
[2022-06-13T01:30:52.549+0000][1][safepoint    ] Total time for which application threads were stopped: 0.0006153 seconds, Stopping threads took: 0.0002765 seconds
[2022-06-13T01:30:52.549+0000][1][safepoint    ] Application time: 0.0002100 seconds
[2022-06-13T01:30:52.549+0000][1][safepoint    ] Entering safepoint region: RevokeBias
[2022-06-13T01:30:52.550+0000][1][safepoint    ] Leaving safepoint region
[2022-06-13T01:30:52.550+0000][1][safepoint    ] Total time for which application threads were stopped: 0.0007185 seconds, Stopping threads took: 0.0004135 seconds
[2022-06-13T01:30:52.551+0000][1][safepoint    ] Application time: 0.0002466 seconds
[2022-06-13T01:30:52.551+0000][1][safepoint    ] Entering safepoint region: RevokeBias
[2022-06-13T01:30:52.552+0000][1][safepoint    ] Leaving safepoint region
[2022-06-13T01:30:52.552+0000][1][safepoint    ] Total time for which application threads were stopped: 0.0010744 seconds, Stopping threads took: 0.0006834 seconds
[2022-06-13T01:30:52.552+0000][1][safepoint    ] Application time: 0.0003145 seconds
[2022-06-13T01:30:52.553+0000][1][safepoint    ] Entering safepoint region: RevokeBias
[2022-06-13T01:30:52.553+0000][1][safepoint    ] Leaving safepoint region
[2022-06-13T01:30:52.554+0000][1][safepoint    ] Total time for which application threads were stopped: 0.0009275 seconds, Stopping threads took: 0.0005467 seconds
[2022-06-13T01:30:52.558+0000][1][safepoint    ] Application time: 0.0036114 seconds
[2022-06-13T01:30:52.558+0000][1][safepoint    ] Entering safepoint region: RevokeBias
[2022-06-13T01:30:52.558+0000][1][safepoint    ] Leaving safepoint region
[2022-06-13T01:30:52.559+0000][1][safepoint    ] Total time for which application threads were stopped: 0.0008641 seconds, Stopping threads took: 0.0002580 seconds
[2022-06-13T01:30:53.112+0000][1][safepoint    ] Application time: 0.5534507 seconds
[2022-06-13T01:30:53.113+0000][1][safepoint    ] Entering safepoint region: RevokeBias
[2022-06-13T01:30:53.113+0000][1][safepoint    ] Leaving safepoint region
[2022-06-13T01:30:53.113+0000][1][safepoint    ] Total time for which application threads were stopped: 0.0005079 seconds, Stopping threads took: 0.0002255 seconds
[2022-06-13T01:30:53.114+0000][1][safepoint    ] Application time: 0.0001391 seconds
[2022-06-13T01:30:53.114+0000][1][safepoint    ] Entering safepoint region: RevokeBias
[2022-06-13T01:30:53.114+0000][1][safepoint    ] Leaving safepoint region
[2022-06-13T01:30:53.114+0000][1][safepoint    ] Total time for which application threads were stopped: 0.0005583 seconds, Stopping threads took: 0.0002627 seconds
[2022-06-13T01:30:53.115+0000][1][safepoint    ] Application time: 0.0001337 seconds
[2022-06-13T01:30:53.115+0000][1][safepoint    ] Entering safepoint region: RevokeBias
[2022-06-13T01:30:53.115+0000][1][safepoint    ] Leaving safepoint region
[2022-06-13T01:30:53.115+0000][1][safepoint    ] Total time for which application threads were stopped: 0.0003856 seconds, Stopping threads took: 0.0001741 seconds
[2022-06-13T01:30:53.116+0000][1][safepoint    ] Application time: 0.0001061 seconds
[2022-06-13T01:30:53.116+0000][1][safepoint    ] Entering safepoint region: RevokeBias
[2022-06-13T01:30:53.116+0000][1][safepoint    ] Leaving safepoint region
[2022-06-13T01:30:53.116+0000][1][safepoint    ] Total time for which application threads were stopped: 0.0003682 seconds, Stopping threads took: 0.0001565 seconds
[2022-06-13T01:30:53.116+0000][1][safepoint    ] Application time: 0.0000889 seconds
[2022-06-13T01:30:53.116+0000][1][safepoint    ] Entering safepoint region: RevokeBias
[2022-06-13T01:30:53.117+0000][1][safepoint    ] Leaving safepoint region
[2022-06-13T01:30:53.117+0000][1][safepoint    ] Total time for which application threads were stopped: 0.0003065 seconds, Stopping threads took: 0.0001414 seconds
[2022-06-13T01:30:53.117+0000][1][safepoint    ] Application time: 0.0000952 seconds
[2022-06-13T01:30:53.117+0000][1][safepoint    ] Entering safepoint region: RevokeBias
[2022-06-13T01:30:53.117+0000][1][safepoint    ] Leaving safepoint region
[2022-06-13T01:30:53.117+0000][1][safepoint    ] Total time for which application threads were stopped: 0.0003072 seconds, Stopping threads took: 0.0001508 seconds
[2022-06-13T01:30:53.118+0000][1][safepoint    ] Application time: 0.0000866 seconds
[2022-06-13T01:30:53.118+0000][1][safepoint    ] Entering safepoint region: RevokeBias
[2022-06-13T01:30:53.118+0000][1][safepoint    ] Leaving safepoint region
[2022-06-13T01:30:53.118+0000][1][safepoint    ] Total time for which application threads were stopped: 0.0002939 seconds, Stopping threads took: 0.0001298 seconds
[2022-06-13T01:30:53.118+0000][1][safepoint    ] Application time: 0.0000897 seconds
[2022-06-13T01:30:53.118+0000][1][safepoint    ] Entering safepoint region: RevokeBias
[2022-06-13T01:30:53.119+0000][1][safepoint    ] Leaving safepoint region
[2022-06-13T01:30:53.119+0000][1][safepoint    ] Total time for which application threads were stopped: 0.0003011 seconds, Stopping threads took: 0.0001408 seconds
[2022-06-13T01:30:53.459+0000][1][safepoint    ] Application time: 0.3400993 seconds
[2022-06-13T01:30:53.460+0000][1][safepoint    ] Entering safepoint region: RevokeBias
[2022-06-13T01:30:53.460+0000][1][safepoint    ] Leaving safepoint region
[2022-06-13T01:30:53.461+0000][1][safepoint    ] Total time for which application threads were stopped: 0.0011015 seconds, Stopping threads took: 0.0005990 seconds
[2022-06-13T01:30:55.530+0000][1][safepoint    ] Application time: 2.0684782 seconds
[2022-06-13T01:30:55.530+0000][1][safepoint    ] Entering safepoint region: RevokeBias
[2022-06-13T01:30:55.531+0000][1][safepoint    ] Leaving safepoint region
[2022-06-13T01:30:55.531+0000][1][safepoint    ] Total time for which application threads were stopped: 0.0010301 seconds, Stopping threads took: 0.0004676 seconds
[2022-06-13T01:30:55.531+0000][1][safepoint    ] Application time: 0.0000995 seconds
[2022-06-13T01:30:55.532+0000][1][safepoint    ] Entering safepoint region: RevokeBias
[2022-06-13T01:30:55.533+0000][1][safepoint    ] Leaving safepoint region
[2022-06-13T01:30:55.534+0000][1][safepoint    ] Total time for which application threads were stopped: 0.0016203 seconds, Stopping threads took: 0.0009610 seconds
[2022-06-13T01:30:55.535+0000][1][safepoint    ] Application time: 0.0003986 seconds
[2022-06-13T01:30:55.535+0000][1][safepoint    ] Entering safepoint region: RevokeBias
[2022-06-13T01:30:55.536+0000][1][safepoint    ] Leaving safepoint region
[2022-06-13T01:30:55.536+0000][1][safepoint    ] Total time for which application threads were stopped: 0.0013761 seconds, Stopping threads took: 0.0007450 seconds
[2022-06-13T01:30:55.537+0000][1][safepoint    ] Application time: 0.0003238 seconds
[2022-06-13T01:30:55.538+0000][1][safepoint    ] Entering safepoint region: RevokeBias
[2022-06-13T01:30:55.539+0000][1][safepoint    ] Leaving safepoint region
[2022-06-13T01:30:55.539+0000][1][safepoint    ] Total time for which application threads were stopped: 0.0008631 seconds, Stopping threads took: 0.0005604 seconds
[2022-06-13T01:30:55.539+0000][1][safepoint    ] Application time: 0.0002541 seconds
[2022-06-13T01:30:55.540+0000][1][safepoint    ] Entering safepoint region: RevokeBias
[2022-06-13T01:30:55.541+0000][1][safepoint    ] Leaving safepoint region
[2022-06-13T01:30:55.541+0000][1][safepoint    ] Total time for which application threads were stopped: 0.0012662 seconds, Stopping threads took: 0.0008592 seconds
[2022-06-13T01:30:55.542+0000][1][safepoint    ] Application time: 0.0005307 seconds
[2022-06-13T01:30:55.543+0000][1][safepoint    ] Entering safepoint region: RevokeBias
[2022-06-13T01:30:55.543+0000][1][safepoint    ] Leaving safepoint region
[2022-06-13T01:30:55.544+0000][1][safepoint    ] Total time for which application threads were stopped: 0.0010426 seconds, Stopping threads took: 0.0006778 seconds
[2022-06-13T01:30:56.464+0000][1][safepoint    ] Application time: 0.9204139 seconds
[2022-06-13T01:30:56.465+0000][1][safepoint    ] Entering safepoint region: RevokeBias
[2022-06-13T01:30:56.466+0000][1][safepoint    ] Leaving safepoint region
[2022-06-13T01:30:56.467+0000][1][safepoint    ] Total time for which application threads were stopped: 0.0016922 seconds, Stopping threads took: 0.0008345 seconds
[2022-06-13T01:30:56.468+0000][1][safepoint    ] Application time: 0.0010407 seconds
[2022-06-13T01:30:56.469+0000][1][safepoint    ] Entering safepoint region: RevokeBias
[2022-06-13T01:30:56.470+0000][1][safepoint    ] Leaving safepoint region
[2022-06-13T01:30:56.470+0000][1][safepoint    ] Total time for which application threads were stopped: 0.0008633 seconds, Stopping threads took: 0.0004263 seconds
[2022-06-13T01:30:56.470+0000][1][safepoint    ] Application time: 0.0001728 seconds
[2022-06-13T01:30:56.471+0000][1][safepoint    ] Entering safepoint region: RevokeBias
[2022-06-13T01:30:56.472+0000][1][safepoint    ] Leaving safepoint region
[2022-06-13T01:30:56.472+0000][1][safepoint    ] Total time for which application threads were stopped: 0.0010210 seconds, Stopping threads took: 0.0007159 seconds
[2022-06-13T01:30:56.472+0000][1][safepoint    ] Application time: 0.0001686 seconds
[2022-06-13T01:30:56.473+0000][1][safepoint    ] Entering safepoint region: RevokeBias
[2022-06-13T01:30:56.474+0000][1][safepoint    ] Leaving safepoint region
[2022-06-13T01:30:56.474+0000][1][safepoint    ] Total time for which application threads were stopped: 0.0011695 seconds, Stopping threads took: 0.0006259 seconds
[2022-06-13T01:30:56.475+0000][1][safepoint    ] Application time: 0.0004747 seconds
[2022-06-13T01:30:56.476+0000][1][safepoint    ] Entering safepoint region: RevokeBias
[2022-06-13T01:30:56.476+0000][1][safepoint    ] Leaving safepoint region
[2022-06-13T01:30:56.477+0000][1][safepoint    ] Total time for which application threads were stopped: 0.0011259 seconds, Stopping threads took: 0.0006614 seconds
[2022-06-13T01:30:56.477+0000][1][safepoint    ] Application time: 0.0004521 seconds
[2022-06-13T01:30:56.478+0000][1][safepoint    ] Entering safepoint region: RevokeBias
[2022-06-13T01:30:56.478+0000][1][safepoint    ] Leaving safepoint region
[2022-06-13T01:30:56.479+0000][1][safepoint    ] Total time for which application threads were stopped: 0.0008006 seconds, Stopping threads took: 0.0002311 seconds
[2022-06-13T01:30:56.480+0000][1][safepoint    ] Application time: 0.0005979 seconds
[2022-06-13T01:30:56.480+0000][1][safepoint    ] Entering safepoint region: RevokeBias
[2022-06-13T01:30:56.481+0000][1][safepoint    ] Leaving safepoint region
[2022-06-13T01:30:56.482+0000][1][safepoint    ] Total time for which application threads were stopped: 0.0016249 seconds, Stopping threads took: 0.0006734 seconds
[2022-06-13T01:30:57.483+0000][1][safepoint    ] Application time: 1.0005529 seconds
[2022-06-13T01:30:57.483+0000][1][safepoint    ] Entering safepoint region: Cleanup
[2022-06-13T01:30:57.484+0000][1][safepoint    ] Leaving safepoint region
[2022-06-13T01:30:57.485+0000][1][safepoint    ] Total time for which application threads were stopped: 0.0014493 seconds, Stopping threads took: 0.0006929 seconds
[2022-06-13T01:30:58.485+0000][1][safepoint    ] Application time: 1.0001815 seconds
[2022-06-13T01:30:58.486+0000][1][safepoint    ] Entering safepoint region: Cleanup
[2022-06-13T01:30:58.487+0000][1][safepoint    ] Leaving safepoint region
[2022-06-13T01:30:58.488+0000][1][safepoint    ] Total time for which application threads were stopped: 0.0014848 seconds, Stopping threads took: 0.0007047 seconds
[2022-06-13T01:30:59.465+0000][1][safepoint    ] Application time: 0.9766586 seconds
[2022-06-13T01:30:59.466+0000][1][safepoint    ] Entering safepoint region: RevokeBias
[2022-06-13T01:30:59.467+0000][1][safepoint    ] Leaving safepoint region
[2022-06-13T01:30:59.467+0000][1][safepoint    ] Total time for which application threads were stopped: 0.0012630 seconds, Stopping threads took: 0.0007479 seconds
[2022-06-13T01:30:59.470+0000][1][safepoint    ] Application time: 0.0019385 seconds
[2022-06-13T01:30:59.470+0000][1][safepoint    ] Entering safepoint region: RevokeBias
[2022-06-13T01:30:59.471+0000][1][safepoint    ] Leaving safepoint region
[2022-06-13T01:30:59.471+0000][1][safepoint    ] Total time for which application threads were stopped: 0.0007374 seconds, Stopping threads took: 0.0003281 seconds
[2022-06-13T01:30:59.752+0000][1][safepoint    ] Application time: 0.2796298 seconds
[2022-06-13T01:30:59.752+0000][1][safepoint    ] Entering safepoint region: RevokeBias
[2022-06-13T01:30:59.753+0000][1][safepoint    ] Leaving safepoint region
[2022-06-13T01:30:59.753+0000][1][safepoint    ] Total time for which application threads were stopped: 0.0008118 seconds, Stopping threads took: 0.0003736 seconds
[2022-06-13T01:30:59.754+0000][1][safepoint    ] Application time: 0.0002619 seconds
[2022-06-13T01:30:59.754+0000][1][safepoint    ] Entering safepoint region: RevokeBias
[2022-06-13T01:30:59.754+0000][1][safepoint    ] Leaving safepoint region
[2022-06-13T01:30:59.755+0000][1][safepoint    ] Total time for which application threads were stopped: 0.0008999 seconds, Stopping threads took: 0.0003296 seconds
[2022-06-13T01:31:00.465+0000][1][safepoint    ] Application time: 0.7102612 seconds
[2022-06-13T01:31:00.466+0000][1][safepoint    ] Entering safepoint region: RevokeBias
[2022-06-13T01:31:00.466+0000][1][safepoint    ] Leaving safepoint region
[2022-06-13T01:31:00.466+0000][1][safepoint    ] Total time for which application threads were stopped: 0.0004009 seconds, Stopping threads took: 0.0001780 seconds
[2022-06-13T01:31:00.467+0000][1][safepoint    ] Application time: 0.0005788 seconds
[2022-06-13T01:31:00.467+0000][1][safepoint    ] Entering safepoint region: RevokeBias
[2022-06-13T01:31:00.468+0000][1][safepoint    ] Leaving safepoint region
[2022-06-13T01:31:00.468+0000][1][safepoint    ] Total time for which application threads were stopped: 0.0005465 seconds, Stopping threads took: 0.0002950 seconds
[2022-06-13T01:31:00.468+0000][1][safepoint    ] Application time: 0.0003739 seconds
[2022-06-13T01:31:00.469+0000][1][safepoint    ] Entering safepoint region: RevokeBias
[2022-06-13T01:31:00.469+0000][1][safepoint    ] Leaving safepoint region
[2022-06-13T01:31:00.469+0000][1][safepoint    ] Total time for which application threads were stopped: 0.0004045 seconds, Stopping threads took: 0.0001879 seconds
[2022-06-13T01:31:00.470+0000][1][safepoint    ] Application time: 0.0002258 seconds
[2022-06-13T01:31:00.470+0000][1][safepoint    ] Entering safepoint region: RevokeBias
[2022-06-13T01:31:00.470+0000][1][safepoint    ] Leaving safepoint region
[2022-06-13T01:31:00.471+0000][1][safepoint    ] Total time for which application threads were stopped: 0.0007643 seconds, Stopping threads took: 0.0002028 seconds
[2022-06-13T01:31:00.471+0000][1][safepoint    ] Application time: 0.0001149 seconds
[2022-06-13T01:31:00.471+0000][1][safepoint    ] Entering safepoint region: RevokeBias
[2022-06-13T01:31:00.472+0000][1][safepoint    ] Leaving safepoint region
[2022-06-13T01:31:00.472+0000][1][safepoint    ] Total time for which application threads were stopped: 0.0004431 seconds, Stopping threads took: 0.0002595 seconds
[2022-06-13T01:31:00.472+0000][1][safepoint    ] Application time: 0.0003557 seconds
[2022-06-13T01:31:00.473+0000][1][safepoint    ] Entering safepoint region: RevokeBias
[2022-06-13T01:31:00.473+0000][1][safepoint    ] Leaving safepoint region
[2022-06-13T01:31:00.474+0000][1][safepoint    ] Total time for which application threads were stopped: 0.0009221 seconds, Stopping threads took: 0.0004836 seconds
[2022-06-13T01:31:00.474+0000][1][safepoint    ] Application time: 0.0003121 seconds
[2022-06-13T01:31:00.474+0000][1][safepoint    ] Entering safepoint region: RevokeBias
[2022-06-13T01:31:00.475+0000][1][safepoint    ] Leaving safepoint region
[2022-06-13T01:31:00.475+0000][1][safepoint    ] Total time for which application threads were stopped: 0.0004862 seconds, Stopping threads took: 0.0002591 seconds
[2022-06-13T01:31:00.477+0000][1][safepoint    ] Application time: 0.0009955 seconds
[2022-06-13T01:31:00.477+0000][1][safepoint    ] Entering safepoint region: RevokeBias
[2022-06-13T01:31:00.477+0000][1][safepoint    ] Leaving safepoint region
[2022-06-13T01:31:00.478+0000][1][safepoint    ] Total time for which application threads were stopped: 0.0007580 seconds, Stopping threads took: 0.0003301 seconds
[2022-06-13T01:31:01.478+0000][1][safepoint    ] Application time: 1.0002365 seconds
[2022-06-13T01:31:01.479+0000][1][safepoint    ] Entering safepoint region: Cleanup
[2022-06-13T01:31:01.480+0000][1][safepoint    ] Leaving safepoint region
[2022-06-13T01:31:01.480+0000][1][safepoint    ] Total time for which application threads were stopped: 0.0015905 seconds, Stopping threads took: 0.0008398 seconds
[2022-06-13T01:31:02.482+0000][1][safepoint    ] Application time: 1.0002926 seconds
[2022-06-13T01:31:02.482+0000][1][safepoint    ] Entering safepoint region: Cleanup
[2022-06-13T01:31:02.483+0000][1][safepoint    ] Leaving safepoint region
[2022-06-13T01:31:02.484+0000][1][safepoint    ] Total time for which application threads were stopped: 0.0017137 seconds, Stopping threads took: 0.0008507 seconds
[2022-06-13T01:31:03.466+0000][1][safepoint    ] Application time: 0.9810047 seconds
[2022-06-13T01:31:03.467+0000][1][safepoint    ] Entering safepoint region: RevokeBias
[2022-06-13T01:31:03.467+0000][1][safepoint    ] Leaving safepoint region
[2022-06-13T01:31:03.467+0000][1][safepoint    ] Total time for which application threads were stopped: 0.0010281 seconds, Stopping threads took: 0.0006865 seconds
[2022-06-13T01:31:03.468+0000][1][safepoint    ] Application time: 0.0005670 seconds
[2022-06-13T01:31:03.469+0000][1][safepoint    ] Entering safepoint region: RevokeBias
[2022-06-13T01:31:03.469+0000][1][safepoint    ] Leaving safepoint region
[2022-06-13T01:31:03.469+0000][1][safepoint    ] Total time for which application threads were stopped: 0.0007924 seconds, Stopping threads took: 0.0003971 seconds
[2022-06-13T01:31:03.470+0000][1][safepoint    ] Application time: 0.0001161 seconds
[2022-06-13T01:31:03.470+0000][1][safepoint    ] Entering safepoint region: RevokeBias
[2022-06-13T01:31:03.470+0000][1][safepoint    ] Leaving safepoint region
[2022-06-13T01:31:03.471+0000][1][safepoint    ] Total time for which application threads were stopped: 0.0007119 seconds, Stopping threads took: 0.0004997 seconds
[2022-06-13T01:31:04.468+0000][1][safepoint    ] Application time: 0.9971725 seconds
[2022-06-13T01:31:04.469+0000][1][safepoint    ] Entering safepoint region: RevokeBias
[2022-06-13T01:31:04.470+0000][1][safepoint    ] Leaving safepoint region
[2022-06-13T01:31:04.470+0000][1][safepoint    ] Total time for which application threads were stopped: 0.0012230 seconds, Stopping threads took: 0.0008384 seconds
[2022-06-13T01:31:04.472+0000][1][safepoint    ] Application time: 0.0009332 seconds
[2022-06-13T01:31:04.472+0000][1][safepoint    ] Entering safepoint region: RevokeBias
[2022-06-13T01:31:04.473+0000][1][safepoint    ] Leaving safepoint region
[2022-06-13T01:31:04.473+0000][1][safepoint    ] Total time for which application threads were stopped: 0.0011599 seconds, Stopping threads took: 0.0005562 seconds
[2022-06-13T01:31:04.474+0000][1][safepoint    ] Application time: 0.0003851 seconds
[2022-06-13T01:31:04.475+0000][1][safepoint    ] Entering safepoint region: RevokeBias
[2022-06-13T01:31:04.476+0000][1][safepoint    ] Leaving safepoint region
[2022-06-13T01:31:04.476+0000][1][safepoint    ] Total time for which application threads were stopped: 0.0014361 seconds, Stopping threads took: 0.0007238 seconds
[2022-06-13T01:31:04.477+0000][1][safepoint    ] Application time: 0.0003087 seconds
[2022-06-13T01:31:04.477+0000][1][safepoint    ] Entering safepoint region: RevokeBias
[2022-06-13T01:31:04.478+0000][1][safepoint    ] Leaving safepoint region
[2022-06-13T01:31:04.478+0000][1][safepoint    ] Total time for which application threads were stopped: 0.0008725 seconds, Stopping threads took: 0.0002625 seconds
[2022-06-13T01:31:04.479+0000][1][safepoint    ] Application time: 0.0002345 seconds
[2022-06-13T01:31:04.480+0000][1][safepoint    ] Entering safepoint region: RevokeBias
[2022-06-13T01:31:04.480+0000][1][safepoint    ] Leaving safepoint region
[2022-06-13T01:31:04.480+0000][1][safepoint    ] Total time for which application threads were stopped: 0.0009033 seconds, Stopping threads took: 0.0004227 seconds
[2022-06-13T01:31:04.481+0000][1][safepoint    ] Application time: 0.0003549 seconds
[2022-06-13T01:31:04.482+0000][1][safepoint    ] Entering safepoint region: RevokeBias
[2022-06-13T01:31:04.483+0000][1][safepoint    ] Leaving safepoint region
[2022-06-13T01:31:04.483+0000][1][safepoint    ] Total time for which application threads were stopped: 0.0013372 seconds, Stopping threads took: 0.0007583 seconds
[2022-06-13T01:31:04.484+0000][1][safepoint    ] Application time: 0.0004234 seconds
[2022-06-13T01:31:04.484+0000][1][safepoint    ] Entering safepoint region: RevokeBias
[2022-06-13T01:31:04.485+0000][1][safepoint    ] Leaving safepoint region
[2022-06-13T01:31:04.486+0000][1][safepoint    ] Total time for which application threads were stopped: 0.0018449 seconds, Stopping threads took: 0.0005276 seconds
[2022-06-13T01:31:05.498+0000][1][safepoint    ] Application time: 1.0114003 seconds
[2022-06-13T01:31:05.499+0000][1][safepoint    ] Entering safepoint region: Cleanup
[2022-06-13T01:31:05.499+0000][1][safepoint    ] Leaving safepoint region
[2022-06-13T01:31:05.499+0000][1][safepoint    ] Total time for which application threads were stopped: 0.0005382 seconds, Stopping threads took: 0.0002496 seconds
[2022-06-13T01:31:06.500+0000][1][safepoint    ] Application time: 1.0001787 seconds
[2022-06-13T01:31:06.500+0000][1][safepoint    ] Entering safepoint region: Cleanup
[2022-06-13T01:31:06.501+0000][1][safepoint    ] Leaving safepoint region
[2022-06-13T01:31:06.502+0000][1][safepoint    ] Total time for which application threads were stopped: 0.0017875 seconds, Stopping threads took: 0.0008524 seconds
[2022-06-13T01:31:07.469+0000][1][safepoint    ] Application time: 0.9660619 seconds
[2022-06-13T01:31:07.470+0000][1][safepoint    ] Entering safepoint region: RevokeBias
[2022-06-13T01:31:07.470+0000][1][safepoint    ] Leaving safepoint region
[2022-06-13T01:31:07.471+0000][1][safepoint    ] Total time for which application threads were stopped: 0.0011785 seconds, Stopping threads took: 0.0006030 seconds
[2022-06-13T01:31:07.472+0000][1][safepoint    ] Application time: 0.0009640 seconds
[2022-06-13T01:31:07.473+0000][1][safepoint    ] Entering safepoint region: RevokeBias
[2022-06-13T01:31:07.473+0000][1][safepoint    ] Leaving safepoint region
[2022-06-13T01:31:07.474+0000][1][safepoint    ] Total time for which application threads were stopped: 0.0014751 seconds, Stopping threads took: 0.0006986 seconds
[2022-06-13T01:31:08.471+0000][1][safepoint    ] Application time: 0.9967058 seconds
[2022-06-13T01:31:08.472+0000][1][safepoint    ] Entering safepoint region: RevokeBias
[2022-06-13T01:31:08.473+0000][1][safepoint    ] Leaving safepoint region
[2022-06-13T01:31:08.473+0000][1][safepoint    ] Total time for which application threads were stopped: 0.0013065 seconds, Stopping threads took: 0.0003279 seconds
[2022-06-13T01:31:08.474+0000][1][safepoint    ] Application time: 0.0006019 seconds
[2022-06-13T01:31:08.474+0000][1][safepoint    ] Entering safepoint region: RevokeBias
[2022-06-13T01:31:08.475+0000][1][safepoint    ] Leaving safepoint region
[2022-06-13T01:31:08.475+0000][1][safepoint    ] Total time for which application threads were stopped: 0.0011601 seconds, Stopping threads took: 0.0004020 seconds
[2022-06-13T01:31:08.476+0000][1][safepoint    ] Application time: 0.0004938 seconds
[2022-06-13T01:31:08.477+0000][1][safepoint    ] Entering safepoint region: RevokeBias
[2022-06-13T01:31:08.477+0000][1][safepoint    ] Leaving safepoint region
[2022-06-13T01:31:08.477+0000][1][safepoint    ] Total time for which application threads were stopped: 0.0008032 seconds, Stopping threads took: 0.0003934 seconds
[2022-06-13T01:31:08.478+0000][1][safepoint    ] Application time: 0.0003645 seconds
[2022-06-13T01:31:08.479+0000][1][safepoint    ] Entering safepoint region: RevokeBias
[2022-06-13T01:31:08.479+0000][1][safepoint    ] Leaving safepoint region
[2022-06-13T01:31:08.480+0000][1][safepoint    ] Total time for which application threads were stopped: 0.0008500 seconds, Stopping threads took: 0.0004203 seconds
[2022-06-13T01:31:08.480+0000][1][safepoint    ] Application time: 0.0003207 seconds
[2022-06-13T01:31:08.481+0000][1][safepoint    ] Entering safepoint region: RevokeBias
[2022-06-13T01:31:08.482+0000][1][safepoint    ] Leaving safepoint region
[2022-06-13T01:31:08.482+0000][1][safepoint    ] Total time for which application threads were stopped: 0.0012176 seconds, Stopping threads took: 0.0003306 seconds
[2022-06-13T01:31:08.483+0000][1][safepoint    ] Application time: 0.0005903 seconds
[2022-06-13T01:31:08.484+0000][1][safepoint    ] Entering safepoint region: BulkRevokeBias
[2022-06-13T01:31:08.485+0000][1][safepoint    ] Leaving safepoint region
[2022-06-13T01:31:08.486+0000][1][safepoint    ] Total time for which application threads were stopped: 0.0016928 seconds, Stopping threads took: 0.0005915 seconds
[2022-06-13T01:31:09.486+0000][1][safepoint    ] Application time: 1.0003199 seconds
[2022-06-13T01:31:09.487+0000][1][safepoint    ] Entering safepoint region: Cleanup
[2022-06-13T01:31:09.488+0000][1][safepoint    ] Leaving safepoint region
[2022-06-13T01:31:09.488+0000][1][safepoint    ] Total time for which application threads were stopped: 0.0008794 seconds, Stopping threads took: 0.0004612 seconds
[2022-06-13T01:31:10.489+0000][1][safepoint    ] Application time: 1.0002400 seconds
[2022-06-13T01:31:10.490+0000][1][safepoint    ] Entering safepoint region: Cleanup
[2022-06-13T01:31:10.491+0000][1][safepoint    ] Leaving safepoint region
[2022-06-13T01:31:10.491+0000][1][safepoint    ] Total time for which application threads were stopped: 0.0017583 seconds, Stopping threads took: 0.0009511 seconds
[2022-06-13T01:31:11.472+0000][1][safepoint    ] Application time: 0.9794705 seconds
[2022-06-13T01:31:11.473+0000][1][safepoint    ] Entering safepoint region: RevokeBias
[2022-06-13T01:31:11.474+0000][1][safepoint    ] Leaving safepoint region
[2022-06-13T01:31:11.475+0000][1][safepoint    ] Total time for which application threads were stopped: 0.0018590 seconds, Stopping threads took: 0.0008293 seconds
[2022-06-13T01:31:11.476+0000][1][safepoint    ] Application time: 0.0003214 seconds
[2022-06-13T01:31:11.477+0000][1][safepoint    ] Entering safepoint region: BulkRevokeBias
[2022-06-13T01:31:11.480+0000][1][safepoint    ] Leaving safepoint region
[2022-06-13T01:31:11.481+0000][1][safepoint    ] Total time for which application threads were stopped: 0.0041616 seconds, Stopping threads took: 0.0012367 seconds
[2022-06-13T01:31:12.474+0000][1][safepoint    ] Application time: 0.9925968 seconds
[2022-06-13T01:31:12.475+0000][1][safepoint    ] Entering safepoint region: RevokeBias
[2022-06-13T01:31:12.476+0000][1][safepoint    ] Leaving safepoint region
[2022-06-13T01:31:12.476+0000][1][safepoint    ] Total time for which application threads were stopped: 0.0012920 seconds, Stopping threads took: 0.0007702 seconds
[2022-06-13T01:31:12.477+0000][1][safepoint    ] Application time: 0.0009664 seconds
[2022-06-13T01:31:12.478+0000][1][safepoint    ] Entering safepoint region: RevokeBias
[2022-06-13T01:31:12.479+0000][1][safepoint    ] Leaving safepoint region
[2022-06-13T01:31:12.479+0000][1][safepoint    ] Total time for which application threads were stopped: 0.0009582 seconds, Stopping threads took: 0.0004742 seconds
[2022-06-13T01:31:12.480+0000][1][safepoint    ] Application time: 0.0010839 seconds
[2022-06-13T01:31:12.481+0000][1][safepoint    ] Entering safepoint region: RevokeBias
[2022-06-13T01:31:12.482+0000][1][safepoint    ] Leaving safepoint region
[2022-06-13T01:31:12.483+0000][1][safepoint    ] Total time for which application threads were stopped: 0.0015659 seconds, Stopping threads took: 0.0007068 seconds
[2022-06-13T01:31:13.484+0000][1][safepoint    ] Application time: 1.0004054 seconds
[2022-06-13T01:31:13.484+0000][1][safepoint    ] Entering safepoint region: Cleanup
[2022-06-13T01:31:13.485+0000][1][safepoint    ] Leaving safepoint region
[2022-06-13T01:31:13.485+0000][1][safepoint    ] Total time for which application threads were stopped: 0.0012797 seconds, Stopping threads took: 0.0005676 seconds
[2022-06-13T01:31:14.486+0000][1][safepoint    ] Application time: 1.0001598 seconds
[2022-06-13T01:31:14.487+0000][1][safepoint    ] Entering safepoint region: Cleanup
[2022-06-13T01:31:14.487+0000][1][safepoint    ] Leaving safepoint region
[2022-06-13T01:31:14.488+0000][1][safepoint    ] Total time for which application threads were stopped: 0.0008112 seconds, Stopping threads took: 0.0004236 seconds
[2022-06-13T01:31:15.474+0000][1][safepoint    ] Application time: 0.9856032 seconds
[2022-06-13T01:31:15.474+0000][1][safepoint    ] Entering safepoint region: RevokeBias
[2022-06-13T01:31:15.475+0000][1][safepoint    ] Leaving safepoint region
[2022-06-13T01:31:15.475+0000][1][safepoint    ] Total time for which application threads were stopped: 0.0006366 seconds, Stopping threads took: 0.0003908 seconds
[2022-06-13T01:31:15.475+0000][1][safepoint    ] Application time: 0.0000516 seconds
[2022-06-13T01:31:15.475+0000][1][safepoint    ] Entering safepoint region: RevokeBias
[2022-06-13T01:31:15.476+0000][1][safepoint    ] Leaving safepoint region
[2022-06-13T01:31:15.476+0000][1][safepoint    ] Total time for which application threads were stopped: 0.0004242 seconds, Stopping threads took: 0.0002255 seconds
[2022-06-13T01:31:15.477+0000][1][safepoint    ] Application time: 0.0009745 seconds
[2022-06-13T01:31:15.478+0000][1][safepoint    ] Entering safepoint region: RevokeBias
[2022-06-13T01:31:15.478+0000][1][safepoint    ] Leaving safepoint region
[2022-06-13T01:31:15.478+0000][1][safepoint    ] Total time for which application threads were stopped: 0.0005937 seconds, Stopping threads took: 0.0003756 seconds
[2022-06-13T01:31:16.477+0000][1][safepoint    ] Application time: 0.9982280 seconds
[2022-06-13T01:31:16.477+0000][1][safepoint    ] Entering safepoint region: RevokeBias
[2022-06-13T01:31:16.478+0000][1][safepoint    ] Leaving safepoint region
[2022-06-13T01:31:16.478+0000][1][safepoint    ] Total time for which application threads were stopped: 0.0012502 seconds, Stopping threads took: 0.0006748 seconds
[2022-06-13T01:31:16.480+0000][1][safepoint    ] Application time: 0.0007911 seconds
[2022-06-13T01:31:16.480+0000][1][safepoint    ] Entering safepoint region: RevokeBias
[2022-06-13T01:31:16.481+0000][1][safepoint    ] Leaving safepoint region
[2022-06-13T01:31:16.481+0000][1][safepoint    ] Total time for which application threads were stopped: 0.0011925 seconds, Stopping threads took: 0.0004808 seconds
[2022-06-13T01:31:16.482+0000][1][safepoint    ] Application time: 0.0006092 seconds
[2022-06-13T01:31:16.483+0000][1][safepoint    ] Entering safepoint region: RevokeBias
[2022-06-13T01:31:16.483+0000][1][safepoint    ] Leaving safepoint region
[2022-06-13T01:31:16.484+0000][1][safepoint    ] Total time for which application threads were stopped: 0.0013217 seconds, Stopping threads took: 0.0005232 seconds
[2022-06-13T01:31:16.485+0000][1][safepoint    ] Application time: 0.0004109 seconds
[2022-06-13T01:31:16.485+0000][1][safepoint    ] Entering safepoint region: RevokeBias
[2022-06-13T01:31:16.486+0000][1][safepoint    ] Leaving safepoint region
[2022-06-13T01:31:16.486+0000][1][safepoint    ] Total time for which application threads were stopped: 0.0009536 seconds, Stopping threads took: 0.0003229 seconds
[2022-06-13T01:31:17.487+0000][1][safepoint    ] Application time: 1.0003228 seconds
[2022-06-13T01:31:17.488+0000][1][safepoint    ] Entering safepoint region: Cleanup
[2022-06-13T01:31:17.488+0000][1][safepoint    ] Leaving safepoint region
[2022-06-13T01:31:17.489+0000][1][safepoint    ] Total time for which application threads were stopped: 0.0008910 seconds, Stopping threads took: 0.0004024 seconds
[2022-06-13T01:31:18.489+0000][1][safepoint    ] Application time: 1.0001482 seconds
[2022-06-13T01:31:18.490+0000][1][safepoint    ] Entering safepoint region: Cleanup
[2022-06-13T01:31:18.490+0000][1][safepoint    ] Leaving safepoint region
[2022-06-13T01:31:18.491+0000][1][safepoint    ] Total time for which application threads were stopped: 0.0008863 seconds, Stopping threads took: 0.0003648 seconds
[2022-06-13T01:31:19.475+0000][1][safepoint    ] Application time: 0.9843842 seconds
[2022-06-13T01:31:19.477+0000][1][safepoint    ] Entering safepoint region: RevokeBias
[2022-06-13T01:31:19.478+0000][1][safepoint    ] Leaving safepoint region
[2022-06-13T01:31:19.479+0000][1][safepoint    ] Total time for which application threads were stopped: 0.0021479 seconds, Stopping threads took: 0.0012505 seconds
[2022-06-13T01:31:19.480+0000][1][safepoint    ] Application time: 0.0008095 seconds
[2022-06-13T01:31:19.481+0000][1][safepoint    ] Entering safepoint region: RevokeBias
[2022-06-13T01:31:19.481+0000][1][safepoint    ] Leaving safepoint region
[2022-06-13T01:31:19.482+0000][1][safepoint    ] Total time for which application threads were stopped: 0.0010193 seconds, Stopping threads took: 0.0004270 seconds
[2022-06-13T01:31:20.477+0000][1][safepoint    ] Application time: 0.9949585 seconds
[2022-06-13T01:31:20.478+0000][1][safepoint    ] Entering safepoint region: RevokeBias
[2022-06-13T01:31:20.478+0000][1][safepoint    ] Leaving safepoint region
[2022-06-13T01:31:20.478+0000][1][safepoint    ] Total time for which application threads were stopped: 0.0007042 seconds, Stopping threads took: 0.0003861 seconds
[2022-06-13T01:31:20.480+0000][1][safepoint    ] Application time: 0.0008009 seconds
[2022-06-13T01:31:20.480+0000][1][safepoint    ] Entering safepoint region: RevokeBias
[2022-06-13T01:31:20.481+0000][1][safepoint    ] Leaving safepoint region
[2022-06-13T01:31:20.481+0000][1][safepoint    ] Total time for which application threads were stopped: 0.0011990 seconds, Stopping threads took: 0.0006452 seconds
[2022-06-13T01:31:20.483+0000][1][safepoint    ] Application time: 0.0010093 seconds
[2022-06-13T01:31:20.483+0000][1][safepoint    ] Entering safepoint region: RevokeBias
[2022-06-13T01:31:20.484+0000][1][safepoint    ] Leaving safepoint region
[2022-06-13T01:31:20.484+0000][1][safepoint    ] Total time for which application threads were stopped: 0.0008497 seconds, Stopping threads took: 0.0004434 seconds
[2022-06-13T01:31:20.485+0000][1][safepoint    ] Application time: 0.0008038 seconds
[2022-06-13T01:31:20.486+0000][1][safepoint    ] Entering safepoint region: RevokeBias
[2022-06-13T01:31:20.486+0000][1][safepoint    ] Leaving safepoint region
[2022-06-13T01:31:20.487+0000][1][safepoint    ] Total time for which application threads were stopped: 0.0009651 seconds, Stopping threads took: 0.0004232 seconds
[2022-06-13T01:31:21.488+0000][1][safepoint    ] Application time: 1.0002292 seconds
[2022-06-13T01:31:21.488+0000][1][safepoint    ] Entering safepoint region: Cleanup
[2022-06-13T01:31:21.489+0000][1][safepoint    ] Leaving safepoint region
[2022-06-13T01:31:21.489+0000][1][safepoint    ] Total time for which application threads were stopped: 0.0006295 seconds, Stopping threads took: 0.0003178 seconds
[2022-06-13T01:31:22.489+0000][1][safepoint    ] Application time: 1.0002169 seconds
[2022-06-13T01:31:22.490+0000][1][safepoint    ] Entering safepoint region: Cleanup
[2022-06-13T01:31:22.490+0000][1][safepoint    ] Leaving safepoint region
[2022-06-13T01:31:22.491+0000][1][safepoint    ] Total time for which application threads were stopped: 0.0010803 seconds, Stopping threads took: 0.0003665 seconds
[2022-06-13T01:31:22.507+0000][1][safepoint    ] Application time: 0.0154677 seconds
[2022-06-13T01:31:22.507+0000][1][safepoint    ] Entering safepoint region: RevokeBias
[2022-06-13T01:31:22.508+0000][1][safepoint    ] Leaving safepoint region
[2022-06-13T01:31:22.508+0000][1][safepoint    ] Total time for which application threads were stopped: 0.0008919 seconds, Stopping threads took: 0.0004840 seconds
[2022-06-13T01:31:22.509+0000][1][safepoint    ] Application time: 0.0005924 seconds
[2022-06-13T01:31:22.509+0000][1][safepoint    ] Entering safepoint region: RevokeBias
[2022-06-13T01:31:22.510+0000][1][safepoint    ] Leaving safepoint region
[2022-06-13T01:31:22.510+0000][1][safepoint    ] Total time for which application threads were stopped: 0.0007319 seconds, Stopping threads took: 0.0002584 seconds
[2022-06-13T01:31:22.513+0000][1][safepoint    ] Application time: 0.0023404 seconds
[2022-06-13T01:31:22.513+0000][1][safepoint    ] Entering safepoint region: RevokeBias
[2022-06-13T01:31:22.514+0000][1][safepoint    ] Leaving safepoint region
[2022-06-13T01:31:22.514+0000][1][safepoint    ] Total time for which application threads were stopped: 0.0008622 seconds, Stopping threads took: 0.0003928 seconds
[2022-06-13T01:31:22.515+0000][1][safepoint    ] Application time: 0.0005982 seconds
[2022-06-13T01:31:22.516+0000][1][safepoint    ] Entering safepoint region: RevokeBias
[2022-06-13T01:31:22.516+0000][1][safepoint    ] Leaving safepoint region
[2022-06-13T01:31:22.517+0000][1][safepoint    ] Total time for which application threads were stopped: 0.0009005 seconds, Stopping threads took: 0.0004405 seconds
[2022-06-13T01:31:23.478+0000][1][safepoint    ] Application time: 0.9608738 seconds
[2022-06-13T01:31:23.479+0000][1][safepoint    ] Entering safepoint region: RevokeBias
[2022-06-13T01:31:23.479+0000][1][safepoint    ] Leaving safepoint region
[2022-06-13T01:31:23.480+0000][1][safepoint    ] Total time for which application threads were stopped: 0.0009999 seconds, Stopping threads took: 0.0003926 seconds
[2022-06-13T01:31:23.480+0000][1][safepoint    ] Application time: 0.0003974 seconds
[2022-06-13T01:31:23.481+0000][1][safepoint    ] Entering safepoint region: RevokeBias
[2022-06-13T01:31:23.481+0000][1][safepoint    ] Leaving safepoint region
[2022-06-13T01:31:23.482+0000][1][safepoint    ] Total time for which application threads were stopped: 0.0012295 seconds, Stopping threads took: 0.0006246 seconds
[2022-06-13T01:31:24.479+0000][1][safepoint    ] Application time: 0.9964540 seconds
[2022-06-13T01:31:24.480+0000][1][safepoint    ] Entering safepoint region: RevokeBias
[2022-06-13T01:31:24.480+0000][1][safepoint    ] Leaving safepoint region
[2022-06-13T01:31:24.481+0000][1][safepoint    ] Total time for which application threads were stopped: 0.0013473 seconds, Stopping threads took: 0.0006798 seconds
[2022-06-13T01:31:24.482+0000][1][safepoint    ] Application time: 0.0008308 seconds
[2022-06-13T01:31:24.483+0000][1][safepoint    ] Entering safepoint region: RevokeBias
[2022-06-13T01:31:24.483+0000][1][safepoint    ] Leaving safepoint region
[2022-06-13T01:31:24.484+0000][1][safepoint    ] Total time for which application threads were stopped: 0.0014388 seconds, Stopping threads took: 0.0008143 seconds
[2022-06-13T01:31:24.484+0000][1][safepoint    ] Application time: 0.0003430 seconds
[2022-06-13T01:31:24.485+0000][1][safepoint    ] Entering safepoint region: RevokeBias
[2022-06-13T01:31:24.485+0000][1][safepoint    ] Leaving safepoint region
[2022-06-13T01:31:24.486+0000][1][safepoint    ] Total time for which application threads were stopped: 0.0010818 seconds, Stopping threads took: 0.0005182 seconds
[2022-06-13T01:31:24.487+0000][1][safepoint    ] Application time: 0.0003950 seconds
[2022-06-13T01:31:24.487+0000][1][safepoint    ] Entering safepoint region: RevokeBias
[2022-06-13T01:31:24.488+0000][1][safepoint    ] Leaving safepoint region
[2022-06-13T01:31:24.489+0000][1][safepoint    ] Total time for which application threads were stopped: 0.0014593 seconds, Stopping threads took: 0.0007425 seconds
[2022-06-13T01:31:25.489+0000][1][safepoint    ] Application time: 1.0002738 seconds
[2022-06-13T01:31:25.490+0000][1][safepoint    ] Entering safepoint region: Cleanup
[2022-06-13T01:31:25.490+0000][1][safepoint    ] Leaving safepoint region
[2022-06-13T01:31:25.491+0000][1][safepoint    ] Total time for which application threads were stopped: 0.0009904 seconds, Stopping threads took: 0.0002332 seconds
[2022-06-13T01:31:27.480+0000][1][safepoint    ] Application time: 1.9884682 seconds
[2022-06-13T01:31:27.481+0000][1][safepoint    ] Entering safepoint region: RevokeBias
[2022-06-13T01:31:27.481+0000][1][safepoint    ] Leaving safepoint region
[2022-06-13T01:31:27.482+0000][1][safepoint    ] Total time for which application threads were stopped: 0.0011896 seconds, Stopping threads took: 0.0006598 seconds
[2022-06-13T01:31:28.481+0000][1][safepoint    ] Application time: 0.9987028 seconds
[2022-06-13T01:31:28.482+0000][1][safepoint    ] Entering safepoint region: BulkRevokeBias
[2022-06-13T01:31:28.483+0000][1][safepoint    ] Leaving safepoint region
[2022-06-13T01:31:28.483+0000][1][safepoint    ] Total time for which application threads were stopped: 0.0014893 seconds, Stopping threads took: 0.0005050 seconds
[2022-06-13T01:31:28.484+0000][1][safepoint    ] Application time: 0.0005050 seconds
[2022-06-13T01:31:28.484+0000][1][safepoint    ] Entering safepoint region: BulkRevokeBias
[2022-06-13T01:31:28.485+0000][1][safepoint    ] Leaving safepoint region
[2022-06-13T01:31:28.486+0000][1][safepoint    ] Total time for which application threads were stopped: 0.0014413 seconds, Stopping threads took: 0.0004749 seconds
[2022-06-13T01:31:28.487+0000][1][safepoint    ] Application time: 0.0007256 seconds
[2022-06-13T01:31:28.487+0000][1][safepoint    ] Entering safepoint region: RevokeBias
[2022-06-13T01:31:28.489+0000][1][safepoint    ] Leaving safepoint region
[2022-06-13T01:31:28.489+0000][1][safepoint    ] Total time for which application threads were stopped: 0.0019068 seconds, Stopping threads took: 0.0005978 seconds
[2022-06-13T01:31:29.490+0000][1][safepoint    ] Application time: 1.0004276 seconds
[2022-06-13T01:31:29.491+0000][1][safepoint    ] Entering safepoint region: Cleanup
[2022-06-13T01:31:29.491+0000][1][safepoint    ] Leaving safepoint region
[2022-06-13T01:31:29.492+0000][1][safepoint    ] Total time for which application threads were stopped: 0.0013511 seconds, Stopping threads took: 0.0006485 seconds
[2022-06-13T01:31:31.481+0000][1][safepoint    ] Application time: 1.9888739 seconds
[2022-06-13T01:31:31.483+0000][1][safepoint    ] Entering safepoint region: RevokeBias
[2022-06-13T01:31:31.483+0000][1][safepoint    ] Leaving safepoint region
[2022-06-13T01:31:31.484+0000][1][safepoint    ] Total time for which application threads were stopped: 0.0012750 seconds, Stopping threads took: 0.0008338 seconds
[2022-06-13T01:31:31.484+0000][1][safepoint    ] Application time: 0.0001719 seconds
[2022-06-13T01:31:31.485+0000][1][safepoint    ] Entering safepoint region: RevokeBias
[2022-06-13T01:31:31.486+0000][1][safepoint    ] Leaving safepoint region
[2022-06-13T01:31:31.486+0000][1][safepoint    ] Total time for which application threads were stopped: 0.0015611 seconds, Stopping threads took: 0.0011318 seconds
[2022-06-13T01:31:31.488+0000][1][safepoint    ] Application time: 0.0006831 seconds
[2022-06-13T01:31:31.488+0000][1][safepoint    ] Entering safepoint region: BulkRevokeBias
[2022-06-13T01:31:31.489+0000][1][safepoint    ] Leaving safepoint region
[2022-06-13T01:31:31.490+0000][1][safepoint    ] Total time for which application threads were stopped: 0.0016371 seconds, Stopping threads took: 0.0003507 seconds
[2022-06-13T01:31:34.490+0000][1][safepoint    ] Application time: 3.0005627 seconds
[2022-06-13T01:31:34.491+0000][1][safepoint    ] Entering safepoint region: Cleanup
[2022-06-13T01:31:34.491+0000][1][safepoint    ] Leaving safepoint region
[2022-06-13T01:31:34.492+0000][1][safepoint    ] Total time for which application threads were stopped: 0.0006483 seconds, Stopping threads took: 0.0003350 seconds
[2022-06-13T01:31:35.485+0000][1][safepoint    ] Application time: 0.9931022 seconds
[2022-06-13T01:31:35.485+0000][1][safepoint    ] Entering safepoint region: RevokeBias
[2022-06-13T01:31:35.486+0000][1][safepoint    ] Leaving safepoint region
[2022-06-13T01:31:35.487+0000][1][safepoint    ] Total time for which application threads were stopped: 0.0016133 seconds, Stopping threads took: 0.0008795 seconds
[2022-06-13T01:31:36.488+0000][1][safepoint    ] Application time: 1.0004911 seconds
[2022-06-13T01:31:36.489+0000][1][safepoint    ] Entering safepoint region: Cleanup
[2022-06-13T01:31:36.490+0000][1][safepoint    ] Leaving safepoint region
[2022-06-13T01:31:36.490+0000][1][safepoint    ] Total time for which application threads were stopped: 0.0012383 seconds, Stopping threads took: 0.0005438 seconds
[2022-06-13T01:31:38.491+0000][1][safepoint    ] Application time: 2.0004005 seconds
[2022-06-13T01:31:38.492+0000][1][safepoint    ] Entering safepoint region: Cleanup
[2022-06-13T01:31:38.492+0000][1][safepoint    ] Leaving safepoint region
[2022-06-13T01:31:38.493+0000][1][safepoint    ] Total time for which application threads were stopped: 0.0010893 seconds, Stopping threads took: 0.0003525 seconds
[2022-06-13T01:31:40.494+0000][1][safepoint    ] Application time: 2.0004640 seconds
[2022-06-13T01:31:40.494+0000][1][safepoint    ] Entering safepoint region: Cleanup
[2022-06-13T01:31:40.495+0000][1][safepoint    ] Leaving safepoint region
[2022-06-13T01:31:40.495+0000][1][safepoint    ] Total time for which application threads were stopped: 0.0009377 seconds, Stopping threads took: 0.0004638 seconds
[2022-06-13T01:31:40.903+0000][1][safepoint    ] Application time: 0.4070131 seconds
[2022-06-13T01:31:40.904+0000][1][safepoint    ] Entering safepoint region: RevokeBias
[2022-06-13T01:31:40.904+0000][1][safepoint    ] Leaving safepoint region
[2022-06-13T01:31:40.905+0000][1][safepoint    ] Total time for which application threads were stopped: 0.0010504 seconds, Stopping threads took: 0.0004402 seconds
[2022-06-13T01:31:41.905+0000][1][safepoint    ] Application time: 1.0001755 seconds
[2022-06-13T01:31:41.906+0000][1][safepoint    ] Entering safepoint region: Cleanup
[2022-06-13T01:31:41.907+0000][1][safepoint    ] Leaving safepoint region
[2022-06-13T01:31:41.907+0000][1][safepoint    ] Total time for which application threads were stopped: 0.0016801 seconds, Stopping threads took: 0.0008140 seconds
[2022-06-13T01:31:42.908+0000][1][safepoint    ] Application time: 1.0001754 seconds
[2022-06-13T01:31:42.909+0000][1][safepoint    ] Entering safepoint region: Cleanup
[2022-06-13T01:31:42.909+0000][1][safepoint    ] Leaving safepoint region
[2022-06-13T01:31:42.910+0000][1][safepoint    ] Total time for which application threads were stopped: 0.0014453 seconds, Stopping threads took: 0.0003401 seconds
[2022-06-13T01:31:45.911+0000][1][safepoint    ] Application time: 3.0005984 seconds
[2022-06-13T01:31:45.912+0000][1][safepoint    ] Entering safepoint region: Cleanup
[2022-06-13T01:31:45.913+0000][1][safepoint    ] Leaving safepoint region
[2022-06-13T01:31:45.913+0000][1][safepoint    ] Total time for which application threads were stopped: 0.0015467 seconds, Stopping threads took: 0.0007139 seconds
[2022-06-13T01:31:47.914+0000][1][safepoint    ] Application time: 2.0004564 seconds
[2022-06-13T01:31:47.915+0000][1][safepoint    ] Entering safepoint region: Cleanup
[2022-06-13T01:31:47.916+0000][1][safepoint    ] Leaving safepoint region
[2022-06-13T01:31:47.916+0000][1][safepoint    ] Total time for which application threads were stopped: 0.0007699 seconds, Stopping threads took: 0.0003641 seconds
[2022-06-13T01:31:50.917+0000][1][safepoint    ] Application time: 3.0004921 seconds
[2022-06-13T01:31:50.917+0000][1][safepoint    ] Entering safepoint region: Cleanup
[2022-06-13T01:31:50.918+0000][1][safepoint    ] Leaving safepoint region
[2022-06-13T01:31:50.918+0000][1][safepoint    ] Total time for which application threads were stopped: 0.0010791 seconds, Stopping threads took: 0.0005158 seconds
[2022-06-13T01:31:51.919+0000][1][safepoint    ] Application time: 1.0003472 seconds
[2022-06-13T01:31:51.920+0000][1][safepoint    ] Entering safepoint region: Cleanup
[2022-06-13T01:31:51.920+0000][1][safepoint    ] Leaving safepoint region
[2022-06-13T01:31:51.921+0000][1][safepoint    ] Total time for which application threads were stopped: 0.0007295 seconds, Stopping threads took: 0.0003609 seconds
[2022-06-13T01:31:52.921+0000][1][safepoint    ] Application time: 1.0003093 seconds
[2022-06-13T01:31:52.922+0000][1][safepoint    ] Entering safepoint region: Cleanup
[2022-06-13T01:31:52.923+0000][1][safepoint    ] Leaving safepoint region
[2022-06-13T01:31:52.923+0000][1][safepoint    ] Total time for which application threads were stopped: 0.0011579 seconds, Stopping threads took: 0.0006506 seconds
[2022-06-13T01:31:53.924+0000][1][safepoint    ] Application time: 1.0001447 seconds
[2022-06-13T01:31:53.925+0000][1][safepoint    ] Entering safepoint region: Cleanup
[2022-06-13T01:31:53.925+0000][1][safepoint    ] Leaving safepoint region
[2022-06-13T01:31:53.926+0000][1][safepoint    ] Total time for which application threads were stopped: 0.0011810 seconds, Stopping threads took: 0.0002594 seconds
[2022-06-13T01:31:54.926+0000][1][safepoint    ] Application time: 1.0002760 seconds
[2022-06-13T01:31:54.927+0000][1][safepoint    ] Entering safepoint region: Cleanup
[2022-06-13T01:31:54.928+0000][1][safepoint    ] Leaving safepoint region
[2022-06-13T01:31:54.928+0000][1][safepoint    ] Total time for which application threads were stopped: 0.0012872 seconds, Stopping threads took: 0.0007308 seconds
[2022-06-13T01:31:55.929+0000][1][safepoint    ] Application time: 1.0002815 seconds
[2022-06-13T01:31:55.930+0000][1][safepoint    ] Entering safepoint region: Cleanup
[2022-06-13T01:31:55.930+0000][1][safepoint    ] Leaving safepoint region
[2022-06-13T01:31:55.930+0000][1][safepoint    ] Total time for which application threads were stopped: 0.0006425 seconds, Stopping threads took: 0.0002363 seconds
[2022-06-13T01:31:56.931+0000][1][safepoint    ] Application time: 1.0001649 seconds
[2022-06-13T01:31:56.931+0000][1][safepoint    ] Entering safepoint region: Cleanup
[2022-06-13T01:31:56.931+0000][1][safepoint    ] Leaving safepoint region
[2022-06-13T01:31:56.932+0000][1][safepoint    ] Total time for which application threads were stopped: 0.0004862 seconds, Stopping threads took: 0.0002144 seconds
[2022-06-13T01:31:57.932+0000][1][safepoint    ] Application time: 1.0001603 seconds
[2022-06-13T01:31:57.933+0000][1][safepoint    ] Entering safepoint region: Cleanup
[2022-06-13T01:31:57.933+0000][1][safepoint    ] Leaving safepoint region
[2022-06-13T01:31:57.934+0000][1][safepoint    ] Total time for which application threads were stopped: 0.0013859 seconds, Stopping threads took: 0.0005694 seconds
[2022-06-13T01:32:01.935+0000][1][safepoint    ] Application time: 4.0007364 seconds
[2022-06-13T01:32:01.936+0000][1][safepoint    ] Entering safepoint region: Cleanup
[2022-06-13T01:32:01.937+0000][1][safepoint    ] Leaving safepoint region
[2022-06-13T01:32:01.937+0000][1][safepoint    ] Total time for which application threads were stopped: 0.0013408 seconds, Stopping threads took: 0.0007783 seconds
[2022-06-13T01:32:02.938+0000][1][safepoint    ] Application time: 1.0002083 seconds
[2022-06-13T01:32:02.938+0000][1][safepoint    ] Entering safepoint region: Cleanup
[2022-06-13T01:32:02.939+0000][1][safepoint    ] Leaving safepoint region
[2022-06-13T01:32:02.940+0000][1][safepoint    ] Total time for which application threads were stopped: 0.0019833 seconds, Stopping threads took: 0.0005160 seconds
[2022-06-13T01:32:03.941+0000][1][safepoint    ] Application time: 1.0001988 seconds
[2022-06-13T01:32:03.942+0000][1][safepoint    ] Entering safepoint region: Cleanup
[2022-06-13T01:32:03.943+0000][1][safepoint    ] Leaving safepoint region
[2022-06-13T01:32:03.943+0000][1][safepoint    ] Total time for which application threads were stopped: 0.0013088 seconds, Stopping threads took: 0.0005971 seconds
[2022-06-13T01:32:04.641+0000][1][safepoint    ] Application time: 0.6975422 seconds
[2022-06-13T01:32:04.642+0000][1][safepoint    ] Entering safepoint region: RevokeBias
[2022-06-13T01:32:04.642+0000][1][safepoint    ] Leaving safepoint region
[2022-06-13T01:32:04.643+0000][1][safepoint    ] Total time for which application threads were stopped: 0.0011439 seconds, Stopping threads took: 0.0005666 seconds
[2022-06-13T01:32:04.644+0000][1][safepoint    ] Application time: 0.0001835 seconds
[2022-06-13T01:32:04.644+0000][1][safepoint    ] Entering safepoint region: RevokeBias
[2022-06-13T01:32:04.644+0000][1][safepoint    ] Leaving safepoint region
[2022-06-13T01:32:04.645+0000][1][safepoint    ] Total time for which application threads were stopped: 0.0007851 seconds, Stopping threads took: 0.0003305 seconds
[2022-06-13T01:32:04.646+0000][1][safepoint    ] Application time: 0.0012936 seconds
[2022-06-13T01:32:04.647+0000][1][safepoint    ] Entering safepoint region: RevokeBias
[2022-06-13T01:32:04.648+0000][1][safepoint    ] Leaving safepoint region
[2022-06-13T01:32:04.649+0000][1][safepoint    ] Total time for which application threads were stopped: 0.0014920 seconds, Stopping threads took: 0.0008160 seconds
[2022-06-13T01:32:04.650+0000][1][safepoint    ] Application time: 0.0004544 seconds
[2022-06-13T01:32:04.650+0000][1][safepoint    ] Entering safepoint region: RevokeBias
[2022-06-13T01:32:04.651+0000][1][safepoint    ] Leaving safepoint region
[2022-06-13T01:32:04.651+0000][1][safepoint    ] Total time for which application threads were stopped: 0.0011137 seconds, Stopping threads took: 0.0004773 seconds
[2022-06-13T01:32:04.652+0000][1][safepoint    ] Application time: 0.0002723 seconds
[2022-06-13T01:32:04.652+0000][1][safepoint    ] Entering safepoint region: RevokeBias
[2022-06-13T01:32:04.653+0000][1][safepoint    ] Leaving safepoint region
[2022-06-13T01:32:04.654+0000][1][safepoint    ] Total time for which application threads were stopped: 0.0016591 seconds, Stopping threads took: 0.0007579 seconds
[2022-06-13T01:32:04.656+0000][1][safepoint    ] Application time: 0.0020300 seconds
[2022-06-13T01:32:04.658+0000][1][safepoint    ] Entering safepoint region: RevokeBias
[2022-06-13T01:32:04.658+0000][1][safepoint    ] Leaving safepoint region
[2022-06-13T01:32:04.659+0000][1][safepoint    ] Total time for which application threads were stopped: 0.0017303 seconds, Stopping threads took: 0.0007372 seconds
[2022-06-13T01:32:04.661+0000][1][safepoint    ] Application time: 0.0008748 seconds
[2022-06-13T01:32:04.662+0000][1][safepoint    ] Entering safepoint region: RevokeBias
[2022-06-13T01:32:04.662+0000][1][safepoint    ] Leaving safepoint region
[2022-06-13T01:32:04.663+0000][1][safepoint    ] Total time for which application threads were stopped: 0.0014839 seconds, Stopping threads took: 0.0004981 seconds
[2022-06-13T01:32:04.664+0000][1][safepoint    ] Application time: 0.0004231 seconds
[2022-06-13T01:32:04.665+0000][1][safepoint    ] Entering safepoint region: RevokeBias
[2022-06-13T01:32:04.667+0000][1][safepoint    ] Leaving safepoint region
[2022-06-13T01:32:04.667+0000][1][safepoint    ] Total time for which application threads were stopped: 0.0023993 seconds, Stopping threads took: 0.0006635 seconds
[2022-06-13T01:32:04.669+0000][1][safepoint    ] Application time: 0.0012130 seconds
[2022-06-13T01:32:04.670+0000][1][safepoint    ] Entering safepoint region: RevokeBias
[2022-06-13T01:32:04.670+0000][1][safepoint    ] Leaving safepoint region
[2022-06-13T01:32:04.671+0000][1][safepoint    ] Total time for which application threads were stopped: 0.0010710 seconds, Stopping threads took: 0.0005461 seconds
[2022-06-13T01:32:04.672+0000][1][safepoint    ] Application time: 0.0010541 seconds
[2022-06-13T01:32:04.672+0000][1][safepoint    ] Entering safepoint region: RevokeBias
[2022-06-13T01:32:04.673+0000][1][safepoint    ] Leaving safepoint region
[2022-06-13T01:32:04.674+0000][1][safepoint    ] Total time for which application threads were stopped: 0.0013965 seconds, Stopping threads took: 0.0002410 seconds
[2022-06-13T01:32:04.674+0000][1][safepoint    ] Application time: 0.0003292 seconds
[2022-06-13T01:32:04.675+0000][1][safepoint    ] Entering safepoint region: RevokeBias
[2022-06-13T01:32:04.676+0000][1][safepoint    ] Leaving safepoint region
[2022-06-13T01:32:04.676+0000][1][safepoint    ] Total time for which application threads were stopped: 0.0011359 seconds, Stopping threads took: 0.0004350 seconds
[2022-06-13T01:32:04.677+0000][1][safepoint    ] Application time: 0.0004588 seconds
[2022-06-13T01:32:04.678+0000][1][safepoint    ] Entering safepoint region: RevokeBias
[2022-06-13T01:32:04.678+0000][1][safepoint    ] Leaving safepoint region
[2022-06-13T01:32:04.678+0000][1][safepoint    ] Total time for which application threads were stopped: 0.0009452 seconds, Stopping threads took: 0.0004804 seconds
[2022-06-13T01:32:04.679+0000][1][safepoint    ] Application time: 0.0004154 seconds
[2022-06-13T01:32:04.680+0000][1][safepoint    ] Entering safepoint region: RevokeBias
[2022-06-13T01:32:04.681+0000][1][safepoint    ] Leaving safepoint region
[2022-06-13T01:32:04.681+0000][1][safepoint    ] Total time for which application threads were stopped: 0.0012051 seconds, Stopping threads took: 0.0005353 seconds
[2022-06-13T01:32:04.682+0000][1][safepoint    ] Application time: 0.0003519 seconds
[2022-06-13T01:32:04.683+0000][1][safepoint    ] Entering safepoint region: RevokeBias
[2022-06-13T01:32:04.683+0000][1][safepoint    ] Leaving safepoint region
[2022-06-13T01:32:04.684+0000][1][safepoint    ] Total time for which application threads were stopped: 0.0011623 seconds, Stopping threads took: 0.0006711 seconds
[2022-06-13T01:32:04.684+0000][1][safepoint    ] Application time: 0.0003755 seconds
[2022-06-13T01:32:04.685+0000][1][safepoint    ] Entering safepoint region: RevokeBias
[2022-06-13T01:32:04.685+0000][1][safepoint    ] Leaving safepoint region
[2022-06-13T01:32:04.686+0000][1][safepoint    ] Total time for which application threads were stopped: 0.0007942 seconds, Stopping threads took: 0.0004013 seconds
[2022-06-13T01:32:04.686+0000][1][safepoint    ] Application time: 0.0004417 seconds
[2022-06-13T01:32:04.687+0000][1][safepoint    ] Entering safepoint region: RevokeBias
[2022-06-13T01:32:04.687+0000][1][safepoint    ] Leaving safepoint region
[2022-06-13T01:32:04.688+0000][1][safepoint    ] Total time for which application threads were stopped: 0.0009062 seconds, Stopping threads took: 0.0003346 seconds
[2022-06-13T01:32:04.689+0000][1][safepoint    ] Application time: 0.0009585 seconds
[2022-06-13T01:32:04.690+0000][1][safepoint    ] Entering safepoint region: RevokeBias
[2022-06-13T01:32:04.690+0000][1][safepoint    ] Leaving safepoint region
[2022-06-13T01:32:04.691+0000][1][safepoint    ] Total time for which application threads were stopped: 0.0011184 seconds, Stopping threads took: 0.0003947 seconds
[2022-06-13T01:32:04.692+0000][1][safepoint    ] Application time: 0.0004810 seconds
[2022-06-13T01:32:04.692+0000][1][safepoint    ] Entering safepoint region: RevokeBias
[2022-06-13T01:32:04.693+0000][1][safepoint    ] Leaving safepoint region
[2022-06-13T01:32:04.693+0000][1][safepoint    ] Total time for which application threads were stopped: 0.0010606 seconds, Stopping threads took: 0.0002617 seconds
[2022-06-13T01:32:04.695+0000][1][safepoint    ] Application time: 0.0009644 seconds
[2022-06-13T01:32:04.695+0000][1][safepoint    ] Entering safepoint region: RevokeBias
[2022-06-13T01:32:04.696+0000][1][safepoint    ] Leaving safepoint region
[2022-06-13T01:32:04.696+0000][1][safepoint    ] Total time for which application threads were stopped: 0.0010132 seconds, Stopping threads took: 0.0006608 seconds
[2022-06-13T01:32:04.697+0000][1][safepoint    ] Application time: 0.0002637 seconds
[2022-06-13T01:32:04.697+0000][1][safepoint    ] Entering safepoint region: RevokeBias
[2022-06-13T01:32:04.698+0000][1][safepoint    ] Leaving safepoint region
[2022-06-13T01:32:04.699+0000][1][safepoint    ] Total time for which application threads were stopped: 0.0014852 seconds, Stopping threads took: 0.0003287 seconds
[2022-06-13T01:32:04.700+0000][1][safepoint    ] Application time: 0.0005401 seconds
[2022-06-13T01:32:04.700+0000][1][safepoint    ] Entering safepoint region: RevokeBias
[2022-06-13T01:32:04.701+0000][1][safepoint    ] Leaving safepoint region
[2022-06-13T01:32:04.702+0000][1][safepoint    ] Total time for which application threads were stopped: 0.0015887 seconds, Stopping threads took: 0.0009369 seconds
[2022-06-13T01:32:04.703+0000][1][safepoint    ] Application time: 0.0008079 seconds
[2022-06-13T01:32:04.703+0000][1][safepoint    ] Entering safepoint region: RevokeBias
[2022-06-13T01:32:04.704+0000][1][safepoint    ] Leaving safepoint region
[2022-06-13T01:32:04.705+0000][1][safepoint    ] Total time for which application threads were stopped: 0.0015044 seconds, Stopping threads took: 0.0005438 seconds
[2022-06-13T01:32:04.706+0000][1][safepoint    ] Application time: 0.0004831 seconds
[2022-06-13T01:32:04.706+0000][1][safepoint    ] Entering safepoint region: RevokeBias
[2022-06-13T01:32:04.707+0000][1][safepoint    ] Leaving safepoint region
[2022-06-13T01:32:04.707+0000][1][safepoint    ] Total time for which application threads were stopped: 0.0010012 seconds, Stopping threads took: 0.0005215 seconds
[2022-06-13T01:32:04.708+0000][1][safepoint    ] Application time: 0.0005780 seconds
[2022-06-13T01:32:04.709+0000][1][safepoint    ] Entering safepoint region: RevokeBias
[2022-06-13T01:32:04.709+0000][1][safepoint    ] Leaving safepoint region
[2022-06-13T01:32:04.710+0000][1][safepoint    ] Total time for which application threads were stopped: 0.0010385 seconds, Stopping threads took: 0.0005557 seconds
[2022-06-13T01:32:04.711+0000][1][safepoint    ] Application time: 0.0004711 seconds
[2022-06-13T01:32:04.711+0000][1][safepoint    ] Entering safepoint region: RevokeBias
[2022-06-13T01:32:04.712+0000][1][safepoint    ] Leaving safepoint region
[2022-06-13T01:32:04.712+0000][1][safepoint    ] Total time for which application threads were stopped: 0.0011601 seconds, Stopping threads took: 0.0006248 seconds
[2022-06-13T01:32:04.713+0000][1][safepoint    ] Application time: 0.0004918 seconds
[2022-06-13T01:32:04.714+0000][1][safepoint    ] Entering safepoint region: RevokeBias
[2022-06-13T01:32:04.714+0000][1][safepoint    ] Leaving safepoint region
[2022-06-13T01:32:04.715+0000][1][safepoint    ] Total time for which application threads were stopped: 0.0012008 seconds, Stopping threads took: 0.0003130 seconds
[2022-06-13T01:32:04.716+0000][1][safepoint    ] Application time: 0.0003920 seconds
[2022-06-13T01:32:04.716+0000][1][safepoint    ] Entering safepoint region: RevokeBias
[2022-06-13T01:32:04.717+0000][1][safepoint    ] Leaving safepoint region
[2022-06-13T01:32:04.717+0000][1][safepoint    ] Total time for which application threads were stopped: 0.0009808 seconds, Stopping threads took: 0.0004791 seconds
[2022-06-13T01:32:04.718+0000][1][safepoint    ] Application time: 0.0004493 seconds
[2022-06-13T01:32:04.718+0000][1][safepoint    ] Entering safepoint region: RevokeBias
[2022-06-13T01:32:04.719+0000][1][safepoint    ] Leaving safepoint region
[2022-06-13T01:32:04.719+0000][1][safepoint    ] Total time for which application threads were stopped: 0.0007758 seconds, Stopping threads took: 0.0004072 seconds
[2022-06-13T01:32:04.720+0000][1][safepoint    ] Application time: 0.0002344 seconds
[2022-06-13T01:32:04.720+0000][1][safepoint    ] Entering safepoint region: RevokeBias
[2022-06-13T01:32:04.721+0000][1][safepoint    ] Leaving safepoint region
[2022-06-13T01:32:04.721+0000][1][safepoint    ] Total time for which application threads were stopped: 0.0009968 seconds, Stopping threads took: 0.0003323 seconds
[2022-06-13T01:32:04.722+0000][1][safepoint    ] Application time: 0.0002870 seconds
[2022-06-13T01:32:04.723+0000][1][safepoint    ] Entering safepoint region: RevokeBias
[2022-06-13T01:32:04.723+0000][1][safepoint    ] Leaving safepoint region
[2022-06-13T01:32:04.723+0000][1][safepoint    ] Total time for which application threads were stopped: 0.0008623 seconds, Stopping threads took: 0.0003595 seconds
[2022-06-13T01:32:04.724+0000][1][safepoint    ] Application time: 0.0003430 seconds
[2022-06-13T01:32:04.724+0000][1][safepoint    ] Entering safepoint region: RevokeBias
[2022-06-13T01:32:04.725+0000][1][safepoint    ] Leaving safepoint region
[2022-06-13T01:32:04.725+0000][1][safepoint    ] Total time for which application threads were stopped: 0.0006804 seconds, Stopping threads took: 0.0003176 seconds
[2022-06-13T01:32:04.726+0000][1][safepoint    ] Application time: 0.0001851 seconds
[2022-06-13T01:32:04.726+0000][1][safepoint    ] Entering safepoint region: RevokeBias
[2022-06-13T01:32:04.726+0000][1][safepoint    ] Leaving safepoint region
[2022-06-13T01:32:04.727+0000][1][safepoint    ] Total time for which application threads were stopped: 0.0005549 seconds, Stopping threads took: 0.0002466 seconds
[2022-06-13T01:32:04.727+0000][1][safepoint    ] Application time: 0.0005931 seconds
[2022-06-13T01:32:04.728+0000][1][safepoint    ] Entering safepoint region: RevokeBias
[2022-06-13T01:32:04.728+0000][1][safepoint    ] Leaving safepoint region
[2022-06-13T01:32:04.728+0000][1][safepoint    ] Total time for which application threads were stopped: 0.0005012 seconds, Stopping threads took: 0.0002004 seconds
[2022-06-13T01:32:04.731+0000][1][safepoint    ] Application time: 0.0015140 seconds
[2022-06-13T01:32:04.731+0000][1][safepoint    ] Entering safepoint region: RevokeBias
[2022-06-13T01:32:04.731+0000][1][safepoint    ] Leaving safepoint region
[2022-06-13T01:32:04.732+0000][1][safepoint    ] Total time for which application threads were stopped: 0.0005725 seconds, Stopping threads took: 0.0002824 seconds
[2022-06-13T01:32:04.970+0000][1][safepoint    ] Application time: 0.2383073 seconds
[2022-06-13T01:32:04.970+0000][1][safepoint    ] Entering safepoint region: RevokeBias
[2022-06-13T01:32:04.971+0000][1][safepoint    ] Leaving safepoint region
[2022-06-13T01:32:04.972+0000][1][safepoint    ] Total time for which application threads were stopped: 0.0013962 seconds, Stopping threads took: 0.0003720 seconds
[2022-06-13T01:32:04.973+0000][1][safepoint    ] Application time: 0.0008033 seconds
[2022-06-13T01:32:04.974+0000][1][safepoint    ] Entering safepoint region: RevokeBias
[2022-06-13T01:32:04.974+0000][1][safepoint    ] Leaving safepoint region
[2022-06-13T01:32:04.975+0000][1][safepoint    ] Total time for which application threads were stopped: 0.0011829 seconds, Stopping threads took: 0.0005439 seconds
[2022-06-13T01:32:04.976+0000][1][safepoint    ] Application time: 0.0004661 seconds
[2022-06-13T01:32:04.976+0000][1][safepoint    ] Entering safepoint region: RevokeBias
[2022-06-13T01:32:04.977+0000][1][safepoint    ] Leaving safepoint region
[2022-06-13T01:32:04.977+0000][1][safepoint    ] Total time for which application threads were stopped: 0.0010541 seconds, Stopping threads took: 0.0005874 seconds
[2022-06-13T01:32:04.978+0000][1][safepoint    ] Application time: 0.0000727 seconds
[2022-06-13T01:32:04.978+0000][1][safepoint    ] Entering safepoint region: RevokeBias
[2022-06-13T01:32:04.979+0000][1][safepoint    ] Leaving safepoint region
[2022-06-13T01:32:04.979+0000][1][safepoint    ] Total time for which application threads were stopped: 0.0009696 seconds, Stopping threads took: 0.0004739 seconds
[2022-06-13T01:32:04.980+0000][1][safepoint    ] Application time: 0.0002981 seconds
[2022-06-13T01:32:04.980+0000][1][safepoint    ] Entering safepoint region: RevokeBias
[2022-06-13T01:32:04.981+0000][1][safepoint    ] Leaving safepoint region
[2022-06-13T01:32:04.981+0000][1][safepoint    ] Total time for which application threads were stopped: 0.0011336 seconds, Stopping threads took: 0.0006973 seconds
[2022-06-13T01:32:04.982+0000][1][safepoint    ] Application time: 0.0001916 seconds
[2022-06-13T01:32:04.983+0000][1][safepoint    ] Entering safepoint region: RevokeBias
[2022-06-13T01:32:04.983+0000][1][safepoint    ] Leaving safepoint region
[2022-06-13T01:32:04.984+0000][1][safepoint    ] Total time for which application threads were stopped: 0.0010981 seconds, Stopping threads took: 0.0005097 seconds
[2022-06-13T01:32:04.989+0000][1][safepoint    ] Application time: 0.0045422 seconds
[2022-06-13T01:32:04.989+0000][1][safepoint    ] Entering safepoint region: RevokeBias
[2022-06-13T01:32:04.990+0000][1][safepoint    ] Leaving safepoint region
[2022-06-13T01:32:04.990+0000][1][safepoint    ] Total time for which application threads were stopped: 0.0010234 seconds, Stopping threads took: 0.0006156 seconds
[2022-06-13T01:32:04.991+0000][1][safepoint    ] Application time: 0.0007538 seconds
[2022-06-13T01:32:04.992+0000][1][safepoint    ] Entering safepoint region: RevokeBias
[2022-06-13T01:32:04.992+0000][1][safepoint    ] Leaving safepoint region
[2022-06-13T01:32:04.992+0000][1][safepoint    ] Total time for which application threads were stopped: 0.0008325 seconds, Stopping threads took: 0.0003524 seconds
[2022-06-13T01:32:04.993+0000][1][safepoint    ] Application time: 0.0003645 seconds
[2022-06-13T01:32:04.993+0000][1][safepoint    ] Entering safepoint region: RevokeBias
[2022-06-13T01:32:04.994+0000][1][safepoint    ] Leaving safepoint region
[2022-06-13T01:32:04.994+0000][1][safepoint    ] Total time for which application threads were stopped: 0.0008913 seconds, Stopping threads took: 0.0004226 seconds
[2022-06-13T01:32:04.996+0000][1][safepoint    ] Application time: 0.0009797 seconds
[2022-06-13T01:32:04.996+0000][1][safepoint    ] Entering safepoint region: RevokeBias
[2022-06-13T01:32:04.997+0000][1][safepoint    ] Leaving safepoint region
[2022-06-13T01:32:04.997+0000][1][safepoint    ] Total time for which application threads were stopped: 0.0010871 seconds, Stopping threads took: 0.0004833 seconds
[2022-06-13T01:32:04.998+0000][1][safepoint    ] Application time: 0.0001934 seconds
[2022-06-13T01:32:04.998+0000][1][safepoint    ] Entering safepoint region: BulkRevokeBias
[2022-06-13T01:32:04.999+0000][1][safepoint    ] Leaving safepoint region
[2022-06-13T01:32:04.999+0000][1][safepoint    ] Total time for which application threads were stopped: 0.0011257 seconds, Stopping threads took: 0.0004909 seconds
[2022-06-13T01:32:05.003+0000][1][safepoint    ] Application time: 0.0032117 seconds
[2022-06-13T01:32:05.003+0000][1][safepoint    ] Entering safepoint region: RevokeBias
[2022-06-13T01:32:05.004+0000][1][safepoint    ] Leaving safepoint region
[2022-06-13T01:32:05.004+0000][1][safepoint    ] Total time for which application threads were stopped: 0.0009889 seconds, Stopping threads took: 0.0004128 seconds
[2022-06-13T01:32:05.017+0000][1][safepoint    ] Application time: 0.0124000 seconds
[2022-06-13T01:32:05.018+0000][1][safepoint    ] Entering safepoint region: RevokeBias
[2022-06-13T01:32:05.019+0000][1][safepoint    ] Leaving safepoint region
[2022-06-13T01:32:05.019+0000][1][safepoint    ] Total time for which application threads were stopped: 0.0013072 seconds, Stopping threads took: 0.0005650 seconds
[2022-06-13T01:32:05.020+0000][1][safepoint    ] Application time: 0.0002877 seconds
[2022-06-13T01:32:05.020+0000][1][safepoint    ] Entering safepoint region: RevokeBias
[2022-06-13T01:32:05.021+0000][1][safepoint    ] Leaving safepoint region
[2022-06-13T01:32:05.021+0000][1][safepoint    ] Total time for which application threads were stopped: 0.0009031 seconds, Stopping threads took: 0.0004545 seconds
[2022-06-13T01:32:05.022+0000][1][safepoint    ] Application time: 0.0002450 seconds
[2022-06-13T01:32:05.022+0000][1][safepoint    ] Entering safepoint region: RevokeBias
[2022-06-13T01:32:05.023+0000][1][safepoint    ] Leaving safepoint region
[2022-06-13T01:32:05.023+0000][1][safepoint    ] Total time for which application threads were stopped: 0.0007849 seconds, Stopping threads took: 0.0002553 seconds
[2022-06-13T01:32:05.024+0000][1][safepoint    ] Application time: 0.0009512 seconds
[2022-06-13T01:32:05.025+0000][1][safepoint    ] Entering safepoint region: RevokeBias
[2022-06-13T01:32:05.025+0000][1][safepoint    ] Leaving safepoint region
[2022-06-13T01:32:05.025+0000][1][safepoint    ] Total time for which application threads were stopped: 0.0004179 seconds, Stopping threads took: 0.0001645 seconds
[2022-06-13T01:32:05.027+0000][1][safepoint    ] Application time: 0.0014646 seconds
[2022-06-13T01:32:05.027+0000][1][safepoint    ] Entering safepoint region: RevokeBias
[2022-06-13T01:32:05.028+0000][1][safepoint    ] Leaving safepoint region
[2022-06-13T01:32:05.028+0000][1][safepoint    ] Total time for which application threads were stopped: 0.0008372 seconds, Stopping threads took: 0.0004755 seconds
[2022-06-13T01:32:05.029+0000][1][safepoint    ] Application time: 0.0005219 seconds
[2022-06-13T01:32:05.029+0000][1][safepoint    ] Entering safepoint region: RevokeBias
[2022-06-13T01:32:05.030+0000][1][safepoint    ] Leaving safepoint region
[2022-06-13T01:32:05.030+0000][1][safepoint    ] Total time for which application threads were stopped: 0.0006380 seconds, Stopping threads took: 0.0002951 seconds
[2022-06-13T01:32:05.032+0000][1][safepoint    ] Application time: 0.0016361 seconds
[2022-06-13T01:32:05.032+0000][1][safepoint    ] Entering safepoint region: RevokeBias
[2022-06-13T01:32:05.033+0000][1][safepoint    ] Leaving safepoint region
[2022-06-13T01:32:05.033+0000][1][safepoint    ] Total time for which application threads were stopped: 0.0005911 seconds, Stopping threads took: 0.0003078 seconds
[2022-06-13T01:32:05.034+0000][1][safepoint    ] Application time: 0.0004287 seconds
[2022-06-13T01:32:05.034+0000][1][safepoint    ] Entering safepoint region: RevokeBias
[2022-06-13T01:32:05.034+0000][1][safepoint    ] Leaving safepoint region
[2022-06-13T01:32:05.035+0000][1][safepoint    ] Total time for which application threads were stopped: 0.0006102 seconds, Stopping threads took: 0.0002614 seconds
[2022-06-13T01:32:05.035+0000][1][safepoint    ] Application time: 0.0002033 seconds
[2022-06-13T01:32:05.035+0000][1][safepoint    ] Entering safepoint region: RevokeBias
[2022-06-13T01:32:05.035+0000][1][safepoint    ] Leaving safepoint region
[2022-06-13T01:32:05.036+0000][1][safepoint    ] Total time for which application threads were stopped: 0.0004594 seconds, Stopping threads took: 0.0002354 seconds
[2022-06-13T01:32:05.037+0000][1][safepoint    ] Application time: 0.0008337 seconds
[2022-06-13T01:32:05.037+0000][1][safepoint    ] Entering safepoint region: RevokeBias
[2022-06-13T01:32:05.037+0000][1][safepoint    ] Leaving safepoint region
[2022-06-13T01:32:05.037+0000][1][safepoint    ] Total time for which application threads were stopped: 0.0003222 seconds, Stopping threads took: 0.0001407 seconds
[2022-06-13T01:32:05.039+0000][1][safepoint    ] Application time: 0.0018790 seconds
[2022-06-13T01:32:05.040+0000][1][safepoint    ] Entering safepoint region: RevokeBias
[2022-06-13T01:32:05.040+0000][1][safepoint    ] Leaving safepoint region
[2022-06-13T01:32:05.041+0000][1][safepoint    ] Total time for which application threads were stopped: 0.0009528 seconds, Stopping threads took: 0.0005438 seconds
[2022-06-13T01:32:05.042+0000][1][safepoint    ] Application time: 0.0005893 seconds
[2022-06-13T01:32:05.042+0000][1][safepoint    ] Entering safepoint region: RevokeBias
[2022-06-13T01:32:05.043+0000][1][safepoint    ] Leaving safepoint region
[2022-06-13T01:32:05.043+0000][1][safepoint    ] Total time for which application threads were stopped: 0.0009847 seconds, Stopping threads took: 0.0005380 seconds
[2022-06-13T01:32:05.046+0000][1][gc,heap,exit ] Heap
[2022-06-13T01:32:05.046+0000][1][gc,heap,exit ]  par new generation   total 78656K, used 68598K [0x00000000f0000000, 0x00000000f5550000, 0x00000000f5550000)
[2022-06-13T01:32:05.047+0000][1][gc,heap,exit ]   eden space 69952K,  85% used [0x00000000f0000000, 0x00000000f3a7dac0, 0x00000000f4450000)
[2022-06-13T01:32:05.047+0000][1][gc,heap,exit ]   from space 8704K, 100% used [0x00000000f4450000, 0x00000000f4cd0000, 0x00000000f4cd0000)
[2022-06-13T01:32:05.047+0000][1][gc,heap,exit ]   to   space 8704K,   0% used [0x00000000f4cd0000, 0x00000000f4cd0000, 0x00000000f5550000)
[2022-06-13T01:32:05.047+0000][1][gc,heap,exit ]  concurrent mark-sweep generation total 174784K, used 60019K [0x00000000f5550000, 0x0000000100000000, 0x0000000100000000)
[2022-06-13T01:32:05.047+0000][1][gc,heap,exit ]  Metaspace       used 64828K, capacity 69684K, committed 70008K, reserved 1107968K
[2022-06-13T01:32:05.047+0000][1][gc,heap,exit ]   class space    used 8770K, capacity 10833K, committed 10936K, reserved 1048576K
[2022-06-13T01:32:05.048+0000][1][safepoint    ] Application time: 0.0042250 seconds
[2022-06-13T01:32:05.048+0000][1][safepoint    ] Entering safepoint region: Exit
