[2022-06-13T03:21:44.272+0000][1][gc] Using Concurrent Mark Sweep
[2022-06-13T03:21:44.272+0000][1][gc,heap,coops] Heap address: 0x00000000f0000000, size: 256 MB, Compressed Oops mode: 32-bit
[2022-06-13T03:21:44.305+0000][1][safepoint    ] Entering safepoint region: EnableBiasedLocking
[2022-06-13T03:21:44.305+0000][1][safepoint    ] Leaving safepoint region
[2022-06-13T03:21:44.305+0000][1][safepoint    ] Total time for which application threads were stopped: 0.0004203 seconds, Stopping threads took: 0.0001864 seconds
[2022-06-13T03:21:44.308+0000][1][safepoint    ] Application time: 0.0025530 seconds
[2022-06-13T03:21:44.309+0000][1][safepoint    ] Entering safepoint region: RevokeBias
[2022-06-13T03:21:44.309+0000][1][safepoint    ] Leaving safepoint region
[2022-06-13T03:21:44.309+0000][1][safepoint    ] Total time for which application threads were stopped: 0.0005384 seconds, Stopping threads took: 0.0003057 seconds
[2022-06-13T03:21:44.317+0000][1][safepoint    ] Application time: 0.0076488 seconds
[2022-06-13T03:21:44.317+0000][1][safepoint    ] Entering safepoint region: Deoptimize
[2022-06-13T03:21:44.317+0000][1][safepoint    ] Leaving safepoint region
[2022-06-13T03:21:44.318+0000][1][safepoint    ] Total time for which application threads were stopped: 0.0003516 seconds, Stopping threads took: 0.0001590 seconds
[2022-06-13T03:21:44.380+0000][1][safepoint    ] Application time: 0.0623103 seconds
[2022-06-13T03:21:44.380+0000][1][safepoint    ] Entering safepoint region: RevokeBias
[2022-06-13T03:21:44.381+0000][1][safepoint    ] Leaving safepoint region
[2022-06-13T03:21:44.381+0000][1][safepoint    ] Total time for which application threads were stopped: 0.0004903 seconds, Stopping threads took: 0.0002956 seconds
[2022-06-13T03:21:44.404+0000][1][safepoint    ] Application time: 0.0228290 seconds
[2022-06-13T03:21:44.404+0000][1][safepoint    ] Entering safepoint region: Deoptimize
[2022-06-13T03:21:44.404+0000][1][safepoint    ] Leaving safepoint region
[2022-06-13T03:21:44.405+0000][1][safepoint    ] Total time for which application threads were stopped: 0.0004212 seconds, Stopping threads took: 0.0001923 seconds
[2022-06-13T03:21:44.634+0000][1][safepoint    ] Application time: 0.2292727 seconds
[2022-06-13T03:21:44.634+0000][1][safepoint    ] Entering safepoint region: Deoptimize
[2022-06-13T03:21:44.635+0000][1][safepoint    ] Leaving safepoint region
[2022-06-13T03:21:44.635+0000][1][safepoint    ] Total time for which application threads were stopped: 0.0004948 seconds, Stopping threads took: 0.0001598 seconds
[2022-06-13T03:21:44.649+0000][1][safepoint    ] Application time: 0.0138886 seconds
[2022-06-13T03:21:44.649+0000][1][safepoint    ] Entering safepoint region: Deoptimize
[2022-06-13T03:21:44.650+0000][1][safepoint    ] Leaving safepoint region
[2022-06-13T03:21:44.651+0000][1][safepoint    ] Total time for which application threads were stopped: 0.0014455 seconds, Stopping threads took: 0.0001640 seconds
[2022-06-13T03:21:44.690+0000][1][safepoint    ] Application time: 0.0363021 seconds
[2022-06-13T03:21:44.690+0000][1][safepoint    ] Entering safepoint region: Deoptimize
[2022-06-13T03:21:44.690+0000][1][safepoint    ] Leaving safepoint region
[2022-06-13T03:21:44.690+0000][1][safepoint    ] Total time for which application threads were stopped: 0.0005238 seconds, Stopping threads took: 0.0001908 seconds
[2022-06-13T03:21:44.699+0000][1][safepoint    ] Application time: 0.0086231 seconds
[2022-06-13T03:21:44.699+0000][1][safepoint    ] Entering safepoint region: Deoptimize
[2022-06-13T03:21:44.700+0000][1][safepoint    ] Leaving safepoint region
[2022-06-13T03:21:44.700+0000][1][safepoint    ] Total time for which application threads were stopped: 0.0004194 seconds, Stopping threads took: 0.0001401 seconds
[2022-06-13T03:21:45.092+0000][1][safepoint    ] Application time: 0.3922742 seconds
[2022-06-13T03:21:45.093+0000][1][safepoint    ] Entering safepoint region: Deoptimize
[2022-06-13T03:21:45.093+0000][1][safepoint    ] Leaving safepoint region
[2022-06-13T03:21:45.093+0000][1][safepoint    ] Total time for which application threads were stopped: 0.0006313 seconds, Stopping threads took: 0.0001747 seconds
[2022-06-13T03:21:45.281+0000][1][safepoint    ] Application time: 0.1873335 seconds
[2022-06-13T03:21:45.281+0000][1][safepoint    ] Entering safepoint region: RevokeBias
[2022-06-13T03:21:45.282+0000][1][safepoint    ] Leaving safepoint region
[2022-06-13T03:21:45.282+0000][1][safepoint    ] Total time for which application threads were stopped: 0.0005491 seconds, Stopping threads took: 0.0002501 seconds
[2022-06-13T03:21:45.371+0000][1][safepoint    ] Application time: 0.0894576 seconds
[2022-06-13T03:21:45.372+0000][1][safepoint    ] Entering safepoint region: Deoptimize
[2022-06-13T03:21:45.372+0000][1][safepoint    ] Leaving safepoint region
[2022-06-13T03:21:45.372+0000][1][safepoint    ] Total time for which application threads were stopped: 0.0005621 seconds, Stopping threads took: 0.0001573 seconds
[2022-06-13T03:21:45.440+0000][1][safepoint    ] Application time: 0.0676122 seconds
[2022-06-13T03:21:45.440+0000][1][safepoint    ] Entering safepoint region: Deoptimize
[2022-06-13T03:21:45.440+0000][1][safepoint    ] Leaving safepoint region
[2022-06-13T03:21:45.441+0000][1][safepoint    ] Total time for which application threads were stopped: 0.0005180 seconds, Stopping threads took: 0.0001419 seconds
[2022-06-13T03:21:45.441+0000][1][safepoint    ] Application time: 0.0001515 seconds
[2022-06-13T03:21:45.441+0000][1][safepoint    ] Entering safepoint region: Deoptimize
[2022-06-13T03:21:45.441+0000][1][safepoint    ] Leaving safepoint region
[2022-06-13T03:21:45.441+0000][1][safepoint    ] Total time for which application threads were stopped: 0.0004056 seconds, Stopping threads took: 0.0001167 seconds
[2022-06-13T03:21:45.467+0000][1][safepoint    ] Application time: 0.0256710 seconds
[2022-06-13T03:21:45.468+0000][1][safepoint    ] Entering safepoint region: Deoptimize
[2022-06-13T03:21:45.468+0000][1][safepoint    ] Leaving safepoint region
[2022-06-13T03:21:45.468+0000][1][safepoint    ] Total time for which application threads were stopped: 0.0006401 seconds, Stopping threads took: 0.0001840 seconds
[2022-06-13T03:21:45.474+0000][1][safepoint    ] Application time: 0.0059302 seconds
[2022-06-13T03:21:45.475+0000][1][safepoint    ] Entering safepoint region: RevokeBias
[2022-06-13T03:21:45.475+0000][1][safepoint    ] Leaving safepoint region
[2022-06-13T03:21:45.475+0000][1][safepoint    ] Total time for which application threads were stopped: 0.0004552 seconds, Stopping threads took: 0.0002251 seconds
[2022-06-13T03:21:45.475+0000][1][safepoint    ] Application time: 0.0002314 seconds
[2022-06-13T03:21:45.476+0000][1][safepoint    ] Entering safepoint region: RevokeBias
[2022-06-13T03:21:45.476+0000][1][safepoint    ] Leaving safepoint region
[2022-06-13T03:21:45.476+0000][1][safepoint    ] Total time for which application threads were stopped: 0.0003996 seconds, Stopping threads took: 0.0001772 seconds
[2022-06-13T03:21:45.476+0000][1][safepoint    ] Application time: 0.0002117 seconds
[2022-06-13T03:21:45.477+0000][1][safepoint    ] Entering safepoint region: RevokeBias
[2022-06-13T03:21:45.477+0000][1][safepoint    ] Leaving safepoint region
[2022-06-13T03:21:45.477+0000][1][safepoint    ] Total time for which application threads were stopped: 0.0003232 seconds, Stopping threads took: 0.0001299 seconds
[2022-06-13T03:21:45.478+0000][1][safepoint    ] Application time: 0.0008222 seconds
[2022-06-13T03:21:45.479+0000][1][safepoint    ] Entering safepoint region: RevokeBias
[2022-06-13T03:21:45.479+0000][1][safepoint    ] Leaving safepoint region
[2022-06-13T03:21:45.480+0000][1][safepoint    ] Total time for which application threads were stopped: 0.0004495 seconds, Stopping threads took: 0.0002613 seconds
[2022-06-13T03:21:45.480+0000][1][safepoint    ] Application time: 0.0001369 seconds
[2022-06-13T03:21:45.480+0000][1][safepoint    ] Entering safepoint region: RevokeBias
[2022-06-13T03:21:45.480+0000][1][safepoint    ] Leaving safepoint region
[2022-06-13T03:21:45.480+0000][1][safepoint    ] Total time for which application threads were stopped: 0.0002886 seconds, Stopping threads took: 0.0001413 seconds
[2022-06-13T03:21:45.487+0000][1][safepoint    ] Application time: 0.0067505 seconds
[2022-06-13T03:21:45.488+0000][1][safepoint    ] Entering safepoint region: RevokeBias
[2022-06-13T03:21:45.488+0000][1][safepoint    ] Leaving safepoint region
[2022-06-13T03:21:45.489+0000][1][safepoint    ] Total time for which application threads were stopped: 0.0010828 seconds, Stopping threads took: 0.0009105 seconds
[2022-06-13T03:21:45.495+0000][1][safepoint    ] Application time: 0.0062820 seconds
[2022-06-13T03:21:45.495+0000][1][safepoint    ] Entering safepoint region: Deoptimize
[2022-06-13T03:21:45.496+0000][1][safepoint    ] Leaving safepoint region
[2022-06-13T03:21:45.496+0000][1][safepoint    ] Total time for which application threads were stopped: 0.0005780 seconds, Stopping threads took: 0.0001623 seconds
[2022-06-13T03:21:45.570+0000][1][safepoint    ] Application time: 0.0741754 seconds
[2022-06-13T03:21:45.570+0000][1][safepoint    ] Entering safepoint region: GenCollectForAllocation
[2022-06-13T03:21:45.571+0000][1][gc,start     ] GC(0) Pause Young (Allocation Failure)
[2022-06-13T03:21:45.571+0000][1][gc,task      ] GC(0) Using 5 workers of 13 for evacuation
[2022-06-13T03:21:45.576+0000][1][gc,age       ] GC(0) Desired survivor size 4456448 bytes, new threshold 1 (max threshold 6)
[2022-06-13T03:21:45.576+0000][1][gc,age       ] GC(0) Age table with threshold 1 (max threshold 6)
[2022-06-13T03:21:45.576+0000][1][gc,age       ] GC(0) - age   1:    6375560 bytes,    6375560 total
[2022-06-13T03:21:45.576+0000][1][gc,heap      ] GC(0) ParNew: 69952K->6301K(78656K)
[2022-06-13T03:21:45.577+0000][1][gc,heap      ] GC(0) CMS: 0K->0K(174784K)
[2022-06-13T03:21:45.577+0000][1][gc,metaspace ] GC(0) Metaspace: 12378K->12378K(1060864K)
[2022-06-13T03:21:45.577+0000][1][gc           ] GC(0) Pause Young (Allocation Failure) 68M->6M(247M) 6.273ms
[2022-06-13T03:21:45.577+0000][1][gc,cpu       ] GC(0) User=0.02s Sys=0.00s Real=0.00s
[2022-06-13T03:21:45.577+0000][1][safepoint    ] Leaving safepoint region
[2022-06-13T03:21:45.577+0000][1][safepoint    ] Total time for which application threads were stopped: 0.0069752 seconds, Stopping threads took: 0.0001693 seconds
[2022-06-13T03:21:45.578+0000][1][safepoint    ] Application time: 0.0002638 seconds
[2022-06-13T03:21:45.578+0000][1][safepoint    ] Entering safepoint region: RevokeBias
[2022-06-13T03:21:45.578+0000][1][safepoint    ] Leaving safepoint region
[2022-06-13T03:21:45.578+0000][1][safepoint    ] Total time for which application threads were stopped: 0.0004455 seconds, Stopping threads took: 0.0002230 seconds
[2022-06-13T03:21:45.579+0000][1][safepoint    ] Application time: 0.0001093 seconds
[2022-06-13T03:21:45.579+0000][1][safepoint    ] Entering safepoint region: RevokeBias
[2022-06-13T03:21:45.579+0000][1][safepoint    ] Leaving safepoint region
[2022-06-13T03:21:45.579+0000][1][safepoint    ] Total time for which application threads were stopped: 0.0002926 seconds, Stopping threads took: 0.0001543 seconds
[2022-06-13T03:21:45.579+0000][1][safepoint    ] Application time: 0.0002221 seconds
[2022-06-13T03:21:45.580+0000][1][safepoint    ] Entering safepoint region: RevokeBias
[2022-06-13T03:21:45.580+0000][1][safepoint    ] Leaving safepoint region
[2022-06-13T03:21:45.580+0000][1][safepoint    ] Total time for which application threads were stopped: 0.0003739 seconds, Stopping threads took: 0.0001827 seconds
[2022-06-13T03:21:45.580+0000][1][safepoint    ] Application time: 0.0001028 seconds
[2022-06-13T03:21:45.580+0000][1][safepoint    ] Entering safepoint region: RevokeBias
[2022-06-13T03:21:45.581+0000][1][safepoint    ] Leaving safepoint region
[2022-06-13T03:21:45.581+0000][1][safepoint    ] Total time for which application threads were stopped: 0.0003133 seconds, Stopping threads took: 0.0001386 seconds
[2022-06-13T03:21:45.581+0000][1][safepoint    ] Application time: 0.0001123 seconds
[2022-06-13T03:21:45.581+0000][1][safepoint    ] Entering safepoint region: RevokeBias
[2022-06-13T03:21:45.581+0000][1][safepoint    ] Leaving safepoint region
[2022-06-13T03:21:45.582+0000][1][safepoint    ] Total time for which application threads were stopped: 0.0004480 seconds, Stopping threads took: 0.0002677 seconds
[2022-06-13T03:21:45.582+0000][1][safepoint    ] Application time: 0.0001080 seconds
[2022-06-13T03:21:45.582+0000][1][safepoint    ] Entering safepoint region: RevokeBias
[2022-06-13T03:21:45.582+0000][1][safepoint    ] Leaving safepoint region
[2022-06-13T03:21:45.582+0000][1][safepoint    ] Total time for which application threads were stopped: 0.0003223 seconds, Stopping threads took: 0.0001786 seconds
[2022-06-13T03:21:45.582+0000][1][safepoint    ] Application time: 0.0001258 seconds
[2022-06-13T03:21:45.583+0000][1][safepoint    ] Entering safepoint region: RevokeBias
[2022-06-13T03:21:45.583+0000][1][safepoint    ] Leaving safepoint region
[2022-06-13T03:21:45.583+0000][1][safepoint    ] Total time for which application threads were stopped: 0.0003208 seconds, Stopping threads took: 0.0001465 seconds
[2022-06-13T03:21:45.583+0000][1][safepoint    ] Application time: 0.0000843 seconds
[2022-06-13T03:21:45.583+0000][1][safepoint    ] Entering safepoint region: RevokeBias
[2022-06-13T03:21:45.583+0000][1][safepoint    ] Leaving safepoint region
[2022-06-13T03:21:45.584+0000][1][safepoint    ] Total time for which application threads were stopped: 0.0003184 seconds, Stopping threads took: 0.0001524 seconds
[2022-06-13T03:21:45.584+0000][1][safepoint    ] Application time: 0.0000828 seconds
[2022-06-13T03:21:45.584+0000][1][safepoint    ] Entering safepoint region: RevokeBias
[2022-06-13T03:21:45.584+0000][1][safepoint    ] Leaving safepoint region
[2022-06-13T03:21:45.584+0000][1][safepoint    ] Total time for which application threads were stopped: 0.0003237 seconds, Stopping threads took: 0.0001585 seconds
[2022-06-13T03:21:45.585+0000][1][safepoint    ] Application time: 0.0000709 seconds
[2022-06-13T03:21:45.585+0000][1][safepoint    ] Entering safepoint region: RevokeBias
[2022-06-13T03:21:45.585+0000][1][safepoint    ] Leaving safepoint region
[2022-06-13T03:21:45.585+0000][1][safepoint    ] Total time for which application threads were stopped: 0.0002927 seconds, Stopping threads took: 0.0001545 seconds
[2022-06-13T03:21:45.585+0000][1][safepoint    ] Application time: 0.0000840 seconds
[2022-06-13T03:21:45.585+0000][1][safepoint    ] Entering safepoint region: RevokeBias
[2022-06-13T03:21:45.585+0000][1][safepoint    ] Leaving safepoint region
[2022-06-13T03:21:45.586+0000][1][safepoint    ] Total time for which application threads were stopped: 0.0003220 seconds, Stopping threads took: 0.0001478 seconds
[2022-06-13T03:21:45.586+0000][1][safepoint    ] Application time: 0.0000784 seconds
[2022-06-13T03:21:45.586+0000][1][safepoint    ] Entering safepoint region: RevokeBias
[2022-06-13T03:21:45.586+0000][1][safepoint    ] Leaving safepoint region
[2022-06-13T03:21:45.586+0000][1][safepoint    ] Total time for which application threads were stopped: 0.0003360 seconds, Stopping threads took: 0.0001813 seconds
[2022-06-13T03:21:45.586+0000][1][safepoint    ] Application time: 0.0000926 seconds
[2022-06-13T03:21:45.587+0000][1][safepoint    ] Entering safepoint region: RevokeBias
[2022-06-13T03:21:45.587+0000][1][safepoint    ] Leaving safepoint region
[2022-06-13T03:21:45.587+0000][1][safepoint    ] Total time for which application threads were stopped: 0.0003827 seconds, Stopping threads took: 0.0002231 seconds
[2022-06-13T03:21:45.587+0000][1][safepoint    ] Application time: 0.0000856 seconds
[2022-06-13T03:21:45.587+0000][1][safepoint    ] Entering safepoint region: RevokeBias
[2022-06-13T03:21:45.588+0000][1][safepoint    ] Leaving safepoint region
[2022-06-13T03:21:45.588+0000][1][safepoint    ] Total time for which application threads were stopped: 0.0003188 seconds, Stopping threads took: 0.0001686 seconds
[2022-06-13T03:21:45.588+0000][1][safepoint    ] Application time: 0.0001480 seconds
[2022-06-13T03:21:45.588+0000][1][safepoint    ] Entering safepoint region: RevokeBias
[2022-06-13T03:21:45.588+0000][1][safepoint    ] Leaving safepoint region
[2022-06-13T03:21:45.588+0000][1][safepoint    ] Total time for which application threads were stopped: 0.0003464 seconds, Stopping threads took: 0.0001921 seconds
[2022-06-13T03:21:45.589+0000][1][safepoint    ] Application time: 0.0000781 seconds
[2022-06-13T03:21:45.589+0000][1][safepoint    ] Entering safepoint region: RevokeBias
[2022-06-13T03:21:45.589+0000][1][safepoint    ] Leaving safepoint region
[2022-06-13T03:21:45.589+0000][1][safepoint    ] Total time for which application threads were stopped: 0.0003292 seconds, Stopping threads took: 0.0001352 seconds
[2022-06-13T03:21:45.590+0000][1][safepoint    ] Application time: 0.0000410 seconds
[2022-06-13T03:21:45.590+0000][1][safepoint    ] Entering safepoint region: RevokeBias
[2022-06-13T03:21:45.591+0000][1][safepoint    ] Leaving safepoint region
[2022-06-13T03:21:45.591+0000][1][safepoint    ] Total time for which application threads were stopped: 0.0007643 seconds, Stopping threads took: 0.0005604 seconds
[2022-06-13T03:21:45.591+0000][1][safepoint    ] Application time: 0.0000395 seconds
[2022-06-13T03:21:45.591+0000][1][safepoint    ] Entering safepoint region: RevokeBias
[2022-06-13T03:21:45.591+0000][1][safepoint    ] Leaving safepoint region
[2022-06-13T03:21:45.591+0000][1][safepoint    ] Total time for which application threads were stopped: 0.0003735 seconds, Stopping threads took: 0.0001859 seconds
[2022-06-13T03:21:45.592+0000][1][safepoint    ] Application time: 0.0001928 seconds
[2022-06-13T03:21:45.592+0000][1][safepoint    ] Entering safepoint region: RevokeBias
[2022-06-13T03:21:45.592+0000][1][safepoint    ] Leaving safepoint region
[2022-06-13T03:21:45.592+0000][1][safepoint    ] Total time for which application threads were stopped: 0.0003210 seconds, Stopping threads took: 0.0001462 seconds
[2022-06-13T03:21:45.593+0000][1][safepoint    ] Application time: 0.0000248 seconds
[2022-06-13T03:21:45.595+0000][1][safepoint    ] Entering safepoint region: RevokeBias
[2022-06-13T03:21:45.596+0000][1][safepoint    ] Leaving safepoint region
[2022-06-13T03:21:45.596+0000][1][safepoint    ] Total time for which application threads were stopped: 0.0006981 seconds, Stopping threads took: 0.0003184 seconds
[2022-06-13T03:21:45.597+0000][1][safepoint    ] Application time: 0.0002774 seconds
[2022-06-13T03:21:45.597+0000][1][safepoint    ] Entering safepoint region: RevokeBias
[2022-06-13T03:21:45.597+0000][1][safepoint    ] Leaving safepoint region
[2022-06-13T03:21:45.597+0000][1][safepoint    ] Total time for which application threads were stopped: 0.0003506 seconds, Stopping threads took: 0.0001436 seconds
[2022-06-13T03:21:45.597+0000][1][safepoint    ] Application time: 0.0001042 seconds
[2022-06-13T03:21:45.598+0000][1][safepoint    ] Entering safepoint region: RevokeBias
[2022-06-13T03:21:45.598+0000][1][safepoint    ] Leaving safepoint region
[2022-06-13T03:21:45.598+0000][1][safepoint    ] Total time for which application threads were stopped: 0.0003802 seconds, Stopping threads took: 0.0001716 seconds
[2022-06-13T03:21:45.598+0000][1][safepoint    ] Application time: 0.0000795 seconds
[2022-06-13T03:21:45.598+0000][1][safepoint    ] Entering safepoint region: RevokeBias
[2022-06-13T03:21:45.598+0000][1][safepoint    ] Leaving safepoint region
[2022-06-13T03:21:45.599+0000][1][safepoint    ] Total time for which application threads were stopped: 0.0003295 seconds, Stopping threads took: 0.0001458 seconds
[2022-06-13T03:21:45.599+0000][1][safepoint    ] Application time: 0.0000559 seconds
[2022-06-13T03:21:45.599+0000][1][safepoint    ] Entering safepoint region: RevokeBias
[2022-06-13T03:21:45.599+0000][1][safepoint    ] Leaving safepoint region
[2022-06-13T03:21:45.599+0000][1][safepoint    ] Total time for which application threads were stopped: 0.0003670 seconds, Stopping threads took: 0.0002074 seconds
[2022-06-13T03:21:45.600+0000][1][safepoint    ] Application time: 0.0001467 seconds
[2022-06-13T03:21:45.600+0000][1][safepoint    ] Entering safepoint region: RevokeBias
[2022-06-13T03:21:45.600+0000][1][safepoint    ] Leaving safepoint region
[2022-06-13T03:21:45.600+0000][1][safepoint    ] Total time for which application threads were stopped: 0.0003598 seconds, Stopping threads took: 0.0002098 seconds
[2022-06-13T03:21:45.600+0000][1][safepoint    ] Application time: 0.0000829 seconds
[2022-06-13T03:21:45.600+0000][1][safepoint    ] Entering safepoint region: RevokeBias
[2022-06-13T03:21:45.601+0000][1][safepoint    ] Leaving safepoint region
[2022-06-13T03:21:45.601+0000][1][safepoint    ] Total time for which application threads were stopped: 0.0003307 seconds, Stopping threads took: 0.0001697 seconds
[2022-06-13T03:21:45.601+0000][1][safepoint    ] Application time: 0.0001910 seconds
[2022-06-13T03:21:45.601+0000][1][safepoint    ] Entering safepoint region: RevokeBias
[2022-06-13T03:21:45.601+0000][1][safepoint    ] Leaving safepoint region
[2022-06-13T03:21:45.602+0000][1][safepoint    ] Total time for which application threads were stopped: 0.0003575 seconds, Stopping threads took: 0.0001971 seconds
[2022-06-13T03:21:45.602+0000][1][safepoint    ] Application time: 0.0000891 seconds
[2022-06-13T03:21:45.602+0000][1][safepoint    ] Entering safepoint region: RevokeBias
[2022-06-13T03:21:45.602+0000][1][safepoint    ] Leaving safepoint region
[2022-06-13T03:21:45.602+0000][1][safepoint    ] Total time for which application threads were stopped: 0.0003177 seconds, Stopping threads took: 0.0001288 seconds
[2022-06-13T03:21:45.739+0000][1][safepoint    ] Application time: 0.1369231 seconds
[2022-06-13T03:21:45.739+0000][1][safepoint    ] Entering safepoint region: Deoptimize
[2022-06-13T03:21:45.740+0000][1][safepoint    ] Leaving safepoint region
[2022-06-13T03:21:45.740+0000][1][safepoint    ] Total time for which application threads were stopped: 0.0007503 seconds, Stopping threads took: 0.0001322 seconds
[2022-06-13T03:21:45.837+0000][1][safepoint    ] Application time: 0.0962149 seconds
[2022-06-13T03:21:45.837+0000][1][safepoint    ] Entering safepoint region: RevokeBias
[2022-06-13T03:21:45.837+0000][1][safepoint    ] Leaving safepoint region
[2022-06-13T03:21:45.837+0000][1][safepoint    ] Total time for which application threads were stopped: 0.0005708 seconds, Stopping threads took: 0.0002321 seconds
[2022-06-13T03:21:45.915+0000][1][safepoint    ] Application time: 0.0768416 seconds
[2022-06-13T03:21:45.915+0000][1][safepoint    ] Entering safepoint region: RevokeBias
[2022-06-13T03:21:45.915+0000][1][safepoint    ] Leaving safepoint region
[2022-06-13T03:21:45.916+0000][1][safepoint    ] Total time for which application threads were stopped: 0.0004487 seconds, Stopping threads took: 0.0001854 seconds
[2022-06-13T03:21:45.918+0000][1][safepoint    ] Application time: 0.0025144 seconds
[2022-06-13T03:21:45.921+0000][1][safepoint    ] Entering safepoint region: RevokeBias
[2022-06-13T03:21:45.921+0000][1][safepoint    ] Leaving safepoint region
[2022-06-13T03:21:45.921+0000][1][safepoint    ] Total time for which application threads were stopped: 0.0006483 seconds, Stopping threads took: 0.0004182 seconds
[2022-06-13T03:21:45.945+0000][1][safepoint    ] Application time: 0.0237795 seconds
[2022-06-13T03:21:45.945+0000][1][safepoint    ] Entering safepoint region: GenCollectForAllocation
[2022-06-13T03:21:45.946+0000][1][gc,start     ] GC(1) Pause Young (Allocation Failure)
[2022-06-13T03:21:45.946+0000][1][gc,task      ] GC(1) Using 5 workers of 13 for evacuation
[2022-06-13T03:21:45.959+0000][1][gc,age       ] GC(1) Desired survivor size 4456448 bytes, new threshold 6 (max threshold 6)
[2022-06-13T03:21:45.959+0000][1][gc,age       ] GC(1) Age table with threshold 6 (max threshold 6)
[2022-06-13T03:21:45.959+0000][1][gc,age       ] GC(1) - age   1:    2296096 bytes,    2296096 total
[2022-06-13T03:21:45.959+0000][1][gc,heap      ] GC(1) ParNew: 76253K->4522K(78656K)
[2022-06-13T03:21:45.959+0000][1][gc,heap      ] GC(1) CMS: 0K->6706K(174784K)
[2022-06-13T03:21:45.960+0000][1][gc,metaspace ] GC(1) Metaspace: 14857K->14857K(1062912K)
[2022-06-13T03:21:45.960+0000][1][gc           ] GC(1) Pause Young (Allocation Failure) 74M->10M(247M) 14.143ms
[2022-06-13T03:21:45.960+0000][1][gc,cpu       ] GC(1) User=0.09s Sys=0.00s Real=0.02s
[2022-06-13T03:21:45.960+0000][1][safepoint    ] Leaving safepoint region
[2022-06-13T03:21:45.960+0000][1][safepoint    ] Total time for which application threads were stopped: 0.0148009 seconds, Stopping threads took: 0.0001739 seconds
[2022-06-13T03:21:45.960+0000][1][safepoint    ] Application time: 0.0002270 seconds
[2022-06-13T03:21:45.961+0000][1][safepoint    ] Entering safepoint region: RevokeBias
[2022-06-13T03:21:45.961+0000][1][safepoint    ] Leaving safepoint region
[2022-06-13T03:21:45.961+0000][1][safepoint    ] Total time for which application threads were stopped: 0.0005776 seconds, Stopping threads took: 0.0003660 seconds
[2022-06-13T03:21:45.961+0000][1][safepoint    ] Application time: 0.0001236 seconds
[2022-06-13T03:21:45.962+0000][1][safepoint    ] Entering safepoint region: RevokeBias
[2022-06-13T03:21:45.962+0000][1][safepoint    ] Leaving safepoint region
[2022-06-13T03:21:45.962+0000][1][safepoint    ] Total time for which application threads were stopped: 0.0003007 seconds, Stopping threads took: 0.0001339 seconds
[2022-06-13T03:21:45.962+0000][1][safepoint    ] Application time: 0.0001016 seconds
[2022-06-13T03:21:45.962+0000][1][safepoint    ] Entering safepoint region: RevokeBias
[2022-06-13T03:21:45.962+0000][1][safepoint    ] Leaving safepoint region
[2022-06-13T03:21:45.962+0000][1][safepoint    ] Total time for which application threads were stopped: 0.0002816 seconds, Stopping threads took: 0.0001256 seconds
[2022-06-13T03:21:45.963+0000][1][safepoint    ] Application time: 0.0000901 seconds
[2022-06-13T03:21:45.963+0000][1][safepoint    ] Entering safepoint region: RevokeBias
[2022-06-13T03:21:45.963+0000][1][safepoint    ] Leaving safepoint region
[2022-06-13T03:21:45.963+0000][1][safepoint    ] Total time for which application threads were stopped: 0.0002442 seconds, Stopping threads took: 0.0001133 seconds
[2022-06-13T03:21:45.963+0000][1][safepoint    ] Application time: 0.0000871 seconds
[2022-06-13T03:21:45.963+0000][1][safepoint    ] Entering safepoint region: RevokeBias
[2022-06-13T03:21:45.964+0000][1][safepoint    ] Leaving safepoint region
[2022-06-13T03:21:45.964+0000][1][safepoint    ] Total time for which application threads were stopped: 0.0002775 seconds, Stopping threads took: 0.0001203 seconds
[2022-06-13T03:21:45.964+0000][1][safepoint    ] Application time: 0.0000845 seconds
[2022-06-13T03:21:45.964+0000][1][safepoint    ] Entering safepoint region: RevokeBias
[2022-06-13T03:21:45.964+0000][1][safepoint    ] Leaving safepoint region
[2022-06-13T03:21:45.964+0000][1][safepoint    ] Total time for which application threads were stopped: 0.0003388 seconds, Stopping threads took: 0.0001592 seconds
[2022-06-13T03:21:45.965+0000][1][safepoint    ] Application time: 0.0000923 seconds
[2022-06-13T03:21:45.965+0000][1][safepoint    ] Entering safepoint region: RevokeBias
[2022-06-13T03:21:45.965+0000][1][safepoint    ] Leaving safepoint region
[2022-06-13T03:21:45.965+0000][1][safepoint    ] Total time for which application threads were stopped: 0.0004259 seconds, Stopping threads took: 0.0001989 seconds
[2022-06-13T03:21:45.965+0000][1][safepoint    ] Application time: 0.0000842 seconds
[2022-06-13T03:21:45.966+0000][1][safepoint    ] Entering safepoint region: RevokeBias
[2022-06-13T03:21:45.966+0000][1][safepoint    ] Leaving safepoint region
[2022-06-13T03:21:45.966+0000][1][safepoint    ] Total time for which application threads were stopped: 0.0003176 seconds, Stopping threads took: 0.0001568 seconds
[2022-06-13T03:21:45.966+0000][1][safepoint    ] Application time: 0.0001096 seconds
[2022-06-13T03:21:45.966+0000][1][safepoint    ] Entering safepoint region: BulkRevokeBias
[2022-06-13T03:21:45.967+0000][1][safepoint    ] Leaving safepoint region
[2022-06-13T03:21:45.967+0000][1][safepoint    ] Total time for which application threads were stopped: 0.0003888 seconds, Stopping threads took: 0.0001694 seconds
[2022-06-13T03:21:45.967+0000][1][safepoint    ] Application time: 0.0002335 seconds
[2022-06-13T03:21:45.967+0000][1][safepoint    ] Entering safepoint region: RevokeBias
[2022-06-13T03:21:45.968+0000][1][safepoint    ] Leaving safepoint region
[2022-06-13T03:21:45.968+0000][1][safepoint    ] Total time for which application threads were stopped: 0.0004572 seconds, Stopping threads took: 0.0002709 seconds
[2022-06-13T03:21:45.968+0000][1][safepoint    ] Application time: 0.0001763 seconds
[2022-06-13T03:21:45.968+0000][1][safepoint    ] Entering safepoint region: BulkRevokeBias
[2022-06-13T03:21:45.968+0000][1][safepoint    ] Leaving safepoint region
[2022-06-13T03:21:45.969+0000][1][safepoint    ] Total time for which application threads were stopped: 0.0004117 seconds, Stopping threads took: 0.0001857 seconds
[2022-06-13T03:21:46.073+0000][1][safepoint    ] Application time: 0.1039463 seconds
[2022-06-13T03:21:46.073+0000][1][safepoint    ] Entering safepoint region: GenCollectForAllocation
[2022-06-13T03:21:46.073+0000][1][gc,start     ] GC(2) Pause Young (Allocation Failure)
[2022-06-13T03:21:46.073+0000][1][gc,task      ] GC(2) Using 5 workers of 13 for evacuation
[2022-06-13T03:21:46.077+0000][1][gc,age       ] GC(2) Desired survivor size 4456448 bytes, new threshold 6 (max threshold 6)
[2022-06-13T03:21:46.077+0000][1][gc,age       ] GC(2) Age table with threshold 6 (max threshold 6)
[2022-06-13T03:21:46.078+0000][1][gc,age       ] GC(2) - age   1:    2759312 bytes,    2759312 total
[2022-06-13T03:21:46.078+0000][1][gc,age       ] GC(2) - age   2:    1150872 bytes,    3910184 total
[2022-06-13T03:21:46.078+0000][1][gc,heap      ] GC(2) ParNew: 74474K->4992K(78656K)
[2022-06-13T03:21:46.078+0000][1][gc,heap      ] GC(2) CMS: 6706K->6706K(174784K)
[2022-06-13T03:21:46.078+0000][1][gc,metaspace ] GC(2) Metaspace: 14997K->14997K(1062912K)
[2022-06-13T03:21:46.078+0000][1][gc           ] GC(2) Pause Young (Allocation Failure) 79M->11M(247M) 5.205ms
[2022-06-13T03:21:46.078+0000][1][gc,cpu       ] GC(2) User=0.02s Sys=0.00s Real=0.00s
[2022-06-13T03:21:46.079+0000][1][safepoint    ] Leaving safepoint region
[2022-06-13T03:21:46.079+0000][1][safepoint    ] Total time for which application threads were stopped: 0.0059112 seconds, Stopping threads took: 0.0001663 seconds
[2022-06-13T03:21:46.079+0000][1][safepoint    ] Application time: 0.0001617 seconds
[2022-06-13T03:21:46.079+0000][1][safepoint    ] Entering safepoint region: RevokeBias
[2022-06-13T03:21:46.080+0000][1][safepoint    ] Leaving safepoint region
[2022-06-13T03:21:46.080+0000][1][safepoint    ] Total time for which application threads were stopped: 0.0003885 seconds, Stopping threads took: 0.0002111 seconds
[2022-06-13T03:21:46.080+0000][1][safepoint    ] Application time: 0.0005851 seconds
[2022-06-13T03:21:46.081+0000][1][safepoint    ] Entering safepoint region: RevokeBias
[2022-06-13T03:21:46.081+0000][1][safepoint    ] Leaving safepoint region
[2022-06-13T03:21:46.081+0000][1][safepoint    ] Total time for which application threads were stopped: 0.0003252 seconds, Stopping threads took: 0.0001791 seconds
[2022-06-13T03:21:46.081+0000][1][safepoint    ] Application time: 0.0000916 seconds
[2022-06-13T03:21:46.081+0000][1][safepoint    ] Entering safepoint region: RevokeBias
[2022-06-13T03:21:46.081+0000][1][safepoint    ] Leaving safepoint region
[2022-06-13T03:21:46.082+0000][1][safepoint    ] Total time for which application threads were stopped: 0.0002543 seconds, Stopping threads took: 0.0001267 seconds
[2022-06-13T03:21:46.082+0000][1][safepoint    ] Application time: 0.0000613 seconds
[2022-06-13T03:21:46.082+0000][1][safepoint    ] Entering safepoint region: RevokeBias
[2022-06-13T03:21:46.082+0000][1][safepoint    ] Leaving safepoint region
[2022-06-13T03:21:46.082+0000][1][safepoint    ] Total time for which application threads were stopped: 0.0002302 seconds, Stopping threads took: 0.0000962 seconds
[2022-06-13T03:21:46.082+0000][1][safepoint    ] Application time: 0.0000750 seconds
[2022-06-13T03:21:46.082+0000][1][safepoint    ] Entering safepoint region: RevokeBias
[2022-06-13T03:21:46.083+0000][1][safepoint    ] Leaving safepoint region
[2022-06-13T03:21:46.083+0000][1][safepoint    ] Total time for which application threads were stopped: 0.0002280 seconds, Stopping threads took: 0.0000978 seconds
[2022-06-13T03:21:46.083+0000][1][safepoint    ] Application time: 0.0000684 seconds
[2022-06-13T03:21:46.083+0000][1][safepoint    ] Entering safepoint region: RevokeBias
[2022-06-13T03:21:46.083+0000][1][safepoint    ] Leaving safepoint region
[2022-06-13T03:21:46.083+0000][1][safepoint    ] Total time for which application threads were stopped: 0.0002861 seconds, Stopping threads took: 0.0001423 seconds
[2022-06-13T03:21:46.193+0000][1][safepoint    ] Application time: 0.1100657 seconds
[2022-06-13T03:21:46.194+0000][1][safepoint    ] Entering safepoint region: Deoptimize
[2022-06-13T03:21:46.194+0000][1][safepoint    ] Leaving safepoint region
[2022-06-13T03:21:46.194+0000][1][safepoint    ] Total time for which application threads were stopped: 0.0006913 seconds, Stopping threads took: 0.0001595 seconds
[2022-06-13T03:21:46.195+0000][1][safepoint    ] Application time: 0.0004678 seconds
[2022-06-13T03:21:46.195+0000][1][safepoint    ] Entering safepoint region: Deoptimize
[2022-06-13T03:21:46.196+0000][1][safepoint    ] Leaving safepoint region
[2022-06-13T03:21:46.196+0000][1][safepoint    ] Total time for which application threads were stopped: 0.0006994 seconds, Stopping threads took: 0.0001574 seconds
[2022-06-13T03:21:46.363+0000][1][safepoint    ] Application time: 0.1666463 seconds
[2022-06-13T03:21:46.363+0000][1][safepoint    ] Entering safepoint region: GenCollectForAllocation
[2022-06-13T03:21:46.363+0000][1][gc,start     ] GC(3) Pause Young (Allocation Failure)
[2022-06-13T03:21:46.363+0000][1][gc,task      ] GC(3) Using 5 workers of 13 for evacuation
[2022-06-13T03:21:46.366+0000][1][gc,age       ] GC(3) Desired survivor size 4456448 bytes, new threshold 3 (max threshold 6)
[2022-06-13T03:21:46.367+0000][1][gc,age       ] GC(3) Age table with threshold 3 (max threshold 6)
[2022-06-13T03:21:46.367+0000][1][gc,age       ] GC(3) - age   1:    3721520 bytes,    3721520 total
[2022-06-13T03:21:46.367+0000][1][gc,age       ] GC(3) - age   2:     294088 bytes,    4015608 total
[2022-06-13T03:21:46.367+0000][1][gc,age       ] GC(3) - age   3:    1147440 bytes,    5163048 total
[2022-06-13T03:21:46.367+0000][1][gc,heap      ] GC(3) ParNew: 74944K->7041K(78656K)
[2022-06-13T03:21:46.367+0000][1][gc,heap      ] GC(3) CMS: 6706K->6706K(174784K)
[2022-06-13T03:21:46.368+0000][1][gc,metaspace ] GC(3) Metaspace: 18491K->18491K(1067008K)
[2022-06-13T03:21:46.368+0000][1][gc           ] GC(3) Pause Young (Allocation Failure) 79M->13M(247M) 4.652ms
[2022-06-13T03:21:46.368+0000][1][gc,cpu       ] GC(3) User=0.01s Sys=0.00s Real=0.00s
[2022-06-13T03:21:46.368+0000][1][safepoint    ] Leaving safepoint region
[2022-06-13T03:21:46.368+0000][1][safepoint    ] Total time for which application threads were stopped: 0.0053037 seconds, Stopping threads took: 0.0001128 seconds
[2022-06-13T03:21:46.369+0000][1][safepoint    ] Application time: 0.0002261 seconds
[2022-06-13T03:21:46.369+0000][1][safepoint    ] Entering safepoint region: RevokeBias
[2022-06-13T03:21:46.369+0000][1][safepoint    ] Leaving safepoint region
[2022-06-13T03:21:46.369+0000][1][safepoint    ] Total time for which application threads were stopped: 0.0004253 seconds, Stopping threads took: 0.0002155 seconds
[2022-06-13T03:21:46.370+0000][1][safepoint    ] Application time: 0.0001068 seconds
[2022-06-13T03:21:46.370+0000][1][safepoint    ] Entering safepoint region: RevokeBias
[2022-06-13T03:21:46.370+0000][1][safepoint    ] Leaving safepoint region
[2022-06-13T03:21:46.370+0000][1][safepoint    ] Total time for which application threads were stopped: 0.0004713 seconds, Stopping threads took: 0.0001494 seconds
[2022-06-13T03:21:46.371+0000][1][safepoint    ] Application time: 0.0009023 seconds
[2022-06-13T03:21:46.372+0000][1][safepoint    ] Entering safepoint region: RevokeBias
[2022-06-13T03:21:46.372+0000][1][safepoint    ] Leaving safepoint region
[2022-06-13T03:21:46.372+0000][1][safepoint    ] Total time for which application threads were stopped: 0.0004545 seconds, Stopping threads took: 0.0002357 seconds
[2022-06-13T03:21:46.372+0000][1][safepoint    ] Application time: 0.0000432 seconds
[2022-06-13T03:21:46.372+0000][1][safepoint    ] Entering safepoint region: RevokeBias
[2022-06-13T03:21:46.372+0000][1][safepoint    ] Leaving safepoint region
[2022-06-13T03:21:46.373+0000][1][safepoint    ] Total time for which application threads were stopped: 0.0003321 seconds, Stopping threads took: 0.0001162 seconds
[2022-06-13T03:21:46.373+0000][1][safepoint    ] Application time: 0.0000997 seconds
[2022-06-13T03:21:46.373+0000][1][safepoint    ] Entering safepoint region: RevokeBias
[2022-06-13T03:21:46.373+0000][1][safepoint    ] Leaving safepoint region
[2022-06-13T03:21:46.373+0000][1][safepoint    ] Total time for which application threads were stopped: 0.0003406 seconds, Stopping threads took: 0.0001549 seconds
[2022-06-13T03:21:46.374+0000][1][safepoint    ] Application time: 0.0000461 seconds
[2022-06-13T03:21:46.374+0000][1][safepoint    ] Entering safepoint region: RevokeBias
[2022-06-13T03:21:46.374+0000][1][safepoint    ] Leaving safepoint region
[2022-06-13T03:21:46.374+0000][1][safepoint    ] Total time for which application threads were stopped: 0.0003617 seconds, Stopping threads took: 0.0001715 seconds
[2022-06-13T03:21:46.375+0000][1][safepoint    ] Application time: 0.0000560 seconds
[2022-06-13T03:21:46.375+0000][1][safepoint    ] Entering safepoint region: RevokeBias
[2022-06-13T03:21:46.376+0000][1][safepoint    ] Leaving safepoint region
[2022-06-13T03:21:46.376+0000][1][safepoint    ] Total time for which application threads were stopped: 0.0004017 seconds, Stopping threads took: 0.0002096 seconds
[2022-06-13T03:21:46.376+0000][1][safepoint    ] Application time: 0.0000846 seconds
[2022-06-13T03:21:46.376+0000][1][safepoint    ] Entering safepoint region: RevokeBias
[2022-06-13T03:21:46.376+0000][1][safepoint    ] Leaving safepoint region
[2022-06-13T03:21:46.376+0000][1][safepoint    ] Total time for which application threads were stopped: 0.0003202 seconds, Stopping threads took: 0.0001429 seconds
[2022-06-13T03:21:46.377+0000][1][safepoint    ] Application time: 0.0000793 seconds
[2022-06-13T03:21:46.377+0000][1][safepoint    ] Entering safepoint region: RevokeBias
[2022-06-13T03:21:46.377+0000][1][safepoint    ] Leaving safepoint region
[2022-06-13T03:21:46.377+0000][1][safepoint    ] Total time for which application threads were stopped: 0.0002754 seconds, Stopping threads took: 0.0001431 seconds
[2022-06-13T03:21:46.377+0000][1][safepoint    ] Application time: 0.0000811 seconds
[2022-06-13T03:21:46.377+0000][1][safepoint    ] Entering safepoint region: RevokeBias
[2022-06-13T03:21:46.377+0000][1][safepoint    ] Leaving safepoint region
[2022-06-13T03:21:46.378+0000][1][safepoint    ] Total time for which application threads were stopped: 0.0002765 seconds, Stopping threads took: 0.0001301 seconds
[2022-06-13T03:21:46.378+0000][1][safepoint    ] Application time: 0.0000879 seconds
[2022-06-13T03:21:46.378+0000][1][safepoint    ] Entering safepoint region: RevokeBias
[2022-06-13T03:21:46.378+0000][1][safepoint    ] Leaving safepoint region
[2022-06-13T03:21:46.378+0000][1][safepoint    ] Total time for which application threads were stopped: 0.0003041 seconds, Stopping threads took: 0.0001558 seconds
[2022-06-13T03:21:46.378+0000][1][safepoint    ] Application time: 0.0000834 seconds
[2022-06-13T03:21:46.379+0000][1][safepoint    ] Entering safepoint region: RevokeBias
[2022-06-13T03:21:46.379+0000][1][safepoint    ] Leaving safepoint region
[2022-06-13T03:21:46.379+0000][1][safepoint    ] Total time for which application threads were stopped: 0.0003255 seconds, Stopping threads took: 0.0001543 seconds
[2022-06-13T03:21:46.379+0000][1][safepoint    ] Application time: 0.0000850 seconds
[2022-06-13T03:21:46.379+0000][1][safepoint    ] Entering safepoint region: RevokeBias
[2022-06-13T03:21:46.379+0000][1][safepoint    ] Leaving safepoint region
[2022-06-13T03:21:46.380+0000][1][safepoint    ] Total time for which application threads were stopped: 0.0003090 seconds, Stopping threads took: 0.0001532 seconds
[2022-06-13T03:21:46.380+0000][1][safepoint    ] Application time: 0.0000871 seconds
[2022-06-13T03:21:46.380+0000][1][safepoint    ] Entering safepoint region: RevokeBias
[2022-06-13T03:21:46.380+0000][1][safepoint    ] Leaving safepoint region
[2022-06-13T03:21:46.380+0000][1][safepoint    ] Total time for which application threads were stopped: 0.0003190 seconds, Stopping threads took: 0.0001528 seconds
[2022-06-13T03:21:46.380+0000][1][safepoint    ] Application time: 0.0000708 seconds
[2022-06-13T03:21:46.381+0000][1][safepoint    ] Entering safepoint region: RevokeBias
[2022-06-13T03:21:46.381+0000][1][safepoint    ] Leaving safepoint region
[2022-06-13T03:21:46.381+0000][1][safepoint    ] Total time for which application threads were stopped: 0.0003684 seconds, Stopping threads took: 0.0001873 seconds
[2022-06-13T03:21:46.381+0000][1][safepoint    ] Application time: 0.0000675 seconds
[2022-06-13T03:21:46.381+0000][1][safepoint    ] Entering safepoint region: RevokeBias
[2022-06-13T03:21:46.381+0000][1][safepoint    ] Leaving safepoint region
[2022-06-13T03:21:46.382+0000][1][safepoint    ] Total time for which application threads were stopped: 0.0002695 seconds, Stopping threads took: 0.0001250 seconds
[2022-06-13T03:21:46.382+0000][1][safepoint    ] Application time: 0.0000802 seconds
[2022-06-13T03:21:46.382+0000][1][safepoint    ] Entering safepoint region: RevokeBias
[2022-06-13T03:21:46.382+0000][1][safepoint    ] Leaving safepoint region
[2022-06-13T03:21:46.382+0000][1][safepoint    ] Total time for which application threads were stopped: 0.0002581 seconds, Stopping threads took: 0.0001289 seconds
[2022-06-13T03:21:46.382+0000][1][safepoint    ] Application time: 0.0000984 seconds
[2022-06-13T03:21:46.382+0000][1][safepoint    ] Entering safepoint region: RevokeBias
[2022-06-13T03:21:46.383+0000][1][safepoint    ] Leaving safepoint region
[2022-06-13T03:21:46.383+0000][1][safepoint    ] Total time for which application threads were stopped: 0.0002700 seconds, Stopping threads took: 0.0001374 seconds
[2022-06-13T03:21:46.383+0000][1][safepoint    ] Application time: 0.0000654 seconds
[2022-06-13T03:21:46.383+0000][1][safepoint    ] Entering safepoint region: RevokeBias
[2022-06-13T03:21:46.383+0000][1][safepoint    ] Leaving safepoint region
[2022-06-13T03:21:46.383+0000][1][safepoint    ] Total time for which application threads were stopped: 0.0002510 seconds, Stopping threads took: 0.0001299 seconds
[2022-06-13T03:21:46.383+0000][1][safepoint    ] Application time: 0.0000773 seconds
[2022-06-13T03:21:46.384+0000][1][safepoint    ] Entering safepoint region: RevokeBias
[2022-06-13T03:21:46.384+0000][1][safepoint    ] Leaving safepoint region
[2022-06-13T03:21:46.384+0000][1][safepoint    ] Total time for which application threads were stopped: 0.0002882 seconds, Stopping threads took: 0.0001453 seconds
[2022-06-13T03:21:46.384+0000][1][safepoint    ] Application time: 0.0000799 seconds
[2022-06-13T03:21:46.384+0000][1][safepoint    ] Entering safepoint region: RevokeBias
[2022-06-13T03:21:46.384+0000][1][safepoint    ] Leaving safepoint region
[2022-06-13T03:21:46.384+0000][1][safepoint    ] Total time for which application threads were stopped: 0.0002821 seconds, Stopping threads took: 0.0001284 seconds
[2022-06-13T03:21:46.466+0000][1][safepoint    ] Application time: 0.0815677 seconds
[2022-06-13T03:21:46.466+0000][1][safepoint    ] Entering safepoint region: GenCollectForAllocation
[2022-06-13T03:21:46.467+0000][1][gc,start     ] GC(4) Pause Young (Allocation Failure)
[2022-06-13T03:21:46.467+0000][1][gc,task      ] GC(4) Using 5 workers of 13 for evacuation
[2022-06-13T03:21:46.471+0000][1][gc,age       ] GC(4) Desired survivor size 4456448 bytes, new threshold 2 (max threshold 6)
[2022-06-13T03:21:46.471+0000][1][gc,age       ] GC(4) Age table with threshold 2 (max threshold 6)
[2022-06-13T03:21:46.471+0000][1][gc,age       ] GC(4) - age   1:    1676656 bytes,    1676656 total
[2022-06-13T03:21:46.471+0000][1][gc,age       ] GC(4) - age   2:    3330312 bytes,    5006968 total
[2022-06-13T03:21:46.471+0000][1][gc,age       ] GC(4) - age   3:     293560 bytes,    5300528 total
[2022-06-13T03:21:46.472+0000][1][gc,heap      ] GC(4) ParNew: 76993K->6867K(78656K)
[2022-06-13T03:21:46.472+0000][1][gc,heap      ] GC(4) CMS: 6706K->7843K(174784K)
[2022-06-13T03:21:46.472+0000][1][gc,metaspace ] GC(4) Metaspace: 18686K->18686K(1067008K)
[2022-06-13T03:21:46.472+0000][1][gc           ] GC(4) Pause Young (Allocation Failure) 81M->14M(247M) 5.345ms
[2022-06-13T03:21:46.472+0000][1][gc,cpu       ] GC(4) User=0.04s Sys=0.00s Real=0.01s
[2022-06-13T03:21:46.472+0000][1][safepoint    ] Leaving safepoint region
[2022-06-13T03:21:46.474+0000][1][safepoint    ] Total time for which application threads were stopped: 0.0071278 seconds, Stopping threads took: 0.0001802 seconds
[2022-06-13T03:21:46.474+0000][1][safepoint    ] Application time: 0.0005532 seconds
[2022-06-13T03:21:46.474+0000][1][safepoint    ] Entering safepoint region: RevokeBias
[2022-06-13T03:21:46.475+0000][1][safepoint    ] Leaving safepoint region
[2022-06-13T03:21:46.475+0000][1][safepoint    ] Total time for which application threads were stopped: 0.0004366 seconds, Stopping threads took: 0.0002047 seconds
[2022-06-13T03:21:46.476+0000][1][safepoint    ] Application time: 0.0001013 seconds
[2022-06-13T03:21:46.476+0000][1][safepoint    ] Entering safepoint region: RevokeBias
[2022-06-13T03:21:46.476+0000][1][safepoint    ] Leaving safepoint region
[2022-06-13T03:21:46.476+0000][1][safepoint    ] Total time for which application threads were stopped: 0.0003529 seconds, Stopping threads took: 0.0001618 seconds
[2022-06-13T03:21:46.476+0000][1][safepoint    ] Application time: 0.0001083 seconds
[2022-06-13T03:21:46.477+0000][1][safepoint    ] Entering safepoint region: RevokeBias
[2022-06-13T03:21:46.477+0000][1][safepoint    ] Leaving safepoint region
[2022-06-13T03:21:46.477+0000][1][safepoint    ] Total time for which application threads were stopped: 0.0003426 seconds, Stopping threads took: 0.0001713 seconds
[2022-06-13T03:21:46.477+0000][1][safepoint    ] Application time: 0.0000839 seconds
[2022-06-13T03:21:46.477+0000][1][safepoint    ] Entering safepoint region: RevokeBias
[2022-06-13T03:21:46.478+0000][1][safepoint    ] Leaving safepoint region
[2022-06-13T03:21:46.478+0000][1][safepoint    ] Total time for which application threads were stopped: 0.0003237 seconds, Stopping threads took: 0.0001552 seconds
[2022-06-13T03:21:46.494+0000][1][safepoint    ] Application time: 0.0166034 seconds
[2022-06-13T03:21:46.495+0000][1][safepoint    ] Entering safepoint region: Deoptimize
[2022-06-13T03:21:46.495+0000][1][safepoint    ] Leaving safepoint region
[2022-06-13T03:21:46.495+0000][1][safepoint    ] Total time for which application threads were stopped: 0.0007780 seconds, Stopping threads took: 0.0001775 seconds
[2022-06-13T03:21:46.530+0000][1][safepoint    ] Application time: 0.0340365 seconds
[2022-06-13T03:21:46.530+0000][1][safepoint    ] Entering safepoint region: Deoptimize
[2022-06-13T03:21:46.530+0000][1][safepoint    ] Leaving safepoint region
[2022-06-13T03:21:46.531+0000][1][safepoint    ] Total time for which application threads were stopped: 0.0007028 seconds, Stopping threads took: 0.0001476 seconds
[2022-06-13T03:21:46.616+0000][1][safepoint    ] Application time: 0.0853826 seconds
[2022-06-13T03:21:46.616+0000][1][safepoint    ] Entering safepoint region: GenCollectForAllocation
[2022-06-13T03:21:46.617+0000][1][gc,start     ] GC(5) Pause Young (Allocation Failure)
[2022-06-13T03:21:46.617+0000][1][gc,task      ] GC(5) Using 5 workers of 13 for evacuation
[2022-06-13T03:21:46.625+0000][1][gc,age       ] GC(5) Desired survivor size 4456448 bytes, new threshold 6 (max threshold 6)
[2022-06-13T03:21:46.625+0000][1][gc,age       ] GC(5) Age table with threshold 6 (max threshold 6)
[2022-06-13T03:21:46.625+0000][1][gc,age       ] GC(5) - age   1:    2631096 bytes,    2631096 total
[2022-06-13T03:21:46.625+0000][1][gc,age       ] GC(5) - age   2:     446728 bytes,    3077824 total
[2022-06-13T03:21:46.625+0000][1][gc,heap      ] GC(5) ParNew: 76819K->4260K(78656K)
[2022-06-13T03:21:46.626+0000][1][gc,heap      ] GC(5) CMS: 7843K->11434K(174784K)
[2022-06-13T03:21:46.626+0000][1][gc,metaspace ] GC(5) Metaspace: 19032K->19032K(1067008K)
[2022-06-13T03:21:46.626+0000][1][gc           ] GC(5) Pause Young (Allocation Failure) 82M->15M(247M) 9.017ms
[2022-06-13T03:21:46.626+0000][1][gc,cpu       ] GC(5) User=0.03s Sys=0.00s Real=0.01s
[2022-06-13T03:21:46.626+0000][1][safepoint    ] Leaving safepoint region
[2022-06-13T03:21:46.626+0000][1][safepoint    ] Total time for which application threads were stopped: 0.0096486 seconds, Stopping threads took: 0.0001984 seconds
[2022-06-13T03:21:46.630+0000][1][safepoint    ] Application time: 0.0041924 seconds
[2022-06-13T03:21:46.631+0000][1][safepoint    ] Entering safepoint region: RevokeBias
[2022-06-13T03:21:46.632+0000][1][safepoint    ] Leaving safepoint region
[2022-06-13T03:21:46.632+0000][1][safepoint    ] Total time for which application threads were stopped: 0.0006143 seconds, Stopping threads took: 0.0003360 seconds
[2022-06-13T03:21:46.632+0000][1][safepoint    ] Application time: 0.0000500 seconds
[2022-06-13T03:21:46.632+0000][1][safepoint    ] Entering safepoint region: RevokeBias
[2022-06-13T03:21:46.632+0000][1][safepoint    ] Leaving safepoint region
[2022-06-13T03:21:46.633+0000][1][safepoint    ] Total time for which application threads were stopped: 0.0003400 seconds, Stopping threads took: 0.0001378 seconds
[2022-06-13T03:21:46.633+0000][1][safepoint    ] Application time: 0.0000492 seconds
[2022-06-13T03:21:46.633+0000][1][safepoint    ] Entering safepoint region: RevokeBias
[2022-06-13T03:21:46.633+0000][1][safepoint    ] Leaving safepoint region
[2022-06-13T03:21:46.633+0000][1][safepoint    ] Total time for which application threads were stopped: 0.0003280 seconds, Stopping threads took: 0.0001300 seconds
[2022-06-13T03:21:46.633+0000][1][safepoint    ] Application time: 0.0000851 seconds
[2022-06-13T03:21:46.634+0000][1][safepoint    ] Entering safepoint region: RevokeBias
[2022-06-13T03:21:46.634+0000][1][safepoint    ] Leaving safepoint region
[2022-06-13T03:21:46.634+0000][1][safepoint    ] Total time for which application threads were stopped: 0.0003314 seconds, Stopping threads took: 0.0001422 seconds
[2022-06-13T03:21:46.634+0000][1][safepoint    ] Application time: 0.0000919 seconds
[2022-06-13T03:21:46.634+0000][1][safepoint    ] Entering safepoint region: RevokeBias
[2022-06-13T03:21:46.634+0000][1][safepoint    ] Leaving safepoint region
[2022-06-13T03:21:46.635+0000][1][safepoint    ] Total time for which application threads were stopped: 0.0003737 seconds, Stopping threads took: 0.0001814 seconds
[2022-06-13T03:21:46.635+0000][1][safepoint    ] Application time: 0.0000767 seconds
[2022-06-13T03:21:46.635+0000][1][safepoint    ] Entering safepoint region: RevokeBias
[2022-06-13T03:21:46.635+0000][1][safepoint    ] Leaving safepoint region
[2022-06-13T03:21:46.636+0000][1][safepoint    ] Total time for which application threads were stopped: 0.0005958 seconds, Stopping threads took: 0.0001579 seconds
[2022-06-13T03:21:46.714+0000][1][safepoint    ] Application time: 0.0783722 seconds
[2022-06-13T03:21:46.714+0000][1][safepoint    ] Entering safepoint region: RevokeBias
[2022-06-13T03:21:46.715+0000][1][safepoint    ] Leaving safepoint region
[2022-06-13T03:21:46.715+0000][1][safepoint    ] Total time for which application threads were stopped: 0.0005441 seconds, Stopping threads took: 0.0002060 seconds
[2022-06-13T03:21:46.716+0000][1][safepoint    ] Application time: 0.0005500 seconds
[2022-06-13T03:21:46.716+0000][1][safepoint    ] Entering safepoint region: BulkRevokeBias
[2022-06-13T03:21:46.716+0000][1][safepoint    ] Leaving safepoint region
[2022-06-13T03:21:46.719+0000][1][safepoint    ] Total time for which application threads were stopped: 0.0031809 seconds, Stopping threads took: 0.0001287 seconds
[2022-06-13T03:21:46.743+0000][1][safepoint    ] Application time: 0.0239585 seconds
[2022-06-13T03:21:46.744+0000][1][safepoint    ] Entering safepoint region: GenCollectForAllocation
[2022-06-13T03:21:46.744+0000][1][gc,start     ] GC(6) Pause Young (Allocation Failure)
[2022-06-13T03:21:46.744+0000][1][gc,task      ] GC(6) Using 5 workers of 13 for evacuation
[2022-06-13T03:21:46.746+0000][1][gc,age       ] GC(6) Desired survivor size 4456448 bytes, new threshold 6 (max threshold 6)
[2022-06-13T03:21:46.746+0000][1][gc,age       ] GC(6) Age table with threshold 6 (max threshold 6)
[2022-06-13T03:21:46.746+0000][1][gc,age       ] GC(6) - age   1:    1610744 bytes,    1610744 total
[2022-06-13T03:21:46.747+0000][1][gc,age       ] GC(6) - age   2:    2195400 bytes,    3806144 total
[2022-06-13T03:21:46.747+0000][1][gc,age       ] GC(6) - age   3:     446728 bytes,    4252872 total
[2022-06-13T03:21:46.747+0000][1][gc,heap      ] GC(6) ParNew: 74212K->5233K(78656K)
[2022-06-13T03:21:46.747+0000][1][gc,heap      ] GC(6) CMS: 11434K->11434K(174784K)
[2022-06-13T03:21:46.747+0000][1][gc,metaspace ] GC(6) Metaspace: 19334K->19334K(1067008K)
[2022-06-13T03:21:46.747+0000][1][gc           ] GC(6) Pause Young (Allocation Failure) 83M->16M(247M) 3.298ms
[2022-06-13T03:21:46.747+0000][1][gc,cpu       ] GC(6) User=0.01s Sys=0.00s Real=0.00s
[2022-06-13T03:21:46.747+0000][1][safepoint    ] Leaving safepoint region
[2022-06-13T03:21:46.747+0000][1][safepoint    ] Total time for which application threads were stopped: 0.0039070 seconds, Stopping threads took: 0.0001941 seconds
[2022-06-13T03:21:46.748+0000][1][safepoint    ] Application time: 0.0001685 seconds
[2022-06-13T03:21:46.748+0000][1][safepoint    ] Entering safepoint region: BulkRevokeBias
[2022-06-13T03:21:46.748+0000][1][safepoint    ] Leaving safepoint region
[2022-06-13T03:21:46.749+0000][1][safepoint    ] Total time for which application threads were stopped: 0.0005372 seconds, Stopping threads took: 0.0001907 seconds
[2022-06-13T03:21:46.883+0000][1][safepoint    ] Application time: 0.1346963 seconds
[2022-06-13T03:21:46.884+0000][1][safepoint    ] Entering safepoint region: CollectForMetadataAllocation
[2022-06-13T03:21:46.884+0000][1][safepoint    ] Leaving safepoint region
[2022-06-13T03:21:46.884+0000][1][safepoint    ] Total time for which application threads were stopped: 0.0005335 seconds, Stopping threads took: 0.0002000 seconds
[2022-06-13T03:21:46.901+0000][1][safepoint    ] Application time: 0.0163670 seconds
[2022-06-13T03:21:46.901+0000][1][safepoint    ] Entering safepoint region: GenCollectForAllocation
[2022-06-13T03:21:46.901+0000][1][gc,start     ] GC(7) Pause Young (Allocation Failure)
[2022-06-13T03:21:46.902+0000][1][gc,task      ] GC(7) Using 5 workers of 13 for evacuation
[2022-06-13T03:21:46.907+0000][1][gc,age       ] GC(7) Desired survivor size 4456448 bytes, new threshold 4 (max threshold 6)
[2022-06-13T03:21:46.907+0000][1][gc,age       ] GC(7) Age table with threshold 4 (max threshold 6)
[2022-06-13T03:21:46.907+0000][1][gc,age       ] GC(7) - age   1:     696528 bytes,     696528 total
[2022-06-13T03:21:46.907+0000][1][gc,age       ] GC(7) - age   2:    1129536 bytes,    1826064 total
[2022-06-13T03:21:46.907+0000][1][gc,age       ] GC(7) - age   3:    2193392 bytes,    4019456 total
[2022-06-13T03:21:46.907+0000][1][gc,age       ] GC(7) - age   4:     446728 bytes,    4466184 total
[2022-06-13T03:21:46.907+0000][1][gc,heap      ] GC(7) ParNew: 75185K->6100K(78656K)
[2022-06-13T03:21:46.908+0000][1][gc,heap      ] GC(7) CMS: 11434K->11434K(174784K)
[2022-06-13T03:21:46.908+0000][1][gc,metaspace ] GC(7) Metaspace: 20163K->20163K(1069056K)
[2022-06-13T03:21:46.908+0000][1][gc           ] GC(7) Pause Young (Allocation Failure) 84M->17M(247M) 6.478ms
[2022-06-13T03:21:46.908+0000][1][gc,cpu       ] GC(7) User=0.02s Sys=0.00s Real=0.00s
[2022-06-13T03:21:46.908+0000][1][safepoint    ] Leaving safepoint region
[2022-06-13T03:21:46.908+0000][1][safepoint    ] Total time for which application threads were stopped: 0.0070352 seconds, Stopping threads took: 0.0001629 seconds
[2022-06-13T03:21:46.909+0000][1][safepoint    ] Application time: 0.0011164 seconds
[2022-06-13T03:21:46.909+0000][1][safepoint    ] Entering safepoint region: CMS_Initial_Mark
[2022-06-13T03:21:46.910+0000][1][gc,start     ] GC(8) Pause Initial Mark
[2022-06-13T03:21:46.911+0000][1][gc           ] GC(8) Pause Initial Mark 18M->18M(247M) 0.920ms
[2022-06-13T03:21:46.911+0000][1][gc,cpu       ] GC(8) User=0.00s Sys=0.01s Real=0.00s
[2022-06-13T03:21:46.911+0000][1][safepoint    ] Leaving safepoint region
[2022-06-13T03:21:46.911+0000][1][safepoint    ] Total time for which application threads were stopped: 0.0015991 seconds, Stopping threads took: 0.0001839 seconds
[2022-06-13T03:21:46.911+0000][1][gc           ] GC(8) Concurrent Mark
[2022-06-13T03:21:46.919+0000][1][gc,task      ] GC(8) Using 4 workers of 4 for marking
[2022-06-13T03:21:46.922+0000][1][safepoint    ] Application time: 0.0104635 seconds
[2022-06-13T03:21:46.923+0000][1][safepoint    ] Entering safepoint region: CollectForMetadataAllocation
[2022-06-13T03:21:46.923+0000][1][safepoint    ] Leaving safepoint region
[2022-06-13T03:21:46.924+0000][1][safepoint    ] Total time for which application threads were stopped: 0.0006451 seconds, Stopping threads took: 0.0002809 seconds
[2022-06-13T03:21:46.939+0000][1][safepoint    ] Application time: 0.0147673 seconds
[2022-06-13T03:21:46.939+0000][1][safepoint    ] Entering safepoint region: CollectForMetadataAllocation
[2022-06-13T03:21:46.939+0000][1][safepoint    ] Leaving safepoint region
[2022-06-13T03:21:46.940+0000][1][safepoint    ] Total time for which application threads were stopped: 0.0013140 seconds, Stopping threads took: 0.0002429 seconds
[2022-06-13T03:21:46.959+0000][1][gc           ] GC(8) Concurrent Mark 47.614ms
[2022-06-13T03:21:46.960+0000][1][gc,cpu       ] GC(8) User=0.13s Sys=0.00s Real=0.05s
[2022-06-13T03:21:46.960+0000][1][gc           ] GC(8) Concurrent Preclean
[2022-06-13T03:21:46.963+0000][1][gc           ] GC(8) Concurrent Preclean 3.375ms
[2022-06-13T03:21:46.965+0000][1][gc,cpu       ] GC(8) User=0.00s Sys=0.00s Real=0.00s
[2022-06-13T03:21:46.965+0000][1][gc           ] GC(8) Concurrent Abortable Preclean
[2022-06-13T03:21:47.049+0000][1][safepoint    ] Application time: 0.1087188 seconds
[2022-06-13T03:21:47.049+0000][1][safepoint    ] Entering safepoint region: GenCollectForAllocation
[2022-06-13T03:21:47.050+0000][1][gc,start     ] GC(9) Pause Young (Allocation Failure)
[2022-06-13T03:21:47.050+0000][1][gc,task      ] GC(9) Using 5 workers of 13 for evacuation
[2022-06-13T03:21:47.053+0000][1][gc,age       ] GC(9) Desired survivor size 4456448 bytes, new threshold 4 (max threshold 6)
[2022-06-13T03:21:47.053+0000][1][gc,age       ] GC(9) Age table with threshold 4 (max threshold 6)
[2022-06-13T03:21:47.053+0000][1][gc,age       ] GC(9) - age   1:    1005848 bytes,    1005848 total
[2022-06-13T03:21:47.054+0000][1][gc,age       ] GC(9) - age   2:     675616 bytes,    1681464 total
[2022-06-13T03:21:47.054+0000][1][gc,age       ] GC(9) - age   3:    1129440 bytes,    2810904 total
[2022-06-13T03:21:47.054+0000][1][gc,age       ] GC(9) - age   4:    2193104 bytes,    5004008 total
[2022-06-13T03:21:47.054+0000][1][gc,heap      ] GC(9) ParNew: 76052K->6519K(78656K)
[2022-06-13T03:21:47.054+0000][1][gc,heap      ] GC(9) CMS: 11434K->11875K(174784K)
[2022-06-13T03:21:47.054+0000][1][gc,metaspace ] GC(9) Metaspace: 20396K->20396K(1069056K)
[2022-06-13T03:21:47.054+0000][1][gc           ] GC(9) Pause Young (Allocation Failure) 85M->17M(247M) 4.715ms
[2022-06-13T03:21:47.054+0000][1][gc,cpu       ] GC(9) User=0.01s Sys=0.00s Real=0.00s
[2022-06-13T03:21:47.055+0000][1][safepoint    ] Leaving safepoint region
[2022-06-13T03:21:47.055+0000][1][safepoint    ] Total time for which application threads were stopped: 0.0052351 seconds, Stopping threads took: 0.0001188 seconds
[2022-06-13T03:21:47.128+0000][1][safepoint    ] Application time: 0.0736092 seconds
[2022-06-13T03:21:47.129+0000][1][safepoint    ] Entering safepoint region: GenCollectForAllocation
[2022-06-13T03:21:47.129+0000][1][gc,start     ] GC(10) Pause Young (Allocation Failure)
[2022-06-13T03:21:47.129+0000][1][gc,task      ] GC(10) Using 5 workers of 13 for evacuation
[2022-06-13T03:21:47.141+0000][1][gc,age       ] GC(10) Desired survivor size 4456448 bytes, new threshold 6 (max threshold 6)
[2022-06-13T03:21:47.141+0000][1][gc,age       ] GC(10) Age table with threshold 6 (max threshold 6)
[2022-06-13T03:21:47.141+0000][1][gc,age       ] GC(10) - age   1:     522960 bytes,     522960 total
[2022-06-13T03:21:47.141+0000][1][gc,age       ] GC(10) - age   2:     324376 bytes,     847336 total
[2022-06-13T03:21:47.141+0000][1][gc,age       ] GC(10) - age   3:     675496 bytes,    1522832 total
[2022-06-13T03:21:47.142+0000][1][gc,age       ] GC(10) - age   4:    1129440 bytes,    2652272 total
[2022-06-13T03:21:47.142+0000][1][gc,heap      ] GC(10) ParNew: 76471K->5156K(78656K)
[2022-06-13T03:21:47.142+0000][1][gc,heap      ] GC(10) CMS: 11875K->14063K(174784K)
[2022-06-13T03:21:47.142+0000][1][gc,metaspace ] GC(10) Metaspace: 20505K->20505K(1069056K)
[2022-06-13T03:21:47.142+0000][1][gc           ] GC(10) Pause Young (Allocation Failure) 86M->18M(247M) 13.367ms
[2022-06-13T03:21:47.142+0000][1][gc,cpu       ] GC(10) User=0.05s Sys=0.00s Real=0.02s
[2022-06-13T03:21:47.143+0000][1][safepoint    ] Leaving safepoint region
[2022-06-13T03:21:47.143+0000][1][safepoint    ] Total time for which application threads were stopped: 0.0140916 seconds, Stopping threads took: 0.0001833 seconds
[2022-06-13T03:21:47.234+0000][1][safepoint    ] Application time: 0.0911336 seconds
[2022-06-13T03:21:47.234+0000][1][safepoint    ] Entering safepoint region: GenCollectForAllocation
[2022-06-13T03:21:47.234+0000][1][gc,start     ] GC(11) Pause Young (Allocation Failure)
[2022-06-13T03:21:47.234+0000][1][gc,task      ] GC(11) Using 5 workers of 13 for evacuation
[2022-06-13T03:21:47.237+0000][1][gc,age       ] GC(11) Desired survivor size 4456448 bytes, new threshold 6 (max threshold 6)
[2022-06-13T03:21:47.238+0000][1][gc,age       ] GC(11) Age table with threshold 6 (max threshold 6)
[2022-06-13T03:21:47.238+0000][1][gc,age       ] GC(11) - age   1:    1981664 bytes,    1981664 total
[2022-06-13T03:21:47.238+0000][1][gc,age       ] GC(11) - age   2:      99544 bytes,    2081208 total
[2022-06-13T03:21:47.238+0000][1][gc,age       ] GC(11) - age   3:     324376 bytes,    2405584 total
[2022-06-13T03:21:47.238+0000][1][gc,age       ] GC(11) - age   4:     675344 bytes,    3080928 total
[2022-06-13T03:21:47.239+0000][1][gc,age       ] GC(11) - age   5:    1129152 bytes,    4210080 total
[2022-06-13T03:21:47.239+0000][1][gc,heap      ] GC(11) ParNew: 75108K->4942K(78656K)
[2022-06-13T03:21:47.239+0000][1][gc,heap      ] GC(11) CMS: 14063K->14063K(174784K)
[2022-06-13T03:21:47.239+0000][1][gc,metaspace ] GC(11) Metaspace: 20581K->20581K(1069056K)
[2022-06-13T03:21:47.240+0000][1][gc           ] GC(11) Pause Young (Allocation Failure) 87M->18M(247M) 5.334ms
[2022-06-13T03:21:47.240+0000][1][gc,cpu       ] GC(11) User=0.03s Sys=0.00s Real=0.01s
[2022-06-13T03:21:47.240+0000][1][safepoint    ] Leaving safepoint region
[2022-06-13T03:21:47.240+0000][1][safepoint    ] Total time for which application threads were stopped: 0.0060802 seconds, Stopping threads took: 0.0001473 seconds
[2022-06-13T03:21:47.279+0000][1][safepoint    ] Application time: 0.0385956 seconds
[2022-06-13T03:21:47.279+0000][1][safepoint    ] Entering safepoint region: CollectForMetadataAllocation
[2022-06-13T03:21:47.279+0000][1][safepoint    ] Leaving safepoint region
[2022-06-13T03:21:47.280+0000][1][safepoint    ] Total time for which application threads were stopped: 0.0003455 seconds, Stopping threads took: 0.0001302 seconds
[2022-06-13T03:21:47.293+0000][1][gc           ] GC(8) Concurrent Abortable Preclean 328.018ms
[2022-06-13T03:21:47.297+0000][1][gc,cpu       ] GC(8) User=1.05s Sys=0.00s Real=0.33s
[2022-06-13T03:21:47.297+0000][1][safepoint    ] Application time: 0.0175042 seconds
[2022-06-13T03:21:47.297+0000][1][safepoint    ] Entering safepoint region: CMS_Final_Remark
[2022-06-13T03:21:47.298+0000][1][gc,start     ] GC(8) Pause Remark
[2022-06-13T03:21:47.306+0000][1][gc           ] GC(8) Pause Remark 54M->54M(247M) 8.798ms
[2022-06-13T03:21:47.307+0000][1][gc,cpu       ] GC(8) User=0.03s Sys=0.01s Real=0.01s
[2022-06-13T03:21:47.307+0000][1][safepoint    ] Leaving safepoint region
[2022-06-13T03:21:47.307+0000][1][safepoint    ] Total time for which application threads were stopped: 0.0095791 seconds, Stopping threads took: 0.0001927 seconds
[2022-06-13T03:21:47.307+0000][1][gc           ] GC(8) Concurrent Sweep
[2022-06-13T03:21:47.311+0000][1][gc           ] GC(8) Concurrent Sweep 4.208ms
[2022-06-13T03:21:47.312+0000][1][gc,cpu       ] GC(8) User=0.02s Sys=0.00s Real=0.01s
[2022-06-13T03:21:47.312+0000][1][gc           ] GC(8) Concurrent Reset
[2022-06-13T03:21:47.312+0000][1][gc           ] GC(8) Concurrent Reset 0.452ms
[2022-06-13T03:21:47.312+0000][1][gc,cpu       ] GC(8) User=0.00s Sys=0.00s Real=0.00s
[2022-06-13T03:21:47.312+0000][1][gc,heap      ] GC(8) Old: 11434K->14038K(174784K)
[2022-06-13T03:21:47.529+0000][1][safepoint    ] Application time: 0.2224152 seconds
[2022-06-13T03:21:47.530+0000][1][safepoint    ] Entering safepoint region: Deoptimize
[2022-06-13T03:21:47.531+0000][1][safepoint    ] Leaving safepoint region
[2022-06-13T03:21:47.531+0000][1][safepoint    ] Total time for which application threads were stopped: 0.0013391 seconds, Stopping threads took: 0.0001024 seconds
[2022-06-13T03:21:47.586+0000][1][safepoint    ] Application time: 0.0549433 seconds
[2022-06-13T03:21:47.586+0000][1][safepoint    ] Entering safepoint region: Deoptimize
[2022-06-13T03:21:47.587+0000][1][safepoint    ] Leaving safepoint region
[2022-06-13T03:21:47.587+0000][1][safepoint    ] Total time for which application threads were stopped: 0.0006789 seconds, Stopping threads took: 0.0000929 seconds
[2022-06-13T03:21:47.597+0000][1][safepoint    ] Application time: 0.0098687 seconds
[2022-06-13T03:21:47.597+0000][1][safepoint    ] Entering safepoint region: RevokeBias
[2022-06-13T03:21:47.597+0000][1][safepoint    ] Leaving safepoint region
[2022-06-13T03:21:47.597+0000][1][safepoint    ] Total time for which application threads were stopped: 0.0003208 seconds, Stopping threads took: 0.0001275 seconds
[2022-06-13T03:21:47.598+0000][1][safepoint    ] Application time: 0.0000694 seconds
[2022-06-13T03:21:47.598+0000][1][safepoint    ] Entering safepoint region: RevokeBias
[2022-06-13T03:21:47.598+0000][1][safepoint    ] Leaving safepoint region
[2022-06-13T03:21:47.598+0000][1][safepoint    ] Total time for which application threads were stopped: 0.0003738 seconds, Stopping threads took: 0.0001506 seconds
[2022-06-13T03:21:47.599+0000][1][safepoint    ] Application time: 0.0004165 seconds
[2022-06-13T03:21:47.599+0000][1][safepoint    ] Entering safepoint region: Deoptimize
[2022-06-13T03:21:47.599+0000][1][safepoint    ] Leaving safepoint region
[2022-06-13T03:21:47.600+0000][1][safepoint    ] Total time for which application threads were stopped: 0.0010428 seconds, Stopping threads took: 0.0003027 seconds
[2022-06-13T03:21:47.604+0000][1][safepoint    ] Application time: 0.0040850 seconds
[2022-06-13T03:21:47.604+0000][1][safepoint    ] Entering safepoint region: Deoptimize
[2022-06-13T03:21:47.605+0000][1][safepoint    ] Leaving safepoint region
[2022-06-13T03:21:47.605+0000][1][safepoint    ] Total time for which application threads were stopped: 0.0007073 seconds, Stopping threads took: 0.0001453 seconds
[2022-06-13T03:21:47.702+0000][1][safepoint    ] Application time: 0.0968764 seconds
[2022-06-13T03:21:47.702+0000][1][safepoint    ] Entering safepoint region: GenCollectForAllocation
[2022-06-13T03:21:47.703+0000][1][gc,start     ] GC(12) Pause Young (Allocation Failure)
[2022-06-13T03:21:47.703+0000][1][gc,task      ] GC(12) Using 5 workers of 13 for evacuation
[2022-06-13T03:21:47.709+0000][1][gc,age       ] GC(12) Desired survivor size 4456448 bytes, new threshold 4 (max threshold 6)
[2022-06-13T03:21:47.710+0000][1][gc,age       ] GC(12) Age table with threshold 4 (max threshold 6)
[2022-06-13T03:21:47.710+0000][1][gc,age       ] GC(12) - age   1:    3897728 bytes,    3897728 total
[2022-06-13T03:21:47.710+0000][1][gc,age       ] GC(12) - age   2:     344344 bytes,    4242072 total
[2022-06-13T03:21:47.710+0000][1][gc,age       ] GC(12) - age   3:      99248 bytes,    4341320 total
[2022-06-13T03:21:47.710+0000][1][gc,age       ] GC(12) - age   4:     324312 bytes,    4665632 total
[2022-06-13T03:21:47.711+0000][1][gc,age       ] GC(12) - age   5:     670048 bytes,    5335680 total
[2022-06-13T03:21:47.711+0000][1][gc,age       ] GC(12) - age   6:    1128992 bytes,    6464672 total
[2022-06-13T03:21:47.711+0000][1][gc,heap      ] GC(12) ParNew: 74894K->7439K(78656K)
[2022-06-13T03:21:47.711+0000][1][gc,heap      ] GC(12) CMS: 14038K->14038K(174784K)
[2022-06-13T03:21:47.711+0000][1][gc,metaspace ] GC(12) Metaspace: 26435K->26435K(1073152K)
[2022-06-13T03:21:47.711+0000][1][gc           ] GC(12) Pause Young (Allocation Failure) 86M->20M(247M) 8.789ms
[2022-06-13T03:21:47.711+0000][1][gc,cpu       ] GC(12) User=0.05s Sys=0.01s Real=0.01s
[2022-06-13T03:21:47.712+0000][1][safepoint    ] Leaving safepoint region
[2022-06-13T03:21:47.712+0000][1][safepoint    ] Total time for which application threads were stopped: 0.0095952 seconds, Stopping threads took: 0.0002064 seconds
[2022-06-13T03:21:47.956+0000][1][safepoint    ] Application time: 0.2437370 seconds
[2022-06-13T03:21:47.956+0000][1][safepoint    ] Entering safepoint region: RevokeBias
[2022-06-13T03:21:47.960+0000][1][safepoint    ] Leaving safepoint region
[2022-06-13T03:21:47.961+0000][1][safepoint    ] Total time for which application threads were stopped: 0.0051936 seconds, Stopping threads took: 0.0031797 seconds
[2022-06-13T03:21:48.076+0000][1][safepoint    ] Application time: 0.1129266 seconds
[2022-06-13T03:21:48.077+0000][1][safepoint    ] Entering safepoint region: Deoptimize
[2022-06-13T03:21:48.079+0000][1][safepoint    ] Leaving safepoint region
[2022-06-13T03:21:48.080+0000][1][safepoint    ] Total time for which application threads were stopped: 0.0026885 seconds, Stopping threads took: 0.0009717 seconds
[2022-06-13T03:21:48.608+0000][1][safepoint    ] Application time: 0.5261746 seconds
[2022-06-13T03:21:48.619+0000][1][safepoint    ] Entering safepoint region: GenCollectForAllocation
[2022-06-13T03:21:48.621+0000][1][gc,start     ] GC(13) Pause Young (Allocation Failure)
[2022-06-13T03:21:48.622+0000][1][gc,task      ] GC(13) Using 5 workers of 13 for evacuation
[2022-06-13T03:21:48.662+0000][1][gc,age       ] GC(13) Desired survivor size 4456448 bytes, new threshold 1 (max threshold 6)
[2022-06-13T03:21:48.662+0000][1][gc,age       ] GC(13) Age table with threshold 1 (max threshold 6)
[2022-06-13T03:21:48.662+0000][1][gc,age       ] GC(13) - age   1:    4717144 bytes,    4717144 total
[2022-06-13T03:21:48.662+0000][1][gc,age       ] GC(13) - age   2:    3751784 bytes,    8468928 total
[2022-06-13T03:21:48.662+0000][1][gc,age       ] GC(13) - age   3:     344344 bytes,    8813272 total
[2022-06-13T03:21:48.662+0000][1][gc,age       ] GC(13) - age   4:      99248 bytes,    8912520 total
[2022-06-13T03:21:48.663+0000][1][gc,heap      ] GC(13) ParNew: 77391K->8704K(78656K)
[2022-06-13T03:21:48.663+0000][1][gc,heap      ] GC(13) CMS: 14038K->26394K(174784K)
[2022-06-13T03:21:48.663+0000][1][gc,metaspace ] GC(13) Metaspace: 27090K->27090K(1075200K)
[2022-06-13T03:21:48.663+0000][1][gc           ] GC(13) Pause Young (Allocation Failure) 89M->34M(247M) 41.469ms
[2022-06-13T03:21:48.663+0000][1][gc,cpu       ] GC(13) User=0.17s Sys=0.00s Real=0.04s
[2022-06-13T03:21:48.663+0000][1][safepoint    ] Leaving safepoint region
[2022-06-13T03:21:48.663+0000][1][safepoint    ] Total time for which application threads were stopped: 0.0440889 seconds, Stopping threads took: 0.0021528 seconds
[2022-06-13T03:21:49.147+0000][1][safepoint    ] Application time: 0.4839665 seconds
[2022-06-13T03:21:49.149+0000][1][safepoint    ] Entering safepoint region: GenCollectForAllocation
[2022-06-13T03:21:49.149+0000][1][gc,start     ] GC(14) Pause Young (Allocation Failure)
[2022-06-13T03:21:49.150+0000][1][gc,task      ] GC(14) Using 5 workers of 13 for evacuation
[2022-06-13T03:21:49.189+0000][1][gc,age       ] GC(14) Desired survivor size 4456448 bytes, new threshold 1 (max threshold 6)
[2022-06-13T03:21:49.189+0000][1][gc,age       ] GC(14) Age table with threshold 1 (max threshold 6)
[2022-06-13T03:21:49.190+0000][1][gc,age       ] GC(14) - age   1:    8675696 bytes,    8675696 total
[2022-06-13T03:21:49.190+0000][1][gc,heap      ] GC(14) ParNew: 78656K->8704K(78656K)
[2022-06-13T03:21:49.190+0000][1][gc,heap      ] GC(14) CMS: 26394K->40386K(174784K)
[2022-06-13T03:21:49.190+0000][1][gc,metaspace ] GC(14) Metaspace: 27119K->27119K(1075200K)
[2022-06-13T03:21:49.190+0000][1][gc           ] GC(14) Pause Young (Allocation Failure) 102M->47M(247M) 40.633ms
[2022-06-13T03:21:49.190+0000][1][gc,cpu       ] GC(14) User=0.14s Sys=0.00s Real=0.04s
[2022-06-13T03:21:49.190+0000][1][safepoint    ] Leaving safepoint region
[2022-06-13T03:21:49.190+0000][1][safepoint    ] Total time for which application threads were stopped: 0.0415952 seconds, Stopping threads took: 0.0004939 seconds
[2022-06-13T03:21:49.387+0000][1][safepoint    ] Application time: 0.1961177 seconds
[2022-06-13T03:21:49.399+0000][1][safepoint    ] Entering safepoint region: RevokeBias
[2022-06-13T03:21:49.400+0000][1][safepoint    ] Leaving safepoint region
[2022-06-13T03:21:49.400+0000][1][safepoint    ] Total time for which application threads were stopped: 0.0128629 seconds, Stopping threads took: 0.0124633 seconds
[2022-06-13T03:21:49.696+0000][1][safepoint    ] Application time: 0.2961241 seconds
[2022-06-13T03:21:49.701+0000][1][safepoint    ] Entering safepoint region: RevokeBias
[2022-06-13T03:21:49.702+0000][1][safepoint    ] Leaving safepoint region
[2022-06-13T03:21:49.702+0000][1][safepoint    ] Total time for which application threads were stopped: 0.0012831 seconds, Stopping threads took: 0.0009423 seconds
[2022-06-13T03:21:49.911+0000][1][safepoint    ] Application time: 0.2091376 seconds
[2022-06-13T03:21:49.912+0000][1][safepoint    ] Entering safepoint region: GenCollectForAllocation
[2022-06-13T03:21:49.912+0000][1][gc,start     ] GC(15) Pause Young (Allocation Failure)
[2022-06-13T03:21:49.912+0000][1][gc,task      ] GC(15) Using 5 workers of 13 for evacuation
[2022-06-13T03:21:49.925+0000][1][gc,age       ] GC(15) Desired survivor size 4456448 bytes, new threshold 1 (max threshold 6)
[2022-06-13T03:21:49.926+0000][1][gc,age       ] GC(15) Age table with threshold 1 (max threshold 6)
[2022-06-13T03:21:49.926+0000][1][gc,age       ] GC(15) - age   1:    6489784 bytes,    6489784 total
[2022-06-13T03:21:49.926+0000][1][gc,heap      ] GC(15) ParNew: 78656K->8704K(78656K)
[2022-06-13T03:21:49.926+0000][1][gc,heap      ] GC(15) CMS: 40386K->49596K(174784K)
[2022-06-13T03:21:49.926+0000][1][gc,metaspace ] GC(15) Metaspace: 32634K->32634K(1079296K)
[2022-06-13T03:21:49.926+0000][1][gc           ] GC(15) Pause Young (Allocation Failure) 116M->56M(247M) 14.170ms
[2022-06-13T03:21:49.927+0000][1][gc,cpu       ] GC(15) User=0.08s Sys=0.00s Real=0.01s
[2022-06-13T03:21:49.927+0000][1][safepoint    ] Leaving safepoint region
[2022-06-13T03:21:49.927+0000][1][safepoint    ] Total time for which application threads were stopped: 0.0149722 seconds, Stopping threads took: 0.0002468 seconds
[2022-06-13T03:21:49.999+0000][1][safepoint    ] Application time: 0.0718851 seconds
[2022-06-13T03:21:49.999+0000][1][safepoint    ] Entering safepoint region: GenCollectForAllocation
[2022-06-13T03:21:49.999+0000][1][gc,start     ] GC(16) Pause Young (Allocation Failure)
[2022-06-13T03:21:50.000+0000][1][gc,task      ] GC(16) Using 5 workers of 13 for evacuation
[2022-06-13T03:21:50.009+0000][1][gc,age       ] GC(16) Desired survivor size 4456448 bytes, new threshold 6 (max threshold 6)
[2022-06-13T03:21:50.009+0000][1][gc,age       ] GC(16) Age table with threshold 6 (max threshold 6)
[2022-06-13T03:21:50.009+0000][1][gc,age       ] GC(16) - age   1:     204160 bytes,     204160 total
[2022-06-13T03:21:50.009+0000][1][gc,heap      ] GC(16) ParNew: 78656K->6824K(78656K)
[2022-06-13T03:21:50.010+0000][1][gc,heap      ] GC(16) CMS: 49596K->55908K(174784K)
[2022-06-13T03:21:50.010+0000][1][gc,metaspace ] GC(16) Metaspace: 32888K->32888K(1079296K)
[2022-06-13T03:21:50.010+0000][1][gc           ] GC(16) Pause Young (Allocation Failure) 125M->61M(247M) 10.405ms
[2022-06-13T03:21:50.010+0000][1][gc,cpu       ] GC(16) User=0.03s Sys=0.00s Real=0.01s
[2022-06-13T03:21:50.017+0000][1][safepoint    ] Leaving safepoint region
[2022-06-13T03:21:50.017+0000][1][safepoint    ] Total time for which application threads were stopped: 0.0180303 seconds, Stopping threads took: 0.0001840 seconds
[2022-06-13T03:21:50.052+0000][1][safepoint    ] Application time: 0.0343533 seconds
[2022-06-13T03:21:50.052+0000][1][safepoint    ] Entering safepoint region: RevokeBias
[2022-06-13T03:21:50.052+0000][1][safepoint    ] Leaving safepoint region
[2022-06-13T03:21:50.053+0000][1][safepoint    ] Total time for which application threads were stopped: 0.0004443 seconds, Stopping threads took: 0.0002085 seconds
[2022-06-13T03:21:50.247+0000][1][safepoint    ] Application time: 0.1938468 seconds
[2022-06-13T03:21:50.247+0000][1][safepoint    ] Entering safepoint region: CollectForMetadataAllocation
[2022-06-13T03:21:50.247+0000][1][safepoint    ] Leaving safepoint region
[2022-06-13T03:21:50.247+0000][1][safepoint    ] Total time for which application threads were stopped: 0.0004821 seconds, Stopping threads took: 0.0001772 seconds
[2022-06-13T03:21:50.260+0000][1][safepoint    ] Application time: 0.0128560 seconds
[2022-06-13T03:21:50.261+0000][1][safepoint    ] Entering safepoint region: CollectForMetadataAllocation
[2022-06-13T03:21:50.261+0000][1][safepoint    ] Leaving safepoint region
[2022-06-13T03:21:50.261+0000][1][safepoint    ] Total time for which application threads were stopped: 0.0005012 seconds, Stopping threads took: 0.0001922 seconds
[2022-06-13T03:21:50.274+0000][1][safepoint    ] Application time: 0.0126857 seconds
[2022-06-13T03:21:50.274+0000][1][safepoint    ] Entering safepoint region: CollectForMetadataAllocation
[2022-06-13T03:21:50.275+0000][1][safepoint    ] Leaving safepoint region
[2022-06-13T03:21:50.276+0000][1][safepoint    ] Total time for which application threads were stopped: 0.0015174 seconds, Stopping threads took: 0.0001861 seconds
[2022-06-13T03:21:50.293+0000][1][safepoint    ] Application time: 0.0170350 seconds
[2022-06-13T03:21:50.294+0000][1][safepoint    ] Entering safepoint region: CollectForMetadataAllocation
[2022-06-13T03:21:50.294+0000][1][safepoint    ] Leaving safepoint region
[2022-06-13T03:21:50.294+0000][1][safepoint    ] Total time for which application threads were stopped: 0.0004643 seconds, Stopping threads took: 0.0001811 seconds
[2022-06-13T03:21:50.306+0000][1][safepoint    ] Application time: 0.0116317 seconds
[2022-06-13T03:21:50.306+0000][1][safepoint    ] Entering safepoint region: CollectForMetadataAllocation
[2022-06-13T03:21:50.307+0000][1][safepoint    ] Leaving safepoint region
[2022-06-13T03:21:50.307+0000][1][safepoint    ] Total time for which application threads were stopped: 0.0006073 seconds, Stopping threads took: 0.0002212 seconds
[2022-06-13T03:21:50.334+0000][1][safepoint    ] Application time: 0.0273394 seconds
[2022-06-13T03:21:50.335+0000][1][safepoint    ] Entering safepoint region: CollectForMetadataAllocation
[2022-06-13T03:21:50.335+0000][1][safepoint    ] Leaving safepoint region
[2022-06-13T03:21:50.335+0000][1][safepoint    ] Total time for which application threads were stopped: 0.0004972 seconds, Stopping threads took: 0.0001887 seconds
[2022-06-13T03:21:50.355+0000][1][safepoint    ] Application time: 0.0192926 seconds
[2022-06-13T03:21:50.355+0000][1][safepoint    ] Entering safepoint region: CollectForMetadataAllocation
[2022-06-13T03:21:50.355+0000][1][safepoint    ] Leaving safepoint region
[2022-06-13T03:21:50.355+0000][1][safepoint    ] Total time for which application threads were stopped: 0.0004392 seconds, Stopping threads took: 0.0001662 seconds
[2022-06-13T03:21:50.364+0000][1][safepoint    ] Application time: 0.0082984 seconds
[2022-06-13T03:21:50.364+0000][1][safepoint    ] Entering safepoint region: RevokeBias
[2022-06-13T03:21:50.364+0000][1][safepoint    ] Leaving safepoint region
[2022-06-13T03:21:50.364+0000][1][safepoint    ] Total time for which application threads were stopped: 0.0003606 seconds, Stopping threads took: 0.0001480 seconds
[2022-06-13T03:21:50.371+0000][1][safepoint    ] Application time: 0.0063141 seconds
[2022-06-13T03:21:50.371+0000][1][safepoint    ] Entering safepoint region: CollectForMetadataAllocation
[2022-06-13T03:21:50.371+0000][1][safepoint    ] Leaving safepoint region
[2022-06-13T03:21:50.371+0000][1][safepoint    ] Total time for which application threads were stopped: 0.0004334 seconds, Stopping threads took: 0.0001348 seconds
[2022-06-13T03:21:50.390+0000][1][safepoint    ] Application time: 0.0183675 seconds
[2022-06-13T03:21:50.390+0000][1][safepoint    ] Entering safepoint region: CollectForMetadataAllocation
[2022-06-13T03:21:50.391+0000][1][safepoint    ] Leaving safepoint region
[2022-06-13T03:21:50.391+0000][1][safepoint    ] Total time for which application threads were stopped: 0.0004291 seconds, Stopping threads took: 0.0001667 seconds
[2022-06-13T03:21:50.403+0000][1][safepoint    ] Application time: 0.0119766 seconds
[2022-06-13T03:21:50.403+0000][1][safepoint    ] Entering safepoint region: CollectForMetadataAllocation
[2022-06-13T03:21:50.403+0000][1][safepoint    ] Leaving safepoint region
[2022-06-13T03:21:50.403+0000][1][safepoint    ] Total time for which application threads were stopped: 0.0004090 seconds, Stopping threads took: 0.0001770 seconds
[2022-06-13T03:21:50.424+0000][1][safepoint    ] Application time: 0.0202827 seconds
[2022-06-13T03:21:50.424+0000][1][safepoint    ] Entering safepoint region: CollectForMetadataAllocation
[2022-06-13T03:21:50.424+0000][1][safepoint    ] Leaving safepoint region
[2022-06-13T03:21:50.424+0000][1][safepoint    ] Total time for which application threads were stopped: 0.0004029 seconds, Stopping threads took: 0.0001843 seconds
[2022-06-13T03:21:50.443+0000][1][safepoint    ] Application time: 0.0179877 seconds
[2022-06-13T03:21:50.443+0000][1][safepoint    ] Entering safepoint region: CollectForMetadataAllocation
[2022-06-13T03:21:50.443+0000][1][safepoint    ] Leaving safepoint region
[2022-06-13T03:21:50.443+0000][1][safepoint    ] Total time for which application threads were stopped: 0.0003709 seconds, Stopping threads took: 0.0001323 seconds
[2022-06-13T03:21:50.460+0000][1][safepoint    ] Application time: 0.0166100 seconds
[2022-06-13T03:21:50.460+0000][1][safepoint    ] Entering safepoint region: CollectForMetadataAllocation
[2022-06-13T03:21:50.460+0000][1][safepoint    ] Leaving safepoint region
[2022-06-13T03:21:50.461+0000][1][safepoint    ] Total time for which application threads were stopped: 0.0004469 seconds, Stopping threads took: 0.0001602 seconds
[2022-06-13T03:21:50.472+0000][1][safepoint    ] Application time: 0.0116024 seconds
[2022-06-13T03:21:50.473+0000][1][safepoint    ] Entering safepoint region: CollectForMetadataAllocation
[2022-06-13T03:21:50.473+0000][1][safepoint    ] Leaving safepoint region
[2022-06-13T03:21:50.473+0000][1][safepoint    ] Total time for which application threads were stopped: 0.0003783 seconds, Stopping threads took: 0.0001377 seconds
[2022-06-13T03:21:50.490+0000][1][safepoint    ] Application time: 0.0165201 seconds
[2022-06-13T03:21:50.490+0000][1][safepoint    ] Entering safepoint region: CollectForMetadataAllocation
[2022-06-13T03:21:50.490+0000][1][safepoint    ] Leaving safepoint region
[2022-06-13T03:21:50.490+0000][1][safepoint    ] Total time for which application threads were stopped: 0.0004363 seconds, Stopping threads took: 0.0001722 seconds
[2022-06-13T03:21:50.509+0000][1][safepoint    ] Application time: 0.0185199 seconds
[2022-06-13T03:21:50.509+0000][1][safepoint    ] Entering safepoint region: CollectForMetadataAllocation
[2022-06-13T03:21:50.510+0000][1][safepoint    ] Leaving safepoint region
[2022-06-13T03:21:50.510+0000][1][safepoint    ] Total time for which application threads were stopped: 0.0004710 seconds, Stopping threads took: 0.0001741 seconds
[2022-06-13T03:21:50.520+0000][1][safepoint    ] Application time: 0.0105237 seconds
[2022-06-13T03:21:50.521+0000][1][safepoint    ] Entering safepoint region: CollectForMetadataAllocation
[2022-06-13T03:21:50.521+0000][1][safepoint    ] Leaving safepoint region
[2022-06-13T03:21:50.521+0000][1][safepoint    ] Total time for which application threads were stopped: 0.0003138 seconds, Stopping threads took: 0.0001339 seconds
[2022-06-13T03:21:50.533+0000][1][safepoint    ] Application time: 0.0114621 seconds
[2022-06-13T03:21:50.533+0000][1][safepoint    ] Entering safepoint region: CollectForMetadataAllocation
[2022-06-13T03:21:50.533+0000][1][safepoint    ] Leaving safepoint region
[2022-06-13T03:21:50.533+0000][1][safepoint    ] Total time for which application threads were stopped: 0.0004089 seconds, Stopping threads took: 0.0001509 seconds
[2022-06-13T03:21:50.552+0000][1][safepoint    ] Application time: 0.0187031 seconds
[2022-06-13T03:21:50.552+0000][1][safepoint    ] Entering safepoint region: CollectForMetadataAllocation
[2022-06-13T03:21:50.552+0000][1][safepoint    ] Leaving safepoint region
[2022-06-13T03:21:50.553+0000][1][safepoint    ] Total time for which application threads were stopped: 0.0004622 seconds, Stopping threads took: 0.0002344 seconds
[2022-06-13T03:21:50.570+0000][1][safepoint    ] Application time: 0.0177704 seconds
[2022-06-13T03:21:50.571+0000][1][safepoint    ] Entering safepoint region: CollectForMetadataAllocation
[2022-06-13T03:21:50.571+0000][1][safepoint    ] Leaving safepoint region
[2022-06-13T03:21:50.571+0000][1][safepoint    ] Total time for which application threads were stopped: 0.0005106 seconds, Stopping threads took: 0.0002333 seconds
[2022-06-13T03:21:50.589+0000][1][safepoint    ] Application time: 0.0173544 seconds
[2022-06-13T03:21:50.589+0000][1][safepoint    ] Entering safepoint region: CollectForMetadataAllocation
[2022-06-13T03:21:50.589+0000][1][safepoint    ] Leaving safepoint region
[2022-06-13T03:21:50.589+0000][1][safepoint    ] Total time for which application threads were stopped: 0.0003893 seconds, Stopping threads took: 0.0001749 seconds
[2022-06-13T03:21:50.610+0000][1][safepoint    ] Application time: 0.0202899 seconds
[2022-06-13T03:21:50.610+0000][1][safepoint    ] Entering safepoint region: CollectForMetadataAllocation
[2022-06-13T03:21:50.610+0000][1][safepoint    ] Leaving safepoint region
[2022-06-13T03:21:50.610+0000][1][safepoint    ] Total time for which application threads were stopped: 0.0004439 seconds, Stopping threads took: 0.0001500 seconds
[2022-06-13T03:21:50.627+0000][1][safepoint    ] Application time: 0.0165134 seconds
[2022-06-13T03:21:50.627+0000][1][safepoint    ] Entering safepoint region: CollectForMetadataAllocation
[2022-06-13T03:21:50.628+0000][1][safepoint    ] Leaving safepoint region
[2022-06-13T03:21:50.628+0000][1][safepoint    ] Total time for which application threads were stopped: 0.0003888 seconds, Stopping threads took: 0.0001429 seconds
[2022-06-13T03:21:50.645+0000][1][safepoint    ] Application time: 0.0173548 seconds
[2022-06-13T03:21:50.645+0000][1][safepoint    ] Entering safepoint region: CollectForMetadataAllocation
[2022-06-13T03:21:50.646+0000][1][safepoint    ] Leaving safepoint region
[2022-06-13T03:21:50.646+0000][1][safepoint    ] Total time for which application threads were stopped: 0.0003998 seconds, Stopping threads took: 0.0001484 seconds
[2022-06-13T03:21:50.654+0000][1][safepoint    ] Application time: 0.0079752 seconds
[2022-06-13T03:21:50.654+0000][1][safepoint    ] Entering safepoint region: RevokeBias
[2022-06-13T03:21:50.654+0000][1][safepoint    ] Leaving safepoint region
[2022-06-13T03:21:50.655+0000][1][safepoint    ] Total time for which application threads were stopped: 0.0004243 seconds, Stopping threads took: 0.0002595 seconds
[2022-06-13T03:21:50.667+0000][1][safepoint    ] Application time: 0.0119249 seconds
[2022-06-13T03:21:50.667+0000][1][safepoint    ] Entering safepoint region: CollectForMetadataAllocation
[2022-06-13T03:21:50.667+0000][1][safepoint    ] Leaving safepoint region
[2022-06-13T03:21:50.668+0000][1][safepoint    ] Total time for which application threads were stopped: 0.0005898 seconds, Stopping threads took: 0.0002176 seconds
[2022-06-13T03:21:50.867+0000][1][safepoint    ] Application time: 0.1985965 seconds
[2022-06-13T03:21:50.869+0000][1][safepoint    ] Entering safepoint region: CollectForMetadataAllocation
[2022-06-13T03:21:50.871+0000][1][safepoint    ] Leaving safepoint region
[2022-06-13T03:21:50.871+0000][1][safepoint    ] Total time for which application threads were stopped: 0.0027521 seconds, Stopping threads took: 0.0020849 seconds
[2022-06-13T03:21:51.101+0000][1][safepoint    ] Application time: 0.2298116 seconds
[2022-06-13T03:21:51.102+0000][1][safepoint    ] Entering safepoint region: CollectForMetadataAllocation
[2022-06-13T03:21:51.102+0000][1][safepoint    ] Leaving safepoint region
[2022-06-13T03:21:51.102+0000][1][safepoint    ] Total time for which application threads were stopped: 0.0005172 seconds, Stopping threads took: 0.0001927 seconds
[2022-06-13T03:21:51.114+0000][1][safepoint    ] Application time: 0.0115388 seconds
[2022-06-13T03:21:51.114+0000][1][safepoint    ] Entering safepoint region: GenCollectForAllocation
[2022-06-13T03:21:51.114+0000][1][gc,start     ] GC(17) Pause Young (Allocation Failure)
[2022-06-13T03:21:51.115+0000][1][gc,task      ] GC(17) Using 5 workers of 13 for evacuation
[2022-06-13T03:21:51.118+0000][1][gc,age       ] GC(17) Desired survivor size 4456448 bytes, new threshold 6 (max threshold 6)
[2022-06-13T03:21:51.118+0000][1][gc,age       ] GC(17) Age table with threshold 6 (max threshold 6)
[2022-06-13T03:21:51.119+0000][1][gc,age       ] GC(17) - age   1:    4111680 bytes,    4111680 total
[2022-06-13T03:21:51.119+0000][1][gc,age       ] GC(17) - age   2:     203064 bytes,    4314744 total
[2022-06-13T03:21:51.119+0000][1][gc,heap      ] GC(17) ParNew: 76776K->4881K(78656K)
[2022-06-13T03:21:51.119+0000][1][gc,heap      ] GC(17) CMS: 55908K->55908K(174784K)
[2022-06-13T03:21:51.119+0000][1][gc,metaspace ] GC(17) Metaspace: 42362K->42362K(1087488K)
[2022-06-13T03:21:51.119+0000][1][gc           ] GC(17) Pause Young (Allocation Failure) 129M->59M(247M) 4.911ms
[2022-06-13T03:21:51.119+0000][1][gc,cpu       ] GC(17) User=0.01s Sys=0.00s Real=0.01s
[2022-06-13T03:21:51.120+0000][1][safepoint    ] Leaving safepoint region
[2022-06-13T03:21:51.120+0000][1][safepoint    ] Total time for which application threads were stopped: 0.0054490 seconds, Stopping threads took: 0.0001194 seconds
[2022-06-13T03:21:51.121+0000][1][safepoint    ] Application time: 0.0008583 seconds
[2022-06-13T03:21:51.121+0000][1][safepoint    ] Entering safepoint region: CMS_Initial_Mark
[2022-06-13T03:21:51.121+0000][1][gc,start     ] GC(18) Pause Initial Mark
[2022-06-13T03:21:51.122+0000][1][gc           ] GC(18) Pause Initial Mark 60M->60M(247M) 1.286ms
[2022-06-13T03:21:51.122+0000][1][gc,cpu       ] GC(18) User=0.00s Sys=0.00s Real=0.00s
[2022-06-13T03:21:51.123+0000][1][safepoint    ] Leaving safepoint region
[2022-06-13T03:21:51.123+0000][1][safepoint    ] Total time for which application threads were stopped: 0.0018766 seconds, Stopping threads took: 0.0001599 seconds
[2022-06-13T03:21:51.123+0000][1][gc           ] GC(18) Concurrent Mark
[2022-06-13T03:21:51.123+0000][1][gc,task      ] GC(18) Using 4 workers of 4 for marking
[2022-06-13T03:21:51.137+0000][1][safepoint    ] Application time: 0.0144764 seconds
[2022-06-13T03:21:51.137+0000][1][safepoint    ] Entering safepoint region: CollectForMetadataAllocation
[2022-06-13T03:21:51.138+0000][1][safepoint    ] Leaving safepoint region
[2022-06-13T03:21:51.138+0000][1][safepoint    ] Total time for which application threads were stopped: 0.0003451 seconds, Stopping threads took: 0.0001336 seconds
[2022-06-13T03:21:51.140+0000][1][gc           ] GC(18) Concurrent Mark 17.125ms
[2022-06-13T03:21:51.140+0000][1][gc,cpu       ] GC(18) User=0.09s Sys=0.00s Real=0.02s
[2022-06-13T03:21:51.140+0000][1][gc           ] GC(18) Concurrent Preclean
[2022-06-13T03:21:51.141+0000][1][gc           ] GC(18) Concurrent Preclean 0.894ms
[2022-06-13T03:21:51.141+0000][1][gc,cpu       ] GC(18) User=0.01s Sys=0.00s Real=0.00s
[2022-06-13T03:21:51.141+0000][1][gc           ] GC(18) Concurrent Abortable Preclean
[2022-06-13T03:21:51.268+0000][1][safepoint    ] Application time: 0.1296657 seconds
[2022-06-13T03:21:51.268+0000][1][safepoint    ] Entering safepoint region: CollectForMetadataAllocation
[2022-06-13T03:21:51.271+0000][1][safepoint    ] Leaving safepoint region
[2022-06-13T03:21:51.271+0000][1][safepoint    ] Total time for which application threads were stopped: 0.0024756 seconds, Stopping threads took: 0.0009689 seconds
[2022-06-13T03:21:51.317+0000][1][safepoint    ] Application time: 0.0456460 seconds
[2022-06-13T03:21:51.319+0000][1][safepoint    ] Entering safepoint region: CollectForMetadataAllocation
[2022-06-13T03:21:51.321+0000][1][safepoint    ] Leaving safepoint region
[2022-06-13T03:21:51.321+0000][1][safepoint    ] Total time for which application threads were stopped: 0.0021824 seconds, Stopping threads took: 0.0014391 seconds
[2022-06-13T03:21:51.338+0000][1][safepoint    ] Application time: 0.0160285 seconds
[2022-06-13T03:21:51.338+0000][1][safepoint    ] Entering safepoint region: CollectForMetadataAllocation
[2022-06-13T03:21:51.339+0000][1][safepoint    ] Leaving safepoint region
[2022-06-13T03:21:51.339+0000][1][safepoint    ] Total time for which application threads were stopped: 0.0005616 seconds, Stopping threads took: 0.0002311 seconds
[2022-06-13T03:21:51.375+0000][1][safepoint    ] Application time: 0.0358163 seconds
[2022-06-13T03:21:51.375+0000][1][safepoint    ] Entering safepoint region: CollectForMetadataAllocation
[2022-06-13T03:21:51.376+0000][1][safepoint    ] Leaving safepoint region
[2022-06-13T03:21:51.376+0000][1][safepoint    ] Total time for which application threads were stopped: 0.0005750 seconds, Stopping threads took: 0.0001958 seconds
[2022-06-13T03:21:51.397+0000][1][safepoint    ] Application time: 0.0208222 seconds
[2022-06-13T03:21:51.397+0000][1][safepoint    ] Entering safepoint region: CollectForMetadataAllocation
[2022-06-13T03:21:51.398+0000][1][safepoint    ] Leaving safepoint region
[2022-06-13T03:21:51.398+0000][1][safepoint    ] Total time for which application threads were stopped: 0.0008984 seconds, Stopping threads took: 0.0001606 seconds
[2022-06-13T03:21:51.399+0000][1][gc           ] GC(18) Concurrent Abortable Preclean 257.446ms
[2022-06-13T03:21:51.399+0000][1][gc,cpu       ] GC(18) User=1.24s Sys=0.03s Real=0.26s
[2022-06-13T03:21:51.399+0000][1][safepoint    ] Application time: 0.0012879 seconds
[2022-06-13T03:21:51.399+0000][1][safepoint    ] Entering safepoint region: CMS_Final_Remark
[2022-06-13T03:21:51.400+0000][1][gc,start     ] GC(18) Pause Remark
[2022-06-13T03:21:51.416+0000][1][gc           ] GC(18) Pause Remark 94M->94M(247M) 16.244ms
[2022-06-13T03:21:51.416+0000][1][gc,cpu       ] GC(18) User=0.06s Sys=0.00s Real=0.01s
[2022-06-13T03:21:51.416+0000][1][safepoint    ] Leaving safepoint region
[2022-06-13T03:21:51.416+0000][1][safepoint    ] Total time for which application threads were stopped: 0.0169760 seconds, Stopping threads took: 0.0001461 seconds
[2022-06-13T03:21:51.417+0000][1][gc           ] GC(18) Concurrent Sweep
[2022-06-13T03:21:51.425+0000][1][safepoint    ] Application time: 0.0081112 seconds
[2022-06-13T03:21:51.425+0000][1][safepoint    ] Entering safepoint region: RevokeBias
[2022-06-13T03:21:51.426+0000][1][safepoint    ] Leaving safepoint region
[2022-06-13T03:21:51.427+0000][1][safepoint    ] Total time for which application threads were stopped: 0.0016381 seconds, Stopping threads took: 0.0005229 seconds
[2022-06-13T03:21:51.428+0000][1][safepoint    ] Application time: 0.0016566 seconds
[2022-06-13T03:21:51.429+0000][1][safepoint    ] Entering safepoint region: RevokeBias
[2022-06-13T03:21:51.429+0000][1][safepoint    ] Leaving safepoint region
[2022-06-13T03:21:51.429+0000][1][safepoint    ] Total time for which application threads were stopped: 0.0003877 seconds, Stopping threads took: 0.0001616 seconds
[2022-06-13T03:21:51.441+0000][1][gc           ] GC(18) Concurrent Sweep 24.854ms
[2022-06-13T03:21:51.442+0000][1][gc,cpu       ] GC(18) User=0.11s Sys=0.00s Real=0.03s
[2022-06-13T03:21:51.442+0000][1][gc           ] GC(18) Concurrent Reset
[2022-06-13T03:21:51.443+0000][1][gc           ] GC(18) Concurrent Reset 0.417ms
[2022-06-13T03:21:51.443+0000][1][gc,cpu       ] GC(18) User=0.00s Sys=0.00s Real=0.00s
[2022-06-13T03:21:51.443+0000][1][gc,heap      ] GC(18) Old: 55908K->55691K(174784K)
[2022-06-13T03:21:51.476+0000][1][safepoint    ] Application time: 0.0465521 seconds
[2022-06-13T03:21:51.476+0000][1][safepoint    ] Entering safepoint region: RevokeBias
[2022-06-13T03:21:51.476+0000][1][safepoint    ] Leaving safepoint region
[2022-06-13T03:21:51.476+0000][1][safepoint    ] Total time for which application threads were stopped: 0.0004336 seconds, Stopping threads took: 0.0001887 seconds
[2022-06-13T03:21:51.491+0000][1][safepoint    ] Application time: 0.0147162 seconds
[2022-06-13T03:21:51.492+0000][1][safepoint    ] Entering safepoint region: RevokeBias
[2022-06-13T03:21:51.492+0000][1][safepoint    ] Leaving safepoint region
[2022-06-13T03:21:51.492+0000][1][safepoint    ] Total time for which application threads were stopped: 0.0002995 seconds, Stopping threads took: 0.0001333 seconds
[2022-06-13T03:21:51.495+0000][1][safepoint    ] Application time: 0.0025775 seconds
[2022-06-13T03:21:51.495+0000][1][safepoint    ] Entering safepoint region: RevokeBias
[2022-06-13T03:21:51.495+0000][1][safepoint    ] Leaving safepoint region
[2022-06-13T03:21:51.495+0000][1][safepoint    ] Total time for which application threads were stopped: 0.0002941 seconds, Stopping threads took: 0.0001195 seconds
[2022-06-13T03:21:51.652+0000][1][safepoint    ] Application time: 0.1565174 seconds
[2022-06-13T03:21:51.653+0000][1][safepoint    ] Entering safepoint region: RevokeBias
[2022-06-13T03:21:51.654+0000][1][safepoint    ] Leaving safepoint region
[2022-06-13T03:21:51.654+0000][1][safepoint    ] Total time for which application threads were stopped: 0.0020477 seconds, Stopping threads took: 0.0012738 seconds
[2022-06-13T03:21:51.654+0000][1][safepoint    ] Application time: 0.0002767 seconds
[2022-06-13T03:21:51.655+0000][1][safepoint    ] Entering safepoint region: RevokeBias
[2022-06-13T03:21:51.655+0000][1][safepoint    ] Leaving safepoint region
[2022-06-13T03:21:51.655+0000][1][safepoint    ] Total time for which application threads were stopped: 0.0007512 seconds, Stopping threads took: 0.0005281 seconds
[2022-06-13T03:21:51.656+0000][1][safepoint    ] Application time: 0.0002432 seconds
[2022-06-13T03:21:51.659+0000][1][safepoint    ] Entering safepoint region: RevokeBias
[2022-06-13T03:21:51.659+0000][1][safepoint    ] Leaving safepoint region
[2022-06-13T03:21:51.659+0000][1][safepoint    ] Total time for which application threads were stopped: 0.0030223 seconds, Stopping threads took: 0.0027880 seconds
[2022-06-13T03:21:51.660+0000][1][safepoint    ] Application time: 0.0002460 seconds
[2022-06-13T03:21:51.660+0000][1][safepoint    ] Entering safepoint region: RevokeBias
[2022-06-13T03:21:51.660+0000][1][safepoint    ] Leaving safepoint region
[2022-06-13T03:21:51.660+0000][1][safepoint    ] Total time for which application threads were stopped: 0.0003335 seconds, Stopping threads took: 0.0001328 seconds
[2022-06-13T03:21:51.713+0000][1][safepoint    ] Application time: 0.0527441 seconds
[2022-06-13T03:21:51.713+0000][1][safepoint    ] Entering safepoint region: RevokeBias
[2022-06-13T03:21:51.714+0000][1][safepoint    ] Leaving safepoint region
[2022-06-13T03:21:51.714+0000][1][safepoint    ] Total time for which application threads were stopped: 0.0003781 seconds, Stopping threads took: 0.0001850 seconds
[2022-06-13T03:21:51.714+0000][1][safepoint    ] Application time: 0.0001227 seconds
[2022-06-13T03:21:51.714+0000][1][safepoint    ] Entering safepoint region: RevokeBias
[2022-06-13T03:21:51.714+0000][1][safepoint    ] Leaving safepoint region
[2022-06-13T03:21:51.714+0000][1][safepoint    ] Total time for which application threads were stopped: 0.0003132 seconds, Stopping threads took: 0.0001312 seconds
[2022-06-13T03:21:51.715+0000][1][safepoint    ] Application time: 0.0000871 seconds
[2022-06-13T03:21:51.715+0000][1][safepoint    ] Entering safepoint region: RevokeBias
[2022-06-13T03:21:51.715+0000][1][safepoint    ] Leaving safepoint region
[2022-06-13T03:21:51.715+0000][1][safepoint    ] Total time for which application threads were stopped: 0.0002352 seconds, Stopping threads took: 0.0001098 seconds
[2022-06-13T03:21:51.715+0000][1][safepoint    ] Application time: 0.0001417 seconds
[2022-06-13T03:21:51.716+0000][1][safepoint    ] Entering safepoint region: RevokeBias
[2022-06-13T03:21:51.716+0000][1][safepoint    ] Leaving safepoint region
[2022-06-13T03:21:51.716+0000][1][safepoint    ] Total time for which application threads were stopped: 0.0002917 seconds, Stopping threads took: 0.0001622 seconds
[2022-06-13T03:21:51.716+0000][1][safepoint    ] Application time: 0.0002978 seconds
[2022-06-13T03:21:51.719+0000][1][safepoint    ] Entering safepoint region: RevokeBias
[2022-06-13T03:21:51.720+0000][1][safepoint    ] Leaving safepoint region
[2022-06-13T03:21:51.720+0000][1][safepoint    ] Total time for which application threads were stopped: 0.0003974 seconds, Stopping threads took: 0.0002250 seconds
[2022-06-13T03:21:51.720+0000][1][safepoint    ] Application time: 0.0001696 seconds
[2022-06-13T03:21:51.720+0000][1][safepoint    ] Entering safepoint region: RevokeBias
[2022-06-13T03:21:51.720+0000][1][safepoint    ] Leaving safepoint region
[2022-06-13T03:21:51.721+0000][1][safepoint    ] Total time for which application threads were stopped: 0.0002567 seconds, Stopping threads took: 0.0000970 seconds
[2022-06-13T03:21:51.721+0000][1][safepoint    ] Application time: 0.0002590 seconds
[2022-06-13T03:21:51.721+0000][1][safepoint    ] Entering safepoint region: RevokeBias
[2022-06-13T03:21:51.721+0000][1][safepoint    ] Leaving safepoint region
[2022-06-13T03:21:51.721+0000][1][safepoint    ] Total time for which application threads were stopped: 0.0002953 seconds, Stopping threads took: 0.0001462 seconds
[2022-06-13T03:21:51.722+0000][1][safepoint    ] Application time: 0.0000745 seconds
[2022-06-13T03:21:51.722+0000][1][safepoint    ] Entering safepoint region: RevokeBias
[2022-06-13T03:21:51.722+0000][1][safepoint    ] Leaving safepoint region
[2022-06-13T03:21:51.722+0000][1][safepoint    ] Total time for which application threads were stopped: 0.0003582 seconds, Stopping threads took: 0.0002277 seconds
[2022-06-13T03:21:51.722+0000][1][safepoint    ] Application time: 0.0000666 seconds
[2022-06-13T03:21:51.722+0000][1][safepoint    ] Entering safepoint region: RevokeBias
[2022-06-13T03:21:51.722+0000][1][safepoint    ] Leaving safepoint region
[2022-06-13T03:21:51.722+0000][1][safepoint    ] Total time for which application threads were stopped: 0.0002431 seconds, Stopping threads took: 0.0001118 seconds
[2022-06-13T03:21:51.723+0000][1][safepoint    ] Application time: 0.0000654 seconds
[2022-06-13T03:21:51.723+0000][1][safepoint    ] Entering safepoint region: RevokeBias
[2022-06-13T03:21:51.723+0000][1][safepoint    ] Leaving safepoint region
[2022-06-13T03:21:51.723+0000][1][safepoint    ] Total time for which application threads were stopped: 0.0002013 seconds, Stopping threads took: 0.0000913 seconds
[2022-06-13T03:21:51.723+0000][1][safepoint    ] Application time: 0.0000654 seconds
[2022-06-13T03:21:51.723+0000][1][safepoint    ] Entering safepoint region: RevokeBias
[2022-06-13T03:21:51.723+0000][1][safepoint    ] Leaving safepoint region
[2022-06-13T03:21:51.723+0000][1][safepoint    ] Total time for which application threads were stopped: 0.0002112 seconds, Stopping threads took: 0.0000938 seconds
[2022-06-13T03:21:51.724+0000][1][safepoint    ] Application time: 0.0000781 seconds
[2022-06-13T03:21:51.724+0000][1][safepoint    ] Entering safepoint region: RevokeBias
[2022-06-13T03:21:51.724+0000][1][safepoint    ] Leaving safepoint region
[2022-06-13T03:21:51.724+0000][1][safepoint    ] Total time for which application threads were stopped: 0.0002867 seconds, Stopping threads took: 0.0001279 seconds
[2022-06-13T03:21:51.729+0000][1][safepoint    ] Application time: 0.0045783 seconds
[2022-06-13T03:21:51.729+0000][1][safepoint    ] Entering safepoint region: RevokeBias
[2022-06-13T03:21:51.729+0000][1][safepoint    ] Leaving safepoint region
[2022-06-13T03:21:51.729+0000][1][safepoint    ] Total time for which application threads were stopped: 0.0004207 seconds, Stopping threads took: 0.0002118 seconds
[2022-06-13T03:21:51.730+0000][1][safepoint    ] Application time: 0.0000786 seconds
[2022-06-13T03:21:51.730+0000][1][safepoint    ] Entering safepoint region: RevokeBias
[2022-06-13T03:21:51.730+0000][1][safepoint    ] Leaving safepoint region
[2022-06-13T03:21:51.730+0000][1][safepoint    ] Total time for which application threads were stopped: 0.0003437 seconds, Stopping threads took: 0.0001284 seconds
[2022-06-13T03:21:51.730+0000][1][safepoint    ] Application time: 0.0000906 seconds
[2022-06-13T03:21:51.730+0000][1][safepoint    ] Entering safepoint region: RevokeBias
[2022-06-13T03:21:51.731+0000][1][safepoint    ] Leaving safepoint region
[2022-06-13T03:21:51.731+0000][1][safepoint    ] Total time for which application threads were stopped: 0.0002957 seconds, Stopping threads took: 0.0001190 seconds
[2022-06-13T03:21:51.731+0000][1][safepoint    ] Application time: 0.0000811 seconds
[2022-06-13T03:21:51.731+0000][1][safepoint    ] Entering safepoint region: RevokeBias
[2022-06-13T03:21:51.731+0000][1][safepoint    ] Leaving safepoint region
[2022-06-13T03:21:51.731+0000][1][safepoint    ] Total time for which application threads were stopped: 0.0003153 seconds, Stopping threads took: 0.0001547 seconds
[2022-06-13T03:21:51.732+0000][1][safepoint    ] Application time: 0.0000829 seconds
[2022-06-13T03:21:51.732+0000][1][safepoint    ] Entering safepoint region: RevokeBias
[2022-06-13T03:21:51.732+0000][1][safepoint    ] Leaving safepoint region
[2022-06-13T03:21:51.732+0000][1][safepoint    ] Total time for which application threads were stopped: 0.0002892 seconds, Stopping threads took: 0.0001343 seconds
[2022-06-13T03:21:51.732+0000][1][safepoint    ] Application time: 0.0000728 seconds
[2022-06-13T03:21:51.732+0000][1][safepoint    ] Entering safepoint region: RevokeBias
[2022-06-13T03:21:51.733+0000][1][safepoint    ] Leaving safepoint region
[2022-06-13T03:21:51.733+0000][1][safepoint    ] Total time for which application threads were stopped: 0.0003184 seconds, Stopping threads took: 0.0001765 seconds
[2022-06-13T03:21:51.733+0000][1][safepoint    ] Application time: 0.0000728 seconds
[2022-06-13T03:21:51.733+0000][1][safepoint    ] Entering safepoint region: RevokeBias
[2022-06-13T03:21:51.733+0000][1][safepoint    ] Leaving safepoint region
[2022-06-13T03:21:51.733+0000][1][safepoint    ] Total time for which application threads were stopped: 0.0003303 seconds, Stopping threads took: 0.0001379 seconds
[2022-06-13T03:21:51.734+0000][1][safepoint    ] Application time: 0.0000714 seconds
[2022-06-13T03:21:51.734+0000][1][safepoint    ] Entering safepoint region: RevokeBias
[2022-06-13T03:21:51.734+0000][1][safepoint    ] Leaving safepoint region
[2022-06-13T03:21:51.734+0000][1][safepoint    ] Total time for which application threads were stopped: 0.0002893 seconds, Stopping threads took: 0.0000827 seconds
[2022-06-13T03:21:51.734+0000][1][safepoint    ] Application time: 0.0000723 seconds
[2022-06-13T03:21:51.734+0000][1][safepoint    ] Entering safepoint region: RevokeBias
[2022-06-13T03:21:51.734+0000][1][safepoint    ] Leaving safepoint region
[2022-06-13T03:21:51.735+0000][1][safepoint    ] Total time for which application threads were stopped: 0.0003417 seconds, Stopping threads took: 0.0001387 seconds
[2022-06-13T03:21:51.735+0000][1][safepoint    ] Application time: 0.0000661 seconds
[2022-06-13T03:21:51.735+0000][1][safepoint    ] Entering safepoint region: RevokeBias
[2022-06-13T03:21:51.735+0000][1][safepoint    ] Leaving safepoint region
[2022-06-13T03:21:51.735+0000][1][safepoint    ] Total time for which application threads were stopped: 0.0002827 seconds, Stopping threads took: 0.0001182 seconds
[2022-06-13T03:21:51.735+0000][1][safepoint    ] Application time: 0.0000784 seconds
[2022-06-13T03:21:51.735+0000][1][safepoint    ] Entering safepoint region: RevokeBias
[2022-06-13T03:21:51.736+0000][1][safepoint    ] Leaving safepoint region
[2022-06-13T03:21:51.736+0000][1][safepoint    ] Total time for which application threads were stopped: 0.0003174 seconds, Stopping threads took: 0.0001250 seconds
[2022-06-13T03:21:51.736+0000][1][safepoint    ] Application time: 0.0000698 seconds
[2022-06-13T03:21:51.736+0000][1][safepoint    ] Entering safepoint region: RevokeBias
[2022-06-13T03:21:51.737+0000][1][safepoint    ] Leaving safepoint region
[2022-06-13T03:21:51.737+0000][1][safepoint    ] Total time for which application threads were stopped: 0.0003244 seconds, Stopping threads took: 0.0001244 seconds
[2022-06-13T03:21:51.737+0000][1][safepoint    ] Application time: 0.0000597 seconds
[2022-06-13T03:21:51.737+0000][1][safepoint    ] Entering safepoint region: RevokeBias
[2022-06-13T03:21:51.737+0000][1][safepoint    ] Leaving safepoint region
[2022-06-13T03:21:51.737+0000][1][safepoint    ] Total time for which application threads were stopped: 0.0002652 seconds, Stopping threads took: 0.0001151 seconds
[2022-06-13T03:21:51.738+0000][1][safepoint    ] Application time: 0.0000664 seconds
[2022-06-13T03:21:51.738+0000][1][safepoint    ] Entering safepoint region: RevokeBias
[2022-06-13T03:21:51.738+0000][1][safepoint    ] Leaving safepoint region
[2022-06-13T03:21:51.738+0000][1][safepoint    ] Total time for which application threads were stopped: 0.0003025 seconds, Stopping threads took: 0.0001227 seconds
[2022-06-13T03:21:51.738+0000][1][safepoint    ] Application time: 0.0000964 seconds
[2022-06-13T03:21:51.738+0000][1][safepoint    ] Entering safepoint region: RevokeBias
[2022-06-13T03:21:51.738+0000][1][safepoint    ] Leaving safepoint region
[2022-06-13T03:21:51.739+0000][1][safepoint    ] Total time for which application threads were stopped: 0.0003325 seconds, Stopping threads took: 0.0001329 seconds
[2022-06-13T03:21:51.739+0000][1][safepoint    ] Application time: 0.0000749 seconds
[2022-06-13T03:21:51.739+0000][1][safepoint    ] Entering safepoint region: RevokeBias
[2022-06-13T03:21:51.739+0000][1][safepoint    ] Leaving safepoint region
[2022-06-13T03:21:51.739+0000][1][safepoint    ] Total time for which application threads were stopped: 0.0003414 seconds, Stopping threads took: 0.0001470 seconds
[2022-06-13T03:21:51.740+0000][1][safepoint    ] Application time: 0.0000802 seconds
[2022-06-13T03:21:51.740+0000][1][safepoint    ] Entering safepoint region: RevokeBias
[2022-06-13T03:21:51.740+0000][1][safepoint    ] Leaving safepoint region
[2022-06-13T03:21:51.740+0000][1][safepoint    ] Total time for which application threads were stopped: 0.0002587 seconds, Stopping threads took: 0.0001037 seconds
[2022-06-13T03:21:51.740+0000][1][safepoint    ] Application time: 0.0000776 seconds
[2022-06-13T03:21:51.740+0000][1][safepoint    ] Entering safepoint region: RevokeBias
[2022-06-13T03:21:51.740+0000][1][safepoint    ] Leaving safepoint region
[2022-06-13T03:21:51.740+0000][1][safepoint    ] Total time for which application threads were stopped: 0.0002677 seconds, Stopping threads took: 0.0001077 seconds
[2022-06-13T03:21:51.741+0000][1][safepoint    ] Application time: 0.0000773 seconds
[2022-06-13T03:21:51.741+0000][1][safepoint    ] Entering safepoint region: RevokeBias
[2022-06-13T03:21:51.741+0000][1][safepoint    ] Leaving safepoint region
[2022-06-13T03:21:51.741+0000][1][safepoint    ] Total time for which application threads were stopped: 0.0002243 seconds, Stopping threads took: 0.0000962 seconds
[2022-06-13T03:21:51.741+0000][1][safepoint    ] Application time: 0.0000642 seconds
[2022-06-13T03:21:51.741+0000][1][safepoint    ] Entering safepoint region: BulkRevokeBias
[2022-06-13T03:21:51.741+0000][1][safepoint    ] Leaving safepoint region
[2022-06-13T03:21:51.742+0000][1][safepoint    ] Total time for which application threads were stopped: 0.0003129 seconds, Stopping threads took: 0.0001148 seconds
[2022-06-13T03:21:51.742+0000][1][safepoint    ] Application time: 0.0002194 seconds
[2022-06-13T03:21:51.742+0000][1][safepoint    ] Entering safepoint region: RevokeBias
[2022-06-13T03:21:51.742+0000][1][safepoint    ] Leaving safepoint region
[2022-06-13T03:21:51.742+0000][1][safepoint    ] Total time for which application threads were stopped: 0.0002846 seconds, Stopping threads took: 0.0001342 seconds
[2022-06-13T03:21:51.742+0000][1][safepoint    ] Application time: 0.0001003 seconds
[2022-06-13T03:21:51.743+0000][1][safepoint    ] Entering safepoint region: RevokeBias
[2022-06-13T03:21:51.743+0000][1][safepoint    ] Leaving safepoint region
[2022-06-13T03:21:51.743+0000][1][safepoint    ] Total time for which application threads were stopped: 0.0002943 seconds, Stopping threads took: 0.0001306 seconds
[2022-06-13T03:21:51.743+0000][1][safepoint    ] Application time: 0.0001431 seconds
[2022-06-13T03:21:51.743+0000][1][safepoint    ] Entering safepoint region: RevokeBias
[2022-06-13T03:21:51.743+0000][1][safepoint    ] Leaving safepoint region
[2022-06-13T03:21:51.743+0000][1][safepoint    ] Total time for which application threads were stopped: 0.0002672 seconds, Stopping threads took: 0.0001178 seconds
[2022-06-13T03:21:51.744+0000][1][safepoint    ] Application time: 0.0001130 seconds
[2022-06-13T03:21:51.744+0000][1][safepoint    ] Entering safepoint region: RevokeBias
[2022-06-13T03:21:51.744+0000][1][safepoint    ] Leaving safepoint region
[2022-06-13T03:21:51.744+0000][1][safepoint    ] Total time for which application threads were stopped: 0.0003546 seconds, Stopping threads took: 0.0001473 seconds
[2022-06-13T03:21:51.744+0000][1][safepoint    ] Application time: 0.0001100 seconds
[2022-06-13T03:21:51.745+0000][1][safepoint    ] Entering safepoint region: RevokeBias
[2022-06-13T03:21:51.745+0000][1][safepoint    ] Leaving safepoint region
[2022-06-13T03:21:51.745+0000][1][safepoint    ] Total time for which application threads were stopped: 0.0002955 seconds, Stopping threads took: 0.0001451 seconds
[2022-06-13T03:21:51.745+0000][1][safepoint    ] Application time: 0.0000827 seconds
[2022-06-13T03:21:51.745+0000][1][safepoint    ] Entering safepoint region: RevokeBias
[2022-06-13T03:21:51.745+0000][1][safepoint    ] Leaving safepoint region
[2022-06-13T03:21:51.746+0000][1][safepoint    ] Total time for which application threads were stopped: 0.0003560 seconds, Stopping threads took: 0.0001686 seconds
[2022-06-13T03:21:51.746+0000][1][safepoint    ] Application time: 0.0001549 seconds
[2022-06-13T03:21:51.746+0000][1][safepoint    ] Entering safepoint region: RevokeBias
[2022-06-13T03:21:51.746+0000][1][safepoint    ] Leaving safepoint region
[2022-06-13T03:21:51.746+0000][1][safepoint    ] Total time for which application threads were stopped: 0.0003196 seconds, Stopping threads took: 0.0001205 seconds
[2022-06-13T03:21:51.746+0000][1][safepoint    ] Application time: 0.0000818 seconds
[2022-06-13T03:21:51.747+0000][1][safepoint    ] Entering safepoint region: RevokeBias
[2022-06-13T03:21:51.747+0000][1][safepoint    ] Leaving safepoint region
[2022-06-13T03:21:51.747+0000][1][safepoint    ] Total time for which application threads were stopped: 0.0004330 seconds, Stopping threads took: 0.0002540 seconds
[2022-06-13T03:21:51.747+0000][1][safepoint    ] Application time: 0.0000832 seconds
[2022-06-13T03:21:51.747+0000][1][safepoint    ] Entering safepoint region: RevokeBias
[2022-06-13T03:21:51.748+0000][1][safepoint    ] Leaving safepoint region
[2022-06-13T03:21:51.748+0000][1][safepoint    ] Total time for which application threads were stopped: 0.0002645 seconds, Stopping threads took: 0.0001143 seconds
[2022-06-13T03:21:51.748+0000][1][safepoint    ] Application time: 0.0000695 seconds
[2022-06-13T03:21:51.748+0000][1][safepoint    ] Entering safepoint region: RevokeBias
[2022-06-13T03:21:51.748+0000][1][safepoint    ] Leaving safepoint region
[2022-06-13T03:21:51.748+0000][1][safepoint    ] Total time for which application threads were stopped: 0.0002702 seconds, Stopping threads took: 0.0001185 seconds
[2022-06-13T03:21:51.748+0000][1][safepoint    ] Application time: 0.0000643 seconds
[2022-06-13T03:21:51.749+0000][1][safepoint    ] Entering safepoint region: RevokeBias
[2022-06-13T03:21:51.749+0000][1][safepoint    ] Leaving safepoint region
[2022-06-13T03:21:51.749+0000][1][safepoint    ] Total time for which application threads were stopped: 0.0003065 seconds, Stopping threads took: 0.0001184 seconds
[2022-06-13T03:21:51.749+0000][1][safepoint    ] Application time: 0.0000630 seconds
[2022-06-13T03:21:51.749+0000][1][safepoint    ] Entering safepoint region: RevokeBias
[2022-06-13T03:21:51.749+0000][1][safepoint    ] Leaving safepoint region
[2022-06-13T03:21:51.749+0000][1][safepoint    ] Total time for which application threads were stopped: 0.0002827 seconds, Stopping threads took: 0.0001355 seconds
[2022-06-13T03:21:51.750+0000][1][safepoint    ] Application time: 0.0000515 seconds
[2022-06-13T03:21:51.750+0000][1][safepoint    ] Entering safepoint region: RevokeBias
[2022-06-13T03:21:51.750+0000][1][safepoint    ] Leaving safepoint region
[2022-06-13T03:21:51.750+0000][1][safepoint    ] Total time for which application threads were stopped: 0.0002587 seconds, Stopping threads took: 0.0000985 seconds
[2022-06-13T03:21:51.750+0000][1][safepoint    ] Application time: 0.0000692 seconds
[2022-06-13T03:21:51.750+0000][1][safepoint    ] Entering safepoint region: RevokeBias
[2022-06-13T03:21:51.750+0000][1][safepoint    ] Leaving safepoint region
[2022-06-13T03:21:51.750+0000][1][safepoint    ] Total time for which application threads were stopped: 0.0002596 seconds, Stopping threads took: 0.0001051 seconds
[2022-06-13T03:21:51.751+0000][1][safepoint    ] Application time: 0.0000665 seconds
[2022-06-13T03:21:51.751+0000][1][safepoint    ] Entering safepoint region: RevokeBias
[2022-06-13T03:21:51.751+0000][1][safepoint    ] Leaving safepoint region
[2022-06-13T03:21:51.751+0000][1][safepoint    ] Total time for which application threads were stopped: 0.0002707 seconds, Stopping threads took: 0.0001236 seconds
[2022-06-13T03:21:51.751+0000][1][safepoint    ] Application time: 0.0000694 seconds
[2022-06-13T03:21:51.751+0000][1][safepoint    ] Entering safepoint region: RevokeBias
[2022-06-13T03:21:51.751+0000][1][safepoint    ] Leaving safepoint region
[2022-06-13T03:21:51.752+0000][1][safepoint    ] Total time for which application threads were stopped: 0.0002329 seconds, Stopping threads took: 0.0000854 seconds
[2022-06-13T03:21:51.752+0000][1][safepoint    ] Application time: 0.0002622 seconds
[2022-06-13T03:21:51.752+0000][1][safepoint    ] Entering safepoint region: RevokeBias
[2022-06-13T03:21:51.752+0000][1][safepoint    ] Leaving safepoint region
[2022-06-13T03:21:51.752+0000][1][safepoint    ] Total time for which application threads were stopped: 0.0002583 seconds, Stopping threads took: 0.0001138 seconds
[2022-06-13T03:21:51.753+0000][1][safepoint    ] Application time: 0.0000688 seconds
[2022-06-13T03:21:51.753+0000][1][safepoint    ] Entering safepoint region: RevokeBias
[2022-06-13T03:21:51.753+0000][1][safepoint    ] Leaving safepoint region
[2022-06-13T03:21:51.753+0000][1][safepoint    ] Total time for which application threads were stopped: 0.0003717 seconds, Stopping threads took: 0.0001037 seconds
[2022-06-13T03:21:51.753+0000][1][safepoint    ] Application time: 0.0000750 seconds
[2022-06-13T03:21:51.753+0000][1][safepoint    ] Entering safepoint region: RevokeBias
[2022-06-13T03:21:51.753+0000][1][safepoint    ] Leaving safepoint region
[2022-06-13T03:21:51.754+0000][1][safepoint    ] Total time for which application threads were stopped: 0.0002355 seconds, Stopping threads took: 0.0001177 seconds
[2022-06-13T03:21:51.754+0000][1][safepoint    ] Application time: 0.0000631 seconds
[2022-06-13T03:21:51.754+0000][1][safepoint    ] Entering safepoint region: RevokeBias
[2022-06-13T03:21:51.754+0000][1][safepoint    ] Leaving safepoint region
[2022-06-13T03:21:51.754+0000][1][safepoint    ] Total time for which application threads were stopped: 0.0002257 seconds, Stopping threads took: 0.0000908 seconds
[2022-06-13T03:21:51.754+0000][1][safepoint    ] Application time: 0.0000986 seconds
[2022-06-13T03:21:51.754+0000][1][safepoint    ] Entering safepoint region: RevokeBias
[2022-06-13T03:21:51.754+0000][1][safepoint    ] Leaving safepoint region
[2022-06-13T03:21:51.755+0000][1][safepoint    ] Total time for which application threads were stopped: 0.0001906 seconds, Stopping threads took: 0.0000791 seconds
[2022-06-13T03:21:51.755+0000][1][safepoint    ] Application time: 0.0000585 seconds
[2022-06-13T03:21:51.755+0000][1][safepoint    ] Entering safepoint region: RevokeBias
[2022-06-13T03:21:51.755+0000][1][safepoint    ] Leaving safepoint region
[2022-06-13T03:21:51.755+0000][1][safepoint    ] Total time for which application threads were stopped: 0.0002339 seconds, Stopping threads took: 0.0001120 seconds
[2022-06-13T03:21:51.755+0000][1][safepoint    ] Application time: 0.0000777 seconds
[2022-06-13T03:21:51.755+0000][1][safepoint    ] Entering safepoint region: RevokeBias
[2022-06-13T03:21:51.755+0000][1][safepoint    ] Leaving safepoint region
[2022-06-13T03:21:51.756+0000][1][safepoint    ] Total time for which application threads were stopped: 0.0002039 seconds, Stopping threads took: 0.0000801 seconds
[2022-06-13T03:21:51.756+0000][1][safepoint    ] Application time: 0.0000473 seconds
[2022-06-13T03:21:51.756+0000][1][safepoint    ] Entering safepoint region: RevokeBias
[2022-06-13T03:21:51.756+0000][1][safepoint    ] Leaving safepoint region
[2022-06-13T03:21:51.756+0000][1][safepoint    ] Total time for which application threads were stopped: 0.0002242 seconds, Stopping threads took: 0.0000939 seconds
[2022-06-13T03:21:51.756+0000][1][safepoint    ] Application time: 0.0000749 seconds
[2022-06-13T03:21:51.756+0000][1][safepoint    ] Entering safepoint region: RevokeBias
[2022-06-13T03:21:51.756+0000][1][safepoint    ] Leaving safepoint region
[2022-06-13T03:21:51.757+0000][1][safepoint    ] Total time for which application threads were stopped: 0.0002284 seconds, Stopping threads took: 0.0001087 seconds
[2022-06-13T03:21:51.757+0000][1][safepoint    ] Application time: 0.0000524 seconds
[2022-06-13T03:21:51.757+0000][1][safepoint    ] Entering safepoint region: BulkRevokeBias
[2022-06-13T03:21:51.757+0000][1][safepoint    ] Leaving safepoint region
[2022-06-13T03:21:51.757+0000][1][safepoint    ] Total time for which application threads were stopped: 0.0002601 seconds, Stopping threads took: 0.0001027 seconds
[2022-06-13T03:21:51.758+0000][1][safepoint    ] Application time: 0.0003011 seconds
[2022-06-13T03:21:51.758+0000][1][safepoint    ] Entering safepoint region: RevokeBias
[2022-06-13T03:21:51.758+0000][1][safepoint    ] Leaving safepoint region
[2022-06-13T03:21:51.758+0000][1][safepoint    ] Total time for which application threads were stopped: 0.0003230 seconds, Stopping threads took: 0.0001696 seconds
[2022-06-13T03:21:51.758+0000][1][safepoint    ] Application time: 0.0001306 seconds
[2022-06-13T03:21:51.758+0000][1][safepoint    ] Entering safepoint region: RevokeBias
[2022-06-13T03:21:51.758+0000][1][safepoint    ] Leaving safepoint region
[2022-06-13T03:21:51.759+0000][1][safepoint    ] Total time for which application threads were stopped: 0.0002516 seconds, Stopping threads took: 0.0001097 seconds
[2022-06-13T03:21:51.759+0000][1][safepoint    ] Application time: 0.0001844 seconds
[2022-06-13T03:21:51.759+0000][1][safepoint    ] Entering safepoint region: RevokeBias
[2022-06-13T03:21:51.759+0000][1][safepoint    ] Leaving safepoint region
[2022-06-13T03:21:51.759+0000][1][safepoint    ] Total time for which application threads were stopped: 0.0003140 seconds, Stopping threads took: 0.0001691 seconds
[2022-06-13T03:21:51.760+0000][1][safepoint    ] Application time: 0.0000920 seconds
[2022-06-13T03:21:51.760+0000][1][safepoint    ] Entering safepoint region: RevokeBias
[2022-06-13T03:21:51.760+0000][1][safepoint    ] Leaving safepoint region
[2022-06-13T03:21:51.760+0000][1][safepoint    ] Total time for which application threads were stopped: 0.0002732 seconds, Stopping threads took: 0.0001232 seconds
[2022-06-13T03:21:51.760+0000][1][safepoint    ] Application time: 0.0000731 seconds
[2022-06-13T03:21:51.760+0000][1][safepoint    ] Entering safepoint region: RevokeBias
[2022-06-13T03:21:51.760+0000][1][safepoint    ] Leaving safepoint region
[2022-06-13T03:21:51.761+0000][1][safepoint    ] Total time for which application threads were stopped: 0.0002849 seconds, Stopping threads took: 0.0001315 seconds
[2022-06-13T03:21:51.761+0000][1][safepoint    ] Application time: 0.0000746 seconds
[2022-06-13T03:21:51.761+0000][1][safepoint    ] Entering safepoint region: RevokeBias
[2022-06-13T03:21:51.761+0000][1][safepoint    ] Leaving safepoint region
[2022-06-13T03:21:51.761+0000][1][safepoint    ] Total time for which application threads were stopped: 0.0003333 seconds, Stopping threads took: 0.0001387 seconds
[2022-06-13T03:21:51.762+0000][1][safepoint    ] Application time: 0.0004343 seconds
[2022-06-13T03:21:51.762+0000][1][safepoint    ] Entering safepoint region: RevokeBias
[2022-06-13T03:21:51.762+0000][1][safepoint    ] Leaving safepoint region
[2022-06-13T03:21:51.762+0000][1][safepoint    ] Total time for which application threads were stopped: 0.0002471 seconds, Stopping threads took: 0.0001055 seconds
[2022-06-13T03:21:51.762+0000][1][safepoint    ] Application time: 0.0001489 seconds
[2022-06-13T03:21:51.762+0000][1][safepoint    ] Entering safepoint region: RevokeBias
[2022-06-13T03:21:51.763+0000][1][safepoint    ] Leaving safepoint region
[2022-06-13T03:21:51.763+0000][1][safepoint    ] Total time for which application threads were stopped: 0.0002376 seconds, Stopping threads took: 0.0001165 seconds
[2022-06-13T03:21:51.763+0000][1][safepoint    ] Application time: 0.0003711 seconds
[2022-06-13T03:21:51.763+0000][1][safepoint    ] Entering safepoint region: RevokeBias
[2022-06-13T03:21:51.764+0000][1][safepoint    ] Leaving safepoint region
[2022-06-13T03:21:51.764+0000][1][safepoint    ] Total time for which application threads were stopped: 0.0002687 seconds, Stopping threads took: 0.0001120 seconds
[2022-06-13T03:21:51.764+0000][1][safepoint    ] Application time: 0.0001692 seconds
[2022-06-13T03:21:51.764+0000][1][safepoint    ] Entering safepoint region: RevokeBias
[2022-06-13T03:21:51.764+0000][1][safepoint    ] Leaving safepoint region
[2022-06-13T03:21:51.764+0000][1][safepoint    ] Total time for which application threads were stopped: 0.0003047 seconds, Stopping threads took: 0.0001644 seconds
[2022-06-13T03:21:51.765+0000][1][safepoint    ] Application time: 0.0004124 seconds
[2022-06-13T03:21:51.765+0000][1][safepoint    ] Entering safepoint region: RevokeBias
[2022-06-13T03:21:51.765+0000][1][safepoint    ] Leaving safepoint region
[2022-06-13T03:21:51.765+0000][1][safepoint    ] Total time for which application threads were stopped: 0.0003667 seconds, Stopping threads took: 0.0001903 seconds
[2022-06-13T03:21:51.766+0000][1][safepoint    ] Application time: 0.0000986 seconds
[2022-06-13T03:21:51.766+0000][1][safepoint    ] Entering safepoint region: RevokeBias
[2022-06-13T03:21:51.766+0000][1][safepoint    ] Leaving safepoint region
[2022-06-13T03:21:51.766+0000][1][safepoint    ] Total time for which application threads were stopped: 0.0003505 seconds, Stopping threads took: 0.0001710 seconds
[2022-06-13T03:21:51.766+0000][1][safepoint    ] Application time: 0.0001708 seconds
[2022-06-13T03:21:51.767+0000][1][safepoint    ] Entering safepoint region: BulkRevokeBias
[2022-06-13T03:21:51.767+0000][1][safepoint    ] Leaving safepoint region
[2022-06-13T03:21:51.767+0000][1][safepoint    ] Total time for which application threads were stopped: 0.0004918 seconds, Stopping threads took: 0.0002129 seconds
[2022-06-13T03:21:51.767+0000][1][safepoint    ] Application time: 0.0001038 seconds
[2022-06-13T03:21:51.768+0000][1][safepoint    ] Entering safepoint region: RevokeBias
[2022-06-13T03:21:51.768+0000][1][safepoint    ] Leaving safepoint region
[2022-06-13T03:21:51.768+0000][1][safepoint    ] Total time for which application threads were stopped: 0.0003340 seconds, Stopping threads took: 0.0001848 seconds
[2022-06-13T03:21:51.768+0000][1][safepoint    ] Application time: 0.0002828 seconds
[2022-06-13T03:21:51.769+0000][1][safepoint    ] Entering safepoint region: RevokeBias
[2022-06-13T03:21:51.769+0000][1][safepoint    ] Leaving safepoint region
[2022-06-13T03:21:51.769+0000][1][safepoint    ] Total time for which application threads were stopped: 0.0005060 seconds, Stopping threads took: 0.0003691 seconds
[2022-06-13T03:21:51.770+0000][1][safepoint    ] Application time: 0.0011353 seconds
[2022-06-13T03:21:51.770+0000][1][safepoint    ] Entering safepoint region: RevokeBias
[2022-06-13T03:21:51.770+0000][1][safepoint    ] Leaving safepoint region
[2022-06-13T03:21:51.771+0000][1][safepoint    ] Total time for which application threads were stopped: 0.0003480 seconds, Stopping threads took: 0.0001782 seconds
[2022-06-13T03:21:51.771+0000][1][safepoint    ] Application time: 0.0000863 seconds
[2022-06-13T03:21:51.771+0000][1][safepoint    ] Entering safepoint region: RevokeBias
[2022-06-13T03:21:51.771+0000][1][safepoint    ] Leaving safepoint region
[2022-06-13T03:21:51.771+0000][1][safepoint    ] Total time for which application threads were stopped: 0.0003576 seconds, Stopping threads took: 0.0001802 seconds
[2022-06-13T03:21:51.773+0000][1][safepoint    ] Application time: 0.0018646 seconds
[2022-06-13T03:21:51.774+0000][1][safepoint    ] Entering safepoint region: RevokeBias
[2022-06-13T03:21:51.774+0000][1][safepoint    ] Leaving safepoint region
[2022-06-13T03:21:51.774+0000][1][safepoint    ] Total time for which application threads were stopped: 0.0004641 seconds, Stopping threads took: 0.0002631 seconds
[2022-06-13T03:21:51.774+0000][1][safepoint    ] Application time: 0.0000807 seconds
[2022-06-13T03:21:51.774+0000][1][safepoint    ] Entering safepoint region: RevokeBias
[2022-06-13T03:21:51.775+0000][1][safepoint    ] Leaving safepoint region
[2022-06-13T03:21:51.775+0000][1][safepoint    ] Total time for which application threads were stopped: 0.0004789 seconds, Stopping threads took: 0.0002296 seconds
[2022-06-13T03:21:51.775+0000][1][safepoint    ] Application time: 0.0002318 seconds
[2022-06-13T03:21:51.775+0000][1][safepoint    ] Entering safepoint region: RevokeBias
[2022-06-13T03:21:51.776+0000][1][safepoint    ] Leaving safepoint region
[2022-06-13T03:21:51.776+0000][1][safepoint    ] Total time for which application threads were stopped: 0.0003600 seconds, Stopping threads took: 0.0001916 seconds
[2022-06-13T03:21:51.796+0000][1][safepoint    ] Application time: 0.0199543 seconds
[2022-06-13T03:21:51.796+0000][1][safepoint    ] Entering safepoint region: GenCollectForAllocation
[2022-06-13T03:21:51.796+0000][1][gc,start     ] GC(19) Pause Young (Allocation Failure)
[2022-06-13T03:21:51.796+0000][1][gc,task      ] GC(19) Using 5 workers of 13 for evacuation
[2022-06-13T03:21:51.801+0000][1][gc,age       ] GC(19) Desired survivor size 4456448 bytes, new threshold 2 (max threshold 6)
[2022-06-13T03:21:51.801+0000][1][gc,age       ] GC(19) Age table with threshold 2 (max threshold 6)
[2022-06-13T03:21:51.801+0000][1][gc,age       ] GC(19) - age   1:    2883968 bytes,    2883968 total
[2022-06-13T03:21:51.802+0000][1][gc,age       ] GC(19) - age   2:    3971560 bytes,    6855528 total
[2022-06-13T03:21:51.802+0000][1][gc,age       ] GC(19) - age   3:     202632 bytes,    7058160 total
[2022-06-13T03:21:51.802+0000][1][gc,heap      ] GC(19) ParNew: 74833K->8704K(78656K)
[2022-06-13T03:21:51.802+0000][1][gc,heap      ] GC(19) CMS: 55691K->55691K(174784K)
[2022-06-13T03:21:51.802+0000][1][gc,metaspace ] GC(19) Metaspace: 47311K->47311K(1093632K)
[2022-06-13T03:21:51.802+0000][1][gc           ] GC(19) Pause Young (Allocation Failure) 127M->62M(247M) 6.185ms
[2022-06-13T03:21:51.802+0000][1][gc,cpu       ] GC(19) User=0.03s Sys=0.00s Real=0.01s
[2022-06-13T03:21:51.803+0000][1][safepoint    ] Leaving safepoint region
[2022-06-13T03:21:51.803+0000][1][safepoint    ] Total time for which application threads were stopped: 0.0068632 seconds, Stopping threads took: 0.0001282 seconds
[2022-06-13T03:21:51.807+0000][1][safepoint    ] Application time: 0.0044913 seconds
[2022-06-13T03:21:51.808+0000][1][safepoint    ] Entering safepoint region: RevokeBias
[2022-06-13T03:21:51.808+0000][1][safepoint    ] Leaving safepoint region
[2022-06-13T03:21:51.808+0000][1][safepoint    ] Total time for which application threads were stopped: 0.0003278 seconds, Stopping threads took: 0.0001431 seconds
[2022-06-13T03:21:51.976+0000][1][safepoint    ] Application time: 0.1680186 seconds
[2022-06-13T03:21:51.976+0000][1][safepoint    ] Entering safepoint region: RevokeBias
[2022-06-13T03:21:51.977+0000][1][safepoint    ] Leaving safepoint region
[2022-06-13T03:21:51.977+0000][1][safepoint    ] Total time for which application threads were stopped: 0.0004189 seconds, Stopping threads took: 0.0001802 seconds
[2022-06-13T03:21:52.128+0000][1][safepoint    ] Application time: 0.1513105 seconds
[2022-06-13T03:21:52.129+0000][1][safepoint    ] Entering safepoint region: RevokeBias
[2022-06-13T03:21:52.129+0000][1][safepoint    ] Leaving safepoint region
[2022-06-13T03:21:52.129+0000][1][safepoint    ] Total time for which application threads were stopped: 0.0003343 seconds, Stopping threads took: 0.0001404 seconds
[2022-06-13T03:21:52.362+0000][1][safepoint    ] Application time: 0.2325416 seconds
[2022-06-13T03:21:52.362+0000][1][safepoint    ] Entering safepoint region: GenCollectForAllocation
[2022-06-13T03:21:52.362+0000][1][gc,start     ] GC(20) Pause Young (Allocation Failure)
[2022-06-13T03:21:52.362+0000][1][gc,task      ] GC(20) Using 5 workers of 13 for evacuation
[2022-06-13T03:21:52.370+0000][1][gc,age       ] GC(20) Desired survivor size 4456448 bytes, new threshold 6 (max threshold 6)
[2022-06-13T03:21:52.370+0000][1][gc,age       ] GC(20) Age table with threshold 6 (max threshold 6)
[2022-06-13T03:21:52.371+0000][1][gc,age       ] GC(20) - age   1:    1560464 bytes,    1560464 total
[2022-06-13T03:21:52.371+0000][1][gc,age       ] GC(20) - age   2:    2781152 bytes,    4341616 total
[2022-06-13T03:21:52.371+0000][1][gc,heap      ] GC(20) ParNew: 78656K->6068K(78656K)
[2022-06-13T03:21:52.371+0000][1][gc,heap      ] GC(20) CMS: 55691K->59889K(174784K)
[2022-06-13T03:21:52.371+0000][1][gc,metaspace ] GC(20) Metaspace: 53997K->53997K(1099776K)
[2022-06-13T03:21:52.371+0000][1][gc           ] GC(20) Pause Young (Allocation Failure) 131M->64M(247M) 9.098ms
[2022-06-13T03:21:52.372+0000][1][gc,cpu       ] GC(20) User=0.05s Sys=0.00s Real=0.01s
[2022-06-13T03:21:52.372+0000][1][safepoint    ] Leaving safepoint region
[2022-06-13T03:21:52.372+0000][1][safepoint    ] Total time for which application threads were stopped: 0.0099480 seconds, Stopping threads took: 0.0002020 seconds
[2022-06-13T03:21:52.524+0000][1][safepoint    ] Application time: 0.1517001 seconds
[2022-06-13T03:21:52.524+0000][1][safepoint    ] Entering safepoint region: Deoptimize
[2022-06-13T03:21:52.525+0000][1][safepoint    ] Leaving safepoint region
[2022-06-13T03:21:52.526+0000][1][safepoint    ] Total time for which application threads were stopped: 0.0015933 seconds, Stopping threads took: 0.0001796 seconds
[2022-06-13T03:21:52.565+0000][1][safepoint    ] Application time: 0.0389041 seconds
[2022-06-13T03:21:52.565+0000][1][safepoint    ] Entering safepoint region: RevokeBias
[2022-06-13T03:21:52.565+0000][1][safepoint    ] Leaving safepoint region
[2022-06-13T03:21:52.565+0000][1][safepoint    ] Total time for which application threads were stopped: 0.0003065 seconds, Stopping threads took: 0.0001473 seconds
[2022-06-13T03:21:52.566+0000][1][safepoint    ] Application time: 0.0001279 seconds
[2022-06-13T03:21:52.566+0000][1][safepoint    ] Entering safepoint region: RevokeBias
[2022-06-13T03:21:52.566+0000][1][safepoint    ] Leaving safepoint region
[2022-06-13T03:21:52.566+0000][1][safepoint    ] Total time for which application threads were stopped: 0.0003157 seconds, Stopping threads took: 0.0001180 seconds
[2022-06-13T03:21:52.566+0000][1][safepoint    ] Application time: 0.0001885 seconds
[2022-06-13T03:21:52.566+0000][1][safepoint    ] Entering safepoint region: RevokeBias
[2022-06-13T03:21:52.567+0000][1][safepoint    ] Leaving safepoint region
[2022-06-13T03:21:52.567+0000][1][safepoint    ] Total time for which application threads were stopped: 0.0002356 seconds, Stopping threads took: 0.0001290 seconds
[2022-06-13T03:21:52.569+0000][1][safepoint    ] Application time: 0.0026113 seconds
[2022-06-13T03:21:52.570+0000][1][safepoint    ] Entering safepoint region: RevokeBias
[2022-06-13T03:21:52.570+0000][1][safepoint    ] Leaving safepoint region
[2022-06-13T03:21:52.570+0000][1][safepoint    ] Total time for which application threads were stopped: 0.0004207 seconds, Stopping threads took: 0.0001922 seconds
[2022-06-13T03:21:52.640+0000][1][safepoint    ] Application time: 0.0696164 seconds
[2022-06-13T03:21:52.640+0000][1][safepoint    ] Entering safepoint region: RevokeBias
[2022-06-13T03:21:52.642+0000][1][safepoint    ] Leaving safepoint region
[2022-06-13T03:21:52.642+0000][1][safepoint    ] Total time for which application threads were stopped: 0.0017967 seconds, Stopping threads took: 0.0002045 seconds
[2022-06-13T03:21:52.642+0000][1][safepoint    ] Application time: 0.0001164 seconds
[2022-06-13T03:21:52.642+0000][1][safepoint    ] Entering safepoint region: RevokeBias
[2022-06-13T03:21:52.643+0000][1][safepoint    ] Leaving safepoint region
[2022-06-13T03:21:52.643+0000][1][safepoint    ] Total time for which application threads were stopped: 0.0004754 seconds, Stopping threads took: 0.0001986 seconds
[2022-06-13T03:21:52.644+0000][1][safepoint    ] Application time: 0.0008246 seconds
[2022-06-13T03:21:52.644+0000][1][safepoint    ] Entering safepoint region: RevokeBias
[2022-06-13T03:21:52.644+0000][1][safepoint    ] Leaving safepoint region
[2022-06-13T03:21:52.644+0000][1][safepoint    ] Total time for which application threads were stopped: 0.0004983 seconds, Stopping threads took: 0.0002689 seconds
[2022-06-13T03:21:52.645+0000][1][safepoint    ] Application time: 0.0001807 seconds
[2022-06-13T03:21:52.645+0000][1][safepoint    ] Entering safepoint region: RevokeBias
[2022-06-13T03:21:52.645+0000][1][safepoint    ] Leaving safepoint region
[2022-06-13T03:21:52.645+0000][1][safepoint    ] Total time for which application threads were stopped: 0.0004640 seconds, Stopping threads took: 0.0002564 seconds
[2022-06-13T03:21:52.694+0000][1][safepoint    ] Application time: 0.0482613 seconds
[2022-06-13T03:21:52.694+0000][1][safepoint    ] Entering safepoint region: RevokeBias
[2022-06-13T03:21:52.694+0000][1][safepoint    ] Leaving safepoint region
[2022-06-13T03:21:52.694+0000][1][safepoint    ] Total time for which application threads were stopped: 0.0003245 seconds, Stopping threads took: 0.0001653 seconds
[2022-06-13T03:21:52.740+0000][1][safepoint    ] Application time: 0.0455096 seconds
[2022-06-13T03:21:52.740+0000][1][safepoint    ] Entering safepoint region: Deoptimize
[2022-06-13T03:21:52.741+0000][1][safepoint    ] Leaving safepoint region
[2022-06-13T03:21:52.741+0000][1][safepoint    ] Total time for which application threads were stopped: 0.0007966 seconds, Stopping threads took: 0.0001313 seconds
[2022-06-13T03:21:52.964+0000][1][safepoint    ] Application time: 0.2227039 seconds
[2022-06-13T03:21:52.964+0000][1][safepoint    ] Entering safepoint region: RevokeBias
[2022-06-13T03:21:52.964+0000][1][safepoint    ] Leaving safepoint region
[2022-06-13T03:21:52.964+0000][1][safepoint    ] Total time for which application threads were stopped: 0.0003716 seconds, Stopping threads took: 0.0001646 seconds
[2022-06-13T03:21:52.965+0000][1][safepoint    ] Application time: 0.0002725 seconds
[2022-06-13T03:21:52.965+0000][1][safepoint    ] Entering safepoint region: RevokeBias
[2022-06-13T03:21:52.965+0000][1][safepoint    ] Leaving safepoint region
[2022-06-13T03:21:52.965+0000][1][safepoint    ] Total time for which application threads were stopped: 0.0002053 seconds, Stopping threads took: 0.0000930 seconds
[2022-06-13T03:21:52.965+0000][1][safepoint    ] Application time: 0.0000744 seconds
[2022-06-13T03:21:52.965+0000][1][safepoint    ] Entering safepoint region: RevokeBias
[2022-06-13T03:21:52.965+0000][1][safepoint    ] Leaving safepoint region
[2022-06-13T03:21:52.965+0000][1][safepoint    ] Total time for which application threads were stopped: 0.0001863 seconds, Stopping threads took: 0.0000892 seconds
[2022-06-13T03:21:52.966+0000][1][safepoint    ] Application time: 0.0000618 seconds
[2022-06-13T03:21:52.966+0000][1][safepoint    ] Entering safepoint region: RevokeBias
[2022-06-13T03:21:52.966+0000][1][safepoint    ] Leaving safepoint region
[2022-06-13T03:21:52.966+0000][1][safepoint    ] Total time for which application threads were stopped: 0.0001859 seconds, Stopping threads took: 0.0000883 seconds
[2022-06-13T03:21:53.036+0000][1][safepoint    ] Application time: 0.0698494 seconds
[2022-06-13T03:21:53.036+0000][1][safepoint    ] Entering safepoint region: BulkRevokeBias
[2022-06-13T03:21:53.036+0000][1][safepoint    ] Leaving safepoint region
[2022-06-13T03:21:53.037+0000][1][safepoint    ] Total time for which application threads were stopped: 0.0003870 seconds, Stopping threads took: 0.0001725 seconds
[2022-06-13T03:21:53.169+0000][1][safepoint    ] Application time: 0.1327169 seconds
[2022-06-13T03:21:53.170+0000][1][safepoint    ] Entering safepoint region: GenCollectForAllocation
[2022-06-13T03:21:53.170+0000][1][gc,start     ] GC(21) Pause Young (Allocation Failure)
[2022-06-13T03:21:53.170+0000][1][gc,task      ] GC(21) Using 5 workers of 13 for evacuation
[2022-06-13T03:21:53.177+0000][1][gc,age       ] GC(21) Desired survivor size 4456448 bytes, new threshold 2 (max threshold 6)
[2022-06-13T03:21:53.177+0000][1][gc,age       ] GC(21) Age table with threshold 2 (max threshold 6)
[2022-06-13T03:21:53.177+0000][1][gc,age       ] GC(21) - age   1:    3698112 bytes,    3698112 total
[2022-06-13T03:21:53.177+0000][1][gc,age       ] GC(21) - age   2:    1498768 bytes,    5196880 total
[2022-06-13T03:21:53.177+0000][1][gc,age       ] GC(21) - age   3:    2765184 bytes,    7962064 total
[2022-06-13T03:21:53.178+0000][1][gc,heap      ] GC(21) ParNew: 76020K->8704K(78656K)
[2022-06-13T03:21:53.178+0000][1][gc,heap      ] GC(21) CMS: 59889K->60231K(174784K)
[2022-06-13T03:21:53.178+0000][1][gc,metaspace ] GC(21) Metaspace: 62153K->62153K(1105920K)
[2022-06-13T03:21:53.178+0000][1][gc           ] GC(21) Pause Young (Allocation Failure) 132M->67M(247M) 8.097ms
[2022-06-13T03:21:53.178+0000][1][gc,cpu       ] GC(21) User=0.03s Sys=0.00s Real=0.00s
[2022-06-13T03:21:53.178+0000][1][safepoint    ] Leaving safepoint region
[2022-06-13T03:21:53.178+0000][1][safepoint    ] Total time for which application threads were stopped: 0.0086340 seconds, Stopping threads took: 0.0001443 seconds
[2022-06-13T03:21:53.206+0000][1][safepoint    ] Application time: 0.0274963 seconds
[2022-06-13T03:21:53.206+0000][1][safepoint    ] Entering safepoint region: Deoptimize
[2022-06-13T03:21:53.207+0000][1][safepoint    ] Leaving safepoint region
[2022-06-13T03:21:53.207+0000][1][safepoint    ] Total time for which application threads were stopped: 0.0010358 seconds, Stopping threads took: 0.0001914 seconds
[2022-06-13T03:21:53.213+0000][1][safepoint    ] Application time: 0.0051968 seconds
[2022-06-13T03:21:53.213+0000][1][safepoint    ] Entering safepoint region: RevokeBias
[2022-06-13T03:21:53.213+0000][1][safepoint    ] Leaving safepoint region
[2022-06-13T03:21:53.214+0000][1][safepoint    ] Total time for which application threads were stopped: 0.0004770 seconds, Stopping threads took: 0.0002699 seconds
[2022-06-13T03:21:53.214+0000][1][safepoint    ] Application time: 0.0002596 seconds
[2022-06-13T03:21:53.214+0000][1][safepoint    ] Entering safepoint region: RevokeBias
[2022-06-13T03:21:53.214+0000][1][safepoint    ] Leaving safepoint region
[2022-06-13T03:21:53.214+0000][1][safepoint    ] Total time for which application threads were stopped: 0.0002620 seconds, Stopping threads took: 0.0001226 seconds
[2022-06-13T03:21:53.215+0000][1][safepoint    ] Application time: 0.0002008 seconds
[2022-06-13T03:21:53.215+0000][1][safepoint    ] Entering safepoint region: RevokeBias
[2022-06-13T03:21:53.215+0000][1][safepoint    ] Leaving safepoint region
[2022-06-13T03:21:53.215+0000][1][safepoint    ] Total time for which application threads were stopped: 0.0002844 seconds, Stopping threads took: 0.0001206 seconds
[2022-06-13T03:21:53.216+0000][1][safepoint    ] Application time: 0.0006008 seconds
[2022-06-13T03:21:53.216+0000][1][safepoint    ] Entering safepoint region: RevokeBias
[2022-06-13T03:21:53.216+0000][1][safepoint    ] Leaving safepoint region
[2022-06-13T03:21:53.216+0000][1][safepoint    ] Total time for which application threads were stopped: 0.0003580 seconds, Stopping threads took: 0.0001585 seconds
[2022-06-13T03:21:53.217+0000][1][safepoint    ] Application time: 0.0004694 seconds
[2022-06-13T03:21:53.217+0000][1][safepoint    ] Entering safepoint region: RevokeBias
[2022-06-13T03:21:53.217+0000][1][safepoint    ] Leaving safepoint region
[2022-06-13T03:21:53.218+0000][1][safepoint    ] Total time for which application threads were stopped: 0.0005787 seconds, Stopping threads took: 0.0001451 seconds
[2022-06-13T03:21:53.218+0000][1][safepoint    ] Application time: 0.0001820 seconds
[2022-06-13T03:21:53.218+0000][1][safepoint    ] Entering safepoint region: RevokeBias
[2022-06-13T03:21:53.219+0000][1][safepoint    ] Leaving safepoint region
[2022-06-13T03:21:53.219+0000][1][safepoint    ] Total time for which application threads were stopped: 0.0003055 seconds, Stopping threads took: 0.0001511 seconds
[2022-06-13T03:21:53.219+0000][1][safepoint    ] Application time: 0.0001082 seconds
[2022-06-13T03:21:53.219+0000][1][safepoint    ] Entering safepoint region: RevokeBias
[2022-06-13T03:21:53.219+0000][1][safepoint    ] Leaving safepoint region
[2022-06-13T03:21:53.219+0000][1][safepoint    ] Total time for which application threads were stopped: 0.0003273 seconds, Stopping threads took: 0.0001555 seconds
[2022-06-13T03:21:53.220+0000][1][safepoint    ] Application time: 0.0001953 seconds
[2022-06-13T03:21:53.220+0000][1][safepoint    ] Entering safepoint region: RevokeBias
[2022-06-13T03:21:53.220+0000][1][safepoint    ] Leaving safepoint region
[2022-06-13T03:21:53.220+0000][1][safepoint    ] Total time for which application threads were stopped: 0.0003885 seconds, Stopping threads took: 0.0001835 seconds
[2022-06-13T03:21:53.221+0000][1][safepoint    ] Application time: 0.0002466 seconds
[2022-06-13T03:21:53.221+0000][1][safepoint    ] Entering safepoint region: RevokeBias
[2022-06-13T03:21:53.221+0000][1][safepoint    ] Leaving safepoint region
[2022-06-13T03:21:53.221+0000][1][safepoint    ] Total time for which application threads were stopped: 0.0004807 seconds, Stopping threads took: 0.0002218 seconds
[2022-06-13T03:21:53.222+0000][1][safepoint    ] Application time: 0.0002535 seconds
[2022-06-13T03:21:53.222+0000][1][safepoint    ] Entering safepoint region: RevokeBias
[2022-06-13T03:21:53.222+0000][1][safepoint    ] Leaving safepoint region
[2022-06-13T03:21:53.222+0000][1][safepoint    ] Total time for which application threads were stopped: 0.0003702 seconds, Stopping threads took: 0.0002387 seconds
[2022-06-13T03:21:53.223+0000][1][safepoint    ] Application time: 0.0001041 seconds
[2022-06-13T03:21:53.223+0000][1][safepoint    ] Entering safepoint region: RevokeBias
[2022-06-13T03:21:53.223+0000][1][safepoint    ] Leaving safepoint region
[2022-06-13T03:21:53.223+0000][1][safepoint    ] Total time for which application threads were stopped: 0.0003772 seconds, Stopping threads took: 0.0001856 seconds
[2022-06-13T03:21:53.224+0000][1][safepoint    ] Application time: 0.0004617 seconds
[2022-06-13T03:21:53.224+0000][1][safepoint    ] Entering safepoint region: RevokeBias
[2022-06-13T03:21:53.224+0000][1][safepoint    ] Leaving safepoint region
[2022-06-13T03:21:53.224+0000][1][safepoint    ] Total time for which application threads were stopped: 0.0003460 seconds, Stopping threads took: 0.0001527 seconds
[2022-06-13T03:21:53.225+0000][1][safepoint    ] Application time: 0.0001310 seconds
[2022-06-13T03:21:53.225+0000][1][safepoint    ] Entering safepoint region: RevokeBias
[2022-06-13T03:21:53.225+0000][1][safepoint    ] Leaving safepoint region
[2022-06-13T03:21:53.225+0000][1][safepoint    ] Total time for which application threads were stopped: 0.0002385 seconds, Stopping threads took: 0.0001143 seconds
[2022-06-13T03:21:53.226+0000][1][safepoint    ] Application time: 0.0007145 seconds
[2022-06-13T03:21:53.226+0000][1][safepoint    ] Entering safepoint region: RevokeBias
[2022-06-13T03:21:53.226+0000][1][safepoint    ] Leaving safepoint region
[2022-06-13T03:21:53.227+0000][1][safepoint    ] Total time for which application threads were stopped: 0.0002832 seconds, Stopping threads took: 0.0001229 seconds
[2022-06-13T03:21:53.227+0000][1][safepoint    ] Application time: 0.0001036 seconds
[2022-06-13T03:21:53.227+0000][1][safepoint    ] Entering safepoint region: RevokeBias
[2022-06-13T03:21:53.227+0000][1][safepoint    ] Leaving safepoint region
[2022-06-13T03:21:53.227+0000][1][safepoint    ] Total time for which application threads were stopped: 0.0002633 seconds, Stopping threads took: 0.0001158 seconds
[2022-06-13T03:21:53.228+0000][1][safepoint    ] Application time: 0.0010099 seconds
[2022-06-13T03:21:53.228+0000][1][safepoint    ] Entering safepoint region: RevokeBias
[2022-06-13T03:21:53.229+0000][1][safepoint    ] Leaving safepoint region
[2022-06-13T03:21:53.229+0000][1][safepoint    ] Total time for which application threads were stopped: 0.0003124 seconds, Stopping threads took: 0.0001451 seconds
[2022-06-13T03:21:53.230+0000][1][safepoint    ] Application time: 0.0008599 seconds
[2022-06-13T03:21:53.230+0000][1][safepoint    ] Entering safepoint region: Deoptimize
[2022-06-13T03:21:53.231+0000][1][safepoint    ] Leaving safepoint region
[2022-06-13T03:21:53.231+0000][1][safepoint    ] Total time for which application threads were stopped: 0.0008416 seconds, Stopping threads took: 0.0001428 seconds
[2022-06-13T03:21:53.268+0000][1][safepoint    ] Application time: 0.0368270 seconds
[2022-06-13T03:21:53.268+0000][1][safepoint    ] Entering safepoint region: RevokeBias
[2022-06-13T03:21:53.269+0000][1][safepoint    ] Leaving safepoint region
[2022-06-13T03:21:53.269+0000][1][safepoint    ] Total time for which application threads were stopped: 0.0008490 seconds, Stopping threads took: 0.0004259 seconds
[2022-06-13T03:21:53.269+0000][1][safepoint    ] Application time: 0.0001042 seconds
[2022-06-13T03:21:53.270+0000][1][safepoint    ] Entering safepoint region: RevokeBias
[2022-06-13T03:21:53.270+0000][1][safepoint    ] Leaving safepoint region
[2022-06-13T03:21:53.270+0000][1][safepoint    ] Total time for which application threads were stopped: 0.0007372 seconds, Stopping threads took: 0.0003450 seconds
[2022-06-13T03:21:53.271+0000][1][safepoint    ] Application time: 0.0002246 seconds
[2022-06-13T03:21:53.271+0000][1][safepoint    ] Entering safepoint region: RevokeBias
[2022-06-13T03:21:53.271+0000][1][safepoint    ] Leaving safepoint region
[2022-06-13T03:21:53.271+0000][1][safepoint    ] Total time for which application threads were stopped: 0.0003959 seconds, Stopping threads took: 0.0002181 seconds
[2022-06-13T03:21:53.272+0000][1][safepoint    ] Application time: 0.0003874 seconds
[2022-06-13T03:21:53.272+0000][1][safepoint    ] Entering safepoint region: RevokeBias
[2022-06-13T03:21:53.272+0000][1][safepoint    ] Leaving safepoint region
[2022-06-13T03:21:53.272+0000][1][safepoint    ] Total time for which application threads were stopped: 0.0002825 seconds, Stopping threads took: 0.0001561 seconds
[2022-06-13T03:21:53.273+0000][1][safepoint    ] Application time: 0.0001003 seconds
[2022-06-13T03:21:53.273+0000][1][safepoint    ] Entering safepoint region: RevokeBias
[2022-06-13T03:21:53.273+0000][1][safepoint    ] Leaving safepoint region
[2022-06-13T03:21:53.273+0000][1][safepoint    ] Total time for which application threads were stopped: 0.0003958 seconds, Stopping threads took: 0.0001920 seconds
[2022-06-13T03:21:53.274+0000][1][safepoint    ] Application time: 0.0011850 seconds
[2022-06-13T03:21:53.275+0000][1][safepoint    ] Entering safepoint region: RevokeBias
[2022-06-13T03:21:53.275+0000][1][safepoint    ] Leaving safepoint region
[2022-06-13T03:21:53.275+0000][1][safepoint    ] Total time for which application threads were stopped: 0.0003284 seconds, Stopping threads took: 0.0001587 seconds
[2022-06-13T03:21:53.275+0000][1][safepoint    ] Application time: 0.0002746 seconds
[2022-06-13T03:21:53.276+0000][1][safepoint    ] Entering safepoint region: RevokeBias
[2022-06-13T03:21:53.276+0000][1][safepoint    ] Leaving safepoint region
[2022-06-13T03:21:53.276+0000][1][safepoint    ] Total time for which application threads were stopped: 0.0004473 seconds, Stopping threads took: 0.0002168 seconds
[2022-06-13T03:21:53.276+0000][1][safepoint    ] Application time: 0.0001335 seconds
[2022-06-13T03:21:53.277+0000][1][safepoint    ] Entering safepoint region: RevokeBias
[2022-06-13T03:21:53.277+0000][1][safepoint    ] Leaving safepoint region
[2022-06-13T03:21:53.278+0000][1][safepoint    ] Total time for which application threads were stopped: 0.0009516 seconds, Stopping threads took: 0.0005451 seconds
[2022-06-13T03:21:53.278+0000][1][safepoint    ] Application time: 0.0001435 seconds
[2022-06-13T03:21:53.278+0000][1][safepoint    ] Entering safepoint region: RevokeBias
[2022-06-13T03:21:53.279+0000][1][safepoint    ] Leaving safepoint region
[2022-06-13T03:21:53.279+0000][1][safepoint    ] Total time for which application threads were stopped: 0.0007924 seconds, Stopping threads took: 0.0003311 seconds
[2022-06-13T03:21:53.279+0000][1][safepoint    ] Application time: 0.0000985 seconds
[2022-06-13T03:21:53.279+0000][1][safepoint    ] Entering safepoint region: RevokeBias
[2022-06-13T03:21:53.280+0000][1][safepoint    ] Leaving safepoint region
[2022-06-13T03:21:53.280+0000][1][safepoint    ] Total time for which application threads were stopped: 0.0003117 seconds, Stopping threads took: 0.0001541 seconds
[2022-06-13T03:21:53.280+0000][1][safepoint    ] Application time: 0.0002608 seconds
[2022-06-13T03:21:53.280+0000][1][safepoint    ] Entering safepoint region: BulkRevokeBias
[2022-06-13T03:21:53.280+0000][1][safepoint    ] Leaving safepoint region
[2022-06-13T03:21:53.281+0000][1][safepoint    ] Total time for which application threads were stopped: 0.0004510 seconds, Stopping threads took: 0.0002336 seconds
[2022-06-13T03:21:53.281+0000][1][safepoint    ] Application time: 0.0006270 seconds
[2022-06-13T03:21:53.282+0000][1][safepoint    ] Entering safepoint region: RevokeBias
[2022-06-13T03:21:53.282+0000][1][safepoint    ] Leaving safepoint region
[2022-06-13T03:21:53.282+0000][1][safepoint    ] Total time for which application threads were stopped: 0.0004509 seconds, Stopping threads took: 0.0002896 seconds
[2022-06-13T03:21:53.282+0000][1][safepoint    ] Application time: 0.0002481 seconds
[2022-06-13T03:21:53.283+0000][1][safepoint    ] Entering safepoint region: RevokeBias
[2022-06-13T03:21:53.283+0000][1][safepoint    ] Leaving safepoint region
[2022-06-13T03:21:53.283+0000][1][safepoint    ] Total time for which application threads were stopped: 0.0003287 seconds, Stopping threads took: 0.0001268 seconds
[2022-06-13T03:21:53.283+0000][1][safepoint    ] Application time: 0.0001510 seconds
[2022-06-13T03:21:53.283+0000][1][safepoint    ] Entering safepoint region: RevokeBias
[2022-06-13T03:21:53.284+0000][1][safepoint    ] Leaving safepoint region
[2022-06-13T03:21:53.284+0000][1][safepoint    ] Total time for which application threads were stopped: 0.0003261 seconds, Stopping threads took: 0.0001613 seconds
[2022-06-13T03:21:53.285+0000][1][safepoint    ] Application time: 0.0009292 seconds
[2022-06-13T03:21:53.285+0000][1][safepoint    ] Entering safepoint region: RevokeBias
[2022-06-13T03:21:53.285+0000][1][safepoint    ] Leaving safepoint region
[2022-06-13T03:21:53.285+0000][1][safepoint    ] Total time for which application threads were stopped: 0.0004473 seconds, Stopping threads took: 0.0002614 seconds
[2022-06-13T03:21:53.286+0000][1][safepoint    ] Application time: 0.0008127 seconds
[2022-06-13T03:21:53.287+0000][1][safepoint    ] Entering safepoint region: RevokeBias
[2022-06-13T03:21:53.287+0000][1][safepoint    ] Leaving safepoint region
[2022-06-13T03:21:53.287+0000][1][safepoint    ] Total time for which application threads were stopped: 0.0008694 seconds, Stopping threads took: 0.0006439 seconds
[2022-06-13T03:21:53.288+0000][1][safepoint    ] Application time: 0.0004580 seconds
[2022-06-13T03:21:53.288+0000][1][safepoint    ] Entering safepoint region: RevokeBias
[2022-06-13T03:21:53.288+0000][1][safepoint    ] Leaving safepoint region
[2022-06-13T03:21:53.288+0000][1][safepoint    ] Total time for which application threads were stopped: 0.0002984 seconds, Stopping threads took: 0.0001427 seconds
[2022-06-13T03:21:53.289+0000][1][safepoint    ] Application time: 0.0007672 seconds
[2022-06-13T03:21:53.289+0000][1][safepoint    ] Entering safepoint region: RevokeBias
[2022-06-13T03:21:53.290+0000][1][safepoint    ] Leaving safepoint region
[2022-06-13T03:21:53.290+0000][1][safepoint    ] Total time for which application threads were stopped: 0.0003420 seconds, Stopping threads took: 0.0001854 seconds
[2022-06-13T03:21:53.290+0000][1][safepoint    ] Application time: 0.0006364 seconds
[2022-06-13T03:21:53.291+0000][1][safepoint    ] Entering safepoint region: RevokeBias
[2022-06-13T03:21:53.291+0000][1][safepoint    ] Leaving safepoint region
[2022-06-13T03:21:53.291+0000][1][safepoint    ] Total time for which application threads were stopped: 0.0003351 seconds, Stopping threads took: 0.0001805 seconds
[2022-06-13T03:21:53.291+0000][1][safepoint    ] Application time: 0.0001225 seconds
[2022-06-13T03:21:53.291+0000][1][safepoint    ] Entering safepoint region: RevokeBias
[2022-06-13T03:21:53.291+0000][1][safepoint    ] Leaving safepoint region
[2022-06-13T03:21:53.292+0000][1][safepoint    ] Total time for which application threads were stopped: 0.0002562 seconds, Stopping threads took: 0.0001261 seconds
[2022-06-13T03:21:53.292+0000][1][safepoint    ] Application time: 0.0000675 seconds
[2022-06-13T03:21:53.292+0000][1][safepoint    ] Entering safepoint region: RevokeBias
[2022-06-13T03:21:53.292+0000][1][safepoint    ] Leaving safepoint region
[2022-06-13T03:21:53.292+0000][1][safepoint    ] Total time for which application threads were stopped: 0.0002431 seconds, Stopping threads took: 0.0001091 seconds
[2022-06-13T03:21:53.292+0000][1][safepoint    ] Application time: 0.0000971 seconds
[2022-06-13T03:21:53.292+0000][1][safepoint    ] Entering safepoint region: RevokeBias
[2022-06-13T03:21:53.293+0000][1][safepoint    ] Leaving safepoint region
[2022-06-13T03:21:53.293+0000][1][safepoint    ] Total time for which application threads were stopped: 0.0003118 seconds, Stopping threads took: 0.0001783 seconds
[2022-06-13T03:21:53.293+0000][1][safepoint    ] Application time: 0.0004709 seconds
[2022-06-13T03:21:53.293+0000][1][safepoint    ] Entering safepoint region: RevokeBias
[2022-06-13T03:21:53.294+0000][1][safepoint    ] Leaving safepoint region
[2022-06-13T03:21:53.294+0000][1][safepoint    ] Total time for which application threads were stopped: 0.0002740 seconds, Stopping threads took: 0.0001260 seconds
[2022-06-13T03:21:53.294+0000][1][safepoint    ] Application time: 0.0000877 seconds
[2022-06-13T03:21:53.294+0000][1][safepoint    ] Entering safepoint region: RevokeBias
[2022-06-13T03:21:53.294+0000][1][safepoint    ] Leaving safepoint region
[2022-06-13T03:21:53.294+0000][1][safepoint    ] Total time for which application threads were stopped: 0.0003563 seconds, Stopping threads took: 0.0001821 seconds
[2022-06-13T03:21:53.297+0000][1][safepoint    ] Application time: 0.0025696 seconds
[2022-06-13T03:21:53.297+0000][1][safepoint    ] Entering safepoint region: RevokeBias
[2022-06-13T03:21:53.298+0000][1][safepoint    ] Leaving safepoint region
[2022-06-13T03:21:53.298+0000][1][safepoint    ] Total time for which application threads were stopped: 0.0004097 seconds, Stopping threads took: 0.0002324 seconds
[2022-06-13T03:21:53.299+0000][1][safepoint    ] Application time: 0.0009424 seconds
[2022-06-13T03:21:53.299+0000][1][safepoint    ] Entering safepoint region: RevokeBias
[2022-06-13T03:21:53.299+0000][1][safepoint    ] Leaving safepoint region
[2022-06-13T03:21:53.299+0000][1][safepoint    ] Total time for which application threads were stopped: 0.0005374 seconds, Stopping threads took: 0.0002823 seconds
[2022-06-13T03:21:53.300+0000][1][safepoint    ] Application time: 0.0001866 seconds
[2022-06-13T03:21:53.300+0000][1][safepoint    ] Entering safepoint region: RevokeBias
[2022-06-13T03:21:53.300+0000][1][safepoint    ] Leaving safepoint region
[2022-06-13T03:21:53.301+0000][1][safepoint    ] Total time for which application threads were stopped: 0.0006440 seconds, Stopping threads took: 0.0004290 seconds
[2022-06-13T03:21:53.303+0000][1][safepoint    ] Application time: 0.0025367 seconds
[2022-06-13T03:21:53.304+0000][1][safepoint    ] Entering safepoint region: RevokeBias
[2022-06-13T03:21:53.304+0000][1][safepoint    ] Leaving safepoint region
[2022-06-13T03:21:53.304+0000][1][safepoint    ] Total time for which application threads were stopped: 0.0002998 seconds, Stopping threads took: 0.0001514 seconds
[2022-06-13T03:21:53.304+0000][1][safepoint    ] Application time: 0.0001455 seconds
[2022-06-13T03:21:53.304+0000][1][safepoint    ] Entering safepoint region: RevokeBias
[2022-06-13T03:21:53.305+0000][1][safepoint    ] Leaving safepoint region
[2022-06-13T03:21:53.305+0000][1][safepoint    ] Total time for which application threads were stopped: 0.0004597 seconds, Stopping threads took: 0.0001631 seconds
[2022-06-13T03:21:53.305+0000][1][safepoint    ] Application time: 0.0001463 seconds
[2022-06-13T03:21:53.305+0000][1][safepoint    ] Entering safepoint region: RevokeBias
[2022-06-13T03:21:53.306+0000][1][safepoint    ] Leaving safepoint region
[2022-06-13T03:21:53.306+0000][1][safepoint    ] Total time for which application threads were stopped: 0.0005216 seconds, Stopping threads took: 0.0003568 seconds
[2022-06-13T03:21:53.306+0000][1][safepoint    ] Application time: 0.0005925 seconds
[2022-06-13T03:21:53.307+0000][1][safepoint    ] Entering safepoint region: RevokeBias
[2022-06-13T03:21:53.307+0000][1][safepoint    ] Leaving safepoint region
[2022-06-13T03:21:53.307+0000][1][safepoint    ] Total time for which application threads were stopped: 0.0003587 seconds, Stopping threads took: 0.0002007 seconds
[2022-06-13T03:21:53.307+0000][1][safepoint    ] Application time: 0.0000932 seconds
[2022-06-13T03:21:53.307+0000][1][safepoint    ] Entering safepoint region: RevokeBias
[2022-06-13T03:21:53.308+0000][1][safepoint    ] Leaving safepoint region
[2022-06-13T03:21:53.308+0000][1][safepoint    ] Total time for which application threads were stopped: 0.0003024 seconds, Stopping threads took: 0.0001345 seconds
[2022-06-13T03:21:53.308+0000][1][safepoint    ] Application time: 0.0001052 seconds
[2022-06-13T03:21:53.308+0000][1][safepoint    ] Entering safepoint region: RevokeBias
[2022-06-13T03:21:53.308+0000][1][safepoint    ] Leaving safepoint region
[2022-06-13T03:21:53.308+0000][1][safepoint    ] Total time for which application threads were stopped: 0.0002338 seconds, Stopping threads took: 0.0001101 seconds
[2022-06-13T03:21:53.309+0000][1][safepoint    ] Application time: 0.0004621 seconds
[2022-06-13T03:21:53.309+0000][1][safepoint    ] Entering safepoint region: RevokeBias
[2022-06-13T03:21:53.309+0000][1][safepoint    ] Leaving safepoint region
[2022-06-13T03:21:53.309+0000][1][safepoint    ] Total time for which application threads were stopped: 0.0002806 seconds, Stopping threads took: 0.0001007 seconds
[2022-06-13T03:21:53.309+0000][1][safepoint    ] Application time: 0.0000923 seconds
[2022-06-13T03:21:53.310+0000][1][safepoint    ] Entering safepoint region: RevokeBias
[2022-06-13T03:21:53.310+0000][1][safepoint    ] Leaving safepoint region
[2022-06-13T03:21:53.310+0000][1][safepoint    ] Total time for which application threads were stopped: 0.0002405 seconds, Stopping threads took: 0.0001057 seconds
[2022-06-13T03:21:53.311+0000][1][safepoint    ] Application time: 0.0015758 seconds
[2022-06-13T03:21:53.312+0000][1][safepoint    ] Entering safepoint region: RevokeBias
[2022-06-13T03:21:53.312+0000][1][safepoint    ] Leaving safepoint region
[2022-06-13T03:21:53.312+0000][1][safepoint    ] Total time for which application threads were stopped: 0.0003618 seconds, Stopping threads took: 0.0002037 seconds
[2022-06-13T03:21:53.312+0000][1][safepoint    ] Application time: 0.0001106 seconds
[2022-06-13T03:21:53.312+0000][1][safepoint    ] Entering safepoint region: RevokeBias
[2022-06-13T03:21:53.313+0000][1][safepoint    ] Leaving safepoint region
[2022-06-13T03:21:53.313+0000][1][safepoint    ] Total time for which application threads were stopped: 0.0003742 seconds, Stopping threads took: 0.0002067 seconds
[2022-06-13T03:21:53.316+0000][1][safepoint    ] Application time: 0.0029586 seconds
[2022-06-13T03:21:53.316+0000][1][safepoint    ] Entering safepoint region: RevokeBias
[2022-06-13T03:21:53.316+0000][1][safepoint    ] Leaving safepoint region
[2022-06-13T03:21:53.316+0000][1][safepoint    ] Total time for which application threads were stopped: 0.0003412 seconds, Stopping threads took: 0.0001089 seconds
[2022-06-13T03:21:53.317+0000][1][safepoint    ] Application time: 0.0001557 seconds
[2022-06-13T03:21:53.317+0000][1][safepoint    ] Entering safepoint region: RevokeBias
[2022-06-13T03:21:53.317+0000][1][safepoint    ] Leaving safepoint region
[2022-06-13T03:21:53.317+0000][1][safepoint    ] Total time for which application threads were stopped: 0.0003592 seconds, Stopping threads took: 0.0001472 seconds
[2022-06-13T03:21:53.317+0000][1][safepoint    ] Application time: 0.0001003 seconds
[2022-06-13T03:21:53.318+0000][1][safepoint    ] Entering safepoint region: RevokeBias
[2022-06-13T03:21:53.318+0000][1][safepoint    ] Leaving safepoint region
[2022-06-13T03:21:53.318+0000][1][safepoint    ] Total time for which application threads were stopped: 0.0005019 seconds, Stopping threads took: 0.0002705 seconds
[2022-06-13T03:21:53.319+0000][1][safepoint    ] Application time: 0.0001633 seconds
[2022-06-13T03:21:53.319+0000][1][safepoint    ] Entering safepoint region: RevokeBias
[2022-06-13T03:21:53.319+0000][1][safepoint    ] Leaving safepoint region
[2022-06-13T03:21:53.319+0000][1][safepoint    ] Total time for which application threads were stopped: 0.0003895 seconds, Stopping threads took: 0.0001682 seconds
[2022-06-13T03:21:53.322+0000][1][safepoint    ] Application time: 0.0024405 seconds
[2022-06-13T03:21:53.322+0000][1][safepoint    ] Entering safepoint region: RevokeBias
[2022-06-13T03:21:53.322+0000][1][safepoint    ] Leaving safepoint region
[2022-06-13T03:21:53.323+0000][1][safepoint    ] Total time for which application threads were stopped: 0.0005912 seconds, Stopping threads took: 0.0002974 seconds
[2022-06-13T03:21:53.323+0000][1][safepoint    ] Application time: 0.0001757 seconds
[2022-06-13T03:21:53.323+0000][1][safepoint    ] Entering safepoint region: RevokeBias
[2022-06-13T03:21:53.324+0000][1][safepoint    ] Leaving safepoint region
[2022-06-13T03:21:53.324+0000][1][safepoint    ] Total time for which application threads were stopped: 0.0007992 seconds, Stopping threads took: 0.0004674 seconds
[2022-06-13T03:21:53.324+0000][1][safepoint    ] Application time: 0.0001654 seconds
[2022-06-13T03:21:53.325+0000][1][safepoint    ] Entering safepoint region: RevokeBias
[2022-06-13T03:21:53.325+0000][1][safepoint    ] Leaving safepoint region
[2022-06-13T03:21:53.325+0000][1][safepoint    ] Total time for which application threads were stopped: 0.0007629 seconds, Stopping threads took: 0.0004607 seconds
[2022-06-13T03:21:53.327+0000][1][safepoint    ] Application time: 0.0018732 seconds
[2022-06-13T03:21:53.328+0000][1][safepoint    ] Entering safepoint region: RevokeBias
[2022-06-13T03:21:53.328+0000][1][safepoint    ] Leaving safepoint region
[2022-06-13T03:21:53.328+0000][1][safepoint    ] Total time for which application threads were stopped: 0.0006101 seconds, Stopping threads took: 0.0002261 seconds
[2022-06-13T03:21:53.330+0000][1][safepoint    ] Application time: 0.0013695 seconds
[2022-06-13T03:21:53.330+0000][1][safepoint    ] Entering safepoint region: RevokeBias
[2022-06-13T03:21:53.330+0000][1][safepoint    ] Leaving safepoint region
[2022-06-13T03:21:53.330+0000][1][safepoint    ] Total time for which application threads were stopped: 0.0003590 seconds, Stopping threads took: 0.0001570 seconds
[2022-06-13T03:21:53.332+0000][1][safepoint    ] Application time: 0.0009309 seconds
[2022-06-13T03:21:53.332+0000][1][safepoint    ] Entering safepoint region: RevokeBias
[2022-06-13T03:21:53.332+0000][1][safepoint    ] Leaving safepoint region
[2022-06-13T03:21:53.332+0000][1][safepoint    ] Total time for which application threads were stopped: 0.0003932 seconds, Stopping threads took: 0.0002039 seconds
[2022-06-13T03:21:53.332+0000][1][safepoint    ] Application time: 0.0001496 seconds
[2022-06-13T03:21:53.333+0000][1][safepoint    ] Entering safepoint region: RevokeBias
[2022-06-13T03:21:53.333+0000][1][safepoint    ] Leaving safepoint region
[2022-06-13T03:21:53.333+0000][1][safepoint    ] Total time for which application threads were stopped: 0.0002763 seconds, Stopping threads took: 0.0001336 seconds
[2022-06-13T03:21:53.333+0000][1][safepoint    ] Application time: 0.0001260 seconds
[2022-06-13T03:21:53.334+0000][1][safepoint    ] Entering safepoint region: RevokeBias
[2022-06-13T03:21:53.334+0000][1][safepoint    ] Leaving safepoint region
[2022-06-13T03:21:53.334+0000][1][safepoint    ] Total time for which application threads were stopped: 0.0006425 seconds, Stopping threads took: 0.0004502 seconds
[2022-06-13T03:21:53.646+0000][1][safepoint    ] Application time: 0.3123532 seconds
[2022-06-13T03:21:53.647+0000][1][safepoint    ] Entering safepoint region: RevokeBias
[2022-06-13T03:21:53.647+0000][1][safepoint    ] Leaving safepoint region
[2022-06-13T03:21:53.647+0000][1][safepoint    ] Total time for which application threads were stopped: 0.0006410 seconds, Stopping threads took: 0.0003532 seconds
[2022-06-13T03:21:54.026+0000][1][safepoint    ] Application time: 0.3778937 seconds
[2022-06-13T03:21:54.026+0000][1][safepoint    ] Entering safepoint region: RevokeBias
[2022-06-13T03:21:54.026+0000][1][safepoint    ] Leaving safepoint region
[2022-06-13T03:21:54.026+0000][1][safepoint    ] Total time for which application threads were stopped: 0.0005888 seconds, Stopping threads took: 0.0001994 seconds
[2022-06-13T03:21:54.027+0000][1][safepoint    ] Application time: 0.0001385 seconds
[2022-06-13T03:21:54.027+0000][1][safepoint    ] Entering safepoint region: RevokeBias
[2022-06-13T03:21:54.027+0000][1][safepoint    ] Leaving safepoint region
[2022-06-13T03:21:54.028+0000][1][safepoint    ] Total time for which application threads were stopped: 0.0004376 seconds, Stopping threads took: 0.0001801 seconds
[2022-06-13T03:21:54.028+0000][1][safepoint    ] Application time: 0.0001329 seconds
[2022-06-13T03:21:54.028+0000][1][safepoint    ] Entering safepoint region: RevokeBias
[2022-06-13T03:21:54.028+0000][1][safepoint    ] Leaving safepoint region
[2022-06-13T03:21:54.028+0000][1][safepoint    ] Total time for which application threads were stopped: 0.0004238 seconds, Stopping threads took: 0.0001755 seconds
[2022-06-13T03:21:54.029+0000][1][safepoint    ] Application time: 0.0001067 seconds
[2022-06-13T03:21:54.029+0000][1][safepoint    ] Entering safepoint region: RevokeBias
[2022-06-13T03:21:54.029+0000][1][safepoint    ] Leaving safepoint region
[2022-06-13T03:21:54.029+0000][1][safepoint    ] Total time for which application threads were stopped: 0.0004946 seconds, Stopping threads took: 0.0003341 seconds
[2022-06-13T03:21:54.030+0000][1][safepoint    ] Application time: 0.0001686 seconds
[2022-06-13T03:21:54.030+0000][1][safepoint    ] Entering safepoint region: RevokeBias
[2022-06-13T03:21:54.030+0000][1][safepoint    ] Leaving safepoint region
[2022-06-13T03:21:54.031+0000][1][safepoint    ] Total time for which application threads were stopped: 0.0006121 seconds, Stopping threads took: 0.0002392 seconds
[2022-06-13T03:21:54.031+0000][1][safepoint    ] Application time: 0.0001978 seconds
[2022-06-13T03:21:54.031+0000][1][safepoint    ] Entering safepoint region: RevokeBias
[2022-06-13T03:21:54.032+0000][1][safepoint    ] Leaving safepoint region
[2022-06-13T03:21:54.032+0000][1][safepoint    ] Total time for which application threads were stopped: 0.0004603 seconds, Stopping threads took: 0.0001268 seconds
[2022-06-13T03:21:54.032+0000][1][safepoint    ] Application time: 0.0000852 seconds
[2022-06-13T03:21:54.032+0000][1][safepoint    ] Entering safepoint region: RevokeBias
[2022-06-13T03:21:54.033+0000][1][safepoint    ] Leaving safepoint region
[2022-06-13T03:21:54.033+0000][1][safepoint    ] Total time for which application threads were stopped: 0.0004627 seconds, Stopping threads took: 0.0001781 seconds
[2022-06-13T03:21:54.033+0000][1][safepoint    ] Application time: 0.0001140 seconds
[2022-06-13T03:21:54.033+0000][1][safepoint    ] Entering safepoint region: RevokeBias
[2022-06-13T03:21:54.033+0000][1][safepoint    ] Leaving safepoint region
[2022-06-13T03:21:54.034+0000][1][safepoint    ] Total time for which application threads were stopped: 0.0006122 seconds, Stopping threads took: 0.0002147 seconds
[2022-06-13T03:21:54.270+0000][1][safepoint    ] Application time: 0.2352771 seconds
[2022-06-13T03:21:54.270+0000][1][safepoint    ] Entering safepoint region: RevokeBias
[2022-06-13T03:21:54.270+0000][1][safepoint    ] Leaving safepoint region
[2022-06-13T03:21:54.271+0000][1][safepoint    ] Total time for which application threads were stopped: 0.0005001 seconds, Stopping threads took: 0.0002394 seconds
[2022-06-13T03:21:54.271+0000][1][safepoint    ] Application time: 0.0002743 seconds
[2022-06-13T03:21:54.271+0000][1][safepoint    ] Entering safepoint region: RevokeBias
[2022-06-13T03:21:54.272+0000][1][safepoint    ] Leaving safepoint region
[2022-06-13T03:21:54.272+0000][1][safepoint    ] Total time for which application threads were stopped: 0.0003832 seconds, Stopping threads took: 0.0001776 seconds
[2022-06-13T03:21:54.272+0000][1][safepoint    ] Application time: 0.0001713 seconds
[2022-06-13T03:21:54.272+0000][1][safepoint    ] Entering safepoint region: RevokeBias
[2022-06-13T03:21:54.272+0000][1][safepoint    ] Leaving safepoint region
[2022-06-13T03:21:54.273+0000][1][safepoint    ] Total time for which application threads were stopped: 0.0003834 seconds, Stopping threads took: 0.0001205 seconds
[2022-06-13T03:21:54.273+0000][1][safepoint    ] Application time: 0.0001223 seconds
[2022-06-13T03:21:54.273+0000][1][safepoint    ] Entering safepoint region: RevokeBias
[2022-06-13T03:21:54.273+0000][1][safepoint    ] Leaving safepoint region
[2022-06-13T03:21:54.273+0000][1][safepoint    ] Total time for which application threads were stopped: 0.0002926 seconds, Stopping threads took: 0.0001606 seconds
[2022-06-13T03:21:54.274+0000][1][safepoint    ] Application time: 0.0000792 seconds
[2022-06-13T03:21:54.274+0000][1][safepoint    ] Entering safepoint region: RevokeBias
[2022-06-13T03:21:54.274+0000][1][safepoint    ] Leaving safepoint region
[2022-06-13T03:21:54.274+0000][1][safepoint    ] Total time for which application threads were stopped: 0.0002678 seconds, Stopping threads took: 0.0001378 seconds
[2022-06-13T03:21:54.274+0000][1][safepoint    ] Application time: 0.0000845 seconds
[2022-06-13T03:21:54.274+0000][1][safepoint    ] Entering safepoint region: RevokeBias
[2022-06-13T03:21:54.275+0000][1][safepoint    ] Leaving safepoint region
[2022-06-13T03:21:54.275+0000][1][safepoint    ] Total time for which application threads were stopped: 0.0002829 seconds, Stopping threads took: 0.0001540 seconds
[2022-06-13T03:21:54.275+0000][1][safepoint    ] Application time: 0.0000708 seconds
[2022-06-13T03:21:54.275+0000][1][safepoint    ] Entering safepoint region: RevokeBias
[2022-06-13T03:21:54.275+0000][1][safepoint    ] Leaving safepoint region
[2022-06-13T03:21:54.275+0000][1][safepoint    ] Total time for which application threads were stopped: 0.0005046 seconds, Stopping threads took: 0.0003535 seconds
[2022-06-13T03:21:54.276+0000][1][safepoint    ] Application time: 0.0001658 seconds
[2022-06-13T03:21:54.276+0000][1][safepoint    ] Entering safepoint region: RevokeBias
[2022-06-13T03:21:54.276+0000][1][safepoint    ] Leaving safepoint region
[2022-06-13T03:21:54.276+0000][1][safepoint    ] Total time for which application threads were stopped: 0.0002604 seconds, Stopping threads took: 0.0001353 seconds
[2022-06-13T03:21:54.276+0000][1][safepoint    ] Application time: 0.0001127 seconds
[2022-06-13T03:21:54.277+0000][1][safepoint    ] Entering safepoint region: RevokeBias
[2022-06-13T03:21:54.277+0000][1][safepoint    ] Leaving safepoint region
[2022-06-13T03:21:54.277+0000][1][safepoint    ] Total time for which application threads were stopped: 0.0004140 seconds, Stopping threads took: 0.0001654 seconds
[2022-06-13T03:21:54.277+0000][1][safepoint    ] Application time: 0.0001036 seconds
[2022-06-13T03:21:54.278+0000][1][safepoint    ] Entering safepoint region: RevokeBias
[2022-06-13T03:21:54.278+0000][1][safepoint    ] Leaving safepoint region
[2022-06-13T03:21:54.278+0000][1][safepoint    ] Total time for which application threads were stopped: 0.0003680 seconds, Stopping threads took: 0.0001953 seconds
[2022-06-13T03:21:54.278+0000][1][safepoint    ] Application time: 0.0000913 seconds
[2022-06-13T03:21:54.278+0000][1][safepoint    ] Entering safepoint region: RevokeBias
[2022-06-13T03:21:54.278+0000][1][safepoint    ] Leaving safepoint region
[2022-06-13T03:21:54.279+0000][1][safepoint    ] Total time for which application threads were stopped: 0.0007641 seconds, Stopping threads took: 0.0002309 seconds
[2022-06-13T03:21:54.279+0000][1][safepoint    ] Application time: 0.0001198 seconds
[2022-06-13T03:21:54.280+0000][1][safepoint    ] Entering safepoint region: RevokeBias
[2022-06-13T03:21:54.280+0000][1][safepoint    ] Leaving safepoint region
[2022-06-13T03:21:54.281+0000][1][safepoint    ] Total time for which application threads were stopped: 0.0007600 seconds, Stopping threads took: 0.0005666 seconds
[2022-06-13T03:21:54.281+0000][1][safepoint    ] Application time: 0.0003415 seconds
[2022-06-13T03:21:54.282+0000][1][safepoint    ] Entering safepoint region: RevokeBias
[2022-06-13T03:21:54.282+0000][1][safepoint    ] Leaving safepoint region
[2022-06-13T03:21:54.282+0000][1][safepoint    ] Total time for which application threads were stopped: 0.0005784 seconds, Stopping threads took: 0.0003181 seconds
[2022-06-13T03:21:54.286+0000][1][safepoint    ] Application time: 0.0033884 seconds
[2022-06-13T03:21:54.286+0000][1][safepoint    ] Entering safepoint region: RevokeBias
[2022-06-13T03:21:54.286+0000][1][safepoint    ] Leaving safepoint region
[2022-06-13T03:21:54.287+0000][1][safepoint    ] Total time for which application threads were stopped: 0.0003048 seconds, Stopping threads took: 0.0001429 seconds
[2022-06-13T03:21:54.287+0000][1][safepoint    ] Application time: 0.0001699 seconds
[2022-06-13T03:21:54.287+0000][1][safepoint    ] Entering safepoint region: RevokeBias
[2022-06-13T03:21:54.287+0000][1][safepoint    ] Leaving safepoint region
[2022-06-13T03:21:54.288+0000][1][safepoint    ] Total time for which application threads were stopped: 0.0004690 seconds, Stopping threads took: 0.0003134 seconds
[2022-06-13T03:21:54.295+0000][1][safepoint    ] Application time: 0.0074261 seconds
[2022-06-13T03:21:54.296+0000][1][safepoint    ] Entering safepoint region: RevokeBias
[2022-06-13T03:21:54.296+0000][1][safepoint    ] Leaving safepoint region
[2022-06-13T03:21:54.296+0000][1][safepoint    ] Total time for which application threads were stopped: 0.0005440 seconds, Stopping threads took: 0.0001755 seconds
[2022-06-13T03:21:54.324+0000][1][safepoint    ] Application time: 0.0277179 seconds
[2022-06-13T03:21:54.325+0000][1][safepoint    ] Entering safepoint region: RevokeBias
[2022-06-13T03:21:54.325+0000][1][safepoint    ] Leaving safepoint region
[2022-06-13T03:21:54.325+0000][1][safepoint    ] Total time for which application threads were stopped: 0.0005474 seconds, Stopping threads took: 0.0002227 seconds
[2022-06-13T03:21:54.326+0000][1][safepoint    ] Application time: 0.0004663 seconds
[2022-06-13T03:21:54.326+0000][1][safepoint    ] Entering safepoint region: RevokeBias
[2022-06-13T03:21:54.326+0000][1][safepoint    ] Leaving safepoint region
[2022-06-13T03:21:54.327+0000][1][safepoint    ] Total time for which application threads were stopped: 0.0010407 seconds, Stopping threads took: 0.0002041 seconds
[2022-06-13T03:21:54.328+0000][1][safepoint    ] Application time: 0.0001800 seconds
[2022-06-13T03:21:54.328+0000][1][safepoint    ] Entering safepoint region: RevokeBias
[2022-06-13T03:21:54.328+0000][1][safepoint    ] Leaving safepoint region
[2022-06-13T03:21:54.329+0000][1][safepoint    ] Total time for which application threads were stopped: 0.0006774 seconds, Stopping threads took: 0.0003481 seconds
[2022-06-13T03:21:54.329+0000][1][safepoint    ] Application time: 0.0001704 seconds
[2022-06-13T03:21:54.329+0000][1][safepoint    ] Entering safepoint region: RevokeBias
[2022-06-13T03:21:54.330+0000][1][safepoint    ] Leaving safepoint region
[2022-06-13T03:21:54.330+0000][1][safepoint    ] Total time for which application threads were stopped: 0.0005393 seconds, Stopping threads took: 0.0001920 seconds
[2022-06-13T03:21:54.331+0000][1][safepoint    ] Application time: 0.0006637 seconds
[2022-06-13T03:21:54.331+0000][1][safepoint    ] Entering safepoint region: RevokeBias
[2022-06-13T03:21:54.331+0000][1][safepoint    ] Leaving safepoint region
[2022-06-13T03:21:54.332+0000][1][safepoint    ] Total time for which application threads were stopped: 0.0006055 seconds, Stopping threads took: 0.0002392 seconds
[2022-06-13T03:21:54.347+0000][1][safepoint    ] Application time: 0.0152339 seconds
[2022-06-13T03:21:54.347+0000][1][safepoint    ] Entering safepoint region: RevokeBias
[2022-06-13T03:21:54.348+0000][1][safepoint    ] Leaving safepoint region
[2022-06-13T03:21:54.348+0000][1][safepoint    ] Total time for which application threads were stopped: 0.0004590 seconds, Stopping threads took: 0.0001644 seconds
[2022-06-13T03:21:54.351+0000][1][safepoint    ] Application time: 0.0034584 seconds
[2022-06-13T03:21:54.352+0000][1][safepoint    ] Entering safepoint region: RevokeBias
[2022-06-13T03:21:54.352+0000][1][safepoint    ] Leaving safepoint region
[2022-06-13T03:21:54.353+0000][1][safepoint    ] Total time for which application threads were stopped: 0.0009969 seconds, Stopping threads took: 0.0005907 seconds
[2022-06-13T03:21:54.354+0000][1][safepoint    ] Application time: 0.0015294 seconds
[2022-06-13T03:21:54.355+0000][1][safepoint    ] Entering safepoint region: RevokeBias
[2022-06-13T03:21:54.355+0000][1][safepoint    ] Leaving safepoint region
[2022-06-13T03:21:54.355+0000][1][safepoint    ] Total time for which application threads were stopped: 0.0006503 seconds, Stopping threads took: 0.0003267 seconds
[2022-06-13T03:21:54.356+0000][1][safepoint    ] Application time: 0.0007068 seconds
[2022-06-13T03:21:54.357+0000][1][safepoint    ] Entering safepoint region: RevokeBias
[2022-06-13T03:21:54.357+0000][1][safepoint    ] Leaving safepoint region
[2022-06-13T03:21:54.357+0000][1][safepoint    ] Total time for which application threads were stopped: 0.0007324 seconds, Stopping threads took: 0.0004571 seconds
[2022-06-13T03:21:54.358+0000][1][safepoint    ] Application time: 0.0003232 seconds
[2022-06-13T03:21:54.358+0000][1][safepoint    ] Entering safepoint region: RevokeBias
[2022-06-13T03:21:54.358+0000][1][safepoint    ] Leaving safepoint region
[2022-06-13T03:21:54.358+0000][1][safepoint    ] Total time for which application threads were stopped: 0.0004059 seconds, Stopping threads took: 0.0001647 seconds
[2022-06-13T03:21:54.359+0000][1][safepoint    ] Application time: 0.0001477 seconds
[2022-06-13T03:21:54.359+0000][1][safepoint    ] Entering safepoint region: RevokeBias
[2022-06-13T03:21:54.359+0000][1][safepoint    ] Leaving safepoint region
[2022-06-13T03:21:54.359+0000][1][safepoint    ] Total time for which application threads were stopped: 0.0003607 seconds, Stopping threads took: 0.0001210 seconds
[2022-06-13T03:21:54.360+0000][1][safepoint    ] Application time: 0.0003995 seconds
[2022-06-13T03:21:54.360+0000][1][safepoint    ] Entering safepoint region: RevokeBias
[2022-06-13T03:21:54.360+0000][1][safepoint    ] Leaving safepoint region
[2022-06-13T03:21:54.360+0000][1][safepoint    ] Total time for which application threads were stopped: 0.0002952 seconds, Stopping threads took: 0.0001635 seconds
[2022-06-13T03:21:54.360+0000][1][safepoint    ] Application time: 0.0001250 seconds
[2022-06-13T03:21:54.361+0000][1][safepoint    ] Entering safepoint region: RevokeBias
[2022-06-13T03:21:54.361+0000][1][safepoint    ] Leaving safepoint region
[2022-06-13T03:21:54.361+0000][1][safepoint    ] Total time for which application threads were stopped: 0.0003542 seconds, Stopping threads took: 0.0001745 seconds
[2022-06-13T03:21:54.361+0000][1][safepoint    ] Application time: 0.0002792 seconds
[2022-06-13T03:21:54.361+0000][1][safepoint    ] Entering safepoint region: RevokeBias
[2022-06-13T03:21:54.362+0000][1][safepoint    ] Leaving safepoint region
[2022-06-13T03:21:54.362+0000][1][safepoint    ] Total time for which application threads were stopped: 0.0003699 seconds, Stopping threads took: 0.0001660 seconds
[2022-06-13T03:21:54.362+0000][1][safepoint    ] Application time: 0.0002501 seconds
[2022-06-13T03:21:54.362+0000][1][safepoint    ] Entering safepoint region: RevokeBias
[2022-06-13T03:21:54.363+0000][1][safepoint    ] Leaving safepoint region
[2022-06-13T03:21:54.363+0000][1][safepoint    ] Total time for which application threads were stopped: 0.0003951 seconds, Stopping threads took: 0.0002145 seconds
[2022-06-13T03:21:54.363+0000][1][safepoint    ] Application time: 0.0001211 seconds
[2022-06-13T03:21:54.363+0000][1][safepoint    ] Entering safepoint region: RevokeBias
[2022-06-13T03:21:54.363+0000][1][safepoint    ] Leaving safepoint region
[2022-06-13T03:21:54.364+0000][1][safepoint    ] Total time for which application threads were stopped: 0.0003393 seconds, Stopping threads took: 0.0001300 seconds
[2022-06-13T03:21:54.364+0000][1][safepoint    ] Application time: 0.0002476 seconds
[2022-06-13T03:21:54.364+0000][1][safepoint    ] Entering safepoint region: RevokeBias
[2022-06-13T03:21:54.364+0000][1][safepoint    ] Leaving safepoint region
[2022-06-13T03:21:54.364+0000][1][safepoint    ] Total time for which application threads were stopped: 0.0003047 seconds, Stopping threads took: 0.0001712 seconds
[2022-06-13T03:21:54.365+0000][1][safepoint    ] Application time: 0.0002224 seconds
[2022-06-13T03:21:54.365+0000][1][safepoint    ] Entering safepoint region: RevokeBias
[2022-06-13T03:21:54.365+0000][1][safepoint    ] Leaving safepoint region
[2022-06-13T03:21:54.365+0000][1][safepoint    ] Total time for which application threads were stopped: 0.0002910 seconds, Stopping threads took: 0.0001616 seconds
[2022-06-13T03:21:54.366+0000][1][safepoint    ] Application time: 0.0002243 seconds
[2022-06-13T03:21:54.366+0000][1][safepoint    ] Entering safepoint region: RevokeBias
[2022-06-13T03:21:54.366+0000][1][safepoint    ] Leaving safepoint region
[2022-06-13T03:21:54.366+0000][1][safepoint    ] Total time for which application threads were stopped: 0.0003214 seconds, Stopping threads took: 0.0001444 seconds
[2022-06-13T03:21:54.366+0000][1][safepoint    ] Application time: 0.0002131 seconds
[2022-06-13T03:21:54.367+0000][1][safepoint    ] Entering safepoint region: RevokeBias
[2022-06-13T03:21:54.367+0000][1][safepoint    ] Leaving safepoint region
[2022-06-13T03:21:54.367+0000][1][safepoint    ] Total time for which application threads were stopped: 0.0004556 seconds, Stopping threads took: 0.0002514 seconds
[2022-06-13T03:21:54.367+0000][1][safepoint    ] Application time: 0.0003591 seconds
[2022-06-13T03:21:54.368+0000][1][safepoint    ] Entering safepoint region: RevokeBias
[2022-06-13T03:21:54.368+0000][1][safepoint    ] Leaving safepoint region
[2022-06-13T03:21:54.368+0000][1][safepoint    ] Total time for which application threads were stopped: 0.0003873 seconds, Stopping threads took: 0.0001586 seconds
[2022-06-13T03:21:54.368+0000][1][safepoint    ] Application time: 0.0001673 seconds
[2022-06-13T03:21:54.369+0000][1][safepoint    ] Entering safepoint region: RevokeBias
[2022-06-13T03:21:54.369+0000][1][safepoint    ] Leaving safepoint region
[2022-06-13T03:21:54.369+0000][1][safepoint    ] Total time for which application threads were stopped: 0.0005130 seconds, Stopping threads took: 0.0003357 seconds
[2022-06-13T03:21:54.370+0000][1][safepoint    ] Application time: 0.0001912 seconds
[2022-06-13T03:21:54.370+0000][1][safepoint    ] Entering safepoint region: RevokeBias
[2022-06-13T03:21:54.370+0000][1][safepoint    ] Leaving safepoint region
[2022-06-13T03:21:54.370+0000][1][safepoint    ] Total time for which application threads were stopped: 0.0003816 seconds, Stopping threads took: 0.0001277 seconds
[2022-06-13T03:21:54.371+0000][1][safepoint    ] Application time: 0.0003289 seconds
[2022-06-13T03:21:54.371+0000][1][safepoint    ] Entering safepoint region: RevokeBias
[2022-06-13T03:21:54.371+0000][1][safepoint    ] Leaving safepoint region
[2022-06-13T03:21:54.371+0000][1][safepoint    ] Total time for which application threads were stopped: 0.0004812 seconds, Stopping threads took: 0.0002447 seconds
[2022-06-13T03:21:54.372+0000][1][safepoint    ] Application time: 0.0003661 seconds
[2022-06-13T03:21:54.372+0000][1][safepoint    ] Entering safepoint region: BulkRevokeBias
[2022-06-13T03:21:54.373+0000][1][safepoint    ] Leaving safepoint region
[2022-06-13T03:21:54.373+0000][1][safepoint    ] Total time for which application threads were stopped: 0.0009962 seconds, Stopping threads took: 0.0002727 seconds
[2022-06-13T03:21:54.373+0000][1][safepoint    ] Application time: 0.0001408 seconds
[2022-06-13T03:21:54.374+0000][1][safepoint    ] Entering safepoint region: RevokeBias
[2022-06-13T03:21:54.374+0000][1][safepoint    ] Leaving safepoint region
[2022-06-13T03:21:54.374+0000][1][safepoint    ] Total time for which application threads were stopped: 0.0002822 seconds, Stopping threads took: 0.0001029 seconds
[2022-06-13T03:21:54.374+0000][1][safepoint    ] Application time: 0.0003091 seconds
[2022-06-13T03:21:54.374+0000][1][safepoint    ] Entering safepoint region: RevokeBias
[2022-06-13T03:21:54.375+0000][1][safepoint    ] Leaving safepoint region
[2022-06-13T03:21:54.375+0000][1][safepoint    ] Total time for which application threads were stopped: 0.0005922 seconds, Stopping threads took: 0.0003252 seconds
[2022-06-13T03:21:54.375+0000][1][safepoint    ] Application time: 0.0002892 seconds
[2022-06-13T03:21:54.376+0000][1][safepoint    ] Entering safepoint region: RevokeBias
[2022-06-13T03:21:54.376+0000][1][safepoint    ] Leaving safepoint region
[2022-06-13T03:21:54.376+0000][1][safepoint    ] Total time for which application threads were stopped: 0.0004866 seconds, Stopping threads took: 0.0002487 seconds
[2022-06-13T03:21:54.377+0000][1][safepoint    ] Application time: 0.0006328 seconds
[2022-06-13T03:21:54.377+0000][1][safepoint    ] Entering safepoint region: RevokeBias
[2022-06-13T03:21:54.377+0000][1][safepoint    ] Leaving safepoint region
[2022-06-13T03:21:54.378+0000][1][safepoint    ] Total time for which application threads were stopped: 0.0005388 seconds, Stopping threads took: 0.0002431 seconds
[2022-06-13T03:21:54.379+0000][1][safepoint    ] Application time: 0.0011524 seconds
[2022-06-13T03:21:54.379+0000][1][safepoint    ] Entering safepoint region: RevokeBias
[2022-06-13T03:21:54.379+0000][1][safepoint    ] Leaving safepoint region
[2022-06-13T03:21:54.379+0000][1][safepoint    ] Total time for which application threads were stopped: 0.0003840 seconds, Stopping threads took: 0.0002531 seconds
[2022-06-13T03:21:54.381+0000][1][safepoint    ] Application time: 0.0011815 seconds
[2022-06-13T03:21:54.381+0000][1][safepoint    ] Entering safepoint region: RevokeBias
[2022-06-13T03:21:54.381+0000][1][safepoint    ] Leaving safepoint region
[2022-06-13T03:21:54.381+0000][1][safepoint    ] Total time for which application threads were stopped: 0.0002784 seconds, Stopping threads took: 0.0001125 seconds
[2022-06-13T03:21:54.383+0000][1][safepoint    ] Application time: 0.0015844 seconds
[2022-06-13T03:21:54.383+0000][1][safepoint    ] Entering safepoint region: RevokeBias
[2022-06-13T03:21:54.383+0000][1][safepoint    ] Leaving safepoint region
[2022-06-13T03:21:54.383+0000][1][safepoint    ] Total time for which application threads were stopped: 0.0002582 seconds, Stopping threads took: 0.0001100 seconds
[2022-06-13T03:21:54.386+0000][1][safepoint    ] Application time: 0.0024691 seconds
[2022-06-13T03:21:54.386+0000][1][safepoint    ] Entering safepoint region: RevokeBias
[2022-06-13T03:21:54.386+0000][1][safepoint    ] Leaving safepoint region
[2022-06-13T03:21:54.386+0000][1][safepoint    ] Total time for which application threads were stopped: 0.0003635 seconds, Stopping threads took: 0.0001791 seconds
[2022-06-13T03:21:54.389+0000][1][safepoint    ] Application time: 0.0023542 seconds
[2022-06-13T03:21:54.389+0000][1][safepoint    ] Entering safepoint region: RevokeBias
[2022-06-13T03:21:54.389+0000][1][safepoint    ] Leaving safepoint region
[2022-06-13T03:21:54.389+0000][1][safepoint    ] Total time for which application threads were stopped: 0.0002981 seconds, Stopping threads took: 0.0000996 seconds
[2022-06-13T03:21:54.392+0000][1][safepoint    ] Application time: 0.0024931 seconds
[2022-06-13T03:21:54.392+0000][1][safepoint    ] Entering safepoint region: RevokeBias
[2022-06-13T03:21:54.392+0000][1][safepoint    ] Leaving safepoint region
[2022-06-13T03:21:54.392+0000][1][safepoint    ] Total time for which application threads were stopped: 0.0002477 seconds, Stopping threads took: 0.0001157 seconds
[2022-06-13T03:21:54.413+0000][1][safepoint    ] Application time: 0.0204339 seconds
[2022-06-13T03:21:54.413+0000][1][safepoint    ] Entering safepoint region: RevokeBias
[2022-06-13T03:21:54.413+0000][1][safepoint    ] Leaving safepoint region
[2022-06-13T03:21:54.413+0000][1][safepoint    ] Total time for which application threads were stopped: 0.0003542 seconds, Stopping threads took: 0.0001185 seconds
[2022-06-13T03:21:54.416+0000][1][safepoint    ] Application time: 0.0024730 seconds
[2022-06-13T03:21:54.416+0000][1][safepoint    ] Entering safepoint region: RevokeBias
[2022-06-13T03:21:54.416+0000][1][safepoint    ] Leaving safepoint region
[2022-06-13T03:21:54.417+0000][1][safepoint    ] Total time for which application threads were stopped: 0.0011014 seconds, Stopping threads took: 0.0002401 seconds
[2022-06-13T03:21:54.418+0000][1][safepoint    ] Application time: 0.0010519 seconds
[2022-06-13T03:21:54.418+0000][1][safepoint    ] Entering safepoint region: RevokeBias
[2022-06-13T03:21:54.419+0000][1][safepoint    ] Leaving safepoint region
[2022-06-13T03:21:54.419+0000][1][safepoint    ] Total time for which application threads were stopped: 0.0002380 seconds, Stopping threads took: 0.0001028 seconds
[2022-06-13T03:21:54.419+0000][1][safepoint    ] Application time: 0.0000727 seconds
[2022-06-13T03:21:54.419+0000][1][safepoint    ] Entering safepoint region: RevokeBias
[2022-06-13T03:21:54.420+0000][1][safepoint    ] Leaving safepoint region
[2022-06-13T03:21:54.420+0000][1][safepoint    ] Total time for which application threads were stopped: 0.0006006 seconds, Stopping threads took: 0.0002562 seconds
[2022-06-13T03:21:54.426+0000][1][safepoint    ] Application time: 0.0053848 seconds
[2022-06-13T03:21:54.426+0000][1][safepoint    ] Entering safepoint region: RevokeBias
[2022-06-13T03:21:54.426+0000][1][safepoint    ] Leaving safepoint region
[2022-06-13T03:21:54.426+0000][1][safepoint    ] Total time for which application threads were stopped: 0.0005179 seconds, Stopping threads took: 0.0002064 seconds
[2022-06-13T03:21:55.270+0000][1][safepoint    ] Application time: 0.8432821 seconds
[2022-06-13T03:21:55.271+0000][1][safepoint    ] Entering safepoint region: RevokeBias
[2022-06-13T03:21:55.271+0000][1][safepoint    ] Leaving safepoint region
[2022-06-13T03:21:55.272+0000][1][safepoint    ] Total time for which application threads were stopped: 0.0011334 seconds, Stopping threads took: 0.0006162 seconds
[2022-06-13T03:21:55.273+0000][1][safepoint    ] Application time: 0.0006204 seconds
[2022-06-13T03:21:55.273+0000][1][safepoint    ] Entering safepoint region: RevokeBias
[2022-06-13T03:21:55.273+0000][1][safepoint    ] Leaving safepoint region
[2022-06-13T03:21:55.274+0000][1][safepoint    ] Total time for which application threads were stopped: 0.0008891 seconds, Stopping threads took: 0.0003578 seconds
[2022-06-13T03:21:55.275+0000][1][safepoint    ] Application time: 0.0005843 seconds
[2022-06-13T03:21:55.275+0000][1][safepoint    ] Entering safepoint region: RevokeBias
[2022-06-13T03:21:55.276+0000][1][safepoint    ] Leaving safepoint region
[2022-06-13T03:21:55.276+0000][1][safepoint    ] Total time for which application threads were stopped: 0.0011447 seconds, Stopping threads took: 0.0007120 seconds
[2022-06-13T03:21:55.277+0000][1][safepoint    ] Application time: 0.0002670 seconds
[2022-06-13T03:21:55.277+0000][1][safepoint    ] Entering safepoint region: RevokeBias
[2022-06-13T03:21:55.277+0000][1][safepoint    ] Leaving safepoint region
[2022-06-13T03:21:55.277+0000][1][safepoint    ] Total time for which application threads were stopped: 0.0004277 seconds, Stopping threads took: 0.0002046 seconds
[2022-06-13T03:21:55.278+0000][1][safepoint    ] Application time: 0.0003775 seconds
[2022-06-13T03:21:55.278+0000][1][safepoint    ] Entering safepoint region: BulkRevokeBias
[2022-06-13T03:21:55.279+0000][1][safepoint    ] Leaving safepoint region
[2022-06-13T03:21:55.280+0000][1][safepoint    ] Total time for which application threads were stopped: 0.0012152 seconds, Stopping threads took: 0.0004730 seconds
[2022-06-13T03:21:55.280+0000][1][safepoint    ] Application time: 0.0004609 seconds
[2022-06-13T03:21:55.281+0000][1][safepoint    ] Entering safepoint region: RevokeBias
[2022-06-13T03:21:55.281+0000][1][safepoint    ] Leaving safepoint region
[2022-06-13T03:21:55.281+0000][1][safepoint    ] Total time for which application threads were stopped: 0.0007003 seconds, Stopping threads took: 0.0004270 seconds
[2022-06-13T03:21:55.282+0000][1][safepoint    ] Application time: 0.0003581 seconds
[2022-06-13T03:21:55.282+0000][1][safepoint    ] Entering safepoint region: RevokeBias
[2022-06-13T03:21:55.282+0000][1][safepoint    ] Leaving safepoint region
[2022-06-13T03:21:55.283+0000][1][safepoint    ] Total time for which application threads were stopped: 0.0009178 seconds, Stopping threads took: 0.0005046 seconds
[2022-06-13T03:21:55.284+0000][1][safepoint    ] Application time: 0.0003611 seconds
[2022-06-13T03:21:55.284+0000][1][safepoint    ] Entering safepoint region: RevokeBias
[2022-06-13T03:21:55.284+0000][1][safepoint    ] Leaving safepoint region
[2022-06-13T03:21:55.285+0000][1][safepoint    ] Total time for which application threads were stopped: 0.0006832 seconds, Stopping threads took: 0.0003984 seconds
[2022-06-13T03:21:55.285+0000][1][safepoint    ] Application time: 0.0001908 seconds
[2022-06-13T03:21:55.285+0000][1][safepoint    ] Entering safepoint region: RevokeBias
[2022-06-13T03:21:55.286+0000][1][safepoint    ] Leaving safepoint region
[2022-06-13T03:21:55.286+0000][1][safepoint    ] Total time for which application threads were stopped: 0.0008877 seconds, Stopping threads took: 0.0005078 seconds
[2022-06-13T03:21:55.287+0000][1][safepoint    ] Application time: 0.0002660 seconds
[2022-06-13T03:21:55.287+0000][1][safepoint    ] Entering safepoint region: RevokeBias
[2022-06-13T03:21:55.288+0000][1][safepoint    ] Leaving safepoint region
[2022-06-13T03:21:55.288+0000][1][safepoint    ] Total time for which application threads were stopped: 0.0004719 seconds, Stopping threads took: 0.0002489 seconds
[2022-06-13T03:21:56.271+0000][1][safepoint    ] Application time: 0.9825985 seconds
[2022-06-13T03:21:56.272+0000][1][safepoint    ] Entering safepoint region: RevokeBias
[2022-06-13T03:21:56.272+0000][1][safepoint    ] Leaving safepoint region
[2022-06-13T03:21:56.273+0000][1][safepoint    ] Total time for which application threads were stopped: 0.0007027 seconds, Stopping threads took: 0.0003411 seconds
[2022-06-13T03:21:56.274+0000][1][safepoint    ] Application time: 0.0007178 seconds
[2022-06-13T03:21:56.274+0000][1][safepoint    ] Entering safepoint region: RevokeBias
[2022-06-13T03:21:56.274+0000][1][safepoint    ] Leaving safepoint region
[2022-06-13T03:21:56.274+0000][1][safepoint    ] Total time for which application threads were stopped: 0.0005588 seconds, Stopping threads took: 0.0002799 seconds
[2022-06-13T03:21:56.275+0000][1][safepoint    ] Application time: 0.0003475 seconds
[2022-06-13T03:21:56.275+0000][1][safepoint    ] Entering safepoint region: RevokeBias
[2022-06-13T03:21:56.276+0000][1][safepoint    ] Leaving safepoint region
[2022-06-13T03:21:56.276+0000][1][safepoint    ] Total time for which application threads were stopped: 0.0006729 seconds, Stopping threads took: 0.0003300 seconds
[2022-06-13T03:21:56.277+0000][1][safepoint    ] Application time: 0.0004622 seconds
[2022-06-13T03:21:56.277+0000][1][safepoint    ] Entering safepoint region: RevokeBias
[2022-06-13T03:21:56.277+0000][1][safepoint    ] Leaving safepoint region
[2022-06-13T03:21:56.278+0000][1][safepoint    ] Total time for which application threads were stopped: 0.0004534 seconds, Stopping threads took: 0.0002605 seconds
[2022-06-13T03:21:56.278+0000][1][safepoint    ] Application time: 0.0002298 seconds
[2022-06-13T03:21:56.278+0000][1][safepoint    ] Entering safepoint region: RevokeBias
[2022-06-13T03:21:56.279+0000][1][safepoint    ] Leaving safepoint region
[2022-06-13T03:21:56.279+0000][1][safepoint    ] Total time for which application threads were stopped: 0.0007612 seconds, Stopping threads took: 0.0005019 seconds
[2022-06-13T03:21:56.280+0000][1][safepoint    ] Application time: 0.0003100 seconds
[2022-06-13T03:21:56.280+0000][1][safepoint    ] Entering safepoint region: RevokeBias
[2022-06-13T03:21:56.280+0000][1][safepoint    ] Leaving safepoint region
[2022-06-13T03:21:56.281+0000][1][safepoint    ] Total time for which application threads were stopped: 0.0007142 seconds, Stopping threads took: 0.0003044 seconds
[2022-06-13T03:21:56.281+0000][1][safepoint    ] Application time: 0.0001172 seconds
[2022-06-13T03:21:56.282+0000][1][safepoint    ] Entering safepoint region: RevokeBias
[2022-06-13T03:21:56.282+0000][1][safepoint    ] Leaving safepoint region
[2022-06-13T03:21:56.282+0000][1][safepoint    ] Total time for which application threads were stopped: 0.0008581 seconds, Stopping threads took: 0.0004892 seconds
[2022-06-13T03:21:56.283+0000][1][safepoint    ] Application time: 0.0001596 seconds
[2022-06-13T03:21:56.283+0000][1][safepoint    ] Entering safepoint region: RevokeBias
[2022-06-13T03:21:56.284+0000][1][safepoint    ] Leaving safepoint region
[2022-06-13T03:21:56.284+0000][1][safepoint    ] Total time for which application threads were stopped: 0.0008863 seconds, Stopping threads took: 0.0005075 seconds
[2022-06-13T03:21:57.272+0000][1][safepoint    ] Application time: 0.9876210 seconds
[2022-06-13T03:21:57.273+0000][1][safepoint    ] Entering safepoint region: RevokeBias
[2022-06-13T03:21:57.273+0000][1][safepoint    ] Leaving safepoint region
[2022-06-13T03:21:57.273+0000][1][safepoint    ] Total time for which application threads were stopped: 0.0006666 seconds, Stopping threads took: 0.0003738 seconds
[2022-06-13T03:21:57.275+0000][1][safepoint    ] Application time: 0.0010716 seconds
[2022-06-13T03:21:57.275+0000][1][safepoint    ] Entering safepoint region: RevokeBias
[2022-06-13T03:21:57.275+0000][1][safepoint    ] Leaving safepoint region
[2022-06-13T03:21:57.276+0000][1][safepoint    ] Total time for which application threads were stopped: 0.0005996 seconds, Stopping threads took: 0.0002895 seconds
[2022-06-13T03:21:57.277+0000][1][safepoint    ] Application time: 0.0004802 seconds
[2022-06-13T03:21:57.277+0000][1][safepoint    ] Entering safepoint region: RevokeBias
[2022-06-13T03:21:57.277+0000][1][safepoint    ] Leaving safepoint region
[2022-06-13T03:21:57.277+0000][1][safepoint    ] Total time for which application threads were stopped: 0.0007271 seconds, Stopping threads took: 0.0003674 seconds
[2022-06-13T03:21:57.278+0000][1][safepoint    ] Application time: 0.0004296 seconds
[2022-06-13T03:21:57.279+0000][1][safepoint    ] Entering safepoint region: RevokeBias
[2022-06-13T03:21:57.279+0000][1][safepoint    ] Leaving safepoint region
[2022-06-13T03:21:57.279+0000][1][safepoint    ] Total time for which application threads were stopped: 0.0008782 seconds, Stopping threads took: 0.0004147 seconds
[2022-06-13T03:21:57.280+0000][1][safepoint    ] Application time: 0.0004869 seconds
[2022-06-13T03:21:57.280+0000][1][safepoint    ] Entering safepoint region: RevokeBias
[2022-06-13T03:21:57.281+0000][1][safepoint    ] Leaving safepoint region
[2022-06-13T03:21:57.281+0000][1][safepoint    ] Total time for which application threads were stopped: 0.0007426 seconds, Stopping threads took: 0.0003556 seconds
[2022-06-13T03:21:57.282+0000][1][safepoint    ] Application time: 0.0003555 seconds
[2022-06-13T03:21:57.282+0000][1][safepoint    ] Entering safepoint region: RevokeBias
[2022-06-13T03:21:57.283+0000][1][safepoint    ] Leaving safepoint region
[2022-06-13T03:21:57.283+0000][1][safepoint    ] Total time for which application threads were stopped: 0.0010744 seconds, Stopping threads took: 0.0005280 seconds
[2022-06-13T03:21:57.284+0000][1][safepoint    ] Application time: 0.0002859 seconds
[2022-06-13T03:21:57.284+0000][1][safepoint    ] Entering safepoint region: RevokeBias
[2022-06-13T03:21:57.285+0000][1][safepoint    ] Leaving safepoint region
[2022-06-13T03:21:57.285+0000][1][safepoint    ] Total time for which application threads were stopped: 0.0007813 seconds, Stopping threads took: 0.0003622 seconds
[2022-06-13T03:21:57.286+0000][1][safepoint    ] Application time: 0.0001506 seconds
[2022-06-13T03:21:57.286+0000][1][safepoint    ] Entering safepoint region: RevokeBias
[2022-06-13T03:21:57.287+0000][1][safepoint    ] Leaving safepoint region
[2022-06-13T03:21:57.287+0000][1][safepoint    ] Total time for which application threads were stopped: 0.0010954 seconds, Stopping threads took: 0.0005896 seconds
[2022-06-13T03:21:58.273+0000][1][safepoint    ] Application time: 0.9857157 seconds
[2022-06-13T03:21:58.274+0000][1][safepoint    ] Entering safepoint region: RevokeBias
[2022-06-13T03:21:58.274+0000][1][safepoint    ] Leaving safepoint region
[2022-06-13T03:21:58.275+0000][1][safepoint    ] Total time for which application threads were stopped: 0.0008203 seconds, Stopping threads took: 0.0004357 seconds
[2022-06-13T03:21:58.277+0000][1][safepoint    ] Application time: 0.0013714 seconds
[2022-06-13T03:21:58.277+0000][1][safepoint    ] Entering safepoint region: RevokeBias
[2022-06-13T03:21:58.277+0000][1][safepoint    ] Leaving safepoint region
[2022-06-13T03:21:58.277+0000][1][safepoint    ] Total time for which application threads were stopped: 0.0006665 seconds, Stopping threads took: 0.0002009 seconds
[2022-06-13T03:21:58.278+0000][1][safepoint    ] Application time: 0.0005224 seconds
[2022-06-13T03:21:58.278+0000][1][safepoint    ] Entering safepoint region: RevokeBias
[2022-06-13T03:21:58.279+0000][1][safepoint    ] Leaving safepoint region
[2022-06-13T03:21:58.280+0000][1][safepoint    ] Total time for which application threads were stopped: 0.0015981 seconds, Stopping threads took: 0.0004678 seconds
[2022-06-13T03:21:58.281+0000][1][safepoint    ] Application time: 0.0005593 seconds
[2022-06-13T03:21:58.281+0000][1][safepoint    ] Entering safepoint region: RevokeBias
[2022-06-13T03:21:58.281+0000][1][safepoint    ] Leaving safepoint region
[2022-06-13T03:21:58.282+0000][1][safepoint    ] Total time for which application threads were stopped: 0.0005461 seconds, Stopping threads took: 0.0001778 seconds
[2022-06-13T03:21:58.282+0000][1][safepoint    ] Application time: 0.0004990 seconds
[2022-06-13T03:21:58.283+0000][1][safepoint    ] Entering safepoint region: RevokeBias
[2022-06-13T03:21:58.283+0000][1][safepoint    ] Leaving safepoint region
[2022-06-13T03:21:58.283+0000][1][safepoint    ] Total time for which application threads were stopped: 0.0005824 seconds, Stopping threads took: 0.0003139 seconds
[2022-06-13T03:21:58.284+0000][1][safepoint    ] Application time: 0.0003298 seconds
[2022-06-13T03:21:58.284+0000][1][safepoint    ] Entering safepoint region: RevokeBias
[2022-06-13T03:21:58.285+0000][1][safepoint    ] Leaving safepoint region
[2022-06-13T03:21:58.285+0000][1][safepoint    ] Total time for which application threads were stopped: 0.0006625 seconds, Stopping threads took: 0.0003436 seconds
[2022-06-13T03:21:58.286+0000][1][safepoint    ] Application time: 0.0002250 seconds
[2022-06-13T03:21:58.286+0000][1][safepoint    ] Entering safepoint region: RevokeBias
[2022-06-13T03:21:58.286+0000][1][safepoint    ] Leaving safepoint region
[2022-06-13T03:21:58.287+0000][1][safepoint    ] Total time for which application threads were stopped: 0.0007119 seconds, Stopping threads took: 0.0004212 seconds
[2022-06-13T03:21:58.287+0000][1][safepoint    ] Application time: 0.0002404 seconds
[2022-06-13T03:21:58.288+0000][1][safepoint    ] Entering safepoint region: RevokeBias
[2022-06-13T03:21:58.288+0000][1][safepoint    ] Leaving safepoint region
[2022-06-13T03:21:58.288+0000][1][safepoint    ] Total time for which application threads were stopped: 0.0007142 seconds, Stopping threads took: 0.0004060 seconds
[2022-06-13T03:21:59.277+0000][1][safepoint    ] Application time: 0.9887462 seconds
[2022-06-13T03:21:59.278+0000][1][safepoint    ] Entering safepoint region: RevokeBias
[2022-06-13T03:21:59.278+0000][1][safepoint    ] Leaving safepoint region
[2022-06-13T03:21:59.278+0000][1][safepoint    ] Total time for which application threads were stopped: 0.0006199 seconds, Stopping threads took: 0.0002553 seconds
[2022-06-13T03:21:59.279+0000][1][safepoint    ] Application time: 0.0008090 seconds
[2022-06-13T03:21:59.280+0000][1][safepoint    ] Entering safepoint region: RevokeBias
[2022-06-13T03:21:59.280+0000][1][safepoint    ] Leaving safepoint region
[2022-06-13T03:21:59.280+0000][1][safepoint    ] Total time for which application threads were stopped: 0.0006178 seconds, Stopping threads took: 0.0003501 seconds
[2022-06-13T03:21:59.281+0000][1][safepoint    ] Application time: 0.0005445 seconds
[2022-06-13T03:21:59.282+0000][1][safepoint    ] Entering safepoint region: RevokeBias
[2022-06-13T03:21:59.282+0000][1][safepoint    ] Leaving safepoint region
[2022-06-13T03:21:59.282+0000][1][safepoint    ] Total time for which application threads were stopped: 0.0006970 seconds, Stopping threads took: 0.0004178 seconds
[2022-06-13T03:21:59.283+0000][1][safepoint    ] Application time: 0.0003368 seconds
[2022-06-13T03:21:59.283+0000][1][safepoint    ] Entering safepoint region: RevokeBias
[2022-06-13T03:21:59.284+0000][1][safepoint    ] Leaving safepoint region
[2022-06-13T03:21:59.285+0000][1][safepoint    ] Total time for which application threads were stopped: 0.0012152 seconds, Stopping threads took: 0.0006249 seconds
[2022-06-13T03:21:59.285+0000][1][safepoint    ] Application time: 0.0001271 seconds
[2022-06-13T03:21:59.285+0000][1][safepoint    ] Entering safepoint region: RevokeBias
[2022-06-13T03:21:59.286+0000][1][safepoint    ] Leaving safepoint region
[2022-06-13T03:21:59.286+0000][1][safepoint    ] Total time for which application threads were stopped: 0.0009745 seconds, Stopping threads took: 0.0005338 seconds
[2022-06-13T03:21:59.287+0000][1][safepoint    ] Application time: 0.0002133 seconds
[2022-06-13T03:21:59.288+0000][1][safepoint    ] Entering safepoint region: RevokeBias
[2022-06-13T03:21:59.288+0000][1][safepoint    ] Leaving safepoint region
[2022-06-13T03:21:59.288+0000][1][safepoint    ] Total time for which application threads were stopped: 0.0009375 seconds, Stopping threads took: 0.0004282 seconds
[2022-06-13T03:22:00.277+0000][1][safepoint    ] Application time: 0.9877712 seconds
[2022-06-13T03:22:00.277+0000][1][safepoint    ] Entering safepoint region: RevokeBias
[2022-06-13T03:22:00.278+0000][1][safepoint    ] Leaving safepoint region
[2022-06-13T03:22:00.278+0000][1][safepoint    ] Total time for which application threads were stopped: 0.0009591 seconds, Stopping threads took: 0.0006066 seconds
[2022-06-13T03:22:00.279+0000][1][safepoint    ] Application time: 0.0005093 seconds
[2022-06-13T03:22:00.279+0000][1][safepoint    ] Entering safepoint region: RevokeBias
[2022-06-13T03:22:00.279+0000][1][safepoint    ] Leaving safepoint region
[2022-06-13T03:22:00.280+0000][1][safepoint    ] Total time for which application threads were stopped: 0.0006370 seconds, Stopping threads took: 0.0002708 seconds
[2022-06-13T03:22:00.281+0000][1][safepoint    ] Application time: 0.0005461 seconds
[2022-06-13T03:22:00.281+0000][1][safepoint    ] Entering safepoint region: RevokeBias
[2022-06-13T03:22:00.281+0000][1][safepoint    ] Leaving safepoint region
[2022-06-13T03:22:00.281+0000][1][safepoint    ] Total time for which application threads were stopped: 0.0005652 seconds, Stopping threads took: 0.0002784 seconds
[2022-06-13T03:22:00.282+0000][1][safepoint    ] Application time: 0.0001848 seconds
[2022-06-13T03:22:00.282+0000][1][safepoint    ] Entering safepoint region: RevokeBias
[2022-06-13T03:22:00.282+0000][1][safepoint    ] Leaving safepoint region
[2022-06-13T03:22:00.282+0000][1][safepoint    ] Total time for which application threads were stopped: 0.0005434 seconds, Stopping threads took: 0.0002155 seconds
[2022-06-13T03:22:00.283+0000][1][safepoint    ] Application time: 0.0001530 seconds
[2022-06-13T03:22:00.283+0000][1][safepoint    ] Entering safepoint region: RevokeBias
[2022-06-13T03:22:00.283+0000][1][safepoint    ] Leaving safepoint region
[2022-06-13T03:22:00.284+0000][1][safepoint    ] Total time for which application threads were stopped: 0.0007150 seconds, Stopping threads took: 0.0002596 seconds
[2022-06-13T03:22:00.284+0000][1][safepoint    ] Application time: 0.0001757 seconds
[2022-06-13T03:22:00.285+0000][1][safepoint    ] Entering safepoint region: RevokeBias
[2022-06-13T03:22:00.285+0000][1][safepoint    ] Leaving safepoint region
[2022-06-13T03:22:00.285+0000][1][safepoint    ] Total time for which application threads were stopped: 0.0006356 seconds, Stopping threads took: 0.0003036 seconds
[2022-06-13T03:22:01.277+0000][1][safepoint    ] Application time: 0.9914557 seconds
[2022-06-13T03:22:01.278+0000][1][safepoint    ] Entering safepoint region: RevokeBias
[2022-06-13T03:22:01.278+0000][1][safepoint    ] Leaving safepoint region
[2022-06-13T03:22:01.279+0000][1][safepoint    ] Total time for which application threads were stopped: 0.0012092 seconds, Stopping threads took: 0.0007222 seconds
[2022-06-13T03:22:01.280+0000][1][safepoint    ] Application time: 0.0006960 seconds
[2022-06-13T03:22:01.280+0000][1][safepoint    ] Entering safepoint region: RevokeBias
[2022-06-13T03:22:01.280+0000][1][safepoint    ] Leaving safepoint region
[2022-06-13T03:22:01.281+0000][1][safepoint    ] Total time for which application threads were stopped: 0.0007596 seconds, Stopping threads took: 0.0002914 seconds
[2022-06-13T03:22:01.282+0000][1][safepoint    ] Application time: 0.0005985 seconds
[2022-06-13T03:22:01.282+0000][1][safepoint    ] Entering safepoint region: RevokeBias
[2022-06-13T03:22:01.283+0000][1][safepoint    ] Leaving safepoint region
[2022-06-13T03:22:01.283+0000][1][safepoint    ] Total time for which application threads were stopped: 0.0012902 seconds, Stopping threads took: 0.0003247 seconds
[2022-06-13T03:22:01.284+0000][1][safepoint    ] Application time: 0.0006482 seconds
[2022-06-13T03:22:01.284+0000][1][safepoint    ] Entering safepoint region: RevokeBias
[2022-06-13T03:22:01.285+0000][1][safepoint    ] Leaving safepoint region
[2022-06-13T03:22:01.285+0000][1][safepoint    ] Total time for which application threads were stopped: 0.0009526 seconds, Stopping threads took: 0.0003539 seconds
[2022-06-13T03:22:01.286+0000][1][safepoint    ] Application time: 0.0002105 seconds
[2022-06-13T03:22:01.287+0000][1][safepoint    ] Entering safepoint region: RevokeBias
[2022-06-13T03:22:01.287+0000][1][safepoint    ] Leaving safepoint region
[2022-06-13T03:22:01.288+0000][1][safepoint    ] Total time for which application threads were stopped: 0.0008711 seconds, Stopping threads took: 0.0003917 seconds
[2022-06-13T03:22:01.288+0000][1][safepoint    ] Application time: 0.0003409 seconds
[2022-06-13T03:22:01.289+0000][1][safepoint    ] Entering safepoint region: RevokeBias
[2022-06-13T03:22:01.289+0000][1][safepoint    ] Leaving safepoint region
[2022-06-13T03:22:01.290+0000][1][safepoint    ] Total time for which application threads were stopped: 0.0013122 seconds, Stopping threads took: 0.0006285 seconds
[2022-06-13T03:22:01.541+0000][1][safepoint    ] Application time: 0.2510337 seconds
[2022-06-13T03:22:01.541+0000][1][safepoint    ] Entering safepoint region: RevokeBias
[2022-06-13T03:22:01.542+0000][1][safepoint    ] Leaving safepoint region
[2022-06-13T03:22:01.542+0000][1][safepoint    ] Total time for which application threads were stopped: 0.0003151 seconds, Stopping threads took: 0.0001412 seconds
[2022-06-13T03:22:01.542+0000][1][safepoint    ] Application time: 0.0000582 seconds
[2022-06-13T03:22:01.542+0000][1][safepoint    ] Entering safepoint region: RevokeBias
[2022-06-13T03:22:01.542+0000][1][safepoint    ] Leaving safepoint region
[2022-06-13T03:22:01.542+0000][1][safepoint    ] Total time for which application threads were stopped: 0.0001928 seconds, Stopping threads took: 0.0000812 seconds
[2022-06-13T03:22:02.279+0000][1][safepoint    ] Application time: 0.7363910 seconds
[2022-06-13T03:22:02.279+0000][1][safepoint    ] Entering safepoint region: RevokeBias
[2022-06-13T03:22:02.280+0000][1][safepoint    ] Leaving safepoint region
[2022-06-13T03:22:02.280+0000][1][safepoint    ] Total time for which application threads were stopped: 0.0009328 seconds, Stopping threads took: 0.0004922 seconds
[2022-06-13T03:22:02.281+0000][1][safepoint    ] Application time: 0.0008661 seconds
[2022-06-13T03:22:02.281+0000][1][safepoint    ] Entering safepoint region: RevokeBias
[2022-06-13T03:22:02.282+0000][1][safepoint    ] Leaving safepoint region
[2022-06-13T03:22:02.283+0000][1][safepoint    ] Total time for which application threads were stopped: 0.0011126 seconds, Stopping threads took: 0.0003695 seconds
[2022-06-13T03:22:02.284+0000][1][safepoint    ] Application time: 0.0008137 seconds
[2022-06-13T03:22:02.284+0000][1][safepoint    ] Entering safepoint region: RevokeBias
[2022-06-13T03:22:02.285+0000][1][safepoint    ] Leaving safepoint region
[2022-06-13T03:22:02.286+0000][1][safepoint    ] Total time for which application threads were stopped: 0.0011162 seconds, Stopping threads took: 0.0004760 seconds
[2022-06-13T03:22:02.287+0000][1][safepoint    ] Application time: 0.0004698 seconds
[2022-06-13T03:22:02.287+0000][1][safepoint    ] Entering safepoint region: RevokeBias
[2022-06-13T03:22:02.287+0000][1][safepoint    ] Leaving safepoint region
[2022-06-13T03:22:02.288+0000][1][safepoint    ] Total time for which application threads were stopped: 0.0007441 seconds, Stopping threads took: 0.0003436 seconds
[2022-06-13T03:22:02.288+0000][1][safepoint    ] Application time: 0.0002485 seconds
[2022-06-13T03:22:02.288+0000][1][safepoint    ] Entering safepoint region: BulkRevokeBias
[2022-06-13T03:22:02.289+0000][1][safepoint    ] Leaving safepoint region
[2022-06-13T03:22:02.290+0000][1][safepoint    ] Total time for which application threads were stopped: 0.0011237 seconds, Stopping threads took: 0.0004247 seconds
[2022-06-13T03:22:02.290+0000][1][safepoint    ] Application time: 0.0001304 seconds
[2022-06-13T03:22:02.290+0000][1][safepoint    ] Entering safepoint region: BulkRevokeBias
[2022-06-13T03:22:02.291+0000][1][safepoint    ] Leaving safepoint region
[2022-06-13T03:22:02.291+0000][1][safepoint    ] Total time for which application threads were stopped: 0.0009231 seconds, Stopping threads took: 0.0004088 seconds
[2022-06-13T03:22:03.273+0000][1][safepoint    ] Application time: 0.9818248 seconds
[2022-06-13T03:22:03.274+0000][1][safepoint    ] Entering safepoint region: RevokeBias
[2022-06-13T03:22:03.274+0000][1][safepoint    ] Leaving safepoint region
[2022-06-13T03:22:03.274+0000][1][safepoint    ] Total time for which application threads were stopped: 0.0005696 seconds, Stopping threads took: 0.0002215 seconds
[2022-06-13T03:22:03.278+0000][1][safepoint    ] Application time: 0.0039874 seconds
[2022-06-13T03:22:03.279+0000][1][safepoint    ] Entering safepoint region: RevokeBias
[2022-06-13T03:22:03.280+0000][1][safepoint    ] Leaving safepoint region
[2022-06-13T03:22:03.280+0000][1][safepoint    ] Total time for which application threads were stopped: 0.0012011 seconds, Stopping threads took: 0.0006595 seconds
[2022-06-13T03:22:03.281+0000][1][safepoint    ] Application time: 0.0007641 seconds
[2022-06-13T03:22:03.282+0000][1][safepoint    ] Entering safepoint region: RevokeBias
[2022-06-13T03:22:03.282+0000][1][safepoint    ] Leaving safepoint region
[2022-06-13T03:22:03.282+0000][1][safepoint    ] Total time for which application threads were stopped: 0.0007521 seconds, Stopping threads took: 0.0003266 seconds
[2022-06-13T03:22:03.283+0000][1][safepoint    ] Application time: 0.0004812 seconds
[2022-06-13T03:22:03.283+0000][1][safepoint    ] Entering safepoint region: RevokeBias
[2022-06-13T03:22:03.283+0000][1][safepoint    ] Leaving safepoint region
[2022-06-13T03:22:03.284+0000][1][safepoint    ] Total time for which application threads were stopped: 0.0004192 seconds, Stopping threads took: 0.0001684 seconds
[2022-06-13T03:22:03.284+0000][1][safepoint    ] Application time: 0.0004082 seconds
[2022-06-13T03:22:03.285+0000][1][safepoint    ] Entering safepoint region: RevokeBias
[2022-06-13T03:22:03.285+0000][1][safepoint    ] Leaving safepoint region
[2022-06-13T03:22:03.286+0000][1][safepoint    ] Total time for which application threads were stopped: 0.0009263 seconds, Stopping threads took: 0.0005659 seconds
[2022-06-13T03:22:03.286+0000][1][safepoint    ] Application time: 0.0002039 seconds
[2022-06-13T03:22:03.287+0000][1][safepoint    ] Entering safepoint region: RevokeBias
[2022-06-13T03:22:03.287+0000][1][safepoint    ] Leaving safepoint region
[2022-06-13T03:22:03.287+0000][1][safepoint    ] Total time for which application threads were stopped: 0.0009498 seconds, Stopping threads took: 0.0006354 seconds
[2022-06-13T03:22:03.288+0000][1][safepoint    ] Application time: 0.0001465 seconds
[2022-06-13T03:22:03.288+0000][1][safepoint    ] Entering safepoint region: RevokeBias
[2022-06-13T03:22:03.289+0000][1][safepoint    ] Leaving safepoint region
[2022-06-13T03:22:03.289+0000][1][safepoint    ] Total time for which application threads were stopped: 0.0007853 seconds, Stopping threads took: 0.0003911 seconds
[2022-06-13T03:22:04.279+0000][1][safepoint    ] Application time: 0.9892945 seconds
[2022-06-13T03:22:04.280+0000][1][safepoint    ] Entering safepoint region: RevokeBias
[2022-06-13T03:22:04.280+0000][1][safepoint    ] Leaving safepoint region
[2022-06-13T03:22:04.281+0000][1][safepoint    ] Total time for which application threads were stopped: 0.0010870 seconds, Stopping threads took: 0.0004331 seconds
[2022-06-13T03:22:04.281+0000][1][safepoint    ] Application time: 0.0004351 seconds
[2022-06-13T03:22:04.282+0000][1][safepoint    ] Entering safepoint region: RevokeBias
[2022-06-13T03:22:04.282+0000][1][safepoint    ] Leaving safepoint region
[2022-06-13T03:22:04.283+0000][1][safepoint    ] Total time for which application threads were stopped: 0.0010400 seconds, Stopping threads took: 0.0003577 seconds
[2022-06-13T03:22:04.284+0000][1][safepoint    ] Application time: 0.0006963 seconds
[2022-06-13T03:22:04.284+0000][1][safepoint    ] Entering safepoint region: RevokeBias
[2022-06-13T03:22:04.285+0000][1][safepoint    ] Leaving safepoint region
[2022-06-13T03:22:04.285+0000][1][safepoint    ] Total time for which application threads were stopped: 0.0009423 seconds, Stopping threads took: 0.0004960 seconds
[2022-06-13T03:22:04.286+0000][1][safepoint    ] Application time: 0.0004055 seconds
[2022-06-13T03:22:04.286+0000][1][safepoint    ] Entering safepoint region: RevokeBias
[2022-06-13T03:22:04.287+0000][1][safepoint    ] Leaving safepoint region
[2022-06-13T03:22:04.287+0000][1][safepoint    ] Total time for which application threads were stopped: 0.0010223 seconds, Stopping threads took: 0.0005641 seconds
[2022-06-13T03:22:04.288+0000][1][safepoint    ] Application time: 0.0002813 seconds
[2022-06-13T03:22:04.288+0000][1][safepoint    ] Entering safepoint region: RevokeBias
[2022-06-13T03:22:04.288+0000][1][safepoint    ] Leaving safepoint region
[2022-06-13T03:22:04.289+0000][1][safepoint    ] Total time for which application threads were stopped: 0.0004182 seconds, Stopping threads took: 0.0002265 seconds
[2022-06-13T03:22:04.289+0000][1][safepoint    ] Application time: 0.0001245 seconds
[2022-06-13T03:22:04.289+0000][1][safepoint    ] Entering safepoint region: RevokeBias
[2022-06-13T03:22:04.289+0000][1][safepoint    ] Leaving safepoint region
[2022-06-13T03:22:04.290+0000][1][safepoint    ] Total time for which application threads were stopped: 0.0003344 seconds, Stopping threads took: 0.0001680 seconds
[2022-06-13T03:22:05.279+0000][1][safepoint    ] Application time: 0.9897309 seconds
[2022-06-13T03:22:05.280+0000][1][safepoint    ] Entering safepoint region: RevokeBias
[2022-06-13T03:22:05.280+0000][1][safepoint    ] Leaving safepoint region
[2022-06-13T03:22:05.280+0000][1][safepoint    ] Total time for which application threads were stopped: 0.0005489 seconds, Stopping threads took: 0.0002575 seconds
[2022-06-13T03:22:05.281+0000][1][safepoint    ] Application time: 0.0002337 seconds
[2022-06-13T03:22:05.281+0000][1][safepoint    ] Entering safepoint region: RevokeBias
[2022-06-13T03:22:05.281+0000][1][safepoint    ] Leaving safepoint region
[2022-06-13T03:22:05.281+0000][1][safepoint    ] Total time for which application threads were stopped: 0.0003809 seconds, Stopping threads took: 0.0001728 seconds
[2022-06-13T03:22:05.282+0000][1][safepoint    ] Application time: 0.0000790 seconds
[2022-06-13T03:22:05.282+0000][1][safepoint    ] Entering safepoint region: RevokeBias
[2022-06-13T03:22:05.282+0000][1][safepoint    ] Leaving safepoint region
[2022-06-13T03:22:05.282+0000][1][safepoint    ] Total time for which application threads were stopped: 0.0002760 seconds, Stopping threads took: 0.0001299 seconds
[2022-06-13T03:22:05.282+0000][1][safepoint    ] Application time: 0.0000781 seconds
[2022-06-13T03:22:05.282+0000][1][safepoint    ] Entering safepoint region: RevokeBias
[2022-06-13T03:22:05.282+0000][1][safepoint    ] Leaving safepoint region
[2022-06-13T03:22:05.282+0000][1][safepoint    ] Total time for which application threads were stopped: 0.0003023 seconds, Stopping threads took: 0.0001015 seconds
[2022-06-13T03:22:06.279+0000][1][safepoint    ] Application time: 0.9965855 seconds
[2022-06-13T03:22:06.280+0000][1][safepoint    ] Entering safepoint region: RevokeBias
[2022-06-13T03:22:06.280+0000][1][safepoint    ] Leaving safepoint region
[2022-06-13T03:22:06.281+0000][1][safepoint    ] Total time for which application threads were stopped: 0.0010194 seconds, Stopping threads took: 0.0005428 seconds
[2022-06-13T03:22:06.282+0000][1][safepoint    ] Application time: 0.0012667 seconds
[2022-06-13T03:22:06.282+0000][1][safepoint    ] Entering safepoint region: RevokeBias
[2022-06-13T03:22:06.283+0000][1][safepoint    ] Leaving safepoint region
[2022-06-13T03:22:06.283+0000][1][safepoint    ] Total time for which application threads were stopped: 0.0006653 seconds, Stopping threads took: 0.0003396 seconds
[2022-06-13T03:22:06.283+0000][1][safepoint    ] Application time: 0.0002448 seconds
[2022-06-13T03:22:06.284+0000][1][safepoint    ] Entering safepoint region: RevokeBias
[2022-06-13T03:22:06.284+0000][1][safepoint    ] Leaving safepoint region
[2022-06-13T03:22:06.284+0000][1][safepoint    ] Total time for which application threads were stopped: 0.0008175 seconds, Stopping threads took: 0.0004390 seconds
[2022-06-13T03:22:06.285+0000][1][safepoint    ] Application time: 0.0001555 seconds
[2022-06-13T03:22:06.285+0000][1][safepoint    ] Entering safepoint region: RevokeBias
[2022-06-13T03:22:06.286+0000][1][safepoint    ] Leaving safepoint region
[2022-06-13T03:22:06.286+0000][1][safepoint    ] Total time for which application threads were stopped: 0.0007581 seconds, Stopping threads took: 0.0004042 seconds
[2022-06-13T03:22:06.286+0000][1][safepoint    ] Application time: 0.0001822 seconds
[2022-06-13T03:22:06.287+0000][1][safepoint    ] Entering safepoint region: RevokeBias
[2022-06-13T03:22:06.287+0000][1][safepoint    ] Leaving safepoint region
[2022-06-13T03:22:06.287+0000][1][safepoint    ] Total time for which application threads were stopped: 0.0007087 seconds, Stopping threads took: 0.0003518 seconds
[2022-06-13T03:22:07.279+0000][1][safepoint    ] Application time: 0.9918553 seconds
[2022-06-13T03:22:07.280+0000][1][safepoint    ] Entering safepoint region: BulkRevokeBias
[2022-06-13T03:22:07.281+0000][1][safepoint    ] Leaving safepoint region
[2022-06-13T03:22:07.281+0000][1][safepoint    ] Total time for which application threads were stopped: 0.0013575 seconds, Stopping threads took: 0.0004932 seconds
[2022-06-13T03:22:07.282+0000][1][safepoint    ] Application time: 0.0001132 seconds
[2022-06-13T03:22:07.282+0000][1][safepoint    ] Entering safepoint region: RevokeBias
[2022-06-13T03:22:07.282+0000][1][safepoint    ] Leaving safepoint region
[2022-06-13T03:22:07.283+0000][1][safepoint    ] Total time for which application threads were stopped: 0.0008595 seconds, Stopping threads took: 0.0004859 seconds
[2022-06-13T03:22:07.284+0000][1][safepoint    ] Application time: 0.0007720 seconds
[2022-06-13T03:22:07.284+0000][1][safepoint    ] Entering safepoint region: RevokeBias
[2022-06-13T03:22:07.284+0000][1][safepoint    ] Leaving safepoint region
[2022-06-13T03:22:07.285+0000][1][safepoint    ] Total time for which application threads were stopped: 0.0007021 seconds, Stopping threads took: 0.0002739 seconds
[2022-06-13T03:22:07.285+0000][1][safepoint    ] Application time: 0.0002552 seconds
[2022-06-13T03:22:07.285+0000][1][safepoint    ] Entering safepoint region: RevokeBias
[2022-06-13T03:22:07.286+0000][1][safepoint    ] Leaving safepoint region
[2022-06-13T03:22:07.286+0000][1][safepoint    ] Total time for which application threads were stopped: 0.0006378 seconds, Stopping threads took: 0.0003140 seconds
[2022-06-13T03:22:07.286+0000][1][safepoint    ] Application time: 0.0001710 seconds
[2022-06-13T03:22:07.287+0000][1][safepoint    ] Entering safepoint region: RevokeBias
[2022-06-13T03:22:07.287+0000][1][safepoint    ] Leaving safepoint region
[2022-06-13T03:22:07.288+0000][1][safepoint    ] Total time for which application threads were stopped: 0.0009422 seconds, Stopping threads took: 0.0006140 seconds
[2022-06-13T03:22:08.281+0000][1][safepoint    ] Application time: 0.9926972 seconds
[2022-06-13T03:22:08.281+0000][1][safepoint    ] Entering safepoint region: RevokeBias
[2022-06-13T03:22:08.281+0000][1][safepoint    ] Leaving safepoint region
[2022-06-13T03:22:08.282+0000][1][safepoint    ] Total time for which application threads were stopped: 0.0006867 seconds, Stopping threads took: 0.0002312 seconds
[2022-06-13T03:22:08.282+0000][1][safepoint    ] Application time: 0.0002480 seconds
[2022-06-13T03:22:08.283+0000][1][safepoint    ] Entering safepoint region: RevokeBias
[2022-06-13T03:22:08.283+0000][1][safepoint    ] Leaving safepoint region
[2022-06-13T03:22:08.283+0000][1][safepoint    ] Total time for which application threads were stopped: 0.0008157 seconds, Stopping threads took: 0.0004486 seconds
[2022-06-13T03:22:08.284+0000][1][safepoint    ] Application time: 0.0001234 seconds
[2022-06-13T03:22:08.286+0000][1][safepoint    ] Entering safepoint region: RevokeBias
[2022-06-13T03:22:08.286+0000][1][safepoint    ] Leaving safepoint region
[2022-06-13T03:22:08.287+0000][1][safepoint    ] Total time for which application threads were stopped: 0.0004017 seconds, Stopping threads took: 0.0001826 seconds
[2022-06-13T03:22:09.281+0000][1][safepoint    ] Application time: 0.9943387 seconds
[2022-06-13T03:22:09.282+0000][1][safepoint    ] Entering safepoint region: RevokeBias
[2022-06-13T03:22:09.282+0000][1][safepoint    ] Leaving safepoint region
[2022-06-13T03:22:09.282+0000][1][safepoint    ] Total time for which application threads were stopped: 0.0007980 seconds, Stopping threads took: 0.0003315 seconds
[2022-06-13T03:22:09.283+0000][1][safepoint    ] Application time: 0.0003608 seconds
[2022-06-13T03:22:09.283+0000][1][safepoint    ] Entering safepoint region: RevokeBias
[2022-06-13T03:22:09.284+0000][1][safepoint    ] Leaving safepoint region
[2022-06-13T03:22:09.284+0000][1][safepoint    ] Total time for which application threads were stopped: 0.0008231 seconds, Stopping threads took: 0.0004275 seconds
[2022-06-13T03:22:09.284+0000][1][safepoint    ] Application time: 0.0001169 seconds
[2022-06-13T03:22:09.285+0000][1][safepoint    ] Entering safepoint region: RevokeBias
[2022-06-13T03:22:09.285+0000][1][safepoint    ] Leaving safepoint region
[2022-06-13T03:22:09.285+0000][1][safepoint    ] Total time for which application threads were stopped: 0.0006897 seconds, Stopping threads took: 0.0004110 seconds
[2022-06-13T03:22:10.282+0000][1][safepoint    ] Application time: 0.9961252 seconds
[2022-06-13T03:22:10.282+0000][1][safepoint    ] Entering safepoint region: RevokeBias
[2022-06-13T03:22:10.283+0000][1][safepoint    ] Leaving safepoint region
[2022-06-13T03:22:10.283+0000][1][safepoint    ] Total time for which application threads were stopped: 0.0010958 seconds, Stopping threads took: 0.0003826 seconds
[2022-06-13T03:22:10.284+0000][1][safepoint    ] Application time: 0.0003493 seconds
[2022-06-13T03:22:10.284+0000][1][safepoint    ] Entering safepoint region: RevokeBias
[2022-06-13T03:22:10.285+0000][1][safepoint    ] Leaving safepoint region
[2022-06-13T03:22:10.285+0000][1][safepoint    ] Total time for which application threads were stopped: 0.0007558 seconds, Stopping threads took: 0.0003609 seconds
[2022-06-13T03:22:10.286+0000][1][safepoint    ] Application time: 0.0002049 seconds
[2022-06-13T03:22:10.286+0000][1][safepoint    ] Entering safepoint region: RevokeBias
[2022-06-13T03:22:10.286+0000][1][safepoint    ] Leaving safepoint region
[2022-06-13T03:22:10.287+0000][1][safepoint    ] Total time for which application threads were stopped: 0.0009267 seconds, Stopping threads took: 0.0005279 seconds
[2022-06-13T03:22:11.282+0000][1][safepoint    ] Application time: 0.9950657 seconds
[2022-06-13T03:22:11.282+0000][1][safepoint    ] Entering safepoint region: RevokeBias
[2022-06-13T03:22:11.283+0000][1][safepoint    ] Leaving safepoint region
[2022-06-13T03:22:11.283+0000][1][safepoint    ] Total time for which application threads were stopped: 0.0008979 seconds, Stopping threads took: 0.0002077 seconds
[2022-06-13T03:22:11.284+0000][1][safepoint    ] Application time: 0.0001430 seconds
[2022-06-13T03:22:11.284+0000][1][safepoint    ] Entering safepoint region: RevokeBias
[2022-06-13T03:22:11.285+0000][1][safepoint    ] Leaving safepoint region
[2022-06-13T03:22:11.285+0000][1][safepoint    ] Total time for which application threads were stopped: 0.0008256 seconds, Stopping threads took: 0.0003622 seconds
[2022-06-13T03:22:12.285+0000][1][safepoint    ] Application time: 1.0003013 seconds
[2022-06-13T03:22:12.286+0000][1][safepoint    ] Entering safepoint region: Cleanup
[2022-06-13T03:22:12.286+0000][1][safepoint    ] Leaving safepoint region
[2022-06-13T03:22:12.287+0000][1][safepoint    ] Total time for which application threads were stopped: 0.0012224 seconds, Stopping threads took: 0.0005308 seconds
[2022-06-13T03:22:13.288+0000][1][safepoint    ] Application time: 1.0002933 seconds
[2022-06-13T03:22:13.288+0000][1][safepoint    ] Entering safepoint region: Cleanup
[2022-06-13T03:22:13.289+0000][1][safepoint    ] Leaving safepoint region
[2022-06-13T03:22:13.289+0000][1][safepoint    ] Total time for which application threads were stopped: 0.0010190 seconds, Stopping threads took: 0.0004062 seconds
[2022-06-13T03:22:14.290+0000][1][safepoint    ] Application time: 1.0002314 seconds
[2022-06-13T03:22:14.290+0000][1][safepoint    ] Entering safepoint region: Cleanup
[2022-06-13T03:22:14.291+0000][1][safepoint    ] Leaving safepoint region
[2022-06-13T03:22:14.291+0000][1][safepoint    ] Total time for which application threads were stopped: 0.0005724 seconds, Stopping threads took: 0.0002902 seconds
[2022-06-13T03:22:15.291+0000][1][safepoint    ] Application time: 1.0001292 seconds
[2022-06-13T03:22:15.292+0000][1][safepoint    ] Entering safepoint region: Cleanup
[2022-06-13T03:22:15.292+0000][1][safepoint    ] Leaving safepoint region
[2022-06-13T03:22:15.293+0000][1][safepoint    ] Total time for which application threads were stopped: 0.0007756 seconds, Stopping threads took: 0.0003188 seconds
[2022-06-13T03:22:15.951+0000][1][safepoint    ] Application time: 0.6580630 seconds
[2022-06-13T03:22:15.951+0000][1][safepoint    ] Entering safepoint region: RevokeBias
[2022-06-13T03:22:15.952+0000][1][safepoint    ] Leaving safepoint region
[2022-06-13T03:22:15.952+0000][1][safepoint    ] Total time for which application threads were stopped: 0.0008256 seconds, Stopping threads took: 0.0004569 seconds
[2022-06-13T03:22:15.953+0000][1][safepoint    ] Application time: 0.0001448 seconds
[2022-06-13T03:22:15.953+0000][1][safepoint    ] Entering safepoint region: RevokeBias
[2022-06-13T03:22:15.953+0000][1][safepoint    ] Leaving safepoint region
[2022-06-13T03:22:15.954+0000][1][safepoint    ] Total time for which application threads were stopped: 0.0009603 seconds, Stopping threads took: 0.0003768 seconds
[2022-06-13T03:22:15.955+0000][1][safepoint    ] Application time: 0.0011242 seconds
[2022-06-13T03:22:15.955+0000][1][safepoint    ] Entering safepoint region: RevokeBias
[2022-06-13T03:22:15.955+0000][1][safepoint    ] Leaving safepoint region
[2022-06-13T03:22:15.956+0000][1][safepoint    ] Total time for which application threads were stopped: 0.0004077 seconds, Stopping threads took: 0.0001756 seconds
[2022-06-13T03:22:15.956+0000][1][safepoint    ] Application time: 0.0000999 seconds
[2022-06-13T03:22:15.956+0000][1][safepoint    ] Entering safepoint region: RevokeBias
[2022-06-13T03:22:15.956+0000][1][safepoint    ] Leaving safepoint region
[2022-06-13T03:22:15.956+0000][1][safepoint    ] Total time for which application threads were stopped: 0.0003469 seconds, Stopping threads took: 0.0001144 seconds
[2022-06-13T03:22:15.958+0000][1][safepoint    ] Application time: 0.0014280 seconds
[2022-06-13T03:22:15.958+0000][1][safepoint    ] Entering safepoint region: RevokeBias
[2022-06-13T03:22:15.958+0000][1][safepoint    ] Leaving safepoint region
[2022-06-13T03:22:15.959+0000][1][safepoint    ] Total time for which application threads were stopped: 0.0002773 seconds, Stopping threads took: 0.0001247 seconds
[2022-06-13T03:22:16.174+0000][1][safepoint    ] Application time: 0.2155956 seconds
[2022-06-13T03:22:16.175+0000][1][safepoint    ] Entering safepoint region: RevokeBias
[2022-06-13T03:22:16.175+0000][1][safepoint    ] Leaving safepoint region
[2022-06-13T03:22:16.176+0000][1][safepoint    ] Total time for which application threads were stopped: 0.0008111 seconds, Stopping threads took: 0.0003131 seconds
[2022-06-13T03:22:16.176+0000][1][safepoint    ] Application time: 0.0003851 seconds
[2022-06-13T03:22:16.177+0000][1][safepoint    ] Entering safepoint region: RevokeBias
[2022-06-13T03:22:16.177+0000][1][safepoint    ] Leaving safepoint region
[2022-06-13T03:22:16.177+0000][1][safepoint    ] Total time for which application threads were stopped: 0.0007815 seconds, Stopping threads took: 0.0004115 seconds
[2022-06-13T03:22:16.178+0000][1][safepoint    ] Application time: 0.0001114 seconds
[2022-06-13T03:22:16.178+0000][1][safepoint    ] Entering safepoint region: RevokeBias
[2022-06-13T03:22:16.178+0000][1][safepoint    ] Leaving safepoint region
[2022-06-13T03:22:16.179+0000][1][safepoint    ] Total time for which application threads were stopped: 0.0006639 seconds, Stopping threads took: 0.0003419 seconds
[2022-06-13T03:22:16.179+0000][1][safepoint    ] Application time: 0.0004033 seconds
[2022-06-13T03:22:16.180+0000][1][safepoint    ] Entering safepoint region: RevokeBias
[2022-06-13T03:22:16.180+0000][1][safepoint    ] Leaving safepoint region
[2022-06-13T03:22:16.180+0000][1][safepoint    ] Total time for which application threads were stopped: 0.0003333 seconds, Stopping threads took: 0.0001252 seconds
[2022-06-13T03:22:16.180+0000][1][safepoint    ] Application time: 0.0000941 seconds
[2022-06-13T03:22:16.181+0000][1][safepoint    ] Entering safepoint region: RevokeBias
[2022-06-13T03:22:16.181+0000][1][safepoint    ] Leaving safepoint region
[2022-06-13T03:22:16.181+0000][1][safepoint    ] Total time for which application threads were stopped: 0.0004322 seconds, Stopping threads took: 0.0002471 seconds
[2022-06-13T03:22:16.182+0000][1][safepoint    ] Application time: 0.0004070 seconds
[2022-06-13T03:22:16.182+0000][1][safepoint    ] Entering safepoint region: RevokeBias
[2022-06-13T03:22:16.182+0000][1][safepoint    ] Leaving safepoint region
[2022-06-13T03:22:16.182+0000][1][safepoint    ] Total time for which application threads were stopped: 0.0003758 seconds, Stopping threads took: 0.0001954 seconds
[2022-06-13T03:22:16.185+0000][1][safepoint    ] Application time: 0.0026161 seconds
[2022-06-13T03:22:16.185+0000][1][safepoint    ] Entering safepoint region: RevokeBias
[2022-06-13T03:22:16.186+0000][1][safepoint    ] Leaving safepoint region
[2022-06-13T03:22:16.186+0000][1][safepoint    ] Total time for which application threads were stopped: 0.0007277 seconds, Stopping threads took: 0.0002770 seconds
[2022-06-13T03:22:16.187+0000][1][safepoint    ] Application time: 0.0006144 seconds
[2022-06-13T03:22:16.187+0000][1][safepoint    ] Entering safepoint region: RevokeBias
[2022-06-13T03:22:16.188+0000][1][safepoint    ] Leaving safepoint region
[2022-06-13T03:22:16.188+0000][1][safepoint    ] Total time for which application threads were stopped: 0.0008964 seconds, Stopping threads took: 0.0004827 seconds
[2022-06-13T03:22:16.190+0000][1][safepoint    ] Application time: 0.0015573 seconds
[2022-06-13T03:22:16.190+0000][1][safepoint    ] Entering safepoint region: RevokeBias
[2022-06-13T03:22:16.190+0000][1][safepoint    ] Leaving safepoint region
[2022-06-13T03:22:16.190+0000][1][safepoint    ] Total time for which application threads were stopped: 0.0002471 seconds, Stopping threads took: 0.0001410 seconds
[2022-06-13T03:22:16.190+0000][1][safepoint    ] Application time: 0.0001128 seconds
[2022-06-13T03:22:16.191+0000][1][safepoint    ] Entering safepoint region: RevokeBias
[2022-06-13T03:22:16.191+0000][1][safepoint    ] Leaving safepoint region
[2022-06-13T03:22:16.191+0000][1][safepoint    ] Total time for which application threads were stopped: 0.0003748 seconds, Stopping threads took: 0.0002470 seconds
[2022-06-13T03:22:16.191+0000][1][safepoint    ] Application time: 0.0000701 seconds
[2022-06-13T03:22:16.191+0000][1][safepoint    ] Entering safepoint region: RevokeBias
[2022-06-13T03:22:16.191+0000][1][safepoint    ] Leaving safepoint region
[2022-06-13T03:22:16.191+0000][1][safepoint    ] Total time for which application threads were stopped: 0.0001824 seconds, Stopping threads took: 0.0000827 seconds
[2022-06-13T03:22:16.192+0000][1][safepoint    ] Application time: 0.0000739 seconds
[2022-06-13T03:22:16.192+0000][1][safepoint    ] Entering safepoint region: RevokeBias
[2022-06-13T03:22:16.192+0000][1][safepoint    ] Leaving safepoint region
[2022-06-13T03:22:16.192+0000][1][safepoint    ] Total time for which application threads were stopped: 0.0003143 seconds, Stopping threads took: 0.0001488 seconds
[2022-06-13T03:22:16.192+0000][1][safepoint    ] Application time: 0.0001322 seconds
[2022-06-13T03:22:16.193+0000][1][safepoint    ] Entering safepoint region: RevokeBias
[2022-06-13T03:22:16.193+0000][1][safepoint    ] Leaving safepoint region
[2022-06-13T03:22:16.193+0000][1][safepoint    ] Total time for which application threads were stopped: 0.0004746 seconds, Stopping threads took: 0.0002201 seconds
[2022-06-13T03:22:16.194+0000][1][safepoint    ] Application time: 0.0002344 seconds
[2022-06-13T03:22:16.194+0000][1][safepoint    ] Entering safepoint region: RevokeBias
[2022-06-13T03:22:16.194+0000][1][safepoint    ] Leaving safepoint region
[2022-06-13T03:22:16.195+0000][1][safepoint    ] Total time for which application threads were stopped: 0.0008303 seconds, Stopping threads took: 0.0003517 seconds
[2022-06-13T03:22:16.195+0000][1][safepoint    ] Application time: 0.0000809 seconds
[2022-06-13T03:22:16.195+0000][1][safepoint    ] Entering safepoint region: RevokeBias
[2022-06-13T03:22:16.196+0000][1][safepoint    ] Leaving safepoint region
[2022-06-13T03:22:16.196+0000][1][safepoint    ] Total time for which application threads were stopped: 0.0005045 seconds, Stopping threads took: 0.0002338 seconds
[2022-06-13T03:22:16.196+0000][1][safepoint    ] Application time: 0.0001347 seconds
[2022-06-13T03:22:16.196+0000][1][safepoint    ] Entering safepoint region: RevokeBias
[2022-06-13T03:22:16.197+0000][1][safepoint    ] Leaving safepoint region
[2022-06-13T03:22:16.197+0000][1][safepoint    ] Total time for which application threads were stopped: 0.0007858 seconds, Stopping threads took: 0.0004652 seconds
[2022-06-13T03:22:16.197+0000][1][safepoint    ] Application time: 0.0000774 seconds
[2022-06-13T03:22:16.198+0000][1][safepoint    ] Entering safepoint region: RevokeBias
[2022-06-13T03:22:16.198+0000][1][safepoint    ] Leaving safepoint region
[2022-06-13T03:22:16.198+0000][1][safepoint    ] Total time for which application threads were stopped: 0.0002583 seconds, Stopping threads took: 0.0001571 seconds
[2022-06-13T03:22:16.198+0000][1][safepoint    ] Application time: 0.0000727 seconds
[2022-06-13T03:22:16.198+0000][1][safepoint    ] Entering safepoint region: RevokeBias
[2022-06-13T03:22:16.198+0000][1][safepoint    ] Leaving safepoint region
[2022-06-13T03:22:16.198+0000][1][safepoint    ] Total time for which application threads were stopped: 0.0002184 seconds, Stopping threads took: 0.0001149 seconds
[2022-06-13T03:22:16.198+0000][1][safepoint    ] Application time: 0.0000780 seconds
[2022-06-13T03:22:16.199+0000][1][safepoint    ] Entering safepoint region: RevokeBias
[2022-06-13T03:22:16.199+0000][1][safepoint    ] Leaving safepoint region
[2022-06-13T03:22:16.199+0000][1][safepoint    ] Total time for which application threads were stopped: 0.0002381 seconds, Stopping threads took: 0.0001312 seconds
[2022-06-13T03:22:16.199+0000][1][safepoint    ] Application time: 0.0000678 seconds
[2022-06-13T03:22:16.199+0000][1][safepoint    ] Entering safepoint region: RevokeBias
[2022-06-13T03:22:16.199+0000][1][safepoint    ] Leaving safepoint region
[2022-06-13T03:22:16.199+0000][1][safepoint    ] Total time for which application threads were stopped: 0.0004421 seconds, Stopping threads took: 0.0003360 seconds
[2022-06-13T03:22:16.200+0000][1][safepoint    ] Application time: 0.0000940 seconds
[2022-06-13T03:22:16.200+0000][1][safepoint    ] Entering safepoint region: RevokeBias
[2022-06-13T03:22:16.200+0000][1][safepoint    ] Leaving safepoint region
[2022-06-13T03:22:16.200+0000][1][safepoint    ] Total time for which application threads were stopped: 0.0002418 seconds, Stopping threads took: 0.0001126 seconds
[2022-06-13T03:22:16.200+0000][1][safepoint    ] Application time: 0.0002276 seconds
[2022-06-13T03:22:16.201+0000][1][safepoint    ] Entering safepoint region: RevokeBias
[2022-06-13T03:22:16.201+0000][1][safepoint    ] Leaving safepoint region
[2022-06-13T03:22:16.201+0000][1][safepoint    ] Total time for which application threads were stopped: 0.0003712 seconds, Stopping threads took: 0.0002057 seconds
[2022-06-13T03:22:16.202+0000][1][safepoint    ] Application time: 0.0008203 seconds
[2022-06-13T03:22:16.202+0000][1][safepoint    ] Entering safepoint region: RevokeBias
[2022-06-13T03:22:16.202+0000][1][safepoint    ] Leaving safepoint region
[2022-06-13T03:22:16.203+0000][1][safepoint    ] Total time for which application threads were stopped: 0.0004389 seconds, Stopping threads took: 0.0002566 seconds
[2022-06-13T03:22:16.203+0000][1][safepoint    ] Application time: 0.0004968 seconds
[2022-06-13T03:22:16.204+0000][1][safepoint    ] Entering safepoint region: RevokeBias
[2022-06-13T03:22:16.204+0000][1][safepoint    ] Leaving safepoint region
[2022-06-13T03:22:16.204+0000][1][safepoint    ] Total time for which application threads were stopped: 0.0005043 seconds, Stopping threads took: 0.0002936 seconds
[2022-06-13T03:22:16.208+0000][1][safepoint    ] Application time: 0.0040528 seconds
[2022-06-13T03:22:16.209+0000][1][safepoint    ] Entering safepoint region: RevokeBias
[2022-06-13T03:22:16.209+0000][1][safepoint    ] Leaving safepoint region
[2022-06-13T03:22:16.209+0000][1][safepoint    ] Total time for which application threads were stopped: 0.0002512 seconds, Stopping threads took: 0.0001487 seconds
[2022-06-13T03:22:16.209+0000][1][safepoint    ] Application time: 0.0005672 seconds
[2022-06-13T03:22:16.210+0000][1][safepoint    ] Entering safepoint region: RevokeBias
[2022-06-13T03:22:16.210+0000][1][safepoint    ] Leaving safepoint region
[2022-06-13T03:22:16.210+0000][1][safepoint    ] Total time for which application threads were stopped: 0.0002311 seconds, Stopping threads took: 0.0001152 seconds
[2022-06-13T03:22:16.210+0000][1][safepoint    ] Application time: 0.0001163 seconds
[2022-06-13T03:22:16.210+0000][1][safepoint    ] Entering safepoint region: RevokeBias
[2022-06-13T03:22:16.210+0000][1][safepoint    ] Leaving safepoint region
[2022-06-13T03:22:16.210+0000][1][safepoint    ] Total time for which application threads were stopped: 0.0002071 seconds, Stopping threads took: 0.0000977 seconds
[2022-06-13T03:22:16.211+0000][1][safepoint    ] Application time: 0.0004818 seconds
[2022-06-13T03:22:16.211+0000][1][safepoint    ] Entering safepoint region: RevokeBias
[2022-06-13T03:22:16.211+0000][1][safepoint    ] Leaving safepoint region
[2022-06-13T03:22:16.211+0000][1][safepoint    ] Total time for which application threads were stopped: 0.0002777 seconds, Stopping threads took: 0.0001530 seconds
[2022-06-13T03:22:16.212+0000][1][safepoint    ] Application time: 0.0002443 seconds
[2022-06-13T03:22:16.212+0000][1][safepoint    ] Entering safepoint region: RevokeBias
[2022-06-13T03:22:16.212+0000][1][safepoint    ] Leaving safepoint region
[2022-06-13T03:22:16.212+0000][1][safepoint    ] Total time for which application threads were stopped: 0.0003619 seconds, Stopping threads took: 0.0002553 seconds
[2022-06-13T03:22:16.213+0000][1][safepoint    ] Application time: 0.0002754 seconds
[2022-06-13T03:22:16.213+0000][1][safepoint    ] Entering safepoint region: BulkRevokeBias
[2022-06-13T03:22:16.213+0000][1][safepoint    ] Leaving safepoint region
[2022-06-13T03:22:16.213+0000][1][safepoint    ] Total time for which application threads were stopped: 0.0002732 seconds, Stopping threads took: 0.0001196 seconds
[2022-06-13T03:22:16.213+0000][1][safepoint    ] Application time: 0.0000975 seconds
[2022-06-13T03:22:16.213+0000][1][safepoint    ] Entering safepoint region: RevokeBias
[2022-06-13T03:22:16.214+0000][1][safepoint    ] Leaving safepoint region
[2022-06-13T03:22:16.214+0000][1][safepoint    ] Total time for which application threads were stopped: 0.0002828 seconds, Stopping threads took: 0.0001340 seconds
[2022-06-13T03:22:16.214+0000][1][safepoint    ] Application time: 0.0000579 seconds
[2022-06-13T03:22:16.214+0000][1][safepoint    ] Entering safepoint region: RevokeBias
[2022-06-13T03:22:16.214+0000][1][safepoint    ] Leaving safepoint region
[2022-06-13T03:22:16.214+0000][1][safepoint    ] Total time for which application threads were stopped: 0.0002555 seconds, Stopping threads took: 0.0001364 seconds
[2022-06-13T03:22:16.214+0000][1][safepoint    ] Application time: 0.0002478 seconds
[2022-06-13T03:22:16.215+0000][1][safepoint    ] Entering safepoint region: RevokeBias
[2022-06-13T03:22:16.215+0000][1][safepoint    ] Leaving safepoint region
[2022-06-13T03:22:16.215+0000][1][safepoint    ] Total time for which application threads were stopped: 0.0002487 seconds, Stopping threads took: 0.0001231 seconds
[2022-06-13T03:22:16.215+0000][1][safepoint    ] Application time: 0.0004758 seconds
[2022-06-13T03:22:16.216+0000][1][safepoint    ] Entering safepoint region: RevokeBias
[2022-06-13T03:22:16.216+0000][1][safepoint    ] Leaving safepoint region
[2022-06-13T03:22:16.216+0000][1][safepoint    ] Total time for which application threads were stopped: 0.0002507 seconds, Stopping threads took: 0.0001417 seconds
[2022-06-13T03:22:16.216+0000][1][safepoint    ] Application time: 0.0002160 seconds
[2022-06-13T03:22:16.216+0000][1][safepoint    ] Entering safepoint region: RevokeBias
[2022-06-13T03:22:16.216+0000][1][safepoint    ] Leaving safepoint region
[2022-06-13T03:22:16.217+0000][1][safepoint    ] Total time for which application threads were stopped: 0.0002644 seconds, Stopping threads took: 0.0001341 seconds
[2022-06-13T03:22:16.217+0000][1][safepoint    ] Application time: 0.0003653 seconds
[2022-06-13T03:22:16.217+0000][1][safepoint    ] Entering safepoint region: RevokeBias
[2022-06-13T03:22:16.217+0000][1][safepoint    ] Leaving safepoint region
[2022-06-13T03:22:16.217+0000][1][safepoint    ] Total time for which application threads were stopped: 0.0003053 seconds, Stopping threads took: 0.0001395 seconds
[2022-06-13T03:22:16.221+0000][1][safepoint    ] Application time: 0.0037139 seconds
[2022-06-13T03:22:16.221+0000][1][safepoint    ] Entering safepoint region: RevokeBias
[2022-06-13T03:22:16.222+0000][1][safepoint    ] Leaving safepoint region
[2022-06-13T03:22:16.222+0000][1][safepoint    ] Total time for which application threads were stopped: 0.0002491 seconds, Stopping threads took: 0.0001294 seconds
[2022-06-13T03:22:16.222+0000][1][safepoint    ] Application time: 0.0000731 seconds
[2022-06-13T03:22:16.222+0000][1][safepoint    ] Entering safepoint region: RevokeBias
[2022-06-13T03:22:16.222+0000][1][safepoint    ] Leaving safepoint region
[2022-06-13T03:22:16.222+0000][1][safepoint    ] Total time for which application threads were stopped: 0.0001874 seconds, Stopping threads took: 0.0000821 seconds
[2022-06-13T03:22:16.222+0000][1][safepoint    ] Application time: 0.0000529 seconds
[2022-06-13T03:22:16.222+0000][1][safepoint    ] Entering safepoint region: RevokeBias
[2022-06-13T03:22:16.222+0000][1][safepoint    ] Leaving safepoint region
[2022-06-13T03:22:16.222+0000][1][safepoint    ] Total time for which application threads were stopped: 0.0001834 seconds, Stopping threads took: 0.0000834 seconds
[2022-06-13T03:22:16.223+0000][1][safepoint    ] Application time: 0.0004799 seconds
[2022-06-13T03:22:16.223+0000][1][safepoint    ] Entering safepoint region: RevokeBias
[2022-06-13T03:22:16.223+0000][1][safepoint    ] Leaving safepoint region
[2022-06-13T03:22:16.223+0000][1][safepoint    ] Total time for which application threads were stopped: 0.0001919 seconds, Stopping threads took: 0.0000949 seconds
[2022-06-13T03:22:16.224+0000][1][safepoint    ] Application time: 0.0008196 seconds
[2022-06-13T03:22:16.224+0000][1][safepoint    ] Entering safepoint region: RevokeBias
[2022-06-13T03:22:16.224+0000][1][safepoint    ] Leaving safepoint region
[2022-06-13T03:22:16.225+0000][1][safepoint    ] Total time for which application threads were stopped: 0.0001928 seconds, Stopping threads took: 0.0000896 seconds
[2022-06-13T03:22:16.225+0000][1][safepoint    ] Application time: 0.0001828 seconds
[2022-06-13T03:22:16.225+0000][1][safepoint    ] Entering safepoint region: RevokeBias
[2022-06-13T03:22:16.225+0000][1][safepoint    ] Leaving safepoint region
[2022-06-13T03:22:16.225+0000][1][safepoint    ] Total time for which application threads were stopped: 0.0002259 seconds, Stopping threads took: 0.0001201 seconds
[2022-06-13T03:22:16.226+0000][1][safepoint    ] Application time: 0.0006486 seconds
[2022-06-13T03:22:16.226+0000][1][safepoint    ] Entering safepoint region: RevokeBias
[2022-06-13T03:22:16.226+0000][1][safepoint    ] Leaving safepoint region
[2022-06-13T03:22:16.226+0000][1][safepoint    ] Total time for which application threads were stopped: 0.0002350 seconds, Stopping threads took: 0.0001167 seconds
[2022-06-13T03:22:16.227+0000][1][safepoint    ] Application time: 0.0002329 seconds
[2022-06-13T03:22:16.227+0000][1][safepoint    ] Entering safepoint region: RevokeBias
[2022-06-13T03:22:16.227+0000][1][safepoint    ] Leaving safepoint region
[2022-06-13T03:22:16.227+0000][1][safepoint    ] Total time for which application threads were stopped: 0.0003698 seconds, Stopping threads took: 0.0002265 seconds
[2022-06-13T03:22:16.227+0000][1][safepoint    ] Application time: 0.0000963 seconds
[2022-06-13T03:22:16.227+0000][1][safepoint    ] Entering safepoint region: RevokeBias
[2022-06-13T03:22:16.227+0000][1][safepoint    ] Leaving safepoint region
[2022-06-13T03:22:16.228+0000][1][safepoint    ] Total time for which application threads were stopped: 0.0002068 seconds, Stopping threads took: 0.0000976 seconds
[2022-06-13T03:22:16.228+0000][1][safepoint    ] Application time: 0.0004095 seconds
[2022-06-13T03:22:16.228+0000][1][safepoint    ] Entering safepoint region: RevokeBias
[2022-06-13T03:22:16.228+0000][1][safepoint    ] Leaving safepoint region
[2022-06-13T03:22:16.228+0000][1][safepoint    ] Total time for which application threads were stopped: 0.0001878 seconds, Stopping threads took: 0.0000881 seconds
[2022-06-13T03:22:16.230+0000][1][safepoint    ] Application time: 0.0010885 seconds
[2022-06-13T03:22:16.230+0000][1][safepoint    ] Entering safepoint region: RevokeBias
[2022-06-13T03:22:16.230+0000][1][safepoint    ] Leaving safepoint region
[2022-06-13T03:22:16.230+0000][1][safepoint    ] Total time for which application threads were stopped: 0.0002442 seconds, Stopping threads took: 0.0001188 seconds
[2022-06-13T03:22:16.232+0000][1][gc,heap,exit ] Heap
[2022-06-13T03:22:16.232+0000][1][gc,heap,exit ]  par new generation   total 78656K, used 70218K [0x00000000f0000000, 0x00000000f5550000, 0x00000000f5550000)
[2022-06-13T03:22:16.232+0000][1][gc,heap,exit ]   eden space 69952K,  87% used [0x00000000f0000000, 0x00000000f3c12920, 0x00000000f4450000)
[2022-06-13T03:22:16.232+0000][1][gc,heap,exit ]   from space 8704K, 100% used [0x00000000f4450000, 0x00000000f4cd0000, 0x00000000f4cd0000)
[2022-06-13T03:22:16.232+0000][1][gc,heap,exit ]   to   space 8704K,   0% used [0x00000000f4cd0000, 0x00000000f4cd0000, 0x00000000f5550000)
[2022-06-13T03:22:16.232+0000][1][gc,heap,exit ]  concurrent mark-sweep generation total 174784K, used 60231K [0x00000000f5550000, 0x0000000100000000, 0x0000000100000000)
[2022-06-13T03:22:16.232+0000][1][gc,heap,exit ]  Metaspace       used 65320K, capacity 70271K, committed 70572K, reserved 1110016K
[2022-06-13T03:22:16.233+0000][1][gc,heap,exit ]   class space    used 8872K, capacity 10951K, committed 11032K, reserved 1048576K
[2022-06-13T03:22:16.233+0000][1][safepoint    ] Application time: 0.0026810 seconds
[2022-06-13T03:22:16.233+0000][1][safepoint    ] Entering safepoint region: Exit
