[2022-06-13T02:31:27.107+0000][1][gc] Using Concurrent Mark Sweep
[2022-06-13T02:31:27.108+0000][1][gc,heap,coops] Heap address: 0x00000000f0000000, size: 256 MB, Compressed Oops mode: 32-bit
[2022-06-13T02:31:27.138+0000][1][safepoint    ] Entering safepoint region: EnableBiasedLocking
[2022-06-13T02:31:27.138+0000][1][safepoint    ] Leaving safepoint region
[2022-06-13T02:31:27.138+0000][1][safepoint    ] Total time for which application threads were stopped: 0.0006245 seconds, Stopping threads took: 0.0003450 seconds
[2022-06-13T02:31:27.141+0000][1][safepoint    ] Application time: 0.0023990 seconds
[2022-06-13T02:31:27.142+0000][1][safepoint    ] Entering safepoint region: RevokeBias
[2022-06-13T02:31:27.153+0000][1][safepoint    ] Leaving safepoint region
[2022-06-13T02:31:27.154+0000][1][safepoint    ] Total time for which application threads were stopped: 0.0118920 seconds, Stopping threads took: 0.0115283 seconds
[2022-06-13T02:31:27.161+0000][1][safepoint    ] Application time: 0.0071834 seconds
[2022-06-13T02:31:27.161+0000][1][safepoint    ] Entering safepoint region: Deoptimize
[2022-06-13T02:31:27.162+0000][1][safepoint    ] Leaving safepoint region
[2022-06-13T02:31:27.162+0000][1][safepoint    ] Total time for which application threads were stopped: 0.0004679 seconds, Stopping threads took: 0.0002428 seconds
[2022-06-13T02:31:27.222+0000][1][safepoint    ] Application time: 0.0596351 seconds
[2022-06-13T02:31:27.222+0000][1][safepoint    ] Entering safepoint region: RevokeBias
[2022-06-13T02:31:27.223+0000][1][safepoint    ] Leaving safepoint region
[2022-06-13T02:31:27.223+0000][1][safepoint    ] Total time for which application threads were stopped: 0.0005747 seconds, Stopping threads took: 0.0002709 seconds
[2022-06-13T02:31:27.241+0000][1][safepoint    ] Application time: 0.0174503 seconds
[2022-06-13T02:31:27.241+0000][1][safepoint    ] Entering safepoint region: Deoptimize
[2022-06-13T02:31:27.241+0000][1][safepoint    ] Leaving safepoint region
[2022-06-13T02:31:27.241+0000][1][safepoint    ] Total time for which application threads were stopped: 0.0002806 seconds, Stopping threads took: 0.0001102 seconds
[2022-06-13T02:31:27.415+0000][1][safepoint    ] Application time: 0.1737832 seconds
[2022-06-13T02:31:27.415+0000][1][safepoint    ] Entering safepoint region: Deoptimize
[2022-06-13T02:31:27.415+0000][1][safepoint    ] Leaving safepoint region
[2022-06-13T02:31:27.416+0000][1][safepoint    ] Total time for which application threads were stopped: 0.0003846 seconds, Stopping threads took: 0.0001209 seconds
[2022-06-13T02:31:27.427+0000][1][safepoint    ] Application time: 0.0109622 seconds
[2022-06-13T02:31:27.427+0000][1][safepoint    ] Entering safepoint region: Deoptimize
[2022-06-13T02:31:27.427+0000][1][safepoint    ] Leaving safepoint region
[2022-06-13T02:31:27.427+0000][1][safepoint    ] Total time for which application threads were stopped: 0.0002899 seconds, Stopping threads took: 0.0000968 seconds
[2022-06-13T02:31:27.452+0000][1][safepoint    ] Application time: 0.0243669 seconds
[2022-06-13T02:31:27.452+0000][1][safepoint    ] Entering safepoint region: Deoptimize
[2022-06-13T02:31:27.452+0000][1][safepoint    ] Leaving safepoint region
[2022-06-13T02:31:27.452+0000][1][safepoint    ] Total time for which application threads were stopped: 0.0003569 seconds, Stopping threads took: 0.0001264 seconds
[2022-06-13T02:31:27.459+0000][1][safepoint    ] Application time: 0.0062681 seconds
[2022-06-13T02:31:27.459+0000][1][safepoint    ] Entering safepoint region: Deoptimize
[2022-06-13T02:31:27.459+0000][1][safepoint    ] Leaving safepoint region
[2022-06-13T02:31:27.459+0000][1][safepoint    ] Total time for which application threads were stopped: 0.0003917 seconds, Stopping threads took: 0.0001413 seconds
[2022-06-13T02:31:27.701+0000][1][safepoint    ] Application time: 0.2414865 seconds
[2022-06-13T02:31:27.701+0000][1][safepoint    ] Entering safepoint region: Deoptimize
[2022-06-13T02:31:27.701+0000][1][safepoint    ] Leaving safepoint region
[2022-06-13T02:31:27.702+0000][1][safepoint    ] Total time for which application threads were stopped: 0.0005160 seconds, Stopping threads took: 0.0001255 seconds
[2022-06-13T02:31:27.853+0000][1][safepoint    ] Application time: 0.1516837 seconds
[2022-06-13T02:31:27.854+0000][1][safepoint    ] Entering safepoint region: RevokeBias
[2022-06-13T02:31:27.854+0000][1][safepoint    ] Leaving safepoint region
[2022-06-13T02:31:27.854+0000][1][safepoint    ] Total time for which application threads were stopped: 0.0005432 seconds, Stopping threads took: 0.0001669 seconds
[2022-06-13T02:31:27.917+0000][1][safepoint    ] Application time: 0.0629500 seconds
[2022-06-13T02:31:27.918+0000][1][safepoint    ] Entering safepoint region: Deoptimize
[2022-06-13T02:31:27.918+0000][1][safepoint    ] Leaving safepoint region
[2022-06-13T02:31:27.918+0000][1][safepoint    ] Total time for which application threads were stopped: 0.0004519 seconds, Stopping threads took: 0.0001446 seconds
[2022-06-13T02:31:27.979+0000][1][safepoint    ] Application time: 0.0609095 seconds
[2022-06-13T02:31:27.979+0000][1][safepoint    ] Entering safepoint region: Deoptimize
[2022-06-13T02:31:27.980+0000][1][safepoint    ] Leaving safepoint region
[2022-06-13T02:31:27.980+0000][1][safepoint    ] Total time for which application threads were stopped: 0.0005025 seconds, Stopping threads took: 0.0001547 seconds
[2022-06-13T02:31:27.980+0000][1][safepoint    ] Application time: 0.0001467 seconds
[2022-06-13T02:31:27.980+0000][1][safepoint    ] Entering safepoint region: Deoptimize
[2022-06-13T02:31:27.980+0000][1][safepoint    ] Leaving safepoint region
[2022-06-13T02:31:27.981+0000][1][safepoint    ] Total time for which application threads were stopped: 0.0004262 seconds, Stopping threads took: 0.0001293 seconds
[2022-06-13T02:31:28.002+0000][1][safepoint    ] Application time: 0.0213120 seconds
[2022-06-13T02:31:28.002+0000][1][safepoint    ] Entering safepoint region: Deoptimize
[2022-06-13T02:31:28.003+0000][1][safepoint    ] Leaving safepoint region
[2022-06-13T02:31:28.003+0000][1][safepoint    ] Total time for which application threads were stopped: 0.0006081 seconds, Stopping threads took: 0.0001211 seconds
[2022-06-13T02:31:28.007+0000][1][safepoint    ] Application time: 0.0037872 seconds
[2022-06-13T02:31:28.007+0000][1][safepoint    ] Entering safepoint region: RevokeBias
[2022-06-13T02:31:28.007+0000][1][safepoint    ] Leaving safepoint region
[2022-06-13T02:31:28.007+0000][1][safepoint    ] Total time for which application threads were stopped: 0.0002740 seconds, Stopping threads took: 0.0001631 seconds
[2022-06-13T02:31:28.008+0000][1][safepoint    ] Application time: 0.0001117 seconds
[2022-06-13T02:31:28.008+0000][1][safepoint    ] Entering safepoint region: RevokeBias
[2022-06-13T02:31:28.008+0000][1][safepoint    ] Leaving safepoint region
[2022-06-13T02:31:28.008+0000][1][safepoint    ] Total time for which application threads were stopped: 0.0003226 seconds, Stopping threads took: 0.0001634 seconds
[2022-06-13T02:31:28.008+0000][1][safepoint    ] Application time: 0.0001198 seconds
[2022-06-13T02:31:28.008+0000][1][safepoint    ] Entering safepoint region: RevokeBias
[2022-06-13T02:31:28.009+0000][1][safepoint    ] Leaving safepoint region
[2022-06-13T02:31:28.009+0000][1][safepoint    ] Total time for which application threads were stopped: 0.0002872 seconds, Stopping threads took: 0.0001562 seconds
[2022-06-13T02:31:28.009+0000][1][safepoint    ] Application time: 0.0001349 seconds
[2022-06-13T02:31:28.009+0000][1][safepoint    ] Entering safepoint region: RevokeBias
[2022-06-13T02:31:28.009+0000][1][safepoint    ] Leaving safepoint region
[2022-06-13T02:31:28.009+0000][1][safepoint    ] Total time for which application threads were stopped: 0.0003294 seconds, Stopping threads took: 0.0001987 seconds
[2022-06-13T02:31:28.014+0000][1][safepoint    ] Application time: 0.0044387 seconds
[2022-06-13T02:31:28.014+0000][1][safepoint    ] Entering safepoint region: Deoptimize
[2022-06-13T02:31:28.014+0000][1][safepoint    ] Leaving safepoint region
[2022-06-13T02:31:28.015+0000][1][safepoint    ] Total time for which application threads were stopped: 0.0004829 seconds, Stopping threads took: 0.0001330 seconds
[2022-06-13T02:31:28.060+0000][1][safepoint    ] Application time: 0.0455398 seconds
[2022-06-13T02:31:28.061+0000][1][safepoint    ] Entering safepoint region: GenCollectForAllocation
[2022-06-13T02:31:28.061+0000][1][gc,start     ] GC(0) Pause Young (Allocation Failure)
[2022-06-13T02:31:28.061+0000][1][gc,task      ] GC(0) Using 5 workers of 13 for evacuation
[2022-06-13T02:31:28.066+0000][1][gc,age       ] GC(0) Desired survivor size 4456448 bytes, new threshold 1 (max threshold 6)
[2022-06-13T02:31:28.066+0000][1][gc,age       ] GC(0) Age table with threshold 1 (max threshold 6)
[2022-06-13T02:31:28.066+0000][1][gc,age       ] GC(0) - age   1:    8103920 bytes,    8103920 total
[2022-06-13T02:31:28.066+0000][1][gc,heap      ] GC(0) ParNew: 69952K->8023K(78656K)
[2022-06-13T02:31:28.066+0000][1][gc,heap      ] GC(0) CMS: 0K->0K(174784K)
[2022-06-13T02:31:28.067+0000][1][gc,metaspace ] GC(0) Metaspace: 12330K->12330K(1060864K)
[2022-06-13T02:31:28.067+0000][1][gc           ] GC(0) Pause Young (Allocation Failure) 68M->7M(247M) 6.038ms
[2022-06-13T02:31:28.067+0000][1][gc,cpu       ] GC(0) User=0.02s Sys=0.00s Real=0.00s
[2022-06-13T02:31:28.067+0000][1][safepoint    ] Leaving safepoint region
[2022-06-13T02:31:28.067+0000][1][safepoint    ] Total time for which application threads were stopped: 0.0066441 seconds, Stopping threads took: 0.0001225 seconds
[2022-06-13T02:31:28.068+0000][1][safepoint    ] Application time: 0.0002761 seconds
[2022-06-13T02:31:28.068+0000][1][safepoint    ] Entering safepoint region: RevokeBias
[2022-06-13T02:31:28.068+0000][1][safepoint    ] Leaving safepoint region
[2022-06-13T02:31:28.068+0000][1][safepoint    ] Total time for which application threads were stopped: 0.0004614 seconds, Stopping threads took: 0.0002458 seconds
[2022-06-13T02:31:28.068+0000][1][safepoint    ] Application time: 0.0001093 seconds
[2022-06-13T02:31:28.069+0000][1][safepoint    ] Entering safepoint region: RevokeBias
[2022-06-13T02:31:28.069+0000][1][safepoint    ] Leaving safepoint region
[2022-06-13T02:31:28.069+0000][1][safepoint    ] Total time for which application threads were stopped: 0.0004123 seconds, Stopping threads took: 0.0002443 seconds
[2022-06-13T02:31:28.069+0000][1][safepoint    ] Application time: 0.0001047 seconds
[2022-06-13T02:31:28.070+0000][1][safepoint    ] Entering safepoint region: RevokeBias
[2022-06-13T02:31:28.070+0000][1][safepoint    ] Leaving safepoint region
[2022-06-13T02:31:28.070+0000][1][safepoint    ] Total time for which application threads were stopped: 0.0003641 seconds, Stopping threads took: 0.0001420 seconds
[2022-06-13T02:31:28.070+0000][1][safepoint    ] Application time: 0.0001244 seconds
[2022-06-13T02:31:28.070+0000][1][safepoint    ] Entering safepoint region: RevokeBias
[2022-06-13T02:31:28.071+0000][1][safepoint    ] Leaving safepoint region
[2022-06-13T02:31:28.071+0000][1][safepoint    ] Total time for which application threads were stopped: 0.0003078 seconds, Stopping threads took: 0.0001432 seconds
[2022-06-13T02:31:28.071+0000][1][safepoint    ] Application time: 0.0000928 seconds
[2022-06-13T02:31:28.071+0000][1][safepoint    ] Entering safepoint region: RevokeBias
[2022-06-13T02:31:28.071+0000][1][safepoint    ] Leaving safepoint region
[2022-06-13T02:31:28.071+0000][1][safepoint    ] Total time for which application threads were stopped: 0.0002321 seconds, Stopping threads took: 0.0001188 seconds
[2022-06-13T02:31:28.071+0000][1][safepoint    ] Application time: 0.0000847 seconds
[2022-06-13T02:31:28.072+0000][1][safepoint    ] Entering safepoint region: RevokeBias
[2022-06-13T02:31:28.072+0000][1][safepoint    ] Leaving safepoint region
[2022-06-13T02:31:28.072+0000][1][safepoint    ] Total time for which application threads were stopped: 0.0002996 seconds, Stopping threads took: 0.0001815 seconds
[2022-06-13T02:31:28.072+0000][1][safepoint    ] Application time: 0.0000827 seconds
[2022-06-13T02:31:28.072+0000][1][safepoint    ] Entering safepoint region: RevokeBias
[2022-06-13T02:31:28.072+0000][1][safepoint    ] Leaving safepoint region
[2022-06-13T02:31:28.072+0000][1][safepoint    ] Total time for which application threads were stopped: 0.0002971 seconds, Stopping threads took: 0.0001730 seconds
[2022-06-13T02:31:28.073+0000][1][safepoint    ] Application time: 0.0000860 seconds
[2022-06-13T02:31:28.073+0000][1][safepoint    ] Entering safepoint region: RevokeBias
[2022-06-13T02:31:28.073+0000][1][safepoint    ] Leaving safepoint region
[2022-06-13T02:31:28.073+0000][1][safepoint    ] Total time for which application threads were stopped: 0.0002301 seconds, Stopping threads took: 0.0001055 seconds
[2022-06-13T02:31:28.073+0000][1][safepoint    ] Application time: 0.0001661 seconds
[2022-06-13T02:31:28.073+0000][1][safepoint    ] Entering safepoint region: RevokeBias
[2022-06-13T02:31:28.074+0000][1][safepoint    ] Leaving safepoint region
[2022-06-13T02:31:28.074+0000][1][safepoint    ] Total time for which application threads were stopped: 0.0002902 seconds, Stopping threads took: 0.0001834 seconds
[2022-06-13T02:31:28.074+0000][1][safepoint    ] Application time: 0.0000739 seconds
[2022-06-13T02:31:28.074+0000][1][safepoint    ] Entering safepoint region: RevokeBias
[2022-06-13T02:31:28.074+0000][1][safepoint    ] Leaving safepoint region
[2022-06-13T02:31:28.074+0000][1][safepoint    ] Total time for which application threads were stopped: 0.0002633 seconds, Stopping threads took: 0.0001363 seconds
[2022-06-13T02:31:28.074+0000][1][safepoint    ] Application time: 0.0000783 seconds
[2022-06-13T02:31:28.074+0000][1][safepoint    ] Entering safepoint region: RevokeBias
[2022-06-13T02:31:28.075+0000][1][safepoint    ] Leaving safepoint region
[2022-06-13T02:31:28.075+0000][1][safepoint    ] Total time for which application threads were stopped: 0.0003975 seconds, Stopping threads took: 0.0001637 seconds
[2022-06-13T02:31:28.075+0000][1][safepoint    ] Application time: 0.0001866 seconds
[2022-06-13T02:31:28.076+0000][1][safepoint    ] Entering safepoint region: RevokeBias
[2022-06-13T02:31:28.076+0000][1][safepoint    ] Leaving safepoint region
[2022-06-13T02:31:28.076+0000][1][safepoint    ] Total time for which application threads were stopped: 0.0003544 seconds, Stopping threads took: 0.0002015 seconds
[2022-06-13T02:31:28.076+0000][1][safepoint    ] Application time: 0.0001101 seconds
[2022-06-13T02:31:28.076+0000][1][safepoint    ] Entering safepoint region: RevokeBias
[2022-06-13T02:31:28.077+0000][1][safepoint    ] Leaving safepoint region
[2022-06-13T02:31:28.077+0000][1][safepoint    ] Total time for which application threads were stopped: 0.0003482 seconds, Stopping threads took: 0.0001752 seconds
[2022-06-13T02:31:28.077+0000][1][safepoint    ] Application time: 0.0000769 seconds
[2022-06-13T02:31:28.077+0000][1][safepoint    ] Entering safepoint region: RevokeBias
[2022-06-13T02:31:28.077+0000][1][safepoint    ] Leaving safepoint region
[2022-06-13T02:31:28.077+0000][1][safepoint    ] Total time for which application threads were stopped: 0.0003349 seconds, Stopping threads took: 0.0001526 seconds
[2022-06-13T02:31:28.078+0000][1][safepoint    ] Application time: 0.0001747 seconds
[2022-06-13T02:31:28.078+0000][1][safepoint    ] Entering safepoint region: RevokeBias
[2022-06-13T02:31:28.078+0000][1][safepoint    ] Leaving safepoint region
[2022-06-13T02:31:28.078+0000][1][safepoint    ] Total time for which application threads were stopped: 0.0003911 seconds, Stopping threads took: 0.0001640 seconds
[2022-06-13T02:31:28.079+0000][1][safepoint    ] Application time: 0.0000719 seconds
[2022-06-13T02:31:28.079+0000][1][safepoint    ] Entering safepoint region: RevokeBias
[2022-06-13T02:31:28.079+0000][1][safepoint    ] Leaving safepoint region
[2022-06-13T02:31:28.079+0000][1][safepoint    ] Total time for which application threads were stopped: 0.0003689 seconds, Stopping threads took: 0.0001798 seconds
[2022-06-13T02:31:28.079+0000][1][safepoint    ] Application time: 0.0001042 seconds
[2022-06-13T02:31:28.079+0000][1][safepoint    ] Entering safepoint region: RevokeBias
[2022-06-13T02:31:28.080+0000][1][safepoint    ] Leaving safepoint region
[2022-06-13T02:31:28.080+0000][1][safepoint    ] Total time for which application threads were stopped: 0.0003964 seconds, Stopping threads took: 0.0002258 seconds
[2022-06-13T02:31:28.080+0000][1][safepoint    ] Application time: 0.0000854 seconds
[2022-06-13T02:31:28.080+0000][1][safepoint    ] Entering safepoint region: RevokeBias
[2022-06-13T02:31:28.080+0000][1][safepoint    ] Leaving safepoint region
[2022-06-13T02:31:28.081+0000][1][safepoint    ] Total time for which application threads were stopped: 0.0003601 seconds, Stopping threads took: 0.0001550 seconds
[2022-06-13T02:31:28.081+0000][1][safepoint    ] Application time: 0.0001443 seconds
[2022-06-13T02:31:28.081+0000][1][safepoint    ] Entering safepoint region: RevokeBias
[2022-06-13T02:31:28.081+0000][1][safepoint    ] Leaving safepoint region
[2022-06-13T02:31:28.081+0000][1][safepoint    ] Total time for which application threads were stopped: 0.0003985 seconds, Stopping threads took: 0.0001697 seconds
[2022-06-13T02:31:28.082+0000][1][safepoint    ] Application time: 0.0000644 seconds
[2022-06-13T02:31:28.082+0000][1][safepoint    ] Entering safepoint region: RevokeBias
[2022-06-13T02:31:28.082+0000][1][safepoint    ] Leaving safepoint region
[2022-06-13T02:31:28.082+0000][1][safepoint    ] Total time for which application threads were stopped: 0.0003296 seconds, Stopping threads took: 0.0001614 seconds
[2022-06-13T02:31:28.082+0000][1][safepoint    ] Application time: 0.0001175 seconds
[2022-06-13T02:31:28.082+0000][1][safepoint    ] Entering safepoint region: RevokeBias
[2022-06-13T02:31:28.083+0000][1][safepoint    ] Leaving safepoint region
[2022-06-13T02:31:28.083+0000][1][safepoint    ] Total time for which application threads were stopped: 0.0002512 seconds, Stopping threads took: 0.0001174 seconds
[2022-06-13T02:31:28.083+0000][1][safepoint    ] Application time: 0.0001127 seconds
[2022-06-13T02:31:28.083+0000][1][safepoint    ] Entering safepoint region: RevokeBias
[2022-06-13T02:31:28.084+0000][1][safepoint    ] Leaving safepoint region
[2022-06-13T02:31:28.084+0000][1][safepoint    ] Total time for which application threads were stopped: 0.0004216 seconds, Stopping threads took: 0.0002883 seconds
[2022-06-13T02:31:28.084+0000][1][safepoint    ] Application time: 0.0001567 seconds
[2022-06-13T02:31:28.084+0000][1][safepoint    ] Entering safepoint region: RevokeBias
[2022-06-13T02:31:28.084+0000][1][safepoint    ] Leaving safepoint region
[2022-06-13T02:31:28.084+0000][1][safepoint    ] Total time for which application threads were stopped: 0.0002513 seconds, Stopping threads took: 0.0001275 seconds
[2022-06-13T02:31:28.085+0000][1][safepoint    ] Application time: 0.0000766 seconds
[2022-06-13T02:31:28.085+0000][1][safepoint    ] Entering safepoint region: RevokeBias
[2022-06-13T02:31:28.085+0000][1][safepoint    ] Leaving safepoint region
[2022-06-13T02:31:28.085+0000][1][safepoint    ] Total time for which application threads were stopped: 0.0002901 seconds, Stopping threads took: 0.0001657 seconds
[2022-06-13T02:31:28.085+0000][1][safepoint    ] Application time: 0.0000833 seconds
[2022-06-13T02:31:28.085+0000][1][safepoint    ] Entering safepoint region: RevokeBias
[2022-06-13T02:31:28.086+0000][1][safepoint    ] Leaving safepoint region
[2022-06-13T02:31:28.086+0000][1][safepoint    ] Total time for which application threads were stopped: 0.0003055 seconds, Stopping threads took: 0.0001575 seconds
[2022-06-13T02:31:28.086+0000][1][safepoint    ] Application time: 0.0000761 seconds
[2022-06-13T02:31:28.086+0000][1][safepoint    ] Entering safepoint region: RevokeBias
[2022-06-13T02:31:28.086+0000][1][safepoint    ] Leaving safepoint region
[2022-06-13T02:31:28.086+0000][1][safepoint    ] Total time for which application threads were stopped: 0.0002962 seconds, Stopping threads took: 0.0001355 seconds
[2022-06-13T02:31:28.219+0000][1][safepoint    ] Application time: 0.1327458 seconds
[2022-06-13T02:31:28.219+0000][1][safepoint    ] Entering safepoint region: Deoptimize
[2022-06-13T02:31:28.220+0000][1][safepoint    ] Leaving safepoint region
[2022-06-13T02:31:28.220+0000][1][safepoint    ] Total time for which application threads were stopped: 0.0006088 seconds, Stopping threads took: 0.0001033 seconds
[2022-06-13T02:31:28.348+0000][1][safepoint    ] Application time: 0.1284271 seconds
[2022-06-13T02:31:28.349+0000][1][safepoint    ] Entering safepoint region: RevokeBias
[2022-06-13T02:31:28.349+0000][1][safepoint    ] Leaving safepoint region
[2022-06-13T02:31:28.349+0000][1][safepoint    ] Total time for which application threads were stopped: 0.0005871 seconds, Stopping threads took: 0.0003402 seconds
[2022-06-13T02:31:28.405+0000][1][safepoint    ] Application time: 0.0554178 seconds
[2022-06-13T02:31:28.405+0000][1][safepoint    ] Entering safepoint region: RevokeBias
[2022-06-13T02:31:28.406+0000][1][safepoint    ] Leaving safepoint region
[2022-06-13T02:31:28.406+0000][1][safepoint    ] Total time for which application threads were stopped: 0.0004002 seconds, Stopping threads took: 0.0002261 seconds
[2022-06-13T02:31:28.409+0000][1][safepoint    ] Application time: 0.0029882 seconds
[2022-06-13T02:31:28.409+0000][1][safepoint    ] Entering safepoint region: RevokeBias
[2022-06-13T02:31:28.409+0000][1][safepoint    ] Leaving safepoint region
[2022-06-13T02:31:28.409+0000][1][safepoint    ] Total time for which application threads were stopped: 0.0003508 seconds, Stopping threads took: 0.0001139 seconds
[2022-06-13T02:31:28.422+0000][1][safepoint    ] Application time: 0.0128080 seconds
[2022-06-13T02:31:28.423+0000][1][safepoint    ] Entering safepoint region: GenCollectForAllocation
[2022-06-13T02:31:28.423+0000][1][gc,start     ] GC(1) Pause Young (Allocation Failure)
[2022-06-13T02:31:28.423+0000][1][gc,task      ] GC(1) Using 5 workers of 13 for evacuation
[2022-06-13T02:31:28.434+0000][1][gc,age       ] GC(1) Desired survivor size 4456448 bytes, new threshold 6 (max threshold 6)
[2022-06-13T02:31:28.434+0000][1][gc,age       ] GC(1) Age table with threshold 6 (max threshold 6)
[2022-06-13T02:31:28.435+0000][1][gc,age       ] GC(1) - age   1:    1970448 bytes,    1970448 total
[2022-06-13T02:31:28.435+0000][1][gc,heap      ] GC(1) ParNew: 77975K->5338K(78656K)
[2022-06-13T02:31:28.435+0000][1][gc,heap      ] GC(1) CMS: 0K->6659K(174784K)
[2022-06-13T02:31:28.436+0000][1][gc,metaspace ] GC(1) Metaspace: 14951K->14951K(1062912K)
[2022-06-13T02:31:28.436+0000][1][gc           ] GC(1) Pause Young (Allocation Failure) 76M->11M(247M) 13.007ms
[2022-06-13T02:31:28.436+0000][1][gc,cpu       ] GC(1) User=0.07s Sys=0.00s Real=0.01s
[2022-06-13T02:31:28.437+0000][1][safepoint    ] Leaving safepoint region
[2022-06-13T02:31:28.437+0000][1][safepoint    ] Total time for which application threads were stopped: 0.0141444 seconds, Stopping threads took: 0.0002953 seconds
[2022-06-13T02:31:28.437+0000][1][safepoint    ] Application time: 0.0002217 seconds
[2022-06-13T02:31:28.437+0000][1][safepoint    ] Entering safepoint region: RevokeBias
[2022-06-13T02:31:28.438+0000][1][safepoint    ] Leaving safepoint region
[2022-06-13T02:31:28.438+0000][1][safepoint    ] Total time for which application threads were stopped: 0.0006673 seconds, Stopping threads took: 0.0003320 seconds
[2022-06-13T02:31:28.438+0000][1][safepoint    ] Application time: 0.0001194 seconds
[2022-06-13T02:31:28.439+0000][1][safepoint    ] Entering safepoint region: RevokeBias
[2022-06-13T02:31:28.439+0000][1][safepoint    ] Leaving safepoint region
[2022-06-13T02:31:28.439+0000][1][safepoint    ] Total time for which application threads were stopped: 0.0004485 seconds, Stopping threads took: 0.0002123 seconds
[2022-06-13T02:31:28.439+0000][1][safepoint    ] Application time: 0.0001157 seconds
[2022-06-13T02:31:28.440+0000][1][safepoint    ] Entering safepoint region: RevokeBias
[2022-06-13T02:31:28.440+0000][1][safepoint    ] Leaving safepoint region
[2022-06-13T02:31:28.440+0000][1][safepoint    ] Total time for which application threads were stopped: 0.0003264 seconds, Stopping threads took: 0.0001928 seconds
[2022-06-13T02:31:28.441+0000][1][safepoint    ] Application time: 0.0000779 seconds
[2022-06-13T02:31:28.441+0000][1][safepoint    ] Entering safepoint region: RevokeBias
[2022-06-13T02:31:28.441+0000][1][safepoint    ] Leaving safepoint region
[2022-06-13T02:31:28.441+0000][1][safepoint    ] Total time for which application threads were stopped: 0.0004034 seconds, Stopping threads took: 0.0002022 seconds
[2022-06-13T02:31:28.441+0000][1][safepoint    ] Application time: 0.0000882 seconds
[2022-06-13T02:31:28.442+0000][1][safepoint    ] Entering safepoint region: RevokeBias
[2022-06-13T02:31:28.442+0000][1][safepoint    ] Leaving safepoint region
[2022-06-13T02:31:28.442+0000][1][safepoint    ] Total time for which application threads were stopped: 0.0004210 seconds, Stopping threads took: 0.0002657 seconds
[2022-06-13T02:31:28.442+0000][1][safepoint    ] Application time: 0.0000716 seconds
[2022-06-13T02:31:28.442+0000][1][safepoint    ] Entering safepoint region: RevokeBias
[2022-06-13T02:31:28.443+0000][1][safepoint    ] Leaving safepoint region
[2022-06-13T02:31:28.443+0000][1][safepoint    ] Total time for which application threads were stopped: 0.0003927 seconds, Stopping threads took: 0.0001916 seconds
[2022-06-13T02:31:28.443+0000][1][safepoint    ] Application time: 0.0000853 seconds
[2022-06-13T02:31:28.443+0000][1][safepoint    ] Entering safepoint region: RevokeBias
[2022-06-13T02:31:28.443+0000][1][safepoint    ] Leaving safepoint region
[2022-06-13T02:31:28.444+0000][1][safepoint    ] Total time for which application threads were stopped: 0.0004669 seconds, Stopping threads took: 0.0002729 seconds
[2022-06-13T02:31:28.444+0000][1][safepoint    ] Application time: 0.0000989 seconds
[2022-06-13T02:31:28.444+0000][1][safepoint    ] Entering safepoint region: RevokeBias
[2022-06-13T02:31:28.444+0000][1][safepoint    ] Leaving safepoint region
[2022-06-13T02:31:28.445+0000][1][safepoint    ] Total time for which application threads were stopped: 0.0003476 seconds, Stopping threads took: 0.0001961 seconds
[2022-06-13T02:31:28.445+0000][1][safepoint    ] Application time: 0.0001084 seconds
[2022-06-13T02:31:28.445+0000][1][safepoint    ] Entering safepoint region: RevokeBias
[2022-06-13T02:31:28.445+0000][1][safepoint    ] Leaving safepoint region
[2022-06-13T02:31:28.445+0000][1][safepoint    ] Total time for which application threads were stopped: 0.0003657 seconds, Stopping threads took: 0.0002309 seconds
[2022-06-13T02:31:28.446+0000][1][safepoint    ] Application time: 0.0000797 seconds
[2022-06-13T02:31:28.446+0000][1][safepoint    ] Entering safepoint region: RevokeBias
[2022-06-13T02:31:28.446+0000][1][safepoint    ] Leaving safepoint region
[2022-06-13T02:31:28.446+0000][1][safepoint    ] Total time for which application threads were stopped: 0.0002592 seconds, Stopping threads took: 0.0001170 seconds
[2022-06-13T02:31:28.446+0000][1][safepoint    ] Application time: 0.0000738 seconds
[2022-06-13T02:31:28.446+0000][1][safepoint    ] Entering safepoint region: BulkRevokeBias
[2022-06-13T02:31:28.446+0000][1][safepoint    ] Leaving safepoint region
[2022-06-13T02:31:28.447+0000][1][safepoint    ] Total time for which application threads were stopped: 0.0002873 seconds, Stopping threads took: 0.0001237 seconds
[2022-06-13T02:31:28.447+0000][1][safepoint    ] Application time: 0.0000747 seconds
[2022-06-13T02:31:28.447+0000][1][safepoint    ] Entering safepoint region: RevokeBias
[2022-06-13T02:31:28.447+0000][1][safepoint    ] Leaving safepoint region
[2022-06-13T02:31:28.447+0000][1][safepoint    ] Total time for which application threads were stopped: 0.0002721 seconds, Stopping threads took: 0.0001422 seconds
[2022-06-13T02:31:28.447+0000][1][safepoint    ] Application time: 0.0000761 seconds
[2022-06-13T02:31:28.448+0000][1][safepoint    ] Entering safepoint region: BulkRevokeBias
[2022-06-13T02:31:28.448+0000][1][safepoint    ] Leaving safepoint region
[2022-06-13T02:31:28.448+0000][1][safepoint    ] Total time for which application threads were stopped: 0.0003293 seconds, Stopping threads took: 0.0001644 seconds
[2022-06-13T02:31:28.517+0000][1][safepoint    ] Application time: 0.0692870 seconds
[2022-06-13T02:31:28.517+0000][1][safepoint    ] Entering safepoint region: GenCollectForAllocation
[2022-06-13T02:31:28.518+0000][1][gc,start     ] GC(2) Pause Young (Allocation Failure)
[2022-06-13T02:31:28.518+0000][1][gc,task      ] GC(2) Using 5 workers of 13 for evacuation
[2022-06-13T02:31:28.521+0000][1][gc,age       ] GC(2) Desired survivor size 4456448 bytes, new threshold 6 (max threshold 6)
[2022-06-13T02:31:28.521+0000][1][gc,age       ] GC(2) Age table with threshold 6 (max threshold 6)
[2022-06-13T02:31:28.521+0000][1][gc,age       ] GC(2) - age   1:    2561784 bytes,    2561784 total
[2022-06-13T02:31:28.521+0000][1][gc,age       ] GC(2) - age   2:    1182240 bytes,    3744024 total
[2022-06-13T02:31:28.521+0000][1][gc,heap      ] GC(2) ParNew: 75290K->4485K(78656K)
[2022-06-13T02:31:28.521+0000][1][gc,heap      ] GC(2) CMS: 6659K->6659K(174784K)
[2022-06-13T02:31:28.522+0000][1][gc,metaspace ] GC(2) Metaspace: 15087K->15087K(1062912K)
[2022-06-13T02:31:28.522+0000][1][gc           ] GC(2) Pause Young (Allocation Failure) 80M->10M(247M) 4.005ms
[2022-06-13T02:31:28.522+0000][1][gc,cpu       ] GC(2) User=0.03s Sys=0.00s Real=0.01s
[2022-06-13T02:31:28.522+0000][1][safepoint    ] Leaving safepoint region
[2022-06-13T02:31:28.522+0000][1][safepoint    ] Total time for which application threads were stopped: 0.0046595 seconds, Stopping threads took: 0.0001933 seconds
[2022-06-13T02:31:28.522+0000][1][safepoint    ] Application time: 0.0001790 seconds
[2022-06-13T02:31:28.523+0000][1][safepoint    ] Entering safepoint region: RevokeBias
[2022-06-13T02:31:28.523+0000][1][safepoint    ] Leaving safepoint region
[2022-06-13T02:31:28.523+0000][1][safepoint    ] Total time for which application threads were stopped: 0.0004551 seconds, Stopping threads took: 0.0002639 seconds
[2022-06-13T02:31:28.523+0000][1][safepoint    ] Application time: 0.0001087 seconds
[2022-06-13T02:31:28.523+0000][1][safepoint    ] Entering safepoint region: RevokeBias
[2022-06-13T02:31:28.524+0000][1][safepoint    ] Leaving safepoint region
[2022-06-13T02:31:28.524+0000][1][safepoint    ] Total time for which application threads were stopped: 0.0005693 seconds, Stopping threads took: 0.0002686 seconds
[2022-06-13T02:31:28.524+0000][1][safepoint    ] Application time: 0.0001204 seconds
[2022-06-13T02:31:28.525+0000][1][safepoint    ] Entering safepoint region: RevokeBias
[2022-06-13T02:31:28.525+0000][1][safepoint    ] Leaving safepoint region
[2022-06-13T02:31:28.525+0000][1][safepoint    ] Total time for which application threads were stopped: 0.0003620 seconds, Stopping threads took: 0.0001634 seconds
[2022-06-13T02:31:28.525+0000][1][safepoint    ] Application time: 0.0000835 seconds
[2022-06-13T02:31:28.525+0000][1][safepoint    ] Entering safepoint region: RevokeBias
[2022-06-13T02:31:28.526+0000][1][safepoint    ] Leaving safepoint region
[2022-06-13T02:31:28.526+0000][1][safepoint    ] Total time for which application threads were stopped: 0.0003291 seconds, Stopping threads took: 0.0001482 seconds
[2022-06-13T02:31:28.526+0000][1][safepoint    ] Application time: 0.0000743 seconds
[2022-06-13T02:31:28.526+0000][1][safepoint    ] Entering safepoint region: RevokeBias
[2022-06-13T02:31:28.526+0000][1][safepoint    ] Leaving safepoint region
[2022-06-13T02:31:28.526+0000][1][safepoint    ] Total time for which application threads were stopped: 0.0003456 seconds, Stopping threads took: 0.0001501 seconds
[2022-06-13T02:31:28.526+0000][1][safepoint    ] Application time: 0.0000684 seconds
[2022-06-13T02:31:28.527+0000][1][safepoint    ] Entering safepoint region: RevokeBias
[2022-06-13T02:31:28.527+0000][1][safepoint    ] Leaving safepoint region
[2022-06-13T02:31:28.527+0000][1][safepoint    ] Total time for which application threads were stopped: 0.0004248 seconds, Stopping threads took: 0.0002330 seconds
[2022-06-13T02:31:28.605+0000][1][safepoint    ] Application time: 0.0775531 seconds
[2022-06-13T02:31:28.605+0000][1][safepoint    ] Entering safepoint region: Deoptimize
[2022-06-13T02:31:28.606+0000][1][safepoint    ] Leaving safepoint region
[2022-06-13T02:31:28.606+0000][1][safepoint    ] Total time for which application threads were stopped: 0.0007823 seconds, Stopping threads took: 0.0001883 seconds
[2022-06-13T02:31:28.607+0000][1][safepoint    ] Application time: 0.0005264 seconds
[2022-06-13T02:31:28.607+0000][1][safepoint    ] Entering safepoint region: Deoptimize
[2022-06-13T02:31:28.607+0000][1][safepoint    ] Leaving safepoint region
[2022-06-13T02:31:28.607+0000][1][safepoint    ] Total time for which application threads were stopped: 0.0005968 seconds, Stopping threads took: 0.0001411 seconds
[2022-06-13T02:31:28.723+0000][1][safepoint    ] Application time: 0.1158936 seconds
[2022-06-13T02:31:28.724+0000][1][safepoint    ] Entering safepoint region: GenCollectForAllocation
[2022-06-13T02:31:28.724+0000][1][gc,start     ] GC(3) Pause Young (Allocation Failure)
[2022-06-13T02:31:28.724+0000][1][gc,task      ] GC(3) Using 5 workers of 13 for evacuation
[2022-06-13T02:31:28.726+0000][1][gc,age       ] GC(3) Desired survivor size 4456448 bytes, new threshold 3 (max threshold 6)
[2022-06-13T02:31:28.726+0000][1][gc,age       ] GC(3) Age table with threshold 3 (max threshold 6)
[2022-06-13T02:31:28.726+0000][1][gc,age       ] GC(3) - age   1:    3253576 bytes,    3253576 total
[2022-06-13T02:31:28.727+0000][1][gc,age       ] GC(3) - age   2:     294832 bytes,    3548408 total
[2022-06-13T02:31:28.727+0000][1][gc,age       ] GC(3) - age   3:    1178904 bytes,    4727312 total
[2022-06-13T02:31:28.727+0000][1][gc,heap      ] GC(3) ParNew: 74437K->6206K(78656K)
[2022-06-13T02:31:28.727+0000][1][gc,heap      ] GC(3) CMS: 6659K->6659K(174784K)
[2022-06-13T02:31:28.727+0000][1][gc,metaspace ] GC(3) Metaspace: 18420K->18420K(1067008K)
[2022-06-13T02:31:28.727+0000][1][gc           ] GC(3) Pause Young (Allocation Failure) 79M->12M(247M) 3.309ms
[2022-06-13T02:31:28.727+0000][1][gc,cpu       ] GC(3) User=0.01s Sys=0.00s Real=0.00s
[2022-06-13T02:31:28.727+0000][1][safepoint    ] Leaving safepoint region
[2022-06-13T02:31:28.728+0000][1][safepoint    ] Total time for which application threads were stopped: 0.0039657 seconds, Stopping threads took: 0.0001536 seconds
[2022-06-13T02:31:28.728+0000][1][safepoint    ] Application time: 0.0002018 seconds
[2022-06-13T02:31:28.728+0000][1][safepoint    ] Entering safepoint region: RevokeBias
[2022-06-13T02:31:28.728+0000][1][safepoint    ] Leaving safepoint region
[2022-06-13T02:31:28.728+0000][1][safepoint    ] Total time for which application threads were stopped: 0.0004313 seconds, Stopping threads took: 0.0001549 seconds
[2022-06-13T02:31:28.729+0000][1][safepoint    ] Application time: 0.0001148 seconds
[2022-06-13T02:31:28.729+0000][1][safepoint    ] Entering safepoint region: RevokeBias
[2022-06-13T02:31:28.729+0000][1][safepoint    ] Leaving safepoint region
[2022-06-13T02:31:28.729+0000][1][safepoint    ] Total time for which application threads were stopped: 0.0004501 seconds, Stopping threads took: 0.0001927 seconds
[2022-06-13T02:31:28.729+0000][1][safepoint    ] Application time: 0.0000993 seconds
[2022-06-13T02:31:28.730+0000][1][safepoint    ] Entering safepoint region: RevokeBias
[2022-06-13T02:31:28.730+0000][1][safepoint    ] Leaving safepoint region
[2022-06-13T02:31:28.730+0000][1][safepoint    ] Total time for which application threads were stopped: 0.0004317 seconds, Stopping threads took: 0.0001886 seconds
[2022-06-13T02:31:28.730+0000][1][safepoint    ] Application time: 0.0001070 seconds
[2022-06-13T02:31:28.730+0000][1][safepoint    ] Entering safepoint region: RevokeBias
[2022-06-13T02:31:28.731+0000][1][safepoint    ] Leaving safepoint region
[2022-06-13T02:31:28.731+0000][1][safepoint    ] Total time for which application threads were stopped: 0.0003712 seconds, Stopping threads took: 0.0001576 seconds
[2022-06-13T02:31:28.731+0000][1][safepoint    ] Application time: 0.0001142 seconds
[2022-06-13T02:31:28.731+0000][1][safepoint    ] Entering safepoint region: RevokeBias
[2022-06-13T02:31:28.732+0000][1][safepoint    ] Leaving safepoint region
[2022-06-13T02:31:28.732+0000][1][safepoint    ] Total time for which application threads were stopped: 0.0004992 seconds, Stopping threads took: 0.0003092 seconds
[2022-06-13T02:31:28.732+0000][1][safepoint    ] Application time: 0.0000769 seconds
[2022-06-13T02:31:28.732+0000][1][safepoint    ] Entering safepoint region: RevokeBias
[2022-06-13T02:31:28.732+0000][1][safepoint    ] Leaving safepoint region
[2022-06-13T02:31:28.732+0000][1][safepoint    ] Total time for which application threads were stopped: 0.0002864 seconds, Stopping threads took: 0.0001387 seconds
[2022-06-13T02:31:28.733+0000][1][safepoint    ] Application time: 0.0000789 seconds
[2022-06-13T02:31:28.733+0000][1][safepoint    ] Entering safepoint region: RevokeBias
[2022-06-13T02:31:28.733+0000][1][safepoint    ] Leaving safepoint region
[2022-06-13T02:31:28.733+0000][1][safepoint    ] Total time for which application threads were stopped: 0.0002806 seconds, Stopping threads took: 0.0001411 seconds
[2022-06-13T02:31:28.733+0000][1][safepoint    ] Application time: 0.0000818 seconds
[2022-06-13T02:31:28.733+0000][1][safepoint    ] Entering safepoint region: RevokeBias
[2022-06-13T02:31:28.733+0000][1][safepoint    ] Leaving safepoint region
[2022-06-13T02:31:28.734+0000][1][safepoint    ] Total time for which application threads were stopped: 0.0002624 seconds, Stopping threads took: 0.0001374 seconds
[2022-06-13T02:31:28.734+0000][1][safepoint    ] Application time: 0.0000785 seconds
[2022-06-13T02:31:28.734+0000][1][safepoint    ] Entering safepoint region: RevokeBias
[2022-06-13T02:31:28.734+0000][1][safepoint    ] Leaving safepoint region
[2022-06-13T02:31:28.734+0000][1][safepoint    ] Total time for which application threads were stopped: 0.0002540 seconds, Stopping threads took: 0.0001116 seconds
[2022-06-13T02:31:28.734+0000][1][safepoint    ] Application time: 0.0000800 seconds
[2022-06-13T02:31:28.734+0000][1][safepoint    ] Entering safepoint region: RevokeBias
[2022-06-13T02:31:28.735+0000][1][safepoint    ] Leaving safepoint region
[2022-06-13T02:31:28.735+0000][1][safepoint    ] Total time for which application threads were stopped: 0.0003193 seconds, Stopping threads took: 0.0001571 seconds
[2022-06-13T02:31:28.735+0000][1][safepoint    ] Application time: 0.0000938 seconds
[2022-06-13T02:31:28.735+0000][1][safepoint    ] Entering safepoint region: RevokeBias
[2022-06-13T02:31:28.735+0000][1][safepoint    ] Leaving safepoint region
[2022-06-13T02:31:28.735+0000][1][safepoint    ] Total time for which application threads were stopped: 0.0003213 seconds, Stopping threads took: 0.0001212 seconds
[2022-06-13T02:31:28.736+0000][1][safepoint    ] Application time: 0.0000838 seconds
[2022-06-13T02:31:28.736+0000][1][safepoint    ] Entering safepoint region: RevokeBias
[2022-06-13T02:31:28.736+0000][1][safepoint    ] Leaving safepoint region
[2022-06-13T02:31:28.736+0000][1][safepoint    ] Total time for which application threads were stopped: 0.0003677 seconds, Stopping threads took: 0.0002148 seconds
[2022-06-13T02:31:28.736+0000][1][safepoint    ] Application time: 0.0000932 seconds
[2022-06-13T02:31:28.737+0000][1][safepoint    ] Entering safepoint region: RevokeBias
[2022-06-13T02:31:28.737+0000][1][safepoint    ] Leaving safepoint region
[2022-06-13T02:31:28.737+0000][1][safepoint    ] Total time for which application threads were stopped: 0.0004861 seconds, Stopping threads took: 0.0003296 seconds
[2022-06-13T02:31:28.737+0000][1][safepoint    ] Application time: 0.0000995 seconds
[2022-06-13T02:31:28.737+0000][1][safepoint    ] Entering safepoint region: RevokeBias
[2022-06-13T02:31:28.737+0000][1][safepoint    ] Leaving safepoint region
[2022-06-13T02:31:28.738+0000][1][safepoint    ] Total time for which application threads were stopped: 0.0003842 seconds, Stopping threads took: 0.0002228 seconds
[2022-06-13T02:31:28.738+0000][1][safepoint    ] Application time: 0.0000654 seconds
[2022-06-13T02:31:28.738+0000][1][safepoint    ] Entering safepoint region: RevokeBias
[2022-06-13T02:31:28.738+0000][1][safepoint    ] Leaving safepoint region
[2022-06-13T02:31:28.738+0000][1][safepoint    ] Total time for which application threads were stopped: 0.0003074 seconds, Stopping threads took: 0.0001417 seconds
[2022-06-13T02:31:28.738+0000][1][safepoint    ] Application time: 0.0000948 seconds
[2022-06-13T02:31:28.739+0000][1][safepoint    ] Entering safepoint region: RevokeBias
[2022-06-13T02:31:28.739+0000][1][safepoint    ] Leaving safepoint region
[2022-06-13T02:31:28.739+0000][1][safepoint    ] Total time for which application threads were stopped: 0.0003819 seconds, Stopping threads took: 0.0002322 seconds
[2022-06-13T02:31:28.739+0000][1][safepoint    ] Application time: 0.0000882 seconds
[2022-06-13T02:31:28.739+0000][1][safepoint    ] Entering safepoint region: RevokeBias
[2022-06-13T02:31:28.739+0000][1][safepoint    ] Leaving safepoint region
[2022-06-13T02:31:28.740+0000][1][safepoint    ] Total time for which application threads were stopped: 0.0002926 seconds, Stopping threads took: 0.0001607 seconds
[2022-06-13T02:31:28.740+0000][1][safepoint    ] Application time: 0.0000820 seconds
[2022-06-13T02:31:28.740+0000][1][safepoint    ] Entering safepoint region: RevokeBias
[2022-06-13T02:31:28.740+0000][1][safepoint    ] Leaving safepoint region
[2022-06-13T02:31:28.740+0000][1][safepoint    ] Total time for which application threads were stopped: 0.0002997 seconds, Stopping threads took: 0.0001274 seconds
[2022-06-13T02:31:28.740+0000][1][safepoint    ] Application time: 0.0000749 seconds
[2022-06-13T02:31:28.740+0000][1][safepoint    ] Entering safepoint region: RevokeBias
[2022-06-13T02:31:28.741+0000][1][safepoint    ] Leaving safepoint region
[2022-06-13T02:31:28.741+0000][1][safepoint    ] Total time for which application threads were stopped: 0.0003500 seconds, Stopping threads took: 0.0001805 seconds
[2022-06-13T02:31:28.741+0000][1][safepoint    ] Application time: 0.0000865 seconds
[2022-06-13T02:31:28.741+0000][1][safepoint    ] Entering safepoint region: RevokeBias
[2022-06-13T02:31:28.741+0000][1][safepoint    ] Leaving safepoint region
[2022-06-13T02:31:28.741+0000][1][safepoint    ] Total time for which application threads were stopped: 0.0003088 seconds, Stopping threads took: 0.0001798 seconds
[2022-06-13T02:31:28.742+0000][1][safepoint    ] Application time: 0.0000799 seconds
[2022-06-13T02:31:28.742+0000][1][safepoint    ] Entering safepoint region: RevokeBias
[2022-06-13T02:31:28.742+0000][1][safepoint    ] Leaving safepoint region
[2022-06-13T02:31:28.742+0000][1][safepoint    ] Total time for which application threads were stopped: 0.0003108 seconds, Stopping threads took: 0.0001435 seconds
[2022-06-13T02:31:28.817+0000][1][safepoint    ] Application time: 0.0744558 seconds
[2022-06-13T02:31:28.817+0000][1][safepoint    ] Entering safepoint region: GenCollectForAllocation
[2022-06-13T02:31:28.817+0000][1][gc,start     ] GC(4) Pause Young (Allocation Failure)
[2022-06-13T02:31:28.817+0000][1][gc,task      ] GC(4) Using 5 workers of 13 for evacuation
[2022-06-13T02:31:28.820+0000][1][gc,age       ] GC(4) Desired survivor size 4456448 bytes, new threshold 2 (max threshold 6)
[2022-06-13T02:31:28.821+0000][1][gc,age       ] GC(4) Age table with threshold 2 (max threshold 6)
[2022-06-13T02:31:28.821+0000][1][gc,age       ] GC(4) - age   1:    1434592 bytes,    1434592 total
[2022-06-13T02:31:28.821+0000][1][gc,age       ] GC(4) - age   2:    3215352 bytes,    4649944 total
[2022-06-13T02:31:28.821+0000][1][gc,age       ] GC(4) - age   3:     294304 bytes,    4944248 total
[2022-06-13T02:31:28.821+0000][1][gc,heap      ] GC(4) ParNew: 76158K->7618K(78656K)
[2022-06-13T02:31:28.821+0000][1][gc,heap      ] GC(4) CMS: 6659K->7827K(174784K)
[2022-06-13T02:31:28.821+0000][1][gc,metaspace ] GC(4) Metaspace: 18764K->18764K(1067008K)
[2022-06-13T02:31:28.821+0000][1][gc           ] GC(4) Pause Young (Allocation Failure) 80M->15M(247M) 4.242ms
[2022-06-13T02:31:28.822+0000][1][gc,cpu       ] GC(4) User=0.04s Sys=0.00s Real=0.01s
[2022-06-13T02:31:28.822+0000][1][safepoint    ] Leaving safepoint region
[2022-06-13T02:31:28.822+0000][1][safepoint    ] Total time for which application threads were stopped: 0.0047761 seconds, Stopping threads took: 0.0001422 seconds
[2022-06-13T02:31:28.822+0000][1][safepoint    ] Application time: 0.0001993 seconds
[2022-06-13T02:31:28.822+0000][1][safepoint    ] Entering safepoint region: RevokeBias
[2022-06-13T02:31:28.822+0000][1][safepoint    ] Leaving safepoint region
[2022-06-13T02:31:28.823+0000][1][safepoint    ] Total time for which application threads were stopped: 0.0003907 seconds, Stopping threads took: 0.0001777 seconds
[2022-06-13T02:31:28.823+0000][1][safepoint    ] Application time: 0.0000908 seconds
[2022-06-13T02:31:28.823+0000][1][safepoint    ] Entering safepoint region: RevokeBias
[2022-06-13T02:31:28.823+0000][1][safepoint    ] Leaving safepoint region
[2022-06-13T02:31:28.823+0000][1][safepoint    ] Total time for which application threads were stopped: 0.0002691 seconds, Stopping threads took: 0.0001145 seconds
[2022-06-13T02:31:28.823+0000][1][safepoint    ] Application time: 0.0001002 seconds
[2022-06-13T02:31:28.824+0000][1][safepoint    ] Entering safepoint region: RevokeBias
[2022-06-13T02:31:28.824+0000][1][safepoint    ] Leaving safepoint region
[2022-06-13T02:31:28.824+0000][1][safepoint    ] Total time for which application threads were stopped: 0.0002503 seconds, Stopping threads took: 0.0001152 seconds
[2022-06-13T02:31:28.824+0000][1][safepoint    ] Application time: 0.0000870 seconds
[2022-06-13T02:31:28.824+0000][1][safepoint    ] Entering safepoint region: RevokeBias
[2022-06-13T02:31:28.824+0000][1][safepoint    ] Leaving safepoint region
[2022-06-13T02:31:28.824+0000][1][safepoint    ] Total time for which application threads were stopped: 0.0002490 seconds, Stopping threads took: 0.0001193 seconds
[2022-06-13T02:31:28.838+0000][1][safepoint    ] Application time: 0.0139489 seconds
[2022-06-13T02:31:28.839+0000][1][safepoint    ] Entering safepoint region: Deoptimize
[2022-06-13T02:31:28.839+0000][1][safepoint    ] Leaving safepoint region
[2022-06-13T02:31:28.839+0000][1][safepoint    ] Total time for which application threads were stopped: 0.0006442 seconds, Stopping threads took: 0.0001237 seconds
[2022-06-13T02:31:28.867+0000][1][safepoint    ] Application time: 0.0279178 seconds
[2022-06-13T02:31:28.868+0000][1][safepoint    ] Entering safepoint region: Deoptimize
[2022-06-13T02:31:28.868+0000][1][safepoint    ] Leaving safepoint region
[2022-06-13T02:31:28.868+0000][1][safepoint    ] Total time for which application threads were stopped: 0.0008566 seconds, Stopping threads took: 0.0002297 seconds
[2022-06-13T02:31:28.934+0000][1][safepoint    ] Application time: 0.0656491 seconds
[2022-06-13T02:31:28.935+0000][1][safepoint    ] Entering safepoint region: GenCollectForAllocation
[2022-06-13T02:31:28.935+0000][1][gc,start     ] GC(5) Pause Young (Allocation Failure)
[2022-06-13T02:31:28.935+0000][1][gc,task      ] GC(5) Using 5 workers of 13 for evacuation
[2022-06-13T02:31:28.941+0000][1][gc,age       ] GC(5) Desired survivor size 4456448 bytes, new threshold 6 (max threshold 6)
[2022-06-13T02:31:28.942+0000][1][gc,age       ] GC(5) Age table with threshold 6 (max threshold 6)
[2022-06-13T02:31:28.942+0000][1][gc,age       ] GC(5) - age   1:    2220544 bytes,    2220544 total
[2022-06-13T02:31:28.943+0000][1][gc,age       ] GC(5) - age   2:     561056 bytes,    2781600 total
[2022-06-13T02:31:28.943+0000][1][gc,heap      ] GC(5) ParNew: 77570K->5615K(78656K)
[2022-06-13T02:31:28.943+0000][1][gc,heap      ] GC(5) CMS: 7827K->11280K(174784K)
[2022-06-13T02:31:28.943+0000][1][gc,metaspace ] GC(5) Metaspace: 19104K->19104K(1067008K)
[2022-06-13T02:31:28.943+0000][1][gc           ] GC(5) Pause Young (Allocation Failure) 83M->16M(247M) 8.318ms
[2022-06-13T02:31:28.943+0000][1][gc,cpu       ] GC(5) User=0.08s Sys=0.00s Real=0.01s
[2022-06-13T02:31:28.944+0000][1][safepoint    ] Leaving safepoint region
[2022-06-13T02:31:28.944+0000][1][safepoint    ] Total time for which application threads were stopped: 0.0090804 seconds, Stopping threads took: 0.0001734 seconds
[2022-06-13T02:31:28.944+0000][1][safepoint    ] Application time: 0.0002120 seconds
[2022-06-13T02:31:28.944+0000][1][safepoint    ] Entering safepoint region: RevokeBias
[2022-06-13T02:31:28.945+0000][1][safepoint    ] Leaving safepoint region
[2022-06-13T02:31:28.945+0000][1][safepoint    ] Total time for which application threads were stopped: 0.0004090 seconds, Stopping threads took: 0.0002064 seconds
[2022-06-13T02:31:28.945+0000][1][safepoint    ] Application time: 0.0000811 seconds
[2022-06-13T02:31:28.945+0000][1][safepoint    ] Entering safepoint region: RevokeBias
[2022-06-13T02:31:28.945+0000][1][safepoint    ] Leaving safepoint region
[2022-06-13T02:31:28.945+0000][1][safepoint    ] Total time for which application threads were stopped: 0.0003633 seconds, Stopping threads took: 0.0001762 seconds
[2022-06-13T02:31:28.946+0000][1][safepoint    ] Application time: 0.0000776 seconds
[2022-06-13T02:31:28.946+0000][1][safepoint    ] Entering safepoint region: RevokeBias
[2022-06-13T02:31:28.946+0000][1][safepoint    ] Leaving safepoint region
[2022-06-13T02:31:28.946+0000][1][safepoint    ] Total time for which application threads were stopped: 0.0003870 seconds, Stopping threads took: 0.0001882 seconds
[2022-06-13T02:31:28.946+0000][1][safepoint    ] Application time: 0.0001049 seconds
[2022-06-13T02:31:28.947+0000][1][safepoint    ] Entering safepoint region: RevokeBias
[2022-06-13T02:31:28.947+0000][1][safepoint    ] Leaving safepoint region
[2022-06-13T02:31:28.947+0000][1][safepoint    ] Total time for which application threads were stopped: 0.0003406 seconds, Stopping threads took: 0.0001759 seconds
[2022-06-13T02:31:28.947+0000][1][safepoint    ] Application time: 0.0000481 seconds
[2022-06-13T02:31:28.947+0000][1][safepoint    ] Entering safepoint region: RevokeBias
[2022-06-13T02:31:28.947+0000][1][safepoint    ] Leaving safepoint region
[2022-06-13T02:31:28.947+0000][1][safepoint    ] Total time for which application threads were stopped: 0.0002865 seconds, Stopping threads took: 0.0001260 seconds
[2022-06-13T02:31:28.948+0000][1][safepoint    ] Application time: 0.0000391 seconds
[2022-06-13T02:31:28.948+0000][1][safepoint    ] Entering safepoint region: RevokeBias
[2022-06-13T02:31:28.948+0000][1][safepoint    ] Leaving safepoint region
[2022-06-13T02:31:28.948+0000][1][safepoint    ] Total time for which application threads were stopped: 0.0003030 seconds, Stopping threads took: 0.0001467 seconds
[2022-06-13T02:31:29.036+0000][1][safepoint    ] Application time: 0.0875033 seconds
[2022-06-13T02:31:29.036+0000][1][safepoint    ] Entering safepoint region: GenCollectForAllocation
[2022-06-13T02:31:29.036+0000][1][gc,start     ] GC(6) Pause Young (Allocation Failure)
[2022-06-13T02:31:29.036+0000][1][gc,task      ] GC(6) Using 5 workers of 13 for evacuation
[2022-06-13T02:31:29.038+0000][1][gc,age       ] GC(6) Desired survivor size 4456448 bytes, new threshold 6 (max threshold 6)
[2022-06-13T02:31:29.038+0000][1][gc,age       ] GC(6) Age table with threshold 6 (max threshold 6)
[2022-06-13T02:31:29.038+0000][1][gc,age       ] GC(6) - age   1:    1322136 bytes,    1322136 total
[2022-06-13T02:31:29.038+0000][1][gc,age       ] GC(6) - age   2:    2194848 bytes,    3516984 total
[2022-06-13T02:31:29.038+0000][1][gc,age       ] GC(6) - age   3:     561056 bytes,    4078040 total
[2022-06-13T02:31:29.038+0000][1][gc,heap      ] GC(6) ParNew: 75567K->5380K(78656K)
[2022-06-13T02:31:29.039+0000][1][gc,heap      ] GC(6) CMS: 11280K->11280K(174784K)
[2022-06-13T02:31:29.039+0000][1][gc,metaspace ] GC(6) Metaspace: 19410K->19410K(1067008K)
[2022-06-13T02:31:29.039+0000][1][gc           ] GC(6) Pause Young (Allocation Failure) 84M->16M(247M) 2.550ms
[2022-06-13T02:31:29.039+0000][1][gc,cpu       ] GC(6) User=0.02s Sys=0.00s Real=0.00s
[2022-06-13T02:31:29.039+0000][1][safepoint    ] Leaving safepoint region
[2022-06-13T02:31:29.039+0000][1][safepoint    ] Total time for which application threads were stopped: 0.0030676 seconds, Stopping threads took: 0.0001541 seconds
[2022-06-13T02:31:29.039+0000][1][safepoint    ] Application time: 0.0001492 seconds
[2022-06-13T02:31:29.039+0000][1][safepoint    ] Entering safepoint region: RevokeBias
[2022-06-13T02:31:29.040+0000][1][safepoint    ] Leaving safepoint region
[2022-06-13T02:31:29.040+0000][1][safepoint    ] Total time for which application threads were stopped: 0.0002519 seconds, Stopping threads took: 0.0001021 seconds
[2022-06-13T02:31:29.040+0000][1][safepoint    ] Application time: 0.0000697 seconds
[2022-06-13T02:31:29.040+0000][1][safepoint    ] Entering safepoint region: BulkRevokeBias
[2022-06-13T02:31:29.040+0000][1][safepoint    ] Leaving safepoint region
[2022-06-13T02:31:29.040+0000][1][safepoint    ] Total time for which application threads were stopped: 0.0002759 seconds, Stopping threads took: 0.0001245 seconds
[2022-06-13T02:31:29.040+0000][1][safepoint    ] Application time: 0.0000898 seconds
[2022-06-13T02:31:29.041+0000][1][safepoint    ] Entering safepoint region: BulkRevokeBias
[2022-06-13T02:31:29.041+0000][1][safepoint    ] Leaving safepoint region
[2022-06-13T02:31:29.041+0000][1][safepoint    ] Total time for which application threads were stopped: 0.0003249 seconds, Stopping threads took: 0.0001685 seconds
[2022-06-13T02:31:29.122+0000][1][safepoint    ] Application time: 0.0806492 seconds
[2022-06-13T02:31:29.122+0000][1][safepoint    ] Entering safepoint region: GenCollectForAllocation
[2022-06-13T02:31:29.122+0000][1][gc,start     ] GC(7) Pause Young (Allocation Failure)
[2022-06-13T02:31:29.122+0000][1][gc,task      ] GC(7) Using 5 workers of 13 for evacuation
[2022-06-13T02:31:29.124+0000][1][gc,age       ] GC(7) Desired survivor size 4456448 bytes, new threshold 6 (max threshold 6)
[2022-06-13T02:31:29.124+0000][1][gc,age       ] GC(7) Age table with threshold 6 (max threshold 6)
[2022-06-13T02:31:29.124+0000][1][gc,age       ] GC(7) - age   1:     519128 bytes,     519128 total
[2022-06-13T02:31:29.125+0000][1][gc,age       ] GC(7) - age   2:    1129624 bytes,    1648752 total
[2022-06-13T02:31:29.125+0000][1][gc,age       ] GC(7) - age   3:    2192840 bytes,    3841592 total
[2022-06-13T02:31:29.125+0000][1][gc,age       ] GC(7) - age   4:     561056 bytes,    4402648 total
[2022-06-13T02:31:29.125+0000][1][gc,heap      ] GC(7) ParNew: 75332K->5657K(78656K)
[2022-06-13T02:31:29.125+0000][1][gc,heap      ] GC(7) CMS: 11280K->11280K(174784K)
[2022-06-13T02:31:29.125+0000][1][gc,metaspace ] GC(7) Metaspace: 19819K->19819K(1067008K)
[2022-06-13T02:31:29.125+0000][1][gc           ] GC(7) Pause Young (Allocation Failure) 84M->16M(247M) 3.205ms
[2022-06-13T02:31:29.126+0000][1][gc,cpu       ] GC(7) User=0.00s Sys=0.00s Real=0.00s
[2022-06-13T02:31:29.126+0000][1][safepoint    ] Leaving safepoint region
[2022-06-13T02:31:29.126+0000][1][safepoint    ] Total time for which application threads were stopped: 0.0038781 seconds, Stopping threads took: 0.0001758 seconds
[2022-06-13T02:31:29.137+0000][1][safepoint    ] Application time: 0.0107364 seconds
[2022-06-13T02:31:29.137+0000][1][safepoint    ] Entering safepoint region: CollectForMetadataAllocation
[2022-06-13T02:31:29.137+0000][1][safepoint    ] Leaving safepoint region
[2022-06-13T02:31:29.137+0000][1][safepoint    ] Total time for which application threads were stopped: 0.0004265 seconds, Stopping threads took: 0.0001595 seconds
[2022-06-13T02:31:29.149+0000][1][safepoint    ] Application time: 0.0112726 seconds
[2022-06-13T02:31:29.149+0000][1][safepoint    ] Entering safepoint region: CollectForMetadataAllocation
[2022-06-13T02:31:29.149+0000][1][safepoint    ] Leaving safepoint region
[2022-06-13T02:31:29.149+0000][1][safepoint    ] Total time for which application threads were stopped: 0.0003655 seconds, Stopping threads took: 0.0001273 seconds
[2022-06-13T02:31:29.212+0000][1][safepoint    ] Application time: 0.0627645 seconds
[2022-06-13T02:31:29.213+0000][1][safepoint    ] Entering safepoint region: GenCollectForAllocation
[2022-06-13T02:31:29.213+0000][1][gc,start     ] GC(8) Pause Young (Allocation Failure)
[2022-06-13T02:31:29.213+0000][1][gc,task      ] GC(8) Using 5 workers of 13 for evacuation
[2022-06-13T02:31:29.215+0000][1][gc,age       ] GC(8) Desired survivor size 4456448 bytes, new threshold 5 (max threshold 6)
[2022-06-13T02:31:29.215+0000][1][gc,age       ] GC(8) Age table with threshold 5 (max threshold 6)
[2022-06-13T02:31:29.215+0000][1][gc,age       ] GC(8) - age   1:     487912 bytes,     487912 total
[2022-06-13T02:31:29.215+0000][1][gc,age       ] GC(8) - age   2:     497568 bytes,     985480 total
[2022-06-13T02:31:29.215+0000][1][gc,age       ] GC(8) - age   3:    1129528 bytes,    2115008 total
[2022-06-13T02:31:29.215+0000][1][gc,age       ] GC(8) - age   4:    2192600 bytes,    4307608 total
[2022-06-13T02:31:29.216+0000][1][gc,age       ] GC(8) - age   5:     561056 bytes,    4868664 total
[2022-06-13T02:31:29.216+0000][1][gc,heap      ] GC(8) ParNew: 75609K->6010K(78656K)
[2022-06-13T02:31:29.216+0000][1][gc,heap      ] GC(8) CMS: 11280K->11280K(174784K)
[2022-06-13T02:31:29.216+0000][1][gc,metaspace ] GC(8) Metaspace: 20460K->20460K(1069056K)
[2022-06-13T02:31:29.216+0000][1][gc           ] GC(8) Pause Young (Allocation Failure) 84M->16M(247M) 3.181ms
[2022-06-13T02:31:29.216+0000][1][gc,cpu       ] GC(8) User=0.01s Sys=0.00s Real=0.00s
[2022-06-13T02:31:29.216+0000][1][safepoint    ] Leaving safepoint region
[2022-06-13T02:31:29.216+0000][1][safepoint    ] Total time for which application threads were stopped: 0.0037281 seconds, Stopping threads took: 0.0001588 seconds
[2022-06-13T02:31:29.217+0000][1][safepoint    ] Application time: 0.0001443 seconds
[2022-06-13T02:31:29.217+0000][1][safepoint    ] Entering safepoint region: CMS_Initial_Mark
[2022-06-13T02:31:29.217+0000][1][gc,start     ] GC(9) Pause Initial Mark
[2022-06-13T02:31:29.218+0000][1][gc           ] GC(9) Pause Initial Mark 18M->18M(247M) 0.732ms
[2022-06-13T02:31:29.218+0000][1][gc,cpu       ] GC(9) User=0.01s Sys=0.00s Real=0.00s
[2022-06-13T02:31:29.218+0000][1][safepoint    ] Leaving safepoint region
[2022-06-13T02:31:29.218+0000][1][safepoint    ] Total time for which application threads were stopped: 0.0013870 seconds, Stopping threads took: 0.0001674 seconds
[2022-06-13T02:31:29.218+0000][1][gc           ] GC(9) Concurrent Mark
[2022-06-13T02:31:29.219+0000][1][gc,task      ] GC(9) Using 4 workers of 4 for marking
[2022-06-13T02:31:29.223+0000][1][gc           ] GC(9) Concurrent Mark 4.591ms
[2022-06-13T02:31:29.223+0000][1][gc,cpu       ] GC(9) User=0.03s Sys=0.00s Real=0.01s
[2022-06-13T02:31:29.223+0000][1][gc           ] GC(9) Concurrent Preclean
[2022-06-13T02:31:29.224+0000][1][gc           ] GC(9) Concurrent Preclean 0.680ms
[2022-06-13T02:31:29.224+0000][1][gc,cpu       ] GC(9) User=0.00s Sys=0.00s Real=0.00s
[2022-06-13T02:31:29.224+0000][1][gc           ] GC(9) Concurrent Abortable Preclean
[2022-06-13T02:31:29.270+0000][1][safepoint    ] Application time: 0.0517375 seconds
[2022-06-13T02:31:29.270+0000][1][safepoint    ] Entering safepoint region: GenCollectForAllocation
[2022-06-13T02:31:29.270+0000][1][gc,start     ] GC(10) Pause Young (Allocation Failure)
[2022-06-13T02:31:29.271+0000][1][gc,task      ] GC(10) Using 5 workers of 13 for evacuation
[2022-06-13T02:31:29.273+0000][1][gc,age       ] GC(10) Desired survivor size 4456448 bytes, new threshold 5 (max threshold 6)
[2022-06-13T02:31:29.273+0000][1][gc,age       ] GC(10) Age table with threshold 5 (max threshold 6)
[2022-06-13T02:31:29.273+0000][1][gc,age       ] GC(10) - age   1:     957928 bytes,     957928 total
[2022-06-13T02:31:29.273+0000][1][gc,age       ] GC(10) - age   2:     470984 bytes,    1428912 total
[2022-06-13T02:31:29.273+0000][1][gc,age       ] GC(10) - age   3:     497448 bytes,    1926360 total
[2022-06-13T02:31:29.274+0000][1][gc,age       ] GC(10) - age   4:    1129528 bytes,    3055888 total
[2022-06-13T02:31:29.274+0000][1][gc,age       ] GC(10) - age   5:    2192376 bytes,    5248264 total
[2022-06-13T02:31:29.274+0000][1][gc,heap      ] GC(10) ParNew: 75962K->7015K(78656K)
[2022-06-13T02:31:29.274+0000][1][gc,heap      ] GC(10) CMS: 11280K->11838K(174784K)
[2022-06-13T02:31:29.274+0000][1][gc,metaspace ] GC(10) Metaspace: 20572K->20572K(1069056K)
[2022-06-13T02:31:29.274+0000][1][gc           ] GC(10) Pause Young (Allocation Failure) 85M->18M(247M) 3.639ms
[2022-06-13T02:31:29.274+0000][1][gc,cpu       ] GC(10) User=0.01s Sys=0.00s Real=0.00s
[2022-06-13T02:31:29.274+0000][1][safepoint    ] Leaving safepoint region
[2022-06-13T02:31:29.274+0000][1][safepoint    ] Total time for which application threads were stopped: 0.0041392 seconds, Stopping threads took: 0.0001204 seconds
[2022-06-13T02:31:29.326+0000][1][safepoint    ] Application time: 0.0513241 seconds
[2022-06-13T02:31:29.326+0000][1][safepoint    ] Entering safepoint region: GenCollectForAllocation
[2022-06-13T02:31:29.327+0000][1][gc,start     ] GC(11) Pause Young (Allocation Failure)
[2022-06-13T02:31:29.327+0000][1][gc,task      ] GC(11) Using 5 workers of 13 for evacuation
[2022-06-13T02:31:29.330+0000][1][gc,age       ] GC(11) Desired survivor size 4456448 bytes, new threshold 6 (max threshold 6)
[2022-06-13T02:31:29.331+0000][1][gc,age       ] GC(11) Age table with threshold 6 (max threshold 6)
[2022-06-13T02:31:29.331+0000][1][gc,age       ] GC(11) - age   1:    1817376 bytes,    1817376 total
[2022-06-13T02:31:29.331+0000][1][gc,age       ] GC(11) - age   2:     125352 bytes,    1942728 total
[2022-06-13T02:31:29.331+0000][1][gc,age       ] GC(11) - age   3:     470984 bytes,    2413712 total
[2022-06-13T02:31:29.331+0000][1][gc,age       ] GC(11) - age   4:     497296 bytes,    2911008 total
[2022-06-13T02:31:29.331+0000][1][gc,age       ] GC(11) - age   5:    1129240 bytes,    4040248 total
[2022-06-13T02:31:29.332+0000][1][gc,heap      ] GC(11) ParNew: 76967K->6353K(78656K)
[2022-06-13T02:31:29.332+0000][1][gc,heap      ] GC(11) CMS: 11838K->13993K(174784K)
[2022-06-13T02:31:29.332+0000][1][gc,metaspace ] GC(11) Metaspace: 20651K->20651K(1069056K)
[2022-06-13T02:31:29.332+0000][1][gc           ] GC(11) Pause Young (Allocation Failure) 86M->19M(247M) 5.326ms
[2022-06-13T02:31:29.332+0000][1][gc,cpu       ] GC(11) User=0.02s Sys=0.00s Real=0.01s
[2022-06-13T02:31:29.333+0000][1][safepoint    ] Leaving safepoint region
[2022-06-13T02:31:29.333+0000][1][safepoint    ] Total time for which application threads were stopped: 0.0065186 seconds, Stopping threads took: 0.0003642 seconds
[2022-06-13T02:31:29.333+0000][1][gc           ] GC(9) Concurrent Abortable Preclean 109.032ms
[2022-06-13T02:31:29.333+0000][1][gc,cpu       ] GC(9) User=0.30s Sys=0.00s Real=0.11s
[2022-06-13T02:31:29.334+0000][1][safepoint    ] Application time: 0.0004394 seconds
[2022-06-13T02:31:29.334+0000][1][safepoint    ] Entering safepoint region: CMS_Final_Remark
[2022-06-13T02:31:29.334+0000][1][gc,start     ] GC(9) Pause Remark
[2022-06-13T02:31:29.340+0000][1][gc           ] GC(9) Pause Remark 21M->21M(247M) 6.146ms
[2022-06-13T02:31:29.340+0000][1][gc,cpu       ] GC(9) User=0.01s Sys=0.00s Real=0.01s
[2022-06-13T02:31:29.341+0000][1][safepoint    ] Leaving safepoint region
[2022-06-13T02:31:29.341+0000][1][safepoint    ] Total time for which application threads were stopped: 0.0071666 seconds, Stopping threads took: 0.0001894 seconds
[2022-06-13T02:31:29.341+0000][1][gc           ] GC(9) Concurrent Sweep
[2022-06-13T02:31:29.345+0000][1][gc           ] GC(9) Concurrent Sweep 3.768ms
[2022-06-13T02:31:29.345+0000][1][gc,cpu       ] GC(9) User=0.01s Sys=0.00s Real=0.00s
[2022-06-13T02:31:29.345+0000][1][gc           ] GC(9) Concurrent Reset
[2022-06-13T02:31:29.346+0000][1][gc           ] GC(9) Concurrent Reset 0.377ms
[2022-06-13T02:31:29.346+0000][1][gc,cpu       ] GC(9) User=0.00s Sys=0.00s Real=0.00s
[2022-06-13T02:31:29.346+0000][1][gc,heap      ] GC(9) Old: 11280K->13967K(174784K)
[2022-06-13T02:31:29.540+0000][1][safepoint    ] Application time: 0.1984587 seconds
[2022-06-13T02:31:29.540+0000][1][safepoint    ] Entering safepoint region: Deoptimize
[2022-06-13T02:31:29.541+0000][1][safepoint    ] Leaving safepoint region
[2022-06-13T02:31:29.541+0000][1][safepoint    ] Total time for which application threads were stopped: 0.0014623 seconds, Stopping threads took: 0.0003318 seconds
[2022-06-13T02:31:29.588+0000][1][safepoint    ] Application time: 0.0464798 seconds
[2022-06-13T02:31:29.589+0000][1][safepoint    ] Entering safepoint region: Deoptimize
[2022-06-13T02:31:29.589+0000][1][safepoint    ] Leaving safepoint region
[2022-06-13T02:31:29.590+0000][1][safepoint    ] Total time for which application threads were stopped: 0.0010473 seconds, Stopping threads took: 0.0002585 seconds
[2022-06-13T02:31:29.590+0000][1][safepoint    ] Application time: 0.0003855 seconds
[2022-06-13T02:31:29.591+0000][1][safepoint    ] Entering safepoint region: Deoptimize
[2022-06-13T02:31:29.591+0000][1][safepoint    ] Leaving safepoint region
[2022-06-13T02:31:29.591+0000][1][safepoint    ] Total time for which application threads were stopped: 0.0007876 seconds, Stopping threads took: 0.0003433 seconds
[2022-06-13T02:31:29.597+0000][1][safepoint    ] Application time: 0.0057633 seconds
[2022-06-13T02:31:29.598+0000][1][safepoint    ] Entering safepoint region: RevokeBias
[2022-06-13T02:31:29.598+0000][1][safepoint    ] Leaving safepoint region
[2022-06-13T02:31:29.598+0000][1][safepoint    ] Total time for which application threads were stopped: 0.0006124 seconds, Stopping threads took: 0.0002783 seconds
[2022-06-13T02:31:29.599+0000][1][safepoint    ] Application time: 0.0003086 seconds
[2022-06-13T02:31:29.599+0000][1][safepoint    ] Entering safepoint region: Deoptimize
[2022-06-13T02:31:29.600+0000][1][safepoint    ] Leaving safepoint region
[2022-06-13T02:31:29.600+0000][1][safepoint    ] Total time for which application threads were stopped: 0.0007598 seconds, Stopping threads took: 0.0003718 seconds
[2022-06-13T02:31:29.603+0000][1][safepoint    ] Application time: 0.0024538 seconds
[2022-06-13T02:31:29.603+0000][1][safepoint    ] Entering safepoint region: Deoptimize
[2022-06-13T02:31:29.603+0000][1][safepoint    ] Leaving safepoint region
[2022-06-13T02:31:29.603+0000][1][safepoint    ] Total time for which application threads were stopped: 0.0006417 seconds, Stopping threads took: 0.0001257 seconds
[2022-06-13T02:31:29.646+0000][1][safepoint    ] Application time: 0.0424473 seconds
[2022-06-13T02:31:29.646+0000][1][safepoint    ] Entering safepoint region: GenCollectForAllocation
[2022-06-13T02:31:29.647+0000][1][gc,start     ] GC(12) Pause Young (Allocation Failure)
[2022-06-13T02:31:29.647+0000][1][gc,task      ] GC(12) Using 5 workers of 13 for evacuation
[2022-06-13T02:31:29.650+0000][1][gc,age       ] GC(12) Desired survivor size 4456448 bytes, new threshold 6 (max threshold 6)
[2022-06-13T02:31:29.651+0000][1][gc,age       ] GC(12) Age table with threshold 6 (max threshold 6)
[2022-06-13T02:31:29.651+0000][1][gc,age       ] GC(12) - age   1:    2884736 bytes,    2884736 total
[2022-06-13T02:31:29.651+0000][1][gc,age       ] GC(12) - age   2:     345008 bytes,    3229744 total
[2022-06-13T02:31:29.651+0000][1][gc,age       ] GC(12) - age   3:     125088 bytes,    3354832 total
[2022-06-13T02:31:29.652+0000][1][gc,age       ] GC(12) - age   4:     470464 bytes,    3825296 total
[2022-06-13T02:31:29.652+0000][1][gc,age       ] GC(12) - age   5:     492480 bytes,    4317776 total
[2022-06-13T02:31:29.652+0000][1][gc,age       ] GC(12) - age   6:    1129080 bytes,    5446856 total
[2022-06-13T02:31:29.652+0000][1][gc,heap      ] GC(12) ParNew: 76305K->6550K(78656K)
[2022-06-13T02:31:29.653+0000][1][gc,heap      ] GC(12) CMS: 13967K->13967K(174784K)
[2022-06-13T02:31:29.653+0000][1][gc,metaspace ] GC(12) Metaspace: 26358K->26358K(1073152K)
[2022-06-13T02:31:29.654+0000][1][gc           ] GC(12) Pause Young (Allocation Failure) 88M->20M(247M) 6.833ms
[2022-06-13T02:31:29.654+0000][1][gc,cpu       ] GC(12) User=0.04s Sys=0.00s Real=0.01s
[2022-06-13T02:31:29.654+0000][1][safepoint    ] Leaving safepoint region
[2022-06-13T02:31:29.654+0000][1][safepoint    ] Total time for which application threads were stopped: 0.0079532 seconds, Stopping threads took: 0.0001793 seconds
[2022-06-13T02:31:30.156+0000][1][safepoint    ] Application time: 0.5009242 seconds
[2022-06-13T02:31:30.156+0000][1][safepoint    ] Entering safepoint region: GenCollectForAllocation
[2022-06-13T02:31:30.157+0000][1][gc,start     ] GC(13) Pause Young (Allocation Failure)
[2022-06-13T02:31:30.157+0000][1][gc,task      ] GC(13) Using 5 workers of 13 for evacuation
[2022-06-13T02:31:30.180+0000][1][gc,age       ] GC(13) Desired survivor size 4456448 bytes, new threshold 1 (max threshold 6)
[2022-06-13T02:31:30.180+0000][1][gc,age       ] GC(13) Age table with threshold 1 (max threshold 6)
[2022-06-13T02:31:30.181+0000][1][gc,age       ] GC(13) - age   1:    4917496 bytes,    4917496 total
[2022-06-13T02:31:30.182+0000][1][gc,age       ] GC(13) - age   2:    2562480 bytes,    7479976 total
[2022-06-13T02:31:30.182+0000][1][gc,age       ] GC(13) - age   3:     344776 bytes,    7824752 total
[2022-06-13T02:31:30.182+0000][1][gc,age       ] GC(13) - age   4:     125024 bytes,    7949776 total
[2022-06-13T02:31:30.182+0000][1][gc,age       ] GC(13) - age   5:     470440 bytes,    8420216 total
[2022-06-13T02:31:30.182+0000][1][gc,age       ] GC(13) - age   6:     492480 bytes,    8912696 total
[2022-06-13T02:31:30.185+0000][1][gc,heap      ] GC(13) ParNew: 76502K->8704K(78656K)
[2022-06-13T02:31:30.186+0000][1][gc,heap      ] GC(13) CMS: 13967K->25153K(174784K)
[2022-06-13T02:31:30.186+0000][1][gc,metaspace ] GC(13) Metaspace: 27035K->27035K(1075200K)
[2022-06-13T02:31:30.190+0000][1][gc           ] GC(13) Pause Young (Allocation Failure) 88M->33M(247M) 33.068ms
[2022-06-13T02:31:30.194+0000][1][gc,cpu       ] GC(13) User=0.28s Sys=0.01s Real=0.04s
[2022-06-13T02:31:30.196+0000][1][safepoint    ] Leaving safepoint region
[2022-06-13T02:31:30.198+0000][1][safepoint    ] Total time for which application threads were stopped: 0.0421192 seconds, Stopping threads took: 0.0001742 seconds
[2022-06-13T02:31:30.279+0000][1][safepoint    ] Application time: 0.0799738 seconds
[2022-06-13T02:31:30.292+0000][1][safepoint    ] Entering safepoint region: RevokeBias
[2022-06-13T02:31:30.293+0000][1][safepoint    ] Leaving safepoint region
[2022-06-13T02:31:30.293+0000][1][safepoint    ] Total time for which application threads were stopped: 0.0040279 seconds, Stopping threads took: 0.0037200 seconds
[2022-06-13T02:31:30.462+0000][1][safepoint    ] Application time: 0.1688217 seconds
[2022-06-13T02:31:30.462+0000][1][safepoint    ] Entering safepoint region: Deoptimize
[2022-06-13T02:31:30.463+0000][1][safepoint    ] Leaving safepoint region
[2022-06-13T02:31:30.463+0000][1][safepoint    ] Total time for which application threads were stopped: 0.0007263 seconds, Stopping threads took: 0.0001144 seconds
[2022-06-13T02:31:30.520+0000][1][safepoint    ] Application time: 0.0568795 seconds
[2022-06-13T02:31:30.521+0000][1][safepoint    ] Entering safepoint region: GenCollectForAllocation
[2022-06-13T02:31:30.521+0000][1][gc,start     ] GC(14) Pause Young (Allocation Failure)
[2022-06-13T02:31:30.521+0000][1][gc,task      ] GC(14) Using 5 workers of 13 for evacuation
[2022-06-13T02:31:30.539+0000][1][gc,age       ] GC(14) Desired survivor size 4456448 bytes, new threshold 1 (max threshold 6)
[2022-06-13T02:31:30.539+0000][1][gc,age       ] GC(14) Age table with threshold 1 (max threshold 6)
[2022-06-13T02:31:30.539+0000][1][gc,age       ] GC(14) - age   1:    8912720 bytes,    8912720 total
[2022-06-13T02:31:30.539+0000][1][gc,heap      ] GC(14) ParNew: 78656K->8704K(78656K)
[2022-06-13T02:31:30.539+0000][1][gc,heap      ] GC(14) CMS: 25153K->39061K(174784K)
[2022-06-13T02:31:30.539+0000][1][gc,metaspace ] GC(14) Metaspace: 27187K->27187K(1075200K)
[2022-06-13T02:31:30.540+0000][1][gc           ] GC(14) Pause Young (Allocation Failure) 101M->46M(247M) 18.666ms
[2022-06-13T02:31:30.540+0000][1][gc,cpu       ] GC(14) User=0.13s Sys=0.00s Real=0.02s
[2022-06-13T02:31:30.540+0000][1][safepoint    ] Leaving safepoint region
[2022-06-13T02:31:30.540+0000][1][safepoint    ] Total time for which application threads were stopped: 0.0192913 seconds, Stopping threads took: 0.0002081 seconds
[2022-06-13T02:31:30.681+0000][1][safepoint    ] Application time: 0.1407785 seconds
[2022-06-13T02:31:30.681+0000][1][safepoint    ] Entering safepoint region: RevokeBias
[2022-06-13T02:31:30.681+0000][1][safepoint    ] Leaving safepoint region
[2022-06-13T02:31:30.681+0000][1][safepoint    ] Total time for which application threads were stopped: 0.0004366 seconds, Stopping threads took: 0.0001664 seconds
[2022-06-13T02:31:30.812+0000][1][safepoint    ] Application time: 0.1306187 seconds
[2022-06-13T02:31:30.813+0000][1][safepoint    ] Entering safepoint region: RevokeBias
[2022-06-13T02:31:30.813+0000][1][safepoint    ] Leaving safepoint region
[2022-06-13T02:31:30.813+0000][1][safepoint    ] Total time for which application threads were stopped: 0.0006182 seconds, Stopping threads took: 0.0002849 seconds
[2022-06-13T02:31:30.903+0000][1][safepoint    ] Application time: 0.0896545 seconds
[2022-06-13T02:31:30.903+0000][1][safepoint    ] Entering safepoint region: GenCollectForAllocation
[2022-06-13T02:31:30.904+0000][1][gc,start     ] GC(15) Pause Young (Allocation Failure)
[2022-06-13T02:31:30.904+0000][1][gc,task      ] GC(15) Using 5 workers of 13 for evacuation
[2022-06-13T02:31:30.916+0000][1][gc,age       ] GC(15) Desired survivor size 4456448 bytes, new threshold 1 (max threshold 6)
[2022-06-13T02:31:30.917+0000][1][gc,age       ] GC(15) Age table with threshold 1 (max threshold 6)
[2022-06-13T02:31:30.917+0000][1][gc,age       ] GC(15) - age   1:    6777280 bytes,    6777280 total
[2022-06-13T02:31:30.917+0000][1][gc,heap      ] GC(15) ParNew: 78656K->8704K(78656K)
[2022-06-13T02:31:30.917+0000][1][gc,heap      ] GC(15) CMS: 39061K->48788K(174784K)
[2022-06-13T02:31:30.917+0000][1][gc,metaspace ] GC(15) Metaspace: 31949K->31949K(1079296K)
[2022-06-13T02:31:30.917+0000][1][gc           ] GC(15) Pause Young (Allocation Failure) 114M->56M(247M) 13.695ms
[2022-06-13T02:31:30.917+0000][1][gc,cpu       ] GC(15) User=0.10s Sys=0.00s Real=0.01s
[2022-06-13T02:31:30.918+0000][1][safepoint    ] Leaving safepoint region
[2022-06-13T02:31:30.918+0000][1][safepoint    ] Total time for which application threads were stopped: 0.0142796 seconds, Stopping threads took: 0.0001484 seconds
[2022-06-13T02:31:31.018+0000][1][safepoint    ] Application time: 0.0997539 seconds
[2022-06-13T02:31:31.018+0000][1][safepoint    ] Entering safepoint region: GenCollectForAllocation
[2022-06-13T02:31:31.018+0000][1][gc,start     ] GC(16) Pause Young (Allocation Failure)
[2022-06-13T02:31:31.018+0000][1][gc,task      ] GC(16) Using 5 workers of 13 for evacuation
[2022-06-13T02:31:31.023+0000][1][gc,age       ] GC(16) Desired survivor size 4456448 bytes, new threshold 6 (max threshold 6)
[2022-06-13T02:31:31.023+0000][1][gc,age       ] GC(16) Age table with threshold 6 (max threshold 6)
[2022-06-13T02:31:31.023+0000][1][gc,age       ] GC(16) - age   1:     384976 bytes,     384976 total
[2022-06-13T02:31:31.023+0000][1][gc,heap      ] GC(16) ParNew: 78656K->7081K(78656K)
[2022-06-13T02:31:31.023+0000][1][gc,heap      ] GC(16) CMS: 48788K->55444K(174784K)
[2022-06-13T02:31:31.023+0000][1][gc,metaspace ] GC(16) Metaspace: 32948K->32948K(1079296K)
[2022-06-13T02:31:31.023+0000][1][gc           ] GC(16) Pause Young (Allocation Failure) 124M->61M(247M) 5.466ms
[2022-06-13T02:31:31.024+0000][1][gc,cpu       ] GC(16) User=0.02s Sys=0.00s Real=0.01s
[2022-06-13T02:31:31.024+0000][1][safepoint    ] Leaving safepoint region
[2022-06-13T02:31:31.024+0000][1][safepoint    ] Total time for which application threads were stopped: 0.0058896 seconds, Stopping threads took: 0.0001274 seconds
[2022-06-13T02:31:31.037+0000][1][safepoint    ] Application time: 0.0133183 seconds
[2022-06-13T02:31:31.037+0000][1][safepoint    ] Entering safepoint region: RevokeBias
[2022-06-13T02:31:31.038+0000][1][safepoint    ] Leaving safepoint region
[2022-06-13T02:31:31.038+0000][1][safepoint    ] Total time for which application threads were stopped: 0.0002897 seconds, Stopping threads took: 0.0001198 seconds
[2022-06-13T02:31:31.149+0000][1][safepoint    ] Application time: 0.1113522 seconds
[2022-06-13T02:31:31.149+0000][1][safepoint    ] Entering safepoint region: CollectForMetadataAllocation
[2022-06-13T02:31:31.150+0000][1][safepoint    ] Leaving safepoint region
[2022-06-13T02:31:31.150+0000][1][safepoint    ] Total time for which application threads were stopped: 0.0005726 seconds, Stopping threads took: 0.0002261 seconds
[2022-06-13T02:31:31.176+0000][1][safepoint    ] Application time: 0.0258308 seconds
[2022-06-13T02:31:31.176+0000][1][safepoint    ] Entering safepoint region: CollectForMetadataAllocation
[2022-06-13T02:31:31.176+0000][1][safepoint    ] Leaving safepoint region
[2022-06-13T02:31:31.177+0000][1][safepoint    ] Total time for which application threads were stopped: 0.0003525 seconds, Stopping threads took: 0.0001327 seconds
[2022-06-13T02:31:31.189+0000][1][safepoint    ] Application time: 0.0119891 seconds
[2022-06-13T02:31:31.189+0000][1][safepoint    ] Entering safepoint region: CollectForMetadataAllocation
[2022-06-13T02:31:31.189+0000][1][safepoint    ] Leaving safepoint region
[2022-06-13T02:31:31.189+0000][1][safepoint    ] Total time for which application threads were stopped: 0.0003985 seconds, Stopping threads took: 0.0001240 seconds
[2022-06-13T02:31:31.199+0000][1][safepoint    ] Application time: 0.0095672 seconds
[2022-06-13T02:31:31.199+0000][1][safepoint    ] Entering safepoint region: CollectForMetadataAllocation
[2022-06-13T02:31:31.199+0000][1][safepoint    ] Leaving safepoint region
[2022-06-13T02:31:31.200+0000][1][safepoint    ] Total time for which application threads were stopped: 0.0003456 seconds, Stopping threads took: 0.0001547 seconds
[2022-06-13T02:31:31.212+0000][1][safepoint    ] Application time: 0.0125372 seconds
[2022-06-13T02:31:31.212+0000][1][safepoint    ] Entering safepoint region: CollectForMetadataAllocation
[2022-06-13T02:31:31.213+0000][1][safepoint    ] Leaving safepoint region
[2022-06-13T02:31:31.213+0000][1][safepoint    ] Total time for which application threads were stopped: 0.0003201 seconds, Stopping threads took: 0.0001157 seconds
[2022-06-13T02:31:31.227+0000][1][safepoint    ] Application time: 0.0142463 seconds
[2022-06-13T02:31:31.227+0000][1][safepoint    ] Entering safepoint region: CollectForMetadataAllocation
[2022-06-13T02:31:31.228+0000][1][safepoint    ] Leaving safepoint region
[2022-06-13T02:31:31.228+0000][1][safepoint    ] Total time for which application threads were stopped: 0.0004033 seconds, Stopping threads took: 0.0001625 seconds
[2022-06-13T02:31:31.239+0000][1][safepoint    ] Application time: 0.0114434 seconds
[2022-06-13T02:31:31.240+0000][1][safepoint    ] Entering safepoint region: CollectForMetadataAllocation
[2022-06-13T02:31:31.240+0000][1][safepoint    ] Leaving safepoint region
[2022-06-13T02:31:31.240+0000][1][safepoint    ] Total time for which application threads were stopped: 0.0003652 seconds, Stopping threads took: 0.0001147 seconds
[2022-06-13T02:31:31.258+0000][1][safepoint    ] Application time: 0.0174971 seconds
[2022-06-13T02:31:31.258+0000][1][safepoint    ] Entering safepoint region: CollectForMetadataAllocation
[2022-06-13T02:31:31.259+0000][1][safepoint    ] Leaving safepoint region
[2022-06-13T02:31:31.259+0000][1][safepoint    ] Total time for which application threads were stopped: 0.0008567 seconds, Stopping threads took: 0.0004436 seconds
[2022-06-13T02:31:31.271+0000][1][safepoint    ] Application time: 0.0113278 seconds
[2022-06-13T02:31:31.271+0000][1][safepoint    ] Entering safepoint region: CollectForMetadataAllocation
[2022-06-13T02:31:31.271+0000][1][safepoint    ] Leaving safepoint region
[2022-06-13T02:31:31.272+0000][1][safepoint    ] Total time for which application threads were stopped: 0.0008594 seconds, Stopping threads took: 0.0003387 seconds
[2022-06-13T02:31:31.278+0000][1][safepoint    ] Application time: 0.0064280 seconds
[2022-06-13T02:31:31.279+0000][1][safepoint    ] Entering safepoint region: RevokeBias
[2022-06-13T02:31:31.279+0000][1][safepoint    ] Leaving safepoint region
[2022-06-13T02:31:31.279+0000][1][safepoint    ] Total time for which application threads were stopped: 0.0006902 seconds, Stopping threads took: 0.0002753 seconds
[2022-06-13T02:31:31.280+0000][1][safepoint    ] Application time: 0.0005025 seconds
[2022-06-13T02:31:31.280+0000][1][safepoint    ] Entering safepoint region: CollectForMetadataAllocation
[2022-06-13T02:31:31.281+0000][1][safepoint    ] Leaving safepoint region
[2022-06-13T02:31:31.281+0000][1][safepoint    ] Total time for which application threads were stopped: 0.0008179 seconds, Stopping threads took: 0.0003875 seconds
[2022-06-13T02:31:31.284+0000][1][safepoint    ] Application time: 0.0029162 seconds
[2022-06-13T02:31:31.285+0000][1][safepoint    ] Entering safepoint region: RevokeBias
[2022-06-13T02:31:31.285+0000][1][safepoint    ] Leaving safepoint region
[2022-06-13T02:31:31.285+0000][1][safepoint    ] Total time for which application threads were stopped: 0.0006034 seconds, Stopping threads took: 0.0002155 seconds
[2022-06-13T02:31:31.290+0000][1][safepoint    ] Application time: 0.0045587 seconds
[2022-06-13T02:31:31.291+0000][1][safepoint    ] Entering safepoint region: RevokeBias
[2022-06-13T02:31:31.291+0000][1][safepoint    ] Leaving safepoint region
[2022-06-13T02:31:31.291+0000][1][safepoint    ] Total time for which application threads were stopped: 0.0006153 seconds, Stopping threads took: 0.0002784 seconds
[2022-06-13T02:31:31.304+0000][1][safepoint    ] Application time: 0.0121247 seconds
[2022-06-13T02:31:31.304+0000][1][safepoint    ] Entering safepoint region: CollectForMetadataAllocation
[2022-06-13T02:31:31.304+0000][1][safepoint    ] Leaving safepoint region
[2022-06-13T02:31:31.304+0000][1][safepoint    ] Total time for which application threads were stopped: 0.0004894 seconds, Stopping threads took: 0.0002330 seconds
[2022-06-13T02:31:31.325+0000][1][safepoint    ] Application time: 0.0204325 seconds
[2022-06-13T02:31:31.325+0000][1][safepoint    ] Entering safepoint region: CollectForMetadataAllocation
[2022-06-13T02:31:31.325+0000][1][safepoint    ] Leaving safepoint region
[2022-06-13T02:31:31.326+0000][1][safepoint    ] Total time for which application threads were stopped: 0.0005347 seconds, Stopping threads took: 0.0001535 seconds
[2022-06-13T02:31:31.336+0000][1][safepoint    ] Application time: 0.0097333 seconds
[2022-06-13T02:31:31.336+0000][1][safepoint    ] Entering safepoint region: CollectForMetadataAllocation
[2022-06-13T02:31:31.336+0000][1][safepoint    ] Leaving safepoint region
[2022-06-13T02:31:31.337+0000][1][safepoint    ] Total time for which application threads were stopped: 0.0006717 seconds, Stopping threads took: 0.0003459 seconds
[2022-06-13T02:31:31.352+0000][1][safepoint    ] Application time: 0.0150018 seconds
[2022-06-13T02:31:31.352+0000][1][safepoint    ] Entering safepoint region: CollectForMetadataAllocation
[2022-06-13T02:31:31.352+0000][1][safepoint    ] Leaving safepoint region
[2022-06-13T02:31:31.352+0000][1][safepoint    ] Total time for which application threads were stopped: 0.0005310 seconds, Stopping threads took: 0.0001670 seconds
[2022-06-13T02:31:31.362+0000][1][safepoint    ] Application time: 0.0092871 seconds
[2022-06-13T02:31:31.362+0000][1][safepoint    ] Entering safepoint region: CollectForMetadataAllocation
[2022-06-13T02:31:31.363+0000][1][safepoint    ] Leaving safepoint region
[2022-06-13T02:31:31.363+0000][1][safepoint    ] Total time for which application threads were stopped: 0.0010969 seconds, Stopping threads took: 0.0004529 seconds
[2022-06-13T02:31:31.378+0000][1][safepoint    ] Application time: 0.0145703 seconds
[2022-06-13T02:31:31.379+0000][1][safepoint    ] Entering safepoint region: CollectForMetadataAllocation
[2022-06-13T02:31:31.380+0000][1][safepoint    ] Leaving safepoint region
[2022-06-13T02:31:31.380+0000][1][safepoint    ] Total time for which application threads were stopped: 0.0011440 seconds, Stopping threads took: 0.0006495 seconds
[2022-06-13T02:31:31.392+0000][1][safepoint    ] Application time: 0.0118519 seconds
[2022-06-13T02:31:31.393+0000][1][safepoint    ] Entering safepoint region: CollectForMetadataAllocation
[2022-06-13T02:31:31.393+0000][1][safepoint    ] Leaving safepoint region
[2022-06-13T02:31:31.393+0000][1][safepoint    ] Total time for which application threads were stopped: 0.0008656 seconds, Stopping threads took: 0.0004491 seconds
[2022-06-13T02:31:31.404+0000][1][safepoint    ] Application time: 0.0106049 seconds
[2022-06-13T02:31:31.405+0000][1][safepoint    ] Entering safepoint region: CollectForMetadataAllocation
[2022-06-13T02:31:31.406+0000][1][safepoint    ] Leaving safepoint region
[2022-06-13T02:31:31.406+0000][1][safepoint    ] Total time for which application threads were stopped: 0.0012796 seconds, Stopping threads took: 0.0004086 seconds
[2022-06-13T02:31:31.420+0000][1][safepoint    ] Application time: 0.0129911 seconds
[2022-06-13T02:31:31.420+0000][1][safepoint    ] Entering safepoint region: CollectForMetadataAllocation
[2022-06-13T02:31:31.420+0000][1][safepoint    ] Leaving safepoint region
[2022-06-13T02:31:31.420+0000][1][safepoint    ] Total time for which application threads were stopped: 0.0004784 seconds, Stopping threads took: 0.0001873 seconds
[2022-06-13T02:31:31.431+0000][1][safepoint    ] Application time: 0.0106858 seconds
[2022-06-13T02:31:31.431+0000][1][safepoint    ] Entering safepoint region: CollectForMetadataAllocation
[2022-06-13T02:31:31.432+0000][1][safepoint    ] Leaving safepoint region
[2022-06-13T02:31:31.432+0000][1][safepoint    ] Total time for which application threads were stopped: 0.0005532 seconds, Stopping threads took: 0.0002190 seconds
[2022-06-13T02:31:31.444+0000][1][safepoint    ] Application time: 0.0120422 seconds
[2022-06-13T02:31:31.445+0000][1][safepoint    ] Entering safepoint region: CollectForMetadataAllocation
[2022-06-13T02:31:31.445+0000][1][safepoint    ] Leaving safepoint region
[2022-06-13T02:31:31.445+0000][1][safepoint    ] Total time for which application threads were stopped: 0.0004487 seconds, Stopping threads took: 0.0001820 seconds
[2022-06-13T02:31:31.460+0000][1][safepoint    ] Application time: 0.0148113 seconds
[2022-06-13T02:31:31.460+0000][1][safepoint    ] Entering safepoint region: CollectForMetadataAllocation
[2022-06-13T02:31:31.461+0000][1][safepoint    ] Leaving safepoint region
[2022-06-13T02:31:31.461+0000][1][safepoint    ] Total time for which application threads were stopped: 0.0006782 seconds, Stopping threads took: 0.0003169 seconds
[2022-06-13T02:31:31.477+0000][1][safepoint    ] Application time: 0.0155226 seconds
[2022-06-13T02:31:31.477+0000][1][safepoint    ] Entering safepoint region: CollectForMetadataAllocation
[2022-06-13T02:31:31.478+0000][1][safepoint    ] Leaving safepoint region
[2022-06-13T02:31:31.478+0000][1][safepoint    ] Total time for which application threads were stopped: 0.0005376 seconds, Stopping threads took: 0.0002323 seconds
[2022-06-13T02:31:31.496+0000][1][safepoint    ] Application time: 0.0183533 seconds
[2022-06-13T02:31:31.497+0000][1][safepoint    ] Entering safepoint region: CollectForMetadataAllocation
[2022-06-13T02:31:31.497+0000][1][safepoint    ] Leaving safepoint region
[2022-06-13T02:31:31.497+0000][1][safepoint    ] Total time for which application threads were stopped: 0.0005102 seconds, Stopping threads took: 0.0002371 seconds
[2022-06-13T02:31:31.513+0000][1][safepoint    ] Application time: 0.0156258 seconds
[2022-06-13T02:31:31.514+0000][1][safepoint    ] Entering safepoint region: CollectForMetadataAllocation
[2022-06-13T02:31:31.514+0000][1][safepoint    ] Leaving safepoint region
[2022-06-13T02:31:31.514+0000][1][safepoint    ] Total time for which application threads were stopped: 0.0008907 seconds, Stopping threads took: 0.0004043 seconds
[2022-06-13T02:31:31.530+0000][1][safepoint    ] Application time: 0.0151671 seconds
[2022-06-13T02:31:31.530+0000][1][safepoint    ] Entering safepoint region: CollectForMetadataAllocation
[2022-06-13T02:31:31.530+0000][1][safepoint    ] Leaving safepoint region
[2022-06-13T02:31:31.531+0000][1][safepoint    ] Total time for which application threads were stopped: 0.0004364 seconds, Stopping threads took: 0.0001921 seconds
[2022-06-13T02:31:31.540+0000][1][safepoint    ] Application time: 0.0088628 seconds
[2022-06-13T02:31:31.540+0000][1][safepoint    ] Entering safepoint region: RevokeBias
[2022-06-13T02:31:31.540+0000][1][safepoint    ] Leaving safepoint region
[2022-06-13T02:31:31.540+0000][1][safepoint    ] Total time for which application threads were stopped: 0.0004378 seconds, Stopping threads took: 0.0002522 seconds
[2022-06-13T02:31:31.547+0000][1][safepoint    ] Application time: 0.0067092 seconds
[2022-06-13T02:31:31.547+0000][1][safepoint    ] Entering safepoint region: CollectForMetadataAllocation
[2022-06-13T02:31:31.548+0000][1][safepoint    ] Leaving safepoint region
[2022-06-13T02:31:31.548+0000][1][safepoint    ] Total time for which application threads were stopped: 0.0003728 seconds, Stopping threads took: 0.0001441 seconds
[2022-06-13T02:31:31.739+0000][1][safepoint    ] Application time: 0.1912575 seconds
[2022-06-13T02:31:31.739+0000][1][safepoint    ] Entering safepoint region: CollectForMetadataAllocation
[2022-06-13T02:31:31.740+0000][1][safepoint    ] Leaving safepoint region
[2022-06-13T02:31:31.740+0000][1][safepoint    ] Total time for which application threads were stopped: 0.0008163 seconds, Stopping threads took: 0.0004409 seconds
[2022-06-13T02:31:31.963+0000][1][safepoint    ] Application time: 0.2220934 seconds
[2022-06-13T02:31:31.963+0000][1][safepoint    ] Entering safepoint region: GenCollectForAllocation
[2022-06-13T02:31:31.963+0000][1][gc,start     ] GC(17) Pause Young (Allocation Failure)
[2022-06-13T02:31:31.964+0000][1][gc,task      ] GC(17) Using 5 workers of 13 for evacuation
[2022-06-13T02:31:31.967+0000][1][gc,age       ] GC(17) Desired survivor size 4456448 bytes, new threshold 6 (max threshold 6)
[2022-06-13T02:31:31.967+0000][1][gc,age       ] GC(17) Age table with threshold 6 (max threshold 6)
[2022-06-13T02:31:31.967+0000][1][gc,age       ] GC(17) - age   1:    3828688 bytes,    3828688 total
[2022-06-13T02:31:31.968+0000][1][gc,age       ] GC(17) - age   2:     344896 bytes,    4173584 total
[2022-06-13T02:31:31.968+0000][1][gc,heap      ] GC(17) ParNew: 77033K->4786K(78656K)
[2022-06-13T02:31:31.968+0000][1][gc,heap      ] GC(17) CMS: 55444K->55444K(174784K)
[2022-06-13T02:31:31.969+0000][1][gc,metaspace ] GC(17) Metaspace: 42301K->42301K(1087488K)
[2022-06-13T02:31:31.969+0000][1][gc           ] GC(17) Pause Young (Allocation Failure) 129M->58M(247M) 5.713ms
[2022-06-13T02:31:31.969+0000][1][gc,cpu       ] GC(17) User=0.02s Sys=0.01s Real=0.01s
[2022-06-13T02:31:31.970+0000][1][safepoint    ] Leaving safepoint region
[2022-06-13T02:31:31.970+0000][1][safepoint    ] Total time for which application threads were stopped: 0.0067372 seconds, Stopping threads took: 0.0002294 seconds
[2022-06-13T02:31:31.970+0000][1][safepoint    ] Application time: 0.0000969 seconds
[2022-06-13T02:31:31.970+0000][1][safepoint    ] Entering safepoint region: CMS_Initial_Mark
[2022-06-13T02:31:31.971+0000][1][gc,start     ] GC(18) Pause Initial Mark
[2022-06-13T02:31:31.972+0000][1][gc           ] GC(18) Pause Initial Mark 60M->60M(247M) 1.139ms
[2022-06-13T02:31:31.972+0000][1][gc,cpu       ] GC(18) User=0.00s Sys=0.00s Real=0.00s
[2022-06-13T02:31:31.972+0000][1][safepoint    ] Leaving safepoint region
[2022-06-13T02:31:31.972+0000][1][safepoint    ] Total time for which application threads were stopped: 0.0020824 seconds, Stopping threads took: 0.0003315 seconds
[2022-06-13T02:31:31.973+0000][1][gc           ] GC(18) Concurrent Mark
[2022-06-13T02:31:31.973+0000][1][gc,task      ] GC(18) Using 4 workers of 4 for marking
[2022-06-13T02:31:31.978+0000][1][safepoint    ] Application time: 0.0050014 seconds
[2022-06-13T02:31:31.978+0000][1][safepoint    ] Entering safepoint region: CollectForMetadataAllocation
[2022-06-13T02:31:31.978+0000][1][safepoint    ] Leaving safepoint region
[2022-06-13T02:31:31.978+0000][1][safepoint    ] Total time for which application threads were stopped: 0.0004694 seconds, Stopping threads took: 0.0001895 seconds
[2022-06-13T02:31:31.990+0000][1][safepoint    ] Application time: 0.0114219 seconds
[2022-06-13T02:31:31.991+0000][1][safepoint    ] Entering safepoint region: CollectForMetadataAllocation
[2022-06-13T02:31:31.991+0000][1][safepoint    ] Leaving safepoint region
[2022-06-13T02:31:31.992+0000][1][safepoint    ] Total time for which application threads were stopped: 0.0009671 seconds, Stopping threads took: 0.0002616 seconds
[2022-06-13T02:31:31.994+0000][1][gc           ] GC(18) Concurrent Mark 21.323ms
[2022-06-13T02:31:31.994+0000][1][gc,cpu       ] GC(18) User=0.10s Sys=0.00s Real=0.02s
[2022-06-13T02:31:31.994+0000][1][gc           ] GC(18) Concurrent Preclean
[2022-06-13T02:31:31.996+0000][1][gc           ] GC(18) Concurrent Preclean 1.119ms
[2022-06-13T02:31:31.996+0000][1][gc,cpu       ] GC(18) User=0.00s Sys=0.00s Real=0.00s
[2022-06-13T02:31:31.996+0000][1][gc           ] GC(18) Concurrent Abortable Preclean
[2022-06-13T02:31:32.110+0000][1][safepoint    ] Application time: 0.1182672 seconds
[2022-06-13T02:31:32.111+0000][1][safepoint    ] Entering safepoint region: CollectForMetadataAllocation
[2022-06-13T02:31:32.111+0000][1][safepoint    ] Leaving safepoint region
[2022-06-13T02:31:32.111+0000][1][safepoint    ] Total time for which application threads were stopped: 0.0006077 seconds, Stopping threads took: 0.0002525 seconds
[2022-06-13T02:31:32.136+0000][1][safepoint    ] Application time: 0.0250432 seconds
[2022-06-13T02:31:32.137+0000][1][safepoint    ] Entering safepoint region: CollectForMetadataAllocation
[2022-06-13T02:31:32.137+0000][1][safepoint    ] Leaving safepoint region
[2022-06-13T02:31:32.138+0000][1][safepoint    ] Total time for which application threads were stopped: 0.0007829 seconds, Stopping threads took: 0.0002959 seconds
[2022-06-13T02:31:32.150+0000][1][safepoint    ] Application time: 0.0117727 seconds
[2022-06-13T02:31:32.150+0000][1][safepoint    ] Entering safepoint region: CollectForMetadataAllocation
[2022-06-13T02:31:32.150+0000][1][safepoint    ] Leaving safepoint region
[2022-06-13T02:31:32.150+0000][1][safepoint    ] Total time for which application threads were stopped: 0.0004572 seconds, Stopping threads took: 0.0001801 seconds
[2022-06-13T02:31:32.176+0000][1][safepoint    ] Application time: 0.0257426 seconds
[2022-06-13T02:31:32.177+0000][1][safepoint    ] Entering safepoint region: CollectForMetadataAllocation
[2022-06-13T02:31:32.177+0000][1][safepoint    ] Leaving safepoint region
[2022-06-13T02:31:32.177+0000][1][safepoint    ] Total time for which application threads were stopped: 0.0007784 seconds, Stopping threads took: 0.0003186 seconds
[2022-06-13T02:31:32.190+0000][1][safepoint    ] Application time: 0.0124766 seconds
[2022-06-13T02:31:32.191+0000][1][safepoint    ] Entering safepoint region: CollectForMetadataAllocation
[2022-06-13T02:31:32.191+0000][1][safepoint    ] Leaving safepoint region
[2022-06-13T02:31:32.191+0000][1][safepoint    ] Total time for which application threads were stopped: 0.0005138 seconds, Stopping threads took: 0.0002280 seconds
[2022-06-13T02:31:32.192+0000][1][gc           ] GC(18) Concurrent Abortable Preclean 196.218ms
[2022-06-13T02:31:32.192+0000][1][gc,cpu       ] GC(18) User=0.98s Sys=0.05s Real=0.20s
[2022-06-13T02:31:32.192+0000][1][safepoint    ] Application time: 0.0013409 seconds
[2022-06-13T02:31:32.193+0000][1][safepoint    ] Entering safepoint region: CMS_Final_Remark
[2022-06-13T02:31:32.193+0000][1][gc,start     ] GC(18) Pause Remark
[2022-06-13T02:31:32.205+0000][1][gc           ] GC(18) Pause Remark 95M->95M(247M) 12.598ms
[2022-06-13T02:31:32.206+0000][1][gc,cpu       ] GC(18) User=0.04s Sys=0.00s Real=0.01s
[2022-06-13T02:31:32.206+0000][1][safepoint    ] Leaving safepoint region
[2022-06-13T02:31:32.206+0000][1][safepoint    ] Total time for which application threads were stopped: 0.0134126 seconds, Stopping threads took: 0.0001655 seconds
[2022-06-13T02:31:32.206+0000][1][gc           ] GC(18) Concurrent Sweep
[2022-06-13T02:31:32.214+0000][1][safepoint    ] Application time: 0.0074285 seconds
[2022-06-13T02:31:32.214+0000][1][safepoint    ] Entering safepoint region: RevokeBias
[2022-06-13T02:31:32.215+0000][1][safepoint    ] Leaving safepoint region
[2022-06-13T02:31:32.215+0000][1][safepoint    ] Total time for which application threads were stopped: 0.0010459 seconds, Stopping threads took: 0.0002684 seconds
[2022-06-13T02:31:32.215+0000][1][safepoint    ] Application time: 0.0003673 seconds
[2022-06-13T02:31:32.216+0000][1][safepoint    ] Entering safepoint region: RevokeBias
[2022-06-13T02:31:32.216+0000][1][safepoint    ] Leaving safepoint region
[2022-06-13T02:31:32.216+0000][1][safepoint    ] Total time for which application threads were stopped: 0.0004413 seconds, Stopping threads took: 0.0001575 seconds
[2022-06-13T02:31:32.226+0000][1][gc           ] GC(18) Concurrent Sweep 20.058ms
[2022-06-13T02:31:32.227+0000][1][gc,cpu       ] GC(18) User=0.07s Sys=0.00s Real=0.02s
[2022-06-13T02:31:32.227+0000][1][gc           ] GC(18) Concurrent Reset
[2022-06-13T02:31:32.227+0000][1][gc           ] GC(18) Concurrent Reset 0.358ms
[2022-06-13T02:31:32.227+0000][1][gc,cpu       ] GC(18) User=0.00s Sys=0.00s Real=0.00s
[2022-06-13T02:31:32.227+0000][1][gc,heap      ] GC(18) Old: 55444K->55216K(174784K)
[2022-06-13T02:31:32.256+0000][1][safepoint    ] Application time: 0.0393610 seconds
[2022-06-13T02:31:32.256+0000][1][safepoint    ] Entering safepoint region: RevokeBias
[2022-06-13T02:31:32.256+0000][1][safepoint    ] Leaving safepoint region
[2022-06-13T02:31:32.256+0000][1][safepoint    ] Total time for which application threads were stopped: 0.0003801 seconds, Stopping threads took: 0.0001535 seconds
[2022-06-13T02:31:32.266+0000][1][safepoint    ] Application time: 0.0097222 seconds
[2022-06-13T02:31:32.266+0000][1][safepoint    ] Entering safepoint region: RevokeBias
[2022-06-13T02:31:32.266+0000][1][safepoint    ] Leaving safepoint region
[2022-06-13T02:31:32.267+0000][1][safepoint    ] Total time for which application threads were stopped: 0.0008643 seconds, Stopping threads took: 0.0002027 seconds
[2022-06-13T02:31:32.269+0000][1][safepoint    ] Application time: 0.0022585 seconds
[2022-06-13T02:31:32.270+0000][1][safepoint    ] Entering safepoint region: RevokeBias
[2022-06-13T02:31:32.270+0000][1][safepoint    ] Leaving safepoint region
[2022-06-13T02:31:32.270+0000][1][safepoint    ] Total time for which application threads were stopped: 0.0003008 seconds, Stopping threads took: 0.0001258 seconds
[2022-06-13T02:31:32.371+0000][1][safepoint    ] Application time: 0.1007569 seconds
[2022-06-13T02:31:32.371+0000][1][safepoint    ] Entering safepoint region: RevokeBias
[2022-06-13T02:31:32.372+0000][1][safepoint    ] Leaving safepoint region
[2022-06-13T02:31:32.372+0000][1][safepoint    ] Total time for which application threads were stopped: 0.0007440 seconds, Stopping threads took: 0.0002361 seconds
[2022-06-13T02:31:32.372+0000][1][safepoint    ] Application time: 0.0001102 seconds
[2022-06-13T02:31:32.372+0000][1][safepoint    ] Entering safepoint region: RevokeBias
[2022-06-13T02:31:32.372+0000][1][safepoint    ] Leaving safepoint region
[2022-06-13T02:31:32.373+0000][1][safepoint    ] Total time for which application threads were stopped: 0.0003699 seconds, Stopping threads took: 0.0001892 seconds
[2022-06-13T02:31:32.373+0000][1][safepoint    ] Application time: 0.0002551 seconds
[2022-06-13T02:31:32.373+0000][1][safepoint    ] Entering safepoint region: RevokeBias
[2022-06-13T02:31:32.373+0000][1][safepoint    ] Leaving safepoint region
[2022-06-13T02:31:32.373+0000][1][safepoint    ] Total time for which application threads were stopped: 0.0003085 seconds, Stopping threads took: 0.0001684 seconds
[2022-06-13T02:31:32.374+0000][1][safepoint    ] Application time: 0.0000803 seconds
[2022-06-13T02:31:32.374+0000][1][safepoint    ] Entering safepoint region: RevokeBias
[2022-06-13T02:31:32.374+0000][1][safepoint    ] Leaving safepoint region
[2022-06-13T02:31:32.374+0000][1][safepoint    ] Total time for which application threads were stopped: 0.0002001 seconds, Stopping threads took: 0.0000827 seconds
[2022-06-13T02:31:32.426+0000][1][safepoint    ] Application time: 0.0523685 seconds
[2022-06-13T02:31:32.427+0000][1][safepoint    ] Entering safepoint region: RevokeBias
[2022-06-13T02:31:32.427+0000][1][safepoint    ] Leaving safepoint region
[2022-06-13T02:31:32.427+0000][1][safepoint    ] Total time for which application threads were stopped: 0.0003595 seconds, Stopping threads took: 0.0001843 seconds
[2022-06-13T02:31:32.427+0000][1][safepoint    ] Application time: 0.0001098 seconds
[2022-06-13T02:31:32.427+0000][1][safepoint    ] Entering safepoint region: RevokeBias
[2022-06-13T02:31:32.427+0000][1][safepoint    ] Leaving safepoint region
[2022-06-13T02:31:32.427+0000][1][safepoint    ] Total time for which application threads were stopped: 0.0002126 seconds, Stopping threads took: 0.0001090 seconds
[2022-06-13T02:31:32.428+0000][1][safepoint    ] Application time: 0.0002542 seconds
[2022-06-13T02:31:32.428+0000][1][safepoint    ] Entering safepoint region: RevokeBias
[2022-06-13T02:31:32.428+0000][1][safepoint    ] Leaving safepoint region
[2022-06-13T02:31:32.428+0000][1][safepoint    ] Total time for which application threads were stopped: 0.0002705 seconds, Stopping threads took: 0.0001555 seconds
[2022-06-13T02:31:32.428+0000][1][safepoint    ] Application time: 0.0001871 seconds
[2022-06-13T02:31:32.429+0000][1][safepoint    ] Entering safepoint region: RevokeBias
[2022-06-13T02:31:32.429+0000][1][safepoint    ] Leaving safepoint region
[2022-06-13T02:31:32.429+0000][1][safepoint    ] Total time for which application threads were stopped: 0.0002025 seconds, Stopping threads took: 0.0000885 seconds
[2022-06-13T02:31:32.429+0000][1][safepoint    ] Application time: 0.0002527 seconds
[2022-06-13T02:31:32.429+0000][1][safepoint    ] Entering safepoint region: RevokeBias
[2022-06-13T02:31:32.429+0000][1][safepoint    ] Leaving safepoint region
[2022-06-13T02:31:32.430+0000][1][safepoint    ] Total time for which application threads were stopped: 0.0003385 seconds, Stopping threads took: 0.0002032 seconds
[2022-06-13T02:31:32.430+0000][1][safepoint    ] Application time: 0.0001307 seconds
[2022-06-13T02:31:32.431+0000][1][safepoint    ] Entering safepoint region: RevokeBias
[2022-06-13T02:31:32.431+0000][1][safepoint    ] Leaving safepoint region
[2022-06-13T02:31:32.431+0000][1][safepoint    ] Total time for which application threads were stopped: 0.0003418 seconds, Stopping threads took: 0.0001936 seconds
[2022-06-13T02:31:32.432+0000][1][safepoint    ] Application time: 0.0009776 seconds
[2022-06-13T02:31:32.432+0000][1][safepoint    ] Entering safepoint region: RevokeBias
[2022-06-13T02:31:32.432+0000][1][safepoint    ] Leaving safepoint region
[2022-06-13T02:31:32.433+0000][1][safepoint    ] Total time for which application threads were stopped: 0.0003853 seconds, Stopping threads took: 0.0001679 seconds
[2022-06-13T02:31:32.433+0000][1][safepoint    ] Application time: 0.0000798 seconds
[2022-06-13T02:31:32.433+0000][1][safepoint    ] Entering safepoint region: RevokeBias
[2022-06-13T02:31:32.433+0000][1][safepoint    ] Leaving safepoint region
[2022-06-13T02:31:32.433+0000][1][safepoint    ] Total time for which application threads were stopped: 0.0003276 seconds, Stopping threads took: 0.0001789 seconds
[2022-06-13T02:31:32.433+0000][1][safepoint    ] Application time: 0.0000738 seconds
[2022-06-13T02:31:32.434+0000][1][safepoint    ] Entering safepoint region: RevokeBias
[2022-06-13T02:31:32.434+0000][1][safepoint    ] Leaving safepoint region
[2022-06-13T02:31:32.434+0000][1][safepoint    ] Total time for which application threads were stopped: 0.0003198 seconds, Stopping threads took: 0.0001542 seconds
[2022-06-13T02:31:32.434+0000][1][safepoint    ] Application time: 0.0001042 seconds
[2022-06-13T02:31:32.434+0000][1][safepoint    ] Entering safepoint region: RevokeBias
[2022-06-13T02:31:32.434+0000][1][safepoint    ] Leaving safepoint region
[2022-06-13T02:31:32.435+0000][1][safepoint    ] Total time for which application threads were stopped: 0.0002639 seconds, Stopping threads took: 0.0001122 seconds
[2022-06-13T02:31:32.435+0000][1][safepoint    ] Application time: 0.0000946 seconds
[2022-06-13T02:31:32.435+0000][1][safepoint    ] Entering safepoint region: RevokeBias
[2022-06-13T02:31:32.435+0000][1][safepoint    ] Leaving safepoint region
[2022-06-13T02:31:32.435+0000][1][safepoint    ] Total time for which application threads were stopped: 0.0003341 seconds, Stopping threads took: 0.0001832 seconds
[2022-06-13T02:31:32.435+0000][1][safepoint    ] Application time: 0.0001802 seconds
[2022-06-13T02:31:32.436+0000][1][safepoint    ] Entering safepoint region: RevokeBias
[2022-06-13T02:31:32.436+0000][1][safepoint    ] Leaving safepoint region
[2022-06-13T02:31:32.436+0000][1][safepoint    ] Total time for which application threads were stopped: 0.0002087 seconds, Stopping threads took: 0.0000933 seconds
[2022-06-13T02:31:32.436+0000][1][safepoint    ] Application time: 0.0000780 seconds
[2022-06-13T02:31:32.436+0000][1][safepoint    ] Entering safepoint region: RevokeBias
[2022-06-13T02:31:32.436+0000][1][safepoint    ] Leaving safepoint region
[2022-06-13T02:31:32.437+0000][1][safepoint    ] Total time for which application threads were stopped: 0.0005941 seconds, Stopping threads took: 0.0004356 seconds
[2022-06-13T02:31:32.437+0000][1][safepoint    ] Application time: 0.0000755 seconds
[2022-06-13T02:31:32.437+0000][1][safepoint    ] Entering safepoint region: RevokeBias
[2022-06-13T02:31:32.437+0000][1][safepoint    ] Leaving safepoint region
[2022-06-13T02:31:32.437+0000][1][safepoint    ] Total time for which application threads were stopped: 0.0002954 seconds, Stopping threads took: 0.0001688 seconds
[2022-06-13T02:31:32.437+0000][1][safepoint    ] Application time: 0.0000739 seconds
[2022-06-13T02:31:32.437+0000][1][safepoint    ] Entering safepoint region: RevokeBias
[2022-06-13T02:31:32.438+0000][1][safepoint    ] Leaving safepoint region
[2022-06-13T02:31:32.438+0000][1][safepoint    ] Total time for which application threads were stopped: 0.0002148 seconds, Stopping threads took: 0.0000939 seconds
[2022-06-13T02:31:32.438+0000][1][safepoint    ] Application time: 0.0000724 seconds
[2022-06-13T02:31:32.438+0000][1][safepoint    ] Entering safepoint region: RevokeBias
[2022-06-13T02:31:32.438+0000][1][safepoint    ] Leaving safepoint region
[2022-06-13T02:31:32.438+0000][1][safepoint    ] Total time for which application threads were stopped: 0.0002165 seconds, Stopping threads took: 0.0001083 seconds
[2022-06-13T02:31:32.438+0000][1][safepoint    ] Application time: 0.0000839 seconds
[2022-06-13T02:31:32.438+0000][1][safepoint    ] Entering safepoint region: RevokeBias
[2022-06-13T02:31:32.439+0000][1][safepoint    ] Leaving safepoint region
[2022-06-13T02:31:32.439+0000][1][safepoint    ] Total time for which application threads were stopped: 0.0001973 seconds, Stopping threads took: 0.0000941 seconds
[2022-06-13T02:31:32.439+0000][1][safepoint    ] Application time: 0.0000743 seconds
[2022-06-13T02:31:32.439+0000][1][safepoint    ] Entering safepoint region: RevokeBias
[2022-06-13T02:31:32.439+0000][1][safepoint    ] Leaving safepoint region
[2022-06-13T02:31:32.439+0000][1][safepoint    ] Total time for which application threads were stopped: 0.0002392 seconds, Stopping threads took: 0.0000958 seconds
[2022-06-13T02:31:32.439+0000][1][safepoint    ] Application time: 0.0000783 seconds
[2022-06-13T02:31:32.440+0000][1][safepoint    ] Entering safepoint region: RevokeBias
[2022-06-13T02:31:32.440+0000][1][safepoint    ] Leaving safepoint region
[2022-06-13T02:31:32.440+0000][1][safepoint    ] Total time for which application threads were stopped: 0.0002974 seconds, Stopping threads took: 0.0001292 seconds
[2022-06-13T02:31:32.440+0000][1][safepoint    ] Application time: 0.0000779 seconds
[2022-06-13T02:31:32.440+0000][1][safepoint    ] Entering safepoint region: RevokeBias
[2022-06-13T02:31:32.440+0000][1][safepoint    ] Leaving safepoint region
[2022-06-13T02:31:32.440+0000][1][safepoint    ] Total time for which application threads were stopped: 0.0002936 seconds, Stopping threads took: 0.0001408 seconds
[2022-06-13T02:31:32.441+0000][1][safepoint    ] Application time: 0.0000830 seconds
[2022-06-13T02:31:32.441+0000][1][safepoint    ] Entering safepoint region: RevokeBias
[2022-06-13T02:31:32.441+0000][1][safepoint    ] Leaving safepoint region
[2022-06-13T02:31:32.441+0000][1][safepoint    ] Total time for which application threads were stopped: 0.0003142 seconds, Stopping threads took: 0.0001332 seconds
[2022-06-13T02:31:32.441+0000][1][safepoint    ] Application time: 0.0000682 seconds
[2022-06-13T02:31:32.441+0000][1][safepoint    ] Entering safepoint region: RevokeBias
[2022-06-13T02:31:32.441+0000][1][safepoint    ] Leaving safepoint region
[2022-06-13T02:31:32.442+0000][1][safepoint    ] Total time for which application threads were stopped: 0.0002625 seconds, Stopping threads took: 0.0001062 seconds
[2022-06-13T02:31:32.442+0000][1][safepoint    ] Application time: 0.0000708 seconds
[2022-06-13T02:31:32.442+0000][1][safepoint    ] Entering safepoint region: RevokeBias
[2022-06-13T02:31:32.442+0000][1][safepoint    ] Leaving safepoint region
[2022-06-13T02:31:32.442+0000][1][safepoint    ] Total time for which application threads were stopped: 0.0002475 seconds, Stopping threads took: 0.0001125 seconds
[2022-06-13T02:31:32.442+0000][1][safepoint    ] Application time: 0.0000711 seconds
[2022-06-13T02:31:32.442+0000][1][safepoint    ] Entering safepoint region: RevokeBias
[2022-06-13T02:31:32.443+0000][1][safepoint    ] Leaving safepoint region
[2022-06-13T02:31:32.443+0000][1][safepoint    ] Total time for which application threads were stopped: 0.0002503 seconds, Stopping threads took: 0.0001252 seconds
[2022-06-13T02:31:32.443+0000][1][safepoint    ] Application time: 0.0000632 seconds
[2022-06-13T02:31:32.443+0000][1][safepoint    ] Entering safepoint region: RevokeBias
[2022-06-13T02:31:32.443+0000][1][safepoint    ] Leaving safepoint region
[2022-06-13T02:31:32.443+0000][1][safepoint    ] Total time for which application threads were stopped: 0.0002323 seconds, Stopping threads took: 0.0001078 seconds
[2022-06-13T02:31:32.443+0000][1][safepoint    ] Application time: 0.0000684 seconds
[2022-06-13T02:31:32.443+0000][1][safepoint    ] Entering safepoint region: RevokeBias
[2022-06-13T02:31:32.444+0000][1][safepoint    ] Leaving safepoint region
[2022-06-13T02:31:32.444+0000][1][safepoint    ] Total time for which application threads were stopped: 0.0002707 seconds, Stopping threads took: 0.0001251 seconds
[2022-06-13T02:31:32.444+0000][1][safepoint    ] Application time: 0.0000729 seconds
[2022-06-13T02:31:32.444+0000][1][safepoint    ] Entering safepoint region: RevokeBias
[2022-06-13T02:31:32.444+0000][1][safepoint    ] Leaving safepoint region
[2022-06-13T02:31:32.444+0000][1][safepoint    ] Total time for which application threads were stopped: 0.0002757 seconds, Stopping threads took: 0.0001366 seconds
[2022-06-13T02:31:32.444+0000][1][safepoint    ] Application time: 0.0000709 seconds
[2022-06-13T02:31:32.444+0000][1][safepoint    ] Entering safepoint region: RevokeBias
[2022-06-13T02:31:32.445+0000][1][safepoint    ] Leaving safepoint region
[2022-06-13T02:31:32.445+0000][1][safepoint    ] Total time for which application threads were stopped: 0.0002438 seconds, Stopping threads took: 0.0001158 seconds
[2022-06-13T02:31:32.445+0000][1][safepoint    ] Application time: 0.0000680 seconds
[2022-06-13T02:31:32.445+0000][1][safepoint    ] Entering safepoint region: RevokeBias
[2022-06-13T02:31:32.445+0000][1][safepoint    ] Leaving safepoint region
[2022-06-13T02:31:32.445+0000][1][safepoint    ] Total time for which application threads were stopped: 0.0003108 seconds, Stopping threads took: 0.0001792 seconds
[2022-06-13T02:31:32.445+0000][1][safepoint    ] Application time: 0.0000696 seconds
[2022-06-13T02:31:32.446+0000][1][safepoint    ] Entering safepoint region: RevokeBias
[2022-06-13T02:31:32.446+0000][1][safepoint    ] Leaving safepoint region
[2022-06-13T02:31:32.446+0000][1][safepoint    ] Total time for which application threads were stopped: 0.0002706 seconds, Stopping threads took: 0.0001406 seconds
[2022-06-13T02:31:32.446+0000][1][safepoint    ] Application time: 0.0000729 seconds
[2022-06-13T02:31:32.446+0000][1][safepoint    ] Entering safepoint region: BulkRevokeBias
[2022-06-13T02:31:32.446+0000][1][safepoint    ] Leaving safepoint region
[2022-06-13T02:31:32.446+0000][1][safepoint    ] Total time for which application threads were stopped: 0.0002660 seconds, Stopping threads took: 0.0001100 seconds
[2022-06-13T02:31:32.447+0000][1][safepoint    ] Application time: 0.0002135 seconds
[2022-06-13T02:31:32.447+0000][1][safepoint    ] Entering safepoint region: RevokeBias
[2022-06-13T02:31:32.447+0000][1][safepoint    ] Leaving safepoint region
[2022-06-13T02:31:32.447+0000][1][safepoint    ] Total time for which application threads were stopped: 0.0002506 seconds, Stopping threads took: 0.0001093 seconds
[2022-06-13T02:31:32.447+0000][1][safepoint    ] Application time: 0.0001456 seconds
[2022-06-13T02:31:32.447+0000][1][safepoint    ] Entering safepoint region: RevokeBias
[2022-06-13T02:31:32.448+0000][1][safepoint    ] Leaving safepoint region
[2022-06-13T02:31:32.448+0000][1][safepoint    ] Total time for which application threads were stopped: 0.0003387 seconds, Stopping threads took: 0.0001835 seconds
[2022-06-13T02:31:32.448+0000][1][safepoint    ] Application time: 0.0002100 seconds
[2022-06-13T02:31:32.448+0000][1][safepoint    ] Entering safepoint region: RevokeBias
[2022-06-13T02:31:32.448+0000][1][safepoint    ] Leaving safepoint region
[2022-06-13T02:31:32.448+0000][1][safepoint    ] Total time for which application threads were stopped: 0.0002783 seconds, Stopping threads took: 0.0001528 seconds
[2022-06-13T02:31:32.449+0000][1][safepoint    ] Application time: 0.0001208 seconds
[2022-06-13T02:31:32.449+0000][1][safepoint    ] Entering safepoint region: RevokeBias
[2022-06-13T02:31:32.449+0000][1][safepoint    ] Leaving safepoint region
[2022-06-13T02:31:32.449+0000][1][safepoint    ] Total time for which application threads were stopped: 0.0003977 seconds, Stopping threads took: 0.0001973 seconds
[2022-06-13T02:31:32.449+0000][1][safepoint    ] Application time: 0.0001001 seconds
[2022-06-13T02:31:32.450+0000][1][safepoint    ] Entering safepoint region: RevokeBias
[2022-06-13T02:31:32.450+0000][1][safepoint    ] Leaving safepoint region
[2022-06-13T02:31:32.450+0000][1][safepoint    ] Total time for which application threads were stopped: 0.0003036 seconds, Stopping threads took: 0.0001653 seconds
[2022-06-13T02:31:32.450+0000][1][safepoint    ] Application time: 0.0000826 seconds
[2022-06-13T02:31:32.450+0000][1][safepoint    ] Entering safepoint region: RevokeBias
[2022-06-13T02:31:32.450+0000][1][safepoint    ] Leaving safepoint region
[2022-06-13T02:31:32.450+0000][1][safepoint    ] Total time for which application threads were stopped: 0.0002678 seconds, Stopping threads took: 0.0001047 seconds
[2022-06-13T02:31:32.451+0000][1][safepoint    ] Application time: 0.0000921 seconds
[2022-06-13T02:31:32.451+0000][1][safepoint    ] Entering safepoint region: RevokeBias
[2022-06-13T02:31:32.451+0000][1][safepoint    ] Leaving safepoint region
[2022-06-13T02:31:32.451+0000][1][safepoint    ] Total time for which application threads were stopped: 0.0002607 seconds, Stopping threads took: 0.0001219 seconds
[2022-06-13T02:31:32.451+0000][1][safepoint    ] Application time: 0.0000879 seconds
[2022-06-13T02:31:32.451+0000][1][safepoint    ] Entering safepoint region: RevokeBias
[2022-06-13T02:31:32.451+0000][1][safepoint    ] Leaving safepoint region
[2022-06-13T02:31:32.452+0000][1][safepoint    ] Total time for which application threads were stopped: 0.0002605 seconds, Stopping threads took: 0.0001368 seconds
[2022-06-13T02:31:32.452+0000][1][safepoint    ] Application time: 0.0000730 seconds
[2022-06-13T02:31:32.452+0000][1][safepoint    ] Entering safepoint region: RevokeBias
[2022-06-13T02:31:32.452+0000][1][safepoint    ] Leaving safepoint region
[2022-06-13T02:31:32.452+0000][1][safepoint    ] Total time for which application threads were stopped: 0.0003686 seconds, Stopping threads took: 0.0002154 seconds
[2022-06-13T02:31:32.452+0000][1][safepoint    ] Application time: 0.0000914 seconds
[2022-06-13T02:31:32.453+0000][1][safepoint    ] Entering safepoint region: RevokeBias
[2022-06-13T02:31:32.453+0000][1][safepoint    ] Leaving safepoint region
[2022-06-13T02:31:32.453+0000][1][safepoint    ] Total time for which application threads were stopped: 0.0002761 seconds, Stopping threads took: 0.0001246 seconds
[2022-06-13T02:31:32.453+0000][1][safepoint    ] Application time: 0.0000851 seconds
[2022-06-13T02:31:32.453+0000][1][safepoint    ] Entering safepoint region: RevokeBias
[2022-06-13T02:31:32.453+0000][1][safepoint    ] Leaving safepoint region
[2022-06-13T02:31:32.453+0000][1][safepoint    ] Total time for which application threads were stopped: 0.0003274 seconds, Stopping threads took: 0.0001836 seconds
[2022-06-13T02:31:32.454+0000][1][safepoint    ] Application time: 0.0000657 seconds
[2022-06-13T02:31:32.454+0000][1][safepoint    ] Entering safepoint region: RevokeBias
[2022-06-13T02:31:32.454+0000][1][safepoint    ] Leaving safepoint region
[2022-06-13T02:31:32.454+0000][1][safepoint    ] Total time for which application threads were stopped: 0.0002750 seconds, Stopping threads took: 0.0001359 seconds
[2022-06-13T02:31:32.454+0000][1][safepoint    ] Application time: 0.0000680 seconds
[2022-06-13T02:31:32.454+0000][1][safepoint    ] Entering safepoint region: RevokeBias
[2022-06-13T02:31:32.454+0000][1][safepoint    ] Leaving safepoint region
[2022-06-13T02:31:32.455+0000][1][safepoint    ] Total time for which application threads were stopped: 0.0003094 seconds, Stopping threads took: 0.0001722 seconds
[2022-06-13T02:31:32.455+0000][1][safepoint    ] Application time: 0.0000667 seconds
[2022-06-13T02:31:32.455+0000][1][safepoint    ] Entering safepoint region: RevokeBias
[2022-06-13T02:31:32.455+0000][1][safepoint    ] Leaving safepoint region
[2022-06-13T02:31:32.455+0000][1][safepoint    ] Total time for which application threads were stopped: 0.0003144 seconds, Stopping threads took: 0.0001665 seconds
[2022-06-13T02:31:32.455+0000][1][safepoint    ] Application time: 0.0000723 seconds
[2022-06-13T02:31:32.455+0000][1][safepoint    ] Entering safepoint region: RevokeBias
[2022-06-13T02:31:32.456+0000][1][safepoint    ] Leaving safepoint region
[2022-06-13T02:31:32.456+0000][1][safepoint    ] Total time for which application threads were stopped: 0.0003030 seconds, Stopping threads took: 0.0001383 seconds
[2022-06-13T02:31:32.456+0000][1][safepoint    ] Application time: 0.0000972 seconds
[2022-06-13T02:31:32.456+0000][1][safepoint    ] Entering safepoint region: RevokeBias
[2022-06-13T02:31:32.456+0000][1][safepoint    ] Leaving safepoint region
[2022-06-13T02:31:32.456+0000][1][safepoint    ] Total time for which application threads were stopped: 0.0002891 seconds, Stopping threads took: 0.0001336 seconds
[2022-06-13T02:31:32.457+0000][1][safepoint    ] Application time: 0.0000693 seconds
[2022-06-13T02:31:32.457+0000][1][safepoint    ] Entering safepoint region: RevokeBias
[2022-06-13T02:31:32.457+0000][1][safepoint    ] Leaving safepoint region
[2022-06-13T02:31:32.457+0000][1][safepoint    ] Total time for which application threads were stopped: 0.0002675 seconds, Stopping threads took: 0.0001371 seconds
[2022-06-13T02:31:32.457+0000][1][safepoint    ] Application time: 0.0000661 seconds
[2022-06-13T02:31:32.457+0000][1][safepoint    ] Entering safepoint region: RevokeBias
[2022-06-13T02:31:32.457+0000][1][safepoint    ] Leaving safepoint region
[2022-06-13T02:31:32.458+0000][1][safepoint    ] Total time for which application threads were stopped: 0.0003117 seconds, Stopping threads took: 0.0001670 seconds
[2022-06-13T02:31:32.458+0000][1][safepoint    ] Application time: 0.0000709 seconds
[2022-06-13T02:31:32.458+0000][1][safepoint    ] Entering safepoint region: RevokeBias
[2022-06-13T02:31:32.458+0000][1][safepoint    ] Leaving safepoint region
[2022-06-13T02:31:32.458+0000][1][safepoint    ] Total time for which application threads were stopped: 0.0002865 seconds, Stopping threads took: 0.0001529 seconds
[2022-06-13T02:31:32.458+0000][1][safepoint    ] Application time: 0.0000768 seconds
[2022-06-13T02:31:32.458+0000][1][safepoint    ] Entering safepoint region: RevokeBias
[2022-06-13T02:31:32.459+0000][1][safepoint    ] Leaving safepoint region
[2022-06-13T02:31:32.459+0000][1][safepoint    ] Total time for which application threads were stopped: 0.0002768 seconds, Stopping threads took: 0.0001539 seconds
[2022-06-13T02:31:32.459+0000][1][safepoint    ] Application time: 0.0000745 seconds
[2022-06-13T02:31:32.459+0000][1][safepoint    ] Entering safepoint region: RevokeBias
[2022-06-13T02:31:32.459+0000][1][safepoint    ] Leaving safepoint region
[2022-06-13T02:31:32.459+0000][1][safepoint    ] Total time for which application threads were stopped: 0.0002985 seconds, Stopping threads took: 0.0001581 seconds
[2022-06-13T02:31:32.459+0000][1][safepoint    ] Application time: 0.0000709 seconds
[2022-06-13T02:31:32.460+0000][1][safepoint    ] Entering safepoint region: RevokeBias
[2022-06-13T02:31:32.460+0000][1][safepoint    ] Leaving safepoint region
[2022-06-13T02:31:32.460+0000][1][safepoint    ] Total time for which application threads were stopped: 0.0002822 seconds, Stopping threads took: 0.0001317 seconds
[2022-06-13T02:31:32.460+0000][1][safepoint    ] Application time: 0.0000853 seconds
[2022-06-13T02:31:32.460+0000][1][safepoint    ] Entering safepoint region: RevokeBias
[2022-06-13T02:31:32.460+0000][1][safepoint    ] Leaving safepoint region
[2022-06-13T02:31:32.460+0000][1][safepoint    ] Total time for which application threads were stopped: 0.0002427 seconds, Stopping threads took: 0.0001155 seconds
[2022-06-13T02:31:32.461+0000][1][safepoint    ] Application time: 0.0000893 seconds
[2022-06-13T02:31:32.461+0000][1][safepoint    ] Entering safepoint region: RevokeBias
[2022-06-13T02:31:32.461+0000][1][safepoint    ] Leaving safepoint region
[2022-06-13T02:31:32.461+0000][1][safepoint    ] Total time for which application threads were stopped: 0.0002913 seconds, Stopping threads took: 0.0001467 seconds
[2022-06-13T02:31:32.461+0000][1][safepoint    ] Application time: 0.0000682 seconds
[2022-06-13T02:31:32.461+0000][1][safepoint    ] Entering safepoint region: BulkRevokeBias
[2022-06-13T02:31:32.462+0000][1][safepoint    ] Leaving safepoint region
[2022-06-13T02:31:32.462+0000][1][safepoint    ] Total time for which application threads were stopped: 0.0003614 seconds, Stopping threads took: 0.0001854 seconds
[2022-06-13T02:31:32.462+0000][1][safepoint    ] Application time: 0.0003389 seconds
[2022-06-13T02:31:32.463+0000][1][safepoint    ] Entering safepoint region: RevokeBias
[2022-06-13T02:31:32.463+0000][1][safepoint    ] Leaving safepoint region
[2022-06-13T02:31:32.463+0000][1][safepoint    ] Total time for which application threads were stopped: 0.0006450 seconds, Stopping threads took: 0.0004595 seconds
[2022-06-13T02:31:32.463+0000][1][safepoint    ] Application time: 0.0001363 seconds
[2022-06-13T02:31:32.463+0000][1][safepoint    ] Entering safepoint region: RevokeBias
[2022-06-13T02:31:32.463+0000][1][safepoint    ] Leaving safepoint region
[2022-06-13T02:31:32.464+0000][1][safepoint    ] Total time for which application threads were stopped: 0.0002976 seconds, Stopping threads took: 0.0001450 seconds
[2022-06-13T02:31:32.464+0000][1][safepoint    ] Application time: 0.0002012 seconds
[2022-06-13T02:31:32.464+0000][1][safepoint    ] Entering safepoint region: RevokeBias
[2022-06-13T02:31:32.464+0000][1][safepoint    ] Leaving safepoint region
[2022-06-13T02:31:32.464+0000][1][safepoint    ] Total time for which application threads were stopped: 0.0002931 seconds, Stopping threads took: 0.0001434 seconds
[2022-06-13T02:31:32.465+0000][1][safepoint    ] Application time: 0.0000960 seconds
[2022-06-13T02:31:32.465+0000][1][safepoint    ] Entering safepoint region: RevokeBias
[2022-06-13T02:31:32.465+0000][1][safepoint    ] Leaving safepoint region
[2022-06-13T02:31:32.465+0000][1][safepoint    ] Total time for which application threads were stopped: 0.0002548 seconds, Stopping threads took: 0.0001273 seconds
[2022-06-13T02:31:32.465+0000][1][safepoint    ] Application time: 0.0000781 seconds
[2022-06-13T02:31:32.465+0000][1][safepoint    ] Entering safepoint region: RevokeBias
[2022-06-13T02:31:32.465+0000][1][safepoint    ] Leaving safepoint region
[2022-06-13T02:31:32.466+0000][1][safepoint    ] Total time for which application threads were stopped: 0.0003310 seconds, Stopping threads took: 0.0001656 seconds
[2022-06-13T02:31:32.466+0000][1][safepoint    ] Application time: 0.0000870 seconds
[2022-06-13T02:31:32.466+0000][1][safepoint    ] Entering safepoint region: RevokeBias
[2022-06-13T02:31:32.466+0000][1][safepoint    ] Leaving safepoint region
[2022-06-13T02:31:32.466+0000][1][safepoint    ] Total time for which application threads were stopped: 0.0003370 seconds, Stopping threads took: 0.0001934 seconds
[2022-06-13T02:31:32.467+0000][1][safepoint    ] Application time: 0.0003398 seconds
[2022-06-13T02:31:32.467+0000][1][safepoint    ] Entering safepoint region: RevokeBias
[2022-06-13T02:31:32.467+0000][1][safepoint    ] Leaving safepoint region
[2022-06-13T02:31:32.467+0000][1][safepoint    ] Total time for which application threads were stopped: 0.0003251 seconds, Stopping threads took: 0.0001485 seconds
[2022-06-13T02:31:32.467+0000][1][safepoint    ] Application time: 0.0001525 seconds
[2022-06-13T02:31:32.468+0000][1][safepoint    ] Entering safepoint region: RevokeBias
[2022-06-13T02:31:32.468+0000][1][safepoint    ] Leaving safepoint region
[2022-06-13T02:31:32.468+0000][1][safepoint    ] Total time for which application threads were stopped: 0.0002627 seconds, Stopping threads took: 0.0001222 seconds
[2022-06-13T02:31:32.468+0000][1][safepoint    ] Application time: 0.0004627 seconds
[2022-06-13T02:31:32.469+0000][1][safepoint    ] Entering safepoint region: RevokeBias
[2022-06-13T02:31:32.469+0000][1][safepoint    ] Leaving safepoint region
[2022-06-13T02:31:32.469+0000][1][safepoint    ] Total time for which application threads were stopped: 0.0004858 seconds, Stopping threads took: 0.0003202 seconds
[2022-06-13T02:31:32.470+0000][1][safepoint    ] Application time: 0.0004340 seconds
[2022-06-13T02:31:32.470+0000][1][safepoint    ] Entering safepoint region: RevokeBias
[2022-06-13T02:31:32.470+0000][1][safepoint    ] Leaving safepoint region
[2022-06-13T02:31:32.470+0000][1][safepoint    ] Total time for which application threads were stopped: 0.0002505 seconds, Stopping threads took: 0.0001192 seconds
[2022-06-13T02:31:32.470+0000][1][safepoint    ] Application time: 0.0001025 seconds
[2022-06-13T02:31:32.470+0000][1][safepoint    ] Entering safepoint region: RevokeBias
[2022-06-13T02:31:32.471+0000][1][safepoint    ] Leaving safepoint region
[2022-06-13T02:31:32.471+0000][1][safepoint    ] Total time for which application threads were stopped: 0.0002817 seconds, Stopping threads took: 0.0001305 seconds
[2022-06-13T02:31:32.471+0000][1][safepoint    ] Application time: 0.0001265 seconds
[2022-06-13T02:31:32.471+0000][1][safepoint    ] Entering safepoint region: RevokeBias
[2022-06-13T02:31:32.471+0000][1][safepoint    ] Leaving safepoint region
[2022-06-13T02:31:32.471+0000][1][safepoint    ] Total time for which application threads were stopped: 0.0002782 seconds, Stopping threads took: 0.0001381 seconds
[2022-06-13T02:31:32.471+0000][1][safepoint    ] Application time: 0.0000879 seconds
[2022-06-13T02:31:32.472+0000][1][safepoint    ] Entering safepoint region: RevokeBias
[2022-06-13T02:31:32.472+0000][1][safepoint    ] Leaving safepoint region
[2022-06-13T02:31:32.472+0000][1][safepoint    ] Total time for which application threads were stopped: 0.0002566 seconds, Stopping threads took: 0.0001051 seconds
[2022-06-13T02:31:32.472+0000][1][safepoint    ] Application time: 0.0002709 seconds
[2022-06-13T02:31:32.472+0000][1][safepoint    ] Entering safepoint region: RevokeBias
[2022-06-13T02:31:32.473+0000][1][safepoint    ] Leaving safepoint region
[2022-06-13T02:31:32.473+0000][1][safepoint    ] Total time for which application threads were stopped: 0.0003158 seconds, Stopping threads took: 0.0001280 seconds
[2022-06-13T02:31:32.473+0000][1][safepoint    ] Application time: 0.0002477 seconds
[2022-06-13T02:31:32.473+0000][1][safepoint    ] Entering safepoint region: RevokeBias
[2022-06-13T02:31:32.473+0000][1][safepoint    ] Leaving safepoint region
[2022-06-13T02:31:32.474+0000][1][safepoint    ] Total time for which application threads were stopped: 0.0003214 seconds, Stopping threads took: 0.0001322 seconds
[2022-06-13T02:31:32.475+0000][1][safepoint    ] Application time: 0.0009863 seconds
[2022-06-13T02:31:32.475+0000][1][safepoint    ] Entering safepoint region: RevokeBias
[2022-06-13T02:31:32.475+0000][1][safepoint    ] Leaving safepoint region
[2022-06-13T02:31:32.475+0000][1][safepoint    ] Total time for which application threads were stopped: 0.0002693 seconds, Stopping threads took: 0.0001246 seconds
[2022-06-13T02:31:32.475+0000][1][safepoint    ] Application time: 0.0001120 seconds
[2022-06-13T02:31:32.475+0000][1][safepoint    ] Entering safepoint region: RevokeBias
[2022-06-13T02:31:32.476+0000][1][safepoint    ] Leaving safepoint region
[2022-06-13T02:31:32.476+0000][1][safepoint    ] Total time for which application threads were stopped: 0.0003100 seconds, Stopping threads took: 0.0001619 seconds
[2022-06-13T02:31:32.476+0000][1][safepoint    ] Application time: 0.0000887 seconds
[2022-06-13T02:31:32.476+0000][1][safepoint    ] Entering safepoint region: RevokeBias
[2022-06-13T02:31:32.476+0000][1][safepoint    ] Leaving safepoint region
[2022-06-13T02:31:32.476+0000][1][safepoint    ] Total time for which application threads were stopped: 0.0003060 seconds, Stopping threads took: 0.0001608 seconds
[2022-06-13T02:31:32.478+0000][1][safepoint    ] Application time: 0.0016295 seconds
[2022-06-13T02:31:32.479+0000][1][safepoint    ] Entering safepoint region: RevokeBias
[2022-06-13T02:31:32.479+0000][1][safepoint    ] Leaving safepoint region
[2022-06-13T02:31:32.479+0000][1][safepoint    ] Total time for which application threads were stopped: 0.0006458 seconds, Stopping threads took: 0.0004875 seconds
[2022-06-13T02:31:32.479+0000][1][safepoint    ] Application time: 0.0001096 seconds
[2022-06-13T02:31:32.480+0000][1][safepoint    ] Entering safepoint region: RevokeBias
[2022-06-13T02:31:32.480+0000][1][safepoint    ] Leaving safepoint region
[2022-06-13T02:31:32.480+0000][1][safepoint    ] Total time for which application threads were stopped: 0.0005619 seconds, Stopping threads took: 0.0003767 seconds
[2022-06-13T02:31:32.480+0000][1][safepoint    ] Application time: 0.0001849 seconds
[2022-06-13T02:31:32.480+0000][1][safepoint    ] Entering safepoint region: RevokeBias
[2022-06-13T02:31:32.480+0000][1][safepoint    ] Leaving safepoint region
[2022-06-13T02:31:32.481+0000][1][safepoint    ] Total time for which application threads were stopped: 0.0003059 seconds, Stopping threads took: 0.0001335 seconds
[2022-06-13T02:31:32.494+0000][1][safepoint    ] Application time: 0.0134231 seconds
[2022-06-13T02:31:32.494+0000][1][safepoint    ] Entering safepoint region: GenCollectForAllocation
[2022-06-13T02:31:32.494+0000][1][gc,start     ] GC(19) Pause Young (Allocation Failure)
[2022-06-13T02:31:32.495+0000][1][gc,task      ] GC(19) Using 5 workers of 13 for evacuation
[2022-06-13T02:31:32.499+0000][1][gc,age       ] GC(19) Desired survivor size 4456448 bytes, new threshold 2 (max threshold 6)
[2022-06-13T02:31:32.499+0000][1][gc,age       ] GC(19) Age table with threshold 2 (max threshold 6)
[2022-06-13T02:31:32.499+0000][1][gc,age       ] GC(19) - age   1:    3154712 bytes,    3154712 total
[2022-06-13T02:31:32.499+0000][1][gc,age       ] GC(19) - age   2:    3727568 bytes,    6882280 total
[2022-06-13T02:31:32.499+0000][1][gc,age       ] GC(19) - age   3:     343056 bytes,    7225336 total
[2022-06-13T02:31:32.499+0000][1][gc,heap      ] GC(19) ParNew: 74738K->8439K(78656K)
[2022-06-13T02:31:32.500+0000][1][gc,heap      ] GC(19) CMS: 55216K->55216K(174784K)
[2022-06-13T02:31:32.500+0000][1][gc,metaspace ] GC(19) Metaspace: 47334K->47334K(1093632K)
[2022-06-13T02:31:32.500+0000][1][gc           ] GC(19) Pause Young (Allocation Failure) 126M->62M(247M) 5.340ms
[2022-06-13T02:31:32.500+0000][1][gc,cpu       ] GC(19) User=0.04s Sys=0.00s Real=0.01s
[2022-06-13T02:31:32.500+0000][1][safepoint    ] Leaving safepoint region
[2022-06-13T02:31:32.500+0000][1][safepoint    ] Total time for which application threads were stopped: 0.0059621 seconds, Stopping threads took: 0.0001694 seconds
[2022-06-13T02:31:32.748+0000][1][safepoint    ] Application time: 0.2474286 seconds
[2022-06-13T02:31:32.748+0000][1][safepoint    ] Entering safepoint region: RevokeBias
[2022-06-13T02:31:32.749+0000][1][safepoint    ] Leaving safepoint region
[2022-06-13T02:31:32.749+0000][1][safepoint    ] Total time for which application threads were stopped: 0.0006979 seconds, Stopping threads took: 0.0004438 seconds
[2022-06-13T02:31:32.957+0000][1][safepoint    ] Application time: 0.2081789 seconds
[2022-06-13T02:31:32.957+0000][1][safepoint    ] Entering safepoint region: GenCollectForAllocation
[2022-06-13T02:31:32.958+0000][1][gc,start     ] GC(20) Pause Young (Allocation Failure)
[2022-06-13T02:31:32.958+0000][1][gc,task      ] GC(20) Using 5 workers of 13 for evacuation
[2022-06-13T02:31:32.964+0000][1][gc,age       ] GC(20) Desired survivor size 4456448 bytes, new threshold 2 (max threshold 6)
[2022-06-13T02:31:32.965+0000][1][gc,age       ] GC(20) Age table with threshold 2 (max threshold 6)
[2022-06-13T02:31:32.965+0000][1][gc,age       ] GC(20) - age   1:    1498536 bytes,    1498536 total
[2022-06-13T02:31:32.965+0000][1][gc,age       ] GC(20) - age   2:    3040040 bytes,    4538576 total
[2022-06-13T02:31:32.965+0000][1][gc,heap      ] GC(20) ParNew: 78391K->6171K(78656K)
[2022-06-13T02:31:32.965+0000][1][gc,heap      ] GC(20) CMS: 55216K->59326K(174784K)
[2022-06-13T02:31:32.965+0000][1][gc,metaspace ] GC(20) Metaspace: 53947K->53947K(1099776K)
[2022-06-13T02:31:32.965+0000][1][gc           ] GC(20) Pause Young (Allocation Failure) 130M->63M(247M) 7.569ms
[2022-06-13T02:31:32.965+0000][1][gc,cpu       ] GC(20) User=0.04s Sys=0.00s Real=0.01s
[2022-06-13T02:31:32.965+0000][1][safepoint    ] Leaving safepoint region
[2022-06-13T02:31:32.966+0000][1][safepoint    ] Total time for which application threads were stopped: 0.0080936 seconds, Stopping threads took: 0.0001342 seconds
[2022-06-13T02:31:33.104+0000][1][safepoint    ] Application time: 0.1384041 seconds
[2022-06-13T02:31:33.104+0000][1][safepoint    ] Entering safepoint region: Deoptimize
[2022-06-13T02:31:33.106+0000][1][safepoint    ] Leaving safepoint region
[2022-06-13T02:31:33.106+0000][1][safepoint    ] Total time for which application threads were stopped: 0.0016882 seconds, Stopping threads took: 0.0002762 seconds
[2022-06-13T02:31:33.132+0000][1][safepoint    ] Application time: 0.0257640 seconds
[2022-06-13T02:31:33.132+0000][1][safepoint    ] Entering safepoint region: RevokeBias
[2022-06-13T02:31:33.133+0000][1][safepoint    ] Leaving safepoint region
[2022-06-13T02:31:33.133+0000][1][safepoint    ] Total time for which application threads were stopped: 0.0007745 seconds, Stopping threads took: 0.0003040 seconds
[2022-06-13T02:31:33.133+0000][1][safepoint    ] Application time: 0.0001686 seconds
[2022-06-13T02:31:33.134+0000][1][safepoint    ] Entering safepoint region: RevokeBias
[2022-06-13T02:31:33.134+0000][1][safepoint    ] Leaving safepoint region
[2022-06-13T02:31:33.134+0000][1][safepoint    ] Total time for which application threads were stopped: 0.0006471 seconds, Stopping threads took: 0.0003440 seconds
[2022-06-13T02:31:33.135+0000][1][safepoint    ] Application time: 0.0002534 seconds
[2022-06-13T02:31:33.135+0000][1][safepoint    ] Entering safepoint region: RevokeBias
[2022-06-13T02:31:33.136+0000][1][safepoint    ] Leaving safepoint region
[2022-06-13T02:31:33.136+0000][1][safepoint    ] Total time for which application threads were stopped: 0.0008621 seconds, Stopping threads took: 0.0003126 seconds
[2022-06-13T02:31:33.140+0000][1][safepoint    ] Application time: 0.0030210 seconds
[2022-06-13T02:31:33.140+0000][1][safepoint    ] Entering safepoint region: RevokeBias
[2022-06-13T02:31:33.140+0000][1][safepoint    ] Leaving safepoint region
[2022-06-13T02:31:33.140+0000][1][safepoint    ] Total time for which application threads were stopped: 0.0002572 seconds, Stopping threads took: 0.0001215 seconds
[2022-06-13T02:31:33.274+0000][1][safepoint    ] Application time: 0.1340207 seconds
[2022-06-13T02:31:33.274+0000][1][safepoint    ] Entering safepoint region: Deoptimize
[2022-06-13T02:31:33.276+0000][1][safepoint    ] Leaving safepoint region
[2022-06-13T02:31:33.277+0000][1][safepoint    ] Total time for which application threads were stopped: 0.0022064 seconds, Stopping threads took: 0.0003656 seconds
[2022-06-13T02:31:33.367+0000][1][safepoint    ] Application time: 0.0900970 seconds
[2022-06-13T02:31:33.367+0000][1][safepoint    ] Entering safepoint region: RevokeBias
[2022-06-13T02:31:33.368+0000][1][safepoint    ] Leaving safepoint region
[2022-06-13T02:31:33.368+0000][1][safepoint    ] Total time for which application threads were stopped: 0.0004977 seconds, Stopping threads took: 0.0002597 seconds
[2022-06-13T02:31:33.368+0000][1][safepoint    ] Application time: 0.0001186 seconds
[2022-06-13T02:31:33.368+0000][1][safepoint    ] Entering safepoint region: RevokeBias
[2022-06-13T02:31:33.368+0000][1][safepoint    ] Leaving safepoint region
[2022-06-13T02:31:33.369+0000][1][safepoint    ] Total time for which application threads were stopped: 0.0004975 seconds, Stopping threads took: 0.0002476 seconds
[2022-06-13T02:31:33.370+0000][1][safepoint    ] Application time: 0.0008128 seconds
[2022-06-13T02:31:33.370+0000][1][safepoint    ] Entering safepoint region: BulkRevokeBias
[2022-06-13T02:31:33.371+0000][1][safepoint    ] Leaving safepoint region
[2022-06-13T02:31:33.371+0000][1][safepoint    ] Total time for which application threads were stopped: 0.0010204 seconds, Stopping threads took: 0.0004565 seconds
[2022-06-13T02:31:33.445+0000][1][safepoint    ] Application time: 0.0731501 seconds
[2022-06-13T02:31:33.445+0000][1][safepoint    ] Entering safepoint region: RevokeBias
[2022-06-13T02:31:33.445+0000][1][safepoint    ] Leaving safepoint region
[2022-06-13T02:31:33.445+0000][1][safepoint    ] Total time for which application threads were stopped: 0.0002523 seconds, Stopping threads took: 0.0001095 seconds
[2022-06-13T02:31:33.445+0000][1][safepoint    ] Application time: 0.0000954 seconds
[2022-06-13T02:31:33.446+0000][1][safepoint    ] Entering safepoint region: RevokeBias
[2022-06-13T02:31:33.446+0000][1][safepoint    ] Leaving safepoint region
[2022-06-13T02:31:33.446+0000][1][safepoint    ] Total time for which application threads were stopped: 0.0002253 seconds, Stopping threads took: 0.0000978 seconds
[2022-06-13T02:31:33.446+0000][1][safepoint    ] Application time: 0.0000634 seconds
[2022-06-13T02:31:33.446+0000][1][safepoint    ] Entering safepoint region: RevokeBias
[2022-06-13T02:31:33.446+0000][1][safepoint    ] Leaving safepoint region
[2022-06-13T02:31:33.446+0000][1][safepoint    ] Total time for which application threads were stopped: 0.0002345 seconds, Stopping threads took: 0.0001032 seconds
[2022-06-13T02:31:33.447+0000][1][safepoint    ] Application time: 0.0002150 seconds
[2022-06-13T02:31:33.447+0000][1][safepoint    ] Entering safepoint region: RevokeBias
[2022-06-13T02:31:33.447+0000][1][safepoint    ] Leaving safepoint region
[2022-06-13T02:31:33.447+0000][1][safepoint    ] Total time for which application threads were stopped: 0.0002164 seconds, Stopping threads took: 0.0001096 seconds
[2022-06-13T02:31:33.447+0000][1][safepoint    ] Application time: 0.0000940 seconds
[2022-06-13T02:31:33.447+0000][1][safepoint    ] Entering safepoint region: RevokeBias
[2022-06-13T02:31:33.447+0000][1][safepoint    ] Leaving safepoint region
[2022-06-13T02:31:33.447+0000][1][safepoint    ] Total time for which application threads were stopped: 0.0002208 seconds, Stopping threads took: 0.0001135 seconds
[2022-06-13T02:31:33.448+0000][1][safepoint    ] Application time: 0.0000728 seconds
[2022-06-13T02:31:33.448+0000][1][safepoint    ] Entering safepoint region: RevokeBias
[2022-06-13T02:31:33.448+0000][1][safepoint    ] Leaving safepoint region
[2022-06-13T02:31:33.448+0000][1][safepoint    ] Total time for which application threads were stopped: 0.0002687 seconds, Stopping threads took: 0.0001033 seconds
[2022-06-13T02:31:33.448+0000][1][safepoint    ] Application time: 0.0001243 seconds
[2022-06-13T02:31:33.448+0000][1][safepoint    ] Entering safepoint region: RevokeBias
[2022-06-13T02:31:33.448+0000][1][safepoint    ] Leaving safepoint region
[2022-06-13T02:31:33.449+0000][1][safepoint    ] Total time for which application threads were stopped: 0.0002037 seconds, Stopping threads took: 0.0000945 seconds
[2022-06-13T02:31:33.533+0000][1][safepoint    ] Application time: 0.0842316 seconds
[2022-06-13T02:31:33.533+0000][1][safepoint    ] Entering safepoint region: RevokeBias
[2022-06-13T02:31:33.533+0000][1][safepoint    ] Leaving safepoint region
[2022-06-13T02:31:33.533+0000][1][safepoint    ] Total time for which application threads were stopped: 0.0003061 seconds, Stopping threads took: 0.0001608 seconds
[2022-06-13T02:31:33.534+0000][1][safepoint    ] Application time: 0.0000642 seconds
[2022-06-13T02:31:33.534+0000][1][safepoint    ] Entering safepoint region: BulkRevokeBias
[2022-06-13T02:31:33.534+0000][1][safepoint    ] Leaving safepoint region
[2022-06-13T02:31:33.534+0000][1][safepoint    ] Total time for which application threads were stopped: 0.0002507 seconds, Stopping threads took: 0.0000932 seconds
[2022-06-13T02:31:33.610+0000][1][safepoint    ] Application time: 0.0755812 seconds
[2022-06-13T02:31:33.610+0000][1][safepoint    ] Entering safepoint region: GenCollectForAllocation
[2022-06-13T02:31:33.610+0000][1][gc,start     ] GC(21) Pause Young (Allocation Failure)
[2022-06-13T02:31:33.610+0000][1][gc,task      ] GC(21) Using 5 workers of 13 for evacuation
[2022-06-13T02:31:33.616+0000][1][gc,age       ] GC(21) Desired survivor size 4456448 bytes, new threshold 2 (max threshold 6)
[2022-06-13T02:31:33.616+0000][1][gc,age       ] GC(21) Age table with threshold 2 (max threshold 6)
[2022-06-13T02:31:33.617+0000][1][gc,age       ] GC(21) - age   1:    4057448 bytes,    4057448 total
[2022-06-13T02:31:33.617+0000][1][gc,age       ] GC(21) - age   2:    1430216 bytes,    5487664 total
[2022-06-13T02:31:33.617+0000][1][gc,heap      ] GC(21) ParNew: 76123K->6813K(78656K)
[2022-06-13T02:31:33.617+0000][1][gc,heap      ] GC(21) CMS: 59326K->62360K(174784K)
[2022-06-13T02:31:33.617+0000][1][gc,metaspace ] GC(21) Metaspace: 62111K->62111K(1105920K)
[2022-06-13T02:31:33.617+0000][1][gc           ] GC(21) Pause Young (Allocation Failure) 132M->67M(247M) 7.236ms
[2022-06-13T02:31:33.618+0000][1][gc,cpu       ] GC(21) User=0.02s Sys=0.01s Real=0.00s
[2022-06-13T02:31:33.618+0000][1][safepoint    ] Leaving safepoint region
[2022-06-13T02:31:33.618+0000][1][safepoint    ] Total time for which application threads were stopped: 0.0079591 seconds, Stopping threads took: 0.0001882 seconds
[2022-06-13T02:31:33.653+0000][1][safepoint    ] Application time: 0.0354825 seconds
[2022-06-13T02:31:33.654+0000][1][safepoint    ] Entering safepoint region: Deoptimize
[2022-06-13T02:31:33.655+0000][1][safepoint    ] Leaving safepoint region
[2022-06-13T02:31:33.656+0000][1][safepoint    ] Total time for which application threads were stopped: 0.0014978 seconds, Stopping threads took: 0.0004180 seconds
[2022-06-13T02:31:33.660+0000][1][safepoint    ] Application time: 0.0043999 seconds
[2022-06-13T02:31:33.661+0000][1][safepoint    ] Entering safepoint region: RevokeBias
[2022-06-13T02:31:33.661+0000][1][safepoint    ] Leaving safepoint region
[2022-06-13T02:31:33.662+0000][1][safepoint    ] Total time for which application threads were stopped: 0.0009270 seconds, Stopping threads took: 0.0003872 seconds
[2022-06-13T02:31:33.662+0000][1][safepoint    ] Application time: 0.0006030 seconds
[2022-06-13T02:31:33.663+0000][1][safepoint    ] Entering safepoint region: RevokeBias
[2022-06-13T02:31:33.663+0000][1][safepoint    ] Leaving safepoint region
[2022-06-13T02:31:33.664+0000][1][safepoint    ] Total time for which application threads were stopped: 0.0007455 seconds, Stopping threads took: 0.0003184 seconds
[2022-06-13T02:31:33.664+0000][1][safepoint    ] Application time: 0.0005683 seconds
[2022-06-13T02:31:33.665+0000][1][safepoint    ] Entering safepoint region: RevokeBias
[2022-06-13T02:31:33.665+0000][1][safepoint    ] Leaving safepoint region
[2022-06-13T02:31:33.665+0000][1][safepoint    ] Total time for which application threads were stopped: 0.0006211 seconds, Stopping threads took: 0.0002435 seconds
[2022-06-13T02:31:33.666+0000][1][safepoint    ] Application time: 0.0001899 seconds
[2022-06-13T02:31:33.666+0000][1][safepoint    ] Entering safepoint region: RevokeBias
[2022-06-13T02:31:33.667+0000][1][safepoint    ] Leaving safepoint region
[2022-06-13T02:31:33.667+0000][1][safepoint    ] Total time for which application threads were stopped: 0.0008325 seconds, Stopping threads took: 0.0003565 seconds
[2022-06-13T02:31:33.668+0000][1][safepoint    ] Application time: 0.0006930 seconds
[2022-06-13T02:31:33.668+0000][1][safepoint    ] Entering safepoint region: RevokeBias
[2022-06-13T02:31:33.669+0000][1][safepoint    ] Leaving safepoint region
[2022-06-13T02:31:33.669+0000][1][safepoint    ] Total time for which application threads were stopped: 0.0008006 seconds, Stopping threads took: 0.0003745 seconds
[2022-06-13T02:31:33.670+0000][1][safepoint    ] Application time: 0.0000973 seconds
[2022-06-13T02:31:33.670+0000][1][safepoint    ] Entering safepoint region: RevokeBias
[2022-06-13T02:31:33.671+0000][1][safepoint    ] Leaving safepoint region
[2022-06-13T02:31:33.671+0000][1][safepoint    ] Total time for which application threads were stopped: 0.0006786 seconds, Stopping threads took: 0.0003265 seconds
[2022-06-13T02:31:33.671+0000][1][safepoint    ] Application time: 0.0001971 seconds
[2022-06-13T02:31:33.672+0000][1][safepoint    ] Entering safepoint region: RevokeBias
[2022-06-13T02:31:33.672+0000][1][safepoint    ] Leaving safepoint region
[2022-06-13T02:31:33.673+0000][1][safepoint    ] Total time for which application threads were stopped: 0.0008885 seconds, Stopping threads took: 0.0003180 seconds
[2022-06-13T02:31:33.673+0000][1][safepoint    ] Application time: 0.0001811 seconds
[2022-06-13T02:31:33.673+0000][1][safepoint    ] Entering safepoint region: RevokeBias
[2022-06-13T02:31:33.674+0000][1][safepoint    ] Leaving safepoint region
[2022-06-13T02:31:33.674+0000][1][safepoint    ] Total time for which application threads were stopped: 0.0003256 seconds, Stopping threads took: 0.0001440 seconds
[2022-06-13T02:31:33.674+0000][1][safepoint    ] Application time: 0.0001845 seconds
[2022-06-13T02:31:33.674+0000][1][safepoint    ] Entering safepoint region: RevokeBias
[2022-06-13T02:31:33.674+0000][1][safepoint    ] Leaving safepoint region
[2022-06-13T02:31:33.675+0000][1][safepoint    ] Total time for which application threads were stopped: 0.0002522 seconds, Stopping threads took: 0.0001200 seconds
[2022-06-13T02:31:33.675+0000][1][safepoint    ] Application time: 0.0001525 seconds
[2022-06-13T02:31:33.675+0000][1][safepoint    ] Entering safepoint region: RevokeBias
[2022-06-13T02:31:33.675+0000][1][safepoint    ] Leaving safepoint region
[2022-06-13T02:31:33.675+0000][1][safepoint    ] Total time for which application threads were stopped: 0.0002210 seconds, Stopping threads took: 0.0000980 seconds
[2022-06-13T02:31:33.675+0000][1][safepoint    ] Application time: 0.0000547 seconds
[2022-06-13T02:31:33.675+0000][1][safepoint    ] Entering safepoint region: RevokeBias
[2022-06-13T02:31:33.676+0000][1][safepoint    ] Leaving safepoint region
[2022-06-13T02:31:33.676+0000][1][safepoint    ] Total time for which application threads were stopped: 0.0002539 seconds, Stopping threads took: 0.0001035 seconds
[2022-06-13T02:31:33.676+0000][1][safepoint    ] Application time: 0.0003555 seconds
[2022-06-13T02:31:33.676+0000][1][safepoint    ] Entering safepoint region: RevokeBias
[2022-06-13T02:31:33.676+0000][1][safepoint    ] Leaving safepoint region
[2022-06-13T02:31:33.676+0000][1][safepoint    ] Total time for which application threads were stopped: 0.0002416 seconds, Stopping threads took: 0.0000952 seconds
[2022-06-13T02:31:33.677+0000][1][safepoint    ] Application time: 0.0007011 seconds
[2022-06-13T02:31:33.678+0000][1][safepoint    ] Entering safepoint region: RevokeBias
[2022-06-13T02:31:33.678+0000][1][safepoint    ] Leaving safepoint region
[2022-06-13T02:31:33.678+0000][1][safepoint    ] Total time for which application threads were stopped: 0.0004668 seconds, Stopping threads took: 0.0002313 seconds
[2022-06-13T02:31:33.678+0000][1][safepoint    ] Application time: 0.0002326 seconds
[2022-06-13T02:31:33.679+0000][1][safepoint    ] Entering safepoint region: RevokeBias
[2022-06-13T02:31:33.679+0000][1][safepoint    ] Leaving safepoint region
[2022-06-13T02:31:33.679+0000][1][safepoint    ] Total time for which application threads were stopped: 0.0005240 seconds, Stopping threads took: 0.0002517 seconds
[2022-06-13T02:31:33.681+0000][1][safepoint    ] Application time: 0.0015570 seconds
[2022-06-13T02:31:33.681+0000][1][safepoint    ] Entering safepoint region: Deoptimize
[2022-06-13T02:31:33.682+0000][1][safepoint    ] Leaving safepoint region
[2022-06-13T02:31:33.682+0000][1][safepoint    ] Total time for which application threads were stopped: 0.0007899 seconds, Stopping threads took: 0.0001885 seconds
[2022-06-13T02:31:33.683+0000][1][safepoint    ] Application time: 0.0011990 seconds
[2022-06-13T02:31:33.684+0000][1][safepoint    ] Entering safepoint region: RevokeBias
[2022-06-13T02:31:33.684+0000][1][safepoint    ] Leaving safepoint region
[2022-06-13T02:31:33.684+0000][1][safepoint    ] Total time for which application threads were stopped: 0.0006746 seconds, Stopping threads took: 0.0005115 seconds
[2022-06-13T02:31:33.685+0000][1][safepoint    ] Application time: 0.0001648 seconds
[2022-06-13T02:31:33.685+0000][1][safepoint    ] Entering safepoint region: RevokeBias
[2022-06-13T02:31:33.685+0000][1][safepoint    ] Leaving safepoint region
[2022-06-13T02:31:33.685+0000][1][safepoint    ] Total time for which application threads were stopped: 0.0006005 seconds, Stopping threads took: 0.0002917 seconds
[2022-06-13T02:31:33.686+0000][1][safepoint    ] Application time: 0.0001622 seconds
[2022-06-13T02:31:33.686+0000][1][safepoint    ] Entering safepoint region: RevokeBias
[2022-06-13T02:31:33.686+0000][1][safepoint    ] Leaving safepoint region
[2022-06-13T02:31:33.686+0000][1][safepoint    ] Total time for which application threads were stopped: 0.0003639 seconds, Stopping threads took: 0.0001822 seconds
[2022-06-13T02:31:33.687+0000][1][safepoint    ] Application time: 0.0001450 seconds
[2022-06-13T02:31:33.687+0000][1][safepoint    ] Entering safepoint region: RevokeBias
[2022-06-13T02:31:33.687+0000][1][safepoint    ] Leaving safepoint region
[2022-06-13T02:31:33.688+0000][1][safepoint    ] Total time for which application threads were stopped: 0.0003778 seconds, Stopping threads took: 0.0002514 seconds
[2022-06-13T02:31:33.688+0000][1][safepoint    ] Application time: 0.0000961 seconds
[2022-06-13T02:31:33.688+0000][1][safepoint    ] Entering safepoint region: RevokeBias
[2022-06-13T02:31:33.688+0000][1][safepoint    ] Leaving safepoint region
[2022-06-13T02:31:33.688+0000][1][safepoint    ] Total time for which application threads were stopped: 0.0003297 seconds, Stopping threads took: 0.0001324 seconds
[2022-06-13T02:31:33.696+0000][1][safepoint    ] Application time: 0.0075434 seconds
[2022-06-13T02:31:33.696+0000][1][safepoint    ] Entering safepoint region: RevokeBias
[2022-06-13T02:31:33.696+0000][1][safepoint    ] Leaving safepoint region
[2022-06-13T02:31:33.696+0000][1][safepoint    ] Total time for which application threads were stopped: 0.0002533 seconds, Stopping threads took: 0.0001296 seconds
[2022-06-13T02:31:33.716+0000][1][safepoint    ] Application time: 0.0196999 seconds
[2022-06-13T02:31:33.717+0000][1][safepoint    ] Entering safepoint region: RevokeBias
[2022-06-13T02:31:33.717+0000][1][safepoint    ] Leaving safepoint region
[2022-06-13T02:31:33.717+0000][1][safepoint    ] Total time for which application threads were stopped: 0.0006974 seconds, Stopping threads took: 0.0003605 seconds
[2022-06-13T02:31:33.717+0000][1][safepoint    ] Application time: 0.0000810 seconds
[2022-06-13T02:31:33.718+0000][1][safepoint    ] Entering safepoint region: RevokeBias
[2022-06-13T02:31:33.718+0000][1][safepoint    ] Leaving safepoint region
[2022-06-13T02:31:33.718+0000][1][safepoint    ] Total time for which application threads were stopped: 0.0002478 seconds, Stopping threads took: 0.0001372 seconds
[2022-06-13T02:31:33.719+0000][1][safepoint    ] Application time: 0.0011532 seconds
[2022-06-13T02:31:33.720+0000][1][safepoint    ] Entering safepoint region: RevokeBias
[2022-06-13T02:31:33.720+0000][1][safepoint    ] Leaving safepoint region
[2022-06-13T02:31:33.720+0000][1][safepoint    ] Total time for which application threads were stopped: 0.0006915 seconds, Stopping threads took: 0.0004408 seconds
[2022-06-13T02:31:33.721+0000][1][safepoint    ] Application time: 0.0002021 seconds
[2022-06-13T02:31:33.721+0000][1][safepoint    ] Entering safepoint region: RevokeBias
[2022-06-13T02:31:33.722+0000][1][safepoint    ] Leaving safepoint region
[2022-06-13T02:31:33.722+0000][1][safepoint    ] Total time for which application threads were stopped: 0.0005481 seconds, Stopping threads took: 0.0003611 seconds
[2022-06-13T02:31:33.722+0000][1][safepoint    ] Application time: 0.0003302 seconds
[2022-06-13T02:31:33.723+0000][1][safepoint    ] Entering safepoint region: RevokeBias
[2022-06-13T02:31:33.723+0000][1][safepoint    ] Leaving safepoint region
[2022-06-13T02:31:33.723+0000][1][safepoint    ] Total time for which application threads were stopped: 0.0006385 seconds, Stopping threads took: 0.0003102 seconds
[2022-06-13T02:31:33.724+0000][1][safepoint    ] Application time: 0.0001526 seconds
[2022-06-13T02:31:33.724+0000][1][safepoint    ] Entering safepoint region: RevokeBias
[2022-06-13T02:31:33.724+0000][1][safepoint    ] Leaving safepoint region
[2022-06-13T02:31:33.724+0000][1][safepoint    ] Total time for which application threads were stopped: 0.0006708 seconds, Stopping threads took: 0.0003872 seconds
[2022-06-13T02:31:33.725+0000][1][safepoint    ] Application time: 0.0004874 seconds
[2022-06-13T02:31:33.725+0000][1][safepoint    ] Entering safepoint region: RevokeBias
[2022-06-13T02:31:33.725+0000][1][safepoint    ] Leaving safepoint region
[2022-06-13T02:31:33.726+0000][1][safepoint    ] Total time for which application threads were stopped: 0.0005391 seconds, Stopping threads took: 0.0002850 seconds
[2022-06-13T02:31:33.726+0000][1][safepoint    ] Application time: 0.0001695 seconds
[2022-06-13T02:31:33.726+0000][1][safepoint    ] Entering safepoint region: RevokeBias
[2022-06-13T02:31:33.727+0000][1][safepoint    ] Leaving safepoint region
[2022-06-13T02:31:33.727+0000][1][safepoint    ] Total time for which application threads were stopped: 0.0006677 seconds, Stopping threads took: 0.0003076 seconds
[2022-06-13T02:31:33.727+0000][1][safepoint    ] Application time: 0.0001878 seconds
[2022-06-13T02:31:33.728+0000][1][safepoint    ] Entering safepoint region: RevokeBias
[2022-06-13T02:31:33.728+0000][1][safepoint    ] Leaving safepoint region
[2022-06-13T02:31:33.728+0000][1][safepoint    ] Total time for which application threads were stopped: 0.0004907 seconds, Stopping threads took: 0.0002788 seconds
[2022-06-13T02:31:33.729+0000][1][safepoint    ] Application time: 0.0004781 seconds
[2022-06-13T02:31:33.729+0000][1][safepoint    ] Entering safepoint region: RevokeBias
[2022-06-13T02:31:33.729+0000][1][safepoint    ] Leaving safepoint region
[2022-06-13T02:31:33.730+0000][1][safepoint    ] Total time for which application threads were stopped: 0.0008744 seconds, Stopping threads took: 0.0005182 seconds
[2022-06-13T02:31:33.730+0000][1][safepoint    ] Application time: 0.0002401 seconds
[2022-06-13T02:31:33.731+0000][1][safepoint    ] Entering safepoint region: RevokeBias
[2022-06-13T02:31:33.731+0000][1][safepoint    ] Leaving safepoint region
[2022-06-13T02:31:33.731+0000][1][safepoint    ] Total time for which application threads were stopped: 0.0004762 seconds, Stopping threads took: 0.0003045 seconds
[2022-06-13T02:31:33.731+0000][1][safepoint    ] Application time: 0.0000928 seconds
[2022-06-13T02:31:33.731+0000][1][safepoint    ] Entering safepoint region: RevokeBias
[2022-06-13T02:31:33.732+0000][1][safepoint    ] Leaving safepoint region
[2022-06-13T02:31:33.732+0000][1][safepoint    ] Total time for which application threads were stopped: 0.0004024 seconds, Stopping threads took: 0.0002342 seconds
[2022-06-13T02:31:33.733+0000][1][safepoint    ] Application time: 0.0006000 seconds
[2022-06-13T02:31:33.733+0000][1][safepoint    ] Entering safepoint region: RevokeBias
[2022-06-13T02:31:33.733+0000][1][safepoint    ] Leaving safepoint region
[2022-06-13T02:31:33.733+0000][1][safepoint    ] Total time for which application threads were stopped: 0.0005047 seconds, Stopping threads took: 0.0003032 seconds
[2022-06-13T02:31:33.734+0000][1][safepoint    ] Application time: 0.0003230 seconds
[2022-06-13T02:31:33.734+0000][1][safepoint    ] Entering safepoint region: RevokeBias
[2022-06-13T02:31:33.734+0000][1][safepoint    ] Leaving safepoint region
[2022-06-13T02:31:33.734+0000][1][safepoint    ] Total time for which application threads were stopped: 0.0003385 seconds, Stopping threads took: 0.0002232 seconds
[2022-06-13T02:31:33.735+0000][1][safepoint    ] Application time: 0.0001322 seconds
[2022-06-13T02:31:33.735+0000][1][safepoint    ] Entering safepoint region: RevokeBias
[2022-06-13T02:31:33.735+0000][1][safepoint    ] Leaving safepoint region
[2022-06-13T02:31:33.735+0000][1][safepoint    ] Total time for which application threads were stopped: 0.0006890 seconds, Stopping threads took: 0.0005930 seconds
[2022-06-13T02:31:33.736+0000][1][safepoint    ] Application time: 0.0001385 seconds
[2022-06-13T02:31:33.736+0000][1][safepoint    ] Entering safepoint region: RevokeBias
[2022-06-13T02:31:33.736+0000][1][safepoint    ] Leaving safepoint region
[2022-06-13T02:31:33.736+0000][1][safepoint    ] Total time for which application threads were stopped: 0.0002562 seconds, Stopping threads took: 0.0000840 seconds
[2022-06-13T02:31:33.736+0000][1][safepoint    ] Application time: 0.0001245 seconds
[2022-06-13T02:31:33.736+0000][1][safepoint    ] Entering safepoint region: RevokeBias
[2022-06-13T02:31:33.736+0000][1][safepoint    ] Leaving safepoint region
[2022-06-13T02:31:33.736+0000][1][safepoint    ] Total time for which application threads were stopped: 0.0002179 seconds, Stopping threads took: 0.0001131 seconds
[2022-06-13T02:31:33.737+0000][1][safepoint    ] Application time: 0.0001838 seconds
[2022-06-13T02:31:33.737+0000][1][safepoint    ] Entering safepoint region: RevokeBias
[2022-06-13T02:31:33.737+0000][1][safepoint    ] Leaving safepoint region
[2022-06-13T02:31:33.737+0000][1][safepoint    ] Total time for which application threads were stopped: 0.0002053 seconds, Stopping threads took: 0.0001022 seconds
[2022-06-13T02:31:33.738+0000][1][safepoint    ] Application time: 0.0004394 seconds
[2022-06-13T02:31:33.738+0000][1][safepoint    ] Entering safepoint region: RevokeBias
[2022-06-13T02:31:33.738+0000][1][safepoint    ] Leaving safepoint region
[2022-06-13T02:31:33.738+0000][1][safepoint    ] Total time for which application threads were stopped: 0.0002086 seconds, Stopping threads took: 0.0000948 seconds
[2022-06-13T02:31:33.738+0000][1][safepoint    ] Application time: 0.0000997 seconds
[2022-06-13T02:31:33.738+0000][1][safepoint    ] Entering safepoint region: RevokeBias
[2022-06-13T02:31:33.738+0000][1][safepoint    ] Leaving safepoint region
[2022-06-13T02:31:33.738+0000][1][safepoint    ] Total time for which application threads were stopped: 0.0002242 seconds, Stopping threads took: 0.0000967 seconds
[2022-06-13T02:31:33.739+0000][1][safepoint    ] Application time: 0.0000684 seconds
[2022-06-13T02:31:33.739+0000][1][safepoint    ] Entering safepoint region: RevokeBias
[2022-06-13T02:31:33.739+0000][1][safepoint    ] Leaving safepoint region
[2022-06-13T02:31:33.739+0000][1][safepoint    ] Total time for which application threads were stopped: 0.0002263 seconds, Stopping threads took: 0.0000928 seconds
[2022-06-13T02:31:33.739+0000][1][safepoint    ] Application time: 0.0004455 seconds
[2022-06-13T02:31:33.740+0000][1][safepoint    ] Entering safepoint region: RevokeBias
[2022-06-13T02:31:33.740+0000][1][safepoint    ] Leaving safepoint region
[2022-06-13T02:31:33.740+0000][1][safepoint    ] Total time for which application threads were stopped: 0.0001903 seconds, Stopping threads took: 0.0000936 seconds
[2022-06-13T02:31:33.740+0000][1][safepoint    ] Application time: 0.0000486 seconds
[2022-06-13T02:31:33.740+0000][1][safepoint    ] Entering safepoint region: RevokeBias
[2022-06-13T02:31:33.740+0000][1][safepoint    ] Leaving safepoint region
[2022-06-13T02:31:33.740+0000][1][safepoint    ] Total time for which application threads were stopped: 0.0002244 seconds, Stopping threads took: 0.0001032 seconds
[2022-06-13T02:31:33.742+0000][1][safepoint    ] Application time: 0.0014829 seconds
[2022-06-13T02:31:33.742+0000][1][safepoint    ] Entering safepoint region: RevokeBias
[2022-06-13T02:31:33.742+0000][1][safepoint    ] Leaving safepoint region
[2022-06-13T02:31:33.742+0000][1][safepoint    ] Total time for which application threads were stopped: 0.0002428 seconds, Stopping threads took: 0.0000853 seconds
[2022-06-13T02:31:33.743+0000][1][safepoint    ] Application time: 0.0006098 seconds
[2022-06-13T02:31:33.743+0000][1][safepoint    ] Entering safepoint region: RevokeBias
[2022-06-13T02:31:33.743+0000][1][safepoint    ] Leaving safepoint region
[2022-06-13T02:31:33.743+0000][1][safepoint    ] Total time for which application threads were stopped: 0.0003349 seconds, Stopping threads took: 0.0001189 seconds
[2022-06-13T02:31:33.745+0000][1][safepoint    ] Application time: 0.0016789 seconds
[2022-06-13T02:31:33.745+0000][1][safepoint    ] Entering safepoint region: RevokeBias
[2022-06-13T02:31:33.745+0000][1][safepoint    ] Leaving safepoint region
[2022-06-13T02:31:33.745+0000][1][safepoint    ] Total time for which application threads were stopped: 0.0002728 seconds, Stopping threads took: 0.0001562 seconds
[2022-06-13T02:31:33.746+0000][1][safepoint    ] Application time: 0.0002507 seconds
[2022-06-13T02:31:33.746+0000][1][safepoint    ] Entering safepoint region: RevokeBias
[2022-06-13T02:31:33.746+0000][1][safepoint    ] Leaving safepoint region
[2022-06-13T02:31:33.746+0000][1][safepoint    ] Total time for which application threads were stopped: 0.0003516 seconds, Stopping threads took: 0.0001550 seconds
[2022-06-13T02:31:33.746+0000][1][safepoint    ] Application time: 0.0000653 seconds
[2022-06-13T02:31:33.747+0000][1][safepoint    ] Entering safepoint region: RevokeBias
[2022-06-13T02:31:33.747+0000][1][safepoint    ] Leaving safepoint region
[2022-06-13T02:31:33.747+0000][1][safepoint    ] Total time for which application threads were stopped: 0.0002451 seconds, Stopping threads took: 0.0001310 seconds
[2022-06-13T02:31:33.747+0000][1][safepoint    ] Application time: 0.0000591 seconds
[2022-06-13T02:31:33.747+0000][1][safepoint    ] Entering safepoint region: RevokeBias
[2022-06-13T02:31:33.747+0000][1][safepoint    ] Leaving safepoint region
[2022-06-13T02:31:33.747+0000][1][safepoint    ] Total time for which application threads were stopped: 0.0002631 seconds, Stopping threads took: 0.0001316 seconds
[2022-06-13T02:31:33.748+0000][1][safepoint    ] Application time: 0.0005936 seconds
[2022-06-13T02:31:33.748+0000][1][safepoint    ] Entering safepoint region: RevokeBias
[2022-06-13T02:31:33.748+0000][1][safepoint    ] Leaving safepoint region
[2022-06-13T02:31:33.748+0000][1][safepoint    ] Total time for which application threads were stopped: 0.0002922 seconds, Stopping threads took: 0.0001895 seconds
[2022-06-13T02:31:33.749+0000][1][safepoint    ] Application time: 0.0000704 seconds
[2022-06-13T02:31:33.749+0000][1][safepoint    ] Entering safepoint region: RevokeBias
[2022-06-13T02:31:33.749+0000][1][safepoint    ] Leaving safepoint region
[2022-06-13T02:31:33.749+0000][1][safepoint    ] Total time for which application threads were stopped: 0.0002200 seconds, Stopping threads took: 0.0001090 seconds
[2022-06-13T02:31:33.750+0000][1][safepoint    ] Application time: 0.0010268 seconds
[2022-06-13T02:31:33.750+0000][1][safepoint    ] Entering safepoint region: RevokeBias
[2022-06-13T02:31:33.750+0000][1][safepoint    ] Leaving safepoint region
[2022-06-13T02:31:33.750+0000][1][safepoint    ] Total time for which application threads were stopped: 0.0003279 seconds, Stopping threads took: 0.0002046 seconds
[2022-06-13T02:31:33.751+0000][1][safepoint    ] Application time: 0.0000836 seconds
[2022-06-13T02:31:33.751+0000][1][safepoint    ] Entering safepoint region: RevokeBias
[2022-06-13T02:31:33.751+0000][1][safepoint    ] Leaving safepoint region
[2022-06-13T02:31:33.751+0000][1][safepoint    ] Total time for which application threads were stopped: 0.0002912 seconds, Stopping threads took: 0.0001701 seconds
[2022-06-13T02:31:33.753+0000][1][safepoint    ] Application time: 0.0018465 seconds
[2022-06-13T02:31:33.753+0000][1][safepoint    ] Entering safepoint region: RevokeBias
[2022-06-13T02:31:33.753+0000][1][safepoint    ] Leaving safepoint region
[2022-06-13T02:31:33.753+0000][1][safepoint    ] Total time for which application threads were stopped: 0.0002884 seconds, Stopping threads took: 0.0001532 seconds
[2022-06-13T02:31:33.753+0000][1][safepoint    ] Application time: 0.0001023 seconds
[2022-06-13T02:31:33.754+0000][1][safepoint    ] Entering safepoint region: RevokeBias
[2022-06-13T02:31:33.754+0000][1][safepoint    ] Leaving safepoint region
[2022-06-13T02:31:33.754+0000][1][safepoint    ] Total time for which application threads were stopped: 0.0002386 seconds, Stopping threads took: 0.0001219 seconds
[2022-06-13T02:31:33.754+0000][1][safepoint    ] Application time: 0.0001185 seconds
[2022-06-13T02:31:33.754+0000][1][safepoint    ] Entering safepoint region: RevokeBias
[2022-06-13T02:31:33.754+0000][1][safepoint    ] Leaving safepoint region
[2022-06-13T02:31:33.754+0000][1][safepoint    ] Total time for which application threads were stopped: 0.0002445 seconds, Stopping threads took: 0.0001449 seconds
[2022-06-13T02:31:33.755+0000][1][safepoint    ] Application time: 0.0000628 seconds
[2022-06-13T02:31:33.755+0000][1][safepoint    ] Entering safepoint region: RevokeBias
[2022-06-13T02:31:33.755+0000][1][safepoint    ] Leaving safepoint region
[2022-06-13T02:31:33.755+0000][1][safepoint    ] Total time for which application threads were stopped: 0.0001847 seconds, Stopping threads took: 0.0000860 seconds
[2022-06-13T02:31:33.756+0000][1][safepoint    ] Application time: 0.0014145 seconds
[2022-06-13T02:31:33.756+0000][1][safepoint    ] Entering safepoint region: RevokeBias
[2022-06-13T02:31:33.756+0000][1][safepoint    ] Leaving safepoint region
[2022-06-13T02:31:33.757+0000][1][safepoint    ] Total time for which application threads were stopped: 0.0001739 seconds, Stopping threads took: 0.0000799 seconds
[2022-06-13T02:31:33.757+0000][1][safepoint    ] Application time: 0.0000860 seconds
[2022-06-13T02:31:33.757+0000][1][safepoint    ] Entering safepoint region: RevokeBias
[2022-06-13T02:31:33.757+0000][1][safepoint    ] Leaving safepoint region
[2022-06-13T02:31:33.757+0000][1][safepoint    ] Total time for which application threads were stopped: 0.0002298 seconds, Stopping threads took: 0.0001218 seconds
[2022-06-13T02:31:33.757+0000][1][safepoint    ] Application time: 0.0001216 seconds
[2022-06-13T02:31:33.757+0000][1][safepoint    ] Entering safepoint region: RevokeBias
[2022-06-13T02:31:33.758+0000][1][safepoint    ] Leaving safepoint region
[2022-06-13T02:31:33.758+0000][1][safepoint    ] Total time for which application threads were stopped: 0.0002738 seconds, Stopping threads took: 0.0001628 seconds
[2022-06-13T02:31:33.758+0000][1][safepoint    ] Application time: 0.0000955 seconds
[2022-06-13T02:31:33.758+0000][1][safepoint    ] Entering safepoint region: RevokeBias
[2022-06-13T02:31:33.758+0000][1][safepoint    ] Leaving safepoint region
[2022-06-13T02:31:33.758+0000][1][safepoint    ] Total time for which application threads were stopped: 0.0002014 seconds, Stopping threads took: 0.0000929 seconds
[2022-06-13T02:31:33.759+0000][1][safepoint    ] Application time: 0.0010992 seconds
[2022-06-13T02:31:33.759+0000][1][safepoint    ] Entering safepoint region: RevokeBias
[2022-06-13T02:31:33.760+0000][1][safepoint    ] Leaving safepoint region
[2022-06-13T02:31:33.760+0000][1][safepoint    ] Total time for which application threads were stopped: 0.0002363 seconds, Stopping threads took: 0.0001140 seconds
[2022-06-13T02:31:34.373+0000][1][safepoint    ] Application time: 0.6130849 seconds
[2022-06-13T02:31:34.373+0000][1][safepoint    ] Entering safepoint region: RevokeBias
[2022-06-13T02:31:34.374+0000][1][safepoint    ] Leaving safepoint region
[2022-06-13T02:31:34.374+0000][1][safepoint    ] Total time for which application threads were stopped: 0.0008816 seconds, Stopping threads took: 0.0004239 seconds
[2022-06-13T02:31:34.523+0000][1][safepoint    ] Application time: 0.1486664 seconds
[2022-06-13T02:31:34.524+0000][1][safepoint    ] Entering safepoint region: RevokeBias
[2022-06-13T02:31:34.524+0000][1][safepoint    ] Leaving safepoint region
[2022-06-13T02:31:34.524+0000][1][safepoint    ] Total time for which application threads were stopped: 0.0008028 seconds, Stopping threads took: 0.0003938 seconds
[2022-06-13T02:31:34.525+0000][1][safepoint    ] Application time: 0.0003865 seconds
[2022-06-13T02:31:34.525+0000][1][safepoint    ] Entering safepoint region: RevokeBias
[2022-06-13T02:31:34.526+0000][1][safepoint    ] Leaving safepoint region
[2022-06-13T02:31:34.526+0000][1][safepoint    ] Total time for which application threads were stopped: 0.0006058 seconds, Stopping threads took: 0.0002050 seconds
[2022-06-13T02:31:34.526+0000][1][safepoint    ] Application time: 0.0000938 seconds
[2022-06-13T02:31:34.527+0000][1][safepoint    ] Entering safepoint region: RevokeBias
[2022-06-13T02:31:34.527+0000][1][safepoint    ] Leaving safepoint region
[2022-06-13T02:31:34.527+0000][1][safepoint    ] Total time for which application threads were stopped: 0.0007429 seconds, Stopping threads took: 0.0003614 seconds
[2022-06-13T02:31:34.528+0000][1][safepoint    ] Application time: 0.0000815 seconds
[2022-06-13T02:31:34.528+0000][1][safepoint    ] Entering safepoint region: RevokeBias
[2022-06-13T02:31:34.529+0000][1][safepoint    ] Leaving safepoint region
[2022-06-13T02:31:34.529+0000][1][safepoint    ] Total time for which application threads were stopped: 0.0008626 seconds, Stopping threads took: 0.0004087 seconds
[2022-06-13T02:31:34.530+0000][1][safepoint    ] Application time: 0.0002025 seconds
[2022-06-13T02:31:34.530+0000][1][safepoint    ] Entering safepoint region: RevokeBias
[2022-06-13T02:31:34.530+0000][1][safepoint    ] Leaving safepoint region
[2022-06-13T02:31:34.531+0000][1][safepoint    ] Total time for which application threads were stopped: 0.0006986 seconds, Stopping threads took: 0.0003434 seconds
[2022-06-13T02:31:34.531+0000][1][safepoint    ] Application time: 0.0000802 seconds
[2022-06-13T02:31:34.531+0000][1][safepoint    ] Entering safepoint region: RevokeBias
[2022-06-13T02:31:34.532+0000][1][safepoint    ] Leaving safepoint region
[2022-06-13T02:31:34.532+0000][1][safepoint    ] Total time for which application threads were stopped: 0.0006909 seconds, Stopping threads took: 0.0003353 seconds
[2022-06-13T02:31:34.533+0000][1][safepoint    ] Application time: 0.0000764 seconds
[2022-06-13T02:31:34.533+0000][1][safepoint    ] Entering safepoint region: RevokeBias
[2022-06-13T02:31:34.533+0000][1][safepoint    ] Leaving safepoint region
[2022-06-13T02:31:34.533+0000][1][safepoint    ] Total time for which application threads were stopped: 0.0005843 seconds, Stopping threads took: 0.0002821 seconds
[2022-06-13T02:31:34.534+0000][1][safepoint    ] Application time: 0.0000835 seconds
[2022-06-13T02:31:34.534+0000][1][safepoint    ] Entering safepoint region: RevokeBias
[2022-06-13T02:31:34.535+0000][1][safepoint    ] Leaving safepoint region
[2022-06-13T02:31:34.535+0000][1][safepoint    ] Total time for which application threads were stopped: 0.0005872 seconds, Stopping threads took: 0.0002953 seconds
[2022-06-13T02:31:34.717+0000][1][safepoint    ] Application time: 0.1821455 seconds
[2022-06-13T02:31:34.718+0000][1][safepoint    ] Entering safepoint region: RevokeBias
[2022-06-13T02:31:34.718+0000][1][safepoint    ] Leaving safepoint region
[2022-06-13T02:31:34.718+0000][1][safepoint    ] Total time for which application threads were stopped: 0.0008050 seconds, Stopping threads took: 0.0003377 seconds
[2022-06-13T02:31:36.692+0000][1][safepoint    ] Application time: 1.9734265 seconds
[2022-06-13T02:31:36.693+0000][1][safepoint    ] Entering safepoint region: Cleanup
[2022-06-13T02:31:36.693+0000][1][safepoint    ] Leaving safepoint region
[2022-06-13T02:31:36.693+0000][1][safepoint    ] Total time for which application threads were stopped: 0.0006474 seconds, Stopping threads took: 0.0003921 seconds
[2022-06-13T02:31:36.752+0000][1][safepoint    ] Application time: 0.0583940 seconds
[2022-06-13T02:31:36.752+0000][1][safepoint    ] Entering safepoint region: RevokeBias
[2022-06-13T02:31:36.753+0000][1][safepoint    ] Leaving safepoint region
[2022-06-13T02:31:36.753+0000][1][safepoint    ] Total time for which application threads were stopped: 0.0009139 seconds, Stopping threads took: 0.0005302 seconds
[2022-06-13T02:31:36.754+0000][1][safepoint    ] Application time: 0.0004911 seconds
[2022-06-13T02:31:36.754+0000][1][safepoint    ] Entering safepoint region: RevokeBias
[2022-06-13T02:31:36.755+0000][1][safepoint    ] Leaving safepoint region
[2022-06-13T02:31:36.755+0000][1][safepoint    ] Total time for which application threads were stopped: 0.0007542 seconds, Stopping threads took: 0.0004354 seconds
[2022-06-13T02:31:36.755+0000][1][safepoint    ] Application time: 0.0001732 seconds
[2022-06-13T02:31:36.756+0000][1][safepoint    ] Entering safepoint region: RevokeBias
[2022-06-13T02:31:36.756+0000][1][safepoint    ] Leaving safepoint region
[2022-06-13T02:31:36.757+0000][1][safepoint    ] Total time for which application threads were stopped: 0.0011589 seconds, Stopping threads took: 0.0006491 seconds
[2022-06-13T02:31:36.758+0000][1][safepoint    ] Application time: 0.0005415 seconds
[2022-06-13T02:31:36.758+0000][1][safepoint    ] Entering safepoint region: RevokeBias
[2022-06-13T02:31:36.758+0000][1][safepoint    ] Leaving safepoint region
[2022-06-13T02:31:36.759+0000][1][safepoint    ] Total time for which application threads were stopped: 0.0007544 seconds, Stopping threads took: 0.0003753 seconds
[2022-06-13T02:31:37.721+0000][1][safepoint    ] Application time: 0.9615907 seconds
[2022-06-13T02:31:37.721+0000][1][safepoint    ] Entering safepoint region: RevokeBias
[2022-06-13T02:31:37.721+0000][1][safepoint    ] Leaving safepoint region
[2022-06-13T02:31:37.722+0000][1][safepoint    ] Total time for which application threads were stopped: 0.0004580 seconds, Stopping threads took: 0.0001791 seconds
[2022-06-13T02:31:37.722+0000][1][safepoint    ] Application time: 0.0003601 seconds
[2022-06-13T02:31:37.722+0000][1][safepoint    ] Entering safepoint region: RevokeBias
[2022-06-13T02:31:37.723+0000][1][safepoint    ] Leaving safepoint region
[2022-06-13T02:31:37.723+0000][1][safepoint    ] Total time for which application threads were stopped: 0.0004277 seconds, Stopping threads took: 0.0001937 seconds
[2022-06-13T02:31:37.723+0000][1][safepoint    ] Application time: 0.0003813 seconds
[2022-06-13T02:31:37.724+0000][1][safepoint    ] Entering safepoint region: RevokeBias
[2022-06-13T02:31:37.724+0000][1][safepoint    ] Leaving safepoint region
[2022-06-13T02:31:37.724+0000][1][safepoint    ] Total time for which application threads were stopped: 0.0005577 seconds, Stopping threads took: 0.0004012 seconds
[2022-06-13T02:31:37.725+0000][1][safepoint    ] Application time: 0.0002749 seconds
[2022-06-13T02:31:37.725+0000][1][safepoint    ] Entering safepoint region: RevokeBias
[2022-06-13T02:31:37.725+0000][1][safepoint    ] Leaving safepoint region
[2022-06-13T02:31:37.726+0000][1][safepoint    ] Total time for which application threads were stopped: 0.0006103 seconds, Stopping threads took: 0.0002442 seconds
[2022-06-13T02:31:37.726+0000][1][safepoint    ] Application time: 0.0002722 seconds
[2022-06-13T02:31:37.727+0000][1][safepoint    ] Entering safepoint region: RevokeBias
[2022-06-13T02:31:37.727+0000][1][safepoint    ] Leaving safepoint region
[2022-06-13T02:31:37.727+0000][1][safepoint    ] Total time for which application threads were stopped: 0.0006015 seconds, Stopping threads took: 0.0003424 seconds
[2022-06-13T02:31:37.728+0000][1][safepoint    ] Application time: 0.0002665 seconds
[2022-06-13T02:31:37.728+0000][1][safepoint    ] Entering safepoint region: RevokeBias
[2022-06-13T02:31:37.728+0000][1][safepoint    ] Leaving safepoint region
[2022-06-13T02:31:37.729+0000][1][safepoint    ] Total time for which application threads were stopped: 0.0004257 seconds, Stopping threads took: 0.0002384 seconds
[2022-06-13T02:31:37.729+0000][1][safepoint    ] Application time: 0.0003423 seconds
[2022-06-13T02:31:37.729+0000][1][safepoint    ] Entering safepoint region: RevokeBias
[2022-06-13T02:31:37.730+0000][1][safepoint    ] Leaving safepoint region
[2022-06-13T02:31:37.730+0000][1][safepoint    ] Total time for which application threads were stopped: 0.0004666 seconds, Stopping threads took: 0.0002567 seconds
[2022-06-13T02:31:38.730+0000][1][safepoint    ] Application time: 1.0001137 seconds
[2022-06-13T02:31:38.731+0000][1][safepoint    ] Entering safepoint region: Cleanup
[2022-06-13T02:31:38.731+0000][1][safepoint    ] Leaving safepoint region
[2022-06-13T02:31:38.731+0000][1][safepoint    ] Total time for which application threads were stopped: 0.0007491 seconds, Stopping threads took: 0.0003502 seconds
[2022-06-13T02:31:40.721+0000][1][safepoint    ] Application time: 1.9887922 seconds
[2022-06-13T02:31:40.721+0000][1][safepoint    ] Entering safepoint region: RevokeBias
[2022-06-13T02:31:40.721+0000][1][safepoint    ] Leaving safepoint region
[2022-06-13T02:31:40.722+0000][1][safepoint    ] Total time for which application threads were stopped: 0.0009728 seconds, Stopping threads took: 0.0005298 seconds
[2022-06-13T02:31:40.723+0000][1][safepoint    ] Application time: 0.0003783 seconds
[2022-06-13T02:31:40.723+0000][1][safepoint    ] Entering safepoint region: RevokeBias
[2022-06-13T02:31:40.724+0000][1][safepoint    ] Leaving safepoint region
[2022-06-13T02:31:40.724+0000][1][safepoint    ] Total time for which application threads were stopped: 0.0009045 seconds, Stopping threads took: 0.0005500 seconds
[2022-06-13T02:31:40.725+0000][1][safepoint    ] Application time: 0.0002820 seconds
[2022-06-13T02:31:40.725+0000][1][safepoint    ] Entering safepoint region: RevokeBias
[2022-06-13T02:31:40.726+0000][1][safepoint    ] Leaving safepoint region
[2022-06-13T02:31:40.726+0000][1][safepoint    ] Total time for which application threads were stopped: 0.0009712 seconds, Stopping threads took: 0.0003954 seconds
[2022-06-13T02:31:41.723+0000][1][safepoint    ] Application time: 0.9962179 seconds
[2022-06-13T02:31:41.723+0000][1][safepoint    ] Entering safepoint region: RevokeBias
[2022-06-13T02:31:41.724+0000][1][safepoint    ] Leaving safepoint region
[2022-06-13T02:31:41.724+0000][1][safepoint    ] Total time for which application threads were stopped: 0.0007909 seconds, Stopping threads took: 0.0003746 seconds
[2022-06-13T02:31:41.725+0000][1][safepoint    ] Application time: 0.0003828 seconds
[2022-06-13T02:31:41.725+0000][1][safepoint    ] Entering safepoint region: RevokeBias
[2022-06-13T02:31:41.726+0000][1][safepoint    ] Leaving safepoint region
[2022-06-13T02:31:41.726+0000][1][safepoint    ] Total time for which application threads were stopped: 0.0008213 seconds, Stopping threads took: 0.0003604 seconds
[2022-06-13T02:31:41.727+0000][1][safepoint    ] Application time: 0.0001130 seconds
[2022-06-13T02:31:41.727+0000][1][safepoint    ] Entering safepoint region: RevokeBias
[2022-06-13T02:31:41.727+0000][1][safepoint    ] Leaving safepoint region
[2022-06-13T02:31:41.728+0000][1][safepoint    ] Total time for which application threads were stopped: 0.0007507 seconds, Stopping threads took: 0.0004122 seconds
[2022-06-13T02:31:41.728+0000][1][safepoint    ] Application time: 0.0002567 seconds
[2022-06-13T02:31:41.729+0000][1][safepoint    ] Entering safepoint region: RevokeBias
[2022-06-13T02:31:41.729+0000][1][safepoint    ] Leaving safepoint region
[2022-06-13T02:31:41.730+0000][1][safepoint    ] Total time for which application threads were stopped: 0.0007780 seconds, Stopping threads took: 0.0004515 seconds
[2022-06-13T02:31:41.730+0000][1][safepoint    ] Application time: 0.0001762 seconds
[2022-06-13T02:31:41.730+0000][1][safepoint    ] Entering safepoint region: RevokeBias
[2022-06-13T02:31:41.731+0000][1][safepoint    ] Leaving safepoint region
[2022-06-13T02:31:41.731+0000][1][safepoint    ] Total time for which application threads were stopped: 0.0006097 seconds, Stopping threads took: 0.0003211 seconds
[2022-06-13T02:31:41.731+0000][1][safepoint    ] Application time: 0.0002189 seconds
[2022-06-13T02:31:41.732+0000][1][safepoint    ] Entering safepoint region: RevokeBias
[2022-06-13T02:31:41.732+0000][1][safepoint    ] Leaving safepoint region
[2022-06-13T02:31:41.733+0000][1][safepoint    ] Total time for which application threads were stopped: 0.0009138 seconds, Stopping threads took: 0.0005036 seconds
[2022-06-13T02:31:41.733+0000][1][safepoint    ] Application time: 0.0002536 seconds
[2022-06-13T02:31:41.734+0000][1][safepoint    ] Entering safepoint region: RevokeBias
[2022-06-13T02:31:41.734+0000][1][safepoint    ] Leaving safepoint region
[2022-06-13T02:31:41.734+0000][1][safepoint    ] Total time for which application threads were stopped: 0.0006798 seconds, Stopping threads took: 0.0002181 seconds
[2022-06-13T02:31:42.303+0000][1][safepoint    ] Application time: 0.5679603 seconds
[2022-06-13T02:31:42.303+0000][1][safepoint    ] Entering safepoint region: RevokeBias
[2022-06-13T02:31:42.303+0000][1][safepoint    ] Leaving safepoint region
[2022-06-13T02:31:42.304+0000][1][safepoint    ] Total time for which application threads were stopped: 0.0006651 seconds, Stopping threads took: 0.0003508 seconds
[2022-06-13T02:31:42.304+0000][1][safepoint    ] Application time: 0.0002107 seconds
[2022-06-13T02:31:42.304+0000][1][safepoint    ] Entering safepoint region: RevokeBias
[2022-06-13T02:31:42.305+0000][1][safepoint    ] Leaving safepoint region
[2022-06-13T02:31:42.305+0000][1][safepoint    ] Total time for which application threads were stopped: 0.0008487 seconds, Stopping threads took: 0.0004291 seconds
[2022-06-13T02:31:43.306+0000][1][safepoint    ] Application time: 1.0003990 seconds
[2022-06-13T02:31:43.307+0000][1][safepoint    ] Entering safepoint region: Cleanup
[2022-06-13T02:31:43.308+0000][1][safepoint    ] Leaving safepoint region
[2022-06-13T02:31:43.308+0000][1][safepoint    ] Total time for which application threads were stopped: 0.0012415 seconds, Stopping threads took: 0.0005550 seconds
[2022-06-13T02:31:44.309+0000][1][safepoint    ] Application time: 1.0001537 seconds
[2022-06-13T02:31:44.310+0000][1][safepoint    ] Entering safepoint region: Cleanup
[2022-06-13T02:31:44.310+0000][1][safepoint    ] Leaving safepoint region
[2022-06-13T02:31:44.310+0000][1][safepoint    ] Total time for which application threads were stopped: 0.0007153 seconds, Stopping threads took: 0.0003405 seconds
[2022-06-13T02:31:44.723+0000][1][safepoint    ] Application time: 0.4121878 seconds
[2022-06-13T02:31:44.723+0000][1][safepoint    ] Entering safepoint region: RevokeBias
[2022-06-13T02:31:44.724+0000][1][safepoint    ] Leaving safepoint region
[2022-06-13T02:31:44.724+0000][1][safepoint    ] Total time for which application threads were stopped: 0.0012923 seconds, Stopping threads took: 0.0006467 seconds
[2022-06-13T02:31:44.725+0000][1][safepoint    ] Application time: 0.0004930 seconds
[2022-06-13T02:31:44.726+0000][1][safepoint    ] Entering safepoint region: RevokeBias
[2022-06-13T02:31:44.726+0000][1][safepoint    ] Leaving safepoint region
[2022-06-13T02:31:44.727+0000][1][safepoint    ] Total time for which application threads were stopped: 0.0008505 seconds, Stopping threads took: 0.0004339 seconds
[2022-06-13T02:31:45.724+0000][1][safepoint    ] Application time: 0.9967999 seconds
[2022-06-13T02:31:45.724+0000][1][safepoint    ] Entering safepoint region: RevokeBias
[2022-06-13T02:31:45.725+0000][1][safepoint    ] Leaving safepoint region
[2022-06-13T02:31:45.725+0000][1][safepoint    ] Total time for which application threads were stopped: 0.0007602 seconds, Stopping threads took: 0.0004024 seconds
[2022-06-13T02:31:45.726+0000][1][safepoint    ] Application time: 0.0004883 seconds
[2022-06-13T02:31:45.726+0000][1][safepoint    ] Entering safepoint region: RevokeBias
[2022-06-13T02:31:45.727+0000][1][safepoint    ] Leaving safepoint region
[2022-06-13T02:31:45.727+0000][1][safepoint    ] Total time for which application threads were stopped: 0.0006358 seconds, Stopping threads took: 0.0002764 seconds
[2022-06-13T02:31:45.727+0000][1][safepoint    ] Application time: 0.0001379 seconds
[2022-06-13T02:31:45.728+0000][1][safepoint    ] Entering safepoint region: RevokeBias
[2022-06-13T02:31:45.728+0000][1][safepoint    ] Leaving safepoint region
[2022-06-13T02:31:45.728+0000][1][safepoint    ] Total time for which application threads were stopped: 0.0007852 seconds, Stopping threads took: 0.0004546 seconds
[2022-06-13T02:31:45.729+0000][1][safepoint    ] Application time: 0.0002097 seconds
[2022-06-13T02:31:45.730+0000][1][safepoint    ] Entering safepoint region: RevokeBias
[2022-06-13T02:31:45.730+0000][1][safepoint    ] Leaving safepoint region
[2022-06-13T02:31:45.730+0000][1][safepoint    ] Total time for which application threads were stopped: 0.0006305 seconds, Stopping threads took: 0.0002757 seconds
[2022-06-13T02:31:45.731+0000][1][safepoint    ] Application time: 0.0001548 seconds
[2022-06-13T02:31:45.731+0000][1][safepoint    ] Entering safepoint region: RevokeBias
[2022-06-13T02:31:45.731+0000][1][safepoint    ] Leaving safepoint region
[2022-06-13T02:31:45.732+0000][1][safepoint    ] Total time for which application threads were stopped: 0.0008482 seconds, Stopping threads took: 0.0004316 seconds
[2022-06-13T02:31:45.732+0000][1][safepoint    ] Application time: 0.0002858 seconds
[2022-06-13T02:31:45.733+0000][1][safepoint    ] Entering safepoint region: RevokeBias
[2022-06-13T02:31:45.734+0000][1][safepoint    ] Leaving safepoint region
[2022-06-13T02:31:45.734+0000][1][safepoint    ] Total time for which application threads were stopped: 0.0010234 seconds, Stopping threads took: 0.0006154 seconds
[2022-06-13T02:31:45.735+0000][1][safepoint    ] Application time: 0.0003747 seconds
[2022-06-13T02:31:45.735+0000][1][safepoint    ] Entering safepoint region: RevokeBias
[2022-06-13T02:31:45.735+0000][1][safepoint    ] Leaving safepoint region
[2022-06-13T02:31:45.736+0000][1][safepoint    ] Total time for which application threads were stopped: 0.0007013 seconds, Stopping threads took: 0.0003395 seconds
[2022-06-13T02:31:46.736+0000][1][safepoint    ] Application time: 1.0001374 seconds
[2022-06-13T02:31:46.737+0000][1][safepoint    ] Entering safepoint region: Cleanup
[2022-06-13T02:31:46.737+0000][1][safepoint    ] Leaving safepoint region
[2022-06-13T02:31:46.737+0000][1][safepoint    ] Total time for which application threads were stopped: 0.0007497 seconds, Stopping threads took: 0.0003132 seconds
[2022-06-13T02:31:47.738+0000][1][safepoint    ] Application time: 1.0002529 seconds
[2022-06-13T02:31:47.738+0000][1][safepoint    ] Entering safepoint region: Cleanup
[2022-06-13T02:31:47.739+0000][1][safepoint    ] Leaving safepoint region
[2022-06-13T02:31:47.739+0000][1][safepoint    ] Total time for which application threads were stopped: 0.0003937 seconds, Stopping threads took: 0.0001956 seconds
[2022-06-13T02:31:48.724+0000][1][safepoint    ] Application time: 0.9849194 seconds
[2022-06-13T02:31:48.724+0000][1][safepoint    ] Entering safepoint region: RevokeBias
[2022-06-13T02:31:48.725+0000][1][safepoint    ] Leaving safepoint region
[2022-06-13T02:31:48.725+0000][1][safepoint    ] Total time for which application threads were stopped: 0.0010502 seconds, Stopping threads took: 0.0005140 seconds
[2022-06-13T02:31:48.726+0000][1][safepoint    ] Application time: 0.0004019 seconds
[2022-06-13T02:31:48.727+0000][1][safepoint    ] Entering safepoint region: RevokeBias
[2022-06-13T02:31:48.727+0000][1][safepoint    ] Leaving safepoint region
[2022-06-13T02:31:48.727+0000][1][safepoint    ] Total time for which application threads were stopped: 0.0007490 seconds, Stopping threads took: 0.0003604 seconds
[2022-06-13T02:31:49.725+0000][1][safepoint    ] Application time: 0.9975693 seconds
[2022-06-13T02:31:49.726+0000][1][safepoint    ] Entering safepoint region: RevokeBias
[2022-06-13T02:31:49.727+0000][1][safepoint    ] Leaving safepoint region
[2022-06-13T02:31:49.727+0000][1][safepoint    ] Total time for which application threads were stopped: 0.0010928 seconds, Stopping threads took: 0.0003418 seconds
[2022-06-13T02:31:49.728+0000][1][safepoint    ] Application time: 0.0008365 seconds
[2022-06-13T02:31:49.728+0000][1][safepoint    ] Entering safepoint region: RevokeBias
[2022-06-13T02:31:49.729+0000][1][safepoint    ] Leaving safepoint region
[2022-06-13T02:31:49.729+0000][1][safepoint    ] Total time for which application threads were stopped: 0.0011676 seconds, Stopping threads took: 0.0004721 seconds
[2022-06-13T02:31:49.730+0000][1][safepoint    ] Application time: 0.0002170 seconds
[2022-06-13T02:31:49.731+0000][1][safepoint    ] Entering safepoint region: RevokeBias
[2022-06-13T02:31:49.731+0000][1][safepoint    ] Leaving safepoint region
[2022-06-13T02:31:49.731+0000][1][safepoint    ] Total time for which application threads were stopped: 0.0006622 seconds, Stopping threads took: 0.0003059 seconds
[2022-06-13T02:31:49.732+0000][1][safepoint    ] Application time: 0.0003211 seconds
[2022-06-13T02:31:49.732+0000][1][safepoint    ] Entering safepoint region: RevokeBias
[2022-06-13T02:31:49.733+0000][1][safepoint    ] Leaving safepoint region
[2022-06-13T02:31:49.733+0000][1][safepoint    ] Total time for which application threads were stopped: 0.0006124 seconds, Stopping threads took: 0.0002978 seconds
[2022-06-13T02:31:49.734+0000][1][safepoint    ] Application time: 0.0003666 seconds
[2022-06-13T02:31:49.734+0000][1][safepoint    ] Entering safepoint region: RevokeBias
[2022-06-13T02:31:49.734+0000][1][safepoint    ] Leaving safepoint region
[2022-06-13T02:31:49.734+0000][1][safepoint    ] Total time for which application threads were stopped: 0.0005172 seconds, Stopping threads took: 0.0001818 seconds
[2022-06-13T02:31:49.735+0000][1][safepoint    ] Application time: 0.0001798 seconds
[2022-06-13T02:31:49.735+0000][1][safepoint    ] Entering safepoint region: BulkRevokeBias
[2022-06-13T02:31:49.735+0000][1][safepoint    ] Leaving safepoint region
[2022-06-13T02:31:49.736+0000][1][safepoint    ] Total time for which application threads were stopped: 0.0006176 seconds, Stopping threads took: 0.0001528 seconds
[2022-06-13T02:31:50.736+0000][1][safepoint    ] Application time: 1.0001767 seconds
[2022-06-13T02:31:50.737+0000][1][safepoint    ] Entering safepoint region: Cleanup
[2022-06-13T02:31:50.737+0000][1][safepoint    ] Leaving safepoint region
[2022-06-13T02:31:50.737+0000][1][safepoint    ] Total time for which application threads were stopped: 0.0007366 seconds, Stopping threads took: 0.0003358 seconds
[2022-06-13T02:31:51.738+0000][1][safepoint    ] Application time: 1.0001881 seconds
[2022-06-13T02:31:51.738+0000][1][safepoint    ] Entering safepoint region: Cleanup
[2022-06-13T02:31:51.739+0000][1][safepoint    ] Leaving safepoint region
[2022-06-13T02:31:51.739+0000][1][safepoint    ] Total time for which application threads were stopped: 0.0006356 seconds, Stopping threads took: 0.0002936 seconds
[2022-06-13T02:31:52.726+0000][1][safepoint    ] Application time: 0.9864625 seconds
[2022-06-13T02:31:52.726+0000][1][safepoint    ] Entering safepoint region: RevokeBias
[2022-06-13T02:31:52.727+0000][1][safepoint    ] Leaving safepoint region
[2022-06-13T02:31:52.727+0000][1][safepoint    ] Total time for which application threads were stopped: 0.0011939 seconds, Stopping threads took: 0.0006003 seconds
[2022-06-13T02:31:52.728+0000][1][safepoint    ] Application time: 0.0002341 seconds
[2022-06-13T02:31:52.729+0000][1][safepoint    ] Entering safepoint region: RevokeBias
[2022-06-13T02:31:52.729+0000][1][safepoint    ] Leaving safepoint region
[2022-06-13T02:31:52.729+0000][1][safepoint    ] Total time for which application threads were stopped: 0.0010883 seconds, Stopping threads took: 0.0006656 seconds
[2022-06-13T02:31:52.731+0000][1][safepoint    ] Application time: 0.0006299 seconds
[2022-06-13T02:31:52.731+0000][1][safepoint    ] Entering safepoint region: BulkRevokeBias
[2022-06-13T02:31:52.732+0000][1][safepoint    ] Leaving safepoint region
[2022-06-13T02:31:52.732+0000][1][safepoint    ] Total time for which application threads were stopped: 0.0014172 seconds, Stopping threads took: 0.0005233 seconds
[2022-06-13T02:31:53.727+0000][1][safepoint    ] Application time: 0.9938398 seconds
[2022-06-13T02:31:53.727+0000][1][safepoint    ] Entering safepoint region: RevokeBias
[2022-06-13T02:31:53.728+0000][1][safepoint    ] Leaving safepoint region
[2022-06-13T02:31:53.728+0000][1][safepoint    ] Total time for which application threads were stopped: 0.0005076 seconds, Stopping threads took: 0.0002616 seconds
[2022-06-13T02:31:53.729+0000][1][safepoint    ] Application time: 0.0006080 seconds
[2022-06-13T02:31:53.729+0000][1][safepoint    ] Entering safepoint region: RevokeBias
[2022-06-13T02:31:53.729+0000][1][safepoint    ] Leaving safepoint region
[2022-06-13T02:31:53.729+0000][1][safepoint    ] Total time for which application threads were stopped: 0.0004413 seconds, Stopping threads took: 0.0001362 seconds
[2022-06-13T02:31:53.730+0000][1][safepoint    ] Application time: 0.0004127 seconds
[2022-06-13T02:31:53.730+0000][1][safepoint    ] Entering safepoint region: RevokeBias
[2022-06-13T02:31:53.730+0000][1][safepoint    ] Leaving safepoint region
[2022-06-13T02:31:53.731+0000][1][safepoint    ] Total time for which application threads were stopped: 0.0004982 seconds, Stopping threads took: 0.0003186 seconds
[2022-06-13T02:31:53.731+0000][1][safepoint    ] Application time: 0.0004306 seconds
[2022-06-13T02:31:53.732+0000][1][safepoint    ] Entering safepoint region: RevokeBias
[2022-06-13T02:31:53.732+0000][1][safepoint    ] Leaving safepoint region
[2022-06-13T02:31:53.732+0000][1][safepoint    ] Total time for which application threads were stopped: 0.0006167 seconds, Stopping threads took: 0.0003407 seconds
[2022-06-13T02:31:54.733+0000][1][safepoint    ] Application time: 1.0001706 seconds
[2022-06-13T02:31:54.733+0000][1][safepoint    ] Entering safepoint region: Cleanup
[2022-06-13T02:31:54.734+0000][1][safepoint    ] Leaving safepoint region
[2022-06-13T02:31:54.734+0000][1][safepoint    ] Total time for which application threads were stopped: 0.0010318 seconds, Stopping threads took: 0.0003706 seconds
[2022-06-13T02:31:55.735+0000][1][safepoint    ] Application time: 1.0002425 seconds
[2022-06-13T02:31:55.736+0000][1][safepoint    ] Entering safepoint region: Cleanup
[2022-06-13T02:31:55.737+0000][1][safepoint    ] Leaving safepoint region
[2022-06-13T02:31:55.737+0000][1][safepoint    ] Total time for which application threads were stopped: 0.0010965 seconds, Stopping threads took: 0.0005058 seconds
[2022-06-13T02:31:56.727+0000][1][safepoint    ] Application time: 0.9898881 seconds
[2022-06-13T02:31:56.728+0000][1][safepoint    ] Entering safepoint region: RevokeBias
[2022-06-13T02:31:56.729+0000][1][safepoint    ] Leaving safepoint region
[2022-06-13T02:31:56.729+0000][1][safepoint    ] Total time for which application threads were stopped: 0.0010772 seconds, Stopping threads took: 0.0003791 seconds
[2022-06-13T02:31:56.730+0000][1][safepoint    ] Application time: 0.0007217 seconds
[2022-06-13T02:31:56.730+0000][1][safepoint    ] Entering safepoint region: RevokeBias
[2022-06-13T02:31:56.731+0000][1][safepoint    ] Leaving safepoint region
[2022-06-13T02:31:56.731+0000][1][safepoint    ] Total time for which application threads were stopped: 0.0006802 seconds, Stopping threads took: 0.0002321 seconds
[2022-06-13T02:31:57.730+0000][1][safepoint    ] Application time: 0.9981280 seconds
[2022-06-13T02:31:57.730+0000][1][safepoint    ] Entering safepoint region: RevokeBias
[2022-06-13T02:31:57.730+0000][1][safepoint    ] Leaving safepoint region
[2022-06-13T02:31:57.731+0000][1][safepoint    ] Total time for which application threads were stopped: 0.0008628 seconds, Stopping threads took: 0.0004661 seconds
[2022-06-13T02:31:57.731+0000][1][safepoint    ] Application time: 0.0004289 seconds
[2022-06-13T02:31:57.732+0000][1][safepoint    ] Entering safepoint region: RevokeBias
[2022-06-13T02:31:57.732+0000][1][safepoint    ] Leaving safepoint region
[2022-06-13T02:31:57.732+0000][1][safepoint    ] Total time for which application threads were stopped: 0.0008340 seconds, Stopping threads took: 0.0004056 seconds
[2022-06-13T02:31:57.733+0000][1][safepoint    ] Application time: 0.0006717 seconds
[2022-06-13T02:31:57.734+0000][1][safepoint    ] Entering safepoint region: RevokeBias
[2022-06-13T02:31:57.734+0000][1][safepoint    ] Leaving safepoint region
[2022-06-13T02:31:57.735+0000][1][safepoint    ] Total time for which application threads were stopped: 0.0008080 seconds, Stopping threads took: 0.0003877 seconds
[2022-06-13T02:31:58.735+0000][1][safepoint    ] Application time: 1.0001933 seconds
[2022-06-13T02:31:58.736+0000][1][safepoint    ] Entering safepoint region: Cleanup
[2022-06-13T02:31:58.736+0000][1][safepoint    ] Leaving safepoint region
[2022-06-13T02:31:58.737+0000][1][safepoint    ] Total time for which application threads were stopped: 0.0011557 seconds, Stopping threads took: 0.0005714 seconds
[2022-06-13T02:31:59.737+0000][1][safepoint    ] Application time: 1.0001315 seconds
[2022-06-13T02:31:59.738+0000][1][safepoint    ] Entering safepoint region: Cleanup
[2022-06-13T02:31:59.738+0000][1][safepoint    ] Leaving safepoint region
[2022-06-13T02:31:59.738+0000][1][safepoint    ] Total time for which application threads were stopped: 0.0006043 seconds, Stopping threads took: 0.0003746 seconds
[2022-06-13T02:32:00.729+0000][1][safepoint    ] Application time: 0.9909122 seconds
[2022-06-13T02:32:00.730+0000][1][safepoint    ] Entering safepoint region: RevokeBias
[2022-06-13T02:32:00.730+0000][1][safepoint    ] Leaving safepoint region
[2022-06-13T02:32:00.731+0000][1][safepoint    ] Total time for which application threads were stopped: 0.0007547 seconds, Stopping threads took: 0.0003964 seconds
[2022-06-13T02:32:01.731+0000][1][safepoint    ] Application time: 1.0004691 seconds
[2022-06-13T02:32:01.732+0000][1][safepoint    ] Entering safepoint region: RevokeBias
[2022-06-13T02:32:01.733+0000][1][safepoint    ] Leaving safepoint region
[2022-06-13T02:32:01.733+0000][1][safepoint    ] Total time for which application threads were stopped: 0.0014314 seconds, Stopping threads took: 0.0006063 seconds
[2022-06-13T02:32:01.735+0000][1][safepoint    ] Application time: 0.0007873 seconds
[2022-06-13T02:32:01.735+0000][1][safepoint    ] Entering safepoint region: RevokeBias
[2022-06-13T02:32:01.736+0000][1][safepoint    ] Leaving safepoint region
[2022-06-13T02:32:01.737+0000][1][safepoint    ] Total time for which application threads were stopped: 0.0012750 seconds, Stopping threads took: 0.0006027 seconds
[2022-06-13T02:32:01.738+0000][1][safepoint    ] Application time: 0.0006922 seconds
[2022-06-13T02:32:01.739+0000][1][safepoint    ] Entering safepoint region: RevokeBias
[2022-06-13T02:32:01.739+0000][1][safepoint    ] Leaving safepoint region
[2022-06-13T02:32:01.740+0000][1][safepoint    ] Total time for which application threads were stopped: 0.0017207 seconds, Stopping threads took: 0.0010034 seconds
[2022-06-13T02:32:01.742+0000][1][safepoint    ] Application time: 0.0011848 seconds
[2022-06-13T02:32:01.743+0000][1][safepoint    ] Entering safepoint region: RevokeBias
[2022-06-13T02:32:01.743+0000][1][safepoint    ] Leaving safepoint region
[2022-06-13T02:32:01.744+0000][1][safepoint    ] Total time for which application threads were stopped: 0.0012998 seconds, Stopping threads took: 0.0005331 seconds
[2022-06-13T02:32:02.745+0000][1][safepoint    ] Application time: 1.0001563 seconds
[2022-06-13T02:32:02.745+0000][1][safepoint    ] Entering safepoint region: Cleanup
[2022-06-13T02:32:02.746+0000][1][safepoint    ] Leaving safepoint region
[2022-06-13T02:32:02.746+0000][1][safepoint    ] Total time for which application threads were stopped: 0.0010950 seconds, Stopping threads took: 0.0004801 seconds
[2022-06-13T02:32:03.744+0000][1][safepoint    ] Application time: 0.9975368 seconds
[2022-06-13T02:32:03.745+0000][1][safepoint    ] Entering safepoint region: RevokeBias
[2022-06-13T02:32:03.745+0000][1][safepoint    ] Leaving safepoint region
[2022-06-13T02:32:03.745+0000][1][safepoint    ] Total time for which application threads were stopped: 0.0004974 seconds, Stopping threads took: 0.0002488 seconds
[2022-06-13T02:32:03.746+0000][1][safepoint    ] Application time: 0.0002658 seconds
[2022-06-13T02:32:03.746+0000][1][safepoint    ] Entering safepoint region: RevokeBias
[2022-06-13T02:32:03.746+0000][1][safepoint    ] Leaving safepoint region
[2022-06-13T02:32:03.746+0000][1][safepoint    ] Total time for which application threads were stopped: 0.0003670 seconds, Stopping threads took: 0.0001701 seconds
[2022-06-13T02:32:03.748+0000][1][safepoint    ] Application time: 0.0013892 seconds
[2022-06-13T02:32:03.748+0000][1][safepoint    ] Entering safepoint region: RevokeBias
[2022-06-13T02:32:03.748+0000][1][safepoint    ] Leaving safepoint region
[2022-06-13T02:32:03.748+0000][1][safepoint    ] Total time for which application threads were stopped: 0.0003359 seconds, Stopping threads took: 0.0001575 seconds
[2022-06-13T02:32:03.748+0000][1][safepoint    ] Application time: 0.0001461 seconds
[2022-06-13T02:32:03.748+0000][1][safepoint    ] Entering safepoint region: RevokeBias
[2022-06-13T02:32:03.749+0000][1][safepoint    ] Leaving safepoint region
[2022-06-13T02:32:03.749+0000][1][safepoint    ] Total time for which application threads were stopped: 0.0003818 seconds, Stopping threads took: 0.0001562 seconds
[2022-06-13T02:32:04.732+0000][1][safepoint    ] Application time: 0.9827548 seconds
[2022-06-13T02:32:04.732+0000][1][safepoint    ] Entering safepoint region: RevokeBias
[2022-06-13T02:32:04.733+0000][1][safepoint    ] Leaving safepoint region
[2022-06-13T02:32:04.734+0000][1][safepoint    ] Total time for which application threads were stopped: 0.0013635 seconds, Stopping threads took: 0.0007545 seconds
[2022-06-13T02:32:04.735+0000][1][safepoint    ] Application time: 0.0010782 seconds
[2022-06-13T02:32:04.735+0000][1][safepoint    ] Entering safepoint region: RevokeBias
[2022-06-13T02:32:04.736+0000][1][safepoint    ] Leaving safepoint region
[2022-06-13T02:32:04.736+0000][1][safepoint    ] Total time for which application threads were stopped: 0.0009941 seconds, Stopping threads took: 0.0003184 seconds
[2022-06-13T02:32:05.733+0000][1][safepoint    ] Application time: 0.9957097 seconds
[2022-06-13T02:32:05.733+0000][1][safepoint    ] Entering safepoint region: RevokeBias
[2022-06-13T02:32:05.733+0000][1][safepoint    ] Leaving safepoint region
[2022-06-13T02:32:05.733+0000][1][safepoint    ] Total time for which application threads were stopped: 0.0005671 seconds, Stopping threads took: 0.0003321 seconds
[2022-06-13T02:32:05.734+0000][1][safepoint    ] Application time: 0.0004928 seconds
[2022-06-13T02:32:05.734+0000][1][safepoint    ] Entering safepoint region: RevokeBias
[2022-06-13T02:32:05.735+0000][1][safepoint    ] Leaving safepoint region
[2022-06-13T02:32:05.735+0000][1][safepoint    ] Total time for which application threads were stopped: 0.0006882 seconds, Stopping threads took: 0.0001591 seconds
[2022-06-13T02:32:05.736+0000][1][safepoint    ] Application time: 0.0005262 seconds
[2022-06-13T02:32:05.736+0000][1][safepoint    ] Entering safepoint region: RevokeBias
[2022-06-13T02:32:05.737+0000][1][safepoint    ] Leaving safepoint region
[2022-06-13T02:32:05.737+0000][1][safepoint    ] Total time for which application threads were stopped: 0.0009232 seconds, Stopping threads took: 0.0004605 seconds
[2022-06-13T02:32:06.738+0000][1][safepoint    ] Application time: 1.0001962 seconds
[2022-06-13T02:32:06.738+0000][1][safepoint    ] Entering safepoint region: Cleanup
[2022-06-13T02:32:06.738+0000][1][safepoint    ] Leaving safepoint region
[2022-06-13T02:32:06.739+0000][1][safepoint    ] Total time for which application threads were stopped: 0.0006244 seconds, Stopping threads took: 0.0002784 seconds
[2022-06-13T02:32:07.739+0000][1][safepoint    ] Application time: 1.0001654 seconds
[2022-06-13T02:32:07.740+0000][1][safepoint    ] Entering safepoint region: Cleanup
[2022-06-13T02:32:07.740+0000][1][safepoint    ] Leaving safepoint region
[2022-06-13T02:32:07.741+0000][1][safepoint    ] Total time for which application threads were stopped: 0.0010560 seconds, Stopping threads took: 0.0004559 seconds
[2022-06-13T02:32:08.733+0000][1][safepoint    ] Application time: 0.9921880 seconds
[2022-06-13T02:32:08.734+0000][1][safepoint    ] Entering safepoint region: RevokeBias
[2022-06-13T02:32:08.734+0000][1][safepoint    ] Leaving safepoint region
[2022-06-13T02:32:08.735+0000][1][safepoint    ] Total time for which application threads were stopped: 0.0011868 seconds, Stopping threads took: 0.0005752 seconds
[2022-06-13T02:32:08.736+0000][1][safepoint    ] Application time: 0.0006326 seconds
[2022-06-13T02:32:08.736+0000][1][safepoint    ] Entering safepoint region: RevokeBias
[2022-06-13T02:32:08.737+0000][1][safepoint    ] Leaving safepoint region
[2022-06-13T02:32:08.737+0000][1][safepoint    ] Total time for which application threads were stopped: 0.0008440 seconds, Stopping threads took: 0.0003660 seconds
[2022-06-13T02:32:09.734+0000][1][safepoint    ] Application time: 0.9966531 seconds
[2022-06-13T02:32:09.735+0000][1][safepoint    ] Entering safepoint region: RevokeBias
[2022-06-13T02:32:09.736+0000][1][safepoint    ] Leaving safepoint region
[2022-06-13T02:32:09.737+0000][1][safepoint    ] Total time for which application threads were stopped: 0.0016080 seconds, Stopping threads took: 0.0005405 seconds
[2022-06-13T02:32:09.738+0000][1][safepoint    ] Application time: 0.0007894 seconds
[2022-06-13T02:32:09.738+0000][1][safepoint    ] Entering safepoint region: BulkRevokeBias
[2022-06-13T02:32:09.739+0000][1][safepoint    ] Leaving safepoint region
[2022-06-13T02:32:09.740+0000][1][safepoint    ] Total time for which application threads were stopped: 0.0014536 seconds, Stopping threads took: 0.0005134 seconds
[2022-06-13T02:32:10.740+0000][1][safepoint    ] Application time: 1.0001392 seconds
[2022-06-13T02:32:10.740+0000][1][safepoint    ] Entering safepoint region: Cleanup
[2022-06-13T02:32:10.741+0000][1][safepoint    ] Leaving safepoint region
[2022-06-13T02:32:10.741+0000][1][safepoint    ] Total time for which application threads were stopped: 0.0004307 seconds, Stopping threads took: 0.0001674 seconds
[2022-06-13T02:32:11.741+0000][1][safepoint    ] Application time: 1.0002149 seconds
[2022-06-13T02:32:11.741+0000][1][safepoint    ] Entering safepoint region: Cleanup
[2022-06-13T02:32:11.742+0000][1][safepoint    ] Leaving safepoint region
[2022-06-13T02:32:11.742+0000][1][safepoint    ] Total time for which application threads were stopped: 0.0006566 seconds, Stopping threads took: 0.0002928 seconds
[2022-06-13T02:32:12.735+0000][1][safepoint    ] Application time: 0.9925190 seconds
[2022-06-13T02:32:12.735+0000][1][safepoint    ] Entering safepoint region: RevokeBias
[2022-06-13T02:32:12.737+0000][1][safepoint    ] Leaving safepoint region
[2022-06-13T02:32:12.737+0000][1][safepoint    ] Total time for which application threads were stopped: 0.0019963 seconds, Stopping threads took: 0.0003027 seconds
[2022-06-13T02:32:13.738+0000][1][safepoint    ] Application time: 1.0001232 seconds
[2022-06-13T02:32:13.739+0000][1][safepoint    ] Entering safepoint region: Cleanup
[2022-06-13T02:32:13.739+0000][1][safepoint    ] Leaving safepoint region
[2022-06-13T02:32:13.740+0000][1][safepoint    ] Total time for which application threads were stopped: 0.0009640 seconds, Stopping threads took: 0.0004951 seconds
[2022-06-13T02:32:14.740+0000][1][safepoint    ] Application time: 1.0002216 seconds
[2022-06-13T02:32:14.740+0000][1][safepoint    ] Entering safepoint region: Cleanup
[2022-06-13T02:32:14.741+0000][1][safepoint    ] Leaving safepoint region
[2022-06-13T02:32:14.741+0000][1][safepoint    ] Total time for which application threads were stopped: 0.0007456 seconds, Stopping threads took: 0.0003955 seconds
[2022-06-13T02:32:15.741+0000][1][safepoint    ] Application time: 1.0001373 seconds
[2022-06-13T02:32:15.742+0000][1][safepoint    ] Entering safepoint region: Cleanup
[2022-06-13T02:32:15.742+0000][1][safepoint    ] Leaving safepoint region
[2022-06-13T02:32:15.743+0000][1][safepoint    ] Total time for which application threads were stopped: 0.0006425 seconds, Stopping threads took: 0.0002838 seconds
[2022-06-13T02:32:16.737+0000][1][safepoint    ] Application time: 0.9939774 seconds
[2022-06-13T02:32:16.738+0000][1][safepoint    ] Entering safepoint region: RevokeBias
[2022-06-13T02:32:16.738+0000][1][safepoint    ] Leaving safepoint region
[2022-06-13T02:32:16.739+0000][1][safepoint    ] Total time for which application threads were stopped: 0.0014298 seconds, Stopping threads took: 0.0009016 seconds
[2022-06-13T02:32:17.739+0000][1][safepoint    ] Application time: 1.0001414 seconds
[2022-06-13T02:32:17.739+0000][1][safepoint    ] Entering safepoint region: Cleanup
[2022-06-13T02:32:17.740+0000][1][safepoint    ] Leaving safepoint region
[2022-06-13T02:32:17.740+0000][1][safepoint    ] Total time for which application threads were stopped: 0.0008916 seconds, Stopping threads took: 0.0003475 seconds
[2022-06-13T02:32:18.741+0000][1][safepoint    ] Application time: 1.0001332 seconds
[2022-06-13T02:32:18.741+0000][1][safepoint    ] Entering safepoint region: Cleanup
[2022-06-13T02:32:18.742+0000][1][safepoint    ] Leaving safepoint region
[2022-06-13T02:32:18.743+0000][1][safepoint    ] Total time for which application threads were stopped: 0.0011643 seconds, Stopping threads took: 0.0004999 seconds
[2022-06-13T02:32:19.743+0000][1][safepoint    ] Application time: 1.0002183 seconds
[2022-06-13T02:32:19.744+0000][1][safepoint    ] Entering safepoint region: Cleanup
[2022-06-13T02:32:19.744+0000][1][safepoint    ] Leaving safepoint region
[2022-06-13T02:32:19.744+0000][1][safepoint    ] Total time for which application threads were stopped: 0.0008783 seconds, Stopping threads took: 0.0004838 seconds
[2022-06-13T02:32:20.745+0000][1][safepoint    ] Application time: 1.0001721 seconds
[2022-06-13T02:32:20.745+0000][1][safepoint    ] Entering safepoint region: Cleanup
[2022-06-13T02:32:20.746+0000][1][safepoint    ] Leaving safepoint region
[2022-06-13T02:32:20.746+0000][1][safepoint    ] Total time for which application threads were stopped: 0.0006849 seconds, Stopping threads took: 0.0002577 seconds
[2022-06-13T02:32:21.746+0000][1][safepoint    ] Application time: 1.0001109 seconds
[2022-06-13T02:32:21.747+0000][1][safepoint    ] Entering safepoint region: Cleanup
[2022-06-13T02:32:21.747+0000][1][safepoint    ] Leaving safepoint region
[2022-06-13T02:32:21.748+0000][1][safepoint    ] Total time for which application threads were stopped: 0.0009741 seconds, Stopping threads took: 0.0005001 seconds
[2022-06-13T02:32:22.748+0000][1][safepoint    ] Application time: 1.0002563 seconds
[2022-06-13T02:32:22.749+0000][1][safepoint    ] Entering safepoint region: Cleanup
[2022-06-13T02:32:22.749+0000][1][safepoint    ] Leaving safepoint region
[2022-06-13T02:32:22.750+0000][1][safepoint    ] Total time for which application threads were stopped: 0.0008013 seconds, Stopping threads took: 0.0003978 seconds
[2022-06-13T02:32:23.750+0000][1][safepoint    ] Application time: 1.0001999 seconds
[2022-06-13T02:32:23.751+0000][1][safepoint    ] Entering safepoint region: Cleanup
[2022-06-13T02:32:23.751+0000][1][safepoint    ] Leaving safepoint region
[2022-06-13T02:32:23.751+0000][1][safepoint    ] Total time for which application threads were stopped: 0.0005870 seconds, Stopping threads took: 0.0002627 seconds
[2022-06-13T02:32:24.752+0000][1][safepoint    ] Application time: 1.0000902 seconds
[2022-06-13T02:32:24.752+0000][1][safepoint    ] Entering safepoint region: Cleanup
[2022-06-13T02:32:24.753+0000][1][safepoint    ] Leaving safepoint region
[2022-06-13T02:32:24.753+0000][1][safepoint    ] Total time for which application threads were stopped: 0.0007569 seconds, Stopping threads took: 0.0003739 seconds
[2022-06-13T02:32:25.753+0000][1][safepoint    ] Application time: 1.0001441 seconds
[2022-06-13T02:32:25.754+0000][1][safepoint    ] Entering safepoint region: Cleanup
[2022-06-13T02:32:25.754+0000][1][safepoint    ] Leaving safepoint region
[2022-06-13T02:32:25.754+0000][1][safepoint    ] Total time for which application threads were stopped: 0.0004139 seconds, Stopping threads took: 0.0002374 seconds
[2022-06-13T02:32:26.754+0000][1][safepoint    ] Application time: 1.0001873 seconds
[2022-06-13T02:32:26.755+0000][1][safepoint    ] Entering safepoint region: Cleanup
[2022-06-13T02:32:26.756+0000][1][safepoint    ] Leaving safepoint region
[2022-06-13T02:32:26.756+0000][1][safepoint    ] Total time for which application threads were stopped: 0.0007366 seconds, Stopping threads took: 0.0003299 seconds
[2022-06-13T02:32:27.756+0000][1][safepoint    ] Application time: 1.0001999 seconds
[2022-06-13T02:32:27.757+0000][1][safepoint    ] Entering safepoint region: Cleanup
[2022-06-13T02:32:27.758+0000][1][safepoint    ] Leaving safepoint region
[2022-06-13T02:32:27.758+0000][1][safepoint    ] Total time for which application threads were stopped: 0.0010809 seconds, Stopping threads took: 0.0004739 seconds
[2022-06-13T02:32:28.010+0000][1][safepoint    ] Application time: 0.2516085 seconds
[2022-06-13T02:32:28.011+0000][1][safepoint    ] Entering safepoint region: RevokeBias
[2022-06-13T02:32:28.011+0000][1][safepoint    ] Leaving safepoint region
[2022-06-13T02:32:28.011+0000][1][safepoint    ] Total time for which application threads were stopped: 0.0007764 seconds, Stopping threads took: 0.0004282 seconds
[2022-06-13T02:32:29.012+0000][1][safepoint    ] Application time: 1.0003608 seconds
[2022-06-13T02:32:29.013+0000][1][safepoint    ] Entering safepoint region: Cleanup
[2022-06-13T02:32:29.013+0000][1][safepoint    ] Leaving safepoint region
[2022-06-13T02:32:29.014+0000][1][safepoint    ] Total time for which application threads were stopped: 0.0008376 seconds, Stopping threads took: 0.0004461 seconds
[2022-06-13T02:32:30.014+0000][1][safepoint    ] Application time: 1.0001152 seconds
[2022-06-13T02:32:30.015+0000][1][safepoint    ] Entering safepoint region: Cleanup
[2022-06-13T02:32:30.015+0000][1][safepoint    ] Leaving safepoint region
[2022-06-13T02:32:30.015+0000][1][safepoint    ] Total time for which application threads were stopped: 0.0006790 seconds, Stopping threads took: 0.0003168 seconds
[2022-06-13T02:32:31.016+0000][1][safepoint    ] Application time: 1.0002559 seconds
[2022-06-13T02:32:31.017+0000][1][safepoint    ] Entering safepoint region: Cleanup
[2022-06-13T02:32:31.017+0000][1][safepoint    ] Leaving safepoint region
[2022-06-13T02:32:31.017+0000][1][safepoint    ] Total time for which application threads were stopped: 0.0009834 seconds, Stopping threads took: 0.0005473 seconds
[2022-06-13T02:32:32.018+0000][1][safepoint    ] Application time: 1.0001730 seconds
[2022-06-13T02:32:32.019+0000][1][safepoint    ] Entering safepoint region: Cleanup
[2022-06-13T02:32:32.019+0000][1][safepoint    ] Leaving safepoint region
[2022-06-13T02:32:32.020+0000][1][safepoint    ] Total time for which application threads were stopped: 0.0009998 seconds, Stopping threads took: 0.0005013 seconds
[2022-06-13T02:32:33.020+0000][1][safepoint    ] Application time: 1.0001745 seconds
[2022-06-13T02:32:33.021+0000][1][safepoint    ] Entering safepoint region: Cleanup
[2022-06-13T02:32:33.021+0000][1][safepoint    ] Leaving safepoint region
[2022-06-13T02:32:33.022+0000][1][safepoint    ] Total time for which application threads were stopped: 0.0010204 seconds, Stopping threads took: 0.0004432 seconds
[2022-06-13T02:32:34.022+0000][1][safepoint    ] Application time: 1.0001753 seconds
[2022-06-13T02:32:34.023+0000][1][safepoint    ] Entering safepoint region: Cleanup
[2022-06-13T02:32:34.023+0000][1][safepoint    ] Leaving safepoint region
[2022-06-13T02:32:34.024+0000][1][safepoint    ] Total time for which application threads were stopped: 0.0007439 seconds, Stopping threads took: 0.0002644 seconds
[2022-06-13T02:32:35.024+0000][1][safepoint    ] Application time: 1.0002065 seconds
[2022-06-13T02:32:35.025+0000][1][safepoint    ] Entering safepoint region: Cleanup
[2022-06-13T02:32:35.025+0000][1][safepoint    ] Leaving safepoint region
[2022-06-13T02:32:35.026+0000][1][safepoint    ] Total time for which application threads were stopped: 0.0011038 seconds, Stopping threads took: 0.0004486 seconds
[2022-06-13T02:32:36.026+0000][1][safepoint    ] Application time: 1.0002301 seconds
[2022-06-13T02:32:36.027+0000][1][safepoint    ] Entering safepoint region: Cleanup
[2022-06-13T02:32:36.027+0000][1][safepoint    ] Leaving safepoint region
[2022-06-13T02:32:36.027+0000][1][safepoint    ] Total time for which application threads were stopped: 0.0006396 seconds, Stopping threads took: 0.0002099 seconds
[2022-06-13T02:32:37.028+0000][1][safepoint    ] Application time: 1.0001953 seconds
[2022-06-13T02:32:37.028+0000][1][safepoint    ] Entering safepoint region: Cleanup
[2022-06-13T02:32:37.028+0000][1][safepoint    ] Leaving safepoint region
[2022-06-13T02:32:37.029+0000][1][safepoint    ] Total time for which application threads were stopped: 0.0007310 seconds, Stopping threads took: 0.0003591 seconds
[2022-06-13T02:32:38.029+0000][1][safepoint    ] Application time: 1.0002134 seconds
[2022-06-13T02:32:38.030+0000][1][safepoint    ] Entering safepoint region: Cleanup
[2022-06-13T02:32:38.031+0000][1][safepoint    ] Leaving safepoint region
[2022-06-13T02:32:38.031+0000][1][safepoint    ] Total time for which application threads were stopped: 0.0016259 seconds, Stopping threads took: 0.0007208 seconds
[2022-06-13T02:32:39.032+0000][1][safepoint    ] Application time: 1.0003421 seconds
[2022-06-13T02:32:39.033+0000][1][safepoint    ] Entering safepoint region: Cleanup
[2022-06-13T02:32:39.033+0000][1][safepoint    ] Leaving safepoint region
[2022-06-13T02:32:39.034+0000][1][safepoint    ] Total time for which application threads were stopped: 0.0008949 seconds, Stopping threads took: 0.0004551 seconds
[2022-06-13T02:32:40.034+0000][1][safepoint    ] Application time: 1.0001396 seconds
[2022-06-13T02:32:40.034+0000][1][safepoint    ] Entering safepoint region: Cleanup
[2022-06-13T02:32:40.035+0000][1][safepoint    ] Leaving safepoint region
[2022-06-13T02:32:40.035+0000][1][safepoint    ] Total time for which application threads were stopped: 0.0010732 seconds, Stopping threads took: 0.0003519 seconds
[2022-06-13T02:32:41.036+0000][1][safepoint    ] Application time: 1.0002481 seconds
[2022-06-13T02:32:41.036+0000][1][safepoint    ] Entering safepoint region: Cleanup
[2022-06-13T02:32:41.037+0000][1][safepoint    ] Leaving safepoint region
[2022-06-13T02:32:41.037+0000][1][safepoint    ] Total time for which application threads were stopped: 0.0005316 seconds, Stopping threads took: 0.0002804 seconds
[2022-06-13T02:32:42.037+0000][1][safepoint    ] Application time: 1.0002310 seconds
[2022-06-13T02:32:42.038+0000][1][safepoint    ] Entering safepoint region: Cleanup
[2022-06-13T02:32:42.038+0000][1][safepoint    ] Leaving safepoint region
[2022-06-13T02:32:42.039+0000][1][safepoint    ] Total time for which application threads were stopped: 0.0008755 seconds, Stopping threads took: 0.0004783 seconds
[2022-06-13T02:32:43.039+0000][1][safepoint    ] Application time: 1.0002826 seconds
[2022-06-13T02:32:43.040+0000][1][safepoint    ] Entering safepoint region: Cleanup
[2022-06-13T02:32:43.040+0000][1][safepoint    ] Leaving safepoint region
[2022-06-13T02:32:43.040+0000][1][safepoint    ] Total time for which application threads were stopped: 0.0005998 seconds, Stopping threads took: 0.0003007 seconds
[2022-06-13T02:32:44.041+0000][1][safepoint    ] Application time: 1.0001634 seconds
[2022-06-13T02:32:44.041+0000][1][safepoint    ] Entering safepoint region: Cleanup
[2022-06-13T02:32:44.042+0000][1][safepoint    ] Leaving safepoint region
[2022-06-13T02:32:44.042+0000][1][safepoint    ] Total time for which application threads were stopped: 0.0008682 seconds, Stopping threads took: 0.0004718 seconds
[2022-06-13T02:32:45.043+0000][1][safepoint    ] Application time: 1.0002766 seconds
[2022-06-13T02:32:45.044+0000][1][safepoint    ] Entering safepoint region: Cleanup
[2022-06-13T02:32:45.044+0000][1][safepoint    ] Leaving safepoint region
[2022-06-13T02:32:45.045+0000][1][safepoint    ] Total time for which application threads were stopped: 0.0012525 seconds, Stopping threads took: 0.0005446 seconds
[2022-06-13T02:32:46.046+0000][1][safepoint    ] Application time: 1.0002546 seconds
[2022-06-13T02:32:46.046+0000][1][safepoint    ] Entering safepoint region: Cleanup
[2022-06-13T02:32:46.047+0000][1][safepoint    ] Leaving safepoint region
[2022-06-13T02:32:46.047+0000][1][safepoint    ] Total time for which application threads were stopped: 0.0007598 seconds, Stopping threads took: 0.0003785 seconds
[2022-06-13T02:32:47.048+0000][1][safepoint    ] Application time: 1.0002609 seconds
[2022-06-13T02:32:47.048+0000][1][safepoint    ] Entering safepoint region: Cleanup
[2022-06-13T02:32:47.049+0000][1][safepoint    ] Leaving safepoint region
[2022-06-13T02:32:47.049+0000][1][safepoint    ] Total time for which application threads were stopped: 0.0007668 seconds, Stopping threads took: 0.0003588 seconds
[2022-06-13T02:32:48.049+0000][1][safepoint    ] Application time: 1.0001000 seconds
[2022-06-13T02:32:48.050+0000][1][safepoint    ] Entering safepoint region: Cleanup
[2022-06-13T02:32:48.050+0000][1][safepoint    ] Leaving safepoint region
[2022-06-13T02:32:48.051+0000][1][safepoint    ] Total time for which application threads were stopped: 0.0008313 seconds, Stopping threads took: 0.0003962 seconds
[2022-06-13T02:32:49.051+0000][1][safepoint    ] Application time: 1.0002047 seconds
[2022-06-13T02:32:49.052+0000][1][safepoint    ] Entering safepoint region: Cleanup
[2022-06-13T02:32:49.053+0000][1][safepoint    ] Leaving safepoint region
[2022-06-13T02:32:49.053+0000][1][safepoint    ] Total time for which application threads were stopped: 0.0011981 seconds, Stopping threads took: 0.0005733 seconds
[2022-06-13T02:32:50.053+0000][1][safepoint    ] Application time: 1.0001145 seconds
[2022-06-13T02:32:50.054+0000][1][safepoint    ] Entering safepoint region: Cleanup
[2022-06-13T02:32:50.054+0000][1][safepoint    ] Leaving safepoint region
[2022-06-13T02:32:50.055+0000][1][safepoint    ] Total time for which application threads were stopped: 0.0006976 seconds, Stopping threads took: 0.0003585 seconds
[2022-06-13T02:32:51.055+0000][1][safepoint    ] Application time: 1.0001837 seconds
[2022-06-13T02:32:51.055+0000][1][safepoint    ] Entering safepoint region: Cleanup
[2022-06-13T02:32:51.056+0000][1][safepoint    ] Leaving safepoint region
[2022-06-13T02:32:51.057+0000][1][safepoint    ] Total time for which application threads were stopped: 0.0012608 seconds, Stopping threads took: 0.0005997 seconds
[2022-06-13T02:32:52.057+0000][1][safepoint    ] Application time: 1.0002428 seconds
[2022-06-13T02:32:52.058+0000][1][safepoint    ] Entering safepoint region: Cleanup
[2022-06-13T02:32:52.058+0000][1][safepoint    ] Leaving safepoint region
[2022-06-13T02:32:52.059+0000][1][safepoint    ] Total time for which application threads were stopped: 0.0009229 seconds, Stopping threads took: 0.0004058 seconds
[2022-06-13T02:32:53.059+0000][1][safepoint    ] Application time: 1.0000528 seconds
[2022-06-13T02:32:53.060+0000][1][safepoint    ] Entering safepoint region: Cleanup
[2022-06-13T02:32:53.060+0000][1][safepoint    ] Leaving safepoint region
[2022-06-13T02:32:53.061+0000][1][safepoint    ] Total time for which application threads were stopped: 0.0010840 seconds, Stopping threads took: 0.0005591 seconds
[2022-06-13T02:32:54.061+0000][1][safepoint    ] Application time: 1.0001861 seconds
[2022-06-13T02:32:54.062+0000][1][safepoint    ] Entering safepoint region: Cleanup
[2022-06-13T02:32:54.062+0000][1][safepoint    ] Leaving safepoint region
[2022-06-13T02:32:54.062+0000][1][safepoint    ] Total time for which application threads were stopped: 0.0005496 seconds, Stopping threads took: 0.0002587 seconds
[2022-06-13T02:32:55.062+0000][1][safepoint    ] Application time: 1.0002449 seconds
[2022-06-13T02:32:55.063+0000][1][safepoint    ] Entering safepoint region: Cleanup
[2022-06-13T02:32:55.064+0000][1][safepoint    ] Leaving safepoint region
[2022-06-13T02:32:55.065+0000][1][safepoint    ] Total time for which application threads were stopped: 0.0015448 seconds, Stopping threads took: 0.0007173 seconds
[2022-06-13T02:32:56.065+0000][1][safepoint    ] Application time: 1.0001477 seconds
[2022-06-13T02:32:56.066+0000][1][safepoint    ] Entering safepoint region: Cleanup
[2022-06-13T02:32:56.066+0000][1][safepoint    ] Leaving safepoint region
[2022-06-13T02:32:56.066+0000][1][safepoint    ] Total time for which application threads were stopped: 0.0005065 seconds, Stopping threads took: 0.0002568 seconds
[2022-06-13T02:32:57.067+0000][1][safepoint    ] Application time: 1.0002258 seconds
[2022-06-13T02:32:57.067+0000][1][safepoint    ] Entering safepoint region: Cleanup
[2022-06-13T02:32:57.068+0000][1][safepoint    ] Leaving safepoint region
[2022-06-13T02:32:57.068+0000][1][safepoint    ] Total time for which application threads were stopped: 0.0009844 seconds, Stopping threads took: 0.0004117 seconds
[2022-06-13T02:32:58.069+0000][1][safepoint    ] Application time: 1.0001207 seconds
[2022-06-13T02:32:58.069+0000][1][safepoint    ] Entering safepoint region: Cleanup
[2022-06-13T02:32:58.070+0000][1][safepoint    ] Leaving safepoint region
[2022-06-13T02:32:58.070+0000][1][safepoint    ] Total time for which application threads were stopped: 0.0008088 seconds, Stopping threads took: 0.0003466 seconds
[2022-06-13T02:32:59.071+0000][1][safepoint    ] Application time: 1.0001981 seconds
[2022-06-13T02:32:59.071+0000][1][safepoint    ] Entering safepoint region: Cleanup
[2022-06-13T02:32:59.072+0000][1][safepoint    ] Leaving safepoint region
[2022-06-13T02:32:59.072+0000][1][safepoint    ] Total time for which application threads were stopped: 0.0008486 seconds, Stopping threads took: 0.0003679 seconds
[2022-06-13T02:33:00.073+0000][1][safepoint    ] Application time: 1.0001197 seconds
[2022-06-13T02:33:00.073+0000][1][safepoint    ] Entering safepoint region: Cleanup
[2022-06-13T02:33:00.073+0000][1][safepoint    ] Leaving safepoint region
[2022-06-13T02:33:00.073+0000][1][safepoint    ] Total time for which application threads were stopped: 0.0005780 seconds, Stopping threads took: 0.0002623 seconds
[2022-06-13T02:33:01.074+0000][1][safepoint    ] Application time: 1.0000954 seconds
[2022-06-13T02:33:01.074+0000][1][safepoint    ] Entering safepoint region: Cleanup
[2022-06-13T02:33:01.075+0000][1][safepoint    ] Leaving safepoint region
[2022-06-13T02:33:01.075+0000][1][safepoint    ] Total time for which application threads were stopped: 0.0007332 seconds, Stopping threads took: 0.0003298 seconds
[2022-06-13T02:33:02.076+0000][1][safepoint    ] Application time: 1.0003427 seconds
[2022-06-13T02:33:02.076+0000][1][safepoint    ] Entering safepoint region: Cleanup
[2022-06-13T02:33:02.076+0000][1][safepoint    ] Leaving safepoint region
[2022-06-13T02:33:02.077+0000][1][safepoint    ] Total time for which application threads were stopped: 0.0006796 seconds, Stopping threads took: 0.0002863 seconds
[2022-06-13T02:33:03.077+0000][1][safepoint    ] Application time: 1.0001978 seconds
[2022-06-13T02:33:03.078+0000][1][safepoint    ] Entering safepoint region: Cleanup
[2022-06-13T02:33:03.078+0000][1][safepoint    ] Leaving safepoint region
[2022-06-13T02:33:03.078+0000][1][safepoint    ] Total time for which application threads were stopped: 0.0005670 seconds, Stopping threads took: 0.0002454 seconds
[2022-06-13T02:33:04.079+0000][1][safepoint    ] Application time: 1.0001917 seconds
[2022-06-13T02:33:04.079+0000][1][safepoint    ] Entering safepoint region: Cleanup
[2022-06-13T02:33:04.080+0000][1][safepoint    ] Leaving safepoint region
[2022-06-13T02:33:04.080+0000][1][safepoint    ] Total time for which application threads were stopped: 0.0008238 seconds, Stopping threads took: 0.0004122 seconds
[2022-06-13T02:33:05.081+0000][1][safepoint    ] Application time: 1.0002068 seconds
[2022-06-13T02:33:05.081+0000][1][safepoint    ] Entering safepoint region: Cleanup
[2022-06-13T02:33:05.082+0000][1][safepoint    ] Leaving safepoint region
[2022-06-13T02:33:05.082+0000][1][safepoint    ] Total time for which application threads were stopped: 0.0008917 seconds, Stopping threads took: 0.0004067 seconds
[2022-06-13T02:33:06.083+0000][1][safepoint    ] Application time: 1.0002737 seconds
[2022-06-13T02:33:06.084+0000][1][safepoint    ] Entering safepoint region: Cleanup
[2022-06-13T02:33:06.084+0000][1][safepoint    ] Leaving safepoint region
[2022-06-13T02:33:06.085+0000][1][safepoint    ] Total time for which application threads were stopped: 0.0014054 seconds, Stopping threads took: 0.0007427 seconds
[2022-06-13T02:33:07.086+0000][1][safepoint    ] Application time: 1.0001567 seconds
[2022-06-13T02:33:07.086+0000][1][safepoint    ] Entering safepoint region: Cleanup
[2022-06-13T02:33:07.087+0000][1][safepoint    ] Leaving safepoint region
[2022-06-13T02:33:07.087+0000][1][safepoint    ] Total time for which application threads were stopped: 0.0010872 seconds, Stopping threads took: 0.0004490 seconds
[2022-06-13T02:33:08.088+0000][1][safepoint    ] Application time: 1.0002500 seconds
[2022-06-13T02:33:08.089+0000][1][safepoint    ] Entering safepoint region: Cleanup
[2022-06-13T02:33:08.090+0000][1][safepoint    ] Leaving safepoint region
[2022-06-13T02:33:08.090+0000][1][safepoint    ] Total time for which application threads were stopped: 0.0013078 seconds, Stopping threads took: 0.0005424 seconds
[2022-06-13T02:33:09.091+0000][1][safepoint    ] Application time: 1.0001766 seconds
[2022-06-13T02:33:09.092+0000][1][safepoint    ] Entering safepoint region: Cleanup
[2022-06-13T02:33:09.092+0000][1][safepoint    ] Leaving safepoint region
[2022-06-13T02:33:09.092+0000][1][safepoint    ] Total time for which application threads were stopped: 0.0007531 seconds, Stopping threads took: 0.0003028 seconds
[2022-06-13T02:33:10.093+0000][1][safepoint    ] Application time: 1.0001951 seconds
[2022-06-13T02:33:10.093+0000][1][safepoint    ] Entering safepoint region: Cleanup
[2022-06-13T02:33:10.093+0000][1][safepoint    ] Leaving safepoint region
[2022-06-13T02:33:10.094+0000][1][safepoint    ] Total time for which application threads were stopped: 0.0006824 seconds, Stopping threads took: 0.0002622 seconds
[2022-06-13T02:33:11.094+0000][1][safepoint    ] Application time: 1.0002242 seconds
[2022-06-13T02:33:11.095+0000][1][safepoint    ] Entering safepoint region: Cleanup
[2022-06-13T02:33:11.096+0000][1][safepoint    ] Leaving safepoint region
[2022-06-13T02:33:11.096+0000][1][safepoint    ] Total time for which application threads were stopped: 0.0011518 seconds, Stopping threads took: 0.0005081 seconds
[2022-06-13T02:33:12.097+0000][1][safepoint    ] Application time: 1.0001067 seconds
[2022-06-13T02:33:12.097+0000][1][safepoint    ] Entering safepoint region: Cleanup
[2022-06-13T02:33:12.098+0000][1][safepoint    ] Leaving safepoint region
[2022-06-13T02:33:12.098+0000][1][safepoint    ] Total time for which application threads were stopped: 0.0006132 seconds, Stopping threads took: 0.0001974 seconds
[2022-06-13T02:33:13.098+0000][1][safepoint    ] Application time: 1.0002286 seconds
[2022-06-13T02:33:13.099+0000][1][safepoint    ] Entering safepoint region: Cleanup
[2022-06-13T02:33:13.099+0000][1][safepoint    ] Leaving safepoint region
[2022-06-13T02:33:13.099+0000][1][safepoint    ] Total time for which application threads were stopped: 0.0006123 seconds, Stopping threads took: 0.0003478 seconds
[2022-06-13T02:33:14.100+0000][1][safepoint    ] Application time: 1.0001133 seconds
[2022-06-13T02:33:14.100+0000][1][safepoint    ] Entering safepoint region: Cleanup
[2022-06-13T02:33:14.101+0000][1][safepoint    ] Leaving safepoint region
[2022-06-13T02:33:14.101+0000][1][safepoint    ] Total time for which application threads were stopped: 0.0006239 seconds, Stopping threads took: 0.0002724 seconds
[2022-06-13T02:33:15.101+0000][1][safepoint    ] Application time: 1.0001780 seconds
[2022-06-13T02:33:15.102+0000][1][safepoint    ] Entering safepoint region: Cleanup
[2022-06-13T02:33:15.102+0000][1][safepoint    ] Leaving safepoint region
[2022-06-13T02:33:15.103+0000][1][safepoint    ] Total time for which application threads were stopped: 0.0010631 seconds, Stopping threads took: 0.0004543 seconds
[2022-06-13T02:33:16.104+0000][1][safepoint    ] Application time: 1.0002471 seconds
[2022-06-13T02:33:16.104+0000][1][safepoint    ] Entering safepoint region: Cleanup
[2022-06-13T02:33:16.105+0000][1][safepoint    ] Leaving safepoint region
[2022-06-13T02:33:16.105+0000][1][safepoint    ] Total time for which application threads were stopped: 0.0009799 seconds, Stopping threads took: 0.0004408 seconds
[2022-06-13T02:33:17.106+0000][1][safepoint    ] Application time: 1.0002598 seconds
[2022-06-13T02:33:17.106+0000][1][safepoint    ] Entering safepoint region: Cleanup
[2022-06-13T02:33:17.107+0000][1][safepoint    ] Leaving safepoint region
[2022-06-13T02:33:17.107+0000][1][safepoint    ] Total time for which application threads were stopped: 0.0010634 seconds, Stopping threads took: 0.0005567 seconds
[2022-06-13T02:33:18.108+0000][1][safepoint    ] Application time: 1.0001678 seconds
[2022-06-13T02:33:18.108+0000][1][safepoint    ] Entering safepoint region: Cleanup
[2022-06-13T02:33:18.109+0000][1][safepoint    ] Leaving safepoint region
[2022-06-13T02:33:18.109+0000][1][safepoint    ] Total time for which application threads were stopped: 0.0008384 seconds, Stopping threads took: 0.0002897 seconds
[2022-06-13T02:33:19.110+0000][1][safepoint    ] Application time: 1.0001593 seconds
[2022-06-13T02:33:19.110+0000][1][safepoint    ] Entering safepoint region: Cleanup
[2022-06-13T02:33:19.110+0000][1][safepoint    ] Leaving safepoint region
[2022-06-13T02:33:19.111+0000][1][safepoint    ] Total time for which application threads were stopped: 0.0005349 seconds, Stopping threads took: 0.0002034 seconds
[2022-06-13T02:33:20.111+0000][1][safepoint    ] Application time: 1.0002919 seconds
[2022-06-13T02:33:20.111+0000][1][safepoint    ] Entering safepoint region: Cleanup
[2022-06-13T02:33:20.112+0000][1][safepoint    ] Leaving safepoint region
[2022-06-13T02:33:20.112+0000][1][safepoint    ] Total time for which application threads were stopped: 0.0006191 seconds, Stopping threads took: 0.0002806 seconds
[2022-06-13T02:33:21.113+0000][1][safepoint    ] Application time: 1.0003169 seconds
[2022-06-13T02:33:21.113+0000][1][safepoint    ] Entering safepoint region: Cleanup
[2022-06-13T02:33:21.114+0000][1][safepoint    ] Leaving safepoint region
[2022-06-13T02:33:21.114+0000][1][safepoint    ] Total time for which application threads were stopped: 0.0010182 seconds, Stopping threads took: 0.0004509 seconds
[2022-06-13T02:33:22.115+0000][1][safepoint    ] Application time: 1.0002370 seconds
[2022-06-13T02:33:22.115+0000][1][safepoint    ] Entering safepoint region: Cleanup
[2022-06-13T02:33:22.116+0000][1][safepoint    ] Leaving safepoint region
[2022-06-13T02:33:22.116+0000][1][safepoint    ] Total time for which application threads were stopped: 0.0012920 seconds, Stopping threads took: 0.0006516 seconds
[2022-06-13T02:33:23.117+0000][1][safepoint    ] Application time: 1.0002131 seconds
[2022-06-13T02:33:23.118+0000][1][safepoint    ] Entering safepoint region: Cleanup
[2022-06-13T02:33:23.118+0000][1][safepoint    ] Leaving safepoint region
[2022-06-13T02:33:23.119+0000][1][safepoint    ] Total time for which application threads were stopped: 0.0007820 seconds, Stopping threads took: 0.0003689 seconds
[2022-06-13T02:33:24.119+0000][1][safepoint    ] Application time: 1.0002467 seconds
[2022-06-13T02:33:24.120+0000][1][safepoint    ] Entering safepoint region: Cleanup
[2022-06-13T02:33:24.120+0000][1][safepoint    ] Leaving safepoint region
[2022-06-13T02:33:24.121+0000][1][safepoint    ] Total time for which application threads were stopped: 0.0007157 seconds, Stopping threads took: 0.0003254 seconds
[2022-06-13T02:33:25.121+0000][1][safepoint    ] Application time: 1.0002964 seconds
[2022-06-13T02:33:25.122+0000][1][safepoint    ] Entering safepoint region: Cleanup
[2022-06-13T02:33:25.123+0000][1][safepoint    ] Leaving safepoint region
[2022-06-13T02:33:25.123+0000][1][safepoint    ] Total time for which application threads were stopped: 0.0011638 seconds, Stopping threads took: 0.0006680 seconds
[2022-06-13T02:33:26.124+0000][1][safepoint    ] Application time: 1.0003089 seconds
[2022-06-13T02:33:26.124+0000][1][safepoint    ] Entering safepoint region: Cleanup
[2022-06-13T02:33:26.125+0000][1][safepoint    ] Leaving safepoint region
[2022-06-13T02:33:26.125+0000][1][safepoint    ] Total time for which application threads were stopped: 0.0007371 seconds, Stopping threads took: 0.0003625 seconds
[2022-06-13T02:33:27.125+0000][1][safepoint    ] Application time: 1.0002483 seconds
[2022-06-13T02:33:27.126+0000][1][safepoint    ] Entering safepoint region: Cleanup
[2022-06-13T02:33:27.126+0000][1][safepoint    ] Leaving safepoint region
[2022-06-13T02:33:27.127+0000][1][safepoint    ] Total time for which application threads were stopped: 0.0008546 seconds, Stopping threads took: 0.0003940 seconds
[2022-06-13T02:33:28.127+0000][1][safepoint    ] Application time: 1.0001587 seconds
[2022-06-13T02:33:28.128+0000][1][safepoint    ] Entering safepoint region: Cleanup
[2022-06-13T02:33:28.129+0000][1][safepoint    ] Leaving safepoint region
[2022-06-13T02:33:28.129+0000][1][safepoint    ] Total time for which application threads were stopped: 0.0010983 seconds, Stopping threads took: 0.0005213 seconds
[2022-06-13T02:33:28.603+0000][1][safepoint    ] Application time: 0.4738871 seconds
[2022-06-13T02:33:28.604+0000][1][safepoint    ] Entering safepoint region: GenCollectForAllocation
[2022-06-13T02:33:28.605+0000][1][gc,start     ] GC(22) Pause Young (Allocation Failure)
[2022-06-13T02:33:28.605+0000][1][gc,task      ] GC(22) Using 5 workers of 13 for evacuation
[2022-06-13T02:33:28.612+0000][1][gc,age       ] GC(22) Desired survivor size 4456448 bytes, new threshold 2 (max threshold 6)
[2022-06-13T02:33:28.612+0000][1][gc,age       ] GC(22) Age table with threshold 2 (max threshold 6)
[2022-06-13T02:33:28.612+0000][1][gc,age       ] GC(22) - age   1:     974368 bytes,     974368 total
[2022-06-13T02:33:28.613+0000][1][gc,age       ] GC(22) - age   2:    3984104 bytes,    4958472 total
[2022-06-13T02:33:28.613+0000][1][gc,heap      ] GC(22) ParNew: 76765K->6283K(78656K)
[2022-06-13T02:33:28.614+0000][1][gc,heap      ] GC(22) CMS: 62360K->63794K(174784K)
[2022-06-13T02:33:28.614+0000][1][gc,metaspace ] GC(22) Metaspace: 64660K->64660K(1107968K)
[2022-06-13T02:33:28.614+0000][1][gc           ] GC(22) Pause Young (Allocation Failure) 135M->68M(247M) 9.851ms
[2022-06-13T02:33:28.615+0000][1][gc,cpu       ] GC(22) User=0.03s Sys=0.00s Real=0.01s
[2022-06-13T02:33:28.615+0000][1][safepoint    ] Leaving safepoint region
[2022-06-13T02:33:28.616+0000][1][safepoint    ] Total time for which application threads were stopped: 0.0120965 seconds, Stopping threads took: 0.0004962 seconds
[2022-06-13T02:33:29.616+0000][1][safepoint    ] Application time: 1.0002119 seconds
[2022-06-13T02:33:29.617+0000][1][safepoint    ] Entering safepoint region: Cleanup
[2022-06-13T02:33:29.618+0000][1][safepoint    ] Leaving safepoint region
[2022-06-13T02:33:29.618+0000][1][safepoint    ] Total time for which application threads were stopped: 0.0008109 seconds, Stopping threads took: 0.0002937 seconds
[2022-06-13T02:33:30.619+0000][1][safepoint    ] Application time: 1.0001217 seconds
[2022-06-13T02:33:30.619+0000][1][safepoint    ] Entering safepoint region: Cleanup
[2022-06-13T02:33:30.619+0000][1][safepoint    ] Leaving safepoint region
[2022-06-13T02:33:30.619+0000][1][safepoint    ] Total time for which application threads were stopped: 0.0004880 seconds, Stopping threads took: 0.0001915 seconds
[2022-06-13T02:33:31.620+0000][1][safepoint    ] Application time: 1.0001721 seconds
[2022-06-13T02:33:31.620+0000][1][safepoint    ] Entering safepoint region: Cleanup
[2022-06-13T02:33:31.620+0000][1][safepoint    ] Leaving safepoint region
[2022-06-13T02:33:31.621+0000][1][safepoint    ] Total time for which application threads were stopped: 0.0004443 seconds, Stopping threads took: 0.0001501 seconds
[2022-06-13T02:33:32.621+0000][1][safepoint    ] Application time: 1.0002031 seconds
[2022-06-13T02:33:32.622+0000][1][safepoint    ] Entering safepoint region: Cleanup
[2022-06-13T02:33:32.622+0000][1][safepoint    ] Leaving safepoint region
[2022-06-13T02:33:32.622+0000][1][safepoint    ] Total time for which application threads were stopped: 0.0008718 seconds, Stopping threads took: 0.0003991 seconds
[2022-06-13T02:33:33.623+0000][1][safepoint    ] Application time: 1.0001917 seconds
[2022-06-13T02:33:33.623+0000][1][safepoint    ] Entering safepoint region: Cleanup
[2022-06-13T02:33:33.624+0000][1][safepoint    ] Leaving safepoint region
[2022-06-13T02:33:33.624+0000][1][safepoint    ] Total time for which application threads were stopped: 0.0005627 seconds, Stopping threads took: 0.0002592 seconds
[2022-06-13T02:33:34.624+0000][1][safepoint    ] Application time: 1.0002854 seconds
[2022-06-13T02:33:34.625+0000][1][safepoint    ] Entering safepoint region: Cleanup
[2022-06-13T02:33:34.626+0000][1][safepoint    ] Leaving safepoint region
[2022-06-13T02:33:34.626+0000][1][safepoint    ] Total time for which application threads were stopped: 0.0008898 seconds, Stopping threads took: 0.0004028 seconds
[2022-06-13T02:33:35.627+0000][1][safepoint    ] Application time: 1.0003016 seconds
[2022-06-13T02:33:35.627+0000][1][safepoint    ] Entering safepoint region: Cleanup
[2022-06-13T02:33:35.628+0000][1][safepoint    ] Leaving safepoint region
[2022-06-13T02:33:35.629+0000][1][safepoint    ] Total time for which application threads were stopped: 0.0013828 seconds, Stopping threads took: 0.0006012 seconds
[2022-06-13T02:33:36.630+0000][1][safepoint    ] Application time: 1.0002554 seconds
[2022-06-13T02:33:36.630+0000][1][safepoint    ] Entering safepoint region: Cleanup
[2022-06-13T02:33:36.631+0000][1][safepoint    ] Leaving safepoint region
[2022-06-13T02:33:36.632+0000][1][safepoint    ] Total time for which application threads were stopped: 0.0011665 seconds, Stopping threads took: 0.0005399 seconds
[2022-06-13T02:33:37.632+0000][1][safepoint    ] Application time: 1.0001740 seconds
[2022-06-13T02:33:37.633+0000][1][safepoint    ] Entering safepoint region: Cleanup
[2022-06-13T02:33:37.633+0000][1][safepoint    ] Leaving safepoint region
[2022-06-13T02:33:37.633+0000][1][safepoint    ] Total time for which application threads were stopped: 0.0009779 seconds, Stopping threads took: 0.0004756 seconds
[2022-06-13T02:33:38.634+0000][1][safepoint    ] Application time: 1.0004386 seconds
[2022-06-13T02:33:38.635+0000][1][safepoint    ] Entering safepoint region: Cleanup
[2022-06-13T02:33:38.636+0000][1][safepoint    ] Leaving safepoint region
[2022-06-13T02:33:38.636+0000][1][safepoint    ] Total time for which application threads were stopped: 0.0012975 seconds, Stopping threads took: 0.0005548 seconds
[2022-06-13T02:33:39.637+0000][1][safepoint    ] Application time: 1.0001665 seconds
[2022-06-13T02:33:39.637+0000][1][safepoint    ] Entering safepoint region: Cleanup
[2022-06-13T02:33:39.638+0000][1][safepoint    ] Leaving safepoint region
[2022-06-13T02:33:39.638+0000][1][safepoint    ] Total time for which application threads were stopped: 0.0006600 seconds, Stopping threads took: 0.0003034 seconds
[2022-06-13T02:33:40.638+0000][1][safepoint    ] Application time: 1.0002094 seconds
[2022-06-13T02:33:40.639+0000][1][safepoint    ] Entering safepoint region: Cleanup
[2022-06-13T02:33:40.639+0000][1][safepoint    ] Leaving safepoint region
[2022-06-13T02:33:40.640+0000][1][safepoint    ] Total time for which application threads were stopped: 0.0006545 seconds, Stopping threads took: 0.0003111 seconds
[2022-06-13T02:33:41.640+0000][1][safepoint    ] Application time: 1.0001931 seconds
[2022-06-13T02:33:41.641+0000][1][safepoint    ] Entering safepoint region: Cleanup
[2022-06-13T02:33:41.641+0000][1][safepoint    ] Leaving safepoint region
[2022-06-13T02:33:41.642+0000][1][safepoint    ] Total time for which application threads were stopped: 0.0008455 seconds, Stopping threads took: 0.0003961 seconds
[2022-06-13T02:33:42.642+0000][1][safepoint    ] Application time: 1.0001855 seconds
[2022-06-13T02:33:42.643+0000][1][safepoint    ] Entering safepoint region: Cleanup
[2022-06-13T02:33:42.643+0000][1][safepoint    ] Leaving safepoint region
[2022-06-13T02:33:42.644+0000][1][safepoint    ] Total time for which application threads were stopped: 0.0010126 seconds, Stopping threads took: 0.0003766 seconds
[2022-06-13T02:33:43.644+0000][1][safepoint    ] Application time: 1.0001957 seconds
[2022-06-13T02:33:43.645+0000][1][safepoint    ] Entering safepoint region: Cleanup
[2022-06-13T02:33:43.645+0000][1][safepoint    ] Leaving safepoint region
[2022-06-13T02:33:43.646+0000][1][safepoint    ] Total time for which application threads were stopped: 0.0007687 seconds, Stopping threads took: 0.0003359 seconds
[2022-06-13T02:33:44.646+0000][1][safepoint    ] Application time: 1.0002346 seconds
[2022-06-13T02:33:44.647+0000][1][safepoint    ] Entering safepoint region: Cleanup
[2022-06-13T02:33:44.647+0000][1][safepoint    ] Leaving safepoint region
[2022-06-13T02:33:44.648+0000][1][safepoint    ] Total time for which application threads were stopped: 0.0009992 seconds, Stopping threads took: 0.0004141 seconds
[2022-06-13T02:33:45.648+0000][1][safepoint    ] Application time: 1.0001580 seconds
[2022-06-13T02:33:45.649+0000][1][safepoint    ] Entering safepoint region: Cleanup
[2022-06-13T02:33:45.649+0000][1][safepoint    ] Leaving safepoint region
[2022-06-13T02:33:45.649+0000][1][safepoint    ] Total time for which application threads were stopped: 0.0007122 seconds, Stopping threads took: 0.0003311 seconds
[2022-06-13T02:33:46.650+0000][1][safepoint    ] Application time: 1.0002292 seconds
[2022-06-13T02:33:46.651+0000][1][safepoint    ] Entering safepoint region: Cleanup
[2022-06-13T02:33:46.651+0000][1][safepoint    ] Leaving safepoint region
[2022-06-13T02:33:46.652+0000][1][safepoint    ] Total time for which application threads were stopped: 0.0009725 seconds, Stopping threads took: 0.0003812 seconds
[2022-06-13T02:33:47.652+0000][1][safepoint    ] Application time: 1.0001882 seconds
[2022-06-13T02:33:47.653+0000][1][safepoint    ] Entering safepoint region: Cleanup
[2022-06-13T02:33:47.653+0000][1][safepoint    ] Leaving safepoint region
[2022-06-13T02:33:47.653+0000][1][safepoint    ] Total time for which application threads were stopped: 0.0006406 seconds, Stopping threads took: 0.0002981 seconds
[2022-06-13T02:33:48.654+0000][1][safepoint    ] Application time: 1.0003003 seconds
[2022-06-13T02:33:48.655+0000][1][safepoint    ] Entering safepoint region: Cleanup
[2022-06-13T02:33:48.655+0000][1][safepoint    ] Leaving safepoint region
[2022-06-13T02:33:48.656+0000][1][safepoint    ] Total time for which application threads were stopped: 0.0009913 seconds, Stopping threads took: 0.0004335 seconds
[2022-06-13T02:33:49.656+0000][1][safepoint    ] Application time: 1.0001726 seconds
[2022-06-13T02:33:49.657+0000][1][safepoint    ] Entering safepoint region: Cleanup
[2022-06-13T02:33:49.658+0000][1][safepoint    ] Leaving safepoint region
[2022-06-13T02:33:49.658+0000][1][safepoint    ] Total time for which application threads were stopped: 0.0013498 seconds, Stopping threads took: 0.0006692 seconds
[2022-06-13T02:33:50.659+0000][1][safepoint    ] Application time: 1.0001989 seconds
[2022-06-13T02:33:50.660+0000][1][safepoint    ] Entering safepoint region: Cleanup
[2022-06-13T02:33:50.660+0000][1][safepoint    ] Leaving safepoint region
[2022-06-13T02:33:50.660+0000][1][safepoint    ] Total time for which application threads were stopped: 0.0007651 seconds, Stopping threads took: 0.0003605 seconds
[2022-06-13T02:33:51.661+0000][1][safepoint    ] Application time: 1.0001830 seconds
[2022-06-13T02:33:51.662+0000][1][safepoint    ] Entering safepoint region: Cleanup
[2022-06-13T02:33:51.662+0000][1][safepoint    ] Leaving safepoint region
[2022-06-13T02:33:51.663+0000][1][safepoint    ] Total time for which application threads were stopped: 0.0012669 seconds, Stopping threads took: 0.0005178 seconds
[2022-06-13T02:33:52.664+0000][1][safepoint    ] Application time: 1.0001324 seconds
[2022-06-13T02:33:52.664+0000][1][safepoint    ] Entering safepoint region: Cleanup
[2022-06-13T02:33:52.664+0000][1][safepoint    ] Leaving safepoint region
[2022-06-13T02:33:52.664+0000][1][safepoint    ] Total time for which application threads were stopped: 0.0005302 seconds, Stopping threads took: 0.0002284 seconds
[2022-06-13T02:33:53.665+0000][1][safepoint    ] Application time: 1.0003009 seconds
[2022-06-13T02:33:53.666+0000][1][safepoint    ] Entering safepoint region: Cleanup
[2022-06-13T02:33:53.667+0000][1][safepoint    ] Leaving safepoint region
[2022-06-13T02:33:53.667+0000][1][safepoint    ] Total time for which application threads were stopped: 0.0012333 seconds, Stopping threads took: 0.0005070 seconds
[2022-06-13T02:33:54.668+0000][1][safepoint    ] Application time: 1.0001352 seconds
[2022-06-13T02:33:54.668+0000][1][safepoint    ] Entering safepoint region: Cleanup
[2022-06-13T02:33:54.669+0000][1][safepoint    ] Leaving safepoint region
[2022-06-13T02:33:54.669+0000][1][safepoint    ] Total time for which application threads were stopped: 0.0009126 seconds, Stopping threads took: 0.0004737 seconds
[2022-06-13T02:33:55.670+0000][1][safepoint    ] Application time: 1.0003352 seconds
[2022-06-13T02:33:55.670+0000][1][safepoint    ] Entering safepoint region: Cleanup
[2022-06-13T02:33:55.671+0000][1][safepoint    ] Leaving safepoint region
[2022-06-13T02:33:55.671+0000][1][safepoint    ] Total time for which application threads were stopped: 0.0006688 seconds, Stopping threads took: 0.0003568 seconds
[2022-06-13T02:33:56.671+0000][1][safepoint    ] Application time: 1.0001826 seconds
[2022-06-13T02:33:56.672+0000][1][safepoint    ] Entering safepoint region: Cleanup
[2022-06-13T02:33:56.672+0000][1][safepoint    ] Leaving safepoint region
[2022-06-13T02:33:56.673+0000][1][safepoint    ] Total time for which application threads were stopped: 0.0006832 seconds, Stopping threads took: 0.0003276 seconds
[2022-06-13T02:33:57.673+0000][1][safepoint    ] Application time: 1.0002869 seconds
[2022-06-13T02:33:57.674+0000][1][safepoint    ] Entering safepoint region: Cleanup
[2022-06-13T02:33:57.674+0000][1][safepoint    ] Leaving safepoint region
[2022-06-13T02:33:57.674+0000][1][safepoint    ] Total time for which application threads were stopped: 0.0007849 seconds, Stopping threads took: 0.0004073 seconds
[2022-06-13T02:33:58.675+0000][1][safepoint    ] Application time: 1.0001962 seconds
[2022-06-13T02:33:58.676+0000][1][safepoint    ] Entering safepoint region: Cleanup
[2022-06-13T02:33:58.676+0000][1][safepoint    ] Leaving safepoint region
[2022-06-13T02:33:58.677+0000][1][safepoint    ] Total time for which application threads were stopped: 0.0010883 seconds, Stopping threads took: 0.0004824 seconds
[2022-06-13T02:33:59.677+0000][1][safepoint    ] Application time: 1.0003118 seconds
[2022-06-13T02:33:59.678+0000][1][safepoint    ] Entering safepoint region: Cleanup
[2022-06-13T02:33:59.679+0000][1][safepoint    ] Leaving safepoint region
[2022-06-13T02:33:59.680+0000][1][safepoint    ] Total time for which application threads were stopped: 0.0013351 seconds, Stopping threads took: 0.0005821 seconds
[2022-06-13T02:34:00.680+0000][1][safepoint    ] Application time: 1.0002177 seconds
[2022-06-13T02:34:00.681+0000][1][safepoint    ] Entering safepoint region: Cleanup
[2022-06-13T02:34:00.681+0000][1][safepoint    ] Leaving safepoint region
[2022-06-13T02:34:00.682+0000][1][safepoint    ] Total time for which application threads were stopped: 0.0009760 seconds, Stopping threads took: 0.0004330 seconds
[2022-06-13T02:34:01.682+0000][1][safepoint    ] Application time: 1.0002261 seconds
[2022-06-13T02:34:01.683+0000][1][safepoint    ] Entering safepoint region: Cleanup
[2022-06-13T02:34:01.684+0000][1][safepoint    ] Leaving safepoint region
[2022-06-13T02:34:01.685+0000][1][safepoint    ] Total time for which application threads were stopped: 0.0015055 seconds, Stopping threads took: 0.0007170 seconds
[2022-06-13T02:34:02.686+0000][1][safepoint    ] Application time: 1.0002156 seconds
[2022-06-13T02:34:02.686+0000][1][safepoint    ] Entering safepoint region: Cleanup
[2022-06-13T02:34:02.687+0000][1][safepoint    ] Leaving safepoint region
[2022-06-13T02:34:02.688+0000][1][safepoint    ] Total time for which application threads were stopped: 0.0012600 seconds, Stopping threads took: 0.0006028 seconds
[2022-06-13T02:34:03.688+0000][1][safepoint    ] Application time: 1.0002072 seconds
[2022-06-13T02:34:03.689+0000][1][safepoint    ] Entering safepoint region: Cleanup
[2022-06-13T02:34:03.690+0000][1][safepoint    ] Leaving safepoint region
[2022-06-13T02:34:03.691+0000][1][safepoint    ] Total time for which application threads were stopped: 0.0014238 seconds, Stopping threads took: 0.0006888 seconds
[2022-06-13T02:34:04.691+0000][1][safepoint    ] Application time: 1.0003048 seconds
[2022-06-13T02:34:04.692+0000][1][safepoint    ] Entering safepoint region: Cleanup
[2022-06-13T02:34:04.692+0000][1][safepoint    ] Leaving safepoint region
[2022-06-13T02:34:04.692+0000][1][safepoint    ] Total time for which application threads were stopped: 0.0005783 seconds, Stopping threads took: 0.0002200 seconds
[2022-06-13T02:34:05.693+0000][1][safepoint    ] Application time: 1.0003372 seconds
[2022-06-13T02:34:05.694+0000][1][safepoint    ] Entering safepoint region: Cleanup
[2022-06-13T02:34:05.694+0000][1][safepoint    ] Leaving safepoint region
[2022-06-13T02:34:05.695+0000][1][safepoint    ] Total time for which application threads were stopped: 0.0013092 seconds, Stopping threads took: 0.0006021 seconds
[2022-06-13T02:34:06.696+0000][1][safepoint    ] Application time: 1.0002716 seconds
[2022-06-13T02:34:06.696+0000][1][safepoint    ] Entering safepoint region: Cleanup
[2022-06-13T02:34:06.697+0000][1][safepoint    ] Leaving safepoint region
[2022-06-13T02:34:06.697+0000][1][safepoint    ] Total time for which application threads were stopped: 0.0009541 seconds, Stopping threads took: 0.0004151 seconds
[2022-06-13T02:34:07.698+0000][1][safepoint    ] Application time: 1.0002078 seconds
[2022-06-13T02:34:07.698+0000][1][safepoint    ] Entering safepoint region: Cleanup
[2022-06-13T02:34:07.699+0000][1][safepoint    ] Leaving safepoint region
[2022-06-13T02:34:07.699+0000][1][safepoint    ] Total time for which application threads were stopped: 0.0011131 seconds, Stopping threads took: 0.0004472 seconds
[2022-06-13T02:34:08.700+0000][1][safepoint    ] Application time: 1.0002469 seconds
[2022-06-13T02:34:08.701+0000][1][safepoint    ] Entering safepoint region: Cleanup
[2022-06-13T02:34:08.701+0000][1][safepoint    ] Leaving safepoint region
[2022-06-13T02:34:08.702+0000][1][safepoint    ] Total time for which application threads were stopped: 0.0008182 seconds, Stopping threads took: 0.0003872 seconds
[2022-06-13T02:34:09.702+0000][1][safepoint    ] Application time: 1.0004122 seconds
[2022-06-13T02:34:09.703+0000][1][safepoint    ] Entering safepoint region: Cleanup
[2022-06-13T02:34:09.703+0000][1][safepoint    ] Leaving safepoint region
[2022-06-13T02:34:09.704+0000][1][safepoint    ] Total time for which application threads were stopped: 0.0008897 seconds, Stopping threads took: 0.0003988 seconds
[2022-06-13T02:34:10.704+0000][1][safepoint    ] Application time: 1.0003684 seconds
[2022-06-13T02:34:10.706+0000][1][safepoint    ] Entering safepoint region: Cleanup
[2022-06-13T02:34:10.706+0000][1][safepoint    ] Leaving safepoint region
[2022-06-13T02:34:10.707+0000][1][safepoint    ] Total time for which application threads were stopped: 0.0012691 seconds, Stopping threads took: 0.0005388 seconds
[2022-06-13T02:34:11.708+0000][1][safepoint    ] Application time: 1.0002779 seconds
[2022-06-13T02:34:11.708+0000][1][safepoint    ] Entering safepoint region: Cleanup
[2022-06-13T02:34:11.709+0000][1][safepoint    ] Leaving safepoint region
[2022-06-13T02:34:11.709+0000][1][safepoint    ] Total time for which application threads were stopped: 0.0010090 seconds, Stopping threads took: 0.0003923 seconds
[2022-06-13T02:34:12.710+0000][1][safepoint    ] Application time: 1.0003370 seconds
[2022-06-13T02:34:12.710+0000][1][safepoint    ] Entering safepoint region: Cleanup
[2022-06-13T02:34:12.711+0000][1][safepoint    ] Leaving safepoint region
[2022-06-13T02:34:12.712+0000][1][safepoint    ] Total time for which application threads were stopped: 0.0014678 seconds, Stopping threads took: 0.0006820 seconds
[2022-06-13T02:34:13.713+0000][1][safepoint    ] Application time: 1.0002263 seconds
[2022-06-13T02:34:13.714+0000][1][safepoint    ] Entering safepoint region: Cleanup
[2022-06-13T02:34:13.714+0000][1][safepoint    ] Leaving safepoint region
[2022-06-13T02:34:13.715+0000][1][safepoint    ] Total time for which application threads were stopped: 0.0014654 seconds, Stopping threads took: 0.0006812 seconds
[2022-06-13T02:34:14.716+0000][1][safepoint    ] Application time: 1.0003376 seconds
[2022-06-13T02:34:14.717+0000][1][safepoint    ] Entering safepoint region: Cleanup
[2022-06-13T02:34:14.717+0000][1][safepoint    ] Leaving safepoint region
[2022-06-13T02:34:14.718+0000][1][safepoint    ] Total time for which application threads were stopped: 0.0011343 seconds, Stopping threads took: 0.0005817 seconds
[2022-06-13T02:34:15.718+0000][1][safepoint    ] Application time: 1.0001581 seconds
[2022-06-13T02:34:15.719+0000][1][safepoint    ] Entering safepoint region: Cleanup
[2022-06-13T02:34:15.720+0000][1][safepoint    ] Leaving safepoint region
[2022-06-13T02:34:15.721+0000][1][safepoint    ] Total time for which application threads were stopped: 0.0014827 seconds, Stopping threads took: 0.0006603 seconds
[2022-06-13T02:34:16.721+0000][1][safepoint    ] Application time: 1.0001646 seconds
[2022-06-13T02:34:16.722+0000][1][safepoint    ] Entering safepoint region: Cleanup
[2022-06-13T02:34:16.723+0000][1][safepoint    ] Leaving safepoint region
[2022-06-13T02:34:16.723+0000][1][safepoint    ] Total time for which application threads were stopped: 0.0009922 seconds, Stopping threads took: 0.0004472 seconds
[2022-06-13T02:34:17.724+0000][1][safepoint    ] Application time: 1.0001133 seconds
[2022-06-13T02:34:17.724+0000][1][safepoint    ] Entering safepoint region: Cleanup
[2022-06-13T02:34:17.724+0000][1][safepoint    ] Leaving safepoint region
[2022-06-13T02:34:17.724+0000][1][safepoint    ] Total time for which application threads were stopped: 0.0003885 seconds, Stopping threads took: 0.0001892 seconds
[2022-06-13T02:34:18.725+0000][1][safepoint    ] Application time: 1.0000923 seconds
[2022-06-13T02:34:18.725+0000][1][safepoint    ] Entering safepoint region: Cleanup
[2022-06-13T02:34:18.726+0000][1][safepoint    ] Leaving safepoint region
[2022-06-13T02:34:18.726+0000][1][safepoint    ] Total time for which application threads were stopped: 0.0007993 seconds, Stopping threads took: 0.0003377 seconds
[2022-06-13T02:34:19.727+0000][1][safepoint    ] Application time: 1.0001692 seconds
[2022-06-13T02:34:19.727+0000][1][safepoint    ] Entering safepoint region: Cleanup
[2022-06-13T02:34:19.728+0000][1][safepoint    ] Leaving safepoint region
[2022-06-13T02:34:19.728+0000][1][safepoint    ] Total time for which application threads were stopped: 0.0007834 seconds, Stopping threads took: 0.0003911 seconds
[2022-06-13T02:34:20.728+0000][1][safepoint    ] Application time: 1.0001440 seconds
[2022-06-13T02:34:20.729+0000][1][safepoint    ] Entering safepoint region: Cleanup
[2022-06-13T02:34:20.729+0000][1][safepoint    ] Leaving safepoint region
[2022-06-13T02:34:20.729+0000][1][safepoint    ] Total time for which application threads were stopped: 0.0004170 seconds, Stopping threads took: 0.0001772 seconds
[2022-06-13T02:34:21.730+0000][1][safepoint    ] Application time: 1.0004058 seconds
[2022-06-13T02:34:21.730+0000][1][safepoint    ] Entering safepoint region: Cleanup
[2022-06-13T02:34:21.731+0000][1][safepoint    ] Leaving safepoint region
[2022-06-13T02:34:21.732+0000][1][safepoint    ] Total time for which application threads were stopped: 0.0014909 seconds, Stopping threads took: 0.0006299 seconds
[2022-06-13T02:34:22.733+0000][1][safepoint    ] Application time: 1.0002578 seconds
[2022-06-13T02:34:22.733+0000][1][safepoint    ] Entering safepoint region: Cleanup
[2022-06-13T02:34:22.734+0000][1][safepoint    ] Leaving safepoint region
[2022-06-13T02:34:22.735+0000][1][safepoint    ] Total time for which application threads were stopped: 0.0012899 seconds, Stopping threads took: 0.0006255 seconds
[2022-06-13T02:34:23.735+0000][1][safepoint    ] Application time: 1.0002937 seconds
[2022-06-13T02:34:23.736+0000][1][safepoint    ] Entering safepoint region: Cleanup
[2022-06-13T02:34:23.737+0000][1][safepoint    ] Leaving safepoint region
[2022-06-13T02:34:23.737+0000][1][safepoint    ] Total time for which application threads were stopped: 0.0008642 seconds, Stopping threads took: 0.0003938 seconds
[2022-06-13T02:34:24.738+0000][1][safepoint    ] Application time: 1.0003702 seconds
[2022-06-13T02:34:24.738+0000][1][safepoint    ] Entering safepoint region: Cleanup
[2022-06-13T02:34:24.738+0000][1][safepoint    ] Leaving safepoint region
[2022-06-13T02:34:24.739+0000][1][safepoint    ] Total time for which application threads were stopped: 0.0008277 seconds, Stopping threads took: 0.0003516 seconds
[2022-06-13T02:34:25.739+0000][1][safepoint    ] Application time: 1.0002433 seconds
[2022-06-13T02:34:25.740+0000][1][safepoint    ] Entering safepoint region: Cleanup
[2022-06-13T02:34:25.741+0000][1][safepoint    ] Leaving safepoint region
[2022-06-13T02:34:25.742+0000][1][safepoint    ] Total time for which application threads were stopped: 0.0016446 seconds, Stopping threads took: 0.0006850 seconds
[2022-06-13T02:34:26.743+0000][1][safepoint    ] Application time: 1.0003397 seconds
[2022-06-13T02:34:26.743+0000][1][safepoint    ] Entering safepoint region: Cleanup
[2022-06-13T02:34:26.743+0000][1][safepoint    ] Leaving safepoint region
[2022-06-13T02:34:26.743+0000][1][safepoint    ] Total time for which application threads were stopped: 0.0003183 seconds, Stopping threads took: 0.0001346 seconds
[2022-06-13T02:34:27.744+0000][1][safepoint    ] Application time: 1.0003319 seconds
[2022-06-13T02:34:27.744+0000][1][safepoint    ] Entering safepoint region: Cleanup
[2022-06-13T02:34:27.745+0000][1][safepoint    ] Leaving safepoint region
[2022-06-13T02:34:27.745+0000][1][safepoint    ] Total time for which application threads were stopped: 0.0008644 seconds, Stopping threads took: 0.0003829 seconds
[2022-06-13T02:34:28.746+0000][1][safepoint    ] Application time: 1.0001751 seconds
[2022-06-13T02:34:28.746+0000][1][safepoint    ] Entering safepoint region: Cleanup
[2022-06-13T02:34:28.747+0000][1][safepoint    ] Leaving safepoint region
[2022-06-13T02:34:28.747+0000][1][safepoint    ] Total time for which application threads were stopped: 0.0011317 seconds, Stopping threads took: 0.0005763 seconds
[2022-06-13T02:34:29.748+0000][1][safepoint    ] Application time: 1.0002506 seconds
[2022-06-13T02:34:29.749+0000][1][safepoint    ] Entering safepoint region: Cleanup
[2022-06-13T02:34:29.749+0000][1][safepoint    ] Leaving safepoint region
[2022-06-13T02:34:29.749+0000][1][safepoint    ] Total time for which application threads were stopped: 0.0007085 seconds, Stopping threads took: 0.0003412 seconds
[2022-06-13T02:34:30.750+0000][1][safepoint    ] Application time: 1.0002384 seconds
[2022-06-13T02:34:30.751+0000][1][safepoint    ] Entering safepoint region: Cleanup
[2022-06-13T02:34:30.751+0000][1][safepoint    ] Leaving safepoint region
[2022-06-13T02:34:30.751+0000][1][safepoint    ] Total time for which application threads were stopped: 0.0004543 seconds, Stopping threads took: 0.0002028 seconds
[2022-06-13T02:34:31.752+0000][1][safepoint    ] Application time: 1.0002043 seconds
[2022-06-13T02:34:31.752+0000][1][safepoint    ] Entering safepoint region: Cleanup
[2022-06-13T02:34:31.753+0000][1][safepoint    ] Leaving safepoint region
[2022-06-13T02:34:31.754+0000][1][safepoint    ] Total time for which application threads were stopped: 0.0011487 seconds, Stopping threads took: 0.0004733 seconds
[2022-06-13T02:34:32.754+0000][1][safepoint    ] Application time: 1.0003037 seconds
[2022-06-13T02:34:32.755+0000][1][safepoint    ] Entering safepoint region: Cleanup
[2022-06-13T02:34:32.756+0000][1][safepoint    ] Leaving safepoint region
[2022-06-13T02:34:32.756+0000][1][safepoint    ] Total time for which application threads were stopped: 0.0010256 seconds, Stopping threads took: 0.0004880 seconds
[2022-06-13T02:34:33.757+0000][1][safepoint    ] Application time: 1.0002523 seconds
[2022-06-13T02:34:33.757+0000][1][safepoint    ] Entering safepoint region: Cleanup
[2022-06-13T02:34:33.758+0000][1][safepoint    ] Leaving safepoint region
[2022-06-13T02:34:33.758+0000][1][safepoint    ] Total time for which application threads were stopped: 0.0007967 seconds, Stopping threads took: 0.0003811 seconds
[2022-06-13T02:34:34.759+0000][1][safepoint    ] Application time: 1.0003495 seconds
[2022-06-13T02:34:34.759+0000][1][safepoint    ] Entering safepoint region: Cleanup
[2022-06-13T02:34:34.759+0000][1][safepoint    ] Leaving safepoint region
[2022-06-13T02:34:34.760+0000][1][safepoint    ] Total time for which application threads were stopped: 0.0006935 seconds, Stopping threads took: 0.0002935 seconds
[2022-06-13T02:34:35.760+0000][1][safepoint    ] Application time: 1.0002901 seconds
[2022-06-13T02:34:35.761+0000][1][safepoint    ] Entering safepoint region: Cleanup
[2022-06-13T02:34:35.762+0000][1][safepoint    ] Leaving safepoint region
[2022-06-13T02:34:35.762+0000][1][safepoint    ] Total time for which application threads were stopped: 0.0011969 seconds, Stopping threads took: 0.0005129 seconds
[2022-06-13T02:34:36.763+0000][1][safepoint    ] Application time: 1.0003269 seconds
[2022-06-13T02:34:36.764+0000][1][safepoint    ] Entering safepoint region: Cleanup
[2022-06-13T02:34:36.765+0000][1][safepoint    ] Leaving safepoint region
[2022-06-13T02:34:36.765+0000][1][safepoint    ] Total time for which application threads were stopped: 0.0014396 seconds, Stopping threads took: 0.0007106 seconds
[2022-06-13T02:34:37.766+0000][1][safepoint    ] Application time: 1.0002289 seconds
[2022-06-13T02:34:37.766+0000][1][safepoint    ] Entering safepoint region: Cleanup
[2022-06-13T02:34:37.767+0000][1][safepoint    ] Leaving safepoint region
[2022-06-13T02:34:37.767+0000][1][safepoint    ] Total time for which application threads were stopped: 0.0006665 seconds, Stopping threads took: 0.0003467 seconds
[2022-06-13T02:34:38.768+0000][1][safepoint    ] Application time: 1.0002836 seconds
[2022-06-13T02:34:38.768+0000][1][safepoint    ] Entering safepoint region: Cleanup
[2022-06-13T02:34:38.769+0000][1][safepoint    ] Leaving safepoint region
[2022-06-13T02:34:38.769+0000][1][safepoint    ] Total time for which application threads were stopped: 0.0007761 seconds, Stopping threads took: 0.0003691 seconds
[2022-06-13T02:34:39.769+0000][1][safepoint    ] Application time: 1.0001506 seconds
[2022-06-13T02:34:39.770+0000][1][safepoint    ] Entering safepoint region: Cleanup
[2022-06-13T02:34:39.771+0000][1][safepoint    ] Leaving safepoint region
[2022-06-13T02:34:39.771+0000][1][safepoint    ] Total time for which application threads were stopped: 0.0009814 seconds, Stopping threads took: 0.0003979 seconds
[2022-06-13T02:34:40.771+0000][1][safepoint    ] Application time: 1.0002523 seconds
[2022-06-13T02:34:40.772+0000][1][safepoint    ] Entering safepoint region: Cleanup
[2022-06-13T02:34:40.772+0000][1][safepoint    ] Leaving safepoint region
[2022-06-13T02:34:40.773+0000][1][safepoint    ] Total time for which application threads were stopped: 0.0007804 seconds, Stopping threads took: 0.0004300 seconds
[2022-06-13T02:34:41.773+0000][1][safepoint    ] Application time: 1.0001368 seconds
[2022-06-13T02:34:41.774+0000][1][safepoint    ] Entering safepoint region: Cleanup
[2022-06-13T02:34:41.774+0000][1][safepoint    ] Leaving safepoint region
[2022-06-13T02:34:41.775+0000][1][safepoint    ] Total time for which application threads were stopped: 0.0009821 seconds, Stopping threads took: 0.0005522 seconds
[2022-06-13T02:34:42.775+0000][1][safepoint    ] Application time: 1.0001496 seconds
[2022-06-13T02:34:42.776+0000][1][safepoint    ] Entering safepoint region: Cleanup
[2022-06-13T02:34:42.776+0000][1][safepoint    ] Leaving safepoint region
[2022-06-13T02:34:42.776+0000][1][safepoint    ] Total time for which application threads were stopped: 0.0004285 seconds, Stopping threads took: 0.0001741 seconds
[2022-06-13T02:34:43.776+0000][1][safepoint    ] Application time: 1.0002454 seconds
[2022-06-13T02:34:43.777+0000][1][safepoint    ] Entering safepoint region: Cleanup
[2022-06-13T02:34:43.777+0000][1][safepoint    ] Leaving safepoint region
[2022-06-13T02:34:43.778+0000][1][safepoint    ] Total time for which application threads were stopped: 0.0009738 seconds, Stopping threads took: 0.0004097 seconds
[2022-06-13T02:34:44.778+0000][1][safepoint    ] Application time: 1.0001470 seconds
[2022-06-13T02:34:44.778+0000][1][safepoint    ] Entering safepoint region: Cleanup
[2022-06-13T02:34:44.779+0000][1][safepoint    ] Leaving safepoint region
[2022-06-13T02:34:44.780+0000][1][safepoint    ] Total time for which application threads were stopped: 0.0012393 seconds, Stopping threads took: 0.0005787 seconds
[2022-06-13T02:34:45.780+0000][1][safepoint    ] Application time: 1.0001958 seconds
[2022-06-13T02:34:45.781+0000][1][safepoint    ] Entering safepoint region: Cleanup
[2022-06-13T02:34:45.781+0000][1][safepoint    ] Leaving safepoint region
[2022-06-13T02:34:45.781+0000][1][safepoint    ] Total time for which application threads were stopped: 0.0004524 seconds, Stopping threads took: 0.0001991 seconds
[2022-06-13T02:34:46.781+0000][1][safepoint    ] Application time: 1.0001821 seconds
[2022-06-13T02:34:46.782+0000][1][safepoint    ] Entering safepoint region: Cleanup
[2022-06-13T02:34:46.782+0000][1][safepoint    ] Leaving safepoint region
[2022-06-13T02:34:46.783+0000][1][safepoint    ] Total time for which application threads were stopped: 0.0008236 seconds, Stopping threads took: 0.0003930 seconds
[2022-06-13T02:34:47.783+0000][1][safepoint    ] Application time: 1.0002479 seconds
[2022-06-13T02:34:47.783+0000][1][safepoint    ] Entering safepoint region: Cleanup
[2022-06-13T02:34:47.784+0000][1][safepoint    ] Leaving safepoint region
[2022-06-13T02:34:47.784+0000][1][safepoint    ] Total time for which application threads were stopped: 0.0004732 seconds, Stopping threads took: 0.0002134 seconds
[2022-06-13T02:34:48.784+0000][1][safepoint    ] Application time: 1.0001792 seconds
[2022-06-13T02:34:48.785+0000][1][safepoint    ] Entering safepoint region: Cleanup
[2022-06-13T02:34:48.785+0000][1][safepoint    ] Leaving safepoint region
[2022-06-13T02:34:48.785+0000][1][safepoint    ] Total time for which application threads were stopped: 0.0008019 seconds, Stopping threads took: 0.0003799 seconds
[2022-06-13T02:34:49.786+0000][1][safepoint    ] Application time: 1.0001680 seconds
[2022-06-13T02:34:49.787+0000][1][safepoint    ] Entering safepoint region: Cleanup
[2022-06-13T02:34:49.788+0000][1][safepoint    ] Leaving safepoint region
[2022-06-13T02:34:49.788+0000][1][safepoint    ] Total time for which application threads were stopped: 0.0014688 seconds, Stopping threads took: 0.0007539 seconds
[2022-06-13T02:34:50.789+0000][1][safepoint    ] Application time: 1.0001841 seconds
[2022-06-13T02:34:50.789+0000][1][safepoint    ] Entering safepoint region: Cleanup
[2022-06-13T02:34:50.790+0000][1][safepoint    ] Leaving safepoint region
[2022-06-13T02:34:50.790+0000][1][safepoint    ] Total time for which application threads were stopped: 0.0008174 seconds, Stopping threads took: 0.0004185 seconds
[2022-06-13T02:34:51.791+0000][1][safepoint    ] Application time: 1.0002554 seconds
[2022-06-13T02:34:51.792+0000][1][safepoint    ] Entering safepoint region: Cleanup
[2022-06-13T02:34:51.792+0000][1][safepoint    ] Leaving safepoint region
[2022-06-13T02:34:51.792+0000][1][safepoint    ] Total time for which application threads were stopped: 0.0008453 seconds, Stopping threads took: 0.0003487 seconds
[2022-06-13T02:34:52.793+0000][1][safepoint    ] Application time: 1.0003160 seconds
[2022-06-13T02:34:52.794+0000][1][safepoint    ] Entering safepoint region: Cleanup
[2022-06-13T02:34:52.794+0000][1][safepoint    ] Leaving safepoint region
[2022-06-13T02:34:52.794+0000][1][safepoint    ] Total time for which application threads were stopped: 0.0009297 seconds, Stopping threads took: 0.0004838 seconds
[2022-06-13T02:34:53.795+0000][1][safepoint    ] Application time: 1.0001791 seconds
[2022-06-13T02:34:53.796+0000][1][safepoint    ] Entering safepoint region: Cleanup
[2022-06-13T02:34:53.796+0000][1][safepoint    ] Leaving safepoint region
[2022-06-13T02:34:53.797+0000][1][safepoint    ] Total time for which application threads were stopped: 0.0010776 seconds, Stopping threads took: 0.0005132 seconds
[2022-06-13T02:34:54.797+0000][1][safepoint    ] Application time: 1.0002541 seconds
[2022-06-13T02:34:54.798+0000][1][safepoint    ] Entering safepoint region: Cleanup
[2022-06-13T02:34:54.798+0000][1][safepoint    ] Leaving safepoint region
[2022-06-13T02:34:54.799+0000][1][safepoint    ] Total time for which application threads were stopped: 0.0006968 seconds, Stopping threads took: 0.0003377 seconds
[2022-06-13T02:34:55.799+0000][1][safepoint    ] Application time: 1.0002640 seconds
[2022-06-13T02:34:55.800+0000][1][safepoint    ] Entering safepoint region: Cleanup
[2022-06-13T02:34:55.801+0000][1][safepoint    ] Leaving safepoint region
[2022-06-13T02:34:55.801+0000][1][safepoint    ] Total time for which application threads were stopped: 0.0013529 seconds, Stopping threads took: 0.0005719 seconds
[2022-06-13T02:34:56.802+0000][1][safepoint    ] Application time: 1.0002224 seconds
[2022-06-13T02:34:56.803+0000][1][safepoint    ] Entering safepoint region: Cleanup
[2022-06-13T02:34:56.804+0000][1][safepoint    ] Leaving safepoint region
[2022-06-13T02:34:56.804+0000][1][safepoint    ] Total time for which application threads were stopped: 0.0014858 seconds, Stopping threads took: 0.0007846 seconds
[2022-06-13T02:34:57.805+0000][1][safepoint    ] Application time: 1.0002892 seconds
[2022-06-13T02:34:57.806+0000][1][safepoint    ] Entering safepoint region: Cleanup
[2022-06-13T02:34:57.806+0000][1][safepoint    ] Leaving safepoint region
[2022-06-13T02:34:57.807+0000][1][safepoint    ] Total time for which application threads were stopped: 0.0008119 seconds, Stopping threads took: 0.0003785 seconds
[2022-06-13T02:34:58.807+0000][1][safepoint    ] Application time: 1.0002136 seconds
[2022-06-13T02:34:58.808+0000][1][safepoint    ] Entering safepoint region: Cleanup
[2022-06-13T02:34:58.808+0000][1][safepoint    ] Leaving safepoint region
[2022-06-13T02:34:58.809+0000][1][safepoint    ] Total time for which application threads were stopped: 0.0009402 seconds, Stopping threads took: 0.0005380 seconds
[2022-06-13T02:34:59.809+0000][1][safepoint    ] Application time: 1.0002587 seconds
[2022-06-13T02:34:59.810+0000][1][safepoint    ] Entering safepoint region: Cleanup
[2022-06-13T02:34:59.810+0000][1][safepoint    ] Leaving safepoint region
[2022-06-13T02:34:59.811+0000][1][safepoint    ] Total time for which application threads were stopped: 0.0011698 seconds, Stopping threads took: 0.0004492 seconds
[2022-06-13T02:35:00.811+0000][1][safepoint    ] Application time: 1.0001633 seconds
[2022-06-13T02:35:00.812+0000][1][safepoint    ] Entering safepoint region: Cleanup
[2022-06-13T02:35:00.812+0000][1][safepoint    ] Leaving safepoint region
[2022-06-13T02:35:00.812+0000][1][safepoint    ] Total time for which application threads were stopped: 0.0006787 seconds, Stopping threads took: 0.0002918 seconds
[2022-06-13T02:35:01.813+0000][1][safepoint    ] Application time: 1.0003316 seconds
[2022-06-13T02:35:01.813+0000][1][safepoint    ] Entering safepoint region: Cleanup
[2022-06-13T02:35:01.814+0000][1][safepoint    ] Leaving safepoint region
[2022-06-13T02:35:01.814+0000][1][safepoint    ] Total time for which application threads were stopped: 0.0006960 seconds, Stopping threads took: 0.0002679 seconds
[2022-06-13T02:35:02.815+0000][1][safepoint    ] Application time: 1.0001580 seconds
[2022-06-13T02:35:02.815+0000][1][safepoint    ] Entering safepoint region: Cleanup
[2022-06-13T02:35:02.816+0000][1][safepoint    ] Leaving safepoint region
[2022-06-13T02:35:02.816+0000][1][safepoint    ] Total time for which application threads were stopped: 0.0007977 seconds, Stopping threads took: 0.0004049 seconds
[2022-06-13T02:35:03.817+0000][1][safepoint    ] Application time: 1.0001805 seconds
[2022-06-13T02:35:03.817+0000][1][safepoint    ] Entering safepoint region: Cleanup
[2022-06-13T02:35:03.818+0000][1][safepoint    ] Leaving safepoint region
[2022-06-13T02:35:03.818+0000][1][safepoint    ] Total time for which application threads were stopped: 0.0009751 seconds, Stopping threads took: 0.0005210 seconds
[2022-06-13T02:35:04.819+0000][1][safepoint    ] Application time: 1.0001314 seconds
[2022-06-13T02:35:04.819+0000][1][safepoint    ] Entering safepoint region: Cleanup
[2022-06-13T02:35:04.819+0000][1][safepoint    ] Leaving safepoint region
[2022-06-13T02:35:04.820+0000][1][safepoint    ] Total time for which application threads were stopped: 0.0008048 seconds, Stopping threads took: 0.0005091 seconds
[2022-06-13T02:35:05.820+0000][1][safepoint    ] Application time: 1.0002042 seconds
[2022-06-13T02:35:05.821+0000][1][safepoint    ] Entering safepoint region: Cleanup
[2022-06-13T02:35:05.821+0000][1][safepoint    ] Leaving safepoint region
[2022-06-13T02:35:05.821+0000][1][safepoint    ] Total time for which application threads were stopped: 0.0008099 seconds, Stopping threads took: 0.0004474 seconds
[2022-06-13T02:35:06.822+0000][1][safepoint    ] Application time: 1.0001231 seconds
[2022-06-13T02:35:06.822+0000][1][safepoint    ] Entering safepoint region: Cleanup
[2022-06-13T02:35:06.823+0000][1][safepoint    ] Leaving safepoint region
[2022-06-13T02:35:06.823+0000][1][safepoint    ] Total time for which application threads were stopped: 0.0006110 seconds, Stopping threads took: 0.0002831 seconds
[2022-06-13T02:35:07.823+0000][1][safepoint    ] Application time: 1.0001358 seconds
[2022-06-13T02:35:07.824+0000][1][safepoint    ] Entering safepoint region: Cleanup
[2022-06-13T02:35:07.824+0000][1][safepoint    ] Leaving safepoint region
[2022-06-13T02:35:07.824+0000][1][safepoint    ] Total time for which application threads were stopped: 0.0005308 seconds, Stopping threads took: 0.0002378 seconds
[2022-06-13T02:35:08.825+0000][1][safepoint    ] Application time: 1.0001204 seconds
[2022-06-13T02:35:08.825+0000][1][safepoint    ] Entering safepoint region: Cleanup
[2022-06-13T02:35:08.825+0000][1][safepoint    ] Leaving safepoint region
[2022-06-13T02:35:08.825+0000][1][safepoint    ] Total time for which application threads were stopped: 0.0004881 seconds, Stopping threads took: 0.0002543 seconds
[2022-06-13T02:35:09.826+0000][1][safepoint    ] Application time: 1.0001552 seconds
[2022-06-13T02:35:09.826+0000][1][safepoint    ] Entering safepoint region: Cleanup
[2022-06-13T02:35:09.827+0000][1][safepoint    ] Leaving safepoint region
[2022-06-13T02:35:09.827+0000][1][safepoint    ] Total time for which application threads were stopped: 0.0006691 seconds, Stopping threads took: 0.0003546 seconds
[2022-06-13T02:35:10.828+0000][1][safepoint    ] Application time: 1.0001026 seconds
[2022-06-13T02:35:10.828+0000][1][safepoint    ] Entering safepoint region: Cleanup
[2022-06-13T02:35:10.828+0000][1][safepoint    ] Leaving safepoint region
[2022-06-13T02:35:10.828+0000][1][safepoint    ] Total time for which application threads were stopped: 0.0005322 seconds, Stopping threads took: 0.0002135 seconds
[2022-06-13T02:35:11.829+0000][1][safepoint    ] Application time: 1.0002265 seconds
[2022-06-13T02:35:11.830+0000][1][safepoint    ] Entering safepoint region: Cleanup
[2022-06-13T02:35:11.830+0000][1][safepoint    ] Leaving safepoint region
[2022-06-13T02:35:11.831+0000][1][safepoint    ] Total time for which application threads were stopped: 0.0010671 seconds, Stopping threads took: 0.0004508 seconds
[2022-06-13T02:35:12.832+0000][1][safepoint    ] Application time: 1.0003789 seconds
[2022-06-13T02:35:12.832+0000][1][safepoint    ] Entering safepoint region: Cleanup
[2022-06-13T02:35:12.833+0000][1][safepoint    ] Leaving safepoint region
[2022-06-13T02:35:12.833+0000][1][safepoint    ] Total time for which application threads were stopped: 0.0011067 seconds, Stopping threads took: 0.0005005 seconds
[2022-06-13T02:35:13.834+0000][1][safepoint    ] Application time: 1.0002218 seconds
[2022-06-13T02:35:13.835+0000][1][safepoint    ] Entering safepoint region: Cleanup
[2022-06-13T02:35:13.835+0000][1][safepoint    ] Leaving safepoint region
[2022-06-13T02:35:13.836+0000][1][safepoint    ] Total time for which application threads were stopped: 0.0012038 seconds, Stopping threads took: 0.0005291 seconds
[2022-06-13T02:35:14.837+0000][1][safepoint    ] Application time: 1.0002289 seconds
[2022-06-13T02:35:14.837+0000][1][safepoint    ] Entering safepoint region: Cleanup
[2022-06-13T02:35:14.838+0000][1][safepoint    ] Leaving safepoint region
[2022-06-13T02:35:14.838+0000][1][safepoint    ] Total time for which application threads were stopped: 0.0009066 seconds, Stopping threads took: 0.0003376 seconds
[2022-06-13T02:35:15.839+0000][1][safepoint    ] Application time: 1.0002253 seconds
[2022-06-13T02:35:15.839+0000][1][safepoint    ] Entering safepoint region: Cleanup
[2022-06-13T02:35:15.840+0000][1][safepoint    ] Leaving safepoint region
[2022-06-13T02:35:15.840+0000][1][safepoint    ] Total time for which application threads were stopped: 0.0008522 seconds, Stopping threads took: 0.0004047 seconds
[2022-06-13T02:35:16.841+0000][1][safepoint    ] Application time: 1.0003906 seconds
[2022-06-13T02:35:16.842+0000][1][safepoint    ] Entering safepoint region: Cleanup
[2022-06-13T02:35:16.843+0000][1][safepoint    ] Leaving safepoint region
[2022-06-13T02:35:16.843+0000][1][safepoint    ] Total time for which application threads were stopped: 0.0015863 seconds, Stopping threads took: 0.0007502 seconds
[2022-06-13T02:35:17.844+0000][1][safepoint    ] Application time: 1.0003291 seconds
[2022-06-13T02:35:17.845+0000][1][safepoint    ] Entering safepoint region: Cleanup
[2022-06-13T02:35:17.845+0000][1][safepoint    ] Leaving safepoint region
[2022-06-13T02:35:17.846+0000][1][safepoint    ] Total time for which application threads were stopped: 0.0007060 seconds, Stopping threads took: 0.0003360 seconds
[2022-06-13T02:35:18.846+0000][1][safepoint    ] Application time: 1.0001052 seconds
[2022-06-13T02:35:18.847+0000][1][safepoint    ] Entering safepoint region: Cleanup
[2022-06-13T02:35:18.847+0000][1][safepoint    ] Leaving safepoint region
[2022-06-13T02:35:18.847+0000][1][safepoint    ] Total time for which application threads were stopped: 0.0009778 seconds, Stopping threads took: 0.0005119 seconds
[2022-06-13T02:35:19.848+0000][1][safepoint    ] Application time: 1.0001824 seconds
[2022-06-13T02:35:19.849+0000][1][safepoint    ] Entering safepoint region: Cleanup
[2022-06-13T02:35:19.849+0000][1][safepoint    ] Leaving safepoint region
[2022-06-13T02:35:19.849+0000][1][safepoint    ] Total time for which application threads were stopped: 0.0008510 seconds, Stopping threads took: 0.0003629 seconds
[2022-06-13T02:35:20.850+0000][1][safepoint    ] Application time: 1.0003432 seconds
[2022-06-13T02:35:20.852+0000][1][safepoint    ] Entering safepoint region: Cleanup
[2022-06-13T02:35:20.852+0000][1][safepoint    ] Leaving safepoint region
[2022-06-13T02:35:20.852+0000][1][safepoint    ] Total time for which application threads were stopped: 0.0010573 seconds, Stopping threads took: 0.0006169 seconds
[2022-06-13T02:35:21.853+0000][1][safepoint    ] Application time: 1.0001223 seconds
[2022-06-13T02:35:21.853+0000][1][safepoint    ] Entering safepoint region: Cleanup
[2022-06-13T02:35:21.854+0000][1][safepoint    ] Leaving safepoint region
[2022-06-13T02:35:21.854+0000][1][safepoint    ] Total time for which application threads were stopped: 0.0008762 seconds, Stopping threads took: 0.0003996 seconds
[2022-06-13T02:35:22.855+0000][1][safepoint    ] Application time: 1.0003047 seconds
[2022-06-13T02:35:22.855+0000][1][safepoint    ] Entering safepoint region: Cleanup
[2022-06-13T02:35:22.856+0000][1][safepoint    ] Leaving safepoint region
[2022-06-13T02:35:22.856+0000][1][safepoint    ] Total time for which application threads were stopped: 0.0008266 seconds, Stopping threads took: 0.0003828 seconds
[2022-06-13T02:35:23.856+0000][1][safepoint    ] Application time: 1.0002158 seconds
[2022-06-13T02:35:23.857+0000][1][safepoint    ] Entering safepoint region: Cleanup
[2022-06-13T02:35:23.858+0000][1][safepoint    ] Leaving safepoint region
[2022-06-13T02:35:23.858+0000][1][safepoint    ] Total time for which application threads were stopped: 0.0008254 seconds, Stopping threads took: 0.0004055 seconds
[2022-06-13T02:35:24.859+0000][1][safepoint    ] Application time: 1.0001932 seconds
[2022-06-13T02:35:24.859+0000][1][safepoint    ] Entering safepoint region: Cleanup
[2022-06-13T02:35:24.860+0000][1][safepoint    ] Leaving safepoint region
[2022-06-13T02:35:24.860+0000][1][safepoint    ] Total time for which application threads were stopped: 0.0007630 seconds, Stopping threads took: 0.0003802 seconds
[2022-06-13T02:35:25.860+0000][1][safepoint    ] Application time: 1.0002072 seconds
[2022-06-13T02:35:25.861+0000][1][safepoint    ] Entering safepoint region: Cleanup
[2022-06-13T02:35:25.861+0000][1][safepoint    ] Leaving safepoint region
[2022-06-13T02:35:25.862+0000][1][safepoint    ] Total time for which application threads were stopped: 0.0008503 seconds, Stopping threads took: 0.0004023 seconds
[2022-06-13T02:35:26.862+0000][1][safepoint    ] Application time: 1.0001376 seconds
[2022-06-13T02:35:26.863+0000][1][safepoint    ] Entering safepoint region: Cleanup
[2022-06-13T02:35:26.863+0000][1][safepoint    ] Leaving safepoint region
[2022-06-13T02:35:26.863+0000][1][safepoint    ] Total time for which application threads were stopped: 0.0007669 seconds, Stopping threads took: 0.0003511 seconds
[2022-06-13T02:35:27.864+0000][1][safepoint    ] Application time: 1.0001289 seconds
[2022-06-13T02:35:27.865+0000][1][safepoint    ] Entering safepoint region: Cleanup
[2022-06-13T02:35:27.865+0000][1][safepoint    ] Leaving safepoint region
[2022-06-13T02:35:27.866+0000][1][safepoint    ] Total time for which application threads were stopped: 0.0010299 seconds, Stopping threads took: 0.0005762 seconds
[2022-06-13T02:35:28.866+0000][1][safepoint    ] Application time: 1.0003591 seconds
[2022-06-13T02:35:28.867+0000][1][safepoint    ] Entering safepoint region: Cleanup
[2022-06-13T02:35:28.867+0000][1][safepoint    ] Leaving safepoint region
[2022-06-13T02:35:28.868+0000][1][safepoint    ] Total time for which application threads were stopped: 0.0009077 seconds, Stopping threads took: 0.0004066 seconds
[2022-06-13T02:35:29.868+0000][1][safepoint    ] Application time: 1.0001909 seconds
[2022-06-13T02:35:29.869+0000][1][safepoint    ] Entering safepoint region: Cleanup
[2022-06-13T02:35:29.869+0000][1][safepoint    ] Leaving safepoint region
[2022-06-13T02:35:29.870+0000][1][safepoint    ] Total time for which application threads were stopped: 0.0008520 seconds, Stopping threads took: 0.0003620 seconds
[2022-06-13T02:35:30.871+0000][1][safepoint    ] Application time: 1.0002565 seconds
[2022-06-13T02:35:30.871+0000][1][safepoint    ] Entering safepoint region: Cleanup
[2022-06-13T02:35:30.871+0000][1][safepoint    ] Leaving safepoint region
[2022-06-13T02:35:30.871+0000][1][safepoint    ] Total time for which application threads were stopped: 0.0002976 seconds, Stopping threads took: 0.0001114 seconds
[2022-06-13T02:35:31.871+0000][1][safepoint    ] Application time: 1.0001891 seconds
[2022-06-13T02:35:31.872+0000][1][safepoint    ] Entering safepoint region: Cleanup
[2022-06-13T02:35:31.872+0000][1][safepoint    ] Leaving safepoint region
[2022-06-13T02:35:31.873+0000][1][safepoint    ] Total time for which application threads were stopped: 0.0008471 seconds, Stopping threads took: 0.0004364 seconds
[2022-06-13T02:35:32.873+0000][1][safepoint    ] Application time: 1.0001703 seconds
[2022-06-13T02:35:32.874+0000][1][safepoint    ] Entering safepoint region: Cleanup
[2022-06-13T02:35:32.874+0000][1][safepoint    ] Leaving safepoint region
[2022-06-13T02:35:32.875+0000][1][safepoint    ] Total time for which application threads were stopped: 0.0007281 seconds, Stopping threads took: 0.0003396 seconds
[2022-06-13T02:35:33.875+0000][1][safepoint    ] Application time: 1.0003412 seconds
[2022-06-13T02:35:33.876+0000][1][safepoint    ] Entering safepoint region: Cleanup
[2022-06-13T02:35:33.877+0000][1][safepoint    ] Leaving safepoint region
[2022-06-13T02:35:33.877+0000][1][safepoint    ] Total time for which application threads were stopped: 0.0014545 seconds, Stopping threads took: 0.0007062 seconds
[2022-06-13T02:35:34.878+0000][1][safepoint    ] Application time: 1.0001706 seconds
[2022-06-13T02:35:34.878+0000][1][safepoint    ] Entering safepoint region: Cleanup
[2022-06-13T02:35:34.879+0000][1][safepoint    ] Leaving safepoint region
[2022-06-13T02:35:34.879+0000][1][safepoint    ] Total time for which application threads were stopped: 0.0005372 seconds, Stopping threads took: 0.0002365 seconds
[2022-06-13T02:35:35.879+0000][1][safepoint    ] Application time: 1.0000949 seconds
[2022-06-13T02:35:35.880+0000][1][safepoint    ] Entering safepoint region: Cleanup
[2022-06-13T02:35:35.880+0000][1][safepoint    ] Leaving safepoint region
[2022-06-13T02:35:35.881+0000][1][safepoint    ] Total time for which application threads were stopped: 0.0009496 seconds, Stopping threads took: 0.0004984 seconds
[2022-06-13T02:35:36.881+0000][1][safepoint    ] Application time: 1.0002243 seconds
[2022-06-13T02:35:36.882+0000][1][safepoint    ] Entering safepoint region: Cleanup
[2022-06-13T02:35:36.882+0000][1][safepoint    ] Leaving safepoint region
[2022-06-13T02:35:36.882+0000][1][safepoint    ] Total time for which application threads were stopped: 0.0006677 seconds, Stopping threads took: 0.0002296 seconds
[2022-06-13T02:35:37.883+0000][1][safepoint    ] Application time: 1.0002102 seconds
[2022-06-13T02:35:37.883+0000][1][safepoint    ] Entering safepoint region: Cleanup
[2022-06-13T02:35:37.884+0000][1][safepoint    ] Leaving safepoint region
[2022-06-13T02:35:37.884+0000][1][safepoint    ] Total time for which application threads were stopped: 0.0006804 seconds, Stopping threads took: 0.0002994 seconds
[2022-06-13T02:35:38.884+0000][1][safepoint    ] Application time: 1.0002006 seconds
[2022-06-13T02:35:38.885+0000][1][safepoint    ] Entering safepoint region: Cleanup
[2022-06-13T02:35:38.885+0000][1][safepoint    ] Leaving safepoint region
[2022-06-13T02:35:38.886+0000][1][safepoint    ] Total time for which application threads were stopped: 0.0007024 seconds, Stopping threads took: 0.0003243 seconds
[2022-06-13T02:35:39.886+0000][1][safepoint    ] Application time: 1.0001735 seconds
[2022-06-13T02:35:39.886+0000][1][safepoint    ] Entering safepoint region: Cleanup
[2022-06-13T02:35:39.887+0000][1][safepoint    ] Leaving safepoint region
[2022-06-13T02:35:39.887+0000][1][safepoint    ] Total time for which application threads were stopped: 0.0005391 seconds, Stopping threads took: 0.0002019 seconds
[2022-06-13T02:35:40.887+0000][1][safepoint    ] Application time: 1.0001462 seconds
[2022-06-13T02:35:40.888+0000][1][safepoint    ] Entering safepoint region: Cleanup
[2022-06-13T02:35:40.888+0000][1][safepoint    ] Leaving safepoint region
[2022-06-13T02:35:40.889+0000][1][safepoint    ] Total time for which application threads were stopped: 0.0008501 seconds, Stopping threads took: 0.0004528 seconds
[2022-06-13T02:35:41.889+0000][1][safepoint    ] Application time: 1.0002291 seconds
[2022-06-13T02:35:41.890+0000][1][safepoint    ] Entering safepoint region: Cleanup
[2022-06-13T02:35:41.891+0000][1][safepoint    ] Leaving safepoint region
[2022-06-13T02:35:41.891+0000][1][safepoint    ] Total time for which application threads were stopped: 0.0011243 seconds, Stopping threads took: 0.0005288 seconds
[2022-06-13T02:35:42.892+0000][1][safepoint    ] Application time: 1.0001842 seconds
[2022-06-13T02:35:42.892+0000][1][safepoint    ] Entering safepoint region: Cleanup
[2022-06-13T02:35:42.893+0000][1][safepoint    ] Leaving safepoint region
[2022-06-13T02:35:42.893+0000][1][safepoint    ] Total time for which application threads were stopped: 0.0009782 seconds, Stopping threads took: 0.0004384 seconds
[2022-06-13T02:35:43.894+0000][1][safepoint    ] Application time: 1.0002701 seconds
[2022-06-13T02:35:43.895+0000][1][safepoint    ] Entering safepoint region: Cleanup
[2022-06-13T02:35:43.895+0000][1][safepoint    ] Leaving safepoint region
[2022-06-13T02:35:43.896+0000][1][safepoint    ] Total time for which application threads were stopped: 0.0009215 seconds, Stopping threads took: 0.0004231 seconds
[2022-06-13T02:35:44.896+0000][1][safepoint    ] Application time: 1.0001646 seconds
[2022-06-13T02:35:44.897+0000][1][safepoint    ] Entering safepoint region: Cleanup
[2022-06-13T02:35:44.897+0000][1][safepoint    ] Leaving safepoint region
[2022-06-13T02:35:44.898+0000][1][safepoint    ] Total time for which application threads were stopped: 0.0008853 seconds, Stopping threads took: 0.0003970 seconds
[2022-06-13T02:35:45.898+0000][1][safepoint    ] Application time: 1.0001752 seconds
[2022-06-13T02:35:45.899+0000][1][safepoint    ] Entering safepoint region: Cleanup
[2022-06-13T02:35:45.899+0000][1][safepoint    ] Leaving safepoint region
[2022-06-13T02:35:45.899+0000][1][safepoint    ] Total time for which application threads were stopped: 0.0006681 seconds, Stopping threads took: 0.0002753 seconds
[2022-06-13T02:35:46.900+0000][1][safepoint    ] Application time: 1.0001158 seconds
[2022-06-13T02:35:46.900+0000][1][safepoint    ] Entering safepoint region: Cleanup
[2022-06-13T02:35:46.901+0000][1][safepoint    ] Leaving safepoint region
[2022-06-13T02:35:46.901+0000][1][safepoint    ] Total time for which application threads were stopped: 0.0006257 seconds, Stopping threads took: 0.0001974 seconds
[2022-06-13T02:35:47.901+0000][1][safepoint    ] Application time: 1.0002065 seconds
[2022-06-13T02:35:47.902+0000][1][safepoint    ] Entering safepoint region: Cleanup
[2022-06-13T02:35:47.903+0000][1][safepoint    ] Leaving safepoint region
[2022-06-13T02:35:47.903+0000][1][safepoint    ] Total time for which application threads were stopped: 0.0009580 seconds, Stopping threads took: 0.0002749 seconds
[2022-06-13T02:35:48.904+0000][1][safepoint    ] Application time: 1.0001521 seconds
[2022-06-13T02:35:48.904+0000][1][safepoint    ] Entering safepoint region: Cleanup
[2022-06-13T02:35:48.904+0000][1][safepoint    ] Leaving safepoint region
[2022-06-13T02:35:48.905+0000][1][safepoint    ] Total time for which application threads were stopped: 0.0005114 seconds, Stopping threads took: 0.0002801 seconds
[2022-06-13T02:35:49.905+0000][1][safepoint    ] Application time: 1.0001727 seconds
[2022-06-13T02:35:49.906+0000][1][safepoint    ] Entering safepoint region: Cleanup
[2022-06-13T02:35:49.906+0000][1][safepoint    ] Leaving safepoint region
[2022-06-13T02:35:49.906+0000][1][safepoint    ] Total time for which application threads were stopped: 0.0008739 seconds, Stopping threads took: 0.0004017 seconds
[2022-06-13T02:35:50.907+0000][1][safepoint    ] Application time: 1.0001830 seconds
[2022-06-13T02:35:50.907+0000][1][safepoint    ] Entering safepoint region: Cleanup
[2022-06-13T02:35:50.908+0000][1][safepoint    ] Leaving safepoint region
[2022-06-13T02:35:50.908+0000][1][safepoint    ] Total time for which application threads were stopped: 0.0007364 seconds, Stopping threads took: 0.0003214 seconds
[2022-06-13T02:35:51.909+0000][1][safepoint    ] Application time: 1.0001603 seconds
[2022-06-13T02:35:51.909+0000][1][safepoint    ] Entering safepoint region: Cleanup
[2022-06-13T02:35:51.909+0000][1][safepoint    ] Leaving safepoint region
[2022-06-13T02:35:51.909+0000][1][safepoint    ] Total time for which application threads were stopped: 0.0006433 seconds, Stopping threads took: 0.0003083 seconds
[2022-06-13T02:35:52.910+0000][1][safepoint    ] Application time: 1.0003400 seconds
[2022-06-13T02:35:52.911+0000][1][safepoint    ] Entering safepoint region: Cleanup
[2022-06-13T02:35:52.911+0000][1][safepoint    ] Leaving safepoint region
[2022-06-13T02:35:52.912+0000][1][safepoint    ] Total time for which application threads were stopped: 0.0008198 seconds, Stopping threads took: 0.0003712 seconds
[2022-06-13T02:35:53.912+0000][1][safepoint    ] Application time: 1.0002075 seconds
[2022-06-13T02:35:53.913+0000][1][safepoint    ] Entering safepoint region: Cleanup
[2022-06-13T02:35:53.913+0000][1][safepoint    ] Leaving safepoint region
[2022-06-13T02:35:53.913+0000][1][safepoint    ] Total time for which application threads were stopped: 0.0006524 seconds, Stopping threads took: 0.0002714 seconds
[2022-06-13T02:35:54.914+0000][1][safepoint    ] Application time: 1.0002510 seconds
[2022-06-13T02:35:54.914+0000][1][safepoint    ] Entering safepoint region: Cleanup
[2022-06-13T02:35:54.915+0000][1][safepoint    ] Leaving safepoint region
[2022-06-13T02:35:54.915+0000][1][safepoint    ] Total time for which application threads were stopped: 0.0007728 seconds, Stopping threads took: 0.0003842 seconds
[2022-06-13T02:35:55.916+0000][1][safepoint    ] Application time: 1.0001453 seconds
[2022-06-13T02:35:55.917+0000][1][safepoint    ] Entering safepoint region: Cleanup
[2022-06-13T02:35:55.917+0000][1][safepoint    ] Leaving safepoint region
[2022-06-13T02:35:55.918+0000][1][safepoint    ] Total time for which application threads were stopped: 0.0013881 seconds, Stopping threads took: 0.0007641 seconds
[2022-06-13T02:35:56.918+0000][1][safepoint    ] Application time: 1.0001765 seconds
[2022-06-13T02:35:56.919+0000][1][safepoint    ] Entering safepoint region: Cleanup
[2022-06-13T02:35:56.919+0000][1][safepoint    ] Leaving safepoint region
[2022-06-13T02:35:56.919+0000][1][safepoint    ] Total time for which application threads were stopped: 0.0006275 seconds, Stopping threads took: 0.0002769 seconds
[2022-06-13T02:35:57.920+0000][1][safepoint    ] Application time: 1.0001897 seconds
[2022-06-13T02:35:57.920+0000][1][safepoint    ] Entering safepoint region: Cleanup
[2022-06-13T02:35:57.921+0000][1][safepoint    ] Leaving safepoint region
[2022-06-13T02:35:57.921+0000][1][safepoint    ] Total time for which application threads were stopped: 0.0007378 seconds, Stopping threads took: 0.0003461 seconds
[2022-06-13T02:35:58.717+0000][1][safepoint    ] Application time: 0.7959252 seconds
[2022-06-13T02:35:58.718+0000][1][safepoint    ] Entering safepoint region: GenCollectForAllocation
[2022-06-13T02:35:58.718+0000][1][gc,start     ] GC(23) Pause Young (Allocation Failure)
[2022-06-13T02:35:58.719+0000][1][gc,task      ] GC(23) Using 5 workers of 13 for evacuation
[2022-06-13T02:35:58.725+0000][1][gc,age       ] GC(23) Desired survivor size 4456448 bytes, new threshold 6 (max threshold 6)
[2022-06-13T02:35:58.758+0000][1][gc,age       ] GC(23) Age table with threshold 6 (max threshold 6)
[2022-06-13T02:35:58.758+0000][1][gc,age       ] GC(23) - age   1:      83984 bytes,      83984 total
[2022-06-13T02:35:58.758+0000][1][gc,age       ] GC(23) - age   2:     948872 bytes,    1032856 total
[2022-06-13T02:35:58.758+0000][1][gc,heap      ] GC(23) ParNew: 76235K->4940K(78656K)
[2022-06-13T02:35:58.758+0000][1][gc,heap      ] GC(23) CMS: 63794K->67823K(174784K)
[2022-06-13T02:35:58.758+0000][1][gc,metaspace ] GC(23) Metaspace: 65031K->65031K(1110016K)
[2022-06-13T02:35:58.758+0000][1][gc           ] GC(23) Pause Young (Allocation Failure) 136M->71M(247M) 40.015ms
[2022-06-13T02:35:58.759+0000][1][gc,cpu       ] GC(23) User=0.02s Sys=0.00s Real=0.04s
[2022-06-13T02:35:58.759+0000][1][safepoint    ] Leaving safepoint region
[2022-06-13T02:35:58.759+0000][1][safepoint    ] Total time for which application threads were stopped: 0.0413724 seconds, Stopping threads took: 0.0004762 seconds
[2022-06-13T02:35:59.760+0000][1][safepoint    ] Application time: 1.0002490 seconds
[2022-06-13T02:35:59.760+0000][1][safepoint    ] Entering safepoint region: Cleanup
[2022-06-13T02:35:59.761+0000][1][safepoint    ] Leaving safepoint region
[2022-06-13T02:35:59.761+0000][1][safepoint    ] Total time for which application threads were stopped: 0.0006972 seconds, Stopping threads took: 0.0003596 seconds
[2022-06-13T02:36:00.761+0000][1][safepoint    ] Application time: 1.0001477 seconds
[2022-06-13T02:36:00.762+0000][1][safepoint    ] Entering safepoint region: Cleanup
[2022-06-13T02:36:00.762+0000][1][safepoint    ] Leaving safepoint region
[2022-06-13T02:36:00.762+0000][1][safepoint    ] Total time for which application threads were stopped: 0.0005115 seconds, Stopping threads took: 0.0002469 seconds
[2022-06-13T02:36:01.763+0000][1][safepoint    ] Application time: 1.0001621 seconds
[2022-06-13T02:36:01.763+0000][1][safepoint    ] Entering safepoint region: Cleanup
[2022-06-13T02:36:01.763+0000][1][safepoint    ] Leaving safepoint region
[2022-06-13T02:36:01.764+0000][1][safepoint    ] Total time for which application threads were stopped: 0.0007022 seconds, Stopping threads took: 0.0003325 seconds
[2022-06-13T02:36:02.764+0000][1][safepoint    ] Application time: 1.0002234 seconds
[2022-06-13T02:36:02.765+0000][1][safepoint    ] Entering safepoint region: Cleanup
[2022-06-13T02:36:02.765+0000][1][safepoint    ] Leaving safepoint region
[2022-06-13T02:36:02.765+0000][1][safepoint    ] Total time for which application threads were stopped: 0.0005708 seconds, Stopping threads took: 0.0002120 seconds
[2022-06-13T02:36:03.765+0000][1][safepoint    ] Application time: 1.0002099 seconds
[2022-06-13T02:36:03.766+0000][1][safepoint    ] Entering safepoint region: Cleanup
[2022-06-13T02:36:03.766+0000][1][safepoint    ] Leaving safepoint region
[2022-06-13T02:36:03.766+0000][1][safepoint    ] Total time for which application threads were stopped: 0.0006489 seconds, Stopping threads took: 0.0002536 seconds
[2022-06-13T02:36:04.767+0000][1][safepoint    ] Application time: 1.0002989 seconds
[2022-06-13T02:36:04.767+0000][1][safepoint    ] Entering safepoint region: Cleanup
[2022-06-13T02:36:04.768+0000][1][safepoint    ] Leaving safepoint region
[2022-06-13T02:36:04.768+0000][1][safepoint    ] Total time for which application threads were stopped: 0.0006311 seconds, Stopping threads took: 0.0002789 seconds
[2022-06-13T02:36:05.768+0000][1][safepoint    ] Application time: 1.0001844 seconds
[2022-06-13T02:36:05.769+0000][1][safepoint    ] Entering safepoint region: Cleanup
[2022-06-13T02:36:05.770+0000][1][safepoint    ] Leaving safepoint region
[2022-06-13T02:36:05.770+0000][1][safepoint    ] Total time for which application threads were stopped: 0.0011322 seconds, Stopping threads took: 0.0004431 seconds
[2022-06-13T02:36:06.771+0000][1][safepoint    ] Application time: 1.0001844 seconds
[2022-06-13T02:36:06.772+0000][1][safepoint    ] Entering safepoint region: Cleanup
[2022-06-13T02:36:06.773+0000][1][safepoint    ] Leaving safepoint region
[2022-06-13T02:36:06.773+0000][1][safepoint    ] Total time for which application threads were stopped: 0.0014091 seconds, Stopping threads took: 0.0006479 seconds
[2022-06-13T02:36:07.774+0000][1][safepoint    ] Application time: 1.0003101 seconds
[2022-06-13T02:36:07.775+0000][1][safepoint    ] Entering safepoint region: Cleanup
[2022-06-13T02:36:07.775+0000][1][safepoint    ] Leaving safepoint region
[2022-06-13T02:36:07.776+0000][1][safepoint    ] Total time for which application threads were stopped: 0.0013316 seconds, Stopping threads took: 0.0005416 seconds
[2022-06-13T02:36:08.777+0000][1][safepoint    ] Application time: 1.0001908 seconds
[2022-06-13T02:36:08.777+0000][1][safepoint    ] Entering safepoint region: Cleanup
[2022-06-13T02:36:08.778+0000][1][safepoint    ] Leaving safepoint region
[2022-06-13T02:36:08.778+0000][1][safepoint    ] Total time for which application threads were stopped: 0.0005561 seconds, Stopping threads took: 0.0002894 seconds
[2022-06-13T02:36:09.778+0000][1][safepoint    ] Application time: 1.0001356 seconds
[2022-06-13T02:36:09.779+0000][1][safepoint    ] Entering safepoint region: Cleanup
[2022-06-13T02:36:09.780+0000][1][safepoint    ] Leaving safepoint region
[2022-06-13T02:36:09.780+0000][1][safepoint    ] Total time for which application threads were stopped: 0.0011404 seconds, Stopping threads took: 0.0005313 seconds
[2022-06-13T02:36:10.781+0000][1][safepoint    ] Application time: 1.0001972 seconds
[2022-06-13T02:36:10.781+0000][1][safepoint    ] Entering safepoint region: Cleanup
[2022-06-13T02:36:10.782+0000][1][safepoint    ] Leaving safepoint region
[2022-06-13T02:36:10.782+0000][1][safepoint    ] Total time for which application threads were stopped: 0.0008371 seconds, Stopping threads took: 0.0003873 seconds
[2022-06-13T02:36:11.783+0000][1][safepoint    ] Application time: 1.0002958 seconds
[2022-06-13T02:36:11.783+0000][1][safepoint    ] Entering safepoint region: Cleanup
[2022-06-13T02:36:11.784+0000][1][safepoint    ] Leaving safepoint region
[2022-06-13T02:36:11.785+0000][1][safepoint    ] Total time for which application threads were stopped: 0.0010883 seconds, Stopping threads took: 0.0005248 seconds
[2022-06-13T02:36:12.785+0000][1][safepoint    ] Application time: 1.0002548 seconds
[2022-06-13T02:36:12.786+0000][1][safepoint    ] Entering safepoint region: Cleanup
[2022-06-13T02:36:12.786+0000][1][safepoint    ] Leaving safepoint region
[2022-06-13T02:36:12.787+0000][1][safepoint    ] Total time for which application threads were stopped: 0.0007437 seconds, Stopping threads took: 0.0003150 seconds
[2022-06-13T02:36:13.787+0000][1][safepoint    ] Application time: 1.0002328 seconds
[2022-06-13T02:36:13.788+0000][1][safepoint    ] Entering safepoint region: Cleanup
[2022-06-13T02:36:13.788+0000][1][safepoint    ] Leaving safepoint region
[2022-06-13T02:36:13.789+0000][1][safepoint    ] Total time for which application threads were stopped: 0.0010535 seconds, Stopping threads took: 0.0005122 seconds
[2022-06-13T02:36:14.789+0000][1][safepoint    ] Application time: 1.0001661 seconds
[2022-06-13T02:36:14.790+0000][1][safepoint    ] Entering safepoint region: Cleanup
[2022-06-13T02:36:14.790+0000][1][safepoint    ] Leaving safepoint region
[2022-06-13T02:36:14.790+0000][1][safepoint    ] Total time for which application threads were stopped: 0.0007119 seconds, Stopping threads took: 0.0003346 seconds
[2022-06-13T02:36:15.791+0000][1][safepoint    ] Application time: 1.0002260 seconds
[2022-06-13T02:36:15.791+0000][1][safepoint    ] Entering safepoint region: Cleanup
[2022-06-13T02:36:15.792+0000][1][safepoint    ] Leaving safepoint region
[2022-06-13T02:36:15.792+0000][1][safepoint    ] Total time for which application threads were stopped: 0.0008580 seconds, Stopping threads took: 0.0003842 seconds
[2022-06-13T02:36:16.793+0000][1][safepoint    ] Application time: 1.0002179 seconds
[2022-06-13T02:36:16.793+0000][1][safepoint    ] Entering safepoint region: Cleanup
[2022-06-13T02:36:16.794+0000][1][safepoint    ] Leaving safepoint region
[2022-06-13T02:36:16.794+0000][1][safepoint    ] Total time for which application threads were stopped: 0.0006851 seconds, Stopping threads took: 0.0003545 seconds
[2022-06-13T02:36:17.795+0000][1][safepoint    ] Application time: 1.0003487 seconds
[2022-06-13T02:36:17.795+0000][1][safepoint    ] Entering safepoint region: Cleanup
[2022-06-13T02:36:17.796+0000][1][safepoint    ] Leaving safepoint region
[2022-06-13T02:36:17.796+0000][1][safepoint    ] Total time for which application threads were stopped: 0.0006934 seconds, Stopping threads took: 0.0002776 seconds
[2022-06-13T02:36:18.796+0000][1][safepoint    ] Application time: 1.0001372 seconds
[2022-06-13T02:36:18.797+0000][1][safepoint    ] Entering safepoint region: Cleanup
[2022-06-13T02:36:18.797+0000][1][safepoint    ] Leaving safepoint region
[2022-06-13T02:36:18.797+0000][1][safepoint    ] Total time for which application threads were stopped: 0.0004541 seconds, Stopping threads took: 0.0001365 seconds
[2022-06-13T02:36:19.797+0000][1][safepoint    ] Application time: 1.0001877 seconds
[2022-06-13T02:36:19.798+0000][1][safepoint    ] Entering safepoint region: Cleanup
[2022-06-13T02:36:19.798+0000][1][safepoint    ] Leaving safepoint region
[2022-06-13T02:36:19.799+0000][1][safepoint    ] Total time for which application threads were stopped: 0.0008126 seconds, Stopping threads took: 0.0003312 seconds
[2022-06-13T02:36:20.799+0000][1][safepoint    ] Application time: 1.0001233 seconds
[2022-06-13T02:36:20.800+0000][1][safepoint    ] Entering safepoint region: Cleanup
[2022-06-13T02:36:20.800+0000][1][safepoint    ] Leaving safepoint region
[2022-06-13T02:36:20.800+0000][1][safepoint    ] Total time for which application threads were stopped: 0.0005817 seconds, Stopping threads took: 0.0001911 seconds
[2022-06-13T02:36:21.801+0000][1][safepoint    ] Application time: 1.0002061 seconds
[2022-06-13T02:36:21.801+0000][1][safepoint    ] Entering safepoint region: Cleanup
[2022-06-13T02:36:21.802+0000][1][safepoint    ] Leaving safepoint region
[2022-06-13T02:36:21.802+0000][1][safepoint    ] Total time for which application threads were stopped: 0.0014028 seconds, Stopping threads took: 0.0007068 seconds
[2022-06-13T02:36:22.803+0000][1][safepoint    ] Application time: 1.0002947 seconds
[2022-06-13T02:36:22.804+0000][1][safepoint    ] Entering safepoint region: Cleanup
[2022-06-13T02:36:22.804+0000][1][safepoint    ] Leaving safepoint region
[2022-06-13T02:36:22.804+0000][1][safepoint    ] Total time for which application threads were stopped: 0.0006482 seconds, Stopping threads took: 0.0002800 seconds
[2022-06-13T02:36:23.805+0000][1][safepoint    ] Application time: 1.0001010 seconds
[2022-06-13T02:36:23.805+0000][1][safepoint    ] Entering safepoint region: Cleanup
[2022-06-13T02:36:23.805+0000][1][safepoint    ] Leaving safepoint region
[2022-06-13T02:36:23.806+0000][1][safepoint    ] Total time for which application threads were stopped: 0.0004889 seconds, Stopping threads took: 0.0001907 seconds
[2022-06-13T02:36:24.806+0000][1][safepoint    ] Application time: 1.0001934 seconds
[2022-06-13T02:36:24.807+0000][1][safepoint    ] Entering safepoint region: Cleanup
[2022-06-13T02:36:24.807+0000][1][safepoint    ] Leaving safepoint region
[2022-06-13T02:36:24.807+0000][1][safepoint    ] Total time for which application threads were stopped: 0.0004105 seconds, Stopping threads took: 0.0002053 seconds
[2022-06-13T02:36:25.807+0000][1][safepoint    ] Application time: 1.0002074 seconds
[2022-06-13T02:36:25.808+0000][1][safepoint    ] Entering safepoint region: Cleanup
[2022-06-13T02:36:25.808+0000][1][safepoint    ] Leaving safepoint region
[2022-06-13T02:36:25.809+0000][1][safepoint    ] Total time for which application threads were stopped: 0.0008732 seconds, Stopping threads took: 0.0003764 seconds
[2022-06-13T02:36:26.809+0000][1][safepoint    ] Application time: 1.0001471 seconds
[2022-06-13T02:36:26.810+0000][1][safepoint    ] Entering safepoint region: Cleanup
[2022-06-13T02:36:26.811+0000][1][safepoint    ] Leaving safepoint region
[2022-06-13T02:36:26.811+0000][1][safepoint    ] Total time for which application threads were stopped: 0.0015395 seconds, Stopping threads took: 0.0007353 seconds
[2022-06-13T02:36:27.812+0000][1][safepoint    ] Application time: 1.0002185 seconds
[2022-06-13T02:36:27.813+0000][1][safepoint    ] Entering safepoint region: Cleanup
[2022-06-13T02:36:27.813+0000][1][safepoint    ] Leaving safepoint region
[2022-06-13T02:36:27.814+0000][1][safepoint    ] Total time for which application threads were stopped: 0.0008973 seconds, Stopping threads took: 0.0002972 seconds
[2022-06-13T02:36:28.814+0000][1][safepoint    ] Application time: 1.0001449 seconds
[2022-06-13T02:36:28.815+0000][1][safepoint    ] Entering safepoint region: Cleanup
[2022-06-13T02:36:28.815+0000][1][safepoint    ] Leaving safepoint region
[2022-06-13T02:36:28.816+0000][1][safepoint    ] Total time for which application threads were stopped: 0.0009564 seconds, Stopping threads took: 0.0003726 seconds
[2022-06-13T02:36:29.817+0000][1][safepoint    ] Application time: 1.0002558 seconds
[2022-06-13T02:36:29.817+0000][1][safepoint    ] Entering safepoint region: Cleanup
[2022-06-13T02:36:29.817+0000][1][safepoint    ] Leaving safepoint region
[2022-06-13T02:36:29.818+0000][1][safepoint    ] Total time for which application threads were stopped: 0.0006117 seconds, Stopping threads took: 0.0002689 seconds
[2022-06-13T02:36:30.818+0000][1][safepoint    ] Application time: 1.0003192 seconds
[2022-06-13T02:36:30.819+0000][1][safepoint    ] Entering safepoint region: Cleanup
[2022-06-13T02:36:30.820+0000][1][safepoint    ] Leaving safepoint region
[2022-06-13T02:36:30.820+0000][1][safepoint    ] Total time for which application threads were stopped: 0.0013700 seconds, Stopping threads took: 0.0006042 seconds
[2022-06-13T02:36:31.821+0000][1][safepoint    ] Application time: 1.0003610 seconds
[2022-06-13T02:36:31.822+0000][1][safepoint    ] Entering safepoint region: Cleanup
[2022-06-13T02:36:31.822+0000][1][safepoint    ] Leaving safepoint region
[2022-06-13T02:36:31.822+0000][1][safepoint    ] Total time for which application threads were stopped: 0.0006479 seconds, Stopping threads took: 0.0003137 seconds
[2022-06-13T02:36:32.823+0000][1][safepoint    ] Application time: 1.0001672 seconds
[2022-06-13T02:36:32.823+0000][1][safepoint    ] Entering safepoint region: Cleanup
[2022-06-13T02:36:32.824+0000][1][safepoint    ] Leaving safepoint region
[2022-06-13T02:36:32.824+0000][1][safepoint    ] Total time for which application threads were stopped: 0.0009662 seconds, Stopping threads took: 0.0004630 seconds
[2022-06-13T02:36:33.825+0000][1][safepoint    ] Application time: 1.0001640 seconds
[2022-06-13T02:36:33.825+0000][1][safepoint    ] Entering safepoint region: Cleanup
[2022-06-13T02:36:33.826+0000][1][safepoint    ] Leaving safepoint region
[2022-06-13T02:36:33.826+0000][1][safepoint    ] Total time for which application threads were stopped: 0.0012021 seconds, Stopping threads took: 0.0005831 seconds
[2022-06-13T02:36:34.827+0000][1][safepoint    ] Application time: 1.0001262 seconds
[2022-06-13T02:36:34.827+0000][1][safepoint    ] Entering safepoint region: Cleanup
[2022-06-13T02:36:34.828+0000][1][safepoint    ] Leaving safepoint region
[2022-06-13T02:36:34.828+0000][1][safepoint    ] Total time for which application threads were stopped: 0.0006319 seconds, Stopping threads took: 0.0002849 seconds
[2022-06-13T02:36:35.829+0000][1][safepoint    ] Application time: 1.0002020 seconds
[2022-06-13T02:36:35.829+0000][1][safepoint    ] Entering safepoint region: Cleanup
[2022-06-13T02:36:35.830+0000][1][safepoint    ] Leaving safepoint region
[2022-06-13T02:36:35.830+0000][1][safepoint    ] Total time for which application threads were stopped: 0.0007043 seconds, Stopping threads took: 0.0003785 seconds
[2022-06-13T02:36:36.830+0000][1][safepoint    ] Application time: 1.0002558 seconds
[2022-06-13T02:36:36.831+0000][1][safepoint    ] Entering safepoint region: Cleanup
[2022-06-13T02:36:36.832+0000][1][safepoint    ] Leaving safepoint region
[2022-06-13T02:36:36.832+0000][1][safepoint    ] Total time for which application threads were stopped: 0.0013809 seconds, Stopping threads took: 0.0006688 seconds
[2022-06-13T02:36:37.833+0000][1][safepoint    ] Application time: 1.0002216 seconds
[2022-06-13T02:36:37.834+0000][1][safepoint    ] Entering safepoint region: Cleanup
[2022-06-13T02:36:37.834+0000][1][safepoint    ] Leaving safepoint region
[2022-06-13T02:36:37.834+0000][1][safepoint    ] Total time for which application threads were stopped: 0.0007680 seconds, Stopping threads took: 0.0003499 seconds
[2022-06-13T02:36:38.835+0000][1][safepoint    ] Application time: 1.0001467 seconds
[2022-06-13T02:36:38.836+0000][1][safepoint    ] Entering safepoint region: Cleanup
[2022-06-13T02:36:38.836+0000][1][safepoint    ] Leaving safepoint region
[2022-06-13T02:36:38.837+0000][1][safepoint    ] Total time for which application threads were stopped: 0.0010705 seconds, Stopping threads took: 0.0004960 seconds
[2022-06-13T02:36:39.837+0000][1][safepoint    ] Application time: 1.0001647 seconds
[2022-06-13T02:36:39.838+0000][1][safepoint    ] Entering safepoint region: Cleanup
[2022-06-13T02:36:39.838+0000][1][safepoint    ] Leaving safepoint region
[2022-06-13T02:36:39.838+0000][1][safepoint    ] Total time for which application threads were stopped: 0.0006749 seconds, Stopping threads took: 0.0002939 seconds
[2022-06-13T02:36:40.839+0000][1][safepoint    ] Application time: 1.0002618 seconds
[2022-06-13T02:36:40.840+0000][1][safepoint    ] Entering safepoint region: Cleanup
[2022-06-13T02:36:40.840+0000][1][safepoint    ] Leaving safepoint region
[2022-06-13T02:36:40.841+0000][1][safepoint    ] Total time for which application threads were stopped: 0.0008330 seconds, Stopping threads took: 0.0004624 seconds
[2022-06-13T02:36:41.841+0000][1][safepoint    ] Application time: 1.0002234 seconds
[2022-06-13T02:36:41.842+0000][1][safepoint    ] Entering safepoint region: Cleanup
[2022-06-13T02:36:41.842+0000][1][safepoint    ] Leaving safepoint region
[2022-06-13T02:36:41.842+0000][1][safepoint    ] Total time for which application threads were stopped: 0.0008148 seconds, Stopping threads took: 0.0003527 seconds
[2022-06-13T02:36:42.843+0000][1][safepoint    ] Application time: 1.0002412 seconds
[2022-06-13T02:36:42.844+0000][1][safepoint    ] Entering safepoint region: Cleanup
[2022-06-13T02:36:42.844+0000][1][safepoint    ] Leaving safepoint region
[2022-06-13T02:36:42.844+0000][1][safepoint    ] Total time for which application threads were stopped: 0.0008721 seconds, Stopping threads took: 0.0003760 seconds
[2022-06-13T02:36:43.845+0000][1][safepoint    ] Application time: 1.0001316 seconds
[2022-06-13T02:36:43.845+0000][1][safepoint    ] Entering safepoint region: Cleanup
[2022-06-13T02:36:43.845+0000][1][safepoint    ] Leaving safepoint region
[2022-06-13T02:36:43.845+0000][1][safepoint    ] Total time for which application threads were stopped: 0.0003390 seconds, Stopping threads took: 0.0001536 seconds
[2022-06-13T02:36:44.846+0000][1][safepoint    ] Application time: 1.0002321 seconds
[2022-06-13T02:36:44.846+0000][1][safepoint    ] Entering safepoint region: Cleanup
[2022-06-13T02:36:44.847+0000][1][safepoint    ] Leaving safepoint region
[2022-06-13T02:36:44.847+0000][1][safepoint    ] Total time for which application threads were stopped: 0.0009971 seconds, Stopping threads took: 0.0004957 seconds
[2022-06-13T02:36:45.848+0000][1][safepoint    ] Application time: 1.0001342 seconds
[2022-06-13T02:36:45.848+0000][1][safepoint    ] Entering safepoint region: Cleanup
[2022-06-13T02:36:45.848+0000][1][safepoint    ] Leaving safepoint region
[2022-06-13T02:36:45.849+0000][1][safepoint    ] Total time for which application threads were stopped: 0.0008580 seconds, Stopping threads took: 0.0002579 seconds
[2022-06-13T02:36:46.849+0000][1][safepoint    ] Application time: 1.0002423 seconds
[2022-06-13T02:36:46.850+0000][1][safepoint    ] Entering safepoint region: Cleanup
[2022-06-13T02:36:46.850+0000][1][safepoint    ] Leaving safepoint region
[2022-06-13T02:36:46.850+0000][1][safepoint    ] Total time for which application threads were stopped: 0.0005646 seconds, Stopping threads took: 0.0002791 seconds
[2022-06-13T02:36:47.851+0000][1][safepoint    ] Application time: 1.0002242 seconds
[2022-06-13T02:36:47.852+0000][1][safepoint    ] Entering safepoint region: Cleanup
[2022-06-13T02:36:47.853+0000][1][safepoint    ] Leaving safepoint region
[2022-06-13T02:36:47.853+0000][1][safepoint    ] Total time for which application threads were stopped: 0.0015769 seconds, Stopping threads took: 0.0006826 seconds
[2022-06-13T02:36:48.854+0000][1][safepoint    ] Application time: 1.0001875 seconds
[2022-06-13T02:36:48.854+0000][1][safepoint    ] Entering safepoint region: Cleanup
[2022-06-13T02:36:48.855+0000][1][safepoint    ] Leaving safepoint region
[2022-06-13T02:36:48.855+0000][1][safepoint    ] Total time for which application threads were stopped: 0.0004171 seconds, Stopping threads took: 0.0001442 seconds
[2022-06-13T02:36:49.855+0000][1][safepoint    ] Application time: 1.0001093 seconds
[2022-06-13T02:36:49.856+0000][1][safepoint    ] Entering safepoint region: Cleanup
[2022-06-13T02:36:49.856+0000][1][safepoint    ] Leaving safepoint region
[2022-06-13T02:36:49.857+0000][1][safepoint    ] Total time for which application threads were stopped: 0.0012257 seconds, Stopping threads took: 0.0005829 seconds
[2022-06-13T02:36:50.857+0000][1][safepoint    ] Application time: 1.0001975 seconds
[2022-06-13T02:36:50.858+0000][1][safepoint    ] Entering safepoint region: Cleanup
[2022-06-13T02:36:50.859+0000][1][safepoint    ] Leaving safepoint region
[2022-06-13T02:36:50.859+0000][1][safepoint    ] Total time for which application threads were stopped: 0.0009227 seconds, Stopping threads took: 0.0004916 seconds
[2022-06-13T02:36:51.859+0000][1][safepoint    ] Application time: 1.0001925 seconds
[2022-06-13T02:36:51.860+0000][1][safepoint    ] Entering safepoint region: Cleanup
[2022-06-13T02:36:51.860+0000][1][safepoint    ] Leaving safepoint region
[2022-06-13T02:36:51.860+0000][1][safepoint    ] Total time for which application threads were stopped: 0.0004787 seconds, Stopping threads took: 0.0001615 seconds
[2022-06-13T02:36:52.860+0000][1][safepoint    ] Application time: 1.0001036 seconds
[2022-06-13T02:36:52.861+0000][1][safepoint    ] Entering safepoint region: Cleanup
[2022-06-13T02:36:52.862+0000][1][safepoint    ] Leaving safepoint region
[2022-06-13T02:36:52.862+0000][1][safepoint    ] Total time for which application threads were stopped: 0.0007635 seconds, Stopping threads took: 0.0003681 seconds
[2022-06-13T02:36:53.862+0000][1][safepoint    ] Application time: 1.0002087 seconds
[2022-06-13T02:36:53.863+0000][1][safepoint    ] Entering safepoint region: Cleanup
[2022-06-13T02:36:53.863+0000][1][safepoint    ] Leaving safepoint region
[2022-06-13T02:36:53.863+0000][1][safepoint    ] Total time for which application threads were stopped: 0.0006244 seconds, Stopping threads took: 0.0002821 seconds
[2022-06-13T02:36:54.864+0000][1][safepoint    ] Application time: 1.0001574 seconds
[2022-06-13T02:36:54.864+0000][1][safepoint    ] Entering safepoint region: Cleanup
[2022-06-13T02:36:54.865+0000][1][safepoint    ] Leaving safepoint region
[2022-06-13T02:36:54.865+0000][1][safepoint    ] Total time for which application threads were stopped: 0.0007615 seconds, Stopping threads took: 0.0003619 seconds
[2022-06-13T02:36:55.866+0000][1][safepoint    ] Application time: 1.0002863 seconds
[2022-06-13T02:36:55.866+0000][1][safepoint    ] Entering safepoint region: Cleanup
[2022-06-13T02:36:55.867+0000][1][safepoint    ] Leaving safepoint region
[2022-06-13T02:36:55.867+0000][1][safepoint    ] Total time for which application threads were stopped: 0.0008982 seconds, Stopping threads took: 0.0003996 seconds
[2022-06-13T02:36:56.868+0000][1][safepoint    ] Application time: 1.0001819 seconds
[2022-06-13T02:36:56.868+0000][1][safepoint    ] Entering safepoint region: Cleanup
[2022-06-13T02:36:56.869+0000][1][safepoint    ] Leaving safepoint region
[2022-06-13T02:36:56.869+0000][1][safepoint    ] Total time for which application threads were stopped: 0.0005718 seconds, Stopping threads took: 0.0002423 seconds
[2022-06-13T02:36:57.869+0000][1][safepoint    ] Application time: 1.0001911 seconds
[2022-06-13T02:36:57.870+0000][1][safepoint    ] Entering safepoint region: Cleanup
[2022-06-13T02:36:57.871+0000][1][safepoint    ] Leaving safepoint region
[2022-06-13T02:36:57.871+0000][1][safepoint    ] Total time for which application threads were stopped: 0.0010000 seconds, Stopping threads took: 0.0004642 seconds
[2022-06-13T02:36:58.872+0000][1][safepoint    ] Application time: 1.0001536 seconds
[2022-06-13T02:36:58.872+0000][1][safepoint    ] Entering safepoint region: Cleanup
[2022-06-13T02:36:58.873+0000][1][safepoint    ] Leaving safepoint region
[2022-06-13T02:36:58.873+0000][1][safepoint    ] Total time for which application threads were stopped: 0.0010509 seconds, Stopping threads took: 0.0005096 seconds
[2022-06-13T02:36:59.874+0000][1][safepoint    ] Application time: 1.0001376 seconds
[2022-06-13T02:36:59.874+0000][1][safepoint    ] Entering safepoint region: Cleanup
[2022-06-13T02:36:59.875+0000][1][safepoint    ] Leaving safepoint region
[2022-06-13T02:36:59.875+0000][1][safepoint    ] Total time for which application threads were stopped: 0.0009544 seconds, Stopping threads took: 0.0003956 seconds
[2022-06-13T02:37:00.876+0000][1][safepoint    ] Application time: 1.0002003 seconds
[2022-06-13T02:37:00.876+0000][1][safepoint    ] Entering safepoint region: Cleanup
[2022-06-13T02:37:00.876+0000][1][safepoint    ] Leaving safepoint region
[2022-06-13T02:37:00.877+0000][1][safepoint    ] Total time for which application threads were stopped: 0.0005174 seconds, Stopping threads took: 0.0002316 seconds
[2022-06-13T02:37:01.877+0000][1][safepoint    ] Application time: 1.0002904 seconds
[2022-06-13T02:37:01.878+0000][1][safepoint    ] Entering safepoint region: Cleanup
[2022-06-13T02:37:01.878+0000][1][safepoint    ] Leaving safepoint region
[2022-06-13T02:37:01.879+0000][1][safepoint    ] Total time for which application threads were stopped: 0.0009228 seconds, Stopping threads took: 0.0004686 seconds
[2022-06-13T02:37:02.879+0000][1][safepoint    ] Application time: 1.0001624 seconds
[2022-06-13T02:37:02.880+0000][1][safepoint    ] Entering safepoint region: Cleanup
[2022-06-13T02:37:02.880+0000][1][safepoint    ] Leaving safepoint region
[2022-06-13T02:37:02.880+0000][1][safepoint    ] Total time for which application threads were stopped: 0.0006060 seconds, Stopping threads took: 0.0002474 seconds
[2022-06-13T02:37:03.881+0000][1][safepoint    ] Application time: 1.0002035 seconds
[2022-06-13T02:37:03.881+0000][1][safepoint    ] Entering safepoint region: Cleanup
[2022-06-13T02:37:03.881+0000][1][safepoint    ] Leaving safepoint region
[2022-06-13T02:37:03.882+0000][1][safepoint    ] Total time for which application threads were stopped: 0.0005155 seconds, Stopping threads took: 0.0002491 seconds
[2022-06-13T02:37:04.882+0000][1][safepoint    ] Application time: 1.0001994 seconds
[2022-06-13T02:37:04.883+0000][1][safepoint    ] Entering safepoint region: Cleanup
[2022-06-13T02:37:04.883+0000][1][safepoint    ] Leaving safepoint region
[2022-06-13T02:37:04.883+0000][1][safepoint    ] Total time for which application threads were stopped: 0.0007746 seconds, Stopping threads took: 0.0003526 seconds
[2022-06-13T02:37:05.884+0000][1][safepoint    ] Application time: 1.0002109 seconds
[2022-06-13T02:37:05.884+0000][1][safepoint    ] Entering safepoint region: Cleanup
[2022-06-13T02:37:05.885+0000][1][safepoint    ] Leaving safepoint region
[2022-06-13T02:37:05.886+0000][1][safepoint    ] Total time for which application threads were stopped: 0.0013435 seconds, Stopping threads took: 0.0006518 seconds
[2022-06-13T02:37:06.886+0000][1][safepoint    ] Application time: 1.0002730 seconds
[2022-06-13T02:37:06.887+0000][1][safepoint    ] Entering safepoint region: Cleanup
[2022-06-13T02:37:06.888+0000][1][safepoint    ] Leaving safepoint region
[2022-06-13T02:37:06.888+0000][1][safepoint    ] Total time for which application threads were stopped: 0.0011373 seconds, Stopping threads took: 0.0004130 seconds
[2022-06-13T02:37:07.889+0000][1][safepoint    ] Application time: 1.0001528 seconds
[2022-06-13T02:37:07.889+0000][1][safepoint    ] Entering safepoint region: Cleanup
[2022-06-13T02:37:07.889+0000][1][safepoint    ] Leaving safepoint region
[2022-06-13T02:37:07.889+0000][1][safepoint    ] Total time for which application threads were stopped: 0.0002387 seconds, Stopping threads took: 0.0000997 seconds
[2022-06-13T02:37:08.889+0000][1][safepoint    ] Application time: 1.0001150 seconds
[2022-06-13T02:37:08.890+0000][1][safepoint    ] Entering safepoint region: Cleanup
[2022-06-13T02:37:08.891+0000][1][safepoint    ] Leaving safepoint region
[2022-06-13T02:37:08.891+0000][1][safepoint    ] Total time for which application threads were stopped: 0.0009850 seconds, Stopping threads took: 0.0004524 seconds
[2022-06-13T02:37:09.892+0000][1][safepoint    ] Application time: 1.0001738 seconds
[2022-06-13T02:37:09.892+0000][1][safepoint    ] Entering safepoint region: Cleanup
[2022-06-13T02:37:09.893+0000][1][safepoint    ] Leaving safepoint region
[2022-06-13T02:37:09.894+0000][1][safepoint    ] Total time for which application threads were stopped: 0.0012674 seconds, Stopping threads took: 0.0005314 seconds
[2022-06-13T02:37:10.895+0000][1][safepoint    ] Application time: 1.0003214 seconds
[2022-06-13T02:37:10.895+0000][1][safepoint    ] Entering safepoint region: Cleanup
[2022-06-13T02:37:10.895+0000][1][safepoint    ] Leaving safepoint region
[2022-06-13T02:37:10.896+0000][1][safepoint    ] Total time for which application threads were stopped: 0.0008163 seconds, Stopping threads took: 0.0003689 seconds
[2022-06-13T02:37:11.896+0000][1][safepoint    ] Application time: 1.0002540 seconds
[2022-06-13T02:37:11.897+0000][1][safepoint    ] Entering safepoint region: Cleanup
[2022-06-13T02:37:11.898+0000][1][safepoint    ] Leaving safepoint region
[2022-06-13T02:37:11.898+0000][1][safepoint    ] Total time for which application threads were stopped: 0.0009435 seconds, Stopping threads took: 0.0004767 seconds
[2022-06-13T02:37:12.899+0000][1][safepoint    ] Application time: 1.0001047 seconds
[2022-06-13T02:37:12.899+0000][1][safepoint    ] Entering safepoint region: Cleanup
[2022-06-13T02:37:12.899+0000][1][safepoint    ] Leaving safepoint region
[2022-06-13T02:37:12.899+0000][1][safepoint    ] Total time for which application threads were stopped: 0.0003421 seconds, Stopping threads took: 0.0001454 seconds
[2022-06-13T02:37:13.900+0000][1][safepoint    ] Application time: 1.0001948 seconds
[2022-06-13T02:37:13.900+0000][1][safepoint    ] Entering safepoint region: Cleanup
[2022-06-13T02:37:13.901+0000][1][safepoint    ] Leaving safepoint region
[2022-06-13T02:37:13.901+0000][1][safepoint    ] Total time for which application threads were stopped: 0.0006735 seconds, Stopping threads took: 0.0003434 seconds
[2022-06-13T02:37:14.901+0000][1][safepoint    ] Application time: 1.0001547 seconds
[2022-06-13T02:37:14.902+0000][1][safepoint    ] Entering safepoint region: Cleanup
[2022-06-13T02:37:14.902+0000][1][safepoint    ] Leaving safepoint region
[2022-06-13T02:37:14.903+0000][1][safepoint    ] Total time for which application threads were stopped: 0.0009534 seconds, Stopping threads took: 0.0005195 seconds
[2022-06-13T02:37:15.903+0000][1][safepoint    ] Application time: 1.0001469 seconds
[2022-06-13T02:37:15.904+0000][1][safepoint    ] Entering safepoint region: Cleanup
[2022-06-13T02:37:15.904+0000][1][safepoint    ] Leaving safepoint region
[2022-06-13T02:37:15.904+0000][1][safepoint    ] Total time for which application threads were stopped: 0.0006330 seconds, Stopping threads took: 0.0002873 seconds
[2022-06-13T02:37:16.905+0000][1][safepoint    ] Application time: 1.0001789 seconds
[2022-06-13T02:37:16.905+0000][1][safepoint    ] Entering safepoint region: Cleanup
[2022-06-13T02:37:16.906+0000][1][safepoint    ] Leaving safepoint region
[2022-06-13T02:37:16.906+0000][1][safepoint    ] Total time for which application threads were stopped: 0.0007746 seconds, Stopping threads took: 0.0005161 seconds
[2022-06-13T02:37:17.906+0000][1][safepoint    ] Application time: 1.0001721 seconds
[2022-06-13T02:37:17.907+0000][1][safepoint    ] Entering safepoint region: Cleanup
[2022-06-13T02:37:17.908+0000][1][safepoint    ] Leaving safepoint region
[2022-06-13T02:37:17.908+0000][1][safepoint    ] Total time for which application threads were stopped: 0.0010650 seconds, Stopping threads took: 0.0004682 seconds
[2022-06-13T02:37:18.909+0000][1][safepoint    ] Application time: 1.0002678 seconds
[2022-06-13T02:37:18.909+0000][1][safepoint    ] Entering safepoint region: Cleanup
[2022-06-13T02:37:18.910+0000][1][safepoint    ] Leaving safepoint region
[2022-06-13T02:37:18.910+0000][1][safepoint    ] Total time for which application threads were stopped: 0.0009562 seconds, Stopping threads took: 0.0004132 seconds
[2022-06-13T02:37:19.911+0000][1][safepoint    ] Application time: 1.0001809 seconds
[2022-06-13T02:37:19.911+0000][1][safepoint    ] Entering safepoint region: Cleanup
[2022-06-13T02:37:19.912+0000][1][safepoint    ] Leaving safepoint region
[2022-06-13T02:37:19.912+0000][1][safepoint    ] Total time for which application threads were stopped: 0.0007580 seconds, Stopping threads took: 0.0003550 seconds
[2022-06-13T02:37:20.913+0000][1][safepoint    ] Application time: 1.0001923 seconds
[2022-06-13T02:37:20.913+0000][1][safepoint    ] Entering safepoint region: Cleanup
[2022-06-13T02:37:20.913+0000][1][safepoint    ] Leaving safepoint region
[2022-06-13T02:37:20.914+0000][1][safepoint    ] Total time for which application threads were stopped: 0.0006517 seconds, Stopping threads took: 0.0002890 seconds
[2022-06-13T02:37:21.914+0000][1][safepoint    ] Application time: 1.0002890 seconds
[2022-06-13T02:37:21.915+0000][1][safepoint    ] Entering safepoint region: Cleanup
[2022-06-13T02:37:21.915+0000][1][safepoint    ] Leaving safepoint region
[2022-06-13T02:37:21.916+0000][1][safepoint    ] Total time for which application threads were stopped: 0.0008723 seconds, Stopping threads took: 0.0003450 seconds
[2022-06-13T02:37:22.916+0000][1][safepoint    ] Application time: 1.0001180 seconds
[2022-06-13T02:37:22.916+0000][1][safepoint    ] Entering safepoint region: Cleanup
[2022-06-13T02:37:22.917+0000][1][safepoint    ] Leaving safepoint region
[2022-06-13T02:37:22.917+0000][1][safepoint    ] Total time for which application threads were stopped: 0.0007640 seconds, Stopping threads took: 0.0003528 seconds
[2022-06-13T02:37:23.918+0000][1][safepoint    ] Application time: 1.0002544 seconds
[2022-06-13T02:37:23.918+0000][1][safepoint    ] Entering safepoint region: Cleanup
[2022-06-13T02:37:23.919+0000][1][safepoint    ] Leaving safepoint region
[2022-06-13T02:37:23.919+0000][1][safepoint    ] Total time for which application threads were stopped: 0.0006127 seconds, Stopping threads took: 0.0003225 seconds
[2022-06-13T02:37:24.919+0000][1][safepoint    ] Application time: 1.0002088 seconds
[2022-06-13T02:37:24.920+0000][1][safepoint    ] Entering safepoint region: Cleanup
[2022-06-13T02:37:24.920+0000][1][safepoint    ] Leaving safepoint region
[2022-06-13T02:37:24.920+0000][1][safepoint    ] Total time for which application threads were stopped: 0.0008497 seconds, Stopping threads took: 0.0003378 seconds
[2022-06-13T02:37:25.921+0000][1][safepoint    ] Application time: 1.0002114 seconds
[2022-06-13T02:37:25.922+0000][1][safepoint    ] Entering safepoint region: Cleanup
[2022-06-13T02:37:25.922+0000][1][safepoint    ] Leaving safepoint region
[2022-06-13T02:37:25.922+0000][1][safepoint    ] Total time for which application threads were stopped: 0.0006471 seconds, Stopping threads took: 0.0003109 seconds
[2022-06-13T02:37:26.923+0000][1][safepoint    ] Application time: 1.0003073 seconds
[2022-06-13T02:37:26.923+0000][1][safepoint    ] Entering safepoint region: Cleanup
[2022-06-13T02:37:26.924+0000][1][safepoint    ] Leaving safepoint region
[2022-06-13T02:37:26.924+0000][1][safepoint    ] Total time for which application threads were stopped: 0.0009707 seconds, Stopping threads took: 0.0004690 seconds
[2022-06-13T02:37:27.925+0000][1][safepoint    ] Application time: 1.0002062 seconds
[2022-06-13T02:37:27.926+0000][1][safepoint    ] Entering safepoint region: Cleanup
[2022-06-13T02:37:27.926+0000][1][safepoint    ] Leaving safepoint region
[2022-06-13T02:37:27.927+0000][1][safepoint    ] Total time for which application threads were stopped: 0.0009447 seconds, Stopping threads took: 0.0004337 seconds
[2022-06-13T02:37:28.927+0000][1][safepoint    ] Application time: 1.0002208 seconds
[2022-06-13T02:37:28.928+0000][1][safepoint    ] Entering safepoint region: Cleanup
[2022-06-13T02:37:28.929+0000][1][safepoint    ] Leaving safepoint region
[2022-06-13T02:37:28.929+0000][1][safepoint    ] Total time for which application threads were stopped: 0.0011515 seconds, Stopping threads took: 0.0005524 seconds
[2022-06-13T02:37:29.930+0000][1][safepoint    ] Application time: 1.0002117 seconds
[2022-06-13T02:37:29.930+0000][1][safepoint    ] Entering safepoint region: Cleanup
[2022-06-13T02:37:29.931+0000][1][safepoint    ] Leaving safepoint region
[2022-06-13T02:37:29.931+0000][1][safepoint    ] Total time for which application threads were stopped: 0.0006272 seconds, Stopping threads took: 0.0003080 seconds
[2022-06-13T02:37:30.932+0000][1][safepoint    ] Application time: 1.0002884 seconds
[2022-06-13T02:37:30.932+0000][1][safepoint    ] Entering safepoint region: Cleanup
[2022-06-13T02:37:30.932+0000][1][safepoint    ] Leaving safepoint region
[2022-06-13T02:37:30.932+0000][1][safepoint    ] Total time for which application threads were stopped: 0.0004882 seconds, Stopping threads took: 0.0002229 seconds
[2022-06-13T02:37:31.933+0000][1][safepoint    ] Application time: 1.0003604 seconds
[2022-06-13T02:37:31.934+0000][1][safepoint    ] Entering safepoint region: Cleanup
[2022-06-13T02:37:31.934+0000][1][safepoint    ] Leaving safepoint region
[2022-06-13T02:37:31.934+0000][1][safepoint    ] Total time for which application threads were stopped: 0.0007319 seconds, Stopping threads took: 0.0002578 seconds
[2022-06-13T02:37:32.935+0000][1][safepoint    ] Application time: 1.0002005 seconds
[2022-06-13T02:37:32.935+0000][1][safepoint    ] Entering safepoint region: Cleanup
[2022-06-13T02:37:32.936+0000][1][safepoint    ] Leaving safepoint region
[2022-06-13T02:37:32.936+0000][1][safepoint    ] Total time for which application threads were stopped: 0.0009746 seconds, Stopping threads took: 0.0003682 seconds
[2022-06-13T02:37:33.937+0000][1][safepoint    ] Application time: 1.0001954 seconds
[2022-06-13T02:37:33.937+0000][1][safepoint    ] Entering safepoint region: Cleanup
[2022-06-13T02:37:33.938+0000][1][safepoint    ] Leaving safepoint region
[2022-06-13T02:37:33.938+0000][1][safepoint    ] Total time for which application threads were stopped: 0.0008740 seconds, Stopping threads took: 0.0004034 seconds
[2022-06-13T02:37:34.939+0000][1][safepoint    ] Application time: 1.0002362 seconds
[2022-06-13T02:37:34.940+0000][1][safepoint    ] Entering safepoint region: Cleanup
[2022-06-13T02:37:34.940+0000][1][safepoint    ] Leaving safepoint region
[2022-06-13T02:37:34.941+0000][1][safepoint    ] Total time for which application threads were stopped: 0.0013442 seconds, Stopping threads took: 0.0006815 seconds
[2022-06-13T02:37:35.942+0000][1][safepoint    ] Application time: 1.0001581 seconds
[2022-06-13T02:37:35.942+0000][1][safepoint    ] Entering safepoint region: Cleanup
[2022-06-13T02:37:35.943+0000][1][safepoint    ] Leaving safepoint region
[2022-06-13T02:37:35.944+0000][1][safepoint    ] Total time for which application threads were stopped: 0.0016458 seconds, Stopping threads took: 0.0007593 seconds
[2022-06-13T02:37:36.945+0000][1][safepoint    ] Application time: 1.0003516 seconds
[2022-06-13T02:37:36.945+0000][1][safepoint    ] Entering safepoint region: Cleanup
[2022-06-13T02:37:36.946+0000][1][safepoint    ] Leaving safepoint region
[2022-06-13T02:37:36.946+0000][1][safepoint    ] Total time for which application threads were stopped: 0.0007154 seconds, Stopping threads took: 0.0003188 seconds
[2022-06-13T02:37:37.947+0000][1][safepoint    ] Application time: 1.0003326 seconds
[2022-06-13T02:37:37.947+0000][1][safepoint    ] Entering safepoint region: Cleanup
[2022-06-13T02:37:37.948+0000][1][safepoint    ] Leaving safepoint region
[2022-06-13T02:37:37.949+0000][1][safepoint    ] Total time for which application threads were stopped: 0.0014521 seconds, Stopping threads took: 0.0006770 seconds
[2022-06-13T02:37:38.950+0000][1][safepoint    ] Application time: 1.0002272 seconds
[2022-06-13T02:37:38.950+0000][1][safepoint    ] Entering safepoint region: Cleanup
[2022-06-13T02:37:38.950+0000][1][safepoint    ] Leaving safepoint region
[2022-06-13T02:37:38.951+0000][1][safepoint    ] Total time for which application threads were stopped: 0.0006838 seconds, Stopping threads took: 0.0003108 seconds
[2022-06-13T02:37:39.951+0000][1][safepoint    ] Application time: 1.0001719 seconds
[2022-06-13T02:37:39.952+0000][1][safepoint    ] Entering safepoint region: Cleanup
[2022-06-13T02:37:39.952+0000][1][safepoint    ] Leaving safepoint region
[2022-06-13T02:37:39.953+0000][1][safepoint    ] Total time for which application threads were stopped: 0.0009041 seconds, Stopping threads took: 0.0004156 seconds
[2022-06-13T02:37:40.953+0000][1][safepoint    ] Application time: 1.0002794 seconds
[2022-06-13T02:37:40.954+0000][1][safepoint    ] Entering safepoint region: Cleanup
[2022-06-13T02:37:40.955+0000][1][safepoint    ] Leaving safepoint region
[2022-06-13T02:37:40.955+0000][1][safepoint    ] Total time for which application threads were stopped: 0.0009050 seconds, Stopping threads took: 0.0004229 seconds
[2022-06-13T02:37:41.956+0000][1][safepoint    ] Application time: 1.0001991 seconds
[2022-06-13T02:37:41.956+0000][1][safepoint    ] Entering safepoint region: Cleanup
[2022-06-13T02:37:41.957+0000][1][safepoint    ] Leaving safepoint region
[2022-06-13T02:37:41.957+0000][1][safepoint    ] Total time for which application threads were stopped: 0.0009462 seconds, Stopping threads took: 0.0004080 seconds
[2022-06-13T02:37:42.958+0000][1][safepoint    ] Application time: 1.0003004 seconds
[2022-06-13T02:37:42.959+0000][1][safepoint    ] Entering safepoint region: Cleanup
[2022-06-13T02:37:42.959+0000][1][safepoint    ] Leaving safepoint region
[2022-06-13T02:37:42.960+0000][1][safepoint    ] Total time for which application threads were stopped: 0.0013343 seconds, Stopping threads took: 0.0004838 seconds
[2022-06-13T02:37:43.961+0000][1][safepoint    ] Application time: 1.0002899 seconds
[2022-06-13T02:37:43.961+0000][1][safepoint    ] Entering safepoint region: Cleanup
[2022-06-13T02:37:43.962+0000][1][safepoint    ] Leaving safepoint region
[2022-06-13T02:37:43.962+0000][1][safepoint    ] Total time for which application threads were stopped: 0.0008308 seconds, Stopping threads took: 0.0003921 seconds
[2022-06-13T02:37:44.963+0000][1][safepoint    ] Application time: 1.0001360 seconds
[2022-06-13T02:37:44.963+0000][1][safepoint    ] Entering safepoint region: Cleanup
[2022-06-13T02:37:44.964+0000][1][safepoint    ] Leaving safepoint region
[2022-06-13T02:37:44.964+0000][1][safepoint    ] Total time for which application threads were stopped: 0.0013284 seconds, Stopping threads took: 0.0006233 seconds
[2022-06-13T02:37:45.965+0000][1][safepoint    ] Application time: 1.0001980 seconds
[2022-06-13T02:37:45.966+0000][1][safepoint    ] Entering safepoint region: Cleanup
[2022-06-13T02:37:45.966+0000][1][safepoint    ] Leaving safepoint region
[2022-06-13T02:37:45.967+0000][1][safepoint    ] Total time for which application threads were stopped: 0.0010476 seconds, Stopping threads took: 0.0005529 seconds
[2022-06-13T02:37:46.967+0000][1][safepoint    ] Application time: 1.0002032 seconds
[2022-06-13T02:37:46.968+0000][1][safepoint    ] Entering safepoint region: Cleanup
[2022-06-13T02:37:46.969+0000][1][safepoint    ] Leaving safepoint region
[2022-06-13T02:37:46.970+0000][1][safepoint    ] Total time for which application threads were stopped: 0.0015358 seconds, Stopping threads took: 0.0006575 seconds
[2022-06-13T02:37:47.971+0000][1][safepoint    ] Application time: 1.0003943 seconds
[2022-06-13T02:37:47.972+0000][1][safepoint    ] Entering safepoint region: Cleanup
[2022-06-13T02:37:47.972+0000][1][safepoint    ] Leaving safepoint region
[2022-06-13T02:37:47.973+0000][1][safepoint    ] Total time for which application threads were stopped: 0.0012275 seconds, Stopping threads took: 0.0006413 seconds
[2022-06-13T02:37:48.973+0000][1][safepoint    ] Application time: 1.0002143 seconds
[2022-06-13T02:37:48.974+0000][1][safepoint    ] Entering safepoint region: Cleanup
[2022-06-13T02:37:48.974+0000][1][safepoint    ] Leaving safepoint region
[2022-06-13T02:37:48.974+0000][1][safepoint    ] Total time for which application threads were stopped: 0.0004638 seconds, Stopping threads took: 0.0001998 seconds
[2022-06-13T02:37:49.975+0000][1][safepoint    ] Application time: 1.0002635 seconds
[2022-06-13T02:37:49.976+0000][1][safepoint    ] Entering safepoint region: Cleanup
[2022-06-13T02:37:49.976+0000][1][safepoint    ] Leaving safepoint region
[2022-06-13T02:37:49.977+0000][1][safepoint    ] Total time for which application threads were stopped: 0.0013245 seconds, Stopping threads took: 0.0006132 seconds
[2022-06-13T02:37:50.978+0000][1][safepoint    ] Application time: 1.0002794 seconds
[2022-06-13T02:37:50.978+0000][1][safepoint    ] Entering safepoint region: Cleanup
[2022-06-13T02:37:50.978+0000][1][safepoint    ] Leaving safepoint region
[2022-06-13T02:37:50.979+0000][1][safepoint    ] Total time for which application threads were stopped: 0.0006757 seconds, Stopping threads took: 0.0002993 seconds
[2022-06-13T02:37:51.980+0000][1][safepoint    ] Application time: 1.0007223 seconds
[2022-06-13T02:37:51.980+0000][1][safepoint    ] Entering safepoint region: Cleanup
[2022-06-13T02:37:51.981+0000][1][safepoint    ] Leaving safepoint region
[2022-06-13T02:37:51.981+0000][1][safepoint    ] Total time for which application threads were stopped: 0.0009330 seconds, Stopping threads took: 0.0004898 seconds
[2022-06-13T02:37:52.982+0000][1][safepoint    ] Application time: 1.0002715 seconds
[2022-06-13T02:37:52.982+0000][1][safepoint    ] Entering safepoint region: Cleanup
[2022-06-13T02:37:52.983+0000][1][safepoint    ] Leaving safepoint region
[2022-06-13T02:37:52.983+0000][1][safepoint    ] Total time for which application threads were stopped: 0.0009066 seconds, Stopping threads took: 0.0004252 seconds
[2022-06-13T02:37:53.984+0000][1][safepoint    ] Application time: 1.0001980 seconds
[2022-06-13T02:37:53.985+0000][1][safepoint    ] Entering safepoint region: Cleanup
[2022-06-13T02:37:53.985+0000][1][safepoint    ] Leaving safepoint region
[2022-06-13T02:37:53.985+0000][1][safepoint    ] Total time for which application threads were stopped: 0.0007957 seconds, Stopping threads took: 0.0003849 seconds
[2022-06-13T02:37:54.986+0000][1][safepoint    ] Application time: 1.0001611 seconds
[2022-06-13T02:37:54.986+0000][1][safepoint    ] Entering safepoint region: Cleanup
[2022-06-13T02:37:54.987+0000][1][safepoint    ] Leaving safepoint region
[2022-06-13T02:37:54.987+0000][1][safepoint    ] Total time for which application threads were stopped: 0.0005876 seconds, Stopping threads took: 0.0002645 seconds
[2022-06-13T02:37:55.987+0000][1][safepoint    ] Application time: 1.0002245 seconds
[2022-06-13T02:37:55.988+0000][1][safepoint    ] Entering safepoint region: Cleanup
[2022-06-13T02:37:55.988+0000][1][safepoint    ] Leaving safepoint region
[2022-06-13T02:37:55.989+0000][1][safepoint    ] Total time for which application threads were stopped: 0.0007343 seconds, Stopping threads took: 0.0003365 seconds
[2022-06-13T02:37:56.989+0000][1][safepoint    ] Application time: 1.0001936 seconds
[2022-06-13T02:37:56.989+0000][1][safepoint    ] Entering safepoint region: Cleanup
[2022-06-13T02:37:56.990+0000][1][safepoint    ] Leaving safepoint region
[2022-06-13T02:37:56.990+0000][1][safepoint    ] Total time for which application threads were stopped: 0.0003148 seconds, Stopping threads took: 0.0001441 seconds
[2022-06-13T02:37:57.990+0000][1][safepoint    ] Application time: 1.0003044 seconds
[2022-06-13T02:37:57.991+0000][1][safepoint    ] Entering safepoint region: Cleanup
[2022-06-13T02:37:57.992+0000][1][safepoint    ] Leaving safepoint region
[2022-06-13T02:37:57.992+0000][1][safepoint    ] Total time for which application threads were stopped: 0.0015175 seconds, Stopping threads took: 0.0007162 seconds
[2022-06-13T02:37:58.993+0000][1][safepoint    ] Application time: 1.0002188 seconds
[2022-06-13T02:37:58.994+0000][1][safepoint    ] Entering safepoint region: Cleanup
[2022-06-13T02:37:58.994+0000][1][safepoint    ] Leaving safepoint region
[2022-06-13T02:37:58.994+0000][1][safepoint    ] Total time for which application threads were stopped: 0.0006272 seconds, Stopping threads took: 0.0002935 seconds
[2022-06-13T02:37:59.995+0000][1][safepoint    ] Application time: 1.0002250 seconds
[2022-06-13T02:37:59.995+0000][1][safepoint    ] Entering safepoint region: Cleanup
[2022-06-13T02:37:59.996+0000][1][safepoint    ] Leaving safepoint region
[2022-06-13T02:37:59.996+0000][1][safepoint    ] Total time for which application threads were stopped: 0.0006276 seconds, Stopping threads took: 0.0003020 seconds
[2022-06-13T02:38:00.996+0000][1][safepoint    ] Application time: 1.0001686 seconds
[2022-06-13T02:38:00.997+0000][1][safepoint    ] Entering safepoint region: Cleanup
[2022-06-13T02:38:00.997+0000][1][safepoint    ] Leaving safepoint region
[2022-06-13T02:38:00.997+0000][1][safepoint    ] Total time for which application threads were stopped: 0.0005627 seconds, Stopping threads took: 0.0002686 seconds
[2022-06-13T02:38:01.997+0000][1][safepoint    ] Application time: 1.0001393 seconds
[2022-06-13T02:38:01.998+0000][1][safepoint    ] Entering safepoint region: Cleanup
[2022-06-13T02:38:01.999+0000][1][safepoint    ] Leaving safepoint region
[2022-06-13T02:38:01.999+0000][1][safepoint    ] Total time for which application threads were stopped: 0.0013701 seconds, Stopping threads took: 0.0006580 seconds
[2022-06-13T02:38:03.000+0000][1][safepoint    ] Application time: 1.0001679 seconds
[2022-06-13T02:38:03.000+0000][1][safepoint    ] Entering safepoint region: Cleanup
[2022-06-13T02:38:03.001+0000][1][safepoint    ] Leaving safepoint region
[2022-06-13T02:38:03.001+0000][1][safepoint    ] Total time for which application threads were stopped: 0.0008560 seconds, Stopping threads took: 0.0003851 seconds
[2022-06-13T02:38:04.002+0000][1][safepoint    ] Application time: 1.0002130 seconds
[2022-06-13T02:38:04.002+0000][1][safepoint    ] Entering safepoint region: Cleanup
[2022-06-13T02:38:04.003+0000][1][safepoint    ] Leaving safepoint region
[2022-06-13T02:38:04.003+0000][1][safepoint    ] Total time for which application threads were stopped: 0.0006051 seconds, Stopping threads took: 0.0002828 seconds
[2022-06-13T02:38:05.003+0000][1][safepoint    ] Application time: 1.0002374 seconds
[2022-06-13T02:38:05.004+0000][1][safepoint    ] Entering safepoint region: Cleanup
[2022-06-13T02:38:05.004+0000][1][safepoint    ] Leaving safepoint region
[2022-06-13T02:38:05.005+0000][1][safepoint    ] Total time for which application threads were stopped: 0.0007122 seconds, Stopping threads took: 0.0003134 seconds
[2022-06-13T02:38:06.005+0000][1][safepoint    ] Application time: 1.0001465 seconds
[2022-06-13T02:38:06.006+0000][1][safepoint    ] Entering safepoint region: Cleanup
[2022-06-13T02:38:06.006+0000][1][safepoint    ] Leaving safepoint region
[2022-06-13T02:38:06.006+0000][1][safepoint    ] Total time for which application threads were stopped: 0.0005595 seconds, Stopping threads took: 0.0002501 seconds
[2022-06-13T02:38:07.007+0000][1][safepoint    ] Application time: 1.0001826 seconds
[2022-06-13T02:38:07.007+0000][1][safepoint    ] Entering safepoint region: Cleanup
[2022-06-13T02:38:07.008+0000][1][safepoint    ] Leaving safepoint region
[2022-06-13T02:38:07.008+0000][1][safepoint    ] Total time for which application threads were stopped: 0.0009291 seconds, Stopping threads took: 0.0004536 seconds
[2022-06-13T02:38:08.009+0000][1][safepoint    ] Application time: 1.0001826 seconds
[2022-06-13T02:38:08.009+0000][1][safepoint    ] Entering safepoint region: Cleanup
[2022-06-13T02:38:08.010+0000][1][safepoint    ] Leaving safepoint region
[2022-06-13T02:38:08.010+0000][1][safepoint    ] Total time for which application threads were stopped: 0.0007579 seconds, Stopping threads took: 0.0003647 seconds
[2022-06-13T02:38:09.011+0000][1][safepoint    ] Application time: 1.0002549 seconds
[2022-06-13T02:38:09.011+0000][1][safepoint    ] Entering safepoint region: Cleanup
[2022-06-13T02:38:09.012+0000][1][safepoint    ] Leaving safepoint region
[2022-06-13T02:38:09.012+0000][1][safepoint    ] Total time for which application threads were stopped: 0.0008420 seconds, Stopping threads took: 0.0003963 seconds
[2022-06-13T02:38:10.012+0000][1][safepoint    ] Application time: 1.0001117 seconds
[2022-06-13T02:38:10.013+0000][1][safepoint    ] Entering safepoint region: Cleanup
[2022-06-13T02:38:10.013+0000][1][safepoint    ] Leaving safepoint region
[2022-06-13T02:38:10.014+0000][1][safepoint    ] Total time for which application threads were stopped: 0.0006730 seconds, Stopping threads took: 0.0003183 seconds
[2022-06-13T02:38:11.014+0000][1][safepoint    ] Application time: 1.0001356 seconds
[2022-06-13T02:38:11.015+0000][1][safepoint    ] Entering safepoint region: Cleanup
[2022-06-13T02:38:11.015+0000][1][safepoint    ] Leaving safepoint region
[2022-06-13T02:38:11.015+0000][1][safepoint    ] Total time for which application threads were stopped: 0.0006566 seconds, Stopping threads took: 0.0003144 seconds
[2022-06-13T02:38:12.016+0000][1][safepoint    ] Application time: 1.0001875 seconds
[2022-06-13T02:38:12.016+0000][1][safepoint    ] Entering safepoint region: Cleanup
[2022-06-13T02:38:12.017+0000][1][safepoint    ] Leaving safepoint region
[2022-06-13T02:38:12.017+0000][1][safepoint    ] Total time for which application threads were stopped: 0.0007323 seconds, Stopping threads took: 0.0003713 seconds
[2022-06-13T02:38:13.017+0000][1][safepoint    ] Application time: 1.0002445 seconds
[2022-06-13T02:38:13.018+0000][1][safepoint    ] Entering safepoint region: Cleanup
[2022-06-13T02:38:13.018+0000][1][safepoint    ] Leaving safepoint region
[2022-06-13T02:38:13.018+0000][1][safepoint    ] Total time for which application threads were stopped: 0.0006404 seconds, Stopping threads took: 0.0001966 seconds
[2022-06-13T02:38:14.019+0000][1][safepoint    ] Application time: 1.0003049 seconds
[2022-06-13T02:38:14.020+0000][1][safepoint    ] Entering safepoint region: Cleanup
[2022-06-13T02:38:14.020+0000][1][safepoint    ] Leaving safepoint region
[2022-06-13T02:38:14.021+0000][1][safepoint    ] Total time for which application threads were stopped: 0.0008159 seconds, Stopping threads took: 0.0003827 seconds
[2022-06-13T02:38:15.021+0000][1][safepoint    ] Application time: 1.0002748 seconds
[2022-06-13T02:38:15.022+0000][1][safepoint    ] Entering safepoint region: Cleanup
[2022-06-13T02:38:15.022+0000][1][safepoint    ] Leaving safepoint region
[2022-06-13T02:38:15.022+0000][1][safepoint    ] Total time for which application threads were stopped: 0.0006396 seconds, Stopping threads took: 0.0002850 seconds
[2022-06-13T02:38:16.023+0000][1][safepoint    ] Application time: 1.0002479 seconds
[2022-06-13T02:38:16.024+0000][1][safepoint    ] Entering safepoint region: Cleanup
[2022-06-13T02:38:16.024+0000][1][safepoint    ] Leaving safepoint region
[2022-06-13T02:38:16.024+0000][1][safepoint    ] Total time for which application threads were stopped: 0.0007324 seconds, Stopping threads took: 0.0002918 seconds
[2022-06-13T02:38:17.025+0000][1][safepoint    ] Application time: 1.0002298 seconds
[2022-06-13T02:38:17.026+0000][1][safepoint    ] Entering safepoint region: Cleanup
[2022-06-13T02:38:17.026+0000][1][safepoint    ] Leaving safepoint region
[2022-06-13T02:38:17.027+0000][1][safepoint    ] Total time for which application threads were stopped: 0.0014248 seconds, Stopping threads took: 0.0006447 seconds
[2022-06-13T02:38:18.028+0000][1][safepoint    ] Application time: 1.0003387 seconds
[2022-06-13T02:38:18.029+0000][1][safepoint    ] Entering safepoint region: Cleanup
[2022-06-13T02:38:18.029+0000][1][safepoint    ] Leaving safepoint region
[2022-06-13T02:38:18.030+0000][1][safepoint    ] Total time for which application threads were stopped: 0.0012723 seconds, Stopping threads took: 0.0004895 seconds
[2022-06-13T02:38:19.031+0000][1][safepoint    ] Application time: 1.0002336 seconds
[2022-06-13T02:38:19.031+0000][1][safepoint    ] Entering safepoint region: Cleanup
[2022-06-13T02:38:19.032+0000][1][safepoint    ] Leaving safepoint region
[2022-06-13T02:38:19.032+0000][1][safepoint    ] Total time for which application threads were stopped: 0.0008425 seconds, Stopping threads took: 0.0003786 seconds
[2022-06-13T02:38:20.033+0000][1][safepoint    ] Application time: 1.0002469 seconds
[2022-06-13T02:38:20.033+0000][1][safepoint    ] Entering safepoint region: Cleanup
[2022-06-13T02:38:20.034+0000][1][safepoint    ] Leaving safepoint region
[2022-06-13T02:38:20.035+0000][1][safepoint    ] Total time for which application threads were stopped: 0.0014451 seconds, Stopping threads took: 0.0006878 seconds
[2022-06-13T02:38:21.036+0000][1][safepoint    ] Application time: 1.0003467 seconds
[2022-06-13T02:38:21.036+0000][1][safepoint    ] Entering safepoint region: Cleanup
[2022-06-13T02:38:21.036+0000][1][safepoint    ] Leaving safepoint region
[2022-06-13T02:38:21.036+0000][1][safepoint    ] Total time for which application threads were stopped: 0.0003930 seconds, Stopping threads took: 0.0001711 seconds
[2022-06-13T02:38:22.037+0000][1][safepoint    ] Application time: 1.0003466 seconds
[2022-06-13T02:38:22.038+0000][1][safepoint    ] Entering safepoint region: Cleanup
[2022-06-13T02:38:22.038+0000][1][safepoint    ] Leaving safepoint region
[2022-06-13T02:38:22.039+0000][1][safepoint    ] Total time for which application threads were stopped: 0.0011552 seconds, Stopping threads took: 0.0005473 seconds
[2022-06-13T02:38:23.040+0000][1][safepoint    ] Application time: 1.0002229 seconds
[2022-06-13T02:38:23.040+0000][1][safepoint    ] Entering safepoint region: Cleanup
[2022-06-13T02:38:23.040+0000][1][safepoint    ] Leaving safepoint region
[2022-06-13T02:38:23.041+0000][1][safepoint    ] Total time for which application threads were stopped: 0.0004851 seconds, Stopping threads took: 0.0002372 seconds
[2022-06-13T02:38:24.041+0000][1][safepoint    ] Application time: 1.0001900 seconds
[2022-06-13T02:38:24.042+0000][1][safepoint    ] Entering safepoint region: Cleanup
[2022-06-13T02:38:24.042+0000][1][safepoint    ] Leaving safepoint region
[2022-06-13T02:38:24.043+0000][1][safepoint    ] Total time for which application threads were stopped: 0.0010127 seconds, Stopping threads took: 0.0005015 seconds
[2022-06-13T02:38:25.043+0000][1][safepoint    ] Application time: 1.0003788 seconds
[2022-06-13T02:38:25.044+0000][1][safepoint    ] Entering safepoint region: Cleanup
[2022-06-13T02:38:25.045+0000][1][safepoint    ] Leaving safepoint region
[2022-06-13T02:38:25.045+0000][1][safepoint    ] Total time for which application threads were stopped: 0.0010774 seconds, Stopping threads took: 0.0004615 seconds
[2022-06-13T02:38:26.046+0000][1][safepoint    ] Application time: 1.0002013 seconds
[2022-06-13T02:38:26.046+0000][1][safepoint    ] Entering safepoint region: Cleanup
[2022-06-13T02:38:26.047+0000][1][safepoint    ] Leaving safepoint region
[2022-06-13T02:38:26.047+0000][1][safepoint    ] Total time for which application threads were stopped: 0.0009433 seconds, Stopping threads took: 0.0004535 seconds
[2022-06-13T02:38:27.048+0000][1][safepoint    ] Application time: 1.0002050 seconds
[2022-06-13T02:38:27.048+0000][1][safepoint    ] Entering safepoint region: Cleanup
[2022-06-13T02:38:27.048+0000][1][safepoint    ] Leaving safepoint region
[2022-06-13T02:38:27.049+0000][1][safepoint    ] Total time for which application threads were stopped: 0.0005943 seconds, Stopping threads took: 0.0001726 seconds
[2022-06-13T02:38:28.049+0000][1][safepoint    ] Application time: 1.0002035 seconds
[2022-06-13T02:38:28.050+0000][1][safepoint    ] Entering safepoint region: Cleanup
[2022-06-13T02:38:28.050+0000][1][safepoint    ] Leaving safepoint region
[2022-06-13T02:38:28.050+0000][1][safepoint    ] Total time for which application threads were stopped: 0.0007704 seconds, Stopping threads took: 0.0003834 seconds
[2022-06-13T02:38:28.851+0000][1][safepoint    ] Application time: 0.7999785 seconds
[2022-06-13T02:38:28.851+0000][1][safepoint    ] Entering safepoint region: GenCollectForAllocation
[2022-06-13T02:38:28.852+0000][1][gc,start     ] GC(24) Pause Young (Allocation Failure)
[2022-06-13T02:38:28.852+0000][1][gc,task      ] GC(24) Using 5 workers of 13 for evacuation
[2022-06-13T02:38:28.855+0000][1][gc,age       ] GC(24) Desired survivor size 4456448 bytes, new threshold 6 (max threshold 6)
[2022-06-13T02:38:28.855+0000][1][gc,age       ] GC(24) Age table with threshold 6 (max threshold 6)
[2022-06-13T02:38:28.855+0000][1][gc,age       ] GC(24) - age   1:      49008 bytes,      49008 total
[2022-06-13T02:38:28.855+0000][1][gc,age       ] GC(24) - age   2:      65560 bytes,     114568 total
[2022-06-13T02:38:28.856+0000][1][gc,age       ] GC(24) - age   3:     912736 bytes,    1027304 total
[2022-06-13T02:38:28.856+0000][1][gc,heap      ] GC(24) ParNew: 74892K->1784K(78656K)
[2022-06-13T02:38:28.856+0000][1][gc,heap      ] GC(24) CMS: 67823K->67823K(174784K)
[2022-06-13T02:38:28.857+0000][1][gc,metaspace ] GC(24) Metaspace: 65202K->65202K(1110016K)
[2022-06-13T02:38:28.857+0000][1][gc           ] GC(24) Pause Young (Allocation Failure) 139M->67M(247M) 5.396ms
[2022-06-13T02:38:28.857+0000][1][gc,cpu       ] GC(24) User=0.01s Sys=0.00s Real=0.00s
[2022-06-13T02:38:28.857+0000][1][safepoint    ] Leaving safepoint region
[2022-06-13T02:38:28.858+0000][1][safepoint    ] Total time for which application threads were stopped: 0.0065321 seconds, Stopping threads took: 0.0003671 seconds
[2022-06-13T02:38:29.858+0000][1][safepoint    ] Application time: 1.0002323 seconds
[2022-06-13T02:38:29.859+0000][1][safepoint    ] Entering safepoint region: Cleanup
[2022-06-13T02:38:29.859+0000][1][safepoint    ] Leaving safepoint region
[2022-06-13T02:38:29.860+0000][1][safepoint    ] Total time for which application threads were stopped: 0.0008017 seconds, Stopping threads took: 0.0003418 seconds
[2022-06-13T02:38:30.860+0000][1][safepoint    ] Application time: 1.0001738 seconds
[2022-06-13T02:38:30.861+0000][1][safepoint    ] Entering safepoint region: Cleanup
[2022-06-13T02:38:30.861+0000][1][safepoint    ] Leaving safepoint region
[2022-06-13T02:38:30.861+0000][1][safepoint    ] Total time for which application threads were stopped: 0.0005011 seconds, Stopping threads took: 0.0001931 seconds
[2022-06-13T02:38:31.861+0000][1][safepoint    ] Application time: 1.0001574 seconds
[2022-06-13T02:38:31.862+0000][1][safepoint    ] Entering safepoint region: Cleanup
[2022-06-13T02:38:31.862+0000][1][safepoint    ] Leaving safepoint region
[2022-06-13T02:38:31.863+0000][1][safepoint    ] Total time for which application threads were stopped: 0.0008500 seconds, Stopping threads took: 0.0004338 seconds
[2022-06-13T02:38:32.863+0000][1][safepoint    ] Application time: 1.0003596 seconds
[2022-06-13T02:38:32.864+0000][1][safepoint    ] Entering safepoint region: Cleanup
[2022-06-13T02:38:32.864+0000][1][safepoint    ] Leaving safepoint region
[2022-06-13T02:38:32.865+0000][1][safepoint    ] Total time for which application threads were stopped: 0.0006268 seconds, Stopping threads took: 0.0002392 seconds
[2022-06-13T02:38:33.865+0000][1][safepoint    ] Application time: 1.0002365 seconds
[2022-06-13T02:38:33.866+0000][1][safepoint    ] Entering safepoint region: Cleanup
[2022-06-13T02:38:33.866+0000][1][safepoint    ] Leaving safepoint region
[2022-06-13T02:38:33.867+0000][1][safepoint    ] Total time for which application threads were stopped: 0.0010207 seconds, Stopping threads took: 0.0004365 seconds
[2022-06-13T02:38:34.867+0000][1][safepoint    ] Application time: 1.0001781 seconds
[2022-06-13T02:38:34.868+0000][1][safepoint    ] Entering safepoint region: Cleanup
[2022-06-13T02:38:34.868+0000][1][safepoint    ] Leaving safepoint region
[2022-06-13T02:38:34.868+0000][1][safepoint    ] Total time for which application threads were stopped: 0.0006846 seconds, Stopping threads took: 0.0003016 seconds
[2022-06-13T02:38:35.869+0000][1][safepoint    ] Application time: 1.0002377 seconds
[2022-06-13T02:38:35.870+0000][1][safepoint    ] Entering safepoint region: Cleanup
[2022-06-13T02:38:35.870+0000][1][safepoint    ] Leaving safepoint region
[2022-06-13T02:38:35.871+0000][1][safepoint    ] Total time for which application threads were stopped: 0.0008110 seconds, Stopping threads took: 0.0003696 seconds
[2022-06-13T02:38:36.871+0000][1][safepoint    ] Application time: 1.0002913 seconds
[2022-06-13T02:38:36.872+0000][1][safepoint    ] Entering safepoint region: Cleanup
[2022-06-13T02:38:36.872+0000][1][safepoint    ] Leaving safepoint region
[2022-06-13T02:38:36.872+0000][1][safepoint    ] Total time for which application threads were stopped: 0.0006041 seconds, Stopping threads took: 0.0002885 seconds
[2022-06-13T02:38:37.873+0000][1][safepoint    ] Application time: 1.0001903 seconds
[2022-06-13T02:38:37.873+0000][1][safepoint    ] Entering safepoint region: Cleanup
[2022-06-13T02:38:37.874+0000][1][safepoint    ] Leaving safepoint region
[2022-06-13T02:38:37.874+0000][1][safepoint    ] Total time for which application threads were stopped: 0.0004464 seconds, Stopping threads took: 0.0001663 seconds
[2022-06-13T02:38:38.874+0000][1][safepoint    ] Application time: 1.0002025 seconds
[2022-06-13T02:38:38.875+0000][1][safepoint    ] Entering safepoint region: Cleanup
[2022-06-13T02:38:38.875+0000][1][safepoint    ] Leaving safepoint region
[2022-06-13T02:38:38.876+0000][1][safepoint    ] Total time for which application threads were stopped: 0.0007806 seconds, Stopping threads took: 0.0003549 seconds
[2022-06-13T02:38:39.876+0000][1][safepoint    ] Application time: 1.0002944 seconds
[2022-06-13T02:38:39.877+0000][1][safepoint    ] Entering safepoint region: Cleanup
[2022-06-13T02:38:39.877+0000][1][safepoint    ] Leaving safepoint region
[2022-06-13T02:38:39.878+0000][1][safepoint    ] Total time for which application threads were stopped: 0.0014913 seconds, Stopping threads took: 0.0006883 seconds
[2022-06-13T02:38:40.879+0000][1][safepoint    ] Application time: 1.0002107 seconds
[2022-06-13T02:38:40.879+0000][1][safepoint    ] Entering safepoint region: Cleanup
[2022-06-13T02:38:40.880+0000][1][safepoint    ] Leaving safepoint region
[2022-06-13T02:38:40.880+0000][1][safepoint    ] Total time for which application threads were stopped: 0.0006107 seconds, Stopping threads took: 0.0002903 seconds
[2022-06-13T02:38:41.880+0000][1][safepoint    ] Application time: 1.0001793 seconds
[2022-06-13T02:38:41.881+0000][1][safepoint    ] Entering safepoint region: Cleanup
[2022-06-13T02:38:41.881+0000][1][safepoint    ] Leaving safepoint region
[2022-06-13T02:38:41.881+0000][1][safepoint    ] Total time for which application threads were stopped: 0.0003912 seconds, Stopping threads took: 0.0002191 seconds
[2022-06-13T02:38:42.881+0000][1][safepoint    ] Application time: 1.0001251 seconds
[2022-06-13T02:38:42.882+0000][1][safepoint    ] Entering safepoint region: Cleanup
[2022-06-13T02:38:42.882+0000][1][safepoint    ] Leaving safepoint region
[2022-06-13T02:38:42.882+0000][1][safepoint    ] Total time for which application threads were stopped: 0.0006185 seconds, Stopping threads took: 0.0002460 seconds
[2022-06-13T02:38:43.883+0000][1][safepoint    ] Application time: 1.0002480 seconds
[2022-06-13T02:38:43.883+0000][1][safepoint    ] Entering safepoint region: Cleanup
[2022-06-13T02:38:43.883+0000][1][safepoint    ] Leaving safepoint region
[2022-06-13T02:38:43.884+0000][1][safepoint    ] Total time for which application threads were stopped: 0.0006892 seconds, Stopping threads took: 0.0002541 seconds
[2022-06-13T02:38:44.884+0000][1][safepoint    ] Application time: 1.0003461 seconds
[2022-06-13T02:38:44.885+0000][1][safepoint    ] Entering safepoint region: Cleanup
[2022-06-13T02:38:44.886+0000][1][safepoint    ] Leaving safepoint region
[2022-06-13T02:38:44.886+0000][1][safepoint    ] Total time for which application threads were stopped: 0.0012835 seconds, Stopping threads took: 0.0005058 seconds
[2022-06-13T02:38:45.887+0000][1][safepoint    ] Application time: 1.0001736 seconds
[2022-06-13T02:38:45.888+0000][1][safepoint    ] Entering safepoint region: Cleanup
[2022-06-13T02:38:45.888+0000][1][safepoint    ] Leaving safepoint region
[2022-06-13T02:38:45.888+0000][1][safepoint    ] Total time for which application threads were stopped: 0.0007341 seconds, Stopping threads took: 0.0004022 seconds
[2022-06-13T02:38:46.889+0000][1][safepoint    ] Application time: 1.0001269 seconds
[2022-06-13T02:38:46.889+0000][1][safepoint    ] Entering safepoint region: Cleanup
[2022-06-13T02:38:46.889+0000][1][safepoint    ] Leaving safepoint region
[2022-06-13T02:38:46.890+0000][1][safepoint    ] Total time for which application threads were stopped: 0.0004517 seconds, Stopping threads took: 0.0002166 seconds
[2022-06-13T02:38:47.890+0000][1][safepoint    ] Application time: 1.0003803 seconds
[2022-06-13T02:38:47.891+0000][1][safepoint    ] Entering safepoint region: Cleanup
[2022-06-13T02:38:47.891+0000][1][safepoint    ] Leaving safepoint region
[2022-06-13T02:38:47.891+0000][1][safepoint    ] Total time for which application threads were stopped: 0.0008257 seconds, Stopping threads took: 0.0003083 seconds
[2022-06-13T02:38:48.892+0000][1][safepoint    ] Application time: 1.0002767 seconds
[2022-06-13T02:38:48.893+0000][1][safepoint    ] Entering safepoint region: Cleanup
[2022-06-13T02:38:48.893+0000][1][safepoint    ] Leaving safepoint region
[2022-06-13T02:38:48.894+0000][1][safepoint    ] Total time for which application threads were stopped: 0.0009410 seconds, Stopping threads took: 0.0003954 seconds
[2022-06-13T02:38:49.894+0000][1][safepoint    ] Application time: 1.0002495 seconds
[2022-06-13T02:38:49.894+0000][1][safepoint    ] Entering safepoint region: Cleanup
[2022-06-13T02:38:49.895+0000][1][safepoint    ] Leaving safepoint region
[2022-06-13T02:38:49.895+0000][1][safepoint    ] Total time for which application threads were stopped: 0.0008396 seconds, Stopping threads took: 0.0004416 seconds
[2022-06-13T02:38:50.896+0000][1][safepoint    ] Application time: 1.0001854 seconds
[2022-06-13T02:38:50.896+0000][1][safepoint    ] Entering safepoint region: Cleanup
[2022-06-13T02:38:50.897+0000][1][safepoint    ] Leaving safepoint region
[2022-06-13T02:38:50.897+0000][1][safepoint    ] Total time for which application threads were stopped: 0.0009415 seconds, Stopping threads took: 0.0004024 seconds
[2022-06-13T02:38:51.898+0000][1][safepoint    ] Application time: 1.0002214 seconds
[2022-06-13T02:38:51.898+0000][1][safepoint    ] Entering safepoint region: Cleanup
[2022-06-13T02:38:51.899+0000][1][safepoint    ] Leaving safepoint region
[2022-06-13T02:38:51.899+0000][1][safepoint    ] Total time for which application threads were stopped: 0.0009107 seconds, Stopping threads took: 0.0003834 seconds
[2022-06-13T02:38:52.900+0000][1][safepoint    ] Application time: 1.0002521 seconds
[2022-06-13T02:38:52.901+0000][1][safepoint    ] Entering safepoint region: Cleanup
[2022-06-13T02:38:52.901+0000][1][safepoint    ] Leaving safepoint region
[2022-06-13T02:38:52.902+0000][1][safepoint    ] Total time for which application threads were stopped: 0.0011544 seconds, Stopping threads took: 0.0006146 seconds
[2022-06-13T02:38:53.902+0000][1][safepoint    ] Application time: 1.0001904 seconds
[2022-06-13T02:38:53.903+0000][1][safepoint    ] Entering safepoint region: Cleanup
[2022-06-13T02:38:53.903+0000][1][safepoint    ] Leaving safepoint region
[2022-06-13T02:38:53.904+0000][1][safepoint    ] Total time for which application threads were stopped: 0.0010639 seconds, Stopping threads took: 0.0004552 seconds
[2022-06-13T02:38:54.905+0000][1][safepoint    ] Application time: 1.0001538 seconds
[2022-06-13T02:38:54.905+0000][1][safepoint    ] Entering safepoint region: Cleanup
[2022-06-13T02:38:54.905+0000][1][safepoint    ] Leaving safepoint region
[2022-06-13T02:38:54.905+0000][1][safepoint    ] Total time for which application threads were stopped: 0.0005218 seconds, Stopping threads took: 0.0001777 seconds
[2022-06-13T02:38:55.906+0000][1][safepoint    ] Application time: 1.0001469 seconds
[2022-06-13T02:38:55.906+0000][1][safepoint    ] Entering safepoint region: Cleanup
[2022-06-13T02:38:55.907+0000][1][safepoint    ] Leaving safepoint region
[2022-06-13T02:38:55.907+0000][1][safepoint    ] Total time for which application threads were stopped: 0.0007809 seconds, Stopping threads took: 0.0003978 seconds
[2022-06-13T02:38:56.908+0000][1][safepoint    ] Application time: 1.0002470 seconds
[2022-06-13T02:38:56.908+0000][1][safepoint    ] Entering safepoint region: Cleanup
[2022-06-13T02:38:56.908+0000][1][safepoint    ] Leaving safepoint region
[2022-06-13T02:38:56.909+0000][1][safepoint    ] Total time for which application threads were stopped: 0.0005890 seconds, Stopping threads took: 0.0002796 seconds
[2022-06-13T02:38:57.909+0000][1][safepoint    ] Application time: 1.0001238 seconds
[2022-06-13T02:38:57.910+0000][1][safepoint    ] Entering safepoint region: Cleanup
[2022-06-13T02:38:57.910+0000][1][safepoint    ] Leaving safepoint region
[2022-06-13T02:38:57.910+0000][1][safepoint    ] Total time for which application threads were stopped: 0.0006874 seconds, Stopping threads took: 0.0002181 seconds
[2022-06-13T02:38:58.911+0000][1][safepoint    ] Application time: 1.0001258 seconds
[2022-06-13T02:38:58.911+0000][1][safepoint    ] Entering safepoint region: Cleanup
[2022-06-13T02:38:58.911+0000][1][safepoint    ] Leaving safepoint region
[2022-06-13T02:38:58.911+0000][1][safepoint    ] Total time for which application threads were stopped: 0.0002948 seconds, Stopping threads took: 0.0001259 seconds
[2022-06-13T02:38:59.912+0000][1][safepoint    ] Application time: 1.0002207 seconds
[2022-06-13T02:38:59.912+0000][1][safepoint    ] Entering safepoint region: Cleanup
[2022-06-13T02:38:59.912+0000][1][safepoint    ] Leaving safepoint region
[2022-06-13T02:38:59.913+0000][1][safepoint    ] Total time for which application threads were stopped: 0.0007327 seconds, Stopping threads took: 0.0003624 seconds
[2022-06-13T02:39:00.913+0000][1][safepoint    ] Application time: 1.0001807 seconds
[2022-06-13T02:39:00.914+0000][1][safepoint    ] Entering safepoint region: Cleanup
[2022-06-13T02:39:00.914+0000][1][safepoint    ] Leaving safepoint region
[2022-06-13T02:39:00.914+0000][1][safepoint    ] Total time for which application threads were stopped: 0.0005521 seconds, Stopping threads took: 0.0002895 seconds
[2022-06-13T02:39:01.915+0000][1][safepoint    ] Application time: 1.0002153 seconds
[2022-06-13T02:39:01.916+0000][1][safepoint    ] Entering safepoint region: Cleanup
[2022-06-13T02:39:01.916+0000][1][safepoint    ] Leaving safepoint region
[2022-06-13T02:39:01.916+0000][1][safepoint    ] Total time for which application threads were stopped: 0.0007604 seconds, Stopping threads took: 0.0003784 seconds
[2022-06-13T02:39:02.917+0000][1][safepoint    ] Application time: 1.0002234 seconds
[2022-06-13T02:39:02.918+0000][1][safepoint    ] Entering safepoint region: Cleanup
[2022-06-13T02:39:02.918+0000][1][safepoint    ] Leaving safepoint region
[2022-06-13T02:39:02.919+0000][1][safepoint    ] Total time for which application threads were stopped: 0.0009929 seconds, Stopping threads took: 0.0004334 seconds
[2022-06-13T02:39:03.919+0000][1][safepoint    ] Application time: 1.0002936 seconds
[2022-06-13T02:39:03.920+0000][1][safepoint    ] Entering safepoint region: Cleanup
[2022-06-13T02:39:03.921+0000][1][safepoint    ] Leaving safepoint region
[2022-06-13T02:39:03.921+0000][1][safepoint    ] Total time for which application threads were stopped: 0.0007842 seconds, Stopping threads took: 0.0004000 seconds
[2022-06-13T02:39:04.922+0000][1][safepoint    ] Application time: 1.0002074 seconds
[2022-06-13T02:39:04.922+0000][1][safepoint    ] Entering safepoint region: Cleanup
[2022-06-13T02:39:04.922+0000][1][safepoint    ] Leaving safepoint region
[2022-06-13T02:39:04.923+0000][1][safepoint    ] Total time for which application threads were stopped: 0.0006528 seconds, Stopping threads took: 0.0002830 seconds
[2022-06-13T02:39:05.923+0000][1][safepoint    ] Application time: 1.0002376 seconds
[2022-06-13T02:39:05.924+0000][1][safepoint    ] Entering safepoint region: Cleanup
[2022-06-13T02:39:05.925+0000][1][safepoint    ] Leaving safepoint region
[2022-06-13T02:39:05.925+0000][1][safepoint    ] Total time for which application threads were stopped: 0.0013873 seconds, Stopping threads took: 0.0006856 seconds
[2022-06-13T02:39:06.926+0000][1][safepoint    ] Application time: 1.0003777 seconds
[2022-06-13T02:39:06.927+0000][1][safepoint    ] Entering safepoint region: Cleanup
[2022-06-13T02:39:06.927+0000][1][safepoint    ] Leaving safepoint region
[2022-06-13T02:39:06.928+0000][1][safepoint    ] Total time for which application threads were stopped: 0.0011086 seconds, Stopping threads took: 0.0004817 seconds
[2022-06-13T02:39:07.929+0000][1][safepoint    ] Application time: 1.0002623 seconds
[2022-06-13T02:39:07.930+0000][1][safepoint    ] Entering safepoint region: Cleanup
[2022-06-13T02:39:07.930+0000][1][safepoint    ] Leaving safepoint region
[2022-06-13T02:39:07.931+0000][1][safepoint    ] Total time for which application threads were stopped: 0.0010177 seconds, Stopping threads took: 0.0004603 seconds
[2022-06-13T02:39:08.931+0000][1][safepoint    ] Application time: 1.0001349 seconds
[2022-06-13T02:39:08.932+0000][1][safepoint    ] Entering safepoint region: Cleanup
[2022-06-13T02:39:08.932+0000][1][safepoint    ] Leaving safepoint region
[2022-06-13T02:39:08.932+0000][1][safepoint    ] Total time for which application threads were stopped: 0.0005656 seconds, Stopping threads took: 0.0003244 seconds
[2022-06-13T02:39:09.933+0000][1][safepoint    ] Application time: 1.0002795 seconds
[2022-06-13T02:39:09.933+0000][1][safepoint    ] Entering safepoint region: Cleanup
[2022-06-13T02:39:09.934+0000][1][safepoint    ] Leaving safepoint region
[2022-06-13T02:39:09.934+0000][1][safepoint    ] Total time for which application threads were stopped: 0.0006865 seconds, Stopping threads took: 0.0003405 seconds
[2022-06-13T02:39:10.935+0000][1][safepoint    ] Application time: 1.0002012 seconds
[2022-06-13T02:39:10.935+0000][1][safepoint    ] Entering safepoint region: Cleanup
[2022-06-13T02:39:10.935+0000][1][safepoint    ] Leaving safepoint region
[2022-06-13T02:39:10.936+0000][1][safepoint    ] Total time for which application threads were stopped: 0.0006844 seconds, Stopping threads took: 0.0004213 seconds
[2022-06-13T02:39:11.936+0000][1][safepoint    ] Application time: 1.0002917 seconds
[2022-06-13T02:39:11.937+0000][1][safepoint    ] Entering safepoint region: Cleanup
[2022-06-13T02:39:11.937+0000][1][safepoint    ] Leaving safepoint region
[2022-06-13T02:39:11.938+0000][1][safepoint    ] Total time for which application threads were stopped: 0.0010313 seconds, Stopping threads took: 0.0004752 seconds
[2022-06-13T02:39:12.939+0000][1][safepoint    ] Application time: 1.0001481 seconds
[2022-06-13T02:39:12.940+0000][1][safepoint    ] Entering safepoint region: Cleanup
[2022-06-13T02:39:12.940+0000][1][safepoint    ] Leaving safepoint region
[2022-06-13T02:39:12.940+0000][1][safepoint    ] Total time for which application threads were stopped: 0.0008724 seconds, Stopping threads took: 0.0005818 seconds
[2022-06-13T02:39:13.941+0000][1][safepoint    ] Application time: 1.0001032 seconds
[2022-06-13T02:39:13.941+0000][1][safepoint    ] Entering safepoint region: Cleanup
[2022-06-13T02:39:13.942+0000][1][safepoint    ] Leaving safepoint region
[2022-06-13T02:39:13.942+0000][1][safepoint    ] Total time for which application threads were stopped: 0.0009621 seconds, Stopping threads took: 0.0004852 seconds
[2022-06-13T02:39:14.943+0000][1][safepoint    ] Application time: 1.0001747 seconds
[2022-06-13T02:39:14.943+0000][1][safepoint    ] Entering safepoint region: Cleanup
[2022-06-13T02:39:14.944+0000][1][safepoint    ] Leaving safepoint region
[2022-06-13T02:39:14.945+0000][1][safepoint    ] Total time for which application threads were stopped: 0.0014541 seconds, Stopping threads took: 0.0006668 seconds
[2022-06-13T02:39:15.946+0000][1][safepoint    ] Application time: 1.0003145 seconds
[2022-06-13T02:39:15.946+0000][1][safepoint    ] Entering safepoint region: Cleanup
[2022-06-13T02:39:15.947+0000][1][safepoint    ] Leaving safepoint region
[2022-06-13T02:39:15.948+0000][1][safepoint    ] Total time for which application threads were stopped: 0.0011702 seconds, Stopping threads took: 0.0006341 seconds
[2022-06-13T02:39:16.948+0000][1][safepoint    ] Application time: 1.0001963 seconds
[2022-06-13T02:39:16.949+0000][1][safepoint    ] Entering safepoint region: Cleanup
[2022-06-13T02:39:16.949+0000][1][safepoint    ] Leaving safepoint region
[2022-06-13T02:39:16.949+0000][1][safepoint    ] Total time for which application threads were stopped: 0.0008149 seconds, Stopping threads took: 0.0003834 seconds
[2022-06-13T02:39:17.950+0000][1][safepoint    ] Application time: 1.0002355 seconds
[2022-06-13T02:39:17.950+0000][1][safepoint    ] Entering safepoint region: Cleanup
[2022-06-13T02:39:17.951+0000][1][safepoint    ] Leaving safepoint region
[2022-06-13T02:39:17.951+0000][1][safepoint    ] Total time for which application threads were stopped: 0.0005847 seconds, Stopping threads took: 0.0002645 seconds
[2022-06-13T02:39:18.951+0000][1][safepoint    ] Application time: 1.0001960 seconds
[2022-06-13T02:39:18.952+0000][1][safepoint    ] Entering safepoint region: Cleanup
[2022-06-13T02:39:18.953+0000][1][safepoint    ] Leaving safepoint region
[2022-06-13T02:39:18.953+0000][1][safepoint    ] Total time for which application threads were stopped: 0.0012692 seconds, Stopping threads took: 0.0005890 seconds
[2022-06-13T02:39:19.954+0000][1][safepoint    ] Application time: 1.0001477 seconds
[2022-06-13T02:39:19.954+0000][1][safepoint    ] Entering safepoint region: Cleanup
[2022-06-13T02:39:19.955+0000][1][safepoint    ] Leaving safepoint region
[2022-06-13T02:39:19.955+0000][1][safepoint    ] Total time for which application threads were stopped: 0.0010089 seconds, Stopping threads took: 0.0004479 seconds
[2022-06-13T02:39:20.956+0000][1][safepoint    ] Application time: 1.0002339 seconds
[2022-06-13T02:39:20.956+0000][1][safepoint    ] Entering safepoint region: Cleanup
[2022-06-13T02:39:20.957+0000][1][safepoint    ] Leaving safepoint region
[2022-06-13T02:39:20.957+0000][1][safepoint    ] Total time for which application threads were stopped: 0.0008448 seconds, Stopping threads took: 0.0003747 seconds
[2022-06-13T02:39:21.958+0000][1][safepoint    ] Application time: 1.0001898 seconds
[2022-06-13T02:39:21.958+0000][1][safepoint    ] Entering safepoint region: Cleanup
[2022-06-13T02:39:21.959+0000][1][safepoint    ] Leaving safepoint region
[2022-06-13T02:39:21.959+0000][1][safepoint    ] Total time for which application threads were stopped: 0.0007830 seconds, Stopping threads took: 0.0003495 seconds
[2022-06-13T02:39:22.960+0000][1][safepoint    ] Application time: 1.0001332 seconds
[2022-06-13T02:39:22.960+0000][1][safepoint    ] Entering safepoint region: Cleanup
[2022-06-13T02:39:22.961+0000][1][safepoint    ] Leaving safepoint region
[2022-06-13T02:39:22.961+0000][1][safepoint    ] Total time for which application threads were stopped: 0.0007941 seconds, Stopping threads took: 0.0003869 seconds
[2022-06-13T02:39:23.962+0000][1][safepoint    ] Application time: 1.0002656 seconds
[2022-06-13T02:39:23.962+0000][1][safepoint    ] Entering safepoint region: Cleanup
[2022-06-13T02:39:23.963+0000][1][safepoint    ] Leaving safepoint region
[2022-06-13T02:39:23.963+0000][1][safepoint    ] Total time for which application threads were stopped: 0.0007277 seconds, Stopping threads took: 0.0003383 seconds
[2022-06-13T02:39:24.964+0000][1][safepoint    ] Application time: 1.0002030 seconds
[2022-06-13T02:39:24.964+0000][1][safepoint    ] Entering safepoint region: Cleanup
[2022-06-13T02:39:24.965+0000][1][safepoint    ] Leaving safepoint region
[2022-06-13T02:39:24.965+0000][1][safepoint    ] Total time for which application threads were stopped: 0.0009948 seconds, Stopping threads took: 0.0004168 seconds
[2022-06-13T02:39:25.966+0000][1][safepoint    ] Application time: 1.0001319 seconds
[2022-06-13T02:39:25.966+0000][1][safepoint    ] Entering safepoint region: Cleanup
[2022-06-13T02:39:25.967+0000][1][safepoint    ] Leaving safepoint region
[2022-06-13T02:39:25.967+0000][1][safepoint    ] Total time for which application threads were stopped: 0.0005661 seconds, Stopping threads took: 0.0002823 seconds
[2022-06-13T02:39:26.967+0000][1][safepoint    ] Application time: 1.0002454 seconds
[2022-06-13T02:39:26.968+0000][1][safepoint    ] Entering safepoint region: Cleanup
[2022-06-13T02:39:26.968+0000][1][safepoint    ] Leaving safepoint region
[2022-06-13T02:39:26.968+0000][1][safepoint    ] Total time for which application threads were stopped: 0.0006408 seconds, Stopping threads took: 0.0002762 seconds
[2022-06-13T02:39:27.969+0000][1][safepoint    ] Application time: 1.0002752 seconds
[2022-06-13T02:39:27.969+0000][1][safepoint    ] Entering safepoint region: Cleanup
[2022-06-13T02:39:27.970+0000][1][safepoint    ] Leaving safepoint region
[2022-06-13T02:39:27.970+0000][1][safepoint    ] Total time for which application threads were stopped: 0.0009392 seconds, Stopping threads took: 0.0004303 seconds
[2022-06-13T02:39:28.971+0000][1][safepoint    ] Application time: 1.0002147 seconds
[2022-06-13T02:39:28.972+0000][1][safepoint    ] Entering safepoint region: Cleanup
[2022-06-13T02:39:28.972+0000][1][safepoint    ] Leaving safepoint region
[2022-06-13T02:39:28.972+0000][1][safepoint    ] Total time for which application threads were stopped: 0.0007301 seconds, Stopping threads took: 0.0003749 seconds
[2022-06-13T02:39:29.973+0000][1][safepoint    ] Application time: 1.0002986 seconds
[2022-06-13T02:39:29.973+0000][1][safepoint    ] Entering safepoint region: Cleanup
[2022-06-13T02:39:29.974+0000][1][safepoint    ] Leaving safepoint region
[2022-06-13T02:39:29.974+0000][1][safepoint    ] Total time for which application threads were stopped: 0.0007843 seconds, Stopping threads took: 0.0003359 seconds
[2022-06-13T02:39:30.975+0000][1][safepoint    ] Application time: 1.0001714 seconds
[2022-06-13T02:39:30.975+0000][1][safepoint    ] Entering safepoint region: Cleanup
[2022-06-13T02:39:30.976+0000][1][safepoint    ] Leaving safepoint region
[2022-06-13T02:39:30.976+0000][1][safepoint    ] Total time for which application threads were stopped: 0.0009269 seconds, Stopping threads took: 0.0003950 seconds
[2022-06-13T02:39:31.977+0000][1][safepoint    ] Application time: 1.0002441 seconds
[2022-06-13T02:39:31.978+0000][1][safepoint    ] Entering safepoint region: Cleanup
[2022-06-13T02:39:31.978+0000][1][safepoint    ] Leaving safepoint region
[2022-06-13T02:39:31.979+0000][1][safepoint    ] Total time for which application threads were stopped: 0.0010034 seconds, Stopping threads took: 0.0004263 seconds
[2022-06-13T02:39:32.979+0000][1][safepoint    ] Application time: 1.0002440 seconds
[2022-06-13T02:39:32.980+0000][1][safepoint    ] Entering safepoint region: Cleanup
[2022-06-13T02:39:32.980+0000][1][safepoint    ] Leaving safepoint region
[2022-06-13T02:39:32.980+0000][1][safepoint    ] Total time for which application threads were stopped: 0.0006458 seconds, Stopping threads took: 0.0002712 seconds
[2022-06-13T02:39:33.981+0000][1][safepoint    ] Application time: 1.0001863 seconds
[2022-06-13T02:39:33.981+0000][1][safepoint    ] Entering safepoint region: Cleanup
[2022-06-13T02:39:33.982+0000][1][safepoint    ] Leaving safepoint region
[2022-06-13T02:39:33.982+0000][1][safepoint    ] Total time for which application threads were stopped: 0.0010742 seconds, Stopping threads took: 0.0004468 seconds
[2022-06-13T02:39:34.983+0000][1][safepoint    ] Application time: 1.0002484 seconds
[2022-06-13T02:39:34.984+0000][1][safepoint    ] Entering safepoint region: Cleanup
[2022-06-13T02:39:34.984+0000][1][safepoint    ] Leaving safepoint region
[2022-06-13T02:39:34.984+0000][1][safepoint    ] Total time for which application threads were stopped: 0.0007889 seconds, Stopping threads took: 0.0004015 seconds
[2022-06-13T02:39:35.985+0000][1][safepoint    ] Application time: 1.0002869 seconds
[2022-06-13T02:39:35.986+0000][1][safepoint    ] Entering safepoint region: Cleanup
[2022-06-13T02:39:35.986+0000][1][safepoint    ] Leaving safepoint region
[2022-06-13T02:39:35.986+0000][1][safepoint    ] Total time for which application threads were stopped: 0.0007187 seconds, Stopping threads took: 0.0003420 seconds
[2022-06-13T02:39:36.987+0000][1][safepoint    ] Application time: 1.0001927 seconds
[2022-06-13T02:39:36.988+0000][1][safepoint    ] Entering safepoint region: Cleanup
[2022-06-13T02:39:36.988+0000][1][safepoint    ] Leaving safepoint region
[2022-06-13T02:39:36.988+0000][1][safepoint    ] Total time for which application threads were stopped: 0.0006810 seconds, Stopping threads took: 0.0003200 seconds
[2022-06-13T02:39:37.989+0000][1][safepoint    ] Application time: 1.0001837 seconds
[2022-06-13T02:39:37.989+0000][1][safepoint    ] Entering safepoint region: Cleanup
[2022-06-13T02:39:37.990+0000][1][safepoint    ] Leaving safepoint region
[2022-06-13T02:39:37.990+0000][1][safepoint    ] Total time for which application threads were stopped: 0.0009120 seconds, Stopping threads took: 0.0004619 seconds
[2022-06-13T02:39:38.991+0000][1][safepoint    ] Application time: 1.0001963 seconds
[2022-06-13T02:39:38.991+0000][1][safepoint    ] Entering safepoint region: Cleanup
[2022-06-13T02:39:38.991+0000][1][safepoint    ] Leaving safepoint region
[2022-06-13T02:39:38.992+0000][1][safepoint    ] Total time for which application threads were stopped: 0.0006074 seconds, Stopping threads took: 0.0002955 seconds
[2022-06-13T02:39:39.992+0000][1][safepoint    ] Application time: 1.0001136 seconds
[2022-06-13T02:39:39.992+0000][1][safepoint    ] Entering safepoint region: Cleanup
[2022-06-13T02:39:39.993+0000][1][safepoint    ] Leaving safepoint region
[2022-06-13T02:39:39.993+0000][1][safepoint    ] Total time for which application threads were stopped: 0.0007849 seconds, Stopping threads took: 0.0003919 seconds
[2022-06-13T02:39:40.994+0000][1][safepoint    ] Application time: 1.0001623 seconds
[2022-06-13T02:39:40.995+0000][1][safepoint    ] Entering safepoint region: Cleanup
[2022-06-13T02:39:40.995+0000][1][safepoint    ] Leaving safepoint region
[2022-06-13T02:39:40.996+0000][1][safepoint    ] Total time for which application threads were stopped: 0.0012934 seconds, Stopping threads took: 0.0005661 seconds
[2022-06-13T02:39:41.997+0000][1][safepoint    ] Application time: 1.0002850 seconds
[2022-06-13T02:39:41.997+0000][1][safepoint    ] Entering safepoint region: Cleanup
[2022-06-13T02:39:41.998+0000][1][safepoint    ] Leaving safepoint region
[2022-06-13T02:39:41.998+0000][1][safepoint    ] Total time for which application threads were stopped: 0.0006857 seconds, Stopping threads took: 0.0003223 seconds
[2022-06-13T02:39:42.999+0000][1][safepoint    ] Application time: 1.0003293 seconds
[2022-06-13T02:39:42.999+0000][1][safepoint    ] Entering safepoint region: Cleanup
[2022-06-13T02:39:43.000+0000][1][safepoint    ] Leaving safepoint region
[2022-06-13T02:39:43.000+0000][1][safepoint    ] Total time for which application threads were stopped: 0.0009665 seconds, Stopping threads took: 0.0004194 seconds
[2022-06-13T02:39:44.001+0000][1][safepoint    ] Application time: 1.0002309 seconds
[2022-06-13T02:39:44.001+0000][1][safepoint    ] Entering safepoint region: Cleanup
[2022-06-13T02:39:44.002+0000][1][safepoint    ] Leaving safepoint region
[2022-06-13T02:39:44.002+0000][1][safepoint    ] Total time for which application threads were stopped: 0.0008671 seconds, Stopping threads took: 0.0003964 seconds
[2022-06-13T02:39:45.003+0000][1][safepoint    ] Application time: 1.0001692 seconds
[2022-06-13T02:39:45.026+0000][1][safepoint    ] Entering safepoint region: Cleanup
[2022-06-13T02:39:45.027+0000][1][safepoint    ] Leaving safepoint region
[2022-06-13T02:39:45.027+0000][1][safepoint    ] Total time for which application threads were stopped: 0.0009881 seconds, Stopping threads took: 0.0004174 seconds
[2022-06-13T02:39:46.028+0000][1][safepoint    ] Application time: 1.0002751 seconds
[2022-06-13T02:39:46.028+0000][1][safepoint    ] Entering safepoint region: Cleanup
[2022-06-13T02:39:46.029+0000][1][safepoint    ] Leaving safepoint region
[2022-06-13T02:39:46.029+0000][1][safepoint    ] Total time for which application threads were stopped: 0.0009308 seconds, Stopping threads took: 0.0003936 seconds
[2022-06-13T02:39:47.030+0000][1][safepoint    ] Application time: 1.0002305 seconds
[2022-06-13T02:39:47.031+0000][1][safepoint    ] Entering safepoint region: Cleanup
[2022-06-13T02:39:47.031+0000][1][safepoint    ] Leaving safepoint region
[2022-06-13T02:39:47.032+0000][1][safepoint    ] Total time for which application threads were stopped: 0.0009421 seconds, Stopping threads took: 0.0004579 seconds
[2022-06-13T02:39:48.032+0000][1][safepoint    ] Application time: 1.0002502 seconds
[2022-06-13T02:39:48.033+0000][1][safepoint    ] Entering safepoint region: Cleanup
[2022-06-13T02:39:48.034+0000][1][safepoint    ] Leaving safepoint region
[2022-06-13T02:39:48.034+0000][1][safepoint    ] Total time for which application threads were stopped: 0.0013893 seconds, Stopping threads took: 0.0006352 seconds
[2022-06-13T02:39:49.035+0000][1][safepoint    ] Application time: 1.0002353 seconds
[2022-06-13T02:39:49.036+0000][1][safepoint    ] Entering safepoint region: Cleanup
[2022-06-13T02:39:49.037+0000][1][safepoint    ] Leaving safepoint region
[2022-06-13T02:39:49.037+0000][1][safepoint    ] Total time for which application threads were stopped: 0.0013920 seconds, Stopping threads took: 0.0006947 seconds
[2022-06-13T02:39:50.038+0000][1][safepoint    ] Application time: 1.0001293 seconds
[2022-06-13T02:39:50.038+0000][1][safepoint    ] Entering safepoint region: Cleanup
[2022-06-13T02:39:50.039+0000][1][safepoint    ] Leaving safepoint region
[2022-06-13T02:39:50.039+0000][1][safepoint    ] Total time for which application threads were stopped: 0.0009784 seconds, Stopping threads took: 0.0004652 seconds
[2022-06-13T02:39:51.040+0000][1][safepoint    ] Application time: 1.0002853 seconds
[2022-06-13T02:39:51.040+0000][1][safepoint    ] Entering safepoint region: Cleanup
[2022-06-13T02:39:51.041+0000][1][safepoint    ] Leaving safepoint region
[2022-06-13T02:39:51.042+0000][1][safepoint    ] Total time for which application threads were stopped: 0.0011932 seconds, Stopping threads took: 0.0006040 seconds
[2022-06-13T02:39:52.042+0000][1][safepoint    ] Application time: 1.0003488 seconds
[2022-06-13T02:39:52.043+0000][1][safepoint    ] Entering safepoint region: Cleanup
[2022-06-13T02:39:52.044+0000][1][safepoint    ] Leaving safepoint region
[2022-06-13T02:39:52.044+0000][1][safepoint    ] Total time for which application threads were stopped: 0.0013789 seconds, Stopping threads took: 0.0006148 seconds
[2022-06-13T02:39:53.045+0000][1][safepoint    ] Application time: 1.0002195 seconds
[2022-06-13T02:39:53.046+0000][1][safepoint    ] Entering safepoint region: Cleanup
[2022-06-13T02:39:53.046+0000][1][safepoint    ] Leaving safepoint region
[2022-06-13T02:39:53.046+0000][1][safepoint    ] Total time for which application threads were stopped: 0.0008002 seconds, Stopping threads took: 0.0003133 seconds
[2022-06-13T02:39:54.047+0000][1][safepoint    ] Application time: 1.0002044 seconds
[2022-06-13T02:39:54.048+0000][1][safepoint    ] Entering safepoint region: Cleanup
[2022-06-13T02:39:54.048+0000][1][safepoint    ] Leaving safepoint region
[2022-06-13T02:39:54.049+0000][1][safepoint    ] Total time for which application threads were stopped: 0.0008045 seconds, Stopping threads took: 0.0003617 seconds
[2022-06-13T02:39:55.049+0000][1][safepoint    ] Application time: 1.0002813 seconds
[2022-06-13T02:39:55.050+0000][1][safepoint    ] Entering safepoint region: Cleanup
[2022-06-13T02:39:55.050+0000][1][safepoint    ] Leaving safepoint region
[2022-06-13T02:39:55.051+0000][1][safepoint    ] Total time for which application threads were stopped: 0.0009493 seconds, Stopping threads took: 0.0004250 seconds
[2022-06-13T02:39:56.052+0000][1][safepoint    ] Application time: 1.0003054 seconds
[2022-06-13T02:39:56.052+0000][1][safepoint    ] Entering safepoint region: Cleanup
[2022-06-13T02:39:56.053+0000][1][safepoint    ] Leaving safepoint region
[2022-06-13T02:39:56.054+0000][1][safepoint    ] Total time for which application threads were stopped: 0.0014207 seconds, Stopping threads took: 0.0006626 seconds
[2022-06-13T02:39:57.055+0000][1][safepoint    ] Application time: 1.0002715 seconds
[2022-06-13T02:39:57.056+0000][1][safepoint    ] Entering safepoint region: Cleanup
[2022-06-13T02:39:57.057+0000][1][safepoint    ] Leaving safepoint region
[2022-06-13T02:39:57.057+0000][1][safepoint    ] Total time for which application threads were stopped: 0.0013926 seconds, Stopping threads took: 0.0010303 seconds
[2022-06-13T02:39:58.057+0000][1][safepoint    ] Application time: 1.0001544 seconds
[2022-06-13T02:39:58.058+0000][1][safepoint    ] Entering safepoint region: Cleanup
[2022-06-13T02:39:58.058+0000][1][safepoint    ] Leaving safepoint region
[2022-06-13T02:39:58.058+0000][1][safepoint    ] Total time for which application threads were stopped: 0.0006930 seconds, Stopping threads took: 0.0002560 seconds
[2022-06-13T02:39:59.059+0000][1][safepoint    ] Application time: 1.0001917 seconds
[2022-06-13T02:39:59.059+0000][1][safepoint    ] Entering safepoint region: Cleanup
[2022-06-13T02:39:59.060+0000][1][safepoint    ] Leaving safepoint region
[2022-06-13T02:39:59.060+0000][1][safepoint    ] Total time for which application threads were stopped: 0.0004890 seconds, Stopping threads took: 0.0002187 seconds
[2022-06-13T02:40:00.060+0000][1][safepoint    ] Application time: 1.0001753 seconds
[2022-06-13T02:40:00.061+0000][1][safepoint    ] Entering safepoint region: Cleanup
[2022-06-13T02:40:00.061+0000][1][safepoint    ] Leaving safepoint region
[2022-06-13T02:40:00.062+0000][1][safepoint    ] Total time for which application threads were stopped: 0.0009491 seconds, Stopping threads took: 0.0004154 seconds
[2022-06-13T02:40:01.062+0000][1][safepoint    ] Application time: 1.0001860 seconds
[2022-06-13T02:40:01.063+0000][1][safepoint    ] Entering safepoint region: Cleanup
[2022-06-13T02:40:01.063+0000][1][safepoint    ] Leaving safepoint region
[2022-06-13T02:40:01.063+0000][1][safepoint    ] Total time for which application threads were stopped: 0.0006604 seconds, Stopping threads took: 0.0003286 seconds
[2022-06-13T02:40:02.064+0000][1][safepoint    ] Application time: 1.0002280 seconds
[2022-06-13T02:40:02.064+0000][1][safepoint    ] Entering safepoint region: Cleanup
[2022-06-13T02:40:02.065+0000][1][safepoint    ] Leaving safepoint region
[2022-06-13T02:40:02.065+0000][1][safepoint    ] Total time for which application threads were stopped: 0.0008484 seconds, Stopping threads took: 0.0004015 seconds
[2022-06-13T02:40:03.066+0000][1][safepoint    ] Application time: 1.0003259 seconds
[2022-06-13T02:40:03.066+0000][1][safepoint    ] Entering safepoint region: Cleanup
[2022-06-13T02:40:03.067+0000][1][safepoint    ] Leaving safepoint region
[2022-06-13T02:40:03.067+0000][1][safepoint    ] Total time for which application threads were stopped: 0.0009300 seconds, Stopping threads took: 0.0004243 seconds
[2022-06-13T02:40:04.068+0000][1][safepoint    ] Application time: 1.0002867 seconds
[2022-06-13T02:40:04.069+0000][1][safepoint    ] Entering safepoint region: Cleanup
[2022-06-13T02:40:04.069+0000][1][safepoint    ] Leaving safepoint region
[2022-06-13T02:40:04.070+0000][1][safepoint    ] Total time for which application threads were stopped: 0.0012648 seconds, Stopping threads took: 0.0005855 seconds
[2022-06-13T02:40:05.071+0000][1][safepoint    ] Application time: 1.0002514 seconds
[2022-06-13T02:40:05.071+0000][1][safepoint    ] Entering safepoint region: Cleanup
[2022-06-13T02:40:05.072+0000][1][safepoint    ] Leaving safepoint region
[2022-06-13T02:40:05.072+0000][1][safepoint    ] Total time for which application threads were stopped: 0.0006617 seconds, Stopping threads took: 0.0003476 seconds
[2022-06-13T02:40:06.072+0000][1][safepoint    ] Application time: 1.0001824 seconds
[2022-06-13T02:40:06.073+0000][1][safepoint    ] Entering safepoint region: Cleanup
[2022-06-13T02:40:06.073+0000][1][safepoint    ] Leaving safepoint region
[2022-06-13T02:40:06.074+0000][1][safepoint    ] Total time for which application threads were stopped: 0.0009096 seconds, Stopping threads took: 0.0004026 seconds
[2022-06-13T02:40:07.074+0000][1][safepoint    ] Application time: 1.0001560 seconds
[2022-06-13T02:40:07.075+0000][1][safepoint    ] Entering safepoint region: Cleanup
[2022-06-13T02:40:07.075+0000][1][safepoint    ] Leaving safepoint region
[2022-06-13T02:40:07.076+0000][1][safepoint    ] Total time for which application threads were stopped: 0.0008971 seconds, Stopping threads took: 0.0003761 seconds
[2022-06-13T02:40:08.076+0000][1][safepoint    ] Application time: 1.0001955 seconds
[2022-06-13T02:40:08.077+0000][1][safepoint    ] Entering safepoint region: Cleanup
[2022-06-13T02:40:08.077+0000][1][safepoint    ] Leaving safepoint region
[2022-06-13T02:40:08.077+0000][1][safepoint    ] Total time for which application threads were stopped: 0.0005386 seconds, Stopping threads took: 0.0002032 seconds
[2022-06-13T02:40:09.078+0000][1][safepoint    ] Application time: 1.0002955 seconds
[2022-06-13T02:40:09.078+0000][1][safepoint    ] Entering safepoint region: Cleanup
[2022-06-13T02:40:09.079+0000][1][safepoint    ] Leaving safepoint region
[2022-06-13T02:40:09.079+0000][1][safepoint    ] Total time for which application threads were stopped: 0.0009927 seconds, Stopping threads took: 0.0005991 seconds
[2022-06-13T02:40:10.080+0000][1][safepoint    ] Application time: 1.0002602 seconds
[2022-06-13T02:40:10.080+0000][1][safepoint    ] Entering safepoint region: Cleanup
[2022-06-13T02:40:10.081+0000][1][safepoint    ] Leaving safepoint region
[2022-06-13T02:40:10.081+0000][1][safepoint    ] Total time for which application threads were stopped: 0.0008557 seconds, Stopping threads took: 0.0004448 seconds
[2022-06-13T02:40:11.082+0000][1][safepoint    ] Application time: 1.0003173 seconds
[2022-06-13T02:40:11.082+0000][1][safepoint    ] Entering safepoint region: Cleanup
[2022-06-13T02:40:11.083+0000][1][safepoint    ] Leaving safepoint region
[2022-06-13T02:40:11.083+0000][1][safepoint    ] Total time for which application threads were stopped: 0.0006815 seconds, Stopping threads took: 0.0003200 seconds
[2022-06-13T02:40:12.083+0000][1][safepoint    ] Application time: 1.0002073 seconds
[2022-06-13T02:40:12.084+0000][1][safepoint    ] Entering safepoint region: Cleanup
[2022-06-13T02:40:12.085+0000][1][safepoint    ] Leaving safepoint region
[2022-06-13T02:40:12.085+0000][1][safepoint    ] Total time for which application threads were stopped: 0.0008001 seconds, Stopping threads took: 0.0004049 seconds
[2022-06-13T02:40:13.085+0000][1][safepoint    ] Application time: 1.0002334 seconds
[2022-06-13T02:40:13.086+0000][1][safepoint    ] Entering safepoint region: Cleanup
[2022-06-13T02:40:13.086+0000][1][safepoint    ] Leaving safepoint region
[2022-06-13T02:40:13.087+0000][1][safepoint    ] Total time for which application threads were stopped: 0.0007370 seconds, Stopping threads took: 0.0003772 seconds
[2022-06-13T02:40:14.087+0000][1][safepoint    ] Application time: 1.0002318 seconds
[2022-06-13T02:40:14.088+0000][1][safepoint    ] Entering safepoint region: Cleanup
[2022-06-13T02:40:14.088+0000][1][safepoint    ] Leaving safepoint region
[2022-06-13T02:40:14.089+0000][1][safepoint    ] Total time for which application threads were stopped: 0.0009899 seconds, Stopping threads took: 0.0003921 seconds
[2022-06-13T02:40:15.089+0000][1][safepoint    ] Application time: 1.0002252 seconds
[2022-06-13T02:40:15.090+0000][1][safepoint    ] Entering safepoint region: Cleanup
[2022-06-13T02:40:15.090+0000][1][safepoint    ] Leaving safepoint region
[2022-06-13T02:40:15.090+0000][1][safepoint    ] Total time for which application threads were stopped: 0.0008109 seconds, Stopping threads took: 0.0003335 seconds
[2022-06-13T02:40:16.091+0000][1][safepoint    ] Application time: 1.0002586 seconds
[2022-06-13T02:40:16.092+0000][1][safepoint    ] Entering safepoint region: Cleanup
[2022-06-13T02:40:16.092+0000][1][safepoint    ] Leaving safepoint region
[2022-06-13T02:40:16.093+0000][1][safepoint    ] Total time for which application threads were stopped: 0.0009162 seconds, Stopping threads took: 0.0003778 seconds
[2022-06-13T02:40:17.093+0000][1][safepoint    ] Application time: 1.0002595 seconds
[2022-06-13T02:40:17.094+0000][1][safepoint    ] Entering safepoint region: Cleanup
[2022-06-13T02:40:17.094+0000][1][safepoint    ] Leaving safepoint region
[2022-06-13T02:40:17.095+0000][1][safepoint    ] Total time for which application threads were stopped: 0.0010991 seconds, Stopping threads took: 0.0004880 seconds
[2022-06-13T02:40:18.095+0000][1][safepoint    ] Application time: 1.0001568 seconds
[2022-06-13T02:40:18.096+0000][1][safepoint    ] Entering safepoint region: Cleanup
[2022-06-13T02:40:18.097+0000][1][safepoint    ] Leaving safepoint region
[2022-06-13T02:40:18.097+0000][1][safepoint    ] Total time for which application threads were stopped: 0.0010898 seconds, Stopping threads took: 0.0005034 seconds
[2022-06-13T02:40:19.098+0000][1][safepoint    ] Application time: 1.0001831 seconds
[2022-06-13T02:40:19.108+0000][1][safepoint    ] Entering safepoint region: Cleanup
[2022-06-13T02:40:19.109+0000][1][safepoint    ] Leaving safepoint region
[2022-06-13T02:40:19.110+0000][1][safepoint    ] Total time for which application threads were stopped: 0.0017446 seconds, Stopping threads took: 0.0007909 seconds
[2022-06-13T02:40:20.111+0000][1][safepoint    ] Application time: 1.0002146 seconds
[2022-06-13T02:40:20.112+0000][1][safepoint    ] Entering safepoint region: Cleanup
[2022-06-13T02:40:20.112+0000][1][safepoint    ] Leaving safepoint region
[2022-06-13T02:40:20.113+0000][1][safepoint    ] Total time for which application threads were stopped: 0.0012748 seconds, Stopping threads took: 0.0005789 seconds
[2022-06-13T02:40:21.113+0000][1][safepoint    ] Application time: 1.0001423 seconds
[2022-06-13T02:40:21.114+0000][1][safepoint    ] Entering safepoint region: Cleanup
[2022-06-13T02:40:21.115+0000][1][safepoint    ] Leaving safepoint region
[2022-06-13T02:40:21.115+0000][1][safepoint    ] Total time for which application threads were stopped: 0.0008201 seconds, Stopping threads took: 0.0004117 seconds
[2022-06-13T02:40:22.115+0000][1][safepoint    ] Application time: 1.0001458 seconds
[2022-06-13T02:40:22.116+0000][1][safepoint    ] Entering safepoint region: Cleanup
[2022-06-13T02:40:22.116+0000][1][safepoint    ] Leaving safepoint region
[2022-06-13T02:40:22.116+0000][1][safepoint    ] Total time for which application threads were stopped: 0.0004253 seconds, Stopping threads took: 0.0001735 seconds
[2022-06-13T02:40:23.116+0000][1][safepoint    ] Application time: 1.0002086 seconds
[2022-06-13T02:40:23.117+0000][1][safepoint    ] Entering safepoint region: Cleanup
[2022-06-13T02:40:23.117+0000][1][safepoint    ] Leaving safepoint region
[2022-06-13T02:40:23.118+0000][1][safepoint    ] Total time for which application threads were stopped: 0.0008509 seconds, Stopping threads took: 0.0003922 seconds
[2022-06-13T02:40:24.118+0000][1][safepoint    ] Application time: 1.0001762 seconds
[2022-06-13T02:40:24.119+0000][1][safepoint    ] Entering safepoint region: Cleanup
[2022-06-13T02:40:24.119+0000][1][safepoint    ] Leaving safepoint region
[2022-06-13T02:40:24.120+0000][1][safepoint    ] Total time for which application threads were stopped: 0.0008290 seconds, Stopping threads took: 0.0003886 seconds
[2022-06-13T02:40:25.120+0000][1][safepoint    ] Application time: 1.0002306 seconds
[2022-06-13T02:40:25.121+0000][1][safepoint    ] Entering safepoint region: Cleanup
[2022-06-13T02:40:25.122+0000][1][safepoint    ] Leaving safepoint region
[2022-06-13T02:40:25.123+0000][1][safepoint    ] Total time for which application threads were stopped: 0.0015574 seconds, Stopping threads took: 0.0007480 seconds
[2022-06-13T02:40:26.123+0000][1][safepoint    ] Application time: 1.0001850 seconds
[2022-06-13T02:40:26.124+0000][1][safepoint    ] Entering safepoint region: Cleanup
[2022-06-13T02:40:26.125+0000][1][safepoint    ] Leaving safepoint region
[2022-06-13T02:40:26.125+0000][1][safepoint    ] Total time for which application threads were stopped: 0.0011507 seconds, Stopping threads took: 0.0005539 seconds
[2022-06-13T02:40:27.126+0000][1][safepoint    ] Application time: 1.0002023 seconds
[2022-06-13T02:40:27.127+0000][1][safepoint    ] Entering safepoint region: Cleanup
[2022-06-13T02:40:27.127+0000][1][safepoint    ] Leaving safepoint region
[2022-06-13T02:40:27.127+0000][1][safepoint    ] Total time for which application threads were stopped: 0.0007495 seconds, Stopping threads took: 0.0003714 seconds
[2022-06-13T02:40:28.128+0000][1][safepoint    ] Application time: 1.0002362 seconds
[2022-06-13T02:40:28.128+0000][1][safepoint    ] Entering safepoint region: Cleanup
[2022-06-13T02:40:28.129+0000][1][safepoint    ] Leaving safepoint region
[2022-06-13T02:40:28.129+0000][1][safepoint    ] Total time for which application threads were stopped: 0.0007422 seconds, Stopping threads took: 0.0002515 seconds
[2022-06-13T02:40:29.130+0000][1][safepoint    ] Application time: 1.0001769 seconds
[2022-06-13T02:40:29.131+0000][1][safepoint    ] Entering safepoint region: Cleanup
[2022-06-13T02:40:29.131+0000][1][safepoint    ] Leaving safepoint region
[2022-06-13T02:40:29.131+0000][1][safepoint    ] Total time for which application threads were stopped: 0.0006714 seconds, Stopping threads took: 0.0003142 seconds
[2022-06-13T02:40:30.132+0000][1][safepoint    ] Application time: 1.0001441 seconds
[2022-06-13T02:40:30.132+0000][1][safepoint    ] Entering safepoint region: Cleanup
[2022-06-13T02:40:30.133+0000][1][safepoint    ] Leaving safepoint region
[2022-06-13T02:40:30.133+0000][1][safepoint    ] Total time for which application threads were stopped: 0.0006946 seconds, Stopping threads took: 0.0002977 seconds
[2022-06-13T02:40:31.133+0000][1][safepoint    ] Application time: 1.0001072 seconds
[2022-06-13T02:40:31.134+0000][1][safepoint    ] Entering safepoint region: Cleanup
[2022-06-13T02:40:31.134+0000][1][safepoint    ] Leaving safepoint region
[2022-06-13T02:40:31.134+0000][1][safepoint    ] Total time for which application threads were stopped: 0.0006034 seconds, Stopping threads took: 0.0002820 seconds
[2022-06-13T02:40:32.135+0000][1][safepoint    ] Application time: 1.0002283 seconds
[2022-06-13T02:40:32.135+0000][1][safepoint    ] Entering safepoint region: Cleanup
[2022-06-13T02:40:32.136+0000][1][safepoint    ] Leaving safepoint region
[2022-06-13T02:40:32.136+0000][1][safepoint    ] Total time for which application threads were stopped: 0.0008874 seconds, Stopping threads took: 0.0003966 seconds
[2022-06-13T02:40:33.137+0000][1][safepoint    ] Application time: 1.0001381 seconds
[2022-06-13T02:40:33.137+0000][1][safepoint    ] Entering safepoint region: Cleanup
[2022-06-13T02:40:33.138+0000][1][safepoint    ] Leaving safepoint region
[2022-06-13T02:40:33.138+0000][1][safepoint    ] Total time for which application threads were stopped: 0.0011249 seconds, Stopping threads took: 0.0005101 seconds
[2022-06-13T02:40:34.139+0000][1][safepoint    ] Application time: 1.0001455 seconds
[2022-06-13T02:40:34.139+0000][1][safepoint    ] Entering safepoint region: Cleanup
[2022-06-13T02:40:34.140+0000][1][safepoint    ] Leaving safepoint region
[2022-06-13T02:40:34.140+0000][1][safepoint    ] Total time for which application threads were stopped: 0.0008431 seconds, Stopping threads took: 0.0003861 seconds
[2022-06-13T02:40:35.141+0000][1][safepoint    ] Application time: 1.0001548 seconds
[2022-06-13T02:40:35.141+0000][1][safepoint    ] Entering safepoint region: Cleanup
[2022-06-13T02:40:35.141+0000][1][safepoint    ] Leaving safepoint region
[2022-06-13T02:40:35.142+0000][1][safepoint    ] Total time for which application threads were stopped: 0.0008531 seconds, Stopping threads took: 0.0004040 seconds
[2022-06-13T02:40:36.142+0000][1][safepoint    ] Application time: 1.0002403 seconds
[2022-06-13T02:40:36.143+0000][1][safepoint    ] Entering safepoint region: Cleanup
[2022-06-13T02:40:36.144+0000][1][safepoint    ] Leaving safepoint region
[2022-06-13T02:40:36.144+0000][1][safepoint    ] Total time for which application threads were stopped: 0.0011880 seconds, Stopping threads took: 0.0006000 seconds
[2022-06-13T02:40:37.145+0000][1][safepoint    ] Application time: 1.0003257 seconds
[2022-06-13T02:40:37.146+0000][1][safepoint    ] Entering safepoint region: Cleanup
[2022-06-13T02:40:37.146+0000][1][safepoint    ] Leaving safepoint region
[2022-06-13T02:40:37.147+0000][1][safepoint    ] Total time for which application threads were stopped: 0.0009332 seconds, Stopping threads took: 0.0004276 seconds
[2022-06-13T02:40:38.147+0000][1][safepoint    ] Application time: 1.0001231 seconds
[2022-06-13T02:40:38.148+0000][1][safepoint    ] Entering safepoint region: Cleanup
[2022-06-13T02:40:38.148+0000][1][safepoint    ] Leaving safepoint region
[2022-06-13T02:40:38.148+0000][1][safepoint    ] Total time for which application threads were stopped: 0.0007339 seconds, Stopping threads took: 0.0003206 seconds
[2022-06-13T02:40:39.149+0000][1][safepoint    ] Application time: 1.0001706 seconds
[2022-06-13T02:40:39.149+0000][1][safepoint    ] Entering safepoint region: Cleanup
[2022-06-13T02:40:39.150+0000][1][safepoint    ] Leaving safepoint region
[2022-06-13T02:40:39.150+0000][1][safepoint    ] Total time for which application threads were stopped: 0.0007131 seconds, Stopping threads took: 0.0003571 seconds
[2022-06-13T02:40:40.150+0000][1][safepoint    ] Application time: 1.0002338 seconds
[2022-06-13T02:40:40.151+0000][1][safepoint    ] Entering safepoint region: Cleanup
[2022-06-13T02:40:40.152+0000][1][safepoint    ] Leaving safepoint region
[2022-06-13T02:40:40.152+0000][1][safepoint    ] Total time for which application threads were stopped: 0.0009729 seconds, Stopping threads took: 0.0004822 seconds
[2022-06-13T02:40:41.153+0000][1][safepoint    ] Application time: 1.0002757 seconds
[2022-06-13T02:40:41.153+0000][1][safepoint    ] Entering safepoint region: Cleanup
[2022-06-13T02:40:41.154+0000][1][safepoint    ] Leaving safepoint region
[2022-06-13T02:40:41.154+0000][1][safepoint    ] Total time for which application threads were stopped: 0.0011223 seconds, Stopping threads took: 0.0005589 seconds
[2022-06-13T02:40:42.155+0000][1][safepoint    ] Application time: 1.0001173 seconds
[2022-06-13T02:40:42.155+0000][1][safepoint    ] Entering safepoint region: Cleanup
[2022-06-13T02:40:42.156+0000][1][safepoint    ] Leaving safepoint region
[2022-06-13T02:40:42.156+0000][1][safepoint    ] Total time for which application threads were stopped: 0.0006384 seconds, Stopping threads took: 0.0003174 seconds
[2022-06-13T02:40:43.156+0000][1][safepoint    ] Application time: 1.0001710 seconds
[2022-06-13T02:40:43.157+0000][1][safepoint    ] Entering safepoint region: Cleanup
[2022-06-13T02:40:43.157+0000][1][safepoint    ] Leaving safepoint region
[2022-06-13T02:40:43.158+0000][1][safepoint    ] Total time for which application threads were stopped: 0.0006518 seconds, Stopping threads took: 0.0003078 seconds
[2022-06-13T02:40:44.158+0000][1][safepoint    ] Application time: 1.0001028 seconds
[2022-06-13T02:40:44.158+0000][1][safepoint    ] Entering safepoint region: Cleanup
[2022-06-13T02:40:44.159+0000][1][safepoint    ] Leaving safepoint region
[2022-06-13T02:40:44.159+0000][1][safepoint    ] Total time for which application threads were stopped: 0.0009032 seconds, Stopping threads took: 0.0004067 seconds
[2022-06-13T02:40:45.160+0000][1][safepoint    ] Application time: 1.0002309 seconds
[2022-06-13T02:40:45.160+0000][1][safepoint    ] Entering safepoint region: Cleanup
[2022-06-13T02:40:45.161+0000][1][safepoint    ] Leaving safepoint region
[2022-06-13T02:40:45.161+0000][1][safepoint    ] Total time for which application threads were stopped: 0.0008391 seconds, Stopping threads took: 0.0004114 seconds
[2022-06-13T02:40:46.162+0000][1][safepoint    ] Application time: 1.0001166 seconds
[2022-06-13T02:40:46.162+0000][1][safepoint    ] Entering safepoint region: Cleanup
[2022-06-13T02:40:46.162+0000][1][safepoint    ] Leaving safepoint region
[2022-06-13T02:40:46.163+0000][1][safepoint    ] Total time for which application threads were stopped: 0.0006527 seconds, Stopping threads took: 0.0003286 seconds
[2022-06-13T02:40:47.163+0000][1][safepoint    ] Application time: 1.0002836 seconds
[2022-06-13T02:40:47.164+0000][1][safepoint    ] Entering safepoint region: Cleanup
[2022-06-13T02:40:47.164+0000][1][safepoint    ] Leaving safepoint region
[2022-06-13T02:40:47.165+0000][1][safepoint    ] Total time for which application threads were stopped: 0.0010311 seconds, Stopping threads took: 0.0004576 seconds
[2022-06-13T02:40:48.165+0000][1][safepoint    ] Application time: 1.0001946 seconds
[2022-06-13T02:40:48.166+0000][1][safepoint    ] Entering safepoint region: Cleanup
[2022-06-13T02:40:48.167+0000][1][safepoint    ] Leaving safepoint region
[2022-06-13T02:40:48.167+0000][1][safepoint    ] Total time for which application threads were stopped: 0.0013676 seconds, Stopping threads took: 0.0008857 seconds
[2022-06-13T02:40:49.168+0000][1][safepoint    ] Application time: 1.0002147 seconds
[2022-06-13T02:40:49.168+0000][1][safepoint    ] Entering safepoint region: Cleanup
[2022-06-13T02:40:49.169+0000][1][safepoint    ] Leaving safepoint region
[2022-06-13T02:40:49.169+0000][1][safepoint    ] Total time for which application threads were stopped: 0.0010225 seconds, Stopping threads took: 0.0005387 seconds
[2022-06-13T02:40:50.170+0000][1][safepoint    ] Application time: 1.0003419 seconds
[2022-06-13T02:40:50.171+0000][1][safepoint    ] Entering safepoint region: Cleanup
[2022-06-13T02:40:50.171+0000][1][safepoint    ] Leaving safepoint region
[2022-06-13T02:40:50.172+0000][1][safepoint    ] Total time for which application threads were stopped: 0.0010091 seconds, Stopping threads took: 0.0004335 seconds
[2022-06-13T02:40:51.172+0000][1][safepoint    ] Application time: 1.0001962 seconds
[2022-06-13T02:40:51.173+0000][1][safepoint    ] Entering safepoint region: Cleanup
[2022-06-13T02:40:51.173+0000][1][safepoint    ] Leaving safepoint region
[2022-06-13T02:40:51.174+0000][1][safepoint    ] Total time for which application threads were stopped: 0.0011003 seconds, Stopping threads took: 0.0004671 seconds
[2022-06-13T02:40:52.174+0000][1][safepoint    ] Application time: 1.0002434 seconds
[2022-06-13T02:40:52.175+0000][1][safepoint    ] Entering safepoint region: Cleanup
[2022-06-13T02:40:52.175+0000][1][safepoint    ] Leaving safepoint region
[2022-06-13T02:40:52.176+0000][1][safepoint    ] Total time for which application threads were stopped: 0.0010806 seconds, Stopping threads took: 0.0004549 seconds
[2022-06-13T02:40:53.177+0000][1][safepoint    ] Application time: 1.0003444 seconds
[2022-06-13T02:40:53.177+0000][1][safepoint    ] Entering safepoint region: Cleanup
[2022-06-13T02:40:53.178+0000][1][safepoint    ] Leaving safepoint region
[2022-06-13T02:40:53.178+0000][1][safepoint    ] Total time for which application threads were stopped: 0.0011331 seconds, Stopping threads took: 0.0005667 seconds
[2022-06-13T02:40:54.179+0000][1][safepoint    ] Application time: 1.0002787 seconds
[2022-06-13T02:40:54.180+0000][1][safepoint    ] Entering safepoint region: Cleanup
[2022-06-13T02:40:54.180+0000][1][safepoint    ] Leaving safepoint region
[2022-06-13T02:40:54.180+0000][1][safepoint    ] Total time for which application threads were stopped: 0.0008347 seconds, Stopping threads took: 0.0003925 seconds
[2022-06-13T02:40:55.181+0000][1][safepoint    ] Application time: 1.0002706 seconds
[2022-06-13T02:40:55.182+0000][1][safepoint    ] Entering safepoint region: Cleanup
[2022-06-13T02:40:55.182+0000][1][safepoint    ] Leaving safepoint region
[2022-06-13T02:40:55.182+0000][1][safepoint    ] Total time for which application threads were stopped: 0.0008752 seconds, Stopping threads took: 0.0003655 seconds
[2022-06-13T02:40:56.183+0000][1][safepoint    ] Application time: 1.0001776 seconds
[2022-06-13T02:40:56.183+0000][1][safepoint    ] Entering safepoint region: Cleanup
[2022-06-13T02:40:56.184+0000][1][safepoint    ] Leaving safepoint region
[2022-06-13T02:40:56.184+0000][1][safepoint    ] Total time for which application threads were stopped: 0.0008169 seconds, Stopping threads took: 0.0003977 seconds
[2022-06-13T02:40:57.185+0000][1][safepoint    ] Application time: 1.0001234 seconds
[2022-06-13T02:40:57.185+0000][1][safepoint    ] Entering safepoint region: Cleanup
[2022-06-13T02:40:57.186+0000][1][safepoint    ] Leaving safepoint region
[2022-06-13T02:40:57.186+0000][1][safepoint    ] Total time for which application threads were stopped: 0.0008679 seconds, Stopping threads took: 0.0004081 seconds
[2022-06-13T02:40:58.187+0000][1][safepoint    ] Application time: 1.0002654 seconds
[2022-06-13T02:40:58.187+0000][1][safepoint    ] Entering safepoint region: Cleanup
[2022-06-13T02:40:58.188+0000][1][safepoint    ] Leaving safepoint region
[2022-06-13T02:40:58.188+0000][1][safepoint    ] Total time for which application threads were stopped: 0.0009878 seconds, Stopping threads took: 0.0005220 seconds
[2022-06-13T02:40:59.189+0000][1][safepoint    ] Application time: 1.0001095 seconds
[2022-06-13T02:40:59.189+0000][1][safepoint    ] Entering safepoint region: Cleanup
[2022-06-13T02:40:59.190+0000][1][safepoint    ] Leaving safepoint region
[2022-06-13T02:40:59.190+0000][1][safepoint    ] Total time for which application threads were stopped: 0.0009040 seconds, Stopping threads took: 0.0005156 seconds
[2022-06-13T02:41:00.191+0000][1][safepoint    ] Application time: 1.0003291 seconds
[2022-06-13T02:41:00.191+0000][1][safepoint    ] Entering safepoint region: Cleanup
[2022-06-13T02:41:00.192+0000][1][safepoint    ] Leaving safepoint region
[2022-06-13T02:41:00.192+0000][1][safepoint    ] Total time for which application threads were stopped: 0.0007985 seconds, Stopping threads took: 0.0003684 seconds
[2022-06-13T02:41:01.193+0000][1][safepoint    ] Application time: 1.0001630 seconds
[2022-06-13T02:41:01.193+0000][1][safepoint    ] Entering safepoint region: Cleanup
[2022-06-13T02:41:01.193+0000][1][safepoint    ] Leaving safepoint region
[2022-06-13T02:41:01.194+0000][1][safepoint    ] Total time for which application threads were stopped: 0.0006290 seconds, Stopping threads took: 0.0002428 seconds
[2022-06-13T02:41:02.194+0000][1][safepoint    ] Application time: 1.0002485 seconds
[2022-06-13T02:41:02.195+0000][1][safepoint    ] Entering safepoint region: Cleanup
[2022-06-13T02:41:02.195+0000][1][safepoint    ] Leaving safepoint region
[2022-06-13T02:41:02.196+0000][1][safepoint    ] Total time for which application threads were stopped: 0.0008781 seconds, Stopping threads took: 0.0004104 seconds
[2022-06-13T02:41:03.196+0000][1][safepoint    ] Application time: 1.0001810 seconds
[2022-06-13T02:41:03.196+0000][1][safepoint    ] Entering safepoint region: Cleanup
[2022-06-13T02:41:03.197+0000][1][safepoint    ] Leaving safepoint region
[2022-06-13T02:41:03.197+0000][1][safepoint    ] Total time for which application threads were stopped: 0.0005848 seconds, Stopping threads took: 0.0002669 seconds
[2022-06-13T02:41:03.961+0000][1][safepoint    ] Application time: 0.7632741 seconds
[2022-06-13T02:41:03.961+0000][1][safepoint    ] Entering safepoint region: GenCollectForAllocation
[2022-06-13T02:41:03.961+0000][1][gc,start     ] GC(25) Pause Young (Allocation Failure)
[2022-06-13T02:41:03.961+0000][1][gc,task      ] GC(25) Using 5 workers of 13 for evacuation
[2022-06-13T02:41:03.963+0000][1][gc,age       ] GC(25) Desired survivor size 4456448 bytes, new threshold 6 (max threshold 6)
[2022-06-13T02:41:03.963+0000][1][gc,age       ] GC(25) Age table with threshold 6 (max threshold 6)
[2022-06-13T02:41:03.963+0000][1][gc,age       ] GC(25) - age   1:      32872 bytes,      32872 total
[2022-06-13T02:41:03.963+0000][1][gc,age       ] GC(25) - age   2:      30704 bytes,      63576 total
[2022-06-13T02:41:03.964+0000][1][gc,age       ] GC(25) - age   3:      65560 bytes,     129136 total
[2022-06-13T02:41:03.964+0000][1][gc,age       ] GC(25) - age   4:     912840 bytes,    1041976 total
[2022-06-13T02:41:03.964+0000][1][gc,heap      ] GC(25) ParNew: 71736K->1496K(78656K)
[2022-06-13T02:41:03.965+0000][1][gc,heap      ] GC(25) CMS: 67823K->67823K(174784K)
[2022-06-13T02:41:03.965+0000][1][gc,metaspace ] GC(25) Metaspace: 65228K->65228K(1110016K)
[2022-06-13T02:41:03.965+0000][1][gc           ] GC(25) Pause Young (Allocation Failure) 136M->67M(247M) 4.267ms
[2022-06-13T02:41:03.965+0000][1][gc,cpu       ] GC(25) User=0.01s Sys=0.00s Real=0.00s
[2022-06-13T02:41:03.966+0000][1][safepoint    ] Leaving safepoint region
[2022-06-13T02:41:03.966+0000][1][safepoint    ] Total time for which application threads were stopped: 0.0051763 seconds, Stopping threads took: 0.0001274 seconds
[2022-06-13T02:41:04.966+0000][1][safepoint    ] Application time: 1.0003002 seconds
[2022-06-13T02:41:04.967+0000][1][safepoint    ] Entering safepoint region: Cleanup
[2022-06-13T02:41:04.967+0000][1][safepoint    ] Leaving safepoint region
[2022-06-13T02:41:04.968+0000][1][safepoint    ] Total time for which application threads were stopped: 0.0005816 seconds, Stopping threads took: 0.0003161 seconds
[2022-06-13T02:41:05.968+0000][1][safepoint    ] Application time: 1.0001357 seconds
[2022-06-13T02:41:05.969+0000][1][safepoint    ] Entering safepoint region: Cleanup
[2022-06-13T02:41:05.970+0000][1][safepoint    ] Leaving safepoint region
[2022-06-13T02:41:05.970+0000][1][safepoint    ] Total time for which application threads were stopped: 0.0012982 seconds, Stopping threads took: 0.0006829 seconds
[2022-06-13T02:41:06.971+0000][1][safepoint    ] Application time: 1.0002730 seconds
[2022-06-13T02:41:06.971+0000][1][safepoint    ] Entering safepoint region: Cleanup
[2022-06-13T02:41:06.972+0000][1][safepoint    ] Leaving safepoint region
[2022-06-13T02:41:06.972+0000][1][safepoint    ] Total time for which application threads were stopped: 0.0007519 seconds, Stopping threads took: 0.0004328 seconds
[2022-06-13T02:41:07.972+0000][1][safepoint    ] Application time: 1.0001327 seconds
[2022-06-13T02:41:07.973+0000][1][safepoint    ] Entering safepoint region: Cleanup
[2022-06-13T02:41:07.973+0000][1][safepoint    ] Leaving safepoint region
[2022-06-13T02:41:07.973+0000][1][safepoint    ] Total time for which application threads were stopped: 0.0006943 seconds, Stopping threads took: 0.0004765 seconds
[2022-06-13T02:41:08.974+0000][1][safepoint    ] Application time: 1.0001140 seconds
[2022-06-13T02:41:08.974+0000][1][safepoint    ] Entering safepoint region: Cleanup
[2022-06-13T02:41:08.975+0000][1][safepoint    ] Leaving safepoint region
[2022-06-13T02:41:08.975+0000][1][safepoint    ] Total time for which application threads were stopped: 0.0007841 seconds, Stopping threads took: 0.0004351 seconds
[2022-06-13T02:41:09.975+0000][1][safepoint    ] Application time: 1.0002107 seconds
[2022-06-13T02:41:09.976+0000][1][safepoint    ] Entering safepoint region: Cleanup
[2022-06-13T02:41:09.976+0000][1][safepoint    ] Leaving safepoint region
[2022-06-13T02:41:09.977+0000][1][safepoint    ] Total time for which application threads were stopped: 0.0008101 seconds, Stopping threads took: 0.0003292 seconds
[2022-06-13T02:41:10.977+0000][1][safepoint    ] Application time: 1.0001014 seconds
[2022-06-13T02:41:10.978+0000][1][safepoint    ] Entering safepoint region: Cleanup
[2022-06-13T02:41:10.978+0000][1][safepoint    ] Leaving safepoint region
[2022-06-13T02:41:10.978+0000][1][safepoint    ] Total time for which application threads were stopped: 0.0005414 seconds, Stopping threads took: 0.0002529 seconds
[2022-06-13T02:41:11.979+0000][1][safepoint    ] Application time: 1.0002340 seconds
[2022-06-13T02:41:11.979+0000][1][safepoint    ] Entering safepoint region: Cleanup
[2022-06-13T02:41:11.980+0000][1][safepoint    ] Leaving safepoint region
[2022-06-13T02:41:11.980+0000][1][safepoint    ] Total time for which application threads were stopped: 0.0007502 seconds, Stopping threads took: 0.0003827 seconds
[2022-06-13T02:41:12.981+0000][1][safepoint    ] Application time: 1.0002372 seconds
[2022-06-13T02:41:12.981+0000][1][safepoint    ] Entering safepoint region: Cleanup
[2022-06-13T02:41:12.981+0000][1][safepoint    ] Leaving safepoint region
[2022-06-13T02:41:12.982+0000][1][safepoint    ] Total time for which application threads were stopped: 0.0005452 seconds, Stopping threads took: 0.0002576 seconds
[2022-06-13T02:41:13.982+0000][1][safepoint    ] Application time: 1.0001074 seconds
[2022-06-13T02:41:13.982+0000][1][safepoint    ] Entering safepoint region: Cleanup
[2022-06-13T02:41:13.983+0000][1][safepoint    ] Leaving safepoint region
[2022-06-13T02:41:13.983+0000][1][safepoint    ] Total time for which application threads were stopped: 0.0007346 seconds, Stopping threads took: 0.0003911 seconds
[2022-06-13T02:41:14.983+0000][1][safepoint    ] Application time: 1.0001473 seconds
[2022-06-13T02:41:15.000+0000][1][safepoint    ] Entering safepoint region: Cleanup
[2022-06-13T02:41:15.001+0000][1][safepoint    ] Leaving safepoint region
[2022-06-13T02:41:15.001+0000][1][safepoint    ] Total time for which application threads were stopped: 0.0007115 seconds, Stopping threads took: 0.0003125 seconds
[2022-06-13T02:41:16.002+0000][1][safepoint    ] Application time: 1.0003163 seconds
[2022-06-13T02:41:16.002+0000][1][safepoint    ] Entering safepoint region: Cleanup
[2022-06-13T02:41:16.003+0000][1][safepoint    ] Leaving safepoint region
[2022-06-13T02:41:16.004+0000][1][safepoint    ] Total time for which application threads were stopped: 0.0011103 seconds, Stopping threads took: 0.0005465 seconds
[2022-06-13T02:41:17.004+0000][1][safepoint    ] Application time: 1.0002382 seconds
[2022-06-13T02:41:17.005+0000][1][safepoint    ] Entering safepoint region: Cleanup
[2022-06-13T02:41:17.005+0000][1][safepoint    ] Leaving safepoint region
[2022-06-13T02:41:17.006+0000][1][safepoint    ] Total time for which application threads were stopped: 0.0010816 seconds, Stopping threads took: 0.0004218 seconds
[2022-06-13T02:41:18.007+0000][1][safepoint    ] Application time: 1.0003428 seconds
[2022-06-13T02:41:18.007+0000][1][safepoint    ] Entering safepoint region: Cleanup
[2022-06-13T02:41:18.008+0000][1][safepoint    ] Leaving safepoint region
[2022-06-13T02:41:18.008+0000][1][safepoint    ] Total time for which application threads were stopped: 0.0006330 seconds, Stopping threads took: 0.0002061 seconds
[2022-06-13T02:41:19.009+0000][1][safepoint    ] Application time: 1.0001925 seconds
[2022-06-13T02:41:19.009+0000][1][safepoint    ] Entering safepoint region: Cleanup
[2022-06-13T02:41:19.010+0000][1][safepoint    ] Leaving safepoint region
[2022-06-13T02:41:19.010+0000][1][safepoint    ] Total time for which application threads were stopped: 0.0011005 seconds, Stopping threads took: 0.0005577 seconds
[2022-06-13T02:41:20.011+0000][1][safepoint    ] Application time: 1.0001972 seconds
[2022-06-13T02:41:20.011+0000][1][safepoint    ] Entering safepoint region: Cleanup
[2022-06-13T02:41:20.012+0000][1][safepoint    ] Leaving safepoint region
[2022-06-13T02:41:20.012+0000][1][safepoint    ] Total time for which application threads were stopped: 0.0008359 seconds, Stopping threads took: 0.0004246 seconds
[2022-06-13T02:41:21.013+0000][1][safepoint    ] Application time: 1.0002766 seconds
[2022-06-13T02:41:21.014+0000][1][safepoint    ] Entering safepoint region: Cleanup
[2022-06-13T02:41:21.014+0000][1][safepoint    ] Leaving safepoint region
[2022-06-13T02:41:21.014+0000][1][safepoint    ] Total time for which application threads were stopped: 0.0008537 seconds, Stopping threads took: 0.0004041 seconds
[2022-06-13T02:41:22.015+0000][1][safepoint    ] Application time: 1.0002286 seconds
[2022-06-13T02:41:22.016+0000][1][safepoint    ] Entering safepoint region: Cleanup
[2022-06-13T02:41:22.016+0000][1][safepoint    ] Leaving safepoint region
[2022-06-13T02:41:22.017+0000][1][safepoint    ] Total time for which application threads were stopped: 0.0009883 seconds, Stopping threads took: 0.0004682 seconds
[2022-06-13T02:41:23.017+0000][1][safepoint    ] Application time: 1.0001236 seconds
[2022-06-13T02:41:23.018+0000][1][safepoint    ] Entering safepoint region: Cleanup
[2022-06-13T02:41:23.018+0000][1][safepoint    ] Leaving safepoint region
[2022-06-13T02:41:23.018+0000][1][safepoint    ] Total time for which application threads were stopped: 0.0007445 seconds, Stopping threads took: 0.0003732 seconds
[2022-06-13T02:41:24.019+0000][1][safepoint    ] Application time: 1.0002111 seconds
[2022-06-13T02:41:24.020+0000][1][safepoint    ] Entering safepoint region: Cleanup
[2022-06-13T02:41:24.020+0000][1][safepoint    ] Leaving safepoint region
[2022-06-13T02:41:24.020+0000][1][safepoint    ] Total time for which application threads were stopped: 0.0007926 seconds, Stopping threads took: 0.0003181 seconds
[2022-06-13T02:41:25.021+0000][1][safepoint    ] Application time: 1.0002929 seconds
[2022-06-13T02:41:25.022+0000][1][safepoint    ] Entering safepoint region: Cleanup
[2022-06-13T02:41:25.022+0000][1][safepoint    ] Leaving safepoint region
[2022-06-13T02:41:25.022+0000][1][safepoint    ] Total time for which application threads were stopped: 0.0007479 seconds, Stopping threads took: 0.0003306 seconds
[2022-06-13T02:41:26.023+0000][1][safepoint    ] Application time: 1.0001753 seconds
[2022-06-13T02:41:26.023+0000][1][safepoint    ] Entering safepoint region: Cleanup
[2022-06-13T02:41:26.024+0000][1][safepoint    ] Leaving safepoint region
[2022-06-13T02:41:26.024+0000][1][safepoint    ] Total time for which application threads were stopped: 0.0007071 seconds, Stopping threads took: 0.0002139 seconds
[2022-06-13T02:41:27.024+0000][1][safepoint    ] Application time: 1.0001852 seconds
[2022-06-13T02:41:27.025+0000][1][safepoint    ] Entering safepoint region: Cleanup
[2022-06-13T02:41:27.025+0000][1][safepoint    ] Leaving safepoint region
[2022-06-13T02:41:27.026+0000][1][safepoint    ] Total time for which application threads were stopped: 0.0009586 seconds, Stopping threads took: 0.0003692 seconds
[2022-06-13T02:41:28.027+0000][1][safepoint    ] Application time: 1.0002762 seconds
[2022-06-13T02:41:28.027+0000][1][safepoint    ] Entering safepoint region: Cleanup
[2022-06-13T02:41:28.028+0000][1][safepoint    ] Leaving safepoint region
[2022-06-13T02:41:28.029+0000][1][safepoint    ] Total time for which application threads were stopped: 0.0014823 seconds, Stopping threads took: 0.0006030 seconds
[2022-06-13T02:41:29.029+0000][1][safepoint    ] Application time: 1.0001701 seconds
[2022-06-13T02:41:29.030+0000][1][safepoint    ] Entering safepoint region: Cleanup
[2022-06-13T02:41:29.030+0000][1][safepoint    ] Leaving safepoint region
[2022-06-13T02:41:29.031+0000][1][safepoint    ] Total time for which application threads were stopped: 0.0009178 seconds, Stopping threads took: 0.0004701 seconds
[2022-06-13T02:41:30.031+0000][1][safepoint    ] Application time: 1.0001967 seconds
[2022-06-13T02:41:30.032+0000][1][safepoint    ] Entering safepoint region: Cleanup
[2022-06-13T02:41:30.033+0000][1][safepoint    ] Leaving safepoint region
[2022-06-13T02:41:30.033+0000][1][safepoint    ] Total time for which application threads were stopped: 0.0009334 seconds, Stopping threads took: 0.0004168 seconds
[2022-06-13T02:41:31.033+0000][1][safepoint    ] Application time: 1.0001523 seconds
[2022-06-13T02:41:31.034+0000][1][safepoint    ] Entering safepoint region: Cleanup
[2022-06-13T02:41:31.034+0000][1][safepoint    ] Leaving safepoint region
[2022-06-13T02:41:31.035+0000][1][safepoint    ] Total time for which application threads were stopped: 0.0006659 seconds, Stopping threads took: 0.0003905 seconds
[2022-06-13T02:41:32.035+0000][1][safepoint    ] Application time: 1.0002568 seconds
[2022-06-13T02:41:32.036+0000][1][safepoint    ] Entering safepoint region: Cleanup
[2022-06-13T02:41:32.036+0000][1][safepoint    ] Leaving safepoint region
[2022-06-13T02:41:32.037+0000][1][safepoint    ] Total time for which application threads were stopped: 0.0009622 seconds, Stopping threads took: 0.0004261 seconds
[2022-06-13T02:41:33.037+0000][1][safepoint    ] Application time: 1.0002579 seconds
[2022-06-13T02:41:33.038+0000][1][safepoint    ] Entering safepoint region: Cleanup
[2022-06-13T02:41:33.038+0000][1][safepoint    ] Leaving safepoint region
[2022-06-13T02:41:33.039+0000][1][safepoint    ] Total time for which application threads were stopped: 0.0009527 seconds, Stopping threads took: 0.0004434 seconds
[2022-06-13T02:41:34.040+0000][1][safepoint    ] Application time: 1.0001861 seconds
[2022-06-13T02:41:34.040+0000][1][safepoint    ] Entering safepoint region: Cleanup
[2022-06-13T02:41:34.041+0000][1][safepoint    ] Leaving safepoint region
[2022-06-13T02:41:34.041+0000][1][safepoint    ] Total time for which application threads were stopped: 0.0008851 seconds, Stopping threads took: 0.0003687 seconds
[2022-06-13T02:41:35.042+0000][1][safepoint    ] Application time: 1.0002328 seconds
[2022-06-13T02:41:35.042+0000][1][safepoint    ] Entering safepoint region: Cleanup
[2022-06-13T02:41:35.043+0000][1][safepoint    ] Leaving safepoint region
[2022-06-13T02:41:35.043+0000][1][safepoint    ] Total time for which application threads were stopped: 0.0008276 seconds, Stopping threads took: 0.0003816 seconds
[2022-06-13T02:41:36.043+0000][1][safepoint    ] Application time: 1.0001647 seconds
[2022-06-13T02:41:36.044+0000][1][safepoint    ] Entering safepoint region: Cleanup
[2022-06-13T02:41:36.044+0000][1][safepoint    ] Leaving safepoint region
[2022-06-13T02:41:36.044+0000][1][safepoint    ] Total time for which application threads were stopped: 0.0004624 seconds, Stopping threads took: 0.0001623 seconds
[2022-06-13T02:41:37.045+0000][1][safepoint    ] Application time: 1.0001501 seconds
[2022-06-13T02:41:37.045+0000][1][safepoint    ] Entering safepoint region: Cleanup
[2022-06-13T02:41:37.046+0000][1][safepoint    ] Leaving safepoint region
[2022-06-13T02:41:37.046+0000][1][safepoint    ] Total time for which application threads were stopped: 0.0007920 seconds, Stopping threads took: 0.0004047 seconds
[2022-06-13T02:41:38.046+0000][1][safepoint    ] Application time: 1.0003000 seconds
[2022-06-13T02:41:38.047+0000][1][safepoint    ] Entering safepoint region: Cleanup
[2022-06-13T02:41:38.048+0000][1][safepoint    ] Leaving safepoint region
[2022-06-13T02:41:38.048+0000][1][safepoint    ] Total time for which application threads were stopped: 0.0009607 seconds, Stopping threads took: 0.0004411 seconds
[2022-06-13T02:41:39.049+0000][1][safepoint    ] Application time: 1.0001351 seconds
[2022-06-13T02:41:39.049+0000][1][safepoint    ] Entering safepoint region: Cleanup
[2022-06-13T02:41:39.049+0000][1][safepoint    ] Leaving safepoint region
[2022-06-13T02:41:39.050+0000][1][safepoint    ] Total time for which application threads were stopped: 0.0005093 seconds, Stopping threads took: 0.0002406 seconds
[2022-06-13T02:41:40.050+0000][1][safepoint    ] Application time: 1.0001705 seconds
[2022-06-13T02:41:40.051+0000][1][safepoint    ] Entering safepoint region: Cleanup
[2022-06-13T02:41:40.051+0000][1][safepoint    ] Leaving safepoint region
[2022-06-13T02:41:40.052+0000][1][safepoint    ] Total time for which application threads were stopped: 0.0008870 seconds, Stopping threads took: 0.0003753 seconds
[2022-06-13T02:41:41.052+0000][1][safepoint    ] Application time: 1.0001589 seconds
[2022-06-13T02:41:41.053+0000][1][safepoint    ] Entering safepoint region: Cleanup
[2022-06-13T02:41:41.053+0000][1][safepoint    ] Leaving safepoint region
[2022-06-13T02:41:41.054+0000][1][safepoint    ] Total time for which application threads were stopped: 0.0009609 seconds, Stopping threads took: 0.0004868 seconds
[2022-06-13T02:41:42.054+0000][1][safepoint    ] Application time: 1.0001822 seconds
[2022-06-13T02:41:42.055+0000][1][safepoint    ] Entering safepoint region: Cleanup
[2022-06-13T02:41:42.055+0000][1][safepoint    ] Leaving safepoint region
[2022-06-13T02:41:42.056+0000][1][safepoint    ] Total time for which application threads were stopped: 0.0008636 seconds, Stopping threads took: 0.0003906 seconds
[2022-06-13T02:41:43.056+0000][1][safepoint    ] Application time: 1.0001696 seconds
[2022-06-13T02:41:43.057+0000][1][safepoint    ] Entering safepoint region: Cleanup
[2022-06-13T02:41:43.057+0000][1][safepoint    ] Leaving safepoint region
[2022-06-13T02:41:43.057+0000][1][safepoint    ] Total time for which application threads were stopped: 0.0008060 seconds, Stopping threads took: 0.0004006 seconds
[2022-06-13T02:41:44.058+0000][1][safepoint    ] Application time: 1.0001590 seconds
[2022-06-13T02:41:44.059+0000][1][safepoint    ] Entering safepoint region: Cleanup
[2022-06-13T02:41:44.059+0000][1][safepoint    ] Leaving safepoint region
[2022-06-13T02:41:44.060+0000][1][safepoint    ] Total time for which application threads were stopped: 0.0011587 seconds, Stopping threads took: 0.0005505 seconds
[2022-06-13T02:41:45.060+0000][1][safepoint    ] Application time: 1.0001642 seconds
[2022-06-13T02:41:45.061+0000][1][safepoint    ] Entering safepoint region: Cleanup
[2022-06-13T02:41:45.062+0000][1][safepoint    ] Leaving safepoint region
[2022-06-13T02:41:45.062+0000][1][safepoint    ] Total time for which application threads were stopped: 0.0014672 seconds, Stopping threads took: 0.0008215 seconds
[2022-06-13T02:41:46.063+0000][1][safepoint    ] Application time: 1.0001558 seconds
[2022-06-13T02:41:46.063+0000][1][safepoint    ] Entering safepoint region: Cleanup
[2022-06-13T02:41:46.064+0000][1][safepoint    ] Leaving safepoint region
[2022-06-13T02:41:46.064+0000][1][safepoint    ] Total time for which application threads were stopped: 0.0008174 seconds, Stopping threads took: 0.0003655 seconds
[2022-06-13T02:41:47.065+0000][1][safepoint    ] Application time: 1.0001668 seconds
[2022-06-13T02:41:47.065+0000][1][safepoint    ] Entering safepoint region: Cleanup
[2022-06-13T02:41:47.066+0000][1][safepoint    ] Leaving safepoint region
[2022-06-13T02:41:47.067+0000][1][safepoint    ] Total time for which application threads were stopped: 0.0013445 seconds, Stopping threads took: 0.0006544 seconds
[2022-06-13T02:41:48.067+0000][1][safepoint    ] Application time: 1.0001254 seconds
[2022-06-13T02:41:48.068+0000][1][safepoint    ] Entering safepoint region: Cleanup
[2022-06-13T02:41:48.068+0000][1][safepoint    ] Leaving safepoint region
[2022-06-13T02:41:48.068+0000][1][safepoint    ] Total time for which application threads were stopped: 0.0004401 seconds, Stopping threads took: 0.0001544 seconds
[2022-06-13T02:41:49.069+0000][1][safepoint    ] Application time: 1.0002310 seconds
[2022-06-13T02:41:49.069+0000][1][safepoint    ] Entering safepoint region: Cleanup
[2022-06-13T02:41:49.070+0000][1][safepoint    ] Leaving safepoint region
[2022-06-13T02:41:49.070+0000][1][safepoint    ] Total time for which application threads were stopped: 0.0009405 seconds, Stopping threads took: 0.0004553 seconds
[2022-06-13T02:41:50.071+0000][1][safepoint    ] Application time: 1.0002402 seconds
[2022-06-13T02:41:50.071+0000][1][safepoint    ] Entering safepoint region: Cleanup
[2022-06-13T02:41:50.072+0000][1][safepoint    ] Leaving safepoint region
[2022-06-13T02:41:50.072+0000][1][safepoint    ] Total time for which application threads were stopped: 0.0009550 seconds, Stopping threads took: 0.0004361 seconds
[2022-06-13T02:41:51.073+0000][1][safepoint    ] Application time: 1.0002718 seconds
[2022-06-13T02:41:51.074+0000][1][safepoint    ] Entering safepoint region: Cleanup
[2022-06-13T02:41:51.074+0000][1][safepoint    ] Leaving safepoint region
[2022-06-13T02:41:51.075+0000][1][safepoint    ] Total time for which application threads were stopped: 0.0010695 seconds, Stopping threads took: 0.0005818 seconds
[2022-06-13T02:41:52.075+0000][1][safepoint    ] Application time: 1.0001530 seconds
[2022-06-13T02:41:52.076+0000][1][safepoint    ] Entering safepoint region: Cleanup
[2022-06-13T02:41:52.076+0000][1][safepoint    ] Leaving safepoint region
[2022-06-13T02:41:52.076+0000][1][safepoint    ] Total time for which application threads were stopped: 0.0007884 seconds, Stopping threads took: 0.0003598 seconds
[2022-06-13T02:41:53.077+0000][1][safepoint    ] Application time: 1.0001630 seconds
[2022-06-13T02:41:53.077+0000][1][safepoint    ] Entering safepoint region: Cleanup
[2022-06-13T02:41:53.078+0000][1][safepoint    ] Leaving safepoint region
[2022-06-13T02:41:53.078+0000][1][safepoint    ] Total time for which application threads were stopped: 0.0008256 seconds, Stopping threads took: 0.0003637 seconds
[2022-06-13T02:41:54.079+0000][1][safepoint    ] Application time: 1.0002248 seconds
[2022-06-13T02:41:54.079+0000][1][safepoint    ] Entering safepoint region: Cleanup
[2022-06-13T02:41:54.079+0000][1][safepoint    ] Leaving safepoint region
[2022-06-13T02:41:54.080+0000][1][safepoint    ] Total time for which application threads were stopped: 0.0006112 seconds, Stopping threads took: 0.0002398 seconds
[2022-06-13T02:41:55.080+0000][1][safepoint    ] Application time: 1.0002019 seconds
[2022-06-13T02:41:55.081+0000][1][safepoint    ] Entering safepoint region: Cleanup
[2022-06-13T02:41:55.081+0000][1][safepoint    ] Leaving safepoint region
[2022-06-13T02:41:55.081+0000][1][safepoint    ] Total time for which application threads were stopped: 0.0006115 seconds, Stopping threads took: 0.0002570 seconds
[2022-06-13T02:41:56.082+0000][1][safepoint    ] Application time: 1.0002378 seconds
[2022-06-13T02:41:56.082+0000][1][safepoint    ] Entering safepoint region: Cleanup
[2022-06-13T02:41:56.083+0000][1][safepoint    ] Leaving safepoint region
[2022-06-13T02:41:56.083+0000][1][safepoint    ] Total time for which application threads were stopped: 0.0009539 seconds, Stopping threads took: 0.0004574 seconds
[2022-06-13T02:41:57.084+0000][1][safepoint    ] Application time: 1.0002325 seconds
[2022-06-13T02:41:57.085+0000][1][safepoint    ] Entering safepoint region: Cleanup
[2022-06-13T02:41:57.086+0000][1][safepoint    ] Leaving safepoint region
[2022-06-13T02:41:57.086+0000][1][safepoint    ] Total time for which application threads were stopped: 0.0013463 seconds, Stopping threads took: 0.0007766 seconds
[2022-06-13T02:41:58.087+0000][1][safepoint    ] Application time: 1.0002222 seconds
[2022-06-13T02:41:58.087+0000][1][safepoint    ] Entering safepoint region: Cleanup
[2022-06-13T02:41:58.088+0000][1][safepoint    ] Leaving safepoint region
[2022-06-13T02:41:58.088+0000][1][safepoint    ] Total time for which application threads were stopped: 0.0009011 seconds, Stopping threads took: 0.0004263 seconds
[2022-06-13T02:41:59.089+0000][1][safepoint    ] Application time: 1.0002341 seconds
[2022-06-13T02:41:59.089+0000][1][safepoint    ] Entering safepoint region: Cleanup
[2022-06-13T02:41:59.090+0000][1][safepoint    ] Leaving safepoint region
[2022-06-13T02:41:59.090+0000][1][safepoint    ] Total time for which application threads were stopped: 0.0005155 seconds, Stopping threads took: 0.0002517 seconds
[2022-06-13T02:42:00.090+0000][1][safepoint    ] Application time: 1.0002019 seconds
[2022-06-13T02:42:00.091+0000][1][safepoint    ] Entering safepoint region: Cleanup
[2022-06-13T02:42:00.092+0000][1][safepoint    ] Leaving safepoint region
[2022-06-13T02:42:00.092+0000][1][safepoint    ] Total time for which application threads were stopped: 0.0011181 seconds, Stopping threads took: 0.0004696 seconds
[2022-06-13T02:42:01.093+0000][1][safepoint    ] Application time: 1.0003643 seconds
[2022-06-13T02:42:01.093+0000][1][safepoint    ] Entering safepoint region: Cleanup
[2022-06-13T02:42:01.094+0000][1][safepoint    ] Leaving safepoint region
[2022-06-13T02:42:01.094+0000][1][safepoint    ] Total time for which application threads were stopped: 0.0009057 seconds, Stopping threads took: 0.0003972 seconds
[2022-06-13T02:42:02.095+0000][1][safepoint    ] Application time: 1.0001134 seconds
[2022-06-13T02:42:02.095+0000][1][safepoint    ] Entering safepoint region: Cleanup
[2022-06-13T02:42:02.096+0000][1][safepoint    ] Leaving safepoint region
[2022-06-13T02:42:02.096+0000][1][safepoint    ] Total time for which application threads were stopped: 0.0005303 seconds, Stopping threads took: 0.0002415 seconds
[2022-06-13T02:42:03.096+0000][1][safepoint    ] Application time: 1.0001881 seconds
[2022-06-13T02:42:03.097+0000][1][safepoint    ] Entering safepoint region: Cleanup
[2022-06-13T02:42:03.098+0000][1][safepoint    ] Leaving safepoint region
[2022-06-13T02:42:03.098+0000][1][safepoint    ] Total time for which application threads were stopped: 0.0013898 seconds, Stopping threads took: 0.0006590 seconds
[2022-06-13T02:42:04.099+0000][1][safepoint    ] Application time: 1.0002169 seconds
[2022-06-13T02:42:04.100+0000][1][safepoint    ] Entering safepoint region: Cleanup
[2022-06-13T02:42:04.100+0000][1][safepoint    ] Leaving safepoint region
[2022-06-13T02:42:04.100+0000][1][safepoint    ] Total time for which application threads were stopped: 0.0006944 seconds, Stopping threads took: 0.0003371 seconds
[2022-06-13T02:42:05.101+0000][1][safepoint    ] Application time: 1.0003214 seconds
[2022-06-13T02:42:05.101+0000][1][safepoint    ] Entering safepoint region: Cleanup
[2022-06-13T02:42:05.102+0000][1][safepoint    ] Leaving safepoint region
[2022-06-13T02:42:05.102+0000][1][safepoint    ] Total time for which application threads were stopped: 0.0009157 seconds, Stopping threads took: 0.0004155 seconds
[2022-06-13T02:42:06.103+0000][1][safepoint    ] Application time: 1.0002491 seconds
[2022-06-13T02:42:06.104+0000][1][safepoint    ] Entering safepoint region: Cleanup
[2022-06-13T02:42:06.104+0000][1][safepoint    ] Leaving safepoint region
[2022-06-13T02:42:06.105+0000][1][safepoint    ] Total time for which application threads were stopped: 0.0010752 seconds, Stopping threads took: 0.0004752 seconds
[2022-06-13T02:42:07.105+0000][1][safepoint    ] Application time: 1.0002398 seconds
[2022-06-13T02:42:07.106+0000][1][safepoint    ] Entering safepoint region: Cleanup
[2022-06-13T02:42:07.106+0000][1][safepoint    ] Leaving safepoint region
[2022-06-13T02:42:07.106+0000][1][safepoint    ] Total time for which application threads were stopped: 0.0006672 seconds, Stopping threads took: 0.0003282 seconds
[2022-06-13T02:42:08.107+0000][1][safepoint    ] Application time: 1.0001942 seconds
[2022-06-13T02:42:08.107+0000][1][safepoint    ] Entering safepoint region: Cleanup
[2022-06-13T02:42:08.108+0000][1][safepoint    ] Leaving safepoint region
[2022-06-13T02:42:08.108+0000][1][safepoint    ] Total time for which application threads were stopped: 0.0010148 seconds, Stopping threads took: 0.0004465 seconds
[2022-06-13T02:42:09.109+0000][1][safepoint    ] Application time: 1.0002116 seconds
[2022-06-13T02:42:09.110+0000][1][safepoint    ] Entering safepoint region: Cleanup
[2022-06-13T02:42:09.110+0000][1][safepoint    ] Leaving safepoint region
[2022-06-13T02:42:09.111+0000][1][safepoint    ] Total time for which application threads were stopped: 0.0011787 seconds, Stopping threads took: 0.0004970 seconds
[2022-06-13T02:42:10.112+0000][1][safepoint    ] Application time: 1.0001943 seconds
[2022-06-13T02:42:10.113+0000][1][safepoint    ] Entering safepoint region: Cleanup
[2022-06-13T02:42:10.113+0000][1][safepoint    ] Leaving safepoint region
[2022-06-13T02:42:10.113+0000][1][safepoint    ] Total time for which application threads were stopped: 0.0008530 seconds, Stopping threads took: 0.0003816 seconds
[2022-06-13T02:42:11.114+0000][1][safepoint    ] Application time: 1.0001609 seconds
[2022-06-13T02:42:11.114+0000][1][safepoint    ] Entering safepoint region: Cleanup
[2022-06-13T02:42:11.115+0000][1][safepoint    ] Leaving safepoint region
[2022-06-13T02:42:11.115+0000][1][safepoint    ] Total time for which application threads were stopped: 0.0007537 seconds, Stopping threads took: 0.0003318 seconds
[2022-06-13T02:42:12.116+0000][1][safepoint    ] Application time: 1.0002178 seconds
[2022-06-13T02:42:12.116+0000][1][safepoint    ] Entering safepoint region: Cleanup
[2022-06-13T02:42:12.117+0000][1][safepoint    ] Leaving safepoint region
[2022-06-13T02:42:12.118+0000][1][safepoint    ] Total time for which application threads were stopped: 0.0011322 seconds, Stopping threads took: 0.0005190 seconds
[2022-06-13T02:42:13.118+0000][1][safepoint    ] Application time: 1.0002253 seconds
[2022-06-13T02:42:13.119+0000][1][safepoint    ] Entering safepoint region: Cleanup
[2022-06-13T02:42:13.119+0000][1][safepoint    ] Leaving safepoint region
[2022-06-13T02:42:13.120+0000][1][safepoint    ] Total time for which application threads were stopped: 0.0008385 seconds, Stopping threads took: 0.0003796 seconds
[2022-06-13T02:42:14.120+0000][1][safepoint    ] Application time: 1.0002044 seconds
[2022-06-13T02:42:14.121+0000][1][safepoint    ] Entering safepoint region: Cleanup
[2022-06-13T02:42:14.122+0000][1][safepoint    ] Leaving safepoint region
[2022-06-13T02:42:14.122+0000][1][safepoint    ] Total time for which application threads were stopped: 0.0014884 seconds, Stopping threads took: 0.0005765 seconds
[2022-06-13T02:42:15.123+0000][1][safepoint    ] Application time: 1.0001274 seconds
[2022-06-13T02:42:15.123+0000][1][safepoint    ] Entering safepoint region: Cleanup
[2022-06-13T02:42:15.124+0000][1][safepoint    ] Leaving safepoint region
[2022-06-13T02:42:15.124+0000][1][safepoint    ] Total time for which application threads were stopped: 0.0005193 seconds, Stopping threads took: 0.0002549 seconds
[2022-06-13T02:42:16.124+0000][1][safepoint    ] Application time: 1.0002040 seconds
[2022-06-13T02:42:16.125+0000][1][safepoint    ] Entering safepoint region: Cleanup
[2022-06-13T02:42:16.125+0000][1][safepoint    ] Leaving safepoint region
[2022-06-13T02:42:16.125+0000][1][safepoint    ] Total time for which application threads were stopped: 0.0005860 seconds, Stopping threads took: 0.0003087 seconds
[2022-06-13T02:42:17.126+0000][1][safepoint    ] Application time: 1.0001499 seconds
[2022-06-13T02:42:17.126+0000][1][safepoint    ] Entering safepoint region: Cleanup
[2022-06-13T02:42:17.126+0000][1][safepoint    ] Leaving safepoint region
[2022-06-13T02:42:17.127+0000][1][safepoint    ] Total time for which application threads were stopped: 0.0006827 seconds, Stopping threads took: 0.0003177 seconds
[2022-06-13T02:42:18.127+0000][1][safepoint    ] Application time: 1.0001848 seconds
[2022-06-13T02:42:18.128+0000][1][safepoint    ] Entering safepoint region: Cleanup
[2022-06-13T02:42:18.128+0000][1][safepoint    ] Leaving safepoint region
[2022-06-13T02:42:18.128+0000][1][safepoint    ] Total time for which application threads were stopped: 0.0006906 seconds, Stopping threads took: 0.0003171 seconds
[2022-06-13T02:42:19.129+0000][1][safepoint    ] Application time: 1.0002901 seconds
[2022-06-13T02:42:19.129+0000][1][safepoint    ] Entering safepoint region: Cleanup
[2022-06-13T02:42:19.129+0000][1][safepoint    ] Leaving safepoint region
[2022-06-13T02:42:19.130+0000][1][safepoint    ] Total time for which application threads were stopped: 0.0006395 seconds, Stopping threads took: 0.0002711 seconds
[2022-06-13T02:42:20.131+0000][1][safepoint    ] Application time: 1.0003564 seconds
[2022-06-13T02:42:20.131+0000][1][safepoint    ] Entering safepoint region: Cleanup
[2022-06-13T02:42:20.132+0000][1][safepoint    ] Leaving safepoint region
[2022-06-13T02:42:20.132+0000][1][safepoint    ] Total time for which application threads were stopped: 0.0008222 seconds, Stopping threads took: 0.0003758 seconds
[2022-06-13T02:42:21.132+0000][1][safepoint    ] Application time: 1.0001375 seconds
[2022-06-13T02:42:21.133+0000][1][safepoint    ] Entering safepoint region: Cleanup
[2022-06-13T02:42:21.134+0000][1][safepoint    ] Leaving safepoint region
[2022-06-13T02:42:21.134+0000][1][safepoint    ] Total time for which application threads were stopped: 0.0010555 seconds, Stopping threads took: 0.0004981 seconds
[2022-06-13T02:42:22.135+0000][1][safepoint    ] Application time: 1.0002241 seconds
[2022-06-13T02:42:22.135+0000][1][safepoint    ] Entering safepoint region: Cleanup
[2022-06-13T02:42:22.136+0000][1][safepoint    ] Leaving safepoint region
[2022-06-13T02:42:22.137+0000][1][safepoint    ] Total time for which application threads were stopped: 0.0013955 seconds, Stopping threads took: 0.0005461 seconds
[2022-06-13T02:42:23.138+0000][1][safepoint    ] Application time: 1.0002323 seconds
[2022-06-13T02:42:23.138+0000][1][safepoint    ] Entering safepoint region: Cleanup
[2022-06-13T02:42:23.138+0000][1][safepoint    ] Leaving safepoint region
[2022-06-13T02:42:23.139+0000][1][safepoint    ] Total time for which application threads were stopped: 0.0006732 seconds, Stopping threads took: 0.0003233 seconds
[2022-06-13T02:42:24.139+0000][1][safepoint    ] Application time: 1.0001910 seconds
[2022-06-13T02:42:24.140+0000][1][safepoint    ] Entering safepoint region: Cleanup
[2022-06-13T02:42:24.140+0000][1][safepoint    ] Leaving safepoint region
[2022-06-13T02:42:24.141+0000][1][safepoint    ] Total time for which application threads were stopped: 0.0008062 seconds, Stopping threads took: 0.0004192 seconds
[2022-06-13T02:42:25.141+0000][1][safepoint    ] Application time: 1.0001261 seconds
[2022-06-13T02:42:25.141+0000][1][safepoint    ] Entering safepoint region: Cleanup
[2022-06-13T02:42:25.142+0000][1][safepoint    ] Leaving safepoint region
[2022-06-13T02:42:25.142+0000][1][safepoint    ] Total time for which application threads were stopped: 0.0004991 seconds, Stopping threads took: 0.0002965 seconds
[2022-06-13T02:42:26.143+0000][1][safepoint    ] Application time: 1.0003410 seconds
[2022-06-13T02:42:26.143+0000][1][safepoint    ] Entering safepoint region: Cleanup
[2022-06-13T02:42:26.143+0000][1][safepoint    ] Leaving safepoint region
[2022-06-13T02:42:26.144+0000][1][safepoint    ] Total time for which application threads were stopped: 0.0007896 seconds, Stopping threads took: 0.0003664 seconds
[2022-06-13T02:42:27.144+0000][1][safepoint    ] Application time: 1.0002461 seconds
[2022-06-13T02:42:27.145+0000][1][safepoint    ] Entering safepoint region: Cleanup
[2022-06-13T02:42:27.146+0000][1][safepoint    ] Leaving safepoint region
[2022-06-13T02:42:27.146+0000][1][safepoint    ] Total time for which application threads were stopped: 0.0010699 seconds, Stopping threads took: 0.0005935 seconds
[2022-06-13T02:42:28.147+0000][1][safepoint    ] Application time: 1.0001832 seconds
[2022-06-13T02:42:28.147+0000][1][safepoint    ] Entering safepoint region: Cleanup
[2022-06-13T02:42:28.148+0000][1][safepoint    ] Leaving safepoint region
[2022-06-13T02:42:28.148+0000][1][safepoint    ] Total time for which application threads were stopped: 0.0006337 seconds, Stopping threads took: 0.0003011 seconds
[2022-06-13T02:42:29.148+0000][1][safepoint    ] Application time: 1.0002052 seconds
[2022-06-13T02:42:29.149+0000][1][safepoint    ] Entering safepoint region: Cleanup
[2022-06-13T02:42:29.150+0000][1][safepoint    ] Leaving safepoint region
[2022-06-13T02:42:29.151+0000][1][safepoint    ] Total time for which application threads were stopped: 0.0015327 seconds, Stopping threads took: 0.0007328 seconds
[2022-06-13T02:42:30.152+0000][1][safepoint    ] Application time: 1.0002131 seconds
[2022-06-13T02:42:30.152+0000][1][safepoint    ] Entering safepoint region: Cleanup
[2022-06-13T02:42:30.152+0000][1][safepoint    ] Leaving safepoint region
[2022-06-13T02:42:30.153+0000][1][safepoint    ] Total time for which application threads were stopped: 0.0005882 seconds, Stopping threads took: 0.0002903 seconds
[2022-06-13T02:42:31.153+0000][1][safepoint    ] Application time: 1.0002093 seconds
[2022-06-13T02:42:31.153+0000][1][safepoint    ] Entering safepoint region: Cleanup
[2022-06-13T02:42:31.154+0000][1][safepoint    ] Leaving safepoint region
[2022-06-13T02:42:31.154+0000][1][safepoint    ] Total time for which application threads were stopped: 0.0006304 seconds, Stopping threads took: 0.0003222 seconds
[2022-06-13T02:42:32.154+0000][1][safepoint    ] Application time: 1.0001839 seconds
[2022-06-13T02:42:32.155+0000][1][safepoint    ] Entering safepoint region: Cleanup
[2022-06-13T02:42:32.155+0000][1][safepoint    ] Leaving safepoint region
[2022-06-13T02:42:32.156+0000][1][safepoint    ] Total time for which application threads were stopped: 0.0006449 seconds, Stopping threads took: 0.0002876 seconds
[2022-06-13T02:42:33.156+0000][1][safepoint    ] Application time: 1.0002124 seconds
[2022-06-13T02:42:33.157+0000][1][safepoint    ] Entering safepoint region: Cleanup
[2022-06-13T02:42:33.157+0000][1][safepoint    ] Leaving safepoint region
[2022-06-13T02:42:33.157+0000][1][safepoint    ] Total time for which application threads were stopped: 0.0007422 seconds, Stopping threads took: 0.0002951 seconds
[2022-06-13T02:42:34.158+0000][1][safepoint    ] Application time: 1.0003035 seconds
[2022-06-13T02:42:34.158+0000][1][safepoint    ] Entering safepoint region: Cleanup
[2022-06-13T02:42:34.158+0000][1][safepoint    ] Leaving safepoint region
[2022-06-13T02:42:34.159+0000][1][safepoint    ] Total time for which application threads were stopped: 0.0003600 seconds, Stopping threads took: 0.0001699 seconds
[2022-06-13T02:42:35.159+0000][1][safepoint    ] Application time: 1.0001047 seconds
[2022-06-13T02:42:35.159+0000][1][safepoint    ] Entering safepoint region: Cleanup
[2022-06-13T02:42:35.160+0000][1][safepoint    ] Leaving safepoint region
[2022-06-13T02:42:35.160+0000][1][safepoint    ] Total time for which application threads were stopped: 0.0006724 seconds, Stopping threads took: 0.0003462 seconds
[2022-06-13T02:42:36.160+0000][1][safepoint    ] Application time: 1.0002037 seconds
[2022-06-13T02:42:36.161+0000][1][safepoint    ] Entering safepoint region: Cleanup
[2022-06-13T02:42:36.162+0000][1][safepoint    ] Leaving safepoint region
[2022-06-13T02:42:36.162+0000][1][safepoint    ] Total time for which application threads were stopped: 0.0008199 seconds, Stopping threads took: 0.0004397 seconds
[2022-06-13T02:42:37.162+0000][1][safepoint    ] Application time: 1.0001357 seconds
[2022-06-13T02:42:37.163+0000][1][safepoint    ] Entering safepoint region: Cleanup
[2022-06-13T02:42:37.163+0000][1][safepoint    ] Leaving safepoint region
[2022-06-13T02:42:37.163+0000][1][safepoint    ] Total time for which application threads were stopped: 0.0005848 seconds, Stopping threads took: 0.0002700 seconds
[2022-06-13T02:42:38.164+0000][1][safepoint    ] Application time: 1.0003291 seconds
[2022-06-13T02:42:38.165+0000][1][safepoint    ] Entering safepoint region: Cleanup
[2022-06-13T02:42:38.165+0000][1][safepoint    ] Leaving safepoint region
[2022-06-13T02:42:38.166+0000][1][safepoint    ] Total time for which application threads were stopped: 0.0014767 seconds, Stopping threads took: 0.0006953 seconds
[2022-06-13T02:42:39.167+0000][1][safepoint    ] Application time: 1.0002625 seconds
[2022-06-13T02:42:39.168+0000][1][safepoint    ] Entering safepoint region: Cleanup
[2022-06-13T02:42:39.168+0000][1][safepoint    ] Leaving safepoint region
[2022-06-13T02:42:39.169+0000][1][safepoint    ] Total time for which application threads were stopped: 0.0011775 seconds, Stopping threads took: 0.0006702 seconds
[2022-06-13T02:42:40.169+0000][1][safepoint    ] Application time: 1.0002894 seconds
[2022-06-13T02:42:40.170+0000][1][safepoint    ] Entering safepoint region: Cleanup
[2022-06-13T02:42:40.170+0000][1][safepoint    ] Leaving safepoint region
[2022-06-13T02:42:40.171+0000][1][safepoint    ] Total time for which application threads were stopped: 0.0008424 seconds, Stopping threads took: 0.0004166 seconds
[2022-06-13T02:42:41.171+0000][1][safepoint    ] Application time: 1.0002836 seconds
[2022-06-13T02:42:41.172+0000][1][safepoint    ] Entering safepoint region: Cleanup
[2022-06-13T02:42:41.173+0000][1][safepoint    ] Leaving safepoint region
[2022-06-13T02:42:41.173+0000][1][safepoint    ] Total time for which application threads were stopped: 0.0010915 seconds, Stopping threads took: 0.0005234 seconds
[2022-06-13T02:42:42.174+0000][1][safepoint    ] Application time: 1.0003281 seconds
[2022-06-13T02:42:42.175+0000][1][safepoint    ] Entering safepoint region: Cleanup
[2022-06-13T02:42:42.175+0000][1][safepoint    ] Leaving safepoint region
[2022-06-13T02:42:42.176+0000][1][safepoint    ] Total time for which application threads were stopped: 0.0014021 seconds, Stopping threads took: 0.0006363 seconds
[2022-06-13T02:42:43.177+0000][1][safepoint    ] Application time: 1.0001845 seconds
[2022-06-13T02:42:43.178+0000][1][safepoint    ] Entering safepoint region: Cleanup
[2022-06-13T02:42:43.178+0000][1][safepoint    ] Leaving safepoint region
[2022-06-13T02:42:43.179+0000][1][safepoint    ] Total time for which application threads were stopped: 0.0009947 seconds, Stopping threads took: 0.0003906 seconds
[2022-06-13T02:42:44.179+0000][1][safepoint    ] Application time: 1.0001431 seconds
[2022-06-13T02:42:44.180+0000][1][safepoint    ] Entering safepoint region: Cleanup
[2022-06-13T02:42:44.180+0000][1][safepoint    ] Leaving safepoint region
[2022-06-13T02:42:44.181+0000][1][safepoint    ] Total time for which application threads were stopped: 0.0010987 seconds, Stopping threads took: 0.0004629 seconds
[2022-06-13T02:42:45.182+0000][1][safepoint    ] Application time: 1.0002376 seconds
[2022-06-13T02:42:45.182+0000][1][safepoint    ] Entering safepoint region: Cleanup
[2022-06-13T02:42:45.183+0000][1][safepoint    ] Leaving safepoint region
[2022-06-13T02:42:45.183+0000][1][safepoint    ] Total time for which application threads were stopped: 0.0007870 seconds, Stopping threads took: 0.0003125 seconds
[2022-06-13T02:42:46.184+0000][1][safepoint    ] Application time: 1.0001109 seconds
[2022-06-13T02:42:46.184+0000][1][safepoint    ] Entering safepoint region: Cleanup
[2022-06-13T02:42:46.184+0000][1][safepoint    ] Leaving safepoint region
[2022-06-13T02:42:46.185+0000][1][safepoint    ] Total time for which application threads were stopped: 0.0005622 seconds, Stopping threads took: 0.0002859 seconds
[2022-06-13T02:42:47.185+0000][1][safepoint    ] Application time: 1.0001870 seconds
[2022-06-13T02:42:47.186+0000][1][safepoint    ] Entering safepoint region: Cleanup
[2022-06-13T02:42:47.186+0000][1][safepoint    ] Leaving safepoint region
[2022-06-13T02:42:47.186+0000][1][safepoint    ] Total time for which application threads were stopped: 0.0005814 seconds, Stopping threads took: 0.0002567 seconds
[2022-06-13T02:42:48.187+0000][1][safepoint    ] Application time: 1.0001960 seconds
[2022-06-13T02:42:48.187+0000][1][safepoint    ] Entering safepoint region: Cleanup
[2022-06-13T02:42:48.187+0000][1][safepoint    ] Leaving safepoint region
[2022-06-13T02:42:48.188+0000][1][safepoint    ] Total time for which application threads were stopped: 0.0007422 seconds, Stopping threads took: 0.0003014 seconds
[2022-06-13T02:42:49.188+0000][1][safepoint    ] Application time: 1.0002150 seconds
[2022-06-13T02:42:49.189+0000][1][safepoint    ] Entering safepoint region: Cleanup
[2022-06-13T02:42:49.190+0000][1][safepoint    ] Leaving safepoint region
[2022-06-13T02:42:49.190+0000][1][safepoint    ] Total time for which application threads were stopped: 0.0009973 seconds, Stopping threads took: 0.0004658 seconds
[2022-06-13T02:42:50.191+0000][1][safepoint    ] Application time: 1.0003004 seconds
[2022-06-13T02:42:50.191+0000][1][safepoint    ] Entering safepoint region: Cleanup
[2022-06-13T02:42:50.192+0000][1][safepoint    ] Leaving safepoint region
[2022-06-13T02:42:50.192+0000][1][safepoint    ] Total time for which application threads were stopped: 0.0008655 seconds, Stopping threads took: 0.0003979 seconds
[2022-06-13T02:42:51.193+0000][1][safepoint    ] Application time: 1.0003147 seconds
[2022-06-13T02:42:51.194+0000][1][safepoint    ] Entering safepoint region: Cleanup
[2022-06-13T02:42:51.194+0000][1][safepoint    ] Leaving safepoint region
[2022-06-13T02:42:51.195+0000][1][safepoint    ] Total time for which application threads were stopped: 0.0012961 seconds, Stopping threads took: 0.0005620 seconds
[2022-06-13T02:42:52.196+0000][1][safepoint    ] Application time: 1.0002562 seconds
[2022-06-13T02:42:52.196+0000][1][safepoint    ] Entering safepoint region: Cleanup
[2022-06-13T02:42:52.197+0000][1][safepoint    ] Leaving safepoint region
[2022-06-13T02:42:52.197+0000][1][safepoint    ] Total time for which application threads were stopped: 0.0008401 seconds, Stopping threads took: 0.0003903 seconds
[2022-06-13T02:42:53.198+0000][1][safepoint    ] Application time: 1.0003673 seconds
[2022-06-13T02:42:53.198+0000][1][safepoint    ] Entering safepoint region: Cleanup
[2022-06-13T02:42:53.199+0000][1][safepoint    ] Leaving safepoint region
[2022-06-13T02:42:53.199+0000][1][safepoint    ] Total time for which application threads were stopped: 0.0008288 seconds, Stopping threads took: 0.0004049 seconds
[2022-06-13T02:42:54.200+0000][1][safepoint    ] Application time: 1.0002708 seconds
[2022-06-13T02:42:54.200+0000][1][safepoint    ] Entering safepoint region: Cleanup
[2022-06-13T02:42:54.201+0000][1][safepoint    ] Leaving safepoint region
[2022-06-13T02:42:54.201+0000][1][safepoint    ] Total time for which application threads were stopped: 0.0009893 seconds, Stopping threads took: 0.0003915 seconds
[2022-06-13T02:42:55.202+0000][1][safepoint    ] Application time: 1.0002446 seconds
[2022-06-13T02:42:55.203+0000][1][safepoint    ] Entering safepoint region: Cleanup
[2022-06-13T02:42:55.204+0000][1][safepoint    ] Leaving safepoint region
[2022-06-13T02:42:55.204+0000][1][safepoint    ] Total time for which application threads were stopped: 0.0015050 seconds, Stopping threads took: 0.0007352 seconds
[2022-06-13T02:42:56.205+0000][1][safepoint    ] Application time: 1.0002169 seconds
[2022-06-13T02:42:56.206+0000][1][safepoint    ] Entering safepoint region: Cleanup
[2022-06-13T02:42:56.207+0000][1][safepoint    ] Leaving safepoint region
[2022-06-13T02:42:56.207+0000][1][safepoint    ] Total time for which application threads were stopped: 0.0014017 seconds, Stopping threads took: 0.0006590 seconds
[2022-06-13T02:42:57.208+0000][1][safepoint    ] Application time: 1.0002086 seconds
[2022-06-13T02:42:57.209+0000][1][safepoint    ] Entering safepoint region: Cleanup
[2022-06-13T02:42:57.209+0000][1][safepoint    ] Leaving safepoint region
[2022-06-13T02:42:57.210+0000][1][safepoint    ] Total time for which application threads were stopped: 0.0008341 seconds, Stopping threads took: 0.0004061 seconds
[2022-06-13T02:42:58.210+0000][1][safepoint    ] Application time: 1.0002258 seconds
[2022-06-13T02:42:58.211+0000][1][safepoint    ] Entering safepoint region: Cleanup
[2022-06-13T02:42:58.211+0000][1][safepoint    ] Leaving safepoint region
[2022-06-13T02:42:58.212+0000][1][safepoint    ] Total time for which application threads were stopped: 0.0008326 seconds, Stopping threads took: 0.0003646 seconds
[2022-06-13T02:42:59.212+0000][1][safepoint    ] Application time: 1.0001844 seconds
[2022-06-13T02:42:59.213+0000][1][safepoint    ] Entering safepoint region: Cleanup
[2022-06-13T02:42:59.213+0000][1][safepoint    ] Leaving safepoint region
[2022-06-13T02:42:59.214+0000][1][safepoint    ] Total time for which application threads were stopped: 0.0008686 seconds, Stopping threads took: 0.0003900 seconds
[2022-06-13T02:43:00.214+0000][1][safepoint    ] Application time: 1.0001327 seconds
[2022-06-13T02:43:00.215+0000][1][safepoint    ] Entering safepoint region: Cleanup
[2022-06-13T02:43:00.216+0000][1][safepoint    ] Leaving safepoint region
[2022-06-13T02:43:00.216+0000][1][safepoint    ] Total time for which application threads were stopped: 0.0014812 seconds, Stopping threads took: 0.0006632 seconds
[2022-06-13T02:43:01.217+0000][1][safepoint    ] Application time: 1.0002106 seconds
[2022-06-13T02:43:01.218+0000][1][safepoint    ] Entering safepoint region: Cleanup
[2022-06-13T02:43:01.218+0000][1][safepoint    ] Leaving safepoint region
[2022-06-13T02:43:01.219+0000][1][safepoint    ] Total time for which application threads were stopped: 0.0009791 seconds, Stopping threads took: 0.0004412 seconds
[2022-06-13T02:43:02.219+0000][1][safepoint    ] Application time: 1.0001999 seconds
[2022-06-13T02:43:02.220+0000][1][safepoint    ] Entering safepoint region: Cleanup
[2022-06-13T02:43:02.220+0000][1][safepoint    ] Leaving safepoint region
[2022-06-13T02:43:02.220+0000][1][safepoint    ] Total time for which application threads were stopped: 0.0006336 seconds, Stopping threads took: 0.0003660 seconds
[2022-06-13T02:43:03.221+0000][1][safepoint    ] Application time: 1.0001171 seconds
[2022-06-13T02:43:03.221+0000][1][safepoint    ] Entering safepoint region: Cleanup
[2022-06-13T02:43:03.221+0000][1][safepoint    ] Leaving safepoint region
[2022-06-13T02:43:03.222+0000][1][safepoint    ] Total time for which application threads were stopped: 0.0008438 seconds, Stopping threads took: 0.0004397 seconds
[2022-06-13T02:43:04.222+0000][1][safepoint    ] Application time: 1.0001142 seconds
[2022-06-13T02:43:04.223+0000][1][safepoint    ] Entering safepoint region: Cleanup
[2022-06-13T02:43:04.223+0000][1][safepoint    ] Leaving safepoint region
[2022-06-13T02:43:04.223+0000][1][safepoint    ] Total time for which application threads were stopped: 0.0007563 seconds, Stopping threads took: 0.0004277 seconds
[2022-06-13T02:43:05.224+0000][1][safepoint    ] Application time: 1.0002979 seconds
[2022-06-13T02:43:05.225+0000][1][safepoint    ] Entering safepoint region: Cleanup
[2022-06-13T02:43:05.226+0000][1][safepoint    ] Leaving safepoint region
[2022-06-13T02:43:05.226+0000][1][safepoint    ] Total time for which application threads were stopped: 0.0012789 seconds, Stopping threads took: 0.0005299 seconds
[2022-06-13T02:43:06.227+0000][1][safepoint    ] Application time: 1.0002092 seconds
[2022-06-13T02:43:06.227+0000][1][safepoint    ] Entering safepoint region: Cleanup
[2022-06-13T02:43:06.228+0000][1][safepoint    ] Leaving safepoint region
[2022-06-13T02:43:06.228+0000][1][safepoint    ] Total time for which application threads were stopped: 0.0007918 seconds, Stopping threads took: 0.0004159 seconds
[2022-06-13T02:43:07.229+0000][1][safepoint    ] Application time: 1.0002309 seconds
[2022-06-13T02:43:07.229+0000][1][safepoint    ] Entering safepoint region: Cleanup
[2022-06-13T02:43:07.230+0000][1][safepoint    ] Leaving safepoint region
[2022-06-13T02:43:07.230+0000][1][safepoint    ] Total time for which application threads were stopped: 0.0006413 seconds, Stopping threads took: 0.0003524 seconds
[2022-06-13T02:43:08.230+0000][1][safepoint    ] Application time: 1.0001551 seconds
[2022-06-13T02:43:08.231+0000][1][safepoint    ] Entering safepoint region: Cleanup
[2022-06-13T02:43:08.231+0000][1][safepoint    ] Leaving safepoint region
[2022-06-13T02:43:08.232+0000][1][safepoint    ] Total time for which application threads were stopped: 0.0009112 seconds, Stopping threads took: 0.0004653 seconds
[2022-06-13T02:43:09.232+0000][1][safepoint    ] Application time: 1.0003244 seconds
[2022-06-13T02:43:09.233+0000][1][safepoint    ] Entering safepoint region: Cleanup
[2022-06-13T02:43:09.234+0000][1][safepoint    ] Leaving safepoint region
[2022-06-13T02:43:09.234+0000][1][safepoint    ] Total time for which application threads were stopped: 0.0011276 seconds, Stopping threads took: 0.0006916 seconds
[2022-06-13T02:43:10.235+0000][1][safepoint    ] Application time: 1.0002217 seconds
[2022-06-13T02:43:10.235+0000][1][safepoint    ] Entering safepoint region: Cleanup
[2022-06-13T02:43:10.236+0000][1][safepoint    ] Leaving safepoint region
[2022-06-13T02:43:10.237+0000][1][safepoint    ] Total time for which application threads were stopped: 0.0013211 seconds, Stopping threads took: 0.0005452 seconds
[2022-06-13T02:43:11.237+0000][1][safepoint    ] Application time: 1.0001942 seconds
[2022-06-13T02:43:11.238+0000][1][safepoint    ] Entering safepoint region: Cleanup
[2022-06-13T02:43:11.238+0000][1][safepoint    ] Leaving safepoint region
[2022-06-13T02:43:11.239+0000][1][safepoint    ] Total time for which application threads were stopped: 0.0010280 seconds, Stopping threads took: 0.0003468 seconds
[2022-06-13T02:43:12.239+0000][1][safepoint    ] Application time: 1.0004076 seconds
[2022-06-13T02:43:12.240+0000][1][safepoint    ] Entering safepoint region: Cleanup
[2022-06-13T02:43:12.241+0000][1][safepoint    ] Leaving safepoint region
[2022-06-13T02:43:12.241+0000][1][safepoint    ] Total time for which application threads were stopped: 0.0013704 seconds, Stopping threads took: 0.0005670 seconds
[2022-06-13T02:43:13.242+0000][1][safepoint    ] Application time: 1.0001933 seconds
[2022-06-13T02:43:13.242+0000][1][safepoint    ] Entering safepoint region: Cleanup
[2022-06-13T02:43:13.243+0000][1][safepoint    ] Leaving safepoint region
[2022-06-13T02:43:13.243+0000][1][safepoint    ] Total time for which application threads were stopped: 0.0010719 seconds, Stopping threads took: 0.0005138 seconds
[2022-06-13T02:43:14.244+0000][1][safepoint    ] Application time: 1.0001191 seconds
[2022-06-13T02:43:14.245+0000][1][safepoint    ] Entering safepoint region: Cleanup
[2022-06-13T02:43:14.245+0000][1][safepoint    ] Leaving safepoint region
[2022-06-13T02:43:14.245+0000][1][safepoint    ] Total time for which application threads were stopped: 0.0008999 seconds, Stopping threads took: 0.0004093 seconds
[2022-06-13T02:43:15.246+0000][1][safepoint    ] Application time: 1.0003953 seconds
[2022-06-13T02:43:15.247+0000][1][safepoint    ] Entering safepoint region: Cleanup
[2022-06-13T02:43:15.247+0000][1][safepoint    ] Leaving safepoint region
[2022-06-13T02:43:15.247+0000][1][safepoint    ] Total time for which application threads were stopped: 0.0006655 seconds, Stopping threads took: 0.0002671 seconds
[2022-06-13T02:43:16.248+0000][1][safepoint    ] Application time: 1.0002917 seconds
[2022-06-13T02:43:16.249+0000][1][safepoint    ] Entering safepoint region: Cleanup
[2022-06-13T02:43:16.249+0000][1][safepoint    ] Leaving safepoint region
[2022-06-13T02:43:16.250+0000][1][safepoint    ] Total time for which application threads were stopped: 0.0012462 seconds, Stopping threads took: 0.0004887 seconds
[2022-06-13T02:43:17.251+0000][1][safepoint    ] Application time: 1.0002838 seconds
[2022-06-13T02:43:17.252+0000][1][safepoint    ] Entering safepoint region: Cleanup
[2022-06-13T02:43:17.252+0000][1][safepoint    ] Leaving safepoint region
[2022-06-13T02:43:17.253+0000][1][safepoint    ] Total time for which application threads were stopped: 0.0012565 seconds, Stopping threads took: 0.0005750 seconds
[2022-06-13T02:43:18.254+0000][1][safepoint    ] Application time: 1.0003279 seconds
[2022-06-13T02:43:18.255+0000][1][safepoint    ] Entering safepoint region: Cleanup
[2022-06-13T02:43:18.255+0000][1][safepoint    ] Leaving safepoint region
[2022-06-13T02:43:18.256+0000][1][safepoint    ] Total time for which application threads were stopped: 0.0015332 seconds, Stopping threads took: 0.0008260 seconds
[2022-06-13T02:43:19.257+0000][1][safepoint    ] Application time: 1.0002595 seconds
[2022-06-13T02:43:19.257+0000][1][safepoint    ] Entering safepoint region: Cleanup
[2022-06-13T02:43:19.258+0000][1][safepoint    ] Leaving safepoint region
[2022-06-13T02:43:19.258+0000][1][safepoint    ] Total time for which application threads were stopped: 0.0007033 seconds, Stopping threads took: 0.0003429 seconds
[2022-06-13T02:43:20.258+0000][1][safepoint    ] Application time: 1.0001434 seconds
[2022-06-13T02:43:20.259+0000][1][safepoint    ] Entering safepoint region: Cleanup
[2022-06-13T02:43:20.259+0000][1][safepoint    ] Leaving safepoint region
[2022-06-13T02:43:20.260+0000][1][safepoint    ] Total time for which application threads were stopped: 0.0008509 seconds, Stopping threads took: 0.0003851 seconds
[2022-06-13T02:43:21.260+0000][1][safepoint    ] Application time: 1.0002877 seconds
[2022-06-13T02:43:21.261+0000][1][safepoint    ] Entering safepoint region: Cleanup
[2022-06-13T02:43:21.262+0000][1][safepoint    ] Leaving safepoint region
[2022-06-13T02:43:21.262+0000][1][safepoint    ] Total time for which application threads were stopped: 0.0012377 seconds, Stopping threads took: 0.0005472 seconds
[2022-06-13T02:43:22.263+0000][1][safepoint    ] Application time: 1.0001836 seconds
[2022-06-13T02:43:22.264+0000][1][safepoint    ] Entering safepoint region: Cleanup
[2022-06-13T02:43:22.264+0000][1][safepoint    ] Leaving safepoint region
[2022-06-13T02:43:22.265+0000][1][safepoint    ] Total time for which application threads were stopped: 0.0008304 seconds, Stopping threads took: 0.0003923 seconds
[2022-06-13T02:43:23.265+0000][1][safepoint    ] Application time: 1.0002164 seconds
[2022-06-13T02:43:23.266+0000][1][safepoint    ] Entering safepoint region: Cleanup
[2022-06-13T02:43:23.266+0000][1][safepoint    ] Leaving safepoint region
[2022-06-13T02:43:23.266+0000][1][safepoint    ] Total time for which application threads were stopped: 0.0008083 seconds, Stopping threads took: 0.0003436 seconds
[2022-06-13T02:43:24.267+0000][1][safepoint    ] Application time: 1.0001831 seconds
[2022-06-13T02:43:24.268+0000][1][safepoint    ] Entering safepoint region: Cleanup
[2022-06-13T02:43:24.268+0000][1][safepoint    ] Leaving safepoint region
[2022-06-13T02:43:24.268+0000][1][safepoint    ] Total time for which application threads were stopped: 0.0008022 seconds, Stopping threads took: 0.0004420 seconds
[2022-06-13T02:43:25.269+0000][1][safepoint    ] Application time: 1.0001561 seconds
[2022-06-13T02:43:25.269+0000][1][safepoint    ] Entering safepoint region: Cleanup
[2022-06-13T02:43:25.270+0000][1][safepoint    ] Leaving safepoint region
[2022-06-13T02:43:25.270+0000][1][safepoint    ] Total time for which application threads were stopped: 0.0006265 seconds, Stopping threads took: 0.0002756 seconds
[2022-06-13T02:43:26.270+0000][1][safepoint    ] Application time: 1.0002266 seconds
[2022-06-13T02:43:26.271+0000][1][safepoint    ] Entering safepoint region: Cleanup
[2022-06-13T02:43:26.271+0000][1][safepoint    ] Leaving safepoint region
[2022-06-13T02:43:26.272+0000][1][safepoint    ] Total time for which application threads were stopped: 0.0007542 seconds, Stopping threads took: 0.0003413 seconds
[2022-06-13T02:43:27.272+0000][1][safepoint    ] Application time: 1.0001970 seconds
[2022-06-13T02:43:27.273+0000][1][safepoint    ] Entering safepoint region: Cleanup
[2022-06-13T02:43:27.273+0000][1][safepoint    ] Leaving safepoint region
[2022-06-13T02:43:27.274+0000][1][safepoint    ] Total time for which application threads were stopped: 0.0009869 seconds, Stopping threads took: 0.0004358 seconds
[2022-06-13T02:43:28.274+0000][1][safepoint    ] Application time: 1.0001925 seconds
[2022-06-13T02:43:28.275+0000][1][safepoint    ] Entering safepoint region: Cleanup
[2022-06-13T02:43:28.276+0000][1][safepoint    ] Leaving safepoint region
[2022-06-13T02:43:28.276+0000][1][safepoint    ] Total time for which application threads were stopped: 0.0014630 seconds, Stopping threads took: 0.0007228 seconds
[2022-06-13T02:43:29.277+0000][1][safepoint    ] Application time: 1.0001541 seconds
[2022-06-13T02:43:29.277+0000][1][safepoint    ] Entering safepoint region: Cleanup
[2022-06-13T02:43:29.277+0000][1][safepoint    ] Leaving safepoint region
[2022-06-13T02:43:29.278+0000][1][safepoint    ] Total time for which application threads were stopped: 0.0003812 seconds, Stopping threads took: 0.0001715 seconds
[2022-06-13T02:43:30.278+0000][1][safepoint    ] Application time: 1.0001398 seconds
[2022-06-13T02:43:30.279+0000][1][safepoint    ] Entering safepoint region: Cleanup
[2022-06-13T02:43:30.279+0000][1][safepoint    ] Leaving safepoint region
[2022-06-13T02:43:30.280+0000][1][safepoint    ] Total time for which application threads were stopped: 0.0014010 seconds, Stopping threads took: 0.0006569 seconds
[2022-06-13T02:43:31.281+0000][1][safepoint    ] Application time: 1.0001979 seconds
[2022-06-13T02:43:31.281+0000][1][safepoint    ] Entering safepoint region: Cleanup
[2022-06-13T02:43:31.282+0000][1][safepoint    ] Leaving safepoint region
[2022-06-13T02:43:31.282+0000][1][safepoint    ] Total time for which application threads were stopped: 0.0006374 seconds, Stopping threads took: 0.0002940 seconds
[2022-06-13T02:43:32.282+0000][1][safepoint    ] Application time: 1.0002442 seconds
[2022-06-13T02:43:32.283+0000][1][safepoint    ] Entering safepoint region: Cleanup
[2022-06-13T02:43:32.284+0000][1][safepoint    ] Leaving safepoint region
[2022-06-13T02:43:32.284+0000][1][safepoint    ] Total time for which application threads were stopped: 0.0012614 seconds, Stopping threads took: 0.0005537 seconds
[2022-06-13T02:43:33.285+0000][1][safepoint    ] Application time: 1.0001978 seconds
[2022-06-13T02:43:33.285+0000][1][safepoint    ] Entering safepoint region: Cleanup
[2022-06-13T02:43:33.286+0000][1][safepoint    ] Leaving safepoint region
[2022-06-13T02:43:33.286+0000][1][safepoint    ] Total time for which application threads were stopped: 0.0008122 seconds, Stopping threads took: 0.0003722 seconds
[2022-06-13T02:43:34.799+0000][1][safepoint    ] Application time: 1.5120400 seconds
[2022-06-13T02:43:34.799+0000][1][safepoint    ] Entering safepoint region: Cleanup
[2022-06-13T02:43:34.800+0000][1][safepoint    ] Leaving safepoint region
[2022-06-13T02:43:34.801+0000][1][safepoint    ] Total time for which application threads were stopped: 0.0014794 seconds, Stopping threads took: 0.0007096 seconds
[2022-06-13T02:43:35.802+0000][1][safepoint    ] Application time: 1.0003153 seconds
[2022-06-13T02:43:35.802+0000][1][safepoint    ] Entering safepoint region: Cleanup
[2022-06-13T02:43:35.803+0000][1][safepoint    ] Leaving safepoint region
[2022-06-13T02:43:35.803+0000][1][safepoint    ] Total time for which application threads were stopped: 0.0007266 seconds, Stopping threads took: 0.0002801 seconds
[2022-06-13T02:43:36.803+0000][1][safepoint    ] Application time: 1.0002584 seconds
[2022-06-13T02:43:36.804+0000][1][safepoint    ] Entering safepoint region: Cleanup
[2022-06-13T02:43:36.804+0000][1][safepoint    ] Leaving safepoint region
[2022-06-13T02:43:36.804+0000][1][safepoint    ] Total time for which application threads were stopped: 0.0006411 seconds, Stopping threads took: 0.0002457 seconds
[2022-06-13T02:43:37.805+0000][1][safepoint    ] Application time: 1.0002347 seconds
[2022-06-13T02:43:37.805+0000][1][safepoint    ] Entering safepoint region: Cleanup
[2022-06-13T02:43:37.806+0000][1][safepoint    ] Leaving safepoint region
[2022-06-13T02:43:37.806+0000][1][safepoint    ] Total time for which application threads were stopped: 0.0005232 seconds, Stopping threads took: 0.0002440 seconds
[2022-06-13T02:43:38.806+0000][1][safepoint    ] Application time: 1.0002646 seconds
[2022-06-13T02:43:38.807+0000][1][safepoint    ] Entering safepoint region: Cleanup
[2022-06-13T02:43:38.808+0000][1][safepoint    ] Leaving safepoint region
[2022-06-13T02:43:38.808+0000][1][safepoint    ] Total time for which application threads were stopped: 0.0010701 seconds, Stopping threads took: 0.0005794 seconds
[2022-06-13T02:43:39.062+0000][1][safepoint    ] Application time: 0.2541179 seconds
[2022-06-13T02:43:39.063+0000][1][safepoint    ] Entering safepoint region: GenCollectForAllocation
[2022-06-13T02:43:39.063+0000][1][gc,start     ] GC(26) Pause Young (Allocation Failure)
[2022-06-13T02:43:39.063+0000][1][gc,task      ] GC(26) Using 5 workers of 13 for evacuation
[2022-06-13T02:43:39.065+0000][1][gc,age       ] GC(26) Desired survivor size 4456448 bytes, new threshold 6 (max threshold 6)
[2022-06-13T02:43:39.066+0000][1][gc,age       ] GC(26) Age table with threshold 6 (max threshold 6)
[2022-06-13T02:43:39.066+0000][1][gc,age       ] GC(26) - age   1:      33256 bytes,      33256 total
[2022-06-13T02:43:39.067+0000][1][gc,age       ] GC(26) - age   2:      14600 bytes,      47856 total
[2022-06-13T02:43:39.067+0000][1][gc,age       ] GC(26) - age   3:      30704 bytes,      78560 total
[2022-06-13T02:43:39.067+0000][1][gc,age       ] GC(26) - age   4:      65560 bytes,     144120 total
[2022-06-13T02:43:39.068+0000][1][gc,age       ] GC(26) - age   5:     912736 bytes,    1056856 total
[2022-06-13T02:43:39.068+0000][1][gc,heap      ] GC(26) ParNew: 71448K->1520K(78656K)
[2022-06-13T02:43:39.069+0000][1][gc,heap      ] GC(26) CMS: 67823K->67823K(174784K)
[2022-06-13T02:43:39.069+0000][1][gc,metaspace ] GC(26) Metaspace: 65243K->65243K(1110016K)
[2022-06-13T02:43:39.069+0000][1][gc           ] GC(26) Pause Young (Allocation Failure) 136M->67M(247M) 6.299ms
[2022-06-13T02:43:39.070+0000][1][gc,cpu       ] GC(26) User=0.00s Sys=0.00s Real=0.01s
[2022-06-13T02:43:39.070+0000][1][safepoint    ] Leaving safepoint region
[2022-06-13T02:43:39.071+0000][1][safepoint    ] Total time for which application threads were stopped: 0.0079099 seconds, Stopping threads took: 0.0002042 seconds
[2022-06-13T02:43:52.074+0000][1][safepoint    ] Application time: 13.0024632 seconds
[2022-06-13T02:43:52.074+0000][1][safepoint    ] Entering safepoint region: Cleanup
[2022-06-13T02:43:52.075+0000][1][safepoint    ] Leaving safepoint region
[2022-06-13T02:43:52.075+0000][1][safepoint    ] Total time for which application threads were stopped: 0.0009866 seconds, Stopping threads took: 0.0004352 seconds
[2022-06-13T02:43:58.076+0000][1][safepoint    ] Application time: 6.0009299 seconds
[2022-06-13T02:43:58.077+0000][1][safepoint    ] Entering safepoint region: Cleanup
[2022-06-13T02:43:58.078+0000][1][safepoint    ] Leaving safepoint region
[2022-06-13T02:43:58.078+0000][1][safepoint    ] Total time for which application threads were stopped: 0.0009419 seconds, Stopping threads took: 0.0004611 seconds
[2022-06-13T02:44:07.080+0000][1][safepoint    ] Application time: 9.0017874 seconds
[2022-06-13T02:44:07.080+0000][1][safepoint    ] Entering safepoint region: Cleanup
[2022-06-13T02:44:07.081+0000][1][safepoint    ] Leaving safepoint region
[2022-06-13T02:44:07.081+0000][1][safepoint    ] Total time for which application threads were stopped: 0.0005841 seconds, Stopping threads took: 0.0002993 seconds
[2022-06-13T02:44:17.084+0000][1][safepoint    ] Application time: 10.0022303 seconds
[2022-06-13T02:44:17.084+0000][1][safepoint    ] Entering safepoint region: Cleanup
[2022-06-13T02:44:17.085+0000][1][safepoint    ] Leaving safepoint region
[2022-06-13T02:44:17.086+0000][1][safepoint    ] Total time for which application threads were stopped: 0.0014842 seconds, Stopping threads took: 0.0006278 seconds
[2022-06-13T02:44:19.102+0000][1][safepoint    ] Application time: 2.0161092 seconds
[2022-06-13T02:44:19.103+0000][1][safepoint    ] Entering safepoint region: RevokeBias
[2022-06-13T02:44:19.103+0000][1][safepoint    ] Leaving safepoint region
[2022-06-13T02:44:19.104+0000][1][safepoint    ] Total time for which application threads were stopped: 0.0010493 seconds, Stopping threads took: 0.0004527 seconds
[2022-06-13T02:44:23.105+0000][1][safepoint    ] Application time: 4.0010142 seconds
[2022-06-13T02:44:23.105+0000][1][safepoint    ] Entering safepoint region: Cleanup
[2022-06-13T02:44:23.106+0000][1][safepoint    ] Leaving safepoint region
[2022-06-13T02:44:23.106+0000][1][safepoint    ] Total time for which application threads were stopped: 0.0007238 seconds, Stopping threads took: 0.0003520 seconds
[2022-06-13T02:44:26.107+0000][1][safepoint    ] Application time: 3.0005780 seconds
[2022-06-13T02:44:26.108+0000][1][safepoint    ] Entering safepoint region: Cleanup
[2022-06-13T02:44:26.108+0000][1][safepoint    ] Leaving safepoint region
[2022-06-13T02:44:26.108+0000][1][safepoint    ] Total time for which application threads were stopped: 0.0007612 seconds, Stopping threads took: 0.0003558 seconds
[2022-06-13T02:44:27.109+0000][1][safepoint    ] Application time: 1.0003053 seconds
[2022-06-13T02:44:27.110+0000][1][safepoint    ] Entering safepoint region: Cleanup
[2022-06-13T02:44:27.110+0000][1][safepoint    ] Leaving safepoint region
[2022-06-13T02:44:27.111+0000][1][safepoint    ] Total time for which application threads were stopped: 0.0013600 seconds, Stopping threads took: 0.0006995 seconds
[2022-06-13T02:44:28.112+0000][1][safepoint    ] Application time: 1.0002905 seconds
[2022-06-13T02:44:28.112+0000][1][safepoint    ] Entering safepoint region: Cleanup
[2022-06-13T02:44:28.113+0000][1][safepoint    ] Leaving safepoint region
[2022-06-13T02:44:28.113+0000][1][safepoint    ] Total time for which application threads were stopped: 0.0010355 seconds, Stopping threads took: 0.0003802 seconds
[2022-06-13T02:44:29.114+0000][1][safepoint    ] Application time: 1.0003339 seconds
[2022-06-13T02:44:29.115+0000][1][safepoint    ] Entering safepoint region: Cleanup
[2022-06-13T02:44:29.115+0000][1][safepoint    ] Leaving safepoint region
[2022-06-13T02:44:29.115+0000][1][safepoint    ] Total time for which application threads were stopped: 0.0005732 seconds, Stopping threads took: 0.0002401 seconds
[2022-06-13T02:44:30.115+0000][1][safepoint    ] Application time: 1.0002405 seconds
[2022-06-13T02:44:30.116+0000][1][safepoint    ] Entering safepoint region: Cleanup
[2022-06-13T02:44:30.116+0000][1][safepoint    ] Leaving safepoint region
[2022-06-13T02:44:30.117+0000][1][safepoint    ] Total time for which application threads were stopped: 0.0005967 seconds, Stopping threads took: 0.0002114 seconds
[2022-06-13T02:44:31.117+0000][1][safepoint    ] Application time: 1.0001859 seconds
[2022-06-13T02:44:31.118+0000][1][safepoint    ] Entering safepoint region: Cleanup
[2022-06-13T02:44:31.118+0000][1][safepoint    ] Leaving safepoint region
[2022-06-13T02:44:31.119+0000][1][safepoint    ] Total time for which application threads were stopped: 0.0008287 seconds, Stopping threads took: 0.0004837 seconds
[2022-06-13T02:44:32.120+0000][1][safepoint    ] Application time: 1.0002541 seconds
[2022-06-13T02:44:32.120+0000][1][safepoint    ] Entering safepoint region: Cleanup
[2022-06-13T02:44:32.120+0000][1][safepoint    ] Leaving safepoint region
[2022-06-13T02:44:32.120+0000][1][safepoint    ] Total time for which application threads were stopped: 0.0003886 seconds, Stopping threads took: 0.0001624 seconds
[2022-06-13T02:44:33.121+0000][1][safepoint    ] Application time: 1.0002765 seconds
[2022-06-13T02:44:33.121+0000][1][safepoint    ] Entering safepoint region: Cleanup
[2022-06-13T02:44:33.122+0000][1][safepoint    ] Leaving safepoint region
[2022-06-13T02:44:33.122+0000][1][safepoint    ] Total time for which application threads were stopped: 0.0010048 seconds, Stopping threads took: 0.0005400 seconds
[2022-06-13T02:44:34.123+0000][1][safepoint    ] Application time: 1.0002089 seconds
[2022-06-13T02:44:34.123+0000][1][safepoint    ] Entering safepoint region: Cleanup
[2022-06-13T02:44:34.124+0000][1][safepoint    ] Leaving safepoint region
[2022-06-13T02:44:34.124+0000][1][safepoint    ] Total time for which application threads were stopped: 0.0009989 seconds, Stopping threads took: 0.0004153 seconds
[2022-06-13T02:44:35.125+0000][1][safepoint    ] Application time: 1.0001226 seconds
[2022-06-13T02:44:35.126+0000][1][safepoint    ] Entering safepoint region: Cleanup
[2022-06-13T02:44:35.126+0000][1][safepoint    ] Leaving safepoint region
[2022-06-13T02:44:35.126+0000][1][safepoint    ] Total time for which application threads were stopped: 0.0009195 seconds, Stopping threads took: 0.0002748 seconds
[2022-06-13T02:44:36.127+0000][1][safepoint    ] Application time: 1.0001372 seconds
[2022-06-13T02:44:36.127+0000][1][safepoint    ] Entering safepoint region: Cleanup
[2022-06-13T02:44:36.128+0000][1][safepoint    ] Leaving safepoint region
[2022-06-13T02:44:36.128+0000][1][safepoint    ] Total time for which application threads were stopped: 0.0007766 seconds, Stopping threads took: 0.0004021 seconds
[2022-06-13T02:44:37.129+0000][1][safepoint    ] Application time: 1.0001117 seconds
[2022-06-13T02:44:37.129+0000][1][safepoint    ] Entering safepoint region: Cleanup
[2022-06-13T02:44:37.130+0000][1][safepoint    ] Leaving safepoint region
[2022-06-13T02:44:37.130+0000][1][safepoint    ] Total time for which application threads were stopped: 0.0008434 seconds, Stopping threads took: 0.0004318 seconds
[2022-06-13T02:44:38.130+0000][1][safepoint    ] Application time: 1.0001361 seconds
[2022-06-13T02:44:38.131+0000][1][safepoint    ] Entering safepoint region: Cleanup
[2022-06-13T02:44:38.131+0000][1][safepoint    ] Leaving safepoint region
[2022-06-13T02:44:38.132+0000][1][safepoint    ] Total time for which application threads were stopped: 0.0008287 seconds, Stopping threads took: 0.0003740 seconds
[2022-06-13T02:44:39.132+0000][1][safepoint    ] Application time: 1.0002328 seconds
[2022-06-13T02:44:39.133+0000][1][safepoint    ] Entering safepoint region: Cleanup
[2022-06-13T02:44:39.133+0000][1][safepoint    ] Leaving safepoint region
[2022-06-13T02:44:39.134+0000][1][safepoint    ] Total time for which application threads were stopped: 0.0008246 seconds, Stopping threads took: 0.0004425 seconds
[2022-06-13T02:44:40.134+0000][1][safepoint    ] Application time: 1.0001931 seconds
[2022-06-13T02:44:40.135+0000][1][safepoint    ] Entering safepoint region: Cleanup
[2022-06-13T02:44:40.136+0000][1][safepoint    ] Leaving safepoint region
[2022-06-13T02:44:40.136+0000][1][safepoint    ] Total time for which application threads were stopped: 0.0007508 seconds, Stopping threads took: 0.0003061 seconds
[2022-06-13T02:44:41.136+0000][1][safepoint    ] Application time: 1.0001419 seconds
[2022-06-13T02:44:41.137+0000][1][safepoint    ] Entering safepoint region: Cleanup
[2022-06-13T02:44:41.137+0000][1][safepoint    ] Leaving safepoint region
[2022-06-13T02:44:41.138+0000][1][safepoint    ] Total time for which application threads were stopped: 0.0007548 seconds, Stopping threads took: 0.0003731 seconds
[2022-06-13T02:44:42.138+0000][1][safepoint    ] Application time: 1.0001288 seconds
[2022-06-13T02:44:42.139+0000][1][safepoint    ] Entering safepoint region: Cleanup
[2022-06-13T02:44:42.139+0000][1][safepoint    ] Leaving safepoint region
[2022-06-13T02:44:42.140+0000][1][safepoint    ] Total time for which application threads were stopped: 0.0007485 seconds, Stopping threads took: 0.0002098 seconds
[2022-06-13T02:44:43.140+0000][1][safepoint    ] Application time: 1.0001210 seconds
[2022-06-13T02:44:43.141+0000][1][safepoint    ] Entering safepoint region: Cleanup
[2022-06-13T02:44:43.142+0000][1][safepoint    ] Leaving safepoint region
[2022-06-13T02:44:43.142+0000][1][safepoint    ] Total time for which application threads were stopped: 0.0013495 seconds, Stopping threads took: 0.0005544 seconds
[2022-06-13T02:44:44.143+0000][1][safepoint    ] Application time: 1.0002180 seconds
[2022-06-13T02:44:44.144+0000][1][safepoint    ] Entering safepoint region: Cleanup
[2022-06-13T02:44:44.144+0000][1][safepoint    ] Leaving safepoint region
[2022-06-13T02:44:44.144+0000][1][safepoint    ] Total time for which application threads were stopped: 0.0008197 seconds, Stopping threads took: 0.0004208 seconds
[2022-06-13T02:44:45.163+0000][1][safepoint    ] Application time: 1.0182198 seconds
[2022-06-13T02:44:45.164+0000][1][safepoint    ] Entering safepoint region: Cleanup
[2022-06-13T02:44:45.164+0000][1][safepoint    ] Leaving safepoint region
[2022-06-13T02:44:45.165+0000][1][safepoint    ] Total time for which application threads were stopped: 0.0009215 seconds, Stopping threads took: 0.0003799 seconds
[2022-06-13T02:44:46.165+0000][1][safepoint    ] Application time: 1.0001897 seconds
[2022-06-13T02:44:46.166+0000][1][safepoint    ] Entering safepoint region: Cleanup
[2022-06-13T02:44:46.166+0000][1][safepoint    ] Leaving safepoint region
[2022-06-13T02:44:46.167+0000][1][safepoint    ] Total time for which application threads were stopped: 0.0008371 seconds, Stopping threads took: 0.0004095 seconds
[2022-06-13T02:44:47.167+0000][1][safepoint    ] Application time: 1.0002528 seconds
[2022-06-13T02:44:47.168+0000][1][safepoint    ] Entering safepoint region: Cleanup
[2022-06-13T02:44:47.168+0000][1][safepoint    ] Leaving safepoint region
[2022-06-13T02:44:47.169+0000][1][safepoint    ] Total time for which application threads were stopped: 0.0011184 seconds, Stopping threads took: 0.0005867 seconds
[2022-06-13T02:44:48.169+0000][1][safepoint    ] Application time: 1.0001522 seconds
[2022-06-13T02:44:48.170+0000][1][safepoint    ] Entering safepoint region: Cleanup
[2022-06-13T02:44:48.170+0000][1][safepoint    ] Leaving safepoint region
[2022-06-13T02:44:48.171+0000][1][safepoint    ] Total time for which application threads were stopped: 0.0009116 seconds, Stopping threads took: 0.0004397 seconds
[2022-06-13T02:44:49.171+0000][1][safepoint    ] Application time: 1.0002409 seconds
[2022-06-13T02:44:49.172+0000][1][safepoint    ] Entering safepoint region: Cleanup
[2022-06-13T02:44:49.173+0000][1][safepoint    ] Leaving safepoint region
[2022-06-13T02:44:49.173+0000][1][safepoint    ] Total time for which application threads were stopped: 0.0013859 seconds, Stopping threads took: 0.0005981 seconds
[2022-06-13T02:44:50.174+0000][1][safepoint    ] Application time: 1.0002892 seconds
[2022-06-13T02:44:50.175+0000][1][safepoint    ] Entering safepoint region: Cleanup
[2022-06-13T02:44:50.175+0000][1][safepoint    ] Leaving safepoint region
[2022-06-13T02:44:50.176+0000][1][safepoint    ] Total time for which application threads were stopped: 0.0008554 seconds, Stopping threads took: 0.0003868 seconds
[2022-06-13T02:44:51.176+0000][1][safepoint    ] Application time: 1.0002100 seconds
[2022-06-13T02:44:51.177+0000][1][safepoint    ] Entering safepoint region: Cleanup
[2022-06-13T02:44:51.178+0000][1][safepoint    ] Leaving safepoint region
[2022-06-13T02:44:51.179+0000][1][safepoint    ] Total time for which application threads were stopped: 0.0014361 seconds, Stopping threads took: 0.0006726 seconds
[2022-06-13T02:44:52.180+0000][1][safepoint    ] Application time: 1.0002385 seconds
[2022-06-13T02:44:52.181+0000][1][safepoint    ] Entering safepoint region: Cleanup
[2022-06-13T02:44:52.181+0000][1][safepoint    ] Leaving safepoint region
[2022-06-13T02:44:52.182+0000][1][safepoint    ] Total time for which application threads were stopped: 0.0011691 seconds, Stopping threads took: 0.0006110 seconds
[2022-06-13T02:44:53.182+0000][1][safepoint    ] Application time: 1.0001661 seconds
[2022-06-13T02:44:53.183+0000][1][safepoint    ] Entering safepoint region: Cleanup
[2022-06-13T02:44:53.184+0000][1][safepoint    ] Leaving safepoint region
[2022-06-13T02:44:53.184+0000][1][safepoint    ] Total time for which application threads were stopped: 0.0010187 seconds, Stopping threads took: 0.0004538 seconds
[2022-06-13T02:44:54.185+0000][1][safepoint    ] Application time: 1.0002549 seconds
[2022-06-13T02:44:54.185+0000][1][safepoint    ] Entering safepoint region: Cleanup
[2022-06-13T02:44:54.185+0000][1][safepoint    ] Leaving safepoint region
[2022-06-13T02:44:54.186+0000][1][safepoint    ] Total time for which application threads were stopped: 0.0009109 seconds, Stopping threads took: 0.0003986 seconds
[2022-06-13T02:44:55.187+0000][1][safepoint    ] Application time: 1.0002578 seconds
[2022-06-13T02:44:55.187+0000][1][safepoint    ] Entering safepoint region: Cleanup
[2022-06-13T02:44:55.187+0000][1][safepoint    ] Leaving safepoint region
[2022-06-13T02:44:55.188+0000][1][safepoint    ] Total time for which application threads were stopped: 0.0006397 seconds, Stopping threads took: 0.0002969 seconds
[2022-06-13T02:44:56.188+0000][1][safepoint    ] Application time: 1.0002926 seconds
[2022-06-13T02:44:56.189+0000][1][safepoint    ] Entering safepoint region: Cleanup
[2022-06-13T02:44:56.190+0000][1][safepoint    ] Leaving safepoint region
[2022-06-13T02:44:56.190+0000][1][safepoint    ] Total time for which application threads were stopped: 0.0010035 seconds, Stopping threads took: 0.0004693 seconds
[2022-06-13T02:44:57.191+0000][1][safepoint    ] Application time: 1.0003448 seconds
[2022-06-13T02:44:57.192+0000][1][safepoint    ] Entering safepoint region: Cleanup
[2022-06-13T02:44:57.192+0000][1][safepoint    ] Leaving safepoint region
[2022-06-13T02:44:57.192+0000][1][safepoint    ] Total time for which application threads were stopped: 0.0008788 seconds, Stopping threads took: 0.0003876 seconds
[2022-06-13T02:44:58.193+0000][1][safepoint    ] Application time: 1.0002459 seconds
[2022-06-13T02:44:58.194+0000][1][safepoint    ] Entering safepoint region: Cleanup
[2022-06-13T02:44:58.194+0000][1][safepoint    ] Leaving safepoint region
[2022-06-13T02:44:58.194+0000][1][safepoint    ] Total time for which application threads were stopped: 0.0008884 seconds, Stopping threads took: 0.0004911 seconds
[2022-06-13T02:44:59.195+0000][1][safepoint    ] Application time: 1.0001944 seconds
[2022-06-13T02:44:59.196+0000][1][safepoint    ] Entering safepoint region: Cleanup
[2022-06-13T02:44:59.196+0000][1][safepoint    ] Leaving safepoint region
[2022-06-13T02:44:59.197+0000][1][safepoint    ] Total time for which application threads were stopped: 0.0009114 seconds, Stopping threads took: 0.0004242 seconds
[2022-06-13T02:45:00.197+0000][1][safepoint    ] Application time: 1.0002806 seconds
[2022-06-13T02:45:00.198+0000][1][safepoint    ] Entering safepoint region: Cleanup
[2022-06-13T02:45:00.198+0000][1][safepoint    ] Leaving safepoint region
[2022-06-13T02:45:00.199+0000][1][safepoint    ] Total time for which application threads were stopped: 0.0009205 seconds, Stopping threads took: 0.0004898 seconds
[2022-06-13T02:45:01.199+0000][1][safepoint    ] Application time: 1.0002927 seconds
[2022-06-13T02:45:01.200+0000][1][safepoint    ] Entering safepoint region: Cleanup
[2022-06-13T02:45:01.201+0000][1][safepoint    ] Leaving safepoint region
[2022-06-13T02:45:01.201+0000][1][safepoint    ] Total time for which application threads were stopped: 0.0012356 seconds, Stopping threads took: 0.0005393 seconds
[2022-06-13T02:45:02.202+0000][1][safepoint    ] Application time: 1.0002244 seconds
[2022-06-13T02:45:02.203+0000][1][safepoint    ] Entering safepoint region: Cleanup
[2022-06-13T02:45:02.203+0000][1][safepoint    ] Leaving safepoint region
[2022-06-13T02:45:02.204+0000][1][safepoint    ] Total time for which application threads were stopped: 0.0009072 seconds, Stopping threads took: 0.0004072 seconds
[2022-06-13T02:45:03.204+0000][1][safepoint    ] Application time: 1.0002681 seconds
[2022-06-13T02:45:03.205+0000][1][safepoint    ] Entering safepoint region: Cleanup
[2022-06-13T02:45:03.206+0000][1][safepoint    ] Leaving safepoint region
[2022-06-13T02:45:03.207+0000][1][safepoint    ] Total time for which application threads were stopped: 0.0015129 seconds, Stopping threads took: 0.0006772 seconds
[2022-06-13T02:45:04.208+0000][1][safepoint    ] Application time: 1.0001383 seconds
[2022-06-13T02:45:04.208+0000][1][safepoint    ] Entering safepoint region: Cleanup
[2022-06-13T02:45:04.208+0000][1][safepoint    ] Leaving safepoint region
[2022-06-13T02:45:04.209+0000][1][safepoint    ] Total time for which application threads were stopped: 0.0006641 seconds, Stopping threads took: 0.0003286 seconds
[2022-06-13T02:45:05.209+0000][1][safepoint    ] Application time: 1.0001809 seconds
[2022-06-13T02:45:05.209+0000][1][safepoint    ] Entering safepoint region: Cleanup
[2022-06-13T02:45:05.210+0000][1][safepoint    ] Leaving safepoint region
[2022-06-13T02:45:05.210+0000][1][safepoint    ] Total time for which application threads were stopped: 0.0006809 seconds, Stopping threads took: 0.0003138 seconds
[2022-06-13T02:45:06.211+0000][1][safepoint    ] Application time: 1.0003148 seconds
[2022-06-13T02:45:06.211+0000][1][safepoint    ] Entering safepoint region: Cleanup
[2022-06-13T02:45:06.212+0000][1][safepoint    ] Leaving safepoint region
[2022-06-13T02:45:06.212+0000][1][safepoint    ] Total time for which application threads were stopped: 0.0009289 seconds, Stopping threads took: 0.0004004 seconds
[2022-06-13T02:45:07.213+0000][1][safepoint    ] Application time: 1.0002052 seconds
[2022-06-13T02:45:07.213+0000][1][safepoint    ] Entering safepoint region: Cleanup
[2022-06-13T02:45:07.214+0000][1][safepoint    ] Leaving safepoint region
[2022-06-13T02:45:07.214+0000][1][safepoint    ] Total time for which application threads were stopped: 0.0006625 seconds, Stopping threads took: 0.0004137 seconds
[2022-06-13T02:45:08.215+0000][1][safepoint    ] Application time: 1.0001542 seconds
[2022-06-13T02:45:08.215+0000][1][safepoint    ] Entering safepoint region: Cleanup
[2022-06-13T02:45:08.216+0000][1][safepoint    ] Leaving safepoint region
[2022-06-13T02:45:08.216+0000][1][safepoint    ] Total time for which application threads were stopped: 0.0009796 seconds, Stopping threads took: 0.0004553 seconds
[2022-06-13T02:45:09.217+0000][1][safepoint    ] Application time: 1.0001816 seconds
[2022-06-13T02:45:09.217+0000][1][safepoint    ] Entering safepoint region: Cleanup
[2022-06-13T02:45:09.218+0000][1][safepoint    ] Leaving safepoint region
[2022-06-13T02:45:09.218+0000][1][safepoint    ] Total time for which application threads were stopped: 0.0008224 seconds, Stopping threads took: 0.0004136 seconds
[2022-06-13T02:45:10.218+0000][1][safepoint    ] Application time: 1.0002061 seconds
[2022-06-13T02:45:10.219+0000][1][safepoint    ] Entering safepoint region: Cleanup
[2022-06-13T02:45:10.220+0000][1][safepoint    ] Leaving safepoint region
[2022-06-13T02:45:10.220+0000][1][safepoint    ] Total time for which application threads were stopped: 0.0013532 seconds, Stopping threads took: 0.0004966 seconds
[2022-06-13T02:45:11.221+0000][1][safepoint    ] Application time: 1.0001313 seconds
[2022-06-13T02:45:11.221+0000][1][safepoint    ] Entering safepoint region: Cleanup
[2022-06-13T02:45:11.222+0000][1][safepoint    ] Leaving safepoint region
[2022-06-13T02:45:11.222+0000][1][safepoint    ] Total time for which application threads were stopped: 0.0007942 seconds, Stopping threads took: 0.0003679 seconds
[2022-06-13T02:45:12.223+0000][1][safepoint    ] Application time: 1.0001480 seconds
[2022-06-13T02:45:12.224+0000][1][safepoint    ] Entering safepoint region: Cleanup
[2022-06-13T02:45:12.224+0000][1][safepoint    ] Leaving safepoint region
[2022-06-13T02:45:12.225+0000][1][safepoint    ] Total time for which application threads were stopped: 0.0010838 seconds, Stopping threads took: 0.0004780 seconds
[2022-06-13T02:45:14.143+0000][1][safepoint    ] Application time: 1.9182719 seconds
[2022-06-13T02:45:14.144+0000][1][safepoint    ] Entering safepoint region: Cleanup
[2022-06-13T02:45:14.144+0000][1][safepoint    ] Leaving safepoint region
[2022-06-13T02:45:14.144+0000][1][safepoint    ] Total time for which application threads were stopped: 0.0008308 seconds, Stopping threads took: 0.0003606 seconds
[2022-06-13T02:45:15.145+0000][1][safepoint    ] Application time: 1.0002152 seconds
[2022-06-13T02:45:15.146+0000][1][safepoint    ] Entering safepoint region: Cleanup
[2022-06-13T02:45:15.146+0000][1][safepoint    ] Leaving safepoint region
[2022-06-13T02:45:15.146+0000][1][safepoint    ] Total time for which application threads were stopped: 0.0006104 seconds, Stopping threads took: 0.0003372 seconds
[2022-06-13T02:45:16.147+0000][1][safepoint    ] Application time: 1.0004981 seconds
[2022-06-13T02:45:16.147+0000][1][safepoint    ] Entering safepoint region: Cleanup
[2022-06-13T02:45:16.148+0000][1][safepoint    ] Leaving safepoint region
[2022-06-13T02:45:16.148+0000][1][safepoint    ] Total time for which application threads were stopped: 0.0007802 seconds, Stopping threads took: 0.0003524 seconds
[2022-06-13T02:45:17.149+0000][1][safepoint    ] Application time: 1.0002420 seconds
[2022-06-13T02:45:17.149+0000][1][safepoint    ] Entering safepoint region: Cleanup
[2022-06-13T02:45:17.149+0000][1][safepoint    ] Leaving safepoint region
[2022-06-13T02:45:17.149+0000][1][safepoint    ] Total time for which application threads were stopped: 0.0003162 seconds, Stopping threads took: 0.0001393 seconds
[2022-06-13T02:45:18.150+0000][1][safepoint    ] Application time: 1.0001495 seconds
[2022-06-13T02:45:18.150+0000][1][safepoint    ] Entering safepoint region: Cleanup
[2022-06-13T02:45:18.150+0000][1][safepoint    ] Leaving safepoint region
[2022-06-13T02:45:18.151+0000][1][safepoint    ] Total time for which application threads were stopped: 0.0005648 seconds, Stopping threads took: 0.0002822 seconds
[2022-06-13T02:45:19.151+0000][1][safepoint    ] Application time: 1.0002263 seconds
[2022-06-13T02:45:19.152+0000][1][safepoint    ] Entering safepoint region: Cleanup
[2022-06-13T02:45:19.152+0000][1][safepoint    ] Leaving safepoint region
[2022-06-13T02:45:19.152+0000][1][safepoint    ] Total time for which application threads were stopped: 0.0007492 seconds, Stopping threads took: 0.0002850 seconds
[2022-06-13T02:45:20.153+0000][1][safepoint    ] Application time: 1.0002692 seconds
[2022-06-13T02:45:20.154+0000][1][safepoint    ] Entering safepoint region: Cleanup
[2022-06-13T02:45:20.155+0000][1][safepoint    ] Leaving safepoint region
[2022-06-13T02:45:20.155+0000][1][safepoint    ] Total time for which application threads were stopped: 0.0014593 seconds, Stopping threads took: 0.0007067 seconds
[2022-06-13T02:45:21.156+0000][1][safepoint    ] Application time: 1.0003898 seconds
[2022-06-13T02:45:21.157+0000][1][safepoint    ] Entering safepoint region: Cleanup
[2022-06-13T02:45:21.157+0000][1][safepoint    ] Leaving safepoint region
[2022-06-13T02:45:21.158+0000][1][safepoint    ] Total time for which application threads were stopped: 0.0011510 seconds, Stopping threads took: 0.0005413 seconds
[2022-06-13T02:45:22.159+0000][1][safepoint    ] Application time: 1.0001665 seconds
[2022-06-13T02:45:22.159+0000][1][safepoint    ] Entering safepoint region: Cleanup
[2022-06-13T02:45:22.159+0000][1][safepoint    ] Leaving safepoint region
[2022-06-13T02:45:22.160+0000][1][safepoint    ] Total time for which application threads were stopped: 0.0005988 seconds, Stopping threads took: 0.0003290 seconds
[2022-06-13T02:45:23.160+0000][1][safepoint    ] Application time: 1.0002076 seconds
[2022-06-13T02:45:23.161+0000][1][safepoint    ] Entering safepoint region: Cleanup
[2022-06-13T02:45:23.161+0000][1][safepoint    ] Leaving safepoint region
[2022-06-13T02:45:23.161+0000][1][safepoint    ] Total time for which application threads were stopped: 0.0007268 seconds, Stopping threads took: 0.0003280 seconds
[2022-06-13T02:45:24.162+0000][1][safepoint    ] Application time: 1.0002108 seconds
[2022-06-13T02:45:24.163+0000][1][safepoint    ] Entering safepoint region: Cleanup
[2022-06-13T02:45:24.163+0000][1][safepoint    ] Leaving safepoint region
[2022-06-13T02:45:24.163+0000][1][safepoint    ] Total time for which application threads were stopped: 0.0009472 seconds, Stopping threads took: 0.0003370 seconds
[2022-06-13T02:45:25.164+0000][1][safepoint    ] Application time: 1.0001182 seconds
[2022-06-13T02:45:25.164+0000][1][safepoint    ] Entering safepoint region: Cleanup
[2022-06-13T02:45:25.165+0000][1][safepoint    ] Leaving safepoint region
[2022-06-13T02:45:25.165+0000][1][safepoint    ] Total time for which application threads were stopped: 0.0005350 seconds, Stopping threads took: 0.0002456 seconds
[2022-06-13T02:45:26.165+0000][1][safepoint    ] Application time: 1.0002741 seconds
[2022-06-13T02:45:26.166+0000][1][safepoint    ] Entering safepoint region: Cleanup
[2022-06-13T02:45:26.166+0000][1][safepoint    ] Leaving safepoint region
[2022-06-13T02:45:26.167+0000][1][safepoint    ] Total time for which application threads were stopped: 0.0008422 seconds, Stopping threads took: 0.0003999 seconds
[2022-06-13T02:45:27.167+0000][1][safepoint    ] Application time: 1.0001312 seconds
[2022-06-13T02:45:27.168+0000][1][safepoint    ] Entering safepoint region: Cleanup
[2022-06-13T02:45:27.168+0000][1][safepoint    ] Leaving safepoint region
[2022-06-13T02:45:27.168+0000][1][safepoint    ] Total time for which application threads were stopped: 0.0007216 seconds, Stopping threads took: 0.0003354 seconds
[2022-06-13T02:45:28.169+0000][1][safepoint    ] Application time: 1.0001109 seconds
[2022-06-13T02:45:28.169+0000][1][safepoint    ] Entering safepoint region: Cleanup
[2022-06-13T02:45:28.169+0000][1][safepoint    ] Leaving safepoint region
[2022-06-13T02:45:28.170+0000][1][safepoint    ] Total time for which application threads were stopped: 0.0005630 seconds, Stopping threads took: 0.0002119 seconds
[2022-06-13T02:45:29.170+0000][1][safepoint    ] Application time: 1.0002623 seconds
[2022-06-13T02:45:29.171+0000][1][safepoint    ] Entering safepoint region: Cleanup
[2022-06-13T02:45:29.171+0000][1][safepoint    ] Leaving safepoint region
[2022-06-13T02:45:29.171+0000][1][safepoint    ] Total time for which application threads were stopped: 0.0006518 seconds, Stopping threads took: 0.0002976 seconds
[2022-06-13T02:45:30.172+0000][1][safepoint    ] Application time: 1.0001625 seconds
[2022-06-13T02:45:30.172+0000][1][safepoint    ] Entering safepoint region: Cleanup
[2022-06-13T02:45:30.173+0000][1][safepoint    ] Leaving safepoint region
[2022-06-13T02:45:30.173+0000][1][safepoint    ] Total time for which application threads were stopped: 0.0008194 seconds, Stopping threads took: 0.0003981 seconds
[2022-06-13T02:45:31.174+0000][1][safepoint    ] Application time: 1.0002665 seconds
[2022-06-13T02:45:31.174+0000][1][safepoint    ] Entering safepoint region: Cleanup
[2022-06-13T02:45:31.175+0000][1][safepoint    ] Leaving safepoint region
[2022-06-13T02:45:31.176+0000][1][safepoint    ] Total time for which application threads were stopped: 0.0014730 seconds, Stopping threads took: 0.0005282 seconds
[2022-06-13T02:45:32.177+0000][1][safepoint    ] Application time: 1.0003217 seconds
[2022-06-13T02:45:32.177+0000][1][safepoint    ] Entering safepoint region: Cleanup
[2022-06-13T02:45:32.178+0000][1][safepoint    ] Leaving safepoint region
[2022-06-13T02:45:32.178+0000][1][safepoint    ] Total time for which application threads were stopped: 0.0009126 seconds, Stopping threads took: 0.0003985 seconds
[2022-06-13T02:45:33.179+0000][1][safepoint    ] Application time: 1.0001338 seconds
[2022-06-13T02:45:33.179+0000][1][safepoint    ] Entering safepoint region: Cleanup
[2022-06-13T02:45:33.180+0000][1][safepoint    ] Leaving safepoint region
[2022-06-13T02:45:33.180+0000][1][safepoint    ] Total time for which application threads were stopped: 0.0007738 seconds, Stopping threads took: 0.0003781 seconds
[2022-06-13T02:45:34.181+0000][1][safepoint    ] Application time: 1.0001003 seconds
[2022-06-13T02:45:34.181+0000][1][safepoint    ] Entering safepoint region: Cleanup
[2022-06-13T02:45:34.181+0000][1][safepoint    ] Leaving safepoint region
[2022-06-13T02:45:34.181+0000][1][safepoint    ] Total time for which application threads were stopped: 0.0005072 seconds, Stopping threads took: 0.0002183 seconds
[2022-06-13T02:45:35.182+0000][1][safepoint    ] Application time: 1.0001679 seconds
[2022-06-13T02:45:35.182+0000][1][safepoint    ] Entering safepoint region: Cleanup
[2022-06-13T02:45:35.182+0000][1][safepoint    ] Leaving safepoint region
[2022-06-13T02:45:35.182+0000][1][safepoint    ] Total time for which application threads were stopped: 0.0005205 seconds, Stopping threads took: 0.0002144 seconds
[2022-06-13T02:45:36.183+0000][1][safepoint    ] Application time: 1.0002310 seconds
[2022-06-13T02:45:36.183+0000][1][safepoint    ] Entering safepoint region: Cleanup
[2022-06-13T02:45:36.184+0000][1][safepoint    ] Leaving safepoint region
[2022-06-13T02:45:36.184+0000][1][safepoint    ] Total time for which application threads were stopped: 0.0006341 seconds, Stopping threads took: 0.0002392 seconds
[2022-06-13T02:45:37.184+0000][1][safepoint    ] Application time: 1.0001785 seconds
[2022-06-13T02:45:37.185+0000][1][safepoint    ] Entering safepoint region: Cleanup
[2022-06-13T02:45:37.185+0000][1][safepoint    ] Leaving safepoint region
[2022-06-13T02:45:37.185+0000][1][safepoint    ] Total time for which application threads were stopped: 0.0005731 seconds, Stopping threads took: 0.0002363 seconds
[2022-06-13T02:45:38.186+0000][1][safepoint    ] Application time: 1.0002436 seconds
[2022-06-13T02:45:38.186+0000][1][safepoint    ] Entering safepoint region: Cleanup
[2022-06-13T02:45:38.187+0000][1][safepoint    ] Leaving safepoint region
[2022-06-13T02:45:38.187+0000][1][safepoint    ] Total time for which application threads were stopped: 0.0007081 seconds, Stopping threads took: 0.0002585 seconds
[2022-06-13T02:45:39.188+0000][1][safepoint    ] Application time: 1.0003328 seconds
[2022-06-13T02:45:39.188+0000][1][safepoint    ] Entering safepoint region: Cleanup
[2022-06-13T02:45:39.189+0000][1][safepoint    ] Leaving safepoint region
[2022-06-13T02:45:39.190+0000][1][safepoint    ] Total time for which application threads were stopped: 0.0012204 seconds, Stopping threads took: 0.0006035 seconds
[2022-06-13T02:45:40.190+0000][1][safepoint    ] Application time: 1.0003618 seconds
[2022-06-13T02:45:40.191+0000][1][safepoint    ] Entering safepoint region: Cleanup
[2022-06-13T02:45:40.192+0000][1][safepoint    ] Leaving safepoint region
[2022-06-13T02:45:40.192+0000][1][safepoint    ] Total time for which application threads were stopped: 0.0009216 seconds, Stopping threads took: 0.0004349 seconds
[2022-06-13T02:45:41.193+0000][1][safepoint    ] Application time: 1.0001621 seconds
[2022-06-13T02:45:41.193+0000][1][safepoint    ] Entering safepoint region: Cleanup
[2022-06-13T02:45:41.194+0000][1][safepoint    ] Leaving safepoint region
[2022-06-13T02:45:41.194+0000][1][safepoint    ] Total time for which application threads were stopped: 0.0006653 seconds, Stopping threads took: 0.0003581 seconds
[2022-06-13T02:45:42.194+0000][1][safepoint    ] Application time: 1.0001283 seconds
[2022-06-13T02:45:42.195+0000][1][safepoint    ] Entering safepoint region: Cleanup
[2022-06-13T02:45:42.195+0000][1][safepoint    ] Leaving safepoint region
[2022-06-13T02:45:42.195+0000][1][safepoint    ] Total time for which application threads were stopped: 0.0002364 seconds, Stopping threads took: 0.0000966 seconds
[2022-06-13T02:45:43.195+0000][1][safepoint    ] Application time: 1.0001853 seconds
[2022-06-13T02:45:43.196+0000][1][safepoint    ] Entering safepoint region: Cleanup
[2022-06-13T02:45:43.196+0000][1][safepoint    ] Leaving safepoint region
[2022-06-13T02:45:43.196+0000][1][safepoint    ] Total time for which application threads were stopped: 0.0006293 seconds, Stopping threads took: 0.0002927 seconds
[2022-06-13T02:45:44.197+0000][1][safepoint    ] Application time: 1.0002442 seconds
[2022-06-13T02:45:44.197+0000][1][safepoint    ] Entering safepoint region: Cleanup
[2022-06-13T02:45:44.198+0000][1][safepoint    ] Leaving safepoint region
[2022-06-13T02:45:44.198+0000][1][safepoint    ] Total time for which application threads were stopped: 0.0009229 seconds, Stopping threads took: 0.0004680 seconds
[2022-06-13T02:45:45.199+0000][1][safepoint    ] Application time: 1.0001535 seconds
[2022-06-13T02:45:45.199+0000][1][safepoint    ] Entering safepoint region: Cleanup
[2022-06-13T02:45:45.200+0000][1][safepoint    ] Leaving safepoint region
[2022-06-13T02:45:45.200+0000][1][safepoint    ] Total time for which application threads were stopped: 0.0010001 seconds, Stopping threads took: 0.0005784 seconds
[2022-06-13T02:45:46.201+0000][1][safepoint    ] Application time: 1.0002040 seconds
[2022-06-13T02:45:46.201+0000][1][safepoint    ] Entering safepoint region: Cleanup
[2022-06-13T02:45:46.201+0000][1][safepoint    ] Leaving safepoint region
[2022-06-13T02:45:46.201+0000][1][safepoint    ] Total time for which application threads were stopped: 0.0003694 seconds, Stopping threads took: 0.0001500 seconds
[2022-06-13T02:45:47.202+0000][1][safepoint    ] Application time: 1.0002310 seconds
[2022-06-13T02:45:47.202+0000][1][safepoint    ] Entering safepoint region: Cleanup
[2022-06-13T02:45:47.202+0000][1][safepoint    ] Leaving safepoint region
[2022-06-13T02:45:47.203+0000][1][safepoint    ] Total time for which application threads were stopped: 0.0006240 seconds, Stopping threads took: 0.0003537 seconds
[2022-06-13T02:45:48.203+0000][1][safepoint    ] Application time: 1.0002151 seconds
[2022-06-13T02:45:48.204+0000][1][safepoint    ] Entering safepoint region: Cleanup
[2022-06-13T02:45:48.204+0000][1][safepoint    ] Leaving safepoint region
[2022-06-13T02:45:48.205+0000][1][safepoint    ] Total time for which application threads were stopped: 0.0008170 seconds, Stopping threads took: 0.0003997 seconds
[2022-06-13T02:45:49.205+0000][1][safepoint    ] Application time: 1.0002202 seconds
[2022-06-13T02:45:49.206+0000][1][safepoint    ] Entering safepoint region: Cleanup
[2022-06-13T02:45:49.206+0000][1][safepoint    ] Leaving safepoint region
[2022-06-13T02:45:49.207+0000][1][safepoint    ] Total time for which application threads were stopped: 0.0011103 seconds, Stopping threads took: 0.0004973 seconds
[2022-06-13T02:45:50.207+0000][1][safepoint    ] Application time: 1.0001091 seconds
[2022-06-13T02:45:50.208+0000][1][safepoint    ] Entering safepoint region: Cleanup
[2022-06-13T02:45:50.208+0000][1][safepoint    ] Leaving safepoint region
[2022-06-13T02:45:50.209+0000][1][safepoint    ] Total time for which application threads were stopped: 0.0007857 seconds, Stopping threads took: 0.0003390 seconds
[2022-06-13T02:45:51.209+0000][1][safepoint    ] Application time: 1.0001707 seconds
[2022-06-13T02:45:51.210+0000][1][safepoint    ] Entering safepoint region: Cleanup
[2022-06-13T02:45:51.210+0000][1][safepoint    ] Leaving safepoint region
[2022-06-13T02:45:51.211+0000][1][safepoint    ] Total time for which application threads were stopped: 0.0008860 seconds, Stopping threads took: 0.0004303 seconds
[2022-06-13T02:45:52.211+0000][1][safepoint    ] Application time: 1.0002362 seconds
[2022-06-13T02:45:52.212+0000][1][safepoint    ] Entering safepoint region: Cleanup
[2022-06-13T02:45:52.212+0000][1][safepoint    ] Leaving safepoint region
[2022-06-13T02:45:52.213+0000][1][safepoint    ] Total time for which application threads were stopped: 0.0007126 seconds, Stopping threads took: 0.0002909 seconds
[2022-06-13T02:45:53.213+0000][1][safepoint    ] Application time: 1.0002524 seconds
[2022-06-13T02:45:53.214+0000][1][safepoint    ] Entering safepoint region: Cleanup
[2022-06-13T02:45:53.214+0000][1][safepoint    ] Leaving safepoint region
[2022-06-13T02:45:53.214+0000][1][safepoint    ] Total time for which application threads were stopped: 0.0006348 seconds, Stopping threads took: 0.0002937 seconds
[2022-06-13T02:45:54.814+0000][1][safepoint    ] Application time: 1.5998066 seconds
[2022-06-13T02:45:54.815+0000][1][safepoint    ] Entering safepoint region: Cleanup
[2022-06-13T02:45:54.815+0000][1][safepoint    ] Leaving safepoint region
[2022-06-13T02:45:54.815+0000][1][safepoint    ] Total time for which application threads were stopped: 0.0006009 seconds, Stopping threads took: 0.0002496 seconds
[2022-06-13T02:45:55.816+0000][1][safepoint    ] Application time: 1.0002622 seconds
[2022-06-13T02:45:55.816+0000][1][safepoint    ] Entering safepoint region: Cleanup
[2022-06-13T02:45:55.817+0000][1][safepoint    ] Leaving safepoint region
[2022-06-13T02:45:55.817+0000][1][safepoint    ] Total time for which application threads were stopped: 0.0009622 seconds, Stopping threads took: 0.0004756 seconds
[2022-06-13T02:45:56.818+0000][1][safepoint    ] Application time: 1.0002482 seconds
[2022-06-13T02:45:56.818+0000][1][safepoint    ] Entering safepoint region: Cleanup
[2022-06-13T02:45:56.818+0000][1][safepoint    ] Leaving safepoint region
[2022-06-13T02:45:56.819+0000][1][safepoint    ] Total time for which application threads were stopped: 0.0006677 seconds, Stopping threads took: 0.0003085 seconds
[2022-06-13T02:45:57.819+0000][1][safepoint    ] Application time: 1.0002102 seconds
[2022-06-13T02:45:57.820+0000][1][safepoint    ] Entering safepoint region: Cleanup
[2022-06-13T02:45:57.820+0000][1][safepoint    ] Leaving safepoint region
[2022-06-13T02:45:57.821+0000][1][safepoint    ] Total time for which application threads were stopped: 0.0010744 seconds, Stopping threads took: 0.0004493 seconds
[2022-06-13T02:45:58.821+0000][1][safepoint    ] Application time: 1.0001823 seconds
[2022-06-13T02:45:58.822+0000][1][safepoint    ] Entering safepoint region: Cleanup
[2022-06-13T02:45:58.823+0000][1][safepoint    ] Leaving safepoint region
[2022-06-13T02:45:58.823+0000][1][safepoint    ] Total time for which application threads were stopped: 0.0011276 seconds, Stopping threads took: 0.0005530 seconds
[2022-06-13T02:45:59.824+0000][1][safepoint    ] Application time: 1.0001709 seconds
[2022-06-13T02:45:59.824+0000][1][safepoint    ] Entering safepoint region: Cleanup
[2022-06-13T02:45:59.824+0000][1][safepoint    ] Leaving safepoint region
[2022-06-13T02:45:59.825+0000][1][safepoint    ] Total time for which application threads were stopped: 0.0007193 seconds, Stopping threads took: 0.0003091 seconds
[2022-06-13T02:46:00.825+0000][1][safepoint    ] Application time: 1.0003268 seconds
[2022-06-13T02:46:00.826+0000][1][safepoint    ] Entering safepoint region: Cleanup
[2022-06-13T02:46:00.826+0000][1][safepoint    ] Leaving safepoint region
[2022-06-13T02:46:00.827+0000][1][safepoint    ] Total time for which application threads were stopped: 0.0009070 seconds, Stopping threads took: 0.0003883 seconds
[2022-06-13T02:46:01.828+0000][1][safepoint    ] Application time: 1.0002941 seconds
[2022-06-13T02:46:01.828+0000][1][safepoint    ] Entering safepoint region: Cleanup
[2022-06-13T02:46:01.829+0000][1][safepoint    ] Leaving safepoint region
[2022-06-13T02:46:01.830+0000][1][safepoint    ] Total time for which application threads were stopped: 0.0013763 seconds, Stopping threads took: 0.0006728 seconds
[2022-06-13T02:46:02.830+0000][1][safepoint    ] Application time: 1.0002013 seconds
[2022-06-13T02:46:02.831+0000][1][safepoint    ] Entering safepoint region: Cleanup
[2022-06-13T02:46:02.832+0000][1][safepoint    ] Leaving safepoint region
[2022-06-13T02:46:02.832+0000][1][safepoint    ] Total time for which application threads were stopped: 0.0010887 seconds, Stopping threads took: 0.0004805 seconds
[2022-06-13T02:46:03.833+0000][1][safepoint    ] Application time: 1.0002317 seconds
[2022-06-13T02:46:03.833+0000][1][safepoint    ] Entering safepoint region: Cleanup
[2022-06-13T02:46:03.834+0000][1][safepoint    ] Leaving safepoint region
[2022-06-13T02:46:03.834+0000][1][safepoint    ] Total time for which application threads were stopped: 0.0008327 seconds, Stopping threads took: 0.0003956 seconds
[2022-06-13T02:46:04.835+0000][1][safepoint    ] Application time: 1.0002023 seconds
[2022-06-13T02:46:04.835+0000][1][safepoint    ] Entering safepoint region: Cleanup
[2022-06-13T02:46:04.836+0000][1][safepoint    ] Leaving safepoint region
[2022-06-13T02:46:04.836+0000][1][safepoint    ] Total time for which application threads were stopped: 0.0009058 seconds, Stopping threads took: 0.0004072 seconds
[2022-06-13T02:46:05.837+0000][1][safepoint    ] Application time: 1.0001733 seconds
[2022-06-13T02:46:05.837+0000][1][safepoint    ] Entering safepoint region: Cleanup
[2022-06-13T02:46:05.838+0000][1][safepoint    ] Leaving safepoint region
[2022-06-13T02:46:05.838+0000][1][safepoint    ] Total time for which application threads were stopped: 0.0004723 seconds, Stopping threads took: 0.0002273 seconds
[2022-06-13T02:46:06.838+0000][1][safepoint    ] Application time: 1.0001252 seconds
[2022-06-13T02:46:06.838+0000][1][safepoint    ] Entering safepoint region: Cleanup
[2022-06-13T02:46:06.839+0000][1][safepoint    ] Leaving safepoint region
[2022-06-13T02:46:06.839+0000][1][safepoint    ] Total time for which application threads were stopped: 0.0005631 seconds, Stopping threads took: 0.0002651 seconds
[2022-06-13T02:46:07.839+0000][1][safepoint    ] Application time: 1.0002482 seconds
[2022-06-13T02:46:07.840+0000][1][safepoint    ] Entering safepoint region: Cleanup
[2022-06-13T02:46:07.840+0000][1][safepoint    ] Leaving safepoint region
[2022-06-13T02:46:07.840+0000][1][safepoint    ] Total time for which application threads were stopped: 0.0007102 seconds, Stopping threads took: 0.0002678 seconds
[2022-06-13T02:46:08.841+0000][1][safepoint    ] Application time: 1.0001927 seconds
[2022-06-13T02:46:08.841+0000][1][safepoint    ] Entering safepoint region: Cleanup
[2022-06-13T02:46:08.841+0000][1][safepoint    ] Leaving safepoint region
[2022-06-13T02:46:08.842+0000][1][safepoint    ] Total time for which application threads were stopped: 0.0005637 seconds, Stopping threads took: 0.0002945 seconds
[2022-06-13T02:46:09.842+0000][1][safepoint    ] Application time: 1.0001262 seconds
[2022-06-13T02:46:09.842+0000][1][safepoint    ] Entering safepoint region: Cleanup
[2022-06-13T02:46:09.843+0000][1][safepoint    ] Leaving safepoint region
[2022-06-13T02:46:09.843+0000][1][safepoint    ] Total time for which application threads were stopped: 0.0006129 seconds, Stopping threads took: 0.0003033 seconds
[2022-06-13T02:46:10.843+0000][1][safepoint    ] Application time: 1.0001572 seconds
[2022-06-13T02:46:10.844+0000][1][safepoint    ] Entering safepoint region: Cleanup
[2022-06-13T02:46:10.844+0000][1][safepoint    ] Leaving safepoint region
[2022-06-13T02:46:10.844+0000][1][safepoint    ] Total time for which application threads were stopped: 0.0003796 seconds, Stopping threads took: 0.0001742 seconds
[2022-06-13T02:46:11.844+0000][1][safepoint    ] Application time: 1.0000993 seconds
[2022-06-13T02:46:11.844+0000][1][safepoint    ] Entering safepoint region: Cleanup
[2022-06-13T02:46:11.845+0000][1][safepoint    ] Leaving safepoint region
[2022-06-13T02:46:11.845+0000][1][safepoint    ] Total time for which application threads were stopped: 0.0004060 seconds, Stopping threads took: 0.0001707 seconds
[2022-06-13T02:46:12.845+0000][1][safepoint    ] Application time: 1.0001747 seconds
[2022-06-13T02:46:12.846+0000][1][safepoint    ] Entering safepoint region: Cleanup
[2022-06-13T02:46:12.846+0000][1][safepoint    ] Leaving safepoint region
[2022-06-13T02:46:12.847+0000][1][safepoint    ] Total time for which application threads were stopped: 0.0008974 seconds, Stopping threads took: 0.0004637 seconds
[2022-06-13T02:46:13.847+0000][1][safepoint    ] Application time: 1.0001862 seconds
[2022-06-13T02:46:13.847+0000][1][safepoint    ] Entering safepoint region: Cleanup
[2022-06-13T02:46:13.848+0000][1][safepoint    ] Leaving safepoint region
[2022-06-13T02:46:13.848+0000][1][safepoint    ] Total time for which application threads were stopped: 0.0003984 seconds, Stopping threads took: 0.0001660 seconds
[2022-06-13T02:46:14.168+0000][1][safepoint    ] Application time: 0.3195795 seconds
[2022-06-13T02:46:14.168+0000][1][safepoint    ] Entering safepoint region: GenCollectForAllocation
[2022-06-13T02:46:14.168+0000][1][gc,start     ] GC(27) Pause Young (Allocation Failure)
[2022-06-13T02:46:14.169+0000][1][gc,task      ] GC(27) Using 5 workers of 13 for evacuation
[2022-06-13T02:46:14.171+0000][1][gc,age       ] GC(27) Desired survivor size 4456448 bytes, new threshold 6 (max threshold 6)
[2022-06-13T02:46:14.171+0000][1][gc,age       ] GC(27) Age table with threshold 6 (max threshold 6)
[2022-06-13T02:46:14.172+0000][1][gc,age       ] GC(27) - age   1:      30424 bytes,      30424 total
[2022-06-13T02:46:14.172+0000][1][gc,age       ] GC(27) - age   2:      14920 bytes,      45344 total
[2022-06-13T02:46:14.172+0000][1][gc,age       ] GC(27) - age   3:      14600 bytes,      59944 total
[2022-06-13T02:46:14.172+0000][1][gc,age       ] GC(27) - age   4:      30704 bytes,      90648 total
[2022-06-13T02:46:14.172+0000][1][gc,age       ] GC(27) - age   5:      65560 bytes,     156208 total
[2022-06-13T02:46:14.172+0000][1][gc,age       ] GC(27) - age   6:     912928 bytes,    1069136 total
[2022-06-13T02:46:14.172+0000][1][gc,heap      ] GC(27) ParNew: 71472K->1618K(78656K)
[2022-06-13T02:46:14.172+0000][1][gc,heap      ] GC(27) CMS: 67823K->67823K(174784K)
[2022-06-13T02:46:14.173+0000][1][gc,metaspace ] GC(27) Metaspace: 65280K->65280K(1110016K)
[2022-06-13T02:46:14.173+0000][1][gc           ] GC(27) Pause Young (Allocation Failure) 136M->67M(247M) 4.406ms
[2022-06-13T02:46:14.173+0000][1][gc,cpu       ] GC(27) User=0.00s Sys=0.00s Real=0.01s
[2022-06-13T02:46:14.173+0000][1][safepoint    ] Leaving safepoint region
[2022-06-13T02:46:14.173+0000][1][safepoint    ] Total time for which application threads were stopped: 0.0054122 seconds, Stopping threads took: 0.0003119 seconds
[2022-06-13T02:46:15.174+0000][1][safepoint    ] Application time: 1.0003616 seconds
[2022-06-13T02:46:15.174+0000][1][safepoint    ] Entering safepoint region: Cleanup
[2022-06-13T02:46:15.175+0000][1][safepoint    ] Leaving safepoint region
[2022-06-13T02:46:15.175+0000][1][safepoint    ] Total time for which application threads were stopped: 0.0007957 seconds, Stopping threads took: 0.0004269 seconds
[2022-06-13T02:46:16.176+0000][1][safepoint    ] Application time: 1.0002207 seconds
[2022-06-13T02:46:16.176+0000][1][safepoint    ] Entering safepoint region: Cleanup
[2022-06-13T02:46:16.177+0000][1][safepoint    ] Leaving safepoint region
[2022-06-13T02:46:16.177+0000][1][safepoint    ] Total time for which application threads were stopped: 0.0006235 seconds, Stopping threads took: 0.0003118 seconds
[2022-06-13T02:46:17.177+0000][1][safepoint    ] Application time: 1.0001014 seconds
[2022-06-13T02:46:17.178+0000][1][safepoint    ] Entering safepoint region: Cleanup
[2022-06-13T02:46:17.178+0000][1][safepoint    ] Leaving safepoint region
[2022-06-13T02:46:17.178+0000][1][safepoint    ] Total time for which application threads were stopped: 0.0007662 seconds, Stopping threads took: 0.0002801 seconds
[2022-06-13T02:46:18.179+0000][1][safepoint    ] Application time: 1.0001854 seconds
[2022-06-13T02:46:18.180+0000][1][safepoint    ] Entering safepoint region: Cleanup
[2022-06-13T02:46:18.180+0000][1][safepoint    ] Leaving safepoint region
[2022-06-13T02:46:18.180+0000][1][safepoint    ] Total time for which application threads were stopped: 0.0004300 seconds, Stopping threads took: 0.0002595 seconds
[2022-06-13T02:46:19.180+0000][1][safepoint    ] Application time: 1.0001198 seconds
[2022-06-13T02:46:19.181+0000][1][safepoint    ] Entering safepoint region: Cleanup
[2022-06-13T02:46:19.181+0000][1][safepoint    ] Leaving safepoint region
[2022-06-13T02:46:19.181+0000][1][safepoint    ] Total time for which application threads were stopped: 0.0004759 seconds, Stopping threads took: 0.0001887 seconds
[2022-06-13T02:46:20.181+0000][1][safepoint    ] Application time: 1.0001241 seconds
[2022-06-13T02:46:20.182+0000][1][safepoint    ] Entering safepoint region: Cleanup
[2022-06-13T02:46:20.182+0000][1][safepoint    ] Leaving safepoint region
[2022-06-13T02:46:20.182+0000][1][safepoint    ] Total time for which application threads were stopped: 0.0004419 seconds, Stopping threads took: 0.0002450 seconds
[2022-06-13T02:46:21.183+0000][1][safepoint    ] Application time: 1.0001211 seconds
[2022-06-13T02:46:21.184+0000][1][safepoint    ] Entering safepoint region: Cleanup
[2022-06-13T02:46:21.184+0000][1][safepoint    ] Leaving safepoint region
[2022-06-13T02:46:21.184+0000][1][safepoint    ] Total time for which application threads were stopped: 0.0010261 seconds, Stopping threads took: 0.0006111 seconds
[2022-06-13T02:46:22.185+0000][1][safepoint    ] Application time: 1.0001448 seconds
[2022-06-13T02:46:22.185+0000][1][safepoint    ] Entering safepoint region: Cleanup
[2022-06-13T02:46:22.186+0000][1][safepoint    ] Leaving safepoint region
[2022-06-13T02:46:22.186+0000][1][safepoint    ] Total time for which application threads were stopped: 0.0005916 seconds, Stopping threads took: 0.0002666 seconds
[2022-06-13T02:46:23.186+0000][1][safepoint    ] Application time: 1.0003021 seconds
[2022-06-13T02:46:23.187+0000][1][safepoint    ] Entering safepoint region: Cleanup
[2022-06-13T02:46:23.188+0000][1][safepoint    ] Leaving safepoint region
[2022-06-13T02:46:23.188+0000][1][safepoint    ] Total time for which application threads were stopped: 0.0010709 seconds, Stopping threads took: 0.0005205 seconds
[2022-06-13T02:46:24.189+0000][1][safepoint    ] Application time: 1.0002444 seconds
[2022-06-13T02:46:24.189+0000][1][safepoint    ] Entering safepoint region: Cleanup
[2022-06-13T02:46:24.190+0000][1][safepoint    ] Leaving safepoint region
[2022-06-13T02:46:24.190+0000][1][safepoint    ] Total time for which application threads were stopped: 0.0005553 seconds, Stopping threads took: 0.0002792 seconds
[2022-06-13T02:46:25.190+0000][1][safepoint    ] Application time: 1.0001773 seconds
[2022-06-13T02:46:25.191+0000][1][safepoint    ] Entering safepoint region: Cleanup
[2022-06-13T02:46:25.191+0000][1][safepoint    ] Leaving safepoint region
[2022-06-13T02:46:25.192+0000][1][safepoint    ] Total time for which application threads were stopped: 0.0007593 seconds, Stopping threads took: 0.0003624 seconds
[2022-06-13T02:46:26.192+0000][1][safepoint    ] Application time: 1.0001813 seconds
[2022-06-13T02:46:26.193+0000][1][safepoint    ] Entering safepoint region: Cleanup
[2022-06-13T02:46:26.193+0000][1][safepoint    ] Leaving safepoint region
[2022-06-13T02:46:26.194+0000][1][safepoint    ] Total time for which application threads were stopped: 0.0006889 seconds, Stopping threads took: 0.0002548 seconds
[2022-06-13T02:46:27.194+0000][1][safepoint    ] Application time: 1.0001686 seconds
[2022-06-13T02:46:27.195+0000][1][safepoint    ] Entering safepoint region: Cleanup
[2022-06-13T02:46:27.195+0000][1][safepoint    ] Leaving safepoint region
[2022-06-13T02:46:27.195+0000][1][safepoint    ] Total time for which application threads were stopped: 0.0005655 seconds, Stopping threads took: 0.0002524 seconds
[2022-06-13T02:46:28.196+0000][1][safepoint    ] Application time: 1.0001717 seconds
[2022-06-13T02:46:28.196+0000][1][safepoint    ] Entering safepoint region: Cleanup
[2022-06-13T02:46:28.196+0000][1][safepoint    ] Leaving safepoint region
[2022-06-13T02:46:28.196+0000][1][safepoint    ] Total time for which application threads were stopped: 0.0004984 seconds, Stopping threads took: 0.0002278 seconds
[2022-06-13T02:46:29.197+0000][1][safepoint    ] Application time: 1.0001389 seconds
[2022-06-13T02:46:29.197+0000][1][safepoint    ] Entering safepoint region: Cleanup
[2022-06-13T02:46:29.198+0000][1][safepoint    ] Leaving safepoint region
[2022-06-13T02:46:29.198+0000][1][safepoint    ] Total time for which application threads were stopped: 0.0012708 seconds, Stopping threads took: 0.0003930 seconds
[2022-06-13T02:46:30.199+0000][1][safepoint    ] Application time: 1.0002070 seconds
[2022-06-13T02:46:30.199+0000][1][safepoint    ] Entering safepoint region: Cleanup
[2022-06-13T02:46:30.200+0000][1][safepoint    ] Leaving safepoint region
[2022-06-13T02:46:30.200+0000][1][safepoint    ] Total time for which application threads were stopped: 0.0007127 seconds, Stopping threads took: 0.0003441 seconds
[2022-06-13T02:46:31.201+0000][1][safepoint    ] Application time: 1.0001736 seconds
[2022-06-13T02:46:31.201+0000][1][safepoint    ] Entering safepoint region: Cleanup
[2022-06-13T02:46:31.201+0000][1][safepoint    ] Leaving safepoint region
[2022-06-13T02:46:31.202+0000][1][safepoint    ] Total time for which application threads were stopped: 0.0006442 seconds, Stopping threads took: 0.0002645 seconds
[2022-06-13T02:46:32.202+0000][1][safepoint    ] Application time: 1.0001667 seconds
[2022-06-13T02:46:32.202+0000][1][safepoint    ] Entering safepoint region: Cleanup
[2022-06-13T02:46:32.203+0000][1][safepoint    ] Leaving safepoint region
[2022-06-13T02:46:32.203+0000][1][safepoint    ] Total time for which application threads were stopped: 0.0007627 seconds, Stopping threads took: 0.0003550 seconds
[2022-06-13T02:46:33.204+0000][1][safepoint    ] Application time: 1.0001162 seconds
[2022-06-13T02:46:33.204+0000][1][safepoint    ] Entering safepoint region: Cleanup
[2022-06-13T02:46:33.205+0000][1][safepoint    ] Leaving safepoint region
[2022-06-13T02:46:33.205+0000][1][safepoint    ] Total time for which application threads were stopped: 0.0010545 seconds, Stopping threads took: 0.0004996 seconds
[2022-06-13T02:46:34.206+0000][1][safepoint    ] Application time: 1.0001130 seconds
[2022-06-13T02:46:34.206+0000][1][safepoint    ] Entering safepoint region: Cleanup
[2022-06-13T02:46:34.207+0000][1][safepoint    ] Leaving safepoint region
[2022-06-13T02:46:34.207+0000][1][safepoint    ] Total time for which application threads were stopped: 0.0006668 seconds, Stopping threads took: 0.0002884 seconds
[2022-06-13T02:46:35.207+0000][1][safepoint    ] Application time: 1.0002593 seconds
[2022-06-13T02:46:35.208+0000][1][safepoint    ] Entering safepoint region: Cleanup
[2022-06-13T02:46:35.208+0000][1][safepoint    ] Leaving safepoint region
[2022-06-13T02:46:35.209+0000][1][safepoint    ] Total time for which application threads were stopped: 0.0008278 seconds, Stopping threads took: 0.0003889 seconds
[2022-06-13T02:46:36.209+0000][1][safepoint    ] Application time: 1.0001392 seconds
[2022-06-13T02:46:36.210+0000][1][safepoint    ] Entering safepoint region: Cleanup
[2022-06-13T02:46:36.210+0000][1][safepoint    ] Leaving safepoint region
[2022-06-13T02:46:36.210+0000][1][safepoint    ] Total time for which application threads were stopped: 0.0007404 seconds, Stopping threads took: 0.0002829 seconds
[2022-06-13T02:46:37.211+0000][1][safepoint    ] Application time: 1.0002309 seconds
[2022-06-13T02:46:37.211+0000][1][safepoint    ] Entering safepoint region: Cleanup
[2022-06-13T02:46:37.212+0000][1][safepoint    ] Leaving safepoint region
[2022-06-13T02:46:37.212+0000][1][safepoint    ] Total time for which application threads were stopped: 0.0008468 seconds, Stopping threads took: 0.0003988 seconds
[2022-06-13T02:46:38.213+0000][1][safepoint    ] Application time: 1.0002002 seconds
[2022-06-13T02:46:38.214+0000][1][safepoint    ] Entering safepoint region: Cleanup
[2022-06-13T02:46:38.214+0000][1][safepoint    ] Leaving safepoint region
[2022-06-13T02:46:38.215+0000][1][safepoint    ] Total time for which application threads were stopped: 0.0013120 seconds, Stopping threads took: 0.0007040 seconds
[2022-06-13T02:46:39.216+0000][1][safepoint    ] Application time: 1.0002325 seconds
[2022-06-13T02:46:39.216+0000][1][safepoint    ] Entering safepoint region: Cleanup
[2022-06-13T02:46:39.217+0000][1][safepoint    ] Leaving safepoint region
[2022-06-13T02:46:39.218+0000][1][safepoint    ] Total time for which application threads were stopped: 0.0014692 seconds, Stopping threads took: 0.0007030 seconds
[2022-06-13T02:46:40.219+0000][1][safepoint    ] Application time: 1.0001578 seconds
[2022-06-13T02:46:40.219+0000][1][safepoint    ] Entering safepoint region: Cleanup
[2022-06-13T02:46:40.219+0000][1][safepoint    ] Leaving safepoint region
[2022-06-13T02:46:40.219+0000][1][safepoint    ] Total time for which application threads were stopped: 0.0004789 seconds, Stopping threads took: 0.0002668 seconds
[2022-06-13T02:46:41.220+0000][1][safepoint    ] Application time: 1.0002473 seconds
[2022-06-13T02:46:41.220+0000][1][safepoint    ] Entering safepoint region: Cleanup
[2022-06-13T02:46:41.221+0000][1][safepoint    ] Leaving safepoint region
[2022-06-13T02:46:41.221+0000][1][safepoint    ] Total time for which application threads were stopped: 0.0009079 seconds, Stopping threads took: 0.0004134 seconds
[2022-06-13T02:46:43.189+0000][1][safepoint    ] Application time: 1.9667131 seconds
[2022-06-13T02:46:43.189+0000][1][safepoint    ] Entering safepoint region: Cleanup
[2022-06-13T02:46:43.189+0000][1][safepoint    ] Leaving safepoint region
[2022-06-13T02:46:43.189+0000][1][safepoint    ] Total time for which application threads were stopped: 0.0003959 seconds, Stopping threads took: 0.0002129 seconds
[2022-06-13T02:46:44.190+0000][1][safepoint    ] Application time: 1.0001102 seconds
[2022-06-13T02:46:44.190+0000][1][safepoint    ] Entering safepoint region: Cleanup
[2022-06-13T02:46:44.190+0000][1][safepoint    ] Leaving safepoint region
[2022-06-13T02:46:44.190+0000][1][safepoint    ] Total time for which application threads were stopped: 0.0003946 seconds, Stopping threads took: 0.0001708 seconds
[2022-06-13T02:46:45.190+0000][1][safepoint    ] Application time: 1.0001069 seconds
[2022-06-13T02:46:45.191+0000][1][safepoint    ] Entering safepoint region: Cleanup
[2022-06-13T02:46:45.191+0000][1][safepoint    ] Leaving safepoint region
[2022-06-13T02:46:45.192+0000][1][safepoint    ] Total time for which application threads were stopped: 0.0009103 seconds, Stopping threads took: 0.0004465 seconds
[2022-06-13T02:46:46.192+0000][1][safepoint    ] Application time: 1.0001814 seconds
[2022-06-13T02:46:46.193+0000][1][safepoint    ] Entering safepoint region: Cleanup
[2022-06-13T02:46:46.193+0000][1][safepoint    ] Leaving safepoint region
[2022-06-13T02:46:46.194+0000][1][safepoint    ] Total time for which application threads were stopped: 0.0008791 seconds, Stopping threads took: 0.0004108 seconds
[2022-06-13T02:46:47.195+0000][1][safepoint    ] Application time: 1.0005457 seconds
[2022-06-13T02:46:47.195+0000][1][safepoint    ] Entering safepoint region: Cleanup
[2022-06-13T02:46:47.196+0000][1][safepoint    ] Leaving safepoint region
[2022-06-13T02:46:47.196+0000][1][safepoint    ] Total time for which application threads were stopped: 0.0010863 seconds, Stopping threads took: 0.0004133 seconds
[2022-06-13T02:46:48.197+0000][1][safepoint    ] Application time: 1.0002156 seconds
[2022-06-13T02:46:48.197+0000][1][safepoint    ] Entering safepoint region: Cleanup
[2022-06-13T02:46:48.198+0000][1][safepoint    ] Leaving safepoint region
[2022-06-13T02:46:48.198+0000][1][safepoint    ] Total time for which application threads were stopped: 0.0006193 seconds, Stopping threads took: 0.0003042 seconds
[2022-06-13T02:46:49.198+0000][1][safepoint    ] Application time: 1.0001401 seconds
[2022-06-13T02:46:49.199+0000][1][safepoint    ] Entering safepoint region: Cleanup
[2022-06-13T02:46:49.199+0000][1][safepoint    ] Leaving safepoint region
[2022-06-13T02:46:49.200+0000][1][safepoint    ] Total time for which application threads were stopped: 0.0008533 seconds, Stopping threads took: 0.0004927 seconds
[2022-06-13T02:46:50.200+0000][1][safepoint    ] Application time: 1.0001313 seconds
[2022-06-13T02:46:50.200+0000][1][safepoint    ] Entering safepoint region: Cleanup
[2022-06-13T02:46:50.201+0000][1][safepoint    ] Leaving safepoint region
[2022-06-13T02:46:50.201+0000][1][safepoint    ] Total time for which application threads were stopped: 0.0006382 seconds, Stopping threads took: 0.0003907 seconds
[2022-06-13T02:46:51.201+0000][1][safepoint    ] Application time: 1.0001189 seconds
[2022-06-13T02:46:51.202+0000][1][safepoint    ] Entering safepoint region: Cleanup
[2022-06-13T02:46:51.202+0000][1][safepoint    ] Leaving safepoint region
[2022-06-13T02:46:51.202+0000][1][safepoint    ] Total time for which application threads were stopped: 0.0004420 seconds, Stopping threads took: 0.0001729 seconds
[2022-06-13T02:46:52.202+0000][1][safepoint    ] Application time: 1.0001054 seconds
[2022-06-13T02:46:52.203+0000][1][safepoint    ] Entering safepoint region: Cleanup
[2022-06-13T02:46:52.203+0000][1][safepoint    ] Leaving safepoint region
[2022-06-13T02:46:52.204+0000][1][safepoint    ] Total time for which application threads were stopped: 0.0007046 seconds, Stopping threads took: 0.0003214 seconds
[2022-06-13T02:46:53.204+0000][1][safepoint    ] Application time: 1.0001803 seconds
[2022-06-13T02:46:53.205+0000][1][safepoint    ] Entering safepoint region: Cleanup
[2022-06-13T02:46:53.205+0000][1][safepoint    ] Leaving safepoint region
[2022-06-13T02:46:53.205+0000][1][safepoint    ] Total time for which application threads were stopped: 0.0007160 seconds, Stopping threads took: 0.0003712 seconds
[2022-06-13T02:46:54.206+0000][1][safepoint    ] Application time: 1.0001331 seconds
[2022-06-13T02:46:54.206+0000][1][safepoint    ] Entering safepoint region: Cleanup
[2022-06-13T02:46:54.207+0000][1][safepoint    ] Leaving safepoint region
[2022-06-13T02:46:54.207+0000][1][safepoint    ] Total time for which application threads were stopped: 0.0010477 seconds, Stopping threads took: 0.0004988 seconds
[2022-06-13T02:46:55.208+0000][1][safepoint    ] Application time: 1.0002024 seconds
[2022-06-13T02:46:55.208+0000][1][safepoint    ] Entering safepoint region: Cleanup
[2022-06-13T02:46:55.209+0000][1][safepoint    ] Leaving safepoint region
[2022-06-13T02:46:55.209+0000][1][safepoint    ] Total time for which application threads were stopped: 0.0009725 seconds, Stopping threads took: 0.0005087 seconds
[2022-06-13T02:46:56.210+0000][1][safepoint    ] Application time: 1.0002630 seconds
[2022-06-13T02:46:56.211+0000][1][safepoint    ] Entering safepoint region: Cleanup
[2022-06-13T02:46:56.211+0000][1][safepoint    ] Leaving safepoint region
[2022-06-13T02:46:56.212+0000][1][safepoint    ] Total time for which application threads were stopped: 0.0009808 seconds, Stopping threads took: 0.0003849 seconds
[2022-06-13T02:46:57.212+0000][1][safepoint    ] Application time: 1.0002288 seconds
[2022-06-13T02:46:57.213+0000][1][safepoint    ] Entering safepoint region: Cleanup
[2022-06-13T02:46:57.214+0000][1][safepoint    ] Leaving safepoint region
[2022-06-13T02:46:57.215+0000][1][safepoint    ] Total time for which application threads were stopped: 0.0014667 seconds, Stopping threads took: 0.0008223 seconds
[2022-06-13T02:46:58.215+0000][1][safepoint    ] Application time: 1.0002381 seconds
[2022-06-13T02:46:58.216+0000][1][safepoint    ] Entering safepoint region: Cleanup
[2022-06-13T02:46:58.216+0000][1][safepoint    ] Leaving safepoint region
[2022-06-13T02:46:58.217+0000][1][safepoint    ] Total time for which application threads were stopped: 0.0008550 seconds, Stopping threads took: 0.0003999 seconds
[2022-06-13T02:46:59.217+0000][1][safepoint    ] Application time: 1.0001188 seconds
[2022-06-13T02:46:59.218+0000][1][safepoint    ] Entering safepoint region: Cleanup
[2022-06-13T02:46:59.218+0000][1][safepoint    ] Leaving safepoint region
[2022-06-13T02:46:59.218+0000][1][safepoint    ] Total time for which application threads were stopped: 0.0004380 seconds, Stopping threads took: 0.0001851 seconds
[2022-06-13T02:47:00.218+0000][1][safepoint    ] Application time: 1.0001811 seconds
[2022-06-13T02:47:00.219+0000][1][safepoint    ] Entering safepoint region: Cleanup
[2022-06-13T02:47:00.220+0000][1][safepoint    ] Leaving safepoint region
[2022-06-13T02:47:00.220+0000][1][safepoint    ] Total time for which application threads were stopped: 0.0010970 seconds, Stopping threads took: 0.0005887 seconds
[2022-06-13T02:47:01.221+0000][1][safepoint    ] Application time: 1.0001181 seconds
[2022-06-13T02:47:01.221+0000][1][safepoint    ] Entering safepoint region: Cleanup
[2022-06-13T02:47:01.222+0000][1][safepoint    ] Leaving safepoint region
[2022-06-13T02:47:01.222+0000][1][safepoint    ] Total time for which application threads were stopped: 0.0006974 seconds, Stopping threads took: 0.0003724 seconds
[2022-06-13T02:47:02.223+0000][1][safepoint    ] Application time: 1.0002391 seconds
[2022-06-13T02:47:02.223+0000][1][safepoint    ] Entering safepoint region: Cleanup
[2022-06-13T02:47:02.224+0000][1][safepoint    ] Leaving safepoint region
[2022-06-13T02:47:02.225+0000][1][safepoint    ] Total time for which application threads were stopped: 0.0014288 seconds, Stopping threads took: 0.0007054 seconds
[2022-06-13T02:47:03.226+0000][1][safepoint    ] Application time: 1.0003192 seconds
[2022-06-13T02:47:03.226+0000][1][safepoint    ] Entering safepoint region: Cleanup
[2022-06-13T02:47:03.227+0000][1][safepoint    ] Leaving safepoint region
[2022-06-13T02:47:03.227+0000][1][safepoint    ] Total time for which application threads were stopped: 0.0008321 seconds, Stopping threads took: 0.0004603 seconds
[2022-06-13T02:47:04.196+0000][1][safepoint    ] Application time: 0.9687528 seconds
[2022-06-13T02:47:04.197+0000][1][safepoint    ] Entering safepoint region: RevokeBias
[2022-06-13T02:47:04.197+0000][1][safepoint    ] Leaving safepoint region
[2022-06-13T02:47:04.197+0000][1][safepoint    ] Total time for which application threads were stopped: 0.0006325 seconds, Stopping threads took: 0.0002696 seconds
[2022-06-13T02:47:05.198+0000][1][safepoint    ] Application time: 1.0002491 seconds
[2022-06-13T02:47:05.198+0000][1][safepoint    ] Entering safepoint region: Cleanup
[2022-06-13T02:47:05.199+0000][1][safepoint    ] Leaving safepoint region
[2022-06-13T02:47:05.199+0000][1][safepoint    ] Total time for which application threads were stopped: 0.0007873 seconds, Stopping threads took: 0.0003747 seconds
[2022-06-13T02:47:06.200+0000][1][safepoint    ] Application time: 1.0001242 seconds
[2022-06-13T02:47:06.200+0000][1][safepoint    ] Entering safepoint region: Cleanup
[2022-06-13T02:47:06.201+0000][1][safepoint    ] Leaving safepoint region
[2022-06-13T02:47:06.201+0000][1][safepoint    ] Total time for which application threads were stopped: 0.0007335 seconds, Stopping threads took: 0.0003112 seconds
[2022-06-13T02:47:07.201+0000][1][safepoint    ] Application time: 1.0001491 seconds
[2022-06-13T02:47:07.202+0000][1][safepoint    ] Entering safepoint region: Cleanup
[2022-06-13T02:47:07.203+0000][1][safepoint    ] Leaving safepoint region
[2022-06-13T02:47:07.203+0000][1][safepoint    ] Total time for which application threads were stopped: 0.0011255 seconds, Stopping threads took: 0.0007180 seconds
[2022-06-13T02:47:08.204+0000][1][safepoint    ] Application time: 1.0001799 seconds
[2022-06-13T02:47:08.204+0000][1][safepoint    ] Entering safepoint region: Cleanup
[2022-06-13T02:47:08.204+0000][1][safepoint    ] Leaving safepoint region
[2022-06-13T02:47:08.205+0000][1][safepoint    ] Total time for which application threads were stopped: 0.0006528 seconds, Stopping threads took: 0.0002761 seconds
[2022-06-13T02:47:09.205+0000][1][safepoint    ] Application time: 1.0001237 seconds
[2022-06-13T02:47:09.205+0000][1][safepoint    ] Entering safepoint region: Cleanup
[2022-06-13T02:47:09.206+0000][1][safepoint    ] Leaving safepoint region
[2022-06-13T02:47:09.206+0000][1][safepoint    ] Total time for which application threads were stopped: 0.0006525 seconds, Stopping threads took: 0.0003243 seconds
[2022-06-13T02:47:10.206+0000][1][safepoint    ] Application time: 1.0002021 seconds
[2022-06-13T02:47:10.207+0000][1][safepoint    ] Entering safepoint region: Cleanup
[2022-06-13T02:47:10.207+0000][1][safepoint    ] Leaving safepoint region
[2022-06-13T02:47:10.208+0000][1][safepoint    ] Total time for which application threads were stopped: 0.0009202 seconds, Stopping threads took: 0.0003742 seconds
[2022-06-13T02:47:11.208+0000][1][safepoint    ] Application time: 1.0002801 seconds
[2022-06-13T02:47:11.209+0000][1][safepoint    ] Entering safepoint region: Cleanup
[2022-06-13T02:47:11.209+0000][1][safepoint    ] Leaving safepoint region
[2022-06-13T02:47:11.210+0000][1][safepoint    ] Total time for which application threads were stopped: 0.0008857 seconds, Stopping threads took: 0.0003976 seconds
[2022-06-13T02:47:12.210+0000][1][safepoint    ] Application time: 1.0001846 seconds
[2022-06-13T02:47:12.211+0000][1][safepoint    ] Entering safepoint region: Cleanup
[2022-06-13T02:47:12.211+0000][1][safepoint    ] Leaving safepoint region
[2022-06-13T02:47:12.212+0000][1][safepoint    ] Total time for which application threads were stopped: 0.0006988 seconds, Stopping threads took: 0.0004155 seconds
[2022-06-13T02:47:13.212+0000][1][safepoint    ] Application time: 1.0001522 seconds
[2022-06-13T02:47:13.213+0000][1][safepoint    ] Entering safepoint region: Cleanup
[2022-06-13T02:47:13.213+0000][1][safepoint    ] Leaving safepoint region
[2022-06-13T02:47:13.213+0000][1][safepoint    ] Total time for which application threads were stopped: 0.0006821 seconds, Stopping threads took: 0.0003719 seconds
[2022-06-13T02:47:14.214+0000][1][safepoint    ] Application time: 1.0001059 seconds
[2022-06-13T02:47:14.214+0000][1][safepoint    ] Entering safepoint region: Cleanup
[2022-06-13T02:47:14.214+0000][1][safepoint    ] Leaving safepoint region
[2022-06-13T02:47:14.214+0000][1][safepoint    ] Total time for which application threads were stopped: 0.0003402 seconds, Stopping threads took: 0.0001324 seconds
[2022-06-13T02:47:15.215+0000][1][safepoint    ] Application time: 1.0002292 seconds
[2022-06-13T02:47:15.215+0000][1][safepoint    ] Entering safepoint region: Cleanup
[2022-06-13T02:47:15.216+0000][1][safepoint    ] Leaving safepoint region
[2022-06-13T02:47:15.217+0000][1][safepoint    ] Total time for which application threads were stopped: 0.0011283 seconds, Stopping threads took: 0.0003729 seconds
[2022-06-13T02:47:16.217+0000][1][safepoint    ] Application time: 1.0002645 seconds
[2022-06-13T02:47:16.218+0000][1][safepoint    ] Entering safepoint region: Cleanup
[2022-06-13T02:47:16.219+0000][1][safepoint    ] Leaving safepoint region
[2022-06-13T02:47:16.219+0000][1][safepoint    ] Total time for which application threads were stopped: 0.0010052 seconds, Stopping threads took: 0.0005085 seconds
[2022-06-13T02:47:17.220+0000][1][safepoint    ] Application time: 1.0002293 seconds
[2022-06-13T02:47:17.220+0000][1][safepoint    ] Entering safepoint region: Cleanup
[2022-06-13T02:47:17.220+0000][1][safepoint    ] Leaving safepoint region
[2022-06-13T02:47:17.221+0000][1][safepoint    ] Total time for which application threads were stopped: 0.0005418 seconds, Stopping threads took: 0.0002885 seconds
[2022-06-13T02:47:18.221+0000][1][safepoint    ] Application time: 1.0001401 seconds
[2022-06-13T02:47:18.222+0000][1][safepoint    ] Entering safepoint region: Cleanup
[2022-06-13T02:47:18.222+0000][1][safepoint    ] Leaving safepoint region
[2022-06-13T02:47:18.223+0000][1][safepoint    ] Total time for which application threads were stopped: 0.0014677 seconds, Stopping threads took: 0.0007403 seconds
[2022-06-13T02:47:19.224+0000][1][safepoint    ] Application time: 1.0001767 seconds
[2022-06-13T02:47:19.225+0000][1][safepoint    ] Entering safepoint region: Cleanup
[2022-06-13T02:47:19.225+0000][1][safepoint    ] Leaving safepoint region
[2022-06-13T02:47:19.226+0000][1][safepoint    ] Total time for which application threads were stopped: 0.0011582 seconds, Stopping threads took: 0.0005980 seconds
[2022-06-13T02:47:20.226+0000][1][safepoint    ] Application time: 1.0001261 seconds
[2022-06-13T02:47:20.227+0000][1][safepoint    ] Entering safepoint region: Cleanup
[2022-06-13T02:47:20.227+0000][1][safepoint    ] Leaving safepoint region
[2022-06-13T02:47:20.227+0000][1][safepoint    ] Total time for which application threads were stopped: 0.0007778 seconds, Stopping threads took: 0.0003100 seconds
[2022-06-13T02:47:20.784+0000][1][safepoint    ] Application time: 0.5564274 seconds
[2022-06-13T02:47:20.785+0000][1][safepoint    ] Entering safepoint region: RevokeBias
[2022-06-13T02:47:20.785+0000][1][safepoint    ] Leaving safepoint region
[2022-06-13T02:47:20.785+0000][1][safepoint    ] Total time for which application threads were stopped: 0.0008564 seconds, Stopping threads took: 0.0003443 seconds
[2022-06-13T02:47:20.786+0000][1][safepoint    ] Application time: 0.0003805 seconds
[2022-06-13T02:47:20.787+0000][1][safepoint    ] Entering safepoint region: RevokeBias
[2022-06-13T02:47:20.787+0000][1][safepoint    ] Leaving safepoint region
[2022-06-13T02:47:20.787+0000][1][safepoint    ] Total time for which application threads were stopped: 0.0007294 seconds, Stopping threads took: 0.0001761 seconds
[2022-06-13T02:47:20.788+0000][1][safepoint    ] Application time: 0.0007947 seconds
[2022-06-13T02:47:20.789+0000][1][safepoint    ] Entering safepoint region: RevokeBias
[2022-06-13T02:47:20.789+0000][1][safepoint    ] Leaving safepoint region
[2022-06-13T02:47:20.789+0000][1][safepoint    ] Total time for which application threads were stopped: 0.0005389 seconds, Stopping threads took: 0.0003480 seconds
[2022-06-13T02:47:20.790+0000][1][safepoint    ] Application time: 0.0002696 seconds
[2022-06-13T02:47:20.790+0000][1][safepoint    ] Entering safepoint region: RevokeBias
[2022-06-13T02:47:20.790+0000][1][safepoint    ] Leaving safepoint region
[2022-06-13T02:47:20.790+0000][1][safepoint    ] Total time for which application threads were stopped: 0.0005810 seconds, Stopping threads took: 0.0003260 seconds
[2022-06-13T02:47:20.791+0000][1][safepoint    ] Application time: 0.0006379 seconds
[2022-06-13T02:47:20.792+0000][1][safepoint    ] Entering safepoint region: RevokeBias
[2022-06-13T02:47:20.792+0000][1][safepoint    ] Leaving safepoint region
[2022-06-13T02:47:20.792+0000][1][safepoint    ] Total time for which application threads were stopped: 0.0003418 seconds, Stopping threads took: 0.0001366 seconds
[2022-06-13T02:47:20.793+0000][1][safepoint    ] Application time: 0.0005706 seconds
[2022-06-13T02:47:20.793+0000][1][safepoint    ] Entering safepoint region: RevokeBias
[2022-06-13T02:47:20.793+0000][1][safepoint    ] Leaving safepoint region
[2022-06-13T02:47:20.793+0000][1][safepoint    ] Total time for which application threads were stopped: 0.0003535 seconds, Stopping threads took: 0.0001695 seconds
[2022-06-13T02:47:20.794+0000][1][safepoint    ] Application time: 0.0002801 seconds
[2022-06-13T02:47:20.794+0000][1][safepoint    ] Entering safepoint region: RevokeBias
[2022-06-13T02:47:20.794+0000][1][safepoint    ] Leaving safepoint region
[2022-06-13T02:47:20.794+0000][1][safepoint    ] Total time for which application threads were stopped: 0.0003999 seconds, Stopping threads took: 0.0001966 seconds
[2022-06-13T02:47:20.795+0000][1][safepoint    ] Application time: 0.0004627 seconds
[2022-06-13T02:47:20.795+0000][1][safepoint    ] Entering safepoint region: RevokeBias
[2022-06-13T02:47:20.795+0000][1][safepoint    ] Leaving safepoint region
[2022-06-13T02:47:20.796+0000][1][safepoint    ] Total time for which application threads were stopped: 0.0005467 seconds, Stopping threads took: 0.0001102 seconds
[2022-06-13T02:47:20.796+0000][1][safepoint    ] Application time: 0.0006695 seconds
[2022-06-13T02:47:20.797+0000][1][safepoint    ] Entering safepoint region: RevokeBias
[2022-06-13T02:47:20.797+0000][1][safepoint    ] Leaving safepoint region
[2022-06-13T02:47:20.797+0000][1][safepoint    ] Total time for which application threads were stopped: 0.0002543 seconds, Stopping threads took: 0.0001153 seconds
[2022-06-13T02:47:20.797+0000][1][safepoint    ] Application time: 0.0001148 seconds
[2022-06-13T02:47:20.797+0000][1][safepoint    ] Entering safepoint region: RevokeBias
[2022-06-13T02:47:20.797+0000][1][safepoint    ] Leaving safepoint region
[2022-06-13T02:47:20.797+0000][1][safepoint    ] Total time for which application threads were stopped: 0.0003166 seconds, Stopping threads took: 0.0001585 seconds
[2022-06-13T02:47:20.798+0000][1][safepoint    ] Application time: 0.0003434 seconds
[2022-06-13T02:47:20.798+0000][1][safepoint    ] Entering safepoint region: RevokeBias
[2022-06-13T02:47:20.798+0000][1][safepoint    ] Leaving safepoint region
[2022-06-13T02:47:20.798+0000][1][safepoint    ] Total time for which application threads were stopped: 0.0002857 seconds, Stopping threads took: 0.0001238 seconds
[2022-06-13T02:47:20.799+0000][1][safepoint    ] Application time: 0.0003367 seconds
[2022-06-13T02:47:20.799+0000][1][safepoint    ] Entering safepoint region: RevokeBias
[2022-06-13T02:47:20.799+0000][1][safepoint    ] Leaving safepoint region
[2022-06-13T02:47:20.799+0000][1][safepoint    ] Total time for which application threads were stopped: 0.0003564 seconds, Stopping threads took: 0.0001312 seconds
[2022-06-13T02:47:20.800+0000][1][safepoint    ] Application time: 0.0002848 seconds
[2022-06-13T02:47:20.800+0000][1][safepoint    ] Entering safepoint region: RevokeBias
[2022-06-13T02:47:20.800+0000][1][safepoint    ] Leaving safepoint region
[2022-06-13T02:47:20.800+0000][1][safepoint    ] Total time for which application threads were stopped: 0.0003779 seconds, Stopping threads took: 0.0001722 seconds
[2022-06-13T02:47:20.802+0000][1][safepoint    ] Application time: 0.0003695 seconds
[2022-06-13T02:47:20.802+0000][1][safepoint    ] Entering safepoint region: RevokeBias
[2022-06-13T02:47:20.802+0000][1][safepoint    ] Leaving safepoint region
[2022-06-13T02:47:20.802+0000][1][safepoint    ] Total time for which application threads were stopped: 0.0006594 seconds, Stopping threads took: 0.0002717 seconds
[2022-06-13T02:47:20.803+0000][1][safepoint    ] Application time: 0.0002338 seconds
[2022-06-13T02:47:20.803+0000][1][safepoint    ] Entering safepoint region: RevokeBias
[2022-06-13T02:47:20.803+0000][1][safepoint    ] Leaving safepoint region
[2022-06-13T02:47:20.803+0000][1][safepoint    ] Total time for which application threads were stopped: 0.0003348 seconds, Stopping threads took: 0.0001227 seconds
[2022-06-13T02:47:20.804+0000][1][safepoint    ] Application time: 0.0003524 seconds
[2022-06-13T02:47:20.804+0000][1][safepoint    ] Entering safepoint region: RevokeBias
[2022-06-13T02:47:20.805+0000][1][safepoint    ] Leaving safepoint region
[2022-06-13T02:47:20.805+0000][1][safepoint    ] Total time for which application threads were stopped: 0.0009678 seconds, Stopping threads took: 0.0004414 seconds
[2022-06-13T02:47:20.806+0000][1][safepoint    ] Application time: 0.0002095 seconds
[2022-06-13T02:47:20.806+0000][1][safepoint    ] Entering safepoint region: RevokeBias
[2022-06-13T02:47:20.806+0000][1][safepoint    ] Leaving safepoint region
[2022-06-13T02:47:20.807+0000][1][safepoint    ] Total time for which application threads were stopped: 0.0010736 seconds, Stopping threads took: 0.0003556 seconds
[2022-06-13T02:47:20.807+0000][1][safepoint    ] Application time: 0.0003577 seconds
[2022-06-13T02:47:20.807+0000][1][safepoint    ] Entering safepoint region: RevokeBias
[2022-06-13T02:47:20.808+0000][1][safepoint    ] Leaving safepoint region
[2022-06-13T02:47:20.808+0000][1][safepoint    ] Total time for which application threads were stopped: 0.0002966 seconds, Stopping threads took: 0.0001171 seconds
[2022-06-13T02:47:20.808+0000][1][safepoint    ] Application time: 0.0001046 seconds
[2022-06-13T02:47:20.808+0000][1][safepoint    ] Entering safepoint region: RevokeBias
[2022-06-13T02:47:20.809+0000][1][safepoint    ] Leaving safepoint region
[2022-06-13T02:47:20.809+0000][1][safepoint    ] Total time for which application threads were stopped: 0.0010211 seconds, Stopping threads took: 0.0004057 seconds
[2022-06-13T02:47:20.810+0000][1][safepoint    ] Application time: 0.0009147 seconds
[2022-06-13T02:47:20.811+0000][1][safepoint    ] Entering safepoint region: RevokeBias
[2022-06-13T02:47:20.811+0000][1][safepoint    ] Leaving safepoint region
[2022-06-13T02:47:20.811+0000][1][safepoint    ] Total time for which application threads were stopped: 0.0003031 seconds, Stopping threads took: 0.0001502 seconds
[2022-06-13T02:47:20.811+0000][1][safepoint    ] Application time: 0.0002076 seconds
[2022-06-13T02:47:20.811+0000][1][safepoint    ] Entering safepoint region: RevokeBias
[2022-06-13T02:47:20.811+0000][1][safepoint    ] Leaving safepoint region
[2022-06-13T02:47:20.812+0000][1][safepoint    ] Total time for which application threads were stopped: 0.0002687 seconds, Stopping threads took: 0.0001168 seconds
[2022-06-13T02:47:20.812+0000][1][safepoint    ] Application time: 0.0000817 seconds
[2022-06-13T02:47:20.812+0000][1][safepoint    ] Entering safepoint region: RevokeBias
[2022-06-13T02:47:20.812+0000][1][safepoint    ] Leaving safepoint region
[2022-06-13T02:47:20.812+0000][1][safepoint    ] Total time for which application threads were stopped: 0.0002450 seconds, Stopping threads took: 0.0001186 seconds
[2022-06-13T02:47:20.812+0000][1][safepoint    ] Application time: 0.0001116 seconds
[2022-06-13T02:47:20.812+0000][1][safepoint    ] Entering safepoint region: RevokeBias
[2022-06-13T02:47:20.813+0000][1][safepoint    ] Leaving safepoint region
[2022-06-13T02:47:20.813+0000][1][safepoint    ] Total time for which application threads were stopped: 0.0002813 seconds, Stopping threads took: 0.0001249 seconds
[2022-06-13T02:47:20.813+0000][1][safepoint    ] Application time: 0.0000813 seconds
[2022-06-13T02:47:20.813+0000][1][safepoint    ] Entering safepoint region: RevokeBias
[2022-06-13T02:47:20.813+0000][1][safepoint    ] Leaving safepoint region
[2022-06-13T02:47:20.814+0000][1][safepoint    ] Total time for which application threads were stopped: 0.0005586 seconds, Stopping threads took: 0.0002778 seconds
[2022-06-13T02:47:20.814+0000][1][safepoint    ] Application time: 0.0002431 seconds
[2022-06-13T02:47:20.814+0000][1][safepoint    ] Entering safepoint region: RevokeBias
[2022-06-13T02:47:20.815+0000][1][safepoint    ] Leaving safepoint region
[2022-06-13T02:47:20.815+0000][1][safepoint    ] Total time for which application threads were stopped: 0.0005163 seconds, Stopping threads took: 0.0001994 seconds
[2022-06-13T02:47:20.815+0000][1][safepoint    ] Application time: 0.0002889 seconds
[2022-06-13T02:47:20.815+0000][1][safepoint    ] Entering safepoint region: RevokeBias
[2022-06-13T02:47:20.816+0000][1][safepoint    ] Leaving safepoint region
[2022-06-13T02:47:20.816+0000][1][safepoint    ] Total time for which application threads were stopped: 0.0003889 seconds, Stopping threads took: 0.0001872 seconds
[2022-06-13T02:47:20.816+0000][1][safepoint    ] Application time: 0.0001376 seconds
[2022-06-13T02:47:20.817+0000][1][safepoint    ] Entering safepoint region: RevokeBias
[2022-06-13T02:47:20.817+0000][1][safepoint    ] Leaving safepoint region
[2022-06-13T02:47:20.817+0000][1][safepoint    ] Total time for which application threads were stopped: 0.0005406 seconds, Stopping threads took: 0.0002520 seconds
[2022-06-13T02:47:20.818+0000][1][safepoint    ] Application time: 0.0002550 seconds
[2022-06-13T02:47:20.818+0000][1][safepoint    ] Entering safepoint region: RevokeBias
[2022-06-13T02:47:20.818+0000][1][safepoint    ] Leaving safepoint region
[2022-06-13T02:47:20.818+0000][1][safepoint    ] Total time for which application threads were stopped: 0.0004534 seconds, Stopping threads took: 0.0001598 seconds
[2022-06-13T02:47:20.820+0000][1][safepoint    ] Application time: 0.0012427 seconds
[2022-06-13T02:47:20.820+0000][1][safepoint    ] Entering safepoint region: RevokeBias
[2022-06-13T02:47:20.820+0000][1][safepoint    ] Leaving safepoint region
[2022-06-13T02:47:20.820+0000][1][safepoint    ] Total time for which application threads were stopped: 0.0004975 seconds, Stopping threads took: 0.0002706 seconds
[2022-06-13T02:47:21.314+0000][1][safepoint    ] Application time: 0.4937508 seconds
[2022-06-13T02:47:21.315+0000][1][safepoint    ] Entering safepoint region: RevokeBias
[2022-06-13T02:47:21.315+0000][1][safepoint    ] Leaving safepoint region
[2022-06-13T02:47:21.316+0000][1][safepoint    ] Total time for which application threads were stopped: 0.0009526 seconds, Stopping threads took: 0.0004304 seconds
[2022-06-13T02:47:21.317+0000][1][safepoint    ] Application time: 0.0003860 seconds
[2022-06-13T02:47:21.317+0000][1][safepoint    ] Entering safepoint region: RevokeBias
[2022-06-13T02:47:21.317+0000][1][safepoint    ] Leaving safepoint region
[2022-06-13T02:47:21.318+0000][1][safepoint    ] Total time for which application threads were stopped: 0.0007088 seconds, Stopping threads took: 0.0003235 seconds
[2022-06-13T02:47:21.318+0000][1][safepoint    ] Application time: 0.0000431 seconds
[2022-06-13T02:47:21.318+0000][1][safepoint    ] Entering safepoint region: RevokeBias
[2022-06-13T02:47:21.319+0000][1][safepoint    ] Leaving safepoint region
[2022-06-13T02:47:21.319+0000][1][safepoint    ] Total time for which application threads were stopped: 0.0007943 seconds, Stopping threads took: 0.0003473 seconds
[2022-06-13T02:47:21.320+0000][1][safepoint    ] Application time: 0.0001418 seconds
[2022-06-13T02:47:21.320+0000][1][safepoint    ] Entering safepoint region: RevokeBias
[2022-06-13T02:47:21.321+0000][1][safepoint    ] Leaving safepoint region
[2022-06-13T02:47:21.321+0000][1][safepoint    ] Total time for which application threads were stopped: 0.0006003 seconds, Stopping threads took: 0.0003727 seconds
[2022-06-13T02:47:21.321+0000][1][safepoint    ] Application time: 0.0001747 seconds
[2022-06-13T02:47:21.321+0000][1][safepoint    ] Entering safepoint region: RevokeBias
[2022-06-13T02:47:21.322+0000][1][safepoint    ] Leaving safepoint region
[2022-06-13T02:47:21.322+0000][1][safepoint    ] Total time for which application threads were stopped: 0.0004216 seconds, Stopping threads took: 0.0002597 seconds
[2022-06-13T02:47:21.324+0000][1][safepoint    ] Application time: 0.0023991 seconds
[2022-06-13T02:47:21.325+0000][1][safepoint    ] Entering safepoint region: RevokeBias
[2022-06-13T02:47:21.325+0000][1][safepoint    ] Leaving safepoint region
[2022-06-13T02:47:21.326+0000][1][safepoint    ] Total time for which application threads were stopped: 0.0008602 seconds, Stopping threads took: 0.0005137 seconds
[2022-06-13T02:47:21.326+0000][1][safepoint    ] Application time: 0.0002285 seconds
[2022-06-13T02:47:21.327+0000][1][safepoint    ] Entering safepoint region: RevokeBias
[2022-06-13T02:47:21.327+0000][1][safepoint    ] Leaving safepoint region
[2022-06-13T02:47:21.327+0000][1][safepoint    ] Total time for which application threads were stopped: 0.0004659 seconds, Stopping threads took: 0.0001630 seconds
[2022-06-13T02:47:21.327+0000][1][safepoint    ] Application time: 0.0000879 seconds
[2022-06-13T02:47:21.327+0000][1][safepoint    ] Entering safepoint region: RevokeBias
[2022-06-13T02:47:21.328+0000][1][safepoint    ] Leaving safepoint region
[2022-06-13T02:47:21.328+0000][1][safepoint    ] Total time for which application threads were stopped: 0.0005272 seconds, Stopping threads took: 0.0001831 seconds
[2022-06-13T02:47:21.329+0000][1][safepoint    ] Application time: 0.0005765 seconds
[2022-06-13T02:47:21.329+0000][1][safepoint    ] Entering safepoint region: RevokeBias
[2022-06-13T02:47:21.330+0000][1][safepoint    ] Leaving safepoint region
[2022-06-13T02:47:21.330+0000][1][safepoint    ] Total time for which application threads were stopped: 0.0010493 seconds, Stopping threads took: 0.0006629 seconds
[2022-06-13T02:47:21.330+0000][1][safepoint    ] Application time: 0.0001035 seconds
[2022-06-13T02:47:21.331+0000][1][safepoint    ] Entering safepoint region: RevokeBias
[2022-06-13T02:47:21.331+0000][1][safepoint    ] Leaving safepoint region
[2022-06-13T02:47:21.331+0000][1][safepoint    ] Total time for which application threads were stopped: 0.0005612 seconds, Stopping threads took: 0.0002450 seconds
[2022-06-13T02:47:21.332+0000][1][safepoint    ] Application time: 0.0000921 seconds
[2022-06-13T02:47:21.332+0000][1][safepoint    ] Entering safepoint region: RevokeBias
[2022-06-13T02:47:21.332+0000][1][safepoint    ] Leaving safepoint region
[2022-06-13T02:47:21.332+0000][1][safepoint    ] Total time for which application threads were stopped: 0.0004638 seconds, Stopping threads took: 0.0002409 seconds
[2022-06-13T02:47:21.333+0000][1][safepoint    ] Application time: 0.0000793 seconds
[2022-06-13T02:47:21.333+0000][1][safepoint    ] Entering safepoint region: RevokeBias
[2022-06-13T02:47:21.333+0000][1][safepoint    ] Leaving safepoint region
[2022-06-13T02:47:21.334+0000][1][safepoint    ] Total time for which application threads were stopped: 0.0007327 seconds, Stopping threads took: 0.0004350 seconds
[2022-06-13T02:47:21.334+0000][1][safepoint    ] Application time: 0.0001022 seconds
[2022-06-13T02:47:21.334+0000][1][safepoint    ] Entering safepoint region: BulkRevokeBias
[2022-06-13T02:47:21.335+0000][1][safepoint    ] Leaving safepoint region
[2022-06-13T02:47:21.335+0000][1][safepoint    ] Total time for which application threads were stopped: 0.0007486 seconds, Stopping threads took: 0.0002850 seconds
[2022-06-13T02:47:21.336+0000][1][safepoint    ] Application time: 0.0002787 seconds
[2022-06-13T02:47:21.336+0000][1][safepoint    ] Entering safepoint region: RevokeBias
[2022-06-13T02:47:21.336+0000][1][safepoint    ] Leaving safepoint region
[2022-06-13T02:47:21.337+0000][1][safepoint    ] Total time for which application threads were stopped: 0.0006836 seconds, Stopping threads took: 0.0003441 seconds
[2022-06-13T02:47:21.339+0000][1][safepoint    ] Application time: 0.0018250 seconds
[2022-06-13T02:47:21.339+0000][1][safepoint    ] Entering safepoint region: RevokeBias
[2022-06-13T02:47:21.339+0000][1][safepoint    ] Leaving safepoint region
[2022-06-13T02:47:21.340+0000][1][safepoint    ] Total time for which application threads were stopped: 0.0006865 seconds, Stopping threads took: 0.0003961 seconds
[2022-06-13T02:47:21.345+0000][1][safepoint    ] Application time: 0.0045879 seconds
[2022-06-13T02:47:21.345+0000][1][safepoint    ] Entering safepoint region: RevokeBias
[2022-06-13T02:47:21.345+0000][1][safepoint    ] Leaving safepoint region
[2022-06-13T02:47:21.345+0000][1][safepoint    ] Total time for which application threads were stopped: 0.0004887 seconds, Stopping threads took: 0.0002180 seconds
[2022-06-13T02:47:21.346+0000][1][safepoint    ] Application time: 0.0002599 seconds
[2022-06-13T02:47:21.346+0000][1][safepoint    ] Entering safepoint region: RevokeBias
[2022-06-13T02:47:21.346+0000][1][safepoint    ] Leaving safepoint region
[2022-06-13T02:47:21.347+0000][1][safepoint    ] Total time for which application threads were stopped: 0.0005506 seconds, Stopping threads took: 0.0002722 seconds
[2022-06-13T02:47:21.347+0000][1][safepoint    ] Application time: 0.0001661 seconds
[2022-06-13T02:47:21.347+0000][1][safepoint    ] Entering safepoint region: RevokeBias
[2022-06-13T02:47:21.348+0000][1][safepoint    ] Leaving safepoint region
[2022-06-13T02:47:21.348+0000][1][safepoint    ] Total time for which application threads were stopped: 0.0004360 seconds, Stopping threads took: 0.0002464 seconds
[2022-06-13T02:47:21.348+0000][1][safepoint    ] Application time: 0.0004192 seconds
[2022-06-13T02:47:21.349+0000][1][safepoint    ] Entering safepoint region: RevokeBias
[2022-06-13T02:47:21.349+0000][1][safepoint    ] Leaving safepoint region
[2022-06-13T02:47:21.349+0000][1][safepoint    ] Total time for which application threads were stopped: 0.0003143 seconds, Stopping threads took: 0.0001630 seconds
[2022-06-13T02:47:21.350+0000][1][safepoint    ] Application time: 0.0006208 seconds
[2022-06-13T02:47:21.350+0000][1][safepoint    ] Entering safepoint region: RevokeBias
[2022-06-13T02:47:21.350+0000][1][safepoint    ] Leaving safepoint region
[2022-06-13T02:47:21.350+0000][1][safepoint    ] Total time for which application threads were stopped: 0.0003599 seconds, Stopping threads took: 0.0001794 seconds
[2022-06-13T02:47:21.351+0000][1][safepoint    ] Application time: 0.0002223 seconds
[2022-06-13T02:47:21.351+0000][1][safepoint    ] Entering safepoint region: RevokeBias
[2022-06-13T02:47:21.351+0000][1][safepoint    ] Leaving safepoint region
[2022-06-13T02:47:21.351+0000][1][safepoint    ] Total time for which application threads were stopped: 0.0004534 seconds, Stopping threads took: 0.0002360 seconds
[2022-06-13T02:47:21.353+0000][1][safepoint    ] Application time: 0.0013611 seconds
[2022-06-13T02:47:21.353+0000][1][safepoint    ] Entering safepoint region: RevokeBias
[2022-06-13T02:47:21.353+0000][1][safepoint    ] Leaving safepoint region
[2022-06-13T02:47:21.354+0000][1][safepoint    ] Total time for which application threads were stopped: 0.0003992 seconds, Stopping threads took: 0.0001932 seconds
[2022-06-13T02:47:21.354+0000][1][safepoint    ] Application time: 0.0002442 seconds
[2022-06-13T02:47:21.354+0000][1][safepoint    ] Entering safepoint region: RevokeBias
[2022-06-13T02:47:21.354+0000][1][safepoint    ] Leaving safepoint region
[2022-06-13T02:47:21.355+0000][1][safepoint    ] Total time for which application threads were stopped: 0.0003610 seconds, Stopping threads took: 0.0001653 seconds
[2022-06-13T02:47:21.355+0000][1][safepoint    ] Application time: 0.0001012 seconds
[2022-06-13T02:47:21.355+0000][1][safepoint    ] Entering safepoint region: RevokeBias
[2022-06-13T02:47:21.355+0000][1][safepoint    ] Leaving safepoint region
[2022-06-13T02:47:21.355+0000][1][safepoint    ] Total time for which application threads were stopped: 0.0002074 seconds, Stopping threads took: 0.0001023 seconds
[2022-06-13T02:47:21.356+0000][1][safepoint    ] Application time: 0.0003189 seconds
[2022-06-13T02:47:21.356+0000][1][safepoint    ] Entering safepoint region: RevokeBias
[2022-06-13T02:47:21.356+0000][1][safepoint    ] Leaving safepoint region
[2022-06-13T02:47:21.356+0000][1][safepoint    ] Total time for which application threads were stopped: 0.0002049 seconds, Stopping threads took: 0.0001152 seconds
[2022-06-13T02:47:21.357+0000][1][safepoint    ] Application time: 0.0013687 seconds
[2022-06-13T02:47:21.358+0000][1][safepoint    ] Entering safepoint region: RevokeBias
[2022-06-13T02:47:21.358+0000][1][safepoint    ] Leaving safepoint region
[2022-06-13T02:47:21.358+0000][1][safepoint    ] Total time for which application threads were stopped: 0.0004748 seconds, Stopping threads took: 0.0001880 seconds
[2022-06-13T02:47:21.359+0000][1][safepoint    ] Application time: 0.0003420 seconds
[2022-06-13T02:47:21.359+0000][1][safepoint    ] Entering safepoint region: RevokeBias
[2022-06-13T02:47:21.359+0000][1][safepoint    ] Leaving safepoint region
[2022-06-13T02:47:21.360+0000][1][safepoint    ] Total time for which application threads were stopped: 0.0005429 seconds, Stopping threads took: 0.0002892 seconds
[2022-06-13T02:47:21.362+0000][1][gc,heap,exit ] Heap
[2022-06-13T02:47:21.362+0000][1][gc,heap,exit ]  par new generation   total 78656K, used 37184K [0x00000000f0000000, 0x00000000f5550000, 0x00000000f5550000)
[2022-06-13T02:47:21.362+0000][1][gc,heap,exit ]   eden space 69952K,  50% used [0x00000000f0000000, 0x00000000f22bb978, 0x00000000f4450000)
[2022-06-13T02:47:21.363+0000][1][gc,heap,exit ]   from space 8704K,  18% used [0x00000000f4450000, 0x00000000f45e4a00, 0x00000000f4cd0000)
[2022-06-13T02:47:21.363+0000][1][gc,heap,exit ]   to   space 8704K,   0% used [0x00000000f4cd0000, 0x00000000f4cd0000, 0x00000000f5550000)
[2022-06-13T02:47:21.363+0000][1][gc,heap,exit ]  concurrent mark-sweep generation total 174784K, used 67823K [0x00000000f5550000, 0x0000000100000000, 0x0000000100000000)
[2022-06-13T02:47:21.363+0000][1][gc,heap,exit ]  Metaspace       used 65436K, capacity 70359K, committed 70576K, reserved 1110016K
[2022-06-13T02:47:21.364+0000][1][gc,heap,exit ]   class space    used 8766K, capacity 10839K, committed 10844K, reserved 1048576K
[2022-06-13T02:47:21.364+0000][1][safepoint    ] Application time: 0.0041579 seconds
[2022-06-13T02:47:21.364+0000][1][safepoint    ] Entering safepoint region: Exit
