[2022-06-13T02:10:41.670+0000][1][gc] Using Concurrent Mark Sweep
[2022-06-13T02:10:41.670+0000][1][gc,heap,coops] Heap address: 0x00000000f0000000, size: 256 MB, Compressed Oops mode: 32-bit
[2022-06-13T02:10:41.701+0000][1][safepoint    ] Entering safepoint region: EnableBiasedLocking
[2022-06-13T02:10:41.702+0000][1][safepoint    ] Leaving safepoint region
[2022-06-13T02:10:41.702+0000][1][safepoint    ] Total time for which application threads were stopped: 0.0004462 seconds, Stopping threads took: 0.0002644 seconds
[2022-06-13T02:10:41.704+0000][1][safepoint    ] Application time: 0.0017813 seconds
[2022-06-13T02:10:41.704+0000][1][safepoint    ] Entering safepoint region: RevokeBias
[2022-06-13T02:10:41.748+0000][1][safepoint    ] Leaving safepoint region
[2022-06-13T02:10:41.749+0000][1][safepoint    ] Total time for which application threads were stopped: 0.0444829 seconds, Stopping threads took: 0.0441903 seconds
[2022-06-13T02:10:41.757+0000][1][safepoint    ] Application time: 0.0086500 seconds
[2022-06-13T02:10:41.758+0000][1][safepoint    ] Entering safepoint region: Deoptimize
[2022-06-13T02:10:41.758+0000][1][safepoint    ] Leaving safepoint region
[2022-06-13T02:10:41.758+0000][1][safepoint    ] Total time for which application threads were stopped: 0.0003887 seconds, Stopping threads took: 0.0001844 seconds
[2022-06-13T02:10:41.847+0000][1][safepoint    ] Application time: 0.0890548 seconds
[2022-06-13T02:10:41.848+0000][1][safepoint    ] Entering safepoint region: Deoptimize
[2022-06-13T02:10:41.848+0000][1][safepoint    ] Leaving safepoint region
[2022-06-13T02:10:41.848+0000][1][safepoint    ] Total time for which application threads were stopped: 0.0004308 seconds, Stopping threads took: 0.0001879 seconds
[2022-06-13T02:10:42.125+0000][1][safepoint    ] Application time: 0.2764923 seconds
[2022-06-13T02:10:42.125+0000][1][safepoint    ] Entering safepoint region: Deoptimize
[2022-06-13T02:10:42.125+0000][1][safepoint    ] Leaving safepoint region
[2022-06-13T02:10:42.126+0000][1][safepoint    ] Total time for which application threads were stopped: 0.0005370 seconds, Stopping threads took: 0.0001947 seconds
[2022-06-13T02:10:42.139+0000][1][safepoint    ] Application time: 0.0130271 seconds
[2022-06-13T02:10:42.139+0000][1][safepoint    ] Entering safepoint region: Deoptimize
[2022-06-13T02:10:42.139+0000][1][safepoint    ] Leaving safepoint region
[2022-06-13T02:10:42.140+0000][1][safepoint    ] Total time for which application threads were stopped: 0.0004353 seconds, Stopping threads took: 0.0001637 seconds
[2022-06-13T02:10:42.177+0000][1][safepoint    ] Application time: 0.0373414 seconds
[2022-06-13T02:10:42.177+0000][1][safepoint    ] Entering safepoint region: Deoptimize
[2022-06-13T02:10:42.178+0000][1][safepoint    ] Leaving safepoint region
[2022-06-13T02:10:42.178+0000][1][safepoint    ] Total time for which application threads were stopped: 0.0006491 seconds, Stopping threads took: 0.0002258 seconds
[2022-06-13T02:10:42.203+0000][1][safepoint    ] Application time: 0.0249245 seconds
[2022-06-13T02:10:42.204+0000][1][safepoint    ] Entering safepoint region: Deoptimize
[2022-06-13T02:10:42.204+0000][1][safepoint    ] Leaving safepoint region
[2022-06-13T02:10:42.204+0000][1][safepoint    ] Total time for which application threads were stopped: 0.0004950 seconds, Stopping threads took: 0.0001839 seconds
[2022-06-13T02:10:42.484+0000][1][safepoint    ] Application time: 0.2795621 seconds
[2022-06-13T02:10:42.484+0000][1][safepoint    ] Entering safepoint region: Deoptimize
[2022-06-13T02:10:42.484+0000][1][safepoint    ] Leaving safepoint region
[2022-06-13T02:10:42.485+0000][1][safepoint    ] Total time for which application threads were stopped: 0.0006017 seconds, Stopping threads took: 0.0001880 seconds
[2022-06-13T02:10:42.691+0000][1][safepoint    ] Application time: 0.2066290 seconds
[2022-06-13T02:10:42.692+0000][1][safepoint    ] Entering safepoint region: RevokeBias
[2022-06-13T02:10:42.692+0000][1][safepoint    ] Leaving safepoint region
[2022-06-13T02:10:42.692+0000][1][safepoint    ] Total time for which application threads were stopped: 0.0004699 seconds, Stopping threads took: 0.0001828 seconds
[2022-06-13T02:10:42.777+0000][1][safepoint    ] Application time: 0.0850324 seconds
[2022-06-13T02:10:42.778+0000][1][safepoint    ] Entering safepoint region: Deoptimize
[2022-06-13T02:10:42.778+0000][1][safepoint    ] Leaving safepoint region
[2022-06-13T02:10:42.778+0000][1][safepoint    ] Total time for which application threads were stopped: 0.0005171 seconds, Stopping threads took: 0.0001852 seconds
[2022-06-13T02:10:42.874+0000][1][safepoint    ] Application time: 0.0955319 seconds
[2022-06-13T02:10:42.880+0000][1][safepoint    ] Entering safepoint region: Deoptimize
[2022-06-13T02:10:42.880+0000][1][safepoint    ] Leaving safepoint region
[2022-06-13T02:10:42.881+0000][1][safepoint    ] Total time for which application threads were stopped: 0.0009415 seconds, Stopping threads took: 0.0003783 seconds
[2022-06-13T02:10:42.889+0000][1][safepoint    ] Application time: 0.0086709 seconds
[2022-06-13T02:10:42.892+0000][1][safepoint    ] Entering safepoint region: Deoptimize
[2022-06-13T02:10:42.892+0000][1][safepoint    ] Leaving safepoint region
[2022-06-13T02:10:42.894+0000][1][safepoint    ] Total time for which application threads were stopped: 0.0019714 seconds, Stopping threads took: 0.0005251 seconds
[2022-06-13T02:10:42.922+0000][1][safepoint    ] Application time: 0.0283876 seconds
[2022-06-13T02:10:42.922+0000][1][safepoint    ] Entering safepoint region: Deoptimize
[2022-06-13T02:10:42.923+0000][1][safepoint    ] Leaving safepoint region
[2022-06-13T02:10:42.923+0000][1][safepoint    ] Total time for which application threads were stopped: 0.0009276 seconds, Stopping threads took: 0.0001966 seconds
[2022-06-13T02:10:42.932+0000][1][safepoint    ] Application time: 0.0080459 seconds
[2022-06-13T02:10:42.932+0000][1][safepoint    ] Entering safepoint region: RevokeBias
[2022-06-13T02:10:42.932+0000][1][safepoint    ] Leaving safepoint region
[2022-06-13T02:10:42.932+0000][1][safepoint    ] Total time for which application threads were stopped: 0.0004234 seconds, Stopping threads took: 0.0002268 seconds
[2022-06-13T02:10:42.933+0000][1][safepoint    ] Application time: 0.0002883 seconds
[2022-06-13T02:10:42.935+0000][1][safepoint    ] Entering safepoint region: RevokeBias
[2022-06-13T02:10:42.935+0000][1][safepoint    ] Leaving safepoint region
[2022-06-13T02:10:42.935+0000][1][safepoint    ] Total time for which application threads were stopped: 0.0024172 seconds, Stopping threads took: 0.0022088 seconds
[2022-06-13T02:10:42.936+0000][1][safepoint    ] Application time: 0.0001726 seconds
[2022-06-13T02:10:42.936+0000][1][safepoint    ] Entering safepoint region: RevokeBias
[2022-06-13T02:10:42.936+0000][1][safepoint    ] Leaving safepoint region
[2022-06-13T02:10:42.936+0000][1][safepoint    ] Total time for which application threads were stopped: 0.0003993 seconds, Stopping threads took: 0.0001810 seconds
[2022-06-13T02:10:42.937+0000][1][safepoint    ] Application time: 0.0001769 seconds
[2022-06-13T02:10:42.937+0000][1][safepoint    ] Entering safepoint region: RevokeBias
[2022-06-13T02:10:42.937+0000][1][safepoint    ] Leaving safepoint region
[2022-06-13T02:10:42.937+0000][1][safepoint    ] Total time for which application threads were stopped: 0.0003560 seconds, Stopping threads took: 0.0001880 seconds
[2022-06-13T02:10:42.938+0000][1][safepoint    ] Application time: 0.0002311 seconds
[2022-06-13T02:10:42.938+0000][1][safepoint    ] Entering safepoint region: RevokeBias
[2022-06-13T02:10:42.938+0000][1][safepoint    ] Leaving safepoint region
[2022-06-13T02:10:42.938+0000][1][safepoint    ] Total time for which application threads were stopped: 0.0003111 seconds, Stopping threads took: 0.0001644 seconds
[2022-06-13T02:10:42.944+0000][1][safepoint    ] Application time: 0.0057329 seconds
[2022-06-13T02:10:42.944+0000][1][safepoint    ] Entering safepoint region: Deoptimize
[2022-06-13T02:10:42.944+0000][1][safepoint    ] Leaving safepoint region
[2022-06-13T02:10:42.945+0000][1][safepoint    ] Total time for which application threads were stopped: 0.0004459 seconds, Stopping threads took: 0.0001178 seconds
[2022-06-13T02:10:42.971+0000][1][safepoint    ] Application time: 0.0265421 seconds
[2022-06-13T02:10:42.971+0000][1][safepoint    ] Entering safepoint region: RevokeBias
[2022-06-13T02:10:42.972+0000][1][safepoint    ] Leaving safepoint region
[2022-06-13T02:10:42.972+0000][1][safepoint    ] Total time for which application threads were stopped: 0.0003360 seconds, Stopping threads took: 0.0001711 seconds
[2022-06-13T02:10:42.998+0000][1][safepoint    ] Application time: 0.0260147 seconds
[2022-06-13T02:10:42.998+0000][1][safepoint    ] Entering safepoint region: GenCollectForAllocation
[2022-06-13T02:10:42.998+0000][1][gc,start     ] GC(0) Pause Young (Allocation Failure)
[2022-06-13T02:10:42.999+0000][1][gc,task      ] GC(0) Using 5 workers of 13 for evacuation
[2022-06-13T02:10:43.006+0000][1][gc,age       ] GC(0) Desired survivor size 4456448 bytes, new threshold 1 (max threshold 6)
[2022-06-13T02:10:43.006+0000][1][gc,age       ] GC(0) Age table with threshold 1 (max threshold 6)
[2022-06-13T02:10:43.006+0000][1][gc,age       ] GC(0) - age   1:    8116504 bytes,    8116504 total
[2022-06-13T02:10:43.007+0000][1][gc,heap      ] GC(0) ParNew: 69952K->8030K(78656K)
[2022-06-13T02:10:43.007+0000][1][gc,heap      ] GC(0) CMS: 0K->0K(174784K)
[2022-06-13T02:10:43.007+0000][1][gc,metaspace ] GC(0) Metaspace: 12370K->12370K(1060864K)
[2022-06-13T02:10:43.007+0000][1][gc           ] GC(0) Pause Young (Allocation Failure) 68M->7M(247M) 8.479ms
[2022-06-13T02:10:43.007+0000][1][gc,cpu       ] GC(0) User=0.02s Sys=0.01s Real=0.01s
[2022-06-13T02:10:43.007+0000][1][safepoint    ] Leaving safepoint region
[2022-06-13T02:10:43.007+0000][1][safepoint    ] Total time for which application threads were stopped: 0.0092464 seconds, Stopping threads took: 0.0002475 seconds
[2022-06-13T02:10:43.008+0000][1][safepoint    ] Application time: 0.0004754 seconds
[2022-06-13T02:10:43.009+0000][1][safepoint    ] Entering safepoint region: RevokeBias
[2022-06-13T02:10:43.009+0000][1][safepoint    ] Leaving safepoint region
[2022-06-13T02:10:43.009+0000][1][safepoint    ] Total time for which application threads were stopped: 0.0007785 seconds, Stopping threads took: 0.0005703 seconds
[2022-06-13T02:10:43.009+0000][1][safepoint    ] Application time: 0.0002809 seconds
[2022-06-13T02:10:43.010+0000][1][safepoint    ] Entering safepoint region: RevokeBias
[2022-06-13T02:10:43.010+0000][1][safepoint    ] Leaving safepoint region
[2022-06-13T02:10:43.010+0000][1][safepoint    ] Total time for which application threads were stopped: 0.0006387 seconds, Stopping threads took: 0.0001935 seconds
[2022-06-13T02:10:43.019+0000][1][safepoint    ] Application time: 0.0087263 seconds
[2022-06-13T02:10:43.019+0000][1][safepoint    ] Entering safepoint region: RevokeBias
[2022-06-13T02:10:43.020+0000][1][safepoint    ] Leaving safepoint region
[2022-06-13T02:10:43.020+0000][1][safepoint    ] Total time for which application threads were stopped: 0.0003945 seconds, Stopping threads took: 0.0001593 seconds
[2022-06-13T02:10:43.022+0000][1][safepoint    ] Application time: 0.0020345 seconds
[2022-06-13T02:10:43.022+0000][1][safepoint    ] Entering safepoint region: RevokeBias
[2022-06-13T02:10:43.022+0000][1][safepoint    ] Leaving safepoint region
[2022-06-13T02:10:43.023+0000][1][safepoint    ] Total time for which application threads were stopped: 0.0004080 seconds, Stopping threads took: 0.0001900 seconds
[2022-06-13T02:10:43.023+0000][1][safepoint    ] Application time: 0.0001346 seconds
[2022-06-13T02:10:43.023+0000][1][safepoint    ] Entering safepoint region: RevokeBias
[2022-06-13T02:10:43.023+0000][1][safepoint    ] Leaving safepoint region
[2022-06-13T02:10:43.023+0000][1][safepoint    ] Total time for which application threads were stopped: 0.0003490 seconds, Stopping threads took: 0.0001458 seconds
[2022-06-13T02:10:43.024+0000][1][safepoint    ] Application time: 0.0000262 seconds
[2022-06-13T02:10:43.026+0000][1][safepoint    ] Entering safepoint region: RevokeBias
[2022-06-13T02:10:43.027+0000][1][safepoint    ] Leaving safepoint region
[2022-06-13T02:10:43.027+0000][1][safepoint    ] Total time for which application threads were stopped: 0.0007061 seconds, Stopping threads took: 0.0004648 seconds
[2022-06-13T02:10:43.027+0000][1][safepoint    ] Application time: 0.0001106 seconds
[2022-06-13T02:10:43.028+0000][1][safepoint    ] Entering safepoint region: RevokeBias
[2022-06-13T02:10:43.028+0000][1][safepoint    ] Leaving safepoint region
[2022-06-13T02:10:43.028+0000][1][safepoint    ] Total time for which application threads were stopped: 0.0003976 seconds, Stopping threads took: 0.0001849 seconds
[2022-06-13T02:10:43.028+0000][1][safepoint    ] Application time: 0.0000660 seconds
[2022-06-13T02:10:43.029+0000][1][safepoint    ] Entering safepoint region: RevokeBias
[2022-06-13T02:10:43.029+0000][1][safepoint    ] Leaving safepoint region
[2022-06-13T02:10:43.029+0000][1][safepoint    ] Total time for which application threads were stopped: 0.0004336 seconds, Stopping threads took: 0.0002555 seconds
[2022-06-13T02:10:43.030+0000][1][safepoint    ] Application time: 0.0008475 seconds
[2022-06-13T02:10:43.030+0000][1][safepoint    ] Entering safepoint region: RevokeBias
[2022-06-13T02:10:43.030+0000][1][safepoint    ] Leaving safepoint region
[2022-06-13T02:10:43.031+0000][1][safepoint    ] Total time for which application threads were stopped: 0.0003994 seconds, Stopping threads took: 0.0002231 seconds
[2022-06-13T02:10:43.031+0000][1][safepoint    ] Application time: 0.0000904 seconds
[2022-06-13T02:10:43.031+0000][1][safepoint    ] Entering safepoint region: RevokeBias
[2022-06-13T02:10:43.031+0000][1][safepoint    ] Leaving safepoint region
[2022-06-13T02:10:43.032+0000][1][safepoint    ] Total time for which application threads were stopped: 0.0004968 seconds, Stopping threads took: 0.0002895 seconds
[2022-06-13T02:10:43.032+0000][1][safepoint    ] Application time: 0.0004286 seconds
[2022-06-13T02:10:43.032+0000][1][safepoint    ] Entering safepoint region: RevokeBias
[2022-06-13T02:10:43.033+0000][1][safepoint    ] Leaving safepoint region
[2022-06-13T02:10:43.033+0000][1][safepoint    ] Total time for which application threads were stopped: 0.0004282 seconds, Stopping threads took: 0.0002781 seconds
[2022-06-13T02:10:43.033+0000][1][safepoint    ] Application time: 0.0000787 seconds
[2022-06-13T02:10:43.033+0000][1][safepoint    ] Entering safepoint region: RevokeBias
[2022-06-13T02:10:43.033+0000][1][safepoint    ] Leaving safepoint region
[2022-06-13T02:10:43.033+0000][1][safepoint    ] Total time for which application threads were stopped: 0.0002979 seconds, Stopping threads took: 0.0001335 seconds
[2022-06-13T02:10:43.034+0000][1][safepoint    ] Application time: 0.0001845 seconds
[2022-06-13T02:10:43.034+0000][1][safepoint    ] Entering safepoint region: RevokeBias
[2022-06-13T02:10:43.034+0000][1][safepoint    ] Leaving safepoint region
[2022-06-13T02:10:43.034+0000][1][safepoint    ] Total time for which application threads were stopped: 0.0003701 seconds, Stopping threads took: 0.0002061 seconds
[2022-06-13T02:10:43.035+0000][1][safepoint    ] Application time: 0.0001913 seconds
[2022-06-13T02:10:43.035+0000][1][safepoint    ] Entering safepoint region: RevokeBias
[2022-06-13T02:10:43.035+0000][1][safepoint    ] Leaving safepoint region
[2022-06-13T02:10:43.035+0000][1][safepoint    ] Total time for which application threads were stopped: 0.0003653 seconds, Stopping threads took: 0.0001584 seconds
[2022-06-13T02:10:43.035+0000][1][safepoint    ] Application time: 0.0001068 seconds
[2022-06-13T02:10:43.036+0000][1][safepoint    ] Entering safepoint region: RevokeBias
[2022-06-13T02:10:43.036+0000][1][safepoint    ] Leaving safepoint region
[2022-06-13T02:10:43.036+0000][1][safepoint    ] Total time for which application threads were stopped: 0.0004119 seconds, Stopping threads took: 0.0002396 seconds
[2022-06-13T02:10:43.036+0000][1][safepoint    ] Application time: 0.0001053 seconds
[2022-06-13T02:10:43.036+0000][1][safepoint    ] Entering safepoint region: RevokeBias
[2022-06-13T02:10:43.037+0000][1][safepoint    ] Leaving safepoint region
[2022-06-13T02:10:43.037+0000][1][safepoint    ] Total time for which application threads were stopped: 0.0004505 seconds, Stopping threads took: 0.0002485 seconds
[2022-06-13T02:10:43.037+0000][1][safepoint    ] Application time: 0.0000763 seconds
[2022-06-13T02:10:43.037+0000][1][safepoint    ] Entering safepoint region: RevokeBias
[2022-06-13T02:10:43.037+0000][1][safepoint    ] Leaving safepoint region
[2022-06-13T02:10:43.038+0000][1][safepoint    ] Total time for which application threads were stopped: 0.0003932 seconds, Stopping threads took: 0.0001815 seconds
[2022-06-13T02:10:43.038+0000][1][safepoint    ] Application time: 0.0000823 seconds
[2022-06-13T02:10:43.038+0000][1][safepoint    ] Entering safepoint region: RevokeBias
[2022-06-13T02:10:43.038+0000][1][safepoint    ] Leaving safepoint region
[2022-06-13T02:10:43.038+0000][1][safepoint    ] Total time for which application threads were stopped: 0.0003696 seconds, Stopping threads took: 0.0001925 seconds
[2022-06-13T02:10:43.039+0000][1][safepoint    ] Application time: 0.0001137 seconds
[2022-06-13T02:10:43.039+0000][1][safepoint    ] Entering safepoint region: RevokeBias
[2022-06-13T02:10:43.039+0000][1][safepoint    ] Leaving safepoint region
[2022-06-13T02:10:43.039+0000][1][safepoint    ] Total time for which application threads were stopped: 0.0003278 seconds, Stopping threads took: 0.0001691 seconds
[2022-06-13T02:10:43.039+0000][1][safepoint    ] Application time: 0.0000737 seconds
[2022-06-13T02:10:43.040+0000][1][safepoint    ] Entering safepoint region: RevokeBias
[2022-06-13T02:10:43.040+0000][1][safepoint    ] Leaving safepoint region
[2022-06-13T02:10:43.040+0000][1][safepoint    ] Total time for which application threads were stopped: 0.0003493 seconds, Stopping threads took: 0.0001235 seconds
[2022-06-13T02:10:43.040+0000][1][safepoint    ] Application time: 0.0001104 seconds
[2022-06-13T02:10:43.040+0000][1][safepoint    ] Entering safepoint region: RevokeBias
[2022-06-13T02:10:43.041+0000][1][safepoint    ] Leaving safepoint region
[2022-06-13T02:10:43.041+0000][1][safepoint    ] Total time for which application threads were stopped: 0.0003979 seconds, Stopping threads took: 0.0002381 seconds
[2022-06-13T02:10:43.041+0000][1][safepoint    ] Application time: 0.0002769 seconds
[2022-06-13T02:10:43.041+0000][1][safepoint    ] Entering safepoint region: RevokeBias
[2022-06-13T02:10:43.042+0000][1][safepoint    ] Leaving safepoint region
[2022-06-13T02:10:43.042+0000][1][safepoint    ] Total time for which application threads were stopped: 0.0003415 seconds, Stopping threads took: 0.0001631 seconds
[2022-06-13T02:10:43.042+0000][1][safepoint    ] Application time: 0.0000901 seconds
[2022-06-13T02:10:43.042+0000][1][safepoint    ] Entering safepoint region: RevokeBias
[2022-06-13T02:10:43.042+0000][1][safepoint    ] Leaving safepoint region
[2022-06-13T02:10:43.042+0000][1][safepoint    ] Total time for which application threads were stopped: 0.0003726 seconds, Stopping threads took: 0.0001879 seconds
[2022-06-13T02:10:43.043+0000][1][safepoint    ] Application time: 0.0000203 seconds
[2022-06-13T02:10:43.043+0000][1][safepoint    ] Entering safepoint region: RevokeBias
[2022-06-13T02:10:43.043+0000][1][safepoint    ] Leaving safepoint region
[2022-06-13T02:10:43.043+0000][1][safepoint    ] Total time for which application threads were stopped: 0.0003536 seconds, Stopping threads took: 0.0002002 seconds
[2022-06-13T02:10:43.044+0000][1][safepoint    ] Application time: 0.0001150 seconds
[2022-06-13T02:10:43.044+0000][1][safepoint    ] Entering safepoint region: RevokeBias
[2022-06-13T02:10:43.044+0000][1][safepoint    ] Leaving safepoint region
[2022-06-13T02:10:43.044+0000][1][safepoint    ] Total time for which application threads were stopped: 0.0003386 seconds, Stopping threads took: 0.0001619 seconds
[2022-06-13T02:10:43.044+0000][1][safepoint    ] Application time: 0.0000447 seconds
[2022-06-13T02:10:43.044+0000][1][safepoint    ] Entering safepoint region: RevokeBias
[2022-06-13T02:10:43.045+0000][1][safepoint    ] Leaving safepoint region
[2022-06-13T02:10:43.045+0000][1][safepoint    ] Total time for which application threads were stopped: 0.0003338 seconds, Stopping threads took: 0.0001706 seconds
[2022-06-13T02:10:43.301+0000][1][safepoint    ] Application time: 0.2560446 seconds
[2022-06-13T02:10:43.301+0000][1][safepoint    ] Entering safepoint region: Deoptimize
[2022-06-13T02:10:43.302+0000][1][safepoint    ] Leaving safepoint region
[2022-06-13T02:10:43.302+0000][1][safepoint    ] Total time for which application threads were stopped: 0.0008710 seconds, Stopping threads took: 0.0001900 seconds
[2022-06-13T02:10:43.506+0000][1][safepoint    ] Application time: 0.2039745 seconds
[2022-06-13T02:10:43.507+0000][1][safepoint    ] Entering safepoint region: RevokeBias
[2022-06-13T02:10:43.507+0000][1][safepoint    ] Leaving safepoint region
[2022-06-13T02:10:43.507+0000][1][safepoint    ] Total time for which application threads were stopped: 0.0004327 seconds, Stopping threads took: 0.0001739 seconds
[2022-06-13T02:10:43.624+0000][1][safepoint    ] Application time: 0.1169655 seconds
[2022-06-13T02:10:43.624+0000][1][safepoint    ] Entering safepoint region: RevokeBias
[2022-06-13T02:10:43.629+0000][1][safepoint    ] Leaving safepoint region
[2022-06-13T02:10:43.629+0000][1][safepoint    ] Total time for which application threads were stopped: 0.0047732 seconds, Stopping threads took: 0.0042972 seconds
[2022-06-13T02:10:43.636+0000][1][safepoint    ] Application time: 0.0065581 seconds
[2022-06-13T02:10:43.641+0000][1][safepoint    ] Entering safepoint region: RevokeBias
[2022-06-13T02:10:43.642+0000][1][safepoint    ] Leaving safepoint region
[2022-06-13T02:10:43.643+0000][1][safepoint    ] Total time for which application threads were stopped: 0.0066376 seconds, Stopping threads took: 0.0054328 seconds
[2022-06-13T02:10:43.671+0000][1][safepoint    ] Application time: 0.0253674 seconds
[2022-06-13T02:10:43.672+0000][1][safepoint    ] Entering safepoint region: GenCollectForAllocation
[2022-06-13T02:10:43.672+0000][1][gc,start     ] GC(1) Pause Young (Allocation Failure)
[2022-06-13T02:10:43.672+0000][1][gc,task      ] GC(1) Using 5 workers of 13 for evacuation
[2022-06-13T02:10:43.699+0000][1][gc,age       ] GC(1) Desired survivor size 4456448 bytes, new threshold 6 (max threshold 6)
[2022-06-13T02:10:43.700+0000][1][gc,age       ] GC(1) Age table with threshold 6 (max threshold 6)
[2022-06-13T02:10:43.700+0000][1][gc,age       ] GC(1) - age   1:    1984496 bytes,    1984496 total
[2022-06-13T02:10:43.700+0000][1][gc,heap      ] GC(1) ParNew: 77982K->5357K(78656K)
[2022-06-13T02:10:43.701+0000][1][gc,heap      ] GC(1) CMS: 0K->6695K(174784K)
[2022-06-13T02:10:43.702+0000][1][gc,metaspace ] GC(1) Metaspace: 14913K->14913K(1062912K)
[2022-06-13T02:10:43.702+0000][1][gc           ] GC(1) Pause Young (Allocation Failure) 76M->11M(247M) 30.506ms
[2022-06-13T02:10:43.703+0000][1][gc,cpu       ] GC(1) User=0.11s Sys=0.00s Real=0.03s
[2022-06-13T02:10:43.703+0000][1][safepoint    ] Leaving safepoint region
[2022-06-13T02:10:43.703+0000][1][safepoint    ] Total time for which application threads were stopped: 0.0312176 seconds, Stopping threads took: 0.0001382 seconds
[2022-06-13T02:10:43.704+0000][1][safepoint    ] Application time: 0.0009849 seconds
[2022-06-13T02:10:43.704+0000][1][safepoint    ] Entering safepoint region: BulkRevokeBias
[2022-06-13T02:10:43.704+0000][1][safepoint    ] Leaving safepoint region
[2022-06-13T02:10:43.705+0000][1][safepoint    ] Total time for which application threads were stopped: 0.0003980 seconds, Stopping threads took: 0.0001812 seconds
[2022-06-13T02:10:43.709+0000][1][safepoint    ] Application time: 0.0045317 seconds
[2022-06-13T02:10:43.710+0000][1][safepoint    ] Entering safepoint region: RevokeBias
[2022-06-13T02:10:43.710+0000][1][safepoint    ] Leaving safepoint region
[2022-06-13T02:10:43.710+0000][1][safepoint    ] Total time for which application threads were stopped: 0.0003878 seconds, Stopping threads took: 0.0001996 seconds
[2022-06-13T02:10:43.711+0000][1][safepoint    ] Application time: 0.0002429 seconds
[2022-06-13T02:10:43.712+0000][1][safepoint    ] Entering safepoint region: RevokeBias
[2022-06-13T02:10:43.712+0000][1][safepoint    ] Leaving safepoint region
[2022-06-13T02:10:43.713+0000][1][safepoint    ] Total time for which application threads were stopped: 0.0010533 seconds, Stopping threads took: 0.0008096 seconds
[2022-06-13T02:10:43.713+0000][1][safepoint    ] Application time: 0.0004085 seconds
[2022-06-13T02:10:43.714+0000][1][safepoint    ] Entering safepoint region: RevokeBias
[2022-06-13T02:10:43.714+0000][1][safepoint    ] Leaving safepoint region
[2022-06-13T02:10:43.715+0000][1][safepoint    ] Total time for which application threads were stopped: 0.0011603 seconds, Stopping threads took: 0.0003529 seconds
[2022-06-13T02:10:43.716+0000][1][safepoint    ] Application time: 0.0000631 seconds
[2022-06-13T02:10:43.716+0000][1][safepoint    ] Entering safepoint region: RevokeBias
[2022-06-13T02:10:43.717+0000][1][safepoint    ] Leaving safepoint region
[2022-06-13T02:10:43.717+0000][1][safepoint    ] Total time for which application threads were stopped: 0.0006469 seconds, Stopping threads took: 0.0003457 seconds
[2022-06-13T02:10:43.717+0000][1][safepoint    ] Application time: 0.0000717 seconds
[2022-06-13T02:10:43.717+0000][1][safepoint    ] Entering safepoint region: RevokeBias
[2022-06-13T02:10:43.718+0000][1][safepoint    ] Leaving safepoint region
[2022-06-13T02:10:43.719+0000][1][safepoint    ] Total time for which application threads were stopped: 0.0018287 seconds, Stopping threads took: 0.0007184 seconds
[2022-06-13T02:10:43.721+0000][1][safepoint    ] Application time: 0.0000632 seconds
[2022-06-13T02:10:43.721+0000][1][safepoint    ] Entering safepoint region: RevokeBias
[2022-06-13T02:10:43.721+0000][1][safepoint    ] Leaving safepoint region
[2022-06-13T02:10:43.722+0000][1][safepoint    ] Total time for which application threads were stopped: 0.0005286 seconds, Stopping threads took: 0.0002862 seconds
[2022-06-13T02:10:43.722+0000][1][safepoint    ] Application time: 0.0001543 seconds
[2022-06-13T02:10:43.722+0000][1][safepoint    ] Entering safepoint region: RevokeBias
[2022-06-13T02:10:43.722+0000][1][safepoint    ] Leaving safepoint region
[2022-06-13T02:10:43.723+0000][1][safepoint    ] Total time for which application threads were stopped: 0.0004409 seconds, Stopping threads took: 0.0002304 seconds
[2022-06-13T02:10:43.723+0000][1][safepoint    ] Application time: 0.0001803 seconds
[2022-06-13T02:10:43.723+0000][1][safepoint    ] Entering safepoint region: RevokeBias
[2022-06-13T02:10:43.723+0000][1][safepoint    ] Leaving safepoint region
[2022-06-13T02:10:43.723+0000][1][safepoint    ] Total time for which application threads were stopped: 0.0003659 seconds, Stopping threads took: 0.0001740 seconds
[2022-06-13T02:10:43.724+0000][1][safepoint    ] Application time: 0.0004434 seconds
[2022-06-13T02:10:43.724+0000][1][safepoint    ] Entering safepoint region: RevokeBias
[2022-06-13T02:10:43.724+0000][1][safepoint    ] Leaving safepoint region
[2022-06-13T02:10:43.725+0000][1][safepoint    ] Total time for which application threads were stopped: 0.0004823 seconds, Stopping threads took: 0.0002537 seconds
[2022-06-13T02:10:43.726+0000][1][safepoint    ] Application time: 0.0008410 seconds
[2022-06-13T02:10:43.726+0000][1][safepoint    ] Entering safepoint region: RevokeBias
[2022-06-13T02:10:43.726+0000][1][safepoint    ] Leaving safepoint region
[2022-06-13T02:10:43.726+0000][1][safepoint    ] Total time for which application threads were stopped: 0.0003634 seconds, Stopping threads took: 0.0001492 seconds
[2022-06-13T02:10:43.726+0000][1][safepoint    ] Application time: 0.0001677 seconds
[2022-06-13T02:10:43.727+0000][1][safepoint    ] Entering safepoint region: BulkRevokeBias
[2022-06-13T02:10:43.728+0000][1][safepoint    ] Leaving safepoint region
[2022-06-13T02:10:43.728+0000][1][safepoint    ] Total time for which application threads were stopped: 0.0011078 seconds, Stopping threads took: 0.0008855 seconds
[2022-06-13T02:10:43.728+0000][1][safepoint    ] Application time: 0.0001027 seconds
[2022-06-13T02:10:43.728+0000][1][safepoint    ] Entering safepoint region: RevokeBias
[2022-06-13T02:10:43.729+0000][1][safepoint    ] Leaving safepoint region
[2022-06-13T02:10:43.730+0000][1][safepoint    ] Total time for which application threads were stopped: 0.0016761 seconds, Stopping threads took: 0.0006774 seconds
[2022-06-13T02:10:43.731+0000][1][safepoint    ] Application time: 0.0012669 seconds
[2022-06-13T02:10:43.732+0000][1][safepoint    ] Entering safepoint region: BulkRevokeBias
[2022-06-13T02:10:43.732+0000][1][safepoint    ] Leaving safepoint region
[2022-06-13T02:10:43.732+0000][1][safepoint    ] Total time for which application threads were stopped: 0.0004214 seconds, Stopping threads took: 0.0001734 seconds
[2022-06-13T02:10:43.855+0000][1][safepoint    ] Application time: 0.1228472 seconds
[2022-06-13T02:10:43.855+0000][1][safepoint    ] Entering safepoint region: GenCollectForAllocation
[2022-06-13T02:10:43.856+0000][1][gc,start     ] GC(2) Pause Young (Allocation Failure)
[2022-06-13T02:10:43.856+0000][1][gc,task      ] GC(2) Using 5 workers of 13 for evacuation
[2022-06-13T02:10:43.860+0000][1][gc,age       ] GC(2) Desired survivor size 4456448 bytes, new threshold 6 (max threshold 6)
[2022-06-13T02:10:43.860+0000][1][gc,age       ] GC(2) Age table with threshold 6 (max threshold 6)
[2022-06-13T02:10:43.860+0000][1][gc,age       ] GC(2) - age   1:    2604720 bytes,    2604720 total
[2022-06-13T02:10:43.861+0000][1][gc,age       ] GC(2) - age   2:    1178888 bytes,    3783608 total
[2022-06-13T02:10:43.861+0000][1][gc,heap      ] GC(2) ParNew: 75309K->4741K(78656K)
[2022-06-13T02:10:43.861+0000][1][gc,heap      ] GC(2) CMS: 6695K->6695K(174784K)
[2022-06-13T02:10:43.861+0000][1][gc,metaspace ] GC(2) Metaspace: 15047K->15047K(1062912K)
[2022-06-13T02:10:43.861+0000][1][gc           ] GC(2) Pause Young (Allocation Failure) 80M->11M(247M) 5.485ms
[2022-06-13T02:10:43.861+0000][1][gc,cpu       ] GC(2) User=0.03s Sys=0.00s Real=0.01s
[2022-06-13T02:10:43.862+0000][1][safepoint    ] Leaving safepoint region
[2022-06-13T02:10:43.862+0000][1][safepoint    ] Total time for which application threads were stopped: 0.0063239 seconds, Stopping threads took: 0.0002212 seconds
[2022-06-13T02:10:43.864+0000][1][safepoint    ] Application time: 0.0021624 seconds
[2022-06-13T02:10:43.864+0000][1][safepoint    ] Entering safepoint region: RevokeBias
[2022-06-13T02:10:43.865+0000][1][safepoint    ] Leaving safepoint region
[2022-06-13T02:10:43.865+0000][1][safepoint    ] Total time for which application threads were stopped: 0.0009748 seconds, Stopping threads took: 0.0002529 seconds
[2022-06-13T02:10:43.869+0000][1][safepoint    ] Application time: 0.0031667 seconds
[2022-06-13T02:10:43.869+0000][1][safepoint    ] Entering safepoint region: RevokeBias
[2022-06-13T02:10:43.870+0000][1][safepoint    ] Leaving safepoint region
[2022-06-13T02:10:43.870+0000][1][safepoint    ] Total time for which application threads were stopped: 0.0004537 seconds, Stopping threads took: 0.0002038 seconds
[2022-06-13T02:10:43.870+0000][1][safepoint    ] Application time: 0.0000804 seconds
[2022-06-13T02:10:43.870+0000][1][safepoint    ] Entering safepoint region: RevokeBias
[2022-06-13T02:10:43.870+0000][1][safepoint    ] Leaving safepoint region
[2022-06-13T02:10:43.870+0000][1][safepoint    ] Total time for which application threads were stopped: 0.0003749 seconds, Stopping threads took: 0.0001964 seconds
[2022-06-13T02:10:43.871+0000][1][safepoint    ] Application time: 0.0000454 seconds
[2022-06-13T02:10:43.871+0000][1][safepoint    ] Entering safepoint region: RevokeBias
[2022-06-13T02:10:43.871+0000][1][safepoint    ] Leaving safepoint region
[2022-06-13T02:10:43.871+0000][1][safepoint    ] Total time for which application threads were stopped: 0.0003197 seconds, Stopping threads took: 0.0001459 seconds
[2022-06-13T02:10:43.871+0000][1][safepoint    ] Application time: 0.0000485 seconds
[2022-06-13T02:10:43.871+0000][1][safepoint    ] Entering safepoint region: RevokeBias
[2022-06-13T02:10:43.872+0000][1][safepoint    ] Leaving safepoint region
[2022-06-13T02:10:43.872+0000][1][safepoint    ] Total time for which application threads were stopped: 0.0003561 seconds, Stopping threads took: 0.0001648 seconds
[2022-06-13T02:10:43.872+0000][1][safepoint    ] Application time: 0.0000306 seconds
[2022-06-13T02:10:43.872+0000][1][safepoint    ] Entering safepoint region: RevokeBias
[2022-06-13T02:10:43.872+0000][1][safepoint    ] Leaving safepoint region
[2022-06-13T02:10:43.872+0000][1][safepoint    ] Total time for which application threads were stopped: 0.0003034 seconds, Stopping threads took: 0.0001324 seconds
[2022-06-13T02:10:44.029+0000][1][safepoint    ] Application time: 0.1566886 seconds
[2022-06-13T02:10:44.030+0000][1][safepoint    ] Entering safepoint region: Deoptimize
[2022-06-13T02:10:44.032+0000][1][safepoint    ] Leaving safepoint region
[2022-06-13T02:10:44.038+0000][1][safepoint    ] Total time for which application threads were stopped: 0.0077606 seconds, Stopping threads took: 0.0010795 seconds
[2022-06-13T02:10:44.044+0000][1][safepoint    ] Application time: 0.0052450 seconds
[2022-06-13T02:10:44.044+0000][1][safepoint    ] Entering safepoint region: Deoptimize
[2022-06-13T02:10:44.045+0000][1][safepoint    ] Leaving safepoint region
[2022-06-13T02:10:44.045+0000][1][safepoint    ] Total time for which application threads were stopped: 0.0008934 seconds, Stopping threads took: 0.0001729 seconds
[2022-06-13T02:10:44.295+0000][1][safepoint    ] Application time: 0.2498048 seconds
[2022-06-13T02:10:44.295+0000][1][safepoint    ] Entering safepoint region: GenCollectForAllocation
[2022-06-13T02:10:44.296+0000][1][gc,start     ] GC(3) Pause Young (Allocation Failure)
[2022-06-13T02:10:44.296+0000][1][gc,task      ] GC(3) Using 5 workers of 13 for evacuation
[2022-06-13T02:10:44.301+0000][1][gc,age       ] GC(3) Desired survivor size 4456448 bytes, new threshold 3 (max threshold 6)
[2022-06-13T02:10:44.301+0000][1][gc,age       ] GC(3) Age table with threshold 3 (max threshold 6)
[2022-06-13T02:10:44.301+0000][1][gc,age       ] GC(3) - age   1:    3247336 bytes,    3247336 total
[2022-06-13T02:10:44.301+0000][1][gc,age       ] GC(3) - age   2:     318976 bytes,    3566312 total
[2022-06-13T02:10:44.301+0000][1][gc,age       ] GC(3) - age   3:    1175888 bytes,    4742200 total
[2022-06-13T02:10:44.301+0000][1][gc,heap      ] GC(3) ParNew: 74693K->6231K(78656K)
[2022-06-13T02:10:44.302+0000][1][gc,heap      ] GC(3) CMS: 6695K->6695K(174784K)
[2022-06-13T02:10:44.302+0000][1][gc,metaspace ] GC(3) Metaspace: 18481K->18481K(1067008K)
[2022-06-13T02:10:44.302+0000][1][gc           ] GC(3) Pause Young (Allocation Failure) 79M->12M(247M) 6.342ms
[2022-06-13T02:10:44.302+0000][1][gc,cpu       ] GC(3) User=0.02s Sys=0.00s Real=0.01s
[2022-06-13T02:10:44.302+0000][1][safepoint    ] Leaving safepoint region
[2022-06-13T02:10:44.302+0000][1][safepoint    ] Total time for which application threads were stopped: 0.0072407 seconds, Stopping threads took: 0.0001673 seconds
[2022-06-13T02:10:44.303+0000][1][safepoint    ] Application time: 0.0005612 seconds
[2022-06-13T02:10:44.304+0000][1][safepoint    ] Entering safepoint region: RevokeBias
[2022-06-13T02:10:44.304+0000][1][safepoint    ] Leaving safepoint region
[2022-06-13T02:10:44.304+0000][1][safepoint    ] Total time for which application threads were stopped: 0.0006589 seconds, Stopping threads took: 0.0003424 seconds
[2022-06-13T02:10:44.305+0000][1][safepoint    ] Application time: 0.0007985 seconds
[2022-06-13T02:10:44.305+0000][1][safepoint    ] Entering safepoint region: RevokeBias
[2022-06-13T02:10:44.306+0000][1][safepoint    ] Leaving safepoint region
[2022-06-13T02:10:44.306+0000][1][safepoint    ] Total time for which application threads were stopped: 0.0004016 seconds, Stopping threads took: 0.0001660 seconds
[2022-06-13T02:10:44.306+0000][1][safepoint    ] Application time: 0.0002526 seconds
[2022-06-13T02:10:44.307+0000][1][safepoint    ] Entering safepoint region: RevokeBias
[2022-06-13T02:10:44.307+0000][1][safepoint    ] Leaving safepoint region
[2022-06-13T02:10:44.307+0000][1][safepoint    ] Total time for which application threads were stopped: 0.0006577 seconds, Stopping threads took: 0.0003153 seconds
[2022-06-13T02:10:44.308+0000][1][safepoint    ] Application time: 0.0000939 seconds
[2022-06-13T02:10:44.308+0000][1][safepoint    ] Entering safepoint region: RevokeBias
[2022-06-13T02:10:44.308+0000][1][safepoint    ] Leaving safepoint region
[2022-06-13T02:10:44.308+0000][1][safepoint    ] Total time for which application threads were stopped: 0.0004033 seconds, Stopping threads took: 0.0001583 seconds
[2022-06-13T02:10:44.309+0000][1][safepoint    ] Application time: 0.0001111 seconds
[2022-06-13T02:10:44.309+0000][1][safepoint    ] Entering safepoint region: RevokeBias
[2022-06-13T02:10:44.309+0000][1][safepoint    ] Leaving safepoint region
[2022-06-13T02:10:44.310+0000][1][safepoint    ] Total time for which application threads were stopped: 0.0008146 seconds, Stopping threads took: 0.0005490 seconds
[2022-06-13T02:10:44.310+0000][1][safepoint    ] Application time: 0.0000995 seconds
[2022-06-13T02:10:44.310+0000][1][safepoint    ] Entering safepoint region: RevokeBias
[2022-06-13T02:10:44.310+0000][1][safepoint    ] Leaving safepoint region
[2022-06-13T02:10:44.310+0000][1][safepoint    ] Total time for which application threads were stopped: 0.0003953 seconds, Stopping threads took: 0.0001880 seconds
[2022-06-13T02:10:44.311+0000][1][safepoint    ] Application time: 0.0001029 seconds
[2022-06-13T02:10:44.311+0000][1][safepoint    ] Entering safepoint region: RevokeBias
[2022-06-13T02:10:44.311+0000][1][safepoint    ] Leaving safepoint region
[2022-06-13T02:10:44.311+0000][1][safepoint    ] Total time for which application threads were stopped: 0.0004545 seconds, Stopping threads took: 0.0002263 seconds
[2022-06-13T02:10:44.311+0000][1][safepoint    ] Application time: 0.0001036 seconds
[2022-06-13T02:10:44.312+0000][1][safepoint    ] Entering safepoint region: RevokeBias
[2022-06-13T02:10:44.312+0000][1][safepoint    ] Leaving safepoint region
[2022-06-13T02:10:44.312+0000][1][safepoint    ] Total time for which application threads were stopped: 0.0003738 seconds, Stopping threads took: 0.0001504 seconds
[2022-06-13T02:10:44.312+0000][1][safepoint    ] Application time: 0.0000543 seconds
[2022-06-13T02:10:44.312+0000][1][safepoint    ] Entering safepoint region: RevokeBias
[2022-06-13T02:10:44.313+0000][1][safepoint    ] Leaving safepoint region
[2022-06-13T02:10:44.313+0000][1][safepoint    ] Total time for which application threads were stopped: 0.0004770 seconds, Stopping threads took: 0.0002543 seconds
[2022-06-13T02:10:44.313+0000][1][safepoint    ] Application time: 0.0000487 seconds
[2022-06-13T02:10:44.313+0000][1][safepoint    ] Entering safepoint region: RevokeBias
[2022-06-13T02:10:44.313+0000][1][safepoint    ] Leaving safepoint region
[2022-06-13T02:10:44.314+0000][1][safepoint    ] Total time for which application threads were stopped: 0.0009986 seconds, Stopping threads took: 0.0001565 seconds
[2022-06-13T02:10:44.315+0000][1][safepoint    ] Application time: 0.0004523 seconds
[2022-06-13T02:10:44.315+0000][1][safepoint    ] Entering safepoint region: RevokeBias
[2022-06-13T02:10:44.316+0000][1][safepoint    ] Leaving safepoint region
[2022-06-13T02:10:44.316+0000][1][safepoint    ] Total time for which application threads were stopped: 0.0005260 seconds, Stopping threads took: 0.0001951 seconds
[2022-06-13T02:10:44.326+0000][1][safepoint    ] Application time: 0.0096567 seconds
[2022-06-13T02:10:44.326+0000][1][safepoint    ] Entering safepoint region: RevokeBias
[2022-06-13T02:10:44.326+0000][1][safepoint    ] Leaving safepoint region
[2022-06-13T02:10:44.327+0000][1][safepoint    ] Total time for which application threads were stopped: 0.0006747 seconds, Stopping threads took: 0.0003735 seconds
[2022-06-13T02:10:44.327+0000][1][safepoint    ] Application time: 0.0002955 seconds
[2022-06-13T02:10:44.328+0000][1][safepoint    ] Entering safepoint region: RevokeBias
[2022-06-13T02:10:44.328+0000][1][safepoint    ] Leaving safepoint region
[2022-06-13T02:10:44.328+0000][1][safepoint    ] Total time for which application threads were stopped: 0.0005960 seconds, Stopping threads took: 0.0003980 seconds
[2022-06-13T02:10:44.328+0000][1][safepoint    ] Application time: 0.0000976 seconds
[2022-06-13T02:10:44.328+0000][1][safepoint    ] Entering safepoint region: RevokeBias
[2022-06-13T02:10:44.328+0000][1][safepoint    ] Leaving safepoint region
[2022-06-13T02:10:44.329+0000][1][safepoint    ] Total time for which application threads were stopped: 0.0004024 seconds, Stopping threads took: 0.0001410 seconds
[2022-06-13T02:10:44.329+0000][1][safepoint    ] Application time: 0.0002984 seconds
[2022-06-13T02:10:44.329+0000][1][safepoint    ] Entering safepoint region: RevokeBias
[2022-06-13T02:10:44.329+0000][1][safepoint    ] Leaving safepoint region
[2022-06-13T02:10:44.330+0000][1][safepoint    ] Total time for which application threads were stopped: 0.0003675 seconds, Stopping threads took: 0.0001563 seconds
[2022-06-13T02:10:44.330+0000][1][safepoint    ] Application time: 0.0001135 seconds
[2022-06-13T02:10:44.330+0000][1][safepoint    ] Entering safepoint region: RevokeBias
[2022-06-13T02:10:44.330+0000][1][safepoint    ] Leaving safepoint region
[2022-06-13T02:10:44.331+0000][1][safepoint    ] Total time for which application threads were stopped: 0.0003370 seconds, Stopping threads took: 0.0001692 seconds
[2022-06-13T02:10:44.332+0000][1][safepoint    ] Application time: 0.0012472 seconds
[2022-06-13T02:10:44.332+0000][1][safepoint    ] Entering safepoint region: RevokeBias
[2022-06-13T02:10:44.332+0000][1][safepoint    ] Leaving safepoint region
[2022-06-13T02:10:44.333+0000][1][safepoint    ] Total time for which application threads were stopped: 0.0004618 seconds, Stopping threads took: 0.0002576 seconds
[2022-06-13T02:10:44.333+0000][1][safepoint    ] Application time: 0.0004606 seconds
[2022-06-13T02:10:44.333+0000][1][safepoint    ] Entering safepoint region: RevokeBias
[2022-06-13T02:10:44.334+0000][1][safepoint    ] Leaving safepoint region
[2022-06-13T02:10:44.334+0000][1][safepoint    ] Total time for which application threads were stopped: 0.0003961 seconds, Stopping threads took: 0.0001913 seconds
[2022-06-13T02:10:44.334+0000][1][safepoint    ] Application time: 0.0000720 seconds
[2022-06-13T02:10:44.334+0000][1][safepoint    ] Entering safepoint region: RevokeBias
[2022-06-13T02:10:44.334+0000][1][safepoint    ] Leaving safepoint region
[2022-06-13T02:10:44.335+0000][1][safepoint    ] Total time for which application threads were stopped: 0.0004126 seconds, Stopping threads took: 0.0002116 seconds
[2022-06-13T02:10:44.335+0000][1][safepoint    ] Application time: 0.0002355 seconds
[2022-06-13T02:10:44.335+0000][1][safepoint    ] Entering safepoint region: RevokeBias
[2022-06-13T02:10:44.335+0000][1][safepoint    ] Leaving safepoint region
[2022-06-13T02:10:44.336+0000][1][safepoint    ] Total time for which application threads were stopped: 0.0003283 seconds, Stopping threads took: 0.0001630 seconds
[2022-06-13T02:10:44.336+0000][1][safepoint    ] Application time: 0.0000284 seconds
[2022-06-13T02:10:44.336+0000][1][safepoint    ] Entering safepoint region: RevokeBias
[2022-06-13T02:10:44.336+0000][1][safepoint    ] Leaving safepoint region
[2022-06-13T02:10:44.336+0000][1][safepoint    ] Total time for which application threads were stopped: 0.0003941 seconds, Stopping threads took: 0.0001967 seconds
[2022-06-13T02:10:44.470+0000][1][safepoint    ] Application time: 0.1331264 seconds
[2022-06-13T02:10:44.471+0000][1][safepoint    ] Entering safepoint region: GenCollectForAllocation
[2022-06-13T02:10:44.471+0000][1][gc,start     ] GC(4) Pause Young (Allocation Failure)
[2022-06-13T02:10:44.471+0000][1][gc,task      ] GC(4) Using 5 workers of 13 for evacuation
[2022-06-13T02:10:44.478+0000][1][gc,age       ] GC(4) Desired survivor size 4456448 bytes, new threshold 2 (max threshold 6)
[2022-06-13T02:10:44.479+0000][1][gc,age       ] GC(4) Age table with threshold 2 (max threshold 6)
[2022-06-13T02:10:44.479+0000][1][gc,age       ] GC(4) - age   1:    1538560 bytes,    1538560 total
[2022-06-13T02:10:44.479+0000][1][gc,age       ] GC(4) - age   2:    3198520 bytes,    4737080 total
[2022-06-13T02:10:44.479+0000][1][gc,age       ] GC(4) - age   3:     318448 bytes,    5055528 total
[2022-06-13T02:10:44.479+0000][1][gc,heap      ] GC(4) ParNew: 76183K->7133K(78656K)
[2022-06-13T02:10:44.479+0000][1][gc,heap      ] GC(4) CMS: 6695K->7867K(174784K)
[2022-06-13T02:10:44.479+0000][1][gc,metaspace ] GC(4) Metaspace: 18784K->18784K(1067008K)
[2022-06-13T02:10:44.480+0000][1][gc           ] GC(4) Pause Young (Allocation Failure) 80M->14M(247M) 8.358ms
[2022-06-13T02:10:44.480+0000][1][gc,cpu       ] GC(4) User=0.02s Sys=0.00s Real=0.01s
[2022-06-13T02:10:44.480+0000][1][safepoint    ] Leaving safepoint region
[2022-06-13T02:10:44.480+0000][1][safepoint    ] Total time for which application threads were stopped: 0.0091650 seconds, Stopping threads took: 0.0003094 seconds
[2022-06-13T02:10:44.481+0000][1][safepoint    ] Application time: 0.0003850 seconds
[2022-06-13T02:10:44.481+0000][1][safepoint    ] Entering safepoint region: RevokeBias
[2022-06-13T02:10:44.481+0000][1][safepoint    ] Leaving safepoint region
[2022-06-13T02:10:44.481+0000][1][safepoint    ] Total time for which application threads were stopped: 0.0003753 seconds, Stopping threads took: 0.0001717 seconds
[2022-06-13T02:10:44.484+0000][1][safepoint    ] Application time: 0.0024356 seconds
[2022-06-13T02:10:44.484+0000][1][safepoint    ] Entering safepoint region: RevokeBias
[2022-06-13T02:10:44.485+0000][1][safepoint    ] Leaving safepoint region
[2022-06-13T02:10:44.485+0000][1][safepoint    ] Total time for which application threads were stopped: 0.0010192 seconds, Stopping threads took: 0.0003612 seconds
[2022-06-13T02:10:44.487+0000][1][safepoint    ] Application time: 0.0017291 seconds
[2022-06-13T02:10:44.487+0000][1][safepoint    ] Entering safepoint region: RevokeBias
[2022-06-13T02:10:44.488+0000][1][safepoint    ] Leaving safepoint region
[2022-06-13T02:10:44.488+0000][1][safepoint    ] Total time for which application threads were stopped: 0.0003663 seconds, Stopping threads took: 0.0001607 seconds
[2022-06-13T02:10:44.488+0000][1][safepoint    ] Application time: 0.0000747 seconds
[2022-06-13T02:10:44.489+0000][1][safepoint    ] Entering safepoint region: RevokeBias
[2022-06-13T02:10:44.491+0000][1][safepoint    ] Leaving safepoint region
[2022-06-13T02:10:44.491+0000][1][safepoint    ] Total time for which application threads were stopped: 0.0022823 seconds, Stopping threads took: 0.0016122 seconds
[2022-06-13T02:10:44.518+0000][1][safepoint    ] Application time: 0.0264431 seconds
[2022-06-13T02:10:44.519+0000][1][safepoint    ] Entering safepoint region: Deoptimize
[2022-06-13T02:10:44.521+0000][1][safepoint    ] Leaving safepoint region
[2022-06-13T02:10:44.521+0000][1][safepoint    ] Total time for which application threads were stopped: 0.0024405 seconds, Stopping threads took: 0.0017688 seconds
[2022-06-13T02:10:44.569+0000][1][safepoint    ] Application time: 0.0480638 seconds
[2022-06-13T02:10:44.577+0000][1][safepoint    ] Entering safepoint region: Deoptimize
[2022-06-13T02:10:44.579+0000][1][safepoint    ] Leaving safepoint region
[2022-06-13T02:10:44.579+0000][1][safepoint    ] Total time for which application threads were stopped: 0.0020830 seconds, Stopping threads took: 0.0007955 seconds
[2022-06-13T02:10:44.726+0000][1][safepoint    ] Application time: 0.1468075 seconds
[2022-06-13T02:10:44.727+0000][1][safepoint    ] Entering safepoint region: GenCollectForAllocation
[2022-06-13T02:10:44.727+0000][1][gc,start     ] GC(5) Pause Young (Allocation Failure)
[2022-06-13T02:10:44.727+0000][1][gc,task      ] GC(5) Using 5 workers of 13 for evacuation
[2022-06-13T02:10:44.744+0000][1][gc,age       ] GC(5) Desired survivor size 4456448 bytes, new threshold 6 (max threshold 6)
[2022-06-13T02:10:44.748+0000][1][gc,age       ] GC(5) Age table with threshold 6 (max threshold 6)
[2022-06-13T02:10:44.748+0000][1][gc,age       ] GC(5) - age   1:    2222160 bytes,    2222160 total
[2022-06-13T02:10:44.749+0000][1][gc,age       ] GC(5) - age   2:     554056 bytes,    2776216 total
[2022-06-13T02:10:44.749+0000][1][gc,heap      ] GC(5) ParNew: 77085K->5632K(78656K)
[2022-06-13T02:10:44.749+0000][1][gc,heap      ] GC(5) CMS: 7867K->11386K(174784K)
[2022-06-13T02:10:44.749+0000][1][gc,metaspace ] GC(5) Metaspace: 19148K->19148K(1067008K)
[2022-06-13T02:10:44.749+0000][1][gc           ] GC(5) Pause Young (Allocation Failure) 82M->16M(247M) 22.141ms
[2022-06-13T02:10:44.749+0000][1][gc,cpu       ] GC(5) User=0.07s Sys=0.00s Real=0.03s
[2022-06-13T02:10:44.749+0000][1][safepoint    ] Leaving safepoint region
[2022-06-13T02:10:44.750+0000][1][safepoint    ] Total time for which application threads were stopped: 0.0228853 seconds, Stopping threads took: 0.0001778 seconds
[2022-06-13T02:10:44.775+0000][1][safepoint    ] Application time: 0.0250513 seconds
[2022-06-13T02:10:44.782+0000][1][safepoint    ] Entering safepoint region: RevokeBias
[2022-06-13T02:10:44.783+0000][1][safepoint    ] Leaving safepoint region
[2022-06-13T02:10:44.784+0000][1][safepoint    ] Total time for which application threads were stopped: 0.0019603 seconds, Stopping threads took: 0.0012492 seconds
[2022-06-13T02:10:44.784+0000][1][safepoint    ] Application time: 0.0001577 seconds
[2022-06-13T02:10:44.784+0000][1][safepoint    ] Entering safepoint region: RevokeBias
[2022-06-13T02:10:44.785+0000][1][safepoint    ] Leaving safepoint region
[2022-06-13T02:10:44.787+0000][1][safepoint    ] Total time for which application threads were stopped: 0.0023247 seconds, Stopping threads took: 0.0002378 seconds
[2022-06-13T02:10:44.787+0000][1][safepoint    ] Application time: 0.0000879 seconds
[2022-06-13T02:10:44.787+0000][1][safepoint    ] Entering safepoint region: RevokeBias
[2022-06-13T02:10:44.787+0000][1][safepoint    ] Leaving safepoint region
[2022-06-13T02:10:44.788+0000][1][safepoint    ] Total time for which application threads were stopped: 0.0003439 seconds, Stopping threads took: 0.0001264 seconds
[2022-06-13T02:10:44.788+0000][1][safepoint    ] Application time: 0.0000199 seconds
[2022-06-13T02:10:44.788+0000][1][safepoint    ] Entering safepoint region: RevokeBias
[2022-06-13T02:10:44.788+0000][1][safepoint    ] Leaving safepoint region
[2022-06-13T02:10:44.788+0000][1][safepoint    ] Total time for which application threads were stopped: 0.0003174 seconds, Stopping threads took: 0.0001126 seconds
[2022-06-13T02:10:44.789+0000][1][safepoint    ] Application time: 0.0007839 seconds
[2022-06-13T02:10:44.790+0000][1][safepoint    ] Entering safepoint region: RevokeBias
[2022-06-13T02:10:44.790+0000][1][safepoint    ] Leaving safepoint region
[2022-06-13T02:10:44.790+0000][1][safepoint    ] Total time for which application threads were stopped: 0.0005291 seconds, Stopping threads took: 0.0002221 seconds
[2022-06-13T02:10:44.791+0000][1][safepoint    ] Application time: 0.0006684 seconds
[2022-06-13T02:10:44.791+0000][1][safepoint    ] Entering safepoint region: RevokeBias
[2022-06-13T02:10:44.791+0000][1][safepoint    ] Leaving safepoint region
[2022-06-13T02:10:44.792+0000][1][safepoint    ] Total time for which application threads were stopped: 0.0004397 seconds, Stopping threads took: 0.0001786 seconds
[2022-06-13T02:10:44.916+0000][1][safepoint    ] Application time: 0.1246114 seconds
[2022-06-13T02:10:44.917+0000][1][safepoint    ] Entering safepoint region: RevokeBias
[2022-06-13T02:10:44.919+0000][1][safepoint    ] Leaving safepoint region
[2022-06-13T02:10:44.921+0000][1][safepoint    ] Total time for which application threads were stopped: 0.0037008 seconds, Stopping threads took: 0.0020109 seconds
[2022-06-13T02:10:44.922+0000][1][safepoint    ] Application time: 0.0003838 seconds
[2022-06-13T02:10:44.922+0000][1][safepoint    ] Entering safepoint region: BulkRevokeBias
[2022-06-13T02:10:44.922+0000][1][safepoint    ] Leaving safepoint region
[2022-06-13T02:10:44.922+0000][1][safepoint    ] Total time for which application threads were stopped: 0.0005354 seconds, Stopping threads took: 0.0001809 seconds
[2022-06-13T02:10:44.989+0000][1][safepoint    ] Application time: 0.0665897 seconds
[2022-06-13T02:10:44.990+0000][1][safepoint    ] Entering safepoint region: GenCollectForAllocation
[2022-06-13T02:10:44.990+0000][1][gc,start     ] GC(6) Pause Young (Allocation Failure)
[2022-06-13T02:10:44.990+0000][1][gc,task      ] GC(6) Using 5 workers of 13 for evacuation
[2022-06-13T02:10:45.003+0000][1][gc,age       ] GC(6) Desired survivor size 4456448 bytes, new threshold 6 (max threshold 6)
[2022-06-13T02:10:45.018+0000][1][gc,age       ] GC(6) Age table with threshold 6 (max threshold 6)
[2022-06-13T02:10:45.019+0000][1][gc,age       ] GC(6) - age   1:    1330152 bytes,    1330152 total
[2022-06-13T02:10:45.019+0000][1][gc,age       ] GC(6) - age   2:    2196400 bytes,    3526552 total
[2022-06-13T02:10:45.020+0000][1][gc,age       ] GC(6) - age   3:     554056 bytes,    4080608 total
[2022-06-13T02:10:45.028+0000][1][gc,heap      ] GC(6) ParNew: 75584K->5776K(78656K)
[2022-06-13T02:10:45.032+0000][1][gc,heap      ] GC(6) CMS: 11386K->11386K(174784K)
[2022-06-13T02:10:45.034+0000][1][gc,metaspace ] GC(6) Metaspace: 19456K->19456K(1067008K)
[2022-06-13T02:10:45.037+0000][1][gc           ] GC(6) Pause Young (Allocation Failure) 84M->16M(247M) 47.061ms
[2022-06-13T02:10:45.037+0000][1][gc,cpu       ] GC(6) User=0.09s Sys=0.01s Real=0.05s
[2022-06-13T02:10:45.037+0000][1][safepoint    ] Leaving safepoint region
[2022-06-13T02:10:45.038+0000][1][safepoint    ] Total time for which application threads were stopped: 0.0480840 seconds, Stopping threads took: 0.0001993 seconds
[2022-06-13T02:10:45.038+0000][1][safepoint    ] Application time: 0.0002108 seconds
[2022-06-13T02:10:45.038+0000][1][safepoint    ] Entering safepoint region: BulkRevokeBias
[2022-06-13T02:10:45.038+0000][1][safepoint    ] Leaving safepoint region
[2022-06-13T02:10:45.039+0000][1][safepoint    ] Total time for which application threads were stopped: 0.0004675 seconds, Stopping threads took: 0.0001950 seconds
[2022-06-13T02:10:45.257+0000][1][safepoint    ] Application time: 0.2180496 seconds
[2022-06-13T02:10:45.258+0000][1][safepoint    ] Entering safepoint region: CollectForMetadataAllocation
[2022-06-13T02:10:45.260+0000][1][safepoint    ] Leaving safepoint region
[2022-06-13T02:10:45.260+0000][1][safepoint    ] Total time for which application threads were stopped: 0.0027366 seconds, Stopping threads took: 0.0021607 seconds
[2022-06-13T02:10:45.269+0000][1][safepoint    ] Application time: 0.0078693 seconds
[2022-06-13T02:10:45.269+0000][1][safepoint    ] Entering safepoint region: GenCollectForAllocation
[2022-06-13T02:10:45.269+0000][1][gc,start     ] GC(7) Pause Young (Allocation Failure)
[2022-06-13T02:10:45.270+0000][1][gc,task      ] GC(7) Using 5 workers of 13 for evacuation
[2022-06-13T02:10:45.272+0000][1][gc,age       ] GC(7) Desired survivor size 4456448 bytes, new threshold 6 (max threshold 6)
[2022-06-13T02:10:45.272+0000][1][gc,age       ] GC(7) Age table with threshold 6 (max threshold 6)
[2022-06-13T02:10:45.276+0000][1][gc,age       ] GC(7) - age   1:     557968 bytes,     557968 total
[2022-06-13T02:10:45.277+0000][1][gc,age       ] GC(7) - age   2:    1129080 bytes,    1687048 total
[2022-06-13T02:10:45.278+0000][1][gc,age       ] GC(7) - age   3:    2194392 bytes,    3881440 total
[2022-06-13T02:10:45.279+0000][1][gc,age       ] GC(7) - age   4:     554056 bytes,    4435496 total
[2022-06-13T02:10:45.280+0000][1][gc,heap      ] GC(7) ParNew: 75728K->5102K(78656K)
[2022-06-13T02:10:45.281+0000][1][gc,heap      ] GC(7) CMS: 11386K->11386K(174784K)
[2022-06-13T02:10:45.282+0000][1][gc,metaspace ] GC(7) Metaspace: 20092K->20092K(1069056K)
[2022-06-13T02:10:45.283+0000][1][gc           ] GC(7) Pause Young (Allocation Failure) 85M->16M(247M) 13.353ms
[2022-06-13T02:10:45.285+0000][1][gc,cpu       ] GC(7) User=0.02s Sys=0.00s Real=0.01s
[2022-06-13T02:10:45.288+0000][1][safepoint    ] Leaving safepoint region
[2022-06-13T02:10:45.289+0000][1][safepoint    ] Total time for which application threads were stopped: 0.0194218 seconds, Stopping threads took: 0.0002213 seconds
[2022-06-13T02:10:45.292+0000][1][safepoint    ] Application time: 0.0003751 seconds
[2022-06-13T02:10:45.293+0000][1][safepoint    ] Entering safepoint region: CMS_Initial_Mark
[2022-06-13T02:10:45.296+0000][1][gc,start     ] GC(8) Pause Initial Mark
[2022-06-13T02:10:45.297+0000][1][gc           ] GC(8) Pause Initial Mark 17M->17M(247M) 1.691ms
[2022-06-13T02:10:45.298+0000][1][gc,cpu       ] GC(8) User=0.00s Sys=0.00s Real=0.00s
[2022-06-13T02:10:45.298+0000][1][safepoint    ] Leaving safepoint region
[2022-06-13T02:10:45.299+0000][1][safepoint    ] Total time for which application threads were stopped: 0.0065914 seconds, Stopping threads took: 0.0034469 seconds
[2022-06-13T02:10:45.299+0000][1][gc           ] GC(8) Concurrent Mark
[2022-06-13T02:10:45.300+0000][1][gc,task      ] GC(8) Using 4 workers of 4 for marking
[2022-06-13T02:10:45.313+0000][1][gc           ] GC(8) Concurrent Mark 13.847ms
[2022-06-13T02:10:45.316+0000][1][gc,cpu       ] GC(8) User=0.06s Sys=0.00s Real=0.01s
[2022-06-13T02:10:45.317+0000][1][gc           ] GC(8) Concurrent Preclean
[2022-06-13T02:10:45.317+0000][1][gc           ] GC(8) Concurrent Preclean 0.887ms
[2022-06-13T02:10:45.318+0000][1][gc,cpu       ] GC(8) User=0.00s Sys=0.00s Real=0.00s
[2022-06-13T02:10:45.318+0000][1][safepoint    ] Application time: 0.0189740 seconds
[2022-06-13T02:10:45.318+0000][1][safepoint    ] Entering safepoint region: CMS_Final_Remark
[2022-06-13T02:10:45.318+0000][1][gc,start     ] GC(8) Pause Remark
[2022-06-13T02:10:45.341+0000][1][gc           ] GC(8) Pause Remark 17M->17M(247M) 22.970ms
[2022-06-13T02:10:45.342+0000][1][gc,cpu       ] GC(8) User=0.03s Sys=0.00s Real=0.03s
[2022-06-13T02:10:45.342+0000][1][safepoint    ] Leaving safepoint region
[2022-06-13T02:10:45.342+0000][1][safepoint    ] Total time for which application threads were stopped: 0.0239954 seconds, Stopping threads took: 0.0002118 seconds
[2022-06-13T02:10:45.342+0000][1][gc           ] GC(8) Concurrent Sweep
[2022-06-13T02:10:45.342+0000][1][safepoint    ] Application time: 0.0001188 seconds
[2022-06-13T02:10:45.343+0000][1][safepoint    ] Entering safepoint region: CollectForMetadataAllocation
[2022-06-13T02:10:45.344+0000][1][safepoint    ] Leaving safepoint region
[2022-06-13T02:10:45.344+0000][1][safepoint    ] Total time for which application threads were stopped: 0.0014288 seconds, Stopping threads took: 0.0005376 seconds
[2022-06-13T02:10:45.348+0000][1][gc           ] GC(8) Concurrent Sweep 5.994ms
[2022-06-13T02:10:45.349+0000][1][gc,cpu       ] GC(8) User=0.01s Sys=0.00s Real=0.00s
[2022-06-13T02:10:45.349+0000][1][gc           ] GC(8) Concurrent Reset
[2022-06-13T02:10:45.349+0000][1][gc           ] GC(8) Concurrent Reset 0.496ms
[2022-06-13T02:10:45.350+0000][1][gc,cpu       ] GC(8) User=0.00s Sys=0.00s Real=0.01s
[2022-06-13T02:10:45.350+0000][1][gc,heap      ] GC(8) Old: 11386K->11360K(174784K)
[2022-06-13T02:10:45.465+0000][1][safepoint    ] Application time: 0.1209600 seconds
[2022-06-13T02:10:45.466+0000][1][safepoint    ] Entering safepoint region: GenCollectForAllocation
[2022-06-13T02:10:45.466+0000][1][gc,start     ] GC(9) Pause Young (Allocation Failure)
[2022-06-13T02:10:45.466+0000][1][gc,task      ] GC(9) Using 5 workers of 13 for evacuation
[2022-06-13T02:10:45.469+0000][1][gc,age       ] GC(9) Desired survivor size 4456448 bytes, new threshold 4 (max threshold 6)
[2022-06-13T02:10:45.469+0000][1][gc,age       ] GC(9) Age table with threshold 4 (max threshold 6)
[2022-06-13T02:10:45.469+0000][1][gc,age       ] GC(9) - age   1:     805200 bytes,     805200 total
[2022-06-13T02:10:45.469+0000][1][gc,age       ] GC(9) - age   2:     535216 bytes,    1340416 total
[2022-06-13T02:10:45.470+0000][1][gc,age       ] GC(9) - age   3:    1128984 bytes,    2469400 total
[2022-06-13T02:10:45.470+0000][1][gc,age       ] GC(9) - age   4:    2193192 bytes,    4662592 total
[2022-06-13T02:10:45.470+0000][1][gc,age       ] GC(9) - age   5:     554056 bytes,    5216648 total
[2022-06-13T02:10:45.470+0000][1][gc,heap      ] GC(9) ParNew: 75054K->6037K(78656K)
[2022-06-13T02:10:45.470+0000][1][gc,heap      ] GC(9) CMS: 11360K->11360K(174784K)
[2022-06-13T02:10:45.470+0000][1][gc,metaspace ] GC(9) Metaspace: 20495K->20495K(1069056K)
[2022-06-13T02:10:45.471+0000][1][gc           ] GC(9) Pause Young (Allocation Failure) 84M->16M(247M) 4.532ms
[2022-06-13T02:10:45.471+0000][1][gc,cpu       ] GC(9) User=0.03s Sys=0.00s Real=0.01s
[2022-06-13T02:10:45.471+0000][1][safepoint    ] Leaving safepoint region
[2022-06-13T02:10:45.471+0000][1][safepoint    ] Total time for which application threads were stopped: 0.0052869 seconds, Stopping threads took: 0.0002136 seconds
[2022-06-13T02:10:45.549+0000][1][safepoint    ] Application time: 0.0776883 seconds
[2022-06-13T02:10:45.549+0000][1][safepoint    ] Entering safepoint region: GenCollectForAllocation
[2022-06-13T02:10:45.549+0000][1][gc,start     ] GC(10) Pause Young (Allocation Failure)
[2022-06-13T02:10:45.550+0000][1][gc,task      ] GC(10) Using 5 workers of 13 for evacuation
[2022-06-13T02:10:45.552+0000][1][gc,age       ] GC(10) Desired survivor size 4456448 bytes, new threshold 6 (max threshold 6)
[2022-06-13T02:10:45.552+0000][1][gc,age       ] GC(10) Age table with threshold 6 (max threshold 6)
[2022-06-13T02:10:45.553+0000][1][gc,age       ] GC(10) - age   1:     123216 bytes,     123216 total
[2022-06-13T02:10:45.553+0000][1][gc,age       ] GC(10) - age   2:     465728 bytes,     588944 total
[2022-06-13T02:10:45.553+0000][1][gc,age       ] GC(10) - age   3:     535096 bytes,    1124040 total
[2022-06-13T02:10:45.553+0000][1][gc,age       ] GC(10) - age   4:    1128984 bytes,    2253024 total
[2022-06-13T02:10:45.553+0000][1][gc,heap      ] GC(10) ParNew: 75989K->5252K(78656K)
[2022-06-13T02:10:45.553+0000][1][gc,heap      ] GC(10) CMS: 11360K->14067K(174784K)
[2022-06-13T02:10:45.554+0000][1][gc,metaspace ] GC(10) Metaspace: 20601K->20601K(1069056K)
[2022-06-13T02:10:45.554+0000][1][gc           ] GC(10) Pause Young (Allocation Failure) 85M->18M(247M) 4.233ms
[2022-06-13T02:10:45.554+0000][1][gc,cpu       ] GC(10) User=0.01s Sys=0.00s Real=0.00s
[2022-06-13T02:10:45.554+0000][1][safepoint    ] Leaving safepoint region
[2022-06-13T02:10:45.554+0000][1][safepoint    ] Total time for which application threads were stopped: 0.0049102 seconds, Stopping threads took: 0.0001814 seconds
[2022-06-13T02:10:45.643+0000][1][safepoint    ] Application time: 0.0885772 seconds
[2022-06-13T02:10:45.643+0000][1][safepoint    ] Entering safepoint region: GenCollectForAllocation
[2022-06-13T02:10:45.643+0000][1][gc,start     ] GC(11) Pause Young (Allocation Failure)
[2022-06-13T02:10:45.644+0000][1][gc,task      ] GC(11) Using 5 workers of 13 for evacuation
[2022-06-13T02:10:45.648+0000][1][gc,age       ] GC(11) Desired survivor size 4456448 bytes, new threshold 6 (max threshold 6)
[2022-06-13T02:10:45.648+0000][1][gc,age       ] GC(11) Age table with threshold 6 (max threshold 6)
[2022-06-13T02:10:45.648+0000][1][gc,age       ] GC(11) - age   1:    1941176 bytes,    1941176 total
[2022-06-13T02:10:45.648+0000][1][gc,age       ] GC(11) - age   2:     100440 bytes,    2041616 total
[2022-06-13T02:10:45.649+0000][1][gc,age       ] GC(11) - age   3:     465728 bytes,    2507344 total
[2022-06-13T02:10:45.649+0000][1][gc,age       ] GC(11) - age   4:     534944 bytes,    3042288 total
[2022-06-13T02:10:45.649+0000][1][gc,age       ] GC(11) - age   5:    1128696 bytes,    4170984 total
[2022-06-13T02:10:45.649+0000][1][gc,heap      ] GC(11) ParNew: 75204K->5200K(78656K)
[2022-06-13T02:10:45.649+0000][1][gc,heap      ] GC(11) CMS: 14067K->14067K(174784K)
[2022-06-13T02:10:45.649+0000][1][gc,metaspace ] GC(11) Metaspace: 20674K->20674K(1069056K)
[2022-06-13T02:10:45.650+0000][1][gc           ] GC(11) Pause Young (Allocation Failure) 87M->18M(247M) 6.163ms
[2022-06-13T02:10:45.650+0000][1][gc,cpu       ] GC(11) User=0.04s Sys=0.00s Real=0.01s
[2022-06-13T02:10:45.650+0000][1][safepoint    ] Leaving safepoint region
[2022-06-13T02:10:45.650+0000][1][safepoint    ] Total time for which application threads were stopped: 0.0069970 seconds, Stopping threads took: 0.0002346 seconds
[2022-06-13T02:10:46.103+0000][1][safepoint    ] Application time: 0.4528143 seconds
[2022-06-13T02:10:46.103+0000][1][safepoint    ] Entering safepoint region: Deoptimize
[2022-06-13T02:10:46.104+0000][1][safepoint    ] Leaving safepoint region
[2022-06-13T02:10:46.105+0000][1][safepoint    ] Total time for which application threads were stopped: 0.0011634 seconds, Stopping threads took: 0.0002001 seconds
[2022-06-13T02:10:46.226+0000][1][safepoint    ] Application time: 0.1210237 seconds
[2022-06-13T02:10:46.226+0000][1][safepoint    ] Entering safepoint region: Deoptimize
[2022-06-13T02:10:46.227+0000][1][safepoint    ] Leaving safepoint region
[2022-06-13T02:10:46.227+0000][1][safepoint    ] Total time for which application threads were stopped: 0.0011119 seconds, Stopping threads took: 0.0001819 seconds
[2022-06-13T02:10:46.231+0000][1][safepoint    ] Application time: 0.0032867 seconds
[2022-06-13T02:10:46.235+0000][1][safepoint    ] Entering safepoint region: Deoptimize
[2022-06-13T02:10:46.237+0000][1][safepoint    ] Leaving safepoint region
[2022-06-13T02:10:46.237+0000][1][safepoint    ] Total time for which application threads were stopped: 0.0022938 seconds, Stopping threads took: 0.0011587 seconds
[2022-06-13T02:10:46.250+0000][1][safepoint    ] Application time: 0.0119208 seconds
[2022-06-13T02:10:46.250+0000][1][safepoint    ] Entering safepoint region: Deoptimize
[2022-06-13T02:10:46.251+0000][1][safepoint    ] Leaving safepoint region
[2022-06-13T02:10:46.251+0000][1][safepoint    ] Total time for which application threads were stopped: 0.0008757 seconds, Stopping threads took: 0.0001640 seconds
[2022-06-13T02:10:46.258+0000][1][safepoint    ] Application time: 0.0073171 seconds
[2022-06-13T02:10:46.259+0000][1][safepoint    ] Entering safepoint region: Deoptimize
[2022-06-13T02:10:46.262+0000][1][safepoint    ] Leaving safepoint region
[2022-06-13T02:10:46.263+0000][1][safepoint    ] Total time for which application threads were stopped: 0.0047502 seconds, Stopping threads took: 0.0001711 seconds
[2022-06-13T02:10:46.439+0000][1][safepoint    ] Application time: 0.1742701 seconds
[2022-06-13T02:10:46.441+0000][1][safepoint    ] Entering safepoint region: GenCollectForAllocation
[2022-06-13T02:10:46.441+0000][1][gc,start     ] GC(12) Pause Young (Allocation Failure)
[2022-06-13T02:10:46.442+0000][1][gc,task      ] GC(12) Using 5 workers of 13 for evacuation
[2022-06-13T02:10:46.460+0000][1][gc,age       ] GC(12) Desired survivor size 4456448 bytes, new threshold 4 (max threshold 6)
[2022-06-13T02:10:46.460+0000][1][gc,age       ] GC(12) Age table with threshold 4 (max threshold 6)
[2022-06-13T02:10:46.460+0000][1][gc,age       ] GC(12) - age   1:    3748608 bytes,    3748608 total
[2022-06-13T02:10:46.460+0000][1][gc,age       ] GC(12) - age   2:     344544 bytes,    4093152 total
[2022-06-13T02:10:46.460+0000][1][gc,age       ] GC(12) - age   3:     100144 bytes,    4193296 total
[2022-06-13T02:10:46.460+0000][1][gc,age       ] GC(12) - age   4:     465440 bytes,    4658736 total
[2022-06-13T02:10:46.460+0000][1][gc,age       ] GC(12) - age   5:     529728 bytes,    5188464 total
[2022-06-13T02:10:46.461+0000][1][gc,age       ] GC(12) - age   6:    1128560 bytes,    6317024 total
[2022-06-13T02:10:46.461+0000][1][gc,heap      ] GC(12) ParNew: 75152K->7461K(78656K)
[2022-06-13T02:10:46.461+0000][1][gc,heap      ] GC(12) CMS: 14067K->14067K(174784K)
[2022-06-13T02:10:46.461+0000][1][gc,metaspace ] GC(12) Metaspace: 26502K->26502K(1073152K)
[2022-06-13T02:10:46.461+0000][1][gc           ] GC(12) Pause Young (Allocation Failure) 87M->21M(247M) 19.586ms
[2022-06-13T02:10:46.461+0000][1][gc,cpu       ] GC(12) User=0.04s Sys=0.00s Real=0.02s
[2022-06-13T02:10:46.461+0000][1][safepoint    ] Leaving safepoint region
[2022-06-13T02:10:46.461+0000][1][safepoint    ] Total time for which application threads were stopped: 0.0202701 seconds, Stopping threads took: 0.0002923 seconds
[2022-06-13T02:10:46.980+0000][1][safepoint    ] Application time: 0.5187093 seconds
[2022-06-13T02:10:46.981+0000][1][safepoint    ] Entering safepoint region: RevokeBias
[2022-06-13T02:10:46.981+0000][1][safepoint    ] Leaving safepoint region
[2022-06-13T02:10:46.982+0000][1][safepoint    ] Total time for which application threads were stopped: 0.0011048 seconds, Stopping threads took: 0.0001801 seconds
[2022-06-13T02:10:47.339+0000][1][safepoint    ] Application time: 0.3570544 seconds
[2022-06-13T02:10:47.349+0000][1][safepoint    ] Entering safepoint region: GenCollectForAllocation
[2022-06-13T02:10:47.350+0000][1][gc,start     ] GC(13) Pause Young (Allocation Failure)
[2022-06-13T02:10:47.351+0000][1][gc,task      ] GC(13) Using 5 workers of 13 for evacuation
[2022-06-13T02:10:47.401+0000][1][gc,age       ] GC(13) Desired survivor size 4456448 bytes, new threshold 1 (max threshold 6)
[2022-06-13T02:10:47.402+0000][1][gc,age       ] GC(13) Age table with threshold 1 (max threshold 6)
[2022-06-13T02:10:47.403+0000][1][gc,age       ] GC(13) - age   1:    5188608 bytes,    5188608 total
[2022-06-13T02:10:47.403+0000][1][gc,age       ] GC(13) - age   2:    3281720 bytes,    8470328 total
[2022-06-13T02:10:47.403+0000][1][gc,age       ] GC(13) - age   3:     344344 bytes,    8814672 total
[2022-06-13T02:10:47.404+0000][1][gc,age       ] GC(13) - age   4:     100144 bytes,    8914816 total
[2022-06-13T02:10:47.404+0000][1][gc,heap      ] GC(13) ParNew: 77413K->8704K(78656K)
[2022-06-13T02:10:47.404+0000][1][gc,heap      ] GC(13) CMS: 14067K->26335K(174784K)
[2022-06-13T02:10:47.404+0000][1][gc,metaspace ] GC(13) Metaspace: 27148K->27148K(1075200K)
[2022-06-13T02:10:47.404+0000][1][gc           ] GC(13) Pause Young (Allocation Failure) 89M->34M(247M) 54.432ms
[2022-06-13T02:10:47.404+0000][1][gc,cpu       ] GC(13) User=0.22s Sys=0.00s Real=0.05s
[2022-06-13T02:10:47.404+0000][1][safepoint    ] Leaving safepoint region
[2022-06-13T02:10:47.404+0000][1][safepoint    ] Total time for which application threads were stopped: 0.0553103 seconds, Stopping threads took: 0.0004091 seconds
[2022-06-13T02:10:47.678+0000][1][safepoint    ] Application time: 0.2732087 seconds
[2022-06-13T02:10:47.690+0000][1][safepoint    ] Entering safepoint region: Deoptimize
[2022-06-13T02:10:47.692+0000][1][safepoint    ] Leaving safepoint region
[2022-06-13T02:10:47.709+0000][1][safepoint    ] Total time for which application threads were stopped: 0.0310344 seconds, Stopping threads took: 0.0132379 seconds
[2022-06-13T02:10:48.090+0000][1][safepoint    ] Application time: 0.3681189 seconds
[2022-06-13T02:10:48.091+0000][1][safepoint    ] Entering safepoint region: GenCollectForAllocation
[2022-06-13T02:10:48.095+0000][1][gc,start     ] GC(14) Pause Young (Allocation Failure)
[2022-06-13T02:10:48.096+0000][1][gc,task      ] GC(14) Using 5 workers of 13 for evacuation
[2022-06-13T02:10:48.132+0000][1][gc,age       ] GC(14) Desired survivor size 4456448 bytes, new threshold 1 (max threshold 6)
[2022-06-13T02:10:48.133+0000][1][gc,age       ] GC(14) Age table with threshold 1 (max threshold 6)
[2022-06-13T02:10:48.134+0000][1][gc,age       ] GC(14) - age   1:    8912680 bytes,    8912680 total
[2022-06-13T02:10:48.134+0000][1][gc,heap      ] GC(14) ParNew: 78656K->8704K(78656K)
[2022-06-13T02:10:48.138+0000][1][gc,heap      ] GC(14) CMS: 26335K->39187K(174784K)
[2022-06-13T02:10:48.139+0000][1][gc,metaspace ] GC(14) Metaspace: 27273K->27273K(1075200K)
[2022-06-13T02:10:48.139+0000][1][gc           ] GC(14) Pause Young (Allocation Failure) 102M->46M(247M) 43.973ms
[2022-06-13T02:10:48.140+0000][1][gc,cpu       ] GC(14) User=0.18s Sys=0.00s Real=0.05s
[2022-06-13T02:10:48.145+0000][1][safepoint    ] Leaving safepoint region
[2022-06-13T02:10:48.145+0000][1][safepoint    ] Total time for which application threads were stopped: 0.0540298 seconds, Stopping threads took: 0.0042369 seconds
[2022-06-13T02:10:48.464+0000][1][safepoint    ] Application time: 0.3186635 seconds
[2022-06-13T02:10:48.465+0000][1][safepoint    ] Entering safepoint region: RevokeBias
[2022-06-13T02:10:48.465+0000][1][safepoint    ] Leaving safepoint region
[2022-06-13T02:10:48.465+0000][1][safepoint    ] Total time for which application threads were stopped: 0.0007630 seconds, Stopping threads took: 0.0003454 seconds
[2022-06-13T02:10:48.647+0000][1][safepoint    ] Application time: 0.1815275 seconds
[2022-06-13T02:10:48.647+0000][1][safepoint    ] Entering safepoint region: RevokeBias
[2022-06-13T02:10:48.648+0000][1][safepoint    ] Leaving safepoint region
[2022-06-13T02:10:48.648+0000][1][safepoint    ] Total time for which application threads were stopped: 0.0004490 seconds, Stopping threads took: 0.0001819 seconds
[2022-06-13T02:10:48.824+0000][1][safepoint    ] Application time: 0.1757652 seconds
[2022-06-13T02:10:48.825+0000][1][safepoint    ] Entering safepoint region: GenCollectForAllocation
[2022-06-13T02:10:48.825+0000][1][gc,start     ] GC(15) Pause Young (Allocation Failure)
[2022-06-13T02:10:48.826+0000][1][gc,task      ] GC(15) Using 5 workers of 13 for evacuation
[2022-06-13T02:10:48.852+0000][1][gc,age       ] GC(15) Desired survivor size 4456448 bytes, new threshold 1 (max threshold 6)
[2022-06-13T02:10:48.852+0000][1][gc,age       ] GC(15) Age table with threshold 1 (max threshold 6)
[2022-06-13T02:10:48.852+0000][1][gc,age       ] GC(15) - age   1:    6972008 bytes,    6972008 total
[2022-06-13T02:10:48.852+0000][1][gc,heap      ] GC(15) ParNew: 78656K->8704K(78656K)
[2022-06-13T02:10:48.853+0000][1][gc,heap      ] GC(15) CMS: 39187K->48904K(174784K)
[2022-06-13T02:10:48.853+0000][1][gc,metaspace ] GC(15) Metaspace: 32305K->32305K(1079296K)
[2022-06-13T02:10:48.853+0000][1][gc           ] GC(15) Pause Young (Allocation Failure) 115M->56M(247M) 27.340ms
[2022-06-13T02:10:48.853+0000][1][gc,cpu       ] GC(15) User=0.15s Sys=0.00s Real=0.03s
[2022-06-13T02:10:48.853+0000][1][safepoint    ] Leaving safepoint region
[2022-06-13T02:10:48.853+0000][1][safepoint    ] Total time for which application threads were stopped: 0.0282326 seconds, Stopping threads took: 0.0002855 seconds
[2022-06-13T02:10:48.968+0000][1][safepoint    ] Application time: 0.1140355 seconds
[2022-06-13T02:10:48.968+0000][1][safepoint    ] Entering safepoint region: GenCollectForAllocation
[2022-06-13T02:10:48.968+0000][1][gc,start     ] GC(16) Pause Young (Allocation Failure)
[2022-06-13T02:10:48.968+0000][1][gc,task      ] GC(16) Using 5 workers of 13 for evacuation
[2022-06-13T02:10:48.975+0000][1][gc,age       ] GC(16) Desired survivor size 4456448 bytes, new threshold 6 (max threshold 6)
[2022-06-13T02:10:48.975+0000][1][gc,age       ] GC(16) Age table with threshold 6 (max threshold 6)
[2022-06-13T02:10:48.975+0000][1][gc,age       ] GC(16) - age   1:     341864 bytes,     341864 total
[2022-06-13T02:10:48.975+0000][1][gc,heap      ] GC(16) ParNew: 78656K->7222K(78656K)
[2022-06-13T02:10:48.976+0000][1][gc,heap      ] GC(16) CMS: 48904K->55769K(174784K)
[2022-06-13T02:10:48.976+0000][1][gc,metaspace ] GC(16) Metaspace: 33011K->33011K(1079296K)
[2022-06-13T02:10:48.976+0000][1][gc           ] GC(16) Pause Young (Allocation Failure) 124M->61M(247M) 7.575ms
[2022-06-13T02:10:48.976+0000][1][gc,cpu       ] GC(16) User=0.04s Sys=0.00s Real=0.01s
[2022-06-13T02:10:48.976+0000][1][safepoint    ] Leaving safepoint region
[2022-06-13T02:10:48.976+0000][1][safepoint    ] Total time for which application threads were stopped: 0.0083716 seconds, Stopping threads took: 0.0002017 seconds
[2022-06-13T02:10:49.106+0000][1][safepoint    ] Application time: 0.1290935 seconds
[2022-06-13T02:10:49.106+0000][1][safepoint    ] Entering safepoint region: CollectForMetadataAllocation
[2022-06-13T02:10:49.106+0000][1][safepoint    ] Leaving safepoint region
[2022-06-13T02:10:49.107+0000][1][safepoint    ] Total time for which application threads were stopped: 0.0013818 seconds, Stopping threads took: 0.0002129 seconds
[2022-06-13T02:10:49.156+0000][1][safepoint    ] Application time: 0.0461053 seconds
[2022-06-13T02:10:49.157+0000][1][safepoint    ] Entering safepoint region: CollectForMetadataAllocation
[2022-06-13T02:10:49.157+0000][1][safepoint    ] Leaving safepoint region
[2022-06-13T02:10:49.157+0000][1][safepoint    ] Total time for which application threads were stopped: 0.0005158 seconds, Stopping threads took: 0.0001909 seconds
[2022-06-13T02:10:49.191+0000][1][safepoint    ] Application time: 0.0337910 seconds
[2022-06-13T02:10:49.192+0000][1][safepoint    ] Entering safepoint region: CollectForMetadataAllocation
[2022-06-13T02:10:49.192+0000][1][safepoint    ] Leaving safepoint region
[2022-06-13T02:10:49.192+0000][1][safepoint    ] Total time for which application threads were stopped: 0.0005092 seconds, Stopping threads took: 0.0001881 seconds
[2022-06-13T02:10:49.209+0000][1][safepoint    ] Application time: 0.0168719 seconds
[2022-06-13T02:10:49.210+0000][1][safepoint    ] Entering safepoint region: CollectForMetadataAllocation
[2022-06-13T02:10:49.212+0000][1][safepoint    ] Leaving safepoint region
[2022-06-13T02:10:49.212+0000][1][safepoint    ] Total time for which application threads were stopped: 0.0022192 seconds, Stopping threads took: 0.0001901 seconds
[2022-06-13T02:10:49.231+0000][1][safepoint    ] Application time: 0.0183360 seconds
[2022-06-13T02:10:49.231+0000][1][safepoint    ] Entering safepoint region: CollectForMetadataAllocation
[2022-06-13T02:10:49.232+0000][1][safepoint    ] Leaving safepoint region
[2022-06-13T02:10:49.232+0000][1][safepoint    ] Total time for which application threads were stopped: 0.0008381 seconds, Stopping threads took: 0.0002702 seconds
[2022-06-13T02:10:49.246+0000][1][safepoint    ] Application time: 0.0140689 seconds
[2022-06-13T02:10:49.246+0000][1][safepoint    ] Entering safepoint region: CollectForMetadataAllocation
[2022-06-13T02:10:49.247+0000][1][safepoint    ] Leaving safepoint region
[2022-06-13T02:10:49.247+0000][1][safepoint    ] Total time for which application threads were stopped: 0.0005126 seconds, Stopping threads took: 0.0001829 seconds
[2022-06-13T02:10:49.266+0000][1][safepoint    ] Application time: 0.0188031 seconds
[2022-06-13T02:10:49.266+0000][1][safepoint    ] Entering safepoint region: CollectForMetadataAllocation
[2022-06-13T02:10:49.267+0000][1][safepoint    ] Leaving safepoint region
[2022-06-13T02:10:49.267+0000][1][safepoint    ] Total time for which application threads were stopped: 0.0010324 seconds, Stopping threads took: 0.0001382 seconds
[2022-06-13T02:10:49.284+0000][1][safepoint    ] Application time: 0.0174159 seconds
[2022-06-13T02:10:49.285+0000][1][safepoint    ] Entering safepoint region: CollectForMetadataAllocation
[2022-06-13T02:10:49.286+0000][1][safepoint    ] Leaving safepoint region
[2022-06-13T02:10:49.286+0000][1][safepoint    ] Total time for which application threads were stopped: 0.0011302 seconds, Stopping threads took: 0.0002094 seconds
[2022-06-13T02:10:49.303+0000][1][safepoint    ] Application time: 0.0168592 seconds
[2022-06-13T02:10:49.303+0000][1][safepoint    ] Entering safepoint region: CollectForMetadataAllocation
[2022-06-13T02:10:49.304+0000][1][safepoint    ] Leaving safepoint region
[2022-06-13T02:10:49.304+0000][1][safepoint    ] Total time for which application threads were stopped: 0.0006394 seconds, Stopping threads took: 0.0002485 seconds
[2022-06-13T02:10:49.322+0000][1][safepoint    ] Application time: 0.0180584 seconds
[2022-06-13T02:10:49.322+0000][1][safepoint    ] Entering safepoint region: CollectForMetadataAllocation
[2022-06-13T02:10:49.323+0000][1][safepoint    ] Leaving safepoint region
[2022-06-13T02:10:49.323+0000][1][safepoint    ] Total time for which application threads were stopped: 0.0008557 seconds, Stopping threads took: 0.0003394 seconds
[2022-06-13T02:10:49.341+0000][1][safepoint    ] Application time: 0.0176566 seconds
[2022-06-13T02:10:49.341+0000][1][safepoint    ] Entering safepoint region: CollectForMetadataAllocation
[2022-06-13T02:10:49.342+0000][1][safepoint    ] Leaving safepoint region
[2022-06-13T02:10:49.342+0000][1][safepoint    ] Total time for which application threads were stopped: 0.0005522 seconds, Stopping threads took: 0.0002207 seconds
[2022-06-13T02:10:49.343+0000][1][safepoint    ] Application time: 0.0004195 seconds
[2022-06-13T02:10:49.343+0000][1][safepoint    ] Entering safepoint region: CollectForMetadataAllocation
[2022-06-13T02:10:49.343+0000][1][safepoint    ] Leaving safepoint region
[2022-06-13T02:10:49.343+0000][1][safepoint    ] Total time for which application threads were stopped: 0.0003781 seconds, Stopping threads took: 0.0002113 seconds
[2022-06-13T02:10:49.344+0000][1][safepoint    ] Application time: 0.0003787 seconds
[2022-06-13T02:10:49.344+0000][1][safepoint    ] Entering safepoint region: RevokeBias
[2022-06-13T02:10:49.344+0000][1][safepoint    ] Leaving safepoint region
[2022-06-13T02:10:49.344+0000][1][safepoint    ] Total time for which application threads were stopped: 0.0004323 seconds, Stopping threads took: 0.0001733 seconds
[2022-06-13T02:10:49.372+0000][1][safepoint    ] Application time: 0.0279799 seconds
[2022-06-13T02:10:49.373+0000][1][safepoint    ] Entering safepoint region: CollectForMetadataAllocation
[2022-06-13T02:10:49.373+0000][1][safepoint    ] Leaving safepoint region
[2022-06-13T02:10:49.373+0000][1][safepoint    ] Total time for which application threads were stopped: 0.0008056 seconds, Stopping threads took: 0.0004322 seconds
[2022-06-13T02:10:49.402+0000][1][safepoint    ] Application time: 0.0288383 seconds
[2022-06-13T02:10:49.403+0000][1][safepoint    ] Entering safepoint region: CollectForMetadataAllocation
[2022-06-13T02:10:49.403+0000][1][safepoint    ] Leaving safepoint region
[2022-06-13T02:10:49.403+0000][1][safepoint    ] Total time for which application threads were stopped: 0.0003951 seconds, Stopping threads took: 0.0001871 seconds
[2022-06-13T02:10:49.418+0000][1][safepoint    ] Application time: 0.0144586 seconds
[2022-06-13T02:10:49.418+0000][1][safepoint    ] Entering safepoint region: CollectForMetadataAllocation
[2022-06-13T02:10:49.418+0000][1][safepoint    ] Leaving safepoint region
[2022-06-13T02:10:49.418+0000][1][safepoint    ] Total time for which application threads were stopped: 0.0005487 seconds, Stopping threads took: 0.0002048 seconds
[2022-06-13T02:10:49.438+0000][1][safepoint    ] Application time: 0.0189338 seconds
[2022-06-13T02:10:49.438+0000][1][safepoint    ] Entering safepoint region: CollectForMetadataAllocation
[2022-06-13T02:10:49.438+0000][1][safepoint    ] Leaving safepoint region
[2022-06-13T02:10:49.438+0000][1][safepoint    ] Total time for which application threads were stopped: 0.0005221 seconds, Stopping threads took: 0.0001315 seconds
[2022-06-13T02:10:49.454+0000][1][safepoint    ] Application time: 0.0154930 seconds
[2022-06-13T02:10:49.454+0000][1][safepoint    ] Entering safepoint region: CollectForMetadataAllocation
[2022-06-13T02:10:49.455+0000][1][safepoint    ] Leaving safepoint region
[2022-06-13T02:10:49.455+0000][1][safepoint    ] Total time for which application threads were stopped: 0.0005787 seconds, Stopping threads took: 0.0001731 seconds
[2022-06-13T02:10:49.477+0000][1][safepoint    ] Application time: 0.0215561 seconds
[2022-06-13T02:10:49.477+0000][1][safepoint    ] Entering safepoint region: CollectForMetadataAllocation
[2022-06-13T02:10:49.477+0000][1][safepoint    ] Leaving safepoint region
[2022-06-13T02:10:49.477+0000][1][safepoint    ] Total time for which application threads were stopped: 0.0004451 seconds, Stopping threads took: 0.0001535 seconds
[2022-06-13T02:10:49.494+0000][1][safepoint    ] Application time: 0.0166604 seconds
[2022-06-13T02:10:49.494+0000][1][safepoint    ] Entering safepoint region: CollectForMetadataAllocation
[2022-06-13T02:10:49.494+0000][1][safepoint    ] Leaving safepoint region
[2022-06-13T02:10:49.495+0000][1][safepoint    ] Total time for which application threads were stopped: 0.0004434 seconds, Stopping threads took: 0.0001691 seconds
[2022-06-13T02:10:49.506+0000][1][safepoint    ] Application time: 0.0116324 seconds
[2022-06-13T02:10:49.507+0000][1][safepoint    ] Entering safepoint region: CollectForMetadataAllocation
[2022-06-13T02:10:49.507+0000][1][safepoint    ] Leaving safepoint region
[2022-06-13T02:10:49.507+0000][1][safepoint    ] Total time for which application threads were stopped: 0.0004419 seconds, Stopping threads took: 0.0001600 seconds
[2022-06-13T02:10:49.524+0000][1][safepoint    ] Application time: 0.0171141 seconds
[2022-06-13T02:10:49.525+0000][1][safepoint    ] Entering safepoint region: CollectForMetadataAllocation
[2022-06-13T02:10:49.525+0000][1][safepoint    ] Leaving safepoint region
[2022-06-13T02:10:49.525+0000][1][safepoint    ] Total time for which application threads were stopped: 0.0005063 seconds, Stopping threads took: 0.0001835 seconds
[2022-06-13T02:10:49.539+0000][1][safepoint    ] Application time: 0.0136241 seconds
[2022-06-13T02:10:49.539+0000][1][safepoint    ] Entering safepoint region: CollectForMetadataAllocation
[2022-06-13T02:10:49.540+0000][1][safepoint    ] Leaving safepoint region
[2022-06-13T02:10:49.540+0000][1][safepoint    ] Total time for which application threads were stopped: 0.0005786 seconds, Stopping threads took: 0.0002445 seconds
[2022-06-13T02:10:49.563+0000][1][safepoint    ] Application time: 0.0228614 seconds
[2022-06-13T02:10:49.563+0000][1][safepoint    ] Entering safepoint region: CollectForMetadataAllocation
[2022-06-13T02:10:49.564+0000][1][safepoint    ] Leaving safepoint region
[2022-06-13T02:10:49.564+0000][1][safepoint    ] Total time for which application threads were stopped: 0.0005401 seconds, Stopping threads took: 0.0001924 seconds
[2022-06-13T02:10:49.575+0000][1][safepoint    ] Application time: 0.0105739 seconds
[2022-06-13T02:10:49.575+0000][1][safepoint    ] Entering safepoint region: CollectForMetadataAllocation
[2022-06-13T02:10:49.575+0000][1][safepoint    ] Leaving safepoint region
[2022-06-13T02:10:49.575+0000][1][safepoint    ] Total time for which application threads were stopped: 0.0005102 seconds, Stopping threads took: 0.0001630 seconds
[2022-06-13T02:10:49.606+0000][1][safepoint    ] Application time: 0.0307629 seconds
[2022-06-13T02:10:49.607+0000][1][safepoint    ] Entering safepoint region: CollectForMetadataAllocation
[2022-06-13T02:10:49.607+0000][1][safepoint    ] Leaving safepoint region
[2022-06-13T02:10:49.607+0000][1][safepoint    ] Total time for which application threads were stopped: 0.0005394 seconds, Stopping threads took: 0.0001756 seconds
[2022-06-13T02:10:49.627+0000][1][safepoint    ] Application time: 0.0201082 seconds
[2022-06-13T02:10:49.628+0000][1][safepoint    ] Entering safepoint region: CollectForMetadataAllocation
[2022-06-13T02:10:49.628+0000][1][safepoint    ] Leaving safepoint region
[2022-06-13T02:10:49.628+0000][1][safepoint    ] Total time for which application threads were stopped: 0.0004574 seconds, Stopping threads took: 0.0001713 seconds
[2022-06-13T02:10:49.649+0000][1][safepoint    ] Application time: 0.0212546 seconds
[2022-06-13T02:10:49.650+0000][1][safepoint    ] Entering safepoint region: CollectForMetadataAllocation
[2022-06-13T02:10:49.650+0000][1][safepoint    ] Leaving safepoint region
[2022-06-13T02:10:49.650+0000][1][safepoint    ] Total time for which application threads were stopped: 0.0004713 seconds, Stopping threads took: 0.0001731 seconds
[2022-06-13T02:10:49.679+0000][1][safepoint    ] Application time: 0.0287474 seconds
[2022-06-13T02:10:49.689+0000][1][safepoint    ] Entering safepoint region: CollectForMetadataAllocation
[2022-06-13T02:10:49.700+0000][1][safepoint    ] Leaving safepoint region
[2022-06-13T02:10:49.705+0000][1][safepoint    ] Total time for which application threads were stopped: 0.0162274 seconds, Stopping threads took: 0.0022674 seconds
[2022-06-13T02:10:49.730+0000][1][safepoint    ] Application time: 0.0225295 seconds
[2022-06-13T02:10:49.733+0000][1][safepoint    ] Entering safepoint region: RevokeBias
[2022-06-13T02:10:49.733+0000][1][safepoint    ] Leaving safepoint region
[2022-06-13T02:10:49.733+0000][1][safepoint    ] Total time for which application threads were stopped: 0.0006767 seconds, Stopping threads took: 0.0004294 seconds
[2022-06-13T02:10:49.748+0000][1][safepoint    ] Application time: 0.0150284 seconds
[2022-06-13T02:10:49.749+0000][1][safepoint    ] Entering safepoint region: CollectForMetadataAllocation
[2022-06-13T02:10:49.750+0000][1][safepoint    ] Leaving safepoint region
[2022-06-13T02:10:49.750+0000][1][safepoint    ] Total time for which application threads were stopped: 0.0011992 seconds, Stopping threads took: 0.0002003 seconds
[2022-06-13T02:10:50.075+0000][1][safepoint    ] Application time: 0.3247337 seconds
[2022-06-13T02:10:50.075+0000][1][safepoint    ] Entering safepoint region: CollectForMetadataAllocation
[2022-06-13T02:10:50.076+0000][1][safepoint    ] Leaving safepoint region
[2022-06-13T02:10:50.076+0000][1][safepoint    ] Total time for which application threads were stopped: 0.0006765 seconds, Stopping threads took: 0.0001578 seconds
[2022-06-13T02:10:50.347+0000][1][safepoint    ] Application time: 0.2706145 seconds
[2022-06-13T02:10:50.347+0000][1][safepoint    ] Entering safepoint region: CollectForMetadataAllocation
[2022-06-13T02:10:50.347+0000][1][safepoint    ] Leaving safepoint region
[2022-06-13T02:10:50.348+0000][1][safepoint    ] Total time for which application threads were stopped: 0.0004976 seconds, Stopping threads took: 0.0001934 seconds
[2022-06-13T02:10:50.359+0000][1][safepoint    ] Application time: 0.0115549 seconds
[2022-06-13T02:10:50.360+0000][1][safepoint    ] Entering safepoint region: GenCollectForAllocation
[2022-06-13T02:10:50.360+0000][1][gc,start     ] GC(17) Pause Young (Allocation Failure)
[2022-06-13T02:10:50.360+0000][1][gc,task      ] GC(17) Using 5 workers of 13 for evacuation
[2022-06-13T02:10:50.368+0000][1][gc,age       ] GC(17) Desired survivor size 4456448 bytes, new threshold 6 (max threshold 6)
[2022-06-13T02:10:50.368+0000][1][gc,age       ] GC(17) Age table with threshold 6 (max threshold 6)
[2022-06-13T02:10:50.368+0000][1][gc,age       ] GC(17) - age   1:    3990648 bytes,    3990648 total
[2022-06-13T02:10:50.369+0000][1][gc,age       ] GC(17) - age   2:     302312 bytes,    4292960 total
[2022-06-13T02:10:50.369+0000][1][gc,heap      ] GC(17) ParNew: 77174K->5231K(78656K)
[2022-06-13T02:10:50.369+0000][1][gc,heap      ] GC(17) CMS: 55769K->55769K(174784K)
[2022-06-13T02:10:50.369+0000][1][gc,metaspace ] GC(17) Metaspace: 42433K->42433K(1087488K)
[2022-06-13T02:10:50.369+0000][1][gc           ] GC(17) Pause Young (Allocation Failure) 129M->59M(247M) 9.128ms
[2022-06-13T02:10:50.369+0000][1][gc,cpu       ] GC(17) User=0.02s Sys=0.00s Real=0.01s
[2022-06-13T02:10:50.370+0000][1][safepoint    ] Leaving safepoint region
[2022-06-13T02:10:50.370+0000][1][safepoint    ] Total time for which application threads were stopped: 0.0100062 seconds, Stopping threads took: 0.0002444 seconds
[2022-06-13T02:10:50.376+0000][1][safepoint    ] Application time: 0.0061049 seconds
[2022-06-13T02:10:50.377+0000][1][safepoint    ] Entering safepoint region: CMS_Initial_Mark
[2022-06-13T02:10:50.378+0000][1][gc,start     ] GC(18) Pause Initial Mark
[2022-06-13T02:10:50.379+0000][1][gc           ] GC(18) Pause Initial Mark 60M->60M(247M) 1.710ms
[2022-06-13T02:10:50.379+0000][1][gc,cpu       ] GC(18) User=0.00s Sys=0.00s Real=0.01s
[2022-06-13T02:10:50.380+0000][1][safepoint    ] Leaving safepoint region
[2022-06-13T02:10:50.380+0000][1][safepoint    ] Total time for which application threads were stopped: 0.0026340 seconds, Stopping threads took: 0.0003308 seconds
[2022-06-13T02:10:50.380+0000][1][gc           ] GC(18) Concurrent Mark
[2022-06-13T02:10:50.380+0000][1][gc,task      ] GC(18) Using 4 workers of 4 for marking
[2022-06-13T02:10:50.398+0000][1][safepoint    ] Application time: 0.0185616 seconds
[2022-06-13T02:10:50.399+0000][1][safepoint    ] Entering safepoint region: CollectForMetadataAllocation
[2022-06-13T02:10:50.399+0000][1][safepoint    ] Leaving safepoint region
[2022-06-13T02:10:50.399+0000][1][safepoint    ] Total time for which application threads were stopped: 0.0005682 seconds, Stopping threads took: 0.0002027 seconds
[2022-06-13T02:10:50.401+0000][1][gc           ] GC(18) Concurrent Mark 20.771ms
[2022-06-13T02:10:50.401+0000][1][gc,cpu       ] GC(18) User=0.08s Sys=0.01s Real=0.02s
[2022-06-13T02:10:50.401+0000][1][gc           ] GC(18) Concurrent Preclean
[2022-06-13T02:10:50.403+0000][1][gc           ] GC(18) Concurrent Preclean 1.881ms
[2022-06-13T02:10:50.403+0000][1][gc,cpu       ] GC(18) User=0.00s Sys=0.00s Real=0.00s
[2022-06-13T02:10:50.404+0000][1][gc           ] GC(18) Concurrent Abortable Preclean
[2022-06-13T02:10:50.498+0000][1][safepoint    ] Application time: 0.0987166 seconds
[2022-06-13T02:10:50.499+0000][1][safepoint    ] Entering safepoint region: CollectForMetadataAllocation
[2022-06-13T02:10:50.499+0000][1][safepoint    ] Leaving safepoint region
[2022-06-13T02:10:50.499+0000][1][safepoint    ] Total time for which application threads were stopped: 0.0005818 seconds, Stopping threads took: 0.0002218 seconds
[2022-06-13T02:10:50.580+0000][1][safepoint    ] Application time: 0.0809752 seconds
[2022-06-13T02:10:50.581+0000][1][safepoint    ] Entering safepoint region: CollectForMetadataAllocation
[2022-06-13T02:10:50.581+0000][1][safepoint    ] Leaving safepoint region
[2022-06-13T02:10:50.581+0000][1][safepoint    ] Total time for which application threads were stopped: 0.0007310 seconds, Stopping threads took: 0.0003439 seconds
[2022-06-13T02:10:50.600+0000][1][safepoint    ] Application time: 0.0183623 seconds
[2022-06-13T02:10:50.600+0000][1][safepoint    ] Entering safepoint region: CollectForMetadataAllocation
[2022-06-13T02:10:50.601+0000][1][safepoint    ] Leaving safepoint region
[2022-06-13T02:10:50.601+0000][1][safepoint    ] Total time for which application threads were stopped: 0.0004989 seconds, Stopping threads took: 0.0001469 seconds
[2022-06-13T02:10:50.624+0000][1][safepoint    ] Application time: 0.0236001 seconds
[2022-06-13T02:10:50.625+0000][1][safepoint    ] Entering safepoint region: CollectForMetadataAllocation
[2022-06-13T02:10:50.625+0000][1][safepoint    ] Leaving safepoint region
[2022-06-13T02:10:50.625+0000][1][safepoint    ] Total time for which application threads were stopped: 0.0005705 seconds, Stopping threads took: 0.0001676 seconds
[2022-06-13T02:10:50.639+0000][1][safepoint    ] Application time: 0.0138567 seconds
[2022-06-13T02:10:50.640+0000][1][safepoint    ] Entering safepoint region: CollectForMetadataAllocation
[2022-06-13T02:10:50.640+0000][1][safepoint    ] Leaving safepoint region
[2022-06-13T02:10:50.641+0000][1][safepoint    ] Total time for which application threads were stopped: 0.0005519 seconds, Stopping threads took: 0.0002293 seconds
[2022-06-13T02:10:50.667+0000][1][safepoint    ] Application time: 0.0265728 seconds
[2022-06-13T02:10:50.668+0000][1][safepoint    ] Entering safepoint region: RevokeBias
[2022-06-13T02:10:50.668+0000][1][safepoint    ] Leaving safepoint region
[2022-06-13T02:10:50.668+0000][1][safepoint    ] Total time for which application threads were stopped: 0.0004606 seconds, Stopping threads took: 0.0002597 seconds
[2022-06-13T02:10:50.668+0000][1][gc           ] GC(18) Concurrent Abortable Preclean 264.499ms
[2022-06-13T02:10:50.668+0000][1][gc,cpu       ] GC(18) User=1.21s Sys=0.05s Real=0.26s
[2022-06-13T02:10:50.668+0000][1][safepoint    ] Application time: 0.0003691 seconds
[2022-06-13T02:10:50.669+0000][1][safepoint    ] Entering safepoint region: CMS_Final_Remark
[2022-06-13T02:10:50.669+0000][1][gc,start     ] GC(18) Pause Remark
[2022-06-13T02:10:50.684+0000][1][gc           ] GC(18) Pause Remark 95M->95M(247M) 15.582ms
[2022-06-13T02:10:50.685+0000][1][gc,cpu       ] GC(18) User=0.05s Sys=0.00s Real=0.02s
[2022-06-13T02:10:50.685+0000][1][safepoint    ] Leaving safepoint region
[2022-06-13T02:10:50.685+0000][1][safepoint    ] Total time for which application threads were stopped: 0.0164742 seconds, Stopping threads took: 0.0001857 seconds
[2022-06-13T02:10:50.685+0000][1][gc           ] GC(18) Concurrent Sweep
[2022-06-13T02:10:50.690+0000][1][safepoint    ] Application time: 0.0044112 seconds
[2022-06-13T02:10:50.690+0000][1][safepoint    ] Entering safepoint region: CollectForMetadataAllocation
[2022-06-13T02:10:50.691+0000][1][safepoint    ] Leaving safepoint region
[2022-06-13T02:10:50.691+0000][1][safepoint    ] Total time for which application threads were stopped: 0.0015053 seconds, Stopping threads took: 0.0004043 seconds
[2022-06-13T02:10:50.708+0000][1][gc           ] GC(18) Concurrent Sweep 22.979ms
[2022-06-13T02:10:50.709+0000][1][gc,cpu       ] GC(18) User=0.06s Sys=0.00s Real=0.02s
[2022-06-13T02:10:50.709+0000][1][gc           ] GC(18) Concurrent Reset
[2022-06-13T02:10:50.709+0000][1][gc           ] GC(18) Concurrent Reset 0.454ms
[2022-06-13T02:10:50.709+0000][1][gc,cpu       ] GC(18) User=0.02s Sys=0.00s Real=0.01s
[2022-06-13T02:10:50.710+0000][1][gc,heap      ] GC(18) Old: 55769K->55554K(174784K)
[2022-06-13T02:10:50.736+0000][1][safepoint    ] Application time: 0.0449193 seconds
[2022-06-13T02:10:50.737+0000][1][safepoint    ] Entering safepoint region: RevokeBias
[2022-06-13T02:10:50.737+0000][1][safepoint    ] Leaving safepoint region
[2022-06-13T02:10:50.738+0000][1][safepoint    ] Total time for which application threads were stopped: 0.0009657 seconds, Stopping threads took: 0.0007083 seconds
[2022-06-13T02:10:50.753+0000][1][safepoint    ] Application time: 0.0156849 seconds
[2022-06-13T02:10:50.754+0000][1][safepoint    ] Entering safepoint region: RevokeBias
[2022-06-13T02:10:50.754+0000][1][safepoint    ] Leaving safepoint region
[2022-06-13T02:10:50.754+0000][1][safepoint    ] Total time for which application threads were stopped: 0.0003833 seconds, Stopping threads took: 0.0001639 seconds
[2022-06-13T02:10:50.757+0000][1][safepoint    ] Application time: 0.0032792 seconds
[2022-06-13T02:10:50.758+0000][1][safepoint    ] Entering safepoint region: RevokeBias
[2022-06-13T02:10:50.758+0000][1][safepoint    ] Leaving safepoint region
[2022-06-13T02:10:50.758+0000][1][safepoint    ] Total time for which application threads were stopped: 0.0003321 seconds, Stopping threads took: 0.0001471 seconds
[2022-06-13T02:10:50.898+0000][1][safepoint    ] Application time: 0.1401673 seconds
[2022-06-13T02:10:50.899+0000][1][safepoint    ] Entering safepoint region: RevokeBias
[2022-06-13T02:10:50.899+0000][1][safepoint    ] Leaving safepoint region
[2022-06-13T02:10:50.899+0000][1][safepoint    ] Total time for which application threads were stopped: 0.0009153 seconds, Stopping threads took: 0.0001973 seconds
[2022-06-13T02:10:50.900+0000][1][safepoint    ] Application time: 0.0000978 seconds
[2022-06-13T02:10:50.900+0000][1][safepoint    ] Entering safepoint region: RevokeBias
[2022-06-13T02:10:50.900+0000][1][safepoint    ] Leaving safepoint region
[2022-06-13T02:10:50.900+0000][1][safepoint    ] Total time for which application threads were stopped: 0.0003396 seconds, Stopping threads took: 0.0001454 seconds
[2022-06-13T02:10:50.901+0000][1][safepoint    ] Application time: 0.0002688 seconds
[2022-06-13T02:10:50.901+0000][1][safepoint    ] Entering safepoint region: RevokeBias
[2022-06-13T02:10:50.901+0000][1][safepoint    ] Leaving safepoint region
[2022-06-13T02:10:50.901+0000][1][safepoint    ] Total time for which application threads were stopped: 0.0004162 seconds, Stopping threads took: 0.0001971 seconds
[2022-06-13T02:10:50.902+0000][1][safepoint    ] Application time: 0.0001060 seconds
[2022-06-13T02:10:50.902+0000][1][safepoint    ] Entering safepoint region: RevokeBias
[2022-06-13T02:10:50.902+0000][1][safepoint    ] Leaving safepoint region
[2022-06-13T02:10:50.902+0000][1][safepoint    ] Total time for which application threads were stopped: 0.0003542 seconds, Stopping threads took: 0.0001688 seconds
[2022-06-13T02:10:50.952+0000][1][safepoint    ] Application time: 0.0503026 seconds
[2022-06-13T02:10:50.953+0000][1][safepoint    ] Entering safepoint region: RevokeBias
[2022-06-13T02:10:50.954+0000][1][safepoint    ] Leaving safepoint region
[2022-06-13T02:10:50.954+0000][1][safepoint    ] Total time for which application threads were stopped: 0.0011411 seconds, Stopping threads took: 0.0009186 seconds
[2022-06-13T02:10:50.954+0000][1][safepoint    ] Application time: 0.0001010 seconds
[2022-06-13T02:10:50.954+0000][1][safepoint    ] Entering safepoint region: RevokeBias
[2022-06-13T02:10:50.954+0000][1][safepoint    ] Leaving safepoint region
[2022-06-13T02:10:50.954+0000][1][safepoint    ] Total time for which application threads were stopped: 0.0003059 seconds, Stopping threads took: 0.0001461 seconds
[2022-06-13T02:10:50.955+0000][1][safepoint    ] Application time: 0.0001018 seconds
[2022-06-13T02:10:50.955+0000][1][safepoint    ] Entering safepoint region: RevokeBias
[2022-06-13T02:10:50.955+0000][1][safepoint    ] Leaving safepoint region
[2022-06-13T02:10:50.955+0000][1][safepoint    ] Total time for which application threads were stopped: 0.0002919 seconds, Stopping threads took: 0.0001172 seconds
[2022-06-13T02:10:50.955+0000][1][safepoint    ] Application time: 0.0002688 seconds
[2022-06-13T02:10:50.956+0000][1][safepoint    ] Entering safepoint region: RevokeBias
[2022-06-13T02:10:50.956+0000][1][safepoint    ] Leaving safepoint region
[2022-06-13T02:10:50.956+0000][1][safepoint    ] Total time for which application threads were stopped: 0.0003357 seconds, Stopping threads took: 0.0001579 seconds
[2022-06-13T02:10:50.956+0000][1][safepoint    ] Application time: 0.0002089 seconds
[2022-06-13T02:10:50.956+0000][1][safepoint    ] Entering safepoint region: RevokeBias
[2022-06-13T02:10:50.957+0000][1][safepoint    ] Leaving safepoint region
[2022-06-13T02:10:50.957+0000][1][safepoint    ] Total time for which application threads were stopped: 0.0003337 seconds, Stopping threads took: 0.0001887 seconds
[2022-06-13T02:10:50.957+0000][1][safepoint    ] Application time: 0.0003078 seconds
[2022-06-13T02:10:50.958+0000][1][safepoint    ] Entering safepoint region: RevokeBias
[2022-06-13T02:10:50.958+0000][1][safepoint    ] Leaving safepoint region
[2022-06-13T02:10:50.958+0000][1][safepoint    ] Total time for which application threads were stopped: 0.0003230 seconds, Stopping threads took: 0.0001818 seconds
[2022-06-13T02:10:50.959+0000][1][safepoint    ] Application time: 0.0002765 seconds
[2022-06-13T02:10:50.959+0000][1][safepoint    ] Entering safepoint region: RevokeBias
[2022-06-13T02:10:50.959+0000][1][safepoint    ] Leaving safepoint region
[2022-06-13T02:10:50.959+0000][1][safepoint    ] Total time for which application threads were stopped: 0.0004162 seconds, Stopping threads took: 0.0002600 seconds
[2022-06-13T02:10:50.959+0000][1][safepoint    ] Application time: 0.0000713 seconds
[2022-06-13T02:10:50.959+0000][1][safepoint    ] Entering safepoint region: RevokeBias
[2022-06-13T02:10:50.960+0000][1][safepoint    ] Leaving safepoint region
[2022-06-13T02:10:50.960+0000][1][safepoint    ] Total time for which application threads were stopped: 0.0002548 seconds, Stopping threads took: 0.0001139 seconds
[2022-06-13T02:10:50.960+0000][1][safepoint    ] Application time: 0.0000685 seconds
[2022-06-13T02:10:50.960+0000][1][safepoint    ] Entering safepoint region: RevokeBias
[2022-06-13T02:10:50.960+0000][1][safepoint    ] Leaving safepoint region
[2022-06-13T02:10:50.960+0000][1][safepoint    ] Total time for which application threads were stopped: 0.0003146 seconds, Stopping threads took: 0.0001478 seconds
[2022-06-13T02:10:50.960+0000][1][safepoint    ] Application time: 0.0000800 seconds
[2022-06-13T02:10:50.961+0000][1][safepoint    ] Entering safepoint region: RevokeBias
[2022-06-13T02:10:50.961+0000][1][safepoint    ] Leaving safepoint region
[2022-06-13T02:10:50.961+0000][1][safepoint    ] Total time for which application threads were stopped: 0.0002737 seconds, Stopping threads took: 0.0001129 seconds
[2022-06-13T02:10:50.961+0000][1][safepoint    ] Application time: 0.0000824 seconds
[2022-06-13T02:10:50.961+0000][1][safepoint    ] Entering safepoint region: RevokeBias
[2022-06-13T02:10:50.961+0000][1][safepoint    ] Leaving safepoint region
[2022-06-13T02:10:50.961+0000][1][safepoint    ] Total time for which application threads were stopped: 0.0003168 seconds, Stopping threads took: 0.0001163 seconds
[2022-06-13T02:10:50.962+0000][1][safepoint    ] Application time: 0.0001114 seconds
[2022-06-13T02:10:50.962+0000][1][safepoint    ] Entering safepoint region: RevokeBias
[2022-06-13T02:10:50.962+0000][1][safepoint    ] Leaving safepoint region
[2022-06-13T02:10:50.962+0000][1][safepoint    ] Total time for which application threads were stopped: 0.0005417 seconds, Stopping threads took: 0.0003811 seconds
[2022-06-13T02:10:50.963+0000][1][safepoint    ] Application time: 0.0000910 seconds
[2022-06-13T02:10:50.963+0000][1][safepoint    ] Entering safepoint region: RevokeBias
[2022-06-13T02:10:50.963+0000][1][safepoint    ] Leaving safepoint region
[2022-06-13T02:10:50.963+0000][1][safepoint    ] Total time for which application threads were stopped: 0.0003565 seconds, Stopping threads took: 0.0001551 seconds
[2022-06-13T02:10:50.963+0000][1][safepoint    ] Application time: 0.0001034 seconds
[2022-06-13T02:10:50.963+0000][1][safepoint    ] Entering safepoint region: RevokeBias
[2022-06-13T02:10:50.964+0000][1][safepoint    ] Leaving safepoint region
[2022-06-13T02:10:50.964+0000][1][safepoint    ] Total time for which application threads were stopped: 0.0003065 seconds, Stopping threads took: 0.0001434 seconds
[2022-06-13T02:10:50.964+0000][1][safepoint    ] Application time: 0.0000608 seconds
[2022-06-13T02:10:50.964+0000][1][safepoint    ] Entering safepoint region: RevokeBias
[2022-06-13T02:10:50.964+0000][1][safepoint    ] Leaving safepoint region
[2022-06-13T02:10:50.964+0000][1][safepoint    ] Total time for which application threads were stopped: 0.0002615 seconds, Stopping threads took: 0.0001140 seconds
[2022-06-13T02:10:50.964+0000][1][safepoint    ] Application time: 0.0000632 seconds
[2022-06-13T02:10:50.965+0000][1][safepoint    ] Entering safepoint region: RevokeBias
[2022-06-13T02:10:50.965+0000][1][safepoint    ] Leaving safepoint region
[2022-06-13T02:10:50.965+0000][1][safepoint    ] Total time for which application threads were stopped: 0.0002163 seconds, Stopping threads took: 0.0000967 seconds
[2022-06-13T02:10:50.965+0000][1][safepoint    ] Application time: 0.0000535 seconds
[2022-06-13T02:10:50.965+0000][1][safepoint    ] Entering safepoint region: RevokeBias
[2022-06-13T02:10:50.965+0000][1][safepoint    ] Leaving safepoint region
[2022-06-13T02:10:50.965+0000][1][safepoint    ] Total time for which application threads were stopped: 0.0002372 seconds, Stopping threads took: 0.0000939 seconds
[2022-06-13T02:10:50.966+0000][1][safepoint    ] Application time: 0.0000792 seconds
[2022-06-13T02:10:50.966+0000][1][safepoint    ] Entering safepoint region: RevokeBias
[2022-06-13T02:10:50.966+0000][1][safepoint    ] Leaving safepoint region
[2022-06-13T02:10:50.966+0000][1][safepoint    ] Total time for which application threads were stopped: 0.0003317 seconds, Stopping threads took: 0.0001557 seconds
[2022-06-13T02:10:50.966+0000][1][safepoint    ] Application time: 0.0000602 seconds
[2022-06-13T02:10:50.966+0000][1][safepoint    ] Entering safepoint region: RevokeBias
[2022-06-13T02:10:50.966+0000][1][safepoint    ] Leaving safepoint region
[2022-06-13T02:10:50.967+0000][1][safepoint    ] Total time for which application threads were stopped: 0.0002556 seconds, Stopping threads took: 0.0001256 seconds
[2022-06-13T02:10:50.967+0000][1][safepoint    ] Application time: 0.0000709 seconds
[2022-06-13T02:10:50.967+0000][1][safepoint    ] Entering safepoint region: RevokeBias
[2022-06-13T02:10:50.967+0000][1][safepoint    ] Leaving safepoint region
[2022-06-13T02:10:50.967+0000][1][safepoint    ] Total time for which application threads were stopped: 0.0002457 seconds, Stopping threads took: 0.0001032 seconds
[2022-06-13T02:10:50.967+0000][1][safepoint    ] Application time: 0.0000643 seconds
[2022-06-13T02:10:50.967+0000][1][safepoint    ] Entering safepoint region: RevokeBias
[2022-06-13T02:10:50.968+0000][1][safepoint    ] Leaving safepoint region
[2022-06-13T02:10:50.968+0000][1][safepoint    ] Total time for which application threads were stopped: 0.0002661 seconds, Stopping threads took: 0.0001103 seconds
[2022-06-13T02:10:50.968+0000][1][safepoint    ] Application time: 0.0000753 seconds
[2022-06-13T02:10:50.968+0000][1][safepoint    ] Entering safepoint region: RevokeBias
[2022-06-13T02:10:50.968+0000][1][safepoint    ] Leaving safepoint region
[2022-06-13T02:10:50.968+0000][1][safepoint    ] Total time for which application threads were stopped: 0.0002865 seconds, Stopping threads took: 0.0001366 seconds
[2022-06-13T02:10:50.968+0000][1][safepoint    ] Application time: 0.0000692 seconds
[2022-06-13T02:10:50.969+0000][1][safepoint    ] Entering safepoint region: RevokeBias
[2022-06-13T02:10:50.969+0000][1][safepoint    ] Leaving safepoint region
[2022-06-13T02:10:50.969+0000][1][safepoint    ] Total time for which application threads were stopped: 0.0003233 seconds, Stopping threads took: 0.0001237 seconds
[2022-06-13T02:10:50.969+0000][1][safepoint    ] Application time: 0.0000874 seconds
[2022-06-13T02:10:50.969+0000][1][safepoint    ] Entering safepoint region: RevokeBias
[2022-06-13T02:10:50.969+0000][1][safepoint    ] Leaving safepoint region
[2022-06-13T02:10:50.970+0000][1][safepoint    ] Total time for which application threads were stopped: 0.0003112 seconds, Stopping threads took: 0.0001323 seconds
[2022-06-13T02:10:50.970+0000][1][safepoint    ] Application time: 0.0000812 seconds
[2022-06-13T02:10:50.970+0000][1][safepoint    ] Entering safepoint region: RevokeBias
[2022-06-13T02:10:50.970+0000][1][safepoint    ] Leaving safepoint region
[2022-06-13T02:10:50.970+0000][1][safepoint    ] Total time for which application threads were stopped: 0.0002831 seconds, Stopping threads took: 0.0001328 seconds
[2022-06-13T02:10:50.970+0000][1][safepoint    ] Application time: 0.0000845 seconds
[2022-06-13T02:10:50.971+0000][1][safepoint    ] Entering safepoint region: RevokeBias
[2022-06-13T02:10:50.971+0000][1][safepoint    ] Leaving safepoint region
[2022-06-13T02:10:50.971+0000][1][safepoint    ] Total time for which application threads were stopped: 0.0002829 seconds, Stopping threads took: 0.0001346 seconds
[2022-06-13T02:10:50.971+0000][1][safepoint    ] Application time: 0.0000450 seconds
[2022-06-13T02:10:50.971+0000][1][safepoint    ] Entering safepoint region: RevokeBias
[2022-06-13T02:10:50.971+0000][1][safepoint    ] Leaving safepoint region
[2022-06-13T02:10:50.971+0000][1][safepoint    ] Total time for which application threads were stopped: 0.0002123 seconds, Stopping threads took: 0.0000875 seconds
[2022-06-13T02:10:50.971+0000][1][safepoint    ] Application time: 0.0000737 seconds
[2022-06-13T02:10:50.972+0000][1][safepoint    ] Entering safepoint region: RevokeBias
[2022-06-13T02:10:50.972+0000][1][safepoint    ] Leaving safepoint region
[2022-06-13T02:10:50.972+0000][1][safepoint    ] Total time for which application threads were stopped: 0.0002777 seconds, Stopping threads took: 0.0001221 seconds
[2022-06-13T02:10:50.972+0000][1][safepoint    ] Application time: 0.0000600 seconds
[2022-06-13T02:10:50.972+0000][1][safepoint    ] Entering safepoint region: RevokeBias
[2022-06-13T02:10:50.972+0000][1][safepoint    ] Leaving safepoint region
[2022-06-13T02:10:50.972+0000][1][safepoint    ] Total time for which application threads were stopped: 0.0002802 seconds, Stopping threads took: 0.0001000 seconds
[2022-06-13T02:10:50.973+0000][1][safepoint    ] Application time: 0.0000505 seconds
[2022-06-13T02:10:50.973+0000][1][safepoint    ] Entering safepoint region: RevokeBias
[2022-06-13T02:10:50.973+0000][1][safepoint    ] Leaving safepoint region
[2022-06-13T02:10:50.973+0000][1][safepoint    ] Total time for which application threads were stopped: 0.0002539 seconds, Stopping threads took: 0.0001361 seconds
[2022-06-13T02:10:50.973+0000][1][safepoint    ] Application time: 0.0000643 seconds
[2022-06-13T02:10:50.973+0000][1][safepoint    ] Entering safepoint region: BulkRevokeBias
[2022-06-13T02:10:50.973+0000][1][safepoint    ] Leaving safepoint region
[2022-06-13T02:10:50.973+0000][1][safepoint    ] Total time for which application threads were stopped: 0.0002510 seconds, Stopping threads took: 0.0000991 seconds
[2022-06-13T02:10:50.974+0000][1][safepoint    ] Application time: 0.0002162 seconds
[2022-06-13T02:10:50.974+0000][1][safepoint    ] Entering safepoint region: RevokeBias
[2022-06-13T02:10:50.974+0000][1][safepoint    ] Leaving safepoint region
[2022-06-13T02:10:50.974+0000][1][safepoint    ] Total time for which application threads were stopped: 0.0002433 seconds, Stopping threads took: 0.0001093 seconds
[2022-06-13T02:10:50.974+0000][1][safepoint    ] Application time: 0.0001131 seconds
[2022-06-13T02:10:50.974+0000][1][safepoint    ] Entering safepoint region: RevokeBias
[2022-06-13T02:10:50.975+0000][1][safepoint    ] Leaving safepoint region
[2022-06-13T02:10:50.975+0000][1][safepoint    ] Total time for which application threads were stopped: 0.0002570 seconds, Stopping threads took: 0.0001100 seconds
[2022-06-13T02:10:50.975+0000][1][safepoint    ] Application time: 0.0001508 seconds
[2022-06-13T02:10:50.975+0000][1][safepoint    ] Entering safepoint region: RevokeBias
[2022-06-13T02:10:50.975+0000][1][safepoint    ] Leaving safepoint region
[2022-06-13T02:10:50.976+0000][1][safepoint    ] Total time for which application threads were stopped: 0.0003182 seconds, Stopping threads took: 0.0001622 seconds
[2022-06-13T02:10:50.976+0000][1][safepoint    ] Application time: 0.0000952 seconds
[2022-06-13T02:10:50.976+0000][1][safepoint    ] Entering safepoint region: RevokeBias
[2022-06-13T02:10:50.976+0000][1][safepoint    ] Leaving safepoint region
[2022-06-13T02:10:50.976+0000][1][safepoint    ] Total time for which application threads were stopped: 0.0003283 seconds, Stopping threads took: 0.0001519 seconds
[2022-06-13T02:10:50.976+0000][1][safepoint    ] Application time: 0.0001237 seconds
[2022-06-13T02:10:50.977+0000][1][safepoint    ] Entering safepoint region: RevokeBias
[2022-06-13T02:10:50.977+0000][1][safepoint    ] Leaving safepoint region
[2022-06-13T02:10:50.977+0000][1][safepoint    ] Total time for which application threads were stopped: 0.0003208 seconds, Stopping threads took: 0.0001413 seconds
[2022-06-13T02:10:50.977+0000][1][safepoint    ] Application time: 0.0000900 seconds
[2022-06-13T02:10:50.977+0000][1][safepoint    ] Entering safepoint region: RevokeBias
[2022-06-13T02:10:50.977+0000][1][safepoint    ] Leaving safepoint region
[2022-06-13T02:10:50.978+0000][1][safepoint    ] Total time for which application threads were stopped: 0.0002974 seconds, Stopping threads took: 0.0001313 seconds
[2022-06-13T02:10:50.978+0000][1][safepoint    ] Application time: 0.0000862 seconds
[2022-06-13T02:10:50.978+0000][1][safepoint    ] Entering safepoint region: RevokeBias
[2022-06-13T02:10:50.978+0000][1][safepoint    ] Leaving safepoint region
[2022-06-13T02:10:50.978+0000][1][safepoint    ] Total time for which application threads were stopped: 0.0002941 seconds, Stopping threads took: 0.0001077 seconds
[2022-06-13T02:10:50.978+0000][1][safepoint    ] Application time: 0.0000866 seconds
[2022-06-13T02:10:50.979+0000][1][safepoint    ] Entering safepoint region: RevokeBias
[2022-06-13T02:10:50.979+0000][1][safepoint    ] Leaving safepoint region
[2022-06-13T02:10:50.979+0000][1][safepoint    ] Total time for which application threads were stopped: 0.0003924 seconds, Stopping threads took: 0.0002438 seconds
[2022-06-13T02:10:50.979+0000][1][safepoint    ] Application time: 0.0001011 seconds
[2022-06-13T02:10:50.979+0000][1][safepoint    ] Entering safepoint region: RevokeBias
[2022-06-13T02:10:50.979+0000][1][safepoint    ] Leaving safepoint region
[2022-06-13T02:10:50.979+0000][1][safepoint    ] Total time for which application threads were stopped: 0.0002509 seconds, Stopping threads took: 0.0001129 seconds
[2022-06-13T02:10:50.980+0000][1][safepoint    ] Application time: 0.0000720 seconds
[2022-06-13T02:10:50.980+0000][1][safepoint    ] Entering safepoint region: RevokeBias
[2022-06-13T02:10:50.980+0000][1][safepoint    ] Leaving safepoint region
[2022-06-13T02:10:50.980+0000][1][safepoint    ] Total time for which application threads were stopped: 0.0002513 seconds, Stopping threads took: 0.0001118 seconds
[2022-06-13T02:10:50.980+0000][1][safepoint    ] Application time: 0.0000705 seconds
[2022-06-13T02:10:50.980+0000][1][safepoint    ] Entering safepoint region: RevokeBias
[2022-06-13T02:10:50.981+0000][1][safepoint    ] Leaving safepoint region
[2022-06-13T02:10:50.981+0000][1][safepoint    ] Total time for which application threads were stopped: 0.0002811 seconds, Stopping threads took: 0.0001203 seconds
[2022-06-13T02:10:50.981+0000][1][safepoint    ] Application time: 0.0000754 seconds
[2022-06-13T02:10:50.981+0000][1][safepoint    ] Entering safepoint region: RevokeBias
[2022-06-13T02:10:50.981+0000][1][safepoint    ] Leaving safepoint region
[2022-06-13T02:10:50.981+0000][1][safepoint    ] Total time for which application threads were stopped: 0.0002603 seconds, Stopping threads took: 0.0001075 seconds
[2022-06-13T02:10:50.981+0000][1][safepoint    ] Application time: 0.0000691 seconds
[2022-06-13T02:10:50.982+0000][1][safepoint    ] Entering safepoint region: RevokeBias
[2022-06-13T02:10:50.982+0000][1][safepoint    ] Leaving safepoint region
[2022-06-13T02:10:50.982+0000][1][safepoint    ] Total time for which application threads were stopped: 0.0002354 seconds, Stopping threads took: 0.0001022 seconds
[2022-06-13T02:10:50.982+0000][1][safepoint    ] Application time: 0.0000645 seconds
[2022-06-13T02:10:50.982+0000][1][safepoint    ] Entering safepoint region: RevokeBias
[2022-06-13T02:10:50.982+0000][1][safepoint    ] Leaving safepoint region
[2022-06-13T02:10:50.982+0000][1][safepoint    ] Total time for which application threads were stopped: 0.0002137 seconds, Stopping threads took: 0.0001033 seconds
[2022-06-13T02:10:50.982+0000][1][safepoint    ] Application time: 0.0000818 seconds
[2022-06-13T02:10:50.983+0000][1][safepoint    ] Entering safepoint region: RevokeBias
[2022-06-13T02:10:50.983+0000][1][safepoint    ] Leaving safepoint region
[2022-06-13T02:10:50.983+0000][1][safepoint    ] Total time for which application threads were stopped: 0.0002280 seconds, Stopping threads took: 0.0000980 seconds
[2022-06-13T02:10:50.983+0000][1][safepoint    ] Application time: 0.0000743 seconds
[2022-06-13T02:10:50.983+0000][1][safepoint    ] Entering safepoint region: RevokeBias
[2022-06-13T02:10:50.983+0000][1][safepoint    ] Leaving safepoint region
[2022-06-13T02:10:50.983+0000][1][safepoint    ] Total time for which application threads were stopped: 0.0002172 seconds, Stopping threads took: 0.0001000 seconds
[2022-06-13T02:10:50.983+0000][1][safepoint    ] Application time: 0.0000720 seconds
[2022-06-13T02:10:50.984+0000][1][safepoint    ] Entering safepoint region: RevokeBias
[2022-06-13T02:10:50.984+0000][1][safepoint    ] Leaving safepoint region
[2022-06-13T02:10:50.984+0000][1][safepoint    ] Total time for which application threads were stopped: 0.0002239 seconds, Stopping threads took: 0.0000918 seconds
[2022-06-13T02:10:50.984+0000][1][safepoint    ] Application time: 0.0000786 seconds
[2022-06-13T02:10:50.984+0000][1][safepoint    ] Entering safepoint region: RevokeBias
[2022-06-13T02:10:50.984+0000][1][safepoint    ] Leaving safepoint region
[2022-06-13T02:10:50.984+0000][1][safepoint    ] Total time for which application threads were stopped: 0.0003070 seconds, Stopping threads took: 0.0001367 seconds
[2022-06-13T02:10:50.985+0000][1][safepoint    ] Application time: 0.0000703 seconds
[2022-06-13T02:10:50.985+0000][1][safepoint    ] Entering safepoint region: RevokeBias
[2022-06-13T02:10:50.985+0000][1][safepoint    ] Leaving safepoint region
[2022-06-13T02:10:50.985+0000][1][safepoint    ] Total time for which application threads were stopped: 0.0002743 seconds, Stopping threads took: 0.0001170 seconds
[2022-06-13T02:10:50.985+0000][1][safepoint    ] Application time: 0.0000744 seconds
[2022-06-13T02:10:50.985+0000][1][safepoint    ] Entering safepoint region: RevokeBias
[2022-06-13T02:10:50.985+0000][1][safepoint    ] Leaving safepoint region
[2022-06-13T02:10:50.986+0000][1][safepoint    ] Total time for which application threads were stopped: 0.0002536 seconds, Stopping threads took: 0.0001156 seconds
[2022-06-13T02:10:50.986+0000][1][safepoint    ] Application time: 0.0000645 seconds
[2022-06-13T02:10:50.986+0000][1][safepoint    ] Entering safepoint region: RevokeBias
[2022-06-13T02:10:50.986+0000][1][safepoint    ] Leaving safepoint region
[2022-06-13T02:10:50.986+0000][1][safepoint    ] Total time for which application threads were stopped: 0.0002906 seconds, Stopping threads took: 0.0001324 seconds
[2022-06-13T02:10:50.986+0000][1][safepoint    ] Application time: 0.0000660 seconds
[2022-06-13T02:10:50.986+0000][1][safepoint    ] Entering safepoint region: RevokeBias
[2022-06-13T02:10:50.987+0000][1][safepoint    ] Leaving safepoint region
[2022-06-13T02:10:50.987+0000][1][safepoint    ] Total time for which application threads were stopped: 0.0002474 seconds, Stopping threads took: 0.0001085 seconds
[2022-06-13T02:10:50.987+0000][1][safepoint    ] Application time: 0.0000670 seconds
[2022-06-13T02:10:50.987+0000][1][safepoint    ] Entering safepoint region: RevokeBias
[2022-06-13T02:10:50.987+0000][1][safepoint    ] Leaving safepoint region
[2022-06-13T02:10:50.987+0000][1][safepoint    ] Total time for which application threads were stopped: 0.0002546 seconds, Stopping threads took: 0.0001084 seconds
[2022-06-13T02:10:50.987+0000][1][safepoint    ] Application time: 0.0000751 seconds
[2022-06-13T02:10:50.988+0000][1][safepoint    ] Entering safepoint region: RevokeBias
[2022-06-13T02:10:50.988+0000][1][safepoint    ] Leaving safepoint region
[2022-06-13T02:10:50.988+0000][1][safepoint    ] Total time for which application threads were stopped: 0.0002483 seconds, Stopping threads took: 0.0001118 seconds
[2022-06-13T02:10:50.988+0000][1][safepoint    ] Application time: 0.0000597 seconds
[2022-06-13T02:10:50.988+0000][1][safepoint    ] Entering safepoint region: BulkRevokeBias
[2022-06-13T02:10:50.988+0000][1][safepoint    ] Leaving safepoint region
[2022-06-13T02:10:50.988+0000][1][safepoint    ] Total time for which application threads were stopped: 0.0003637 seconds, Stopping threads took: 0.0001283 seconds
[2022-06-13T02:10:50.989+0000][1][safepoint    ] Application time: 0.0003898 seconds
[2022-06-13T02:10:50.990+0000][1][safepoint    ] Entering safepoint region: RevokeBias
[2022-06-13T02:10:50.990+0000][1][safepoint    ] Leaving safepoint region
[2022-06-13T02:10:50.990+0000][1][safepoint    ] Total time for which application threads were stopped: 0.0007880 seconds, Stopping threads took: 0.0005899 seconds
[2022-06-13T02:10:50.990+0000][1][safepoint    ] Application time: 0.0001530 seconds
[2022-06-13T02:10:50.990+0000][1][safepoint    ] Entering safepoint region: RevokeBias
[2022-06-13T02:10:50.991+0000][1][safepoint    ] Leaving safepoint region
[2022-06-13T02:10:50.991+0000][1][safepoint    ] Total time for which application threads were stopped: 0.0003565 seconds, Stopping threads took: 0.0001838 seconds
[2022-06-13T02:10:50.991+0000][1][safepoint    ] Application time: 0.0002192 seconds
[2022-06-13T02:10:50.991+0000][1][safepoint    ] Entering safepoint region: RevokeBias
[2022-06-13T02:10:50.991+0000][1][safepoint    ] Leaving safepoint region
[2022-06-13T02:10:50.992+0000][1][safepoint    ] Total time for which application threads were stopped: 0.0003748 seconds, Stopping threads took: 0.0001520 seconds
[2022-06-13T02:10:50.992+0000][1][safepoint    ] Application time: 0.0001003 seconds
[2022-06-13T02:10:50.992+0000][1][safepoint    ] Entering safepoint region: RevokeBias
[2022-06-13T02:10:50.992+0000][1][safepoint    ] Leaving safepoint region
[2022-06-13T02:10:50.992+0000][1][safepoint    ] Total time for which application threads were stopped: 0.0003287 seconds, Stopping threads took: 0.0001385 seconds
[2022-06-13T02:10:50.992+0000][1][safepoint    ] Application time: 0.0000933 seconds
[2022-06-13T02:10:50.993+0000][1][safepoint    ] Entering safepoint region: RevokeBias
[2022-06-13T02:10:50.993+0000][1][safepoint    ] Leaving safepoint region
[2022-06-13T02:10:50.993+0000][1][safepoint    ] Total time for which application threads were stopped: 0.0003300 seconds, Stopping threads took: 0.0001530 seconds
[2022-06-13T02:10:50.993+0000][1][safepoint    ] Application time: 0.0000709 seconds
[2022-06-13T02:10:50.993+0000][1][safepoint    ] Entering safepoint region: RevokeBias
[2022-06-13T02:10:50.993+0000][1][safepoint    ] Leaving safepoint region
[2022-06-13T02:10:50.994+0000][1][safepoint    ] Total time for which application threads were stopped: 0.0003326 seconds, Stopping threads took: 0.0001367 seconds
[2022-06-13T02:10:50.994+0000][1][safepoint    ] Application time: 0.0003445 seconds
[2022-06-13T02:10:50.994+0000][1][safepoint    ] Entering safepoint region: RevokeBias
[2022-06-13T02:10:50.995+0000][1][safepoint    ] Leaving safepoint region
[2022-06-13T02:10:50.995+0000][1][safepoint    ] Total time for which application threads were stopped: 0.0003313 seconds, Stopping threads took: 0.0001367 seconds
[2022-06-13T02:10:50.995+0000][1][safepoint    ] Application time: 0.0002122 seconds
[2022-06-13T02:10:50.995+0000][1][safepoint    ] Entering safepoint region: RevokeBias
[2022-06-13T02:10:50.995+0000][1][safepoint    ] Leaving safepoint region
[2022-06-13T02:10:50.995+0000][1][safepoint    ] Total time for which application threads were stopped: 0.0003219 seconds, Stopping threads took: 0.0001434 seconds
[2022-06-13T02:10:50.996+0000][1][safepoint    ] Application time: 0.0005422 seconds
[2022-06-13T02:10:50.997+0000][1][safepoint    ] Entering safepoint region: RevokeBias
[2022-06-13T02:10:50.997+0000][1][safepoint    ] Leaving safepoint region
[2022-06-13T02:10:50.997+0000][1][safepoint    ] Total time for which application threads were stopped: 0.0006302 seconds, Stopping threads took: 0.0004354 seconds
[2022-06-13T02:10:50.998+0000][1][safepoint    ] Application time: 0.0005122 seconds
[2022-06-13T02:10:50.998+0000][1][safepoint    ] Entering safepoint region: RevokeBias
[2022-06-13T02:10:50.998+0000][1][safepoint    ] Leaving safepoint region
[2022-06-13T02:10:50.998+0000][1][safepoint    ] Total time for which application threads were stopped: 0.0003264 seconds, Stopping threads took: 0.0001590 seconds
[2022-06-13T02:10:50.998+0000][1][safepoint    ] Application time: 0.0001201 seconds
[2022-06-13T02:10:50.999+0000][1][safepoint    ] Entering safepoint region: RevokeBias
[2022-06-13T02:10:50.999+0000][1][safepoint    ] Leaving safepoint region
[2022-06-13T02:10:50.999+0000][1][safepoint    ] Total time for which application threads were stopped: 0.0004189 seconds, Stopping threads took: 0.0002178 seconds
[2022-06-13T02:10:50.999+0000][1][safepoint    ] Application time: 0.0002480 seconds
[2022-06-13T02:10:51.000+0000][1][safepoint    ] Entering safepoint region: RevokeBias
[2022-06-13T02:10:51.000+0000][1][safepoint    ] Leaving safepoint region
[2022-06-13T02:10:51.000+0000][1][safepoint    ] Total time for which application threads were stopped: 0.0003048 seconds, Stopping threads took: 0.0001684 seconds
[2022-06-13T02:10:51.000+0000][1][safepoint    ] Application time: 0.0000917 seconds
[2022-06-13T02:10:51.000+0000][1][safepoint    ] Entering safepoint region: RevokeBias
[2022-06-13T02:10:51.000+0000][1][safepoint    ] Leaving safepoint region
[2022-06-13T02:10:51.001+0000][1][safepoint    ] Total time for which application threads were stopped: 0.0003744 seconds, Stopping threads took: 0.0001667 seconds
[2022-06-13T02:10:51.001+0000][1][safepoint    ] Application time: 0.0002523 seconds
[2022-06-13T02:10:51.001+0000][1][safepoint    ] Entering safepoint region: RevokeBias
[2022-06-13T02:10:51.001+0000][1][safepoint    ] Leaving safepoint region
[2022-06-13T02:10:51.002+0000][1][safepoint    ] Total time for which application threads were stopped: 0.0004322 seconds, Stopping threads took: 0.0001544 seconds
[2022-06-13T02:10:51.002+0000][1][safepoint    ] Application time: 0.0002364 seconds
[2022-06-13T02:10:51.002+0000][1][safepoint    ] Entering safepoint region: RevokeBias
[2022-06-13T02:10:51.002+0000][1][safepoint    ] Leaving safepoint region
[2022-06-13T02:10:51.002+0000][1][safepoint    ] Total time for which application threads were stopped: 0.0003324 seconds, Stopping threads took: 0.0001453 seconds
[2022-06-13T02:10:51.004+0000][1][safepoint    ] Application time: 0.0012604 seconds
[2022-06-13T02:10:51.004+0000][1][safepoint    ] Entering safepoint region: RevokeBias
[2022-06-13T02:10:51.004+0000][1][safepoint    ] Leaving safepoint region
[2022-06-13T02:10:51.004+0000][1][safepoint    ] Total time for which application threads were stopped: 0.0004653 seconds, Stopping threads took: 0.0002813 seconds
[2022-06-13T02:10:51.005+0000][1][safepoint    ] Application time: 0.0001149 seconds
[2022-06-13T02:10:51.005+0000][1][safepoint    ] Entering safepoint region: RevokeBias
[2022-06-13T02:10:51.005+0000][1][safepoint    ] Leaving safepoint region
[2022-06-13T02:10:51.005+0000][1][safepoint    ] Total time for which application threads were stopped: 0.0002275 seconds, Stopping threads took: 0.0000939 seconds
[2022-06-13T02:10:51.005+0000][1][safepoint    ] Application time: 0.0000755 seconds
[2022-06-13T02:10:51.005+0000][1][safepoint    ] Entering safepoint region: RevokeBias
[2022-06-13T02:10:51.005+0000][1][safepoint    ] Leaving safepoint region
[2022-06-13T02:10:51.005+0000][1][safepoint    ] Total time for which application threads were stopped: 0.0001900 seconds, Stopping threads took: 0.0000790 seconds
[2022-06-13T02:10:51.007+0000][1][safepoint    ] Application time: 0.0013508 seconds
[2022-06-13T02:10:51.007+0000][1][safepoint    ] Entering safepoint region: RevokeBias
[2022-06-13T02:10:51.007+0000][1][safepoint    ] Leaving safepoint region
[2022-06-13T02:10:51.008+0000][1][safepoint    ] Total time for which application threads were stopped: 0.0006454 seconds, Stopping threads took: 0.0004781 seconds
[2022-06-13T02:10:51.008+0000][1][safepoint    ] Application time: 0.0000911 seconds
[2022-06-13T02:10:51.008+0000][1][safepoint    ] Entering safepoint region: RevokeBias
[2022-06-13T02:10:51.008+0000][1][safepoint    ] Leaving safepoint region
[2022-06-13T02:10:51.008+0000][1][safepoint    ] Total time for which application threads were stopped: 0.0005588 seconds, Stopping threads took: 0.0004398 seconds
[2022-06-13T02:10:51.009+0000][1][safepoint    ] Application time: 0.0002246 seconds
[2022-06-13T02:10:51.009+0000][1][safepoint    ] Entering safepoint region: RevokeBias
[2022-06-13T02:10:51.009+0000][1][safepoint    ] Leaving safepoint region
[2022-06-13T02:10:51.009+0000][1][safepoint    ] Total time for which application threads were stopped: 0.0002127 seconds, Stopping threads took: 0.0001072 seconds
[2022-06-13T02:10:51.031+0000][1][safepoint    ] Application time: 0.0222788 seconds
[2022-06-13T02:10:51.032+0000][1][safepoint    ] Entering safepoint region: GenCollectForAllocation
[2022-06-13T02:10:51.032+0000][1][gc,start     ] GC(19) Pause Young (Allocation Failure)
[2022-06-13T02:10:51.032+0000][1][gc,task      ] GC(19) Using 5 workers of 13 for evacuation
[2022-06-13T02:10:51.038+0000][1][gc,age       ] GC(19) Desired survivor size 4456448 bytes, new threshold 2 (max threshold 6)
[2022-06-13T02:10:51.038+0000][1][gc,age       ] GC(19) Age table with threshold 2 (max threshold 6)
[2022-06-13T02:10:51.038+0000][1][gc,age       ] GC(19) - age   1:    2968440 bytes,    2968440 total
[2022-06-13T02:10:51.038+0000][1][gc,age       ] GC(19) - age   2:    3872064 bytes,    6840504 total
[2022-06-13T02:10:51.038+0000][1][gc,age       ] GC(19) - age   3:     301864 bytes,    7142368 total
[2022-06-13T02:10:51.039+0000][1][gc,heap      ] GC(19) ParNew: 75183K->8667K(78656K)
[2022-06-13T02:10:51.039+0000][1][gc,heap      ] GC(19) CMS: 55554K->55554K(174784K)
[2022-06-13T02:10:51.039+0000][1][gc,metaspace ] GC(19) Metaspace: 47454K->47454K(1093632K)
[2022-06-13T02:10:51.039+0000][1][gc           ] GC(19) Pause Young (Allocation Failure) 127M->62M(247M) 6.983ms
[2022-06-13T02:10:51.039+0000][1][gc,cpu       ] GC(19) User=0.03s Sys=0.00s Real=0.01s
[2022-06-13T02:10:51.039+0000][1][safepoint    ] Leaving safepoint region
[2022-06-13T02:10:51.039+0000][1][safepoint    ] Total time for which application threads were stopped: 0.0077094 seconds, Stopping threads took: 0.0001174 seconds
[2022-06-13T02:10:51.292+0000][1][safepoint    ] Application time: 0.2528863 seconds
[2022-06-13T02:10:51.293+0000][1][safepoint    ] Entering safepoint region: RevokeBias
[2022-06-13T02:10:51.293+0000][1][safepoint    ] Leaving safepoint region
[2022-06-13T02:10:51.293+0000][1][safepoint    ] Total time for which application threads were stopped: 0.0004189 seconds, Stopping threads took: 0.0001974 seconds
[2022-06-13T02:10:51.477+0000][1][safepoint    ] Application time: 0.1839038 seconds
[2022-06-13T02:10:51.478+0000][1][safepoint    ] Entering safepoint region: GenCollectForAllocation
[2022-06-13T02:10:51.478+0000][1][gc,start     ] GC(20) Pause Young (Allocation Failure)
[2022-06-13T02:10:51.478+0000][1][gc,task      ] GC(20) Using 5 workers of 13 for evacuation
[2022-06-13T02:10:51.485+0000][1][gc,age       ] GC(20) Desired survivor size 4456448 bytes, new threshold 6 (max threshold 6)
[2022-06-13T02:10:51.485+0000][1][gc,age       ] GC(20) Age table with threshold 6 (max threshold 6)
[2022-06-13T02:10:51.485+0000][1][gc,age       ] GC(20) - age   1:    1541088 bytes,    1541088 total
[2022-06-13T02:10:51.485+0000][1][gc,age       ] GC(20) - age   2:    2903800 bytes,    4444888 total
[2022-06-13T02:10:51.485+0000][1][gc,heap      ] GC(20) ParNew: 78619K->6134K(78656K)
[2022-06-13T02:10:51.485+0000][1][gc,heap      ] GC(20) CMS: 55554K->59772K(174784K)
[2022-06-13T02:10:51.485+0000][1][gc,metaspace ] GC(20) Metaspace: 54165K->54165K(1099776K)
[2022-06-13T02:10:51.485+0000][1][gc           ] GC(20) Pause Young (Allocation Failure) 131M->64M(247M) 7.290ms
[2022-06-13T02:10:51.486+0000][1][gc,cpu       ] GC(20) User=0.04s Sys=0.00s Real=0.01s
[2022-06-13T02:10:51.486+0000][1][safepoint    ] Leaving safepoint region
[2022-06-13T02:10:51.486+0000][1][safepoint    ] Total time for which application threads were stopped: 0.0082855 seconds, Stopping threads took: 0.0001598 seconds
[2022-06-13T02:10:51.626+0000][1][safepoint    ] Application time: 0.1404026 seconds
[2022-06-13T02:10:51.626+0000][1][safepoint    ] Entering safepoint region: Deoptimize
[2022-06-13T02:10:51.627+0000][1][safepoint    ] Leaving safepoint region
[2022-06-13T02:10:51.628+0000][1][safepoint    ] Total time for which application threads were stopped: 0.0011148 seconds, Stopping threads took: 0.0001328 seconds
[2022-06-13T02:10:51.652+0000][1][safepoint    ] Application time: 0.0241515 seconds
[2022-06-13T02:10:51.652+0000][1][safepoint    ] Entering safepoint region: RevokeBias
[2022-06-13T02:10:51.652+0000][1][safepoint    ] Leaving safepoint region
[2022-06-13T02:10:51.652+0000][1][safepoint    ] Total time for which application threads were stopped: 0.0003577 seconds, Stopping threads took: 0.0001593 seconds
[2022-06-13T02:10:51.653+0000][1][safepoint    ] Application time: 0.0001553 seconds
[2022-06-13T02:10:51.653+0000][1][safepoint    ] Entering safepoint region: RevokeBias
[2022-06-13T02:10:51.653+0000][1][safepoint    ] Leaving safepoint region
[2022-06-13T02:10:51.653+0000][1][safepoint    ] Total time for which application threads were stopped: 0.0003481 seconds, Stopping threads took: 0.0001601 seconds
[2022-06-13T02:10:51.653+0000][1][safepoint    ] Application time: 0.0001532 seconds
[2022-06-13T02:10:51.654+0000][1][safepoint    ] Entering safepoint region: RevokeBias
[2022-06-13T02:10:51.654+0000][1][safepoint    ] Leaving safepoint region
[2022-06-13T02:10:51.654+0000][1][safepoint    ] Total time for which application threads were stopped: 0.0003649 seconds, Stopping threads took: 0.0001361 seconds
[2022-06-13T02:10:51.656+0000][1][safepoint    ] Application time: 0.0019739 seconds
[2022-06-13T02:10:51.656+0000][1][safepoint    ] Entering safepoint region: RevokeBias
[2022-06-13T02:10:51.656+0000][1][safepoint    ] Leaving safepoint region
[2022-06-13T02:10:51.657+0000][1][safepoint    ] Total time for which application threads were stopped: 0.0003257 seconds, Stopping threads took: 0.0001525 seconds
[2022-06-13T02:10:51.820+0000][1][safepoint    ] Application time: 0.1633201 seconds
[2022-06-13T02:10:51.820+0000][1][safepoint    ] Entering safepoint region: Deoptimize
[2022-06-13T02:10:51.822+0000][1][safepoint    ] Leaving safepoint region
[2022-06-13T02:10:51.822+0000][1][safepoint    ] Total time for which application threads were stopped: 0.0020706 seconds, Stopping threads took: 0.0001103 seconds
[2022-06-13T02:10:51.842+0000][1][safepoint    ] Application time: 0.0200380 seconds
[2022-06-13T02:10:51.843+0000][1][safepoint    ] Entering safepoint region: RevokeBias
[2022-06-13T02:10:51.843+0000][1][safepoint    ] Leaving safepoint region
[2022-06-13T02:10:51.843+0000][1][safepoint    ] Total time for which application threads were stopped: 0.0003549 seconds, Stopping threads took: 0.0001823 seconds
[2022-06-13T02:10:51.881+0000][1][safepoint    ] Application time: 0.0381484 seconds
[2022-06-13T02:10:51.881+0000][1][safepoint    ] Entering safepoint region: BulkRevokeBias
[2022-06-13T02:10:51.882+0000][1][safepoint    ] Leaving safepoint region
[2022-06-13T02:10:51.882+0000][1][safepoint    ] Total time for which application threads were stopped: 0.0005670 seconds, Stopping threads took: 0.0002104 seconds
[2022-06-13T02:10:51.883+0000][1][safepoint    ] Application time: 0.0007416 seconds
[2022-06-13T02:10:51.883+0000][1][safepoint    ] Entering safepoint region: RevokeBias
[2022-06-13T02:10:51.884+0000][1][safepoint    ] Leaving safepoint region
[2022-06-13T02:10:51.884+0000][1][safepoint    ] Total time for which application threads were stopped: 0.0009929 seconds, Stopping threads took: 0.0003588 seconds
[2022-06-13T02:10:52.031+0000][1][safepoint    ] Application time: 0.1462732 seconds
[2022-06-13T02:10:52.031+0000][1][safepoint    ] Entering safepoint region: RevokeBias
[2022-06-13T02:10:52.031+0000][1][safepoint    ] Leaving safepoint region
[2022-06-13T02:10:52.031+0000][1][safepoint    ] Total time for which application threads were stopped: 0.0003952 seconds, Stopping threads took: 0.0001567 seconds
[2022-06-13T02:10:52.032+0000][1][safepoint    ] Application time: 0.0001086 seconds
[2022-06-13T02:10:52.032+0000][1][safepoint    ] Entering safepoint region: RevokeBias
[2022-06-13T02:10:52.032+0000][1][safepoint    ] Leaving safepoint region
[2022-06-13T02:10:52.032+0000][1][safepoint    ] Total time for which application threads were stopped: 0.0002658 seconds, Stopping threads took: 0.0001152 seconds
[2022-06-13T02:10:52.032+0000][1][safepoint    ] Application time: 0.0001401 seconds
[2022-06-13T02:10:52.032+0000][1][safepoint    ] Entering safepoint region: RevokeBias
[2022-06-13T02:10:52.032+0000][1][safepoint    ] Leaving safepoint region
[2022-06-13T02:10:52.032+0000][1][safepoint    ] Total time for which application threads were stopped: 0.0001992 seconds, Stopping threads took: 0.0000909 seconds
[2022-06-13T02:10:52.033+0000][1][safepoint    ] Application time: 0.0000745 seconds
[2022-06-13T02:10:52.033+0000][1][safepoint    ] Entering safepoint region: RevokeBias
[2022-06-13T02:10:52.033+0000][1][safepoint    ] Leaving safepoint region
[2022-06-13T02:10:52.033+0000][1][safepoint    ] Total time for which application threads were stopped: 0.0002881 seconds, Stopping threads took: 0.0001326 seconds
[2022-06-13T02:10:52.033+0000][1][safepoint    ] Application time: 0.0001448 seconds
[2022-06-13T02:10:52.033+0000][1][safepoint    ] Entering safepoint region: RevokeBias
[2022-06-13T02:10:52.034+0000][1][safepoint    ] Leaving safepoint region
[2022-06-13T02:10:52.034+0000][1][safepoint    ] Total time for which application threads were stopped: 0.0002491 seconds, Stopping threads took: 0.0001228 seconds
[2022-06-13T02:10:52.034+0000][1][safepoint    ] Application time: 0.0000782 seconds
[2022-06-13T02:10:52.034+0000][1][safepoint    ] Entering safepoint region: RevokeBias
[2022-06-13T02:10:52.034+0000][1][safepoint    ] Leaving safepoint region
[2022-06-13T02:10:52.034+0000][1][safepoint    ] Total time for which application threads were stopped: 0.0002418 seconds, Stopping threads took: 0.0001262 seconds
[2022-06-13T02:10:52.034+0000][1][safepoint    ] Application time: 0.0001175 seconds
[2022-06-13T02:10:52.035+0000][1][safepoint    ] Entering safepoint region: RevokeBias
[2022-06-13T02:10:52.035+0000][1][safepoint    ] Leaving safepoint region
[2022-06-13T02:10:52.035+0000][1][safepoint    ] Total time for which application threads were stopped: 0.0002958 seconds, Stopping threads took: 0.0001416 seconds
[2022-06-13T02:10:52.099+0000][1][safepoint    ] Application time: 0.0641713 seconds
[2022-06-13T02:10:52.099+0000][1][safepoint    ] Entering safepoint region: RevokeBias
[2022-06-13T02:10:52.100+0000][1][safepoint    ] Leaving safepoint region
[2022-06-13T02:10:52.100+0000][1][safepoint    ] Total time for which application threads were stopped: 0.0002772 seconds, Stopping threads took: 0.0001328 seconds
[2022-06-13T02:10:52.100+0000][1][safepoint    ] Application time: 0.0001805 seconds
[2022-06-13T02:10:52.100+0000][1][safepoint    ] Entering safepoint region: BulkRevokeBias
[2022-06-13T02:10:52.101+0000][1][safepoint    ] Leaving safepoint region
[2022-06-13T02:10:52.101+0000][1][safepoint    ] Total time for which application threads were stopped: 0.0004549 seconds, Stopping threads took: 0.0001959 seconds
[2022-06-13T02:10:52.215+0000][1][safepoint    ] Application time: 0.1139011 seconds
[2022-06-13T02:10:52.215+0000][1][safepoint    ] Entering safepoint region: GenCollectForAllocation
[2022-06-13T02:10:52.215+0000][1][gc,start     ] GC(21) Pause Young (Allocation Failure)
[2022-06-13T02:10:52.215+0000][1][gc,task      ] GC(21) Using 5 workers of 13 for evacuation
[2022-06-13T02:10:52.222+0000][1][gc,age       ] GC(21) Desired survivor size 4456448 bytes, new threshold 2 (max threshold 6)
[2022-06-13T02:10:52.222+0000][1][gc,age       ] GC(21) Age table with threshold 2 (max threshold 6)
[2022-06-13T02:10:52.222+0000][1][gc,age       ] GC(21) - age   1:    3865248 bytes,    3865248 total
[2022-06-13T02:10:52.222+0000][1][gc,age       ] GC(21) - age   2:    1421800 bytes,    5287048 total
[2022-06-13T02:10:52.222+0000][1][gc,age       ] GC(21) - age   3:    2843840 bytes,    8130888 total
[2022-06-13T02:10:52.222+0000][1][gc,heap      ] GC(21) ParNew: 76086K->8704K(78656K)
[2022-06-13T02:10:52.223+0000][1][gc,heap      ] GC(21) CMS: 59772K->60075K(174784K)
[2022-06-13T02:10:52.223+0000][1][gc,metaspace ] GC(21) Metaspace: 62402K->62402K(1105920K)
[2022-06-13T02:10:52.223+0000][1][gc           ] GC(21) Pause Young (Allocation Failure) 132M->67M(247M) 7.603ms
[2022-06-13T02:10:52.223+0000][1][gc,cpu       ] GC(21) User=0.02s Sys=0.00s Real=0.01s
[2022-06-13T02:10:52.223+0000][1][safepoint    ] Leaving safepoint region
[2022-06-13T02:10:52.223+0000][1][safepoint    ] Total time for which application threads were stopped: 0.0081291 seconds, Stopping threads took: 0.0001248 seconds
[2022-06-13T02:10:52.247+0000][1][safepoint    ] Application time: 0.0236189 seconds
[2022-06-13T02:10:52.247+0000][1][safepoint    ] Entering safepoint region: Deoptimize
[2022-06-13T02:10:52.248+0000][1][safepoint    ] Leaving safepoint region
[2022-06-13T02:10:52.248+0000][1][safepoint    ] Total time for which application threads were stopped: 0.0010463 seconds, Stopping threads took: 0.0002875 seconds
[2022-06-13T02:10:52.253+0000][1][safepoint    ] Application time: 0.0045995 seconds
[2022-06-13T02:10:52.253+0000][1][safepoint    ] Entering safepoint region: RevokeBias
[2022-06-13T02:10:52.253+0000][1][safepoint    ] Leaving safepoint region
[2022-06-13T02:10:52.253+0000][1][safepoint    ] Total time for which application threads were stopped: 0.0003115 seconds, Stopping threads took: 0.0001526 seconds
[2022-06-13T02:10:52.254+0000][1][safepoint    ] Application time: 0.0003623 seconds
[2022-06-13T02:10:52.254+0000][1][safepoint    ] Entering safepoint region: RevokeBias
[2022-06-13T02:10:52.255+0000][1][safepoint    ] Leaving safepoint region
[2022-06-13T02:10:52.255+0000][1][safepoint    ] Total time for which application threads were stopped: 0.0005580 seconds, Stopping threads took: 0.0002584 seconds
[2022-06-13T02:10:52.256+0000][1][safepoint    ] Application time: 0.0006111 seconds
[2022-06-13T02:10:52.256+0000][1][safepoint    ] Entering safepoint region: RevokeBias
[2022-06-13T02:10:52.256+0000][1][safepoint    ] Leaving safepoint region
[2022-06-13T02:10:52.256+0000][1][safepoint    ] Total time for which application threads were stopped: 0.0004409 seconds, Stopping threads took: 0.0001857 seconds
[2022-06-13T02:10:52.257+0000][1][safepoint    ] Application time: 0.0003023 seconds
[2022-06-13T02:10:52.257+0000][1][safepoint    ] Entering safepoint region: RevokeBias
[2022-06-13T02:10:52.257+0000][1][safepoint    ] Leaving safepoint region
[2022-06-13T02:10:52.258+0000][1][safepoint    ] Total time for which application threads were stopped: 0.0004449 seconds, Stopping threads took: 0.0002580 seconds
[2022-06-13T02:10:52.258+0000][1][safepoint    ] Application time: 0.0001467 seconds
[2022-06-13T02:10:52.258+0000][1][safepoint    ] Entering safepoint region: RevokeBias
[2022-06-13T02:10:52.258+0000][1][safepoint    ] Leaving safepoint region
[2022-06-13T02:10:52.258+0000][1][safepoint    ] Total time for which application threads were stopped: 0.0001853 seconds, Stopping threads took: 0.0000838 seconds
[2022-06-13T02:10:52.258+0000][1][safepoint    ] Application time: 0.0000736 seconds
[2022-06-13T02:10:52.258+0000][1][safepoint    ] Entering safepoint region: RevokeBias
[2022-06-13T02:10:52.258+0000][1][safepoint    ] Leaving safepoint region
[2022-06-13T02:10:52.259+0000][1][safepoint    ] Total time for which application threads were stopped: 0.0001799 seconds, Stopping threads took: 0.0000823 seconds
[2022-06-13T02:10:52.259+0000][1][safepoint    ] Application time: 0.0001116 seconds
[2022-06-13T02:10:52.259+0000][1][safepoint    ] Entering safepoint region: RevokeBias
[2022-06-13T02:10:52.259+0000][1][safepoint    ] Leaving safepoint region
[2022-06-13T02:10:52.259+0000][1][safepoint    ] Total time for which application threads were stopped: 0.0001849 seconds, Stopping threads took: 0.0000855 seconds
[2022-06-13T02:10:52.259+0000][1][safepoint    ] Application time: 0.0001542 seconds
[2022-06-13T02:10:52.260+0000][1][safepoint    ] Entering safepoint region: RevokeBias
[2022-06-13T02:10:52.260+0000][1][safepoint    ] Leaving safepoint region
[2022-06-13T02:10:52.260+0000][1][safepoint    ] Total time for which application threads were stopped: 0.0001881 seconds, Stopping threads took: 0.0000847 seconds
[2022-06-13T02:10:52.260+0000][1][safepoint    ] Application time: 0.0001442 seconds
[2022-06-13T02:10:52.260+0000][1][safepoint    ] Entering safepoint region: RevokeBias
[2022-06-13T02:10:52.260+0000][1][safepoint    ] Leaving safepoint region
[2022-06-13T02:10:52.260+0000][1][safepoint    ] Total time for which application threads were stopped: 0.0001804 seconds, Stopping threads took: 0.0000827 seconds
[2022-06-13T02:10:52.260+0000][1][safepoint    ] Application time: 0.0000494 seconds
[2022-06-13T02:10:52.260+0000][1][safepoint    ] Entering safepoint region: RevokeBias
[2022-06-13T02:10:52.261+0000][1][safepoint    ] Leaving safepoint region
[2022-06-13T02:10:52.261+0000][1][safepoint    ] Total time for which application threads were stopped: 0.0001865 seconds, Stopping threads took: 0.0000871 seconds
[2022-06-13T02:10:52.261+0000][1][safepoint    ] Application time: 0.0004415 seconds
[2022-06-13T02:10:52.261+0000][1][safepoint    ] Entering safepoint region: RevokeBias
[2022-06-13T02:10:52.261+0000][1][safepoint    ] Leaving safepoint region
[2022-06-13T02:10:52.261+0000][1][safepoint    ] Total time for which application threads were stopped: 0.0001939 seconds, Stopping threads took: 0.0000910 seconds
[2022-06-13T02:10:52.262+0000][1][safepoint    ] Application time: 0.0006966 seconds
[2022-06-13T02:10:52.262+0000][1][safepoint    ] Entering safepoint region: RevokeBias
[2022-06-13T02:10:52.263+0000][1][safepoint    ] Leaving safepoint region
[2022-06-13T02:10:52.263+0000][1][safepoint    ] Total time for which application threads were stopped: 0.0002859 seconds, Stopping threads took: 0.0001496 seconds
[2022-06-13T02:10:52.263+0000][1][safepoint    ] Application time: 0.0000912 seconds
[2022-06-13T02:10:52.263+0000][1][safepoint    ] Entering safepoint region: RevokeBias
[2022-06-13T02:10:52.263+0000][1][safepoint    ] Leaving safepoint region
[2022-06-13T02:10:52.263+0000][1][safepoint    ] Total time for which application threads were stopped: 0.0002203 seconds, Stopping threads took: 0.0001015 seconds
[2022-06-13T02:10:52.265+0000][1][safepoint    ] Application time: 0.0016022 seconds
[2022-06-13T02:10:52.265+0000][1][safepoint    ] Entering safepoint region: Deoptimize
[2022-06-13T02:10:52.266+0000][1][safepoint    ] Leaving safepoint region
[2022-06-13T02:10:52.266+0000][1][safepoint    ] Total time for which application threads were stopped: 0.0007310 seconds, Stopping threads took: 0.0001173 seconds
[2022-06-13T02:10:52.267+0000][1][safepoint    ] Application time: 0.0011412 seconds
[2022-06-13T02:10:52.267+0000][1][safepoint    ] Entering safepoint region: RevokeBias
[2022-06-13T02:10:52.267+0000][1][safepoint    ] Leaving safepoint region
[2022-06-13T02:10:52.267+0000][1][safepoint    ] Total time for which application threads were stopped: 0.0002182 seconds, Stopping threads took: 0.0001074 seconds
[2022-06-13T02:10:52.268+0000][1][safepoint    ] Application time: 0.0001936 seconds
[2022-06-13T02:10:52.268+0000][1][safepoint    ] Entering safepoint region: RevokeBias
[2022-06-13T02:10:52.268+0000][1][safepoint    ] Leaving safepoint region
[2022-06-13T02:10:52.268+0000][1][safepoint    ] Total time for which application threads were stopped: 0.0002717 seconds, Stopping threads took: 0.0001461 seconds
[2022-06-13T02:10:52.268+0000][1][safepoint    ] Application time: 0.0001059 seconds
[2022-06-13T02:10:52.268+0000][1][safepoint    ] Entering safepoint region: RevokeBias
[2022-06-13T02:10:52.268+0000][1][safepoint    ] Leaving safepoint region
[2022-06-13T02:10:52.269+0000][1][safepoint    ] Total time for which application threads were stopped: 0.0002969 seconds, Stopping threads took: 0.0001080 seconds
[2022-06-13T02:10:52.269+0000][1][safepoint    ] Application time: 0.0001993 seconds
[2022-06-13T02:10:52.269+0000][1][safepoint    ] Entering safepoint region: RevokeBias
[2022-06-13T02:10:52.269+0000][1][safepoint    ] Leaving safepoint region
[2022-06-13T02:10:52.269+0000][1][safepoint    ] Total time for which application threads were stopped: 0.0003403 seconds, Stopping threads took: 0.0001788 seconds
[2022-06-13T02:10:52.270+0000][1][safepoint    ] Application time: 0.0001057 seconds
[2022-06-13T02:10:52.270+0000][1][safepoint    ] Entering safepoint region: RevokeBias
[2022-06-13T02:10:52.270+0000][1][safepoint    ] Leaving safepoint region
[2022-06-13T02:10:52.270+0000][1][safepoint    ] Total time for which application threads were stopped: 0.0003043 seconds, Stopping threads took: 0.0001570 seconds
[2022-06-13T02:10:52.278+0000][1][safepoint    ] Application time: 0.0082491 seconds
[2022-06-13T02:10:52.279+0000][1][safepoint    ] Entering safepoint region: RevokeBias
[2022-06-13T02:10:52.279+0000][1][safepoint    ] Leaving safepoint region
[2022-06-13T02:10:52.279+0000][1][safepoint    ] Total time for which application threads were stopped: 0.0003296 seconds, Stopping threads took: 0.0001498 seconds
[2022-06-13T02:10:52.299+0000][1][safepoint    ] Application time: 0.0195890 seconds
[2022-06-13T02:10:52.299+0000][1][safepoint    ] Entering safepoint region: RevokeBias
[2022-06-13T02:10:52.299+0000][1][safepoint    ] Leaving safepoint region
[2022-06-13T02:10:52.299+0000][1][safepoint    ] Total time for which application threads were stopped: 0.0003247 seconds, Stopping threads took: 0.0001248 seconds
[2022-06-13T02:10:52.299+0000][1][safepoint    ] Application time: 0.0000741 seconds
[2022-06-13T02:10:52.300+0000][1][safepoint    ] Entering safepoint region: RevokeBias
[2022-06-13T02:10:52.300+0000][1][safepoint    ] Leaving safepoint region
[2022-06-13T02:10:52.300+0000][1][safepoint    ] Total time for which application threads were stopped: 0.0002767 seconds, Stopping threads took: 0.0001310 seconds
[2022-06-13T02:10:52.300+0000][1][safepoint    ] Application time: 0.0001534 seconds
[2022-06-13T02:10:52.300+0000][1][safepoint    ] Entering safepoint region: RevokeBias
[2022-06-13T02:10:52.300+0000][1][safepoint    ] Leaving safepoint region
[2022-06-13T02:10:52.301+0000][1][safepoint    ] Total time for which application threads were stopped: 0.0003787 seconds, Stopping threads took: 0.0002094 seconds
[2022-06-13T02:10:52.301+0000][1][safepoint    ] Application time: 0.0001071 seconds
[2022-06-13T02:10:52.301+0000][1][safepoint    ] Entering safepoint region: RevokeBias
[2022-06-13T02:10:52.301+0000][1][safepoint    ] Leaving safepoint region
[2022-06-13T02:10:52.301+0000][1][safepoint    ] Total time for which application threads were stopped: 0.0005006 seconds, Stopping threads took: 0.0001899 seconds
[2022-06-13T02:10:52.302+0000][1][safepoint    ] Application time: 0.0004136 seconds
[2022-06-13T02:10:52.302+0000][1][safepoint    ] Entering safepoint region: RevokeBias
[2022-06-13T02:10:52.302+0000][1][safepoint    ] Leaving safepoint region
[2022-06-13T02:10:52.303+0000][1][safepoint    ] Total time for which application threads were stopped: 0.0004409 seconds, Stopping threads took: 0.0002120 seconds
[2022-06-13T02:10:52.303+0000][1][safepoint    ] Application time: 0.0005064 seconds
[2022-06-13T02:10:52.303+0000][1][safepoint    ] Entering safepoint region: RevokeBias
[2022-06-13T02:10:52.304+0000][1][safepoint    ] Leaving safepoint region
[2022-06-13T02:10:52.304+0000][1][safepoint    ] Total time for which application threads were stopped: 0.0006702 seconds, Stopping threads took: 0.0002952 seconds
[2022-06-13T02:10:52.304+0000][1][safepoint    ] Application time: 0.0001815 seconds
[2022-06-13T02:10:52.305+0000][1][safepoint    ] Entering safepoint region: RevokeBias
[2022-06-13T02:10:52.305+0000][1][safepoint    ] Leaving safepoint region
[2022-06-13T02:10:52.306+0000][1][safepoint    ] Total time for which application threads were stopped: 0.0007906 seconds, Stopping threads took: 0.0003512 seconds
[2022-06-13T02:10:52.307+0000][1][safepoint    ] Application time: 0.0007848 seconds
[2022-06-13T02:10:52.307+0000][1][safepoint    ] Entering safepoint region: RevokeBias
[2022-06-13T02:10:52.307+0000][1][safepoint    ] Leaving safepoint region
[2022-06-13T02:10:52.307+0000][1][safepoint    ] Total time for which application threads were stopped: 0.0002671 seconds, Stopping threads took: 0.0001441 seconds
[2022-06-13T02:10:52.307+0000][1][safepoint    ] Application time: 0.0001919 seconds
[2022-06-13T02:10:52.307+0000][1][safepoint    ] Entering safepoint region: RevokeBias
[2022-06-13T02:10:52.308+0000][1][safepoint    ] Leaving safepoint region
[2022-06-13T02:10:52.308+0000][1][safepoint    ] Total time for which application threads were stopped: 0.0002707 seconds, Stopping threads took: 0.0001310 seconds
[2022-06-13T02:10:52.308+0000][1][safepoint    ] Application time: 0.0001906 seconds
[2022-06-13T02:10:52.308+0000][1][safepoint    ] Entering safepoint region: RevokeBias
[2022-06-13T02:10:52.308+0000][1][safepoint    ] Leaving safepoint region
[2022-06-13T02:10:52.309+0000][1][safepoint    ] Total time for which application threads were stopped: 0.0003667 seconds, Stopping threads took: 0.0002228 seconds
[2022-06-13T02:10:52.309+0000][1][safepoint    ] Application time: 0.0001685 seconds
[2022-06-13T02:10:52.309+0000][1][safepoint    ] Entering safepoint region: RevokeBias
[2022-06-13T02:10:52.309+0000][1][safepoint    ] Leaving safepoint region
[2022-06-13T02:10:52.309+0000][1][safepoint    ] Total time for which application threads were stopped: 0.0003638 seconds, Stopping threads took: 0.0001847 seconds
[2022-06-13T02:10:52.310+0000][1][safepoint    ] Application time: 0.0001249 seconds
[2022-06-13T02:10:52.310+0000][1][safepoint    ] Entering safepoint region: RevokeBias
[2022-06-13T02:10:52.310+0000][1][safepoint    ] Leaving safepoint region
[2022-06-13T02:10:52.310+0000][1][safepoint    ] Total time for which application threads were stopped: 0.0003343 seconds, Stopping threads took: 0.0001835 seconds
[2022-06-13T02:10:52.310+0000][1][safepoint    ] Application time: 0.0000739 seconds
[2022-06-13T02:10:52.310+0000][1][safepoint    ] Entering safepoint region: RevokeBias
[2022-06-13T02:10:52.310+0000][1][safepoint    ] Leaving safepoint region
[2022-06-13T02:10:52.311+0000][1][safepoint    ] Total time for which application threads were stopped: 0.0003075 seconds, Stopping threads took: 0.0001657 seconds
[2022-06-13T02:10:52.311+0000][1][safepoint    ] Application time: 0.0006290 seconds
[2022-06-13T02:10:52.312+0000][1][safepoint    ] Entering safepoint region: RevokeBias
[2022-06-13T02:10:52.312+0000][1][safepoint    ] Leaving safepoint region
[2022-06-13T02:10:52.312+0000][1][safepoint    ] Total time for which application threads were stopped: 0.0006040 seconds, Stopping threads took: 0.0002778 seconds
[2022-06-13T02:10:52.312+0000][1][safepoint    ] Application time: 0.0001467 seconds
[2022-06-13T02:10:52.313+0000][1][safepoint    ] Entering safepoint region: RevokeBias
[2022-06-13T02:10:52.313+0000][1][safepoint    ] Leaving safepoint region
[2022-06-13T02:10:52.313+0000][1][safepoint    ] Total time for which application threads were stopped: 0.0005258 seconds, Stopping threads took: 0.0001797 seconds
[2022-06-13T02:10:52.314+0000][1][safepoint    ] Application time: 0.0002249 seconds
[2022-06-13T02:10:52.314+0000][1][safepoint    ] Entering safepoint region: RevokeBias
[2022-06-13T02:10:52.315+0000][1][safepoint    ] Leaving safepoint region
[2022-06-13T02:10:52.315+0000][1][safepoint    ] Total time for which application threads were stopped: 0.0007649 seconds, Stopping threads took: 0.0004577 seconds
[2022-06-13T02:10:52.315+0000][1][safepoint    ] Application time: 0.0002326 seconds
[2022-06-13T02:10:52.316+0000][1][safepoint    ] Entering safepoint region: RevokeBias
[2022-06-13T02:10:52.316+0000][1][safepoint    ] Leaving safepoint region
[2022-06-13T02:10:52.316+0000][1][safepoint    ] Total time for which application threads were stopped: 0.0008111 seconds, Stopping threads took: 0.0006276 seconds
[2022-06-13T02:10:52.317+0000][1][safepoint    ] Application time: 0.0003213 seconds
[2022-06-13T02:10:52.317+0000][1][safepoint    ] Entering safepoint region: RevokeBias
[2022-06-13T02:10:52.317+0000][1][safepoint    ] Leaving safepoint region
[2022-06-13T02:10:52.317+0000][1][safepoint    ] Total time for which application threads were stopped: 0.0004383 seconds, Stopping threads took: 0.0002249 seconds
[2022-06-13T02:10:52.318+0000][1][safepoint    ] Application time: 0.0002128 seconds
[2022-06-13T02:10:52.318+0000][1][safepoint    ] Entering safepoint region: BulkRevokeBias
[2022-06-13T02:10:52.318+0000][1][safepoint    ] Leaving safepoint region
[2022-06-13T02:10:52.319+0000][1][safepoint    ] Total time for which application threads were stopped: 0.0004531 seconds, Stopping threads took: 0.0002475 seconds
[2022-06-13T02:10:52.320+0000][1][safepoint    ] Application time: 0.0018197 seconds
[2022-06-13T02:10:52.321+0000][1][safepoint    ] Entering safepoint region: RevokeBias
[2022-06-13T02:10:52.321+0000][1][safepoint    ] Leaving safepoint region
[2022-06-13T02:10:52.321+0000][1][safepoint    ] Total time for which application threads were stopped: 0.0003123 seconds, Stopping threads took: 0.0001383 seconds
[2022-06-13T02:10:52.321+0000][1][safepoint    ] Application time: 0.0002254 seconds
[2022-06-13T02:10:52.322+0000][1][safepoint    ] Entering safepoint region: RevokeBias
[2022-06-13T02:10:52.322+0000][1][safepoint    ] Leaving safepoint region
[2022-06-13T02:10:52.322+0000][1][safepoint    ] Total time for which application threads were stopped: 0.0003145 seconds, Stopping threads took: 0.0001826 seconds
[2022-06-13T02:10:52.322+0000][1][safepoint    ] Application time: 0.0001376 seconds
[2022-06-13T02:10:52.322+0000][1][safepoint    ] Entering safepoint region: RevokeBias
[2022-06-13T02:10:52.322+0000][1][safepoint    ] Leaving safepoint region
[2022-06-13T02:10:52.323+0000][1][safepoint    ] Total time for which application threads were stopped: 0.0003433 seconds, Stopping threads took: 0.0001320 seconds
[2022-06-13T02:10:52.323+0000][1][safepoint    ] Application time: 0.0006072 seconds
[2022-06-13T02:10:52.323+0000][1][safepoint    ] Entering safepoint region: RevokeBias
[2022-06-13T02:10:52.324+0000][1][safepoint    ] Leaving safepoint region
[2022-06-13T02:10:52.324+0000][1][safepoint    ] Total time for which application threads were stopped: 0.0002568 seconds, Stopping threads took: 0.0001132 seconds
[2022-06-13T02:10:52.324+0000][1][safepoint    ] Application time: 0.0001441 seconds
[2022-06-13T02:10:52.324+0000][1][safepoint    ] Entering safepoint region: RevokeBias
[2022-06-13T02:10:52.324+0000][1][safepoint    ] Leaving safepoint region
[2022-06-13T02:10:52.324+0000][1][safepoint    ] Total time for which application threads were stopped: 0.0003214 seconds, Stopping threads took: 0.0001538 seconds
[2022-06-13T02:10:52.325+0000][1][safepoint    ] Application time: 0.0000531 seconds
[2022-06-13T02:10:52.325+0000][1][safepoint    ] Entering safepoint region: RevokeBias
[2022-06-13T02:10:52.325+0000][1][safepoint    ] Leaving safepoint region
[2022-06-13T02:10:52.325+0000][1][safepoint    ] Total time for which application threads were stopped: 0.0003169 seconds, Stopping threads took: 0.0001508 seconds
[2022-06-13T02:10:52.325+0000][1][safepoint    ] Application time: 0.0001133 seconds
[2022-06-13T02:10:52.325+0000][1][safepoint    ] Entering safepoint region: RevokeBias
[2022-06-13T02:10:52.326+0000][1][safepoint    ] Leaving safepoint region
[2022-06-13T02:10:52.326+0000][1][safepoint    ] Total time for which application threads were stopped: 0.0002945 seconds, Stopping threads took: 0.0001314 seconds
[2022-06-13T02:10:52.326+0000][1][safepoint    ] Application time: 0.0003751 seconds
[2022-06-13T02:10:52.326+0000][1][safepoint    ] Entering safepoint region: RevokeBias
[2022-06-13T02:10:52.327+0000][1][safepoint    ] Leaving safepoint region
[2022-06-13T02:10:52.327+0000][1][safepoint    ] Total time for which application threads were stopped: 0.0003071 seconds, Stopping threads took: 0.0001656 seconds
[2022-06-13T02:10:52.327+0000][1][safepoint    ] Application time: 0.0000672 seconds
[2022-06-13T02:10:52.327+0000][1][safepoint    ] Entering safepoint region: RevokeBias
[2022-06-13T02:10:52.327+0000][1][safepoint    ] Leaving safepoint region
[2022-06-13T02:10:52.327+0000][1][safepoint    ] Total time for which application threads were stopped: 0.0002179 seconds, Stopping threads took: 0.0000881 seconds
[2022-06-13T02:10:52.329+0000][1][safepoint    ] Application time: 0.0018931 seconds
[2022-06-13T02:10:52.329+0000][1][safepoint    ] Entering safepoint region: RevokeBias
[2022-06-13T02:10:52.329+0000][1][safepoint    ] Leaving safepoint region
[2022-06-13T02:10:52.329+0000][1][safepoint    ] Total time for which application threads were stopped: 0.0001744 seconds, Stopping threads took: 0.0000804 seconds
[2022-06-13T02:10:52.330+0000][1][safepoint    ] Application time: 0.0006455 seconds
[2022-06-13T02:10:52.330+0000][1][safepoint    ] Entering safepoint region: RevokeBias
[2022-06-13T02:10:52.331+0000][1][safepoint    ] Leaving safepoint region
[2022-06-13T02:10:52.331+0000][1][safepoint    ] Total time for which application threads were stopped: 0.0003567 seconds, Stopping threads took: 0.0001280 seconds
[2022-06-13T02:10:52.332+0000][1][safepoint    ] Application time: 0.0016861 seconds
[2022-06-13T02:10:52.333+0000][1][safepoint    ] Entering safepoint region: RevokeBias
[2022-06-13T02:10:52.333+0000][1][safepoint    ] Leaving safepoint region
[2022-06-13T02:10:52.333+0000][1][safepoint    ] Total time for which application threads were stopped: 0.0002837 seconds, Stopping threads took: 0.0001497 seconds
[2022-06-13T02:10:52.333+0000][1][safepoint    ] Application time: 0.0003619 seconds
[2022-06-13T02:10:52.333+0000][1][safepoint    ] Entering safepoint region: RevokeBias
[2022-06-13T02:10:52.334+0000][1][safepoint    ] Leaving safepoint region
[2022-06-13T02:10:52.334+0000][1][safepoint    ] Total time for which application threads were stopped: 0.0002372 seconds, Stopping threads took: 0.0001158 seconds
[2022-06-13T02:10:52.334+0000][1][safepoint    ] Application time: 0.0002797 seconds
[2022-06-13T02:10:52.334+0000][1][safepoint    ] Entering safepoint region: RevokeBias
[2022-06-13T02:10:52.334+0000][1][safepoint    ] Leaving safepoint region
[2022-06-13T02:10:52.335+0000][1][safepoint    ] Total time for which application threads were stopped: 0.0004939 seconds, Stopping threads took: 0.0003279 seconds
[2022-06-13T02:10:52.335+0000][1][safepoint    ] Application time: 0.0000738 seconds
[2022-06-13T02:10:52.335+0000][1][safepoint    ] Entering safepoint region: RevokeBias
[2022-06-13T02:10:52.335+0000][1][safepoint    ] Leaving safepoint region
[2022-06-13T02:10:52.335+0000][1][safepoint    ] Total time for which application threads were stopped: 0.0002699 seconds, Stopping threads took: 0.0001409 seconds
[2022-06-13T02:10:52.335+0000][1][safepoint    ] Application time: 0.0000771 seconds
[2022-06-13T02:10:52.336+0000][1][safepoint    ] Entering safepoint region: RevokeBias
[2022-06-13T02:10:52.336+0000][1][safepoint    ] Leaving safepoint region
[2022-06-13T02:10:52.336+0000][1][safepoint    ] Total time for which application threads were stopped: 0.0002936 seconds, Stopping threads took: 0.0001555 seconds
[2022-06-13T02:10:52.337+0000][1][safepoint    ] Application time: 0.0008279 seconds
[2022-06-13T02:10:52.337+0000][1][safepoint    ] Entering safepoint region: RevokeBias
[2022-06-13T02:10:52.337+0000][1][safepoint    ] Leaving safepoint region
[2022-06-13T02:10:52.337+0000][1][safepoint    ] Total time for which application threads were stopped: 0.0002603 seconds, Stopping threads took: 0.0001401 seconds
[2022-06-13T02:10:52.337+0000][1][safepoint    ] Application time: 0.0000783 seconds
[2022-06-13T02:10:52.337+0000][1][safepoint    ] Entering safepoint region: RevokeBias
[2022-06-13T02:10:52.338+0000][1][safepoint    ] Leaving safepoint region
[2022-06-13T02:10:52.338+0000][1][safepoint    ] Total time for which application threads were stopped: 0.0002968 seconds, Stopping threads took: 0.0001380 seconds
[2022-06-13T02:10:52.339+0000][1][safepoint    ] Application time: 0.0009254 seconds
[2022-06-13T02:10:52.339+0000][1][safepoint    ] Entering safepoint region: RevokeBias
[2022-06-13T02:10:52.339+0000][1][safepoint    ] Leaving safepoint region
[2022-06-13T02:10:52.339+0000][1][safepoint    ] Total time for which application threads were stopped: 0.0004351 seconds, Stopping threads took: 0.0002027 seconds
[2022-06-13T02:10:52.339+0000][1][safepoint    ] Application time: 0.0000726 seconds
[2022-06-13T02:10:52.340+0000][1][safepoint    ] Entering safepoint region: RevokeBias
[2022-06-13T02:10:52.340+0000][1][safepoint    ] Leaving safepoint region
[2022-06-13T02:10:52.340+0000][1][safepoint    ] Total time for which application threads were stopped: 0.0003264 seconds, Stopping threads took: 0.0002090 seconds
[2022-06-13T02:10:52.342+0000][1][safepoint    ] Application time: 0.0018590 seconds
[2022-06-13T02:10:52.342+0000][1][safepoint    ] Entering safepoint region: RevokeBias
[2022-06-13T02:10:52.342+0000][1][safepoint    ] Leaving safepoint region
[2022-06-13T02:10:52.342+0000][1][safepoint    ] Total time for which application threads were stopped: 0.0002313 seconds, Stopping threads took: 0.0001082 seconds
[2022-06-13T02:10:52.342+0000][1][safepoint    ] Application time: 0.0001289 seconds
[2022-06-13T02:10:52.343+0000][1][safepoint    ] Entering safepoint region: RevokeBias
[2022-06-13T02:10:52.343+0000][1][safepoint    ] Leaving safepoint region
[2022-06-13T02:10:52.343+0000][1][safepoint    ] Total time for which application threads were stopped: 0.0002433 seconds, Stopping threads took: 0.0001214 seconds
[2022-06-13T02:10:52.343+0000][1][safepoint    ] Application time: 0.0001145 seconds
[2022-06-13T02:10:52.343+0000][1][safepoint    ] Entering safepoint region: RevokeBias
[2022-06-13T02:10:52.343+0000][1][safepoint    ] Leaving safepoint region
[2022-06-13T02:10:52.343+0000][1][safepoint    ] Total time for which application threads were stopped: 0.0001921 seconds, Stopping threads took: 0.0000901 seconds
[2022-06-13T02:10:52.343+0000][1][safepoint    ] Application time: 0.0000621 seconds
[2022-06-13T02:10:52.343+0000][1][safepoint    ] Entering safepoint region: RevokeBias
[2022-06-13T02:10:52.344+0000][1][safepoint    ] Leaving safepoint region
[2022-06-13T02:10:52.344+0000][1][safepoint    ] Total time for which application threads were stopped: 0.0002566 seconds, Stopping threads took: 0.0001154 seconds
[2022-06-13T02:10:52.345+0000][1][safepoint    ] Application time: 0.0015517 seconds
[2022-06-13T02:10:52.346+0000][1][safepoint    ] Entering safepoint region: RevokeBias
[2022-06-13T02:10:52.346+0000][1][safepoint    ] Leaving safepoint region
[2022-06-13T02:10:52.346+0000][1][safepoint    ] Total time for which application threads were stopped: 0.0002281 seconds, Stopping threads took: 0.0001145 seconds
[2022-06-13T02:10:52.346+0000][1][safepoint    ] Application time: 0.0001075 seconds
[2022-06-13T02:10:52.346+0000][1][safepoint    ] Entering safepoint region: RevokeBias
[2022-06-13T02:10:52.346+0000][1][safepoint    ] Leaving safepoint region
[2022-06-13T02:10:52.346+0000][1][safepoint    ] Total time for which application threads were stopped: 0.0002426 seconds, Stopping threads took: 0.0001314 seconds
[2022-06-13T02:10:52.347+0000][1][safepoint    ] Application time: 0.0001147 seconds
[2022-06-13T02:10:52.347+0000][1][safepoint    ] Entering safepoint region: RevokeBias
[2022-06-13T02:10:52.347+0000][1][safepoint    ] Leaving safepoint region
[2022-06-13T02:10:52.347+0000][1][safepoint    ] Total time for which application threads were stopped: 0.0002628 seconds, Stopping threads took: 0.0001502 seconds
[2022-06-13T02:10:52.347+0000][1][safepoint    ] Application time: 0.0001102 seconds
[2022-06-13T02:10:52.347+0000][1][safepoint    ] Entering safepoint region: RevokeBias
[2022-06-13T02:10:52.347+0000][1][safepoint    ] Leaving safepoint region
[2022-06-13T02:10:52.348+0000][1][safepoint    ] Total time for which application threads were stopped: 0.0002373 seconds, Stopping threads took: 0.0001292 seconds
[2022-06-13T02:10:52.349+0000][1][safepoint    ] Application time: 0.0010735 seconds
[2022-06-13T02:10:52.349+0000][1][safepoint    ] Entering safepoint region: RevokeBias
[2022-06-13T02:10:52.349+0000][1][safepoint    ] Leaving safepoint region
[2022-06-13T02:10:52.349+0000][1][safepoint    ] Total time for which application threads were stopped: 0.0003371 seconds, Stopping threads took: 0.0001269 seconds
[2022-06-13T02:10:52.886+0000][1][safepoint    ] Application time: 0.5363531 seconds
[2022-06-13T02:10:52.886+0000][1][safepoint    ] Entering safepoint region: RevokeBias
[2022-06-13T02:10:52.887+0000][1][safepoint    ] Leaving safepoint region
[2022-06-13T02:10:52.888+0000][1][safepoint    ] Total time for which application threads were stopped: 0.0013838 seconds, Stopping threads took: 0.0006270 seconds
[2022-06-13T02:10:53.093+0000][1][safepoint    ] Application time: 0.2047883 seconds
[2022-06-13T02:10:53.093+0000][1][safepoint    ] Entering safepoint region: RevokeBias
[2022-06-13T02:10:53.094+0000][1][safepoint    ] Leaving safepoint region
[2022-06-13T02:10:53.094+0000][1][safepoint    ] Total time for which application threads were stopped: 0.0005550 seconds, Stopping threads took: 0.0003001 seconds
[2022-06-13T02:10:53.094+0000][1][safepoint    ] Application time: 0.0001185 seconds
[2022-06-13T02:10:53.095+0000][1][safepoint    ] Entering safepoint region: RevokeBias
[2022-06-13T02:10:53.095+0000][1][safepoint    ] Leaving safepoint region
[2022-06-13T02:10:53.095+0000][1][safepoint    ] Total time for which application threads were stopped: 0.0003621 seconds, Stopping threads took: 0.0002187 seconds
[2022-06-13T02:10:53.095+0000][1][safepoint    ] Application time: 0.0000719 seconds
[2022-06-13T02:10:53.095+0000][1][safepoint    ] Entering safepoint region: RevokeBias
[2022-06-13T02:10:53.095+0000][1][safepoint    ] Leaving safepoint region
[2022-06-13T02:10:53.096+0000][1][safepoint    ] Total time for which application threads were stopped: 0.0002500 seconds, Stopping threads took: 0.0001047 seconds
[2022-06-13T02:10:53.096+0000][1][safepoint    ] Application time: 0.0000740 seconds
[2022-06-13T02:10:53.096+0000][1][safepoint    ] Entering safepoint region: RevokeBias
[2022-06-13T02:10:53.096+0000][1][safepoint    ] Leaving safepoint region
[2022-06-13T02:10:53.096+0000][1][safepoint    ] Total time for which application threads were stopped: 0.0002239 seconds, Stopping threads took: 0.0000978 seconds
[2022-06-13T02:10:53.096+0000][1][safepoint    ] Application time: 0.0000669 seconds
[2022-06-13T02:10:53.096+0000][1][safepoint    ] Entering safepoint region: RevokeBias
[2022-06-13T02:10:53.096+0000][1][safepoint    ] Leaving safepoint region
[2022-06-13T02:10:53.097+0000][1][safepoint    ] Total time for which application threads were stopped: 0.0002350 seconds, Stopping threads took: 0.0001023 seconds
[2022-06-13T02:10:53.097+0000][1][safepoint    ] Application time: 0.0000775 seconds
[2022-06-13T02:10:53.097+0000][1][safepoint    ] Entering safepoint region: RevokeBias
[2022-06-13T02:10:53.097+0000][1][safepoint    ] Leaving safepoint region
[2022-06-13T02:10:53.097+0000][1][safepoint    ] Total time for which application threads were stopped: 0.0002248 seconds, Stopping threads took: 0.0001012 seconds
[2022-06-13T02:10:53.097+0000][1][safepoint    ] Application time: 0.0000666 seconds
[2022-06-13T02:10:53.097+0000][1][safepoint    ] Entering safepoint region: RevokeBias
[2022-06-13T02:10:53.097+0000][1][safepoint    ] Leaving safepoint region
[2022-06-13T02:10:53.098+0000][1][safepoint    ] Total time for which application threads were stopped: 0.0002296 seconds, Stopping threads took: 0.0001006 seconds
[2022-06-13T02:10:53.098+0000][1][safepoint    ] Application time: 0.0000592 seconds
[2022-06-13T02:10:53.098+0000][1][safepoint    ] Entering safepoint region: RevokeBias
[2022-06-13T02:10:53.098+0000][1][safepoint    ] Leaving safepoint region
[2022-06-13T02:10:53.098+0000][1][safepoint    ] Total time for which application threads were stopped: 0.0001939 seconds, Stopping threads took: 0.0000878 seconds
[2022-06-13T02:10:53.300+0000][1][safepoint    ] Application time: 0.2013576 seconds
[2022-06-13T02:10:53.300+0000][1][safepoint    ] Entering safepoint region: RevokeBias
[2022-06-13T02:10:53.300+0000][1][safepoint    ] Leaving safepoint region
[2022-06-13T02:10:53.300+0000][1][safepoint    ] Total time for which application threads were stopped: 0.0005772 seconds, Stopping threads took: 0.0003027 seconds
[2022-06-13T02:10:54.301+0000][1][safepoint    ] Application time: 1.0001089 seconds
[2022-06-13T02:10:54.301+0000][1][safepoint    ] Entering safepoint region: Cleanup
[2022-06-13T02:10:54.302+0000][1][safepoint    ] Leaving safepoint region
[2022-06-13T02:10:54.302+0000][1][safepoint    ] Total time for which application threads were stopped: 0.0008655 seconds, Stopping threads took: 0.0003317 seconds
[2022-06-13T02:10:55.303+0000][1][safepoint    ] Application time: 1.0001077 seconds
[2022-06-13T02:10:55.303+0000][1][safepoint    ] Entering safepoint region: Cleanup
[2022-06-13T02:10:55.304+0000][1][safepoint    ] Leaving safepoint region
[2022-06-13T02:10:55.304+0000][1][safepoint    ] Total time for which application threads were stopped: 0.0007797 seconds, Stopping threads took: 0.0003796 seconds
[2022-06-13T02:10:55.341+0000][1][safepoint    ] Application time: 0.0367545 seconds
[2022-06-13T02:10:55.342+0000][1][safepoint    ] Entering safepoint region: RevokeBias
[2022-06-13T02:10:55.342+0000][1][safepoint    ] Leaving safepoint region
[2022-06-13T02:10:55.342+0000][1][safepoint    ] Total time for which application threads were stopped: 0.0010883 seconds, Stopping threads took: 0.0006526 seconds
[2022-06-13T02:10:55.343+0000][1][safepoint    ] Application time: 0.0003909 seconds
[2022-06-13T02:10:55.344+0000][1][safepoint    ] Entering safepoint region: RevokeBias
[2022-06-13T02:10:55.344+0000][1][safepoint    ] Leaving safepoint region
[2022-06-13T02:10:55.344+0000][1][safepoint    ] Total time for which application threads were stopped: 0.0008350 seconds, Stopping threads took: 0.0004430 seconds
[2022-06-13T02:10:55.345+0000][1][safepoint    ] Application time: 0.0002863 seconds
[2022-06-13T02:10:55.346+0000][1][safepoint    ] Entering safepoint region: RevokeBias
[2022-06-13T02:10:55.346+0000][1][safepoint    ] Leaving safepoint region
[2022-06-13T02:10:55.346+0000][1][safepoint    ] Total time for which application threads were stopped: 0.0007801 seconds, Stopping threads took: 0.0004792 seconds
[2022-06-13T02:10:56.302+0000][1][safepoint    ] Application time: 0.9558447 seconds
[2022-06-13T02:10:56.303+0000][1][safepoint    ] Entering safepoint region: RevokeBias
[2022-06-13T02:10:56.303+0000][1][safepoint    ] Leaving safepoint region
[2022-06-13T02:10:56.303+0000][1][safepoint    ] Total time for which application threads were stopped: 0.0008049 seconds, Stopping threads took: 0.0003579 seconds
[2022-06-13T02:10:56.304+0000][1][safepoint    ] Application time: 0.0003264 seconds
[2022-06-13T02:10:56.304+0000][1][safepoint    ] Entering safepoint region: RevokeBias
[2022-06-13T02:10:56.305+0000][1][safepoint    ] Leaving safepoint region
[2022-06-13T02:10:56.305+0000][1][safepoint    ] Total time for which application threads were stopped: 0.0007516 seconds, Stopping threads took: 0.0003687 seconds
[2022-06-13T02:10:56.306+0000][1][safepoint    ] Application time: 0.0001158 seconds
[2022-06-13T02:10:56.306+0000][1][safepoint    ] Entering safepoint region: RevokeBias
[2022-06-13T02:10:56.306+0000][1][safepoint    ] Leaving safepoint region
[2022-06-13T02:10:56.307+0000][1][safepoint    ] Total time for which application threads were stopped: 0.0004224 seconds, Stopping threads took: 0.0002400 seconds
[2022-06-13T02:10:56.307+0000][1][safepoint    ] Application time: 0.0002271 seconds
[2022-06-13T02:10:56.307+0000][1][safepoint    ] Entering safepoint region: RevokeBias
[2022-06-13T02:10:56.307+0000][1][safepoint    ] Leaving safepoint region
[2022-06-13T02:10:56.308+0000][1][safepoint    ] Total time for which application threads were stopped: 0.0003415 seconds, Stopping threads took: 0.0001389 seconds
[2022-06-13T02:10:56.308+0000][1][safepoint    ] Application time: 0.0001526 seconds
[2022-06-13T02:10:56.308+0000][1][safepoint    ] Entering safepoint region: RevokeBias
[2022-06-13T02:10:56.308+0000][1][safepoint    ] Leaving safepoint region
[2022-06-13T02:10:56.309+0000][1][safepoint    ] Total time for which application threads were stopped: 0.0004422 seconds, Stopping threads took: 0.0002062 seconds
[2022-06-13T02:10:56.309+0000][1][safepoint    ] Application time: 0.0001030 seconds
[2022-06-13T02:10:56.309+0000][1][safepoint    ] Entering safepoint region: RevokeBias
[2022-06-13T02:10:56.309+0000][1][safepoint    ] Leaving safepoint region
[2022-06-13T02:10:56.309+0000][1][safepoint    ] Total time for which application threads were stopped: 0.0004935 seconds, Stopping threads took: 0.0002525 seconds
[2022-06-13T02:10:56.310+0000][1][safepoint    ] Application time: 0.0002240 seconds
[2022-06-13T02:10:56.310+0000][1][safepoint    ] Entering safepoint region: RevokeBias
[2022-06-13T02:10:56.310+0000][1][safepoint    ] Leaving safepoint region
[2022-06-13T02:10:56.311+0000][1][safepoint    ] Total time for which application threads were stopped: 0.0003445 seconds, Stopping threads took: 0.0001163 seconds
[2022-06-13T02:10:57.311+0000][1][safepoint    ] Application time: 1.0000944 seconds
[2022-06-13T02:10:57.311+0000][1][safepoint    ] Entering safepoint region: Cleanup
[2022-06-13T02:10:57.311+0000][1][safepoint    ] Leaving safepoint region
[2022-06-13T02:10:57.311+0000][1][safepoint    ] Total time for which application threads were stopped: 0.0003797 seconds, Stopping threads took: 0.0001735 seconds
[2022-06-13T02:10:59.302+0000][1][safepoint    ] Application time: 1.9904705 seconds
[2022-06-13T02:10:59.303+0000][1][safepoint    ] Entering safepoint region: RevokeBias
[2022-06-13T02:10:59.303+0000][1][safepoint    ] Leaving safepoint region
[2022-06-13T02:10:59.304+0000][1][safepoint    ] Total time for which application threads were stopped: 0.0012817 seconds, Stopping threads took: 0.0007941 seconds
[2022-06-13T02:10:59.304+0000][1][safepoint    ] Application time: 0.0002019 seconds
[2022-06-13T02:10:59.305+0000][1][safepoint    ] Entering safepoint region: RevokeBias
[2022-06-13T02:10:59.305+0000][1][safepoint    ] Leaving safepoint region
[2022-06-13T02:10:59.305+0000][1][safepoint    ] Total time for which application threads were stopped: 0.0007397 seconds, Stopping threads took: 0.0003103 seconds
[2022-06-13T02:10:59.306+0000][1][safepoint    ] Application time: 0.0002801 seconds
[2022-06-13T02:10:59.307+0000][1][safepoint    ] Entering safepoint region: RevokeBias
[2022-06-13T02:10:59.307+0000][1][safepoint    ] Leaving safepoint region
[2022-06-13T02:10:59.307+0000][1][safepoint    ] Total time for which application threads were stopped: 0.0010861 seconds, Stopping threads took: 0.0006101 seconds
[2022-06-13T02:11:00.304+0000][1][safepoint    ] Application time: 0.9961150 seconds
[2022-06-13T02:11:00.304+0000][1][safepoint    ] Entering safepoint region: RevokeBias
[2022-06-13T02:11:00.305+0000][1][safepoint    ] Leaving safepoint region
[2022-06-13T02:11:00.305+0000][1][safepoint    ] Total time for which application threads were stopped: 0.0010838 seconds, Stopping threads took: 0.0004580 seconds
[2022-06-13T02:11:00.306+0000][1][safepoint    ] Application time: 0.0003611 seconds
[2022-06-13T02:11:00.306+0000][1][safepoint    ] Entering safepoint region: RevokeBias
[2022-06-13T02:11:00.307+0000][1][safepoint    ] Leaving safepoint region
[2022-06-13T02:11:00.307+0000][1][safepoint    ] Total time for which application threads were stopped: 0.0009205 seconds, Stopping threads took: 0.0003659 seconds
[2022-06-13T02:11:00.308+0000][1][safepoint    ] Application time: 0.0002498 seconds
[2022-06-13T02:11:00.308+0000][1][safepoint    ] Entering safepoint region: RevokeBias
[2022-06-13T02:11:00.309+0000][1][safepoint    ] Leaving safepoint region
[2022-06-13T02:11:00.309+0000][1][safepoint    ] Total time for which application threads were stopped: 0.0009528 seconds, Stopping threads took: 0.0004817 seconds
[2022-06-13T02:11:00.310+0000][1][safepoint    ] Application time: 0.0002520 seconds
[2022-06-13T02:11:00.310+0000][1][safepoint    ] Entering safepoint region: RevokeBias
[2022-06-13T02:11:00.310+0000][1][safepoint    ] Leaving safepoint region
[2022-06-13T02:11:00.311+0000][1][safepoint    ] Total time for which application threads were stopped: 0.0003602 seconds, Stopping threads took: 0.0001568 seconds
[2022-06-13T02:11:00.311+0000][1][safepoint    ] Application time: 0.0001159 seconds
[2022-06-13T02:11:00.311+0000][1][safepoint    ] Entering safepoint region: RevokeBias
[2022-06-13T02:11:00.311+0000][1][safepoint    ] Leaving safepoint region
[2022-06-13T02:11:00.312+0000][1][safepoint    ] Total time for which application threads were stopped: 0.0002966 seconds, Stopping threads took: 0.0001711 seconds
[2022-06-13T02:11:00.312+0000][1][safepoint    ] Application time: 0.0001892 seconds
[2022-06-13T02:11:00.312+0000][1][safepoint    ] Entering safepoint region: RevokeBias
[2022-06-13T02:11:00.312+0000][1][safepoint    ] Leaving safepoint region
[2022-06-13T02:11:00.312+0000][1][safepoint    ] Total time for which application threads were stopped: 0.0004445 seconds, Stopping threads took: 0.0002696 seconds
[2022-06-13T02:11:00.313+0000][1][safepoint    ] Application time: 0.0002727 seconds
[2022-06-13T02:11:00.313+0000][1][safepoint    ] Entering safepoint region: RevokeBias
[2022-06-13T02:11:00.313+0000][1][safepoint    ] Leaving safepoint region
[2022-06-13T02:11:00.313+0000][1][safepoint    ] Total time for which application threads were stopped: 0.0003400 seconds, Stopping threads took: 0.0001641 seconds
[2022-06-13T02:11:00.803+0000][1][safepoint    ] Application time: 0.4893218 seconds
[2022-06-13T02:11:00.803+0000][1][safepoint    ] Entering safepoint region: RevokeBias
[2022-06-13T02:11:00.804+0000][1][safepoint    ] Leaving safepoint region
[2022-06-13T02:11:00.804+0000][1][safepoint    ] Total time for which application threads were stopped: 0.0006979 seconds, Stopping threads took: 0.0003526 seconds
[2022-06-13T02:11:00.805+0000][1][safepoint    ] Application time: 0.0002646 seconds
[2022-06-13T02:11:00.805+0000][1][safepoint    ] Entering safepoint region: RevokeBias
[2022-06-13T02:11:00.805+0000][1][safepoint    ] Leaving safepoint region
[2022-06-13T02:11:00.806+0000][1][safepoint    ] Total time for which application threads were stopped: 0.0008614 seconds, Stopping threads took: 0.0003026 seconds
[2022-06-13T02:11:02.806+0000][1][safepoint    ] Application time: 2.0003719 seconds
[2022-06-13T02:11:02.807+0000][1][safepoint    ] Entering safepoint region: Cleanup
[2022-06-13T02:11:02.807+0000][1][safepoint    ] Leaving safepoint region
[2022-06-13T02:11:02.807+0000][1][safepoint    ] Total time for which application threads were stopped: 0.0004484 seconds, Stopping threads took: 0.0002075 seconds
[2022-06-13T02:11:03.304+0000][1][safepoint    ] Application time: 0.4962318 seconds
[2022-06-13T02:11:03.304+0000][1][safepoint    ] Entering safepoint region: RevokeBias
[2022-06-13T02:11:03.305+0000][1][safepoint    ] Leaving safepoint region
[2022-06-13T02:11:03.305+0000][1][safepoint    ] Total time for which application threads were stopped: 0.0012130 seconds, Stopping threads took: 0.0006910 seconds
[2022-06-13T02:11:03.306+0000][1][safepoint    ] Application time: 0.0005130 seconds
[2022-06-13T02:11:03.307+0000][1][safepoint    ] Entering safepoint region: RevokeBias
[2022-06-13T02:11:03.307+0000][1][safepoint    ] Leaving safepoint region
[2022-06-13T02:11:03.307+0000][1][safepoint    ] Total time for which application threads were stopped: 0.0008031 seconds, Stopping threads took: 0.0003429 seconds
[2022-06-13T02:11:04.305+0000][1][safepoint    ] Application time: 0.9970865 seconds
[2022-06-13T02:11:04.305+0000][1][safepoint    ] Entering safepoint region: RevokeBias
[2022-06-13T02:11:04.306+0000][1][safepoint    ] Leaving safepoint region
[2022-06-13T02:11:04.306+0000][1][safepoint    ] Total time for which application threads were stopped: 0.0006904 seconds, Stopping threads took: 0.0003298 seconds
[2022-06-13T02:11:04.307+0000][1][safepoint    ] Application time: 0.0002697 seconds
[2022-06-13T02:11:04.307+0000][1][safepoint    ] Entering safepoint region: RevokeBias
[2022-06-13T02:11:04.307+0000][1][safepoint    ] Leaving safepoint region
[2022-06-13T02:11:04.307+0000][1][safepoint    ] Total time for which application threads were stopped: 0.0002670 seconds, Stopping threads took: 0.0001174 seconds
[2022-06-13T02:11:04.307+0000][1][safepoint    ] Application time: 0.0000929 seconds
[2022-06-13T02:11:04.307+0000][1][safepoint    ] Entering safepoint region: RevokeBias
[2022-06-13T02:11:04.307+0000][1][safepoint    ] Leaving safepoint region
[2022-06-13T02:11:04.307+0000][1][safepoint    ] Total time for which application threads were stopped: 0.0002444 seconds, Stopping threads took: 0.0001063 seconds
[2022-06-13T02:11:04.308+0000][1][safepoint    ] Application time: 0.0001011 seconds
[2022-06-13T02:11:04.308+0000][1][safepoint    ] Entering safepoint region: RevokeBias
[2022-06-13T02:11:04.308+0000][1][safepoint    ] Leaving safepoint region
[2022-06-13T02:11:04.308+0000][1][safepoint    ] Total time for which application threads were stopped: 0.0003577 seconds, Stopping threads took: 0.0001402 seconds
[2022-06-13T02:11:04.308+0000][1][safepoint    ] Application time: 0.0001547 seconds
[2022-06-13T02:11:04.309+0000][1][safepoint    ] Entering safepoint region: RevokeBias
[2022-06-13T02:11:04.309+0000][1][safepoint    ] Leaving safepoint region
[2022-06-13T02:11:04.309+0000][1][safepoint    ] Total time for which application threads were stopped: 0.0005096 seconds, Stopping threads took: 0.0002770 seconds
[2022-06-13T02:11:04.309+0000][1][safepoint    ] Application time: 0.0001243 seconds
[2022-06-13T02:11:04.310+0000][1][safepoint    ] Entering safepoint region: RevokeBias
[2022-06-13T02:11:04.310+0000][1][safepoint    ] Leaving safepoint region
[2022-06-13T02:11:04.310+0000][1][safepoint    ] Total time for which application threads were stopped: 0.0003491 seconds, Stopping threads took: 0.0001594 seconds
[2022-06-13T02:11:04.311+0000][1][safepoint    ] Application time: 0.0004194 seconds
[2022-06-13T02:11:04.311+0000][1][safepoint    ] Entering safepoint region: RevokeBias
[2022-06-13T02:11:04.311+0000][1][safepoint    ] Leaving safepoint region
[2022-06-13T02:11:04.312+0000][1][safepoint    ] Total time for which application threads were stopped: 0.0005919 seconds, Stopping threads took: 0.0002788 seconds
[2022-06-13T02:11:05.312+0000][1][safepoint    ] Application time: 1.0001950 seconds
[2022-06-13T02:11:05.312+0000][1][safepoint    ] Entering safepoint region: Cleanup
[2022-06-13T02:11:05.312+0000][1][safepoint    ] Leaving safepoint region
[2022-06-13T02:11:05.313+0000][1][safepoint    ] Total time for which application threads were stopped: 0.0003913 seconds, Stopping threads took: 0.0001769 seconds
[2022-06-13T02:11:07.306+0000][1][safepoint    ] Application time: 1.9927968 seconds
[2022-06-13T02:11:07.306+0000][1][safepoint    ] Entering safepoint region: RevokeBias
[2022-06-13T02:11:07.307+0000][1][safepoint    ] Leaving safepoint region
[2022-06-13T02:11:07.307+0000][1][safepoint    ] Total time for which application threads were stopped: 0.0012279 seconds, Stopping threads took: 0.0007816 seconds
[2022-06-13T02:11:07.308+0000][1][safepoint    ] Application time: 0.0004126 seconds
[2022-06-13T02:11:07.308+0000][1][safepoint    ] Entering safepoint region: RevokeBias
[2022-06-13T02:11:07.308+0000][1][safepoint    ] Leaving safepoint region
[2022-06-13T02:11:07.309+0000][1][safepoint    ] Total time for which application threads were stopped: 0.0007645 seconds, Stopping threads took: 0.0002147 seconds
[2022-06-13T02:11:08.307+0000][1][safepoint    ] Application time: 0.9973490 seconds
[2022-06-13T02:11:08.307+0000][1][safepoint    ] Entering safepoint region: RevokeBias
[2022-06-13T02:11:08.308+0000][1][safepoint    ] Leaving safepoint region
[2022-06-13T02:11:08.308+0000][1][safepoint    ] Total time for which application threads were stopped: 0.0007893 seconds, Stopping threads took: 0.0001499 seconds
[2022-06-13T02:11:08.308+0000][1][safepoint    ] Application time: 0.0004110 seconds
[2022-06-13T02:11:08.309+0000][1][safepoint    ] Entering safepoint region: RevokeBias
[2022-06-13T02:11:08.309+0000][1][safepoint    ] Leaving safepoint region
[2022-06-13T02:11:08.310+0000][1][safepoint    ] Total time for which application threads were stopped: 0.0009803 seconds, Stopping threads took: 0.0002247 seconds
[2022-06-13T02:11:08.310+0000][1][safepoint    ] Application time: 0.0001652 seconds
[2022-06-13T02:11:08.310+0000][1][safepoint    ] Entering safepoint region: RevokeBias
[2022-06-13T02:11:08.310+0000][1][safepoint    ] Leaving safepoint region
[2022-06-13T02:11:08.311+0000][1][safepoint    ] Total time for which application threads were stopped: 0.0004762 seconds, Stopping threads took: 0.0002589 seconds
[2022-06-13T02:11:08.311+0000][1][safepoint    ] Application time: 0.0002102 seconds
[2022-06-13T02:11:08.311+0000][1][safepoint    ] Entering safepoint region: RevokeBias
[2022-06-13T02:11:08.311+0000][1][safepoint    ] Leaving safepoint region
[2022-06-13T02:11:08.311+0000][1][safepoint    ] Total time for which application threads were stopped: 0.0003374 seconds, Stopping threads took: 0.0001324 seconds
[2022-06-13T02:11:08.312+0000][1][safepoint    ] Application time: 0.0001133 seconds
[2022-06-13T02:11:08.312+0000][1][safepoint    ] Entering safepoint region: RevokeBias
[2022-06-13T02:11:08.312+0000][1][safepoint    ] Leaving safepoint region
[2022-06-13T02:11:08.312+0000][1][safepoint    ] Total time for which application threads were stopped: 0.0004862 seconds, Stopping threads took: 0.0002064 seconds
[2022-06-13T02:11:08.313+0000][1][safepoint    ] Application time: 0.0001909 seconds
[2022-06-13T02:11:08.313+0000][1][safepoint    ] Entering safepoint region: BulkRevokeBias
[2022-06-13T02:11:08.314+0000][1][safepoint    ] Leaving safepoint region
[2022-06-13T02:11:08.315+0000][1][safepoint    ] Total time for which application threads were stopped: 0.0016257 seconds, Stopping threads took: 0.0004402 seconds
[2022-06-13T02:11:09.315+0000][1][safepoint    ] Application time: 1.0002725 seconds
[2022-06-13T02:11:09.316+0000][1][safepoint    ] Entering safepoint region: Cleanup
[2022-06-13T02:11:09.316+0000][1][safepoint    ] Leaving safepoint region
[2022-06-13T02:11:09.316+0000][1][safepoint    ] Total time for which application threads were stopped: 0.0005179 seconds, Stopping threads took: 0.0002896 seconds
[2022-06-13T02:11:10.316+0000][1][safepoint    ] Application time: 1.0001135 seconds
[2022-06-13T02:11:10.317+0000][1][safepoint    ] Entering safepoint region: Cleanup
[2022-06-13T02:11:10.317+0000][1][safepoint    ] Leaving safepoint region
[2022-06-13T02:11:10.317+0000][1][safepoint    ] Total time for which application threads were stopped: 0.0005259 seconds, Stopping threads took: 0.0002049 seconds
[2022-06-13T02:11:11.307+0000][1][safepoint    ] Application time: 0.9895356 seconds
[2022-06-13T02:11:11.308+0000][1][safepoint    ] Entering safepoint region: RevokeBias
[2022-06-13T02:11:11.309+0000][1][safepoint    ] Leaving safepoint region
[2022-06-13T02:11:11.310+0000][1][safepoint    ] Total time for which application threads were stopped: 0.0022032 seconds, Stopping threads took: 0.0011178 seconds
[2022-06-13T02:11:11.312+0000][1][safepoint    ] Application time: 0.0011067 seconds
[2022-06-13T02:11:11.312+0000][1][safepoint    ] Entering safepoint region: RevokeBias
[2022-06-13T02:11:11.313+0000][1][safepoint    ] Leaving safepoint region
[2022-06-13T02:11:11.314+0000][1][safepoint    ] Total time for which application threads were stopped: 0.0014766 seconds, Stopping threads took: 0.0006161 seconds
[2022-06-13T02:11:11.315+0000][1][safepoint    ] Application time: 0.0007244 seconds
[2022-06-13T02:11:11.316+0000][1][safepoint    ] Entering safepoint region: BulkRevokeBias
[2022-06-13T02:11:11.317+0000][1][safepoint    ] Leaving safepoint region
[2022-06-13T02:11:11.318+0000][1][safepoint    ] Total time for which application threads were stopped: 0.0020906 seconds, Stopping threads took: 0.0006905 seconds
[2022-06-13T02:11:11.320+0000][1][safepoint    ] Application time: 0.0020388 seconds
[2022-06-13T02:11:11.321+0000][1][safepoint    ] Entering safepoint region: RevokeBias
[2022-06-13T02:11:11.321+0000][1][safepoint    ] Leaving safepoint region
[2022-06-13T02:11:11.322+0000][1][safepoint    ] Total time for which application threads were stopped: 0.0012040 seconds, Stopping threads took: 0.0006069 seconds
[2022-06-13T02:11:11.323+0000][1][safepoint    ] Application time: 0.0006426 seconds
[2022-06-13T02:11:11.324+0000][1][safepoint    ] Entering safepoint region: RevokeBias
[2022-06-13T02:11:11.325+0000][1][safepoint    ] Leaving safepoint region
[2022-06-13T02:11:11.325+0000][1][safepoint    ] Total time for which application threads were stopped: 0.0012114 seconds, Stopping threads took: 0.0006680 seconds
[2022-06-13T02:11:11.326+0000][1][safepoint    ] Application time: 0.0006054 seconds
[2022-06-13T02:11:11.327+0000][1][safepoint    ] Entering safepoint region: RevokeBias
[2022-06-13T02:11:11.328+0000][1][safepoint    ] Leaving safepoint region
[2022-06-13T02:11:11.329+0000][1][safepoint    ] Total time for which application threads were stopped: 0.0015936 seconds, Stopping threads took: 0.0008918 seconds
[2022-06-13T02:11:12.309+0000][1][safepoint    ] Application time: 0.9795421 seconds
[2022-06-13T02:11:12.309+0000][1][safepoint    ] Entering safepoint region: RevokeBias
[2022-06-13T02:11:12.309+0000][1][safepoint    ] Leaving safepoint region
[2022-06-13T02:11:12.309+0000][1][safepoint    ] Total time for which application threads were stopped: 0.0004354 seconds, Stopping threads took: 0.0001540 seconds
[2022-06-13T02:11:12.310+0000][1][safepoint    ] Application time: 0.0003205 seconds
[2022-06-13T02:11:12.310+0000][1][safepoint    ] Entering safepoint region: RevokeBias
[2022-06-13T02:11:12.310+0000][1][safepoint    ] Leaving safepoint region
[2022-06-13T02:11:12.310+0000][1][safepoint    ] Total time for which application threads were stopped: 0.0005278 seconds, Stopping threads took: 0.0001314 seconds
[2022-06-13T02:11:12.311+0000][1][safepoint    ] Application time: 0.0002712 seconds
[2022-06-13T02:11:12.311+0000][1][safepoint    ] Entering safepoint region: RevokeBias
[2022-06-13T02:11:12.311+0000][1][safepoint    ] Leaving safepoint region
[2022-06-13T02:11:12.311+0000][1][safepoint    ] Total time for which application threads were stopped: 0.0002993 seconds, Stopping threads took: 0.0001347 seconds
[2022-06-13T02:11:13.312+0000][1][safepoint    ] Application time: 1.0002827 seconds
[2022-06-13T02:11:13.312+0000][1][safepoint    ] Entering safepoint region: Cleanup
[2022-06-13T02:11:13.313+0000][1][safepoint    ] Leaving safepoint region
[2022-06-13T02:11:13.313+0000][1][safepoint    ] Total time for which application threads were stopped: 0.0011601 seconds, Stopping threads took: 0.0004634 seconds
[2022-06-13T02:11:14.314+0000][1][safepoint    ] Application time: 1.0001596 seconds
[2022-06-13T02:11:14.315+0000][1][safepoint    ] Entering safepoint region: Cleanup
[2022-06-13T02:11:14.315+0000][1][safepoint    ] Leaving safepoint region
[2022-06-13T02:11:14.315+0000][1][safepoint    ] Total time for which application threads were stopped: 0.0008429 seconds, Stopping threads took: 0.0002724 seconds
[2022-06-13T02:11:14.320+0000][1][safepoint    ] Application time: 0.0045344 seconds
[2022-06-13T02:11:14.321+0000][1][safepoint    ] Entering safepoint region: RevokeBias
[2022-06-13T02:11:14.321+0000][1][safepoint    ] Leaving safepoint region
[2022-06-13T02:11:14.322+0000][1][safepoint    ] Total time for which application threads were stopped: 0.0010273 seconds, Stopping threads took: 0.0004849 seconds
[2022-06-13T02:11:14.323+0000][1][safepoint    ] Application time: 0.0003302 seconds
[2022-06-13T02:11:14.323+0000][1][safepoint    ] Entering safepoint region: RevokeBias
[2022-06-13T02:11:14.324+0000][1][safepoint    ] Leaving safepoint region
[2022-06-13T02:11:14.324+0000][1][safepoint    ] Total time for which application threads were stopped: 0.0008976 seconds, Stopping threads took: 0.0004943 seconds
[2022-06-13T02:11:15.309+0000][1][safepoint    ] Application time: 0.9847956 seconds
[2022-06-13T02:11:15.310+0000][1][safepoint    ] Entering safepoint region: RevokeBias
[2022-06-13T02:11:15.310+0000][1][safepoint    ] Leaving safepoint region
[2022-06-13T02:11:15.310+0000][1][safepoint    ] Total time for which application threads were stopped: 0.0007503 seconds, Stopping threads took: 0.0003379 seconds
[2022-06-13T02:11:15.311+0000][1][safepoint    ] Application time: 0.0008785 seconds
[2022-06-13T02:11:15.311+0000][1][safepoint    ] Entering safepoint region: RevokeBias
[2022-06-13T02:11:15.312+0000][1][safepoint    ] Leaving safepoint region
[2022-06-13T02:11:15.312+0000][1][safepoint    ] Total time for which application threads were stopped: 0.0003981 seconds, Stopping threads took: 0.0001809 seconds
[2022-06-13T02:11:15.312+0000][1][safepoint    ] Application time: 0.0001356 seconds
[2022-06-13T02:11:15.312+0000][1][safepoint    ] Entering safepoint region: RevokeBias
[2022-06-13T02:11:15.312+0000][1][safepoint    ] Leaving safepoint region
[2022-06-13T02:11:15.313+0000][1][safepoint    ] Total time for which application threads were stopped: 0.0003426 seconds, Stopping threads took: 0.0001463 seconds
[2022-06-13T02:11:15.313+0000][1][safepoint    ] Application time: 0.0002116 seconds
[2022-06-13T02:11:15.313+0000][1][safepoint    ] Entering safepoint region: RevokeBias
[2022-06-13T02:11:15.313+0000][1][safepoint    ] Leaving safepoint region
[2022-06-13T02:11:15.313+0000][1][safepoint    ] Total time for which application threads were stopped: 0.0002738 seconds, Stopping threads took: 0.0000994 seconds
[2022-06-13T02:11:15.314+0000][1][safepoint    ] Application time: 0.0002279 seconds
[2022-06-13T02:11:15.314+0000][1][safepoint    ] Entering safepoint region: RevokeBias
[2022-06-13T02:11:15.314+0000][1][safepoint    ] Leaving safepoint region
[2022-06-13T02:11:15.314+0000][1][safepoint    ] Total time for which application threads were stopped: 0.0002668 seconds, Stopping threads took: 0.0001275 seconds
[2022-06-13T02:11:16.312+0000][1][safepoint    ] Application time: 0.9978904 seconds
[2022-06-13T02:11:16.313+0000][1][safepoint    ] Entering safepoint region: RevokeBias
[2022-06-13T02:11:16.313+0000][1][safepoint    ] Leaving safepoint region
[2022-06-13T02:11:16.313+0000][1][safepoint    ] Total time for which application threads were stopped: 0.0008489 seconds, Stopping threads took: 0.0003989 seconds
[2022-06-13T02:11:16.314+0000][1][safepoint    ] Application time: 0.0004665 seconds
[2022-06-13T02:11:16.315+0000][1][safepoint    ] Entering safepoint region: RevokeBias
[2022-06-13T02:11:16.315+0000][1][safepoint    ] Leaving safepoint region
[2022-06-13T02:11:16.316+0000][1][safepoint    ] Total time for which application threads were stopped: 0.0010198 seconds, Stopping threads took: 0.0004987 seconds
[2022-06-13T02:11:16.317+0000][1][safepoint    ] Application time: 0.0007009 seconds
[2022-06-13T02:11:16.317+0000][1][safepoint    ] Entering safepoint region: RevokeBias
[2022-06-13T02:11:16.318+0000][1][safepoint    ] Leaving safepoint region
[2022-06-13T02:11:16.318+0000][1][safepoint    ] Total time for which application threads were stopped: 0.0008099 seconds, Stopping threads took: 0.0004444 seconds
[2022-06-13T02:11:18.113+0000][1][safepoint    ] Application time: 1.7941718 seconds
[2022-06-13T02:11:18.114+0000][1][safepoint    ] Entering safepoint region: Cleanup
[2022-06-13T02:11:18.114+0000][1][safepoint    ] Leaving safepoint region
[2022-06-13T02:11:18.115+0000][1][safepoint    ] Total time for which application threads were stopped: 0.0014530 seconds, Stopping threads took: 0.0006981 seconds
[2022-06-13T02:11:18.311+0000][1][safepoint    ] Application time: 0.1960028 seconds
[2022-06-13T02:11:18.312+0000][1][safepoint    ] Entering safepoint region: RevokeBias
[2022-06-13T02:11:18.312+0000][1][safepoint    ] Leaving safepoint region
[2022-06-13T02:11:18.313+0000][1][safepoint    ] Total time for which application threads were stopped: 0.0007480 seconds, Stopping threads took: 0.0003637 seconds
[2022-06-13T02:11:19.312+0000][1][safepoint    ] Application time: 0.9988280 seconds
[2022-06-13T02:11:19.312+0000][1][safepoint    ] Entering safepoint region: RevokeBias
[2022-06-13T02:11:19.312+0000][1][safepoint    ] Leaving safepoint region
[2022-06-13T02:11:19.313+0000][1][safepoint    ] Total time for which application threads were stopped: 0.0007187 seconds, Stopping threads took: 0.0002970 seconds
[2022-06-13T02:11:19.313+0000][1][safepoint    ] Application time: 0.0002600 seconds
[2022-06-13T02:11:19.314+0000][1][safepoint    ] Entering safepoint region: RevokeBias
[2022-06-13T02:11:19.314+0000][1][safepoint    ] Leaving safepoint region
[2022-06-13T02:11:19.314+0000][1][safepoint    ] Total time for which application threads were stopped: 0.0003783 seconds, Stopping threads took: 0.0001241 seconds
[2022-06-13T02:11:19.315+0000][1][safepoint    ] Application time: 0.0004249 seconds
[2022-06-13T02:11:19.315+0000][1][safepoint    ] Entering safepoint region: RevokeBias
[2022-06-13T02:11:19.315+0000][1][safepoint    ] Leaving safepoint region
[2022-06-13T02:11:19.315+0000][1][safepoint    ] Total time for which application threads were stopped: 0.0005057 seconds, Stopping threads took: 0.0002150 seconds
[2022-06-13T02:11:19.316+0000][1][safepoint    ] Application time: 0.0002495 seconds
[2022-06-13T02:11:19.316+0000][1][safepoint    ] Entering safepoint region: RevokeBias
[2022-06-13T02:11:19.316+0000][1][safepoint    ] Leaving safepoint region
[2022-06-13T02:11:19.317+0000][1][safepoint    ] Total time for which application threads were stopped: 0.0005779 seconds, Stopping threads took: 0.0003376 seconds
[2022-06-13T02:11:20.312+0000][1][safepoint    ] Application time: 0.9948914 seconds
[2022-06-13T02:11:20.312+0000][1][safepoint    ] Entering safepoint region: RevokeBias
[2022-06-13T02:11:20.312+0000][1][safepoint    ] Leaving safepoint region
[2022-06-13T02:11:20.312+0000][1][safepoint    ] Total time for which application threads were stopped: 0.0004961 seconds, Stopping threads took: 0.0002056 seconds
[2022-06-13T02:11:20.313+0000][1][safepoint    ] Application time: 0.0003180 seconds
[2022-06-13T02:11:20.313+0000][1][safepoint    ] Entering safepoint region: RevokeBias
[2022-06-13T02:11:20.313+0000][1][safepoint    ] Leaving safepoint region
[2022-06-13T02:11:20.314+0000][1][safepoint    ] Total time for which application threads were stopped: 0.0005558 seconds, Stopping threads took: 0.0001993 seconds
[2022-06-13T02:11:20.314+0000][1][safepoint    ] Application time: 0.0003384 seconds
[2022-06-13T02:11:20.314+0000][1][safepoint    ] Entering safepoint region: RevokeBias
[2022-06-13T02:11:20.315+0000][1][safepoint    ] Leaving safepoint region
[2022-06-13T02:11:20.315+0000][1][safepoint    ] Total time for which application threads were stopped: 0.0004181 seconds, Stopping threads took: 0.0001824 seconds
[2022-06-13T02:11:21.315+0000][1][safepoint    ] Application time: 1.0002584 seconds
[2022-06-13T02:11:21.316+0000][1][safepoint    ] Entering safepoint region: Cleanup
[2022-06-13T02:11:21.317+0000][1][safepoint    ] Leaving safepoint region
[2022-06-13T02:11:21.317+0000][1][safepoint    ] Total time for which application threads were stopped: 0.0012439 seconds, Stopping threads took: 0.0006053 seconds
[2022-06-13T02:11:22.312+0000][1][safepoint    ] Application time: 0.9944934 seconds
[2022-06-13T02:11:22.312+0000][1][safepoint    ] Entering safepoint region: RevokeBias
[2022-06-13T02:11:22.313+0000][1][safepoint    ] Leaving safepoint region
[2022-06-13T02:11:22.313+0000][1][safepoint    ] Total time for which application threads were stopped: 0.0010216 seconds, Stopping threads took: 0.0004930 seconds
[2022-06-13T02:11:22.314+0000][1][safepoint    ] Application time: 0.0000416 seconds
[2022-06-13T02:11:22.314+0000][1][safepoint    ] Entering safepoint region: RevokeBias
[2022-06-13T02:11:22.315+0000][1][safepoint    ] Leaving safepoint region
[2022-06-13T02:11:22.315+0000][1][safepoint    ] Total time for which application threads were stopped: 0.0012239 seconds, Stopping threads took: 0.0006919 seconds
[2022-06-13T02:11:22.324+0000][1][safepoint    ] Application time: 0.0083354 seconds
[2022-06-13T02:11:22.325+0000][1][safepoint    ] Entering safepoint region: RevokeBias
[2022-06-13T02:11:22.325+0000][1][safepoint    ] Leaving safepoint region
[2022-06-13T02:11:22.326+0000][1][safepoint    ] Total time for which application threads were stopped: 0.0009814 seconds, Stopping threads took: 0.0004565 seconds
[2022-06-13T02:11:22.327+0000][1][safepoint    ] Application time: 0.0004834 seconds
[2022-06-13T02:11:22.327+0000][1][safepoint    ] Entering safepoint region: RevokeBias
[2022-06-13T02:11:22.328+0000][1][safepoint    ] Leaving safepoint region
[2022-06-13T02:11:22.328+0000][1][safepoint    ] Total time for which application threads were stopped: 0.0009911 seconds, Stopping threads took: 0.0005410 seconds
[2022-06-13T02:11:22.330+0000][1][safepoint    ] Application time: 0.0014753 seconds
[2022-06-13T02:11:22.330+0000][1][safepoint    ] Entering safepoint region: RevokeBias
[2022-06-13T02:11:22.331+0000][1][safepoint    ] Leaving safepoint region
[2022-06-13T02:11:22.331+0000][1][safepoint    ] Total time for which application threads were stopped: 0.0009284 seconds, Stopping threads took: 0.0004925 seconds
[2022-06-13T02:11:22.332+0000][1][safepoint    ] Application time: 0.0002522 seconds
[2022-06-13T02:11:22.332+0000][1][safepoint    ] Entering safepoint region: RevokeBias
[2022-06-13T02:11:22.332+0000][1][safepoint    ] Leaving safepoint region
[2022-06-13T02:11:22.332+0000][1][safepoint    ] Total time for which application threads were stopped: 0.0002974 seconds, Stopping threads took: 0.0001296 seconds
[2022-06-13T02:11:23.313+0000][1][safepoint    ] Application time: 0.9801999 seconds
[2022-06-13T02:11:23.313+0000][1][safepoint    ] Entering safepoint region: RevokeBias
[2022-06-13T02:11:23.313+0000][1][safepoint    ] Leaving safepoint region
[2022-06-13T02:11:23.314+0000][1][safepoint    ] Total time for which application threads were stopped: 0.0009854 seconds, Stopping threads took: 0.0005034 seconds
[2022-06-13T02:11:23.315+0000][1][safepoint    ] Application time: 0.0004499 seconds
[2022-06-13T02:11:23.315+0000][1][safepoint    ] Entering safepoint region: RevokeBias
[2022-06-13T02:11:23.315+0000][1][safepoint    ] Leaving safepoint region
[2022-06-13T02:11:23.316+0000][1][safepoint    ] Total time for which application threads were stopped: 0.0006624 seconds, Stopping threads took: 0.0003169 seconds
[2022-06-13T02:11:23.316+0000][1][safepoint    ] Application time: 0.0002781 seconds
[2022-06-13T02:11:23.316+0000][1][safepoint    ] Entering safepoint region: RevokeBias
[2022-06-13T02:11:23.317+0000][1][safepoint    ] Leaving safepoint region
[2022-06-13T02:11:23.317+0000][1][safepoint    ] Total time for which application threads were stopped: 0.0007195 seconds, Stopping threads took: 0.0003396 seconds
[2022-06-13T02:11:23.318+0000][1][safepoint    ] Application time: 0.0003914 seconds
[2022-06-13T02:11:23.318+0000][1][safepoint    ] Entering safepoint region: RevokeBias
[2022-06-13T02:11:23.319+0000][1][safepoint    ] Leaving safepoint region
[2022-06-13T02:11:23.319+0000][1][safepoint    ] Total time for which application threads were stopped: 0.0003103 seconds, Stopping threads took: 0.0001459 seconds
[2022-06-13T02:11:24.314+0000][1][safepoint    ] Application time: 0.9948590 seconds
[2022-06-13T02:11:24.314+0000][1][safepoint    ] Entering safepoint region: BulkRevokeBias
[2022-06-13T02:11:24.315+0000][1][safepoint    ] Leaving safepoint region
[2022-06-13T02:11:24.315+0000][1][safepoint    ] Total time for which application threads were stopped: 0.0012493 seconds, Stopping threads took: 0.0004136 seconds
[2022-06-13T02:11:24.316+0000][1][safepoint    ] Application time: 0.0005198 seconds
[2022-06-13T02:11:24.317+0000][1][safepoint    ] Entering safepoint region: BulkRevokeBias
[2022-06-13T02:11:24.318+0000][1][safepoint    ] Leaving safepoint region
[2022-06-13T02:11:24.318+0000][1][safepoint    ] Total time for which application threads were stopped: 0.0014818 seconds, Stopping threads took: 0.0004019 seconds
[2022-06-13T02:11:24.319+0000][1][safepoint    ] Application time: 0.0003442 seconds
[2022-06-13T02:11:24.319+0000][1][safepoint    ] Entering safepoint region: RevokeBias
[2022-06-13T02:11:24.319+0000][1][safepoint    ] Leaving safepoint region
[2022-06-13T02:11:24.320+0000][1][safepoint    ] Total time for which application threads were stopped: 0.0009020 seconds, Stopping threads took: 0.0004374 seconds
[2022-06-13T02:11:25.320+0000][1][safepoint    ] Application time: 1.0001963 seconds
[2022-06-13T02:11:25.321+0000][1][safepoint    ] Entering safepoint region: Cleanup
[2022-06-13T02:11:25.321+0000][1][safepoint    ] Leaving safepoint region
[2022-06-13T02:11:25.322+0000][1][safepoint    ] Total time for which application threads were stopped: 0.0008859 seconds, Stopping threads took: 0.0003202 seconds
[2022-06-13T02:11:26.315+0000][1][safepoint    ] Application time: 0.9933945 seconds
[2022-06-13T02:11:26.316+0000][1][safepoint    ] Entering safepoint region: RevokeBias
[2022-06-13T02:11:26.316+0000][1][safepoint    ] Leaving safepoint region
[2022-06-13T02:11:26.316+0000][1][safepoint    ] Total time for which application threads were stopped: 0.0007165 seconds, Stopping threads took: 0.0002937 seconds
[2022-06-13T02:11:27.314+0000][1][safepoint    ] Application time: 0.9973213 seconds
[2022-06-13T02:11:27.315+0000][1][safepoint    ] Entering safepoint region: RevokeBias
[2022-06-13T02:11:27.315+0000][1][safepoint    ] Leaving safepoint region
[2022-06-13T02:11:27.315+0000][1][safepoint    ] Total time for which application threads were stopped: 0.0009577 seconds, Stopping threads took: 0.0005223 seconds
[2022-06-13T02:11:27.317+0000][1][safepoint    ] Application time: 0.0008990 seconds
[2022-06-13T02:11:27.317+0000][1][safepoint    ] Entering safepoint region: BulkRevokeBias
[2022-06-13T02:11:27.318+0000][1][safepoint    ] Leaving safepoint region
[2022-06-13T02:11:27.318+0000][1][safepoint    ] Total time for which application threads were stopped: 0.0010542 seconds, Stopping threads took: 0.0003570 seconds
[2022-06-13T02:11:28.319+0000][1][safepoint    ] Application time: 1.0002166 seconds
[2022-06-13T02:11:28.319+0000][1][safepoint    ] Entering safepoint region: Cleanup
[2022-06-13T02:11:28.319+0000][1][safepoint    ] Leaving safepoint region
[2022-06-13T02:11:28.320+0000][1][safepoint    ] Total time for which application threads were stopped: 0.0006573 seconds, Stopping threads took: 0.0003238 seconds
[2022-06-13T02:11:29.320+0000][1][safepoint    ] Application time: 1.0003383 seconds
[2022-06-13T02:11:29.321+0000][1][safepoint    ] Entering safepoint region: Cleanup
[2022-06-13T02:11:29.321+0000][1][safepoint    ] Leaving safepoint region
[2022-06-13T02:11:29.322+0000][1][safepoint    ] Total time for which application threads were stopped: 0.0007842 seconds, Stopping threads took: 0.0003374 seconds
[2022-06-13T02:11:30.317+0000][1][safepoint    ] Application time: 0.9951115 seconds
[2022-06-13T02:11:30.318+0000][1][safepoint    ] Entering safepoint region: RevokeBias
[2022-06-13T02:11:30.318+0000][1][safepoint    ] Leaving safepoint region
[2022-06-13T02:11:30.318+0000][1][safepoint    ] Total time for which application threads were stopped: 0.0006375 seconds, Stopping threads took: 0.0003683 seconds
[2022-06-13T02:11:31.316+0000][1][safepoint    ] Application time: 0.9974051 seconds
[2022-06-13T02:11:31.317+0000][1][safepoint    ] Entering safepoint region: BulkRevokeBias
[2022-06-13T02:11:31.320+0000][1][safepoint    ] Leaving safepoint region
[2022-06-13T02:11:31.320+0000][1][safepoint    ] Total time for which application threads were stopped: 0.0036706 seconds, Stopping threads took: 0.0009027 seconds
[2022-06-13T02:11:32.321+0000][1][safepoint    ] Application time: 1.0002470 seconds
[2022-06-13T02:11:32.321+0000][1][safepoint    ] Entering safepoint region: Cleanup
[2022-06-13T02:11:32.322+0000][1][safepoint    ] Leaving safepoint region
[2022-06-13T02:11:32.322+0000][1][safepoint    ] Total time for which application threads were stopped: 0.0006269 seconds, Stopping threads took: 0.0002722 seconds
[2022-06-13T02:11:34.322+0000][1][safepoint    ] Application time: 2.0003503 seconds
[2022-06-13T02:11:34.323+0000][1][safepoint    ] Entering safepoint region: Cleanup
[2022-06-13T02:11:34.323+0000][1][safepoint    ] Leaving safepoint region
[2022-06-13T02:11:34.324+0000][1][safepoint    ] Total time for which application threads were stopped: 0.0007640 seconds, Stopping threads took: 0.0003548 seconds
[2022-06-13T02:11:35.324+0000][1][safepoint    ] Application time: 1.0002565 seconds
[2022-06-13T02:11:35.325+0000][1][safepoint    ] Entering safepoint region: Cleanup
[2022-06-13T02:11:35.325+0000][1][safepoint    ] Leaving safepoint region
[2022-06-13T02:11:35.325+0000][1][safepoint    ] Total time for which application threads were stopped: 0.0008081 seconds, Stopping threads took: 0.0003682 seconds
[2022-06-13T02:11:36.326+0000][1][safepoint    ] Application time: 1.0002405 seconds
[2022-06-13T02:11:36.327+0000][1][safepoint    ] Entering safepoint region: Cleanup
[2022-06-13T02:11:36.327+0000][1][safepoint    ] Leaving safepoint region
[2022-06-13T02:11:36.327+0000][1][safepoint    ] Total time for which application threads were stopped: 0.0006609 seconds, Stopping threads took: 0.0003608 seconds
[2022-06-13T02:11:37.328+0000][1][safepoint    ] Application time: 1.0001240 seconds
[2022-06-13T02:11:37.328+0000][1][safepoint    ] Entering safepoint region: Cleanup
[2022-06-13T02:11:37.328+0000][1][safepoint    ] Leaving safepoint region
[2022-06-13T02:11:37.329+0000][1][safepoint    ] Total time for which application threads were stopped: 0.0006792 seconds, Stopping threads took: 0.0002973 seconds
[2022-06-13T02:11:38.329+0000][1][safepoint    ] Application time: 1.0002160 seconds
[2022-06-13T02:11:38.330+0000][1][safepoint    ] Entering safepoint region: Cleanup
[2022-06-13T02:11:38.330+0000][1][safepoint    ] Leaving safepoint region
[2022-06-13T02:11:38.331+0000][1][safepoint    ] Total time for which application threads were stopped: 0.0007095 seconds, Stopping threads took: 0.0003225 seconds
[2022-06-13T02:11:39.331+0000][1][safepoint    ] Application time: 1.0001839 seconds
[2022-06-13T02:11:39.332+0000][1][safepoint    ] Entering safepoint region: Cleanup
[2022-06-13T02:11:39.332+0000][1][safepoint    ] Leaving safepoint region
[2022-06-13T02:11:39.333+0000][1][safepoint    ] Total time for which application threads were stopped: 0.0010808 seconds, Stopping threads took: 0.0005144 seconds
[2022-06-13T02:11:41.333+0000][1][safepoint    ] Application time: 2.0003967 seconds
[2022-06-13T02:11:41.334+0000][1][safepoint    ] Entering safepoint region: Cleanup
[2022-06-13T02:11:41.334+0000][1][safepoint    ] Leaving safepoint region
[2022-06-13T02:11:41.335+0000][1][safepoint    ] Total time for which application threads were stopped: 0.0007993 seconds, Stopping threads took: 0.0003982 seconds
[2022-06-13T02:11:42.335+0000][1][safepoint    ] Application time: 1.0000950 seconds
[2022-06-13T02:11:42.336+0000][1][safepoint    ] Entering safepoint region: Cleanup
[2022-06-13T02:11:42.336+0000][1][safepoint    ] Leaving safepoint region
[2022-06-13T02:11:42.336+0000][1][safepoint    ] Total time for which application threads were stopped: 0.0007591 seconds, Stopping threads took: 0.0003115 seconds
[2022-06-13T02:11:42.939+0000][1][safepoint    ] Application time: 0.6026080 seconds
[2022-06-13T02:11:42.939+0000][1][safepoint    ] Entering safepoint region: RevokeBias
[2022-06-13T02:11:42.940+0000][1][safepoint    ] Leaving safepoint region
[2022-06-13T02:11:42.940+0000][1][safepoint    ] Total time for which application threads were stopped: 0.0003257 seconds, Stopping threads took: 0.0001306 seconds
[2022-06-13T02:11:45.940+0000][1][safepoint    ] Application time: 3.0004168 seconds
[2022-06-13T02:11:45.941+0000][1][safepoint    ] Entering safepoint region: Cleanup
[2022-06-13T02:11:45.941+0000][1][safepoint    ] Leaving safepoint region
[2022-06-13T02:11:45.941+0000][1][safepoint    ] Total time for which application threads were stopped: 0.0006168 seconds, Stopping threads took: 0.0003104 seconds
[2022-06-13T02:11:46.942+0000][1][safepoint    ] Application time: 1.0001803 seconds
[2022-06-13T02:11:46.942+0000][1][safepoint    ] Entering safepoint region: Cleanup
[2022-06-13T02:11:46.943+0000][1][safepoint    ] Leaving safepoint region
[2022-06-13T02:11:46.943+0000][1][safepoint    ] Total time for which application threads were stopped: 0.0008121 seconds, Stopping threads took: 0.0003311 seconds
[2022-06-13T02:11:47.943+0000][1][safepoint    ] Application time: 1.0001714 seconds
[2022-06-13T02:11:47.944+0000][1][safepoint    ] Entering safepoint region: Cleanup
[2022-06-13T02:11:47.944+0000][1][safepoint    ] Leaving safepoint region
[2022-06-13T02:11:47.945+0000][1][safepoint    ] Total time for which application threads were stopped: 0.0007486 seconds, Stopping threads took: 0.0003744 seconds
[2022-06-13T02:11:48.945+0000][1][safepoint    ] Application time: 1.0001258 seconds
[2022-06-13T02:11:48.946+0000][1][safepoint    ] Entering safepoint region: Cleanup
[2022-06-13T02:11:48.946+0000][1][safepoint    ] Leaving safepoint region
[2022-06-13T02:11:48.946+0000][1][safepoint    ] Total time for which application threads were stopped: 0.0008220 seconds, Stopping threads took: 0.0003907 seconds
[2022-06-13T02:11:49.947+0000][1][safepoint    ] Application time: 1.0001777 seconds
[2022-06-13T02:11:49.948+0000][1][safepoint    ] Entering safepoint region: Cleanup
[2022-06-13T02:11:49.948+0000][1][safepoint    ] Leaving safepoint region
[2022-06-13T02:11:49.948+0000][1][safepoint    ] Total time for which application threads were stopped: 0.0008491 seconds, Stopping threads took: 0.0004161 seconds
[2022-06-13T02:11:50.949+0000][1][safepoint    ] Application time: 1.0001848 seconds
[2022-06-13T02:11:50.950+0000][1][safepoint    ] Entering safepoint region: Cleanup
[2022-06-13T02:11:50.950+0000][1][safepoint    ] Leaving safepoint region
[2022-06-13T02:11:50.950+0000][1][safepoint    ] Total time for which application threads were stopped: 0.0009490 seconds, Stopping threads took: 0.0004645 seconds
[2022-06-13T02:11:51.951+0000][1][safepoint    ] Application time: 1.0001080 seconds
[2022-06-13T02:11:51.951+0000][1][safepoint    ] Entering safepoint region: Cleanup
[2022-06-13T02:11:51.952+0000][1][safepoint    ] Leaving safepoint region
[2022-06-13T02:11:51.952+0000][1][safepoint    ] Total time for which application threads were stopped: 0.0005197 seconds, Stopping threads took: 0.0002266 seconds
[2022-06-13T02:11:52.952+0000][1][safepoint    ] Application time: 1.0001770 seconds
[2022-06-13T02:11:52.953+0000][1][safepoint    ] Entering safepoint region: Cleanup
[2022-06-13T02:11:52.953+0000][1][safepoint    ] Leaving safepoint region
[2022-06-13T02:11:52.953+0000][1][safepoint    ] Total time for which application threads were stopped: 0.0005339 seconds, Stopping threads took: 0.0002570 seconds
[2022-06-13T02:11:53.953+0000][1][safepoint    ] Application time: 1.0001993 seconds
[2022-06-13T02:11:53.954+0000][1][safepoint    ] Entering safepoint region: Cleanup
[2022-06-13T02:11:53.954+0000][1][safepoint    ] Leaving safepoint region
[2022-06-13T02:11:53.955+0000][1][safepoint    ] Total time for which application threads were stopped: 0.0006154 seconds, Stopping threads took: 0.0003071 seconds
[2022-06-13T02:11:54.955+0000][1][safepoint    ] Application time: 1.0001919 seconds
[2022-06-13T02:11:54.956+0000][1][safepoint    ] Entering safepoint region: Cleanup
[2022-06-13T02:11:54.956+0000][1][safepoint    ] Leaving safepoint region
[2022-06-13T02:11:54.956+0000][1][safepoint    ] Total time for which application threads were stopped: 0.0008004 seconds, Stopping threads took: 0.0003568 seconds
[2022-06-13T02:11:55.957+0000][1][safepoint    ] Application time: 1.0002332 seconds
[2022-06-13T02:11:55.958+0000][1][safepoint    ] Entering safepoint region: Cleanup
[2022-06-13T02:11:55.958+0000][1][safepoint    ] Leaving safepoint region
[2022-06-13T02:11:55.959+0000][1][safepoint    ] Total time for which application threads were stopped: 0.0011120 seconds, Stopping threads took: 0.0004325 seconds
[2022-06-13T02:11:56.960+0000][1][safepoint    ] Application time: 1.0002718 seconds
[2022-06-13T02:11:56.961+0000][1][safepoint    ] Entering safepoint region: Cleanup
[2022-06-13T02:11:56.961+0000][1][safepoint    ] Leaving safepoint region
[2022-06-13T02:11:56.962+0000][1][safepoint    ] Total time for which application threads were stopped: 0.0011909 seconds, Stopping threads took: 0.0004717 seconds
[2022-06-13T02:11:57.963+0000][1][safepoint    ] Application time: 1.0002019 seconds
[2022-06-13T02:11:57.963+0000][1][safepoint    ] Entering safepoint region: Cleanup
[2022-06-13T02:11:57.963+0000][1][safepoint    ] Leaving safepoint region
[2022-06-13T02:11:57.964+0000][1][safepoint    ] Total time for which application threads were stopped: 0.0006856 seconds, Stopping threads took: 0.0003163 seconds
[2022-06-13T02:11:58.964+0000][1][safepoint    ] Application time: 1.0002067 seconds
[2022-06-13T02:11:58.965+0000][1][safepoint    ] Entering safepoint region: Cleanup
[2022-06-13T02:11:58.965+0000][1][safepoint    ] Leaving safepoint region
[2022-06-13T02:11:58.965+0000][1][safepoint    ] Total time for which application threads were stopped: 0.0006653 seconds, Stopping threads took: 0.0002545 seconds
[2022-06-13T02:11:59.966+0000][1][safepoint    ] Application time: 1.0003251 seconds
[2022-06-13T02:11:59.966+0000][1][safepoint    ] Entering safepoint region: Cleanup
[2022-06-13T02:11:59.967+0000][1][safepoint    ] Leaving safepoint region
[2022-06-13T02:11:59.967+0000][1][safepoint    ] Total time for which application threads were stopped: 0.0009696 seconds, Stopping threads took: 0.0003813 seconds
[2022-06-13T02:12:00.968+0000][1][safepoint    ] Application time: 1.0001702 seconds
[2022-06-13T02:12:00.968+0000][1][safepoint    ] Entering safepoint region: Cleanup
[2022-06-13T02:12:00.968+0000][1][safepoint    ] Leaving safepoint region
[2022-06-13T02:12:00.969+0000][1][safepoint    ] Total time for which application threads were stopped: 0.0003338 seconds, Stopping threads took: 0.0001309 seconds
[2022-06-13T02:12:01.969+0000][1][safepoint    ] Application time: 1.0002984 seconds
[2022-06-13T02:12:01.969+0000][1][safepoint    ] Entering safepoint region: Cleanup
[2022-06-13T02:12:01.970+0000][1][safepoint    ] Leaving safepoint region
[2022-06-13T02:12:01.970+0000][1][safepoint    ] Total time for which application threads were stopped: 0.0007289 seconds, Stopping threads took: 0.0003537 seconds
[2022-06-13T02:12:02.971+0000][1][safepoint    ] Application time: 1.0001969 seconds
[2022-06-13T02:12:02.971+0000][1][safepoint    ] Entering safepoint region: Cleanup
[2022-06-13T02:12:02.972+0000][1][safepoint    ] Leaving safepoint region
[2022-06-13T02:12:02.972+0000][1][safepoint    ] Total time for which application threads were stopped: 0.0006641 seconds, Stopping threads took: 0.0002912 seconds
[2022-06-13T02:12:03.972+0000][1][safepoint    ] Application time: 1.0002364 seconds
[2022-06-13T02:12:03.973+0000][1][safepoint    ] Entering safepoint region: Cleanup
[2022-06-13T02:12:03.973+0000][1][safepoint    ] Leaving safepoint region
[2022-06-13T02:12:03.974+0000][1][safepoint    ] Total time for which application threads were stopped: 0.0008593 seconds, Stopping threads took: 0.0004359 seconds
[2022-06-13T02:12:04.975+0000][1][safepoint    ] Application time: 1.0002394 seconds
[2022-06-13T02:12:04.975+0000][1][safepoint    ] Entering safepoint region: Cleanup
[2022-06-13T02:12:04.975+0000][1][safepoint    ] Leaving safepoint region
[2022-06-13T02:12:04.976+0000][1][safepoint    ] Total time for which application threads were stopped: 0.0006301 seconds, Stopping threads took: 0.0002838 seconds
[2022-06-13T02:12:05.976+0000][1][safepoint    ] Application time: 1.0001613 seconds
[2022-06-13T02:12:05.976+0000][1][safepoint    ] Entering safepoint region: Cleanup
[2022-06-13T02:12:05.977+0000][1][safepoint    ] Leaving safepoint region
[2022-06-13T02:12:05.977+0000][1][safepoint    ] Total time for which application threads were stopped: 0.0008846 seconds, Stopping threads took: 0.0004107 seconds
[2022-06-13T02:12:06.978+0000][1][safepoint    ] Application time: 1.0001501 seconds
[2022-06-13T02:12:06.979+0000][1][safepoint    ] Entering safepoint region: Cleanup
[2022-06-13T02:12:06.979+0000][1][safepoint    ] Leaving safepoint region
[2022-06-13T02:12:06.979+0000][1][safepoint    ] Total time for which application threads were stopped: 0.0008954 seconds, Stopping threads took: 0.0003921 seconds
[2022-06-13T02:12:07.980+0000][1][safepoint    ] Application time: 1.0002348 seconds
[2022-06-13T02:12:07.981+0000][1][safepoint    ] Entering safepoint region: Cleanup
[2022-06-13T02:12:07.981+0000][1][safepoint    ] Leaving safepoint region
[2022-06-13T02:12:07.981+0000][1][safepoint    ] Total time for which application threads were stopped: 0.0006562 seconds, Stopping threads took: 0.0003457 seconds
[2022-06-13T02:12:08.982+0000][1][safepoint    ] Application time: 1.0003053 seconds
[2022-06-13T02:12:08.983+0000][1][safepoint    ] Entering safepoint region: Cleanup
[2022-06-13T02:12:08.983+0000][1][safepoint    ] Leaving safepoint region
[2022-06-13T02:12:08.983+0000][1][safepoint    ] Total time for which application threads were stopped: 0.0009062 seconds, Stopping threads took: 0.0003990 seconds
[2022-06-13T02:12:09.984+0000][1][safepoint    ] Application time: 1.0002652 seconds
[2022-06-13T02:12:09.985+0000][1][safepoint    ] Entering safepoint region: Cleanup
[2022-06-13T02:12:09.985+0000][1][safepoint    ] Leaving safepoint region
[2022-06-13T02:12:09.986+0000][1][safepoint    ] Total time for which application threads were stopped: 0.0008782 seconds, Stopping threads took: 0.0004058 seconds
[2022-06-13T02:12:10.986+0000][1][safepoint    ] Application time: 1.0001900 seconds
[2022-06-13T02:12:10.987+0000][1][safepoint    ] Entering safepoint region: Cleanup
[2022-06-13T02:12:10.988+0000][1][safepoint    ] Leaving safepoint region
[2022-06-13T02:12:10.988+0000][1][safepoint    ] Total time for which application threads were stopped: 0.0009742 seconds, Stopping threads took: 0.0005390 seconds
[2022-06-13T02:12:11.988+0000][1][safepoint    ] Application time: 1.0001420 seconds
[2022-06-13T02:12:11.989+0000][1][safepoint    ] Entering safepoint region: Cleanup
[2022-06-13T02:12:11.990+0000][1][safepoint    ] Leaving safepoint region
[2022-06-13T02:12:11.990+0000][1][safepoint    ] Total time for which application threads were stopped: 0.0008362 seconds, Stopping threads took: 0.0002981 seconds
[2022-06-13T02:12:12.990+0000][1][safepoint    ] Application time: 1.0002140 seconds
[2022-06-13T02:12:12.991+0000][1][safepoint    ] Entering safepoint region: Cleanup
[2022-06-13T02:12:12.992+0000][1][safepoint    ] Leaving safepoint region
[2022-06-13T02:12:12.993+0000][1][safepoint    ] Total time for which application threads were stopped: 0.0014761 seconds, Stopping threads took: 0.0006487 seconds
[2022-06-13T02:12:13.993+0000][1][safepoint    ] Application time: 1.0003032 seconds
[2022-06-13T02:12:13.994+0000][1][safepoint    ] Entering safepoint region: Cleanup
[2022-06-13T02:12:13.995+0000][1][safepoint    ] Leaving safepoint region
[2022-06-13T02:12:13.996+0000][1][safepoint    ] Total time for which application threads were stopped: 0.0014649 seconds, Stopping threads took: 0.0006686 seconds
[2022-06-13T02:12:14.996+0000][1][safepoint    ] Application time: 1.0001454 seconds
[2022-06-13T02:12:14.997+0000][1][safepoint    ] Entering safepoint region: Cleanup
[2022-06-13T02:12:14.997+0000][1][safepoint    ] Leaving safepoint region
[2022-06-13T02:12:14.997+0000][1][safepoint    ] Total time for which application threads were stopped: 0.0006894 seconds, Stopping threads took: 0.0002644 seconds
[2022-06-13T02:12:15.998+0000][1][safepoint    ] Application time: 1.0002153 seconds
[2022-06-13T02:12:15.998+0000][1][safepoint    ] Entering safepoint region: Cleanup
[2022-06-13T02:12:15.999+0000][1][safepoint    ] Leaving safepoint region
[2022-06-13T02:12:15.999+0000][1][safepoint    ] Total time for which application threads were stopped: 0.0006380 seconds, Stopping threads took: 0.0002861 seconds
[2022-06-13T02:12:16.999+0000][1][safepoint    ] Application time: 1.0002278 seconds
[2022-06-13T02:12:17.000+0000][1][safepoint    ] Entering safepoint region: Cleanup
[2022-06-13T02:12:17.000+0000][1][safepoint    ] Leaving safepoint region
[2022-06-13T02:12:17.001+0000][1][safepoint    ] Total time for which application threads were stopped: 0.0009832 seconds, Stopping threads took: 0.0004123 seconds
[2022-06-13T02:12:18.002+0000][1][safepoint    ] Application time: 1.0002654 seconds
[2022-06-13T02:12:18.002+0000][1][safepoint    ] Entering safepoint region: Cleanup
[2022-06-13T02:12:18.003+0000][1][safepoint    ] Leaving safepoint region
[2022-06-13T02:12:18.003+0000][1][safepoint    ] Total time for which application threads were stopped: 0.0013197 seconds, Stopping threads took: 0.0006665 seconds
[2022-06-13T02:12:19.004+0000][1][safepoint    ] Application time: 1.0002490 seconds
[2022-06-13T02:12:19.004+0000][1][safepoint    ] Entering safepoint region: Cleanup
[2022-06-13T02:12:19.005+0000][1][safepoint    ] Leaving safepoint region
[2022-06-13T02:12:19.005+0000][1][safepoint    ] Total time for which application threads were stopped: 0.0007807 seconds, Stopping threads took: 0.0003639 seconds
[2022-06-13T02:12:20.006+0000][1][safepoint    ] Application time: 1.0003245 seconds
[2022-06-13T02:12:20.006+0000][1][safepoint    ] Entering safepoint region: Cleanup
[2022-06-13T02:12:20.007+0000][1][safepoint    ] Leaving safepoint region
[2022-06-13T02:12:20.007+0000][1][safepoint    ] Total time for which application threads were stopped: 0.0008974 seconds, Stopping threads took: 0.0003023 seconds
[2022-06-13T02:12:21.008+0000][1][safepoint    ] Application time: 1.0001921 seconds
[2022-06-13T02:12:21.008+0000][1][safepoint    ] Entering safepoint region: Cleanup
[2022-06-13T02:12:21.009+0000][1][safepoint    ] Leaving safepoint region
[2022-06-13T02:12:21.009+0000][1][safepoint    ] Total time for which application threads were stopped: 0.0005813 seconds, Stopping threads took: 0.0002969 seconds
[2022-06-13T02:12:22.009+0000][1][safepoint    ] Application time: 1.0002808 seconds
[2022-06-13T02:12:22.010+0000][1][safepoint    ] Entering safepoint region: Cleanup
[2022-06-13T02:12:22.010+0000][1][safepoint    ] Leaving safepoint region
[2022-06-13T02:12:22.011+0000][1][safepoint    ] Total time for which application threads were stopped: 0.0009789 seconds, Stopping threads took: 0.0004603 seconds
[2022-06-13T02:12:23.011+0000][1][safepoint    ] Application time: 1.0002153 seconds
[2022-06-13T02:12:23.012+0000][1][safepoint    ] Entering safepoint region: Cleanup
[2022-06-13T02:12:23.012+0000][1][safepoint    ] Leaving safepoint region
[2022-06-13T02:12:23.013+0000][1][safepoint    ] Total time for which application threads were stopped: 0.0007498 seconds, Stopping threads took: 0.0003699 seconds
[2022-06-13T02:12:24.013+0000][1][safepoint    ] Application time: 1.0002091 seconds
[2022-06-13T02:12:24.014+0000][1][safepoint    ] Entering safepoint region: Cleanup
[2022-06-13T02:12:24.015+0000][1][safepoint    ] Leaving safepoint region
[2022-06-13T02:12:24.015+0000][1][safepoint    ] Total time for which application threads were stopped: 0.0011061 seconds, Stopping threads took: 0.0005275 seconds
[2022-06-13T02:12:25.016+0000][1][safepoint    ] Application time: 1.0001804 seconds
[2022-06-13T02:12:25.016+0000][1][safepoint    ] Entering safepoint region: Cleanup
[2022-06-13T02:12:25.017+0000][1][safepoint    ] Leaving safepoint region
[2022-06-13T02:12:25.017+0000][1][safepoint    ] Total time for which application threads were stopped: 0.0007596 seconds, Stopping threads took: 0.0003625 seconds
[2022-06-13T02:12:26.018+0000][1][safepoint    ] Application time: 1.0003338 seconds
[2022-06-13T02:12:26.018+0000][1][safepoint    ] Entering safepoint region: Cleanup
[2022-06-13T02:12:26.019+0000][1][safepoint    ] Leaving safepoint region
[2022-06-13T02:12:26.019+0000][1][safepoint    ] Total time for which application threads were stopped: 0.0008791 seconds, Stopping threads took: 0.0004301 seconds
[2022-06-13T02:12:27.019+0000][1][safepoint    ] Application time: 1.0001411 seconds
[2022-06-13T02:12:27.020+0000][1][safepoint    ] Entering safepoint region: Cleanup
[2022-06-13T02:12:27.021+0000][1][safepoint    ] Leaving safepoint region
[2022-06-13T02:12:27.021+0000][1][safepoint    ] Total time for which application threads were stopped: 0.0014539 seconds, Stopping threads took: 0.0005038 seconds
[2022-06-13T02:12:28.022+0000][1][safepoint    ] Application time: 1.0002111 seconds
[2022-06-13T02:12:28.023+0000][1][safepoint    ] Entering safepoint region: Cleanup
[2022-06-13T02:12:28.023+0000][1][safepoint    ] Leaving safepoint region
[2022-06-13T02:12:28.024+0000][1][safepoint    ] Total time for which application threads were stopped: 0.0008002 seconds, Stopping threads took: 0.0003377 seconds
[2022-06-13T02:12:29.024+0000][1][safepoint    ] Application time: 1.0001928 seconds
[2022-06-13T02:12:29.025+0000][1][safepoint    ] Entering safepoint region: Cleanup
[2022-06-13T02:12:29.025+0000][1][safepoint    ] Leaving safepoint region
[2022-06-13T02:12:29.026+0000][1][safepoint    ] Total time for which application threads were stopped: 0.0007574 seconds, Stopping threads took: 0.0003469 seconds
[2022-06-13T02:12:30.026+0000][1][safepoint    ] Application time: 1.0002751 seconds
[2022-06-13T02:12:30.027+0000][1][safepoint    ] Entering safepoint region: Cleanup
[2022-06-13T02:12:30.027+0000][1][safepoint    ] Leaving safepoint region
[2022-06-13T02:12:30.027+0000][1][safepoint    ] Total time for which application threads were stopped: 0.0005699 seconds, Stopping threads took: 0.0002432 seconds
[2022-06-13T02:12:31.028+0000][1][safepoint    ] Application time: 1.0001482 seconds
[2022-06-13T02:12:31.028+0000][1][safepoint    ] Entering safepoint region: Cleanup
[2022-06-13T02:12:31.028+0000][1][safepoint    ] Leaving safepoint region
[2022-06-13T02:12:31.029+0000][1][safepoint    ] Total time for which application threads were stopped: 0.0005249 seconds, Stopping threads took: 0.0002245 seconds
[2022-06-13T02:12:32.029+0000][1][safepoint    ] Application time: 1.0003115 seconds
[2022-06-13T02:12:32.030+0000][1][safepoint    ] Entering safepoint region: Cleanup
[2022-06-13T02:12:32.030+0000][1][safepoint    ] Leaving safepoint region
[2022-06-13T02:12:32.031+0000][1][safepoint    ] Total time for which application threads were stopped: 0.0009785 seconds, Stopping threads took: 0.0004380 seconds
[2022-06-13T02:12:33.031+0000][1][safepoint    ] Application time: 1.0002176 seconds
[2022-06-13T02:12:33.032+0000][1][safepoint    ] Entering safepoint region: Cleanup
[2022-06-13T02:12:33.033+0000][1][safepoint    ] Leaving safepoint region
[2022-06-13T02:12:33.034+0000][1][safepoint    ] Total time for which application threads were stopped: 0.0015123 seconds, Stopping threads took: 0.0007070 seconds
[2022-06-13T02:12:34.034+0000][1][safepoint    ] Application time: 1.0002053 seconds
[2022-06-13T02:12:34.035+0000][1][safepoint    ] Entering safepoint region: Cleanup
[2022-06-13T02:12:34.035+0000][1][safepoint    ] Leaving safepoint region
[2022-06-13T02:12:34.035+0000][1][safepoint    ] Total time for which application threads were stopped: 0.0007335 seconds, Stopping threads took: 0.0003971 seconds
[2022-06-13T02:12:35.036+0000][1][safepoint    ] Application time: 1.0003602 seconds
[2022-06-13T02:12:35.037+0000][1][safepoint    ] Entering safepoint region: Cleanup
[2022-06-13T02:12:35.037+0000][1][safepoint    ] Leaving safepoint region
[2022-06-13T02:12:35.038+0000][1][safepoint    ] Total time for which application threads were stopped: 0.0012286 seconds, Stopping threads took: 0.0005469 seconds
[2022-06-13T02:12:36.039+0000][1][safepoint    ] Application time: 1.0002739 seconds
[2022-06-13T02:12:36.039+0000][1][safepoint    ] Entering safepoint region: Cleanup
[2022-06-13T02:12:36.040+0000][1][safepoint    ] Leaving safepoint region
[2022-06-13T02:12:36.040+0000][1][safepoint    ] Total time for which application threads were stopped: 0.0010223 seconds, Stopping threads took: 0.0004500 seconds
[2022-06-13T02:12:37.041+0000][1][safepoint    ] Application time: 1.0002476 seconds
[2022-06-13T02:12:37.041+0000][1][safepoint    ] Entering safepoint region: Cleanup
[2022-06-13T02:12:37.042+0000][1][safepoint    ] Leaving safepoint region
[2022-06-13T02:12:37.042+0000][1][safepoint    ] Total time for which application threads were stopped: 0.0005188 seconds, Stopping threads took: 0.0001626 seconds
[2022-06-13T02:12:38.042+0000][1][safepoint    ] Application time: 1.0002351 seconds
[2022-06-13T02:12:38.043+0000][1][safepoint    ] Entering safepoint region: Cleanup
[2022-06-13T02:12:38.044+0000][1][safepoint    ] Leaving safepoint region
[2022-06-13T02:12:38.044+0000][1][safepoint    ] Total time for which application threads were stopped: 0.0010679 seconds, Stopping threads took: 0.0005140 seconds
[2022-06-13T02:12:39.045+0000][1][safepoint    ] Application time: 1.0003771 seconds
[2022-06-13T02:12:39.045+0000][1][safepoint    ] Entering safepoint region: Cleanup
[2022-06-13T02:12:39.046+0000][1][safepoint    ] Leaving safepoint region
[2022-06-13T02:12:39.047+0000][1][safepoint    ] Total time for which application threads were stopped: 0.0011879 seconds, Stopping threads took: 0.0003871 seconds
[2022-06-13T02:12:40.047+0000][1][safepoint    ] Application time: 1.0002564 seconds
[2022-06-13T02:12:40.048+0000][1][safepoint    ] Entering safepoint region: Cleanup
[2022-06-13T02:12:40.049+0000][1][safepoint    ] Leaving safepoint region
[2022-06-13T02:12:40.049+0000][1][safepoint    ] Total time for which application threads were stopped: 0.0009533 seconds, Stopping threads took: 0.0004847 seconds
[2022-06-13T02:12:41.049+0000][1][safepoint    ] Application time: 1.0001111 seconds
[2022-06-13T02:12:41.050+0000][1][safepoint    ] Entering safepoint region: Cleanup
[2022-06-13T02:12:41.050+0000][1][safepoint    ] Leaving safepoint region
[2022-06-13T02:12:41.050+0000][1][safepoint    ] Total time for which application threads were stopped: 0.0004505 seconds, Stopping threads took: 0.0002027 seconds
[2022-06-13T02:12:42.050+0000][1][safepoint    ] Application time: 1.0001128 seconds
[2022-06-13T02:12:42.051+0000][1][safepoint    ] Entering safepoint region: Cleanup
[2022-06-13T02:12:42.051+0000][1][safepoint    ] Leaving safepoint region
[2022-06-13T02:12:42.052+0000][1][safepoint    ] Total time for which application threads were stopped: 0.0007615 seconds, Stopping threads took: 0.0003646 seconds
[2022-06-13T02:12:43.052+0000][1][safepoint    ] Application time: 1.0001374 seconds
[2022-06-13T02:12:43.053+0000][1][safepoint    ] Entering safepoint region: Cleanup
[2022-06-13T02:12:43.053+0000][1][safepoint    ] Leaving safepoint region
[2022-06-13T02:12:43.054+0000][1][safepoint    ] Total time for which application threads were stopped: 0.0011915 seconds, Stopping threads took: 0.0004617 seconds
[2022-06-13T02:12:44.054+0000][1][safepoint    ] Application time: 1.0001448 seconds
[2022-06-13T02:12:44.055+0000][1][safepoint    ] Entering safepoint region: Cleanup
[2022-06-13T02:12:44.055+0000][1][safepoint    ] Leaving safepoint region
[2022-06-13T02:12:44.055+0000][1][safepoint    ] Total time for which application threads were stopped: 0.0005784 seconds, Stopping threads took: 0.0002402 seconds
[2022-06-13T02:12:45.056+0000][1][safepoint    ] Application time: 1.0001805 seconds
[2022-06-13T02:12:45.056+0000][1][safepoint    ] Entering safepoint region: Cleanup
[2022-06-13T02:12:45.056+0000][1][safepoint    ] Leaving safepoint region
[2022-06-13T02:12:45.057+0000][1][safepoint    ] Total time for which application threads were stopped: 0.0006145 seconds, Stopping threads took: 0.0001782 seconds
[2022-06-13T02:12:46.057+0000][1][safepoint    ] Application time: 1.0002159 seconds
[2022-06-13T02:12:46.058+0000][1][safepoint    ] Entering safepoint region: Cleanup
[2022-06-13T02:12:46.058+0000][1][safepoint    ] Leaving safepoint region
[2022-06-13T02:12:46.059+0000][1][safepoint    ] Total time for which application threads were stopped: 0.0008557 seconds, Stopping threads took: 0.0003847 seconds
[2022-06-13T02:12:47.059+0000][1][safepoint    ] Application time: 1.0001041 seconds
[2022-06-13T02:12:47.060+0000][1][safepoint    ] Entering safepoint region: Cleanup
[2022-06-13T02:12:47.060+0000][1][safepoint    ] Leaving safepoint region
[2022-06-13T02:12:47.060+0000][1][safepoint    ] Total time for which application threads were stopped: 0.0007237 seconds, Stopping threads took: 0.0003469 seconds
[2022-06-13T02:12:47.166+0000][1][safepoint    ] Application time: 0.1054951 seconds
[2022-06-13T02:12:47.166+0000][1][safepoint    ] Entering safepoint region: GenCollectForAllocation
[2022-06-13T02:12:47.167+0000][1][gc,start     ] GC(22) Pause Young (Allocation Failure)
[2022-06-13T02:12:47.167+0000][1][gc,task      ] GC(22) Using 5 workers of 13 for evacuation
[2022-06-13T02:12:47.175+0000][1][gc,age       ] GC(22) Desired survivor size 4456448 bytes, new threshold 2 (max threshold 6)
[2022-06-13T02:12:47.176+0000][1][gc,age       ] GC(22) Age table with threshold 2 (max threshold 6)
[2022-06-13T02:12:47.176+0000][1][gc,age       ] GC(22) - age   1:     921704 bytes,     921704 total
[2022-06-13T02:12:47.177+0000][1][gc,age       ] GC(22) - age   2:    3807528 bytes,    4729232 total
[2022-06-13T02:12:47.177+0000][1][gc,heap      ] GC(22) ParNew: 78656K->8582K(78656K)
[2022-06-13T02:12:47.177+0000][1][gc,heap      ] GC(22) CMS: 60075K->64324K(174784K)
[2022-06-13T02:12:47.178+0000][1][gc,metaspace ] GC(22) Metaspace: 64701K->64701K(1107968K)
[2022-06-13T02:12:47.178+0000][1][gc           ] GC(22) Pause Young (Allocation Failure) 135M->71M(247M) 11.322ms
[2022-06-13T02:12:47.179+0000][1][gc,cpu       ] GC(22) User=0.03s Sys=0.00s Real=0.01s
[2022-06-13T02:12:47.179+0000][1][safepoint    ] Leaving safepoint region
[2022-06-13T02:12:47.179+0000][1][safepoint    ] Total time for which application threads were stopped: 0.0129514 seconds, Stopping threads took: 0.0003607 seconds
[2022-06-13T02:12:48.180+0000][1][safepoint    ] Application time: 1.0003624 seconds
[2022-06-13T02:12:48.180+0000][1][safepoint    ] Entering safepoint region: Cleanup
[2022-06-13T02:12:48.181+0000][1][safepoint    ] Leaving safepoint region
[2022-06-13T02:12:48.181+0000][1][safepoint    ] Total time for which application threads were stopped: 0.0008526 seconds, Stopping threads took: 0.0004391 seconds
[2022-06-13T02:12:49.182+0000][1][safepoint    ] Application time: 1.0001411 seconds
[2022-06-13T02:12:49.182+0000][1][safepoint    ] Entering safepoint region: Cleanup
[2022-06-13T02:12:49.183+0000][1][safepoint    ] Leaving safepoint region
[2022-06-13T02:12:49.183+0000][1][safepoint    ] Total time for which application threads were stopped: 0.0010139 seconds, Stopping threads took: 0.0006003 seconds
[2022-06-13T02:12:50.183+0000][1][safepoint    ] Application time: 1.0001381 seconds
[2022-06-13T02:12:50.184+0000][1][safepoint    ] Entering safepoint region: Cleanup
[2022-06-13T02:12:50.184+0000][1][safepoint    ] Leaving safepoint region
[2022-06-13T02:12:50.184+0000][1][safepoint    ] Total time for which application threads were stopped: 0.0008048 seconds, Stopping threads took: 0.0004677 seconds
[2022-06-13T02:12:51.185+0000][1][safepoint    ] Application time: 1.0002419 seconds
[2022-06-13T02:12:51.186+0000][1][safepoint    ] Entering safepoint region: Cleanup
[2022-06-13T02:12:51.186+0000][1][safepoint    ] Leaving safepoint region
[2022-06-13T02:12:51.186+0000][1][safepoint    ] Total time for which application threads were stopped: 0.0007810 seconds, Stopping threads took: 0.0004080 seconds
[2022-06-13T02:12:52.187+0000][1][safepoint    ] Application time: 1.0001760 seconds
[2022-06-13T02:12:52.188+0000][1][safepoint    ] Entering safepoint region: Cleanup
[2022-06-13T02:12:52.188+0000][1][safepoint    ] Leaving safepoint region
[2022-06-13T02:12:52.189+0000][1][safepoint    ] Total time for which application threads were stopped: 0.0013212 seconds, Stopping threads took: 0.0008710 seconds
[2022-06-13T02:12:53.189+0000][1][safepoint    ] Application time: 1.0002005 seconds
[2022-06-13T02:12:53.189+0000][1][safepoint    ] Entering safepoint region: Cleanup
[2022-06-13T02:12:53.190+0000][1][safepoint    ] Leaving safepoint region
[2022-06-13T02:12:53.190+0000][1][safepoint    ] Total time for which application threads were stopped: 0.0009021 seconds, Stopping threads took: 0.0004279 seconds
[2022-06-13T02:12:54.191+0000][1][safepoint    ] Application time: 1.0001872 seconds
[2022-06-13T02:12:54.192+0000][1][safepoint    ] Entering safepoint region: Cleanup
[2022-06-13T02:12:54.192+0000][1][safepoint    ] Leaving safepoint region
[2022-06-13T02:12:54.192+0000][1][safepoint    ] Total time for which application threads were stopped: 0.0010608 seconds, Stopping threads took: 0.0005943 seconds
[2022-06-13T02:12:55.193+0000][1][safepoint    ] Application time: 1.0001524 seconds
[2022-06-13T02:12:55.194+0000][1][safepoint    ] Entering safepoint region: Cleanup
[2022-06-13T02:12:55.194+0000][1][safepoint    ] Leaving safepoint region
[2022-06-13T02:12:55.195+0000][1][safepoint    ] Total time for which application threads were stopped: 0.0010333 seconds, Stopping threads took: 0.0006246 seconds
[2022-06-13T02:12:56.195+0000][1][safepoint    ] Application time: 1.0002253 seconds
[2022-06-13T02:12:56.196+0000][1][safepoint    ] Entering safepoint region: Cleanup
[2022-06-13T02:12:56.197+0000][1][safepoint    ] Leaving safepoint region
[2022-06-13T02:12:56.197+0000][1][safepoint    ] Total time for which application threads were stopped: 0.0015851 seconds, Stopping threads took: 0.0008542 seconds
[2022-06-13T02:12:57.198+0000][1][safepoint    ] Application time: 1.0002027 seconds
[2022-06-13T02:12:57.198+0000][1][safepoint    ] Entering safepoint region: Cleanup
[2022-06-13T02:12:57.199+0000][1][safepoint    ] Leaving safepoint region
[2022-06-13T02:12:57.199+0000][1][safepoint    ] Total time for which application threads were stopped: 0.0007341 seconds, Stopping threads took: 0.0003921 seconds
[2022-06-13T02:12:58.199+0000][1][safepoint    ] Application time: 1.0001795 seconds
[2022-06-13T02:12:58.200+0000][1][safepoint    ] Entering safepoint region: Cleanup
[2022-06-13T02:12:58.200+0000][1][safepoint    ] Leaving safepoint region
[2022-06-13T02:12:58.201+0000][1][safepoint    ] Total time for which application threads were stopped: 0.0010510 seconds, Stopping threads took: 0.0005396 seconds
[2022-06-13T02:12:59.201+0000][1][safepoint    ] Application time: 1.0002383 seconds
[2022-06-13T02:12:59.202+0000][1][safepoint    ] Entering safepoint region: Cleanup
[2022-06-13T02:12:59.202+0000][1][safepoint    ] Leaving safepoint region
[2022-06-13T02:12:59.203+0000][1][safepoint    ] Total time for which application threads were stopped: 0.0009687 seconds, Stopping threads took: 0.0004055 seconds
[2022-06-13T02:13:00.203+0000][1][safepoint    ] Application time: 1.0002121 seconds
[2022-06-13T02:13:00.204+0000][1][safepoint    ] Entering safepoint region: Cleanup
[2022-06-13T02:13:00.205+0000][1][safepoint    ] Leaving safepoint region
[2022-06-13T02:13:00.205+0000][1][safepoint    ] Total time for which application threads were stopped: 0.0014714 seconds, Stopping threads took: 0.0006201 seconds
[2022-06-13T02:13:01.206+0000][1][safepoint    ] Application time: 1.0001709 seconds
[2022-06-13T02:13:01.206+0000][1][safepoint    ] Entering safepoint region: Cleanup
[2022-06-13T02:13:01.207+0000][1][safepoint    ] Leaving safepoint region
[2022-06-13T02:13:01.207+0000][1][safepoint    ] Total time for which application threads were stopped: 0.0009934 seconds, Stopping threads took: 0.0005865 seconds
[2022-06-13T02:13:02.208+0000][1][safepoint    ] Application time: 1.0001848 seconds
[2022-06-13T02:13:02.208+0000][1][safepoint    ] Entering safepoint region: Cleanup
[2022-06-13T02:13:02.208+0000][1][safepoint    ] Leaving safepoint region
[2022-06-13T02:13:02.208+0000][1][safepoint    ] Total time for which application threads were stopped: 0.0003743 seconds, Stopping threads took: 0.0001690 seconds
[2022-06-13T02:13:03.209+0000][1][safepoint    ] Application time: 1.0001818 seconds
[2022-06-13T02:13:03.209+0000][1][safepoint    ] Entering safepoint region: Cleanup
[2022-06-13T02:13:03.209+0000][1][safepoint    ] Leaving safepoint region
[2022-06-13T02:13:03.210+0000][1][safepoint    ] Total time for which application threads were stopped: 0.0005706 seconds, Stopping threads took: 0.0002146 seconds
[2022-06-13T02:13:04.210+0000][1][safepoint    ] Application time: 1.0001156 seconds
[2022-06-13T02:13:04.211+0000][1][safepoint    ] Entering safepoint region: Cleanup
[2022-06-13T02:13:04.211+0000][1][safepoint    ] Leaving safepoint region
[2022-06-13T02:13:04.211+0000][1][safepoint    ] Total time for which application threads were stopped: 0.0008379 seconds, Stopping threads took: 0.0003963 seconds
[2022-06-13T02:13:05.212+0000][1][safepoint    ] Application time: 1.0002511 seconds
[2022-06-13T02:13:05.213+0000][1][safepoint    ] Entering safepoint region: Cleanup
[2022-06-13T02:13:05.213+0000][1][safepoint    ] Leaving safepoint region
[2022-06-13T02:13:05.213+0000][1][safepoint    ] Total time for which application threads were stopped: 0.0007941 seconds, Stopping threads took: 0.0003711 seconds
[2022-06-13T02:13:06.214+0000][1][safepoint    ] Application time: 1.0002927 seconds
[2022-06-13T02:13:06.214+0000][1][safepoint    ] Entering safepoint region: Cleanup
[2022-06-13T02:13:06.215+0000][1][safepoint    ] Leaving safepoint region
[2022-06-13T02:13:06.215+0000][1][safepoint    ] Total time for which application threads were stopped: 0.0007550 seconds, Stopping threads took: 0.0003196 seconds
[2022-06-13T02:13:07.215+0000][1][safepoint    ] Application time: 1.0002661 seconds
[2022-06-13T02:13:07.216+0000][1][safepoint    ] Entering safepoint region: Cleanup
[2022-06-13T02:13:07.216+0000][1][safepoint    ] Leaving safepoint region
[2022-06-13T02:13:07.217+0000][1][safepoint    ] Total time for which application threads were stopped: 0.0011100 seconds, Stopping threads took: 0.0005024 seconds
[2022-06-13T02:13:08.217+0000][1][safepoint    ] Application time: 1.0001843 seconds
[2022-06-13T02:13:08.218+0000][1][safepoint    ] Entering safepoint region: Cleanup
[2022-06-13T02:13:08.218+0000][1][safepoint    ] Leaving safepoint region
[2022-06-13T02:13:08.219+0000][1][safepoint    ] Total time for which application threads were stopped: 0.0006989 seconds, Stopping threads took: 0.0003406 seconds
[2022-06-13T02:13:09.219+0000][1][safepoint    ] Application time: 1.0001524 seconds
[2022-06-13T02:13:09.219+0000][1][safepoint    ] Entering safepoint region: Cleanup
[2022-06-13T02:13:09.220+0000][1][safepoint    ] Leaving safepoint region
[2022-06-13T02:13:09.220+0000][1][safepoint    ] Total time for which application threads were stopped: 0.0008892 seconds, Stopping threads took: 0.0003793 seconds
[2022-06-13T02:13:10.221+0000][1][safepoint    ] Application time: 1.0001495 seconds
[2022-06-13T02:13:10.221+0000][1][safepoint    ] Entering safepoint region: Cleanup
[2022-06-13T02:13:10.222+0000][1][safepoint    ] Leaving safepoint region
[2022-06-13T02:13:10.222+0000][1][safepoint    ] Total time for which application threads were stopped: 0.0009104 seconds, Stopping threads took: 0.0004276 seconds
[2022-06-13T02:13:11.223+0000][1][safepoint    ] Application time: 1.0001079 seconds
[2022-06-13T02:13:11.223+0000][1][safepoint    ] Entering safepoint region: Cleanup
[2022-06-13T02:13:11.223+0000][1][safepoint    ] Leaving safepoint region
[2022-06-13T02:13:11.224+0000][1][safepoint    ] Total time for which application threads were stopped: 0.0007376 seconds, Stopping threads took: 0.0003213 seconds
[2022-06-13T02:13:12.224+0000][1][safepoint    ] Application time: 1.0001326 seconds
[2022-06-13T02:13:12.225+0000][1][safepoint    ] Entering safepoint region: Cleanup
[2022-06-13T02:13:12.225+0000][1][safepoint    ] Leaving safepoint region
[2022-06-13T02:13:12.226+0000][1][safepoint    ] Total time for which application threads were stopped: 0.0007833 seconds, Stopping threads took: 0.0002870 seconds
[2022-06-13T02:13:13.226+0000][1][safepoint    ] Application time: 1.0001120 seconds
[2022-06-13T02:13:13.226+0000][1][safepoint    ] Entering safepoint region: Cleanup
[2022-06-13T02:13:13.227+0000][1][safepoint    ] Leaving safepoint region
[2022-06-13T02:13:13.227+0000][1][safepoint    ] Total time for which application threads were stopped: 0.0008189 seconds, Stopping threads took: 0.0002462 seconds
[2022-06-13T02:13:14.228+0000][1][safepoint    ] Application time: 1.0001470 seconds
[2022-06-13T02:13:14.228+0000][1][safepoint    ] Entering safepoint region: Cleanup
[2022-06-13T02:13:14.229+0000][1][safepoint    ] Leaving safepoint region
[2022-06-13T02:13:14.229+0000][1][safepoint    ] Total time for which application threads were stopped: 0.0010425 seconds, Stopping threads took: 0.0004719 seconds
[2022-06-13T02:13:15.230+0000][1][safepoint    ] Application time: 1.0003817 seconds
[2022-06-13T02:13:15.230+0000][1][safepoint    ] Entering safepoint region: Cleanup
[2022-06-13T02:13:15.231+0000][1][safepoint    ] Leaving safepoint region
[2022-06-13T02:13:15.231+0000][1][safepoint    ] Total time for which application threads were stopped: 0.0008520 seconds, Stopping threads took: 0.0004030 seconds
[2022-06-13T02:13:16.232+0000][1][safepoint    ] Application time: 1.0001527 seconds
[2022-06-13T02:13:16.232+0000][1][safepoint    ] Entering safepoint region: Cleanup
[2022-06-13T02:13:16.233+0000][1][safepoint    ] Leaving safepoint region
[2022-06-13T02:13:16.233+0000][1][safepoint    ] Total time for which application threads were stopped: 0.0007579 seconds, Stopping threads took: 0.0002904 seconds
[2022-06-13T02:13:17.233+0000][1][safepoint    ] Application time: 1.0000917 seconds
[2022-06-13T02:13:17.234+0000][1][safepoint    ] Entering safepoint region: Cleanup
[2022-06-13T02:13:17.234+0000][1][safepoint    ] Leaving safepoint region
[2022-06-13T02:13:17.234+0000][1][safepoint    ] Total time for which application threads were stopped: 0.0004879 seconds, Stopping threads took: 0.0002450 seconds
[2022-06-13T02:13:18.234+0000][1][safepoint    ] Application time: 1.0001600 seconds
[2022-06-13T02:13:18.235+0000][1][safepoint    ] Entering safepoint region: Cleanup
[2022-06-13T02:13:18.235+0000][1][safepoint    ] Leaving safepoint region
[2022-06-13T02:13:18.236+0000][1][safepoint    ] Total time for which application threads were stopped: 0.0007218 seconds, Stopping threads took: 0.0003290 seconds
[2022-06-13T02:13:19.236+0000][1][safepoint    ] Application time: 1.0000998 seconds
[2022-06-13T02:13:19.236+0000][1][safepoint    ] Entering safepoint region: Cleanup
[2022-06-13T02:13:19.236+0000][1][safepoint    ] Leaving safepoint region
[2022-06-13T02:13:19.237+0000][1][safepoint    ] Total time for which application threads were stopped: 0.0003732 seconds, Stopping threads took: 0.0001361 seconds
[2022-06-13T02:13:20.237+0000][1][safepoint    ] Application time: 1.0001011 seconds
[2022-06-13T02:13:20.237+0000][1][safepoint    ] Entering safepoint region: Cleanup
[2022-06-13T02:13:20.238+0000][1][safepoint    ] Leaving safepoint region
[2022-06-13T02:13:20.238+0000][1][safepoint    ] Total time for which application threads were stopped: 0.0006521 seconds, Stopping threads took: 0.0002491 seconds
[2022-06-13T02:13:21.238+0000][1][safepoint    ] Application time: 1.0001548 seconds
[2022-06-13T02:13:21.239+0000][1][safepoint    ] Entering safepoint region: Cleanup
[2022-06-13T02:13:21.239+0000][1][safepoint    ] Leaving safepoint region
[2022-06-13T02:13:21.240+0000][1][safepoint    ] Total time for which application threads were stopped: 0.0010767 seconds, Stopping threads took: 0.0004180 seconds
[2022-06-13T02:13:22.240+0000][1][safepoint    ] Application time: 1.0001198 seconds
[2022-06-13T02:13:22.241+0000][1][safepoint    ] Entering safepoint region: Cleanup
[2022-06-13T02:13:22.241+0000][1][safepoint    ] Leaving safepoint region
[2022-06-13T02:13:22.241+0000][1][safepoint    ] Total time for which application threads were stopped: 0.0004044 seconds, Stopping threads took: 0.0001670 seconds
[2022-06-13T02:13:23.241+0000][1][safepoint    ] Application time: 1.0001245 seconds
[2022-06-13T02:13:23.242+0000][1][safepoint    ] Entering safepoint region: Cleanup
[2022-06-13T02:13:23.242+0000][1][safepoint    ] Leaving safepoint region
[2022-06-13T02:13:23.242+0000][1][safepoint    ] Total time for which application threads were stopped: 0.0006473 seconds, Stopping threads took: 0.0003535 seconds
[2022-06-13T02:13:24.243+0000][1][safepoint    ] Application time: 1.0001247 seconds
[2022-06-13T02:13:24.243+0000][1][safepoint    ] Entering safepoint region: Cleanup
[2022-06-13T02:13:24.243+0000][1][safepoint    ] Leaving safepoint region
[2022-06-13T02:13:24.244+0000][1][safepoint    ] Total time for which application threads were stopped: 0.0005340 seconds, Stopping threads took: 0.0002065 seconds
[2022-06-13T02:13:25.244+0000][1][safepoint    ] Application time: 1.0001315 seconds
[2022-06-13T02:13:25.244+0000][1][safepoint    ] Entering safepoint region: Cleanup
[2022-06-13T02:13:25.245+0000][1][safepoint    ] Leaving safepoint region
[2022-06-13T02:13:25.245+0000][1][safepoint    ] Total time for which application threads were stopped: 0.0004852 seconds, Stopping threads took: 0.0002074 seconds
[2022-06-13T02:13:26.245+0000][1][safepoint    ] Application time: 1.0001370 seconds
[2022-06-13T02:13:26.245+0000][1][safepoint    ] Entering safepoint region: Cleanup
[2022-06-13T02:13:26.246+0000][1][safepoint    ] Leaving safepoint region
[2022-06-13T02:13:26.246+0000][1][safepoint    ] Total time for which application threads were stopped: 0.0008356 seconds, Stopping threads took: 0.0002522 seconds
[2022-06-13T02:13:27.247+0000][1][safepoint    ] Application time: 1.0001067 seconds
[2022-06-13T02:13:27.247+0000][1][safepoint    ] Entering safepoint region: Cleanup
[2022-06-13T02:13:27.247+0000][1][safepoint    ] Leaving safepoint region
[2022-06-13T02:13:27.247+0000][1][safepoint    ] Total time for which application threads were stopped: 0.0003424 seconds, Stopping threads took: 0.0001159 seconds
[2022-06-13T02:13:28.247+0000][1][safepoint    ] Application time: 1.0000984 seconds
[2022-06-13T02:13:28.248+0000][1][safepoint    ] Entering safepoint region: Cleanup
[2022-06-13T02:13:28.248+0000][1][safepoint    ] Leaving safepoint region
[2022-06-13T02:13:28.248+0000][1][safepoint    ] Total time for which application threads were stopped: 0.0006767 seconds, Stopping threads took: 0.0003060 seconds
[2022-06-13T02:13:29.249+0000][1][safepoint    ] Application time: 1.0001161 seconds
[2022-06-13T02:13:29.249+0000][1][safepoint    ] Entering safepoint region: Cleanup
[2022-06-13T02:13:29.250+0000][1][safepoint    ] Leaving safepoint region
[2022-06-13T02:13:29.250+0000][1][safepoint    ] Total time for which application threads were stopped: 0.0007264 seconds, Stopping threads took: 0.0003868 seconds
[2022-06-13T02:13:30.251+0000][1][safepoint    ] Application time: 1.0001153 seconds
[2022-06-13T02:13:30.251+0000][1][safepoint    ] Entering safepoint region: Cleanup
[2022-06-13T02:13:30.251+0000][1][safepoint    ] Leaving safepoint region
[2022-06-13T02:13:30.252+0000][1][safepoint    ] Total time for which application threads were stopped: 0.0004562 seconds, Stopping threads took: 0.0001889 seconds
[2022-06-13T02:13:31.252+0000][1][safepoint    ] Application time: 1.0001225 seconds
[2022-06-13T02:13:31.252+0000][1][safepoint    ] Entering safepoint region: Cleanup
[2022-06-13T02:13:31.253+0000][1][safepoint    ] Leaving safepoint region
[2022-06-13T02:13:31.253+0000][1][safepoint    ] Total time for which application threads were stopped: 0.0004925 seconds, Stopping threads took: 0.0002261 seconds
[2022-06-13T02:13:32.253+0000][1][safepoint    ] Application time: 1.0001982 seconds
[2022-06-13T02:13:32.253+0000][1][safepoint    ] Entering safepoint region: Cleanup
[2022-06-13T02:13:32.254+0000][1][safepoint    ] Leaving safepoint region
[2022-06-13T02:13:32.254+0000][1][safepoint    ] Total time for which application threads were stopped: 0.0005691 seconds, Stopping threads took: 0.0002226 seconds
[2022-06-13T02:13:33.254+0000][1][safepoint    ] Application time: 1.0002179 seconds
[2022-06-13T02:13:33.255+0000][1][safepoint    ] Entering safepoint region: Cleanup
[2022-06-13T02:13:33.256+0000][1][safepoint    ] Leaving safepoint region
[2022-06-13T02:13:33.256+0000][1][safepoint    ] Total time for which application threads were stopped: 0.0011065 seconds, Stopping threads took: 0.0005479 seconds
[2022-06-13T02:13:34.257+0000][1][safepoint    ] Application time: 1.0002110 seconds
[2022-06-13T02:13:34.257+0000][1][safepoint    ] Entering safepoint region: Cleanup
[2022-06-13T02:13:34.258+0000][1][safepoint    ] Leaving safepoint region
[2022-06-13T02:13:34.258+0000][1][safepoint    ] Total time for which application threads were stopped: 0.0011095 seconds, Stopping threads took: 0.0005699 seconds
[2022-06-13T02:13:35.259+0000][1][safepoint    ] Application time: 1.0001509 seconds
[2022-06-13T02:13:35.259+0000][1][safepoint    ] Entering safepoint region: Cleanup
[2022-06-13T02:13:35.259+0000][1][safepoint    ] Leaving safepoint region
[2022-06-13T02:13:35.260+0000][1][safepoint    ] Total time for which application threads were stopped: 0.0007230 seconds, Stopping threads took: 0.0002045 seconds
[2022-06-13T02:13:36.260+0000][1][safepoint    ] Application time: 1.0001037 seconds
[2022-06-13T02:13:36.260+0000][1][safepoint    ] Entering safepoint region: Cleanup
[2022-06-13T02:13:36.261+0000][1][safepoint    ] Leaving safepoint region
[2022-06-13T02:13:36.261+0000][1][safepoint    ] Total time for which application threads were stopped: 0.0008463 seconds, Stopping threads took: 0.0003981 seconds
[2022-06-13T02:13:37.262+0000][1][safepoint    ] Application time: 1.0001043 seconds
[2022-06-13T02:13:37.262+0000][1][safepoint    ] Entering safepoint region: Cleanup
[2022-06-13T02:13:37.262+0000][1][safepoint    ] Leaving safepoint region
[2022-06-13T02:13:37.263+0000][1][safepoint    ] Total time for which application threads were stopped: 0.0005080 seconds, Stopping threads took: 0.0002381 seconds
[2022-06-13T02:13:38.263+0000][1][safepoint    ] Application time: 1.0001953 seconds
[2022-06-13T02:13:38.263+0000][1][safepoint    ] Entering safepoint region: Cleanup
[2022-06-13T02:13:38.264+0000][1][safepoint    ] Leaving safepoint region
[2022-06-13T02:13:38.264+0000][1][safepoint    ] Total time for which application threads were stopped: 0.0008426 seconds, Stopping threads took: 0.0004260 seconds
[2022-06-13T02:13:39.265+0000][1][safepoint    ] Application time: 1.0001932 seconds
[2022-06-13T02:13:39.265+0000][1][safepoint    ] Entering safepoint region: Cleanup
[2022-06-13T02:13:39.266+0000][1][safepoint    ] Leaving safepoint region
[2022-06-13T02:13:39.266+0000][1][safepoint    ] Total time for which application threads were stopped: 0.0009516 seconds, Stopping threads took: 0.0003941 seconds
[2022-06-13T02:13:40.266+0000][1][safepoint    ] Application time: 1.0002223 seconds
[2022-06-13T02:13:40.267+0000][1][safepoint    ] Entering safepoint region: Cleanup
[2022-06-13T02:13:40.268+0000][1][safepoint    ] Leaving safepoint region
[2022-06-13T02:13:40.268+0000][1][safepoint    ] Total time for which application threads were stopped: 0.0009233 seconds, Stopping threads took: 0.0003962 seconds
[2022-06-13T02:13:41.269+0000][1][safepoint    ] Application time: 1.0002034 seconds
[2022-06-13T02:13:41.269+0000][1][safepoint    ] Entering safepoint region: Cleanup
[2022-06-13T02:13:41.270+0000][1][safepoint    ] Leaving safepoint region
[2022-06-13T02:13:41.271+0000][1][safepoint    ] Total time for which application threads were stopped: 0.0011459 seconds, Stopping threads took: 0.0004974 seconds
[2022-06-13T02:13:42.272+0000][1][safepoint    ] Application time: 1.0004025 seconds
[2022-06-13T02:13:42.272+0000][1][safepoint    ] Entering safepoint region: Cleanup
[2022-06-13T02:13:42.273+0000][1][safepoint    ] Leaving safepoint region
[2022-06-13T02:13:42.274+0000][1][safepoint    ] Total time for which application threads were stopped: 0.0014622 seconds, Stopping threads took: 0.0006765 seconds
[2022-06-13T02:13:43.275+0000][1][safepoint    ] Application time: 1.0003625 seconds
[2022-06-13T02:13:43.275+0000][1][safepoint    ] Entering safepoint region: Cleanup
[2022-06-13T02:13:43.275+0000][1][safepoint    ] Leaving safepoint region
[2022-06-13T02:13:43.276+0000][1][safepoint    ] Total time for which application threads were stopped: 0.0005126 seconds, Stopping threads took: 0.0002397 seconds
[2022-06-13T02:13:44.276+0000][1][safepoint    ] Application time: 1.0002047 seconds
[2022-06-13T02:13:44.277+0000][1][safepoint    ] Entering safepoint region: Cleanup
[2022-06-13T02:13:44.278+0000][1][safepoint    ] Leaving safepoint region
[2022-06-13T02:13:44.278+0000][1][safepoint    ] Total time for which application threads were stopped: 0.0014780 seconds, Stopping threads took: 0.0006604 seconds
[2022-06-13T02:13:45.279+0000][1][safepoint    ] Application time: 1.0001684 seconds
[2022-06-13T02:13:45.279+0000][1][safepoint    ] Entering safepoint region: Cleanup
[2022-06-13T02:13:45.280+0000][1][safepoint    ] Leaving safepoint region
[2022-06-13T02:13:45.280+0000][1][safepoint    ] Total time for which application threads were stopped: 0.0008895 seconds, Stopping threads took: 0.0004029 seconds
[2022-06-13T02:13:46.281+0000][1][safepoint    ] Application time: 1.0002043 seconds
[2022-06-13T02:13:46.282+0000][1][safepoint    ] Entering safepoint region: Cleanup
[2022-06-13T02:13:46.282+0000][1][safepoint    ] Leaving safepoint region
[2022-06-13T02:13:46.283+0000][1][safepoint    ] Total time for which application threads were stopped: 0.0009417 seconds, Stopping threads took: 0.0004341 seconds
[2022-06-13T02:13:47.283+0000][1][safepoint    ] Application time: 1.0002858 seconds
[2022-06-13T02:13:47.284+0000][1][safepoint    ] Entering safepoint region: Cleanup
[2022-06-13T02:13:47.284+0000][1][safepoint    ] Leaving safepoint region
[2022-06-13T02:13:47.285+0000][1][safepoint    ] Total time for which application threads were stopped: 0.0010418 seconds, Stopping threads took: 0.0004786 seconds
[2022-06-13T02:13:48.286+0000][1][safepoint    ] Application time: 1.0001864 seconds
[2022-06-13T02:13:48.286+0000][1][safepoint    ] Entering safepoint region: Cleanup
[2022-06-13T02:13:48.287+0000][1][safepoint    ] Leaving safepoint region
[2022-06-13T02:13:48.287+0000][1][safepoint    ] Total time for which application threads were stopped: 0.0008679 seconds, Stopping threads took: 0.0004198 seconds
[2022-06-13T02:13:49.288+0000][1][safepoint    ] Application time: 1.0002314 seconds
[2022-06-13T02:13:49.288+0000][1][safepoint    ] Entering safepoint region: Cleanup
[2022-06-13T02:13:49.289+0000][1][safepoint    ] Leaving safepoint region
[2022-06-13T02:13:49.289+0000][1][safepoint    ] Total time for which application threads were stopped: 0.0007000 seconds, Stopping threads took: 0.0003850 seconds
[2022-06-13T02:13:50.289+0000][1][safepoint    ] Application time: 1.0003109 seconds
[2022-06-13T02:13:50.290+0000][1][safepoint    ] Entering safepoint region: Cleanup
[2022-06-13T02:13:50.291+0000][1][safepoint    ] Leaving safepoint region
[2022-06-13T02:13:50.291+0000][1][safepoint    ] Total time for which application threads were stopped: 0.0009698 seconds, Stopping threads took: 0.0004771 seconds
[2022-06-13T02:13:51.292+0000][1][safepoint    ] Application time: 1.0002399 seconds
[2022-06-13T02:13:51.292+0000][1][safepoint    ] Entering safepoint region: Cleanup
[2022-06-13T02:13:51.293+0000][1][safepoint    ] Leaving safepoint region
[2022-06-13T02:13:51.294+0000][1][safepoint    ] Total time for which application threads were stopped: 0.0014343 seconds, Stopping threads took: 0.0006784 seconds
[2022-06-13T02:13:52.295+0000][1][safepoint    ] Application time: 1.0001697 seconds
[2022-06-13T02:13:52.295+0000][1][safepoint    ] Entering safepoint region: Cleanup
[2022-06-13T02:13:52.295+0000][1][safepoint    ] Leaving safepoint region
[2022-06-13T02:13:52.296+0000][1][safepoint    ] Total time for which application threads were stopped: 0.0006136 seconds, Stopping threads took: 0.0002653 seconds
[2022-06-13T02:13:53.296+0000][1][safepoint    ] Application time: 1.0003521 seconds
[2022-06-13T02:13:53.297+0000][1][safepoint    ] Entering safepoint region: Cleanup
[2022-06-13T02:13:53.298+0000][1][safepoint    ] Leaving safepoint region
[2022-06-13T02:13:53.298+0000][1][safepoint    ] Total time for which application threads were stopped: 0.0014496 seconds, Stopping threads took: 0.0006774 seconds
[2022-06-13T02:13:54.299+0000][1][safepoint    ] Application time: 1.0002915 seconds
[2022-06-13T02:13:54.300+0000][1][safepoint    ] Entering safepoint region: Cleanup
[2022-06-13T02:13:54.301+0000][1][safepoint    ] Leaving safepoint region
[2022-06-13T02:13:54.301+0000][1][safepoint    ] Total time for which application threads were stopped: 0.0011654 seconds, Stopping threads took: 0.0007327 seconds
[2022-06-13T02:13:55.302+0000][1][safepoint    ] Application time: 1.0002172 seconds
[2022-06-13T02:13:55.302+0000][1][safepoint    ] Entering safepoint region: Cleanup
[2022-06-13T02:13:55.302+0000][1][safepoint    ] Leaving safepoint region
[2022-06-13T02:13:55.303+0000][1][safepoint    ] Total time for which application threads were stopped: 0.0007555 seconds, Stopping threads took: 0.0003592 seconds
[2022-06-13T02:13:56.303+0000][1][safepoint    ] Application time: 1.0001469 seconds
[2022-06-13T02:13:56.304+0000][1][safepoint    ] Entering safepoint region: Cleanup
[2022-06-13T02:13:56.304+0000][1][safepoint    ] Leaving safepoint region
[2022-06-13T02:13:56.304+0000][1][safepoint    ] Total time for which application threads were stopped: 0.0006458 seconds, Stopping threads took: 0.0003072 seconds
[2022-06-13T02:13:57.305+0000][1][safepoint    ] Application time: 1.0002697 seconds
[2022-06-13T02:13:57.305+0000][1][safepoint    ] Entering safepoint region: Cleanup
[2022-06-13T02:13:57.306+0000][1][safepoint    ] Leaving safepoint region
[2022-06-13T02:13:57.306+0000][1][safepoint    ] Total time for which application threads were stopped: 0.0008636 seconds, Stopping threads took: 0.0004318 seconds
[2022-06-13T02:13:58.307+0000][1][safepoint    ] Application time: 1.0002443 seconds
[2022-06-13T02:13:58.307+0000][1][safepoint    ] Entering safepoint region: Cleanup
[2022-06-13T02:13:58.307+0000][1][safepoint    ] Leaving safepoint region
[2022-06-13T02:13:58.308+0000][1][safepoint    ] Total time for which application threads were stopped: 0.0007415 seconds, Stopping threads took: 0.0003314 seconds
[2022-06-13T02:13:59.308+0000][1][safepoint    ] Application time: 1.0002458 seconds
[2022-06-13T02:13:59.309+0000][1][safepoint    ] Entering safepoint region: Cleanup
[2022-06-13T02:13:59.309+0000][1][safepoint    ] Leaving safepoint region
[2022-06-13T02:13:59.310+0000][1][safepoint    ] Total time for which application threads were stopped: 0.0010150 seconds, Stopping threads took: 0.0004374 seconds
[2022-06-13T02:14:00.310+0000][1][safepoint    ] Application time: 1.0002087 seconds
[2022-06-13T02:14:00.311+0000][1][safepoint    ] Entering safepoint region: Cleanup
[2022-06-13T02:14:00.312+0000][1][safepoint    ] Leaving safepoint region
[2022-06-13T02:14:00.312+0000][1][safepoint    ] Total time for which application threads were stopped: 0.0006994 seconds, Stopping threads took: 0.0003511 seconds
[2022-06-13T02:14:01.312+0000][1][safepoint    ] Application time: 1.0002734 seconds
[2022-06-13T02:14:01.313+0000][1][safepoint    ] Entering safepoint region: Cleanup
[2022-06-13T02:14:01.313+0000][1][safepoint    ] Leaving safepoint region
[2022-06-13T02:14:01.314+0000][1][safepoint    ] Total time for which application threads were stopped: 0.0009968 seconds, Stopping threads took: 0.0004649 seconds
[2022-06-13T02:14:02.315+0000][1][safepoint    ] Application time: 1.0002279 seconds
[2022-06-13T02:14:02.315+0000][1][safepoint    ] Entering safepoint region: Cleanup
[2022-06-13T02:14:02.316+0000][1][safepoint    ] Leaving safepoint region
[2022-06-13T02:14:02.316+0000][1][safepoint    ] Total time for which application threads were stopped: 0.0010559 seconds, Stopping threads took: 0.0005828 seconds
[2022-06-13T02:14:03.317+0000][1][safepoint    ] Application time: 1.0001475 seconds
[2022-06-13T02:14:03.317+0000][1][safepoint    ] Entering safepoint region: Cleanup
[2022-06-13T02:14:03.318+0000][1][safepoint    ] Leaving safepoint region
[2022-06-13T02:14:03.319+0000][1][safepoint    ] Total time for which application threads were stopped: 0.0014571 seconds, Stopping threads took: 0.0006402 seconds
[2022-06-13T02:14:04.320+0000][1][safepoint    ] Application time: 1.0002700 seconds
[2022-06-13T02:14:04.320+0000][1][safepoint    ] Entering safepoint region: Cleanup
[2022-06-13T02:14:04.320+0000][1][safepoint    ] Leaving safepoint region
[2022-06-13T02:14:04.321+0000][1][safepoint    ] Total time for which application threads were stopped: 0.0008565 seconds, Stopping threads took: 0.0004132 seconds
[2022-06-13T02:14:05.321+0000][1][safepoint    ] Application time: 1.0002584 seconds
[2022-06-13T02:14:05.322+0000][1][safepoint    ] Entering safepoint region: Cleanup
[2022-06-13T02:14:05.323+0000][1][safepoint    ] Leaving safepoint region
[2022-06-13T02:14:05.323+0000][1][safepoint    ] Total time for which application threads were stopped: 0.0009962 seconds, Stopping threads took: 0.0004665 seconds
[2022-06-13T02:14:06.324+0000][1][safepoint    ] Application time: 1.0002580 seconds
[2022-06-13T02:14:06.324+0000][1][safepoint    ] Entering safepoint region: Cleanup
[2022-06-13T02:14:06.325+0000][1][safepoint    ] Leaving safepoint region
[2022-06-13T02:14:06.325+0000][1][safepoint    ] Total time for which application threads were stopped: 0.0007725 seconds, Stopping threads took: 0.0003597 seconds
[2022-06-13T02:14:07.325+0000][1][safepoint    ] Application time: 1.0001860 seconds
[2022-06-13T02:14:07.326+0000][1][safepoint    ] Entering safepoint region: Cleanup
[2022-06-13T02:14:07.326+0000][1][safepoint    ] Leaving safepoint region
[2022-06-13T02:14:07.326+0000][1][safepoint    ] Total time for which application threads were stopped: 0.0006749 seconds, Stopping threads took: 0.0003313 seconds
[2022-06-13T02:14:08.327+0000][1][safepoint    ] Application time: 1.0001807 seconds
[2022-06-13T02:14:08.327+0000][1][safepoint    ] Entering safepoint region: Cleanup
[2022-06-13T02:14:08.328+0000][1][safepoint    ] Leaving safepoint region
[2022-06-13T02:14:08.328+0000][1][safepoint    ] Total time for which application threads were stopped: 0.0009814 seconds, Stopping threads took: 0.0004527 seconds
[2022-06-13T02:14:09.329+0000][1][safepoint    ] Application time: 1.0002691 seconds
[2022-06-13T02:14:09.329+0000][1][safepoint    ] Entering safepoint region: Cleanup
[2022-06-13T02:14:09.330+0000][1][safepoint    ] Leaving safepoint region
[2022-06-13T02:14:09.330+0000][1][safepoint    ] Total time for which application threads were stopped: 0.0009489 seconds, Stopping threads took: 0.0004650 seconds
[2022-06-13T02:14:10.331+0000][1][safepoint    ] Application time: 1.0001800 seconds
[2022-06-13T02:14:10.331+0000][1][safepoint    ] Entering safepoint region: Cleanup
[2022-06-13T02:14:10.332+0000][1][safepoint    ] Leaving safepoint region
[2022-06-13T02:14:10.332+0000][1][safepoint    ] Total time for which application threads were stopped: 0.0007576 seconds, Stopping threads took: 0.0003623 seconds
[2022-06-13T02:14:11.333+0000][1][safepoint    ] Application time: 1.0003225 seconds
[2022-06-13T02:14:11.333+0000][1][safepoint    ] Entering safepoint region: Cleanup
[2022-06-13T02:14:11.333+0000][1][safepoint    ] Leaving safepoint region
[2022-06-13T02:14:11.334+0000][1][safepoint    ] Total time for which application threads were stopped: 0.0006197 seconds, Stopping threads took: 0.0002740 seconds
[2022-06-13T02:14:12.334+0000][1][safepoint    ] Application time: 1.0002547 seconds
[2022-06-13T02:14:12.335+0000][1][safepoint    ] Entering safepoint region: Cleanup
[2022-06-13T02:14:12.335+0000][1][safepoint    ] Leaving safepoint region
[2022-06-13T02:14:12.335+0000][1][safepoint    ] Total time for which application threads were stopped: 0.0004803 seconds, Stopping threads took: 0.0001948 seconds
[2022-06-13T02:14:13.336+0000][1][safepoint    ] Application time: 1.0003064 seconds
[2022-06-13T02:14:13.336+0000][1][safepoint    ] Entering safepoint region: Cleanup
[2022-06-13T02:14:13.337+0000][1][safepoint    ] Leaving safepoint region
[2022-06-13T02:14:13.337+0000][1][safepoint    ] Total time for which application threads were stopped: 0.0012626 seconds, Stopping threads took: 0.0005334 seconds
[2022-06-13T02:14:14.338+0000][1][safepoint    ] Application time: 1.0002140 seconds
[2022-06-13T02:14:14.339+0000][1][safepoint    ] Entering safepoint region: Cleanup
[2022-06-13T02:14:14.340+0000][1][safepoint    ] Leaving safepoint region
[2022-06-13T02:14:14.340+0000][1][safepoint    ] Total time for which application threads were stopped: 0.0013329 seconds, Stopping threads took: 0.0005957 seconds
[2022-06-13T02:14:15.341+0000][1][safepoint    ] Application time: 1.0001948 seconds
[2022-06-13T02:14:15.342+0000][1][safepoint    ] Entering safepoint region: Cleanup
[2022-06-13T02:14:15.342+0000][1][safepoint    ] Leaving safepoint region
[2022-06-13T02:14:15.343+0000][1][safepoint    ] Total time for which application threads were stopped: 0.0014469 seconds, Stopping threads took: 0.0006413 seconds
[2022-06-13T02:14:16.344+0000][1][safepoint    ] Application time: 1.0003756 seconds
[2022-06-13T02:14:16.345+0000][1][safepoint    ] Entering safepoint region: Cleanup
[2022-06-13T02:14:16.345+0000][1][safepoint    ] Leaving safepoint region
[2022-06-13T02:14:16.346+0000][1][safepoint    ] Total time for which application threads were stopped: 0.0011093 seconds, Stopping threads took: 0.0004836 seconds
[2022-06-13T02:14:17.346+0000][1][safepoint    ] Application time: 1.0002068 seconds
[2022-06-13T02:14:17.347+0000][1][safepoint    ] Entering safepoint region: Cleanup
[2022-06-13T02:14:17.348+0000][1][safepoint    ] Leaving safepoint region
[2022-06-13T02:14:17.348+0000][1][safepoint    ] Total time for which application threads were stopped: 0.0009444 seconds, Stopping threads took: 0.0005987 seconds
[2022-06-13T02:14:18.348+0000][1][safepoint    ] Application time: 1.0001413 seconds
[2022-06-13T02:14:18.349+0000][1][safepoint    ] Entering safepoint region: Cleanup
[2022-06-13T02:14:18.350+0000][1][safepoint    ] Leaving safepoint region
[2022-06-13T02:14:18.350+0000][1][safepoint    ] Total time for which application threads were stopped: 0.0014489 seconds, Stopping threads took: 0.0007026 seconds
[2022-06-13T02:14:19.351+0000][1][safepoint    ] Application time: 1.0002702 seconds
[2022-06-13T02:14:19.352+0000][1][safepoint    ] Entering safepoint region: Cleanup
[2022-06-13T02:14:19.352+0000][1][safepoint    ] Leaving safepoint region
[2022-06-13T02:14:19.352+0000][1][safepoint    ] Total time for which application threads were stopped: 0.0006879 seconds, Stopping threads took: 0.0003510 seconds
[2022-06-13T02:14:20.353+0000][1][safepoint    ] Application time: 1.0001960 seconds
[2022-06-13T02:14:20.354+0000][1][safepoint    ] Entering safepoint region: Cleanup
[2022-06-13T02:14:20.354+0000][1][safepoint    ] Leaving safepoint region
[2022-06-13T02:14:20.354+0000][1][safepoint    ] Total time for which application threads were stopped: 0.0007645 seconds, Stopping threads took: 0.0003541 seconds
[2022-06-13T02:14:21.355+0000][1][safepoint    ] Application time: 1.0002704 seconds
[2022-06-13T02:14:21.356+0000][1][safepoint    ] Entering safepoint region: Cleanup
[2022-06-13T02:14:21.356+0000][1][safepoint    ] Leaving safepoint region
[2022-06-13T02:14:21.357+0000][1][safepoint    ] Total time for which application threads were stopped: 0.0013857 seconds, Stopping threads took: 0.0006609 seconds
[2022-06-13T02:14:22.358+0000][1][safepoint    ] Application time: 1.0002027 seconds
[2022-06-13T02:14:22.358+0000][1][safepoint    ] Entering safepoint region: Cleanup
[2022-06-13T02:14:22.359+0000][1][safepoint    ] Leaving safepoint region
[2022-06-13T02:14:22.359+0000][1][safepoint    ] Total time for which application threads were stopped: 0.0008237 seconds, Stopping threads took: 0.0003838 seconds
[2022-06-13T02:14:23.360+0000][1][safepoint    ] Application time: 1.0001775 seconds
[2022-06-13T02:14:23.360+0000][1][safepoint    ] Entering safepoint region: Cleanup
[2022-06-13T02:14:23.361+0000][1][safepoint    ] Leaving safepoint region
[2022-06-13T02:14:23.361+0000][1][safepoint    ] Total time for which application threads were stopped: 0.0005280 seconds, Stopping threads took: 0.0002390 seconds
[2022-06-13T02:14:24.361+0000][1][safepoint    ] Application time: 1.0001939 seconds
[2022-06-13T02:14:24.362+0000][1][safepoint    ] Entering safepoint region: Cleanup
[2022-06-13T02:14:24.362+0000][1][safepoint    ] Leaving safepoint region
[2022-06-13T02:14:24.362+0000][1][safepoint    ] Total time for which application threads were stopped: 0.0006928 seconds, Stopping threads took: 0.0001607 seconds
[2022-06-13T02:14:25.363+0000][1][safepoint    ] Application time: 1.0001084 seconds
[2022-06-13T02:14:25.364+0000][1][safepoint    ] Entering safepoint region: Cleanup
[2022-06-13T02:14:25.364+0000][1][safepoint    ] Leaving safepoint region
[2022-06-13T02:14:25.365+0000][1][safepoint    ] Total time for which application threads were stopped: 0.0010286 seconds, Stopping threads took: 0.0003964 seconds
[2022-06-13T02:14:26.365+0000][1][safepoint    ] Application time: 1.0001054 seconds
[2022-06-13T02:14:26.365+0000][1][safepoint    ] Entering safepoint region: Cleanup
[2022-06-13T02:14:26.366+0000][1][safepoint    ] Leaving safepoint region
[2022-06-13T02:14:26.366+0000][1][safepoint    ] Total time for which application threads were stopped: 0.0005528 seconds, Stopping threads took: 0.0001802 seconds
[2022-06-13T02:14:27.366+0000][1][safepoint    ] Application time: 1.0001839 seconds
[2022-06-13T02:14:27.367+0000][1][safepoint    ] Entering safepoint region: Cleanup
[2022-06-13T02:14:27.367+0000][1][safepoint    ] Leaving safepoint region
[2022-06-13T02:14:27.368+0000][1][safepoint    ] Total time for which application threads were stopped: 0.0007839 seconds, Stopping threads took: 0.0003088 seconds
[2022-06-13T02:14:28.368+0000][1][safepoint    ] Application time: 1.0001036 seconds
[2022-06-13T02:14:28.368+0000][1][safepoint    ] Entering safepoint region: Cleanup
[2022-06-13T02:14:28.369+0000][1][safepoint    ] Leaving safepoint region
[2022-06-13T02:14:28.369+0000][1][safepoint    ] Total time for which application threads were stopped: 0.0006790 seconds, Stopping threads took: 0.0003363 seconds
[2022-06-13T02:14:29.369+0000][1][safepoint    ] Application time: 1.0001502 seconds
[2022-06-13T02:14:29.370+0000][1][safepoint    ] Entering safepoint region: Cleanup
[2022-06-13T02:14:29.370+0000][1][safepoint    ] Leaving safepoint region
[2022-06-13T02:14:29.370+0000][1][safepoint    ] Total time for which application threads were stopped: 0.0005264 seconds, Stopping threads took: 0.0002037 seconds
[2022-06-13T02:14:30.371+0000][1][safepoint    ] Application time: 1.0001649 seconds
[2022-06-13T02:14:30.371+0000][1][safepoint    ] Entering safepoint region: Cleanup
[2022-06-13T02:14:30.372+0000][1][safepoint    ] Leaving safepoint region
[2022-06-13T02:14:30.372+0000][1][safepoint    ] Total time for which application threads were stopped: 0.0007258 seconds, Stopping threads took: 0.0003093 seconds
[2022-06-13T02:14:31.372+0000][1][safepoint    ] Application time: 1.0001275 seconds
[2022-06-13T02:14:31.373+0000][1][safepoint    ] Entering safepoint region: Cleanup
[2022-06-13T02:14:31.373+0000][1][safepoint    ] Leaving safepoint region
[2022-06-13T02:14:31.373+0000][1][safepoint    ] Total time for which application threads were stopped: 0.0003846 seconds, Stopping threads took: 0.0001564 seconds
[2022-06-13T02:14:32.374+0000][1][safepoint    ] Application time: 1.0001816 seconds
[2022-06-13T02:14:32.374+0000][1][safepoint    ] Entering safepoint region: Cleanup
[2022-06-13T02:14:32.375+0000][1][safepoint    ] Leaving safepoint region
[2022-06-13T02:14:32.375+0000][1][safepoint    ] Total time for which application threads were stopped: 0.0008244 seconds, Stopping threads took: 0.0003931 seconds
[2022-06-13T02:14:33.376+0000][1][safepoint    ] Application time: 1.0003145 seconds
[2022-06-13T02:14:33.376+0000][1][safepoint    ] Entering safepoint region: Cleanup
[2022-06-13T02:14:33.377+0000][1][safepoint    ] Leaving safepoint region
[2022-06-13T02:14:33.377+0000][1][safepoint    ] Total time for which application threads were stopped: 0.0007631 seconds, Stopping threads took: 0.0003019 seconds
[2022-06-13T02:14:34.378+0000][1][safepoint    ] Application time: 1.0001769 seconds
[2022-06-13T02:14:34.378+0000][1][safepoint    ] Entering safepoint region: Cleanup
[2022-06-13T02:14:34.379+0000][1][safepoint    ] Leaving safepoint region
[2022-06-13T02:14:34.379+0000][1][safepoint    ] Total time for which application threads were stopped: 0.0009066 seconds, Stopping threads took: 0.0004296 seconds
[2022-06-13T02:14:35.380+0000][1][safepoint    ] Application time: 1.0002491 seconds
[2022-06-13T02:14:35.380+0000][1][safepoint    ] Entering safepoint region: Cleanup
[2022-06-13T02:14:35.381+0000][1][safepoint    ] Leaving safepoint region
[2022-06-13T02:14:35.381+0000][1][safepoint    ] Total time for which application threads were stopped: 0.0005134 seconds, Stopping threads took: 0.0001912 seconds
[2022-06-13T02:14:36.381+0000][1][safepoint    ] Application time: 1.0001317 seconds
[2022-06-13T02:14:36.382+0000][1][safepoint    ] Entering safepoint region: Cleanup
[2022-06-13T02:14:36.382+0000][1][safepoint    ] Leaving safepoint region
[2022-06-13T02:14:36.383+0000][1][safepoint    ] Total time for which application threads were stopped: 0.0007898 seconds, Stopping threads took: 0.0003849 seconds
[2022-06-13T02:14:37.383+0000][1][safepoint    ] Application time: 1.0001741 seconds
[2022-06-13T02:14:37.384+0000][1][safepoint    ] Entering safepoint region: Cleanup
[2022-06-13T02:14:37.384+0000][1][safepoint    ] Leaving safepoint region
[2022-06-13T02:14:37.384+0000][1][safepoint    ] Total time for which application threads were stopped: 0.0008929 seconds, Stopping threads took: 0.0004084 seconds
[2022-06-13T02:14:38.385+0000][1][safepoint    ] Application time: 1.0002202 seconds
[2022-06-13T02:14:38.385+0000][1][safepoint    ] Entering safepoint region: Cleanup
[2022-06-13T02:14:38.386+0000][1][safepoint    ] Leaving safepoint region
[2022-06-13T02:14:38.386+0000][1][safepoint    ] Total time for which application threads were stopped: 0.0005931 seconds, Stopping threads took: 0.0002756 seconds
[2022-06-13T02:14:39.386+0000][1][safepoint    ] Application time: 1.0001949 seconds
[2022-06-13T02:14:39.387+0000][1][safepoint    ] Entering safepoint region: Cleanup
[2022-06-13T02:14:39.387+0000][1][safepoint    ] Leaving safepoint region
[2022-06-13T02:14:39.387+0000][1][safepoint    ] Total time for which application threads were stopped: 0.0004609 seconds, Stopping threads took: 0.0002613 seconds
[2022-06-13T02:14:40.388+0000][1][safepoint    ] Application time: 1.0001069 seconds
[2022-06-13T02:14:40.388+0000][1][safepoint    ] Entering safepoint region: Cleanup
[2022-06-13T02:14:40.389+0000][1][safepoint    ] Leaving safepoint region
[2022-06-13T02:14:40.389+0000][1][safepoint    ] Total time for which application threads were stopped: 0.0008586 seconds, Stopping threads took: 0.0004588 seconds
[2022-06-13T02:14:41.390+0000][1][safepoint    ] Application time: 1.0002669 seconds
[2022-06-13T02:14:41.390+0000][1][safepoint    ] Entering safepoint region: Cleanup
[2022-06-13T02:14:41.391+0000][1][safepoint    ] Leaving safepoint region
[2022-06-13T02:14:41.391+0000][1][safepoint    ] Total time for which application threads were stopped: 0.0007485 seconds, Stopping threads took: 0.0003875 seconds
[2022-06-13T02:14:42.391+0000][1][safepoint    ] Application time: 1.0001176 seconds
[2022-06-13T02:14:42.392+0000][1][safepoint    ] Entering safepoint region: Cleanup
[2022-06-13T02:14:42.392+0000][1][safepoint    ] Leaving safepoint region
[2022-06-13T02:14:42.392+0000][1][safepoint    ] Total time for which application threads were stopped: 0.0003979 seconds, Stopping threads took: 0.0002161 seconds
[2022-06-13T02:14:43.392+0000][1][safepoint    ] Application time: 1.0002108 seconds
[2022-06-13T02:14:43.393+0000][1][safepoint    ] Entering safepoint region: Cleanup
[2022-06-13T02:14:43.393+0000][1][safepoint    ] Leaving safepoint region
[2022-06-13T02:14:43.394+0000][1][safepoint    ] Total time for which application threads were stopped: 0.0007197 seconds, Stopping threads took: 0.0003406 seconds
[2022-06-13T02:14:44.394+0000][1][safepoint    ] Application time: 1.0000923 seconds
[2022-06-13T02:14:44.394+0000][1][safepoint    ] Entering safepoint region: Cleanup
[2022-06-13T02:14:44.395+0000][1][safepoint    ] Leaving safepoint region
[2022-06-13T02:14:44.395+0000][1][safepoint    ] Total time for which application threads were stopped: 0.0005543 seconds, Stopping threads took: 0.0002198 seconds
[2022-06-13T02:14:45.395+0000][1][safepoint    ] Application time: 1.0001585 seconds
[2022-06-13T02:14:45.396+0000][1][safepoint    ] Entering safepoint region: Cleanup
[2022-06-13T02:14:45.396+0000][1][safepoint    ] Leaving safepoint region
[2022-06-13T02:14:45.397+0000][1][safepoint    ] Total time for which application threads were stopped: 0.0008578 seconds, Stopping threads took: 0.0004652 seconds
[2022-06-13T02:14:46.397+0000][1][safepoint    ] Application time: 1.0001581 seconds
[2022-06-13T02:14:46.398+0000][1][safepoint    ] Entering safepoint region: Cleanup
[2022-06-13T02:14:46.398+0000][1][safepoint    ] Leaving safepoint region
[2022-06-13T02:14:46.398+0000][1][safepoint    ] Total time for which application threads were stopped: 0.0006228 seconds, Stopping threads took: 0.0003317 seconds
[2022-06-13T02:14:47.399+0000][1][safepoint    ] Application time: 1.0001744 seconds
[2022-06-13T02:14:47.399+0000][1][safepoint    ] Entering safepoint region: Cleanup
[2022-06-13T02:14:47.400+0000][1][safepoint    ] Leaving safepoint region
[2022-06-13T02:14:47.400+0000][1][safepoint    ] Total time for which application threads were stopped: 0.0006785 seconds, Stopping threads took: 0.0002294 seconds
[2022-06-13T02:14:48.401+0000][1][safepoint    ] Application time: 1.0001521 seconds
[2022-06-13T02:14:48.401+0000][1][safepoint    ] Entering safepoint region: Cleanup
[2022-06-13T02:14:48.401+0000][1][safepoint    ] Leaving safepoint region
[2022-06-13T02:14:48.401+0000][1][safepoint    ] Total time for which application threads were stopped: 0.0006401 seconds, Stopping threads took: 0.0002644 seconds
[2022-06-13T02:14:49.402+0000][1][safepoint    ] Application time: 1.0000954 seconds
[2022-06-13T02:14:49.402+0000][1][safepoint    ] Entering safepoint region: Cleanup
[2022-06-13T02:14:49.403+0000][1][safepoint    ] Leaving safepoint region
[2022-06-13T02:14:49.403+0000][1][safepoint    ] Total time for which application threads were stopped: 0.0007513 seconds, Stopping threads took: 0.0003658 seconds
[2022-06-13T02:14:50.403+0000][1][safepoint    ] Application time: 1.0001804 seconds
[2022-06-13T02:14:50.404+0000][1][safepoint    ] Entering safepoint region: Cleanup
[2022-06-13T02:14:50.404+0000][1][safepoint    ] Leaving safepoint region
[2022-06-13T02:14:50.404+0000][1][safepoint    ] Total time for which application threads were stopped: 0.0006083 seconds, Stopping threads took: 0.0003773 seconds
[2022-06-13T02:14:51.405+0000][1][safepoint    ] Application time: 1.0001009 seconds
[2022-06-13T02:14:51.405+0000][1][safepoint    ] Entering safepoint region: Cleanup
[2022-06-13T02:14:51.405+0000][1][safepoint    ] Leaving safepoint region
[2022-06-13T02:14:51.406+0000][1][safepoint    ] Total time for which application threads were stopped: 0.0004454 seconds, Stopping threads took: 0.0002623 seconds
[2022-06-13T02:14:52.406+0000][1][safepoint    ] Application time: 1.0001429 seconds
[2022-06-13T02:14:52.407+0000][1][safepoint    ] Entering safepoint region: Cleanup
[2022-06-13T02:14:52.407+0000][1][safepoint    ] Leaving safepoint region
[2022-06-13T02:14:52.407+0000][1][safepoint    ] Total time for which application threads were stopped: 0.0006548 seconds, Stopping threads took: 0.0002472 seconds
[2022-06-13T02:14:53.408+0000][1][safepoint    ] Application time: 1.0002049 seconds
[2022-06-13T02:14:53.408+0000][1][safepoint    ] Entering safepoint region: Cleanup
[2022-06-13T02:14:53.409+0000][1][safepoint    ] Leaving safepoint region
[2022-06-13T02:14:53.409+0000][1][safepoint    ] Total time for which application threads were stopped: 0.0007017 seconds, Stopping threads took: 0.0003126 seconds
[2022-06-13T02:14:54.409+0000][1][safepoint    ] Application time: 1.0001261 seconds
[2022-06-13T02:14:54.410+0000][1][safepoint    ] Entering safepoint region: Cleanup
[2022-06-13T02:14:54.410+0000][1][safepoint    ] Leaving safepoint region
[2022-06-13T02:14:54.410+0000][1][safepoint    ] Total time for which application threads were stopped: 0.0005717 seconds, Stopping threads took: 0.0002881 seconds
[2022-06-13T02:14:55.411+0000][1][safepoint    ] Application time: 1.0001702 seconds
[2022-06-13T02:14:55.411+0000][1][safepoint    ] Entering safepoint region: Cleanup
[2022-06-13T02:14:55.412+0000][1][safepoint    ] Leaving safepoint region
[2022-06-13T02:14:55.412+0000][1][safepoint    ] Total time for which application threads were stopped: 0.0009736 seconds, Stopping threads took: 0.0004488 seconds
[2022-06-13T02:14:56.413+0000][1][safepoint    ] Application time: 1.0001747 seconds
[2022-06-13T02:14:56.413+0000][1][safepoint    ] Entering safepoint region: Cleanup
[2022-06-13T02:14:56.414+0000][1][safepoint    ] Leaving safepoint region
[2022-06-13T02:14:56.414+0000][1][safepoint    ] Total time for which application threads were stopped: 0.0007831 seconds, Stopping threads took: 0.0004603 seconds
[2022-06-13T02:14:57.415+0000][1][safepoint    ] Application time: 1.0001878 seconds
[2022-06-13T02:14:57.415+0000][1][safepoint    ] Entering safepoint region: Cleanup
[2022-06-13T02:14:57.415+0000][1][safepoint    ] Leaving safepoint region
[2022-06-13T02:14:57.416+0000][1][safepoint    ] Total time for which application threads were stopped: 0.0005704 seconds, Stopping threads took: 0.0002448 seconds
[2022-06-13T02:14:58.416+0000][1][safepoint    ] Application time: 1.0002014 seconds
[2022-06-13T02:14:58.416+0000][1][safepoint    ] Entering safepoint region: Cleanup
[2022-06-13T02:14:58.417+0000][1][safepoint    ] Leaving safepoint region
[2022-06-13T02:14:58.417+0000][1][safepoint    ] Total time for which application threads were stopped: 0.0004597 seconds, Stopping threads took: 0.0002128 seconds
[2022-06-13T02:14:59.417+0000][1][safepoint    ] Application time: 1.0002078 seconds
[2022-06-13T02:14:59.418+0000][1][safepoint    ] Entering safepoint region: Cleanup
[2022-06-13T02:14:59.418+0000][1][safepoint    ] Leaving safepoint region
[2022-06-13T02:14:59.419+0000][1][safepoint    ] Total time for which application threads were stopped: 0.0008699 seconds, Stopping threads took: 0.0004095 seconds
[2022-06-13T02:15:00.419+0000][1][safepoint    ] Application time: 1.0001841 seconds
[2022-06-13T02:15:00.419+0000][1][safepoint    ] Entering safepoint region: Cleanup
[2022-06-13T02:15:00.420+0000][1][safepoint    ] Leaving safepoint region
[2022-06-13T02:15:00.420+0000][1][safepoint    ] Total time for which application threads were stopped: 0.0005444 seconds, Stopping threads took: 0.0002761 seconds
[2022-06-13T02:15:01.420+0000][1][safepoint    ] Application time: 1.0001895 seconds
[2022-06-13T02:15:01.421+0000][1][safepoint    ] Entering safepoint region: Cleanup
[2022-06-13T02:15:01.421+0000][1][safepoint    ] Leaving safepoint region
[2022-06-13T02:15:01.422+0000][1][safepoint    ] Total time for which application threads were stopped: 0.0008773 seconds, Stopping threads took: 0.0002616 seconds
[2022-06-13T02:15:02.422+0000][1][safepoint    ] Application time: 1.0002071 seconds
[2022-06-13T02:15:02.423+0000][1][safepoint    ] Entering safepoint region: Cleanup
[2022-06-13T02:15:02.423+0000][1][safepoint    ] Leaving safepoint region
[2022-06-13T02:15:02.423+0000][1][safepoint    ] Total time for which application threads were stopped: 0.0003803 seconds, Stopping threads took: 0.0001515 seconds
[2022-06-13T02:15:03.423+0000][1][safepoint    ] Application time: 1.0003480 seconds
[2022-06-13T02:15:03.424+0000][1][safepoint    ] Entering safepoint region: Cleanup
[2022-06-13T02:15:03.424+0000][1][safepoint    ] Leaving safepoint region
[2022-06-13T02:15:03.425+0000][1][safepoint    ] Total time for which application threads were stopped: 0.0009438 seconds, Stopping threads took: 0.0004087 seconds
[2022-06-13T02:15:04.425+0000][1][safepoint    ] Application time: 1.0002473 seconds
[2022-06-13T02:15:04.426+0000][1][safepoint    ] Entering safepoint region: Cleanup
[2022-06-13T02:15:04.426+0000][1][safepoint    ] Leaving safepoint region
[2022-06-13T02:15:04.427+0000][1][safepoint    ] Total time for which application threads were stopped: 0.0009357 seconds, Stopping threads took: 0.0004194 seconds
[2022-06-13T02:15:05.427+0000][1][safepoint    ] Application time: 1.0001992 seconds
[2022-06-13T02:15:05.428+0000][1][safepoint    ] Entering safepoint region: Cleanup
[2022-06-13T02:15:05.429+0000][1][safepoint    ] Leaving safepoint region
[2022-06-13T02:15:05.429+0000][1][safepoint    ] Total time for which application threads were stopped: 0.0010870 seconds, Stopping threads took: 0.0006002 seconds
[2022-06-13T02:15:06.430+0000][1][safepoint    ] Application time: 1.0001944 seconds
[2022-06-13T02:15:06.430+0000][1][safepoint    ] Entering safepoint region: Cleanup
[2022-06-13T02:15:06.430+0000][1][safepoint    ] Leaving safepoint region
[2022-06-13T02:15:06.431+0000][1][safepoint    ] Total time for which application threads were stopped: 0.0005449 seconds, Stopping threads took: 0.0002045 seconds
[2022-06-13T02:15:07.431+0000][1][safepoint    ] Application time: 1.0002602 seconds
[2022-06-13T02:15:07.432+0000][1][safepoint    ] Entering safepoint region: Cleanup
[2022-06-13T02:15:07.432+0000][1][safepoint    ] Leaving safepoint region
[2022-06-13T02:15:07.432+0000][1][safepoint    ] Total time for which application threads were stopped: 0.0009084 seconds, Stopping threads took: 0.0004297 seconds
[2022-06-13T02:15:08.433+0000][1][safepoint    ] Application time: 1.0001061 seconds
[2022-06-13T02:15:08.433+0000][1][safepoint    ] Entering safepoint region: Cleanup
[2022-06-13T02:15:08.434+0000][1][safepoint    ] Leaving safepoint region
[2022-06-13T02:15:08.434+0000][1][safepoint    ] Total time for which application threads were stopped: 0.0007239 seconds, Stopping threads took: 0.0003188 seconds
[2022-06-13T02:15:09.435+0000][1][safepoint    ] Application time: 1.0001521 seconds
[2022-06-13T02:15:09.435+0000][1][safepoint    ] Entering safepoint region: Cleanup
[2022-06-13T02:15:09.436+0000][1][safepoint    ] Leaving safepoint region
[2022-06-13T02:15:09.436+0000][1][safepoint    ] Total time for which application threads were stopped: 0.0007226 seconds, Stopping threads took: 0.0004282 seconds
[2022-06-13T02:15:10.436+0000][1][safepoint    ] Application time: 1.0001883 seconds
[2022-06-13T02:15:10.437+0000][1][safepoint    ] Entering safepoint region: Cleanup
[2022-06-13T02:15:10.437+0000][1][safepoint    ] Leaving safepoint region
[2022-06-13T02:15:10.438+0000][1][safepoint    ] Total time for which application threads were stopped: 0.0009153 seconds, Stopping threads took: 0.0004006 seconds
[2022-06-13T02:15:11.438+0000][1][safepoint    ] Application time: 1.0001683 seconds
[2022-06-13T02:15:11.439+0000][1][safepoint    ] Entering safepoint region: Cleanup
[2022-06-13T02:15:11.439+0000][1][safepoint    ] Leaving safepoint region
[2022-06-13T02:15:11.440+0000][1][safepoint    ] Total time for which application threads were stopped: 0.0011116 seconds, Stopping threads took: 0.0004840 seconds
[2022-06-13T02:15:12.441+0000][1][safepoint    ] Application time: 1.0002835 seconds
[2022-06-13T02:15:12.441+0000][1][safepoint    ] Entering safepoint region: Cleanup
[2022-06-13T02:15:12.441+0000][1][safepoint    ] Leaving safepoint region
[2022-06-13T02:15:12.441+0000][1][safepoint    ] Total time for which application threads were stopped: 0.0006165 seconds, Stopping threads took: 0.0002498 seconds
[2022-06-13T02:15:13.442+0000][1][safepoint    ] Application time: 1.0002048 seconds
[2022-06-13T02:15:13.442+0000][1][safepoint    ] Entering safepoint region: Cleanup
[2022-06-13T02:15:13.443+0000][1][safepoint    ] Leaving safepoint region
[2022-06-13T02:15:13.443+0000][1][safepoint    ] Total time for which application threads were stopped: 0.0007492 seconds, Stopping threads took: 0.0003110 seconds
[2022-06-13T02:15:14.444+0000][1][safepoint    ] Application time: 1.0002316 seconds
[2022-06-13T02:15:14.444+0000][1][safepoint    ] Entering safepoint region: Cleanup
[2022-06-13T02:15:14.445+0000][1][safepoint    ] Leaving safepoint region
[2022-06-13T02:15:14.446+0000][1][safepoint    ] Total time for which application threads were stopped: 0.0013599 seconds, Stopping threads took: 0.0006086 seconds
[2022-06-13T02:15:15.447+0000][1][safepoint    ] Application time: 1.0002368 seconds
[2022-06-13T02:15:15.447+0000][1][safepoint    ] Entering safepoint region: Cleanup
[2022-06-13T02:15:15.448+0000][1][safepoint    ] Leaving safepoint region
[2022-06-13T02:15:15.448+0000][1][safepoint    ] Total time for which application threads were stopped: 0.0008059 seconds, Stopping threads took: 0.0003564 seconds
[2022-06-13T02:15:16.449+0000][1][safepoint    ] Application time: 1.0003019 seconds
[2022-06-13T02:15:16.449+0000][1][safepoint    ] Entering safepoint region: Cleanup
[2022-06-13T02:15:16.450+0000][1][safepoint    ] Leaving safepoint region
[2022-06-13T02:15:16.450+0000][1][safepoint    ] Total time for which application threads were stopped: 0.0008708 seconds, Stopping threads took: 0.0003739 seconds
[2022-06-13T02:15:17.270+0000][1][safepoint    ] Application time: 0.8198301 seconds
[2022-06-13T02:15:17.271+0000][1][safepoint    ] Entering safepoint region: GenCollectForAllocation
[2022-06-13T02:15:17.271+0000][1][gc,start     ] GC(23) Pause Young (Allocation Failure)
[2022-06-13T02:15:17.272+0000][1][gc,task      ] GC(23) Using 5 workers of 13 for evacuation
[2022-06-13T02:15:17.277+0000][1][gc,age       ] GC(23) Desired survivor size 4456448 bytes, new threshold 6 (max threshold 6)
[2022-06-13T02:15:17.278+0000][1][gc,age       ] GC(23) Age table with threshold 6 (max threshold 6)
[2022-06-13T02:15:17.278+0000][1][gc,age       ] GC(23) - age   1:      97712 bytes,      97712 total
[2022-06-13T02:15:17.279+0000][1][gc,age       ] GC(23) - age   2:     892048 bytes,     989760 total
[2022-06-13T02:15:17.279+0000][1][gc,heap      ] GC(23) ParNew: 78534K->3519K(78656K)
[2022-06-13T02:15:17.279+0000][1][gc,heap      ] GC(23) CMS: 64324K->68164K(174784K)
[2022-06-13T02:15:17.280+0000][1][gc,metaspace ] GC(23) Metaspace: 65097K->65097K(1107968K)
[2022-06-13T02:15:17.280+0000][1][gc           ] GC(23) Pause Young (Allocation Failure) 139M->70M(247M) 8.824ms
[2022-06-13T02:15:17.280+0000][1][gc,cpu       ] GC(23) User=0.02s Sys=0.01s Real=0.01s
[2022-06-13T02:15:17.281+0000][1][safepoint    ] Leaving safepoint region
[2022-06-13T02:15:17.281+0000][1][safepoint    ] Total time for which application threads were stopped: 0.0102891 seconds, Stopping threads took: 0.0003999 seconds
[2022-06-13T02:15:18.282+0000][1][safepoint    ] Application time: 1.0002820 seconds
[2022-06-13T02:15:18.282+0000][1][safepoint    ] Entering safepoint region: Cleanup
[2022-06-13T02:15:18.283+0000][1][safepoint    ] Leaving safepoint region
[2022-06-13T02:15:18.283+0000][1][safepoint    ] Total time for which application threads were stopped: 0.0011432 seconds, Stopping threads took: 0.0005129 seconds
[2022-06-13T02:15:19.284+0000][1][safepoint    ] Application time: 1.0003890 seconds
[2022-06-13T02:15:19.285+0000][1][safepoint    ] Entering safepoint region: Cleanup
[2022-06-13T02:15:19.285+0000][1][safepoint    ] Leaving safepoint region
[2022-06-13T02:15:19.285+0000][1][safepoint    ] Total time for which application threads were stopped: 0.0009454 seconds, Stopping threads took: 0.0005591 seconds
[2022-06-13T02:15:20.286+0000][1][safepoint    ] Application time: 1.0002794 seconds
[2022-06-13T02:15:20.287+0000][1][safepoint    ] Entering safepoint region: Cleanup
[2022-06-13T02:15:20.287+0000][1][safepoint    ] Leaving safepoint region
[2022-06-13T02:15:20.288+0000][1][safepoint    ] Total time for which application threads were stopped: 0.0012614 seconds, Stopping threads took: 0.0005957 seconds
[2022-06-13T02:15:21.289+0000][1][safepoint    ] Application time: 1.0003154 seconds
[2022-06-13T02:15:21.290+0000][1][safepoint    ] Entering safepoint region: Cleanup
[2022-06-13T02:15:21.291+0000][1][safepoint    ] Leaving safepoint region
[2022-06-13T02:15:21.291+0000][1][safepoint    ] Total time for which application threads were stopped: 0.0011774 seconds, Stopping threads took: 0.0005681 seconds
[2022-06-13T02:15:22.292+0000][1][safepoint    ] Application time: 1.0002211 seconds
[2022-06-13T02:15:22.292+0000][1][safepoint    ] Entering safepoint region: Cleanup
[2022-06-13T02:15:22.293+0000][1][safepoint    ] Leaving safepoint region
[2022-06-13T02:15:22.293+0000][1][safepoint    ] Total time for which application threads were stopped: 0.0009895 seconds, Stopping threads took: 0.0005064 seconds
[2022-06-13T02:15:23.294+0000][1][safepoint    ] Application time: 1.0001609 seconds
[2022-06-13T02:15:23.294+0000][1][safepoint    ] Entering safepoint region: Cleanup
[2022-06-13T02:15:23.295+0000][1][safepoint    ] Leaving safepoint region
[2022-06-13T02:15:23.295+0000][1][safepoint    ] Total time for which application threads were stopped: 0.0006545 seconds, Stopping threads took: 0.0003346 seconds
[2022-06-13T02:15:24.295+0000][1][safepoint    ] Application time: 1.0002645 seconds
[2022-06-13T02:15:24.296+0000][1][safepoint    ] Entering safepoint region: Cleanup
[2022-06-13T02:15:24.296+0000][1][safepoint    ] Leaving safepoint region
[2022-06-13T02:15:24.297+0000][1][safepoint    ] Total time for which application threads were stopped: 0.0008237 seconds, Stopping threads took: 0.0003946 seconds
[2022-06-13T02:15:25.297+0000][1][safepoint    ] Application time: 1.0001088 seconds
[2022-06-13T02:15:25.298+0000][1][safepoint    ] Entering safepoint region: Cleanup
[2022-06-13T02:15:25.298+0000][1][safepoint    ] Leaving safepoint region
[2022-06-13T02:15:25.298+0000][1][safepoint    ] Total time for which application threads were stopped: 0.0008011 seconds, Stopping threads took: 0.0003721 seconds
[2022-06-13T02:15:26.299+0000][1][safepoint    ] Application time: 1.0001073 seconds
[2022-06-13T02:15:26.299+0000][1][safepoint    ] Entering safepoint region: Cleanup
[2022-06-13T02:15:26.300+0000][1][safepoint    ] Leaving safepoint region
[2022-06-13T02:15:26.301+0000][1][safepoint    ] Total time for which application threads were stopped: 0.0014692 seconds, Stopping threads took: 0.0005890 seconds
[2022-06-13T02:15:27.301+0000][1][safepoint    ] Application time: 1.0001355 seconds
[2022-06-13T02:15:27.302+0000][1][safepoint    ] Entering safepoint region: Cleanup
[2022-06-13T02:15:27.303+0000][1][safepoint    ] Leaving safepoint region
[2022-06-13T02:15:27.303+0000][1][safepoint    ] Total time for which application threads were stopped: 0.0011375 seconds, Stopping threads took: 0.0004875 seconds
[2022-06-13T02:15:28.304+0000][1][safepoint    ] Application time: 1.0002475 seconds
[2022-06-13T02:15:28.304+0000][1][safepoint    ] Entering safepoint region: Cleanup
[2022-06-13T02:15:28.305+0000][1][safepoint    ] Leaving safepoint region
[2022-06-13T02:15:28.305+0000][1][safepoint    ] Total time for which application threads were stopped: 0.0007609 seconds, Stopping threads took: 0.0003459 seconds
[2022-06-13T02:15:29.306+0000][1][safepoint    ] Application time: 1.0001850 seconds
[2022-06-13T02:15:29.306+0000][1][safepoint    ] Entering safepoint region: Cleanup
[2022-06-13T02:15:29.306+0000][1][safepoint    ] Leaving safepoint region
[2022-06-13T02:15:29.307+0000][1][safepoint    ] Total time for which application threads were stopped: 0.0006893 seconds, Stopping threads took: 0.0002953 seconds
[2022-06-13T02:15:30.307+0000][1][safepoint    ] Application time: 1.0002320 seconds
[2022-06-13T02:15:30.308+0000][1][safepoint    ] Entering safepoint region: Cleanup
[2022-06-13T02:15:30.309+0000][1][safepoint    ] Leaving safepoint region
[2022-06-13T02:15:30.309+0000][1][safepoint    ] Total time for which application threads were stopped: 0.0011006 seconds, Stopping threads took: 0.0006126 seconds
[2022-06-13T02:15:31.310+0000][1][safepoint    ] Application time: 1.0002716 seconds
[2022-06-13T02:15:31.310+0000][1][safepoint    ] Entering safepoint region: Cleanup
[2022-06-13T02:15:31.311+0000][1][safepoint    ] Leaving safepoint region
[2022-06-13T02:15:31.311+0000][1][safepoint    ] Total time for which application threads were stopped: 0.0009891 seconds, Stopping threads took: 0.0004155 seconds
[2022-06-13T02:15:32.312+0000][1][safepoint    ] Application time: 1.0002205 seconds
[2022-06-13T02:15:32.313+0000][1][safepoint    ] Entering safepoint region: Cleanup
[2022-06-13T02:15:32.313+0000][1][safepoint    ] Leaving safepoint region
[2022-06-13T02:15:32.314+0000][1][safepoint    ] Total time for which application threads were stopped: 0.0012970 seconds, Stopping threads took: 0.0006095 seconds
[2022-06-13T02:15:33.314+0000][1][safepoint    ] Application time: 1.0002640 seconds
[2022-06-13T02:15:33.315+0000][1][safepoint    ] Entering safepoint region: Cleanup
[2022-06-13T02:15:33.315+0000][1][safepoint    ] Leaving safepoint region
[2022-06-13T02:15:33.315+0000][1][safepoint    ] Total time for which application threads were stopped: 0.0007316 seconds, Stopping threads took: 0.0003802 seconds
[2022-06-13T02:15:34.316+0000][1][safepoint    ] Application time: 1.0001881 seconds
[2022-06-13T02:15:34.316+0000][1][safepoint    ] Entering safepoint region: Cleanup
[2022-06-13T02:15:34.317+0000][1][safepoint    ] Leaving safepoint region
[2022-06-13T02:15:34.317+0000][1][safepoint    ] Total time for which application threads were stopped: 0.0009076 seconds, Stopping threads took: 0.0003895 seconds
[2022-06-13T02:15:35.318+0000][1][safepoint    ] Application time: 1.0001566 seconds
[2022-06-13T02:15:35.318+0000][1][safepoint    ] Entering safepoint region: Cleanup
[2022-06-13T02:15:35.319+0000][1][safepoint    ] Leaving safepoint region
[2022-06-13T02:15:35.319+0000][1][safepoint    ] Total time for which application threads were stopped: 0.0007293 seconds, Stopping threads took: 0.0004398 seconds
[2022-06-13T02:15:36.319+0000][1][safepoint    ] Application time: 1.0001334 seconds
[2022-06-13T02:15:36.320+0000][1][safepoint    ] Entering safepoint region: Cleanup
[2022-06-13T02:15:36.321+0000][1][safepoint    ] Leaving safepoint region
[2022-06-13T02:15:36.321+0000][1][safepoint    ] Total time for which application threads were stopped: 0.0010232 seconds, Stopping threads took: 0.0004561 seconds
[2022-06-13T02:15:37.322+0000][1][safepoint    ] Application time: 1.0002311 seconds
[2022-06-13T02:15:37.322+0000][1][safepoint    ] Entering safepoint region: Cleanup
[2022-06-13T02:15:37.323+0000][1][safepoint    ] Leaving safepoint region
[2022-06-13T02:15:37.323+0000][1][safepoint    ] Total time for which application threads were stopped: 0.0008397 seconds, Stopping threads took: 0.0003785 seconds
[2022-06-13T02:15:38.324+0000][1][safepoint    ] Application time: 1.0002392 seconds
[2022-06-13T02:15:38.324+0000][1][safepoint    ] Entering safepoint region: Cleanup
[2022-06-13T02:15:38.325+0000][1][safepoint    ] Leaving safepoint region
[2022-06-13T02:15:38.325+0000][1][safepoint    ] Total time for which application threads were stopped: 0.0006766 seconds, Stopping threads took: 0.0003658 seconds
[2022-06-13T02:15:39.325+0000][1][safepoint    ] Application time: 1.0002007 seconds
[2022-06-13T02:15:39.326+0000][1][safepoint    ] Entering safepoint region: Cleanup
[2022-06-13T02:15:39.326+0000][1][safepoint    ] Leaving safepoint region
[2022-06-13T02:15:39.326+0000][1][safepoint    ] Total time for which application threads were stopped: 0.0005285 seconds, Stopping threads took: 0.0002247 seconds
[2022-06-13T02:15:40.327+0000][1][safepoint    ] Application time: 1.0002524 seconds
[2022-06-13T02:15:40.327+0000][1][safepoint    ] Entering safepoint region: Cleanup
[2022-06-13T02:15:40.328+0000][1][safepoint    ] Leaving safepoint region
[2022-06-13T02:15:40.328+0000][1][safepoint    ] Total time for which application threads were stopped: 0.0011138 seconds, Stopping threads took: 0.0004788 seconds
[2022-06-13T02:15:41.329+0000][1][safepoint    ] Application time: 1.0002375 seconds
[2022-06-13T02:15:41.330+0000][1][safepoint    ] Entering safepoint region: Cleanup
[2022-06-13T02:15:41.331+0000][1][safepoint    ] Leaving safepoint region
[2022-06-13T02:15:41.331+0000][1][safepoint    ] Total time for which application threads were stopped: 0.0014643 seconds, Stopping threads took: 0.0007093 seconds
[2022-06-13T02:15:42.332+0000][1][safepoint    ] Application time: 1.0001360 seconds
[2022-06-13T02:15:42.332+0000][1][safepoint    ] Entering safepoint region: Cleanup
[2022-06-13T02:15:42.333+0000][1][safepoint    ] Leaving safepoint region
[2022-06-13T02:15:42.333+0000][1][safepoint    ] Total time for which application threads were stopped: 0.0009540 seconds, Stopping threads took: 0.0004273 seconds
[2022-06-13T02:15:43.334+0000][1][safepoint    ] Application time: 1.0003011 seconds
[2022-06-13T02:15:43.335+0000][1][safepoint    ] Entering safepoint region: Cleanup
[2022-06-13T02:15:43.335+0000][1][safepoint    ] Leaving safepoint region
[2022-06-13T02:15:43.336+0000][1][safepoint    ] Total time for which application threads were stopped: 0.0014060 seconds, Stopping threads took: 0.0006586 seconds
[2022-06-13T02:15:44.336+0000][1][safepoint    ] Application time: 1.0002091 seconds
[2022-06-13T02:15:44.337+0000][1][safepoint    ] Entering safepoint region: Cleanup
[2022-06-13T02:15:44.337+0000][1][safepoint    ] Leaving safepoint region
[2022-06-13T02:15:44.338+0000][1][safepoint    ] Total time for which application threads were stopped: 0.0009026 seconds, Stopping threads took: 0.0004231 seconds
[2022-06-13T02:15:45.338+0000][1][safepoint    ] Application time: 1.0001725 seconds
[2022-06-13T02:15:45.339+0000][1][safepoint    ] Entering safepoint region: Cleanup
[2022-06-13T02:15:45.339+0000][1][safepoint    ] Leaving safepoint region
[2022-06-13T02:15:45.339+0000][1][safepoint    ] Total time for which application threads were stopped: 0.0006015 seconds, Stopping threads took: 0.0002746 seconds
[2022-06-13T02:15:46.340+0000][1][safepoint    ] Application time: 1.0002268 seconds
[2022-06-13T02:15:46.340+0000][1][safepoint    ] Entering safepoint region: Cleanup
[2022-06-13T02:15:46.341+0000][1][safepoint    ] Leaving safepoint region
[2022-06-13T02:15:46.342+0000][1][safepoint    ] Total time for which application threads were stopped: 0.0015433 seconds, Stopping threads took: 0.0007396 seconds
[2022-06-13T02:15:47.343+0000][1][safepoint    ] Application time: 1.0002237 seconds
[2022-06-13T02:15:47.344+0000][1][safepoint    ] Entering safepoint region: Cleanup
[2022-06-13T02:15:47.344+0000][1][safepoint    ] Leaving safepoint region
[2022-06-13T02:15:47.345+0000][1][safepoint    ] Total time for which application threads were stopped: 0.0007219 seconds, Stopping threads took: 0.0003305 seconds
[2022-06-13T02:15:48.345+0000][1][safepoint    ] Application time: 1.0002057 seconds
[2022-06-13T02:15:48.345+0000][1][safepoint    ] Entering safepoint region: Cleanup
[2022-06-13T02:15:48.346+0000][1][safepoint    ] Leaving safepoint region
[2022-06-13T02:15:48.346+0000][1][safepoint    ] Total time for which application threads were stopped: 0.0003579 seconds, Stopping threads took: 0.0001341 seconds
[2022-06-13T02:15:49.346+0000][1][safepoint    ] Application time: 1.0003723 seconds
[2022-06-13T02:15:49.347+0000][1][safepoint    ] Entering safepoint region: Cleanup
[2022-06-13T02:15:49.347+0000][1][safepoint    ] Leaving safepoint region
[2022-06-13T02:15:49.348+0000][1][safepoint    ] Total time for which application threads were stopped: 0.0010127 seconds, Stopping threads took: 0.0004285 seconds
[2022-06-13T02:15:50.348+0000][1][safepoint    ] Application time: 1.0001268 seconds
[2022-06-13T02:15:50.348+0000][1][safepoint    ] Entering safepoint region: Cleanup
[2022-06-13T02:15:50.349+0000][1][safepoint    ] Leaving safepoint region
[2022-06-13T02:15:50.349+0000][1][safepoint    ] Total time for which application threads were stopped: 0.0003981 seconds, Stopping threads took: 0.0001689 seconds
[2022-06-13T02:15:51.349+0000][1][safepoint    ] Application time: 1.0002662 seconds
[2022-06-13T02:15:51.350+0000][1][safepoint    ] Entering safepoint region: Cleanup
[2022-06-13T02:15:51.350+0000][1][safepoint    ] Leaving safepoint region
[2022-06-13T02:15:51.351+0000][1][safepoint    ] Total time for which application threads were stopped: 0.0011472 seconds, Stopping threads took: 0.0004573 seconds
[2022-06-13T02:15:52.352+0000][1][safepoint    ] Application time: 1.0003319 seconds
[2022-06-13T02:15:52.352+0000][1][safepoint    ] Entering safepoint region: Cleanup
[2022-06-13T02:15:52.353+0000][1][safepoint    ] Leaving safepoint region
[2022-06-13T02:15:52.353+0000][1][safepoint    ] Total time for which application threads were stopped: 0.0009719 seconds, Stopping threads took: 0.0005359 seconds
[2022-06-13T02:15:53.354+0000][1][safepoint    ] Application time: 1.0002156 seconds
[2022-06-13T02:15:53.354+0000][1][safepoint    ] Entering safepoint region: Cleanup
[2022-06-13T02:15:53.355+0000][1][safepoint    ] Leaving safepoint region
[2022-06-13T02:15:53.355+0000][1][safepoint    ] Total time for which application threads were stopped: 0.0006508 seconds, Stopping threads took: 0.0002971 seconds
[2022-06-13T02:15:54.355+0000][1][safepoint    ] Application time: 1.0001833 seconds
[2022-06-13T02:15:54.356+0000][1][safepoint    ] Entering safepoint region: Cleanup
[2022-06-13T02:15:54.356+0000][1][safepoint    ] Leaving safepoint region
[2022-06-13T02:15:54.356+0000][1][safepoint    ] Total time for which application threads were stopped: 0.0006919 seconds, Stopping threads took: 0.0003086 seconds
[2022-06-13T02:15:55.357+0000][1][safepoint    ] Application time: 1.0001900 seconds
[2022-06-13T02:15:55.357+0000][1][safepoint    ] Entering safepoint region: Cleanup
[2022-06-13T02:15:55.358+0000][1][safepoint    ] Leaving safepoint region
[2022-06-13T02:15:55.358+0000][1][safepoint    ] Total time for which application threads were stopped: 0.0007416 seconds, Stopping threads took: 0.0003494 seconds
[2022-06-13T02:15:56.359+0000][1][safepoint    ] Application time: 1.0001383 seconds
[2022-06-13T02:15:56.359+0000][1][safepoint    ] Entering safepoint region: Cleanup
[2022-06-13T02:15:56.360+0000][1][safepoint    ] Leaving safepoint region
[2022-06-13T02:15:56.360+0000][1][safepoint    ] Total time for which application threads were stopped: 0.0005241 seconds, Stopping threads took: 0.0002596 seconds
[2022-06-13T02:15:57.360+0000][1][safepoint    ] Application time: 1.0001780 seconds
[2022-06-13T02:15:57.361+0000][1][safepoint    ] Entering safepoint region: Cleanup
[2022-06-13T02:15:57.361+0000][1][safepoint    ] Leaving safepoint region
[2022-06-13T02:15:57.361+0000][1][safepoint    ] Total time for which application threads were stopped: 0.0007715 seconds, Stopping threads took: 0.0003160 seconds
[2022-06-13T02:15:58.362+0000][1][safepoint    ] Application time: 1.0002753 seconds
[2022-06-13T02:15:58.362+0000][1][safepoint    ] Entering safepoint region: Cleanup
[2022-06-13T02:15:58.363+0000][1][safepoint    ] Leaving safepoint region
[2022-06-13T02:15:58.364+0000][1][safepoint    ] Total time for which application threads were stopped: 0.0013614 seconds, Stopping threads took: 0.0005019 seconds
[2022-06-13T02:15:59.364+0000][1][safepoint    ] Application time: 1.0002050 seconds
[2022-06-13T02:15:59.365+0000][1][safepoint    ] Entering safepoint region: Cleanup
[2022-06-13T02:15:59.365+0000][1][safepoint    ] Leaving safepoint region
[2022-06-13T02:15:59.366+0000][1][safepoint    ] Total time for which application threads were stopped: 0.0009228 seconds, Stopping threads took: 0.0004376 seconds
[2022-06-13T02:16:00.366+0000][1][safepoint    ] Application time: 1.0001746 seconds
[2022-06-13T02:16:00.367+0000][1][safepoint    ] Entering safepoint region: Cleanup
[2022-06-13T02:16:00.368+0000][1][safepoint    ] Leaving safepoint region
[2022-06-13T02:16:00.368+0000][1][safepoint    ] Total time for which application threads were stopped: 0.0012323 seconds, Stopping threads took: 0.0006727 seconds
[2022-06-13T02:16:01.369+0000][1][safepoint    ] Application time: 1.0002052 seconds
[2022-06-13T02:16:01.370+0000][1][safepoint    ] Entering safepoint region: Cleanup
[2022-06-13T02:16:01.371+0000][1][safepoint    ] Leaving safepoint region
[2022-06-13T02:16:01.371+0000][1][safepoint    ] Total time for which application threads were stopped: 0.0015677 seconds, Stopping threads took: 0.0007017 seconds
[2022-06-13T02:16:02.372+0000][1][safepoint    ] Application time: 1.0003348 seconds
[2022-06-13T02:16:02.373+0000][1][safepoint    ] Entering safepoint region: Cleanup
[2022-06-13T02:16:02.373+0000][1][safepoint    ] Leaving safepoint region
[2022-06-13T02:16:02.374+0000][1][safepoint    ] Total time for which application threads were stopped: 0.0006751 seconds, Stopping threads took: 0.0003137 seconds
[2022-06-13T02:16:03.374+0000][1][safepoint    ] Application time: 1.0001620 seconds
[2022-06-13T02:16:03.375+0000][1][safepoint    ] Entering safepoint region: Cleanup
[2022-06-13T02:16:03.375+0000][1][safepoint    ] Leaving safepoint region
[2022-06-13T02:16:03.375+0000][1][safepoint    ] Total time for which application threads were stopped: 0.0004884 seconds, Stopping threads took: 0.0002222 seconds
[2022-06-13T02:16:04.375+0000][1][safepoint    ] Application time: 1.0001648 seconds
[2022-06-13T02:16:04.376+0000][1][safepoint    ] Entering safepoint region: Cleanup
[2022-06-13T02:16:04.376+0000][1][safepoint    ] Leaving safepoint region
[2022-06-13T02:16:04.376+0000][1][safepoint    ] Total time for which application threads were stopped: 0.0005638 seconds, Stopping threads took: 0.0002207 seconds
[2022-06-13T02:16:05.377+0000][1][safepoint    ] Application time: 1.0002208 seconds
[2022-06-13T02:16:05.377+0000][1][safepoint    ] Entering safepoint region: Cleanup
[2022-06-13T02:16:05.377+0000][1][safepoint    ] Leaving safepoint region
[2022-06-13T02:16:05.378+0000][1][safepoint    ] Total time for which application threads were stopped: 0.0007940 seconds, Stopping threads took: 0.0003632 seconds
[2022-06-13T02:16:06.378+0000][1][safepoint    ] Application time: 1.0001815 seconds
[2022-06-13T02:16:06.378+0000][1][safepoint    ] Entering safepoint region: Cleanup
[2022-06-13T02:16:06.379+0000][1][safepoint    ] Leaving safepoint region
[2022-06-13T02:16:06.379+0000][1][safepoint    ] Total time for which application threads were stopped: 0.0004495 seconds, Stopping threads took: 0.0002056 seconds
[2022-06-13T02:16:07.379+0000][1][safepoint    ] Application time: 1.0002718 seconds
[2022-06-13T02:16:07.380+0000][1][safepoint    ] Entering safepoint region: Cleanup
[2022-06-13T02:16:07.380+0000][1][safepoint    ] Leaving safepoint region
[2022-06-13T02:16:07.380+0000][1][safepoint    ] Total time for which application threads were stopped: 0.0007108 seconds, Stopping threads took: 0.0003254 seconds
[2022-06-13T02:16:08.381+0000][1][safepoint    ] Application time: 1.0001813 seconds
[2022-06-13T02:16:08.381+0000][1][safepoint    ] Entering safepoint region: Cleanup
[2022-06-13T02:16:08.382+0000][1][safepoint    ] Leaving safepoint region
[2022-06-13T02:16:08.382+0000][1][safepoint    ] Total time for which application threads were stopped: 0.0008565 seconds, Stopping threads took: 0.0003552 seconds
[2022-06-13T02:16:09.383+0000][1][safepoint    ] Application time: 1.0001533 seconds
[2022-06-13T02:16:09.383+0000][1][safepoint    ] Entering safepoint region: Cleanup
[2022-06-13T02:16:09.384+0000][1][safepoint    ] Leaving safepoint region
[2022-06-13T02:16:09.384+0000][1][safepoint    ] Total time for which application threads were stopped: 0.0006957 seconds, Stopping threads took: 0.0003226 seconds
[2022-06-13T02:16:10.384+0000][1][safepoint    ] Application time: 1.0002577 seconds
[2022-06-13T02:16:10.385+0000][1][safepoint    ] Entering safepoint region: Cleanup
[2022-06-13T02:16:10.385+0000][1][safepoint    ] Leaving safepoint region
[2022-06-13T02:16:10.386+0000][1][safepoint    ] Total time for which application threads were stopped: 0.0008348 seconds, Stopping threads took: 0.0003804 seconds
[2022-06-13T02:16:11.386+0000][1][safepoint    ] Application time: 1.0002840 seconds
[2022-06-13T02:16:11.387+0000][1][safepoint    ] Entering safepoint region: Cleanup
[2022-06-13T02:16:11.387+0000][1][safepoint    ] Leaving safepoint region
[2022-06-13T02:16:11.388+0000][1][safepoint    ] Total time for which application threads were stopped: 0.0008037 seconds, Stopping threads took: 0.0003220 seconds
[2022-06-13T02:16:12.388+0000][1][safepoint    ] Application time: 1.0001547 seconds
[2022-06-13T02:16:12.389+0000][1][safepoint    ] Entering safepoint region: Cleanup
[2022-06-13T02:16:12.389+0000][1][safepoint    ] Leaving safepoint region
[2022-06-13T02:16:12.390+0000][1][safepoint    ] Total time for which application threads were stopped: 0.0012585 seconds, Stopping threads took: 0.0005907 seconds
[2022-06-13T02:16:13.391+0000][1][safepoint    ] Application time: 1.0001978 seconds
[2022-06-13T02:16:13.391+0000][1][safepoint    ] Entering safepoint region: Cleanup
[2022-06-13T02:16:13.392+0000][1][safepoint    ] Leaving safepoint region
[2022-06-13T02:16:13.392+0000][1][safepoint    ] Total time for which application threads were stopped: 0.0010333 seconds, Stopping threads took: 0.0004983 seconds
[2022-06-13T02:16:13.416+0000][1][safepoint    ] Application time: 0.0231913 seconds
[2022-06-13T02:16:13.416+0000][1][safepoint    ] Entering safepoint region: RevokeBias
[2022-06-13T02:16:13.416+0000][1][safepoint    ] Leaving safepoint region
[2022-06-13T02:16:13.417+0000][1][safepoint    ] Total time for which application threads were stopped: 0.0005469 seconds, Stopping threads took: 0.0002984 seconds
[2022-06-13T02:16:14.417+0000][1][safepoint    ] Application time: 1.0001453 seconds
[2022-06-13T02:16:14.417+0000][1][safepoint    ] Entering safepoint region: Cleanup
[2022-06-13T02:16:14.417+0000][1][safepoint    ] Leaving safepoint region
[2022-06-13T02:16:14.418+0000][1][safepoint    ] Total time for which application threads were stopped: 0.0004699 seconds, Stopping threads took: 0.0002110 seconds
[2022-06-13T02:16:15.418+0000][1][safepoint    ] Application time: 1.0001475 seconds
[2022-06-13T02:16:15.419+0000][1][safepoint    ] Entering safepoint region: Cleanup
[2022-06-13T02:16:15.419+0000][1][safepoint    ] Leaving safepoint region
[2022-06-13T02:16:15.419+0000][1][safepoint    ] Total time for which application threads were stopped: 0.0008770 seconds, Stopping threads took: 0.0004139 seconds
[2022-06-13T02:16:16.420+0000][1][safepoint    ] Application time: 1.0001885 seconds
[2022-06-13T02:16:16.420+0000][1][safepoint    ] Entering safepoint region: Cleanup
[2022-06-13T02:16:16.421+0000][1][safepoint    ] Leaving safepoint region
[2022-06-13T02:16:16.421+0000][1][safepoint    ] Total time for which application threads were stopped: 0.0005342 seconds, Stopping threads took: 0.0002615 seconds
[2022-06-13T02:16:17.421+0000][1][safepoint    ] Application time: 1.0001465 seconds
[2022-06-13T02:16:17.422+0000][1][safepoint    ] Entering safepoint region: Cleanup
[2022-06-13T02:16:17.422+0000][1][safepoint    ] Leaving safepoint region
[2022-06-13T02:16:17.422+0000][1][safepoint    ] Total time for which application threads were stopped: 0.0004241 seconds, Stopping threads took: 0.0002363 seconds
[2022-06-13T02:16:18.422+0000][1][safepoint    ] Application time: 1.0001078 seconds
[2022-06-13T02:16:18.423+0000][1][safepoint    ] Entering safepoint region: Cleanup
[2022-06-13T02:16:18.424+0000][1][safepoint    ] Leaving safepoint region
[2022-06-13T02:16:18.424+0000][1][safepoint    ] Total time for which application threads were stopped: 0.0014076 seconds, Stopping threads took: 0.0008730 seconds
[2022-06-13T02:16:19.425+0000][1][safepoint    ] Application time: 1.0001395 seconds
[2022-06-13T02:16:19.425+0000][1][safepoint    ] Entering safepoint region: Cleanup
[2022-06-13T02:16:19.426+0000][1][safepoint    ] Leaving safepoint region
[2022-06-13T02:16:19.426+0000][1][safepoint    ] Total time for which application threads were stopped: 0.0007130 seconds, Stopping threads took: 0.0002347 seconds
[2022-06-13T02:16:20.426+0000][1][safepoint    ] Application time: 1.0002150 seconds
[2022-06-13T02:16:20.427+0000][1][safepoint    ] Entering safepoint region: Cleanup
[2022-06-13T02:16:20.427+0000][1][safepoint    ] Leaving safepoint region
[2022-06-13T02:16:20.427+0000][1][safepoint    ] Total time for which application threads were stopped: 0.0005121 seconds, Stopping threads took: 0.0001481 seconds
[2022-06-13T02:16:21.428+0000][1][safepoint    ] Application time: 1.0001546 seconds
[2022-06-13T02:16:21.428+0000][1][safepoint    ] Entering safepoint region: Cleanup
[2022-06-13T02:16:21.429+0000][1][safepoint    ] Leaving safepoint region
[2022-06-13T02:16:21.430+0000][1][safepoint    ] Total time for which application threads were stopped: 0.0014067 seconds, Stopping threads took: 0.0007818 seconds
[2022-06-13T02:16:22.431+0000][1][safepoint    ] Application time: 1.0001674 seconds
[2022-06-13T02:16:22.431+0000][1][safepoint    ] Entering safepoint region: Cleanup
[2022-06-13T02:16:22.431+0000][1][safepoint    ] Leaving safepoint region
[2022-06-13T02:16:22.431+0000][1][safepoint    ] Total time for which application threads were stopped: 0.0002554 seconds, Stopping threads took: 0.0001072 seconds
[2022-06-13T02:16:23.431+0000][1][safepoint    ] Application time: 1.0001060 seconds
[2022-06-13T02:16:23.432+0000][1][safepoint    ] Entering safepoint region: Cleanup
[2022-06-13T02:16:23.432+0000][1][safepoint    ] Leaving safepoint region
[2022-06-13T02:16:23.433+0000][1][safepoint    ] Total time for which application threads were stopped: 0.0008652 seconds, Stopping threads took: 0.0004280 seconds
[2022-06-13T02:16:24.433+0000][1][safepoint    ] Application time: 1.0001678 seconds
[2022-06-13T02:16:24.434+0000][1][safepoint    ] Entering safepoint region: Cleanup
[2022-06-13T02:16:24.434+0000][1][safepoint    ] Leaving safepoint region
[2022-06-13T02:16:24.434+0000][1][safepoint    ] Total time for which application threads were stopped: 0.0007799 seconds, Stopping threads took: 0.0003324 seconds
[2022-06-13T02:16:25.435+0000][1][safepoint    ] Application time: 1.0001966 seconds
[2022-06-13T02:16:25.435+0000][1][safepoint    ] Entering safepoint region: Cleanup
[2022-06-13T02:16:25.435+0000][1][safepoint    ] Leaving safepoint region
[2022-06-13T02:16:25.436+0000][1][safepoint    ] Total time for which application threads were stopped: 0.0003769 seconds, Stopping threads took: 0.0001442 seconds
[2022-06-13T02:16:26.436+0000][1][safepoint    ] Application time: 1.0001965 seconds
[2022-06-13T02:16:26.436+0000][1][safepoint    ] Entering safepoint region: Cleanup
[2022-06-13T02:16:26.437+0000][1][safepoint    ] Leaving safepoint region
[2022-06-13T02:16:26.437+0000][1][safepoint    ] Total time for which application threads were stopped: 0.0009806 seconds, Stopping threads took: 0.0003769 seconds
[2022-06-13T02:16:27.438+0000][1][safepoint    ] Application time: 1.0001233 seconds
[2022-06-13T02:16:27.438+0000][1][safepoint    ] Entering safepoint region: Cleanup
[2022-06-13T02:16:27.439+0000][1][safepoint    ] Leaving safepoint region
[2022-06-13T02:16:27.439+0000][1][safepoint    ] Total time for which application threads were stopped: 0.0010888 seconds, Stopping threads took: 0.0004113 seconds
[2022-06-13T02:16:28.440+0000][1][safepoint    ] Application time: 1.0001783 seconds
[2022-06-13T02:16:28.441+0000][1][safepoint    ] Entering safepoint region: Cleanup
[2022-06-13T02:16:28.441+0000][1][safepoint    ] Leaving safepoint region
[2022-06-13T02:16:28.441+0000][1][safepoint    ] Total time for which application threads were stopped: 0.0009742 seconds, Stopping threads took: 0.0004538 seconds
[2022-06-13T02:16:29.442+0000][1][safepoint    ] Application time: 1.0002567 seconds
[2022-06-13T02:16:29.443+0000][1][safepoint    ] Entering safepoint region: Cleanup
[2022-06-13T02:16:29.443+0000][1][safepoint    ] Leaving safepoint region
[2022-06-13T02:16:29.444+0000][1][safepoint    ] Total time for which application threads were stopped: 0.0010839 seconds, Stopping threads took: 0.0004969 seconds
[2022-06-13T02:16:30.444+0000][1][safepoint    ] Application time: 1.0001721 seconds
[2022-06-13T02:16:30.445+0000][1][safepoint    ] Entering safepoint region: Cleanup
[2022-06-13T02:16:30.445+0000][1][safepoint    ] Leaving safepoint region
[2022-06-13T02:16:30.446+0000][1][safepoint    ] Total time for which application threads were stopped: 0.0009104 seconds, Stopping threads took: 0.0004286 seconds
[2022-06-13T02:16:31.447+0000][1][safepoint    ] Application time: 1.0003293 seconds
[2022-06-13T02:16:31.447+0000][1][safepoint    ] Entering safepoint region: Cleanup
[2022-06-13T02:16:31.447+0000][1][safepoint    ] Leaving safepoint region
[2022-06-13T02:16:31.448+0000][1][safepoint    ] Total time for which application threads were stopped: 0.0007873 seconds, Stopping threads took: 0.0004187 seconds
[2022-06-13T02:16:32.448+0000][1][safepoint    ] Application time: 1.0002179 seconds
[2022-06-13T02:16:32.449+0000][1][safepoint    ] Entering safepoint region: Cleanup
[2022-06-13T02:16:32.450+0000][1][safepoint    ] Leaving safepoint region
[2022-06-13T02:16:32.450+0000][1][safepoint    ] Total time for which application threads were stopped: 0.0014232 seconds, Stopping threads took: 0.0006918 seconds
[2022-06-13T02:16:33.451+0000][1][safepoint    ] Application time: 1.0003380 seconds
[2022-06-13T02:16:33.452+0000][1][safepoint    ] Entering safepoint region: Cleanup
[2022-06-13T02:16:33.452+0000][1][safepoint    ] Leaving safepoint region
[2022-06-13T02:16:33.452+0000][1][safepoint    ] Total time for which application threads were stopped: 0.0005338 seconds, Stopping threads took: 0.0002060 seconds
[2022-06-13T02:16:34.453+0000][1][safepoint    ] Application time: 1.0001497 seconds
[2022-06-13T02:16:34.453+0000][1][safepoint    ] Entering safepoint region: Cleanup
[2022-06-13T02:16:34.454+0000][1][safepoint    ] Leaving safepoint region
[2022-06-13T02:16:34.454+0000][1][safepoint    ] Total time for which application threads were stopped: 0.0007282 seconds, Stopping threads took: 0.0003753 seconds
[2022-06-13T02:16:35.454+0000][1][safepoint    ] Application time: 1.0001942 seconds
[2022-06-13T02:16:35.455+0000][1][safepoint    ] Entering safepoint region: Cleanup
[2022-06-13T02:16:35.455+0000][1][safepoint    ] Leaving safepoint region
[2022-06-13T02:16:35.455+0000][1][safepoint    ] Total time for which application threads were stopped: 0.0007356 seconds, Stopping threads took: 0.0002694 seconds
[2022-06-13T02:16:36.456+0000][1][safepoint    ] Application time: 1.0003003 seconds
[2022-06-13T02:16:36.457+0000][1][safepoint    ] Entering safepoint region: Cleanup
[2022-06-13T02:16:36.458+0000][1][safepoint    ] Leaving safepoint region
[2022-06-13T02:16:36.458+0000][1][safepoint    ] Total time for which application threads were stopped: 0.0012444 seconds, Stopping threads took: 0.0006278 seconds
[2022-06-13T02:16:37.459+0000][1][safepoint    ] Application time: 1.0001504 seconds
[2022-06-13T02:16:37.459+0000][1][safepoint    ] Entering safepoint region: Cleanup
[2022-06-13T02:16:37.459+0000][1][safepoint    ] Leaving safepoint region
[2022-06-13T02:16:37.459+0000][1][safepoint    ] Total time for which application threads were stopped: 0.0005815 seconds, Stopping threads took: 0.0001767 seconds
[2022-06-13T02:16:38.460+0000][1][safepoint    ] Application time: 1.0001632 seconds
[2022-06-13T02:16:38.460+0000][1][safepoint    ] Entering safepoint region: Cleanup
[2022-06-13T02:16:38.461+0000][1][safepoint    ] Leaving safepoint region
[2022-06-13T02:16:38.461+0000][1][safepoint    ] Total time for which application threads were stopped: 0.0009730 seconds, Stopping threads took: 0.0003946 seconds
[2022-06-13T02:16:39.462+0000][1][safepoint    ] Application time: 1.0002555 seconds
[2022-06-13T02:16:39.462+0000][1][safepoint    ] Entering safepoint region: Cleanup
[2022-06-13T02:16:39.463+0000][1][safepoint    ] Leaving safepoint region
[2022-06-13T02:16:39.463+0000][1][safepoint    ] Total time for which application threads were stopped: 0.0011075 seconds, Stopping threads took: 0.0004470 seconds
[2022-06-13T02:16:40.464+0000][1][safepoint    ] Application time: 1.0002065 seconds
[2022-06-13T02:16:40.464+0000][1][safepoint    ] Entering safepoint region: Cleanup
[2022-06-13T02:16:40.465+0000][1][safepoint    ] Leaving safepoint region
[2022-06-13T02:16:40.465+0000][1][safepoint    ] Total time for which application threads were stopped: 0.0009379 seconds, Stopping threads took: 0.0004357 seconds
[2022-06-13T02:16:41.466+0000][1][safepoint    ] Application time: 1.0003098 seconds
[2022-06-13T02:16:41.466+0000][1][safepoint    ] Entering safepoint region: Cleanup
[2022-06-13T02:16:41.467+0000][1][safepoint    ] Leaving safepoint region
[2022-06-13T02:16:41.468+0000][1][safepoint    ] Total time for which application threads were stopped: 0.0011321 seconds, Stopping threads took: 0.0004967 seconds
[2022-06-13T02:16:42.468+0000][1][safepoint    ] Application time: 1.0002852 seconds
[2022-06-13T02:16:42.469+0000][1][safepoint    ] Entering safepoint region: Cleanup
[2022-06-13T02:16:42.470+0000][1][safepoint    ] Leaving safepoint region
[2022-06-13T02:16:42.470+0000][1][safepoint    ] Total time for which application threads were stopped: 0.0012898 seconds, Stopping threads took: 0.0007306 seconds
[2022-06-13T02:16:43.471+0000][1][safepoint    ] Application time: 1.0001831 seconds
[2022-06-13T02:16:43.471+0000][1][safepoint    ] Entering safepoint region: Cleanup
[2022-06-13T02:16:43.471+0000][1][safepoint    ] Leaving safepoint region
[2022-06-13T02:16:43.472+0000][1][safepoint    ] Total time for which application threads were stopped: 0.0009562 seconds, Stopping threads took: 0.0004141 seconds
[2022-06-13T02:16:44.473+0000][1][safepoint    ] Application time: 1.0003817 seconds
[2022-06-13T02:16:44.473+0000][1][safepoint    ] Entering safepoint region: Cleanup
[2022-06-13T02:16:44.474+0000][1][safepoint    ] Leaving safepoint region
[2022-06-13T02:16:44.474+0000][1][safepoint    ] Total time for which application threads were stopped: 0.0008493 seconds, Stopping threads took: 0.0004342 seconds
[2022-06-13T02:16:45.475+0000][1][safepoint    ] Application time: 1.0001835 seconds
[2022-06-13T02:16:45.475+0000][1][safepoint    ] Entering safepoint region: Cleanup
[2022-06-13T02:16:45.476+0000][1][safepoint    ] Leaving safepoint region
[2022-06-13T02:16:45.477+0000][1][safepoint    ] Total time for which application threads were stopped: 0.0011667 seconds, Stopping threads took: 0.0005872 seconds
[2022-06-13T02:16:46.477+0000][1][safepoint    ] Application time: 1.0002581 seconds
[2022-06-13T02:16:46.478+0000][1][safepoint    ] Entering safepoint region: Cleanup
[2022-06-13T02:16:46.479+0000][1][safepoint    ] Leaving safepoint region
[2022-06-13T02:16:46.479+0000][1][safepoint    ] Total time for which application threads were stopped: 0.0012304 seconds, Stopping threads took: 0.0005191 seconds
[2022-06-13T02:16:47.480+0000][1][safepoint    ] Application time: 1.0002471 seconds
[2022-06-13T02:16:47.480+0000][1][safepoint    ] Entering safepoint region: Cleanup
[2022-06-13T02:16:47.480+0000][1][safepoint    ] Leaving safepoint region
[2022-06-13T02:16:47.481+0000][1][safepoint    ] Total time for which application threads were stopped: 0.0005939 seconds, Stopping threads took: 0.0002359 seconds
[2022-06-13T02:16:48.481+0000][1][safepoint    ] Application time: 1.0001004 seconds
[2022-06-13T02:16:48.481+0000][1][safepoint    ] Entering safepoint region: Cleanup
[2022-06-13T02:16:48.482+0000][1][safepoint    ] Leaving safepoint region
[2022-06-13T02:16:48.482+0000][1][safepoint    ] Total time for which application threads were stopped: 0.0005973 seconds, Stopping threads took: 0.0002599 seconds
[2022-06-13T02:16:49.482+0000][1][safepoint    ] Application time: 1.0002032 seconds
[2022-06-13T02:16:49.483+0000][1][safepoint    ] Entering safepoint region: Cleanup
[2022-06-13T02:16:49.483+0000][1][safepoint    ] Leaving safepoint region
[2022-06-13T02:16:49.483+0000][1][safepoint    ] Total time for which application threads were stopped: 0.0006358 seconds, Stopping threads took: 0.0002458 seconds
[2022-06-13T02:16:50.484+0000][1][safepoint    ] Application time: 1.0001866 seconds
[2022-06-13T02:16:50.484+0000][1][safepoint    ] Entering safepoint region: Cleanup
[2022-06-13T02:16:50.485+0000][1][safepoint    ] Leaving safepoint region
[2022-06-13T02:16:50.485+0000][1][safepoint    ] Total time for which application threads were stopped: 0.0011878 seconds, Stopping threads took: 0.0006390 seconds
[2022-06-13T02:16:51.486+0000][1][safepoint    ] Application time: 1.0001786 seconds
[2022-06-13T02:16:51.487+0000][1][safepoint    ] Entering safepoint region: Cleanup
[2022-06-13T02:16:51.487+0000][1][safepoint    ] Leaving safepoint region
[2022-06-13T02:16:51.487+0000][1][safepoint    ] Total time for which application threads were stopped: 0.0008189 seconds, Stopping threads took: 0.0003430 seconds
[2022-06-13T02:16:52.488+0000][1][safepoint    ] Application time: 1.0001706 seconds
[2022-06-13T02:16:52.488+0000][1][safepoint    ] Entering safepoint region: Cleanup
[2022-06-13T02:16:52.489+0000][1][safepoint    ] Leaving safepoint region
[2022-06-13T02:16:52.489+0000][1][safepoint    ] Total time for which application threads were stopped: 0.0007799 seconds, Stopping threads took: 0.0003641 seconds
[2022-06-13T02:16:53.489+0000][1][safepoint    ] Application time: 1.0001685 seconds
[2022-06-13T02:16:53.490+0000][1][safepoint    ] Entering safepoint region: Cleanup
[2022-06-13T02:16:53.491+0000][1][safepoint    ] Leaving safepoint region
[2022-06-13T02:16:53.491+0000][1][safepoint    ] Total time for which application threads were stopped: 0.0009746 seconds, Stopping threads took: 0.0004734 seconds
[2022-06-13T02:16:54.492+0000][1][safepoint    ] Application time: 1.0001774 seconds
[2022-06-13T02:16:54.492+0000][1][safepoint    ] Entering safepoint region: Cleanup
[2022-06-13T02:16:54.492+0000][1][safepoint    ] Leaving safepoint region
[2022-06-13T02:16:54.492+0000][1][safepoint    ] Total time for which application threads were stopped: 0.0005420 seconds, Stopping threads took: 0.0002534 seconds
[2022-06-13T02:16:55.493+0000][1][safepoint    ] Application time: 1.0001730 seconds
[2022-06-13T02:16:55.493+0000][1][safepoint    ] Entering safepoint region: Cleanup
[2022-06-13T02:16:55.493+0000][1][safepoint    ] Leaving safepoint region
[2022-06-13T02:16:55.494+0000][1][safepoint    ] Total time for which application threads were stopped: 0.0006250 seconds, Stopping threads took: 0.0002936 seconds
[2022-06-13T02:16:56.494+0000][1][safepoint    ] Application time: 1.0001470 seconds
[2022-06-13T02:16:56.494+0000][1][safepoint    ] Entering safepoint region: Cleanup
[2022-06-13T02:16:56.495+0000][1][safepoint    ] Leaving safepoint region
[2022-06-13T02:16:56.495+0000][1][safepoint    ] Total time for which application threads were stopped: 0.0009583 seconds, Stopping threads took: 0.0004195 seconds
[2022-06-13T02:16:57.496+0000][1][safepoint    ] Application time: 1.0002823 seconds
[2022-06-13T02:16:57.497+0000][1][safepoint    ] Entering safepoint region: Cleanup
[2022-06-13T02:16:57.498+0000][1][safepoint    ] Leaving safepoint region
[2022-06-13T02:16:57.498+0000][1][safepoint    ] Total time for which application threads were stopped: 0.0014425 seconds, Stopping threads took: 0.0007589 seconds
[2022-06-13T02:16:58.499+0000][1][safepoint    ] Application time: 1.0001898 seconds
[2022-06-13T02:16:58.499+0000][1][safepoint    ] Entering safepoint region: Cleanup
[2022-06-13T02:16:58.500+0000][1][safepoint    ] Leaving safepoint region
[2022-06-13T02:16:58.501+0000][1][safepoint    ] Total time for which application threads were stopped: 0.0013323 seconds, Stopping threads took: 0.0005980 seconds
[2022-06-13T02:16:59.501+0000][1][safepoint    ] Application time: 1.0001772 seconds
[2022-06-13T02:16:59.502+0000][1][safepoint    ] Entering safepoint region: Cleanup
[2022-06-13T02:16:59.502+0000][1][safepoint    ] Leaving safepoint region
[2022-06-13T02:16:59.503+0000][1][safepoint    ] Total time for which application threads were stopped: 0.0010861 seconds, Stopping threads took: 0.0004893 seconds
[2022-06-13T02:17:00.503+0000][1][safepoint    ] Application time: 1.0001364 seconds
[2022-06-13T02:17:00.504+0000][1][safepoint    ] Entering safepoint region: Cleanup
[2022-06-13T02:17:00.505+0000][1][safepoint    ] Leaving safepoint region
[2022-06-13T02:17:00.505+0000][1][safepoint    ] Total time for which application threads were stopped: 0.0011703 seconds, Stopping threads took: 0.0004563 seconds
[2022-06-13T02:17:01.506+0000][1][safepoint    ] Application time: 1.0002337 seconds
[2022-06-13T02:17:01.506+0000][1][safepoint    ] Entering safepoint region: Cleanup
[2022-06-13T02:17:01.507+0000][1][safepoint    ] Leaving safepoint region
[2022-06-13T02:17:01.507+0000][1][safepoint    ] Total time for which application threads were stopped: 0.0012474 seconds, Stopping threads took: 0.0006305 seconds
[2022-06-13T02:17:02.508+0000][1][safepoint    ] Application time: 1.0001606 seconds
[2022-06-13T02:17:02.509+0000][1][safepoint    ] Entering safepoint region: Cleanup
[2022-06-13T02:17:02.509+0000][1][safepoint    ] Leaving safepoint region
[2022-06-13T02:17:02.509+0000][1][safepoint    ] Total time for which application threads were stopped: 0.0008040 seconds, Stopping threads took: 0.0002961 seconds
[2022-06-13T02:17:03.510+0000][1][safepoint    ] Application time: 1.0002328 seconds
[2022-06-13T02:17:03.510+0000][1][safepoint    ] Entering safepoint region: Cleanup
[2022-06-13T02:17:03.511+0000][1][safepoint    ] Leaving safepoint region
[2022-06-13T02:17:03.511+0000][1][safepoint    ] Total time for which application threads were stopped: 0.0009703 seconds, Stopping threads took: 0.0004242 seconds
[2022-06-13T02:17:04.512+0000][1][safepoint    ] Application time: 1.0002594 seconds
[2022-06-13T02:17:04.512+0000][1][safepoint    ] Entering safepoint region: Cleanup
[2022-06-13T02:17:04.513+0000][1][safepoint    ] Leaving safepoint region
[2022-06-13T02:17:04.514+0000][1][safepoint    ] Total time for which application threads were stopped: 0.0011985 seconds, Stopping threads took: 0.0005964 seconds
[2022-06-13T02:17:05.514+0000][1][safepoint    ] Application time: 1.0002389 seconds
[2022-06-13T02:17:05.515+0000][1][safepoint    ] Entering safepoint region: Cleanup
[2022-06-13T02:17:05.515+0000][1][safepoint    ] Leaving safepoint region
[2022-06-13T02:17:05.516+0000][1][safepoint    ] Total time for which application threads were stopped: 0.0008329 seconds, Stopping threads took: 0.0003683 seconds
[2022-06-13T02:17:06.516+0000][1][safepoint    ] Application time: 1.0001975 seconds
[2022-06-13T02:17:06.517+0000][1][safepoint    ] Entering safepoint region: Cleanup
[2022-06-13T02:17:06.518+0000][1][safepoint    ] Leaving safepoint region
[2022-06-13T02:17:06.518+0000][1][safepoint    ] Total time for which application threads were stopped: 0.0012544 seconds, Stopping threads took: 0.0005766 seconds
[2022-06-13T02:17:07.519+0000][1][safepoint    ] Application time: 1.0002024 seconds
[2022-06-13T02:17:07.519+0000][1][safepoint    ] Entering safepoint region: Cleanup
[2022-06-13T02:17:07.520+0000][1][safepoint    ] Leaving safepoint region
[2022-06-13T02:17:07.520+0000][1][safepoint    ] Total time for which application threads were stopped: 0.0010578 seconds, Stopping threads took: 0.0005316 seconds
[2022-06-13T02:17:08.521+0000][1][safepoint    ] Application time: 1.0002826 seconds
[2022-06-13T02:17:08.522+0000][1][safepoint    ] Entering safepoint region: Cleanup
[2022-06-13T02:17:08.522+0000][1][safepoint    ] Leaving safepoint region
[2022-06-13T02:17:08.523+0000][1][safepoint    ] Total time for which application threads were stopped: 0.0013661 seconds, Stopping threads took: 0.0006651 seconds
[2022-06-13T02:17:09.523+0000][1][safepoint    ] Application time: 1.0001226 seconds
[2022-06-13T02:17:09.524+0000][1][safepoint    ] Entering safepoint region: Cleanup
[2022-06-13T02:17:09.524+0000][1][safepoint    ] Leaving safepoint region
[2022-06-13T02:17:09.525+0000][1][safepoint    ] Total time for which application threads were stopped: 0.0007592 seconds, Stopping threads took: 0.0002920 seconds
[2022-06-13T02:17:10.525+0000][1][safepoint    ] Application time: 1.0001895 seconds
[2022-06-13T02:17:10.526+0000][1][safepoint    ] Entering safepoint region: Cleanup
[2022-06-13T02:17:10.526+0000][1][safepoint    ] Leaving safepoint region
[2022-06-13T02:17:10.526+0000][1][safepoint    ] Total time for which application threads were stopped: 0.0009230 seconds, Stopping threads took: 0.0004462 seconds
[2022-06-13T02:17:11.527+0000][1][safepoint    ] Application time: 1.0002244 seconds
[2022-06-13T02:17:11.528+0000][1][safepoint    ] Entering safepoint region: Cleanup
[2022-06-13T02:17:11.528+0000][1][safepoint    ] Leaving safepoint region
[2022-06-13T02:17:11.528+0000][1][safepoint    ] Total time for which application threads were stopped: 0.0009491 seconds, Stopping threads took: 0.0004051 seconds
[2022-06-13T02:17:12.529+0000][1][safepoint    ] Application time: 1.0002328 seconds
[2022-06-13T02:17:12.530+0000][1][safepoint    ] Entering safepoint region: Cleanup
[2022-06-13T02:17:12.530+0000][1][safepoint    ] Leaving safepoint region
[2022-06-13T02:17:12.531+0000][1][safepoint    ] Total time for which application threads were stopped: 0.0012088 seconds, Stopping threads took: 0.0005566 seconds
[2022-06-13T02:17:13.532+0000][1][safepoint    ] Application time: 1.0003042 seconds
[2022-06-13T02:17:13.532+0000][1][safepoint    ] Entering safepoint region: Cleanup
[2022-06-13T02:17:13.533+0000][1][safepoint    ] Leaving safepoint region
[2022-06-13T02:17:13.533+0000][1][safepoint    ] Total time for which application threads were stopped: 0.0011750 seconds, Stopping threads took: 0.0006062 seconds
[2022-06-13T02:17:14.534+0000][1][safepoint    ] Application time: 1.0002075 seconds
[2022-06-13T02:17:14.535+0000][1][safepoint    ] Entering safepoint region: Cleanup
[2022-06-13T02:17:14.535+0000][1][safepoint    ] Leaving safepoint region
[2022-06-13T02:17:14.536+0000][1][safepoint    ] Total time for which application threads were stopped: 0.0009488 seconds, Stopping threads took: 0.0004349 seconds
[2022-06-13T02:17:15.536+0000][1][safepoint    ] Application time: 1.0002386 seconds
[2022-06-13T02:17:15.537+0000][1][safepoint    ] Entering safepoint region: Cleanup
[2022-06-13T02:17:15.538+0000][1][safepoint    ] Leaving safepoint region
[2022-06-13T02:17:15.539+0000][1][safepoint    ] Total time for which application threads were stopped: 0.0017216 seconds, Stopping threads took: 0.0007683 seconds
[2022-06-13T02:17:16.539+0000][1][safepoint    ] Application time: 1.0001716 seconds
[2022-06-13T02:17:16.540+0000][1][safepoint    ] Entering safepoint region: Cleanup
[2022-06-13T02:17:16.541+0000][1][safepoint    ] Leaving safepoint region
[2022-06-13T02:17:16.541+0000][1][safepoint    ] Total time for which application threads were stopped: 0.0012182 seconds, Stopping threads took: 0.0005161 seconds
[2022-06-13T02:17:17.542+0000][1][safepoint    ] Application time: 1.0001848 seconds
[2022-06-13T02:17:17.543+0000][1][safepoint    ] Entering safepoint region: Cleanup
[2022-06-13T02:17:17.543+0000][1][safepoint    ] Leaving safepoint region
[2022-06-13T02:17:17.544+0000][1][safepoint    ] Total time for which application threads were stopped: 0.0010239 seconds, Stopping threads took: 0.0005149 seconds
[2022-06-13T02:17:18.544+0000][1][safepoint    ] Application time: 1.0003532 seconds
[2022-06-13T02:17:18.545+0000][1][safepoint    ] Entering safepoint region: Cleanup
[2022-06-13T02:17:18.546+0000][1][safepoint    ] Leaving safepoint region
[2022-06-13T02:17:18.546+0000][1][safepoint    ] Total time for which application threads were stopped: 0.0013379 seconds, Stopping threads took: 0.0006536 seconds
[2022-06-13T02:17:19.547+0000][1][safepoint    ] Application time: 1.0002162 seconds
[2022-06-13T02:17:19.548+0000][1][safepoint    ] Entering safepoint region: Cleanup
[2022-06-13T02:17:19.548+0000][1][safepoint    ] Leaving safepoint region
[2022-06-13T02:17:19.549+0000][1][safepoint    ] Total time for which application threads were stopped: 0.0010616 seconds, Stopping threads took: 0.0005442 seconds
[2022-06-13T02:17:20.549+0000][1][safepoint    ] Application time: 1.0001442 seconds
[2022-06-13T02:17:20.549+0000][1][safepoint    ] Entering safepoint region: Cleanup
[2022-06-13T02:17:20.550+0000][1][safepoint    ] Leaving safepoint region
[2022-06-13T02:17:20.550+0000][1][safepoint    ] Total time for which application threads were stopped: 0.0004151 seconds, Stopping threads took: 0.0001631 seconds
[2022-06-13T02:17:21.550+0000][1][safepoint    ] Application time: 1.0001333 seconds
[2022-06-13T02:17:21.550+0000][1][safepoint    ] Entering safepoint region: Cleanup
[2022-06-13T02:17:21.551+0000][1][safepoint    ] Leaving safepoint region
[2022-06-13T02:17:21.551+0000][1][safepoint    ] Total time for which application threads were stopped: 0.0004553 seconds, Stopping threads took: 0.0001735 seconds
[2022-06-13T02:17:22.551+0000][1][safepoint    ] Application time: 1.0002576 seconds
[2022-06-13T02:17:22.552+0000][1][safepoint    ] Entering safepoint region: Cleanup
[2022-06-13T02:17:22.553+0000][1][safepoint    ] Leaving safepoint region
[2022-06-13T02:17:22.554+0000][1][safepoint    ] Total time for which application threads were stopped: 0.0017189 seconds, Stopping threads took: 0.0007773 seconds
[2022-06-13T02:17:23.555+0000][1][safepoint    ] Application time: 1.0002962 seconds
[2022-06-13T02:17:23.555+0000][1][safepoint    ] Entering safepoint region: Cleanup
[2022-06-13T02:17:23.556+0000][1][safepoint    ] Leaving safepoint region
[2022-06-13T02:17:23.556+0000][1][safepoint    ] Total time for which application threads were stopped: 0.0008537 seconds, Stopping threads took: 0.0005077 seconds
[2022-06-13T02:17:24.557+0000][1][safepoint    ] Application time: 1.0001679 seconds
[2022-06-13T02:17:24.557+0000][1][safepoint    ] Entering safepoint region: Cleanup
[2022-06-13T02:17:24.557+0000][1][safepoint    ] Leaving safepoint region
[2022-06-13T02:17:24.557+0000][1][safepoint    ] Total time for which application threads were stopped: 0.0003395 seconds, Stopping threads took: 0.0001498 seconds
[2022-06-13T02:17:25.557+0000][1][safepoint    ] Application time: 1.0001334 seconds
[2022-06-13T02:17:25.558+0000][1][safepoint    ] Entering safepoint region: Cleanup
[2022-06-13T02:17:25.559+0000][1][safepoint    ] Leaving safepoint region
[2022-06-13T02:17:25.560+0000][1][safepoint    ] Total time for which application threads were stopped: 0.0016697 seconds, Stopping threads took: 0.0007340 seconds
[2022-06-13T02:17:26.561+0000][1][safepoint    ] Application time: 1.0002815 seconds
[2022-06-13T02:17:26.561+0000][1][safepoint    ] Entering safepoint region: Cleanup
[2022-06-13T02:17:26.561+0000][1][safepoint    ] Leaving safepoint region
[2022-06-13T02:17:26.562+0000][1][safepoint    ] Total time for which application threads were stopped: 0.0005387 seconds, Stopping threads took: 0.0001876 seconds
[2022-06-13T02:17:27.563+0000][1][safepoint    ] Application time: 1.0009701 seconds
[2022-06-13T02:17:27.563+0000][1][safepoint    ] Entering safepoint region: Cleanup
[2022-06-13T02:17:27.564+0000][1][safepoint    ] Leaving safepoint region
[2022-06-13T02:17:27.564+0000][1][safepoint    ] Total time for which application threads were stopped: 0.0004835 seconds, Stopping threads took: 0.0002606 seconds
[2022-06-13T02:17:28.564+0000][1][safepoint    ] Application time: 1.0001496 seconds
[2022-06-13T02:17:28.564+0000][1][safepoint    ] Entering safepoint region: Cleanup
[2022-06-13T02:17:28.565+0000][1][safepoint    ] Leaving safepoint region
[2022-06-13T02:17:28.565+0000][1][safepoint    ] Total time for which application threads were stopped: 0.0003929 seconds, Stopping threads took: 0.0001457 seconds
[2022-06-13T02:17:29.565+0000][1][safepoint    ] Application time: 1.0001112 seconds
[2022-06-13T02:17:29.565+0000][1][safepoint    ] Entering safepoint region: Cleanup
[2022-06-13T02:17:29.566+0000][1][safepoint    ] Leaving safepoint region
[2022-06-13T02:17:29.566+0000][1][safepoint    ] Total time for which application threads were stopped: 0.0003843 seconds, Stopping threads took: 0.0001821 seconds
[2022-06-13T02:17:30.566+0000][1][safepoint    ] Application time: 1.0002221 seconds
[2022-06-13T02:17:30.567+0000][1][safepoint    ] Entering safepoint region: Cleanup
[2022-06-13T02:17:30.567+0000][1][safepoint    ] Leaving safepoint region
[2022-06-13T02:17:30.568+0000][1][safepoint    ] Total time for which application threads were stopped: 0.0011710 seconds, Stopping threads took: 0.0005896 seconds
[2022-06-13T02:17:31.569+0000][1][safepoint    ] Application time: 1.0003001 seconds
[2022-06-13T02:17:31.569+0000][1][safepoint    ] Entering safepoint region: Cleanup
[2022-06-13T02:17:31.570+0000][1][safepoint    ] Leaving safepoint region
[2022-06-13T02:17:31.570+0000][1][safepoint    ] Total time for which application threads were stopped: 0.0011462 seconds, Stopping threads took: 0.0004515 seconds
[2022-06-13T02:17:32.571+0000][1][safepoint    ] Application time: 1.0003750 seconds
[2022-06-13T02:17:32.572+0000][1][safepoint    ] Entering safepoint region: Cleanup
[2022-06-13T02:17:32.573+0000][1][safepoint    ] Leaving safepoint region
[2022-06-13T02:17:32.573+0000][1][safepoint    ] Total time for which application threads were stopped: 0.0014872 seconds, Stopping threads took: 0.0007110 seconds
[2022-06-13T02:17:33.574+0000][1][safepoint    ] Application time: 1.0002072 seconds
[2022-06-13T02:17:33.575+0000][1][safepoint    ] Entering safepoint region: Cleanup
[2022-06-13T02:17:33.575+0000][1][safepoint    ] Leaving safepoint region
[2022-06-13T02:17:33.575+0000][1][safepoint    ] Total time for which application threads were stopped: 0.0008351 seconds, Stopping threads took: 0.0003929 seconds
[2022-06-13T02:17:34.576+0000][1][safepoint    ] Application time: 1.0001983 seconds
[2022-06-13T02:17:34.576+0000][1][safepoint    ] Entering safepoint region: Cleanup
[2022-06-13T02:17:34.577+0000][1][safepoint    ] Leaving safepoint region
[2022-06-13T02:17:34.577+0000][1][safepoint    ] Total time for which application threads were stopped: 0.0008098 seconds, Stopping threads took: 0.0003570 seconds
[2022-06-13T02:17:35.578+0000][1][safepoint    ] Application time: 1.0002488 seconds
[2022-06-13T02:17:35.578+0000][1][safepoint    ] Entering safepoint region: Cleanup
[2022-06-13T02:17:35.579+0000][1][safepoint    ] Leaving safepoint region
[2022-06-13T02:17:35.580+0000][1][safepoint    ] Total time for which application threads were stopped: 0.0015160 seconds, Stopping threads took: 0.0007426 seconds
[2022-06-13T02:17:36.581+0000][1][safepoint    ] Application time: 1.0003494 seconds
[2022-06-13T02:17:36.581+0000][1][safepoint    ] Entering safepoint region: Cleanup
[2022-06-13T02:17:36.582+0000][1][safepoint    ] Leaving safepoint region
[2022-06-13T02:17:36.583+0000][1][safepoint    ] Total time for which application threads were stopped: 0.0011262 seconds, Stopping threads took: 0.0005430 seconds
[2022-06-13T02:17:37.583+0000][1][safepoint    ] Application time: 1.0002229 seconds
[2022-06-13T02:17:37.584+0000][1][safepoint    ] Entering safepoint region: Cleanup
[2022-06-13T02:17:37.584+0000][1][safepoint    ] Leaving safepoint region
[2022-06-13T02:17:37.585+0000][1][safepoint    ] Total time for which application threads were stopped: 0.0009675 seconds, Stopping threads took: 0.0004484 seconds
[2022-06-13T02:17:38.585+0000][1][safepoint    ] Application time: 1.0001767 seconds
[2022-06-13T02:17:38.586+0000][1][safepoint    ] Entering safepoint region: Cleanup
[2022-06-13T02:17:38.586+0000][1][safepoint    ] Leaving safepoint region
[2022-06-13T02:17:38.586+0000][1][safepoint    ] Total time for which application threads were stopped: 0.0005881 seconds, Stopping threads took: 0.0002260 seconds
[2022-06-13T02:17:39.587+0000][1][safepoint    ] Application time: 1.0003309 seconds
[2022-06-13T02:17:39.587+0000][1][safepoint    ] Entering safepoint region: Cleanup
[2022-06-13T02:17:39.588+0000][1][safepoint    ] Leaving safepoint region
[2022-06-13T02:17:39.589+0000][1][safepoint    ] Total time for which application threads were stopped: 0.0011973 seconds, Stopping threads took: 0.0005506 seconds
[2022-06-13T02:17:40.589+0000][1][safepoint    ] Application time: 1.0001481 seconds
[2022-06-13T02:17:40.590+0000][1][safepoint    ] Entering safepoint region: Cleanup
[2022-06-13T02:17:40.590+0000][1][safepoint    ] Leaving safepoint region
[2022-06-13T02:17:40.590+0000][1][safepoint    ] Total time for which application threads were stopped: 0.0007927 seconds, Stopping threads took: 0.0003820 seconds
[2022-06-13T02:17:41.591+0000][1][safepoint    ] Application time: 1.0003446 seconds
[2022-06-13T02:17:41.592+0000][1][safepoint    ] Entering safepoint region: Cleanup
[2022-06-13T02:17:41.592+0000][1][safepoint    ] Leaving safepoint region
[2022-06-13T02:17:41.593+0000][1][safepoint    ] Total time for which application threads were stopped: 0.0009408 seconds, Stopping threads took: 0.0004671 seconds
[2022-06-13T02:17:42.593+0000][1][safepoint    ] Application time: 1.0003348 seconds
[2022-06-13T02:17:42.594+0000][1][safepoint    ] Entering safepoint region: Cleanup
[2022-06-13T02:17:42.595+0000][1][safepoint    ] Leaving safepoint region
[2022-06-13T02:17:42.595+0000][1][safepoint    ] Total time for which application threads were stopped: 0.0010737 seconds, Stopping threads took: 0.0004829 seconds
[2022-06-13T02:17:43.596+0000][1][safepoint    ] Application time: 1.0002117 seconds
[2022-06-13T02:17:43.597+0000][1][safepoint    ] Entering safepoint region: Cleanup
[2022-06-13T02:17:43.597+0000][1][safepoint    ] Leaving safepoint region
[2022-06-13T02:17:43.598+0000][1][safepoint    ] Total time for which application threads were stopped: 0.0014331 seconds, Stopping threads took: 0.0006396 seconds
[2022-06-13T02:17:44.599+0000][1][safepoint    ] Application time: 1.0001757 seconds
[2022-06-13T02:17:44.599+0000][1][safepoint    ] Entering safepoint region: Cleanup
[2022-06-13T02:17:44.600+0000][1][safepoint    ] Leaving safepoint region
[2022-06-13T02:17:44.600+0000][1][safepoint    ] Total time for which application threads were stopped: 0.0008630 seconds, Stopping threads took: 0.0003622 seconds
[2022-06-13T02:17:45.601+0000][1][safepoint    ] Application time: 1.0002453 seconds
[2022-06-13T02:17:45.601+0000][1][safepoint    ] Entering safepoint region: Cleanup
[2022-06-13T02:17:45.602+0000][1][safepoint    ] Leaving safepoint region
[2022-06-13T02:17:45.602+0000][1][safepoint    ] Total time for which application threads were stopped: 0.0009792 seconds, Stopping threads took: 0.0004996 seconds
[2022-06-13T02:17:46.603+0000][1][safepoint    ] Application time: 1.0001359 seconds
[2022-06-13T02:17:46.603+0000][1][safepoint    ] Entering safepoint region: Cleanup
[2022-06-13T02:17:46.603+0000][1][safepoint    ] Leaving safepoint region
[2022-06-13T02:17:46.604+0000][1][safepoint    ] Total time for which application threads were stopped: 0.0007117 seconds, Stopping threads took: 0.0001589 seconds
[2022-06-13T02:17:47.604+0000][1][safepoint    ] Application time: 1.0001690 seconds
[2022-06-13T02:17:47.604+0000][1][safepoint    ] Entering safepoint region: Cleanup
[2022-06-13T02:17:47.605+0000][1][safepoint    ] Leaving safepoint region
[2022-06-13T02:17:47.605+0000][1][safepoint    ] Total time for which application threads were stopped: 0.0006485 seconds, Stopping threads took: 0.0002395 seconds
[2022-06-13T02:17:48.605+0000][1][safepoint    ] Application time: 1.0002053 seconds
[2022-06-13T02:17:48.606+0000][1][safepoint    ] Entering safepoint region: Cleanup
[2022-06-13T02:17:48.607+0000][1][safepoint    ] Leaving safepoint region
[2022-06-13T02:17:48.607+0000][1][safepoint    ] Total time for which application threads were stopped: 0.0011996 seconds, Stopping threads took: 0.0006216 seconds
[2022-06-13T02:17:49.608+0000][1][safepoint    ] Application time: 1.0001451 seconds
[2022-06-13T02:17:49.608+0000][1][safepoint    ] Entering safepoint region: Cleanup
[2022-06-13T02:17:49.609+0000][1][safepoint    ] Leaving safepoint region
[2022-06-13T02:17:49.609+0000][1][safepoint    ] Total time for which application threads were stopped: 0.0006525 seconds, Stopping threads took: 0.0003834 seconds
[2022-06-13T02:17:50.446+0000][1][safepoint    ] Application time: 0.8372144 seconds
[2022-06-13T02:17:50.446+0000][1][safepoint    ] Entering safepoint region: GenCollectForAllocation
[2022-06-13T02:17:50.447+0000][1][gc,start     ] GC(24) Pause Young (Allocation Failure)
[2022-06-13T02:17:50.447+0000][1][gc,task      ] GC(24) Using 5 workers of 13 for evacuation
[2022-06-13T02:17:50.448+0000][1][gc,age       ] GC(24) Desired survivor size 4456448 bytes, new threshold 6 (max threshold 6)
[2022-06-13T02:17:50.448+0000][1][gc,age       ] GC(24) Age table with threshold 6 (max threshold 6)
[2022-06-13T02:17:50.449+0000][1][gc,age       ] GC(24) - age   1:      48344 bytes,      48344 total
[2022-06-13T02:17:50.449+0000][1][gc,age       ] GC(24) - age   2:      79208 bytes,     127552 total
[2022-06-13T02:17:50.449+0000][1][gc,age       ] GC(24) - age   3:     859072 bytes,     986624 total
[2022-06-13T02:17:50.449+0000][1][gc,heap      ] GC(24) ParNew: 73471K->1570K(78656K)
[2022-06-13T02:17:50.449+0000][1][gc,heap      ] GC(24) CMS: 68164K->68164K(174784K)
[2022-06-13T02:17:50.449+0000][1][gc,metaspace ] GC(24) Metaspace: 65254K->65254K(1110016K)
[2022-06-13T02:17:50.449+0000][1][gc           ] GC(24) Pause Young (Allocation Failure) 138M->68M(247M) 2.554ms
[2022-06-13T02:17:50.449+0000][1][gc,cpu       ] GC(24) User=0.01s Sys=0.00s Real=0.01s
[2022-06-13T02:17:50.450+0000][1][safepoint    ] Leaving safepoint region
[2022-06-13T02:17:50.450+0000][1][safepoint    ] Total time for which application threads were stopped: 0.0031969 seconds, Stopping threads took: 0.0002330 seconds
[2022-06-13T02:17:51.450+0000][1][safepoint    ] Application time: 1.0001810 seconds
[2022-06-13T02:17:51.450+0000][1][safepoint    ] Entering safepoint region: Cleanup
[2022-06-13T02:17:51.451+0000][1][safepoint    ] Leaving safepoint region
[2022-06-13T02:17:51.451+0000][1][safepoint    ] Total time for which application threads were stopped: 0.0008184 seconds, Stopping threads took: 0.0002739 seconds
[2022-06-13T02:17:52.452+0000][1][safepoint    ] Application time: 1.0001557 seconds
[2022-06-13T02:17:52.452+0000][1][safepoint    ] Entering safepoint region: Cleanup
[2022-06-13T02:17:52.452+0000][1][safepoint    ] Leaving safepoint region
[2022-06-13T02:17:52.452+0000][1][safepoint    ] Total time for which application threads were stopped: 0.0004389 seconds, Stopping threads took: 0.0001422 seconds
[2022-06-13T02:17:53.453+0000][1][safepoint    ] Application time: 1.0002557 seconds
[2022-06-13T02:17:53.453+0000][1][safepoint    ] Entering safepoint region: Cleanup
[2022-06-13T02:17:53.453+0000][1][safepoint    ] Leaving safepoint region
[2022-06-13T02:17:53.453+0000][1][safepoint    ] Total time for which application threads were stopped: 0.0005161 seconds, Stopping threads took: 0.0002879 seconds
[2022-06-13T02:17:54.454+0000][1][safepoint    ] Application time: 1.0001554 seconds
[2022-06-13T02:17:54.454+0000][1][safepoint    ] Entering safepoint region: Cleanup
[2022-06-13T02:17:54.454+0000][1][safepoint    ] Leaving safepoint region
[2022-06-13T02:17:54.455+0000][1][safepoint    ] Total time for which application threads were stopped: 0.0005521 seconds, Stopping threads took: 0.0001549 seconds
[2022-06-13T02:17:55.455+0000][1][safepoint    ] Application time: 1.0001451 seconds
[2022-06-13T02:17:55.456+0000][1][safepoint    ] Entering safepoint region: Cleanup
[2022-06-13T02:17:55.456+0000][1][safepoint    ] Leaving safepoint region
[2022-06-13T02:17:55.456+0000][1][safepoint    ] Total time for which application threads were stopped: 0.0007372 seconds, Stopping threads took: 0.0003830 seconds
[2022-06-13T02:17:56.457+0000][1][safepoint    ] Application time: 1.0001434 seconds
[2022-06-13T02:17:56.457+0000][1][safepoint    ] Entering safepoint region: Cleanup
[2022-06-13T02:17:56.458+0000][1][safepoint    ] Leaving safepoint region
[2022-06-13T02:17:56.458+0000][1][safepoint    ] Total time for which application threads were stopped: 0.0008171 seconds, Stopping threads took: 0.0002467 seconds
[2022-06-13T02:17:57.458+0000][1][safepoint    ] Application time: 1.0001435 seconds
[2022-06-13T02:17:57.459+0000][1][safepoint    ] Entering safepoint region: Cleanup
[2022-06-13T02:17:57.459+0000][1][safepoint    ] Leaving safepoint region
[2022-06-13T02:17:57.460+0000][1][safepoint    ] Total time for which application threads were stopped: 0.0008763 seconds, Stopping threads took: 0.0002146 seconds
[2022-06-13T02:17:58.460+0000][1][safepoint    ] Application time: 1.0002071 seconds
[2022-06-13T02:17:58.461+0000][1][safepoint    ] Entering safepoint region: Cleanup
[2022-06-13T02:17:58.461+0000][1][safepoint    ] Leaving safepoint region
[2022-06-13T02:17:58.462+0000][1][safepoint    ] Total time for which application threads were stopped: 0.0010150 seconds, Stopping threads took: 0.0005033 seconds
[2022-06-13T02:17:59.463+0000][1][safepoint    ] Application time: 1.0002545 seconds
[2022-06-13T02:17:59.463+0000][1][safepoint    ] Entering safepoint region: Cleanup
[2022-06-13T02:17:59.463+0000][1][safepoint    ] Leaving safepoint region
[2022-06-13T02:17:59.464+0000][1][safepoint    ] Total time for which application threads were stopped: 0.0006010 seconds, Stopping threads took: 0.0003690 seconds
[2022-06-13T02:18:00.464+0000][1][safepoint    ] Application time: 1.0001760 seconds
[2022-06-13T02:18:00.464+0000][1][safepoint    ] Entering safepoint region: Cleanup
[2022-06-13T02:18:00.465+0000][1][safepoint    ] Leaving safepoint region
[2022-06-13T02:18:00.465+0000][1][safepoint    ] Total time for which application threads were stopped: 0.0005408 seconds, Stopping threads took: 0.0002427 seconds
[2022-06-13T02:18:01.465+0000][1][safepoint    ] Application time: 1.0002183 seconds
[2022-06-13T02:18:01.466+0000][1][safepoint    ] Entering safepoint region: Cleanup
[2022-06-13T02:18:01.466+0000][1][safepoint    ] Leaving safepoint region
[2022-06-13T02:18:01.467+0000][1][safepoint    ] Total time for which application threads were stopped: 0.0008870 seconds, Stopping threads took: 0.0004182 seconds
[2022-06-13T02:18:02.467+0000][1][safepoint    ] Application time: 1.0002064 seconds
[2022-06-13T02:18:02.468+0000][1][safepoint    ] Entering safepoint region: Cleanup
[2022-06-13T02:18:02.468+0000][1][safepoint    ] Leaving safepoint region
[2022-06-13T02:18:02.469+0000][1][safepoint    ] Total time for which application threads were stopped: 0.0007938 seconds, Stopping threads took: 0.0004635 seconds
[2022-06-13T02:18:03.469+0000][1][safepoint    ] Application time: 1.0002619 seconds
[2022-06-13T02:18:03.470+0000][1][safepoint    ] Entering safepoint region: Cleanup
[2022-06-13T02:18:03.471+0000][1][safepoint    ] Leaving safepoint region
[2022-06-13T02:18:03.471+0000][1][safepoint    ] Total time for which application threads were stopped: 0.0015769 seconds, Stopping threads took: 0.0007668 seconds
[2022-06-13T02:18:04.472+0000][1][safepoint    ] Application time: 1.0002929 seconds
[2022-06-13T02:18:04.473+0000][1][safepoint    ] Entering safepoint region: Cleanup
[2022-06-13T02:18:04.473+0000][1][safepoint    ] Leaving safepoint region
[2022-06-13T02:18:04.474+0000][1][safepoint    ] Total time for which application threads were stopped: 0.0007824 seconds, Stopping threads took: 0.0003589 seconds
[2022-06-13T02:18:05.474+0000][1][safepoint    ] Application time: 1.0002099 seconds
[2022-06-13T02:18:05.475+0000][1][safepoint    ] Entering safepoint region: Cleanup
[2022-06-13T02:18:05.476+0000][1][safepoint    ] Leaving safepoint region
[2022-06-13T02:18:05.476+0000][1][safepoint    ] Total time for which application threads were stopped: 0.0012280 seconds, Stopping threads took: 0.0006105 seconds
[2022-06-13T02:18:06.477+0000][1][safepoint    ] Application time: 1.0001915 seconds
[2022-06-13T02:18:06.478+0000][1][safepoint    ] Entering safepoint region: Cleanup
[2022-06-13T02:18:06.478+0000][1][safepoint    ] Leaving safepoint region
[2022-06-13T02:18:06.478+0000][1][safepoint    ] Total time for which application threads were stopped: 0.0009165 seconds, Stopping threads took: 0.0004466 seconds
[2022-06-13T02:18:07.479+0000][1][safepoint    ] Application time: 1.0003661 seconds
[2022-06-13T02:18:07.480+0000][1][safepoint    ] Entering safepoint region: Cleanup
[2022-06-13T02:18:07.481+0000][1][safepoint    ] Leaving safepoint region
[2022-06-13T02:18:07.481+0000][1][safepoint    ] Total time for which application threads were stopped: 0.0013101 seconds, Stopping threads took: 0.0005774 seconds
[2022-06-13T02:18:08.482+0000][1][safepoint    ] Application time: 1.0002702 seconds
[2022-06-13T02:18:08.483+0000][1][safepoint    ] Entering safepoint region: Cleanup
[2022-06-13T02:18:08.483+0000][1][safepoint    ] Leaving safepoint region
[2022-06-13T02:18:08.484+0000][1][safepoint    ] Total time for which application threads were stopped: 0.0009324 seconds, Stopping threads took: 0.0006139 seconds
[2022-06-13T02:18:09.484+0000][1][safepoint    ] Application time: 1.0000771 seconds
[2022-06-13T02:18:09.484+0000][1][safepoint    ] Entering safepoint region: Cleanup
[2022-06-13T02:18:09.485+0000][1][safepoint    ] Leaving safepoint region
[2022-06-13T02:18:09.485+0000][1][safepoint    ] Total time for which application threads were stopped: 0.0007951 seconds, Stopping threads took: 0.0003781 seconds
[2022-06-13T02:18:10.486+0000][1][safepoint    ] Application time: 1.0001338 seconds
[2022-06-13T02:18:10.487+0000][1][safepoint    ] Entering safepoint region: Cleanup
[2022-06-13T02:18:10.487+0000][1][safepoint    ] Leaving safepoint region
[2022-06-13T02:18:10.488+0000][1][safepoint    ] Total time for which application threads were stopped: 0.0012082 seconds, Stopping threads took: 0.0006556 seconds
[2022-06-13T02:18:11.488+0000][1][safepoint    ] Application time: 1.0001117 seconds
[2022-06-13T02:18:11.489+0000][1][safepoint    ] Entering safepoint region: Cleanup
[2022-06-13T02:18:11.489+0000][1][safepoint    ] Leaving safepoint region
[2022-06-13T02:18:11.489+0000][1][safepoint    ] Total time for which application threads were stopped: 0.0006909 seconds, Stopping threads took: 0.0003562 seconds
[2022-06-13T02:18:12.490+0000][1][safepoint    ] Application time: 1.0002196 seconds
[2022-06-13T02:18:12.491+0000][1][safepoint    ] Entering safepoint region: Cleanup
[2022-06-13T02:18:12.491+0000][1][safepoint    ] Leaving safepoint region
[2022-06-13T02:18:12.492+0000][1][safepoint    ] Total time for which application threads were stopped: 0.0009743 seconds, Stopping threads took: 0.0004693 seconds
[2022-06-13T02:18:13.492+0000][1][safepoint    ] Application time: 1.0003400 seconds
[2022-06-13T02:18:13.493+0000][1][safepoint    ] Entering safepoint region: Cleanup
[2022-06-13T02:18:13.493+0000][1][safepoint    ] Leaving safepoint region
[2022-06-13T02:18:13.494+0000][1][safepoint    ] Total time for which application threads were stopped: 0.0009841 seconds, Stopping threads took: 0.0004402 seconds
[2022-06-13T02:18:14.495+0000][1][safepoint    ] Application time: 1.0002289 seconds
[2022-06-13T02:18:14.495+0000][1][safepoint    ] Entering safepoint region: Cleanup
[2022-06-13T02:18:14.496+0000][1][safepoint    ] Leaving safepoint region
[2022-06-13T02:18:14.496+0000][1][safepoint    ] Total time for which application threads were stopped: 0.0009042 seconds, Stopping threads took: 0.0004076 seconds
[2022-06-13T02:18:15.497+0000][1][safepoint    ] Application time: 1.0001452 seconds
[2022-06-13T02:18:15.497+0000][1][safepoint    ] Entering safepoint region: Cleanup
[2022-06-13T02:18:15.498+0000][1][safepoint    ] Leaving safepoint region
[2022-06-13T02:18:15.498+0000][1][safepoint    ] Total time for which application threads were stopped: 0.0009553 seconds, Stopping threads took: 0.0002962 seconds
[2022-06-13T02:18:16.499+0000][1][safepoint    ] Application time: 1.0002305 seconds
[2022-06-13T02:18:16.499+0000][1][safepoint    ] Entering safepoint region: Cleanup
[2022-06-13T02:18:16.500+0000][1][safepoint    ] Leaving safepoint region
[2022-06-13T02:18:16.500+0000][1][safepoint    ] Total time for which application threads were stopped: 0.0009233 seconds, Stopping threads took: 0.0004278 seconds
[2022-06-13T02:18:17.501+0000][1][safepoint    ] Application time: 1.0002943 seconds
[2022-06-13T02:18:17.502+0000][1][safepoint    ] Entering safepoint region: Cleanup
[2022-06-13T02:18:17.502+0000][1][safepoint    ] Leaving safepoint region
[2022-06-13T02:18:17.502+0000][1][safepoint    ] Total time for which application threads were stopped: 0.0005820 seconds, Stopping threads took: 0.0002030 seconds
[2022-06-13T02:18:18.503+0000][1][safepoint    ] Application time: 1.0002683 seconds
[2022-06-13T02:18:18.503+0000][1][safepoint    ] Entering safepoint region: Cleanup
[2022-06-13T02:18:18.504+0000][1][safepoint    ] Leaving safepoint region
[2022-06-13T02:18:18.504+0000][1][safepoint    ] Total time for which application threads were stopped: 0.0008632 seconds, Stopping threads took: 0.0003919 seconds
[2022-06-13T02:18:19.505+0000][1][safepoint    ] Application time: 1.0001874 seconds
[2022-06-13T02:18:19.505+0000][1][safepoint    ] Entering safepoint region: Cleanup
[2022-06-13T02:18:19.506+0000][1][safepoint    ] Leaving safepoint region
[2022-06-13T02:18:19.506+0000][1][safepoint    ] Total time for which application threads were stopped: 0.0008070 seconds, Stopping threads took: 0.0003875 seconds
[2022-06-13T02:18:20.507+0000][1][safepoint    ] Application time: 1.0002285 seconds
[2022-06-13T02:18:20.507+0000][1][safepoint    ] Entering safepoint region: Cleanup
[2022-06-13T02:18:20.508+0000][1][safepoint    ] Leaving safepoint region
[2022-06-13T02:18:20.508+0000][1][safepoint    ] Total time for which application threads were stopped: 0.0012321 seconds, Stopping threads took: 0.0003853 seconds
[2022-06-13T02:18:21.509+0000][1][safepoint    ] Application time: 1.0001538 seconds
[2022-06-13T02:18:21.510+0000][1][safepoint    ] Entering safepoint region: Cleanup
[2022-06-13T02:18:21.510+0000][1][safepoint    ] Leaving safepoint region
[2022-06-13T02:18:21.510+0000][1][safepoint    ] Total time for which application threads were stopped: 0.0007795 seconds, Stopping threads took: 0.0003411 seconds
[2022-06-13T02:18:22.511+0000][1][safepoint    ] Application time: 1.0001205 seconds
[2022-06-13T02:18:22.511+0000][1][safepoint    ] Entering safepoint region: Cleanup
[2022-06-13T02:18:22.512+0000][1][safepoint    ] Leaving safepoint region
[2022-06-13T02:18:22.512+0000][1][safepoint    ] Total time for which application threads were stopped: 0.0008096 seconds, Stopping threads took: 0.0003889 seconds
[2022-06-13T02:18:23.513+0000][1][safepoint    ] Application time: 1.0002640 seconds
[2022-06-13T02:18:23.514+0000][1][safepoint    ] Entering safepoint region: Cleanup
[2022-06-13T02:18:23.514+0000][1][safepoint    ] Leaving safepoint region
[2022-06-13T02:18:23.515+0000][1][safepoint    ] Total time for which application threads were stopped: 0.0010328 seconds, Stopping threads took: 0.0004577 seconds
[2022-06-13T02:18:24.515+0000][1][safepoint    ] Application time: 1.0003476 seconds
[2022-06-13T02:18:24.516+0000][1][safepoint    ] Entering safepoint region: Cleanup
[2022-06-13T02:18:24.516+0000][1][safepoint    ] Leaving safepoint region
[2022-06-13T02:18:24.517+0000][1][safepoint    ] Total time for which application threads were stopped: 0.0008761 seconds, Stopping threads took: 0.0004333 seconds
[2022-06-13T02:18:25.518+0000][1][safepoint    ] Application time: 1.0003086 seconds
[2022-06-13T02:18:25.518+0000][1][safepoint    ] Entering safepoint region: Cleanup
[2022-06-13T02:18:25.518+0000][1][safepoint    ] Leaving safepoint region
[2022-06-13T02:18:25.519+0000][1][safepoint    ] Total time for which application threads were stopped: 0.0007484 seconds, Stopping threads took: 0.0003845 seconds
[2022-06-13T02:18:26.519+0000][1][safepoint    ] Application time: 1.0002592 seconds
[2022-06-13T02:18:26.520+0000][1][safepoint    ] Entering safepoint region: Cleanup
[2022-06-13T02:18:26.521+0000][1][safepoint    ] Leaving safepoint region
[2022-06-13T02:18:26.521+0000][1][safepoint    ] Total time for which application threads were stopped: 0.0011861 seconds, Stopping threads took: 0.0005802 seconds
[2022-06-13T02:18:27.522+0000][1][safepoint    ] Application time: 1.0001469 seconds
[2022-06-13T02:18:27.522+0000][1][safepoint    ] Entering safepoint region: Cleanup
[2022-06-13T02:18:27.523+0000][1][safepoint    ] Leaving safepoint region
[2022-06-13T02:18:27.523+0000][1][safepoint    ] Total time for which application threads were stopped: 0.0007050 seconds, Stopping threads took: 0.0003496 seconds
[2022-06-13T02:18:28.523+0000][1][safepoint    ] Application time: 1.0003451 seconds
[2022-06-13T02:18:28.524+0000][1][safepoint    ] Entering safepoint region: Cleanup
[2022-06-13T02:18:28.525+0000][1][safepoint    ] Leaving safepoint region
[2022-06-13T02:18:28.525+0000][1][safepoint    ] Total time for which application threads were stopped: 0.0009888 seconds, Stopping threads took: 0.0004455 seconds
[2022-06-13T02:18:29.526+0000][1][safepoint    ] Application time: 1.0003118 seconds
[2022-06-13T02:18:29.526+0000][1][safepoint    ] Entering safepoint region: Cleanup
[2022-06-13T02:18:29.527+0000][1][safepoint    ] Leaving safepoint region
[2022-06-13T02:18:29.527+0000][1][safepoint    ] Total time for which application threads were stopped: 0.0008718 seconds, Stopping threads took: 0.0004165 seconds
[2022-06-13T02:18:30.528+0000][1][safepoint    ] Application time: 1.0002548 seconds
[2022-06-13T02:18:30.528+0000][1][safepoint    ] Entering safepoint region: Cleanup
[2022-06-13T02:18:30.529+0000][1][safepoint    ] Leaving safepoint region
[2022-06-13T02:18:30.529+0000][1][safepoint    ] Total time for which application threads were stopped: 0.0008233 seconds, Stopping threads took: 0.0003177 seconds
[2022-06-13T02:18:31.530+0000][1][safepoint    ] Application time: 1.0001873 seconds
[2022-06-13T02:18:31.531+0000][1][safepoint    ] Entering safepoint region: Cleanup
[2022-06-13T02:18:31.531+0000][1][safepoint    ] Leaving safepoint region
[2022-06-13T02:18:31.531+0000][1][safepoint    ] Total time for which application threads were stopped: 0.0008508 seconds, Stopping threads took: 0.0004117 seconds
[2022-06-13T02:18:32.532+0000][1][safepoint    ] Application time: 1.0003713 seconds
[2022-06-13T02:18:32.533+0000][1][safepoint    ] Entering safepoint region: Cleanup
[2022-06-13T02:18:32.533+0000][1][safepoint    ] Leaving safepoint region
[2022-06-13T02:18:32.534+0000][1][safepoint    ] Total time for which application threads were stopped: 0.0009183 seconds, Stopping threads took: 0.0004145 seconds
[2022-06-13T02:18:33.534+0000][1][safepoint    ] Application time: 1.0003052 seconds
[2022-06-13T02:18:33.535+0000][1][safepoint    ] Entering safepoint region: Cleanup
[2022-06-13T02:18:33.535+0000][1][safepoint    ] Leaving safepoint region
[2022-06-13T02:18:33.536+0000][1][safepoint    ] Total time for which application threads were stopped: 0.0005736 seconds, Stopping threads took: 0.0002246 seconds
[2022-06-13T02:18:34.536+0000][1][safepoint    ] Application time: 1.0002589 seconds
[2022-06-13T02:18:34.537+0000][1][safepoint    ] Entering safepoint region: Cleanup
[2022-06-13T02:18:34.537+0000][1][safepoint    ] Leaving safepoint region
[2022-06-13T02:18:34.538+0000][1][safepoint    ] Total time for which application threads were stopped: 0.0008447 seconds, Stopping threads took: 0.0004167 seconds
[2022-06-13T02:18:35.538+0000][1][safepoint    ] Application time: 1.0002793 seconds
[2022-06-13T02:18:35.539+0000][1][safepoint    ] Entering safepoint region: Cleanup
[2022-06-13T02:18:35.539+0000][1][safepoint    ] Leaving safepoint region
[2022-06-13T02:18:35.540+0000][1][safepoint    ] Total time for which application threads were stopped: 0.0009926 seconds, Stopping threads took: 0.0003904 seconds
[2022-06-13T02:18:36.541+0000][1][safepoint    ] Application time: 1.0002283 seconds
[2022-06-13T02:18:36.541+0000][1][safepoint    ] Entering safepoint region: Cleanup
[2022-06-13T02:18:36.542+0000][1][safepoint    ] Leaving safepoint region
[2022-06-13T02:18:36.543+0000][1][safepoint    ] Total time for which application threads were stopped: 0.0015570 seconds, Stopping threads took: 0.0008683 seconds
[2022-06-13T02:18:37.543+0000][1][safepoint    ] Application time: 1.0002014 seconds
[2022-06-13T02:18:37.544+0000][1][safepoint    ] Entering safepoint region: Cleanup
[2022-06-13T02:18:37.545+0000][1][safepoint    ] Leaving safepoint region
[2022-06-13T02:18:37.545+0000][1][safepoint    ] Total time for which application threads were stopped: 0.0009638 seconds, Stopping threads took: 0.0004185 seconds
[2022-06-13T02:18:38.546+0000][1][safepoint    ] Application time: 1.0002980 seconds
[2022-06-13T02:18:38.546+0000][1][safepoint    ] Entering safepoint region: Cleanup
[2022-06-13T02:18:38.547+0000][1][safepoint    ] Leaving safepoint region
[2022-06-13T02:18:38.547+0000][1][safepoint    ] Total time for which application threads were stopped: 0.0009330 seconds, Stopping threads took: 0.0004292 seconds
[2022-06-13T02:18:39.548+0000][1][safepoint    ] Application time: 1.0001559 seconds
[2022-06-13T02:18:39.548+0000][1][safepoint    ] Entering safepoint region: Cleanup
[2022-06-13T02:18:39.549+0000][1][safepoint    ] Leaving safepoint region
[2022-06-13T02:18:39.549+0000][1][safepoint    ] Total time for which application threads were stopped: 0.0010769 seconds, Stopping threads took: 0.0006131 seconds
[2022-06-13T02:18:40.550+0000][1][safepoint    ] Application time: 1.0001494 seconds
[2022-06-13T02:18:40.550+0000][1][safepoint    ] Entering safepoint region: Cleanup
[2022-06-13T02:18:40.551+0000][1][safepoint    ] Leaving safepoint region
[2022-06-13T02:18:40.551+0000][1][safepoint    ] Total time for which application threads were stopped: 0.0005872 seconds, Stopping threads took: 0.0002638 seconds
[2022-06-13T02:18:41.551+0000][1][safepoint    ] Application time: 1.0001777 seconds
[2022-06-13T02:18:41.552+0000][1][safepoint    ] Entering safepoint region: Cleanup
[2022-06-13T02:18:41.553+0000][1][safepoint    ] Leaving safepoint region
[2022-06-13T02:18:41.553+0000][1][safepoint    ] Total time for which application threads were stopped: 0.0010167 seconds, Stopping threads took: 0.0004593 seconds
[2022-06-13T02:18:42.554+0000][1][safepoint    ] Application time: 1.0002642 seconds
[2022-06-13T02:18:42.554+0000][1][safepoint    ] Entering safepoint region: Cleanup
[2022-06-13T02:18:42.555+0000][1][safepoint    ] Leaving safepoint region
[2022-06-13T02:18:42.555+0000][1][safepoint    ] Total time for which application threads were stopped: 0.0008708 seconds, Stopping threads took: 0.0004557 seconds
[2022-06-13T02:18:43.556+0000][1][safepoint    ] Application time: 1.0003552 seconds
[2022-06-13T02:18:43.556+0000][1][safepoint    ] Entering safepoint region: Cleanup
[2022-06-13T02:18:43.557+0000][1][safepoint    ] Leaving safepoint region
[2022-06-13T02:18:43.557+0000][1][safepoint    ] Total time for which application threads were stopped: 0.0008843 seconds, Stopping threads took: 0.0004215 seconds
[2022-06-13T02:18:44.558+0000][1][safepoint    ] Application time: 1.0002458 seconds
[2022-06-13T02:18:44.558+0000][1][safepoint    ] Entering safepoint region: Cleanup
[2022-06-13T02:18:44.559+0000][1][safepoint    ] Leaving safepoint region
[2022-06-13T02:18:44.559+0000][1][safepoint    ] Total time for which application threads were stopped: 0.0009302 seconds, Stopping threads took: 0.0004652 seconds
[2022-06-13T02:18:45.560+0000][1][safepoint    ] Application time: 1.0002025 seconds
[2022-06-13T02:18:45.561+0000][1][safepoint    ] Entering safepoint region: Cleanup
[2022-06-13T02:18:45.561+0000][1][safepoint    ] Leaving safepoint region
[2022-06-13T02:18:45.562+0000][1][safepoint    ] Total time for which application threads were stopped: 0.0009197 seconds, Stopping threads took: 0.0004351 seconds
[2022-06-13T02:18:46.562+0000][1][safepoint    ] Application time: 1.0001568 seconds
[2022-06-13T02:18:46.563+0000][1][safepoint    ] Entering safepoint region: Cleanup
[2022-06-13T02:18:46.563+0000][1][safepoint    ] Leaving safepoint region
[2022-06-13T02:18:46.563+0000][1][safepoint    ] Total time for which application threads were stopped: 0.0007512 seconds, Stopping threads took: 0.0004709 seconds
[2022-06-13T02:18:47.564+0000][1][safepoint    ] Application time: 1.0002782 seconds
[2022-06-13T02:18:47.564+0000][1][safepoint    ] Entering safepoint region: Cleanup
[2022-06-13T02:18:47.565+0000][1][safepoint    ] Leaving safepoint region
[2022-06-13T02:18:47.565+0000][1][safepoint    ] Total time for which application threads were stopped: 0.0008120 seconds, Stopping threads took: 0.0003701 seconds
[2022-06-13T02:18:48.566+0000][1][safepoint    ] Application time: 1.0003275 seconds
[2022-06-13T02:18:48.567+0000][1][safepoint    ] Entering safepoint region: Cleanup
[2022-06-13T02:18:48.567+0000][1][safepoint    ] Leaving safepoint region
[2022-06-13T02:18:48.568+0000][1][safepoint    ] Total time for which application threads were stopped: 0.0010021 seconds, Stopping threads took: 0.0004356 seconds
[2022-06-13T02:18:49.568+0000][1][safepoint    ] Application time: 1.0003112 seconds
[2022-06-13T02:18:49.569+0000][1][safepoint    ] Entering safepoint region: Cleanup
[2022-06-13T02:18:49.570+0000][1][safepoint    ] Leaving safepoint region
[2022-06-13T02:18:49.570+0000][1][safepoint    ] Total time for which application threads were stopped: 0.0011242 seconds, Stopping threads took: 0.0005631 seconds
[2022-06-13T02:18:50.571+0000][1][safepoint    ] Application time: 1.0004136 seconds
[2022-06-13T02:18:50.572+0000][1][safepoint    ] Entering safepoint region: Cleanup
[2022-06-13T02:18:50.572+0000][1][safepoint    ] Leaving safepoint region
[2022-06-13T02:18:50.573+0000][1][safepoint    ] Total time for which application threads were stopped: 0.0009381 seconds, Stopping threads took: 0.0004635 seconds
[2022-06-13T02:18:51.573+0000][1][safepoint    ] Application time: 1.0002799 seconds
[2022-06-13T02:18:51.574+0000][1][safepoint    ] Entering safepoint region: Cleanup
[2022-06-13T02:18:51.574+0000][1][safepoint    ] Leaving safepoint region
[2022-06-13T02:18:51.575+0000][1][safepoint    ] Total time for which application threads were stopped: 0.0008921 seconds, Stopping threads took: 0.0004360 seconds
[2022-06-13T02:18:52.575+0000][1][safepoint    ] Application time: 1.0002864 seconds
[2022-06-13T02:18:52.576+0000][1][safepoint    ] Entering safepoint region: Cleanup
[2022-06-13T02:18:52.577+0000][1][safepoint    ] Leaving safepoint region
[2022-06-13T02:18:52.577+0000][1][safepoint    ] Total time for which application threads were stopped: 0.0010066 seconds, Stopping threads took: 0.0004985 seconds
[2022-06-13T02:18:53.578+0000][1][safepoint    ] Application time: 1.0002230 seconds
[2022-06-13T02:18:53.578+0000][1][safepoint    ] Entering safepoint region: Cleanup
[2022-06-13T02:18:53.579+0000][1][safepoint    ] Leaving safepoint region
[2022-06-13T02:18:53.579+0000][1][safepoint    ] Total time for which application threads were stopped: 0.0008115 seconds, Stopping threads took: 0.0004008 seconds
[2022-06-13T02:18:54.580+0000][1][safepoint    ] Application time: 1.0003163 seconds
[2022-06-13T02:18:54.581+0000][1][safepoint    ] Entering safepoint region: Cleanup
[2022-06-13T02:18:54.581+0000][1][safepoint    ] Leaving safepoint region
[2022-06-13T02:18:54.582+0000][1][safepoint    ] Total time for which application threads were stopped: 0.0012611 seconds, Stopping threads took: 0.0005944 seconds
[2022-06-13T02:18:55.583+0000][1][safepoint    ] Application time: 1.0002207 seconds
[2022-06-13T02:18:55.583+0000][1][safepoint    ] Entering safepoint region: Cleanup
[2022-06-13T02:18:55.584+0000][1][safepoint    ] Leaving safepoint region
[2022-06-13T02:18:55.584+0000][1][safepoint    ] Total time for which application threads were stopped: 0.0009604 seconds, Stopping threads took: 0.0005606 seconds
[2022-06-13T02:18:56.585+0000][1][safepoint    ] Application time: 1.0001904 seconds
[2022-06-13T02:18:56.585+0000][1][safepoint    ] Entering safepoint region: Cleanup
[2022-06-13T02:18:56.586+0000][1][safepoint    ] Leaving safepoint region
[2022-06-13T02:18:56.586+0000][1][safepoint    ] Total time for which application threads were stopped: 0.0010057 seconds, Stopping threads took: 0.0004736 seconds
[2022-06-13T02:18:57.587+0000][1][safepoint    ] Application time: 1.0002100 seconds
[2022-06-13T02:18:57.587+0000][1][safepoint    ] Entering safepoint region: Cleanup
[2022-06-13T02:18:57.588+0000][1][safepoint    ] Leaving safepoint region
[2022-06-13T02:18:57.588+0000][1][safepoint    ] Total time for which application threads were stopped: 0.0006126 seconds, Stopping threads took: 0.0002939 seconds
[2022-06-13T02:18:58.588+0000][1][safepoint    ] Application time: 1.0001718 seconds
[2022-06-13T02:18:58.589+0000][1][safepoint    ] Entering safepoint region: Cleanup
[2022-06-13T02:18:58.589+0000][1][safepoint    ] Leaving safepoint region
[2022-06-13T02:18:58.590+0000][1][safepoint    ] Total time for which application threads were stopped: 0.0009871 seconds, Stopping threads took: 0.0004027 seconds
[2022-06-13T02:18:59.590+0000][1][safepoint    ] Application time: 1.0002333 seconds
[2022-06-13T02:18:59.591+0000][1][safepoint    ] Entering safepoint region: Cleanup
[2022-06-13T02:18:59.591+0000][1][safepoint    ] Leaving safepoint region
[2022-06-13T02:18:59.592+0000][1][safepoint    ] Total time for which application threads were stopped: 0.0010570 seconds, Stopping threads took: 0.0004421 seconds
[2022-06-13T02:19:00.592+0000][1][safepoint    ] Application time: 1.0002004 seconds
[2022-06-13T02:19:00.593+0000][1][safepoint    ] Entering safepoint region: Cleanup
[2022-06-13T02:19:00.593+0000][1][safepoint    ] Leaving safepoint region
[2022-06-13T02:19:00.594+0000][1][safepoint    ] Total time for which application threads were stopped: 0.0007354 seconds, Stopping threads took: 0.0003236 seconds
[2022-06-13T02:19:01.594+0000][1][safepoint    ] Application time: 1.0002160 seconds
[2022-06-13T02:19:01.595+0000][1][safepoint    ] Entering safepoint region: Cleanup
[2022-06-13T02:19:01.595+0000][1][safepoint    ] Leaving safepoint region
[2022-06-13T02:19:01.596+0000][1][safepoint    ] Total time for which application threads were stopped: 0.0010850 seconds, Stopping threads took: 0.0005389 seconds
[2022-06-13T02:19:02.596+0000][1][safepoint    ] Application time: 1.0002592 seconds
[2022-06-13T02:19:02.597+0000][1][safepoint    ] Entering safepoint region: Cleanup
[2022-06-13T02:19:02.597+0000][1][safepoint    ] Leaving safepoint region
[2022-06-13T02:19:02.598+0000][1][safepoint    ] Total time for which application threads were stopped: 0.0008443 seconds, Stopping threads took: 0.0003934 seconds
[2022-06-13T02:19:03.599+0000][1][safepoint    ] Application time: 1.0003047 seconds
[2022-06-13T02:19:03.599+0000][1][safepoint    ] Entering safepoint region: Cleanup
[2022-06-13T02:19:03.599+0000][1][safepoint    ] Leaving safepoint region
[2022-06-13T02:19:03.600+0000][1][safepoint    ] Total time for which application threads were stopped: 0.0007377 seconds, Stopping threads took: 0.0002759 seconds
[2022-06-13T02:19:04.600+0000][1][safepoint    ] Application time: 1.0002160 seconds
[2022-06-13T02:19:04.601+0000][1][safepoint    ] Entering safepoint region: Cleanup
[2022-06-13T02:19:04.602+0000][1][safepoint    ] Leaving safepoint region
[2022-06-13T02:19:04.602+0000][1][safepoint    ] Total time for which application threads were stopped: 0.0014868 seconds, Stopping threads took: 0.0007201 seconds
[2022-06-13T02:19:05.603+0000][1][safepoint    ] Application time: 1.0001636 seconds
[2022-06-13T02:19:05.604+0000][1][safepoint    ] Entering safepoint region: Cleanup
[2022-06-13T02:19:05.604+0000][1][safepoint    ] Leaving safepoint region
[2022-06-13T02:19:05.604+0000][1][safepoint    ] Total time for which application threads were stopped: 0.0007892 seconds, Stopping threads took: 0.0003819 seconds
[2022-06-13T02:19:06.605+0000][1][safepoint    ] Application time: 1.0001867 seconds
[2022-06-13T02:19:06.605+0000][1][safepoint    ] Entering safepoint region: Cleanup
[2022-06-13T02:19:06.606+0000][1][safepoint    ] Leaving safepoint region
[2022-06-13T02:19:06.607+0000][1][safepoint    ] Total time for which application threads were stopped: 0.0011130 seconds, Stopping threads took: 0.0005374 seconds
[2022-06-13T02:19:07.607+0000][1][safepoint    ] Application time: 1.0002293 seconds
[2022-06-13T02:19:07.608+0000][1][safepoint    ] Entering safepoint region: Cleanup
[2022-06-13T02:19:07.608+0000][1][safepoint    ] Leaving safepoint region
[2022-06-13T02:19:07.608+0000][1][safepoint    ] Total time for which application threads were stopped: 0.0006580 seconds, Stopping threads took: 0.0003212 seconds
[2022-06-13T02:19:08.609+0000][1][safepoint    ] Application time: 1.0002556 seconds
[2022-06-13T02:19:08.610+0000][1][safepoint    ] Entering safepoint region: Cleanup
[2022-06-13T02:19:08.610+0000][1][safepoint    ] Leaving safepoint region
[2022-06-13T02:19:08.610+0000][1][safepoint    ] Total time for which application threads were stopped: 0.0007673 seconds, Stopping threads took: 0.0003175 seconds
[2022-06-13T02:19:09.611+0000][1][safepoint    ] Application time: 1.0002856 seconds
[2022-06-13T02:19:09.612+0000][1][safepoint    ] Entering safepoint region: Cleanup
[2022-06-13T02:19:09.612+0000][1][safepoint    ] Leaving safepoint region
[2022-06-13T02:19:09.613+0000][1][safepoint    ] Total time for which application threads were stopped: 0.0011116 seconds, Stopping threads took: 0.0005080 seconds
[2022-06-13T02:19:10.613+0000][1][safepoint    ] Application time: 1.0002083 seconds
[2022-06-13T02:19:10.614+0000][1][safepoint    ] Entering safepoint region: Cleanup
[2022-06-13T02:19:10.614+0000][1][safepoint    ] Leaving safepoint region
[2022-06-13T02:19:10.614+0000][1][safepoint    ] Total time for which application threads were stopped: 0.0006454 seconds, Stopping threads took: 0.0002966 seconds
[2022-06-13T02:19:11.615+0000][1][safepoint    ] Application time: 1.0001862 seconds
[2022-06-13T02:19:11.615+0000][1][safepoint    ] Entering safepoint region: Cleanup
[2022-06-13T02:19:11.616+0000][1][safepoint    ] Leaving safepoint region
[2022-06-13T02:19:11.616+0000][1][safepoint    ] Total time for which application threads were stopped: 0.0008448 seconds, Stopping threads took: 0.0004075 seconds
[2022-06-13T02:19:12.617+0000][1][safepoint    ] Application time: 1.0001963 seconds
[2022-06-13T02:19:12.618+0000][1][safepoint    ] Entering safepoint region: Cleanup
[2022-06-13T02:19:12.618+0000][1][safepoint    ] Leaving safepoint region
[2022-06-13T02:19:12.619+0000][1][safepoint    ] Total time for which application threads were stopped: 0.0014831 seconds, Stopping threads took: 0.0006855 seconds
[2022-06-13T02:19:13.620+0000][1][safepoint    ] Application time: 1.0003434 seconds
[2022-06-13T02:19:13.620+0000][1][safepoint    ] Entering safepoint region: Cleanup
[2022-06-13T02:19:13.621+0000][1][safepoint    ] Leaving safepoint region
[2022-06-13T02:19:13.621+0000][1][safepoint    ] Total time for which application threads were stopped: 0.0007494 seconds, Stopping threads took: 0.0004070 seconds
[2022-06-13T02:19:14.622+0000][1][safepoint    ] Application time: 1.0002705 seconds
[2022-06-13T02:19:14.622+0000][1][safepoint    ] Entering safepoint region: Cleanup
[2022-06-13T02:19:14.623+0000][1][safepoint    ] Leaving safepoint region
[2022-06-13T02:19:14.623+0000][1][safepoint    ] Total time for which application threads were stopped: 0.0007606 seconds, Stopping threads took: 0.0004205 seconds
[2022-06-13T02:19:15.623+0000][1][safepoint    ] Application time: 1.0001761 seconds
[2022-06-13T02:19:15.624+0000][1][safepoint    ] Entering safepoint region: Cleanup
[2022-06-13T02:19:15.624+0000][1][safepoint    ] Leaving safepoint region
[2022-06-13T02:19:15.625+0000][1][safepoint    ] Total time for which application threads were stopped: 0.0008205 seconds, Stopping threads took: 0.0003838 seconds
[2022-06-13T02:19:16.625+0000][1][safepoint    ] Application time: 1.0002768 seconds
[2022-06-13T02:19:16.626+0000][1][safepoint    ] Entering safepoint region: Cleanup
[2022-06-13T02:19:16.626+0000][1][safepoint    ] Leaving safepoint region
[2022-06-13T02:19:16.626+0000][1][safepoint    ] Total time for which application threads were stopped: 0.0007628 seconds, Stopping threads took: 0.0003443 seconds
[2022-06-13T02:19:17.627+0000][1][safepoint    ] Application time: 1.0002101 seconds
[2022-06-13T02:19:17.628+0000][1][safepoint    ] Entering safepoint region: Cleanup
[2022-06-13T02:19:17.628+0000][1][safepoint    ] Leaving safepoint region
[2022-06-13T02:19:17.629+0000][1][safepoint    ] Total time for which application threads were stopped: 0.0009237 seconds, Stopping threads took: 0.0004420 seconds
[2022-06-13T02:19:18.629+0000][1][safepoint    ] Application time: 1.0002493 seconds
[2022-06-13T02:19:18.630+0000][1][safepoint    ] Entering safepoint region: Cleanup
[2022-06-13T02:19:18.631+0000][1][safepoint    ] Leaving safepoint region
[2022-06-13T02:19:18.631+0000][1][safepoint    ] Total time for which application threads were stopped: 0.0013501 seconds, Stopping threads took: 0.0006256 seconds
[2022-06-13T02:19:19.632+0000][1][safepoint    ] Application time: 1.0001982 seconds
[2022-06-13T02:19:19.632+0000][1][safepoint    ] Entering safepoint region: Cleanup
[2022-06-13T02:19:19.633+0000][1][safepoint    ] Leaving safepoint region
[2022-06-13T02:19:19.633+0000][1][safepoint    ] Total time for which application threads were stopped: 0.0004970 seconds, Stopping threads took: 0.0002159 seconds
[2022-06-13T02:19:20.633+0000][1][safepoint    ] Application time: 1.0001064 seconds
[2022-06-13T02:19:20.633+0000][1][safepoint    ] Entering safepoint region: Cleanup
[2022-06-13T02:19:20.634+0000][1][safepoint    ] Leaving safepoint region
[2022-06-13T02:19:20.634+0000][1][safepoint    ] Total time for which application threads were stopped: 0.0004104 seconds, Stopping threads took: 0.0001895 seconds
[2022-06-13T02:19:21.634+0000][1][safepoint    ] Application time: 1.0002226 seconds
[2022-06-13T02:19:21.635+0000][1][safepoint    ] Entering safepoint region: Cleanup
[2022-06-13T02:19:21.635+0000][1][safepoint    ] Leaving safepoint region
[2022-06-13T02:19:21.636+0000][1][safepoint    ] Total time for which application threads were stopped: 0.0010771 seconds, Stopping threads took: 0.0005994 seconds
[2022-06-13T02:19:22.636+0000][1][safepoint    ] Application time: 1.0003069 seconds
[2022-06-13T02:19:22.637+0000][1][safepoint    ] Entering safepoint region: Cleanup
[2022-06-13T02:19:22.638+0000][1][safepoint    ] Leaving safepoint region
[2022-06-13T02:19:22.638+0000][1][safepoint    ] Total time for which application threads were stopped: 0.0013275 seconds, Stopping threads took: 0.0005775 seconds
[2022-06-13T02:19:23.639+0000][1][safepoint    ] Application time: 1.0002704 seconds
[2022-06-13T02:19:23.640+0000][1][safepoint    ] Entering safepoint region: Cleanup
[2022-06-13T02:19:23.640+0000][1][safepoint    ] Leaving safepoint region
[2022-06-13T02:19:23.641+0000][1][safepoint    ] Total time for which application threads were stopped: 0.0010104 seconds, Stopping threads took: 0.0004642 seconds
[2022-06-13T02:19:24.641+0000][1][safepoint    ] Application time: 1.0002950 seconds
[2022-06-13T02:19:24.642+0000][1][safepoint    ] Entering safepoint region: Cleanup
[2022-06-13T02:19:24.643+0000][1][safepoint    ] Leaving safepoint region
[2022-06-13T02:19:24.643+0000][1][safepoint    ] Total time for which application threads were stopped: 0.0009779 seconds, Stopping threads took: 0.0004113 seconds
[2022-06-13T02:19:25.644+0000][1][safepoint    ] Application time: 1.0001917 seconds
[2022-06-13T02:19:25.644+0000][1][safepoint    ] Entering safepoint region: Cleanup
[2022-06-13T02:19:25.645+0000][1][safepoint    ] Leaving safepoint region
[2022-06-13T02:19:25.645+0000][1][safepoint    ] Total time for which application threads were stopped: 0.0009774 seconds, Stopping threads took: 0.0005300 seconds
[2022-06-13T02:19:26.646+0000][1][safepoint    ] Application time: 1.0001854 seconds
[2022-06-13T02:19:26.646+0000][1][safepoint    ] Entering safepoint region: Cleanup
[2022-06-13T02:19:26.647+0000][1][safepoint    ] Leaving safepoint region
[2022-06-13T02:19:26.647+0000][1][safepoint    ] Total time for which application threads were stopped: 0.0009184 seconds, Stopping threads took: 0.0004295 seconds
[2022-06-13T02:19:27.648+0000][1][safepoint    ] Application time: 1.0001095 seconds
[2022-06-13T02:19:27.648+0000][1][safepoint    ] Entering safepoint region: Cleanup
[2022-06-13T02:19:27.649+0000][1][safepoint    ] Leaving safepoint region
[2022-06-13T02:19:27.649+0000][1][safepoint    ] Total time for which application threads were stopped: 0.0010076 seconds, Stopping threads took: 0.0005135 seconds
[2022-06-13T02:19:28.649+0000][1][safepoint    ] Application time: 1.0002531 seconds
[2022-06-13T02:19:28.650+0000][1][safepoint    ] Entering safepoint region: Cleanup
[2022-06-13T02:19:28.651+0000][1][safepoint    ] Leaving safepoint region
[2022-06-13T02:19:28.651+0000][1][safepoint    ] Total time for which application threads were stopped: 0.0011116 seconds, Stopping threads took: 0.0004465 seconds
[2022-06-13T02:19:29.652+0000][1][safepoint    ] Application time: 1.0002659 seconds
[2022-06-13T02:19:29.653+0000][1][safepoint    ] Entering safepoint region: Cleanup
[2022-06-13T02:19:29.653+0000][1][safepoint    ] Leaving safepoint region
[2022-06-13T02:19:29.654+0000][1][safepoint    ] Total time for which application threads were stopped: 0.0011627 seconds, Stopping threads took: 0.0004897 seconds
[2022-06-13T02:19:30.655+0000][1][safepoint    ] Application time: 1.0003141 seconds
[2022-06-13T02:19:30.655+0000][1][safepoint    ] Entering safepoint region: Cleanup
[2022-06-13T02:19:30.656+0000][1][safepoint    ] Leaving safepoint region
[2022-06-13T02:19:30.656+0000][1][safepoint    ] Total time for which application threads were stopped: 0.0007987 seconds, Stopping threads took: 0.0004306 seconds
[2022-06-13T02:19:31.656+0000][1][safepoint    ] Application time: 1.0001885 seconds
[2022-06-13T02:19:31.657+0000][1][safepoint    ] Entering safepoint region: Cleanup
[2022-06-13T02:19:31.657+0000][1][safepoint    ] Leaving safepoint region
[2022-06-13T02:19:31.657+0000][1][safepoint    ] Total time for which application threads were stopped: 0.0005650 seconds, Stopping threads took: 0.0002338 seconds
[2022-06-13T02:19:32.658+0000][1][safepoint    ] Application time: 1.0002925 seconds
[2022-06-13T02:19:32.659+0000][1][safepoint    ] Entering safepoint region: Cleanup
[2022-06-13T02:19:32.659+0000][1][safepoint    ] Leaving safepoint region
[2022-06-13T02:19:32.659+0000][1][safepoint    ] Total time for which application threads were stopped: 0.0008980 seconds, Stopping threads took: 0.0004605 seconds
[2022-06-13T02:19:33.660+0000][1][safepoint    ] Application time: 1.0001854 seconds
[2022-06-13T02:19:33.661+0000][1][safepoint    ] Entering safepoint region: Cleanup
[2022-06-13T02:19:33.661+0000][1][safepoint    ] Leaving safepoint region
[2022-06-13T02:19:33.662+0000][1][safepoint    ] Total time for which application threads were stopped: 0.0009670 seconds, Stopping threads took: 0.0004843 seconds
[2022-06-13T02:19:34.662+0000][1][safepoint    ] Application time: 1.0002992 seconds
[2022-06-13T02:19:34.663+0000][1][safepoint    ] Entering safepoint region: Cleanup
[2022-06-13T02:19:34.664+0000][1][safepoint    ] Leaving safepoint region
[2022-06-13T02:19:34.664+0000][1][safepoint    ] Total time for which application threads were stopped: 0.0013408 seconds, Stopping threads took: 0.0006422 seconds
[2022-06-13T02:19:35.665+0000][1][safepoint    ] Application time: 1.0002206 seconds
[2022-06-13T02:19:35.666+0000][1][safepoint    ] Entering safepoint region: Cleanup
[2022-06-13T02:19:35.666+0000][1][safepoint    ] Leaving safepoint region
[2022-06-13T02:19:35.667+0000][1][safepoint    ] Total time for which application threads were stopped: 0.0008778 seconds, Stopping threads took: 0.0004078 seconds
[2022-06-13T02:19:36.667+0000][1][safepoint    ] Application time: 1.0002872 seconds
[2022-06-13T02:19:36.668+0000][1][safepoint    ] Entering safepoint region: Cleanup
[2022-06-13T02:19:36.669+0000][1][safepoint    ] Leaving safepoint region
[2022-06-13T02:19:36.669+0000][1][safepoint    ] Total time for which application threads were stopped: 0.0014828 seconds, Stopping threads took: 0.0005454 seconds
[2022-06-13T02:19:37.670+0000][1][safepoint    ] Application time: 1.0002204 seconds
[2022-06-13T02:19:37.671+0000][1][safepoint    ] Entering safepoint region: Cleanup
[2022-06-13T02:19:37.671+0000][1][safepoint    ] Leaving safepoint region
[2022-06-13T02:19:37.672+0000][1][safepoint    ] Total time for which application threads were stopped: 0.0008135 seconds, Stopping threads took: 0.0003957 seconds
[2022-06-13T02:19:38.672+0000][1][safepoint    ] Application time: 1.0003533 seconds
[2022-06-13T02:19:38.673+0000][1][safepoint    ] Entering safepoint region: Cleanup
[2022-06-13T02:19:38.674+0000][1][safepoint    ] Leaving safepoint region
[2022-06-13T02:19:38.674+0000][1][safepoint    ] Total time for which application threads were stopped: 0.0013653 seconds, Stopping threads took: 0.0005775 seconds
[2022-06-13T02:19:39.675+0000][1][safepoint    ] Application time: 1.0002672 seconds
[2022-06-13T02:19:39.676+0000][1][safepoint    ] Entering safepoint region: Cleanup
[2022-06-13T02:19:39.676+0000][1][safepoint    ] Leaving safepoint region
[2022-06-13T02:19:39.677+0000][1][safepoint    ] Total time for which application threads were stopped: 0.0009493 seconds, Stopping threads took: 0.0004070 seconds
[2022-06-13T02:19:40.677+0000][1][safepoint    ] Application time: 1.0002385 seconds
[2022-06-13T02:19:40.678+0000][1][safepoint    ] Entering safepoint region: Cleanup
[2022-06-13T02:19:40.679+0000][1][safepoint    ] Leaving safepoint region
[2022-06-13T02:19:40.680+0000][1][safepoint    ] Total time for which application threads were stopped: 0.0013730 seconds, Stopping threads took: 0.0006566 seconds
[2022-06-13T02:19:41.681+0000][1][safepoint    ] Application time: 1.0003800 seconds
[2022-06-13T02:19:41.681+0000][1][safepoint    ] Entering safepoint region: Cleanup
[2022-06-13T02:19:41.682+0000][1][safepoint    ] Leaving safepoint region
[2022-06-13T02:19:41.682+0000][1][safepoint    ] Total time for which application threads were stopped: 0.0006914 seconds, Stopping threads took: 0.0003195 seconds
[2022-06-13T02:19:42.682+0000][1][safepoint    ] Application time: 1.0002241 seconds
[2022-06-13T02:19:42.683+0000][1][safepoint    ] Entering safepoint region: Cleanup
[2022-06-13T02:19:42.683+0000][1][safepoint    ] Leaving safepoint region
[2022-06-13T02:19:42.683+0000][1][safepoint    ] Total time for which application threads were stopped: 0.0004350 seconds, Stopping threads took: 0.0001989 seconds
[2022-06-13T02:19:43.683+0000][1][safepoint    ] Application time: 1.0001891 seconds
[2022-06-13T02:19:43.684+0000][1][safepoint    ] Entering safepoint region: Cleanup
[2022-06-13T02:19:43.685+0000][1][safepoint    ] Leaving safepoint region
[2022-06-13T02:19:43.685+0000][1][safepoint    ] Total time for which application threads were stopped: 0.0010121 seconds, Stopping threads took: 0.0005698 seconds
[2022-06-13T02:19:44.686+0000][1][safepoint    ] Application time: 1.0003603 seconds
[2022-06-13T02:19:44.686+0000][1][safepoint    ] Entering safepoint region: Cleanup
[2022-06-13T02:19:44.687+0000][1][safepoint    ] Leaving safepoint region
[2022-06-13T02:19:44.687+0000][1][safepoint    ] Total time for which application threads were stopped: 0.0011832 seconds, Stopping threads took: 0.0006634 seconds
[2022-06-13T02:19:45.688+0000][1][safepoint    ] Application time: 1.0001683 seconds
[2022-06-13T02:19:45.688+0000][1][safepoint    ] Entering safepoint region: Cleanup
[2022-06-13T02:19:45.689+0000][1][safepoint    ] Leaving safepoint region
[2022-06-13T02:19:45.689+0000][1][safepoint    ] Total time for which application threads were stopped: 0.0004697 seconds, Stopping threads took: 0.0002121 seconds
[2022-06-13T02:19:46.689+0000][1][safepoint    ] Application time: 1.0002859 seconds
[2022-06-13T02:19:46.690+0000][1][safepoint    ] Entering safepoint region: Cleanup
[2022-06-13T02:19:46.691+0000][1][safepoint    ] Leaving safepoint region
[2022-06-13T02:19:46.692+0000][1][safepoint    ] Total time for which application threads were stopped: 0.0012616 seconds, Stopping threads took: 0.0006039 seconds
[2022-06-13T02:19:47.692+0000][1][safepoint    ] Application time: 1.0003334 seconds
[2022-06-13T02:19:47.693+0000][1][safepoint    ] Entering safepoint region: Cleanup
[2022-06-13T02:19:47.694+0000][1][safepoint    ] Leaving safepoint region
[2022-06-13T02:19:47.694+0000][1][safepoint    ] Total time for which application threads were stopped: 0.0013911 seconds, Stopping threads took: 0.0007597 seconds
[2022-06-13T02:19:48.695+0000][1][safepoint    ] Application time: 1.0002086 seconds
[2022-06-13T02:19:48.695+0000][1][safepoint    ] Entering safepoint region: Cleanup
[2022-06-13T02:19:48.695+0000][1][safepoint    ] Leaving safepoint region
[2022-06-13T02:19:48.695+0000][1][safepoint    ] Total time for which application threads were stopped: 0.0004637 seconds, Stopping threads took: 0.0002002 seconds
[2022-06-13T02:19:49.696+0000][1][safepoint    ] Application time: 1.0001752 seconds
[2022-06-13T02:19:49.696+0000][1][safepoint    ] Entering safepoint region: Cleanup
[2022-06-13T02:19:49.697+0000][1][safepoint    ] Leaving safepoint region
[2022-06-13T02:19:49.698+0000][1][safepoint    ] Total time for which application threads were stopped: 0.0012691 seconds, Stopping threads took: 0.0004882 seconds
[2022-06-13T02:19:50.698+0000][1][safepoint    ] Application time: 1.0002007 seconds
[2022-06-13T02:19:50.699+0000][1][safepoint    ] Entering safepoint region: Cleanup
[2022-06-13T02:19:50.699+0000][1][safepoint    ] Leaving safepoint region
[2022-06-13T02:19:50.699+0000][1][safepoint    ] Total time for which application threads were stopped: 0.0005860 seconds, Stopping threads took: 0.0002081 seconds
[2022-06-13T02:19:51.700+0000][1][safepoint    ] Application time: 1.0001973 seconds
[2022-06-13T02:19:51.700+0000][1][safepoint    ] Entering safepoint region: Cleanup
[2022-06-13T02:19:51.701+0000][1][safepoint    ] Leaving safepoint region
[2022-06-13T02:19:51.701+0000][1][safepoint    ] Total time for which application threads were stopped: 0.0008671 seconds, Stopping threads took: 0.0004107 seconds
[2022-06-13T02:19:52.702+0000][1][safepoint    ] Application time: 1.0002063 seconds
[2022-06-13T02:19:52.702+0000][1][safepoint    ] Entering safepoint region: Cleanup
[2022-06-13T02:19:52.703+0000][1][safepoint    ] Leaving safepoint region
[2022-06-13T02:19:52.703+0000][1][safepoint    ] Total time for which application threads were stopped: 0.0009580 seconds, Stopping threads took: 0.0004928 seconds
[2022-06-13T02:19:53.704+0000][1][safepoint    ] Application time: 1.0001950 seconds
[2022-06-13T02:19:53.704+0000][1][safepoint    ] Entering safepoint region: Cleanup
[2022-06-13T02:19:53.705+0000][1][safepoint    ] Leaving safepoint region
[2022-06-13T02:19:53.705+0000][1][safepoint    ] Total time for which application threads were stopped: 0.0010895 seconds, Stopping threads took: 0.0004272 seconds
[2022-06-13T02:19:54.706+0000][1][safepoint    ] Application time: 1.0001988 seconds
[2022-06-13T02:19:54.706+0000][1][safepoint    ] Entering safepoint region: Cleanup
[2022-06-13T02:19:54.707+0000][1][safepoint    ] Leaving safepoint region
[2022-06-13T02:19:54.707+0000][1][safepoint    ] Total time for which application threads were stopped: 0.0007668 seconds, Stopping threads took: 0.0003893 seconds
[2022-06-13T02:19:55.708+0000][1][safepoint    ] Application time: 1.0001883 seconds
[2022-06-13T02:19:55.708+0000][1][safepoint    ] Entering safepoint region: Cleanup
[2022-06-13T02:19:55.709+0000][1][safepoint    ] Leaving safepoint region
[2022-06-13T02:19:55.709+0000][1][safepoint    ] Total time for which application threads were stopped: 0.0008631 seconds, Stopping threads took: 0.0003373 seconds
[2022-06-13T02:19:56.710+0000][1][safepoint    ] Application time: 1.0002619 seconds
[2022-06-13T02:19:56.711+0000][1][safepoint    ] Entering safepoint region: Cleanup
[2022-06-13T02:19:56.711+0000][1][safepoint    ] Leaving safepoint region
[2022-06-13T02:19:56.712+0000][1][safepoint    ] Total time for which application threads were stopped: 0.0015004 seconds, Stopping threads took: 0.0006872 seconds
[2022-06-13T02:19:57.713+0000][1][safepoint    ] Application time: 1.0002791 seconds
[2022-06-13T02:19:57.714+0000][1][safepoint    ] Entering safepoint region: Cleanup
[2022-06-13T02:19:57.715+0000][1][safepoint    ] Leaving safepoint region
[2022-06-13T02:19:57.715+0000][1][safepoint    ] Total time for which application threads were stopped: 0.0013842 seconds, Stopping threads took: 0.0006622 seconds
[2022-06-13T02:19:58.716+0000][1][safepoint    ] Application time: 1.0001294 seconds
[2022-06-13T02:19:58.716+0000][1][safepoint    ] Entering safepoint region: Cleanup
[2022-06-13T02:19:58.716+0000][1][safepoint    ] Leaving safepoint region
[2022-06-13T02:19:58.716+0000][1][safepoint    ] Total time for which application threads were stopped: 0.0002807 seconds, Stopping threads took: 0.0001291 seconds
[2022-06-13T02:19:59.717+0000][1][safepoint    ] Application time: 1.0003507 seconds
[2022-06-13T02:19:59.717+0000][1][safepoint    ] Entering safepoint region: Cleanup
[2022-06-13T02:19:59.718+0000][1][safepoint    ] Leaving safepoint region
[2022-06-13T02:19:59.719+0000][1][safepoint    ] Total time for which application threads were stopped: 0.0014546 seconds, Stopping threads took: 0.0006438 seconds
[2022-06-13T02:20:00.719+0000][1][safepoint    ] Application time: 1.0001952 seconds
[2022-06-13T02:20:00.720+0000][1][safepoint    ] Entering safepoint region: Cleanup
[2022-06-13T02:20:00.720+0000][1][safepoint    ] Leaving safepoint region
[2022-06-13T02:20:00.720+0000][1][safepoint    ] Total time for which application threads were stopped: 0.0005895 seconds, Stopping threads took: 0.0002742 seconds
[2022-06-13T02:20:01.721+0000][1][safepoint    ] Application time: 1.0003815 seconds
[2022-06-13T02:20:01.722+0000][1][safepoint    ] Entering safepoint region: Cleanup
[2022-06-13T02:20:01.722+0000][1][safepoint    ] Leaving safepoint region
[2022-06-13T02:20:01.723+0000][1][safepoint    ] Total time for which application threads were stopped: 0.0013532 seconds, Stopping threads took: 0.0006163 seconds
[2022-06-13T02:20:02.724+0000][1][safepoint    ] Application time: 1.0002977 seconds
[2022-06-13T02:20:02.724+0000][1][safepoint    ] Entering safepoint region: Cleanup
[2022-06-13T02:20:02.725+0000][1][safepoint    ] Leaving safepoint region
[2022-06-13T02:20:02.725+0000][1][safepoint    ] Total time for which application threads were stopped: 0.0008393 seconds, Stopping threads took: 0.0003854 seconds
[2022-06-13T02:20:03.726+0000][1][safepoint    ] Application time: 1.0002379 seconds
[2022-06-13T02:20:03.726+0000][1][safepoint    ] Entering safepoint region: Cleanup
[2022-06-13T02:20:03.727+0000][1][safepoint    ] Leaving safepoint region
[2022-06-13T02:20:03.727+0000][1][safepoint    ] Total time for which application threads were stopped: 0.0007115 seconds, Stopping threads took: 0.0003290 seconds
[2022-06-13T02:20:04.727+0000][1][safepoint    ] Application time: 1.0002300 seconds
[2022-06-13T02:20:04.728+0000][1][safepoint    ] Entering safepoint region: Cleanup
[2022-06-13T02:20:04.728+0000][1][safepoint    ] Leaving safepoint region
[2022-06-13T02:20:04.729+0000][1][safepoint    ] Total time for which application threads were stopped: 0.0008120 seconds, Stopping threads took: 0.0003598 seconds
[2022-06-13T02:20:05.729+0000][1][safepoint    ] Application time: 1.0002049 seconds
[2022-06-13T02:20:05.730+0000][1][safepoint    ] Entering safepoint region: Cleanup
[2022-06-13T02:20:05.730+0000][1][safepoint    ] Leaving safepoint region
[2022-06-13T02:20:05.731+0000][1][safepoint    ] Total time for which application threads were stopped: 0.0007961 seconds, Stopping threads took: 0.0003358 seconds
[2022-06-13T02:20:06.731+0000][1][safepoint    ] Application time: 1.0002680 seconds
[2022-06-13T02:20:06.732+0000][1][safepoint    ] Entering safepoint region: Cleanup
[2022-06-13T02:20:06.733+0000][1][safepoint    ] Leaving safepoint region
[2022-06-13T02:20:06.733+0000][1][safepoint    ] Total time for which application threads were stopped: 0.0013366 seconds, Stopping threads took: 0.0005978 seconds
[2022-06-13T02:20:07.734+0000][1][safepoint    ] Application time: 1.0002678 seconds
[2022-06-13T02:20:07.735+0000][1][safepoint    ] Entering safepoint region: Cleanup
[2022-06-13T02:20:07.735+0000][1][safepoint    ] Leaving safepoint region
[2022-06-13T02:20:07.735+0000][1][safepoint    ] Total time for which application threads were stopped: 0.0009571 seconds, Stopping threads took: 0.0004096 seconds
[2022-06-13T02:20:08.736+0000][1][safepoint    ] Application time: 1.0003107 seconds
[2022-06-13T02:20:08.736+0000][1][safepoint    ] Entering safepoint region: Cleanup
[2022-06-13T02:20:08.737+0000][1][safepoint    ] Leaving safepoint region
[2022-06-13T02:20:08.737+0000][1][safepoint    ] Total time for which application threads were stopped: 0.0007188 seconds, Stopping threads took: 0.0002827 seconds
[2022-06-13T02:20:09.737+0000][1][safepoint    ] Application time: 1.0001564 seconds
[2022-06-13T02:20:09.738+0000][1][safepoint    ] Entering safepoint region: Cleanup
[2022-06-13T02:20:09.739+0000][1][safepoint    ] Leaving safepoint region
[2022-06-13T02:20:09.740+0000][1][safepoint    ] Total time for which application threads were stopped: 0.0014810 seconds, Stopping threads took: 0.0007205 seconds
[2022-06-13T02:20:10.740+0000][1][safepoint    ] Application time: 1.0001166 seconds
[2022-06-13T02:20:10.741+0000][1][safepoint    ] Entering safepoint region: Cleanup
[2022-06-13T02:20:10.741+0000][1][safepoint    ] Leaving safepoint region
[2022-06-13T02:20:10.742+0000][1][safepoint    ] Total time for which application threads were stopped: 0.0007827 seconds, Stopping threads took: 0.0003201 seconds
[2022-06-13T02:20:11.742+0000][1][safepoint    ] Application time: 1.0001013 seconds
[2022-06-13T02:20:11.742+0000][1][safepoint    ] Entering safepoint region: Cleanup
[2022-06-13T02:20:11.743+0000][1][safepoint    ] Leaving safepoint region
[2022-06-13T02:20:11.743+0000][1][safepoint    ] Total time for which application threads were stopped: 0.0006233 seconds, Stopping threads took: 0.0002526 seconds
[2022-06-13T02:20:12.744+0000][1][safepoint    ] Application time: 1.0002204 seconds
[2022-06-13T02:20:12.744+0000][1][safepoint    ] Entering safepoint region: Cleanup
[2022-06-13T02:20:12.745+0000][1][safepoint    ] Leaving safepoint region
[2022-06-13T02:20:12.745+0000][1][safepoint    ] Total time for which application threads were stopped: 0.0008929 seconds, Stopping threads took: 0.0004048 seconds
[2022-06-13T02:20:13.746+0000][1][safepoint    ] Application time: 1.0002278 seconds
[2022-06-13T02:20:13.746+0000][1][safepoint    ] Entering safepoint region: Cleanup
[2022-06-13T02:20:13.747+0000][1][safepoint    ] Leaving safepoint region
[2022-06-13T02:20:13.747+0000][1][safepoint    ] Total time for which application threads were stopped: 0.0007824 seconds, Stopping threads took: 0.0004146 seconds
[2022-06-13T02:20:14.748+0000][1][safepoint    ] Application time: 1.0001959 seconds
[2022-06-13T02:20:14.748+0000][1][safepoint    ] Entering safepoint region: Cleanup
[2022-06-13T02:20:14.749+0000][1][safepoint    ] Leaving safepoint region
[2022-06-13T02:20:14.749+0000][1][safepoint    ] Total time for which application threads were stopped: 0.0007678 seconds, Stopping threads took: 0.0004140 seconds
[2022-06-13T02:20:15.749+0000][1][safepoint    ] Application time: 1.0002054 seconds
[2022-06-13T02:20:15.750+0000][1][safepoint    ] Entering safepoint region: Cleanup
[2022-06-13T02:20:15.750+0000][1][safepoint    ] Leaving safepoint region
[2022-06-13T02:20:15.750+0000][1][safepoint    ] Total time for which application threads were stopped: 0.0006442 seconds, Stopping threads took: 0.0002722 seconds
[2022-06-13T02:20:16.751+0000][1][safepoint    ] Application time: 1.0001967 seconds
[2022-06-13T02:20:16.751+0000][1][safepoint    ] Entering safepoint region: Cleanup
[2022-06-13T02:20:16.752+0000][1][safepoint    ] Leaving safepoint region
[2022-06-13T02:20:16.752+0000][1][safepoint    ] Total time for which application threads were stopped: 0.0006605 seconds, Stopping threads took: 0.0003012 seconds
[2022-06-13T02:20:17.752+0000][1][safepoint    ] Application time: 1.0001053 seconds
[2022-06-13T02:20:17.753+0000][1][safepoint    ] Entering safepoint region: Cleanup
[2022-06-13T02:20:17.753+0000][1][safepoint    ] Leaving safepoint region
[2022-06-13T02:20:17.754+0000][1][safepoint    ] Total time for which application threads were stopped: 0.0008961 seconds, Stopping threads took: 0.0003723 seconds
[2022-06-13T02:20:18.754+0000][1][safepoint    ] Application time: 1.0002475 seconds
[2022-06-13T02:20:18.755+0000][1][safepoint    ] Entering safepoint region: Cleanup
[2022-06-13T02:20:18.756+0000][1][safepoint    ] Leaving safepoint region
[2022-06-13T02:20:18.756+0000][1][safepoint    ] Total time for which application threads were stopped: 0.0012385 seconds, Stopping threads took: 0.0005599 seconds
[2022-06-13T02:20:19.757+0000][1][safepoint    ] Application time: 1.0002237 seconds
[2022-06-13T02:20:19.758+0000][1][safepoint    ] Entering safepoint region: Cleanup
[2022-06-13T02:20:19.758+0000][1][safepoint    ] Leaving safepoint region
[2022-06-13T02:20:19.759+0000][1][safepoint    ] Total time for which application threads were stopped: 0.0008159 seconds, Stopping threads took: 0.0003837 seconds
[2022-06-13T02:20:20.759+0000][1][safepoint    ] Application time: 1.0001795 seconds
[2022-06-13T02:20:20.760+0000][1][safepoint    ] Entering safepoint region: Cleanup
[2022-06-13T02:20:20.760+0000][1][safepoint    ] Leaving safepoint region
[2022-06-13T02:20:20.760+0000][1][safepoint    ] Total time for which application threads were stopped: 0.0005816 seconds, Stopping threads took: 0.0002924 seconds
[2022-06-13T02:20:21.761+0000][1][safepoint    ] Application time: 1.0002311 seconds
[2022-06-13T02:20:21.761+0000][1][safepoint    ] Entering safepoint region: Cleanup
[2022-06-13T02:20:21.762+0000][1][safepoint    ] Leaving safepoint region
[2022-06-13T02:20:21.762+0000][1][safepoint    ] Total time for which application threads were stopped: 0.0007844 seconds, Stopping threads took: 0.0004319 seconds
[2022-06-13T02:20:22.762+0000][1][safepoint    ] Application time: 1.0002322 seconds
[2022-06-13T02:20:22.763+0000][1][safepoint    ] Entering safepoint region: Cleanup
[2022-06-13T02:20:22.763+0000][1][safepoint    ] Leaving safepoint region
[2022-06-13T02:20:22.764+0000][1][safepoint    ] Total time for which application threads were stopped: 0.0007790 seconds, Stopping threads took: 0.0003687 seconds
[2022-06-13T02:20:23.764+0000][1][safepoint    ] Application time: 1.0002167 seconds
[2022-06-13T02:20:23.765+0000][1][safepoint    ] Entering safepoint region: Cleanup
[2022-06-13T02:20:23.765+0000][1][safepoint    ] Leaving safepoint region
[2022-06-13T02:20:23.766+0000][1][safepoint    ] Total time for which application threads were stopped: 0.0011423 seconds, Stopping threads took: 0.0004964 seconds
[2022-06-13T02:20:24.766+0000][1][safepoint    ] Application time: 1.0001756 seconds
[2022-06-13T02:20:24.767+0000][1][safepoint    ] Entering safepoint region: Cleanup
[2022-06-13T02:20:24.767+0000][1][safepoint    ] Leaving safepoint region
[2022-06-13T02:20:24.768+0000][1][safepoint    ] Total time for which application threads were stopped: 0.0007625 seconds, Stopping threads took: 0.0003597 seconds
[2022-06-13T02:20:25.768+0000][1][safepoint    ] Application time: 1.0001773 seconds
[2022-06-13T02:20:25.769+0000][1][safepoint    ] Entering safepoint region: Cleanup
[2022-06-13T02:20:25.769+0000][1][safepoint    ] Leaving safepoint region
[2022-06-13T02:20:25.769+0000][1][safepoint    ] Total time for which application threads were stopped: 0.0007915 seconds, Stopping threads took: 0.0003905 seconds
[2022-06-13T02:20:26.770+0000][1][safepoint    ] Application time: 1.0001850 seconds
[2022-06-13T02:20:26.771+0000][1][safepoint    ] Entering safepoint region: Cleanup
[2022-06-13T02:20:26.771+0000][1][safepoint    ] Leaving safepoint region
[2022-06-13T02:20:26.772+0000][1][safepoint    ] Total time for which application threads were stopped: 0.0015309 seconds, Stopping threads took: 0.0007173 seconds
[2022-06-13T02:20:27.457+0000][1][safepoint    ] Application time: 0.6838212 seconds
[2022-06-13T02:20:27.457+0000][1][safepoint    ] Entering safepoint region: GenCollectForAllocation
[2022-06-13T02:20:27.457+0000][1][gc,start     ] GC(25) Pause Young (Allocation Failure)
[2022-06-13T02:20:27.457+0000][1][gc,task      ] GC(25) Using 5 workers of 13 for evacuation
[2022-06-13T02:20:27.459+0000][1][gc,age       ] GC(25) Desired survivor size 4456448 bytes, new threshold 6 (max threshold 6)
[2022-06-13T02:20:27.459+0000][1][gc,age       ] GC(25) Age table with threshold 6 (max threshold 6)
[2022-06-13T02:20:27.460+0000][1][gc,age       ] GC(25) - age   1:      32240 bytes,      32240 total
[2022-06-13T02:20:27.460+0000][1][gc,age       ] GC(25) - age   2:      34328 bytes,      66568 total
[2022-06-13T02:20:27.460+0000][1][gc,age       ] GC(25) - age   3:      79208 bytes,     145776 total
[2022-06-13T02:20:27.460+0000][1][gc,age       ] GC(25) - age   4:     859120 bytes,    1004896 total
[2022-06-13T02:20:27.461+0000][1][gc,heap      ] GC(25) ParNew: 71522K->1604K(78656K)
[2022-06-13T02:20:27.461+0000][1][gc,heap      ] GC(25) CMS: 68164K->68164K(174784K)
[2022-06-13T02:20:27.461+0000][1][gc,metaspace ] GC(25) Metaspace: 65283K->65283K(1110016K)
[2022-06-13T02:20:27.461+0000][1][gc           ] GC(25) Pause Young (Allocation Failure) 136M->68M(247M) 4.076ms
[2022-06-13T02:20:27.461+0000][1][gc,cpu       ] GC(25) User=0.01s Sys=0.00s Real=0.01s
[2022-06-13T02:20:27.462+0000][1][safepoint    ] Leaving safepoint region
[2022-06-13T02:20:27.462+0000][1][safepoint    ] Total time for which application threads were stopped: 0.0049302 seconds, Stopping threads took: 0.0002810 seconds
[2022-06-13T02:20:28.462+0000][1][safepoint    ] Application time: 1.0001322 seconds
[2022-06-13T02:20:28.462+0000][1][safepoint    ] Entering safepoint region: Cleanup
[2022-06-13T02:20:28.463+0000][1][safepoint    ] Leaving safepoint region
[2022-06-13T02:20:28.463+0000][1][safepoint    ] Total time for which application threads were stopped: 0.0008029 seconds, Stopping threads took: 0.0003194 seconds
[2022-06-13T02:20:29.464+0000][1][safepoint    ] Application time: 1.0003175 seconds
[2022-06-13T02:20:29.464+0000][1][safepoint    ] Entering safepoint region: Cleanup
[2022-06-13T02:20:29.465+0000][1][safepoint    ] Leaving safepoint region
[2022-06-13T02:20:29.465+0000][1][safepoint    ] Total time for which application threads were stopped: 0.0009567 seconds, Stopping threads took: 0.0004321 seconds
[2022-06-13T02:20:30.466+0000][1][safepoint    ] Application time: 1.0002226 seconds
[2022-06-13T02:20:30.466+0000][1][safepoint    ] Entering safepoint region: Cleanup
[2022-06-13T02:20:30.467+0000][1][safepoint    ] Leaving safepoint region
[2022-06-13T02:20:30.467+0000][1][safepoint    ] Total time for which application threads were stopped: 0.0012788 seconds, Stopping threads took: 0.0006190 seconds
[2022-06-13T02:20:31.468+0000][1][safepoint    ] Application time: 1.0003137 seconds
[2022-06-13T02:20:31.468+0000][1][safepoint    ] Entering safepoint region: Cleanup
[2022-06-13T02:20:31.469+0000][1][safepoint    ] Leaving safepoint region
[2022-06-13T02:20:31.469+0000][1][safepoint    ] Total time for which application threads were stopped: 0.0005409 seconds, Stopping threads took: 0.0002931 seconds
[2022-06-13T02:20:32.469+0000][1][safepoint    ] Application time: 1.0001260 seconds
[2022-06-13T02:20:32.470+0000][1][safepoint    ] Entering safepoint region: Cleanup
[2022-06-13T02:20:32.470+0000][1][safepoint    ] Leaving safepoint region
[2022-06-13T02:20:32.470+0000][1][safepoint    ] Total time for which application threads were stopped: 0.0007673 seconds, Stopping threads took: 0.0003328 seconds
[2022-06-13T02:20:33.471+0000][1][safepoint    ] Application time: 1.0002337 seconds
[2022-06-13T02:20:33.472+0000][1][safepoint    ] Entering safepoint region: Cleanup
[2022-06-13T02:20:33.472+0000][1][safepoint    ] Leaving safepoint region
[2022-06-13T02:20:33.472+0000][1][safepoint    ] Total time for which application threads were stopped: 0.0007383 seconds, Stopping threads took: 0.0003165 seconds
[2022-06-13T02:20:34.473+0000][1][safepoint    ] Application time: 1.0001220 seconds
[2022-06-13T02:20:34.473+0000][1][safepoint    ] Entering safepoint region: Cleanup
[2022-06-13T02:20:34.474+0000][1][safepoint    ] Leaving safepoint region
[2022-06-13T02:20:34.474+0000][1][safepoint    ] Total time for which application threads were stopped: 0.0008266 seconds, Stopping threads took: 0.0003709 seconds
[2022-06-13T02:20:35.475+0000][1][safepoint    ] Application time: 1.0002685 seconds
[2022-06-13T02:20:35.475+0000][1][safepoint    ] Entering safepoint region: Cleanup
[2022-06-13T02:20:35.476+0000][1][safepoint    ] Leaving safepoint region
[2022-06-13T02:20:35.476+0000][1][safepoint    ] Total time for which application threads were stopped: 0.0011412 seconds, Stopping threads took: 0.0005069 seconds
[2022-06-13T02:20:36.477+0000][1][safepoint    ] Application time: 1.0002369 seconds
[2022-06-13T02:20:36.477+0000][1][safepoint    ] Entering safepoint region: Cleanup
[2022-06-13T02:20:36.478+0000][1][safepoint    ] Leaving safepoint region
[2022-06-13T02:20:36.478+0000][1][safepoint    ] Total time for which application threads were stopped: 0.0008643 seconds, Stopping threads took: 0.0004074 seconds
[2022-06-13T02:20:37.479+0000][1][safepoint    ] Application time: 1.0002736 seconds
[2022-06-13T02:20:37.479+0000][1][safepoint    ] Entering safepoint region: Cleanup
[2022-06-13T02:20:37.480+0000][1][safepoint    ] Leaving safepoint region
[2022-06-13T02:20:37.480+0000][1][safepoint    ] Total time for which application threads were stopped: 0.0006119 seconds, Stopping threads took: 0.0002736 seconds
[2022-06-13T02:20:38.480+0000][1][safepoint    ] Application time: 1.0001825 seconds
[2022-06-13T02:20:38.481+0000][1][safepoint    ] Entering safepoint region: Cleanup
[2022-06-13T02:20:38.481+0000][1][safepoint    ] Leaving safepoint region
[2022-06-13T02:20:38.482+0000][1][safepoint    ] Total time for which application threads were stopped: 0.0009139 seconds, Stopping threads took: 0.0004376 seconds
[2022-06-13T02:20:39.482+0000][1][safepoint    ] Application time: 1.0003289 seconds
[2022-06-13T02:20:39.483+0000][1][safepoint    ] Entering safepoint region: Cleanup
[2022-06-13T02:20:39.483+0000][1][safepoint    ] Leaving safepoint region
[2022-06-13T02:20:39.484+0000][1][safepoint    ] Total time for which application threads were stopped: 0.0012573 seconds, Stopping threads took: 0.0005357 seconds
[2022-06-13T02:20:40.485+0000][1][safepoint    ] Application time: 1.0003221 seconds
[2022-06-13T02:20:40.485+0000][1][safepoint    ] Entering safepoint region: Cleanup
[2022-06-13T02:20:40.486+0000][1][safepoint    ] Leaving safepoint region
[2022-06-13T02:20:40.486+0000][1][safepoint    ] Total time for which application threads were stopped: 0.0007584 seconds, Stopping threads took: 0.0003409 seconds
[2022-06-13T02:20:41.487+0000][1][safepoint    ] Application time: 1.0003423 seconds
[2022-06-13T02:20:41.487+0000][1][safepoint    ] Entering safepoint region: Cleanup
[2022-06-13T02:20:41.488+0000][1][safepoint    ] Leaving safepoint region
[2022-06-13T02:20:41.488+0000][1][safepoint    ] Total time for which application threads were stopped: 0.0012298 seconds, Stopping threads took: 0.0005769 seconds
[2022-06-13T02:20:42.489+0000][1][safepoint    ] Application time: 1.0001503 seconds
[2022-06-13T02:20:42.489+0000][1][safepoint    ] Entering safepoint region: Cleanup
[2022-06-13T02:20:42.490+0000][1][safepoint    ] Leaving safepoint region
[2022-06-13T02:20:42.490+0000][1][safepoint    ] Total time for which application threads were stopped: 0.0007713 seconds, Stopping threads took: 0.0003473 seconds
[2022-06-13T02:20:43.491+0000][1][safepoint    ] Application time: 1.0001768 seconds
[2022-06-13T02:20:43.491+0000][1][safepoint    ] Entering safepoint region: Cleanup
[2022-06-13T02:20:43.492+0000][1][safepoint    ] Leaving safepoint region
[2022-06-13T02:20:43.492+0000][1][safepoint    ] Total time for which application threads were stopped: 0.0006433 seconds, Stopping threads took: 0.0002968 seconds
[2022-06-13T02:20:44.492+0000][1][safepoint    ] Application time: 1.0002788 seconds
[2022-06-13T02:20:44.493+0000][1][safepoint    ] Entering safepoint region: Cleanup
[2022-06-13T02:20:44.494+0000][1][safepoint    ] Leaving safepoint region
[2022-06-13T02:20:44.494+0000][1][safepoint    ] Total time for which application threads were stopped: 0.0011912 seconds, Stopping threads took: 0.0005027 seconds
[2022-06-13T02:20:45.495+0000][1][safepoint    ] Application time: 1.0001476 seconds
[2022-06-13T02:20:45.495+0000][1][safepoint    ] Entering safepoint region: Cleanup
[2022-06-13T02:20:45.496+0000][1][safepoint    ] Leaving safepoint region
[2022-06-13T02:20:45.496+0000][1][safepoint    ] Total time for which application threads were stopped: 0.0008030 seconds, Stopping threads took: 0.0003901 seconds
[2022-06-13T02:20:46.497+0000][1][safepoint    ] Application time: 1.0002017 seconds
[2022-06-13T02:20:46.497+0000][1][safepoint    ] Entering safepoint region: Cleanup
[2022-06-13T02:20:46.498+0000][1][safepoint    ] Leaving safepoint region
[2022-06-13T02:20:46.499+0000][1][safepoint    ] Total time for which application threads were stopped: 0.0011077 seconds, Stopping threads took: 0.0004359 seconds
[2022-06-13T02:20:47.499+0000][1][safepoint    ] Application time: 1.0001517 seconds
[2022-06-13T02:20:47.500+0000][1][safepoint    ] Entering safepoint region: Cleanup
[2022-06-13T02:20:47.500+0000][1][safepoint    ] Leaving safepoint region
[2022-06-13T02:20:47.500+0000][1][safepoint    ] Total time for which application threads were stopped: 0.0006190 seconds, Stopping threads took: 0.0002714 seconds
[2022-06-13T02:20:48.501+0000][1][safepoint    ] Application time: 1.0001601 seconds
[2022-06-13T02:20:48.501+0000][1][safepoint    ] Entering safepoint region: Cleanup
[2022-06-13T02:20:48.502+0000][1][safepoint    ] Leaving safepoint region
[2022-06-13T02:20:48.502+0000][1][safepoint    ] Total time for which application threads were stopped: 0.0007711 seconds, Stopping threads took: 0.0003474 seconds
[2022-06-13T02:20:49.502+0000][1][safepoint    ] Application time: 1.0001744 seconds
[2022-06-13T02:20:49.503+0000][1][safepoint    ] Entering safepoint region: Cleanup
[2022-06-13T02:20:49.504+0000][1][safepoint    ] Leaving safepoint region
[2022-06-13T02:20:49.504+0000][1][safepoint    ] Total time for which application threads were stopped: 0.0010406 seconds, Stopping threads took: 0.0005617 seconds
[2022-06-13T02:20:50.505+0000][1][safepoint    ] Application time: 1.0002321 seconds
[2022-06-13T02:20:50.505+0000][1][safepoint    ] Entering safepoint region: Cleanup
[2022-06-13T02:20:50.506+0000][1][safepoint    ] Leaving safepoint region
[2022-06-13T02:20:50.506+0000][1][safepoint    ] Total time for which application threads were stopped: 0.0006866 seconds, Stopping threads took: 0.0002882 seconds
[2022-06-13T02:20:51.507+0000][1][safepoint    ] Application time: 1.0001138 seconds
[2022-06-13T02:20:51.507+0000][1][safepoint    ] Entering safepoint region: Cleanup
[2022-06-13T02:20:51.507+0000][1][safepoint    ] Leaving safepoint region
[2022-06-13T02:20:51.508+0000][1][safepoint    ] Total time for which application threads were stopped: 0.0007610 seconds, Stopping threads took: 0.0003560 seconds
[2022-06-13T02:20:52.508+0000][1][safepoint    ] Application time: 1.0001766 seconds
[2022-06-13T02:20:52.509+0000][1][safepoint    ] Entering safepoint region: Cleanup
[2022-06-13T02:20:52.509+0000][1][safepoint    ] Leaving safepoint region
[2022-06-13T02:20:52.510+0000][1][safepoint    ] Total time for which application threads were stopped: 0.0010742 seconds, Stopping threads took: 0.0006121 seconds
[2022-06-13T02:20:53.511+0000][1][safepoint    ] Application time: 1.0003817 seconds
[2022-06-13T02:20:53.511+0000][1][safepoint    ] Entering safepoint region: Cleanup
[2022-06-13T02:20:53.512+0000][1][safepoint    ] Leaving safepoint region
[2022-06-13T02:20:53.512+0000][1][safepoint    ] Total time for which application threads were stopped: 0.0007079 seconds, Stopping threads took: 0.0003096 seconds
[2022-06-13T02:20:54.512+0000][1][safepoint    ] Application time: 1.0002006 seconds
[2022-06-13T02:20:54.513+0000][1][safepoint    ] Entering safepoint region: Cleanup
[2022-06-13T02:20:54.513+0000][1][safepoint    ] Leaving safepoint region
[2022-06-13T02:20:54.513+0000][1][safepoint    ] Total time for which application threads were stopped: 0.0005742 seconds, Stopping threads took: 0.0002164 seconds
[2022-06-13T02:20:55.514+0000][1][safepoint    ] Application time: 1.0002822 seconds
[2022-06-13T02:20:55.514+0000][1][safepoint    ] Entering safepoint region: Cleanup
[2022-06-13T02:20:55.515+0000][1][safepoint    ] Leaving safepoint region
[2022-06-13T02:20:55.515+0000][1][safepoint    ] Total time for which application threads were stopped: 0.0006574 seconds, Stopping threads took: 0.0003509 seconds
[2022-06-13T02:20:56.516+0000][1][safepoint    ] Application time: 1.0001826 seconds
[2022-06-13T02:20:56.516+0000][1][safepoint    ] Entering safepoint region: Cleanup
[2022-06-13T02:20:56.516+0000][1][safepoint    ] Leaving safepoint region
[2022-06-13T02:20:56.517+0000][1][safepoint    ] Total time for which application threads were stopped: 0.0005336 seconds, Stopping threads took: 0.0003395 seconds
[2022-06-13T02:20:57.517+0000][1][safepoint    ] Application time: 1.0002566 seconds
[2022-06-13T02:20:57.518+0000][1][safepoint    ] Entering safepoint region: Cleanup
[2022-06-13T02:20:57.518+0000][1][safepoint    ] Leaving safepoint region
[2022-06-13T02:20:57.519+0000][1][safepoint    ] Total time for which application threads were stopped: 0.0009538 seconds, Stopping threads took: 0.0005225 seconds
[2022-06-13T02:20:58.519+0000][1][safepoint    ] Application time: 1.0001210 seconds
[2022-06-13T02:20:58.520+0000][1][safepoint    ] Entering safepoint region: Cleanup
[2022-06-13T02:20:58.520+0000][1][safepoint    ] Leaving safepoint region
[2022-06-13T02:20:58.520+0000][1][safepoint    ] Total time for which application threads were stopped: 0.0006173 seconds, Stopping threads took: 0.0003290 seconds
[2022-06-13T02:20:59.521+0000][1][safepoint    ] Application time: 1.0001825 seconds
[2022-06-13T02:20:59.521+0000][1][safepoint    ] Entering safepoint region: Cleanup
[2022-06-13T02:20:59.521+0000][1][safepoint    ] Leaving safepoint region
[2022-06-13T02:20:59.522+0000][1][safepoint    ] Total time for which application threads were stopped: 0.0006561 seconds, Stopping threads took: 0.0002400 seconds
[2022-06-13T02:21:00.522+0000][1][safepoint    ] Application time: 1.0001390 seconds
[2022-06-13T02:21:00.522+0000][1][safepoint    ] Entering safepoint region: Cleanup
[2022-06-13T02:21:00.523+0000][1][safepoint    ] Leaving safepoint region
[2022-06-13T02:21:00.523+0000][1][safepoint    ] Total time for which application threads were stopped: 0.0007826 seconds, Stopping threads took: 0.0002830 seconds
[2022-06-13T02:21:01.524+0000][1][safepoint    ] Application time: 1.0001363 seconds
[2022-06-13T02:21:01.524+0000][1][safepoint    ] Entering safepoint region: Cleanup
[2022-06-13T02:21:01.525+0000][1][safepoint    ] Leaving safepoint region
[2022-06-13T02:21:01.525+0000][1][safepoint    ] Total time for which application threads were stopped: 0.0008780 seconds, Stopping threads took: 0.0004137 seconds
[2022-06-13T02:21:02.526+0000][1][safepoint    ] Application time: 1.0001647 seconds
[2022-06-13T02:21:02.526+0000][1][safepoint    ] Entering safepoint region: Cleanup
[2022-06-13T02:21:02.526+0000][1][safepoint    ] Leaving safepoint region
[2022-06-13T02:21:02.527+0000][1][safepoint    ] Total time for which application threads were stopped: 0.0007984 seconds, Stopping threads took: 0.0003750 seconds
[2022-06-13T02:21:03.527+0000][1][safepoint    ] Application time: 1.0001281 seconds
[2022-06-13T02:21:03.528+0000][1][safepoint    ] Entering safepoint region: Cleanup
[2022-06-13T02:21:03.528+0000][1][safepoint    ] Leaving safepoint region
[2022-06-13T02:21:03.528+0000][1][safepoint    ] Total time for which application threads were stopped: 0.0005863 seconds, Stopping threads took: 0.0002375 seconds
[2022-06-13T02:21:04.529+0000][1][safepoint    ] Application time: 1.0001909 seconds
[2022-06-13T02:21:04.529+0000][1][safepoint    ] Entering safepoint region: Cleanup
[2022-06-13T02:21:04.530+0000][1][safepoint    ] Leaving safepoint region
[2022-06-13T02:21:04.530+0000][1][safepoint    ] Total time for which application threads were stopped: 0.0007728 seconds, Stopping threads took: 0.0003495 seconds
[2022-06-13T02:21:05.531+0000][1][safepoint    ] Application time: 1.0001758 seconds
[2022-06-13T02:21:05.531+0000][1][safepoint    ] Entering safepoint region: Cleanup
[2022-06-13T02:21:05.532+0000][1][safepoint    ] Leaving safepoint region
[2022-06-13T02:21:05.532+0000][1][safepoint    ] Total time for which application threads were stopped: 0.0011139 seconds, Stopping threads took: 0.0004741 seconds
[2022-06-13T02:21:06.533+0000][1][safepoint    ] Application time: 1.0002402 seconds
[2022-06-13T02:21:06.534+0000][1][safepoint    ] Entering safepoint region: Cleanup
[2022-06-13T02:21:06.534+0000][1][safepoint    ] Leaving safepoint region
[2022-06-13T02:21:06.535+0000][1][safepoint    ] Total time for which application threads were stopped: 0.0010674 seconds, Stopping threads took: 0.0004568 seconds
[2022-06-13T02:21:07.535+0000][1][safepoint    ] Application time: 1.0001276 seconds
[2022-06-13T02:21:07.536+0000][1][safepoint    ] Entering safepoint region: Cleanup
[2022-06-13T02:21:07.536+0000][1][safepoint    ] Leaving safepoint region
[2022-06-13T02:21:07.536+0000][1][safepoint    ] Total time for which application threads were stopped: 0.0006788 seconds, Stopping threads took: 0.0003979 seconds
[2022-06-13T02:21:08.537+0000][1][safepoint    ] Application time: 1.0001993 seconds
[2022-06-13T02:21:08.537+0000][1][safepoint    ] Entering safepoint region: Cleanup
[2022-06-13T02:21:08.538+0000][1][safepoint    ] Leaving safepoint region
[2022-06-13T02:21:08.538+0000][1][safepoint    ] Total time for which application threads were stopped: 0.0008450 seconds, Stopping threads took: 0.0003265 seconds
[2022-06-13T02:21:09.539+0000][1][safepoint    ] Application time: 1.0001615 seconds
[2022-06-13T02:21:09.539+0000][1][safepoint    ] Entering safepoint region: Cleanup
[2022-06-13T02:21:09.540+0000][1][safepoint    ] Leaving safepoint region
[2022-06-13T02:21:09.540+0000][1][safepoint    ] Total time for which application threads were stopped: 0.0009136 seconds, Stopping threads took: 0.0004558 seconds
[2022-06-13T02:21:10.541+0000][1][safepoint    ] Application time: 1.0001930 seconds
[2022-06-13T02:21:10.541+0000][1][safepoint    ] Entering safepoint region: Cleanup
[2022-06-13T02:21:10.541+0000][1][safepoint    ] Leaving safepoint region
[2022-06-13T02:21:10.541+0000][1][safepoint    ] Total time for which application threads were stopped: 0.0005380 seconds, Stopping threads took: 0.0002332 seconds
[2022-06-13T02:21:11.542+0000][1][safepoint    ] Application time: 1.0002166 seconds
[2022-06-13T02:21:11.542+0000][1][safepoint    ] Entering safepoint region: Cleanup
[2022-06-13T02:21:11.543+0000][1][safepoint    ] Leaving safepoint region
[2022-06-13T02:21:11.543+0000][1][safepoint    ] Total time for which application threads were stopped: 0.0006839 seconds, Stopping threads took: 0.0003491 seconds
[2022-06-13T02:21:12.544+0000][1][safepoint    ] Application time: 1.0002329 seconds
[2022-06-13T02:21:12.544+0000][1][safepoint    ] Entering safepoint region: Cleanup
[2022-06-13T02:21:12.545+0000][1][safepoint    ] Leaving safepoint region
[2022-06-13T02:21:12.545+0000][1][safepoint    ] Total time for which application threads were stopped: 0.0007537 seconds, Stopping threads took: 0.0003601 seconds
[2022-06-13T02:21:13.546+0000][1][safepoint    ] Application time: 1.0001890 seconds
[2022-06-13T02:21:13.546+0000][1][safepoint    ] Entering safepoint region: Cleanup
[2022-06-13T02:21:13.547+0000][1][safepoint    ] Leaving safepoint region
[2022-06-13T02:21:13.547+0000][1][safepoint    ] Total time for which application threads were stopped: 0.0009075 seconds, Stopping threads took: 0.0004377 seconds
[2022-06-13T02:21:14.548+0000][1][safepoint    ] Application time: 1.0002972 seconds
[2022-06-13T02:21:14.549+0000][1][safepoint    ] Entering safepoint region: Cleanup
[2022-06-13T02:21:14.549+0000][1][safepoint    ] Leaving safepoint region
[2022-06-13T02:21:14.549+0000][1][safepoint    ] Total time for which application threads were stopped: 0.0009252 seconds, Stopping threads took: 0.0003908 seconds
[2022-06-13T02:21:15.550+0000][1][safepoint    ] Application time: 1.0001801 seconds
[2022-06-13T02:21:15.551+0000][1][safepoint    ] Entering safepoint region: Cleanup
[2022-06-13T02:21:15.551+0000][1][safepoint    ] Leaving safepoint region
[2022-06-13T02:21:15.551+0000][1][safepoint    ] Total time for which application threads were stopped: 0.0009280 seconds, Stopping threads took: 0.0005527 seconds
[2022-06-13T02:21:16.552+0000][1][safepoint    ] Application time: 1.0002929 seconds
[2022-06-13T02:21:16.553+0000][1][safepoint    ] Entering safepoint region: Cleanup
[2022-06-13T02:21:16.553+0000][1][safepoint    ] Leaving safepoint region
[2022-06-13T02:21:16.554+0000][1][safepoint    ] Total time for which application threads were stopped: 0.0009880 seconds, Stopping threads took: 0.0004396 seconds
[2022-06-13T02:21:17.554+0000][1][safepoint    ] Application time: 1.0003452 seconds
[2022-06-13T02:21:17.555+0000][1][safepoint    ] Entering safepoint region: Cleanup
[2022-06-13T02:21:17.555+0000][1][safepoint    ] Leaving safepoint region
[2022-06-13T02:21:17.556+0000][1][safepoint    ] Total time for which application threads were stopped: 0.0008959 seconds, Stopping threads took: 0.0004970 seconds
[2022-06-13T02:21:18.556+0000][1][safepoint    ] Application time: 1.0002387 seconds
[2022-06-13T02:21:18.557+0000][1][safepoint    ] Entering safepoint region: Cleanup
[2022-06-13T02:21:18.557+0000][1][safepoint    ] Leaving safepoint region
[2022-06-13T02:21:18.557+0000][1][safepoint    ] Total time for which application threads were stopped: 0.0005246 seconds, Stopping threads took: 0.0002343 seconds
[2022-06-13T02:21:19.557+0000][1][safepoint    ] Application time: 1.0002255 seconds
[2022-06-13T02:21:19.558+0000][1][safepoint    ] Entering safepoint region: Cleanup
[2022-06-13T02:21:19.559+0000][1][safepoint    ] Leaving safepoint region
[2022-06-13T02:21:19.559+0000][1][safepoint    ] Total time for which application threads were stopped: 0.0010157 seconds, Stopping threads took: 0.0004380 seconds
[2022-06-13T02:21:20.559+0000][1][safepoint    ] Application time: 1.0001186 seconds
[2022-06-13T02:21:20.560+0000][1][safepoint    ] Entering safepoint region: Cleanup
[2022-06-13T02:21:20.561+0000][1][safepoint    ] Leaving safepoint region
[2022-06-13T02:21:20.561+0000][1][safepoint    ] Total time for which application threads were stopped: 0.0010853 seconds, Stopping threads took: 0.0005150 seconds
[2022-06-13T02:21:21.562+0000][1][safepoint    ] Application time: 1.0001840 seconds
[2022-06-13T02:21:21.562+0000][1][safepoint    ] Entering safepoint region: Cleanup
[2022-06-13T02:21:21.563+0000][1][safepoint    ] Leaving safepoint region
[2022-06-13T02:21:21.563+0000][1][safepoint    ] Total time for which application threads were stopped: 0.0009537 seconds, Stopping threads took: 0.0004623 seconds
[2022-06-13T02:21:22.564+0000][1][safepoint    ] Application time: 1.0002996 seconds
[2022-06-13T02:21:22.564+0000][1][safepoint    ] Entering safepoint region: Cleanup
[2022-06-13T02:21:22.565+0000][1][safepoint    ] Leaving safepoint region
[2022-06-13T02:21:22.565+0000][1][safepoint    ] Total time for which application threads were stopped: 0.0006955 seconds, Stopping threads took: 0.0003077 seconds
[2022-06-13T02:21:23.566+0000][1][safepoint    ] Application time: 1.0003185 seconds
[2022-06-13T02:21:23.566+0000][1][safepoint    ] Entering safepoint region: Cleanup
[2022-06-13T02:21:23.567+0000][1][safepoint    ] Leaving safepoint region
[2022-06-13T02:21:23.567+0000][1][safepoint    ] Total time for which application threads were stopped: 0.0009744 seconds, Stopping threads took: 0.0004349 seconds
[2022-06-13T02:21:24.568+0000][1][safepoint    ] Application time: 1.0001258 seconds
[2022-06-13T02:21:24.568+0000][1][safepoint    ] Entering safepoint region: Cleanup
[2022-06-13T02:21:24.568+0000][1][safepoint    ] Leaving safepoint region
[2022-06-13T02:21:24.569+0000][1][safepoint    ] Total time for which application threads were stopped: 0.0005755 seconds, Stopping threads took: 0.0003194 seconds
[2022-06-13T02:21:25.569+0000][1][safepoint    ] Application time: 1.0002429 seconds
[2022-06-13T02:21:25.570+0000][1][safepoint    ] Entering safepoint region: Cleanup
[2022-06-13T02:21:25.570+0000][1][safepoint    ] Leaving safepoint region
[2022-06-13T02:21:25.570+0000][1][safepoint    ] Total time for which application threads were stopped: 0.0009584 seconds, Stopping threads took: 0.0004321 seconds
[2022-06-13T02:21:26.571+0000][1][safepoint    ] Application time: 1.0001678 seconds
[2022-06-13T02:21:26.571+0000][1][safepoint    ] Entering safepoint region: Cleanup
[2022-06-13T02:21:26.572+0000][1][safepoint    ] Leaving safepoint region
[2022-06-13T02:21:26.572+0000][1][safepoint    ] Total time for which application threads were stopped: 0.0009287 seconds, Stopping threads took: 0.0004145 seconds
[2022-06-13T02:21:27.573+0000][1][safepoint    ] Application time: 1.0001228 seconds
[2022-06-13T02:21:27.573+0000][1][safepoint    ] Entering safepoint region: Cleanup
[2022-06-13T02:21:27.573+0000][1][safepoint    ] Leaving safepoint region
[2022-06-13T02:21:27.574+0000][1][safepoint    ] Total time for which application threads were stopped: 0.0007055 seconds, Stopping threads took: 0.0003361 seconds
[2022-06-13T02:21:28.574+0000][1][safepoint    ] Application time: 1.0001808 seconds
[2022-06-13T02:21:28.575+0000][1][safepoint    ] Entering safepoint region: Cleanup
[2022-06-13T02:21:28.575+0000][1][safepoint    ] Leaving safepoint region
[2022-06-13T02:21:28.575+0000][1][safepoint    ] Total time for which application threads were stopped: 0.0005358 seconds, Stopping threads took: 0.0002614 seconds
[2022-06-13T02:21:29.576+0000][1][safepoint    ] Application time: 1.0001633 seconds
[2022-06-13T02:21:29.576+0000][1][safepoint    ] Entering safepoint region: Cleanup
[2022-06-13T02:21:29.576+0000][1][safepoint    ] Leaving safepoint region
[2022-06-13T02:21:29.577+0000][1][safepoint    ] Total time for which application threads were stopped: 0.0006484 seconds, Stopping threads took: 0.0002908 seconds
[2022-06-13T02:21:30.577+0000][1][safepoint    ] Application time: 1.0001171 seconds
[2022-06-13T02:21:30.578+0000][1][safepoint    ] Entering safepoint region: Cleanup
[2022-06-13T02:21:30.578+0000][1][safepoint    ] Leaving safepoint region
[2022-06-13T02:21:30.579+0000][1][safepoint    ] Total time for which application threads were stopped: 0.0009901 seconds, Stopping threads took: 0.0004645 seconds
[2022-06-13T02:21:31.579+0000][1][safepoint    ] Application time: 1.0002021 seconds
[2022-06-13T02:21:31.580+0000][1][safepoint    ] Entering safepoint region: Cleanup
[2022-06-13T02:21:31.580+0000][1][safepoint    ] Leaving safepoint region
[2022-06-13T02:21:31.581+0000][1][safepoint    ] Total time for which application threads were stopped: 0.0010215 seconds, Stopping threads took: 0.0004825 seconds
[2022-06-13T02:21:32.581+0000][1][safepoint    ] Application time: 1.0001475 seconds
[2022-06-13T02:21:32.582+0000][1][safepoint    ] Entering safepoint region: Cleanup
[2022-06-13T02:21:32.582+0000][1][safepoint    ] Leaving safepoint region
[2022-06-13T02:21:32.583+0000][1][safepoint    ] Total time for which application threads were stopped: 0.0009611 seconds, Stopping threads took: 0.0004255 seconds
[2022-06-13T02:21:33.583+0000][1][safepoint    ] Application time: 1.0002825 seconds
[2022-06-13T02:21:33.584+0000][1][safepoint    ] Entering safepoint region: Cleanup
[2022-06-13T02:21:33.584+0000][1][safepoint    ] Leaving safepoint region
[2022-06-13T02:21:33.585+0000][1][safepoint    ] Total time for which application threads were stopped: 0.0008997 seconds, Stopping threads took: 0.0002606 seconds
[2022-06-13T02:21:34.586+0000][1][safepoint    ] Application time: 1.0003190 seconds
[2022-06-13T02:21:34.586+0000][1][safepoint    ] Entering safepoint region: Cleanup
[2022-06-13T02:21:34.587+0000][1][safepoint    ] Leaving safepoint region
[2022-06-13T02:21:34.587+0000][1][safepoint    ] Total time for which application threads were stopped: 0.0009630 seconds, Stopping threads took: 0.0004426 seconds
[2022-06-13T02:21:35.588+0000][1][safepoint    ] Application time: 1.0001974 seconds
[2022-06-13T02:21:35.588+0000][1][safepoint    ] Entering safepoint region: Cleanup
[2022-06-13T02:21:35.589+0000][1][safepoint    ] Leaving safepoint region
[2022-06-13T02:21:35.589+0000][1][safepoint    ] Total time for which application threads were stopped: 0.0009429 seconds, Stopping threads took: 0.0003368 seconds
[2022-06-13T02:21:36.590+0000][1][safepoint    ] Application time: 1.0002350 seconds
[2022-06-13T02:21:36.590+0000][1][safepoint    ] Entering safepoint region: Cleanup
[2022-06-13T02:21:36.591+0000][1][safepoint    ] Leaving safepoint region
[2022-06-13T02:21:36.591+0000][1][safepoint    ] Total time for which application threads were stopped: 0.0005068 seconds, Stopping threads took: 0.0002069 seconds
[2022-06-13T02:21:37.591+0000][1][safepoint    ] Application time: 1.0002244 seconds
[2022-06-13T02:21:37.592+0000][1][safepoint    ] Entering safepoint region: Cleanup
[2022-06-13T02:21:37.592+0000][1][safepoint    ] Leaving safepoint region
[2022-06-13T02:21:37.593+0000][1][safepoint    ] Total time for which application threads were stopped: 0.0010316 seconds, Stopping threads took: 0.0004861 seconds
[2022-06-13T02:21:38.594+0000][1][safepoint    ] Application time: 1.0003404 seconds
[2022-06-13T02:21:38.594+0000][1][safepoint    ] Entering safepoint region: Cleanup
[2022-06-13T02:21:38.595+0000][1][safepoint    ] Leaving safepoint region
[2022-06-13T02:21:38.595+0000][1][safepoint    ] Total time for which application threads were stopped: 0.0011031 seconds, Stopping threads took: 0.0005123 seconds
[2022-06-13T02:21:39.596+0000][1][safepoint    ] Application time: 1.0001786 seconds
[2022-06-13T02:21:39.596+0000][1][safepoint    ] Entering safepoint region: Cleanup
[2022-06-13T02:21:39.597+0000][1][safepoint    ] Leaving safepoint region
[2022-06-13T02:21:39.597+0000][1][safepoint    ] Total time for which application threads were stopped: 0.0010560 seconds, Stopping threads took: 0.0004343 seconds
[2022-06-13T02:21:40.598+0000][1][safepoint    ] Application time: 1.0001773 seconds
[2022-06-13T02:21:40.599+0000][1][safepoint    ] Entering safepoint region: Cleanup
[2022-06-13T02:21:40.599+0000][1][safepoint    ] Leaving safepoint region
[2022-06-13T02:21:40.600+0000][1][safepoint    ] Total time for which application threads were stopped: 0.0011687 seconds, Stopping threads took: 0.0005386 seconds
[2022-06-13T02:21:41.600+0000][1][safepoint    ] Application time: 1.0002075 seconds
[2022-06-13T02:21:41.601+0000][1][safepoint    ] Entering safepoint region: Cleanup
[2022-06-13T02:21:41.601+0000][1][safepoint    ] Leaving safepoint region
[2022-06-13T02:21:41.602+0000][1][safepoint    ] Total time for which application threads were stopped: 0.0008957 seconds, Stopping threads took: 0.0004720 seconds
[2022-06-13T02:21:42.602+0000][1][safepoint    ] Application time: 1.0002177 seconds
[2022-06-13T02:21:42.603+0000][1][safepoint    ] Entering safepoint region: Cleanup
[2022-06-13T02:21:42.603+0000][1][safepoint    ] Leaving safepoint region
[2022-06-13T02:21:42.604+0000][1][safepoint    ] Total time for which application threads were stopped: 0.0011644 seconds, Stopping threads took: 0.0005001 seconds
[2022-06-13T02:21:43.604+0000][1][safepoint    ] Application time: 1.0001355 seconds
[2022-06-13T02:21:43.605+0000][1][safepoint    ] Entering safepoint region: Cleanup
[2022-06-13T02:21:43.605+0000][1][safepoint    ] Leaving safepoint region
[2022-06-13T02:21:43.606+0000][1][safepoint    ] Total time for which application threads were stopped: 0.0007684 seconds, Stopping threads took: 0.0004205 seconds
[2022-06-13T02:21:44.606+0000][1][safepoint    ] Application time: 1.0002192 seconds
[2022-06-13T02:21:44.606+0000][1][safepoint    ] Entering safepoint region: Cleanup
[2022-06-13T02:21:44.607+0000][1][safepoint    ] Leaving safepoint region
[2022-06-13T02:21:44.607+0000][1][safepoint    ] Total time for which application threads were stopped: 0.0007153 seconds, Stopping threads took: 0.0003964 seconds
[2022-06-13T02:21:45.608+0000][1][safepoint    ] Application time: 1.0002983 seconds
[2022-06-13T02:21:45.608+0000][1][safepoint    ] Entering safepoint region: Cleanup
[2022-06-13T02:21:45.609+0000][1][safepoint    ] Leaving safepoint region
[2022-06-13T02:21:45.609+0000][1][safepoint    ] Total time for which application threads were stopped: 0.0010575 seconds, Stopping threads took: 0.0004892 seconds
[2022-06-13T02:21:46.610+0000][1][safepoint    ] Application time: 1.0001911 seconds
[2022-06-13T02:21:46.610+0000][1][safepoint    ] Entering safepoint region: Cleanup
[2022-06-13T02:21:46.611+0000][1][safepoint    ] Leaving safepoint region
[2022-06-13T02:21:46.611+0000][1][safepoint    ] Total time for which application threads were stopped: 0.0009635 seconds, Stopping threads took: 0.0004354 seconds
[2022-06-13T02:21:47.612+0000][1][safepoint    ] Application time: 1.0003479 seconds
[2022-06-13T02:21:47.613+0000][1][safepoint    ] Entering safepoint region: Cleanup
[2022-06-13T02:21:47.613+0000][1][safepoint    ] Leaving safepoint region
[2022-06-13T02:21:47.614+0000][1][safepoint    ] Total time for which application threads were stopped: 0.0009988 seconds, Stopping threads took: 0.0004854 seconds
[2022-06-13T02:21:48.614+0000][1][safepoint    ] Application time: 1.0001787 seconds
[2022-06-13T02:21:48.615+0000][1][safepoint    ] Entering safepoint region: Cleanup
[2022-06-13T02:21:48.615+0000][1][safepoint    ] Leaving safepoint region
[2022-06-13T02:21:48.616+0000][1][safepoint    ] Total time for which application threads were stopped: 0.0007293 seconds, Stopping threads took: 0.0002426 seconds
[2022-06-13T02:21:49.616+0000][1][safepoint    ] Application time: 1.0002480 seconds
[2022-06-13T02:21:49.617+0000][1][safepoint    ] Entering safepoint region: Cleanup
[2022-06-13T02:21:49.618+0000][1][safepoint    ] Leaving safepoint region
[2022-06-13T02:21:49.618+0000][1][safepoint    ] Total time for which application threads were stopped: 0.0012091 seconds, Stopping threads took: 0.0005687 seconds
[2022-06-13T02:21:50.619+0000][1][safepoint    ] Application time: 1.0001393 seconds
[2022-06-13T02:21:50.619+0000][1][safepoint    ] Entering safepoint region: Cleanup
[2022-06-13T02:21:50.620+0000][1][safepoint    ] Leaving safepoint region
[2022-06-13T02:21:50.620+0000][1][safepoint    ] Total time for which application threads were stopped: 0.0012767 seconds, Stopping threads took: 0.0004524 seconds
[2022-06-13T02:21:51.621+0000][1][safepoint    ] Application time: 1.0002027 seconds
[2022-06-13T02:21:51.622+0000][1][safepoint    ] Entering safepoint region: Cleanup
[2022-06-13T02:21:51.622+0000][1][safepoint    ] Leaving safepoint region
[2022-06-13T02:21:51.623+0000][1][safepoint    ] Total time for which application threads were stopped: 0.0011614 seconds, Stopping threads took: 0.0005500 seconds
[2022-06-13T02:21:52.624+0000][1][safepoint    ] Application time: 1.0003261 seconds
[2022-06-13T02:21:52.624+0000][1][safepoint    ] Entering safepoint region: Cleanup
[2022-06-13T02:21:52.625+0000][1][safepoint    ] Leaving safepoint region
[2022-06-13T02:21:52.625+0000][1][safepoint    ] Total time for which application threads were stopped: 0.0008893 seconds, Stopping threads took: 0.0004234 seconds
[2022-06-13T02:21:53.626+0000][1][safepoint    ] Application time: 1.0001733 seconds
[2022-06-13T02:21:53.626+0000][1][safepoint    ] Entering safepoint region: Cleanup
[2022-06-13T02:21:53.627+0000][1][safepoint    ] Leaving safepoint region
[2022-06-13T02:21:53.627+0000][1][safepoint    ] Total time for which application threads were stopped: 0.0005095 seconds, Stopping threads took: 0.0002480 seconds
[2022-06-13T02:21:54.627+0000][1][safepoint    ] Application time: 1.0001094 seconds
[2022-06-13T02:21:54.628+0000][1][safepoint    ] Entering safepoint region: Cleanup
[2022-06-13T02:21:54.628+0000][1][safepoint    ] Leaving safepoint region
[2022-06-13T02:21:54.629+0000][1][safepoint    ] Total time for which application threads were stopped: 0.0008460 seconds, Stopping threads took: 0.0003301 seconds
[2022-06-13T02:21:55.629+0000][1][safepoint    ] Application time: 1.0003168 seconds
[2022-06-13T02:21:55.630+0000][1][safepoint    ] Entering safepoint region: Cleanup
[2022-06-13T02:21:55.630+0000][1][safepoint    ] Leaving safepoint region
[2022-06-13T02:21:55.631+0000][1][safepoint    ] Total time for which application threads were stopped: 0.0007632 seconds, Stopping threads took: 0.0003418 seconds
[2022-06-13T02:21:56.631+0000][1][safepoint    ] Application time: 1.0002056 seconds
[2022-06-13T02:21:56.632+0000][1][safepoint    ] Entering safepoint region: Cleanup
[2022-06-13T02:21:56.632+0000][1][safepoint    ] Leaving safepoint region
[2022-06-13T02:21:56.633+0000][1][safepoint    ] Total time for which application threads were stopped: 0.0011448 seconds, Stopping threads took: 0.0005846 seconds
[2022-06-13T02:21:57.634+0000][1][safepoint    ] Application time: 1.0001896 seconds
[2022-06-13T02:21:57.634+0000][1][safepoint    ] Entering safepoint region: Cleanup
[2022-06-13T02:21:57.635+0000][1][safepoint    ] Leaving safepoint region
[2022-06-13T02:21:57.635+0000][1][safepoint    ] Total time for which application threads were stopped: 0.0009555 seconds, Stopping threads took: 0.0004263 seconds
[2022-06-13T02:21:58.636+0000][1][safepoint    ] Application time: 1.0002533 seconds
[2022-06-13T02:21:58.636+0000][1][safepoint    ] Entering safepoint region: Cleanup
[2022-06-13T02:21:58.637+0000][1][safepoint    ] Leaving safepoint region
[2022-06-13T02:21:58.637+0000][1][safepoint    ] Total time for which application threads were stopped: 0.0008086 seconds, Stopping threads took: 0.0003658 seconds
[2022-06-13T02:21:59.638+0000][1][safepoint    ] Application time: 1.0002750 seconds
[2022-06-13T02:21:59.638+0000][1][safepoint    ] Entering safepoint region: Cleanup
[2022-06-13T02:21:59.639+0000][1][safepoint    ] Leaving safepoint region
[2022-06-13T02:21:59.639+0000][1][safepoint    ] Total time for which application threads were stopped: 0.0005009 seconds, Stopping threads took: 0.0002205 seconds
[2022-06-13T02:22:00.639+0000][1][safepoint    ] Application time: 1.0003209 seconds
[2022-06-13T02:22:00.640+0000][1][safepoint    ] Entering safepoint region: Cleanup
[2022-06-13T02:22:00.640+0000][1][safepoint    ] Leaving safepoint region
[2022-06-13T02:22:00.640+0000][1][safepoint    ] Total time for which application threads were stopped: 0.0006642 seconds, Stopping threads took: 0.0001933 seconds
[2022-06-13T02:22:01.641+0000][1][safepoint    ] Application time: 1.0001990 seconds
[2022-06-13T02:22:01.641+0000][1][safepoint    ] Entering safepoint region: Cleanup
[2022-06-13T02:22:01.642+0000][1][safepoint    ] Leaving safepoint region
[2022-06-13T02:22:01.642+0000][1][safepoint    ] Total time for which application threads were stopped: 0.0010672 seconds, Stopping threads took: 0.0005167 seconds
[2022-06-13T02:22:02.643+0000][1][safepoint    ] Application time: 1.0001900 seconds
[2022-06-13T02:22:02.644+0000][1][safepoint    ] Entering safepoint region: Cleanup
[2022-06-13T02:22:02.644+0000][1][safepoint    ] Leaving safepoint region
[2022-06-13T02:22:02.644+0000][1][safepoint    ] Total time for which application threads were stopped: 0.0009176 seconds, Stopping threads took: 0.0004305 seconds
[2022-06-13T02:22:03.645+0000][1][safepoint    ] Application time: 1.0003410 seconds
[2022-06-13T02:22:03.646+0000][1][safepoint    ] Entering safepoint region: Cleanup
[2022-06-13T02:22:03.646+0000][1][safepoint    ] Leaving safepoint region
[2022-06-13T02:22:03.646+0000][1][safepoint    ] Total time for which application threads were stopped: 0.0006533 seconds, Stopping threads took: 0.0003480 seconds
[2022-06-13T02:22:04.647+0000][1][safepoint    ] Application time: 1.0003322 seconds
[2022-06-13T02:22:04.647+0000][1][safepoint    ] Entering safepoint region: Cleanup
[2022-06-13T02:22:04.648+0000][1][safepoint    ] Leaving safepoint region
[2022-06-13T02:22:04.648+0000][1][safepoint    ] Total time for which application threads were stopped: 0.0009496 seconds, Stopping threads took: 0.0004488 seconds
[2022-06-13T02:22:05.649+0000][1][safepoint    ] Application time: 1.0002380 seconds
[2022-06-13T02:22:05.650+0000][1][safepoint    ] Entering safepoint region: Cleanup
[2022-06-13T02:22:05.650+0000][1][safepoint    ] Leaving safepoint region
[2022-06-13T02:22:05.651+0000][1][safepoint    ] Total time for which application threads were stopped: 0.0012724 seconds, Stopping threads took: 0.0005463 seconds
[2022-06-13T02:22:06.652+0000][1][safepoint    ] Application time: 1.0002349 seconds
[2022-06-13T02:22:06.652+0000][1][safepoint    ] Entering safepoint region: Cleanup
[2022-06-13T02:22:06.653+0000][1][safepoint    ] Leaving safepoint region
[2022-06-13T02:22:06.653+0000][1][safepoint    ] Total time for which application threads were stopped: 0.0006378 seconds, Stopping threads took: 0.0003270 seconds
[2022-06-13T02:22:07.653+0000][1][safepoint    ] Application time: 1.0002354 seconds
[2022-06-13T02:22:07.654+0000][1][safepoint    ] Entering safepoint region: Cleanup
[2022-06-13T02:22:07.654+0000][1][safepoint    ] Leaving safepoint region
[2022-06-13T02:22:07.654+0000][1][safepoint    ] Total time for which application threads were stopped: 0.0007244 seconds, Stopping threads took: 0.0003364 seconds
[2022-06-13T02:22:08.655+0000][1][safepoint    ] Application time: 1.0001403 seconds
[2022-06-13T02:22:08.656+0000][1][safepoint    ] Entering safepoint region: Cleanup
[2022-06-13T02:22:08.656+0000][1][safepoint    ] Leaving safepoint region
[2022-06-13T02:22:08.656+0000][1][safepoint    ] Total time for which application threads were stopped: 0.0009715 seconds, Stopping threads took: 0.0003760 seconds
[2022-06-13T02:22:09.657+0000][1][safepoint    ] Application time: 1.0001583 seconds
[2022-06-13T02:22:09.658+0000][1][safepoint    ] Entering safepoint region: Cleanup
[2022-06-13T02:22:09.658+0000][1][safepoint    ] Leaving safepoint region
[2022-06-13T02:22:09.658+0000][1][safepoint    ] Total time for which application threads were stopped: 0.0008154 seconds, Stopping threads took: 0.0004039 seconds
[2022-06-13T02:22:10.659+0000][1][safepoint    ] Application time: 1.0002964 seconds
[2022-06-13T02:22:10.660+0000][1][safepoint    ] Entering safepoint region: Cleanup
[2022-06-13T02:22:10.660+0000][1][safepoint    ] Leaving safepoint region
[2022-06-13T02:22:10.660+0000][1][safepoint    ] Total time for which application threads were stopped: 0.0005132 seconds, Stopping threads took: 0.0002339 seconds
[2022-06-13T02:22:11.660+0000][1][safepoint    ] Application time: 1.0001759 seconds
[2022-06-13T02:22:11.661+0000][1][safepoint    ] Entering safepoint region: Cleanup
[2022-06-13T02:22:11.662+0000][1][safepoint    ] Leaving safepoint region
[2022-06-13T02:22:11.662+0000][1][safepoint    ] Total time for which application threads were stopped: 0.0008616 seconds, Stopping threads took: 0.0003809 seconds
[2022-06-13T02:22:12.663+0000][1][safepoint    ] Application time: 1.0002165 seconds
[2022-06-13T02:22:12.663+0000][1][safepoint    ] Entering safepoint region: Cleanup
[2022-06-13T02:22:12.664+0000][1][safepoint    ] Leaving safepoint region
[2022-06-13T02:22:12.665+0000][1][safepoint    ] Total time for which application threads were stopped: 0.0011525 seconds, Stopping threads took: 0.0005330 seconds
[2022-06-13T02:22:13.665+0000][1][safepoint    ] Application time: 1.0003071 seconds
[2022-06-13T02:22:13.666+0000][1][safepoint    ] Entering safepoint region: Cleanup
[2022-06-13T02:22:13.666+0000][1][safepoint    ] Leaving safepoint region
[2022-06-13T02:22:13.667+0000][1][safepoint    ] Total time for which application threads were stopped: 0.0008081 seconds, Stopping threads took: 0.0003721 seconds
[2022-06-13T02:22:14.668+0000][1][safepoint    ] Application time: 1.0002965 seconds
[2022-06-13T02:22:14.668+0000][1][safepoint    ] Entering safepoint region: Cleanup
[2022-06-13T02:22:14.669+0000][1][safepoint    ] Leaving safepoint region
[2022-06-13T02:22:14.669+0000][1][safepoint    ] Total time for which application threads were stopped: 0.0011498 seconds, Stopping threads took: 0.0005238 seconds
[2022-06-13T02:22:15.670+0000][1][safepoint    ] Application time: 1.0002621 seconds
[2022-06-13T02:22:15.671+0000][1][safepoint    ] Entering safepoint region: Cleanup
[2022-06-13T02:22:15.671+0000][1][safepoint    ] Leaving safepoint region
[2022-06-13T02:22:15.672+0000][1][safepoint    ] Total time for which application threads were stopped: 0.0010418 seconds, Stopping threads took: 0.0004793 seconds
[2022-06-13T02:22:16.673+0000][1][safepoint    ] Application time: 1.0002631 seconds
[2022-06-13T02:22:16.673+0000][1][safepoint    ] Entering safepoint region: Cleanup
[2022-06-13T02:22:16.673+0000][1][safepoint    ] Leaving safepoint region
[2022-06-13T02:22:16.673+0000][1][safepoint    ] Total time for which application threads were stopped: 0.0005618 seconds, Stopping threads took: 0.0002443 seconds
[2022-06-13T02:22:17.674+0000][1][safepoint    ] Application time: 1.0002541 seconds
[2022-06-13T02:22:17.675+0000][1][safepoint    ] Entering safepoint region: Cleanup
[2022-06-13T02:22:17.675+0000][1][safepoint    ] Leaving safepoint region
[2022-06-13T02:22:17.676+0000][1][safepoint    ] Total time for which application threads were stopped: 0.0010108 seconds, Stopping threads took: 0.0004743 seconds
[2022-06-13T02:22:18.676+0000][1][safepoint    ] Application time: 1.0003138 seconds
[2022-06-13T02:22:18.677+0000][1][safepoint    ] Entering safepoint region: Cleanup
[2022-06-13T02:22:18.678+0000][1][safepoint    ] Leaving safepoint region
[2022-06-13T02:22:18.678+0000][1][safepoint    ] Total time for which application threads were stopped: 0.0009244 seconds, Stopping threads took: 0.0004287 seconds
[2022-06-13T02:22:19.679+0000][1][safepoint    ] Application time: 1.0001687 seconds
[2022-06-13T02:22:19.679+0000][1][safepoint    ] Entering safepoint region: Cleanup
[2022-06-13T02:22:19.680+0000][1][safepoint    ] Leaving safepoint region
[2022-06-13T02:22:19.680+0000][1][safepoint    ] Total time for which application threads were stopped: 0.0009190 seconds, Stopping threads took: 0.0004338 seconds
[2022-06-13T02:22:20.681+0000][1][safepoint    ] Application time: 1.0003237 seconds
[2022-06-13T02:22:20.681+0000][1][safepoint    ] Entering safepoint region: Cleanup
[2022-06-13T02:22:20.682+0000][1][safepoint    ] Leaving safepoint region
[2022-06-13T02:22:20.683+0000][1][safepoint    ] Total time for which application threads were stopped: 0.0011696 seconds, Stopping threads took: 0.0006276 seconds
[2022-06-13T02:22:21.683+0000][1][safepoint    ] Application time: 1.0002010 seconds
[2022-06-13T02:22:21.684+0000][1][safepoint    ] Entering safepoint region: Cleanup
[2022-06-13T02:22:21.684+0000][1][safepoint    ] Leaving safepoint region
[2022-06-13T02:22:21.685+0000][1][safepoint    ] Total time for which application threads were stopped: 0.0009262 seconds, Stopping threads took: 0.0004453 seconds
[2022-06-13T02:22:22.685+0000][1][safepoint    ] Application time: 1.0001169 seconds
[2022-06-13T02:22:22.686+0000][1][safepoint    ] Entering safepoint region: Cleanup
[2022-06-13T02:22:22.686+0000][1][safepoint    ] Leaving safepoint region
[2022-06-13T02:22:22.686+0000][1][safepoint    ] Total time for which application threads were stopped: 0.0003745 seconds, Stopping threads took: 0.0001647 seconds
[2022-06-13T02:22:23.686+0000][1][safepoint    ] Application time: 1.0002562 seconds
[2022-06-13T02:22:23.687+0000][1][safepoint    ] Entering safepoint region: Cleanup
[2022-06-13T02:22:23.688+0000][1][safepoint    ] Leaving safepoint region
[2022-06-13T02:22:23.688+0000][1][safepoint    ] Total time for which application threads were stopped: 0.0010908 seconds, Stopping threads took: 0.0003698 seconds
[2022-06-13T02:22:24.689+0000][1][safepoint    ] Application time: 1.0001611 seconds
[2022-06-13T02:22:24.689+0000][1][safepoint    ] Entering safepoint region: Cleanup
[2022-06-13T02:22:24.690+0000][1][safepoint    ] Leaving safepoint region
[2022-06-13T02:22:24.690+0000][1][safepoint    ] Total time for which application threads were stopped: 0.0011227 seconds, Stopping threads took: 0.0005830 seconds
[2022-06-13T02:22:25.691+0000][1][safepoint    ] Application time: 1.0001411 seconds
[2022-06-13T02:22:25.691+0000][1][safepoint    ] Entering safepoint region: Cleanup
[2022-06-13T02:22:25.692+0000][1][safepoint    ] Leaving safepoint region
[2022-06-13T02:22:25.692+0000][1][safepoint    ] Total time for which application threads were stopped: 0.0007248 seconds, Stopping threads took: 0.0003732 seconds
[2022-06-13T02:22:26.692+0000][1][safepoint    ] Application time: 1.0002001 seconds
[2022-06-13T02:22:26.693+0000][1][safepoint    ] Entering safepoint region: Cleanup
[2022-06-13T02:22:26.693+0000][1][safepoint    ] Leaving safepoint region
[2022-06-13T02:22:26.693+0000][1][safepoint    ] Total time for which application threads were stopped: 0.0008669 seconds, Stopping threads took: 0.0003760 seconds
[2022-06-13T02:22:27.694+0000][1][safepoint    ] Application time: 1.0002197 seconds
[2022-06-13T02:22:27.695+0000][1][safepoint    ] Entering safepoint region: Cleanup
[2022-06-13T02:22:27.695+0000][1][safepoint    ] Leaving safepoint region
[2022-06-13T02:22:27.695+0000][1][safepoint    ] Total time for which application threads were stopped: 0.0006134 seconds, Stopping threads took: 0.0002744 seconds
[2022-06-13T02:22:28.696+0000][1][safepoint    ] Application time: 1.0003121 seconds
[2022-06-13T02:22:28.696+0000][1][safepoint    ] Entering safepoint region: Cleanup
[2022-06-13T02:22:28.697+0000][1][safepoint    ] Leaving safepoint region
[2022-06-13T02:22:28.697+0000][1][safepoint    ] Total time for which application threads were stopped: 0.0006078 seconds, Stopping threads took: 0.0002927 seconds
[2022-06-13T02:22:29.697+0000][1][safepoint    ] Application time: 1.0003374 seconds
[2022-06-13T02:22:29.698+0000][1][safepoint    ] Entering safepoint region: Cleanup
[2022-06-13T02:22:29.698+0000][1][safepoint    ] Leaving safepoint region
[2022-06-13T02:22:29.699+0000][1][safepoint    ] Total time for which application threads were stopped: 0.0008349 seconds, Stopping threads took: 0.0003539 seconds
[2022-06-13T02:22:30.699+0000][1][safepoint    ] Application time: 1.0001705 seconds
[2022-06-13T02:22:30.700+0000][1][safepoint    ] Entering safepoint region: Cleanup
[2022-06-13T02:22:30.700+0000][1][safepoint    ] Leaving safepoint region
[2022-06-13T02:22:30.701+0000][1][safepoint    ] Total time for which application threads were stopped: 0.0009225 seconds, Stopping threads took: 0.0004373 seconds
[2022-06-13T02:22:31.701+0000][1][safepoint    ] Application time: 1.0002269 seconds
[2022-06-13T02:22:31.702+0000][1][safepoint    ] Entering safepoint region: Cleanup
[2022-06-13T02:22:31.702+0000][1][safepoint    ] Leaving safepoint region
[2022-06-13T02:22:31.703+0000][1][safepoint    ] Total time for which application threads were stopped: 0.0008721 seconds, Stopping threads took: 0.0003023 seconds
[2022-06-13T02:22:32.703+0000][1][safepoint    ] Application time: 1.0002217 seconds
[2022-06-13T02:22:32.704+0000][1][safepoint    ] Entering safepoint region: Cleanup
[2022-06-13T02:22:32.705+0000][1][safepoint    ] Leaving safepoint region
[2022-06-13T02:22:32.705+0000][1][safepoint    ] Total time for which application threads were stopped: 0.0014306 seconds, Stopping threads took: 0.0006525 seconds
[2022-06-13T02:22:33.706+0000][1][safepoint    ] Application time: 1.0002814 seconds
[2022-06-13T02:22:33.707+0000][1][safepoint    ] Entering safepoint region: Cleanup
[2022-06-13T02:22:33.707+0000][1][safepoint    ] Leaving safepoint region
[2022-06-13T02:22:33.708+0000][1][safepoint    ] Total time for which application threads were stopped: 0.0007560 seconds, Stopping threads took: 0.0002990 seconds
[2022-06-13T02:22:34.708+0000][1][safepoint    ] Application time: 1.0003022 seconds
[2022-06-13T02:22:34.709+0000][1][safepoint    ] Entering safepoint region: Cleanup
[2022-06-13T02:22:34.710+0000][1][safepoint    ] Leaving safepoint region
[2022-06-13T02:22:34.710+0000][1][safepoint    ] Total time for which application threads were stopped: 0.0012264 seconds, Stopping threads took: 0.0005574 seconds
[2022-06-13T02:22:35.711+0000][1][safepoint    ] Application time: 1.0001426 seconds
[2022-06-13T02:22:35.711+0000][1][safepoint    ] Entering safepoint region: Cleanup
[2022-06-13T02:22:35.711+0000][1][safepoint    ] Leaving safepoint region
[2022-06-13T02:22:35.712+0000][1][safepoint    ] Total time for which application threads were stopped: 0.0004045 seconds, Stopping threads took: 0.0001887 seconds
[2022-06-13T02:22:36.712+0000][1][safepoint    ] Application time: 1.0001579 seconds
[2022-06-13T02:22:36.712+0000][1][safepoint    ] Entering safepoint region: Cleanup
[2022-06-13T02:22:36.713+0000][1][safepoint    ] Leaving safepoint region
[2022-06-13T02:22:36.713+0000][1][safepoint    ] Total time for which application threads were stopped: 0.0007606 seconds, Stopping threads took: 0.0003480 seconds
[2022-06-13T02:22:38.540+0000][1][safepoint    ] Application time: 1.8266866 seconds
[2022-06-13T02:22:38.541+0000][1][safepoint    ] Entering safepoint region: Cleanup
[2022-06-13T02:22:38.541+0000][1][safepoint    ] Leaving safepoint region
[2022-06-13T02:22:38.541+0000][1][safepoint    ] Total time for which application threads were stopped: 0.0007773 seconds, Stopping threads took: 0.0003502 seconds
[2022-06-13T02:22:39.542+0000][1][safepoint    ] Application time: 1.0001476 seconds
[2022-06-13T02:22:39.542+0000][1][safepoint    ] Entering safepoint region: Cleanup
[2022-06-13T02:22:39.542+0000][1][safepoint    ] Leaving safepoint region
[2022-06-13T02:22:39.542+0000][1][safepoint    ] Total time for which application threads were stopped: 0.0003532 seconds, Stopping threads took: 0.0001497 seconds
[2022-06-13T02:22:40.543+0000][1][safepoint    ] Application time: 1.0001814 seconds
[2022-06-13T02:22:40.543+0000][1][safepoint    ] Entering safepoint region: Cleanup
[2022-06-13T02:22:40.544+0000][1][safepoint    ] Leaving safepoint region
[2022-06-13T02:22:40.544+0000][1][safepoint    ] Total time for which application threads were stopped: 0.0007798 seconds, Stopping threads took: 0.0003711 seconds
[2022-06-13T02:22:41.545+0000][1][safepoint    ] Application time: 1.0002493 seconds
[2022-06-13T02:22:41.545+0000][1][safepoint    ] Entering safepoint region: Cleanup
[2022-06-13T02:22:41.545+0000][1][safepoint    ] Leaving safepoint region
[2022-06-13T02:22:41.546+0000][1][safepoint    ] Total time for which application threads were stopped: 0.0006021 seconds, Stopping threads took: 0.0003187 seconds
[2022-06-13T02:22:42.546+0000][1][safepoint    ] Application time: 1.0001789 seconds
[2022-06-13T02:22:42.547+0000][1][safepoint    ] Entering safepoint region: Cleanup
[2022-06-13T02:22:42.547+0000][1][safepoint    ] Leaving safepoint region
[2022-06-13T02:22:42.548+0000][1][safepoint    ] Total time for which application threads were stopped: 0.0007776 seconds, Stopping threads took: 0.0003480 seconds
[2022-06-13T02:22:43.548+0000][1][safepoint    ] Application time: 1.0002054 seconds
[2022-06-13T02:22:43.549+0000][1][safepoint    ] Entering safepoint region: Cleanup
[2022-06-13T02:22:43.549+0000][1][safepoint    ] Leaving safepoint region
[2022-06-13T02:22:43.550+0000][1][safepoint    ] Total time for which application threads were stopped: 0.0009142 seconds, Stopping threads took: 0.0003715 seconds
[2022-06-13T02:22:44.550+0000][1][safepoint    ] Application time: 1.0001038 seconds
[2022-06-13T02:22:44.551+0000][1][safepoint    ] Entering safepoint region: Cleanup
[2022-06-13T02:22:44.551+0000][1][safepoint    ] Leaving safepoint region
[2022-06-13T02:22:44.551+0000][1][safepoint    ] Total time for which application threads were stopped: 0.0006600 seconds, Stopping threads took: 0.0003259 seconds
[2022-06-13T02:22:45.552+0000][1][safepoint    ] Application time: 1.0003285 seconds
[2022-06-13T02:22:45.552+0000][1][safepoint    ] Entering safepoint region: Cleanup
[2022-06-13T02:22:45.552+0000][1][safepoint    ] Leaving safepoint region
[2022-06-13T02:22:45.553+0000][1][safepoint    ] Total time for which application threads were stopped: 0.0006833 seconds, Stopping threads took: 0.0002126 seconds
[2022-06-13T02:22:46.553+0000][1][safepoint    ] Application time: 1.0001154 seconds
[2022-06-13T02:22:46.554+0000][1][safepoint    ] Entering safepoint region: Cleanup
[2022-06-13T02:22:46.555+0000][1][safepoint    ] Leaving safepoint region
[2022-06-13T02:22:46.555+0000][1][safepoint    ] Total time for which application threads were stopped: 0.0010163 seconds, Stopping threads took: 0.0004300 seconds
[2022-06-13T02:22:47.555+0000][1][safepoint    ] Application time: 1.0001750 seconds
[2022-06-13T02:22:47.556+0000][1][safepoint    ] Entering safepoint region: Cleanup
[2022-06-13T02:22:47.556+0000][1][safepoint    ] Leaving safepoint region
[2022-06-13T02:22:47.556+0000][1][safepoint    ] Total time for which application threads were stopped: 0.0005969 seconds, Stopping threads took: 0.0002884 seconds
[2022-06-13T02:22:48.557+0000][1][safepoint    ] Application time: 1.0001514 seconds
[2022-06-13T02:22:48.557+0000][1][safepoint    ] Entering safepoint region: Cleanup
[2022-06-13T02:22:48.558+0000][1][safepoint    ] Leaving safepoint region
[2022-06-13T02:22:48.558+0000][1][safepoint    ] Total time for which application threads were stopped: 0.0007172 seconds, Stopping threads took: 0.0003502 seconds
[2022-06-13T02:22:49.559+0000][1][safepoint    ] Application time: 1.0003310 seconds
[2022-06-13T02:22:49.559+0000][1][safepoint    ] Entering safepoint region: Cleanup
[2022-06-13T02:22:49.559+0000][1][safepoint    ] Leaving safepoint region
[2022-06-13T02:22:49.560+0000][1][safepoint    ] Total time for which application threads were stopped: 0.0007952 seconds, Stopping threads took: 0.0003284 seconds
[2022-06-13T02:22:50.561+0000][1][safepoint    ] Application time: 1.0003263 seconds
[2022-06-13T02:22:50.561+0000][1][safepoint    ] Entering safepoint region: Cleanup
[2022-06-13T02:22:50.561+0000][1][safepoint    ] Leaving safepoint region
[2022-06-13T02:22:50.561+0000][1][safepoint    ] Total time for which application threads were stopped: 0.0005701 seconds, Stopping threads took: 0.0002437 seconds
[2022-06-13T02:22:51.562+0000][1][safepoint    ] Application time: 1.0001266 seconds
[2022-06-13T02:22:51.562+0000][1][safepoint    ] Entering safepoint region: Cleanup
[2022-06-13T02:22:51.563+0000][1][safepoint    ] Leaving safepoint region
[2022-06-13T02:22:51.563+0000][1][safepoint    ] Total time for which application threads were stopped: 0.0009055 seconds, Stopping threads took: 0.0002546 seconds
[2022-06-13T02:23:02.548+0000][1][safepoint    ] Application time: 10.9840683 seconds
[2022-06-13T02:23:02.548+0000][1][safepoint    ] Entering safepoint region: GenCollectForAllocation
[2022-06-13T02:23:02.548+0000][1][gc,start     ] GC(26) Pause Young (Allocation Failure)
[2022-06-13T02:23:02.549+0000][1][gc,task      ] GC(26) Using 5 workers of 13 for evacuation
[2022-06-13T02:23:02.551+0000][1][gc,age       ] GC(26) Desired survivor size 4456448 bytes, new threshold 6 (max threshold 6)
[2022-06-13T02:23:02.552+0000][1][gc,age       ] GC(26) Age table with threshold 6 (max threshold 6)
[2022-06-13T02:23:02.552+0000][1][gc,age       ] GC(26) - age   1:      32360 bytes,      32360 total
[2022-06-13T02:23:02.552+0000][1][gc,age       ] GC(26) - age   2:      13760 bytes,      46120 total
[2022-06-13T02:23:02.553+0000][1][gc,age       ] GC(26) - age   3:      34328 bytes,      80448 total
[2022-06-13T02:23:02.553+0000][1][gc,age       ] GC(26) - age   4:      79208 bytes,     159656 total
[2022-06-13T02:23:02.554+0000][1][gc,age       ] GC(26) - age   5:     859040 bytes,    1018696 total
[2022-06-13T02:23:02.554+0000][1][gc,heap      ] GC(26) ParNew: 71556K->1578K(78656K)
[2022-06-13T02:23:02.554+0000][1][gc,heap      ] GC(26) CMS: 68164K->68164K(174784K)
[2022-06-13T02:23:02.554+0000][1][gc,metaspace ] GC(26) Metaspace: 65302K->65302K(1110016K)
[2022-06-13T02:23:02.555+0000][1][gc           ] GC(26) Pause Young (Allocation Failure) 136M->68M(247M) 6.387ms
[2022-06-13T02:23:02.555+0000][1][gc,cpu       ] GC(26) User=0.00s Sys=0.01s Real=0.01s
[2022-06-13T02:23:02.555+0000][1][safepoint    ] Leaving safepoint region
[2022-06-13T02:23:02.555+0000][1][safepoint    ] Total time for which application threads were stopped: 0.0074636 seconds, Stopping threads took: 0.0002851 seconds
[2022-06-13T02:23:10.557+0000][1][safepoint    ] Application time: 8.0014696 seconds
[2022-06-13T02:23:10.558+0000][1][safepoint    ] Entering safepoint region: Cleanup
[2022-06-13T02:23:10.558+0000][1][safepoint    ] Leaving safepoint region
[2022-06-13T02:23:10.558+0000][1][safepoint    ] Total time for which application threads were stopped: 0.0007249 seconds, Stopping threads took: 0.0003208 seconds
[2022-06-13T02:23:16.560+0000][1][safepoint    ] Application time: 6.0010941 seconds
[2022-06-13T02:23:16.560+0000][1][safepoint    ] Entering safepoint region: Cleanup
[2022-06-13T02:23:16.561+0000][1][safepoint    ] Leaving safepoint region
[2022-06-13T02:23:16.562+0000][1][safepoint    ] Total time for which application threads were stopped: 0.0014128 seconds, Stopping threads took: 0.0006636 seconds
[2022-06-13T02:23:25.564+0000][1][safepoint    ] Application time: 9.0017999 seconds
[2022-06-13T02:23:25.565+0000][1][safepoint    ] Entering safepoint region: Cleanup
[2022-06-13T02:23:25.566+0000][1][safepoint    ] Leaving safepoint region
[2022-06-13T02:23:25.566+0000][1][safepoint    ] Total time for which application threads were stopped: 0.0015196 seconds, Stopping threads took: 0.0006497 seconds
[2022-06-13T02:23:52.572+0000][1][safepoint    ] Application time: 27.0050738 seconds
[2022-06-13T02:23:52.573+0000][1][safepoint    ] Entering safepoint region: Cleanup
[2022-06-13T02:23:52.573+0000][1][safepoint    ] Leaving safepoint region
[2022-06-13T02:23:52.574+0000][1][safepoint    ] Total time for which application threads were stopped: 0.0010691 seconds, Stopping threads took: 0.0004590 seconds
[2022-06-13T02:23:58.575+0000][1][safepoint    ] Application time: 6.0007577 seconds
[2022-06-13T02:23:58.575+0000][1][safepoint    ] Entering safepoint region: Cleanup
[2022-06-13T02:23:58.576+0000][1][safepoint    ] Leaving safepoint region
[2022-06-13T02:23:58.576+0000][1][safepoint    ] Total time for which application threads were stopped: 0.0008551 seconds, Stopping threads took: 0.0003751 seconds
[2022-06-13T02:23:59.577+0000][1][safepoint    ] Application time: 1.0003215 seconds
[2022-06-13T02:23:59.577+0000][1][safepoint    ] Entering safepoint region: Cleanup
[2022-06-13T02:23:59.578+0000][1][safepoint    ] Leaving safepoint region
[2022-06-13T02:23:59.578+0000][1][safepoint    ] Total time for which application threads were stopped: 0.0010369 seconds, Stopping threads took: 0.0004937 seconds
[2022-06-13T02:24:00.579+0000][1][safepoint    ] Application time: 1.0002893 seconds
[2022-06-13T02:24:00.580+0000][1][safepoint    ] Entering safepoint region: Cleanup
[2022-06-13T02:24:00.580+0000][1][safepoint    ] Leaving safepoint region
[2022-06-13T02:24:00.581+0000][1][safepoint    ] Total time for which application threads were stopped: 0.0008477 seconds, Stopping threads took: 0.0003480 seconds
[2022-06-13T02:24:01.581+0000][1][safepoint    ] Application time: 1.0001639 seconds
[2022-06-13T02:24:01.582+0000][1][safepoint    ] Entering safepoint region: Cleanup
[2022-06-13T02:24:01.583+0000][1][safepoint    ] Leaving safepoint region
[2022-06-13T02:24:01.583+0000][1][safepoint    ] Total time for which application threads were stopped: 0.0011643 seconds, Stopping threads took: 0.0005312 seconds
[2022-06-13T02:24:02.584+0000][1][safepoint    ] Application time: 1.0004002 seconds
[2022-06-13T02:24:02.585+0000][1][safepoint    ] Entering safepoint region: Cleanup
[2022-06-13T02:24:02.585+0000][1][safepoint    ] Leaving safepoint region
[2022-06-13T02:24:02.586+0000][1][safepoint    ] Total time for which application threads were stopped: 0.0012970 seconds, Stopping threads took: 0.0005553 seconds
[2022-06-13T02:24:03.586+0000][1][safepoint    ] Application time: 1.0001936 seconds
[2022-06-13T02:24:03.587+0000][1][safepoint    ] Entering safepoint region: Cleanup
[2022-06-13T02:24:03.588+0000][1][safepoint    ] Leaving safepoint region
[2022-06-13T02:24:03.588+0000][1][safepoint    ] Total time for which application threads were stopped: 0.0008792 seconds, Stopping threads took: 0.0004188 seconds
[2022-06-13T02:24:04.589+0000][1][safepoint    ] Application time: 1.0002874 seconds
[2022-06-13T02:24:04.589+0000][1][safepoint    ] Entering safepoint region: Cleanup
[2022-06-13T02:24:04.591+0000][1][safepoint    ] Leaving safepoint region
[2022-06-13T02:24:04.592+0000][1][safepoint    ] Total time for which application threads were stopped: 0.0021158 seconds, Stopping threads took: 0.0007837 seconds
[2022-06-13T02:24:05.592+0000][1][safepoint    ] Application time: 1.0004255 seconds
[2022-06-13T02:24:05.593+0000][1][safepoint    ] Entering safepoint region: Cleanup
[2022-06-13T02:24:05.593+0000][1][safepoint    ] Leaving safepoint region
[2022-06-13T02:24:05.593+0000][1][safepoint    ] Total time for which application threads were stopped: 0.0005611 seconds, Stopping threads took: 0.0002696 seconds
[2022-06-13T02:24:06.594+0000][1][safepoint    ] Application time: 1.0002426 seconds
[2022-06-13T02:24:06.594+0000][1][safepoint    ] Entering safepoint region: Cleanup
[2022-06-13T02:24:06.595+0000][1][safepoint    ] Leaving safepoint region
[2022-06-13T02:24:06.595+0000][1][safepoint    ] Total time for which application threads were stopped: 0.0008966 seconds, Stopping threads took: 0.0005261 seconds
[2022-06-13T02:24:07.595+0000][1][safepoint    ] Application time: 1.0001941 seconds
[2022-06-13T02:24:07.596+0000][1][safepoint    ] Entering safepoint region: Cleanup
[2022-06-13T02:24:07.597+0000][1][safepoint    ] Leaving safepoint region
[2022-06-13T02:24:07.597+0000][1][safepoint    ] Total time for which application threads were stopped: 0.0012174 seconds, Stopping threads took: 0.0004531 seconds
[2022-06-13T02:24:08.598+0000][1][safepoint    ] Application time: 1.0002427 seconds
[2022-06-13T02:24:08.598+0000][1][safepoint    ] Entering safepoint region: Cleanup
[2022-06-13T02:24:08.599+0000][1][safepoint    ] Leaving safepoint region
[2022-06-13T02:24:08.599+0000][1][safepoint    ] Total time for which application threads were stopped: 0.0008873 seconds, Stopping threads took: 0.0004190 seconds
[2022-06-13T02:24:09.600+0000][1][safepoint    ] Application time: 1.0002807 seconds
[2022-06-13T02:24:09.600+0000][1][safepoint    ] Entering safepoint region: Cleanup
[2022-06-13T02:24:09.601+0000][1][safepoint    ] Leaving safepoint region
[2022-06-13T02:24:09.601+0000][1][safepoint    ] Total time for which application threads were stopped: 0.0005659 seconds, Stopping threads took: 0.0002407 seconds
[2022-06-13T02:24:10.601+0000][1][safepoint    ] Application time: 1.0001527 seconds
[2022-06-13T02:24:10.602+0000][1][safepoint    ] Entering safepoint region: Cleanup
[2022-06-13T02:24:10.602+0000][1][safepoint    ] Leaving safepoint region
[2022-06-13T02:24:10.602+0000][1][safepoint    ] Total time for which application threads were stopped: 0.0004251 seconds, Stopping threads took: 0.0002021 seconds
[2022-06-13T02:24:11.603+0000][1][safepoint    ] Application time: 1.0003409 seconds
[2022-06-13T02:24:11.603+0000][1][safepoint    ] Entering safepoint region: Cleanup
[2022-06-13T02:24:11.604+0000][1][safepoint    ] Leaving safepoint region
[2022-06-13T02:24:11.604+0000][1][safepoint    ] Total time for which application threads were stopped: 0.0009927 seconds, Stopping threads took: 0.0004934 seconds
[2022-06-13T02:24:12.605+0000][1][safepoint    ] Application time: 1.0004219 seconds
[2022-06-13T02:24:12.606+0000][1][safepoint    ] Entering safepoint region: Cleanup
[2022-06-13T02:24:12.607+0000][1][safepoint    ] Leaving safepoint region
[2022-06-13T02:24:12.607+0000][1][safepoint    ] Total time for which application threads were stopped: 0.0013456 seconds, Stopping threads took: 0.0006535 seconds
[2022-06-13T02:24:13.608+0000][1][safepoint    ] Application time: 1.0002614 seconds
[2022-06-13T02:24:13.608+0000][1][safepoint    ] Entering safepoint region: Cleanup
[2022-06-13T02:24:13.609+0000][1][safepoint    ] Leaving safepoint region
[2022-06-13T02:24:13.609+0000][1][safepoint    ] Total time for which application threads were stopped: 0.0008054 seconds, Stopping threads took: 0.0004171 seconds
[2022-06-13T02:24:14.610+0000][1][safepoint    ] Application time: 1.0001520 seconds
[2022-06-13T02:24:14.610+0000][1][safepoint    ] Entering safepoint region: Cleanup
[2022-06-13T02:24:14.610+0000][1][safepoint    ] Leaving safepoint region
[2022-06-13T02:24:14.611+0000][1][safepoint    ] Total time for which application threads were stopped: 0.0004852 seconds, Stopping threads took: 0.0002163 seconds
[2022-06-13T02:24:15.611+0000][1][safepoint    ] Application time: 1.0002086 seconds
[2022-06-13T02:24:15.611+0000][1][safepoint    ] Entering safepoint region: Cleanup
[2022-06-13T02:24:15.612+0000][1][safepoint    ] Leaving safepoint region
[2022-06-13T02:24:15.612+0000][1][safepoint    ] Total time for which application threads were stopped: 0.0007370 seconds, Stopping threads took: 0.0003770 seconds
[2022-06-13T02:24:16.613+0000][1][safepoint    ] Application time: 1.0001067 seconds
[2022-06-13T02:24:16.613+0000][1][safepoint    ] Entering safepoint region: Cleanup
[2022-06-13T02:24:16.613+0000][1][safepoint    ] Leaving safepoint region
[2022-06-13T02:24:16.614+0000][1][safepoint    ] Total time for which application threads were stopped: 0.0006797 seconds, Stopping threads took: 0.0002967 seconds
[2022-06-13T02:24:17.614+0000][1][safepoint    ] Application time: 1.0001870 seconds
[2022-06-13T02:24:17.615+0000][1][safepoint    ] Entering safepoint region: Cleanup
[2022-06-13T02:24:17.615+0000][1][safepoint    ] Leaving safepoint region
[2022-06-13T02:24:17.615+0000][1][safepoint    ] Total time for which application threads were stopped: 0.0007593 seconds, Stopping threads took: 0.0002759 seconds
[2022-06-13T02:24:18.616+0000][1][safepoint    ] Application time: 1.0001110 seconds
[2022-06-13T02:24:18.616+0000][1][safepoint    ] Entering safepoint region: Cleanup
[2022-06-13T02:24:18.616+0000][1][safepoint    ] Leaving safepoint region
[2022-06-13T02:24:18.617+0000][1][safepoint    ] Total time for which application threads were stopped: 0.0005326 seconds, Stopping threads took: 0.0003173 seconds
[2022-06-13T02:24:19.617+0000][1][safepoint    ] Application time: 1.0001546 seconds
[2022-06-13T02:24:19.617+0000][1][safepoint    ] Entering safepoint region: Cleanup
[2022-06-13T02:24:19.618+0000][1][safepoint    ] Leaving safepoint region
[2022-06-13T02:24:19.618+0000][1][safepoint    ] Total time for which application threads were stopped: 0.0004577 seconds, Stopping threads took: 0.0002578 seconds
[2022-06-13T02:24:20.618+0000][1][safepoint    ] Application time: 1.0001096 seconds
[2022-06-13T02:24:20.618+0000][1][safepoint    ] Entering safepoint region: Cleanup
[2022-06-13T02:24:20.619+0000][1][safepoint    ] Leaving safepoint region
[2022-06-13T02:24:20.619+0000][1][safepoint    ] Total time for which application threads were stopped: 0.0006598 seconds, Stopping threads took: 0.0002674 seconds
[2022-06-13T02:24:21.620+0000][1][safepoint    ] Application time: 1.0001931 seconds
[2022-06-13T02:24:21.620+0000][1][safepoint    ] Entering safepoint region: Cleanup
[2022-06-13T02:24:21.620+0000][1][safepoint    ] Leaving safepoint region
[2022-06-13T02:24:21.620+0000][1][safepoint    ] Total time for which application threads were stopped: 0.0004491 seconds, Stopping threads took: 0.0002030 seconds
[2022-06-13T02:24:22.621+0000][1][safepoint    ] Application time: 1.0001785 seconds
[2022-06-13T02:24:22.621+0000][1][safepoint    ] Entering safepoint region: Cleanup
[2022-06-13T02:24:22.622+0000][1][safepoint    ] Leaving safepoint region
[2022-06-13T02:24:22.622+0000][1][safepoint    ] Total time for which application threads were stopped: 0.0006368 seconds, Stopping threads took: 0.0002777 seconds
[2022-06-13T02:24:23.622+0000][1][safepoint    ] Application time: 1.0001567 seconds
[2022-06-13T02:24:23.623+0000][1][safepoint    ] Entering safepoint region: Cleanup
[2022-06-13T02:24:23.623+0000][1][safepoint    ] Leaving safepoint region
[2022-06-13T02:24:23.623+0000][1][safepoint    ] Total time for which application threads were stopped: 0.0005543 seconds, Stopping threads took: 0.0002108 seconds
[2022-06-13T02:24:24.624+0000][1][safepoint    ] Application time: 1.0001893 seconds
[2022-06-13T02:24:24.624+0000][1][safepoint    ] Entering safepoint region: Cleanup
[2022-06-13T02:24:24.624+0000][1][safepoint    ] Leaving safepoint region
[2022-06-13T02:24:24.625+0000][1][safepoint    ] Total time for which application threads were stopped: 0.0005557 seconds, Stopping threads took: 0.0002472 seconds
[2022-06-13T02:24:25.625+0000][1][safepoint    ] Application time: 1.0003192 seconds
[2022-06-13T02:24:25.626+0000][1][safepoint    ] Entering safepoint region: Cleanup
[2022-06-13T02:24:25.626+0000][1][safepoint    ] Leaving safepoint region
[2022-06-13T02:24:25.626+0000][1][safepoint    ] Total time for which application threads were stopped: 0.0007374 seconds, Stopping threads took: 0.0003473 seconds
[2022-06-13T02:24:26.627+0000][1][safepoint    ] Application time: 1.0001210 seconds
[2022-06-13T02:24:26.627+0000][1][safepoint    ] Entering safepoint region: Cleanup
[2022-06-13T02:24:26.628+0000][1][safepoint    ] Leaving safepoint region
[2022-06-13T02:24:26.628+0000][1][safepoint    ] Total time for which application threads were stopped: 0.0008977 seconds, Stopping threads took: 0.0004396 seconds
[2022-06-13T02:24:27.629+0000][1][safepoint    ] Application time: 1.0001237 seconds
[2022-06-13T02:24:27.629+0000][1][safepoint    ] Entering safepoint region: Cleanup
[2022-06-13T02:24:27.629+0000][1][safepoint    ] Leaving safepoint region
[2022-06-13T02:24:27.629+0000][1][safepoint    ] Total time for which application threads were stopped: 0.0004114 seconds, Stopping threads took: 0.0002015 seconds
[2022-06-13T02:24:28.630+0000][1][safepoint    ] Application time: 1.0001147 seconds
[2022-06-13T02:24:28.630+0000][1][safepoint    ] Entering safepoint region: Cleanup
[2022-06-13T02:24:28.630+0000][1][safepoint    ] Leaving safepoint region
[2022-06-13T02:24:28.631+0000][1][safepoint    ] Total time for which application threads were stopped: 0.0006503 seconds, Stopping threads took: 0.0003146 seconds
[2022-06-13T02:24:29.631+0000][1][safepoint    ] Application time: 1.0002121 seconds
[2022-06-13T02:24:29.632+0000][1][safepoint    ] Entering safepoint region: Cleanup
[2022-06-13T02:24:29.632+0000][1][safepoint    ] Leaving safepoint region
[2022-06-13T02:24:29.633+0000][1][safepoint    ] Total time for which application threads were stopped: 0.0011554 seconds, Stopping threads took: 0.0003573 seconds
[2022-06-13T02:24:30.633+0000][1][safepoint    ] Application time: 1.0001451 seconds
[2022-06-13T02:24:30.634+0000][1][safepoint    ] Entering safepoint region: Cleanup
[2022-06-13T02:24:30.635+0000][1][safepoint    ] Leaving safepoint region
[2022-06-13T02:24:30.635+0000][1][safepoint    ] Total time for which application threads were stopped: 0.0009953 seconds, Stopping threads took: 0.0004568 seconds
[2022-06-13T02:24:31.636+0000][1][safepoint    ] Application time: 1.0002845 seconds
[2022-06-13T02:24:31.636+0000][1][safepoint    ] Entering safepoint region: Cleanup
[2022-06-13T02:24:31.637+0000][1][safepoint    ] Leaving safepoint region
[2022-06-13T02:24:31.637+0000][1][safepoint    ] Total time for which application threads were stopped: 0.0007635 seconds, Stopping threads took: 0.0003386 seconds
[2022-06-13T02:24:32.638+0000][1][safepoint    ] Application time: 1.0002093 seconds
[2022-06-13T02:24:32.638+0000][1][safepoint    ] Entering safepoint region: Cleanup
[2022-06-13T02:24:32.638+0000][1][safepoint    ] Leaving safepoint region
[2022-06-13T02:24:32.639+0000][1][safepoint    ] Total time for which application threads were stopped: 0.0004728 seconds, Stopping threads took: 0.0002136 seconds
[2022-06-13T02:24:33.639+0000][1][safepoint    ] Application time: 1.0003483 seconds
[2022-06-13T02:24:33.640+0000][1][safepoint    ] Entering safepoint region: Cleanup
[2022-06-13T02:24:33.640+0000][1][safepoint    ] Leaving safepoint region
[2022-06-13T02:24:33.641+0000][1][safepoint    ] Total time for which application threads were stopped: 0.0009965 seconds, Stopping threads took: 0.0004831 seconds
[2022-06-13T02:24:34.642+0000][1][safepoint    ] Application time: 1.0002609 seconds
[2022-06-13T02:24:34.642+0000][1][safepoint    ] Entering safepoint region: Cleanup
[2022-06-13T02:24:34.643+0000][1][safepoint    ] Leaving safepoint region
[2022-06-13T02:24:34.643+0000][1][safepoint    ] Total time for which application threads were stopped: 0.0008436 seconds, Stopping threads took: 0.0003655 seconds
[2022-06-13T02:24:35.643+0000][1][safepoint    ] Application time: 1.0001677 seconds
[2022-06-13T02:24:35.644+0000][1][safepoint    ] Entering safepoint region: Cleanup
[2022-06-13T02:24:35.644+0000][1][safepoint    ] Leaving safepoint region
[2022-06-13T02:24:35.644+0000][1][safepoint    ] Total time for which application threads were stopped: 0.0005557 seconds, Stopping threads took: 0.0002060 seconds
[2022-06-13T02:24:36.645+0000][1][safepoint    ] Application time: 1.0001486 seconds
[2022-06-13T02:24:36.645+0000][1][safepoint    ] Entering safepoint region: Cleanup
[2022-06-13T02:24:36.646+0000][1][safepoint    ] Leaving safepoint region
[2022-06-13T02:24:36.646+0000][1][safepoint    ] Total time for which application threads were stopped: 0.0006829 seconds, Stopping threads took: 0.0004056 seconds
[2022-06-13T02:24:37.646+0000][1][safepoint    ] Application time: 1.0002361 seconds
[2022-06-13T02:24:37.647+0000][1][safepoint    ] Entering safepoint region: Cleanup
[2022-06-13T02:24:37.648+0000][1][safepoint    ] Leaving safepoint region
[2022-06-13T02:24:37.648+0000][1][safepoint    ] Total time for which application threads were stopped: 0.0010466 seconds, Stopping threads took: 0.0004855 seconds
[2022-06-13T02:24:38.649+0000][1][safepoint    ] Application time: 1.0002899 seconds
[2022-06-13T02:24:38.649+0000][1][safepoint    ] Entering safepoint region: Cleanup
[2022-06-13T02:24:38.650+0000][1][safepoint    ] Leaving safepoint region
[2022-06-13T02:24:38.650+0000][1][safepoint    ] Total time for which application threads were stopped: 0.0009385 seconds, Stopping threads took: 0.0004341 seconds
[2022-06-13T02:24:39.651+0000][1][safepoint    ] Application time: 1.0003184 seconds
[2022-06-13T02:24:39.651+0000][1][safepoint    ] Entering safepoint region: Cleanup
[2022-06-13T02:24:39.652+0000][1][safepoint    ] Leaving safepoint region
[2022-06-13T02:24:39.652+0000][1][safepoint    ] Total time for which application threads were stopped: 0.0006910 seconds, Stopping threads took: 0.0003328 seconds
[2022-06-13T02:24:40.653+0000][1][safepoint    ] Application time: 1.0002313 seconds
[2022-06-13T02:24:40.653+0000][1][safepoint    ] Entering safepoint region: Cleanup
[2022-06-13T02:24:40.654+0000][1][safepoint    ] Leaving safepoint region
[2022-06-13T02:24:40.654+0000][1][safepoint    ] Total time for which application threads were stopped: 0.0009599 seconds, Stopping threads took: 0.0004754 seconds
[2022-06-13T02:24:41.655+0000][1][safepoint    ] Application time: 1.0001755 seconds
[2022-06-13T02:24:41.655+0000][1][safepoint    ] Entering safepoint region: Cleanup
[2022-06-13T02:24:41.656+0000][1][safepoint    ] Leaving safepoint region
[2022-06-13T02:24:41.656+0000][1][safepoint    ] Total time for which application threads were stopped: 0.0007351 seconds, Stopping threads took: 0.0003834 seconds
[2022-06-13T02:24:42.657+0000][1][safepoint    ] Application time: 1.0001840 seconds
[2022-06-13T02:24:42.658+0000][1][safepoint    ] Entering safepoint region: Cleanup
[2022-06-13T02:24:42.658+0000][1][safepoint    ] Leaving safepoint region
[2022-06-13T02:24:42.658+0000][1][safepoint    ] Total time for which application threads were stopped: 0.0007906 seconds, Stopping threads took: 0.0004316 seconds
[2022-06-13T02:24:43.659+0000][1][safepoint    ] Application time: 1.0001490 seconds
[2022-06-13T02:24:43.659+0000][1][safepoint    ] Entering safepoint region: Cleanup
[2022-06-13T02:24:43.659+0000][1][safepoint    ] Leaving safepoint region
[2022-06-13T02:24:43.659+0000][1][safepoint    ] Total time for which application threads were stopped: 0.0004691 seconds, Stopping threads took: 0.0002285 seconds
[2022-06-13T02:24:44.660+0000][1][safepoint    ] Application time: 1.0000858 seconds
[2022-06-13T02:24:44.660+0000][1][safepoint    ] Entering safepoint region: Cleanup
[2022-06-13T02:24:44.661+0000][1][safepoint    ] Leaving safepoint region
[2022-06-13T02:24:44.661+0000][1][safepoint    ] Total time for which application threads were stopped: 0.0004502 seconds, Stopping threads took: 0.0002333 seconds
[2022-06-13T02:24:45.661+0000][1][safepoint    ] Application time: 1.0001570 seconds
[2022-06-13T02:24:45.661+0000][1][safepoint    ] Entering safepoint region: Cleanup
[2022-06-13T02:24:45.662+0000][1][safepoint    ] Leaving safepoint region
[2022-06-13T02:24:45.662+0000][1][safepoint    ] Total time for which application threads were stopped: 0.0007149 seconds, Stopping threads took: 0.0003091 seconds
[2022-06-13T02:24:46.663+0000][1][safepoint    ] Application time: 1.0001846 seconds
[2022-06-13T02:24:46.663+0000][1][safepoint    ] Entering safepoint region: Cleanup
[2022-06-13T02:24:46.664+0000][1][safepoint    ] Leaving safepoint region
[2022-06-13T02:24:46.664+0000][1][safepoint    ] Total time for which application threads were stopped: 0.0010595 seconds, Stopping threads took: 0.0004658 seconds
[2022-06-13T02:24:47.665+0000][1][safepoint    ] Application time: 1.0003206 seconds
[2022-06-13T02:24:47.666+0000][1][safepoint    ] Entering safepoint region: Cleanup
[2022-06-13T02:24:47.666+0000][1][safepoint    ] Leaving safepoint region
[2022-06-13T02:24:47.666+0000][1][safepoint    ] Total time for which application threads were stopped: 0.0007759 seconds, Stopping threads took: 0.0003636 seconds
[2022-06-13T02:24:48.667+0000][1][safepoint    ] Application time: 1.0001420 seconds
[2022-06-13T02:24:48.667+0000][1][safepoint    ] Entering safepoint region: Cleanup
[2022-06-13T02:24:48.668+0000][1][safepoint    ] Leaving safepoint region
[2022-06-13T02:24:48.668+0000][1][safepoint    ] Total time for which application threads were stopped: 0.0007952 seconds, Stopping threads took: 0.0003201 seconds
[2022-06-13T02:24:49.669+0000][1][safepoint    ] Application time: 1.0001726 seconds
[2022-06-13T02:24:49.669+0000][1][safepoint    ] Entering safepoint region: Cleanup
[2022-06-13T02:24:49.669+0000][1][safepoint    ] Leaving safepoint region
[2022-06-13T02:24:49.670+0000][1][safepoint    ] Total time for which application threads were stopped: 0.0006886 seconds, Stopping threads took: 0.0002450 seconds
[2022-06-13T02:24:52.671+0000][1][safepoint    ] Application time: 3.0006148 seconds
[2022-06-13T02:24:52.671+0000][1][safepoint    ] Entering safepoint region: Cleanup
[2022-06-13T02:24:52.672+0000][1][safepoint    ] Leaving safepoint region
[2022-06-13T02:24:52.672+0000][1][safepoint    ] Total time for which application threads were stopped: 0.0007575 seconds, Stopping threads took: 0.0003631 seconds
[2022-06-13T02:25:22.678+0000][1][safepoint    ] Application time: 30.0055688 seconds
[2022-06-13T02:25:22.678+0000][1][safepoint    ] Entering safepoint region: Cleanup
[2022-06-13T02:25:22.679+0000][1][safepoint    ] Leaving safepoint region
[2022-06-13T02:25:22.679+0000][1][safepoint    ] Total time for which application threads were stopped: 0.0008463 seconds, Stopping threads took: 0.0004051 seconds
[2022-06-13T02:25:34.681+0000][1][safepoint    ] Application time: 12.0017411 seconds
[2022-06-13T02:25:34.682+0000][1][safepoint    ] Entering safepoint region: Cleanup
[2022-06-13T02:25:34.682+0000][1][safepoint    ] Leaving safepoint region
[2022-06-13T02:25:34.683+0000][1][safepoint    ] Total time for which application threads were stopped: 0.0008595 seconds, Stopping threads took: 0.0003580 seconds
[2022-06-13T02:25:37.648+0000][1][safepoint    ] Application time: 2.9647500 seconds
[2022-06-13T02:25:37.648+0000][1][safepoint    ] Entering safepoint region: GenCollectForAllocation
[2022-06-13T02:25:37.649+0000][1][gc,start     ] GC(27) Pause Young (Allocation Failure)
[2022-06-13T02:25:37.649+0000][1][gc,task      ] GC(27) Using 5 workers of 13 for evacuation
[2022-06-13T02:25:37.652+0000][1][gc,age       ] GC(27) Desired survivor size 4456448 bytes, new threshold 6 (max threshold 6)
[2022-06-13T02:25:37.652+0000][1][gc,age       ] GC(27) Age table with threshold 6 (max threshold 6)
[2022-06-13T02:25:37.653+0000][1][gc,age       ] GC(27) - age   1:      31608 bytes,      31608 total
[2022-06-13T02:25:37.653+0000][1][gc,age       ] GC(27) - age   2:      13904 bytes,      45512 total
[2022-06-13T02:25:37.653+0000][1][gc,age       ] GC(27) - age   3:      13760 bytes,      59272 total
[2022-06-13T02:25:37.654+0000][1][gc,age       ] GC(27) - age   4:      34328 bytes,      93600 total
[2022-06-13T02:25:37.654+0000][1][gc,age       ] GC(27) - age   5:      79208 bytes,     172808 total
[2022-06-13T02:25:37.655+0000][1][gc,age       ] GC(27) - age   6:     859040 bytes,    1031848 total
[2022-06-13T02:25:37.655+0000][1][gc,heap      ] GC(27) ParNew: 71530K->1620K(78656K)
[2022-06-13T02:25:37.656+0000][1][gc,heap      ] GC(27) CMS: 68164K->68164K(174784K)
[2022-06-13T02:25:37.656+0000][1][gc,metaspace ] GC(27) Metaspace: 65335K->65335K(1110016K)
[2022-06-13T02:25:37.656+0000][1][gc           ] GC(27) Pause Young (Allocation Failure) 136M->68M(247M) 7.663ms
[2022-06-13T02:25:37.657+0000][1][gc,cpu       ] GC(27) User=0.01s Sys=0.00s Real=0.01s
[2022-06-13T02:25:37.658+0000][1][safepoint    ] Leaving safepoint region
[2022-06-13T02:25:37.658+0000][1][safepoint    ] Total time for which application threads were stopped: 0.0099812 seconds, Stopping threads took: 0.0005025 seconds
[2022-06-13T02:26:02.663+0000][1][safepoint    ] Application time: 25.0039482 seconds
[2022-06-13T02:26:02.663+0000][1][safepoint    ] Entering safepoint region: Cleanup
[2022-06-13T02:26:02.664+0000][1][safepoint    ] Leaving safepoint region
[2022-06-13T02:26:02.664+0000][1][safepoint    ] Total time for which application threads were stopped: 0.0005911 seconds, Stopping threads took: 0.0002551 seconds
[2022-06-13T02:26:06.665+0000][1][safepoint    ] Application time: 4.0005884 seconds
[2022-06-13T02:26:06.665+0000][1][safepoint    ] Entering safepoint region: Cleanup
[2022-06-13T02:26:06.666+0000][1][safepoint    ] Leaving safepoint region
[2022-06-13T02:26:06.666+0000][1][safepoint    ] Total time for which application threads were stopped: 0.0007714 seconds, Stopping threads took: 0.0003962 seconds
[2022-06-13T02:26:12.667+0000][1][safepoint    ] Application time: 6.0009969 seconds
[2022-06-13T02:26:12.667+0000][1][safepoint    ] Entering safepoint region: Cleanup
[2022-06-13T02:26:12.668+0000][1][safepoint    ] Leaving safepoint region
[2022-06-13T02:26:12.668+0000][1][safepoint    ] Total time for which application threads were stopped: 0.0005239 seconds, Stopping threads took: 0.0002232 seconds
[2022-06-13T02:26:33.672+0000][1][safepoint    ] Application time: 21.0038798 seconds
[2022-06-13T02:26:33.673+0000][1][safepoint    ] Entering safepoint region: Cleanup
[2022-06-13T02:26:33.673+0000][1][safepoint    ] Leaving safepoint region
[2022-06-13T02:26:33.673+0000][1][safepoint    ] Total time for which application threads were stopped: 0.0009702 seconds, Stopping threads took: 0.0005342 seconds
[2022-06-13T02:27:15.681+0000][1][safepoint    ] Application time: 42.0070267 seconds
[2022-06-13T02:27:15.681+0000][1][safepoint    ] Entering safepoint region: Cleanup
[2022-06-13T02:27:15.682+0000][1][safepoint    ] Leaving safepoint region
[2022-06-13T02:27:15.682+0000][1][safepoint    ] Total time for which application threads were stopped: 0.0008601 seconds, Stopping threads took: 0.0004063 seconds
[2022-06-13T02:27:16.683+0000][1][safepoint    ] Application time: 1.0002356 seconds
[2022-06-13T02:27:16.683+0000][1][safepoint    ] Entering safepoint region: Cleanup
[2022-06-13T02:27:16.684+0000][1][safepoint    ] Leaving safepoint region
[2022-06-13T02:27:16.684+0000][1][safepoint    ] Total time for which application threads were stopped: 0.0007399 seconds, Stopping threads took: 0.0003477 seconds
[2022-06-13T02:27:17.685+0000][1][safepoint    ] Application time: 1.0002268 seconds
[2022-06-13T02:27:17.686+0000][1][safepoint    ] Entering safepoint region: Cleanup
[2022-06-13T02:27:17.686+0000][1][safepoint    ] Leaving safepoint region
[2022-06-13T02:27:17.687+0000][1][safepoint    ] Total time for which application threads were stopped: 0.0011057 seconds, Stopping threads took: 0.0004294 seconds
[2022-06-13T02:27:28.689+0000][1][safepoint    ] Application time: 11.0019523 seconds
[2022-06-13T02:27:28.689+0000][1][safepoint    ] Entering safepoint region: Cleanup
[2022-06-13T02:27:28.690+0000][1][safepoint    ] Leaving safepoint region
[2022-06-13T02:27:28.690+0000][1][safepoint    ] Total time for which application threads were stopped: 0.0006193 seconds, Stopping threads took: 0.0002973 seconds
[2022-06-13T02:27:41.693+0000][1][safepoint    ] Application time: 13.0030091 seconds
[2022-06-13T02:27:41.694+0000][1][safepoint    ] Entering safepoint region: Cleanup
[2022-06-13T02:27:41.695+0000][1][safepoint    ] Leaving safepoint region
[2022-06-13T02:27:41.696+0000][1][safepoint    ] Total time for which application threads were stopped: 0.0014350 seconds, Stopping threads took: 0.0006564 seconds
[2022-06-13T02:27:44.697+0000][1][safepoint    ] Application time: 3.0005898 seconds
[2022-06-13T02:27:44.697+0000][1][safepoint    ] Entering safepoint region: Cleanup
[2022-06-13T02:27:44.697+0000][1][safepoint    ] Leaving safepoint region
[2022-06-13T02:27:44.697+0000][1][safepoint    ] Total time for which application threads were stopped: 0.0005429 seconds, Stopping threads took: 0.0002640 seconds
[2022-06-13T02:27:59.700+0000][1][safepoint    ] Application time: 15.0024342 seconds
[2022-06-13T02:27:59.701+0000][1][safepoint    ] Entering safepoint region: Cleanup
[2022-06-13T02:27:59.701+0000][1][safepoint    ] Leaving safepoint region
[2022-06-13T02:27:59.702+0000][1][safepoint    ] Total time for which application threads were stopped: 0.0010977 seconds, Stopping threads took: 0.0005015 seconds
[2022-06-13T02:28:05.703+0000][1][safepoint    ] Application time: 6.0012141 seconds
[2022-06-13T02:28:05.704+0000][1][safepoint    ] Entering safepoint region: Cleanup
[2022-06-13T02:28:05.704+0000][1][safepoint    ] Leaving safepoint region
[2022-06-13T02:28:05.705+0000][1][safepoint    ] Total time for which application threads were stopped: 0.0010278 seconds, Stopping threads took: 0.0004929 seconds
[2022-06-13T02:28:15.707+0000][1][safepoint    ] Application time: 10.0018499 seconds
[2022-06-13T02:28:15.708+0000][1][safepoint    ] Entering safepoint region: Cleanup
[2022-06-13T02:28:15.708+0000][1][safepoint    ] Leaving safepoint region
[2022-06-13T02:28:15.709+0000][1][safepoint    ] Total time for which application threads were stopped: 0.0009716 seconds, Stopping threads took: 0.0004155 seconds
[2022-06-13T02:28:16.745+0000][1][safepoint    ] Application time: 1.0357880 seconds
[2022-06-13T02:28:16.745+0000][1][safepoint    ] Entering safepoint region: GenCollectForAllocation
[2022-06-13T02:28:16.746+0000][1][gc,start     ] GC(28) Pause Young (Allocation Failure)
[2022-06-13T02:28:16.746+0000][1][gc,task      ] GC(28) Using 5 workers of 13 for evacuation
[2022-06-13T02:28:16.749+0000][1][gc,age       ] GC(28) Desired survivor size 4456448 bytes, new threshold 6 (max threshold 6)
[2022-06-13T02:28:16.750+0000][1][gc,age       ] GC(28) Age table with threshold 6 (max threshold 6)
[2022-06-13T02:28:16.750+0000][1][gc,age       ] GC(28) - age   1:      33264 bytes,      33264 total
[2022-06-13T02:28:16.750+0000][1][gc,age       ] GC(28) - age   2:      13784 bytes,      47048 total
[2022-06-13T02:28:16.750+0000][1][gc,age       ] GC(28) - age   3:      13904 bytes,      60952 total
[2022-06-13T02:28:16.751+0000][1][gc,age       ] GC(28) - age   4:      13760 bytes,      74712 total
[2022-06-13T02:28:16.751+0000][1][gc,age       ] GC(28) - age   5:      34328 bytes,     109040 total
[2022-06-13T02:28:16.752+0000][1][gc,age       ] GC(28) - age   6:      79208 bytes,     188248 total
[2022-06-13T02:28:16.752+0000][1][gc,heap      ] GC(28) ParNew: 71572K->979K(78656K)
[2022-06-13T02:28:16.752+0000][1][gc,heap      ] GC(28) CMS: 68164K->69017K(174784K)
[2022-06-13T02:28:16.753+0000][1][gc,metaspace ] GC(28) Metaspace: 65340K->65340K(1110016K)
[2022-06-13T02:28:16.753+0000][1][gc           ] GC(28) Pause Young (Allocation Failure) 136M->68M(247M) 7.026ms
[2022-06-13T02:28:16.753+0000][1][gc,cpu       ] GC(28) User=0.00s Sys=0.01s Real=0.01s
[2022-06-13T02:28:16.754+0000][1][safepoint    ] Leaving safepoint region
[2022-06-13T02:28:16.754+0000][1][safepoint    ] Total time for which application threads were stopped: 0.0086032 seconds, Stopping threads took: 0.0002725 seconds
[2022-06-13T02:28:32.757+0000][1][safepoint    ] Application time: 16.0029855 seconds
[2022-06-13T02:28:32.758+0000][1][safepoint    ] Entering safepoint region: Cleanup
[2022-06-13T02:28:32.758+0000][1][safepoint    ] Leaving safepoint region
[2022-06-13T02:28:32.758+0000][1][safepoint    ] Total time for which application threads were stopped: 0.0005586 seconds, Stopping threads took: 0.0002938 seconds
[2022-06-13T02:28:37.759+0000][1][safepoint    ] Application time: 5.0009997 seconds
[2022-06-13T02:28:37.760+0000][1][safepoint    ] Entering safepoint region: Cleanup
[2022-06-13T02:28:37.760+0000][1][safepoint    ] Leaving safepoint region
[2022-06-13T02:28:37.760+0000][1][safepoint    ] Total time for which application threads were stopped: 0.0006135 seconds, Stopping threads took: 0.0003562 seconds
[2022-06-13T02:28:46.762+0000][1][safepoint    ] Application time: 9.0015971 seconds
[2022-06-13T02:28:46.763+0000][1][safepoint    ] Entering safepoint region: Cleanup
[2022-06-13T02:28:46.763+0000][1][safepoint    ] Leaving safepoint region
[2022-06-13T02:28:46.764+0000][1][safepoint    ] Total time for which application threads were stopped: 0.0010066 seconds, Stopping threads took: 0.0005425 seconds
[2022-06-13T02:28:47.765+0000][1][safepoint    ] Application time: 1.0003565 seconds
[2022-06-13T02:28:47.765+0000][1][safepoint    ] Entering safepoint region: Cleanup
[2022-06-13T02:28:47.766+0000][1][safepoint    ] Leaving safepoint region
[2022-06-13T02:28:47.766+0000][1][safepoint    ] Total time for which application threads were stopped: 0.0008134 seconds, Stopping threads took: 0.0005373 seconds
[2022-06-13T02:28:48.766+0000][1][safepoint    ] Application time: 1.0001976 seconds
[2022-06-13T02:28:48.767+0000][1][safepoint    ] Entering safepoint region: Cleanup
[2022-06-13T02:28:48.767+0000][1][safepoint    ] Leaving safepoint region
[2022-06-13T02:28:48.768+0000][1][safepoint    ] Total time for which application threads were stopped: 0.0007685 seconds, Stopping threads took: 0.0004168 seconds
[2022-06-13T02:28:49.768+0000][1][safepoint    ] Application time: 1.0001724 seconds
[2022-06-13T02:28:49.768+0000][1][safepoint    ] Entering safepoint region: Cleanup
[2022-06-13T02:28:49.769+0000][1][safepoint    ] Leaving safepoint region
[2022-06-13T02:28:49.769+0000][1][safepoint    ] Total time for which application threads were stopped: 0.0006398 seconds, Stopping threads took: 0.0002964 seconds
[2022-06-13T02:28:50.769+0000][1][safepoint    ] Application time: 1.0001594 seconds
[2022-06-13T02:28:50.770+0000][1][safepoint    ] Entering safepoint region: Cleanup
[2022-06-13T02:28:50.770+0000][1][safepoint    ] Leaving safepoint region
[2022-06-13T02:28:50.770+0000][1][safepoint    ] Total time for which application threads were stopped: 0.0005318 seconds, Stopping threads took: 0.0002516 seconds
[2022-06-13T02:28:51.771+0000][1][safepoint    ] Application time: 1.0001825 seconds
[2022-06-13T02:28:51.772+0000][1][safepoint    ] Entering safepoint region: Cleanup
[2022-06-13T02:28:51.772+0000][1][safepoint    ] Leaving safepoint region
[2022-06-13T02:28:51.773+0000][1][safepoint    ] Total time for which application threads were stopped: 0.0011524 seconds, Stopping threads took: 0.0006095 seconds
[2022-06-13T02:28:52.773+0000][1][safepoint    ] Application time: 1.0002403 seconds
[2022-06-13T02:28:52.774+0000][1][safepoint    ] Entering safepoint region: Cleanup
[2022-06-13T02:28:52.774+0000][1][safepoint    ] Leaving safepoint region
[2022-06-13T02:28:52.774+0000][1][safepoint    ] Total time for which application threads were stopped: 0.0005280 seconds, Stopping threads took: 0.0002668 seconds
[2022-06-13T02:28:53.775+0000][1][safepoint    ] Application time: 1.0002286 seconds
[2022-06-13T02:28:53.775+0000][1][safepoint    ] Entering safepoint region: Cleanup
[2022-06-13T02:28:53.775+0000][1][safepoint    ] Leaving safepoint region
[2022-06-13T02:28:53.776+0000][1][safepoint    ] Total time for which application threads were stopped: 0.0007338 seconds, Stopping threads took: 0.0002799 seconds
[2022-06-13T02:28:54.777+0000][1][safepoint    ] Application time: 1.0002845 seconds
[2022-06-13T02:28:54.777+0000][1][safepoint    ] Entering safepoint region: Cleanup
[2022-06-13T02:28:54.778+0000][1][safepoint    ] Leaving safepoint region
[2022-06-13T02:28:54.778+0000][1][safepoint    ] Total time for which application threads were stopped: 0.0010194 seconds, Stopping threads took: 0.0004306 seconds
[2022-06-13T02:28:55.779+0000][1][safepoint    ] Application time: 1.0002869 seconds
[2022-06-13T02:28:55.779+0000][1][safepoint    ] Entering safepoint region: Cleanup
[2022-06-13T02:28:55.779+0000][1][safepoint    ] Leaving safepoint region
[2022-06-13T02:28:55.780+0000][1][safepoint    ] Total time for which application threads were stopped: 0.0005272 seconds, Stopping threads took: 0.0003229 seconds
[2022-06-13T02:28:56.780+0000][1][safepoint    ] Application time: 1.0001056 seconds
[2022-06-13T02:28:56.780+0000][1][safepoint    ] Entering safepoint region: Cleanup
[2022-06-13T02:28:56.781+0000][1][safepoint    ] Leaving safepoint region
[2022-06-13T02:28:56.781+0000][1][safepoint    ] Total time for which application threads were stopped: 0.0004134 seconds, Stopping threads took: 0.0001699 seconds
[2022-06-13T02:28:57.781+0000][1][safepoint    ] Application time: 1.0001061 seconds
[2022-06-13T02:28:57.781+0000][1][safepoint    ] Entering safepoint region: Cleanup
[2022-06-13T02:28:57.782+0000][1][safepoint    ] Leaving safepoint region
[2022-06-13T02:28:57.782+0000][1][safepoint    ] Total time for which application threads were stopped: 0.0005726 seconds, Stopping threads took: 0.0002012 seconds
[2022-06-13T02:28:58.782+0000][1][safepoint    ] Application time: 1.0002333 seconds
[2022-06-13T02:28:58.783+0000][1][safepoint    ] Entering safepoint region: Cleanup
[2022-06-13T02:28:58.783+0000][1][safepoint    ] Leaving safepoint region
[2022-06-13T02:28:58.784+0000][1][safepoint    ] Total time for which application threads were stopped: 0.0008704 seconds, Stopping threads took: 0.0003540 seconds
[2022-06-13T02:28:59.784+0000][1][safepoint    ] Application time: 1.0001220 seconds
[2022-06-13T02:28:59.785+0000][1][safepoint    ] Entering safepoint region: Cleanup
[2022-06-13T02:28:59.785+0000][1][safepoint    ] Leaving safepoint region
[2022-06-13T02:28:59.785+0000][1][safepoint    ] Total time for which application threads were stopped: 0.0005409 seconds, Stopping threads took: 0.0003607 seconds
[2022-06-13T02:29:00.785+0000][1][safepoint    ] Application time: 1.0002147 seconds
[2022-06-13T02:29:00.786+0000][1][safepoint    ] Entering safepoint region: Cleanup
[2022-06-13T02:29:00.787+0000][1][safepoint    ] Leaving safepoint region
[2022-06-13T02:29:00.787+0000][1][safepoint    ] Total time for which application threads were stopped: 0.0007509 seconds, Stopping threads took: 0.0004113 seconds
[2022-06-13T02:29:01.787+0000][1][safepoint    ] Application time: 1.0002302 seconds
[2022-06-13T02:29:01.788+0000][1][safepoint    ] Entering safepoint region: Cleanup
[2022-06-13T02:29:01.788+0000][1][safepoint    ] Leaving safepoint region
[2022-06-13T02:29:01.789+0000][1][safepoint    ] Total time for which application threads were stopped: 0.0009175 seconds, Stopping threads took: 0.0002708 seconds
[2022-06-13T02:29:02.789+0000][1][safepoint    ] Application time: 1.0002212 seconds
[2022-06-13T02:29:02.790+0000][1][safepoint    ] Entering safepoint region: Cleanup
[2022-06-13T02:29:02.790+0000][1][safepoint    ] Leaving safepoint region
[2022-06-13T02:29:02.791+0000][1][safepoint    ] Total time for which application threads were stopped: 0.0006776 seconds, Stopping threads took: 0.0002890 seconds
[2022-06-13T02:29:03.791+0000][1][safepoint    ] Application time: 1.0001671 seconds
[2022-06-13T02:29:03.791+0000][1][safepoint    ] Entering safepoint region: Cleanup
[2022-06-13T02:29:03.792+0000][1][safepoint    ] Leaving safepoint region
[2022-06-13T02:29:03.792+0000][1][safepoint    ] Total time for which application threads were stopped: 0.0006199 seconds, Stopping threads took: 0.0003110 seconds
[2022-06-13T02:29:04.792+0000][1][safepoint    ] Application time: 1.0000909 seconds
[2022-06-13T02:29:04.793+0000][1][safepoint    ] Entering safepoint region: Cleanup
[2022-06-13T02:29:04.793+0000][1][safepoint    ] Leaving safepoint region
[2022-06-13T02:29:04.793+0000][1][safepoint    ] Total time for which application threads were stopped: 0.0004938 seconds, Stopping threads took: 0.0002009 seconds
[2022-06-13T02:29:05.794+0000][1][safepoint    ] Application time: 1.0001599 seconds
[2022-06-13T02:29:05.794+0000][1][safepoint    ] Entering safepoint region: Cleanup
[2022-06-13T02:29:05.795+0000][1][safepoint    ] Leaving safepoint region
[2022-06-13T02:29:05.795+0000][1][safepoint    ] Total time for which application threads were stopped: 0.0008287 seconds, Stopping threads took: 0.0003490 seconds
[2022-06-13T02:29:06.796+0000][1][safepoint    ] Application time: 1.0001891 seconds
[2022-06-13T02:29:06.796+0000][1][safepoint    ] Entering safepoint region: Cleanup
[2022-06-13T02:29:06.797+0000][1][safepoint    ] Leaving safepoint region
[2022-06-13T02:29:06.798+0000][1][safepoint    ] Total time for which application threads were stopped: 0.0014570 seconds, Stopping threads took: 0.0005894 seconds
[2022-06-13T02:29:07.798+0000][1][safepoint    ] Application time: 1.0002481 seconds
[2022-06-13T02:29:07.799+0000][1][safepoint    ] Entering safepoint region: Cleanup
[2022-06-13T02:29:07.799+0000][1][safepoint    ] Leaving safepoint region
[2022-06-13T02:29:07.800+0000][1][safepoint    ] Total time for which application threads were stopped: 0.0009953 seconds, Stopping threads took: 0.0003825 seconds
[2022-06-13T02:29:08.800+0000][1][safepoint    ] Application time: 1.0001171 seconds
[2022-06-13T02:29:08.800+0000][1][safepoint    ] Entering safepoint region: Cleanup
[2022-06-13T02:29:08.801+0000][1][safepoint    ] Leaving safepoint region
[2022-06-13T02:29:08.801+0000][1][safepoint    ] Total time for which application threads were stopped: 0.0005482 seconds, Stopping threads took: 0.0002140 seconds
[2022-06-13T02:29:09.801+0000][1][safepoint    ] Application time: 1.0001285 seconds
[2022-06-13T02:29:09.802+0000][1][safepoint    ] Entering safepoint region: Cleanup
[2022-06-13T02:29:09.802+0000][1][safepoint    ] Leaving safepoint region
[2022-06-13T02:29:09.803+0000][1][safepoint    ] Total time for which application threads were stopped: 0.0018143 seconds, Stopping threads took: 0.0002632 seconds
[2022-06-13T02:29:10.804+0000][1][safepoint    ] Application time: 1.0002193 seconds
[2022-06-13T02:29:10.804+0000][1][safepoint    ] Entering safepoint region: Cleanup
[2022-06-13T02:29:10.804+0000][1][safepoint    ] Leaving safepoint region
[2022-06-13T02:29:10.804+0000][1][safepoint    ] Total time for which application threads were stopped: 0.0003585 seconds, Stopping threads took: 0.0001579 seconds
[2022-06-13T02:29:11.805+0000][1][safepoint    ] Application time: 1.0000966 seconds
[2022-06-13T02:29:11.805+0000][1][safepoint    ] Entering safepoint region: Cleanup
[2022-06-13T02:29:11.805+0000][1][safepoint    ] Leaving safepoint region
[2022-06-13T02:29:11.806+0000][1][safepoint    ] Total time for which application threads were stopped: 0.0006254 seconds, Stopping threads took: 0.0002696 seconds
[2022-06-13T02:29:12.806+0000][1][safepoint    ] Application time: 1.0001503 seconds
[2022-06-13T02:29:12.807+0000][1][safepoint    ] Entering safepoint region: Cleanup
[2022-06-13T02:29:12.807+0000][1][safepoint    ] Leaving safepoint region
[2022-06-13T02:29:12.807+0000][1][safepoint    ] Total time for which application threads were stopped: 0.0007420 seconds, Stopping threads took: 0.0003523 seconds
[2022-06-13T02:29:13.808+0000][1][safepoint    ] Application time: 1.0002464 seconds
[2022-06-13T02:29:13.808+0000][1][safepoint    ] Entering safepoint region: Cleanup
[2022-06-13T02:29:13.809+0000][1][safepoint    ] Leaving safepoint region
[2022-06-13T02:29:13.809+0000][1][safepoint    ] Total time for which application threads were stopped: 0.0011153 seconds, Stopping threads took: 0.0005564 seconds
[2022-06-13T02:29:14.810+0000][1][safepoint    ] Application time: 1.0001781 seconds
[2022-06-13T02:29:14.810+0000][1][safepoint    ] Entering safepoint region: Cleanup
[2022-06-13T02:29:14.811+0000][1][safepoint    ] Leaving safepoint region
[2022-06-13T02:29:14.811+0000][1][safepoint    ] Total time for which application threads were stopped: 0.0007567 seconds, Stopping threads took: 0.0003693 seconds
[2022-06-13T02:29:15.812+0000][1][safepoint    ] Application time: 1.0002008 seconds
[2022-06-13T02:29:15.812+0000][1][safepoint    ] Entering safepoint region: Cleanup
[2022-06-13T02:29:15.813+0000][1][safepoint    ] Leaving safepoint region
[2022-06-13T02:29:15.813+0000][1][safepoint    ] Total time for which application threads were stopped: 0.0006263 seconds, Stopping threads took: 0.0002792 seconds
[2022-06-13T02:29:16.813+0000][1][safepoint    ] Application time: 1.0001034 seconds
[2022-06-13T02:29:16.814+0000][1][safepoint    ] Entering safepoint region: Cleanup
[2022-06-13T02:29:16.814+0000][1][safepoint    ] Leaving safepoint region
[2022-06-13T02:29:16.814+0000][1][safepoint    ] Total time for which application threads were stopped: 0.0008513 seconds, Stopping threads took: 0.0004757 seconds
[2022-06-13T02:29:17.815+0000][1][safepoint    ] Application time: 1.0003364 seconds
[2022-06-13T02:29:17.816+0000][1][safepoint    ] Entering safepoint region: Cleanup
[2022-06-13T02:29:17.816+0000][1][safepoint    ] Leaving safepoint region
[2022-06-13T02:29:17.817+0000][1][safepoint    ] Total time for which application threads were stopped: 0.0008256 seconds, Stopping threads took: 0.0003061 seconds
[2022-06-13T02:29:18.817+0000][1][safepoint    ] Application time: 1.0002636 seconds
[2022-06-13T02:29:18.817+0000][1][safepoint    ] Entering safepoint region: Cleanup
[2022-06-13T02:29:18.818+0000][1][safepoint    ] Leaving safepoint region
[2022-06-13T02:29:18.818+0000][1][safepoint    ] Total time for which application threads were stopped: 0.0006019 seconds, Stopping threads took: 0.0002765 seconds
[2022-06-13T02:29:19.818+0000][1][safepoint    ] Application time: 1.0001802 seconds
[2022-06-13T02:29:19.819+0000][1][safepoint    ] Entering safepoint region: Cleanup
[2022-06-13T02:29:19.820+0000][1][safepoint    ] Leaving safepoint region
[2022-06-13T02:29:19.820+0000][1][safepoint    ] Total time for which application threads were stopped: 0.0011822 seconds, Stopping threads took: 0.0005413 seconds
[2022-06-13T02:29:20.821+0000][1][safepoint    ] Application time: 1.0001884 seconds
[2022-06-13T02:29:20.821+0000][1][safepoint    ] Entering safepoint region: Cleanup
[2022-06-13T02:29:20.822+0000][1][safepoint    ] Leaving safepoint region
[2022-06-13T02:29:20.822+0000][1][safepoint    ] Total time for which application threads were stopped: 0.0006354 seconds, Stopping threads took: 0.0002825 seconds
[2022-06-13T02:29:21.822+0000][1][safepoint    ] Application time: 1.0001934 seconds
[2022-06-13T02:29:21.823+0000][1][safepoint    ] Entering safepoint region: Cleanup
[2022-06-13T02:29:21.823+0000][1][safepoint    ] Leaving safepoint region
[2022-06-13T02:29:21.823+0000][1][safepoint    ] Total time for which application threads were stopped: 0.0005129 seconds, Stopping threads took: 0.0003161 seconds
[2022-06-13T02:29:23.408+0000][1][safepoint    ] Application time: 1.5850849 seconds
[2022-06-13T02:29:23.409+0000][1][safepoint    ] Entering safepoint region: Cleanup
[2022-06-13T02:29:23.410+0000][1][safepoint    ] Leaving safepoint region
[2022-06-13T02:29:23.410+0000][1][safepoint    ] Total time for which application threads were stopped: 0.0016542 seconds, Stopping threads took: 0.0009568 seconds
[2022-06-13T02:29:24.411+0000][1][safepoint    ] Application time: 1.0002122 seconds
[2022-06-13T02:29:24.412+0000][1][safepoint    ] Entering safepoint region: Cleanup
[2022-06-13T02:29:24.412+0000][1][safepoint    ] Leaving safepoint region
[2022-06-13T02:29:24.413+0000][1][safepoint    ] Total time for which application threads were stopped: 0.0010781 seconds, Stopping threads took: 0.0003649 seconds
[2022-06-13T02:29:25.413+0000][1][safepoint    ] Application time: 1.0002012 seconds
[2022-06-13T02:29:25.414+0000][1][safepoint    ] Entering safepoint region: Cleanup
[2022-06-13T02:29:25.414+0000][1][safepoint    ] Leaving safepoint region
[2022-06-13T02:29:25.414+0000][1][safepoint    ] Total time for which application threads were stopped: 0.0004979 seconds, Stopping threads took: 0.0001374 seconds
[2022-06-13T02:29:26.414+0000][1][safepoint    ] Application time: 1.0001122 seconds
[2022-06-13T02:29:26.415+0000][1][safepoint    ] Entering safepoint region: Cleanup
[2022-06-13T02:29:26.415+0000][1][safepoint    ] Leaving safepoint region
[2022-06-13T02:29:26.416+0000][1][safepoint    ] Total time for which application threads were stopped: 0.0008727 seconds, Stopping threads took: 0.0003490 seconds
[2022-06-13T02:29:27.416+0000][1][safepoint    ] Application time: 1.0001616 seconds
[2022-06-13T02:29:27.417+0000][1][safepoint    ] Entering safepoint region: Cleanup
[2022-06-13T02:29:27.417+0000][1][safepoint    ] Leaving safepoint region
[2022-06-13T02:29:27.417+0000][1][safepoint    ] Total time for which application threads were stopped: 0.0007229 seconds, Stopping threads took: 0.0002708 seconds
[2022-06-13T02:29:28.418+0000][1][safepoint    ] Application time: 1.0003022 seconds
[2022-06-13T02:29:28.418+0000][1][safepoint    ] Entering safepoint region: Cleanup
[2022-06-13T02:29:28.419+0000][1][safepoint    ] Leaving safepoint region
[2022-06-13T02:29:28.420+0000][1][safepoint    ] Total time for which application threads were stopped: 0.0012112 seconds, Stopping threads took: 0.0004966 seconds
[2022-06-13T02:29:29.420+0000][1][safepoint    ] Application time: 1.0001854 seconds
[2022-06-13T02:29:29.421+0000][1][safepoint    ] Entering safepoint region: Cleanup
[2022-06-13T02:29:29.421+0000][1][safepoint    ] Leaving safepoint region
[2022-06-13T02:29:29.422+0000][1][safepoint    ] Total time for which application threads were stopped: 0.0009733 seconds, Stopping threads took: 0.0004430 seconds
[2022-06-13T02:29:30.422+0000][1][safepoint    ] Application time: 1.0001807 seconds
[2022-06-13T02:29:30.423+0000][1][safepoint    ] Entering safepoint region: Cleanup
[2022-06-13T02:29:30.423+0000][1][safepoint    ] Leaving safepoint region
[2022-06-13T02:29:30.423+0000][1][safepoint    ] Total time for which application threads were stopped: 0.0009139 seconds, Stopping threads took: 0.0002361 seconds
[2022-06-13T02:29:31.424+0000][1][safepoint    ] Application time: 1.0001942 seconds
[2022-06-13T02:29:31.424+0000][1][safepoint    ] Entering safepoint region: Cleanup
[2022-06-13T02:29:31.425+0000][1][safepoint    ] Leaving safepoint region
[2022-06-13T02:29:31.425+0000][1][safepoint    ] Total time for which application threads were stopped: 0.0009001 seconds, Stopping threads took: 0.0004183 seconds
[2022-06-13T02:29:32.426+0000][1][safepoint    ] Application time: 1.0001428 seconds
[2022-06-13T02:29:32.426+0000][1][safepoint    ] Entering safepoint region: Cleanup
[2022-06-13T02:29:32.427+0000][1][safepoint    ] Leaving safepoint region
[2022-06-13T02:29:32.427+0000][1][safepoint    ] Total time for which application threads were stopped: 0.0007308 seconds, Stopping threads took: 0.0003072 seconds
[2022-06-13T02:29:33.428+0000][1][safepoint    ] Application time: 1.0003337 seconds
[2022-06-13T02:29:33.428+0000][1][safepoint    ] Entering safepoint region: Cleanup
[2022-06-13T02:29:33.429+0000][1][safepoint    ] Leaving safepoint region
[2022-06-13T02:29:33.429+0000][1][safepoint    ] Total time for which application threads were stopped: 0.0007992 seconds, Stopping threads took: 0.0005190 seconds
[2022-06-13T02:29:34.429+0000][1][safepoint    ] Application time: 1.0001544 seconds
[2022-06-13T02:29:34.430+0000][1][safepoint    ] Entering safepoint region: Cleanup
[2022-06-13T02:29:34.430+0000][1][safepoint    ] Leaving safepoint region
[2022-06-13T02:29:34.430+0000][1][safepoint    ] Total time for which application threads were stopped: 0.0005773 seconds, Stopping threads took: 0.0001978 seconds
[2022-06-13T02:29:35.431+0000][1][safepoint    ] Application time: 1.0001204 seconds
[2022-06-13T02:29:35.431+0000][1][safepoint    ] Entering safepoint region: Cleanup
[2022-06-13T02:29:35.432+0000][1][safepoint    ] Leaving safepoint region
[2022-06-13T02:29:35.432+0000][1][safepoint    ] Total time for which application threads were stopped: 0.0009180 seconds, Stopping threads took: 0.0004095 seconds
[2022-06-13T02:29:36.433+0000][1][safepoint    ] Application time: 1.0001902 seconds
[2022-06-13T02:29:36.433+0000][1][safepoint    ] Entering safepoint region: Cleanup
[2022-06-13T02:29:36.434+0000][1][safepoint    ] Leaving safepoint region
[2022-06-13T02:29:36.434+0000][1][safepoint    ] Total time for which application threads were stopped: 0.0009229 seconds, Stopping threads took: 0.0004058 seconds
[2022-06-13T02:29:37.435+0000][1][safepoint    ] Application time: 1.0001324 seconds
[2022-06-13T02:29:37.435+0000][1][safepoint    ] Entering safepoint region: Cleanup
[2022-06-13T02:29:37.436+0000][1][safepoint    ] Leaving safepoint region
[2022-06-13T02:29:37.436+0000][1][safepoint    ] Total time for which application threads were stopped: 0.0007766 seconds, Stopping threads took: 0.0003961 seconds
[2022-06-13T02:29:38.436+0000][1][safepoint    ] Application time: 1.0001118 seconds
[2022-06-13T02:29:38.437+0000][1][safepoint    ] Entering safepoint region: Cleanup
[2022-06-13T02:29:38.437+0000][1][safepoint    ] Leaving safepoint region
[2022-06-13T02:29:38.437+0000][1][safepoint    ] Total time for which application threads were stopped: 0.0003099 seconds, Stopping threads took: 0.0001544 seconds
[2022-06-13T02:29:39.438+0000][1][safepoint    ] Application time: 1.0003106 seconds
[2022-06-13T02:29:39.438+0000][1][safepoint    ] Entering safepoint region: Cleanup
[2022-06-13T02:29:39.439+0000][1][safepoint    ] Leaving safepoint region
[2022-06-13T02:29:39.440+0000][1][safepoint    ] Total time for which application threads were stopped: 0.0014986 seconds, Stopping threads took: 0.0007691 seconds
[2022-06-13T02:29:40.440+0000][1][safepoint    ] Application time: 1.0001504 seconds
[2022-06-13T02:29:40.441+0000][1][safepoint    ] Entering safepoint region: Cleanup
[2022-06-13T02:29:40.441+0000][1][safepoint    ] Leaving safepoint region
[2022-06-13T02:29:40.442+0000][1][safepoint    ] Total time for which application threads were stopped: 0.0007503 seconds, Stopping threads took: 0.0003163 seconds
[2022-06-13T02:29:41.442+0000][1][safepoint    ] Application time: 1.0002655 seconds
[2022-06-13T02:29:41.443+0000][1][safepoint    ] Entering safepoint region: Cleanup
[2022-06-13T02:29:41.444+0000][1][safepoint    ] Leaving safepoint region
[2022-06-13T02:29:41.444+0000][1][safepoint    ] Total time for which application threads were stopped: 0.0011196 seconds, Stopping threads took: 0.0006160 seconds
[2022-06-13T02:29:42.445+0000][1][safepoint    ] Application time: 1.0001091 seconds
[2022-06-13T02:29:42.445+0000][1][safepoint    ] Entering safepoint region: Cleanup
[2022-06-13T02:29:42.446+0000][1][safepoint    ] Leaving safepoint region
[2022-06-13T02:29:42.446+0000][1][safepoint    ] Total time for which application threads were stopped: 0.0008275 seconds, Stopping threads took: 0.0003387 seconds
[2022-06-13T02:29:43.446+0000][1][safepoint    ] Application time: 1.0001493 seconds
[2022-06-13T02:29:43.447+0000][1][safepoint    ] Entering safepoint region: Cleanup
[2022-06-13T02:29:43.447+0000][1][safepoint    ] Leaving safepoint region
[2022-06-13T02:29:43.448+0000][1][safepoint    ] Total time for which application threads were stopped: 0.0008380 seconds, Stopping threads took: 0.0003353 seconds
[2022-06-13T02:29:44.448+0000][1][safepoint    ] Application time: 1.0002290 seconds
[2022-06-13T02:29:44.449+0000][1][safepoint    ] Entering safepoint region: Cleanup
[2022-06-13T02:29:44.449+0000][1][safepoint    ] Leaving safepoint region
[2022-06-13T02:29:44.449+0000][1][safepoint    ] Total time for which application threads were stopped: 0.0007274 seconds, Stopping threads took: 0.0003284 seconds
[2022-06-13T02:29:45.450+0000][1][safepoint    ] Application time: 1.0002782 seconds
[2022-06-13T02:29:45.450+0000][1][safepoint    ] Entering safepoint region: Cleanup
[2022-06-13T02:29:45.451+0000][1][safepoint    ] Leaving safepoint region
[2022-06-13T02:29:45.451+0000][1][safepoint    ] Total time for which application threads were stopped: 0.0008585 seconds, Stopping threads took: 0.0003756 seconds
[2022-06-13T02:29:46.452+0000][1][safepoint    ] Application time: 1.0001743 seconds
[2022-06-13T02:29:46.452+0000][1][safepoint    ] Entering safepoint region: Cleanup
[2022-06-13T02:29:46.453+0000][1][safepoint    ] Leaving safepoint region
[2022-06-13T02:29:46.453+0000][1][safepoint    ] Total time for which application threads were stopped: 0.0009169 seconds, Stopping threads took: 0.0004475 seconds
[2022-06-13T02:29:47.454+0000][1][safepoint    ] Application time: 1.0001469 seconds
[2022-06-13T02:29:47.454+0000][1][safepoint    ] Entering safepoint region: Cleanup
[2022-06-13T02:29:47.455+0000][1][safepoint    ] Leaving safepoint region
[2022-06-13T02:29:47.455+0000][1][safepoint    ] Total time for which application threads were stopped: 0.0007919 seconds, Stopping threads took: 0.0003842 seconds
[2022-06-13T02:29:48.456+0000][1][safepoint    ] Application time: 1.0001904 seconds
[2022-06-13T02:29:48.456+0000][1][safepoint    ] Entering safepoint region: Cleanup
[2022-06-13T02:29:48.456+0000][1][safepoint    ] Leaving safepoint region
[2022-06-13T02:29:48.457+0000][1][safepoint    ] Total time for which application threads were stopped: 0.0007126 seconds, Stopping threads took: 0.0003327 seconds
[2022-06-13T02:29:49.457+0000][1][safepoint    ] Application time: 1.0001676 seconds
[2022-06-13T02:29:49.458+0000][1][safepoint    ] Entering safepoint region: Cleanup
[2022-06-13T02:29:49.458+0000][1][safepoint    ] Leaving safepoint region
[2022-06-13T02:29:49.459+0000][1][safepoint    ] Total time for which application threads were stopped: 0.0008942 seconds, Stopping threads took: 0.0003840 seconds
[2022-06-13T02:29:50.459+0000][1][safepoint    ] Application time: 1.0002810 seconds
[2022-06-13T02:29:50.460+0000][1][safepoint    ] Entering safepoint region: Cleanup
[2022-06-13T02:29:50.461+0000][1][safepoint    ] Leaving safepoint region
[2022-06-13T02:29:50.461+0000][1][safepoint    ] Total time for which application threads were stopped: 0.0008889 seconds, Stopping threads took: 0.0003756 seconds
[2022-06-13T02:29:51.461+0000][1][safepoint    ] Application time: 1.0001896 seconds
[2022-06-13T02:29:51.462+0000][1][safepoint    ] Entering safepoint region: Cleanup
[2022-06-13T02:29:51.463+0000][1][safepoint    ] Leaving safepoint region
[2022-06-13T02:29:51.463+0000][1][safepoint    ] Total time for which application threads were stopped: 0.0013052 seconds, Stopping threads took: 0.0005422 seconds
[2022-06-13T02:29:52.464+0000][1][safepoint    ] Application time: 1.0002940 seconds
[2022-06-13T02:29:52.465+0000][1][safepoint    ] Entering safepoint region: Cleanup
[2022-06-13T02:29:52.465+0000][1][safepoint    ] Leaving safepoint region
[2022-06-13T02:29:52.465+0000][1][safepoint    ] Total time for which application threads were stopped: 0.0006398 seconds, Stopping threads took: 0.0002876 seconds
[2022-06-13T02:29:53.466+0000][1][safepoint    ] Application time: 1.0001278 seconds
[2022-06-13T02:29:53.466+0000][1][safepoint    ] Entering safepoint region: Cleanup
[2022-06-13T02:29:53.467+0000][1][safepoint    ] Leaving safepoint region
[2022-06-13T02:29:53.467+0000][1][safepoint    ] Total time for which application threads were stopped: 0.0009770 seconds, Stopping threads took: 0.0005512 seconds
[2022-06-13T02:29:54.468+0000][1][safepoint    ] Application time: 1.0002301 seconds
[2022-06-13T02:29:54.469+0000][1][safepoint    ] Entering safepoint region: Cleanup
[2022-06-13T02:29:54.469+0000][1][safepoint    ] Leaving safepoint region
[2022-06-13T02:29:54.470+0000][1][safepoint    ] Total time for which application threads were stopped: 0.0010501 seconds, Stopping threads took: 0.0005544 seconds
[2022-06-13T02:29:55.470+0000][1][safepoint    ] Application time: 1.0002632 seconds
[2022-06-13T02:29:55.471+0000][1][safepoint    ] Entering safepoint region: Cleanup
[2022-06-13T02:29:55.471+0000][1][safepoint    ] Leaving safepoint region
[2022-06-13T02:29:55.472+0000][1][safepoint    ] Total time for which application threads were stopped: 0.0008519 seconds, Stopping threads took: 0.0003844 seconds
[2022-06-13T02:29:56.472+0000][1][safepoint    ] Application time: 1.0001835 seconds
[2022-06-13T02:29:56.473+0000][1][safepoint    ] Entering safepoint region: Cleanup
[2022-06-13T02:29:56.473+0000][1][safepoint    ] Leaving safepoint region
[2022-06-13T02:29:56.473+0000][1][safepoint    ] Total time for which application threads were stopped: 0.0006680 seconds, Stopping threads took: 0.0002830 seconds
[2022-06-13T02:29:57.474+0000][1][safepoint    ] Application time: 1.0002217 seconds
[2022-06-13T02:29:57.474+0000][1][safepoint    ] Entering safepoint region: Cleanup
[2022-06-13T02:29:57.475+0000][1][safepoint    ] Leaving safepoint region
[2022-06-13T02:29:57.475+0000][1][safepoint    ] Total time for which application threads were stopped: 0.0005337 seconds, Stopping threads took: 0.0002291 seconds
[2022-06-13T02:29:58.475+0000][1][safepoint    ] Application time: 1.0004172 seconds
[2022-06-13T02:29:58.476+0000][1][safepoint    ] Entering safepoint region: Cleanup
[2022-06-13T02:29:58.476+0000][1][safepoint    ] Leaving safepoint region
[2022-06-13T02:29:58.477+0000][1][safepoint    ] Total time for which application threads were stopped: 0.0010573 seconds, Stopping threads took: 0.0004523 seconds
[2022-06-13T02:29:59.477+0000][1][safepoint    ] Application time: 1.0003269 seconds
[2022-06-13T02:29:59.478+0000][1][safepoint    ] Entering safepoint region: Cleanup
[2022-06-13T02:29:59.478+0000][1][safepoint    ] Leaving safepoint region
[2022-06-13T02:29:59.479+0000][1][safepoint    ] Total time for which application threads were stopped: 0.0009220 seconds, Stopping threads took: 0.0004330 seconds
[2022-06-13T02:30:00.479+0000][1][safepoint    ] Application time: 1.0002743 seconds
[2022-06-13T02:30:00.480+0000][1][safepoint    ] Entering safepoint region: Cleanup
[2022-06-13T02:30:00.481+0000][1][safepoint    ] Leaving safepoint region
[2022-06-13T02:30:00.481+0000][1][safepoint    ] Total time for which application threads were stopped: 0.0011857 seconds, Stopping threads took: 0.0005009 seconds
[2022-06-13T02:30:01.482+0000][1][safepoint    ] Application time: 1.0002663 seconds
[2022-06-13T02:30:01.482+0000][1][safepoint    ] Entering safepoint region: Cleanup
[2022-06-13T02:30:01.483+0000][1][safepoint    ] Leaving safepoint region
[2022-06-13T02:30:01.483+0000][1][safepoint    ] Total time for which application threads were stopped: 0.0004091 seconds, Stopping threads took: 0.0001946 seconds
[2022-06-13T02:30:02.483+0000][1][safepoint    ] Application time: 1.0003400 seconds
[2022-06-13T02:30:02.484+0000][1][safepoint    ] Entering safepoint region: Cleanup
[2022-06-13T02:30:02.484+0000][1][safepoint    ] Leaving safepoint region
[2022-06-13T02:30:02.485+0000][1][safepoint    ] Total time for which application threads were stopped: 0.0009101 seconds, Stopping threads took: 0.0004365 seconds
[2022-06-13T02:30:03.485+0000][1][safepoint    ] Application time: 1.0002091 seconds
[2022-06-13T02:30:03.486+0000][1][safepoint    ] Entering safepoint region: Cleanup
[2022-06-13T02:30:03.486+0000][1][safepoint    ] Leaving safepoint region
[2022-06-13T02:30:03.486+0000][1][safepoint    ] Total time for which application threads were stopped: 0.0006045 seconds, Stopping threads took: 0.0002860 seconds
[2022-06-13T02:30:04.487+0000][1][safepoint    ] Application time: 1.0002152 seconds
[2022-06-13T02:30:04.487+0000][1][safepoint    ] Entering safepoint region: Cleanup
[2022-06-13T02:30:04.488+0000][1][safepoint    ] Leaving safepoint region
[2022-06-13T02:30:04.488+0000][1][safepoint    ] Total time for which application threads were stopped: 0.0009244 seconds, Stopping threads took: 0.0004030 seconds
[2022-06-13T02:30:05.489+0000][1][safepoint    ] Application time: 1.0001787 seconds
[2022-06-13T02:30:05.489+0000][1][safepoint    ] Entering safepoint region: Cleanup
[2022-06-13T02:30:05.490+0000][1][safepoint    ] Leaving safepoint region
[2022-06-13T02:30:05.490+0000][1][safepoint    ] Total time for which application threads were stopped: 0.0009292 seconds, Stopping threads took: 0.0004011 seconds
[2022-06-13T02:30:06.491+0000][1][safepoint    ] Application time: 1.0002446 seconds
[2022-06-13T02:30:06.491+0000][1][safepoint    ] Entering safepoint region: Cleanup
[2022-06-13T02:30:06.492+0000][1][safepoint    ] Leaving safepoint region
[2022-06-13T02:30:06.492+0000][1][safepoint    ] Total time for which application threads were stopped: 0.0010831 seconds, Stopping threads took: 0.0004695 seconds
[2022-06-13T02:30:07.493+0000][1][safepoint    ] Application time: 1.0001949 seconds
[2022-06-13T02:30:07.494+0000][1][safepoint    ] Entering safepoint region: Cleanup
[2022-06-13T02:30:07.494+0000][1][safepoint    ] Leaving safepoint region
[2022-06-13T02:30:07.495+0000][1][safepoint    ] Total time for which application threads were stopped: 0.0009567 seconds, Stopping threads took: 0.0004079 seconds
[2022-06-13T02:30:08.495+0000][1][safepoint    ] Application time: 1.0001209 seconds
[2022-06-13T02:30:08.496+0000][1][safepoint    ] Entering safepoint region: Cleanup
[2022-06-13T02:30:08.496+0000][1][safepoint    ] Leaving safepoint region
[2022-06-13T02:30:08.497+0000][1][safepoint    ] Total time for which application threads were stopped: 0.0011651 seconds, Stopping threads took: 0.0004760 seconds
[2022-06-13T02:30:09.497+0000][1][safepoint    ] Application time: 1.0002251 seconds
[2022-06-13T02:30:09.498+0000][1][safepoint    ] Entering safepoint region: Cleanup
[2022-06-13T02:30:09.499+0000][1][safepoint    ] Leaving safepoint region
[2022-06-13T02:30:09.500+0000][1][safepoint    ] Total time for which application threads were stopped: 0.0018320 seconds, Stopping threads took: 0.0011565 seconds
[2022-06-13T02:30:10.501+0000][1][safepoint    ] Application time: 1.0002600 seconds
[2022-06-13T02:30:10.501+0000][1][safepoint    ] Entering safepoint region: Cleanup
[2022-06-13T02:30:10.502+0000][1][safepoint    ] Leaving safepoint region
[2022-06-13T02:30:10.503+0000][1][safepoint    ] Total time for which application threads were stopped: 0.0015610 seconds, Stopping threads took: 0.0006157 seconds
[2022-06-13T02:30:11.503+0000][1][safepoint    ] Application time: 1.0003303 seconds
[2022-06-13T02:30:11.504+0000][1][safepoint    ] Entering safepoint region: Cleanup
[2022-06-13T02:30:11.505+0000][1][safepoint    ] Leaving safepoint region
[2022-06-13T02:30:11.505+0000][1][safepoint    ] Total time for which application threads were stopped: 0.0011601 seconds, Stopping threads took: 0.0006224 seconds
[2022-06-13T02:30:12.506+0000][1][safepoint    ] Application time: 1.0002431 seconds
[2022-06-13T02:30:12.506+0000][1][safepoint    ] Entering safepoint region: Cleanup
[2022-06-13T02:30:12.506+0000][1][safepoint    ] Leaving safepoint region
[2022-06-13T02:30:12.507+0000][1][safepoint    ] Total time for which application threads were stopped: 0.0005838 seconds, Stopping threads took: 0.0002329 seconds
[2022-06-13T02:30:13.507+0000][1][safepoint    ] Application time: 1.0001302 seconds
[2022-06-13T02:30:13.508+0000][1][safepoint    ] Entering safepoint region: Cleanup
[2022-06-13T02:30:13.508+0000][1][safepoint    ] Leaving safepoint region
[2022-06-13T02:30:13.509+0000][1][safepoint    ] Total time for which application threads were stopped: 0.0010374 seconds, Stopping threads took: 0.0004696 seconds
[2022-06-13T02:30:14.509+0000][1][safepoint    ] Application time: 1.0001729 seconds
[2022-06-13T02:30:14.509+0000][1][safepoint    ] Entering safepoint region: Cleanup
[2022-06-13T02:30:14.510+0000][1][safepoint    ] Leaving safepoint region
[2022-06-13T02:30:14.510+0000][1][safepoint    ] Total time for which application threads were stopped: 0.0004603 seconds, Stopping threads took: 0.0002235 seconds
[2022-06-13T02:30:15.510+0000][1][safepoint    ] Application time: 1.0002408 seconds
[2022-06-13T02:30:15.511+0000][1][safepoint    ] Entering safepoint region: Cleanup
[2022-06-13T02:30:15.511+0000][1][safepoint    ] Leaving safepoint region
[2022-06-13T02:30:15.512+0000][1][safepoint    ] Total time for which application threads were stopped: 0.0009175 seconds, Stopping threads took: 0.0004590 seconds
[2022-06-13T02:30:16.512+0000][1][safepoint    ] Application time: 1.0002636 seconds
[2022-06-13T02:30:16.513+0000][1][safepoint    ] Entering safepoint region: Cleanup
[2022-06-13T02:30:16.513+0000][1][safepoint    ] Leaving safepoint region
[2022-06-13T02:30:16.513+0000][1][safepoint    ] Total time for which application threads were stopped: 0.0004667 seconds, Stopping threads took: 0.0001961 seconds
[2022-06-13T02:30:17.513+0000][1][safepoint    ] Application time: 1.0001523 seconds
[2022-06-13T02:30:17.514+0000][1][safepoint    ] Entering safepoint region: Cleanup
[2022-06-13T02:30:17.514+0000][1][safepoint    ] Leaving safepoint region
[2022-06-13T02:30:17.514+0000][1][safepoint    ] Total time for which application threads were stopped: 0.0005295 seconds, Stopping threads took: 0.0002786 seconds
[2022-06-13T02:30:18.515+0000][1][safepoint    ] Application time: 1.0002193 seconds
[2022-06-13T02:30:18.515+0000][1][safepoint    ] Entering safepoint region: Cleanup
[2022-06-13T02:30:18.516+0000][1][safepoint    ] Leaving safepoint region
[2022-06-13T02:30:18.516+0000][1][safepoint    ] Total time for which application threads were stopped: 0.0009266 seconds, Stopping threads took: 0.0004952 seconds
[2022-06-13T02:30:19.517+0000][1][safepoint    ] Application time: 1.0003181 seconds
[2022-06-13T02:30:19.517+0000][1][safepoint    ] Entering safepoint region: Cleanup
[2022-06-13T02:30:19.518+0000][1][safepoint    ] Leaving safepoint region
[2022-06-13T02:30:19.518+0000][1][safepoint    ] Total time for which application threads were stopped: 0.0010420 seconds, Stopping threads took: 0.0003831 seconds
[2022-06-13T02:30:20.519+0000][1][safepoint    ] Application time: 1.0002016 seconds
[2022-06-13T02:30:20.519+0000][1][safepoint    ] Entering safepoint region: Cleanup
[2022-06-13T02:30:20.520+0000][1][safepoint    ] Leaving safepoint region
[2022-06-13T02:30:20.521+0000][1][safepoint    ] Total time for which application threads were stopped: 0.0012720 seconds, Stopping threads took: 0.0005547 seconds
[2022-06-13T02:30:21.521+0000][1][safepoint    ] Application time: 1.0001374 seconds
[2022-06-13T02:30:21.522+0000][1][safepoint    ] Entering safepoint region: Cleanup
[2022-06-13T02:30:21.522+0000][1][safepoint    ] Leaving safepoint region
[2022-06-13T02:30:21.523+0000][1][safepoint    ] Total time for which application threads were stopped: 0.0007857 seconds, Stopping threads took: 0.0004866 seconds
[2022-06-13T02:30:22.523+0000][1][safepoint    ] Application time: 1.0002583 seconds
[2022-06-13T02:30:22.524+0000][1][safepoint    ] Entering safepoint region: Cleanup
[2022-06-13T02:30:22.524+0000][1][safepoint    ] Leaving safepoint region
[2022-06-13T02:30:22.525+0000][1][safepoint    ] Total time for which application threads were stopped: 0.0011020 seconds, Stopping threads took: 0.0004957 seconds
[2022-06-13T02:30:23.525+0000][1][safepoint    ] Application time: 1.0002849 seconds
[2022-06-13T02:30:23.526+0000][1][safepoint    ] Entering safepoint region: Cleanup
[2022-06-13T02:30:23.527+0000][1][safepoint    ] Leaving safepoint region
[2022-06-13T02:30:23.527+0000][1][safepoint    ] Total time for which application threads were stopped: 0.0014980 seconds, Stopping threads took: 0.0007129 seconds
[2022-06-13T02:30:24.528+0000][1][safepoint    ] Application time: 1.0001834 seconds
[2022-06-13T02:30:24.529+0000][1][safepoint    ] Entering safepoint region: Cleanup
[2022-06-13T02:30:24.529+0000][1][safepoint    ] Leaving safepoint region
[2022-06-13T02:30:24.529+0000][1][safepoint    ] Total time for which application threads were stopped: 0.0005088 seconds, Stopping threads took: 0.0001900 seconds
[2022-06-13T02:30:25.530+0000][1][safepoint    ] Application time: 1.0001679 seconds
[2022-06-13T02:30:25.530+0000][1][safepoint    ] Entering safepoint region: Cleanup
[2022-06-13T02:30:25.531+0000][1][safepoint    ] Leaving safepoint region
[2022-06-13T02:30:25.531+0000][1][safepoint    ] Total time for which application threads were stopped: 0.0008851 seconds, Stopping threads took: 0.0004299 seconds
[2022-06-13T02:30:26.531+0000][1][safepoint    ] Application time: 1.0001138 seconds
[2022-06-13T02:30:26.532+0000][1][safepoint    ] Entering safepoint region: Cleanup
[2022-06-13T02:30:26.532+0000][1][safepoint    ] Leaving safepoint region
[2022-06-13T02:30:26.533+0000][1][safepoint    ] Total time for which application threads were stopped: 0.0008464 seconds, Stopping threads took: 0.0002721 seconds
[2022-06-13T02:30:27.533+0000][1][safepoint    ] Application time: 1.0001828 seconds
[2022-06-13T02:30:27.534+0000][1][safepoint    ] Entering safepoint region: Cleanup
[2022-06-13T02:30:27.534+0000][1][safepoint    ] Leaving safepoint region
[2022-06-13T02:30:27.535+0000][1][safepoint    ] Total time for which application threads were stopped: 0.0010987 seconds, Stopping threads took: 0.0004916 seconds
[2022-06-13T02:30:28.535+0000][1][safepoint    ] Application time: 1.0002594 seconds
[2022-06-13T02:30:28.536+0000][1][safepoint    ] Entering safepoint region: Cleanup
[2022-06-13T02:30:28.536+0000][1][safepoint    ] Leaving safepoint region
[2022-06-13T02:30:28.537+0000][1][safepoint    ] Total time for which application threads were stopped: 0.0009684 seconds, Stopping threads took: 0.0004566 seconds
[2022-06-13T02:30:29.537+0000][1][safepoint    ] Application time: 1.0001373 seconds
[2022-06-13T02:30:29.538+0000][1][safepoint    ] Entering safepoint region: Cleanup
[2022-06-13T02:30:29.538+0000][1][safepoint    ] Leaving safepoint region
[2022-06-13T02:30:29.539+0000][1][safepoint    ] Total time for which application threads were stopped: 0.0008992 seconds, Stopping threads took: 0.0004450 seconds
[2022-06-13T02:30:30.539+0000][1][safepoint    ] Application time: 1.0001867 seconds
[2022-06-13T02:30:30.540+0000][1][safepoint    ] Entering safepoint region: Cleanup
[2022-06-13T02:30:30.540+0000][1][safepoint    ] Leaving safepoint region
[2022-06-13T02:30:30.540+0000][1][safepoint    ] Total time for which application threads were stopped: 0.0008274 seconds, Stopping threads took: 0.0003740 seconds
[2022-06-13T02:30:31.541+0000][1][safepoint    ] Application time: 1.0002023 seconds
[2022-06-13T02:30:31.542+0000][1][safepoint    ] Entering safepoint region: Cleanup
[2022-06-13T02:30:31.542+0000][1][safepoint    ] Leaving safepoint region
[2022-06-13T02:30:31.543+0000][1][safepoint    ] Total time for which application threads were stopped: 0.0010421 seconds, Stopping threads took: 0.0004896 seconds
[2022-06-13T02:30:32.543+0000][1][safepoint    ] Application time: 1.0002429 seconds
[2022-06-13T02:30:32.544+0000][1][safepoint    ] Entering safepoint region: Cleanup
[2022-06-13T02:30:32.544+0000][1][safepoint    ] Leaving safepoint region
[2022-06-13T02:30:32.545+0000][1][safepoint    ] Total time for which application threads were stopped: 0.0011383 seconds, Stopping threads took: 0.0004958 seconds
[2022-06-13T02:30:33.545+0000][1][safepoint    ] Application time: 1.0001294 seconds
[2022-06-13T02:30:33.546+0000][1][safepoint    ] Entering safepoint region: Cleanup
[2022-06-13T02:30:33.546+0000][1][safepoint    ] Leaving safepoint region
[2022-06-13T02:30:33.547+0000][1][safepoint    ] Total time for which application threads were stopped: 0.0011080 seconds, Stopping threads took: 0.0004743 seconds
[2022-06-13T02:30:34.548+0000][1][safepoint    ] Application time: 1.0001852 seconds
[2022-06-13T02:30:34.548+0000][1][safepoint    ] Entering safepoint region: Cleanup
[2022-06-13T02:30:34.549+0000][1][safepoint    ] Leaving safepoint region
[2022-06-13T02:30:34.549+0000][1][safepoint    ] Total time for which application threads were stopped: 0.0010030 seconds, Stopping threads took: 0.0005352 seconds
[2022-06-13T02:30:35.549+0000][1][safepoint    ] Application time: 1.0001260 seconds
[2022-06-13T02:30:35.550+0000][1][safepoint    ] Entering safepoint region: Cleanup
[2022-06-13T02:30:35.550+0000][1][safepoint    ] Leaving safepoint region
[2022-06-13T02:30:35.550+0000][1][safepoint    ] Total time for which application threads were stopped: 0.0003712 seconds, Stopping threads took: 0.0001877 seconds
[2022-06-13T02:30:36.550+0000][1][safepoint    ] Application time: 1.0002580 seconds
[2022-06-13T02:30:36.551+0000][1][safepoint    ] Entering safepoint region: Cleanup
[2022-06-13T02:30:36.551+0000][1][safepoint    ] Leaving safepoint region
[2022-06-13T02:30:36.552+0000][1][safepoint    ] Total time for which application threads were stopped: 0.0008514 seconds, Stopping threads took: 0.0003556 seconds
[2022-06-13T02:30:37.552+0000][1][safepoint    ] Application time: 1.0002845 seconds
[2022-06-13T02:30:37.553+0000][1][safepoint    ] Entering safepoint region: Cleanup
[2022-06-13T02:30:37.553+0000][1][safepoint    ] Leaving safepoint region
[2022-06-13T02:30:37.553+0000][1][safepoint    ] Total time for which application threads were stopped: 0.0006084 seconds, Stopping threads took: 0.0002224 seconds
[2022-06-13T02:30:38.554+0000][1][safepoint    ] Application time: 1.0001929 seconds
[2022-06-13T02:30:38.555+0000][1][safepoint    ] Entering safepoint region: Cleanup
[2022-06-13T02:30:38.556+0000][1][safepoint    ] Leaving safepoint region
[2022-06-13T02:30:38.556+0000][1][safepoint    ] Total time for which application threads were stopped: 0.0015132 seconds, Stopping threads took: 0.0006845 seconds
[2022-06-13T02:30:38.778+0000][1][safepoint    ] Application time: 0.2211599 seconds
[2022-06-13T02:30:38.779+0000][1][safepoint    ] Entering safepoint region: RevokeBias
[2022-06-13T02:30:38.779+0000][1][safepoint    ] Leaving safepoint region
[2022-06-13T02:30:38.780+0000][1][safepoint    ] Total time for which application threads were stopped: 0.0008551 seconds, Stopping threads took: 0.0002081 seconds
[2022-06-13T02:30:38.780+0000][1][safepoint    ] Application time: 0.0001675 seconds
[2022-06-13T02:30:38.781+0000][1][safepoint    ] Entering safepoint region: RevokeBias
[2022-06-13T02:30:38.781+0000][1][safepoint    ] Leaving safepoint region
[2022-06-13T02:30:38.781+0000][1][safepoint    ] Total time for which application threads were stopped: 0.0005550 seconds, Stopping threads took: 0.0001536 seconds
[2022-06-13T02:30:38.782+0000][1][safepoint    ] Application time: 0.0007597 seconds
[2022-06-13T02:30:38.782+0000][1][safepoint    ] Entering safepoint region: RevokeBias
[2022-06-13T02:30:38.782+0000][1][safepoint    ] Leaving safepoint region
[2022-06-13T02:30:38.783+0000][1][safepoint    ] Total time for which application threads were stopped: 0.0003438 seconds, Stopping threads took: 0.0001196 seconds
[2022-06-13T02:30:38.783+0000][1][safepoint    ] Application time: 0.0001524 seconds
[2022-06-13T02:30:38.783+0000][1][safepoint    ] Entering safepoint region: RevokeBias
[2022-06-13T02:30:38.783+0000][1][safepoint    ] Leaving safepoint region
[2022-06-13T02:30:38.783+0000][1][safepoint    ] Total time for which application threads were stopped: 0.0002524 seconds, Stopping threads took: 0.0000981 seconds
[2022-06-13T02:30:38.784+0000][1][safepoint    ] Application time: 0.0004882 seconds
[2022-06-13T02:30:38.784+0000][1][safepoint    ] Entering safepoint region: RevokeBias
[2022-06-13T02:30:38.784+0000][1][safepoint    ] Leaving safepoint region
[2022-06-13T02:30:38.784+0000][1][safepoint    ] Total time for which application threads were stopped: 0.0002766 seconds, Stopping threads took: 0.0000960 seconds
[2022-06-13T02:30:38.785+0000][1][safepoint    ] Application time: 0.0003692 seconds
[2022-06-13T02:30:38.785+0000][1][safepoint    ] Entering safepoint region: RevokeBias
[2022-06-13T02:30:38.785+0000][1][safepoint    ] Leaving safepoint region
[2022-06-13T02:30:38.785+0000][1][safepoint    ] Total time for which application threads were stopped: 0.0003321 seconds, Stopping threads took: 0.0001989 seconds
[2022-06-13T02:30:38.786+0000][1][safepoint    ] Application time: 0.0003292 seconds
[2022-06-13T02:30:38.786+0000][1][safepoint    ] Entering safepoint region: RevokeBias
[2022-06-13T02:30:38.786+0000][1][safepoint    ] Leaving safepoint region
[2022-06-13T02:30:38.786+0000][1][safepoint    ] Total time for which application threads were stopped: 0.0003327 seconds, Stopping threads took: 0.0002104 seconds
[2022-06-13T02:30:38.786+0000][1][safepoint    ] Application time: 0.0000978 seconds
[2022-06-13T02:30:38.787+0000][1][safepoint    ] Entering safepoint region: RevokeBias
[2022-06-13T02:30:38.787+0000][1][safepoint    ] Leaving safepoint region
[2022-06-13T02:30:38.787+0000][1][safepoint    ] Total time for which application threads were stopped: 0.0005815 seconds, Stopping threads took: 0.0001149 seconds
[2022-06-13T02:30:38.788+0000][1][safepoint    ] Application time: 0.0004816 seconds
[2022-06-13T02:30:38.788+0000][1][safepoint    ] Entering safepoint region: RevokeBias
[2022-06-13T02:30:38.788+0000][1][safepoint    ] Leaving safepoint region
[2022-06-13T02:30:38.788+0000][1][safepoint    ] Total time for which application threads were stopped: 0.0002439 seconds, Stopping threads took: 0.0001150 seconds
[2022-06-13T02:30:38.788+0000][1][safepoint    ] Application time: 0.0001249 seconds
[2022-06-13T02:30:38.788+0000][1][safepoint    ] Entering safepoint region: RevokeBias
[2022-06-13T02:30:38.789+0000][1][safepoint    ] Leaving safepoint region
[2022-06-13T02:30:38.789+0000][1][safepoint    ] Total time for which application threads were stopped: 0.0004159 seconds, Stopping threads took: 0.0001373 seconds
[2022-06-13T02:30:38.789+0000][1][safepoint    ] Application time: 0.0004189 seconds
[2022-06-13T02:30:38.789+0000][1][safepoint    ] Entering safepoint region: RevokeBias
[2022-06-13T02:30:38.790+0000][1][safepoint    ] Leaving safepoint region
[2022-06-13T02:30:38.790+0000][1][safepoint    ] Total time for which application threads were stopped: 0.0002263 seconds, Stopping threads took: 0.0001104 seconds
[2022-06-13T02:30:38.790+0000][1][safepoint    ] Application time: 0.0000940 seconds
[2022-06-13T02:30:38.790+0000][1][safepoint    ] Entering safepoint region: RevokeBias
[2022-06-13T02:30:38.790+0000][1][safepoint    ] Leaving safepoint region
[2022-06-13T02:30:38.790+0000][1][safepoint    ] Total time for which application threads were stopped: 0.0002413 seconds, Stopping threads took: 0.0001170 seconds
[2022-06-13T02:30:38.791+0000][1][safepoint    ] Application time: 0.0003330 seconds
[2022-06-13T02:30:38.791+0000][1][safepoint    ] Entering safepoint region: RevokeBias
[2022-06-13T02:30:38.791+0000][1][safepoint    ] Leaving safepoint region
[2022-06-13T02:30:38.791+0000][1][safepoint    ] Total time for which application threads were stopped: 0.0002569 seconds, Stopping threads took: 0.0001343 seconds
[2022-06-13T02:30:38.791+0000][1][safepoint    ] Application time: 0.0003714 seconds
[2022-06-13T02:30:38.792+0000][1][safepoint    ] Entering safepoint region: RevokeBias
[2022-06-13T02:30:38.792+0000][1][safepoint    ] Leaving safepoint region
[2022-06-13T02:30:38.792+0000][1][safepoint    ] Total time for which application threads were stopped: 0.0002292 seconds, Stopping threads took: 0.0001029 seconds
[2022-06-13T02:30:38.792+0000][1][safepoint    ] Application time: 0.0001585 seconds
[2022-06-13T02:30:38.792+0000][1][safepoint    ] Entering safepoint region: RevokeBias
[2022-06-13T02:30:38.792+0000][1][safepoint    ] Leaving safepoint region
[2022-06-13T02:30:38.792+0000][1][safepoint    ] Total time for which application threads were stopped: 0.0002615 seconds, Stopping threads took: 0.0001544 seconds
[2022-06-13T02:30:38.793+0000][1][safepoint    ] Application time: 0.0006118 seconds
[2022-06-13T02:30:38.793+0000][1][safepoint    ] Entering safepoint region: RevokeBias
[2022-06-13T02:30:38.793+0000][1][safepoint    ] Leaving safepoint region
[2022-06-13T02:30:38.794+0000][1][safepoint    ] Total time for which application threads were stopped: 0.0003029 seconds, Stopping threads took: 0.0001427 seconds
[2022-06-13T02:30:38.794+0000][1][safepoint    ] Application time: 0.0002780 seconds
[2022-06-13T02:30:38.794+0000][1][safepoint    ] Entering safepoint region: RevokeBias
[2022-06-13T02:30:38.794+0000][1][safepoint    ] Leaving safepoint region
[2022-06-13T02:30:38.794+0000][1][safepoint    ] Total time for which application threads were stopped: 0.0002326 seconds, Stopping threads took: 0.0001034 seconds
[2022-06-13T02:30:38.794+0000][1][safepoint    ] Application time: 0.0000945 seconds
[2022-06-13T02:30:38.795+0000][1][safepoint    ] Entering safepoint region: RevokeBias
[2022-06-13T02:30:38.795+0000][1][safepoint    ] Leaving safepoint region
[2022-06-13T02:30:38.795+0000][1][safepoint    ] Total time for which application threads were stopped: 0.0002947 seconds, Stopping threads took: 0.0001673 seconds
[2022-06-13T02:30:38.795+0000][1][safepoint    ] Application time: 0.0001081 seconds
[2022-06-13T02:30:38.795+0000][1][safepoint    ] Entering safepoint region: RevokeBias
[2022-06-13T02:30:38.796+0000][1][safepoint    ] Leaving safepoint region
[2022-06-13T02:30:38.796+0000][1][safepoint    ] Total time for which application threads were stopped: 0.0007746 seconds, Stopping threads took: 0.0001084 seconds
[2022-06-13T02:30:38.796+0000][1][safepoint    ] Application time: 0.0002233 seconds
[2022-06-13T02:30:38.796+0000][1][safepoint    ] Entering safepoint region: RevokeBias
[2022-06-13T02:30:38.797+0000][1][safepoint    ] Leaving safepoint region
[2022-06-13T02:30:38.797+0000][1][safepoint    ] Total time for which application threads were stopped: 0.0002576 seconds, Stopping threads took: 0.0001103 seconds
[2022-06-13T02:30:38.797+0000][1][safepoint    ] Application time: 0.0001516 seconds
[2022-06-13T02:30:38.797+0000][1][safepoint    ] Entering safepoint region: RevokeBias
[2022-06-13T02:30:38.797+0000][1][safepoint    ] Leaving safepoint region
[2022-06-13T02:30:38.797+0000][1][safepoint    ] Total time for which application threads were stopped: 0.0002640 seconds, Stopping threads took: 0.0001172 seconds
[2022-06-13T02:30:38.798+0000][1][safepoint    ] Application time: 0.0001627 seconds
[2022-06-13T02:30:38.798+0000][1][safepoint    ] Entering safepoint region: RevokeBias
[2022-06-13T02:30:38.798+0000][1][safepoint    ] Leaving safepoint region
[2022-06-13T02:30:38.798+0000][1][safepoint    ] Total time for which application threads were stopped: 0.0002759 seconds, Stopping threads took: 0.0000980 seconds
[2022-06-13T02:30:38.798+0000][1][safepoint    ] Application time: 0.0001607 seconds
[2022-06-13T02:30:38.798+0000][1][safepoint    ] Entering safepoint region: RevokeBias
[2022-06-13T02:30:38.799+0000][1][safepoint    ] Leaving safepoint region
[2022-06-13T02:30:38.799+0000][1][safepoint    ] Total time for which application threads were stopped: 0.0007381 seconds, Stopping threads took: 0.0001470 seconds
[2022-06-13T02:30:38.799+0000][1][safepoint    ] Application time: 0.0001750 seconds
[2022-06-13T02:30:38.799+0000][1][safepoint    ] Entering safepoint region: RevokeBias
[2022-06-13T02:30:38.800+0000][1][safepoint    ] Leaving safepoint region
[2022-06-13T02:30:38.800+0000][1][safepoint    ] Total time for which application threads were stopped: 0.0002208 seconds, Stopping threads took: 0.0001003 seconds
[2022-06-13T02:30:38.800+0000][1][safepoint    ] Application time: 0.0000885 seconds
[2022-06-13T02:30:38.800+0000][1][safepoint    ] Entering safepoint region: RevokeBias
[2022-06-13T02:30:38.800+0000][1][safepoint    ] Leaving safepoint region
[2022-06-13T02:30:38.800+0000][1][safepoint    ] Total time for which application threads were stopped: 0.0003004 seconds, Stopping threads took: 0.0001154 seconds
[2022-06-13T02:30:38.801+0000][1][safepoint    ] Application time: 0.0003237 seconds
[2022-06-13T02:30:38.801+0000][1][safepoint    ] Entering safepoint region: RevokeBias
[2022-06-13T02:30:38.801+0000][1][safepoint    ] Leaving safepoint region
[2022-06-13T02:30:38.801+0000][1][safepoint    ] Total time for which application threads were stopped: 0.0003188 seconds, Stopping threads took: 0.0001680 seconds
[2022-06-13T02:30:38.801+0000][1][safepoint    ] Application time: 0.0000934 seconds
[2022-06-13T02:30:38.802+0000][1][safepoint    ] Entering safepoint region: RevokeBias
[2022-06-13T02:30:38.802+0000][1][safepoint    ] Leaving safepoint region
[2022-06-13T02:30:38.802+0000][1][safepoint    ] Total time for which application threads were stopped: 0.0002479 seconds, Stopping threads took: 0.0001257 seconds
[2022-06-13T02:30:38.802+0000][1][safepoint    ] Application time: 0.0003448 seconds
[2022-06-13T02:30:38.802+0000][1][safepoint    ] Entering safepoint region: RevokeBias
[2022-06-13T02:30:38.803+0000][1][safepoint    ] Leaving safepoint region
[2022-06-13T02:30:38.803+0000][1][safepoint    ] Total time for which application threads were stopped: 0.0003085 seconds, Stopping threads took: 0.0001672 seconds
[2022-06-13T02:30:38.803+0000][1][safepoint    ] Application time: 0.0000892 seconds
[2022-06-13T02:30:38.803+0000][1][safepoint    ] Entering safepoint region: RevokeBias
[2022-06-13T02:30:38.803+0000][1][safepoint    ] Leaving safepoint region
[2022-06-13T02:30:38.803+0000][1][safepoint    ] Total time for which application threads were stopped: 0.0002727 seconds, Stopping threads took: 0.0001401 seconds
[2022-06-13T02:30:38.804+0000][1][safepoint    ] Application time: 0.0003598 seconds
[2022-06-13T02:30:38.804+0000][1][safepoint    ] Entering safepoint region: RevokeBias
[2022-06-13T02:30:38.804+0000][1][safepoint    ] Leaving safepoint region
[2022-06-13T02:30:38.804+0000][1][safepoint    ] Total time for which application threads were stopped: 0.0003174 seconds, Stopping threads took: 0.0001798 seconds
[2022-06-13T02:30:38.804+0000][1][safepoint    ] Application time: 0.0000999 seconds
[2022-06-13T02:30:38.804+0000][1][safepoint    ] Entering safepoint region: RevokeBias
[2022-06-13T02:30:38.804+0000][1][safepoint    ] Leaving safepoint region
[2022-06-13T02:30:38.805+0000][1][safepoint    ] Total time for which application threads were stopped: 0.0002103 seconds, Stopping threads took: 0.0000941 seconds
[2022-06-13T02:30:38.805+0000][1][safepoint    ] Application time: 0.0000855 seconds
[2022-06-13T02:30:38.805+0000][1][safepoint    ] Entering safepoint region: RevokeBias
[2022-06-13T02:30:38.805+0000][1][safepoint    ] Leaving safepoint region
[2022-06-13T02:30:38.805+0000][1][safepoint    ] Total time for which application threads were stopped: 0.0002562 seconds, Stopping threads took: 0.0001316 seconds
[2022-06-13T02:30:38.806+0000][1][safepoint    ] Application time: 0.0009778 seconds
[2022-06-13T02:30:38.806+0000][1][safepoint    ] Entering safepoint region: RevokeBias
[2022-06-13T02:30:38.807+0000][1][safepoint    ] Leaving safepoint region
[2022-06-13T02:30:38.807+0000][1][safepoint    ] Total time for which application threads were stopped: 0.0004660 seconds, Stopping threads took: 0.0002906 seconds
[2022-06-13T02:30:38.960+0000][1][safepoint    ] Application time: 0.1535252 seconds
[2022-06-13T02:30:38.961+0000][1][safepoint    ] Entering safepoint region: RevokeBias
[2022-06-13T02:30:38.962+0000][1][safepoint    ] Leaving safepoint region
[2022-06-13T02:30:38.962+0000][1][safepoint    ] Total time for which application threads were stopped: 0.0010209 seconds, Stopping threads took: 0.0005486 seconds
[2022-06-13T02:30:38.963+0000][1][safepoint    ] Application time: 0.0004727 seconds
[2022-06-13T02:30:38.963+0000][1][safepoint    ] Entering safepoint region: RevokeBias
[2022-06-13T02:30:38.964+0000][1][safepoint    ] Leaving safepoint region
[2022-06-13T02:30:38.965+0000][1][safepoint    ] Total time for which application threads were stopped: 0.0014409 seconds, Stopping threads took: 0.0006321 seconds
[2022-06-13T02:30:38.966+0000][1][safepoint    ] Application time: 0.0001499 seconds
[2022-06-13T02:30:38.966+0000][1][safepoint    ] Entering safepoint region: RevokeBias
[2022-06-13T02:30:38.967+0000][1][safepoint    ] Leaving safepoint region
[2022-06-13T02:30:38.967+0000][1][safepoint    ] Total time for which application threads were stopped: 0.0009352 seconds, Stopping threads took: 0.0004003 seconds
[2022-06-13T02:30:38.968+0000][1][safepoint    ] Application time: 0.0003147 seconds
[2022-06-13T02:30:38.969+0000][1][safepoint    ] Entering safepoint region: RevokeBias
[2022-06-13T02:30:38.969+0000][1][safepoint    ] Leaving safepoint region
[2022-06-13T02:30:38.970+0000][1][safepoint    ] Total time for which application threads were stopped: 0.0011008 seconds, Stopping threads took: 0.0004703 seconds
[2022-06-13T02:30:38.970+0000][1][safepoint    ] Application time: 0.0002288 seconds
[2022-06-13T02:30:38.971+0000][1][safepoint    ] Entering safepoint region: RevokeBias
[2022-06-13T02:30:38.971+0000][1][safepoint    ] Leaving safepoint region
[2022-06-13T02:30:38.972+0000][1][safepoint    ] Total time for which application threads were stopped: 0.0009450 seconds, Stopping threads took: 0.0005418 seconds
[2022-06-13T02:30:38.975+0000][1][safepoint    ] Application time: 0.0028599 seconds
[2022-06-13T02:30:38.975+0000][1][safepoint    ] Entering safepoint region: RevokeBias
[2022-06-13T02:30:38.976+0000][1][safepoint    ] Leaving safepoint region
[2022-06-13T02:30:38.976+0000][1][safepoint    ] Total time for which application threads were stopped: 0.0007790 seconds, Stopping threads took: 0.0003554 seconds
[2022-06-13T02:30:38.977+0000][1][safepoint    ] Application time: 0.0006379 seconds
[2022-06-13T02:30:38.978+0000][1][safepoint    ] Entering safepoint region: RevokeBias
[2022-06-13T02:30:38.978+0000][1][safepoint    ] Leaving safepoint region
[2022-06-13T02:30:38.979+0000][1][safepoint    ] Total time for which application threads were stopped: 0.0016629 seconds, Stopping threads took: 0.0013026 seconds
[2022-06-13T02:30:38.980+0000][1][safepoint    ] Application time: 0.0005141 seconds
[2022-06-13T02:30:38.980+0000][1][safepoint    ] Entering safepoint region: RevokeBias
[2022-06-13T02:30:38.980+0000][1][safepoint    ] Leaving safepoint region
[2022-06-13T02:30:38.981+0000][1][safepoint    ] Total time for which application threads were stopped: 0.0007520 seconds, Stopping threads took: 0.0002864 seconds
[2022-06-13T02:30:38.981+0000][1][safepoint    ] Application time: 0.0001061 seconds
[2022-06-13T02:30:38.981+0000][1][safepoint    ] Entering safepoint region: RevokeBias
[2022-06-13T02:30:38.982+0000][1][safepoint    ] Leaving safepoint region
[2022-06-13T02:30:38.982+0000][1][safepoint    ] Total time for which application threads were stopped: 0.0007068 seconds, Stopping threads took: 0.0003849 seconds
[2022-06-13T02:30:38.983+0000][1][safepoint    ] Application time: 0.0001949 seconds
[2022-06-13T02:30:38.983+0000][1][safepoint    ] Entering safepoint region: RevokeBias
[2022-06-13T02:30:38.983+0000][1][safepoint    ] Leaving safepoint region
[2022-06-13T02:30:38.984+0000][1][safepoint    ] Total time for which application threads were stopped: 0.0008182 seconds, Stopping threads took: 0.0004829 seconds
[2022-06-13T02:30:38.984+0000][1][safepoint    ] Application time: 0.0000820 seconds
[2022-06-13T02:30:38.984+0000][1][safepoint    ] Entering safepoint region: BulkRevokeBias
[2022-06-13T02:30:38.985+0000][1][safepoint    ] Leaving safepoint region
[2022-06-13T02:30:38.985+0000][1][safepoint    ] Total time for which application threads were stopped: 0.0008267 seconds, Stopping threads took: 0.0003336 seconds
[2022-06-13T02:30:38.987+0000][1][safepoint    ] Application time: 0.0012221 seconds
[2022-06-13T02:30:38.987+0000][1][safepoint    ] Entering safepoint region: RevokeBias
[2022-06-13T02:30:38.987+0000][1][safepoint    ] Leaving safepoint region
[2022-06-13T02:30:38.987+0000][1][safepoint    ] Total time for which application threads were stopped: 0.0004033 seconds, Stopping threads took: 0.0002018 seconds
[2022-06-13T02:30:38.988+0000][1][safepoint    ] Application time: 0.0008128 seconds
[2022-06-13T02:30:38.989+0000][1][safepoint    ] Entering safepoint region: GenCollectForAllocation
[2022-06-13T02:30:38.989+0000][1][gc,start     ] GC(29) Pause Young (Allocation Failure)
[2022-06-13T02:30:38.989+0000][1][gc,task      ] GC(29) Using 6 workers of 13 for evacuation
[2022-06-13T02:30:38.991+0000][1][gc,age       ] GC(29) Desired survivor size 4456448 bytes, new threshold 6 (max threshold 6)
[2022-06-13T02:30:38.991+0000][1][gc,age       ] GC(29) Age table with threshold 6 (max threshold 6)
[2022-06-13T02:30:38.992+0000][1][gc,age       ] GC(29) - age   1:      76568 bytes,      76568 total
[2022-06-13T02:30:38.992+0000][1][gc,age       ] GC(29) - age   2:      14928 bytes,      91496 total
[2022-06-13T02:30:38.992+0000][1][gc,age       ] GC(29) - age   3:      13784 bytes,     105280 total
[2022-06-13T02:30:38.993+0000][1][gc,age       ] GC(29) - age   4:      13872 bytes,     119152 total
[2022-06-13T02:30:38.993+0000][1][gc,age       ] GC(29) - age   5:      13760 bytes,     132912 total
[2022-06-13T02:30:38.993+0000][1][gc,age       ] GC(29) - age   6:      34328 bytes,     167240 total
[2022-06-13T02:30:38.994+0000][1][gc,heap      ] GC(29) ParNew: 70931K->372K(78656K)
[2022-06-13T02:30:38.994+0000][1][gc,heap      ] GC(29) CMS: 69017K->69097K(174784K)
[2022-06-13T02:30:38.994+0000][1][gc,metaspace ] GC(29) Metaspace: 65411K->65411K(1110016K)
[2022-06-13T02:30:38.995+0000][1][gc           ] GC(29) Pause Young (Allocation Failure) 136M->67M(247M) 5.662ms
[2022-06-13T02:30:38.995+0000][1][gc,cpu       ] GC(29) User=0.01s Sys=0.00s Real=0.01s
[2022-06-13T02:30:38.995+0000][1][safepoint    ] Leaving safepoint region
[2022-06-13T02:30:38.996+0000][1][safepoint    ] Total time for which application threads were stopped: 0.0068992 seconds, Stopping threads took: 0.0002005 seconds
[2022-06-13T02:30:39.001+0000][1][safepoint    ] Application time: 0.0049384 seconds
[2022-06-13T02:30:39.001+0000][1][safepoint    ] Entering safepoint region: RevokeBias
[2022-06-13T02:30:39.001+0000][1][safepoint    ] Leaving safepoint region
[2022-06-13T02:30:39.002+0000][1][safepoint    ] Total time for which application threads were stopped: 0.0005234 seconds, Stopping threads took: 0.0002426 seconds
[2022-06-13T02:30:39.002+0000][1][safepoint    ] Application time: 0.0001728 seconds
[2022-06-13T02:30:39.002+0000][1][safepoint    ] Entering safepoint region: RevokeBias
[2022-06-13T02:30:39.003+0000][1][safepoint    ] Leaving safepoint region
[2022-06-13T02:30:39.003+0000][1][safepoint    ] Total time for which application threads were stopped: 0.0006678 seconds, Stopping threads took: 0.0001843 seconds
[2022-06-13T02:30:39.004+0000][1][safepoint    ] Application time: 0.0002086 seconds
[2022-06-13T02:30:39.004+0000][1][safepoint    ] Entering safepoint region: RevokeBias
[2022-06-13T02:30:39.005+0000][1][safepoint    ] Leaving safepoint region
[2022-06-13T02:30:39.005+0000][1][safepoint    ] Total time for which application threads were stopped: 0.0009001 seconds, Stopping threads took: 0.0004717 seconds
[2022-06-13T02:30:39.006+0000][1][safepoint    ] Application time: 0.0006494 seconds
[2022-06-13T02:30:39.006+0000][1][safepoint    ] Entering safepoint region: RevokeBias
[2022-06-13T02:30:39.007+0000][1][safepoint    ] Leaving safepoint region
[2022-06-13T02:30:39.007+0000][1][safepoint    ] Total time for which application threads were stopped: 0.0005996 seconds, Stopping threads took: 0.0002911 seconds
[2022-06-13T02:30:39.008+0000][1][safepoint    ] Application time: 0.0009865 seconds
[2022-06-13T02:30:39.009+0000][1][safepoint    ] Entering safepoint region: RevokeBias
[2022-06-13T02:30:39.009+0000][1][safepoint    ] Leaving safepoint region
[2022-06-13T02:30:39.010+0000][1][safepoint    ] Total time for which application threads were stopped: 0.0009437 seconds, Stopping threads took: 0.0005306 seconds
[2022-06-13T02:30:39.011+0000][1][safepoint    ] Application time: 0.0004944 seconds
[2022-06-13T02:30:39.011+0000][1][safepoint    ] Entering safepoint region: RevokeBias
[2022-06-13T02:30:39.011+0000][1][safepoint    ] Leaving safepoint region
[2022-06-13T02:30:39.012+0000][1][safepoint    ] Total time for which application threads were stopped: 0.0007714 seconds, Stopping threads took: 0.0003431 seconds
[2022-06-13T02:30:39.014+0000][1][safepoint    ] Application time: 0.0016730 seconds
[2022-06-13T02:30:39.014+0000][1][safepoint    ] Entering safepoint region: RevokeBias
[2022-06-13T02:30:39.014+0000][1][safepoint    ] Leaving safepoint region
[2022-06-13T02:30:39.014+0000][1][safepoint    ] Total time for which application threads were stopped: 0.0003153 seconds, Stopping threads took: 0.0001646 seconds
[2022-06-13T02:30:39.015+0000][1][safepoint    ] Application time: 0.0003904 seconds
[2022-06-13T02:30:39.015+0000][1][safepoint    ] Entering safepoint region: RevokeBias
[2022-06-13T02:30:39.015+0000][1][safepoint    ] Leaving safepoint region
[2022-06-13T02:30:39.015+0000][1][safepoint    ] Total time for which application threads were stopped: 0.0002931 seconds, Stopping threads took: 0.0001520 seconds
[2022-06-13T02:30:39.016+0000][1][safepoint    ] Application time: 0.0001850 seconds
[2022-06-13T02:30:39.016+0000][1][safepoint    ] Entering safepoint region: RevokeBias
[2022-06-13T02:30:39.016+0000][1][safepoint    ] Leaving safepoint region
[2022-06-13T02:30:39.016+0000][1][safepoint    ] Total time for which application threads were stopped: 0.0003938 seconds, Stopping threads took: 0.0002324 seconds
[2022-06-13T02:30:39.017+0000][1][safepoint    ] Application time: 0.0004647 seconds
[2022-06-13T02:30:39.017+0000][1][safepoint    ] Entering safepoint region: RevokeBias
[2022-06-13T02:30:39.017+0000][1][safepoint    ] Leaving safepoint region
[2022-06-13T02:30:39.017+0000][1][safepoint    ] Total time for which application threads were stopped: 0.0003259 seconds, Stopping threads took: 0.0001642 seconds
[2022-06-13T02:30:39.019+0000][1][safepoint    ] Application time: 0.0010240 seconds
[2022-06-13T02:30:39.019+0000][1][safepoint    ] Entering safepoint region: RevokeBias
[2022-06-13T02:30:39.019+0000][1][safepoint    ] Leaving safepoint region
[2022-06-13T02:30:39.019+0000][1][safepoint    ] Total time for which application threads were stopped: 0.0003858 seconds, Stopping threads took: 0.0001324 seconds
[2022-06-13T02:30:39.020+0000][1][safepoint    ] Application time: 0.0003356 seconds
[2022-06-13T02:30:39.020+0000][1][safepoint    ] Entering safepoint region: RevokeBias
[2022-06-13T02:30:39.020+0000][1][safepoint    ] Leaving safepoint region
[2022-06-13T02:30:39.020+0000][1][safepoint    ] Total time for which application threads were stopped: 0.0002962 seconds, Stopping threads took: 0.0001469 seconds
[2022-06-13T02:30:39.022+0000][1][gc,heap,exit ] Heap
[2022-06-13T02:30:39.022+0000][1][gc,heap,exit ]  par new generation   total 78656K, used 3141K [0x00000000f0000000, 0x00000000f5550000, 0x00000000f5550000)
[2022-06-13T02:30:39.023+0000][1][gc,heap,exit ]   eden space 69952K,   3% used [0x00000000f0000000, 0x00000000f02b44b8, 0x00000000f4450000)
[2022-06-13T02:30:39.023+0000][1][gc,heap,exit ]   from space 8704K,   4% used [0x00000000f4450000, 0x00000000f44ad240, 0x00000000f4cd0000)
[2022-06-13T02:30:39.023+0000][1][gc,heap,exit ]   to   space 8704K,   0% used [0x00000000f4cd0000, 0x00000000f4cd0000, 0x00000000f5550000)
[2022-06-13T02:30:39.023+0000][1][gc,heap,exit ]  concurrent mark-sweep generation total 174784K, used 69097K [0x00000000f5550000, 0x0000000100000000, 0x0000000100000000)
[2022-06-13T02:30:39.023+0000][1][gc,heap,exit ]  Metaspace       used 65505K, capacity 70431K, committed 70520K, reserved 1110016K
[2022-06-13T02:30:39.024+0000][1][gc,heap,exit ]   class space    used 8776K, capacity 10836K, committed 10884K, reserved 1048576K
[2022-06-13T02:30:39.024+0000][1][safepoint    ] Application time: 0.0033480 seconds
[2022-06-13T02:30:39.024+0000][1][safepoint    ] Entering safepoint region: Exit
