[2022-06-13T01:32:13.597+0000][1][gc] Using Concurrent Mark Sweep
[2022-06-13T01:32:13.598+0000][1][gc,heap,coops] Heap address: 0x00000000f0000000, size: 256 MB, Compressed Oops mode: 32-bit
[2022-06-13T01:32:13.653+0000][1][safepoint    ] Entering safepoint region: EnableBiasedLocking
[2022-06-13T01:32:13.653+0000][1][safepoint    ] Leaving safepoint region
[2022-06-13T01:32:13.653+0000][1][safepoint    ] Total time for which application threads were stopped: 0.0009190 seconds, Stopping threads took: 0.0005919 seconds
[2022-06-13T01:32:13.658+0000][1][safepoint    ] Application time: 0.0036320 seconds
[2022-06-13T01:32:13.658+0000][1][safepoint    ] Entering safepoint region: RevokeBias
[2022-06-13T01:32:13.659+0000][1][safepoint    ] Leaving safepoint region
[2022-06-13T01:32:13.659+0000][1][safepoint    ] Total time for which application threads were stopped: 0.0012231 seconds, Stopping threads took: 0.0006075 seconds
[2022-06-13T01:32:13.676+0000][1][safepoint    ] Application time: 0.0161184 seconds
[2022-06-13T01:32:13.676+0000][1][safepoint    ] Entering safepoint region: Deoptimize
[2022-06-13T01:32:13.676+0000][1][safepoint    ] Leaving safepoint region
[2022-06-13T01:32:13.677+0000][1][safepoint    ] Total time for which application threads were stopped: 0.0005956 seconds, Stopping threads took: 0.0002637 seconds
[2022-06-13T01:32:13.795+0000][1][safepoint    ] Application time: 0.1183964 seconds
[2022-06-13T01:32:13.796+0000][1][safepoint    ] Entering safepoint region: RevokeBias
[2022-06-13T01:32:13.796+0000][1][safepoint    ] Leaving safepoint region
[2022-06-13T01:32:13.796+0000][1][safepoint    ] Total time for which application threads were stopped: 0.0006772 seconds, Stopping threads took: 0.0003095 seconds
[2022-06-13T01:32:13.838+0000][1][safepoint    ] Application time: 0.0409644 seconds
[2022-06-13T01:32:13.838+0000][1][safepoint    ] Entering safepoint region: Deoptimize
[2022-06-13T01:32:13.838+0000][1][safepoint    ] Leaving safepoint region
[2022-06-13T01:32:13.839+0000][1][safepoint    ] Total time for which application threads were stopped: 0.0005700 seconds, Stopping threads took: 0.0002720 seconds
[2022-06-13T01:32:14.292+0000][1][safepoint    ] Application time: 0.4534170 seconds
[2022-06-13T01:32:14.298+0000][1][safepoint    ] Entering safepoint region: Deoptimize
[2022-06-13T01:32:14.299+0000][1][safepoint    ] Leaving safepoint region
[2022-06-13T01:32:14.299+0000][1][safepoint    ] Total time for which application threads were stopped: 0.0019522 seconds, Stopping threads took: 0.0013930 seconds
[2022-06-13T01:32:14.335+0000][1][safepoint    ] Application time: 0.0353924 seconds
[2022-06-13T01:32:14.336+0000][1][safepoint    ] Entering safepoint region: Deoptimize
[2022-06-13T01:32:14.337+0000][1][safepoint    ] Leaving safepoint region
[2022-06-13T01:32:14.337+0000][1][safepoint    ] Total time for which application threads were stopped: 0.0015790 seconds, Stopping threads took: 0.0009182 seconds
[2022-06-13T01:32:14.423+0000][1][safepoint    ] Application time: 0.0853221 seconds
[2022-06-13T01:32:14.423+0000][1][safepoint    ] Entering safepoint region: Deoptimize
[2022-06-13T01:32:14.424+0000][1][safepoint    ] Leaving safepoint region
[2022-06-13T01:32:14.424+0000][1][safepoint    ] Total time for which application threads were stopped: 0.0009512 seconds, Stopping threads took: 0.0003081 seconds
[2022-06-13T01:32:14.443+0000][1][safepoint    ] Application time: 0.0184182 seconds
[2022-06-13T01:32:14.443+0000][1][safepoint    ] Entering safepoint region: Deoptimize
[2022-06-13T01:32:14.444+0000][1][safepoint    ] Leaving safepoint region
[2022-06-13T01:32:14.444+0000][1][safepoint    ] Total time for which application threads were stopped: 0.0008584 seconds, Stopping threads took: 0.0003442 seconds
[2022-06-13T01:32:15.032+0000][1][safepoint    ] Application time: 0.5878722 seconds
[2022-06-13T01:32:15.033+0000][1][safepoint    ] Entering safepoint region: Deoptimize
[2022-06-13T01:32:15.033+0000][1][safepoint    ] Leaving safepoint region
[2022-06-13T01:32:15.034+0000][1][safepoint    ] Total time for which application threads were stopped: 0.0009223 seconds, Stopping threads took: 0.0002730 seconds
[2022-06-13T01:32:15.381+0000][1][safepoint    ] Application time: 0.3469880 seconds
[2022-06-13T01:32:15.381+0000][1][safepoint    ] Entering safepoint region: RevokeBias
[2022-06-13T01:32:15.382+0000][1][safepoint    ] Leaving safepoint region
[2022-06-13T01:32:15.382+0000][1][safepoint    ] Total time for which application threads were stopped: 0.0004964 seconds, Stopping threads took: 0.0001904 seconds
[2022-06-13T01:32:15.561+0000][1][safepoint    ] Application time: 0.1793626 seconds
[2022-06-13T01:32:15.562+0000][1][safepoint    ] Entering safepoint region: Deoptimize
[2022-06-13T01:32:15.562+0000][1][safepoint    ] Leaving safepoint region
[2022-06-13T01:32:15.563+0000][1][safepoint    ] Total time for which application threads were stopped: 0.0011167 seconds, Stopping threads took: 0.0003095 seconds
[2022-06-13T01:32:15.710+0000][1][safepoint    ] Application time: 0.1463763 seconds
[2022-06-13T01:32:15.710+0000][1][safepoint    ] Entering safepoint region: Deoptimize
[2022-06-13T01:32:15.711+0000][1][safepoint    ] Leaving safepoint region
[2022-06-13T01:32:15.711+0000][1][safepoint    ] Total time for which application threads were stopped: 0.0010149 seconds, Stopping threads took: 0.0003228 seconds
[2022-06-13T01:32:15.712+0000][1][safepoint    ] Application time: 0.0005544 seconds
[2022-06-13T01:32:15.712+0000][1][safepoint    ] Entering safepoint region: Deoptimize
[2022-06-13T01:32:15.713+0000][1][safepoint    ] Leaving safepoint region
[2022-06-13T01:32:15.714+0000][1][safepoint    ] Total time for which application threads were stopped: 0.0011141 seconds, Stopping threads took: 0.0005159 seconds
[2022-06-13T01:32:15.787+0000][1][safepoint    ] Application time: 0.0726220 seconds
[2022-06-13T01:32:15.787+0000][1][safepoint    ] Entering safepoint region: Deoptimize
[2022-06-13T01:32:15.788+0000][1][safepoint    ] Leaving safepoint region
[2022-06-13T01:32:15.788+0000][1][safepoint    ] Total time for which application threads were stopped: 0.0009543 seconds, Stopping threads took: 0.0003077 seconds
[2022-06-13T01:32:15.801+0000][1][safepoint    ] Application time: 0.0125637 seconds
[2022-06-13T01:32:15.802+0000][1][safepoint    ] Entering safepoint region: RevokeBias
[2022-06-13T01:32:15.802+0000][1][safepoint    ] Leaving safepoint region
[2022-06-13T01:32:15.803+0000][1][safepoint    ] Total time for which application threads were stopped: 0.0008811 seconds, Stopping threads took: 0.0004220 seconds
[2022-06-13T01:32:15.804+0000][1][safepoint    ] Application time: 0.0002438 seconds
[2022-06-13T01:32:15.804+0000][1][safepoint    ] Entering safepoint region: RevokeBias
[2022-06-13T01:32:15.805+0000][1][safepoint    ] Leaving safepoint region
[2022-06-13T01:32:15.805+0000][1][safepoint    ] Total time for which application threads were stopped: 0.0008842 seconds, Stopping threads took: 0.0005008 seconds
[2022-06-13T01:32:15.806+0000][1][safepoint    ] Application time: 0.0002110 seconds
[2022-06-13T01:32:15.806+0000][1][safepoint    ] Entering safepoint region: RevokeBias
[2022-06-13T01:32:15.807+0000][1][safepoint    ] Leaving safepoint region
[2022-06-13T01:32:15.807+0000][1][safepoint    ] Total time for which application threads were stopped: 0.0006999 seconds, Stopping threads took: 0.0003496 seconds
[2022-06-13T01:32:15.808+0000][1][safepoint    ] Application time: 0.0004058 seconds
[2022-06-13T01:32:15.809+0000][1][safepoint    ] Entering safepoint region: RevokeBias
[2022-06-13T01:32:15.809+0000][1][safepoint    ] Leaving safepoint region
[2022-06-13T01:32:15.810+0000][1][safepoint    ] Total time for which application threads were stopped: 0.0012392 seconds, Stopping threads took: 0.0009817 seconds
[2022-06-13T01:32:15.811+0000][1][safepoint    ] Application time: 0.0008513 seconds
[2022-06-13T01:32:15.812+0000][1][safepoint    ] Entering safepoint region: RevokeBias
[2022-06-13T01:32:15.812+0000][1][safepoint    ] Leaving safepoint region
[2022-06-13T01:32:15.813+0000][1][safepoint    ] Total time for which application threads were stopped: 0.0007820 seconds, Stopping threads took: 0.0004153 seconds
[2022-06-13T01:32:15.829+0000][1][safepoint    ] Application time: 0.0164590 seconds
[2022-06-13T01:32:15.830+0000][1][safepoint    ] Entering safepoint region: Deoptimize
[2022-06-13T01:32:15.831+0000][1][safepoint    ] Leaving safepoint region
[2022-06-13T01:32:15.831+0000][1][safepoint    ] Total time for which application threads were stopped: 0.0011761 seconds, Stopping threads took: 0.0004930 seconds
[2022-06-13T01:32:15.965+0000][1][safepoint    ] Application time: 0.1333699 seconds
[2022-06-13T01:32:15.965+0000][1][safepoint    ] Entering safepoint region: GenCollectForAllocation
[2022-06-13T01:32:15.966+0000][1][gc,start     ] GC(0) Pause Young (Allocation Failure)
[2022-06-13T01:32:15.968+0000][1][gc,task      ] GC(0) Using 5 workers of 13 for evacuation
[2022-06-13T01:32:15.987+0000][1][gc,age       ] GC(0) Desired survivor size 4456448 bytes, new threshold 1 (max threshold 6)
[2022-06-13T01:32:15.988+0000][1][gc,age       ] GC(0) Age table with threshold 1 (max threshold 6)
[2022-06-13T01:32:15.988+0000][1][gc,age       ] GC(0) - age   1:    8143776 bytes,    8143776 total
[2022-06-13T01:32:15.988+0000][1][gc,heap      ] GC(0) ParNew: 69952K->8061K(78656K)
[2022-06-13T01:32:15.988+0000][1][gc,heap      ] GC(0) CMS: 0K->0K(174784K)
[2022-06-13T01:32:15.989+0000][1][gc,metaspace ] GC(0) Metaspace: 12359K->12359K(1060864K)
[2022-06-13T01:32:15.990+0000][1][gc           ] GC(0) Pause Young (Allocation Failure) 68M->7M(247M) 23.589ms
[2022-06-13T01:32:15.992+0000][1][gc,cpu       ] GC(0) User=0.05s Sys=0.00s Real=0.03s
[2022-06-13T01:32:15.993+0000][1][safepoint    ] Leaving safepoint region
[2022-06-13T01:32:15.994+0000][1][safepoint    ] Total time for which application threads were stopped: 0.0282886 seconds, Stopping threads took: 0.0006903 seconds
[2022-06-13T01:32:16.009+0000][1][safepoint    ] Application time: 0.0142606 seconds
[2022-06-13T01:32:16.031+0000][1][safepoint    ] Entering safepoint region: RevokeBias
[2022-06-13T01:32:16.034+0000][1][safepoint    ] Leaving safepoint region
[2022-06-13T01:32:16.035+0000][1][safepoint    ] Total time for which application threads were stopped: 0.0243832 seconds, Stopping threads took: 0.0237664 seconds
[2022-06-13T01:32:16.038+0000][1][safepoint    ] Application time: 0.0000617 seconds
[2022-06-13T01:32:16.038+0000][1][safepoint    ] Entering safepoint region: RevokeBias
[2022-06-13T01:32:16.039+0000][1][safepoint    ] Leaving safepoint region
[2022-06-13T01:32:16.043+0000][1][safepoint    ] Total time for which application threads were stopped: 0.0041030 seconds, Stopping threads took: 0.0004603 seconds
[2022-06-13T01:32:16.053+0000][1][safepoint    ] Application time: 0.0103639 seconds
[2022-06-13T01:32:16.055+0000][1][safepoint    ] Entering safepoint region: RevokeBias
[2022-06-13T01:32:16.056+0000][1][safepoint    ] Leaving safepoint region
[2022-06-13T01:32:16.061+0000][1][safepoint    ] Total time for which application threads were stopped: 0.0058702 seconds, Stopping threads took: 0.0004163 seconds
[2022-06-13T01:32:16.063+0000][1][safepoint    ] Application time: 0.0001952 seconds
[2022-06-13T01:32:16.067+0000][1][safepoint    ] Entering safepoint region: RevokeBias
[2022-06-13T01:32:16.067+0000][1][safepoint    ] Leaving safepoint region
[2022-06-13T01:32:16.067+0000][1][safepoint    ] Total time for which application threads were stopped: 0.0006741 seconds, Stopping threads took: 0.0003243 seconds
[2022-06-13T01:32:16.075+0000][1][safepoint    ] Application time: 0.0058634 seconds
[2022-06-13T01:32:16.075+0000][1][safepoint    ] Entering safepoint region: RevokeBias
[2022-06-13T01:32:16.076+0000][1][safepoint    ] Leaving safepoint region
[2022-06-13T01:32:16.076+0000][1][safepoint    ] Total time for which application threads were stopped: 0.0009751 seconds, Stopping threads took: 0.0004547 seconds
[2022-06-13T01:32:16.077+0000][1][safepoint    ] Application time: 0.0001280 seconds
[2022-06-13T01:32:16.077+0000][1][safepoint    ] Entering safepoint region: RevokeBias
[2022-06-13T01:32:16.078+0000][1][safepoint    ] Leaving safepoint region
[2022-06-13T01:32:16.086+0000][1][safepoint    ] Total time for which application threads were stopped: 0.0087111 seconds, Stopping threads took: 0.0003834 seconds
[2022-06-13T01:32:16.089+0000][1][safepoint    ] Application time: 0.0010353 seconds
[2022-06-13T01:32:16.094+0000][1][safepoint    ] Entering safepoint region: RevokeBias
[2022-06-13T01:32:16.095+0000][1][safepoint    ] Leaving safepoint region
[2022-06-13T01:32:16.096+0000][1][safepoint    ] Total time for which application threads were stopped: 0.0014823 seconds, Stopping threads took: 0.0006681 seconds
[2022-06-13T01:32:16.099+0000][1][safepoint    ] Application time: 0.0020145 seconds
[2022-06-13T01:32:16.101+0000][1][safepoint    ] Entering safepoint region: RevokeBias
[2022-06-13T01:32:16.102+0000][1][safepoint    ] Leaving safepoint region
[2022-06-13T01:32:16.105+0000][1][safepoint    ] Total time for which application threads were stopped: 0.0048214 seconds, Stopping threads took: 0.0009326 seconds
[2022-06-13T01:32:16.111+0000][1][safepoint    ] Application time: 0.0048155 seconds
[2022-06-13T01:32:16.113+0000][1][safepoint    ] Entering safepoint region: RevokeBias
[2022-06-13T01:32:16.115+0000][1][safepoint    ] Leaving safepoint region
[2022-06-13T01:32:16.115+0000][1][safepoint    ] Total time for which application threads were stopped: 0.0020424 seconds, Stopping threads took: 0.0013109 seconds
[2022-06-13T01:32:16.119+0000][1][safepoint    ] Application time: 0.0035715 seconds
[2022-06-13T01:32:16.120+0000][1][safepoint    ] Entering safepoint region: RevokeBias
[2022-06-13T01:32:16.120+0000][1][safepoint    ] Leaving safepoint region
[2022-06-13T01:32:16.120+0000][1][safepoint    ] Total time for which application threads were stopped: 0.0005975 seconds, Stopping threads took: 0.0002637 seconds
[2022-06-13T01:32:16.126+0000][1][safepoint    ] Application time: 0.0054978 seconds
[2022-06-13T01:32:16.133+0000][1][safepoint    ] Entering safepoint region: RevokeBias
[2022-06-13T01:32:16.135+0000][1][safepoint    ] Leaving safepoint region
[2022-06-13T01:32:16.139+0000][1][safepoint    ] Total time for which application threads were stopped: 0.0064308 seconds, Stopping threads took: 0.0024500 seconds
[2022-06-13T01:32:16.141+0000][1][safepoint    ] Application time: 0.0003827 seconds
[2022-06-13T01:32:16.144+0000][1][safepoint    ] Entering safepoint region: RevokeBias
[2022-06-13T01:32:16.145+0000][1][safepoint    ] Leaving safepoint region
[2022-06-13T01:32:16.145+0000][1][safepoint    ] Total time for which application threads were stopped: 0.0007654 seconds, Stopping threads took: 0.0003507 seconds
[2022-06-13T01:32:16.149+0000][1][safepoint    ] Application time: 0.0035124 seconds
[2022-06-13T01:32:16.154+0000][1][safepoint    ] Entering safepoint region: RevokeBias
[2022-06-13T01:32:16.155+0000][1][safepoint    ] Leaving safepoint region
[2022-06-13T01:32:16.155+0000][1][safepoint    ] Total time for which application threads were stopped: 0.0009756 seconds, Stopping threads took: 0.0006465 seconds
[2022-06-13T01:32:16.156+0000][1][safepoint    ] Application time: 0.0004346 seconds
[2022-06-13T01:32:16.161+0000][1][safepoint    ] Entering safepoint region: RevokeBias
[2022-06-13T01:32:16.161+0000][1][safepoint    ] Leaving safepoint region
[2022-06-13T01:32:16.162+0000][1][safepoint    ] Total time for which application threads were stopped: 0.0023470 seconds, Stopping threads took: 0.0011792 seconds
[2022-06-13T01:32:16.165+0000][1][safepoint    ] Application time: 0.0011842 seconds
[2022-06-13T01:32:16.170+0000][1][safepoint    ] Entering safepoint region: RevokeBias
[2022-06-13T01:32:16.171+0000][1][safepoint    ] Leaving safepoint region
[2022-06-13T01:32:16.173+0000][1][safepoint    ] Total time for which application threads were stopped: 0.0033819 seconds, Stopping threads took: 0.0004561 seconds
[2022-06-13T01:32:16.175+0000][1][safepoint    ] Application time: 0.0002754 seconds
[2022-06-13T01:32:16.180+0000][1][safepoint    ] Entering safepoint region: RevokeBias
[2022-06-13T01:32:16.181+0000][1][safepoint    ] Leaving safepoint region
[2022-06-13T01:32:16.181+0000][1][safepoint    ] Total time for which application threads were stopped: 0.0007754 seconds, Stopping threads took: 0.0003909 seconds
[2022-06-13T01:32:16.181+0000][1][safepoint    ] Application time: 0.0002030 seconds
[2022-06-13T01:32:16.182+0000][1][safepoint    ] Entering safepoint region: RevokeBias
[2022-06-13T01:32:16.182+0000][1][safepoint    ] Leaving safepoint region
[2022-06-13T01:32:16.182+0000][1][safepoint    ] Total time for which application threads were stopped: 0.0005777 seconds, Stopping threads took: 0.0003095 seconds
[2022-06-13T01:32:16.183+0000][1][safepoint    ] Application time: 0.0000461 seconds
[2022-06-13T01:32:16.183+0000][1][safepoint    ] Entering safepoint region: RevokeBias
[2022-06-13T01:32:16.183+0000][1][safepoint    ] Leaving safepoint region
[2022-06-13T01:32:16.183+0000][1][safepoint    ] Total time for which application threads were stopped: 0.0004787 seconds, Stopping threads took: 0.0002209 seconds
[2022-06-13T01:32:16.184+0000][1][safepoint    ] Application time: 0.0001965 seconds
[2022-06-13T01:32:16.184+0000][1][safepoint    ] Entering safepoint region: RevokeBias
[2022-06-13T01:32:16.184+0000][1][safepoint    ] Leaving safepoint region
[2022-06-13T01:32:16.185+0000][1][safepoint    ] Total time for which application threads were stopped: 0.0008048 seconds, Stopping threads took: 0.0002350 seconds
[2022-06-13T01:32:16.187+0000][1][safepoint    ] Application time: 0.0010927 seconds
[2022-06-13T01:32:16.188+0000][1][safepoint    ] Entering safepoint region: RevokeBias
[2022-06-13T01:32:16.190+0000][1][safepoint    ] Leaving safepoint region
[2022-06-13T01:32:16.193+0000][1][safepoint    ] Total time for which application threads were stopped: 0.0046588 seconds, Stopping threads took: 0.0019228 seconds
[2022-06-13T01:32:16.195+0000][1][safepoint    ] Application time: 0.0003055 seconds
[2022-06-13T01:32:16.195+0000][1][safepoint    ] Entering safepoint region: RevokeBias
[2022-06-13T01:32:16.195+0000][1][safepoint    ] Leaving safepoint region
[2022-06-13T01:32:16.196+0000][1][safepoint    ] Total time for which application threads were stopped: 0.0009790 seconds, Stopping threads took: 0.0004489 seconds
[2022-06-13T01:32:16.196+0000][1][safepoint    ] Application time: 0.0001508 seconds
[2022-06-13T01:32:16.197+0000][1][safepoint    ] Entering safepoint region: RevokeBias
[2022-06-13T01:32:16.198+0000][1][safepoint    ] Leaving safepoint region
[2022-06-13T01:32:16.198+0000][1][safepoint    ] Total time for which application threads were stopped: 0.0011330 seconds, Stopping threads took: 0.0007883 seconds
[2022-06-13T01:32:16.198+0000][1][safepoint    ] Application time: 0.0001402 seconds
[2022-06-13T01:32:16.199+0000][1][safepoint    ] Entering safepoint region: RevokeBias
[2022-06-13T01:32:16.199+0000][1][safepoint    ] Leaving safepoint region
[2022-06-13T01:32:16.200+0000][1][safepoint    ] Total time for which application threads were stopped: 0.0012529 seconds, Stopping threads took: 0.0003169 seconds
[2022-06-13T01:32:16.201+0000][1][safepoint    ] Application time: 0.0001844 seconds
[2022-06-13T01:32:16.201+0000][1][safepoint    ] Entering safepoint region: RevokeBias
[2022-06-13T01:32:16.202+0000][1][safepoint    ] Leaving safepoint region
[2022-06-13T01:32:16.202+0000][1][safepoint    ] Total time for which application threads were stopped: 0.0008768 seconds, Stopping threads took: 0.0003475 seconds
[2022-06-13T01:32:16.203+0000][1][safepoint    ] Application time: 0.0003172 seconds
[2022-06-13T01:32:16.207+0000][1][safepoint    ] Entering safepoint region: RevokeBias
[2022-06-13T01:32:16.207+0000][1][safepoint    ] Leaving safepoint region
[2022-06-13T01:32:16.208+0000][1][safepoint    ] Total time for which application threads were stopped: 0.0009333 seconds, Stopping threads took: 0.0004095 seconds
[2022-06-13T01:32:16.210+0000][1][safepoint    ] Application time: 0.0001686 seconds
[2022-06-13T01:32:16.212+0000][1][safepoint    ] Entering safepoint region: RevokeBias
[2022-06-13T01:32:16.213+0000][1][safepoint    ] Leaving safepoint region
[2022-06-13T01:32:16.214+0000][1][safepoint    ] Total time for which application threads were stopped: 0.0013028 seconds, Stopping threads took: 0.0009255 seconds
[2022-06-13T01:32:16.731+0000][1][safepoint    ] Application time: 0.5171714 seconds
[2022-06-13T01:32:16.734+0000][1][safepoint    ] Entering safepoint region: Deoptimize
[2022-06-13T01:32:16.735+0000][1][safepoint    ] Leaving safepoint region
[2022-06-13T01:32:16.736+0000][1][safepoint    ] Total time for which application threads were stopped: 0.0025399 seconds, Stopping threads took: 0.0003051 seconds
[2022-06-13T01:32:17.111+0000][1][safepoint    ] Application time: 0.3741362 seconds
[2022-06-13T01:32:17.120+0000][1][safepoint    ] Entering safepoint region: RevokeBias
[2022-06-13T01:32:17.121+0000][1][safepoint    ] Leaving safepoint region
[2022-06-13T01:32:17.122+0000][1][safepoint    ] Total time for which application threads were stopped: 0.0013813 seconds, Stopping threads took: 0.0009074 seconds
[2022-06-13T01:32:17.304+0000][1][safepoint    ] Application time: 0.1815940 seconds
[2022-06-13T01:32:17.304+0000][1][safepoint    ] Entering safepoint region: RevokeBias
[2022-06-13T01:32:17.305+0000][1][safepoint    ] Leaving safepoint region
[2022-06-13T01:32:17.305+0000][1][safepoint    ] Total time for which application threads were stopped: 0.0007246 seconds, Stopping threads took: 0.0003217 seconds
[2022-06-13T01:32:17.314+0000][1][safepoint    ] Application time: 0.0083751 seconds
[2022-06-13T01:32:17.315+0000][1][safepoint    ] Entering safepoint region: RevokeBias
[2022-06-13T01:32:17.319+0000][1][safepoint    ] Leaving safepoint region
[2022-06-13T01:32:17.319+0000][1][safepoint    ] Total time for which application threads were stopped: 0.0050158 seconds, Stopping threads took: 0.0040249 seconds
[2022-06-13T01:32:17.343+0000][1][safepoint    ] Application time: 0.0236748 seconds
[2022-06-13T01:32:17.344+0000][1][safepoint    ] Entering safepoint region: RevokeBias
[2022-06-13T01:32:17.345+0000][1][safepoint    ] Leaving safepoint region
[2022-06-13T01:32:17.345+0000][1][safepoint    ] Total time for which application threads were stopped: 0.0007458 seconds, Stopping threads took: 0.0003518 seconds
[2022-06-13T01:32:17.385+0000][1][safepoint    ] Application time: 0.0403138 seconds
[2022-06-13T01:32:17.387+0000][1][safepoint    ] Entering safepoint region: GenCollectForAllocation
[2022-06-13T01:32:17.387+0000][1][gc,start     ] GC(1) Pause Young (Allocation Failure)
[2022-06-13T01:32:17.387+0000][1][gc,task      ] GC(1) Using 5 workers of 13 for evacuation
[2022-06-13T01:32:17.428+0000][1][gc,age       ] GC(1) Desired survivor size 4456448 bytes, new threshold 6 (max threshold 6)
[2022-06-13T01:32:17.429+0000][1][gc,age       ] GC(1) Age table with threshold 6 (max threshold 6)
[2022-06-13T01:32:17.429+0000][1][gc,age       ] GC(1) - age   1:    1971768 bytes,    1971768 total
[2022-06-13T01:32:17.430+0000][1][gc,heap      ] GC(1) ParNew: 78013K->5385K(78656K)
[2022-06-13T01:32:17.431+0000][1][gc,heap      ] GC(1) CMS: 0K->6703K(174784K)
[2022-06-13T01:32:17.431+0000][1][gc,metaspace ] GC(1) Metaspace: 14953K->14953K(1062912K)
[2022-06-13T01:32:17.431+0000][1][gc           ] GC(1) Pause Young (Allocation Failure) 76M->11M(247M) 44.251ms
[2022-06-13T01:32:17.432+0000][1][gc,cpu       ] GC(1) User=0.15s Sys=0.03s Real=0.05s
[2022-06-13T01:32:17.432+0000][1][safepoint    ] Leaving safepoint region
[2022-06-13T01:32:17.432+0000][1][safepoint    ] Total time for which application threads were stopped: 0.0457159 seconds, Stopping threads took: 0.0003551 seconds
[2022-06-13T01:32:17.433+0000][1][safepoint    ] Application time: 0.0003886 seconds
[2022-06-13T01:32:17.434+0000][1][safepoint    ] Entering safepoint region: BulkRevokeBias
[2022-06-13T01:32:17.434+0000][1][safepoint    ] Leaving safepoint region
[2022-06-13T01:32:17.435+0000][1][safepoint    ] Total time for which application threads were stopped: 0.0007788 seconds, Stopping threads took: 0.0003793 seconds
[2022-06-13T01:32:17.444+0000][1][safepoint    ] Application time: 0.0081901 seconds
[2022-06-13T01:32:17.444+0000][1][safepoint    ] Entering safepoint region: RevokeBias
[2022-06-13T01:32:17.445+0000][1][safepoint    ] Leaving safepoint region
[2022-06-13T01:32:17.445+0000][1][safepoint    ] Total time for which application threads were stopped: 0.0009879 seconds, Stopping threads took: 0.0005373 seconds
[2022-06-13T01:32:17.448+0000][1][safepoint    ] Application time: 0.0013338 seconds
[2022-06-13T01:32:17.448+0000][1][safepoint    ] Entering safepoint region: RevokeBias
[2022-06-13T01:32:17.449+0000][1][safepoint    ] Leaving safepoint region
[2022-06-13T01:32:17.449+0000][1][safepoint    ] Total time for which application threads were stopped: 0.0007860 seconds, Stopping threads took: 0.0004222 seconds
[2022-06-13T01:32:17.449+0000][1][safepoint    ] Application time: 0.0001552 seconds
[2022-06-13T01:32:17.450+0000][1][safepoint    ] Entering safepoint region: RevokeBias
[2022-06-13T01:32:17.450+0000][1][safepoint    ] Leaving safepoint region
[2022-06-13T01:32:17.450+0000][1][safepoint    ] Total time for which application threads were stopped: 0.0006977 seconds, Stopping threads took: 0.0002720 seconds
[2022-06-13T01:32:17.455+0000][1][safepoint    ] Application time: 0.0044517 seconds
[2022-06-13T01:32:17.455+0000][1][safepoint    ] Entering safepoint region: RevokeBias
[2022-06-13T01:32:17.456+0000][1][safepoint    ] Leaving safepoint region
[2022-06-13T01:32:17.456+0000][1][safepoint    ] Total time for which application threads were stopped: 0.0005504 seconds, Stopping threads took: 0.0002682 seconds
[2022-06-13T01:32:17.456+0000][1][safepoint    ] Application time: 0.0000861 seconds
[2022-06-13T01:32:17.457+0000][1][safepoint    ] Entering safepoint region: RevokeBias
[2022-06-13T01:32:17.457+0000][1][safepoint    ] Leaving safepoint region
[2022-06-13T01:32:17.458+0000][1][safepoint    ] Total time for which application threads were stopped: 0.0012578 seconds, Stopping threads took: 0.0003182 seconds
[2022-06-13T01:32:17.459+0000][1][safepoint    ] Application time: 0.0006720 seconds
[2022-06-13T01:32:17.461+0000][1][safepoint    ] Entering safepoint region: RevokeBias
[2022-06-13T01:32:17.461+0000][1][safepoint    ] Leaving safepoint region
[2022-06-13T01:32:17.462+0000][1][safepoint    ] Total time for which application threads were stopped: 0.0006736 seconds, Stopping threads took: 0.0003374 seconds
[2022-06-13T01:32:17.462+0000][1][safepoint    ] Application time: 0.0001676 seconds
[2022-06-13T01:32:17.463+0000][1][safepoint    ] Entering safepoint region: RevokeBias
[2022-06-13T01:32:17.463+0000][1][safepoint    ] Leaving safepoint region
[2022-06-13T01:32:17.463+0000][1][safepoint    ] Total time for which application threads were stopped: 0.0006171 seconds, Stopping threads took: 0.0003181 seconds
[2022-06-13T01:32:17.463+0000][1][safepoint    ] Application time: 0.0000950 seconds
[2022-06-13T01:32:17.466+0000][1][safepoint    ] Entering safepoint region: RevokeBias
[2022-06-13T01:32:17.466+0000][1][safepoint    ] Leaving safepoint region
[2022-06-13T01:32:17.467+0000][1][safepoint    ] Total time for which application threads were stopped: 0.0029431 seconds, Stopping threads took: 0.0026063 seconds
[2022-06-13T01:32:17.471+0000][1][safepoint    ] Application time: 0.0039194 seconds
[2022-06-13T01:32:17.471+0000][1][safepoint    ] Entering safepoint region: RevokeBias
[2022-06-13T01:32:17.472+0000][1][safepoint    ] Leaving safepoint region
[2022-06-13T01:32:17.472+0000][1][safepoint    ] Total time for which application threads were stopped: 0.0009719 seconds, Stopping threads took: 0.0005856 seconds
[2022-06-13T01:32:17.477+0000][1][safepoint    ] Application time: 0.0039146 seconds
[2022-06-13T01:32:17.489+0000][1][safepoint    ] Entering safepoint region: BulkRevokeBias
[2022-06-13T01:32:17.490+0000][1][safepoint    ] Leaving safepoint region
[2022-06-13T01:32:17.493+0000][1][safepoint    ] Total time for which application threads were stopped: 0.0053546 seconds, Stopping threads took: 0.0018779 seconds
[2022-06-13T01:32:17.504+0000][1][safepoint    ] Application time: 0.0110419 seconds
[2022-06-13T01:32:17.509+0000][1][safepoint    ] Entering safepoint region: RevokeBias
[2022-06-13T01:32:17.510+0000][1][safepoint    ] Leaving safepoint region
[2022-06-13T01:32:17.510+0000][1][safepoint    ] Total time for which application threads were stopped: 0.0050605 seconds, Stopping threads took: 0.0046667 seconds
[2022-06-13T01:32:17.512+0000][1][safepoint    ] Application time: 0.0023489 seconds
[2022-06-13T01:32:17.513+0000][1][safepoint    ] Entering safepoint region: BulkRevokeBias
[2022-06-13T01:32:17.513+0000][1][safepoint    ] Leaving safepoint region
[2022-06-13T01:32:17.514+0000][1][safepoint    ] Total time for which application threads were stopped: 0.0006990 seconds, Stopping threads took: 0.0003051 seconds
[2022-06-13T01:32:17.736+0000][1][safepoint    ] Application time: 0.2185589 seconds
[2022-06-13T01:32:17.738+0000][1][safepoint    ] Entering safepoint region: GenCollectForAllocation
[2022-06-13T01:32:17.739+0000][1][gc,start     ] GC(2) Pause Young (Allocation Failure)
[2022-06-13T01:32:17.740+0000][1][gc,task      ] GC(2) Using 5 workers of 13 for evacuation
[2022-06-13T01:32:17.745+0000][1][gc,age       ] GC(2) Desired survivor size 4456448 bytes, new threshold 6 (max threshold 6)
[2022-06-13T01:32:17.745+0000][1][gc,age       ] GC(2) Age table with threshold 6 (max threshold 6)
[2022-06-13T01:32:17.745+0000][1][gc,age       ] GC(2) - age   1:    2610952 bytes,    2610952 total
[2022-06-13T01:32:17.746+0000][1][gc,age       ] GC(2) - age   2:    1181016 bytes,    3791968 total
[2022-06-13T01:32:17.746+0000][1][gc,heap      ] GC(2) ParNew: 75337K->4514K(78656K)
[2022-06-13T01:32:17.746+0000][1][gc,heap      ] GC(2) CMS: 6703K->6703K(174784K)
[2022-06-13T01:32:17.746+0000][1][gc,metaspace ] GC(2) Metaspace: 15103K->15103K(1062912K)
[2022-06-13T01:32:17.746+0000][1][gc           ] GC(2) Pause Young (Allocation Failure) 80M->10M(247M) 7.196ms
[2022-06-13T01:32:17.747+0000][1][gc,cpu       ] GC(2) User=0.02s Sys=0.00s Real=0.00s
[2022-06-13T01:32:17.747+0000][1][safepoint    ] Leaving safepoint region
[2022-06-13T01:32:17.748+0000][1][safepoint    ] Total time for which application threads were stopped: 0.0097966 seconds, Stopping threads took: 0.0012113 seconds
[2022-06-13T01:32:17.751+0000][1][safepoint    ] Application time: 0.0026435 seconds
[2022-06-13T01:32:17.751+0000][1][safepoint    ] Entering safepoint region: RevokeBias
[2022-06-13T01:32:17.752+0000][1][safepoint    ] Leaving safepoint region
[2022-06-13T01:32:17.752+0000][1][safepoint    ] Total time for which application threads were stopped: 0.0008524 seconds, Stopping threads took: 0.0003855 seconds
[2022-06-13T01:32:17.752+0000][1][safepoint    ] Application time: 0.0001127 seconds
[2022-06-13T01:32:17.753+0000][1][safepoint    ] Entering safepoint region: RevokeBias
[2022-06-13T01:32:17.754+0000][1][safepoint    ] Leaving safepoint region
[2022-06-13T01:32:17.754+0000][1][safepoint    ] Total time for which application threads were stopped: 0.0017141 seconds, Stopping threads took: 0.0008912 seconds
[2022-06-13T01:32:17.761+0000][1][safepoint    ] Application time: 0.0060477 seconds
[2022-06-13T01:32:17.763+0000][1][safepoint    ] Entering safepoint region: RevokeBias
[2022-06-13T01:32:17.764+0000][1][safepoint    ] Leaving safepoint region
[2022-06-13T01:32:17.764+0000][1][safepoint    ] Total time for which application threads were stopped: 0.0015583 seconds, Stopping threads took: 0.0011077 seconds
[2022-06-13T01:32:17.765+0000][1][safepoint    ] Application time: 0.0000944 seconds
[2022-06-13T01:32:17.765+0000][1][safepoint    ] Entering safepoint region: RevokeBias
[2022-06-13T01:32:17.766+0000][1][safepoint    ] Leaving safepoint region
[2022-06-13T01:32:17.767+0000][1][safepoint    ] Total time for which application threads were stopped: 0.0018889 seconds, Stopping threads took: 0.0008226 seconds
[2022-06-13T01:32:17.768+0000][1][safepoint    ] Application time: 0.0002009 seconds
[2022-06-13T01:32:17.769+0000][1][safepoint    ] Entering safepoint region: RevokeBias
[2022-06-13T01:32:17.770+0000][1][safepoint    ] Leaving safepoint region
[2022-06-13T01:32:17.770+0000][1][safepoint    ] Total time for which application threads were stopped: 0.0012100 seconds, Stopping threads took: 0.0006714 seconds
[2022-06-13T01:32:17.771+0000][1][safepoint    ] Application time: 0.0001767 seconds
[2022-06-13T01:32:17.772+0000][1][safepoint    ] Entering safepoint region: RevokeBias
[2022-06-13T01:32:17.772+0000][1][safepoint    ] Leaving safepoint region
[2022-06-13T01:32:17.773+0000][1][safepoint    ] Total time for which application threads were stopped: 0.0014043 seconds, Stopping threads took: 0.0004722 seconds
[2022-06-13T01:32:17.986+0000][1][safepoint    ] Application time: 0.2116486 seconds
[2022-06-13T01:32:17.989+0000][1][safepoint    ] Entering safepoint region: Deoptimize
[2022-06-13T01:32:17.994+0000][1][safepoint    ] Leaving safepoint region
[2022-06-13T01:32:17.996+0000][1][safepoint    ] Total time for which application threads were stopped: 0.0071868 seconds, Stopping threads took: 0.0031078 seconds
[2022-06-13T01:32:18.002+0000][1][safepoint    ] Application time: 0.0052524 seconds
[2022-06-13T01:32:18.005+0000][1][safepoint    ] Entering safepoint region: Deoptimize
[2022-06-13T01:32:18.007+0000][1][safepoint    ] Leaving safepoint region
[2022-06-13T01:32:18.008+0000][1][safepoint    ] Total time for which application threads were stopped: 0.0024938 seconds, Stopping threads took: 0.0007579 seconds
[2022-06-13T01:32:18.342+0000][1][safepoint    ] Application time: 0.3304359 seconds
[2022-06-13T01:32:18.344+0000][1][safepoint    ] Entering safepoint region: GenCollectForAllocation
[2022-06-13T01:32:18.345+0000][1][gc,start     ] GC(3) Pause Young (Allocation Failure)
[2022-06-13T01:32:18.345+0000][1][gc,task      ] GC(3) Using 5 workers of 13 for evacuation
[2022-06-13T01:32:18.349+0000][1][gc,age       ] GC(3) Desired survivor size 4456448 bytes, new threshold 3 (max threshold 6)
[2022-06-13T01:32:18.349+0000][1][gc,age       ] GC(3) Age table with threshold 3 (max threshold 6)
[2022-06-13T01:32:18.349+0000][1][gc,age       ] GC(3) - age   1:    3226408 bytes,    3226408 total
[2022-06-13T01:32:18.350+0000][1][gc,age       ] GC(3) - age   2:     318736 bytes,    3545144 total
[2022-06-13T01:32:18.350+0000][1][gc,age       ] GC(3) - age   3:    1177984 bytes,    4723128 total
[2022-06-13T01:32:18.350+0000][1][gc,heap      ] GC(3) ParNew: 74466K->6282K(78656K)
[2022-06-13T01:32:18.351+0000][1][gc,heap      ] GC(3) CMS: 6703K->6703K(174784K)
[2022-06-13T01:32:18.351+0000][1][gc,metaspace ] GC(3) Metaspace: 18433K->18433K(1067008K)
[2022-06-13T01:32:18.351+0000][1][gc           ] GC(3) Pause Young (Allocation Failure) 79M->12M(247M) 6.424ms
[2022-06-13T01:32:18.351+0000][1][gc,cpu       ] GC(3) User=0.02s Sys=0.01s Real=0.01s
[2022-06-13T01:32:18.352+0000][1][safepoint    ] Leaving safepoint region
[2022-06-13T01:32:18.352+0000][1][safepoint    ] Total time for which application threads were stopped: 0.0082654 seconds, Stopping threads took: 0.0003463 seconds
[2022-06-13T01:32:18.354+0000][1][safepoint    ] Application time: 0.0007228 seconds
[2022-06-13T01:32:18.354+0000][1][safepoint    ] Entering safepoint region: BulkRevokeBias
[2022-06-13T01:32:18.355+0000][1][safepoint    ] Leaving safepoint region
[2022-06-13T01:32:18.355+0000][1][safepoint    ] Total time for which application threads were stopped: 0.0010788 seconds, Stopping threads took: 0.0005676 seconds
[2022-06-13T01:32:18.356+0000][1][safepoint    ] Application time: 0.0002539 seconds
[2022-06-13T01:32:18.356+0000][1][safepoint    ] Entering safepoint region: RevokeBias
[2022-06-13T01:32:18.356+0000][1][safepoint    ] Leaving safepoint region
[2022-06-13T01:32:18.357+0000][1][safepoint    ] Total time for which application threads were stopped: 0.0008459 seconds, Stopping threads took: 0.0004587 seconds
[2022-06-13T01:32:18.358+0000][1][safepoint    ] Application time: 0.0006007 seconds
[2022-06-13T01:32:18.358+0000][1][safepoint    ] Entering safepoint region: RevokeBias
[2022-06-13T01:32:18.359+0000][1][safepoint    ] Leaving safepoint region
[2022-06-13T01:32:18.359+0000][1][safepoint    ] Total time for which application threads were stopped: 0.0008907 seconds, Stopping threads took: 0.0004294 seconds
[2022-06-13T01:32:18.360+0000][1][safepoint    ] Application time: 0.0001871 seconds
[2022-06-13T01:32:18.360+0000][1][safepoint    ] Entering safepoint region: RevokeBias
[2022-06-13T01:32:18.361+0000][1][safepoint    ] Leaving safepoint region
[2022-06-13T01:32:18.361+0000][1][safepoint    ] Total time for which application threads were stopped: 0.0007802 seconds, Stopping threads took: 0.0003917 seconds
[2022-06-13T01:32:18.361+0000][1][safepoint    ] Application time: 0.0001981 seconds
[2022-06-13T01:32:18.362+0000][1][safepoint    ] Entering safepoint region: RevokeBias
[2022-06-13T01:32:18.362+0000][1][safepoint    ] Leaving safepoint region
[2022-06-13T01:32:18.362+0000][1][safepoint    ] Total time for which application threads were stopped: 0.0006369 seconds, Stopping threads took: 0.0002859 seconds
[2022-06-13T01:32:18.363+0000][1][safepoint    ] Application time: 0.0000648 seconds
[2022-06-13T01:32:18.363+0000][1][safepoint    ] Entering safepoint region: RevokeBias
[2022-06-13T01:32:18.363+0000][1][safepoint    ] Leaving safepoint region
[2022-06-13T01:32:18.364+0000][1][safepoint    ] Total time for which application threads were stopped: 0.0009454 seconds, Stopping threads took: 0.0002640 seconds
[2022-06-13T01:32:18.364+0000][1][safepoint    ] Application time: 0.0001055 seconds
[2022-06-13T01:32:18.365+0000][1][safepoint    ] Entering safepoint region: RevokeBias
[2022-06-13T01:32:18.366+0000][1][safepoint    ] Leaving safepoint region
[2022-06-13T01:32:18.366+0000][1][safepoint    ] Total time for which application threads were stopped: 0.0009704 seconds, Stopping threads took: 0.0004712 seconds
[2022-06-13T01:32:18.367+0000][1][safepoint    ] Application time: 0.0001431 seconds
[2022-06-13T01:32:18.367+0000][1][safepoint    ] Entering safepoint region: RevokeBias
[2022-06-13T01:32:18.368+0000][1][safepoint    ] Leaving safepoint region
[2022-06-13T01:32:18.368+0000][1][safepoint    ] Total time for which application threads were stopped: 0.0010015 seconds, Stopping threads took: 0.0005034 seconds
[2022-06-13T01:32:18.369+0000][1][safepoint    ] Application time: 0.0001522 seconds
[2022-06-13T01:32:18.369+0000][1][safepoint    ] Entering safepoint region: RevokeBias
[2022-06-13T01:32:18.370+0000][1][safepoint    ] Leaving safepoint region
[2022-06-13T01:32:18.370+0000][1][safepoint    ] Total time for which application threads were stopped: 0.0007571 seconds, Stopping threads took: 0.0004125 seconds
[2022-06-13T01:32:18.377+0000][1][safepoint    ] Application time: 0.0061739 seconds
[2022-06-13T01:32:18.377+0000][1][safepoint    ] Entering safepoint region: RevokeBias
[2022-06-13T01:32:18.378+0000][1][safepoint    ] Leaving safepoint region
[2022-06-13T01:32:18.378+0000][1][safepoint    ] Total time for which application threads were stopped: 0.0008537 seconds, Stopping threads took: 0.0004116 seconds
[2022-06-13T01:32:18.378+0000][1][safepoint    ] Application time: 0.0001142 seconds
[2022-06-13T01:32:18.379+0000][1][safepoint    ] Entering safepoint region: RevokeBias
[2022-06-13T01:32:18.379+0000][1][safepoint    ] Leaving safepoint region
[2022-06-13T01:32:18.379+0000][1][safepoint    ] Total time for which application threads were stopped: 0.0006733 seconds, Stopping threads took: 0.0002880 seconds
[2022-06-13T01:32:18.380+0000][1][safepoint    ] Application time: 0.0000723 seconds
[2022-06-13T01:32:18.382+0000][1][safepoint    ] Entering safepoint region: RevokeBias
[2022-06-13T01:32:18.382+0000][1][safepoint    ] Leaving safepoint region
[2022-06-13T01:32:18.383+0000][1][safepoint    ] Total time for which application threads were stopped: 0.0018624 seconds, Stopping threads took: 0.0009240 seconds
[2022-06-13T01:32:18.384+0000][1][safepoint    ] Application time: 0.0008716 seconds
[2022-06-13T01:32:18.386+0000][1][safepoint    ] Entering safepoint region: RevokeBias
[2022-06-13T01:32:18.387+0000][1][safepoint    ] Leaving safepoint region
[2022-06-13T01:32:18.388+0000][1][safepoint    ] Total time for which application threads were stopped: 0.0018474 seconds, Stopping threads took: 0.0011453 seconds
[2022-06-13T01:32:18.388+0000][1][safepoint    ] Application time: 0.0000800 seconds
[2022-06-13T01:32:18.389+0000][1][safepoint    ] Entering safepoint region: RevokeBias
[2022-06-13T01:32:18.389+0000][1][safepoint    ] Leaving safepoint region
[2022-06-13T01:32:18.389+0000][1][safepoint    ] Total time for which application threads were stopped: 0.0007510 seconds, Stopping threads took: 0.0002851 seconds
[2022-06-13T01:32:18.390+0000][1][safepoint    ] Application time: 0.0000892 seconds
[2022-06-13T01:32:18.390+0000][1][safepoint    ] Entering safepoint region: RevokeBias
[2022-06-13T01:32:18.390+0000][1][safepoint    ] Leaving safepoint region
[2022-06-13T01:32:18.391+0000][1][safepoint    ] Total time for which application threads were stopped: 0.0006680 seconds, Stopping threads took: 0.0002942 seconds
[2022-06-13T01:32:18.391+0000][1][safepoint    ] Application time: 0.0001122 seconds
[2022-06-13T01:32:18.391+0000][1][safepoint    ] Entering safepoint region: RevokeBias
[2022-06-13T01:32:18.392+0000][1][safepoint    ] Leaving safepoint region
[2022-06-13T01:32:18.392+0000][1][safepoint    ] Total time for which application threads were stopped: 0.0010751 seconds, Stopping threads took: 0.0005324 seconds
[2022-06-13T01:32:18.393+0000][1][safepoint    ] Application time: 0.0001043 seconds
[2022-06-13T01:32:18.394+0000][1][safepoint    ] Entering safepoint region: RevokeBias
[2022-06-13T01:32:18.394+0000][1][safepoint    ] Leaving safepoint region
[2022-06-13T01:32:18.395+0000][1][safepoint    ] Total time for which application threads were stopped: 0.0014361 seconds, Stopping threads took: 0.0009802 seconds
[2022-06-13T01:32:18.395+0000][1][safepoint    ] Application time: 0.0002318 seconds
[2022-06-13T01:32:18.396+0000][1][safepoint    ] Entering safepoint region: RevokeBias
[2022-06-13T01:32:18.397+0000][1][safepoint    ] Leaving safepoint region
[2022-06-13T01:32:18.397+0000][1][safepoint    ] Total time for which application threads were stopped: 0.0014428 seconds, Stopping threads took: 0.0010389 seconds
[2022-06-13T01:32:18.397+0000][1][safepoint    ] Application time: 0.0001143 seconds
[2022-06-13T01:32:18.398+0000][1][safepoint    ] Entering safepoint region: RevokeBias
[2022-06-13T01:32:18.398+0000][1][safepoint    ] Leaving safepoint region
[2022-06-13T01:32:18.399+0000][1][safepoint    ] Total time for which application threads were stopped: 0.0010754 seconds, Stopping threads took: 0.0006815 seconds
[2022-06-13T01:32:18.399+0000][1][safepoint    ] Application time: 0.0002264 seconds
[2022-06-13T01:32:18.400+0000][1][safepoint    ] Entering safepoint region: RevokeBias
[2022-06-13T01:32:18.400+0000][1][safepoint    ] Leaving safepoint region
[2022-06-13T01:32:18.400+0000][1][safepoint    ] Total time for which application threads were stopped: 0.0008279 seconds, Stopping threads took: 0.0004403 seconds
[2022-06-13T01:32:18.401+0000][1][safepoint    ] Application time: 0.0002972 seconds
[2022-06-13T01:32:18.402+0000][1][safepoint    ] Entering safepoint region: RevokeBias
[2022-06-13T01:32:18.402+0000][1][safepoint    ] Leaving safepoint region
[2022-06-13T01:32:18.402+0000][1][safepoint    ] Total time for which application threads were stopped: 0.0008903 seconds, Stopping threads took: 0.0004365 seconds
[2022-06-13T01:32:18.624+0000][1][safepoint    ] Application time: 0.2217144 seconds
[2022-06-13T01:32:18.631+0000][1][safepoint    ] Entering safepoint region: GenCollectForAllocation
[2022-06-13T01:32:18.632+0000][1][gc,start     ] GC(4) Pause Young (Allocation Failure)
[2022-06-13T01:32:18.635+0000][1][gc,task      ] GC(4) Using 5 workers of 13 for evacuation
[2022-06-13T01:32:18.647+0000][1][gc,age       ] GC(4) Desired survivor size 4456448 bytes, new threshold 2 (max threshold 6)
[2022-06-13T01:32:18.648+0000][1][gc,age       ] GC(4) Age table with threshold 2 (max threshold 6)
[2022-06-13T01:32:18.659+0000][1][gc,age       ] GC(4) - age   1:    1449360 bytes,    1449360 total
[2022-06-13T01:32:18.659+0000][1][gc,age       ] GC(4) - age   2:    3190088 bytes,    4639448 total
[2022-06-13T01:32:18.660+0000][1][gc,age       ] GC(4) - age   3:     318208 bytes,    4957656 total
[2022-06-13T01:32:18.660+0000][1][gc,heap      ] GC(4) ParNew: 76234K->7630K(78656K)
[2022-06-13T01:32:18.660+0000][1][gc,heap      ] GC(4) CMS: 6703K->7871K(174784K)
[2022-06-13T01:32:18.661+0000][1][gc,metaspace ] GC(4) Metaspace: 18783K->18783K(1067008K)
[2022-06-13T01:32:18.662+0000][1][gc           ] GC(4) Pause Young (Allocation Failure) 80M->15M(247M) 30.013ms
[2022-06-13T01:32:18.662+0000][1][gc,cpu       ] GC(4) User=0.06s Sys=0.00s Real=0.03s
[2022-06-13T01:32:18.663+0000][1][safepoint    ] Leaving safepoint region
[2022-06-13T01:32:18.664+0000][1][safepoint    ] Total time for which application threads were stopped: 0.0355629 seconds, Stopping threads took: 0.0033287 seconds
[2022-06-13T01:32:18.669+0000][1][safepoint    ] Application time: 0.0050223 seconds
[2022-06-13T01:32:18.671+0000][1][safepoint    ] Entering safepoint region: RevokeBias
[2022-06-13T01:32:18.671+0000][1][safepoint    ] Leaving safepoint region
[2022-06-13T01:32:18.671+0000][1][safepoint    ] Total time for which application threads were stopped: 0.0017826 seconds, Stopping threads took: 0.0012943 seconds
[2022-06-13T01:32:18.679+0000][1][safepoint    ] Application time: 0.0073321 seconds
[2022-06-13T01:32:18.685+0000][1][safepoint    ] Entering safepoint region: RevokeBias
[2022-06-13T01:32:18.685+0000][1][safepoint    ] Leaving safepoint region
[2022-06-13T01:32:18.686+0000][1][safepoint    ] Total time for which application threads were stopped: 0.0026863 seconds, Stopping threads took: 0.0022759 seconds
[2022-06-13T01:32:18.689+0000][1][safepoint    ] Application time: 0.0033977 seconds
[2022-06-13T01:32:18.692+0000][1][safepoint    ] Entering safepoint region: RevokeBias
[2022-06-13T01:32:18.695+0000][1][safepoint    ] Leaving safepoint region
[2022-06-13T01:32:18.709+0000][1][safepoint    ] Total time for which application threads were stopped: 0.0170367 seconds, Stopping threads took: 0.0029610 seconds
[2022-06-13T01:32:18.731+0000][1][safepoint    ] Application time: 0.0147633 seconds
[2022-06-13T01:32:18.732+0000][1][safepoint    ] Entering safepoint region: RevokeBias
[2022-06-13T01:32:18.732+0000][1][safepoint    ] Leaving safepoint region
[2022-06-13T01:32:18.732+0000][1][safepoint    ] Total time for which application threads were stopped: 0.0006561 seconds, Stopping threads took: 0.0002895 seconds
[2022-06-13T01:32:18.754+0000][1][safepoint    ] Application time: 0.0169628 seconds
[2022-06-13T01:32:18.769+0000][1][safepoint    ] Entering safepoint region: Deoptimize
[2022-06-13T01:32:18.771+0000][1][safepoint    ] Leaving safepoint region
[2022-06-13T01:32:18.772+0000][1][safepoint    ] Total time for which application threads were stopped: 0.0027343 seconds, Stopping threads took: 0.0016589 seconds
[2022-06-13T01:32:18.851+0000][1][safepoint    ] Application time: 0.0771137 seconds
[2022-06-13T01:32:18.851+0000][1][safepoint    ] Entering safepoint region: Deoptimize
[2022-06-13T01:32:18.852+0000][1][safepoint    ] Leaving safepoint region
[2022-06-13T01:32:18.852+0000][1][safepoint    ] Total time for which application threads were stopped: 0.0011695 seconds, Stopping threads took: 0.0003450 seconds
[2022-06-13T01:32:19.007+0000][1][safepoint    ] Application time: 0.1542653 seconds
[2022-06-13T01:32:19.007+0000][1][safepoint    ] Entering safepoint region: GenCollectForAllocation
[2022-06-13T01:32:19.007+0000][1][gc,start     ] GC(5) Pause Young (Allocation Failure)
[2022-06-13T01:32:19.008+0000][1][gc,task      ] GC(5) Using 5 workers of 13 for evacuation
[2022-06-13T01:32:19.028+0000][1][gc,age       ] GC(5) Desired survivor size 4456448 bytes, new threshold 6 (max threshold 6)
[2022-06-13T01:32:19.028+0000][1][gc,age       ] GC(5) Age table with threshold 6 (max threshold 6)
[2022-06-13T01:32:19.028+0000][1][gc,age       ] GC(5) - age   1:    2228448 bytes,    2228448 total
[2022-06-13T01:32:19.029+0000][1][gc,age       ] GC(5) - age   2:     562136 bytes,    2790584 total
[2022-06-13T01:32:19.029+0000][1][gc,heap      ] GC(5) ParNew: 77577K->3752K(78656K)
[2022-06-13T01:32:19.029+0000][1][gc,heap      ] GC(5) CMS: 7871K->11322K(174784K)
[2022-06-13T01:32:19.029+0000][1][gc,metaspace ] GC(5) Metaspace: 19131K->19131K(1067008K)
[2022-06-13T01:32:19.029+0000][1][gc           ] GC(5) Pause Young (Allocation Failure) 83M->14M(247M) 22.088ms
[2022-06-13T01:32:19.030+0000][1][gc,cpu       ] GC(5) User=0.07s Sys=0.00s Real=0.03s
[2022-06-13T01:32:19.030+0000][1][safepoint    ] Leaving safepoint region
[2022-06-13T01:32:19.030+0000][1][safepoint    ] Total time for which application threads were stopped: 0.0230204 seconds, Stopping threads took: 0.0002250 seconds
[2022-06-13T01:32:19.030+0000][1][safepoint    ] Application time: 0.0002016 seconds
[2022-06-13T01:32:19.031+0000][1][safepoint    ] Entering safepoint region: RevokeBias
[2022-06-13T01:32:19.032+0000][1][safepoint    ] Leaving safepoint region
[2022-06-13T01:32:19.032+0000][1][safepoint    ] Total time for which application threads were stopped: 0.0007413 seconds, Stopping threads took: 0.0003660 seconds
[2022-06-13T01:32:19.032+0000][1][safepoint    ] Application time: 0.0001342 seconds
[2022-06-13T01:32:19.033+0000][1][safepoint    ] Entering safepoint region: RevokeBias
[2022-06-13T01:32:19.034+0000][1][safepoint    ] Leaving safepoint region
[2022-06-13T01:32:19.034+0000][1][safepoint    ] Total time for which application threads were stopped: 0.0006501 seconds, Stopping threads took: 0.0003205 seconds
[2022-06-13T01:32:19.034+0000][1][safepoint    ] Application time: 0.0000944 seconds
[2022-06-13T01:32:19.035+0000][1][safepoint    ] Entering safepoint region: RevokeBias
[2022-06-13T01:32:19.035+0000][1][safepoint    ] Leaving safepoint region
[2022-06-13T01:32:19.035+0000][1][safepoint    ] Total time for which application threads were stopped: 0.0006353 seconds, Stopping threads took: 0.0002798 seconds
[2022-06-13T01:32:19.036+0000][1][safepoint    ] Application time: 0.0005081 seconds
[2022-06-13T01:32:19.036+0000][1][safepoint    ] Entering safepoint region: RevokeBias
[2022-06-13T01:32:19.037+0000][1][safepoint    ] Leaving safepoint region
[2022-06-13T01:32:19.037+0000][1][safepoint    ] Total time for which application threads were stopped: 0.0006455 seconds, Stopping threads took: 0.0003164 seconds
[2022-06-13T01:32:19.037+0000][1][safepoint    ] Application time: 0.0001023 seconds
[2022-06-13T01:32:19.037+0000][1][safepoint    ] Entering safepoint region: RevokeBias
[2022-06-13T01:32:19.038+0000][1][safepoint    ] Leaving safepoint region
[2022-06-13T01:32:19.038+0000][1][safepoint    ] Total time for which application threads were stopped: 0.0007708 seconds, Stopping threads took: 0.0003159 seconds
[2022-06-13T01:32:19.039+0000][1][safepoint    ] Application time: 0.0000897 seconds
[2022-06-13T01:32:19.039+0000][1][safepoint    ] Entering safepoint region: RevokeBias
[2022-06-13T01:32:19.039+0000][1][safepoint    ] Leaving safepoint region
[2022-06-13T01:32:19.039+0000][1][safepoint    ] Total time for which application threads were stopped: 0.0005956 seconds, Stopping threads took: 0.0002389 seconds
[2022-06-13T01:32:19.213+0000][1][safepoint    ] Application time: 0.1738603 seconds
[2022-06-13T01:32:19.219+0000][1][safepoint    ] Entering safepoint region: RevokeBias
[2022-06-13T01:32:19.220+0000][1][safepoint    ] Leaving safepoint region
[2022-06-13T01:32:19.220+0000][1][safepoint    ] Total time for which application threads were stopped: 0.0063397 seconds, Stopping threads took: 0.0057813 seconds
[2022-06-13T01:32:19.221+0000][1][safepoint    ] Application time: 0.0005597 seconds
[2022-06-13T01:32:19.224+0000][1][safepoint    ] Entering safepoint region: BulkRevokeBias
[2022-06-13T01:32:19.225+0000][1][safepoint    ] Leaving safepoint region
[2022-06-13T01:32:19.226+0000][1][safepoint    ] Total time for which application threads were stopped: 0.0043437 seconds, Stopping threads took: 0.0037178 seconds
[2022-06-13T01:32:19.267+0000][1][safepoint    ] Application time: 0.0406534 seconds
[2022-06-13T01:32:19.267+0000][1][safepoint    ] Entering safepoint region: GenCollectForAllocation
[2022-06-13T01:32:19.268+0000][1][gc,start     ] GC(6) Pause Young (Allocation Failure)
[2022-06-13T01:32:19.268+0000][1][gc,task      ] GC(6) Using 5 workers of 13 for evacuation
[2022-06-13T01:32:19.272+0000][1][gc,age       ] GC(6) Desired survivor size 4456448 bytes, new threshold 6 (max threshold 6)
[2022-06-13T01:32:19.274+0000][1][gc,age       ] GC(6) Age table with threshold 6 (max threshold 6)
[2022-06-13T01:32:19.274+0000][1][gc,age       ] GC(6) - age   1:    1155592 bytes,    1155592 total
[2022-06-13T01:32:19.275+0000][1][gc,age       ] GC(6) - age   2:    2194816 bytes,    3350408 total
[2022-06-13T01:32:19.277+0000][1][gc,age       ] GC(6) - age   3:     562136 bytes,    3912544 total
[2022-06-13T01:32:19.277+0000][1][gc,heap      ] GC(6) ParNew: 73704K->4848K(78656K)
[2022-06-13T01:32:19.277+0000][1][gc,heap      ] GC(6) CMS: 11322K->11322K(174784K)
[2022-06-13T01:32:19.278+0000][1][gc,metaspace ] GC(6) Metaspace: 19437K->19437K(1067008K)
[2022-06-13T01:32:19.278+0000][1][gc           ] GC(6) Pause Young (Allocation Failure) 83M->15M(247M) 10.201ms
[2022-06-13T01:32:19.278+0000][1][gc,cpu       ] GC(6) User=0.02s Sys=0.00s Real=0.01s
[2022-06-13T01:32:19.279+0000][1][safepoint    ] Leaving safepoint region
[2022-06-13T01:32:19.280+0000][1][safepoint    ] Total time for which application threads were stopped: 0.0126006 seconds, Stopping threads took: 0.0003509 seconds
[2022-06-13T01:32:19.286+0000][1][safepoint    ] Application time: 0.0055368 seconds
[2022-06-13T01:32:19.287+0000][1][safepoint    ] Entering safepoint region: BulkRevokeBias
[2022-06-13T01:32:19.288+0000][1][safepoint    ] Leaving safepoint region
[2022-06-13T01:32:19.288+0000][1][safepoint    ] Total time for which application threads were stopped: 0.0016791 seconds, Stopping threads took: 0.0012845 seconds
[2022-06-13T01:32:19.449+0000][1][safepoint    ] Application time: 0.1609368 seconds
[2022-06-13T01:32:19.450+0000][1][safepoint    ] Entering safepoint region: GenCollectForAllocation
[2022-06-13T01:32:19.450+0000][1][gc,start     ] GC(7) Pause Young (Allocation Failure)
[2022-06-13T01:32:19.451+0000][1][gc,task      ] GC(7) Using 5 workers of 13 for evacuation
[2022-06-13T01:32:19.466+0000][1][gc,age       ] GC(7) Desired survivor size 4456448 bytes, new threshold 6 (max threshold 6)
[2022-06-13T01:32:19.467+0000][1][gc,age       ] GC(7) Age table with threshold 6 (max threshold 6)
[2022-06-13T01:32:19.467+0000][1][gc,age       ] GC(7) - age   1:     513552 bytes,     513552 total
[2022-06-13T01:32:19.467+0000][1][gc,age       ] GC(7) - age   2:    1129608 bytes,    1643160 total
[2022-06-13T01:32:19.468+0000][1][gc,age       ] GC(7) - age   3:    2192808 bytes,    3835968 total
[2022-06-13T01:32:19.468+0000][1][gc,age       ] GC(7) - age   4:     562136 bytes,    4398104 total
[2022-06-13T01:32:19.468+0000][1][gc,heap      ] GC(7) ParNew: 74800K->5202K(78656K)
[2022-06-13T01:32:19.468+0000][1][gc,heap      ] GC(7) CMS: 11322K->11322K(174784K)
[2022-06-13T01:32:19.469+0000][1][gc,metaspace ] GC(7) Metaspace: 19805K->19805K(1067008K)
[2022-06-13T01:32:19.470+0000][1][gc           ] GC(7) Pause Young (Allocation Failure) 84M->16M(247M) 20.191ms
[2022-06-13T01:32:19.471+0000][1][gc,cpu       ] GC(7) User=0.04s Sys=0.00s Real=0.02s
[2022-06-13T01:32:19.472+0000][1][safepoint    ] Leaving safepoint region
[2022-06-13T01:32:19.472+0000][1][safepoint    ] Total time for which application threads were stopped: 0.0225728 seconds, Stopping threads took: 0.0004433 seconds
[2022-06-13T01:32:19.509+0000][1][safepoint    ] Application time: 0.0367577 seconds
[2022-06-13T01:32:19.512+0000][1][safepoint    ] Entering safepoint region: CollectForMetadataAllocation
[2022-06-13T01:32:19.513+0000][1][safepoint    ] Leaving safepoint region
[2022-06-13T01:32:19.516+0000][1][safepoint    ] Total time for which application threads were stopped: 0.0040708 seconds, Stopping threads took: 0.0007038 seconds
[2022-06-13T01:32:19.569+0000][1][safepoint    ] Application time: 0.0531834 seconds
[2022-06-13T01:32:19.570+0000][1][safepoint    ] Entering safepoint region: CollectForMetadataAllocation
[2022-06-13T01:32:19.570+0000][1][safepoint    ] Leaving safepoint region
[2022-06-13T01:32:19.570+0000][1][safepoint    ] Total time for which application threads were stopped: 0.0008346 seconds, Stopping threads took: 0.0003544 seconds
[2022-06-13T01:32:19.723+0000][1][safepoint    ] Application time: 0.1510453 seconds
[2022-06-13T01:32:19.723+0000][1][safepoint    ] Entering safepoint region: GenCollectForAllocation
[2022-06-13T01:32:19.724+0000][1][gc,start     ] GC(8) Pause Young (Allocation Failure)
[2022-06-13T01:32:19.724+0000][1][gc,task      ] GC(8) Using 5 workers of 13 for evacuation
[2022-06-13T01:32:19.730+0000][1][gc,age       ] GC(8) Desired survivor size 4456448 bytes, new threshold 5 (max threshold 6)
[2022-06-13T01:32:19.731+0000][1][gc,age       ] GC(8) Age table with threshold 5 (max threshold 6)
[2022-06-13T01:32:19.731+0000][1][gc,age       ] GC(8) - age   1:     492808 bytes,     492808 total
[2022-06-13T01:32:19.731+0000][1][gc,age       ] GC(8) - age   2:     492152 bytes,     984960 total
[2022-06-13T01:32:19.731+0000][1][gc,age       ] GC(8) - age   3:    1129512 bytes,    2114472 total
[2022-06-13T01:32:19.732+0000][1][gc,age       ] GC(8) - age   4:    2192520 bytes,    4306992 total
[2022-06-13T01:32:19.732+0000][1][gc,age       ] GC(8) - age   5:     562136 bytes,    4869128 total
[2022-06-13T01:32:19.732+0000][1][gc,heap      ] GC(8) ParNew: 75154K->5254K(78656K)
[2022-06-13T01:32:19.732+0000][1][gc,heap      ] GC(8) CMS: 11322K->11322K(174784K)
[2022-06-13T01:32:19.733+0000][1][gc,metaspace ] GC(8) Metaspace: 20486K->20486K(1069056K)
[2022-06-13T01:32:19.733+0000][1][gc           ] GC(8) Pause Young (Allocation Failure) 84M->16M(247M) 9.224ms
[2022-06-13T01:32:19.733+0000][1][gc,cpu       ] GC(8) User=0.03s Sys=0.00s Real=0.01s
[2022-06-13T01:32:19.733+0000][1][safepoint    ] Leaving safepoint region
[2022-06-13T01:32:19.734+0000][1][safepoint    ] Total time for which application threads were stopped: 0.0106055 seconds, Stopping threads took: 0.0005193 seconds
[2022-06-13T01:32:19.740+0000][1][safepoint    ] Application time: 0.0058753 seconds
[2022-06-13T01:32:19.746+0000][1][safepoint    ] Entering safepoint region: CMS_Initial_Mark
[2022-06-13T01:32:19.746+0000][1][gc,start     ] GC(9) Pause Initial Mark
[2022-06-13T01:32:19.748+0000][1][gc           ] GC(9) Pause Initial Mark 17M->17M(247M) 1.602ms
[2022-06-13T01:32:19.748+0000][1][gc,cpu       ] GC(9) User=0.01s Sys=0.00s Real=0.00s
[2022-06-13T01:32:19.748+0000][1][safepoint    ] Leaving safepoint region
[2022-06-13T01:32:19.749+0000][1][safepoint    ] Total time for which application threads were stopped: 0.0080113 seconds, Stopping threads took: 0.0054566 seconds
[2022-06-13T01:32:19.749+0000][1][gc           ] GC(9) Concurrent Mark
[2022-06-13T01:32:19.750+0000][1][gc,task      ] GC(9) Using 4 workers of 4 for marking
[2022-06-13T01:32:19.756+0000][1][gc           ] GC(9) Concurrent Mark 7.097ms
[2022-06-13T01:32:19.756+0000][1][gc,cpu       ] GC(9) User=0.03s Sys=0.00s Real=0.01s
[2022-06-13T01:32:19.757+0000][1][gc           ] GC(9) Concurrent Preclean
[2022-06-13T01:32:19.758+0000][1][gc           ] GC(9) Concurrent Preclean 1.051ms
[2022-06-13T01:32:19.758+0000][1][gc,cpu       ] GC(9) User=0.00s Sys=0.00s Real=0.00s
[2022-06-13T01:32:19.763+0000][1][safepoint    ] Application time: 0.0139366 seconds
[2022-06-13T01:32:19.763+0000][1][safepoint    ] Entering safepoint region: CMS_Final_Remark
[2022-06-13T01:32:19.764+0000][1][gc,start     ] GC(9) Pause Remark
[2022-06-13T01:32:19.788+0000][1][gc           ] GC(9) Pause Remark 17M->17M(247M) 24.304ms
[2022-06-13T01:32:19.789+0000][1][gc,cpu       ] GC(9) User=0.06s Sys=0.00s Real=0.02s
[2022-06-13T01:32:19.789+0000][1][safepoint    ] Leaving safepoint region
[2022-06-13T01:32:19.789+0000][1][safepoint    ] Total time for which application threads were stopped: 0.0257650 seconds, Stopping threads took: 0.0004707 seconds
[2022-06-13T01:32:19.789+0000][1][gc           ] GC(9) Concurrent Sweep
[2022-06-13T01:32:19.796+0000][1][gc           ] GC(9) Concurrent Sweep 6.191ms
[2022-06-13T01:32:19.797+0000][1][gc,cpu       ] GC(9) User=0.02s Sys=0.00s Real=0.00s
[2022-06-13T01:32:19.797+0000][1][gc           ] GC(9) Concurrent Reset
[2022-06-13T01:32:19.797+0000][1][gc           ] GC(9) Concurrent Reset 0.594ms
[2022-06-13T01:32:19.798+0000][1][gc,cpu       ] GC(9) User=0.00s Sys=0.00s Real=0.00s
[2022-06-13T01:32:19.798+0000][1][gc,heap      ] GC(9) Old: 11322K->11296K(174784K)
[2022-06-13T01:32:19.941+0000][1][safepoint    ] Application time: 0.1519354 seconds
[2022-06-13T01:32:19.943+0000][1][safepoint    ] Entering safepoint region: GenCollectForAllocation
[2022-06-13T01:32:19.947+0000][1][gc,start     ] GC(10) Pause Young (Allocation Failure)
[2022-06-13T01:32:19.948+0000][1][gc,task      ] GC(10) Using 5 workers of 13 for evacuation
[2022-06-13T01:32:19.957+0000][1][gc,age       ] GC(10) Desired survivor size 4456448 bytes, new threshold 5 (max threshold 6)
[2022-06-13T01:32:19.960+0000][1][gc,age       ] GC(10) Age table with threshold 5 (max threshold 6)
[2022-06-13T01:32:19.961+0000][1][gc,age       ] GC(10) - age   1:     936800 bytes,     936800 total
[2022-06-13T01:32:19.961+0000][1][gc,age       ] GC(10) - age   2:     480856 bytes,    1417656 total
[2022-06-13T01:32:19.961+0000][1][gc,age       ] GC(10) - age   3:     492032 bytes,    1909688 total
[2022-06-13T01:32:19.962+0000][1][gc,age       ] GC(10) - age   4:    1129512 bytes,    3039200 total
[2022-06-13T01:32:19.962+0000][1][gc,age       ] GC(10) - age   5:    2191416 bytes,    5230616 total
[2022-06-13T01:32:19.962+0000][1][gc,heap      ] GC(10) ParNew: 75206K->5832K(78656K)
[2022-06-13T01:32:19.962+0000][1][gc,heap      ] GC(10) CMS: 11296K->11856K(174784K)
[2022-06-13T01:32:19.963+0000][1][gc,metaspace ] GC(10) Metaspace: 20602K->20602K(1069056K)
[2022-06-13T01:32:19.963+0000][1][gc           ] GC(10) Pause Young (Allocation Failure) 84M->17M(247M) 15.928ms
[2022-06-13T01:32:19.963+0000][1][gc,cpu       ] GC(10) User=0.05s Sys=0.00s Real=0.02s
[2022-06-13T01:32:19.964+0000][1][safepoint    ] Leaving safepoint region
[2022-06-13T01:32:19.964+0000][1][safepoint    ] Total time for which application threads were stopped: 0.0210797 seconds, Stopping threads took: 0.0036306 seconds
[2022-06-13T01:32:20.149+0000][1][safepoint    ] Application time: 0.1850474 seconds
[2022-06-13T01:32:20.150+0000][1][safepoint    ] Entering safepoint region: GenCollectForAllocation
[2022-06-13T01:32:20.151+0000][1][gc,start     ] GC(11) Pause Young (Allocation Failure)
[2022-06-13T01:32:20.153+0000][1][gc,task      ] GC(11) Using 5 workers of 13 for evacuation
[2022-06-13T01:32:20.183+0000][1][gc,age       ] GC(11) Desired survivor size 4456448 bytes, new threshold 6 (max threshold 6)
[2022-06-13T01:32:20.184+0000][1][gc,age       ] GC(11) Age table with threshold 6 (max threshold 6)
[2022-06-13T01:32:20.185+0000][1][gc,age       ] GC(11) - age   1:    1814072 bytes,    1814072 total
[2022-06-13T01:32:20.186+0000][1][gc,age       ] GC(11) - age   2:     126568 bytes,    1940640 total
[2022-06-13T01:32:20.186+0000][1][gc,age       ] GC(11) - age   3:     480856 bytes,    2421496 total
[2022-06-13T01:32:20.186+0000][1][gc,age       ] GC(11) - age   4:     491880 bytes,    2913376 total
[2022-06-13T01:32:20.187+0000][1][gc,age       ] GC(11) - age   5:    1129224 bytes,    4042600 total
[2022-06-13T01:32:20.187+0000][1][gc,heap      ] GC(11) ParNew: 75784K->5564K(78656K)
[2022-06-13T01:32:20.187+0000][1][gc,heap      ] GC(11) CMS: 11856K->14036K(174784K)
[2022-06-13T01:32:20.187+0000][1][gc,metaspace ] GC(11) Metaspace: 20662K->20662K(1069056K)
[2022-06-13T01:32:20.187+0000][1][gc           ] GC(11) Pause Young (Allocation Failure) 85M->19M(247M) 36.433ms
[2022-06-13T01:32:20.188+0000][1][gc,cpu       ] GC(11) User=0.10s Sys=0.01s Real=0.03s
[2022-06-13T01:32:20.188+0000][1][safepoint    ] Leaving safepoint region
[2022-06-13T01:32:20.188+0000][1][safepoint    ] Total time for which application threads were stopped: 0.0380647 seconds, Stopping threads took: 0.0009326 seconds
[2022-06-13T01:32:20.637+0000][1][safepoint    ] Application time: 0.4482336 seconds
[2022-06-13T01:32:20.637+0000][1][safepoint    ] Entering safepoint region: RevokeBias
[2022-06-13T01:32:20.638+0000][1][safepoint    ] Leaving safepoint region
[2022-06-13T01:32:20.638+0000][1][safepoint    ] Total time for which application threads were stopped: 0.0009916 seconds, Stopping threads took: 0.0003259 seconds
[2022-06-13T01:32:20.683+0000][1][safepoint    ] Application time: 0.0446577 seconds
[2022-06-13T01:32:20.684+0000][1][safepoint    ] Entering safepoint region: Deoptimize
[2022-06-13T01:32:20.684+0000][1][safepoint    ] Leaving safepoint region
[2022-06-13T01:32:20.685+0000][1][safepoint    ] Total time for which application threads were stopped: 0.0011166 seconds, Stopping threads took: 0.0003002 seconds
[2022-06-13T01:32:20.864+0000][1][safepoint    ] Application time: 0.1790990 seconds
[2022-06-13T01:32:20.865+0000][1][safepoint    ] Entering safepoint region: Deoptimize
[2022-06-13T01:32:20.866+0000][1][safepoint    ] Leaving safepoint region
[2022-06-13T01:32:20.867+0000][1][safepoint    ] Total time for which application threads were stopped: 0.0013603 seconds, Stopping threads took: 0.0003232 seconds
[2022-06-13T01:32:20.887+0000][1][safepoint    ] Application time: 0.0199166 seconds
[2022-06-13T01:32:20.887+0000][1][safepoint    ] Entering safepoint region: RevokeBias
[2022-06-13T01:32:20.888+0000][1][safepoint    ] Leaving safepoint region
[2022-06-13T01:32:20.893+0000][1][safepoint    ] Total time for which application threads were stopped: 0.0051739 seconds, Stopping threads took: 0.0003017 seconds
[2022-06-13T01:32:20.893+0000][1][safepoint    ] Application time: 0.0001377 seconds
[2022-06-13T01:32:20.893+0000][1][safepoint    ] Entering safepoint region: RevokeBias
[2022-06-13T01:32:20.894+0000][1][safepoint    ] Leaving safepoint region
[2022-06-13T01:32:20.895+0000][1][safepoint    ] Total time for which application threads were stopped: 0.0011937 seconds, Stopping threads took: 0.0003497 seconds
[2022-06-13T01:32:20.896+0000][1][safepoint    ] Application time: 0.0007063 seconds
[2022-06-13T01:32:20.896+0000][1][safepoint    ] Entering safepoint region: Deoptimize
[2022-06-13T01:32:20.897+0000][1][safepoint    ] Leaving safepoint region
[2022-06-13T01:32:20.897+0000][1][safepoint    ] Total time for which application threads were stopped: 0.0013666 seconds, Stopping threads took: 0.0003836 seconds
[2022-06-13T01:32:20.906+0000][1][safepoint    ] Application time: 0.0085338 seconds
[2022-06-13T01:32:20.907+0000][1][safepoint    ] Entering safepoint region: Deoptimize
[2022-06-13T01:32:20.909+0000][1][safepoint    ] Leaving safepoint region
[2022-06-13T01:32:20.910+0000][1][safepoint    ] Total time for which application threads were stopped: 0.0032606 seconds, Stopping threads took: 0.0020742 seconds
[2022-06-13T01:32:21.112+0000][1][safepoint    ] Application time: 0.2015152 seconds
[2022-06-13T01:32:21.114+0000][1][safepoint    ] Entering safepoint region: GenCollectForAllocation
[2022-06-13T01:32:21.114+0000][1][gc,start     ] GC(12) Pause Young (Allocation Failure)
[2022-06-13T01:32:21.115+0000][1][gc,task      ] GC(12) Using 5 workers of 13 for evacuation
[2022-06-13T01:32:21.143+0000][1][gc,age       ] GC(12) Desired survivor size 4456448 bytes, new threshold 6 (max threshold 6)
[2022-06-13T01:32:21.144+0000][1][gc,age       ] GC(12) Age table with threshold 6 (max threshold 6)
[2022-06-13T01:32:21.144+0000][1][gc,age       ] GC(12) - age   1:    2999200 bytes,    2999200 total
[2022-06-13T01:32:21.145+0000][1][gc,age       ] GC(12) - age   2:     344944 bytes,    3344144 total
[2022-06-13T01:32:21.145+0000][1][gc,age       ] GC(12) - age   3:     126304 bytes,    3470448 total
[2022-06-13T01:32:21.145+0000][1][gc,age       ] GC(12) - age   4:     480296 bytes,    3950744 total
[2022-06-13T01:32:21.146+0000][1][gc,age       ] GC(12) - age   5:     487080 bytes,    4437824 total
[2022-06-13T01:32:21.146+0000][1][gc,age       ] GC(12) - age   6:    1129064 bytes,    5566888 total
[2022-06-13T01:32:21.146+0000][1][gc,heap      ] GC(12) ParNew: 75516K->8240K(78656K)
[2022-06-13T01:32:21.147+0000][1][gc,heap      ] GC(12) CMS: 14036K->14036K(174784K)
[2022-06-13T01:32:21.147+0000][1][gc,metaspace ] GC(12) Metaspace: 26463K->26463K(1073152K)
[2022-06-13T01:32:21.148+0000][1][gc           ] GC(12) Pause Young (Allocation Failure) 87M->21M(247M) 33.248ms
[2022-06-13T01:32:21.150+0000][1][gc,cpu       ] GC(12) User=0.04s Sys=0.00s Real=0.04s
[2022-06-13T01:32:21.151+0000][1][safepoint    ] Leaving safepoint region
[2022-06-13T01:32:21.152+0000][1][safepoint    ] Total time for which application threads were stopped: 0.0381058 seconds, Stopping threads took: 0.0007552 seconds
[2022-06-13T01:32:22.979+0000][1][safepoint    ] Application time: 1.8200163 seconds
[2022-06-13T01:32:22.999+0000][1][safepoint    ] Entering safepoint region: GenCollectForAllocation
[2022-06-13T01:32:23.010+0000][1][gc,start     ] GC(13) Pause Young (Allocation Failure)
[2022-06-13T01:32:23.019+0000][1][gc,task      ] GC(13) Using 5 workers of 13 for evacuation
[2022-06-13T01:32:23.141+0000][1][gc,age       ] GC(13) Desired survivor size 4456448 bytes, new threshold 1 (max threshold 6)
[2022-06-13T01:32:23.142+0000][1][gc,age       ] GC(13) Age table with threshold 1 (max threshold 6)
[2022-06-13T01:32:23.142+0000][1][gc,age       ] GC(13) - age   1:    4820720 bytes,    4820720 total
[2022-06-13T01:32:23.142+0000][1][gc,age       ] GC(13) - age   2:    2654376 bytes,    7475096 total
[2022-06-13T01:32:23.143+0000][1][gc,age       ] GC(13) - age   3:     344880 bytes,    7819976 total
[2022-06-13T01:32:23.143+0000][1][gc,age       ] GC(13) - age   4:     126304 bytes,    7946280 total
[2022-06-13T01:32:23.143+0000][1][gc,age       ] GC(13) - age   5:     480296 bytes,    8426576 total
[2022-06-13T01:32:23.143+0000][1][gc,age       ] GC(13) - age   6:     486936 bytes,    8913512 total
[2022-06-13T01:32:23.144+0000][1][gc,heap      ] GC(13) ParNew: 78192K->8704K(78656K)
[2022-06-13T01:32:23.144+0000][1][gc,heap      ] GC(13) CMS: 14036K->25218K(174784K)
[2022-06-13T01:32:23.144+0000][1][gc,metaspace ] GC(13) Metaspace: 27083K->27083K(1075200K)
[2022-06-13T01:32:23.144+0000][1][gc           ] GC(13) Pause Young (Allocation Failure) 90M->33M(247M) 134.525ms
[2022-06-13T01:32:23.144+0000][1][gc,cpu       ] GC(13) User=0.31s Sys=0.02s Real=0.13s
[2022-06-13T01:32:23.145+0000][1][safepoint    ] Leaving safepoint region
[2022-06-13T01:32:23.145+0000][1][safepoint    ] Total time for which application threads were stopped: 0.1558425 seconds, Stopping threads took: 0.0200267 seconds
[2022-06-13T01:32:23.313+0000][1][safepoint    ] Application time: 0.1680834 seconds
[2022-06-13T01:32:23.339+0000][1][safepoint    ] Entering safepoint region: Deoptimize
[2022-06-13T01:32:23.343+0000][1][safepoint    ] Leaving safepoint region
[2022-06-13T01:32:23.343+0000][1][safepoint    ] Total time for which application threads were stopped: 0.0288540 seconds, Stopping threads took: 0.0270885 seconds
[2022-06-13T01:32:23.716+0000][1][safepoint    ] Application time: 0.3723327 seconds
[2022-06-13T01:32:23.742+0000][1][safepoint    ] Entering safepoint region: RevokeBias
[2022-06-13T01:32:23.752+0000][1][safepoint    ] Leaving safepoint region
[2022-06-13T01:32:23.758+0000][1][safepoint    ] Total time for which application threads were stopped: 0.0416589 seconds, Stopping threads took: 0.0347156 seconds
[2022-06-13T01:32:24.470+0000][1][safepoint    ] Application time: 0.7111265 seconds
[2022-06-13T01:32:24.470+0000][1][safepoint    ] Entering safepoint region: GenCollectForAllocation
[2022-06-13T01:32:24.471+0000][1][gc,start     ] GC(14) Pause Young (Allocation Failure)
[2022-06-13T01:32:24.471+0000][1][gc,task      ] GC(14) Using 5 workers of 13 for evacuation
[2022-06-13T01:32:24.515+0000][1][gc,age       ] GC(14) Desired survivor size 4456448 bytes, new threshold 1 (max threshold 6)
[2022-06-13T01:32:24.515+0000][1][gc,age       ] GC(14) Age table with threshold 1 (max threshold 6)
[2022-06-13T01:32:24.516+0000][1][gc,age       ] GC(14) - age   1:    8445304 bytes,    8445304 total
[2022-06-13T01:32:24.516+0000][1][gc,heap      ] GC(14) ParNew: 78656K->8704K(78656K)
[2022-06-13T01:32:24.516+0000][1][gc,heap      ] GC(14) CMS: 25218K->39874K(174784K)
[2022-06-13T01:32:24.516+0000][1][gc,metaspace ] GC(14) Metaspace: 27251K->27251K(1075200K)
[2022-06-13T01:32:24.517+0000][1][gc           ] GC(14) Pause Young (Allocation Failure) 101M->47M(247M) 45.768ms
[2022-06-13T01:32:24.517+0000][1][gc,cpu       ] GC(14) User=0.27s Sys=0.00s Real=0.04s
[2022-06-13T01:32:24.517+0000][1][safepoint    ] Leaving safepoint region
[2022-06-13T01:32:24.517+0000][1][safepoint    ] Total time for which application threads were stopped: 0.0468035 seconds, Stopping threads took: 0.0003323 seconds
[2022-06-13T01:32:24.865+0000][1][safepoint    ] Application time: 0.3478108 seconds
[2022-06-13T01:32:24.866+0000][1][safepoint    ] Entering safepoint region: RevokeBias
[2022-06-13T01:32:24.866+0000][1][safepoint    ] Leaving safepoint region
[2022-06-13T01:32:24.866+0000][1][safepoint    ] Total time for which application threads were stopped: 0.0006053 seconds, Stopping threads took: 0.0003048 seconds
[2022-06-13T01:32:25.209+0000][1][safepoint    ] Application time: 0.3430389 seconds
[2022-06-13T01:32:25.210+0000][1][safepoint    ] Entering safepoint region: RevokeBias
[2022-06-13T01:32:25.210+0000][1][safepoint    ] Leaving safepoint region
[2022-06-13T01:32:25.211+0000][1][safepoint    ] Total time for which application threads were stopped: 0.0006660 seconds, Stopping threads took: 0.0002304 seconds
[2022-06-13T01:32:25.515+0000][1][safepoint    ] Application time: 0.3019647 seconds
[2022-06-13T01:32:25.515+0000][1][safepoint    ] Entering safepoint region: GenCollectForAllocation
[2022-06-13T01:32:25.515+0000][1][gc,start     ] GC(15) Pause Young (Allocation Failure)
[2022-06-13T01:32:25.516+0000][1][gc,task      ] GC(15) Using 5 workers of 13 for evacuation
[2022-06-13T01:32:25.543+0000][1][gc,age       ] GC(15) Desired survivor size 4456448 bytes, new threshold 1 (max threshold 6)
[2022-06-13T01:32:25.543+0000][1][gc,age       ] GC(15) Age table with threshold 1 (max threshold 6)
[2022-06-13T01:32:25.543+0000][1][gc,age       ] GC(15) - age   1:    7182976 bytes,    7182976 total
[2022-06-13T01:32:25.544+0000][1][gc,heap      ] GC(15) ParNew: 78656K->8704K(78656K)
[2022-06-13T01:32:25.544+0000][1][gc,heap      ] GC(15) CMS: 39874K->48705K(174784K)
[2022-06-13T01:32:25.544+0000][1][gc,metaspace ] GC(15) Metaspace: 32167K->32167K(1079296K)
[2022-06-13T01:32:25.544+0000][1][gc           ] GC(15) Pause Young (Allocation Failure) 115M->56M(247M) 29.119ms
[2022-06-13T01:32:25.545+0000][1][gc,cpu       ] GC(15) User=0.22s Sys=0.00s Real=0.03s
[2022-06-13T01:32:25.545+0000][1][safepoint    ] Leaving safepoint region
[2022-06-13T01:32:25.545+0000][1][safepoint    ] Total time for which application threads were stopped: 0.0302564 seconds, Stopping threads took: 0.0002399 seconds
[2022-06-13T01:32:25.613+0000][1][safepoint    ] Application time: 0.0676009 seconds
[2022-06-13T01:32:25.625+0000][1][safepoint    ] Entering safepoint region: RevokeBias
[2022-06-13T01:32:25.628+0000][1][safepoint    ] Leaving safepoint region
[2022-06-13T01:32:25.629+0000][1][safepoint    ] Total time for which application threads were stopped: 0.0037940 seconds, Stopping threads took: 0.0029857 seconds
[2022-06-13T01:32:25.899+0000][1][safepoint    ] Application time: 0.2702942 seconds
[2022-06-13T01:32:25.900+0000][1][safepoint    ] Entering safepoint region: GenCollectForAllocation
[2022-06-13T01:32:25.901+0000][1][gc,start     ] GC(16) Pause Young (Allocation Failure)
[2022-06-13T01:32:25.901+0000][1][gc,task      ] GC(16) Using 5 workers of 13 for evacuation
[2022-06-13T01:32:25.914+0000][1][gc,age       ] GC(16) Desired survivor size 4456448 bytes, new threshold 6 (max threshold 6)
[2022-06-13T01:32:25.914+0000][1][gc,age       ] GC(16) Age table with threshold 6 (max threshold 6)
[2022-06-13T01:32:25.914+0000][1][gc,age       ] GC(16) - age   1:     371096 bytes,     371096 total
[2022-06-13T01:32:25.914+0000][1][gc,heap      ] GC(16) ParNew: 78656K->7294K(78656K)
[2022-06-13T01:32:25.915+0000][1][gc,heap      ] GC(16) CMS: 48705K->55753K(174784K)
[2022-06-13T01:32:25.915+0000][1][gc,metaspace ] GC(16) Metaspace: 33043K->33043K(1079296K)
[2022-06-13T01:32:25.915+0000][1][gc           ] GC(16) Pause Young (Allocation Failure) 124M->61M(247M) 14.180ms
[2022-06-13T01:32:25.916+0000][1][gc,cpu       ] GC(16) User=0.06s Sys=0.00s Real=0.01s
[2022-06-13T01:32:25.916+0000][1][safepoint    ] Leaving safepoint region
[2022-06-13T01:32:25.916+0000][1][safepoint    ] Total time for which application threads were stopped: 0.0162014 seconds, Stopping threads took: 0.0008470 seconds
[2022-06-13T01:32:26.129+0000][1][safepoint    ] Application time: 0.2127116 seconds
[2022-06-13T01:32:26.130+0000][1][safepoint    ] Entering safepoint region: CollectForMetadataAllocation
[2022-06-13T01:32:26.130+0000][1][safepoint    ] Leaving safepoint region
[2022-06-13T01:32:26.131+0000][1][safepoint    ] Total time for which application threads were stopped: 0.0011512 seconds, Stopping threads took: 0.0004336 seconds
[2022-06-13T01:32:26.206+0000][1][safepoint    ] Application time: 0.0753418 seconds
[2022-06-13T01:32:26.207+0000][1][safepoint    ] Entering safepoint region: CollectForMetadataAllocation
[2022-06-13T01:32:26.208+0000][1][safepoint    ] Leaving safepoint region
[2022-06-13T01:32:26.208+0000][1][safepoint    ] Total time for which application threads were stopped: 0.0016420 seconds, Stopping threads took: 0.0002841 seconds
[2022-06-13T01:32:26.254+0000][1][safepoint    ] Application time: 0.0452246 seconds
[2022-06-13T01:32:26.254+0000][1][safepoint    ] Entering safepoint region: CollectForMetadataAllocation
[2022-06-13T01:32:26.255+0000][1][safepoint    ] Leaving safepoint region
[2022-06-13T01:32:26.255+0000][1][safepoint    ] Total time for which application threads were stopped: 0.0009343 seconds, Stopping threads took: 0.0003428 seconds
[2022-06-13T01:32:26.278+0000][1][safepoint    ] Application time: 0.0223085 seconds
[2022-06-13T01:32:26.278+0000][1][safepoint    ] Entering safepoint region: CollectForMetadataAllocation
[2022-06-13T01:32:26.279+0000][1][safepoint    ] Leaving safepoint region
[2022-06-13T01:32:26.279+0000][1][safepoint    ] Total time for which application threads were stopped: 0.0008406 seconds, Stopping threads took: 0.0002522 seconds
[2022-06-13T01:32:26.300+0000][1][safepoint    ] Application time: 0.0207881 seconds
[2022-06-13T01:32:26.300+0000][1][safepoint    ] Entering safepoint region: CollectForMetadataAllocation
[2022-06-13T01:32:26.301+0000][1][safepoint    ] Leaving safepoint region
[2022-06-13T01:32:26.301+0000][1][safepoint    ] Total time for which application threads were stopped: 0.0005830 seconds, Stopping threads took: 0.0002125 seconds
[2022-06-13T01:32:26.332+0000][1][safepoint    ] Application time: 0.0307384 seconds
[2022-06-13T01:32:26.332+0000][1][safepoint    ] Entering safepoint region: CollectForMetadataAllocation
[2022-06-13T01:32:26.333+0000][1][safepoint    ] Leaving safepoint region
[2022-06-13T01:32:26.333+0000][1][safepoint    ] Total time for which application threads were stopped: 0.0009926 seconds, Stopping threads took: 0.0002612 seconds
[2022-06-13T01:32:26.367+0000][1][safepoint    ] Application time: 0.0333773 seconds
[2022-06-13T01:32:26.368+0000][1][safepoint    ] Entering safepoint region: CollectForMetadataAllocation
[2022-06-13T01:32:26.369+0000][1][safepoint    ] Leaving safepoint region
[2022-06-13T01:32:26.369+0000][1][safepoint    ] Total time for which application threads were stopped: 0.0008411 seconds, Stopping threads took: 0.0003759 seconds
[2022-06-13T01:32:26.400+0000][1][safepoint    ] Application time: 0.0312774 seconds
[2022-06-13T01:32:26.401+0000][1][safepoint    ] Entering safepoint region: CollectForMetadataAllocation
[2022-06-13T01:32:26.401+0000][1][safepoint    ] Leaving safepoint region
[2022-06-13T01:32:26.402+0000][1][safepoint    ] Total time for which application threads were stopped: 0.0007724 seconds, Stopping threads took: 0.0002938 seconds
[2022-06-13T01:32:26.433+0000][1][safepoint    ] Application time: 0.0313606 seconds
[2022-06-13T01:32:26.434+0000][1][safepoint    ] Entering safepoint region: CollectForMetadataAllocation
[2022-06-13T01:32:26.434+0000][1][safepoint    ] Leaving safepoint region
[2022-06-13T01:32:26.435+0000][1][safepoint    ] Total time for which application threads were stopped: 0.0007852 seconds, Stopping threads took: 0.0002895 seconds
[2022-06-13T01:32:26.462+0000][1][safepoint    ] Application time: 0.0272589 seconds
[2022-06-13T01:32:26.462+0000][1][safepoint    ] Entering safepoint region: CollectForMetadataAllocation
[2022-06-13T01:32:26.463+0000][1][safepoint    ] Leaving safepoint region
[2022-06-13T01:32:26.463+0000][1][safepoint    ] Total time for which application threads were stopped: 0.0006069 seconds, Stopping threads took: 0.0002380 seconds
[2022-06-13T01:32:26.484+0000][1][safepoint    ] Application time: 0.0207524 seconds
[2022-06-13T01:32:26.484+0000][1][safepoint    ] Entering safepoint region: CollectForMetadataAllocation
[2022-06-13T01:32:26.485+0000][1][safepoint    ] Leaving safepoint region
[2022-06-13T01:32:26.485+0000][1][safepoint    ] Total time for which application threads were stopped: 0.0011917 seconds, Stopping threads took: 0.0002944 seconds
[2022-06-13T01:32:26.486+0000][1][safepoint    ] Application time: 0.0007092 seconds
[2022-06-13T01:32:26.487+0000][1][safepoint    ] Entering safepoint region: RevokeBias
[2022-06-13T01:32:26.487+0000][1][safepoint    ] Leaving safepoint region
[2022-06-13T01:32:26.488+0000][1][safepoint    ] Total time for which application threads were stopped: 0.0008892 seconds, Stopping threads took: 0.0003351 seconds
[2022-06-13T01:32:26.494+0000][1][safepoint    ] Application time: 0.0055162 seconds
[2022-06-13T01:32:26.494+0000][1][safepoint    ] Entering safepoint region: RevokeBias
[2022-06-13T01:32:26.495+0000][1][safepoint    ] Leaving safepoint region
[2022-06-13T01:32:26.495+0000][1][safepoint    ] Total time for which application threads were stopped: 0.0008374 seconds, Stopping threads took: 0.0004331 seconds
[2022-06-13T01:32:26.504+0000][1][safepoint    ] Application time: 0.0082828 seconds
[2022-06-13T01:32:26.504+0000][1][safepoint    ] Entering safepoint region: RevokeBias
[2022-06-13T01:32:26.504+0000][1][safepoint    ] Leaving safepoint region
[2022-06-13T01:32:26.505+0000][1][safepoint    ] Total time for which application threads were stopped: 0.0006338 seconds, Stopping threads took: 0.0003229 seconds
[2022-06-13T01:32:26.522+0000][1][safepoint    ] Application time: 0.0169142 seconds
[2022-06-13T01:32:26.522+0000][1][safepoint    ] Entering safepoint region: CollectForMetadataAllocation
[2022-06-13T01:32:26.523+0000][1][safepoint    ] Leaving safepoint region
[2022-06-13T01:32:26.523+0000][1][safepoint    ] Total time for which application threads were stopped: 0.0007952 seconds, Stopping threads took: 0.0003012 seconds
[2022-06-13T01:32:26.557+0000][1][safepoint    ] Application time: 0.0335591 seconds
[2022-06-13T01:32:26.557+0000][1][safepoint    ] Entering safepoint region: CollectForMetadataAllocation
[2022-06-13T01:32:26.558+0000][1][safepoint    ] Leaving safepoint region
[2022-06-13T01:32:26.558+0000][1][safepoint    ] Total time for which application threads were stopped: 0.0012108 seconds, Stopping threads took: 0.0002457 seconds
[2022-06-13T01:32:26.582+0000][1][safepoint    ] Application time: 0.0231484 seconds
[2022-06-13T01:32:26.582+0000][1][safepoint    ] Entering safepoint region: CollectForMetadataAllocation
[2022-06-13T01:32:26.583+0000][1][safepoint    ] Leaving safepoint region
[2022-06-13T01:32:26.583+0000][1][safepoint    ] Total time for which application threads were stopped: 0.0007379 seconds, Stopping threads took: 0.0002049 seconds
[2022-06-13T01:32:26.620+0000][1][safepoint    ] Application time: 0.0370983 seconds
[2022-06-13T01:32:26.621+0000][1][safepoint    ] Entering safepoint region: CollectForMetadataAllocation
[2022-06-13T01:32:26.622+0000][1][safepoint    ] Leaving safepoint region
[2022-06-13T01:32:26.622+0000][1][safepoint    ] Total time for which application threads were stopped: 0.0013518 seconds, Stopping threads took: 0.0006002 seconds
[2022-06-13T01:32:26.641+0000][1][safepoint    ] Application time: 0.0181625 seconds
[2022-06-13T01:32:26.642+0000][1][safepoint    ] Entering safepoint region: CollectForMetadataAllocation
[2022-06-13T01:32:26.643+0000][1][safepoint    ] Leaving safepoint region
[2022-06-13T01:32:26.643+0000][1][safepoint    ] Total time for which application threads were stopped: 0.0017344 seconds, Stopping threads took: 0.0006240 seconds
[2022-06-13T01:32:26.669+0000][1][safepoint    ] Application time: 0.0255828 seconds
[2022-06-13T01:32:26.670+0000][1][safepoint    ] Entering safepoint region: CollectForMetadataAllocation
[2022-06-13T01:32:26.671+0000][1][safepoint    ] Leaving safepoint region
[2022-06-13T01:32:26.672+0000][1][safepoint    ] Total time for which application threads were stopped: 0.0014036 seconds, Stopping threads took: 0.0005868 seconds
[2022-06-13T01:32:26.706+0000][1][safepoint    ] Application time: 0.0333905 seconds
[2022-06-13T01:32:26.706+0000][1][safepoint    ] Entering safepoint region: CollectForMetadataAllocation
[2022-06-13T01:32:26.707+0000][1][safepoint    ] Leaving safepoint region
[2022-06-13T01:32:26.707+0000][1][safepoint    ] Total time for which application threads were stopped: 0.0009227 seconds, Stopping threads took: 0.0003733 seconds
[2022-06-13T01:32:26.733+0000][1][safepoint    ] Application time: 0.0249273 seconds
[2022-06-13T01:32:26.733+0000][1][safepoint    ] Entering safepoint region: CollectForMetadataAllocation
[2022-06-13T01:32:26.734+0000][1][safepoint    ] Leaving safepoint region
[2022-06-13T01:32:26.734+0000][1][safepoint    ] Total time for which application threads were stopped: 0.0006899 seconds, Stopping threads took: 0.0002620 seconds
[2022-06-13T01:32:26.765+0000][1][safepoint    ] Application time: 0.0310212 seconds
[2022-06-13T01:32:26.766+0000][1][safepoint    ] Entering safepoint region: CollectForMetadataAllocation
[2022-06-13T01:32:26.766+0000][1][safepoint    ] Leaving safepoint region
[2022-06-13T01:32:26.766+0000][1][safepoint    ] Total time for which application threads were stopped: 0.0007068 seconds, Stopping threads took: 0.0002494 seconds
[2022-06-13T01:32:26.794+0000][1][safepoint    ] Application time: 0.0277446 seconds
[2022-06-13T01:32:26.795+0000][1][safepoint    ] Entering safepoint region: CollectForMetadataAllocation
[2022-06-13T01:32:26.795+0000][1][safepoint    ] Leaving safepoint region
[2022-06-13T01:32:26.796+0000][1][safepoint    ] Total time for which application threads were stopped: 0.0008734 seconds, Stopping threads took: 0.0004101 seconds
[2022-06-13T01:32:26.822+0000][1][safepoint    ] Application time: 0.0264869 seconds
[2022-06-13T01:32:26.823+0000][1][safepoint    ] Entering safepoint region: CollectForMetadataAllocation
[2022-06-13T01:32:26.823+0000][1][safepoint    ] Leaving safepoint region
[2022-06-13T01:32:26.823+0000][1][safepoint    ] Total time for which application threads were stopped: 0.0006996 seconds, Stopping threads took: 0.0002514 seconds
[2022-06-13T01:32:26.851+0000][1][safepoint    ] Application time: 0.0276039 seconds
[2022-06-13T01:32:26.852+0000][1][safepoint    ] Entering safepoint region: CollectForMetadataAllocation
[2022-06-13T01:32:26.852+0000][1][safepoint    ] Leaving safepoint region
[2022-06-13T01:32:26.852+0000][1][safepoint    ] Total time for which application threads were stopped: 0.0006016 seconds, Stopping threads took: 0.0002020 seconds
[2022-06-13T01:32:26.898+0000][1][safepoint    ] Application time: 0.0460443 seconds
[2022-06-13T01:32:26.899+0000][1][safepoint    ] Entering safepoint region: CollectForMetadataAllocation
[2022-06-13T01:32:26.899+0000][1][safepoint    ] Leaving safepoint region
[2022-06-13T01:32:26.900+0000][1][safepoint    ] Total time for which application threads were stopped: 0.0009153 seconds, Stopping threads took: 0.0003563 seconds
[2022-06-13T01:32:26.927+0000][1][safepoint    ] Application time: 0.0265863 seconds
[2022-06-13T01:32:26.927+0000][1][safepoint    ] Entering safepoint region: CollectForMetadataAllocation
[2022-06-13T01:32:26.928+0000][1][safepoint    ] Leaving safepoint region
[2022-06-13T01:32:26.928+0000][1][safepoint    ] Total time for which application threads were stopped: 0.0012006 seconds, Stopping threads took: 0.0003139 seconds
[2022-06-13T01:32:26.977+0000][1][safepoint    ] Application time: 0.0481352 seconds
[2022-06-13T01:32:26.977+0000][1][safepoint    ] Entering safepoint region: CollectForMetadataAllocation
[2022-06-13T01:32:26.978+0000][1][safepoint    ] Leaving safepoint region
[2022-06-13T01:32:26.978+0000][1][safepoint    ] Total time for which application threads were stopped: 0.0008305 seconds, Stopping threads took: 0.0003394 seconds
[2022-06-13T01:32:27.012+0000][1][safepoint    ] Application time: 0.0337378 seconds
[2022-06-13T01:32:27.013+0000][1][safepoint    ] Entering safepoint region: CollectForMetadataAllocation
[2022-06-13T01:32:27.013+0000][1][safepoint    ] Leaving safepoint region
[2022-06-13T01:32:27.013+0000][1][safepoint    ] Total time for which application threads were stopped: 0.0005953 seconds, Stopping threads took: 0.0002666 seconds
[2022-06-13T01:32:27.031+0000][1][safepoint    ] Application time: 0.0179048 seconds
[2022-06-13T01:32:27.032+0000][1][safepoint    ] Entering safepoint region: RevokeBias
[2022-06-13T01:32:27.033+0000][1][safepoint    ] Leaving safepoint region
[2022-06-13T01:32:27.033+0000][1][safepoint    ] Total time for which application threads were stopped: 0.0010096 seconds, Stopping threads took: 0.0006532 seconds
[2022-06-13T01:32:27.034+0000][1][safepoint    ] Application time: 0.0003339 seconds
[2022-06-13T01:32:27.034+0000][1][safepoint    ] Entering safepoint region: RevokeBias
[2022-06-13T01:32:27.035+0000][1][safepoint    ] Leaving safepoint region
[2022-06-13T01:32:27.035+0000][1][safepoint    ] Total time for which application threads were stopped: 0.0010030 seconds, Stopping threads took: 0.0003402 seconds
[2022-06-13T01:32:27.035+0000][1][safepoint    ] Application time: 0.0001853 seconds
[2022-06-13T01:32:27.036+0000][1][safepoint    ] Entering safepoint region: RevokeBias
[2022-06-13T01:32:27.036+0000][1][safepoint    ] Leaving safepoint region
[2022-06-13T01:32:27.036+0000][1][safepoint    ] Total time for which application threads were stopped: 0.0005238 seconds, Stopping threads took: 0.0002591 seconds
[2022-06-13T01:32:27.431+0000][1][safepoint    ] Application time: 0.3950059 seconds
[2022-06-13T01:32:27.432+0000][1][safepoint    ] Entering safepoint region: CollectForMetadataAllocation
[2022-06-13T01:32:27.433+0000][1][safepoint    ] Leaving safepoint region
[2022-06-13T01:32:27.433+0000][1][safepoint    ] Total time for which application threads were stopped: 0.0011335 seconds, Stopping threads took: 0.0004478 seconds
[2022-06-13T01:32:27.868+0000][1][safepoint    ] Application time: 0.4345975 seconds
[2022-06-13T01:32:27.869+0000][1][safepoint    ] Entering safepoint region: GenCollectForAllocation
[2022-06-13T01:32:27.869+0000][1][gc,start     ] GC(17) Pause Young (Allocation Failure)
[2022-06-13T01:32:27.870+0000][1][gc,task      ] GC(17) Using 5 workers of 13 for evacuation
[2022-06-13T01:32:27.879+0000][1][gc,age       ] GC(17) Desired survivor size 4456448 bytes, new threshold 6 (max threshold 6)
[2022-06-13T01:32:27.879+0000][1][gc,age       ] GC(17) Age table with threshold 6 (max threshold 6)
[2022-06-13T01:32:27.880+0000][1][gc,age       ] GC(17) - age   1:    3761152 bytes,    3761152 total
[2022-06-13T01:32:27.880+0000][1][gc,age       ] GC(17) - age   2:     331264 bytes,    4092416 total
[2022-06-13T01:32:27.880+0000][1][gc,heap      ] GC(17) ParNew: 77246K->4539K(78656K)
[2022-06-13T01:32:27.880+0000][1][gc,heap      ] GC(17) CMS: 55753K->55753K(174784K)
[2022-06-13T01:32:27.880+0000][1][gc,metaspace ] GC(17) Metaspace: 42343K->42343K(1087488K)
[2022-06-13T01:32:27.881+0000][1][gc           ] GC(17) Pause Young (Allocation Failure) 129M->58M(247M) 11.200ms
[2022-06-13T01:32:27.881+0000][1][gc,cpu       ] GC(17) User=0.02s Sys=0.00s Real=0.02s
[2022-06-13T01:32:27.881+0000][1][safepoint    ] Leaving safepoint region
[2022-06-13T01:32:27.881+0000][1][safepoint    ] Total time for which application threads were stopped: 0.0125212 seconds, Stopping threads took: 0.0005970 seconds
[2022-06-13T01:32:27.883+0000][1][safepoint    ] Application time: 0.0014981 seconds
[2022-06-13T01:32:27.883+0000][1][safepoint    ] Entering safepoint region: CollectForMetadataAllocation
[2022-06-13T01:32:27.884+0000][1][safepoint    ] Leaving safepoint region
[2022-06-13T01:32:27.885+0000][1][safepoint    ] Total time for which application threads were stopped: 0.0015380 seconds, Stopping threads took: 0.0002794 seconds
[2022-06-13T01:32:27.889+0000][1][safepoint    ] Application time: 0.0043477 seconds
[2022-06-13T01:32:27.890+0000][1][safepoint    ] Entering safepoint region: CMS_Initial_Mark
[2022-06-13T01:32:27.890+0000][1][gc,start     ] GC(18) Pause Initial Mark
[2022-06-13T01:32:27.894+0000][1][gc           ] GC(18) Pause Initial Mark 60M->60M(247M) 3.986ms
[2022-06-13T01:32:27.894+0000][1][gc,cpu       ] GC(18) User=0.01s Sys=0.00s Real=0.00s
[2022-06-13T01:32:27.895+0000][1][safepoint    ] Leaving safepoint region
[2022-06-13T01:32:27.895+0000][1][safepoint    ] Total time for which application threads were stopped: 0.0052869 seconds, Stopping threads took: 0.0004035 seconds
[2022-06-13T01:32:27.895+0000][1][gc           ] GC(18) Concurrent Mark
[2022-06-13T01:32:27.895+0000][1][gc,task      ] GC(18) Using 4 workers of 4 for marking
[2022-06-13T01:32:27.937+0000][1][safepoint    ] Application time: 0.0421546 seconds
[2022-06-13T01:32:27.938+0000][1][safepoint    ] Entering safepoint region: CollectForMetadataAllocation
[2022-06-13T01:32:27.938+0000][1][safepoint    ] Leaving safepoint region
[2022-06-13T01:32:27.938+0000][1][safepoint    ] Total time for which application threads were stopped: 0.0008538 seconds, Stopping threads took: 0.0003357 seconds
[2022-06-13T01:32:27.957+0000][1][gc           ] GC(18) Concurrent Mark 61.818ms
[2022-06-13T01:32:27.959+0000][1][gc,cpu       ] GC(18) User=0.24s Sys=0.00s Real=0.07s
[2022-06-13T01:32:27.960+0000][1][gc           ] GC(18) Concurrent Preclean
[2022-06-13T01:32:27.963+0000][1][gc           ] GC(18) Concurrent Preclean 3.554ms
[2022-06-13T01:32:27.969+0000][1][gc,cpu       ] GC(18) User=0.02s Sys=0.00s Real=0.01s
[2022-06-13T01:32:27.970+0000][1][gc           ] GC(18) Concurrent Abortable Preclean
[2022-06-13T01:32:28.137+0000][1][safepoint    ] Application time: 0.1986767 seconds
[2022-06-13T01:32:28.138+0000][1][safepoint    ] Entering safepoint region: CollectForMetadataAllocation
[2022-06-13T01:32:28.138+0000][1][safepoint    ] Leaving safepoint region
[2022-06-13T01:32:28.139+0000][1][safepoint    ] Total time for which application threads were stopped: 0.0008551 seconds, Stopping threads took: 0.0003792 seconds
[2022-06-13T01:32:28.315+0000][1][safepoint    ] Application time: 0.1755267 seconds
[2022-06-13T01:32:28.315+0000][1][safepoint    ] Entering safepoint region: CollectForMetadataAllocation
[2022-06-13T01:32:28.315+0000][1][safepoint    ] Leaving safepoint region
[2022-06-13T01:32:28.316+0000][1][safepoint    ] Total time for which application threads were stopped: 0.0008531 seconds, Stopping threads took: 0.0003264 seconds
[2022-06-13T01:32:28.333+0000][1][safepoint    ] Application time: 0.0171246 seconds
[2022-06-13T01:32:28.334+0000][1][safepoint    ] Entering safepoint region: CollectForMetadataAllocation
[2022-06-13T01:32:28.334+0000][1][safepoint    ] Leaving safepoint region
[2022-06-13T01:32:28.334+0000][1][safepoint    ] Total time for which application threads were stopped: 0.0008593 seconds, Stopping threads took: 0.0003017 seconds
[2022-06-13T01:32:28.413+0000][1][safepoint    ] Application time: 0.0786699 seconds
[2022-06-13T01:32:28.414+0000][1][safepoint    ] Entering safepoint region: CollectForMetadataAllocation
[2022-06-13T01:32:28.414+0000][1][safepoint    ] Leaving safepoint region
[2022-06-13T01:32:28.415+0000][1][safepoint    ] Total time for which application threads were stopped: 0.0010904 seconds, Stopping threads took: 0.0002523 seconds
[2022-06-13T01:32:28.416+0000][1][gc           ] GC(18) Concurrent Abortable Preclean 446.707ms
[2022-06-13T01:32:28.417+0000][1][gc,cpu       ] GC(18) User=1.90s Sys=0.02s Real=0.44s
[2022-06-13T01:32:28.417+0000][1][safepoint    ] Application time: 0.0021792 seconds
[2022-06-13T01:32:28.418+0000][1][safepoint    ] Entering safepoint region: CMS_Final_Remark
[2022-06-13T01:32:28.418+0000][1][gc,start     ] GC(18) Pause Remark
[2022-06-13T01:32:28.446+0000][1][gc           ] GC(18) Pause Remark 95M->95M(247M) 27.746ms
[2022-06-13T01:32:28.446+0000][1][gc,cpu       ] GC(18) User=0.09s Sys=0.01s Real=0.03s
[2022-06-13T01:32:28.446+0000][1][safepoint    ] Leaving safepoint region
[2022-06-13T01:32:28.447+0000][1][safepoint    ] Total time for which application threads were stopped: 0.0291001 seconds, Stopping threads took: 0.0004433 seconds
[2022-06-13T01:32:28.447+0000][1][gc           ] GC(18) Concurrent Sweep
[2022-06-13T01:32:28.484+0000][1][gc           ] GC(18) Concurrent Sweep 36.623ms
[2022-06-13T01:32:28.484+0000][1][gc,cpu       ] GC(18) User=0.12s Sys=0.00s Real=0.04s
[2022-06-13T01:32:28.484+0000][1][gc           ] GC(18) Concurrent Reset
[2022-06-13T01:32:28.485+0000][1][gc           ] GC(18) Concurrent Reset 0.590ms
[2022-06-13T01:32:28.485+0000][1][gc,cpu       ] GC(18) User=0.00s Sys=0.00s Real=0.00s
[2022-06-13T01:32:28.486+0000][1][gc,heap      ] GC(18) Old: 55753K->55539K(174784K)
[2022-06-13T01:32:28.498+0000][1][safepoint    ] Application time: 0.0513454 seconds
[2022-06-13T01:32:28.499+0000][1][safepoint    ] Entering safepoint region: Deoptimize
[2022-06-13T01:32:28.501+0000][1][safepoint    ] Leaving safepoint region
[2022-06-13T01:32:28.501+0000][1][safepoint    ] Total time for which application threads were stopped: 0.0024899 seconds, Stopping threads took: 0.0002747 seconds
[2022-06-13T01:32:28.522+0000][1][safepoint    ] Application time: 0.0199762 seconds
[2022-06-13T01:32:28.523+0000][1][safepoint    ] Entering safepoint region: RevokeBias
[2022-06-13T01:32:28.523+0000][1][safepoint    ] Leaving safepoint region
[2022-06-13T01:32:28.524+0000][1][safepoint    ] Total time for which application threads were stopped: 0.0007684 seconds, Stopping threads took: 0.0003729 seconds
[2022-06-13T01:32:28.599+0000][1][safepoint    ] Application time: 0.0751813 seconds
[2022-06-13T01:32:28.608+0000][1][safepoint    ] Entering safepoint region: RevokeBias
[2022-06-13T01:32:28.609+0000][1][safepoint    ] Leaving safepoint region
[2022-06-13T01:32:28.609+0000][1][safepoint    ] Total time for which application threads were stopped: 0.0009488 seconds, Stopping threads took: 0.0005029 seconds
[2022-06-13T01:32:28.629+0000][1][safepoint    ] Application time: 0.0194029 seconds
[2022-06-13T01:32:28.629+0000][1][safepoint    ] Entering safepoint region: RevokeBias
[2022-06-13T01:32:28.630+0000][1][safepoint    ] Leaving safepoint region
[2022-06-13T01:32:28.630+0000][1][safepoint    ] Total time for which application threads were stopped: 0.0008885 seconds, Stopping threads took: 0.0004740 seconds
[2022-06-13T01:32:28.641+0000][1][safepoint    ] Application time: 0.0101410 seconds
[2022-06-13T01:32:28.642+0000][1][safepoint    ] Entering safepoint region: RevokeBias
[2022-06-13T01:32:28.642+0000][1][safepoint    ] Leaving safepoint region
[2022-06-13T01:32:28.642+0000][1][safepoint    ] Total time for which application threads were stopped: 0.0006675 seconds, Stopping threads took: 0.0003091 seconds
[2022-06-13T01:32:28.900+0000][1][safepoint    ] Application time: 0.2569587 seconds
[2022-06-13T01:32:28.900+0000][1][safepoint    ] Entering safepoint region: RevokeBias
[2022-06-13T01:32:28.901+0000][1][safepoint    ] Leaving safepoint region
[2022-06-13T01:32:28.902+0000][1][safepoint    ] Total time for which application threads were stopped: 0.0016529 seconds, Stopping threads took: 0.0006717 seconds
[2022-06-13T01:32:28.902+0000][1][safepoint    ] Application time: 0.0001764 seconds
[2022-06-13T01:32:28.903+0000][1][safepoint    ] Entering safepoint region: RevokeBias
[2022-06-13T01:32:28.903+0000][1][safepoint    ] Leaving safepoint region
[2022-06-13T01:32:28.903+0000][1][safepoint    ] Total time for which application threads were stopped: 0.0005925 seconds, Stopping threads took: 0.0003026 seconds
[2022-06-13T01:32:28.904+0000][1][safepoint    ] Application time: 0.0004640 seconds
[2022-06-13T01:32:28.904+0000][1][safepoint    ] Entering safepoint region: RevokeBias
[2022-06-13T01:32:28.904+0000][1][safepoint    ] Leaving safepoint region
[2022-06-13T01:32:28.905+0000][1][safepoint    ] Total time for which application threads were stopped: 0.0006162 seconds, Stopping threads took: 0.0003024 seconds
[2022-06-13T01:32:28.905+0000][1][safepoint    ] Application time: 0.0001559 seconds
[2022-06-13T01:32:28.905+0000][1][safepoint    ] Entering safepoint region: RevokeBias
[2022-06-13T01:32:28.906+0000][1][safepoint    ] Leaving safepoint region
[2022-06-13T01:32:28.906+0000][1][safepoint    ] Total time for which application threads were stopped: 0.0006773 seconds, Stopping threads took: 0.0003801 seconds
[2022-06-13T01:32:28.986+0000][1][safepoint    ] Application time: 0.0796480 seconds
[2022-06-13T01:32:28.986+0000][1][safepoint    ] Entering safepoint region: RevokeBias
[2022-06-13T01:32:28.987+0000][1][safepoint    ] Leaving safepoint region
[2022-06-13T01:32:28.987+0000][1][safepoint    ] Total time for which application threads were stopped: 0.0008691 seconds, Stopping threads took: 0.0005355 seconds
[2022-06-13T01:32:28.987+0000][1][safepoint    ] Application time: 0.0002014 seconds
[2022-06-13T01:32:28.988+0000][1][safepoint    ] Entering safepoint region: RevokeBias
[2022-06-13T01:32:28.988+0000][1][safepoint    ] Leaving safepoint region
[2022-06-13T01:32:28.989+0000][1][safepoint    ] Total time for which application threads were stopped: 0.0010090 seconds, Stopping threads took: 0.0005843 seconds
[2022-06-13T01:32:28.989+0000][1][safepoint    ] Application time: 0.0001934 seconds
[2022-06-13T01:32:28.989+0000][1][safepoint    ] Entering safepoint region: RevokeBias
[2022-06-13T01:32:28.990+0000][1][safepoint    ] Leaving safepoint region
[2022-06-13T01:32:28.990+0000][1][safepoint    ] Total time for which application threads were stopped: 0.0005649 seconds, Stopping threads took: 0.0002832 seconds
[2022-06-13T01:32:28.991+0000][1][safepoint    ] Application time: 0.0005405 seconds
[2022-06-13T01:32:28.991+0000][1][safepoint    ] Entering safepoint region: RevokeBias
[2022-06-13T01:32:28.991+0000][1][safepoint    ] Leaving safepoint region
[2022-06-13T01:32:28.992+0000][1][safepoint    ] Total time for which application threads were stopped: 0.0006426 seconds, Stopping threads took: 0.0003593 seconds
[2022-06-13T01:32:28.992+0000][1][safepoint    ] Application time: 0.0005836 seconds
[2022-06-13T01:32:28.993+0000][1][safepoint    ] Entering safepoint region: RevokeBias
[2022-06-13T01:32:28.993+0000][1][safepoint    ] Leaving safepoint region
[2022-06-13T01:32:28.994+0000][1][safepoint    ] Total time for which application threads were stopped: 0.0008053 seconds, Stopping threads took: 0.0004026 seconds
[2022-06-13T01:32:28.994+0000][1][safepoint    ] Application time: 0.0002957 seconds
[2022-06-13T01:32:28.995+0000][1][safepoint    ] Entering safepoint region: RevokeBias
[2022-06-13T01:32:28.995+0000][1][safepoint    ] Leaving safepoint region
[2022-06-13T01:32:28.995+0000][1][safepoint    ] Total time for which application threads were stopped: 0.0005486 seconds, Stopping threads took: 0.0002654 seconds
[2022-06-13T01:32:28.996+0000][1][safepoint    ] Application time: 0.0003453 seconds
[2022-06-13T01:32:28.996+0000][1][safepoint    ] Entering safepoint region: RevokeBias
[2022-06-13T01:32:28.996+0000][1][safepoint    ] Leaving safepoint region
[2022-06-13T01:32:28.996+0000][1][safepoint    ] Total time for which application threads were stopped: 0.0005247 seconds, Stopping threads took: 0.0002472 seconds
[2022-06-13T01:32:28.997+0000][1][safepoint    ] Application time: 0.0001643 seconds
[2022-06-13T01:32:28.997+0000][1][safepoint    ] Entering safepoint region: RevokeBias
[2022-06-13T01:32:28.998+0000][1][safepoint    ] Leaving safepoint region
[2022-06-13T01:32:28.998+0000][1][safepoint    ] Total time for which application threads were stopped: 0.0008042 seconds, Stopping threads took: 0.0005221 seconds
[2022-06-13T01:32:28.998+0000][1][safepoint    ] Application time: 0.0001628 seconds
[2022-06-13T01:32:28.999+0000][1][safepoint    ] Entering safepoint region: RevokeBias
[2022-06-13T01:32:28.999+0000][1][safepoint    ] Leaving safepoint region
[2022-06-13T01:32:28.999+0000][1][safepoint    ] Total time for which application threads were stopped: 0.0008397 seconds, Stopping threads took: 0.0003723 seconds
[2022-06-13T01:32:29.000+0000][1][safepoint    ] Application time: 0.0001924 seconds
[2022-06-13T01:32:29.000+0000][1][safepoint    ] Entering safepoint region: RevokeBias
[2022-06-13T01:32:29.001+0000][1][safepoint    ] Leaving safepoint region
[2022-06-13T01:32:29.001+0000][1][safepoint    ] Total time for which application threads were stopped: 0.0006335 seconds, Stopping threads took: 0.0002894 seconds
[2022-06-13T01:32:29.001+0000][1][safepoint    ] Application time: 0.0001426 seconds
[2022-06-13T01:32:29.002+0000][1][safepoint    ] Entering safepoint region: RevokeBias
[2022-06-13T01:32:29.002+0000][1][safepoint    ] Leaving safepoint region
[2022-06-13T01:32:29.002+0000][1][safepoint    ] Total time for which application threads were stopped: 0.0006668 seconds, Stopping threads took: 0.0003628 seconds
[2022-06-13T01:32:29.003+0000][1][safepoint    ] Application time: 0.0001838 seconds
[2022-06-13T01:32:29.003+0000][1][safepoint    ] Entering safepoint region: RevokeBias
[2022-06-13T01:32:29.003+0000][1][safepoint    ] Leaving safepoint region
[2022-06-13T01:32:29.004+0000][1][safepoint    ] Total time for which application threads were stopped: 0.0007646 seconds, Stopping threads took: 0.0003945 seconds
[2022-06-13T01:32:29.004+0000][1][safepoint    ] Application time: 0.0004108 seconds
[2022-06-13T01:32:29.005+0000][1][safepoint    ] Entering safepoint region: RevokeBias
[2022-06-13T01:32:29.005+0000][1][safepoint    ] Leaving safepoint region
[2022-06-13T01:32:29.006+0000][1][safepoint    ] Total time for which application threads were stopped: 0.0010244 seconds, Stopping threads took: 0.0007433 seconds
[2022-06-13T01:32:29.006+0000][1][safepoint    ] Application time: 0.0001418 seconds
[2022-06-13T01:32:29.006+0000][1][safepoint    ] Entering safepoint region: RevokeBias
[2022-06-13T01:32:29.007+0000][1][safepoint    ] Leaving safepoint region
[2022-06-13T01:32:29.007+0000][1][safepoint    ] Total time for which application threads were stopped: 0.0008681 seconds, Stopping threads took: 0.0005807 seconds
[2022-06-13T01:32:29.008+0000][1][safepoint    ] Application time: 0.0001672 seconds
[2022-06-13T01:32:29.008+0000][1][safepoint    ] Entering safepoint region: RevokeBias
[2022-06-13T01:32:29.008+0000][1][safepoint    ] Leaving safepoint region
[2022-06-13T01:32:29.009+0000][1][safepoint    ] Total time for which application threads were stopped: 0.0008158 seconds, Stopping threads took: 0.0004739 seconds
[2022-06-13T01:32:29.009+0000][1][safepoint    ] Application time: 0.0001367 seconds
[2022-06-13T01:32:29.010+0000][1][safepoint    ] Entering safepoint region: RevokeBias
[2022-06-13T01:32:29.010+0000][1][safepoint    ] Leaving safepoint region
[2022-06-13T01:32:29.010+0000][1][safepoint    ] Total time for which application threads were stopped: 0.0005727 seconds, Stopping threads took: 0.0003282 seconds
[2022-06-13T01:32:29.010+0000][1][safepoint    ] Application time: 0.0001139 seconds
[2022-06-13T01:32:29.011+0000][1][safepoint    ] Entering safepoint region: RevokeBias
[2022-06-13T01:32:29.011+0000][1][safepoint    ] Leaving safepoint region
[2022-06-13T01:32:29.011+0000][1][safepoint    ] Total time for which application threads were stopped: 0.0005266 seconds, Stopping threads took: 0.0002402 seconds
[2022-06-13T01:32:29.012+0000][1][safepoint    ] Application time: 0.0002127 seconds
[2022-06-13T01:32:29.012+0000][1][safepoint    ] Entering safepoint region: RevokeBias
[2022-06-13T01:32:29.012+0000][1][safepoint    ] Leaving safepoint region
[2022-06-13T01:32:29.012+0000][1][safepoint    ] Total time for which application threads were stopped: 0.0004955 seconds, Stopping threads took: 0.0002345 seconds
[2022-06-13T01:32:29.013+0000][1][safepoint    ] Application time: 0.0001364 seconds
[2022-06-13T01:32:29.013+0000][1][safepoint    ] Entering safepoint region: RevokeBias
[2022-06-13T01:32:29.013+0000][1][safepoint    ] Leaving safepoint region
[2022-06-13T01:32:29.014+0000][1][safepoint    ] Total time for which application threads were stopped: 0.0005575 seconds, Stopping threads took: 0.0002796 seconds
[2022-06-13T01:32:29.014+0000][1][safepoint    ] Application time: 0.0001494 seconds
[2022-06-13T01:32:29.014+0000][1][safepoint    ] Entering safepoint region: RevokeBias
[2022-06-13T01:32:29.014+0000][1][safepoint    ] Leaving safepoint region
[2022-06-13T01:32:29.015+0000][1][safepoint    ] Total time for which application threads were stopped: 0.0005791 seconds, Stopping threads took: 0.0002191 seconds
[2022-06-13T01:32:29.015+0000][1][safepoint    ] Application time: 0.0001794 seconds
[2022-06-13T01:32:29.016+0000][1][safepoint    ] Entering safepoint region: RevokeBias
[2022-06-13T01:32:29.016+0000][1][safepoint    ] Leaving safepoint region
[2022-06-13T01:32:29.017+0000][1][safepoint    ] Total time for which application threads were stopped: 0.0008159 seconds, Stopping threads took: 0.0003042 seconds
[2022-06-13T01:32:29.017+0000][1][safepoint    ] Application time: 0.0001336 seconds
[2022-06-13T01:32:29.017+0000][1][safepoint    ] Entering safepoint region: RevokeBias
[2022-06-13T01:32:29.017+0000][1][safepoint    ] Leaving safepoint region
[2022-06-13T01:32:29.018+0000][1][safepoint    ] Total time for which application threads were stopped: 0.0006452 seconds, Stopping threads took: 0.0003032 seconds
[2022-06-13T01:32:29.018+0000][1][safepoint    ] Application time: 0.0001688 seconds
[2022-06-13T01:32:29.018+0000][1][safepoint    ] Entering safepoint region: RevokeBias
[2022-06-13T01:32:29.019+0000][1][safepoint    ] Leaving safepoint region
[2022-06-13T01:32:29.019+0000][1][safepoint    ] Total time for which application threads were stopped: 0.0006027 seconds, Stopping threads took: 0.0002582 seconds
[2022-06-13T01:32:29.019+0000][1][safepoint    ] Application time: 0.0001150 seconds
[2022-06-13T01:32:29.020+0000][1][safepoint    ] Entering safepoint region: RevokeBias
[2022-06-13T01:32:29.020+0000][1][safepoint    ] Leaving safepoint region
[2022-06-13T01:32:29.020+0000][1][safepoint    ] Total time for which application threads were stopped: 0.0006176 seconds, Stopping threads took: 0.0002574 seconds
[2022-06-13T01:32:29.021+0000][1][safepoint    ] Application time: 0.0001837 seconds
[2022-06-13T01:32:29.021+0000][1][safepoint    ] Entering safepoint region: RevokeBias
[2022-06-13T01:32:29.021+0000][1][safepoint    ] Leaving safepoint region
[2022-06-13T01:32:29.021+0000][1][safepoint    ] Total time for which application threads were stopped: 0.0004387 seconds, Stopping threads took: 0.0001896 seconds
[2022-06-13T01:32:29.022+0000][1][safepoint    ] Application time: 0.0001327 seconds
[2022-06-13T01:32:29.022+0000][1][safepoint    ] Entering safepoint region: RevokeBias
[2022-06-13T01:32:29.022+0000][1][safepoint    ] Leaving safepoint region
[2022-06-13T01:32:29.023+0000][1][safepoint    ] Total time for which application threads were stopped: 0.0006192 seconds, Stopping threads took: 0.0002232 seconds
[2022-06-13T01:32:29.023+0000][1][safepoint    ] Application time: 0.0001486 seconds
[2022-06-13T01:32:29.023+0000][1][safepoint    ] Entering safepoint region: RevokeBias
[2022-06-13T01:32:29.023+0000][1][safepoint    ] Leaving safepoint region
[2022-06-13T01:32:29.024+0000][1][safepoint    ] Total time for which application threads were stopped: 0.0005602 seconds, Stopping threads took: 0.0002490 seconds
[2022-06-13T01:32:29.024+0000][1][safepoint    ] Application time: 0.0001570 seconds
[2022-06-13T01:32:29.024+0000][1][safepoint    ] Entering safepoint region: RevokeBias
[2022-06-13T01:32:29.025+0000][1][safepoint    ] Leaving safepoint region
[2022-06-13T01:32:29.025+0000][1][safepoint    ] Total time for which application threads were stopped: 0.0005611 seconds, Stopping threads took: 0.0002660 seconds
[2022-06-13T01:32:29.025+0000][1][safepoint    ] Application time: 0.0001231 seconds
[2022-06-13T01:32:29.026+0000][1][safepoint    ] Entering safepoint region: RevokeBias
[2022-06-13T01:32:29.026+0000][1][safepoint    ] Leaving safepoint region
[2022-06-13T01:32:29.026+0000][1][safepoint    ] Total time for which application threads were stopped: 0.0006093 seconds, Stopping threads took: 0.0002699 seconds
[2022-06-13T01:32:29.027+0000][1][safepoint    ] Application time: 0.0001235 seconds
[2022-06-13T01:32:29.027+0000][1][safepoint    ] Entering safepoint region: RevokeBias
[2022-06-13T01:32:29.027+0000][1][safepoint    ] Leaving safepoint region
[2022-06-13T01:32:29.027+0000][1][safepoint    ] Total time for which application threads were stopped: 0.0005193 seconds, Stopping threads took: 0.0002569 seconds
[2022-06-13T01:32:29.028+0000][1][safepoint    ] Application time: 0.0001847 seconds
[2022-06-13T01:32:29.028+0000][1][safepoint    ] Entering safepoint region: RevokeBias
[2022-06-13T01:32:29.028+0000][1][safepoint    ] Leaving safepoint region
[2022-06-13T01:32:29.029+0000][1][safepoint    ] Total time for which application threads were stopped: 0.0005490 seconds, Stopping threads took: 0.0002841 seconds
[2022-06-13T01:32:29.029+0000][1][safepoint    ] Application time: 0.0001720 seconds
[2022-06-13T01:32:29.029+0000][1][safepoint    ] Entering safepoint region: BulkRevokeBias
[2022-06-13T01:32:29.030+0000][1][safepoint    ] Leaving safepoint region
[2022-06-13T01:32:29.030+0000][1][safepoint    ] Total time for which application threads were stopped: 0.0006434 seconds, Stopping threads took: 0.0002615 seconds
[2022-06-13T01:32:29.031+0000][1][safepoint    ] Application time: 0.0006668 seconds
[2022-06-13T01:32:29.031+0000][1][safepoint    ] Entering safepoint region: RevokeBias
[2022-06-13T01:32:29.031+0000][1][safepoint    ] Leaving safepoint region
[2022-06-13T01:32:29.032+0000][1][safepoint    ] Total time for which application threads were stopped: 0.0006445 seconds, Stopping threads took: 0.0002533 seconds
[2022-06-13T01:32:29.032+0000][1][safepoint    ] Application time: 0.0002775 seconds
[2022-06-13T01:32:29.033+0000][1][safepoint    ] Entering safepoint region: RevokeBias
[2022-06-13T01:32:29.033+0000][1][safepoint    ] Leaving safepoint region
[2022-06-13T01:32:29.033+0000][1][safepoint    ] Total time for which application threads were stopped: 0.0005276 seconds, Stopping threads took: 0.0002559 seconds
[2022-06-13T01:32:29.034+0000][1][safepoint    ] Application time: 0.0003038 seconds
[2022-06-13T01:32:29.034+0000][1][safepoint    ] Entering safepoint region: RevokeBias
[2022-06-13T01:32:29.034+0000][1][safepoint    ] Leaving safepoint region
[2022-06-13T01:32:29.035+0000][1][safepoint    ] Total time for which application threads were stopped: 0.0006412 seconds, Stopping threads took: 0.0001851 seconds
[2022-06-13T01:32:29.035+0000][1][safepoint    ] Application time: 0.0002245 seconds
[2022-06-13T01:32:29.036+0000][1][safepoint    ] Entering safepoint region: RevokeBias
[2022-06-13T01:32:29.036+0000][1][safepoint    ] Leaving safepoint region
[2022-06-13T01:32:29.036+0000][1][safepoint    ] Total time for which application threads were stopped: 0.0005899 seconds, Stopping threads took: 0.0002890 seconds
[2022-06-13T01:32:29.037+0000][1][safepoint    ] Application time: 0.0001999 seconds
[2022-06-13T01:32:29.037+0000][1][safepoint    ] Entering safepoint region: RevokeBias
[2022-06-13T01:32:29.037+0000][1][safepoint    ] Leaving safepoint region
[2022-06-13T01:32:29.037+0000][1][safepoint    ] Total time for which application threads were stopped: 0.0004486 seconds, Stopping threads took: 0.0001885 seconds
[2022-06-13T01:32:29.038+0000][1][safepoint    ] Application time: 0.0001451 seconds
[2022-06-13T01:32:29.038+0000][1][safepoint    ] Entering safepoint region: RevokeBias
[2022-06-13T01:32:29.038+0000][1][safepoint    ] Leaving safepoint region
[2022-06-13T01:32:29.038+0000][1][safepoint    ] Total time for which application threads were stopped: 0.0004632 seconds, Stopping threads took: 0.0001828 seconds
[2022-06-13T01:32:29.039+0000][1][safepoint    ] Application time: 0.0001740 seconds
[2022-06-13T01:32:29.039+0000][1][safepoint    ] Entering safepoint region: RevokeBias
[2022-06-13T01:32:29.039+0000][1][safepoint    ] Leaving safepoint region
[2022-06-13T01:32:29.039+0000][1][safepoint    ] Total time for which application threads were stopped: 0.0004968 seconds, Stopping threads took: 0.0001588 seconds
[2022-06-13T01:32:29.040+0000][1][safepoint    ] Application time: 0.0001596 seconds
[2022-06-13T01:32:29.040+0000][1][safepoint    ] Entering safepoint region: RevokeBias
[2022-06-13T01:32:29.040+0000][1][safepoint    ] Leaving safepoint region
[2022-06-13T01:32:29.041+0000][1][safepoint    ] Total time for which application threads were stopped: 0.0006750 seconds, Stopping threads took: 0.0004129 seconds
[2022-06-13T01:32:29.041+0000][1][safepoint    ] Application time: 0.0001680 seconds
[2022-06-13T01:32:29.041+0000][1][safepoint    ] Entering safepoint region: RevokeBias
[2022-06-13T01:32:29.041+0000][1][safepoint    ] Leaving safepoint region
[2022-06-13T01:32:29.042+0000][1][safepoint    ] Total time for which application threads were stopped: 0.0004204 seconds, Stopping threads took: 0.0002056 seconds
[2022-06-13T01:32:29.042+0000][1][safepoint    ] Application time: 0.0001279 seconds
[2022-06-13T01:32:29.042+0000][1][safepoint    ] Entering safepoint region: RevokeBias
[2022-06-13T01:32:29.042+0000][1][safepoint    ] Leaving safepoint region
[2022-06-13T01:32:29.042+0000][1][safepoint    ] Total time for which application threads were stopped: 0.0003697 seconds, Stopping threads took: 0.0001554 seconds
[2022-06-13T01:32:29.043+0000][1][safepoint    ] Application time: 0.0001252 seconds
[2022-06-13T01:32:29.043+0000][1][safepoint    ] Entering safepoint region: RevokeBias
[2022-06-13T01:32:29.043+0000][1][safepoint    ] Leaving safepoint region
[2022-06-13T01:32:29.043+0000][1][safepoint    ] Total time for which application threads were stopped: 0.0004724 seconds, Stopping threads took: 0.0002168 seconds
[2022-06-13T01:32:29.044+0000][1][safepoint    ] Application time: 0.0001588 seconds
[2022-06-13T01:32:29.044+0000][1][safepoint    ] Entering safepoint region: RevokeBias
[2022-06-13T01:32:29.044+0000][1][safepoint    ] Leaving safepoint region
[2022-06-13T01:32:29.044+0000][1][safepoint    ] Total time for which application threads were stopped: 0.0005480 seconds, Stopping threads took: 0.0002340 seconds
[2022-06-13T01:32:29.045+0000][1][safepoint    ] Application time: 0.0001425 seconds
[2022-06-13T01:32:29.045+0000][1][safepoint    ] Entering safepoint region: RevokeBias
[2022-06-13T01:32:29.045+0000][1][safepoint    ] Leaving safepoint region
[2022-06-13T01:32:29.045+0000][1][safepoint    ] Total time for which application threads were stopped: 0.0004670 seconds, Stopping threads took: 0.0002044 seconds
[2022-06-13T01:32:29.046+0000][1][safepoint    ] Application time: 0.0001410 seconds
[2022-06-13T01:32:29.046+0000][1][safepoint    ] Entering safepoint region: RevokeBias
[2022-06-13T01:32:29.046+0000][1][safepoint    ] Leaving safepoint region
[2022-06-13T01:32:29.046+0000][1][safepoint    ] Total time for which application threads were stopped: 0.0004429 seconds, Stopping threads took: 0.0001850 seconds
[2022-06-13T01:32:29.047+0000][1][safepoint    ] Application time: 0.0001485 seconds
[2022-06-13T01:32:29.047+0000][1][safepoint    ] Entering safepoint region: RevokeBias
[2022-06-13T01:32:29.048+0000][1][safepoint    ] Leaving safepoint region
[2022-06-13T01:32:29.048+0000][1][safepoint    ] Total time for which application threads were stopped: 0.0004627 seconds, Stopping threads took: 0.0002322 seconds
[2022-06-13T01:32:29.048+0000][1][safepoint    ] Application time: 0.0001434 seconds
[2022-06-13T01:32:29.049+0000][1][safepoint    ] Entering safepoint region: RevokeBias
[2022-06-13T01:32:29.049+0000][1][safepoint    ] Leaving safepoint region
[2022-06-13T01:32:29.049+0000][1][safepoint    ] Total time for which application threads were stopped: 0.0006006 seconds, Stopping threads took: 0.0002300 seconds
[2022-06-13T01:32:29.049+0000][1][safepoint    ] Application time: 0.0001394 seconds
[2022-06-13T01:32:29.050+0000][1][safepoint    ] Entering safepoint region: RevokeBias
[2022-06-13T01:32:29.050+0000][1][safepoint    ] Leaving safepoint region
[2022-06-13T01:32:29.050+0000][1][safepoint    ] Total time for which application threads were stopped: 0.0006727 seconds, Stopping threads took: 0.0002587 seconds
[2022-06-13T01:32:29.051+0000][1][safepoint    ] Application time: 0.0001385 seconds
[2022-06-13T01:32:29.051+0000][1][safepoint    ] Entering safepoint region: RevokeBias
[2022-06-13T01:32:29.051+0000][1][safepoint    ] Leaving safepoint region
[2022-06-13T01:32:29.052+0000][1][safepoint    ] Total time for which application threads were stopped: 0.0006180 seconds, Stopping threads took: 0.0002778 seconds
[2022-06-13T01:32:29.052+0000][1][safepoint    ] Application time: 0.0001370 seconds
[2022-06-13T01:32:29.052+0000][1][safepoint    ] Entering safepoint region: RevokeBias
[2022-06-13T01:32:29.053+0000][1][safepoint    ] Leaving safepoint region
[2022-06-13T01:32:29.053+0000][1][safepoint    ] Total time for which application threads were stopped: 0.0005581 seconds, Stopping threads took: 0.0002639 seconds
[2022-06-13T01:32:29.053+0000][1][safepoint    ] Application time: 0.0001179 seconds
[2022-06-13T01:32:29.053+0000][1][safepoint    ] Entering safepoint region: RevokeBias
[2022-06-13T01:32:29.054+0000][1][safepoint    ] Leaving safepoint region
[2022-06-13T01:32:29.054+0000][1][safepoint    ] Total time for which application threads were stopped: 0.0005758 seconds, Stopping threads took: 0.0002602 seconds
[2022-06-13T01:32:29.054+0000][1][safepoint    ] Application time: 0.0001150 seconds
[2022-06-13T01:32:29.055+0000][1][safepoint    ] Entering safepoint region: RevokeBias
[2022-06-13T01:32:29.055+0000][1][safepoint    ] Leaving safepoint region
[2022-06-13T01:32:29.055+0000][1][safepoint    ] Total time for which application threads were stopped: 0.0005031 seconds, Stopping threads took: 0.0002218 seconds
[2022-06-13T01:32:29.055+0000][1][safepoint    ] Application time: 0.0001267 seconds
[2022-06-13T01:32:29.056+0000][1][safepoint    ] Entering safepoint region: RevokeBias
[2022-06-13T01:32:29.056+0000][1][safepoint    ] Leaving safepoint region
[2022-06-13T01:32:29.057+0000][1][safepoint    ] Total time for which application threads were stopped: 0.0007859 seconds, Stopping threads took: 0.0002386 seconds
[2022-06-13T01:32:29.057+0000][1][safepoint    ] Application time: 0.0001675 seconds
[2022-06-13T01:32:29.057+0000][1][safepoint    ] Entering safepoint region: RevokeBias
[2022-06-13T01:32:29.058+0000][1][safepoint    ] Leaving safepoint region
[2022-06-13T01:32:29.058+0000][1][safepoint    ] Total time for which application threads were stopped: 0.0008429 seconds, Stopping threads took: 0.0002488 seconds
[2022-06-13T01:32:29.059+0000][1][safepoint    ] Application time: 0.0001177 seconds
[2022-06-13T01:32:29.059+0000][1][safepoint    ] Entering safepoint region: BulkRevokeBias
[2022-06-13T01:32:29.059+0000][1][safepoint    ] Leaving safepoint region
[2022-06-13T01:32:29.060+0000][1][safepoint    ] Total time for which application threads were stopped: 0.0007558 seconds, Stopping threads took: 0.0002311 seconds
[2022-06-13T01:32:29.060+0000][1][safepoint    ] Application time: 0.0006501 seconds
[2022-06-13T01:32:29.061+0000][1][safepoint    ] Entering safepoint region: RevokeBias
[2022-06-13T01:32:29.062+0000][1][safepoint    ] Leaving safepoint region
[2022-06-13T01:32:29.062+0000][1][safepoint    ] Total time for which application threads were stopped: 0.0013360 seconds, Stopping threads took: 0.0010063 seconds
[2022-06-13T01:32:29.062+0000][1][safepoint    ] Application time: 0.0001948 seconds
[2022-06-13T01:32:29.063+0000][1][safepoint    ] Entering safepoint region: RevokeBias
[2022-06-13T01:32:29.063+0000][1][safepoint    ] Leaving safepoint region
[2022-06-13T01:32:29.063+0000][1][safepoint    ] Total time for which application threads were stopped: 0.0005300 seconds, Stopping threads took: 0.0002376 seconds
[2022-06-13T01:32:29.064+0000][1][safepoint    ] Application time: 0.0003097 seconds
[2022-06-13T01:32:29.064+0000][1][safepoint    ] Entering safepoint region: RevokeBias
[2022-06-13T01:32:29.064+0000][1][safepoint    ] Leaving safepoint region
[2022-06-13T01:32:29.065+0000][1][safepoint    ] Total time for which application threads were stopped: 0.0006161 seconds, Stopping threads took: 0.0002773 seconds
[2022-06-13T01:32:29.065+0000][1][safepoint    ] Application time: 0.0002084 seconds
[2022-06-13T01:32:29.065+0000][1][safepoint    ] Entering safepoint region: RevokeBias
[2022-06-13T01:32:29.066+0000][1][safepoint    ] Leaving safepoint region
[2022-06-13T01:32:29.066+0000][1][safepoint    ] Total time for which application threads were stopped: 0.0006642 seconds, Stopping threads took: 0.0003597 seconds
[2022-06-13T01:32:29.066+0000][1][safepoint    ] Application time: 0.0001313 seconds
[2022-06-13T01:32:29.066+0000][1][safepoint    ] Entering safepoint region: RevokeBias
[2022-06-13T01:32:29.067+0000][1][safepoint    ] Leaving safepoint region
[2022-06-13T01:32:29.067+0000][1][safepoint    ] Total time for which application threads were stopped: 0.0006104 seconds, Stopping threads took: 0.0002530 seconds
[2022-06-13T01:32:29.067+0000][1][safepoint    ] Application time: 0.0001234 seconds
[2022-06-13T01:32:29.068+0000][1][safepoint    ] Entering safepoint region: RevokeBias
[2022-06-13T01:32:29.068+0000][1][safepoint    ] Leaving safepoint region
[2022-06-13T01:32:29.068+0000][1][safepoint    ] Total time for which application threads were stopped: 0.0006605 seconds, Stopping threads took: 0.0004042 seconds
[2022-06-13T01:32:29.069+0000][1][safepoint    ] Application time: 0.0009006 seconds
[2022-06-13T01:32:29.070+0000][1][safepoint    ] Entering safepoint region: RevokeBias
[2022-06-13T01:32:29.071+0000][1][safepoint    ] Leaving safepoint region
[2022-06-13T01:32:29.071+0000][1][safepoint    ] Total time for which application threads were stopped: 0.0011489 seconds, Stopping threads took: 0.0007721 seconds
[2022-06-13T01:32:29.071+0000][1][safepoint    ] Application time: 0.0003337 seconds
[2022-06-13T01:32:29.072+0000][1][safepoint    ] Entering safepoint region: RevokeBias
[2022-06-13T01:32:29.072+0000][1][safepoint    ] Leaving safepoint region
[2022-06-13T01:32:29.073+0000][1][safepoint    ] Total time for which application threads were stopped: 0.0006855 seconds, Stopping threads took: 0.0002598 seconds
[2022-06-13T01:32:29.073+0000][1][safepoint    ] Application time: 0.0005437 seconds
[2022-06-13T01:32:29.074+0000][1][safepoint    ] Entering safepoint region: BulkRevokeBias
[2022-06-13T01:32:29.074+0000][1][safepoint    ] Leaving safepoint region
[2022-06-13T01:32:29.075+0000][1][safepoint    ] Total time for which application threads were stopped: 0.0010901 seconds, Stopping threads took: 0.0003036 seconds
[2022-06-13T01:32:29.076+0000][1][safepoint    ] Application time: 0.0006658 seconds
[2022-06-13T01:32:29.076+0000][1][safepoint    ] Entering safepoint region: RevokeBias
[2022-06-13T01:32:29.076+0000][1][safepoint    ] Leaving safepoint region
[2022-06-13T01:32:29.077+0000][1][safepoint    ] Total time for which application threads were stopped: 0.0006035 seconds, Stopping threads took: 0.0001943 seconds
[2022-06-13T01:32:29.078+0000][1][safepoint    ] Application time: 0.0009287 seconds
[2022-06-13T01:32:29.078+0000][1][safepoint    ] Entering safepoint region: RevokeBias
[2022-06-13T01:32:29.078+0000][1][safepoint    ] Leaving safepoint region
[2022-06-13T01:32:29.078+0000][1][safepoint    ] Total time for which application threads were stopped: 0.0005156 seconds, Stopping threads took: 0.0002430 seconds
[2022-06-13T01:32:29.080+0000][1][safepoint    ] Application time: 0.0006615 seconds
[2022-06-13T01:32:29.080+0000][1][safepoint    ] Entering safepoint region: RevokeBias
[2022-06-13T01:32:29.080+0000][1][safepoint    ] Leaving safepoint region
[2022-06-13T01:32:29.080+0000][1][safepoint    ] Total time for which application threads were stopped: 0.0005550 seconds, Stopping threads took: 0.0002634 seconds
[2022-06-13T01:32:29.081+0000][1][safepoint    ] Application time: 0.0005100 seconds
[2022-06-13T01:32:29.082+0000][1][safepoint    ] Entering safepoint region: RevokeBias
[2022-06-13T01:32:29.082+0000][1][safepoint    ] Leaving safepoint region
[2022-06-13T01:32:29.082+0000][1][safepoint    ] Total time for which application threads were stopped: 0.0006073 seconds, Stopping threads took: 0.0003687 seconds
[2022-06-13T01:32:29.085+0000][1][safepoint    ] Application time: 0.0030303 seconds
[2022-06-13T01:32:29.086+0000][1][safepoint    ] Entering safepoint region: GenCollectForAllocation
[2022-06-13T01:32:29.086+0000][1][gc,start     ] GC(19) Pause Young (Allocation Failure)
[2022-06-13T01:32:29.086+0000][1][gc,task      ] GC(19) Using 5 workers of 13 for evacuation
[2022-06-13T01:32:29.094+0000][1][gc,age       ] GC(19) Desired survivor size 4456448 bytes, new threshold 2 (max threshold 6)
[2022-06-13T01:32:29.094+0000][1][gc,age       ] GC(19) Age table with threshold 2 (max threshold 6)
[2022-06-13T01:32:29.094+0000][1][gc,age       ] GC(19) - age   1:    3077312 bytes,    3077312 total
[2022-06-13T01:32:29.095+0000][1][gc,age       ] GC(19) - age   2:    3660552 bytes,    6737864 total
[2022-06-13T01:32:29.095+0000][1][gc,age       ] GC(19) - age   3:     330784 bytes,    7068648 total
[2022-06-13T01:32:29.095+0000][1][gc,heap      ] GC(19) ParNew: 74491K->8328K(78656K)
[2022-06-13T01:32:29.095+0000][1][gc,heap      ] GC(19) CMS: 55539K->55539K(174784K)
[2022-06-13T01:32:29.096+0000][1][gc,metaspace ] GC(19) Metaspace: 47133K->47133K(1091584K)
[2022-06-13T01:32:29.096+0000][1][gc           ] GC(19) Pause Young (Allocation Failure) 126M->62M(247M) 9.654ms
[2022-06-13T01:32:29.096+0000][1][gc,cpu       ] GC(19) User=0.03s Sys=0.00s Real=0.01s
[2022-06-13T01:32:29.096+0000][1][safepoint    ] Leaving safepoint region
[2022-06-13T01:32:29.097+0000][1][safepoint    ] Total time for which application threads were stopped: 0.0108583 seconds, Stopping threads took: 0.0003401 seconds
[2022-06-13T01:32:29.097+0000][1][safepoint    ] Application time: 0.0002941 seconds
[2022-06-13T01:32:29.098+0000][1][safepoint    ] Entering safepoint region: RevokeBias
[2022-06-13T01:32:29.098+0000][1][safepoint    ] Leaving safepoint region
[2022-06-13T01:32:29.098+0000][1][safepoint    ] Total time for which application threads were stopped: 0.0008257 seconds, Stopping threads took: 0.0003947 seconds
[2022-06-13T01:32:29.102+0000][1][safepoint    ] Application time: 0.0032205 seconds
[2022-06-13T01:32:29.103+0000][1][safepoint    ] Entering safepoint region: RevokeBias
[2022-06-13T01:32:29.104+0000][1][safepoint    ] Leaving safepoint region
[2022-06-13T01:32:29.104+0000][1][safepoint    ] Total time for which application threads were stopped: 0.0016451 seconds, Stopping threads took: 0.0012483 seconds
[2022-06-13T01:32:29.105+0000][1][safepoint    ] Application time: 0.0003862 seconds
[2022-06-13T01:32:29.106+0000][1][safepoint    ] Entering safepoint region: RevokeBias
[2022-06-13T01:32:29.106+0000][1][safepoint    ] Leaving safepoint region
[2022-06-13T01:32:29.106+0000][1][safepoint    ] Total time for which application threads were stopped: 0.0013244 seconds, Stopping threads took: 0.0010178 seconds
[2022-06-13T01:32:29.107+0000][1][safepoint    ] Application time: 0.0006573 seconds
[2022-06-13T01:32:29.108+0000][1][safepoint    ] Entering safepoint region: RevokeBias
[2022-06-13T01:32:29.108+0000][1][safepoint    ] Leaving safepoint region
[2022-06-13T01:32:29.108+0000][1][safepoint    ] Total time for which application threads were stopped: 0.0006643 seconds, Stopping threads took: 0.0003124 seconds
[2022-06-13T01:32:29.419+0000][1][safepoint    ] Application time: 0.3107572 seconds
[2022-06-13T01:32:29.420+0000][1][safepoint    ] Entering safepoint region: RevokeBias
[2022-06-13T01:32:29.420+0000][1][safepoint    ] Leaving safepoint region
[2022-06-13T01:32:29.421+0000][1][safepoint    ] Total time for which application threads were stopped: 0.0010532 seconds, Stopping threads took: 0.0003853 seconds
[2022-06-13T01:32:29.887+0000][1][safepoint    ] Application time: 0.4660358 seconds
[2022-06-13T01:32:29.887+0000][1][safepoint    ] Entering safepoint region: GenCollectForAllocation
[2022-06-13T01:32:29.888+0000][1][gc,start     ] GC(20) Pause Young (Allocation Failure)
[2022-06-13T01:32:29.888+0000][1][gc,task      ] GC(20) Using 5 workers of 13 for evacuation
[2022-06-13T01:32:29.898+0000][1][gc,age       ] GC(20) Desired survivor size 4456448 bytes, new threshold 2 (max threshold 6)
[2022-06-13T01:32:29.899+0000][1][gc,age       ] GC(20) Age table with threshold 2 (max threshold 6)
[2022-06-13T01:32:29.899+0000][1][gc,age       ] GC(20) - age   1:    1602984 bytes,    1602984 total
[2022-06-13T01:32:29.899+0000][1][gc,age       ] GC(20) - age   2:    3011848 bytes,    4614832 total
[2022-06-13T01:32:29.900+0000][1][gc,heap      ] GC(20) ParNew: 78280K->6044K(78656K)
[2022-06-13T01:32:29.900+0000][1][gc,heap      ] GC(20) CMS: 55539K->59541K(174784K)
[2022-06-13T01:32:29.900+0000][1][gc,metaspace ] GC(20) Metaspace: 53686K->53686K(1097728K)
[2022-06-13T01:32:29.900+0000][1][gc           ] GC(20) Pause Young (Allocation Failure) 130M->64M(247M) 12.298ms
[2022-06-13T01:32:29.900+0000][1][gc,cpu       ] GC(20) User=0.04s Sys=0.00s Real=0.02s
[2022-06-13T01:32:29.901+0000][1][safepoint    ] Leaving safepoint region
[2022-06-13T01:32:29.901+0000][1][safepoint    ] Total time for which application threads were stopped: 0.0134803 seconds, Stopping threads took: 0.0002758 seconds
[2022-06-13T01:32:29.902+0000][1][safepoint    ] Application time: 0.0010664 seconds
[2022-06-13T01:32:29.903+0000][1][safepoint    ] Entering safepoint region: RevokeBias
[2022-06-13T01:32:29.904+0000][1][safepoint    ] Leaving safepoint region
[2022-06-13T01:32:29.904+0000][1][safepoint    ] Total time for which application threads were stopped: 0.0013710 seconds, Stopping threads took: 0.0010581 seconds
[2022-06-13T01:32:29.904+0000][1][safepoint    ] Application time: 0.0002074 seconds
[2022-06-13T01:32:29.905+0000][1][safepoint    ] Entering safepoint region: RevokeBias
[2022-06-13T01:32:29.905+0000][1][safepoint    ] Leaving safepoint region
[2022-06-13T01:32:29.905+0000][1][safepoint    ] Total time for which application threads were stopped: 0.0006353 seconds, Stopping threads took: 0.0003039 seconds
[2022-06-13T01:32:29.906+0000][1][safepoint    ] Application time: 0.0001677 seconds
[2022-06-13T01:32:29.906+0000][1][safepoint    ] Entering safepoint region: RevokeBias
[2022-06-13T01:32:29.906+0000][1][safepoint    ] Leaving safepoint region
[2022-06-13T01:32:29.907+0000][1][safepoint    ] Total time for which application threads were stopped: 0.0005636 seconds, Stopping threads took: 0.0002609 seconds
[2022-06-13T01:32:29.907+0000][1][safepoint    ] Application time: 0.0004894 seconds
[2022-06-13T01:32:29.908+0000][1][safepoint    ] Entering safepoint region: RevokeBias
[2022-06-13T01:32:29.908+0000][1][safepoint    ] Leaving safepoint region
[2022-06-13T01:32:29.908+0000][1][safepoint    ] Total time for which application threads were stopped: 0.0005556 seconds, Stopping threads took: 0.0003062 seconds
[2022-06-13T01:32:29.909+0000][1][safepoint    ] Application time: 0.0003010 seconds
[2022-06-13T01:32:29.909+0000][1][safepoint    ] Entering safepoint region: RevokeBias
[2022-06-13T01:32:29.909+0000][1][safepoint    ] Leaving safepoint region
[2022-06-13T01:32:29.910+0000][1][safepoint    ] Total time for which application threads were stopped: 0.0008498 seconds, Stopping threads took: 0.0003488 seconds
[2022-06-13T01:32:30.110+0000][1][safepoint    ] Application time: 0.2000163 seconds
[2022-06-13T01:32:30.110+0000][1][safepoint    ] Entering safepoint region: RevokeBias
[2022-06-13T01:32:30.111+0000][1][safepoint    ] Leaving safepoint region
[2022-06-13T01:32:30.111+0000][1][safepoint    ] Total time for which application threads were stopped: 0.0010974 seconds, Stopping threads took: 0.0003172 seconds
[2022-06-13T01:32:30.230+0000][1][safepoint    ] Application time: 0.1184998 seconds
[2022-06-13T01:32:30.231+0000][1][safepoint    ] Entering safepoint region: RevokeBias
[2022-06-13T01:32:30.231+0000][1][safepoint    ] Leaving safepoint region
[2022-06-13T01:32:30.232+0000][1][safepoint    ] Total time for which application threads were stopped: 0.0011108 seconds, Stopping threads took: 0.0002333 seconds
[2022-06-13T01:32:30.300+0000][1][safepoint    ] Application time: 0.0679137 seconds
[2022-06-13T01:32:30.300+0000][1][safepoint    ] Entering safepoint region: Deoptimize
[2022-06-13T01:32:30.301+0000][1][safepoint    ] Leaving safepoint region
[2022-06-13T01:32:30.301+0000][1][safepoint    ] Total time for which application threads were stopped: 0.0011634 seconds, Stopping threads took: 0.0002922 seconds
[2022-06-13T01:32:30.360+0000][1][safepoint    ] Application time: 0.0580503 seconds
[2022-06-13T01:32:30.360+0000][1][safepoint    ] Entering safepoint region: RevokeBias
[2022-06-13T01:32:30.361+0000][1][safepoint    ] Leaving safepoint region
[2022-06-13T01:32:30.361+0000][1][safepoint    ] Total time for which application threads were stopped: 0.0007697 seconds, Stopping threads took: 0.0004291 seconds
[2022-06-13T01:32:30.362+0000][1][safepoint    ] Application time: 0.0003332 seconds
[2022-06-13T01:32:30.362+0000][1][safepoint    ] Entering safepoint region: RevokeBias
[2022-06-13T01:32:30.362+0000][1][safepoint    ] Leaving safepoint region
[2022-06-13T01:32:30.363+0000][1][safepoint    ] Total time for which application threads were stopped: 0.0006622 seconds, Stopping threads took: 0.0002332 seconds
[2022-06-13T01:32:30.363+0000][1][safepoint    ] Application time: 0.0002934 seconds
[2022-06-13T01:32:30.364+0000][1][safepoint    ] Entering safepoint region: RevokeBias
[2022-06-13T01:32:30.364+0000][1][safepoint    ] Leaving safepoint region
[2022-06-13T01:32:30.365+0000][1][safepoint    ] Total time for which application threads were stopped: 0.0010261 seconds, Stopping threads took: 0.0005326 seconds
[2022-06-13T01:32:30.369+0000][1][safepoint    ] Application time: 0.0039974 seconds
[2022-06-13T01:32:30.369+0000][1][safepoint    ] Entering safepoint region: RevokeBias
[2022-06-13T01:32:30.370+0000][1][safepoint    ] Leaving safepoint region
[2022-06-13T01:32:30.370+0000][1][safepoint    ] Total time for which application threads were stopped: 0.0006730 seconds, Stopping threads took: 0.0003533 seconds
[2022-06-13T01:32:30.570+0000][1][safepoint    ] Application time: 0.1998362 seconds
[2022-06-13T01:32:30.571+0000][1][safepoint    ] Entering safepoint region: RevokeBias
[2022-06-13T01:32:30.574+0000][1][safepoint    ] Leaving safepoint region
[2022-06-13T01:32:30.574+0000][1][safepoint    ] Total time for which application threads were stopped: 0.0031555 seconds, Stopping threads took: 0.0003229 seconds
[2022-06-13T01:32:30.659+0000][1][safepoint    ] Application time: 0.0846533 seconds
[2022-06-13T01:32:30.659+0000][1][safepoint    ] Entering safepoint region: Deoptimize
[2022-06-13T01:32:30.660+0000][1][safepoint    ] Leaving safepoint region
[2022-06-13T01:32:30.661+0000][1][safepoint    ] Total time for which application threads were stopped: 0.0013613 seconds, Stopping threads took: 0.0003308 seconds
[2022-06-13T01:32:30.911+0000][1][safepoint    ] Application time: 0.2501646 seconds
[2022-06-13T01:32:30.912+0000][1][safepoint    ] Entering safepoint region: RevokeBias
[2022-06-13T01:32:30.913+0000][1][safepoint    ] Leaving safepoint region
[2022-06-13T01:32:30.913+0000][1][safepoint    ] Total time for which application threads were stopped: 0.0011472 seconds, Stopping threads took: 0.0006392 seconds
[2022-06-13T01:32:30.914+0000][1][safepoint    ] Application time: 0.0001718 seconds
[2022-06-13T01:32:30.914+0000][1][safepoint    ] Entering safepoint region: RevokeBias
[2022-06-13T01:32:30.915+0000][1][safepoint    ] Leaving safepoint region
[2022-06-13T01:32:30.915+0000][1][safepoint    ] Total time for which application threads were stopped: 0.0009443 seconds, Stopping threads took: 0.0005270 seconds
[2022-06-13T01:32:30.916+0000][1][safepoint    ] Application time: 0.0003243 seconds
[2022-06-13T01:32:30.917+0000][1][safepoint    ] Entering safepoint region: RevokeBias
[2022-06-13T01:32:30.917+0000][1][safepoint    ] Leaving safepoint region
[2022-06-13T01:32:30.917+0000][1][safepoint    ] Total time for which application threads were stopped: 0.0013529 seconds, Stopping threads took: 0.0009708 seconds
[2022-06-13T01:32:31.027+0000][1][safepoint    ] Application time: 0.1093103 seconds
[2022-06-13T01:32:31.027+0000][1][safepoint    ] Entering safepoint region: RevokeBias
[2022-06-13T01:32:31.028+0000][1][safepoint    ] Leaving safepoint region
[2022-06-13T01:32:31.028+0000][1][safepoint    ] Total time for which application threads were stopped: 0.0006373 seconds, Stopping threads took: 0.0003016 seconds
[2022-06-13T01:32:31.028+0000][1][safepoint    ] Application time: 0.0001736 seconds
[2022-06-13T01:32:31.029+0000][1][safepoint    ] Entering safepoint region: RevokeBias
[2022-06-13T01:32:31.029+0000][1][safepoint    ] Leaving safepoint region
[2022-06-13T01:32:31.030+0000][1][safepoint    ] Total time for which application threads were stopped: 0.0009932 seconds, Stopping threads took: 0.0002608 seconds
[2022-06-13T01:32:31.030+0000][1][safepoint    ] Application time: 0.0004348 seconds
[2022-06-13T01:32:31.031+0000][1][safepoint    ] Entering safepoint region: RevokeBias
[2022-06-13T01:32:31.031+0000][1][safepoint    ] Leaving safepoint region
[2022-06-13T01:32:31.031+0000][1][safepoint    ] Total time for which application threads were stopped: 0.0005890 seconds, Stopping threads took: 0.0002640 seconds
[2022-06-13T01:32:31.031+0000][1][safepoint    ] Application time: 0.0001325 seconds
[2022-06-13T01:32:31.032+0000][1][safepoint    ] Entering safepoint region: RevokeBias
[2022-06-13T01:32:31.032+0000][1][safepoint    ] Leaving safepoint region
[2022-06-13T01:32:31.032+0000][1][safepoint    ] Total time for which application threads were stopped: 0.0005305 seconds, Stopping threads took: 0.0002530 seconds
[2022-06-13T01:32:31.033+0000][1][safepoint    ] Application time: 0.0001603 seconds
[2022-06-13T01:32:31.033+0000][1][safepoint    ] Entering safepoint region: RevokeBias
[2022-06-13T01:32:31.033+0000][1][safepoint    ] Leaving safepoint region
[2022-06-13T01:32:31.033+0000][1][safepoint    ] Total time for which application threads were stopped: 0.0006275 seconds, Stopping threads took: 0.0003394 seconds
[2022-06-13T01:32:31.034+0000][1][safepoint    ] Application time: 0.0002326 seconds
[2022-06-13T01:32:31.034+0000][1][safepoint    ] Entering safepoint region: RevokeBias
[2022-06-13T01:32:31.034+0000][1][safepoint    ] Leaving safepoint region
[2022-06-13T01:32:31.035+0000][1][safepoint    ] Total time for which application threads were stopped: 0.0005743 seconds, Stopping threads took: 0.0002392 seconds
[2022-06-13T01:32:31.035+0000][1][safepoint    ] Application time: 0.0003713 seconds
[2022-06-13T01:32:31.036+0000][1][safepoint    ] Entering safepoint region: RevokeBias
[2022-06-13T01:32:31.036+0000][1][safepoint    ] Leaving safepoint region
[2022-06-13T01:32:31.036+0000][1][safepoint    ] Total time for which application threads were stopped: 0.0004723 seconds, Stopping threads took: 0.0002194 seconds
[2022-06-13T01:32:31.037+0000][1][safepoint    ] Application time: 0.0002039 seconds
[2022-06-13T01:32:31.037+0000][1][safepoint    ] Entering safepoint region: BulkRevokeBias
[2022-06-13T01:32:31.037+0000][1][safepoint    ] Leaving safepoint region
[2022-06-13T01:32:31.038+0000][1][safepoint    ] Total time for which application threads were stopped: 0.0006510 seconds, Stopping threads took: 0.0002682 seconds
[2022-06-13T01:32:31.226+0000][1][safepoint    ] Application time: 0.1883879 seconds
[2022-06-13T01:32:31.227+0000][1][safepoint    ] Entering safepoint region: GenCollectForAllocation
[2022-06-13T01:32:31.227+0000][1][gc,start     ] GC(21) Pause Young (Allocation Failure)
[2022-06-13T01:32:31.227+0000][1][gc,task      ] GC(21) Using 5 workers of 13 for evacuation
[2022-06-13T01:32:31.238+0000][1][gc,age       ] GC(21) Desired survivor size 4456448 bytes, new threshold 2 (max threshold 6)
[2022-06-13T01:32:31.238+0000][1][gc,age       ] GC(21) Age table with threshold 2 (max threshold 6)
[2022-06-13T01:32:31.238+0000][1][gc,age       ] GC(21) - age   1:    3714440 bytes,    3714440 total
[2022-06-13T01:32:31.239+0000][1][gc,age       ] GC(21) - age   2:    1464712 bytes,    5179152 total
[2022-06-13T01:32:31.239+0000][1][gc,heap      ] GC(21) ParNew: 75996K->6847K(78656K)
[2022-06-13T01:32:31.239+0000][1][gc,heap      ] GC(21) CMS: 59541K->62548K(174784K)
[2022-06-13T01:32:31.239+0000][1][gc,metaspace ] GC(21) Metaspace: 61439K->61439K(1105920K)
[2022-06-13T01:32:31.240+0000][1][gc           ] GC(21) Pause Young (Allocation Failure) 132M->67M(247M) 12.541ms
[2022-06-13T01:32:31.240+0000][1][gc,cpu       ] GC(21) User=0.07s Sys=0.00s Real=0.02s
[2022-06-13T01:32:31.240+0000][1][safepoint    ] Leaving safepoint region
[2022-06-13T01:32:31.240+0000][1][safepoint    ] Total time for which application threads were stopped: 0.0135030 seconds, Stopping threads took: 0.0003547 seconds
[2022-06-13T01:32:31.247+0000][1][safepoint    ] Application time: 0.0071231 seconds
[2022-06-13T01:32:31.248+0000][1][safepoint    ] Entering safepoint region: RevokeBias
[2022-06-13T01:32:31.248+0000][1][safepoint    ] Leaving safepoint region
[2022-06-13T01:32:31.248+0000][1][safepoint    ] Total time for which application threads were stopped: 0.0004402 seconds, Stopping threads took: 0.0001877 seconds
[2022-06-13T01:32:31.440+0000][1][safepoint    ] Application time: 0.1914913 seconds
[2022-06-13T01:32:31.440+0000][1][safepoint    ] Entering safepoint region: Deoptimize
[2022-06-13T01:32:31.442+0000][1][safepoint    ] Leaving safepoint region
[2022-06-13T01:32:31.442+0000][1][safepoint    ] Total time for which application threads were stopped: 0.0015753 seconds, Stopping threads took: 0.0003328 seconds
[2022-06-13T01:32:31.460+0000][1][safepoint    ] Application time: 0.0181586 seconds
[2022-06-13T01:32:31.461+0000][1][safepoint    ] Entering safepoint region: BulkRevokeBias
[2022-06-13T01:32:31.461+0000][1][safepoint    ] Leaving safepoint region
[2022-06-13T01:32:31.462+0000][1][safepoint    ] Total time for which application threads were stopped: 0.0012791 seconds, Stopping threads took: 0.0004944 seconds
[2022-06-13T01:32:31.465+0000][1][safepoint    ] Application time: 0.0029167 seconds
[2022-06-13T01:32:31.465+0000][1][safepoint    ] Entering safepoint region: RevokeBias
[2022-06-13T01:32:31.466+0000][1][safepoint    ] Leaving safepoint region
[2022-06-13T01:32:31.466+0000][1][safepoint    ] Total time for which application threads were stopped: 0.0005822 seconds, Stopping threads took: 0.0002390 seconds
[2022-06-13T01:32:31.467+0000][1][safepoint    ] Application time: 0.0007987 seconds
[2022-06-13T01:32:31.467+0000][1][safepoint    ] Entering safepoint region: RevokeBias
[2022-06-13T01:32:31.468+0000][1][safepoint    ] Leaving safepoint region
[2022-06-13T01:32:31.468+0000][1][safepoint    ] Total time for which application threads were stopped: 0.0011541 seconds, Stopping threads took: 0.0004183 seconds
[2022-06-13T01:32:31.469+0000][1][safepoint    ] Application time: 0.0005036 seconds
[2022-06-13T01:32:31.470+0000][1][safepoint    ] Entering safepoint region: RevokeBias
[2022-06-13T01:32:31.471+0000][1][safepoint    ] Leaving safepoint region
[2022-06-13T01:32:31.471+0000][1][safepoint    ] Total time for which application threads were stopped: 0.0012493 seconds, Stopping threads took: 0.0005366 seconds
[2022-06-13T01:32:31.472+0000][1][safepoint    ] Application time: 0.0003932 seconds
[2022-06-13T01:32:31.472+0000][1][safepoint    ] Entering safepoint region: RevokeBias
[2022-06-13T01:32:31.473+0000][1][safepoint    ] Leaving safepoint region
[2022-06-13T01:32:31.473+0000][1][safepoint    ] Total time for which application threads were stopped: 0.0005792 seconds, Stopping threads took: 0.0002462 seconds
[2022-06-13T01:32:31.474+0000][1][safepoint    ] Application time: 0.0005555 seconds
[2022-06-13T01:32:31.474+0000][1][safepoint    ] Entering safepoint region: RevokeBias
[2022-06-13T01:32:31.474+0000][1][safepoint    ] Leaving safepoint region
[2022-06-13T01:32:31.474+0000][1][safepoint    ] Total time for which application threads were stopped: 0.0005880 seconds, Stopping threads took: 0.0002959 seconds
[2022-06-13T01:32:31.475+0000][1][safepoint    ] Application time: 0.0006672 seconds
[2022-06-13T01:32:31.476+0000][1][safepoint    ] Entering safepoint region: RevokeBias
[2022-06-13T01:32:31.476+0000][1][safepoint    ] Leaving safepoint region
[2022-06-13T01:32:31.476+0000][1][safepoint    ] Total time for which application threads were stopped: 0.0006821 seconds, Stopping threads took: 0.0003135 seconds
[2022-06-13T01:32:31.477+0000][1][safepoint    ] Application time: 0.0001438 seconds
[2022-06-13T01:32:31.477+0000][1][safepoint    ] Entering safepoint region: RevokeBias
[2022-06-13T01:32:31.477+0000][1][safepoint    ] Leaving safepoint region
[2022-06-13T01:32:31.478+0000][1][safepoint    ] Total time for which application threads were stopped: 0.0005724 seconds, Stopping threads took: 0.0002383 seconds
[2022-06-13T01:32:31.480+0000][1][safepoint    ] Application time: 0.0022234 seconds
[2022-06-13T01:32:31.480+0000][1][safepoint    ] Entering safepoint region: RevokeBias
[2022-06-13T01:32:31.481+0000][1][safepoint    ] Leaving safepoint region
[2022-06-13T01:32:31.481+0000][1][safepoint    ] Total time for which application threads were stopped: 0.0005626 seconds, Stopping threads took: 0.0002687 seconds
[2022-06-13T01:32:31.481+0000][1][safepoint    ] Application time: 0.0002124 seconds
[2022-06-13T01:32:31.481+0000][1][safepoint    ] Entering safepoint region: RevokeBias
[2022-06-13T01:32:31.482+0000][1][safepoint    ] Leaving safepoint region
[2022-06-13T01:32:31.482+0000][1][safepoint    ] Total time for which application threads were stopped: 0.0004880 seconds, Stopping threads took: 0.0002421 seconds
[2022-06-13T01:32:31.487+0000][1][safepoint    ] Application time: 0.0049020 seconds
[2022-06-13T01:32:31.487+0000][1][safepoint    ] Entering safepoint region: Deoptimize
[2022-06-13T01:32:31.489+0000][1][safepoint    ] Leaving safepoint region
[2022-06-13T01:32:31.489+0000][1][safepoint    ] Total time for which application threads were stopped: 0.0016633 seconds, Stopping threads took: 0.0004638 seconds
[2022-06-13T01:32:31.491+0000][1][safepoint    ] Application time: 0.0018093 seconds
[2022-06-13T01:32:31.492+0000][1][safepoint    ] Entering safepoint region: RevokeBias
[2022-06-13T01:32:31.492+0000][1][safepoint    ] Leaving safepoint region
[2022-06-13T01:32:31.492+0000][1][safepoint    ] Total time for which application threads were stopped: 0.0006289 seconds, Stopping threads took: 0.0003547 seconds
[2022-06-13T01:32:31.494+0000][1][safepoint    ] Application time: 0.0021029 seconds
[2022-06-13T01:32:31.495+0000][1][safepoint    ] Entering safepoint region: RevokeBias
[2022-06-13T01:32:31.495+0000][1][safepoint    ] Leaving safepoint region
[2022-06-13T01:32:31.495+0000][1][safepoint    ] Total time for which application threads were stopped: 0.0005040 seconds, Stopping threads took: 0.0002292 seconds
[2022-06-13T01:32:31.496+0000][1][safepoint    ] Application time: 0.0002735 seconds
[2022-06-13T01:32:31.496+0000][1][safepoint    ] Entering safepoint region: RevokeBias
[2022-06-13T01:32:31.496+0000][1][safepoint    ] Leaving safepoint region
[2022-06-13T01:32:31.497+0000][1][safepoint    ] Total time for which application threads were stopped: 0.0006528 seconds, Stopping threads took: 0.0003094 seconds
[2022-06-13T01:32:31.497+0000][1][safepoint    ] Application time: 0.0002064 seconds
[2022-06-13T01:32:31.497+0000][1][safepoint    ] Entering safepoint region: RevokeBias
[2022-06-13T01:32:31.498+0000][1][safepoint    ] Leaving safepoint region
[2022-06-13T01:32:31.498+0000][1][safepoint    ] Total time for which application threads were stopped: 0.0005324 seconds, Stopping threads took: 0.0002854 seconds
[2022-06-13T01:32:31.499+0000][1][safepoint    ] Application time: 0.0003534 seconds
[2022-06-13T01:32:31.499+0000][1][safepoint    ] Entering safepoint region: RevokeBias
[2022-06-13T01:32:31.500+0000][1][safepoint    ] Leaving safepoint region
[2022-06-13T01:32:31.500+0000][1][safepoint    ] Total time for which application threads were stopped: 0.0010475 seconds, Stopping threads took: 0.0006309 seconds
[2022-06-13T01:32:31.501+0000][1][safepoint    ] Application time: 0.0003050 seconds
[2022-06-13T01:32:31.501+0000][1][safepoint    ] Entering safepoint region: RevokeBias
[2022-06-13T01:32:31.502+0000][1][safepoint    ] Leaving safepoint region
[2022-06-13T01:32:31.502+0000][1][safepoint    ] Total time for which application threads were stopped: 0.0008318 seconds, Stopping threads took: 0.0004944 seconds
[2022-06-13T01:32:31.569+0000][1][safepoint    ] Application time: 0.0664728 seconds
[2022-06-13T01:32:31.569+0000][1][safepoint    ] Entering safepoint region: RevokeBias
[2022-06-13T01:32:31.570+0000][1][safepoint    ] Leaving safepoint region
[2022-06-13T01:32:31.570+0000][1][safepoint    ] Total time for which application threads were stopped: 0.0011048 seconds, Stopping threads took: 0.0004963 seconds
[2022-06-13T01:32:31.573+0000][1][safepoint    ] Application time: 0.0030513 seconds
[2022-06-13T01:32:31.574+0000][1][safepoint    ] Entering safepoint region: RevokeBias
[2022-06-13T01:32:31.574+0000][1][safepoint    ] Leaving safepoint region
[2022-06-13T01:32:31.575+0000][1][safepoint    ] Total time for which application threads were stopped: 0.0007591 seconds, Stopping threads took: 0.0004205 seconds
[2022-06-13T01:32:31.575+0000][1][safepoint    ] Application time: 0.0003990 seconds
[2022-06-13T01:32:31.576+0000][1][safepoint    ] Entering safepoint region: RevokeBias
[2022-06-13T01:32:31.576+0000][1][safepoint    ] Leaving safepoint region
[2022-06-13T01:32:31.576+0000][1][safepoint    ] Total time for which application threads were stopped: 0.0007460 seconds, Stopping threads took: 0.0004439 seconds
[2022-06-13T01:32:31.577+0000][1][safepoint    ] Application time: 0.0001840 seconds
[2022-06-13T01:32:31.577+0000][1][safepoint    ] Entering safepoint region: RevokeBias
[2022-06-13T01:32:31.578+0000][1][safepoint    ] Leaving safepoint region
[2022-06-13T01:32:31.578+0000][1][safepoint    ] Total time for which application threads were stopped: 0.0007326 seconds, Stopping threads took: 0.0004011 seconds
[2022-06-13T01:32:31.579+0000][1][safepoint    ] Application time: 0.0002424 seconds
[2022-06-13T01:32:31.579+0000][1][safepoint    ] Entering safepoint region: RevokeBias
[2022-06-13T01:32:31.579+0000][1][safepoint    ] Leaving safepoint region
[2022-06-13T01:32:31.580+0000][1][safepoint    ] Total time for which application threads were stopped: 0.0008422 seconds, Stopping threads took: 0.0004736 seconds
[2022-06-13T01:32:31.580+0000][1][safepoint    ] Application time: 0.0001563 seconds
[2022-06-13T01:32:31.581+0000][1][safepoint    ] Entering safepoint region: RevokeBias
[2022-06-13T01:32:31.581+0000][1][safepoint    ] Leaving safepoint region
[2022-06-13T01:32:31.582+0000][1][safepoint    ] Total time for which application threads were stopped: 0.0010588 seconds, Stopping threads took: 0.0007508 seconds
[2022-06-13T01:32:31.583+0000][1][safepoint    ] Application time: 0.0006840 seconds
[2022-06-13T01:32:31.583+0000][1][safepoint    ] Entering safepoint region: RevokeBias
[2022-06-13T01:32:31.583+0000][1][safepoint    ] Leaving safepoint region
[2022-06-13T01:32:31.584+0000][1][safepoint    ] Total time for which application threads were stopped: 0.0006830 seconds, Stopping threads took: 0.0004025 seconds
[2022-06-13T01:32:31.584+0000][1][safepoint    ] Application time: 0.0006362 seconds
[2022-06-13T01:32:31.585+0000][1][safepoint    ] Entering safepoint region: RevokeBias
[2022-06-13T01:32:31.585+0000][1][safepoint    ] Leaving safepoint region
[2022-06-13T01:32:31.586+0000][1][safepoint    ] Total time for which application threads were stopped: 0.0006835 seconds, Stopping threads took: 0.0003533 seconds
[2022-06-13T01:32:31.586+0000][1][safepoint    ] Application time: 0.0005399 seconds
[2022-06-13T01:32:31.587+0000][1][safepoint    ] Entering safepoint region: RevokeBias
[2022-06-13T01:32:31.587+0000][1][safepoint    ] Leaving safepoint region
[2022-06-13T01:32:31.587+0000][1][safepoint    ] Total time for which application threads were stopped: 0.0006333 seconds, Stopping threads took: 0.0003485 seconds
[2022-06-13T01:32:31.588+0000][1][safepoint    ] Application time: 0.0005504 seconds
[2022-06-13T01:32:31.589+0000][1][safepoint    ] Entering safepoint region: RevokeBias
[2022-06-13T01:32:31.589+0000][1][safepoint    ] Leaving safepoint region
[2022-06-13T01:32:31.589+0000][1][safepoint    ] Total time for which application threads were stopped: 0.0006688 seconds, Stopping threads took: 0.0003335 seconds
[2022-06-13T01:32:31.591+0000][1][safepoint    ] Application time: 0.0014038 seconds
[2022-06-13T01:32:31.591+0000][1][safepoint    ] Entering safepoint region: RevokeBias
[2022-06-13T01:32:31.592+0000][1][safepoint    ] Leaving safepoint region
[2022-06-13T01:32:31.592+0000][1][safepoint    ] Total time for which application threads were stopped: 0.0007526 seconds, Stopping threads took: 0.0004211 seconds
[2022-06-13T01:32:31.595+0000][1][safepoint    ] Application time: 0.0026259 seconds
[2022-06-13T01:32:31.595+0000][1][safepoint    ] Entering safepoint region: RevokeBias
[2022-06-13T01:32:31.595+0000][1][safepoint    ] Leaving safepoint region
[2022-06-13T01:32:31.596+0000][1][safepoint    ] Total time for which application threads were stopped: 0.0006706 seconds, Stopping threads took: 0.0003900 seconds
[2022-06-13T01:32:31.596+0000][1][safepoint    ] Application time: 0.0003046 seconds
[2022-06-13T01:32:31.597+0000][1][safepoint    ] Entering safepoint region: RevokeBias
[2022-06-13T01:32:31.597+0000][1][safepoint    ] Leaving safepoint region
[2022-06-13T01:32:31.597+0000][1][safepoint    ] Total time for which application threads were stopped: 0.0006578 seconds, Stopping threads took: 0.0003721 seconds
[2022-06-13T01:32:31.598+0000][1][safepoint    ] Application time: 0.0006647 seconds
[2022-06-13T01:32:31.598+0000][1][safepoint    ] Entering safepoint region: RevokeBias
[2022-06-13T01:32:31.599+0000][1][safepoint    ] Leaving safepoint region
[2022-06-13T01:32:31.599+0000][1][safepoint    ] Total time for which application threads were stopped: 0.0006012 seconds, Stopping threads took: 0.0004014 seconds
[2022-06-13T01:32:31.600+0000][1][safepoint    ] Application time: 0.0008814 seconds
[2022-06-13T01:32:31.600+0000][1][safepoint    ] Entering safepoint region: RevokeBias
[2022-06-13T01:32:31.601+0000][1][safepoint    ] Leaving safepoint region
[2022-06-13T01:32:31.601+0000][1][safepoint    ] Total time for which application threads were stopped: 0.0005499 seconds, Stopping threads took: 0.0003060 seconds
[2022-06-13T01:32:31.601+0000][1][safepoint    ] Application time: 0.0001994 seconds
[2022-06-13T01:32:31.602+0000][1][safepoint    ] Entering safepoint region: RevokeBias
[2022-06-13T01:32:31.602+0000][1][safepoint    ] Leaving safepoint region
[2022-06-13T01:32:31.602+0000][1][safepoint    ] Total time for which application threads were stopped: 0.0006920 seconds, Stopping threads took: 0.0002732 seconds
[2022-06-13T01:32:31.603+0000][1][safepoint    ] Application time: 0.0002181 seconds
[2022-06-13T01:32:31.603+0000][1][safepoint    ] Entering safepoint region: RevokeBias
[2022-06-13T01:32:31.603+0000][1][safepoint    ] Leaving safepoint region
[2022-06-13T01:32:31.604+0000][1][safepoint    ] Total time for which application threads were stopped: 0.0007808 seconds, Stopping threads took: 0.0004621 seconds
[2022-06-13T01:32:31.605+0000][1][safepoint    ] Application time: 0.0008053 seconds
[2022-06-13T01:32:31.605+0000][1][safepoint    ] Entering safepoint region: RevokeBias
[2022-06-13T01:32:31.605+0000][1][safepoint    ] Leaving safepoint region
[2022-06-13T01:32:31.606+0000][1][safepoint    ] Total time for which application threads were stopped: 0.0005383 seconds, Stopping threads took: 0.0002540 seconds
[2022-06-13T01:32:31.606+0000][1][safepoint    ] Application time: 0.0001363 seconds
[2022-06-13T01:32:31.606+0000][1][safepoint    ] Entering safepoint region: RevokeBias
[2022-06-13T01:32:31.606+0000][1][safepoint    ] Leaving safepoint region
[2022-06-13T01:32:31.607+0000][1][safepoint    ] Total time for which application threads were stopped: 0.0005451 seconds, Stopping threads took: 0.0002299 seconds
[2022-06-13T01:32:31.613+0000][1][safepoint    ] Application time: 0.0060611 seconds
[2022-06-13T01:32:31.613+0000][1][safepoint    ] Entering safepoint region: RevokeBias
[2022-06-13T01:32:31.614+0000][1][safepoint    ] Leaving safepoint region
[2022-06-13T01:32:31.614+0000][1][safepoint    ] Total time for which application threads were stopped: 0.0006258 seconds, Stopping threads took: 0.0002825 seconds
[2022-06-13T01:32:31.614+0000][1][safepoint    ] Application time: 0.0001674 seconds
[2022-06-13T01:32:31.615+0000][1][safepoint    ] Entering safepoint region: BulkRevokeBias
[2022-06-13T01:32:31.615+0000][1][safepoint    ] Leaving safepoint region
[2022-06-13T01:32:31.615+0000][1][safepoint    ] Total time for which application threads were stopped: 0.0007662 seconds, Stopping threads took: 0.0002526 seconds
[2022-06-13T01:32:31.619+0000][1][safepoint    ] Application time: 0.0033342 seconds
[2022-06-13T01:32:31.619+0000][1][safepoint    ] Entering safepoint region: RevokeBias
[2022-06-13T01:32:31.620+0000][1][safepoint    ] Leaving safepoint region
[2022-06-13T01:32:31.620+0000][1][safepoint    ] Total time for which application threads were stopped: 0.0008397 seconds, Stopping threads took: 0.0004080 seconds
[2022-06-13T01:32:31.621+0000][1][safepoint    ] Application time: 0.0008802 seconds
[2022-06-13T01:32:31.622+0000][1][safepoint    ] Entering safepoint region: RevokeBias
[2022-06-13T01:32:31.622+0000][1][safepoint    ] Leaving safepoint region
[2022-06-13T01:32:31.622+0000][1][safepoint    ] Total time for which application threads were stopped: 0.0006404 seconds, Stopping threads took: 0.0003766 seconds
[2022-06-13T01:32:31.623+0000][1][safepoint    ] Application time: 0.0001455 seconds
[2022-06-13T01:32:31.623+0000][1][safepoint    ] Entering safepoint region: RevokeBias
[2022-06-13T01:32:31.623+0000][1][safepoint    ] Leaving safepoint region
[2022-06-13T01:32:31.623+0000][1][safepoint    ] Total time for which application threads were stopped: 0.0005320 seconds, Stopping threads took: 0.0002364 seconds
[2022-06-13T01:32:31.624+0000][1][safepoint    ] Application time: 0.0001126 seconds
[2022-06-13T01:32:31.624+0000][1][safepoint    ] Entering safepoint region: RevokeBias
[2022-06-13T01:32:31.624+0000][1][safepoint    ] Leaving safepoint region
[2022-06-13T01:32:31.625+0000][1][safepoint    ] Total time for which application threads were stopped: 0.0007818 seconds, Stopping threads took: 0.0003892 seconds
[2022-06-13T01:32:31.627+0000][1][safepoint    ] Application time: 0.0016880 seconds
[2022-06-13T01:32:31.627+0000][1][safepoint    ] Entering safepoint region: RevokeBias
[2022-06-13T01:32:31.627+0000][1][safepoint    ] Leaving safepoint region
[2022-06-13T01:32:31.627+0000][1][safepoint    ] Total time for which application threads were stopped: 0.0005512 seconds, Stopping threads took: 0.0002401 seconds
[2022-06-13T01:32:31.628+0000][1][safepoint    ] Application time: 0.0001618 seconds
[2022-06-13T01:32:31.628+0000][1][safepoint    ] Entering safepoint region: RevokeBias
[2022-06-13T01:32:31.629+0000][1][safepoint    ] Leaving safepoint region
[2022-06-13T01:32:31.629+0000][1][safepoint    ] Total time for which application threads were stopped: 0.0006042 seconds, Stopping threads took: 0.0002972 seconds
[2022-06-13T01:32:31.632+0000][1][safepoint    ] Application time: 0.0026287 seconds
[2022-06-13T01:32:31.635+0000][1][safepoint    ] Entering safepoint region: RevokeBias
[2022-06-13T01:32:31.636+0000][1][safepoint    ] Leaving safepoint region
[2022-06-13T01:32:31.636+0000][1][safepoint    ] Total time for which application threads were stopped: 0.0038721 seconds, Stopping threads took: 0.0035345 seconds
[2022-06-13T01:32:31.636+0000][1][safepoint    ] Application time: 0.0001788 seconds
[2022-06-13T01:32:31.637+0000][1][safepoint    ] Entering safepoint region: RevokeBias
[2022-06-13T01:32:31.637+0000][1][safepoint    ] Leaving safepoint region
[2022-06-13T01:32:31.637+0000][1][safepoint    ] Total time for which application threads were stopped: 0.0007649 seconds, Stopping threads took: 0.0004652 seconds
[2022-06-13T01:32:31.643+0000][1][safepoint    ] Application time: 0.0051214 seconds
[2022-06-13T01:32:31.643+0000][1][safepoint    ] Entering safepoint region: RevokeBias
[2022-06-13T01:32:31.643+0000][1][safepoint    ] Leaving safepoint region
[2022-06-13T01:32:31.644+0000][1][safepoint    ] Total time for which application threads were stopped: 0.0005430 seconds, Stopping threads took: 0.0002708 seconds
[2022-06-13T01:32:31.644+0000][1][safepoint    ] Application time: 0.0002453 seconds
[2022-06-13T01:32:31.644+0000][1][safepoint    ] Entering safepoint region: RevokeBias
[2022-06-13T01:32:31.645+0000][1][safepoint    ] Leaving safepoint region
[2022-06-13T01:32:31.645+0000][1][safepoint    ] Total time for which application threads were stopped: 0.0005989 seconds, Stopping threads took: 0.0002985 seconds
[2022-06-13T01:32:31.645+0000][1][safepoint    ] Application time: 0.0002198 seconds
[2022-06-13T01:32:31.646+0000][1][safepoint    ] Entering safepoint region: RevokeBias
[2022-06-13T01:32:31.646+0000][1][safepoint    ] Leaving safepoint region
[2022-06-13T01:32:31.646+0000][1][safepoint    ] Total time for which application threads were stopped: 0.0004554 seconds, Stopping threads took: 0.0002416 seconds
[2022-06-13T01:32:31.651+0000][1][safepoint    ] Application time: 0.0046811 seconds
[2022-06-13T01:32:31.651+0000][1][safepoint    ] Entering safepoint region: RevokeBias
[2022-06-13T01:32:31.651+0000][1][safepoint    ] Leaving safepoint region
[2022-06-13T01:32:31.651+0000][1][safepoint    ] Total time for which application threads were stopped: 0.0003650 seconds, Stopping threads took: 0.0001617 seconds
[2022-06-13T01:32:31.652+0000][1][safepoint    ] Application time: 0.0002270 seconds
[2022-06-13T01:32:31.652+0000][1][safepoint    ] Entering safepoint region: RevokeBias
[2022-06-13T01:32:31.652+0000][1][safepoint    ] Leaving safepoint region
[2022-06-13T01:32:31.652+0000][1][safepoint    ] Total time for which application threads were stopped: 0.0003647 seconds, Stopping threads took: 0.0001658 seconds
[2022-06-13T01:32:31.653+0000][1][safepoint    ] Application time: 0.0002146 seconds
[2022-06-13T01:32:31.653+0000][1][safepoint    ] Entering safepoint region: RevokeBias
[2022-06-13T01:32:31.653+0000][1][safepoint    ] Leaving safepoint region
[2022-06-13T01:32:31.653+0000][1][safepoint    ] Total time for which application threads were stopped: 0.0005455 seconds, Stopping threads took: 0.0003134 seconds
[2022-06-13T01:32:31.654+0000][1][safepoint    ] Application time: 0.0002108 seconds
[2022-06-13T01:32:31.654+0000][1][safepoint    ] Entering safepoint region: RevokeBias
[2022-06-13T01:32:31.654+0000][1][safepoint    ] Leaving safepoint region
[2022-06-13T01:32:31.654+0000][1][safepoint    ] Total time for which application threads were stopped: 0.0004229 seconds, Stopping threads took: 0.0002141 seconds
[2022-06-13T01:32:31.658+0000][1][safepoint    ] Application time: 0.0034163 seconds
[2022-06-13T01:32:31.658+0000][1][safepoint    ] Entering safepoint region: RevokeBias
[2022-06-13T01:32:31.659+0000][1][safepoint    ] Leaving safepoint region
[2022-06-13T01:32:31.659+0000][1][safepoint    ] Total time for which application threads were stopped: 0.0006015 seconds, Stopping threads took: 0.0002558 seconds
[2022-06-13T01:32:32.216+0000][1][safepoint    ] Application time: 0.5565296 seconds
[2022-06-13T01:32:32.216+0000][1][safepoint    ] Entering safepoint region: RevokeBias
[2022-06-13T01:32:32.217+0000][1][safepoint    ] Leaving safepoint region
[2022-06-13T01:32:32.217+0000][1][safepoint    ] Total time for which application threads were stopped: 0.0010992 seconds, Stopping threads took: 0.0005362 seconds
[2022-06-13T01:32:32.218+0000][1][safepoint    ] Application time: 0.0002800 seconds
[2022-06-13T01:32:32.219+0000][1][safepoint    ] Entering safepoint region: RevokeBias
[2022-06-13T01:32:32.219+0000][1][safepoint    ] Leaving safepoint region
[2022-06-13T01:32:32.220+0000][1][safepoint    ] Total time for which application threads were stopped: 0.0012739 seconds, Stopping threads took: 0.0006195 seconds
[2022-06-13T01:32:32.221+0000][1][safepoint    ] Application time: 0.0002704 seconds
[2022-06-13T01:32:32.221+0000][1][safepoint    ] Entering safepoint region: RevokeBias
[2022-06-13T01:32:32.222+0000][1][safepoint    ] Leaving safepoint region
[2022-06-13T01:32:32.222+0000][1][safepoint    ] Total time for which application threads were stopped: 0.0009997 seconds, Stopping threads took: 0.0004513 seconds
[2022-06-13T01:32:32.223+0000][1][safepoint    ] Application time: 0.0003692 seconds
[2022-06-13T01:32:32.224+0000][1][safepoint    ] Entering safepoint region: RevokeBias
[2022-06-13T01:32:32.224+0000][1][safepoint    ] Leaving safepoint region
[2022-06-13T01:32:32.225+0000][1][safepoint    ] Total time for which application threads were stopped: 0.0011849 seconds, Stopping threads took: 0.0004643 seconds
[2022-06-13T01:32:32.225+0000][1][safepoint    ] Application time: 0.0002885 seconds
[2022-06-13T01:32:32.226+0000][1][safepoint    ] Entering safepoint region: RevokeBias
[2022-06-13T01:32:32.227+0000][1][safepoint    ] Leaving safepoint region
[2022-06-13T01:32:32.228+0000][1][safepoint    ] Total time for which application threads were stopped: 0.0014542 seconds, Stopping threads took: 0.0005801 seconds
[2022-06-13T01:32:32.228+0000][1][safepoint    ] Application time: 0.0003941 seconds
[2022-06-13T01:32:32.229+0000][1][safepoint    ] Entering safepoint region: RevokeBias
[2022-06-13T01:32:32.230+0000][1][safepoint    ] Leaving safepoint region
[2022-06-13T01:32:32.230+0000][1][safepoint    ] Total time for which application threads were stopped: 0.0010931 seconds, Stopping threads took: 0.0003975 seconds
[2022-06-13T01:32:32.231+0000][1][safepoint    ] Application time: 0.0002650 seconds
[2022-06-13T01:32:32.232+0000][1][safepoint    ] Entering safepoint region: RevokeBias
[2022-06-13T01:32:32.232+0000][1][safepoint    ] Leaving safepoint region
[2022-06-13T01:32:32.233+0000][1][safepoint    ] Total time for which application threads were stopped: 0.0010516 seconds, Stopping threads took: 0.0004979 seconds
[2022-06-13T01:32:32.233+0000][1][safepoint    ] Application time: 0.0003051 seconds
[2022-06-13T01:32:32.234+0000][1][safepoint    ] Entering safepoint region: RevokeBias
[2022-06-13T01:32:32.234+0000][1][safepoint    ] Leaving safepoint region
[2022-06-13T01:32:32.235+0000][1][safepoint    ] Total time for which application threads were stopped: 0.0011321 seconds, Stopping threads took: 0.0004792 seconds
[2022-06-13T01:32:32.571+0000][1][safepoint    ] Application time: 0.3352517 seconds
[2022-06-13T01:32:32.572+0000][1][safepoint    ] Entering safepoint region: RevokeBias
[2022-06-13T01:32:32.572+0000][1][safepoint    ] Leaving safepoint region
[2022-06-13T01:32:32.573+0000][1][safepoint    ] Total time for which application threads were stopped: 0.0015484 seconds, Stopping threads took: 0.0006521 seconds
[2022-06-13T01:32:34.640+0000][1][safepoint    ] Application time: 2.0663359 seconds
[2022-06-13T01:32:34.641+0000][1][safepoint    ] Entering safepoint region: RevokeBias
[2022-06-13T01:32:34.641+0000][1][safepoint    ] Leaving safepoint region
[2022-06-13T01:32:34.642+0000][1][safepoint    ] Total time for which application threads were stopped: 0.0009420 seconds, Stopping threads took: 0.0004413 seconds
[2022-06-13T01:32:34.642+0000][1][safepoint    ] Application time: 0.0002633 seconds
[2022-06-13T01:32:34.643+0000][1][safepoint    ] Entering safepoint region: RevokeBias
[2022-06-13T01:32:34.643+0000][1][safepoint    ] Leaving safepoint region
[2022-06-13T01:32:34.644+0000][1][safepoint    ] Total time for which application threads were stopped: 0.0016230 seconds, Stopping threads took: 0.0007449 seconds
[2022-06-13T01:32:34.646+0000][1][safepoint    ] Application time: 0.0007519 seconds
[2022-06-13T01:32:34.646+0000][1][safepoint    ] Entering safepoint region: RevokeBias
[2022-06-13T01:32:34.647+0000][1][safepoint    ] Leaving safepoint region
[2022-06-13T01:32:34.647+0000][1][safepoint    ] Total time for which application threads were stopped: 0.0013114 seconds, Stopping threads took: 0.0005703 seconds
[2022-06-13T01:32:35.574+0000][1][safepoint    ] Application time: 0.9264958 seconds
[2022-06-13T01:32:35.575+0000][1][safepoint    ] Entering safepoint region: RevokeBias
[2022-06-13T01:32:35.576+0000][1][safepoint    ] Leaving safepoint region
[2022-06-13T01:32:35.576+0000][1][safepoint    ] Total time for which application threads were stopped: 0.0011224 seconds, Stopping threads took: 0.0004059 seconds
[2022-06-13T01:32:35.577+0000][1][safepoint    ] Application time: 0.0005631 seconds
[2022-06-13T01:32:35.578+0000][1][safepoint    ] Entering safepoint region: RevokeBias
[2022-06-13T01:32:35.578+0000][1][safepoint    ] Leaving safepoint region
[2022-06-13T01:32:35.579+0000][1][safepoint    ] Total time for which application threads were stopped: 0.0009658 seconds, Stopping threads took: 0.0003331 seconds
[2022-06-13T01:32:35.580+0000][1][safepoint    ] Application time: 0.0007145 seconds
[2022-06-13T01:32:35.580+0000][1][safepoint    ] Entering safepoint region: RevokeBias
[2022-06-13T01:32:35.581+0000][1][safepoint    ] Leaving safepoint region
[2022-06-13T01:32:35.581+0000][1][safepoint    ] Total time for which application threads were stopped: 0.0008493 seconds, Stopping threads took: 0.0003970 seconds
[2022-06-13T01:32:35.582+0000][1][safepoint    ] Application time: 0.0003015 seconds
[2022-06-13T01:32:35.583+0000][1][safepoint    ] Entering safepoint region: RevokeBias
[2022-06-13T01:32:35.584+0000][1][safepoint    ] Leaving safepoint region
[2022-06-13T01:32:35.584+0000][1][safepoint    ] Total time for which application threads were stopped: 0.0011896 seconds, Stopping threads took: 0.0006106 seconds
[2022-06-13T01:32:35.585+0000][1][safepoint    ] Application time: 0.0001753 seconds
[2022-06-13T01:32:35.586+0000][1][safepoint    ] Entering safepoint region: RevokeBias
[2022-06-13T01:32:35.586+0000][1][safepoint    ] Leaving safepoint region
[2022-06-13T01:32:35.587+0000][1][safepoint    ] Total time for which application threads were stopped: 0.0018699 seconds, Stopping threads took: 0.0009842 seconds
[2022-06-13T01:32:35.588+0000][1][safepoint    ] Application time: 0.0003353 seconds
[2022-06-13T01:32:35.589+0000][1][safepoint    ] Entering safepoint region: RevokeBias
[2022-06-13T01:32:35.589+0000][1][safepoint    ] Leaving safepoint region
[2022-06-13T01:32:35.590+0000][1][safepoint    ] Total time for which application threads were stopped: 0.0012861 seconds, Stopping threads took: 0.0005397 seconds
[2022-06-13T01:32:35.591+0000][1][safepoint    ] Application time: 0.0004856 seconds
[2022-06-13T01:32:35.592+0000][1][safepoint    ] Entering safepoint region: RevokeBias
[2022-06-13T01:32:35.593+0000][1][safepoint    ] Leaving safepoint region
[2022-06-13T01:32:35.593+0000][1][safepoint    ] Total time for which application threads were stopped: 0.0013624 seconds, Stopping threads took: 0.0006414 seconds
[2022-06-13T01:32:36.594+0000][1][safepoint    ] Application time: 1.0002708 seconds
[2022-06-13T01:32:36.595+0000][1][safepoint    ] Entering safepoint region: Cleanup
[2022-06-13T01:32:36.596+0000][1][safepoint    ] Leaving safepoint region
[2022-06-13T01:32:36.597+0000][1][safepoint    ] Total time for which application threads were stopped: 0.0017125 seconds, Stopping threads took: 0.0007463 seconds
[2022-06-13T01:32:37.598+0000][1][safepoint    ] Application time: 1.0003663 seconds
[2022-06-13T01:32:37.599+0000][1][safepoint    ] Entering safepoint region: Cleanup
[2022-06-13T01:32:37.599+0000][1][safepoint    ] Leaving safepoint region
[2022-06-13T01:32:37.600+0000][1][safepoint    ] Total time for which application threads were stopped: 0.0012920 seconds, Stopping threads took: 0.0004803 seconds
[2022-06-13T01:32:38.574+0000][1][safepoint    ] Application time: 0.9737889 seconds
[2022-06-13T01:32:38.575+0000][1][safepoint    ] Entering safepoint region: RevokeBias
[2022-06-13T01:32:38.576+0000][1][safepoint    ] Leaving safepoint region
[2022-06-13T01:32:38.576+0000][1][safepoint    ] Total time for which application threads were stopped: 0.0012900 seconds, Stopping threads took: 0.0008237 seconds
[2022-06-13T01:32:38.577+0000][1][safepoint    ] Application time: 0.0004382 seconds
[2022-06-13T01:32:38.578+0000][1][safepoint    ] Entering safepoint region: RevokeBias
[2022-06-13T01:32:38.578+0000][1][safepoint    ] Leaving safepoint region
[2022-06-13T01:32:38.579+0000][1][safepoint    ] Total time for which application threads were stopped: 0.0009627 seconds, Stopping threads took: 0.0005460 seconds
[2022-06-13T01:32:38.579+0000][1][safepoint    ] Application time: 0.0003325 seconds
[2022-06-13T01:32:38.580+0000][1][safepoint    ] Entering safepoint region: RevokeBias
[2022-06-13T01:32:38.580+0000][1][safepoint    ] Leaving safepoint region
[2022-06-13T01:32:38.580+0000][1][safepoint    ] Total time for which application threads were stopped: 0.0008717 seconds, Stopping threads took: 0.0005037 seconds
[2022-06-13T01:32:38.581+0000][1][safepoint    ] Application time: 0.0003273 seconds
[2022-06-13T01:32:38.581+0000][1][safepoint    ] Entering safepoint region: RevokeBias
[2022-06-13T01:32:38.582+0000][1][safepoint    ] Leaving safepoint region
[2022-06-13T01:32:38.582+0000][1][safepoint    ] Total time for which application threads were stopped: 0.0008039 seconds, Stopping threads took: 0.0005325 seconds
[2022-06-13T01:32:38.583+0000][1][safepoint    ] Application time: 0.0008223 seconds
[2022-06-13T01:32:38.583+0000][1][safepoint    ] Entering safepoint region: RevokeBias
[2022-06-13T01:32:38.584+0000][1][safepoint    ] Leaving safepoint region
[2022-06-13T01:32:38.585+0000][1][safepoint    ] Total time for which application threads were stopped: 0.0013721 seconds, Stopping threads took: 0.0006442 seconds
[2022-06-13T01:32:38.586+0000][1][safepoint    ] Application time: 0.0013693 seconds
[2022-06-13T01:32:38.587+0000][1][safepoint    ] Entering safepoint region: RevokeBias
[2022-06-13T01:32:38.587+0000][1][safepoint    ] Leaving safepoint region
[2022-06-13T01:32:38.587+0000][1][safepoint    ] Total time for which application threads were stopped: 0.0007424 seconds, Stopping threads took: 0.0002822 seconds
[2022-06-13T01:32:38.588+0000][1][safepoint    ] Application time: 0.0005016 seconds
[2022-06-13T01:32:38.589+0000][1][safepoint    ] Entering safepoint region: RevokeBias
[2022-06-13T01:32:38.589+0000][1][safepoint    ] Leaving safepoint region
[2022-06-13T01:32:38.589+0000][1][safepoint    ] Total time for which application threads were stopped: 0.0006499 seconds, Stopping threads took: 0.0003722 seconds
[2022-06-13T01:32:38.590+0000][1][safepoint    ] Application time: 0.0002318 seconds
[2022-06-13T01:32:38.590+0000][1][safepoint    ] Entering safepoint region: RevokeBias
[2022-06-13T01:32:38.590+0000][1][safepoint    ] Leaving safepoint region
[2022-06-13T01:32:38.590+0000][1][safepoint    ] Total time for which application threads were stopped: 0.0004695 seconds, Stopping threads took: 0.0002349 seconds
[2022-06-13T01:32:38.591+0000][1][safepoint    ] Application time: 0.0002130 seconds
[2022-06-13T01:32:38.591+0000][1][safepoint    ] Entering safepoint region: RevokeBias
[2022-06-13T01:32:38.591+0000][1][safepoint    ] Leaving safepoint region
[2022-06-13T01:32:38.592+0000][1][safepoint    ] Total time for which application threads were stopped: 0.0007754 seconds, Stopping threads took: 0.0003757 seconds
[2022-06-13T01:32:38.592+0000][1][safepoint    ] Application time: 0.0000951 seconds
[2022-06-13T01:32:38.592+0000][1][safepoint    ] Entering safepoint region: RevokeBias
[2022-06-13T01:32:38.593+0000][1][safepoint    ] Leaving safepoint region
[2022-06-13T01:32:38.593+0000][1][safepoint    ] Total time for which application threads were stopped: 0.0005644 seconds, Stopping threads took: 0.0002345 seconds
[2022-06-13T01:32:38.594+0000][1][safepoint    ] Application time: 0.0004009 seconds
[2022-06-13T01:32:38.594+0000][1][safepoint    ] Entering safepoint region: RevokeBias
[2022-06-13T01:32:38.594+0000][1][safepoint    ] Leaving safepoint region
[2022-06-13T01:32:38.595+0000][1][safepoint    ] Total time for which application threads were stopped: 0.0011667 seconds, Stopping threads took: 0.0004653 seconds
[2022-06-13T01:32:38.730+0000][1][safepoint    ] Application time: 0.1341644 seconds
[2022-06-13T01:32:38.730+0000][1][safepoint    ] Entering safepoint region: RevokeBias
[2022-06-13T01:32:38.731+0000][1][safepoint    ] Leaving safepoint region
[2022-06-13T01:32:38.731+0000][1][safepoint    ] Total time for which application threads were stopped: 0.0010598 seconds, Stopping threads took: 0.0005122 seconds
[2022-06-13T01:32:38.732+0000][1][safepoint    ] Application time: 0.0001452 seconds
[2022-06-13T01:32:38.732+0000][1][safepoint    ] Entering safepoint region: RevokeBias
[2022-06-13T01:32:38.733+0000][1][safepoint    ] Leaving safepoint region
[2022-06-13T01:32:38.733+0000][1][safepoint    ] Total time for which application threads were stopped: 0.0010604 seconds, Stopping threads took: 0.0005442 seconds
[2022-06-13T01:32:39.578+0000][1][safepoint    ] Application time: 0.8439545 seconds
[2022-06-13T01:32:39.578+0000][1][safepoint    ] Entering safepoint region: RevokeBias
[2022-06-13T01:32:39.579+0000][1][safepoint    ] Leaving safepoint region
[2022-06-13T01:32:39.580+0000][1][safepoint    ] Total time for which application threads were stopped: 0.0012759 seconds, Stopping threads took: 0.0007110 seconds
[2022-06-13T01:32:39.581+0000][1][safepoint    ] Application time: 0.0010112 seconds
[2022-06-13T01:32:39.581+0000][1][safepoint    ] Entering safepoint region: RevokeBias
[2022-06-13T01:32:39.582+0000][1][safepoint    ] Leaving safepoint region
[2022-06-13T01:32:39.582+0000][1][safepoint    ] Total time for which application threads were stopped: 0.0011175 seconds, Stopping threads took: 0.0005838 seconds
[2022-06-13T01:32:39.583+0000][1][safepoint    ] Application time: 0.0003936 seconds
[2022-06-13T01:32:39.584+0000][1][safepoint    ] Entering safepoint region: RevokeBias
[2022-06-13T01:32:39.584+0000][1][safepoint    ] Leaving safepoint region
[2022-06-13T01:32:39.584+0000][1][safepoint    ] Total time for which application threads were stopped: 0.0007471 seconds, Stopping threads took: 0.0003989 seconds
[2022-06-13T01:32:39.586+0000][1][safepoint    ] Application time: 0.0007483 seconds
[2022-06-13T01:32:39.586+0000][1][safepoint    ] Entering safepoint region: RevokeBias
[2022-06-13T01:32:39.586+0000][1][safepoint    ] Leaving safepoint region
[2022-06-13T01:32:39.587+0000][1][safepoint    ] Total time for which application threads were stopped: 0.0008217 seconds, Stopping threads took: 0.0004774 seconds
[2022-06-13T01:32:40.588+0000][1][safepoint    ] Application time: 1.0003863 seconds
[2022-06-13T01:32:40.588+0000][1][safepoint    ] Entering safepoint region: Cleanup
[2022-06-13T01:32:40.589+0000][1][safepoint    ] Leaving safepoint region
[2022-06-13T01:32:40.589+0000][1][safepoint    ] Total time for which application threads were stopped: 0.0010594 seconds, Stopping threads took: 0.0005224 seconds
[2022-06-13T01:32:41.587+0000][1][safepoint    ] Application time: 0.9970371 seconds
[2022-06-13T01:32:41.587+0000][1][safepoint    ] Entering safepoint region: RevokeBias
[2022-06-13T01:32:41.587+0000][1][safepoint    ] Leaving safepoint region
[2022-06-13T01:32:41.588+0000][1][safepoint    ] Total time for which application threads were stopped: 0.0005944 seconds, Stopping threads took: 0.0002943 seconds
[2022-06-13T01:32:41.588+0000][1][safepoint    ] Application time: 0.0002778 seconds
[2022-06-13T01:32:41.588+0000][1][safepoint    ] Entering safepoint region: RevokeBias
[2022-06-13T01:32:41.589+0000][1][safepoint    ] Leaving safepoint region
[2022-06-13T01:32:41.589+0000][1][safepoint    ] Total time for which application threads were stopped: 0.0004925 seconds, Stopping threads took: 0.0002183 seconds
[2022-06-13T01:32:41.590+0000][1][safepoint    ] Application time: 0.0004330 seconds
[2022-06-13T01:32:41.590+0000][1][safepoint    ] Entering safepoint region: RevokeBias
[2022-06-13T01:32:41.591+0000][1][safepoint    ] Leaving safepoint region
[2022-06-13T01:32:41.591+0000][1][safepoint    ] Total time for which application threads were stopped: 0.0010532 seconds, Stopping threads took: 0.0004328 seconds
[2022-06-13T01:32:42.579+0000][1][safepoint    ] Application time: 0.9873066 seconds
[2022-06-13T01:32:42.579+0000][1][safepoint    ] Entering safepoint region: RevokeBias
[2022-06-13T01:32:42.580+0000][1][safepoint    ] Leaving safepoint region
[2022-06-13T01:32:42.581+0000][1][safepoint    ] Total time for which application threads were stopped: 0.0015096 seconds, Stopping threads took: 0.0009628 seconds
[2022-06-13T01:32:42.582+0000][1][safepoint    ] Application time: 0.0016444 seconds
[2022-06-13T01:32:42.583+0000][1][safepoint    ] Entering safepoint region: RevokeBias
[2022-06-13T01:32:42.583+0000][1][safepoint    ] Leaving safepoint region
[2022-06-13T01:32:42.584+0000][1][safepoint    ] Total time for which application threads were stopped: 0.0009723 seconds, Stopping threads took: 0.0004299 seconds
[2022-06-13T01:32:42.585+0000][1][safepoint    ] Application time: 0.0005460 seconds
[2022-06-13T01:32:42.585+0000][1][safepoint    ] Entering safepoint region: RevokeBias
[2022-06-13T01:32:42.586+0000][1][safepoint    ] Leaving safepoint region
[2022-06-13T01:32:42.587+0000][1][safepoint    ] Total time for which application threads were stopped: 0.0011165 seconds, Stopping threads took: 0.0006426 seconds
[2022-06-13T01:32:42.587+0000][1][safepoint    ] Application time: 0.0002354 seconds
[2022-06-13T01:32:42.588+0000][1][safepoint    ] Entering safepoint region: RevokeBias
[2022-06-13T01:32:42.588+0000][1][safepoint    ] Leaving safepoint region
[2022-06-13T01:32:42.589+0000][1][safepoint    ] Total time for which application threads were stopped: 0.0012795 seconds, Stopping threads took: 0.0007347 seconds
[2022-06-13T01:32:42.590+0000][1][safepoint    ] Application time: 0.0004172 seconds
[2022-06-13T01:32:42.590+0000][1][safepoint    ] Entering safepoint region: RevokeBias
[2022-06-13T01:32:42.591+0000][1][safepoint    ] Leaving safepoint region
[2022-06-13T01:32:42.591+0000][1][safepoint    ] Total time for which application threads were stopped: 0.0006545 seconds, Stopping threads took: 0.0003643 seconds
[2022-06-13T01:32:42.591+0000][1][safepoint    ] Application time: 0.0002181 seconds
[2022-06-13T01:32:42.592+0000][1][safepoint    ] Entering safepoint region: RevokeBias
[2022-06-13T01:32:42.592+0000][1][safepoint    ] Leaving safepoint region
[2022-06-13T01:32:42.592+0000][1][safepoint    ] Total time for which application threads were stopped: 0.0009094 seconds, Stopping threads took: 0.0004627 seconds
[2022-06-13T01:32:42.593+0000][1][safepoint    ] Application time: 0.0006837 seconds
[2022-06-13T01:32:42.594+0000][1][safepoint    ] Entering safepoint region: RevokeBias
[2022-06-13T01:32:42.594+0000][1][safepoint    ] Leaving safepoint region
[2022-06-13T01:32:42.595+0000][1][safepoint    ] Total time for which application threads were stopped: 0.0010010 seconds, Stopping threads took: 0.0004713 seconds
[2022-06-13T01:32:43.582+0000][1][safepoint    ] Application time: 0.9865621 seconds
[2022-06-13T01:32:43.583+0000][1][safepoint    ] Entering safepoint region: RevokeBias
[2022-06-13T01:32:43.584+0000][1][safepoint    ] Leaving safepoint region
[2022-06-13T01:32:43.585+0000][1][safepoint    ] Total time for which application threads were stopped: 0.0017436 seconds, Stopping threads took: 0.0008043 seconds
[2022-06-13T01:32:43.586+0000][1][safepoint    ] Application time: 0.0008819 seconds
[2022-06-13T01:32:43.586+0000][1][safepoint    ] Entering safepoint region: RevokeBias
[2022-06-13T01:32:43.587+0000][1][safepoint    ] Leaving safepoint region
[2022-06-13T01:32:43.587+0000][1][safepoint    ] Total time for which application threads were stopped: 0.0010957 seconds, Stopping threads took: 0.0004858 seconds
[2022-06-13T01:32:43.589+0000][1][safepoint    ] Application time: 0.0005077 seconds
[2022-06-13T01:32:43.589+0000][1][safepoint    ] Entering safepoint region: RevokeBias
[2022-06-13T01:32:43.590+0000][1][safepoint    ] Leaving safepoint region
[2022-06-13T01:32:43.591+0000][1][safepoint    ] Total time for which application threads were stopped: 0.0018493 seconds, Stopping threads took: 0.0011173 seconds
[2022-06-13T01:32:43.592+0000][1][safepoint    ] Application time: 0.0006898 seconds
[2022-06-13T01:32:43.593+0000][1][safepoint    ] Entering safepoint region: RevokeBias
[2022-06-13T01:32:43.593+0000][1][safepoint    ] Leaving safepoint region
[2022-06-13T01:32:43.593+0000][1][safepoint    ] Total time for which application threads were stopped: 0.0005323 seconds, Stopping threads took: 0.0002191 seconds
[2022-06-13T01:32:44.594+0000][1][safepoint    ] Application time: 1.0004003 seconds
[2022-06-13T01:32:44.595+0000][1][safepoint    ] Entering safepoint region: Cleanup
[2022-06-13T01:32:44.595+0000][1][safepoint    ] Leaving safepoint region
[2022-06-13T01:32:44.596+0000][1][safepoint    ] Total time for which application threads were stopped: 0.0012523 seconds, Stopping threads took: 0.0003642 seconds
[2022-06-13T01:32:45.582+0000][1][safepoint    ] Application time: 0.9859355 seconds
[2022-06-13T01:32:45.583+0000][1][safepoint    ] Entering safepoint region: RevokeBias
[2022-06-13T01:32:45.584+0000][1][safepoint    ] Leaving safepoint region
[2022-06-13T01:32:45.585+0000][1][safepoint    ] Total time for which application threads were stopped: 0.0016780 seconds, Stopping threads took: 0.0008323 seconds
[2022-06-13T01:32:45.585+0000][1][safepoint    ] Application time: 0.0002759 seconds
[2022-06-13T01:32:45.586+0000][1][safepoint    ] Entering safepoint region: RevokeBias
[2022-06-13T01:32:45.587+0000][1][safepoint    ] Leaving safepoint region
[2022-06-13T01:32:45.587+0000][1][safepoint    ] Total time for which application threads were stopped: 0.0013943 seconds, Stopping threads took: 0.0009567 seconds
[2022-06-13T01:32:46.582+0000][1][safepoint    ] Application time: 0.9944197 seconds
[2022-06-13T01:32:46.583+0000][1][safepoint    ] Entering safepoint region: RevokeBias
[2022-06-13T01:32:46.583+0000][1][safepoint    ] Leaving safepoint region
[2022-06-13T01:32:46.584+0000][1][safepoint    ] Total time for which application threads were stopped: 0.0012282 seconds, Stopping threads took: 0.0004709 seconds
[2022-06-13T01:32:46.585+0000][1][safepoint    ] Application time: 0.0006243 seconds
[2022-06-13T01:32:46.585+0000][1][safepoint    ] Entering safepoint region: RevokeBias
[2022-06-13T01:32:46.586+0000][1][safepoint    ] Leaving safepoint region
[2022-06-13T01:32:46.587+0000][1][safepoint    ] Total time for which application threads were stopped: 0.0012232 seconds, Stopping threads took: 0.0003213 seconds
[2022-06-13T01:32:46.587+0000][1][safepoint    ] Application time: 0.0002066 seconds
[2022-06-13T01:32:46.588+0000][1][safepoint    ] Entering safepoint region: RevokeBias
[2022-06-13T01:32:46.588+0000][1][safepoint    ] Leaving safepoint region
[2022-06-13T01:32:46.588+0000][1][safepoint    ] Total time for which application threads were stopped: 0.0005050 seconds, Stopping threads took: 0.0002230 seconds
[2022-06-13T01:32:46.589+0000][1][safepoint    ] Application time: 0.0006668 seconds
[2022-06-13T01:32:46.589+0000][1][safepoint    ] Entering safepoint region: RevokeBias
[2022-06-13T01:32:46.590+0000][1][safepoint    ] Leaving safepoint region
[2022-06-13T01:32:46.590+0000][1][safepoint    ] Total time for which application threads were stopped: 0.0007175 seconds, Stopping threads took: 0.0003502 seconds
[2022-06-13T01:32:46.590+0000][1][safepoint    ] Application time: 0.0002172 seconds
[2022-06-13T01:32:46.591+0000][1][safepoint    ] Entering safepoint region: RevokeBias
[2022-06-13T01:32:46.591+0000][1][safepoint    ] Leaving safepoint region
[2022-06-13T01:32:46.592+0000][1][safepoint    ] Total time for which application threads were stopped: 0.0009964 seconds, Stopping threads took: 0.0002143 seconds
[2022-06-13T01:32:47.584+0000][1][safepoint    ] Application time: 0.9923317 seconds
[2022-06-13T01:32:47.585+0000][1][safepoint    ] Entering safepoint region: RevokeBias
[2022-06-13T01:32:47.586+0000][1][safepoint    ] Leaving safepoint region
[2022-06-13T01:32:47.586+0000][1][safepoint    ] Total time for which application threads were stopped: 0.0012499 seconds, Stopping threads took: 0.0005325 seconds
[2022-06-13T01:32:47.588+0000][1][safepoint    ] Application time: 0.0008258 seconds
[2022-06-13T01:32:47.589+0000][1][safepoint    ] Entering safepoint region: RevokeBias
[2022-06-13T01:32:47.590+0000][1][safepoint    ] Leaving safepoint region
[2022-06-13T01:32:47.590+0000][1][safepoint    ] Total time for which application threads were stopped: 0.0013014 seconds, Stopping threads took: 0.0005725 seconds
[2022-06-13T01:32:47.591+0000][1][safepoint    ] Application time: 0.0002826 seconds
[2022-06-13T01:32:47.591+0000][1][safepoint    ] Entering safepoint region: BulkRevokeBias
[2022-06-13T01:32:47.592+0000][1][safepoint    ] Leaving safepoint region
[2022-06-13T01:32:47.592+0000][1][safepoint    ] Total time for which application threads were stopped: 0.0012924 seconds, Stopping threads took: 0.0004781 seconds
[2022-06-13T01:32:47.593+0000][1][safepoint    ] Application time: 0.0006260 seconds
[2022-06-13T01:32:47.594+0000][1][safepoint    ] Entering safepoint region: RevokeBias
[2022-06-13T01:32:47.594+0000][1][safepoint    ] Leaving safepoint region
[2022-06-13T01:32:47.595+0000][1][safepoint    ] Total time for which application threads were stopped: 0.0009951 seconds, Stopping threads took: 0.0005116 seconds
[2022-06-13T01:32:48.595+0000][1][safepoint    ] Application time: 1.0002041 seconds
[2022-06-13T01:32:48.596+0000][1][safepoint    ] Entering safepoint region: Cleanup
[2022-06-13T01:32:48.596+0000][1][safepoint    ] Leaving safepoint region
[2022-06-13T01:32:48.597+0000][1][safepoint    ] Total time for which application threads were stopped: 0.0010583 seconds, Stopping threads took: 0.0003964 seconds
[2022-06-13T01:32:49.583+0000][1][safepoint    ] Application time: 0.9854687 seconds
[2022-06-13T01:32:49.584+0000][1][safepoint    ] Entering safepoint region: RevokeBias
[2022-06-13T01:32:49.585+0000][1][safepoint    ] Leaving safepoint region
[2022-06-13T01:32:49.585+0000][1][safepoint    ] Total time for which application threads were stopped: 0.0015794 seconds, Stopping threads took: 0.0007026 seconds
[2022-06-13T01:32:49.586+0000][1][safepoint    ] Application time: 0.0000800 seconds
[2022-06-13T01:32:49.587+0000][1][safepoint    ] Entering safepoint region: RevokeBias
[2022-06-13T01:32:49.588+0000][1][safepoint    ] Leaving safepoint region
[2022-06-13T01:32:49.589+0000][1][safepoint    ] Total time for which application threads were stopped: 0.0022422 seconds, Stopping threads took: 0.0010537 seconds
[2022-06-13T01:32:50.585+0000][1][safepoint    ] Application time: 0.9952523 seconds
[2022-06-13T01:32:50.585+0000][1][safepoint    ] Entering safepoint region: RevokeBias
[2022-06-13T01:32:50.587+0000][1][safepoint    ] Leaving safepoint region
[2022-06-13T01:32:50.588+0000][1][safepoint    ] Total time for which application threads were stopped: 0.0021879 seconds, Stopping threads took: 0.0003308 seconds
[2022-06-13T01:32:50.589+0000][1][safepoint    ] Application time: 0.0007126 seconds
[2022-06-13T01:32:50.590+0000][1][safepoint    ] Entering safepoint region: RevokeBias
[2022-06-13T01:32:50.590+0000][1][safepoint    ] Leaving safepoint region
[2022-06-13T01:32:50.591+0000][1][safepoint    ] Total time for which application threads were stopped: 0.0009460 seconds, Stopping threads took: 0.0004090 seconds
[2022-06-13T01:32:50.591+0000][1][safepoint    ] Application time: 0.0005709 seconds
[2022-06-13T01:32:50.592+0000][1][safepoint    ] Entering safepoint region: RevokeBias
[2022-06-13T01:32:50.593+0000][1][safepoint    ] Leaving safepoint region
[2022-06-13T01:32:50.593+0000][1][safepoint    ] Total time for which application threads were stopped: 0.0010612 seconds, Stopping threads took: 0.0007204 seconds
[2022-06-13T01:32:51.585+0000][1][safepoint    ] Application time: 0.9917290 seconds
[2022-06-13T01:32:51.585+0000][1][safepoint    ] Entering safepoint region: RevokeBias
[2022-06-13T01:32:51.586+0000][1][safepoint    ] Leaving safepoint region
[2022-06-13T01:32:51.587+0000][1][safepoint    ] Total time for which application threads were stopped: 0.0013950 seconds, Stopping threads took: 0.0004353 seconds
[2022-06-13T01:32:51.588+0000][1][safepoint    ] Application time: 0.0009182 seconds
[2022-06-13T01:32:51.588+0000][1][safepoint    ] Entering safepoint region: RevokeBias
[2022-06-13T01:32:51.589+0000][1][safepoint    ] Leaving safepoint region
[2022-06-13T01:32:51.589+0000][1][safepoint    ] Total time for which application threads were stopped: 0.0008827 seconds, Stopping threads took: 0.0003156 seconds
[2022-06-13T01:32:51.591+0000][1][safepoint    ] Application time: 0.0009710 seconds
[2022-06-13T01:32:51.591+0000][1][safepoint    ] Entering safepoint region: RevokeBias
[2022-06-13T01:32:51.591+0000][1][safepoint    ] Leaving safepoint region
[2022-06-13T01:32:51.592+0000][1][safepoint    ] Total time for which application threads were stopped: 0.0006969 seconds, Stopping threads took: 0.0003570 seconds
[2022-06-13T01:32:52.592+0000][1][safepoint    ] Application time: 1.0001950 seconds
[2022-06-13T01:32:52.593+0000][1][safepoint    ] Entering safepoint region: Cleanup
[2022-06-13T01:32:52.593+0000][1][safepoint    ] Leaving safepoint region
[2022-06-13T01:32:52.593+0000][1][safepoint    ] Total time for which application threads were stopped: 0.0006725 seconds, Stopping threads took: 0.0003008 seconds
[2022-06-13T01:32:53.586+0000][1][safepoint    ] Application time: 0.9922916 seconds
[2022-06-13T01:32:53.586+0000][1][safepoint    ] Entering safepoint region: RevokeBias
[2022-06-13T01:32:53.587+0000][1][safepoint    ] Leaving safepoint region
[2022-06-13T01:32:53.588+0000][1][safepoint    ] Total time for which application threads were stopped: 0.0018146 seconds, Stopping threads took: 0.0003349 seconds
[2022-06-13T01:32:54.585+0000][1][safepoint    ] Application time: 0.9967553 seconds
[2022-06-13T01:32:54.586+0000][1][safepoint    ] Entering safepoint region: RevokeBias
[2022-06-13T01:32:54.588+0000][1][safepoint    ] Leaving safepoint region
[2022-06-13T01:32:54.588+0000][1][safepoint    ] Total time for which application threads were stopped: 0.0023572 seconds, Stopping threads took: 0.0015525 seconds
[2022-06-13T01:32:54.592+0000][1][safepoint    ] Application time: 0.0026142 seconds
[2022-06-13T01:32:54.592+0000][1][safepoint    ] Entering safepoint region: RevokeBias
[2022-06-13T01:32:54.593+0000][1][safepoint    ] Leaving safepoint region
[2022-06-13T01:32:54.593+0000][1][safepoint    ] Total time for which application threads were stopped: 0.0010791 seconds, Stopping threads took: 0.0005293 seconds
[2022-06-13T01:32:54.595+0000][1][safepoint    ] Application time: 0.0007791 seconds
[2022-06-13T01:32:54.595+0000][1][safepoint    ] Entering safepoint region: RevokeBias
[2022-06-13T01:32:54.596+0000][1][safepoint    ] Leaving safepoint region
[2022-06-13T01:32:54.596+0000][1][safepoint    ] Total time for which application threads were stopped: 0.0013607 seconds, Stopping threads took: 0.0005381 seconds
[2022-06-13T01:32:54.597+0000][1][safepoint    ] Application time: 0.0006156 seconds
[2022-06-13T01:32:54.598+0000][1][safepoint    ] Entering safepoint region: RevokeBias
[2022-06-13T01:32:54.598+0000][1][safepoint    ] Leaving safepoint region
[2022-06-13T01:32:54.599+0000][1][safepoint    ] Total time for which application threads were stopped: 0.0010624 seconds, Stopping threads took: 0.0004753 seconds
[2022-06-13T01:32:55.588+0000][1][safepoint    ] Application time: 0.9884411 seconds
[2022-06-13T01:32:55.588+0000][1][safepoint    ] Entering safepoint region: RevokeBias
[2022-06-13T01:32:55.588+0000][1][safepoint    ] Leaving safepoint region
[2022-06-13T01:32:55.589+0000][1][safepoint    ] Total time for which application threads were stopped: 0.0007222 seconds, Stopping threads took: 0.0003132 seconds
[2022-06-13T01:32:55.589+0000][1][safepoint    ] Application time: 0.0004958 seconds
[2022-06-13T01:32:55.590+0000][1][safepoint    ] Entering safepoint region: RevokeBias
[2022-06-13T01:32:55.591+0000][1][safepoint    ] Leaving safepoint region
[2022-06-13T01:32:55.591+0000][1][safepoint    ] Total time for which application threads were stopped: 0.0010820 seconds, Stopping threads took: 0.0006197 seconds
[2022-06-13T01:32:55.592+0000][1][safepoint    ] Application time: 0.0009468 seconds
[2022-06-13T01:32:55.593+0000][1][safepoint    ] Entering safepoint region: RevokeBias
[2022-06-13T01:32:55.593+0000][1][safepoint    ] Leaving safepoint region
[2022-06-13T01:32:55.594+0000][1][safepoint    ] Total time for which application threads were stopped: 0.0016393 seconds, Stopping threads took: 0.0006904 seconds
[2022-06-13T01:32:56.595+0000][1][safepoint    ] Application time: 1.0002602 seconds
[2022-06-13T01:32:56.596+0000][1][safepoint    ] Entering safepoint region: Cleanup
[2022-06-13T01:32:56.596+0000][1][safepoint    ] Leaving safepoint region
[2022-06-13T01:32:56.597+0000][1][safepoint    ] Total time for which application threads were stopped: 0.0013906 seconds, Stopping threads took: 0.0004744 seconds
[2022-06-13T01:32:57.592+0000][1][safepoint    ] Application time: 0.9945749 seconds
[2022-06-13T01:32:57.593+0000][1][safepoint    ] Entering safepoint region: RevokeBias
[2022-06-13T01:32:57.593+0000][1][safepoint    ] Leaving safepoint region
[2022-06-13T01:32:57.594+0000][1][safepoint    ] Total time for which application threads were stopped: 0.0013289 seconds, Stopping threads took: 0.0006543 seconds
[2022-06-13T01:32:58.589+0000][1][safepoint    ] Application time: 0.9940061 seconds
[2022-06-13T01:32:58.589+0000][1][safepoint    ] Entering safepoint region: RevokeBias
[2022-06-13T01:32:58.590+0000][1][safepoint    ] Leaving safepoint region
[2022-06-13T01:32:58.590+0000][1][safepoint    ] Total time for which application threads were stopped: 0.0008230 seconds, Stopping threads took: 0.0004694 seconds
[2022-06-13T01:32:58.591+0000][1][safepoint    ] Application time: 0.0006915 seconds
[2022-06-13T01:32:58.591+0000][1][safepoint    ] Entering safepoint region: RevokeBias
[2022-06-13T01:32:58.592+0000][1][safepoint    ] Leaving safepoint region
[2022-06-13T01:32:58.592+0000][1][safepoint    ] Total time for which application threads were stopped: 0.0007754 seconds, Stopping threads took: 0.0003398 seconds
[2022-06-13T01:32:58.592+0000][1][safepoint    ] Application time: 0.0002371 seconds
[2022-06-13T01:32:58.593+0000][1][safepoint    ] Entering safepoint region: RevokeBias
[2022-06-13T01:32:58.594+0000][1][safepoint    ] Leaving safepoint region
[2022-06-13T01:32:58.594+0000][1][safepoint    ] Total time for which application threads were stopped: 0.0012466 seconds, Stopping threads took: 0.0004901 seconds
[2022-06-13T01:32:58.594+0000][1][safepoint    ] Application time: 0.0001118 seconds
[2022-06-13T01:32:58.595+0000][1][safepoint    ] Entering safepoint region: RevokeBias
[2022-06-13T01:32:58.595+0000][1][safepoint    ] Leaving safepoint region
[2022-06-13T01:32:58.596+0000][1][safepoint    ] Total time for which application threads were stopped: 0.0007693 seconds, Stopping threads took: 0.0003431 seconds
[2022-06-13T01:32:58.596+0000][1][safepoint    ] Application time: 0.0001622 seconds
[2022-06-13T01:32:58.596+0000][1][safepoint    ] Entering safepoint region: RevokeBias
[2022-06-13T01:32:58.596+0000][1][safepoint    ] Leaving safepoint region
[2022-06-13T01:32:58.597+0000][1][safepoint    ] Total time for which application threads were stopped: 0.0005435 seconds, Stopping threads took: 0.0002458 seconds
[2022-06-13T01:32:59.589+0000][1][safepoint    ] Application time: 0.9926166 seconds
[2022-06-13T01:32:59.590+0000][1][safepoint    ] Entering safepoint region: RevokeBias
[2022-06-13T01:32:59.591+0000][1][safepoint    ] Leaving safepoint region
[2022-06-13T01:32:59.591+0000][1][safepoint    ] Total time for which application threads were stopped: 0.0010440 seconds, Stopping threads took: 0.0004772 seconds
[2022-06-13T01:32:59.592+0000][1][safepoint    ] Application time: 0.0006856 seconds
[2022-06-13T01:32:59.592+0000][1][safepoint    ] Entering safepoint region: RevokeBias
[2022-06-13T01:32:59.593+0000][1][safepoint    ] Leaving safepoint region
[2022-06-13T01:32:59.593+0000][1][safepoint    ] Total time for which application threads were stopped: 0.0009335 seconds, Stopping threads took: 0.0003348 seconds
[2022-06-13T01:32:59.595+0000][1][safepoint    ] Application time: 0.0007939 seconds
[2022-06-13T01:32:59.595+0000][1][safepoint    ] Entering safepoint region: RevokeBias
[2022-06-13T01:32:59.596+0000][1][safepoint    ] Leaving safepoint region
[2022-06-13T01:32:59.596+0000][1][safepoint    ] Total time for which application threads were stopped: 0.0015580 seconds, Stopping threads took: 0.0008915 seconds
[2022-06-13T01:33:00.597+0000][1][safepoint    ] Application time: 1.0004172 seconds
[2022-06-13T01:33:00.598+0000][1][safepoint    ] Entering safepoint region: Cleanup
[2022-06-13T01:33:00.599+0000][1][safepoint    ] Leaving safepoint region
[2022-06-13T01:33:00.599+0000][1][safepoint    ] Total time for which application threads were stopped: 0.0017325 seconds, Stopping threads took: 0.0006609 seconds
[2022-06-13T01:33:01.589+0000][1][safepoint    ] Application time: 0.9892322 seconds
[2022-06-13T01:33:01.590+0000][1][safepoint    ] Entering safepoint region: RevokeBias
[2022-06-13T01:33:01.590+0000][1][safepoint    ] Leaving safepoint region
[2022-06-13T01:33:01.590+0000][1][safepoint    ] Total time for which application threads were stopped: 0.0007556 seconds, Stopping threads took: 0.0003604 seconds
[2022-06-13T01:33:01.622+0000][1][safepoint    ] Application time: 0.0313414 seconds
[2022-06-13T01:33:01.622+0000][1][safepoint    ] Entering safepoint region: RevokeBias
[2022-06-13T01:33:01.623+0000][1][safepoint    ] Leaving safepoint region
[2022-06-13T01:33:01.623+0000][1][safepoint    ] Total time for which application threads were stopped: 0.0010642 seconds, Stopping threads took: 0.0004039 seconds
[2022-06-13T01:33:01.625+0000][1][safepoint    ] Application time: 0.0006192 seconds
[2022-06-13T01:33:01.625+0000][1][safepoint    ] Entering safepoint region: RevokeBias
[2022-06-13T01:33:01.625+0000][1][safepoint    ] Leaving safepoint region
[2022-06-13T01:33:01.626+0000][1][safepoint    ] Total time for which application threads were stopped: 0.0008314 seconds, Stopping threads took: 0.0003581 seconds
[2022-06-13T01:33:01.631+0000][1][safepoint    ] Application time: 0.0044183 seconds
[2022-06-13T01:33:01.631+0000][1][safepoint    ] Entering safepoint region: RevokeBias
[2022-06-13T01:33:01.632+0000][1][safepoint    ] Leaving safepoint region
[2022-06-13T01:33:01.633+0000][1][safepoint    ] Total time for which application threads were stopped: 0.0014220 seconds, Stopping threads took: 0.0003781 seconds
[2022-06-13T01:33:01.633+0000][1][safepoint    ] Application time: 0.0005031 seconds
[2022-06-13T01:33:01.634+0000][1][safepoint    ] Entering safepoint region: RevokeBias
[2022-06-13T01:33:01.634+0000][1][safepoint    ] Leaving safepoint region
[2022-06-13T01:33:01.635+0000][1][safepoint    ] Total time for which application threads were stopped: 0.0010760 seconds, Stopping threads took: 0.0004299 seconds
[2022-06-13T01:33:02.590+0000][1][safepoint    ] Application time: 0.9547092 seconds
[2022-06-13T01:33:02.590+0000][1][safepoint    ] Entering safepoint region: RevokeBias
[2022-06-13T01:33:02.591+0000][1][safepoint    ] Leaving safepoint region
[2022-06-13T01:33:02.591+0000][1][safepoint    ] Total time for which application threads were stopped: 0.0008048 seconds, Stopping threads took: 0.0003552 seconds
[2022-06-13T01:33:02.592+0000][1][safepoint    ] Application time: 0.0006255 seconds
[2022-06-13T01:33:02.593+0000][1][safepoint    ] Entering safepoint region: RevokeBias
[2022-06-13T01:33:02.593+0000][1][safepoint    ] Leaving safepoint region
[2022-06-13T01:33:02.594+0000][1][safepoint    ] Total time for which application threads were stopped: 0.0013105 seconds, Stopping threads took: 0.0005752 seconds
[2022-06-13T01:33:02.595+0000][1][safepoint    ] Application time: 0.0007865 seconds
[2022-06-13T01:33:02.596+0000][1][safepoint    ] Entering safepoint region: RevokeBias
[2022-06-13T01:33:02.597+0000][1][safepoint    ] Leaving safepoint region
[2022-06-13T01:33:02.597+0000][1][safepoint    ] Total time for which application threads were stopped: 0.0017400 seconds, Stopping threads took: 0.0008505 seconds
[2022-06-13T01:33:03.590+0000][1][safepoint    ] Application time: 0.9923801 seconds
[2022-06-13T01:33:03.591+0000][1][safepoint    ] Entering safepoint region: RevokeBias
[2022-06-13T01:33:03.591+0000][1][safepoint    ] Leaving safepoint region
[2022-06-13T01:33:03.592+0000][1][safepoint    ] Total time for which application threads were stopped: 0.0008421 seconds, Stopping threads took: 0.0004794 seconds
[2022-06-13T01:33:03.593+0000][1][safepoint    ] Application time: 0.0011399 seconds
[2022-06-13T01:33:03.594+0000][1][safepoint    ] Entering safepoint region: RevokeBias
[2022-06-13T01:33:03.594+0000][1][safepoint    ] Leaving safepoint region
[2022-06-13T01:33:03.595+0000][1][safepoint    ] Total time for which application threads were stopped: 0.0011754 seconds, Stopping threads took: 0.0004565 seconds
[2022-06-13T01:33:03.596+0000][1][safepoint    ] Application time: 0.0005723 seconds
[2022-06-13T01:33:03.596+0000][1][safepoint    ] Entering safepoint region: RevokeBias
[2022-06-13T01:33:03.597+0000][1][safepoint    ] Leaving safepoint region
[2022-06-13T01:33:03.597+0000][1][safepoint    ] Total time for which application threads were stopped: 0.0010532 seconds, Stopping threads took: 0.0005030 seconds
[2022-06-13T01:33:04.598+0000][1][safepoint    ] Application time: 1.0002386 seconds
[2022-06-13T01:33:04.598+0000][1][safepoint    ] Entering safepoint region: Cleanup
[2022-06-13T01:33:04.598+0000][1][safepoint    ] Leaving safepoint region
[2022-06-13T01:33:04.599+0000][1][safepoint    ] Total time for which application threads were stopped: 0.0007228 seconds, Stopping threads took: 0.0003345 seconds
[2022-06-13T01:33:05.590+0000][1][safepoint    ] Application time: 0.9915377 seconds
[2022-06-13T01:33:05.591+0000][1][safepoint    ] Entering safepoint region: RevokeBias
[2022-06-13T01:33:05.592+0000][1][safepoint    ] Leaving safepoint region
[2022-06-13T01:33:05.592+0000][1][safepoint    ] Total time for which application threads were stopped: 0.0015770 seconds, Stopping threads took: 0.0009372 seconds
[2022-06-13T01:33:05.593+0000][1][safepoint    ] Application time: 0.0004218 seconds
[2022-06-13T01:33:05.594+0000][1][safepoint    ] Entering safepoint region: RevokeBias
[2022-06-13T01:33:05.595+0000][1][safepoint    ] Leaving safepoint region
[2022-06-13T01:33:05.596+0000][1][safepoint    ] Total time for which application threads were stopped: 0.0017534 seconds, Stopping threads took: 0.0010076 seconds
[2022-06-13T01:33:06.591+0000][1][safepoint    ] Application time: 0.9947846 seconds
[2022-06-13T01:33:06.592+0000][1][safepoint    ] Entering safepoint region: RevokeBias
[2022-06-13T01:33:06.592+0000][1][safepoint    ] Leaving safepoint region
[2022-06-13T01:33:06.593+0000][1][safepoint    ] Total time for which application threads were stopped: 0.0011311 seconds, Stopping threads took: 0.0006394 seconds
[2022-06-13T01:33:06.594+0000][1][safepoint    ] Application time: 0.0005653 seconds
[2022-06-13T01:33:06.594+0000][1][safepoint    ] Entering safepoint region: BulkRevokeBias
[2022-06-13T01:33:06.595+0000][1][safepoint    ] Leaving safepoint region
[2022-06-13T01:33:06.596+0000][1][safepoint    ] Total time for which application threads were stopped: 0.0018294 seconds, Stopping threads took: 0.0003237 seconds
[2022-06-13T01:33:06.597+0000][1][safepoint    ] Application time: 0.0006196 seconds
[2022-06-13T01:33:06.597+0000][1][safepoint    ] Entering safepoint region: BulkRevokeBias
[2022-06-13T01:33:06.598+0000][1][safepoint    ] Leaving safepoint region
[2022-06-13T01:33:06.599+0000][1][safepoint    ] Total time for which application threads were stopped: 0.0018799 seconds, Stopping threads took: 0.0006745 seconds
[2022-06-13T01:33:06.600+0000][1][safepoint    ] Application time: 0.0007607 seconds
[2022-06-13T01:33:06.600+0000][1][safepoint    ] Entering safepoint region: BulkRevokeBias
[2022-06-13T01:33:06.602+0000][1][safepoint    ] Leaving safepoint region
[2022-06-13T01:33:06.602+0000][1][safepoint    ] Total time for which application threads were stopped: 0.0020395 seconds, Stopping threads took: 0.0004811 seconds
[2022-06-13T01:33:07.603+0000][1][safepoint    ] Application time: 1.0002554 seconds
[2022-06-13T01:33:07.604+0000][1][safepoint    ] Entering safepoint region: Cleanup
[2022-06-13T01:33:07.605+0000][1][safepoint    ] Leaving safepoint region
[2022-06-13T01:33:07.605+0000][1][safepoint    ] Total time for which application threads were stopped: 0.0012018 seconds, Stopping threads took: 0.0006065 seconds
[2022-06-13T01:33:08.606+0000][1][safepoint    ] Application time: 1.0003253 seconds
[2022-06-13T01:33:08.607+0000][1][safepoint    ] Entering safepoint region: Cleanup
[2022-06-13T01:33:08.608+0000][1][safepoint    ] Leaving safepoint region
[2022-06-13T01:33:08.609+0000][1][safepoint    ] Total time for which application threads were stopped: 0.0013893 seconds, Stopping threads took: 0.0007170 seconds
[2022-06-13T01:33:09.594+0000][1][safepoint    ] Application time: 0.9848070 seconds
[2022-06-13T01:33:09.595+0000][1][safepoint    ] Entering safepoint region: RevokeBias
[2022-06-13T01:33:09.596+0000][1][safepoint    ] Leaving safepoint region
[2022-06-13T01:33:09.596+0000][1][safepoint    ] Total time for which application threads were stopped: 0.0013542 seconds, Stopping threads took: 0.0006553 seconds
[2022-06-13T01:33:10.593+0000][1][safepoint    ] Application time: 0.9967188 seconds
[2022-06-13T01:33:10.594+0000][1][safepoint    ] Entering safepoint region: BulkRevokeBias
[2022-06-13T01:33:10.596+0000][1][safepoint    ] Leaving safepoint region
[2022-06-13T01:33:10.596+0000][1][safepoint    ] Total time for which application threads were stopped: 0.0020152 seconds, Stopping threads took: 0.0009793 seconds
[2022-06-13T01:33:11.597+0000][1][safepoint    ] Application time: 1.0004149 seconds
[2022-06-13T01:33:11.598+0000][1][safepoint    ] Entering safepoint region: Cleanup
[2022-06-13T01:33:11.599+0000][1][safepoint    ] Leaving safepoint region
[2022-06-13T01:33:11.599+0000][1][safepoint    ] Total time for which application threads were stopped: 0.0017022 seconds, Stopping threads took: 0.0007348 seconds
[2022-06-13T01:33:12.600+0000][1][safepoint    ] Application time: 1.0001737 seconds
[2022-06-13T01:33:12.600+0000][1][safepoint    ] Entering safepoint region: Cleanup
[2022-06-13T01:33:12.601+0000][1][safepoint    ] Leaving safepoint region
[2022-06-13T01:33:12.601+0000][1][safepoint    ] Total time for which application threads were stopped: 0.0010767 seconds, Stopping threads took: 0.0006097 seconds
[2022-06-13T01:33:13.598+0000][1][safepoint    ] Application time: 0.9967260 seconds
[2022-06-13T01:33:13.599+0000][1][safepoint    ] Entering safepoint region: RevokeBias
[2022-06-13T01:33:13.601+0000][1][safepoint    ] Leaving safepoint region
[2022-06-13T01:33:13.602+0000][1][safepoint    ] Total time for which application threads were stopped: 0.0027504 seconds, Stopping threads took: 0.0008405 seconds
[2022-06-13T01:33:14.603+0000][1][safepoint    ] Application time: 1.0005326 seconds
[2022-06-13T01:33:14.604+0000][1][safepoint    ] Entering safepoint region: Cleanup
[2022-06-13T01:33:14.605+0000][1][safepoint    ] Leaving safepoint region
[2022-06-13T01:33:14.606+0000][1][safepoint    ] Total time for which application threads were stopped: 0.0012331 seconds, Stopping threads took: 0.0006012 seconds
[2022-06-13T01:33:15.606+0000][1][safepoint    ] Application time: 1.0002576 seconds
[2022-06-13T01:33:15.607+0000][1][safepoint    ] Entering safepoint region: Cleanup
[2022-06-13T01:33:15.608+0000][1][safepoint    ] Leaving safepoint region
[2022-06-13T01:33:15.609+0000][1][safepoint    ] Total time for which application threads were stopped: 0.0017789 seconds, Stopping threads took: 0.0008914 seconds
[2022-06-13T01:33:15.814+0000][1][safepoint    ] Application time: 0.2043018 seconds
[2022-06-13T01:33:15.814+0000][1][safepoint    ] Entering safepoint region: RevokeBias
[2022-06-13T01:33:15.815+0000][1][safepoint    ] Leaving safepoint region
[2022-06-13T01:33:15.815+0000][1][safepoint    ] Total time for which application threads were stopped: 0.0010723 seconds, Stopping threads took: 0.0004916 seconds
[2022-06-13T01:33:16.816+0000][1][safepoint    ] Application time: 1.0003034 seconds
[2022-06-13T01:33:16.817+0000][1][safepoint    ] Entering safepoint region: Cleanup
[2022-06-13T01:33:16.818+0000][1][safepoint    ] Leaving safepoint region
[2022-06-13T01:33:16.819+0000][1][safepoint    ] Total time for which application threads were stopped: 0.0016397 seconds, Stopping threads took: 0.0007350 seconds
[2022-06-13T01:33:17.820+0000][1][safepoint    ] Application time: 1.0002955 seconds
[2022-06-13T01:33:17.820+0000][1][safepoint    ] Entering safepoint region: Cleanup
[2022-06-13T01:33:17.821+0000][1][safepoint    ] Leaving safepoint region
[2022-06-13T01:33:17.822+0000][1][safepoint    ] Total time for which application threads were stopped: 0.0011926 seconds, Stopping threads took: 0.0004220 seconds
[2022-06-13T01:33:18.822+0000][1][safepoint    ] Application time: 1.0002212 seconds
[2022-06-13T01:33:18.823+0000][1][safepoint    ] Entering safepoint region: Cleanup
[2022-06-13T01:33:18.823+0000][1][safepoint    ] Leaving safepoint region
[2022-06-13T01:33:18.823+0000][1][safepoint    ] Total time for which application threads were stopped: 0.0005256 seconds, Stopping threads took: 0.0002161 seconds
[2022-06-13T01:33:19.824+0000][1][safepoint    ] Application time: 1.0001188 seconds
[2022-06-13T01:33:19.824+0000][1][safepoint    ] Entering safepoint region: Cleanup
[2022-06-13T01:33:19.825+0000][1][safepoint    ] Leaving safepoint region
[2022-06-13T01:33:19.825+0000][1][safepoint    ] Total time for which application threads were stopped: 0.0013706 seconds, Stopping threads took: 0.0009217 seconds
[2022-06-13T01:33:20.826+0000][1][safepoint    ] Application time: 1.0001501 seconds
[2022-06-13T01:33:20.827+0000][1][safepoint    ] Entering safepoint region: Cleanup
[2022-06-13T01:33:20.827+0000][1][safepoint    ] Leaving safepoint region
[2022-06-13T01:33:20.827+0000][1][safepoint    ] Total time for which application threads were stopped: 0.0009341 seconds, Stopping threads took: 0.0004143 seconds
[2022-06-13T01:33:21.828+0000][1][safepoint    ] Application time: 1.0002844 seconds
[2022-06-13T01:33:21.829+0000][1][safepoint    ] Entering safepoint region: Cleanup
[2022-06-13T01:33:21.830+0000][1][safepoint    ] Leaving safepoint region
[2022-06-13T01:33:21.831+0000][1][safepoint    ] Total time for which application threads were stopped: 0.0019735 seconds, Stopping threads took: 0.0009836 seconds
[2022-06-13T01:33:22.831+0000][1][safepoint    ] Application time: 1.0001661 seconds
[2022-06-13T01:33:22.832+0000][1][safepoint    ] Entering safepoint region: Cleanup
[2022-06-13T01:33:22.833+0000][1][safepoint    ] Leaving safepoint region
[2022-06-13T01:33:22.833+0000][1][safepoint    ] Total time for which application threads were stopped: 0.0010575 seconds, Stopping threads took: 0.0004863 seconds
[2022-06-13T01:33:23.834+0000][1][safepoint    ] Application time: 1.0002741 seconds
[2022-06-13T01:33:23.835+0000][1][safepoint    ] Entering safepoint region: Cleanup
[2022-06-13T01:33:23.836+0000][1][safepoint    ] Leaving safepoint region
[2022-06-13T01:33:23.837+0000][1][safepoint    ] Total time for which application threads were stopped: 0.0018124 seconds, Stopping threads took: 0.0006677 seconds
[2022-06-13T01:33:24.838+0000][1][safepoint    ] Application time: 1.0003865 seconds
[2022-06-13T01:33:24.839+0000][1][safepoint    ] Entering safepoint region: Cleanup
[2022-06-13T01:33:24.839+0000][1][safepoint    ] Leaving safepoint region
[2022-06-13T01:33:24.840+0000][1][safepoint    ] Total time for which application threads were stopped: 0.0012526 seconds, Stopping threads took: 0.0004331 seconds
[2022-06-13T01:33:25.841+0000][1][safepoint    ] Application time: 1.0002860 seconds
[2022-06-13T01:33:25.841+0000][1][safepoint    ] Entering safepoint region: Cleanup
[2022-06-13T01:33:25.842+0000][1][safepoint    ] Leaving safepoint region
[2022-06-13T01:33:25.843+0000][1][safepoint    ] Total time for which application threads were stopped: 0.0016407 seconds, Stopping threads took: 0.0006786 seconds
[2022-06-13T01:33:26.844+0000][1][safepoint    ] Application time: 1.0002925 seconds
[2022-06-13T01:33:26.845+0000][1][safepoint    ] Entering safepoint region: Cleanup
[2022-06-13T01:33:26.845+0000][1][safepoint    ] Leaving safepoint region
[2022-06-13T01:33:26.846+0000][1][safepoint    ] Total time for which application threads were stopped: 0.0011671 seconds, Stopping threads took: 0.0005620 seconds
[2022-06-13T01:33:27.847+0000][1][safepoint    ] Application time: 1.0001982 seconds
[2022-06-13T01:33:27.847+0000][1][safepoint    ] Entering safepoint region: Cleanup
[2022-06-13T01:33:27.848+0000][1][safepoint    ] Leaving safepoint region
[2022-06-13T01:33:27.848+0000][1][safepoint    ] Total time for which application threads were stopped: 0.0011253 seconds, Stopping threads took: 0.0004145 seconds
[2022-06-13T01:33:28.849+0000][1][safepoint    ] Application time: 1.0002380 seconds
[2022-06-13T01:33:28.850+0000][1][safepoint    ] Entering safepoint region: Cleanup
[2022-06-13T01:33:28.850+0000][1][safepoint    ] Leaving safepoint region
[2022-06-13T01:33:28.851+0000][1][safepoint    ] Total time for which application threads were stopped: 0.0010109 seconds, Stopping threads took: 0.0004886 seconds
[2022-06-13T01:33:29.851+0000][1][safepoint    ] Application time: 1.0001525 seconds
[2022-06-13T01:33:29.851+0000][1][safepoint    ] Entering safepoint region: Cleanup
[2022-06-13T01:33:29.852+0000][1][safepoint    ] Leaving safepoint region
[2022-06-13T01:33:29.852+0000][1][safepoint    ] Total time for which application threads were stopped: 0.0007313 seconds, Stopping threads took: 0.0002911 seconds
[2022-06-13T01:33:30.853+0000][1][safepoint    ] Application time: 1.0001958 seconds
[2022-06-13T01:33:30.853+0000][1][safepoint    ] Entering safepoint region: Cleanup
[2022-06-13T01:33:30.854+0000][1][safepoint    ] Leaving safepoint region
[2022-06-13T01:33:30.855+0000][1][safepoint    ] Total time for which application threads were stopped: 0.0013533 seconds, Stopping threads took: 0.0006439 seconds
[2022-06-13T01:33:31.855+0000][1][safepoint    ] Application time: 1.0001512 seconds
[2022-06-13T01:33:31.856+0000][1][safepoint    ] Entering safepoint region: Cleanup
[2022-06-13T01:33:31.857+0000][1][safepoint    ] Leaving safepoint region
[2022-06-13T01:33:31.857+0000][1][safepoint    ] Total time for which application threads were stopped: 0.0007937 seconds, Stopping threads took: 0.0003857 seconds
[2022-06-13T01:33:32.858+0000][1][safepoint    ] Application time: 1.0002755 seconds
[2022-06-13T01:33:32.859+0000][1][safepoint    ] Entering safepoint region: Cleanup
[2022-06-13T01:33:32.859+0000][1][safepoint    ] Leaving safepoint region
[2022-06-13T01:33:32.860+0000][1][safepoint    ] Total time for which application threads were stopped: 0.0013138 seconds, Stopping threads took: 0.0003775 seconds
[2022-06-13T01:33:33.861+0000][1][safepoint    ] Application time: 1.0003463 seconds
[2022-06-13T01:33:33.862+0000][1][safepoint    ] Entering safepoint region: Cleanup
[2022-06-13T01:33:33.863+0000][1][safepoint    ] Leaving safepoint region
[2022-06-13T01:33:33.864+0000][1][safepoint    ] Total time for which application threads were stopped: 0.0020760 seconds, Stopping threads took: 0.0009855 seconds
[2022-06-13T01:33:34.865+0000][1][safepoint    ] Application time: 1.0002058 seconds
[2022-06-13T01:33:34.865+0000][1][safepoint    ] Entering safepoint region: Cleanup
[2022-06-13T01:33:34.865+0000][1][safepoint    ] Leaving safepoint region
[2022-06-13T01:33:34.866+0000][1][safepoint    ] Total time for which application threads were stopped: 0.0006960 seconds, Stopping threads took: 0.0002743 seconds
[2022-06-13T01:33:35.866+0000][1][safepoint    ] Application time: 1.0002581 seconds
[2022-06-13T01:33:35.867+0000][1][safepoint    ] Entering safepoint region: Cleanup
[2022-06-13T01:33:35.868+0000][1][safepoint    ] Leaving safepoint region
[2022-06-13T01:33:35.868+0000][1][safepoint    ] Total time for which application threads were stopped: 0.0008532 seconds, Stopping threads took: 0.0003163 seconds
[2022-06-13T01:33:36.869+0000][1][safepoint    ] Application time: 1.0002316 seconds
[2022-06-13T01:33:36.870+0000][1][safepoint    ] Entering safepoint region: Cleanup
[2022-06-13T01:33:36.871+0000][1][safepoint    ] Leaving safepoint region
[2022-06-13T01:33:36.871+0000][1][safepoint    ] Total time for which application threads were stopped: 0.0017859 seconds, Stopping threads took: 0.0008226 seconds
[2022-06-13T01:33:37.872+0000][1][safepoint    ] Application time: 1.0003222 seconds
[2022-06-13T01:33:37.873+0000][1][safepoint    ] Entering safepoint region: Cleanup
[2022-06-13T01:33:37.875+0000][1][safepoint    ] Leaving safepoint region
[2022-06-13T01:33:37.875+0000][1][safepoint    ] Total time for which application threads were stopped: 0.0020749 seconds, Stopping threads took: 0.0007767 seconds
[2022-06-13T01:33:38.876+0000][1][safepoint    ] Application time: 1.0002698 seconds
[2022-06-13T01:33:38.877+0000][1][safepoint    ] Entering safepoint region: Cleanup
[2022-06-13T01:33:38.878+0000][1][safepoint    ] Leaving safepoint region
[2022-06-13T01:33:38.878+0000][1][safepoint    ] Total time for which application threads were stopped: 0.0010144 seconds, Stopping threads took: 0.0004388 seconds
[2022-06-13T01:33:39.879+0000][1][safepoint    ] Application time: 1.0002683 seconds
[2022-06-13T01:33:39.880+0000][1][safepoint    ] Entering safepoint region: Cleanup
[2022-06-13T01:33:39.880+0000][1][safepoint    ] Leaving safepoint region
[2022-06-13T01:33:39.881+0000][1][safepoint    ] Total time for which application threads were stopped: 0.0007736 seconds, Stopping threads took: 0.0003583 seconds
[2022-06-13T01:33:40.881+0000][1][safepoint    ] Application time: 1.0002584 seconds
[2022-06-13T01:33:40.882+0000][1][safepoint    ] Entering safepoint region: Cleanup
[2022-06-13T01:33:40.883+0000][1][safepoint    ] Leaving safepoint region
[2022-06-13T01:33:40.884+0000][1][safepoint    ] Total time for which application threads were stopped: 0.0017031 seconds, Stopping threads took: 0.0008210 seconds
[2022-06-13T01:33:41.885+0000][1][safepoint    ] Application time: 1.0003733 seconds
[2022-06-13T01:33:41.886+0000][1][safepoint    ] Entering safepoint region: Cleanup
[2022-06-13T01:33:41.886+0000][1][safepoint    ] Leaving safepoint region
[2022-06-13T01:33:41.887+0000][1][safepoint    ] Total time for which application threads were stopped: 0.0012536 seconds, Stopping threads took: 0.0006789 seconds
[2022-06-13T01:33:42.888+0000][1][safepoint    ] Application time: 1.0004561 seconds
[2022-06-13T01:33:42.889+0000][1][safepoint    ] Entering safepoint region: Cleanup
[2022-06-13T01:33:42.889+0000][1][safepoint    ] Leaving safepoint region
[2022-06-13T01:33:42.890+0000][1][safepoint    ] Total time for which application threads were stopped: 0.0011105 seconds, Stopping threads took: 0.0004594 seconds
[2022-06-13T01:33:43.890+0000][1][safepoint    ] Application time: 1.0003878 seconds
[2022-06-13T01:33:43.891+0000][1][safepoint    ] Entering safepoint region: Cleanup
[2022-06-13T01:33:43.892+0000][1][safepoint    ] Leaving safepoint region
[2022-06-13T01:33:43.893+0000][1][safepoint    ] Total time for which application threads were stopped: 0.0018302 seconds, Stopping threads took: 0.0010286 seconds
[2022-06-13T01:33:44.613+0000][1][safepoint    ] Application time: 0.7194530 seconds
[2022-06-13T01:33:44.614+0000][1][safepoint    ] Entering safepoint region: RevokeBias
[2022-06-13T01:33:44.615+0000][1][safepoint    ] Leaving safepoint region
[2022-06-13T01:33:44.615+0000][1][safepoint    ] Total time for which application threads were stopped: 0.0016223 seconds, Stopping threads took: 0.0008521 seconds
[2022-06-13T01:33:44.616+0000][1][safepoint    ] Application time: 0.0006188 seconds
[2022-06-13T01:33:44.617+0000][1][safepoint    ] Entering safepoint region: RevokeBias
[2022-06-13T01:33:44.617+0000][1][safepoint    ] Leaving safepoint region
[2022-06-13T01:33:44.618+0000][1][safepoint    ] Total time for which application threads were stopped: 0.0006968 seconds, Stopping threads took: 0.0003400 seconds
[2022-06-13T01:33:45.618+0000][1][safepoint    ] Application time: 1.0002400 seconds
[2022-06-13T01:33:45.619+0000][1][safepoint    ] Entering safepoint region: Cleanup
[2022-06-13T01:33:45.619+0000][1][safepoint    ] Leaving safepoint region
[2022-06-13T01:33:45.620+0000][1][safepoint    ] Total time for which application threads were stopped: 0.0009078 seconds, Stopping threads took: 0.0004505 seconds
[2022-06-13T01:33:46.620+0000][1][safepoint    ] Application time: 1.0002196 seconds
[2022-06-13T01:33:46.621+0000][1][safepoint    ] Entering safepoint region: Cleanup
[2022-06-13T01:33:46.622+0000][1][safepoint    ] Leaving safepoint region
[2022-06-13T01:33:46.622+0000][1][safepoint    ] Total time for which application threads were stopped: 0.0014162 seconds, Stopping threads took: 0.0006259 seconds
[2022-06-13T01:33:47.623+0000][1][safepoint    ] Application time: 1.0004566 seconds
[2022-06-13T01:33:47.624+0000][1][safepoint    ] Entering safepoint region: Cleanup
[2022-06-13T01:33:47.625+0000][1][safepoint    ] Leaving safepoint region
[2022-06-13T01:33:47.626+0000][1][safepoint    ] Total time for which application threads were stopped: 0.0015077 seconds, Stopping threads took: 0.0005851 seconds
[2022-06-13T01:33:48.627+0000][1][safepoint    ] Application time: 1.0003097 seconds
[2022-06-13T01:33:48.627+0000][1][safepoint    ] Entering safepoint region: Cleanup
[2022-06-13T01:33:48.628+0000][1][safepoint    ] Leaving safepoint region
[2022-06-13T01:33:48.628+0000][1][safepoint    ] Total time for which application threads were stopped: 0.0010167 seconds, Stopping threads took: 0.0004596 seconds
[2022-06-13T01:33:49.629+0000][1][safepoint    ] Application time: 1.0002406 seconds
[2022-06-13T01:33:49.630+0000][1][safepoint    ] Entering safepoint region: Cleanup
[2022-06-13T01:33:49.631+0000][1][safepoint    ] Leaving safepoint region
[2022-06-13T01:33:49.631+0000][1][safepoint    ] Total time for which application threads were stopped: 0.0011002 seconds, Stopping threads took: 0.0004741 seconds
[2022-06-13T01:33:50.632+0000][1][safepoint    ] Application time: 1.0002227 seconds
[2022-06-13T01:33:50.633+0000][1][safepoint    ] Entering safepoint region: Cleanup
[2022-06-13T01:33:50.634+0000][1][safepoint    ] Leaving safepoint region
[2022-06-13T01:33:50.635+0000][1][safepoint    ] Total time for which application threads were stopped: 0.0017336 seconds, Stopping threads took: 0.0009188 seconds
[2022-06-13T01:33:51.635+0000][1][safepoint    ] Application time: 1.0002965 seconds
[2022-06-13T01:33:51.636+0000][1][safepoint    ] Entering safepoint region: Cleanup
[2022-06-13T01:33:51.637+0000][1][safepoint    ] Leaving safepoint region
[2022-06-13T01:33:51.638+0000][1][safepoint    ] Total time for which application threads were stopped: 0.0016995 seconds, Stopping threads took: 0.0008286 seconds
[2022-06-13T01:33:52.639+0000][1][safepoint    ] Application time: 1.0003321 seconds
[2022-06-13T01:33:52.640+0000][1][safepoint    ] Entering safepoint region: Cleanup
[2022-06-13T01:33:52.640+0000][1][safepoint    ] Leaving safepoint region
[2022-06-13T01:33:52.641+0000][1][safepoint    ] Total time for which application threads were stopped: 0.0012957 seconds, Stopping threads took: 0.0006287 seconds
[2022-06-13T01:33:53.642+0000][1][safepoint    ] Application time: 1.0002648 seconds
[2022-06-13T01:33:53.643+0000][1][safepoint    ] Entering safepoint region: Cleanup
[2022-06-13T01:33:53.644+0000][1][safepoint    ] Leaving safepoint region
[2022-06-13T01:33:53.644+0000][1][safepoint    ] Total time for which application threads were stopped: 0.0012908 seconds, Stopping threads took: 0.0005548 seconds
[2022-06-13T01:33:54.645+0000][1][safepoint    ] Application time: 1.0002731 seconds
[2022-06-13T01:33:54.646+0000][1][safepoint    ] Entering safepoint region: Cleanup
[2022-06-13T01:33:54.647+0000][1][safepoint    ] Leaving safepoint region
[2022-06-13T01:33:54.647+0000][1][safepoint    ] Total time for which application threads were stopped: 0.0009114 seconds, Stopping threads took: 0.0004021 seconds
[2022-06-13T01:33:55.648+0000][1][safepoint    ] Application time: 1.0002902 seconds
[2022-06-13T01:33:55.649+0000][1][safepoint    ] Entering safepoint region: Cleanup
[2022-06-13T01:33:55.650+0000][1][safepoint    ] Leaving safepoint region
[2022-06-13T01:33:55.651+0000][1][safepoint    ] Total time for which application threads were stopped: 0.0019729 seconds, Stopping threads took: 0.0010010 seconds
[2022-06-13T01:33:56.652+0000][1][safepoint    ] Application time: 1.0002879 seconds
[2022-06-13T01:33:56.653+0000][1][safepoint    ] Entering safepoint region: Cleanup
[2022-06-13T01:33:56.654+0000][1][safepoint    ] Leaving safepoint region
[2022-06-13T01:33:56.654+0000][1][safepoint    ] Total time for which application threads were stopped: 0.0013881 seconds, Stopping threads took: 0.0005797 seconds
[2022-06-13T01:33:57.655+0000][1][safepoint    ] Application time: 1.0002594 seconds
[2022-06-13T01:33:57.656+0000][1][safepoint    ] Entering safepoint region: Cleanup
[2022-06-13T01:33:57.656+0000][1][safepoint    ] Leaving safepoint region
[2022-06-13T01:33:57.657+0000][1][safepoint    ] Total time for which application threads were stopped: 0.0014767 seconds, Stopping threads took: 0.0005417 seconds
[2022-06-13T01:33:58.658+0000][1][safepoint    ] Application time: 1.0001562 seconds
[2022-06-13T01:33:58.658+0000][1][safepoint    ] Entering safepoint region: Cleanup
[2022-06-13T01:33:58.658+0000][1][safepoint    ] Leaving safepoint region
[2022-06-13T01:33:58.659+0000][1][safepoint    ] Total time for which application threads were stopped: 0.0006506 seconds, Stopping threads took: 0.0002894 seconds
[2022-06-13T01:33:59.659+0000][1][safepoint    ] Application time: 1.0002615 seconds
[2022-06-13T01:33:59.660+0000][1][safepoint    ] Entering safepoint region: Cleanup
[2022-06-13T01:33:59.661+0000][1][safepoint    ] Leaving safepoint region
[2022-06-13T01:33:59.662+0000][1][safepoint    ] Total time for which application threads were stopped: 0.0014095 seconds, Stopping threads took: 0.0007562 seconds
[2022-06-13T01:34:00.663+0000][1][safepoint    ] Application time: 1.0002667 seconds
[2022-06-13T01:34:00.664+0000][1][safepoint    ] Entering safepoint region: Cleanup
[2022-06-13T01:34:00.665+0000][1][safepoint    ] Leaving safepoint region
[2022-06-13T01:34:00.665+0000][1][safepoint    ] Total time for which application threads were stopped: 0.0017347 seconds, Stopping threads took: 0.0008430 seconds
[2022-06-13T01:34:01.666+0000][1][safepoint    ] Application time: 1.0002197 seconds
[2022-06-13T01:34:01.667+0000][1][safepoint    ] Entering safepoint region: Cleanup
[2022-06-13T01:34:01.668+0000][1][safepoint    ] Leaving safepoint region
[2022-06-13T01:34:01.669+0000][1][safepoint    ] Total time for which application threads were stopped: 0.0014586 seconds, Stopping threads took: 0.0004588 seconds
[2022-06-13T01:34:02.669+0000][1][safepoint    ] Application time: 1.0001592 seconds
[2022-06-13T01:34:02.670+0000][1][safepoint    ] Entering safepoint region: Cleanup
[2022-06-13T01:34:02.670+0000][1][safepoint    ] Leaving safepoint region
[2022-06-13T01:34:02.671+0000][1][safepoint    ] Total time for which application threads were stopped: 0.0009593 seconds, Stopping threads took: 0.0003714 seconds
[2022-06-13T01:34:03.671+0000][1][safepoint    ] Application time: 1.0003386 seconds
[2022-06-13T01:34:03.672+0000][1][safepoint    ] Entering safepoint region: Cleanup
[2022-06-13T01:34:03.672+0000][1][safepoint    ] Leaving safepoint region
[2022-06-13T01:34:03.673+0000][1][safepoint    ] Total time for which application threads were stopped: 0.0010534 seconds, Stopping threads took: 0.0004821 seconds
[2022-06-13T01:34:04.674+0000][1][safepoint    ] Application time: 1.0001756 seconds
[2022-06-13T01:34:04.674+0000][1][safepoint    ] Entering safepoint region: Cleanup
[2022-06-13T01:34:04.675+0000][1][safepoint    ] Leaving safepoint region
[2022-06-13T01:34:04.675+0000][1][safepoint    ] Total time for which application threads were stopped: 0.0010273 seconds, Stopping threads took: 0.0005470 seconds
[2022-06-13T01:34:05.676+0000][1][safepoint    ] Application time: 1.0002984 seconds
[2022-06-13T01:34:05.677+0000][1][safepoint    ] Entering safepoint region: Cleanup
[2022-06-13T01:34:05.678+0000][1][safepoint    ] Leaving safepoint region
[2022-06-13T01:34:05.679+0000][1][safepoint    ] Total time for which application threads were stopped: 0.0013583 seconds, Stopping threads took: 0.0005795 seconds
[2022-06-13T01:34:06.680+0000][1][safepoint    ] Application time: 1.0004836 seconds
[2022-06-13T01:34:06.681+0000][1][safepoint    ] Entering safepoint region: Cleanup
[2022-06-13T01:34:06.682+0000][1][safepoint    ] Leaving safepoint region
[2022-06-13T01:34:06.683+0000][1][safepoint    ] Total time for which application threads were stopped: 0.0018677 seconds, Stopping threads took: 0.0007079 seconds
[2022-06-13T01:34:07.684+0000][1][safepoint    ] Application time: 1.0003332 seconds
[2022-06-13T01:34:07.685+0000][1][safepoint    ] Entering safepoint region: Cleanup
[2022-06-13T01:34:07.686+0000][1][safepoint    ] Leaving safepoint region
[2022-06-13T01:34:07.687+0000][1][safepoint    ] Total time for which application threads were stopped: 0.0020642 seconds, Stopping threads took: 0.0010800 seconds
[2022-06-13T01:34:08.688+0000][1][safepoint    ] Application time: 1.0001309 seconds
[2022-06-13T01:34:08.689+0000][1][safepoint    ] Entering safepoint region: Cleanup
[2022-06-13T01:34:08.689+0000][1][safepoint    ] Leaving safepoint region
[2022-06-13T01:34:08.690+0000][1][safepoint    ] Total time for which application threads were stopped: 0.0008232 seconds, Stopping threads took: 0.0003774 seconds
[2022-06-13T01:34:09.690+0000][1][safepoint    ] Application time: 1.0003164 seconds
[2022-06-13T01:34:09.691+0000][1][safepoint    ] Entering safepoint region: Cleanup
[2022-06-13T01:34:09.692+0000][1][safepoint    ] Leaving safepoint region
[2022-06-13T01:34:09.692+0000][1][safepoint    ] Total time for which application threads were stopped: 0.0013790 seconds, Stopping threads took: 0.0006775 seconds
[2022-06-13T01:34:10.693+0000][1][safepoint    ] Application time: 1.0003561 seconds
[2022-06-13T01:34:10.695+0000][1][safepoint    ] Entering safepoint region: Cleanup
[2022-06-13T01:34:10.695+0000][1][safepoint    ] Leaving safepoint region
[2022-06-13T01:34:10.696+0000][1][safepoint    ] Total time for which application threads were stopped: 0.0013868 seconds, Stopping threads took: 0.0006819 seconds
[2022-06-13T01:34:11.697+0000][1][safepoint    ] Application time: 1.0001933 seconds
[2022-06-13T01:34:11.698+0000][1][safepoint    ] Entering safepoint region: Cleanup
[2022-06-13T01:34:11.699+0000][1][safepoint    ] Leaving safepoint region
[2022-06-13T01:34:11.699+0000][1][safepoint    ] Total time for which application threads were stopped: 0.0014880 seconds, Stopping threads took: 0.0006604 seconds
[2022-06-13T01:34:12.700+0000][1][safepoint    ] Application time: 1.0002880 seconds
[2022-06-13T01:34:12.701+0000][1][safepoint    ] Entering safepoint region: Cleanup
[2022-06-13T01:34:12.702+0000][1][safepoint    ] Leaving safepoint region
[2022-06-13T01:34:12.703+0000][1][safepoint    ] Total time for which application threads were stopped: 0.0020070 seconds, Stopping threads took: 0.0009261 seconds
[2022-06-13T01:34:13.704+0000][1][safepoint    ] Application time: 1.0003327 seconds
[2022-06-13T01:34:13.705+0000][1][safepoint    ] Entering safepoint region: Cleanup
[2022-06-13T01:34:13.705+0000][1][safepoint    ] Leaving safepoint region
[2022-06-13T01:34:13.705+0000][1][safepoint    ] Total time for which application threads were stopped: 0.0008535 seconds, Stopping threads took: 0.0003711 seconds
[2022-06-13T01:34:14.706+0000][1][safepoint    ] Application time: 1.0002203 seconds
[2022-06-13T01:34:14.707+0000][1][safepoint    ] Entering safepoint region: Cleanup
[2022-06-13T01:34:14.708+0000][1][safepoint    ] Leaving safepoint region
[2022-06-13T01:34:14.708+0000][1][safepoint    ] Total time for which application threads were stopped: 0.0015490 seconds, Stopping threads took: 0.0006516 seconds
[2022-06-13T01:34:15.709+0000][1][safepoint    ] Application time: 1.0001702 seconds
[2022-06-13T01:34:15.710+0000][1][safepoint    ] Entering safepoint region: Cleanup
[2022-06-13T01:34:15.711+0000][1][safepoint    ] Leaving safepoint region
[2022-06-13T01:34:15.711+0000][1][safepoint    ] Total time for which application threads were stopped: 0.0016192 seconds, Stopping threads took: 0.0008906 seconds
[2022-06-13T01:34:16.310+0000][1][safepoint    ] Application time: 0.5979489 seconds
[2022-06-13T01:34:16.311+0000][1][safepoint    ] Entering safepoint region: GenCollectForAllocation
[2022-06-13T01:34:16.312+0000][1][gc,start     ] GC(22) Pause Young (Allocation Failure)
[2022-06-13T01:34:16.312+0000][1][gc,task      ] GC(22) Using 5 workers of 13 for evacuation
[2022-06-13T01:34:16.322+0000][1][gc,age       ] GC(22) Desired survivor size 4456448 bytes, new threshold 2 (max threshold 6)
[2022-06-13T01:34:16.322+0000][1][gc,age       ] GC(22) Age table with threshold 2 (max threshold 6)
[2022-06-13T01:34:16.323+0000][1][gc,age       ] GC(22) - age   1:    1425368 bytes,    1425368 total
[2022-06-13T01:34:16.324+0000][1][gc,age       ] GC(22) - age   2:    3643064 bytes,    5068432 total
[2022-06-13T01:34:16.324+0000][1][gc,heap      ] GC(22) ParNew: 76799K->8025K(78656K)
[2022-06-13T01:34:16.325+0000][1][gc,heap      ] GC(22) CMS: 62548K->64012K(174784K)
[2022-06-13T01:34:16.325+0000][1][gc,metaspace ] GC(22) Metaspace: 64705K->64705K(1107968K)
[2022-06-13T01:34:16.326+0000][1][gc           ] GC(22) Pause Young (Allocation Failure) 136M->70M(247M) 13.977ms
[2022-06-13T01:34:16.326+0000][1][gc,cpu       ] GC(22) User=0.04s Sys=0.00s Real=0.01s
[2022-06-13T01:34:16.327+0000][1][safepoint    ] Leaving safepoint region
[2022-06-13T01:34:16.327+0000][1][safepoint    ] Total time for which application threads were stopped: 0.0165791 seconds, Stopping threads took: 0.0006860 seconds
[2022-06-13T01:34:17.328+0000][1][safepoint    ] Application time: 1.0003456 seconds
[2022-06-13T01:34:17.328+0000][1][safepoint    ] Entering safepoint region: Cleanup
[2022-06-13T01:34:17.329+0000][1][safepoint    ] Leaving safepoint region
[2022-06-13T01:34:17.329+0000][1][safepoint    ] Total time for which application threads were stopped: 0.0007619 seconds, Stopping threads took: 0.0002758 seconds
[2022-06-13T01:34:18.330+0000][1][safepoint    ] Application time: 1.0002736 seconds
[2022-06-13T01:34:18.331+0000][1][safepoint    ] Entering safepoint region: Cleanup
[2022-06-13T01:34:18.331+0000][1][safepoint    ] Leaving safepoint region
[2022-06-13T01:34:18.332+0000][1][safepoint    ] Total time for which application threads were stopped: 0.0012994 seconds, Stopping threads took: 0.0005542 seconds
[2022-06-13T01:34:19.332+0000][1][safepoint    ] Application time: 1.0002040 seconds
[2022-06-13T01:34:19.333+0000][1][safepoint    ] Entering safepoint region: Cleanup
[2022-06-13T01:34:19.333+0000][1][safepoint    ] Leaving safepoint region
[2022-06-13T01:34:19.334+0000][1][safepoint    ] Total time for which application threads were stopped: 0.0006526 seconds, Stopping threads took: 0.0002904 seconds
[2022-06-13T01:34:20.334+0000][1][safepoint    ] Application time: 1.0003030 seconds
[2022-06-13T01:34:20.335+0000][1][safepoint    ] Entering safepoint region: Cleanup
[2022-06-13T01:34:20.336+0000][1][safepoint    ] Leaving safepoint region
[2022-06-13T01:34:20.337+0000][1][safepoint    ] Total time for which application threads were stopped: 0.0016631 seconds, Stopping threads took: 0.0006734 seconds
[2022-06-13T01:34:21.338+0000][1][safepoint    ] Application time: 1.0001954 seconds
[2022-06-13T01:34:21.339+0000][1][safepoint    ] Entering safepoint region: Cleanup
[2022-06-13T01:34:21.339+0000][1][safepoint    ] Leaving safepoint region
[2022-06-13T01:34:21.340+0000][1][safepoint    ] Total time for which application threads were stopped: 0.0012575 seconds, Stopping threads took: 0.0006436 seconds
[2022-06-13T01:34:22.341+0000][1][safepoint    ] Application time: 1.0003135 seconds
[2022-06-13T01:34:22.342+0000][1][safepoint    ] Entering safepoint region: Cleanup
[2022-06-13T01:34:22.342+0000][1][safepoint    ] Leaving safepoint region
[2022-06-13T01:34:22.343+0000][1][safepoint    ] Total time for which application threads were stopped: 0.0012686 seconds, Stopping threads took: 0.0005917 seconds
[2022-06-13T01:34:23.343+0000][1][safepoint    ] Application time: 1.0004484 seconds
[2022-06-13T01:34:23.344+0000][1][safepoint    ] Entering safepoint region: Cleanup
[2022-06-13T01:34:23.345+0000][1][safepoint    ] Leaving safepoint region
[2022-06-13T01:34:23.346+0000][1][safepoint    ] Total time for which application threads were stopped: 0.0013994 seconds, Stopping threads took: 0.0006368 seconds
[2022-06-13T01:34:24.346+0000][1][safepoint    ] Application time: 1.0002659 seconds
[2022-06-13T01:34:24.347+0000][1][safepoint    ] Entering safepoint region: Cleanup
[2022-06-13T01:34:24.347+0000][1][safepoint    ] Leaving safepoint region
[2022-06-13T01:34:24.348+0000][1][safepoint    ] Total time for which application threads were stopped: 0.0008698 seconds, Stopping threads took: 0.0003027 seconds
[2022-06-13T01:34:25.348+0000][1][safepoint    ] Application time: 1.0002534 seconds
[2022-06-13T01:34:25.349+0000][1][safepoint    ] Entering safepoint region: Cleanup
[2022-06-13T01:34:25.350+0000][1][safepoint    ] Leaving safepoint region
[2022-06-13T01:34:25.351+0000][1][safepoint    ] Total time for which application threads were stopped: 0.0017249 seconds, Stopping threads took: 0.0007048 seconds
[2022-06-13T01:34:26.352+0000][1][safepoint    ] Application time: 1.0002519 seconds
[2022-06-13T01:34:26.352+0000][1][safepoint    ] Entering safepoint region: Cleanup
[2022-06-13T01:34:26.353+0000][1][safepoint    ] Leaving safepoint region
[2022-06-13T01:34:26.354+0000][1][safepoint    ] Total time for which application threads were stopped: 0.0015512 seconds, Stopping threads took: 0.0004731 seconds
[2022-06-13T01:34:27.355+0000][1][safepoint    ] Application time: 1.0002016 seconds
[2022-06-13T01:34:27.356+0000][1][safepoint    ] Entering safepoint region: Cleanup
[2022-06-13T01:34:27.357+0000][1][safepoint    ] Leaving safepoint region
[2022-06-13T01:34:27.357+0000][1][safepoint    ] Total time for which application threads were stopped: 0.0016665 seconds, Stopping threads took: 0.0007322 seconds
[2022-06-13T01:34:28.358+0000][1][safepoint    ] Application time: 1.0002419 seconds
[2022-06-13T01:34:28.359+0000][1][safepoint    ] Entering safepoint region: Cleanup
[2022-06-13T01:34:28.360+0000][1][safepoint    ] Leaving safepoint region
[2022-06-13T01:34:28.361+0000][1][safepoint    ] Total time for which application threads were stopped: 0.0020735 seconds, Stopping threads took: 0.0008032 seconds
[2022-06-13T01:34:29.362+0000][1][safepoint    ] Application time: 1.0002060 seconds
[2022-06-13T01:34:29.363+0000][1][safepoint    ] Entering safepoint region: Cleanup
[2022-06-13T01:34:29.364+0000][1][safepoint    ] Leaving safepoint region
[2022-06-13T01:34:29.365+0000][1][safepoint    ] Total time for which application threads were stopped: 0.0017107 seconds, Stopping threads took: 0.0007835 seconds
[2022-06-13T01:34:30.366+0000][1][safepoint    ] Application time: 1.0001765 seconds
[2022-06-13T01:34:30.367+0000][1][safepoint    ] Entering safepoint region: Cleanup
[2022-06-13T01:34:30.368+0000][1][safepoint    ] Leaving safepoint region
[2022-06-13T01:34:30.368+0000][1][safepoint    ] Total time for which application threads were stopped: 0.0016047 seconds, Stopping threads took: 0.0007280 seconds
[2022-06-13T01:34:31.369+0000][1][safepoint    ] Application time: 1.0002076 seconds
[2022-06-13T01:34:31.370+0000][1][safepoint    ] Entering safepoint region: Cleanup
[2022-06-13T01:34:31.370+0000][1][safepoint    ] Leaving safepoint region
[2022-06-13T01:34:31.371+0000][1][safepoint    ] Total time for which application threads were stopped: 0.0010801 seconds, Stopping threads took: 0.0004412 seconds
[2022-06-13T01:34:32.371+0000][1][safepoint    ] Application time: 1.0002812 seconds
[2022-06-13T01:34:32.373+0000][1][safepoint    ] Entering safepoint region: Cleanup
[2022-06-13T01:34:32.373+0000][1][safepoint    ] Leaving safepoint region
[2022-06-13T01:34:32.374+0000][1][safepoint    ] Total time for which application threads were stopped: 0.0016209 seconds, Stopping threads took: 0.0007036 seconds
[2022-06-13T01:34:33.375+0000][1][safepoint    ] Application time: 1.0002243 seconds
[2022-06-13T01:34:33.376+0000][1][safepoint    ] Entering safepoint region: Cleanup
[2022-06-13T01:34:33.377+0000][1][safepoint    ] Leaving safepoint region
[2022-06-13T01:34:33.377+0000][1][safepoint    ] Total time for which application threads were stopped: 0.0015875 seconds, Stopping threads took: 0.0006023 seconds
[2022-06-13T01:34:34.378+0000][1][safepoint    ] Application time: 1.0001949 seconds
[2022-06-13T01:34:34.379+0000][1][safepoint    ] Entering safepoint region: Cleanup
[2022-06-13T01:34:34.379+0000][1][safepoint    ] Leaving safepoint region
[2022-06-13T01:34:34.380+0000][1][safepoint    ] Total time for which application threads were stopped: 0.0011631 seconds, Stopping threads took: 0.0004449 seconds
[2022-06-13T01:34:35.380+0000][1][safepoint    ] Application time: 1.0001912 seconds
[2022-06-13T01:34:35.381+0000][1][safepoint    ] Entering safepoint region: Cleanup
[2022-06-13T01:34:35.382+0000][1][safepoint    ] Leaving safepoint region
[2022-06-13T01:34:35.382+0000][1][safepoint    ] Total time for which application threads were stopped: 0.0010377 seconds, Stopping threads took: 0.0004598 seconds
[2022-06-13T01:34:36.383+0000][1][safepoint    ] Application time: 1.0001733 seconds
[2022-06-13T01:34:36.383+0000][1][safepoint    ] Entering safepoint region: Cleanup
[2022-06-13T01:34:36.384+0000][1][safepoint    ] Leaving safepoint region
[2022-06-13T01:34:36.385+0000][1][safepoint    ] Total time for which application threads were stopped: 0.0013958 seconds, Stopping threads took: 0.0006963 seconds
[2022-06-13T01:34:37.386+0000][1][safepoint    ] Application time: 1.0002218 seconds
[2022-06-13T01:34:37.386+0000][1][safepoint    ] Entering safepoint region: Cleanup
[2022-06-13T01:34:37.387+0000][1][safepoint    ] Leaving safepoint region
[2022-06-13T01:34:37.387+0000][1][safepoint    ] Total time for which application threads were stopped: 0.0009211 seconds, Stopping threads took: 0.0003735 seconds
[2022-06-13T01:34:38.388+0000][1][safepoint    ] Application time: 1.0002308 seconds
[2022-06-13T01:34:38.389+0000][1][safepoint    ] Entering safepoint region: Cleanup
[2022-06-13T01:34:38.391+0000][1][safepoint    ] Leaving safepoint region
[2022-06-13T01:34:38.391+0000][1][safepoint    ] Total time for which application threads were stopped: 0.0020965 seconds, Stopping threads took: 0.0011883 seconds
[2022-06-13T01:34:39.392+0000][1][safepoint    ] Application time: 1.0002768 seconds
[2022-06-13T01:34:39.393+0000][1][safepoint    ] Entering safepoint region: Cleanup
[2022-06-13T01:34:39.394+0000][1][safepoint    ] Leaving safepoint region
[2022-06-13T01:34:39.394+0000][1][safepoint    ] Total time for which application threads were stopped: 0.0012998 seconds, Stopping threads took: 0.0006953 seconds
[2022-06-13T01:34:40.395+0000][1][safepoint    ] Application time: 1.0003604 seconds
[2022-06-13T01:34:40.395+0000][1][safepoint    ] Entering safepoint region: Cleanup
[2022-06-13T01:34:40.396+0000][1][safepoint    ] Leaving safepoint region
[2022-06-13T01:34:40.396+0000][1][safepoint    ] Total time for which application threads were stopped: 0.0005826 seconds, Stopping threads took: 0.0003759 seconds
[2022-06-13T01:34:41.396+0000][1][safepoint    ] Application time: 1.0001687 seconds
[2022-06-13T01:34:41.396+0000][1][safepoint    ] Entering safepoint region: Cleanup
[2022-06-13T01:34:41.397+0000][1][safepoint    ] Leaving safepoint region
[2022-06-13T01:34:41.397+0000][1][safepoint    ] Total time for which application threads were stopped: 0.0009231 seconds, Stopping threads took: 0.0006287 seconds
[2022-06-13T01:34:42.398+0000][1][safepoint    ] Application time: 1.0002450 seconds
[2022-06-13T01:34:42.399+0000][1][safepoint    ] Entering safepoint region: Cleanup
[2022-06-13T01:34:42.400+0000][1][safepoint    ] Leaving safepoint region
[2022-06-13T01:34:42.400+0000][1][safepoint    ] Total time for which application threads were stopped: 0.0016308 seconds, Stopping threads took: 0.0007425 seconds
[2022-06-13T01:34:43.401+0000][1][safepoint    ] Application time: 1.0001900 seconds
[2022-06-13T01:34:43.402+0000][1][safepoint    ] Entering safepoint region: Cleanup
[2022-06-13T01:34:43.403+0000][1][safepoint    ] Leaving safepoint region
[2022-06-13T01:34:43.403+0000][1][safepoint    ] Total time for which application threads were stopped: 0.0014328 seconds, Stopping threads took: 0.0006267 seconds
[2022-06-13T01:34:44.404+0000][1][safepoint    ] Application time: 1.0002255 seconds
[2022-06-13T01:34:44.405+0000][1][safepoint    ] Entering safepoint region: Cleanup
[2022-06-13T01:34:44.405+0000][1][safepoint    ] Leaving safepoint region
[2022-06-13T01:34:44.405+0000][1][safepoint    ] Total time for which application threads were stopped: 0.0008379 seconds, Stopping threads took: 0.0003915 seconds
[2022-06-13T01:34:45.406+0000][1][safepoint    ] Application time: 1.0002995 seconds
[2022-06-13T01:34:45.406+0000][1][safepoint    ] Entering safepoint region: Cleanup
[2022-06-13T01:34:45.407+0000][1][safepoint    ] Leaving safepoint region
[2022-06-13T01:34:45.407+0000][1][safepoint    ] Total time for which application threads were stopped: 0.0007735 seconds, Stopping threads took: 0.0002617 seconds
[2022-06-13T01:34:46.408+0000][1][safepoint    ] Application time: 1.0002947 seconds
[2022-06-13T01:34:46.409+0000][1][safepoint    ] Entering safepoint region: Cleanup
[2022-06-13T01:34:46.410+0000][1][safepoint    ] Leaving safepoint region
[2022-06-13T01:34:46.410+0000][1][safepoint    ] Total time for which application threads were stopped: 0.0015627 seconds, Stopping threads took: 0.0005350 seconds
[2022-06-13T01:34:47.411+0000][1][safepoint    ] Application time: 1.0002255 seconds
[2022-06-13T01:34:47.412+0000][1][safepoint    ] Entering safepoint region: Cleanup
[2022-06-13T01:34:47.412+0000][1][safepoint    ] Leaving safepoint region
[2022-06-13T01:34:47.413+0000][1][safepoint    ] Total time for which application threads were stopped: 0.0007770 seconds, Stopping threads took: 0.0003496 seconds
[2022-06-13T01:34:48.413+0000][1][safepoint    ] Application time: 1.0001619 seconds
[2022-06-13T01:34:48.413+0000][1][safepoint    ] Entering safepoint region: Cleanup
[2022-06-13T01:34:48.414+0000][1][safepoint    ] Leaving safepoint region
[2022-06-13T01:34:48.414+0000][1][safepoint    ] Total time for which application threads were stopped: 0.0005638 seconds, Stopping threads took: 0.0002514 seconds
[2022-06-13T01:34:49.414+0000][1][safepoint    ] Application time: 1.0002467 seconds
[2022-06-13T01:34:49.415+0000][1][safepoint    ] Entering safepoint region: Cleanup
[2022-06-13T01:34:49.415+0000][1][safepoint    ] Leaving safepoint region
[2022-06-13T01:34:49.416+0000][1][safepoint    ] Total time for which application threads were stopped: 0.0007615 seconds, Stopping threads took: 0.0002590 seconds
[2022-06-13T01:34:50.416+0000][1][safepoint    ] Application time: 1.0002346 seconds
[2022-06-13T01:34:50.417+0000][1][safepoint    ] Entering safepoint region: Cleanup
[2022-06-13T01:34:50.418+0000][1][safepoint    ] Leaving safepoint region
[2022-06-13T01:34:50.418+0000][1][safepoint    ] Total time for which application threads were stopped: 0.0012204 seconds, Stopping threads took: 0.0006497 seconds
[2022-06-13T01:34:51.419+0000][1][safepoint    ] Application time: 1.0002628 seconds
[2022-06-13T01:34:51.420+0000][1][safepoint    ] Entering safepoint region: Cleanup
[2022-06-13T01:34:51.421+0000][1][safepoint    ] Leaving safepoint region
[2022-06-13T01:34:51.421+0000][1][safepoint    ] Total time for which application threads were stopped: 0.0014786 seconds, Stopping threads took: 0.0007470 seconds
[2022-06-13T01:34:52.422+0000][1][safepoint    ] Application time: 1.0003220 seconds
[2022-06-13T01:34:52.423+0000][1][safepoint    ] Entering safepoint region: Cleanup
[2022-06-13T01:34:52.423+0000][1][safepoint    ] Leaving safepoint region
[2022-06-13T01:34:52.424+0000][1][safepoint    ] Total time for which application threads were stopped: 0.0010000 seconds, Stopping threads took: 0.0004401 seconds
[2022-06-13T01:34:53.424+0000][1][safepoint    ] Application time: 1.0003055 seconds
[2022-06-13T01:34:53.425+0000][1][safepoint    ] Entering safepoint region: Cleanup
[2022-06-13T01:34:53.426+0000][1][safepoint    ] Leaving safepoint region
[2022-06-13T01:34:53.427+0000][1][safepoint    ] Total time for which application threads were stopped: 0.0014902 seconds, Stopping threads took: 0.0006519 seconds
[2022-06-13T01:34:54.427+0000][1][safepoint    ] Application time: 1.0003839 seconds
[2022-06-13T01:34:54.428+0000][1][safepoint    ] Entering safepoint region: Cleanup
[2022-06-13T01:34:54.429+0000][1][safepoint    ] Leaving safepoint region
[2022-06-13T01:34:54.429+0000][1][safepoint    ] Total time for which application threads were stopped: 0.0008731 seconds, Stopping threads took: 0.0003603 seconds
[2022-06-13T01:34:55.429+0000][1][safepoint    ] Application time: 1.0001639 seconds
[2022-06-13T01:34:55.430+0000][1][safepoint    ] Entering safepoint region: Cleanup
[2022-06-13T01:34:55.431+0000][1][safepoint    ] Leaving safepoint region
[2022-06-13T01:34:55.431+0000][1][safepoint    ] Total time for which application threads were stopped: 0.0013471 seconds, Stopping threads took: 0.0005184 seconds
[2022-06-13T01:34:56.432+0000][1][safepoint    ] Application time: 1.0004766 seconds
[2022-06-13T01:34:56.433+0000][1][safepoint    ] Entering safepoint region: Cleanup
[2022-06-13T01:34:56.433+0000][1][safepoint    ] Leaving safepoint region
[2022-06-13T01:34:56.433+0000][1][safepoint    ] Total time for which application threads were stopped: 0.0010161 seconds, Stopping threads took: 0.0005359 seconds
[2022-06-13T01:34:57.434+0000][1][safepoint    ] Application time: 1.0006072 seconds
[2022-06-13T01:34:57.435+0000][1][safepoint    ] Entering safepoint region: Cleanup
[2022-06-13T01:34:57.436+0000][1][safepoint    ] Leaving safepoint region
[2022-06-13T01:34:57.436+0000][1][safepoint    ] Total time for which application threads were stopped: 0.0011389 seconds, Stopping threads took: 0.0004834 seconds
[2022-06-13T01:34:58.437+0000][1][safepoint    ] Application time: 1.0001754 seconds
[2022-06-13T01:34:58.438+0000][1][safepoint    ] Entering safepoint region: Cleanup
[2022-06-13T01:34:58.438+0000][1][safepoint    ] Leaving safepoint region
[2022-06-13T01:34:58.438+0000][1][safepoint    ] Total time for which application threads were stopped: 0.0008007 seconds, Stopping threads took: 0.0004451 seconds
[2022-06-13T01:34:59.439+0000][1][safepoint    ] Application time: 1.0001975 seconds
[2022-06-13T01:34:59.439+0000][1][safepoint    ] Entering safepoint region: Cleanup
[2022-06-13T01:34:59.440+0000][1][safepoint    ] Leaving safepoint region
[2022-06-13T01:34:59.440+0000][1][safepoint    ] Total time for which application threads were stopped: 0.0006895 seconds, Stopping threads took: 0.0003592 seconds
[2022-06-13T01:35:02.441+0000][1][safepoint    ] Application time: 3.0006071 seconds
[2022-06-13T01:35:02.441+0000][1][safepoint    ] Entering safepoint region: Cleanup
[2022-06-13T01:35:02.442+0000][1][safepoint    ] Leaving safepoint region
[2022-06-13T01:35:02.443+0000][1][safepoint    ] Total time for which application threads were stopped: 0.0013511 seconds, Stopping threads took: 0.0008295 seconds
[2022-06-13T01:35:05.444+0000][1][safepoint    ] Application time: 3.0007275 seconds
[2022-06-13T01:35:05.445+0000][1][safepoint    ] Entering safepoint region: Cleanup
[2022-06-13T01:35:05.446+0000][1][safepoint    ] Leaving safepoint region
[2022-06-13T01:35:05.446+0000][1][safepoint    ] Total time for which application threads were stopped: 0.0014415 seconds, Stopping threads took: 0.0006469 seconds
[2022-06-13T01:35:06.447+0000][1][safepoint    ] Application time: 1.0003565 seconds
[2022-06-13T01:35:06.448+0000][1][safepoint    ] Entering safepoint region: Cleanup
[2022-06-13T01:35:06.449+0000][1][safepoint    ] Leaving safepoint region
[2022-06-13T01:35:06.450+0000][1][safepoint    ] Total time for which application threads were stopped: 0.0018978 seconds, Stopping threads took: 0.0007893 seconds
[2022-06-13T01:35:07.451+0000][1][safepoint    ] Application time: 1.0004259 seconds
[2022-06-13T01:35:07.452+0000][1][safepoint    ] Entering safepoint region: Cleanup
[2022-06-13T01:35:07.452+0000][1][safepoint    ] Leaving safepoint region
[2022-06-13T01:35:07.453+0000][1][safepoint    ] Total time for which application threads were stopped: 0.0013391 seconds, Stopping threads took: 0.0006375 seconds
[2022-06-13T01:35:08.454+0000][1][safepoint    ] Application time: 1.0001996 seconds
[2022-06-13T01:35:08.454+0000][1][safepoint    ] Entering safepoint region: Cleanup
[2022-06-13T01:35:08.455+0000][1][safepoint    ] Leaving safepoint region
[2022-06-13T01:35:08.455+0000][1][safepoint    ] Total time for which application threads were stopped: 0.0011230 seconds, Stopping threads took: 0.0005660 seconds
[2022-06-13T01:35:09.456+0000][1][safepoint    ] Application time: 1.0002027 seconds
[2022-06-13T01:35:09.457+0000][1][safepoint    ] Entering safepoint region: Cleanup
[2022-06-13T01:35:09.457+0000][1][safepoint    ] Leaving safepoint region
[2022-06-13T01:35:09.457+0000][1][safepoint    ] Total time for which application threads were stopped: 0.0006689 seconds, Stopping threads took: 0.0003546 seconds
[2022-06-13T01:35:10.458+0000][1][safepoint    ] Application time: 1.0002526 seconds
[2022-06-13T01:35:10.459+0000][1][safepoint    ] Entering safepoint region: Cleanup
[2022-06-13T01:35:10.459+0000][1][safepoint    ] Leaving safepoint region
[2022-06-13T01:35:10.459+0000][1][safepoint    ] Total time for which application threads were stopped: 0.0008115 seconds, Stopping threads took: 0.0003627 seconds
[2022-06-13T01:35:11.460+0000][1][safepoint    ] Application time: 1.0002594 seconds
[2022-06-13T01:35:11.460+0000][1][safepoint    ] Entering safepoint region: Cleanup
[2022-06-13T01:35:11.461+0000][1][safepoint    ] Leaving safepoint region
[2022-06-13T01:35:11.461+0000][1][safepoint    ] Total time for which application threads were stopped: 0.0007346 seconds, Stopping threads took: 0.0003757 seconds
[2022-06-13T01:35:12.461+0000][1][safepoint    ] Application time: 1.0001435 seconds
[2022-06-13T01:35:12.462+0000][1][safepoint    ] Entering safepoint region: Cleanup
[2022-06-13T01:35:12.462+0000][1][safepoint    ] Leaving safepoint region
[2022-06-13T01:35:12.463+0000][1][safepoint    ] Total time for which application threads were stopped: 0.0009886 seconds, Stopping threads took: 0.0004932 seconds
[2022-06-13T01:35:13.464+0000][1][safepoint    ] Application time: 1.0002367 seconds
[2022-06-13T01:35:13.464+0000][1][safepoint    ] Entering safepoint region: Cleanup
[2022-06-13T01:35:13.465+0000][1][safepoint    ] Leaving safepoint region
[2022-06-13T01:35:13.465+0000][1][safepoint    ] Total time for which application threads were stopped: 0.0006813 seconds, Stopping threads took: 0.0002314 seconds
[2022-06-13T01:35:14.466+0000][1][safepoint    ] Application time: 1.0003483 seconds
[2022-06-13T01:35:14.466+0000][1][safepoint    ] Entering safepoint region: Cleanup
[2022-06-13T01:35:14.467+0000][1][safepoint    ] Leaving safepoint region
[2022-06-13T01:35:14.468+0000][1][safepoint    ] Total time for which application threads were stopped: 0.0012355 seconds, Stopping threads took: 0.0003244 seconds
[2022-06-13T01:35:15.468+0000][1][safepoint    ] Application time: 1.0003938 seconds
[2022-06-13T01:35:15.469+0000][1][safepoint    ] Entering safepoint region: Cleanup
[2022-06-13T01:35:15.470+0000][1][safepoint    ] Leaving safepoint region
[2022-06-13T01:35:15.471+0000][1][safepoint    ] Total time for which application threads were stopped: 0.0012760 seconds, Stopping threads took: 0.0004824 seconds
[2022-06-13T01:35:16.472+0000][1][safepoint    ] Application time: 1.0002965 seconds
[2022-06-13T01:35:16.472+0000][1][safepoint    ] Entering safepoint region: Cleanup
[2022-06-13T01:35:16.473+0000][1][safepoint    ] Leaving safepoint region
[2022-06-13T01:35:16.474+0000][1][safepoint    ] Total time for which application threads were stopped: 0.0013600 seconds, Stopping threads took: 0.0004785 seconds
[2022-06-13T01:35:17.475+0000][1][safepoint    ] Application time: 1.0003136 seconds
[2022-06-13T01:35:17.475+0000][1][safepoint    ] Entering safepoint region: Cleanup
[2022-06-13T01:35:17.475+0000][1][safepoint    ] Leaving safepoint region
[2022-06-13T01:35:17.476+0000][1][safepoint    ] Total time for which application threads were stopped: 0.0009893 seconds, Stopping threads took: 0.0003844 seconds
[2022-06-13T01:35:18.477+0000][1][safepoint    ] Application time: 1.0002978 seconds
[2022-06-13T01:35:18.478+0000][1][safepoint    ] Entering safepoint region: Cleanup
[2022-06-13T01:35:18.478+0000][1][safepoint    ] Leaving safepoint region
[2022-06-13T01:35:18.479+0000][1][safepoint    ] Total time for which application threads were stopped: 0.0017201 seconds, Stopping threads took: 0.0006494 seconds
[2022-06-13T01:35:19.480+0000][1][safepoint    ] Application time: 1.0002091 seconds
[2022-06-13T01:35:19.481+0000][1][safepoint    ] Entering safepoint region: Cleanup
[2022-06-13T01:35:19.481+0000][1][safepoint    ] Leaving safepoint region
[2022-06-13T01:35:19.481+0000][1][safepoint    ] Total time for which application threads were stopped: 0.0008702 seconds, Stopping threads took: 0.0003551 seconds
[2022-06-13T01:35:20.482+0000][1][safepoint    ] Application time: 1.0001191 seconds
[2022-06-13T01:35:20.482+0000][1][safepoint    ] Entering safepoint region: Cleanup
[2022-06-13T01:35:20.483+0000][1][safepoint    ] Leaving safepoint region
[2022-06-13T01:35:20.483+0000][1][safepoint    ] Total time for which application threads were stopped: 0.0004410 seconds, Stopping threads took: 0.0001946 seconds
[2022-06-13T01:35:21.483+0000][1][safepoint    ] Application time: 1.0003376 seconds
[2022-06-13T01:35:21.484+0000][1][safepoint    ] Entering safepoint region: Cleanup
[2022-06-13T01:35:21.485+0000][1][safepoint    ] Leaving safepoint region
[2022-06-13T01:35:21.485+0000][1][safepoint    ] Total time for which application threads were stopped: 0.0007037 seconds, Stopping threads took: 0.0002681 seconds
[2022-06-13T01:35:22.485+0000][1][safepoint    ] Application time: 1.0004033 seconds
[2022-06-13T01:35:22.486+0000][1][safepoint    ] Entering safepoint region: Cleanup
[2022-06-13T01:35:22.487+0000][1][safepoint    ] Leaving safepoint region
[2022-06-13T01:35:22.487+0000][1][safepoint    ] Total time for which application threads were stopped: 0.0009917 seconds, Stopping threads took: 0.0004379 seconds
[2022-06-13T01:35:23.488+0000][1][safepoint    ] Application time: 1.0001499 seconds
[2022-06-13T01:35:23.489+0000][1][safepoint    ] Entering safepoint region: Cleanup
[2022-06-13T01:35:23.489+0000][1][safepoint    ] Leaving safepoint region
[2022-06-13T01:35:23.490+0000][1][safepoint    ] Total time for which application threads were stopped: 0.0010124 seconds, Stopping threads took: 0.0002891 seconds
[2022-06-13T01:35:24.491+0000][1][safepoint    ] Application time: 1.0004081 seconds
[2022-06-13T01:35:24.491+0000][1][safepoint    ] Entering safepoint region: Cleanup
[2022-06-13T01:35:24.492+0000][1][safepoint    ] Leaving safepoint region
[2022-06-13T01:35:24.492+0000][1][safepoint    ] Total time for which application threads were stopped: 0.0007324 seconds, Stopping threads took: 0.0003339 seconds
[2022-06-13T01:35:25.493+0000][1][safepoint    ] Application time: 1.0004985 seconds
[2022-06-13T01:35:25.494+0000][1][safepoint    ] Entering safepoint region: Cleanup
[2022-06-13T01:35:25.494+0000][1][safepoint    ] Leaving safepoint region
[2022-06-13T01:35:25.495+0000][1][safepoint    ] Total time for which application threads were stopped: 0.0012021 seconds, Stopping threads took: 0.0005729 seconds
[2022-06-13T01:35:26.496+0000][1][safepoint    ] Application time: 1.0002684 seconds
[2022-06-13T01:35:26.496+0000][1][safepoint    ] Entering safepoint region: Cleanup
[2022-06-13T01:35:26.496+0000][1][safepoint    ] Leaving safepoint region
[2022-06-13T01:35:26.497+0000][1][safepoint    ] Total time for which application threads were stopped: 0.0007218 seconds, Stopping threads took: 0.0003752 seconds
[2022-06-13T01:35:27.497+0000][1][safepoint    ] Application time: 1.0002065 seconds
[2022-06-13T01:35:27.498+0000][1][safepoint    ] Entering safepoint region: Cleanup
[2022-06-13T01:35:27.498+0000][1][safepoint    ] Leaving safepoint region
[2022-06-13T01:35:27.498+0000][1][safepoint    ] Total time for which application threads were stopped: 0.0005503 seconds, Stopping threads took: 0.0002404 seconds
[2022-06-13T01:35:28.499+0000][1][safepoint    ] Application time: 1.0001794 seconds
[2022-06-13T01:35:28.499+0000][1][safepoint    ] Entering safepoint region: Cleanup
[2022-06-13T01:35:28.500+0000][1][safepoint    ] Leaving safepoint region
[2022-06-13T01:35:28.500+0000][1][safepoint    ] Total time for which application threads were stopped: 0.0005322 seconds, Stopping threads took: 0.0002397 seconds
[2022-06-13T01:35:29.500+0000][1][safepoint    ] Application time: 1.0002917 seconds
[2022-06-13T01:35:29.501+0000][1][safepoint    ] Entering safepoint region: Cleanup
[2022-06-13T01:35:29.501+0000][1][safepoint    ] Leaving safepoint region
[2022-06-13T01:35:29.502+0000][1][safepoint    ] Total time for which application threads were stopped: 0.0011377 seconds, Stopping threads took: 0.0004777 seconds
[2022-06-13T01:35:30.503+0000][1][safepoint    ] Application time: 1.0002042 seconds
[2022-06-13T01:35:30.503+0000][1][safepoint    ] Entering safepoint region: Cleanup
[2022-06-13T01:35:30.504+0000][1][safepoint    ] Leaving safepoint region
[2022-06-13T01:35:30.504+0000][1][safepoint    ] Total time for which application threads were stopped: 0.0009115 seconds, Stopping threads took: 0.0003784 seconds
[2022-06-13T01:35:31.505+0000][1][safepoint    ] Application time: 1.0001768 seconds
[2022-06-13T01:35:31.505+0000][1][safepoint    ] Entering safepoint region: Cleanup
[2022-06-13T01:35:31.506+0000][1][safepoint    ] Leaving safepoint region
[2022-06-13T01:35:31.506+0000][1][safepoint    ] Total time for which application threads were stopped: 0.0008487 seconds, Stopping threads took: 0.0003620 seconds
[2022-06-13T01:35:32.507+0000][1][safepoint    ] Application time: 1.0003505 seconds
[2022-06-13T01:35:32.508+0000][1][safepoint    ] Entering safepoint region: Cleanup
[2022-06-13T01:35:32.508+0000][1][safepoint    ] Leaving safepoint region
[2022-06-13T01:35:32.509+0000][1][safepoint    ] Total time for which application threads were stopped: 0.0010295 seconds, Stopping threads took: 0.0004741 seconds
[2022-06-13T01:35:33.509+0000][1][safepoint    ] Application time: 1.0002304 seconds
[2022-06-13T01:35:33.510+0000][1][safepoint    ] Entering safepoint region: Cleanup
[2022-06-13T01:35:33.511+0000][1][safepoint    ] Leaving safepoint region
[2022-06-13T01:35:33.511+0000][1][safepoint    ] Total time for which application threads were stopped: 0.0011577 seconds, Stopping threads took: 0.0005722 seconds
[2022-06-13T01:35:34.512+0000][1][safepoint    ] Application time: 1.0003622 seconds
[2022-06-13T01:35:34.513+0000][1][safepoint    ] Entering safepoint region: Cleanup
[2022-06-13T01:35:34.513+0000][1][safepoint    ] Leaving safepoint region
[2022-06-13T01:35:34.514+0000][1][safepoint    ] Total time for which application threads were stopped: 0.0010736 seconds, Stopping threads took: 0.0004814 seconds
[2022-06-13T01:35:35.515+0000][1][safepoint    ] Application time: 1.0003131 seconds
[2022-06-13T01:35:35.515+0000][1][safepoint    ] Entering safepoint region: Cleanup
[2022-06-13T01:35:35.515+0000][1][safepoint    ] Leaving safepoint region
[2022-06-13T01:35:35.516+0000][1][safepoint    ] Total time for which application threads were stopped: 0.0006169 seconds, Stopping threads took: 0.0002742 seconds
[2022-06-13T01:35:36.516+0000][1][safepoint    ] Application time: 1.0002780 seconds
[2022-06-13T01:35:36.517+0000][1][safepoint    ] Entering safepoint region: Cleanup
[2022-06-13T01:35:36.518+0000][1][safepoint    ] Leaving safepoint region
[2022-06-13T01:35:36.518+0000][1][safepoint    ] Total time for which application threads were stopped: 0.0011065 seconds, Stopping threads took: 0.0005317 seconds
[2022-06-13T01:35:37.519+0000][1][safepoint    ] Application time: 1.0002491 seconds
[2022-06-13T01:35:37.520+0000][1][safepoint    ] Entering safepoint region: Cleanup
[2022-06-13T01:35:37.520+0000][1][safepoint    ] Leaving safepoint region
[2022-06-13T01:35:37.521+0000][1][safepoint    ] Total time for which application threads were stopped: 0.0011462 seconds, Stopping threads took: 0.0003439 seconds
[2022-06-13T01:35:38.522+0000][1][safepoint    ] Application time: 1.0003845 seconds
[2022-06-13T01:35:38.523+0000][1][safepoint    ] Entering safepoint region: Cleanup
[2022-06-13T01:35:38.523+0000][1][safepoint    ] Leaving safepoint region
[2022-06-13T01:35:38.523+0000][1][safepoint    ] Total time for which application threads were stopped: 0.0006564 seconds, Stopping threads took: 0.0003646 seconds
[2022-06-13T01:35:39.524+0000][1][safepoint    ] Application time: 1.0003099 seconds
[2022-06-13T01:35:39.525+0000][1][safepoint    ] Entering safepoint region: Cleanup
[2022-06-13T01:35:39.525+0000][1][safepoint    ] Leaving safepoint region
[2022-06-13T01:35:39.525+0000][1][safepoint    ] Total time for which application threads were stopped: 0.0005353 seconds, Stopping threads took: 0.0002559 seconds
[2022-06-13T01:35:40.525+0000][1][safepoint    ] Application time: 1.0002752 seconds
[2022-06-13T01:35:40.526+0000][1][safepoint    ] Entering safepoint region: Cleanup
[2022-06-13T01:35:40.526+0000][1][safepoint    ] Leaving safepoint region
[2022-06-13T01:35:40.527+0000][1][safepoint    ] Total time for which application threads were stopped: 0.0006789 seconds, Stopping threads took: 0.0003244 seconds
[2022-06-13T01:35:41.527+0000][1][safepoint    ] Application time: 1.0001451 seconds
[2022-06-13T01:35:41.528+0000][1][safepoint    ] Entering safepoint region: Cleanup
[2022-06-13T01:35:41.528+0000][1][safepoint    ] Leaving safepoint region
[2022-06-13T01:35:41.529+0000][1][safepoint    ] Total time for which application threads were stopped: 0.0013583 seconds, Stopping threads took: 0.0005213 seconds
[2022-06-13T01:35:42.530+0000][1][safepoint    ] Application time: 1.0002619 seconds
[2022-06-13T01:35:42.531+0000][1][safepoint    ] Entering safepoint region: Cleanup
[2022-06-13T01:35:42.532+0000][1][safepoint    ] Leaving safepoint region
[2022-06-13T01:35:42.533+0000][1][safepoint    ] Total time for which application threads were stopped: 0.0018223 seconds, Stopping threads took: 0.0009434 seconds
[2022-06-13T01:35:43.534+0000][1][safepoint    ] Application time: 1.0003160 seconds
[2022-06-13T01:35:43.534+0000][1][safepoint    ] Entering safepoint region: Cleanup
[2022-06-13T01:35:43.535+0000][1][safepoint    ] Leaving safepoint region
[2022-06-13T01:35:43.535+0000][1][safepoint    ] Total time for which application threads were stopped: 0.0009403 seconds, Stopping threads took: 0.0004467 seconds
[2022-06-13T01:35:44.536+0000][1][safepoint    ] Application time: 1.0003095 seconds
[2022-06-13T01:35:44.536+0000][1][safepoint    ] Entering safepoint region: Cleanup
[2022-06-13T01:35:44.537+0000][1][safepoint    ] Leaving safepoint region
[2022-06-13T01:35:44.537+0000][1][safepoint    ] Total time for which application threads were stopped: 0.0005163 seconds, Stopping threads took: 0.0002495 seconds
[2022-06-13T01:35:45.537+0000][1][safepoint    ] Application time: 1.0001866 seconds
[2022-06-13T01:35:45.538+0000][1][safepoint    ] Entering safepoint region: Cleanup
[2022-06-13T01:35:45.539+0000][1][safepoint    ] Leaving safepoint region
[2022-06-13T01:35:45.540+0000][1][safepoint    ] Total time for which application threads were stopped: 0.0016773 seconds, Stopping threads took: 0.0007663 seconds
[2022-06-13T01:35:46.540+0000][1][safepoint    ] Application time: 1.0002533 seconds
[2022-06-13T01:35:46.541+0000][1][safepoint    ] Entering safepoint region: Cleanup
[2022-06-13T01:35:46.542+0000][1][safepoint    ] Leaving safepoint region
[2022-06-13T01:35:46.542+0000][1][safepoint    ] Total time for which application threads were stopped: 0.0009082 seconds, Stopping threads took: 0.0004211 seconds
[2022-06-13T01:35:47.543+0000][1][safepoint    ] Application time: 1.0002692 seconds
[2022-06-13T01:35:47.543+0000][1][safepoint    ] Entering safepoint region: Cleanup
[2022-06-13T01:35:47.543+0000][1][safepoint    ] Leaving safepoint region
[2022-06-13T01:35:47.544+0000][1][safepoint    ] Total time for which application threads were stopped: 0.0006445 seconds, Stopping threads took: 0.0002872 seconds
[2022-06-13T01:35:48.544+0000][1][safepoint    ] Application time: 1.0002118 seconds
[2022-06-13T01:35:48.544+0000][1][safepoint    ] Entering safepoint region: Cleanup
[2022-06-13T01:35:48.545+0000][1][safepoint    ] Leaving safepoint region
[2022-06-13T01:35:48.545+0000][1][safepoint    ] Total time for which application threads were stopped: 0.0007186 seconds, Stopping threads took: 0.0003329 seconds
[2022-06-13T01:35:49.546+0000][1][safepoint    ] Application time: 1.0002148 seconds
[2022-06-13T01:35:49.546+0000][1][safepoint    ] Entering safepoint region: Cleanup
[2022-06-13T01:35:49.546+0000][1][safepoint    ] Leaving safepoint region
[2022-06-13T01:35:49.547+0000][1][safepoint    ] Total time for which application threads were stopped: 0.0004986 seconds, Stopping threads took: 0.0002011 seconds
[2022-06-13T01:35:50.547+0000][1][safepoint    ] Application time: 1.0003423 seconds
[2022-06-13T01:35:50.548+0000][1][safepoint    ] Entering safepoint region: Cleanup
[2022-06-13T01:35:50.549+0000][1][safepoint    ] Leaving safepoint region
[2022-06-13T01:35:50.550+0000][1][safepoint    ] Total time for which application threads were stopped: 0.0017847 seconds, Stopping threads took: 0.0006316 seconds
[2022-06-13T01:35:51.551+0000][1][safepoint    ] Application time: 1.0002801 seconds
[2022-06-13T01:35:51.551+0000][1][safepoint    ] Entering safepoint region: Cleanup
[2022-06-13T01:35:51.552+0000][1][safepoint    ] Leaving safepoint region
[2022-06-13T01:35:51.552+0000][1][safepoint    ] Total time for which application threads were stopped: 0.0008151 seconds, Stopping threads took: 0.0003846 seconds
[2022-06-13T01:35:52.552+0000][1][safepoint    ] Application time: 1.0002213 seconds
[2022-06-13T01:35:52.553+0000][1][safepoint    ] Entering safepoint region: Cleanup
[2022-06-13T01:35:52.554+0000][1][safepoint    ] Leaving safepoint region
[2022-06-13T01:35:52.555+0000][1][safepoint    ] Total time for which application threads were stopped: 0.0012931 seconds, Stopping threads took: 0.0006213 seconds
[2022-06-13T01:35:53.555+0000][1][safepoint    ] Application time: 1.0002151 seconds
[2022-06-13T01:35:53.556+0000][1][safepoint    ] Entering safepoint region: Cleanup
[2022-06-13T01:35:53.556+0000][1][safepoint    ] Leaving safepoint region
[2022-06-13T01:35:53.556+0000][1][safepoint    ] Total time for which application threads were stopped: 0.0005556 seconds, Stopping threads took: 0.0002490 seconds
[2022-06-13T01:35:54.557+0000][1][safepoint    ] Application time: 1.0001540 seconds
[2022-06-13T01:35:54.591+0000][1][safepoint    ] Entering safepoint region: Cleanup
[2022-06-13T01:35:54.591+0000][1][safepoint    ] Leaving safepoint region
[2022-06-13T01:35:54.591+0000][1][safepoint    ] Total time for which application threads were stopped: 0.0009655 seconds, Stopping threads took: 0.0006136 seconds
[2022-06-13T01:35:55.592+0000][1][safepoint    ] Application time: 1.0003667 seconds
[2022-06-13T01:35:55.593+0000][1][safepoint    ] Entering safepoint region: Cleanup
[2022-06-13T01:35:55.593+0000][1][safepoint    ] Leaving safepoint region
[2022-06-13T01:35:55.594+0000][1][safepoint    ] Total time for which application threads were stopped: 0.0009016 seconds, Stopping threads took: 0.0003240 seconds
[2022-06-13T01:35:56.594+0000][1][safepoint    ] Application time: 1.0002752 seconds
[2022-06-13T01:35:56.595+0000][1][safepoint    ] Entering safepoint region: Cleanup
[2022-06-13T01:35:56.595+0000][1][safepoint    ] Leaving safepoint region
[2022-06-13T01:35:56.595+0000][1][safepoint    ] Total time for which application threads were stopped: 0.0005294 seconds, Stopping threads took: 0.0002407 seconds
[2022-06-13T01:35:57.596+0000][1][safepoint    ] Application time: 1.0003179 seconds
[2022-06-13T01:35:57.596+0000][1][safepoint    ] Entering safepoint region: Cleanup
[2022-06-13T01:35:57.597+0000][1][safepoint    ] Leaving safepoint region
[2022-06-13T01:35:57.597+0000][1][safepoint    ] Total time for which application threads were stopped: 0.0008394 seconds, Stopping threads took: 0.0002834 seconds
[2022-06-13T01:35:58.597+0000][1][safepoint    ] Application time: 1.0002204 seconds
[2022-06-13T01:35:58.598+0000][1][safepoint    ] Entering safepoint region: Cleanup
[2022-06-13T01:35:58.599+0000][1][safepoint    ] Leaving safepoint region
[2022-06-13T01:35:58.599+0000][1][safepoint    ] Total time for which application threads were stopped: 0.0008083 seconds, Stopping threads took: 0.0004266 seconds
[2022-06-13T01:35:59.599+0000][1][safepoint    ] Application time: 1.0002325 seconds
[2022-06-13T01:35:59.600+0000][1][safepoint    ] Entering safepoint region: Cleanup
[2022-06-13T01:35:59.600+0000][1][safepoint    ] Leaving safepoint region
[2022-06-13T01:35:59.600+0000][1][safepoint    ] Total time for which application threads were stopped: 0.0006108 seconds, Stopping threads took: 0.0003201 seconds
[2022-06-13T01:36:00.601+0000][1][safepoint    ] Application time: 1.0002292 seconds
[2022-06-13T01:36:00.602+0000][1][safepoint    ] Entering safepoint region: Cleanup
[2022-06-13T01:36:00.603+0000][1][safepoint    ] Leaving safepoint region
[2022-06-13T01:36:00.603+0000][1][safepoint    ] Total time for which application threads were stopped: 0.0013538 seconds, Stopping threads took: 0.0005812 seconds
[2022-06-13T01:36:01.604+0000][1][safepoint    ] Application time: 1.0002903 seconds
[2022-06-13T01:36:01.605+0000][1][safepoint    ] Entering safepoint region: Cleanup
[2022-06-13T01:36:01.606+0000][1][safepoint    ] Leaving safepoint region
[2022-06-13T01:36:01.606+0000][1][safepoint    ] Total time for which application threads were stopped: 0.0014254 seconds, Stopping threads took: 0.0006245 seconds
[2022-06-13T01:36:02.607+0000][1][safepoint    ] Application time: 1.0002859 seconds
[2022-06-13T01:36:02.608+0000][1][safepoint    ] Entering safepoint region: Cleanup
[2022-06-13T01:36:02.609+0000][1][safepoint    ] Leaving safepoint region
[2022-06-13T01:36:02.609+0000][1][safepoint    ] Total time for which application threads were stopped: 0.0014422 seconds, Stopping threads took: 0.0006527 seconds
[2022-06-13T01:36:03.610+0000][1][safepoint    ] Application time: 1.0002353 seconds
[2022-06-13T01:36:03.610+0000][1][safepoint    ] Entering safepoint region: Cleanup
[2022-06-13T01:36:03.611+0000][1][safepoint    ] Leaving safepoint region
[2022-06-13T01:36:03.612+0000][1][safepoint    ] Total time for which application threads were stopped: 0.0011048 seconds, Stopping threads took: 0.0004755 seconds
[2022-06-13T01:36:04.612+0000][1][safepoint    ] Application time: 1.0002921 seconds
[2022-06-13T01:36:04.613+0000][1][safepoint    ] Entering safepoint region: Cleanup
[2022-06-13T01:36:04.613+0000][1][safepoint    ] Leaving safepoint region
[2022-06-13T01:36:04.614+0000][1][safepoint    ] Total time for which application threads were stopped: 0.0008075 seconds, Stopping threads took: 0.0002828 seconds
[2022-06-13T01:36:05.614+0000][1][safepoint    ] Application time: 1.0002532 seconds
[2022-06-13T01:36:05.615+0000][1][safepoint    ] Entering safepoint region: Cleanup
[2022-06-13T01:36:05.615+0000][1][safepoint    ] Leaving safepoint region
[2022-06-13T01:36:05.616+0000][1][safepoint    ] Total time for which application threads were stopped: 0.0010580 seconds, Stopping threads took: 0.0004893 seconds
[2022-06-13T01:36:06.616+0000][1][safepoint    ] Application time: 1.0003125 seconds
[2022-06-13T01:36:06.617+0000][1][safepoint    ] Entering safepoint region: Cleanup
[2022-06-13T01:36:06.618+0000][1][safepoint    ] Leaving safepoint region
[2022-06-13T01:36:06.618+0000][1][safepoint    ] Total time for which application threads were stopped: 0.0012607 seconds, Stopping threads took: 0.0005209 seconds
[2022-06-13T01:36:07.619+0000][1][safepoint    ] Application time: 1.0001875 seconds
[2022-06-13T01:36:07.620+0000][1][safepoint    ] Entering safepoint region: Cleanup
[2022-06-13T01:36:07.620+0000][1][safepoint    ] Leaving safepoint region
[2022-06-13T01:36:07.621+0000][1][safepoint    ] Total time for which application threads were stopped: 0.0009370 seconds, Stopping threads took: 0.0003661 seconds
[2022-06-13T01:36:08.622+0000][1][safepoint    ] Application time: 1.0002851 seconds
[2022-06-13T01:36:08.623+0000][1][safepoint    ] Entering safepoint region: Cleanup
[2022-06-13T01:36:08.623+0000][1][safepoint    ] Leaving safepoint region
[2022-06-13T01:36:08.624+0000][1][safepoint    ] Total time for which application threads were stopped: 0.0016680 seconds, Stopping threads took: 0.0006307 seconds
[2022-06-13T01:36:09.625+0000][1][safepoint    ] Application time: 1.0002609 seconds
[2022-06-13T01:36:09.625+0000][1][safepoint    ] Entering safepoint region: Cleanup
[2022-06-13T01:36:09.626+0000][1][safepoint    ] Leaving safepoint region
[2022-06-13T01:36:09.626+0000][1][safepoint    ] Total time for which application threads were stopped: 0.0007967 seconds, Stopping threads took: 0.0003641 seconds
[2022-06-13T01:36:10.627+0000][1][safepoint    ] Application time: 1.0002125 seconds
[2022-06-13T01:36:10.627+0000][1][safepoint    ] Entering safepoint region: Cleanup
[2022-06-13T01:36:10.628+0000][1][safepoint    ] Leaving safepoint region
[2022-06-13T01:36:10.629+0000][1][safepoint    ] Total time for which application threads were stopped: 0.0014070 seconds, Stopping threads took: 0.0005522 seconds
[2022-06-13T01:36:11.630+0000][1][safepoint    ] Application time: 1.0001645 seconds
[2022-06-13T01:36:11.630+0000][1][safepoint    ] Entering safepoint region: Cleanup
[2022-06-13T01:36:11.631+0000][1][safepoint    ] Leaving safepoint region
[2022-06-13T01:36:11.631+0000][1][safepoint    ] Total time for which application threads were stopped: 0.0006366 seconds, Stopping threads took: 0.0003092 seconds
[2022-06-13T01:36:12.632+0000][1][safepoint    ] Application time: 1.0003364 seconds
[2022-06-13T01:36:12.632+0000][1][safepoint    ] Entering safepoint region: Cleanup
[2022-06-13T01:36:12.633+0000][1][safepoint    ] Leaving safepoint region
[2022-06-13T01:36:12.634+0000][1][safepoint    ] Total time for which application threads were stopped: 0.0015350 seconds, Stopping threads took: 0.0006772 seconds
[2022-06-13T01:36:13.635+0000][1][safepoint    ] Application time: 1.0003049 seconds
[2022-06-13T01:36:13.636+0000][1][safepoint    ] Entering safepoint region: Cleanup
[2022-06-13T01:36:13.636+0000][1][safepoint    ] Leaving safepoint region
[2022-06-13T01:36:13.637+0000][1][safepoint    ] Total time for which application threads were stopped: 0.0011822 seconds, Stopping threads took: 0.0005220 seconds
[2022-06-13T01:36:14.638+0000][1][safepoint    ] Application time: 1.0002911 seconds
[2022-06-13T01:36:14.638+0000][1][safepoint    ] Entering safepoint region: Cleanup
[2022-06-13T01:36:14.639+0000][1][safepoint    ] Leaving safepoint region
[2022-06-13T01:36:14.639+0000][1][safepoint    ] Total time for which application threads were stopped: 0.0008796 seconds, Stopping threads took: 0.0003838 seconds
[2022-06-13T01:36:15.640+0000][1][safepoint    ] Application time: 1.0002858 seconds
[2022-06-13T01:36:15.641+0000][1][safepoint    ] Entering safepoint region: Cleanup
[2022-06-13T01:36:15.641+0000][1][safepoint    ] Leaving safepoint region
[2022-06-13T01:36:15.642+0000][1][safepoint    ] Total time for which application threads were stopped: 0.0012332 seconds, Stopping threads took: 0.0005993 seconds
[2022-06-13T01:36:16.643+0000][1][safepoint    ] Application time: 1.0003314 seconds
[2022-06-13T01:36:16.643+0000][1][safepoint    ] Entering safepoint region: Cleanup
[2022-06-13T01:36:16.644+0000][1][safepoint    ] Leaving safepoint region
[2022-06-13T01:36:16.645+0000][1][safepoint    ] Total time for which application threads were stopped: 0.0011518 seconds, Stopping threads took: 0.0004766 seconds
[2022-06-13T01:36:17.645+0000][1][safepoint    ] Application time: 1.0003100 seconds
[2022-06-13T01:36:17.646+0000][1][safepoint    ] Entering safepoint region: Cleanup
[2022-06-13T01:36:17.647+0000][1][safepoint    ] Leaving safepoint region
[2022-06-13T01:36:17.647+0000][1][safepoint    ] Total time for which application threads were stopped: 0.0012966 seconds, Stopping threads took: 0.0005695 seconds
[2022-06-13T01:36:18.648+0000][1][safepoint    ] Application time: 1.0003318 seconds
[2022-06-13T01:36:18.649+0000][1][safepoint    ] Entering safepoint region: Cleanup
[2022-06-13T01:36:18.649+0000][1][safepoint    ] Leaving safepoint region
[2022-06-13T01:36:18.650+0000][1][safepoint    ] Total time for which application threads were stopped: 0.0008077 seconds, Stopping threads took: 0.0004153 seconds
[2022-06-13T01:36:19.650+0000][1][safepoint    ] Application time: 1.0002763 seconds
[2022-06-13T01:36:19.651+0000][1][safepoint    ] Entering safepoint region: Cleanup
[2022-06-13T01:36:19.651+0000][1][safepoint    ] Leaving safepoint region
[2022-06-13T01:36:19.652+0000][1][safepoint    ] Total time for which application threads were stopped: 0.0010948 seconds, Stopping threads took: 0.0005140 seconds
[2022-06-13T01:36:20.652+0000][1][safepoint    ] Application time: 1.0003567 seconds
[2022-06-13T01:36:20.653+0000][1][safepoint    ] Entering safepoint region: Cleanup
[2022-06-13T01:36:20.653+0000][1][safepoint    ] Leaving safepoint region
[2022-06-13T01:36:20.653+0000][1][safepoint    ] Total time for which application threads were stopped: 0.0005386 seconds, Stopping threads took: 0.0002744 seconds
[2022-06-13T01:36:21.654+0000][1][safepoint    ] Application time: 1.0002348 seconds
[2022-06-13T01:36:21.654+0000][1][safepoint    ] Entering safepoint region: Cleanup
[2022-06-13T01:36:21.655+0000][1][safepoint    ] Leaving safepoint region
[2022-06-13T01:36:21.655+0000][1][safepoint    ] Total time for which application threads were stopped: 0.0007952 seconds, Stopping threads took: 0.0003019 seconds
[2022-06-13T01:36:22.656+0000][1][safepoint    ] Application time: 1.0002448 seconds
[2022-06-13T01:36:22.657+0000][1][safepoint    ] Entering safepoint region: Cleanup
[2022-06-13T01:36:22.657+0000][1][safepoint    ] Leaving safepoint region
[2022-06-13T01:36:22.658+0000][1][safepoint    ] Total time for which application threads were stopped: 0.0011590 seconds, Stopping threads took: 0.0003608 seconds
[2022-06-13T01:36:23.658+0000][1][safepoint    ] Application time: 1.0002131 seconds
[2022-06-13T01:36:23.659+0000][1][safepoint    ] Entering safepoint region: Cleanup
[2022-06-13T01:36:23.659+0000][1][safepoint    ] Leaving safepoint region
[2022-06-13T01:36:23.660+0000][1][safepoint    ] Total time for which application threads were stopped: 0.0008495 seconds, Stopping threads took: 0.0005114 seconds
[2022-06-13T01:36:24.660+0000][1][safepoint    ] Application time: 1.0003583 seconds
[2022-06-13T01:36:24.661+0000][1][safepoint    ] Entering safepoint region: Cleanup
[2022-06-13T01:36:24.662+0000][1][safepoint    ] Leaving safepoint region
[2022-06-13T01:36:24.662+0000][1][safepoint    ] Total time for which application threads were stopped: 0.0011770 seconds, Stopping threads took: 0.0005324 seconds
[2022-06-13T01:36:25.663+0000][1][safepoint    ] Application time: 1.0003164 seconds
[2022-06-13T01:36:25.663+0000][1][safepoint    ] Entering safepoint region: Cleanup
[2022-06-13T01:36:25.663+0000][1][safepoint    ] Leaving safepoint region
[2022-06-13T01:36:25.664+0000][1][safepoint    ] Total time for which application threads were stopped: 0.0005814 seconds, Stopping threads took: 0.0002589 seconds
[2022-06-13T01:36:26.664+0000][1][safepoint    ] Application time: 1.0002284 seconds
[2022-06-13T01:36:26.665+0000][1][safepoint    ] Entering safepoint region: Cleanup
[2022-06-13T01:36:26.666+0000][1][safepoint    ] Leaving safepoint region
[2022-06-13T01:36:26.666+0000][1][safepoint    ] Total time for which application threads were stopped: 0.0015278 seconds, Stopping threads took: 0.0006612 seconds
[2022-06-13T01:36:27.667+0000][1][safepoint    ] Application time: 1.0001750 seconds
[2022-06-13T01:36:27.668+0000][1][safepoint    ] Entering safepoint region: Cleanup
[2022-06-13T01:36:27.669+0000][1][safepoint    ] Leaving safepoint region
[2022-06-13T01:36:27.669+0000][1][safepoint    ] Total time for which application threads were stopped: 0.0009226 seconds, Stopping threads took: 0.0003680 seconds
[2022-06-13T01:36:28.669+0000][1][safepoint    ] Application time: 1.0002264 seconds
[2022-06-13T01:36:28.670+0000][1][safepoint    ] Entering safepoint region: Cleanup
[2022-06-13T01:36:28.670+0000][1][safepoint    ] Leaving safepoint region
[2022-06-13T01:36:28.670+0000][1][safepoint    ] Total time for which application threads were stopped: 0.0005066 seconds, Stopping threads took: 0.0002154 seconds
[2022-06-13T01:36:29.671+0000][1][safepoint    ] Application time: 1.0002455 seconds
[2022-06-13T01:36:29.671+0000][1][safepoint    ] Entering safepoint region: Cleanup
[2022-06-13T01:36:29.672+0000][1][safepoint    ] Leaving safepoint region
[2022-06-13T01:36:29.673+0000][1][safepoint    ] Total time for which application threads were stopped: 0.0012898 seconds, Stopping threads took: 0.0005940 seconds
[2022-06-13T01:36:30.673+0000][1][safepoint    ] Application time: 1.0003250 seconds
[2022-06-13T01:36:30.675+0000][1][safepoint    ] Entering safepoint region: Cleanup
[2022-06-13T01:36:30.675+0000][1][safepoint    ] Leaving safepoint region
[2022-06-13T01:36:30.676+0000][1][safepoint    ] Total time for which application threads were stopped: 0.0012420 seconds, Stopping threads took: 0.0005318 seconds
[2022-06-13T01:36:31.677+0000][1][safepoint    ] Application time: 1.0003218 seconds
[2022-06-13T01:36:31.677+0000][1][safepoint    ] Entering safepoint region: Cleanup
[2022-06-13T01:36:31.678+0000][1][safepoint    ] Leaving safepoint region
[2022-06-13T01:36:31.678+0000][1][safepoint    ] Total time for which application threads were stopped: 0.0008303 seconds, Stopping threads took: 0.0004128 seconds
[2022-06-13T01:36:32.679+0000][1][safepoint    ] Application time: 1.0002791 seconds
[2022-06-13T01:36:32.680+0000][1][safepoint    ] Entering safepoint region: Cleanup
[2022-06-13T01:36:32.680+0000][1][safepoint    ] Leaving safepoint region
[2022-06-13T01:36:32.681+0000][1][safepoint    ] Total time for which application threads were stopped: 0.0011314 seconds, Stopping threads took: 0.0005855 seconds
[2022-06-13T01:36:33.681+0000][1][safepoint    ] Application time: 1.0002467 seconds
[2022-06-13T01:36:33.682+0000][1][safepoint    ] Entering safepoint region: Cleanup
[2022-06-13T01:36:33.683+0000][1][safepoint    ] Leaving safepoint region
[2022-06-13T01:36:33.684+0000][1][safepoint    ] Total time for which application threads were stopped: 0.0015131 seconds, Stopping threads took: 0.0004340 seconds
[2022-06-13T01:36:34.684+0000][1][safepoint    ] Application time: 1.0003353 seconds
[2022-06-13T01:36:34.685+0000][1][safepoint    ] Entering safepoint region: Cleanup
[2022-06-13T01:36:34.686+0000][1][safepoint    ] Leaving safepoint region
[2022-06-13T01:36:34.686+0000][1][safepoint    ] Total time for which application threads were stopped: 0.0013218 seconds, Stopping threads took: 0.0005626 seconds
[2022-06-13T01:36:35.687+0000][1][safepoint    ] Application time: 1.0002761 seconds
[2022-06-13T01:36:35.688+0000][1][safepoint    ] Entering safepoint region: Cleanup
[2022-06-13T01:36:35.689+0000][1][safepoint    ] Leaving safepoint region
[2022-06-13T01:36:35.689+0000][1][safepoint    ] Total time for which application threads were stopped: 0.0013534 seconds, Stopping threads took: 0.0005639 seconds
[2022-06-13T01:36:36.690+0000][1][safepoint    ] Application time: 1.0002538 seconds
[2022-06-13T01:36:36.691+0000][1][safepoint    ] Entering safepoint region: Cleanup
[2022-06-13T01:36:36.692+0000][1][safepoint    ] Leaving safepoint region
[2022-06-13T01:36:36.692+0000][1][safepoint    ] Total time for which application threads were stopped: 0.0015633 seconds, Stopping threads took: 0.0006435 seconds
[2022-06-13T01:36:37.693+0000][1][safepoint    ] Application time: 1.0001850 seconds
[2022-06-13T01:36:37.694+0000][1][safepoint    ] Entering safepoint region: Cleanup
[2022-06-13T01:36:37.694+0000][1][safepoint    ] Leaving safepoint region
[2022-06-13T01:36:37.695+0000][1][safepoint    ] Total time for which application threads were stopped: 0.0008571 seconds, Stopping threads took: 0.0003869 seconds
[2022-06-13T01:36:38.707+0000][1][safepoint    ] Application time: 1.0123598 seconds
[2022-06-13T01:36:38.708+0000][1][safepoint    ] Entering safepoint region: Cleanup
[2022-06-13T01:36:38.709+0000][1][safepoint    ] Leaving safepoint region
[2022-06-13T01:36:38.710+0000][1][safepoint    ] Total time for which application threads were stopped: 0.0018912 seconds, Stopping threads took: 0.0009334 seconds
[2022-06-13T01:36:39.711+0000][1][safepoint    ] Application time: 1.0003991 seconds
[2022-06-13T01:36:39.712+0000][1][safepoint    ] Entering safepoint region: Cleanup
[2022-06-13T01:36:39.712+0000][1][safepoint    ] Leaving safepoint region
[2022-06-13T01:36:39.713+0000][1][safepoint    ] Total time for which application threads were stopped: 0.0011204 seconds, Stopping threads took: 0.0008164 seconds
[2022-06-13T01:36:40.713+0000][1][safepoint    ] Application time: 1.0004222 seconds
[2022-06-13T01:36:40.714+0000][1][safepoint    ] Entering safepoint region: Cleanup
[2022-06-13T01:36:40.715+0000][1][safepoint    ] Leaving safepoint region
[2022-06-13T01:36:40.716+0000][1][safepoint    ] Total time for which application threads were stopped: 0.0017012 seconds, Stopping threads took: 0.0007130 seconds
[2022-06-13T01:36:41.717+0000][1][safepoint    ] Application time: 1.0002619 seconds
[2022-06-13T01:36:41.718+0000][1][safepoint    ] Entering safepoint region: Cleanup
[2022-06-13T01:36:41.719+0000][1][safepoint    ] Leaving safepoint region
[2022-06-13T01:36:41.719+0000][1][safepoint    ] Total time for which application threads were stopped: 0.0010740 seconds, Stopping threads took: 0.0004054 seconds
[2022-06-13T01:36:42.720+0000][1][safepoint    ] Application time: 1.0001836 seconds
[2022-06-13T01:36:42.721+0000][1][safepoint    ] Entering safepoint region: Cleanup
[2022-06-13T01:36:42.722+0000][1][safepoint    ] Leaving safepoint region
[2022-06-13T01:36:42.722+0000][1][safepoint    ] Total time for which application threads were stopped: 0.0017017 seconds, Stopping threads took: 0.0010233 seconds
[2022-06-13T01:36:43.723+0000][1][safepoint    ] Application time: 1.0004302 seconds
[2022-06-13T01:36:43.724+0000][1][safepoint    ] Entering safepoint region: Cleanup
[2022-06-13T01:36:43.725+0000][1][safepoint    ] Leaving safepoint region
[2022-06-13T01:36:43.726+0000][1][safepoint    ] Total time for which application threads were stopped: 0.0014338 seconds, Stopping threads took: 0.0005733 seconds
[2022-06-13T01:36:44.726+0000][1][safepoint    ] Application time: 1.0001489 seconds
[2022-06-13T01:36:44.727+0000][1][safepoint    ] Entering safepoint region: Cleanup
[2022-06-13T01:36:44.728+0000][1][safepoint    ] Leaving safepoint region
[2022-06-13T01:36:44.728+0000][1][safepoint    ] Total time for which application threads were stopped: 0.0015854 seconds, Stopping threads took: 0.0004327 seconds
[2022-06-13T01:36:45.729+0000][1][safepoint    ] Application time: 1.0002642 seconds
[2022-06-13T01:36:45.731+0000][1][safepoint    ] Entering safepoint region: Cleanup
[2022-06-13T01:36:45.732+0000][1][safepoint    ] Leaving safepoint region
[2022-06-13T01:36:45.733+0000][1][safepoint    ] Total time for which application threads were stopped: 0.0019052 seconds, Stopping threads took: 0.0008939 seconds
[2022-06-13T01:36:46.486+0000][1][safepoint    ] Application time: 0.7527516 seconds
[2022-06-13T01:36:46.487+0000][1][safepoint    ] Entering safepoint region: GenCollectForAllocation
[2022-06-13T01:36:46.488+0000][1][gc,start     ] GC(23) Pause Young (Allocation Failure)
[2022-06-13T01:36:46.488+0000][1][gc,task      ] GC(23) Using 5 workers of 13 for evacuation
[2022-06-13T01:36:46.495+0000][1][gc,age       ] GC(23) Desired survivor size 4456448 bytes, new threshold 6 (max threshold 6)
[2022-06-13T01:36:46.496+0000][1][gc,age       ] GC(23) Age table with threshold 6 (max threshold 6)
[2022-06-13T01:36:46.497+0000][1][gc,age       ] GC(23) - age   1:      72840 bytes,      72840 total
[2022-06-13T01:36:46.498+0000][1][gc,age       ] GC(23) - age   2:    1395776 bytes,    1468616 total
[2022-06-13T01:36:46.498+0000][1][gc,heap      ] GC(23) ParNew: 77977K->4966K(78656K)
[2022-06-13T01:36:46.499+0000][1][gc,heap      ] GC(23) CMS: 64012K->67704K(174784K)
[2022-06-13T01:36:46.499+0000][1][gc,metaspace ] GC(23) Metaspace: 65068K->65068K(1107968K)
[2022-06-13T01:36:46.500+0000][1][gc           ] GC(23) Pause Young (Allocation Failure) 138M->70M(247M) 12.327ms
[2022-06-13T01:36:46.501+0000][1][gc,cpu       ] GC(23) User=0.02s Sys=0.01s Real=0.02s
[2022-06-13T01:36:46.502+0000][1][safepoint    ] Leaving safepoint region
[2022-06-13T01:36:46.502+0000][1][safepoint    ] Total time for which application threads were stopped: 0.0156267 seconds, Stopping threads took: 0.0007091 seconds
[2022-06-13T01:36:47.503+0000][1][safepoint    ] Application time: 1.0003919 seconds
[2022-06-13T01:36:47.504+0000][1][safepoint    ] Entering safepoint region: Cleanup
[2022-06-13T01:36:47.505+0000][1][safepoint    ] Leaving safepoint region
[2022-06-13T01:36:47.506+0000][1][safepoint    ] Total time for which application threads were stopped: 0.0017016 seconds, Stopping threads took: 0.0007310 seconds
[2022-06-13T01:36:48.507+0000][1][safepoint    ] Application time: 1.0002301 seconds
[2022-06-13T01:36:48.508+0000][1][safepoint    ] Entering safepoint region: Cleanup
[2022-06-13T01:36:48.509+0000][1][safepoint    ] Leaving safepoint region
[2022-06-13T01:36:48.510+0000][1][safepoint    ] Total time for which application threads were stopped: 0.0019752 seconds, Stopping threads took: 0.0009862 seconds
[2022-06-13T01:36:49.511+0000][1][safepoint    ] Application time: 1.0002879 seconds
[2022-06-13T01:36:49.512+0000][1][safepoint    ] Entering safepoint region: Cleanup
[2022-06-13T01:36:49.512+0000][1][safepoint    ] Leaving safepoint region
[2022-06-13T01:36:49.512+0000][1][safepoint    ] Total time for which application threads were stopped: 0.0007249 seconds, Stopping threads took: 0.0003753 seconds
[2022-06-13T01:36:50.513+0000][1][safepoint    ] Application time: 1.0002305 seconds
[2022-06-13T01:36:50.514+0000][1][safepoint    ] Entering safepoint region: Cleanup
[2022-06-13T01:36:50.515+0000][1][safepoint    ] Leaving safepoint region
[2022-06-13T01:36:50.515+0000][1][safepoint    ] Total time for which application threads were stopped: 0.0014368 seconds, Stopping threads took: 0.0006033 seconds
[2022-06-13T01:36:51.516+0000][1][safepoint    ] Application time: 1.0003559 seconds
[2022-06-13T01:36:51.517+0000][1][safepoint    ] Entering safepoint region: Cleanup
[2022-06-13T01:36:51.518+0000][1][safepoint    ] Leaving safepoint region
[2022-06-13T01:36:51.519+0000][1][safepoint    ] Total time for which application threads were stopped: 0.0015084 seconds, Stopping threads took: 0.0007287 seconds
[2022-06-13T01:36:52.520+0000][1][safepoint    ] Application time: 1.0003734 seconds
[2022-06-13T01:36:52.520+0000][1][safepoint    ] Entering safepoint region: Cleanup
[2022-06-13T01:36:52.521+0000][1][safepoint    ] Leaving safepoint region
[2022-06-13T01:36:52.521+0000][1][safepoint    ] Total time for which application threads were stopped: 0.0009795 seconds, Stopping threads took: 0.0003697 seconds
[2022-06-13T01:36:53.522+0000][1][safepoint    ] Application time: 1.0001521 seconds
[2022-06-13T01:36:53.522+0000][1][safepoint    ] Entering safepoint region: Cleanup
[2022-06-13T01:36:53.523+0000][1][safepoint    ] Leaving safepoint region
[2022-06-13T01:36:53.523+0000][1][safepoint    ] Total time for which application threads were stopped: 0.0013711 seconds, Stopping threads took: 0.0009408 seconds
[2022-06-13T01:36:54.524+0000][1][safepoint    ] Application time: 1.0001505 seconds
[2022-06-13T01:36:54.525+0000][1][safepoint    ] Entering safepoint region: Cleanup
[2022-06-13T01:36:54.525+0000][1][safepoint    ] Leaving safepoint region
[2022-06-13T01:36:54.526+0000][1][safepoint    ] Total time for which application threads were stopped: 0.0009381 seconds, Stopping threads took: 0.0005092 seconds
[2022-06-13T01:36:55.526+0000][1][safepoint    ] Application time: 1.0003628 seconds
[2022-06-13T01:36:55.527+0000][1][safepoint    ] Entering safepoint region: Cleanup
[2022-06-13T01:36:55.528+0000][1][safepoint    ] Leaving safepoint region
[2022-06-13T01:36:55.529+0000][1][safepoint    ] Total time for which application threads were stopped: 0.0016470 seconds, Stopping threads took: 0.0008288 seconds
[2022-06-13T01:36:56.530+0000][1][safepoint    ] Application time: 1.0001260 seconds
[2022-06-13T01:36:56.530+0000][1][safepoint    ] Entering safepoint region: Cleanup
[2022-06-13T01:36:56.531+0000][1][safepoint    ] Leaving safepoint region
[2022-06-13T01:36:56.531+0000][1][safepoint    ] Total time for which application threads were stopped: 0.0011961 seconds, Stopping threads took: 0.0005272 seconds
[2022-06-13T01:36:57.532+0000][1][safepoint    ] Application time: 1.0002435 seconds
[2022-06-13T01:36:57.533+0000][1][safepoint    ] Entering safepoint region: Cleanup
[2022-06-13T01:36:57.534+0000][1][safepoint    ] Leaving safepoint region
[2022-06-13T01:36:57.534+0000][1][safepoint    ] Total time for which application threads were stopped: 0.0015605 seconds, Stopping threads took: 0.0006549 seconds
[2022-06-13T01:36:58.535+0000][1][safepoint    ] Application time: 1.0002984 seconds
[2022-06-13T01:36:58.536+0000][1][safepoint    ] Entering safepoint region: Cleanup
[2022-06-13T01:36:58.537+0000][1][safepoint    ] Leaving safepoint region
[2022-06-13T01:36:58.538+0000][1][safepoint    ] Total time for which application threads were stopped: 0.0015823 seconds, Stopping threads took: 0.0006618 seconds
[2022-06-13T01:36:59.538+0000][1][safepoint    ] Application time: 1.0002178 seconds
[2022-06-13T01:36:59.539+0000][1][safepoint    ] Entering safepoint region: Cleanup
[2022-06-13T01:36:59.540+0000][1][safepoint    ] Leaving safepoint region
[2022-06-13T01:36:59.540+0000][1][safepoint    ] Total time for which application threads were stopped: 0.0009597 seconds, Stopping threads took: 0.0004966 seconds
[2022-06-13T01:37:00.541+0000][1][safepoint    ] Application time: 1.0003604 seconds
[2022-06-13T01:37:00.541+0000][1][safepoint    ] Entering safepoint region: Cleanup
[2022-06-13T01:37:00.541+0000][1][safepoint    ] Leaving safepoint region
[2022-06-13T01:37:00.542+0000][1][safepoint    ] Total time for which application threads were stopped: 0.0010124 seconds, Stopping threads took: 0.0003561 seconds
[2022-06-13T01:37:01.542+0000][1][safepoint    ] Application time: 1.0002805 seconds
[2022-06-13T01:37:01.543+0000][1][safepoint    ] Entering safepoint region: Cleanup
[2022-06-13T01:37:01.544+0000][1][safepoint    ] Leaving safepoint region
[2022-06-13T01:37:01.545+0000][1][safepoint    ] Total time for which application threads were stopped: 0.0013811 seconds, Stopping threads took: 0.0008288 seconds
[2022-06-13T01:37:02.546+0000][1][safepoint    ] Application time: 1.0002205 seconds
[2022-06-13T01:37:02.546+0000][1][safepoint    ] Entering safepoint region: Cleanup
[2022-06-13T01:37:02.547+0000][1][safepoint    ] Leaving safepoint region
[2022-06-13T01:37:02.547+0000][1][safepoint    ] Total time for which application threads were stopped: 0.0008193 seconds, Stopping threads took: 0.0003690 seconds
[2022-06-13T01:37:03.548+0000][1][safepoint    ] Application time: 1.0002412 seconds
[2022-06-13T01:37:03.548+0000][1][safepoint    ] Entering safepoint region: Cleanup
[2022-06-13T01:37:03.548+0000][1][safepoint    ] Leaving safepoint region
[2022-06-13T01:37:03.549+0000][1][safepoint    ] Total time for which application threads were stopped: 0.0009226 seconds, Stopping threads took: 0.0002917 seconds
[2022-06-13T01:37:04.549+0000][1][safepoint    ] Application time: 1.0001844 seconds
[2022-06-13T01:37:04.550+0000][1][safepoint    ] Entering safepoint region: Cleanup
[2022-06-13T01:37:04.550+0000][1][safepoint    ] Leaving safepoint region
[2022-06-13T01:37:04.551+0000][1][safepoint    ] Total time for which application threads were stopped: 0.0007060 seconds, Stopping threads took: 0.0003705 seconds
[2022-06-13T01:37:05.551+0000][1][safepoint    ] Application time: 1.0002488 seconds
[2022-06-13T01:37:05.552+0000][1][safepoint    ] Entering safepoint region: Cleanup
[2022-06-13T01:37:05.553+0000][1][safepoint    ] Leaving safepoint region
[2022-06-13T01:37:05.553+0000][1][safepoint    ] Total time for which application threads were stopped: 0.0010637 seconds, Stopping threads took: 0.0004493 seconds
[2022-06-13T01:37:06.554+0000][1][safepoint    ] Application time: 1.0001957 seconds
[2022-06-13T01:37:06.555+0000][1][safepoint    ] Entering safepoint region: Cleanup
[2022-06-13T01:37:06.555+0000][1][safepoint    ] Leaving safepoint region
[2022-06-13T01:37:06.556+0000][1][safepoint    ] Total time for which application threads were stopped: 0.0012533 seconds, Stopping threads took: 0.0006133 seconds
[2022-06-13T01:37:07.557+0000][1][safepoint    ] Application time: 1.0003687 seconds
[2022-06-13T01:37:07.557+0000][1][safepoint    ] Entering safepoint region: Cleanup
[2022-06-13T01:37:07.558+0000][1][safepoint    ] Leaving safepoint region
[2022-06-13T01:37:07.558+0000][1][safepoint    ] Total time for which application threads were stopped: 0.0010672 seconds, Stopping threads took: 0.0005064 seconds
[2022-06-13T01:37:08.559+0000][1][safepoint    ] Application time: 1.0002983 seconds
[2022-06-13T01:37:08.560+0000][1][safepoint    ] Entering safepoint region: Cleanup
[2022-06-13T01:37:08.561+0000][1][safepoint    ] Leaving safepoint region
[2022-06-13T01:37:08.561+0000][1][safepoint    ] Total time for which application threads were stopped: 0.0012985 seconds, Stopping threads took: 0.0005907 seconds
[2022-06-13T01:37:09.562+0000][1][safepoint    ] Application time: 1.0002479 seconds
[2022-06-13T01:37:09.562+0000][1][safepoint    ] Entering safepoint region: Cleanup
[2022-06-13T01:37:09.563+0000][1][safepoint    ] Leaving safepoint region
[2022-06-13T01:37:09.563+0000][1][safepoint    ] Total time for which application threads were stopped: 0.0011865 seconds, Stopping threads took: 0.0006442 seconds
[2022-06-13T01:37:10.564+0000][1][safepoint    ] Application time: 1.0002602 seconds
[2022-06-13T01:37:10.565+0000][1][safepoint    ] Entering safepoint region: Cleanup
[2022-06-13T01:37:10.565+0000][1][safepoint    ] Leaving safepoint region
[2022-06-13T01:37:10.566+0000][1][safepoint    ] Total time for which application threads were stopped: 0.0009584 seconds, Stopping threads took: 0.0004802 seconds
[2022-06-13T01:37:11.566+0000][1][safepoint    ] Application time: 1.0001832 seconds
[2022-06-13T01:37:11.567+0000][1][safepoint    ] Entering safepoint region: Cleanup
[2022-06-13T01:37:11.567+0000][1][safepoint    ] Leaving safepoint region
[2022-06-13T01:37:11.568+0000][1][safepoint    ] Total time for which application threads were stopped: 0.0007155 seconds, Stopping threads took: 0.0003459 seconds
[2022-06-13T01:37:12.568+0000][1][safepoint    ] Application time: 1.0001570 seconds
[2022-06-13T01:37:12.569+0000][1][safepoint    ] Entering safepoint region: Cleanup
[2022-06-13T01:37:12.569+0000][1][safepoint    ] Leaving safepoint region
[2022-06-13T01:37:12.570+0000][1][safepoint    ] Total time for which application threads were stopped: 0.0010424 seconds, Stopping threads took: 0.0004795 seconds
[2022-06-13T01:37:13.571+0000][1][safepoint    ] Application time: 1.0003723 seconds
[2022-06-13T01:37:13.571+0000][1][safepoint    ] Entering safepoint region: Cleanup
[2022-06-13T01:37:13.573+0000][1][safepoint    ] Leaving safepoint region
[2022-06-13T01:37:13.574+0000][1][safepoint    ] Total time for which application threads were stopped: 0.0023886 seconds, Stopping threads took: 0.0015445 seconds
[2022-06-13T01:37:14.574+0000][1][safepoint    ] Application time: 1.0002428 seconds
[2022-06-13T01:37:14.575+0000][1][safepoint    ] Entering safepoint region: Cleanup
[2022-06-13T01:37:14.575+0000][1][safepoint    ] Leaving safepoint region
[2022-06-13T01:37:14.576+0000][1][safepoint    ] Total time for which application threads were stopped: 0.0009107 seconds, Stopping threads took: 0.0003997 seconds
[2022-06-13T01:37:15.576+0000][1][safepoint    ] Application time: 1.0002121 seconds
[2022-06-13T01:37:15.577+0000][1][safepoint    ] Entering safepoint region: Cleanup
[2022-06-13T01:37:15.578+0000][1][safepoint    ] Leaving safepoint region
[2022-06-13T01:37:15.578+0000][1][safepoint    ] Total time for which application threads were stopped: 0.0015221 seconds, Stopping threads took: 0.0006875 seconds
[2022-06-13T01:37:16.579+0000][1][safepoint    ] Application time: 1.0003380 seconds
[2022-06-13T01:37:16.580+0000][1][safepoint    ] Entering safepoint region: Cleanup
[2022-06-13T01:37:16.581+0000][1][safepoint    ] Leaving safepoint region
[2022-06-13T01:37:16.582+0000][1][safepoint    ] Total time for which application threads were stopped: 0.0016791 seconds, Stopping threads took: 0.0007630 seconds
[2022-06-13T01:37:17.583+0000][1][safepoint    ] Application time: 1.0003001 seconds
[2022-06-13T01:37:17.583+0000][1][safepoint    ] Entering safepoint region: Cleanup
[2022-06-13T01:37:17.584+0000][1][safepoint    ] Leaving safepoint region
[2022-06-13T01:37:17.584+0000][1][safepoint    ] Total time for which application threads were stopped: 0.0009080 seconds, Stopping threads took: 0.0003787 seconds
[2022-06-13T01:37:18.585+0000][1][safepoint    ] Application time: 1.0002587 seconds
[2022-06-13T01:37:18.585+0000][1][safepoint    ] Entering safepoint region: Cleanup
[2022-06-13T01:37:18.586+0000][1][safepoint    ] Leaving safepoint region
[2022-06-13T01:37:18.586+0000][1][safepoint    ] Total time for which application threads were stopped: 0.0007758 seconds, Stopping threads took: 0.0004060 seconds
[2022-06-13T01:37:19.587+0000][1][safepoint    ] Application time: 1.0001754 seconds
[2022-06-13T01:37:19.587+0000][1][safepoint    ] Entering safepoint region: Cleanup
[2022-06-13T01:37:19.588+0000][1][safepoint    ] Leaving safepoint region
[2022-06-13T01:37:19.588+0000][1][safepoint    ] Total time for which application threads were stopped: 0.0014605 seconds, Stopping threads took: 0.0004617 seconds
[2022-06-13T01:37:20.589+0000][1][safepoint    ] Application time: 1.0001655 seconds
[2022-06-13T01:37:20.590+0000][1][safepoint    ] Entering safepoint region: Cleanup
[2022-06-13T01:37:20.590+0000][1][safepoint    ] Leaving safepoint region
[2022-06-13T01:37:20.591+0000][1][safepoint    ] Total time for which application threads were stopped: 0.0011117 seconds, Stopping threads took: 0.0005880 seconds
[2022-06-13T01:37:21.591+0000][1][safepoint    ] Application time: 1.0002484 seconds
[2022-06-13T01:37:21.592+0000][1][safepoint    ] Entering safepoint region: Cleanup
[2022-06-13T01:37:21.592+0000][1][safepoint    ] Leaving safepoint region
[2022-06-13T01:37:21.593+0000][1][safepoint    ] Total time for which application threads were stopped: 0.0010812 seconds, Stopping threads took: 0.0004280 seconds
[2022-06-13T01:37:22.593+0000][1][safepoint    ] Application time: 1.0002274 seconds
[2022-06-13T01:37:22.594+0000][1][safepoint    ] Entering safepoint region: Cleanup
[2022-06-13T01:37:22.595+0000][1][safepoint    ] Leaving safepoint region
[2022-06-13T01:37:22.595+0000][1][safepoint    ] Total time for which application threads were stopped: 0.0008154 seconds, Stopping threads took: 0.0002918 seconds
[2022-06-13T01:37:23.595+0000][1][safepoint    ] Application time: 1.0003750 seconds
[2022-06-13T01:37:23.596+0000][1][safepoint    ] Entering safepoint region: Cleanup
[2022-06-13T01:37:23.597+0000][1][safepoint    ] Leaving safepoint region
[2022-06-13T01:37:23.598+0000][1][safepoint    ] Total time for which application threads were stopped: 0.0015621 seconds, Stopping threads took: 0.0007304 seconds
[2022-06-13T01:37:24.599+0000][1][safepoint    ] Application time: 1.0002466 seconds
[2022-06-13T01:37:24.599+0000][1][safepoint    ] Entering safepoint region: Cleanup
[2022-06-13T01:37:24.600+0000][1][safepoint    ] Leaving safepoint region
[2022-06-13T01:37:24.600+0000][1][safepoint    ] Total time for which application threads were stopped: 0.0008938 seconds, Stopping threads took: 0.0003782 seconds
[2022-06-13T01:37:25.601+0000][1][safepoint    ] Application time: 1.0002589 seconds
[2022-06-13T01:37:25.602+0000][1][safepoint    ] Entering safepoint region: Cleanup
[2022-06-13T01:37:25.603+0000][1][safepoint    ] Leaving safepoint region
[2022-06-13T01:37:25.603+0000][1][safepoint    ] Total time for which application threads were stopped: 0.0018585 seconds, Stopping threads took: 0.0008070 seconds
[2022-06-13T01:37:26.605+0000][1][safepoint    ] Application time: 1.0003255 seconds
[2022-06-13T01:37:26.605+0000][1][safepoint    ] Entering safepoint region: Cleanup
[2022-06-13T01:37:26.606+0000][1][safepoint    ] Leaving safepoint region
[2022-06-13T01:37:26.606+0000][1][safepoint    ] Total time for which application threads were stopped: 0.0010912 seconds, Stopping threads took: 0.0004017 seconds
[2022-06-13T01:37:27.607+0000][1][safepoint    ] Application time: 1.0003686 seconds
[2022-06-13T01:37:27.607+0000][1][safepoint    ] Entering safepoint region: Cleanup
[2022-06-13T01:37:27.608+0000][1][safepoint    ] Leaving safepoint region
[2022-06-13T01:37:27.608+0000][1][safepoint    ] Total time for which application threads were stopped: 0.0009416 seconds, Stopping threads took: 0.0002810 seconds
[2022-06-13T01:37:28.609+0000][1][safepoint    ] Application time: 1.0003170 seconds
[2022-06-13T01:37:28.609+0000][1][safepoint    ] Entering safepoint region: Cleanup
[2022-06-13T01:37:28.610+0000][1][safepoint    ] Leaving safepoint region
[2022-06-13T01:37:28.611+0000][1][safepoint    ] Total time for which application threads were stopped: 0.0015997 seconds, Stopping threads took: 0.0006689 seconds
[2022-06-13T01:37:29.612+0000][1][safepoint    ] Application time: 1.0002461 seconds
[2022-06-13T01:37:29.612+0000][1][safepoint    ] Entering safepoint region: Cleanup
[2022-06-13T01:37:29.613+0000][1][safepoint    ] Leaving safepoint region
[2022-06-13T01:37:29.613+0000][1][safepoint    ] Total time for which application threads were stopped: 0.0007871 seconds, Stopping threads took: 0.0004009 seconds
[2022-06-13T01:37:30.614+0000][1][safepoint    ] Application time: 1.0003344 seconds
[2022-06-13T01:37:30.615+0000][1][safepoint    ] Entering safepoint region: Cleanup
[2022-06-13T01:37:30.615+0000][1][safepoint    ] Leaving safepoint region
[2022-06-13T01:37:30.616+0000][1][safepoint    ] Total time for which application threads were stopped: 0.0014957 seconds, Stopping threads took: 0.0007443 seconds
[2022-06-13T01:37:31.617+0000][1][safepoint    ] Application time: 1.0002347 seconds
[2022-06-13T01:37:31.617+0000][1][safepoint    ] Entering safepoint region: Cleanup
[2022-06-13T01:37:31.618+0000][1][safepoint    ] Leaving safepoint region
[2022-06-13T01:37:31.618+0000][1][safepoint    ] Total time for which application threads were stopped: 0.0008856 seconds, Stopping threads took: 0.0003026 seconds
[2022-06-13T01:37:32.619+0000][1][safepoint    ] Application time: 1.0002759 seconds
[2022-06-13T01:37:32.619+0000][1][safepoint    ] Entering safepoint region: Cleanup
[2022-06-13T01:37:32.620+0000][1][safepoint    ] Leaving safepoint region
[2022-06-13T01:37:32.620+0000][1][safepoint    ] Total time for which application threads were stopped: 0.0007401 seconds, Stopping threads took: 0.0003326 seconds
[2022-06-13T01:37:33.620+0000][1][safepoint    ] Application time: 1.0003379 seconds
[2022-06-13T01:37:33.621+0000][1][safepoint    ] Entering safepoint region: Cleanup
[2022-06-13T01:37:33.622+0000][1][safepoint    ] Leaving safepoint region
[2022-06-13T01:37:33.623+0000][1][safepoint    ] Total time for which application threads were stopped: 0.0015110 seconds, Stopping threads took: 0.0006319 seconds
[2022-06-13T01:37:34.624+0000][1][safepoint    ] Application time: 1.0002044 seconds
[2022-06-13T01:37:34.624+0000][1][safepoint    ] Entering safepoint region: Cleanup
[2022-06-13T01:37:34.625+0000][1][safepoint    ] Leaving safepoint region
[2022-06-13T01:37:34.625+0000][1][safepoint    ] Total time for which application threads were stopped: 0.0011579 seconds, Stopping threads took: 0.0004922 seconds
[2022-06-13T01:37:35.626+0000][1][safepoint    ] Application time: 1.0002949 seconds
[2022-06-13T01:37:35.627+0000][1][safepoint    ] Entering safepoint region: Cleanup
[2022-06-13T01:37:35.627+0000][1][safepoint    ] Leaving safepoint region
[2022-06-13T01:37:35.627+0000][1][safepoint    ] Total time for which application threads were stopped: 0.0009797 seconds, Stopping threads took: 0.0004037 seconds
[2022-06-13T01:37:36.628+0000][1][safepoint    ] Application time: 1.0002515 seconds
[2022-06-13T01:37:36.628+0000][1][safepoint    ] Entering safepoint region: Cleanup
[2022-06-13T01:37:36.629+0000][1][safepoint    ] Leaving safepoint region
[2022-06-13T01:37:36.629+0000][1][safepoint    ] Total time for which application threads were stopped: 0.0006178 seconds, Stopping threads took: 0.0002694 seconds
[2022-06-13T01:37:37.629+0000][1][safepoint    ] Application time: 1.0001366 seconds
[2022-06-13T01:37:37.630+0000][1][safepoint    ] Entering safepoint region: Cleanup
[2022-06-13T01:37:37.630+0000][1][safepoint    ] Leaving safepoint region
[2022-06-13T01:37:37.630+0000][1][safepoint    ] Total time for which application threads were stopped: 0.0004712 seconds, Stopping threads took: 0.0002448 seconds
[2022-06-13T01:37:38.631+0000][1][safepoint    ] Application time: 1.0002677 seconds
[2022-06-13T01:37:38.631+0000][1][safepoint    ] Entering safepoint region: Cleanup
[2022-06-13T01:37:38.632+0000][1][safepoint    ] Leaving safepoint region
[2022-06-13T01:37:38.633+0000][1][safepoint    ] Total time for which application threads were stopped: 0.0017774 seconds, Stopping threads took: 0.0008477 seconds
[2022-06-13T01:37:39.634+0000][1][safepoint    ] Application time: 1.0003461 seconds
[2022-06-13T01:37:39.635+0000][1][safepoint    ] Entering safepoint region: Cleanup
[2022-06-13T01:37:39.636+0000][1][safepoint    ] Leaving safepoint region
[2022-06-13T01:37:39.637+0000][1][safepoint    ] Total time for which application threads were stopped: 0.0018023 seconds, Stopping threads took: 0.0007927 seconds
[2022-06-13T01:37:40.638+0000][1][safepoint    ] Application time: 1.0002436 seconds
[2022-06-13T01:37:40.638+0000][1][safepoint    ] Entering safepoint region: Cleanup
[2022-06-13T01:37:40.639+0000][1][safepoint    ] Leaving safepoint region
[2022-06-13T01:37:40.639+0000][1][safepoint    ] Total time for which application threads were stopped: 0.0009190 seconds, Stopping threads took: 0.0003133 seconds
[2022-06-13T01:37:41.640+0000][1][safepoint    ] Application time: 1.0003264 seconds
[2022-06-13T01:37:41.640+0000][1][safepoint    ] Entering safepoint region: Cleanup
[2022-06-13T01:37:41.641+0000][1][safepoint    ] Leaving safepoint region
[2022-06-13T01:37:41.642+0000][1][safepoint    ] Total time for which application threads were stopped: 0.0013953 seconds, Stopping threads took: 0.0005724 seconds
[2022-06-13T01:37:42.642+0000][1][safepoint    ] Application time: 1.0002494 seconds
[2022-06-13T01:37:42.643+0000][1][safepoint    ] Entering safepoint region: Cleanup
[2022-06-13T01:37:42.644+0000][1][safepoint    ] Leaving safepoint region
[2022-06-13T01:37:42.645+0000][1][safepoint    ] Total time for which application threads were stopped: 0.0021077 seconds, Stopping threads took: 0.0009946 seconds
[2022-06-13T01:37:43.646+0000][1][safepoint    ] Application time: 1.0002212 seconds
[2022-06-13T01:37:43.647+0000][1][safepoint    ] Entering safepoint region: Cleanup
[2022-06-13T01:37:43.647+0000][1][safepoint    ] Leaving safepoint region
[2022-06-13T01:37:43.647+0000][1][safepoint    ] Total time for which application threads were stopped: 0.0006573 seconds, Stopping threads took: 0.0002842 seconds
[2022-06-13T01:37:44.648+0000][1][safepoint    ] Application time: 1.0002854 seconds
[2022-06-13T01:37:44.649+0000][1][safepoint    ] Entering safepoint region: Cleanup
[2022-06-13T01:37:44.650+0000][1][safepoint    ] Leaving safepoint region
[2022-06-13T01:37:44.650+0000][1][safepoint    ] Total time for which application threads were stopped: 0.0016044 seconds, Stopping threads took: 0.0010872 seconds
[2022-06-13T01:37:45.651+0000][1][safepoint    ] Application time: 1.0003634 seconds
[2022-06-13T01:37:45.651+0000][1][safepoint    ] Entering safepoint region: Cleanup
[2022-06-13T01:37:45.652+0000][1][safepoint    ] Leaving safepoint region
[2022-06-13T01:37:45.652+0000][1][safepoint    ] Total time for which application threads were stopped: 0.0009713 seconds, Stopping threads took: 0.0003872 seconds
[2022-06-13T01:37:46.653+0000][1][safepoint    ] Application time: 1.0002359 seconds
[2022-06-13T01:37:46.654+0000][1][safepoint    ] Entering safepoint region: Cleanup
[2022-06-13T01:37:46.654+0000][1][safepoint    ] Leaving safepoint region
[2022-06-13T01:37:46.655+0000][1][safepoint    ] Total time for which application threads were stopped: 0.0015336 seconds, Stopping threads took: 0.0007468 seconds
[2022-06-13T01:37:47.656+0000][1][safepoint    ] Application time: 1.0003556 seconds
[2022-06-13T01:37:47.657+0000][1][safepoint    ] Entering safepoint region: Cleanup
[2022-06-13T01:37:47.657+0000][1][safepoint    ] Leaving safepoint region
[2022-06-13T01:37:47.658+0000][1][safepoint    ] Total time for which application threads were stopped: 0.0010440 seconds, Stopping threads took: 0.0006268 seconds
[2022-06-13T01:37:48.658+0000][1][safepoint    ] Application time: 1.0001827 seconds
[2022-06-13T01:37:48.659+0000][1][safepoint    ] Entering safepoint region: Cleanup
[2022-06-13T01:37:48.659+0000][1][safepoint    ] Leaving safepoint region
[2022-06-13T01:37:48.659+0000][1][safepoint    ] Total time for which application threads were stopped: 0.0005813 seconds, Stopping threads took: 0.0003275 seconds
[2022-06-13T01:37:49.660+0000][1][safepoint    ] Application time: 1.0001871 seconds
[2022-06-13T01:37:49.661+0000][1][safepoint    ] Entering safepoint region: Cleanup
[2022-06-13T01:37:49.662+0000][1][safepoint    ] Leaving safepoint region
[2022-06-13T01:37:49.662+0000][1][safepoint    ] Total time for which application threads were stopped: 0.0016187 seconds, Stopping threads took: 0.0007916 seconds
[2022-06-13T01:37:50.663+0000][1][safepoint    ] Application time: 1.0001396 seconds
[2022-06-13T01:37:50.663+0000][1][safepoint    ] Entering safepoint region: Cleanup
[2022-06-13T01:37:50.664+0000][1][safepoint    ] Leaving safepoint region
[2022-06-13T01:37:50.664+0000][1][safepoint    ] Total time for which application threads were stopped: 0.0009258 seconds, Stopping threads took: 0.0005314 seconds
[2022-06-13T01:37:51.664+0000][1][safepoint    ] Application time: 1.0002084 seconds
[2022-06-13T01:37:51.665+0000][1][safepoint    ] Entering safepoint region: Cleanup
[2022-06-13T01:37:51.666+0000][1][safepoint    ] Leaving safepoint region
[2022-06-13T01:37:51.666+0000][1][safepoint    ] Total time for which application threads were stopped: 0.0011309 seconds, Stopping threads took: 0.0005088 seconds
[2022-06-13T01:37:52.667+0000][1][safepoint    ] Application time: 1.0002971 seconds
[2022-06-13T01:37:52.668+0000][1][safepoint    ] Entering safepoint region: Cleanup
[2022-06-13T01:37:52.668+0000][1][safepoint    ] Leaving safepoint region
[2022-06-13T01:37:52.669+0000][1][safepoint    ] Total time for which application threads were stopped: 0.0016610 seconds, Stopping threads took: 0.0007353 seconds
[2022-06-13T01:37:53.670+0000][1][safepoint    ] Application time: 1.0002448 seconds
[2022-06-13T01:37:53.671+0000][1][safepoint    ] Entering safepoint region: Cleanup
[2022-06-13T01:37:53.672+0000][1][safepoint    ] Leaving safepoint region
[2022-06-13T01:37:53.673+0000][1][safepoint    ] Total time for which application threads were stopped: 0.0016809 seconds, Stopping threads took: 0.0007595 seconds
[2022-06-13T01:37:54.674+0000][1][safepoint    ] Application time: 1.0002418 seconds
[2022-06-13T01:37:54.675+0000][1][safepoint    ] Entering safepoint region: Cleanup
[2022-06-13T01:37:54.676+0000][1][safepoint    ] Leaving safepoint region
[2022-06-13T01:37:54.676+0000][1][safepoint    ] Total time for which application threads were stopped: 0.0019442 seconds, Stopping threads took: 0.0008379 seconds
[2022-06-13T01:37:55.678+0000][1][safepoint    ] Application time: 1.0004951 seconds
[2022-06-13T01:37:55.678+0000][1][safepoint    ] Entering safepoint region: Cleanup
[2022-06-13T01:37:55.679+0000][1][safepoint    ] Leaving safepoint region
[2022-06-13T01:37:55.679+0000][1][safepoint    ] Total time for which application threads were stopped: 0.0011680 seconds, Stopping threads took: 0.0005395 seconds
[2022-06-13T01:37:56.680+0000][1][safepoint    ] Application time: 1.0002444 seconds
[2022-06-13T01:37:56.681+0000][1][safepoint    ] Entering safepoint region: Cleanup
[2022-06-13T01:37:56.682+0000][1][safepoint    ] Leaving safepoint region
[2022-06-13T01:37:56.682+0000][1][safepoint    ] Total time for which application threads were stopped: 0.0017541 seconds, Stopping threads took: 0.0007440 seconds
[2022-06-13T01:37:57.683+0000][1][safepoint    ] Application time: 1.0001973 seconds
[2022-06-13T01:37:57.684+0000][1][safepoint    ] Entering safepoint region: Cleanup
[2022-06-13T01:37:57.685+0000][1][safepoint    ] Leaving safepoint region
[2022-06-13T01:37:57.686+0000][1][safepoint    ] Total time for which application threads were stopped: 0.0016625 seconds, Stopping threads took: 0.0007457 seconds
[2022-06-13T01:37:58.687+0000][1][safepoint    ] Application time: 1.0001673 seconds
[2022-06-13T01:37:58.687+0000][1][safepoint    ] Entering safepoint region: Cleanup
[2022-06-13T01:37:58.688+0000][1][safepoint    ] Leaving safepoint region
[2022-06-13T01:37:58.688+0000][1][safepoint    ] Total time for which application threads were stopped: 0.0010404 seconds, Stopping threads took: 0.0006114 seconds
[2022-06-13T01:37:59.688+0000][1][safepoint    ] Application time: 1.0001527 seconds
[2022-06-13T01:37:59.689+0000][1][safepoint    ] Entering safepoint region: Cleanup
[2022-06-13T01:37:59.689+0000][1][safepoint    ] Leaving safepoint region
[2022-06-13T01:37:59.690+0000][1][safepoint    ] Total time for which application threads were stopped: 0.0008152 seconds, Stopping threads took: 0.0003212 seconds
[2022-06-13T01:38:00.690+0000][1][safepoint    ] Application time: 1.0002568 seconds
[2022-06-13T01:38:00.691+0000][1][safepoint    ] Entering safepoint region: Cleanup
[2022-06-13T01:38:00.692+0000][1][safepoint    ] Leaving safepoint region
[2022-06-13T01:38:00.692+0000][1][safepoint    ] Total time for which application threads were stopped: 0.0013333 seconds, Stopping threads took: 0.0004965 seconds
[2022-06-13T01:38:01.693+0000][1][safepoint    ] Application time: 1.0004258 seconds
[2022-06-13T01:38:01.694+0000][1][safepoint    ] Entering safepoint region: Cleanup
[2022-06-13T01:38:01.694+0000][1][safepoint    ] Leaving safepoint region
[2022-06-13T01:38:01.694+0000][1][safepoint    ] Total time for which application threads were stopped: 0.0008914 seconds, Stopping threads took: 0.0003113 seconds
[2022-06-13T01:38:02.695+0000][1][safepoint    ] Application time: 1.0002626 seconds
[2022-06-13T01:38:02.695+0000][1][safepoint    ] Entering safepoint region: Cleanup
[2022-06-13T01:38:02.696+0000][1][safepoint    ] Leaving safepoint region
[2022-06-13T01:38:02.696+0000][1][safepoint    ] Total time for which application threads were stopped: 0.0009299 seconds, Stopping threads took: 0.0003524 seconds
[2022-06-13T01:38:03.697+0000][1][safepoint    ] Application time: 1.0002595 seconds
[2022-06-13T01:38:03.698+0000][1][safepoint    ] Entering safepoint region: Cleanup
[2022-06-13T01:38:03.698+0000][1][safepoint    ] Leaving safepoint region
[2022-06-13T01:38:03.699+0000][1][safepoint    ] Total time for which application threads were stopped: 0.0016811 seconds, Stopping threads took: 0.0007935 seconds
[2022-06-13T01:38:04.700+0000][1][safepoint    ] Application time: 1.0002605 seconds
[2022-06-13T01:38:04.701+0000][1][safepoint    ] Entering safepoint region: Cleanup
[2022-06-13T01:38:04.702+0000][1][safepoint    ] Leaving safepoint region
[2022-06-13T01:38:04.703+0000][1][safepoint    ] Total time for which application threads were stopped: 0.0019682 seconds, Stopping threads took: 0.0008727 seconds
[2022-06-13T01:38:05.704+0000][1][safepoint    ] Application time: 1.0002650 seconds
[2022-06-13T01:38:05.704+0000][1][safepoint    ] Entering safepoint region: Cleanup
[2022-06-13T01:38:05.705+0000][1][safepoint    ] Leaving safepoint region
[2022-06-13T01:38:05.705+0000][1][safepoint    ] Total time for which application threads were stopped: 0.0006592 seconds, Stopping threads took: 0.0003451 seconds
[2022-06-13T01:38:06.706+0000][1][safepoint    ] Application time: 1.0001365 seconds
[2022-06-13T01:38:06.706+0000][1][safepoint    ] Entering safepoint region: Cleanup
[2022-06-13T01:38:06.707+0000][1][safepoint    ] Leaving safepoint region
[2022-06-13T01:38:06.707+0000][1][safepoint    ] Total time for which application threads were stopped: 0.0009339 seconds, Stopping threads took: 0.0004710 seconds
[2022-06-13T01:38:07.708+0000][1][safepoint    ] Application time: 1.0002014 seconds
[2022-06-13T01:38:07.708+0000][1][safepoint    ] Entering safepoint region: Cleanup
[2022-06-13T01:38:07.708+0000][1][safepoint    ] Leaving safepoint region
[2022-06-13T01:38:07.709+0000][1][safepoint    ] Total time for which application threads were stopped: 0.0003773 seconds, Stopping threads took: 0.0001641 seconds
[2022-06-13T01:38:08.709+0000][1][safepoint    ] Application time: 1.0003393 seconds
[2022-06-13T01:38:08.710+0000][1][safepoint    ] Entering safepoint region: Cleanup
[2022-06-13T01:38:08.711+0000][1][safepoint    ] Leaving safepoint region
[2022-06-13T01:38:08.712+0000][1][safepoint    ] Total time for which application threads were stopped: 0.0018549 seconds, Stopping threads took: 0.0008352 seconds
[2022-06-13T01:38:09.713+0000][1][safepoint    ] Application time: 1.0002430 seconds
[2022-06-13T01:38:09.713+0000][1][safepoint    ] Entering safepoint region: Cleanup
[2022-06-13T01:38:09.714+0000][1][safepoint    ] Leaving safepoint region
[2022-06-13T01:38:09.714+0000][1][safepoint    ] Total time for which application threads were stopped: 0.0007826 seconds, Stopping threads took: 0.0003253 seconds
[2022-06-13T01:38:10.715+0000][1][safepoint    ] Application time: 1.0002157 seconds
[2022-06-13T01:38:10.715+0000][1][safepoint    ] Entering safepoint region: Cleanup
[2022-06-13T01:38:10.715+0000][1][safepoint    ] Leaving safepoint region
[2022-06-13T01:38:10.715+0000][1][safepoint    ] Total time for which application threads were stopped: 0.0003517 seconds, Stopping threads took: 0.0001567 seconds
[2022-06-13T01:38:11.715+0000][1][safepoint    ] Application time: 1.0001729 seconds
[2022-06-13T01:38:11.716+0000][1][safepoint    ] Entering safepoint region: Cleanup
[2022-06-13T01:38:11.716+0000][1][safepoint    ] Leaving safepoint region
[2022-06-13T01:38:11.717+0000][1][safepoint    ] Total time for which application threads were stopped: 0.0009144 seconds, Stopping threads took: 0.0003141 seconds
[2022-06-13T01:38:12.717+0000][1][safepoint    ] Application time: 1.0002034 seconds
[2022-06-13T01:38:12.718+0000][1][safepoint    ] Entering safepoint region: Cleanup
[2022-06-13T01:38:12.718+0000][1][safepoint    ] Leaving safepoint region
[2022-06-13T01:38:12.719+0000][1][safepoint    ] Total time for which application threads were stopped: 0.0009862 seconds, Stopping threads took: 0.0004815 seconds
[2022-06-13T01:38:13.719+0000][1][safepoint    ] Application time: 1.0003605 seconds
[2022-06-13T01:38:13.720+0000][1][safepoint    ] Entering safepoint region: Cleanup
[2022-06-13T01:38:13.721+0000][1][safepoint    ] Leaving safepoint region
[2022-06-13T01:38:13.721+0000][1][safepoint    ] Total time for which application threads were stopped: 0.0007705 seconds, Stopping threads took: 0.0003801 seconds
[2022-06-13T01:38:14.721+0000][1][safepoint    ] Application time: 1.0002503 seconds
[2022-06-13T01:38:14.722+0000][1][safepoint    ] Entering safepoint region: Cleanup
[2022-06-13T01:38:14.724+0000][1][safepoint    ] Leaving safepoint region
[2022-06-13T01:38:14.724+0000][1][safepoint    ] Total time for which application threads were stopped: 0.0023086 seconds, Stopping threads took: 0.0008194 seconds
[2022-06-13T01:38:15.725+0000][1][safepoint    ] Application time: 1.0002129 seconds
[2022-06-13T01:38:15.726+0000][1][safepoint    ] Entering safepoint region: Cleanup
[2022-06-13T01:38:15.727+0000][1][safepoint    ] Leaving safepoint region
[2022-06-13T01:38:15.727+0000][1][safepoint    ] Total time for which application threads were stopped: 0.0016616 seconds, Stopping threads took: 0.0008469 seconds
[2022-06-13T01:38:16.728+0000][1][safepoint    ] Application time: 1.0003023 seconds
[2022-06-13T01:38:16.729+0000][1][safepoint    ] Entering safepoint region: Cleanup
[2022-06-13T01:38:16.730+0000][1][safepoint    ] Leaving safepoint region
[2022-06-13T01:38:16.731+0000][1][safepoint    ] Total time for which application threads were stopped: 0.0019587 seconds, Stopping threads took: 0.0009620 seconds
[2022-06-13T01:38:17.732+0000][1][safepoint    ] Application time: 1.0003115 seconds
[2022-06-13T01:38:17.733+0000][1][safepoint    ] Entering safepoint region: Cleanup
[2022-06-13T01:38:17.733+0000][1][safepoint    ] Leaving safepoint region
[2022-06-13T01:38:17.734+0000][1][safepoint    ] Total time for which application threads were stopped: 0.0009867 seconds, Stopping threads took: 0.0004332 seconds
[2022-06-13T01:38:18.734+0000][1][safepoint    ] Application time: 1.0002596 seconds
[2022-06-13T01:38:18.735+0000][1][safepoint    ] Entering safepoint region: Cleanup
[2022-06-13T01:38:18.736+0000][1][safepoint    ] Leaving safepoint region
[2022-06-13T01:38:18.737+0000][1][safepoint    ] Total time for which application threads were stopped: 0.0018161 seconds, Stopping threads took: 0.0008106 seconds
[2022-06-13T01:38:19.738+0000][1][safepoint    ] Application time: 1.0001220 seconds
[2022-06-13T01:38:19.738+0000][1][safepoint    ] Entering safepoint region: Cleanup
[2022-06-13T01:38:19.739+0000][1][safepoint    ] Leaving safepoint region
[2022-06-13T01:38:19.739+0000][1][safepoint    ] Total time for which application threads were stopped: 0.0009832 seconds, Stopping threads took: 0.0004715 seconds
[2022-06-13T01:38:20.740+0000][1][safepoint    ] Application time: 1.0002449 seconds
[2022-06-13T01:38:20.740+0000][1][safepoint    ] Entering safepoint region: Cleanup
[2022-06-13T01:38:20.741+0000][1][safepoint    ] Leaving safepoint region
[2022-06-13T01:38:20.741+0000][1][safepoint    ] Total time for which application threads were stopped: 0.0009418 seconds, Stopping threads took: 0.0002842 seconds
[2022-06-13T01:38:21.742+0000][1][safepoint    ] Application time: 1.0003129 seconds
[2022-06-13T01:38:21.742+0000][1][safepoint    ] Entering safepoint region: Cleanup
[2022-06-13T01:38:21.743+0000][1][safepoint    ] Leaving safepoint region
[2022-06-13T01:38:21.743+0000][1][safepoint    ] Total time for which application threads were stopped: 0.0010387 seconds, Stopping threads took: 0.0002311 seconds
[2022-06-13T01:38:22.744+0000][1][safepoint    ] Application time: 1.0003095 seconds
[2022-06-13T01:38:22.745+0000][1][safepoint    ] Entering safepoint region: Cleanup
[2022-06-13T01:38:22.746+0000][1][safepoint    ] Leaving safepoint region
[2022-06-13T01:38:22.746+0000][1][safepoint    ] Total time for which application threads were stopped: 0.0015690 seconds, Stopping threads took: 0.0006423 seconds
[2022-06-13T01:38:23.747+0000][1][safepoint    ] Application time: 1.0002530 seconds
[2022-06-13T01:38:23.748+0000][1][safepoint    ] Entering safepoint region: Cleanup
[2022-06-13T01:38:23.748+0000][1][safepoint    ] Leaving safepoint region
[2022-06-13T01:38:23.749+0000][1][safepoint    ] Total time for which application threads were stopped: 0.0009927 seconds, Stopping threads took: 0.0004521 seconds
[2022-06-13T01:38:24.750+0000][1][safepoint    ] Application time: 1.0003431 seconds
[2022-06-13T01:38:24.750+0000][1][safepoint    ] Entering safepoint region: Cleanup
[2022-06-13T01:38:24.751+0000][1][safepoint    ] Leaving safepoint region
[2022-06-13T01:38:24.751+0000][1][safepoint    ] Total time for which application threads were stopped: 0.0009772 seconds, Stopping threads took: 0.0002404 seconds
[2022-06-13T01:38:25.752+0000][1][safepoint    ] Application time: 1.0002600 seconds
[2022-06-13T01:38:25.753+0000][1][safepoint    ] Entering safepoint region: Cleanup
[2022-06-13T01:38:25.753+0000][1][safepoint    ] Leaving safepoint region
[2022-06-13T01:38:25.754+0000][1][safepoint    ] Total time for which application threads were stopped: 0.0012562 seconds, Stopping threads took: 0.0003872 seconds
[2022-06-13T01:38:26.755+0000][1][safepoint    ] Application time: 1.0001803 seconds
[2022-06-13T01:38:26.756+0000][1][safepoint    ] Entering safepoint region: Cleanup
[2022-06-13T01:38:26.756+0000][1][safepoint    ] Leaving safepoint region
[2022-06-13T01:38:26.757+0000][1][safepoint    ] Total time for which application threads were stopped: 0.0009949 seconds, Stopping threads took: 0.0004353 seconds
[2022-06-13T01:38:27.757+0000][1][safepoint    ] Application time: 1.0002774 seconds
[2022-06-13T01:38:27.758+0000][1][safepoint    ] Entering safepoint region: Cleanup
[2022-06-13T01:38:27.758+0000][1][safepoint    ] Leaving safepoint region
[2022-06-13T01:38:27.759+0000][1][safepoint    ] Total time for which application threads were stopped: 0.0009991 seconds, Stopping threads took: 0.0005590 seconds
[2022-06-13T01:38:28.760+0000][1][safepoint    ] Application time: 1.0003109 seconds
[2022-06-13T01:38:28.760+0000][1][safepoint    ] Entering safepoint region: Cleanup
[2022-06-13T01:38:28.761+0000][1][safepoint    ] Leaving safepoint region
[2022-06-13T01:38:28.761+0000][1][safepoint    ] Total time for which application threads were stopped: 0.0008906 seconds, Stopping threads took: 0.0005082 seconds
[2022-06-13T01:38:29.762+0000][1][safepoint    ] Application time: 1.0003578 seconds
[2022-06-13T01:38:29.763+0000][1][safepoint    ] Entering safepoint region: Cleanup
[2022-06-13T01:38:29.763+0000][1][safepoint    ] Leaving safepoint region
[2022-06-13T01:38:29.764+0000][1][safepoint    ] Total time for which application threads were stopped: 0.0011536 seconds, Stopping threads took: 0.0005490 seconds
[2022-06-13T01:38:30.764+0000][1][safepoint    ] Application time: 1.0003097 seconds
[2022-06-13T01:38:30.765+0000][1][safepoint    ] Entering safepoint region: Cleanup
[2022-06-13T01:38:30.765+0000][1][safepoint    ] Leaving safepoint region
[2022-06-13T01:38:30.766+0000][1][safepoint    ] Total time for which application threads were stopped: 0.0012398 seconds, Stopping threads took: 0.0003914 seconds
[2022-06-13T01:38:31.767+0000][1][safepoint    ] Application time: 1.0002194 seconds
[2022-06-13T01:38:31.767+0000][1][safepoint    ] Entering safepoint region: Cleanup
[2022-06-13T01:38:31.768+0000][1][safepoint    ] Leaving safepoint region
[2022-06-13T01:38:31.768+0000][1][safepoint    ] Total time for which application threads were stopped: 0.0011128 seconds, Stopping threads took: 0.0005317 seconds
[2022-06-13T01:38:32.769+0000][1][safepoint    ] Application time: 1.0001722 seconds
[2022-06-13T01:38:32.770+0000][1][safepoint    ] Entering safepoint region: Cleanup
[2022-06-13T01:38:32.770+0000][1][safepoint    ] Leaving safepoint region
[2022-06-13T01:38:32.771+0000][1][safepoint    ] Total time for which application threads were stopped: 0.0009842 seconds, Stopping threads took: 0.0004404 seconds
[2022-06-13T01:38:33.771+0000][1][safepoint    ] Application time: 1.0002707 seconds
[2022-06-13T01:38:33.772+0000][1][safepoint    ] Entering safepoint region: Cleanup
[2022-06-13T01:38:33.773+0000][1][safepoint    ] Leaving safepoint region
[2022-06-13T01:38:33.774+0000][1][safepoint    ] Total time for which application threads were stopped: 0.0017208 seconds, Stopping threads took: 0.0006159 seconds
[2022-06-13T01:38:34.775+0000][1][safepoint    ] Application time: 1.0003955 seconds
[2022-06-13T01:38:34.776+0000][1][safepoint    ] Entering safepoint region: Cleanup
[2022-06-13T01:38:34.777+0000][1][safepoint    ] Leaving safepoint region
[2022-06-13T01:38:34.778+0000][1][safepoint    ] Total time for which application threads were stopped: 0.0018121 seconds, Stopping threads took: 0.0008285 seconds
[2022-06-13T01:38:35.778+0000][1][safepoint    ] Application time: 1.0002040 seconds
[2022-06-13T01:38:35.779+0000][1][safepoint    ] Entering safepoint region: Cleanup
[2022-06-13T01:38:35.780+0000][1][safepoint    ] Leaving safepoint region
[2022-06-13T01:38:35.780+0000][1][safepoint    ] Total time for which application threads were stopped: 0.0013089 seconds, Stopping threads took: 0.0007153 seconds
[2022-06-13T01:38:36.781+0000][1][safepoint    ] Application time: 1.0003337 seconds
[2022-06-13T01:38:36.800+0000][1][safepoint    ] Entering safepoint region: Cleanup
[2022-06-13T01:38:36.801+0000][1][safepoint    ] Leaving safepoint region
[2022-06-13T01:38:36.802+0000][1][safepoint    ] Total time for which application threads were stopped: 0.0014101 seconds, Stopping threads took: 0.0007563 seconds
[2022-06-13T01:38:37.802+0000][1][safepoint    ] Application time: 1.0002796 seconds
[2022-06-13T01:38:37.803+0000][1][safepoint    ] Entering safepoint region: Cleanup
[2022-06-13T01:38:37.804+0000][1][safepoint    ] Leaving safepoint region
[2022-06-13T01:38:37.804+0000][1][safepoint    ] Total time for which application threads were stopped: 0.0010281 seconds, Stopping threads took: 0.0005061 seconds
[2022-06-13T01:38:38.805+0000][1][safepoint    ] Application time: 1.0003627 seconds
[2022-06-13T01:38:38.806+0000][1][safepoint    ] Entering safepoint region: Cleanup
[2022-06-13T01:38:38.807+0000][1][safepoint    ] Leaving safepoint region
[2022-06-13T01:38:38.808+0000][1][safepoint    ] Total time for which application threads were stopped: 0.0016866 seconds, Stopping threads took: 0.0007649 seconds
[2022-06-13T01:38:39.809+0000][1][safepoint    ] Application time: 1.0001675 seconds
[2022-06-13T01:38:39.809+0000][1][safepoint    ] Entering safepoint region: Cleanup
[2022-06-13T01:38:39.810+0000][1][safepoint    ] Leaving safepoint region
[2022-06-13T01:38:39.810+0000][1][safepoint    ] Total time for which application threads were stopped: 0.0008090 seconds, Stopping threads took: 0.0003588 seconds
[2022-06-13T01:38:40.811+0000][1][safepoint    ] Application time: 1.0002357 seconds
[2022-06-13T01:38:40.812+0000][1][safepoint    ] Entering safepoint region: Cleanup
[2022-06-13T01:38:40.813+0000][1][safepoint    ] Leaving safepoint region
[2022-06-13T01:38:40.814+0000][1][safepoint    ] Total time for which application threads were stopped: 0.0019044 seconds, Stopping threads took: 0.0008260 seconds
[2022-06-13T01:38:41.815+0000][1][safepoint    ] Application time: 1.0002230 seconds
[2022-06-13T01:38:41.815+0000][1][safepoint    ] Entering safepoint region: Cleanup
[2022-06-13T01:38:41.816+0000][1][safepoint    ] Leaving safepoint region
[2022-06-13T01:38:41.816+0000][1][safepoint    ] Total time for which application threads were stopped: 0.0006375 seconds, Stopping threads took: 0.0003397 seconds
[2022-06-13T01:38:42.816+0000][1][safepoint    ] Application time: 1.0003143 seconds
[2022-06-13T01:38:42.817+0000][1][safepoint    ] Entering safepoint region: Cleanup
[2022-06-13T01:38:42.818+0000][1][safepoint    ] Leaving safepoint region
[2022-06-13T01:38:42.819+0000][1][safepoint    ] Total time for which application threads were stopped: 0.0013687 seconds, Stopping threads took: 0.0006988 seconds
[2022-06-13T01:38:43.819+0000][1][safepoint    ] Application time: 1.0001929 seconds
[2022-06-13T01:38:43.820+0000][1][safepoint    ] Entering safepoint region: Cleanup
[2022-06-13T01:38:43.820+0000][1][safepoint    ] Leaving safepoint region
[2022-06-13T01:38:43.821+0000][1][safepoint    ] Total time for which application threads were stopped: 0.0007887 seconds, Stopping threads took: 0.0003369 seconds
[2022-06-13T01:38:44.821+0000][1][safepoint    ] Application time: 1.0003272 seconds
[2022-06-13T01:38:44.822+0000][1][safepoint    ] Entering safepoint region: Cleanup
[2022-06-13T01:38:44.823+0000][1][safepoint    ] Leaving safepoint region
[2022-06-13T01:38:44.824+0000][1][safepoint    ] Total time for which application threads were stopped: 0.0015942 seconds, Stopping threads took: 0.0006937 seconds
[2022-06-13T01:38:45.825+0000][1][safepoint    ] Application time: 1.0002548 seconds
[2022-06-13T01:38:45.826+0000][1][safepoint    ] Entering safepoint region: Cleanup
[2022-06-13T01:38:45.827+0000][1][safepoint    ] Leaving safepoint region
[2022-06-13T01:38:45.828+0000][1][safepoint    ] Total time for which application threads were stopped: 0.0021137 seconds, Stopping threads took: 0.0009651 seconds
[2022-06-13T01:38:46.829+0000][1][safepoint    ] Application time: 1.0003006 seconds
[2022-06-13T01:38:46.829+0000][1][safepoint    ] Entering safepoint region: Cleanup
[2022-06-13T01:38:46.830+0000][1][safepoint    ] Leaving safepoint region
[2022-06-13T01:38:46.830+0000][1][safepoint    ] Total time for which application threads were stopped: 0.0010020 seconds, Stopping threads took: 0.0005173 seconds
[2022-06-13T01:38:47.831+0000][1][safepoint    ] Application time: 1.0003217 seconds
[2022-06-13T01:38:47.832+0000][1][safepoint    ] Entering safepoint region: Cleanup
[2022-06-13T01:38:47.832+0000][1][safepoint    ] Leaving safepoint region
[2022-06-13T01:38:47.832+0000][1][safepoint    ] Total time for which application threads were stopped: 0.0009504 seconds, Stopping threads took: 0.0003949 seconds
[2022-06-13T01:38:48.833+0000][1][safepoint    ] Application time: 1.0002677 seconds
[2022-06-13T01:38:48.834+0000][1][safepoint    ] Entering safepoint region: Cleanup
[2022-06-13T01:38:48.835+0000][1][safepoint    ] Leaving safepoint region
[2022-06-13T01:38:48.836+0000][1][safepoint    ] Total time for which application threads were stopped: 0.0016684 seconds, Stopping threads took: 0.0007171 seconds
[2022-06-13T01:38:49.837+0000][1][safepoint    ] Application time: 1.0002611 seconds
[2022-06-13T01:38:49.838+0000][1][safepoint    ] Entering safepoint region: Cleanup
[2022-06-13T01:38:49.839+0000][1][safepoint    ] Leaving safepoint region
[2022-06-13T01:38:49.839+0000][1][safepoint    ] Total time for which application threads were stopped: 0.0013095 seconds, Stopping threads took: 0.0006117 seconds
[2022-06-13T01:38:50.840+0000][1][safepoint    ] Application time: 1.0001302 seconds
[2022-06-13T01:38:50.840+0000][1][safepoint    ] Entering safepoint region: Cleanup
[2022-06-13T01:38:50.841+0000][1][safepoint    ] Leaving safepoint region
[2022-06-13T01:38:50.841+0000][1][safepoint    ] Total time for which application threads were stopped: 0.0009804 seconds, Stopping threads took: 0.0004672 seconds
[2022-06-13T01:38:51.842+0000][1][safepoint    ] Application time: 1.0003371 seconds
[2022-06-13T01:38:51.842+0000][1][safepoint    ] Entering safepoint region: Cleanup
[2022-06-13T01:38:51.843+0000][1][safepoint    ] Leaving safepoint region
[2022-06-13T01:38:51.844+0000][1][safepoint    ] Total time for which application threads were stopped: 0.0013340 seconds, Stopping threads took: 0.0005910 seconds
[2022-06-13T01:38:52.845+0000][1][safepoint    ] Application time: 1.0002531 seconds
[2022-06-13T01:38:52.846+0000][1][safepoint    ] Entering safepoint region: Cleanup
[2022-06-13T01:38:52.847+0000][1][safepoint    ] Leaving safepoint region
[2022-06-13T01:38:52.847+0000][1][safepoint    ] Total time for which application threads were stopped: 0.0014555 seconds, Stopping threads took: 0.0008721 seconds
[2022-06-13T01:38:53.848+0000][1][safepoint    ] Application time: 1.0003084 seconds
[2022-06-13T01:38:53.849+0000][1][safepoint    ] Entering safepoint region: Cleanup
[2022-06-13T01:38:53.850+0000][1][safepoint    ] Leaving safepoint region
[2022-06-13T01:38:53.851+0000][1][safepoint    ] Total time for which application threads were stopped: 0.0018091 seconds, Stopping threads took: 0.0009261 seconds
[2022-06-13T01:38:54.852+0000][1][safepoint    ] Application time: 1.0002244 seconds
[2022-06-13T01:38:54.853+0000][1][safepoint    ] Entering safepoint region: Cleanup
[2022-06-13T01:38:54.854+0000][1][safepoint    ] Leaving safepoint region
[2022-06-13T01:38:54.855+0000][1][safepoint    ] Total time for which application threads were stopped: 0.0015222 seconds, Stopping threads took: 0.0006039 seconds
[2022-06-13T01:38:55.856+0000][1][safepoint    ] Application time: 1.0004230 seconds
[2022-06-13T01:38:55.882+0000][1][safepoint    ] Entering safepoint region: Cleanup
[2022-06-13T01:38:55.882+0000][1][safepoint    ] Leaving safepoint region
[2022-06-13T01:38:55.883+0000][1][safepoint    ] Total time for which application threads were stopped: 0.0011408 seconds, Stopping threads took: 0.0007357 seconds
[2022-06-13T01:38:56.883+0000][1][safepoint    ] Application time: 1.0003754 seconds
[2022-06-13T01:38:56.884+0000][1][safepoint    ] Entering safepoint region: Cleanup
[2022-06-13T01:38:56.885+0000][1][safepoint    ] Leaving safepoint region
[2022-06-13T01:38:56.885+0000][1][safepoint    ] Total time for which application threads were stopped: 0.0009051 seconds, Stopping threads took: 0.0003690 seconds
[2022-06-13T01:38:57.886+0000][1][safepoint    ] Application time: 1.0002682 seconds
[2022-06-13T01:38:57.887+0000][1][safepoint    ] Entering safepoint region: Cleanup
[2022-06-13T01:38:57.887+0000][1][safepoint    ] Leaving safepoint region
[2022-06-13T01:38:57.887+0000][1][safepoint    ] Total time for which application threads were stopped: 0.0007709 seconds, Stopping threads took: 0.0002337 seconds
[2022-06-13T01:38:58.888+0000][1][safepoint    ] Application time: 1.0002097 seconds
[2022-06-13T01:38:58.889+0000][1][safepoint    ] Entering safepoint region: Cleanup
[2022-06-13T01:38:58.890+0000][1][safepoint    ] Leaving safepoint region
[2022-06-13T01:38:58.890+0000][1][safepoint    ] Total time for which application threads were stopped: 0.0014195 seconds, Stopping threads took: 0.0007210 seconds
[2022-06-13T01:38:59.891+0000][1][safepoint    ] Application time: 1.0001490 seconds
[2022-06-13T01:38:59.892+0000][1][safepoint    ] Entering safepoint region: Cleanup
[2022-06-13T01:38:59.892+0000][1][safepoint    ] Leaving safepoint region
[2022-06-13T01:38:59.893+0000][1][safepoint    ] Total time for which application threads were stopped: 0.0014866 seconds, Stopping threads took: 0.0005380 seconds
[2022-06-13T01:39:00.894+0000][1][safepoint    ] Application time: 1.0001036 seconds
[2022-06-13T01:39:00.895+0000][1][safepoint    ] Entering safepoint region: Cleanup
[2022-06-13T01:39:00.895+0000][1][safepoint    ] Leaving safepoint region
[2022-06-13T01:39:00.896+0000][1][safepoint    ] Total time for which application threads were stopped: 0.0011096 seconds, Stopping threads took: 0.0004868 seconds
[2022-06-13T01:39:01.896+0000][1][safepoint    ] Application time: 1.0002393 seconds
[2022-06-13T01:39:01.897+0000][1][safepoint    ] Entering safepoint region: Cleanup
[2022-06-13T01:39:01.898+0000][1][safepoint    ] Leaving safepoint region
[2022-06-13T01:39:01.898+0000][1][safepoint    ] Total time for which application threads were stopped: 0.0014551 seconds, Stopping threads took: 0.0006826 seconds
[2022-06-13T01:39:02.899+0000][1][safepoint    ] Application time: 1.0001804 seconds
[2022-06-13T01:39:02.900+0000][1][safepoint    ] Entering safepoint region: Cleanup
[2022-06-13T01:39:02.901+0000][1][safepoint    ] Leaving safepoint region
[2022-06-13T01:39:02.901+0000][1][safepoint    ] Total time for which application threads were stopped: 0.0012315 seconds, Stopping threads took: 0.0004463 seconds
[2022-06-13T01:39:03.902+0000][1][safepoint    ] Application time: 1.0001617 seconds
[2022-06-13T01:39:03.903+0000][1][safepoint    ] Entering safepoint region: Cleanup
[2022-06-13T01:39:03.903+0000][1][safepoint    ] Leaving safepoint region
[2022-06-13T01:39:03.904+0000][1][safepoint    ] Total time for which application threads were stopped: 0.0011225 seconds, Stopping threads took: 0.0005249 seconds
[2022-06-13T01:39:04.904+0000][1][safepoint    ] Application time: 1.0001781 seconds
[2022-06-13T01:39:04.905+0000][1][safepoint    ] Entering safepoint region: Cleanup
[2022-06-13T01:39:04.905+0000][1][safepoint    ] Leaving safepoint region
[2022-06-13T01:39:04.906+0000][1][safepoint    ] Total time for which application threads were stopped: 0.0009529 seconds, Stopping threads took: 0.0005345 seconds
[2022-06-13T01:39:05.906+0000][1][safepoint    ] Application time: 1.0003494 seconds
[2022-06-13T01:39:05.907+0000][1][safepoint    ] Entering safepoint region: Cleanup
[2022-06-13T01:39:05.908+0000][1][safepoint    ] Leaving safepoint region
[2022-06-13T01:39:05.909+0000][1][safepoint    ] Total time for which application threads were stopped: 0.0016471 seconds, Stopping threads took: 0.0009173 seconds
[2022-06-13T01:39:06.909+0000][1][safepoint    ] Application time: 1.0002149 seconds
[2022-06-13T01:39:06.910+0000][1][safepoint    ] Entering safepoint region: Cleanup
[2022-06-13T01:39:06.911+0000][1][safepoint    ] Leaving safepoint region
[2022-06-13T01:39:06.911+0000][1][safepoint    ] Total time for which application threads were stopped: 0.0011635 seconds, Stopping threads took: 0.0005647 seconds
[2022-06-13T01:39:07.912+0000][1][safepoint    ] Application time: 1.0002135 seconds
[2022-06-13T01:39:07.913+0000][1][safepoint    ] Entering safepoint region: Cleanup
[2022-06-13T01:39:07.913+0000][1][safepoint    ] Leaving safepoint region
[2022-06-13T01:39:07.913+0000][1][safepoint    ] Total time for which application threads were stopped: 0.0008397 seconds, Stopping threads took: 0.0005060 seconds
[2022-06-13T01:39:08.914+0000][1][safepoint    ] Application time: 1.0003258 seconds
[2022-06-13T01:39:08.915+0000][1][safepoint    ] Entering safepoint region: Cleanup
[2022-06-13T01:39:08.915+0000][1][safepoint    ] Leaving safepoint region
[2022-06-13T01:39:08.916+0000][1][safepoint    ] Total time for which application threads were stopped: 0.0007983 seconds, Stopping threads took: 0.0004254 seconds
[2022-06-13T01:39:09.916+0000][1][safepoint    ] Application time: 1.0002580 seconds
[2022-06-13T01:39:09.917+0000][1][safepoint    ] Entering safepoint region: Cleanup
[2022-06-13T01:39:09.917+0000][1][safepoint    ] Leaving safepoint region
[2022-06-13T01:39:09.918+0000][1][safepoint    ] Total time for which application threads were stopped: 0.0010519 seconds, Stopping threads took: 0.0002990 seconds
[2022-06-13T01:39:10.919+0000][1][safepoint    ] Application time: 1.0002277 seconds
[2022-06-13T01:39:10.919+0000][1][safepoint    ] Entering safepoint region: Cleanup
[2022-06-13T01:39:10.920+0000][1][safepoint    ] Leaving safepoint region
[2022-06-13T01:39:10.921+0000][1][safepoint    ] Total time for which application threads were stopped: 0.0010436 seconds, Stopping threads took: 0.0003462 seconds
[2022-06-13T01:39:11.921+0000][1][safepoint    ] Application time: 1.0002470 seconds
[2022-06-13T01:39:11.922+0000][1][safepoint    ] Entering safepoint region: Cleanup
[2022-06-13T01:39:11.922+0000][1][safepoint    ] Leaving safepoint region
[2022-06-13T01:39:11.922+0000][1][safepoint    ] Total time for which application threads were stopped: 0.0005561 seconds, Stopping threads took: 0.0001835 seconds
[2022-06-13T01:39:12.923+0000][1][safepoint    ] Application time: 1.0002452 seconds
[2022-06-13T01:39:12.923+0000][1][safepoint    ] Entering safepoint region: Cleanup
[2022-06-13T01:39:12.924+0000][1][safepoint    ] Leaving safepoint region
[2022-06-13T01:39:12.925+0000][1][safepoint    ] Total time for which application threads were stopped: 0.0017536 seconds, Stopping threads took: 0.0008387 seconds
[2022-06-13T01:39:13.926+0000][1][safepoint    ] Application time: 1.0002272 seconds
[2022-06-13T01:39:13.927+0000][1][safepoint    ] Entering safepoint region: Cleanup
[2022-06-13T01:39:13.927+0000][1][safepoint    ] Leaving safepoint region
[2022-06-13T01:39:13.928+0000][1][safepoint    ] Total time for which application threads were stopped: 0.0011098 seconds, Stopping threads took: 0.0002350 seconds
[2022-06-13T01:39:14.929+0000][1][safepoint    ] Application time: 1.0001947 seconds
[2022-06-13T01:39:14.961+0000][1][safepoint    ] Entering safepoint region: Cleanup
[2022-06-13T01:39:14.962+0000][1][safepoint    ] Leaving safepoint region
[2022-06-13T01:39:14.963+0000][1][safepoint    ] Total time for which application threads were stopped: 0.0015871 seconds, Stopping threads took: 0.0006342 seconds
[2022-06-13T01:39:15.964+0000][1][safepoint    ] Application time: 1.0002764 seconds
[2022-06-13T01:39:15.965+0000][1][safepoint    ] Entering safepoint region: Cleanup
[2022-06-13T01:39:15.965+0000][1][safepoint    ] Leaving safepoint region
[2022-06-13T01:39:15.966+0000][1][safepoint    ] Total time for which application threads were stopped: 0.0009110 seconds, Stopping threads took: 0.0005511 seconds
[2022-06-13T01:39:16.966+0000][1][safepoint    ] Application time: 1.0002231 seconds
[2022-06-13T01:39:16.967+0000][1][safepoint    ] Entering safepoint region: Cleanup
[2022-06-13T01:39:16.967+0000][1][safepoint    ] Leaving safepoint region
[2022-06-13T01:39:16.968+0000][1][safepoint    ] Total time for which application threads were stopped: 0.0008191 seconds, Stopping threads took: 0.0004022 seconds
[2022-06-13T01:39:17.640+0000][1][safepoint    ] Application time: 0.6715506 seconds
[2022-06-13T01:39:17.640+0000][1][safepoint    ] Entering safepoint region: GenCollectForAllocation
[2022-06-13T01:39:17.641+0000][1][gc,start     ] GC(24) Pause Young (Allocation Failure)
[2022-06-13T01:39:17.641+0000][1][gc,task      ] GC(24) Using 5 workers of 13 for evacuation
[2022-06-13T01:39:17.644+0000][1][gc,age       ] GC(24) Desired survivor size 4456448 bytes, new threshold 6 (max threshold 6)
[2022-06-13T01:39:17.644+0000][1][gc,age       ] GC(24) Age table with threshold 6 (max threshold 6)
[2022-06-13T01:39:17.645+0000][1][gc,age       ] GC(24) - age   1:      34184 bytes,      34184 total
[2022-06-13T01:39:17.645+0000][1][gc,age       ] GC(24) - age   2:      64632 bytes,      98816 total
[2022-06-13T01:39:17.645+0000][1][gc,age       ] GC(24) - age   3:    1383336 bytes,    1482152 total
[2022-06-13T01:39:17.646+0000][1][gc,heap      ] GC(24) ParNew: 74918K->2240K(78656K)
[2022-06-13T01:39:17.646+0000][1][gc,heap      ] GC(24) CMS: 67704K->67704K(174784K)
[2022-06-13T01:39:17.646+0000][1][gc,metaspace ] GC(24) Metaspace: 65268K->65268K(1107968K)
[2022-06-13T01:39:17.647+0000][1][gc           ] GC(24) Pause Young (Allocation Failure) 139M->68M(247M) 5.794ms
[2022-06-13T01:39:17.647+0000][1][gc,cpu       ] GC(24) User=0.01s Sys=0.00s Real=0.00s
[2022-06-13T01:39:17.647+0000][1][safepoint    ] Leaving safepoint region
[2022-06-13T01:39:17.648+0000][1][safepoint    ] Total time for which application threads were stopped: 0.0076669 seconds, Stopping threads took: 0.0006565 seconds
[2022-06-13T01:39:18.648+0000][1][safepoint    ] Application time: 1.0002057 seconds
[2022-06-13T01:39:18.649+0000][1][safepoint    ] Entering safepoint region: Cleanup
[2022-06-13T01:39:18.649+0000][1][safepoint    ] Leaving safepoint region
[2022-06-13T01:39:18.650+0000][1][safepoint    ] Total time for which application threads were stopped: 0.0013994 seconds, Stopping threads took: 0.0006133 seconds
[2022-06-13T01:39:19.651+0000][1][safepoint    ] Application time: 1.0002918 seconds
[2022-06-13T01:39:19.652+0000][1][safepoint    ] Entering safepoint region: Cleanup
[2022-06-13T01:39:19.653+0000][1][safepoint    ] Leaving safepoint region
[2022-06-13T01:39:19.653+0000][1][safepoint    ] Total time for which application threads were stopped: 0.0015059 seconds, Stopping threads took: 0.0006434 seconds
[2022-06-13T01:39:20.654+0000][1][safepoint    ] Application time: 1.0003640 seconds
[2022-06-13T01:39:20.655+0000][1][safepoint    ] Entering safepoint region: Cleanup
[2022-06-13T01:39:20.656+0000][1][safepoint    ] Leaving safepoint region
[2022-06-13T01:39:20.656+0000][1][safepoint    ] Total time for which application threads were stopped: 0.0015270 seconds, Stopping threads took: 0.0006517 seconds
[2022-06-13T01:39:21.657+0000][1][safepoint    ] Application time: 1.0003727 seconds
[2022-06-13T01:39:21.658+0000][1][safepoint    ] Entering safepoint region: Cleanup
[2022-06-13T01:39:21.659+0000][1][safepoint    ] Leaving safepoint region
[2022-06-13T01:39:21.659+0000][1][safepoint    ] Total time for which application threads were stopped: 0.0013656 seconds, Stopping threads took: 0.0006234 seconds
[2022-06-13T01:39:22.660+0000][1][safepoint    ] Application time: 1.0001800 seconds
[2022-06-13T01:39:22.661+0000][1][safepoint    ] Entering safepoint region: Cleanup
[2022-06-13T01:39:22.661+0000][1][safepoint    ] Leaving safepoint region
[2022-06-13T01:39:22.662+0000][1][safepoint    ] Total time for which application threads were stopped: 0.0014769 seconds, Stopping threads took: 0.0006445 seconds
[2022-06-13T01:39:23.663+0000][1][safepoint    ] Application time: 1.0002462 seconds
[2022-06-13T01:39:23.663+0000][1][safepoint    ] Entering safepoint region: Cleanup
[2022-06-13T01:39:23.664+0000][1][safepoint    ] Leaving safepoint region
[2022-06-13T01:39:23.664+0000][1][safepoint    ] Total time for which application threads were stopped: 0.0006878 seconds, Stopping threads took: 0.0003354 seconds
[2022-06-13T01:39:24.664+0000][1][safepoint    ] Application time: 1.0003375 seconds
[2022-06-13T01:39:24.665+0000][1][safepoint    ] Entering safepoint region: Cleanup
[2022-06-13T01:39:24.666+0000][1][safepoint    ] Leaving safepoint region
[2022-06-13T01:39:24.666+0000][1][safepoint    ] Total time for which application threads were stopped: 0.0012290 seconds, Stopping threads took: 0.0005798 seconds
[2022-06-13T01:39:25.667+0000][1][safepoint    ] Application time: 1.0001737 seconds
[2022-06-13T01:39:25.667+0000][1][safepoint    ] Entering safepoint region: Cleanup
[2022-06-13T01:39:25.668+0000][1][safepoint    ] Leaving safepoint region
[2022-06-13T01:39:25.668+0000][1][safepoint    ] Total time for which application threads were stopped: 0.0009542 seconds, Stopping threads took: 0.0005851 seconds
[2022-06-13T01:39:26.669+0000][1][safepoint    ] Application time: 1.0002386 seconds
[2022-06-13T01:39:26.670+0000][1][safepoint    ] Entering safepoint region: Cleanup
[2022-06-13T01:39:26.670+0000][1][safepoint    ] Leaving safepoint region
[2022-06-13T01:39:26.671+0000][1][safepoint    ] Total time for which application threads were stopped: 0.0012149 seconds, Stopping threads took: 0.0004678 seconds
[2022-06-13T01:39:27.672+0000][1][safepoint    ] Application time: 1.0002451 seconds
[2022-06-13T01:39:27.673+0000][1][safepoint    ] Entering safepoint region: Cleanup
[2022-06-13T01:39:27.674+0000][1][safepoint    ] Leaving safepoint region
[2022-06-13T01:39:27.674+0000][1][safepoint    ] Total time for which application threads were stopped: 0.0015540 seconds, Stopping threads took: 0.0006318 seconds
[2022-06-13T01:39:28.675+0000][1][safepoint    ] Application time: 1.0001717 seconds
[2022-06-13T01:39:28.676+0000][1][safepoint    ] Entering safepoint region: Cleanup
[2022-06-13T01:39:28.676+0000][1][safepoint    ] Leaving safepoint region
[2022-06-13T01:39:28.676+0000][1][safepoint    ] Total time for which application threads were stopped: 0.0006407 seconds, Stopping threads took: 0.0003204 seconds
[2022-06-13T01:39:29.677+0000][1][safepoint    ] Application time: 1.0002541 seconds
[2022-06-13T01:39:29.677+0000][1][safepoint    ] Entering safepoint region: Cleanup
[2022-06-13T01:39:29.678+0000][1][safepoint    ] Leaving safepoint region
[2022-06-13T01:39:29.679+0000][1][safepoint    ] Total time for which application threads were stopped: 0.0013901 seconds, Stopping threads took: 0.0005561 seconds
[2022-06-13T01:39:30.680+0000][1][safepoint    ] Application time: 1.0002759 seconds
[2022-06-13T01:39:30.680+0000][1][safepoint    ] Entering safepoint region: Cleanup
[2022-06-13T01:39:30.681+0000][1][safepoint    ] Leaving safepoint region
[2022-06-13T01:39:30.682+0000][1][safepoint    ] Total time for which application threads were stopped: 0.0013887 seconds, Stopping threads took: 0.0006150 seconds
[2022-06-13T01:39:31.682+0000][1][safepoint    ] Application time: 1.0001926 seconds
[2022-06-13T01:39:31.683+0000][1][safepoint    ] Entering safepoint region: Cleanup
[2022-06-13T01:39:31.683+0000][1][safepoint    ] Leaving safepoint region
[2022-06-13T01:39:31.684+0000][1][safepoint    ] Total time for which application threads were stopped: 0.0012869 seconds, Stopping threads took: 0.0004907 seconds
[2022-06-13T01:39:32.684+0000][1][safepoint    ] Application time: 1.0004045 seconds
[2022-06-13T01:39:32.685+0000][1][safepoint    ] Entering safepoint region: Cleanup
[2022-06-13T01:39:32.686+0000][1][safepoint    ] Leaving safepoint region
[2022-06-13T01:39:32.687+0000][1][safepoint    ] Total time for which application threads were stopped: 0.0013366 seconds, Stopping threads took: 0.0005768 seconds
[2022-06-13T01:39:33.687+0000][1][safepoint    ] Application time: 1.0001921 seconds
[2022-06-13T01:39:33.688+0000][1][safepoint    ] Entering safepoint region: Cleanup
[2022-06-13T01:39:33.688+0000][1][safepoint    ] Leaving safepoint region
[2022-06-13T01:39:33.688+0000][1][safepoint    ] Total time for which application threads were stopped: 0.0003895 seconds, Stopping threads took: 0.0001731 seconds
[2022-06-13T01:39:34.689+0000][1][safepoint    ] Application time: 1.0002289 seconds
[2022-06-13T01:39:34.689+0000][1][safepoint    ] Entering safepoint region: Cleanup
[2022-06-13T01:39:34.690+0000][1][safepoint    ] Leaving safepoint region
[2022-06-13T01:39:34.690+0000][1][safepoint    ] Total time for which application threads were stopped: 0.0011648 seconds, Stopping threads took: 0.0004348 seconds
[2022-06-13T01:39:35.691+0000][1][safepoint    ] Application time: 1.0003132 seconds
[2022-06-13T01:39:35.692+0000][1][safepoint    ] Entering safepoint region: Cleanup
[2022-06-13T01:39:35.693+0000][1][safepoint    ] Leaving safepoint region
[2022-06-13T01:39:35.694+0000][1][safepoint    ] Total time for which application threads were stopped: 0.0014393 seconds, Stopping threads took: 0.0006967 seconds
[2022-06-13T01:39:36.694+0000][1][safepoint    ] Application time: 1.0002434 seconds
[2022-06-13T01:39:36.695+0000][1][safepoint    ] Entering safepoint region: Cleanup
[2022-06-13T01:39:36.696+0000][1][safepoint    ] Leaving safepoint region
[2022-06-13T01:39:36.696+0000][1][safepoint    ] Total time for which application threads were stopped: 0.0012790 seconds, Stopping threads took: 0.0007654 seconds
[2022-06-13T01:39:37.697+0000][1][safepoint    ] Application time: 1.0002724 seconds
[2022-06-13T01:39:37.697+0000][1][safepoint    ] Entering safepoint region: Cleanup
[2022-06-13T01:39:37.698+0000][1][safepoint    ] Leaving safepoint region
[2022-06-13T01:39:37.698+0000][1][safepoint    ] Total time for which application threads were stopped: 0.0006052 seconds, Stopping threads took: 0.0002922 seconds
[2022-06-13T01:39:38.699+0000][1][safepoint    ] Application time: 1.0004646 seconds
[2022-06-13T01:39:38.699+0000][1][safepoint    ] Entering safepoint region: Cleanup
[2022-06-13T01:39:38.700+0000][1][safepoint    ] Leaving safepoint region
[2022-06-13T01:39:38.701+0000][1][safepoint    ] Total time for which application threads were stopped: 0.0012707 seconds, Stopping threads took: 0.0007117 seconds
[2022-06-13T01:39:39.701+0000][1][safepoint    ] Application time: 1.0002459 seconds
[2022-06-13T01:39:39.702+0000][1][safepoint    ] Entering safepoint region: Cleanup
[2022-06-13T01:39:39.702+0000][1][safepoint    ] Leaving safepoint region
[2022-06-13T01:39:39.702+0000][1][safepoint    ] Total time for which application threads were stopped: 0.0008085 seconds, Stopping threads took: 0.0002909 seconds
[2022-06-13T01:39:40.703+0000][1][safepoint    ] Application time: 1.0003351 seconds
[2022-06-13T01:39:40.703+0000][1][safepoint    ] Entering safepoint region: Cleanup
[2022-06-13T01:39:40.704+0000][1][safepoint    ] Leaving safepoint region
[2022-06-13T01:39:40.704+0000][1][safepoint    ] Total time for which application threads were stopped: 0.0008657 seconds, Stopping threads took: 0.0003644 seconds
[2022-06-13T01:39:41.705+0000][1][safepoint    ] Application time: 1.0004043 seconds
[2022-06-13T01:39:41.706+0000][1][safepoint    ] Entering safepoint region: Cleanup
[2022-06-13T01:39:41.706+0000][1][safepoint    ] Leaving safepoint region
[2022-06-13T01:39:41.707+0000][1][safepoint    ] Total time for which application threads were stopped: 0.0012037 seconds, Stopping threads took: 0.0006175 seconds
[2022-06-13T01:39:42.708+0000][1][safepoint    ] Application time: 1.0002964 seconds
[2022-06-13T01:39:42.708+0000][1][safepoint    ] Entering safepoint region: Cleanup
[2022-06-13T01:39:42.709+0000][1][safepoint    ] Leaving safepoint region
[2022-06-13T01:39:42.709+0000][1][safepoint    ] Total time for which application threads were stopped: 0.0011900 seconds, Stopping threads took: 0.0005902 seconds
[2022-06-13T01:39:43.710+0000][1][safepoint    ] Application time: 1.0002344 seconds
[2022-06-13T01:39:43.711+0000][1][safepoint    ] Entering safepoint region: Cleanup
[2022-06-13T01:39:43.712+0000][1][safepoint    ] Leaving safepoint region
[2022-06-13T01:39:43.713+0000][1][safepoint    ] Total time for which application threads were stopped: 0.0017743 seconds, Stopping threads took: 0.0009102 seconds
[2022-06-13T01:39:44.714+0000][1][safepoint    ] Application time: 1.0003409 seconds
[2022-06-13T01:39:44.714+0000][1][safepoint    ] Entering safepoint region: Cleanup
[2022-06-13T01:39:44.715+0000][1][safepoint    ] Leaving safepoint region
[2022-06-13T01:39:44.716+0000][1][safepoint    ] Total time for which application threads were stopped: 0.0018150 seconds, Stopping threads took: 0.0008320 seconds
[2022-06-13T01:39:45.717+0000][1][safepoint    ] Application time: 1.0002848 seconds
[2022-06-13T01:39:45.717+0000][1][safepoint    ] Entering safepoint region: Cleanup
[2022-06-13T01:39:45.718+0000][1][safepoint    ] Leaving safepoint region
[2022-06-13T01:39:45.718+0000][1][safepoint    ] Total time for which application threads were stopped: 0.0009891 seconds, Stopping threads took: 0.0004157 seconds
[2022-06-13T01:39:46.719+0000][1][safepoint    ] Application time: 1.0000783 seconds
[2022-06-13T01:39:46.720+0000][1][safepoint    ] Entering safepoint region: Cleanup
[2022-06-13T01:39:46.720+0000][1][safepoint    ] Leaving safepoint region
[2022-06-13T01:39:46.721+0000][1][safepoint    ] Total time for which application threads were stopped: 0.0010963 seconds, Stopping threads took: 0.0005309 seconds
[2022-06-13T01:39:47.722+0000][1][safepoint    ] Application time: 1.0002284 seconds
[2022-06-13T01:39:47.722+0000][1][safepoint    ] Entering safepoint region: Cleanup
[2022-06-13T01:39:47.722+0000][1][safepoint    ] Leaving safepoint region
[2022-06-13T01:39:47.723+0000][1][safepoint    ] Total time for which application threads were stopped: 0.0007960 seconds, Stopping threads took: 0.0003955 seconds
[2022-06-13T01:39:48.723+0000][1][safepoint    ] Application time: 1.0003058 seconds
[2022-06-13T01:39:48.724+0000][1][safepoint    ] Entering safepoint region: Cleanup
[2022-06-13T01:39:48.724+0000][1][safepoint    ] Leaving safepoint region
[2022-06-13T01:39:48.725+0000][1][safepoint    ] Total time for which application threads were stopped: 0.0008864 seconds, Stopping threads took: 0.0004404 seconds
[2022-06-13T01:39:49.725+0000][1][safepoint    ] Application time: 1.0002597 seconds
[2022-06-13T01:39:49.726+0000][1][safepoint    ] Entering safepoint region: Cleanup
[2022-06-13T01:39:49.727+0000][1][safepoint    ] Leaving safepoint region
[2022-06-13T01:39:49.728+0000][1][safepoint    ] Total time for which application threads were stopped: 0.0018171 seconds, Stopping threads took: 0.0008228 seconds
[2022-06-13T01:39:50.729+0000][1][safepoint    ] Application time: 1.0001171 seconds
[2022-06-13T01:39:50.730+0000][1][safepoint    ] Entering safepoint region: Cleanup
[2022-06-13T01:39:50.730+0000][1][safepoint    ] Leaving safepoint region
[2022-06-13T01:39:50.731+0000][1][safepoint    ] Total time for which application threads were stopped: 0.0012011 seconds, Stopping threads took: 0.0005654 seconds
[2022-06-13T01:39:51.731+0000][1][safepoint    ] Application time: 1.0002072 seconds
[2022-06-13T01:39:51.732+0000][1][safepoint    ] Entering safepoint region: Cleanup
[2022-06-13T01:39:51.733+0000][1][safepoint    ] Leaving safepoint region
[2022-06-13T01:39:51.734+0000][1][safepoint    ] Total time for which application threads were stopped: 0.0016589 seconds, Stopping threads took: 0.0007593 seconds
[2022-06-13T01:39:52.735+0000][1][safepoint    ] Application time: 1.0002148 seconds
[2022-06-13T01:39:52.735+0000][1][safepoint    ] Entering safepoint region: Cleanup
[2022-06-13T01:39:52.736+0000][1][safepoint    ] Leaving safepoint region
[2022-06-13T01:39:52.736+0000][1][safepoint    ] Total time for which application threads were stopped: 0.0009579 seconds, Stopping threads took: 0.0004328 seconds
[2022-06-13T01:39:53.737+0000][1][safepoint    ] Application time: 1.0002320 seconds
[2022-06-13T01:39:53.737+0000][1][safepoint    ] Entering safepoint region: Cleanup
[2022-06-13T01:39:53.738+0000][1][safepoint    ] Leaving safepoint region
[2022-06-13T01:39:53.739+0000][1][safepoint    ] Total time for which application threads were stopped: 0.0015566 seconds, Stopping threads took: 0.0003762 seconds
[2022-06-13T01:39:54.740+0000][1][safepoint    ] Application time: 1.0002438 seconds
[2022-06-13T01:39:54.741+0000][1][safepoint    ] Entering safepoint region: Cleanup
[2022-06-13T01:39:54.742+0000][1][safepoint    ] Leaving safepoint region
[2022-06-13T01:39:54.743+0000][1][safepoint    ] Total time for which application threads were stopped: 0.0019613 seconds, Stopping threads took: 0.0009123 seconds
[2022-06-13T01:39:55.744+0000][1][safepoint    ] Application time: 1.0002648 seconds
[2022-06-13T01:39:55.744+0000][1][safepoint    ] Entering safepoint region: Cleanup
[2022-06-13T01:39:55.745+0000][1][safepoint    ] Leaving safepoint region
[2022-06-13T01:39:55.746+0000][1][safepoint    ] Total time for which application threads were stopped: 0.0014748 seconds, Stopping threads took: 0.0005733 seconds
[2022-06-13T01:39:56.747+0000][1][safepoint    ] Application time: 1.0002589 seconds
[2022-06-13T01:39:56.747+0000][1][safepoint    ] Entering safepoint region: Cleanup
[2022-06-13T01:39:56.748+0000][1][safepoint    ] Leaving safepoint region
[2022-06-13T01:39:56.749+0000][1][safepoint    ] Total time for which application threads were stopped: 0.0017124 seconds, Stopping threads took: 0.0008491 seconds
[2022-06-13T01:39:57.750+0000][1][safepoint    ] Application time: 1.0002376 seconds
[2022-06-13T01:39:57.750+0000][1][safepoint    ] Entering safepoint region: Cleanup
[2022-06-13T01:39:57.751+0000][1][safepoint    ] Leaving safepoint region
[2022-06-13T01:39:57.751+0000][1][safepoint    ] Total time for which application threads were stopped: 0.0010203 seconds, Stopping threads took: 0.0003288 seconds
[2022-06-13T01:39:58.752+0000][1][safepoint    ] Application time: 1.0001604 seconds
[2022-06-13T01:39:58.753+0000][1][safepoint    ] Entering safepoint region: Cleanup
[2022-06-13T01:39:58.754+0000][1][safepoint    ] Leaving safepoint region
[2022-06-13T01:39:58.754+0000][1][safepoint    ] Total time for which application threads were stopped: 0.0016977 seconds, Stopping threads took: 0.0007797 seconds
[2022-06-13T01:39:59.755+0000][1][safepoint    ] Application time: 1.0003199 seconds
[2022-06-13T01:39:59.756+0000][1][safepoint    ] Entering safepoint region: Cleanup
[2022-06-13T01:39:59.757+0000][1][safepoint    ] Leaving safepoint region
[2022-06-13T01:39:59.758+0000][1][safepoint    ] Total time for which application threads were stopped: 0.0016005 seconds, Stopping threads took: 0.0007271 seconds
[2022-06-13T01:40:00.759+0000][1][safepoint    ] Application time: 1.0003418 seconds
[2022-06-13T01:40:00.759+0000][1][safepoint    ] Entering safepoint region: Cleanup
[2022-06-13T01:40:00.760+0000][1][safepoint    ] Leaving safepoint region
[2022-06-13T01:40:00.761+0000][1][safepoint    ] Total time for which application threads were stopped: 0.0016222 seconds, Stopping threads took: 0.0003921 seconds
[2022-06-13T01:40:01.762+0000][1][safepoint    ] Application time: 1.0002627 seconds
[2022-06-13T01:40:01.762+0000][1][safepoint    ] Entering safepoint region: Cleanup
[2022-06-13T01:40:01.763+0000][1][safepoint    ] Leaving safepoint region
[2022-06-13T01:40:01.763+0000][1][safepoint    ] Total time for which application threads were stopped: 0.0007305 seconds, Stopping threads took: 0.0003296 seconds
[2022-06-13T01:40:02.764+0000][1][safepoint    ] Application time: 1.0002177 seconds
[2022-06-13T01:40:02.764+0000][1][safepoint    ] Entering safepoint region: Cleanup
[2022-06-13T01:40:02.764+0000][1][safepoint    ] Leaving safepoint region
[2022-06-13T01:40:02.765+0000][1][safepoint    ] Total time for which application threads were stopped: 0.0011112 seconds, Stopping threads took: 0.0003794 seconds
[2022-06-13T01:40:03.765+0000][1][safepoint    ] Application time: 1.0001477 seconds
[2022-06-13T01:40:03.766+0000][1][safepoint    ] Entering safepoint region: Cleanup
[2022-06-13T01:40:03.767+0000][1][safepoint    ] Leaving safepoint region
[2022-06-13T01:40:03.767+0000][1][safepoint    ] Total time for which application threads were stopped: 0.0010587 seconds, Stopping threads took: 0.0006161 seconds
[2022-06-13T01:40:04.767+0000][1][safepoint    ] Application time: 1.0002627 seconds
[2022-06-13T01:40:04.768+0000][1][safepoint    ] Entering safepoint region: Cleanup
[2022-06-13T01:40:04.768+0000][1][safepoint    ] Leaving safepoint region
[2022-06-13T01:40:04.769+0000][1][safepoint    ] Total time for which application threads were stopped: 0.0009079 seconds, Stopping threads took: 0.0003569 seconds
[2022-06-13T01:40:05.769+0000][1][safepoint    ] Application time: 1.0002315 seconds
[2022-06-13T01:40:05.770+0000][1][safepoint    ] Entering safepoint region: Cleanup
[2022-06-13T01:40:05.770+0000][1][safepoint    ] Leaving safepoint region
[2022-06-13T01:40:05.770+0000][1][safepoint    ] Total time for which application threads were stopped: 0.0009284 seconds, Stopping threads took: 0.0004205 seconds
[2022-06-13T01:40:06.771+0000][1][safepoint    ] Application time: 1.0002648 seconds
[2022-06-13T01:40:06.771+0000][1][safepoint    ] Entering safepoint region: Cleanup
[2022-06-13T01:40:06.772+0000][1][safepoint    ] Leaving safepoint region
[2022-06-13T01:40:06.772+0000][1][safepoint    ] Total time for which application threads were stopped: 0.0009190 seconds, Stopping threads took: 0.0004054 seconds
[2022-06-13T01:40:07.773+0000][1][safepoint    ] Application time: 1.0001804 seconds
[2022-06-13T01:40:07.774+0000][1][safepoint    ] Entering safepoint region: Cleanup
[2022-06-13T01:40:07.774+0000][1][safepoint    ] Leaving safepoint region
[2022-06-13T01:40:07.775+0000][1][safepoint    ] Total time for which application threads were stopped: 0.0015148 seconds, Stopping threads took: 0.0006152 seconds
[2022-06-13T01:40:08.776+0000][1][safepoint    ] Application time: 1.0002369 seconds
[2022-06-13T01:40:08.776+0000][1][safepoint    ] Entering safepoint region: Cleanup
[2022-06-13T01:40:08.777+0000][1][safepoint    ] Leaving safepoint region
[2022-06-13T01:40:08.777+0000][1][safepoint    ] Total time for which application threads were stopped: 0.0011450 seconds, Stopping threads took: 0.0003656 seconds
[2022-06-13T01:40:09.778+0000][1][safepoint    ] Application time: 1.0002799 seconds
[2022-06-13T01:40:09.779+0000][1][safepoint    ] Entering safepoint region: Cleanup
[2022-06-13T01:40:09.779+0000][1][safepoint    ] Leaving safepoint region
[2022-06-13T01:40:09.780+0000][1][safepoint    ] Total time for which application threads were stopped: 0.0008457 seconds, Stopping threads took: 0.0004346 seconds
[2022-06-13T01:40:10.780+0000][1][safepoint    ] Application time: 1.0002364 seconds
[2022-06-13T01:40:10.781+0000][1][safepoint    ] Entering safepoint region: Cleanup
[2022-06-13T01:40:10.782+0000][1][safepoint    ] Leaving safepoint region
[2022-06-13T01:40:10.783+0000][1][safepoint    ] Total time for which application threads were stopped: 0.0016652 seconds, Stopping threads took: 0.0006475 seconds
[2022-06-13T01:40:11.784+0000][1][safepoint    ] Application time: 1.0001753 seconds
[2022-06-13T01:40:11.784+0000][1][safepoint    ] Entering safepoint region: Cleanup
[2022-06-13T01:40:11.785+0000][1][safepoint    ] Leaving safepoint region
[2022-06-13T01:40:11.785+0000][1][safepoint    ] Total time for which application threads were stopped: 0.0011711 seconds, Stopping threads took: 0.0003694 seconds
[2022-06-13T01:40:12.786+0000][1][safepoint    ] Application time: 1.0002619 seconds
[2022-06-13T01:40:12.787+0000][1][safepoint    ] Entering safepoint region: Cleanup
[2022-06-13T01:40:12.788+0000][1][safepoint    ] Leaving safepoint region
[2022-06-13T01:40:12.788+0000][1][safepoint    ] Total time for which application threads were stopped: 0.0014998 seconds, Stopping threads took: 0.0008619 seconds
[2022-06-13T01:40:13.789+0000][1][safepoint    ] Application time: 1.0003088 seconds
[2022-06-13T01:40:13.790+0000][1][safepoint    ] Entering safepoint region: Cleanup
[2022-06-13T01:40:13.790+0000][1][safepoint    ] Leaving safepoint region
[2022-06-13T01:40:13.791+0000][1][safepoint    ] Total time for which application threads were stopped: 0.0010992 seconds, Stopping threads took: 0.0004741 seconds
[2022-06-13T01:40:14.791+0000][1][safepoint    ] Application time: 1.0002142 seconds
[2022-06-13T01:40:14.792+0000][1][safepoint    ] Entering safepoint region: Cleanup
[2022-06-13T01:40:14.793+0000][1][safepoint    ] Leaving safepoint region
[2022-06-13T01:40:14.794+0000][1][safepoint    ] Total time for which application threads were stopped: 0.0016364 seconds, Stopping threads took: 0.0007375 seconds
[2022-06-13T01:40:15.795+0000][1][safepoint    ] Application time: 1.0002485 seconds
[2022-06-13T01:40:15.795+0000][1][safepoint    ] Entering safepoint region: Cleanup
[2022-06-13T01:40:15.796+0000][1][safepoint    ] Leaving safepoint region
[2022-06-13T01:40:15.796+0000][1][safepoint    ] Total time for which application threads were stopped: 0.0009554 seconds, Stopping threads took: 0.0003485 seconds
[2022-06-13T01:40:16.797+0000][1][safepoint    ] Application time: 1.0004551 seconds
[2022-06-13T01:40:16.798+0000][1][safepoint    ] Entering safepoint region: Cleanup
[2022-06-13T01:40:16.799+0000][1][safepoint    ] Leaving safepoint region
[2022-06-13T01:40:16.799+0000][1][safepoint    ] Total time for which application threads were stopped: 0.0013509 seconds, Stopping threads took: 0.0007742 seconds
[2022-06-13T01:40:17.800+0000][1][safepoint    ] Application time: 1.0001585 seconds
[2022-06-13T01:40:17.800+0000][1][safepoint    ] Entering safepoint region: Cleanup
[2022-06-13T01:40:17.801+0000][1][safepoint    ] Leaving safepoint region
[2022-06-13T01:40:17.801+0000][1][safepoint    ] Total time for which application threads were stopped: 0.0007682 seconds, Stopping threads took: 0.0003634 seconds
[2022-06-13T01:40:18.802+0000][1][safepoint    ] Application time: 1.0008828 seconds
[2022-06-13T01:40:18.803+0000][1][safepoint    ] Entering safepoint region: Cleanup
[2022-06-13T01:40:18.803+0000][1][safepoint    ] Leaving safepoint region
[2022-06-13T01:40:18.804+0000][1][safepoint    ] Total time for which application threads were stopped: 0.0011495 seconds, Stopping threads took: 0.0004255 seconds
[2022-06-13T01:40:19.804+0000][1][safepoint    ] Application time: 1.0001446 seconds
[2022-06-13T01:40:19.805+0000][1][safepoint    ] Entering safepoint region: Cleanup
[2022-06-13T01:40:19.805+0000][1][safepoint    ] Leaving safepoint region
[2022-06-13T01:40:19.805+0000][1][safepoint    ] Total time for which application threads were stopped: 0.0007391 seconds, Stopping threads took: 0.0002950 seconds
[2022-06-13T01:40:20.806+0000][1][safepoint    ] Application time: 1.0001881 seconds
[2022-06-13T01:40:20.806+0000][1][safepoint    ] Entering safepoint region: Cleanup
[2022-06-13T01:40:20.806+0000][1][safepoint    ] Leaving safepoint region
[2022-06-13T01:40:20.807+0000][1][safepoint    ] Total time for which application threads were stopped: 0.0010044 seconds, Stopping threads took: 0.0003726 seconds
[2022-06-13T01:40:21.807+0000][1][safepoint    ] Application time: 1.0002259 seconds
[2022-06-13T01:40:21.808+0000][1][safepoint    ] Entering safepoint region: Cleanup
[2022-06-13T01:40:21.809+0000][1][safepoint    ] Leaving safepoint region
[2022-06-13T01:40:21.809+0000][1][safepoint    ] Total time for which application threads were stopped: 0.0013156 seconds, Stopping threads took: 0.0007660 seconds
[2022-06-13T01:40:22.810+0000][1][safepoint    ] Application time: 1.0001963 seconds
[2022-06-13T01:40:22.810+0000][1][safepoint    ] Entering safepoint region: Cleanup
[2022-06-13T01:40:22.811+0000][1][safepoint    ] Leaving safepoint region
[2022-06-13T01:40:22.811+0000][1][safepoint    ] Total time for which application threads were stopped: 0.0010762 seconds, Stopping threads took: 0.0006992 seconds
[2022-06-13T01:40:23.812+0000][1][safepoint    ] Application time: 1.0002094 seconds
[2022-06-13T01:40:23.813+0000][1][safepoint    ] Entering safepoint region: Cleanup
[2022-06-13T01:40:23.813+0000][1][safepoint    ] Leaving safepoint region
[2022-06-13T01:40:23.814+0000][1][safepoint    ] Total time for which application threads were stopped: 0.0007242 seconds, Stopping threads took: 0.0004136 seconds
[2022-06-13T01:40:24.814+0000][1][safepoint    ] Application time: 1.0002339 seconds
[2022-06-13T01:40:24.815+0000][1][safepoint    ] Entering safepoint region: Cleanup
[2022-06-13T01:40:24.815+0000][1][safepoint    ] Leaving safepoint region
[2022-06-13T01:40:24.816+0000][1][safepoint    ] Total time for which application threads were stopped: 0.0007024 seconds, Stopping threads took: 0.0003495 seconds
[2022-06-13T01:40:25.816+0000][1][safepoint    ] Application time: 1.0001441 seconds
[2022-06-13T01:40:25.817+0000][1][safepoint    ] Entering safepoint region: Cleanup
[2022-06-13T01:40:25.817+0000][1][safepoint    ] Leaving safepoint region
[2022-06-13T01:40:25.817+0000][1][safepoint    ] Total time for which application threads were stopped: 0.0004577 seconds, Stopping threads took: 0.0002049 seconds
[2022-06-13T01:40:26.817+0000][1][safepoint    ] Application time: 1.0001961 seconds
[2022-06-13T01:40:26.818+0000][1][safepoint    ] Entering safepoint region: Cleanup
[2022-06-13T01:40:26.818+0000][1][safepoint    ] Leaving safepoint region
[2022-06-13T01:40:26.818+0000][1][safepoint    ] Total time for which application threads were stopped: 0.0006094 seconds, Stopping threads took: 0.0002681 seconds
[2022-06-13T01:40:27.819+0000][1][safepoint    ] Application time: 1.0001672 seconds
[2022-06-13T01:40:27.819+0000][1][safepoint    ] Entering safepoint region: Cleanup
[2022-06-13T01:40:27.820+0000][1][safepoint    ] Leaving safepoint region
[2022-06-13T01:40:27.820+0000][1][safepoint    ] Total time for which application threads were stopped: 0.0013623 seconds, Stopping threads took: 0.0007824 seconds
[2022-06-13T01:40:28.821+0000][1][safepoint    ] Application time: 1.0003255 seconds
[2022-06-13T01:40:28.822+0000][1][safepoint    ] Entering safepoint region: Cleanup
[2022-06-13T01:40:28.822+0000][1][safepoint    ] Leaving safepoint region
[2022-06-13T01:40:28.823+0000][1][safepoint    ] Total time for which application threads were stopped: 0.0015567 seconds, Stopping threads took: 0.0006955 seconds
[2022-06-13T01:40:29.824+0000][1][safepoint    ] Application time: 1.0002410 seconds
[2022-06-13T01:40:29.825+0000][1][safepoint    ] Entering safepoint region: Cleanup
[2022-06-13T01:40:29.825+0000][1][safepoint    ] Leaving safepoint region
[2022-06-13T01:40:29.826+0000][1][safepoint    ] Total time for which application threads were stopped: 0.0013877 seconds, Stopping threads took: 0.0005808 seconds
[2022-06-13T01:40:30.827+0000][1][safepoint    ] Application time: 1.0002375 seconds
[2022-06-13T01:40:30.827+0000][1][safepoint    ] Entering safepoint region: Cleanup
[2022-06-13T01:40:30.828+0000][1][safepoint    ] Leaving safepoint region
[2022-06-13T01:40:30.828+0000][1][safepoint    ] Total time for which application threads were stopped: 0.0009228 seconds, Stopping threads took: 0.0004053 seconds
[2022-06-13T01:40:31.829+0000][1][safepoint    ] Application time: 1.0002583 seconds
[2022-06-13T01:40:31.829+0000][1][safepoint    ] Entering safepoint region: Cleanup
[2022-06-13T01:40:31.830+0000][1][safepoint    ] Leaving safepoint region
[2022-06-13T01:40:31.830+0000][1][safepoint    ] Total time for which application threads were stopped: 0.0011059 seconds, Stopping threads took: 0.0004129 seconds
[2022-06-13T01:40:32.831+0000][1][safepoint    ] Application time: 1.0001949 seconds
[2022-06-13T01:40:32.832+0000][1][safepoint    ] Entering safepoint region: Cleanup
[2022-06-13T01:40:32.832+0000][1][safepoint    ] Leaving safepoint region
[2022-06-13T01:40:32.833+0000][1][safepoint    ] Total time for which application threads were stopped: 0.0014123 seconds, Stopping threads took: 0.0004945 seconds
[2022-06-13T01:40:33.834+0000][1][safepoint    ] Application time: 1.0001337 seconds
[2022-06-13T01:40:33.834+0000][1][safepoint    ] Entering safepoint region: Cleanup
[2022-06-13T01:40:33.835+0000][1][safepoint    ] Leaving safepoint region
[2022-06-13T01:40:33.836+0000][1][safepoint    ] Total time for which application threads were stopped: 0.0011140 seconds, Stopping threads took: 0.0005005 seconds
[2022-06-13T01:40:34.836+0000][1][safepoint    ] Application time: 1.0002998 seconds
[2022-06-13T01:40:34.837+0000][1][safepoint    ] Entering safepoint region: Cleanup
[2022-06-13T01:40:34.837+0000][1][safepoint    ] Leaving safepoint region
[2022-06-13T01:40:34.838+0000][1][safepoint    ] Total time for which application threads were stopped: 0.0012048 seconds, Stopping threads took: 0.0005430 seconds
[2022-06-13T01:40:35.839+0000][1][safepoint    ] Application time: 1.0002217 seconds
[2022-06-13T01:40:35.839+0000][1][safepoint    ] Entering safepoint region: Cleanup
[2022-06-13T01:40:35.840+0000][1][safepoint    ] Leaving safepoint region
[2022-06-13T01:40:35.840+0000][1][safepoint    ] Total time for which application threads were stopped: 0.0007401 seconds, Stopping threads took: 0.0003718 seconds
[2022-06-13T01:40:36.841+0000][1][safepoint    ] Application time: 1.0003811 seconds
[2022-06-13T01:40:36.842+0000][1][safepoint    ] Entering safepoint region: Cleanup
[2022-06-13T01:40:36.842+0000][1][safepoint    ] Leaving safepoint region
[2022-06-13T01:40:36.843+0000][1][safepoint    ] Total time for which application threads were stopped: 0.0013314 seconds, Stopping threads took: 0.0007115 seconds
[2022-06-13T01:40:37.844+0000][1][safepoint    ] Application time: 1.0002723 seconds
[2022-06-13T01:40:37.845+0000][1][safepoint    ] Entering safepoint region: Cleanup
[2022-06-13T01:40:37.845+0000][1][safepoint    ] Leaving safepoint region
[2022-06-13T01:40:37.846+0000][1][safepoint    ] Total time for which application threads were stopped: 0.0010847 seconds, Stopping threads took: 0.0004380 seconds
[2022-06-13T01:40:38.847+0000][1][safepoint    ] Application time: 1.0002556 seconds
[2022-06-13T01:40:38.847+0000][1][safepoint    ] Entering safepoint region: Cleanup
[2022-06-13T01:40:38.849+0000][1][safepoint    ] Leaving safepoint region
[2022-06-13T01:40:38.849+0000][1][safepoint    ] Total time for which application threads were stopped: 0.0018811 seconds, Stopping threads took: 0.0012129 seconds
[2022-06-13T01:40:39.850+0000][1][safepoint    ] Application time: 1.0002016 seconds
[2022-06-13T01:40:39.851+0000][1][safepoint    ] Entering safepoint region: Cleanup
[2022-06-13T01:40:39.852+0000][1][safepoint    ] Leaving safepoint region
[2022-06-13T01:40:39.852+0000][1][safepoint    ] Total time for which application threads were stopped: 0.0014963 seconds, Stopping threads took: 0.0007195 seconds
[2022-06-13T01:40:40.853+0000][1][safepoint    ] Application time: 1.0003540 seconds
[2022-06-13T01:40:40.854+0000][1][safepoint    ] Entering safepoint region: Cleanup
[2022-06-13T01:40:40.855+0000][1][safepoint    ] Leaving safepoint region
[2022-06-13T01:40:40.856+0000][1][safepoint    ] Total time for which application threads were stopped: 0.0015726 seconds, Stopping threads took: 0.0006693 seconds
[2022-06-13T01:40:41.856+0000][1][safepoint    ] Application time: 1.0002271 seconds
[2022-06-13T01:40:41.857+0000][1][safepoint    ] Entering safepoint region: Cleanup
[2022-06-13T01:40:41.857+0000][1][safepoint    ] Leaving safepoint region
[2022-06-13T01:40:41.858+0000][1][safepoint    ] Total time for which application threads were stopped: 0.0008863 seconds, Stopping threads took: 0.0004232 seconds
[2022-06-13T01:40:42.858+0000][1][safepoint    ] Application time: 1.0002333 seconds
[2022-06-13T01:40:42.859+0000][1][safepoint    ] Entering safepoint region: Cleanup
[2022-06-13T01:40:42.859+0000][1][safepoint    ] Leaving safepoint region
[2022-06-13T01:40:42.860+0000][1][safepoint    ] Total time for which application threads were stopped: 0.0012146 seconds, Stopping threads took: 0.0005444 seconds
[2022-06-13T01:40:43.861+0000][1][safepoint    ] Application time: 1.0003532 seconds
[2022-06-13T01:40:43.861+0000][1][safepoint    ] Entering safepoint region: Cleanup
[2022-06-13T01:40:43.862+0000][1][safepoint    ] Leaving safepoint region
[2022-06-13T01:40:43.862+0000][1][safepoint    ] Total time for which application threads were stopped: 0.0012528 seconds, Stopping threads took: 0.0006015 seconds
[2022-06-13T01:40:44.863+0000][1][safepoint    ] Application time: 1.0002950 seconds
[2022-06-13T01:40:44.864+0000][1][safepoint    ] Entering safepoint region: Cleanup
[2022-06-13T01:40:44.864+0000][1][safepoint    ] Leaving safepoint region
[2022-06-13T01:40:44.865+0000][1][safepoint    ] Total time for which application threads were stopped: 0.0013875 seconds, Stopping threads took: 0.0006051 seconds
[2022-06-13T01:40:45.866+0000][1][safepoint    ] Application time: 1.0002679 seconds
[2022-06-13T01:40:45.867+0000][1][safepoint    ] Entering safepoint region: Cleanup
[2022-06-13T01:40:45.867+0000][1][safepoint    ] Leaving safepoint region
[2022-06-13T01:40:45.868+0000][1][safepoint    ] Total time for which application threads were stopped: 0.0016430 seconds, Stopping threads took: 0.0006627 seconds
[2022-06-13T01:40:46.869+0000][1][safepoint    ] Application time: 1.0003461 seconds
[2022-06-13T01:40:46.870+0000][1][safepoint    ] Entering safepoint region: Cleanup
[2022-06-13T01:40:46.871+0000][1][safepoint    ] Leaving safepoint region
[2022-06-13T01:40:46.872+0000][1][safepoint    ] Total time for which application threads were stopped: 0.0017157 seconds, Stopping threads took: 0.0006750 seconds
[2022-06-13T01:40:47.873+0000][1][safepoint    ] Application time: 1.0002638 seconds
[2022-06-13T01:40:47.873+0000][1][safepoint    ] Entering safepoint region: Cleanup
[2022-06-13T01:40:47.874+0000][1][safepoint    ] Leaving safepoint region
[2022-06-13T01:40:47.874+0000][1][safepoint    ] Total time for which application threads were stopped: 0.0008431 seconds, Stopping threads took: 0.0004127 seconds
[2022-06-13T01:40:48.875+0000][1][safepoint    ] Application time: 1.0001769 seconds
[2022-06-13T01:40:48.875+0000][1][safepoint    ] Entering safepoint region: Cleanup
[2022-06-13T01:40:48.876+0000][1][safepoint    ] Leaving safepoint region
[2022-06-13T01:40:48.877+0000][1][safepoint    ] Total time for which application threads were stopped: 0.0011651 seconds, Stopping threads took: 0.0006105 seconds
[2022-06-13T01:40:49.877+0000][1][safepoint    ] Application time: 1.0002710 seconds
[2022-06-13T01:40:49.878+0000][1][safepoint    ] Entering safepoint region: Cleanup
[2022-06-13T01:40:49.878+0000][1][safepoint    ] Leaving safepoint region
[2022-06-13T01:40:49.879+0000][1][safepoint    ] Total time for which application threads were stopped: 0.0010854 seconds, Stopping threads took: 0.0004695 seconds
[2022-06-13T01:40:50.880+0000][1][safepoint    ] Application time: 1.0003067 seconds
[2022-06-13T01:40:50.881+0000][1][safepoint    ] Entering safepoint region: Cleanup
[2022-06-13T01:40:50.881+0000][1][safepoint    ] Leaving safepoint region
[2022-06-13T01:40:50.883+0000][1][safepoint    ] Total time for which application threads were stopped: 0.0020253 seconds, Stopping threads took: 0.0008083 seconds
[2022-06-13T01:40:51.884+0000][1][safepoint    ] Application time: 1.0002489 seconds
[2022-06-13T01:40:51.884+0000][1][safepoint    ] Entering safepoint region: Cleanup
[2022-06-13T01:40:51.886+0000][1][safepoint    ] Leaving safepoint region
[2022-06-13T01:40:51.886+0000][1][safepoint    ] Total time for which application threads were stopped: 0.0017411 seconds, Stopping threads took: 0.0007513 seconds
[2022-06-13T01:40:52.887+0000][1][safepoint    ] Application time: 1.0001959 seconds
[2022-06-13T01:40:52.887+0000][1][safepoint    ] Entering safepoint region: Cleanup
[2022-06-13T01:40:52.888+0000][1][safepoint    ] Leaving safepoint region
[2022-06-13T01:40:52.888+0000][1][safepoint    ] Total time for which application threads were stopped: 0.0009653 seconds, Stopping threads took: 0.0004928 seconds
[2022-06-13T01:40:53.889+0000][1][safepoint    ] Application time: 1.0003625 seconds
[2022-06-13T01:40:53.890+0000][1][safepoint    ] Entering safepoint region: Cleanup
[2022-06-13T01:40:53.891+0000][1][safepoint    ] Leaving safepoint region
[2022-06-13T01:40:53.892+0000][1][safepoint    ] Total time for which application threads were stopped: 0.0017370 seconds, Stopping threads took: 0.0007109 seconds
[2022-06-13T01:40:54.893+0000][1][safepoint    ] Application time: 1.0003452 seconds
[2022-06-13T01:40:54.894+0000][1][safepoint    ] Entering safepoint region: Cleanup
[2022-06-13T01:40:54.894+0000][1][safepoint    ] Leaving safepoint region
[2022-06-13T01:40:54.895+0000][1][safepoint    ] Total time for which application threads were stopped: 0.0013471 seconds, Stopping threads took: 0.0006549 seconds
[2022-06-13T01:40:55.896+0000][1][safepoint    ] Application time: 1.0003165 seconds
[2022-06-13T01:40:55.897+0000][1][safepoint    ] Entering safepoint region: Cleanup
[2022-06-13T01:40:55.897+0000][1][safepoint    ] Leaving safepoint region
[2022-06-13T01:40:55.898+0000][1][safepoint    ] Total time for which application threads were stopped: 0.0013080 seconds, Stopping threads took: 0.0006070 seconds
[2022-06-13T01:40:56.899+0000][1][safepoint    ] Application time: 1.0002426 seconds
[2022-06-13T01:40:56.899+0000][1][safepoint    ] Entering safepoint region: Cleanup
[2022-06-13T01:40:56.900+0000][1][safepoint    ] Leaving safepoint region
[2022-06-13T01:40:56.901+0000][1][safepoint    ] Total time for which application threads were stopped: 0.0014548 seconds, Stopping threads took: 0.0006063 seconds
[2022-06-13T01:40:57.902+0000][1][safepoint    ] Application time: 1.0002374 seconds
[2022-06-13T01:40:57.902+0000][1][safepoint    ] Entering safepoint region: Cleanup
[2022-06-13T01:40:57.903+0000][1][safepoint    ] Leaving safepoint region
[2022-06-13T01:40:57.903+0000][1][safepoint    ] Total time for which application threads were stopped: 0.0010426 seconds, Stopping threads took: 0.0004335 seconds
[2022-06-13T01:40:58.904+0000][1][safepoint    ] Application time: 1.0002262 seconds
[2022-06-13T01:40:58.905+0000][1][safepoint    ] Entering safepoint region: Cleanup
[2022-06-13T01:40:58.906+0000][1][safepoint    ] Leaving safepoint region
[2022-06-13T01:40:58.907+0000][1][safepoint    ] Total time for which application threads were stopped: 0.0018966 seconds, Stopping threads took: 0.0008983 seconds
[2022-06-13T01:40:59.908+0000][1][safepoint    ] Application time: 1.0003362 seconds
[2022-06-13T01:40:59.932+0000][1][safepoint    ] Entering safepoint region: Cleanup
[2022-06-13T01:40:59.933+0000][1][safepoint    ] Leaving safepoint region
[2022-06-13T01:40:59.934+0000][1][safepoint    ] Total time for which application threads were stopped: 0.0017119 seconds, Stopping threads took: 0.0008984 seconds
[2022-06-13T01:41:00.935+0000][1][safepoint    ] Application time: 1.0001842 seconds
[2022-06-13T01:41:00.935+0000][1][safepoint    ] Entering safepoint region: Cleanup
[2022-06-13T01:41:00.936+0000][1][safepoint    ] Leaving safepoint region
[2022-06-13T01:41:00.936+0000][1][safepoint    ] Total time for which application threads were stopped: 0.0007451 seconds, Stopping threads took: 0.0003211 seconds
[2022-06-13T01:41:01.936+0000][1][safepoint    ] Application time: 1.0001503 seconds
[2022-06-13T01:41:01.937+0000][1][safepoint    ] Entering safepoint region: Cleanup
[2022-06-13T01:41:01.938+0000][1][safepoint    ] Leaving safepoint region
[2022-06-13T01:41:01.938+0000][1][safepoint    ] Total time for which application threads were stopped: 0.0009287 seconds, Stopping threads took: 0.0003587 seconds
[2022-06-13T01:41:02.938+0000][1][safepoint    ] Application time: 1.0001637 seconds
[2022-06-13T01:41:02.939+0000][1][safepoint    ] Entering safepoint region: Cleanup
[2022-06-13T01:41:02.940+0000][1][safepoint    ] Leaving safepoint region
[2022-06-13T01:41:02.941+0000][1][safepoint    ] Total time for which application threads were stopped: 0.0011622 seconds, Stopping threads took: 0.0004897 seconds
[2022-06-13T01:41:03.941+0000][1][safepoint    ] Application time: 1.0002314 seconds
[2022-06-13T01:41:03.942+0000][1][safepoint    ] Entering safepoint region: Cleanup
[2022-06-13T01:41:03.942+0000][1][safepoint    ] Leaving safepoint region
[2022-06-13T01:41:03.943+0000][1][safepoint    ] Total time for which application threads were stopped: 0.0006178 seconds, Stopping threads took: 0.0002438 seconds
[2022-06-13T01:41:04.943+0000][1][safepoint    ] Application time: 1.0002749 seconds
[2022-06-13T01:41:04.944+0000][1][safepoint    ] Entering safepoint region: Cleanup
[2022-06-13T01:41:04.945+0000][1][safepoint    ] Leaving safepoint region
[2022-06-13T01:41:04.945+0000][1][safepoint    ] Total time for which application threads were stopped: 0.0014589 seconds, Stopping threads took: 0.0008227 seconds
[2022-06-13T01:41:05.946+0000][1][safepoint    ] Application time: 1.0001336 seconds
[2022-06-13T01:41:05.946+0000][1][safepoint    ] Entering safepoint region: Cleanup
[2022-06-13T01:41:05.947+0000][1][safepoint    ] Leaving safepoint region
[2022-06-13T01:41:05.947+0000][1][safepoint    ] Total time for which application threads were stopped: 0.0007746 seconds, Stopping threads took: 0.0004558 seconds
[2022-06-13T01:41:06.948+0000][1][safepoint    ] Application time: 1.0003665 seconds
[2022-06-13T01:41:06.949+0000][1][safepoint    ] Entering safepoint region: Cleanup
[2022-06-13T01:41:06.949+0000][1][safepoint    ] Leaving safepoint region
[2022-06-13T01:41:06.950+0000][1][safepoint    ] Total time for which application threads were stopped: 0.0011993 seconds, Stopping threads took: 0.0005120 seconds
[2022-06-13T01:41:07.951+0000][1][safepoint    ] Application time: 1.0002424 seconds
[2022-06-13T01:41:07.952+0000][1][safepoint    ] Entering safepoint region: Cleanup
[2022-06-13T01:41:07.952+0000][1][safepoint    ] Leaving safepoint region
[2022-06-13T01:41:07.953+0000][1][safepoint    ] Total time for which application threads were stopped: 0.0010212 seconds, Stopping threads took: 0.0006046 seconds
[2022-06-13T01:41:08.953+0000][1][safepoint    ] Application time: 1.0004254 seconds
[2022-06-13T01:41:08.954+0000][1][safepoint    ] Entering safepoint region: Cleanup
[2022-06-13T01:41:08.954+0000][1][safepoint    ] Leaving safepoint region
[2022-06-13T01:41:08.955+0000][1][safepoint    ] Total time for which application threads were stopped: 0.0007947 seconds, Stopping threads took: 0.0003902 seconds
[2022-06-13T01:41:09.955+0000][1][safepoint    ] Application time: 1.0003374 seconds
[2022-06-13T01:41:09.956+0000][1][safepoint    ] Entering safepoint region: Cleanup
[2022-06-13T01:41:09.956+0000][1][safepoint    ] Leaving safepoint region
[2022-06-13T01:41:09.957+0000][1][safepoint    ] Total time for which application threads were stopped: 0.0009836 seconds, Stopping threads took: 0.0004900 seconds
[2022-06-13T01:41:10.957+0000][1][safepoint    ] Application time: 1.0001201 seconds
[2022-06-13T01:41:10.958+0000][1][safepoint    ] Entering safepoint region: Cleanup
[2022-06-13T01:41:10.959+0000][1][safepoint    ] Leaving safepoint region
[2022-06-13T01:41:10.959+0000][1][safepoint    ] Total time for which application threads were stopped: 0.0008097 seconds, Stopping threads took: 0.0003210 seconds
[2022-06-13T01:41:11.960+0000][1][safepoint    ] Application time: 1.0001164 seconds
[2022-06-13T01:41:11.960+0000][1][safepoint    ] Entering safepoint region: Cleanup
[2022-06-13T01:41:11.961+0000][1][safepoint    ] Leaving safepoint region
[2022-06-13T01:41:11.962+0000][1][safepoint    ] Total time for which application threads were stopped: 0.0012822 seconds, Stopping threads took: 0.0006255 seconds
[2022-06-13T01:41:12.962+0000][1][safepoint    ] Application time: 1.0002399 seconds
[2022-06-13T01:41:12.963+0000][1][safepoint    ] Entering safepoint region: Cleanup
[2022-06-13T01:41:12.963+0000][1][safepoint    ] Leaving safepoint region
[2022-06-13T01:41:12.963+0000][1][safepoint    ] Total time for which application threads were stopped: 0.0008443 seconds, Stopping threads took: 0.0004474 seconds
[2022-06-13T01:41:13.964+0000][1][safepoint    ] Application time: 1.0001480 seconds
[2022-06-13T01:41:13.964+0000][1][safepoint    ] Entering safepoint region: Cleanup
[2022-06-13T01:41:13.964+0000][1][safepoint    ] Leaving safepoint region
[2022-06-13T01:41:13.965+0000][1][safepoint    ] Total time for which application threads were stopped: 0.0007227 seconds, Stopping threads took: 0.0002365 seconds
[2022-06-13T01:41:14.965+0000][1][safepoint    ] Application time: 1.0001507 seconds
[2022-06-13T01:41:14.966+0000][1][safepoint    ] Entering safepoint region: Cleanup
[2022-06-13T01:41:14.967+0000][1][safepoint    ] Leaving safepoint region
[2022-06-13T01:41:14.967+0000][1][safepoint    ] Total time for which application threads were stopped: 0.0008237 seconds, Stopping threads took: 0.0004664 seconds
[2022-06-13T01:41:15.968+0000][1][safepoint    ] Application time: 1.0002376 seconds
[2022-06-13T01:41:15.968+0000][1][safepoint    ] Entering safepoint region: Cleanup
[2022-06-13T01:41:15.969+0000][1][safepoint    ] Leaving safepoint region
[2022-06-13T01:41:15.969+0000][1][safepoint    ] Total time for which application threads were stopped: 0.0011891 seconds, Stopping threads took: 0.0005285 seconds
[2022-06-13T01:41:16.970+0000][1][safepoint    ] Application time: 1.0001328 seconds
[2022-06-13T01:41:16.971+0000][1][safepoint    ] Entering safepoint region: Cleanup
[2022-06-13T01:41:16.971+0000][1][safepoint    ] Leaving safepoint region
[2022-06-13T01:41:16.972+0000][1][safepoint    ] Total time for which application threads were stopped: 0.0008259 seconds, Stopping threads took: 0.0003562 seconds
[2022-06-13T01:41:17.973+0000][1][safepoint    ] Application time: 1.0004332 seconds
[2022-06-13T01:41:17.973+0000][1][safepoint    ] Entering safepoint region: Cleanup
[2022-06-13T01:41:17.974+0000][1][safepoint    ] Leaving safepoint region
[2022-06-13T01:41:17.974+0000][1][safepoint    ] Total time for which application threads were stopped: 0.0006687 seconds, Stopping threads took: 0.0003104 seconds
[2022-06-13T01:41:18.975+0000][1][safepoint    ] Application time: 1.0003284 seconds
[2022-06-13T01:41:18.976+0000][1][safepoint    ] Entering safepoint region: Cleanup
[2022-06-13T01:41:18.976+0000][1][safepoint    ] Leaving safepoint region
[2022-06-13T01:41:18.977+0000][1][safepoint    ] Total time for which application threads were stopped: 0.0011959 seconds, Stopping threads took: 0.0005142 seconds
[2022-06-13T01:41:19.977+0000][1][safepoint    ] Application time: 1.0001434 seconds
[2022-06-13T01:41:19.977+0000][1][safepoint    ] Entering safepoint region: Cleanup
[2022-06-13T01:41:19.978+0000][1][safepoint    ] Leaving safepoint region
[2022-06-13T01:41:19.978+0000][1][safepoint    ] Total time for which application threads were stopped: 0.0009396 seconds, Stopping threads took: 0.0003849 seconds
[2022-06-13T01:41:20.979+0000][1][safepoint    ] Application time: 1.0001530 seconds
[2022-06-13T01:41:20.979+0000][1][safepoint    ] Entering safepoint region: Cleanup
[2022-06-13T01:41:20.980+0000][1][safepoint    ] Leaving safepoint region
[2022-06-13T01:41:20.980+0000][1][safepoint    ] Total time for which application threads were stopped: 0.0009196 seconds, Stopping threads took: 0.0004914 seconds
[2022-06-13T01:41:21.981+0000][1][safepoint    ] Application time: 1.0002542 seconds
[2022-06-13T01:41:21.982+0000][1][safepoint    ] Entering safepoint region: Cleanup
[2022-06-13T01:41:21.982+0000][1][safepoint    ] Leaving safepoint region
[2022-06-13T01:41:21.982+0000][1][safepoint    ] Total time for which application threads were stopped: 0.0009026 seconds, Stopping threads took: 0.0004084 seconds
[2022-06-13T01:41:22.983+0000][1][safepoint    ] Application time: 1.0001679 seconds
[2022-06-13T01:41:22.983+0000][1][safepoint    ] Entering safepoint region: Cleanup
[2022-06-13T01:41:22.984+0000][1][safepoint    ] Leaving safepoint region
[2022-06-13T01:41:22.985+0000][1][safepoint    ] Total time for which application threads were stopped: 0.0015301 seconds, Stopping threads took: 0.0006869 seconds
[2022-06-13T01:41:23.986+0000][1][safepoint    ] Application time: 1.0001898 seconds
[2022-06-13T01:41:23.986+0000][1][safepoint    ] Entering safepoint region: Cleanup
[2022-06-13T01:41:23.987+0000][1][safepoint    ] Leaving safepoint region
[2022-06-13T01:41:23.988+0000][1][safepoint    ] Total time for which application threads were stopped: 0.0015892 seconds, Stopping threads took: 0.0006437 seconds
[2022-06-13T01:41:24.989+0000][1][safepoint    ] Application time: 1.0002388 seconds
[2022-06-13T01:41:24.990+0000][1][safepoint    ] Entering safepoint region: Cleanup
[2022-06-13T01:41:24.991+0000][1][safepoint    ] Leaving safepoint region
[2022-06-13T01:41:24.991+0000][1][safepoint    ] Total time for which application threads were stopped: 0.0015909 seconds, Stopping threads took: 0.0005367 seconds
[2022-06-13T01:41:25.992+0000][1][safepoint    ] Application time: 1.0002652 seconds
[2022-06-13T01:41:25.993+0000][1][safepoint    ] Entering safepoint region: Cleanup
[2022-06-13T01:41:25.993+0000][1][safepoint    ] Leaving safepoint region
[2022-06-13T01:41:25.994+0000][1][safepoint    ] Total time for which application threads were stopped: 0.0012064 seconds, Stopping threads took: 0.0005209 seconds
[2022-06-13T01:41:26.995+0000][1][safepoint    ] Application time: 1.0001156 seconds
[2022-06-13T01:41:26.995+0000][1][safepoint    ] Entering safepoint region: Cleanup
[2022-06-13T01:41:26.995+0000][1][safepoint    ] Leaving safepoint region
[2022-06-13T01:41:26.996+0000][1][safepoint    ] Total time for which application threads were stopped: 0.0009764 seconds, Stopping threads took: 0.0003420 seconds
[2022-06-13T01:41:27.996+0000][1][safepoint    ] Application time: 1.0002212 seconds
[2022-06-13T01:41:27.997+0000][1][safepoint    ] Entering safepoint region: Cleanup
[2022-06-13T01:41:27.998+0000][1][safepoint    ] Leaving safepoint region
[2022-06-13T01:41:27.999+0000][1][safepoint    ] Total time for which application threads were stopped: 0.0017677 seconds, Stopping threads took: 0.0008041 seconds
[2022-06-13T01:41:29.000+0000][1][safepoint    ] Application time: 1.0001539 seconds
[2022-06-13T01:41:29.000+0000][1][safepoint    ] Entering safepoint region: Cleanup
[2022-06-13T01:41:29.001+0000][1][safepoint    ] Leaving safepoint region
[2022-06-13T01:41:29.001+0000][1][safepoint    ] Total time for which application threads were stopped: 0.0006260 seconds, Stopping threads took: 0.0002360 seconds
[2022-06-13T01:41:30.001+0000][1][safepoint    ] Application time: 1.0001686 seconds
[2022-06-13T01:41:30.002+0000][1][safepoint    ] Entering safepoint region: Cleanup
[2022-06-13T01:41:30.003+0000][1][safepoint    ] Leaving safepoint region
[2022-06-13T01:41:30.003+0000][1][safepoint    ] Total time for which application threads were stopped: 0.0012347 seconds, Stopping threads took: 0.0006053 seconds
[2022-06-13T01:41:31.004+0000][1][safepoint    ] Application time: 1.0002823 seconds
[2022-06-13T01:41:31.005+0000][1][safepoint    ] Entering safepoint region: Cleanup
[2022-06-13T01:41:31.005+0000][1][safepoint    ] Leaving safepoint region
[2022-06-13T01:41:31.006+0000][1][safepoint    ] Total time for which application threads were stopped: 0.0017087 seconds, Stopping threads took: 0.0006582 seconds
[2022-06-13T01:41:32.007+0000][1][safepoint    ] Application time: 1.0002572 seconds
[2022-06-13T01:41:32.008+0000][1][safepoint    ] Entering safepoint region: Cleanup
[2022-06-13T01:41:32.008+0000][1][safepoint    ] Leaving safepoint region
[2022-06-13T01:41:32.009+0000][1][safepoint    ] Total time for which application threads were stopped: 0.0007757 seconds, Stopping threads took: 0.0003652 seconds
[2022-06-13T01:41:33.009+0000][1][safepoint    ] Application time: 1.0003424 seconds
[2022-06-13T01:41:33.010+0000][1][safepoint    ] Entering safepoint region: Cleanup
[2022-06-13T01:41:33.011+0000][1][safepoint    ] Leaving safepoint region
[2022-06-13T01:41:33.012+0000][1][safepoint    ] Total time for which application threads were stopped: 0.0013390 seconds, Stopping threads took: 0.0007583 seconds
[2022-06-13T01:41:34.013+0000][1][safepoint    ] Application time: 1.0002799 seconds
[2022-06-13T01:41:34.013+0000][1][safepoint    ] Entering safepoint region: Cleanup
[2022-06-13T01:41:34.014+0000][1][safepoint    ] Leaving safepoint region
[2022-06-13T01:41:34.014+0000][1][safepoint    ] Total time for which application threads were stopped: 0.0007741 seconds, Stopping threads took: 0.0004253 seconds
[2022-06-13T01:41:35.015+0000][1][safepoint    ] Application time: 1.0002448 seconds
[2022-06-13T01:41:35.015+0000][1][safepoint    ] Entering safepoint region: Cleanup
[2022-06-13T01:41:35.016+0000][1][safepoint    ] Leaving safepoint region
[2022-06-13T01:41:35.016+0000][1][safepoint    ] Total time for which application threads were stopped: 0.0012338 seconds, Stopping threads took: 0.0005570 seconds
[2022-06-13T01:41:36.017+0000][1][safepoint    ] Application time: 1.0002263 seconds
[2022-06-13T01:41:36.018+0000][1][safepoint    ] Entering safepoint region: Cleanup
[2022-06-13T01:41:36.018+0000][1][safepoint    ] Leaving safepoint region
[2022-06-13T01:41:36.019+0000][1][safepoint    ] Total time for which application threads were stopped: 0.0013152 seconds, Stopping threads took: 0.0004495 seconds
[2022-06-13T01:41:37.020+0000][1][safepoint    ] Application time: 1.0003624 seconds
[2022-06-13T01:41:37.021+0000][1][safepoint    ] Entering safepoint region: Cleanup
[2022-06-13T01:41:37.021+0000][1][safepoint    ] Leaving safepoint region
[2022-06-13T01:41:37.022+0000][1][safepoint    ] Total time for which application threads were stopped: 0.0010711 seconds, Stopping threads took: 0.0003838 seconds
[2022-06-13T01:41:38.022+0000][1][safepoint    ] Application time: 1.0002737 seconds
[2022-06-13T01:41:38.023+0000][1][safepoint    ] Entering safepoint region: Cleanup
[2022-06-13T01:41:38.024+0000][1][safepoint    ] Leaving safepoint region
[2022-06-13T01:41:38.024+0000][1][safepoint    ] Total time for which application threads were stopped: 0.0007636 seconds, Stopping threads took: 0.0004311 seconds
[2022-06-13T01:41:39.024+0000][1][safepoint    ] Application time: 1.0001614 seconds
[2022-06-13T01:41:39.025+0000][1][safepoint    ] Entering safepoint region: Cleanup
[2022-06-13T01:41:39.026+0000][1][safepoint    ] Leaving safepoint region
[2022-06-13T01:41:39.027+0000][1][safepoint    ] Total time for which application threads were stopped: 0.0020020 seconds, Stopping threads took: 0.0009975 seconds
[2022-06-13T01:41:40.028+0000][1][safepoint    ] Application time: 1.0002307 seconds
[2022-06-13T01:41:40.029+0000][1][safepoint    ] Entering safepoint region: Cleanup
[2022-06-13T01:41:40.030+0000][1][safepoint    ] Leaving safepoint region
[2022-06-13T01:41:40.030+0000][1][safepoint    ] Total time for which application threads were stopped: 0.0013779 seconds, Stopping threads took: 0.0006596 seconds
[2022-06-13T01:41:41.031+0000][1][safepoint    ] Application time: 1.0002518 seconds
[2022-06-13T01:41:41.032+0000][1][safepoint    ] Entering safepoint region: Cleanup
[2022-06-13T01:41:41.032+0000][1][safepoint    ] Leaving safepoint region
[2022-06-13T01:41:41.032+0000][1][safepoint    ] Total time for which application threads were stopped: 0.0007233 seconds, Stopping threads took: 0.0003101 seconds
[2022-06-13T01:41:42.033+0000][1][safepoint    ] Application time: 1.0002404 seconds
[2022-06-13T01:41:42.034+0000][1][safepoint    ] Entering safepoint region: Cleanup
[2022-06-13T01:41:42.035+0000][1][safepoint    ] Leaving safepoint region
[2022-06-13T01:41:42.035+0000][1][safepoint    ] Total time for which application threads were stopped: 0.0017064 seconds, Stopping threads took: 0.0007068 seconds
[2022-06-13T01:41:43.036+0000][1][safepoint    ] Application time: 1.0003747 seconds
[2022-06-13T01:41:43.038+0000][1][safepoint    ] Entering safepoint region: Cleanup
[2022-06-13T01:41:43.038+0000][1][safepoint    ] Leaving safepoint region
[2022-06-13T01:41:43.039+0000][1][safepoint    ] Total time for which application threads were stopped: 0.0014419 seconds, Stopping threads took: 0.0005277 seconds
[2022-06-13T01:41:44.040+0000][1][safepoint    ] Application time: 1.0001916 seconds
[2022-06-13T01:41:44.040+0000][1][safepoint    ] Entering safepoint region: Cleanup
[2022-06-13T01:41:44.041+0000][1][safepoint    ] Leaving safepoint region
[2022-06-13T01:41:44.041+0000][1][safepoint    ] Total time for which application threads were stopped: 0.0007222 seconds, Stopping threads took: 0.0003801 seconds
[2022-06-13T01:41:45.041+0000][1][safepoint    ] Application time: 1.0002039 seconds
[2022-06-13T01:41:45.042+0000][1][safepoint    ] Entering safepoint region: Cleanup
[2022-06-13T01:41:45.043+0000][1][safepoint    ] Leaving safepoint region
[2022-06-13T01:41:45.043+0000][1][safepoint    ] Total time for which application threads were stopped: 0.0008644 seconds, Stopping threads took: 0.0004669 seconds
[2022-06-13T01:41:46.043+0000][1][safepoint    ] Application time: 1.0001338 seconds
[2022-06-13T01:41:46.044+0000][1][safepoint    ] Entering safepoint region: Cleanup
[2022-06-13T01:41:46.045+0000][1][safepoint    ] Leaving safepoint region
[2022-06-13T01:41:46.045+0000][1][safepoint    ] Total time for which application threads were stopped: 0.0012112 seconds, Stopping threads took: 0.0005855 seconds
[2022-06-13T01:41:47.046+0000][1][safepoint    ] Application time: 1.0002338 seconds
[2022-06-13T01:41:47.046+0000][1][safepoint    ] Entering safepoint region: Cleanup
[2022-06-13T01:41:47.047+0000][1][safepoint    ] Leaving safepoint region
[2022-06-13T01:41:47.048+0000][1][safepoint    ] Total time for which application threads were stopped: 0.0015631 seconds, Stopping threads took: 0.0006588 seconds
[2022-06-13T01:41:48.049+0000][1][safepoint    ] Application time: 1.0002343 seconds
[2022-06-13T01:41:48.050+0000][1][safepoint    ] Entering safepoint region: Cleanup
[2022-06-13T01:41:48.051+0000][1][safepoint    ] Leaving safepoint region
[2022-06-13T01:41:48.052+0000][1][safepoint    ] Total time for which application threads were stopped: 0.0016677 seconds, Stopping threads took: 0.0009047 seconds
[2022-06-13T01:41:49.053+0000][1][safepoint    ] Application time: 1.0004288 seconds
[2022-06-13T01:41:49.053+0000][1][safepoint    ] Entering safepoint region: Cleanup
[2022-06-13T01:41:49.054+0000][1][safepoint    ] Leaving safepoint region
[2022-06-13T01:41:49.055+0000][1][safepoint    ] Total time for which application threads were stopped: 0.0011933 seconds, Stopping threads took: 0.0005054 seconds
[2022-06-13T01:41:50.055+0000][1][safepoint    ] Application time: 1.0003013 seconds
[2022-06-13T01:41:50.056+0000][1][safepoint    ] Entering safepoint region: Cleanup
[2022-06-13T01:41:50.057+0000][1][safepoint    ] Leaving safepoint region
[2022-06-13T01:41:50.058+0000][1][safepoint    ] Total time for which application threads were stopped: 0.0017134 seconds, Stopping threads took: 0.0007679 seconds
[2022-06-13T01:41:51.059+0000][1][safepoint    ] Application time: 1.0002563 seconds
[2022-06-13T01:41:51.059+0000][1][safepoint    ] Entering safepoint region: Cleanup
[2022-06-13T01:41:51.060+0000][1][safepoint    ] Leaving safepoint region
[2022-06-13T01:41:51.060+0000][1][safepoint    ] Total time for which application threads were stopped: 0.0008646 seconds, Stopping threads took: 0.0004695 seconds
[2022-06-13T01:41:52.061+0000][1][safepoint    ] Application time: 1.0001130 seconds
[2022-06-13T01:41:52.061+0000][1][safepoint    ] Entering safepoint region: Cleanup
[2022-06-13T01:41:52.062+0000][1][safepoint    ] Leaving safepoint region
[2022-06-13T01:41:52.062+0000][1][safepoint    ] Total time for which application threads were stopped: 0.0011106 seconds, Stopping threads took: 0.0005143 seconds
[2022-06-13T01:41:53.063+0000][1][safepoint    ] Application time: 1.0002380 seconds
[2022-06-13T01:41:53.064+0000][1][safepoint    ] Entering safepoint region: Cleanup
[2022-06-13T01:41:53.065+0000][1][safepoint    ] Leaving safepoint region
[2022-06-13T01:41:53.066+0000][1][safepoint    ] Total time for which application threads were stopped: 0.0017549 seconds, Stopping threads took: 0.0008215 seconds
[2022-06-13T01:41:54.067+0000][1][safepoint    ] Application time: 1.0002657 seconds
[2022-06-13T01:41:54.068+0000][1][safepoint    ] Entering safepoint region: Cleanup
[2022-06-13T01:41:54.068+0000][1][safepoint    ] Leaving safepoint region
[2022-06-13T01:41:54.069+0000][1][safepoint    ] Total time for which application threads were stopped: 0.0013168 seconds, Stopping threads took: 0.0006751 seconds
[2022-06-13T01:41:55.070+0000][1][safepoint    ] Application time: 1.0002290 seconds
[2022-06-13T01:41:55.070+0000][1][safepoint    ] Entering safepoint region: Cleanup
[2022-06-13T01:41:55.071+0000][1][safepoint    ] Leaving safepoint region
[2022-06-13T01:41:55.072+0000][1][safepoint    ] Total time for which application threads were stopped: 0.0015906 seconds, Stopping threads took: 0.0007452 seconds
[2022-06-13T01:41:56.073+0000][1][safepoint    ] Application time: 1.0003131 seconds
[2022-06-13T01:41:56.074+0000][1][safepoint    ] Entering safepoint region: Cleanup
[2022-06-13T01:41:56.074+0000][1][safepoint    ] Leaving safepoint region
[2022-06-13T01:41:56.075+0000][1][safepoint    ] Total time for which application threads were stopped: 0.0016882 seconds, Stopping threads took: 0.0007964 seconds
[2022-06-13T01:41:56.781+0000][1][safepoint    ] Application time: 0.7048076 seconds
[2022-06-13T01:41:56.781+0000][1][safepoint    ] Entering safepoint region: GenCollectForAllocation
[2022-06-13T01:41:56.782+0000][1][gc,start     ] GC(25) Pause Young (Allocation Failure)
[2022-06-13T01:41:56.782+0000][1][gc,task      ] GC(25) Using 5 workers of 13 for evacuation
[2022-06-13T01:41:56.785+0000][1][gc,age       ] GC(25) Desired survivor size 4456448 bytes, new threshold 6 (max threshold 6)
[2022-06-13T01:41:56.786+0000][1][gc,age       ] GC(25) Age table with threshold 6 (max threshold 6)
[2022-06-13T01:41:56.786+0000][1][gc,age       ] GC(25) - age   1:      31728 bytes,      31728 total
[2022-06-13T01:41:56.787+0000][1][gc,age       ] GC(25) - age   2:      15984 bytes,      47712 total
[2022-06-13T01:41:56.787+0000][1][gc,age       ] GC(25) - age   3:      64632 bytes,     112344 total
[2022-06-13T01:41:56.787+0000][1][gc,age       ] GC(25) - age   4:    1350552 bytes,    1462896 total
[2022-06-13T01:41:56.788+0000][1][gc,heap      ] GC(25) ParNew: 72192K->2046K(78656K)
[2022-06-13T01:41:56.788+0000][1][gc,heap      ] GC(25) CMS: 67704K->67704K(174784K)
[2022-06-13T01:41:56.788+0000][1][gc,metaspace ] GC(25) Metaspace: 65298K->65298K(1107968K)
[2022-06-13T01:41:56.789+0000][1][gc           ] GC(25) Pause Young (Allocation Failure) 136M->68M(247M) 6.683ms
[2022-06-13T01:41:56.789+0000][1][gc,cpu       ] GC(25) User=0.01s Sys=0.00s Real=0.01s
[2022-06-13T01:41:56.790+0000][1][safepoint    ] Leaving safepoint region
[2022-06-13T01:41:56.790+0000][1][safepoint    ] Total time for which application threads were stopped: 0.0089822 seconds, Stopping threads took: 0.0007391 seconds
[2022-06-13T01:41:57.791+0000][1][safepoint    ] Application time: 1.0002828 seconds
[2022-06-13T01:41:57.792+0000][1][safepoint    ] Entering safepoint region: Cleanup
[2022-06-13T01:41:57.793+0000][1][safepoint    ] Leaving safepoint region
[2022-06-13T01:41:57.793+0000][1][safepoint    ] Total time for which application threads were stopped: 0.0016803 seconds, Stopping threads took: 0.0007667 seconds
[2022-06-13T01:41:58.794+0000][1][safepoint    ] Application time: 1.0002594 seconds
[2022-06-13T01:41:58.795+0000][1][safepoint    ] Entering safepoint region: Cleanup
[2022-06-13T01:41:58.795+0000][1][safepoint    ] Leaving safepoint region
[2022-06-13T01:41:58.795+0000][1][safepoint    ] Total time for which application threads were stopped: 0.0006559 seconds, Stopping threads took: 0.0002742 seconds
[2022-06-13T01:41:59.796+0000][1][safepoint    ] Application time: 1.0001882 seconds
[2022-06-13T01:41:59.796+0000][1][safepoint    ] Entering safepoint region: Cleanup
[2022-06-13T01:41:59.797+0000][1][safepoint    ] Leaving safepoint region
[2022-06-13T01:41:59.797+0000][1][safepoint    ] Total time for which application threads were stopped: 0.0008636 seconds, Stopping threads took: 0.0004417 seconds
[2022-06-13T01:42:00.797+0000][1][safepoint    ] Application time: 1.0001488 seconds
[2022-06-13T01:42:00.798+0000][1][safepoint    ] Entering safepoint region: Cleanup
[2022-06-13T01:42:00.798+0000][1][safepoint    ] Leaving safepoint region
[2022-06-13T01:42:00.799+0000][1][safepoint    ] Total time for which application threads were stopped: 0.0010099 seconds, Stopping threads took: 0.0003488 seconds
[2022-06-13T01:42:01.799+0000][1][safepoint    ] Application time: 1.0002514 seconds
[2022-06-13T01:42:01.800+0000][1][safepoint    ] Entering safepoint region: Cleanup
[2022-06-13T01:42:01.801+0000][1][safepoint    ] Leaving safepoint region
[2022-06-13T01:42:01.802+0000][1][safepoint    ] Total time for which application threads were stopped: 0.0014974 seconds, Stopping threads took: 0.0006906 seconds
[2022-06-13T01:42:02.803+0000][1][safepoint    ] Application time: 1.0001816 seconds
[2022-06-13T01:42:02.803+0000][1][safepoint    ] Entering safepoint region: Cleanup
[2022-06-13T01:42:02.804+0000][1][safepoint    ] Leaving safepoint region
[2022-06-13T01:42:02.804+0000][1][safepoint    ] Total time for which application threads were stopped: 0.0010040 seconds, Stopping threads took: 0.0003587 seconds
[2022-06-13T01:42:03.805+0000][1][safepoint    ] Application time: 1.0002379 seconds
[2022-06-13T01:42:03.805+0000][1][safepoint    ] Entering safepoint region: Cleanup
[2022-06-13T01:42:03.805+0000][1][safepoint    ] Leaving safepoint region
[2022-06-13T01:42:03.806+0000][1][safepoint    ] Total time for which application threads were stopped: 0.0005575 seconds, Stopping threads took: 0.0002373 seconds
[2022-06-13T01:42:04.806+0000][1][safepoint    ] Application time: 1.0001631 seconds
[2022-06-13T01:42:04.806+0000][1][safepoint    ] Entering safepoint region: Cleanup
[2022-06-13T01:42:04.807+0000][1][safepoint    ] Leaving safepoint region
[2022-06-13T01:42:04.807+0000][1][safepoint    ] Total time for which application threads were stopped: 0.0007613 seconds, Stopping threads took: 0.0003167 seconds
[2022-06-13T01:42:05.808+0000][1][safepoint    ] Application time: 1.0001456 seconds
[2022-06-13T01:42:05.808+0000][1][safepoint    ] Entering safepoint region: Cleanup
[2022-06-13T01:42:05.808+0000][1][safepoint    ] Leaving safepoint region
[2022-06-13T01:42:05.808+0000][1][safepoint    ] Total time for which application threads were stopped: 0.0006553 seconds, Stopping threads took: 0.0001841 seconds
[2022-06-13T01:42:06.809+0000][1][safepoint    ] Application time: 1.0001502 seconds
[2022-06-13T01:42:06.809+0000][1][safepoint    ] Entering safepoint region: Cleanup
[2022-06-13T01:42:06.810+0000][1][safepoint    ] Leaving safepoint region
[2022-06-13T01:42:06.811+0000][1][safepoint    ] Total time for which application threads were stopped: 0.0015127 seconds, Stopping threads took: 0.0008346 seconds
[2022-06-13T01:42:07.811+0000][1][safepoint    ] Application time: 1.0001653 seconds
[2022-06-13T01:42:07.812+0000][1][safepoint    ] Entering safepoint region: Cleanup
[2022-06-13T01:42:07.813+0000][1][safepoint    ] Leaving safepoint region
[2022-06-13T01:42:07.813+0000][1][safepoint    ] Total time for which application threads were stopped: 0.0014936 seconds, Stopping threads took: 0.0006321 seconds
[2022-06-13T01:42:08.815+0000][1][safepoint    ] Application time: 1.0006261 seconds
[2022-06-13T01:42:08.815+0000][1][safepoint    ] Entering safepoint region: Cleanup
[2022-06-13T01:42:08.816+0000][1][safepoint    ] Leaving safepoint region
[2022-06-13T01:42:08.816+0000][1][safepoint    ] Total time for which application threads were stopped: 0.0011498 seconds, Stopping threads took: 0.0006761 seconds
[2022-06-13T01:42:09.817+0000][1][safepoint    ] Application time: 1.0002559 seconds
[2022-06-13T01:42:09.818+0000][1][safepoint    ] Entering safepoint region: Cleanup
[2022-06-13T01:42:09.819+0000][1][safepoint    ] Leaving safepoint region
[2022-06-13T01:42:09.820+0000][1][safepoint    ] Total time for which application threads were stopped: 0.0016228 seconds, Stopping threads took: 0.0007024 seconds
[2022-06-13T01:42:10.821+0000][1][safepoint    ] Application time: 1.0002075 seconds
[2022-06-13T01:42:10.821+0000][1][safepoint    ] Entering safepoint region: Cleanup
[2022-06-13T01:42:10.822+0000][1][safepoint    ] Leaving safepoint region
[2022-06-13T01:42:10.823+0000][1][safepoint    ] Total time for which application threads were stopped: 0.0015230 seconds, Stopping threads took: 0.0007747 seconds
[2022-06-13T01:42:11.824+0000][1][safepoint    ] Application time: 1.0001467 seconds
[2022-06-13T01:42:11.824+0000][1][safepoint    ] Entering safepoint region: Cleanup
[2022-06-13T01:42:11.825+0000][1][safepoint    ] Leaving safepoint region
[2022-06-13T01:42:11.825+0000][1][safepoint    ] Total time for which application threads were stopped: 0.0014351 seconds, Stopping threads took: 0.0005067 seconds
[2022-06-13T01:42:12.827+0000][1][safepoint    ] Application time: 1.0003183 seconds
[2022-06-13T01:42:12.827+0000][1][safepoint    ] Entering safepoint region: Cleanup
[2022-06-13T01:42:12.827+0000][1][safepoint    ] Leaving safepoint region
[2022-06-13T01:42:12.828+0000][1][safepoint    ] Total time for which application threads were stopped: 0.0007872 seconds, Stopping threads took: 0.0002751 seconds
[2022-06-13T01:42:13.828+0000][1][safepoint    ] Application time: 1.0001146 seconds
[2022-06-13T01:42:13.829+0000][1][safepoint    ] Entering safepoint region: Cleanup
[2022-06-13T01:42:13.830+0000][1][safepoint    ] Leaving safepoint region
[2022-06-13T01:42:13.830+0000][1][safepoint    ] Total time for which application threads were stopped: 0.0010796 seconds, Stopping threads took: 0.0006102 seconds
[2022-06-13T01:42:14.831+0000][1][safepoint    ] Application time: 1.0002002 seconds
[2022-06-13T01:42:14.831+0000][1][safepoint    ] Entering safepoint region: Cleanup
[2022-06-13T01:42:14.832+0000][1][safepoint    ] Leaving safepoint region
[2022-06-13T01:42:14.832+0000][1][safepoint    ] Total time for which application threads were stopped: 0.0009707 seconds, Stopping threads took: 0.0004521 seconds
[2022-06-13T01:42:15.833+0000][1][safepoint    ] Application time: 1.0001648 seconds
[2022-06-13T01:42:15.833+0000][1][safepoint    ] Entering safepoint region: Cleanup
[2022-06-13T01:42:15.834+0000][1][safepoint    ] Leaving safepoint region
[2022-06-13T01:42:15.835+0000][1][safepoint    ] Total time for which application threads were stopped: 0.0015017 seconds, Stopping threads took: 0.0005526 seconds
[2022-06-13T01:42:16.835+0000][1][safepoint    ] Application time: 1.0003048 seconds
[2022-06-13T01:42:16.836+0000][1][safepoint    ] Entering safepoint region: Cleanup
[2022-06-13T01:42:16.837+0000][1][safepoint    ] Leaving safepoint region
[2022-06-13T01:42:16.838+0000][1][safepoint    ] Total time for which application threads were stopped: 0.0018865 seconds, Stopping threads took: 0.0008610 seconds
[2022-06-13T01:42:17.839+0000][1][safepoint    ] Application time: 1.0002928 seconds
[2022-06-13T01:42:17.840+0000][1][safepoint    ] Entering safepoint region: Cleanup
[2022-06-13T01:42:17.841+0000][1][safepoint    ] Leaving safepoint region
[2022-06-13T01:42:17.841+0000][1][safepoint    ] Total time for which application threads were stopped: 0.0016172 seconds, Stopping threads took: 0.0009175 seconds
[2022-06-13T01:42:18.842+0000][1][safepoint    ] Application time: 1.0002138 seconds
[2022-06-13T01:42:18.842+0000][1][safepoint    ] Entering safepoint region: Cleanup
[2022-06-13T01:42:18.843+0000][1][safepoint    ] Leaving safepoint region
[2022-06-13T01:42:18.843+0000][1][safepoint    ] Total time for which application threads were stopped: 0.0008506 seconds, Stopping threads took: 0.0003799 seconds
[2022-06-13T01:42:19.844+0000][1][safepoint    ] Application time: 1.0003595 seconds
[2022-06-13T01:42:19.844+0000][1][safepoint    ] Entering safepoint region: Cleanup
[2022-06-13T01:42:19.845+0000][1][safepoint    ] Leaving safepoint region
[2022-06-13T01:42:19.846+0000][1][safepoint    ] Total time for which application threads were stopped: 0.0015827 seconds, Stopping threads took: 0.0006469 seconds
[2022-06-13T01:42:20.847+0000][1][safepoint    ] Application time: 1.0002696 seconds
[2022-06-13T01:42:20.847+0000][1][safepoint    ] Entering safepoint region: Cleanup
[2022-06-13T01:42:20.848+0000][1][safepoint    ] Leaving safepoint region
[2022-06-13T01:42:20.848+0000][1][safepoint    ] Total time for which application threads were stopped: 0.0007840 seconds, Stopping threads took: 0.0004265 seconds
[2022-06-13T01:42:22.673+0000][1][safepoint    ] Application time: 1.8248479 seconds
[2022-06-13T01:42:22.673+0000][1][safepoint    ] Entering safepoint region: Cleanup
[2022-06-13T01:42:22.674+0000][1][safepoint    ] Leaving safepoint region
[2022-06-13T01:42:22.674+0000][1][safepoint    ] Total time for which application threads were stopped: 0.0007841 seconds, Stopping threads took: 0.0003060 seconds
[2022-06-13T01:42:23.675+0000][1][safepoint    ] Application time: 1.0003578 seconds
[2022-06-13T01:42:23.675+0000][1][safepoint    ] Entering safepoint region: Cleanup
[2022-06-13T01:42:23.676+0000][1][safepoint    ] Leaving safepoint region
[2022-06-13T01:42:23.677+0000][1][safepoint    ] Total time for which application threads were stopped: 0.0016441 seconds, Stopping threads took: 0.0008029 seconds
[2022-06-13T01:42:24.678+0000][1][safepoint    ] Application time: 1.0003343 seconds
[2022-06-13T01:42:24.679+0000][1][safepoint    ] Entering safepoint region: Cleanup
[2022-06-13T01:42:24.680+0000][1][safepoint    ] Leaving safepoint region
[2022-06-13T01:42:24.680+0000][1][safepoint    ] Total time for which application threads were stopped: 0.0017299 seconds, Stopping threads took: 0.0006466 seconds
[2022-06-13T01:42:25.681+0000][1][safepoint    ] Application time: 1.0002307 seconds
[2022-06-13T01:42:25.682+0000][1][safepoint    ] Entering safepoint region: Cleanup
[2022-06-13T01:42:25.682+0000][1][safepoint    ] Leaving safepoint region
[2022-06-13T01:42:25.683+0000][1][safepoint    ] Total time for which application threads were stopped: 0.0013196 seconds, Stopping threads took: 0.0004636 seconds
[2022-06-13T01:42:26.684+0000][1][safepoint    ] Application time: 1.0002332 seconds
[2022-06-13T01:42:26.684+0000][1][safepoint    ] Entering safepoint region: Cleanup
[2022-06-13T01:42:26.685+0000][1][safepoint    ] Leaving safepoint region
[2022-06-13T01:42:26.686+0000][1][safepoint    ] Total time for which application threads were stopped: 0.0017446 seconds, Stopping threads took: 0.0007127 seconds
[2022-06-13T01:42:27.687+0000][1][safepoint    ] Application time: 1.0003613 seconds
[2022-06-13T01:42:27.688+0000][1][safepoint    ] Entering safepoint region: Cleanup
[2022-06-13T01:42:27.689+0000][1][safepoint    ] Leaving safepoint region
[2022-06-13T01:42:27.690+0000][1][safepoint    ] Total time for which application threads were stopped: 0.0018247 seconds, Stopping threads took: 0.0009914 seconds
[2022-06-13T01:42:28.690+0000][1][safepoint    ] Application time: 1.0002066 seconds
[2022-06-13T01:42:28.691+0000][1][safepoint    ] Entering safepoint region: Cleanup
[2022-06-13T01:42:28.692+0000][1][safepoint    ] Leaving safepoint region
[2022-06-13T01:42:28.692+0000][1][safepoint    ] Total time for which application threads were stopped: 0.0011135 seconds, Stopping threads took: 0.0004444 seconds
[2022-06-13T01:42:29.693+0000][1][safepoint    ] Application time: 1.0002766 seconds
[2022-06-13T01:42:29.694+0000][1][safepoint    ] Entering safepoint region: Cleanup
[2022-06-13T01:42:29.695+0000][1][safepoint    ] Leaving safepoint region
[2022-06-13T01:42:29.695+0000][1][safepoint    ] Total time for which application threads were stopped: 0.0015690 seconds, Stopping threads took: 0.0007849 seconds
[2022-06-13T01:42:30.697+0000][1][safepoint    ] Application time: 1.0001923 seconds
[2022-06-13T01:42:30.697+0000][1][safepoint    ] Entering safepoint region: Cleanup
[2022-06-13T01:42:30.698+0000][1][safepoint    ] Leaving safepoint region
[2022-06-13T01:42:30.698+0000][1][safepoint    ] Total time for which application threads were stopped: 0.0012064 seconds, Stopping threads took: 0.0003728 seconds
[2022-06-13T01:42:31.699+0000][1][safepoint    ] Application time: 1.0002468 seconds
[2022-06-13T01:42:31.700+0000][1][safepoint    ] Entering safepoint region: Cleanup
[2022-06-13T01:42:31.700+0000][1][safepoint    ] Leaving safepoint region
[2022-06-13T01:42:31.701+0000][1][safepoint    ] Total time for which application threads were stopped: 0.0011558 seconds, Stopping threads took: 0.0005001 seconds
[2022-06-13T01:42:32.701+0000][1][safepoint    ] Application time: 1.0001139 seconds
[2022-06-13T01:42:32.702+0000][1][safepoint    ] Entering safepoint region: Cleanup
[2022-06-13T01:42:32.703+0000][1][safepoint    ] Leaving safepoint region
[2022-06-13T01:42:32.703+0000][1][safepoint    ] Total time for which application threads were stopped: 0.0010661 seconds, Stopping threads took: 0.0005543 seconds
[2022-06-13T01:42:33.704+0000][1][safepoint    ] Application time: 1.0002475 seconds
[2022-06-13T01:42:33.704+0000][1][safepoint    ] Entering safepoint region: Cleanup
[2022-06-13T01:42:33.705+0000][1][safepoint    ] Leaving safepoint region
[2022-06-13T01:42:33.705+0000][1][safepoint    ] Total time for which application threads were stopped: 0.0010073 seconds, Stopping threads took: 0.0006056 seconds
[2022-06-13T01:42:34.706+0000][1][safepoint    ] Application time: 1.0003340 seconds
[2022-06-13T01:42:34.706+0000][1][safepoint    ] Entering safepoint region: Cleanup
[2022-06-13T01:42:34.707+0000][1][safepoint    ] Leaving safepoint region
[2022-06-13T01:42:34.708+0000][1][safepoint    ] Total time for which application threads were stopped: 0.0016830 seconds, Stopping threads took: 0.0006679 seconds
[2022-06-13T01:42:35.709+0000][1][safepoint    ] Application time: 1.0002287 seconds
[2022-06-13T01:42:35.710+0000][1][safepoint    ] Entering safepoint region: Cleanup
[2022-06-13T01:42:35.710+0000][1][safepoint    ] Leaving safepoint region
[2022-06-13T01:42:35.711+0000][1][safepoint    ] Total time for which application threads were stopped: 0.0013276 seconds, Stopping threads took: 0.0003571 seconds
[2022-06-13T01:42:36.712+0000][1][safepoint    ] Application time: 1.0003071 seconds
[2022-06-13T01:42:36.713+0000][1][safepoint    ] Entering safepoint region: Cleanup
[2022-06-13T01:42:36.713+0000][1][safepoint    ] Leaving safepoint region
[2022-06-13T01:42:36.714+0000][1][safepoint    ] Total time for which application threads were stopped: 0.0012235 seconds, Stopping threads took: 0.0005584 seconds
[2022-06-13T01:42:37.715+0000][1][safepoint    ] Application time: 1.0002582 seconds
[2022-06-13T01:42:37.715+0000][1][safepoint    ] Entering safepoint region: Cleanup
[2022-06-13T01:42:37.716+0000][1][safepoint    ] Leaving safepoint region
[2022-06-13T01:42:37.717+0000][1][safepoint    ] Total time for which application threads were stopped: 0.0016464 seconds, Stopping threads took: 0.0007301 seconds
[2022-06-13T01:42:38.718+0000][1][safepoint    ] Application time: 1.0001949 seconds
[2022-06-13T01:42:38.718+0000][1][safepoint    ] Entering safepoint region: Cleanup
[2022-06-13T01:42:38.719+0000][1][safepoint    ] Leaving safepoint region
[2022-06-13T01:42:38.719+0000][1][safepoint    ] Total time for which application threads were stopped: 0.0011549 seconds, Stopping threads took: 0.0005560 seconds
[2022-06-13T01:42:39.720+0000][1][safepoint    ] Application time: 1.0002141 seconds
[2022-06-13T01:42:39.721+0000][1][safepoint    ] Entering safepoint region: Cleanup
[2022-06-13T01:42:39.722+0000][1][safepoint    ] Leaving safepoint region
[2022-06-13T01:42:39.722+0000][1][safepoint    ] Total time for which application threads were stopped: 0.0015872 seconds, Stopping threads took: 0.0007363 seconds
[2022-06-13T01:42:40.723+0000][1][safepoint    ] Application time: 1.0001527 seconds
[2022-06-13T01:42:40.724+0000][1][safepoint    ] Entering safepoint region: Cleanup
[2022-06-13T01:42:40.725+0000][1][safepoint    ] Leaving safepoint region
[2022-06-13T01:42:40.725+0000][1][safepoint    ] Total time for which application threads were stopped: 0.0012772 seconds, Stopping threads took: 0.0007719 seconds
[2022-06-13T01:42:41.726+0000][1][safepoint    ] Application time: 1.0002608 seconds
[2022-06-13T01:42:41.726+0000][1][safepoint    ] Entering safepoint region: Cleanup
[2022-06-13T01:42:41.727+0000][1][safepoint    ] Leaving safepoint region
[2022-06-13T01:42:41.728+0000][1][safepoint    ] Total time for which application threads were stopped: 0.0016728 seconds, Stopping threads took: 0.0006600 seconds
[2022-06-13T01:42:42.729+0000][1][safepoint    ] Application time: 1.0002502 seconds
[2022-06-13T01:42:42.730+0000][1][safepoint    ] Entering safepoint region: Cleanup
[2022-06-13T01:42:42.731+0000][1][safepoint    ] Leaving safepoint region
[2022-06-13T01:42:42.731+0000][1][safepoint    ] Total time for which application threads were stopped: 0.0015956 seconds, Stopping threads took: 0.0006243 seconds
[2022-06-13T01:42:43.732+0000][1][safepoint    ] Application time: 1.0003489 seconds
[2022-06-13T01:42:43.733+0000][1][safepoint    ] Entering safepoint region: Cleanup
[2022-06-13T01:42:43.734+0000][1][safepoint    ] Leaving safepoint region
[2022-06-13T01:42:43.735+0000][1][safepoint    ] Total time for which application threads were stopped: 0.0016570 seconds, Stopping threads took: 0.0007939 seconds
[2022-06-13T01:42:44.736+0000][1][safepoint    ] Application time: 1.0003576 seconds
[2022-06-13T01:42:44.737+0000][1][safepoint    ] Entering safepoint region: Cleanup
[2022-06-13T01:42:44.738+0000][1][safepoint    ] Leaving safepoint region
[2022-06-13T01:42:44.738+0000][1][safepoint    ] Total time for which application threads were stopped: 0.0016660 seconds, Stopping threads took: 0.0009065 seconds
[2022-06-13T01:42:45.739+0000][1][safepoint    ] Application time: 1.0003479 seconds
[2022-06-13T01:42:45.740+0000][1][safepoint    ] Entering safepoint region: Cleanup
[2022-06-13T01:42:45.741+0000][1][safepoint    ] Leaving safepoint region
[2022-06-13T01:42:45.742+0000][1][safepoint    ] Total time for which application threads were stopped: 0.0018496 seconds, Stopping threads took: 0.0006548 seconds
[2022-06-13T01:42:46.742+0000][1][safepoint    ] Application time: 1.0001664 seconds
[2022-06-13T01:42:46.743+0000][1][safepoint    ] Entering safepoint region: Cleanup
[2022-06-13T01:42:46.743+0000][1][safepoint    ] Leaving safepoint region
[2022-06-13T01:42:46.743+0000][1][safepoint    ] Total time for which application threads were stopped: 0.0003403 seconds, Stopping threads took: 0.0001422 seconds
[2022-06-13T01:42:47.743+0000][1][safepoint    ] Application time: 1.0002377 seconds
[2022-06-13T01:42:47.744+0000][1][safepoint    ] Entering safepoint region: Cleanup
[2022-06-13T01:42:47.745+0000][1][safepoint    ] Leaving safepoint region
[2022-06-13T01:42:47.745+0000][1][safepoint    ] Total time for which application threads were stopped: 0.0009308 seconds, Stopping threads took: 0.0004256 seconds
[2022-06-13T01:42:48.746+0000][1][safepoint    ] Application time: 1.0002118 seconds
[2022-06-13T01:42:48.746+0000][1][safepoint    ] Entering safepoint region: Cleanup
[2022-06-13T01:42:48.747+0000][1][safepoint    ] Leaving safepoint region
[2022-06-13T01:42:48.747+0000][1][safepoint    ] Total time for which application threads were stopped: 0.0007284 seconds, Stopping threads took: 0.0003653 seconds
[2022-06-13T01:42:49.747+0000][1][safepoint    ] Application time: 1.0001798 seconds
[2022-06-13T01:42:49.748+0000][1][safepoint    ] Entering safepoint region: Cleanup
[2022-06-13T01:42:49.748+0000][1][safepoint    ] Leaving safepoint region
[2022-06-13T01:42:49.749+0000][1][safepoint    ] Total time for which application threads were stopped: 0.0009176 seconds, Stopping threads took: 0.0003295 seconds
[2022-06-13T01:42:50.749+0000][1][safepoint    ] Application time: 1.0001845 seconds
[2022-06-13T01:42:50.750+0000][1][safepoint    ] Entering safepoint region: Cleanup
[2022-06-13T01:42:50.750+0000][1][safepoint    ] Leaving safepoint region
[2022-06-13T01:42:50.750+0000][1][safepoint    ] Total time for which application threads were stopped: 0.0007974 seconds, Stopping threads took: 0.0002860 seconds
[2022-06-13T01:42:51.751+0000][1][safepoint    ] Application time: 1.0002960 seconds
[2022-06-13T01:42:51.751+0000][1][safepoint    ] Entering safepoint region: Cleanup
[2022-06-13T01:42:51.752+0000][1][safepoint    ] Leaving safepoint region
[2022-06-13T01:42:51.753+0000][1][safepoint    ] Total time for which application threads were stopped: 0.0015634 seconds, Stopping threads took: 0.0005133 seconds
[2022-06-13T01:42:52.754+0000][1][safepoint    ] Application time: 1.0001573 seconds
[2022-06-13T01:42:52.754+0000][1][safepoint    ] Entering safepoint region: Cleanup
[2022-06-13T01:42:52.755+0000][1][safepoint    ] Leaving safepoint region
[2022-06-13T01:42:52.755+0000][1][safepoint    ] Total time for which application threads were stopped: 0.0011470 seconds, Stopping threads took: 0.0008598 seconds
[2022-06-13T01:42:53.756+0000][1][safepoint    ] Application time: 1.0001363 seconds
[2022-06-13T01:42:53.756+0000][1][safepoint    ] Entering safepoint region: Cleanup
[2022-06-13T01:42:53.757+0000][1][safepoint    ] Leaving safepoint region
[2022-06-13T01:42:53.757+0000][1][safepoint    ] Total time for which application threads were stopped: 0.0009777 seconds, Stopping threads took: 0.0003747 seconds
[2022-06-13T01:42:54.757+0000][1][safepoint    ] Application time: 1.0001171 seconds
[2022-06-13T01:42:54.758+0000][1][safepoint    ] Entering safepoint region: Cleanup
[2022-06-13T01:42:54.758+0000][1][safepoint    ] Leaving safepoint region
[2022-06-13T01:42:54.759+0000][1][safepoint    ] Total time for which application threads were stopped: 0.0011082 seconds, Stopping threads took: 0.0004251 seconds
[2022-06-13T01:42:55.760+0000][1][safepoint    ] Application time: 1.0002109 seconds
[2022-06-13T01:42:55.760+0000][1][safepoint    ] Entering safepoint region: Cleanup
[2022-06-13T01:42:55.761+0000][1][safepoint    ] Leaving safepoint region
[2022-06-13T01:42:55.761+0000][1][safepoint    ] Total time for which application threads were stopped: 0.0013618 seconds, Stopping threads took: 0.0005836 seconds
[2022-06-13T01:42:56.762+0000][1][safepoint    ] Application time: 1.0001844 seconds
[2022-06-13T01:42:56.763+0000][1][safepoint    ] Entering safepoint region: Cleanup
[2022-06-13T01:42:56.764+0000][1][safepoint    ] Leaving safepoint region
[2022-06-13T01:42:56.765+0000][1][safepoint    ] Total time for which application threads were stopped: 0.0018898 seconds, Stopping threads took: 0.0009109 seconds
[2022-06-13T01:42:57.766+0000][1][safepoint    ] Application time: 1.0003235 seconds
[2022-06-13T01:42:57.766+0000][1][safepoint    ] Entering safepoint region: Cleanup
[2022-06-13T01:42:57.767+0000][1][safepoint    ] Leaving safepoint region
[2022-06-13T01:42:57.768+0000][1][safepoint    ] Total time for which application threads were stopped: 0.0016940 seconds, Stopping threads took: 0.0008844 seconds
[2022-06-13T01:42:58.769+0000][1][safepoint    ] Application time: 1.0002475 seconds
[2022-06-13T01:42:58.770+0000][1][safepoint    ] Entering safepoint region: Cleanup
[2022-06-13T01:42:58.770+0000][1][safepoint    ] Leaving safepoint region
[2022-06-13T01:42:58.771+0000][1][safepoint    ] Total time for which application threads were stopped: 0.0017219 seconds, Stopping threads took: 0.0007918 seconds
[2022-06-13T01:42:59.773+0000][1][safepoint    ] Application time: 1.0003763 seconds
[2022-06-13T01:42:59.774+0000][1][safepoint    ] Entering safepoint region: Cleanup
[2022-06-13T01:42:59.774+0000][1][safepoint    ] Leaving safepoint region
[2022-06-13T01:42:59.775+0000][1][safepoint    ] Total time for which application threads were stopped: 0.0016107 seconds, Stopping threads took: 0.0008129 seconds
[2022-06-13T01:43:00.776+0000][1][safepoint    ] Application time: 1.0003215 seconds
[2022-06-13T01:43:00.777+0000][1][safepoint    ] Entering safepoint region: Cleanup
[2022-06-13T01:43:00.777+0000][1][safepoint    ] Leaving safepoint region
[2022-06-13T01:43:00.778+0000][1][safepoint    ] Total time for which application threads were stopped: 0.0012338 seconds, Stopping threads took: 0.0004838 seconds
[2022-06-13T01:43:01.779+0000][1][safepoint    ] Application time: 1.0001947 seconds
[2022-06-13T01:43:01.780+0000][1][safepoint    ] Entering safepoint region: Cleanup
[2022-06-13T01:43:01.780+0000][1][safepoint    ] Leaving safepoint region
[2022-06-13T01:43:01.781+0000][1][safepoint    ] Total time for which application threads were stopped: 0.0010744 seconds, Stopping threads took: 0.0004586 seconds
[2022-06-13T01:43:02.781+0000][1][safepoint    ] Application time: 1.0001313 seconds
[2022-06-13T01:43:02.782+0000][1][safepoint    ] Entering safepoint region: Cleanup
[2022-06-13T01:43:02.782+0000][1][safepoint    ] Leaving safepoint region
[2022-06-13T01:43:02.782+0000][1][safepoint    ] Total time for which application threads were stopped: 0.0008381 seconds, Stopping threads took: 0.0004256 seconds
[2022-06-13T01:43:03.783+0000][1][safepoint    ] Application time: 1.0001372 seconds
[2022-06-13T01:43:03.784+0000][1][safepoint    ] Entering safepoint region: Cleanup
[2022-06-13T01:43:03.784+0000][1][safepoint    ] Leaving safepoint region
[2022-06-13T01:43:03.785+0000][1][safepoint    ] Total time for which application threads were stopped: 0.0007832 seconds, Stopping threads took: 0.0004241 seconds
[2022-06-13T01:43:04.785+0000][1][safepoint    ] Application time: 1.0001763 seconds
[2022-06-13T01:43:04.786+0000][1][safepoint    ] Entering safepoint region: Cleanup
[2022-06-13T01:43:04.786+0000][1][safepoint    ] Leaving safepoint region
[2022-06-13T01:43:04.787+0000][1][safepoint    ] Total time for which application threads were stopped: 0.0012327 seconds, Stopping threads took: 0.0005825 seconds
[2022-06-13T01:43:05.788+0000][1][safepoint    ] Application time: 1.0004902 seconds
[2022-06-13T01:43:05.789+0000][1][safepoint    ] Entering safepoint region: Cleanup
[2022-06-13T01:43:05.789+0000][1][safepoint    ] Leaving safepoint region
[2022-06-13T01:43:05.790+0000][1][safepoint    ] Total time for which application threads were stopped: 0.0014066 seconds, Stopping threads took: 0.0005639 seconds
[2022-06-13T01:43:06.791+0000][1][safepoint    ] Application time: 1.0001748 seconds
[2022-06-13T01:43:06.791+0000][1][safepoint    ] Entering safepoint region: Cleanup
[2022-06-13T01:43:06.792+0000][1][safepoint    ] Leaving safepoint region
[2022-06-13T01:43:06.793+0000][1][safepoint    ] Total time for which application threads were stopped: 0.0013760 seconds, Stopping threads took: 0.0006019 seconds
[2022-06-13T01:43:07.793+0000][1][safepoint    ] Application time: 1.0001671 seconds
[2022-06-13T01:43:07.794+0000][1][safepoint    ] Entering safepoint region: Cleanup
[2022-06-13T01:43:07.794+0000][1][safepoint    ] Leaving safepoint region
[2022-06-13T01:43:07.795+0000][1][safepoint    ] Total time for which application threads were stopped: 0.0011318 seconds, Stopping threads took: 0.0003675 seconds
[2022-06-13T01:43:08.796+0000][1][safepoint    ] Application time: 1.0004615 seconds
[2022-06-13T01:43:08.797+0000][1][safepoint    ] Entering safepoint region: Cleanup
[2022-06-13T01:43:08.797+0000][1][safepoint    ] Leaving safepoint region
[2022-06-13T01:43:08.798+0000][1][safepoint    ] Total time for which application threads were stopped: 0.0016754 seconds, Stopping threads took: 0.0005591 seconds
[2022-06-13T01:43:09.799+0000][1][safepoint    ] Application time: 1.0003475 seconds
[2022-06-13T01:43:09.800+0000][1][safepoint    ] Entering safepoint region: Cleanup
[2022-06-13T01:43:09.801+0000][1][safepoint    ] Leaving safepoint region
[2022-06-13T01:43:09.802+0000][1][safepoint    ] Total time for which application threads were stopped: 0.0015588 seconds, Stopping threads took: 0.0007119 seconds
[2022-06-13T01:43:10.803+0000][1][safepoint    ] Application time: 1.0002268 seconds
[2022-06-13T01:43:10.803+0000][1][safepoint    ] Entering safepoint region: Cleanup
[2022-06-13T01:43:10.803+0000][1][safepoint    ] Leaving safepoint region
[2022-06-13T01:43:10.804+0000][1][safepoint    ] Total time for which application threads were stopped: 0.0007812 seconds, Stopping threads took: 0.0003444 seconds
[2022-06-13T01:43:11.804+0000][1][safepoint    ] Application time: 1.0001529 seconds
[2022-06-13T01:43:11.805+0000][1][safepoint    ] Entering safepoint region: Cleanup
[2022-06-13T01:43:11.805+0000][1][safepoint    ] Leaving safepoint region
[2022-06-13T01:43:11.805+0000][1][safepoint    ] Total time for which application threads were stopped: 0.0009662 seconds, Stopping threads took: 0.0003460 seconds
[2022-06-13T01:43:12.806+0000][1][safepoint    ] Application time: 1.0001532 seconds
[2022-06-13T01:43:12.806+0000][1][safepoint    ] Entering safepoint region: Cleanup
[2022-06-13T01:43:12.806+0000][1][safepoint    ] Leaving safepoint region
[2022-06-13T01:43:12.807+0000][1][safepoint    ] Total time for which application threads were stopped: 0.0004212 seconds, Stopping threads took: 0.0001752 seconds
[2022-06-13T01:43:13.807+0000][1][safepoint    ] Application time: 1.0002883 seconds
[2022-06-13T01:43:13.808+0000][1][safepoint    ] Entering safepoint region: Cleanup
[2022-06-13T01:43:13.809+0000][1][safepoint    ] Leaving safepoint region
[2022-06-13T01:43:13.810+0000][1][safepoint    ] Total time for which application threads were stopped: 0.0020636 seconds, Stopping threads took: 0.0009904 seconds
[2022-06-13T01:43:14.812+0000][1][safepoint    ] Application time: 1.0003064 seconds
[2022-06-13T01:43:14.812+0000][1][safepoint    ] Entering safepoint region: Cleanup
[2022-06-13T01:43:14.813+0000][1][safepoint    ] Leaving safepoint region
[2022-06-13T01:43:14.813+0000][1][safepoint    ] Total time for which application threads were stopped: 0.0007747 seconds, Stopping threads took: 0.0003866 seconds
[2022-06-13T01:43:15.813+0000][1][safepoint    ] Application time: 1.0001431 seconds
[2022-06-13T01:43:15.814+0000][1][safepoint    ] Entering safepoint region: Cleanup
[2022-06-13T01:43:15.815+0000][1][safepoint    ] Leaving safepoint region
[2022-06-13T01:43:15.815+0000][1][safepoint    ] Total time for which application threads were stopped: 0.0013902 seconds, Stopping threads took: 0.0007162 seconds
[2022-06-13T01:43:16.816+0000][1][safepoint    ] Application time: 1.0001265 seconds
[2022-06-13T01:43:16.816+0000][1][safepoint    ] Entering safepoint region: Cleanup
[2022-06-13T01:43:16.817+0000][1][safepoint    ] Leaving safepoint region
[2022-06-13T01:43:16.818+0000][1][safepoint    ] Total time for which application threads were stopped: 0.0015224 seconds, Stopping threads took: 0.0008013 seconds
[2022-06-13T01:43:17.818+0000][1][safepoint    ] Application time: 1.0001356 seconds
[2022-06-13T01:43:17.819+0000][1][safepoint    ] Entering safepoint region: Cleanup
[2022-06-13T01:43:17.819+0000][1][safepoint    ] Leaving safepoint region
[2022-06-13T01:43:17.820+0000][1][safepoint    ] Total time for which application threads were stopped: 0.0008024 seconds, Stopping threads took: 0.0002965 seconds
[2022-06-13T01:43:18.820+0000][1][safepoint    ] Application time: 1.0002426 seconds
[2022-06-13T01:43:18.821+0000][1][safepoint    ] Entering safepoint region: Cleanup
[2022-06-13T01:43:18.822+0000][1][safepoint    ] Leaving safepoint region
[2022-06-13T01:43:18.823+0000][1][safepoint    ] Total time for which application threads were stopped: 0.0014685 seconds, Stopping threads took: 0.0007697 seconds
[2022-06-13T01:43:19.823+0000][1][safepoint    ] Application time: 1.0002817 seconds
[2022-06-13T01:43:19.824+0000][1][safepoint    ] Entering safepoint region: Cleanup
[2022-06-13T01:43:19.825+0000][1][safepoint    ] Leaving safepoint region
[2022-06-13T01:43:19.825+0000][1][safepoint    ] Total time for which application threads were stopped: 0.0012919 seconds, Stopping threads took: 0.0005704 seconds
[2022-06-13T01:43:20.826+0000][1][safepoint    ] Application time: 1.0001708 seconds
[2022-06-13T01:43:20.826+0000][1][safepoint    ] Entering safepoint region: Cleanup
[2022-06-13T01:43:20.827+0000][1][safepoint    ] Leaving safepoint region
[2022-06-13T01:43:20.827+0000][1][safepoint    ] Total time for which application threads were stopped: 0.0009136 seconds, Stopping threads took: 0.0002960 seconds
[2022-06-13T01:43:21.828+0000][1][safepoint    ] Application time: 1.0002014 seconds
[2022-06-13T01:43:21.829+0000][1][safepoint    ] Entering safepoint region: Cleanup
[2022-06-13T01:43:21.830+0000][1][safepoint    ] Leaving safepoint region
[2022-06-13T01:43:21.830+0000][1][safepoint    ] Total time for which application threads were stopped: 0.0014147 seconds, Stopping threads took: 0.0007576 seconds
[2022-06-13T01:43:22.831+0000][1][safepoint    ] Application time: 1.0002999 seconds
[2022-06-13T01:43:22.831+0000][1][safepoint    ] Entering safepoint region: Cleanup
[2022-06-13T01:43:22.832+0000][1][safepoint    ] Leaving safepoint region
[2022-06-13T01:43:22.832+0000][1][safepoint    ] Total time for which application threads were stopped: 0.0011556 seconds, Stopping threads took: 0.0004872 seconds
[2022-06-13T01:43:23.834+0000][1][safepoint    ] Application time: 1.0003227 seconds
[2022-06-13T01:43:23.835+0000][1][safepoint    ] Entering safepoint region: Cleanup
[2022-06-13T01:43:23.836+0000][1][safepoint    ] Leaving safepoint region
[2022-06-13T01:43:23.837+0000][1][safepoint    ] Total time for which application threads were stopped: 0.0018547 seconds, Stopping threads took: 0.0008584 seconds
[2022-06-13T01:43:24.838+0000][1][safepoint    ] Application time: 1.0002520 seconds
[2022-06-13T01:43:24.838+0000][1][safepoint    ] Entering safepoint region: Cleanup
[2022-06-13T01:43:24.839+0000][1][safepoint    ] Leaving safepoint region
[2022-06-13T01:43:24.839+0000][1][safepoint    ] Total time for which application threads were stopped: 0.0009878 seconds, Stopping threads took: 0.0004213 seconds
[2022-06-13T01:43:25.840+0000][1][safepoint    ] Application time: 1.0001727 seconds
[2022-06-13T01:43:25.840+0000][1][safepoint    ] Entering safepoint region: Cleanup
[2022-06-13T01:43:25.841+0000][1][safepoint    ] Leaving safepoint region
[2022-06-13T01:43:25.841+0000][1][safepoint    ] Total time for which application threads were stopped: 0.0009392 seconds, Stopping threads took: 0.0005232 seconds
[2022-06-13T01:43:26.842+0000][1][safepoint    ] Application time: 1.0003689 seconds
[2022-06-13T01:43:26.843+0000][1][safepoint    ] Entering safepoint region: Cleanup
[2022-06-13T01:43:26.844+0000][1][safepoint    ] Leaving safepoint region
[2022-06-13T01:43:26.845+0000][1][safepoint    ] Total time for which application threads were stopped: 0.0018776 seconds, Stopping threads took: 0.0008340 seconds
[2022-06-13T01:43:27.846+0000][1][safepoint    ] Application time: 1.0002114 seconds
[2022-06-13T01:43:27.847+0000][1][safepoint    ] Entering safepoint region: Cleanup
[2022-06-13T01:43:27.847+0000][1][safepoint    ] Leaving safepoint region
[2022-06-13T01:43:27.848+0000][1][safepoint    ] Total time for which application threads were stopped: 0.0011528 seconds, Stopping threads took: 0.0004716 seconds
[2022-06-13T01:43:28.849+0000][1][safepoint    ] Application time: 1.0003830 seconds
[2022-06-13T01:43:28.850+0000][1][safepoint    ] Entering safepoint region: Cleanup
[2022-06-13T01:43:28.851+0000][1][safepoint    ] Leaving safepoint region
[2022-06-13T01:43:28.851+0000][1][safepoint    ] Total time for which application threads were stopped: 0.0012715 seconds, Stopping threads took: 0.0006295 seconds
[2022-06-13T01:43:29.852+0000][1][safepoint    ] Application time: 1.0002934 seconds
[2022-06-13T01:43:29.853+0000][1][safepoint    ] Entering safepoint region: Cleanup
[2022-06-13T01:43:29.854+0000][1][safepoint    ] Leaving safepoint region
[2022-06-13T01:43:29.854+0000][1][safepoint    ] Total time for which application threads were stopped: 0.0014204 seconds, Stopping threads took: 0.0005663 seconds
[2022-06-13T01:43:30.855+0000][1][safepoint    ] Application time: 1.0001673 seconds
[2022-06-13T01:43:30.856+0000][1][safepoint    ] Entering safepoint region: Cleanup
[2022-06-13T01:43:30.856+0000][1][safepoint    ] Leaving safepoint region
[2022-06-13T01:43:30.856+0000][1][safepoint    ] Total time for which application threads were stopped: 0.0006781 seconds, Stopping threads took: 0.0003541 seconds
[2022-06-13T01:43:32.683+0000][1][safepoint    ] Application time: 1.8264734 seconds
[2022-06-13T01:43:32.684+0000][1][safepoint    ] Entering safepoint region: Cleanup
[2022-06-13T01:43:32.685+0000][1][safepoint    ] Leaving safepoint region
[2022-06-13T01:43:32.686+0000][1][safepoint    ] Total time for which application threads were stopped: 0.0016714 seconds, Stopping threads took: 0.0008231 seconds
[2022-06-13T01:43:33.687+0000][1][safepoint    ] Application time: 1.0003739 seconds
[2022-06-13T01:43:33.687+0000][1][safepoint    ] Entering safepoint region: Cleanup
[2022-06-13T01:43:33.688+0000][1][safepoint    ] Leaving safepoint region
[2022-06-13T01:43:33.689+0000][1][safepoint    ] Total time for which application threads were stopped: 0.0012658 seconds, Stopping threads took: 0.0004138 seconds
[2022-06-13T01:43:34.690+0000][1][safepoint    ] Application time: 1.0002781 seconds
[2022-06-13T01:43:34.690+0000][1][safepoint    ] Entering safepoint region: Cleanup
[2022-06-13T01:43:34.691+0000][1][safepoint    ] Leaving safepoint region
[2022-06-13T01:43:34.692+0000][1][safepoint    ] Total time for which application threads were stopped: 0.0014340 seconds, Stopping threads took: 0.0005941 seconds
[2022-06-13T01:43:35.693+0000][1][safepoint    ] Application time: 1.0005835 seconds
[2022-06-13T01:43:35.693+0000][1][safepoint    ] Entering safepoint region: Cleanup
[2022-06-13T01:43:35.694+0000][1][safepoint    ] Leaving safepoint region
[2022-06-13T01:43:35.695+0000][1][safepoint    ] Total time for which application threads were stopped: 0.0010821 seconds, Stopping threads took: 0.0005140 seconds
[2022-06-13T01:43:36.695+0000][1][safepoint    ] Application time: 1.0002046 seconds
[2022-06-13T01:43:36.695+0000][1][safepoint    ] Entering safepoint region: Cleanup
[2022-06-13T01:43:36.696+0000][1][safepoint    ] Leaving safepoint region
[2022-06-13T01:43:36.696+0000][1][safepoint    ] Total time for which application threads were stopped: 0.0008637 seconds, Stopping threads took: 0.0003669 seconds
[2022-06-13T01:43:37.697+0000][1][safepoint    ] Application time: 1.0003049 seconds
[2022-06-13T01:43:37.697+0000][1][safepoint    ] Entering safepoint region: Cleanup
[2022-06-13T01:43:37.698+0000][1][safepoint    ] Leaving safepoint region
[2022-06-13T01:43:37.699+0000][1][safepoint    ] Total time for which application threads were stopped: 0.0011674 seconds, Stopping threads took: 0.0005508 seconds
[2022-06-13T01:43:38.699+0000][1][safepoint    ] Application time: 1.0002020 seconds
[2022-06-13T01:43:38.700+0000][1][safepoint    ] Entering safepoint region: Cleanup
[2022-06-13T01:43:38.701+0000][1][safepoint    ] Leaving safepoint region
[2022-06-13T01:43:38.701+0000][1][safepoint    ] Total time for which application threads were stopped: 0.0013201 seconds, Stopping threads took: 0.0005531 seconds
[2022-06-13T01:43:39.702+0000][1][safepoint    ] Application time: 1.0002408 seconds
[2022-06-13T01:43:39.703+0000][1][safepoint    ] Entering safepoint region: Cleanup
[2022-06-13T01:43:39.704+0000][1][safepoint    ] Leaving safepoint region
[2022-06-13T01:43:39.704+0000][1][safepoint    ] Total time for which application threads were stopped: 0.0011727 seconds, Stopping threads took: 0.0005465 seconds
[2022-06-13T01:43:40.705+0000][1][safepoint    ] Application time: 1.0004298 seconds
[2022-06-13T01:43:40.706+0000][1][safepoint    ] Entering safepoint region: Cleanup
[2022-06-13T01:43:40.707+0000][1][safepoint    ] Leaving safepoint region
[2022-06-13T01:43:40.707+0000][1][safepoint    ] Total time for which application threads were stopped: 0.0009904 seconds, Stopping threads took: 0.0002959 seconds
[2022-06-13T01:43:41.708+0000][1][safepoint    ] Application time: 1.0002074 seconds
[2022-06-13T01:43:41.709+0000][1][safepoint    ] Entering safepoint region: Cleanup
[2022-06-13T01:43:41.709+0000][1][safepoint    ] Leaving safepoint region
[2022-06-13T01:43:41.710+0000][1][safepoint    ] Total time for which application threads were stopped: 0.0011135 seconds, Stopping threads took: 0.0004988 seconds
[2022-06-13T01:43:42.710+0000][1][safepoint    ] Application time: 1.0001897 seconds
[2022-06-13T01:43:42.711+0000][1][safepoint    ] Entering safepoint region: Cleanup
[2022-06-13T01:43:42.711+0000][1][safepoint    ] Leaving safepoint region
[2022-06-13T01:43:42.711+0000][1][safepoint    ] Total time for which application threads were stopped: 0.0006963 seconds, Stopping threads took: 0.0003564 seconds
[2022-06-13T01:43:43.712+0000][1][safepoint    ] Application time: 1.0002595 seconds
[2022-06-13T01:43:43.713+0000][1][safepoint    ] Entering safepoint region: Cleanup
[2022-06-13T01:43:43.713+0000][1][safepoint    ] Leaving safepoint region
[2022-06-13T01:43:43.714+0000][1][safepoint    ] Total time for which application threads were stopped: 0.0010276 seconds, Stopping threads took: 0.0004936 seconds
[2022-06-13T01:43:44.715+0000][1][safepoint    ] Application time: 1.0004038 seconds
[2022-06-13T01:43:44.715+0000][1][safepoint    ] Entering safepoint region: Cleanup
[2022-06-13T01:43:44.716+0000][1][safepoint    ] Leaving safepoint region
[2022-06-13T01:43:44.716+0000][1][safepoint    ] Total time for which application threads were stopped: 0.0009137 seconds, Stopping threads took: 0.0005079 seconds
[2022-06-13T01:43:45.717+0000][1][safepoint    ] Application time: 1.0002450 seconds
[2022-06-13T01:43:45.718+0000][1][safepoint    ] Entering safepoint region: Cleanup
[2022-06-13T01:43:45.719+0000][1][safepoint    ] Leaving safepoint region
[2022-06-13T01:43:45.720+0000][1][safepoint    ] Total time for which application threads were stopped: 0.0021490 seconds, Stopping threads took: 0.0009600 seconds
[2022-06-13T01:43:46.721+0000][1][safepoint    ] Application time: 1.0002309 seconds
[2022-06-13T01:43:46.721+0000][1][safepoint    ] Entering safepoint region: Cleanup
[2022-06-13T01:43:46.722+0000][1][safepoint    ] Leaving safepoint region
[2022-06-13T01:43:46.722+0000][1][safepoint    ] Total time for which application threads were stopped: 0.0006971 seconds, Stopping threads took: 0.0002994 seconds
[2022-06-13T01:43:47.723+0000][1][safepoint    ] Application time: 1.0003305 seconds
[2022-06-13T01:43:47.724+0000][1][safepoint    ] Entering safepoint region: Cleanup
[2022-06-13T01:43:47.724+0000][1][safepoint    ] Leaving safepoint region
[2022-06-13T01:43:47.725+0000][1][safepoint    ] Total time for which application threads were stopped: 0.0012348 seconds, Stopping threads took: 0.0005179 seconds
[2022-06-13T01:43:48.725+0000][1][safepoint    ] Application time: 1.0002149 seconds
[2022-06-13T01:43:48.726+0000][1][safepoint    ] Entering safepoint region: Cleanup
[2022-06-13T01:43:48.727+0000][1][safepoint    ] Leaving safepoint region
[2022-06-13T01:43:48.728+0000][1][safepoint    ] Total time for which application threads were stopped: 0.0015876 seconds, Stopping threads took: 0.0007639 seconds
[2022-06-13T01:43:49.729+0000][1][safepoint    ] Application time: 1.0002325 seconds
[2022-06-13T01:43:49.729+0000][1][safepoint    ] Entering safepoint region: Cleanup
[2022-06-13T01:43:49.730+0000][1][safepoint    ] Leaving safepoint region
[2022-06-13T01:43:49.730+0000][1][safepoint    ] Total time for which application threads were stopped: 0.0006758 seconds, Stopping threads took: 0.0003154 seconds
[2022-06-13T01:43:50.730+0000][1][safepoint    ] Application time: 1.0001928 seconds
[2022-06-13T01:43:50.731+0000][1][safepoint    ] Entering safepoint region: Cleanup
[2022-06-13T01:43:50.731+0000][1][safepoint    ] Leaving safepoint region
[2022-06-13T01:43:50.731+0000][1][safepoint    ] Total time for which application threads were stopped: 0.0005244 seconds, Stopping threads took: 0.0002486 seconds
[2022-06-13T01:43:51.732+0000][1][safepoint    ] Application time: 1.0001399 seconds
[2022-06-13T01:43:51.733+0000][1][safepoint    ] Entering safepoint region: Cleanup
[2022-06-13T01:43:51.733+0000][1][safepoint    ] Leaving safepoint region
[2022-06-13T01:43:51.734+0000][1][safepoint    ] Total time for which application threads were stopped: 0.0013444 seconds, Stopping threads took: 0.0007522 seconds
[2022-06-13T01:43:52.734+0000][1][safepoint    ] Application time: 1.0002310 seconds
[2022-06-13T01:43:52.735+0000][1][safepoint    ] Entering safepoint region: Cleanup
[2022-06-13T01:43:52.736+0000][1][safepoint    ] Leaving safepoint region
[2022-06-13T01:43:52.736+0000][1][safepoint    ] Total time for which application threads were stopped: 0.0008553 seconds, Stopping threads took: 0.0004678 seconds
[2022-06-13T01:43:53.736+0000][1][safepoint    ] Application time: 1.0002201 seconds
[2022-06-13T01:43:53.737+0000][1][safepoint    ] Entering safepoint region: Cleanup
[2022-06-13T01:43:53.737+0000][1][safepoint    ] Leaving safepoint region
[2022-06-13T01:43:53.738+0000][1][safepoint    ] Total time for which application threads were stopped: 0.0006978 seconds, Stopping threads took: 0.0003492 seconds
[2022-06-13T01:43:54.738+0000][1][safepoint    ] Application time: 1.0003458 seconds
[2022-06-13T01:43:54.739+0000][1][safepoint    ] Entering safepoint region: Cleanup
[2022-06-13T01:43:54.740+0000][1][safepoint    ] Leaving safepoint region
[2022-06-13T01:43:54.740+0000][1][safepoint    ] Total time for which application threads were stopped: 0.0010982 seconds, Stopping threads took: 0.0005033 seconds
[2022-06-13T01:43:55.741+0000][1][safepoint    ] Application time: 1.0004144 seconds
[2022-06-13T01:43:55.742+0000][1][safepoint    ] Entering safepoint region: Cleanup
[2022-06-13T01:43:55.742+0000][1][safepoint    ] Leaving safepoint region
[2022-06-13T01:43:55.743+0000][1][safepoint    ] Total time for which application threads were stopped: 0.0010393 seconds, Stopping threads took: 0.0004146 seconds
[2022-06-13T01:43:56.743+0000][1][safepoint    ] Application time: 1.0001946 seconds
[2022-06-13T01:43:56.744+0000][1][safepoint    ] Entering safepoint region: Cleanup
[2022-06-13T01:43:56.744+0000][1][safepoint    ] Leaving safepoint region
[2022-06-13T01:43:56.745+0000][1][safepoint    ] Total time for which application threads were stopped: 0.0009266 seconds, Stopping threads took: 0.0003726 seconds
[2022-06-13T01:43:57.746+0000][1][safepoint    ] Application time: 1.0004388 seconds
[2022-06-13T01:43:57.747+0000][1][safepoint    ] Entering safepoint region: Cleanup
[2022-06-13T01:43:57.748+0000][1][safepoint    ] Leaving safepoint region
[2022-06-13T01:43:57.748+0000][1][safepoint    ] Total time for which application threads were stopped: 0.0012600 seconds, Stopping threads took: 0.0006013 seconds
[2022-06-13T01:43:58.749+0000][1][safepoint    ] Application time: 1.0004079 seconds
[2022-06-13T01:43:58.750+0000][1][safepoint    ] Entering safepoint region: Cleanup
[2022-06-13T01:43:58.752+0000][1][safepoint    ] Leaving safepoint region
[2022-06-13T01:43:58.752+0000][1][safepoint    ] Total time for which application threads were stopped: 0.0021273 seconds, Stopping threads took: 0.0009233 seconds
[2022-06-13T01:43:59.754+0000][1][safepoint    ] Application time: 1.0003115 seconds
[2022-06-13T01:43:59.754+0000][1][safepoint    ] Entering safepoint region: Cleanup
[2022-06-13T01:43:59.755+0000][1][safepoint    ] Leaving safepoint region
[2022-06-13T01:43:59.755+0000][1][safepoint    ] Total time for which application threads were stopped: 0.0011514 seconds, Stopping threads took: 0.0006900 seconds
[2022-06-13T01:44:00.756+0000][1][safepoint    ] Application time: 1.0001542 seconds
[2022-06-13T01:44:00.757+0000][1][safepoint    ] Entering safepoint region: Cleanup
[2022-06-13T01:44:00.758+0000][1][safepoint    ] Leaving safepoint region
[2022-06-13T01:44:00.758+0000][1][safepoint    ] Total time for which application threads were stopped: 0.0012831 seconds, Stopping threads took: 0.0006997 seconds
[2022-06-13T01:44:01.759+0000][1][safepoint    ] Application time: 1.0001244 seconds
[2022-06-13T01:44:01.759+0000][1][safepoint    ] Entering safepoint region: Cleanup
[2022-06-13T01:44:01.759+0000][1][safepoint    ] Leaving safepoint region
[2022-06-13T01:44:01.760+0000][1][safepoint    ] Total time for which application threads were stopped: 0.0007004 seconds, Stopping threads took: 0.0002589 seconds
[2022-06-13T01:44:02.760+0000][1][safepoint    ] Application time: 1.0002934 seconds
[2022-06-13T01:44:02.761+0000][1][safepoint    ] Entering safepoint region: Cleanup
[2022-06-13T01:44:02.762+0000][1][safepoint    ] Leaving safepoint region
[2022-06-13T01:44:02.762+0000][1][safepoint    ] Total time for which application threads were stopped: 0.0016276 seconds, Stopping threads took: 0.0006804 seconds
[2022-06-13T01:44:03.763+0000][1][safepoint    ] Application time: 1.0001309 seconds
[2022-06-13T01:44:03.764+0000][1][safepoint    ] Entering safepoint region: Cleanup
[2022-06-13T01:44:03.764+0000][1][safepoint    ] Leaving safepoint region
[2022-06-13T01:44:03.764+0000][1][safepoint    ] Total time for which application threads were stopped: 0.0004636 seconds, Stopping threads took: 0.0001898 seconds
[2022-06-13T01:44:04.765+0000][1][safepoint    ] Application time: 1.0002346 seconds
[2022-06-13T01:44:04.765+0000][1][safepoint    ] Entering safepoint region: Cleanup
[2022-06-13T01:44:04.766+0000][1][safepoint    ] Leaving safepoint region
[2022-06-13T01:44:04.766+0000][1][safepoint    ] Total time for which application threads were stopped: 0.0009302 seconds, Stopping threads took: 0.0004452 seconds
[2022-06-13T01:44:05.767+0000][1][safepoint    ] Application time: 1.0002628 seconds
[2022-06-13T01:44:05.768+0000][1][safepoint    ] Entering safepoint region: Cleanup
[2022-06-13T01:44:05.769+0000][1][safepoint    ] Leaving safepoint region
[2022-06-13T01:44:05.770+0000][1][safepoint    ] Total time for which application threads were stopped: 0.0019333 seconds, Stopping threads took: 0.0008281 seconds
[2022-06-13T01:44:06.771+0000][1][safepoint    ] Application time: 1.0002043 seconds
[2022-06-13T01:44:06.772+0000][1][safepoint    ] Entering safepoint region: Cleanup
[2022-06-13T01:44:06.773+0000][1][safepoint    ] Leaving safepoint region
[2022-06-13T01:44:06.773+0000][1][safepoint    ] Total time for which application threads were stopped: 0.0016213 seconds, Stopping threads took: 0.0007600 seconds
[2022-06-13T01:44:07.774+0000][1][safepoint    ] Application time: 1.0002954 seconds
[2022-06-13T01:44:07.775+0000][1][safepoint    ] Entering safepoint region: Cleanup
[2022-06-13T01:44:07.775+0000][1][safepoint    ] Leaving safepoint region
[2022-06-13T01:44:07.775+0000][1][safepoint    ] Total time for which application threads were stopped: 0.0004679 seconds, Stopping threads took: 0.0001967 seconds
[2022-06-13T01:44:08.775+0000][1][safepoint    ] Application time: 1.0002367 seconds
[2022-06-13T01:44:08.776+0000][1][safepoint    ] Entering safepoint region: Cleanup
[2022-06-13T01:44:08.777+0000][1][safepoint    ] Leaving safepoint region
[2022-06-13T01:44:08.777+0000][1][safepoint    ] Total time for which application threads were stopped: 0.0011442 seconds, Stopping threads took: 0.0005352 seconds
[2022-06-13T01:44:09.778+0000][1][safepoint    ] Application time: 1.0003157 seconds
[2022-06-13T01:44:09.779+0000][1][safepoint    ] Entering safepoint region: Cleanup
[2022-06-13T01:44:09.780+0000][1][safepoint    ] Leaving safepoint region
[2022-06-13T01:44:09.781+0000][1][safepoint    ] Total time for which application threads were stopped: 0.0016472 seconds, Stopping threads took: 0.0006848 seconds
[2022-06-13T01:44:10.781+0000][1][safepoint    ] Application time: 1.0002842 seconds
[2022-06-13T01:44:10.783+0000][1][safepoint    ] Entering safepoint region: Cleanup
[2022-06-13T01:44:10.783+0000][1][safepoint    ] Leaving safepoint region
[2022-06-13T01:44:10.784+0000][1][safepoint    ] Total time for which application threads were stopped: 0.0014370 seconds, Stopping threads took: 0.0005307 seconds
[2022-06-13T01:44:11.785+0000][1][safepoint    ] Application time: 1.0002707 seconds
[2022-06-13T01:44:11.786+0000][1][safepoint    ] Entering safepoint region: Cleanup
[2022-06-13T01:44:11.786+0000][1][safepoint    ] Leaving safepoint region
[2022-06-13T01:44:11.787+0000][1][safepoint    ] Total time for which application threads were stopped: 0.0013818 seconds, Stopping threads took: 0.0005882 seconds
[2022-06-13T01:44:12.788+0000][1][safepoint    ] Application time: 1.0002485 seconds
[2022-06-13T01:44:12.788+0000][1][safepoint    ] Entering safepoint region: Cleanup
[2022-06-13T01:44:12.789+0000][1][safepoint    ] Leaving safepoint region
[2022-06-13T01:44:12.789+0000][1][safepoint    ] Total time for which application threads were stopped: 0.0008673 seconds, Stopping threads took: 0.0004011 seconds
[2022-06-13T01:44:13.790+0000][1][safepoint    ] Application time: 1.0002370 seconds
[2022-06-13T01:44:13.790+0000][1][safepoint    ] Entering safepoint region: Cleanup
[2022-06-13T01:44:13.791+0000][1][safepoint    ] Leaving safepoint region
[2022-06-13T01:44:13.791+0000][1][safepoint    ] Total time for which application threads were stopped: 0.0010359 seconds, Stopping threads took: 0.0004792 seconds
[2022-06-13T01:44:14.792+0000][1][safepoint    ] Application time: 1.0002900 seconds
[2022-06-13T01:44:14.793+0000][1][safepoint    ] Entering safepoint region: Cleanup
[2022-06-13T01:44:14.793+0000][1][safepoint    ] Leaving safepoint region
[2022-06-13T01:44:14.793+0000][1][safepoint    ] Total time for which application threads were stopped: 0.0005722 seconds, Stopping threads took: 0.0003050 seconds
[2022-06-13T01:44:15.794+0000][1][safepoint    ] Application time: 1.0002179 seconds
[2022-06-13T01:44:15.794+0000][1][safepoint    ] Entering safepoint region: Cleanup
[2022-06-13T01:44:15.795+0000][1][safepoint    ] Leaving safepoint region
[2022-06-13T01:44:15.795+0000][1][safepoint    ] Total time for which application threads were stopped: 0.0007662 seconds, Stopping threads took: 0.0003536 seconds
[2022-06-13T01:44:16.796+0000][1][safepoint    ] Application time: 1.0002550 seconds
[2022-06-13T01:44:16.797+0000][1][safepoint    ] Entering safepoint region: Cleanup
[2022-06-13T01:44:16.798+0000][1][safepoint    ] Leaving safepoint region
[2022-06-13T01:44:16.799+0000][1][safepoint    ] Total time for which application threads were stopped: 0.0019474 seconds, Stopping threads took: 0.0008038 seconds
[2022-06-13T01:44:17.799+0000][1][safepoint    ] Application time: 1.0001618 seconds
[2022-06-13T01:44:17.800+0000][1][safepoint    ] Entering safepoint region: Cleanup
[2022-06-13T01:44:17.800+0000][1][safepoint    ] Leaving safepoint region
[2022-06-13T01:44:17.800+0000][1][safepoint    ] Total time for which application threads were stopped: 0.0004691 seconds, Stopping threads took: 0.0001952 seconds
[2022-06-13T01:44:18.801+0000][1][safepoint    ] Application time: 1.0001412 seconds
[2022-06-13T01:44:18.801+0000][1][safepoint    ] Entering safepoint region: Cleanup
[2022-06-13T01:44:18.802+0000][1][safepoint    ] Leaving safepoint region
[2022-06-13T01:44:18.802+0000][1][safepoint    ] Total time for which application threads were stopped: 0.0009754 seconds, Stopping threads took: 0.0003783 seconds
[2022-06-13T01:44:19.803+0000][1][safepoint    ] Application time: 1.0002086 seconds
[2022-06-13T01:44:19.803+0000][1][safepoint    ] Entering safepoint region: Cleanup
[2022-06-13T01:44:19.804+0000][1][safepoint    ] Leaving safepoint region
[2022-06-13T01:44:19.805+0000][1][safepoint    ] Total time for which application threads were stopped: 0.0013261 seconds, Stopping threads took: 0.0004978 seconds
[2022-06-13T01:44:20.805+0000][1][safepoint    ] Application time: 1.0002100 seconds
[2022-06-13T01:44:20.806+0000][1][safepoint    ] Entering safepoint region: Cleanup
[2022-06-13T01:44:20.806+0000][1][safepoint    ] Leaving safepoint region
[2022-06-13T01:44:20.806+0000][1][safepoint    ] Total time for which application threads were stopped: 0.0007310 seconds, Stopping threads took: 0.0003474 seconds
[2022-06-13T01:44:21.807+0000][1][safepoint    ] Application time: 1.0002283 seconds
[2022-06-13T01:44:21.808+0000][1][safepoint    ] Entering safepoint region: Cleanup
[2022-06-13T01:44:21.809+0000][1][safepoint    ] Leaving safepoint region
[2022-06-13T01:44:21.809+0000][1][safepoint    ] Total time for which application threads were stopped: 0.0015575 seconds, Stopping threads took: 0.0006502 seconds
[2022-06-13T01:44:22.810+0000][1][safepoint    ] Application time: 1.0003100 seconds
[2022-06-13T01:44:22.811+0000][1][safepoint    ] Entering safepoint region: Cleanup
[2022-06-13T01:44:22.812+0000][1][safepoint    ] Leaving safepoint region
[2022-06-13T01:44:22.812+0000][1][safepoint    ] Total time for which application threads were stopped: 0.0013269 seconds, Stopping threads took: 0.0007936 seconds
[2022-06-13T01:44:23.813+0000][1][safepoint    ] Application time: 1.0002656 seconds
[2022-06-13T01:44:23.814+0000][1][safepoint    ] Entering safepoint region: Cleanup
[2022-06-13T01:44:23.814+0000][1][safepoint    ] Leaving safepoint region
[2022-06-13T01:44:23.814+0000][1][safepoint    ] Total time for which application threads were stopped: 0.0006046 seconds, Stopping threads took: 0.0001847 seconds
[2022-06-13T01:44:24.815+0000][1][safepoint    ] Application time: 1.0001974 seconds
[2022-06-13T01:44:24.815+0000][1][safepoint    ] Entering safepoint region: Cleanup
[2022-06-13T01:44:24.816+0000][1][safepoint    ] Leaving safepoint region
[2022-06-13T01:44:24.816+0000][1][safepoint    ] Total time for which application threads were stopped: 0.0009450 seconds, Stopping threads took: 0.0004883 seconds
[2022-06-13T01:44:25.817+0000][1][safepoint    ] Application time: 1.0003441 seconds
[2022-06-13T01:44:25.818+0000][1][safepoint    ] Entering safepoint region: Cleanup
[2022-06-13T01:44:25.818+0000][1][safepoint    ] Leaving safepoint region
[2022-06-13T01:44:25.819+0000][1][safepoint    ] Total time for which application threads were stopped: 0.0010205 seconds, Stopping threads took: 0.0004222 seconds
[2022-06-13T01:44:26.820+0000][1][safepoint    ] Application time: 1.0002419 seconds
[2022-06-13T01:44:26.820+0000][1][safepoint    ] Entering safepoint region: Cleanup
[2022-06-13T01:44:26.821+0000][1][safepoint    ] Leaving safepoint region
[2022-06-13T01:44:26.821+0000][1][safepoint    ] Total time for which application threads were stopped: 0.0011487 seconds, Stopping threads took: 0.0005428 seconds
[2022-06-13T01:44:27.822+0000][1][safepoint    ] Application time: 1.0003176 seconds
[2022-06-13T01:44:27.823+0000][1][safepoint    ] Entering safepoint region: Cleanup
[2022-06-13T01:44:27.824+0000][1][safepoint    ] Leaving safepoint region
[2022-06-13T01:44:27.825+0000][1][safepoint    ] Total time for which application threads were stopped: 0.0013741 seconds, Stopping threads took: 0.0006713 seconds
[2022-06-13T01:44:28.825+0000][1][safepoint    ] Application time: 1.0002167 seconds
[2022-06-13T01:44:28.826+0000][1][safepoint    ] Entering safepoint region: Cleanup
[2022-06-13T01:44:28.826+0000][1][safepoint    ] Leaving safepoint region
[2022-06-13T01:44:28.827+0000][1][safepoint    ] Total time for which application threads were stopped: 0.0008001 seconds, Stopping threads took: 0.0003936 seconds
[2022-06-13T01:44:29.827+0000][1][safepoint    ] Application time: 1.0001762 seconds
[2022-06-13T01:44:29.828+0000][1][safepoint    ] Entering safepoint region: Cleanup
[2022-06-13T01:44:29.829+0000][1][safepoint    ] Leaving safepoint region
[2022-06-13T01:44:29.829+0000][1][safepoint    ] Total time for which application threads were stopped: 0.0014260 seconds, Stopping threads took: 0.0005978 seconds
[2022-06-13T01:44:30.830+0000][1][safepoint    ] Application time: 1.0003182 seconds
[2022-06-13T01:44:30.831+0000][1][safepoint    ] Entering safepoint region: Cleanup
[2022-06-13T01:44:30.832+0000][1][safepoint    ] Leaving safepoint region
[2022-06-13T01:44:30.832+0000][1][safepoint    ] Total time for which application threads were stopped: 0.0008249 seconds, Stopping threads took: 0.0003972 seconds
[2022-06-13T01:44:31.832+0000][1][safepoint    ] Application time: 1.0001801 seconds
[2022-06-13T01:44:31.833+0000][1][safepoint    ] Entering safepoint region: Cleanup
[2022-06-13T01:44:31.833+0000][1][safepoint    ] Leaving safepoint region
[2022-06-13T01:44:31.834+0000][1][safepoint    ] Total time for which application threads were stopped: 0.0011056 seconds, Stopping threads took: 0.0003390 seconds
[2022-06-13T01:44:31.955+0000][1][safepoint    ] Application time: 0.1204260 seconds
[2022-06-13T01:44:31.955+0000][1][safepoint    ] Entering safepoint region: GenCollectForAllocation
[2022-06-13T01:44:31.956+0000][1][gc,start     ] GC(26) Pause Young (Allocation Failure)
[2022-06-13T01:44:31.957+0000][1][gc,task      ] GC(26) Using 5 workers of 13 for evacuation
[2022-06-13T01:44:31.959+0000][1][gc,age       ] GC(26) Desired survivor size 4456448 bytes, new threshold 6 (max threshold 6)
[2022-06-13T01:44:31.960+0000][1][gc,age       ] GC(26) Age table with threshold 6 (max threshold 6)
[2022-06-13T01:44:31.960+0000][1][gc,age       ] GC(26) - age   1:      31056 bytes,      31056 total
[2022-06-13T01:44:31.961+0000][1][gc,age       ] GC(26) - age   2:      13544 bytes,      44600 total
[2022-06-13T01:44:31.961+0000][1][gc,age       ] GC(26) - age   3:      15984 bytes,      60584 total
[2022-06-13T01:44:31.962+0000][1][gc,age       ] GC(26) - age   4:      64632 bytes,     125216 total
[2022-06-13T01:44:31.962+0000][1][gc,age       ] GC(26) - age   5:    1350552 bytes,    1475768 total
[2022-06-13T01:44:31.963+0000][1][gc,heap      ] GC(26) ParNew: 71998K->2298K(78656K)
[2022-06-13T01:44:31.963+0000][1][gc,heap      ] GC(26) CMS: 67704K->67704K(174784K)
[2022-06-13T01:44:31.964+0000][1][gc,metaspace ] GC(26) Metaspace: 65312K->65312K(1107968K)
[2022-06-13T01:44:31.964+0000][1][gc           ] GC(26) Pause Young (Allocation Failure) 136M->68M(247M) 8.440ms
[2022-06-13T01:44:31.965+0000][1][gc,cpu       ] GC(26) User=0.00s Sys=0.01s Real=0.01s
[2022-06-13T01:44:31.966+0000][1][safepoint    ] Leaving safepoint region
[2022-06-13T01:44:31.966+0000][1][safepoint    ] Total time for which application threads were stopped: 0.0108296 seconds, Stopping threads took: 0.0006410 seconds
[2022-06-13T01:44:32.967+0000][1][safepoint    ] Application time: 1.0003280 seconds
[2022-06-13T01:44:32.968+0000][1][safepoint    ] Entering safepoint region: Cleanup
[2022-06-13T01:44:32.969+0000][1][safepoint    ] Leaving safepoint region
[2022-06-13T01:44:32.969+0000][1][safepoint    ] Total time for which application threads were stopped: 0.0015300 seconds, Stopping threads took: 0.0009443 seconds
[2022-06-13T01:44:33.970+0000][1][safepoint    ] Application time: 1.0003985 seconds
[2022-06-13T01:44:33.971+0000][1][safepoint    ] Entering safepoint region: Cleanup
[2022-06-13T01:44:33.972+0000][1][safepoint    ] Leaving safepoint region
[2022-06-13T01:44:33.972+0000][1][safepoint    ] Total time for which application threads were stopped: 0.0015204 seconds, Stopping threads took: 0.0006837 seconds
[2022-06-13T01:44:34.973+0000][1][safepoint    ] Application time: 1.0002046 seconds
[2022-06-13T01:44:34.974+0000][1][safepoint    ] Entering safepoint region: Cleanup
[2022-06-13T01:44:34.974+0000][1][safepoint    ] Leaving safepoint region
[2022-06-13T01:44:34.975+0000][1][safepoint    ] Total time for which application threads were stopped: 0.0010786 seconds, Stopping threads took: 0.0003557 seconds
[2022-06-13T01:44:35.975+0000][1][safepoint    ] Application time: 1.0002916 seconds
[2022-06-13T01:44:35.976+0000][1][safepoint    ] Entering safepoint region: Cleanup
[2022-06-13T01:44:35.977+0000][1][safepoint    ] Leaving safepoint region
[2022-06-13T01:44:35.978+0000][1][safepoint    ] Total time for which application threads were stopped: 0.0016367 seconds, Stopping threads took: 0.0007139 seconds
[2022-06-13T01:44:36.979+0000][1][safepoint    ] Application time: 1.0004582 seconds
[2022-06-13T01:44:36.980+0000][1][safepoint    ] Entering safepoint region: Cleanup
[2022-06-13T01:44:36.981+0000][1][safepoint    ] Leaving safepoint region
[2022-06-13T01:44:36.981+0000][1][safepoint    ] Total time for which application threads were stopped: 0.0009940 seconds, Stopping threads took: 0.0005185 seconds
[2022-06-13T01:44:37.982+0000][1][safepoint    ] Application time: 1.0001418 seconds
[2022-06-13T01:44:37.982+0000][1][safepoint    ] Entering safepoint region: Cleanup
[2022-06-13T01:44:37.982+0000][1][safepoint    ] Leaving safepoint region
[2022-06-13T01:44:37.983+0000][1][safepoint    ] Total time for which application threads were stopped: 0.0007522 seconds, Stopping threads took: 0.0003502 seconds
[2022-06-13T01:44:38.983+0000][1][safepoint    ] Application time: 1.0002515 seconds
[2022-06-13T01:44:38.984+0000][1][safepoint    ] Entering safepoint region: Cleanup
[2022-06-13T01:44:38.985+0000][1][safepoint    ] Leaving safepoint region
[2022-06-13T01:44:38.986+0000][1][safepoint    ] Total time for which application threads were stopped: 0.0015542 seconds, Stopping threads took: 0.0007414 seconds
[2022-06-13T01:44:39.986+0000][1][safepoint    ] Application time: 1.0001686 seconds
[2022-06-13T01:44:39.987+0000][1][safepoint    ] Entering safepoint region: Cleanup
[2022-06-13T01:44:39.987+0000][1][safepoint    ] Leaving safepoint region
[2022-06-13T01:44:39.988+0000][1][safepoint    ] Total time for which application threads were stopped: 0.0008530 seconds, Stopping threads took: 0.0004654 seconds
[2022-06-13T01:44:40.988+0000][1][safepoint    ] Application time: 1.0001866 seconds
[2022-06-13T01:44:40.989+0000][1][safepoint    ] Entering safepoint region: Cleanup
[2022-06-13T01:44:40.989+0000][1][safepoint    ] Leaving safepoint region
[2022-06-13T01:44:40.990+0000][1][safepoint    ] Total time for which application threads were stopped: 0.0010937 seconds, Stopping threads took: 0.0004673 seconds
[2022-06-13T01:44:41.991+0000][1][safepoint    ] Application time: 1.0002276 seconds
[2022-06-13T01:44:41.991+0000][1][safepoint    ] Entering safepoint region: Cleanup
[2022-06-13T01:44:41.992+0000][1][safepoint    ] Leaving safepoint region
[2022-06-13T01:44:41.992+0000][1][safepoint    ] Total time for which application threads were stopped: 0.0011233 seconds, Stopping threads took: 0.0005769 seconds
[2022-06-13T01:44:42.993+0000][1][safepoint    ] Application time: 1.0002894 seconds
[2022-06-13T01:44:42.993+0000][1][safepoint    ] Entering safepoint region: Cleanup
[2022-06-13T01:44:42.994+0000][1][safepoint    ] Leaving safepoint region
[2022-06-13T01:44:42.995+0000][1][safepoint    ] Total time for which application threads were stopped: 0.0011217 seconds, Stopping threads took: 0.0004696 seconds
[2022-06-13T01:44:43.995+0000][1][safepoint    ] Application time: 1.0003412 seconds
[2022-06-13T01:44:43.996+0000][1][safepoint    ] Entering safepoint region: Cleanup
[2022-06-13T01:44:43.997+0000][1][safepoint    ] Leaving safepoint region
[2022-06-13T01:44:43.997+0000][1][safepoint    ] Total time for which application threads were stopped: 0.0013697 seconds, Stopping threads took: 0.0006346 seconds
[2022-06-13T01:44:44.998+0000][1][safepoint    ] Application time: 1.0002058 seconds
[2022-06-13T01:44:44.999+0000][1][safepoint    ] Entering safepoint region: Cleanup
[2022-06-13T01:44:45.000+0000][1][safepoint    ] Leaving safepoint region
[2022-06-13T01:44:45.001+0000][1][safepoint    ] Total time for which application threads were stopped: 0.0015887 seconds, Stopping threads took: 0.0007436 seconds
[2022-06-13T01:44:46.002+0000][1][safepoint    ] Application time: 1.0002304 seconds
[2022-06-13T01:44:46.002+0000][1][safepoint    ] Entering safepoint region: Cleanup
[2022-06-13T01:44:46.003+0000][1][safepoint    ] Leaving safepoint region
[2022-06-13T01:44:46.003+0000][1][safepoint    ] Total time for which application threads were stopped: 0.0009905 seconds, Stopping threads took: 0.0003686 seconds
[2022-06-13T01:44:47.986+0000][1][safepoint    ] Application time: 1.9827247 seconds
[2022-06-13T01:44:47.987+0000][1][safepoint    ] Entering safepoint region: Cleanup
[2022-06-13T01:44:47.987+0000][1][safepoint    ] Leaving safepoint region
[2022-06-13T01:44:47.988+0000][1][safepoint    ] Total time for which application threads were stopped: 0.0008738 seconds, Stopping threads took: 0.0004136 seconds
[2022-06-13T01:44:48.988+0000][1][safepoint    ] Application time: 1.0002873 seconds
[2022-06-13T01:44:48.989+0000][1][safepoint    ] Entering safepoint region: Cleanup
[2022-06-13T01:44:48.989+0000][1][safepoint    ] Leaving safepoint region
[2022-06-13T01:44:48.990+0000][1][safepoint    ] Total time for which application threads were stopped: 0.0016047 seconds, Stopping threads took: 0.0005002 seconds
[2022-06-13T01:44:49.991+0000][1][safepoint    ] Application time: 1.0002366 seconds
[2022-06-13T01:44:49.992+0000][1][safepoint    ] Entering safepoint region: Cleanup
[2022-06-13T01:44:49.992+0000][1][safepoint    ] Leaving safepoint region
[2022-06-13T01:44:49.993+0000][1][safepoint    ] Total time for which application threads were stopped: 0.0011214 seconds, Stopping threads took: 0.0005736 seconds
[2022-06-13T01:44:50.993+0000][1][safepoint    ] Application time: 1.0001947 seconds
[2022-06-13T01:44:50.994+0000][1][safepoint    ] Entering safepoint region: Cleanup
[2022-06-13T01:44:50.995+0000][1][safepoint    ] Leaving safepoint region
[2022-06-13T01:44:50.996+0000][1][safepoint    ] Total time for which application threads were stopped: 0.0020535 seconds, Stopping threads took: 0.0010307 seconds
[2022-06-13T01:44:51.996+0000][1][safepoint    ] Application time: 1.0002174 seconds
[2022-06-13T01:44:51.997+0000][1][safepoint    ] Entering safepoint region: Cleanup
[2022-06-13T01:44:51.998+0000][1][safepoint    ] Leaving safepoint region
[2022-06-13T01:44:51.998+0000][1][safepoint    ] Total time for which application threads were stopped: 0.0009592 seconds, Stopping threads took: 0.0005101 seconds
[2022-06-13T01:44:52.999+0000][1][safepoint    ] Application time: 1.0003084 seconds
[2022-06-13T01:44:52.999+0000][1][safepoint    ] Entering safepoint region: Cleanup
[2022-06-13T01:44:53.000+0000][1][safepoint    ] Leaving safepoint region
[2022-06-13T01:44:53.001+0000][1][safepoint    ] Total time for which application threads were stopped: 0.0013852 seconds, Stopping threads took: 0.0006813 seconds
[2022-06-13T01:44:54.001+0000][1][safepoint    ] Application time: 1.0002407 seconds
[2022-06-13T01:44:54.002+0000][1][safepoint    ] Entering safepoint region: Cleanup
[2022-06-13T01:44:54.002+0000][1][safepoint    ] Leaving safepoint region
[2022-06-13T01:44:54.003+0000][1][safepoint    ] Total time for which application threads were stopped: 0.0010572 seconds, Stopping threads took: 0.0003995 seconds
[2022-06-13T01:44:55.004+0000][1][safepoint    ] Application time: 1.0002291 seconds
[2022-06-13T01:44:55.004+0000][1][safepoint    ] Entering safepoint region: Cleanup
[2022-06-13T01:44:55.005+0000][1][safepoint    ] Leaving safepoint region
[2022-06-13T01:44:55.005+0000][1][safepoint    ] Total time for which application threads were stopped: 0.0008412 seconds, Stopping threads took: 0.0003586 seconds
[2022-06-13T01:44:56.005+0000][1][safepoint    ] Application time: 1.0001958 seconds
[2022-06-13T01:44:56.006+0000][1][safepoint    ] Entering safepoint region: Cleanup
[2022-06-13T01:44:56.007+0000][1][safepoint    ] Leaving safepoint region
[2022-06-13T01:44:56.007+0000][1][safepoint    ] Total time for which application threads were stopped: 0.0011664 seconds, Stopping threads took: 0.0006457 seconds
[2022-06-13T01:44:57.008+0000][1][safepoint    ] Application time: 1.0002224 seconds
[2022-06-13T01:44:57.008+0000][1][safepoint    ] Entering safepoint region: Cleanup
[2022-06-13T01:44:57.010+0000][1][safepoint    ] Leaving safepoint region
[2022-06-13T01:44:57.010+0000][1][safepoint    ] Total time for which application threads were stopped: 0.0014312 seconds, Stopping threads took: 0.0010113 seconds
[2022-06-13T01:44:58.010+0000][1][safepoint    ] Application time: 1.0001507 seconds
[2022-06-13T01:44:58.011+0000][1][safepoint    ] Entering safepoint region: Cleanup
[2022-06-13T01:44:58.011+0000][1][safepoint    ] Leaving safepoint region
[2022-06-13T01:44:58.012+0000][1][safepoint    ] Total time for which application threads were stopped: 0.0007542 seconds, Stopping threads took: 0.0004084 seconds
[2022-06-13T01:44:59.012+0000][1][safepoint    ] Application time: 1.0002540 seconds
[2022-06-13T01:44:59.013+0000][1][safepoint    ] Entering safepoint region: Cleanup
[2022-06-13T01:44:59.013+0000][1][safepoint    ] Leaving safepoint region
[2022-06-13T01:44:59.014+0000][1][safepoint    ] Total time for which application threads were stopped: 0.0009410 seconds, Stopping threads took: 0.0004146 seconds
[2022-06-13T01:45:00.014+0000][1][safepoint    ] Application time: 1.0002222 seconds
[2022-06-13T01:45:00.015+0000][1][safepoint    ] Entering safepoint region: Cleanup
[2022-06-13T01:45:00.016+0000][1][safepoint    ] Leaving safepoint region
[2022-06-13T01:45:00.016+0000][1][safepoint    ] Total time for which application threads were stopped: 0.0011662 seconds, Stopping threads took: 0.0005304 seconds
[2022-06-13T01:45:01.017+0000][1][safepoint    ] Application time: 1.0003757 seconds
[2022-06-13T01:45:01.018+0000][1][safepoint    ] Entering safepoint region: Cleanup
[2022-06-13T01:45:01.018+0000][1][safepoint    ] Leaving safepoint region
[2022-06-13T01:45:01.018+0000][1][safepoint    ] Total time for which application threads were stopped: 0.0008590 seconds, Stopping threads took: 0.0003534 seconds
[2022-06-13T01:45:02.019+0000][1][safepoint    ] Application time: 1.0002810 seconds
[2022-06-13T01:45:02.020+0000][1][safepoint    ] Entering safepoint region: Cleanup
[2022-06-13T01:45:02.021+0000][1][safepoint    ] Leaving safepoint region
[2022-06-13T01:45:02.021+0000][1][safepoint    ] Total time for which application threads were stopped: 0.0013987 seconds, Stopping threads took: 0.0007975 seconds
[2022-06-13T01:45:03.022+0000][1][safepoint    ] Application time: 1.0004478 seconds
[2022-06-13T01:45:03.023+0000][1][safepoint    ] Entering safepoint region: Cleanup
[2022-06-13T01:45:03.024+0000][1][safepoint    ] Leaving safepoint region
[2022-06-13T01:45:03.025+0000][1][safepoint    ] Total time for which application threads were stopped: 0.0015524 seconds, Stopping threads took: 0.0006537 seconds
[2022-06-13T01:45:04.026+0000][1][safepoint    ] Application time: 1.0001447 seconds
[2022-06-13T01:45:04.026+0000][1][safepoint    ] Entering safepoint region: Cleanup
[2022-06-13T01:45:04.027+0000][1][safepoint    ] Leaving safepoint region
[2022-06-13T01:45:04.027+0000][1][safepoint    ] Total time for which application threads were stopped: 0.0007079 seconds, Stopping threads took: 0.0002996 seconds
[2022-06-13T01:45:05.000+0000][1][safepoint    ] Application time: 0.9730208 seconds
[2022-06-13T01:45:05.001+0000][1][safepoint    ] Entering safepoint region: RevokeBias
[2022-06-13T01:45:05.001+0000][1][safepoint    ] Leaving safepoint region
[2022-06-13T01:45:05.002+0000][1][safepoint    ] Total time for which application threads were stopped: 0.0010289 seconds, Stopping threads took: 0.0004221 seconds
[2022-06-13T01:45:06.002+0000][1][safepoint    ] Application time: 1.0003688 seconds
[2022-06-13T01:45:06.003+0000][1][safepoint    ] Entering safepoint region: Cleanup
[2022-06-13T01:45:06.004+0000][1][safepoint    ] Leaving safepoint region
[2022-06-13T01:45:06.004+0000][1][safepoint    ] Total time for which application threads were stopped: 0.0012463 seconds, Stopping threads took: 0.0006116 seconds
[2022-06-13T01:45:07.005+0000][1][safepoint    ] Application time: 1.0004325 seconds
[2022-06-13T01:45:07.006+0000][1][safepoint    ] Entering safepoint region: Cleanup
[2022-06-13T01:45:07.007+0000][1][safepoint    ] Leaving safepoint region
[2022-06-13T01:45:07.008+0000][1][safepoint    ] Total time for which application threads were stopped: 0.0017778 seconds, Stopping threads took: 0.0008870 seconds
[2022-06-13T01:45:08.009+0000][1][safepoint    ] Application time: 1.0001684 seconds
[2022-06-13T01:45:08.009+0000][1][safepoint    ] Entering safepoint region: Cleanup
[2022-06-13T01:45:08.009+0000][1][safepoint    ] Leaving safepoint region
[2022-06-13T01:45:08.010+0000][1][safepoint    ] Total time for which application threads were stopped: 0.0006126 seconds, Stopping threads took: 0.0002538 seconds
[2022-06-13T01:45:09.010+0000][1][safepoint    ] Application time: 1.0001248 seconds
[2022-06-13T01:45:09.010+0000][1][safepoint    ] Entering safepoint region: Cleanup
[2022-06-13T01:45:09.011+0000][1][safepoint    ] Leaving safepoint region
[2022-06-13T01:45:09.012+0000][1][safepoint    ] Total time for which application threads were stopped: 0.0012562 seconds, Stopping threads took: 0.0003093 seconds
[2022-06-13T01:45:10.012+0000][1][safepoint    ] Application time: 1.0003641 seconds
[2022-06-13T01:45:10.013+0000][1][safepoint    ] Entering safepoint region: Cleanup
[2022-06-13T01:45:10.014+0000][1][safepoint    ] Leaving safepoint region
[2022-06-13T01:45:10.014+0000][1][safepoint    ] Total time for which application threads were stopped: 0.0009404 seconds, Stopping threads took: 0.0005704 seconds
[2022-06-13T01:45:11.014+0000][1][safepoint    ] Application time: 1.0001439 seconds
[2022-06-13T01:45:11.015+0000][1][safepoint    ] Entering safepoint region: Cleanup
[2022-06-13T01:45:11.016+0000][1][safepoint    ] Leaving safepoint region
[2022-06-13T01:45:11.016+0000][1][safepoint    ] Total time for which application threads were stopped: 0.0014984 seconds, Stopping threads took: 0.0009783 seconds
[2022-06-13T01:45:12.017+0000][1][safepoint    ] Application time: 1.0003763 seconds
[2022-06-13T01:45:12.018+0000][1][safepoint    ] Entering safepoint region: Cleanup
[2022-06-13T01:45:12.019+0000][1][safepoint    ] Leaving safepoint region
[2022-06-13T01:45:12.019+0000][1][safepoint    ] Total time for which application threads were stopped: 0.0013051 seconds, Stopping threads took: 0.0004306 seconds
[2022-06-13T01:45:13.020+0000][1][safepoint    ] Application time: 1.0002851 seconds
[2022-06-13T01:45:13.021+0000][1][safepoint    ] Entering safepoint region: Cleanup
[2022-06-13T01:45:13.021+0000][1][safepoint    ] Leaving safepoint region
[2022-06-13T01:45:13.021+0000][1][safepoint    ] Total time for which application threads were stopped: 0.0007136 seconds, Stopping threads took: 0.0003734 seconds
[2022-06-13T01:45:14.022+0000][1][safepoint    ] Application time: 1.0002763 seconds
[2022-06-13T01:45:14.023+0000][1][safepoint    ] Entering safepoint region: Cleanup
[2022-06-13T01:45:14.023+0000][1][safepoint    ] Leaving safepoint region
[2022-06-13T01:45:14.024+0000][1][safepoint    ] Total time for which application threads were stopped: 0.0013611 seconds, Stopping threads took: 0.0005439 seconds
[2022-06-13T01:45:15.025+0000][1][safepoint    ] Application time: 1.0002556 seconds
[2022-06-13T01:45:15.025+0000][1][safepoint    ] Entering safepoint region: Cleanup
[2022-06-13T01:45:15.026+0000][1][safepoint    ] Leaving safepoint region
[2022-06-13T01:45:15.027+0000][1][safepoint    ] Total time for which application threads were stopped: 0.0016634 seconds, Stopping threads took: 0.0006029 seconds
[2022-06-13T01:45:16.028+0000][1][safepoint    ] Application time: 1.0002308 seconds
[2022-06-13T01:45:16.028+0000][1][safepoint    ] Entering safepoint region: Cleanup
[2022-06-13T01:45:16.029+0000][1][safepoint    ] Leaving safepoint region
[2022-06-13T01:45:16.030+0000][1][safepoint    ] Total time for which application threads were stopped: 0.0013598 seconds, Stopping threads took: 0.0004375 seconds
[2022-06-13T01:45:17.030+0000][1][safepoint    ] Application time: 1.0003255 seconds
[2022-06-13T01:45:17.031+0000][1][safepoint    ] Entering safepoint region: Cleanup
[2022-06-13T01:45:17.032+0000][1][safepoint    ] Leaving safepoint region
[2022-06-13T01:45:17.033+0000][1][safepoint    ] Total time for which application threads were stopped: 0.0017785 seconds, Stopping threads took: 0.0007667 seconds
[2022-06-13T01:45:18.034+0000][1][safepoint    ] Application time: 1.0004389 seconds
[2022-06-13T01:45:18.034+0000][1][safepoint    ] Entering safepoint region: Cleanup
[2022-06-13T01:45:18.035+0000][1][safepoint    ] Leaving safepoint region
[2022-06-13T01:45:18.035+0000][1][safepoint    ] Total time for which application threads were stopped: 0.0009117 seconds, Stopping threads took: 0.0005054 seconds
[2022-06-13T01:45:19.036+0000][1][safepoint    ] Application time: 1.0001276 seconds
[2022-06-13T01:45:19.036+0000][1][safepoint    ] Entering safepoint region: Cleanup
[2022-06-13T01:45:19.037+0000][1][safepoint    ] Leaving safepoint region
[2022-06-13T01:45:19.037+0000][1][safepoint    ] Total time for which application threads were stopped: 0.0011070 seconds, Stopping threads took: 0.0005731 seconds
[2022-06-13T01:45:20.038+0000][1][safepoint    ] Application time: 1.0003051 seconds
[2022-06-13T01:45:20.038+0000][1][safepoint    ] Entering safepoint region: Cleanup
[2022-06-13T01:45:20.039+0000][1][safepoint    ] Leaving safepoint region
[2022-06-13T01:45:20.039+0000][1][safepoint    ] Total time for which application threads were stopped: 0.0007931 seconds, Stopping threads took: 0.0003571 seconds
[2022-06-13T01:45:21.040+0000][1][safepoint    ] Application time: 1.0001441 seconds
[2022-06-13T01:45:21.040+0000][1][safepoint    ] Entering safepoint region: Cleanup
[2022-06-13T01:45:21.041+0000][1][safepoint    ] Leaving safepoint region
[2022-06-13T01:45:21.041+0000][1][safepoint    ] Total time for which application threads were stopped: 0.0007381 seconds, Stopping threads took: 0.0003553 seconds
[2022-06-13T01:45:22.041+0000][1][safepoint    ] Application time: 1.0002220 seconds
[2022-06-13T01:45:22.042+0000][1][safepoint    ] Entering safepoint region: Cleanup
[2022-06-13T01:45:22.042+0000][1][safepoint    ] Leaving safepoint region
[2022-06-13T01:45:22.043+0000][1][safepoint    ] Total time for which application threads were stopped: 0.0010290 seconds, Stopping threads took: 0.0005453 seconds
[2022-06-13T01:45:23.043+0000][1][safepoint    ] Application time: 1.0000936 seconds
[2022-06-13T01:45:23.044+0000][1][safepoint    ] Entering safepoint region: Cleanup
[2022-06-13T01:45:23.045+0000][1][safepoint    ] Leaving safepoint region
[2022-06-13T01:45:23.045+0000][1][safepoint    ] Total time for which application threads were stopped: 0.0015128 seconds, Stopping threads took: 0.0007643 seconds
[2022-06-13T01:45:24.046+0000][1][safepoint    ] Application time: 1.0001533 seconds
[2022-06-13T01:45:24.047+0000][1][safepoint    ] Entering safepoint region: Cleanup
[2022-06-13T01:45:24.047+0000][1][safepoint    ] Leaving safepoint region
[2022-06-13T01:45:24.048+0000][1][safepoint    ] Total time for which application threads were stopped: 0.0009298 seconds, Stopping threads took: 0.0003744 seconds
[2022-06-13T01:45:25.048+0000][1][safepoint    ] Application time: 1.0002516 seconds
[2022-06-13T01:45:25.049+0000][1][safepoint    ] Entering safepoint region: Cleanup
[2022-06-13T01:45:25.049+0000][1][safepoint    ] Leaving safepoint region
[2022-06-13T01:45:25.050+0000][1][safepoint    ] Total time for which application threads were stopped: 0.0007985 seconds, Stopping threads took: 0.0003546 seconds
[2022-06-13T01:45:26.050+0000][1][safepoint    ] Application time: 1.0002490 seconds
[2022-06-13T01:45:26.051+0000][1][safepoint    ] Entering safepoint region: Cleanup
[2022-06-13T01:45:26.052+0000][1][safepoint    ] Leaving safepoint region
[2022-06-13T01:45:26.053+0000][1][safepoint    ] Total time for which application threads were stopped: 0.0016890 seconds, Stopping threads took: 0.0009519 seconds
[2022-06-13T01:45:27.054+0000][1][safepoint    ] Application time: 1.0001242 seconds
[2022-06-13T01:45:27.054+0000][1][safepoint    ] Entering safepoint region: Cleanup
[2022-06-13T01:45:27.054+0000][1][safepoint    ] Leaving safepoint region
[2022-06-13T01:45:27.054+0000][1][safepoint    ] Total time for which application threads were stopped: 0.0005480 seconds, Stopping threads took: 0.0002547 seconds
[2022-06-13T01:45:28.055+0000][1][safepoint    ] Application time: 1.0001326 seconds
[2022-06-13T01:45:28.055+0000][1][safepoint    ] Entering safepoint region: Cleanup
[2022-06-13T01:45:28.056+0000][1][safepoint    ] Leaving safepoint region
[2022-06-13T01:45:28.056+0000][1][safepoint    ] Total time for which application threads were stopped: 0.0007430 seconds, Stopping threads took: 0.0003249 seconds
[2022-06-13T01:45:29.057+0000][1][safepoint    ] Application time: 1.0001535 seconds
[2022-06-13T01:45:29.057+0000][1][safepoint    ] Entering safepoint region: Cleanup
[2022-06-13T01:45:29.058+0000][1][safepoint    ] Leaving safepoint region
[2022-06-13T01:45:29.058+0000][1][safepoint    ] Total time for which application threads were stopped: 0.0011321 seconds, Stopping threads took: 0.0006107 seconds
[2022-06-13T01:45:30.059+0000][1][safepoint    ] Application time: 1.0002624 seconds
[2022-06-13T01:45:30.059+0000][1][safepoint    ] Entering safepoint region: Cleanup
[2022-06-13T01:45:30.060+0000][1][safepoint    ] Leaving safepoint region
[2022-06-13T01:45:30.060+0000][1][safepoint    ] Total time for which application threads were stopped: 0.0010012 seconds, Stopping threads took: 0.0004718 seconds
[2022-06-13T01:45:31.061+0000][1][safepoint    ] Application time: 1.0001777 seconds
[2022-06-13T01:45:31.062+0000][1][safepoint    ] Entering safepoint region: Cleanup
[2022-06-13T01:45:31.063+0000][1][safepoint    ] Leaving safepoint region
[2022-06-13T01:45:31.063+0000][1][safepoint    ] Total time for which application threads were stopped: 0.0009436 seconds, Stopping threads took: 0.0004382 seconds
[2022-06-13T01:45:32.063+0000][1][safepoint    ] Application time: 1.0001901 seconds
[2022-06-13T01:45:32.064+0000][1][safepoint    ] Entering safepoint region: Cleanup
[2022-06-13T01:45:32.064+0000][1][safepoint    ] Leaving safepoint region
[2022-06-13T01:45:32.065+0000][1][safepoint    ] Total time for which application threads were stopped: 0.0008920 seconds, Stopping threads took: 0.0004140 seconds
[2022-06-13T01:45:33.065+0000][1][safepoint    ] Application time: 1.0001908 seconds
[2022-06-13T01:45:33.066+0000][1][safepoint    ] Entering safepoint region: Cleanup
[2022-06-13T01:45:33.067+0000][1][safepoint    ] Leaving safepoint region
[2022-06-13T01:45:33.067+0000][1][safepoint    ] Total time for which application threads were stopped: 0.0010660 seconds, Stopping threads took: 0.0004884 seconds
[2022-06-13T01:45:34.068+0000][1][safepoint    ] Application time: 1.0003456 seconds
[2022-06-13T01:45:34.068+0000][1][safepoint    ] Entering safepoint region: Cleanup
[2022-06-13T01:45:34.069+0000][1][safepoint    ] Leaving safepoint region
[2022-06-13T01:45:34.069+0000][1][safepoint    ] Total time for which application threads were stopped: 0.0009475 seconds, Stopping threads took: 0.0003123 seconds
[2022-06-13T01:45:35.070+0000][1][safepoint    ] Application time: 1.0002038 seconds
[2022-06-13T01:45:35.071+0000][1][safepoint    ] Entering safepoint region: Cleanup
[2022-06-13T01:45:35.072+0000][1][safepoint    ] Leaving safepoint region
[2022-06-13T01:45:35.073+0000][1][safepoint    ] Total time for which application threads were stopped: 0.0019127 seconds, Stopping threads took: 0.0008469 seconds
[2022-06-13T01:45:36.074+0000][1][safepoint    ] Application time: 1.0003211 seconds
[2022-06-13T01:45:36.074+0000][1][safepoint    ] Entering safepoint region: Cleanup
[2022-06-13T01:45:36.075+0000][1][safepoint    ] Leaving safepoint region
[2022-06-13T01:45:36.075+0000][1][safepoint    ] Total time for which application threads were stopped: 0.0009028 seconds, Stopping threads took: 0.0005456 seconds
[2022-06-13T01:45:38.035+0000][1][safepoint    ] Application time: 1.9600751 seconds
[2022-06-13T01:45:38.036+0000][1][safepoint    ] Entering safepoint region: Cleanup
[2022-06-13T01:45:38.037+0000][1][safepoint    ] Leaving safepoint region
[2022-06-13T01:45:38.038+0000][1][safepoint    ] Total time for which application threads were stopped: 0.0014821 seconds, Stopping threads took: 0.0007212 seconds
[2022-06-13T01:45:39.039+0000][1][safepoint    ] Application time: 1.0003326 seconds
[2022-06-13T01:45:39.040+0000][1][safepoint    ] Entering safepoint region: Cleanup
[2022-06-13T01:45:39.040+0000][1][safepoint    ] Leaving safepoint region
[2022-06-13T01:45:39.040+0000][1][safepoint    ] Total time for which application threads were stopped: 0.0009208 seconds, Stopping threads took: 0.0004740 seconds
[2022-06-13T01:45:40.041+0000][1][safepoint    ] Application time: 1.0001549 seconds
[2022-06-13T01:45:40.042+0000][1][safepoint    ] Entering safepoint region: Cleanup
[2022-06-13T01:45:40.042+0000][1][safepoint    ] Leaving safepoint region
[2022-06-13T01:45:40.043+0000][1][safepoint    ] Total time for which application threads were stopped: 0.0010770 seconds, Stopping threads took: 0.0004661 seconds
[2022-06-13T01:45:41.043+0000][1][safepoint    ] Application time: 1.0001921 seconds
[2022-06-13T01:45:41.044+0000][1][safepoint    ] Entering safepoint region: Cleanup
[2022-06-13T01:45:41.045+0000][1][safepoint    ] Leaving safepoint region
[2022-06-13T01:45:41.045+0000][1][safepoint    ] Total time for which application threads were stopped: 0.0011184 seconds, Stopping threads took: 0.0005516 seconds
[2022-06-13T01:45:42.046+0000][1][safepoint    ] Application time: 1.0002621 seconds
[2022-06-13T01:45:42.046+0000][1][safepoint    ] Entering safepoint region: Cleanup
[2022-06-13T01:45:42.047+0000][1][safepoint    ] Leaving safepoint region
[2022-06-13T01:45:42.047+0000][1][safepoint    ] Total time for which application threads were stopped: 0.0010350 seconds, Stopping threads took: 0.0003438 seconds
[2022-06-13T01:45:43.048+0000][1][safepoint    ] Application time: 1.0002836 seconds
[2022-06-13T01:45:43.049+0000][1][safepoint    ] Entering safepoint region: Cleanup
[2022-06-13T01:45:43.049+0000][1][safepoint    ] Leaving safepoint region
[2022-06-13T01:45:43.050+0000][1][safepoint    ] Total time for which application threads were stopped: 0.0008844 seconds, Stopping threads took: 0.0002636 seconds
[2022-06-13T01:45:44.050+0000][1][safepoint    ] Application time: 1.0001414 seconds
[2022-06-13T01:45:44.051+0000][1][safepoint    ] Entering safepoint region: Cleanup
[2022-06-13T01:45:44.052+0000][1][safepoint    ] Leaving safepoint region
[2022-06-13T01:45:44.053+0000][1][safepoint    ] Total time for which application threads were stopped: 0.0016898 seconds, Stopping threads took: 0.0007790 seconds
[2022-06-13T01:45:45.054+0000][1][safepoint    ] Application time: 1.0001882 seconds
[2022-06-13T01:45:45.054+0000][1][safepoint    ] Entering safepoint region: Cleanup
[2022-06-13T01:45:45.055+0000][1][safepoint    ] Leaving safepoint region
[2022-06-13T01:45:45.055+0000][1][safepoint    ] Total time for which application threads were stopped: 0.0009837 seconds, Stopping threads took: 0.0004613 seconds
[2022-06-13T01:45:46.056+0000][1][safepoint    ] Application time: 1.0001856 seconds
[2022-06-13T01:45:46.057+0000][1][safepoint    ] Entering safepoint region: Cleanup
[2022-06-13T01:45:46.057+0000][1][safepoint    ] Leaving safepoint region
[2022-06-13T01:45:46.058+0000][1][safepoint    ] Total time for which application threads were stopped: 0.0012364 seconds, Stopping threads took: 0.0005675 seconds
[2022-06-13T01:45:47.058+0000][1][safepoint    ] Application time: 1.0001051 seconds
[2022-06-13T01:45:47.059+0000][1][safepoint    ] Entering safepoint region: Cleanup
[2022-06-13T01:45:47.060+0000][1][safepoint    ] Leaving safepoint region
[2022-06-13T01:45:47.060+0000][1][safepoint    ] Total time for which application threads were stopped: 0.0012617 seconds, Stopping threads took: 0.0006516 seconds
[2022-06-13T01:45:48.061+0000][1][safepoint    ] Application time: 1.0002853 seconds
[2022-06-13T01:45:48.062+0000][1][safepoint    ] Entering safepoint region: Cleanup
[2022-06-13T01:45:48.063+0000][1][safepoint    ] Leaving safepoint region
[2022-06-13T01:45:48.064+0000][1][safepoint    ] Total time for which application threads were stopped: 0.0015795 seconds, Stopping threads took: 0.0008408 seconds
[2022-06-13T01:45:49.065+0000][1][safepoint    ] Application time: 1.0002856 seconds
[2022-06-13T01:45:49.065+0000][1][safepoint    ] Entering safepoint region: Cleanup
[2022-06-13T01:45:49.066+0000][1][safepoint    ] Leaving safepoint region
[2022-06-13T01:45:49.067+0000][1][safepoint    ] Total time for which application threads were stopped: 0.0013036 seconds, Stopping threads took: 0.0003721 seconds
[2022-06-13T01:45:50.067+0000][1][safepoint    ] Application time: 1.0002147 seconds
[2022-06-13T01:45:50.068+0000][1][safepoint    ] Entering safepoint region: Cleanup
[2022-06-13T01:45:50.069+0000][1][safepoint    ] Leaving safepoint region
[2022-06-13T01:45:50.069+0000][1][safepoint    ] Total time for which application threads were stopped: 0.0012076 seconds, Stopping threads took: 0.0004694 seconds
[2022-06-13T01:45:51.070+0000][1][safepoint    ] Application time: 1.0002357 seconds
[2022-06-13T01:45:51.071+0000][1][safepoint    ] Entering safepoint region: Cleanup
[2022-06-13T01:45:51.072+0000][1][safepoint    ] Leaving safepoint region
[2022-06-13T01:45:51.073+0000][1][safepoint    ] Total time for which application threads were stopped: 0.0016111 seconds, Stopping threads took: 0.0007065 seconds
[2022-06-13T01:45:52.074+0000][1][safepoint    ] Application time: 1.0002972 seconds
[2022-06-13T01:45:52.074+0000][1][safepoint    ] Entering safepoint region: Cleanup
[2022-06-13T01:45:52.075+0000][1][safepoint    ] Leaving safepoint region
[2022-06-13T01:45:52.076+0000][1][safepoint    ] Total time for which application threads were stopped: 0.0015987 seconds, Stopping threads took: 0.0007314 seconds
[2022-06-13T01:45:53.077+0000][1][safepoint    ] Application time: 1.0003091 seconds
[2022-06-13T01:45:53.078+0000][1][safepoint    ] Entering safepoint region: Cleanup
[2022-06-13T01:45:53.078+0000][1][safepoint    ] Leaving safepoint region
[2022-06-13T01:45:53.079+0000][1][safepoint    ] Total time for which application threads were stopped: 0.0010943 seconds, Stopping threads took: 0.0005394 seconds
[2022-06-13T01:45:54.080+0000][1][safepoint    ] Application time: 1.0003345 seconds
[2022-06-13T01:45:54.081+0000][1][safepoint    ] Entering safepoint region: Cleanup
[2022-06-13T01:45:54.081+0000][1][safepoint    ] Leaving safepoint region
[2022-06-13T01:45:54.081+0000][1][safepoint    ] Total time for which application threads were stopped: 0.0005349 seconds, Stopping threads took: 0.0002339 seconds
[2022-06-13T01:45:55.081+0000][1][safepoint    ] Application time: 1.0001345 seconds
[2022-06-13T01:45:55.082+0000][1][safepoint    ] Entering safepoint region: Cleanup
[2022-06-13T01:45:55.082+0000][1][safepoint    ] Leaving safepoint region
[2022-06-13T01:45:55.083+0000][1][safepoint    ] Total time for which application threads were stopped: 0.0006589 seconds, Stopping threads took: 0.0002926 seconds
[2022-06-13T01:45:56.083+0000][1][safepoint    ] Application time: 1.0003787 seconds
[2022-06-13T01:45:56.084+0000][1][safepoint    ] Entering safepoint region: Cleanup
[2022-06-13T01:45:56.085+0000][1][safepoint    ] Leaving safepoint region
[2022-06-13T01:45:56.086+0000][1][safepoint    ] Total time for which application threads were stopped: 0.0015565 seconds, Stopping threads took: 0.0007064 seconds
[2022-06-13T01:45:57.087+0000][1][safepoint    ] Application time: 1.0003838 seconds
[2022-06-13T01:45:57.088+0000][1][safepoint    ] Entering safepoint region: Cleanup
[2022-06-13T01:45:57.089+0000][1][safepoint    ] Leaving safepoint region
[2022-06-13T01:45:57.089+0000][1][safepoint    ] Total time for which application threads were stopped: 0.0012255 seconds, Stopping threads took: 0.0006200 seconds
[2022-06-13T01:45:58.090+0000][1][safepoint    ] Application time: 1.0005754 seconds
[2022-06-13T01:45:58.091+0000][1][safepoint    ] Entering safepoint region: Cleanup
[2022-06-13T01:45:58.092+0000][1][safepoint    ] Leaving safepoint region
[2022-06-13T01:45:58.093+0000][1][safepoint    ] Total time for which application threads were stopped: 0.0015477 seconds, Stopping threads took: 0.0007259 seconds
[2022-06-13T01:45:59.094+0000][1][safepoint    ] Application time: 1.0003452 seconds
[2022-06-13T01:45:59.095+0000][1][safepoint    ] Entering safepoint region: Cleanup
[2022-06-13T01:45:59.096+0000][1][safepoint    ] Leaving safepoint region
[2022-06-13T01:45:59.096+0000][1][safepoint    ] Total time for which application threads were stopped: 0.0009531 seconds, Stopping threads took: 0.0005091 seconds
[2022-06-13T01:46:00.096+0000][1][safepoint    ] Application time: 1.0002404 seconds
[2022-06-13T01:46:00.097+0000][1][safepoint    ] Entering safepoint region: Cleanup
[2022-06-13T01:46:00.098+0000][1][safepoint    ] Leaving safepoint region
[2022-06-13T01:46:00.098+0000][1][safepoint    ] Total time for which application threads were stopped: 0.0013352 seconds, Stopping threads took: 0.0005541 seconds
[2022-06-13T01:46:01.099+0000][1][safepoint    ] Application time: 1.0003747 seconds
[2022-06-13T01:46:01.100+0000][1][safepoint    ] Entering safepoint region: Cleanup
[2022-06-13T01:46:01.101+0000][1][safepoint    ] Leaving safepoint region
[2022-06-13T01:46:01.101+0000][1][safepoint    ] Total time for which application threads were stopped: 0.0010134 seconds, Stopping threads took: 0.0005100 seconds
[2022-06-13T01:46:02.102+0000][1][safepoint    ] Application time: 1.0001872 seconds
[2022-06-13T01:46:02.102+0000][1][safepoint    ] Entering safepoint region: Cleanup
[2022-06-13T01:46:02.103+0000][1][safepoint    ] Leaving safepoint region
[2022-06-13T01:46:02.104+0000][1][safepoint    ] Total time for which application threads were stopped: 0.0017950 seconds, Stopping threads took: 0.0008412 seconds
[2022-06-13T01:46:03.105+0000][1][safepoint    ] Application time: 1.0002027 seconds
[2022-06-13T01:46:03.106+0000][1][safepoint    ] Entering safepoint region: Cleanup
[2022-06-13T01:46:03.106+0000][1][safepoint    ] Leaving safepoint region
[2022-06-13T01:46:03.107+0000][1][safepoint    ] Total time for which application threads were stopped: 0.0009345 seconds, Stopping threads took: 0.0003456 seconds
[2022-06-13T01:46:04.107+0000][1][safepoint    ] Application time: 1.0001431 seconds
[2022-06-13T01:46:04.108+0000][1][safepoint    ] Entering safepoint region: Cleanup
[2022-06-13T01:46:04.109+0000][1][safepoint    ] Leaving safepoint region
[2022-06-13T01:46:04.109+0000][1][safepoint    ] Total time for which application threads were stopped: 0.0011265 seconds, Stopping threads took: 0.0006083 seconds
[2022-06-13T01:46:05.110+0000][1][safepoint    ] Application time: 1.0002220 seconds
[2022-06-13T01:46:05.111+0000][1][safepoint    ] Entering safepoint region: Cleanup
[2022-06-13T01:46:05.112+0000][1][safepoint    ] Leaving safepoint region
[2022-06-13T01:46:05.112+0000][1][safepoint    ] Total time for which application threads were stopped: 0.0012164 seconds, Stopping threads took: 0.0005120 seconds
[2022-06-13T01:46:06.113+0000][1][safepoint    ] Application time: 1.0002091 seconds
[2022-06-13T01:46:06.114+0000][1][safepoint    ] Entering safepoint region: Cleanup
[2022-06-13T01:46:06.115+0000][1][safepoint    ] Leaving safepoint region
[2022-06-13T01:46:06.115+0000][1][safepoint    ] Total time for which application threads were stopped: 0.0013439 seconds, Stopping threads took: 0.0005519 seconds
[2022-06-13T01:46:07.116+0000][1][safepoint    ] Application time: 1.0002886 seconds
[2022-06-13T01:46:07.117+0000][1][safepoint    ] Entering safepoint region: Cleanup
[2022-06-13T01:46:07.117+0000][1][safepoint    ] Leaving safepoint region
[2022-06-13T01:46:07.118+0000][1][safepoint    ] Total time for which application threads were stopped: 0.0009302 seconds, Stopping threads took: 0.0004483 seconds
[2022-06-13T01:46:08.118+0000][1][safepoint    ] Application time: 1.0003174 seconds
[2022-06-13T01:46:08.119+0000][1][safepoint    ] Entering safepoint region: Cleanup
[2022-06-13T01:46:08.120+0000][1][safepoint    ] Leaving safepoint region
[2022-06-13T01:46:08.120+0000][1][safepoint    ] Total time for which application threads were stopped: 0.0007463 seconds, Stopping threads took: 0.0002646 seconds
[2022-06-13T01:46:09.121+0000][1][safepoint    ] Application time: 1.0002370 seconds
[2022-06-13T01:46:09.122+0000][1][safepoint    ] Entering safepoint region: Cleanup
[2022-06-13T01:46:09.122+0000][1][safepoint    ] Leaving safepoint region
[2022-06-13T01:46:09.123+0000][1][safepoint    ] Total time for which application threads were stopped: 0.0010959 seconds, Stopping threads took: 0.0004097 seconds
[2022-06-13T01:46:10.123+0000][1][safepoint    ] Application time: 1.0002009 seconds
[2022-06-13T01:46:10.124+0000][1][safepoint    ] Entering safepoint region: Cleanup
[2022-06-13T01:46:10.125+0000][1][safepoint    ] Leaving safepoint region
[2022-06-13T01:46:10.125+0000][1][safepoint    ] Total time for which application threads were stopped: 0.0011375 seconds, Stopping threads took: 0.0004443 seconds
[2022-06-13T01:46:11.126+0000][1][safepoint    ] Application time: 1.0002467 seconds
[2022-06-13T01:46:11.126+0000][1][safepoint    ] Entering safepoint region: Cleanup
[2022-06-13T01:46:11.127+0000][1][safepoint    ] Leaving safepoint region
[2022-06-13T01:46:11.127+0000][1][safepoint    ] Total time for which application threads were stopped: 0.0011080 seconds, Stopping threads took: 0.0004129 seconds
[2022-06-13T01:46:12.128+0000][1][safepoint    ] Application time: 1.0003543 seconds
[2022-06-13T01:46:12.129+0000][1][safepoint    ] Entering safepoint region: Cleanup
[2022-06-13T01:46:12.130+0000][1][safepoint    ] Leaving safepoint region
[2022-06-13T01:46:12.130+0000][1][safepoint    ] Total time for which application threads were stopped: 0.0012603 seconds, Stopping threads took: 0.0004902 seconds
[2022-06-13T01:46:13.131+0000][1][safepoint    ] Application time: 1.0002726 seconds
[2022-06-13T01:46:13.132+0000][1][safepoint    ] Entering safepoint region: Cleanup
[2022-06-13T01:46:13.133+0000][1][safepoint    ] Leaving safepoint region
[2022-06-13T01:46:13.134+0000][1][safepoint    ] Total time for which application threads were stopped: 0.0015568 seconds, Stopping threads took: 0.0006437 seconds
[2022-06-13T01:46:14.135+0000][1][safepoint    ] Application time: 1.0003139 seconds
[2022-06-13T01:46:14.136+0000][1][safepoint    ] Entering safepoint region: Cleanup
[2022-06-13T01:46:14.136+0000][1][safepoint    ] Leaving safepoint region
[2022-06-13T01:46:14.137+0000][1][safepoint    ] Total time for which application threads were stopped: 0.0011345 seconds, Stopping threads took: 0.0004624 seconds
[2022-06-13T01:46:15.137+0000][1][safepoint    ] Application time: 1.0001450 seconds
[2022-06-13T01:46:15.138+0000][1][safepoint    ] Entering safepoint region: Cleanup
[2022-06-13T01:46:15.138+0000][1][safepoint    ] Leaving safepoint region
[2022-06-13T01:46:15.139+0000][1][safepoint    ] Total time for which application threads were stopped: 0.0008251 seconds, Stopping threads took: 0.0003756 seconds
[2022-06-13T01:46:16.139+0000][1][safepoint    ] Application time: 1.0003758 seconds
[2022-06-13T01:46:16.140+0000][1][safepoint    ] Entering safepoint region: Cleanup
[2022-06-13T01:46:16.141+0000][1][safepoint    ] Leaving safepoint region
[2022-06-13T01:46:16.142+0000][1][safepoint    ] Total time for which application threads were stopped: 0.0016243 seconds, Stopping threads took: 0.0007183 seconds
[2022-06-13T01:46:17.142+0000][1][safepoint    ] Application time: 1.0003008 seconds
[2022-06-13T01:46:17.144+0000][1][safepoint    ] Entering safepoint region: Cleanup
[2022-06-13T01:46:17.145+0000][1][safepoint    ] Leaving safepoint region
[2022-06-13T01:46:17.145+0000][1][safepoint    ] Total time for which application threads were stopped: 0.0017610 seconds, Stopping threads took: 0.0009216 seconds
[2022-06-13T01:46:18.146+0000][1][safepoint    ] Application time: 1.0003769 seconds
[2022-06-13T01:46:18.147+0000][1][safepoint    ] Entering safepoint region: Cleanup
[2022-06-13T01:46:18.148+0000][1][safepoint    ] Leaving safepoint region
[2022-06-13T01:46:18.148+0000][1][safepoint    ] Total time for which application threads were stopped: 0.0009721 seconds, Stopping threads took: 0.0003956 seconds
[2022-06-13T01:46:19.149+0000][1][safepoint    ] Application time: 1.0003032 seconds
[2022-06-13T01:46:19.149+0000][1][safepoint    ] Entering safepoint region: Cleanup
[2022-06-13T01:46:19.150+0000][1][safepoint    ] Leaving safepoint region
[2022-06-13T01:46:19.151+0000][1][safepoint    ] Total time for which application threads were stopped: 0.0014685 seconds, Stopping threads took: 0.0006262 seconds
[2022-06-13T01:46:20.152+0000][1][safepoint    ] Application time: 1.0002816 seconds
[2022-06-13T01:46:20.152+0000][1][safepoint    ] Entering safepoint region: Cleanup
[2022-06-13T01:46:20.153+0000][1][safepoint    ] Leaving safepoint region
[2022-06-13T01:46:20.153+0000][1][safepoint    ] Total time for which application threads were stopped: 0.0010002 seconds, Stopping threads took: 0.0004315 seconds
[2022-06-13T01:46:21.154+0000][1][safepoint    ] Application time: 1.0004107 seconds
[2022-06-13T01:46:21.155+0000][1][safepoint    ] Entering safepoint region: Cleanup
[2022-06-13T01:46:21.156+0000][1][safepoint    ] Leaving safepoint region
[2022-06-13T01:46:21.157+0000][1][safepoint    ] Total time for which application threads were stopped: 0.0020728 seconds, Stopping threads took: 0.0012060 seconds
[2022-06-13T01:46:22.158+0000][1][safepoint    ] Application time: 1.0003377 seconds
[2022-06-13T01:46:22.159+0000][1][safepoint    ] Entering safepoint region: Cleanup
[2022-06-13T01:46:22.160+0000][1][safepoint    ] Leaving safepoint region
[2022-06-13T01:46:22.161+0000][1][safepoint    ] Total time for which application threads were stopped: 0.0017156 seconds, Stopping threads took: 0.0009037 seconds
[2022-06-13T01:46:23.162+0000][1][safepoint    ] Application time: 1.0002692 seconds
[2022-06-13T01:46:23.163+0000][1][safepoint    ] Entering safepoint region: Cleanup
[2022-06-13T01:46:23.164+0000][1][safepoint    ] Leaving safepoint region
[2022-06-13T01:46:23.165+0000][1][safepoint    ] Total time for which application threads were stopped: 0.0018956 seconds, Stopping threads took: 0.0008463 seconds
[2022-06-13T01:46:24.166+0000][1][safepoint    ] Application time: 1.0002045 seconds
[2022-06-13T01:46:24.166+0000][1][safepoint    ] Entering safepoint region: Cleanup
[2022-06-13T01:46:24.166+0000][1][safepoint    ] Leaving safepoint region
[2022-06-13T01:46:24.167+0000][1][safepoint    ] Total time for which application threads were stopped: 0.0009253 seconds, Stopping threads took: 0.0003670 seconds
[2022-06-13T01:46:25.167+0000][1][safepoint    ] Application time: 1.0001833 seconds
[2022-06-13T01:46:25.168+0000][1][safepoint    ] Entering safepoint region: Cleanup
[2022-06-13T01:46:25.169+0000][1][safepoint    ] Leaving safepoint region
[2022-06-13T01:46:25.169+0000][1][safepoint    ] Total time for which application threads were stopped: 0.0010689 seconds, Stopping threads took: 0.0004591 seconds
[2022-06-13T01:46:26.170+0000][1][safepoint    ] Application time: 1.0001696 seconds
[2022-06-13T01:46:26.171+0000][1][safepoint    ] Entering safepoint region: Cleanup
[2022-06-13T01:46:26.171+0000][1][safepoint    ] Leaving safepoint region
[2022-06-13T01:46:26.171+0000][1][safepoint    ] Total time for which application threads were stopped: 0.0007580 seconds, Stopping threads took: 0.0003856 seconds
[2022-06-13T01:46:27.172+0000][1][safepoint    ] Application time: 1.0001839 seconds
[2022-06-13T01:46:27.172+0000][1][safepoint    ] Entering safepoint region: Cleanup
[2022-06-13T01:46:27.173+0000][1][safepoint    ] Leaving safepoint region
[2022-06-13T01:46:27.173+0000][1][safepoint    ] Total time for which application threads were stopped: 0.0011390 seconds, Stopping threads took: 0.0004932 seconds
[2022-06-13T01:46:28.174+0000][1][safepoint    ] Application time: 1.0001619 seconds
[2022-06-13T01:46:28.175+0000][1][safepoint    ] Entering safepoint region: Cleanup
[2022-06-13T01:46:28.176+0000][1][safepoint    ] Leaving safepoint region
[2022-06-13T01:46:28.176+0000][1][safepoint    ] Total time for which application threads were stopped: 0.0013974 seconds, Stopping threads took: 0.0007545 seconds
[2022-06-13T01:46:29.177+0000][1][safepoint    ] Application time: 1.0001537 seconds
[2022-06-13T01:46:29.177+0000][1][safepoint    ] Entering safepoint region: Cleanup
[2022-06-13T01:46:29.178+0000][1][safepoint    ] Leaving safepoint region
[2022-06-13T01:46:29.178+0000][1][safepoint    ] Total time for which application threads were stopped: 0.0007889 seconds, Stopping threads took: 0.0002710 seconds
[2022-06-13T01:46:30.179+0000][1][safepoint    ] Application time: 1.0002386 seconds
[2022-06-13T01:46:30.180+0000][1][safepoint    ] Entering safepoint region: Cleanup
[2022-06-13T01:46:30.181+0000][1][safepoint    ] Leaving safepoint region
[2022-06-13T01:46:30.182+0000][1][safepoint    ] Total time for which application threads were stopped: 0.0019748 seconds, Stopping threads took: 0.0008017 seconds
[2022-06-13T01:46:31.183+0000][1][safepoint    ] Application time: 1.0001954 seconds
[2022-06-13T01:46:31.184+0000][1][safepoint    ] Entering safepoint region: Cleanup
[2022-06-13T01:46:31.185+0000][1][safepoint    ] Leaving safepoint region
[2022-06-13T01:46:31.186+0000][1][safepoint    ] Total time for which application threads were stopped: 0.0018233 seconds, Stopping threads took: 0.0008520 seconds
[2022-06-13T01:46:32.187+0000][1][safepoint    ] Application time: 1.0003337 seconds
[2022-06-13T01:46:32.188+0000][1][safepoint    ] Entering safepoint region: Cleanup
[2022-06-13T01:46:32.188+0000][1][safepoint    ] Leaving safepoint region
[2022-06-13T01:46:32.189+0000][1][safepoint    ] Total time for which application threads were stopped: 0.0012312 seconds, Stopping threads took: 0.0005801 seconds
[2022-06-13T01:46:33.190+0000][1][safepoint    ] Application time: 1.0003613 seconds
[2022-06-13T01:46:33.191+0000][1][safepoint    ] Entering safepoint region: Cleanup
[2022-06-13T01:46:33.191+0000][1][safepoint    ] Leaving safepoint region
[2022-06-13T01:46:33.191+0000][1][safepoint    ] Total time for which application threads were stopped: 0.0008310 seconds, Stopping threads took: 0.0004325 seconds
[2022-06-13T01:46:34.192+0000][1][safepoint    ] Application time: 1.0004537 seconds
[2022-06-13T01:46:34.193+0000][1][safepoint    ] Entering safepoint region: Cleanup
[2022-06-13T01:46:34.194+0000][1][safepoint    ] Leaving safepoint region
[2022-06-13T01:46:34.195+0000][1][safepoint    ] Total time for which application threads were stopped: 0.0017700 seconds, Stopping threads took: 0.0008853 seconds
[2022-06-13T01:46:35.196+0000][1][safepoint    ] Application time: 1.0002783 seconds
[2022-06-13T01:46:35.197+0000][1][safepoint    ] Entering safepoint region: Cleanup
[2022-06-13T01:46:35.198+0000][1][safepoint    ] Leaving safepoint region
[2022-06-13T01:46:35.198+0000][1][safepoint    ] Total time for which application threads were stopped: 0.0009379 seconds, Stopping threads took: 0.0004654 seconds
[2022-06-13T01:46:36.199+0000][1][safepoint    ] Application time: 1.0003811 seconds
[2022-06-13T01:46:36.200+0000][1][safepoint    ] Entering safepoint region: Cleanup
[2022-06-13T01:46:36.200+0000][1][safepoint    ] Leaving safepoint region
[2022-06-13T01:46:36.200+0000][1][safepoint    ] Total time for which application threads were stopped: 0.0007938 seconds, Stopping threads took: 0.0003150 seconds
[2022-06-13T01:46:37.201+0000][1][safepoint    ] Application time: 1.0002602 seconds
[2022-06-13T01:46:37.201+0000][1][safepoint    ] Entering safepoint region: Cleanup
[2022-06-13T01:46:37.202+0000][1][safepoint    ] Leaving safepoint region
[2022-06-13T01:46:37.202+0000][1][safepoint    ] Total time for which application threads were stopped: 0.0008764 seconds, Stopping threads took: 0.0003684 seconds
[2022-06-13T01:46:38.203+0000][1][safepoint    ] Application time: 1.0002871 seconds
[2022-06-13T01:46:38.204+0000][1][safepoint    ] Entering safepoint region: Cleanup
[2022-06-13T01:46:38.204+0000][1][safepoint    ] Leaving safepoint region
[2022-06-13T01:46:38.205+0000][1][safepoint    ] Total time for which application threads were stopped: 0.0014237 seconds, Stopping threads took: 0.0006118 seconds
[2022-06-13T01:46:39.206+0000][1][safepoint    ] Application time: 1.0003416 seconds
[2022-06-13T01:46:39.207+0000][1][safepoint    ] Entering safepoint region: Cleanup
[2022-06-13T01:46:39.208+0000][1][safepoint    ] Leaving safepoint region
[2022-06-13T01:46:39.209+0000][1][safepoint    ] Total time for which application threads were stopped: 0.0018746 seconds, Stopping threads took: 0.0008051 seconds
[2022-06-13T01:46:40.210+0000][1][safepoint    ] Application time: 1.0002019 seconds
[2022-06-13T01:46:40.211+0000][1][safepoint    ] Entering safepoint region: Cleanup
[2022-06-13T01:46:40.211+0000][1][safepoint    ] Leaving safepoint region
[2022-06-13T01:46:40.212+0000][1][safepoint    ] Total time for which application threads were stopped: 0.0012666 seconds, Stopping threads took: 0.0006743 seconds
[2022-06-13T01:46:41.212+0000][1][safepoint    ] Application time: 1.0002094 seconds
[2022-06-13T01:46:41.213+0000][1][safepoint    ] Entering safepoint region: Cleanup
[2022-06-13T01:46:41.214+0000][1][safepoint    ] Leaving safepoint region
[2022-06-13T01:46:41.214+0000][1][safepoint    ] Total time for which application threads were stopped: 0.0015657 seconds, Stopping threads took: 0.0006056 seconds
[2022-06-13T01:46:42.215+0000][1][safepoint    ] Application time: 1.0002628 seconds
[2022-06-13T01:46:42.216+0000][1][safepoint    ] Entering safepoint region: Cleanup
[2022-06-13T01:46:42.217+0000][1][safepoint    ] Leaving safepoint region
[2022-06-13T01:46:42.218+0000][1][safepoint    ] Total time for which application threads were stopped: 0.0017105 seconds, Stopping threads took: 0.0007974 seconds
[2022-06-13T01:46:43.219+0000][1][safepoint    ] Application time: 1.0001488 seconds
[2022-06-13T01:46:43.219+0000][1][safepoint    ] Entering safepoint region: Cleanup
[2022-06-13T01:46:43.220+0000][1][safepoint    ] Leaving safepoint region
[2022-06-13T01:46:43.220+0000][1][safepoint    ] Total time for which application threads were stopped: 0.0010439 seconds, Stopping threads took: 0.0004652 seconds
[2022-06-13T01:46:44.221+0000][1][safepoint    ] Application time: 1.0001772 seconds
[2022-06-13T01:46:44.222+0000][1][safepoint    ] Entering safepoint region: Cleanup
[2022-06-13T01:46:44.222+0000][1][safepoint    ] Leaving safepoint region
[2022-06-13T01:46:44.223+0000][1][safepoint    ] Total time for which application threads were stopped: 0.0009356 seconds, Stopping threads took: 0.0004977 seconds
[2022-06-13T01:46:45.223+0000][1][safepoint    ] Application time: 1.0001507 seconds
[2022-06-13T01:46:45.224+0000][1][safepoint    ] Entering safepoint region: Cleanup
[2022-06-13T01:46:45.225+0000][1][safepoint    ] Leaving safepoint region
[2022-06-13T01:46:45.226+0000][1][safepoint    ] Total time for which application threads were stopped: 0.0013267 seconds, Stopping threads took: 0.0005357 seconds
[2022-06-13T01:46:46.226+0000][1][safepoint    ] Application time: 1.0003465 seconds
[2022-06-13T01:46:46.227+0000][1][safepoint    ] Entering safepoint region: Cleanup
[2022-06-13T01:46:46.228+0000][1][safepoint    ] Leaving safepoint region
[2022-06-13T01:46:46.228+0000][1][safepoint    ] Total time for which application threads were stopped: 0.0010305 seconds, Stopping threads took: 0.0006132 seconds
[2022-06-13T01:46:47.228+0000][1][safepoint    ] Application time: 1.0002963 seconds
[2022-06-13T01:46:47.229+0000][1][safepoint    ] Entering safepoint region: Cleanup
[2022-06-13T01:46:47.230+0000][1][safepoint    ] Leaving safepoint region
[2022-06-13T01:46:47.231+0000][1][safepoint    ] Total time for which application threads were stopped: 0.0015027 seconds, Stopping threads took: 0.0007095 seconds
[2022-06-13T01:46:48.232+0000][1][safepoint    ] Application time: 1.0003386 seconds
[2022-06-13T01:46:48.232+0000][1][safepoint    ] Entering safepoint region: Cleanup
[2022-06-13T01:46:48.233+0000][1][safepoint    ] Leaving safepoint region
[2022-06-13T01:46:48.234+0000][1][safepoint    ] Total time for which application threads were stopped: 0.0016261 seconds, Stopping threads took: 0.0007485 seconds
[2022-06-13T01:46:49.235+0000][1][safepoint    ] Application time: 1.0003167 seconds
[2022-06-13T01:46:49.236+0000][1][safepoint    ] Entering safepoint region: Cleanup
[2022-06-13T01:46:49.237+0000][1][safepoint    ] Leaving safepoint region
[2022-06-13T01:46:49.237+0000][1][safepoint    ] Total time for which application threads were stopped: 0.0012259 seconds, Stopping threads took: 0.0005863 seconds
[2022-06-13T01:46:50.238+0000][1][safepoint    ] Application time: 1.0002201 seconds
[2022-06-13T01:46:50.239+0000][1][safepoint    ] Entering safepoint region: Cleanup
[2022-06-13T01:46:50.239+0000][1][safepoint    ] Leaving safepoint region
[2022-06-13T01:46:50.239+0000][1][safepoint    ] Total time for which application threads were stopped: 0.0006622 seconds, Stopping threads took: 0.0002980 seconds
[2022-06-13T01:46:51.240+0000][1][safepoint    ] Application time: 1.0001979 seconds
[2022-06-13T01:46:51.240+0000][1][safepoint    ] Entering safepoint region: Cleanup
[2022-06-13T01:46:51.241+0000][1][safepoint    ] Leaving safepoint region
[2022-06-13T01:46:51.242+0000][1][safepoint    ] Total time for which application threads were stopped: 0.0011982 seconds, Stopping threads took: 0.0004389 seconds
[2022-06-13T01:46:52.242+0000][1][safepoint    ] Application time: 1.0003124 seconds
[2022-06-13T01:46:52.243+0000][1][safepoint    ] Entering safepoint region: Cleanup
[2022-06-13T01:46:52.243+0000][1][safepoint    ] Leaving safepoint region
[2022-06-13T01:46:52.244+0000][1][safepoint    ] Total time for which application threads were stopped: 0.0009519 seconds, Stopping threads took: 0.0003443 seconds
[2022-06-13T01:46:53.244+0000][1][safepoint    ] Application time: 1.0001670 seconds
[2022-06-13T01:46:53.245+0000][1][safepoint    ] Entering safepoint region: Cleanup
[2022-06-13T01:46:53.245+0000][1][safepoint    ] Leaving safepoint region
[2022-06-13T01:46:53.246+0000][1][safepoint    ] Total time for which application threads were stopped: 0.0007550 seconds, Stopping threads took: 0.0003376 seconds
[2022-06-13T01:46:54.246+0000][1][safepoint    ] Application time: 1.0002513 seconds
[2022-06-13T01:46:54.247+0000][1][safepoint    ] Entering safepoint region: Cleanup
[2022-06-13T01:46:54.247+0000][1][safepoint    ] Leaving safepoint region
[2022-06-13T01:46:54.248+0000][1][safepoint    ] Total time for which application threads were stopped: 0.0008474 seconds, Stopping threads took: 0.0003717 seconds
[2022-06-13T01:46:55.248+0000][1][safepoint    ] Application time: 1.0002374 seconds
[2022-06-13T01:46:55.249+0000][1][safepoint    ] Entering safepoint region: Cleanup
[2022-06-13T01:46:55.250+0000][1][safepoint    ] Leaving safepoint region
[2022-06-13T01:46:55.251+0000][1][safepoint    ] Total time for which application threads were stopped: 0.0012713 seconds, Stopping threads took: 0.0005986 seconds
[2022-06-13T01:46:56.252+0000][1][safepoint    ] Application time: 1.0003346 seconds
[2022-06-13T01:46:56.252+0000][1][safepoint    ] Entering safepoint region: Cleanup
[2022-06-13T01:46:56.253+0000][1][safepoint    ] Leaving safepoint region
[2022-06-13T01:46:56.253+0000][1][safepoint    ] Total time for which application threads were stopped: 0.0010241 seconds, Stopping threads took: 0.0003174 seconds
[2022-06-13T01:46:57.254+0000][1][safepoint    ] Application time: 1.0002420 seconds
[2022-06-13T01:46:57.255+0000][1][safepoint    ] Entering safepoint region: Cleanup
[2022-06-13T01:46:57.255+0000][1][safepoint    ] Leaving safepoint region
[2022-06-13T01:46:57.255+0000][1][safepoint    ] Total time for which application threads were stopped: 0.0008810 seconds, Stopping threads took: 0.0004237 seconds
[2022-06-13T01:46:58.256+0000][1][safepoint    ] Application time: 1.0002924 seconds
[2022-06-13T01:46:58.257+0000][1][safepoint    ] Entering safepoint region: Cleanup
[2022-06-13T01:46:58.258+0000][1][safepoint    ] Leaving safepoint region
[2022-06-13T01:46:58.259+0000][1][safepoint    ] Total time for which application threads were stopped: 0.0018274 seconds, Stopping threads took: 0.0008214 seconds
[2022-06-13T01:46:59.260+0000][1][safepoint    ] Application time: 1.0002706 seconds
[2022-06-13T01:46:59.260+0000][1][safepoint    ] Entering safepoint region: Cleanup
[2022-06-13T01:46:59.261+0000][1][safepoint    ] Leaving safepoint region
[2022-06-13T01:46:59.261+0000][1][safepoint    ] Total time for which application threads were stopped: 0.0006075 seconds, Stopping threads took: 0.0002971 seconds
[2022-06-13T01:47:00.262+0000][1][safepoint    ] Application time: 1.0003676 seconds
[2022-06-13T01:47:00.262+0000][1][safepoint    ] Entering safepoint region: Cleanup
[2022-06-13T01:47:00.263+0000][1][safepoint    ] Leaving safepoint region
[2022-06-13T01:47:00.263+0000][1][safepoint    ] Total time for which application threads were stopped: 0.0011321 seconds, Stopping threads took: 0.0005326 seconds
[2022-06-13T01:47:01.264+0000][1][safepoint    ] Application time: 1.0003188 seconds
[2022-06-13T01:47:01.265+0000][1][safepoint    ] Entering safepoint region: Cleanup
[2022-06-13T01:47:01.266+0000][1][safepoint    ] Leaving safepoint region
[2022-06-13T01:47:01.266+0000][1][safepoint    ] Total time for which application threads were stopped: 0.0013154 seconds, Stopping threads took: 0.0005021 seconds
[2022-06-13T01:47:02.267+0000][1][safepoint    ] Application time: 1.0002309 seconds
[2022-06-13T01:47:02.268+0000][1][safepoint    ] Entering safepoint region: Cleanup
[2022-06-13T01:47:02.268+0000][1][safepoint    ] Leaving safepoint region
[2022-06-13T01:47:02.269+0000][1][safepoint    ] Total time for which application threads were stopped: 0.0012225 seconds, Stopping threads took: 0.0005419 seconds
[2022-06-13T01:47:03.270+0000][1][safepoint    ] Application time: 1.0003227 seconds
[2022-06-13T01:47:03.270+0000][1][safepoint    ] Entering safepoint region: Cleanup
[2022-06-13T01:47:03.271+0000][1][safepoint    ] Leaving safepoint region
[2022-06-13T01:47:03.271+0000][1][safepoint    ] Total time for which application threads were stopped: 0.0007374 seconds, Stopping threads took: 0.0004243 seconds
[2022-06-13T01:47:04.272+0000][1][safepoint    ] Application time: 1.0004107 seconds
[2022-06-13T01:47:04.273+0000][1][safepoint    ] Entering safepoint region: Cleanup
[2022-06-13T01:47:04.274+0000][1][safepoint    ] Leaving safepoint region
[2022-06-13T01:47:04.274+0000][1][safepoint    ] Total time for which application threads were stopped: 0.0017218 seconds, Stopping threads took: 0.0008486 seconds
[2022-06-13T01:47:05.275+0000][1][safepoint    ] Application time: 1.0002583 seconds
[2022-06-13T01:47:05.276+0000][1][safepoint    ] Entering safepoint region: Cleanup
[2022-06-13T01:47:05.277+0000][1][safepoint    ] Leaving safepoint region
[2022-06-13T01:47:05.278+0000][1][safepoint    ] Total time for which application threads were stopped: 0.0019700 seconds, Stopping threads took: 0.0008925 seconds
[2022-06-13T01:47:06.279+0000][1][safepoint    ] Application time: 1.0002830 seconds
[2022-06-13T01:47:06.280+0000][1][safepoint    ] Entering safepoint region: Cleanup
[2022-06-13T01:47:06.280+0000][1][safepoint    ] Leaving safepoint region
[2022-06-13T01:47:06.280+0000][1][safepoint    ] Total time for which application threads were stopped: 0.0007077 seconds, Stopping threads took: 0.0002910 seconds
[2022-06-13T01:47:07.110+0000][1][safepoint    ] Application time: 0.8291346 seconds
[2022-06-13T01:47:07.110+0000][1][safepoint    ] Entering safepoint region: GenCollectForAllocation
[2022-06-13T01:47:07.111+0000][1][gc,start     ] GC(27) Pause Young (Allocation Failure)
[2022-06-13T01:47:07.111+0000][1][gc,task      ] GC(27) Using 5 workers of 13 for evacuation
[2022-06-13T01:47:07.113+0000][1][gc,age       ] GC(27) Desired survivor size 4456448 bytes, new threshold 6 (max threshold 6)
[2022-06-13T01:47:07.114+0000][1][gc,age       ] GC(27) Age table with threshold 6 (max threshold 6)
[2022-06-13T01:47:07.114+0000][1][gc,age       ] GC(27) - age   1:      50240 bytes,      50240 total
[2022-06-13T01:47:07.114+0000][1][gc,age       ] GC(27) - age   2:      13104 bytes,      63344 total
[2022-06-13T01:47:07.115+0000][1][gc,age       ] GC(27) - age   3:      13544 bytes,      76888 total
[2022-06-13T01:47:07.115+0000][1][gc,age       ] GC(27) - age   4:      15984 bytes,      92872 total
[2022-06-13T01:47:07.116+0000][1][gc,age       ] GC(27) - age   5:      64632 bytes,     157504 total
[2022-06-13T01:47:07.116+0000][1][gc,age       ] GC(27) - age   6:    1350592 bytes,    1508096 total
[2022-06-13T01:47:07.117+0000][1][gc,heap      ] GC(27) ParNew: 72250K->2016K(78656K)
[2022-06-13T01:47:07.117+0000][1][gc,heap      ] GC(27) CMS: 67704K->67704K(174784K)
[2022-06-13T01:47:07.118+0000][1][gc,metaspace ] GC(27) Metaspace: 65348K->65348K(1110016K)
[2022-06-13T01:47:07.118+0000][1][gc           ] GC(27) Pause Young (Allocation Failure) 136M->68M(247M) 7.922ms
[2022-06-13T01:47:07.119+0000][1][gc,cpu       ] GC(27) User=0.01s Sys=0.00s Real=0.00s
[2022-06-13T01:47:07.119+0000][1][safepoint    ] Leaving safepoint region
[2022-06-13T01:47:07.120+0000][1][safepoint    ] Total time for which application threads were stopped: 0.0098449 seconds, Stopping threads took: 0.0003172 seconds
[2022-06-13T01:47:08.120+0000][1][safepoint    ] Application time: 1.0002736 seconds
[2022-06-13T01:47:08.121+0000][1][safepoint    ] Entering safepoint region: Cleanup
[2022-06-13T01:47:08.121+0000][1][safepoint    ] Leaving safepoint region
[2022-06-13T01:47:08.122+0000][1][safepoint    ] Total time for which application threads were stopped: 0.0014962 seconds, Stopping threads took: 0.0004591 seconds
[2022-06-13T01:47:09.123+0000][1][safepoint    ] Application time: 1.0005455 seconds
[2022-06-13T01:47:09.124+0000][1][safepoint    ] Entering safepoint region: Cleanup
[2022-06-13T01:47:09.125+0000][1][safepoint    ] Leaving safepoint region
[2022-06-13T01:47:09.125+0000][1][safepoint    ] Total time for which application threads were stopped: 0.0010508 seconds, Stopping threads took: 0.0005702 seconds
[2022-06-13T01:47:10.126+0000][1][safepoint    ] Application time: 1.0002460 seconds
[2022-06-13T01:47:10.126+0000][1][safepoint    ] Entering safepoint region: Cleanup
[2022-06-13T01:47:10.126+0000][1][safepoint    ] Leaving safepoint region
[2022-06-13T01:47:10.127+0000][1][safepoint    ] Total time for which application threads were stopped: 0.0007756 seconds, Stopping threads took: 0.0004189 seconds
[2022-06-13T01:47:11.127+0000][1][safepoint    ] Application time: 1.0002636 seconds
[2022-06-13T01:47:11.128+0000][1][safepoint    ] Entering safepoint region: Cleanup
[2022-06-13T01:47:11.128+0000][1][safepoint    ] Leaving safepoint region
[2022-06-13T01:47:11.129+0000][1][safepoint    ] Total time for which application threads were stopped: 0.0008516 seconds, Stopping threads took: 0.0003880 seconds
[2022-06-13T01:47:12.129+0000][1][safepoint    ] Application time: 1.0001574 seconds
[2022-06-13T01:47:12.130+0000][1][safepoint    ] Entering safepoint region: Cleanup
[2022-06-13T01:47:12.131+0000][1][safepoint    ] Leaving safepoint region
[2022-06-13T01:47:12.131+0000][1][safepoint    ] Total time for which application threads were stopped: 0.0011258 seconds, Stopping threads took: 0.0006981 seconds
[2022-06-13T01:47:13.132+0000][1][safepoint    ] Application time: 1.0002234 seconds
[2022-06-13T01:47:13.132+0000][1][safepoint    ] Entering safepoint region: Cleanup
[2022-06-13T01:47:13.133+0000][1][safepoint    ] Leaving safepoint region
[2022-06-13T01:47:13.133+0000][1][safepoint    ] Total time for which application threads were stopped: 0.0010972 seconds, Stopping threads took: 0.0005593 seconds
[2022-06-13T01:47:14.134+0000][1][safepoint    ] Application time: 1.0004286 seconds
[2022-06-13T01:47:14.135+0000][1][safepoint    ] Entering safepoint region: Cleanup
[2022-06-13T01:47:14.136+0000][1][safepoint    ] Leaving safepoint region
[2022-06-13T01:47:14.137+0000][1][safepoint    ] Total time for which application threads were stopped: 0.0017642 seconds, Stopping threads took: 0.0008862 seconds
[2022-06-13T01:47:15.138+0000][1][safepoint    ] Application time: 1.0003023 seconds
[2022-06-13T01:47:15.139+0000][1][safepoint    ] Entering safepoint region: Cleanup
[2022-06-13T01:47:15.139+0000][1][safepoint    ] Leaving safepoint region
[2022-06-13T01:47:15.140+0000][1][safepoint    ] Total time for which application threads were stopped: 0.0015472 seconds, Stopping threads took: 0.0006263 seconds
[2022-06-13T01:47:16.142+0000][1][safepoint    ] Application time: 1.0005724 seconds
[2022-06-13T01:47:16.142+0000][1][safepoint    ] Entering safepoint region: Cleanup
[2022-06-13T01:47:16.143+0000][1][safepoint    ] Leaving safepoint region
[2022-06-13T01:47:16.144+0000][1][safepoint    ] Total time for which application threads were stopped: 0.0013496 seconds, Stopping threads took: 0.0005518 seconds
[2022-06-13T01:47:17.144+0000][1][safepoint    ] Application time: 1.0001253 seconds
[2022-06-13T01:47:17.145+0000][1][safepoint    ] Entering safepoint region: Cleanup
[2022-06-13T01:47:17.145+0000][1][safepoint    ] Leaving safepoint region
[2022-06-13T01:47:17.145+0000][1][safepoint    ] Total time for which application threads were stopped: 0.0004620 seconds, Stopping threads took: 0.0002251 seconds
[2022-06-13T01:47:18.145+0000][1][safepoint    ] Application time: 1.0001245 seconds
[2022-06-13T01:47:18.146+0000][1][safepoint    ] Entering safepoint region: Cleanup
[2022-06-13T01:47:18.146+0000][1][safepoint    ] Leaving safepoint region
[2022-06-13T01:47:18.147+0000][1][safepoint    ] Total time for which application threads were stopped: 0.0011370 seconds, Stopping threads took: 0.0004341 seconds
[2022-06-13T01:47:19.148+0000][1][safepoint    ] Application time: 1.0002947 seconds
[2022-06-13T01:47:19.148+0000][1][safepoint    ] Entering safepoint region: Cleanup
[2022-06-13T01:47:19.149+0000][1][safepoint    ] Leaving safepoint region
[2022-06-13T01:47:19.149+0000][1][safepoint    ] Total time for which application threads were stopped: 0.0009459 seconds, Stopping threads took: 0.0003359 seconds
[2022-06-13T01:47:20.150+0000][1][safepoint    ] Application time: 1.0001477 seconds
[2022-06-13T01:47:20.150+0000][1][safepoint    ] Entering safepoint region: Cleanup
[2022-06-13T01:47:20.150+0000][1][safepoint    ] Leaving safepoint region
[2022-06-13T01:47:20.151+0000][1][safepoint    ] Total time for which application threads were stopped: 0.0009353 seconds, Stopping threads took: 0.0003712 seconds
[2022-06-13T01:47:21.152+0000][1][safepoint    ] Application time: 1.0003642 seconds
[2022-06-13T01:47:21.152+0000][1][safepoint    ] Entering safepoint region: Cleanup
[2022-06-13T01:47:21.153+0000][1][safepoint    ] Leaving safepoint region
[2022-06-13T01:47:21.154+0000][1][safepoint    ] Total time for which application threads were stopped: 0.0015573 seconds, Stopping threads took: 0.0005085 seconds
[2022-06-13T01:47:22.155+0000][1][safepoint    ] Application time: 1.0001866 seconds
[2022-06-13T01:47:22.156+0000][1][safepoint    ] Entering safepoint region: Cleanup
[2022-06-13T01:47:22.156+0000][1][safepoint    ] Leaving safepoint region
[2022-06-13T01:47:22.157+0000][1][safepoint    ] Total time for which application threads were stopped: 0.0011366 seconds, Stopping threads took: 0.0005944 seconds
[2022-06-13T01:47:23.157+0000][1][safepoint    ] Application time: 1.0001870 seconds
[2022-06-13T01:47:23.158+0000][1][safepoint    ] Entering safepoint region: Cleanup
[2022-06-13T01:47:23.158+0000][1][safepoint    ] Leaving safepoint region
[2022-06-13T01:47:23.159+0000][1][safepoint    ] Total time for which application threads were stopped: 0.0008962 seconds, Stopping threads took: 0.0003384 seconds
[2022-06-13T01:47:24.160+0000][1][safepoint    ] Application time: 1.0003111 seconds
[2022-06-13T01:47:24.160+0000][1][safepoint    ] Entering safepoint region: Cleanup
[2022-06-13T01:47:24.161+0000][1][safepoint    ] Leaving safepoint region
[2022-06-13T01:47:24.161+0000][1][safepoint    ] Total time for which application threads were stopped: 0.0010559 seconds, Stopping threads took: 0.0004368 seconds
[2022-06-13T01:47:25.162+0000][1][safepoint    ] Application time: 1.0003552 seconds
[2022-06-13T01:47:25.163+0000][1][safepoint    ] Entering safepoint region: Cleanup
[2022-06-13T01:47:25.164+0000][1][safepoint    ] Leaving safepoint region
[2022-06-13T01:47:25.164+0000][1][safepoint    ] Total time for which application threads were stopped: 0.0014825 seconds, Stopping threads took: 0.0006219 seconds
[2022-06-13T01:47:26.165+0000][1][safepoint    ] Application time: 1.0002177 seconds
[2022-06-13T01:47:26.166+0000][1][safepoint    ] Entering safepoint region: Cleanup
[2022-06-13T01:47:26.167+0000][1][safepoint    ] Leaving safepoint region
[2022-06-13T01:47:26.167+0000][1][safepoint    ] Total time for which application threads were stopped: 0.0014020 seconds, Stopping threads took: 0.0004905 seconds
[2022-06-13T01:47:27.168+0000][1][safepoint    ] Application time: 1.0002835 seconds
[2022-06-13T01:47:27.169+0000][1][safepoint    ] Entering safepoint region: Cleanup
[2022-06-13T01:47:27.169+0000][1][safepoint    ] Leaving safepoint region
[2022-06-13T01:47:27.169+0000][1][safepoint    ] Total time for which application threads were stopped: 0.0004909 seconds, Stopping threads took: 0.0001655 seconds
[2022-06-13T01:47:29.162+0000][1][safepoint    ] Application time: 1.9929507 seconds
[2022-06-13T01:47:29.163+0000][1][safepoint    ] Entering safepoint region: Cleanup
[2022-06-13T01:47:29.164+0000][1][safepoint    ] Leaving safepoint region
[2022-06-13T01:47:29.165+0000][1][safepoint    ] Total time for which application threads were stopped: 0.0015574 seconds, Stopping threads took: 0.0004990 seconds
[2022-06-13T01:47:30.165+0000][1][safepoint    ] Application time: 1.0002414 seconds
[2022-06-13T01:47:30.166+0000][1][safepoint    ] Entering safepoint region: Cleanup
[2022-06-13T01:47:30.167+0000][1][safepoint    ] Leaving safepoint region
[2022-06-13T01:47:30.168+0000][1][safepoint    ] Total time for which application threads were stopped: 0.0015588 seconds, Stopping threads took: 0.0006254 seconds
[2022-06-13T01:47:31.168+0000][1][safepoint    ] Application time: 1.0002623 seconds
[2022-06-13T01:47:31.169+0000][1][safepoint    ] Entering safepoint region: Cleanup
[2022-06-13T01:47:31.170+0000][1][safepoint    ] Leaving safepoint region
[2022-06-13T01:47:31.170+0000][1][safepoint    ] Total time for which application threads were stopped: 0.0008385 seconds, Stopping threads took: 0.0003817 seconds
[2022-06-13T01:47:32.170+0000][1][safepoint    ] Application time: 1.0003178 seconds
[2022-06-13T01:47:32.171+0000][1][safepoint    ] Entering safepoint region: Cleanup
[2022-06-13T01:47:32.172+0000][1][safepoint    ] Leaving safepoint region
[2022-06-13T01:47:32.172+0000][1][safepoint    ] Total time for which application threads were stopped: 0.0007460 seconds, Stopping threads took: 0.0002967 seconds
[2022-06-13T01:47:33.172+0000][1][safepoint    ] Application time: 1.0002136 seconds
[2022-06-13T01:47:33.173+0000][1][safepoint    ] Entering safepoint region: Cleanup
[2022-06-13T01:47:33.174+0000][1][safepoint    ] Leaving safepoint region
[2022-06-13T01:47:33.175+0000][1][safepoint    ] Total time for which application threads were stopped: 0.0015194 seconds, Stopping threads took: 0.0006756 seconds
[2022-06-13T01:47:34.176+0000][1][safepoint    ] Application time: 1.0001910 seconds
[2022-06-13T01:47:34.176+0000][1][safepoint    ] Entering safepoint region: Cleanup
[2022-06-13T01:47:34.176+0000][1][safepoint    ] Leaving safepoint region
[2022-06-13T01:47:34.176+0000][1][safepoint    ] Total time for which application threads were stopped: 0.0005369 seconds, Stopping threads took: 0.0002265 seconds
[2022-06-13T01:47:35.177+0000][1][safepoint    ] Application time: 1.0002059 seconds
[2022-06-13T01:47:35.178+0000][1][safepoint    ] Entering safepoint region: Cleanup
[2022-06-13T01:47:35.178+0000][1][safepoint    ] Leaving safepoint region
[2022-06-13T01:47:35.179+0000][1][safepoint    ] Total time for which application threads were stopped: 0.0012123 seconds, Stopping threads took: 0.0005278 seconds
[2022-06-13T01:47:36.180+0000][1][safepoint    ] Application time: 1.0001584 seconds
[2022-06-13T01:47:36.180+0000][1][safepoint    ] Entering safepoint region: Cleanup
[2022-06-13T01:47:36.180+0000][1][safepoint    ] Leaving safepoint region
[2022-06-13T01:47:36.181+0000][1][safepoint    ] Total time for which application threads were stopped: 0.0008101 seconds, Stopping threads took: 0.0003616 seconds
[2022-06-13T01:47:37.181+0000][1][safepoint    ] Application time: 1.0001809 seconds
[2022-06-13T01:47:37.182+0000][1][safepoint    ] Entering safepoint region: Cleanup
[2022-06-13T01:47:37.183+0000][1][safepoint    ] Leaving safepoint region
[2022-06-13T01:47:37.183+0000][1][safepoint    ] Total time for which application threads were stopped: 0.0012473 seconds, Stopping threads took: 0.0005638 seconds
[2022-06-13T01:47:38.184+0000][1][safepoint    ] Application time: 1.0002479 seconds
[2022-06-13T01:47:38.185+0000][1][safepoint    ] Entering safepoint region: Cleanup
[2022-06-13T01:47:38.185+0000][1][safepoint    ] Leaving safepoint region
[2022-06-13T01:47:38.185+0000][1][safepoint    ] Total time for which application threads were stopped: 0.0009102 seconds, Stopping threads took: 0.0004444 seconds
[2022-06-13T01:47:39.186+0000][1][safepoint    ] Application time: 1.0001511 seconds
[2022-06-13T01:47:39.186+0000][1][safepoint    ] Entering safepoint region: Cleanup
[2022-06-13T01:47:39.187+0000][1][safepoint    ] Leaving safepoint region
[2022-06-13T01:47:39.188+0000][1][safepoint    ] Total time for which application threads were stopped: 0.0011228 seconds, Stopping threads took: 0.0004161 seconds
[2022-06-13T01:47:40.188+0000][1][safepoint    ] Application time: 1.0002618 seconds
[2022-06-13T01:47:40.189+0000][1][safepoint    ] Entering safepoint region: Cleanup
[2022-06-13T01:47:40.190+0000][1][safepoint    ] Leaving safepoint region
[2022-06-13T01:47:40.191+0000][1][safepoint    ] Total time for which application threads were stopped: 0.0015657 seconds, Stopping threads took: 0.0005598 seconds
[2022-06-13T01:47:41.191+0000][1][safepoint    ] Application time: 1.0002748 seconds
[2022-06-13T01:47:41.192+0000][1][safepoint    ] Entering safepoint region: Cleanup
[2022-06-13T01:47:41.193+0000][1][safepoint    ] Leaving safepoint region
[2022-06-13T01:47:41.193+0000][1][safepoint    ] Total time for which application threads were stopped: 0.0012442 seconds, Stopping threads took: 0.0005946 seconds
[2022-06-13T01:47:42.194+0000][1][safepoint    ] Application time: 1.0003292 seconds
[2022-06-13T01:47:42.195+0000][1][safepoint    ] Entering safepoint region: Cleanup
[2022-06-13T01:47:42.196+0000][1][safepoint    ] Leaving safepoint region
[2022-06-13T01:47:42.197+0000][1][safepoint    ] Total time for which application threads were stopped: 0.0016793 seconds, Stopping threads took: 0.0007107 seconds
[2022-06-13T01:47:43.198+0000][1][safepoint    ] Application time: 1.0002745 seconds
[2022-06-13T01:47:43.199+0000][1][safepoint    ] Entering safepoint region: Cleanup
[2022-06-13T01:47:43.199+0000][1][safepoint    ] Leaving safepoint region
[2022-06-13T01:47:43.200+0000][1][safepoint    ] Total time for which application threads were stopped: 0.0014183 seconds, Stopping threads took: 0.0005785 seconds
[2022-06-13T01:47:44.201+0000][1][safepoint    ] Application time: 1.0001473 seconds
[2022-06-13T01:47:44.202+0000][1][safepoint    ] Entering safepoint region: Cleanup
[2022-06-13T01:47:44.203+0000][1][safepoint    ] Leaving safepoint region
[2022-06-13T01:47:44.204+0000][1][safepoint    ] Total time for which application threads were stopped: 0.0018231 seconds, Stopping threads took: 0.0009119 seconds
[2022-06-13T01:47:45.204+0000][1][safepoint    ] Application time: 1.0001352 seconds
[2022-06-13T01:47:45.205+0000][1][safepoint    ] Entering safepoint region: Cleanup
[2022-06-13T01:47:45.205+0000][1][safepoint    ] Leaving safepoint region
[2022-06-13T01:47:45.206+0000][1][safepoint    ] Total time for which application threads were stopped: 0.0010787 seconds, Stopping threads took: 0.0003495 seconds
[2022-06-13T01:47:46.207+0000][1][safepoint    ] Application time: 1.0002476 seconds
[2022-06-13T01:47:46.208+0000][1][safepoint    ] Entering safepoint region: Cleanup
[2022-06-13T01:47:46.208+0000][1][safepoint    ] Leaving safepoint region
[2022-06-13T01:47:46.209+0000][1][safepoint    ] Total time for which application threads were stopped: 0.0014282 seconds, Stopping threads took: 0.0006539 seconds
[2022-06-13T01:47:47.210+0000][1][safepoint    ] Application time: 1.0002581 seconds
[2022-06-13T01:47:47.211+0000][1][safepoint    ] Entering safepoint region: Cleanup
[2022-06-13T01:47:47.212+0000][1][safepoint    ] Leaving safepoint region
[2022-06-13T01:47:47.213+0000][1][safepoint    ] Total time for which application threads were stopped: 0.0017511 seconds, Stopping threads took: 0.0008113 seconds
[2022-06-13T01:47:48.214+0000][1][safepoint    ] Application time: 1.0002464 seconds
[2022-06-13T01:47:48.215+0000][1][safepoint    ] Entering safepoint region: Cleanup
[2022-06-13T01:47:48.215+0000][1][safepoint    ] Leaving safepoint region
[2022-06-13T01:47:48.216+0000][1][safepoint    ] Total time for which application threads were stopped: 0.0014792 seconds, Stopping threads took: 0.0008286 seconds
[2022-06-13T01:47:49.217+0000][1][safepoint    ] Application time: 1.0003974 seconds
[2022-06-13T01:47:49.218+0000][1][safepoint    ] Entering safepoint region: Cleanup
[2022-06-13T01:47:49.219+0000][1][safepoint    ] Leaving safepoint region
[2022-06-13T01:47:49.220+0000][1][safepoint    ] Total time for which application threads were stopped: 0.0015916 seconds, Stopping threads took: 0.0006877 seconds
[2022-06-13T01:47:50.221+0000][1][safepoint    ] Application time: 1.0003145 seconds
[2022-06-13T01:47:50.222+0000][1][safepoint    ] Entering safepoint region: Cleanup
[2022-06-13T01:47:50.222+0000][1][safepoint    ] Leaving safepoint region
[2022-06-13T01:47:50.223+0000][1][safepoint    ] Total time for which application threads were stopped: 0.0017297 seconds, Stopping threads took: 0.0008298 seconds
[2022-06-13T01:47:51.224+0000][1][safepoint    ] Application time: 1.0002518 seconds
[2022-06-13T01:47:51.225+0000][1][safepoint    ] Entering safepoint region: Cleanup
[2022-06-13T01:47:51.226+0000][1][safepoint    ] Leaving safepoint region
[2022-06-13T01:47:51.227+0000][1][safepoint    ] Total time for which application threads were stopped: 0.0015476 seconds, Stopping threads took: 0.0010435 seconds
[2022-06-13T01:47:52.227+0000][1][safepoint    ] Application time: 1.0003514 seconds
[2022-06-13T01:47:52.228+0000][1][safepoint    ] Entering safepoint region: Cleanup
[2022-06-13T01:47:52.229+0000][1][safepoint    ] Leaving safepoint region
[2022-06-13T01:47:52.229+0000][1][safepoint    ] Total time for which application threads were stopped: 0.0015569 seconds, Stopping threads took: 0.0006978 seconds
[2022-06-13T01:47:53.230+0000][1][safepoint    ] Application time: 1.0002607 seconds
[2022-06-13T01:47:53.231+0000][1][safepoint    ] Entering safepoint region: Cleanup
[2022-06-13T01:47:53.232+0000][1][safepoint    ] Leaving safepoint region
[2022-06-13T01:47:53.232+0000][1][safepoint    ] Total time for which application threads were stopped: 0.0013777 seconds, Stopping threads took: 0.0005845 seconds
[2022-06-13T01:47:54.233+0000][1][safepoint    ] Application time: 1.0003791 seconds
[2022-06-13T01:47:54.234+0000][1][safepoint    ] Entering safepoint region: Cleanup
[2022-06-13T01:47:54.235+0000][1][safepoint    ] Leaving safepoint region
[2022-06-13T01:47:54.236+0000][1][safepoint    ] Total time for which application threads were stopped: 0.0014538 seconds, Stopping threads took: 0.0006164 seconds
[2022-06-13T01:47:55.237+0000][1][safepoint    ] Application time: 1.0004211 seconds
[2022-06-13T01:47:55.238+0000][1][safepoint    ] Entering safepoint region: Cleanup
[2022-06-13T01:47:55.239+0000][1][safepoint    ] Leaving safepoint region
[2022-06-13T01:47:55.240+0000][1][safepoint    ] Total time for which application threads were stopped: 0.0014758 seconds, Stopping threads took: 0.0006831 seconds
[2022-06-13T01:47:56.240+0000][1][safepoint    ] Application time: 1.0001618 seconds
[2022-06-13T01:47:56.241+0000][1][safepoint    ] Entering safepoint region: Cleanup
[2022-06-13T01:47:56.242+0000][1][safepoint    ] Leaving safepoint region
[2022-06-13T01:47:56.242+0000][1][safepoint    ] Total time for which application threads were stopped: 0.0013920 seconds, Stopping threads took: 0.0007749 seconds
[2022-06-13T01:47:57.243+0000][1][safepoint    ] Application time: 1.0002974 seconds
[2022-06-13T01:47:57.244+0000][1][safepoint    ] Entering safepoint region: Cleanup
[2022-06-13T01:47:57.245+0000][1][safepoint    ] Leaving safepoint region
[2022-06-13T01:47:57.246+0000][1][safepoint    ] Total time for which application threads were stopped: 0.0017560 seconds, Stopping threads took: 0.0008652 seconds
[2022-06-13T01:47:58.247+0000][1][safepoint    ] Application time: 1.0004185 seconds
[2022-06-13T01:47:58.248+0000][1][safepoint    ] Entering safepoint region: Cleanup
[2022-06-13T01:47:58.249+0000][1][safepoint    ] Leaving safepoint region
[2022-06-13T01:47:58.249+0000][1][safepoint    ] Total time for which application threads were stopped: 0.0013061 seconds, Stopping threads took: 0.0007757 seconds
[2022-06-13T01:47:59.250+0000][1][safepoint    ] Application time: 1.0002699 seconds
[2022-06-13T01:47:59.250+0000][1][safepoint    ] Entering safepoint region: Cleanup
[2022-06-13T01:47:59.251+0000][1][safepoint    ] Leaving safepoint region
[2022-06-13T01:47:59.252+0000][1][safepoint    ] Total time for which application threads were stopped: 0.0017458 seconds, Stopping threads took: 0.0009466 seconds
[2022-06-13T01:48:00.253+0000][1][safepoint    ] Application time: 1.0001942 seconds
[2022-06-13T01:48:00.253+0000][1][safepoint    ] Entering safepoint region: Cleanup
[2022-06-13T01:48:00.254+0000][1][safepoint    ] Leaving safepoint region
[2022-06-13T01:48:00.255+0000][1][safepoint    ] Total time for which application threads were stopped: 0.0013203 seconds, Stopping threads took: 0.0006530 seconds
[2022-06-13T01:48:01.256+0000][1][safepoint    ] Application time: 1.0002854 seconds
[2022-06-13T01:48:01.256+0000][1][safepoint    ] Entering safepoint region: Cleanup
[2022-06-13T01:48:01.257+0000][1][safepoint    ] Leaving safepoint region
[2022-06-13T01:48:01.257+0000][1][safepoint    ] Total time for which application threads were stopped: 0.0006960 seconds, Stopping threads took: 0.0003745 seconds
[2022-06-13T01:48:02.257+0000][1][safepoint    ] Application time: 1.0002758 seconds
[2022-06-13T01:48:02.258+0000][1][safepoint    ] Entering safepoint region: Cleanup
[2022-06-13T01:48:02.258+0000][1][safepoint    ] Leaving safepoint region
[2022-06-13T01:48:02.259+0000][1][safepoint    ] Total time for which application threads were stopped: 0.0005589 seconds, Stopping threads took: 0.0002137 seconds
[2022-06-13T01:48:03.259+0000][1][safepoint    ] Application time: 1.0002017 seconds
[2022-06-13T01:48:03.260+0000][1][safepoint    ] Entering safepoint region: Cleanup
[2022-06-13T01:48:03.261+0000][1][safepoint    ] Leaving safepoint region
[2022-06-13T01:48:03.262+0000][1][safepoint    ] Total time for which application threads were stopped: 0.0013738 seconds, Stopping threads took: 0.0005683 seconds
[2022-06-13T01:48:04.262+0000][1][safepoint    ] Application time: 1.0001331 seconds
[2022-06-13T01:48:04.263+0000][1][safepoint    ] Entering safepoint region: Cleanup
[2022-06-13T01:48:04.264+0000][1][safepoint    ] Leaving safepoint region
[2022-06-13T01:48:04.264+0000][1][safepoint    ] Total time for which application threads were stopped: 0.0009596 seconds, Stopping threads took: 0.0005815 seconds
[2022-06-13T01:48:05.264+0000][1][safepoint    ] Application time: 1.0001084 seconds
[2022-06-13T01:48:05.265+0000][1][safepoint    ] Entering safepoint region: Cleanup
[2022-06-13T01:48:05.266+0000][1][safepoint    ] Leaving safepoint region
[2022-06-13T01:48:05.267+0000][1][safepoint    ] Total time for which application threads were stopped: 0.0016291 seconds, Stopping threads took: 0.0005295 seconds
[2022-06-13T01:48:06.268+0000][1][safepoint    ] Application time: 1.0002972 seconds
[2022-06-13T01:48:06.268+0000][1][safepoint    ] Entering safepoint region: Cleanup
[2022-06-13T01:48:06.268+0000][1][safepoint    ] Leaving safepoint region
[2022-06-13T01:48:06.269+0000][1][safepoint    ] Total time for which application threads were stopped: 0.0005579 seconds, Stopping threads took: 0.0002617 seconds
[2022-06-13T01:48:07.269+0000][1][safepoint    ] Application time: 1.0002040 seconds
[2022-06-13T01:48:07.270+0000][1][safepoint    ] Entering safepoint region: Cleanup
[2022-06-13T01:48:07.270+0000][1][safepoint    ] Leaving safepoint region
[2022-06-13T01:48:07.271+0000][1][safepoint    ] Total time for which application threads were stopped: 0.0010054 seconds, Stopping threads took: 0.0004623 seconds
[2022-06-13T01:48:08.271+0000][1][safepoint    ] Application time: 1.0001742 seconds
[2022-06-13T01:48:08.272+0000][1][safepoint    ] Entering safepoint region: Cleanup
[2022-06-13T01:48:08.273+0000][1][safepoint    ] Leaving safepoint region
[2022-06-13T01:48:08.273+0000][1][safepoint    ] Total time for which application threads were stopped: 0.0009640 seconds, Stopping threads took: 0.0002727 seconds
[2022-06-13T01:48:09.273+0000][1][safepoint    ] Application time: 1.0001922 seconds
[2022-06-13T01:48:09.274+0000][1][safepoint    ] Entering safepoint region: Cleanup
[2022-06-13T01:48:09.274+0000][1][safepoint    ] Leaving safepoint region
[2022-06-13T01:48:09.275+0000][1][safepoint    ] Total time for which application threads were stopped: 0.0006216 seconds, Stopping threads took: 0.0002843 seconds
[2022-06-13T01:48:10.275+0000][1][safepoint    ] Application time: 1.0002684 seconds
[2022-06-13T01:48:10.276+0000][1][safepoint    ] Entering safepoint region: Cleanup
[2022-06-13T01:48:10.277+0000][1][safepoint    ] Leaving safepoint region
[2022-06-13T01:48:10.278+0000][1][safepoint    ] Total time for which application threads were stopped: 0.0018857 seconds, Stopping threads took: 0.0008011 seconds
[2022-06-13T01:48:11.279+0000][1][safepoint    ] Application time: 1.0002443 seconds
[2022-06-13T01:48:11.280+0000][1][safepoint    ] Entering safepoint region: Cleanup
[2022-06-13T01:48:11.280+0000][1][safepoint    ] Leaving safepoint region
[2022-06-13T01:48:11.281+0000][1][safepoint    ] Total time for which application threads were stopped: 0.0009668 seconds, Stopping threads took: 0.0003009 seconds
[2022-06-13T01:48:12.282+0000][1][safepoint    ] Application time: 1.0003189 seconds
[2022-06-13T01:48:12.282+0000][1][safepoint    ] Entering safepoint region: Cleanup
[2022-06-13T01:48:12.283+0000][1][safepoint    ] Leaving safepoint region
[2022-06-13T01:48:12.283+0000][1][safepoint    ] Total time for which application threads were stopped: 0.0010229 seconds, Stopping threads took: 0.0004361 seconds
[2022-06-13T01:48:13.284+0000][1][safepoint    ] Application time: 1.0002169 seconds
[2022-06-13T01:48:13.285+0000][1][safepoint    ] Entering safepoint region: Cleanup
[2022-06-13T01:48:13.285+0000][1][safepoint    ] Leaving safepoint region
[2022-06-13T01:48:13.286+0000][1][safepoint    ] Total time for which application threads were stopped: 0.0010756 seconds, Stopping threads took: 0.0004917 seconds
[2022-06-13T01:48:14.286+0000][1][safepoint    ] Application time: 1.0003914 seconds
[2022-06-13T01:48:14.287+0000][1][safepoint    ] Entering safepoint region: Cleanup
[2022-06-13T01:48:14.288+0000][1][safepoint    ] Leaving safepoint region
[2022-06-13T01:48:14.289+0000][1][safepoint    ] Total time for which application threads were stopped: 0.0013999 seconds, Stopping threads took: 0.0006878 seconds
[2022-06-13T01:48:15.290+0000][1][safepoint    ] Application time: 1.0003455 seconds
[2022-06-13T01:48:15.290+0000][1][safepoint    ] Entering safepoint region: Cleanup
[2022-06-13T01:48:15.292+0000][1][safepoint    ] Leaving safepoint region
[2022-06-13T01:48:15.293+0000][1][safepoint    ] Total time for which application threads were stopped: 0.0024529 seconds, Stopping threads took: 0.0011939 seconds
[2022-06-13T01:48:16.294+0000][1][safepoint    ] Application time: 1.0003016 seconds
[2022-06-13T01:48:16.295+0000][1][safepoint    ] Entering safepoint region: Cleanup
[2022-06-13T01:48:16.295+0000][1][safepoint    ] Leaving safepoint region
[2022-06-13T01:48:16.296+0000][1][safepoint    ] Total time for which application threads were stopped: 0.0014509 seconds, Stopping threads took: 0.0005031 seconds
[2022-06-13T01:48:18.197+0000][1][safepoint    ] Application time: 1.9005243 seconds
[2022-06-13T01:48:18.198+0000][1][safepoint    ] Entering safepoint region: Cleanup
[2022-06-13T01:48:18.199+0000][1][safepoint    ] Leaving safepoint region
[2022-06-13T01:48:18.199+0000][1][safepoint    ] Total time for which application threads were stopped: 0.0013851 seconds, Stopping threads took: 0.0006592 seconds
[2022-06-13T01:48:19.200+0000][1][safepoint    ] Application time: 1.0002386 seconds
[2022-06-13T01:48:19.201+0000][1][safepoint    ] Entering safepoint region: Cleanup
[2022-06-13T01:48:19.201+0000][1][safepoint    ] Leaving safepoint region
[2022-06-13T01:48:19.202+0000][1][safepoint    ] Total time for which application threads were stopped: 0.0008006 seconds, Stopping threads took: 0.0003676 seconds
[2022-06-13T01:48:20.202+0000][1][safepoint    ] Application time: 1.0003502 seconds
[2022-06-13T01:48:20.203+0000][1][safepoint    ] Entering safepoint region: Cleanup
[2022-06-13T01:48:20.204+0000][1][safepoint    ] Leaving safepoint region
[2022-06-13T01:48:20.205+0000][1][safepoint    ] Total time for which application threads were stopped: 0.0015809 seconds, Stopping threads took: 0.0005493 seconds
[2022-06-13T01:48:21.206+0000][1][safepoint    ] Application time: 1.0001844 seconds
[2022-06-13T01:48:21.207+0000][1][safepoint    ] Entering safepoint region: Cleanup
[2022-06-13T01:48:21.207+0000][1][safepoint    ] Leaving safepoint region
[2022-06-13T01:48:21.208+0000][1][safepoint    ] Total time for which application threads were stopped: 0.0014047 seconds, Stopping threads took: 0.0006918 seconds
[2022-06-13T01:48:22.209+0000][1][safepoint    ] Application time: 1.0001302 seconds
[2022-06-13T01:48:22.209+0000][1][safepoint    ] Entering safepoint region: Cleanup
[2022-06-13T01:48:22.210+0000][1][safepoint    ] Leaving safepoint region
[2022-06-13T01:48:22.210+0000][1][safepoint    ] Total time for which application threads were stopped: 0.0007056 seconds, Stopping threads took: 0.0003110 seconds
[2022-06-13T01:48:23.211+0000][1][safepoint    ] Application time: 1.0005933 seconds
[2022-06-13T01:48:23.212+0000][1][safepoint    ] Entering safepoint region: Cleanup
[2022-06-13T01:48:23.212+0000][1][safepoint    ] Leaving safepoint region
[2022-06-13T01:48:23.213+0000][1][safepoint    ] Total time for which application threads were stopped: 0.0011364 seconds, Stopping threads took: 0.0005157 seconds
[2022-06-13T01:48:24.214+0000][1][safepoint    ] Application time: 1.0002143 seconds
[2022-06-13T01:48:24.215+0000][1][safepoint    ] Entering safepoint region: Cleanup
[2022-06-13T01:48:24.216+0000][1][safepoint    ] Leaving safepoint region
[2022-06-13T01:48:24.217+0000][1][safepoint    ] Total time for which application threads were stopped: 0.0021621 seconds, Stopping threads took: 0.0011497 seconds
[2022-06-13T01:48:25.218+0000][1][safepoint    ] Application time: 1.0002348 seconds
[2022-06-13T01:48:25.218+0000][1][safepoint    ] Entering safepoint region: Cleanup
[2022-06-13T01:48:25.219+0000][1][safepoint    ] Leaving safepoint region
[2022-06-13T01:48:25.220+0000][1][safepoint    ] Total time for which application threads were stopped: 0.0014363 seconds, Stopping threads took: 0.0005809 seconds
[2022-06-13T01:48:26.221+0000][1][safepoint    ] Application time: 1.0002033 seconds
[2022-06-13T01:48:26.222+0000][1][safepoint    ] Entering safepoint region: Cleanup
[2022-06-13T01:48:26.222+0000][1][safepoint    ] Leaving safepoint region
[2022-06-13T01:48:26.223+0000][1][safepoint    ] Total time for which application threads were stopped: 0.0011555 seconds, Stopping threads took: 0.0005000 seconds
[2022-06-13T01:48:27.223+0000][1][safepoint    ] Application time: 1.0001430 seconds
[2022-06-13T01:48:27.224+0000][1][safepoint    ] Entering safepoint region: Cleanup
[2022-06-13T01:48:27.224+0000][1][safepoint    ] Leaving safepoint region
[2022-06-13T01:48:27.224+0000][1][safepoint    ] Total time for which application threads were stopped: 0.0006830 seconds, Stopping threads took: 0.0002751 seconds
[2022-06-13T01:48:28.225+0000][1][safepoint    ] Application time: 1.0002347 seconds
[2022-06-13T01:48:28.226+0000][1][safepoint    ] Entering safepoint region: Cleanup
[2022-06-13T01:48:28.227+0000][1][safepoint    ] Leaving safepoint region
[2022-06-13T01:48:28.228+0000][1][safepoint    ] Total time for which application threads were stopped: 0.0018266 seconds, Stopping threads took: 0.0009205 seconds
[2022-06-13T01:48:29.228+0000][1][safepoint    ] Application time: 1.0002344 seconds
[2022-06-13T01:48:29.229+0000][1][safepoint    ] Entering safepoint region: Cleanup
[2022-06-13T01:48:29.230+0000][1][safepoint    ] Leaving safepoint region
[2022-06-13T01:48:29.230+0000][1][safepoint    ] Total time for which application threads were stopped: 0.0008764 seconds, Stopping threads took: 0.0004053 seconds
[2022-06-13T01:48:30.231+0000][1][safepoint    ] Application time: 1.0002654 seconds
[2022-06-13T01:48:30.231+0000][1][safepoint    ] Entering safepoint region: Cleanup
[2022-06-13T01:48:30.232+0000][1][safepoint    ] Leaving safepoint region
[2022-06-13T01:48:30.232+0000][1][safepoint    ] Total time for which application threads were stopped: 0.0008082 seconds, Stopping threads took: 0.0003473 seconds
[2022-06-13T01:48:31.233+0000][1][safepoint    ] Application time: 1.0004206 seconds
[2022-06-13T01:48:31.234+0000][1][safepoint    ] Entering safepoint region: Cleanup
[2022-06-13T01:48:31.235+0000][1][safepoint    ] Leaving safepoint region
[2022-06-13T01:48:31.235+0000][1][safepoint    ] Total time for which application threads were stopped: 0.0016520 seconds, Stopping threads took: 0.0007749 seconds
[2022-06-13T01:48:32.236+0000][1][safepoint    ] Application time: 1.0004517 seconds
[2022-06-13T01:48:32.237+0000][1][safepoint    ] Entering safepoint region: Cleanup
[2022-06-13T01:48:32.238+0000][1][safepoint    ] Leaving safepoint region
[2022-06-13T01:48:32.239+0000][1][safepoint    ] Total time for which application threads were stopped: 0.0014232 seconds, Stopping threads took: 0.0007218 seconds
[2022-06-13T01:48:33.239+0000][1][safepoint    ] Application time: 1.0001398 seconds
[2022-06-13T01:48:33.240+0000][1][safepoint    ] Entering safepoint region: Cleanup
[2022-06-13T01:48:33.240+0000][1][safepoint    ] Leaving safepoint region
[2022-06-13T01:48:33.240+0000][1][safepoint    ] Total time for which application threads were stopped: 0.0005938 seconds, Stopping threads took: 0.0002590 seconds
[2022-06-13T01:48:34.241+0000][1][safepoint    ] Application time: 1.0002326 seconds
[2022-06-13T01:48:34.241+0000][1][safepoint    ] Entering safepoint region: Cleanup
[2022-06-13T01:48:34.242+0000][1][safepoint    ] Leaving safepoint region
[2022-06-13T01:48:34.243+0000][1][safepoint    ] Total time for which application threads were stopped: 0.0013943 seconds, Stopping threads took: 0.0006016 seconds
[2022-06-13T01:48:35.244+0000][1][safepoint    ] Application time: 1.0003955 seconds
[2022-06-13T01:48:35.245+0000][1][safepoint    ] Entering safepoint region: Cleanup
[2022-06-13T01:48:35.246+0000][1][safepoint    ] Leaving safepoint region
[2022-06-13T01:48:35.247+0000][1][safepoint    ] Total time for which application threads were stopped: 0.0018763 seconds, Stopping threads took: 0.0008942 seconds
[2022-06-13T01:48:36.248+0000][1][safepoint    ] Application time: 1.0001994 seconds
[2022-06-13T01:48:36.248+0000][1][safepoint    ] Entering safepoint region: Cleanup
[2022-06-13T01:48:36.249+0000][1][safepoint    ] Leaving safepoint region
[2022-06-13T01:48:36.249+0000][1][safepoint    ] Total time for which application threads were stopped: 0.0007090 seconds, Stopping threads took: 0.0003348 seconds
[2022-06-13T01:48:37.250+0000][1][safepoint    ] Application time: 1.0001892 seconds
[2022-06-13T01:48:37.250+0000][1][safepoint    ] Entering safepoint region: Cleanup
[2022-06-13T01:48:37.251+0000][1][safepoint    ] Leaving safepoint region
[2022-06-13T01:48:37.252+0000][1][safepoint    ] Total time for which application threads were stopped: 0.0013460 seconds, Stopping threads took: 0.0006066 seconds
[2022-06-13T01:48:38.253+0000][1][safepoint    ] Application time: 1.0002123 seconds
[2022-06-13T01:48:38.253+0000][1][safepoint    ] Entering safepoint region: Cleanup
[2022-06-13T01:48:38.254+0000][1][safepoint    ] Leaving safepoint region
[2022-06-13T01:48:38.254+0000][1][safepoint    ] Total time for which application threads were stopped: 0.0012187 seconds, Stopping threads took: 0.0006445 seconds
[2022-06-13T01:48:39.255+0000][1][safepoint    ] Application time: 1.0001338 seconds
[2022-06-13T01:48:39.255+0000][1][safepoint    ] Entering safepoint region: Cleanup
[2022-06-13T01:48:39.256+0000][1][safepoint    ] Leaving safepoint region
[2022-06-13T01:48:39.256+0000][1][safepoint    ] Total time for which application threads were stopped: 0.0006371 seconds, Stopping threads took: 0.0002751 seconds
[2022-06-13T01:48:40.256+0000][1][safepoint    ] Application time: 1.0001430 seconds
[2022-06-13T01:48:40.257+0000][1][safepoint    ] Entering safepoint region: Cleanup
[2022-06-13T01:48:40.257+0000][1][safepoint    ] Leaving safepoint region
[2022-06-13T01:48:40.258+0000][1][safepoint    ] Total time for which application threads were stopped: 0.0011171 seconds, Stopping threads took: 0.0004711 seconds
[2022-06-13T01:48:41.259+0000][1][safepoint    ] Application time: 1.0002737 seconds
[2022-06-13T01:48:41.260+0000][1][safepoint    ] Entering safepoint region: Cleanup
[2022-06-13T01:48:41.260+0000][1][safepoint    ] Leaving safepoint region
[2022-06-13T01:48:41.260+0000][1][safepoint    ] Total time for which application threads were stopped: 0.0007528 seconds, Stopping threads took: 0.0003411 seconds
[2022-06-13T01:48:42.261+0000][1][safepoint    ] Application time: 1.0003043 seconds
[2022-06-13T01:48:42.262+0000][1][safepoint    ] Entering safepoint region: Cleanup
[2022-06-13T01:48:42.263+0000][1][safepoint    ] Leaving safepoint region
[2022-06-13T01:48:42.263+0000][1][safepoint    ] Total time for which application threads were stopped: 0.0014641 seconds, Stopping threads took: 0.0007375 seconds
[2022-06-13T01:48:43.264+0000][1][safepoint    ] Application time: 1.0001952 seconds
[2022-06-13T01:48:43.265+0000][1][safepoint    ] Entering safepoint region: Cleanup
[2022-06-13T01:48:43.265+0000][1][safepoint    ] Leaving safepoint region
[2022-06-13T01:48:43.266+0000][1][safepoint    ] Total time for which application threads were stopped: 0.0012049 seconds, Stopping threads took: 0.0005525 seconds
[2022-06-13T01:48:44.267+0000][1][safepoint    ] Application time: 1.0004205 seconds
[2022-06-13T01:48:44.268+0000][1][safepoint    ] Entering safepoint region: Cleanup
[2022-06-13T01:48:44.269+0000][1][safepoint    ] Leaving safepoint region
[2022-06-13T01:48:44.270+0000][1][safepoint    ] Total time for which application threads were stopped: 0.0017432 seconds, Stopping threads took: 0.0009375 seconds
[2022-06-13T01:48:45.270+0000][1][safepoint    ] Application time: 1.0003119 seconds
[2022-06-13T01:48:45.272+0000][1][safepoint    ] Entering safepoint region: Cleanup
[2022-06-13T01:48:45.273+0000][1][safepoint    ] Leaving safepoint region
[2022-06-13T01:48:45.273+0000][1][safepoint    ] Total time for which application threads were stopped: 0.0017995 seconds, Stopping threads took: 0.0009146 seconds
[2022-06-13T01:48:46.274+0000][1][safepoint    ] Application time: 1.0004025 seconds
[2022-06-13T01:48:46.275+0000][1][safepoint    ] Entering safepoint region: Cleanup
[2022-06-13T01:48:46.276+0000][1][safepoint    ] Leaving safepoint region
[2022-06-13T01:48:46.277+0000][1][safepoint    ] Total time for which application threads were stopped: 0.0017772 seconds, Stopping threads took: 0.0008341 seconds
[2022-06-13T01:48:47.278+0000][1][safepoint    ] Application time: 1.0002505 seconds
[2022-06-13T01:48:47.279+0000][1][safepoint    ] Entering safepoint region: Cleanup
[2022-06-13T01:48:47.280+0000][1][safepoint    ] Leaving safepoint region
[2022-06-13T01:48:47.280+0000][1][safepoint    ] Total time for which application threads were stopped: 0.0011583 seconds, Stopping threads took: 0.0004897 seconds
[2022-06-13T01:48:48.281+0000][1][safepoint    ] Application time: 1.0003501 seconds
[2022-06-13T01:48:48.282+0000][1][safepoint    ] Entering safepoint region: Cleanup
[2022-06-13T01:48:48.283+0000][1][safepoint    ] Leaving safepoint region
[2022-06-13T01:48:48.284+0000][1][safepoint    ] Total time for which application threads were stopped: 0.0016645 seconds, Stopping threads took: 0.0007279 seconds
[2022-06-13T01:48:49.285+0000][1][safepoint    ] Application time: 1.0002273 seconds
[2022-06-13T01:48:49.286+0000][1][safepoint    ] Entering safepoint region: Cleanup
[2022-06-13T01:48:49.287+0000][1][safepoint    ] Leaving safepoint region
[2022-06-13T01:48:49.288+0000][1][safepoint    ] Total time for which application threads were stopped: 0.0021506 seconds, Stopping threads took: 0.0008884 seconds
[2022-06-13T01:48:50.290+0000][1][safepoint    ] Application time: 1.0002774 seconds
[2022-06-13T01:48:50.290+0000][1][safepoint    ] Entering safepoint region: Cleanup
[2022-06-13T01:48:50.291+0000][1][safepoint    ] Leaving safepoint region
[2022-06-13T01:48:50.291+0000][1][safepoint    ] Total time for which application threads were stopped: 0.0007873 seconds, Stopping threads took: 0.0003649 seconds
[2022-06-13T01:48:51.292+0000][1][safepoint    ] Application time: 1.0001891 seconds
[2022-06-13T01:48:51.292+0000][1][safepoint    ] Entering safepoint region: Cleanup
[2022-06-13T01:48:51.293+0000][1][safepoint    ] Leaving safepoint region
[2022-06-13T01:48:51.293+0000][1][safepoint    ] Total time for which application threads were stopped: 0.0005385 seconds, Stopping threads took: 0.0002308 seconds
[2022-06-13T01:48:52.293+0000][1][safepoint    ] Application time: 1.0003399 seconds
[2022-06-13T01:48:52.294+0000][1][safepoint    ] Entering safepoint region: Cleanup
[2022-06-13T01:48:52.295+0000][1][safepoint    ] Leaving safepoint region
[2022-06-13T01:48:52.296+0000][1][safepoint    ] Total time for which application threads were stopped: 0.0017522 seconds, Stopping threads took: 0.0009317 seconds
[2022-06-13T01:48:53.297+0000][1][safepoint    ] Application time: 1.0002322 seconds
[2022-06-13T01:48:53.297+0000][1][safepoint    ] Entering safepoint region: Cleanup
[2022-06-13T01:48:53.298+0000][1][safepoint    ] Leaving safepoint region
[2022-06-13T01:48:53.298+0000][1][safepoint    ] Total time for which application threads were stopped: 0.0011606 seconds, Stopping threads took: 0.0004629 seconds
[2022-06-13T01:48:53.498+0000][1][safepoint    ] Application time: 0.1987827 seconds
[2022-06-13T01:48:53.498+0000][1][safepoint    ] Entering safepoint region: RevokeBias
[2022-06-13T01:48:53.499+0000][1][safepoint    ] Leaving safepoint region
[2022-06-13T01:48:53.499+0000][1][safepoint    ] Total time for which application threads were stopped: 0.0011854 seconds, Stopping threads took: 0.0006550 seconds
[2022-06-13T01:48:53.500+0000][1][safepoint    ] Application time: 0.0004261 seconds
[2022-06-13T01:48:53.501+0000][1][safepoint    ] Entering safepoint region: RevokeBias
[2022-06-13T01:48:53.502+0000][1][safepoint    ] Leaving safepoint region
[2022-06-13T01:48:53.502+0000][1][safepoint    ] Total time for which application threads were stopped: 0.0012972 seconds, Stopping threads took: 0.0006921 seconds
[2022-06-13T01:48:53.505+0000][1][safepoint    ] Application time: 0.0024165 seconds
[2022-06-13T01:48:53.505+0000][1][safepoint    ] Entering safepoint region: RevokeBias
[2022-06-13T01:48:53.506+0000][1][safepoint    ] Leaving safepoint region
[2022-06-13T01:48:53.507+0000][1][safepoint    ] Total time for which application threads were stopped: 0.0014810 seconds, Stopping threads took: 0.0008332 seconds
[2022-06-13T01:48:53.508+0000][1][safepoint    ] Application time: 0.0003903 seconds
[2022-06-13T01:48:53.508+0000][1][safepoint    ] Entering safepoint region: RevokeBias
[2022-06-13T01:48:53.509+0000][1][safepoint    ] Leaving safepoint region
[2022-06-13T01:48:53.510+0000][1][safepoint    ] Total time for which application threads were stopped: 0.0012045 seconds, Stopping threads took: 0.0007279 seconds
[2022-06-13T01:48:53.511+0000][1][safepoint    ] Application time: 0.0008802 seconds
[2022-06-13T01:48:53.511+0000][1][safepoint    ] Entering safepoint region: RevokeBias
[2022-06-13T01:48:53.512+0000][1][safepoint    ] Leaving safepoint region
[2022-06-13T01:48:53.513+0000][1][safepoint    ] Total time for which application threads were stopped: 0.0014745 seconds, Stopping threads took: 0.0006514 seconds
[2022-06-13T01:48:53.515+0000][1][safepoint    ] Application time: 0.0010460 seconds
[2022-06-13T01:48:53.515+0000][1][safepoint    ] Entering safepoint region: RevokeBias
[2022-06-13T01:48:53.516+0000][1][safepoint    ] Leaving safepoint region
[2022-06-13T01:48:53.516+0000][1][safepoint    ] Total time for which application threads were stopped: 0.0012042 seconds, Stopping threads took: 0.0005613 seconds
[2022-06-13T01:48:53.517+0000][1][safepoint    ] Application time: 0.0007272 seconds
[2022-06-13T01:48:53.518+0000][1][safepoint    ] Entering safepoint region: RevokeBias
[2022-06-13T01:48:53.519+0000][1][safepoint    ] Leaving safepoint region
[2022-06-13T01:48:53.520+0000][1][safepoint    ] Total time for which application threads were stopped: 0.0019191 seconds, Stopping threads took: 0.0007164 seconds
[2022-06-13T01:48:53.521+0000][1][safepoint    ] Application time: 0.0001050 seconds
[2022-06-13T01:48:53.521+0000][1][safepoint    ] Entering safepoint region: RevokeBias
[2022-06-13T01:48:53.523+0000][1][safepoint    ] Leaving safepoint region
[2022-06-13T01:48:53.523+0000][1][safepoint    ] Total time for which application threads were stopped: 0.0021816 seconds, Stopping threads took: 0.0008063 seconds
[2022-06-13T01:48:53.526+0000][1][safepoint    ] Application time: 0.0023149 seconds
[2022-06-13T01:48:53.527+0000][1][safepoint    ] Entering safepoint region: RevokeBias
[2022-06-13T01:48:53.528+0000][1][safepoint    ] Leaving safepoint region
[2022-06-13T01:48:53.528+0000][1][safepoint    ] Total time for which application threads were stopped: 0.0011231 seconds, Stopping threads took: 0.0005979 seconds
[2022-06-13T01:48:53.528+0000][1][safepoint    ] Application time: 0.0002504 seconds
[2022-06-13T01:48:53.529+0000][1][safepoint    ] Entering safepoint region: RevokeBias
[2022-06-13T01:48:53.530+0000][1][safepoint    ] Leaving safepoint region
[2022-06-13T01:48:53.531+0000][1][safepoint    ] Total time for which application threads were stopped: 0.0013010 seconds, Stopping threads took: 0.0006256 seconds
[2022-06-13T01:48:53.532+0000][1][safepoint    ] Application time: 0.0008555 seconds
[2022-06-13T01:48:53.533+0000][1][safepoint    ] Entering safepoint region: RevokeBias
[2022-06-13T01:48:53.533+0000][1][safepoint    ] Leaving safepoint region
[2022-06-13T01:48:53.534+0000][1][safepoint    ] Total time for which application threads were stopped: 0.0015338 seconds, Stopping threads took: 0.0006540 seconds
[2022-06-13T01:48:53.538+0000][1][safepoint    ] Application time: 0.0027381 seconds
[2022-06-13T01:48:53.538+0000][1][safepoint    ] Entering safepoint region: RevokeBias
[2022-06-13T01:48:53.539+0000][1][safepoint    ] Leaving safepoint region
[2022-06-13T01:48:53.540+0000][1][safepoint    ] Total time for which application threads were stopped: 0.0017004 seconds, Stopping threads took: 0.0008511 seconds
[2022-06-13T01:48:53.541+0000][1][safepoint    ] Application time: 0.0007633 seconds
[2022-06-13T01:48:53.542+0000][1][safepoint    ] Entering safepoint region: RevokeBias
[2022-06-13T01:48:53.542+0000][1][safepoint    ] Leaving safepoint region
[2022-06-13T01:48:53.543+0000][1][safepoint    ] Total time for which application threads were stopped: 0.0015220 seconds, Stopping threads took: 0.0005538 seconds
[2022-06-13T01:48:53.544+0000][1][safepoint    ] Application time: 0.0005390 seconds
[2022-06-13T01:48:53.545+0000][1][safepoint    ] Entering safepoint region: RevokeBias
[2022-06-13T01:48:53.546+0000][1][safepoint    ] Leaving safepoint region
[2022-06-13T01:48:53.546+0000][1][safepoint    ] Total time for which application threads were stopped: 0.0011173 seconds, Stopping threads took: 0.0007143 seconds
[2022-06-13T01:48:53.547+0000][1][safepoint    ] Application time: 0.0006235 seconds
[2022-06-13T01:48:53.548+0000][1][safepoint    ] Entering safepoint region: RevokeBias
[2022-06-13T01:48:53.549+0000][1][safepoint    ] Leaving safepoint region
[2022-06-13T01:48:53.549+0000][1][safepoint    ] Total time for which application threads were stopped: 0.0015790 seconds, Stopping threads took: 0.0007194 seconds
[2022-06-13T01:48:53.550+0000][1][safepoint    ] Application time: 0.0003155 seconds
[2022-06-13T01:48:53.551+0000][1][safepoint    ] Entering safepoint region: RevokeBias
[2022-06-13T01:48:53.551+0000][1][safepoint    ] Leaving safepoint region
[2022-06-13T01:48:53.552+0000][1][safepoint    ] Total time for which application threads were stopped: 0.0008841 seconds, Stopping threads took: 0.0003011 seconds
[2022-06-13T01:48:53.553+0000][1][safepoint    ] Application time: 0.0004388 seconds
[2022-06-13T01:48:53.553+0000][1][safepoint    ] Entering safepoint region: RevokeBias
[2022-06-13T01:48:53.554+0000][1][safepoint    ] Leaving safepoint region
[2022-06-13T01:48:53.555+0000][1][safepoint    ] Total time for which application threads were stopped: 0.0017775 seconds, Stopping threads took: 0.0004788 seconds
[2022-06-13T01:48:53.556+0000][1][safepoint    ] Application time: 0.0003854 seconds
[2022-06-13T01:48:53.556+0000][1][safepoint    ] Entering safepoint region: RevokeBias
[2022-06-13T01:48:53.557+0000][1][safepoint    ] Leaving safepoint region
[2022-06-13T01:48:53.558+0000][1][safepoint    ] Total time for which application threads were stopped: 0.0013135 seconds, Stopping threads took: 0.0005910 seconds
[2022-06-13T01:48:53.559+0000][1][safepoint    ] Application time: 0.0003963 seconds
[2022-06-13T01:48:53.559+0000][1][safepoint    ] Entering safepoint region: RevokeBias
[2022-06-13T01:48:53.560+0000][1][safepoint    ] Leaving safepoint region
[2022-06-13T01:48:53.560+0000][1][safepoint    ] Total time for which application threads were stopped: 0.0010323 seconds, Stopping threads took: 0.0004530 seconds
[2022-06-13T01:48:53.561+0000][1][safepoint    ] Application time: 0.0008475 seconds
[2022-06-13T01:48:53.562+0000][1][safepoint    ] Entering safepoint region: RevokeBias
[2022-06-13T01:48:53.562+0000][1][safepoint    ] Leaving safepoint region
[2022-06-13T01:48:53.563+0000][1][safepoint    ] Total time for which application threads were stopped: 0.0011708 seconds, Stopping threads took: 0.0004200 seconds
[2022-06-13T01:48:53.564+0000][1][safepoint    ] Application time: 0.0003808 seconds
[2022-06-13T01:48:53.564+0000][1][safepoint    ] Entering safepoint region: RevokeBias
[2022-06-13T01:48:53.565+0000][1][safepoint    ] Leaving safepoint region
[2022-06-13T01:48:53.566+0000][1][safepoint    ] Total time for which application threads were stopped: 0.0011855 seconds, Stopping threads took: 0.0005767 seconds
[2022-06-13T01:48:53.567+0000][1][safepoint    ] Application time: 0.0009148 seconds
[2022-06-13T01:48:53.568+0000][1][safepoint    ] Entering safepoint region: RevokeBias
[2022-06-13T01:48:53.569+0000][1][safepoint    ] Leaving safepoint region
[2022-06-13T01:48:53.569+0000][1][safepoint    ] Total time for which application threads were stopped: 0.0015410 seconds, Stopping threads took: 0.0005011 seconds
[2022-06-13T01:48:53.571+0000][1][safepoint    ] Application time: 0.0011282 seconds
[2022-06-13T01:48:53.572+0000][1][safepoint    ] Entering safepoint region: RevokeBias
[2022-06-13T01:48:53.572+0000][1][safepoint    ] Leaving safepoint region
[2022-06-13T01:48:53.573+0000][1][safepoint    ] Total time for which application threads were stopped: 0.0011731 seconds, Stopping threads took: 0.0005392 seconds
[2022-06-13T01:48:53.574+0000][1][safepoint    ] Application time: 0.0009892 seconds
[2022-06-13T01:48:53.575+0000][1][safepoint    ] Entering safepoint region: RevokeBias
[2022-06-13T01:48:53.575+0000][1][safepoint    ] Leaving safepoint region
[2022-06-13T01:48:53.576+0000][1][safepoint    ] Total time for which application threads were stopped: 0.0010404 seconds, Stopping threads took: 0.0005852 seconds
[2022-06-13T01:48:53.577+0000][1][safepoint    ] Application time: 0.0004616 seconds
[2022-06-13T01:48:53.577+0000][1][safepoint    ] Entering safepoint region: RevokeBias
[2022-06-13T01:48:53.578+0000][1][safepoint    ] Leaving safepoint region
[2022-06-13T01:48:53.578+0000][1][safepoint    ] Total time for which application threads were stopped: 0.0010526 seconds, Stopping threads took: 0.0005573 seconds
[2022-06-13T01:48:53.579+0000][1][safepoint    ] Application time: 0.0003872 seconds
[2022-06-13T01:48:53.580+0000][1][safepoint    ] Entering safepoint region: RevokeBias
[2022-06-13T01:48:53.581+0000][1][safepoint    ] Leaving safepoint region
[2022-06-13T01:48:53.582+0000][1][safepoint    ] Total time for which application threads were stopped: 0.0017228 seconds, Stopping threads took: 0.0009536 seconds
[2022-06-13T01:48:53.582+0000][1][safepoint    ] Application time: 0.0001608 seconds
[2022-06-13T01:48:53.583+0000][1][safepoint    ] Entering safepoint region: RevokeBias
[2022-06-13T01:48:53.583+0000][1][safepoint    ] Leaving safepoint region
[2022-06-13T01:48:53.584+0000][1][safepoint    ] Total time for which application threads were stopped: 0.0010832 seconds, Stopping threads took: 0.0005735 seconds
[2022-06-13T01:48:53.585+0000][1][safepoint    ] Application time: 0.0010621 seconds
[2022-06-13T01:48:53.586+0000][1][safepoint    ] Entering safepoint region: RevokeBias
[2022-06-13T01:48:53.587+0000][1][safepoint    ] Leaving safepoint region
[2022-06-13T01:48:53.587+0000][1][safepoint    ] Total time for which application threads were stopped: 0.0012394 seconds, Stopping threads took: 0.0007161 seconds
[2022-06-13T01:48:53.588+0000][1][safepoint    ] Application time: 0.0007640 seconds
[2022-06-13T01:48:53.589+0000][1][safepoint    ] Entering safepoint region: RevokeBias
[2022-06-13T01:48:53.589+0000][1][safepoint    ] Leaving safepoint region
[2022-06-13T01:48:53.590+0000][1][safepoint    ] Total time for which application threads were stopped: 0.0011716 seconds, Stopping threads took: 0.0004967 seconds
[2022-06-13T01:48:53.591+0000][1][safepoint    ] Application time: 0.0003793 seconds
[2022-06-13T01:48:53.591+0000][1][safepoint    ] Entering safepoint region: RevokeBias
[2022-06-13T01:48:53.592+0000][1][safepoint    ] Leaving safepoint region
[2022-06-13T01:48:53.592+0000][1][safepoint    ] Total time for which application threads were stopped: 0.0009177 seconds, Stopping threads took: 0.0004679 seconds
[2022-06-13T01:48:53.595+0000][1][safepoint    ] Application time: 0.0027596 seconds
[2022-06-13T01:48:53.596+0000][1][safepoint    ] Entering safepoint region: RevokeBias
[2022-06-13T01:48:53.597+0000][1][safepoint    ] Leaving safepoint region
[2022-06-13T01:48:53.598+0000][1][safepoint    ] Total time for which application threads were stopped: 0.0019362 seconds, Stopping threads took: 0.0010423 seconds
[2022-06-13T01:48:53.939+0000][1][safepoint    ] Application time: 0.3410465 seconds
[2022-06-13T01:48:53.940+0000][1][safepoint    ] Entering safepoint region: RevokeBias
[2022-06-13T01:48:53.940+0000][1][safepoint    ] Leaving safepoint region
[2022-06-13T01:48:53.940+0000][1][safepoint    ] Total time for which application threads were stopped: 0.0008414 seconds, Stopping threads took: 0.0004138 seconds
[2022-06-13T01:48:53.941+0000][1][safepoint    ] Application time: 0.0004741 seconds
[2022-06-13T01:48:53.941+0000][1][safepoint    ] Entering safepoint region: RevokeBias
[2022-06-13T01:48:53.942+0000][1][safepoint    ] Leaving safepoint region
[2022-06-13T01:48:53.942+0000][1][safepoint    ] Total time for which application threads were stopped: 0.0007566 seconds, Stopping threads took: 0.0004155 seconds
[2022-06-13T01:48:53.942+0000][1][safepoint    ] Application time: 0.0000825 seconds
[2022-06-13T01:48:53.943+0000][1][safepoint    ] Entering safepoint region: RevokeBias
[2022-06-13T01:48:53.943+0000][1][safepoint    ] Leaving safepoint region
[2022-06-13T01:48:53.944+0000][1][safepoint    ] Total time for which application threads were stopped: 0.0007582 seconds, Stopping threads took: 0.0003177 seconds
[2022-06-13T01:48:53.944+0000][1][safepoint    ] Application time: 0.0001805 seconds
[2022-06-13T01:48:53.945+0000][1][safepoint    ] Entering safepoint region: RevokeBias
[2022-06-13T01:48:53.946+0000][1][safepoint    ] Leaving safepoint region
[2022-06-13T01:48:53.947+0000][1][safepoint    ] Total time for which application threads were stopped: 0.0021876 seconds, Stopping threads took: 0.0011182 seconds
[2022-06-13T01:48:53.948+0000][1][safepoint    ] Application time: 0.0002213 seconds
[2022-06-13T01:48:53.948+0000][1][safepoint    ] Entering safepoint region: RevokeBias
[2022-06-13T01:48:53.948+0000][1][safepoint    ] Leaving safepoint region
[2022-06-13T01:48:53.949+0000][1][safepoint    ] Total time for which application threads were stopped: 0.0007985 seconds, Stopping threads took: 0.0005025 seconds
[2022-06-13T01:48:53.950+0000][1][safepoint    ] Application time: 0.0010229 seconds
[2022-06-13T01:48:53.950+0000][1][safepoint    ] Entering safepoint region: RevokeBias
[2022-06-13T01:48:53.951+0000][1][safepoint    ] Leaving safepoint region
[2022-06-13T01:48:53.951+0000][1][safepoint    ] Total time for which application threads were stopped: 0.0011196 seconds, Stopping threads took: 0.0006753 seconds
[2022-06-13T01:48:53.958+0000][1][safepoint    ] Application time: 0.0042513 seconds
[2022-06-13T01:48:53.959+0000][1][safepoint    ] Entering safepoint region: RevokeBias
[2022-06-13T01:48:53.959+0000][1][safepoint    ] Leaving safepoint region
[2022-06-13T01:48:53.960+0000][1][safepoint    ] Total time for which application threads were stopped: 0.0013145 seconds, Stopping threads took: 0.0007714 seconds
[2022-06-13T01:48:53.961+0000][1][safepoint    ] Application time: 0.0005867 seconds
[2022-06-13T01:48:53.962+0000][1][safepoint    ] Entering safepoint region: RevokeBias
[2022-06-13T01:48:53.962+0000][1][safepoint    ] Leaving safepoint region
[2022-06-13T01:48:53.962+0000][1][safepoint    ] Total time for which application threads were stopped: 0.0008075 seconds, Stopping threads took: 0.0003738 seconds
[2022-06-13T01:48:53.963+0000][1][safepoint    ] Application time: 0.0002265 seconds
[2022-06-13T01:48:53.963+0000][1][safepoint    ] Entering safepoint region: RevokeBias
[2022-06-13T01:48:53.964+0000][1][safepoint    ] Leaving safepoint region
[2022-06-13T01:48:53.964+0000][1][safepoint    ] Total time for which application threads were stopped: 0.0007190 seconds, Stopping threads took: 0.0003530 seconds
[2022-06-13T01:48:53.966+0000][1][safepoint    ] Application time: 0.0019366 seconds
[2022-06-13T01:48:53.967+0000][1][safepoint    ] Entering safepoint region: RevokeBias
[2022-06-13T01:48:53.967+0000][1][safepoint    ] Leaving safepoint region
[2022-06-13T01:48:53.968+0000][1][safepoint    ] Total time for which application threads were stopped: 0.0006532 seconds, Stopping threads took: 0.0002913 seconds
[2022-06-13T01:48:53.969+0000][1][safepoint    ] Application time: 0.0004791 seconds
[2022-06-13T01:48:53.969+0000][1][safepoint    ] Entering safepoint region: RevokeBias
[2022-06-13T01:48:53.969+0000][1][safepoint    ] Leaving safepoint region
[2022-06-13T01:48:53.970+0000][1][safepoint    ] Total time for which application threads were stopped: 0.0008973 seconds, Stopping threads took: 0.0004877 seconds
[2022-06-13T01:48:53.970+0000][1][safepoint    ] Application time: 0.0001724 seconds
[2022-06-13T01:48:53.971+0000][1][safepoint    ] Entering safepoint region: BulkRevokeBias
[2022-06-13T01:48:53.971+0000][1][safepoint    ] Leaving safepoint region
[2022-06-13T01:48:53.972+0000][1][safepoint    ] Total time for which application threads were stopped: 0.0008220 seconds, Stopping threads took: 0.0002576 seconds
[2022-06-13T01:48:53.975+0000][1][safepoint    ] Application time: 0.0028831 seconds
[2022-06-13T01:48:53.975+0000][1][safepoint    ] Entering safepoint region: RevokeBias
[2022-06-13T01:48:53.975+0000][1][safepoint    ] Leaving safepoint region
[2022-06-13T01:48:53.976+0000][1][safepoint    ] Total time for which application threads were stopped: 0.0007651 seconds, Stopping threads took: 0.0002877 seconds
[2022-06-13T01:48:53.990+0000][1][safepoint    ] Application time: 0.0135844 seconds
[2022-06-13T01:48:53.990+0000][1][safepoint    ] Entering safepoint region: RevokeBias
[2022-06-13T01:48:53.991+0000][1][safepoint    ] Leaving safepoint region
[2022-06-13T01:48:53.991+0000][1][safepoint    ] Total time for which application threads were stopped: 0.0008813 seconds, Stopping threads took: 0.0003242 seconds
[2022-06-13T01:48:53.992+0000][1][safepoint    ] Application time: 0.0001660 seconds
[2022-06-13T01:48:53.992+0000][1][safepoint    ] Entering safepoint region: RevokeBias
[2022-06-13T01:48:53.992+0000][1][safepoint    ] Leaving safepoint region
[2022-06-13T01:48:53.993+0000][1][safepoint    ] Total time for which application threads were stopped: 0.0008813 seconds, Stopping threads took: 0.0002667 seconds
[2022-06-13T01:48:53.993+0000][1][safepoint    ] Application time: 0.0001228 seconds
[2022-06-13T01:48:53.993+0000][1][safepoint    ] Entering safepoint region: RevokeBias
[2022-06-13T01:48:53.994+0000][1][safepoint    ] Leaving safepoint region
[2022-06-13T01:48:53.994+0000][1][safepoint    ] Total time for which application threads were stopped: 0.0006484 seconds, Stopping threads took: 0.0002794 seconds
[2022-06-13T01:48:53.996+0000][1][safepoint    ] Application time: 0.0014159 seconds
[2022-06-13T01:48:53.996+0000][1][safepoint    ] Entering safepoint region: RevokeBias
[2022-06-13T01:48:53.997+0000][1][safepoint    ] Leaving safepoint region
[2022-06-13T01:48:53.997+0000][1][safepoint    ] Total time for which application threads were stopped: 0.0008591 seconds, Stopping threads took: 0.0004118 seconds
[2022-06-13T01:48:54.000+0000][1][safepoint    ] Application time: 0.0022603 seconds
[2022-06-13T01:48:54.000+0000][1][safepoint    ] Entering safepoint region: RevokeBias
[2022-06-13T01:48:54.001+0000][1][safepoint    ] Leaving safepoint region
[2022-06-13T01:48:54.001+0000][1][safepoint    ] Total time for which application threads were stopped: 0.0007203 seconds, Stopping threads took: 0.0003523 seconds
[2022-06-13T01:48:54.002+0000][1][safepoint    ] Application time: 0.0006292 seconds
[2022-06-13T01:48:54.002+0000][1][safepoint    ] Entering safepoint region: RevokeBias
[2022-06-13T01:48:54.003+0000][1][safepoint    ] Leaving safepoint region
[2022-06-13T01:48:54.003+0000][1][safepoint    ] Total time for which application threads were stopped: 0.0006666 seconds, Stopping threads took: 0.0003274 seconds
[2022-06-13T01:48:54.006+0000][1][safepoint    ] Application time: 0.0032029 seconds
[2022-06-13T01:48:54.007+0000][1][safepoint    ] Entering safepoint region: RevokeBias
[2022-06-13T01:48:54.007+0000][1][safepoint    ] Leaving safepoint region
[2022-06-13T01:48:54.007+0000][1][safepoint    ] Total time for which application threads were stopped: 0.0005898 seconds, Stopping threads took: 0.0002619 seconds
[2022-06-13T01:48:54.008+0000][1][safepoint    ] Application time: 0.0007260 seconds
[2022-06-13T01:48:54.009+0000][1][safepoint    ] Entering safepoint region: RevokeBias
[2022-06-13T01:48:54.009+0000][1][safepoint    ] Leaving safepoint region
[2022-06-13T01:48:54.010+0000][1][safepoint    ] Total time for which application threads were stopped: 0.0009385 seconds, Stopping threads took: 0.0004304 seconds
[2022-06-13T01:48:54.010+0000][1][safepoint    ] Application time: 0.0002486 seconds
[2022-06-13T01:48:54.011+0000][1][safepoint    ] Entering safepoint region: RevokeBias
[2022-06-13T01:48:54.011+0000][1][safepoint    ] Leaving safepoint region
[2022-06-13T01:48:54.013+0000][1][safepoint    ] Total time for which application threads were stopped: 0.0019883 seconds, Stopping threads took: 0.0002431 seconds
[2022-06-13T01:48:54.015+0000][1][safepoint    ] Application time: 0.0013994 seconds
[2022-06-13T01:48:54.015+0000][1][safepoint    ] Entering safepoint region: RevokeBias
[2022-06-13T01:48:54.016+0000][1][safepoint    ] Leaving safepoint region
[2022-06-13T01:48:54.016+0000][1][safepoint    ] Total time for which application threads were stopped: 0.0006297 seconds, Stopping threads took: 0.0002805 seconds
[2022-06-13T01:48:54.019+0000][1][safepoint    ] Application time: 0.0031195 seconds
[2022-06-13T01:48:54.020+0000][1][safepoint    ] Entering safepoint region: RevokeBias
[2022-06-13T01:48:54.020+0000][1][safepoint    ] Leaving safepoint region
[2022-06-13T01:48:54.021+0000][1][safepoint    ] Total time for which application threads were stopped: 0.0009210 seconds, Stopping threads took: 0.0004619 seconds
[2022-06-13T01:48:54.023+0000][1][safepoint    ] Application time: 0.0010078 seconds
[2022-06-13T01:48:54.023+0000][1][safepoint    ] Entering safepoint region: RevokeBias
[2022-06-13T01:48:54.024+0000][1][safepoint    ] Leaving safepoint region
[2022-06-13T01:48:54.024+0000][1][safepoint    ] Total time for which application threads were stopped: 0.0007491 seconds, Stopping threads took: 0.0003795 seconds
[2022-06-13T01:48:54.029+0000][1][gc,heap,exit ] Heap
[2022-06-13T01:48:54.030+0000][1][gc,heap,exit ]  par new generation   total 78656K, used 56482K [0x00000000f0000000, 0x00000000f5550000, 0x00000000f5550000)
[2022-06-13T01:48:54.030+0000][1][gc,heap,exit ]   eden space 69952K,  77% used [0x00000000f0000000, 0x00000000f3530ac8, 0x00000000f4450000)
[2022-06-13T01:48:54.030+0000][1][gc,heap,exit ]   from space 8704K,  23% used [0x00000000f4450000, 0x00000000f4648070, 0x00000000f4cd0000)
[2022-06-13T01:48:54.030+0000][1][gc,heap,exit ]   to   space 8704K,   0% used [0x00000000f4cd0000, 0x00000000f4cd0000, 0x00000000f5550000)
[2022-06-13T01:48:54.031+0000][1][gc,heap,exit ]  concurrent mark-sweep generation total 174784K, used 67704K [0x00000000f5550000, 0x0000000100000000, 0x0000000100000000)
[2022-06-13T01:48:54.031+0000][1][gc,heap,exit ]  Metaspace       used 65503K, capacity 70406K, committed 70552K, reserved 1110016K
[2022-06-13T01:48:54.032+0000][1][gc,heap,exit ]   class space    used 8775K, capacity 10835K, committed 10912K, reserved 1048576K
[2022-06-13T01:48:54.032+0000][1][safepoint    ] Application time: 0.0072448 seconds
[2022-06-13T01:48:54.032+0000][1][safepoint    ] Entering safepoint region: Exit
