[2022-06-13T03:17:27.908+0000][1][gc] Using Concurrent Mark Sweep
[2022-06-13T03:17:27.909+0000][1][gc,heap,coops] Heap address: 0x00000000f0000000, size: 256 MB, Compressed Oops mode: 32-bit
[2022-06-13T03:17:27.952+0000][1][safepoint    ] Entering safepoint region: EnableBiasedLocking
[2022-06-13T03:17:27.952+0000][1][safepoint    ] Leaving safepoint region
[2022-06-13T03:17:27.953+0000][1][safepoint    ] Total time for which application threads were stopped: 0.0006331 seconds, Stopping threads took: 0.0003110 seconds
[2022-06-13T03:17:27.956+0000][1][safepoint    ] Application time: 0.0032562 seconds
[2022-06-13T03:17:27.957+0000][1][safepoint    ] Entering safepoint region: RevokeBias
[2022-06-13T03:17:27.957+0000][1][safepoint    ] Leaving safepoint region
[2022-06-13T03:17:27.958+0000][1][safepoint    ] Total time for which application threads were stopped: 0.0006935 seconds, Stopping threads took: 0.0004091 seconds
[2022-06-13T03:17:27.968+0000][1][safepoint    ] Application time: 0.0101382 seconds
[2022-06-13T03:17:27.968+0000][1][safepoint    ] Entering safepoint region: Deoptimize
[2022-06-13T03:17:27.969+0000][1][safepoint    ] Leaving safepoint region
[2022-06-13T03:17:27.969+0000][1][safepoint    ] Total time for which application threads were stopped: 0.0005192 seconds, Stopping threads took: 0.0001769 seconds
[2022-06-13T03:17:28.033+0000][1][safepoint    ] Application time: 0.0637807 seconds
[2022-06-13T03:17:28.033+0000][1][safepoint    ] Entering safepoint region: RevokeBias
[2022-06-13T03:17:28.033+0000][1][safepoint    ] Leaving safepoint region
[2022-06-13T03:17:28.033+0000][1][safepoint    ] Total time for which application threads were stopped: 0.0003159 seconds, Stopping threads took: 0.0001563 seconds
[2022-06-13T03:17:28.059+0000][1][safepoint    ] Application time: 0.0249844 seconds
[2022-06-13T03:17:28.059+0000][1][safepoint    ] Entering safepoint region: Deoptimize
[2022-06-13T03:17:28.059+0000][1][safepoint    ] Leaving safepoint region
[2022-06-13T03:17:28.059+0000][1][safepoint    ] Total time for which application threads were stopped: 0.0004712 seconds, Stopping threads took: 0.0001778 seconds
[2022-06-13T03:17:28.288+0000][1][safepoint    ] Application time: 0.2285006 seconds
[2022-06-13T03:17:28.288+0000][1][safepoint    ] Entering safepoint region: Deoptimize
[2022-06-13T03:17:28.289+0000][1][safepoint    ] Leaving safepoint region
[2022-06-13T03:17:28.289+0000][1][safepoint    ] Total time for which application threads were stopped: 0.0004812 seconds, Stopping threads took: 0.0001377 seconds
[2022-06-13T03:17:28.302+0000][1][safepoint    ] Application time: 0.0132336 seconds
[2022-06-13T03:17:28.302+0000][1][safepoint    ] Entering safepoint region: Deoptimize
[2022-06-13T03:17:28.303+0000][1][safepoint    ] Leaving safepoint region
[2022-06-13T03:17:28.303+0000][1][safepoint    ] Total time for which application threads were stopped: 0.0006285 seconds, Stopping threads took: 0.0002474 seconds
[2022-06-13T03:17:28.341+0000][1][safepoint    ] Application time: 0.0380662 seconds
[2022-06-13T03:17:28.342+0000][1][safepoint    ] Entering safepoint region: Deoptimize
[2022-06-13T03:17:28.342+0000][1][safepoint    ] Leaving safepoint region
[2022-06-13T03:17:28.342+0000][1][safepoint    ] Total time for which application threads were stopped: 0.0005475 seconds, Stopping threads took: 0.0002285 seconds
[2022-06-13T03:17:28.352+0000][1][safepoint    ] Application time: 0.0095212 seconds
[2022-06-13T03:17:28.352+0000][1][safepoint    ] Entering safepoint region: Deoptimize
[2022-06-13T03:17:28.353+0000][1][safepoint    ] Leaving safepoint region
[2022-06-13T03:17:28.353+0000][1][safepoint    ] Total time for which application threads were stopped: 0.0005701 seconds, Stopping threads took: 0.0002079 seconds
[2022-06-13T03:17:28.685+0000][1][safepoint    ] Application time: 0.3320123 seconds
[2022-06-13T03:17:28.685+0000][1][safepoint    ] Entering safepoint region: Deoptimize
[2022-06-13T03:17:28.686+0000][1][safepoint    ] Leaving safepoint region
[2022-06-13T03:17:28.686+0000][1][safepoint    ] Total time for which application threads were stopped: 0.0005276 seconds, Stopping threads took: 0.0001690 seconds
[2022-06-13T03:17:28.889+0000][1][safepoint    ] Application time: 0.2025279 seconds
[2022-06-13T03:17:28.895+0000][1][safepoint    ] Entering safepoint region: RevokeBias
[2022-06-13T03:17:28.903+0000][1][safepoint    ] Leaving safepoint region
[2022-06-13T03:17:28.904+0000][1][safepoint    ] Total time for which application threads were stopped: 0.0083682 seconds, Stopping threads took: 0.0079717 seconds
[2022-06-13T03:17:29.038+0000][1][safepoint    ] Application time: 0.1341902 seconds
[2022-06-13T03:17:29.038+0000][1][safepoint    ] Entering safepoint region: Deoptimize
[2022-06-13T03:17:29.039+0000][1][safepoint    ] Leaving safepoint region
[2022-06-13T03:17:29.039+0000][1][safepoint    ] Total time for which application threads were stopped: 0.0006177 seconds, Stopping threads took: 0.0001831 seconds
[2022-06-13T03:17:29.141+0000][1][safepoint    ] Application time: 0.1018045 seconds
[2022-06-13T03:17:29.144+0000][1][safepoint    ] Entering safepoint region: Deoptimize
[2022-06-13T03:17:29.144+0000][1][safepoint    ] Leaving safepoint region
[2022-06-13T03:17:29.148+0000][1][safepoint    ] Total time for which application threads were stopped: 0.0046738 seconds, Stopping threads took: 0.0002253 seconds
[2022-06-13T03:17:29.169+0000][1][safepoint    ] Application time: 0.0098905 seconds
[2022-06-13T03:17:29.170+0000][1][safepoint    ] Entering safepoint region: Deoptimize
[2022-06-13T03:17:29.171+0000][1][safepoint    ] Leaving safepoint region
[2022-06-13T03:17:29.171+0000][1][safepoint    ] Total time for which application threads were stopped: 0.0006428 seconds, Stopping threads took: 0.0002349 seconds
[2022-06-13T03:17:29.205+0000][1][safepoint    ] Application time: 0.0345727 seconds
[2022-06-13T03:17:29.206+0000][1][safepoint    ] Entering safepoint region: Deoptimize
[2022-06-13T03:17:29.206+0000][1][safepoint    ] Leaving safepoint region
[2022-06-13T03:17:29.206+0000][1][safepoint    ] Total time for which application threads were stopped: 0.0004684 seconds, Stopping threads took: 0.0001219 seconds
[2022-06-13T03:17:29.211+0000][1][safepoint    ] Application time: 0.0052397 seconds
[2022-06-13T03:17:29.212+0000][1][safepoint    ] Entering safepoint region: RevokeBias
[2022-06-13T03:17:29.212+0000][1][safepoint    ] Leaving safepoint region
[2022-06-13T03:17:29.212+0000][1][safepoint    ] Total time for which application threads were stopped: 0.0003978 seconds, Stopping threads took: 0.0001962 seconds
[2022-06-13T03:17:29.213+0000][1][safepoint    ] Application time: 0.0003233 seconds
[2022-06-13T03:17:29.213+0000][1][safepoint    ] Entering safepoint region: RevokeBias
[2022-06-13T03:17:29.213+0000][1][safepoint    ] Leaving safepoint region
[2022-06-13T03:17:29.213+0000][1][safepoint    ] Total time for which application threads were stopped: 0.0003862 seconds, Stopping threads took: 0.0002151 seconds
[2022-06-13T03:17:29.213+0000][1][safepoint    ] Application time: 0.0001492 seconds
[2022-06-13T03:17:29.214+0000][1][safepoint    ] Entering safepoint region: RevokeBias
[2022-06-13T03:17:29.214+0000][1][safepoint    ] Leaving safepoint region
[2022-06-13T03:17:29.214+0000][1][safepoint    ] Total time for which application threads were stopped: 0.0003588 seconds, Stopping threads took: 0.0001797 seconds
[2022-06-13T03:17:29.214+0000][1][safepoint    ] Application time: 0.0001310 seconds
[2022-06-13T03:17:29.214+0000][1][safepoint    ] Entering safepoint region: RevokeBias
[2022-06-13T03:17:29.215+0000][1][safepoint    ] Leaving safepoint region
[2022-06-13T03:17:29.215+0000][1][safepoint    ] Total time for which application threads were stopped: 0.0003565 seconds, Stopping threads took: 0.0002000 seconds
[2022-06-13T03:17:29.215+0000][1][safepoint    ] Application time: 0.0001609 seconds
[2022-06-13T03:17:29.215+0000][1][safepoint    ] Entering safepoint region: RevokeBias
[2022-06-13T03:17:29.216+0000][1][safepoint    ] Leaving safepoint region
[2022-06-13T03:17:29.216+0000][1][safepoint    ] Total time for which application threads were stopped: 0.0003211 seconds, Stopping threads took: 0.0001509 seconds
[2022-06-13T03:17:29.217+0000][1][safepoint    ] Application time: 0.0011275 seconds
[2022-06-13T03:17:29.217+0000][1][safepoint    ] Entering safepoint region: RevokeBias
[2022-06-13T03:17:29.217+0000][1][safepoint    ] Leaving safepoint region
[2022-06-13T03:17:29.218+0000][1][safepoint    ] Total time for which application threads were stopped: 0.0003514 seconds, Stopping threads took: 0.0001697 seconds
[2022-06-13T03:17:29.224+0000][1][safepoint    ] Application time: 0.0060232 seconds
[2022-06-13T03:17:29.224+0000][1][safepoint    ] Entering safepoint region: Deoptimize
[2022-06-13T03:17:29.225+0000][1][safepoint    ] Leaving safepoint region
[2022-06-13T03:17:29.225+0000][1][safepoint    ] Total time for which application threads were stopped: 0.0006106 seconds, Stopping threads took: 0.0001906 seconds
[2022-06-13T03:17:29.299+0000][1][safepoint    ] Application time: 0.0740914 seconds
[2022-06-13T03:17:29.302+0000][1][safepoint    ] Entering safepoint region: GenCollectForAllocation
[2022-06-13T03:17:29.302+0000][1][gc,start     ] GC(0) Pause Young (Allocation Failure)
[2022-06-13T03:17:29.303+0000][1][gc,task      ] GC(0) Using 5 workers of 13 for evacuation
[2022-06-13T03:17:29.309+0000][1][gc,age       ] GC(0) Desired survivor size 4456448 bytes, new threshold 1 (max threshold 6)
[2022-06-13T03:17:29.310+0000][1][gc,age       ] GC(0) Age table with threshold 1 (max threshold 6)
[2022-06-13T03:17:29.310+0000][1][gc,age       ] GC(0) - age   1:    8158152 bytes,    8158152 total
[2022-06-13T03:17:29.310+0000][1][gc,heap      ] GC(0) ParNew: 69952K->8074K(78656K)
[2022-06-13T03:17:29.311+0000][1][gc,heap      ] GC(0) CMS: 0K->0K(174784K)
[2022-06-13T03:17:29.311+0000][1][gc,metaspace ] GC(0) Metaspace: 12286K->12286K(1060864K)
[2022-06-13T03:17:29.311+0000][1][gc           ] GC(0) Pause Young (Allocation Failure) 68M->7M(247M) 8.807ms
[2022-06-13T03:17:29.311+0000][1][gc,cpu       ] GC(0) User=0.02s Sys=0.00s Real=0.01s
[2022-06-13T03:17:29.311+0000][1][safepoint    ] Leaving safepoint region
[2022-06-13T03:17:29.311+0000][1][safepoint    ] Total time for which application threads were stopped: 0.0094606 seconds, Stopping threads took: 0.0002211 seconds
[2022-06-13T03:17:29.311+0000][1][safepoint    ] Application time: 0.0002871 seconds
[2022-06-13T03:17:29.312+0000][1][safepoint    ] Entering safepoint region: RevokeBias
[2022-06-13T03:17:29.312+0000][1][safepoint    ] Leaving safepoint region
[2022-06-13T03:17:29.312+0000][1][safepoint    ] Total time for which application threads were stopped: 0.0004187 seconds, Stopping threads took: 0.0002100 seconds
[2022-06-13T03:17:29.312+0000][1][safepoint    ] Application time: 0.0000511 seconds
[2022-06-13T03:17:29.312+0000][1][safepoint    ] Entering safepoint region: RevokeBias
[2022-06-13T03:17:29.313+0000][1][safepoint    ] Leaving safepoint region
[2022-06-13T03:17:29.313+0000][1][safepoint    ] Total time for which application threads were stopped: 0.0003072 seconds, Stopping threads took: 0.0001347 seconds
[2022-06-13T03:17:29.313+0000][1][safepoint    ] Application time: 0.0001193 seconds
[2022-06-13T03:17:29.313+0000][1][safepoint    ] Entering safepoint region: RevokeBias
[2022-06-13T03:17:29.313+0000][1][safepoint    ] Leaving safepoint region
[2022-06-13T03:17:29.313+0000][1][safepoint    ] Total time for which application threads were stopped: 0.0003735 seconds, Stopping threads took: 0.0001695 seconds
[2022-06-13T03:17:29.314+0000][1][safepoint    ] Application time: 0.0001078 seconds
[2022-06-13T03:17:29.314+0000][1][safepoint    ] Entering safepoint region: RevokeBias
[2022-06-13T03:17:29.314+0000][1][safepoint    ] Leaving safepoint region
[2022-06-13T03:17:29.314+0000][1][safepoint    ] Total time for which application threads were stopped: 0.0003570 seconds, Stopping threads took: 0.0001781 seconds
[2022-06-13T03:17:29.315+0000][1][safepoint    ] Application time: 0.0000803 seconds
[2022-06-13T03:17:29.315+0000][1][safepoint    ] Entering safepoint region: RevokeBias
[2022-06-13T03:17:29.315+0000][1][safepoint    ] Leaving safepoint region
[2022-06-13T03:17:29.315+0000][1][safepoint    ] Total time for which application threads were stopped: 0.0002921 seconds, Stopping threads took: 0.0001559 seconds
[2022-06-13T03:17:29.315+0000][1][safepoint    ] Application time: 0.0000704 seconds
[2022-06-13T03:17:29.315+0000][1][safepoint    ] Entering safepoint region: RevokeBias
[2022-06-13T03:17:29.315+0000][1][safepoint    ] Leaving safepoint region
[2022-06-13T03:17:29.316+0000][1][safepoint    ] Total time for which application threads were stopped: 0.0002176 seconds, Stopping threads took: 0.0001078 seconds
[2022-06-13T03:17:29.316+0000][1][safepoint    ] Application time: 0.0000509 seconds
[2022-06-13T03:17:29.316+0000][1][safepoint    ] Entering safepoint region: RevokeBias
[2022-06-13T03:17:29.316+0000][1][safepoint    ] Leaving safepoint region
[2022-06-13T03:17:29.316+0000][1][safepoint    ] Total time for which application threads were stopped: 0.0002759 seconds, Stopping threads took: 0.0001310 seconds
[2022-06-13T03:17:29.316+0000][1][safepoint    ] Application time: 0.0000397 seconds
[2022-06-13T03:17:29.316+0000][1][safepoint    ] Entering safepoint region: RevokeBias
[2022-06-13T03:17:29.317+0000][1][safepoint    ] Leaving safepoint region
[2022-06-13T03:17:29.317+0000][1][safepoint    ] Total time for which application threads were stopped: 0.0002489 seconds, Stopping threads took: 0.0001094 seconds
[2022-06-13T03:17:29.317+0000][1][safepoint    ] Application time: 0.0001164 seconds
[2022-06-13T03:17:29.317+0000][1][safepoint    ] Entering safepoint region: RevokeBias
[2022-06-13T03:17:29.317+0000][1][safepoint    ] Leaving safepoint region
[2022-06-13T03:17:29.317+0000][1][safepoint    ] Total time for which application threads were stopped: 0.0003691 seconds, Stopping threads took: 0.0002037 seconds
[2022-06-13T03:17:29.318+0000][1][safepoint    ] Application time: 0.0000859 seconds
[2022-06-13T03:17:29.318+0000][1][safepoint    ] Entering safepoint region: RevokeBias
[2022-06-13T03:17:29.318+0000][1][safepoint    ] Leaving safepoint region
[2022-06-13T03:17:29.318+0000][1][safepoint    ] Total time for which application threads were stopped: 0.0003307 seconds, Stopping threads took: 0.0001666 seconds
[2022-06-13T03:17:29.318+0000][1][safepoint    ] Application time: 0.0000799 seconds
[2022-06-13T03:17:29.319+0000][1][safepoint    ] Entering safepoint region: RevokeBias
[2022-06-13T03:17:29.319+0000][1][safepoint    ] Leaving safepoint region
[2022-06-13T03:17:29.319+0000][1][safepoint    ] Total time for which application threads were stopped: 0.0003382 seconds, Stopping threads took: 0.0001763 seconds
[2022-06-13T03:17:29.319+0000][1][safepoint    ] Application time: 0.0001228 seconds
[2022-06-13T03:17:29.319+0000][1][safepoint    ] Entering safepoint region: RevokeBias
[2022-06-13T03:17:29.319+0000][1][safepoint    ] Leaving safepoint region
[2022-06-13T03:17:29.320+0000][1][safepoint    ] Total time for which application threads were stopped: 0.0002476 seconds, Stopping threads took: 0.0001229 seconds
[2022-06-13T03:17:29.320+0000][1][safepoint    ] Application time: 0.0002027 seconds
[2022-06-13T03:17:29.320+0000][1][safepoint    ] Entering safepoint region: RevokeBias
[2022-06-13T03:17:29.320+0000][1][safepoint    ] Leaving safepoint region
[2022-06-13T03:17:29.320+0000][1][safepoint    ] Total time for which application threads were stopped: 0.0003671 seconds, Stopping threads took: 0.0001906 seconds
[2022-06-13T03:17:29.321+0000][1][safepoint    ] Application time: 0.0000540 seconds
[2022-06-13T03:17:29.321+0000][1][safepoint    ] Entering safepoint region: RevokeBias
[2022-06-13T03:17:29.321+0000][1][safepoint    ] Leaving safepoint region
[2022-06-13T03:17:29.321+0000][1][safepoint    ] Total time for which application threads were stopped: 0.0002850 seconds, Stopping threads took: 0.0001324 seconds
[2022-06-13T03:17:29.321+0000][1][safepoint    ] Application time: 0.0001408 seconds
[2022-06-13T03:17:29.322+0000][1][safepoint    ] Entering safepoint region: RevokeBias
[2022-06-13T03:17:29.322+0000][1][safepoint    ] Leaving safepoint region
[2022-06-13T03:17:29.322+0000][1][safepoint    ] Total time for which application threads were stopped: 0.0004226 seconds, Stopping threads took: 0.0002283 seconds
[2022-06-13T03:17:29.322+0000][1][safepoint    ] Application time: 0.0000977 seconds
[2022-06-13T03:17:29.322+0000][1][safepoint    ] Entering safepoint region: RevokeBias
[2022-06-13T03:17:29.323+0000][1][safepoint    ] Leaving safepoint region
[2022-06-13T03:17:29.323+0000][1][safepoint    ] Total time for which application threads were stopped: 0.0003356 seconds, Stopping threads took: 0.0001561 seconds
[2022-06-13T03:17:29.323+0000][1][safepoint    ] Application time: 0.0000944 seconds
[2022-06-13T03:17:29.323+0000][1][safepoint    ] Entering safepoint region: RevokeBias
[2022-06-13T03:17:29.323+0000][1][safepoint    ] Leaving safepoint region
[2022-06-13T03:17:29.323+0000][1][safepoint    ] Total time for which application threads were stopped: 0.0003503 seconds, Stopping threads took: 0.0001908 seconds
[2022-06-13T03:17:29.324+0000][1][safepoint    ] Application time: 0.0000913 seconds
[2022-06-13T03:17:29.324+0000][1][safepoint    ] Entering safepoint region: RevokeBias
[2022-06-13T03:17:29.324+0000][1][safepoint    ] Leaving safepoint region
[2022-06-13T03:17:29.324+0000][1][safepoint    ] Total time for which application threads were stopped: 0.0004242 seconds, Stopping threads took: 0.0002335 seconds
[2022-06-13T03:17:29.324+0000][1][safepoint    ] Application time: 0.0000539 seconds
[2022-06-13T03:17:29.325+0000][1][safepoint    ] Entering safepoint region: RevokeBias
[2022-06-13T03:17:29.325+0000][1][safepoint    ] Leaving safepoint region
[2022-06-13T03:17:29.325+0000][1][safepoint    ] Total time for which application threads were stopped: 0.0003368 seconds, Stopping threads took: 0.0001538 seconds
[2022-06-13T03:17:29.325+0000][1][safepoint    ] Application time: 0.0000947 seconds
[2022-06-13T03:17:29.325+0000][1][safepoint    ] Entering safepoint region: RevokeBias
[2022-06-13T03:17:29.325+0000][1][safepoint    ] Leaving safepoint region
[2022-06-13T03:17:29.325+0000][1][safepoint    ] Total time for which application threads were stopped: 0.0002387 seconds, Stopping threads took: 0.0001302 seconds
[2022-06-13T03:17:29.326+0000][1][safepoint    ] Application time: 0.0000983 seconds
[2022-06-13T03:17:29.326+0000][1][safepoint    ] Entering safepoint region: RevokeBias
[2022-06-13T03:17:29.326+0000][1][safepoint    ] Leaving safepoint region
[2022-06-13T03:17:29.326+0000][1][safepoint    ] Total time for which application threads were stopped: 0.0002983 seconds, Stopping threads took: 0.0001533 seconds
[2022-06-13T03:17:29.326+0000][1][safepoint    ] Application time: 0.0000974 seconds
[2022-06-13T03:17:29.327+0000][1][safepoint    ] Entering safepoint region: RevokeBias
[2022-06-13T03:17:29.327+0000][1][safepoint    ] Leaving safepoint region
[2022-06-13T03:17:29.327+0000][1][safepoint    ] Total time for which application threads were stopped: 0.0003444 seconds, Stopping threads took: 0.0001955 seconds
[2022-06-13T03:17:29.327+0000][1][safepoint    ] Application time: 0.0001492 seconds
[2022-06-13T03:17:29.327+0000][1][safepoint    ] Entering safepoint region: RevokeBias
[2022-06-13T03:17:29.327+0000][1][safepoint    ] Leaving safepoint region
[2022-06-13T03:17:29.328+0000][1][safepoint    ] Total time for which application threads were stopped: 0.0003586 seconds, Stopping threads took: 0.0001917 seconds
[2022-06-13T03:17:29.328+0000][1][safepoint    ] Application time: 0.0000874 seconds
[2022-06-13T03:17:29.328+0000][1][safepoint    ] Entering safepoint region: RevokeBias
[2022-06-13T03:17:29.328+0000][1][safepoint    ] Leaving safepoint region
[2022-06-13T03:17:29.328+0000][1][safepoint    ] Total time for which application threads were stopped: 0.0002563 seconds, Stopping threads took: 0.0001212 seconds
[2022-06-13T03:17:29.328+0000][1][safepoint    ] Application time: 0.0001109 seconds
[2022-06-13T03:17:29.329+0000][1][safepoint    ] Entering safepoint region: RevokeBias
[2022-06-13T03:17:29.329+0000][1][safepoint    ] Leaving safepoint region
[2022-06-13T03:17:29.329+0000][1][safepoint    ] Total time for which application threads were stopped: 0.0003017 seconds, Stopping threads took: 0.0001629 seconds
[2022-06-13T03:17:29.329+0000][1][safepoint    ] Application time: 0.0000766 seconds
[2022-06-13T03:17:29.329+0000][1][safepoint    ] Entering safepoint region: RevokeBias
[2022-06-13T03:17:29.329+0000][1][safepoint    ] Leaving safepoint region
[2022-06-13T03:17:29.329+0000][1][safepoint    ] Total time for which application threads were stopped: 0.0002634 seconds, Stopping threads took: 0.0001305 seconds
[2022-06-13T03:17:29.500+0000][1][safepoint    ] Application time: 0.1707036 seconds
[2022-06-13T03:17:29.500+0000][1][safepoint    ] Entering safepoint region: Deoptimize
[2022-06-13T03:17:29.501+0000][1][safepoint    ] Leaving safepoint region
[2022-06-13T03:17:29.501+0000][1][safepoint    ] Total time for which application threads were stopped: 0.0008193 seconds, Stopping threads took: 0.0001789 seconds
[2022-06-13T03:17:29.609+0000][1][safepoint    ] Application time: 0.1076700 seconds
[2022-06-13T03:17:29.609+0000][1][safepoint    ] Entering safepoint region: RevokeBias
[2022-06-13T03:17:29.610+0000][1][safepoint    ] Leaving safepoint region
[2022-06-13T03:17:29.610+0000][1][safepoint    ] Total time for which application threads were stopped: 0.0004801 seconds, Stopping threads took: 0.0002352 seconds
[2022-06-13T03:17:29.673+0000][1][safepoint    ] Application time: 0.0628200 seconds
[2022-06-13T03:17:29.673+0000][1][safepoint    ] Entering safepoint region: RevokeBias
[2022-06-13T03:17:29.673+0000][1][safepoint    ] Leaving safepoint region
[2022-06-13T03:17:29.673+0000][1][safepoint    ] Total time for which application threads were stopped: 0.0002900 seconds, Stopping threads took: 0.0001300 seconds
[2022-06-13T03:17:29.677+0000][1][safepoint    ] Application time: 0.0033445 seconds
[2022-06-13T03:17:29.677+0000][1][safepoint    ] Entering safepoint region: RevokeBias
[2022-06-13T03:17:29.677+0000][1][safepoint    ] Leaving safepoint region
[2022-06-13T03:17:29.678+0000][1][safepoint    ] Total time for which application threads were stopped: 0.0005017 seconds, Stopping threads took: 0.0002003 seconds
[2022-06-13T03:17:29.680+0000][1][safepoint    ] Application time: 0.0017834 seconds
[2022-06-13T03:17:29.680+0000][1][safepoint    ] Entering safepoint region: RevokeBias
[2022-06-13T03:17:29.680+0000][1][safepoint    ] Leaving safepoint region
[2022-06-13T03:17:29.680+0000][1][safepoint    ] Total time for which application threads were stopped: 0.0004451 seconds, Stopping threads took: 0.0002353 seconds
[2022-06-13T03:17:29.694+0000][1][safepoint    ] Application time: 0.0136113 seconds
[2022-06-13T03:17:29.695+0000][1][safepoint    ] Entering safepoint region: GenCollectForAllocation
[2022-06-13T03:17:29.695+0000][1][gc,start     ] GC(1) Pause Young (Allocation Failure)
[2022-06-13T03:17:29.695+0000][1][gc,task      ] GC(1) Using 5 workers of 13 for evacuation
[2022-06-13T03:17:29.719+0000][1][gc,age       ] GC(1) Desired survivor size 4456448 bytes, new threshold 6 (max threshold 6)
[2022-06-13T03:17:29.720+0000][1][gc,age       ] GC(1) Age table with threshold 6 (max threshold 6)
[2022-06-13T03:17:29.720+0000][1][gc,age       ] GC(1) - age   1:    1968728 bytes,    1968728 total
[2022-06-13T03:17:29.720+0000][1][gc,heap      ] GC(1) ParNew: 78026K->6487K(78656K)
[2022-06-13T03:17:29.720+0000][1][gc,heap      ] GC(1) CMS: 0K->6669K(174784K)
[2022-06-13T03:17:29.720+0000][1][gc,metaspace ] GC(1) Metaspace: 14875K->14875K(1062912K)
[2022-06-13T03:17:29.720+0000][1][gc           ] GC(1) Pause Young (Allocation Failure) 76M->12M(247M) 25.596ms
[2022-06-13T03:17:29.720+0000][1][gc,cpu       ] GC(1) User=0.07s Sys=0.00s Real=0.03s
[2022-06-13T03:17:29.721+0000][1][safepoint    ] Leaving safepoint region
[2022-06-13T03:17:29.721+0000][1][safepoint    ] Total time for which application threads were stopped: 0.0262573 seconds, Stopping threads took: 0.0001846 seconds
[2022-06-13T03:17:29.721+0000][1][safepoint    ] Application time: 0.0002382 seconds
[2022-06-13T03:17:29.721+0000][1][safepoint    ] Entering safepoint region: BulkRevokeBias
[2022-06-13T03:17:29.722+0000][1][safepoint    ] Leaving safepoint region
[2022-06-13T03:17:29.722+0000][1][safepoint    ] Total time for which application threads were stopped: 0.0004490 seconds, Stopping threads took: 0.0002222 seconds
[2022-06-13T03:17:29.722+0000][1][safepoint    ] Application time: 0.0001061 seconds
[2022-06-13T03:17:29.722+0000][1][safepoint    ] Entering safepoint region: RevokeBias
[2022-06-13T03:17:29.722+0000][1][safepoint    ] Leaving safepoint region
[2022-06-13T03:17:29.723+0000][1][safepoint    ] Total time for which application threads were stopped: 0.0004086 seconds, Stopping threads took: 0.0001761 seconds
[2022-06-13T03:17:29.723+0000][1][safepoint    ] Application time: 0.0000587 seconds
[2022-06-13T03:17:29.723+0000][1][safepoint    ] Entering safepoint region: RevokeBias
[2022-06-13T03:17:29.723+0000][1][safepoint    ] Leaving safepoint region
[2022-06-13T03:17:29.724+0000][1][safepoint    ] Total time for which application threads were stopped: 0.0004715 seconds, Stopping threads took: 0.0002462 seconds
[2022-06-13T03:17:29.724+0000][1][safepoint    ] Application time: 0.0000717 seconds
[2022-06-13T03:17:29.725+0000][1][safepoint    ] Entering safepoint region: RevokeBias
[2022-06-13T03:17:29.725+0000][1][safepoint    ] Leaving safepoint region
[2022-06-13T03:17:29.725+0000][1][safepoint    ] Total time for which application threads were stopped: 0.0003621 seconds, Stopping threads took: 0.0001810 seconds
[2022-06-13T03:17:29.725+0000][1][safepoint    ] Application time: 0.0000760 seconds
[2022-06-13T03:17:29.725+0000][1][safepoint    ] Entering safepoint region: RevokeBias
[2022-06-13T03:17:29.726+0000][1][safepoint    ] Leaving safepoint region
[2022-06-13T03:17:29.726+0000][1][safepoint    ] Total time for which application threads were stopped: 0.0003183 seconds, Stopping threads took: 0.0001455 seconds
[2022-06-13T03:17:29.726+0000][1][safepoint    ] Application time: 0.0000789 seconds
[2022-06-13T03:17:29.726+0000][1][safepoint    ] Entering safepoint region: RevokeBias
[2022-06-13T03:17:29.726+0000][1][safepoint    ] Leaving safepoint region
[2022-06-13T03:17:29.726+0000][1][safepoint    ] Total time for which application threads were stopped: 0.0003502 seconds, Stopping threads took: 0.0001882 seconds
[2022-06-13T03:17:29.727+0000][1][safepoint    ] Application time: 0.0000732 seconds
[2022-06-13T03:17:29.727+0000][1][safepoint    ] Entering safepoint region: RevokeBias
[2022-06-13T03:17:29.727+0000][1][safepoint    ] Leaving safepoint region
[2022-06-13T03:17:29.727+0000][1][safepoint    ] Total time for which application threads were stopped: 0.0003044 seconds, Stopping threads took: 0.0001446 seconds
[2022-06-13T03:17:29.732+0000][1][safepoint    ] Application time: 0.0053583 seconds
[2022-06-13T03:17:29.733+0000][1][safepoint    ] Entering safepoint region: RevokeBias
[2022-06-13T03:17:29.733+0000][1][safepoint    ] Leaving safepoint region
[2022-06-13T03:17:29.733+0000][1][safepoint    ] Total time for which application threads were stopped: 0.0003835 seconds, Stopping threads took: 0.0001689 seconds
[2022-06-13T03:17:29.733+0000][1][safepoint    ] Application time: 0.0001212 seconds
[2022-06-13T03:17:29.734+0000][1][safepoint    ] Entering safepoint region: RevokeBias
[2022-06-13T03:17:29.734+0000][1][safepoint    ] Leaving safepoint region
[2022-06-13T03:17:29.734+0000][1][safepoint    ] Total time for which application threads were stopped: 0.0003582 seconds, Stopping threads took: 0.0001657 seconds
[2022-06-13T03:17:29.734+0000][1][safepoint    ] Application time: 0.0000837 seconds
[2022-06-13T03:17:29.734+0000][1][safepoint    ] Entering safepoint region: RevokeBias
[2022-06-13T03:17:29.735+0000][1][safepoint    ] Leaving safepoint region
[2022-06-13T03:17:29.735+0000][1][safepoint    ] Total time for which application threads were stopped: 0.0002886 seconds, Stopping threads took: 0.0001419 seconds
[2022-06-13T03:17:29.735+0000][1][safepoint    ] Application time: 0.0000906 seconds
[2022-06-13T03:17:29.735+0000][1][safepoint    ] Entering safepoint region: BulkRevokeBias
[2022-06-13T03:17:29.735+0000][1][safepoint    ] Leaving safepoint region
[2022-06-13T03:17:29.735+0000][1][safepoint    ] Total time for which application threads were stopped: 0.0003525 seconds, Stopping threads took: 0.0001591 seconds
[2022-06-13T03:17:29.736+0000][1][safepoint    ] Application time: 0.0000674 seconds
[2022-06-13T03:17:29.736+0000][1][safepoint    ] Entering safepoint region: RevokeBias
[2022-06-13T03:17:29.736+0000][1][safepoint    ] Leaving safepoint region
[2022-06-13T03:17:29.736+0000][1][safepoint    ] Total time for which application threads were stopped: 0.0003433 seconds, Stopping threads took: 0.0001485 seconds
[2022-06-13T03:17:29.736+0000][1][safepoint    ] Application time: 0.0000606 seconds
[2022-06-13T03:17:29.736+0000][1][safepoint    ] Entering safepoint region: BulkRevokeBias
[2022-06-13T03:17:29.737+0000][1][safepoint    ] Leaving safepoint region
[2022-06-13T03:17:29.737+0000][1][safepoint    ] Total time for which application threads were stopped: 0.0003488 seconds, Stopping threads took: 0.0001495 seconds
[2022-06-13T03:17:29.823+0000][1][safepoint    ] Application time: 0.0861339 seconds
[2022-06-13T03:17:29.824+0000][1][safepoint    ] Entering safepoint region: GenCollectForAllocation
[2022-06-13T03:17:29.826+0000][1][gc,start     ] GC(2) Pause Young (Allocation Failure)
[2022-06-13T03:17:29.827+0000][1][gc,task      ] GC(2) Using 5 workers of 13 for evacuation
[2022-06-13T03:17:29.830+0000][1][gc,age       ] GC(2) Desired survivor size 4456448 bytes, new threshold 6 (max threshold 6)
[2022-06-13T03:17:29.831+0000][1][gc,age       ] GC(2) Age table with threshold 6 (max threshold 6)
[2022-06-13T03:17:29.831+0000][1][gc,age       ] GC(2) - age   1:    2535400 bytes,    2535400 total
[2022-06-13T03:17:29.832+0000][1][gc,age       ] GC(2) - age   2:    1179728 bytes,    3715128 total
[2022-06-13T03:17:29.832+0000][1][gc,heap      ] GC(2) ParNew: 76439K->4397K(78656K)
[2022-06-13T03:17:29.832+0000][1][gc,heap      ] GC(2) CMS: 6669K->6669K(174784K)
[2022-06-13T03:17:29.832+0000][1][gc,metaspace ] GC(2) Metaspace: 15011K->15011K(1062912K)
[2022-06-13T03:17:29.832+0000][1][gc           ] GC(2) Pause Young (Allocation Failure) 81M->10M(247M) 6.205ms
[2022-06-13T03:17:29.833+0000][1][gc,cpu       ] GC(2) User=0.04s Sys=0.00s Real=0.01s
[2022-06-13T03:17:29.833+0000][1][safepoint    ] Leaving safepoint region
[2022-06-13T03:17:29.833+0000][1][safepoint    ] Total time for which application threads were stopped: 0.0089009 seconds, Stopping threads took: 0.0016385 seconds
[2022-06-13T03:17:29.840+0000][1][safepoint    ] Application time: 0.0065353 seconds
[2022-06-13T03:17:29.840+0000][1][safepoint    ] Entering safepoint region: RevokeBias
[2022-06-13T03:17:29.840+0000][1][safepoint    ] Leaving safepoint region
[2022-06-13T03:17:29.841+0000][1][safepoint    ] Total time for which application threads were stopped: 0.0006631 seconds, Stopping threads took: 0.0001685 seconds
[2022-06-13T03:17:29.841+0000][1][safepoint    ] Application time: 0.0000498 seconds
[2022-06-13T03:17:29.841+0000][1][safepoint    ] Entering safepoint region: RevokeBias
[2022-06-13T03:17:29.841+0000][1][safepoint    ] Leaving safepoint region
[2022-06-13T03:17:29.841+0000][1][safepoint    ] Total time for which application threads were stopped: 0.0002693 seconds, Stopping threads took: 0.0001171 seconds
[2022-06-13T03:17:29.842+0000][1][safepoint    ] Application time: 0.0008059 seconds
[2022-06-13T03:17:29.843+0000][1][safepoint    ] Entering safepoint region: RevokeBias
[2022-06-13T03:17:29.843+0000][1][safepoint    ] Leaving safepoint region
[2022-06-13T03:17:29.843+0000][1][safepoint    ] Total time for which application threads were stopped: 0.0004936 seconds, Stopping threads took: 0.0002844 seconds
[2022-06-13T03:17:29.843+0000][1][safepoint    ] Application time: 0.0000754 seconds
[2022-06-13T03:17:29.843+0000][1][safepoint    ] Entering safepoint region: RevokeBias
[2022-06-13T03:17:29.844+0000][1][safepoint    ] Leaving safepoint region
[2022-06-13T03:17:29.844+0000][1][safepoint    ] Total time for which application threads were stopped: 0.0004016 seconds, Stopping threads took: 0.0002133 seconds
[2022-06-13T03:17:29.844+0000][1][safepoint    ] Application time: 0.0000906 seconds
[2022-06-13T03:17:29.844+0000][1][safepoint    ] Entering safepoint region: RevokeBias
[2022-06-13T03:17:29.844+0000][1][safepoint    ] Leaving safepoint region
[2022-06-13T03:17:29.844+0000][1][safepoint    ] Total time for which application threads were stopped: 0.0002745 seconds, Stopping threads took: 0.0001225 seconds
[2022-06-13T03:17:29.845+0000][1][safepoint    ] Application time: 0.0000847 seconds
[2022-06-13T03:17:29.845+0000][1][safepoint    ] Entering safepoint region: RevokeBias
[2022-06-13T03:17:29.845+0000][1][safepoint    ] Leaving safepoint region
[2022-06-13T03:17:29.845+0000][1][safepoint    ] Total time for which application threads were stopped: 0.0003195 seconds, Stopping threads took: 0.0001347 seconds
[2022-06-13T03:17:29.977+0000][1][safepoint    ] Application time: 0.1321212 seconds
[2022-06-13T03:17:29.978+0000][1][safepoint    ] Entering safepoint region: Deoptimize
[2022-06-13T03:17:29.978+0000][1][safepoint    ] Leaving safepoint region
[2022-06-13T03:17:29.978+0000][1][safepoint    ] Total time for which application threads were stopped: 0.0007807 seconds, Stopping threads took: 0.0001707 seconds
[2022-06-13T03:17:29.979+0000][1][safepoint    ] Application time: 0.0004540 seconds
[2022-06-13T03:17:29.979+0000][1][safepoint    ] Entering safepoint region: Deoptimize
[2022-06-13T03:17:29.980+0000][1][safepoint    ] Leaving safepoint region
[2022-06-13T03:17:29.980+0000][1][safepoint    ] Total time for which application threads were stopped: 0.0006476 seconds, Stopping threads took: 0.0001398 seconds
[2022-06-13T03:17:30.123+0000][1][safepoint    ] Application time: 0.1429730 seconds
[2022-06-13T03:17:30.123+0000][1][safepoint    ] Entering safepoint region: GenCollectForAllocation
[2022-06-13T03:17:30.124+0000][1][gc,start     ] GC(3) Pause Young (Allocation Failure)
[2022-06-13T03:17:30.124+0000][1][gc,task      ] GC(3) Using 5 workers of 13 for evacuation
[2022-06-13T03:17:30.136+0000][1][gc,age       ] GC(3) Desired survivor size 4456448 bytes, new threshold 3 (max threshold 6)
[2022-06-13T03:17:30.136+0000][1][gc,age       ] GC(3) Age table with threshold 3 (max threshold 6)
[2022-06-13T03:17:30.136+0000][1][gc,age       ] GC(3) - age   1:    3238312 bytes,    3238312 total
[2022-06-13T03:17:30.137+0000][1][gc,age       ] GC(3) - age   2:     294752 bytes,    3533064 total
[2022-06-13T03:17:30.137+0000][1][gc,age       ] GC(3) - age   3:    1176456 bytes,    4709520 total
[2022-06-13T03:17:30.137+0000][1][gc,heap      ] GC(3) ParNew: 74349K->6097K(78656K)
[2022-06-13T03:17:30.137+0000][1][gc,heap      ] GC(3) CMS: 6669K->6669K(174784K)
[2022-06-13T03:17:30.137+0000][1][gc,metaspace ] GC(3) Metaspace: 18319K->18319K(1067008K)
[2022-06-13T03:17:30.138+0000][1][gc           ] GC(3) Pause Young (Allocation Failure) 79M->12M(247M) 13.927ms
[2022-06-13T03:17:30.138+0000][1][gc,cpu       ] GC(3) User=0.04s Sys=0.00s Real=0.01s
[2022-06-13T03:17:30.138+0000][1][safepoint    ] Leaving safepoint region
[2022-06-13T03:17:30.138+0000][1][safepoint    ] Total time for which application threads were stopped: 0.0147063 seconds, Stopping threads took: 0.0001983 seconds
[2022-06-13T03:17:30.139+0000][1][safepoint    ] Application time: 0.0010795 seconds
[2022-06-13T03:17:30.140+0000][1][safepoint    ] Entering safepoint region: RevokeBias
[2022-06-13T03:17:30.140+0000][1][safepoint    ] Leaving safepoint region
[2022-06-13T03:17:30.140+0000][1][safepoint    ] Total time for which application threads were stopped: 0.0005446 seconds, Stopping threads took: 0.0002194 seconds
[2022-06-13T03:17:30.140+0000][1][safepoint    ] Application time: 0.0000868 seconds
[2022-06-13T03:17:30.141+0000][1][safepoint    ] Entering safepoint region: RevokeBias
[2022-06-13T03:17:30.141+0000][1][safepoint    ] Leaving safepoint region
[2022-06-13T03:17:30.141+0000][1][safepoint    ] Total time for which application threads were stopped: 0.0004208 seconds, Stopping threads took: 0.0001366 seconds
[2022-06-13T03:17:30.149+0000][1][safepoint    ] Application time: 0.0081150 seconds
[2022-06-13T03:17:30.150+0000][1][safepoint    ] Entering safepoint region: RevokeBias
[2022-06-13T03:17:30.150+0000][1][safepoint    ] Leaving safepoint region
[2022-06-13T03:17:30.151+0000][1][safepoint    ] Total time for which application threads were stopped: 0.0005174 seconds, Stopping threads took: 0.0002674 seconds
[2022-06-13T03:17:30.151+0000][1][safepoint    ] Application time: 0.0000874 seconds
[2022-06-13T03:17:30.151+0000][1][safepoint    ] Entering safepoint region: RevokeBias
[2022-06-13T03:17:30.151+0000][1][safepoint    ] Leaving safepoint region
[2022-06-13T03:17:30.151+0000][1][safepoint    ] Total time for which application threads were stopped: 0.0003040 seconds, Stopping threads took: 0.0001261 seconds
[2022-06-13T03:17:30.151+0000][1][safepoint    ] Application time: 0.0000875 seconds
[2022-06-13T03:17:30.151+0000][1][safepoint    ] Entering safepoint region: RevokeBias
[2022-06-13T03:17:30.152+0000][1][safepoint    ] Leaving safepoint region
[2022-06-13T03:17:30.152+0000][1][safepoint    ] Total time for which application threads were stopped: 0.0002696 seconds, Stopping threads took: 0.0001217 seconds
[2022-06-13T03:17:30.152+0000][1][safepoint    ] Application time: 0.0000816 seconds
[2022-06-13T03:17:30.152+0000][1][safepoint    ] Entering safepoint region: RevokeBias
[2022-06-13T03:17:30.152+0000][1][safepoint    ] Leaving safepoint region
[2022-06-13T03:17:30.152+0000][1][safepoint    ] Total time for which application threads were stopped: 0.0003402 seconds, Stopping threads took: 0.0001496 seconds
[2022-06-13T03:17:30.153+0000][1][safepoint    ] Application time: 0.0001026 seconds
[2022-06-13T03:17:30.153+0000][1][safepoint    ] Entering safepoint region: RevokeBias
[2022-06-13T03:17:30.153+0000][1][safepoint    ] Leaving safepoint region
[2022-06-13T03:17:30.153+0000][1][safepoint    ] Total time for which application threads were stopped: 0.0003293 seconds, Stopping threads took: 0.0001420 seconds
[2022-06-13T03:17:30.153+0000][1][safepoint    ] Application time: 0.0000536 seconds
[2022-06-13T03:17:30.154+0000][1][safepoint    ] Entering safepoint region: RevokeBias
[2022-06-13T03:17:30.154+0000][1][safepoint    ] Leaving safepoint region
[2022-06-13T03:17:30.154+0000][1][safepoint    ] Total time for which application threads were stopped: 0.0003645 seconds, Stopping threads took: 0.0001766 seconds
[2022-06-13T03:17:30.154+0000][1][safepoint    ] Application time: 0.0000776 seconds
[2022-06-13T03:17:30.154+0000][1][safepoint    ] Entering safepoint region: RevokeBias
[2022-06-13T03:17:30.154+0000][1][safepoint    ] Leaving safepoint region
[2022-06-13T03:17:30.155+0000][1][safepoint    ] Total time for which application threads were stopped: 0.0003294 seconds, Stopping threads took: 0.0001439 seconds
[2022-06-13T03:17:30.155+0000][1][safepoint    ] Application time: 0.0000919 seconds
[2022-06-13T03:17:30.155+0000][1][safepoint    ] Entering safepoint region: RevokeBias
[2022-06-13T03:17:30.155+0000][1][safepoint    ] Leaving safepoint region
[2022-06-13T03:17:30.155+0000][1][safepoint    ] Total time for which application threads were stopped: 0.0003544 seconds, Stopping threads took: 0.0001893 seconds
[2022-06-13T03:17:30.155+0000][1][safepoint    ] Application time: 0.0000596 seconds
[2022-06-13T03:17:30.156+0000][1][safepoint    ] Entering safepoint region: RevokeBias
[2022-06-13T03:17:30.156+0000][1][safepoint    ] Leaving safepoint region
[2022-06-13T03:17:30.156+0000][1][safepoint    ] Total time for which application threads were stopped: 0.0003071 seconds, Stopping threads took: 0.0001587 seconds
[2022-06-13T03:17:30.156+0000][1][safepoint    ] Application time: 0.0000389 seconds
[2022-06-13T03:17:30.156+0000][1][safepoint    ] Entering safepoint region: RevokeBias
[2022-06-13T03:17:30.156+0000][1][safepoint    ] Leaving safepoint region
[2022-06-13T03:17:30.157+0000][1][safepoint    ] Total time for which application threads were stopped: 0.0004107 seconds, Stopping threads took: 0.0002224 seconds
[2022-06-13T03:17:30.157+0000][1][safepoint    ] Application time: 0.0000391 seconds
[2022-06-13T03:17:30.157+0000][1][safepoint    ] Entering safepoint region: RevokeBias
[2022-06-13T03:17:30.158+0000][1][safepoint    ] Leaving safepoint region
[2022-06-13T03:17:30.158+0000][1][safepoint    ] Total time for which application threads were stopped: 0.0003685 seconds, Stopping threads took: 0.0001530 seconds
[2022-06-13T03:17:30.158+0000][1][safepoint    ] Application time: 0.0000467 seconds
[2022-06-13T03:17:30.158+0000][1][safepoint    ] Entering safepoint region: RevokeBias
[2022-06-13T03:17:30.158+0000][1][safepoint    ] Leaving safepoint region
[2022-06-13T03:17:30.158+0000][1][safepoint    ] Total time for which application threads were stopped: 0.0003451 seconds, Stopping threads took: 0.0001453 seconds
[2022-06-13T03:17:30.159+0000][1][safepoint    ] Application time: 0.0000545 seconds
[2022-06-13T03:17:30.159+0000][1][safepoint    ] Entering safepoint region: RevokeBias
[2022-06-13T03:17:30.159+0000][1][safepoint    ] Leaving safepoint region
[2022-06-13T03:17:30.160+0000][1][safepoint    ] Total time for which application threads were stopped: 0.0006705 seconds, Stopping threads took: 0.0001746 seconds
[2022-06-13T03:17:30.160+0000][1][safepoint    ] Application time: 0.0000659 seconds
[2022-06-13T03:17:30.160+0000][1][safepoint    ] Entering safepoint region: RevokeBias
[2022-06-13T03:17:30.160+0000][1][safepoint    ] Leaving safepoint region
[2022-06-13T03:17:30.160+0000][1][safepoint    ] Total time for which application threads were stopped: 0.0003141 seconds, Stopping threads took: 0.0001220 seconds
[2022-06-13T03:17:30.160+0000][1][safepoint    ] Application time: 0.0000355 seconds
[2022-06-13T03:17:30.161+0000][1][safepoint    ] Entering safepoint region: RevokeBias
[2022-06-13T03:17:30.161+0000][1][safepoint    ] Leaving safepoint region
[2022-06-13T03:17:30.161+0000][1][safepoint    ] Total time for which application threads were stopped: 0.0002953 seconds, Stopping threads took: 0.0001215 seconds
[2022-06-13T03:17:30.161+0000][1][safepoint    ] Application time: 0.0000496 seconds
[2022-06-13T03:17:30.161+0000][1][safepoint    ] Entering safepoint region: RevokeBias
[2022-06-13T03:17:30.161+0000][1][safepoint    ] Leaving safepoint region
[2022-06-13T03:17:30.161+0000][1][safepoint    ] Total time for which application threads were stopped: 0.0002817 seconds, Stopping threads took: 0.0001228 seconds
[2022-06-13T03:17:30.162+0000][1][safepoint    ] Application time: 0.0000337 seconds
[2022-06-13T03:17:30.162+0000][1][safepoint    ] Entering safepoint region: RevokeBias
[2022-06-13T03:17:30.162+0000][1][safepoint    ] Leaving safepoint region
[2022-06-13T03:17:30.162+0000][1][safepoint    ] Total time for which application threads were stopped: 0.0003091 seconds, Stopping threads took: 0.0001284 seconds
[2022-06-13T03:17:30.162+0000][1][safepoint    ] Application time: 0.0000680 seconds
[2022-06-13T03:17:30.162+0000][1][safepoint    ] Entering safepoint region: RevokeBias
[2022-06-13T03:17:30.162+0000][1][safepoint    ] Leaving safepoint region
[2022-06-13T03:17:30.163+0000][1][safepoint    ] Total time for which application threads were stopped: 0.0003052 seconds, Stopping threads took: 0.0001345 seconds
[2022-06-13T03:17:30.163+0000][1][safepoint    ] Application time: 0.0000465 seconds
[2022-06-13T03:17:30.163+0000][1][safepoint    ] Entering safepoint region: RevokeBias
[2022-06-13T03:17:30.163+0000][1][safepoint    ] Leaving safepoint region
[2022-06-13T03:17:30.163+0000][1][safepoint    ] Total time for which application threads were stopped: 0.0002878 seconds, Stopping threads took: 0.0001172 seconds
[2022-06-13T03:17:30.271+0000][1][safepoint    ] Application time: 0.1080272 seconds
[2022-06-13T03:17:30.272+0000][1][safepoint    ] Entering safepoint region: GenCollectForAllocation
[2022-06-13T03:17:30.272+0000][1][gc,start     ] GC(4) Pause Young (Allocation Failure)
[2022-06-13T03:17:30.272+0000][1][gc,task      ] GC(4) Using 5 workers of 13 for evacuation
[2022-06-13T03:17:30.280+0000][1][gc,age       ] GC(4) Desired survivor size 4456448 bytes, new threshold 2 (max threshold 6)
[2022-06-13T03:17:30.280+0000][1][gc,age       ] GC(4) Age table with threshold 2 (max threshold 6)
[2022-06-13T03:17:30.280+0000][1][gc,age       ] GC(4) - age   1:    1369344 bytes,    1369344 total
[2022-06-13T03:17:30.280+0000][1][gc,age       ] GC(4) - age   2:    3203328 bytes,    4572672 total
[2022-06-13T03:17:30.281+0000][1][gc,age       ] GC(4) - age   3:     294224 bytes,    4866896 total
[2022-06-13T03:17:30.281+0000][1][gc,heap      ] GC(4) ParNew: 76049K->5708K(78656K)
[2022-06-13T03:17:30.281+0000][1][gc,heap      ] GC(4) CMS: 6669K->7872K(174784K)
[2022-06-13T03:17:30.281+0000][1][gc,metaspace ] GC(4) Metaspace: 18694K->18694K(1067008K)
[2022-06-13T03:17:30.281+0000][1][gc           ] GC(4) Pause Young (Allocation Failure) 80M->13M(247M) 9.069ms
[2022-06-13T03:17:30.281+0000][1][gc,cpu       ] GC(4) User=0.04s Sys=0.01s Real=0.01s
[2022-06-13T03:17:30.281+0000][1][safepoint    ] Leaving safepoint region
[2022-06-13T03:17:30.281+0000][1][safepoint    ] Total time for which application threads were stopped: 0.0097364 seconds, Stopping threads took: 0.0002079 seconds
[2022-06-13T03:17:30.284+0000][1][safepoint    ] Application time: 0.0025350 seconds
[2022-06-13T03:17:30.285+0000][1][safepoint    ] Entering safepoint region: RevokeBias
[2022-06-13T03:17:30.285+0000][1][safepoint    ] Leaving safepoint region
[2022-06-13T03:17:30.285+0000][1][safepoint    ] Total time for which application threads were stopped: 0.0004796 seconds, Stopping threads took: 0.0002672 seconds
[2022-06-13T03:17:30.285+0000][1][safepoint    ] Application time: 0.0000695 seconds
[2022-06-13T03:17:30.286+0000][1][safepoint    ] Entering safepoint region: RevokeBias
[2022-06-13T03:17:30.286+0000][1][safepoint    ] Leaving safepoint region
[2022-06-13T03:17:30.286+0000][1][safepoint    ] Total time for which application threads were stopped: 0.0002731 seconds, Stopping threads took: 0.0001107 seconds
[2022-06-13T03:17:30.289+0000][1][safepoint    ] Application time: 0.0031506 seconds
[2022-06-13T03:17:30.292+0000][1][safepoint    ] Entering safepoint region: RevokeBias
[2022-06-13T03:17:30.292+0000][1][safepoint    ] Leaving safepoint region
[2022-06-13T03:17:30.292+0000][1][safepoint    ] Total time for which application threads were stopped: 0.0006179 seconds, Stopping threads took: 0.0003860 seconds
[2022-06-13T03:17:30.298+0000][1][safepoint    ] Application time: 0.0052130 seconds
[2022-06-13T03:17:30.300+0000][1][safepoint    ] Entering safepoint region: RevokeBias
[2022-06-13T03:17:30.300+0000][1][safepoint    ] Leaving safepoint region
[2022-06-13T03:17:30.300+0000][1][safepoint    ] Total time for which application threads were stopped: 0.0003914 seconds, Stopping threads took: 0.0001904 seconds
[2022-06-13T03:17:30.321+0000][1][safepoint    ] Application time: 0.0209054 seconds
[2022-06-13T03:17:30.322+0000][1][safepoint    ] Entering safepoint region: Deoptimize
[2022-06-13T03:17:30.323+0000][1][safepoint    ] Leaving safepoint region
[2022-06-13T03:17:30.323+0000][1][safepoint    ] Total time for which application threads were stopped: 0.0011517 seconds, Stopping threads took: 0.0002676 seconds
[2022-06-13T03:17:30.367+0000][1][safepoint    ] Application time: 0.0439145 seconds
[2022-06-13T03:17:30.367+0000][1][safepoint    ] Entering safepoint region: Deoptimize
[2022-06-13T03:17:30.368+0000][1][safepoint    ] Leaving safepoint region
[2022-06-13T03:17:30.368+0000][1][safepoint    ] Total time for which application threads were stopped: 0.0008353 seconds, Stopping threads took: 0.0001903 seconds
[2022-06-13T03:17:30.463+0000][1][safepoint    ] Application time: 0.0946003 seconds
[2022-06-13T03:17:30.463+0000][1][safepoint    ] Entering safepoint region: GenCollectForAllocation
[2022-06-13T03:17:30.464+0000][1][gc,start     ] GC(5) Pause Young (Allocation Failure)
[2022-06-13T03:17:30.465+0000][1][gc,task      ] GC(5) Using 5 workers of 13 for evacuation
[2022-06-13T03:17:30.485+0000][1][gc,age       ] GC(5) Desired survivor size 4456448 bytes, new threshold 6 (max threshold 6)
[2022-06-13T03:17:30.485+0000][1][gc,age       ] GC(5) Age table with threshold 6 (max threshold 6)
[2022-06-13T03:17:30.486+0000][1][gc,age       ] GC(5) - age   1:    2195056 bytes,    2195056 total
[2022-06-13T03:17:30.486+0000][1][gc,age       ] GC(5) - age   2:     569072 bytes,    2764128 total
[2022-06-13T03:17:30.486+0000][1][gc,heap      ] GC(5) ParNew: 75660K->5489K(78656K)
[2022-06-13T03:17:30.486+0000][1][gc,heap      ] GC(5) CMS: 7872K->11375K(174784K)
[2022-06-13T03:17:30.486+0000][1][gc,metaspace ] GC(5) Metaspace: 19033K->19033K(1067008K)
[2022-06-13T03:17:30.486+0000][1][gc           ] GC(5) Pause Young (Allocation Failure) 81M->16M(247M) 21.868ms
[2022-06-13T03:17:30.487+0000][1][gc,cpu       ] GC(5) User=0.07s Sys=0.00s Real=0.02s
[2022-06-13T03:17:30.487+0000][1][safepoint    ] Leaving safepoint region
[2022-06-13T03:17:30.487+0000][1][safepoint    ] Total time for which application threads were stopped: 0.0233139 seconds, Stopping threads took: 0.0009328 seconds
[2022-06-13T03:17:30.487+0000][1][safepoint    ] Application time: 0.0001800 seconds
[2022-06-13T03:17:30.487+0000][1][safepoint    ] Entering safepoint region: RevokeBias
[2022-06-13T03:17:30.488+0000][1][safepoint    ] Leaving safepoint region
[2022-06-13T03:17:30.488+0000][1][safepoint    ] Total time for which application threads were stopped: 0.0004556 seconds, Stopping threads took: 0.0002361 seconds
[2022-06-13T03:17:30.488+0000][1][safepoint    ] Application time: 0.0000940 seconds
[2022-06-13T03:17:30.488+0000][1][safepoint    ] Entering safepoint region: RevokeBias
[2022-06-13T03:17:30.488+0000][1][safepoint    ] Leaving safepoint region
[2022-06-13T03:17:30.488+0000][1][safepoint    ] Total time for which application threads were stopped: 0.0003030 seconds, Stopping threads took: 0.0001215 seconds
[2022-06-13T03:17:30.489+0000][1][safepoint    ] Application time: 0.0001139 seconds
[2022-06-13T03:17:30.489+0000][1][safepoint    ] Entering safepoint region: RevokeBias
[2022-06-13T03:17:30.489+0000][1][safepoint    ] Leaving safepoint region
[2022-06-13T03:17:30.489+0000][1][safepoint    ] Total time for which application threads were stopped: 0.0004029 seconds, Stopping threads took: 0.0001936 seconds
[2022-06-13T03:17:30.492+0000][1][safepoint    ] Application time: 0.0023373 seconds
[2022-06-13T03:17:30.492+0000][1][safepoint    ] Entering safepoint region: RevokeBias
[2022-06-13T03:17:30.492+0000][1][safepoint    ] Leaving safepoint region
[2022-06-13T03:17:30.493+0000][1][safepoint    ] Total time for which application threads were stopped: 0.0004333 seconds, Stopping threads took: 0.0002180 seconds
[2022-06-13T03:17:30.493+0000][1][safepoint    ] Application time: 0.0001171 seconds
[2022-06-13T03:17:30.493+0000][1][safepoint    ] Entering safepoint region: RevokeBias
[2022-06-13T03:17:30.493+0000][1][safepoint    ] Leaving safepoint region
[2022-06-13T03:17:30.493+0000][1][safepoint    ] Total time for which application threads were stopped: 0.0003736 seconds, Stopping threads took: 0.0001456 seconds
[2022-06-13T03:17:30.493+0000][1][safepoint    ] Application time: 0.0000859 seconds
[2022-06-13T03:17:30.494+0000][1][safepoint    ] Entering safepoint region: RevokeBias
[2022-06-13T03:17:30.494+0000][1][safepoint    ] Leaving safepoint region
[2022-06-13T03:17:30.494+0000][1][safepoint    ] Total time for which application threads were stopped: 0.0004370 seconds, Stopping threads took: 0.0001782 seconds
[2022-06-13T03:17:30.604+0000][1][safepoint    ] Application time: 0.1098153 seconds
[2022-06-13T03:17:30.607+0000][1][safepoint    ] Entering safepoint region: GenCollectForAllocation
[2022-06-13T03:17:30.607+0000][1][gc,start     ] GC(6) Pause Young (Allocation Failure)
[2022-06-13T03:17:30.608+0000][1][gc,task      ] GC(6) Using 5 workers of 13 for evacuation
[2022-06-13T03:17:30.622+0000][1][gc,age       ] GC(6) Desired survivor size 4456448 bytes, new threshold 6 (max threshold 6)
[2022-06-13T03:17:30.623+0000][1][gc,age       ] GC(6) Age table with threshold 6 (max threshold 6)
[2022-06-13T03:17:30.623+0000][1][gc,age       ] GC(6) - age   1:    1502856 bytes,    1502856 total
[2022-06-13T03:17:30.623+0000][1][gc,age       ] GC(6) - age   2:    2181408 bytes,    3684264 total
[2022-06-13T03:17:30.623+0000][1][gc,age       ] GC(6) - age   3:     569072 bytes,    4253336 total
[2022-06-13T03:17:30.624+0000][1][gc,heap      ] GC(6) ParNew: 75441K->4791K(78656K)
[2022-06-13T03:17:30.624+0000][1][gc,heap      ] GC(6) CMS: 11375K->11375K(174784K)
[2022-06-13T03:17:30.624+0000][1][gc,metaspace ] GC(6) Metaspace: 19352K->19352K(1067008K)
[2022-06-13T03:17:30.625+0000][1][gc           ] GC(6) Pause Young (Allocation Failure) 84M->15M(247M) 17.666ms
[2022-06-13T03:17:30.625+0000][1][gc,cpu       ] GC(6) User=0.03s Sys=0.00s Real=0.02s
[2022-06-13T03:17:30.625+0000][1][safepoint    ] Leaving safepoint region
[2022-06-13T03:17:30.627+0000][1][safepoint    ] Total time for which application threads were stopped: 0.0199219 seconds, Stopping threads took: 0.0002728 seconds
[2022-06-13T03:17:30.629+0000][1][safepoint    ] Application time: 0.0017889 seconds
[2022-06-13T03:17:30.629+0000][1][safepoint    ] Entering safepoint region: RevokeBias
[2022-06-13T03:17:30.630+0000][1][safepoint    ] Leaving safepoint region
[2022-06-13T03:17:30.630+0000][1][safepoint    ] Total time for which application threads were stopped: 0.0003846 seconds, Stopping threads took: 0.0001684 seconds
[2022-06-13T03:17:30.633+0000][1][safepoint    ] Application time: 0.0035179 seconds
[2022-06-13T03:17:30.634+0000][1][safepoint    ] Entering safepoint region: BulkRevokeBias
[2022-06-13T03:17:30.634+0000][1][safepoint    ] Leaving safepoint region
[2022-06-13T03:17:30.634+0000][1][safepoint    ] Total time for which application threads were stopped: 0.0004915 seconds, Stopping threads took: 0.0002683 seconds
[2022-06-13T03:17:30.638+0000][1][safepoint    ] Application time: 0.0034520 seconds
[2022-06-13T03:17:30.638+0000][1][safepoint    ] Entering safepoint region: BulkRevokeBias
[2022-06-13T03:17:30.639+0000][1][safepoint    ] Leaving safepoint region
[2022-06-13T03:17:30.639+0000][1][safepoint    ] Total time for which application threads were stopped: 0.0007301 seconds, Stopping threads took: 0.0002805 seconds
[2022-06-13T03:17:30.710+0000][1][safepoint    ] Application time: 0.0713112 seconds
[2022-06-13T03:17:30.711+0000][1][safepoint    ] Entering safepoint region: GenCollectForAllocation
[2022-06-13T03:17:30.711+0000][1][gc,start     ] GC(7) Pause Young (Allocation Failure)
[2022-06-13T03:17:30.711+0000][1][gc,task      ] GC(7) Using 5 workers of 13 for evacuation
[2022-06-13T03:17:30.713+0000][1][gc,age       ] GC(7) Desired survivor size 4456448 bytes, new threshold 6 (max threshold 6)
[2022-06-13T03:17:30.713+0000][1][gc,age       ] GC(7) Age table with threshold 6 (max threshold 6)
[2022-06-13T03:17:30.713+0000][1][gc,age       ] GC(7) - age   1:     496376 bytes,     496376 total
[2022-06-13T03:17:30.714+0000][1][gc,age       ] GC(7) - age   2:    1143520 bytes,    1639896 total
[2022-06-13T03:17:30.714+0000][1][gc,age       ] GC(7) - age   3:    2179480 bytes,    3819376 total
[2022-06-13T03:17:30.714+0000][1][gc,age       ] GC(7) - age   4:     569072 bytes,    4388448 total
[2022-06-13T03:17:30.714+0000][1][gc,heap      ] GC(7) ParNew: 74743K->5725K(78656K)
[2022-06-13T03:17:30.714+0000][1][gc,heap      ] GC(7) CMS: 11375K->11375K(174784K)
[2022-06-13T03:17:30.714+0000][1][gc,metaspace ] GC(7) Metaspace: 19630K->19630K(1067008K)
[2022-06-13T03:17:30.714+0000][1][gc           ] GC(7) Pause Young (Allocation Failure) 84M->16M(247M) 3.601ms
[2022-06-13T03:17:30.715+0000][1][gc,cpu       ] GC(7) User=0.01s Sys=0.01s Real=0.00s
[2022-06-13T03:17:30.715+0000][1][safepoint    ] Leaving safepoint region
[2022-06-13T03:17:30.715+0000][1][safepoint    ] Total time for which application threads were stopped: 0.0042146 seconds, Stopping threads took: 0.0001902 seconds
[2022-06-13T03:17:30.749+0000][1][safepoint    ] Application time: 0.0345940 seconds
[2022-06-13T03:17:30.750+0000][1][safepoint    ] Entering safepoint region: CollectForMetadataAllocation
[2022-06-13T03:17:30.750+0000][1][safepoint    ] Leaving safepoint region
[2022-06-13T03:17:30.750+0000][1][safepoint    ] Total time for which application threads were stopped: 0.0005303 seconds, Stopping threads took: 0.0002155 seconds
[2022-06-13T03:17:30.771+0000][1][safepoint    ] Application time: 0.0207662 seconds
[2022-06-13T03:17:30.772+0000][1][safepoint    ] Entering safepoint region: CollectForMetadataAllocation
[2022-06-13T03:17:30.772+0000][1][safepoint    ] Leaving safepoint region
[2022-06-13T03:17:30.772+0000][1][safepoint    ] Total time for which application threads were stopped: 0.0006402 seconds, Stopping threads took: 0.0002699 seconds
[2022-06-13T03:17:30.773+0000][1][safepoint    ] Application time: 0.0000649 seconds
[2022-06-13T03:17:30.773+0000][1][safepoint    ] Entering safepoint region: CollectForMetadataAllocation
[2022-06-13T03:17:30.773+0000][1][safepoint    ] Leaving safepoint region
[2022-06-13T03:17:30.773+0000][1][safepoint    ] Total time for which application threads were stopped: 0.0003336 seconds, Stopping threads took: 0.0001779 seconds
[2022-06-13T03:17:30.856+0000][1][safepoint    ] Application time: 0.0832222 seconds
[2022-06-13T03:17:30.857+0000][1][safepoint    ] Entering safepoint region: GenCollectForAllocation
[2022-06-13T03:17:30.857+0000][1][gc,start     ] GC(8) Pause Young (Allocation Failure)
[2022-06-13T03:17:30.857+0000][1][gc,task      ] GC(8) Using 5 workers of 13 for evacuation
[2022-06-13T03:17:30.860+0000][1][gc,age       ] GC(8) Desired survivor size 4456448 bytes, new threshold 5 (max threshold 6)
[2022-06-13T03:17:30.860+0000][1][gc,age       ] GC(8) Age table with threshold 5 (max threshold 6)
[2022-06-13T03:17:30.860+0000][1][gc,age       ] GC(8) - age   1:     503296 bytes,     503296 total
[2022-06-13T03:17:30.860+0000][1][gc,age       ] GC(8) - age   2:     476656 bytes,     979952 total
[2022-06-13T03:17:30.860+0000][1][gc,age       ] GC(8) - age   3:    1143424 bytes,    2123376 total
[2022-06-13T03:17:30.860+0000][1][gc,age       ] GC(8) - age   4:    2179752 bytes,    4303128 total
[2022-06-13T03:17:30.860+0000][1][gc,age       ] GC(8) - age   5:     569072 bytes,    4872200 total
[2022-06-13T03:17:30.860+0000][1][gc,heap      ] GC(8) ParNew: 75677K->6589K(78656K)
[2022-06-13T03:17:30.861+0000][1][gc,heap      ] GC(8) CMS: 11375K->11375K(174784K)
[2022-06-13T03:17:30.861+0000][1][gc,metaspace ] GC(8) Metaspace: 20402K->20402K(1069056K)
[2022-06-13T03:17:30.861+0000][1][gc           ] GC(8) Pause Young (Allocation Failure) 85M->17M(247M) 3.810ms
[2022-06-13T03:17:30.861+0000][1][gc,cpu       ] GC(8) User=0.04s Sys=0.00s Real=0.01s
[2022-06-13T03:17:30.861+0000][1][safepoint    ] Leaving safepoint region
[2022-06-13T03:17:30.861+0000][1][safepoint    ] Total time for which application threads were stopped: 0.0043868 seconds, Stopping threads took: 0.0001637 seconds
[2022-06-13T03:17:30.861+0000][1][safepoint    ] Application time: 0.0001649 seconds
[2022-06-13T03:17:30.862+0000][1][safepoint    ] Entering safepoint region: CMS_Initial_Mark
[2022-06-13T03:17:30.862+0000][1][gc,start     ] GC(9) Pause Initial Mark
[2022-06-13T03:17:30.863+0000][1][gc           ] GC(9) Pause Initial Mark 18M->18M(247M) 0.975ms
[2022-06-13T03:17:30.863+0000][1][gc,cpu       ] GC(9) User=0.00s Sys=0.00s Real=0.00s
[2022-06-13T03:17:30.863+0000][1][safepoint    ] Leaving safepoint region
[2022-06-13T03:17:30.863+0000][1][safepoint    ] Total time for which application threads were stopped: 0.0015614 seconds, Stopping threads took: 0.0001257 seconds
[2022-06-13T03:17:30.863+0000][1][gc           ] GC(9) Concurrent Mark
[2022-06-13T03:17:30.864+0000][1][gc,task      ] GC(9) Using 4 workers of 4 for marking
[2022-06-13T03:17:30.873+0000][1][gc           ] GC(9) Concurrent Mark 9.553ms
[2022-06-13T03:17:30.876+0000][1][gc,cpu       ] GC(9) User=0.06s Sys=0.00s Real=0.01s
[2022-06-13T03:17:30.876+0000][1][gc           ] GC(9) Concurrent Preclean
[2022-06-13T03:17:30.880+0000][1][gc           ] GC(9) Concurrent Preclean 3.632ms
[2022-06-13T03:17:30.880+0000][1][gc,cpu       ] GC(9) User=0.05s Sys=0.00s Real=0.01s
[2022-06-13T03:17:30.880+0000][1][gc           ] GC(9) Concurrent Abortable Preclean
[2022-06-13T03:17:30.949+0000][1][safepoint    ] Application time: 0.0858572 seconds
[2022-06-13T03:17:30.953+0000][1][safepoint    ] Entering safepoint region: GenCollectForAllocation
[2022-06-13T03:17:30.955+0000][1][gc,start     ] GC(10) Pause Young (Allocation Failure)
[2022-06-13T03:17:30.957+0000][1][gc,task      ] GC(10) Using 5 workers of 13 for evacuation
[2022-06-13T03:17:30.961+0000][1][gc,age       ] GC(10) Desired survivor size 4456448 bytes, new threshold 5 (max threshold 6)
[2022-06-13T03:17:30.962+0000][1][gc,age       ] GC(10) Age table with threshold 5 (max threshold 6)
[2022-06-13T03:17:30.962+0000][1][gc,age       ] GC(10) - age   1:     933240 bytes,     933240 total
[2022-06-13T03:17:30.962+0000][1][gc,age       ] GC(10) - age   2:     488032 bytes,    1421272 total
[2022-06-13T03:17:30.963+0000][1][gc,age       ] GC(10) - age   3:     476536 bytes,    1897808 total
[2022-06-13T03:17:30.963+0000][1][gc,age       ] GC(10) - age   4:    1143424 bytes,    3041232 total
[2022-06-13T03:17:30.963+0000][1][gc,age       ] GC(10) - age   5:    2179000 bytes,    5220232 total
[2022-06-13T03:17:30.963+0000][1][gc,heap      ] GC(10) ParNew: 76541K->6992K(78656K)
[2022-06-13T03:17:30.963+0000][1][gc,heap      ] GC(10) CMS: 11375K->11942K(174784K)
[2022-06-13T03:17:30.964+0000][1][gc,metaspace ] GC(10) Metaspace: 20519K->20519K(1069056K)
[2022-06-13T03:17:30.964+0000][1][gc           ] GC(10) Pause Young (Allocation Failure) 85M->18M(247M) 8.913ms
[2022-06-13T03:17:30.964+0000][1][gc,cpu       ] GC(10) User=0.05s Sys=0.00s Real=0.01s
[2022-06-13T03:17:30.964+0000][1][safepoint    ] Leaving safepoint region
[2022-06-13T03:17:30.964+0000][1][safepoint    ] Total time for which application threads were stopped: 0.0105970 seconds, Stopping threads took: 0.0012221 seconds
[2022-06-13T03:17:31.043+0000][1][safepoint    ] Application time: 0.0784823 seconds
[2022-06-13T03:17:31.043+0000][1][safepoint    ] Entering safepoint region: GenCollectForAllocation
[2022-06-13T03:17:31.043+0000][1][gc,start     ] GC(11) Pause Young (Allocation Failure)
[2022-06-13T03:17:31.043+0000][1][gc,task      ] GC(11) Using 5 workers of 13 for evacuation
[2022-06-13T03:17:31.048+0000][1][gc,age       ] GC(11) Desired survivor size 4456448 bytes, new threshold 6 (max threshold 6)
[2022-06-13T03:17:31.049+0000][1][gc,age       ] GC(11) Age table with threshold 6 (max threshold 6)
[2022-06-13T03:17:31.049+0000][1][gc,age       ] GC(11) - age   1:    1560016 bytes,    1560016 total
[2022-06-13T03:17:31.049+0000][1][gc,age       ] GC(11) - age   2:     130800 bytes,    1690816 total
[2022-06-13T03:17:31.049+0000][1][gc,age       ] GC(11) - age   3:     488032 bytes,    2178848 total
[2022-06-13T03:17:31.050+0000][1][gc,age       ] GC(11) - age   4:     476384 bytes,    2655232 total
[2022-06-13T03:17:31.050+0000][1][gc,age       ] GC(11) - age   5:    1143136 bytes,    3798368 total
[2022-06-13T03:17:31.050+0000][1][gc,heap      ] GC(11) ParNew: 76944K->7246K(78656K)
[2022-06-13T03:17:31.050+0000][1][gc,heap      ] GC(11) CMS: 11942K->14090K(174784K)
[2022-06-13T03:17:31.050+0000][1][gc,metaspace ] GC(11) Metaspace: 20596K->20596K(1069056K)
[2022-06-13T03:17:31.050+0000][1][gc           ] GC(11) Pause Young (Allocation Failure) 86M->20M(247M) 6.920ms
[2022-06-13T03:17:31.050+0000][1][gc,cpu       ] GC(11) User=0.04s Sys=0.01s Real=0.01s
[2022-06-13T03:17:31.051+0000][1][safepoint    ] Leaving safepoint region
[2022-06-13T03:17:31.051+0000][1][safepoint    ] Total time for which application threads were stopped: 0.0075983 seconds, Stopping threads took: 0.0001810 seconds
[2022-06-13T03:17:31.051+0000][1][gc           ] GC(9) Concurrent Abortable Preclean 170.330ms
[2022-06-13T03:17:31.051+0000][1][gc,cpu       ] GC(9) User=0.91s Sys=0.04s Real=0.17s
[2022-06-13T03:17:31.051+0000][1][safepoint    ] Application time: 0.0005084 seconds
[2022-06-13T03:17:31.051+0000][1][safepoint    ] Entering safepoint region: CMS_Final_Remark
[2022-06-13T03:17:31.052+0000][1][gc,start     ] GC(9) Pause Remark
[2022-06-13T03:17:31.063+0000][1][gc           ] GC(9) Pause Remark 22M->22M(247M) 11.768ms
[2022-06-13T03:17:31.064+0000][1][gc,cpu       ] GC(9) User=0.03s Sys=0.00s Real=0.01s
[2022-06-13T03:17:31.064+0000][1][safepoint    ] Leaving safepoint region
[2022-06-13T03:17:31.064+0000][1][safepoint    ] Total time for which application threads were stopped: 0.0128181 seconds, Stopping threads took: 0.0002210 seconds
[2022-06-13T03:17:31.064+0000][1][gc           ] GC(9) Concurrent Sweep
[2022-06-13T03:17:31.069+0000][1][gc           ] GC(9) Concurrent Sweep 4.438ms
[2022-06-13T03:17:31.069+0000][1][gc,cpu       ] GC(9) User=0.02s Sys=0.00s Real=0.01s
[2022-06-13T03:17:31.069+0000][1][gc           ] GC(9) Concurrent Reset
[2022-06-13T03:17:31.070+0000][1][gc           ] GC(9) Concurrent Reset 0.478ms
[2022-06-13T03:17:31.070+0000][1][gc,cpu       ] GC(9) User=0.01s Sys=0.00s Real=0.00s
[2022-06-13T03:17:31.070+0000][1][gc,heap      ] GC(9) Old: 11375K->14064K(174784K)
[2022-06-13T03:17:31.331+0000][1][safepoint    ] Application time: 0.2671630 seconds
[2022-06-13T03:17:31.332+0000][1][safepoint    ] Entering safepoint region: Deoptimize
[2022-06-13T03:17:31.333+0000][1][safepoint    ] Leaving safepoint region
[2022-06-13T03:17:31.333+0000][1][safepoint    ] Total time for which application threads were stopped: 0.0014923 seconds, Stopping threads took: 0.0001662 seconds
[2022-06-13T03:17:31.409+0000][1][safepoint    ] Application time: 0.0756541 seconds
[2022-06-13T03:17:31.409+0000][1][safepoint    ] Entering safepoint region: Deoptimize
[2022-06-13T03:17:31.410+0000][1][safepoint    ] Leaving safepoint region
[2022-06-13T03:17:31.410+0000][1][safepoint    ] Total time for which application threads were stopped: 0.0009128 seconds, Stopping threads took: 0.0001796 seconds
[2022-06-13T03:17:31.413+0000][1][safepoint    ] Application time: 0.0028787 seconds
[2022-06-13T03:17:31.413+0000][1][safepoint    ] Entering safepoint region: Deoptimize
[2022-06-13T03:17:31.414+0000][1][safepoint    ] Leaving safepoint region
[2022-06-13T03:17:31.414+0000][1][safepoint    ] Total time for which application threads were stopped: 0.0009683 seconds, Stopping threads took: 0.0001834 seconds
[2022-06-13T03:17:31.429+0000][1][safepoint    ] Application time: 0.0145953 seconds
[2022-06-13T03:17:31.430+0000][1][safepoint    ] Entering safepoint region: Deoptimize
[2022-06-13T03:17:31.431+0000][1][safepoint    ] Leaving safepoint region
[2022-06-13T03:17:31.432+0000][1][safepoint    ] Total time for which application threads were stopped: 0.0017339 seconds, Stopping threads took: 0.0002412 seconds
[2022-06-13T03:17:31.440+0000][1][safepoint    ] Application time: 0.0079892 seconds
[2022-06-13T03:17:31.440+0000][1][safepoint    ] Entering safepoint region: Deoptimize
[2022-06-13T03:17:31.441+0000][1][safepoint    ] Leaving safepoint region
[2022-06-13T03:17:31.441+0000][1][safepoint    ] Total time for which application threads were stopped: 0.0011147 seconds, Stopping threads took: 0.0001558 seconds
[2022-06-13T03:17:31.551+0000][1][safepoint    ] Application time: 0.1092170 seconds
[2022-06-13T03:17:31.551+0000][1][safepoint    ] Entering safepoint region: GenCollectForAllocation
[2022-06-13T03:17:31.552+0000][1][gc,start     ] GC(12) Pause Young (Allocation Failure)
[2022-06-13T03:17:31.552+0000][1][gc,task      ] GC(12) Using 5 workers of 13 for evacuation
[2022-06-13T03:17:31.575+0000][1][gc,age       ] GC(12) Desired survivor size 4456448 bytes, new threshold 6 (max threshold 6)
[2022-06-13T03:17:31.579+0000][1][gc,age       ] GC(12) Age table with threshold 6 (max threshold 6)
[2022-06-13T03:17:31.580+0000][1][gc,age       ] GC(12) - age   1:    2755760 bytes,    2755760 total
[2022-06-13T03:17:31.580+0000][1][gc,age       ] GC(12) - age   2:     345016 bytes,    3100776 total
[2022-06-13T03:17:31.580+0000][1][gc,age       ] GC(12) - age   3:     130536 bytes,    3231312 total
[2022-06-13T03:17:31.580+0000][1][gc,age       ] GC(12) - age   4:     487376 bytes,    3718688 total
[2022-06-13T03:17:31.580+0000][1][gc,age       ] GC(12) - age   5:     471680 bytes,    4190368 total
[2022-06-13T03:17:31.581+0000][1][gc,age       ] GC(12) - age   6:    1142856 bytes,    5333224 total
[2022-06-13T03:17:31.581+0000][1][gc,heap      ] GC(12) ParNew: 77198K->6587K(78656K)
[2022-06-13T03:17:31.582+0000][1][gc,heap      ] GC(12) CMS: 14064K->14064K(174784K)
[2022-06-13T03:17:31.582+0000][1][gc,metaspace ] GC(12) Metaspace: 26254K->26254K(1073152K)
[2022-06-13T03:17:31.582+0000][1][gc           ] GC(12) Pause Young (Allocation Failure) 89M->20M(247M) 30.059ms
[2022-06-13T03:17:31.582+0000][1][gc,cpu       ] GC(12) User=0.08s Sys=0.01s Real=0.03s
[2022-06-13T03:17:31.582+0000][1][safepoint    ] Leaving safepoint region
[2022-06-13T03:17:31.584+0000][1][safepoint    ] Total time for which application threads were stopped: 0.0323727 seconds, Stopping threads took: 0.0005285 seconds
[2022-06-13T03:17:32.419+0000][1][safepoint    ] Application time: 0.8348437 seconds
[2022-06-13T03:17:32.439+0000][1][safepoint    ] Entering safepoint region: RevokeBias
[2022-06-13T03:17:32.450+0000][1][safepoint    ] Leaving safepoint region
[2022-06-13T03:17:32.456+0000][1][safepoint    ] Total time for which application threads were stopped: 0.0169781 seconds, Stopping threads took: 0.0100001 seconds
[2022-06-13T03:17:32.662+0000][1][safepoint    ] Application time: 0.2059016 seconds
[2022-06-13T03:17:32.671+0000][1][safepoint    ] Entering safepoint region: GenCollectForAllocation
[2022-06-13T03:17:32.672+0000][1][gc,start     ] GC(13) Pause Young (Allocation Failure)
[2022-06-13T03:17:32.676+0000][1][gc,task      ] GC(13) Using 5 workers of 13 for evacuation
[2022-06-13T03:17:32.754+0000][1][gc,age       ] GC(13) Desired survivor size 4456448 bytes, new threshold 1 (max threshold 6)
[2022-06-13T03:17:32.757+0000][1][gc,age       ] GC(13) Age table with threshold 1 (max threshold 6)
[2022-06-13T03:17:32.757+0000][1][gc,age       ] GC(13) - age   1:    4614208 bytes,    4614208 total
[2022-06-13T03:17:32.757+0000][1][gc,age       ] GC(13) - age   2:    2365576 bytes,    6979784 total
[2022-06-13T03:17:32.757+0000][1][gc,age       ] GC(13) - age   3:     344784 bytes,    7324568 total
[2022-06-13T03:17:32.757+0000][1][gc,age       ] GC(13) - age   4:     130536 bytes,    7455104 total
[2022-06-13T03:17:32.757+0000][1][gc,age       ] GC(13) - age   5:     487376 bytes,    7942480 total
[2022-06-13T03:17:32.757+0000][1][gc,age       ] GC(13) - age   6:     471536 bytes,    8414016 total
[2022-06-13T03:17:32.757+0000][1][gc,heap      ] GC(13) ParNew: 76539K->8704K(78656K)
[2022-06-13T03:17:32.758+0000][1][gc,heap      ] GC(13) CMS: 14064K->26570K(174784K)
[2022-06-13T03:17:32.758+0000][1][gc,metaspace ] GC(13) Metaspace: 26998K->26998K(1075200K)
[2022-06-13T03:17:32.758+0000][1][gc           ] GC(13) Pause Young (Allocation Failure) 88M->34M(247M) 85.595ms
[2022-06-13T03:17:32.758+0000][1][gc,cpu       ] GC(13) User=0.36s Sys=0.00s Real=0.08s
[2022-06-13T03:17:32.758+0000][1][safepoint    ] Leaving safepoint region
[2022-06-13T03:17:32.758+0000][1][safepoint    ] Total time for which application threads were stopped: 0.0871039 seconds, Stopping threads took: 0.0010413 seconds
[2022-06-13T03:17:33.100+0000][1][safepoint    ] Application time: 0.3412641 seconds
[2022-06-13T03:17:33.101+0000][1][safepoint    ] Entering safepoint region: Deoptimize
[2022-06-13T03:17:33.105+0000][1][safepoint    ] Leaving safepoint region
[2022-06-13T03:17:33.105+0000][1][safepoint    ] Total time for which application threads were stopped: 0.0043619 seconds, Stopping threads took: 0.0035264 seconds
[2022-06-13T03:17:33.394+0000][1][safepoint    ] Application time: 0.2886359 seconds
[2022-06-13T03:17:33.400+0000][1][safepoint    ] Entering safepoint region: GenCollectForAllocation
[2022-06-13T03:17:33.401+0000][1][gc,start     ] GC(14) Pause Young (Allocation Failure)
[2022-06-13T03:17:33.401+0000][1][gc,task      ] GC(14) Using 5 workers of 13 for evacuation
[2022-06-13T03:17:33.455+0000][1][gc,age       ] GC(14) Desired survivor size 4456448 bytes, new threshold 1 (max threshold 6)
[2022-06-13T03:17:33.456+0000][1][gc,age       ] GC(14) Age table with threshold 1 (max threshold 6)
[2022-06-13T03:17:33.456+0000][1][gc,age       ] GC(14) - age   1:    8789680 bytes,    8789680 total
[2022-06-13T03:17:33.456+0000][1][gc,heap      ] GC(14) ParNew: 78656K->8704K(78656K)
[2022-06-13T03:17:33.456+0000][1][gc,heap      ] GC(14) CMS: 26570K->39311K(174784K)
[2022-06-13T03:17:33.456+0000][1][gc,metaspace ] GC(14) Metaspace: 27115K->27115K(1075200K)
[2022-06-13T03:17:33.457+0000][1][gc           ] GC(14) Pause Young (Allocation Failure) 102M->46M(247M) 55.976ms
[2022-06-13T03:17:33.457+0000][1][gc,cpu       ] GC(14) User=0.19s Sys=0.01s Real=0.05s
[2022-06-13T03:17:33.457+0000][1][safepoint    ] Leaving safepoint region
[2022-06-13T03:17:33.457+0000][1][safepoint    ] Total time for which application threads were stopped: 0.0569290 seconds, Stopping threads took: 0.0002684 seconds
[2022-06-13T03:17:33.743+0000][1][safepoint    ] Application time: 0.2855449 seconds
[2022-06-13T03:17:33.743+0000][1][safepoint    ] Entering safepoint region: RevokeBias
[2022-06-13T03:17:33.744+0000][1][safepoint    ] Leaving safepoint region
[2022-06-13T03:17:33.744+0000][1][safepoint    ] Total time for which application threads were stopped: 0.0003844 seconds, Stopping threads took: 0.0001549 seconds
[2022-06-13T03:17:34.211+0000][1][safepoint    ] Application time: 0.4672376 seconds
[2022-06-13T03:17:34.212+0000][1][safepoint    ] Entering safepoint region: RevokeBias
[2022-06-13T03:17:34.212+0000][1][safepoint    ] Leaving safepoint region
[2022-06-13T03:17:34.212+0000][1][safepoint    ] Total time for which application threads were stopped: 0.0005295 seconds, Stopping threads took: 0.0002010 seconds
[2022-06-13T03:17:34.383+0000][1][safepoint    ] Application time: 0.1703443 seconds
[2022-06-13T03:17:34.383+0000][1][safepoint    ] Entering safepoint region: GenCollectForAllocation
[2022-06-13T03:17:34.384+0000][1][gc,start     ] GC(15) Pause Young (Allocation Failure)
[2022-06-13T03:17:34.384+0000][1][gc,task      ] GC(15) Using 5 workers of 13 for evacuation
[2022-06-13T03:17:34.405+0000][1][gc,age       ] GC(15) Desired survivor size 4456448 bytes, new threshold 1 (max threshold 6)
[2022-06-13T03:17:34.405+0000][1][gc,age       ] GC(15) Age table with threshold 1 (max threshold 6)
[2022-06-13T03:17:34.405+0000][1][gc,age       ] GC(15) - age   1:    6687528 bytes,    6687528 total
[2022-06-13T03:17:34.405+0000][1][gc,heap      ] GC(15) ParNew: 78656K->8704K(78656K)
[2022-06-13T03:17:34.406+0000][1][gc,heap      ] GC(15) CMS: 39311K->49408K(174784K)
[2022-06-13T03:17:34.406+0000][1][gc,metaspace ] GC(15) Metaspace: 31811K->31811K(1079296K)
[2022-06-13T03:17:34.406+0000][1][gc           ] GC(15) Pause Young (Allocation Failure) 115M->56M(247M) 22.209ms
[2022-06-13T03:17:34.406+0000][1][gc,cpu       ] GC(15) User=0.11s Sys=0.00s Real=0.02s
[2022-06-13T03:17:34.406+0000][1][safepoint    ] Leaving safepoint region
[2022-06-13T03:17:34.406+0000][1][safepoint    ] Total time for which application threads were stopped: 0.0232948 seconds, Stopping threads took: 0.0005254 seconds
[2022-06-13T03:17:34.569+0000][1][safepoint    ] Application time: 0.1624840 seconds
[2022-06-13T03:17:34.570+0000][1][safepoint    ] Entering safepoint region: GenCollectForAllocation
[2022-06-13T03:17:34.571+0000][1][gc,start     ] GC(16) Pause Young (Allocation Failure)
[2022-06-13T03:17:34.572+0000][1][gc,task      ] GC(16) Using 5 workers of 13 for evacuation
[2022-06-13T03:17:34.581+0000][1][gc,age       ] GC(16) Desired survivor size 4456448 bytes, new threshold 6 (max threshold 6)
[2022-06-13T03:17:34.582+0000][1][gc,age       ] GC(16) Age table with threshold 6 (max threshold 6)
[2022-06-13T03:17:34.582+0000][1][gc,age       ] GC(16) - age   1:     416208 bytes,     416208 total
[2022-06-13T03:17:34.582+0000][1][gc,heap      ] GC(16) ParNew: 78656K->5565K(78656K)
[2022-06-13T03:17:34.582+0000][1][gc,heap      ] GC(16) CMS: 49408K->55967K(174784K)
[2022-06-13T03:17:34.582+0000][1][gc,metaspace ] GC(16) Metaspace: 32929K->32929K(1079296K)
[2022-06-13T03:17:34.583+0000][1][gc           ] GC(16) Pause Young (Allocation Failure) 125M->60M(247M) 11.004ms
[2022-06-13T03:17:34.583+0000][1][gc,cpu       ] GC(16) User=0.03s Sys=0.00s Real=0.01s
[2022-06-13T03:17:34.583+0000][1][safepoint    ] Leaving safepoint region
[2022-06-13T03:17:34.583+0000][1][safepoint    ] Total time for which application threads were stopped: 0.0132333 seconds, Stopping threads took: 0.0015546 seconds
[2022-06-13T03:17:34.766+0000][1][safepoint    ] Application time: 0.1828430 seconds
[2022-06-13T03:17:34.766+0000][1][safepoint    ] Entering safepoint region: CollectForMetadataAllocation
[2022-06-13T03:17:34.767+0000][1][safepoint    ] Leaving safepoint region
[2022-06-13T03:17:34.767+0000][1][safepoint    ] Total time for which application threads were stopped: 0.0004732 seconds, Stopping threads took: 0.0001602 seconds
[2022-06-13T03:17:34.791+0000][1][safepoint    ] Application time: 0.0242041 seconds
[2022-06-13T03:17:34.791+0000][1][safepoint    ] Entering safepoint region: CollectForMetadataAllocation
[2022-06-13T03:17:34.792+0000][1][safepoint    ] Leaving safepoint region
[2022-06-13T03:17:34.792+0000][1][safepoint    ] Total time for which application threads were stopped: 0.0003872 seconds, Stopping threads took: 0.0001259 seconds
[2022-06-13T03:17:34.807+0000][1][safepoint    ] Application time: 0.0149602 seconds
[2022-06-13T03:17:34.807+0000][1][safepoint    ] Entering safepoint region: CollectForMetadataAllocation
[2022-06-13T03:17:34.807+0000][1][safepoint    ] Leaving safepoint region
[2022-06-13T03:17:34.808+0000][1][safepoint    ] Total time for which application threads were stopped: 0.0005220 seconds, Stopping threads took: 0.0002130 seconds
[2022-06-13T03:17:34.828+0000][1][safepoint    ] Application time: 0.0200653 seconds
[2022-06-13T03:17:34.828+0000][1][safepoint    ] Entering safepoint region: CollectForMetadataAllocation
[2022-06-13T03:17:34.828+0000][1][safepoint    ] Leaving safepoint region
[2022-06-13T03:17:34.828+0000][1][safepoint    ] Total time for which application threads were stopped: 0.0004416 seconds, Stopping threads took: 0.0001737 seconds
[2022-06-13T03:17:34.854+0000][1][safepoint    ] Application time: 0.0256680 seconds
[2022-06-13T03:17:34.855+0000][1][safepoint    ] Entering safepoint region: CollectForMetadataAllocation
[2022-06-13T03:17:34.855+0000][1][safepoint    ] Leaving safepoint region
[2022-06-13T03:17:34.856+0000][1][safepoint    ] Total time for which application threads were stopped: 0.0009064 seconds, Stopping threads took: 0.0001536 seconds
[2022-06-13T03:17:34.875+0000][1][safepoint    ] Application time: 0.0195176 seconds
[2022-06-13T03:17:34.876+0000][1][safepoint    ] Entering safepoint region: CollectForMetadataAllocation
[2022-06-13T03:17:34.876+0000][1][safepoint    ] Leaving safepoint region
[2022-06-13T03:17:34.876+0000][1][safepoint    ] Total time for which application threads were stopped: 0.0005597 seconds, Stopping threads took: 0.0002326 seconds
[2022-06-13T03:17:34.893+0000][1][safepoint    ] Application time: 0.0166471 seconds
[2022-06-13T03:17:34.893+0000][1][safepoint    ] Entering safepoint region: CollectForMetadataAllocation
[2022-06-13T03:17:34.894+0000][1][safepoint    ] Leaving safepoint region
[2022-06-13T03:17:34.894+0000][1][safepoint    ] Total time for which application threads were stopped: 0.0007336 seconds, Stopping threads took: 0.0001867 seconds
[2022-06-13T03:17:34.918+0000][1][safepoint    ] Application time: 0.0239620 seconds
[2022-06-13T03:17:34.919+0000][1][safepoint    ] Entering safepoint region: CollectForMetadataAllocation
[2022-06-13T03:17:34.919+0000][1][safepoint    ] Leaving safepoint region
[2022-06-13T03:17:34.919+0000][1][safepoint    ] Total time for which application threads were stopped: 0.0004154 seconds, Stopping threads took: 0.0001730 seconds
[2022-06-13T03:17:34.937+0000][1][safepoint    ] Application time: 0.0174675 seconds
[2022-06-13T03:17:34.937+0000][1][safepoint    ] Entering safepoint region: CollectForMetadataAllocation
[2022-06-13T03:17:34.937+0000][1][safepoint    ] Leaving safepoint region
[2022-06-13T03:17:34.937+0000][1][safepoint    ] Total time for which application threads were stopped: 0.0003754 seconds, Stopping threads took: 0.0001328 seconds
[2022-06-13T03:17:34.946+0000][1][safepoint    ] Application time: 0.0090582 seconds
[2022-06-13T03:17:34.947+0000][1][safepoint    ] Entering safepoint region: RevokeBias
[2022-06-13T03:17:34.947+0000][1][safepoint    ] Leaving safepoint region
[2022-06-13T03:17:34.947+0000][1][safepoint    ] Total time for which application threads were stopped: 0.0002857 seconds, Stopping threads took: 0.0000958 seconds
[2022-06-13T03:17:34.950+0000][1][safepoint    ] Application time: 0.0032141 seconds
[2022-06-13T03:17:34.950+0000][1][safepoint    ] Entering safepoint region: RevokeBias
[2022-06-13T03:17:34.951+0000][1][safepoint    ] Leaving safepoint region
[2022-06-13T03:17:34.951+0000][1][safepoint    ] Total time for which application threads were stopped: 0.0003322 seconds, Stopping threads took: 0.0001679 seconds
[2022-06-13T03:17:34.952+0000][1][safepoint    ] Application time: 0.0012906 seconds
[2022-06-13T03:17:34.952+0000][1][safepoint    ] Entering safepoint region: CollectForMetadataAllocation
[2022-06-13T03:17:34.952+0000][1][safepoint    ] Leaving safepoint region
[2022-06-13T03:17:34.953+0000][1][safepoint    ] Total time for which application threads were stopped: 0.0003395 seconds, Stopping threads took: 0.0001220 seconds
[2022-06-13T03:17:34.958+0000][1][safepoint    ] Application time: 0.0049136 seconds
[2022-06-13T03:17:34.958+0000][1][safepoint    ] Entering safepoint region: RevokeBias
[2022-06-13T03:17:34.958+0000][1][safepoint    ] Leaving safepoint region
[2022-06-13T03:17:34.958+0000][1][safepoint    ] Total time for which application threads were stopped: 0.0003873 seconds, Stopping threads took: 0.0001415 seconds
[2022-06-13T03:17:34.974+0000][1][safepoint    ] Application time: 0.0152691 seconds
[2022-06-13T03:17:34.974+0000][1][safepoint    ] Entering safepoint region: CollectForMetadataAllocation
[2022-06-13T03:17:34.974+0000][1][safepoint    ] Leaving safepoint region
[2022-06-13T03:17:34.974+0000][1][safepoint    ] Total time for which application threads were stopped: 0.0003208 seconds, Stopping threads took: 0.0001182 seconds
[2022-06-13T03:17:34.988+0000][1][safepoint    ] Application time: 0.0136821 seconds
[2022-06-13T03:17:34.988+0000][1][safepoint    ] Entering safepoint region: CollectForMetadataAllocation
[2022-06-13T03:17:34.989+0000][1][safepoint    ] Leaving safepoint region
[2022-06-13T03:17:34.989+0000][1][safepoint    ] Total time for which application threads were stopped: 0.0004276 seconds, Stopping threads took: 0.0001498 seconds
[2022-06-13T03:17:35.007+0000][1][safepoint    ] Application time: 0.0184597 seconds
[2022-06-13T03:17:35.008+0000][1][safepoint    ] Entering safepoint region: CollectForMetadataAllocation
[2022-06-13T03:17:35.008+0000][1][safepoint    ] Leaving safepoint region
[2022-06-13T03:17:35.008+0000][1][safepoint    ] Total time for which application threads were stopped: 0.0004688 seconds, Stopping threads took: 0.0001657 seconds
[2022-06-13T03:17:35.020+0000][1][safepoint    ] Application time: 0.0116274 seconds
[2022-06-13T03:17:35.020+0000][1][safepoint    ] Entering safepoint region: CollectForMetadataAllocation
[2022-06-13T03:17:35.020+0000][1][safepoint    ] Leaving safepoint region
[2022-06-13T03:17:35.020+0000][1][safepoint    ] Total time for which application threads were stopped: 0.0003803 seconds, Stopping threads took: 0.0001130 seconds
[2022-06-13T03:17:35.037+0000][1][safepoint    ] Application time: 0.0159860 seconds
[2022-06-13T03:17:35.037+0000][1][safepoint    ] Entering safepoint region: CollectForMetadataAllocation
[2022-06-13T03:17:35.037+0000][1][safepoint    ] Leaving safepoint region
[2022-06-13T03:17:35.037+0000][1][safepoint    ] Total time for which application threads were stopped: 0.0003630 seconds, Stopping threads took: 0.0001447 seconds
[2022-06-13T03:17:35.058+0000][1][safepoint    ] Application time: 0.0204391 seconds
[2022-06-13T03:17:35.058+0000][1][safepoint    ] Entering safepoint region: CollectForMetadataAllocation
[2022-06-13T03:17:35.058+0000][1][safepoint    ] Leaving safepoint region
[2022-06-13T03:17:35.058+0000][1][safepoint    ] Total time for which application threads were stopped: 0.0004843 seconds, Stopping threads took: 0.0001676 seconds
[2022-06-13T03:17:35.071+0000][1][safepoint    ] Application time: 0.0124311 seconds
[2022-06-13T03:17:35.071+0000][1][safepoint    ] Entering safepoint region: CollectForMetadataAllocation
[2022-06-13T03:17:35.072+0000][1][safepoint    ] Leaving safepoint region
[2022-06-13T03:17:35.072+0000][1][safepoint    ] Total time for which application threads were stopped: 0.0004514 seconds, Stopping threads took: 0.0001835 seconds
[2022-06-13T03:17:35.084+0000][1][safepoint    ] Application time: 0.0124702 seconds
[2022-06-13T03:17:35.085+0000][1][safepoint    ] Entering safepoint region: CollectForMetadataAllocation
[2022-06-13T03:17:35.085+0000][1][safepoint    ] Leaving safepoint region
[2022-06-13T03:17:35.085+0000][1][safepoint    ] Total time for which application threads were stopped: 0.0004408 seconds, Stopping threads took: 0.0001452 seconds
[2022-06-13T03:17:35.104+0000][1][safepoint    ] Application time: 0.0191362 seconds
[2022-06-13T03:17:35.105+0000][1][safepoint    ] Entering safepoint region: CollectForMetadataAllocation
[2022-06-13T03:17:35.105+0000][1][safepoint    ] Leaving safepoint region
[2022-06-13T03:17:35.105+0000][1][safepoint    ] Total time for which application threads were stopped: 0.0004894 seconds, Stopping threads took: 0.0001924 seconds
[2022-06-13T03:17:35.119+0000][1][safepoint    ] Application time: 0.0135148 seconds
[2022-06-13T03:17:35.119+0000][1][safepoint    ] Entering safepoint region: CollectForMetadataAllocation
[2022-06-13T03:17:35.119+0000][1][safepoint    ] Leaving safepoint region
[2022-06-13T03:17:35.120+0000][1][safepoint    ] Total time for which application threads were stopped: 0.0008644 seconds, Stopping threads took: 0.0001851 seconds
[2022-06-13T03:17:35.142+0000][1][safepoint    ] Application time: 0.0215814 seconds
[2022-06-13T03:17:35.142+0000][1][safepoint    ] Entering safepoint region: CollectForMetadataAllocation
[2022-06-13T03:17:35.142+0000][1][safepoint    ] Leaving safepoint region
[2022-06-13T03:17:35.142+0000][1][safepoint    ] Total time for which application threads were stopped: 0.0003774 seconds, Stopping threads took: 0.0001256 seconds
[2022-06-13T03:17:35.180+0000][1][safepoint    ] Application time: 0.0376875 seconds
[2022-06-13T03:17:35.180+0000][1][safepoint    ] Entering safepoint region: CollectForMetadataAllocation
[2022-06-13T03:17:35.180+0000][1][safepoint    ] Leaving safepoint region
[2022-06-13T03:17:35.181+0000][1][safepoint    ] Total time for which application threads were stopped: 0.0004911 seconds, Stopping threads took: 0.0001742 seconds
[2022-06-13T03:17:35.194+0000][1][safepoint    ] Application time: 0.0128660 seconds
[2022-06-13T03:17:35.194+0000][1][safepoint    ] Entering safepoint region: CollectForMetadataAllocation
[2022-06-13T03:17:35.194+0000][1][safepoint    ] Leaving safepoint region
[2022-06-13T03:17:35.195+0000][1][safepoint    ] Total time for which application threads were stopped: 0.0005652 seconds, Stopping threads took: 0.0002199 seconds
[2022-06-13T03:17:35.216+0000][1][safepoint    ] Application time: 0.0208165 seconds
[2022-06-13T03:17:35.216+0000][1][safepoint    ] Entering safepoint region: CollectForMetadataAllocation
[2022-06-13T03:17:35.216+0000][1][safepoint    ] Leaving safepoint region
[2022-06-13T03:17:35.216+0000][1][safepoint    ] Total time for which application threads were stopped: 0.0005192 seconds, Stopping threads took: 0.0001738 seconds
[2022-06-13T03:17:35.230+0000][1][safepoint    ] Application time: 0.0137797 seconds
[2022-06-13T03:17:35.230+0000][1][safepoint    ] Entering safepoint region: CollectForMetadataAllocation
[2022-06-13T03:17:35.231+0000][1][safepoint    ] Leaving safepoint region
[2022-06-13T03:17:35.231+0000][1][safepoint    ] Total time for which application threads were stopped: 0.0004195 seconds, Stopping threads took: 0.0001603 seconds
[2022-06-13T03:17:35.254+0000][1][safepoint    ] Application time: 0.0228972 seconds
[2022-06-13T03:17:35.254+0000][1][safepoint    ] Entering safepoint region: CollectForMetadataAllocation
[2022-06-13T03:17:35.254+0000][1][safepoint    ] Leaving safepoint region
[2022-06-13T03:17:35.255+0000][1][safepoint    ] Total time for which application threads were stopped: 0.0004105 seconds, Stopping threads took: 0.0001428 seconds
[2022-06-13T03:17:35.259+0000][1][safepoint    ] Application time: 0.0040271 seconds
[2022-06-13T03:17:35.259+0000][1][safepoint    ] Entering safepoint region: RevokeBias
[2022-06-13T03:17:35.259+0000][1][safepoint    ] Leaving safepoint region
[2022-06-13T03:17:35.259+0000][1][safepoint    ] Total time for which application threads were stopped: 0.0003239 seconds, Stopping threads took: 0.0001372 seconds
[2022-06-13T03:17:35.260+0000][1][safepoint    ] Application time: 0.0002299 seconds
[2022-06-13T03:17:35.260+0000][1][safepoint    ] Entering safepoint region: RevokeBias
[2022-06-13T03:17:35.260+0000][1][safepoint    ] Leaving safepoint region
[2022-06-13T03:17:35.260+0000][1][safepoint    ] Total time for which application threads were stopped: 0.0002593 seconds, Stopping threads took: 0.0001419 seconds
[2022-06-13T03:17:35.279+0000][1][safepoint    ] Application time: 0.0191083 seconds
[2022-06-13T03:17:35.279+0000][1][safepoint    ] Entering safepoint region: CollectForMetadataAllocation
[2022-06-13T03:17:35.280+0000][1][safepoint    ] Leaving safepoint region
[2022-06-13T03:17:35.280+0000][1][safepoint    ] Total time for which application threads were stopped: 0.0005862 seconds, Stopping threads took: 0.0001781 seconds
[2022-06-13T03:17:35.459+0000][1][safepoint    ] Application time: 0.1791042 seconds
[2022-06-13T03:17:35.460+0000][1][safepoint    ] Entering safepoint region: CollectForMetadataAllocation
[2022-06-13T03:17:35.460+0000][1][safepoint    ] Leaving safepoint region
[2022-06-13T03:17:35.460+0000][1][safepoint    ] Total time for which application threads were stopped: 0.0006256 seconds, Stopping threads took: 0.0003127 seconds
[2022-06-13T03:17:35.681+0000][1][safepoint    ] Application time: 0.2201764 seconds
[2022-06-13T03:17:35.682+0000][1][safepoint    ] Entering safepoint region: GenCollectForAllocation
[2022-06-13T03:17:35.684+0000][1][gc,start     ] GC(17) Pause Young (Allocation Failure)
[2022-06-13T03:17:35.685+0000][1][gc,task      ] GC(17) Using 5 workers of 13 for evacuation
[2022-06-13T03:17:35.691+0000][1][gc,age       ] GC(17) Desired survivor size 4456448 bytes, new threshold 6 (max threshold 6)
[2022-06-13T03:17:35.691+0000][1][gc,age       ] GC(17) Age table with threshold 6 (max threshold 6)
[2022-06-13T03:17:35.691+0000][1][gc,age       ] GC(17) - age   1:    3770416 bytes,    3770416 total
[2022-06-13T03:17:35.691+0000][1][gc,age       ] GC(17) - age   2:     374952 bytes,    4145368 total
[2022-06-13T03:17:35.692+0000][1][gc,heap      ] GC(17) ParNew: 75517K->4720K(78656K)
[2022-06-13T03:17:35.692+0000][1][gc,heap      ] GC(17) CMS: 55967K->55967K(174784K)
[2022-06-13T03:17:35.692+0000][1][gc,metaspace ] GC(17) Metaspace: 42270K->42270K(1087488K)
[2022-06-13T03:17:35.692+0000][1][gc           ] GC(17) Pause Young (Allocation Failure) 128M->59M(247M) 7.744ms
[2022-06-13T03:17:35.693+0000][1][gc,cpu       ] GC(17) User=0.01s Sys=0.01s Real=0.01s
[2022-06-13T03:17:35.693+0000][1][safepoint    ] Leaving safepoint region
[2022-06-13T03:17:35.693+0000][1][safepoint    ] Total time for which application threads were stopped: 0.0107729 seconds, Stopping threads took: 0.0020061 seconds
[2022-06-13T03:17:35.695+0000][1][safepoint    ] Application time: 0.0016796 seconds
[2022-06-13T03:17:35.696+0000][1][safepoint    ] Entering safepoint region: CMS_Initial_Mark
[2022-06-13T03:17:35.696+0000][1][gc,start     ] GC(18) Pause Initial Mark
[2022-06-13T03:17:35.701+0000][1][gc           ] GC(18) Pause Initial Mark 60M->60M(247M) 4.846ms
[2022-06-13T03:17:35.701+0000][1][gc,cpu       ] GC(18) User=0.01s Sys=0.00s Real=0.01s
[2022-06-13T03:17:35.701+0000][1][safepoint    ] Leaving safepoint region
[2022-06-13T03:17:35.701+0000][1][safepoint    ] Total time for which application threads were stopped: 0.0057832 seconds, Stopping threads took: 0.0002315 seconds
[2022-06-13T03:17:35.702+0000][1][gc           ] GC(18) Concurrent Mark
[2022-06-13T03:17:35.703+0000][1][gc,task      ] GC(18) Using 4 workers of 4 for marking
[2022-06-13T03:17:35.730+0000][1][safepoint    ] Application time: 0.0284705 seconds
[2022-06-13T03:17:35.731+0000][1][safepoint    ] Entering safepoint region: CollectForMetadataAllocation
[2022-06-13T03:17:35.733+0000][1][safepoint    ] Leaving safepoint region
[2022-06-13T03:17:35.733+0000][1][safepoint    ] Total time for which application threads were stopped: 0.0020266 seconds, Stopping threads took: 0.0013517 seconds
[2022-06-13T03:17:35.769+0000][1][gc           ] GC(18) Concurrent Mark 67.555ms
[2022-06-13T03:17:35.769+0000][1][gc,cpu       ] GC(18) User=0.15s Sys=0.00s Real=0.07s
[2022-06-13T03:17:35.772+0000][1][gc           ] GC(18) Concurrent Preclean
[2022-06-13T03:17:35.774+0000][1][gc           ] GC(18) Concurrent Preclean 1.928ms
[2022-06-13T03:17:35.774+0000][1][gc,cpu       ] GC(18) User=0.01s Sys=0.00s Real=0.00s
[2022-06-13T03:17:35.774+0000][1][gc           ] GC(18) Concurrent Abortable Preclean
[2022-06-13T03:17:35.775+0000][1][safepoint    ] Application time: 0.0419004 seconds
[2022-06-13T03:17:35.776+0000][1][safepoint    ] Entering safepoint region: CollectForMetadataAllocation
[2022-06-13T03:17:35.776+0000][1][safepoint    ] Leaving safepoint region
[2022-06-13T03:17:35.776+0000][1][safepoint    ] Total time for which application threads were stopped: 0.0007012 seconds, Stopping threads took: 0.0001904 seconds
[2022-06-13T03:17:35.782+0000][1][safepoint    ] Application time: 0.0041767 seconds
[2022-06-13T03:17:35.783+0000][1][safepoint    ] Entering safepoint region: CollectForMetadataAllocation
[2022-06-13T03:17:35.783+0000][1][safepoint    ] Leaving safepoint region
[2022-06-13T03:17:35.783+0000][1][safepoint    ] Total time for which application threads were stopped: 0.0004069 seconds, Stopping threads took: 0.0001978 seconds
[2022-06-13T03:17:35.945+0000][1][safepoint    ] Application time: 0.1615210 seconds
[2022-06-13T03:17:35.946+0000][1][safepoint    ] Entering safepoint region: CollectForMetadataAllocation
[2022-06-13T03:17:35.947+0000][1][safepoint    ] Leaving safepoint region
[2022-06-13T03:17:35.947+0000][1][safepoint    ] Total time for which application threads were stopped: 0.0007337 seconds, Stopping threads took: 0.0002789 seconds
[2022-06-13T03:17:35.967+0000][1][safepoint    ] Application time: 0.0196491 seconds
[2022-06-13T03:17:35.968+0000][1][safepoint    ] Entering safepoint region: CollectForMetadataAllocation
[2022-06-13T03:17:35.969+0000][1][safepoint    ] Leaving safepoint region
[2022-06-13T03:17:35.969+0000][1][safepoint    ] Total time for which application threads were stopped: 0.0012580 seconds, Stopping threads took: 0.0008691 seconds
[2022-06-13T03:17:35.993+0000][1][safepoint    ] Application time: 0.0237622 seconds
[2022-06-13T03:17:35.994+0000][1][safepoint    ] Entering safepoint region: CollectForMetadataAllocation
[2022-06-13T03:17:35.994+0000][1][safepoint    ] Leaving safepoint region
[2022-06-13T03:17:35.994+0000][1][safepoint    ] Total time for which application threads were stopped: 0.0004611 seconds, Stopping threads took: 0.0001735 seconds
[2022-06-13T03:17:36.019+0000][1][gc           ] GC(18) Concurrent Abortable Preclean 245.153ms
[2022-06-13T03:17:36.020+0000][1][gc,cpu       ] GC(18) User=1.14s Sys=0.01s Real=0.25s
[2022-06-13T03:17:36.020+0000][1][safepoint    ] Application time: 0.0256888 seconds
[2022-06-13T03:17:36.020+0000][1][safepoint    ] Entering safepoint region: CMS_Final_Remark
[2022-06-13T03:17:36.020+0000][1][gc,start     ] GC(18) Pause Remark
[2022-06-13T03:17:36.038+0000][1][gc           ] GC(18) Pause Remark 93M->93M(247M) 17.671ms
[2022-06-13T03:17:36.038+0000][1][gc,cpu       ] GC(18) User=0.06s Sys=0.01s Real=0.01s
[2022-06-13T03:17:36.038+0000][1][safepoint    ] Leaving safepoint region
[2022-06-13T03:17:36.039+0000][1][safepoint    ] Total time for which application threads were stopped: 0.0184846 seconds, Stopping threads took: 0.0001464 seconds
[2022-06-13T03:17:36.039+0000][1][gc           ] GC(18) Concurrent Sweep
[2022-06-13T03:17:36.053+0000][1][safepoint    ] Application time: 0.0143189 seconds
[2022-06-13T03:17:36.053+0000][1][safepoint    ] Entering safepoint region: CollectForMetadataAllocation
[2022-06-13T03:17:36.054+0000][1][safepoint    ] Leaving safepoint region
[2022-06-13T03:17:36.054+0000][1][safepoint    ] Total time for which application threads were stopped: 0.0010071 seconds, Stopping threads took: 0.0001328 seconds
[2022-06-13T03:17:36.055+0000][1][safepoint    ] Application time: 0.0006458 seconds
[2022-06-13T03:17:36.055+0000][1][safepoint    ] Entering safepoint region: CollectForMetadataAllocation
[2022-06-13T03:17:36.056+0000][1][safepoint    ] Leaving safepoint region
[2022-06-13T03:17:36.056+0000][1][safepoint    ] Total time for which application threads were stopped: 0.0008710 seconds, Stopping threads took: 0.0001243 seconds
[2022-06-13T03:17:36.062+0000][1][gc           ] GC(18) Concurrent Sweep 23.225ms
[2022-06-13T03:17:36.062+0000][1][gc,cpu       ] GC(18) User=0.11s Sys=0.00s Real=0.03s
[2022-06-13T03:17:36.063+0000][1][gc           ] GC(18) Concurrent Reset
[2022-06-13T03:17:36.063+0000][1][gc           ] GC(18) Concurrent Reset 0.468ms
[2022-06-13T03:17:36.063+0000][1][gc,cpu       ] GC(18) User=0.01s Sys=0.00s Real=0.00s
[2022-06-13T03:17:36.063+0000][1][gc,heap      ] GC(18) Old: 55967K->55728K(174784K)
[2022-06-13T03:17:36.079+0000][1][safepoint    ] Application time: 0.0230162 seconds
[2022-06-13T03:17:36.079+0000][1][safepoint    ] Entering safepoint region: RevokeBias
[2022-06-13T03:17:36.080+0000][1][safepoint    ] Leaving safepoint region
[2022-06-13T03:17:36.080+0000][1][safepoint    ] Total time for which application threads were stopped: 0.0003041 seconds, Stopping threads took: 0.0001420 seconds
[2022-06-13T03:17:36.081+0000][1][safepoint    ] Application time: 0.0013470 seconds
[2022-06-13T03:17:36.081+0000][1][safepoint    ] Entering safepoint region: RevokeBias
[2022-06-13T03:17:36.082+0000][1][safepoint    ] Leaving safepoint region
[2022-06-13T03:17:36.082+0000][1][safepoint    ] Total time for which application threads were stopped: 0.0003067 seconds, Stopping threads took: 0.0001407 seconds
[2022-06-13T03:17:36.117+0000][1][safepoint    ] Application time: 0.0350855 seconds
[2022-06-13T03:17:36.117+0000][1][safepoint    ] Entering safepoint region: RevokeBias
[2022-06-13T03:17:36.117+0000][1][safepoint    ] Leaving safepoint region
[2022-06-13T03:17:36.118+0000][1][safepoint    ] Total time for which application threads were stopped: 0.0003039 seconds, Stopping threads took: 0.0001503 seconds
[2022-06-13T03:17:36.133+0000][1][safepoint    ] Application time: 0.0157099 seconds
[2022-06-13T03:17:36.134+0000][1][safepoint    ] Entering safepoint region: RevokeBias
[2022-06-13T03:17:36.134+0000][1][safepoint    ] Leaving safepoint region
[2022-06-13T03:17:36.134+0000][1][safepoint    ] Total time for which application threads were stopped: 0.0004246 seconds, Stopping threads took: 0.0002154 seconds
[2022-06-13T03:17:36.138+0000][1][safepoint    ] Application time: 0.0035978 seconds
[2022-06-13T03:17:36.139+0000][1][safepoint    ] Entering safepoint region: RevokeBias
[2022-06-13T03:17:36.139+0000][1][safepoint    ] Leaving safepoint region
[2022-06-13T03:17:36.140+0000][1][safepoint    ] Total time for which application threads were stopped: 0.0006398 seconds, Stopping threads took: 0.0003930 seconds
[2022-06-13T03:17:36.270+0000][1][safepoint    ] Application time: 0.1301045 seconds
[2022-06-13T03:17:36.270+0000][1][safepoint    ] Entering safepoint region: RevokeBias
[2022-06-13T03:17:36.271+0000][1][safepoint    ] Leaving safepoint region
[2022-06-13T03:17:36.271+0000][1][safepoint    ] Total time for which application threads were stopped: 0.0008776 seconds, Stopping threads took: 0.0003613 seconds
[2022-06-13T03:17:36.271+0000][1][safepoint    ] Application time: 0.0000905 seconds
[2022-06-13T03:17:36.271+0000][1][safepoint    ] Entering safepoint region: RevokeBias
[2022-06-13T03:17:36.271+0000][1][safepoint    ] Leaving safepoint region
[2022-06-13T03:17:36.271+0000][1][safepoint    ] Total time for which application threads were stopped: 0.0003657 seconds, Stopping threads took: 0.0002103 seconds
[2022-06-13T03:17:36.272+0000][1][safepoint    ] Application time: 0.0002568 seconds
[2022-06-13T03:17:36.272+0000][1][safepoint    ] Entering safepoint region: RevokeBias
[2022-06-13T03:17:36.272+0000][1][safepoint    ] Leaving safepoint region
[2022-06-13T03:17:36.272+0000][1][safepoint    ] Total time for which application threads were stopped: 0.0002794 seconds, Stopping threads took: 0.0001475 seconds
[2022-06-13T03:17:36.272+0000][1][safepoint    ] Application time: 0.0000454 seconds
[2022-06-13T03:17:36.273+0000][1][safepoint    ] Entering safepoint region: RevokeBias
[2022-06-13T03:17:36.273+0000][1][safepoint    ] Leaving safepoint region
[2022-06-13T03:17:36.273+0000][1][safepoint    ] Total time for which application threads were stopped: 0.0002606 seconds, Stopping threads took: 0.0001192 seconds
[2022-06-13T03:17:36.327+0000][1][safepoint    ] Application time: 0.0543289 seconds
[2022-06-13T03:17:36.328+0000][1][safepoint    ] Entering safepoint region: RevokeBias
[2022-06-13T03:17:36.328+0000][1][safepoint    ] Leaving safepoint region
[2022-06-13T03:17:36.328+0000][1][safepoint    ] Total time for which application threads were stopped: 0.0005848 seconds, Stopping threads took: 0.0003623 seconds
[2022-06-13T03:17:36.328+0000][1][safepoint    ] Application time: 0.0001106 seconds
[2022-06-13T03:17:36.328+0000][1][safepoint    ] Entering safepoint region: RevokeBias
[2022-06-13T03:17:36.328+0000][1][safepoint    ] Leaving safepoint region
[2022-06-13T03:17:36.329+0000][1][safepoint    ] Total time for which application threads were stopped: 0.0003382 seconds, Stopping threads took: 0.0001454 seconds
[2022-06-13T03:17:36.329+0000][1][safepoint    ] Application time: 0.0000862 seconds
[2022-06-13T03:17:36.329+0000][1][safepoint    ] Entering safepoint region: RevokeBias
[2022-06-13T03:17:36.329+0000][1][safepoint    ] Leaving safepoint region
[2022-06-13T03:17:36.329+0000][1][safepoint    ] Total time for which application threads were stopped: 0.0003162 seconds, Stopping threads took: 0.0001599 seconds
[2022-06-13T03:17:36.330+0000][1][safepoint    ] Application time: 0.0001698 seconds
[2022-06-13T03:17:36.330+0000][1][safepoint    ] Entering safepoint region: RevokeBias
[2022-06-13T03:17:36.330+0000][1][safepoint    ] Leaving safepoint region
[2022-06-13T03:17:36.330+0000][1][safepoint    ] Total time for which application threads were stopped: 0.0003278 seconds, Stopping threads took: 0.0001645 seconds
[2022-06-13T03:17:36.330+0000][1][safepoint    ] Application time: 0.0002978 seconds
[2022-06-13T03:17:36.331+0000][1][safepoint    ] Entering safepoint region: RevokeBias
[2022-06-13T03:17:36.331+0000][1][safepoint    ] Leaving safepoint region
[2022-06-13T03:17:36.331+0000][1][safepoint    ] Total time for which application threads were stopped: 0.0003463 seconds, Stopping threads took: 0.0001974 seconds
[2022-06-13T03:17:36.331+0000][1][safepoint    ] Application time: 0.0001197 seconds
[2022-06-13T03:17:36.331+0000][1][safepoint    ] Entering safepoint region: RevokeBias
[2022-06-13T03:17:36.331+0000][1][safepoint    ] Leaving safepoint region
[2022-06-13T03:17:36.332+0000][1][safepoint    ] Total time for which application threads were stopped: 0.0002906 seconds, Stopping threads took: 0.0001634 seconds
[2022-06-13T03:17:36.332+0000][1][safepoint    ] Application time: 0.0003672 seconds
[2022-06-13T03:17:36.332+0000][1][safepoint    ] Entering safepoint region: RevokeBias
[2022-06-13T03:17:36.332+0000][1][safepoint    ] Leaving safepoint region
[2022-06-13T03:17:36.332+0000][1][safepoint    ] Total time for which application threads were stopped: 0.0002959 seconds, Stopping threads took: 0.0001485 seconds
[2022-06-13T03:17:36.333+0000][1][safepoint    ] Application time: 0.0000787 seconds
[2022-06-13T03:17:36.333+0000][1][safepoint    ] Entering safepoint region: RevokeBias
[2022-06-13T03:17:36.333+0000][1][safepoint    ] Leaving safepoint region
[2022-06-13T03:17:36.333+0000][1][safepoint    ] Total time for which application threads were stopped: 0.0002996 seconds, Stopping threads took: 0.0001688 seconds
[2022-06-13T03:17:36.333+0000][1][safepoint    ] Application time: 0.0000885 seconds
[2022-06-13T03:17:36.333+0000][1][safepoint    ] Entering safepoint region: RevokeBias
[2022-06-13T03:17:36.333+0000][1][safepoint    ] Leaving safepoint region
[2022-06-13T03:17:36.334+0000][1][safepoint    ] Total time for which application threads were stopped: 0.0002817 seconds, Stopping threads took: 0.0001272 seconds
[2022-06-13T03:17:36.334+0000][1][safepoint    ] Application time: 0.0000828 seconds
[2022-06-13T03:17:36.334+0000][1][safepoint    ] Entering safepoint region: RevokeBias
[2022-06-13T03:17:36.334+0000][1][safepoint    ] Leaving safepoint region
[2022-06-13T03:17:36.334+0000][1][safepoint    ] Total time for which application threads were stopped: 0.0002499 seconds, Stopping threads took: 0.0001272 seconds
[2022-06-13T03:17:36.334+0000][1][safepoint    ] Application time: 0.0000825 seconds
[2022-06-13T03:17:36.334+0000][1][safepoint    ] Entering safepoint region: RevokeBias
[2022-06-13T03:17:36.335+0000][1][safepoint    ] Leaving safepoint region
[2022-06-13T03:17:36.335+0000][1][safepoint    ] Total time for which application threads were stopped: 0.0002802 seconds, Stopping threads took: 0.0001406 seconds
[2022-06-13T03:17:36.335+0000][1][safepoint    ] Application time: 0.0000737 seconds
[2022-06-13T03:17:36.335+0000][1][safepoint    ] Entering safepoint region: RevokeBias
[2022-06-13T03:17:36.335+0000][1][safepoint    ] Leaving safepoint region
[2022-06-13T03:17:36.335+0000][1][safepoint    ] Total time for which application threads were stopped: 0.0002894 seconds, Stopping threads took: 0.0001226 seconds
[2022-06-13T03:17:36.336+0000][1][safepoint    ] Application time: 0.0000963 seconds
[2022-06-13T03:17:36.336+0000][1][safepoint    ] Entering safepoint region: RevokeBias
[2022-06-13T03:17:36.336+0000][1][safepoint    ] Leaving safepoint region
[2022-06-13T03:17:36.336+0000][1][safepoint    ] Total time for which application threads were stopped: 0.0002420 seconds, Stopping threads took: 0.0001104 seconds
[2022-06-13T03:17:36.336+0000][1][safepoint    ] Application time: 0.0000733 seconds
[2022-06-13T03:17:36.336+0000][1][safepoint    ] Entering safepoint region: RevokeBias
[2022-06-13T03:17:36.336+0000][1][safepoint    ] Leaving safepoint region
[2022-06-13T03:17:36.336+0000][1][safepoint    ] Total time for which application threads were stopped: 0.0002421 seconds, Stopping threads took: 0.0001073 seconds
[2022-06-13T03:17:36.337+0000][1][safepoint    ] Application time: 0.0000622 seconds
[2022-06-13T03:17:36.337+0000][1][safepoint    ] Entering safepoint region: RevokeBias
[2022-06-13T03:17:36.337+0000][1][safepoint    ] Leaving safepoint region
[2022-06-13T03:17:36.337+0000][1][safepoint    ] Total time for which application threads were stopped: 0.0002448 seconds, Stopping threads took: 0.0001208 seconds
[2022-06-13T03:17:36.337+0000][1][safepoint    ] Application time: 0.0000767 seconds
[2022-06-13T03:17:36.337+0000][1][safepoint    ] Entering safepoint region: RevokeBias
[2022-06-13T03:17:36.337+0000][1][safepoint    ] Leaving safepoint region
[2022-06-13T03:17:36.337+0000][1][safepoint    ] Total time for which application threads were stopped: 0.0002211 seconds, Stopping threads took: 0.0001143 seconds
[2022-06-13T03:17:36.338+0000][1][safepoint    ] Application time: 0.0000608 seconds
[2022-06-13T03:17:36.338+0000][1][safepoint    ] Entering safepoint region: RevokeBias
[2022-06-13T03:17:36.338+0000][1][safepoint    ] Leaving safepoint region
[2022-06-13T03:17:36.338+0000][1][safepoint    ] Total time for which application threads were stopped: 0.0002804 seconds, Stopping threads took: 0.0001485 seconds
[2022-06-13T03:17:36.338+0000][1][safepoint    ] Application time: 0.0000729 seconds
[2022-06-13T03:17:36.338+0000][1][safepoint    ] Entering safepoint region: RevokeBias
[2022-06-13T03:17:36.339+0000][1][safepoint    ] Leaving safepoint region
[2022-06-13T03:17:36.339+0000][1][safepoint    ] Total time for which application threads were stopped: 0.0003296 seconds, Stopping threads took: 0.0001695 seconds
[2022-06-13T03:17:36.339+0000][1][safepoint    ] Application time: 0.0000741 seconds
[2022-06-13T03:17:36.339+0000][1][safepoint    ] Entering safepoint region: RevokeBias
[2022-06-13T03:17:36.339+0000][1][safepoint    ] Leaving safepoint region
[2022-06-13T03:17:36.339+0000][1][safepoint    ] Total time for which application threads were stopped: 0.0002684 seconds, Stopping threads took: 0.0001183 seconds
[2022-06-13T03:17:36.339+0000][1][safepoint    ] Application time: 0.0000650 seconds
[2022-06-13T03:17:36.339+0000][1][safepoint    ] Entering safepoint region: RevokeBias
[2022-06-13T03:17:36.340+0000][1][safepoint    ] Leaving safepoint region
[2022-06-13T03:17:36.340+0000][1][safepoint    ] Total time for which application threads were stopped: 0.0002902 seconds, Stopping threads took: 0.0001285 seconds
[2022-06-13T03:17:36.340+0000][1][safepoint    ] Application time: 0.0000751 seconds
[2022-06-13T03:17:36.340+0000][1][safepoint    ] Entering safepoint region: RevokeBias
[2022-06-13T03:17:36.340+0000][1][safepoint    ] Leaving safepoint region
[2022-06-13T03:17:36.340+0000][1][safepoint    ] Total time for which application threads were stopped: 0.0003095 seconds, Stopping threads took: 0.0001297 seconds
[2022-06-13T03:17:36.341+0000][1][safepoint    ] Application time: 0.0000704 seconds
[2022-06-13T03:17:36.341+0000][1][safepoint    ] Entering safepoint region: RevokeBias
[2022-06-13T03:17:36.341+0000][1][safepoint    ] Leaving safepoint region
[2022-06-13T03:17:36.341+0000][1][safepoint    ] Total time for which application threads were stopped: 0.0002307 seconds, Stopping threads took: 0.0001126 seconds
[2022-06-13T03:17:36.341+0000][1][safepoint    ] Application time: 0.0000365 seconds
[2022-06-13T03:17:36.341+0000][1][safepoint    ] Entering safepoint region: RevokeBias
[2022-06-13T03:17:36.341+0000][1][safepoint    ] Leaving safepoint region
[2022-06-13T03:17:36.342+0000][1][safepoint    ] Total time for which application threads were stopped: 0.0002804 seconds, Stopping threads took: 0.0001252 seconds
[2022-06-13T03:17:36.342+0000][1][safepoint    ] Application time: 0.0000789 seconds
[2022-06-13T03:17:36.342+0000][1][safepoint    ] Entering safepoint region: RevokeBias
[2022-06-13T03:17:36.342+0000][1][safepoint    ] Leaving safepoint region
[2022-06-13T03:17:36.342+0000][1][safepoint    ] Total time for which application threads were stopped: 0.0002882 seconds, Stopping threads took: 0.0001081 seconds
[2022-06-13T03:17:36.342+0000][1][safepoint    ] Application time: 0.0000777 seconds
[2022-06-13T03:17:36.343+0000][1][safepoint    ] Entering safepoint region: RevokeBias
[2022-06-13T03:17:36.343+0000][1][safepoint    ] Leaving safepoint region
[2022-06-13T03:17:36.343+0000][1][safepoint    ] Total time for which application threads were stopped: 0.0003357 seconds, Stopping threads took: 0.0001524 seconds
[2022-06-13T03:17:36.343+0000][1][safepoint    ] Application time: 0.0000850 seconds
[2022-06-13T03:17:36.343+0000][1][safepoint    ] Entering safepoint region: BulkRevokeBias
[2022-06-13T03:17:36.343+0000][1][safepoint    ] Leaving safepoint region
[2022-06-13T03:17:36.344+0000][1][safepoint    ] Total time for which application threads were stopped: 0.0003536 seconds, Stopping threads took: 0.0001414 seconds
[2022-06-13T03:17:36.344+0000][1][safepoint    ] Application time: 0.0002242 seconds
[2022-06-13T03:17:36.344+0000][1][safepoint    ] Entering safepoint region: RevokeBias
[2022-06-13T03:17:36.344+0000][1][safepoint    ] Leaving safepoint region
[2022-06-13T03:17:36.344+0000][1][safepoint    ] Total time for which application threads were stopped: 0.0003206 seconds, Stopping threads took: 0.0001333 seconds
[2022-06-13T03:17:36.345+0000][1][safepoint    ] Application time: 0.0000696 seconds
[2022-06-13T03:17:36.345+0000][1][safepoint    ] Entering safepoint region: RevokeBias
[2022-06-13T03:17:36.345+0000][1][safepoint    ] Leaving safepoint region
[2022-06-13T03:17:36.345+0000][1][safepoint    ] Total time for which application threads were stopped: 0.0003226 seconds, Stopping threads took: 0.0001336 seconds
[2022-06-13T03:17:36.345+0000][1][safepoint    ] Application time: 0.0001876 seconds
[2022-06-13T03:17:36.346+0000][1][safepoint    ] Entering safepoint region: RevokeBias
[2022-06-13T03:17:36.346+0000][1][safepoint    ] Leaving safepoint region
[2022-06-13T03:17:36.346+0000][1][safepoint    ] Total time for which application threads were stopped: 0.0002837 seconds, Stopping threads took: 0.0001434 seconds
[2022-06-13T03:17:36.346+0000][1][safepoint    ] Application time: 0.0001155 seconds
[2022-06-13T03:17:36.346+0000][1][safepoint    ] Entering safepoint region: RevokeBias
[2022-06-13T03:17:36.346+0000][1][safepoint    ] Leaving safepoint region
[2022-06-13T03:17:36.346+0000][1][safepoint    ] Total time for which application threads were stopped: 0.0003042 seconds, Stopping threads took: 0.0001504 seconds
[2022-06-13T03:17:36.347+0000][1][safepoint    ] Application time: 0.0000797 seconds
[2022-06-13T03:17:36.347+0000][1][safepoint    ] Entering safepoint region: RevokeBias
[2022-06-13T03:17:36.347+0000][1][safepoint    ] Leaving safepoint region
[2022-06-13T03:17:36.347+0000][1][safepoint    ] Total time for which application threads were stopped: 0.0002659 seconds, Stopping threads took: 0.0001115 seconds
[2022-06-13T03:17:36.347+0000][1][safepoint    ] Application time: 0.0001030 seconds
[2022-06-13T03:17:36.347+0000][1][safepoint    ] Entering safepoint region: RevokeBias
[2022-06-13T03:17:36.348+0000][1][safepoint    ] Leaving safepoint region
[2022-06-13T03:17:36.348+0000][1][safepoint    ] Total time for which application threads were stopped: 0.0003477 seconds, Stopping threads took: 0.0001637 seconds
[2022-06-13T03:17:36.348+0000][1][safepoint    ] Application time: 0.0000957 seconds
[2022-06-13T03:17:36.348+0000][1][safepoint    ] Entering safepoint region: RevokeBias
[2022-06-13T03:17:36.348+0000][1][safepoint    ] Leaving safepoint region
[2022-06-13T03:17:36.348+0000][1][safepoint    ] Total time for which application threads were stopped: 0.0003130 seconds, Stopping threads took: 0.0001223 seconds
[2022-06-13T03:17:36.349+0000][1][safepoint    ] Application time: 0.0000981 seconds
[2022-06-13T03:17:36.349+0000][1][safepoint    ] Entering safepoint region: RevokeBias
[2022-06-13T03:17:36.349+0000][1][safepoint    ] Leaving safepoint region
[2022-06-13T03:17:36.349+0000][1][safepoint    ] Total time for which application threads were stopped: 0.0002626 seconds, Stopping threads took: 0.0001086 seconds
[2022-06-13T03:17:36.349+0000][1][safepoint    ] Application time: 0.0000995 seconds
[2022-06-13T03:17:36.349+0000][1][safepoint    ] Entering safepoint region: RevokeBias
[2022-06-13T03:17:36.350+0000][1][safepoint    ] Leaving safepoint region
[2022-06-13T03:17:36.350+0000][1][safepoint    ] Total time for which application threads were stopped: 0.0004146 seconds, Stopping threads took: 0.0002580 seconds
[2022-06-13T03:17:36.350+0000][1][safepoint    ] Application time: 0.0000926 seconds
[2022-06-13T03:17:36.350+0000][1][safepoint    ] Entering safepoint region: RevokeBias
[2022-06-13T03:17:36.350+0000][1][safepoint    ] Leaving safepoint region
[2022-06-13T03:17:36.350+0000][1][safepoint    ] Total time for which application threads were stopped: 0.0003180 seconds, Stopping threads took: 0.0001366 seconds
[2022-06-13T03:17:36.351+0000][1][safepoint    ] Application time: 0.0000633 seconds
[2022-06-13T03:17:36.351+0000][1][safepoint    ] Entering safepoint region: RevokeBias
[2022-06-13T03:17:36.351+0000][1][safepoint    ] Leaving safepoint region
[2022-06-13T03:17:36.351+0000][1][safepoint    ] Total time for which application threads were stopped: 0.0002366 seconds, Stopping threads took: 0.0001068 seconds
[2022-06-13T03:17:36.351+0000][1][safepoint    ] Application time: 0.0000724 seconds
[2022-06-13T03:17:36.351+0000][1][safepoint    ] Entering safepoint region: RevokeBias
[2022-06-13T03:17:36.351+0000][1][safepoint    ] Leaving safepoint region
[2022-06-13T03:17:36.351+0000][1][safepoint    ] Total time for which application threads were stopped: 0.0002149 seconds, Stopping threads took: 0.0000932 seconds
[2022-06-13T03:17:36.352+0000][1][safepoint    ] Application time: 0.0000553 seconds
[2022-06-13T03:17:36.352+0000][1][safepoint    ] Entering safepoint region: RevokeBias
[2022-06-13T03:17:36.352+0000][1][safepoint    ] Leaving safepoint region
[2022-06-13T03:17:36.352+0000][1][safepoint    ] Total time for which application threads were stopped: 0.0001929 seconds, Stopping threads took: 0.0000817 seconds
[2022-06-13T03:17:36.352+0000][1][safepoint    ] Application time: 0.0000551 seconds
[2022-06-13T03:17:36.352+0000][1][safepoint    ] Entering safepoint region: RevokeBias
[2022-06-13T03:17:36.352+0000][1][safepoint    ] Leaving safepoint region
[2022-06-13T03:17:36.352+0000][1][safepoint    ] Total time for which application threads were stopped: 0.0002177 seconds, Stopping threads took: 0.0000943 seconds
[2022-06-13T03:17:36.352+0000][1][safepoint    ] Application time: 0.0000591 seconds
[2022-06-13T03:17:36.353+0000][1][safepoint    ] Entering safepoint region: RevokeBias
[2022-06-13T03:17:36.353+0000][1][safepoint    ] Leaving safepoint region
[2022-06-13T03:17:36.353+0000][1][safepoint    ] Total time for which application threads were stopped: 0.0002119 seconds, Stopping threads took: 0.0000920 seconds
[2022-06-13T03:17:36.353+0000][1][safepoint    ] Application time: 0.0000594 seconds
[2022-06-13T03:17:36.353+0000][1][safepoint    ] Entering safepoint region: RevokeBias
[2022-06-13T03:17:36.353+0000][1][safepoint    ] Leaving safepoint region
[2022-06-13T03:17:36.353+0000][1][safepoint    ] Total time for which application threads were stopped: 0.0004023 seconds, Stopping threads took: 0.0001108 seconds
[2022-06-13T03:17:36.354+0000][1][safepoint    ] Application time: 0.0000899 seconds
[2022-06-13T03:17:36.354+0000][1][safepoint    ] Entering safepoint region: RevokeBias
[2022-06-13T03:17:36.354+0000][1][safepoint    ] Leaving safepoint region
[2022-06-13T03:17:36.354+0000][1][safepoint    ] Total time for which application threads were stopped: 0.0003453 seconds, Stopping threads took: 0.0001457 seconds
[2022-06-13T03:17:36.354+0000][1][safepoint    ] Application time: 0.0000873 seconds
[2022-06-13T03:17:36.355+0000][1][safepoint    ] Entering safepoint region: RevokeBias
[2022-06-13T03:17:36.355+0000][1][safepoint    ] Leaving safepoint region
[2022-06-13T03:17:36.355+0000][1][safepoint    ] Total time for which application threads were stopped: 0.0003016 seconds, Stopping threads took: 0.0001298 seconds
[2022-06-13T03:17:36.355+0000][1][safepoint    ] Application time: 0.0000677 seconds
[2022-06-13T03:17:36.355+0000][1][safepoint    ] Entering safepoint region: RevokeBias
[2022-06-13T03:17:36.355+0000][1][safepoint    ] Leaving safepoint region
[2022-06-13T03:17:36.355+0000][1][safepoint    ] Total time for which application threads were stopped: 0.0003047 seconds, Stopping threads took: 0.0001401 seconds
[2022-06-13T03:17:36.356+0000][1][safepoint    ] Application time: 0.0000804 seconds
[2022-06-13T03:17:36.356+0000][1][safepoint    ] Entering safepoint region: RevokeBias
[2022-06-13T03:17:36.356+0000][1][safepoint    ] Leaving safepoint region
[2022-06-13T03:17:36.356+0000][1][safepoint    ] Total time for which application threads were stopped: 0.0002556 seconds, Stopping threads took: 0.0001121 seconds
[2022-06-13T03:17:36.356+0000][1][safepoint    ] Application time: 0.0000750 seconds
[2022-06-13T03:17:36.356+0000][1][safepoint    ] Entering safepoint region: RevokeBias
[2022-06-13T03:17:36.357+0000][1][safepoint    ] Leaving safepoint region
[2022-06-13T03:17:36.357+0000][1][safepoint    ] Total time for which application threads were stopped: 0.0002880 seconds, Stopping threads took: 0.0001311 seconds
[2022-06-13T03:17:36.357+0000][1][safepoint    ] Application time: 0.0000719 seconds
[2022-06-13T03:17:36.357+0000][1][safepoint    ] Entering safepoint region: RevokeBias
[2022-06-13T03:17:36.357+0000][1][safepoint    ] Leaving safepoint region
[2022-06-13T03:17:36.357+0000][1][safepoint    ] Total time for which application threads were stopped: 0.0003128 seconds, Stopping threads took: 0.0001251 seconds
[2022-06-13T03:17:36.357+0000][1][safepoint    ] Application time: 0.0000534 seconds
[2022-06-13T03:17:36.358+0000][1][safepoint    ] Entering safepoint region: RevokeBias
[2022-06-13T03:17:36.358+0000][1][safepoint    ] Leaving safepoint region
[2022-06-13T03:17:36.358+0000][1][safepoint    ] Total time for which application threads were stopped: 0.0002438 seconds, Stopping threads took: 0.0001180 seconds
[2022-06-13T03:17:36.358+0000][1][safepoint    ] Application time: 0.0000738 seconds
[2022-06-13T03:17:36.358+0000][1][safepoint    ] Entering safepoint region: RevokeBias
[2022-06-13T03:17:36.358+0000][1][safepoint    ] Leaving safepoint region
[2022-06-13T03:17:36.358+0000][1][safepoint    ] Total time for which application threads were stopped: 0.0003117 seconds, Stopping threads took: 0.0001233 seconds
[2022-06-13T03:17:36.359+0000][1][safepoint    ] Application time: 0.0000281 seconds
[2022-06-13T03:17:36.359+0000][1][safepoint    ] Entering safepoint region: BulkRevokeBias
[2022-06-13T03:17:36.359+0000][1][safepoint    ] Leaving safepoint region
[2022-06-13T03:17:36.359+0000][1][safepoint    ] Total time for which application threads were stopped: 0.0003527 seconds, Stopping threads took: 0.0001239 seconds
[2022-06-13T03:17:36.361+0000][1][safepoint    ] Application time: 0.0018871 seconds
[2022-06-13T03:17:36.361+0000][1][safepoint    ] Entering safepoint region: RevokeBias
[2022-06-13T03:17:36.361+0000][1][safepoint    ] Leaving safepoint region
[2022-06-13T03:17:36.362+0000][1][safepoint    ] Total time for which application threads were stopped: 0.0003320 seconds, Stopping threads took: 0.0001059 seconds
[2022-06-13T03:17:36.364+0000][1][safepoint    ] Application time: 0.0001277 seconds
[2022-06-13T03:17:36.365+0000][1][safepoint    ] Entering safepoint region: RevokeBias
[2022-06-13T03:17:36.366+0000][1][safepoint    ] Leaving safepoint region
[2022-06-13T03:17:36.366+0000][1][safepoint    ] Total time for which application threads were stopped: 0.0005305 seconds, Stopping threads took: 0.0002723 seconds
[2022-06-13T03:17:36.366+0000][1][safepoint    ] Application time: 0.0002140 seconds
[2022-06-13T03:17:36.366+0000][1][safepoint    ] Entering safepoint region: RevokeBias
[2022-06-13T03:17:36.367+0000][1][safepoint    ] Leaving safepoint region
[2022-06-13T03:17:36.367+0000][1][safepoint    ] Total time for which application threads were stopped: 0.0004102 seconds, Stopping threads took: 0.0001913 seconds
[2022-06-13T03:17:36.367+0000][1][safepoint    ] Application time: 0.0001042 seconds
[2022-06-13T03:17:36.367+0000][1][safepoint    ] Entering safepoint region: RevokeBias
[2022-06-13T03:17:36.367+0000][1][safepoint    ] Leaving safepoint region
[2022-06-13T03:17:36.367+0000][1][safepoint    ] Total time for which application threads were stopped: 0.0003073 seconds, Stopping threads took: 0.0001377 seconds
[2022-06-13T03:17:36.368+0000][1][safepoint    ] Application time: 0.0000829 seconds
[2022-06-13T03:17:36.369+0000][1][safepoint    ] Entering safepoint region: RevokeBias
[2022-06-13T03:17:36.369+0000][1][safepoint    ] Leaving safepoint region
[2022-06-13T03:17:36.370+0000][1][safepoint    ] Total time for which application threads were stopped: 0.0017427 seconds, Stopping threads took: 0.0015402 seconds
[2022-06-13T03:17:36.370+0000][1][safepoint    ] Application time: 0.0000914 seconds
[2022-06-13T03:17:36.370+0000][1][safepoint    ] Entering safepoint region: RevokeBias
[2022-06-13T03:17:36.370+0000][1][safepoint    ] Leaving safepoint region
[2022-06-13T03:17:36.370+0000][1][safepoint    ] Total time for which application threads were stopped: 0.0003138 seconds, Stopping threads took: 0.0001391 seconds
[2022-06-13T03:17:36.371+0000][1][safepoint    ] Application time: 0.0003320 seconds
[2022-06-13T03:17:36.371+0000][1][safepoint    ] Entering safepoint region: RevokeBias
[2022-06-13T03:17:36.371+0000][1][safepoint    ] Leaving safepoint region
[2022-06-13T03:17:36.371+0000][1][safepoint    ] Total time for which application threads were stopped: 0.0005390 seconds, Stopping threads took: 0.0003468 seconds
[2022-06-13T03:17:36.372+0000][1][safepoint    ] Application time: 0.0001573 seconds
[2022-06-13T03:17:36.372+0000][1][safepoint    ] Entering safepoint region: RevokeBias
[2022-06-13T03:17:36.372+0000][1][safepoint    ] Leaving safepoint region
[2022-06-13T03:17:36.372+0000][1][safepoint    ] Total time for which application threads were stopped: 0.0002792 seconds, Stopping threads took: 0.0001193 seconds
[2022-06-13T03:17:36.373+0000][1][safepoint    ] Application time: 0.0004609 seconds
[2022-06-13T03:17:36.373+0000][1][safepoint    ] Entering safepoint region: RevokeBias
[2022-06-13T03:17:36.373+0000][1][safepoint    ] Leaving safepoint region
[2022-06-13T03:17:36.373+0000][1][safepoint    ] Total time for which application threads were stopped: 0.0003095 seconds, Stopping threads took: 0.0001354 seconds
[2022-06-13T03:17:36.374+0000][1][safepoint    ] Application time: 0.0003486 seconds
[2022-06-13T03:17:36.374+0000][1][safepoint    ] Entering safepoint region: RevokeBias
[2022-06-13T03:17:36.374+0000][1][safepoint    ] Leaving safepoint region
[2022-06-13T03:17:36.374+0000][1][safepoint    ] Total time for which application threads were stopped: 0.0004690 seconds, Stopping threads took: 0.0002759 seconds
[2022-06-13T03:17:36.374+0000][1][safepoint    ] Application time: 0.0001159 seconds
[2022-06-13T03:17:36.375+0000][1][safepoint    ] Entering safepoint region: RevokeBias
[2022-06-13T03:17:36.375+0000][1][safepoint    ] Leaving safepoint region
[2022-06-13T03:17:36.375+0000][1][safepoint    ] Total time for which application threads were stopped: 0.0003387 seconds, Stopping threads took: 0.0001554 seconds
[2022-06-13T03:17:36.375+0000][1][safepoint    ] Application time: 0.0001643 seconds
[2022-06-13T03:17:36.375+0000][1][safepoint    ] Entering safepoint region: RevokeBias
[2022-06-13T03:17:36.375+0000][1][safepoint    ] Leaving safepoint region
[2022-06-13T03:17:36.376+0000][1][safepoint    ] Total time for which application threads were stopped: 0.0003332 seconds, Stopping threads took: 0.0001451 seconds
[2022-06-13T03:17:36.376+0000][1][safepoint    ] Application time: 0.0000905 seconds
[2022-06-13T03:17:36.376+0000][1][safepoint    ] Entering safepoint region: RevokeBias
[2022-06-13T03:17:36.377+0000][1][safepoint    ] Leaving safepoint region
[2022-06-13T03:17:36.377+0000][1][safepoint    ] Total time for which application threads were stopped: 0.0009642 seconds, Stopping threads took: 0.0007541 seconds
[2022-06-13T03:17:36.377+0000][1][safepoint    ] Application time: 0.0003102 seconds
[2022-06-13T03:17:36.378+0000][1][safepoint    ] Entering safepoint region: RevokeBias
[2022-06-13T03:17:36.378+0000][1][safepoint    ] Leaving safepoint region
[2022-06-13T03:17:36.378+0000][1][safepoint    ] Total time for which application threads were stopped: 0.0003010 seconds, Stopping threads took: 0.0001469 seconds
[2022-06-13T03:17:36.378+0000][1][safepoint    ] Application time: 0.0001939 seconds
[2022-06-13T03:17:36.378+0000][1][safepoint    ] Entering safepoint region: RevokeBias
[2022-06-13T03:17:36.379+0000][1][safepoint    ] Leaving safepoint region
[2022-06-13T03:17:36.379+0000][1][safepoint    ] Total time for which application threads were stopped: 0.0003473 seconds, Stopping threads took: 0.0001611 seconds
[2022-06-13T03:17:36.380+0000][1][safepoint    ] Application time: 0.0008850 seconds
[2022-06-13T03:17:36.380+0000][1][safepoint    ] Entering safepoint region: RevokeBias
[2022-06-13T03:17:36.381+0000][1][safepoint    ] Leaving safepoint region
[2022-06-13T03:17:36.381+0000][1][safepoint    ] Total time for which application threads were stopped: 0.0003434 seconds, Stopping threads took: 0.0001673 seconds
[2022-06-13T03:17:36.382+0000][1][safepoint    ] Application time: 0.0011823 seconds
[2022-06-13T03:17:36.382+0000][1][safepoint    ] Entering safepoint region: RevokeBias
[2022-06-13T03:17:36.382+0000][1][safepoint    ] Leaving safepoint region
[2022-06-13T03:17:36.383+0000][1][safepoint    ] Total time for which application threads were stopped: 0.0004131 seconds, Stopping threads took: 0.0001934 seconds
[2022-06-13T03:17:36.383+0000][1][safepoint    ] Application time: 0.0001419 seconds
[2022-06-13T03:17:36.383+0000][1][safepoint    ] Entering safepoint region: RevokeBias
[2022-06-13T03:17:36.383+0000][1][safepoint    ] Leaving safepoint region
[2022-06-13T03:17:36.383+0000][1][safepoint    ] Total time for which application threads were stopped: 0.0002659 seconds, Stopping threads took: 0.0001093 seconds
[2022-06-13T03:17:36.383+0000][1][safepoint    ] Application time: 0.0000937 seconds
[2022-06-13T03:17:36.384+0000][1][safepoint    ] Entering safepoint region: RevokeBias
[2022-06-13T03:17:36.384+0000][1][safepoint    ] Leaving safepoint region
[2022-06-13T03:17:36.384+0000][1][safepoint    ] Total time for which application threads were stopped: 0.0002182 seconds, Stopping threads took: 0.0000919 seconds
[2022-06-13T03:17:36.386+0000][1][safepoint    ] Application time: 0.0020293 seconds
[2022-06-13T03:17:36.386+0000][1][safepoint    ] Entering safepoint region: RevokeBias
[2022-06-13T03:17:36.386+0000][1][safepoint    ] Leaving safepoint region
[2022-06-13T03:17:36.386+0000][1][safepoint    ] Total time for which application threads were stopped: 0.0003701 seconds, Stopping threads took: 0.0002115 seconds
[2022-06-13T03:17:36.387+0000][1][safepoint    ] Application time: 0.0000874 seconds
[2022-06-13T03:17:36.387+0000][1][safepoint    ] Entering safepoint region: RevokeBias
[2022-06-13T03:17:36.387+0000][1][safepoint    ] Leaving safepoint region
[2022-06-13T03:17:36.387+0000][1][safepoint    ] Total time for which application threads were stopped: 0.0003563 seconds, Stopping threads took: 0.0002189 seconds
[2022-06-13T03:17:36.388+0000][1][safepoint    ] Application time: 0.0003225 seconds
[2022-06-13T03:17:36.389+0000][1][safepoint    ] Entering safepoint region: RevokeBias
[2022-06-13T03:17:36.389+0000][1][safepoint    ] Leaving safepoint region
[2022-06-13T03:17:36.389+0000][1][safepoint    ] Total time for which application threads were stopped: 0.0012456 seconds, Stopping threads took: 0.0010721 seconds
[2022-06-13T03:17:36.399+0000][1][safepoint    ] Application time: 0.0100588 seconds
[2022-06-13T03:17:36.399+0000][1][safepoint    ] Entering safepoint region: GenCollectForAllocation
[2022-06-13T03:17:36.400+0000][1][gc,start     ] GC(19) Pause Young (Allocation Failure)
[2022-06-13T03:17:36.400+0000][1][gc,task      ] GC(19) Using 5 workers of 13 for evacuation
[2022-06-13T03:17:36.404+0000][1][gc,age       ] GC(19) Desired survivor size 4456448 bytes, new threshold 2 (max threshold 6)
[2022-06-13T03:17:36.404+0000][1][gc,age       ] GC(19) Age table with threshold 2 (max threshold 6)
[2022-06-13T03:17:36.404+0000][1][gc,age       ] GC(19) - age   1:    3108760 bytes,    3108760 total
[2022-06-13T03:17:36.405+0000][1][gc,age       ] GC(19) - age   2:    3669120 bytes,    6777880 total
[2022-06-13T03:17:36.405+0000][1][gc,age       ] GC(19) - age   3:     373112 bytes,    7150992 total
[2022-06-13T03:17:36.405+0000][1][gc,heap      ] GC(19) ParNew: 74672K->7678K(78656K)
[2022-06-13T03:17:36.405+0000][1][gc,heap      ] GC(19) CMS: 55728K->55728K(174784K)
[2022-06-13T03:17:36.405+0000][1][gc,metaspace ] GC(19) Metaspace: 47182K->47182K(1093632K)
[2022-06-13T03:17:36.405+0000][1][gc           ] GC(19) Pause Young (Allocation Failure) 127M->61M(247M) 5.507ms
[2022-06-13T03:17:36.405+0000][1][gc,cpu       ] GC(19) User=0.02s Sys=0.00s Real=0.00s
[2022-06-13T03:17:36.405+0000][1][safepoint    ] Leaving safepoint region
[2022-06-13T03:17:36.405+0000][1][safepoint    ] Total time for which application threads were stopped: 0.0060809 seconds, Stopping threads took: 0.0001561 seconds
[2022-06-13T03:17:36.856+0000][1][safepoint    ] Application time: 0.4502723 seconds
[2022-06-13T03:17:36.856+0000][1][safepoint    ] Entering safepoint region: GenCollectForAllocation
[2022-06-13T03:17:36.856+0000][1][gc,start     ] GC(20) Pause Young (Allocation Failure)
[2022-06-13T03:17:36.856+0000][1][gc,task      ] GC(20) Using 5 workers of 13 for evacuation
[2022-06-13T03:17:36.862+0000][1][gc,age       ] GC(20) Desired survivor size 4456448 bytes, new threshold 2 (max threshold 6)
[2022-06-13T03:17:36.863+0000][1][gc,age       ] GC(20) Age table with threshold 2 (max threshold 6)
[2022-06-13T03:17:36.863+0000][1][gc,age       ] GC(20) - age   1:    1501928 bytes,    1501928 total
[2022-06-13T03:17:36.863+0000][1][gc,age       ] GC(20) - age   2:    3069056 bytes,    4570984 total
[2022-06-13T03:17:36.863+0000][1][gc,heap      ] GC(20) ParNew: 77630K->6110K(78656K)
[2022-06-13T03:17:36.863+0000][1][gc,heap      ] GC(20) CMS: 55728K->59808K(174784K)
[2022-06-13T03:17:36.863+0000][1][gc,metaspace ] GC(20) Metaspace: 53693K->53693K(1097728K)
[2022-06-13T03:17:36.863+0000][1][gc           ] GC(20) Pause Young (Allocation Failure) 130M->64M(247M) 7.083ms
[2022-06-13T03:17:36.863+0000][1][gc,cpu       ] GC(20) User=0.03s Sys=0.00s Real=0.01s
[2022-06-13T03:17:36.864+0000][1][safepoint    ] Leaving safepoint region
[2022-06-13T03:17:36.864+0000][1][safepoint    ] Total time for which application threads were stopped: 0.0077070 seconds, Stopping threads took: 0.0001312 seconds
[2022-06-13T03:17:36.916+0000][1][safepoint    ] Application time: 0.0519243 seconds
[2022-06-13T03:17:36.916+0000][1][safepoint    ] Entering safepoint region: RevokeBias
[2022-06-13T03:17:36.917+0000][1][safepoint    ] Leaving safepoint region
[2022-06-13T03:17:36.917+0000][1][safepoint    ] Total time for which application threads were stopped: 0.0011357 seconds, Stopping threads took: 0.0003048 seconds
[2022-06-13T03:17:37.024+0000][1][safepoint    ] Application time: 0.1067190 seconds
[2022-06-13T03:17:37.025+0000][1][safepoint    ] Entering safepoint region: Deoptimize
[2022-06-13T03:17:37.026+0000][1][safepoint    ] Leaving safepoint region
[2022-06-13T03:17:37.026+0000][1][safepoint    ] Total time for which application threads were stopped: 0.0014641 seconds, Stopping threads took: 0.0002087 seconds
[2022-06-13T03:17:37.051+0000][1][safepoint    ] Application time: 0.0247078 seconds
[2022-06-13T03:17:37.052+0000][1][safepoint    ] Entering safepoint region: RevokeBias
[2022-06-13T03:17:37.052+0000][1][safepoint    ] Leaving safepoint region
[2022-06-13T03:17:37.052+0000][1][safepoint    ] Total time for which application threads were stopped: 0.0003993 seconds, Stopping threads took: 0.0001746 seconds
[2022-06-13T03:17:37.052+0000][1][safepoint    ] Application time: 0.0001567 seconds
[2022-06-13T03:17:37.052+0000][1][safepoint    ] Entering safepoint region: RevokeBias
[2022-06-13T03:17:37.053+0000][1][safepoint    ] Leaving safepoint region
[2022-06-13T03:17:37.053+0000][1][safepoint    ] Total time for which application threads were stopped: 0.0002801 seconds, Stopping threads took: 0.0001226 seconds
[2022-06-13T03:17:37.053+0000][1][safepoint    ] Application time: 0.0001692 seconds
[2022-06-13T03:17:37.053+0000][1][safepoint    ] Entering safepoint region: RevokeBias
[2022-06-13T03:17:37.053+0000][1][safepoint    ] Leaving safepoint region
[2022-06-13T03:17:37.053+0000][1][safepoint    ] Total time for which application threads were stopped: 0.0002590 seconds, Stopping threads took: 0.0001300 seconds
[2022-06-13T03:17:37.056+0000][1][safepoint    ] Application time: 0.0021297 seconds
[2022-06-13T03:17:37.056+0000][1][safepoint    ] Entering safepoint region: RevokeBias
[2022-06-13T03:17:37.056+0000][1][safepoint    ] Leaving safepoint region
[2022-06-13T03:17:37.056+0000][1][safepoint    ] Total time for which application threads were stopped: 0.0002740 seconds, Stopping threads took: 0.0001262 seconds
[2022-06-13T03:17:37.201+0000][1][safepoint    ] Application time: 0.1443921 seconds
[2022-06-13T03:17:37.201+0000][1][safepoint    ] Entering safepoint region: Deoptimize
[2022-06-13T03:17:37.203+0000][1][safepoint    ] Leaving safepoint region
[2022-06-13T03:17:37.203+0000][1][safepoint    ] Total time for which application threads were stopped: 0.0023279 seconds, Stopping threads took: 0.0001907 seconds
[2022-06-13T03:17:37.265+0000][1][safepoint    ] Application time: 0.0612814 seconds
[2022-06-13T03:17:37.265+0000][1][safepoint    ] Entering safepoint region: RevokeBias
[2022-06-13T03:17:37.265+0000][1][safepoint    ] Leaving safepoint region
[2022-06-13T03:17:37.265+0000][1][safepoint    ] Total time for which application threads were stopped: 0.0004060 seconds, Stopping threads took: 0.0001853 seconds
[2022-06-13T03:17:37.266+0000][1][safepoint    ] Application time: 0.0001135 seconds
[2022-06-13T03:17:37.266+0000][1][safepoint    ] Entering safepoint region: RevokeBias
[2022-06-13T03:17:37.266+0000][1][safepoint    ] Leaving safepoint region
[2022-06-13T03:17:37.266+0000][1][safepoint    ] Total time for which application threads were stopped: 0.0005395 seconds, Stopping threads took: 0.0003521 seconds
[2022-06-13T03:17:37.266+0000][1][safepoint    ] Application time: 0.0000851 seconds
[2022-06-13T03:17:37.267+0000][1][safepoint    ] Entering safepoint region: BulkRevokeBias
[2022-06-13T03:17:37.267+0000][1][safepoint    ] Leaving safepoint region
[2022-06-13T03:17:37.267+0000][1][safepoint    ] Total time for which application threads were stopped: 0.0004226 seconds, Stopping threads took: 0.0001815 seconds
[2022-06-13T03:17:37.268+0000][1][safepoint    ] Application time: 0.0007482 seconds
[2022-06-13T03:17:37.268+0000][1][safepoint    ] Entering safepoint region: RevokeBias
[2022-06-13T03:17:37.268+0000][1][safepoint    ] Leaving safepoint region
[2022-06-13T03:17:37.268+0000][1][safepoint    ] Total time for which application threads were stopped: 0.0002872 seconds, Stopping threads took: 0.0001528 seconds
[2022-06-13T03:17:37.391+0000][1][safepoint    ] Application time: 0.1228235 seconds
[2022-06-13T03:17:37.392+0000][1][safepoint    ] Entering safepoint region: RevokeBias
[2022-06-13T03:17:37.392+0000][1][safepoint    ] Leaving safepoint region
[2022-06-13T03:17:37.392+0000][1][safepoint    ] Total time for which application threads were stopped: 0.0004622 seconds, Stopping threads took: 0.0002438 seconds
[2022-06-13T03:17:37.393+0000][1][safepoint    ] Application time: 0.0001772 seconds
[2022-06-13T03:17:37.393+0000][1][safepoint    ] Entering safepoint region: RevokeBias
[2022-06-13T03:17:37.393+0000][1][safepoint    ] Leaving safepoint region
[2022-06-13T03:17:37.393+0000][1][safepoint    ] Total time for which application threads were stopped: 0.0002712 seconds, Stopping threads took: 0.0001255 seconds
[2022-06-13T03:17:37.393+0000][1][safepoint    ] Application time: 0.0001029 seconds
[2022-06-13T03:17:37.393+0000][1][safepoint    ] Entering safepoint region: RevokeBias
[2022-06-13T03:17:37.394+0000][1][safepoint    ] Leaving safepoint region
[2022-06-13T03:17:37.394+0000][1][safepoint    ] Total time for which application threads were stopped: 0.0002236 seconds, Stopping threads took: 0.0001017 seconds
[2022-06-13T03:17:37.394+0000][1][safepoint    ] Application time: 0.0001087 seconds
[2022-06-13T03:17:37.394+0000][1][safepoint    ] Entering safepoint region: RevokeBias
[2022-06-13T03:17:37.394+0000][1][safepoint    ] Leaving safepoint region
[2022-06-13T03:17:37.394+0000][1][safepoint    ] Total time for which application threads were stopped: 0.0002891 seconds, Stopping threads took: 0.0001275 seconds
[2022-06-13T03:17:37.395+0000][1][safepoint    ] Application time: 0.0001258 seconds
[2022-06-13T03:17:37.395+0000][1][safepoint    ] Entering safepoint region: RevokeBias
[2022-06-13T03:17:37.395+0000][1][safepoint    ] Leaving safepoint region
[2022-06-13T03:17:37.395+0000][1][safepoint    ] Total time for which application threads were stopped: 0.0002634 seconds, Stopping threads took: 0.0001359 seconds
[2022-06-13T03:17:37.395+0000][1][safepoint    ] Application time: 0.0001383 seconds
[2022-06-13T03:17:37.395+0000][1][safepoint    ] Entering safepoint region: RevokeBias
[2022-06-13T03:17:37.396+0000][1][safepoint    ] Leaving safepoint region
[2022-06-13T03:17:37.396+0000][1][safepoint    ] Total time for which application threads were stopped: 0.0003150 seconds, Stopping threads took: 0.0001366 seconds
[2022-06-13T03:17:37.396+0000][1][safepoint    ] Application time: 0.0001258 seconds
[2022-06-13T03:17:37.396+0000][1][safepoint    ] Entering safepoint region: RevokeBias
[2022-06-13T03:17:37.396+0000][1][safepoint    ] Leaving safepoint region
[2022-06-13T03:17:37.396+0000][1][safepoint    ] Total time for which application threads were stopped: 0.0003525 seconds, Stopping threads took: 0.0001856 seconds
[2022-06-13T03:17:37.397+0000][1][safepoint    ] Application time: 0.0001023 seconds
[2022-06-13T03:17:37.397+0000][1][safepoint    ] Entering safepoint region: RevokeBias
[2022-06-13T03:17:37.397+0000][1][safepoint    ] Leaving safepoint region
[2022-06-13T03:17:37.397+0000][1][safepoint    ] Total time for which application threads were stopped: 0.0002943 seconds, Stopping threads took: 0.0001500 seconds
[2022-06-13T03:17:37.397+0000][1][safepoint    ] Application time: 0.0001149 seconds
[2022-06-13T03:17:37.398+0000][1][safepoint    ] Entering safepoint region: RevokeBias
[2022-06-13T03:17:37.398+0000][1][safepoint    ] Leaving safepoint region
[2022-06-13T03:17:37.398+0000][1][safepoint    ] Total time for which application threads were stopped: 0.0002979 seconds, Stopping threads took: 0.0001086 seconds
[2022-06-13T03:17:37.492+0000][1][safepoint    ] Application time: 0.0939994 seconds
[2022-06-13T03:17:37.492+0000][1][safepoint    ] Entering safepoint region: RevokeBias
[2022-06-13T03:17:37.492+0000][1][safepoint    ] Leaving safepoint region
[2022-06-13T03:17:37.492+0000][1][safepoint    ] Total time for which application threads were stopped: 0.0002171 seconds, Stopping threads took: 0.0000954 seconds
[2022-06-13T03:17:37.493+0000][1][safepoint    ] Application time: 0.0000928 seconds
[2022-06-13T03:17:37.493+0000][1][safepoint    ] Entering safepoint region: RevokeBias
[2022-06-13T03:17:37.493+0000][1][safepoint    ] Leaving safepoint region
[2022-06-13T03:17:37.493+0000][1][safepoint    ] Total time for which application threads were stopped: 0.0002064 seconds, Stopping threads took: 0.0000836 seconds
[2022-06-13T03:17:37.506+0000][1][safepoint    ] Application time: 0.0125899 seconds
[2022-06-13T03:17:37.506+0000][1][safepoint    ] Entering safepoint region: GenCollectForAllocation
[2022-06-13T03:17:37.506+0000][1][gc,start     ] GC(21) Pause Young (Allocation Failure)
[2022-06-13T03:17:37.506+0000][1][gc,task      ] GC(21) Using 5 workers of 13 for evacuation
[2022-06-13T03:17:37.513+0000][1][gc,age       ] GC(21) Desired survivor size 4456448 bytes, new threshold 2 (max threshold 6)
[2022-06-13T03:17:37.513+0000][1][gc,age       ] GC(21) Age table with threshold 2 (max threshold 6)
[2022-06-13T03:17:37.513+0000][1][gc,age       ] GC(21) - age   1:    3760584 bytes,    3760584 total
[2022-06-13T03:17:37.513+0000][1][gc,age       ] GC(21) - age   2:    1406600 bytes,    5167184 total
[2022-06-13T03:17:37.514+0000][1][gc,heap      ] GC(21) ParNew: 76062K->7800K(78656K)
[2022-06-13T03:17:37.514+0000][1][gc,heap      ] GC(21) CMS: 59808K->62874K(174784K)
[2022-06-13T03:17:37.514+0000][1][gc,metaspace ] GC(21) Metaspace: 61698K->61698K(1105920K)
[2022-06-13T03:17:37.514+0000][1][gc           ] GC(21) Pause Young (Allocation Failure) 132M->69M(247M) 7.678ms
[2022-06-13T03:17:37.514+0000][1][gc,cpu       ] GC(21) User=0.04s Sys=0.00s Real=0.01s
[2022-06-13T03:17:37.514+0000][1][safepoint    ] Leaving safepoint region
[2022-06-13T03:17:37.514+0000][1][safepoint    ] Total time for which application threads were stopped: 0.0082180 seconds, Stopping threads took: 0.0001470 seconds
[2022-06-13T03:17:37.650+0000][1][safepoint    ] Application time: 0.1356520 seconds
[2022-06-13T03:17:37.650+0000][1][safepoint    ] Entering safepoint region: Deoptimize
[2022-06-13T03:17:37.651+0000][1][safepoint    ] Leaving safepoint region
[2022-06-13T03:17:37.652+0000][1][safepoint    ] Total time for which application threads were stopped: 0.0013177 seconds, Stopping threads took: 0.0004080 seconds
[2022-06-13T03:17:37.657+0000][1][safepoint    ] Application time: 0.0052240 seconds
[2022-06-13T03:17:37.658+0000][1][safepoint    ] Entering safepoint region: BulkRevokeBias
[2022-06-13T03:17:37.658+0000][1][safepoint    ] Leaving safepoint region
[2022-06-13T03:17:37.658+0000][1][safepoint    ] Total time for which application threads were stopped: 0.0006094 seconds, Stopping threads took: 0.0002980 seconds
[2022-06-13T03:17:37.659+0000][1][safepoint    ] Application time: 0.0009467 seconds
[2022-06-13T03:17:37.660+0000][1][safepoint    ] Entering safepoint region: RevokeBias
[2022-06-13T03:17:37.660+0000][1][safepoint    ] Leaving safepoint region
[2022-06-13T03:17:37.660+0000][1][safepoint    ] Total time for which application threads were stopped: 0.0006626 seconds, Stopping threads took: 0.0002753 seconds
[2022-06-13T03:17:37.661+0000][1][safepoint    ] Application time: 0.0005388 seconds
[2022-06-13T03:17:37.662+0000][1][safepoint    ] Entering safepoint region: RevokeBias
[2022-06-13T03:17:37.662+0000][1][safepoint    ] Leaving safepoint region
[2022-06-13T03:17:37.662+0000][1][safepoint    ] Total time for which application threads were stopped: 0.0006760 seconds, Stopping threads took: 0.0003697 seconds
[2022-06-13T03:17:37.663+0000][1][safepoint    ] Application time: 0.0001457 seconds
[2022-06-13T03:17:37.663+0000][1][safepoint    ] Entering safepoint region: RevokeBias
[2022-06-13T03:17:37.664+0000][1][safepoint    ] Leaving safepoint region
[2022-06-13T03:17:37.664+0000][1][safepoint    ] Total time for which application threads were stopped: 0.0005479 seconds, Stopping threads took: 0.0003541 seconds
[2022-06-13T03:17:37.664+0000][1][safepoint    ] Application time: 0.0001919 seconds
[2022-06-13T03:17:37.664+0000][1][safepoint    ] Entering safepoint region: RevokeBias
[2022-06-13T03:17:37.665+0000][1][safepoint    ] Leaving safepoint region
[2022-06-13T03:17:37.665+0000][1][safepoint    ] Total time for which application threads were stopped: 0.0003139 seconds, Stopping threads took: 0.0001377 seconds
[2022-06-13T03:17:37.665+0000][1][safepoint    ] Application time: 0.0001739 seconds
[2022-06-13T03:17:37.665+0000][1][safepoint    ] Entering safepoint region: RevokeBias
[2022-06-13T03:17:37.665+0000][1][safepoint    ] Leaving safepoint region
[2022-06-13T03:17:37.666+0000][1][safepoint    ] Total time for which application threads were stopped: 0.0003638 seconds, Stopping threads took: 0.0001883 seconds
[2022-06-13T03:17:37.666+0000][1][safepoint    ] Application time: 0.0002043 seconds
[2022-06-13T03:17:37.666+0000][1][safepoint    ] Entering safepoint region: RevokeBias
[2022-06-13T03:17:37.666+0000][1][safepoint    ] Leaving safepoint region
[2022-06-13T03:17:37.666+0000][1][safepoint    ] Total time for which application threads were stopped: 0.0002230 seconds, Stopping threads took: 0.0001035 seconds
[2022-06-13T03:17:37.667+0000][1][safepoint    ] Application time: 0.0002109 seconds
[2022-06-13T03:17:37.667+0000][1][safepoint    ] Entering safepoint region: RevokeBias
[2022-06-13T03:17:37.667+0000][1][safepoint    ] Leaving safepoint region
[2022-06-13T03:17:37.667+0000][1][safepoint    ] Total time for which application threads were stopped: 0.0002714 seconds, Stopping threads took: 0.0001312 seconds
[2022-06-13T03:17:37.667+0000][1][safepoint    ] Application time: 0.0000614 seconds
[2022-06-13T03:17:37.667+0000][1][safepoint    ] Entering safepoint region: RevokeBias
[2022-06-13T03:17:37.667+0000][1][safepoint    ] Leaving safepoint region
[2022-06-13T03:17:37.668+0000][1][safepoint    ] Total time for which application threads were stopped: 0.0002414 seconds, Stopping threads took: 0.0001192 seconds
[2022-06-13T03:17:37.669+0000][1][safepoint    ] Application time: 0.0012892 seconds
[2022-06-13T03:17:37.669+0000][1][safepoint    ] Entering safepoint region: RevokeBias
[2022-06-13T03:17:37.669+0000][1][safepoint    ] Leaving safepoint region
[2022-06-13T03:17:37.670+0000][1][safepoint    ] Total time for which application threads were stopped: 0.0004214 seconds, Stopping threads took: 0.0002307 seconds
[2022-06-13T03:17:37.670+0000][1][safepoint    ] Application time: 0.0001359 seconds
[2022-06-13T03:17:37.670+0000][1][safepoint    ] Entering safepoint region: RevokeBias
[2022-06-13T03:17:37.670+0000][1][safepoint    ] Leaving safepoint region
[2022-06-13T03:17:37.670+0000][1][safepoint    ] Total time for which application threads were stopped: 0.0004096 seconds, Stopping threads took: 0.0002117 seconds
[2022-06-13T03:17:37.673+0000][1][safepoint    ] Application time: 0.0019963 seconds
[2022-06-13T03:17:37.673+0000][1][safepoint    ] Entering safepoint region: Deoptimize
[2022-06-13T03:17:37.673+0000][1][safepoint    ] Leaving safepoint region
[2022-06-13T03:17:37.674+0000][1][safepoint    ] Total time for which application threads were stopped: 0.0008260 seconds, Stopping threads took: 0.0001566 seconds
[2022-06-13T03:17:37.674+0000][1][safepoint    ] Application time: 0.0004463 seconds
[2022-06-13T03:17:37.674+0000][1][safepoint    ] Entering safepoint region: RevokeBias
[2022-06-13T03:17:37.675+0000][1][safepoint    ] Leaving safepoint region
[2022-06-13T03:17:37.675+0000][1][safepoint    ] Total time for which application threads were stopped: 0.0003767 seconds, Stopping threads took: 0.0001400 seconds
[2022-06-13T03:17:37.681+0000][1][safepoint    ] Application time: 0.0061100 seconds
[2022-06-13T03:17:37.681+0000][1][safepoint    ] Entering safepoint region: RevokeBias
[2022-06-13T03:17:37.682+0000][1][safepoint    ] Leaving safepoint region
[2022-06-13T03:17:37.682+0000][1][safepoint    ] Total time for which application threads were stopped: 0.0003958 seconds, Stopping threads took: 0.0001813 seconds
[2022-06-13T03:17:37.708+0000][1][safepoint    ] Application time: 0.0263095 seconds
[2022-06-13T03:17:37.709+0000][1][safepoint    ] Entering safepoint region: RevokeBias
[2022-06-13T03:17:37.709+0000][1][safepoint    ] Leaving safepoint region
[2022-06-13T03:17:37.709+0000][1][safepoint    ] Total time for which application threads were stopped: 0.0007704 seconds, Stopping threads took: 0.0003936 seconds
[2022-06-13T03:17:37.710+0000][1][safepoint    ] Application time: 0.0000947 seconds
[2022-06-13T03:17:37.710+0000][1][safepoint    ] Entering safepoint region: RevokeBias
[2022-06-13T03:17:37.710+0000][1][safepoint    ] Leaving safepoint region
[2022-06-13T03:17:37.710+0000][1][safepoint    ] Total time for which application threads were stopped: 0.0005219 seconds, Stopping threads took: 0.0003458 seconds
[2022-06-13T03:17:37.711+0000][1][safepoint    ] Application time: 0.0002760 seconds
[2022-06-13T03:17:37.711+0000][1][safepoint    ] Entering safepoint region: RevokeBias
[2022-06-13T03:17:37.711+0000][1][safepoint    ] Leaving safepoint region
[2022-06-13T03:17:37.712+0000][1][safepoint    ] Total time for which application threads were stopped: 0.0003698 seconds, Stopping threads took: 0.0001534 seconds
[2022-06-13T03:17:37.712+0000][1][safepoint    ] Application time: 0.0006323 seconds
[2022-06-13T03:17:37.712+0000][1][safepoint    ] Entering safepoint region: RevokeBias
[2022-06-13T03:17:37.713+0000][1][safepoint    ] Leaving safepoint region
[2022-06-13T03:17:37.713+0000][1][safepoint    ] Total time for which application threads were stopped: 0.0005224 seconds, Stopping threads took: 0.0003158 seconds
[2022-06-13T03:17:37.714+0000][1][safepoint    ] Application time: 0.0010631 seconds
[2022-06-13T03:17:37.715+0000][1][safepoint    ] Entering safepoint region: RevokeBias
[2022-06-13T03:17:37.715+0000][1][safepoint    ] Leaving safepoint region
[2022-06-13T03:17:37.715+0000][1][safepoint    ] Total time for which application threads were stopped: 0.0005358 seconds, Stopping threads took: 0.0002864 seconds
[2022-06-13T03:17:37.716+0000][1][safepoint    ] Application time: 0.0002308 seconds
[2022-06-13T03:17:37.716+0000][1][safepoint    ] Entering safepoint region: RevokeBias
[2022-06-13T03:17:37.716+0000][1][safepoint    ] Leaving safepoint region
[2022-06-13T03:17:37.716+0000][1][safepoint    ] Total time for which application threads were stopped: 0.0006007 seconds, Stopping threads took: 0.0001696 seconds
[2022-06-13T03:17:37.717+0000][1][safepoint    ] Application time: 0.0002088 seconds
[2022-06-13T03:17:37.717+0000][1][safepoint    ] Entering safepoint region: RevokeBias
[2022-06-13T03:17:37.717+0000][1][safepoint    ] Leaving safepoint region
[2022-06-13T03:17:37.718+0000][1][safepoint    ] Total time for which application threads were stopped: 0.0005343 seconds, Stopping threads took: 0.0001656 seconds
[2022-06-13T03:17:37.718+0000][1][safepoint    ] Application time: 0.0001289 seconds
[2022-06-13T03:17:37.718+0000][1][safepoint    ] Entering safepoint region: RevokeBias
[2022-06-13T03:17:37.718+0000][1][safepoint    ] Leaving safepoint region
[2022-06-13T03:17:37.718+0000][1][safepoint    ] Total time for which application threads were stopped: 0.0003733 seconds, Stopping threads took: 0.0002199 seconds
[2022-06-13T03:17:37.719+0000][1][safepoint    ] Application time: 0.0004798 seconds
[2022-06-13T03:17:37.719+0000][1][safepoint    ] Entering safepoint region: RevokeBias
[2022-06-13T03:17:37.720+0000][1][safepoint    ] Leaving safepoint region
[2022-06-13T03:17:37.720+0000][1][safepoint    ] Total time for which application threads were stopped: 0.0006544 seconds, Stopping threads took: 0.0003807 seconds
[2022-06-13T03:17:37.721+0000][1][safepoint    ] Application time: 0.0004920 seconds
[2022-06-13T03:17:37.721+0000][1][safepoint    ] Entering safepoint region: RevokeBias
[2022-06-13T03:17:37.721+0000][1][safepoint    ] Leaving safepoint region
[2022-06-13T03:17:37.721+0000][1][safepoint    ] Total time for which application threads were stopped: 0.0005096 seconds, Stopping threads took: 0.0002722 seconds
[2022-06-13T03:17:37.722+0000][1][safepoint    ] Application time: 0.0001113 seconds
[2022-06-13T03:17:37.722+0000][1][safepoint    ] Entering safepoint region: RevokeBias
[2022-06-13T03:17:37.722+0000][1][safepoint    ] Leaving safepoint region
[2022-06-13T03:17:37.722+0000][1][safepoint    ] Total time for which application threads were stopped: 0.0005879 seconds, Stopping threads took: 0.0003498 seconds
[2022-06-13T03:17:37.723+0000][1][safepoint    ] Application time: 0.0002711 seconds
[2022-06-13T03:17:37.723+0000][1][safepoint    ] Entering safepoint region: BulkRevokeBias
[2022-06-13T03:17:37.723+0000][1][safepoint    ] Leaving safepoint region
[2022-06-13T03:17:37.723+0000][1][safepoint    ] Total time for which application threads were stopped: 0.0004940 seconds, Stopping threads took: 0.0001831 seconds
[2022-06-13T03:17:37.724+0000][1][safepoint    ] Application time: 0.0003305 seconds
[2022-06-13T03:17:37.724+0000][1][safepoint    ] Entering safepoint region: RevokeBias
[2022-06-13T03:17:37.724+0000][1][safepoint    ] Leaving safepoint region
[2022-06-13T03:17:37.725+0000][1][safepoint    ] Total time for which application threads were stopped: 0.0004728 seconds, Stopping threads took: 0.0001694 seconds
[2022-06-13T03:17:37.726+0000][1][safepoint    ] Application time: 0.0015882 seconds
[2022-06-13T03:17:37.727+0000][1][safepoint    ] Entering safepoint region: RevokeBias
[2022-06-13T03:17:37.727+0000][1][safepoint    ] Leaving safepoint region
[2022-06-13T03:17:37.727+0000][1][safepoint    ] Total time for which application threads were stopped: 0.0005141 seconds, Stopping threads took: 0.0002693 seconds
[2022-06-13T03:17:37.727+0000][1][safepoint    ] Application time: 0.0001115 seconds
[2022-06-13T03:17:37.727+0000][1][safepoint    ] Entering safepoint region: RevokeBias
[2022-06-13T03:17:37.728+0000][1][safepoint    ] Leaving safepoint region
[2022-06-13T03:17:37.728+0000][1][safepoint    ] Total time for which application threads were stopped: 0.0004894 seconds, Stopping threads took: 0.0002302 seconds
[2022-06-13T03:17:37.728+0000][1][safepoint    ] Application time: 0.0001552 seconds
[2022-06-13T03:17:37.729+0000][1][safepoint    ] Entering safepoint region: RevokeBias
[2022-06-13T03:17:37.729+0000][1][safepoint    ] Leaving safepoint region
[2022-06-13T03:17:37.729+0000][1][safepoint    ] Total time for which application threads were stopped: 0.0003174 seconds, Stopping threads took: 0.0001617 seconds
[2022-06-13T03:17:37.730+0000][1][safepoint    ] Application time: 0.0007037 seconds
[2022-06-13T03:17:37.730+0000][1][safepoint    ] Entering safepoint region: RevokeBias
[2022-06-13T03:17:37.730+0000][1][safepoint    ] Leaving safepoint region
[2022-06-13T03:17:37.730+0000][1][safepoint    ] Total time for which application threads were stopped: 0.0002206 seconds, Stopping threads took: 0.0001049 seconds
[2022-06-13T03:17:37.730+0000][1][safepoint    ] Application time: 0.0001121 seconds
[2022-06-13T03:17:37.730+0000][1][safepoint    ] Entering safepoint region: RevokeBias
[2022-06-13T03:17:37.730+0000][1][safepoint    ] Leaving safepoint region
[2022-06-13T03:17:37.731+0000][1][safepoint    ] Total time for which application threads were stopped: 0.0002619 seconds, Stopping threads took: 0.0001101 seconds
[2022-06-13T03:17:37.731+0000][1][safepoint    ] Application time: 0.0000964 seconds
[2022-06-13T03:17:37.731+0000][1][safepoint    ] Entering safepoint region: RevokeBias
[2022-06-13T03:17:37.731+0000][1][safepoint    ] Leaving safepoint region
[2022-06-13T03:17:37.731+0000][1][safepoint    ] Total time for which application threads were stopped: 0.0002324 seconds, Stopping threads took: 0.0001012 seconds
[2022-06-13T03:17:37.732+0000][1][safepoint    ] Application time: 0.0003547 seconds
[2022-06-13T03:17:37.732+0000][1][safepoint    ] Entering safepoint region: RevokeBias
[2022-06-13T03:17:37.732+0000][1][safepoint    ] Leaving safepoint region
[2022-06-13T03:17:37.732+0000][1][safepoint    ] Total time for which application threads were stopped: 0.0003712 seconds, Stopping threads took: 0.0001668 seconds
[2022-06-13T03:17:37.732+0000][1][safepoint    ] Application time: 0.0000883 seconds
[2022-06-13T03:17:37.732+0000][1][safepoint    ] Entering safepoint region: RevokeBias
[2022-06-13T03:17:37.733+0000][1][safepoint    ] Leaving safepoint region
[2022-06-13T03:17:37.733+0000][1][safepoint    ] Total time for which application threads were stopped: 0.0002149 seconds, Stopping threads took: 0.0001026 seconds
[2022-06-13T03:17:37.736+0000][1][safepoint    ] Application time: 0.0030102 seconds
[2022-06-13T03:17:37.736+0000][1][safepoint    ] Entering safepoint region: RevokeBias
[2022-06-13T03:17:37.736+0000][1][safepoint    ] Leaving safepoint region
[2022-06-13T03:17:37.736+0000][1][safepoint    ] Total time for which application threads were stopped: 0.0004042 seconds, Stopping threads took: 0.0001768 seconds
[2022-06-13T03:17:37.737+0000][1][safepoint    ] Application time: 0.0001392 seconds
[2022-06-13T03:17:37.737+0000][1][safepoint    ] Entering safepoint region: RevokeBias
[2022-06-13T03:17:37.737+0000][1][safepoint    ] Leaving safepoint region
[2022-06-13T03:17:37.737+0000][1][safepoint    ] Total time for which application threads were stopped: 0.0003808 seconds, Stopping threads took: 0.0002140 seconds
[2022-06-13T03:17:37.740+0000][1][safepoint    ] Application time: 0.0025135 seconds
[2022-06-13T03:17:37.740+0000][1][safepoint    ] Entering safepoint region: RevokeBias
[2022-06-13T03:17:37.741+0000][1][safepoint    ] Leaving safepoint region
[2022-06-13T03:17:37.742+0000][1][safepoint    ] Total time for which application threads were stopped: 0.0017504 seconds, Stopping threads took: 0.0013985 seconds
[2022-06-13T03:17:37.742+0000][1][safepoint    ] Application time: 0.0002141 seconds
[2022-06-13T03:17:37.742+0000][1][safepoint    ] Entering safepoint region: RevokeBias
[2022-06-13T03:17:37.743+0000][1][safepoint    ] Leaving safepoint region
[2022-06-13T03:17:37.743+0000][1][safepoint    ] Total time for which application threads were stopped: 0.0005572 seconds, Stopping threads took: 0.0003477 seconds
[2022-06-13T03:17:37.744+0000][1][safepoint    ] Application time: 0.0006989 seconds
[2022-06-13T03:17:37.744+0000][1][safepoint    ] Entering safepoint region: RevokeBias
[2022-06-13T03:17:37.744+0000][1][safepoint    ] Leaving safepoint region
[2022-06-13T03:17:37.744+0000][1][safepoint    ] Total time for which application threads were stopped: 0.0002758 seconds, Stopping threads took: 0.0001493 seconds
[2022-06-13T03:17:37.744+0000][1][safepoint    ] Application time: 0.0001654 seconds
[2022-06-13T03:17:37.745+0000][1][safepoint    ] Entering safepoint region: RevokeBias
[2022-06-13T03:17:37.745+0000][1][safepoint    ] Leaving safepoint region
[2022-06-13T03:17:37.745+0000][1][safepoint    ] Total time for which application threads were stopped: 0.0003849 seconds, Stopping threads took: 0.0002258 seconds
[2022-06-13T03:17:37.745+0000][1][safepoint    ] Application time: 0.0000916 seconds
[2022-06-13T03:17:37.745+0000][1][safepoint    ] Entering safepoint region: RevokeBias
[2022-06-13T03:17:37.746+0000][1][safepoint    ] Leaving safepoint region
[2022-06-13T03:17:37.746+0000][1][safepoint    ] Total time for which application threads were stopped: 0.0005600 seconds, Stopping threads took: 0.0002893 seconds
[2022-06-13T03:17:37.747+0000][1][safepoint    ] Application time: 0.0006906 seconds
[2022-06-13T03:17:37.747+0000][1][safepoint    ] Entering safepoint region: RevokeBias
[2022-06-13T03:17:37.747+0000][1][safepoint    ] Leaving safepoint region
[2022-06-13T03:17:37.748+0000][1][safepoint    ] Total time for which application threads were stopped: 0.0005248 seconds, Stopping threads took: 0.0002942 seconds
[2022-06-13T03:17:37.748+0000][1][safepoint    ] Application time: 0.0001322 seconds
[2022-06-13T03:17:37.748+0000][1][safepoint    ] Entering safepoint region: RevokeBias
[2022-06-13T03:17:37.748+0000][1][safepoint    ] Leaving safepoint region
[2022-06-13T03:17:37.749+0000][1][safepoint    ] Total time for which application threads were stopped: 0.0006709 seconds, Stopping threads took: 0.0003466 seconds
[2022-06-13T03:17:37.750+0000][1][safepoint    ] Application time: 0.0013738 seconds
[2022-06-13T03:17:37.751+0000][1][safepoint    ] Entering safepoint region: RevokeBias
[2022-06-13T03:17:37.751+0000][1][safepoint    ] Leaving safepoint region
[2022-06-13T03:17:37.752+0000][1][safepoint    ] Total time for which application threads were stopped: 0.0010185 seconds, Stopping threads took: 0.0006352 seconds
[2022-06-13T03:17:37.752+0000][1][safepoint    ] Application time: 0.0001349 seconds
[2022-06-13T03:17:37.753+0000][1][safepoint    ] Entering safepoint region: RevokeBias
[2022-06-13T03:17:37.753+0000][1][safepoint    ] Leaving safepoint region
[2022-06-13T03:17:37.753+0000][1][safepoint    ] Total time for which application threads were stopped: 0.0010879 seconds, Stopping threads took: 0.0005804 seconds
[2022-06-13T03:17:37.757+0000][1][safepoint    ] Application time: 0.0035500 seconds
[2022-06-13T03:17:37.758+0000][1][safepoint    ] Entering safepoint region: RevokeBias
[2022-06-13T03:17:37.758+0000][1][safepoint    ] Leaving safepoint region
[2022-06-13T03:17:37.758+0000][1][safepoint    ] Total time for which application threads were stopped: 0.0006825 seconds, Stopping threads took: 0.0003107 seconds
[2022-06-13T03:17:37.759+0000][1][safepoint    ] Application time: 0.0001956 seconds
[2022-06-13T03:17:37.759+0000][1][safepoint    ] Entering safepoint region: RevokeBias
[2022-06-13T03:17:37.759+0000][1][safepoint    ] Leaving safepoint region
[2022-06-13T03:17:37.759+0000][1][safepoint    ] Total time for which application threads were stopped: 0.0005072 seconds, Stopping threads took: 0.0002690 seconds
[2022-06-13T03:17:37.760+0000][1][safepoint    ] Application time: 0.0001828 seconds
[2022-06-13T03:17:37.760+0000][1][safepoint    ] Entering safepoint region: RevokeBias
[2022-06-13T03:17:37.760+0000][1][safepoint    ] Leaving safepoint region
[2022-06-13T03:17:37.761+0000][1][safepoint    ] Total time for which application threads were stopped: 0.0006748 seconds, Stopping threads took: 0.0004045 seconds
[2022-06-13T03:17:37.764+0000][1][safepoint    ] Application time: 0.0028369 seconds
[2022-06-13T03:17:37.764+0000][1][safepoint    ] Entering safepoint region: RevokeBias
[2022-06-13T03:17:37.764+0000][1][safepoint    ] Leaving safepoint region
[2022-06-13T03:17:37.765+0000][1][safepoint    ] Total time for which application threads were stopped: 0.0005851 seconds, Stopping threads took: 0.0003225 seconds
[2022-06-13T03:17:37.765+0000][1][safepoint    ] Application time: 0.0001156 seconds
[2022-06-13T03:17:37.765+0000][1][safepoint    ] Entering safepoint region: RevokeBias
[2022-06-13T03:17:37.765+0000][1][safepoint    ] Leaving safepoint region
[2022-06-13T03:17:37.765+0000][1][safepoint    ] Total time for which application threads were stopped: 0.0002582 seconds, Stopping threads took: 0.0001367 seconds
[2022-06-13T03:17:37.765+0000][1][safepoint    ] Application time: 0.0001143 seconds
[2022-06-13T03:17:37.766+0000][1][safepoint    ] Entering safepoint region: RevokeBias
[2022-06-13T03:17:37.766+0000][1][safepoint    ] Leaving safepoint region
[2022-06-13T03:17:37.766+0000][1][safepoint    ] Total time for which application threads were stopped: 0.0002534 seconds, Stopping threads took: 0.0001163 seconds
[2022-06-13T03:17:37.766+0000][1][safepoint    ] Application time: 0.0001168 seconds
[2022-06-13T03:17:37.766+0000][1][safepoint    ] Entering safepoint region: RevokeBias
[2022-06-13T03:17:37.766+0000][1][safepoint    ] Leaving safepoint region
[2022-06-13T03:17:37.766+0000][1][safepoint    ] Total time for which application threads were stopped: 0.0002573 seconds, Stopping threads took: 0.0001533 seconds
[2022-06-13T03:17:37.768+0000][1][safepoint    ] Application time: 0.0013173 seconds
[2022-06-13T03:17:37.768+0000][1][safepoint    ] Entering safepoint region: RevokeBias
[2022-06-13T03:17:37.768+0000][1][safepoint    ] Leaving safepoint region
[2022-06-13T03:17:37.768+0000][1][safepoint    ] Total time for which application threads were stopped: 0.0002528 seconds, Stopping threads took: 0.0001076 seconds
[2022-06-13T03:17:38.269+0000][1][safepoint    ] Application time: 0.5009189 seconds
[2022-06-13T03:17:38.270+0000][1][safepoint    ] Entering safepoint region: RevokeBias
[2022-06-13T03:17:38.270+0000][1][safepoint    ] Leaving safepoint region
[2022-06-13T03:17:38.270+0000][1][safepoint    ] Total time for which application threads were stopped: 0.0004302 seconds, Stopping threads took: 0.0001311 seconds
[2022-06-13T03:17:38.482+0000][1][safepoint    ] Application time: 0.2121511 seconds
[2022-06-13T03:17:38.483+0000][1][safepoint    ] Entering safepoint region: RevokeBias
[2022-06-13T03:17:38.483+0000][1][safepoint    ] Leaving safepoint region
[2022-06-13T03:17:38.484+0000][1][safepoint    ] Total time for which application threads were stopped: 0.0008222 seconds, Stopping threads took: 0.0003819 seconds
[2022-06-13T03:17:38.484+0000][1][safepoint    ] Application time: 0.0001783 seconds
[2022-06-13T03:17:38.485+0000][1][safepoint    ] Entering safepoint region: RevokeBias
[2022-06-13T03:17:38.485+0000][1][safepoint    ] Leaving safepoint region
[2022-06-13T03:17:38.485+0000][1][safepoint    ] Total time for which application threads were stopped: 0.0007742 seconds, Stopping threads took: 0.0003026 seconds
[2022-06-13T03:17:38.486+0000][1][safepoint    ] Application time: 0.0001573 seconds
[2022-06-13T03:17:38.486+0000][1][safepoint    ] Entering safepoint region: RevokeBias
[2022-06-13T03:17:38.486+0000][1][safepoint    ] Leaving safepoint region
[2022-06-13T03:17:38.487+0000][1][safepoint    ] Total time for which application threads were stopped: 0.0005246 seconds, Stopping threads took: 0.0002688 seconds
[2022-06-13T03:17:38.487+0000][1][safepoint    ] Application time: 0.0001877 seconds
[2022-06-13T03:17:38.487+0000][1][safepoint    ] Entering safepoint region: RevokeBias
[2022-06-13T03:17:38.487+0000][1][safepoint    ] Leaving safepoint region
[2022-06-13T03:17:38.488+0000][1][safepoint    ] Total time for which application threads were stopped: 0.0002927 seconds, Stopping threads took: 0.0001366 seconds
[2022-06-13T03:17:38.488+0000][1][safepoint    ] Application time: 0.0000753 seconds
[2022-06-13T03:17:38.488+0000][1][safepoint    ] Entering safepoint region: RevokeBias
[2022-06-13T03:17:38.488+0000][1][safepoint    ] Leaving safepoint region
[2022-06-13T03:17:38.488+0000][1][safepoint    ] Total time for which application threads were stopped: 0.0003635 seconds, Stopping threads took: 0.0002339 seconds
[2022-06-13T03:17:38.488+0000][1][safepoint    ] Application time: 0.0000629 seconds
[2022-06-13T03:17:38.489+0000][1][safepoint    ] Entering safepoint region: RevokeBias
[2022-06-13T03:17:38.489+0000][1][safepoint    ] Leaving safepoint region
[2022-06-13T03:17:38.489+0000][1][safepoint    ] Total time for which application threads were stopped: 0.0002244 seconds, Stopping threads took: 0.0001034 seconds
[2022-06-13T03:17:38.489+0000][1][safepoint    ] Application time: 0.0000790 seconds
[2022-06-13T03:17:38.489+0000][1][safepoint    ] Entering safepoint region: RevokeBias
[2022-06-13T03:17:38.489+0000][1][safepoint    ] Leaving safepoint region
[2022-06-13T03:17:38.489+0000][1][safepoint    ] Total time for which application threads were stopped: 0.0002790 seconds, Stopping threads took: 0.0001343 seconds
[2022-06-13T03:17:38.490+0000][1][safepoint    ] Application time: 0.0000846 seconds
[2022-06-13T03:17:38.490+0000][1][safepoint    ] Entering safepoint region: RevokeBias
[2022-06-13T03:17:38.490+0000][1][safepoint    ] Leaving safepoint region
[2022-06-13T03:17:38.490+0000][1][safepoint    ] Total time for which application threads were stopped: 0.0002400 seconds, Stopping threads took: 0.0001087 seconds
[2022-06-13T03:17:38.711+0000][1][safepoint    ] Application time: 0.2206700 seconds
[2022-06-13T03:17:38.711+0000][1][safepoint    ] Entering safepoint region: RevokeBias
[2022-06-13T03:17:38.712+0000][1][safepoint    ] Leaving safepoint region
[2022-06-13T03:17:38.712+0000][1][safepoint    ] Total time for which application threads were stopped: 0.0011955 seconds, Stopping threads took: 0.0004414 seconds
[2022-06-13T03:17:40.713+0000][1][safepoint    ] Application time: 2.0003780 seconds
[2022-06-13T03:17:40.713+0000][1][safepoint    ] Entering safepoint region: Cleanup
[2022-06-13T03:17:40.714+0000][1][safepoint    ] Leaving safepoint region
[2022-06-13T03:17:40.714+0000][1][safepoint    ] Total time for which application threads were stopped: 0.0009365 seconds, Stopping threads took: 0.0003375 seconds
[2022-06-13T03:17:40.755+0000][1][safepoint    ] Application time: 0.0402815 seconds
[2022-06-13T03:17:40.755+0000][1][safepoint    ] Entering safepoint region: RevokeBias
[2022-06-13T03:17:40.756+0000][1][safepoint    ] Leaving safepoint region
[2022-06-13T03:17:40.756+0000][1][safepoint    ] Total time for which application threads were stopped: 0.0003165 seconds, Stopping threads took: 0.0001755 seconds
[2022-06-13T03:17:40.756+0000][1][safepoint    ] Application time: 0.0002478 seconds
[2022-06-13T03:17:40.756+0000][1][safepoint    ] Entering safepoint region: RevokeBias
[2022-06-13T03:17:40.757+0000][1][safepoint    ] Leaving safepoint region
[2022-06-13T03:17:40.757+0000][1][safepoint    ] Total time for which application threads were stopped: 0.0003930 seconds, Stopping threads took: 0.0002159 seconds
[2022-06-13T03:17:40.757+0000][1][safepoint    ] Application time: 0.0003854 seconds
[2022-06-13T03:17:40.758+0000][1][safepoint    ] Entering safepoint region: RevokeBias
[2022-06-13T03:17:40.758+0000][1][safepoint    ] Leaving safepoint region
[2022-06-13T03:17:40.758+0000][1][safepoint    ] Total time for which application threads were stopped: 0.0004089 seconds, Stopping threads took: 0.0001574 seconds
[2022-06-13T03:17:41.714+0000][1][safepoint    ] Application time: 0.9556117 seconds
[2022-06-13T03:17:41.714+0000][1][safepoint    ] Entering safepoint region: RevokeBias
[2022-06-13T03:17:41.715+0000][1][safepoint    ] Leaving safepoint region
[2022-06-13T03:17:41.715+0000][1][safepoint    ] Total time for which application threads were stopped: 0.0008290 seconds, Stopping threads took: 0.0004867 seconds
[2022-06-13T03:17:41.716+0000][1][safepoint    ] Application time: 0.0007299 seconds
[2022-06-13T03:17:41.716+0000][1][safepoint    ] Entering safepoint region: RevokeBias
[2022-06-13T03:17:41.717+0000][1][safepoint    ] Leaving safepoint region
[2022-06-13T03:17:41.717+0000][1][safepoint    ] Total time for which application threads were stopped: 0.0007364 seconds, Stopping threads took: 0.0003071 seconds
[2022-06-13T03:17:41.718+0000][1][safepoint    ] Application time: 0.0003176 seconds
[2022-06-13T03:17:41.718+0000][1][safepoint    ] Entering safepoint region: RevokeBias
[2022-06-13T03:17:41.718+0000][1][safepoint    ] Leaving safepoint region
[2022-06-13T03:17:41.718+0000][1][safepoint    ] Total time for which application threads were stopped: 0.0004273 seconds, Stopping threads took: 0.0002381 seconds
[2022-06-13T03:17:41.719+0000][1][safepoint    ] Application time: 0.0002298 seconds
[2022-06-13T03:17:41.719+0000][1][safepoint    ] Entering safepoint region: RevokeBias
[2022-06-13T03:17:41.720+0000][1][safepoint    ] Leaving safepoint region
[2022-06-13T03:17:41.720+0000][1][safepoint    ] Total time for which application threads were stopped: 0.0007977 seconds, Stopping threads took: 0.0003689 seconds
[2022-06-13T03:17:41.721+0000][1][safepoint    ] Application time: 0.0003247 seconds
[2022-06-13T03:17:41.721+0000][1][safepoint    ] Entering safepoint region: RevokeBias
[2022-06-13T03:17:41.721+0000][1][safepoint    ] Leaving safepoint region
[2022-06-13T03:17:41.722+0000][1][safepoint    ] Total time for which application threads were stopped: 0.0006657 seconds, Stopping threads took: 0.0002935 seconds
[2022-06-13T03:17:41.722+0000][1][safepoint    ] Application time: 0.0001581 seconds
[2022-06-13T03:17:41.722+0000][1][safepoint    ] Entering safepoint region: RevokeBias
[2022-06-13T03:17:41.723+0000][1][safepoint    ] Leaving safepoint region
[2022-06-13T03:17:41.723+0000][1][safepoint    ] Total time for which application threads were stopped: 0.0003901 seconds, Stopping threads took: 0.0001509 seconds
[2022-06-13T03:17:41.723+0000][1][safepoint    ] Application time: 0.0003538 seconds
[2022-06-13T03:17:41.724+0000][1][safepoint    ] Entering safepoint region: RevokeBias
[2022-06-13T03:17:41.724+0000][1][safepoint    ] Leaving safepoint region
[2022-06-13T03:17:41.724+0000][1][safepoint    ] Total time for which application threads were stopped: 0.0004590 seconds, Stopping threads took: 0.0001883 seconds
[2022-06-13T03:17:42.729+0000][1][safepoint    ] Application time: 1.0043803 seconds
[2022-06-13T03:17:42.729+0000][1][safepoint    ] Entering safepoint region: Cleanup
[2022-06-13T03:17:42.730+0000][1][safepoint    ] Leaving safepoint region
[2022-06-13T03:17:42.730+0000][1][safepoint    ] Total time for which application threads were stopped: 0.0010312 seconds, Stopping threads took: 0.0003957 seconds
[2022-06-13T03:17:43.731+0000][1][safepoint    ] Application time: 1.0002418 seconds
[2022-06-13T03:17:43.731+0000][1][safepoint    ] Entering safepoint region: Cleanup
[2022-06-13T03:17:43.732+0000][1][safepoint    ] Leaving safepoint region
[2022-06-13T03:17:43.732+0000][1][safepoint    ] Total time for which application threads were stopped: 0.0006463 seconds, Stopping threads took: 0.0003794 seconds
[2022-06-13T03:17:44.715+0000][1][safepoint    ] Application time: 0.9824916 seconds
[2022-06-13T03:17:44.744+0000][1][safepoint    ] Entering safepoint region: RevokeBias
[2022-06-13T03:17:44.745+0000][1][safepoint    ] Leaving safepoint region
[2022-06-13T03:17:44.746+0000][1][safepoint    ] Total time for which application threads were stopped: 0.0307465 seconds, Stopping threads took: 0.0299977 seconds
[2022-06-13T03:17:44.747+0000][1][safepoint    ] Application time: 0.0004964 seconds
[2022-06-13T03:17:44.747+0000][1][safepoint    ] Entering safepoint region: RevokeBias
[2022-06-13T03:17:44.748+0000][1][safepoint    ] Leaving safepoint region
[2022-06-13T03:17:44.748+0000][1][safepoint    ] Total time for which application threads were stopped: 0.0011199 seconds, Stopping threads took: 0.0005593 seconds
[2022-06-13T03:17:44.749+0000][1][safepoint    ] Application time: 0.0003247 seconds
[2022-06-13T03:17:44.750+0000][1][safepoint    ] Entering safepoint region: RevokeBias
[2022-06-13T03:17:44.750+0000][1][safepoint    ] Leaving safepoint region
[2022-06-13T03:17:44.751+0000][1][safepoint    ] Total time for which application threads were stopped: 0.0013997 seconds, Stopping threads took: 0.0007154 seconds
[2022-06-13T03:17:45.717+0000][1][safepoint    ] Application time: 0.9652120 seconds
[2022-06-13T03:17:45.717+0000][1][safepoint    ] Entering safepoint region: RevokeBias
[2022-06-13T03:17:45.718+0000][1][safepoint    ] Leaving safepoint region
[2022-06-13T03:17:45.719+0000][1][safepoint    ] Total time for which application threads were stopped: 0.0014576 seconds, Stopping threads took: 0.0006190 seconds
[2022-06-13T03:17:45.720+0000][1][safepoint    ] Application time: 0.0007764 seconds
[2022-06-13T03:17:45.721+0000][1][safepoint    ] Entering safepoint region: RevokeBias
[2022-06-13T03:17:45.722+0000][1][safepoint    ] Leaving safepoint region
[2022-06-13T03:17:45.722+0000][1][safepoint    ] Total time for which application threads were stopped: 0.0015285 seconds, Stopping threads took: 0.0009906 seconds
[2022-06-13T03:17:45.724+0000][1][safepoint    ] Application time: 0.0005202 seconds
[2022-06-13T03:17:45.724+0000][1][safepoint    ] Entering safepoint region: RevokeBias
[2022-06-13T03:17:45.725+0000][1][safepoint    ] Leaving safepoint region
[2022-06-13T03:17:45.725+0000][1][safepoint    ] Total time for which application threads were stopped: 0.0007700 seconds, Stopping threads took: 0.0003520 seconds
[2022-06-13T03:17:45.725+0000][1][safepoint    ] Application time: 0.0001410 seconds
[2022-06-13T03:17:45.726+0000][1][safepoint    ] Entering safepoint region: RevokeBias
[2022-06-13T03:17:45.726+0000][1][safepoint    ] Leaving safepoint region
[2022-06-13T03:17:45.727+0000][1][safepoint    ] Total time for which application threads were stopped: 0.0008375 seconds, Stopping threads took: 0.0003596 seconds
[2022-06-13T03:17:45.727+0000][1][safepoint    ] Application time: 0.0001909 seconds
[2022-06-13T03:17:45.727+0000][1][safepoint    ] Entering safepoint region: RevokeBias
[2022-06-13T03:17:45.728+0000][1][safepoint    ] Leaving safepoint region
[2022-06-13T03:17:45.728+0000][1][safepoint    ] Total time for which application threads were stopped: 0.0005054 seconds, Stopping threads took: 0.0003078 seconds
[2022-06-13T03:17:45.728+0000][1][safepoint    ] Application time: 0.0002725 seconds
[2022-06-13T03:17:45.729+0000][1][safepoint    ] Entering safepoint region: RevokeBias
[2022-06-13T03:17:45.729+0000][1][safepoint    ] Leaving safepoint region
[2022-06-13T03:17:45.729+0000][1][safepoint    ] Total time for which application threads were stopped: 0.0006149 seconds, Stopping threads took: 0.0001802 seconds
[2022-06-13T03:17:45.730+0000][1][safepoint    ] Application time: 0.0002350 seconds
[2022-06-13T03:17:45.730+0000][1][safepoint    ] Entering safepoint region: RevokeBias
[2022-06-13T03:17:45.731+0000][1][safepoint    ] Leaving safepoint region
[2022-06-13T03:17:45.731+0000][1][safepoint    ] Total time for which application threads were stopped: 0.0007459 seconds, Stopping threads took: 0.0003669 seconds
[2022-06-13T03:17:46.180+0000][1][safepoint    ] Application time: 0.4489823 seconds
[2022-06-13T03:17:46.181+0000][1][safepoint    ] Entering safepoint region: RevokeBias
[2022-06-13T03:17:46.181+0000][1][safepoint    ] Leaving safepoint region
[2022-06-13T03:17:46.182+0000][1][safepoint    ] Total time for which application threads were stopped: 0.0010219 seconds, Stopping threads took: 0.0004917 seconds
[2022-06-13T03:17:46.182+0000][1][safepoint    ] Application time: 0.0002275 seconds
[2022-06-13T03:17:46.183+0000][1][safepoint    ] Entering safepoint region: RevokeBias
[2022-06-13T03:17:46.183+0000][1][safepoint    ] Leaving safepoint region
[2022-06-13T03:17:46.184+0000][1][safepoint    ] Total time for which application threads were stopped: 0.0010695 seconds, Stopping threads took: 0.0005111 seconds
[2022-06-13T03:17:47.185+0000][1][safepoint    ] Application time: 1.0002462 seconds
[2022-06-13T03:17:47.185+0000][1][safepoint    ] Entering safepoint region: Cleanup
[2022-06-13T03:17:47.185+0000][1][safepoint    ] Leaving safepoint region
[2022-06-13T03:17:47.185+0000][1][safepoint    ] Total time for which application threads were stopped: 0.0002931 seconds, Stopping threads took: 0.0001434 seconds
[2022-06-13T03:17:48.186+0000][1][safepoint    ] Application time: 1.0003308 seconds
[2022-06-13T03:17:48.186+0000][1][safepoint    ] Entering safepoint region: Cleanup
[2022-06-13T03:17:48.187+0000][1][safepoint    ] Leaving safepoint region
[2022-06-13T03:17:48.187+0000][1][safepoint    ] Total time for which application threads were stopped: 0.0009421 seconds, Stopping threads took: 0.0004520 seconds
[2022-06-13T03:17:48.717+0000][1][safepoint    ] Application time: 0.5294533 seconds
[2022-06-13T03:17:48.717+0000][1][safepoint    ] Entering safepoint region: RevokeBias
[2022-06-13T03:17:48.718+0000][1][safepoint    ] Leaving safepoint region
[2022-06-13T03:17:48.718+0000][1][safepoint    ] Total time for which application threads were stopped: 0.0007023 seconds, Stopping threads took: 0.0004294 seconds
[2022-06-13T03:17:48.718+0000][1][safepoint    ] Application time: 0.0003052 seconds
[2022-06-13T03:17:48.719+0000][1][safepoint    ] Entering safepoint region: RevokeBias
[2022-06-13T03:17:48.719+0000][1][safepoint    ] Leaving safepoint region
[2022-06-13T03:17:48.719+0000][1][safepoint    ] Total time for which application threads were stopped: 0.0003524 seconds, Stopping threads took: 0.0001520 seconds
[2022-06-13T03:17:48.720+0000][1][safepoint    ] Application time: 0.0011208 seconds
[2022-06-13T03:17:48.720+0000][1][safepoint    ] Entering safepoint region: RevokeBias
[2022-06-13T03:17:48.721+0000][1][safepoint    ] Leaving safepoint region
[2022-06-13T03:17:48.721+0000][1][safepoint    ] Total time for which application threads were stopped: 0.0003674 seconds, Stopping threads took: 0.0001602 seconds
[2022-06-13T03:17:48.721+0000][1][safepoint    ] Application time: 0.0003954 seconds
[2022-06-13T03:17:48.722+0000][1][safepoint    ] Entering safepoint region: RevokeBias
[2022-06-13T03:17:48.722+0000][1][safepoint    ] Leaving safepoint region
[2022-06-13T03:17:48.723+0000][1][safepoint    ] Total time for which application threads were stopped: 0.0008992 seconds, Stopping threads took: 0.0004868 seconds
[2022-06-13T03:17:49.718+0000][1][safepoint    ] Application time: 0.9954607 seconds
[2022-06-13T03:17:49.719+0000][1][safepoint    ] Entering safepoint region: RevokeBias
[2022-06-13T03:17:49.719+0000][1][safepoint    ] Leaving safepoint region
[2022-06-13T03:17:49.720+0000][1][safepoint    ] Total time for which application threads were stopped: 0.0010450 seconds, Stopping threads took: 0.0003627 seconds
[2022-06-13T03:17:49.721+0000][1][safepoint    ] Application time: 0.0005279 seconds
[2022-06-13T03:17:49.721+0000][1][safepoint    ] Entering safepoint region: RevokeBias
[2022-06-13T03:17:49.721+0000][1][safepoint    ] Leaving safepoint region
[2022-06-13T03:17:49.722+0000][1][safepoint    ] Total time for which application threads were stopped: 0.0007198 seconds, Stopping threads took: 0.0003185 seconds
[2022-06-13T03:17:49.722+0000][1][safepoint    ] Application time: 0.0002038 seconds
[2022-06-13T03:17:49.723+0000][1][safepoint    ] Entering safepoint region: RevokeBias
[2022-06-13T03:17:49.723+0000][1][safepoint    ] Leaving safepoint region
[2022-06-13T03:17:49.724+0000][1][safepoint    ] Total time for which application threads were stopped: 0.0010652 seconds, Stopping threads took: 0.0006099 seconds
[2022-06-13T03:17:49.724+0000][1][safepoint    ] Application time: 0.0003138 seconds
[2022-06-13T03:17:49.725+0000][1][safepoint    ] Entering safepoint region: RevokeBias
[2022-06-13T03:17:49.725+0000][1][safepoint    ] Leaving safepoint region
[2022-06-13T03:17:49.726+0000][1][safepoint    ] Total time for which application threads were stopped: 0.0009921 seconds, Stopping threads took: 0.0004085 seconds
[2022-06-13T03:17:49.726+0000][1][safepoint    ] Application time: 0.0003650 seconds
[2022-06-13T03:17:49.727+0000][1][safepoint    ] Entering safepoint region: RevokeBias
[2022-06-13T03:17:49.728+0000][1][safepoint    ] Leaving safepoint region
[2022-06-13T03:17:49.728+0000][1][safepoint    ] Total time for which application threads were stopped: 0.0010293 seconds, Stopping threads took: 0.0006466 seconds
[2022-06-13T03:17:49.728+0000][1][safepoint    ] Application time: 0.0002101 seconds
[2022-06-13T03:17:49.728+0000][1][safepoint    ] Entering safepoint region: RevokeBias
[2022-06-13T03:17:49.729+0000][1][safepoint    ] Leaving safepoint region
[2022-06-13T03:17:49.729+0000][1][safepoint    ] Total time for which application threads were stopped: 0.0007674 seconds, Stopping threads took: 0.0003263 seconds
[2022-06-13T03:17:49.730+0000][1][safepoint    ] Application time: 0.0002715 seconds
[2022-06-13T03:17:49.730+0000][1][safepoint    ] Entering safepoint region: RevokeBias
[2022-06-13T03:17:49.730+0000][1][safepoint    ] Leaving safepoint region
[2022-06-13T03:17:49.731+0000][1][safepoint    ] Total time for which application threads were stopped: 0.0006892 seconds, Stopping threads took: 0.0002052 seconds
[2022-06-13T03:17:50.732+0000][1][safepoint    ] Application time: 1.0002405 seconds
[2022-06-13T03:17:50.732+0000][1][safepoint    ] Entering safepoint region: Cleanup
[2022-06-13T03:17:50.732+0000][1][safepoint    ] Leaving safepoint region
[2022-06-13T03:17:50.733+0000][1][safepoint    ] Total time for which application threads were stopped: 0.0007492 seconds, Stopping threads took: 0.0003214 seconds
[2022-06-13T03:17:51.733+0000][1][safepoint    ] Application time: 1.0002337 seconds
[2022-06-13T03:17:51.734+0000][1][safepoint    ] Entering safepoint region: Cleanup
[2022-06-13T03:17:51.734+0000][1][safepoint    ] Leaving safepoint region
[2022-06-13T03:17:51.734+0000][1][safepoint    ] Total time for which application threads were stopped: 0.0006657 seconds, Stopping threads took: 0.0004257 seconds
[2022-06-13T03:17:52.718+0000][1][safepoint    ] Application time: 0.9834936 seconds
[2022-06-13T03:17:52.719+0000][1][safepoint    ] Entering safepoint region: RevokeBias
[2022-06-13T03:17:52.719+0000][1][safepoint    ] Leaving safepoint region
[2022-06-13T03:17:52.719+0000][1][safepoint    ] Total time for which application threads were stopped: 0.0007054 seconds, Stopping threads took: 0.0002713 seconds
[2022-06-13T03:17:52.720+0000][1][safepoint    ] Application time: 0.0002879 seconds
[2022-06-13T03:17:52.721+0000][1][safepoint    ] Entering safepoint region: RevokeBias
[2022-06-13T03:17:52.721+0000][1][safepoint    ] Leaving safepoint region
[2022-06-13T03:17:52.721+0000][1][safepoint    ] Total time for which application threads were stopped: 0.0010107 seconds, Stopping threads took: 0.0007254 seconds
[2022-06-13T03:17:53.721+0000][1][safepoint    ] Application time: 0.9989193 seconds
[2022-06-13T03:17:53.721+0000][1][safepoint    ] Entering safepoint region: RevokeBias
[2022-06-13T03:17:53.722+0000][1][safepoint    ] Leaving safepoint region
[2022-06-13T03:17:53.722+0000][1][safepoint    ] Total time for which application threads were stopped: 0.0015182 seconds, Stopping threads took: 0.0003336 seconds
[2022-06-13T03:17:53.723+0000][1][safepoint    ] Application time: 0.0007303 seconds
[2022-06-13T03:17:53.724+0000][1][safepoint    ] Entering safepoint region: RevokeBias
[2022-06-13T03:17:53.724+0000][1][safepoint    ] Leaving safepoint region
[2022-06-13T03:17:53.725+0000][1][safepoint    ] Total time for which application threads were stopped: 0.0008260 seconds, Stopping threads took: 0.0003487 seconds
[2022-06-13T03:17:53.725+0000][1][safepoint    ] Application time: 0.0002583 seconds
[2022-06-13T03:17:53.725+0000][1][safepoint    ] Entering safepoint region: RevokeBias
[2022-06-13T03:17:53.726+0000][1][safepoint    ] Leaving safepoint region
[2022-06-13T03:17:53.726+0000][1][safepoint    ] Total time for which application threads were stopped: 0.0006144 seconds, Stopping threads took: 0.0003251 seconds
[2022-06-13T03:17:53.727+0000][1][safepoint    ] Application time: 0.0002056 seconds
[2022-06-13T03:17:53.727+0000][1][safepoint    ] Entering safepoint region: RevokeBias
[2022-06-13T03:17:53.727+0000][1][safepoint    ] Leaving safepoint region
[2022-06-13T03:17:53.727+0000][1][safepoint    ] Total time for which application threads were stopped: 0.0005745 seconds, Stopping threads took: 0.0002661 seconds
[2022-06-13T03:17:53.728+0000][1][safepoint    ] Application time: 0.0002334 seconds
[2022-06-13T03:17:53.728+0000][1][safepoint    ] Entering safepoint region: RevokeBias
[2022-06-13T03:17:53.728+0000][1][safepoint    ] Leaving safepoint region
[2022-06-13T03:17:53.729+0000][1][safepoint    ] Total time for which application threads were stopped: 0.0004774 seconds, Stopping threads took: 0.0001999 seconds
[2022-06-13T03:17:53.729+0000][1][safepoint    ] Application time: 0.0001811 seconds
[2022-06-13T03:17:53.729+0000][1][safepoint    ] Entering safepoint region: BulkRevokeBias
[2022-06-13T03:17:53.730+0000][1][safepoint    ] Leaving safepoint region
[2022-06-13T03:17:53.730+0000][1][safepoint    ] Total time for which application threads were stopped: 0.0008097 seconds, Stopping threads took: 0.0002747 seconds
[2022-06-13T03:17:54.731+0000][1][safepoint    ] Application time: 1.0001970 seconds
[2022-06-13T03:17:54.731+0000][1][safepoint    ] Entering safepoint region: Cleanup
[2022-06-13T03:17:54.731+0000][1][safepoint    ] Leaving safepoint region
[2022-06-13T03:17:54.732+0000][1][safepoint    ] Total time for which application threads were stopped: 0.0006380 seconds, Stopping threads took: 0.0001597 seconds
[2022-06-13T03:17:55.732+0000][1][safepoint    ] Application time: 1.0001729 seconds
[2022-06-13T03:17:55.733+0000][1][safepoint    ] Entering safepoint region: Cleanup
[2022-06-13T03:17:55.733+0000][1][safepoint    ] Leaving safepoint region
[2022-06-13T03:17:55.733+0000][1][safepoint    ] Total time for which application threads were stopped: 0.0009099 seconds, Stopping threads took: 0.0004252 seconds
[2022-06-13T03:17:56.721+0000][1][safepoint    ] Application time: 0.9867292 seconds
[2022-06-13T03:17:56.721+0000][1][safepoint    ] Entering safepoint region: RevokeBias
[2022-06-13T03:17:56.721+0000][1][safepoint    ] Leaving safepoint region
[2022-06-13T03:17:56.722+0000][1][safepoint    ] Total time for which application threads were stopped: 0.0011348 seconds, Stopping threads took: 0.0004445 seconds
[2022-06-13T03:17:56.723+0000][1][safepoint    ] Application time: 0.0008466 seconds
[2022-06-13T03:17:56.724+0000][1][safepoint    ] Entering safepoint region: RevokeBias
[2022-06-13T03:17:56.725+0000][1][safepoint    ] Leaving safepoint region
[2022-06-13T03:17:56.725+0000][1][safepoint    ] Total time for which application threads were stopped: 0.0014381 seconds, Stopping threads took: 0.0004979 seconds
[2022-06-13T03:17:57.722+0000][1][safepoint    ] Application time: 0.9967021 seconds
[2022-06-13T03:17:57.723+0000][1][safepoint    ] Entering safepoint region: RevokeBias
[2022-06-13T03:17:57.723+0000][1][safepoint    ] Leaving safepoint region
[2022-06-13T03:17:57.724+0000][1][safepoint    ] Total time for which application threads were stopped: 0.0007209 seconds, Stopping threads took: 0.0002726 seconds
[2022-06-13T03:17:57.725+0000][1][safepoint    ] Application time: 0.0007073 seconds
[2022-06-13T03:17:57.726+0000][1][safepoint    ] Entering safepoint region: RevokeBias
[2022-06-13T03:17:57.726+0000][1][safepoint    ] Leaving safepoint region
[2022-06-13T03:17:57.727+0000][1][safepoint    ] Total time for which application threads were stopped: 0.0012082 seconds, Stopping threads took: 0.0007189 seconds
[2022-06-13T03:17:57.727+0000][1][safepoint    ] Application time: 0.0004409 seconds
[2022-06-13T03:17:57.728+0000][1][safepoint    ] Entering safepoint region: RevokeBias
[2022-06-13T03:17:57.728+0000][1][safepoint    ] Leaving safepoint region
[2022-06-13T03:17:57.729+0000][1][safepoint    ] Total time for which application threads were stopped: 0.0011782 seconds, Stopping threads took: 0.0006142 seconds
[2022-06-13T03:17:58.730+0000][1][safepoint    ] Application time: 1.0002558 seconds
[2022-06-13T03:17:58.730+0000][1][safepoint    ] Entering safepoint region: Cleanup
[2022-06-13T03:17:58.731+0000][1][safepoint    ] Leaving safepoint region
[2022-06-13T03:17:58.731+0000][1][safepoint    ] Total time for which application threads were stopped: 0.0009786 seconds, Stopping threads took: 0.0004557 seconds
[2022-06-13T03:17:59.732+0000][1][safepoint    ] Application time: 1.0001151 seconds
[2022-06-13T03:17:59.732+0000][1][safepoint    ] Entering safepoint region: Cleanup
[2022-06-13T03:17:59.733+0000][1][safepoint    ] Leaving safepoint region
[2022-06-13T03:17:59.733+0000][1][safepoint    ] Total time for which application threads were stopped: 0.0006874 seconds, Stopping threads took: 0.0002810 seconds
[2022-06-13T03:18:00.723+0000][1][safepoint    ] Application time: 0.9895791 seconds
[2022-06-13T03:18:00.723+0000][1][safepoint    ] Entering safepoint region: RevokeBias
[2022-06-13T03:18:00.724+0000][1][safepoint    ] Leaving safepoint region
[2022-06-13T03:18:00.724+0000][1][safepoint    ] Total time for which application threads were stopped: 0.0010662 seconds, Stopping threads took: 0.0005274 seconds
[2022-06-13T03:18:00.725+0000][1][safepoint    ] Application time: 0.0002481 seconds
[2022-06-13T03:18:00.725+0000][1][safepoint    ] Entering safepoint region: RevokeBias
[2022-06-13T03:18:00.726+0000][1][safepoint    ] Leaving safepoint region
[2022-06-13T03:18:00.726+0000][1][safepoint    ] Total time for which application threads were stopped: 0.0011866 seconds, Stopping threads took: 0.0006551 seconds
[2022-06-13T03:18:01.725+0000][1][safepoint    ] Application time: 0.9988552 seconds
[2022-06-13T03:18:01.725+0000][1][safepoint    ] Entering safepoint region: RevokeBias
[2022-06-13T03:18:01.726+0000][1][safepoint    ] Leaving safepoint region
[2022-06-13T03:18:01.726+0000][1][safepoint    ] Total time for which application threads were stopped: 0.0008123 seconds, Stopping threads took: 0.0003196 seconds
[2022-06-13T03:18:01.727+0000][1][safepoint    ] Application time: 0.0003817 seconds
[2022-06-13T03:18:01.727+0000][1][safepoint    ] Entering safepoint region: RevokeBias
[2022-06-13T03:18:01.728+0000][1][safepoint    ] Leaving safepoint region
[2022-06-13T03:18:01.728+0000][1][safepoint    ] Total time for which application threads were stopped: 0.0005623 seconds, Stopping threads took: 0.0003208 seconds
[2022-06-13T03:18:01.729+0000][1][safepoint    ] Application time: 0.0004412 seconds
[2022-06-13T03:18:01.729+0000][1][safepoint    ] Entering safepoint region: RevokeBias
[2022-06-13T03:18:01.729+0000][1][safepoint    ] Leaving safepoint region
[2022-06-13T03:18:01.729+0000][1][safepoint    ] Total time for which application threads were stopped: 0.0007319 seconds, Stopping threads took: 0.0003101 seconds
[2022-06-13T03:18:02.730+0000][1][safepoint    ] Application time: 1.0001960 seconds
[2022-06-13T03:18:02.730+0000][1][safepoint    ] Entering safepoint region: Cleanup
[2022-06-13T03:18:02.731+0000][1][safepoint    ] Leaving safepoint region
[2022-06-13T03:18:02.731+0000][1][safepoint    ] Total time for which application threads were stopped: 0.0007221 seconds, Stopping threads took: 0.0003150 seconds
[2022-06-13T03:18:03.732+0000][1][safepoint    ] Application time: 1.0002469 seconds
[2022-06-13T03:18:03.732+0000][1][safepoint    ] Entering safepoint region: Cleanup
[2022-06-13T03:18:03.732+0000][1][safepoint    ] Leaving safepoint region
[2022-06-13T03:18:03.733+0000][1][safepoint    ] Total time for which application threads were stopped: 0.0007693 seconds, Stopping threads took: 0.0003480 seconds
[2022-06-13T03:18:04.315+0000][1][safepoint    ] Application time: 0.5820172 seconds
[2022-06-13T03:18:04.315+0000][1][safepoint    ] Entering safepoint region: RevokeBias
[2022-06-13T03:18:04.316+0000][1][safepoint    ] Leaving safepoint region
[2022-06-13T03:18:04.316+0000][1][safepoint    ] Total time for which application threads were stopped: 0.0007495 seconds, Stopping threads took: 0.0003885 seconds
[2022-06-13T03:18:04.316+0000][1][safepoint    ] Application time: 0.0002369 seconds
[2022-06-13T03:18:04.317+0000][1][safepoint    ] Entering safepoint region: RevokeBias
[2022-06-13T03:18:04.317+0000][1][safepoint    ] Leaving safepoint region
[2022-06-13T03:18:04.317+0000][1][safepoint    ] Total time for which application threads were stopped: 0.0005947 seconds, Stopping threads took: 0.0001794 seconds
[2022-06-13T03:18:04.318+0000][1][safepoint    ] Application time: 0.0009194 seconds
[2022-06-13T03:18:04.319+0000][1][safepoint    ] Entering safepoint region: RevokeBias
[2022-06-13T03:18:04.319+0000][1][safepoint    ] Leaving safepoint region
[2022-06-13T03:18:04.319+0000][1][safepoint    ] Total time for which application threads were stopped: 0.0005749 seconds, Stopping threads took: 0.0002974 seconds
[2022-06-13T03:18:04.320+0000][1][safepoint    ] Application time: 0.0003259 seconds
[2022-06-13T03:18:04.320+0000][1][safepoint    ] Entering safepoint region: RevokeBias
[2022-06-13T03:18:04.321+0000][1][safepoint    ] Leaving safepoint region
[2022-06-13T03:18:04.321+0000][1][safepoint    ] Total time for which application threads were stopped: 0.0010534 seconds, Stopping threads took: 0.0003711 seconds
[2022-06-13T03:18:04.322+0000][1][safepoint    ] Application time: 0.0008379 seconds
[2022-06-13T03:18:04.323+0000][1][safepoint    ] Entering safepoint region: RevokeBias
[2022-06-13T03:18:04.323+0000][1][safepoint    ] Leaving safepoint region
[2022-06-13T03:18:04.323+0000][1][safepoint    ] Total time for which application threads were stopped: 0.0003844 seconds, Stopping threads took: 0.0001588 seconds
[2022-06-13T03:18:04.724+0000][1][safepoint    ] Application time: 0.4011272 seconds
[2022-06-13T03:18:04.725+0000][1][safepoint    ] Entering safepoint region: RevokeBias
[2022-06-13T03:18:04.725+0000][1][safepoint    ] Leaving safepoint region
[2022-06-13T03:18:04.726+0000][1][safepoint    ] Total time for which application threads were stopped: 0.0010502 seconds, Stopping threads took: 0.0004004 seconds
[2022-06-13T03:18:04.726+0000][1][safepoint    ] Application time: 0.0003720 seconds
[2022-06-13T03:18:04.727+0000][1][safepoint    ] Entering safepoint region: RevokeBias
[2022-06-13T03:18:04.727+0000][1][safepoint    ] Leaving safepoint region
[2022-06-13T03:18:04.728+0000][1][safepoint    ] Total time for which application threads were stopped: 0.0010441 seconds, Stopping threads took: 0.0005305 seconds
[2022-06-13T03:18:04.788+0000][1][safepoint    ] Application time: 0.0595772 seconds
[2022-06-13T03:18:04.788+0000][1][safepoint    ] Entering safepoint region: RevokeBias
[2022-06-13T03:18:04.788+0000][1][safepoint    ] Leaving safepoint region
[2022-06-13T03:18:04.788+0000][1][safepoint    ] Total time for which application threads were stopped: 0.0003503 seconds, Stopping threads took: 0.0001710 seconds
[2022-06-13T03:18:04.789+0000][1][safepoint    ] Application time: 0.0005411 seconds
[2022-06-13T03:18:04.789+0000][1][safepoint    ] Entering safepoint region: RevokeBias
[2022-06-13T03:18:04.790+0000][1][safepoint    ] Leaving safepoint region
[2022-06-13T03:18:04.790+0000][1][safepoint    ] Total time for which application threads were stopped: 0.0010600 seconds, Stopping threads took: 0.0005557 seconds
[2022-06-13T03:18:04.790+0000][1][safepoint    ] Application time: 0.0000673 seconds
[2022-06-13T03:18:04.791+0000][1][safepoint    ] Entering safepoint region: RevokeBias
[2022-06-13T03:18:04.791+0000][1][safepoint    ] Leaving safepoint region
[2022-06-13T03:18:04.791+0000][1][safepoint    ] Total time for which application threads were stopped: 0.0003560 seconds, Stopping threads took: 0.0001533 seconds
[2022-06-13T03:18:04.792+0000][1][safepoint    ] Application time: 0.0002663 seconds
[2022-06-13T03:18:04.792+0000][1][safepoint    ] Entering safepoint region: RevokeBias
[2022-06-13T03:18:04.792+0000][1][safepoint    ] Leaving safepoint region
[2022-06-13T03:18:04.792+0000][1][safepoint    ] Total time for which application threads were stopped: 0.0006675 seconds, Stopping threads took: 0.0002034 seconds
[2022-06-13T03:18:04.793+0000][1][safepoint    ] Application time: 0.0002501 seconds
[2022-06-13T03:18:04.793+0000][1][safepoint    ] Entering safepoint region: RevokeBias
[2022-06-13T03:18:04.794+0000][1][safepoint    ] Leaving safepoint region
[2022-06-13T03:18:04.794+0000][1][safepoint    ] Total time for which application threads were stopped: 0.0005198 seconds, Stopping threads took: 0.0002592 seconds
[2022-06-13T03:18:04.795+0000][1][safepoint    ] Application time: 0.0005780 seconds
[2022-06-13T03:18:04.795+0000][1][safepoint    ] Entering safepoint region: RevokeBias
[2022-06-13T03:18:04.795+0000][1][safepoint    ] Leaving safepoint region
[2022-06-13T03:18:04.795+0000][1][safepoint    ] Total time for which application threads were stopped: 0.0005630 seconds, Stopping threads took: 0.0003673 seconds
[2022-06-13T03:18:04.796+0000][1][safepoint    ] Application time: 0.0006601 seconds
[2022-06-13T03:18:04.797+0000][1][safepoint    ] Entering safepoint region: RevokeBias
[2022-06-13T03:18:04.797+0000][1][safepoint    ] Leaving safepoint region
[2022-06-13T03:18:04.797+0000][1][safepoint    ] Total time for which application threads were stopped: 0.0007142 seconds, Stopping threads took: 0.0004722 seconds
[2022-06-13T03:18:04.801+0000][1][safepoint    ] Application time: 0.0041350 seconds
[2022-06-13T03:18:04.802+0000][1][safepoint    ] Entering safepoint region: RevokeBias
[2022-06-13T03:18:04.803+0000][1][safepoint    ] Leaving safepoint region
[2022-06-13T03:18:04.803+0000][1][safepoint    ] Total time for which application threads were stopped: 0.0008584 seconds, Stopping threads took: 0.0005011 seconds
[2022-06-13T03:18:04.805+0000][1][safepoint    ] Application time: 0.0018229 seconds
[2022-06-13T03:18:04.805+0000][1][safepoint    ] Entering safepoint region: RevokeBias
[2022-06-13T03:18:04.806+0000][1][safepoint    ] Leaving safepoint region
[2022-06-13T03:18:04.806+0000][1][safepoint    ] Total time for which application threads were stopped: 0.0009613 seconds, Stopping threads took: 0.0006463 seconds
[2022-06-13T03:18:04.806+0000][1][safepoint    ] Application time: 0.0001068 seconds
[2022-06-13T03:18:04.806+0000][1][safepoint    ] Entering safepoint region: RevokeBias
[2022-06-13T03:18:04.807+0000][1][safepoint    ] Leaving safepoint region
[2022-06-13T03:18:04.807+0000][1][safepoint    ] Total time for which application threads were stopped: 0.0005033 seconds, Stopping threads took: 0.0003548 seconds
[2022-06-13T03:18:04.807+0000][1][safepoint    ] Application time: 0.0001325 seconds
[2022-06-13T03:18:04.807+0000][1][safepoint    ] Entering safepoint region: RevokeBias
[2022-06-13T03:18:04.807+0000][1][safepoint    ] Leaving safepoint region
[2022-06-13T03:18:04.808+0000][1][safepoint    ] Total time for which application threads were stopped: 0.0003925 seconds, Stopping threads took: 0.0001289 seconds
[2022-06-13T03:18:04.809+0000][1][safepoint    ] Application time: 0.0009198 seconds
[2022-06-13T03:18:04.809+0000][1][safepoint    ] Entering safepoint region: RevokeBias
[2022-06-13T03:18:04.810+0000][1][safepoint    ] Leaving safepoint region
[2022-06-13T03:18:04.810+0000][1][safepoint    ] Total time for which application threads were stopped: 0.0003903 seconds, Stopping threads took: 0.0002515 seconds
[2022-06-13T03:18:04.810+0000][1][safepoint    ] Application time: 0.0000803 seconds
[2022-06-13T03:18:04.810+0000][1][safepoint    ] Entering safepoint region: RevokeBias
[2022-06-13T03:18:04.810+0000][1][safepoint    ] Leaving safepoint region
[2022-06-13T03:18:04.810+0000][1][safepoint    ] Total time for which application threads were stopped: 0.0003725 seconds, Stopping threads took: 0.0002073 seconds
[2022-06-13T03:18:04.811+0000][1][safepoint    ] Application time: 0.0000904 seconds
[2022-06-13T03:18:04.811+0000][1][safepoint    ] Entering safepoint region: RevokeBias
[2022-06-13T03:18:04.811+0000][1][safepoint    ] Leaving safepoint region
[2022-06-13T03:18:04.811+0000][1][safepoint    ] Total time for which application threads were stopped: 0.0004523 seconds, Stopping threads took: 0.0003175 seconds
[2022-06-13T03:18:04.812+0000][1][safepoint    ] Application time: 0.0001034 seconds
[2022-06-13T03:18:04.812+0000][1][safepoint    ] Entering safepoint region: RevokeBias
[2022-06-13T03:18:04.812+0000][1][safepoint    ] Leaving safepoint region
[2022-06-13T03:18:04.812+0000][1][safepoint    ] Total time for which application threads were stopped: 0.0003282 seconds, Stopping threads took: 0.0001777 seconds
[2022-06-13T03:18:04.812+0000][1][safepoint    ] Application time: 0.0002018 seconds
[2022-06-13T03:18:04.813+0000][1][safepoint    ] Entering safepoint region: RevokeBias
[2022-06-13T03:18:04.813+0000][1][safepoint    ] Leaving safepoint region
[2022-06-13T03:18:04.813+0000][1][safepoint    ] Total time for which application threads were stopped: 0.0002938 seconds, Stopping threads took: 0.0001703 seconds
[2022-06-13T03:18:04.813+0000][1][safepoint    ] Application time: 0.0000806 seconds
[2022-06-13T03:18:04.813+0000][1][safepoint    ] Entering safepoint region: RevokeBias
[2022-06-13T03:18:04.813+0000][1][safepoint    ] Leaving safepoint region
[2022-06-13T03:18:04.814+0000][1][safepoint    ] Total time for which application threads were stopped: 0.0004030 seconds, Stopping threads took: 0.0002778 seconds
[2022-06-13T03:18:04.814+0000][1][safepoint    ] Application time: 0.0000824 seconds
[2022-06-13T03:18:04.814+0000][1][safepoint    ] Entering safepoint region: RevokeBias
[2022-06-13T03:18:04.814+0000][1][safepoint    ] Leaving safepoint region
[2022-06-13T03:18:04.814+0000][1][safepoint    ] Total time for which application threads were stopped: 0.0002808 seconds, Stopping threads took: 0.0001604 seconds
[2022-06-13T03:18:04.814+0000][1][safepoint    ] Application time: 0.0000907 seconds
[2022-06-13T03:18:04.814+0000][1][safepoint    ] Entering safepoint region: RevokeBias
[2022-06-13T03:18:04.815+0000][1][safepoint    ] Leaving safepoint region
[2022-06-13T03:18:04.815+0000][1][safepoint    ] Total time for which application threads were stopped: 0.0003007 seconds, Stopping threads took: 0.0001624 seconds
[2022-06-13T03:18:04.815+0000][1][safepoint    ] Application time: 0.0001019 seconds
[2022-06-13T03:18:04.815+0000][1][safepoint    ] Entering safepoint region: RevokeBias
[2022-06-13T03:18:04.815+0000][1][safepoint    ] Leaving safepoint region
[2022-06-13T03:18:04.815+0000][1][safepoint    ] Total time for which application threads were stopped: 0.0002659 seconds, Stopping threads took: 0.0001387 seconds
[2022-06-13T03:18:04.815+0000][1][safepoint    ] Application time: 0.0000879 seconds
[2022-06-13T03:18:04.816+0000][1][safepoint    ] Entering safepoint region: RevokeBias
[2022-06-13T03:18:04.816+0000][1][safepoint    ] Leaving safepoint region
[2022-06-13T03:18:04.816+0000][1][safepoint    ] Total time for which application threads were stopped: 0.0003737 seconds, Stopping threads took: 0.0001989 seconds
[2022-06-13T03:18:04.816+0000][1][safepoint    ] Application time: 0.0003781 seconds
[2022-06-13T03:18:04.817+0000][1][safepoint    ] Entering safepoint region: RevokeBias
[2022-06-13T03:18:04.817+0000][1][safepoint    ] Leaving safepoint region
[2022-06-13T03:18:04.817+0000][1][safepoint    ] Total time for which application threads were stopped: 0.0004481 seconds, Stopping threads took: 0.0002796 seconds
[2022-06-13T03:18:04.819+0000][1][safepoint    ] Application time: 0.0014053 seconds
[2022-06-13T03:18:04.819+0000][1][safepoint    ] Entering safepoint region: RevokeBias
[2022-06-13T03:18:04.819+0000][1][safepoint    ] Leaving safepoint region
[2022-06-13T03:18:04.819+0000][1][safepoint    ] Total time for which application threads were stopped: 0.0003311 seconds, Stopping threads took: 0.0001130 seconds
[2022-06-13T03:18:04.824+0000][1][safepoint    ] Application time: 0.0047297 seconds
[2022-06-13T03:18:04.824+0000][1][safepoint    ] Entering safepoint region: RevokeBias
[2022-06-13T03:18:04.825+0000][1][safepoint    ] Leaving safepoint region
[2022-06-13T03:18:04.825+0000][1][safepoint    ] Total time for which application threads were stopped: 0.0003302 seconds, Stopping threads took: 0.0001386 seconds
[2022-06-13T03:18:04.825+0000][1][safepoint    ] Application time: 0.0002969 seconds
[2022-06-13T03:18:04.825+0000][1][safepoint    ] Entering safepoint region: RevokeBias
[2022-06-13T03:18:04.825+0000][1][safepoint    ] Leaving safepoint region
[2022-06-13T03:18:04.826+0000][1][safepoint    ] Total time for which application threads were stopped: 0.0002899 seconds, Stopping threads took: 0.0001714 seconds
[2022-06-13T03:18:04.826+0000][1][safepoint    ] Application time: 0.0004141 seconds
[2022-06-13T03:18:04.826+0000][1][safepoint    ] Entering safepoint region: RevokeBias
[2022-06-13T03:18:04.827+0000][1][safepoint    ] Leaving safepoint region
[2022-06-13T03:18:04.827+0000][1][safepoint    ] Total time for which application threads were stopped: 0.0002470 seconds, Stopping threads took: 0.0001434 seconds
[2022-06-13T03:18:04.827+0000][1][safepoint    ] Application time: 0.0003180 seconds
[2022-06-13T03:18:04.827+0000][1][safepoint    ] Entering safepoint region: RevokeBias
[2022-06-13T03:18:04.827+0000][1][safepoint    ] Leaving safepoint region
[2022-06-13T03:18:04.828+0000][1][safepoint    ] Total time for which application threads were stopped: 0.0002539 seconds, Stopping threads took: 0.0001279 seconds
[2022-06-13T03:18:04.828+0000][1][safepoint    ] Application time: 0.0002550 seconds
[2022-06-13T03:18:04.828+0000][1][safepoint    ] Entering safepoint region: RevokeBias
[2022-06-13T03:18:04.828+0000][1][safepoint    ] Leaving safepoint region
[2022-06-13T03:18:04.828+0000][1][safepoint    ] Total time for which application threads were stopped: 0.0002355 seconds, Stopping threads took: 0.0001087 seconds
[2022-06-13T03:18:04.829+0000][1][safepoint    ] Application time: 0.0001732 seconds
[2022-06-13T03:18:04.829+0000][1][safepoint    ] Entering safepoint region: RevokeBias
[2022-06-13T03:18:04.829+0000][1][safepoint    ] Leaving safepoint region
[2022-06-13T03:18:04.829+0000][1][safepoint    ] Total time for which application threads were stopped: 0.0002915 seconds, Stopping threads took: 0.0001132 seconds
[2022-06-13T03:18:04.829+0000][1][safepoint    ] Application time: 0.0003554 seconds
[2022-06-13T03:18:04.830+0000][1][safepoint    ] Entering safepoint region: RevokeBias
[2022-06-13T03:18:04.830+0000][1][safepoint    ] Leaving safepoint region
[2022-06-13T03:18:04.830+0000][1][safepoint    ] Total time for which application threads were stopped: 0.0002749 seconds, Stopping threads took: 0.0001453 seconds
[2022-06-13T03:18:04.830+0000][1][safepoint    ] Application time: 0.0001462 seconds
[2022-06-13T03:18:04.830+0000][1][safepoint    ] Entering safepoint region: RevokeBias
[2022-06-13T03:18:04.830+0000][1][safepoint    ] Leaving safepoint region
[2022-06-13T03:18:04.830+0000][1][safepoint    ] Total time for which application threads were stopped: 0.0002746 seconds, Stopping threads took: 0.0001465 seconds
[2022-06-13T03:18:04.831+0000][1][safepoint    ] Application time: 0.0002437 seconds
[2022-06-13T03:18:04.831+0000][1][safepoint    ] Entering safepoint region: RevokeBias
[2022-06-13T03:18:04.831+0000][1][safepoint    ] Leaving safepoint region
[2022-06-13T03:18:04.831+0000][1][safepoint    ] Total time for which application threads were stopped: 0.0003746 seconds, Stopping threads took: 0.0001706 seconds
[2022-06-13T03:18:04.835+0000][1][safepoint    ] Application time: 0.0034815 seconds
[2022-06-13T03:18:04.835+0000][1][safepoint    ] Entering safepoint region: RevokeBias
[2022-06-13T03:18:04.836+0000][1][safepoint    ] Leaving safepoint region
[2022-06-13T03:18:04.836+0000][1][safepoint    ] Total time for which application threads were stopped: 0.0007842 seconds, Stopping threads took: 0.0002472 seconds
[2022-06-13T03:18:04.837+0000][1][safepoint    ] Application time: 0.0001625 seconds
[2022-06-13T03:18:04.837+0000][1][safepoint    ] Entering safepoint region: RevokeBias
[2022-06-13T03:18:04.837+0000][1][safepoint    ] Leaving safepoint region
[2022-06-13T03:18:04.838+0000][1][safepoint    ] Total time for which application threads were stopped: 0.0007094 seconds, Stopping threads took: 0.0003647 seconds
[2022-06-13T03:18:04.838+0000][1][safepoint    ] Application time: 0.0001683 seconds
[2022-06-13T03:18:04.839+0000][1][safepoint    ] Entering safepoint region: RevokeBias
[2022-06-13T03:18:04.839+0000][1][safepoint    ] Leaving safepoint region
[2022-06-13T03:18:04.840+0000][1][safepoint    ] Total time for which application threads were stopped: 0.0009211 seconds, Stopping threads took: 0.0005332 seconds
[2022-06-13T03:18:04.841+0000][1][safepoint    ] Application time: 0.0008082 seconds
[2022-06-13T03:18:04.841+0000][1][safepoint    ] Entering safepoint region: RevokeBias
[2022-06-13T03:18:04.842+0000][1][safepoint    ] Leaving safepoint region
[2022-06-13T03:18:04.843+0000][1][safepoint    ] Total time for which application threads were stopped: 0.0019078 seconds, Stopping threads took: 0.0008139 seconds
[2022-06-13T03:18:04.845+0000][1][safepoint    ] Application time: 0.0016080 seconds
[2022-06-13T03:18:04.846+0000][1][safepoint    ] Entering safepoint region: RevokeBias
[2022-06-13T03:18:04.846+0000][1][safepoint    ] Leaving safepoint region
[2022-06-13T03:18:04.846+0000][1][safepoint    ] Total time for which application threads were stopped: 0.0006166 seconds, Stopping threads took: 0.0002197 seconds
[2022-06-13T03:18:04.847+0000][1][safepoint    ] Application time: 0.0003811 seconds
[2022-06-13T03:18:04.847+0000][1][safepoint    ] Entering safepoint region: RevokeBias
[2022-06-13T03:18:04.847+0000][1][safepoint    ] Leaving safepoint region
[2022-06-13T03:18:04.848+0000][1][safepoint    ] Total time for which application threads were stopped: 0.0006840 seconds, Stopping threads took: 0.0002944 seconds
[2022-06-13T03:18:04.849+0000][1][safepoint    ] Application time: 0.0009996 seconds
[2022-06-13T03:18:04.849+0000][1][safepoint    ] Entering safepoint region: RevokeBias
[2022-06-13T03:18:04.849+0000][1][safepoint    ] Leaving safepoint region
[2022-06-13T03:18:04.850+0000][1][safepoint    ] Total time for which application threads were stopped: 0.0003910 seconds, Stopping threads took: 0.0002327 seconds
[2022-06-13T03:18:04.850+0000][1][safepoint    ] Application time: 0.0006210 seconds
[2022-06-13T03:18:04.851+0000][1][safepoint    ] Entering safepoint region: RevokeBias
[2022-06-13T03:18:04.851+0000][1][safepoint    ] Leaving safepoint region
[2022-06-13T03:18:04.851+0000][1][safepoint    ] Total time for which application threads were stopped: 0.0004177 seconds, Stopping threads took: 0.0002026 seconds
[2022-06-13T03:18:04.851+0000][1][safepoint    ] Application time: 0.0001204 seconds
[2022-06-13T03:18:04.851+0000][1][safepoint    ] Entering safepoint region: RevokeBias
[2022-06-13T03:18:04.851+0000][1][safepoint    ] Leaving safepoint region
[2022-06-13T03:18:04.852+0000][1][safepoint    ] Total time for which application threads were stopped: 0.0002640 seconds, Stopping threads took: 0.0001490 seconds
[2022-06-13T03:18:04.852+0000][1][safepoint    ] Application time: 0.0005212 seconds
[2022-06-13T03:18:04.852+0000][1][safepoint    ] Entering safepoint region: RevokeBias
[2022-06-13T03:18:04.852+0000][1][safepoint    ] Leaving safepoint region
[2022-06-13T03:18:04.852+0000][1][safepoint    ] Total time for which application threads were stopped: 0.0001926 seconds, Stopping threads took: 0.0001109 seconds
[2022-06-13T03:18:04.854+0000][1][safepoint    ] Application time: 0.0011788 seconds
[2022-06-13T03:18:04.854+0000][1][safepoint    ] Entering safepoint region: RevokeBias
[2022-06-13T03:18:04.854+0000][1][safepoint    ] Leaving safepoint region
[2022-06-13T03:18:04.854+0000][1][safepoint    ] Total time for which application threads were stopped: 0.0004180 seconds, Stopping threads took: 0.0002324 seconds
[2022-06-13T03:18:04.855+0000][1][safepoint    ] Application time: 0.0003888 seconds
[2022-06-13T03:18:04.855+0000][1][safepoint    ] Entering safepoint region: RevokeBias
[2022-06-13T03:18:04.855+0000][1][safepoint    ] Leaving safepoint region
[2022-06-13T03:18:04.855+0000][1][safepoint    ] Total time for which application threads were stopped: 0.0004038 seconds, Stopping threads took: 0.0002296 seconds
[2022-06-13T03:18:04.859+0000][1][gc,heap,exit ] Heap
[2022-06-13T03:18:04.860+0000][1][gc,heap,exit ]  par new generation   total 78656K, used 52886K [0x00000000f0000000, 0x00000000f5550000, 0x00000000f5550000)
[2022-06-13T03:18:04.860+0000][1][gc,heap,exit ]   eden space 69952K,  64% used [0x00000000f0000000, 0x00000000f2c07860, 0x00000000f4450000)
[2022-06-13T03:18:04.860+0000][1][gc,heap,exit ]   from space 8704K,  89% used [0x00000000f4450000, 0x00000000f4bee280, 0x00000000f4cd0000)
[2022-06-13T03:18:04.860+0000][1][gc,heap,exit ]   to   space 8704K,   0% used [0x00000000f4cd0000, 0x00000000f4cd0000, 0x00000000f5550000)
[2022-06-13T03:18:04.860+0000][1][gc,heap,exit ]  concurrent mark-sweep generation total 174784K, used 62874K [0x00000000f5550000, 0x0000000100000000, 0x0000000100000000)
[2022-06-13T03:18:04.860+0000][1][gc,heap,exit ]  Metaspace       used 64487K, capacity 69404K, committed 69572K, reserved 1107968K
[2022-06-13T03:18:04.860+0000][1][gc,heap,exit ]   class space    used 8765K, capacity 10832K, committed 10920K, reserved 1048576K
[2022-06-13T03:18:04.861+0000][1][safepoint    ] Application time: 0.0051668 seconds
[2022-06-13T03:18:04.861+0000][1][safepoint    ] Entering safepoint region: Exit
