[2022-06-13T03:24:44.335+0000][1][gc] Using Concurrent Mark Sweep
[2022-06-13T03:24:44.336+0000][1][gc,heap,coops] Heap address: 0x00000000f0000000, size: 256 MB, Compressed Oops mode: 32-bit
[2022-06-13T03:24:44.365+0000][1][safepoint    ] Entering safepoint region: EnableBiasedLocking
[2022-06-13T03:24:44.365+0000][1][safepoint    ] Leaving safepoint region
[2022-06-13T03:24:44.365+0000][1][safepoint    ] Total time for which application threads were stopped: 0.0005545 seconds, Stopping threads took: 0.0003205 seconds
[2022-06-13T03:24:44.368+0000][1][safepoint    ] Application time: 0.0022456 seconds
[2022-06-13T03:24:44.368+0000][1][safepoint    ] Entering safepoint region: RevokeBias
[2022-06-13T03:24:44.387+0000][1][safepoint    ] Leaving safepoint region
[2022-06-13T03:24:44.387+0000][1][safepoint    ] Total time for which application threads were stopped: 0.0189371 seconds, Stopping threads took: 0.0184520 seconds
[2022-06-13T03:24:44.394+0000][1][safepoint    ] Application time: 0.0064177 seconds
[2022-06-13T03:24:44.394+0000][1][safepoint    ] Entering safepoint region: Deoptimize
[2022-06-13T03:24:44.394+0000][1][safepoint    ] Leaving safepoint region
[2022-06-13T03:24:44.395+0000][1][safepoint    ] Total time for which application threads were stopped: 0.0005536 seconds, Stopping threads took: 0.0001775 seconds
[2022-06-13T03:24:44.449+0000][1][safepoint    ] Application time: 0.0537560 seconds
[2022-06-13T03:24:44.449+0000][1][safepoint    ] Entering safepoint region: RevokeBias
[2022-06-13T03:24:44.449+0000][1][safepoint    ] Leaving safepoint region
[2022-06-13T03:24:44.450+0000][1][safepoint    ] Total time for which application threads were stopped: 0.0007607 seconds, Stopping threads took: 0.0003416 seconds
[2022-06-13T03:24:44.469+0000][1][safepoint    ] Application time: 0.0189613 seconds
[2022-06-13T03:24:44.470+0000][1][safepoint    ] Entering safepoint region: Deoptimize
[2022-06-13T03:24:44.470+0000][1][safepoint    ] Leaving safepoint region
[2022-06-13T03:24:44.470+0000][1][safepoint    ] Total time for which application threads were stopped: 0.0008273 seconds, Stopping threads took: 0.0003818 seconds
[2022-06-13T03:24:44.667+0000][1][safepoint    ] Application time: 0.1966334 seconds
[2022-06-13T03:24:44.668+0000][1][safepoint    ] Entering safepoint region: Deoptimize
[2022-06-13T03:24:44.668+0000][1][safepoint    ] Leaving safepoint region
[2022-06-13T03:24:44.668+0000][1][safepoint    ] Total time for which application threads were stopped: 0.0003844 seconds, Stopping threads took: 0.0001404 seconds
[2022-06-13T03:24:44.688+0000][1][safepoint    ] Application time: 0.0198390 seconds
[2022-06-13T03:24:44.688+0000][1][safepoint    ] Entering safepoint region: Deoptimize
[2022-06-13T03:24:44.688+0000][1][safepoint    ] Leaving safepoint region
[2022-06-13T03:24:44.689+0000][1][safepoint    ] Total time for which application threads were stopped: 0.0003714 seconds, Stopping threads took: 0.0001494 seconds
[2022-06-13T03:24:44.704+0000][1][safepoint    ] Application time: 0.0158312 seconds
[2022-06-13T03:24:44.705+0000][1][safepoint    ] Entering safepoint region: Deoptimize
[2022-06-13T03:24:44.705+0000][1][safepoint    ] Leaving safepoint region
[2022-06-13T03:24:44.705+0000][1][safepoint    ] Total time for which application threads were stopped: 0.0003702 seconds, Stopping threads took: 0.0001295 seconds
[2022-06-13T03:24:44.713+0000][1][safepoint    ] Application time: 0.0073925 seconds
[2022-06-13T03:24:44.713+0000][1][safepoint    ] Entering safepoint region: Deoptimize
[2022-06-13T03:24:44.713+0000][1][safepoint    ] Leaving safepoint region
[2022-06-13T03:24:44.713+0000][1][safepoint    ] Total time for which application threads were stopped: 0.0004153 seconds, Stopping threads took: 0.0001597 seconds
[2022-06-13T03:24:44.973+0000][1][safepoint    ] Application time: 0.2592474 seconds
[2022-06-13T03:24:44.973+0000][1][safepoint    ] Entering safepoint region: Deoptimize
[2022-06-13T03:24:44.973+0000][1][safepoint    ] Leaving safepoint region
[2022-06-13T03:24:44.973+0000][1][safepoint    ] Total time for which application threads were stopped: 0.0005387 seconds, Stopping threads took: 0.0001389 seconds
[2022-06-13T03:24:45.126+0000][1][safepoint    ] Application time: 0.1525310 seconds
[2022-06-13T03:24:45.127+0000][1][safepoint    ] Entering safepoint region: RevokeBias
[2022-06-13T03:24:45.127+0000][1][safepoint    ] Leaving safepoint region
[2022-06-13T03:24:45.127+0000][1][safepoint    ] Total time for which application threads were stopped: 0.0008416 seconds, Stopping threads took: 0.0005156 seconds
[2022-06-13T03:24:45.191+0000][1][safepoint    ] Application time: 0.0634279 seconds
[2022-06-13T03:24:45.191+0000][1][safepoint    ] Entering safepoint region: Deoptimize
[2022-06-13T03:24:45.192+0000][1][safepoint    ] Leaving safepoint region
[2022-06-13T03:24:45.192+0000][1][safepoint    ] Total time for which application threads were stopped: 0.0008051 seconds, Stopping threads took: 0.0002553 seconds
[2022-06-13T03:24:45.284+0000][1][safepoint    ] Application time: 0.0911198 seconds
[2022-06-13T03:24:45.284+0000][1][safepoint    ] Entering safepoint region: Deoptimize
[2022-06-13T03:24:45.284+0000][1][safepoint    ] Leaving safepoint region
[2022-06-13T03:24:45.285+0000][1][safepoint    ] Total time for which application threads were stopped: 0.0005846 seconds, Stopping threads took: 0.0001821 seconds
[2022-06-13T03:24:45.285+0000][1][safepoint    ] Application time: 0.0001343 seconds
[2022-06-13T03:24:45.285+0000][1][safepoint    ] Entering safepoint region: Deoptimize
[2022-06-13T03:24:45.285+0000][1][safepoint    ] Leaving safepoint region
[2022-06-13T03:24:45.286+0000][1][safepoint    ] Total time for which application threads were stopped: 0.0005651 seconds, Stopping threads took: 0.0001601 seconds
[2022-06-13T03:24:45.306+0000][1][safepoint    ] Application time: 0.0201489 seconds
[2022-06-13T03:24:45.306+0000][1][safepoint    ] Entering safepoint region: Deoptimize
[2022-06-13T03:24:45.307+0000][1][safepoint    ] Leaving safepoint region
[2022-06-13T03:24:45.307+0000][1][safepoint    ] Total time for which application threads were stopped: 0.0008018 seconds, Stopping threads took: 0.0004000 seconds
[2022-06-13T03:24:45.316+0000][1][safepoint    ] Application time: 0.0087581 seconds
[2022-06-13T03:24:45.316+0000][1][safepoint    ] Entering safepoint region: Deoptimize
[2022-06-13T03:24:45.317+0000][1][safepoint    ] Leaving safepoint region
[2022-06-13T03:24:45.317+0000][1][safepoint    ] Total time for which application threads were stopped: 0.0005502 seconds, Stopping threads took: 0.0001641 seconds
[2022-06-13T03:24:45.323+0000][1][safepoint    ] Application time: 0.0059785 seconds
[2022-06-13T03:24:45.323+0000][1][safepoint    ] Entering safepoint region: RevokeBias
[2022-06-13T03:24:45.323+0000][1][safepoint    ] Leaving safepoint region
[2022-06-13T03:24:45.323+0000][1][safepoint    ] Total time for which application threads were stopped: 0.0004054 seconds, Stopping threads took: 0.0002274 seconds
[2022-06-13T03:24:45.324+0000][1][safepoint    ] Application time: 0.0001751 seconds
[2022-06-13T03:24:45.324+0000][1][safepoint    ] Entering safepoint region: RevokeBias
[2022-06-13T03:24:45.324+0000][1][safepoint    ] Leaving safepoint region
[2022-06-13T03:24:45.324+0000][1][safepoint    ] Total time for which application threads were stopped: 0.0003452 seconds, Stopping threads took: 0.0001469 seconds
[2022-06-13T03:24:45.325+0000][1][safepoint    ] Application time: 0.0001475 seconds
[2022-06-13T03:24:45.325+0000][1][safepoint    ] Entering safepoint region: RevokeBias
[2022-06-13T03:24:45.325+0000][1][safepoint    ] Leaving safepoint region
[2022-06-13T03:24:45.325+0000][1][safepoint    ] Total time for which application threads were stopped: 0.0003383 seconds, Stopping threads took: 0.0001806 seconds
[2022-06-13T03:24:45.325+0000][1][safepoint    ] Application time: 0.0001047 seconds
[2022-06-13T03:24:45.325+0000][1][safepoint    ] Entering safepoint region: RevokeBias
[2022-06-13T03:24:45.326+0000][1][safepoint    ] Leaving safepoint region
[2022-06-13T03:24:45.326+0000][1][safepoint    ] Total time for which application threads were stopped: 0.0003746 seconds, Stopping threads took: 0.0001818 seconds
[2022-06-13T03:24:45.326+0000][1][safepoint    ] Application time: 0.0001652 seconds
[2022-06-13T03:24:45.326+0000][1][safepoint    ] Entering safepoint region: RevokeBias
[2022-06-13T03:24:45.326+0000][1][safepoint    ] Leaving safepoint region
[2022-06-13T03:24:45.327+0000][1][safepoint    ] Total time for which application threads were stopped: 0.0003338 seconds, Stopping threads took: 0.0001434 seconds
[2022-06-13T03:24:45.327+0000][1][safepoint    ] Application time: 0.0001192 seconds
[2022-06-13T03:24:45.327+0000][1][safepoint    ] Entering safepoint region: RevokeBias
[2022-06-13T03:24:45.327+0000][1][safepoint    ] Leaving safepoint region
[2022-06-13T03:24:45.327+0000][1][safepoint    ] Total time for which application threads were stopped: 0.0004017 seconds, Stopping threads took: 0.0002290 seconds
[2022-06-13T03:24:45.334+0000][1][safepoint    ] Application time: 0.0059693 seconds
[2022-06-13T03:24:45.334+0000][1][safepoint    ] Entering safepoint region: Deoptimize
[2022-06-13T03:24:45.334+0000][1][safepoint    ] Leaving safepoint region
[2022-06-13T03:24:45.334+0000][1][safepoint    ] Total time for which application threads were stopped: 0.0005374 seconds, Stopping threads took: 0.0001762 seconds
[2022-06-13T03:24:45.406+0000][1][safepoint    ] Application time: 0.0714950 seconds
[2022-06-13T03:24:45.406+0000][1][safepoint    ] Entering safepoint region: GenCollectForAllocation
[2022-06-13T03:24:45.407+0000][1][gc,start     ] GC(0) Pause Young (Allocation Failure)
[2022-06-13T03:24:45.407+0000][1][gc,task      ] GC(0) Using 5 workers of 13 for evacuation
[2022-06-13T03:24:45.413+0000][1][gc,age       ] GC(0) Desired survivor size 4456448 bytes, new threshold 1 (max threshold 6)
[2022-06-13T03:24:45.414+0000][1][gc,age       ] GC(0) Age table with threshold 1 (max threshold 6)
[2022-06-13T03:24:45.414+0000][1][gc,age       ] GC(0) - age   1:    6364976 bytes,    6364976 total
[2022-06-13T03:24:45.414+0000][1][gc,heap      ] GC(0) ParNew: 69952K->6295K(78656K)
[2022-06-13T03:24:45.414+0000][1][gc,heap      ] GC(0) CMS: 0K->0K(174784K)
[2022-06-13T03:24:45.414+0000][1][gc,metaspace ] GC(0) Metaspace: 12394K->12394K(1060864K)
[2022-06-13T03:24:45.414+0000][1][gc           ] GC(0) Pause Young (Allocation Failure) 68M->6M(247M) 7.865ms
[2022-06-13T03:24:45.415+0000][1][gc,cpu       ] GC(0) User=0.03s Sys=0.00s Real=0.01s
[2022-06-13T03:24:45.415+0000][1][safepoint    ] Leaving safepoint region
[2022-06-13T03:24:45.415+0000][1][safepoint    ] Total time for which application threads were stopped: 0.0085583 seconds, Stopping threads took: 0.0001727 seconds
[2022-06-13T03:24:45.415+0000][1][safepoint    ] Application time: 0.0003793 seconds
[2022-06-13T03:24:45.416+0000][1][safepoint    ] Entering safepoint region: RevokeBias
[2022-06-13T03:24:45.416+0000][1][safepoint    ] Leaving safepoint region
[2022-06-13T03:24:45.416+0000][1][safepoint    ] Total time for which application threads were stopped: 0.0004142 seconds, Stopping threads took: 0.0002186 seconds
[2022-06-13T03:24:45.416+0000][1][safepoint    ] Application time: 0.0000932 seconds
[2022-06-13T03:24:45.416+0000][1][safepoint    ] Entering safepoint region: RevokeBias
[2022-06-13T03:24:45.416+0000][1][safepoint    ] Leaving safepoint region
[2022-06-13T03:24:45.417+0000][1][safepoint    ] Total time for which application threads were stopped: 0.0003377 seconds, Stopping threads took: 0.0001403 seconds
[2022-06-13T03:24:45.417+0000][1][safepoint    ] Application time: 0.0001246 seconds
[2022-06-13T03:24:45.417+0000][1][safepoint    ] Entering safepoint region: RevokeBias
[2022-06-13T03:24:45.417+0000][1][safepoint    ] Leaving safepoint region
[2022-06-13T03:24:45.418+0000][1][safepoint    ] Total time for which application threads were stopped: 0.0004903 seconds, Stopping threads took: 0.0003113 seconds
[2022-06-13T03:24:45.418+0000][1][safepoint    ] Application time: 0.0000667 seconds
[2022-06-13T03:24:45.418+0000][1][safepoint    ] Entering safepoint region: RevokeBias
[2022-06-13T03:24:45.418+0000][1][safepoint    ] Leaving safepoint region
[2022-06-13T03:24:45.418+0000][1][safepoint    ] Total time for which application threads were stopped: 0.0002985 seconds, Stopping threads took: 0.0001387 seconds
[2022-06-13T03:24:45.418+0000][1][safepoint    ] Application time: 0.0001006 seconds
[2022-06-13T03:24:45.419+0000][1][safepoint    ] Entering safepoint region: RevokeBias
[2022-06-13T03:24:45.419+0000][1][safepoint    ] Leaving safepoint region
[2022-06-13T03:24:45.419+0000][1][safepoint    ] Total time for which application threads were stopped: 0.0003453 seconds, Stopping threads took: 0.0001515 seconds
[2022-06-13T03:24:45.419+0000][1][safepoint    ] Application time: 0.0001048 seconds
[2022-06-13T03:24:45.419+0000][1][safepoint    ] Entering safepoint region: RevokeBias
[2022-06-13T03:24:45.419+0000][1][safepoint    ] Leaving safepoint region
[2022-06-13T03:24:45.420+0000][1][safepoint    ] Total time for which application threads were stopped: 0.0002895 seconds, Stopping threads took: 0.0001440 seconds
[2022-06-13T03:24:45.420+0000][1][safepoint    ] Application time: 0.0001039 seconds
[2022-06-13T03:24:45.420+0000][1][safepoint    ] Entering safepoint region: RevokeBias
[2022-06-13T03:24:45.420+0000][1][safepoint    ] Leaving safepoint region
[2022-06-13T03:24:45.420+0000][1][safepoint    ] Total time for which application threads were stopped: 0.0003093 seconds, Stopping threads took: 0.0001450 seconds
[2022-06-13T03:24:45.421+0000][1][safepoint    ] Application time: 0.0000996 seconds
[2022-06-13T03:24:45.421+0000][1][safepoint    ] Entering safepoint region: RevokeBias
[2022-06-13T03:24:45.421+0000][1][safepoint    ] Leaving safepoint region
[2022-06-13T03:24:45.422+0000][1][safepoint    ] Total time for which application threads were stopped: 0.0011164 seconds, Stopping threads took: 0.0005172 seconds
[2022-06-13T03:24:45.422+0000][1][safepoint    ] Application time: 0.0001192 seconds
[2022-06-13T03:24:45.423+0000][1][safepoint    ] Entering safepoint region: RevokeBias
[2022-06-13T03:24:45.423+0000][1][safepoint    ] Leaving safepoint region
[2022-06-13T03:24:45.423+0000][1][safepoint    ] Total time for which application threads were stopped: 0.0004316 seconds, Stopping threads took: 0.0001707 seconds
[2022-06-13T03:24:45.423+0000][1][safepoint    ] Application time: 0.0000950 seconds
[2022-06-13T03:24:45.424+0000][1][safepoint    ] Entering safepoint region: RevokeBias
[2022-06-13T03:24:45.424+0000][1][safepoint    ] Leaving safepoint region
[2022-06-13T03:24:45.424+0000][1][safepoint    ] Total time for which application threads were stopped: 0.0003364 seconds, Stopping threads took: 0.0001656 seconds
[2022-06-13T03:24:45.424+0000][1][safepoint    ] Application time: 0.0001160 seconds
[2022-06-13T03:24:45.424+0000][1][safepoint    ] Entering safepoint region: RevokeBias
[2022-06-13T03:24:45.425+0000][1][safepoint    ] Leaving safepoint region
[2022-06-13T03:24:45.425+0000][1][safepoint    ] Total time for which application threads were stopped: 0.0008957 seconds, Stopping threads took: 0.0006828 seconds
[2022-06-13T03:24:45.427+0000][1][safepoint    ] Application time: 0.0004124 seconds
[2022-06-13T03:24:45.430+0000][1][safepoint    ] Entering safepoint region: RevokeBias
[2022-06-13T03:24:45.431+0000][1][safepoint    ] Leaving safepoint region
[2022-06-13T03:24:45.431+0000][1][safepoint    ] Total time for which application threads were stopped: 0.0007352 seconds, Stopping threads took: 0.0004460 seconds
[2022-06-13T03:24:45.431+0000][1][safepoint    ] Application time: 0.0001576 seconds
[2022-06-13T03:24:45.431+0000][1][safepoint    ] Entering safepoint region: RevokeBias
[2022-06-13T03:24:45.432+0000][1][safepoint    ] Leaving safepoint region
[2022-06-13T03:24:45.432+0000][1][safepoint    ] Total time for which application threads were stopped: 0.0003179 seconds, Stopping threads took: 0.0001227 seconds
[2022-06-13T03:24:45.432+0000][1][safepoint    ] Application time: 0.0001018 seconds
[2022-06-13T03:24:45.432+0000][1][safepoint    ] Entering safepoint region: RevokeBias
[2022-06-13T03:24:45.433+0000][1][safepoint    ] Leaving safepoint region
[2022-06-13T03:24:45.433+0000][1][safepoint    ] Total time for which application threads were stopped: 0.0005153 seconds, Stopping threads took: 0.0003082 seconds
[2022-06-13T03:24:45.433+0000][1][safepoint    ] Application time: 0.0003849 seconds
[2022-06-13T03:24:45.433+0000][1][safepoint    ] Entering safepoint region: RevokeBias
[2022-06-13T03:24:45.434+0000][1][safepoint    ] Leaving safepoint region
[2022-06-13T03:24:45.434+0000][1][safepoint    ] Total time for which application threads were stopped: 0.0003864 seconds, Stopping threads took: 0.0001756 seconds
[2022-06-13T03:24:45.434+0000][1][safepoint    ] Application time: 0.0000904 seconds
[2022-06-13T03:24:45.434+0000][1][safepoint    ] Entering safepoint region: RevokeBias
[2022-06-13T03:24:45.434+0000][1][safepoint    ] Leaving safepoint region
[2022-06-13T03:24:45.434+0000][1][safepoint    ] Total time for which application threads were stopped: 0.0003465 seconds, Stopping threads took: 0.0001961 seconds
[2022-06-13T03:24:45.435+0000][1][safepoint    ] Application time: 0.0001269 seconds
[2022-06-13T03:24:45.435+0000][1][safepoint    ] Entering safepoint region: RevokeBias
[2022-06-13T03:24:45.435+0000][1][safepoint    ] Leaving safepoint region
[2022-06-13T03:24:45.435+0000][1][safepoint    ] Total time for which application threads were stopped: 0.0003523 seconds, Stopping threads took: 0.0001977 seconds
[2022-06-13T03:24:45.435+0000][1][safepoint    ] Application time: 0.0000831 seconds
[2022-06-13T03:24:45.436+0000][1][safepoint    ] Entering safepoint region: RevokeBias
[2022-06-13T03:24:45.436+0000][1][safepoint    ] Leaving safepoint region
[2022-06-13T03:24:45.436+0000][1][safepoint    ] Total time for which application threads were stopped: 0.0003867 seconds, Stopping threads took: 0.0001519 seconds
[2022-06-13T03:24:45.436+0000][1][safepoint    ] Application time: 0.0001230 seconds
[2022-06-13T03:24:45.436+0000][1][safepoint    ] Entering safepoint region: RevokeBias
[2022-06-13T03:24:45.437+0000][1][safepoint    ] Leaving safepoint region
[2022-06-13T03:24:45.437+0000][1][safepoint    ] Total time for which application threads were stopped: 0.0003833 seconds, Stopping threads took: 0.0001867 seconds
[2022-06-13T03:24:45.437+0000][1][safepoint    ] Application time: 0.0000736 seconds
[2022-06-13T03:24:45.437+0000][1][safepoint    ] Entering safepoint region: RevokeBias
[2022-06-13T03:24:45.437+0000][1][safepoint    ] Leaving safepoint region
[2022-06-13T03:24:45.437+0000][1][safepoint    ] Total time for which application threads were stopped: 0.0002692 seconds, Stopping threads took: 0.0001111 seconds
[2022-06-13T03:24:45.438+0000][1][safepoint    ] Application time: 0.0000761 seconds
[2022-06-13T03:24:45.438+0000][1][safepoint    ] Entering safepoint region: RevokeBias
[2022-06-13T03:24:45.438+0000][1][safepoint    ] Leaving safepoint region
[2022-06-13T03:24:45.438+0000][1][safepoint    ] Total time for which application threads were stopped: 0.0002580 seconds, Stopping threads took: 0.0001035 seconds
[2022-06-13T03:24:45.438+0000][1][safepoint    ] Application time: 0.0000689 seconds
[2022-06-13T03:24:45.438+0000][1][safepoint    ] Entering safepoint region: RevokeBias
[2022-06-13T03:24:45.438+0000][1][safepoint    ] Leaving safepoint region
[2022-06-13T03:24:45.439+0000][1][safepoint    ] Total time for which application threads were stopped: 0.0003073 seconds, Stopping threads took: 0.0001333 seconds
[2022-06-13T03:24:45.439+0000][1][safepoint    ] Application time: 0.0000706 seconds
[2022-06-13T03:24:45.439+0000][1][safepoint    ] Entering safepoint region: RevokeBias
[2022-06-13T03:24:45.439+0000][1][safepoint    ] Leaving safepoint region
[2022-06-13T03:24:45.439+0000][1][safepoint    ] Total time for which application threads were stopped: 0.0003313 seconds, Stopping threads took: 0.0001730 seconds
[2022-06-13T03:24:45.439+0000][1][safepoint    ] Application time: 0.0000714 seconds
[2022-06-13T03:24:45.440+0000][1][safepoint    ] Entering safepoint region: RevokeBias
[2022-06-13T03:24:45.440+0000][1][safepoint    ] Leaving safepoint region
[2022-06-13T03:24:45.440+0000][1][safepoint    ] Total time for which application threads were stopped: 0.0004964 seconds, Stopping threads took: 0.0002897 seconds
[2022-06-13T03:24:45.440+0000][1][safepoint    ] Application time: 0.0000883 seconds
[2022-06-13T03:24:45.440+0000][1][safepoint    ] Entering safepoint region: RevokeBias
[2022-06-13T03:24:45.441+0000][1][safepoint    ] Leaving safepoint region
[2022-06-13T03:24:45.441+0000][1][safepoint    ] Total time for which application threads were stopped: 0.0003397 seconds, Stopping threads took: 0.0001486 seconds
[2022-06-13T03:24:45.441+0000][1][safepoint    ] Application time: 0.0000814 seconds
[2022-06-13T03:24:45.441+0000][1][safepoint    ] Entering safepoint region: RevokeBias
[2022-06-13T03:24:45.441+0000][1][safepoint    ] Leaving safepoint region
[2022-06-13T03:24:45.441+0000][1][safepoint    ] Total time for which application threads were stopped: 0.0003138 seconds, Stopping threads took: 0.0001311 seconds
[2022-06-13T03:24:45.442+0000][1][safepoint    ] Application time: 0.0001599 seconds
[2022-06-13T03:24:45.442+0000][1][safepoint    ] Entering safepoint region: RevokeBias
[2022-06-13T03:24:45.442+0000][1][safepoint    ] Leaving safepoint region
[2022-06-13T03:24:45.442+0000][1][safepoint    ] Total time for which application threads were stopped: 0.0003656 seconds, Stopping threads took: 0.0001689 seconds
[2022-06-13T03:24:45.442+0000][1][safepoint    ] Application time: 0.0000775 seconds
[2022-06-13T03:24:45.443+0000][1][safepoint    ] Entering safepoint region: RevokeBias
[2022-06-13T03:24:45.443+0000][1][safepoint    ] Leaving safepoint region
[2022-06-13T03:24:45.443+0000][1][safepoint    ] Total time for which application threads were stopped: 0.0004267 seconds, Stopping threads took: 0.0002127 seconds
[2022-06-13T03:24:45.444+0000][1][safepoint    ] Application time: 0.0012077 seconds
[2022-06-13T03:24:45.444+0000][1][safepoint    ] Entering safepoint region: RevokeBias
[2022-06-13T03:24:45.445+0000][1][safepoint    ] Leaving safepoint region
[2022-06-13T03:24:45.445+0000][1][safepoint    ] Total time for which application threads were stopped: 0.0003253 seconds, Stopping threads took: 0.0001295 seconds
[2022-06-13T03:24:45.571+0000][1][safepoint    ] Application time: 0.1263694 seconds
[2022-06-13T03:24:45.571+0000][1][safepoint    ] Entering safepoint region: Deoptimize
[2022-06-13T03:24:45.572+0000][1][safepoint    ] Leaving safepoint region
[2022-06-13T03:24:45.572+0000][1][safepoint    ] Total time for which application threads were stopped: 0.0006832 seconds, Stopping threads took: 0.0001531 seconds
[2022-06-13T03:24:45.710+0000][1][safepoint    ] Application time: 0.1377282 seconds
[2022-06-13T03:24:45.710+0000][1][safepoint    ] Entering safepoint region: RevokeBias
[2022-06-13T03:24:45.711+0000][1][safepoint    ] Leaving safepoint region
[2022-06-13T03:24:45.711+0000][1][safepoint    ] Total time for which application threads were stopped: 0.0005907 seconds, Stopping threads took: 0.0002247 seconds
[2022-06-13T03:24:45.778+0000][1][safepoint    ] Application time: 0.0669073 seconds
[2022-06-13T03:24:45.779+0000][1][safepoint    ] Entering safepoint region: RevokeBias
[2022-06-13T03:24:45.779+0000][1][safepoint    ] Leaving safepoint region
[2022-06-13T03:24:45.780+0000][1][safepoint    ] Total time for which application threads were stopped: 0.0006580 seconds, Stopping threads took: 0.0002728 seconds
[2022-06-13T03:24:45.782+0000][1][safepoint    ] Application time: 0.0018748 seconds
[2022-06-13T03:24:45.782+0000][1][safepoint    ] Entering safepoint region: RevokeBias
[2022-06-13T03:24:45.782+0000][1][safepoint    ] Leaving safepoint region
[2022-06-13T03:24:45.782+0000][1][safepoint    ] Total time for which application threads were stopped: 0.0002448 seconds, Stopping threads took: 0.0001011 seconds
[2022-06-13T03:24:45.804+0000][1][safepoint    ] Application time: 0.0212952 seconds
[2022-06-13T03:24:45.804+0000][1][safepoint    ] Entering safepoint region: GenCollectForAllocation
[2022-06-13T03:24:45.804+0000][1][gc,start     ] GC(1) Pause Young (Allocation Failure)
[2022-06-13T03:24:45.804+0000][1][gc,task      ] GC(1) Using 5 workers of 13 for evacuation
[2022-06-13T03:24:45.817+0000][1][gc,age       ] GC(1) Desired survivor size 4456448 bytes, new threshold 6 (max threshold 6)
[2022-06-13T03:24:45.817+0000][1][gc,age       ] GC(1) Age table with threshold 6 (max threshold 6)
[2022-06-13T03:24:45.817+0000][1][gc,age       ] GC(1) - age   1:    2509016 bytes,    2509016 total
[2022-06-13T03:24:45.817+0000][1][gc,heap      ] GC(1) ParNew: 76247K->4531K(78656K)
[2022-06-13T03:24:45.817+0000][1][gc,heap      ] GC(1) CMS: 0K->6693K(174784K)
[2022-06-13T03:24:45.817+0000][1][gc,metaspace ] GC(1) Metaspace: 14879K->14879K(1062912K)
[2022-06-13T03:24:45.817+0000][1][gc           ] GC(1) Pause Young (Allocation Failure) 74M->10M(247M) 13.468ms
[2022-06-13T03:24:45.818+0000][1][gc,cpu       ] GC(1) User=0.06s Sys=0.00s Real=0.01s
[2022-06-13T03:24:45.818+0000][1][safepoint    ] Leaving safepoint region
[2022-06-13T03:24:45.818+0000][1][safepoint    ] Total time for which application threads were stopped: 0.0140617 seconds, Stopping threads took: 0.0001466 seconds
[2022-06-13T03:24:45.818+0000][1][safepoint    ] Application time: 0.0004776 seconds
[2022-06-13T03:24:45.819+0000][1][safepoint    ] Entering safepoint region: BulkRevokeBias
[2022-06-13T03:24:45.819+0000][1][safepoint    ] Leaving safepoint region
[2022-06-13T03:24:45.819+0000][1][safepoint    ] Total time for which application threads were stopped: 0.0003525 seconds, Stopping threads took: 0.0001672 seconds
[2022-06-13T03:24:45.819+0000][1][safepoint    ] Application time: 0.0001200 seconds
[2022-06-13T03:24:45.819+0000][1][safepoint    ] Entering safepoint region: RevokeBias
[2022-06-13T03:24:45.819+0000][1][safepoint    ] Leaving safepoint region
[2022-06-13T03:24:45.820+0000][1][safepoint    ] Total time for which application threads were stopped: 0.0002306 seconds, Stopping threads took: 0.0001003 seconds
[2022-06-13T03:24:45.820+0000][1][safepoint    ] Application time: 0.0000878 seconds
[2022-06-13T03:24:45.820+0000][1][safepoint    ] Entering safepoint region: RevokeBias
[2022-06-13T03:24:45.820+0000][1][safepoint    ] Leaving safepoint region
[2022-06-13T03:24:45.820+0000][1][safepoint    ] Total time for which application threads were stopped: 0.0002563 seconds, Stopping threads took: 0.0001182 seconds
[2022-06-13T03:24:45.820+0000][1][safepoint    ] Application time: 0.0000827 seconds
[2022-06-13T03:24:45.820+0000][1][safepoint    ] Entering safepoint region: RevokeBias
[2022-06-13T03:24:45.821+0000][1][safepoint    ] Leaving safepoint region
[2022-06-13T03:24:45.821+0000][1][safepoint    ] Total time for which application threads were stopped: 0.0002602 seconds, Stopping threads took: 0.0001291 seconds
[2022-06-13T03:24:45.821+0000][1][safepoint    ] Application time: 0.0001018 seconds
[2022-06-13T03:24:45.821+0000][1][safepoint    ] Entering safepoint region: RevokeBias
[2022-06-13T03:24:45.821+0000][1][safepoint    ] Leaving safepoint region
[2022-06-13T03:24:45.821+0000][1][safepoint    ] Total time for which application threads were stopped: 0.0002777 seconds, Stopping threads took: 0.0001476 seconds
[2022-06-13T03:24:45.821+0000][1][safepoint    ] Application time: 0.0000718 seconds
[2022-06-13T03:24:45.822+0000][1][safepoint    ] Entering safepoint region: RevokeBias
[2022-06-13T03:24:45.822+0000][1][safepoint    ] Leaving safepoint region
[2022-06-13T03:24:45.822+0000][1][safepoint    ] Total time for which application threads were stopped: 0.0002668 seconds, Stopping threads took: 0.0001265 seconds
[2022-06-13T03:24:45.822+0000][1][safepoint    ] Application time: 0.0000775 seconds
[2022-06-13T03:24:45.822+0000][1][safepoint    ] Entering safepoint region: RevokeBias
[2022-06-13T03:24:45.822+0000][1][safepoint    ] Leaving safepoint region
[2022-06-13T03:24:45.822+0000][1][safepoint    ] Total time for which application threads were stopped: 0.0002559 seconds, Stopping threads took: 0.0001141 seconds
[2022-06-13T03:24:45.823+0000][1][safepoint    ] Application time: 0.0000874 seconds
[2022-06-13T03:24:45.823+0000][1][safepoint    ] Entering safepoint region: RevokeBias
[2022-06-13T03:24:45.823+0000][1][safepoint    ] Leaving safepoint region
[2022-06-13T03:24:45.823+0000][1][safepoint    ] Total time for which application threads were stopped: 0.0002770 seconds, Stopping threads took: 0.0001547 seconds
[2022-06-13T03:24:45.823+0000][1][safepoint    ] Application time: 0.0000892 seconds
[2022-06-13T03:24:45.823+0000][1][safepoint    ] Entering safepoint region: BulkRevokeBias
[2022-06-13T03:24:45.823+0000][1][safepoint    ] Leaving safepoint region
[2022-06-13T03:24:45.823+0000][1][safepoint    ] Total time for which application threads were stopped: 0.0002891 seconds, Stopping threads took: 0.0001456 seconds
[2022-06-13T03:24:45.824+0000][1][safepoint    ] Application time: 0.0000953 seconds
[2022-06-13T03:24:45.824+0000][1][safepoint    ] Entering safepoint region: RevokeBias
[2022-06-13T03:24:45.824+0000][1][safepoint    ] Leaving safepoint region
[2022-06-13T03:24:45.824+0000][1][safepoint    ] Total time for which application threads were stopped: 0.0003004 seconds, Stopping threads took: 0.0001685 seconds
[2022-06-13T03:24:45.824+0000][1][safepoint    ] Application time: 0.0000804 seconds
[2022-06-13T03:24:45.824+0000][1][safepoint    ] Entering safepoint region: BulkRevokeBias
[2022-06-13T03:24:45.825+0000][1][safepoint    ] Leaving safepoint region
[2022-06-13T03:24:45.825+0000][1][safepoint    ] Total time for which application threads were stopped: 0.0003367 seconds, Stopping threads took: 0.0001442 seconds
[2022-06-13T03:24:45.916+0000][1][safepoint    ] Application time: 0.0913625 seconds
[2022-06-13T03:24:45.916+0000][1][safepoint    ] Entering safepoint region: GenCollectForAllocation
[2022-06-13T03:24:45.917+0000][1][gc,start     ] GC(2) Pause Young (Allocation Failure)
[2022-06-13T03:24:45.917+0000][1][gc,task      ] GC(2) Using 5 workers of 13 for evacuation
[2022-06-13T03:24:45.920+0000][1][gc,age       ] GC(2) Desired survivor size 4456448 bytes, new threshold 6 (max threshold 6)
[2022-06-13T03:24:45.920+0000][1][gc,age       ] GC(2) Age table with threshold 6 (max threshold 6)
[2022-06-13T03:24:45.920+0000][1][gc,age       ] GC(2) - age   1:    2816920 bytes,    2816920 total
[2022-06-13T03:24:45.920+0000][1][gc,age       ] GC(2) - age   2:    1146264 bytes,    3963184 total
[2022-06-13T03:24:45.921+0000][1][gc,heap      ] GC(2) ParNew: 74483K->4843K(78656K)
[2022-06-13T03:24:45.921+0000][1][gc,heap      ] GC(2) CMS: 6693K->6693K(174784K)
[2022-06-13T03:24:45.921+0000][1][gc,metaspace ] GC(2) Metaspace: 15019K->15019K(1062912K)
[2022-06-13T03:24:45.921+0000][1][gc           ] GC(2) Pause Young (Allocation Failure) 79M->11M(247M) 4.456ms
[2022-06-13T03:24:45.921+0000][1][gc,cpu       ] GC(2) User=0.03s Sys=0.00s Real=0.01s
[2022-06-13T03:24:45.921+0000][1][safepoint    ] Leaving safepoint region
[2022-06-13T03:24:45.922+0000][1][safepoint    ] Total time for which application threads were stopped: 0.0051926 seconds, Stopping threads took: 0.0001467 seconds
[2022-06-13T03:24:45.922+0000][1][safepoint    ] Application time: 0.0003045 seconds
[2022-06-13T03:24:45.922+0000][1][safepoint    ] Entering safepoint region: RevokeBias
[2022-06-13T03:24:45.922+0000][1][safepoint    ] Leaving safepoint region
[2022-06-13T03:24:45.923+0000][1][safepoint    ] Total time for which application threads were stopped: 0.0003683 seconds, Stopping threads took: 0.0001870 seconds
[2022-06-13T03:24:45.923+0000][1][safepoint    ] Application time: 0.0001153 seconds
[2022-06-13T03:24:45.923+0000][1][safepoint    ] Entering safepoint region: RevokeBias
[2022-06-13T03:24:45.923+0000][1][safepoint    ] Leaving safepoint region
[2022-06-13T03:24:45.923+0000][1][safepoint    ] Total time for which application threads were stopped: 0.0003696 seconds, Stopping threads took: 0.0001529 seconds
[2022-06-13T03:24:45.924+0000][1][safepoint    ] Application time: 0.0001091 seconds
[2022-06-13T03:24:45.924+0000][1][safepoint    ] Entering safepoint region: RevokeBias
[2022-06-13T03:24:45.924+0000][1][safepoint    ] Leaving safepoint region
[2022-06-13T03:24:45.924+0000][1][safepoint    ] Total time for which application threads were stopped: 0.0004071 seconds, Stopping threads took: 0.0002204 seconds
[2022-06-13T03:24:45.924+0000][1][safepoint    ] Application time: 0.0000949 seconds
[2022-06-13T03:24:45.924+0000][1][safepoint    ] Entering safepoint region: RevokeBias
[2022-06-13T03:24:45.925+0000][1][safepoint    ] Leaving safepoint region
[2022-06-13T03:24:45.925+0000][1][safepoint    ] Total time for which application threads were stopped: 0.0004078 seconds, Stopping threads took: 0.0001451 seconds
[2022-06-13T03:24:45.925+0000][1][safepoint    ] Application time: 0.0000990 seconds
[2022-06-13T03:24:45.925+0000][1][safepoint    ] Entering safepoint region: RevokeBias
[2022-06-13T03:24:45.925+0000][1][safepoint    ] Leaving safepoint region
[2022-06-13T03:24:45.926+0000][1][safepoint    ] Total time for which application threads were stopped: 0.0003130 seconds, Stopping threads took: 0.0001469 seconds
[2022-06-13T03:24:45.926+0000][1][safepoint    ] Application time: 0.0001000 seconds
[2022-06-13T03:24:45.926+0000][1][safepoint    ] Entering safepoint region: RevokeBias
[2022-06-13T03:24:45.926+0000][1][safepoint    ] Leaving safepoint region
[2022-06-13T03:24:45.926+0000][1][safepoint    ] Total time for which application threads were stopped: 0.0003331 seconds, Stopping threads took: 0.0001543 seconds
[2022-06-13T03:24:46.026+0000][1][safepoint    ] Application time: 0.0997484 seconds
[2022-06-13T03:24:46.026+0000][1][safepoint    ] Entering safepoint region: Deoptimize
[2022-06-13T03:24:46.027+0000][1][safepoint    ] Leaving safepoint region
[2022-06-13T03:24:46.027+0000][1][safepoint    ] Total time for which application threads were stopped: 0.0008639 seconds, Stopping threads took: 0.0001665 seconds
[2022-06-13T03:24:46.028+0000][1][safepoint    ] Application time: 0.0007339 seconds
[2022-06-13T03:24:46.028+0000][1][safepoint    ] Entering safepoint region: Deoptimize
[2022-06-13T03:24:46.029+0000][1][safepoint    ] Leaving safepoint region
[2022-06-13T03:24:46.029+0000][1][safepoint    ] Total time for which application threads were stopped: 0.0007758 seconds, Stopping threads took: 0.0001820 seconds
[2022-06-13T03:24:46.185+0000][1][safepoint    ] Application time: 0.1558434 seconds
[2022-06-13T03:24:46.185+0000][1][safepoint    ] Entering safepoint region: GenCollectForAllocation
[2022-06-13T03:24:46.186+0000][1][gc,start     ] GC(3) Pause Young (Allocation Failure)
[2022-06-13T03:24:46.186+0000][1][gc,task      ] GC(3) Using 5 workers of 13 for evacuation
[2022-06-13T03:24:46.189+0000][1][gc,age       ] GC(3) Desired survivor size 4456448 bytes, new threshold 3 (max threshold 6)
[2022-06-13T03:24:46.189+0000][1][gc,age       ] GC(3) Age table with threshold 3 (max threshold 6)
[2022-06-13T03:24:46.189+0000][1][gc,age       ] GC(3) - age   1:    3991744 bytes,    3991744 total
[2022-06-13T03:24:46.189+0000][1][gc,age       ] GC(3) - age   2:     294704 bytes,    4286448 total
[2022-06-13T03:24:46.189+0000][1][gc,age       ] GC(3) - age   3:    1143224 bytes,    5429672 total
[2022-06-13T03:24:46.189+0000][1][gc,heap      ] GC(3) ParNew: 74795K->6743K(78656K)
[2022-06-13T03:24:46.190+0000][1][gc,heap      ] GC(3) CMS: 6693K->6693K(174784K)
[2022-06-13T03:24:46.190+0000][1][gc,metaspace ] GC(3) Metaspace: 18532K->18532K(1067008K)
[2022-06-13T03:24:46.190+0000][1][gc           ] GC(3) Pause Young (Allocation Failure) 79M->13M(247M) 4.101ms
[2022-06-13T03:24:46.190+0000][1][gc,cpu       ] GC(3) User=0.04s Sys=0.00s Real=0.01s
[2022-06-13T03:24:46.190+0000][1][safepoint    ] Leaving safepoint region
[2022-06-13T03:24:46.190+0000][1][safepoint    ] Total time for which application threads were stopped: 0.0048373 seconds, Stopping threads took: 0.0001901 seconds
[2022-06-13T03:24:46.191+0000][1][safepoint    ] Application time: 0.0002312 seconds
[2022-06-13T03:24:46.191+0000][1][safepoint    ] Entering safepoint region: RevokeBias
[2022-06-13T03:24:46.191+0000][1][safepoint    ] Leaving safepoint region
[2022-06-13T03:24:46.191+0000][1][safepoint    ] Total time for which application threads were stopped: 0.0004783 seconds, Stopping threads took: 0.0001944 seconds
[2022-06-13T03:24:46.191+0000][1][safepoint    ] Application time: 0.0000987 seconds
[2022-06-13T03:24:46.192+0000][1][safepoint    ] Entering safepoint region: RevokeBias
[2022-06-13T03:24:46.192+0000][1][safepoint    ] Leaving safepoint region
[2022-06-13T03:24:46.192+0000][1][safepoint    ] Total time for which application threads were stopped: 0.0004901 seconds, Stopping threads took: 0.0003204 seconds
[2022-06-13T03:24:46.192+0000][1][safepoint    ] Application time: 0.0000846 seconds
[2022-06-13T03:24:46.192+0000][1][safepoint    ] Entering safepoint region: RevokeBias
[2022-06-13T03:24:46.193+0000][1][safepoint    ] Leaving safepoint region
[2022-06-13T03:24:46.193+0000][1][safepoint    ] Total time for which application threads were stopped: 0.0003759 seconds, Stopping threads took: 0.0001742 seconds
[2022-06-13T03:24:46.193+0000][1][safepoint    ] Application time: 0.0000729 seconds
[2022-06-13T03:24:46.193+0000][1][safepoint    ] Entering safepoint region: RevokeBias
[2022-06-13T03:24:46.193+0000][1][safepoint    ] Leaving safepoint region
[2022-06-13T03:24:46.193+0000][1][safepoint    ] Total time for which application threads were stopped: 0.0002620 seconds, Stopping threads took: 0.0001484 seconds
[2022-06-13T03:24:46.194+0000][1][safepoint    ] Application time: 0.0000973 seconds
[2022-06-13T03:24:46.194+0000][1][safepoint    ] Entering safepoint region: RevokeBias
[2022-06-13T03:24:46.194+0000][1][safepoint    ] Leaving safepoint region
[2022-06-13T03:24:46.194+0000][1][safepoint    ] Total time for which application threads were stopped: 0.0003187 seconds, Stopping threads took: 0.0001276 seconds
[2022-06-13T03:24:46.194+0000][1][safepoint    ] Application time: 0.0000886 seconds
[2022-06-13T03:24:46.194+0000][1][safepoint    ] Entering safepoint region: RevokeBias
[2022-06-13T03:24:46.195+0000][1][safepoint    ] Leaving safepoint region
[2022-06-13T03:24:46.195+0000][1][safepoint    ] Total time for which application threads were stopped: 0.0004038 seconds, Stopping threads took: 0.0002054 seconds
[2022-06-13T03:24:46.195+0000][1][safepoint    ] Application time: 0.0000929 seconds
[2022-06-13T03:24:46.195+0000][1][safepoint    ] Entering safepoint region: RevokeBias
[2022-06-13T03:24:46.195+0000][1][safepoint    ] Leaving safepoint region
[2022-06-13T03:24:46.195+0000][1][safepoint    ] Total time for which application threads were stopped: 0.0003748 seconds, Stopping threads took: 0.0001875 seconds
[2022-06-13T03:24:46.196+0000][1][safepoint    ] Application time: 0.0000705 seconds
[2022-06-13T03:24:46.196+0000][1][safepoint    ] Entering safepoint region: RevokeBias
[2022-06-13T03:24:46.196+0000][1][safepoint    ] Leaving safepoint region
[2022-06-13T03:24:46.196+0000][1][safepoint    ] Total time for which application threads were stopped: 0.0002626 seconds, Stopping threads took: 0.0001403 seconds
[2022-06-13T03:24:46.196+0000][1][safepoint    ] Application time: 0.0000778 seconds
[2022-06-13T03:24:46.196+0000][1][safepoint    ] Entering safepoint region: RevokeBias
[2022-06-13T03:24:46.197+0000][1][safepoint    ] Leaving safepoint region
[2022-06-13T03:24:46.197+0000][1][safepoint    ] Total time for which application threads were stopped: 0.0002629 seconds, Stopping threads took: 0.0001438 seconds
[2022-06-13T03:24:46.197+0000][1][safepoint    ] Application time: 0.0000740 seconds
[2022-06-13T03:24:46.197+0000][1][safepoint    ] Entering safepoint region: RevokeBias
[2022-06-13T03:24:46.197+0000][1][safepoint    ] Leaving safepoint region
[2022-06-13T03:24:46.197+0000][1][safepoint    ] Total time for which application threads were stopped: 0.0002643 seconds, Stopping threads took: 0.0001343 seconds
[2022-06-13T03:24:46.197+0000][1][safepoint    ] Application time: 0.0000753 seconds
[2022-06-13T03:24:46.197+0000][1][safepoint    ] Entering safepoint region: RevokeBias
[2022-06-13T03:24:46.198+0000][1][safepoint    ] Leaving safepoint region
[2022-06-13T03:24:46.198+0000][1][safepoint    ] Total time for which application threads were stopped: 0.0002763 seconds, Stopping threads took: 0.0001529 seconds
[2022-06-13T03:24:46.198+0000][1][safepoint    ] Application time: 0.0000675 seconds
[2022-06-13T03:24:46.198+0000][1][safepoint    ] Entering safepoint region: RevokeBias
[2022-06-13T03:24:46.198+0000][1][safepoint    ] Leaving safepoint region
[2022-06-13T03:24:46.198+0000][1][safepoint    ] Total time for which application threads were stopped: 0.0004125 seconds, Stopping threads took: 0.0000994 seconds
[2022-06-13T03:24:46.199+0000][1][safepoint    ] Application time: 0.0000934 seconds
[2022-06-13T03:24:46.199+0000][1][safepoint    ] Entering safepoint region: RevokeBias
[2022-06-13T03:24:46.199+0000][1][safepoint    ] Leaving safepoint region
[2022-06-13T03:24:46.199+0000][1][safepoint    ] Total time for which application threads were stopped: 0.0003109 seconds, Stopping threads took: 0.0001504 seconds
[2022-06-13T03:24:46.199+0000][1][safepoint    ] Application time: 0.0000696 seconds
[2022-06-13T03:24:46.199+0000][1][safepoint    ] Entering safepoint region: RevokeBias
[2022-06-13T03:24:46.200+0000][1][safepoint    ] Leaving safepoint region
[2022-06-13T03:24:46.200+0000][1][safepoint    ] Total time for which application threads were stopped: 0.0002413 seconds, Stopping threads took: 0.0001129 seconds
[2022-06-13T03:24:46.200+0000][1][safepoint    ] Application time: 0.0000714 seconds
[2022-06-13T03:24:46.200+0000][1][safepoint    ] Entering safepoint region: RevokeBias
[2022-06-13T03:24:46.200+0000][1][safepoint    ] Leaving safepoint region
[2022-06-13T03:24:46.200+0000][1][safepoint    ] Total time for which application threads were stopped: 0.0002879 seconds, Stopping threads took: 0.0001293 seconds
[2022-06-13T03:24:46.200+0000][1][safepoint    ] Application time: 0.0000791 seconds
[2022-06-13T03:24:46.201+0000][1][safepoint    ] Entering safepoint region: RevokeBias
[2022-06-13T03:24:46.201+0000][1][safepoint    ] Leaving safepoint region
[2022-06-13T03:24:46.201+0000][1][safepoint    ] Total time for which application threads were stopped: 0.0003033 seconds, Stopping threads took: 0.0001538 seconds
[2022-06-13T03:24:46.201+0000][1][safepoint    ] Application time: 0.0000714 seconds
[2022-06-13T03:24:46.201+0000][1][safepoint    ] Entering safepoint region: RevokeBias
[2022-06-13T03:24:46.201+0000][1][safepoint    ] Leaving safepoint region
[2022-06-13T03:24:46.201+0000][1][safepoint    ] Total time for which application threads were stopped: 0.0002669 seconds, Stopping threads took: 0.0001464 seconds
[2022-06-13T03:24:46.202+0000][1][safepoint    ] Application time: 0.0001085 seconds
[2022-06-13T03:24:46.202+0000][1][safepoint    ] Entering safepoint region: RevokeBias
[2022-06-13T03:24:46.202+0000][1][safepoint    ] Leaving safepoint region
[2022-06-13T03:24:46.202+0000][1][safepoint    ] Total time for which application threads were stopped: 0.0002842 seconds, Stopping threads took: 0.0001291 seconds
[2022-06-13T03:24:46.202+0000][1][safepoint    ] Application time: 0.0000959 seconds
[2022-06-13T03:24:46.202+0000][1][safepoint    ] Entering safepoint region: RevokeBias
[2022-06-13T03:24:46.203+0000][1][safepoint    ] Leaving safepoint region
[2022-06-13T03:24:46.203+0000][1][safepoint    ] Total time for which application threads were stopped: 0.0003149 seconds, Stopping threads took: 0.0001488 seconds
[2022-06-13T03:24:46.203+0000][1][safepoint    ] Application time: 0.0000853 seconds
[2022-06-13T03:24:46.203+0000][1][safepoint    ] Entering safepoint region: RevokeBias
[2022-06-13T03:24:46.203+0000][1][safepoint    ] Leaving safepoint region
[2022-06-13T03:24:46.203+0000][1][safepoint    ] Total time for which application threads were stopped: 0.0003320 seconds, Stopping threads took: 0.0001510 seconds
[2022-06-13T03:24:46.204+0000][1][safepoint    ] Application time: 0.0000949 seconds
[2022-06-13T03:24:46.204+0000][1][safepoint    ] Entering safepoint region: RevokeBias
[2022-06-13T03:24:46.204+0000][1][safepoint    ] Leaving safepoint region
[2022-06-13T03:24:46.204+0000][1][safepoint    ] Total time for which application threads were stopped: 0.0003184 seconds, Stopping threads took: 0.0001535 seconds
[2022-06-13T03:24:46.278+0000][1][safepoint    ] Application time: 0.0734222 seconds
[2022-06-13T03:24:46.278+0000][1][safepoint    ] Entering safepoint region: GenCollectForAllocation
[2022-06-13T03:24:46.278+0000][1][gc,start     ] GC(4) Pause Young (Allocation Failure)
[2022-06-13T03:24:46.278+0000][1][gc,task      ] GC(4) Using 5 workers of 13 for evacuation
[2022-06-13T03:24:46.282+0000][1][gc,age       ] GC(4) Desired survivor size 4456448 bytes, new threshold 2 (max threshold 6)
[2022-06-13T03:24:46.282+0000][1][gc,age       ] GC(4) Age table with threshold 2 (max threshold 6)
[2022-06-13T03:24:46.283+0000][1][gc,age       ] GC(4) - age   1:    1933576 bytes,    1933576 total
[2022-06-13T03:24:46.283+0000][1][gc,age       ] GC(4) - age   2:    3329776 bytes,    5263352 total
[2022-06-13T03:24:46.283+0000][1][gc,age       ] GC(4) - age   3:     294176 bytes,    5557528 total
[2022-06-13T03:24:46.283+0000][1][gc,heap      ] GC(4) ParNew: 76695K->7870K(78656K)
[2022-06-13T03:24:46.283+0000][1][gc,heap      ] GC(4) CMS: 6693K->7827K(174784K)
[2022-06-13T03:24:46.283+0000][1][gc,metaspace ] GC(4) Metaspace: 18724K->18724K(1067008K)
[2022-06-13T03:24:46.283+0000][1][gc           ] GC(4) Pause Young (Allocation Failure) 81M->15M(247M) 5.078ms
[2022-06-13T03:24:46.283+0000][1][gc,cpu       ] GC(4) User=0.07s Sys=0.00s Real=0.01s
[2022-06-13T03:24:46.283+0000][1][safepoint    ] Leaving safepoint region
[2022-06-13T03:24:46.284+0000][1][safepoint    ] Total time for which application threads were stopped: 0.0056532 seconds, Stopping threads took: 0.0001654 seconds
[2022-06-13T03:24:46.284+0000][1][safepoint    ] Application time: 0.0001850 seconds
[2022-06-13T03:24:46.284+0000][1][safepoint    ] Entering safepoint region: RevokeBias
[2022-06-13T03:24:46.284+0000][1][safepoint    ] Leaving safepoint region
[2022-06-13T03:24:46.284+0000][1][safepoint    ] Total time for which application threads were stopped: 0.0004229 seconds, Stopping threads took: 0.0002052 seconds
[2022-06-13T03:24:46.285+0000][1][safepoint    ] Application time: 0.0000873 seconds
[2022-06-13T03:24:46.285+0000][1][safepoint    ] Entering safepoint region: RevokeBias
[2022-06-13T03:24:46.285+0000][1][safepoint    ] Leaving safepoint region
[2022-06-13T03:24:46.285+0000][1][safepoint    ] Total time for which application threads were stopped: 0.0003120 seconds, Stopping threads took: 0.0001469 seconds
[2022-06-13T03:24:46.285+0000][1][safepoint    ] Application time: 0.0000936 seconds
[2022-06-13T03:24:46.285+0000][1][safepoint    ] Entering safepoint region: RevokeBias
[2022-06-13T03:24:46.286+0000][1][safepoint    ] Leaving safepoint region
[2022-06-13T03:24:46.286+0000][1][safepoint    ] Total time for which application threads were stopped: 0.0002870 seconds, Stopping threads took: 0.0001225 seconds
[2022-06-13T03:24:46.286+0000][1][safepoint    ] Application time: 0.0000763 seconds
[2022-06-13T03:24:46.286+0000][1][safepoint    ] Entering safepoint region: RevokeBias
[2022-06-13T03:24:46.286+0000][1][safepoint    ] Leaving safepoint region
[2022-06-13T03:24:46.286+0000][1][safepoint    ] Total time for which application threads were stopped: 0.0003353 seconds, Stopping threads took: 0.0001760 seconds
[2022-06-13T03:24:46.298+0000][1][safepoint    ] Application time: 0.0118963 seconds
[2022-06-13T03:24:46.299+0000][1][safepoint    ] Entering safepoint region: Deoptimize
[2022-06-13T03:24:46.299+0000][1][safepoint    ] Leaving safepoint region
[2022-06-13T03:24:46.299+0000][1][safepoint    ] Total time for which application threads were stopped: 0.0006416 seconds, Stopping threads took: 0.0001418 seconds
[2022-06-13T03:24:46.327+0000][1][safepoint    ] Application time: 0.0278400 seconds
[2022-06-13T03:24:46.328+0000][1][safepoint    ] Entering safepoint region: Deoptimize
[2022-06-13T03:24:46.328+0000][1][safepoint    ] Leaving safepoint region
[2022-06-13T03:24:46.328+0000][1][safepoint    ] Total time for which application threads were stopped: 0.0006305 seconds, Stopping threads took: 0.0001461 seconds
[2022-06-13T03:24:46.407+0000][1][safepoint    ] Application time: 0.0789381 seconds
[2022-06-13T03:24:46.408+0000][1][safepoint    ] Entering safepoint region: GenCollectForAllocation
[2022-06-13T03:24:46.408+0000][1][gc,start     ] GC(5) Pause Young (Allocation Failure)
[2022-06-13T03:24:46.408+0000][1][gc,task      ] GC(5) Using 5 workers of 13 for evacuation
[2022-06-13T03:24:46.413+0000][1][gc,age       ] GC(5) Desired survivor size 4456448 bytes, new threshold 6 (max threshold 6)
[2022-06-13T03:24:46.414+0000][1][gc,age       ] GC(5) Age table with threshold 6 (max threshold 6)
[2022-06-13T03:24:46.414+0000][1][gc,age       ] GC(5) - age   1:    3098176 bytes,    3098176 total
[2022-06-13T03:24:46.414+0000][1][gc,age       ] GC(5) - age   2:     446808 bytes,    3544984 total
[2022-06-13T03:24:46.414+0000][1][gc,heap      ] GC(5) ParNew: 77822K->6177K(78656K)
[2022-06-13T03:24:46.414+0000][1][gc,heap      ] GC(5) CMS: 7827K->11397K(174784K)
[2022-06-13T03:24:46.415+0000][1][gc,metaspace ] GC(5) Metaspace: 19071K->19071K(1067008K)
[2022-06-13T03:24:46.415+0000][1][gc           ] GC(5) Pause Young (Allocation Failure) 83M->17M(247M) 6.848ms
[2022-06-13T03:24:46.415+0000][1][gc,cpu       ] GC(5) User=0.07s Sys=0.00s Real=0.01s
[2022-06-13T03:24:46.415+0000][1][safepoint    ] Leaving safepoint region
[2022-06-13T03:24:46.415+0000][1][safepoint    ] Total time for which application threads were stopped: 0.0075296 seconds, Stopping threads took: 0.0001596 seconds
[2022-06-13T03:24:46.415+0000][1][safepoint    ] Application time: 0.0002045 seconds
[2022-06-13T03:24:46.416+0000][1][safepoint    ] Entering safepoint region: RevokeBias
[2022-06-13T03:24:46.416+0000][1][safepoint    ] Leaving safepoint region
[2022-06-13T03:24:46.416+0000][1][safepoint    ] Total time for which application threads were stopped: 0.0003965 seconds, Stopping threads took: 0.0002184 seconds
[2022-06-13T03:24:46.416+0000][1][safepoint    ] Application time: 0.0000481 seconds
[2022-06-13T03:24:46.416+0000][1][safepoint    ] Entering safepoint region: RevokeBias
[2022-06-13T03:24:46.416+0000][1][safepoint    ] Leaving safepoint region
[2022-06-13T03:24:46.417+0000][1][safepoint    ] Total time for which application threads were stopped: 0.0002998 seconds, Stopping threads took: 0.0001300 seconds
[2022-06-13T03:24:46.417+0000][1][safepoint    ] Application time: 0.0000632 seconds
[2022-06-13T03:24:46.417+0000][1][safepoint    ] Entering safepoint region: RevokeBias
[2022-06-13T03:24:46.417+0000][1][safepoint    ] Leaving safepoint region
[2022-06-13T03:24:46.417+0000][1][safepoint    ] Total time for which application threads were stopped: 0.0003043 seconds, Stopping threads took: 0.0001486 seconds
[2022-06-13T03:24:46.417+0000][1][safepoint    ] Application time: 0.0000531 seconds
[2022-06-13T03:24:46.418+0000][1][safepoint    ] Entering safepoint region: RevokeBias
[2022-06-13T03:24:46.418+0000][1][safepoint    ] Leaving safepoint region
[2022-06-13T03:24:46.418+0000][1][safepoint    ] Total time for which application threads were stopped: 0.0002938 seconds, Stopping threads took: 0.0001480 seconds
[2022-06-13T03:24:46.418+0000][1][safepoint    ] Application time: 0.0003617 seconds
[2022-06-13T03:24:46.418+0000][1][safepoint    ] Entering safepoint region: RevokeBias
[2022-06-13T03:24:46.419+0000][1][safepoint    ] Leaving safepoint region
[2022-06-13T03:24:46.419+0000][1][safepoint    ] Total time for which application threads were stopped: 0.0003284 seconds, Stopping threads took: 0.0001414 seconds
[2022-06-13T03:24:46.420+0000][1][safepoint    ] Application time: 0.0011344 seconds
[2022-06-13T03:24:46.421+0000][1][safepoint    ] Entering safepoint region: RevokeBias
[2022-06-13T03:24:46.421+0000][1][safepoint    ] Leaving safepoint region
[2022-06-13T03:24:46.421+0000][1][safepoint    ] Total time for which application threads were stopped: 0.0003851 seconds, Stopping threads took: 0.0002217 seconds
[2022-06-13T03:24:46.499+0000][1][safepoint    ] Application time: 0.0779530 seconds
[2022-06-13T03:24:46.501+0000][1][safepoint    ] Entering safepoint region: RevokeBias
[2022-06-13T03:24:46.502+0000][1][safepoint    ] Leaving safepoint region
[2022-06-13T03:24:46.503+0000][1][safepoint    ] Total time for which application threads were stopped: 0.0032243 seconds, Stopping threads took: 0.0025410 seconds
[2022-06-13T03:24:46.504+0000][1][safepoint    ] Application time: 0.0003986 seconds
[2022-06-13T03:24:46.504+0000][1][safepoint    ] Entering safepoint region: BulkRevokeBias
[2022-06-13T03:24:46.504+0000][1][safepoint    ] Leaving safepoint region
[2022-06-13T03:24:46.504+0000][1][safepoint    ] Total time for which application threads were stopped: 0.0004487 seconds, Stopping threads took: 0.0001413 seconds
[2022-06-13T03:24:46.529+0000][1][safepoint    ] Application time: 0.0244555 seconds
[2022-06-13T03:24:46.529+0000][1][safepoint    ] Entering safepoint region: GenCollectForAllocation
[2022-06-13T03:24:46.529+0000][1][gc,start     ] GC(6) Pause Young (Allocation Failure)
[2022-06-13T03:24:46.530+0000][1][gc,task      ] GC(6) Using 5 workers of 13 for evacuation
[2022-06-13T03:24:46.532+0000][1][gc,age       ] GC(6) Desired survivor size 4456448 bytes, new threshold 3 (max threshold 6)
[2022-06-13T03:24:46.532+0000][1][gc,age       ] GC(6) Age table with threshold 3 (max threshold 6)
[2022-06-13T03:24:46.532+0000][1][gc,age       ] GC(6) - age   1:    1847384 bytes,    1847384 total
[2022-06-13T03:24:46.532+0000][1][gc,age       ] GC(6) - age   2:    2195008 bytes,    4042392 total
[2022-06-13T03:24:46.532+0000][1][gc,age       ] GC(6) - age   3:     446808 bytes,    4489200 total
[2022-06-13T03:24:46.532+0000][1][gc,heap      ] GC(6) ParNew: 76129K->5351K(78656K)
[2022-06-13T03:24:46.532+0000][1][gc,heap      ] GC(6) CMS: 11397K->11397K(174784K)
[2022-06-13T03:24:46.533+0000][1][gc,metaspace ] GC(6) Metaspace: 19378K->19378K(1067008K)
[2022-06-13T03:24:46.533+0000][1][gc           ] GC(6) Pause Young (Allocation Failure) 85M->16M(247M) 3.366ms
[2022-06-13T03:24:46.533+0000][1][gc,cpu       ] GC(6) User=0.01s Sys=0.00s Real=0.00s
[2022-06-13T03:24:46.533+0000][1][safepoint    ] Leaving safepoint region
[2022-06-13T03:24:46.533+0000][1][safepoint    ] Total time for which application threads were stopped: 0.0039800 seconds, Stopping threads took: 0.0001708 seconds
[2022-06-13T03:24:46.533+0000][1][safepoint    ] Application time: 0.0002202 seconds
[2022-06-13T03:24:46.534+0000][1][safepoint    ] Entering safepoint region: BulkRevokeBias
[2022-06-13T03:24:46.534+0000][1][safepoint    ] Leaving safepoint region
[2022-06-13T03:24:46.534+0000][1][safepoint    ] Total time for which application threads were stopped: 0.0004339 seconds, Stopping threads took: 0.0002041 seconds
[2022-06-13T03:24:46.634+0000][1][safepoint    ] Application time: 0.0998156 seconds
[2022-06-13T03:24:46.634+0000][1][safepoint    ] Entering safepoint region: CollectForMetadataAllocation
[2022-06-13T03:24:46.635+0000][1][safepoint    ] Leaving safepoint region
[2022-06-13T03:24:46.635+0000][1][safepoint    ] Total time for which application threads were stopped: 0.0004814 seconds, Stopping threads took: 0.0001661 seconds
[2022-06-13T03:24:46.648+0000][1][safepoint    ] Application time: 0.0135838 seconds
[2022-06-13T03:24:46.649+0000][1][safepoint    ] Entering safepoint region: CollectForMetadataAllocation
[2022-06-13T03:24:46.649+0000][1][safepoint    ] Leaving safepoint region
[2022-06-13T03:24:46.649+0000][1][safepoint    ] Total time for which application threads were stopped: 0.0004137 seconds, Stopping threads took: 0.0001696 seconds
[2022-06-13T03:24:46.664+0000][1][safepoint    ] Application time: 0.0147461 seconds
[2022-06-13T03:24:46.664+0000][1][safepoint    ] Entering safepoint region: GenCollectForAllocation
[2022-06-13T03:24:46.665+0000][1][gc,start     ] GC(7) Pause Young (Allocation Failure)
[2022-06-13T03:24:46.665+0000][1][gc,task      ] GC(7) Using 5 workers of 13 for evacuation
[2022-06-13T03:24:46.667+0000][1][gc,age       ] GC(7) Desired survivor size 4456448 bytes, new threshold 6 (max threshold 6)
[2022-06-13T03:24:46.667+0000][1][gc,age       ] GC(7) Age table with threshold 6 (max threshold 6)
[2022-06-13T03:24:46.667+0000][1][gc,age       ] GC(7) - age   1:     775616 bytes,     775616 total
[2022-06-13T03:24:46.667+0000][1][gc,age       ] GC(7) - age   2:    1129576 bytes,    1905192 total
[2022-06-13T03:24:46.667+0000][1][gc,age       ] GC(7) - age   3:    2193000 bytes,    4098192 total
[2022-06-13T03:24:46.667+0000][1][gc,heap      ] GC(7) ParNew: 75303K->5218K(78656K)
[2022-06-13T03:24:46.667+0000][1][gc,heap      ] GC(7) CMS: 11397K->11838K(174784K)
[2022-06-13T03:24:46.668+0000][1][gc,metaspace ] GC(7) Metaspace: 20386K->20386K(1069056K)
[2022-06-13T03:24:46.668+0000][1][gc           ] GC(7) Pause Young (Allocation Failure) 84M->16M(247M) 3.129ms
[2022-06-13T03:24:46.668+0000][1][gc,cpu       ] GC(7) User=0.01s Sys=0.00s Real=0.00s
[2022-06-13T03:24:46.668+0000][1][safepoint    ] Leaving safepoint region
[2022-06-13T03:24:46.668+0000][1][safepoint    ] Total time for which application threads were stopped: 0.0037368 seconds, Stopping threads took: 0.0001760 seconds
[2022-06-13T03:24:46.668+0000][1][safepoint    ] Application time: 0.0001757 seconds
[2022-06-13T03:24:46.669+0000][1][safepoint    ] Entering safepoint region: CMS_Initial_Mark
[2022-06-13T03:24:46.669+0000][1][gc,start     ] GC(8) Pause Initial Mark
[2022-06-13T03:24:46.669+0000][1][gc           ] GC(8) Pause Initial Mark 18M->18M(247M) 0.652ms
[2022-06-13T03:24:46.670+0000][1][gc,cpu       ] GC(8) User=0.02s Sys=0.00s Real=0.01s
[2022-06-13T03:24:46.670+0000][1][safepoint    ] Leaving safepoint region
[2022-06-13T03:24:46.670+0000][1][safepoint    ] Total time for which application threads were stopped: 0.0012558 seconds, Stopping threads took: 0.0001466 seconds
[2022-06-13T03:24:46.670+0000][1][gc           ] GC(8) Concurrent Mark
[2022-06-13T03:24:46.670+0000][1][gc,task      ] GC(8) Using 4 workers of 4 for marking
[2022-06-13T03:24:46.675+0000][1][gc           ] GC(8) Concurrent Mark 4.949ms
[2022-06-13T03:24:46.675+0000][1][gc,cpu       ] GC(8) User=0.02s Sys=0.00s Real=0.00s
[2022-06-13T03:24:46.676+0000][1][gc           ] GC(8) Concurrent Preclean
[2022-06-13T03:24:46.676+0000][1][gc           ] GC(8) Concurrent Preclean 0.809ms
[2022-06-13T03:24:46.677+0000][1][gc,cpu       ] GC(8) User=0.00s Sys=0.00s Real=0.00s
[2022-06-13T03:24:46.677+0000][1][gc           ] GC(8) Concurrent Abortable Preclean
[2022-06-13T03:24:46.728+0000][1][safepoint    ] Application time: 0.0585527 seconds
[2022-06-13T03:24:46.729+0000][1][safepoint    ] Entering safepoint region: GenCollectForAllocation
[2022-06-13T03:24:46.729+0000][1][gc,start     ] GC(9) Pause Young (Allocation Failure)
[2022-06-13T03:24:46.729+0000][1][gc,task      ] GC(9) Using 5 workers of 13 for evacuation
[2022-06-13T03:24:46.731+0000][1][gc,age       ] GC(9) Desired survivor size 4456448 bytes, new threshold 4 (max threshold 6)
[2022-06-13T03:24:46.731+0000][1][gc,age       ] GC(9) Age table with threshold 4 (max threshold 6)
[2022-06-13T03:24:46.731+0000][1][gc,age       ] GC(9) - age   1:    1047344 bytes,    1047344 total
[2022-06-13T03:24:46.731+0000][1][gc,age       ] GC(9) - age   2:     704520 bytes,    1751864 total
[2022-06-13T03:24:46.731+0000][1][gc,age       ] GC(9) - age   3:    1129480 bytes,    2881344 total
[2022-06-13T03:24:46.732+0000][1][gc,age       ] GC(9) - age   4:    2192712 bytes,    5074056 total
[2022-06-13T03:24:46.732+0000][1][gc,heap      ] GC(9) ParNew: 75170K->6675K(78656K)
[2022-06-13T03:24:46.732+0000][1][gc,heap      ] GC(9) CMS: 11838K->11838K(174784K)
[2022-06-13T03:24:46.732+0000][1][gc,metaspace ] GC(9) Metaspace: 20431K->20431K(1069056K)
[2022-06-13T03:24:46.732+0000][1][gc           ] GC(9) Pause Young (Allocation Failure) 84M->18M(247M) 3.049ms
[2022-06-13T03:24:46.732+0000][1][gc,cpu       ] GC(9) User=0.03s Sys=0.00s Real=0.01s
[2022-06-13T03:24:46.732+0000][1][safepoint    ] Leaving safepoint region
[2022-06-13T03:24:46.732+0000][1][safepoint    ] Total time for which application threads were stopped: 0.0035645 seconds, Stopping threads took: 0.0001625 seconds
[2022-06-13T03:24:46.783+0000][1][safepoint    ] Application time: 0.0504232 seconds
[2022-06-13T03:24:46.783+0000][1][safepoint    ] Entering safepoint region: GenCollectForAllocation
[2022-06-13T03:24:46.783+0000][1][gc,start     ] GC(10) Pause Young (Allocation Failure)
[2022-06-13T03:24:46.783+0000][1][gc,task      ] GC(10) Using 5 workers of 13 for evacuation
[2022-06-13T03:24:46.786+0000][1][gc,age       ] GC(10) Desired survivor size 4456448 bytes, new threshold 6 (max threshold 6)
[2022-06-13T03:24:46.786+0000][1][gc,age       ] GC(10) Age table with threshold 6 (max threshold 6)
[2022-06-13T03:24:46.786+0000][1][gc,age       ] GC(10) - age   1:     932368 bytes,     932368 total
[2022-06-13T03:24:46.787+0000][1][gc,age       ] GC(10) - age   2:     290752 bytes,    1223120 total
[2022-06-13T03:24:46.787+0000][1][gc,age       ] GC(10) - age   3:     704400 bytes,    1927520 total
[2022-06-13T03:24:46.787+0000][1][gc,age       ] GC(10) - age   4:    1129480 bytes,    3057000 total
[2022-06-13T03:24:46.787+0000][1][gc,heap      ] GC(10) ParNew: 76627K->5969K(78656K)
[2022-06-13T03:24:46.787+0000][1][gc,heap      ] GC(10) CMS: 11838K->13993K(174784K)
[2022-06-13T03:24:46.787+0000][1][gc,metaspace ] GC(10) Metaspace: 20541K->20541K(1069056K)
[2022-06-13T03:24:46.787+0000][1][gc           ] GC(10) Pause Young (Allocation Failure) 86M->19M(247M) 3.974ms
[2022-06-13T03:24:46.787+0000][1][gc,cpu       ] GC(10) User=0.02s Sys=0.00s Real=0.00s
[2022-06-13T03:24:46.787+0000][1][safepoint    ] Leaving safepoint region
[2022-06-13T03:24:46.788+0000][1][safepoint    ] Total time for which application threads were stopped: 0.0045907 seconds, Stopping threads took: 0.0001786 seconds
[2022-06-13T03:24:46.788+0000][1][gc           ] GC(8) Concurrent Abortable Preclean 111.130ms
[2022-06-13T03:24:46.788+0000][1][gc,cpu       ] GC(8) User=0.49s Sys=0.03s Real=0.11s
[2022-06-13T03:24:46.788+0000][1][safepoint    ] Application time: 0.0004086 seconds
[2022-06-13T03:24:46.788+0000][1][safepoint    ] Entering safepoint region: CMS_Final_Remark
[2022-06-13T03:24:46.788+0000][1][gc,start     ] GC(8) Pause Remark
[2022-06-13T03:24:46.794+0000][1][gc           ] GC(8) Pause Remark 20M->20M(247M) 5.536ms
[2022-06-13T03:24:46.794+0000][1][gc,cpu       ] GC(8) User=0.03s Sys=0.00s Real=0.01s
[2022-06-13T03:24:46.794+0000][1][safepoint    ] Leaving safepoint region
[2022-06-13T03:24:46.795+0000][1][safepoint    ] Total time for which application threads were stopped: 0.0062178 seconds, Stopping threads took: 0.0001532 seconds
[2022-06-13T03:24:46.795+0000][1][gc           ] GC(8) Concurrent Sweep
[2022-06-13T03:24:46.798+0000][1][gc           ] GC(8) Concurrent Sweep 3.241ms
[2022-06-13T03:24:46.798+0000][1][gc,cpu       ] GC(8) User=0.00s Sys=0.00s Real=0.00s
[2022-06-13T03:24:46.798+0000][1][gc           ] GC(8) Concurrent Reset
[2022-06-13T03:24:46.799+0000][1][gc           ] GC(8) Concurrent Reset 0.342ms
[2022-06-13T03:24:46.799+0000][1][gc,cpu       ] GC(8) User=0.00s Sys=0.00s Real=0.00s
[2022-06-13T03:24:46.799+0000][1][gc,heap      ] GC(8) Old: 11838K->13967K(174784K)
[2022-06-13T03:24:46.842+0000][1][safepoint    ] Application time: 0.0477722 seconds
[2022-06-13T03:24:46.843+0000][1][safepoint    ] Entering safepoint region: GenCollectForAllocation
[2022-06-13T03:24:46.843+0000][1][gc,start     ] GC(11) Pause Young (Allocation Failure)
[2022-06-13T03:24:46.843+0000][1][gc,task      ] GC(11) Using 5 workers of 13 for evacuation
[2022-06-13T03:24:46.846+0000][1][gc,age       ] GC(11) Desired survivor size 4456448 bytes, new threshold 5 (max threshold 6)
[2022-06-13T03:24:46.846+0000][1][gc,age       ] GC(11) Age table with threshold 5 (max threshold 6)
[2022-06-13T03:24:46.846+0000][1][gc,age       ] GC(11) - age   1:    2241056 bytes,    2241056 total
[2022-06-13T03:24:46.846+0000][1][gc,age       ] GC(11) - age   2:      99488 bytes,    2340544 total
[2022-06-13T03:24:46.846+0000][1][gc,age       ] GC(11) - age   3:     290752 bytes,    2631296 total
[2022-06-13T03:24:46.846+0000][1][gc,age       ] GC(11) - age   4:     704272 bytes,    3335568 total
[2022-06-13T03:24:46.846+0000][1][gc,age       ] GC(11) - age   5:    1129192 bytes,    4464760 total
[2022-06-13T03:24:46.846+0000][1][gc,heap      ] GC(11) ParNew: 75921K->5531K(78656K)
[2022-06-13T03:24:46.846+0000][1][gc,heap      ] GC(11) CMS: 13967K->13967K(174784K)
[2022-06-13T03:24:46.847+0000][1][gc,metaspace ] GC(11) Metaspace: 20620K->20620K(1069056K)
[2022-06-13T03:24:46.847+0000][1][gc           ] GC(11) Pause Young (Allocation Failure) 87M->19M(247M) 3.459ms
[2022-06-13T03:24:46.847+0000][1][gc,cpu       ] GC(11) User=0.01s Sys=0.00s Real=0.00s
[2022-06-13T03:24:46.847+0000][1][safepoint    ] Leaving safepoint region
[2022-06-13T03:24:46.847+0000][1][safepoint    ] Total time for which application threads were stopped: 0.0043784 seconds, Stopping threads took: 0.0001657 seconds
[2022-06-13T03:24:47.051+0000][1][safepoint    ] Application time: 0.2041564 seconds
[2022-06-13T03:24:47.052+0000][1][safepoint    ] Entering safepoint region: Deoptimize
[2022-06-13T03:24:47.052+0000][1][safepoint    ] Leaving safepoint region
[2022-06-13T03:24:47.053+0000][1][safepoint    ] Total time for which application threads were stopped: 0.0008537 seconds, Stopping threads took: 0.0001938 seconds
[2022-06-13T03:24:47.102+0000][1][safepoint    ] Application time: 0.0488740 seconds
[2022-06-13T03:24:47.102+0000][1][safepoint    ] Entering safepoint region: Deoptimize
[2022-06-13T03:24:47.102+0000][1][safepoint    ] Leaving safepoint region
[2022-06-13T03:24:47.103+0000][1][safepoint    ] Total time for which application threads were stopped: 0.0006567 seconds, Stopping threads took: 0.0001438 seconds
[2022-06-13T03:24:47.103+0000][1][safepoint    ] Application time: 0.0004297 seconds
[2022-06-13T03:24:47.103+0000][1][safepoint    ] Entering safepoint region: Deoptimize
[2022-06-13T03:24:47.104+0000][1][safepoint    ] Leaving safepoint region
[2022-06-13T03:24:47.104+0000][1][safepoint    ] Total time for which application threads were stopped: 0.0006035 seconds, Stopping threads took: 0.0001440 seconds
[2022-06-13T03:24:47.113+0000][1][safepoint    ] Application time: 0.0085852 seconds
[2022-06-13T03:24:47.113+0000][1][safepoint    ] Entering safepoint region: RevokeBias
[2022-06-13T03:24:47.113+0000][1][safepoint    ] Leaving safepoint region
[2022-06-13T03:24:47.114+0000][1][safepoint    ] Total time for which application threads were stopped: 0.0007821 seconds, Stopping threads took: 0.0004698 seconds
[2022-06-13T03:24:47.114+0000][1][safepoint    ] Application time: 0.0004979 seconds
[2022-06-13T03:24:47.114+0000][1][safepoint    ] Entering safepoint region: Deoptimize
[2022-06-13T03:24:47.115+0000][1][safepoint    ] Leaving safepoint region
[2022-06-13T03:24:47.115+0000][1][safepoint    ] Total time for which application threads were stopped: 0.0008005 seconds, Stopping threads took: 0.0001559 seconds
[2022-06-13T03:24:47.119+0000][1][safepoint    ] Application time: 0.0031079 seconds
[2022-06-13T03:24:47.119+0000][1][safepoint    ] Entering safepoint region: Deoptimize
[2022-06-13T03:24:47.119+0000][1][safepoint    ] Leaving safepoint region
[2022-06-13T03:24:47.120+0000][1][safepoint    ] Total time for which application threads were stopped: 0.0008010 seconds, Stopping threads took: 0.0002087 seconds
[2022-06-13T03:24:47.254+0000][1][safepoint    ] Application time: 0.1341100 seconds
[2022-06-13T03:24:47.259+0000][1][safepoint    ] Entering safepoint region: GenCollectForAllocation
[2022-06-13T03:24:47.260+0000][1][gc,start     ] GC(12) Pause Young (Allocation Failure)
[2022-06-13T03:24:47.260+0000][1][gc,task      ] GC(12) Using 5 workers of 13 for evacuation
[2022-06-13T03:24:47.266+0000][1][gc,age       ] GC(12) Desired survivor size 4456448 bytes, new threshold 1 (max threshold 6)
[2022-06-13T03:24:47.266+0000][1][gc,age       ] GC(12) Age table with threshold 1 (max threshold 6)
[2022-06-13T03:24:47.267+0000][1][gc,age       ] GC(12) - age   1:    4985792 bytes,    4985792 total
[2022-06-13T03:24:47.267+0000][1][gc,age       ] GC(12) - age   2:     344768 bytes,    5330560 total
[2022-06-13T03:24:47.267+0000][1][gc,age       ] GC(12) - age   3:      99192 bytes,    5429752 total
[2022-06-13T03:24:47.267+0000][1][gc,age       ] GC(12) - age   4:     290752 bytes,    5720504 total
[2022-06-13T03:24:47.267+0000][1][gc,age       ] GC(12) - age   5:     698888 bytes,    6419392 total
[2022-06-13T03:24:47.267+0000][1][gc,heap      ] GC(12) ParNew: 75483K->7856K(78656K)
[2022-06-13T03:24:47.268+0000][1][gc,heap      ] GC(12) CMS: 13967K->15075K(174784K)
[2022-06-13T03:24:47.268+0000][1][gc,metaspace ] GC(12) Metaspace: 26552K->26552K(1073152K)
[2022-06-13T03:24:47.268+0000][1][gc           ] GC(12) Pause Young (Allocation Failure) 87M->22M(247M) 8.175ms
[2022-06-13T03:24:47.268+0000][1][gc,cpu       ] GC(12) User=0.05s Sys=0.00s Real=0.01s
[2022-06-13T03:24:47.268+0000][1][safepoint    ] Leaving safepoint region
[2022-06-13T03:24:47.268+0000][1][safepoint    ] Total time for which application threads were stopped: 0.0091530 seconds, Stopping threads took: 0.0003589 seconds
[2022-06-13T03:24:47.653+0000][1][safepoint    ] Application time: 0.3845925 seconds
[2022-06-13T03:24:47.654+0000][1][safepoint    ] Entering safepoint region: Deoptimize
[2022-06-13T03:24:47.656+0000][1][safepoint    ] Leaving safepoint region
[2022-06-13T03:24:47.656+0000][1][safepoint    ] Total time for which application threads were stopped: 0.0026862 seconds, Stopping threads took: 0.0002151 seconds
[2022-06-13T03:24:47.988+0000][1][safepoint    ] Application time: 0.3295336 seconds
[2022-06-13T03:24:47.990+0000][1][safepoint    ] Entering safepoint region: RevokeBias
[2022-06-13T03:24:47.990+0000][1][safepoint    ] Leaving safepoint region
[2022-06-13T03:24:47.990+0000][1][safepoint    ] Total time for which application threads were stopped: 0.0005590 seconds, Stopping threads took: 0.0002628 seconds
[2022-06-13T03:24:48.017+0000][1][safepoint    ] Application time: 0.0263902 seconds
[2022-06-13T03:24:48.019+0000][1][safepoint    ] Entering safepoint region: GenCollectForAllocation
[2022-06-13T03:24:48.020+0000][1][gc,start     ] GC(13) Pause Young (Allocation Failure)
[2022-06-13T03:24:48.020+0000][1][gc,task      ] GC(13) Using 5 workers of 13 for evacuation
[2022-06-13T03:24:48.064+0000][1][gc,age       ] GC(13) Desired survivor size 4456448 bytes, new threshold 1 (max threshold 6)
[2022-06-13T03:24:48.065+0000][1][gc,age       ] GC(13) Age table with threshold 1 (max threshold 6)
[2022-06-13T03:24:48.065+0000][1][gc,age       ] GC(13) - age   1:    8912608 bytes,    8912608 total
[2022-06-13T03:24:48.065+0000][1][gc,heap      ] GC(13) ParNew: 77808K->8704K(78656K)
[2022-06-13T03:24:48.065+0000][1][gc,heap      ] GC(13) CMS: 15075K->26391K(174784K)
[2022-06-13T03:24:48.065+0000][1][gc,metaspace ] GC(13) Metaspace: 27139K->27139K(1075200K)
[2022-06-13T03:24:48.066+0000][1][gc           ] GC(13) Pause Young (Allocation Failure) 90M->34M(247M) 45.968ms
[2022-06-13T03:24:48.066+0000][1][gc,cpu       ] GC(13) User=0.32s Sys=0.00s Real=0.04s
[2022-06-13T03:24:48.066+0000][1][safepoint    ] Leaving safepoint region
[2022-06-13T03:24:48.066+0000][1][safepoint    ] Total time for which application threads were stopped: 0.0473777 seconds, Stopping threads took: 0.0008813 seconds
[2022-06-13T03:24:48.393+0000][1][safepoint    ] Application time: 0.3265469 seconds
[2022-06-13T03:24:48.393+0000][1][safepoint    ] Entering safepoint region: GenCollectForAllocation
[2022-06-13T03:24:48.393+0000][1][gc,start     ] GC(14) Pause Young (Allocation Failure)
[2022-06-13T03:24:48.393+0000][1][gc,task      ] GC(14) Using 5 workers of 13 for evacuation
[2022-06-13T03:24:48.411+0000][1][gc,age       ] GC(14) Desired survivor size 4456448 bytes, new threshold 1 (max threshold 6)
[2022-06-13T03:24:48.411+0000][1][gc,age       ] GC(14) Age table with threshold 1 (max threshold 6)
[2022-06-13T03:24:48.411+0000][1][gc,age       ] GC(14) - age   1:    8912640 bytes,    8912640 total
[2022-06-13T03:24:48.411+0000][1][gc,heap      ] GC(14) ParNew: 78656K->8704K(78656K)
[2022-06-13T03:24:48.412+0000][1][gc,heap      ] GC(14) CMS: 26391K->40413K(174784K)
[2022-06-13T03:24:48.412+0000][1][gc,metaspace ] GC(14) Metaspace: 27172K->27172K(1075200K)
[2022-06-13T03:24:48.412+0000][1][gc           ] GC(14) Pause Young (Allocation Failure) 102M->47M(247M) 18.816ms
[2022-06-13T03:24:48.412+0000][1][gc,cpu       ] GC(14) User=0.11s Sys=0.00s Real=0.02s
[2022-06-13T03:24:48.412+0000][1][safepoint    ] Leaving safepoint region
[2022-06-13T03:24:48.412+0000][1][safepoint    ] Total time for which application threads were stopped: 0.0193886 seconds, Stopping threads took: 0.0001552 seconds
[2022-06-13T03:24:48.705+0000][1][safepoint    ] Application time: 0.2929159 seconds
[2022-06-13T03:24:48.705+0000][1][safepoint    ] Entering safepoint region: RevokeBias
[2022-06-13T03:24:48.706+0000][1][safepoint    ] Leaving safepoint region
[2022-06-13T03:24:48.706+0000][1][safepoint    ] Total time for which application threads were stopped: 0.0003291 seconds, Stopping threads took: 0.0001262 seconds
[2022-06-13T03:24:48.713+0000][1][safepoint    ] Application time: 0.0072780 seconds
[2022-06-13T03:24:48.713+0000][1][safepoint    ] Entering safepoint region: RevokeBias
[2022-06-13T03:24:48.714+0000][1][safepoint    ] Leaving safepoint region
[2022-06-13T03:24:48.714+0000][1][safepoint    ] Total time for which application threads were stopped: 0.0002759 seconds, Stopping threads took: 0.0001261 seconds
[2022-06-13T03:24:48.820+0000][1][safepoint    ] Application time: 0.1058324 seconds
[2022-06-13T03:24:48.820+0000][1][safepoint    ] Entering safepoint region: GenCollectForAllocation
[2022-06-13T03:24:48.820+0000][1][gc,start     ] GC(15) Pause Young (Allocation Failure)
[2022-06-13T03:24:48.821+0000][1][gc,task      ] GC(15) Using 5 workers of 13 for evacuation
[2022-06-13T03:24:48.832+0000][1][gc,age       ] GC(15) Desired survivor size 4456448 bytes, new threshold 1 (max threshold 6)
[2022-06-13T03:24:48.832+0000][1][gc,age       ] GC(15) Age table with threshold 1 (max threshold 6)
[2022-06-13T03:24:48.832+0000][1][gc,age       ] GC(15) - age   1:    5983184 bytes,    5983184 total
[2022-06-13T03:24:48.833+0000][1][gc,heap      ] GC(15) ParNew: 78656K->8704K(78656K)
[2022-06-13T03:24:48.833+0000][1][gc,heap      ] GC(15) CMS: 40413K->50249K(174784K)
[2022-06-13T03:24:48.833+0000][1][gc,metaspace ] GC(15) Metaspace: 32920K->32920K(1079296K)
[2022-06-13T03:24:48.833+0000][1][gc           ] GC(15) Pause Young (Allocation Failure) 116M->57M(247M) 12.513ms
[2022-06-13T03:24:48.833+0000][1][gc,cpu       ] GC(15) User=0.08s Sys=0.01s Real=0.01s
[2022-06-13T03:24:48.833+0000][1][safepoint    ] Leaving safepoint region
[2022-06-13T03:24:48.833+0000][1][safepoint    ] Total time for which application threads were stopped: 0.0131178 seconds, Stopping threads took: 0.0002015 seconds
[2022-06-13T03:24:48.890+0000][1][safepoint    ] Application time: 0.0565604 seconds
[2022-06-13T03:24:48.890+0000][1][safepoint    ] Entering safepoint region: RevokeBias
[2022-06-13T03:24:48.890+0000][1][safepoint    ] Leaving safepoint region
[2022-06-13T03:24:48.890+0000][1][safepoint    ] Total time for which application threads were stopped: 0.0003197 seconds, Stopping threads took: 0.0001422 seconds
[2022-06-13T03:24:48.901+0000][1][safepoint    ] Application time: 0.0107161 seconds
[2022-06-13T03:24:48.901+0000][1][safepoint    ] Entering safepoint region: GenCollectForAllocation
[2022-06-13T03:24:48.902+0000][1][gc,start     ] GC(16) Pause Young (Allocation Failure)
[2022-06-13T03:24:48.902+0000][1][gc,task      ] GC(16) Using 5 workers of 13 for evacuation
[2022-06-13T03:24:48.908+0000][1][gc,age       ] GC(16) Desired survivor size 4456448 bytes, new threshold 6 (max threshold 6)
[2022-06-13T03:24:48.908+0000][1][gc,age       ] GC(16) Age table with threshold 6 (max threshold 6)
[2022-06-13T03:24:48.908+0000][1][gc,age       ] GC(16) - age   1:     279720 bytes,     279720 total
[2022-06-13T03:24:48.908+0000][1][gc,heap      ] GC(16) ParNew: 78656K->6508K(78656K)
[2022-06-13T03:24:48.908+0000][1][gc,heap      ] GC(16) CMS: 50249K->56102K(174784K)
[2022-06-13T03:24:48.908+0000][1][gc,metaspace ] GC(16) Metaspace: 33208K->33208K(1079296K)
[2022-06-13T03:24:48.908+0000][1][gc           ] GC(16) Pause Young (Allocation Failure) 125M->61M(247M) 6.474ms
[2022-06-13T03:24:48.908+0000][1][gc,cpu       ] GC(16) User=0.02s Sys=0.00s Real=0.00s
[2022-06-13T03:24:48.908+0000][1][safepoint    ] Leaving safepoint region
[2022-06-13T03:24:48.909+0000][1][safepoint    ] Total time for which application threads were stopped: 0.0070835 seconds, Stopping threads took: 0.0002275 seconds
[2022-06-13T03:24:49.020+0000][1][safepoint    ] Application time: 0.1109092 seconds
[2022-06-13T03:24:49.020+0000][1][safepoint    ] Entering safepoint region: CollectForMetadataAllocation
[2022-06-13T03:24:49.020+0000][1][safepoint    ] Leaving safepoint region
[2022-06-13T03:24:49.020+0000][1][safepoint    ] Total time for which application threads were stopped: 0.0004023 seconds, Stopping threads took: 0.0001378 seconds
[2022-06-13T03:24:49.040+0000][1][safepoint    ] Application time: 0.0200928 seconds
[2022-06-13T03:24:49.041+0000][1][safepoint    ] Entering safepoint region: CollectForMetadataAllocation
[2022-06-13T03:24:49.041+0000][1][safepoint    ] Leaving safepoint region
[2022-06-13T03:24:49.041+0000][1][safepoint    ] Total time for which application threads were stopped: 0.0003611 seconds, Stopping threads took: 0.0001528 seconds
[2022-06-13T03:24:49.051+0000][1][safepoint    ] Application time: 0.0096304 seconds
[2022-06-13T03:24:49.051+0000][1][safepoint    ] Entering safepoint region: CollectForMetadataAllocation
[2022-06-13T03:24:49.051+0000][1][safepoint    ] Leaving safepoint region
[2022-06-13T03:24:49.051+0000][1][safepoint    ] Total time for which application threads were stopped: 0.0002753 seconds, Stopping threads took: 0.0001021 seconds
[2022-06-13T03:24:49.061+0000][1][safepoint    ] Application time: 0.0100295 seconds
[2022-06-13T03:24:49.061+0000][1][safepoint    ] Entering safepoint region: CollectForMetadataAllocation
[2022-06-13T03:24:49.062+0000][1][safepoint    ] Leaving safepoint region
[2022-06-13T03:24:49.062+0000][1][safepoint    ] Total time for which application threads were stopped: 0.0003404 seconds, Stopping threads took: 0.0001323 seconds
[2022-06-13T03:24:49.075+0000][1][safepoint    ] Application time: 0.0126728 seconds
[2022-06-13T03:24:49.075+0000][1][safepoint    ] Entering safepoint region: CollectForMetadataAllocation
[2022-06-13T03:24:49.075+0000][1][safepoint    ] Leaving safepoint region
[2022-06-13T03:24:49.075+0000][1][safepoint    ] Total time for which application threads were stopped: 0.0004158 seconds, Stopping threads took: 0.0001909 seconds
[2022-06-13T03:24:49.090+0000][1][safepoint    ] Application time: 0.0145668 seconds
[2022-06-13T03:24:49.090+0000][1][safepoint    ] Entering safepoint region: CollectForMetadataAllocation
[2022-06-13T03:24:49.090+0000][1][safepoint    ] Leaving safepoint region
[2022-06-13T03:24:49.091+0000][1][safepoint    ] Total time for which application threads were stopped: 0.0004154 seconds, Stopping threads took: 0.0001459 seconds
[2022-06-13T03:24:49.102+0000][1][safepoint    ] Application time: 0.0112748 seconds
[2022-06-13T03:24:49.102+0000][1][safepoint    ] Entering safepoint region: CollectForMetadataAllocation
[2022-06-13T03:24:49.103+0000][1][safepoint    ] Leaving safepoint region
[2022-06-13T03:24:49.103+0000][1][safepoint    ] Total time for which application threads were stopped: 0.0003848 seconds, Stopping threads took: 0.0001532 seconds
[2022-06-13T03:24:49.121+0000][1][safepoint    ] Application time: 0.0183498 seconds
[2022-06-13T03:24:49.122+0000][1][safepoint    ] Entering safepoint region: CollectForMetadataAllocation
[2022-06-13T03:24:49.122+0000][1][safepoint    ] Leaving safepoint region
[2022-06-13T03:24:49.123+0000][1][safepoint    ] Total time for which application threads were stopped: 0.0012660 seconds, Stopping threads took: 0.0001759 seconds
[2022-06-13T03:24:49.135+0000][1][safepoint    ] Application time: 0.0118056 seconds
[2022-06-13T03:24:49.135+0000][1][safepoint    ] Entering safepoint region: CollectForMetadataAllocation
[2022-06-13T03:24:49.135+0000][1][safepoint    ] Leaving safepoint region
[2022-06-13T03:24:49.135+0000][1][safepoint    ] Total time for which application threads were stopped: 0.0003560 seconds, Stopping threads took: 0.0001316 seconds
[2022-06-13T03:24:49.145+0000][1][safepoint    ] Application time: 0.0094712 seconds
[2022-06-13T03:24:49.145+0000][1][safepoint    ] Entering safepoint region: RevokeBias
[2022-06-13T03:24:49.145+0000][1][safepoint    ] Leaving safepoint region
[2022-06-13T03:24:49.145+0000][1][safepoint    ] Total time for which application threads were stopped: 0.0003089 seconds, Stopping threads took: 0.0001484 seconds
[2022-06-13T03:24:49.148+0000][1][safepoint    ] Application time: 0.0024495 seconds
[2022-06-13T03:24:49.148+0000][1][safepoint    ] Entering safepoint region: CollectForMetadataAllocation
[2022-06-13T03:24:49.148+0000][1][safepoint    ] Leaving safepoint region
[2022-06-13T03:24:49.148+0000][1][safepoint    ] Total time for which application threads were stopped: 0.0003481 seconds, Stopping threads took: 0.0001180 seconds
[2022-06-13T03:24:49.149+0000][1][safepoint    ] Application time: 0.0002328 seconds
[2022-06-13T03:24:49.149+0000][1][safepoint    ] Entering safepoint region: RevokeBias
[2022-06-13T03:24:49.149+0000][1][safepoint    ] Leaving safepoint region
[2022-06-13T03:24:49.149+0000][1][safepoint    ] Total time for which application threads were stopped: 0.0003654 seconds, Stopping threads took: 0.0001646 seconds
[2022-06-13T03:24:49.154+0000][1][safepoint    ] Application time: 0.0047078 seconds
[2022-06-13T03:24:49.154+0000][1][safepoint    ] Entering safepoint region: RevokeBias
[2022-06-13T03:24:49.155+0000][1][safepoint    ] Leaving safepoint region
[2022-06-13T03:24:49.155+0000][1][safepoint    ] Total time for which application threads were stopped: 0.0003038 seconds, Stopping threads took: 0.0001347 seconds
[2022-06-13T03:24:49.162+0000][1][safepoint    ] Application time: 0.0068539 seconds
[2022-06-13T03:24:49.162+0000][1][safepoint    ] Entering safepoint region: RevokeBias
[2022-06-13T03:24:49.162+0000][1][safepoint    ] Leaving safepoint region
[2022-06-13T03:24:49.162+0000][1][safepoint    ] Total time for which application threads were stopped: 0.0003772 seconds, Stopping threads took: 0.0001554 seconds
[2022-06-13T03:24:49.171+0000][1][safepoint    ] Application time: 0.0086265 seconds
[2022-06-13T03:24:49.171+0000][1][safepoint    ] Entering safepoint region: CollectForMetadataAllocation
[2022-06-13T03:24:49.172+0000][1][safepoint    ] Leaving safepoint region
[2022-06-13T03:24:49.172+0000][1][safepoint    ] Total time for which application threads were stopped: 0.0005653 seconds, Stopping threads took: 0.0002949 seconds
[2022-06-13T03:24:49.188+0000][1][safepoint    ] Application time: 0.0161453 seconds
[2022-06-13T03:24:49.189+0000][1][safepoint    ] Entering safepoint region: CollectForMetadataAllocation
[2022-06-13T03:24:49.189+0000][1][safepoint    ] Leaving safepoint region
[2022-06-13T03:24:49.189+0000][1][safepoint    ] Total time for which application threads were stopped: 0.0004310 seconds, Stopping threads took: 0.0001575 seconds
[2022-06-13T03:24:49.197+0000][1][safepoint    ] Application time: 0.0079708 seconds
[2022-06-13T03:24:49.197+0000][1][safepoint    ] Entering safepoint region: CollectForMetadataAllocation
[2022-06-13T03:24:49.197+0000][1][safepoint    ] Leaving safepoint region
[2022-06-13T03:24:49.198+0000][1][safepoint    ] Total time for which application threads were stopped: 0.0003459 seconds, Stopping threads took: 0.0001230 seconds
[2022-06-13T03:24:49.209+0000][1][safepoint    ] Application time: 0.0117283 seconds
[2022-06-13T03:24:49.210+0000][1][safepoint    ] Entering safepoint region: CollectForMetadataAllocation
[2022-06-13T03:24:49.210+0000][1][safepoint    ] Leaving safepoint region
[2022-06-13T03:24:49.210+0000][1][safepoint    ] Total time for which application threads were stopped: 0.0002942 seconds, Stopping threads took: 0.0000958 seconds
[2022-06-13T03:24:49.219+0000][1][safepoint    ] Application time: 0.0087709 seconds
[2022-06-13T03:24:49.219+0000][1][safepoint    ] Entering safepoint region: CollectForMetadataAllocation
[2022-06-13T03:24:49.219+0000][1][safepoint    ] Leaving safepoint region
[2022-06-13T03:24:49.219+0000][1][safepoint    ] Total time for which application threads were stopped: 0.0003439 seconds, Stopping threads took: 0.0001011 seconds
[2022-06-13T03:24:49.229+0000][1][safepoint    ] Application time: 0.0094485 seconds
[2022-06-13T03:24:49.229+0000][1][safepoint    ] Entering safepoint region: CollectForMetadataAllocation
[2022-06-13T03:24:49.229+0000][1][safepoint    ] Leaving safepoint region
[2022-06-13T03:24:49.229+0000][1][safepoint    ] Total time for which application threads were stopped: 0.0005420 seconds, Stopping threads took: 0.0002116 seconds
[2022-06-13T03:24:49.239+0000][1][safepoint    ] Application time: 0.0097814 seconds
[2022-06-13T03:24:49.240+0000][1][safepoint    ] Entering safepoint region: CollectForMetadataAllocation
[2022-06-13T03:24:49.240+0000][1][safepoint    ] Leaving safepoint region
[2022-06-13T03:24:49.240+0000][1][safepoint    ] Total time for which application threads were stopped: 0.0004277 seconds, Stopping threads took: 0.0001896 seconds
[2022-06-13T03:24:49.250+0000][1][safepoint    ] Application time: 0.0099266 seconds
[2022-06-13T03:24:49.250+0000][1][safepoint    ] Entering safepoint region: CollectForMetadataAllocation
[2022-06-13T03:24:49.250+0000][1][safepoint    ] Leaving safepoint region
[2022-06-13T03:24:49.251+0000][1][safepoint    ] Total time for which application threads were stopped: 0.0003884 seconds, Stopping threads took: 0.0001412 seconds
[2022-06-13T03:24:49.263+0000][1][safepoint    ] Application time: 0.0119745 seconds
[2022-06-13T03:24:49.263+0000][1][safepoint    ] Entering safepoint region: CollectForMetadataAllocation
[2022-06-13T03:24:49.263+0000][1][safepoint    ] Leaving safepoint region
[2022-06-13T03:24:49.263+0000][1][safepoint    ] Total time for which application threads were stopped: 0.0003610 seconds, Stopping threads took: 0.0001534 seconds
[2022-06-13T03:24:49.275+0000][1][safepoint    ] Application time: 0.0112249 seconds
[2022-06-13T03:24:49.275+0000][1][safepoint    ] Entering safepoint region: CollectForMetadataAllocation
[2022-06-13T03:24:49.275+0000][1][safepoint    ] Leaving safepoint region
[2022-06-13T03:24:49.275+0000][1][safepoint    ] Total time for which application threads were stopped: 0.0003714 seconds, Stopping threads took: 0.0001502 seconds
[2022-06-13T03:24:49.284+0000][1][safepoint    ] Application time: 0.0087533 seconds
[2022-06-13T03:24:49.284+0000][1][safepoint    ] Entering safepoint region: CollectForMetadataAllocation
[2022-06-13T03:24:49.285+0000][1][safepoint    ] Leaving safepoint region
[2022-06-13T03:24:49.285+0000][1][safepoint    ] Total time for which application threads were stopped: 0.0005919 seconds, Stopping threads took: 0.0002874 seconds
[2022-06-13T03:24:49.305+0000][1][safepoint    ] Application time: 0.0193049 seconds
[2022-06-13T03:24:49.305+0000][1][safepoint    ] Entering safepoint region: CollectForMetadataAllocation
[2022-06-13T03:24:49.305+0000][1][safepoint    ] Leaving safepoint region
[2022-06-13T03:24:49.305+0000][1][safepoint    ] Total time for which application threads were stopped: 0.0003668 seconds, Stopping threads took: 0.0001513 seconds
[2022-06-13T03:24:49.323+0000][1][safepoint    ] Application time: 0.0181755 seconds
[2022-06-13T03:24:49.324+0000][1][safepoint    ] Entering safepoint region: CollectForMetadataAllocation
[2022-06-13T03:24:49.324+0000][1][safepoint    ] Leaving safepoint region
[2022-06-13T03:24:49.325+0000][1][safepoint    ] Total time for which application threads were stopped: 0.0007975 seconds, Stopping threads took: 0.0003483 seconds
[2022-06-13T03:24:49.339+0000][1][safepoint    ] Application time: 0.0139175 seconds
[2022-06-13T03:24:49.339+0000][1][safepoint    ] Entering safepoint region: CollectForMetadataAllocation
[2022-06-13T03:24:49.340+0000][1][safepoint    ] Leaving safepoint region
[2022-06-13T03:24:49.340+0000][1][safepoint    ] Total time for which application threads were stopped: 0.0004675 seconds, Stopping threads took: 0.0002348 seconds
[2022-06-13T03:24:49.356+0000][1][safepoint    ] Application time: 0.0158687 seconds
[2022-06-13T03:24:49.356+0000][1][safepoint    ] Entering safepoint region: CollectForMetadataAllocation
[2022-06-13T03:24:49.357+0000][1][safepoint    ] Leaving safepoint region
[2022-06-13T03:24:49.357+0000][1][safepoint    ] Total time for which application threads were stopped: 0.0005133 seconds, Stopping threads took: 0.0001970 seconds
[2022-06-13T03:24:49.374+0000][1][safepoint    ] Application time: 0.0173177 seconds
[2022-06-13T03:24:49.375+0000][1][safepoint    ] Entering safepoint region: CollectForMetadataAllocation
[2022-06-13T03:24:49.375+0000][1][safepoint    ] Leaving safepoint region
[2022-06-13T03:24:49.375+0000][1][safepoint    ] Total time for which application threads were stopped: 0.0003442 seconds, Stopping threads took: 0.0001331 seconds
[2022-06-13T03:24:49.376+0000][1][safepoint    ] Application time: 0.0011577 seconds
[2022-06-13T03:24:49.376+0000][1][safepoint    ] Entering safepoint region: RevokeBias
[2022-06-13T03:24:49.377+0000][1][safepoint    ] Leaving safepoint region
[2022-06-13T03:24:49.377+0000][1][safepoint    ] Total time for which application threads were stopped: 0.0002421 seconds, Stopping threads took: 0.0001154 seconds
[2022-06-13T03:24:49.377+0000][1][safepoint    ] Application time: 0.0000938 seconds
[2022-06-13T03:24:49.377+0000][1][safepoint    ] Entering safepoint region: RevokeBias
[2022-06-13T03:24:49.377+0000][1][safepoint    ] Leaving safepoint region
[2022-06-13T03:24:49.377+0000][1][safepoint    ] Total time for which application threads were stopped: 0.0002847 seconds, Stopping threads took: 0.0001532 seconds
[2022-06-13T03:24:49.387+0000][1][safepoint    ] Application time: 0.0096278 seconds
[2022-06-13T03:24:49.387+0000][1][safepoint    ] Entering safepoint region: CollectForMetadataAllocation
[2022-06-13T03:24:49.388+0000][1][safepoint    ] Leaving safepoint region
[2022-06-13T03:24:49.388+0000][1][safepoint    ] Total time for which application threads were stopped: 0.0005873 seconds, Stopping threads took: 0.0001965 seconds
[2022-06-13T03:24:49.623+0000][1][safepoint    ] Application time: 0.2348928 seconds
[2022-06-13T03:24:49.623+0000][1][safepoint    ] Entering safepoint region: CollectForMetadataAllocation
[2022-06-13T03:24:49.623+0000][1][safepoint    ] Leaving safepoint region
[2022-06-13T03:24:49.624+0000][1][safepoint    ] Total time for which application threads were stopped: 0.0005206 seconds, Stopping threads took: 0.0001619 seconds
[2022-06-13T03:24:49.781+0000][1][safepoint    ] Application time: 0.1569350 seconds
[2022-06-13T03:24:49.781+0000][1][safepoint    ] Entering safepoint region: CollectForMetadataAllocation
[2022-06-13T03:24:49.781+0000][1][safepoint    ] Leaving safepoint region
[2022-06-13T03:24:49.782+0000][1][safepoint    ] Total time for which application threads were stopped: 0.0009734 seconds, Stopping threads took: 0.0004155 seconds
[2022-06-13T03:24:49.799+0000][1][safepoint    ] Application time: 0.0165098 seconds
[2022-06-13T03:24:49.800+0000][1][safepoint    ] Entering safepoint region: CollectForMetadataAllocation
[2022-06-13T03:24:49.800+0000][1][safepoint    ] Leaving safepoint region
[2022-06-13T03:24:49.800+0000][1][safepoint    ] Total time for which application threads were stopped: 0.0004783 seconds, Stopping threads took: 0.0002112 seconds
[2022-06-13T03:24:49.813+0000][1][safepoint    ] Application time: 0.0123467 seconds
[2022-06-13T03:24:49.813+0000][1][safepoint    ] Entering safepoint region: GenCollectForAllocation
[2022-06-13T03:24:49.813+0000][1][gc,start     ] GC(17) Pause Young (Allocation Failure)
[2022-06-13T03:24:49.814+0000][1][gc,task      ] GC(17) Using 5 workers of 13 for evacuation
[2022-06-13T03:24:49.817+0000][1][gc,age       ] GC(17) Desired survivor size 4456448 bytes, new threshold 6 (max threshold 6)
[2022-06-13T03:24:49.817+0000][1][gc,age       ] GC(17) Age table with threshold 6 (max threshold 6)
[2022-06-13T03:24:49.818+0000][1][gc,age       ] GC(17) - age   1:    3991608 bytes,    3991608 total
[2022-06-13T03:24:49.818+0000][1][gc,age       ] GC(17) - age   2:     227752 bytes,    4219360 total
[2022-06-13T03:24:49.818+0000][1][gc,heap      ] GC(17) ParNew: 76460K->5034K(78656K)
[2022-06-13T03:24:49.818+0000][1][gc,heap      ] GC(17) CMS: 56102K->56102K(174784K)
[2022-06-13T03:24:49.819+0000][1][gc,metaspace ] GC(17) Metaspace: 42789K->42789K(1089536K)
[2022-06-13T03:24:49.819+0000][1][gc           ] GC(17) Pause Young (Allocation Failure) 129M->59M(247M) 5.662ms
[2022-06-13T03:24:49.819+0000][1][gc,cpu       ] GC(17) User=0.03s Sys=0.00s Real=0.00s
[2022-06-13T03:24:49.819+0000][1][safepoint    ] Leaving safepoint region
[2022-06-13T03:24:49.820+0000][1][safepoint    ] Total time for which application threads were stopped: 0.0069216 seconds, Stopping threads took: 0.0004035 seconds
[2022-06-13T03:24:49.820+0000][1][safepoint    ] Application time: 0.0002349 seconds
[2022-06-13T03:24:49.821+0000][1][safepoint    ] Entering safepoint region: CMS_Initial_Mark
[2022-06-13T03:24:49.821+0000][1][gc,start     ] GC(18) Pause Initial Mark
[2022-06-13T03:24:49.822+0000][1][gc           ] GC(18) Pause Initial Mark 61M->61M(247M) 1.472ms
[2022-06-13T03:24:49.823+0000][1][gc,cpu       ] GC(18) User=0.00s Sys=0.00s Real=0.00s
[2022-06-13T03:24:49.823+0000][1][safepoint    ] Leaving safepoint region
[2022-06-13T03:24:49.824+0000][1][safepoint    ] Total time for which application threads were stopped: 0.0029123 seconds, Stopping threads took: 0.0002552 seconds
[2022-06-13T03:24:49.824+0000][1][gc           ] GC(18) Concurrent Mark
[2022-06-13T03:24:49.824+0000][1][gc,task      ] GC(18) Using 4 workers of 4 for marking
[2022-06-13T03:24:49.842+0000][1][gc           ] GC(18) Concurrent Mark 18.520ms
[2022-06-13T03:24:49.843+0000][1][gc,cpu       ] GC(18) User=0.13s Sys=0.00s Real=0.02s
[2022-06-13T03:24:49.843+0000][1][gc           ] GC(18) Concurrent Preclean
[2022-06-13T03:24:49.845+0000][1][gc           ] GC(18) Concurrent Preclean 1.693ms
[2022-06-13T03:24:49.846+0000][1][gc,cpu       ] GC(18) User=0.01s Sys=0.00s Real=0.00s
[2022-06-13T03:24:49.846+0000][1][gc           ] GC(18) Concurrent Abortable Preclean
[2022-06-13T03:24:49.878+0000][1][safepoint    ] Application time: 0.0546992 seconds
[2022-06-13T03:24:49.879+0000][1][safepoint    ] Entering safepoint region: RevokeBias
[2022-06-13T03:24:49.879+0000][1][safepoint    ] Leaving safepoint region
[2022-06-13T03:24:49.879+0000][1][safepoint    ] Total time for which application threads were stopped: 0.0004425 seconds, Stopping threads took: 0.0001926 seconds
[2022-06-13T03:24:49.920+0000][1][safepoint    ] Application time: 0.0407415 seconds
[2022-06-13T03:24:49.921+0000][1][safepoint    ] Entering safepoint region: CollectForMetadataAllocation
[2022-06-13T03:24:49.921+0000][1][safepoint    ] Leaving safepoint region
[2022-06-13T03:24:49.921+0000][1][safepoint    ] Total time for which application threads were stopped: 0.0006927 seconds, Stopping threads took: 0.0003127 seconds
[2022-06-13T03:24:49.943+0000][1][safepoint    ] Application time: 0.0211204 seconds
[2022-06-13T03:24:49.943+0000][1][safepoint    ] Entering safepoint region: CollectForMetadataAllocation
[2022-06-13T03:24:49.943+0000][1][safepoint    ] Leaving safepoint region
[2022-06-13T03:24:49.944+0000][1][safepoint    ] Total time for which application threads were stopped: 0.0004377 seconds, Stopping threads took: 0.0001501 seconds
[2022-06-13T03:24:49.953+0000][1][safepoint    ] Application time: 0.0092800 seconds
[2022-06-13T03:24:49.953+0000][1][safepoint    ] Entering safepoint region: CollectForMetadataAllocation
[2022-06-13T03:24:49.954+0000][1][safepoint    ] Leaving safepoint region
[2022-06-13T03:24:49.954+0000][1][safepoint    ] Total time for which application threads were stopped: 0.0004953 seconds, Stopping threads took: 0.0002017 seconds
[2022-06-13T03:24:49.981+0000][1][safepoint    ] Application time: 0.0266693 seconds
[2022-06-13T03:24:49.981+0000][1][safepoint    ] Entering safepoint region: CollectForMetadataAllocation
[2022-06-13T03:24:49.981+0000][1][safepoint    ] Leaving safepoint region
[2022-06-13T03:24:49.981+0000][1][safepoint    ] Total time for which application threads were stopped: 0.0003945 seconds, Stopping threads took: 0.0001453 seconds
[2022-06-13T03:24:50.003+0000][1][safepoint    ] Application time: 0.0216463 seconds
[2022-06-13T03:24:50.003+0000][1][safepoint    ] Entering safepoint region: Deoptimize
[2022-06-13T03:24:50.004+0000][1][safepoint    ] Leaving safepoint region
[2022-06-13T03:24:50.004+0000][1][safepoint    ] Total time for which application threads were stopped: 0.0007669 seconds, Stopping threads took: 0.0001479 seconds
[2022-06-13T03:24:50.013+0000][1][safepoint    ] Application time: 0.0087266 seconds
[2022-06-13T03:24:50.013+0000][1][safepoint    ] Entering safepoint region: RevokeBias
[2022-06-13T03:24:50.014+0000][1][safepoint    ] Leaving safepoint region
[2022-06-13T03:24:50.014+0000][1][safepoint    ] Total time for which application threads were stopped: 0.0003687 seconds, Stopping threads took: 0.0001893 seconds
[2022-06-13T03:24:50.017+0000][1][safepoint    ] Application time: 0.0026090 seconds
[2022-06-13T03:24:50.017+0000][1][safepoint    ] Entering safepoint region: CollectForMetadataAllocation
[2022-06-13T03:24:50.017+0000][1][safepoint    ] Leaving safepoint region
[2022-06-13T03:24:50.017+0000][1][safepoint    ] Total time for which application threads were stopped: 0.0003386 seconds, Stopping threads took: 0.0001217 seconds
[2022-06-13T03:24:50.035+0000][1][gc           ] GC(18) Concurrent Abortable Preclean 188.735ms
[2022-06-13T03:24:50.035+0000][1][gc,cpu       ] GC(18) User=1.19s Sys=0.02s Real=0.19s
[2022-06-13T03:24:50.035+0000][1][safepoint    ] Application time: 0.0180456 seconds
[2022-06-13T03:24:50.035+0000][1][safepoint    ] Entering safepoint region: CMS_Final_Remark
[2022-06-13T03:24:50.036+0000][1][gc,start     ] GC(18) Pause Remark
[2022-06-13T03:24:50.051+0000][1][gc           ] GC(18) Pause Remark 94M->94M(247M) 14.937ms
[2022-06-13T03:24:50.051+0000][1][gc,cpu       ] GC(18) User=0.10s Sys=0.01s Real=0.02s
[2022-06-13T03:24:50.051+0000][1][safepoint    ] Leaving safepoint region
[2022-06-13T03:24:50.051+0000][1][safepoint    ] Total time for which application threads were stopped: 0.0157743 seconds, Stopping threads took: 0.0001642 seconds
[2022-06-13T03:24:50.051+0000][1][gc           ] GC(18) Concurrent Sweep
[2022-06-13T03:24:50.054+0000][1][safepoint    ] Application time: 0.0025951 seconds
[2022-06-13T03:24:50.054+0000][1][safepoint    ] Entering safepoint region: CollectForMetadataAllocation
[2022-06-13T03:24:50.055+0000][1][safepoint    ] Leaving safepoint region
[2022-06-13T03:24:50.055+0000][1][safepoint    ] Total time for which application threads were stopped: 0.0011612 seconds, Stopping threads took: 0.0004115 seconds
[2022-06-13T03:24:50.060+0000][1][safepoint    ] Application time: 0.0045445 seconds
[2022-06-13T03:24:50.060+0000][1][safepoint    ] Entering safepoint region: CollectForMetadataAllocation
[2022-06-13T03:24:50.060+0000][1][safepoint    ] Leaving safepoint region
[2022-06-13T03:24:50.061+0000][1][safepoint    ] Total time for which application threads were stopped: 0.0004737 seconds, Stopping threads took: 0.0001177 seconds
[2022-06-13T03:24:50.066+0000][1][safepoint    ] Application time: 0.0055360 seconds
[2022-06-13T03:24:50.066+0000][1][safepoint    ] Entering safepoint region: RevokeBias
[2022-06-13T03:24:50.067+0000][1][safepoint    ] Leaving safepoint region
[2022-06-13T03:24:50.067+0000][1][safepoint    ] Total time for which application threads were stopped: 0.0002798 seconds, Stopping threads took: 0.0001257 seconds
[2022-06-13T03:24:50.069+0000][1][gc           ] GC(18) Concurrent Sweep 17.432ms
[2022-06-13T03:24:50.069+0000][1][gc,cpu       ] GC(18) User=0.07s Sys=0.00s Real=0.01s
[2022-06-13T03:24:50.069+0000][1][gc           ] GC(18) Concurrent Reset
[2022-06-13T03:24:50.070+0000][1][gc           ] GC(18) Concurrent Reset 0.417ms
[2022-06-13T03:24:50.070+0000][1][gc,cpu       ] GC(18) User=0.00s Sys=0.00s Real=0.00s
[2022-06-13T03:24:50.070+0000][1][gc,heap      ] GC(18) Old: 56102K->55886K(174784K)
[2022-06-13T03:24:50.073+0000][1][safepoint    ] Application time: 0.0065568 seconds
[2022-06-13T03:24:50.074+0000][1][safepoint    ] Entering safepoint region: RevokeBias
[2022-06-13T03:24:50.074+0000][1][safepoint    ] Leaving safepoint region
[2022-06-13T03:24:50.074+0000][1][safepoint    ] Total time for which application threads were stopped: 0.0002407 seconds, Stopping threads took: 0.0001101 seconds
[2022-06-13T03:24:50.077+0000][1][safepoint    ] Application time: 0.0025915 seconds
[2022-06-13T03:24:50.077+0000][1][safepoint    ] Entering safepoint region: RevokeBias
[2022-06-13T03:24:50.077+0000][1][safepoint    ] Leaving safepoint region
[2022-06-13T03:24:50.077+0000][1][safepoint    ] Total time for which application threads were stopped: 0.0002283 seconds, Stopping threads took: 0.0001042 seconds
[2022-06-13T03:24:50.168+0000][1][safepoint    ] Application time: 0.0905530 seconds
[2022-06-13T03:24:50.168+0000][1][safepoint    ] Entering safepoint region: RevokeBias
[2022-06-13T03:24:50.169+0000][1][safepoint    ] Leaving safepoint region
[2022-06-13T03:24:50.169+0000][1][safepoint    ] Total time for which application threads were stopped: 0.0008140 seconds, Stopping threads took: 0.0002934 seconds
[2022-06-13T03:24:50.169+0000][1][safepoint    ] Application time: 0.0001046 seconds
[2022-06-13T03:24:50.169+0000][1][safepoint    ] Entering safepoint region: RevokeBias
[2022-06-13T03:24:50.169+0000][1][safepoint    ] Leaving safepoint region
[2022-06-13T03:24:50.169+0000][1][safepoint    ] Total time for which application threads were stopped: 0.0003419 seconds, Stopping threads took: 0.0001694 seconds
[2022-06-13T03:24:50.170+0000][1][safepoint    ] Application time: 0.0002521 seconds
[2022-06-13T03:24:50.170+0000][1][safepoint    ] Entering safepoint region: RevokeBias
[2022-06-13T03:24:50.170+0000][1][safepoint    ] Leaving safepoint region
[2022-06-13T03:24:50.170+0000][1][safepoint    ] Total time for which application threads were stopped: 0.0003172 seconds, Stopping threads took: 0.0001834 seconds
[2022-06-13T03:24:50.170+0000][1][safepoint    ] Application time: 0.0000937 seconds
[2022-06-13T03:24:50.171+0000][1][safepoint    ] Entering safepoint region: RevokeBias
[2022-06-13T03:24:50.171+0000][1][safepoint    ] Leaving safepoint region
[2022-06-13T03:24:50.171+0000][1][safepoint    ] Total time for which application threads were stopped: 0.0002707 seconds, Stopping threads took: 0.0001294 seconds
[2022-06-13T03:24:50.221+0000][1][safepoint    ] Application time: 0.0499839 seconds
[2022-06-13T03:24:50.221+0000][1][safepoint    ] Entering safepoint region: RevokeBias
[2022-06-13T03:24:50.222+0000][1][safepoint    ] Leaving safepoint region
[2022-06-13T03:24:50.222+0000][1][safepoint    ] Total time for which application threads were stopped: 0.0007281 seconds, Stopping threads took: 0.0004647 seconds
[2022-06-13T03:24:50.222+0000][1][safepoint    ] Application time: 0.0001975 seconds
[2022-06-13T03:24:50.223+0000][1][safepoint    ] Entering safepoint region: RevokeBias
[2022-06-13T03:24:50.223+0000][1][safepoint    ] Leaving safepoint region
[2022-06-13T03:24:50.223+0000][1][safepoint    ] Total time for which application threads were stopped: 0.0006706 seconds, Stopping threads took: 0.0004432 seconds
[2022-06-13T03:24:50.224+0000][1][safepoint    ] Application time: 0.0002913 seconds
[2022-06-13T03:24:50.224+0000][1][safepoint    ] Entering safepoint region: RevokeBias
[2022-06-13T03:24:50.224+0000][1][safepoint    ] Leaving safepoint region
[2022-06-13T03:24:50.224+0000][1][safepoint    ] Total time for which application threads were stopped: 0.0004014 seconds, Stopping threads took: 0.0002152 seconds
[2022-06-13T03:24:50.225+0000][1][safepoint    ] Application time: 0.0003036 seconds
[2022-06-13T03:24:50.225+0000][1][safepoint    ] Entering safepoint region: RevokeBias
[2022-06-13T03:24:50.225+0000][1][safepoint    ] Leaving safepoint region
[2022-06-13T03:24:50.225+0000][1][safepoint    ] Total time for which application threads were stopped: 0.0002785 seconds, Stopping threads took: 0.0001518 seconds
[2022-06-13T03:24:50.226+0000][1][safepoint    ] Application time: 0.0005046 seconds
[2022-06-13T03:24:50.226+0000][1][safepoint    ] Entering safepoint region: RevokeBias
[2022-06-13T03:24:50.226+0000][1][safepoint    ] Leaving safepoint region
[2022-06-13T03:24:50.226+0000][1][safepoint    ] Total time for which application threads were stopped: 0.0003792 seconds, Stopping threads took: 0.0001869 seconds
[2022-06-13T03:24:50.227+0000][1][safepoint    ] Application time: 0.0001223 seconds
[2022-06-13T03:24:50.227+0000][1][safepoint    ] Entering safepoint region: RevokeBias
[2022-06-13T03:24:50.227+0000][1][safepoint    ] Leaving safepoint region
[2022-06-13T03:24:50.227+0000][1][safepoint    ] Total time for which application threads were stopped: 0.0003695 seconds, Stopping threads took: 0.0002102 seconds
[2022-06-13T03:24:50.228+0000][1][safepoint    ] Application time: 0.0002481 seconds
[2022-06-13T03:24:50.228+0000][1][safepoint    ] Entering safepoint region: RevokeBias
[2022-06-13T03:24:50.228+0000][1][safepoint    ] Leaving safepoint region
[2022-06-13T03:24:50.228+0000][1][safepoint    ] Total time for which application threads were stopped: 0.0003091 seconds, Stopping threads took: 0.0001421 seconds
[2022-06-13T03:24:50.228+0000][1][safepoint    ] Application time: 0.0001328 seconds
[2022-06-13T03:24:50.229+0000][1][safepoint    ] Entering safepoint region: RevokeBias
[2022-06-13T03:24:50.229+0000][1][safepoint    ] Leaving safepoint region
[2022-06-13T03:24:50.229+0000][1][safepoint    ] Total time for which application threads were stopped: 0.0005171 seconds, Stopping threads took: 0.0003307 seconds
[2022-06-13T03:24:50.229+0000][1][safepoint    ] Application time: 0.0000762 seconds
[2022-06-13T03:24:50.229+0000][1][safepoint    ] Entering safepoint region: RevokeBias
[2022-06-13T03:24:50.230+0000][1][safepoint    ] Leaving safepoint region
[2022-06-13T03:24:50.230+0000][1][safepoint    ] Total time for which application threads were stopped: 0.0002722 seconds, Stopping threads took: 0.0001317 seconds
[2022-06-13T03:24:50.230+0000][1][safepoint    ] Application time: 0.0000823 seconds
[2022-06-13T03:24:50.230+0000][1][safepoint    ] Entering safepoint region: RevokeBias
[2022-06-13T03:24:50.230+0000][1][safepoint    ] Leaving safepoint region
[2022-06-13T03:24:50.230+0000][1][safepoint    ] Total time for which application threads were stopped: 0.0002855 seconds, Stopping threads took: 0.0001301 seconds
[2022-06-13T03:24:50.231+0000][1][safepoint    ] Application time: 0.0000702 seconds
[2022-06-13T03:24:50.231+0000][1][safepoint    ] Entering safepoint region: RevokeBias
[2022-06-13T03:24:50.231+0000][1][safepoint    ] Leaving safepoint region
[2022-06-13T03:24:50.231+0000][1][safepoint    ] Total time for which application threads were stopped: 0.0002114 seconds, Stopping threads took: 0.0000929 seconds
[2022-06-13T03:24:50.231+0000][1][safepoint    ] Application time: 0.0000701 seconds
[2022-06-13T03:24:50.231+0000][1][safepoint    ] Entering safepoint region: RevokeBias
[2022-06-13T03:24:50.231+0000][1][safepoint    ] Leaving safepoint region
[2022-06-13T03:24:50.231+0000][1][safepoint    ] Total time for which application threads were stopped: 0.0002603 seconds, Stopping threads took: 0.0001222 seconds
[2022-06-13T03:24:50.232+0000][1][safepoint    ] Application time: 0.0000627 seconds
[2022-06-13T03:24:50.232+0000][1][safepoint    ] Entering safepoint region: RevokeBias
[2022-06-13T03:24:50.232+0000][1][safepoint    ] Leaving safepoint region
[2022-06-13T03:24:50.232+0000][1][safepoint    ] Total time for which application threads were stopped: 0.0002221 seconds, Stopping threads took: 0.0000963 seconds
[2022-06-13T03:24:50.232+0000][1][safepoint    ] Application time: 0.0000602 seconds
[2022-06-13T03:24:50.232+0000][1][safepoint    ] Entering safepoint region: RevokeBias
[2022-06-13T03:24:50.232+0000][1][safepoint    ] Leaving safepoint region
[2022-06-13T03:24:50.232+0000][1][safepoint    ] Total time for which application threads were stopped: 0.0002356 seconds, Stopping threads took: 0.0001079 seconds
[2022-06-13T03:24:50.233+0000][1][safepoint    ] Application time: 0.0000722 seconds
[2022-06-13T03:24:50.233+0000][1][safepoint    ] Entering safepoint region: RevokeBias
[2022-06-13T03:24:50.233+0000][1][safepoint    ] Leaving safepoint region
[2022-06-13T03:24:50.233+0000][1][safepoint    ] Total time for which application threads were stopped: 0.0002563 seconds, Stopping threads took: 0.0001025 seconds
[2022-06-13T03:24:50.233+0000][1][safepoint    ] Application time: 0.0000759 seconds
[2022-06-13T03:24:50.233+0000][1][safepoint    ] Entering safepoint region: RevokeBias
[2022-06-13T03:24:50.233+0000][1][safepoint    ] Leaving safepoint region
[2022-06-13T03:24:50.234+0000][1][safepoint    ] Total time for which application threads were stopped: 0.0002483 seconds, Stopping threads took: 0.0001196 seconds
[2022-06-13T03:24:50.234+0000][1][safepoint    ] Application time: 0.0000700 seconds
[2022-06-13T03:24:50.234+0000][1][safepoint    ] Entering safepoint region: RevokeBias
[2022-06-13T03:24:50.234+0000][1][safepoint    ] Leaving safepoint region
[2022-06-13T03:24:50.234+0000][1][safepoint    ] Total time for which application threads were stopped: 0.0002142 seconds, Stopping threads took: 0.0000931 seconds
[2022-06-13T03:24:50.234+0000][1][safepoint    ] Application time: 0.0000649 seconds
[2022-06-13T03:24:50.234+0000][1][safepoint    ] Entering safepoint region: RevokeBias
[2022-06-13T03:24:50.234+0000][1][safepoint    ] Leaving safepoint region
[2022-06-13T03:24:50.234+0000][1][safepoint    ] Total time for which application threads were stopped: 0.0002166 seconds, Stopping threads took: 0.0000947 seconds
[2022-06-13T03:24:50.235+0000][1][safepoint    ] Application time: 0.0000805 seconds
[2022-06-13T03:24:50.235+0000][1][safepoint    ] Entering safepoint region: RevokeBias
[2022-06-13T03:24:50.235+0000][1][safepoint    ] Leaving safepoint region
[2022-06-13T03:24:50.235+0000][1][safepoint    ] Total time for which application threads were stopped: 0.0003213 seconds, Stopping threads took: 0.0001336 seconds
[2022-06-13T03:24:50.235+0000][1][safepoint    ] Application time: 0.0000515 seconds
[2022-06-13T03:24:50.235+0000][1][safepoint    ] Entering safepoint region: RevokeBias
[2022-06-13T03:24:50.236+0000][1][safepoint    ] Leaving safepoint region
[2022-06-13T03:24:50.236+0000][1][safepoint    ] Total time for which application threads were stopped: 0.0002924 seconds, Stopping threads took: 0.0001181 seconds
[2022-06-13T03:24:50.236+0000][1][safepoint    ] Application time: 0.0000598 seconds
[2022-06-13T03:24:50.236+0000][1][safepoint    ] Entering safepoint region: RevokeBias
[2022-06-13T03:24:50.236+0000][1][safepoint    ] Leaving safepoint region
[2022-06-13T03:24:50.236+0000][1][safepoint    ] Total time for which application threads were stopped: 0.0002249 seconds, Stopping threads took: 0.0000990 seconds
[2022-06-13T03:24:50.236+0000][1][safepoint    ] Application time: 0.0000605 seconds
[2022-06-13T03:24:50.236+0000][1][safepoint    ] Entering safepoint region: RevokeBias
[2022-06-13T03:24:50.237+0000][1][safepoint    ] Leaving safepoint region
[2022-06-13T03:24:50.237+0000][1][safepoint    ] Total time for which application threads were stopped: 0.0002267 seconds, Stopping threads took: 0.0000958 seconds
[2022-06-13T03:24:50.237+0000][1][safepoint    ] Application time: 0.0000565 seconds
[2022-06-13T03:24:50.237+0000][1][safepoint    ] Entering safepoint region: RevokeBias
[2022-06-13T03:24:50.237+0000][1][safepoint    ] Leaving safepoint region
[2022-06-13T03:24:50.237+0000][1][safepoint    ] Total time for which application threads were stopped: 0.0002313 seconds, Stopping threads took: 0.0000980 seconds
[2022-06-13T03:24:50.237+0000][1][safepoint    ] Application time: 0.0000678 seconds
[2022-06-13T03:24:50.237+0000][1][safepoint    ] Entering safepoint region: RevokeBias
[2022-06-13T03:24:50.238+0000][1][safepoint    ] Leaving safepoint region
[2022-06-13T03:24:50.238+0000][1][safepoint    ] Total time for which application threads were stopped: 0.0002589 seconds, Stopping threads took: 0.0001095 seconds
[2022-06-13T03:24:50.238+0000][1][safepoint    ] Application time: 0.0000641 seconds
[2022-06-13T03:24:50.238+0000][1][safepoint    ] Entering safepoint region: RevokeBias
[2022-06-13T03:24:50.238+0000][1][safepoint    ] Leaving safepoint region
[2022-06-13T03:24:50.238+0000][1][safepoint    ] Total time for which application threads were stopped: 0.0002480 seconds, Stopping threads took: 0.0001146 seconds
[2022-06-13T03:24:50.238+0000][1][safepoint    ] Application time: 0.0000777 seconds
[2022-06-13T03:24:50.239+0000][1][safepoint    ] Entering safepoint region: RevokeBias
[2022-06-13T03:24:50.239+0000][1][safepoint    ] Leaving safepoint region
[2022-06-13T03:24:50.239+0000][1][safepoint    ] Total time for which application threads were stopped: 0.0003073 seconds, Stopping threads took: 0.0001262 seconds
[2022-06-13T03:24:50.239+0000][1][safepoint    ] Application time: 0.0001055 seconds
[2022-06-13T03:24:50.239+0000][1][safepoint    ] Entering safepoint region: BulkRevokeBias
[2022-06-13T03:24:50.240+0000][1][safepoint    ] Leaving safepoint region
[2022-06-13T03:24:50.240+0000][1][safepoint    ] Total time for which application threads were stopped: 0.0004835 seconds, Stopping threads took: 0.0001734 seconds
[2022-06-13T03:24:50.240+0000][1][safepoint    ] Application time: 0.0002246 seconds
[2022-06-13T03:24:50.240+0000][1][safepoint    ] Entering safepoint region: RevokeBias
[2022-06-13T03:24:50.240+0000][1][safepoint    ] Leaving safepoint region
[2022-06-13T03:24:50.241+0000][1][safepoint    ] Total time for which application threads were stopped: 0.0002741 seconds, Stopping threads took: 0.0001146 seconds
[2022-06-13T03:24:50.241+0000][1][safepoint    ] Application time: 0.0000948 seconds
[2022-06-13T03:24:50.241+0000][1][safepoint    ] Entering safepoint region: RevokeBias
[2022-06-13T03:24:50.241+0000][1][safepoint    ] Leaving safepoint region
[2022-06-13T03:24:50.241+0000][1][safepoint    ] Total time for which application threads were stopped: 0.0002684 seconds, Stopping threads took: 0.0001173 seconds
[2022-06-13T03:24:50.241+0000][1][safepoint    ] Application time: 0.0000982 seconds
[2022-06-13T03:24:50.241+0000][1][safepoint    ] Entering safepoint region: RevokeBias
[2022-06-13T03:24:50.242+0000][1][safepoint    ] Leaving safepoint region
[2022-06-13T03:24:50.242+0000][1][safepoint    ] Total time for which application threads were stopped: 0.0002553 seconds, Stopping threads took: 0.0001122 seconds
[2022-06-13T03:24:50.242+0000][1][safepoint    ] Application time: 0.0000969 seconds
[2022-06-13T03:24:50.242+0000][1][safepoint    ] Entering safepoint region: RevokeBias
[2022-06-13T03:24:50.242+0000][1][safepoint    ] Leaving safepoint region
[2022-06-13T03:24:50.242+0000][1][safepoint    ] Total time for which application threads were stopped: 0.0003123 seconds, Stopping threads took: 0.0001644 seconds
[2022-06-13T03:24:50.243+0000][1][safepoint    ] Application time: 0.0001114 seconds
[2022-06-13T03:24:50.243+0000][1][safepoint    ] Entering safepoint region: RevokeBias
[2022-06-13T03:24:50.243+0000][1][safepoint    ] Leaving safepoint region
[2022-06-13T03:24:50.243+0000][1][safepoint    ] Total time for which application threads were stopped: 0.0002697 seconds, Stopping threads took: 0.0001044 seconds
[2022-06-13T03:24:50.243+0000][1][safepoint    ] Application time: 0.0000797 seconds
[2022-06-13T03:24:50.243+0000][1][safepoint    ] Entering safepoint region: RevokeBias
[2022-06-13T03:24:50.243+0000][1][safepoint    ] Leaving safepoint region
[2022-06-13T03:24:50.243+0000][1][safepoint    ] Total time for which application threads were stopped: 0.0002387 seconds, Stopping threads took: 0.0000950 seconds
[2022-06-13T03:24:50.244+0000][1][safepoint    ] Application time: 0.0000850 seconds
[2022-06-13T03:24:50.244+0000][1][safepoint    ] Entering safepoint region: RevokeBias
[2022-06-13T03:24:50.244+0000][1][safepoint    ] Leaving safepoint region
[2022-06-13T03:24:50.244+0000][1][safepoint    ] Total time for which application threads were stopped: 0.0002749 seconds, Stopping threads took: 0.0001061 seconds
[2022-06-13T03:24:50.244+0000][1][safepoint    ] Application time: 0.0000791 seconds
[2022-06-13T03:24:50.244+0000][1][safepoint    ] Entering safepoint region: RevokeBias
[2022-06-13T03:24:50.245+0000][1][safepoint    ] Leaving safepoint region
[2022-06-13T03:24:50.245+0000][1][safepoint    ] Total time for which application threads were stopped: 0.0003349 seconds, Stopping threads took: 0.0001903 seconds
[2022-06-13T03:24:50.245+0000][1][safepoint    ] Application time: 0.0000769 seconds
[2022-06-13T03:24:50.245+0000][1][safepoint    ] Entering safepoint region: RevokeBias
[2022-06-13T03:24:50.245+0000][1][safepoint    ] Leaving safepoint region
[2022-06-13T03:24:50.245+0000][1][safepoint    ] Total time for which application threads were stopped: 0.0002791 seconds, Stopping threads took: 0.0001373 seconds
[2022-06-13T03:24:50.245+0000][1][safepoint    ] Application time: 0.0000715 seconds
[2022-06-13T03:24:50.246+0000][1][safepoint    ] Entering safepoint region: RevokeBias
[2022-06-13T03:24:50.246+0000][1][safepoint    ] Leaving safepoint region
[2022-06-13T03:24:50.246+0000][1][safepoint    ] Total time for which application threads were stopped: 0.0002352 seconds, Stopping threads took: 0.0001045 seconds
[2022-06-13T03:24:50.246+0000][1][safepoint    ] Application time: 0.0000754 seconds
[2022-06-13T03:24:50.246+0000][1][safepoint    ] Entering safepoint region: RevokeBias
[2022-06-13T03:24:50.246+0000][1][safepoint    ] Leaving safepoint region
[2022-06-13T03:24:50.246+0000][1][safepoint    ] Total time for which application threads were stopped: 0.0002656 seconds, Stopping threads took: 0.0001158 seconds
[2022-06-13T03:24:50.247+0000][1][safepoint    ] Application time: 0.0000762 seconds
[2022-06-13T03:24:50.247+0000][1][safepoint    ] Entering safepoint region: RevokeBias
[2022-06-13T03:24:50.247+0000][1][safepoint    ] Leaving safepoint region
[2022-06-13T03:24:50.247+0000][1][safepoint    ] Total time for which application threads were stopped: 0.0002282 seconds, Stopping threads took: 0.0001020 seconds
[2022-06-13T03:24:50.247+0000][1][safepoint    ] Application time: 0.0000731 seconds
[2022-06-13T03:24:50.247+0000][1][safepoint    ] Entering safepoint region: RevokeBias
[2022-06-13T03:24:50.247+0000][1][safepoint    ] Leaving safepoint region
[2022-06-13T03:24:50.247+0000][1][safepoint    ] Total time for which application threads were stopped: 0.0002419 seconds, Stopping threads took: 0.0001058 seconds
[2022-06-13T03:24:50.248+0000][1][safepoint    ] Application time: 0.0000727 seconds
[2022-06-13T03:24:50.248+0000][1][safepoint    ] Entering safepoint region: RevokeBias
[2022-06-13T03:24:50.248+0000][1][safepoint    ] Leaving safepoint region
[2022-06-13T03:24:50.248+0000][1][safepoint    ] Total time for which application threads were stopped: 0.0002332 seconds, Stopping threads took: 0.0001050 seconds
[2022-06-13T03:24:50.248+0000][1][safepoint    ] Application time: 0.0000780 seconds
[2022-06-13T03:24:50.248+0000][1][safepoint    ] Entering safepoint region: RevokeBias
[2022-06-13T03:24:50.248+0000][1][safepoint    ] Leaving safepoint region
[2022-06-13T03:24:50.248+0000][1][safepoint    ] Total time for which application threads were stopped: 0.0002410 seconds, Stopping threads took: 0.0001085 seconds
[2022-06-13T03:24:50.249+0000][1][safepoint    ] Application time: 0.0000635 seconds
[2022-06-13T03:24:50.249+0000][1][safepoint    ] Entering safepoint region: RevokeBias
[2022-06-13T03:24:50.249+0000][1][safepoint    ] Leaving safepoint region
[2022-06-13T03:24:50.249+0000][1][safepoint    ] Total time for which application threads were stopped: 0.0003615 seconds, Stopping threads took: 0.0001345 seconds
[2022-06-13T03:24:50.249+0000][1][safepoint    ] Application time: 0.0000600 seconds
[2022-06-13T03:24:50.249+0000][1][safepoint    ] Entering safepoint region: RevokeBias
[2022-06-13T03:24:50.250+0000][1][safepoint    ] Leaving safepoint region
[2022-06-13T03:24:50.250+0000][1][safepoint    ] Total time for which application threads were stopped: 0.0002539 seconds, Stopping threads took: 0.0001102 seconds
[2022-06-13T03:24:50.250+0000][1][safepoint    ] Application time: 0.0000659 seconds
[2022-06-13T03:24:50.250+0000][1][safepoint    ] Entering safepoint region: RevokeBias
[2022-06-13T03:24:50.250+0000][1][safepoint    ] Leaving safepoint region
[2022-06-13T03:24:50.250+0000][1][safepoint    ] Total time for which application threads were stopped: 0.0003134 seconds, Stopping threads took: 0.0001277 seconds
[2022-06-13T03:24:50.250+0000][1][safepoint    ] Application time: 0.0000764 seconds
[2022-06-13T03:24:50.251+0000][1][safepoint    ] Entering safepoint region: RevokeBias
[2022-06-13T03:24:50.251+0000][1][safepoint    ] Leaving safepoint region
[2022-06-13T03:24:50.251+0000][1][safepoint    ] Total time for which application threads were stopped: 0.0003118 seconds, Stopping threads took: 0.0001236 seconds
[2022-06-13T03:24:50.251+0000][1][safepoint    ] Application time: 0.0000669 seconds
[2022-06-13T03:24:50.251+0000][1][safepoint    ] Entering safepoint region: RevokeBias
[2022-06-13T03:24:50.251+0000][1][safepoint    ] Leaving safepoint region
[2022-06-13T03:24:50.252+0000][1][safepoint    ] Total time for which application threads were stopped: 0.0002723 seconds, Stopping threads took: 0.0001235 seconds
[2022-06-13T03:24:50.252+0000][1][safepoint    ] Application time: 0.0000644 seconds
[2022-06-13T03:24:50.252+0000][1][safepoint    ] Entering safepoint region: RevokeBias
[2022-06-13T03:24:50.252+0000][1][safepoint    ] Leaving safepoint region
[2022-06-13T03:24:50.252+0000][1][safepoint    ] Total time for which application threads were stopped: 0.0002842 seconds, Stopping threads took: 0.0001396 seconds
[2022-06-13T03:24:50.252+0000][1][safepoint    ] Application time: 0.0000707 seconds
[2022-06-13T03:24:50.252+0000][1][safepoint    ] Entering safepoint region: RevokeBias
[2022-06-13T03:24:50.253+0000][1][safepoint    ] Leaving safepoint region
[2022-06-13T03:24:50.253+0000][1][safepoint    ] Total time for which application threads were stopped: 0.0002991 seconds, Stopping threads took: 0.0001371 seconds
[2022-06-13T03:24:50.253+0000][1][safepoint    ] Application time: 0.0000808 seconds
[2022-06-13T03:24:50.253+0000][1][safepoint    ] Entering safepoint region: RevokeBias
[2022-06-13T03:24:50.253+0000][1][safepoint    ] Leaving safepoint region
[2022-06-13T03:24:50.253+0000][1][safepoint    ] Total time for which application threads were stopped: 0.0002558 seconds, Stopping threads took: 0.0001102 seconds
[2022-06-13T03:24:50.253+0000][1][safepoint    ] Application time: 0.0000649 seconds
[2022-06-13T03:24:50.254+0000][1][safepoint    ] Entering safepoint region: BulkRevokeBias
[2022-06-13T03:24:50.254+0000][1][safepoint    ] Leaving safepoint region
[2022-06-13T03:24:50.254+0000][1][safepoint    ] Total time for which application threads were stopped: 0.0003210 seconds, Stopping threads took: 0.0001027 seconds
[2022-06-13T03:24:50.254+0000][1][safepoint    ] Application time: 0.0002639 seconds
[2022-06-13T03:24:50.255+0000][1][safepoint    ] Entering safepoint region: RevokeBias
[2022-06-13T03:24:50.255+0000][1][safepoint    ] Leaving safepoint region
[2022-06-13T03:24:50.255+0000][1][safepoint    ] Total time for which application threads were stopped: 0.0006355 seconds, Stopping threads took: 0.0004630 seconds
[2022-06-13T03:24:50.255+0000][1][safepoint    ] Application time: 0.0001058 seconds
[2022-06-13T03:24:50.255+0000][1][safepoint    ] Entering safepoint region: RevokeBias
[2022-06-13T03:24:50.256+0000][1][safepoint    ] Leaving safepoint region
[2022-06-13T03:24:50.256+0000][1][safepoint    ] Total time for which application threads were stopped: 0.0003728 seconds, Stopping threads took: 0.0002061 seconds
[2022-06-13T03:24:50.256+0000][1][safepoint    ] Application time: 0.0001992 seconds
[2022-06-13T03:24:50.256+0000][1][safepoint    ] Entering safepoint region: RevokeBias
[2022-06-13T03:24:50.256+0000][1][safepoint    ] Leaving safepoint region
[2022-06-13T03:24:50.257+0000][1][safepoint    ] Total time for which application threads were stopped: 0.0003382 seconds, Stopping threads took: 0.0001638 seconds
[2022-06-13T03:24:50.257+0000][1][safepoint    ] Application time: 0.0000971 seconds
[2022-06-13T03:24:50.257+0000][1][safepoint    ] Entering safepoint region: RevokeBias
[2022-06-13T03:24:50.257+0000][1][safepoint    ] Leaving safepoint region
[2022-06-13T03:24:50.257+0000][1][safepoint    ] Total time for which application threads were stopped: 0.0002953 seconds, Stopping threads took: 0.0001362 seconds
[2022-06-13T03:24:50.257+0000][1][safepoint    ] Application time: 0.0000869 seconds
[2022-06-13T03:24:50.258+0000][1][safepoint    ] Entering safepoint region: RevokeBias
[2022-06-13T03:24:50.258+0000][1][safepoint    ] Leaving safepoint region
[2022-06-13T03:24:50.258+0000][1][safepoint    ] Total time for which application threads were stopped: 0.0002396 seconds, Stopping threads took: 0.0001148 seconds
[2022-06-13T03:24:50.258+0000][1][safepoint    ] Application time: 0.0000800 seconds
[2022-06-13T03:24:50.258+0000][1][safepoint    ] Entering safepoint region: RevokeBias
[2022-06-13T03:24:50.258+0000][1][safepoint    ] Leaving safepoint region
[2022-06-13T03:24:50.258+0000][1][safepoint    ] Total time for which application threads were stopped: 0.0003243 seconds, Stopping threads took: 0.0001886 seconds
[2022-06-13T03:24:50.259+0000][1][safepoint    ] Application time: 0.0004003 seconds
[2022-06-13T03:24:50.259+0000][1][safepoint    ] Entering safepoint region: RevokeBias
[2022-06-13T03:24:50.259+0000][1][safepoint    ] Leaving safepoint region
[2022-06-13T03:24:50.260+0000][1][safepoint    ] Total time for which application threads were stopped: 0.0005476 seconds, Stopping threads took: 0.0004174 seconds
[2022-06-13T03:24:50.260+0000][1][safepoint    ] Application time: 0.0001242 seconds
[2022-06-13T03:24:50.260+0000][1][safepoint    ] Entering safepoint region: RevokeBias
[2022-06-13T03:24:50.260+0000][1][safepoint    ] Leaving safepoint region
[2022-06-13T03:24:50.260+0000][1][safepoint    ] Total time for which application threads were stopped: 0.0002257 seconds, Stopping threads took: 0.0001023 seconds
[2022-06-13T03:24:50.261+0000][1][safepoint    ] Application time: 0.0003436 seconds
[2022-06-13T03:24:50.261+0000][1][safepoint    ] Entering safepoint region: RevokeBias
[2022-06-13T03:24:50.261+0000][1][safepoint    ] Leaving safepoint region
[2022-06-13T03:24:50.261+0000][1][safepoint    ] Total time for which application threads were stopped: 0.0002435 seconds, Stopping threads took: 0.0001112 seconds
[2022-06-13T03:24:50.261+0000][1][safepoint    ] Application time: 0.0003477 seconds
[2022-06-13T03:24:50.261+0000][1][safepoint    ] Entering safepoint region: RevokeBias
[2022-06-13T03:24:50.262+0000][1][safepoint    ] Leaving safepoint region
[2022-06-13T03:24:50.262+0000][1][safepoint    ] Total time for which application threads were stopped: 0.0002513 seconds, Stopping threads took: 0.0001103 seconds
[2022-06-13T03:24:50.262+0000][1][safepoint    ] Application time: 0.0000900 seconds
[2022-06-13T03:24:50.262+0000][1][safepoint    ] Entering safepoint region: RevokeBias
[2022-06-13T03:24:50.262+0000][1][safepoint    ] Leaving safepoint region
[2022-06-13T03:24:50.262+0000][1][safepoint    ] Total time for which application threads were stopped: 0.0002604 seconds, Stopping threads took: 0.0001063 seconds
[2022-06-13T03:24:50.263+0000][1][safepoint    ] Application time: 0.0001357 seconds
[2022-06-13T03:24:50.263+0000][1][safepoint    ] Entering safepoint region: RevokeBias
[2022-06-13T03:24:50.263+0000][1][safepoint    ] Leaving safepoint region
[2022-06-13T03:24:50.263+0000][1][safepoint    ] Total time for which application threads were stopped: 0.0002528 seconds, Stopping threads took: 0.0001048 seconds
[2022-06-13T03:24:50.263+0000][1][safepoint    ] Application time: 0.0001547 seconds
[2022-06-13T03:24:50.263+0000][1][safepoint    ] Entering safepoint region: RevokeBias
[2022-06-13T03:24:50.263+0000][1][safepoint    ] Leaving safepoint region
[2022-06-13T03:24:50.263+0000][1][safepoint    ] Total time for which application threads were stopped: 0.0002415 seconds, Stopping threads took: 0.0001187 seconds
[2022-06-13T03:24:50.264+0000][1][safepoint    ] Application time: 0.0001991 seconds
[2022-06-13T03:24:50.264+0000][1][safepoint    ] Entering safepoint region: RevokeBias
[2022-06-13T03:24:50.264+0000][1][safepoint    ] Leaving safepoint region
[2022-06-13T03:24:50.264+0000][1][safepoint    ] Total time for which application threads were stopped: 0.0002176 seconds, Stopping threads took: 0.0000983 seconds
[2022-06-13T03:24:50.265+0000][1][safepoint    ] Application time: 0.0007974 seconds
[2022-06-13T03:24:50.265+0000][1][safepoint    ] Entering safepoint region: RevokeBias
[2022-06-13T03:24:50.265+0000][1][safepoint    ] Leaving safepoint region
[2022-06-13T03:24:50.265+0000][1][safepoint    ] Total time for which application threads were stopped: 0.0003011 seconds, Stopping threads took: 0.0001431 seconds
[2022-06-13T03:24:50.266+0000][1][safepoint    ] Application time: 0.0001042 seconds
[2022-06-13T03:24:50.266+0000][1][safepoint    ] Entering safepoint region: RevokeBias
[2022-06-13T03:24:50.266+0000][1][safepoint    ] Leaving safepoint region
[2022-06-13T03:24:50.266+0000][1][safepoint    ] Total time for which application threads were stopped: 0.0002887 seconds, Stopping threads took: 0.0001594 seconds
[2022-06-13T03:24:50.266+0000][1][safepoint    ] Application time: 0.0000755 seconds
[2022-06-13T03:24:50.266+0000][1][safepoint    ] Entering safepoint region: RevokeBias
[2022-06-13T03:24:50.266+0000][1][safepoint    ] Leaving safepoint region
[2022-06-13T03:24:50.267+0000][1][safepoint    ] Total time for which application threads were stopped: 0.0002179 seconds, Stopping threads took: 0.0000896 seconds
[2022-06-13T03:24:50.268+0000][1][safepoint    ] Application time: 0.0010804 seconds
[2022-06-13T03:24:50.268+0000][1][safepoint    ] Entering safepoint region: RevokeBias
[2022-06-13T03:24:50.269+0000][1][safepoint    ] Leaving safepoint region
[2022-06-13T03:24:50.269+0000][1][safepoint    ] Total time for which application threads were stopped: 0.0009535 seconds, Stopping threads took: 0.0007866 seconds
[2022-06-13T03:24:50.269+0000][1][safepoint    ] Application time: 0.0000906 seconds
[2022-06-13T03:24:50.269+0000][1][safepoint    ] Entering safepoint region: RevokeBias
[2022-06-13T03:24:50.270+0000][1][safepoint    ] Leaving safepoint region
[2022-06-13T03:24:50.270+0000][1][safepoint    ] Total time for which application threads were stopped: 0.0005339 seconds, Stopping threads took: 0.0004015 seconds
[2022-06-13T03:24:50.270+0000][1][safepoint    ] Application time: 0.0002147 seconds
[2022-06-13T03:24:50.270+0000][1][safepoint    ] Entering safepoint region: RevokeBias
[2022-06-13T03:24:50.270+0000][1][safepoint    ] Leaving safepoint region
[2022-06-13T03:24:50.270+0000][1][safepoint    ] Total time for which application threads were stopped: 0.0003330 seconds, Stopping threads took: 0.0001502 seconds
[2022-06-13T03:24:50.299+0000][1][safepoint    ] Application time: 0.0282064 seconds
[2022-06-13T03:24:50.299+0000][1][safepoint    ] Entering safepoint region: GenCollectForAllocation
[2022-06-13T03:24:50.300+0000][1][gc,start     ] GC(19) Pause Young (Allocation Failure)
[2022-06-13T03:24:50.300+0000][1][gc,task      ] GC(19) Using 5 workers of 13 for evacuation
[2022-06-13T03:24:50.304+0000][1][gc,age       ] GC(19) Desired survivor size 4456448 bytes, new threshold 2 (max threshold 6)
[2022-06-13T03:24:50.304+0000][1][gc,age       ] GC(19) Age table with threshold 2 (max threshold 6)
[2022-06-13T03:24:50.305+0000][1][gc,age       ] GC(19) - age   1:    2846448 bytes,    2846448 total
[2022-06-13T03:24:50.305+0000][1][gc,age       ] GC(19) - age   2:    3872184 bytes,    6718632 total
[2022-06-13T03:24:50.305+0000][1][gc,age       ] GC(19) - age   3:     227680 bytes,    6946312 total
[2022-06-13T03:24:50.305+0000][1][gc,heap      ] GC(19) ParNew: 74986K->8422K(78656K)
[2022-06-13T03:24:50.306+0000][1][gc,heap      ] GC(19) CMS: 55886K->55886K(174784K)
[2022-06-13T03:24:50.306+0000][1][gc,metaspace ] GC(19) Metaspace: 47626K->47626K(1093632K)
[2022-06-13T03:24:50.306+0000][1][gc           ] GC(19) Pause Young (Allocation Failure) 127M->62M(247M) 6.214ms
[2022-06-13T03:24:50.306+0000][1][gc,cpu       ] GC(19) User=0.01s Sys=0.00s Real=0.00s
[2022-06-13T03:24:50.306+0000][1][safepoint    ] Leaving safepoint region
[2022-06-13T03:24:50.306+0000][1][safepoint    ] Total time for which application threads were stopped: 0.0071042 seconds, Stopping threads took: 0.0003984 seconds
[2022-06-13T03:24:50.781+0000][1][safepoint    ] Application time: 0.4740491 seconds
[2022-06-13T03:24:50.781+0000][1][safepoint    ] Entering safepoint region: GenCollectForAllocation
[2022-06-13T03:24:50.782+0000][1][gc,start     ] GC(20) Pause Young (Allocation Failure)
[2022-06-13T03:24:50.783+0000][1][gc,task      ] GC(20) Using 5 workers of 13 for evacuation
[2022-06-13T03:24:50.790+0000][1][gc,age       ] GC(20) Desired survivor size 4456448 bytes, new threshold 6 (max threshold 6)
[2022-06-13T03:24:50.790+0000][1][gc,age       ] GC(20) Age table with threshold 6 (max threshold 6)
[2022-06-13T03:24:50.790+0000][1][gc,age       ] GC(20) - age   1:    1636936 bytes,    1636936 total
[2022-06-13T03:24:50.791+0000][1][gc,age       ] GC(20) - age   2:    2803904 bytes,    4440840 total
[2022-06-13T03:24:50.791+0000][1][gc,heap      ] GC(20) ParNew: 78374K->5964K(78656K)
[2022-06-13T03:24:50.791+0000][1][gc,heap      ] GC(20) CMS: 55886K->60036K(174784K)
[2022-06-13T03:24:50.791+0000][1][gc,metaspace ] GC(20) Metaspace: 54906K->54906K(1099776K)
[2022-06-13T03:24:50.791+0000][1][gc           ] GC(20) Pause Young (Allocation Failure) 131M->64M(247M) 9.225ms
[2022-06-13T03:24:50.792+0000][1][gc,cpu       ] GC(20) User=0.04s Sys=0.00s Real=0.01s
[2022-06-13T03:24:50.792+0000][1][safepoint    ] Leaving safepoint region
[2022-06-13T03:24:50.792+0000][1][safepoint    ] Total time for which application threads were stopped: 0.0108434 seconds, Stopping threads took: 0.0004691 seconds
[2022-06-13T03:24:50.872+0000][1][safepoint    ] Application time: 0.0801152 seconds
[2022-06-13T03:24:50.873+0000][1][safepoint    ] Entering safepoint region: Deoptimize
[2022-06-13T03:24:50.873+0000][1][safepoint    ] Leaving safepoint region
[2022-06-13T03:24:50.874+0000][1][safepoint    ] Total time for which application threads were stopped: 0.0011898 seconds, Stopping threads took: 0.0002078 seconds
[2022-06-13T03:24:50.899+0000][1][safepoint    ] Application time: 0.0250297 seconds
[2022-06-13T03:24:50.899+0000][1][safepoint    ] Entering safepoint region: RevokeBias
[2022-06-13T03:24:50.899+0000][1][safepoint    ] Leaving safepoint region
[2022-06-13T03:24:50.899+0000][1][safepoint    ] Total time for which application threads were stopped: 0.0003499 seconds, Stopping threads took: 0.0001826 seconds
[2022-06-13T03:24:50.900+0000][1][safepoint    ] Application time: 0.0002052 seconds
[2022-06-13T03:24:50.900+0000][1][safepoint    ] Entering safepoint region: RevokeBias
[2022-06-13T03:24:50.900+0000][1][safepoint    ] Leaving safepoint region
[2022-06-13T03:24:50.900+0000][1][safepoint    ] Total time for which application threads were stopped: 0.0002873 seconds, Stopping threads took: 0.0001472 seconds
[2022-06-13T03:24:50.900+0000][1][safepoint    ] Application time: 0.0001240 seconds
[2022-06-13T03:24:50.901+0000][1][safepoint    ] Entering safepoint region: RevokeBias
[2022-06-13T03:24:50.901+0000][1][safepoint    ] Leaving safepoint region
[2022-06-13T03:24:50.901+0000][1][safepoint    ] Total time for which application threads were stopped: 0.0002418 seconds, Stopping threads took: 0.0000943 seconds
[2022-06-13T03:24:50.903+0000][1][safepoint    ] Application time: 0.0020910 seconds
[2022-06-13T03:24:50.903+0000][1][safepoint    ] Entering safepoint region: RevokeBias
[2022-06-13T03:24:50.903+0000][1][safepoint    ] Leaving safepoint region
[2022-06-13T03:24:50.903+0000][1][safepoint    ] Total time for which application threads were stopped: 0.0003059 seconds, Stopping threads took: 0.0001419 seconds
[2022-06-13T03:24:51.030+0000][1][safepoint    ] Application time: 0.1259362 seconds
[2022-06-13T03:24:51.030+0000][1][safepoint    ] Entering safepoint region: Deoptimize
[2022-06-13T03:24:51.032+0000][1][safepoint    ] Leaving safepoint region
[2022-06-13T03:24:51.032+0000][1][safepoint    ] Total time for which application threads were stopped: 0.0021532 seconds, Stopping threads took: 0.0001782 seconds
[2022-06-13T03:24:51.164+0000][1][safepoint    ] Application time: 0.1314972 seconds
[2022-06-13T03:24:51.164+0000][1][safepoint    ] Entering safepoint region: RevokeBias
[2022-06-13T03:24:51.164+0000][1][safepoint    ] Leaving safepoint region
[2022-06-13T03:24:51.164+0000][1][safepoint    ] Total time for which application threads were stopped: 0.0003904 seconds, Stopping threads took: 0.0001653 seconds
[2022-06-13T03:24:51.165+0000][1][safepoint    ] Application time: 0.0001935 seconds
[2022-06-13T03:24:51.165+0000][1][safepoint    ] Entering safepoint region: RevokeBias
[2022-06-13T03:24:51.165+0000][1][safepoint    ] Leaving safepoint region
[2022-06-13T03:24:51.165+0000][1][safepoint    ] Total time for which application threads were stopped: 0.0004346 seconds, Stopping threads took: 0.0001722 seconds
[2022-06-13T03:24:51.235+0000][1][safepoint    ] Application time: 0.0691587 seconds
[2022-06-13T03:24:51.235+0000][1][safepoint    ] Entering safepoint region: RevokeBias
[2022-06-13T03:24:51.235+0000][1][safepoint    ] Leaving safepoint region
[2022-06-13T03:24:51.236+0000][1][safepoint    ] Total time for which application threads were stopped: 0.0007166 seconds, Stopping threads took: 0.0003426 seconds
[2022-06-13T03:24:51.275+0000][1][safepoint    ] Application time: 0.0386973 seconds
[2022-06-13T03:24:51.275+0000][1][safepoint    ] Entering safepoint region: RevokeBias
[2022-06-13T03:24:51.275+0000][1][safepoint    ] Leaving safepoint region
[2022-06-13T03:24:51.275+0000][1][safepoint    ] Total time for which application threads were stopped: 0.0002519 seconds, Stopping threads took: 0.0001109 seconds
[2022-06-13T03:24:51.275+0000][1][safepoint    ] Application time: 0.0000903 seconds
[2022-06-13T03:24:51.275+0000][1][safepoint    ] Entering safepoint region: RevokeBias
[2022-06-13T03:24:51.276+0000][1][safepoint    ] Leaving safepoint region
[2022-06-13T03:24:51.276+0000][1][safepoint    ] Total time for which application threads were stopped: 0.0002278 seconds, Stopping threads took: 0.0000990 seconds
[2022-06-13T03:24:51.424+0000][1][safepoint    ] Application time: 0.1480457 seconds
[2022-06-13T03:24:51.424+0000][1][safepoint    ] Entering safepoint region: Deoptimize
[2022-06-13T03:24:51.425+0000][1][safepoint    ] Leaving safepoint region
[2022-06-13T03:24:51.425+0000][1][safepoint    ] Total time for which application threads were stopped: 0.0008902 seconds, Stopping threads took: 0.0001532 seconds
[2022-06-13T03:24:51.432+0000][1][safepoint    ] Application time: 0.0068316 seconds
[2022-06-13T03:24:51.432+0000][1][safepoint    ] Entering safepoint region: GenCollectForAllocation
[2022-06-13T03:24:51.433+0000][1][gc,start     ] GC(21) Pause Young (Allocation Failure)
[2022-06-13T03:24:51.433+0000][1][gc,task      ] GC(21) Using 5 workers of 13 for evacuation
[2022-06-13T03:24:51.439+0000][1][gc,age       ] GC(21) Desired survivor size 4456448 bytes, new threshold 2 (max threshold 6)
[2022-06-13T03:24:51.439+0000][1][gc,age       ] GC(21) Age table with threshold 2 (max threshold 6)
[2022-06-13T03:24:51.440+0000][1][gc,age       ] GC(21) - age   1:    3871848 bytes,    3871848 total
[2022-06-13T03:24:51.440+0000][1][gc,age       ] GC(21) - age   2:    1534680 bytes,    5406528 total
[2022-06-13T03:24:51.441+0000][1][gc,age       ] GC(21) - age   3:    2768336 bytes,    8174864 total
[2022-06-13T03:24:51.441+0000][1][gc,heap      ] GC(21) ParNew: 75916K->8704K(78656K)
[2022-06-13T03:24:51.442+0000][1][gc,heap      ] GC(21) CMS: 60036K->60192K(174784K)
[2022-06-13T03:24:51.443+0000][1][gc,metaspace ] GC(21) Metaspace: 63166K->63166K(1107968K)
[2022-06-13T03:24:51.443+0000][1][gc           ] GC(21) Pause Young (Allocation Failure) 132M->67M(247M) 10.324ms
[2022-06-13T03:24:51.444+0000][1][gc,cpu       ] GC(21) User=0.03s Sys=0.01s Real=0.01s
[2022-06-13T03:24:51.444+0000][1][safepoint    ] Leaving safepoint region
[2022-06-13T03:24:51.445+0000][1][safepoint    ] Total time for which application threads were stopped: 0.0123126 seconds, Stopping threads took: 0.0003450 seconds
[2022-06-13T03:24:51.446+0000][1][safepoint    ] Application time: 0.0003906 seconds
[2022-06-13T03:24:51.446+0000][1][safepoint    ] Entering safepoint region: BulkRevokeBias
[2022-06-13T03:24:51.446+0000][1][safepoint    ] Leaving safepoint region
[2022-06-13T03:24:51.447+0000][1][safepoint    ] Total time for which application threads were stopped: 0.0009737 seconds, Stopping threads took: 0.0004233 seconds
[2022-06-13T03:24:51.448+0000][1][safepoint    ] Application time: 0.0002900 seconds
[2022-06-13T03:24:51.448+0000][1][safepoint    ] Entering safepoint region: RevokeBias
[2022-06-13T03:24:51.448+0000][1][safepoint    ] Leaving safepoint region
[2022-06-13T03:24:51.449+0000][1][safepoint    ] Total time for which application threads were stopped: 0.0008714 seconds, Stopping threads took: 0.0004066 seconds
[2022-06-13T03:24:51.449+0000][1][safepoint    ] Application time: 0.0000801 seconds
[2022-06-13T03:24:51.450+0000][1][safepoint    ] Entering safepoint region: RevokeBias
[2022-06-13T03:24:51.450+0000][1][safepoint    ] Leaving safepoint region
[2022-06-13T03:24:51.451+0000][1][safepoint    ] Total time for which application threads were stopped: 0.0008114 seconds, Stopping threads took: 0.0003783 seconds
[2022-06-13T03:24:51.451+0000][1][safepoint    ] Application time: 0.0000780 seconds
[2022-06-13T03:24:51.451+0000][1][safepoint    ] Entering safepoint region: RevokeBias
[2022-06-13T03:24:51.452+0000][1][safepoint    ] Leaving safepoint region
[2022-06-13T03:24:51.452+0000][1][safepoint    ] Total time for which application threads were stopped: 0.0005995 seconds, Stopping threads took: 0.0002266 seconds
[2022-06-13T03:24:51.453+0000][1][safepoint    ] Application time: 0.0000920 seconds
[2022-06-13T03:24:51.453+0000][1][safepoint    ] Entering safepoint region: RevokeBias
[2022-06-13T03:24:51.453+0000][1][safepoint    ] Leaving safepoint region
[2022-06-13T03:24:51.454+0000][1][safepoint    ] Total time for which application threads were stopped: 0.0005556 seconds, Stopping threads took: 0.0004056 seconds
[2022-06-13T03:24:51.454+0000][1][safepoint    ] Application time: 0.0001854 seconds
[2022-06-13T03:24:51.455+0000][1][safepoint    ] Entering safepoint region: RevokeBias
[2022-06-13T03:24:51.455+0000][1][safepoint    ] Leaving safepoint region
[2022-06-13T03:24:51.455+0000][1][safepoint    ] Total time for which application threads were stopped: 0.0006754 seconds, Stopping threads took: 0.0003217 seconds
[2022-06-13T03:24:51.456+0000][1][safepoint    ] Application time: 0.0001927 seconds
[2022-06-13T03:24:51.456+0000][1][safepoint    ] Entering safepoint region: RevokeBias
[2022-06-13T03:24:51.456+0000][1][safepoint    ] Leaving safepoint region
[2022-06-13T03:24:51.457+0000][1][safepoint    ] Total time for which application threads were stopped: 0.0006108 seconds, Stopping threads took: 0.0002986 seconds
[2022-06-13T03:24:51.457+0000][1][safepoint    ] Application time: 0.0001757 seconds
[2022-06-13T03:24:51.457+0000][1][safepoint    ] Entering safepoint region: RevokeBias
[2022-06-13T03:24:51.457+0000][1][safepoint    ] Leaving safepoint region
[2022-06-13T03:24:51.458+0000][1][safepoint    ] Total time for which application threads were stopped: 0.0002416 seconds, Stopping threads took: 0.0000856 seconds
[2022-06-13T03:24:51.458+0000][1][safepoint    ] Application time: 0.0000808 seconds
[2022-06-13T03:24:51.458+0000][1][safepoint    ] Entering safepoint region: RevokeBias
[2022-06-13T03:24:51.458+0000][1][safepoint    ] Leaving safepoint region
[2022-06-13T03:24:51.458+0000][1][safepoint    ] Total time for which application threads were stopped: 0.0003885 seconds, Stopping threads took: 0.0002493 seconds
[2022-06-13T03:24:51.459+0000][1][safepoint    ] Application time: 0.0001551 seconds
[2022-06-13T03:24:51.459+0000][1][safepoint    ] Entering safepoint region: RevokeBias
[2022-06-13T03:24:51.459+0000][1][safepoint    ] Leaving safepoint region
[2022-06-13T03:24:51.459+0000][1][safepoint    ] Total time for which application threads were stopped: 0.0004307 seconds, Stopping threads took: 0.0001488 seconds
[2022-06-13T03:24:51.460+0000][1][safepoint    ] Application time: 0.0000786 seconds
[2022-06-13T03:24:51.460+0000][1][safepoint    ] Entering safepoint region: RevokeBias
[2022-06-13T03:24:51.460+0000][1][safepoint    ] Leaving safepoint region
[2022-06-13T03:24:51.460+0000][1][safepoint    ] Total time for which application threads were stopped: 0.0004122 seconds, Stopping threads took: 0.0001653 seconds
[2022-06-13T03:24:51.461+0000][1][safepoint    ] Application time: 0.0001214 seconds
[2022-06-13T03:24:51.461+0000][1][safepoint    ] Entering safepoint region: RevokeBias
[2022-06-13T03:24:51.461+0000][1][safepoint    ] Leaving safepoint region
[2022-06-13T03:24:51.462+0000][1][safepoint    ] Total time for which application threads were stopped: 0.0005952 seconds, Stopping threads took: 0.0002327 seconds
[2022-06-13T03:24:51.462+0000][1][safepoint    ] Application time: 0.0001653 seconds
[2022-06-13T03:24:51.462+0000][1][safepoint    ] Entering safepoint region: RevokeBias
[2022-06-13T03:24:51.462+0000][1][safepoint    ] Leaving safepoint region
[2022-06-13T03:24:51.463+0000][1][safepoint    ] Total time for which application threads were stopped: 0.0003464 seconds, Stopping threads took: 0.0001869 seconds
[2022-06-13T03:24:51.463+0000][1][safepoint    ] Application time: 0.0000607 seconds
[2022-06-13T03:24:51.463+0000][1][safepoint    ] Entering safepoint region: RevokeBias
[2022-06-13T03:24:51.463+0000][1][safepoint    ] Leaving safepoint region
[2022-06-13T03:24:51.463+0000][1][safepoint    ] Total time for which application threads were stopped: 0.0002794 seconds, Stopping threads took: 0.0001142 seconds
[2022-06-13T03:24:51.463+0000][1][safepoint    ] Application time: 0.0000558 seconds
[2022-06-13T03:24:51.463+0000][1][safepoint    ] Entering safepoint region: RevokeBias
[2022-06-13T03:24:51.464+0000][1][safepoint    ] Leaving safepoint region
[2022-06-13T03:24:51.464+0000][1][safepoint    ] Total time for which application threads were stopped: 0.0002523 seconds, Stopping threads took: 0.0001362 seconds
[2022-06-13T03:24:51.464+0000][1][safepoint    ] Application time: 0.0000567 seconds
[2022-06-13T03:24:51.464+0000][1][safepoint    ] Entering safepoint region: RevokeBias
[2022-06-13T03:24:51.464+0000][1][safepoint    ] Leaving safepoint region
[2022-06-13T03:24:51.464+0000][1][safepoint    ] Total time for which application threads were stopped: 0.0002236 seconds, Stopping threads took: 0.0000992 seconds
[2022-06-13T03:24:51.464+0000][1][safepoint    ] Application time: 0.0000614 seconds
[2022-06-13T03:24:51.464+0000][1][safepoint    ] Entering safepoint region: RevokeBias
[2022-06-13T03:24:51.465+0000][1][safepoint    ] Leaving safepoint region
[2022-06-13T03:24:51.465+0000][1][safepoint    ] Total time for which application threads were stopped: 0.0001965 seconds, Stopping threads took: 0.0000943 seconds
[2022-06-13T03:24:51.465+0000][1][safepoint    ] Application time: 0.0000544 seconds
[2022-06-13T03:24:51.465+0000][1][safepoint    ] Entering safepoint region: RevokeBias
[2022-06-13T03:24:51.465+0000][1][safepoint    ] Leaving safepoint region
[2022-06-13T03:24:51.465+0000][1][safepoint    ] Total time for which application threads were stopped: 0.0002036 seconds, Stopping threads took: 0.0000946 seconds
[2022-06-13T03:24:51.465+0000][1][safepoint    ] Application time: 0.0000571 seconds
[2022-06-13T03:24:51.465+0000][1][safepoint    ] Entering safepoint region: BulkRevokeBias
[2022-06-13T03:24:51.466+0000][1][safepoint    ] Leaving safepoint region
[2022-06-13T03:24:51.466+0000][1][safepoint    ] Total time for which application threads were stopped: 0.0004391 seconds, Stopping threads took: 0.0001886 seconds
[2022-06-13T03:24:51.467+0000][1][safepoint    ] Application time: 0.0007138 seconds
[2022-06-13T03:24:51.467+0000][1][safepoint    ] Entering safepoint region: RevokeBias
[2022-06-13T03:24:51.467+0000][1][safepoint    ] Leaving safepoint region
[2022-06-13T03:24:51.468+0000][1][safepoint    ] Total time for which application threads were stopped: 0.0005939 seconds, Stopping threads took: 0.0003069 seconds
[2022-06-13T03:24:51.468+0000][1][safepoint    ] Application time: 0.0003639 seconds
[2022-06-13T03:24:51.469+0000][1][safepoint    ] Entering safepoint region: RevokeBias
[2022-06-13T03:24:51.469+0000][1][safepoint    ] Leaving safepoint region
[2022-06-13T03:24:51.469+0000][1][safepoint    ] Total time for which application threads were stopped: 0.0005197 seconds, Stopping threads took: 0.0003023 seconds
[2022-06-13T03:24:51.469+0000][1][safepoint    ] Application time: 0.0000689 seconds
[2022-06-13T03:24:51.470+0000][1][safepoint    ] Entering safepoint region: RevokeBias
[2022-06-13T03:24:51.470+0000][1][safepoint    ] Leaving safepoint region
[2022-06-13T03:24:51.470+0000][1][safepoint    ] Total time for which application threads were stopped: 0.0004346 seconds, Stopping threads took: 0.0002923 seconds
[2022-06-13T03:24:51.470+0000][1][safepoint    ] Application time: 0.0001845 seconds
[2022-06-13T03:24:51.470+0000][1][safepoint    ] Entering safepoint region: RevokeBias
[2022-06-13T03:24:51.471+0000][1][safepoint    ] Leaving safepoint region
[2022-06-13T03:24:51.471+0000][1][safepoint    ] Total time for which application threads were stopped: 0.0006107 seconds, Stopping threads took: 0.0002690 seconds
[2022-06-13T03:24:51.471+0000][1][safepoint    ] Application time: 0.0001938 seconds
[2022-06-13T03:24:51.472+0000][1][safepoint    ] Entering safepoint region: RevokeBias
[2022-06-13T03:24:51.472+0000][1][safepoint    ] Leaving safepoint region
[2022-06-13T03:24:51.472+0000][1][safepoint    ] Total time for which application threads were stopped: 0.0003401 seconds, Stopping threads took: 0.0001596 seconds
[2022-06-13T03:24:51.472+0000][1][safepoint    ] Application time: 0.0001589 seconds
[2022-06-13T03:24:51.473+0000][1][safepoint    ] Entering safepoint region: RevokeBias
[2022-06-13T03:24:51.473+0000][1][safepoint    ] Leaving safepoint region
[2022-06-13T03:24:51.473+0000][1][safepoint    ] Total time for which application threads were stopped: 0.0006246 seconds, Stopping threads took: 0.0002757 seconds
[2022-06-13T03:24:51.474+0000][1][safepoint    ] Application time: 0.0000879 seconds
[2022-06-13T03:24:51.474+0000][1][safepoint    ] Entering safepoint region: RevokeBias
[2022-06-13T03:24:51.474+0000][1][safepoint    ] Leaving safepoint region
[2022-06-13T03:24:51.474+0000][1][safepoint    ] Total time for which application threads were stopped: 0.0006612 seconds, Stopping threads took: 0.0003827 seconds
[2022-06-13T03:24:51.476+0000][1][safepoint    ] Application time: 0.0010154 seconds
[2022-06-13T03:24:51.476+0000][1][safepoint    ] Entering safepoint region: RevokeBias
[2022-06-13T03:24:51.476+0000][1][safepoint    ] Leaving safepoint region
[2022-06-13T03:24:51.476+0000][1][safepoint    ] Total time for which application threads were stopped: 0.0003436 seconds, Stopping threads took: 0.0001828 seconds
[2022-06-13T03:24:51.477+0000][1][safepoint    ] Application time: 0.0001045 seconds
[2022-06-13T03:24:51.477+0000][1][safepoint    ] Entering safepoint region: RevokeBias
[2022-06-13T03:24:51.477+0000][1][safepoint    ] Leaving safepoint region
[2022-06-13T03:24:51.477+0000][1][safepoint    ] Total time for which application threads were stopped: 0.0004284 seconds, Stopping threads took: 0.0001699 seconds
[2022-06-13T03:24:51.479+0000][1][safepoint    ] Application time: 0.0019011 seconds
[2022-06-13T03:24:51.479+0000][1][safepoint    ] Entering safepoint region: Deoptimize
[2022-06-13T03:24:51.480+0000][1][safepoint    ] Leaving safepoint region
[2022-06-13T03:24:51.480+0000][1][safepoint    ] Total time for which application threads were stopped: 0.0007502 seconds, Stopping threads took: 0.0001536 seconds
[2022-06-13T03:24:51.481+0000][1][safepoint    ] Application time: 0.0003401 seconds
[2022-06-13T03:24:51.481+0000][1][safepoint    ] Entering safepoint region: RevokeBias
[2022-06-13T03:24:51.481+0000][1][safepoint    ] Leaving safepoint region
[2022-06-13T03:24:51.481+0000][1][safepoint    ] Total time for which application threads were stopped: 0.0002950 seconds, Stopping threads took: 0.0000733 seconds
[2022-06-13T03:24:51.505+0000][1][safepoint    ] Application time: 0.0239443 seconds
[2022-06-13T03:24:51.505+0000][1][safepoint    ] Entering safepoint region: RevokeBias
[2022-06-13T03:24:51.506+0000][1][safepoint    ] Leaving safepoint region
[2022-06-13T03:24:51.506+0000][1][safepoint    ] Total time for which application threads were stopped: 0.0005811 seconds, Stopping threads took: 0.0001713 seconds
[2022-06-13T03:24:51.506+0000][1][safepoint    ] Application time: 0.0002255 seconds
[2022-06-13T03:24:51.507+0000][1][safepoint    ] Entering safepoint region: RevokeBias
[2022-06-13T03:24:51.507+0000][1][safepoint    ] Leaving safepoint region
[2022-06-13T03:24:51.507+0000][1][safepoint    ] Total time for which application threads were stopped: 0.0005629 seconds, Stopping threads took: 0.0001968 seconds
[2022-06-13T03:24:51.510+0000][1][safepoint    ] Application time: 0.0021666 seconds
[2022-06-13T03:24:51.510+0000][1][safepoint    ] Entering safepoint region: RevokeBias
[2022-06-13T03:24:51.510+0000][1][safepoint    ] Leaving safepoint region
[2022-06-13T03:24:51.510+0000][1][safepoint    ] Total time for which application threads were stopped: 0.0004236 seconds, Stopping threads took: 0.0002424 seconds
[2022-06-13T03:24:51.511+0000][1][safepoint    ] Application time: 0.0000825 seconds
[2022-06-13T03:24:51.511+0000][1][safepoint    ] Entering safepoint region: RevokeBias
[2022-06-13T03:24:51.511+0000][1][safepoint    ] Leaving safepoint region
[2022-06-13T03:24:51.511+0000][1][safepoint    ] Total time for which application threads were stopped: 0.0005540 seconds, Stopping threads took: 0.0002135 seconds
[2022-06-13T03:24:51.513+0000][1][safepoint    ] Application time: 0.0015547 seconds
[2022-06-13T03:24:51.514+0000][1][safepoint    ] Entering safepoint region: RevokeBias
[2022-06-13T03:24:51.514+0000][1][safepoint    ] Leaving safepoint region
[2022-06-13T03:24:51.514+0000][1][safepoint    ] Total time for which application threads were stopped: 0.0003040 seconds, Stopping threads took: 0.0001441 seconds
[2022-06-13T03:24:51.515+0000][1][safepoint    ] Application time: 0.0002518 seconds
[2022-06-13T03:24:51.515+0000][1][safepoint    ] Entering safepoint region: RevokeBias
[2022-06-13T03:24:51.515+0000][1][safepoint    ] Leaving safepoint region
[2022-06-13T03:24:51.515+0000][1][safepoint    ] Total time for which application threads were stopped: 0.0002668 seconds, Stopping threads took: 0.0000991 seconds
[2022-06-13T03:24:51.516+0000][1][safepoint    ] Application time: 0.0013764 seconds
[2022-06-13T03:24:51.517+0000][1][safepoint    ] Entering safepoint region: RevokeBias
[2022-06-13T03:24:51.517+0000][1][safepoint    ] Leaving safepoint region
[2022-06-13T03:24:51.517+0000][1][safepoint    ] Total time for which application threads were stopped: 0.0002967 seconds, Stopping threads took: 0.0001325 seconds
[2022-06-13T03:24:51.517+0000][1][safepoint    ] Application time: 0.0002022 seconds
[2022-06-13T03:24:51.517+0000][1][safepoint    ] Entering safepoint region: RevokeBias
[2022-06-13T03:24:51.518+0000][1][safepoint    ] Leaving safepoint region
[2022-06-13T03:24:51.518+0000][1][safepoint    ] Total time for which application threads were stopped: 0.0003541 seconds, Stopping threads took: 0.0001635 seconds
[2022-06-13T03:24:51.518+0000][1][safepoint    ] Application time: 0.0002056 seconds
[2022-06-13T03:24:51.518+0000][1][safepoint    ] Entering safepoint region: RevokeBias
[2022-06-13T03:24:51.519+0000][1][safepoint    ] Leaving safepoint region
[2022-06-13T03:24:51.519+0000][1][safepoint    ] Total time for which application threads were stopped: 0.0008045 seconds, Stopping threads took: 0.0004203 seconds
[2022-06-13T03:24:51.520+0000][1][safepoint    ] Application time: 0.0002874 seconds
[2022-06-13T03:24:51.520+0000][1][safepoint    ] Entering safepoint region: RevokeBias
[2022-06-13T03:24:51.520+0000][1][safepoint    ] Leaving safepoint region
[2022-06-13T03:24:51.520+0000][1][safepoint    ] Total time for which application threads were stopped: 0.0004968 seconds, Stopping threads took: 0.0002449 seconds
[2022-06-13T03:24:51.521+0000][1][safepoint    ] Application time: 0.0006150 seconds
[2022-06-13T03:24:51.521+0000][1][safepoint    ] Entering safepoint region: RevokeBias
[2022-06-13T03:24:51.522+0000][1][safepoint    ] Leaving safepoint region
[2022-06-13T03:24:51.522+0000][1][safepoint    ] Total time for which application threads were stopped: 0.0005497 seconds, Stopping threads took: 0.0001840 seconds
[2022-06-13T03:24:51.523+0000][1][safepoint    ] Application time: 0.0002296 seconds
[2022-06-13T03:24:51.523+0000][1][safepoint    ] Entering safepoint region: RevokeBias
[2022-06-13T03:24:51.523+0000][1][safepoint    ] Leaving safepoint region
[2022-06-13T03:24:51.523+0000][1][safepoint    ] Total time for which application threads were stopped: 0.0003789 seconds, Stopping threads took: 0.0001457 seconds
[2022-06-13T03:24:51.525+0000][1][safepoint    ] Application time: 0.0008026 seconds
[2022-06-13T03:24:51.525+0000][1][safepoint    ] Entering safepoint region: RevokeBias
[2022-06-13T03:24:51.525+0000][1][safepoint    ] Leaving safepoint region
[2022-06-13T03:24:51.525+0000][1][safepoint    ] Total time for which application threads were stopped: 0.0006180 seconds, Stopping threads took: 0.0003853 seconds
[2022-06-13T03:24:51.526+0000][1][safepoint    ] Application time: 0.0001608 seconds
[2022-06-13T03:24:51.526+0000][1][safepoint    ] Entering safepoint region: RevokeBias
[2022-06-13T03:24:51.526+0000][1][safepoint    ] Leaving safepoint region
[2022-06-13T03:24:51.527+0000][1][safepoint    ] Total time for which application threads were stopped: 0.0008432 seconds, Stopping threads took: 0.0004690 seconds
[2022-06-13T03:24:51.527+0000][1][safepoint    ] Application time: 0.0001876 seconds
[2022-06-13T03:24:51.527+0000][1][safepoint    ] Entering safepoint region: RevokeBias
[2022-06-13T03:24:51.528+0000][1][safepoint    ] Leaving safepoint region
[2022-06-13T03:24:51.528+0000][1][safepoint    ] Total time for which application threads were stopped: 0.0003987 seconds, Stopping threads took: 0.0001913 seconds
[2022-06-13T03:24:51.528+0000][1][safepoint    ] Application time: 0.0002586 seconds
[2022-06-13T03:24:51.528+0000][1][safepoint    ] Entering safepoint region: RevokeBias
[2022-06-13T03:24:51.529+0000][1][safepoint    ] Leaving safepoint region
[2022-06-13T03:24:51.529+0000][1][safepoint    ] Total time for which application threads were stopped: 0.0005410 seconds, Stopping threads took: 0.0002706 seconds
[2022-06-13T03:24:51.529+0000][1][safepoint    ] Application time: 0.0003098 seconds
[2022-06-13T03:24:51.530+0000][1][safepoint    ] Entering safepoint region: RevokeBias
[2022-06-13T03:24:51.530+0000][1][safepoint    ] Leaving safepoint region
[2022-06-13T03:24:51.530+0000][1][safepoint    ] Total time for which application threads were stopped: 0.0007254 seconds, Stopping threads took: 0.0003243 seconds
[2022-06-13T03:24:51.531+0000][1][safepoint    ] Application time: 0.0001810 seconds
[2022-06-13T03:24:51.531+0000][1][safepoint    ] Entering safepoint region: RevokeBias
[2022-06-13T03:24:51.531+0000][1][safepoint    ] Leaving safepoint region
[2022-06-13T03:24:51.532+0000][1][safepoint    ] Total time for which application threads were stopped: 0.0005671 seconds, Stopping threads took: 0.0002314 seconds
[2022-06-13T03:24:51.532+0000][1][safepoint    ] Application time: 0.0001709 seconds
[2022-06-13T03:24:51.532+0000][1][safepoint    ] Entering safepoint region: RevokeBias
[2022-06-13T03:24:51.532+0000][1][safepoint    ] Leaving safepoint region
[2022-06-13T03:24:51.533+0000][1][safepoint    ] Total time for which application threads were stopped: 0.0004308 seconds, Stopping threads took: 0.0002276 seconds
[2022-06-13T03:24:51.533+0000][1][safepoint    ] Application time: 0.0001915 seconds
[2022-06-13T03:24:51.533+0000][1][safepoint    ] Entering safepoint region: RevokeBias
[2022-06-13T03:24:51.533+0000][1][safepoint    ] Leaving safepoint region
[2022-06-13T03:24:51.534+0000][1][safepoint    ] Total time for which application threads were stopped: 0.0007416 seconds, Stopping threads took: 0.0002645 seconds
[2022-06-13T03:24:51.535+0000][1][safepoint    ] Application time: 0.0002078 seconds
[2022-06-13T03:24:51.535+0000][1][safepoint    ] Entering safepoint region: RevokeBias
[2022-06-13T03:24:51.535+0000][1][safepoint    ] Leaving safepoint region
[2022-06-13T03:24:51.535+0000][1][safepoint    ] Total time for which application threads were stopped: 0.0005312 seconds, Stopping threads took: 0.0001707 seconds
[2022-06-13T03:24:51.536+0000][1][safepoint    ] Application time: 0.0001705 seconds
[2022-06-13T03:24:51.536+0000][1][safepoint    ] Entering safepoint region: RevokeBias
[2022-06-13T03:24:51.536+0000][1][safepoint    ] Leaving safepoint region
[2022-06-13T03:24:51.536+0000][1][safepoint    ] Total time for which application threads were stopped: 0.0005508 seconds, Stopping threads took: 0.0002554 seconds
[2022-06-13T03:24:51.537+0000][1][safepoint    ] Application time: 0.0003159 seconds
[2022-06-13T03:24:51.537+0000][1][safepoint    ] Entering safepoint region: RevokeBias
[2022-06-13T03:24:51.537+0000][1][safepoint    ] Leaving safepoint region
[2022-06-13T03:24:51.538+0000][1][safepoint    ] Total time for which application threads were stopped: 0.0005976 seconds, Stopping threads took: 0.0003007 seconds
[2022-06-13T03:24:51.538+0000][1][safepoint    ] Application time: 0.0005125 seconds
[2022-06-13T03:24:51.539+0000][1][safepoint    ] Entering safepoint region: RevokeBias
[2022-06-13T03:24:51.540+0000][1][safepoint    ] Leaving safepoint region
[2022-06-13T03:24:51.540+0000][1][safepoint    ] Total time for which application threads were stopped: 0.0011752 seconds, Stopping threads took: 0.0008589 seconds
[2022-06-13T03:24:51.541+0000][1][safepoint    ] Application time: 0.0005126 seconds
[2022-06-13T03:24:51.542+0000][1][safepoint    ] Entering safepoint region: RevokeBias
[2022-06-13T03:24:51.543+0000][1][safepoint    ] Leaving safepoint region
[2022-06-13T03:24:51.543+0000][1][safepoint    ] Total time for which application threads were stopped: 0.0011488 seconds, Stopping threads took: 0.0007683 seconds
[2022-06-13T03:24:51.543+0000][1][safepoint    ] Application time: 0.0001497 seconds
[2022-06-13T03:24:51.544+0000][1][safepoint    ] Entering safepoint region: RevokeBias
[2022-06-13T03:24:51.544+0000][1][safepoint    ] Leaving safepoint region
[2022-06-13T03:24:51.545+0000][1][safepoint    ] Total time for which application threads were stopped: 0.0009699 seconds, Stopping threads took: 0.0004373 seconds
[2022-06-13T03:24:51.546+0000][1][safepoint    ] Application time: 0.0007439 seconds
[2022-06-13T03:24:51.546+0000][1][safepoint    ] Entering safepoint region: RevokeBias
[2022-06-13T03:24:51.547+0000][1][safepoint    ] Leaving safepoint region
[2022-06-13T03:24:51.547+0000][1][safepoint    ] Total time for which application threads were stopped: 0.0009504 seconds, Stopping threads took: 0.0003390 seconds
[2022-06-13T03:24:51.548+0000][1][safepoint    ] Application time: 0.0001176 seconds
[2022-06-13T03:24:51.548+0000][1][safepoint    ] Entering safepoint region: RevokeBias
[2022-06-13T03:24:51.548+0000][1][safepoint    ] Leaving safepoint region
[2022-06-13T03:24:51.549+0000][1][safepoint    ] Total time for which application threads were stopped: 0.0009224 seconds, Stopping threads took: 0.0004717 seconds
[2022-06-13T03:24:51.549+0000][1][safepoint    ] Application time: 0.0002779 seconds
[2022-06-13T03:24:51.550+0000][1][safepoint    ] Entering safepoint region: RevokeBias
[2022-06-13T03:24:51.550+0000][1][safepoint    ] Leaving safepoint region
[2022-06-13T03:24:51.550+0000][1][safepoint    ] Total time for which application threads were stopped: 0.0008585 seconds, Stopping threads took: 0.0003437 seconds
[2022-06-13T03:24:51.551+0000][1][safepoint    ] Application time: 0.0001487 seconds
[2022-06-13T03:24:51.552+0000][1][safepoint    ] Entering safepoint region: RevokeBias
[2022-06-13T03:24:51.552+0000][1][safepoint    ] Leaving safepoint region
[2022-06-13T03:24:51.552+0000][1][safepoint    ] Total time for which application threads were stopped: 0.0007945 seconds, Stopping threads took: 0.0005072 seconds
[2022-06-13T03:24:51.554+0000][1][safepoint    ] Application time: 0.0015260 seconds
[2022-06-13T03:24:51.555+0000][1][safepoint    ] Entering safepoint region: RevokeBias
[2022-06-13T03:24:51.555+0000][1][safepoint    ] Leaving safepoint region
[2022-06-13T03:24:51.556+0000][1][safepoint    ] Total time for which application threads were stopped: 0.0008521 seconds, Stopping threads took: 0.0003787 seconds
[2022-06-13T03:24:51.556+0000][1][safepoint    ] Application time: 0.0002515 seconds
[2022-06-13T03:24:51.556+0000][1][safepoint    ] Entering safepoint region: RevokeBias
[2022-06-13T03:24:51.557+0000][1][safepoint    ] Leaving safepoint region
[2022-06-13T03:24:51.557+0000][1][safepoint    ] Total time for which application threads were stopped: 0.0008556 seconds, Stopping threads took: 0.0005571 seconds
[2022-06-13T03:24:51.558+0000][1][safepoint    ] Application time: 0.0004149 seconds
[2022-06-13T03:24:51.558+0000][1][safepoint    ] Entering safepoint region: RevokeBias
[2022-06-13T03:24:51.558+0000][1][safepoint    ] Leaving safepoint region
[2022-06-13T03:24:51.558+0000][1][safepoint    ] Total time for which application threads were stopped: 0.0005802 seconds, Stopping threads took: 0.0002712 seconds
[2022-06-13T03:24:51.559+0000][1][safepoint    ] Application time: 0.0002277 seconds
[2022-06-13T03:24:51.559+0000][1][safepoint    ] Entering safepoint region: RevokeBias
[2022-06-13T03:24:51.559+0000][1][safepoint    ] Leaving safepoint region
[2022-06-13T03:24:51.560+0000][1][safepoint    ] Total time for which application threads were stopped: 0.0008631 seconds, Stopping threads took: 0.0003352 seconds
[2022-06-13T03:24:51.560+0000][1][safepoint    ] Application time: 0.0000784 seconds
[2022-06-13T03:24:51.561+0000][1][safepoint    ] Entering safepoint region: RevokeBias
[2022-06-13T03:24:51.561+0000][1][safepoint    ] Leaving safepoint region
[2022-06-13T03:24:51.562+0000][1][safepoint    ] Total time for which application threads were stopped: 0.0007984 seconds, Stopping threads took: 0.0003958 seconds
[2022-06-13T03:24:51.562+0000][1][safepoint    ] Application time: 0.0000958 seconds
[2022-06-13T03:24:51.562+0000][1][safepoint    ] Entering safepoint region: RevokeBias
[2022-06-13T03:24:51.562+0000][1][safepoint    ] Leaving safepoint region
[2022-06-13T03:24:51.562+0000][1][safepoint    ] Total time for which application threads were stopped: 0.0004491 seconds, Stopping threads took: 0.0002607 seconds
[2022-06-13T03:24:51.564+0000][1][safepoint    ] Application time: 0.0014658 seconds
[2022-06-13T03:24:51.565+0000][1][safepoint    ] Entering safepoint region: RevokeBias
[2022-06-13T03:24:51.565+0000][1][safepoint    ] Leaving safepoint region
[2022-06-13T03:24:51.565+0000][1][safepoint    ] Total time for which application threads were stopped: 0.0003774 seconds, Stopping threads took: 0.0001490 seconds
[2022-06-13T03:24:51.570+0000][1][safepoint    ] Application time: 0.0050766 seconds
[2022-06-13T03:24:51.570+0000][1][safepoint    ] Entering safepoint region: RevokeBias
[2022-06-13T03:24:51.571+0000][1][safepoint    ] Leaving safepoint region
[2022-06-13T03:24:51.571+0000][1][safepoint    ] Total time for which application threads were stopped: 0.0002722 seconds, Stopping threads took: 0.0001097 seconds
[2022-06-13T03:24:51.571+0000][1][safepoint    ] Application time: 0.0000729 seconds
[2022-06-13T03:24:51.571+0000][1][safepoint    ] Entering safepoint region: RevokeBias
[2022-06-13T03:24:51.571+0000][1][safepoint    ] Leaving safepoint region
[2022-06-13T03:24:51.572+0000][1][safepoint    ] Total time for which application threads were stopped: 0.0003361 seconds, Stopping threads took: 0.0001434 seconds
[2022-06-13T03:24:51.572+0000][1][safepoint    ] Application time: 0.0000757 seconds
[2022-06-13T03:24:51.572+0000][1][safepoint    ] Entering safepoint region: RevokeBias
[2022-06-13T03:24:51.572+0000][1][safepoint    ] Leaving safepoint region
[2022-06-13T03:24:51.572+0000][1][safepoint    ] Total time for which application threads were stopped: 0.0003241 seconds, Stopping threads took: 0.0001219 seconds
[2022-06-13T03:24:51.573+0000][1][safepoint    ] Application time: 0.0004842 seconds
[2022-06-13T03:24:51.573+0000][1][safepoint    ] Entering safepoint region: RevokeBias
[2022-06-13T03:24:51.573+0000][1][safepoint    ] Leaving safepoint region
[2022-06-13T03:24:51.574+0000][1][safepoint    ] Total time for which application threads were stopped: 0.0004059 seconds, Stopping threads took: 0.0001076 seconds
[2022-06-13T03:24:51.574+0000][1][safepoint    ] Application time: 0.0000791 seconds
[2022-06-13T03:24:51.574+0000][1][safepoint    ] Entering safepoint region: RevokeBias
[2022-06-13T03:24:51.574+0000][1][safepoint    ] Leaving safepoint region
[2022-06-13T03:24:51.574+0000][1][safepoint    ] Total time for which application threads were stopped: 0.0002119 seconds, Stopping threads took: 0.0000987 seconds
[2022-06-13T03:24:51.574+0000][1][safepoint    ] Application time: 0.0000841 seconds
[2022-06-13T03:24:51.575+0000][1][safepoint    ] Entering safepoint region: RevokeBias
[2022-06-13T03:24:51.575+0000][1][safepoint    ] Leaving safepoint region
[2022-06-13T03:24:51.575+0000][1][safepoint    ] Total time for which application threads were stopped: 0.0003961 seconds, Stopping threads took: 0.0002292 seconds
[2022-06-13T03:24:51.576+0000][1][safepoint    ] Application time: 0.0004547 seconds
[2022-06-13T03:24:51.576+0000][1][safepoint    ] Entering safepoint region: RevokeBias
[2022-06-13T03:24:51.576+0000][1][safepoint    ] Leaving safepoint region
[2022-06-13T03:24:51.576+0000][1][safepoint    ] Total time for which application threads were stopped: 0.0003594 seconds, Stopping threads took: 0.0001450 seconds
[2022-06-13T03:24:51.577+0000][1][safepoint    ] Application time: 0.0003504 seconds
[2022-06-13T03:24:51.577+0000][1][safepoint    ] Entering safepoint region: RevokeBias
[2022-06-13T03:24:51.577+0000][1][safepoint    ] Leaving safepoint region
[2022-06-13T03:24:51.577+0000][1][safepoint    ] Total time for which application threads were stopped: 0.0002374 seconds, Stopping threads took: 0.0001092 seconds
[2022-06-13T03:24:51.577+0000][1][safepoint    ] Application time: 0.0003291 seconds
[2022-06-13T03:24:51.577+0000][1][safepoint    ] Entering safepoint region: RevokeBias
[2022-06-13T03:24:51.578+0000][1][safepoint    ] Leaving safepoint region
[2022-06-13T03:24:51.578+0000][1][safepoint    ] Total time for which application threads were stopped: 0.0002847 seconds, Stopping threads took: 0.0001395 seconds
[2022-06-13T03:24:51.579+0000][1][safepoint    ] Application time: 0.0006133 seconds
[2022-06-13T03:24:51.579+0000][1][safepoint    ] Entering safepoint region: RevokeBias
[2022-06-13T03:24:51.579+0000][1][safepoint    ] Leaving safepoint region
[2022-06-13T03:24:51.579+0000][1][safepoint    ] Total time for which application threads were stopped: 0.0002450 seconds, Stopping threads took: 0.0001148 seconds
[2022-06-13T03:24:51.579+0000][1][safepoint    ] Application time: 0.0002568 seconds
[2022-06-13T03:24:51.579+0000][1][safepoint    ] Entering safepoint region: RevokeBias
[2022-06-13T03:24:51.580+0000][1][safepoint    ] Leaving safepoint region
[2022-06-13T03:24:51.580+0000][1][safepoint    ] Total time for which application threads were stopped: 0.0002371 seconds, Stopping threads took: 0.0001255 seconds
[2022-06-13T03:24:51.580+0000][1][safepoint    ] Application time: 0.0006822 seconds
[2022-06-13T03:24:51.581+0000][1][safepoint    ] Entering safepoint region: RevokeBias
[2022-06-13T03:24:51.581+0000][1][safepoint    ] Leaving safepoint region
[2022-06-13T03:24:51.581+0000][1][safepoint    ] Total time for which application threads were stopped: 0.0002986 seconds, Stopping threads took: 0.0001551 seconds
[2022-06-13T03:24:51.581+0000][1][safepoint    ] Application time: 0.0002686 seconds
[2022-06-13T03:24:51.581+0000][1][safepoint    ] Entering safepoint region: RevokeBias
[2022-06-13T03:24:51.582+0000][1][safepoint    ] Leaving safepoint region
[2022-06-13T03:24:51.582+0000][1][safepoint    ] Total time for which application threads were stopped: 0.0002935 seconds, Stopping threads took: 0.0001414 seconds
[2022-06-13T03:24:51.582+0000][1][safepoint    ] Application time: 0.0001362 seconds
[2022-06-13T03:24:51.582+0000][1][safepoint    ] Entering safepoint region: RevokeBias
[2022-06-13T03:24:51.582+0000][1][safepoint    ] Leaving safepoint region
[2022-06-13T03:24:51.582+0000][1][safepoint    ] Total time for which application threads were stopped: 0.0002403 seconds, Stopping threads took: 0.0001092 seconds
[2022-06-13T03:24:51.583+0000][1][safepoint    ] Application time: 0.0004976 seconds
[2022-06-13T03:24:51.583+0000][1][safepoint    ] Entering safepoint region: RevokeBias
[2022-06-13T03:24:51.583+0000][1][safepoint    ] Leaving safepoint region
[2022-06-13T03:24:51.583+0000][1][safepoint    ] Total time for which application threads were stopped: 0.0002428 seconds, Stopping threads took: 0.0001079 seconds
[2022-06-13T03:24:51.585+0000][1][safepoint    ] Application time: 0.0013259 seconds
[2022-06-13T03:24:51.585+0000][1][safepoint    ] Entering safepoint region: RevokeBias
[2022-06-13T03:24:51.585+0000][1][safepoint    ] Leaving safepoint region
[2022-06-13T03:24:51.585+0000][1][safepoint    ] Total time for which application threads were stopped: 0.0002539 seconds, Stopping threads took: 0.0001183 seconds
[2022-06-13T03:24:51.585+0000][1][safepoint    ] Application time: 0.0000409 seconds
[2022-06-13T03:24:51.585+0000][1][safepoint    ] Entering safepoint region: RevokeBias
[2022-06-13T03:24:51.585+0000][1][safepoint    ] Leaving safepoint region
[2022-06-13T03:24:51.586+0000][1][safepoint    ] Total time for which application threads were stopped: 0.0002955 seconds, Stopping threads took: 0.0001061 seconds
[2022-06-13T03:24:51.586+0000][1][safepoint    ] Application time: 0.0001414 seconds
[2022-06-13T03:24:51.586+0000][1][safepoint    ] Entering safepoint region: RevokeBias
[2022-06-13T03:24:51.586+0000][1][safepoint    ] Leaving safepoint region
[2022-06-13T03:24:51.586+0000][1][safepoint    ] Total time for which application threads were stopped: 0.0002983 seconds, Stopping threads took: 0.0001555 seconds
[2022-06-13T03:24:51.586+0000][1][safepoint    ] Application time: 0.0001181 seconds
[2022-06-13T03:24:51.587+0000][1][safepoint    ] Entering safepoint region: RevokeBias
[2022-06-13T03:24:51.587+0000][1][safepoint    ] Leaving safepoint region
[2022-06-13T03:24:51.587+0000][1][safepoint    ] Total time for which application threads were stopped: 0.0003306 seconds, Stopping threads took: 0.0001780 seconds
[2022-06-13T03:24:51.587+0000][1][safepoint    ] Application time: 0.0001769 seconds
[2022-06-13T03:24:51.587+0000][1][safepoint    ] Entering safepoint region: RevokeBias
[2022-06-13T03:24:51.588+0000][1][safepoint    ] Leaving safepoint region
[2022-06-13T03:24:51.588+0000][1][safepoint    ] Total time for which application threads were stopped: 0.0003572 seconds, Stopping threads took: 0.0001881 seconds
[2022-06-13T03:24:51.590+0000][1][gc,heap,exit ] Heap
[2022-06-13T03:24:51.590+0000][1][gc,heap,exit ]  par new generation   total 78656K, used 23978K [0x00000000f0000000, 0x00000000f5550000, 0x00000000f5550000)
[2022-06-13T03:24:51.590+0000][1][gc,heap,exit ]   eden space 69952K,  21% used [0x00000000f0000000, 0x00000000f0eea988, 0x00000000f4450000)
[2022-06-13T03:24:51.591+0000][1][gc,heap,exit ]   from space 8704K, 100% used [0x00000000f4450000, 0x00000000f4cd0000, 0x00000000f4cd0000)
[2022-06-13T03:24:51.591+0000][1][gc,heap,exit ]   to   space 8704K,   0% used [0x00000000f4cd0000, 0x00000000f4cd0000, 0x00000000f5550000)
[2022-06-13T03:24:51.591+0000][1][gc,heap,exit ]  concurrent mark-sweep generation total 174784K, used 60192K [0x00000000f5550000, 0x0000000100000000, 0x0000000100000000)
[2022-06-13T03:24:51.591+0000][1][gc,heap,exit ]  Metaspace       used 63591K, capacity 68437K, committed 68648K, reserved 1107968K
[2022-06-13T03:24:51.591+0000][1][gc,heap,exit ]   class space    used 8644K, capacity 10666K, committed 10684K, reserved 1048576K
[2022-06-13T03:24:51.591+0000][1][safepoint    ] Application time: 0.0032956 seconds
[2022-06-13T03:24:51.591+0000][1][safepoint    ] Entering safepoint region: Exit
