[2022-06-13T02:53:47.739+0000][1][gc] Using Concurrent Mark Sweep
[2022-06-13T02:53:47.740+0000][1][gc,heap,coops] Heap address: 0x00000000f0000000, size: 256 MB, Compressed Oops mode: 32-bit
[2022-06-13T02:53:47.788+0000][1][safepoint    ] Entering safepoint region: EnableBiasedLocking
[2022-06-13T02:53:47.788+0000][1][safepoint    ] Leaving safepoint region
[2022-06-13T02:53:47.788+0000][1][safepoint    ] Total time for which application threads were stopped: 0.0005786 seconds, Stopping threads took: 0.0003251 seconds
[2022-06-13T02:53:47.792+0000][1][safepoint    ] Application time: 0.0034011 seconds
[2022-06-13T02:53:47.793+0000][1][safepoint    ] Entering safepoint region: RevokeBias
[2022-06-13T02:53:47.793+0000][1][safepoint    ] Leaving safepoint region
[2022-06-13T02:53:47.793+0000][1][safepoint    ] Total time for which application threads were stopped: 0.0006808 seconds, Stopping threads took: 0.0004308 seconds
[2022-06-13T02:53:47.803+0000][1][safepoint    ] Application time: 0.0096022 seconds
[2022-06-13T02:53:47.803+0000][1][safepoint    ] Entering safepoint region: Deoptimize
[2022-06-13T02:53:47.804+0000][1][safepoint    ] Leaving safepoint region
[2022-06-13T02:53:47.804+0000][1][safepoint    ] Total time for which application threads were stopped: 0.0004372 seconds, Stopping threads took: 0.0001999 seconds
[2022-06-13T02:53:47.908+0000][1][safepoint    ] Application time: 0.1045037 seconds
[2022-06-13T02:53:47.909+0000][1][safepoint    ] Entering safepoint region: Deoptimize
[2022-06-13T02:53:47.909+0000][1][safepoint    ] Leaving safepoint region
[2022-06-13T02:53:47.909+0000][1][safepoint    ] Total time for which application threads were stopped: 0.0005092 seconds, Stopping threads took: 0.0002250 seconds
[2022-06-13T02:53:48.199+0000][1][safepoint    ] Application time: 0.2900081 seconds
[2022-06-13T02:53:48.200+0000][1][safepoint    ] Entering safepoint region: Deoptimize
[2022-06-13T02:53:48.200+0000][1][safepoint    ] Leaving safepoint region
[2022-06-13T02:53:48.200+0000][1][safepoint    ] Total time for which application threads were stopped: 0.0005438 seconds, Stopping threads took: 0.0001938 seconds
[2022-06-13T02:53:48.216+0000][1][safepoint    ] Application time: 0.0161365 seconds
[2022-06-13T02:53:48.217+0000][1][safepoint    ] Entering safepoint region: Deoptimize
[2022-06-13T02:53:48.217+0000][1][safepoint    ] Leaving safepoint region
[2022-06-13T02:53:48.217+0000][1][safepoint    ] Total time for which application threads were stopped: 0.0005948 seconds, Stopping threads took: 0.0002505 seconds
[2022-06-13T02:53:48.271+0000][1][safepoint    ] Application time: 0.0530014 seconds
[2022-06-13T02:53:48.271+0000][1][safepoint    ] Entering safepoint region: Deoptimize
[2022-06-13T02:53:48.272+0000][1][safepoint    ] Leaving safepoint region
[2022-06-13T02:53:48.272+0000][1][safepoint    ] Total time for which application threads were stopped: 0.0007594 seconds, Stopping threads took: 0.0002832 seconds
[2022-06-13T02:53:48.282+0000][1][safepoint    ] Application time: 0.0092255 seconds
[2022-06-13T02:53:48.282+0000][1][safepoint    ] Entering safepoint region: RevokeBias
[2022-06-13T02:53:48.282+0000][1][safepoint    ] Leaving safepoint region
[2022-06-13T02:53:48.282+0000][1][safepoint    ] Total time for which application threads were stopped: 0.0004606 seconds, Stopping threads took: 0.0001919 seconds
[2022-06-13T02:53:48.285+0000][1][safepoint    ] Application time: 0.0028656 seconds
[2022-06-13T02:53:48.286+0000][1][safepoint    ] Entering safepoint region: Deoptimize
[2022-06-13T02:53:48.287+0000][1][safepoint    ] Leaving safepoint region
[2022-06-13T02:53:48.287+0000][1][safepoint    ] Total time for which application threads were stopped: 0.0005940 seconds, Stopping threads took: 0.0002459 seconds
[2022-06-13T02:53:48.642+0000][1][safepoint    ] Application time: 0.3550011 seconds
[2022-06-13T02:53:48.642+0000][1][safepoint    ] Entering safepoint region: Deoptimize
[2022-06-13T02:53:48.643+0000][1][safepoint    ] Leaving safepoint region
[2022-06-13T02:53:48.643+0000][1][safepoint    ] Total time for which application threads were stopped: 0.0005391 seconds, Stopping threads took: 0.0001150 seconds
[2022-06-13T02:53:48.868+0000][1][safepoint    ] Application time: 0.2255554 seconds
[2022-06-13T02:53:48.869+0000][1][safepoint    ] Entering safepoint region: RevokeBias
[2022-06-13T02:53:48.869+0000][1][safepoint    ] Leaving safepoint region
[2022-06-13T02:53:48.869+0000][1][safepoint    ] Total time for which application threads were stopped: 0.0005092 seconds, Stopping threads took: 0.0002112 seconds
[2022-06-13T02:53:48.969+0000][1][safepoint    ] Application time: 0.0995992 seconds
[2022-06-13T02:53:48.972+0000][1][safepoint    ] Entering safepoint region: Deoptimize
[2022-06-13T02:53:48.973+0000][1][safepoint    ] Leaving safepoint region
[2022-06-13T02:53:48.973+0000][1][safepoint    ] Total time for which application threads were stopped: 0.0016524 seconds, Stopping threads took: 0.0009973 seconds
[2022-06-13T02:53:49.074+0000][1][safepoint    ] Application time: 0.1005432 seconds
[2022-06-13T02:53:49.074+0000][1][safepoint    ] Entering safepoint region: Deoptimize
[2022-06-13T02:53:49.075+0000][1][safepoint    ] Leaving safepoint region
[2022-06-13T02:53:49.075+0000][1][safepoint    ] Total time for which application threads were stopped: 0.0005527 seconds, Stopping threads took: 0.0001949 seconds
[2022-06-13T02:53:49.075+0000][1][safepoint    ] Application time: 0.0001766 seconds
[2022-06-13T02:53:49.075+0000][1][safepoint    ] Entering safepoint region: Deoptimize
[2022-06-13T02:53:49.076+0000][1][safepoint    ] Leaving safepoint region
[2022-06-13T02:53:49.076+0000][1][safepoint    ] Total time for which application threads were stopped: 0.0005363 seconds, Stopping threads took: 0.0001514 seconds
[2022-06-13T02:53:49.108+0000][1][safepoint    ] Application time: 0.0322410 seconds
[2022-06-13T02:53:49.109+0000][1][safepoint    ] Entering safepoint region: Deoptimize
[2022-06-13T02:53:49.109+0000][1][safepoint    ] Leaving safepoint region
[2022-06-13T02:53:49.109+0000][1][safepoint    ] Total time for which application threads were stopped: 0.0006373 seconds, Stopping threads took: 0.0001422 seconds
[2022-06-13T02:53:49.117+0000][1][safepoint    ] Application time: 0.0074919 seconds
[2022-06-13T02:53:49.117+0000][1][safepoint    ] Entering safepoint region: RevokeBias
[2022-06-13T02:53:49.117+0000][1][safepoint    ] Leaving safepoint region
[2022-06-13T02:53:49.118+0000][1][safepoint    ] Total time for which application threads were stopped: 0.0003844 seconds, Stopping threads took: 0.0001972 seconds
[2022-06-13T02:53:49.118+0000][1][safepoint    ] Application time: 0.0001202 seconds
[2022-06-13T02:53:49.118+0000][1][safepoint    ] Entering safepoint region: RevokeBias
[2022-06-13T02:53:49.118+0000][1][safepoint    ] Leaving safepoint region
[2022-06-13T02:53:49.119+0000][1][safepoint    ] Total time for which application threads were stopped: 0.0004121 seconds, Stopping threads took: 0.0001869 seconds
[2022-06-13T02:53:49.119+0000][1][safepoint    ] Application time: 0.0001031 seconds
[2022-06-13T02:53:49.119+0000][1][safepoint    ] Entering safepoint region: RevokeBias
[2022-06-13T02:53:49.120+0000][1][safepoint    ] Leaving safepoint region
[2022-06-13T02:53:49.120+0000][1][safepoint    ] Total time for which application threads were stopped: 0.0004301 seconds, Stopping threads took: 0.0002247 seconds
[2022-06-13T02:53:49.120+0000][1][safepoint    ] Application time: 0.0002122 seconds
[2022-06-13T02:53:49.121+0000][1][safepoint    ] Entering safepoint region: RevokeBias
[2022-06-13T02:53:49.121+0000][1][safepoint    ] Leaving safepoint region
[2022-06-13T02:53:49.121+0000][1][safepoint    ] Total time for which application threads were stopped: 0.0005113 seconds, Stopping threads took: 0.0003089 seconds
[2022-06-13T02:53:49.121+0000][1][safepoint    ] Application time: 0.0003739 seconds
[2022-06-13T02:53:49.122+0000][1][safepoint    ] Entering safepoint region: RevokeBias
[2022-06-13T02:53:49.122+0000][1][safepoint    ] Leaving safepoint region
[2022-06-13T02:53:49.122+0000][1][safepoint    ] Total time for which application threads were stopped: 0.0004350 seconds, Stopping threads took: 0.0002301 seconds
[2022-06-13T02:53:49.129+0000][1][safepoint    ] Application time: 0.0067820 seconds
[2022-06-13T02:53:49.129+0000][1][safepoint    ] Entering safepoint region: Deoptimize
[2022-06-13T02:53:49.130+0000][1][safepoint    ] Leaving safepoint region
[2022-06-13T02:53:49.130+0000][1][safepoint    ] Total time for which application threads were stopped: 0.0005778 seconds, Stopping threads took: 0.0001556 seconds
[2022-06-13T02:53:49.209+0000][1][safepoint    ] Application time: 0.0791167 seconds
[2022-06-13T02:53:49.210+0000][1][safepoint    ] Entering safepoint region: GenCollectForAllocation
[2022-06-13T02:53:49.210+0000][1][gc,start     ] GC(0) Pause Young (Allocation Failure)
[2022-06-13T02:53:49.211+0000][1][gc,task      ] GC(0) Using 5 workers of 13 for evacuation
[2022-06-13T02:53:49.216+0000][1][gc,age       ] GC(0) Desired survivor size 4456448 bytes, new threshold 1 (max threshold 6)
[2022-06-13T02:53:49.217+0000][1][gc,age       ] GC(0) Age table with threshold 1 (max threshold 6)
[2022-06-13T02:53:49.217+0000][1][gc,age       ] GC(0) - age   1:    8108928 bytes,    8108928 total
[2022-06-13T02:53:49.217+0000][1][gc,heap      ] GC(0) ParNew: 69952K->8028K(78656K)
[2022-06-13T02:53:49.217+0000][1][gc,heap      ] GC(0) CMS: 0K->0K(174784K)
[2022-06-13T02:53:49.217+0000][1][gc,metaspace ] GC(0) Metaspace: 12435K->12435K(1060864K)
[2022-06-13T02:53:49.217+0000][1][gc           ] GC(0) Pause Young (Allocation Failure) 68M->7M(247M) 7.539ms
[2022-06-13T02:53:49.217+0000][1][gc,cpu       ] GC(0) User=0.03s Sys=0.00s Real=0.00s
[2022-06-13T02:53:49.218+0000][1][safepoint    ] Leaving safepoint region
[2022-06-13T02:53:49.218+0000][1][safepoint    ] Total time for which application threads were stopped: 0.0083252 seconds, Stopping threads took: 0.0001678 seconds
[2022-06-13T02:53:49.218+0000][1][safepoint    ] Application time: 0.0003004 seconds
[2022-06-13T02:53:49.219+0000][1][safepoint    ] Entering safepoint region: RevokeBias
[2022-06-13T02:53:49.219+0000][1][safepoint    ] Leaving safepoint region
[2022-06-13T02:53:49.219+0000][1][safepoint    ] Total time for which application threads were stopped: 0.0004369 seconds, Stopping threads took: 0.0002097 seconds
[2022-06-13T02:53:49.219+0000][1][safepoint    ] Application time: 0.0001214 seconds
[2022-06-13T02:53:49.220+0000][1][safepoint    ] Entering safepoint region: RevokeBias
[2022-06-13T02:53:49.220+0000][1][safepoint    ] Leaving safepoint region
[2022-06-13T02:53:49.220+0000][1][safepoint    ] Total time for which application threads were stopped: 0.0005066 seconds, Stopping threads took: 0.0002855 seconds
[2022-06-13T02:53:49.220+0000][1][safepoint    ] Application time: 0.0001169 seconds
[2022-06-13T02:53:49.220+0000][1][safepoint    ] Entering safepoint region: RevokeBias
[2022-06-13T02:53:49.221+0000][1][safepoint    ] Leaving safepoint region
[2022-06-13T02:53:49.221+0000][1][safepoint    ] Total time for which application threads were stopped: 0.0003865 seconds, Stopping threads took: 0.0001807 seconds
[2022-06-13T02:53:49.224+0000][1][safepoint    ] Application time: 0.0034875 seconds
[2022-06-13T02:53:49.225+0000][1][safepoint    ] Entering safepoint region: RevokeBias
[2022-06-13T02:53:49.225+0000][1][safepoint    ] Leaving safepoint region
[2022-06-13T02:53:49.225+0000][1][safepoint    ] Total time for which application threads were stopped: 0.0003986 seconds, Stopping threads took: 0.0002266 seconds
[2022-06-13T02:53:49.225+0000][1][safepoint    ] Application time: 0.0001145 seconds
[2022-06-13T02:53:49.226+0000][1][safepoint    ] Entering safepoint region: RevokeBias
[2022-06-13T02:53:49.226+0000][1][safepoint    ] Leaving safepoint region
[2022-06-13T02:53:49.226+0000][1][safepoint    ] Total time for which application threads were stopped: 0.0004419 seconds, Stopping threads took: 0.0002485 seconds
[2022-06-13T02:53:49.226+0000][1][safepoint    ] Application time: 0.0001386 seconds
[2022-06-13T02:53:49.227+0000][1][safepoint    ] Entering safepoint region: RevokeBias
[2022-06-13T02:53:49.227+0000][1][safepoint    ] Leaving safepoint region
[2022-06-13T02:53:49.227+0000][1][safepoint    ] Total time for which application threads were stopped: 0.0004976 seconds, Stopping threads took: 0.0003120 seconds
[2022-06-13T02:53:49.227+0000][1][safepoint    ] Application time: 0.0000872 seconds
[2022-06-13T02:53:49.228+0000][1][safepoint    ] Entering safepoint region: RevokeBias
[2022-06-13T02:53:49.228+0000][1][safepoint    ] Leaving safepoint region
[2022-06-13T02:53:49.228+0000][1][safepoint    ] Total time for which application threads were stopped: 0.0003683 seconds, Stopping threads took: 0.0001601 seconds
[2022-06-13T02:53:49.228+0000][1][safepoint    ] Application time: 0.0001152 seconds
[2022-06-13T02:53:49.228+0000][1][safepoint    ] Entering safepoint region: RevokeBias
[2022-06-13T02:53:49.228+0000][1][safepoint    ] Leaving safepoint region
[2022-06-13T02:53:49.229+0000][1][safepoint    ] Total time for which application threads were stopped: 0.0003167 seconds, Stopping threads took: 0.0001675 seconds
[2022-06-13T02:53:49.229+0000][1][safepoint    ] Application time: 0.0001709 seconds
[2022-06-13T02:53:49.229+0000][1][safepoint    ] Entering safepoint region: RevokeBias
[2022-06-13T02:53:49.229+0000][1][safepoint    ] Leaving safepoint region
[2022-06-13T02:53:49.229+0000][1][safepoint    ] Total time for which application threads were stopped: 0.0004414 seconds, Stopping threads took: 0.0002787 seconds
[2022-06-13T02:53:49.230+0000][1][safepoint    ] Application time: 0.0000855 seconds
[2022-06-13T02:53:49.230+0000][1][safepoint    ] Entering safepoint region: RevokeBias
[2022-06-13T02:53:49.230+0000][1][safepoint    ] Leaving safepoint region
[2022-06-13T02:53:49.230+0000][1][safepoint    ] Total time for which application threads were stopped: 0.0003744 seconds, Stopping threads took: 0.0001966 seconds
[2022-06-13T02:53:49.231+0000][1][safepoint    ] Application time: 0.0001565 seconds
[2022-06-13T02:53:49.231+0000][1][safepoint    ] Entering safepoint region: RevokeBias
[2022-06-13T02:53:49.231+0000][1][safepoint    ] Leaving safepoint region
[2022-06-13T02:53:49.231+0000][1][safepoint    ] Total time for which application threads were stopped: 0.0003561 seconds, Stopping threads took: 0.0001600 seconds
[2022-06-13T02:53:49.232+0000][1][safepoint    ] Application time: 0.0001960 seconds
[2022-06-13T02:53:49.232+0000][1][safepoint    ] Entering safepoint region: RevokeBias
[2022-06-13T02:53:49.232+0000][1][safepoint    ] Leaving safepoint region
[2022-06-13T02:53:49.232+0000][1][safepoint    ] Total time for which application threads were stopped: 0.0004078 seconds, Stopping threads took: 0.0002121 seconds
[2022-06-13T02:53:49.233+0000][1][safepoint    ] Application time: 0.0002013 seconds
[2022-06-13T02:53:49.233+0000][1][safepoint    ] Entering safepoint region: RevokeBias
[2022-06-13T02:53:49.233+0000][1][safepoint    ] Leaving safepoint region
[2022-06-13T02:53:49.233+0000][1][safepoint    ] Total time for which application threads were stopped: 0.0005160 seconds, Stopping threads took: 0.0003458 seconds
[2022-06-13T02:53:49.234+0000][1][safepoint    ] Application time: 0.0001048 seconds
[2022-06-13T02:53:49.234+0000][1][safepoint    ] Entering safepoint region: RevokeBias
[2022-06-13T02:53:49.234+0000][1][safepoint    ] Leaving safepoint region
[2022-06-13T02:53:49.234+0000][1][safepoint    ] Total time for which application threads were stopped: 0.0003814 seconds, Stopping threads took: 0.0001946 seconds
[2022-06-13T02:53:49.234+0000][1][safepoint    ] Application time: 0.0002041 seconds
[2022-06-13T02:53:49.235+0000][1][safepoint    ] Entering safepoint region: RevokeBias
[2022-06-13T02:53:49.235+0000][1][safepoint    ] Leaving safepoint region
[2022-06-13T02:53:49.235+0000][1][safepoint    ] Total time for which application threads were stopped: 0.0003952 seconds, Stopping threads took: 0.0001969 seconds
[2022-06-13T02:53:49.235+0000][1][safepoint    ] Application time: 0.0000970 seconds
[2022-06-13T02:53:49.236+0000][1][safepoint    ] Entering safepoint region: RevokeBias
[2022-06-13T02:53:49.236+0000][1][safepoint    ] Leaving safepoint region
[2022-06-13T02:53:49.236+0000][1][safepoint    ] Total time for which application threads were stopped: 0.0005518 seconds, Stopping threads took: 0.0003075 seconds
[2022-06-13T02:53:49.236+0000][1][safepoint    ] Application time: 0.0001025 seconds
[2022-06-13T02:53:49.237+0000][1][safepoint    ] Entering safepoint region: RevokeBias
[2022-06-13T02:53:49.237+0000][1][safepoint    ] Leaving safepoint region
[2022-06-13T02:53:49.237+0000][1][safepoint    ] Total time for which application threads were stopped: 0.0007604 seconds, Stopping threads took: 0.0002329 seconds
[2022-06-13T02:53:49.238+0000][1][safepoint    ] Application time: 0.0001922 seconds
[2022-06-13T02:53:49.238+0000][1][safepoint    ] Entering safepoint region: RevokeBias
[2022-06-13T02:53:49.238+0000][1][safepoint    ] Leaving safepoint region
[2022-06-13T02:53:49.238+0000][1][safepoint    ] Total time for which application threads were stopped: 0.0003501 seconds, Stopping threads took: 0.0001439 seconds
[2022-06-13T02:53:49.239+0000][1][safepoint    ] Application time: 0.0003981 seconds
[2022-06-13T02:53:49.240+0000][1][safepoint    ] Entering safepoint region: RevokeBias
[2022-06-13T02:53:49.240+0000][1][safepoint    ] Leaving safepoint region
[2022-06-13T02:53:49.241+0000][1][safepoint    ] Total time for which application threads were stopped: 0.0010977 seconds, Stopping threads took: 0.0007871 seconds
[2022-06-13T02:53:49.241+0000][1][safepoint    ] Application time: 0.0004833 seconds
[2022-06-13T02:53:49.242+0000][1][safepoint    ] Entering safepoint region: RevokeBias
[2022-06-13T02:53:49.242+0000][1][safepoint    ] Leaving safepoint region
[2022-06-13T02:53:49.242+0000][1][safepoint    ] Total time for which application threads were stopped: 0.0004788 seconds, Stopping threads took: 0.0002350 seconds
[2022-06-13T02:53:49.243+0000][1][safepoint    ] Application time: 0.0006143 seconds
[2022-06-13T02:53:49.243+0000][1][safepoint    ] Entering safepoint region: RevokeBias
[2022-06-13T02:53:49.244+0000][1][safepoint    ] Leaving safepoint region
[2022-06-13T02:53:49.244+0000][1][safepoint    ] Total time for which application threads were stopped: 0.0004946 seconds, Stopping threads took: 0.0003065 seconds
[2022-06-13T02:53:49.244+0000][1][safepoint    ] Application time: 0.0001650 seconds
[2022-06-13T02:53:49.244+0000][1][safepoint    ] Entering safepoint region: RevokeBias
[2022-06-13T02:53:49.244+0000][1][safepoint    ] Leaving safepoint region
[2022-06-13T02:53:49.245+0000][1][safepoint    ] Total time for which application threads were stopped: 0.0004809 seconds, Stopping threads took: 0.0001497 seconds
[2022-06-13T02:53:49.245+0000][1][safepoint    ] Application time: 0.0004313 seconds
[2022-06-13T02:53:49.246+0000][1][safepoint    ] Entering safepoint region: RevokeBias
[2022-06-13T02:53:49.246+0000][1][safepoint    ] Leaving safepoint region
[2022-06-13T02:53:49.246+0000][1][safepoint    ] Total time for which application threads were stopped: 0.0003376 seconds, Stopping threads took: 0.0001830 seconds
[2022-06-13T02:53:49.246+0000][1][safepoint    ] Application time: 0.0001278 seconds
[2022-06-13T02:53:49.247+0000][1][safepoint    ] Entering safepoint region: RevokeBias
[2022-06-13T02:53:49.247+0000][1][safepoint    ] Leaving safepoint region
[2022-06-13T02:53:49.247+0000][1][safepoint    ] Total time for which application threads were stopped: 0.0003388 seconds, Stopping threads took: 0.0001491 seconds
[2022-06-13T02:53:49.247+0000][1][safepoint    ] Application time: 0.0001234 seconds
[2022-06-13T02:53:49.247+0000][1][safepoint    ] Entering safepoint region: RevokeBias
[2022-06-13T02:53:49.247+0000][1][safepoint    ] Leaving safepoint region
[2022-06-13T02:53:49.248+0000][1][safepoint    ] Total time for which application threads were stopped: 0.0003700 seconds, Stopping threads took: 0.0002038 seconds
[2022-06-13T02:53:49.248+0000][1][safepoint    ] Application time: 0.0001046 seconds
[2022-06-13T02:53:49.248+0000][1][safepoint    ] Entering safepoint region: RevokeBias
[2022-06-13T02:53:49.248+0000][1][safepoint    ] Leaving safepoint region
[2022-06-13T02:53:49.249+0000][1][safepoint    ] Total time for which application threads were stopped: 0.0005077 seconds, Stopping threads took: 0.0002827 seconds
[2022-06-13T02:53:49.253+0000][1][safepoint    ] Application time: 0.0041552 seconds
[2022-06-13T02:53:49.253+0000][1][safepoint    ] Entering safepoint region: RevokeBias
[2022-06-13T02:53:49.253+0000][1][safepoint    ] Leaving safepoint region
[2022-06-13T02:53:49.254+0000][1][safepoint    ] Total time for which application threads were stopped: 0.0004067 seconds, Stopping threads took: 0.0001939 seconds
[2022-06-13T02:53:49.254+0000][1][safepoint    ] Application time: 0.0001446 seconds
[2022-06-13T02:53:49.254+0000][1][safepoint    ] Entering safepoint region: RevokeBias
[2022-06-13T02:53:49.254+0000][1][safepoint    ] Leaving safepoint region
[2022-06-13T02:53:49.255+0000][1][safepoint    ] Total time for which application threads were stopped: 0.0004020 seconds, Stopping threads took: 0.0001766 seconds
[2022-06-13T02:53:49.520+0000][1][safepoint    ] Application time: 0.2657441 seconds
[2022-06-13T02:53:49.521+0000][1][safepoint    ] Entering safepoint region: Deoptimize
[2022-06-13T02:53:49.521+0000][1][safepoint    ] Leaving safepoint region
[2022-06-13T02:53:49.521+0000][1][safepoint    ] Total time for which application threads were stopped: 0.0006706 seconds, Stopping threads took: 0.0001467 seconds
[2022-06-13T02:53:49.679+0000][1][safepoint    ] Application time: 0.1579021 seconds
[2022-06-13T02:53:49.680+0000][1][safepoint    ] Entering safepoint region: RevokeBias
[2022-06-13T02:53:49.681+0000][1][safepoint    ] Leaving safepoint region
[2022-06-13T02:53:49.681+0000][1][safepoint    ] Total time for which application threads were stopped: 0.0010116 seconds, Stopping threads took: 0.0006020 seconds
[2022-06-13T02:53:49.802+0000][1][safepoint    ] Application time: 0.1212170 seconds
[2022-06-13T02:53:49.803+0000][1][safepoint    ] Entering safepoint region: RevokeBias
[2022-06-13T02:53:49.804+0000][1][safepoint    ] Leaving safepoint region
[2022-06-13T02:53:49.805+0000][1][safepoint    ] Total time for which application threads were stopped: 0.0021250 seconds, Stopping threads took: 0.0004693 seconds
[2022-06-13T02:53:49.808+0000][1][safepoint    ] Application time: 0.0030518 seconds
[2022-06-13T02:53:49.809+0000][1][safepoint    ] Entering safepoint region: RevokeBias
[2022-06-13T02:53:49.809+0000][1][safepoint    ] Leaving safepoint region
[2022-06-13T02:53:49.811+0000][1][safepoint    ] Total time for which application threads were stopped: 0.0022581 seconds, Stopping threads took: 0.0004038 seconds
[2022-06-13T02:53:49.840+0000][1][safepoint    ] Application time: 0.0287955 seconds
[2022-06-13T02:53:49.841+0000][1][safepoint    ] Entering safepoint region: GenCollectForAllocation
[2022-06-13T02:53:49.841+0000][1][gc,start     ] GC(1) Pause Young (Allocation Failure)
[2022-06-13T02:53:49.841+0000][1][gc,task      ] GC(1) Using 5 workers of 13 for evacuation
[2022-06-13T02:53:49.872+0000][1][gc,age       ] GC(1) Desired survivor size 4456448 bytes, new threshold 6 (max threshold 6)
[2022-06-13T02:53:49.872+0000][1][gc,age       ] GC(1) Age table with threshold 6 (max threshold 6)
[2022-06-13T02:53:49.872+0000][1][gc,age       ] GC(1) - age   1:    1953368 bytes,    1953368 total
[2022-06-13T02:53:49.872+0000][1][gc,heap      ] GC(1) ParNew: 77980K->5341K(78656K)
[2022-06-13T02:53:49.872+0000][1][gc,heap      ] GC(1) CMS: 0K->6699K(174784K)
[2022-06-13T02:53:49.873+0000][1][gc,metaspace ] GC(1) Metaspace: 15038K->15038K(1062912K)
[2022-06-13T02:53:49.873+0000][1][gc           ] GC(1) Pause Young (Allocation Failure) 76M->11M(247M) 31.841ms
[2022-06-13T02:53:49.873+0000][1][gc,cpu       ] GC(1) User=0.10s Sys=0.01s Real=0.03s
[2022-06-13T02:53:49.873+0000][1][safepoint    ] Leaving safepoint region
[2022-06-13T02:53:49.873+0000][1][safepoint    ] Total time for which application threads were stopped: 0.0326408 seconds, Stopping threads took: 0.0001799 seconds
[2022-06-13T02:53:49.874+0000][1][safepoint    ] Application time: 0.0002788 seconds
[2022-06-13T02:53:49.874+0000][1][safepoint    ] Entering safepoint region: BulkRevokeBias
[2022-06-13T02:53:49.874+0000][1][safepoint    ] Leaving safepoint region
[2022-06-13T02:53:49.874+0000][1][safepoint    ] Total time for which application threads were stopped: 0.0004901 seconds, Stopping threads took: 0.0002279 seconds
[2022-06-13T02:53:49.875+0000][1][safepoint    ] Application time: 0.0000451 seconds
[2022-06-13T02:53:49.875+0000][1][safepoint    ] Entering safepoint region: RevokeBias
[2022-06-13T02:53:49.876+0000][1][safepoint    ] Leaving safepoint region
[2022-06-13T02:53:49.884+0000][1][safepoint    ] Total time for which application threads were stopped: 0.0090245 seconds, Stopping threads took: 0.0002999 seconds
[2022-06-13T02:53:49.885+0000][1][safepoint    ] Application time: 0.0000888 seconds
[2022-06-13T02:53:49.889+0000][1][safepoint    ] Entering safepoint region: RevokeBias
[2022-06-13T02:53:49.889+0000][1][safepoint    ] Leaving safepoint region
[2022-06-13T02:53:49.890+0000][1][safepoint    ] Total time for which application threads were stopped: 0.0009992 seconds, Stopping threads took: 0.0005370 seconds
[2022-06-13T02:53:49.890+0000][1][safepoint    ] Application time: 0.0000575 seconds
[2022-06-13T02:53:49.890+0000][1][safepoint    ] Entering safepoint region: RevokeBias
[2022-06-13T02:53:49.891+0000][1][safepoint    ] Leaving safepoint region
[2022-06-13T02:53:49.891+0000][1][safepoint    ] Total time for which application threads were stopped: 0.0006001 seconds, Stopping threads took: 0.0004084 seconds
[2022-06-13T02:53:49.891+0000][1][safepoint    ] Application time: 0.0000656 seconds
[2022-06-13T02:53:49.891+0000][1][safepoint    ] Entering safepoint region: RevokeBias
[2022-06-13T02:53:49.892+0000][1][safepoint    ] Leaving safepoint region
[2022-06-13T02:53:49.892+0000][1][safepoint    ] Total time for which application threads were stopped: 0.0009497 seconds, Stopping threads took: 0.0004395 seconds
[2022-06-13T02:53:49.895+0000][1][safepoint    ] Application time: 0.0010668 seconds
[2022-06-13T02:53:49.896+0000][1][safepoint    ] Entering safepoint region: RevokeBias
[2022-06-13T02:53:49.896+0000][1][safepoint    ] Leaving safepoint region
[2022-06-13T02:53:49.897+0000][1][safepoint    ] Total time for which application threads were stopped: 0.0014309 seconds, Stopping threads took: 0.0003443 seconds
[2022-06-13T02:53:49.898+0000][1][safepoint    ] Application time: 0.0003145 seconds
[2022-06-13T02:53:49.899+0000][1][safepoint    ] Entering safepoint region: RevokeBias
[2022-06-13T02:53:49.899+0000][1][safepoint    ] Leaving safepoint region
[2022-06-13T02:53:49.900+0000][1][safepoint    ] Total time for which application threads were stopped: 0.0011723 seconds, Stopping threads took: 0.0008841 seconds
[2022-06-13T02:53:49.900+0000][1][safepoint    ] Application time: 0.0001748 seconds
[2022-06-13T02:53:49.900+0000][1][safepoint    ] Entering safepoint region: RevokeBias
[2022-06-13T02:53:49.900+0000][1][safepoint    ] Leaving safepoint region
[2022-06-13T02:53:49.901+0000][1][safepoint    ] Total time for which application threads were stopped: 0.0004607 seconds, Stopping threads took: 0.0002487 seconds
[2022-06-13T02:53:49.902+0000][1][safepoint    ] Application time: 0.0007756 seconds
[2022-06-13T02:53:49.902+0000][1][safepoint    ] Entering safepoint region: RevokeBias
[2022-06-13T02:53:49.903+0000][1][safepoint    ] Leaving safepoint region
[2022-06-13T02:53:49.903+0000][1][safepoint    ] Total time for which application threads were stopped: 0.0009416 seconds, Stopping threads took: 0.0003169 seconds
[2022-06-13T02:53:49.904+0000][1][safepoint    ] Application time: 0.0005921 seconds
[2022-06-13T02:53:49.905+0000][1][safepoint    ] Entering safepoint region: RevokeBias
[2022-06-13T02:53:49.905+0000][1][safepoint    ] Leaving safepoint region
[2022-06-13T02:53:49.905+0000][1][safepoint    ] Total time for which application threads were stopped: 0.0005508 seconds, Stopping threads took: 0.0003608 seconds
[2022-06-13T02:53:49.906+0000][1][safepoint    ] Application time: 0.0004585 seconds
[2022-06-13T02:53:49.906+0000][1][safepoint    ] Entering safepoint region: BulkRevokeBias
[2022-06-13T02:53:49.907+0000][1][safepoint    ] Leaving safepoint region
[2022-06-13T02:53:49.907+0000][1][safepoint    ] Total time for which application threads were stopped: 0.0009096 seconds, Stopping threads took: 0.0005324 seconds
[2022-06-13T02:53:49.910+0000][1][safepoint    ] Application time: 0.0026777 seconds
[2022-06-13T02:53:49.911+0000][1][safepoint    ] Entering safepoint region: RevokeBias
[2022-06-13T02:53:49.912+0000][1][safepoint    ] Leaving safepoint region
[2022-06-13T02:53:49.912+0000][1][safepoint    ] Total time for which application threads were stopped: 0.0010195 seconds, Stopping threads took: 0.0005343 seconds
[2022-06-13T02:53:49.919+0000][1][safepoint    ] Application time: 0.0049683 seconds
[2022-06-13T02:53:49.920+0000][1][safepoint    ] Entering safepoint region: BulkRevokeBias
[2022-06-13T02:53:49.922+0000][1][safepoint    ] Leaving safepoint region
[2022-06-13T02:53:49.922+0000][1][safepoint    ] Total time for which application threads were stopped: 0.0017222 seconds, Stopping threads took: 0.0009802 seconds
[2022-06-13T02:53:50.055+0000][1][safepoint    ] Application time: 0.1325841 seconds
[2022-06-13T02:53:50.055+0000][1][safepoint    ] Entering safepoint region: GenCollectForAllocation
[2022-06-13T02:53:50.055+0000][1][gc,start     ] GC(2) Pause Young (Allocation Failure)
[2022-06-13T02:53:50.055+0000][1][gc,task      ] GC(2) Using 5 workers of 13 for evacuation
[2022-06-13T02:53:50.060+0000][1][gc,age       ] GC(2) Desired survivor size 4456448 bytes, new threshold 6 (max threshold 6)
[2022-06-13T02:53:50.060+0000][1][gc,age       ] GC(2) Age table with threshold 6 (max threshold 6)
[2022-06-13T02:53:50.060+0000][1][gc,age       ] GC(2) - age   1:    2552368 bytes,    2552368 total
[2022-06-13T02:53:50.060+0000][1][gc,age       ] GC(2) - age   2:    1205632 bytes,    3758000 total
[2022-06-13T02:53:50.061+0000][1][gc,heap      ] GC(2) ParNew: 75293K->4349K(78656K)
[2022-06-13T02:53:50.061+0000][1][gc,heap      ] GC(2) CMS: 6699K->6699K(174784K)
[2022-06-13T02:53:50.061+0000][1][gc,metaspace ] GC(2) Metaspace: 15170K->15170K(1062912K)
[2022-06-13T02:53:50.062+0000][1][gc           ] GC(2) Pause Young (Allocation Failure) 80M->10M(247M) 6.483ms
[2022-06-13T02:53:50.062+0000][1][gc,cpu       ] GC(2) User=0.02s Sys=0.01s Real=0.01s
[2022-06-13T02:53:50.067+0000][1][safepoint    ] Leaving safepoint region
[2022-06-13T02:53:50.067+0000][1][safepoint    ] Total time for which application threads were stopped: 0.0120052 seconds, Stopping threads took: 0.0001857 seconds
[2022-06-13T02:53:50.067+0000][1][safepoint    ] Application time: 0.0001907 seconds
[2022-06-13T02:53:50.067+0000][1][safepoint    ] Entering safepoint region: RevokeBias
[2022-06-13T02:53:50.068+0000][1][safepoint    ] Leaving safepoint region
[2022-06-13T02:53:50.068+0000][1][safepoint    ] Total time for which application threads were stopped: 0.0003808 seconds, Stopping threads took: 0.0001639 seconds
[2022-06-13T02:53:50.068+0000][1][safepoint    ] Application time: 0.0000527 seconds
[2022-06-13T02:53:50.068+0000][1][safepoint    ] Entering safepoint region: RevokeBias
[2022-06-13T02:53:50.069+0000][1][safepoint    ] Leaving safepoint region
[2022-06-13T02:53:50.069+0000][1][safepoint    ] Total time for which application threads were stopped: 0.0003659 seconds, Stopping threads took: 0.0001483 seconds
[2022-06-13T02:53:50.069+0000][1][safepoint    ] Application time: 0.0000990 seconds
[2022-06-13T02:53:50.069+0000][1][safepoint    ] Entering safepoint region: RevokeBias
[2022-06-13T02:53:50.070+0000][1][safepoint    ] Leaving safepoint region
[2022-06-13T02:53:50.070+0000][1][safepoint    ] Total time for which application threads were stopped: 0.0003779 seconds, Stopping threads took: 0.0001551 seconds
[2022-06-13T02:53:50.070+0000][1][safepoint    ] Application time: 0.0001521 seconds
[2022-06-13T02:53:50.070+0000][1][safepoint    ] Entering safepoint region: RevokeBias
[2022-06-13T02:53:50.070+0000][1][safepoint    ] Leaving safepoint region
[2022-06-13T02:53:50.071+0000][1][safepoint    ] Total time for which application threads were stopped: 0.0004545 seconds, Stopping threads took: 0.0002033 seconds
[2022-06-13T02:53:50.072+0000][1][safepoint    ] Application time: 0.0012933 seconds
[2022-06-13T02:53:50.073+0000][1][safepoint    ] Entering safepoint region: RevokeBias
[2022-06-13T02:53:50.073+0000][1][safepoint    ] Leaving safepoint region
[2022-06-13T02:53:50.073+0000][1][safepoint    ] Total time for which application threads were stopped: 0.0004455 seconds, Stopping threads took: 0.0002029 seconds
[2022-06-13T02:53:50.074+0000][1][safepoint    ] Application time: 0.0000802 seconds
[2022-06-13T02:53:50.074+0000][1][safepoint    ] Entering safepoint region: RevokeBias
[2022-06-13T02:53:50.074+0000][1][safepoint    ] Leaving safepoint region
[2022-06-13T02:53:50.074+0000][1][safepoint    ] Total time for which application threads were stopped: 0.0003616 seconds, Stopping threads took: 0.0001628 seconds
[2022-06-13T02:53:50.247+0000][1][safepoint    ] Application time: 0.1730982 seconds
[2022-06-13T02:53:50.248+0000][1][safepoint    ] Entering safepoint region: Deoptimize
[2022-06-13T02:53:50.248+0000][1][safepoint    ] Leaving safepoint region
[2022-06-13T02:53:50.249+0000][1][safepoint    ] Total time for which application threads were stopped: 0.0010599 seconds, Stopping threads took: 0.0001737 seconds
[2022-06-13T02:53:50.251+0000][1][safepoint    ] Application time: 0.0016436 seconds
[2022-06-13T02:53:50.251+0000][1][safepoint    ] Entering safepoint region: Deoptimize
[2022-06-13T02:53:50.251+0000][1][safepoint    ] Leaving safepoint region
[2022-06-13T02:53:50.252+0000][1][safepoint    ] Total time for which application threads were stopped: 0.0006978 seconds, Stopping threads took: 0.0001815 seconds
[2022-06-13T02:53:50.463+0000][1][safepoint    ] Application time: 0.2115696 seconds
[2022-06-13T02:53:50.470+0000][1][safepoint    ] Entering safepoint region: GenCollectForAllocation
[2022-06-13T02:53:50.474+0000][1][gc,start     ] GC(3) Pause Young (Allocation Failure)
[2022-06-13T02:53:50.474+0000][1][gc,task      ] GC(3) Using 5 workers of 13 for evacuation
[2022-06-13T02:53:50.481+0000][1][gc,age       ] GC(3) Desired survivor size 4456448 bytes, new threshold 3 (max threshold 6)
[2022-06-13T02:53:50.481+0000][1][gc,age       ] GC(3) Age table with threshold 3 (max threshold 6)
[2022-06-13T02:53:50.482+0000][1][gc,age       ] GC(3) - age   1:    3287296 bytes,    3287296 total
[2022-06-13T02:53:50.483+0000][1][gc,age       ] GC(3) - age   2:     294600 bytes,    3581896 total
[2022-06-13T02:53:50.483+0000][1][gc,age       ] GC(3) - age   3:    1202616 bytes,    4784512 total
[2022-06-13T02:53:50.485+0000][1][gc,heap      ] GC(3) ParNew: 74301K->6833K(78656K)
[2022-06-13T02:53:50.486+0000][1][gc,heap      ] GC(3) CMS: 6699K->6699K(174784K)
[2022-06-13T02:53:50.487+0000][1][gc,metaspace ] GC(3) Metaspace: 18431K->18431K(1067008K)
[2022-06-13T02:53:50.488+0000][1][gc           ] GC(3) Pause Young (Allocation Failure) 79M->13M(247M) 13.996ms
[2022-06-13T02:53:50.488+0000][1][gc,cpu       ] GC(3) User=0.04s Sys=0.00s Real=0.01s
[2022-06-13T02:53:50.488+0000][1][safepoint    ] Leaving safepoint region
[2022-06-13T02:53:50.497+0000][1][safepoint    ] Total time for which application threads were stopped: 0.0271635 seconds, Stopping threads took: 0.0034461 seconds
[2022-06-13T02:53:50.500+0000][1][safepoint    ] Application time: 0.0023960 seconds
[2022-06-13T02:53:50.502+0000][1][safepoint    ] Entering safepoint region: BulkRevokeBias
[2022-06-13T02:53:50.502+0000][1][safepoint    ] Leaving safepoint region
[2022-06-13T02:53:50.503+0000][1][safepoint    ] Total time for which application threads were stopped: 0.0011028 seconds, Stopping threads took: 0.0002819 seconds
[2022-06-13T02:53:50.506+0000][1][safepoint    ] Application time: 0.0031341 seconds
[2022-06-13T02:53:50.507+0000][1][safepoint    ] Entering safepoint region: RevokeBias
[2022-06-13T02:53:50.508+0000][1][safepoint    ] Leaving safepoint region
[2022-06-13T02:53:50.509+0000][1][safepoint    ] Total time for which application threads were stopped: 0.0020961 seconds, Stopping threads took: 0.0010519 seconds
[2022-06-13T02:53:50.512+0000][1][safepoint    ] Application time: 0.0026053 seconds
[2022-06-13T02:53:50.513+0000][1][safepoint    ] Entering safepoint region: RevokeBias
[2022-06-13T02:53:50.513+0000][1][safepoint    ] Leaving safepoint region
[2022-06-13T02:53:50.514+0000][1][safepoint    ] Total time for which application threads were stopped: 0.0009932 seconds, Stopping threads took: 0.0005608 seconds
[2022-06-13T02:53:50.516+0000][1][safepoint    ] Application time: 0.0018208 seconds
[2022-06-13T02:53:50.517+0000][1][safepoint    ] Entering safepoint region: RevokeBias
[2022-06-13T02:53:50.517+0000][1][safepoint    ] Leaving safepoint region
[2022-06-13T02:53:50.518+0000][1][safepoint    ] Total time for which application threads were stopped: 0.0012195 seconds, Stopping threads took: 0.0008295 seconds
[2022-06-13T02:53:50.518+0000][1][safepoint    ] Application time: 0.0002825 seconds
[2022-06-13T02:53:50.518+0000][1][safepoint    ] Entering safepoint region: RevokeBias
[2022-06-13T02:53:50.519+0000][1][safepoint    ] Leaving safepoint region
[2022-06-13T02:53:50.519+0000][1][safepoint    ] Total time for which application threads were stopped: 0.0004261 seconds, Stopping threads took: 0.0001763 seconds
[2022-06-13T02:53:50.519+0000][1][safepoint    ] Application time: 0.0001128 seconds
[2022-06-13T02:53:50.520+0000][1][safepoint    ] Entering safepoint region: RevokeBias
[2022-06-13T02:53:50.520+0000][1][safepoint    ] Leaving safepoint region
[2022-06-13T02:53:50.527+0000][1][safepoint    ] Total time for which application threads were stopped: 0.0070791 seconds, Stopping threads took: 0.0002852 seconds
[2022-06-13T02:53:50.529+0000][1][safepoint    ] Application time: 0.0001756 seconds
[2022-06-13T02:53:50.530+0000][1][safepoint    ] Entering safepoint region: RevokeBias
[2022-06-13T02:53:50.530+0000][1][safepoint    ] Leaving safepoint region
[2022-06-13T02:53:50.530+0000][1][safepoint    ] Total time for which application threads were stopped: 0.0006264 seconds, Stopping threads took: 0.0003872 seconds
[2022-06-13T02:53:50.531+0000][1][safepoint    ] Application time: 0.0001048 seconds
[2022-06-13T02:53:50.531+0000][1][safepoint    ] Entering safepoint region: RevokeBias
[2022-06-13T02:53:50.531+0000][1][safepoint    ] Leaving safepoint region
[2022-06-13T02:53:50.531+0000][1][safepoint    ] Total time for which application threads were stopped: 0.0003796 seconds, Stopping threads took: 0.0001694 seconds
[2022-06-13T02:53:50.531+0000][1][safepoint    ] Application time: 0.0000515 seconds
[2022-06-13T02:53:50.531+0000][1][safepoint    ] Entering safepoint region: RevokeBias
[2022-06-13T02:53:50.532+0000][1][safepoint    ] Leaving safepoint region
[2022-06-13T02:53:50.532+0000][1][safepoint    ] Total time for which application threads were stopped: 0.0003840 seconds, Stopping threads took: 0.0001591 seconds
[2022-06-13T02:53:50.532+0000][1][safepoint    ] Application time: 0.0000994 seconds
[2022-06-13T02:53:50.533+0000][1][safepoint    ] Entering safepoint region: RevokeBias
[2022-06-13T02:53:50.534+0000][1][safepoint    ] Leaving safepoint region
[2022-06-13T02:53:50.536+0000][1][safepoint    ] Total time for which application threads were stopped: 0.0029588 seconds, Stopping threads took: 0.0004782 seconds
[2022-06-13T02:53:50.537+0000][1][safepoint    ] Application time: 0.0001373 seconds
[2022-06-13T02:53:50.537+0000][1][safepoint    ] Entering safepoint region: RevokeBias
[2022-06-13T02:53:50.537+0000][1][safepoint    ] Leaving safepoint region
[2022-06-13T02:53:50.537+0000][1][safepoint    ] Total time for which application threads were stopped: 0.0005374 seconds, Stopping threads took: 0.0002351 seconds
[2022-06-13T02:53:50.538+0000][1][safepoint    ] Application time: 0.0000929 seconds
[2022-06-13T02:53:50.538+0000][1][safepoint    ] Entering safepoint region: RevokeBias
[2022-06-13T02:53:50.538+0000][1][safepoint    ] Leaving safepoint region
[2022-06-13T02:53:50.538+0000][1][safepoint    ] Total time for which application threads were stopped: 0.0005554 seconds, Stopping threads took: 0.0002414 seconds
[2022-06-13T02:53:50.539+0000][1][safepoint    ] Application time: 0.0001078 seconds
[2022-06-13T02:53:50.539+0000][1][safepoint    ] Entering safepoint region: RevokeBias
[2022-06-13T02:53:50.540+0000][1][safepoint    ] Leaving safepoint region
[2022-06-13T02:53:50.540+0000][1][safepoint    ] Total time for which application threads were stopped: 0.0010721 seconds, Stopping threads took: 0.0002713 seconds
[2022-06-13T02:53:50.540+0000][1][safepoint    ] Application time: 0.0000960 seconds
[2022-06-13T02:53:50.540+0000][1][safepoint    ] Entering safepoint region: RevokeBias
[2022-06-13T02:53:50.541+0000][1][safepoint    ] Leaving safepoint region
[2022-06-13T02:53:50.541+0000][1][safepoint    ] Total time for which application threads were stopped: 0.0005715 seconds, Stopping threads took: 0.0002125 seconds
[2022-06-13T02:53:50.541+0000][1][safepoint    ] Application time: 0.0001124 seconds
[2022-06-13T02:53:50.541+0000][1][safepoint    ] Entering safepoint region: RevokeBias
[2022-06-13T02:53:50.542+0000][1][safepoint    ] Leaving safepoint region
[2022-06-13T02:53:50.542+0000][1][safepoint    ] Total time for which application threads were stopped: 0.0004454 seconds, Stopping threads took: 0.0001749 seconds
[2022-06-13T02:53:50.542+0000][1][safepoint    ] Application time: 0.0001095 seconds
[2022-06-13T02:53:50.542+0000][1][safepoint    ] Entering safepoint region: RevokeBias
[2022-06-13T02:53:50.543+0000][1][safepoint    ] Leaving safepoint region
[2022-06-13T02:53:50.543+0000][1][safepoint    ] Total time for which application threads were stopped: 0.0004925 seconds, Stopping threads took: 0.0001894 seconds
[2022-06-13T02:53:50.543+0000][1][safepoint    ] Application time: 0.0000975 seconds
[2022-06-13T02:53:50.543+0000][1][safepoint    ] Entering safepoint region: RevokeBias
[2022-06-13T02:53:50.544+0000][1][safepoint    ] Leaving safepoint region
[2022-06-13T02:53:50.544+0000][1][safepoint    ] Total time for which application threads were stopped: 0.0006336 seconds, Stopping threads took: 0.0002806 seconds
[2022-06-13T02:53:50.544+0000][1][safepoint    ] Application time: 0.0001507 seconds
[2022-06-13T02:53:50.544+0000][1][safepoint    ] Entering safepoint region: RevokeBias
[2022-06-13T02:53:50.545+0000][1][safepoint    ] Leaving safepoint region
[2022-06-13T02:53:50.545+0000][1][safepoint    ] Total time for which application threads were stopped: 0.0012191 seconds, Stopping threads took: 0.0001716 seconds
[2022-06-13T02:53:50.546+0000][1][safepoint    ] Application time: 0.0001062 seconds
[2022-06-13T02:53:50.546+0000][1][safepoint    ] Entering safepoint region: RevokeBias
[2022-06-13T02:53:50.546+0000][1][safepoint    ] Leaving safepoint region
[2022-06-13T02:53:50.546+0000][1][safepoint    ] Total time for which application threads were stopped: 0.0003854 seconds, Stopping threads took: 0.0001426 seconds
[2022-06-13T02:53:50.547+0000][1][safepoint    ] Application time: 0.0001950 seconds
[2022-06-13T02:53:50.547+0000][1][safepoint    ] Entering safepoint region: RevokeBias
[2022-06-13T02:53:50.547+0000][1][safepoint    ] Leaving safepoint region
[2022-06-13T02:53:50.547+0000][1][safepoint    ] Total time for which application threads were stopped: 0.0005228 seconds, Stopping threads took: 0.0003132 seconds
[2022-06-13T02:53:50.547+0000][1][safepoint    ] Application time: 0.0000971 seconds
[2022-06-13T02:53:50.548+0000][1][safepoint    ] Entering safepoint region: RevokeBias
[2022-06-13T02:53:50.548+0000][1][safepoint    ] Leaving safepoint region
[2022-06-13T02:53:50.548+0000][1][safepoint    ] Total time for which application threads were stopped: 0.0003222 seconds, Stopping threads took: 0.0001415 seconds
[2022-06-13T02:53:50.705+0000][1][safepoint    ] Application time: 0.1569958 seconds
[2022-06-13T02:53:50.705+0000][1][safepoint    ] Entering safepoint region: GenCollectForAllocation
[2022-06-13T02:53:50.706+0000][1][gc,start     ] GC(4) Pause Young (Allocation Failure)
[2022-06-13T02:53:50.706+0000][1][gc,task      ] GC(4) Using 5 workers of 13 for evacuation
[2022-06-13T02:53:50.710+0000][1][gc,age       ] GC(4) Desired survivor size 4456448 bytes, new threshold 3 (max threshold 6)
[2022-06-13T02:53:50.710+0000][1][gc,age       ] GC(4) Age table with threshold 3 (max threshold 6)
[2022-06-13T02:53:50.710+0000][1][gc,age       ] GC(4) - age   1:    1201832 bytes,    1201832 total
[2022-06-13T02:53:50.710+0000][1][gc,age       ] GC(4) - age   2:    3176560 bytes,    4378392 total
[2022-06-13T02:53:50.710+0000][1][gc,age       ] GC(4) - age   3:     294072 bytes,    4672464 total
[2022-06-13T02:53:50.711+0000][1][gc,heap      ] GC(4) ParNew: 76785K->6554K(78656K)
[2022-06-13T02:53:50.711+0000][1][gc,heap      ] GC(4) CMS: 6699K->7890K(174784K)
[2022-06-13T02:53:50.711+0000][1][gc,metaspace ] GC(4) Metaspace: 18838K->18838K(1067008K)
[2022-06-13T02:53:50.711+0000][1][gc           ] GC(4) Pause Young (Allocation Failure) 81M->14M(247M) 5.398ms
[2022-06-13T02:53:50.711+0000][1][gc,cpu       ] GC(4) User=0.02s Sys=0.00s Real=0.01s
[2022-06-13T02:53:50.712+0000][1][safepoint    ] Leaving safepoint region
[2022-06-13T02:53:50.712+0000][1][safepoint    ] Total time for which application threads were stopped: 0.0062916 seconds, Stopping threads took: 0.0001830 seconds
[2022-06-13T02:53:50.713+0000][1][safepoint    ] Application time: 0.0008529 seconds
[2022-06-13T02:53:50.718+0000][1][safepoint    ] Entering safepoint region: RevokeBias
[2022-06-13T02:53:50.719+0000][1][safepoint    ] Leaving safepoint region
[2022-06-13T02:53:50.719+0000][1][safepoint    ] Total time for which application threads were stopped: 0.0015207 seconds, Stopping threads took: 0.0006688 seconds
[2022-06-13T02:53:50.720+0000][1][safepoint    ] Application time: 0.0001157 seconds
[2022-06-13T02:53:50.721+0000][1][safepoint    ] Entering safepoint region: RevokeBias
[2022-06-13T02:53:50.721+0000][1][safepoint    ] Leaving safepoint region
[2022-06-13T02:53:50.721+0000][1][safepoint    ] Total time for which application threads were stopped: 0.0005674 seconds, Stopping threads took: 0.0002026 seconds
[2022-06-13T02:53:50.725+0000][1][safepoint    ] Application time: 0.0011947 seconds
[2022-06-13T02:53:50.725+0000][1][safepoint    ] Entering safepoint region: RevokeBias
[2022-06-13T02:53:50.726+0000][1][safepoint    ] Leaving safepoint region
[2022-06-13T02:53:50.726+0000][1][safepoint    ] Total time for which application threads were stopped: 0.0005193 seconds, Stopping threads took: 0.0002261 seconds
[2022-06-13T02:53:50.726+0000][1][safepoint    ] Application time: 0.0000932 seconds
[2022-06-13T02:53:50.727+0000][1][safepoint    ] Entering safepoint region: RevokeBias
[2022-06-13T02:53:50.727+0000][1][safepoint    ] Leaving safepoint region
[2022-06-13T02:53:50.727+0000][1][safepoint    ] Total time for which application threads were stopped: 0.0006227 seconds, Stopping threads took: 0.0004014 seconds
[2022-06-13T02:53:50.753+0000][1][safepoint    ] Application time: 0.0253761 seconds
[2022-06-13T02:53:50.753+0000][1][safepoint    ] Entering safepoint region: Deoptimize
[2022-06-13T02:53:50.754+0000][1][safepoint    ] Leaving safepoint region
[2022-06-13T02:53:50.754+0000][1][safepoint    ] Total time for which application threads were stopped: 0.0009995 seconds, Stopping threads took: 0.0002234 seconds
[2022-06-13T02:53:50.810+0000][1][safepoint    ] Application time: 0.0559270 seconds
[2022-06-13T02:53:50.814+0000][1][safepoint    ] Entering safepoint region: Deoptimize
[2022-06-13T02:53:50.816+0000][1][safepoint    ] Leaving safepoint region
[2022-06-13T02:53:50.817+0000][1][safepoint    ] Total time for which application threads were stopped: 0.0063536 seconds, Stopping threads took: 0.0045657 seconds
[2022-06-13T02:53:50.937+0000][1][safepoint    ] Application time: 0.1194307 seconds
[2022-06-13T02:53:50.942+0000][1][safepoint    ] Entering safepoint region: GenCollectForAllocation
[2022-06-13T02:53:50.942+0000][1][gc,start     ] GC(5) Pause Young (Allocation Failure)
[2022-06-13T02:53:50.943+0000][1][gc,task      ] GC(5) Using 5 workers of 13 for evacuation
[2022-06-13T02:53:50.951+0000][1][gc,age       ] GC(5) Desired survivor size 4456448 bytes, new threshold 3 (max threshold 6)
[2022-06-13T02:53:50.954+0000][1][gc,age       ] GC(5) Age table with threshold 3 (max threshold 6)
[2022-06-13T02:53:50.957+0000][1][gc,age       ] GC(5) - age   1:    2184048 bytes,    2184048 total
[2022-06-13T02:53:50.957+0000][1][gc,age       ] GC(5) - age   2:     574448 bytes,    2758496 total
[2022-06-13T02:53:50.957+0000][1][gc,age       ] GC(5) - age   3:    3172360 bytes,    5930856 total
[2022-06-13T02:53:50.958+0000][1][gc,heap      ] GC(5) ParNew: 76506K->7721K(78656K)
[2022-06-13T02:53:50.958+0000][1][gc,heap      ] GC(5) CMS: 7890K->8182K(174784K)
[2022-06-13T02:53:50.958+0000][1][gc,metaspace ] GC(5) Metaspace: 19137K->19137K(1067008K)
[2022-06-13T02:53:50.958+0000][1][gc           ] GC(5) Pause Young (Allocation Failure) 82M->15M(247M) 15.667ms
[2022-06-13T02:53:50.958+0000][1][gc,cpu       ] GC(5) User=0.03s Sys=0.01s Real=0.01s
[2022-06-13T02:53:50.958+0000][1][safepoint    ] Leaving safepoint region
[2022-06-13T02:53:50.958+0000][1][safepoint    ] Total time for which application threads were stopped: 0.0166425 seconds, Stopping threads took: 0.0003462 seconds
[2022-06-13T02:53:50.959+0000][1][safepoint    ] Application time: 0.0002154 seconds
[2022-06-13T02:53:50.959+0000][1][safepoint    ] Entering safepoint region: RevokeBias
[2022-06-13T02:53:50.959+0000][1][safepoint    ] Leaving safepoint region
[2022-06-13T02:53:50.959+0000][1][safepoint    ] Total time for which application threads were stopped: 0.0003781 seconds, Stopping threads took: 0.0001493 seconds
[2022-06-13T02:53:50.959+0000][1][safepoint    ] Application time: 0.0000445 seconds
[2022-06-13T02:53:50.960+0000][1][safepoint    ] Entering safepoint region: RevokeBias
[2022-06-13T02:53:50.960+0000][1][safepoint    ] Leaving safepoint region
[2022-06-13T02:53:50.960+0000][1][safepoint    ] Total time for which application threads were stopped: 0.0003550 seconds, Stopping threads took: 0.0001354 seconds
[2022-06-13T02:53:50.960+0000][1][safepoint    ] Application time: 0.0000656 seconds
[2022-06-13T02:53:50.960+0000][1][safepoint    ] Entering safepoint region: RevokeBias
[2022-06-13T02:53:50.960+0000][1][safepoint    ] Leaving safepoint region
[2022-06-13T02:53:50.961+0000][1][safepoint    ] Total time for which application threads were stopped: 0.0004302 seconds, Stopping threads took: 0.0001856 seconds
[2022-06-13T02:53:50.961+0000][1][safepoint    ] Application time: 0.0000810 seconds
[2022-06-13T02:53:50.961+0000][1][safepoint    ] Entering safepoint region: RevokeBias
[2022-06-13T02:53:50.961+0000][1][safepoint    ] Leaving safepoint region
[2022-06-13T02:53:50.961+0000][1][safepoint    ] Total time for which application threads were stopped: 0.0003173 seconds, Stopping threads took: 0.0001443 seconds
[2022-06-13T02:53:50.962+0000][1][safepoint    ] Application time: 0.0000847 seconds
[2022-06-13T02:53:50.962+0000][1][safepoint    ] Entering safepoint region: RevokeBias
[2022-06-13T02:53:50.962+0000][1][safepoint    ] Leaving safepoint region
[2022-06-13T02:53:50.962+0000][1][safepoint    ] Total time for which application threads were stopped: 0.0003473 seconds, Stopping threads took: 0.0001560 seconds
[2022-06-13T02:53:50.962+0000][1][safepoint    ] Application time: 0.0000712 seconds
[2022-06-13T02:53:50.962+0000][1][safepoint    ] Entering safepoint region: RevokeBias
[2022-06-13T02:53:50.963+0000][1][safepoint    ] Leaving safepoint region
[2022-06-13T02:53:50.963+0000][1][safepoint    ] Total time for which application threads were stopped: 0.0003287 seconds, Stopping threads took: 0.0001365 seconds
[2022-06-13T02:53:51.127+0000][1][safepoint    ] Application time: 0.1643753 seconds
[2022-06-13T02:53:51.129+0000][1][safepoint    ] Entering safepoint region: RevokeBias
[2022-06-13T02:53:51.129+0000][1][safepoint    ] Leaving safepoint region
[2022-06-13T02:53:51.130+0000][1][safepoint    ] Total time for which application threads were stopped: 0.0018844 seconds, Stopping threads took: 0.0015951 seconds
[2022-06-13T02:53:51.172+0000][1][safepoint    ] Application time: 0.0417761 seconds
[2022-06-13T02:53:51.172+0000][1][safepoint    ] Entering safepoint region: GenCollectForAllocation
[2022-06-13T02:53:51.172+0000][1][gc,start     ] GC(6) Pause Young (Allocation Failure)
[2022-06-13T02:53:51.172+0000][1][gc,task      ] GC(6) Using 5 workers of 13 for evacuation
[2022-06-13T02:53:51.190+0000][1][gc,age       ] GC(6) Desired survivor size 4456448 bytes, new threshold 6 (max threshold 6)
[2022-06-13T02:53:51.190+0000][1][gc,age       ] GC(6) Age table with threshold 6 (max threshold 6)
[2022-06-13T02:53:51.192+0000][1][gc,age       ] GC(6) - age   1:    1418472 bytes,    1418472 total
[2022-06-13T02:53:51.192+0000][1][gc,age       ] GC(6) - age   2:    2170760 bytes,    3589232 total
[2022-06-13T02:53:51.192+0000][1][gc,age       ] GC(6) - age   3:     574448 bytes,    4163680 total
[2022-06-13T02:53:51.192+0000][1][gc,heap      ] GC(6) ParNew: 77673K->6667K(78656K)
[2022-06-13T02:53:51.193+0000][1][gc,heap      ] GC(6) CMS: 8182K->11304K(174784K)
[2022-06-13T02:53:51.193+0000][1][gc,metaspace ] GC(6) Metaspace: 19475K->19475K(1067008K)
[2022-06-13T02:53:51.193+0000][1][gc           ] GC(6) Pause Young (Allocation Failure) 83M->17M(247M) 21.275ms
[2022-06-13T02:53:51.194+0000][1][gc,cpu       ] GC(6) User=0.02s Sys=0.00s Real=0.02s
[2022-06-13T02:53:51.194+0000][1][safepoint    ] Leaving safepoint region
[2022-06-13T02:53:51.194+0000][1][safepoint    ] Total time for which application threads were stopped: 0.0223403 seconds, Stopping threads took: 0.0002087 seconds
[2022-06-13T02:53:51.199+0000][1][safepoint    ] Application time: 0.0041198 seconds
[2022-06-13T02:53:51.208+0000][1][safepoint    ] Entering safepoint region: BulkRevokeBias
[2022-06-13T02:53:51.209+0000][1][safepoint    ] Leaving safepoint region
[2022-06-13T02:53:51.213+0000][1][safepoint    ] Total time for which application threads were stopped: 0.0063999 seconds, Stopping threads took: 0.0018427 seconds
[2022-06-13T02:53:51.215+0000][1][safepoint    ] Application time: 0.0010266 seconds
[2022-06-13T02:53:51.217+0000][1][safepoint    ] Entering safepoint region: BulkRevokeBias
[2022-06-13T02:53:51.217+0000][1][safepoint    ] Leaving safepoint region
[2022-06-13T02:53:51.217+0000][1][safepoint    ] Total time for which application threads were stopped: 0.0006803 seconds, Stopping threads took: 0.0003785 seconds
[2022-06-13T02:53:51.336+0000][1][safepoint    ] Application time: 0.1185466 seconds
[2022-06-13T02:53:51.336+0000][1][safepoint    ] Entering safepoint region: GenCollectForAllocation
[2022-06-13T02:53:51.336+0000][1][gc,start     ] GC(7) Pause Young (Allocation Failure)
[2022-06-13T02:53:51.337+0000][1][gc,task      ] GC(7) Using 5 workers of 13 for evacuation
[2022-06-13T02:53:51.338+0000][1][gc,age       ] GC(7) Desired survivor size 4456448 bytes, new threshold 4 (max threshold 6)
[2022-06-13T02:53:51.339+0000][1][gc,age       ] GC(7) Age table with threshold 4 (max threshold 6)
[2022-06-13T02:53:51.339+0000][1][gc,age       ] GC(7) - age   1:     569720 bytes,     569720 total
[2022-06-13T02:53:51.339+0000][1][gc,age       ] GC(7) - age   2:    1154376 bytes,    1724096 total
[2022-06-13T02:53:51.339+0000][1][gc,age       ] GC(7) - age   3:    2168832 bytes,    3892928 total
[2022-06-13T02:53:51.339+0000][1][gc,age       ] GC(7) - age   4:     574552 bytes,    4467480 total
[2022-06-13T02:53:51.339+0000][1][gc,heap      ] GC(7) ParNew: 76619K->5464K(78656K)
[2022-06-13T02:53:51.339+0000][1][gc,heap      ] GC(7) CMS: 11304K->11304K(174784K)
[2022-06-13T02:53:51.339+0000][1][gc,metaspace ] GC(7) Metaspace: 19815K->19815K(1067008K)
[2022-06-13T02:53:51.340+0000][1][gc           ] GC(7) Pause Young (Allocation Failure) 85M->16M(247M) 3.223ms
[2022-06-13T02:53:51.340+0000][1][gc,cpu       ] GC(7) User=0.01s Sys=0.00s Real=0.01s
[2022-06-13T02:53:51.340+0000][1][safepoint    ] Leaving safepoint region
[2022-06-13T02:53:51.340+0000][1][safepoint    ] Total time for which application threads were stopped: 0.0039541 seconds, Stopping threads took: 0.0001379 seconds
[2022-06-13T02:53:51.360+0000][1][safepoint    ] Application time: 0.0195174 seconds
[2022-06-13T02:53:51.360+0000][1][safepoint    ] Entering safepoint region: CollectForMetadataAllocation
[2022-06-13T02:53:51.360+0000][1][safepoint    ] Leaving safepoint region
[2022-06-13T02:53:51.361+0000][1][safepoint    ] Total time for which application threads were stopped: 0.0004792 seconds, Stopping threads took: 0.0001842 seconds
[2022-06-13T02:53:51.396+0000][1][safepoint    ] Application time: 0.0350950 seconds
[2022-06-13T02:53:51.399+0000][1][safepoint    ] Entering safepoint region: CollectForMetadataAllocation
[2022-06-13T02:53:51.401+0000][1][safepoint    ] Leaving safepoint region
[2022-06-13T02:53:51.402+0000][1][safepoint    ] Total time for which application threads were stopped: 0.0025571 seconds, Stopping threads took: 0.0009613 seconds
[2022-06-13T02:53:51.402+0000][1][safepoint    ] Application time: 0.0005213 seconds
[2022-06-13T02:53:51.403+0000][1][safepoint    ] Entering safepoint region: CollectForMetadataAllocation
[2022-06-13T02:53:51.404+0000][1][safepoint    ] Leaving safepoint region
[2022-06-13T02:53:51.404+0000][1][safepoint    ] Total time for which application threads were stopped: 0.0007851 seconds, Stopping threads took: 0.0004182 seconds
[2022-06-13T02:53:51.530+0000][1][safepoint    ] Application time: 0.1257348 seconds
[2022-06-13T02:53:51.531+0000][1][safepoint    ] Entering safepoint region: GenCollectForAllocation
[2022-06-13T02:53:51.531+0000][1][gc,start     ] GC(8) Pause Young (Allocation Failure)
[2022-06-13T02:53:51.532+0000][1][gc,task      ] GC(8) Using 5 workers of 13 for evacuation
[2022-06-13T02:53:51.550+0000][1][gc,age       ] GC(8) Desired survivor size 4456448 bytes, new threshold 6 (max threshold 6)
[2022-06-13T02:53:51.551+0000][1][gc,age       ] GC(8) Age table with threshold 6 (max threshold 6)
[2022-06-13T02:53:51.551+0000][1][gc,age       ] GC(8) - age   1:     499320 bytes,     499320 total
[2022-06-13T02:53:51.551+0000][1][gc,age       ] GC(8) - age   2:     485096 bytes,     984416 total
[2022-06-13T02:53:51.552+0000][1][gc,age       ] GC(8) - age   3:    1154280 bytes,    2138696 total
[2022-06-13T02:53:51.552+0000][1][gc,age       ] GC(8) - age   4:    2168544 bytes,    4307240 total
[2022-06-13T02:53:51.552+0000][1][gc,heap      ] GC(8) ParNew: 75416K->6940K(78656K)
[2022-06-13T02:53:51.552+0000][1][gc,heap      ] GC(8) CMS: 11304K->11876K(174784K)
[2022-06-13T02:53:51.552+0000][1][gc,metaspace ] GC(8) Metaspace: 20530K->20530K(1069056K)
[2022-06-13T02:53:51.553+0000][1][gc           ] GC(8) Pause Young (Allocation Failure) 84M->18M(247M) 21.195ms
[2022-06-13T02:53:51.553+0000][1][gc,cpu       ] GC(8) User=0.08s Sys=0.00s Real=0.02s
[2022-06-13T02:53:51.553+0000][1][safepoint    ] Leaving safepoint region
[2022-06-13T02:53:51.553+0000][1][safepoint    ] Total time for which application threads were stopped: 0.0227718 seconds, Stopping threads took: 0.0006331 seconds
[2022-06-13T02:53:51.554+0000][1][safepoint    ] Application time: 0.0002940 seconds
[2022-06-13T02:53:51.556+0000][1][safepoint    ] Entering safepoint region: CMS_Initial_Mark
[2022-06-13T02:53:51.556+0000][1][gc,start     ] GC(9) Pause Initial Mark
[2022-06-13T02:53:51.558+0000][1][gc           ] GC(9) Pause Initial Mark 19M->19M(247M) 1.685ms
[2022-06-13T02:53:51.558+0000][1][gc,cpu       ] GC(9) User=0.01s Sys=0.00s Real=0.00s
[2022-06-13T02:53:51.558+0000][1][safepoint    ] Leaving safepoint region
[2022-06-13T02:53:51.559+0000][1][safepoint    ] Total time for which application threads were stopped: 0.0027416 seconds, Stopping threads took: 0.0004438 seconds
[2022-06-13T02:53:51.559+0000][1][gc           ] GC(9) Concurrent Mark
[2022-06-13T02:53:51.576+0000][1][gc,task      ] GC(9) Using 4 workers of 4 for marking
[2022-06-13T02:53:51.596+0000][1][gc           ] GC(9) Concurrent Mark 37.063ms
[2022-06-13T02:53:51.597+0000][1][gc,cpu       ] GC(9) User=0.24s Sys=0.01s Real=0.04s
[2022-06-13T02:53:51.597+0000][1][gc           ] GC(9) Concurrent Preclean
[2022-06-13T02:53:51.602+0000][1][gc           ] GC(9) Concurrent Preclean 4.225ms
[2022-06-13T02:53:51.602+0000][1][gc,cpu       ] GC(9) User=0.04s Sys=0.00s Real=0.01s
[2022-06-13T02:53:51.603+0000][1][gc           ] GC(9) Concurrent Abortable Preclean
[2022-06-13T02:53:51.673+0000][1][safepoint    ] Application time: 0.1142170 seconds
[2022-06-13T02:53:51.673+0000][1][safepoint    ] Entering safepoint region: GenCollectForAllocation
[2022-06-13T02:53:51.674+0000][1][gc,start     ] GC(10) Pause Young (Allocation Failure)
[2022-06-13T02:53:51.674+0000][1][gc,task      ] GC(10) Using 5 workers of 13 for evacuation
[2022-06-13T02:53:51.689+0000][1][gc,age       ] GC(10) Desired survivor size 4456448 bytes, new threshold 5 (max threshold 6)
[2022-06-13T02:53:51.690+0000][1][gc,age       ] GC(10) Age table with threshold 5 (max threshold 6)
[2022-06-13T02:53:51.690+0000][1][gc,age       ] GC(10) - age   1:     932880 bytes,     932880 total
[2022-06-13T02:53:51.699+0000][1][gc,age       ] GC(10) - age   2:     487064 bytes,    1419944 total
[2022-06-13T02:53:51.710+0000][1][gc,age       ] GC(10) - age   3:     484976 bytes,    1904920 total
[2022-06-13T02:53:51.710+0000][1][gc,age       ] GC(10) - age   4:    1154280 bytes,    3059200 total
[2022-06-13T02:53:51.711+0000][1][gc,age       ] GC(10) - age   5:    2168352 bytes,    5227552 total
[2022-06-13T02:53:51.716+0000][1][gc,heap      ] GC(10) ParNew: 76892K->5977K(78656K)
[2022-06-13T02:53:51.718+0000][1][gc,heap      ] GC(10) CMS: 11876K->11876K(174784K)
[2022-06-13T02:53:51.719+0000][1][gc,metaspace ] GC(10) Metaspace: 20642K->20642K(1069056K)
[2022-06-13T02:53:51.719+0000][1][gc           ] GC(10) Pause Young (Allocation Failure) 86M->17M(247M) 45.160ms
[2022-06-13T02:53:51.720+0000][1][gc,cpu       ] GC(10) User=0.12s Sys=0.00s Real=0.05s
[2022-06-13T02:53:51.720+0000][1][safepoint    ] Leaving safepoint region
[2022-06-13T02:53:51.721+0000][1][safepoint    ] Total time for which application threads were stopped: 0.0473229 seconds, Stopping threads took: 0.0001975 seconds
[2022-06-13T02:53:51.780+0000][1][gc           ] GC(9) Concurrent Abortable Preclean 177.471ms
[2022-06-13T02:53:51.789+0000][1][gc,cpu       ] GC(9) User=0.75s Sys=0.01s Real=0.18s
[2022-06-13T02:53:51.790+0000][1][safepoint    ] Application time: 0.0687631 seconds
[2022-06-13T02:53:51.790+0000][1][safepoint    ] Entering safepoint region: CMS_Final_Remark
[2022-06-13T02:53:51.790+0000][1][gc,start     ] GC(9) Pause Remark
[2022-06-13T02:53:51.822+0000][1][gc           ] GC(9) Pause Remark 54M->54M(247M) 32.437ms
[2022-06-13T02:53:51.823+0000][1][gc,cpu       ] GC(9) User=0.14s Sys=0.00s Real=0.04s
[2022-06-13T02:53:51.823+0000][1][safepoint    ] Leaving safepoint region
[2022-06-13T02:53:51.823+0000][1][safepoint    ] Total time for which application threads were stopped: 0.0335131 seconds, Stopping threads took: 0.0001610 seconds
[2022-06-13T02:53:51.824+0000][1][gc           ] GC(9) Concurrent Sweep
[2022-06-13T02:53:51.836+0000][1][gc           ] GC(9) Concurrent Sweep 12.338ms
[2022-06-13T02:53:51.837+0000][1][gc,cpu       ] GC(9) User=0.06s Sys=0.01s Real=0.01s
[2022-06-13T02:53:51.837+0000][1][gc           ] GC(9) Concurrent Reset
[2022-06-13T02:53:51.837+0000][1][gc           ] GC(9) Concurrent Reset 0.538ms
[2022-06-13T02:53:51.837+0000][1][gc,cpu       ] GC(9) User=0.00s Sys=0.00s Real=0.00s
[2022-06-13T02:53:51.838+0000][1][gc,heap      ] GC(9) Old: 11876K->11866K(174784K)
[2022-06-13T02:53:51.873+0000][1][safepoint    ] Application time: 0.0498160 seconds
[2022-06-13T02:53:51.874+0000][1][safepoint    ] Entering safepoint region: GenCollectForAllocation
[2022-06-13T02:53:51.875+0000][1][gc,start     ] GC(11) Pause Young (Allocation Failure)
[2022-06-13T02:53:51.875+0000][1][gc,task      ] GC(11) Using 5 workers of 13 for evacuation
[2022-06-13T02:53:51.884+0000][1][gc,age       ] GC(11) Desired survivor size 4456448 bytes, new threshold 6 (max threshold 6)
[2022-06-13T02:53:51.885+0000][1][gc,age       ] GC(11) Age table with threshold 6 (max threshold 6)
[2022-06-13T02:53:51.885+0000][1][gc,age       ] GC(11) - age   1:    1598640 bytes,    1598640 total
[2022-06-13T02:53:51.885+0000][1][gc,age       ] GC(11) - age   2:     126440 bytes,    1725080 total
[2022-06-13T02:53:51.886+0000][1][gc,age       ] GC(11) - age   3:     486968 bytes,    2212048 total
[2022-06-13T02:53:51.886+0000][1][gc,age       ] GC(11) - age   4:     484824 bytes,    2696872 total
[2022-06-13T02:53:51.886+0000][1][gc,age       ] GC(11) - age   5:    1153992 bytes,    3850864 total
[2022-06-13T02:53:51.886+0000][1][gc,heap      ] GC(11) ParNew: 75929K->5019K(78656K)
[2022-06-13T02:53:51.886+0000][1][gc,heap      ] GC(11) CMS: 11866K->14015K(174784K)
[2022-06-13T02:53:51.886+0000][1][gc,metaspace ] GC(11) Metaspace: 20724K->20724K(1069056K)
[2022-06-13T02:53:51.887+0000][1][gc           ] GC(11) Pause Young (Allocation Failure) 85M->18M(247M) 12.002ms
[2022-06-13T02:53:51.887+0000][1][gc,cpu       ] GC(11) User=0.04s Sys=0.00s Real=0.01s
[2022-06-13T02:53:51.887+0000][1][safepoint    ] Leaving safepoint region
[2022-06-13T02:53:51.887+0000][1][safepoint    ] Total time for which application threads were stopped: 0.0137602 seconds, Stopping threads took: 0.0003937 seconds
[2022-06-13T02:53:52.291+0000][1][safepoint    ] Application time: 0.4035146 seconds
[2022-06-13T02:53:52.291+0000][1][safepoint    ] Entering safepoint region: Deoptimize
[2022-06-13T02:53:52.292+0000][1][safepoint    ] Leaving safepoint region
[2022-06-13T02:53:52.292+0000][1][safepoint    ] Total time for which application threads were stopped: 0.0010670 seconds, Stopping threads took: 0.0002090 seconds
[2022-06-13T02:53:52.384+0000][1][safepoint    ] Application time: 0.0920991 seconds
[2022-06-13T02:53:52.385+0000][1][safepoint    ] Entering safepoint region: Deoptimize
[2022-06-13T02:53:52.385+0000][1][safepoint    ] Leaving safepoint region
[2022-06-13T02:53:52.386+0000][1][safepoint    ] Total time for which application threads were stopped: 0.0008678 seconds, Stopping threads took: 0.0001911 seconds
[2022-06-13T02:53:52.398+0000][1][safepoint    ] Application time: 0.0119246 seconds
[2022-06-13T02:53:52.398+0000][1][safepoint    ] Entering safepoint region: Deoptimize
[2022-06-13T02:53:52.400+0000][1][safepoint    ] Leaving safepoint region
[2022-06-13T02:53:52.401+0000][1][safepoint    ] Total time for which application threads were stopped: 0.0027664 seconds, Stopping threads took: 0.0005757 seconds
[2022-06-13T02:53:52.407+0000][1][safepoint    ] Application time: 0.0057012 seconds
[2022-06-13T02:53:52.408+0000][1][safepoint    ] Entering safepoint region: Deoptimize
[2022-06-13T02:53:52.408+0000][1][safepoint    ] Leaving safepoint region
[2022-06-13T02:53:52.409+0000][1][safepoint    ] Total time for which application threads were stopped: 0.0010033 seconds, Stopping threads took: 0.0002328 seconds
[2022-06-13T02:53:52.528+0000][1][safepoint    ] Application time: 0.1194961 seconds
[2022-06-13T02:53:52.529+0000][1][safepoint    ] Entering safepoint region: GenCollectForAllocation
[2022-06-13T02:53:52.529+0000][1][gc,start     ] GC(12) Pause Young (Allocation Failure)
[2022-06-13T02:53:52.529+0000][1][gc,task      ] GC(12) Using 5 workers of 13 for evacuation
[2022-06-13T02:53:52.544+0000][1][gc,age       ] GC(12) Desired survivor size 4456448 bytes, new threshold 6 (max threshold 6)
[2022-06-13T02:53:52.544+0000][1][gc,age       ] GC(12) Age table with threshold 6 (max threshold 6)
[2022-06-13T02:53:52.544+0000][1][gc,age       ] GC(12) - age   1:    2954512 bytes,    2954512 total
[2022-06-13T02:53:52.544+0000][1][gc,age       ] GC(12) - age   2:     344944 bytes,    3299456 total
[2022-06-13T02:53:52.545+0000][1][gc,age       ] GC(12) - age   3:     126144 bytes,    3425600 total
[2022-06-13T02:53:52.545+0000][1][gc,age       ] GC(12) - age   4:     486344 bytes,    3911944 total
[2022-06-13T02:53:52.545+0000][1][gc,age       ] GC(12) - age   5:     480088 bytes,    4392032 total
[2022-06-13T02:53:52.546+0000][1][gc,age       ] GC(12) - age   6:    1153616 bytes,    5545648 total
[2022-06-13T02:53:52.546+0000][1][gc,heap      ] GC(12) ParNew: 74971K->7433K(78656K)
[2022-06-13T02:53:52.546+0000][1][gc,heap      ] GC(12) CMS: 14015K->14015K(174784K)
[2022-06-13T02:53:52.546+0000][1][gc,metaspace ] GC(12) Metaspace: 26438K->26438K(1073152K)
[2022-06-13T02:53:52.547+0000][1][gc           ] GC(12) Pause Young (Allocation Failure) 86M->20M(247M) 17.904ms
[2022-06-13T02:53:52.552+0000][1][gc,cpu       ] GC(12) User=0.06s Sys=0.00s Real=0.02s
[2022-06-13T02:53:52.558+0000][1][safepoint    ] Leaving safepoint region
[2022-06-13T02:53:52.558+0000][1][safepoint    ] Total time for which application threads were stopped: 0.0293794 seconds, Stopping threads took: 0.0002054 seconds
[2022-06-13T02:53:53.049+0000][1][safepoint    ] Application time: 0.4904586 seconds
[2022-06-13T02:53:53.059+0000][1][safepoint    ] Entering safepoint region: RevokeBias
[2022-06-13T02:53:53.060+0000][1][safepoint    ] Leaving safepoint region
[2022-06-13T02:53:53.060+0000][1][safepoint    ] Total time for which application threads were stopped: 0.0012492 seconds, Stopping threads took: 0.0002200 seconds
[2022-06-13T02:53:53.567+0000][1][safepoint    ] Application time: 0.5072328 seconds
[2022-06-13T02:53:53.570+0000][1][safepoint    ] Entering safepoint region: GenCollectForAllocation
[2022-06-13T02:53:53.571+0000][1][gc,start     ] GC(13) Pause Young (Allocation Failure)
[2022-06-13T02:53:53.572+0000][1][gc,task      ] GC(13) Using 5 workers of 13 for evacuation
[2022-06-13T02:53:53.619+0000][1][gc,age       ] GC(13) Desired survivor size 4456448 bytes, new threshold 1 (max threshold 6)
[2022-06-13T02:53:53.619+0000][1][gc,age       ] GC(13) Age table with threshold 1 (max threshold 6)
[2022-06-13T02:53:53.619+0000][1][gc,age       ] GC(13) - age   1:    4824680 bytes,    4824680 total
[2022-06-13T02:53:53.620+0000][1][gc,age       ] GC(13) - age   2:    2650776 bytes,    7475456 total
[2022-06-13T02:53:53.620+0000][1][gc,age       ] GC(13) - age   3:     344680 bytes,    7820136 total
[2022-06-13T02:53:53.620+0000][1][gc,age       ] GC(13) - age   4:     126144 bytes,    7946280 total
[2022-06-13T02:53:53.620+0000][1][gc,age       ] GC(13) - age   5:     486344 bytes,    8432624 total
[2022-06-13T02:53:53.620+0000][1][gc,age       ] GC(13) - age   6:     480088 bytes,    8912712 total
[2022-06-13T02:53:53.620+0000][1][gc,heap      ] GC(13) ParNew: 77385K->8704K(78656K)
[2022-06-13T02:53:53.620+0000][1][gc,heap      ] GC(13) CMS: 14015K->26158K(174784K)
[2022-06-13T02:53:53.620+0000][1][gc,metaspace ] GC(13) Metaspace: 27160K->27160K(1075200K)
[2022-06-13T02:53:53.620+0000][1][gc           ] GC(13) Pause Young (Allocation Failure) 89M->34M(247M) 49.043ms
[2022-06-13T02:53:53.621+0000][1][gc,cpu       ] GC(13) User=0.28s Sys=0.02s Real=0.05s
[2022-06-13T02:53:53.621+0000][1][safepoint    ] Leaving safepoint region
[2022-06-13T02:53:53.621+0000][1][safepoint    ] Total time for which application threads were stopped: 0.0510566 seconds, Stopping threads took: 0.0014401 seconds
[2022-06-13T02:53:54.609+0000][1][safepoint    ] Application time: 0.9881110 seconds
[2022-06-13T02:53:54.609+0000][1][safepoint    ] Entering safepoint region: GenCollectForAllocation
[2022-06-13T02:53:54.610+0000][1][gc,start     ] GC(14) Pause Young (Allocation Failure)
[2022-06-13T02:53:54.619+0000][1][gc,task      ] GC(14) Using 5 workers of 13 for evacuation
[2022-06-13T02:53:54.672+0000][1][gc,age       ] GC(14) Desired survivor size 4456448 bytes, new threshold 1 (max threshold 6)
[2022-06-13T02:53:54.681+0000][1][gc,age       ] GC(14) Age table with threshold 1 (max threshold 6)
[2022-06-13T02:53:54.682+0000][1][gc,age       ] GC(14) - age   1:    8377952 bytes,    8377952 total
[2022-06-13T02:53:54.682+0000][1][gc,heap      ] GC(14) ParNew: 78656K->8704K(78656K)
[2022-06-13T02:53:54.682+0000][1][gc,heap      ] GC(14) CMS: 26158K->39828K(174784K)
[2022-06-13T02:53:54.682+0000][1][gc,metaspace ] GC(14) Metaspace: 27193K->27193K(1075200K)
[2022-06-13T02:53:54.682+0000][1][gc           ] GC(14) Pause Young (Allocation Failure) 102M->47M(247M) 72.612ms
[2022-06-13T02:53:54.682+0000][1][gc,cpu       ] GC(14) User=0.23s Sys=0.03s Real=0.07s
[2022-06-13T02:53:54.683+0000][1][safepoint    ] Leaving safepoint region
[2022-06-13T02:53:54.683+0000][1][safepoint    ] Total time for which application threads were stopped: 0.0734189 seconds, Stopping threads took: 0.0002961 seconds
[2022-06-13T02:53:54.976+0000][1][safepoint    ] Application time: 0.2931626 seconds
[2022-06-13T02:53:54.979+0000][1][safepoint    ] Entering safepoint region: Deoptimize
[2022-06-13T02:53:54.985+0000][1][safepoint    ] Leaving safepoint region
[2022-06-13T02:53:54.985+0000][1][safepoint    ] Total time for which application threads were stopped: 0.0061010 seconds, Stopping threads took: 0.0050802 seconds
[2022-06-13T02:53:55.373+0000][1][safepoint    ] Application time: 0.3882336 seconds
[2022-06-13T02:53:55.374+0000][1][safepoint    ] Entering safepoint region: RevokeBias
[2022-06-13T02:53:55.374+0000][1][safepoint    ] Leaving safepoint region
[2022-06-13T02:53:55.374+0000][1][safepoint    ] Total time for which application threads were stopped: 0.0005625 seconds, Stopping threads took: 0.0002494 seconds
[2022-06-13T02:53:55.606+0000][1][safepoint    ] Application time: 0.2311840 seconds
[2022-06-13T02:53:55.609+0000][1][safepoint    ] Entering safepoint region: GenCollectForAllocation
[2022-06-13T02:53:55.610+0000][1][gc,start     ] GC(15) Pause Young (Allocation Failure)
[2022-06-13T02:53:55.610+0000][1][gc,task      ] GC(15) Using 5 workers of 13 for evacuation
[2022-06-13T02:53:55.632+0000][1][gc,age       ] GC(15) Desired survivor size 4456448 bytes, new threshold 1 (max threshold 6)
[2022-06-13T02:53:55.639+0000][1][gc,age       ] GC(15) Age table with threshold 1 (max threshold 6)
[2022-06-13T02:53:55.640+0000][1][gc,age       ] GC(15) - age   1:    6898224 bytes,    6898224 total
[2022-06-13T02:53:55.640+0000][1][gc,heap      ] GC(15) ParNew: 78656K->8704K(78656K)
[2022-06-13T02:53:55.640+0000][1][gc,heap      ] GC(15) CMS: 39828K->48956K(174784K)
[2022-06-13T02:53:55.640+0000][1][gc,metaspace ] GC(15) Metaspace: 32034K->32034K(1079296K)
[2022-06-13T02:53:55.640+0000][1][gc           ] GC(15) Pause Young (Allocation Failure) 115M->56M(247M) 30.718ms
[2022-06-13T02:53:55.640+0000][1][gc,cpu       ] GC(15) User=0.14s Sys=0.00s Real=0.02s
[2022-06-13T02:53:55.640+0000][1][safepoint    ] Leaving safepoint region
[2022-06-13T02:53:55.644+0000][1][safepoint    ] Total time for which application threads were stopped: 0.0383373 seconds, Stopping threads took: 0.0035376 seconds
[2022-06-13T02:53:55.691+0000][1][safepoint    ] Application time: 0.0464997 seconds
[2022-06-13T02:53:55.691+0000][1][safepoint    ] Entering safepoint region: RevokeBias
[2022-06-13T02:53:55.692+0000][1][safepoint    ] Leaving safepoint region
[2022-06-13T02:53:55.692+0000][1][safepoint    ] Total time for which application threads were stopped: 0.0004097 seconds, Stopping threads took: 0.0001870 seconds
[2022-06-13T02:53:55.797+0000][1][safepoint    ] Application time: 0.1049933 seconds
[2022-06-13T02:53:55.797+0000][1][safepoint    ] Entering safepoint region: GenCollectForAllocation
[2022-06-13T02:53:55.798+0000][1][gc,start     ] GC(16) Pause Young (Allocation Failure)
[2022-06-13T02:53:55.798+0000][1][gc,task      ] GC(16) Using 5 workers of 13 for evacuation
[2022-06-13T02:53:55.805+0000][1][gc,age       ] GC(16) Desired survivor size 4456448 bytes, new threshold 6 (max threshold 6)
[2022-06-13T02:53:55.805+0000][1][gc,age       ] GC(16) Age table with threshold 6 (max threshold 6)
[2022-06-13T02:53:55.806+0000][1][gc,age       ] GC(16) - age   1:     383704 bytes,     383704 total
[2022-06-13T02:53:55.806+0000][1][gc,heap      ] GC(16) ParNew: 78656K->7072K(78656K)
[2022-06-13T02:53:55.806+0000][1][gc,heap      ] GC(16) CMS: 48956K->55722K(174784K)
[2022-06-13T02:53:55.806+0000][1][gc,metaspace ] GC(16) Metaspace: 33022K->33022K(1079296K)
[2022-06-13T02:53:55.806+0000][1][gc           ] GC(16) Pause Young (Allocation Failure) 124M->61M(247M) 8.623ms
[2022-06-13T02:53:55.806+0000][1][gc,cpu       ] GC(16) User=0.03s Sys=0.00s Real=0.01s
[2022-06-13T02:53:55.807+0000][1][safepoint    ] Leaving safepoint region
[2022-06-13T02:53:55.807+0000][1][safepoint    ] Total time for which application threads were stopped: 0.0096089 seconds, Stopping threads took: 0.0003472 seconds
[2022-06-13T02:53:56.105+0000][1][safepoint    ] Application time: 0.2977780 seconds
[2022-06-13T02:53:56.106+0000][1][safepoint    ] Entering safepoint region: CollectForMetadataAllocation
[2022-06-13T02:53:56.107+0000][1][safepoint    ] Leaving safepoint region
[2022-06-13T02:53:56.107+0000][1][safepoint    ] Total time for which application threads were stopped: 0.0015550 seconds, Stopping threads took: 0.0007874 seconds
[2022-06-13T02:53:56.147+0000][1][safepoint    ] Application time: 0.0397910 seconds
[2022-06-13T02:53:56.149+0000][1][safepoint    ] Entering safepoint region: CollectForMetadataAllocation
[2022-06-13T02:53:56.149+0000][1][safepoint    ] Leaving safepoint region
[2022-06-13T02:53:56.149+0000][1][safepoint    ] Total time for which application threads were stopped: 0.0007153 seconds, Stopping threads took: 0.0003084 seconds
[2022-06-13T02:53:56.169+0000][1][safepoint    ] Application time: 0.0196857 seconds
[2022-06-13T02:53:56.169+0000][1][safepoint    ] Entering safepoint region: CollectForMetadataAllocation
[2022-06-13T02:53:56.170+0000][1][safepoint    ] Leaving safepoint region
[2022-06-13T02:53:56.170+0000][1][safepoint    ] Total time for which application threads were stopped: 0.0005399 seconds, Stopping threads took: 0.0002272 seconds
[2022-06-13T02:53:56.191+0000][1][safepoint    ] Application time: 0.0205291 seconds
[2022-06-13T02:53:56.192+0000][1][safepoint    ] Entering safepoint region: CollectForMetadataAllocation
[2022-06-13T02:53:56.193+0000][1][safepoint    ] Leaving safepoint region
[2022-06-13T02:53:56.193+0000][1][safepoint    ] Total time for which application threads were stopped: 0.0021164 seconds, Stopping threads took: 0.0008258 seconds
[2022-06-13T02:53:56.215+0000][1][safepoint    ] Application time: 0.0215769 seconds
[2022-06-13T02:53:56.215+0000][1][safepoint    ] Entering safepoint region: CollectForMetadataAllocation
[2022-06-13T02:53:56.216+0000][1][safepoint    ] Leaving safepoint region
[2022-06-13T02:53:56.217+0000][1][safepoint    ] Total time for which application threads were stopped: 0.0012118 seconds, Stopping threads took: 0.0002201 seconds
[2022-06-13T02:53:56.245+0000][1][safepoint    ] Application time: 0.0280685 seconds
[2022-06-13T02:53:56.247+0000][1][safepoint    ] Entering safepoint region: CollectForMetadataAllocation
[2022-06-13T02:53:56.249+0000][1][safepoint    ] Leaving safepoint region
[2022-06-13T02:53:56.250+0000][1][safepoint    ] Total time for which application threads were stopped: 0.0030941 seconds, Stopping threads took: 0.0017609 seconds
[2022-06-13T02:53:56.301+0000][1][safepoint    ] Application time: 0.0511882 seconds
[2022-06-13T02:53:56.301+0000][1][safepoint    ] Entering safepoint region: CollectForMetadataAllocation
[2022-06-13T02:53:56.303+0000][1][safepoint    ] Leaving safepoint region
[2022-06-13T02:53:56.309+0000][1][safepoint    ] Total time for which application threads were stopped: 0.0076343 seconds, Stopping threads took: 0.0004726 seconds
[2022-06-13T02:53:56.358+0000][1][safepoint    ] Application time: 0.0390757 seconds
[2022-06-13T02:53:56.360+0000][1][safepoint    ] Entering safepoint region: CollectForMetadataAllocation
[2022-06-13T02:53:56.361+0000][1][safepoint    ] Leaving safepoint region
[2022-06-13T02:53:56.361+0000][1][safepoint    ] Total time for which application threads were stopped: 0.0008030 seconds, Stopping threads took: 0.0003803 seconds
[2022-06-13T02:53:56.393+0000][1][safepoint    ] Application time: 0.0320072 seconds
[2022-06-13T02:53:56.394+0000][1][safepoint    ] Entering safepoint region: CollectForMetadataAllocation
[2022-06-13T02:53:56.394+0000][1][safepoint    ] Leaving safepoint region
[2022-06-13T02:53:56.394+0000][1][safepoint    ] Total time for which application threads were stopped: 0.0004971 seconds, Stopping threads took: 0.0001572 seconds
[2022-06-13T02:53:56.412+0000][1][safepoint    ] Application time: 0.0172955 seconds
[2022-06-13T02:53:56.412+0000][1][safepoint    ] Entering safepoint region: CollectForMetadataAllocation
[2022-06-13T02:53:56.412+0000][1][safepoint    ] Leaving safepoint region
[2022-06-13T02:53:56.412+0000][1][safepoint    ] Total time for which application threads were stopped: 0.0005655 seconds, Stopping threads took: 0.0002226 seconds
[2022-06-13T02:53:56.414+0000][1][safepoint    ] Application time: 0.0016967 seconds
[2022-06-13T02:53:56.416+0000][1][safepoint    ] Entering safepoint region: RevokeBias
[2022-06-13T02:53:56.416+0000][1][safepoint    ] Leaving safepoint region
[2022-06-13T02:53:56.416+0000][1][safepoint    ] Total time for which application threads were stopped: 0.0005680 seconds, Stopping threads took: 0.0002700 seconds
[2022-06-13T02:53:56.445+0000][1][safepoint    ] Application time: 0.0286957 seconds
[2022-06-13T02:53:56.446+0000][1][safepoint    ] Entering safepoint region: RevokeBias
[2022-06-13T02:53:56.447+0000][1][safepoint    ] Leaving safepoint region
[2022-06-13T02:53:56.448+0000][1][safepoint    ] Total time for which application threads were stopped: 0.0015589 seconds, Stopping threads took: 0.0006503 seconds
[2022-06-13T02:53:56.452+0000][1][safepoint    ] Application time: 0.0043484 seconds
[2022-06-13T02:53:56.453+0000][1][safepoint    ] Entering safepoint region: CollectForMetadataAllocation
[2022-06-13T02:53:56.453+0000][1][safepoint    ] Leaving safepoint region
[2022-06-13T02:53:56.453+0000][1][safepoint    ] Total time for which application threads were stopped: 0.0007629 seconds, Stopping threads took: 0.0003398 seconds
[2022-06-13T02:53:56.496+0000][1][safepoint    ] Application time: 0.0421005 seconds
[2022-06-13T02:53:56.497+0000][1][safepoint    ] Entering safepoint region: CollectForMetadataAllocation
[2022-06-13T02:53:56.499+0000][1][safepoint    ] Leaving safepoint region
[2022-06-13T02:53:56.499+0000][1][safepoint    ] Total time for which application threads were stopped: 0.0027289 seconds, Stopping threads took: 0.0016504 seconds
[2022-06-13T02:53:56.514+0000][1][safepoint    ] Application time: 0.0142311 seconds
[2022-06-13T02:53:56.514+0000][1][safepoint    ] Entering safepoint region: CollectForMetadataAllocation
[2022-06-13T02:53:56.515+0000][1][safepoint    ] Leaving safepoint region
[2022-06-13T02:53:56.515+0000][1][safepoint    ] Total time for which application threads were stopped: 0.0006666 seconds, Stopping threads took: 0.0002239 seconds
[2022-06-13T02:53:56.537+0000][1][safepoint    ] Application time: 0.0223872 seconds
[2022-06-13T02:53:56.538+0000][1][safepoint    ] Entering safepoint region: CollectForMetadataAllocation
[2022-06-13T02:53:56.538+0000][1][safepoint    ] Leaving safepoint region
[2022-06-13T02:53:56.538+0000][1][safepoint    ] Total time for which application threads were stopped: 0.0005490 seconds, Stopping threads took: 0.0002088 seconds
[2022-06-13T02:53:56.557+0000][1][safepoint    ] Application time: 0.0189510 seconds
[2022-06-13T02:53:56.558+0000][1][safepoint    ] Entering safepoint region: CollectForMetadataAllocation
[2022-06-13T02:53:56.558+0000][1][safepoint    ] Leaving safepoint region
[2022-06-13T02:53:56.558+0000][1][safepoint    ] Total time for which application threads were stopped: 0.0005421 seconds, Stopping threads took: 0.0002011 seconds
[2022-06-13T02:53:56.584+0000][1][safepoint    ] Application time: 0.0257025 seconds
[2022-06-13T02:53:56.584+0000][1][safepoint    ] Entering safepoint region: CollectForMetadataAllocation
[2022-06-13T02:53:56.585+0000][1][safepoint    ] Leaving safepoint region
[2022-06-13T02:53:56.585+0000][1][safepoint    ] Total time for which application threads were stopped: 0.0005832 seconds, Stopping threads took: 0.0001958 seconds
[2022-06-13T02:53:56.604+0000][1][safepoint    ] Application time: 0.0192523 seconds
[2022-06-13T02:53:56.605+0000][1][safepoint    ] Entering safepoint region: CollectForMetadataAllocation
[2022-06-13T02:53:56.605+0000][1][safepoint    ] Leaving safepoint region
[2022-06-13T02:53:56.605+0000][1][safepoint    ] Total time for which application threads were stopped: 0.0005065 seconds, Stopping threads took: 0.0001917 seconds
[2022-06-13T02:53:56.628+0000][1][safepoint    ] Application time: 0.0226261 seconds
[2022-06-13T02:53:56.628+0000][1][safepoint    ] Entering safepoint region: CollectForMetadataAllocation
[2022-06-13T02:53:56.629+0000][1][safepoint    ] Leaving safepoint region
[2022-06-13T02:53:56.629+0000][1][safepoint    ] Total time for which application threads were stopped: 0.0005454 seconds, Stopping threads took: 0.0002577 seconds
[2022-06-13T02:53:56.656+0000][1][safepoint    ] Application time: 0.0269044 seconds
[2022-06-13T02:53:56.656+0000][1][safepoint    ] Entering safepoint region: CollectForMetadataAllocation
[2022-06-13T02:53:56.657+0000][1][safepoint    ] Leaving safepoint region
[2022-06-13T02:53:56.657+0000][1][safepoint    ] Total time for which application threads were stopped: 0.0005469 seconds, Stopping threads took: 0.0001958 seconds
[2022-06-13T02:53:56.678+0000][1][safepoint    ] Application time: 0.0206893 seconds
[2022-06-13T02:53:56.678+0000][1][safepoint    ] Entering safepoint region: CollectForMetadataAllocation
[2022-06-13T02:53:56.678+0000][1][safepoint    ] Leaving safepoint region
[2022-06-13T02:53:56.679+0000][1][safepoint    ] Total time for which application threads were stopped: 0.0004799 seconds, Stopping threads took: 0.0001252 seconds
[2022-06-13T02:53:56.704+0000][1][safepoint    ] Application time: 0.0251557 seconds
[2022-06-13T02:53:56.704+0000][1][safepoint    ] Entering safepoint region: CollectForMetadataAllocation
[2022-06-13T02:53:56.705+0000][1][safepoint    ] Leaving safepoint region
[2022-06-13T02:53:56.705+0000][1][safepoint    ] Total time for which application threads were stopped: 0.0004667 seconds, Stopping threads took: 0.0001886 seconds
[2022-06-13T02:53:56.734+0000][1][safepoint    ] Application time: 0.0289370 seconds
[2022-06-13T02:53:56.734+0000][1][safepoint    ] Entering safepoint region: CollectForMetadataAllocation
[2022-06-13T02:53:56.736+0000][1][safepoint    ] Leaving safepoint region
[2022-06-13T02:53:56.736+0000][1][safepoint    ] Total time for which application threads were stopped: 0.0020548 seconds, Stopping threads took: 0.0002136 seconds
[2022-06-13T02:53:56.763+0000][1][safepoint    ] Application time: 0.0260972 seconds
[2022-06-13T02:53:56.763+0000][1][safepoint    ] Entering safepoint region: CollectForMetadataAllocation
[2022-06-13T02:53:56.763+0000][1][safepoint    ] Leaving safepoint region
[2022-06-13T02:53:56.763+0000][1][safepoint    ] Total time for which application threads were stopped: 0.0006108 seconds, Stopping threads took: 0.0002143 seconds
[2022-06-13T02:53:56.777+0000][1][safepoint    ] Application time: 0.0133863 seconds
[2022-06-13T02:53:56.777+0000][1][safepoint    ] Entering safepoint region: CollectForMetadataAllocation
[2022-06-13T02:53:56.778+0000][1][safepoint    ] Leaving safepoint region
[2022-06-13T02:53:56.778+0000][1][safepoint    ] Total time for which application threads were stopped: 0.0005544 seconds, Stopping threads took: 0.0002491 seconds
[2022-06-13T02:53:56.806+0000][1][safepoint    ] Application time: 0.0275489 seconds
[2022-06-13T02:53:56.806+0000][1][safepoint    ] Entering safepoint region: CollectForMetadataAllocation
[2022-06-13T02:53:56.807+0000][1][safepoint    ] Leaving safepoint region
[2022-06-13T02:53:56.807+0000][1][safepoint    ] Total time for which application threads were stopped: 0.0011235 seconds, Stopping threads took: 0.0002021 seconds
[2022-06-13T02:53:56.837+0000][1][safepoint    ] Application time: 0.0295377 seconds
[2022-06-13T02:53:56.837+0000][1][safepoint    ] Entering safepoint region: CollectForMetadataAllocation
[2022-06-13T02:53:56.837+0000][1][safepoint    ] Leaving safepoint region
[2022-06-13T02:53:56.838+0000][1][safepoint    ] Total time for which application threads were stopped: 0.0006353 seconds, Stopping threads took: 0.0002122 seconds
[2022-06-13T02:53:56.857+0000][1][safepoint    ] Application time: 0.0186283 seconds
[2022-06-13T02:53:56.859+0000][1][safepoint    ] Entering safepoint region: RevokeBias
[2022-06-13T02:53:56.859+0000][1][safepoint    ] Leaving safepoint region
[2022-06-13T02:53:56.860+0000][1][safepoint    ] Total time for which application threads were stopped: 0.0026836 seconds, Stopping threads took: 0.0023716 seconds
[2022-06-13T02:53:56.862+0000][1][safepoint    ] Application time: 0.0019900 seconds
[2022-06-13T02:53:56.866+0000][1][safepoint    ] Entering safepoint region: RevokeBias
[2022-06-13T02:53:56.868+0000][1][safepoint    ] Leaving safepoint region
[2022-06-13T02:53:56.868+0000][1][safepoint    ] Total time for which application threads were stopped: 0.0065049 seconds, Stopping threads took: 0.0060532 seconds
[2022-06-13T02:53:56.872+0000][1][safepoint    ] Application time: 0.0033603 seconds
[2022-06-13T02:53:56.873+0000][1][safepoint    ] Entering safepoint region: RevokeBias
[2022-06-13T02:53:56.873+0000][1][safepoint    ] Leaving safepoint region
[2022-06-13T02:53:56.874+0000][1][safepoint    ] Total time for which application threads were stopped: 0.0010910 seconds, Stopping threads took: 0.0002045 seconds
[2022-06-13T02:53:56.876+0000][1][safepoint    ] Application time: 0.0019567 seconds
[2022-06-13T02:53:56.876+0000][1][safepoint    ] Entering safepoint region: RevokeBias
[2022-06-13T02:53:56.876+0000][1][safepoint    ] Leaving safepoint region
[2022-06-13T02:53:56.877+0000][1][safepoint    ] Total time for which application threads were stopped: 0.0004758 seconds, Stopping threads took: 0.0001576 seconds
[2022-06-13T02:53:57.143+0000][1][safepoint    ] Application time: 0.2660529 seconds
[2022-06-13T02:53:57.143+0000][1][safepoint    ] Entering safepoint region: CollectForMetadataAllocation
[2022-06-13T02:53:57.144+0000][1][safepoint    ] Leaving safepoint region
[2022-06-13T02:53:57.144+0000][1][safepoint    ] Total time for which application threads were stopped: 0.0006007 seconds, Stopping threads took: 0.0002443 seconds
[2022-06-13T02:53:57.399+0000][1][safepoint    ] Application time: 0.2552117 seconds
[2022-06-13T02:53:57.400+0000][1][safepoint    ] Entering safepoint region: CollectForMetadataAllocation
[2022-06-13T02:53:57.400+0000][1][safepoint    ] Leaving safepoint region
[2022-06-13T02:53:57.400+0000][1][safepoint    ] Total time for which application threads were stopped: 0.0003751 seconds, Stopping threads took: 0.0001524 seconds
[2022-06-13T02:53:57.401+0000][1][safepoint    ] Application time: 0.0014994 seconds
[2022-06-13T02:53:57.402+0000][1][safepoint    ] Entering safepoint region: GenCollectForAllocation
[2022-06-13T02:53:57.402+0000][1][gc,start     ] GC(17) Pause Young (Allocation Failure)
[2022-06-13T02:53:57.402+0000][1][gc,task      ] GC(17) Using 5 workers of 13 for evacuation
[2022-06-13T02:53:57.405+0000][1][gc,age       ] GC(17) Desired survivor size 4456448 bytes, new threshold 6 (max threshold 6)
[2022-06-13T02:53:57.405+0000][1][gc,age       ] GC(17) Age table with threshold 6 (max threshold 6)
[2022-06-13T02:53:57.406+0000][1][gc,age       ] GC(17) - age   1:    3769136 bytes,    3769136 total
[2022-06-13T02:53:57.406+0000][1][gc,age       ] GC(17) - age   2:     343880 bytes,    4113016 total
[2022-06-13T02:53:57.406+0000][1][gc,heap      ] GC(17) ParNew: 77024K->4411K(78656K)
[2022-06-13T02:53:57.406+0000][1][gc,heap      ] GC(17) CMS: 55722K->55722K(174784K)
[2022-06-13T02:53:57.406+0000][1][gc,metaspace ] GC(17) Metaspace: 42371K->42371K(1089536K)
[2022-06-13T02:53:57.406+0000][1][gc           ] GC(17) Pause Young (Allocation Failure) 129M->58M(247M) 4.364ms
[2022-06-13T02:53:57.406+0000][1][gc,cpu       ] GC(17) User=0.01s Sys=0.00s Real=0.00s
[2022-06-13T02:53:57.406+0000][1][safepoint    ] Leaving safepoint region
[2022-06-13T02:53:57.407+0000][1][safepoint    ] Total time for which application threads were stopped: 0.0048760 seconds, Stopping threads took: 0.0001254 seconds
[2022-06-13T02:53:57.407+0000][1][safepoint    ] Application time: 0.0001255 seconds
[2022-06-13T02:53:57.407+0000][1][safepoint    ] Entering safepoint region: CMS_Initial_Mark
[2022-06-13T02:53:57.407+0000][1][gc,start     ] GC(18) Pause Initial Mark
[2022-06-13T02:53:57.408+0000][1][gc           ] GC(18) Pause Initial Mark 60M->60M(247M) 1.325ms
[2022-06-13T02:53:57.409+0000][1][gc,cpu       ] GC(18) User=0.00s Sys=0.00s Real=0.00s
[2022-06-13T02:53:57.409+0000][1][safepoint    ] Leaving safepoint region
[2022-06-13T02:53:57.409+0000][1][safepoint    ] Total time for which application threads were stopped: 0.0019691 seconds, Stopping threads took: 0.0002013 seconds
[2022-06-13T02:53:57.409+0000][1][gc           ] GC(18) Concurrent Mark
[2022-06-13T02:53:57.409+0000][1][gc,task      ] GC(18) Using 4 workers of 4 for marking
[2022-06-13T02:53:57.426+0000][1][safepoint    ] Application time: 0.0167473 seconds
[2022-06-13T02:53:57.426+0000][1][safepoint    ] Entering safepoint region: CollectForMetadataAllocation
[2022-06-13T02:53:57.426+0000][1][safepoint    ] Leaving safepoint region
[2022-06-13T02:53:57.427+0000][1][safepoint    ] Total time for which application threads were stopped: 0.0005253 seconds, Stopping threads took: 0.0001844 seconds
[2022-06-13T02:53:57.431+0000][1][gc           ] GC(18) Concurrent Mark 21.588ms
[2022-06-13T02:53:57.431+0000][1][gc,cpu       ] GC(18) User=0.08s Sys=0.03s Real=0.02s
[2022-06-13T02:53:57.431+0000][1][gc           ] GC(18) Concurrent Preclean
[2022-06-13T02:53:57.433+0000][1][gc           ] GC(18) Concurrent Preclean 1.675ms
[2022-06-13T02:53:57.433+0000][1][gc,cpu       ] GC(18) User=0.00s Sys=0.00s Real=0.00s
[2022-06-13T02:53:57.433+0000][1][gc           ] GC(18) Concurrent Abortable Preclean
[2022-06-13T02:53:57.694+0000][1][safepoint    ] Application time: 0.2672313 seconds
[2022-06-13T02:53:57.694+0000][1][safepoint    ] Entering safepoint region: CollectForMetadataAllocation
[2022-06-13T02:53:57.695+0000][1][safepoint    ] Leaving safepoint region
[2022-06-13T02:53:57.695+0000][1][safepoint    ] Total time for which application threads were stopped: 0.0009305 seconds, Stopping threads took: 0.0005750 seconds
[2022-06-13T02:53:57.755+0000][1][safepoint    ] Application time: 0.0596909 seconds
[2022-06-13T02:53:57.757+0000][1][safepoint    ] Entering safepoint region: CollectForMetadataAllocation
[2022-06-13T02:53:57.758+0000][1][safepoint    ] Leaving safepoint region
[2022-06-13T02:53:57.758+0000][1][safepoint    ] Total time for which application threads were stopped: 0.0009776 seconds, Stopping threads took: 0.0001960 seconds
[2022-06-13T02:53:57.772+0000][1][safepoint    ] Application time: 0.0145487 seconds
[2022-06-13T02:53:57.775+0000][1][safepoint    ] Entering safepoint region: CollectForMetadataAllocation
[2022-06-13T02:53:57.776+0000][1][safepoint    ] Leaving safepoint region
[2022-06-13T02:53:57.778+0000][1][safepoint    ] Total time for which application threads were stopped: 0.0021930 seconds, Stopping threads took: 0.0004368 seconds
[2022-06-13T02:53:57.819+0000][1][safepoint    ] Application time: 0.0410834 seconds
[2022-06-13T02:53:57.819+0000][1][safepoint    ] Entering safepoint region: CollectForMetadataAllocation
[2022-06-13T02:53:57.820+0000][1][safepoint    ] Leaving safepoint region
[2022-06-13T02:53:57.820+0000][1][safepoint    ] Total time for which application threads were stopped: 0.0004959 seconds, Stopping threads took: 0.0001799 seconds
[2022-06-13T02:53:57.846+0000][1][safepoint    ] Application time: 0.0256116 seconds
[2022-06-13T02:53:57.846+0000][1][safepoint    ] Entering safepoint region: CollectForMetadataAllocation
[2022-06-13T02:53:57.847+0000][1][safepoint    ] Leaving safepoint region
[2022-06-13T02:53:57.847+0000][1][safepoint    ] Total time for which application threads were stopped: 0.0005509 seconds, Stopping threads took: 0.0002151 seconds
[2022-06-13T02:53:57.851+0000][1][gc           ] GC(18) Concurrent Abortable Preclean 417.496ms
[2022-06-13T02:53:57.851+0000][1][gc,cpu       ] GC(18) User=1.59s Sys=0.03s Real=0.42s
[2022-06-13T02:53:57.852+0000][1][safepoint    ] Application time: 0.0046559 seconds
[2022-06-13T02:53:57.853+0000][1][safepoint    ] Entering safepoint region: CMS_Final_Remark
[2022-06-13T02:53:57.853+0000][1][gc,start     ] GC(18) Pause Remark
[2022-06-13T02:53:57.874+0000][1][gc           ] GC(18) Pause Remark 96M->96M(247M) 21.405ms
[2022-06-13T02:53:57.875+0000][1][gc,cpu       ] GC(18) User=0.05s Sys=0.00s Real=0.02s
[2022-06-13T02:53:57.875+0000][1][safepoint    ] Leaving safepoint region
[2022-06-13T02:53:57.875+0000][1][safepoint    ] Total time for which application threads were stopped: 0.0228801 seconds, Stopping threads took: 0.0005730 seconds
[2022-06-13T02:53:57.875+0000][1][gc           ] GC(18) Concurrent Sweep
[2022-06-13T02:53:57.911+0000][1][safepoint    ] Application time: 0.0356550 seconds
[2022-06-13T02:53:57.918+0000][1][safepoint    ] Entering safepoint region: RevokeBias
[2022-06-13T02:53:57.919+0000][1][safepoint    ] Leaving safepoint region
[2022-06-13T02:53:57.920+0000][1][safepoint    ] Total time for which application threads were stopped: 0.0016486 seconds, Stopping threads took: 0.0003211 seconds
[2022-06-13T02:53:57.925+0000][1][gc           ] GC(18) Concurrent Sweep 49.632ms
[2022-06-13T02:53:57.927+0000][1][gc,cpu       ] GC(18) User=0.15s Sys=0.00s Real=0.05s
[2022-06-13T02:53:57.928+0000][1][gc           ] GC(18) Concurrent Reset
[2022-06-13T02:53:57.931+0000][1][gc           ] GC(18) Concurrent Reset 2.942ms
[2022-06-13T02:53:57.932+0000][1][gc,cpu       ] GC(18) User=0.02s Sys=0.01s Real=0.01s
[2022-06-13T02:53:57.933+0000][1][gc,heap      ] GC(18) Old: 55722K->55508K(174784K)
[2022-06-13T02:53:57.989+0000][1][safepoint    ] Application time: 0.0686914 seconds
[2022-06-13T02:53:57.992+0000][1][safepoint    ] Entering safepoint region: RevokeBias
[2022-06-13T02:53:57.992+0000][1][safepoint    ] Leaving safepoint region
[2022-06-13T02:53:57.992+0000][1][safepoint    ] Total time for which application threads were stopped: 0.0005157 seconds, Stopping threads took: 0.0002632 seconds
[2022-06-13T02:53:58.010+0000][1][safepoint    ] Application time: 0.0177294 seconds
[2022-06-13T02:53:58.010+0000][1][safepoint    ] Entering safepoint region: RevokeBias
[2022-06-13T02:53:58.012+0000][1][safepoint    ] Leaving safepoint region
[2022-06-13T02:53:58.013+0000][1][safepoint    ] Total time for which application threads were stopped: 0.0023457 seconds, Stopping threads took: 0.0019009 seconds
[2022-06-13T02:53:58.018+0000][1][safepoint    ] Application time: 0.0049055 seconds
[2022-06-13T02:53:58.018+0000][1][safepoint    ] Entering safepoint region: RevokeBias
[2022-06-13T02:53:58.018+0000][1][safepoint    ] Leaving safepoint region
[2022-06-13T02:53:58.018+0000][1][safepoint    ] Total time for which application threads were stopped: 0.0004122 seconds, Stopping threads took: 0.0001939 seconds
[2022-06-13T02:53:58.208+0000][1][safepoint    ] Application time: 0.1893907 seconds
[2022-06-13T02:53:58.208+0000][1][safepoint    ] Entering safepoint region: RevokeBias
[2022-06-13T02:53:58.209+0000][1][safepoint    ] Leaving safepoint region
[2022-06-13T02:53:58.210+0000][1][safepoint    ] Total time for which application threads were stopped: 0.0012429 seconds, Stopping threads took: 0.0003880 seconds
[2022-06-13T02:53:58.210+0000][1][safepoint    ] Application time: 0.0003742 seconds
[2022-06-13T02:53:58.211+0000][1][safepoint    ] Entering safepoint region: RevokeBias
[2022-06-13T02:53:58.211+0000][1][safepoint    ] Leaving safepoint region
[2022-06-13T02:53:58.211+0000][1][safepoint    ] Total time for which application threads were stopped: 0.0009053 seconds, Stopping threads took: 0.0005933 seconds
[2022-06-13T02:53:58.212+0000][1][safepoint    ] Application time: 0.0002754 seconds
[2022-06-13T02:53:58.212+0000][1][safepoint    ] Entering safepoint region: RevokeBias
[2022-06-13T02:53:58.212+0000][1][safepoint    ] Leaving safepoint region
[2022-06-13T02:53:58.212+0000][1][safepoint    ] Total time for which application threads were stopped: 0.0005688 seconds, Stopping threads took: 0.0003078 seconds
[2022-06-13T02:53:58.213+0000][1][safepoint    ] Application time: 0.0001391 seconds
[2022-06-13T02:53:58.213+0000][1][safepoint    ] Entering safepoint region: RevokeBias
[2022-06-13T02:53:58.213+0000][1][safepoint    ] Leaving safepoint region
[2022-06-13T02:53:58.213+0000][1][safepoint    ] Total time for which application threads were stopped: 0.0003740 seconds, Stopping threads took: 0.0001643 seconds
[2022-06-13T02:53:58.275+0000][1][safepoint    ] Application time: 0.0617784 seconds
[2022-06-13T02:53:58.276+0000][1][safepoint    ] Entering safepoint region: RevokeBias
[2022-06-13T02:53:58.276+0000][1][safepoint    ] Leaving safepoint region
[2022-06-13T02:53:58.276+0000][1][safepoint    ] Total time for which application threads were stopped: 0.0004869 seconds, Stopping threads took: 0.0002443 seconds
[2022-06-13T02:53:58.277+0000][1][safepoint    ] Application time: 0.0002440 seconds
[2022-06-13T02:53:58.277+0000][1][safepoint    ] Entering safepoint region: RevokeBias
[2022-06-13T02:53:58.277+0000][1][safepoint    ] Leaving safepoint region
[2022-06-13T02:53:58.278+0000][1][safepoint    ] Total time for which application threads were stopped: 0.0005721 seconds, Stopping threads took: 0.0003115 seconds
[2022-06-13T02:53:58.278+0000][1][safepoint    ] Application time: 0.0000918 seconds
[2022-06-13T02:53:58.278+0000][1][safepoint    ] Entering safepoint region: RevokeBias
[2022-06-13T02:53:58.278+0000][1][safepoint    ] Leaving safepoint region
[2022-06-13T02:53:58.278+0000][1][safepoint    ] Total time for which application threads were stopped: 0.0002900 seconds, Stopping threads took: 0.0001415 seconds
[2022-06-13T02:53:58.279+0000][1][safepoint    ] Application time: 0.0003683 seconds
[2022-06-13T02:53:58.279+0000][1][safepoint    ] Entering safepoint region: RevokeBias
[2022-06-13T02:53:58.280+0000][1][safepoint    ] Leaving safepoint region
[2022-06-13T02:53:58.281+0000][1][safepoint    ] Total time for which application threads were stopped: 0.0013582 seconds, Stopping threads took: 0.0010856 seconds
[2022-06-13T02:53:58.281+0000][1][safepoint    ] Application time: 0.0002131 seconds
[2022-06-13T02:53:58.281+0000][1][safepoint    ] Entering safepoint region: RevokeBias
[2022-06-13T02:53:58.281+0000][1][safepoint    ] Leaving safepoint region
[2022-06-13T02:53:58.282+0000][1][safepoint    ] Total time for which application threads were stopped: 0.0007080 seconds, Stopping threads took: 0.0003309 seconds
[2022-06-13T02:53:58.284+0000][1][safepoint    ] Application time: 0.0015820 seconds
[2022-06-13T02:53:58.284+0000][1][safepoint    ] Entering safepoint region: RevokeBias
[2022-06-13T02:53:58.285+0000][1][safepoint    ] Leaving safepoint region
[2022-06-13T02:53:58.285+0000][1][safepoint    ] Total time for which application threads were stopped: 0.0010323 seconds, Stopping threads took: 0.0008392 seconds
[2022-06-13T02:53:58.285+0000][1][safepoint    ] Application time: 0.0000835 seconds
[2022-06-13T02:53:58.285+0000][1][safepoint    ] Entering safepoint region: RevokeBias
[2022-06-13T02:53:58.285+0000][1][safepoint    ] Leaving safepoint region
[2022-06-13T02:53:58.286+0000][1][safepoint    ] Total time for which application threads were stopped: 0.0005271 seconds, Stopping threads took: 0.0003195 seconds
[2022-06-13T02:53:58.286+0000][1][safepoint    ] Application time: 0.0000973 seconds
[2022-06-13T02:53:58.286+0000][1][safepoint    ] Entering safepoint region: RevokeBias
[2022-06-13T02:53:58.286+0000][1][safepoint    ] Leaving safepoint region
[2022-06-13T02:53:58.286+0000][1][safepoint    ] Total time for which application threads were stopped: 0.0003049 seconds, Stopping threads took: 0.0001360 seconds
[2022-06-13T02:53:58.287+0000][1][safepoint    ] Application time: 0.0000887 seconds
[2022-06-13T02:53:58.287+0000][1][safepoint    ] Entering safepoint region: RevokeBias
[2022-06-13T02:53:58.287+0000][1][safepoint    ] Leaving safepoint region
[2022-06-13T02:53:58.287+0000][1][safepoint    ] Total time for which application threads were stopped: 0.0004330 seconds, Stopping threads took: 0.0002135 seconds
[2022-06-13T02:53:58.287+0000][1][safepoint    ] Application time: 0.0000865 seconds
[2022-06-13T02:53:58.288+0000][1][safepoint    ] Entering safepoint region: RevokeBias
[2022-06-13T02:53:58.288+0000][1][safepoint    ] Leaving safepoint region
[2022-06-13T02:53:58.288+0000][1][safepoint    ] Total time for which application threads were stopped: 0.0003923 seconds, Stopping threads took: 0.0001911 seconds
[2022-06-13T02:53:58.288+0000][1][safepoint    ] Application time: 0.0001153 seconds
[2022-06-13T02:53:58.288+0000][1][safepoint    ] Entering safepoint region: RevokeBias
[2022-06-13T02:53:58.288+0000][1][safepoint    ] Leaving safepoint region
[2022-06-13T02:53:58.289+0000][1][safepoint    ] Total time for which application threads were stopped: 0.0003440 seconds, Stopping threads took: 0.0001445 seconds
[2022-06-13T02:53:58.289+0000][1][safepoint    ] Application time: 0.0002678 seconds
[2022-06-13T02:53:58.289+0000][1][safepoint    ] Entering safepoint region: RevokeBias
[2022-06-13T02:53:58.289+0000][1][safepoint    ] Leaving safepoint region
[2022-06-13T02:53:58.290+0000][1][safepoint    ] Total time for which application threads were stopped: 0.0003594 seconds, Stopping threads took: 0.0001450 seconds
[2022-06-13T02:53:58.290+0000][1][safepoint    ] Application time: 0.0001226 seconds
[2022-06-13T02:53:58.290+0000][1][safepoint    ] Entering safepoint region: RevokeBias
[2022-06-13T02:53:58.291+0000][1][safepoint    ] Leaving safepoint region
[2022-06-13T02:53:58.291+0000][1][safepoint    ] Total time for which application threads were stopped: 0.0007410 seconds, Stopping threads took: 0.0005511 seconds
[2022-06-13T02:53:58.291+0000][1][safepoint    ] Application time: 0.0000893 seconds
[2022-06-13T02:53:58.291+0000][1][safepoint    ] Entering safepoint region: RevokeBias
[2022-06-13T02:53:58.291+0000][1][safepoint    ] Leaving safepoint region
[2022-06-13T02:53:58.291+0000][1][safepoint    ] Total time for which application threads were stopped: 0.0003622 seconds, Stopping threads took: 0.0001825 seconds
[2022-06-13T02:53:58.292+0000][1][safepoint    ] Application time: 0.0000886 seconds
[2022-06-13T02:53:58.292+0000][1][safepoint    ] Entering safepoint region: RevokeBias
[2022-06-13T02:53:58.292+0000][1][safepoint    ] Leaving safepoint region
[2022-06-13T02:53:58.292+0000][1][safepoint    ] Total time for which application threads were stopped: 0.0002952 seconds, Stopping threads took: 0.0001430 seconds
[2022-06-13T02:53:58.292+0000][1][safepoint    ] Application time: 0.0000856 seconds
[2022-06-13T02:53:58.292+0000][1][safepoint    ] Entering safepoint region: RevokeBias
[2022-06-13T02:53:58.293+0000][1][safepoint    ] Leaving safepoint region
[2022-06-13T02:53:58.293+0000][1][safepoint    ] Total time for which application threads were stopped: 0.0003314 seconds, Stopping threads took: 0.0001512 seconds
[2022-06-13T02:53:58.293+0000][1][safepoint    ] Application time: 0.0000738 seconds
[2022-06-13T02:53:58.293+0000][1][safepoint    ] Entering safepoint region: RevokeBias
[2022-06-13T02:53:58.293+0000][1][safepoint    ] Leaving safepoint region
[2022-06-13T02:53:58.293+0000][1][safepoint    ] Total time for which application threads were stopped: 0.0002891 seconds, Stopping threads took: 0.0001451 seconds
[2022-06-13T02:53:58.294+0000][1][safepoint    ] Application time: 0.0000761 seconds
[2022-06-13T02:53:58.294+0000][1][safepoint    ] Entering safepoint region: RevokeBias
[2022-06-13T02:53:58.294+0000][1][safepoint    ] Leaving safepoint region
[2022-06-13T02:53:58.294+0000][1][safepoint    ] Total time for which application threads were stopped: 0.0004068 seconds, Stopping threads took: 0.0002002 seconds
[2022-06-13T02:53:58.294+0000][1][safepoint    ] Application time: 0.0000885 seconds
[2022-06-13T02:53:58.295+0000][1][safepoint    ] Entering safepoint region: RevokeBias
[2022-06-13T02:53:58.295+0000][1][safepoint    ] Leaving safepoint region
[2022-06-13T02:53:58.295+0000][1][safepoint    ] Total time for which application threads were stopped: 0.0002762 seconds, Stopping threads took: 0.0001242 seconds
[2022-06-13T02:53:58.295+0000][1][safepoint    ] Application time: 0.0000756 seconds
[2022-06-13T02:53:58.295+0000][1][safepoint    ] Entering safepoint region: RevokeBias
[2022-06-13T02:53:58.295+0000][1][safepoint    ] Leaving safepoint region
[2022-06-13T02:53:58.296+0000][1][safepoint    ] Total time for which application threads were stopped: 0.0003215 seconds, Stopping threads took: 0.0001157 seconds
[2022-06-13T02:53:58.296+0000][1][safepoint    ] Application time: 0.0000872 seconds
[2022-06-13T02:53:58.296+0000][1][safepoint    ] Entering safepoint region: RevokeBias
[2022-06-13T02:53:58.296+0000][1][safepoint    ] Leaving safepoint region
[2022-06-13T02:53:58.296+0000][1][safepoint    ] Total time for which application threads were stopped: 0.0003280 seconds, Stopping threads took: 0.0001548 seconds
[2022-06-13T02:53:58.297+0000][1][safepoint    ] Application time: 0.0001076 seconds
[2022-06-13T02:53:58.297+0000][1][safepoint    ] Entering safepoint region: RevokeBias
[2022-06-13T02:53:58.297+0000][1][safepoint    ] Leaving safepoint region
[2022-06-13T02:53:58.297+0000][1][safepoint    ] Total time for which application threads were stopped: 0.0003513 seconds, Stopping threads took: 0.0002076 seconds
[2022-06-13T02:53:58.297+0000][1][safepoint    ] Application time: 0.0000749 seconds
[2022-06-13T02:53:58.297+0000][1][safepoint    ] Entering safepoint region: RevokeBias
[2022-06-13T02:53:58.298+0000][1][safepoint    ] Leaving safepoint region
[2022-06-13T02:53:58.298+0000][1][safepoint    ] Total time for which application threads were stopped: 0.0003327 seconds, Stopping threads took: 0.0001421 seconds
[2022-06-13T02:53:58.298+0000][1][safepoint    ] Application time: 0.0000791 seconds
[2022-06-13T02:53:58.298+0000][1][safepoint    ] Entering safepoint region: RevokeBias
[2022-06-13T02:53:58.298+0000][1][safepoint    ] Leaving safepoint region
[2022-06-13T02:53:58.298+0000][1][safepoint    ] Total time for which application threads were stopped: 0.0003252 seconds, Stopping threads took: 0.0001514 seconds
[2022-06-13T02:53:58.299+0000][1][safepoint    ] Application time: 0.0000840 seconds
[2022-06-13T02:53:58.299+0000][1][safepoint    ] Entering safepoint region: RevokeBias
[2022-06-13T02:53:58.299+0000][1][safepoint    ] Leaving safepoint region
[2022-06-13T02:53:58.299+0000][1][safepoint    ] Total time for which application threads were stopped: 0.0003149 seconds, Stopping threads took: 0.0001444 seconds
[2022-06-13T02:53:58.299+0000][1][safepoint    ] Application time: 0.0000726 seconds
[2022-06-13T02:53:58.299+0000][1][safepoint    ] Entering safepoint region: RevokeBias
[2022-06-13T02:53:58.300+0000][1][safepoint    ] Leaving safepoint region
[2022-06-13T02:53:58.300+0000][1][safepoint    ] Total time for which application threads were stopped: 0.0003562 seconds, Stopping threads took: 0.0001501 seconds
[2022-06-13T02:53:58.300+0000][1][safepoint    ] Application time: 0.0000710 seconds
[2022-06-13T02:53:58.300+0000][1][safepoint    ] Entering safepoint region: RevokeBias
[2022-06-13T02:53:58.300+0000][1][safepoint    ] Leaving safepoint region
[2022-06-13T02:53:58.300+0000][1][safepoint    ] Total time for which application threads were stopped: 0.0003683 seconds, Stopping threads took: 0.0001596 seconds
[2022-06-13T02:53:58.301+0000][1][safepoint    ] Application time: 0.0000669 seconds
[2022-06-13T02:53:58.301+0000][1][safepoint    ] Entering safepoint region: RevokeBias
[2022-06-13T02:53:58.301+0000][1][safepoint    ] Leaving safepoint region
[2022-06-13T02:53:58.301+0000][1][safepoint    ] Total time for which application threads were stopped: 0.0004265 seconds, Stopping threads took: 0.0001921 seconds
[2022-06-13T02:53:58.301+0000][1][safepoint    ] Application time: 0.0000734 seconds
[2022-06-13T02:53:58.302+0000][1][safepoint    ] Entering safepoint region: RevokeBias
[2022-06-13T02:53:58.302+0000][1][safepoint    ] Leaving safepoint region
[2022-06-13T02:53:58.302+0000][1][safepoint    ] Total time for which application threads were stopped: 0.0002824 seconds, Stopping threads took: 0.0001191 seconds
[2022-06-13T02:53:58.302+0000][1][safepoint    ] Application time: 0.0000686 seconds
[2022-06-13T02:53:58.302+0000][1][safepoint    ] Entering safepoint region: RevokeBias
[2022-06-13T02:53:58.302+0000][1][safepoint    ] Leaving safepoint region
[2022-06-13T02:53:58.303+0000][1][safepoint    ] Total time for which application threads were stopped: 0.0003198 seconds, Stopping threads took: 0.0001612 seconds
[2022-06-13T02:53:58.303+0000][1][safepoint    ] Application time: 0.0000845 seconds
[2022-06-13T02:53:58.303+0000][1][safepoint    ] Entering safepoint region: RevokeBias
[2022-06-13T02:53:58.303+0000][1][safepoint    ] Leaving safepoint region
[2022-06-13T02:53:58.303+0000][1][safepoint    ] Total time for which application threads were stopped: 0.0002963 seconds, Stopping threads took: 0.0001444 seconds
[2022-06-13T02:53:58.303+0000][1][safepoint    ] Application time: 0.0001042 seconds
[2022-06-13T02:53:58.304+0000][1][safepoint    ] Entering safepoint region: BulkRevokeBias
[2022-06-13T02:53:58.304+0000][1][safepoint    ] Leaving safepoint region
[2022-06-13T02:53:58.304+0000][1][safepoint    ] Total time for which application threads were stopped: 0.0003608 seconds, Stopping threads took: 0.0001397 seconds
[2022-06-13T02:53:58.304+0000][1][safepoint    ] Application time: 0.0002871 seconds
[2022-06-13T02:53:58.304+0000][1][safepoint    ] Entering safepoint region: RevokeBias
[2022-06-13T02:53:58.305+0000][1][safepoint    ] Leaving safepoint region
[2022-06-13T02:53:58.305+0000][1][safepoint    ] Total time for which application threads were stopped: 0.0003487 seconds, Stopping threads took: 0.0001598 seconds
[2022-06-13T02:53:58.305+0000][1][safepoint    ] Application time: 0.0001863 seconds
[2022-06-13T02:53:58.305+0000][1][safepoint    ] Entering safepoint region: RevokeBias
[2022-06-13T02:53:58.305+0000][1][safepoint    ] Leaving safepoint region
[2022-06-13T02:53:58.306+0000][1][safepoint    ] Total time for which application threads were stopped: 0.0003393 seconds, Stopping threads took: 0.0001255 seconds
[2022-06-13T02:53:58.306+0000][1][safepoint    ] Application time: 0.0002164 seconds
[2022-06-13T02:53:58.306+0000][1][safepoint    ] Entering safepoint region: RevokeBias
[2022-06-13T02:53:58.306+0000][1][safepoint    ] Leaving safepoint region
[2022-06-13T02:53:58.306+0000][1][safepoint    ] Total time for which application threads were stopped: 0.0003134 seconds, Stopping threads took: 0.0001484 seconds
[2022-06-13T02:53:58.307+0000][1][safepoint    ] Application time: 0.0001740 seconds
[2022-06-13T02:53:58.307+0000][1][safepoint    ] Entering safepoint region: RevokeBias
[2022-06-13T02:53:58.307+0000][1][safepoint    ] Leaving safepoint region
[2022-06-13T02:53:58.307+0000][1][safepoint    ] Total time for which application threads were stopped: 0.0003600 seconds, Stopping threads took: 0.0001821 seconds
[2022-06-13T02:53:58.307+0000][1][safepoint    ] Application time: 0.0001071 seconds
[2022-06-13T02:53:58.308+0000][1][safepoint    ] Entering safepoint region: RevokeBias
[2022-06-13T02:53:58.308+0000][1][safepoint    ] Leaving safepoint region
[2022-06-13T02:53:58.308+0000][1][safepoint    ] Total time for which application threads were stopped: 0.0003855 seconds, Stopping threads took: 0.0002177 seconds
[2022-06-13T02:53:58.308+0000][1][safepoint    ] Application time: 0.0001227 seconds
[2022-06-13T02:53:58.308+0000][1][safepoint    ] Entering safepoint region: RevokeBias
[2022-06-13T02:53:58.309+0000][1][safepoint    ] Leaving safepoint region
[2022-06-13T02:53:58.309+0000][1][safepoint    ] Total time for which application threads were stopped: 0.0003056 seconds, Stopping threads took: 0.0001114 seconds
[2022-06-13T02:53:58.309+0000][1][safepoint    ] Application time: 0.0001303 seconds
[2022-06-13T02:53:58.309+0000][1][safepoint    ] Entering safepoint region: RevokeBias
[2022-06-13T02:53:58.309+0000][1][safepoint    ] Leaving safepoint region
[2022-06-13T02:53:58.310+0000][1][safepoint    ] Total time for which application threads were stopped: 0.0004745 seconds, Stopping threads took: 0.0001574 seconds
[2022-06-13T02:53:58.310+0000][1][safepoint    ] Application time: 0.0000908 seconds
[2022-06-13T02:53:58.310+0000][1][safepoint    ] Entering safepoint region: RevokeBias
[2022-06-13T02:53:58.310+0000][1][safepoint    ] Leaving safepoint region
[2022-06-13T02:53:58.310+0000][1][safepoint    ] Total time for which application threads were stopped: 0.0004111 seconds, Stopping threads took: 0.0002367 seconds
[2022-06-13T02:53:58.311+0000][1][safepoint    ] Application time: 0.0000889 seconds
[2022-06-13T02:53:58.311+0000][1][safepoint    ] Entering safepoint region: RevokeBias
[2022-06-13T02:53:58.311+0000][1][safepoint    ] Leaving safepoint region
[2022-06-13T02:53:58.311+0000][1][safepoint    ] Total time for which application threads were stopped: 0.0003173 seconds, Stopping threads took: 0.0001286 seconds
[2022-06-13T02:53:58.311+0000][1][safepoint    ] Application time: 0.0000815 seconds
[2022-06-13T02:53:58.311+0000][1][safepoint    ] Entering safepoint region: RevokeBias
[2022-06-13T02:53:58.312+0000][1][safepoint    ] Leaving safepoint region
[2022-06-13T02:53:58.312+0000][1][safepoint    ] Total time for which application threads were stopped: 0.0002888 seconds, Stopping threads took: 0.0001421 seconds
[2022-06-13T02:53:58.312+0000][1][safepoint    ] Application time: 0.0000704 seconds
[2022-06-13T02:53:58.312+0000][1][safepoint    ] Entering safepoint region: RevokeBias
[2022-06-13T02:53:58.312+0000][1][safepoint    ] Leaving safepoint region
[2022-06-13T02:53:58.312+0000][1][safepoint    ] Total time for which application threads were stopped: 0.0003019 seconds, Stopping threads took: 0.0001424 seconds
[2022-06-13T02:53:58.313+0000][1][safepoint    ] Application time: 0.0000661 seconds
[2022-06-13T02:53:58.313+0000][1][safepoint    ] Entering safepoint region: RevokeBias
[2022-06-13T02:53:58.313+0000][1][safepoint    ] Leaving safepoint region
[2022-06-13T02:53:58.313+0000][1][safepoint    ] Total time for which application threads were stopped: 0.0005844 seconds, Stopping threads took: 0.0002986 seconds
[2022-06-13T02:53:58.314+0000][1][safepoint    ] Application time: 0.0000822 seconds
[2022-06-13T02:53:58.314+0000][1][safepoint    ] Entering safepoint region: RevokeBias
[2022-06-13T02:53:58.314+0000][1][safepoint    ] Leaving safepoint region
[2022-06-13T02:53:58.314+0000][1][safepoint    ] Total time for which application threads were stopped: 0.0003231 seconds, Stopping threads took: 0.0001323 seconds
[2022-06-13T02:53:58.314+0000][1][safepoint    ] Application time: 0.0000792 seconds
[2022-06-13T02:53:58.314+0000][1][safepoint    ] Entering safepoint region: RevokeBias
[2022-06-13T02:53:58.315+0000][1][safepoint    ] Leaving safepoint region
[2022-06-13T02:53:58.315+0000][1][safepoint    ] Total time for which application threads were stopped: 0.0002394 seconds, Stopping threads took: 0.0000865 seconds
[2022-06-13T02:53:58.315+0000][1][safepoint    ] Application time: 0.0000699 seconds
[2022-06-13T02:53:58.315+0000][1][safepoint    ] Entering safepoint region: RevokeBias
[2022-06-13T02:53:58.315+0000][1][safepoint    ] Leaving safepoint region
[2022-06-13T02:53:58.315+0000][1][safepoint    ] Total time for which application threads were stopped: 0.0002385 seconds, Stopping threads took: 0.0001037 seconds
[2022-06-13T02:53:58.315+0000][1][safepoint    ] Application time: 0.0000847 seconds
[2022-06-13T02:53:58.316+0000][1][safepoint    ] Entering safepoint region: RevokeBias
[2022-06-13T02:53:58.316+0000][1][safepoint    ] Leaving safepoint region
[2022-06-13T02:53:58.316+0000][1][safepoint    ] Total time for which application threads were stopped: 0.0003227 seconds, Stopping threads took: 0.0001356 seconds
[2022-06-13T02:53:58.316+0000][1][safepoint    ] Application time: 0.0000724 seconds
[2022-06-13T02:53:58.316+0000][1][safepoint    ] Entering safepoint region: RevokeBias
[2022-06-13T02:53:58.316+0000][1][safepoint    ] Leaving safepoint region
[2022-06-13T02:53:58.317+0000][1][safepoint    ] Total time for which application threads were stopped: 0.0002724 seconds, Stopping threads took: 0.0001356 seconds
[2022-06-13T02:53:58.317+0000][1][safepoint    ] Application time: 0.0000831 seconds
[2022-06-13T02:53:58.317+0000][1][safepoint    ] Entering safepoint region: RevokeBias
[2022-06-13T02:53:58.317+0000][1][safepoint    ] Leaving safepoint region
[2022-06-13T02:53:58.317+0000][1][safepoint    ] Total time for which application threads were stopped: 0.0003524 seconds, Stopping threads took: 0.0001622 seconds
[2022-06-13T02:53:58.317+0000][1][safepoint    ] Application time: 0.0000659 seconds
[2022-06-13T02:53:58.318+0000][1][safepoint    ] Entering safepoint region: RevokeBias
[2022-06-13T02:53:58.318+0000][1][safepoint    ] Leaving safepoint region
[2022-06-13T02:53:58.318+0000][1][safepoint    ] Total time for which application threads were stopped: 0.0003203 seconds, Stopping threads took: 0.0001178 seconds
[2022-06-13T02:53:58.318+0000][1][safepoint    ] Application time: 0.0000768 seconds
[2022-06-13T02:53:58.318+0000][1][safepoint    ] Entering safepoint region: RevokeBias
[2022-06-13T02:53:58.319+0000][1][safepoint    ] Leaving safepoint region
[2022-06-13T02:53:58.319+0000][1][safepoint    ] Total time for which application threads were stopped: 0.0003652 seconds, Stopping threads took: 0.0001727 seconds
[2022-06-13T02:53:58.319+0000][1][safepoint    ] Application time: 0.0000717 seconds
[2022-06-13T02:53:58.319+0000][1][safepoint    ] Entering safepoint region: RevokeBias
[2022-06-13T02:53:58.319+0000][1][safepoint    ] Leaving safepoint region
[2022-06-13T02:53:58.319+0000][1][safepoint    ] Total time for which application threads were stopped: 0.0003472 seconds, Stopping threads took: 0.0001917 seconds
[2022-06-13T02:53:58.320+0000][1][safepoint    ] Application time: 0.0000724 seconds
[2022-06-13T02:53:58.320+0000][1][safepoint    ] Entering safepoint region: RevokeBias
[2022-06-13T02:53:58.320+0000][1][safepoint    ] Leaving safepoint region
[2022-06-13T02:53:58.320+0000][1][safepoint    ] Total time for which application threads were stopped: 0.0003499 seconds, Stopping threads took: 0.0001374 seconds
[2022-06-13T02:53:58.320+0000][1][safepoint    ] Application time: 0.0000740 seconds
[2022-06-13T02:53:58.320+0000][1][safepoint    ] Entering safepoint region: RevokeBias
[2022-06-13T02:53:58.321+0000][1][safepoint    ] Leaving safepoint region
[2022-06-13T02:53:58.321+0000][1][safepoint    ] Total time for which application threads were stopped: 0.0002905 seconds, Stopping threads took: 0.0001430 seconds
[2022-06-13T02:53:58.321+0000][1][safepoint    ] Application time: 0.0000731 seconds
[2022-06-13T02:53:58.321+0000][1][safepoint    ] Entering safepoint region: RevokeBias
[2022-06-13T02:53:58.321+0000][1][safepoint    ] Leaving safepoint region
[2022-06-13T02:53:58.321+0000][1][safepoint    ] Total time for which application threads were stopped: 0.0003768 seconds, Stopping threads took: 0.0001341 seconds
[2022-06-13T02:53:58.322+0000][1][safepoint    ] Application time: 0.0000889 seconds
[2022-06-13T02:53:58.322+0000][1][safepoint    ] Entering safepoint region: BulkRevokeBias
[2022-06-13T02:53:58.322+0000][1][safepoint    ] Leaving safepoint region
[2022-06-13T02:53:58.322+0000][1][safepoint    ] Total time for which application threads were stopped: 0.0004049 seconds, Stopping threads took: 0.0001453 seconds
[2022-06-13T02:53:58.323+0000][1][safepoint    ] Application time: 0.0003121 seconds
[2022-06-13T02:53:58.323+0000][1][safepoint    ] Entering safepoint region: RevokeBias
[2022-06-13T02:53:58.323+0000][1][safepoint    ] Leaving safepoint region
[2022-06-13T02:53:58.323+0000][1][safepoint    ] Total time for which application threads were stopped: 0.0005629 seconds, Stopping threads took: 0.0003621 seconds
[2022-06-13T02:53:58.324+0000][1][safepoint    ] Application time: 0.0001143 seconds
[2022-06-13T02:53:58.324+0000][1][safepoint    ] Entering safepoint region: RevokeBias
[2022-06-13T02:53:58.324+0000][1][safepoint    ] Leaving safepoint region
[2022-06-13T02:53:58.324+0000][1][safepoint    ] Total time for which application threads were stopped: 0.0003079 seconds, Stopping threads took: 0.0001369 seconds
[2022-06-13T02:53:58.324+0000][1][safepoint    ] Application time: 0.0001517 seconds
[2022-06-13T02:53:58.325+0000][1][safepoint    ] Entering safepoint region: RevokeBias
[2022-06-13T02:53:58.325+0000][1][safepoint    ] Leaving safepoint region
[2022-06-13T02:53:58.325+0000][1][safepoint    ] Total time for which application threads were stopped: 0.0003248 seconds, Stopping threads took: 0.0001326 seconds
[2022-06-13T02:53:58.325+0000][1][safepoint    ] Application time: 0.0001362 seconds
[2022-06-13T02:53:58.326+0000][1][safepoint    ] Entering safepoint region: RevokeBias
[2022-06-13T02:53:58.326+0000][1][safepoint    ] Leaving safepoint region
[2022-06-13T02:53:58.326+0000][1][safepoint    ] Total time for which application threads were stopped: 0.0009971 seconds, Stopping threads took: 0.0007939 seconds
[2022-06-13T02:53:58.327+0000][1][safepoint    ] Application time: 0.0000784 seconds
[2022-06-13T02:53:58.327+0000][1][safepoint    ] Entering safepoint region: RevokeBias
[2022-06-13T02:53:58.327+0000][1][safepoint    ] Leaving safepoint region
[2022-06-13T02:53:58.327+0000][1][safepoint    ] Total time for which application threads were stopped: 0.0003746 seconds, Stopping threads took: 0.0002033 seconds
[2022-06-13T02:53:58.327+0000][1][safepoint    ] Application time: 0.0000782 seconds
[2022-06-13T02:53:58.328+0000][1][safepoint    ] Entering safepoint region: RevokeBias
[2022-06-13T02:53:58.328+0000][1][safepoint    ] Leaving safepoint region
[2022-06-13T02:53:58.328+0000][1][safepoint    ] Total time for which application threads were stopped: 0.0003729 seconds, Stopping threads took: 0.0002239 seconds
[2022-06-13T02:53:58.328+0000][1][safepoint    ] Application time: 0.0005208 seconds
[2022-06-13T02:53:58.329+0000][1][safepoint    ] Entering safepoint region: RevokeBias
[2022-06-13T02:53:58.329+0000][1][safepoint    ] Leaving safepoint region
[2022-06-13T02:53:58.329+0000][1][safepoint    ] Total time for which application threads were stopped: 0.0004016 seconds, Stopping threads took: 0.0001953 seconds
[2022-06-13T02:53:58.329+0000][1][safepoint    ] Application time: 0.0001811 seconds
[2022-06-13T02:53:58.330+0000][1][safepoint    ] Entering safepoint region: RevokeBias
[2022-06-13T02:53:58.330+0000][1][safepoint    ] Leaving safepoint region
[2022-06-13T02:53:58.330+0000][1][safepoint    ] Total time for which application threads were stopped: 0.0002900 seconds, Stopping threads took: 0.0001142 seconds
[2022-06-13T02:53:58.331+0000][1][safepoint    ] Application time: 0.0006358 seconds
[2022-06-13T02:53:58.331+0000][1][safepoint    ] Entering safepoint region: RevokeBias
[2022-06-13T02:53:58.331+0000][1][safepoint    ] Leaving safepoint region
[2022-06-13T02:53:58.331+0000][1][safepoint    ] Total time for which application threads were stopped: 0.0003556 seconds, Stopping threads took: 0.0001611 seconds
[2022-06-13T02:53:58.332+0000][1][safepoint    ] Application time: 0.0004455 seconds
[2022-06-13T02:53:58.332+0000][1][safepoint    ] Entering safepoint region: RevokeBias
[2022-06-13T02:53:58.332+0000][1][safepoint    ] Leaving safepoint region
[2022-06-13T02:53:58.332+0000][1][safepoint    ] Total time for which application threads were stopped: 0.0002515 seconds, Stopping threads took: 0.0001084 seconds
[2022-06-13T02:53:58.332+0000][1][safepoint    ] Application time: 0.0001125 seconds
[2022-06-13T02:53:58.332+0000][1][safepoint    ] Entering safepoint region: BulkRevokeBias
[2022-06-13T02:53:58.333+0000][1][safepoint    ] Leaving safepoint region
[2022-06-13T02:53:58.333+0000][1][safepoint    ] Total time for which application threads were stopped: 0.0003522 seconds, Stopping threads took: 0.0001398 seconds
[2022-06-13T02:53:58.333+0000][1][safepoint    ] Application time: 0.0001513 seconds
[2022-06-13T02:53:58.333+0000][1][safepoint    ] Entering safepoint region: RevokeBias
[2022-06-13T02:53:58.333+0000][1][safepoint    ] Leaving safepoint region
[2022-06-13T02:53:58.334+0000][1][safepoint    ] Total time for which application threads were stopped: 0.0003336 seconds, Stopping threads took: 0.0001145 seconds
[2022-06-13T02:53:58.334+0000][1][safepoint    ] Application time: 0.0002116 seconds
[2022-06-13T02:53:58.334+0000][1][safepoint    ] Entering safepoint region: RevokeBias
[2022-06-13T02:53:58.334+0000][1][safepoint    ] Leaving safepoint region
[2022-06-13T02:53:58.334+0000][1][safepoint    ] Total time for which application threads were stopped: 0.0003331 seconds, Stopping threads took: 0.0001524 seconds
[2022-06-13T02:53:58.336+0000][1][safepoint    ] Application time: 0.0011615 seconds
[2022-06-13T02:53:58.336+0000][1][safepoint    ] Entering safepoint region: RevokeBias
[2022-06-13T02:53:58.336+0000][1][safepoint    ] Leaving safepoint region
[2022-06-13T02:53:58.336+0000][1][safepoint    ] Total time for which application threads were stopped: 0.0003045 seconds, Stopping threads took: 0.0001166 seconds
[2022-06-13T02:53:58.336+0000][1][safepoint    ] Application time: 0.0000898 seconds
[2022-06-13T02:53:58.337+0000][1][safepoint    ] Entering safepoint region: RevokeBias
[2022-06-13T02:53:58.337+0000][1][safepoint    ] Leaving safepoint region
[2022-06-13T02:53:58.337+0000][1][safepoint    ] Total time for which application threads were stopped: 0.0003339 seconds, Stopping threads took: 0.0001447 seconds
[2022-06-13T02:53:58.339+0000][1][safepoint    ] Application time: 0.0016740 seconds
[2022-06-13T02:53:58.339+0000][1][safepoint    ] Entering safepoint region: RevokeBias
[2022-06-13T02:53:58.339+0000][1][safepoint    ] Leaving safepoint region
[2022-06-13T02:53:58.340+0000][1][safepoint    ] Total time for which application threads were stopped: 0.0007693 seconds, Stopping threads took: 0.0005732 seconds
[2022-06-13T02:53:58.340+0000][1][safepoint    ] Application time: 0.0000814 seconds
[2022-06-13T02:53:58.340+0000][1][safepoint    ] Entering safepoint region: RevokeBias
[2022-06-13T02:53:58.340+0000][1][safepoint    ] Leaving safepoint region
[2022-06-13T02:53:58.340+0000][1][safepoint    ] Total time for which application threads were stopped: 0.0003126 seconds, Stopping threads took: 0.0001565 seconds
[2022-06-13T02:53:58.341+0000][1][safepoint    ] Application time: 0.0002149 seconds
[2022-06-13T02:53:58.341+0000][1][safepoint    ] Entering safepoint region: RevokeBias
[2022-06-13T02:53:58.341+0000][1][safepoint    ] Leaving safepoint region
[2022-06-13T02:53:58.341+0000][1][safepoint    ] Total time for which application threads were stopped: 0.0004503 seconds, Stopping threads took: 0.0001927 seconds
[2022-06-13T02:53:58.349+0000][1][safepoint    ] Application time: 0.0081393 seconds
[2022-06-13T02:53:58.350+0000][1][safepoint    ] Entering safepoint region: GenCollectForAllocation
[2022-06-13T02:53:58.350+0000][1][gc,start     ] GC(19) Pause Young (Allocation Failure)
[2022-06-13T02:53:58.350+0000][1][gc,task      ] GC(19) Using 5 workers of 13 for evacuation
[2022-06-13T02:53:58.355+0000][1][gc,age       ] GC(19) Desired survivor size 4456448 bytes, new threshold 2 (max threshold 6)
[2022-06-13T02:53:58.355+0000][1][gc,age       ] GC(19) Age table with threshold 2 (max threshold 6)
[2022-06-13T02:53:58.355+0000][1][gc,age       ] GC(19) - age   1:    3106736 bytes,    3106736 total
[2022-06-13T02:53:58.355+0000][1][gc,age       ] GC(19) - age   2:    3667696 bytes,    6774432 total
[2022-06-13T02:53:58.355+0000][1][gc,age       ] GC(19) - age   3:     342040 bytes,    7116472 total
[2022-06-13T02:53:58.355+0000][1][gc,heap      ] GC(19) ParNew: 74363K->8704K(78656K)
[2022-06-13T02:53:58.356+0000][1][gc,heap      ] GC(19) CMS: 55508K->55508K(174784K)
[2022-06-13T02:53:58.356+0000][1][gc,metaspace ] GC(19) Metaspace: 47256K->47256K(1093632K)
[2022-06-13T02:53:58.356+0000][1][gc           ] GC(19) Pause Young (Allocation Failure) 126M->62M(247M) 6.110ms
[2022-06-13T02:53:58.356+0000][1][gc,cpu       ] GC(19) User=0.02s Sys=0.00s Real=0.00s
[2022-06-13T02:53:58.356+0000][1][safepoint    ] Leaving safepoint region
[2022-06-13T02:53:58.356+0000][1][safepoint    ] Total time for which application threads were stopped: 0.0068414 seconds, Stopping threads took: 0.0001264 seconds
[2022-06-13T02:53:58.540+0000][1][safepoint    ] Application time: 0.1838254 seconds
[2022-06-13T02:53:58.541+0000][1][safepoint    ] Entering safepoint region: RevokeBias
[2022-06-13T02:53:58.541+0000][1][safepoint    ] Leaving safepoint region
[2022-06-13T02:53:58.541+0000][1][safepoint    ] Total time for which application threads were stopped: 0.0005021 seconds, Stopping threads took: 0.0002655 seconds
[2022-06-13T02:53:58.938+0000][1][safepoint    ] Application time: 0.3963661 seconds
[2022-06-13T02:53:58.938+0000][1][safepoint    ] Entering safepoint region: GenCollectForAllocation
[2022-06-13T02:53:58.938+0000][1][gc,start     ] GC(20) Pause Young (Allocation Failure)
[2022-06-13T02:53:58.938+0000][1][gc,task      ] GC(20) Using 5 workers of 13 for evacuation
[2022-06-13T02:53:58.947+0000][1][gc,age       ] GC(20) Desired survivor size 4456448 bytes, new threshold 2 (max threshold 6)
[2022-06-13T02:53:58.948+0000][1][gc,age       ] GC(20) Age table with threshold 2 (max threshold 6)
[2022-06-13T02:53:58.949+0000][1][gc,age       ] GC(20) - age   1:    1519496 bytes,    1519496 total
[2022-06-13T02:53:58.950+0000][1][gc,age       ] GC(20) - age   2:    3046288 bytes,    4565784 total
[2022-06-13T02:53:58.950+0000][1][gc,heap      ] GC(20) ParNew: 78656K->7296K(78656K)
[2022-06-13T02:53:58.950+0000][1][gc,heap      ] GC(20) CMS: 55508K->59529K(174784K)
[2022-06-13T02:53:58.951+0000][1][gc,metaspace ] GC(20) Metaspace: 53773K->53773K(1097728K)
[2022-06-13T02:53:58.951+0000][1][gc           ] GC(20) Pause Young (Allocation Failure) 131M->65M(247M) 12.578ms
[2022-06-13T02:53:58.951+0000][1][gc,cpu       ] GC(20) User=0.04s Sys=0.00s Real=0.02s
[2022-06-13T02:53:58.951+0000][1][safepoint    ] Leaving safepoint region
[2022-06-13T02:53:58.951+0000][1][safepoint    ] Total time for which application threads were stopped: 0.0133278 seconds, Stopping threads took: 0.0001248 seconds
[2022-06-13T02:53:59.154+0000][1][safepoint    ] Application time: 0.2028595 seconds
[2022-06-13T02:53:59.155+0000][1][safepoint    ] Entering safepoint region: Deoptimize
[2022-06-13T02:53:59.156+0000][1][safepoint    ] Leaving safepoint region
[2022-06-13T02:53:59.156+0000][1][safepoint    ] Total time for which application threads were stopped: 0.0017434 seconds, Stopping threads took: 0.0002316 seconds
[2022-06-13T02:53:59.200+0000][1][safepoint    ] Application time: 0.0433952 seconds
[2022-06-13T02:53:59.201+0000][1][safepoint    ] Entering safepoint region: RevokeBias
[2022-06-13T02:53:59.201+0000][1][safepoint    ] Leaving safepoint region
[2022-06-13T02:53:59.201+0000][1][safepoint    ] Total time for which application threads were stopped: 0.0007437 seconds, Stopping threads took: 0.0003962 seconds
[2022-06-13T02:53:59.202+0000][1][safepoint    ] Application time: 0.0000604 seconds
[2022-06-13T02:53:59.204+0000][1][safepoint    ] Entering safepoint region: RevokeBias
[2022-06-13T02:53:59.204+0000][1][safepoint    ] Leaving safepoint region
[2022-06-13T02:53:59.204+0000][1][safepoint    ] Total time for which application threads were stopped: 0.0025686 seconds, Stopping threads took: 0.0023092 seconds
[2022-06-13T02:53:59.205+0000][1][safepoint    ] Application time: 0.0002778 seconds
[2022-06-13T02:53:59.205+0000][1][safepoint    ] Entering safepoint region: RevokeBias
[2022-06-13T02:53:59.206+0000][1][safepoint    ] Leaving safepoint region
[2022-06-13T02:53:59.206+0000][1][safepoint    ] Total time for which application threads were stopped: 0.0003691 seconds, Stopping threads took: 0.0001454 seconds
[2022-06-13T02:53:59.206+0000][1][safepoint    ] Application time: 0.0003481 seconds
[2022-06-13T02:53:59.207+0000][1][safepoint    ] Entering safepoint region: RevokeBias
[2022-06-13T02:53:59.207+0000][1][safepoint    ] Leaving safepoint region
[2022-06-13T02:53:59.207+0000][1][safepoint    ] Total time for which application threads were stopped: 0.0004730 seconds, Stopping threads took: 0.0002887 seconds
[2022-06-13T02:53:59.209+0000][1][safepoint    ] Application time: 0.0019269 seconds
[2022-06-13T02:53:59.211+0000][1][safepoint    ] Entering safepoint region: RevokeBias
[2022-06-13T02:53:59.211+0000][1][safepoint    ] Leaving safepoint region
[2022-06-13T02:53:59.212+0000][1][safepoint    ] Total time for which application threads were stopped: 0.0012535 seconds, Stopping threads took: 0.0009524 seconds
[2022-06-13T02:53:59.212+0000][1][safepoint    ] Application time: 0.0001517 seconds
[2022-06-13T02:53:59.212+0000][1][safepoint    ] Entering safepoint region: RevokeBias
[2022-06-13T02:53:59.212+0000][1][safepoint    ] Leaving safepoint region
[2022-06-13T02:53:59.213+0000][1][safepoint    ] Total time for which application threads were stopped: 0.0004703 seconds, Stopping threads took: 0.0002465 seconds
[2022-06-13T02:53:59.213+0000][1][safepoint    ] Application time: 0.0002445 seconds
[2022-06-13T02:53:59.213+0000][1][safepoint    ] Entering safepoint region: RevokeBias
[2022-06-13T02:53:59.213+0000][1][safepoint    ] Leaving safepoint region
[2022-06-13T02:53:59.214+0000][1][safepoint    ] Total time for which application threads were stopped: 0.0004447 seconds, Stopping threads took: 0.0001854 seconds
[2022-06-13T02:53:59.229+0000][1][safepoint    ] Application time: 0.0155440 seconds
[2022-06-13T02:53:59.230+0000][1][safepoint    ] Entering safepoint region: RevokeBias
[2022-06-13T02:53:59.230+0000][1][safepoint    ] Leaving safepoint region
[2022-06-13T02:53:59.230+0000][1][safepoint    ] Total time for which application threads were stopped: 0.0006935 seconds, Stopping threads took: 0.0002089 seconds
[2022-06-13T02:53:59.389+0000][1][safepoint    ] Application time: 0.1581410 seconds
[2022-06-13T02:53:59.389+0000][1][safepoint    ] Entering safepoint region: RevokeBias
[2022-06-13T02:53:59.391+0000][1][safepoint    ] Leaving safepoint region
[2022-06-13T02:53:59.391+0000][1][safepoint    ] Total time for which application threads were stopped: 0.0019305 seconds, Stopping threads took: 0.0002524 seconds
[2022-06-13T02:53:59.454+0000][1][safepoint    ] Application time: 0.0624599 seconds
[2022-06-13T02:53:59.454+0000][1][safepoint    ] Entering safepoint region: Deoptimize
[2022-06-13T02:53:59.455+0000][1][safepoint    ] Leaving safepoint region
[2022-06-13T02:53:59.455+0000][1][safepoint    ] Total time for which application threads were stopped: 0.0012586 seconds, Stopping threads took: 0.0001615 seconds
[2022-06-13T02:53:59.695+0000][1][safepoint    ] Application time: 0.2398751 seconds
[2022-06-13T02:53:59.696+0000][1][safepoint    ] Entering safepoint region: RevokeBias
[2022-06-13T02:53:59.696+0000][1][safepoint    ] Leaving safepoint region
[2022-06-13T02:53:59.696+0000][1][safepoint    ] Total time for which application threads were stopped: 0.0003807 seconds, Stopping threads took: 0.0001785 seconds
[2022-06-13T02:53:59.696+0000][1][safepoint    ] Application time: 0.0001920 seconds
[2022-06-13T02:53:59.696+0000][1][safepoint    ] Entering safepoint region: RevokeBias
[2022-06-13T02:53:59.697+0000][1][safepoint    ] Leaving safepoint region
[2022-06-13T02:53:59.697+0000][1][safepoint    ] Total time for which application threads were stopped: 0.0003006 seconds, Stopping threads took: 0.0001355 seconds
[2022-06-13T02:53:59.697+0000][1][safepoint    ] Application time: 0.0001000 seconds
[2022-06-13T02:53:59.697+0000][1][safepoint    ] Entering safepoint region: RevokeBias
[2022-06-13T02:53:59.697+0000][1][safepoint    ] Leaving safepoint region
[2022-06-13T02:53:59.697+0000][1][safepoint    ] Total time for which application threads were stopped: 0.0002759 seconds, Stopping threads took: 0.0001112 seconds
[2022-06-13T02:53:59.698+0000][1][safepoint    ] Application time: 0.0002105 seconds
[2022-06-13T02:53:59.698+0000][1][safepoint    ] Entering safepoint region: RevokeBias
[2022-06-13T02:53:59.698+0000][1][safepoint    ] Leaving safepoint region
[2022-06-13T02:53:59.698+0000][1][safepoint    ] Total time for which application threads were stopped: 0.0002416 seconds, Stopping threads took: 0.0001197 seconds
[2022-06-13T02:53:59.807+0000][1][safepoint    ] Application time: 0.1090465 seconds
[2022-06-13T02:53:59.807+0000][1][safepoint    ] Entering safepoint region: GenCollectForAllocation
[2022-06-13T02:53:59.808+0000][1][gc,start     ] GC(21) Pause Young (Allocation Failure)
[2022-06-13T02:53:59.808+0000][1][gc,task      ] GC(21) Using 5 workers of 13 for evacuation
[2022-06-13T02:53:59.815+0000][1][gc,age       ] GC(21) Desired survivor size 4456448 bytes, new threshold 2 (max threshold 6)
[2022-06-13T02:53:59.815+0000][1][gc,age       ] GC(21) Age table with threshold 2 (max threshold 6)
[2022-06-13T02:53:59.815+0000][1][gc,age       ] GC(21) - age   1:    3740776 bytes,    3740776 total
[2022-06-13T02:53:59.815+0000][1][gc,age       ] GC(21) - age   2:    1464056 bytes,    5204832 total
[2022-06-13T02:53:59.815+0000][1][gc,heap      ] GC(21) ParNew: 77248K->6809K(78656K)
[2022-06-13T02:53:59.815+0000][1][gc,heap      ] GC(21) CMS: 59529K->62570K(174784K)
[2022-06-13T02:53:59.815+0000][1][gc,metaspace ] GC(21) Metaspace: 61736K->61736K(1105920K)
[2022-06-13T02:53:59.816+0000][1][gc           ] GC(21) Pause Young (Allocation Failure) 133M->67M(247M) 7.950ms
[2022-06-13T02:53:59.816+0000][1][gc,cpu       ] GC(21) User=0.04s Sys=0.00s Real=0.01s
[2022-06-13T02:53:59.816+0000][1][safepoint    ] Leaving safepoint region
[2022-06-13T02:53:59.816+0000][1][safepoint    ] Total time for which application threads were stopped: 0.0084690 seconds, Stopping threads took: 0.0001045 seconds
[2022-06-13T02:53:59.979+0000][1][safepoint    ] Application time: 0.1630182 seconds
[2022-06-13T02:53:59.979+0000][1][safepoint    ] Entering safepoint region: Deoptimize
[2022-06-13T02:53:59.980+0000][1][safepoint    ] Leaving safepoint region
[2022-06-13T02:53:59.980+0000][1][safepoint    ] Total time for which application threads were stopped: 0.0011316 seconds, Stopping threads took: 0.0002651 seconds
[2022-06-13T02:53:59.986+0000][1][safepoint    ] Application time: 0.0051198 seconds
[2022-06-13T02:53:59.986+0000][1][safepoint    ] Entering safepoint region: BulkRevokeBias
[2022-06-13T02:53:59.986+0000][1][safepoint    ] Leaving safepoint region
[2022-06-13T02:53:59.987+0000][1][safepoint    ] Total time for which application threads were stopped: 0.0008381 seconds, Stopping threads took: 0.0003459 seconds
[2022-06-13T02:53:59.987+0000][1][safepoint    ] Application time: 0.0003500 seconds
[2022-06-13T02:53:59.988+0000][1][safepoint    ] Entering safepoint region: RevokeBias
[2022-06-13T02:53:59.988+0000][1][safepoint    ] Leaving safepoint region
[2022-06-13T02:53:59.988+0000][1][safepoint    ] Total time for which application threads were stopped: 0.0002917 seconds, Stopping threads took: 0.0001490 seconds
[2022-06-13T02:53:59.989+0000][1][safepoint    ] Application time: 0.0007687 seconds
[2022-06-13T02:53:59.989+0000][1][safepoint    ] Entering safepoint region: RevokeBias
[2022-06-13T02:53:59.989+0000][1][safepoint    ] Leaving safepoint region
[2022-06-13T02:53:59.989+0000][1][safepoint    ] Total time for which application threads were stopped: 0.0003370 seconds, Stopping threads took: 0.0001453 seconds
[2022-06-13T02:53:59.990+0000][1][safepoint    ] Application time: 0.0003957 seconds
[2022-06-13T02:53:59.990+0000][1][safepoint    ] Entering safepoint region: RevokeBias
[2022-06-13T02:53:59.990+0000][1][safepoint    ] Leaving safepoint region
[2022-06-13T02:53:59.990+0000][1][safepoint    ] Total time for which application threads were stopped: 0.0003378 seconds, Stopping threads took: 0.0001474 seconds
[2022-06-13T02:53:59.991+0000][1][safepoint    ] Application time: 0.0000891 seconds
[2022-06-13T02:53:59.991+0000][1][safepoint    ] Entering safepoint region: RevokeBias
[2022-06-13T02:53:59.991+0000][1][safepoint    ] Leaving safepoint region
[2022-06-13T02:53:59.991+0000][1][safepoint    ] Total time for which application threads were stopped: 0.0003317 seconds, Stopping threads took: 0.0001566 seconds
[2022-06-13T02:53:59.991+0000][1][safepoint    ] Application time: 0.0001100 seconds
[2022-06-13T02:53:59.991+0000][1][safepoint    ] Entering safepoint region: RevokeBias
[2022-06-13T02:53:59.992+0000][1][safepoint    ] Leaving safepoint region
[2022-06-13T02:53:59.992+0000][1][safepoint    ] Total time for which application threads were stopped: 0.0002171 seconds, Stopping threads took: 0.0000955 seconds
[2022-06-13T02:53:59.992+0000][1][safepoint    ] Application time: 0.0001390 seconds
[2022-06-13T02:53:59.992+0000][1][safepoint    ] Entering safepoint region: RevokeBias
[2022-06-13T02:53:59.992+0000][1][safepoint    ] Leaving safepoint region
[2022-06-13T02:53:59.992+0000][1][safepoint    ] Total time for which application threads were stopped: 0.0002293 seconds, Stopping threads took: 0.0000917 seconds
[2022-06-13T02:53:59.993+0000][1][safepoint    ] Application time: 0.0002217 seconds
[2022-06-13T02:53:59.993+0000][1][safepoint    ] Entering safepoint region: RevokeBias
[2022-06-13T02:53:59.993+0000][1][safepoint    ] Leaving safepoint region
[2022-06-13T02:53:59.993+0000][1][safepoint    ] Total time for which application threads were stopped: 0.0002678 seconds, Stopping threads took: 0.0001195 seconds
[2022-06-13T02:53:59.993+0000][1][safepoint    ] Application time: 0.0002176 seconds
[2022-06-13T02:53:59.994+0000][1][safepoint    ] Entering safepoint region: RevokeBias
[2022-06-13T02:53:59.994+0000][1][safepoint    ] Leaving safepoint region
[2022-06-13T02:53:59.994+0000][1][safepoint    ] Total time for which application threads were stopped: 0.0002885 seconds, Stopping threads took: 0.0001326 seconds
[2022-06-13T02:53:59.994+0000][1][safepoint    ] Application time: 0.0000735 seconds
[2022-06-13T02:53:59.994+0000][1][safepoint    ] Entering safepoint region: RevokeBias
[2022-06-13T02:53:59.994+0000][1][safepoint    ] Leaving safepoint region
[2022-06-13T02:53:59.995+0000][1][safepoint    ] Total time for which application threads were stopped: 0.0003691 seconds, Stopping threads took: 0.0001658 seconds
[2022-06-13T02:53:59.995+0000][1][safepoint    ] Application time: 0.0004478 seconds
[2022-06-13T02:53:59.995+0000][1][safepoint    ] Entering safepoint region: RevokeBias
[2022-06-13T02:53:59.995+0000][1][safepoint    ] Leaving safepoint region
[2022-06-13T02:53:59.995+0000][1][safepoint    ] Total time for which application threads were stopped: 0.0002559 seconds, Stopping threads took: 0.0001155 seconds
[2022-06-13T02:53:59.996+0000][1][safepoint    ] Application time: 0.0008552 seconds
[2022-06-13T02:53:59.997+0000][1][safepoint    ] Entering safepoint region: RevokeBias
[2022-06-13T02:53:59.997+0000][1][safepoint    ] Leaving safepoint region
[2022-06-13T02:53:59.997+0000][1][safepoint    ] Total time for which application threads were stopped: 0.0003657 seconds, Stopping threads took: 0.0002241 seconds
[2022-06-13T02:53:59.997+0000][1][safepoint    ] Application time: 0.0001629 seconds
[2022-06-13T02:53:59.998+0000][1][safepoint    ] Entering safepoint region: RevokeBias
[2022-06-13T02:53:59.998+0000][1][safepoint    ] Leaving safepoint region
[2022-06-13T02:53:59.998+0000][1][safepoint    ] Total time for which application threads were stopped: 0.0003092 seconds, Stopping threads took: 0.0001645 seconds
[2022-06-13T02:53:59.999+0000][1][safepoint    ] Application time: 0.0009726 seconds
[2022-06-13T02:53:59.999+0000][1][safepoint    ] Entering safepoint region: RevokeBias
[2022-06-13T02:53:59.999+0000][1][safepoint    ] Leaving safepoint region
[2022-06-13T02:53:59.999+0000][1][safepoint    ] Total time for which application threads were stopped: 0.0003845 seconds, Stopping threads took: 0.0002437 seconds
[2022-06-13T02:54:00.000+0000][1][safepoint    ] Application time: 0.0008519 seconds
[2022-06-13T02:54:00.000+0000][1][safepoint    ] Entering safepoint region: Deoptimize
[2022-06-13T02:54:00.001+0000][1][safepoint    ] Leaving safepoint region
[2022-06-13T02:54:00.001+0000][1][safepoint    ] Total time for which application threads were stopped: 0.0007767 seconds, Stopping threads took: 0.0001297 seconds
[2022-06-13T02:54:00.002+0000][1][safepoint    ] Application time: 0.0003853 seconds
[2022-06-13T02:54:00.002+0000][1][safepoint    ] Entering safepoint region: RevokeBias
[2022-06-13T02:54:00.002+0000][1][safepoint    ] Leaving safepoint region
[2022-06-13T02:54:00.002+0000][1][safepoint    ] Total time for which application threads were stopped: 0.0002124 seconds, Stopping threads took: 0.0001059 seconds
[2022-06-13T02:54:00.003+0000][1][safepoint    ] Application time: 0.0008461 seconds
[2022-06-13T02:54:00.003+0000][1][safepoint    ] Entering safepoint region: RevokeBias
[2022-06-13T02:54:00.003+0000][1][safepoint    ] Leaving safepoint region
[2022-06-13T02:54:00.003+0000][1][safepoint    ] Total time for which application threads were stopped: 0.0002334 seconds, Stopping threads took: 0.0001116 seconds
[2022-06-13T02:54:00.004+0000][1][safepoint    ] Application time: 0.0001004 seconds
[2022-06-13T02:54:00.004+0000][1][safepoint    ] Entering safepoint region: RevokeBias
[2022-06-13T02:54:00.004+0000][1][safepoint    ] Leaving safepoint region
[2022-06-13T02:54:00.004+0000][1][safepoint    ] Total time for which application threads were stopped: 0.0002062 seconds, Stopping threads took: 0.0000989 seconds
[2022-06-13T02:54:00.004+0000][1][safepoint    ] Application time: 0.0000836 seconds
[2022-06-13T02:54:00.004+0000][1][safepoint    ] Entering safepoint region: RevokeBias
[2022-06-13T02:54:00.004+0000][1][safepoint    ] Leaving safepoint region
[2022-06-13T02:54:00.005+0000][1][safepoint    ] Total time for which application threads were stopped: 0.0002605 seconds, Stopping threads took: 0.0001188 seconds
[2022-06-13T02:54:00.005+0000][1][safepoint    ] Application time: 0.0001669 seconds
[2022-06-13T02:54:00.005+0000][1][safepoint    ] Entering safepoint region: RevokeBias
[2022-06-13T02:54:00.005+0000][1][safepoint    ] Leaving safepoint region
[2022-06-13T02:54:00.005+0000][1][safepoint    ] Total time for which application threads were stopped: 0.0003262 seconds, Stopping threads took: 0.0001801 seconds
[2022-06-13T02:54:00.005+0000][1][safepoint    ] Application time: 0.0001069 seconds
[2022-06-13T02:54:00.006+0000][1][safepoint    ] Entering safepoint region: RevokeBias
[2022-06-13T02:54:00.006+0000][1][safepoint    ] Leaving safepoint region
[2022-06-13T02:54:00.006+0000][1][safepoint    ] Total time for which application threads were stopped: 0.0002531 seconds, Stopping threads took: 0.0001173 seconds
[2022-06-13T02:54:00.039+0000][1][safepoint    ] Application time: 0.0326011 seconds
[2022-06-13T02:54:00.039+0000][1][safepoint    ] Entering safepoint region: RevokeBias
[2022-06-13T02:54:00.039+0000][1][safepoint    ] Leaving safepoint region
[2022-06-13T02:54:00.039+0000][1][safepoint    ] Total time for which application threads were stopped: 0.0007521 seconds, Stopping threads took: 0.0001943 seconds
[2022-06-13T02:54:00.040+0000][1][safepoint    ] Application time: 0.0000975 seconds
[2022-06-13T02:54:00.040+0000][1][safepoint    ] Entering safepoint region: RevokeBias
[2022-06-13T02:54:00.041+0000][1][safepoint    ] Leaving safepoint region
[2022-06-13T02:54:00.041+0000][1][safepoint    ] Total time for which application threads were stopped: 0.0010186 seconds, Stopping threads took: 0.0005613 seconds
[2022-06-13T02:54:00.042+0000][1][safepoint    ] Application time: 0.0006229 seconds
[2022-06-13T02:54:00.042+0000][1][safepoint    ] Entering safepoint region: RevokeBias
[2022-06-13T02:54:00.043+0000][1][safepoint    ] Leaving safepoint region
[2022-06-13T02:54:00.043+0000][1][safepoint    ] Total time for which application threads were stopped: 0.0006487 seconds, Stopping threads took: 0.0004295 seconds
[2022-06-13T02:54:00.044+0000][1][safepoint    ] Application time: 0.0005350 seconds
[2022-06-13T02:54:00.044+0000][1][safepoint    ] Entering safepoint region: RevokeBias
[2022-06-13T02:54:00.044+0000][1][safepoint    ] Leaving safepoint region
[2022-06-13T02:54:00.045+0000][1][safepoint    ] Total time for which application threads were stopped: 0.0007655 seconds, Stopping threads took: 0.0004124 seconds
[2022-06-13T02:54:00.046+0000][1][safepoint    ] Application time: 0.0008084 seconds
[2022-06-13T02:54:00.046+0000][1][safepoint    ] Entering safepoint region: RevokeBias
[2022-06-13T02:54:00.046+0000][1][safepoint    ] Leaving safepoint region
[2022-06-13T02:54:00.046+0000][1][safepoint    ] Total time for which application threads were stopped: 0.0003726 seconds, Stopping threads took: 0.0001873 seconds
[2022-06-13T02:54:00.047+0000][1][safepoint    ] Application time: 0.0004080 seconds
[2022-06-13T02:54:00.047+0000][1][safepoint    ] Entering safepoint region: RevokeBias
[2022-06-13T02:54:00.048+0000][1][safepoint    ] Leaving safepoint region
[2022-06-13T02:54:00.048+0000][1][safepoint    ] Total time for which application threads were stopped: 0.0006022 seconds, Stopping threads took: 0.0003254 seconds
[2022-06-13T02:54:00.049+0000][1][safepoint    ] Application time: 0.0004774 seconds
[2022-06-13T02:54:00.049+0000][1][safepoint    ] Entering safepoint region: RevokeBias
[2022-06-13T02:54:00.049+0000][1][safepoint    ] Leaving safepoint region
[2022-06-13T02:54:00.049+0000][1][safepoint    ] Total time for which application threads were stopped: 0.0005302 seconds, Stopping threads took: 0.0002323 seconds
[2022-06-13T02:54:00.050+0000][1][safepoint    ] Application time: 0.0001490 seconds
[2022-06-13T02:54:00.050+0000][1][safepoint    ] Entering safepoint region: RevokeBias
[2022-06-13T02:54:00.050+0000][1][safepoint    ] Leaving safepoint region
[2022-06-13T02:54:00.050+0000][1][safepoint    ] Total time for which application threads were stopped: 0.0004471 seconds, Stopping threads took: 0.0002598 seconds
[2022-06-13T02:54:00.051+0000][1][safepoint    ] Application time: 0.0003199 seconds
[2022-06-13T02:54:00.051+0000][1][safepoint    ] Entering safepoint region: RevokeBias
[2022-06-13T02:54:00.051+0000][1][safepoint    ] Leaving safepoint region
[2022-06-13T02:54:00.051+0000][1][safepoint    ] Total time for which application threads were stopped: 0.0005998 seconds, Stopping threads took: 0.0004033 seconds
[2022-06-13T02:54:00.052+0000][1][safepoint    ] Application time: 0.0001002 seconds
[2022-06-13T02:54:00.052+0000][1][safepoint    ] Entering safepoint region: RevokeBias
[2022-06-13T02:54:00.052+0000][1][safepoint    ] Leaving safepoint region
[2022-06-13T02:54:00.053+0000][1][safepoint    ] Total time for which application threads were stopped: 0.0005108 seconds, Stopping threads took: 0.0002984 seconds
[2022-06-13T02:54:00.053+0000][1][safepoint    ] Application time: 0.0005022 seconds
[2022-06-13T02:54:00.053+0000][1][safepoint    ] Entering safepoint region: RevokeBias
[2022-06-13T02:54:00.054+0000][1][safepoint    ] Leaving safepoint region
[2022-06-13T02:54:00.054+0000][1][safepoint    ] Total time for which application threads were stopped: 0.0004610 seconds, Stopping threads took: 0.0002614 seconds
[2022-06-13T02:54:00.054+0000][1][safepoint    ] Application time: 0.0001418 seconds
[2022-06-13T02:54:00.055+0000][1][safepoint    ] Entering safepoint region: BulkRevokeBias
[2022-06-13T02:54:00.055+0000][1][safepoint    ] Leaving safepoint region
[2022-06-13T02:54:00.055+0000][1][safepoint    ] Total time for which application threads were stopped: 0.0006022 seconds, Stopping threads took: 0.0003175 seconds
[2022-06-13T02:54:00.055+0000][1][safepoint    ] Application time: 0.0001506 seconds
[2022-06-13T02:54:00.056+0000][1][safepoint    ] Entering safepoint region: RevokeBias
[2022-06-13T02:54:00.056+0000][1][safepoint    ] Leaving safepoint region
[2022-06-13T02:54:00.056+0000][1][safepoint    ] Total time for which application threads were stopped: 0.0003997 seconds, Stopping threads took: 0.0001815 seconds
[2022-06-13T02:54:00.056+0000][1][safepoint    ] Application time: 0.0002544 seconds
[2022-06-13T02:54:00.057+0000][1][safepoint    ] Entering safepoint region: RevokeBias
[2022-06-13T02:54:00.057+0000][1][safepoint    ] Leaving safepoint region
[2022-06-13T02:54:00.058+0000][1][safepoint    ] Total time for which application threads were stopped: 0.0010708 seconds, Stopping threads took: 0.0006020 seconds
[2022-06-13T02:54:00.059+0000][1][safepoint    ] Application time: 0.0008762 seconds
[2022-06-13T02:54:00.060+0000][1][safepoint    ] Entering safepoint region: RevokeBias
[2022-06-13T02:54:00.060+0000][1][safepoint    ] Leaving safepoint region
[2022-06-13T02:54:00.060+0000][1][safepoint    ] Total time for which application threads were stopped: 0.0010966 seconds, Stopping threads took: 0.0008973 seconds
[2022-06-13T02:54:00.061+0000][1][safepoint    ] Application time: 0.0004798 seconds
[2022-06-13T02:54:00.061+0000][1][safepoint    ] Entering safepoint region: RevokeBias
[2022-06-13T02:54:00.061+0000][1][safepoint    ] Leaving safepoint region
[2022-06-13T02:54:00.061+0000][1][safepoint    ] Total time for which application threads were stopped: 0.0007219 seconds, Stopping threads took: 0.0002631 seconds
[2022-06-13T02:54:00.063+0000][1][safepoint    ] Application time: 0.0014125 seconds
[2022-06-13T02:54:00.063+0000][1][safepoint    ] Entering safepoint region: RevokeBias
[2022-06-13T02:54:00.064+0000][1][safepoint    ] Leaving safepoint region
[2022-06-13T02:54:00.064+0000][1][safepoint    ] Total time for which application threads were stopped: 0.0005096 seconds, Stopping threads took: 0.0002455 seconds
[2022-06-13T02:54:00.064+0000][1][safepoint    ] Application time: 0.0003366 seconds
[2022-06-13T02:54:00.065+0000][1][safepoint    ] Entering safepoint region: RevokeBias
[2022-06-13T02:54:00.065+0000][1][safepoint    ] Leaving safepoint region
[2022-06-13T02:54:00.065+0000][1][safepoint    ] Total time for which application threads were stopped: 0.0004620 seconds, Stopping threads took: 0.0002910 seconds
[2022-06-13T02:54:00.066+0000][1][safepoint    ] Application time: 0.0004773 seconds
[2022-06-13T02:54:00.066+0000][1][safepoint    ] Entering safepoint region: RevokeBias
[2022-06-13T02:54:00.066+0000][1][safepoint    ] Leaving safepoint region
[2022-06-13T02:54:00.066+0000][1][safepoint    ] Total time for which application threads were stopped: 0.0005466 seconds, Stopping threads took: 0.0003685 seconds
[2022-06-13T02:54:00.068+0000][1][safepoint    ] Application time: 0.0009733 seconds
[2022-06-13T02:54:00.068+0000][1][safepoint    ] Entering safepoint region: RevokeBias
[2022-06-13T02:54:00.068+0000][1][safepoint    ] Leaving safepoint region
[2022-06-13T02:54:00.068+0000][1][safepoint    ] Total time for which application threads were stopped: 0.0003719 seconds, Stopping threads took: 0.0001552 seconds
[2022-06-13T02:54:00.069+0000][1][safepoint    ] Application time: 0.0001519 seconds
[2022-06-13T02:54:00.069+0000][1][safepoint    ] Entering safepoint region: RevokeBias
[2022-06-13T02:54:00.069+0000][1][safepoint    ] Leaving safepoint region
[2022-06-13T02:54:00.069+0000][1][safepoint    ] Total time for which application threads were stopped: 0.0004964 seconds, Stopping threads took: 0.0001907 seconds
[2022-06-13T02:54:00.070+0000][1][safepoint    ] Application time: 0.0001249 seconds
[2022-06-13T02:54:00.070+0000][1][safepoint    ] Entering safepoint region: RevokeBias
[2022-06-13T02:54:00.070+0000][1][safepoint    ] Leaving safepoint region
[2022-06-13T02:54:00.070+0000][1][safepoint    ] Total time for which application threads were stopped: 0.0003798 seconds, Stopping threads took: 0.0001697 seconds
[2022-06-13T02:54:00.071+0000][1][safepoint    ] Application time: 0.0004815 seconds
[2022-06-13T02:54:00.071+0000][1][safepoint    ] Entering safepoint region: RevokeBias
[2022-06-13T02:54:00.071+0000][1][safepoint    ] Leaving safepoint region
[2022-06-13T02:54:00.071+0000][1][safepoint    ] Total time for which application threads were stopped: 0.0003692 seconds, Stopping threads took: 0.0001895 seconds
[2022-06-13T02:54:00.072+0000][1][safepoint    ] Application time: 0.0001042 seconds
[2022-06-13T02:54:00.072+0000][1][safepoint    ] Entering safepoint region: RevokeBias
[2022-06-13T02:54:00.072+0000][1][safepoint    ] Leaving safepoint region
[2022-06-13T02:54:00.072+0000][1][safepoint    ] Total time for which application threads were stopped: 0.0003368 seconds, Stopping threads took: 0.0001542 seconds
[2022-06-13T02:54:00.076+0000][1][safepoint    ] Application time: 0.0034109 seconds
[2022-06-13T02:54:00.076+0000][1][safepoint    ] Entering safepoint region: RevokeBias
[2022-06-13T02:54:00.076+0000][1][safepoint    ] Leaving safepoint region
[2022-06-13T02:54:00.076+0000][1][safepoint    ] Total time for which application threads were stopped: 0.0005906 seconds, Stopping threads took: 0.0001592 seconds
[2022-06-13T02:54:00.080+0000][1][safepoint    ] Application time: 0.0035751 seconds
[2022-06-13T02:54:00.080+0000][1][safepoint    ] Entering safepoint region: RevokeBias
[2022-06-13T02:54:00.081+0000][1][safepoint    ] Leaving safepoint region
[2022-06-13T02:54:00.081+0000][1][safepoint    ] Total time for which application threads were stopped: 0.0006996 seconds, Stopping threads took: 0.0003713 seconds
[2022-06-13T02:54:00.082+0000][1][safepoint    ] Application time: 0.0004899 seconds
[2022-06-13T02:54:00.082+0000][1][safepoint    ] Entering safepoint region: RevokeBias
[2022-06-13T02:54:00.082+0000][1][safepoint    ] Leaving safepoint region
[2022-06-13T02:54:00.082+0000][1][safepoint    ] Total time for which application threads were stopped: 0.0004677 seconds, Stopping threads took: 0.0002805 seconds
[2022-06-13T02:54:00.082+0000][1][safepoint    ] Application time: 0.0000673 seconds
[2022-06-13T02:54:00.083+0000][1][safepoint    ] Entering safepoint region: RevokeBias
[2022-06-13T02:54:00.083+0000][1][safepoint    ] Leaving safepoint region
[2022-06-13T02:54:00.083+0000][1][safepoint    ] Total time for which application threads were stopped: 0.0005488 seconds, Stopping threads took: 0.0001778 seconds
[2022-06-13T02:54:00.083+0000][1][safepoint    ] Application time: 0.0000852 seconds
[2022-06-13T02:54:00.084+0000][1][safepoint    ] Entering safepoint region: RevokeBias
[2022-06-13T02:54:00.084+0000][1][safepoint    ] Leaving safepoint region
[2022-06-13T02:54:00.084+0000][1][safepoint    ] Total time for which application threads were stopped: 0.0004445 seconds, Stopping threads took: 0.0002568 seconds
[2022-06-13T02:54:00.085+0000][1][safepoint    ] Application time: 0.0006477 seconds
[2022-06-13T02:54:00.085+0000][1][safepoint    ] Entering safepoint region: RevokeBias
[2022-06-13T02:54:00.085+0000][1][safepoint    ] Leaving safepoint region
[2022-06-13T02:54:00.086+0000][1][safepoint    ] Total time for which application threads were stopped: 0.0004646 seconds, Stopping threads took: 0.0002732 seconds
[2022-06-13T02:54:00.086+0000][1][safepoint    ] Application time: 0.0001245 seconds
[2022-06-13T02:54:00.086+0000][1][safepoint    ] Entering safepoint region: RevokeBias
[2022-06-13T02:54:00.087+0000][1][safepoint    ] Leaving safepoint region
[2022-06-13T02:54:00.087+0000][1][safepoint    ] Total time for which application threads were stopped: 0.0007071 seconds, Stopping threads took: 0.0005203 seconds
[2022-06-13T02:54:00.088+0000][1][safepoint    ] Application time: 0.0014824 seconds
[2022-06-13T02:54:00.092+0000][1][safepoint    ] Entering safepoint region: RevokeBias
[2022-06-13T02:54:00.092+0000][1][safepoint    ] Leaving safepoint region
[2022-06-13T02:54:00.092+0000][1][safepoint    ] Total time for which application threads were stopped: 0.0005262 seconds, Stopping threads took: 0.0002224 seconds
[2022-06-13T02:54:00.093+0000][1][safepoint    ] Application time: 0.0001343 seconds
[2022-06-13T02:54:00.093+0000][1][safepoint    ] Entering safepoint region: RevokeBias
[2022-06-13T02:54:00.093+0000][1][safepoint    ] Leaving safepoint region
[2022-06-13T02:54:00.093+0000][1][safepoint    ] Total time for which application threads were stopped: 0.0005503 seconds, Stopping threads took: 0.0003792 seconds
[2022-06-13T02:54:00.097+0000][1][safepoint    ] Application time: 0.0038065 seconds
[2022-06-13T02:54:00.097+0000][1][safepoint    ] Entering safepoint region: RevokeBias
[2022-06-13T02:54:00.098+0000][1][safepoint    ] Leaving safepoint region
[2022-06-13T02:54:00.098+0000][1][safepoint    ] Total time for which application threads were stopped: 0.0008753 seconds, Stopping threads took: 0.0006288 seconds
[2022-06-13T02:54:00.099+0000][1][safepoint    ] Application time: 0.0001407 seconds
[2022-06-13T02:54:00.099+0000][1][safepoint    ] Entering safepoint region: RevokeBias
[2022-06-13T02:54:00.099+0000][1][safepoint    ] Leaving safepoint region
[2022-06-13T02:54:00.099+0000][1][safepoint    ] Total time for which application threads were stopped: 0.0004247 seconds, Stopping threads took: 0.0001794 seconds
[2022-06-13T02:54:00.099+0000][1][safepoint    ] Application time: 0.0001430 seconds
[2022-06-13T02:54:00.100+0000][1][safepoint    ] Entering safepoint region: RevokeBias
[2022-06-13T02:54:00.100+0000][1][safepoint    ] Leaving safepoint region
[2022-06-13T02:54:00.100+0000][1][safepoint    ] Total time for which application threads were stopped: 0.0005931 seconds, Stopping threads took: 0.0001817 seconds
[2022-06-13T02:54:00.103+0000][1][safepoint    ] Application time: 0.0026814 seconds
[2022-06-13T02:54:00.103+0000][1][safepoint    ] Entering safepoint region: RevokeBias
[2022-06-13T02:54:00.104+0000][1][safepoint    ] Leaving safepoint region
[2022-06-13T02:54:00.104+0000][1][safepoint    ] Total time for which application threads were stopped: 0.0003987 seconds, Stopping threads took: 0.0001545 seconds
[2022-06-13T02:54:00.104+0000][1][safepoint    ] Application time: 0.0002579 seconds
[2022-06-13T02:54:00.105+0000][1][safepoint    ] Entering safepoint region: RevokeBias
[2022-06-13T02:54:00.105+0000][1][safepoint    ] Leaving safepoint region
[2022-06-13T02:54:00.105+0000][1][safepoint    ] Total time for which application threads were stopped: 0.0005858 seconds, Stopping threads took: 0.0003120 seconds
[2022-06-13T02:54:00.106+0000][1][safepoint    ] Application time: 0.0002043 seconds
[2022-06-13T02:54:00.106+0000][1][safepoint    ] Entering safepoint region: RevokeBias
[2022-06-13T02:54:00.107+0000][1][safepoint    ] Leaving safepoint region
[2022-06-13T02:54:00.107+0000][1][safepoint    ] Total time for which application threads were stopped: 0.0007513 seconds, Stopping threads took: 0.0004464 seconds
[2022-06-13T02:54:00.107+0000][1][safepoint    ] Application time: 0.0001417 seconds
[2022-06-13T02:54:00.107+0000][1][safepoint    ] Entering safepoint region: RevokeBias
[2022-06-13T02:54:00.108+0000][1][safepoint    ] Leaving safepoint region
[2022-06-13T02:54:00.108+0000][1][safepoint    ] Total time for which application threads were stopped: 0.0004100 seconds, Stopping threads took: 0.0002195 seconds
[2022-06-13T02:54:00.109+0000][1][safepoint    ] Application time: 0.0014784 seconds
[2022-06-13T02:54:00.110+0000][1][safepoint    ] Entering safepoint region: RevokeBias
[2022-06-13T02:54:00.110+0000][1][safepoint    ] Leaving safepoint region
[2022-06-13T02:54:00.110+0000][1][safepoint    ] Total time for which application threads were stopped: 0.0003303 seconds, Stopping threads took: 0.0001401 seconds
[2022-06-13T02:54:00.206+0000][1][safepoint    ] Application time: 0.0955700 seconds
[2022-06-13T02:54:00.206+0000][1][safepoint    ] Entering safepoint region: RevokeBias
[2022-06-13T02:54:00.206+0000][1][safepoint    ] Leaving safepoint region
[2022-06-13T02:54:00.206+0000][1][safepoint    ] Total time for which application threads were stopped: 0.0003443 seconds, Stopping threads took: 0.0001648 seconds
[2022-06-13T02:54:00.784+0000][1][safepoint    ] Application time: 0.5780415 seconds
[2022-06-13T02:54:00.785+0000][1][safepoint    ] Entering safepoint region: RevokeBias
[2022-06-13T02:54:00.785+0000][1][safepoint    ] Leaving safepoint region
[2022-06-13T02:54:00.785+0000][1][safepoint    ] Total time for which application threads were stopped: 0.0003500 seconds, Stopping threads took: 0.0001585 seconds
[2022-06-13T02:54:00.785+0000][1][safepoint    ] Application time: 0.0001395 seconds
[2022-06-13T02:54:00.785+0000][1][safepoint    ] Entering safepoint region: RevokeBias
[2022-06-13T02:54:00.786+0000][1][safepoint    ] Leaving safepoint region
[2022-06-13T02:54:00.786+0000][1][safepoint    ] Total time for which application threads were stopped: 0.0003590 seconds, Stopping threads took: 0.0001582 seconds
[2022-06-13T02:54:00.786+0000][1][safepoint    ] Application time: 0.0001264 seconds
[2022-06-13T02:54:00.786+0000][1][safepoint    ] Entering safepoint region: RevokeBias
[2022-06-13T02:54:00.786+0000][1][safepoint    ] Leaving safepoint region
[2022-06-13T02:54:00.786+0000][1][safepoint    ] Total time for which application threads were stopped: 0.0002420 seconds, Stopping threads took: 0.0001125 seconds
[2022-06-13T02:54:00.786+0000][1][safepoint    ] Application time: 0.0000609 seconds
[2022-06-13T02:54:00.787+0000][1][safepoint    ] Entering safepoint region: RevokeBias
[2022-06-13T02:54:00.787+0000][1][safepoint    ] Leaving safepoint region
[2022-06-13T02:54:00.787+0000][1][safepoint    ] Total time for which application threads were stopped: 0.0002294 seconds, Stopping threads took: 0.0000908 seconds
[2022-06-13T02:54:00.787+0000][1][safepoint    ] Application time: 0.0000900 seconds
[2022-06-13T02:54:00.787+0000][1][safepoint    ] Entering safepoint region: RevokeBias
[2022-06-13T02:54:00.787+0000][1][safepoint    ] Leaving safepoint region
[2022-06-13T02:54:00.787+0000][1][safepoint    ] Total time for which application threads were stopped: 0.0003368 seconds, Stopping threads took: 0.0001790 seconds
[2022-06-13T02:54:00.788+0000][1][safepoint    ] Application time: 0.0000884 seconds
[2022-06-13T02:54:00.788+0000][1][safepoint    ] Entering safepoint region: RevokeBias
[2022-06-13T02:54:00.788+0000][1][safepoint    ] Leaving safepoint region
[2022-06-13T02:54:00.788+0000][1][safepoint    ] Total time for which application threads were stopped: 0.0001973 seconds, Stopping threads took: 0.0000876 seconds
[2022-06-13T02:54:00.788+0000][1][safepoint    ] Application time: 0.0000709 seconds
[2022-06-13T02:54:00.788+0000][1][safepoint    ] Entering safepoint region: RevokeBias
[2022-06-13T02:54:00.788+0000][1][safepoint    ] Leaving safepoint region
[2022-06-13T02:54:00.788+0000][1][safepoint    ] Total time for which application threads were stopped: 0.0001785 seconds, Stopping threads took: 0.0000833 seconds
[2022-06-13T02:54:00.789+0000][1][safepoint    ] Application time: 0.0000625 seconds
[2022-06-13T02:54:00.789+0000][1][safepoint    ] Entering safepoint region: RevokeBias
[2022-06-13T02:54:00.789+0000][1][safepoint    ] Leaving safepoint region
[2022-06-13T02:54:00.789+0000][1][safepoint    ] Total time for which application threads were stopped: 0.0002088 seconds, Stopping threads took: 0.0000947 seconds
[2022-06-13T02:54:01.040+0000][1][safepoint    ] Application time: 0.2506389 seconds
[2022-06-13T02:54:01.040+0000][1][safepoint    ] Entering safepoint region: RevokeBias
[2022-06-13T02:54:01.040+0000][1][safepoint    ] Leaving safepoint region
[2022-06-13T02:54:01.040+0000][1][safepoint    ] Total time for which application threads were stopped: 0.0002979 seconds, Stopping threads took: 0.0001062 seconds
[2022-06-13T02:54:02.040+0000][1][safepoint    ] Application time: 1.0001318 seconds
[2022-06-13T02:54:02.041+0000][1][safepoint    ] Entering safepoint region: Cleanup
[2022-06-13T02:54:02.041+0000][1][safepoint    ] Leaving safepoint region
[2022-06-13T02:54:02.041+0000][1][safepoint    ] Total time for which application threads were stopped: 0.0002573 seconds, Stopping threads took: 0.0001181 seconds
[2022-06-13T02:54:03.042+0000][1][safepoint    ] Application time: 1.0010738 seconds
[2022-06-13T02:54:03.042+0000][1][safepoint    ] Entering safepoint region: Cleanup
[2022-06-13T02:54:03.042+0000][1][safepoint    ] Leaving safepoint region
[2022-06-13T02:54:03.042+0000][1][safepoint    ] Total time for which application threads were stopped: 0.0002541 seconds, Stopping threads took: 0.0001122 seconds
[2022-06-13T02:54:03.090+0000][1][safepoint    ] Application time: 0.0477150 seconds
[2022-06-13T02:54:03.091+0000][1][safepoint    ] Entering safepoint region: RevokeBias
[2022-06-13T02:54:03.091+0000][1][safepoint    ] Leaving safepoint region
[2022-06-13T02:54:03.091+0000][1][safepoint    ] Total time for which application threads were stopped: 0.0004772 seconds, Stopping threads took: 0.0003020 seconds
[2022-06-13T02:54:03.091+0000][1][safepoint    ] Application time: 0.0001588 seconds
[2022-06-13T02:54:03.092+0000][1][safepoint    ] Entering safepoint region: RevokeBias
[2022-06-13T02:54:03.092+0000][1][safepoint    ] Leaving safepoint region
[2022-06-13T02:54:03.092+0000][1][safepoint    ] Total time for which application threads were stopped: 0.0003201 seconds, Stopping threads took: 0.0001473 seconds
[2022-06-13T02:54:03.092+0000][1][safepoint    ] Application time: 0.0002858 seconds
[2022-06-13T02:54:03.093+0000][1][safepoint    ] Entering safepoint region: RevokeBias
[2022-06-13T02:54:03.093+0000][1][safepoint    ] Leaving safepoint region
[2022-06-13T02:54:03.093+0000][1][safepoint    ] Total time for which application threads were stopped: 0.0004777 seconds, Stopping threads took: 0.0003037 seconds
[2022-06-13T02:54:03.094+0000][1][safepoint    ] Application time: 0.0004931 seconds
[2022-06-13T02:54:03.094+0000][1][safepoint    ] Entering safepoint region: RevokeBias
[2022-06-13T02:54:03.094+0000][1][safepoint    ] Leaving safepoint region
[2022-06-13T02:54:03.094+0000][1][safepoint    ] Total time for which application threads were stopped: 0.0002730 seconds, Stopping threads took: 0.0000973 seconds
[2022-06-13T02:54:04.043+0000][1][safepoint    ] Application time: 0.9487440 seconds
[2022-06-13T02:54:04.043+0000][1][safepoint    ] Entering safepoint region: RevokeBias
[2022-06-13T02:54:04.044+0000][1][safepoint    ] Leaving safepoint region
[2022-06-13T02:54:04.044+0000][1][safepoint    ] Total time for which application threads were stopped: 0.0004660 seconds, Stopping threads took: 0.0002776 seconds
[2022-06-13T02:54:04.044+0000][1][safepoint    ] Application time: 0.0004698 seconds
[2022-06-13T02:54:04.045+0000][1][safepoint    ] Entering safepoint region: RevokeBias
[2022-06-13T02:54:04.045+0000][1][safepoint    ] Leaving safepoint region
[2022-06-13T02:54:04.045+0000][1][safepoint    ] Total time for which application threads were stopped: 0.0004646 seconds, Stopping threads took: 0.0001896 seconds
[2022-06-13T02:54:04.045+0000][1][safepoint    ] Application time: 0.0001434 seconds
[2022-06-13T02:54:04.046+0000][1][safepoint    ] Entering safepoint region: RevokeBias
[2022-06-13T02:54:04.046+0000][1][safepoint    ] Leaving safepoint region
[2022-06-13T02:54:04.046+0000][1][safepoint    ] Total time for which application threads were stopped: 0.0007057 seconds, Stopping threads took: 0.0003545 seconds
[2022-06-13T02:54:04.047+0000][1][safepoint    ] Application time: 0.0003558 seconds
[2022-06-13T02:54:04.047+0000][1][safepoint    ] Entering safepoint region: RevokeBias
[2022-06-13T02:54:04.048+0000][1][safepoint    ] Leaving safepoint region
[2022-06-13T02:54:04.048+0000][1][safepoint    ] Total time for which application threads were stopped: 0.0009877 seconds, Stopping threads took: 0.0005173 seconds
[2022-06-13T02:54:04.049+0000][1][safepoint    ] Application time: 0.0002760 seconds
[2022-06-13T02:54:04.049+0000][1][safepoint    ] Entering safepoint region: RevokeBias
[2022-06-13T02:54:04.049+0000][1][safepoint    ] Leaving safepoint region
[2022-06-13T02:54:04.050+0000][1][safepoint    ] Total time for which application threads were stopped: 0.0006552 seconds, Stopping threads took: 0.0003756 seconds
[2022-06-13T02:54:04.050+0000][1][safepoint    ] Application time: 0.0000982 seconds
[2022-06-13T02:54:04.051+0000][1][safepoint    ] Entering safepoint region: RevokeBias
[2022-06-13T02:54:04.051+0000][1][safepoint    ] Leaving safepoint region
[2022-06-13T02:54:04.051+0000][1][safepoint    ] Total time for which application threads were stopped: 0.0006245 seconds, Stopping threads took: 0.0004360 seconds
[2022-06-13T02:54:04.051+0000][1][safepoint    ] Application time: 0.0002110 seconds
[2022-06-13T02:54:04.052+0000][1][safepoint    ] Entering safepoint region: RevokeBias
[2022-06-13T02:54:04.052+0000][1][safepoint    ] Leaving safepoint region
[2022-06-13T02:54:04.053+0000][1][safepoint    ] Total time for which application threads were stopped: 0.0007562 seconds, Stopping threads took: 0.0004488 seconds
[2022-06-13T02:54:05.053+0000][1][safepoint    ] Application time: 1.0002183 seconds
[2022-06-13T02:54:05.053+0000][1][safepoint    ] Entering safepoint region: Cleanup
[2022-06-13T02:54:05.054+0000][1][safepoint    ] Leaving safepoint region
[2022-06-13T02:54:05.054+0000][1][safepoint    ] Total time for which application threads were stopped: 0.0007081 seconds, Stopping threads took: 0.0003129 seconds
[2022-06-13T02:54:06.796+0000][1][safepoint    ] Application time: 1.7415194 seconds
[2022-06-13T02:54:06.796+0000][1][safepoint    ] Entering safepoint region: Cleanup
[2022-06-13T02:54:06.797+0000][1][safepoint    ] Leaving safepoint region
[2022-06-13T02:54:06.797+0000][1][safepoint    ] Total time for which application threads were stopped: 0.0005832 seconds, Stopping threads took: 0.0003548 seconds
[2022-06-13T02:54:07.043+0000][1][safepoint    ] Application time: 0.2451262 seconds
[2022-06-13T02:54:07.043+0000][1][safepoint    ] Entering safepoint region: RevokeBias
[2022-06-13T02:54:07.043+0000][1][safepoint    ] Leaving safepoint region
[2022-06-13T02:54:07.044+0000][1][safepoint    ] Total time for which application threads were stopped: 0.0009801 seconds, Stopping threads took: 0.0006286 seconds
[2022-06-13T02:54:07.044+0000][1][safepoint    ] Application time: 0.0003009 seconds
[2022-06-13T02:54:07.045+0000][1][safepoint    ] Entering safepoint region: RevokeBias
[2022-06-13T02:54:07.045+0000][1][safepoint    ] Leaving safepoint region
[2022-06-13T02:54:07.045+0000][1][safepoint    ] Total time for which application threads were stopped: 0.0006868 seconds, Stopping threads took: 0.0003766 seconds
[2022-06-13T02:54:07.046+0000][1][safepoint    ] Application time: 0.0003036 seconds
[2022-06-13T02:54:07.046+0000][1][safepoint    ] Entering safepoint region: RevokeBias
[2022-06-13T02:54:07.047+0000][1][safepoint    ] Leaving safepoint region
[2022-06-13T02:54:07.047+0000][1][safepoint    ] Total time for which application threads were stopped: 0.0007238 seconds, Stopping threads took: 0.0003696 seconds
[2022-06-13T02:54:08.046+0000][1][safepoint    ] Application time: 0.9982432 seconds
[2022-06-13T02:54:08.046+0000][1][safepoint    ] Entering safepoint region: RevokeBias
[2022-06-13T02:54:08.046+0000][1][safepoint    ] Leaving safepoint region
[2022-06-13T02:54:08.047+0000][1][safepoint    ] Total time for which application threads were stopped: 0.0006902 seconds, Stopping threads took: 0.0002890 seconds
[2022-06-13T02:54:08.047+0000][1][safepoint    ] Application time: 0.0004251 seconds
[2022-06-13T02:54:08.048+0000][1][safepoint    ] Entering safepoint region: RevokeBias
[2022-06-13T02:54:08.048+0000][1][safepoint    ] Leaving safepoint region
[2022-06-13T02:54:08.048+0000][1][safepoint    ] Total time for which application threads were stopped: 0.0007093 seconds, Stopping threads took: 0.0003558 seconds
[2022-06-13T02:54:08.049+0000][1][safepoint    ] Application time: 0.0001014 seconds
[2022-06-13T02:54:08.049+0000][1][safepoint    ] Entering safepoint region: RevokeBias
[2022-06-13T02:54:08.050+0000][1][safepoint    ] Leaving safepoint region
[2022-06-13T02:54:08.050+0000][1][safepoint    ] Total time for which application threads were stopped: 0.0008249 seconds, Stopping threads took: 0.0004722 seconds
[2022-06-13T02:54:08.050+0000][1][safepoint    ] Application time: 0.0002754 seconds
[2022-06-13T02:54:08.051+0000][1][safepoint    ] Entering safepoint region: RevokeBias
[2022-06-13T02:54:08.051+0000][1][safepoint    ] Leaving safepoint region
[2022-06-13T02:54:08.051+0000][1][safepoint    ] Total time for which application threads were stopped: 0.0007244 seconds, Stopping threads took: 0.0003483 seconds
[2022-06-13T02:54:08.052+0000][1][safepoint    ] Application time: 0.0003256 seconds
[2022-06-13T02:54:08.052+0000][1][safepoint    ] Entering safepoint region: RevokeBias
[2022-06-13T02:54:08.053+0000][1][safepoint    ] Leaving safepoint region
[2022-06-13T02:54:08.053+0000][1][safepoint    ] Total time for which application threads were stopped: 0.0006109 seconds, Stopping threads took: 0.0003354 seconds
[2022-06-13T02:54:08.053+0000][1][safepoint    ] Application time: 0.0001763 seconds
[2022-06-13T02:54:08.053+0000][1][safepoint    ] Entering safepoint region: RevokeBias
[2022-06-13T02:54:08.054+0000][1][safepoint    ] Leaving safepoint region
[2022-06-13T02:54:08.054+0000][1][safepoint    ] Total time for which application threads were stopped: 0.0006642 seconds, Stopping threads took: 0.0002697 seconds
[2022-06-13T02:54:08.054+0000][1][safepoint    ] Application time: 0.0001036 seconds
[2022-06-13T02:54:08.055+0000][1][safepoint    ] Entering safepoint region: RevokeBias
[2022-06-13T02:54:08.055+0000][1][safepoint    ] Leaving safepoint region
[2022-06-13T02:54:08.055+0000][1][safepoint    ] Total time for which application threads were stopped: 0.0003840 seconds, Stopping threads took: 0.0001409 seconds
[2022-06-13T02:54:08.055+0000][1][safepoint    ] Application time: 0.0001544 seconds
[2022-06-13T02:54:08.055+0000][1][safepoint    ] Entering safepoint region: RevokeBias
[2022-06-13T02:54:08.056+0000][1][safepoint    ] Leaving safepoint region
[2022-06-13T02:54:08.056+0000][1][safepoint    ] Total time for which application threads were stopped: 0.0002865 seconds, Stopping threads took: 0.0001758 seconds
[2022-06-13T02:54:08.088+0000][1][safepoint    ] Application time: 0.0320975 seconds
[2022-06-13T02:54:08.088+0000][1][safepoint    ] Entering safepoint region: RevokeBias
[2022-06-13T02:54:08.088+0000][1][safepoint    ] Leaving safepoint region
[2022-06-13T02:54:08.089+0000][1][safepoint    ] Total time for which application threads were stopped: 0.0006230 seconds, Stopping threads took: 0.0002848 seconds
[2022-06-13T02:54:08.089+0000][1][safepoint    ] Application time: 0.0001787 seconds
[2022-06-13T02:54:08.090+0000][1][safepoint    ] Entering safepoint region: RevokeBias
[2022-06-13T02:54:08.090+0000][1][safepoint    ] Leaving safepoint region
[2022-06-13T02:54:08.090+0000][1][safepoint    ] Total time for which application threads were stopped: 0.0005515 seconds, Stopping threads took: 0.0002850 seconds
[2022-06-13T02:54:09.091+0000][1][safepoint    ] Application time: 1.0002425 seconds
[2022-06-13T02:54:09.091+0000][1][safepoint    ] Entering safepoint region: Cleanup
[2022-06-13T02:54:09.092+0000][1][safepoint    ] Leaving safepoint region
[2022-06-13T02:54:09.092+0000][1][safepoint    ] Total time for which application threads were stopped: 0.0009255 seconds, Stopping threads took: 0.0004414 seconds
[2022-06-13T02:54:10.797+0000][1][safepoint    ] Application time: 1.7043283 seconds
[2022-06-13T02:54:10.797+0000][1][safepoint    ] Entering safepoint region: Cleanup
[2022-06-13T02:54:10.798+0000][1][safepoint    ] Leaving safepoint region
[2022-06-13T02:54:10.799+0000][1][safepoint    ] Total time for which application threads were stopped: 0.0012157 seconds, Stopping threads took: 0.0005639 seconds
[2022-06-13T02:54:11.045+0000][1][safepoint    ] Application time: 0.2462289 seconds
[2022-06-13T02:54:11.046+0000][1][safepoint    ] Entering safepoint region: RevokeBias
[2022-06-13T02:54:11.046+0000][1][safepoint    ] Leaving safepoint region
[2022-06-13T02:54:11.046+0000][1][safepoint    ] Total time for which application threads were stopped: 0.0007626 seconds, Stopping threads took: 0.0003218 seconds
[2022-06-13T02:54:11.047+0000][1][safepoint    ] Application time: 0.0004538 seconds
[2022-06-13T02:54:11.048+0000][1][safepoint    ] Entering safepoint region: RevokeBias
[2022-06-13T02:54:11.048+0000][1][safepoint    ] Leaving safepoint region
[2022-06-13T02:54:11.048+0000][1][safepoint    ] Total time for which application threads were stopped: 0.0010703 seconds, Stopping threads took: 0.0005394 seconds
[2022-06-13T02:54:12.046+0000][1][safepoint    ] Application time: 0.9966634 seconds
[2022-06-13T02:54:12.046+0000][1][safepoint    ] Entering safepoint region: RevokeBias
[2022-06-13T02:54:12.046+0000][1][safepoint    ] Leaving safepoint region
[2022-06-13T02:54:12.046+0000][1][safepoint    ] Total time for which application threads were stopped: 0.0003026 seconds, Stopping threads took: 0.0001455 seconds
[2022-06-13T02:54:12.047+0000][1][safepoint    ] Application time: 0.0002599 seconds
[2022-06-13T02:54:12.047+0000][1][safepoint    ] Entering safepoint region: RevokeBias
[2022-06-13T02:54:12.047+0000][1][safepoint    ] Leaving safepoint region
[2022-06-13T02:54:12.047+0000][1][safepoint    ] Total time for which application threads were stopped: 0.0002564 seconds, Stopping threads took: 0.0001076 seconds
[2022-06-13T02:54:12.047+0000][1][safepoint    ] Application time: 0.0001637 seconds
[2022-06-13T02:54:12.048+0000][1][safepoint    ] Entering safepoint region: RevokeBias
[2022-06-13T02:54:12.048+0000][1][safepoint    ] Leaving safepoint region
[2022-06-13T02:54:12.048+0000][1][safepoint    ] Total time for which application threads were stopped: 0.0002560 seconds, Stopping threads took: 0.0001137 seconds
[2022-06-13T02:54:12.048+0000][1][safepoint    ] Application time: 0.0001124 seconds
[2022-06-13T02:54:12.048+0000][1][safepoint    ] Entering safepoint region: RevokeBias
[2022-06-13T02:54:12.049+0000][1][safepoint    ] Leaving safepoint region
[2022-06-13T02:54:12.049+0000][1][safepoint    ] Total time for which application threads were stopped: 0.0008529 seconds, Stopping threads took: 0.0004485 seconds
[2022-06-13T02:54:12.050+0000][1][safepoint    ] Application time: 0.0002890 seconds
[2022-06-13T02:54:12.050+0000][1][safepoint    ] Entering safepoint region: RevokeBias
[2022-06-13T02:54:12.050+0000][1][safepoint    ] Leaving safepoint region
[2022-06-13T02:54:12.051+0000][1][safepoint    ] Total time for which application threads were stopped: 0.0005863 seconds, Stopping threads took: 0.0002106 seconds
[2022-06-13T02:54:12.052+0000][1][safepoint    ] Application time: 0.0003973 seconds
[2022-06-13T02:54:12.052+0000][1][safepoint    ] Entering safepoint region: RevokeBias
[2022-06-13T02:54:12.052+0000][1][safepoint    ] Leaving safepoint region
[2022-06-13T02:54:12.052+0000][1][safepoint    ] Total time for which application threads were stopped: 0.0004414 seconds, Stopping threads took: 0.0002793 seconds
[2022-06-13T02:54:12.053+0000][1][safepoint    ] Application time: 0.0004093 seconds
[2022-06-13T02:54:12.053+0000][1][safepoint    ] Entering safepoint region: RevokeBias
[2022-06-13T02:54:12.053+0000][1][safepoint    ] Leaving safepoint region
[2022-06-13T02:54:12.054+0000][1][safepoint    ] Total time for which application threads were stopped: 0.0003726 seconds, Stopping threads took: 0.0001319 seconds
[2022-06-13T02:54:13.054+0000][1][safepoint    ] Application time: 1.0002057 seconds
[2022-06-13T02:54:13.055+0000][1][safepoint    ] Entering safepoint region: Cleanup
[2022-06-13T02:54:13.055+0000][1][safepoint    ] Leaving safepoint region
[2022-06-13T02:54:13.055+0000][1][safepoint    ] Total time for which application threads were stopped: 0.0005377 seconds, Stopping threads took: 0.0002519 seconds
[2022-06-13T02:54:14.056+0000][1][safepoint    ] Application time: 1.0001900 seconds
[2022-06-13T02:54:14.056+0000][1][safepoint    ] Entering safepoint region: Cleanup
[2022-06-13T02:54:14.056+0000][1][safepoint    ] Leaving safepoint region
[2022-06-13T02:54:14.057+0000][1][safepoint    ] Total time for which application threads were stopped: 0.0009643 seconds, Stopping threads took: 0.0005148 seconds
[2022-06-13T02:54:15.046+0000][1][safepoint    ] Application time: 0.9890429 seconds
[2022-06-13T02:54:15.047+0000][1][safepoint    ] Entering safepoint region: RevokeBias
[2022-06-13T02:54:15.047+0000][1][safepoint    ] Leaving safepoint region
[2022-06-13T02:54:15.048+0000][1][safepoint    ] Total time for which application threads were stopped: 0.0013309 seconds, Stopping threads took: 0.0007433 seconds
[2022-06-13T02:54:16.049+0000][1][safepoint    ] Application time: 1.0009463 seconds
[2022-06-13T02:54:16.050+0000][1][safepoint    ] Entering safepoint region: RevokeBias
[2022-06-13T02:54:16.050+0000][1][safepoint    ] Leaving safepoint region
[2022-06-13T02:54:16.051+0000][1][safepoint    ] Total time for which application threads were stopped: 0.0012368 seconds, Stopping threads took: 0.0004592 seconds
[2022-06-13T02:54:16.052+0000][1][safepoint    ] Application time: 0.0007665 seconds
[2022-06-13T02:54:16.053+0000][1][safepoint    ] Entering safepoint region: RevokeBias
[2022-06-13T02:54:16.054+0000][1][safepoint    ] Leaving safepoint region
[2022-06-13T02:54:16.054+0000][1][safepoint    ] Total time for which application threads were stopped: 0.0017800 seconds, Stopping threads took: 0.0006709 seconds
[2022-06-13T02:54:16.055+0000][1][safepoint    ] Application time: 0.0004987 seconds
[2022-06-13T02:54:16.056+0000][1][safepoint    ] Entering safepoint region: RevokeBias
[2022-06-13T02:54:16.057+0000][1][safepoint    ] Leaving safepoint region
[2022-06-13T02:54:16.058+0000][1][safepoint    ] Total time for which application threads were stopped: 0.0016635 seconds, Stopping threads took: 0.0008862 seconds
[2022-06-13T02:54:16.059+0000][1][safepoint    ] Application time: 0.0005126 seconds
[2022-06-13T02:54:16.059+0000][1][safepoint    ] Entering safepoint region: RevokeBias
[2022-06-13T02:54:16.060+0000][1][safepoint    ] Leaving safepoint region
[2022-06-13T02:54:16.061+0000][1][safepoint    ] Total time for which application threads were stopped: 0.0012330 seconds, Stopping threads took: 0.0008176 seconds
[2022-06-13T02:54:16.061+0000][1][safepoint    ] Application time: 0.0002346 seconds
[2022-06-13T02:54:16.061+0000][1][safepoint    ] Entering safepoint region: RevokeBias
[2022-06-13T02:54:16.062+0000][1][safepoint    ] Leaving safepoint region
[2022-06-13T02:54:16.062+0000][1][safepoint    ] Total time for which application threads were stopped: 0.0010163 seconds, Stopping threads took: 0.0003334 seconds
[2022-06-13T02:54:16.063+0000][1][safepoint    ] Application time: 0.0004711 seconds
[2022-06-13T02:54:16.064+0000][1][safepoint    ] Entering safepoint region: BulkRevokeBias
[2022-06-13T02:54:16.064+0000][1][safepoint    ] Leaving safepoint region
[2022-06-13T02:54:16.065+0000][1][safepoint    ] Total time for which application threads were stopped: 0.0009934 seconds, Stopping threads took: 0.0003765 seconds
[2022-06-13T02:54:17.065+0000][1][safepoint    ] Application time: 1.0001313 seconds
[2022-06-13T02:54:17.066+0000][1][safepoint    ] Entering safepoint region: Cleanup
[2022-06-13T02:54:17.067+0000][1][safepoint    ] Leaving safepoint region
[2022-06-13T02:54:17.067+0000][1][safepoint    ] Total time for which application threads were stopped: 0.0013875 seconds, Stopping threads took: 0.0008010 seconds
[2022-06-13T02:54:18.068+0000][1][safepoint    ] Application time: 1.0001950 seconds
[2022-06-13T02:54:18.068+0000][1][safepoint    ] Entering safepoint region: Cleanup
[2022-06-13T02:54:18.069+0000][1][safepoint    ] Leaving safepoint region
[2022-06-13T02:54:18.069+0000][1][safepoint    ] Total time for which application threads were stopped: 0.0004263 seconds, Stopping threads took: 0.0002144 seconds
[2022-06-13T02:54:19.048+0000][1][safepoint    ] Application time: 0.9792851 seconds
[2022-06-13T02:54:19.049+0000][1][safepoint    ] Entering safepoint region: RevokeBias
[2022-06-13T02:54:19.049+0000][1][safepoint    ] Leaving safepoint region
[2022-06-13T02:54:19.050+0000][1][safepoint    ] Total time for which application threads were stopped: 0.0009018 seconds, Stopping threads took: 0.0004416 seconds
[2022-06-13T02:54:19.050+0000][1][safepoint    ] Application time: 0.0002395 seconds
[2022-06-13T02:54:19.050+0000][1][safepoint    ] Entering safepoint region: RevokeBias
[2022-06-13T02:54:19.052+0000][1][safepoint    ] Leaving safepoint region
[2022-06-13T02:54:19.052+0000][1][safepoint    ] Total time for which application threads were stopped: 0.0017656 seconds, Stopping threads took: 0.0005436 seconds
[2022-06-13T02:54:19.053+0000][1][safepoint    ] Application time: 0.0003831 seconds
[2022-06-13T02:54:19.054+0000][1][safepoint    ] Entering safepoint region: BulkRevokeBias
[2022-06-13T02:54:19.054+0000][1][safepoint    ] Leaving safepoint region
[2022-06-13T02:54:19.055+0000][1][safepoint    ] Total time for which application threads were stopped: 0.0012022 seconds, Stopping threads took: 0.0005628 seconds
[2022-06-13T02:54:20.050+0000][1][safepoint    ] Application time: 0.9951405 seconds
[2022-06-13T02:54:20.050+0000][1][safepoint    ] Entering safepoint region: RevokeBias
[2022-06-13T02:54:20.051+0000][1][safepoint    ] Leaving safepoint region
[2022-06-13T02:54:20.051+0000][1][safepoint    ] Total time for which application threads were stopped: 0.0008418 seconds, Stopping threads took: 0.0003059 seconds
[2022-06-13T02:54:20.052+0000][1][safepoint    ] Application time: 0.0006922 seconds
[2022-06-13T02:54:20.053+0000][1][safepoint    ] Entering safepoint region: RevokeBias
[2022-06-13T02:54:20.053+0000][1][safepoint    ] Leaving safepoint region
[2022-06-13T02:54:20.054+0000][1][safepoint    ] Total time for which application threads were stopped: 0.0011255 seconds, Stopping threads took: 0.0005169 seconds
[2022-06-13T02:54:20.055+0000][1][safepoint    ] Application time: 0.0006148 seconds
[2022-06-13T02:54:20.055+0000][1][safepoint    ] Entering safepoint region: RevokeBias
[2022-06-13T02:54:20.056+0000][1][safepoint    ] Leaving safepoint region
[2022-06-13T02:54:20.056+0000][1][safepoint    ] Total time for which application threads were stopped: 0.0009611 seconds, Stopping threads took: 0.0002992 seconds
[2022-06-13T02:54:21.057+0000][1][safepoint    ] Application time: 1.0002162 seconds
[2022-06-13T02:54:21.057+0000][1][safepoint    ] Entering safepoint region: Cleanup
[2022-06-13T02:54:21.058+0000][1][safepoint    ] Leaving safepoint region
[2022-06-13T02:54:21.058+0000][1][safepoint    ] Total time for which application threads were stopped: 0.0004809 seconds, Stopping threads took: 0.0002517 seconds
[2022-06-13T02:54:22.058+0000][1][safepoint    ] Application time: 1.0002185 seconds
[2022-06-13T02:54:22.059+0000][1][safepoint    ] Entering safepoint region: Cleanup
[2022-06-13T02:54:22.059+0000][1][safepoint    ] Leaving safepoint region
[2022-06-13T02:54:22.059+0000][1][safepoint    ] Total time for which application threads were stopped: 0.0007038 seconds, Stopping threads took: 0.0001472 seconds
[2022-06-13T02:54:23.050+0000][1][safepoint    ] Application time: 0.9900750 seconds
[2022-06-13T02:54:23.050+0000][1][safepoint    ] Entering safepoint region: RevokeBias
[2022-06-13T02:54:23.050+0000][1][safepoint    ] Leaving safepoint region
[2022-06-13T02:54:23.050+0000][1][safepoint    ] Total time for which application threads were stopped: 0.0004873 seconds, Stopping threads took: 0.0001570 seconds
[2022-06-13T02:54:23.051+0000][1][safepoint    ] Application time: 0.0000627 seconds
[2022-06-13T02:54:23.051+0000][1][safepoint    ] Entering safepoint region: RevokeBias
[2022-06-13T02:54:23.052+0000][1][safepoint    ] Leaving safepoint region
[2022-06-13T02:54:23.052+0000][1][safepoint    ] Total time for which application threads were stopped: 0.0005002 seconds, Stopping threads took: 0.0002190 seconds
[2022-06-13T02:54:23.052+0000][1][safepoint    ] Application time: 0.0003941 seconds
[2022-06-13T02:54:23.053+0000][1][safepoint    ] Entering safepoint region: RevokeBias
[2022-06-13T02:54:23.053+0000][1][safepoint    ] Leaving safepoint region
[2022-06-13T02:54:23.053+0000][1][safepoint    ] Total time for which application threads were stopped: 0.0004922 seconds, Stopping threads took: 0.0002366 seconds
[2022-06-13T02:54:24.052+0000][1][safepoint    ] Application time: 0.9991077 seconds
[2022-06-13T02:54:24.053+0000][1][safepoint    ] Entering safepoint region: RevokeBias
[2022-06-13T02:54:24.053+0000][1][safepoint    ] Leaving safepoint region
[2022-06-13T02:54:24.053+0000][1][safepoint    ] Total time for which application threads were stopped: 0.0006815 seconds, Stopping threads took: 0.0004609 seconds
[2022-06-13T02:54:24.054+0000][1][safepoint    ] Application time: 0.0003403 seconds
[2022-06-13T02:54:24.054+0000][1][safepoint    ] Entering safepoint region: RevokeBias
[2022-06-13T02:54:24.055+0000][1][safepoint    ] Leaving safepoint region
[2022-06-13T02:54:24.055+0000][1][safepoint    ] Total time for which application threads were stopped: 0.0011100 seconds, Stopping threads took: 0.0006499 seconds
[2022-06-13T02:54:24.056+0000][1][safepoint    ] Application time: 0.0004425 seconds
[2022-06-13T02:54:24.057+0000][1][safepoint    ] Entering safepoint region: RevokeBias
[2022-06-13T02:54:24.057+0000][1][safepoint    ] Leaving safepoint region
[2022-06-13T02:54:24.057+0000][1][safepoint    ] Total time for which application threads were stopped: 0.0009218 seconds, Stopping threads took: 0.0005622 seconds
[2022-06-13T02:54:24.058+0000][1][safepoint    ] Application time: 0.0002207 seconds
[2022-06-13T02:54:24.058+0000][1][safepoint    ] Entering safepoint region: RevokeBias
[2022-06-13T02:54:24.059+0000][1][safepoint    ] Leaving safepoint region
[2022-06-13T02:54:24.059+0000][1][safepoint    ] Total time for which application threads were stopped: 0.0010658 seconds, Stopping threads took: 0.0006111 seconds
[2022-06-13T02:54:25.060+0000][1][safepoint    ] Application time: 1.0002557 seconds
[2022-06-13T02:54:25.060+0000][1][safepoint    ] Entering safepoint region: Cleanup
[2022-06-13T02:54:25.061+0000][1][safepoint    ] Leaving safepoint region
[2022-06-13T02:54:25.061+0000][1][safepoint    ] Total time for which application threads were stopped: 0.0008103 seconds, Stopping threads took: 0.0004200 seconds
[2022-06-13T02:54:26.062+0000][1][safepoint    ] Application time: 1.0001481 seconds
[2022-06-13T02:54:26.062+0000][1][safepoint    ] Entering safepoint region: Cleanup
[2022-06-13T02:54:26.063+0000][1][safepoint    ] Leaving safepoint region
[2022-06-13T02:54:26.063+0000][1][safepoint    ] Total time for which application threads were stopped: 0.0008353 seconds, Stopping threads took: 0.0003688 seconds
[2022-06-13T02:54:27.052+0000][1][safepoint    ] Application time: 0.9888182 seconds
[2022-06-13T02:54:27.053+0000][1][safepoint    ] Entering safepoint region: RevokeBias
[2022-06-13T02:54:27.053+0000][1][safepoint    ] Leaving safepoint region
[2022-06-13T02:54:27.054+0000][1][safepoint    ] Total time for which application threads were stopped: 0.0008822 seconds, Stopping threads took: 0.0005531 seconds
[2022-06-13T02:54:27.054+0000][1][safepoint    ] Application time: 0.0003438 seconds
[2022-06-13T02:54:27.055+0000][1][safepoint    ] Entering safepoint region: RevokeBias
[2022-06-13T02:54:27.055+0000][1][safepoint    ] Leaving safepoint region
[2022-06-13T02:54:27.055+0000][1][safepoint    ] Total time for which application threads were stopped: 0.0005477 seconds, Stopping threads took: 0.0001686 seconds
[2022-06-13T02:54:28.052+0000][1][safepoint    ] Application time: 0.9967866 seconds
[2022-06-13T02:54:28.053+0000][1][safepoint    ] Entering safepoint region: RevokeBias
[2022-06-13T02:54:28.054+0000][1][safepoint    ] Leaving safepoint region
[2022-06-13T02:54:28.054+0000][1][safepoint    ] Total time for which application threads were stopped: 0.0010110 seconds, Stopping threads took: 0.0006329 seconds
[2022-06-13T02:54:28.055+0000][1][safepoint    ] Application time: 0.0005829 seconds
[2022-06-13T02:54:28.055+0000][1][safepoint    ] Entering safepoint region: RevokeBias
[2022-06-13T02:54:28.056+0000][1][safepoint    ] Leaving safepoint region
[2022-06-13T02:54:28.056+0000][1][safepoint    ] Total time for which application threads were stopped: 0.0007667 seconds, Stopping threads took: 0.0003266 seconds
[2022-06-13T02:54:28.057+0000][1][safepoint    ] Application time: 0.0006627 seconds
[2022-06-13T02:54:28.057+0000][1][safepoint    ] Entering safepoint region: RevokeBias
[2022-06-13T02:54:28.058+0000][1][safepoint    ] Leaving safepoint region
[2022-06-13T02:54:28.058+0000][1][safepoint    ] Total time for which application threads were stopped: 0.0005658 seconds, Stopping threads took: 0.0002149 seconds
[2022-06-13T02:54:28.059+0000][1][safepoint    ] Application time: 0.0006942 seconds
[2022-06-13T02:54:28.059+0000][1][safepoint    ] Entering safepoint region: RevokeBias
[2022-06-13T02:54:28.060+0000][1][safepoint    ] Leaving safepoint region
[2022-06-13T02:54:28.060+0000][1][safepoint    ] Total time for which application threads were stopped: 0.0006155 seconds, Stopping threads took: 0.0003829 seconds
[2022-06-13T02:54:29.060+0000][1][safepoint    ] Application time: 1.0001472 seconds
[2022-06-13T02:54:29.061+0000][1][safepoint    ] Entering safepoint region: Cleanup
[2022-06-13T02:54:29.061+0000][1][safepoint    ] Leaving safepoint region
[2022-06-13T02:54:29.062+0000][1][safepoint    ] Total time for which application threads were stopped: 0.0008675 seconds, Stopping threads took: 0.0003294 seconds
[2022-06-13T02:54:30.062+0000][1][safepoint    ] Application time: 1.0001429 seconds
[2022-06-13T02:54:30.063+0000][1][safepoint    ] Entering safepoint region: Cleanup
[2022-06-13T02:54:30.063+0000][1][safepoint    ] Leaving safepoint region
[2022-06-13T02:54:30.064+0000][1][safepoint    ] Total time for which application threads were stopped: 0.0010479 seconds, Stopping threads took: 0.0004529 seconds
[2022-06-13T02:54:30.072+0000][1][safepoint    ] Application time: 0.0077045 seconds
[2022-06-13T02:54:30.072+0000][1][safepoint    ] Entering safepoint region: RevokeBias
[2022-06-13T02:54:30.072+0000][1][safepoint    ] Leaving safepoint region
[2022-06-13T02:54:30.072+0000][1][safepoint    ] Total time for which application threads were stopped: 0.0005227 seconds, Stopping threads took: 0.0001854 seconds
[2022-06-13T02:54:30.073+0000][1][safepoint    ] Application time: 0.0003768 seconds
[2022-06-13T02:54:30.073+0000][1][safepoint    ] Entering safepoint region: RevokeBias
[2022-06-13T02:54:30.074+0000][1][safepoint    ] Leaving safepoint region
[2022-06-13T02:54:30.074+0000][1][safepoint    ] Total time for which application threads were stopped: 0.0004560 seconds, Stopping threads took: 0.0002115 seconds
[2022-06-13T02:54:30.076+0000][1][safepoint    ] Application time: 0.0015855 seconds
[2022-06-13T02:54:30.076+0000][1][safepoint    ] Entering safepoint region: RevokeBias
[2022-06-13T02:54:30.076+0000][1][safepoint    ] Leaving safepoint region
[2022-06-13T02:54:30.077+0000][1][safepoint    ] Total time for which application threads were stopped: 0.0009179 seconds, Stopping threads took: 0.0004576 seconds
[2022-06-13T02:54:30.078+0000][1][safepoint    ] Application time: 0.0002259 seconds
[2022-06-13T02:54:30.078+0000][1][safepoint    ] Entering safepoint region: RevokeBias
[2022-06-13T02:54:30.078+0000][1][safepoint    ] Leaving safepoint region
[2022-06-13T02:54:30.079+0000][1][safepoint    ] Total time for which application threads were stopped: 0.0006024 seconds, Stopping threads took: 0.0002735 seconds
[2022-06-13T02:54:31.053+0000][1][safepoint    ] Application time: 0.9742105 seconds
[2022-06-13T02:54:31.054+0000][1][safepoint    ] Entering safepoint region: RevokeBias
[2022-06-13T02:54:31.054+0000][1][safepoint    ] Leaving safepoint region
[2022-06-13T02:54:31.054+0000][1][safepoint    ] Total time for which application threads were stopped: 0.0010437 seconds, Stopping threads took: 0.0006161 seconds
[2022-06-13T02:54:31.055+0000][1][safepoint    ] Application time: 0.0006511 seconds
[2022-06-13T02:54:31.056+0000][1][safepoint    ] Entering safepoint region: RevokeBias
[2022-06-13T02:54:31.056+0000][1][safepoint    ] Leaving safepoint region
[2022-06-13T02:54:31.057+0000][1][safepoint    ] Total time for which application threads were stopped: 0.0008521 seconds, Stopping threads took: 0.0004673 seconds
[2022-06-13T02:54:32.054+0000][1][safepoint    ] Application time: 0.9968250 seconds
[2022-06-13T02:54:32.055+0000][1][safepoint    ] Entering safepoint region: RevokeBias
[2022-06-13T02:54:32.055+0000][1][safepoint    ] Leaving safepoint region
[2022-06-13T02:54:32.056+0000][1][safepoint    ] Total time for which application threads were stopped: 0.0013879 seconds, Stopping threads took: 0.0004874 seconds
[2022-06-13T02:54:32.057+0000][1][safepoint    ] Application time: 0.0005353 seconds
[2022-06-13T02:54:32.057+0000][1][safepoint    ] Entering safepoint region: RevokeBias
[2022-06-13T02:54:32.058+0000][1][safepoint    ] Leaving safepoint region
[2022-06-13T02:54:32.058+0000][1][safepoint    ] Total time for which application threads were stopped: 0.0012657 seconds, Stopping threads took: 0.0004848 seconds
[2022-06-13T02:54:32.059+0000][1][safepoint    ] Application time: 0.0004121 seconds
[2022-06-13T02:54:32.060+0000][1][safepoint    ] Entering safepoint region: RevokeBias
[2022-06-13T02:54:32.060+0000][1][safepoint    ] Leaving safepoint region
[2022-06-13T02:54:32.061+0000][1][safepoint    ] Total time for which application threads were stopped: 0.0013486 seconds, Stopping threads took: 0.0008176 seconds
[2022-06-13T02:54:33.061+0000][1][safepoint    ] Application time: 1.0001682 seconds
[2022-06-13T02:54:33.062+0000][1][safepoint    ] Entering safepoint region: Cleanup
[2022-06-13T02:54:33.062+0000][1][safepoint    ] Leaving safepoint region
[2022-06-13T02:54:33.062+0000][1][safepoint    ] Total time for which application threads were stopped: 0.0005943 seconds, Stopping threads took: 0.0003318 seconds
[2022-06-13T02:54:34.063+0000][1][safepoint    ] Application time: 1.0002614 seconds
[2022-06-13T02:54:34.063+0000][1][safepoint    ] Entering safepoint region: Cleanup
[2022-06-13T02:54:34.063+0000][1][safepoint    ] Leaving safepoint region
[2022-06-13T02:54:34.064+0000][1][safepoint    ] Total time for which application threads were stopped: 0.0005248 seconds, Stopping threads took: 0.0001783 seconds
[2022-06-13T02:54:35.054+0000][1][safepoint    ] Application time: 0.9905467 seconds
[2022-06-13T02:54:35.055+0000][1][safepoint    ] Entering safepoint region: RevokeBias
[2022-06-13T02:54:35.055+0000][1][safepoint    ] Leaving safepoint region
[2022-06-13T02:54:35.056+0000][1][safepoint    ] Total time for which application threads were stopped: 0.0009044 seconds, Stopping threads took: 0.0002834 seconds
[2022-06-13T02:54:36.056+0000][1][safepoint    ] Application time: 1.0001875 seconds
[2022-06-13T02:54:36.057+0000][1][safepoint    ] Entering safepoint region: Cleanup
[2022-06-13T02:54:36.058+0000][1][safepoint    ] Leaving safepoint region
[2022-06-13T02:54:36.058+0000][1][safepoint    ] Total time for which application threads were stopped: 0.0011622 seconds, Stopping threads took: 0.0006666 seconds
[2022-06-13T02:54:36.058+0000][1][safepoint    ] Application time: 0.0000319 seconds
[2022-06-13T02:54:36.059+0000][1][safepoint    ] Entering safepoint region: RevokeBias
[2022-06-13T02:54:36.060+0000][1][safepoint    ] Leaving safepoint region
[2022-06-13T02:54:36.060+0000][1][safepoint    ] Total time for which application threads were stopped: 0.0011975 seconds, Stopping threads took: 0.0003433 seconds
[2022-06-13T02:54:37.060+0000][1][safepoint    ] Application time: 1.0002954 seconds
[2022-06-13T02:54:37.061+0000][1][safepoint    ] Entering safepoint region: Cleanup
[2022-06-13T02:54:37.061+0000][1][safepoint    ] Leaving safepoint region
[2022-06-13T02:54:37.061+0000][1][safepoint    ] Total time for which application threads were stopped: 0.0007216 seconds, Stopping threads took: 0.0003531 seconds
[2022-06-13T02:54:38.062+0000][1][safepoint    ] Application time: 1.0003615 seconds
[2022-06-13T02:54:38.063+0000][1][safepoint    ] Entering safepoint region: Cleanup
[2022-06-13T02:54:38.063+0000][1][safepoint    ] Leaving safepoint region
[2022-06-13T02:54:38.064+0000][1][safepoint    ] Total time for which application threads were stopped: 0.0011498 seconds, Stopping threads took: 0.0006209 seconds
[2022-06-13T02:54:39.057+0000][1][safepoint    ] Application time: 0.9922874 seconds
[2022-06-13T02:54:39.057+0000][1][safepoint    ] Entering safepoint region: RevokeBias
[2022-06-13T02:54:39.058+0000][1][safepoint    ] Leaving safepoint region
[2022-06-13T02:54:39.059+0000][1][safepoint    ] Total time for which application threads were stopped: 0.0016499 seconds, Stopping threads took: 0.0003589 seconds
[2022-06-13T02:54:40.059+0000][1][safepoint    ] Application time: 1.0002240 seconds
[2022-06-13T02:54:40.060+0000][1][safepoint    ] Entering safepoint region: Cleanup
[2022-06-13T02:54:40.060+0000][1][safepoint    ] Leaving safepoint region
[2022-06-13T02:54:40.060+0000][1][safepoint    ] Total time for which application threads were stopped: 0.0007462 seconds, Stopping threads took: 0.0002931 seconds
[2022-06-13T02:54:41.061+0000][1][safepoint    ] Application time: 1.0003696 seconds
[2022-06-13T02:54:41.061+0000][1][safepoint    ] Entering safepoint region: Cleanup
[2022-06-13T02:54:41.062+0000][1][safepoint    ] Leaving safepoint region
[2022-06-13T02:54:41.062+0000][1][safepoint    ] Total time for which application threads were stopped: 0.0004396 seconds, Stopping threads took: 0.0002153 seconds
[2022-06-13T02:54:42.062+0000][1][safepoint    ] Application time: 1.0000954 seconds
[2022-06-13T02:54:42.063+0000][1][safepoint    ] Entering safepoint region: Cleanup
[2022-06-13T02:54:42.063+0000][1][safepoint    ] Leaving safepoint region
[2022-06-13T02:54:42.063+0000][1][safepoint    ] Total time for which application threads were stopped: 0.0004792 seconds, Stopping threads took: 0.0001369 seconds
[2022-06-13T02:54:43.059+0000][1][safepoint    ] Application time: 0.9961654 seconds
[2022-06-13T02:54:43.060+0000][1][safepoint    ] Entering safepoint region: RevokeBias
[2022-06-13T02:54:43.060+0000][1][safepoint    ] Leaving safepoint region
[2022-06-13T02:54:43.060+0000][1][safepoint    ] Total time for which application threads were stopped: 0.0006441 seconds, Stopping threads took: 0.0003413 seconds
[2022-06-13T02:54:44.061+0000][1][safepoint    ] Application time: 1.0002562 seconds
[2022-06-13T02:54:44.061+0000][1][safepoint    ] Entering safepoint region: Cleanup
[2022-06-13T02:54:44.062+0000][1][safepoint    ] Leaving safepoint region
[2022-06-13T02:54:44.062+0000][1][safepoint    ] Total time for which application threads were stopped: 0.0007352 seconds, Stopping threads took: 0.0002221 seconds
[2022-06-13T02:54:45.063+0000][1][safepoint    ] Application time: 1.0001086 seconds
[2022-06-13T02:54:45.063+0000][1][safepoint    ] Entering safepoint region: Cleanup
[2022-06-13T02:54:45.064+0000][1][safepoint    ] Leaving safepoint region
[2022-06-13T02:54:45.064+0000][1][safepoint    ] Total time for which application threads were stopped: 0.0010844 seconds, Stopping threads took: 0.0005296 seconds
[2022-06-13T02:54:46.065+0000][1][safepoint    ] Application time: 1.0002425 seconds
[2022-06-13T02:54:46.066+0000][1][safepoint    ] Entering safepoint region: Cleanup
[2022-06-13T02:54:46.066+0000][1][safepoint    ] Leaving safepoint region
[2022-06-13T02:54:46.066+0000][1][safepoint    ] Total time for which application threads were stopped: 0.0003701 seconds, Stopping threads took: 0.0001708 seconds
[2022-06-13T02:54:47.066+0000][1][safepoint    ] Application time: 1.0001022 seconds
[2022-06-13T02:54:47.067+0000][1][safepoint    ] Entering safepoint region: Cleanup
[2022-06-13T02:54:47.067+0000][1][safepoint    ] Leaving safepoint region
[2022-06-13T02:54:47.067+0000][1][safepoint    ] Total time for which application threads were stopped: 0.0007619 seconds, Stopping threads took: 0.0002299 seconds
[2022-06-13T02:54:48.068+0000][1][safepoint    ] Application time: 1.0001240 seconds
[2022-06-13T02:54:48.068+0000][1][safepoint    ] Entering safepoint region: Cleanup
[2022-06-13T02:54:48.069+0000][1][safepoint    ] Leaving safepoint region
[2022-06-13T02:54:48.069+0000][1][safepoint    ] Total time for which application threads were stopped: 0.0004742 seconds, Stopping threads took: 0.0002109 seconds
[2022-06-13T02:54:49.069+0000][1][safepoint    ] Application time: 1.0001533 seconds
[2022-06-13T02:54:49.069+0000][1][safepoint    ] Entering safepoint region: Cleanup
[2022-06-13T02:54:49.070+0000][1][safepoint    ] Leaving safepoint region
[2022-06-13T02:54:49.070+0000][1][safepoint    ] Total time for which application threads were stopped: 0.0006170 seconds, Stopping threads took: 0.0002381 seconds
[2022-06-13T02:54:49.123+0000][1][safepoint    ] Application time: 0.0528102 seconds
[2022-06-13T02:54:49.123+0000][1][safepoint    ] Entering safepoint region: RevokeBias
[2022-06-13T02:54:49.124+0000][1][safepoint    ] Leaving safepoint region
[2022-06-13T02:54:49.124+0000][1][safepoint    ] Total time for which application threads were stopped: 0.0003904 seconds, Stopping threads took: 0.0001642 seconds
[2022-06-13T02:54:50.124+0000][1][safepoint    ] Application time: 1.0001485 seconds
[2022-06-13T02:54:50.124+0000][1][safepoint    ] Entering safepoint region: Cleanup
[2022-06-13T02:54:50.124+0000][1][safepoint    ] Leaving safepoint region
[2022-06-13T02:54:50.125+0000][1][safepoint    ] Total time for which application threads were stopped: 0.0003856 seconds, Stopping threads took: 0.0001724 seconds
[2022-06-13T02:54:51.125+0000][1][safepoint    ] Application time: 1.0001263 seconds
[2022-06-13T02:54:51.125+0000][1][safepoint    ] Entering safepoint region: Cleanup
[2022-06-13T02:54:51.126+0000][1][safepoint    ] Leaving safepoint region
[2022-06-13T02:54:51.126+0000][1][safepoint    ] Total time for which application threads were stopped: 0.0006085 seconds, Stopping threads took: 0.0002514 seconds
[2022-06-13T02:54:52.126+0000][1][safepoint    ] Application time: 1.0001223 seconds
[2022-06-13T02:54:52.126+0000][1][safepoint    ] Entering safepoint region: Cleanup
[2022-06-13T02:54:52.127+0000][1][safepoint    ] Leaving safepoint region
[2022-06-13T02:54:52.127+0000][1][safepoint    ] Total time for which application threads were stopped: 0.0003055 seconds, Stopping threads took: 0.0001155 seconds
[2022-06-13T02:54:53.127+0000][1][safepoint    ] Application time: 1.0001152 seconds
[2022-06-13T02:54:53.127+0000][1][safepoint    ] Entering safepoint region: Cleanup
[2022-06-13T02:54:53.128+0000][1][safepoint    ] Leaving safepoint region
[2022-06-13T02:54:53.128+0000][1][safepoint    ] Total time for which application threads were stopped: 0.0007963 seconds, Stopping threads took: 0.0003200 seconds
[2022-06-13T02:54:54.129+0000][1][safepoint    ] Application time: 1.0001633 seconds
[2022-06-13T02:54:54.129+0000][1][safepoint    ] Entering safepoint region: Cleanup
[2022-06-13T02:54:54.130+0000][1][safepoint    ] Leaving safepoint region
[2022-06-13T02:54:54.130+0000][1][safepoint    ] Total time for which application threads were stopped: 0.0006201 seconds, Stopping threads took: 0.0002771 seconds
[2022-06-13T02:54:55.130+0000][1][safepoint    ] Application time: 1.0002383 seconds
[2022-06-13T02:54:55.131+0000][1][safepoint    ] Entering safepoint region: Cleanup
[2022-06-13T02:54:55.132+0000][1][safepoint    ] Leaving safepoint region
[2022-06-13T02:54:55.132+0000][1][safepoint    ] Total time for which application threads were stopped: 0.0012128 seconds, Stopping threads took: 0.0004531 seconds
[2022-06-13T02:54:56.133+0000][1][safepoint    ] Application time: 1.0001218 seconds
[2022-06-13T02:54:56.133+0000][1][safepoint    ] Entering safepoint region: Cleanup
[2022-06-13T02:54:56.134+0000][1][safepoint    ] Leaving safepoint region
[2022-06-13T02:54:56.134+0000][1][safepoint    ] Total time for which application threads were stopped: 0.0008138 seconds, Stopping threads took: 0.0004554 seconds
[2022-06-13T02:54:57.134+0000][1][safepoint    ] Application time: 1.0002416 seconds
[2022-06-13T02:54:57.135+0000][1][safepoint    ] Entering safepoint region: Cleanup
[2022-06-13T02:54:57.136+0000][1][safepoint    ] Leaving safepoint region
[2022-06-13T02:54:57.136+0000][1][safepoint    ] Total time for which application threads were stopped: 0.0009620 seconds, Stopping threads took: 0.0006728 seconds
[2022-06-13T02:54:58.137+0000][1][safepoint    ] Application time: 1.0001850 seconds
[2022-06-13T02:54:58.137+0000][1][safepoint    ] Entering safepoint region: Cleanup
[2022-06-13T02:54:58.138+0000][1][safepoint    ] Leaving safepoint region
[2022-06-13T02:54:58.138+0000][1][safepoint    ] Total time for which application threads were stopped: 0.0009819 seconds, Stopping threads took: 0.0005048 seconds
[2022-06-13T02:54:59.139+0000][1][safepoint    ] Application time: 1.0002489 seconds
[2022-06-13T02:54:59.139+0000][1][safepoint    ] Entering safepoint region: Cleanup
[2022-06-13T02:54:59.140+0000][1][safepoint    ] Leaving safepoint region
[2022-06-13T02:54:59.140+0000][1][safepoint    ] Total time for which application threads were stopped: 0.0008352 seconds, Stopping threads took: 0.0003571 seconds
[2022-06-13T02:55:00.141+0000][1][safepoint    ] Application time: 1.0002000 seconds
[2022-06-13T02:55:00.142+0000][1][safepoint    ] Entering safepoint region: Cleanup
[2022-06-13T02:55:00.142+0000][1][safepoint    ] Leaving safepoint region
[2022-06-13T02:55:00.143+0000][1][safepoint    ] Total time for which application threads were stopped: 0.0009776 seconds, Stopping threads took: 0.0004699 seconds
[2022-06-13T02:55:01.143+0000][1][safepoint    ] Application time: 1.0001755 seconds
[2022-06-13T02:55:01.144+0000][1][safepoint    ] Entering safepoint region: Cleanup
[2022-06-13T02:55:01.144+0000][1][safepoint    ] Leaving safepoint region
[2022-06-13T02:55:01.144+0000][1][safepoint    ] Total time for which application threads were stopped: 0.0007744 seconds, Stopping threads took: 0.0003139 seconds
[2022-06-13T02:55:02.145+0000][1][safepoint    ] Application time: 1.0001933 seconds
[2022-06-13T02:55:02.146+0000][1][safepoint    ] Entering safepoint region: Cleanup
[2022-06-13T02:55:02.147+0000][1][safepoint    ] Leaving safepoint region
[2022-06-13T02:55:02.147+0000][1][safepoint    ] Total time for which application threads were stopped: 0.0015427 seconds, Stopping threads took: 0.0006860 seconds
[2022-06-13T02:55:03.148+0000][1][safepoint    ] Application time: 1.0002535 seconds
[2022-06-13T02:55:03.149+0000][1][safepoint    ] Entering safepoint region: Cleanup
[2022-06-13T02:55:03.149+0000][1][safepoint    ] Leaving safepoint region
[2022-06-13T02:55:03.149+0000][1][safepoint    ] Total time for which application threads were stopped: 0.0005936 seconds, Stopping threads took: 0.0002975 seconds
[2022-06-13T02:55:04.149+0000][1][safepoint    ] Application time: 1.0001050 seconds
[2022-06-13T02:55:04.150+0000][1][safepoint    ] Entering safepoint region: Cleanup
[2022-06-13T02:55:04.150+0000][1][safepoint    ] Leaving safepoint region
[2022-06-13T02:55:04.150+0000][1][safepoint    ] Total time for which application threads were stopped: 0.0005763 seconds, Stopping threads took: 0.0002422 seconds
[2022-06-13T02:55:05.151+0000][1][safepoint    ] Application time: 1.0002138 seconds
[2022-06-13T02:55:05.151+0000][1][safepoint    ] Entering safepoint region: Cleanup
[2022-06-13T02:55:05.152+0000][1][safepoint    ] Leaving safepoint region
[2022-06-13T02:55:05.152+0000][1][safepoint    ] Total time for which application threads were stopped: 0.0006552 seconds, Stopping threads took: 0.0002502 seconds
[2022-06-13T02:55:06.152+0000][1][safepoint    ] Application time: 1.0002361 seconds
[2022-06-13T02:55:06.153+0000][1][safepoint    ] Entering safepoint region: Cleanup
[2022-06-13T02:55:06.155+0000][1][safepoint    ] Leaving safepoint region
[2022-06-13T02:55:06.155+0000][1][safepoint    ] Total time for which application threads were stopped: 0.0016666 seconds, Stopping threads took: 0.0010351 seconds
[2022-06-13T02:55:07.156+0000][1][safepoint    ] Application time: 1.0002772 seconds
[2022-06-13T02:55:07.156+0000][1][safepoint    ] Entering safepoint region: Cleanup
[2022-06-13T02:55:07.157+0000][1][safepoint    ] Leaving safepoint region
[2022-06-13T02:55:07.157+0000][1][safepoint    ] Total time for which application threads were stopped: 0.0008575 seconds, Stopping threads took: 0.0004022 seconds
[2022-06-13T02:55:08.158+0000][1][safepoint    ] Application time: 1.0001551 seconds
[2022-06-13T02:55:08.158+0000][1][safepoint    ] Entering safepoint region: Cleanup
[2022-06-13T02:55:08.158+0000][1][safepoint    ] Leaving safepoint region
[2022-06-13T02:55:08.158+0000][1][safepoint    ] Total time for which application threads were stopped: 0.0003281 seconds, Stopping threads took: 0.0001533 seconds
[2022-06-13T02:55:09.159+0000][1][safepoint    ] Application time: 1.0001357 seconds
[2022-06-13T02:55:09.159+0000][1][safepoint    ] Entering safepoint region: Cleanup
[2022-06-13T02:55:09.159+0000][1][safepoint    ] Leaving safepoint region
[2022-06-13T02:55:09.159+0000][1][safepoint    ] Total time for which application threads were stopped: 0.0004851 seconds, Stopping threads took: 0.0002117 seconds
[2022-06-13T02:55:10.160+0000][1][safepoint    ] Application time: 1.0001316 seconds
[2022-06-13T02:55:10.160+0000][1][safepoint    ] Entering safepoint region: Cleanup
[2022-06-13T02:55:10.160+0000][1][safepoint    ] Leaving safepoint region
[2022-06-13T02:55:10.160+0000][1][safepoint    ] Total time for which application threads were stopped: 0.0003886 seconds, Stopping threads took: 0.0001574 seconds
[2022-06-13T02:55:11.161+0000][1][safepoint    ] Application time: 1.0001746 seconds
[2022-06-13T02:55:11.161+0000][1][safepoint    ] Entering safepoint region: Cleanup
[2022-06-13T02:55:11.162+0000][1][safepoint    ] Leaving safepoint region
[2022-06-13T02:55:11.162+0000][1][safepoint    ] Total time for which application threads were stopped: 0.0011904 seconds, Stopping threads took: 0.0006686 seconds
[2022-06-13T02:55:12.163+0000][1][safepoint    ] Application time: 1.0001604 seconds
[2022-06-13T02:55:12.164+0000][1][safepoint    ] Entering safepoint region: Cleanup
[2022-06-13T02:55:12.164+0000][1][safepoint    ] Leaving safepoint region
[2022-06-13T02:55:12.165+0000][1][safepoint    ] Total time for which application threads were stopped: 0.0011461 seconds, Stopping threads took: 0.0005371 seconds
[2022-06-13T02:55:13.165+0000][1][safepoint    ] Application time: 1.0002070 seconds
[2022-06-13T02:55:13.166+0000][1][safepoint    ] Entering safepoint region: Cleanup
[2022-06-13T02:55:13.167+0000][1][safepoint    ] Leaving safepoint region
[2022-06-13T02:55:13.167+0000][1][safepoint    ] Total time for which application threads were stopped: 0.0014169 seconds, Stopping threads took: 0.0005719 seconds
[2022-06-13T02:55:14.168+0000][1][safepoint    ] Application time: 1.0002388 seconds
[2022-06-13T02:55:14.169+0000][1][safepoint    ] Entering safepoint region: Cleanup
[2022-06-13T02:55:14.169+0000][1][safepoint    ] Leaving safepoint region
[2022-06-13T02:55:14.170+0000][1][safepoint    ] Total time for which application threads were stopped: 0.0009912 seconds, Stopping threads took: 0.0004913 seconds
[2022-06-13T02:55:15.170+0000][1][safepoint    ] Application time: 1.0001869 seconds
[2022-06-13T02:55:15.171+0000][1][safepoint    ] Entering safepoint region: Cleanup
[2022-06-13T02:55:15.172+0000][1][safepoint    ] Leaving safepoint region
[2022-06-13T02:55:15.172+0000][1][safepoint    ] Total time for which application threads were stopped: 0.0010991 seconds, Stopping threads took: 0.0005063 seconds
[2022-06-13T02:55:16.173+0000][1][safepoint    ] Application time: 1.0003024 seconds
[2022-06-13T02:55:16.173+0000][1][safepoint    ] Entering safepoint region: Cleanup
[2022-06-13T02:55:16.174+0000][1][safepoint    ] Leaving safepoint region
[2022-06-13T02:55:16.174+0000][1][safepoint    ] Total time for which application threads were stopped: 0.0010880 seconds, Stopping threads took: 0.0005407 seconds
[2022-06-13T02:55:17.175+0000][1][safepoint    ] Application time: 1.0003194 seconds
[2022-06-13T02:55:17.176+0000][1][safepoint    ] Entering safepoint region: Cleanup
[2022-06-13T02:55:17.176+0000][1][safepoint    ] Leaving safepoint region
[2022-06-13T02:55:17.177+0000][1][safepoint    ] Total time for which application threads were stopped: 0.0013713 seconds, Stopping threads took: 0.0006285 seconds
[2022-06-13T02:55:18.178+0000][1][safepoint    ] Application time: 1.0002354 seconds
[2022-06-13T02:55:18.179+0000][1][safepoint    ] Entering safepoint region: Cleanup
[2022-06-13T02:55:18.180+0000][1][safepoint    ] Leaving safepoint region
[2022-06-13T02:55:18.180+0000][1][safepoint    ] Total time for which application threads were stopped: 0.0013782 seconds, Stopping threads took: 0.0006586 seconds
[2022-06-13T02:55:19.181+0000][1][safepoint    ] Application time: 1.0002673 seconds
[2022-06-13T02:55:19.182+0000][1][safepoint    ] Entering safepoint region: Cleanup
[2022-06-13T02:55:19.183+0000][1][safepoint    ] Leaving safepoint region
[2022-06-13T02:55:19.183+0000][1][safepoint    ] Total time for which application threads were stopped: 0.0013727 seconds, Stopping threads took: 0.0006121 seconds
[2022-06-13T02:55:20.184+0000][1][safepoint    ] Application time: 1.0002800 seconds
[2022-06-13T02:55:20.185+0000][1][safepoint    ] Entering safepoint region: Cleanup
[2022-06-13T02:55:20.185+0000][1][safepoint    ] Leaving safepoint region
[2022-06-13T02:55:20.186+0000][1][safepoint    ] Total time for which application threads were stopped: 0.0011971 seconds, Stopping threads took: 0.0005708 seconds
[2022-06-13T02:55:21.186+0000][1][safepoint    ] Application time: 1.0003102 seconds
[2022-06-13T02:55:21.187+0000][1][safepoint    ] Entering safepoint region: Cleanup
[2022-06-13T02:55:21.187+0000][1][safepoint    ] Leaving safepoint region
[2022-06-13T02:55:21.187+0000][1][safepoint    ] Total time for which application threads were stopped: 0.0006669 seconds, Stopping threads took: 0.0002730 seconds
[2022-06-13T02:55:22.188+0000][1][safepoint    ] Application time: 1.0002478 seconds
[2022-06-13T02:55:22.189+0000][1][safepoint    ] Entering safepoint region: Cleanup
[2022-06-13T02:55:22.190+0000][1][safepoint    ] Leaving safepoint region
[2022-06-13T02:55:22.190+0000][1][safepoint    ] Total time for which application threads were stopped: 0.0014992 seconds, Stopping threads took: 0.0007775 seconds
[2022-06-13T02:55:23.191+0000][1][safepoint    ] Application time: 1.0001272 seconds
[2022-06-13T02:55:23.191+0000][1][safepoint    ] Entering safepoint region: Cleanup
[2022-06-13T02:55:23.192+0000][1][safepoint    ] Leaving safepoint region
[2022-06-13T02:55:23.192+0000][1][safepoint    ] Total time for which application threads were stopped: 0.0007842 seconds, Stopping threads took: 0.0003521 seconds
[2022-06-13T02:55:24.193+0000][1][safepoint    ] Application time: 1.0002119 seconds
[2022-06-13T02:55:24.194+0000][1][safepoint    ] Entering safepoint region: Cleanup
[2022-06-13T02:55:24.194+0000][1][safepoint    ] Leaving safepoint region
[2022-06-13T02:55:24.195+0000][1][safepoint    ] Total time for which application threads were stopped: 0.0014942 seconds, Stopping threads took: 0.0005808 seconds
[2022-06-13T02:55:25.196+0000][1][safepoint    ] Application time: 1.0003171 seconds
[2022-06-13T02:55:25.196+0000][1][safepoint    ] Entering safepoint region: Cleanup
[2022-06-13T02:55:25.197+0000][1][safepoint    ] Leaving safepoint region
[2022-06-13T02:55:25.197+0000][1][safepoint    ] Total time for which application threads were stopped: 0.0006638 seconds, Stopping threads took: 0.0003916 seconds
[2022-06-13T02:55:26.197+0000][1][safepoint    ] Application time: 1.0001495 seconds
[2022-06-13T02:55:26.198+0000][1][safepoint    ] Entering safepoint region: Cleanup
[2022-06-13T02:55:26.199+0000][1][safepoint    ] Leaving safepoint region
[2022-06-13T02:55:26.199+0000][1][safepoint    ] Total time for which application threads were stopped: 0.0012524 seconds, Stopping threads took: 0.0007007 seconds
[2022-06-13T02:55:27.199+0000][1][safepoint    ] Application time: 1.0002026 seconds
[2022-06-13T02:55:27.200+0000][1][safepoint    ] Entering safepoint region: Cleanup
[2022-06-13T02:55:27.201+0000][1][safepoint    ] Leaving safepoint region
[2022-06-13T02:55:27.201+0000][1][safepoint    ] Total time for which application threads were stopped: 0.0013204 seconds, Stopping threads took: 0.0007683 seconds
[2022-06-13T02:55:28.202+0000][1][safepoint    ] Application time: 1.0001834 seconds
[2022-06-13T02:55:28.203+0000][1][safepoint    ] Entering safepoint region: Cleanup
[2022-06-13T02:55:28.203+0000][1][safepoint    ] Leaving safepoint region
[2022-06-13T02:55:28.203+0000][1][safepoint    ] Total time for which application threads were stopped: 0.0008489 seconds, Stopping threads took: 0.0002917 seconds
[2022-06-13T02:55:29.077+0000][1][safepoint    ] Application time: 0.8728168 seconds
[2022-06-13T02:55:29.077+0000][1][safepoint    ] Entering safepoint region: RevokeBias
[2022-06-13T02:55:29.077+0000][1][safepoint    ] Leaving safepoint region
[2022-06-13T02:55:29.077+0000][1][safepoint    ] Total time for which application threads were stopped: 0.0005928 seconds, Stopping threads took: 0.0002393 seconds
[2022-06-13T02:55:30.078+0000][1][safepoint    ] Application time: 1.0002100 seconds
[2022-06-13T02:55:30.078+0000][1][safepoint    ] Entering safepoint region: Cleanup
[2022-06-13T02:55:30.079+0000][1][safepoint    ] Leaving safepoint region
[2022-06-13T02:55:30.079+0000][1][safepoint    ] Total time for which application threads were stopped: 0.0006494 seconds, Stopping threads took: 0.0002816 seconds
[2022-06-13T02:55:31.079+0000][1][safepoint    ] Application time: 1.0001181 seconds
[2022-06-13T02:55:31.080+0000][1][safepoint    ] Entering safepoint region: Cleanup
[2022-06-13T02:55:31.080+0000][1][safepoint    ] Leaving safepoint region
[2022-06-13T02:55:31.080+0000][1][safepoint    ] Total time for which application threads were stopped: 0.0006943 seconds, Stopping threads took: 0.0003812 seconds
[2022-06-13T02:55:32.081+0000][1][safepoint    ] Application time: 1.0002408 seconds
[2022-06-13T02:55:32.081+0000][1][safepoint    ] Entering safepoint region: Cleanup
[2022-06-13T02:55:32.082+0000][1][safepoint    ] Leaving safepoint region
[2022-06-13T02:55:32.082+0000][1][safepoint    ] Total time for which application threads were stopped: 0.0004173 seconds, Stopping threads took: 0.0001455 seconds
[2022-06-13T02:55:33.082+0000][1][safepoint    ] Application time: 1.0001530 seconds
[2022-06-13T02:55:33.082+0000][1][safepoint    ] Entering safepoint region: Cleanup
[2022-06-13T02:55:33.083+0000][1][safepoint    ] Leaving safepoint region
[2022-06-13T02:55:33.083+0000][1][safepoint    ] Total time for which application threads were stopped: 0.0009519 seconds, Stopping threads took: 0.0005071 seconds
[2022-06-13T02:55:34.084+0000][1][safepoint    ] Application time: 1.0003444 seconds
[2022-06-13T02:55:34.084+0000][1][safepoint    ] Entering safepoint region: Cleanup
[2022-06-13T02:55:34.085+0000][1][safepoint    ] Leaving safepoint region
[2022-06-13T02:55:34.085+0000][1][safepoint    ] Total time for which application threads were stopped: 0.0005875 seconds, Stopping threads took: 0.0002610 seconds
[2022-06-13T02:55:35.085+0000][1][safepoint    ] Application time: 1.0001408 seconds
[2022-06-13T02:55:35.086+0000][1][safepoint    ] Entering safepoint region: Cleanup
[2022-06-13T02:55:35.086+0000][1][safepoint    ] Leaving safepoint region
[2022-06-13T02:55:35.087+0000][1][safepoint    ] Total time for which application threads were stopped: 0.0009507 seconds, Stopping threads took: 0.0003968 seconds
[2022-06-13T02:55:36.088+0000][1][safepoint    ] Application time: 1.0002309 seconds
[2022-06-13T02:55:36.088+0000][1][safepoint    ] Entering safepoint region: Cleanup
[2022-06-13T02:55:36.089+0000][1][safepoint    ] Leaving safepoint region
[2022-06-13T02:55:36.089+0000][1][safepoint    ] Total time for which application threads were stopped: 0.0009620 seconds, Stopping threads took: 0.0004680 seconds
[2022-06-13T02:55:37.090+0000][1][safepoint    ] Application time: 1.0001300 seconds
[2022-06-13T02:55:37.090+0000][1][safepoint    ] Entering safepoint region: Cleanup
[2022-06-13T02:55:37.091+0000][1][safepoint    ] Leaving safepoint region
[2022-06-13T02:55:37.091+0000][1][safepoint    ] Total time for which application threads were stopped: 0.0009971 seconds, Stopping threads took: 0.0004821 seconds
[2022-06-13T02:55:38.092+0000][1][safepoint    ] Application time: 1.0006116 seconds
[2022-06-13T02:55:38.092+0000][1][safepoint    ] Entering safepoint region: Cleanup
[2022-06-13T02:55:38.093+0000][1][safepoint    ] Leaving safepoint region
[2022-06-13T02:55:38.093+0000][1][safepoint    ] Total time for which application threads were stopped: 0.0007532 seconds, Stopping threads took: 0.0001919 seconds
[2022-06-13T02:55:39.094+0000][1][safepoint    ] Application time: 1.0001381 seconds
[2022-06-13T02:55:39.094+0000][1][safepoint    ] Entering safepoint region: Cleanup
[2022-06-13T02:55:39.095+0000][1][safepoint    ] Leaving safepoint region
[2022-06-13T02:55:39.095+0000][1][safepoint    ] Total time for which application threads were stopped: 0.0008558 seconds, Stopping threads took: 0.0003326 seconds
[2022-06-13T02:55:40.096+0000][1][safepoint    ] Application time: 1.0001914 seconds
[2022-06-13T02:55:40.096+0000][1][safepoint    ] Entering safepoint region: Cleanup
[2022-06-13T02:55:40.096+0000][1][safepoint    ] Leaving safepoint region
[2022-06-13T02:55:40.097+0000][1][safepoint    ] Total time for which application threads were stopped: 0.0007428 seconds, Stopping threads took: 0.0003418 seconds
[2022-06-13T02:55:42.097+0000][1][safepoint    ] Application time: 2.0003630 seconds
[2022-06-13T02:55:42.098+0000][1][safepoint    ] Entering safepoint region: Cleanup
[2022-06-13T02:55:42.098+0000][1][safepoint    ] Leaving safepoint region
[2022-06-13T02:55:42.098+0000][1][safepoint    ] Total time for which application threads were stopped: 0.0006813 seconds, Stopping threads took: 0.0002350 seconds
[2022-06-13T02:55:49.845+0000][1][safepoint    ] Application time: 7.7465036 seconds
[2022-06-13T02:55:49.845+0000][1][safepoint    ] Entering safepoint region: GenCollectForAllocation
[2022-06-13T02:55:49.846+0000][1][gc,start     ] GC(22) Pause Young (Allocation Failure)
[2022-06-13T02:55:49.846+0000][1][gc,task      ] GC(22) Using 5 workers of 13 for evacuation
[2022-06-13T02:55:49.851+0000][1][gc,age       ] GC(22) Desired survivor size 4456448 bytes, new threshold 2 (max threshold 6)
[2022-06-13T02:55:49.852+0000][1][gc,age       ] GC(22) Age table with threshold 2 (max threshold 6)
[2022-06-13T02:55:49.852+0000][1][gc,age       ] GC(22) - age   1:    1393296 bytes,    1393296 total
[2022-06-13T02:55:49.852+0000][1][gc,age       ] GC(22) - age   2:    3650056 bytes,    5043352 total
[2022-06-13T02:55:49.853+0000][1][gc,heap      ] GC(22) ParNew: 76761K->7039K(78656K)
[2022-06-13T02:55:49.853+0000][1][gc,heap      ] GC(22) CMS: 62570K->64032K(174784K)
[2022-06-13T02:55:49.853+0000][1][gc,metaspace ] GC(22) Metaspace: 64714K->64714K(1107968K)
[2022-06-13T02:55:49.854+0000][1][gc           ] GC(22) Pause Young (Allocation Failure) 136M->69M(247M) 7.985ms
[2022-06-13T02:55:49.854+0000][1][gc,cpu       ] GC(22) User=0.02s Sys=0.00s Real=0.01s
[2022-06-13T02:55:49.854+0000][1][safepoint    ] Leaving safepoint region
[2022-06-13T02:55:49.855+0000][1][safepoint    ] Total time for which application threads were stopped: 0.0092290 seconds, Stopping threads took: 0.0003149 seconds
[2022-06-13T02:55:51.855+0000][1][safepoint    ] Application time: 2.0003861 seconds
[2022-06-13T02:55:51.856+0000][1][safepoint    ] Entering safepoint region: Cleanup
[2022-06-13T02:55:51.857+0000][1][safepoint    ] Leaving safepoint region
[2022-06-13T02:55:51.857+0000][1][safepoint    ] Total time for which application threads were stopped: 0.0011690 seconds, Stopping threads took: 0.0005516 seconds
[2022-06-13T02:55:56.859+0000][1][safepoint    ] Application time: 5.0008754 seconds
[2022-06-13T02:55:56.859+0000][1][safepoint    ] Entering safepoint region: Cleanup
[2022-06-13T02:55:56.860+0000][1][safepoint    ] Leaving safepoint region
[2022-06-13T02:55:56.860+0000][1][safepoint    ] Total time for which application threads were stopped: 0.0008804 seconds, Stopping threads took: 0.0004694 seconds
[2022-06-13T02:55:58.861+0000][1][safepoint    ] Application time: 2.0004663 seconds
[2022-06-13T02:55:58.861+0000][1][safepoint    ] Entering safepoint region: Cleanup
[2022-06-13T02:55:58.862+0000][1][safepoint    ] Leaving safepoint region
[2022-06-13T02:55:58.862+0000][1][safepoint    ] Total time for which application threads were stopped: 0.0006775 seconds, Stopping threads took: 0.0003579 seconds
[2022-06-13T02:56:00.863+0000][1][safepoint    ] Application time: 2.0004192 seconds
[2022-06-13T02:56:00.863+0000][1][safepoint    ] Entering safepoint region: Cleanup
[2022-06-13T02:56:00.864+0000][1][safepoint    ] Leaving safepoint region
[2022-06-13T02:56:00.864+0000][1][safepoint    ] Total time for which application threads were stopped: 0.0010590 seconds, Stopping threads took: 0.0004735 seconds
[2022-06-13T02:56:01.865+0000][1][safepoint    ] Application time: 1.0002697 seconds
[2022-06-13T02:56:01.865+0000][1][safepoint    ] Entering safepoint region: Cleanup
[2022-06-13T02:56:01.866+0000][1][safepoint    ] Leaving safepoint region
[2022-06-13T02:56:01.866+0000][1][safepoint    ] Total time for which application threads were stopped: 0.0008462 seconds, Stopping threads took: 0.0003935 seconds
[2022-06-13T02:56:06.867+0000][1][safepoint    ] Application time: 5.0008480 seconds
[2022-06-13T02:56:06.868+0000][1][safepoint    ] Entering safepoint region: Cleanup
[2022-06-13T02:56:06.869+0000][1][safepoint    ] Leaving safepoint region
[2022-06-13T02:56:06.869+0000][1][safepoint    ] Total time for which application threads were stopped: 0.0009096 seconds, Stopping threads took: 0.0003462 seconds
[2022-06-13T02:56:07.870+0000][1][safepoint    ] Application time: 1.0002646 seconds
[2022-06-13T02:56:07.870+0000][1][safepoint    ] Entering safepoint region: Cleanup
[2022-06-13T02:56:07.871+0000][1][safepoint    ] Leaving safepoint region
[2022-06-13T02:56:07.872+0000][1][safepoint    ] Total time for which application threads were stopped: 0.0017356 seconds, Stopping threads took: 0.0009106 seconds
[2022-06-13T02:56:09.873+0000][1][safepoint    ] Application time: 2.0005641 seconds
[2022-06-13T02:56:09.874+0000][1][safepoint    ] Entering safepoint region: Cleanup
[2022-06-13T02:56:09.874+0000][1][safepoint    ] Leaving safepoint region
[2022-06-13T02:56:09.875+0000][1][safepoint    ] Total time for which application threads were stopped: 0.0012335 seconds, Stopping threads took: 0.0006374 seconds
[2022-06-13T02:56:10.875+0000][1][safepoint    ] Application time: 1.0002081 seconds
[2022-06-13T02:56:10.876+0000][1][safepoint    ] Entering safepoint region: Cleanup
[2022-06-13T02:56:10.876+0000][1][safepoint    ] Leaving safepoint region
[2022-06-13T02:56:10.876+0000][1][safepoint    ] Total time for which application threads were stopped: 0.0005100 seconds, Stopping threads took: 0.0002304 seconds
[2022-06-13T02:56:13.877+0000][1][safepoint    ] Application time: 3.0005098 seconds
[2022-06-13T02:56:13.877+0000][1][safepoint    ] Entering safepoint region: Cleanup
[2022-06-13T02:56:13.878+0000][1][safepoint    ] Leaving safepoint region
[2022-06-13T02:56:13.878+0000][1][safepoint    ] Total time for which application threads were stopped: 0.0005197 seconds, Stopping threads took: 0.0002558 seconds
[2022-06-13T02:56:19.879+0000][1][safepoint    ] Application time: 6.0011844 seconds
[2022-06-13T02:56:19.880+0000][1][safepoint    ] Entering safepoint region: Cleanup
[2022-06-13T02:56:19.880+0000][1][safepoint    ] Leaving safepoint region
[2022-06-13T02:56:19.880+0000][1][safepoint    ] Total time for which application threads were stopped: 0.0006978 seconds, Stopping threads took: 0.0002753 seconds
[2022-06-13T02:56:22.881+0000][1][safepoint    ] Application time: 3.0006384 seconds
[2022-06-13T02:56:22.882+0000][1][safepoint    ] Entering safepoint region: Cleanup
[2022-06-13T02:56:22.882+0000][1][safepoint    ] Leaving safepoint region
[2022-06-13T02:56:22.883+0000][1][safepoint    ] Total time for which application threads were stopped: 0.0008082 seconds, Stopping threads took: 0.0003520 seconds
[2022-06-13T02:56:23.883+0000][1][safepoint    ] Application time: 1.0002158 seconds
[2022-06-13T02:56:23.883+0000][1][safepoint    ] Entering safepoint region: Cleanup
[2022-06-13T02:56:23.884+0000][1][safepoint    ] Leaving safepoint region
[2022-06-13T02:56:23.884+0000][1][safepoint    ] Total time for which application threads were stopped: 0.0006654 seconds, Stopping threads took: 0.0002856 seconds
[2022-06-13T02:56:24.884+0000][1][safepoint    ] Application time: 1.0001025 seconds
[2022-06-13T02:56:24.885+0000][1][safepoint    ] Entering safepoint region: Cleanup
[2022-06-13T02:56:24.885+0000][1][safepoint    ] Leaving safepoint region
[2022-06-13T02:56:24.885+0000][1][safepoint    ] Total time for which application threads were stopped: 0.0006558 seconds, Stopping threads took: 0.0002898 seconds
[2022-06-13T02:56:25.886+0000][1][safepoint    ] Application time: 1.0001030 seconds
[2022-06-13T02:56:25.886+0000][1][safepoint    ] Entering safepoint region: Cleanup
[2022-06-13T02:56:25.887+0000][1][safepoint    ] Leaving safepoint region
[2022-06-13T02:56:25.887+0000][1][safepoint    ] Total time for which application threads were stopped: 0.0007759 seconds, Stopping threads took: 0.0003475 seconds
[2022-06-13T02:56:26.888+0000][1][safepoint    ] Application time: 1.0001070 seconds
[2022-06-13T02:56:26.888+0000][1][safepoint    ] Entering safepoint region: Cleanup
[2022-06-13T02:56:26.888+0000][1][safepoint    ] Leaving safepoint region
[2022-06-13T02:56:26.888+0000][1][safepoint    ] Total time for which application threads were stopped: 0.0004729 seconds, Stopping threads took: 0.0001716 seconds
[2022-06-13T02:56:28.889+0000][1][safepoint    ] Application time: 2.0003817 seconds
[2022-06-13T02:56:28.889+0000][1][safepoint    ] Entering safepoint region: Cleanup
[2022-06-13T02:56:28.890+0000][1][safepoint    ] Leaving safepoint region
[2022-06-13T02:56:28.890+0000][1][safepoint    ] Total time for which application threads were stopped: 0.0007616 seconds, Stopping threads took: 0.0003760 seconds
[2022-06-13T02:56:30.891+0000][1][safepoint    ] Application time: 2.0004644 seconds
[2022-06-13T02:56:30.892+0000][1][safepoint    ] Entering safepoint region: Cleanup
[2022-06-13T02:56:30.892+0000][1][safepoint    ] Leaving safepoint region
[2022-06-13T02:56:30.892+0000][1][safepoint    ] Total time for which application threads were stopped: 0.0009642 seconds, Stopping threads took: 0.0005008 seconds
[2022-06-13T02:56:34.893+0000][1][safepoint    ] Application time: 4.0006177 seconds
[2022-06-13T02:56:34.894+0000][1][safepoint    ] Entering safepoint region: Cleanup
[2022-06-13T02:56:34.894+0000][1][safepoint    ] Leaving safepoint region
[2022-06-13T02:56:34.895+0000][1][safepoint    ] Total time for which application threads were stopped: 0.0007669 seconds, Stopping threads took: 0.0003975 seconds
[2022-06-13T02:56:36.895+0000][1][safepoint    ] Application time: 2.0002870 seconds
[2022-06-13T02:56:36.896+0000][1][safepoint    ] Entering safepoint region: Cleanup
[2022-06-13T02:56:36.896+0000][1][safepoint    ] Leaving safepoint region
[2022-06-13T02:56:36.897+0000][1][safepoint    ] Total time for which application threads were stopped: 0.0008230 seconds, Stopping threads took: 0.0003388 seconds
[2022-06-13T02:56:37.897+0000][1][safepoint    ] Application time: 1.0001774 seconds
[2022-06-13T02:56:37.897+0000][1][safepoint    ] Entering safepoint region: Cleanup
[2022-06-13T02:56:37.898+0000][1][safepoint    ] Leaving safepoint region
[2022-06-13T02:56:37.898+0000][1][safepoint    ] Total time for which application threads were stopped: 0.0008146 seconds, Stopping threads took: 0.0002328 seconds
[2022-06-13T02:56:38.899+0000][1][safepoint    ] Application time: 1.0001762 seconds
[2022-06-13T02:56:38.899+0000][1][safepoint    ] Entering safepoint region: Cleanup
[2022-06-13T02:56:38.900+0000][1][safepoint    ] Leaving safepoint region
[2022-06-13T02:56:38.900+0000][1][safepoint    ] Total time for which application threads were stopped: 0.0006822 seconds, Stopping threads took: 0.0003290 seconds
[2022-06-13T02:56:39.900+0000][1][safepoint    ] Application time: 1.0002259 seconds
[2022-06-13T02:56:39.901+0000][1][safepoint    ] Entering safepoint region: Cleanup
[2022-06-13T02:56:39.901+0000][1][safepoint    ] Leaving safepoint region
[2022-06-13T02:56:39.901+0000][1][safepoint    ] Total time for which application threads were stopped: 0.0006020 seconds, Stopping threads took: 0.0002517 seconds
[2022-06-13T02:56:40.902+0000][1][safepoint    ] Application time: 1.0001629 seconds
[2022-06-13T02:56:40.902+0000][1][safepoint    ] Entering safepoint region: Cleanup
[2022-06-13T02:56:40.903+0000][1][safepoint    ] Leaving safepoint region
[2022-06-13T02:56:40.903+0000][1][safepoint    ] Total time for which application threads were stopped: 0.0005440 seconds, Stopping threads took: 0.0002302 seconds
[2022-06-13T02:56:41.903+0000][1][safepoint    ] Application time: 1.0001556 seconds
[2022-06-13T02:56:41.904+0000][1][safepoint    ] Entering safepoint region: Cleanup
[2022-06-13T02:56:41.904+0000][1][safepoint    ] Leaving safepoint region
[2022-06-13T02:56:41.904+0000][1][safepoint    ] Total time for which application threads were stopped: 0.0005450 seconds, Stopping threads took: 0.0003196 seconds
[2022-06-13T02:56:42.905+0000][1][safepoint    ] Application time: 1.0001247 seconds
[2022-06-13T02:56:42.905+0000][1][safepoint    ] Entering safepoint region: Cleanup
[2022-06-13T02:56:42.906+0000][1][safepoint    ] Leaving safepoint region
[2022-06-13T02:56:42.906+0000][1][safepoint    ] Total time for which application threads were stopped: 0.0006247 seconds, Stopping threads took: 0.0003267 seconds
[2022-06-13T02:56:43.906+0000][1][safepoint    ] Application time: 1.0001148 seconds
[2022-06-13T02:56:43.907+0000][1][safepoint    ] Entering safepoint region: Cleanup
[2022-06-13T02:56:43.907+0000][1][safepoint    ] Leaving safepoint region
[2022-06-13T02:56:43.907+0000][1][safepoint    ] Total time for which application threads were stopped: 0.0004201 seconds, Stopping threads took: 0.0001614 seconds
[2022-06-13T02:56:44.907+0000][1][safepoint    ] Application time: 1.0001157 seconds
[2022-06-13T02:56:44.908+0000][1][safepoint    ] Entering safepoint region: Cleanup
[2022-06-13T02:56:44.908+0000][1][safepoint    ] Leaving safepoint region
[2022-06-13T02:56:44.908+0000][1][safepoint    ] Total time for which application threads were stopped: 0.0004610 seconds, Stopping threads took: 0.0001850 seconds
[2022-06-13T02:56:45.908+0000][1][safepoint    ] Application time: 1.0001233 seconds
[2022-06-13T02:56:45.909+0000][1][safepoint    ] Entering safepoint region: Cleanup
[2022-06-13T02:56:45.909+0000][1][safepoint    ] Leaving safepoint region
[2022-06-13T02:56:45.909+0000][1][safepoint    ] Total time for which application threads were stopped: 0.0005467 seconds, Stopping threads took: 0.0002268 seconds
[2022-06-13T02:56:46.909+0000][1][safepoint    ] Application time: 1.0001397 seconds
[2022-06-13T02:56:46.910+0000][1][safepoint    ] Entering safepoint region: Cleanup
[2022-06-13T02:56:46.911+0000][1][safepoint    ] Leaving safepoint region
[2022-06-13T02:56:46.911+0000][1][safepoint    ] Total time for which application threads were stopped: 0.0011722 seconds, Stopping threads took: 0.0007856 seconds
[2022-06-13T02:56:47.912+0000][1][safepoint    ] Application time: 1.0002599 seconds
[2022-06-13T02:56:47.912+0000][1][safepoint    ] Entering safepoint region: Cleanup
[2022-06-13T02:56:47.913+0000][1][safepoint    ] Leaving safepoint region
[2022-06-13T02:56:47.913+0000][1][safepoint    ] Total time for which application threads were stopped: 0.0007694 seconds, Stopping threads took: 0.0003581 seconds
[2022-06-13T02:56:48.913+0000][1][safepoint    ] Application time: 1.0001403 seconds
[2022-06-13T02:56:48.914+0000][1][safepoint    ] Entering safepoint region: Cleanup
[2022-06-13T02:56:48.915+0000][1][safepoint    ] Leaving safepoint region
[2022-06-13T02:56:48.915+0000][1][safepoint    ] Total time for which application threads were stopped: 0.0010917 seconds, Stopping threads took: 0.0004974 seconds
[2022-06-13T02:56:49.916+0000][1][safepoint    ] Application time: 1.0001697 seconds
[2022-06-13T02:56:49.916+0000][1][safepoint    ] Entering safepoint region: Cleanup
[2022-06-13T02:56:49.917+0000][1][safepoint    ] Leaving safepoint region
[2022-06-13T02:56:49.917+0000][1][safepoint    ] Total time for which application threads were stopped: 0.0008471 seconds, Stopping threads took: 0.0005000 seconds
[2022-06-13T02:56:50.918+0000][1][safepoint    ] Application time: 1.0003420 seconds
[2022-06-13T02:56:50.918+0000][1][safepoint    ] Entering safepoint region: Cleanup
[2022-06-13T02:56:50.918+0000][1][safepoint    ] Leaving safepoint region
[2022-06-13T02:56:50.919+0000][1][safepoint    ] Total time for which application threads were stopped: 0.0006688 seconds, Stopping threads took: 0.0002935 seconds
[2022-06-13T02:56:51.919+0000][1][safepoint    ] Application time: 1.0001113 seconds
[2022-06-13T02:56:51.919+0000][1][safepoint    ] Entering safepoint region: Cleanup
[2022-06-13T02:56:51.920+0000][1][safepoint    ] Leaving safepoint region
[2022-06-13T02:56:51.920+0000][1][safepoint    ] Total time for which application threads were stopped: 0.0007925 seconds, Stopping threads took: 0.0003143 seconds
[2022-06-13T02:56:52.921+0000][1][safepoint    ] Application time: 1.0001445 seconds
[2022-06-13T02:56:52.921+0000][1][safepoint    ] Entering safepoint region: Cleanup
[2022-06-13T02:56:52.921+0000][1][safepoint    ] Leaving safepoint region
[2022-06-13T02:56:52.922+0000][1][safepoint    ] Total time for which application threads were stopped: 0.0008857 seconds, Stopping threads took: 0.0003310 seconds
[2022-06-13T02:56:53.923+0000][1][safepoint    ] Application time: 1.0001932 seconds
[2022-06-13T02:56:53.923+0000][1][safepoint    ] Entering safepoint region: Cleanup
[2022-06-13T02:56:53.924+0000][1][safepoint    ] Leaving safepoint region
[2022-06-13T02:56:53.924+0000][1][safepoint    ] Total time for which application threads were stopped: 0.0007341 seconds, Stopping threads took: 0.0003858 seconds
[2022-06-13T02:56:54.925+0000][1][safepoint    ] Application time: 1.0002404 seconds
[2022-06-13T02:56:54.925+0000][1][safepoint    ] Entering safepoint region: Cleanup
[2022-06-13T02:56:54.926+0000][1][safepoint    ] Leaving safepoint region
[2022-06-13T02:56:54.926+0000][1][safepoint    ] Total time for which application threads were stopped: 0.0010431 seconds, Stopping threads took: 0.0005196 seconds
[2022-06-13T02:56:55.927+0000][1][safepoint    ] Application time: 1.0003510 seconds
[2022-06-13T02:56:55.927+0000][1][safepoint    ] Entering safepoint region: Cleanup
[2022-06-13T02:56:55.928+0000][1][safepoint    ] Leaving safepoint region
[2022-06-13T02:56:55.928+0000][1][safepoint    ] Total time for which application threads were stopped: 0.0006447 seconds, Stopping threads took: 0.0002633 seconds
[2022-06-13T02:56:56.928+0000][1][safepoint    ] Application time: 1.0001829 seconds
[2022-06-13T02:56:56.929+0000][1][safepoint    ] Entering safepoint region: Cleanup
[2022-06-13T02:56:56.929+0000][1][safepoint    ] Leaving safepoint region
[2022-06-13T02:56:56.930+0000][1][safepoint    ] Total time for which application threads were stopped: 0.0007906 seconds, Stopping threads took: 0.0002163 seconds
[2022-06-13T02:56:57.930+0000][1][safepoint    ] Application time: 1.0002412 seconds
[2022-06-13T02:56:57.930+0000][1][safepoint    ] Entering safepoint region: Cleanup
[2022-06-13T02:56:57.931+0000][1][safepoint    ] Leaving safepoint region
[2022-06-13T02:56:57.931+0000][1][safepoint    ] Total time for which application threads were stopped: 0.0005795 seconds, Stopping threads took: 0.0002883 seconds
[2022-06-13T02:57:09.934+0000][1][safepoint    ] Application time: 12.0025846 seconds
[2022-06-13T02:57:09.934+0000][1][safepoint    ] Entering safepoint region: Cleanup
[2022-06-13T02:57:09.935+0000][1][safepoint    ] Leaving safepoint region
[2022-06-13T02:57:09.935+0000][1][safepoint    ] Total time for which application threads were stopped: 0.0008118 seconds, Stopping threads took: 0.0003702 seconds
[2022-06-13T02:57:10.936+0000][1][safepoint    ] Application time: 1.0001889 seconds
[2022-06-13T02:57:10.936+0000][1][safepoint    ] Entering safepoint region: Cleanup
[2022-06-13T02:57:10.936+0000][1][safepoint    ] Leaving safepoint region
[2022-06-13T02:57:10.937+0000][1][safepoint    ] Total time for which application threads were stopped: 0.0007496 seconds, Stopping threads took: 0.0002852 seconds
[2022-06-13T02:57:12.938+0000][1][safepoint    ] Application time: 2.0002821 seconds
[2022-06-13T02:57:12.938+0000][1][safepoint    ] Entering safepoint region: Cleanup
[2022-06-13T02:57:12.938+0000][1][safepoint    ] Leaving safepoint region
[2022-06-13T02:57:12.938+0000][1][safepoint    ] Total time for which application threads were stopped: 0.0006447 seconds, Stopping threads took: 0.0003552 seconds
[2022-06-13T02:57:13.939+0000][1][safepoint    ] Application time: 1.0001047 seconds
[2022-06-13T02:57:13.939+0000][1][safepoint    ] Entering safepoint region: Cleanup
[2022-06-13T02:57:13.940+0000][1][safepoint    ] Leaving safepoint region
[2022-06-13T02:57:13.940+0000][1][safepoint    ] Total time for which application threads were stopped: 0.0009412 seconds, Stopping threads took: 0.0005142 seconds
[2022-06-13T02:57:14.941+0000][1][safepoint    ] Application time: 1.0002950 seconds
[2022-06-13T02:57:14.941+0000][1][safepoint    ] Entering safepoint region: Cleanup
[2022-06-13T02:57:14.942+0000][1][safepoint    ] Leaving safepoint region
[2022-06-13T02:57:14.942+0000][1][safepoint    ] Total time for which application threads were stopped: 0.0008978 seconds, Stopping threads took: 0.0004027 seconds
[2022-06-13T02:57:15.943+0000][1][safepoint    ] Application time: 1.0001208 seconds
[2022-06-13T02:57:15.943+0000][1][safepoint    ] Entering safepoint region: Cleanup
[2022-06-13T02:57:15.943+0000][1][safepoint    ] Leaving safepoint region
[2022-06-13T02:57:15.944+0000][1][safepoint    ] Total time for which application threads were stopped: 0.0007094 seconds, Stopping threads took: 0.0003978 seconds
[2022-06-13T02:57:16.945+0000][1][safepoint    ] Application time: 1.0003192 seconds
[2022-06-13T02:57:16.945+0000][1][safepoint    ] Entering safepoint region: Cleanup
[2022-06-13T02:57:16.946+0000][1][safepoint    ] Leaving safepoint region
[2022-06-13T02:57:16.947+0000][1][safepoint    ] Total time for which application threads were stopped: 0.0015695 seconds, Stopping threads took: 0.0007478 seconds
[2022-06-13T02:57:17.948+0000][1][safepoint    ] Application time: 1.0001510 seconds
[2022-06-13T02:57:17.948+0000][1][safepoint    ] Entering safepoint region: Cleanup
[2022-06-13T02:57:17.949+0000][1][safepoint    ] Leaving safepoint region
[2022-06-13T02:57:17.949+0000][1][safepoint    ] Total time for which application threads were stopped: 0.0011206 seconds, Stopping threads took: 0.0004344 seconds
[2022-06-13T02:57:18.950+0000][1][safepoint    ] Application time: 1.0001456 seconds
[2022-06-13T02:57:18.950+0000][1][safepoint    ] Entering safepoint region: Cleanup
[2022-06-13T02:57:18.951+0000][1][safepoint    ] Leaving safepoint region
[2022-06-13T02:57:18.951+0000][1][safepoint    ] Total time for which application threads were stopped: 0.0005942 seconds, Stopping threads took: 0.0002386 seconds
[2022-06-13T02:57:19.951+0000][1][safepoint    ] Application time: 1.0003444 seconds
[2022-06-13T02:57:19.952+0000][1][safepoint    ] Entering safepoint region: Cleanup
[2022-06-13T02:57:19.953+0000][1][safepoint    ] Leaving safepoint region
[2022-06-13T02:57:19.953+0000][1][safepoint    ] Total time for which application threads were stopped: 0.0012583 seconds, Stopping threads took: 0.0005876 seconds
[2022-06-13T02:57:20.954+0000][1][safepoint    ] Application time: 1.0003636 seconds
[2022-06-13T02:57:20.955+0000][1][safepoint    ] Entering safepoint region: Cleanup
[2022-06-13T02:57:20.955+0000][1][safepoint    ] Leaving safepoint region
[2022-06-13T02:57:20.956+0000][1][safepoint    ] Total time for which application threads were stopped: 0.0014214 seconds, Stopping threads took: 0.0006382 seconds
[2022-06-13T02:57:21.957+0000][1][safepoint    ] Application time: 1.0003767 seconds
[2022-06-13T02:57:21.958+0000][1][safepoint    ] Entering safepoint region: Cleanup
[2022-06-13T02:57:21.958+0000][1][safepoint    ] Leaving safepoint region
[2022-06-13T02:57:21.958+0000][1][safepoint    ] Total time for which application threads were stopped: 0.0008057 seconds, Stopping threads took: 0.0003753 seconds
[2022-06-13T02:57:22.959+0000][1][safepoint    ] Application time: 1.0002275 seconds
[2022-06-13T02:57:22.959+0000][1][safepoint    ] Entering safepoint region: Cleanup
[2022-06-13T02:57:22.960+0000][1][safepoint    ] Leaving safepoint region
[2022-06-13T02:57:22.960+0000][1][safepoint    ] Total time for which application threads were stopped: 0.0007357 seconds, Stopping threads took: 0.0003320 seconds
[2022-06-13T02:57:23.961+0000][1][safepoint    ] Application time: 1.0002741 seconds
[2022-06-13T02:57:23.961+0000][1][safepoint    ] Entering safepoint region: Cleanup
[2022-06-13T02:57:23.961+0000][1][safepoint    ] Leaving safepoint region
[2022-06-13T02:57:23.962+0000][1][safepoint    ] Total time for which application threads were stopped: 0.0005065 seconds, Stopping threads took: 0.0001996 seconds
[2022-06-13T02:57:24.962+0000][1][safepoint    ] Application time: 1.0002052 seconds
[2022-06-13T02:57:24.963+0000][1][safepoint    ] Entering safepoint region: Cleanup
[2022-06-13T02:57:24.963+0000][1][safepoint    ] Leaving safepoint region
[2022-06-13T02:57:24.963+0000][1][safepoint    ] Total time for which application threads were stopped: 0.0004348 seconds, Stopping threads took: 0.0001738 seconds
[2022-06-13T02:57:25.964+0000][1][safepoint    ] Application time: 1.0002935 seconds
[2022-06-13T02:57:25.964+0000][1][safepoint    ] Entering safepoint region: Cleanup
[2022-06-13T02:57:25.965+0000][1][safepoint    ] Leaving safepoint region
[2022-06-13T02:57:25.965+0000][1][safepoint    ] Total time for which application threads were stopped: 0.0010013 seconds, Stopping threads took: 0.0004960 seconds
[2022-06-13T02:57:26.966+0000][1][safepoint    ] Application time: 1.0002481 seconds
[2022-06-13T02:57:26.967+0000][1][safepoint    ] Entering safepoint region: Cleanup
[2022-06-13T02:57:26.968+0000][1][safepoint    ] Leaving safepoint region
[2022-06-13T02:57:26.969+0000][1][safepoint    ] Total time for which application threads were stopped: 0.0016982 seconds, Stopping threads took: 0.0007663 seconds
[2022-06-13T02:57:27.969+0000][1][safepoint    ] Application time: 1.0001320 seconds
[2022-06-13T02:57:27.969+0000][1][safepoint    ] Entering safepoint region: Cleanup
[2022-06-13T02:57:27.970+0000][1][safepoint    ] Leaving safepoint region
[2022-06-13T02:57:27.970+0000][1][safepoint    ] Total time for which application threads were stopped: 0.0003292 seconds, Stopping threads took: 0.0001526 seconds
[2022-06-13T02:57:28.970+0000][1][safepoint    ] Application time: 1.0002765 seconds
[2022-06-13T02:57:28.970+0000][1][safepoint    ] Entering safepoint region: Cleanup
[2022-06-13T02:57:28.971+0000][1][safepoint    ] Leaving safepoint region
[2022-06-13T02:57:28.971+0000][1][safepoint    ] Total time for which application threads were stopped: 0.0008310 seconds, Stopping threads took: 0.0003478 seconds
[2022-06-13T02:57:29.972+0000][1][safepoint    ] Application time: 1.0002188 seconds
[2022-06-13T02:57:29.973+0000][1][safepoint    ] Entering safepoint region: Cleanup
[2022-06-13T02:57:29.973+0000][1][safepoint    ] Leaving safepoint region
[2022-06-13T02:57:29.974+0000][1][safepoint    ] Total time for which application threads were stopped: 0.0014156 seconds, Stopping threads took: 0.0006179 seconds
[2022-06-13T02:57:30.976+0000][1][safepoint    ] Application time: 1.0019520 seconds
[2022-06-13T02:57:30.977+0000][1][safepoint    ] Entering safepoint region: Cleanup
[2022-06-13T02:57:30.977+0000][1][safepoint    ] Leaving safepoint region
[2022-06-13T02:57:30.978+0000][1][safepoint    ] Total time for which application threads were stopped: 0.0009219 seconds, Stopping threads took: 0.0004377 seconds
[2022-06-13T02:57:31.978+0000][1][safepoint    ] Application time: 1.0001337 seconds
[2022-06-13T02:57:31.979+0000][1][safepoint    ] Entering safepoint region: Cleanup
[2022-06-13T02:57:31.979+0000][1][safepoint    ] Leaving safepoint region
[2022-06-13T02:57:31.980+0000][1][safepoint    ] Total time for which application threads were stopped: 0.0010468 seconds, Stopping threads took: 0.0005647 seconds
[2022-06-13T02:57:32.980+0000][1][safepoint    ] Application time: 1.0002346 seconds
[2022-06-13T02:57:32.981+0000][1][safepoint    ] Entering safepoint region: Cleanup
[2022-06-13T02:57:32.981+0000][1][safepoint    ] Leaving safepoint region
[2022-06-13T02:57:32.982+0000][1][safepoint    ] Total time for which application threads were stopped: 0.0009365 seconds, Stopping threads took: 0.0004170 seconds
[2022-06-13T02:57:33.982+0000][1][safepoint    ] Application time: 1.0001880 seconds
[2022-06-13T02:57:33.983+0000][1][safepoint    ] Entering safepoint region: Cleanup
[2022-06-13T02:57:33.983+0000][1][safepoint    ] Leaving safepoint region
[2022-06-13T02:57:33.984+0000][1][safepoint    ] Total time for which application threads were stopped: 0.0007252 seconds, Stopping threads took: 0.0003182 seconds
[2022-06-13T02:57:34.984+0000][1][safepoint    ] Application time: 1.0003547 seconds
[2022-06-13T02:57:34.985+0000][1][safepoint    ] Entering safepoint region: Cleanup
[2022-06-13T02:57:34.985+0000][1][safepoint    ] Leaving safepoint region
[2022-06-13T02:57:34.986+0000][1][safepoint    ] Total time for which application threads were stopped: 0.0010526 seconds, Stopping threads took: 0.0004511 seconds
[2022-06-13T02:57:35.987+0000][1][safepoint    ] Application time: 1.0002767 seconds
[2022-06-13T02:57:35.987+0000][1][safepoint    ] Entering safepoint region: Cleanup
[2022-06-13T02:57:35.988+0000][1][safepoint    ] Leaving safepoint region
[2022-06-13T02:57:35.988+0000][1][safepoint    ] Total time for which application threads were stopped: 0.0008825 seconds, Stopping threads took: 0.0004206 seconds
[2022-06-13T02:57:36.989+0000][1][safepoint    ] Application time: 1.0003059 seconds
[2022-06-13T02:57:36.989+0000][1][safepoint    ] Entering safepoint region: Cleanup
[2022-06-13T02:57:36.990+0000][1][safepoint    ] Leaving safepoint region
[2022-06-13T02:57:36.990+0000][1][safepoint    ] Total time for which application threads were stopped: 0.0008229 seconds, Stopping threads took: 0.0003933 seconds
[2022-06-13T02:57:37.991+0000][1][safepoint    ] Application time: 1.0002247 seconds
[2022-06-13T02:57:37.991+0000][1][safepoint    ] Entering safepoint region: Cleanup
[2022-06-13T02:57:37.992+0000][1][safepoint    ] Leaving safepoint region
[2022-06-13T02:57:37.992+0000][1][safepoint    ] Total time for which application threads were stopped: 0.0010177 seconds, Stopping threads took: 0.0005887 seconds
[2022-06-13T02:57:38.993+0000][1][safepoint    ] Application time: 1.0003183 seconds
[2022-06-13T02:57:38.993+0000][1][safepoint    ] Entering safepoint region: Cleanup
[2022-06-13T02:57:38.994+0000][1][safepoint    ] Leaving safepoint region
[2022-06-13T02:57:38.994+0000][1][safepoint    ] Total time for which application threads were stopped: 0.0008625 seconds, Stopping threads took: 0.0003870 seconds
[2022-06-13T02:57:39.995+0000][1][safepoint    ] Application time: 1.0002072 seconds
[2022-06-13T02:57:39.995+0000][1][safepoint    ] Entering safepoint region: Cleanup
[2022-06-13T02:57:39.995+0000][1][safepoint    ] Leaving safepoint region
[2022-06-13T02:57:39.996+0000][1][safepoint    ] Total time for which application threads were stopped: 0.0007102 seconds, Stopping threads took: 0.0002927 seconds
[2022-06-13T02:57:40.996+0000][1][safepoint    ] Application time: 1.0001993 seconds
[2022-06-13T02:57:40.997+0000][1][safepoint    ] Entering safepoint region: Cleanup
[2022-06-13T02:57:40.997+0000][1][safepoint    ] Leaving safepoint region
[2022-06-13T02:57:40.997+0000][1][safepoint    ] Total time for which application threads were stopped: 0.0007806 seconds, Stopping threads took: 0.0003331 seconds
[2022-06-13T02:57:41.998+0000][1][safepoint    ] Application time: 1.0001477 seconds
[2022-06-13T02:57:41.998+0000][1][safepoint    ] Entering safepoint region: Cleanup
[2022-06-13T02:57:41.999+0000][1][safepoint    ] Leaving safepoint region
[2022-06-13T02:57:41.999+0000][1][safepoint    ] Total time for which application threads were stopped: 0.0008693 seconds, Stopping threads took: 0.0003167 seconds
[2022-06-13T02:57:43.000+0000][1][safepoint    ] Application time: 1.0001941 seconds
[2022-06-13T02:57:43.000+0000][1][safepoint    ] Entering safepoint region: Cleanup
[2022-06-13T02:57:43.001+0000][1][safepoint    ] Leaving safepoint region
[2022-06-13T02:57:43.002+0000][1][safepoint    ] Total time for which application threads were stopped: 0.0011738 seconds, Stopping threads took: 0.0004920 seconds
[2022-06-13T02:57:44.002+0000][1][safepoint    ] Application time: 1.0001428 seconds
[2022-06-13T02:57:44.003+0000][1][safepoint    ] Entering safepoint region: Cleanup
[2022-06-13T02:57:44.003+0000][1][safepoint    ] Leaving safepoint region
[2022-06-13T02:57:44.003+0000][1][safepoint    ] Total time for which application threads were stopped: 0.0007628 seconds, Stopping threads took: 0.0003498 seconds
[2022-06-13T02:57:45.004+0000][1][safepoint    ] Application time: 1.0001378 seconds
[2022-06-13T02:57:45.004+0000][1][safepoint    ] Entering safepoint region: Cleanup
[2022-06-13T02:57:45.004+0000][1][safepoint    ] Leaving safepoint region
[2022-06-13T02:57:45.005+0000][1][safepoint    ] Total time for which application threads were stopped: 0.0006836 seconds, Stopping threads took: 0.0002812 seconds
[2022-06-13T02:57:46.005+0000][1][safepoint    ] Application time: 1.0001737 seconds
[2022-06-13T02:57:46.006+0000][1][safepoint    ] Entering safepoint region: Cleanup
[2022-06-13T02:57:46.006+0000][1][safepoint    ] Leaving safepoint region
[2022-06-13T02:57:46.006+0000][1][safepoint    ] Total time for which application threads were stopped: 0.0010257 seconds, Stopping threads took: 0.0005148 seconds
[2022-06-13T02:57:47.007+0000][1][safepoint    ] Application time: 1.0001198 seconds
[2022-06-13T02:57:47.007+0000][1][safepoint    ] Entering safepoint region: Cleanup
[2022-06-13T02:57:47.008+0000][1][safepoint    ] Leaving safepoint region
[2022-06-13T02:57:47.008+0000][1][safepoint    ] Total time for which application threads were stopped: 0.0005595 seconds, Stopping threads took: 0.0002235 seconds
[2022-06-13T02:57:48.008+0000][1][safepoint    ] Application time: 1.0000965 seconds
[2022-06-13T02:57:48.009+0000][1][safepoint    ] Entering safepoint region: Cleanup
[2022-06-13T02:57:48.009+0000][1][safepoint    ] Leaving safepoint region
[2022-06-13T02:57:48.009+0000][1][safepoint    ] Total time for which application threads were stopped: 0.0007687 seconds, Stopping threads took: 0.0002268 seconds
[2022-06-13T02:57:49.010+0000][1][safepoint    ] Application time: 1.0002348 seconds
[2022-06-13T02:57:49.011+0000][1][safepoint    ] Entering safepoint region: Cleanup
[2022-06-13T02:57:49.011+0000][1][safepoint    ] Leaving safepoint region
[2022-06-13T02:57:49.012+0000][1][safepoint    ] Total time for which application threads were stopped: 0.0012695 seconds, Stopping threads took: 0.0006474 seconds
[2022-06-13T02:57:50.012+0000][1][safepoint    ] Application time: 1.0001401 seconds
[2022-06-13T02:57:50.013+0000][1][safepoint    ] Entering safepoint region: Cleanup
[2022-06-13T02:57:50.013+0000][1][safepoint    ] Leaving safepoint region
[2022-06-13T02:57:50.013+0000][1][safepoint    ] Total time for which application threads were stopped: 0.0006381 seconds, Stopping threads took: 0.0002484 seconds
[2022-06-13T02:57:51.014+0000][1][safepoint    ] Application time: 1.0002385 seconds
[2022-06-13T02:57:51.015+0000][1][safepoint    ] Entering safepoint region: Cleanup
[2022-06-13T02:57:51.015+0000][1][safepoint    ] Leaving safepoint region
[2022-06-13T02:57:51.016+0000][1][safepoint    ] Total time for which application threads were stopped: 0.0010647 seconds, Stopping threads took: 0.0005406 seconds
[2022-06-13T02:57:52.016+0000][1][safepoint    ] Application time: 1.0002231 seconds
[2022-06-13T02:57:52.017+0000][1][safepoint    ] Entering safepoint region: Cleanup
[2022-06-13T02:57:52.018+0000][1][safepoint    ] Leaving safepoint region
[2022-06-13T02:57:52.019+0000][1][safepoint    ] Total time for which application threads were stopped: 0.0016395 seconds, Stopping threads took: 0.0006542 seconds
[2022-06-13T02:57:53.020+0000][1][safepoint    ] Application time: 1.0001592 seconds
[2022-06-13T02:57:53.021+0000][1][safepoint    ] Entering safepoint region: Cleanup
[2022-06-13T02:57:53.022+0000][1][safepoint    ] Leaving safepoint region
[2022-06-13T02:57:53.022+0000][1][safepoint    ] Total time for which application threads were stopped: 0.0011866 seconds, Stopping threads took: 0.0006325 seconds
[2022-06-13T02:57:54.023+0000][1][safepoint    ] Application time: 1.0002502 seconds
[2022-06-13T02:57:54.024+0000][1][safepoint    ] Entering safepoint region: Cleanup
[2022-06-13T02:57:54.024+0000][1][safepoint    ] Leaving safepoint region
[2022-06-13T02:57:54.025+0000][1][safepoint    ] Total time for which application threads were stopped: 0.0014293 seconds, Stopping threads took: 0.0006536 seconds
[2022-06-13T02:57:55.026+0000][1][safepoint    ] Application time: 1.0001634 seconds
[2022-06-13T02:57:55.026+0000][1][safepoint    ] Entering safepoint region: Cleanup
[2022-06-13T02:57:55.026+0000][1][safepoint    ] Leaving safepoint region
[2022-06-13T02:57:55.026+0000][1][safepoint    ] Total time for which application threads were stopped: 0.0003551 seconds, Stopping threads took: 0.0001624 seconds
[2022-06-13T02:57:56.027+0000][1][safepoint    ] Application time: 1.0002438 seconds
[2022-06-13T02:57:56.027+0000][1][safepoint    ] Entering safepoint region: Cleanup
[2022-06-13T02:57:56.027+0000][1][safepoint    ] Leaving safepoint region
[2022-06-13T02:57:56.027+0000][1][safepoint    ] Total time for which application threads were stopped: 0.0003549 seconds, Stopping threads took: 0.0001682 seconds
[2022-06-13T02:57:57.027+0000][1][safepoint    ] Application time: 1.0001281 seconds
[2022-06-13T02:57:57.028+0000][1][safepoint    ] Entering safepoint region: Cleanup
[2022-06-13T02:57:57.028+0000][1][safepoint    ] Leaving safepoint region
[2022-06-13T02:57:57.029+0000][1][safepoint    ] Total time for which application threads were stopped: 0.0008917 seconds, Stopping threads took: 0.0002923 seconds
[2022-06-13T02:57:58.029+0000][1][safepoint    ] Application time: 1.0001887 seconds
[2022-06-13T02:57:58.030+0000][1][safepoint    ] Entering safepoint region: Cleanup
[2022-06-13T02:57:58.030+0000][1][safepoint    ] Leaving safepoint region
[2022-06-13T02:57:58.031+0000][1][safepoint    ] Total time for which application threads were stopped: 0.0012469 seconds, Stopping threads took: 0.0005247 seconds
[2022-06-13T02:57:59.032+0000][1][safepoint    ] Application time: 1.0001858 seconds
[2022-06-13T02:57:59.032+0000][1][safepoint    ] Entering safepoint region: Cleanup
[2022-06-13T02:57:59.032+0000][1][safepoint    ] Leaving safepoint region
[2022-06-13T02:57:59.032+0000][1][safepoint    ] Total time for which application threads were stopped: 0.0005855 seconds, Stopping threads took: 0.0002666 seconds
[2022-06-13T02:58:00.033+0000][1][safepoint    ] Application time: 1.0001195 seconds
[2022-06-13T02:58:00.033+0000][1][safepoint    ] Entering safepoint region: Cleanup
[2022-06-13T02:58:00.033+0000][1][safepoint    ] Leaving safepoint region
[2022-06-13T02:58:00.034+0000][1][safepoint    ] Total time for which application threads were stopped: 0.0006006 seconds, Stopping threads took: 0.0003236 seconds
[2022-06-13T02:58:01.034+0000][1][safepoint    ] Application time: 1.0001647 seconds
[2022-06-13T02:58:01.034+0000][1][safepoint    ] Entering safepoint region: Cleanup
[2022-06-13T02:58:01.035+0000][1][safepoint    ] Leaving safepoint region
[2022-06-13T02:58:01.035+0000][1][safepoint    ] Total time for which application threads were stopped: 0.0005951 seconds, Stopping threads took: 0.0003572 seconds
[2022-06-13T02:58:02.035+0000][1][safepoint    ] Application time: 1.0001591 seconds
[2022-06-13T02:58:02.036+0000][1][safepoint    ] Entering safepoint region: Cleanup
[2022-06-13T02:58:02.036+0000][1][safepoint    ] Leaving safepoint region
[2022-06-13T02:58:02.036+0000][1][safepoint    ] Total time for which application threads were stopped: 0.0005387 seconds, Stopping threads took: 0.0002488 seconds
[2022-06-13T02:58:03.037+0000][1][safepoint    ] Application time: 1.0002442 seconds
[2022-06-13T02:58:03.037+0000][1][safepoint    ] Entering safepoint region: Cleanup
[2022-06-13T02:58:03.038+0000][1][safepoint    ] Leaving safepoint region
[2022-06-13T02:58:03.038+0000][1][safepoint    ] Total time for which application threads were stopped: 0.0008542 seconds, Stopping threads took: 0.0003771 seconds
[2022-06-13T02:58:04.146+0000][1][safepoint    ] Application time: 1.1076001 seconds
[2022-06-13T02:58:04.146+0000][1][safepoint    ] Entering safepoint region: Cleanup
[2022-06-13T02:58:04.147+0000][1][safepoint    ] Leaving safepoint region
[2022-06-13T02:58:04.147+0000][1][safepoint    ] Total time for which application threads were stopped: 0.0006148 seconds, Stopping threads took: 0.0003718 seconds
[2022-06-13T02:58:05.147+0000][1][safepoint    ] Application time: 1.0002677 seconds
[2022-06-13T02:58:05.148+0000][1][safepoint    ] Entering safepoint region: Cleanup
[2022-06-13T02:58:05.149+0000][1][safepoint    ] Leaving safepoint region
[2022-06-13T02:58:05.149+0000][1][safepoint    ] Total time for which application threads were stopped: 0.0011265 seconds, Stopping threads took: 0.0006083 seconds
[2022-06-13T02:58:06.150+0000][1][safepoint    ] Application time: 1.0003385 seconds
[2022-06-13T02:58:06.150+0000][1][safepoint    ] Entering safepoint region: Cleanup
[2022-06-13T02:58:06.151+0000][1][safepoint    ] Leaving safepoint region
[2022-06-13T02:58:06.151+0000][1][safepoint    ] Total time for which application threads were stopped: 0.0009621 seconds, Stopping threads took: 0.0003200 seconds
[2022-06-13T02:58:07.152+0000][1][safepoint    ] Application time: 1.0002463 seconds
[2022-06-13T02:58:07.152+0000][1][safepoint    ] Entering safepoint region: Cleanup
[2022-06-13T02:58:07.153+0000][1][safepoint    ] Leaving safepoint region
[2022-06-13T02:58:07.153+0000][1][safepoint    ] Total time for which application threads were stopped: 0.0005793 seconds, Stopping threads took: 0.0002724 seconds
[2022-06-13T02:58:08.153+0000][1][safepoint    ] Application time: 1.0001661 seconds
[2022-06-13T02:58:08.154+0000][1][safepoint    ] Entering safepoint region: Cleanup
[2022-06-13T02:58:08.154+0000][1][safepoint    ] Leaving safepoint region
[2022-06-13T02:58:08.155+0000][1][safepoint    ] Total time for which application threads were stopped: 0.0007453 seconds, Stopping threads took: 0.0003507 seconds
[2022-06-13T02:58:09.155+0000][1][safepoint    ] Application time: 1.0001738 seconds
[2022-06-13T02:58:09.156+0000][1][safepoint    ] Entering safepoint region: Cleanup
[2022-06-13T02:58:09.156+0000][1][safepoint    ] Leaving safepoint region
[2022-06-13T02:58:09.157+0000][1][safepoint    ] Total time for which application threads were stopped: 0.0009304 seconds, Stopping threads took: 0.0004246 seconds
[2022-06-13T02:58:10.157+0000][1][safepoint    ] Application time: 1.0002577 seconds
[2022-06-13T02:58:10.158+0000][1][safepoint    ] Entering safepoint region: Cleanup
[2022-06-13T02:58:10.158+0000][1][safepoint    ] Leaving safepoint region
[2022-06-13T02:58:10.159+0000][1][safepoint    ] Total time for which application threads were stopped: 0.0007834 seconds, Stopping threads took: 0.0003159 seconds
[2022-06-13T02:58:11.159+0000][1][safepoint    ] Application time: 1.0001376 seconds
[2022-06-13T02:58:11.160+0000][1][safepoint    ] Entering safepoint region: Cleanup
[2022-06-13T02:58:11.160+0000][1][safepoint    ] Leaving safepoint region
[2022-06-13T02:58:11.160+0000][1][safepoint    ] Total time for which application threads were stopped: 0.0008504 seconds, Stopping threads took: 0.0003984 seconds
[2022-06-13T02:58:12.161+0000][1][safepoint    ] Application time: 1.0001762 seconds
[2022-06-13T02:58:12.161+0000][1][safepoint    ] Entering safepoint region: Cleanup
[2022-06-13T02:58:12.162+0000][1][safepoint    ] Leaving safepoint region
[2022-06-13T02:58:12.162+0000][1][safepoint    ] Total time for which application threads were stopped: 0.0007778 seconds, Stopping threads took: 0.0003278 seconds
[2022-06-13T02:58:13.163+0000][1][safepoint    ] Application time: 1.0002065 seconds
[2022-06-13T02:58:13.164+0000][1][safepoint    ] Entering safepoint region: Cleanup
[2022-06-13T02:58:13.164+0000][1][safepoint    ] Leaving safepoint region
[2022-06-13T02:58:13.165+0000][1][safepoint    ] Total time for which application threads were stopped: 0.0015058 seconds, Stopping threads took: 0.0007276 seconds
[2022-06-13T02:58:14.166+0000][1][safepoint    ] Application time: 1.0001947 seconds
[2022-06-13T02:58:14.166+0000][1][safepoint    ] Entering safepoint region: Cleanup
[2022-06-13T02:58:14.167+0000][1][safepoint    ] Leaving safepoint region
[2022-06-13T02:58:14.167+0000][1][safepoint    ] Total time for which application threads were stopped: 0.0009419 seconds, Stopping threads took: 0.0004318 seconds
[2022-06-13T02:58:15.168+0000][1][safepoint    ] Application time: 1.0002336 seconds
[2022-06-13T02:58:15.168+0000][1][safepoint    ] Entering safepoint region: Cleanup
[2022-06-13T02:58:15.169+0000][1][safepoint    ] Leaving safepoint region
[2022-06-13T02:58:15.170+0000][1][safepoint    ] Total time for which application threads were stopped: 0.0012254 seconds, Stopping threads took: 0.0005666 seconds
[2022-06-13T02:58:16.171+0000][1][safepoint    ] Application time: 1.0002698 seconds
[2022-06-13T02:58:16.171+0000][1][safepoint    ] Entering safepoint region: Cleanup
[2022-06-13T02:58:16.172+0000][1][safepoint    ] Leaving safepoint region
[2022-06-13T02:58:16.172+0000][1][safepoint    ] Total time for which application threads were stopped: 0.0009679 seconds, Stopping threads took: 0.0005441 seconds
[2022-06-13T02:58:17.173+0000][1][safepoint    ] Application time: 1.0001718 seconds
[2022-06-13T02:58:17.173+0000][1][safepoint    ] Entering safepoint region: Cleanup
[2022-06-13T02:58:17.174+0000][1][safepoint    ] Leaving safepoint region
[2022-06-13T02:58:17.174+0000][1][safepoint    ] Total time for which application threads were stopped: 0.0008176 seconds, Stopping threads took: 0.0003762 seconds
[2022-06-13T02:58:18.175+0000][1][safepoint    ] Application time: 1.0001439 seconds
[2022-06-13T02:58:18.175+0000][1][safepoint    ] Entering safepoint region: Cleanup
[2022-06-13T02:58:18.175+0000][1][safepoint    ] Leaving safepoint region
[2022-06-13T02:58:18.176+0000][1][safepoint    ] Total time for which application threads were stopped: 0.0009511 seconds, Stopping threads took: 0.0004329 seconds
[2022-06-13T02:58:18.942+0000][1][safepoint    ] Application time: 0.7651796 seconds
[2022-06-13T02:58:18.942+0000][1][safepoint    ] Entering safepoint region: GenCollectForAllocation
[2022-06-13T02:58:18.943+0000][1][gc,start     ] GC(23) Pause Young (Allocation Failure)
[2022-06-13T02:58:18.943+0000][1][gc,task      ] GC(23) Using 5 workers of 13 for evacuation
[2022-06-13T02:58:18.948+0000][1][gc,age       ] GC(23) Desired survivor size 4456448 bytes, new threshold 6 (max threshold 6)
[2022-06-13T02:58:18.949+0000][1][gc,age       ] GC(23) Age table with threshold 6 (max threshold 6)
[2022-06-13T02:58:18.949+0000][1][gc,age       ] GC(23) - age   1:      52472 bytes,      52472 total
[2022-06-13T02:58:18.949+0000][1][gc,age       ] GC(23) - age   2:    1362936 bytes,    1415408 total
[2022-06-13T02:58:18.949+0000][1][gc,heap      ] GC(23) ParNew: 76991K->4950K(78656K)
[2022-06-13T02:58:18.950+0000][1][gc,heap      ] GC(23) CMS: 64032K->67732K(174784K)
[2022-06-13T02:58:18.950+0000][1][gc,metaspace ] GC(23) Metaspace: 65034K->65034K(1107968K)
[2022-06-13T02:58:18.950+0000][1][gc           ] GC(23) Pause Young (Allocation Failure) 137M->70M(247M) 7.733ms
[2022-06-13T02:58:18.951+0000][1][gc,cpu       ] GC(23) User=0.02s Sys=0.00s Real=0.01s
[2022-06-13T02:58:18.951+0000][1][safepoint    ] Leaving safepoint region
[2022-06-13T02:58:18.951+0000][1][safepoint    ] Total time for which application threads were stopped: 0.0088499 seconds, Stopping threads took: 0.0003150 seconds
[2022-06-13T02:58:19.952+0000][1][safepoint    ] Application time: 1.0002875 seconds
[2022-06-13T02:58:19.952+0000][1][safepoint    ] Entering safepoint region: Cleanup
[2022-06-13T02:58:19.953+0000][1][safepoint    ] Leaving safepoint region
[2022-06-13T02:58:19.953+0000][1][safepoint    ] Total time for which application threads were stopped: 0.0007466 seconds, Stopping threads took: 0.0003163 seconds
[2022-06-13T02:58:20.954+0000][1][safepoint    ] Application time: 1.0003070 seconds
[2022-06-13T02:58:20.954+0000][1][safepoint    ] Entering safepoint region: Cleanup
[2022-06-13T02:58:20.955+0000][1][safepoint    ] Leaving safepoint region
[2022-06-13T02:58:20.955+0000][1][safepoint    ] Total time for which application threads were stopped: 0.0008956 seconds, Stopping threads took: 0.0005603 seconds
[2022-06-13T02:58:21.955+0000][1][safepoint    ] Application time: 1.0001066 seconds
[2022-06-13T02:58:21.956+0000][1][safepoint    ] Entering safepoint region: Cleanup
[2022-06-13T02:58:21.956+0000][1][safepoint    ] Leaving safepoint region
[2022-06-13T02:58:21.957+0000][1][safepoint    ] Total time for which application threads were stopped: 0.0006868 seconds, Stopping threads took: 0.0003635 seconds
[2022-06-13T02:58:22.957+0000][1][safepoint    ] Application time: 1.0001081 seconds
[2022-06-13T02:58:22.957+0000][1][safepoint    ] Entering safepoint region: Cleanup
[2022-06-13T02:58:22.958+0000][1][safepoint    ] Leaving safepoint region
[2022-06-13T02:58:22.958+0000][1][safepoint    ] Total time for which application threads were stopped: 0.0008752 seconds, Stopping threads took: 0.0003458 seconds
[2022-06-13T02:58:23.959+0000][1][safepoint    ] Application time: 1.0001148 seconds
[2022-06-13T02:58:23.959+0000][1][safepoint    ] Entering safepoint region: Cleanup
[2022-06-13T02:58:23.960+0000][1][safepoint    ] Leaving safepoint region
[2022-06-13T02:58:23.960+0000][1][safepoint    ] Total time for which application threads were stopped: 0.0008027 seconds, Stopping threads took: 0.0003414 seconds
[2022-06-13T02:58:24.960+0000][1][safepoint    ] Application time: 1.0001472 seconds
[2022-06-13T02:58:24.961+0000][1][safepoint    ] Entering safepoint region: Cleanup
[2022-06-13T02:58:24.961+0000][1][safepoint    ] Leaving safepoint region
[2022-06-13T02:58:24.961+0000][1][safepoint    ] Total time for which application threads were stopped: 0.0008208 seconds, Stopping threads took: 0.0005203 seconds
[2022-06-13T02:58:25.962+0000][1][safepoint    ] Application time: 1.0002128 seconds
[2022-06-13T02:58:25.963+0000][1][safepoint    ] Entering safepoint region: Cleanup
[2022-06-13T02:58:25.963+0000][1][safepoint    ] Leaving safepoint region
[2022-06-13T02:58:25.964+0000][1][safepoint    ] Total time for which application threads were stopped: 0.0011127 seconds, Stopping threads took: 0.0004695 seconds
[2022-06-13T02:58:26.964+0000][1][safepoint    ] Application time: 1.0001491 seconds
[2022-06-13T02:58:26.965+0000][1][safepoint    ] Entering safepoint region: Cleanup
[2022-06-13T02:58:26.965+0000][1][safepoint    ] Leaving safepoint region
[2022-06-13T02:58:26.966+0000][1][safepoint    ] Total time for which application threads were stopped: 0.0007763 seconds, Stopping threads took: 0.0003528 seconds
[2022-06-13T02:58:27.966+0000][1][safepoint    ] Application time: 1.0001975 seconds
[2022-06-13T02:58:27.967+0000][1][safepoint    ] Entering safepoint region: Cleanup
[2022-06-13T02:58:27.968+0000][1][safepoint    ] Leaving safepoint region
[2022-06-13T02:58:27.968+0000][1][safepoint    ] Total time for which application threads were stopped: 0.0011888 seconds, Stopping threads took: 0.0004424 seconds
[2022-06-13T02:58:28.969+0000][1][safepoint    ] Application time: 1.0004138 seconds
[2022-06-13T02:58:28.969+0000][1][safepoint    ] Entering safepoint region: Cleanup
[2022-06-13T02:58:28.970+0000][1][safepoint    ] Leaving safepoint region
[2022-06-13T02:58:28.970+0000][1][safepoint    ] Total time for which application threads were stopped: 0.0007398 seconds, Stopping threads took: 0.0004086 seconds
[2022-06-13T02:58:29.971+0000][1][safepoint    ] Application time: 1.0001513 seconds
[2022-06-13T02:58:29.971+0000][1][safepoint    ] Entering safepoint region: Cleanup
[2022-06-13T02:58:29.971+0000][1][safepoint    ] Leaving safepoint region
[2022-06-13T02:58:29.972+0000][1][safepoint    ] Total time for which application threads were stopped: 0.0005177 seconds, Stopping threads took: 0.0001886 seconds
[2022-06-13T02:58:30.972+0000][1][safepoint    ] Application time: 1.0003630 seconds
[2022-06-13T02:58:30.973+0000][1][safepoint    ] Entering safepoint region: Cleanup
[2022-06-13T02:58:30.974+0000][1][safepoint    ] Leaving safepoint region
[2022-06-13T02:58:30.974+0000][1][safepoint    ] Total time for which application threads were stopped: 0.0011077 seconds, Stopping threads took: 0.0004895 seconds
[2022-06-13T02:58:31.975+0000][1][safepoint    ] Application time: 1.0001321 seconds
[2022-06-13T02:58:31.975+0000][1][safepoint    ] Entering safepoint region: Cleanup
[2022-06-13T02:58:31.976+0000][1][safepoint    ] Leaving safepoint region
[2022-06-13T02:58:31.976+0000][1][safepoint    ] Total time for which application threads were stopped: 0.0008231 seconds, Stopping threads took: 0.0003130 seconds
[2022-06-13T02:58:32.976+0000][1][safepoint    ] Application time: 1.0002087 seconds
[2022-06-13T02:58:32.977+0000][1][safepoint    ] Entering safepoint region: Cleanup
[2022-06-13T02:58:32.977+0000][1][safepoint    ] Leaving safepoint region
[2022-06-13T02:58:32.978+0000][1][safepoint    ] Total time for which application threads were stopped: 0.0007623 seconds, Stopping threads took: 0.0004156 seconds
[2022-06-13T02:58:33.978+0000][1][safepoint    ] Application time: 1.0001630 seconds
[2022-06-13T02:58:33.979+0000][1][safepoint    ] Entering safepoint region: Cleanup
[2022-06-13T02:58:33.979+0000][1][safepoint    ] Leaving safepoint region
[2022-06-13T02:58:33.980+0000][1][safepoint    ] Total time for which application threads were stopped: 0.0011815 seconds, Stopping threads took: 0.0004344 seconds
[2022-06-13T02:58:34.980+0000][1][safepoint    ] Application time: 1.0001935 seconds
[2022-06-13T02:58:34.981+0000][1][safepoint    ] Entering safepoint region: Cleanup
[2022-06-13T02:58:34.981+0000][1][safepoint    ] Leaving safepoint region
[2022-06-13T02:58:34.982+0000][1][safepoint    ] Total time for which application threads were stopped: 0.0011237 seconds, Stopping threads took: 0.0005034 seconds
[2022-06-13T02:58:35.982+0000][1][safepoint    ] Application time: 1.0000721 seconds
[2022-06-13T02:58:35.983+0000][1][safepoint    ] Entering safepoint region: Cleanup
[2022-06-13T02:58:35.983+0000][1][safepoint    ] Leaving safepoint region
[2022-06-13T02:58:35.983+0000][1][safepoint    ] Total time for which application threads were stopped: 0.0004909 seconds, Stopping threads took: 0.0002426 seconds
[2022-06-13T02:58:36.984+0000][1][safepoint    ] Application time: 1.0001251 seconds
[2022-06-13T02:58:36.984+0000][1][safepoint    ] Entering safepoint region: Cleanup
[2022-06-13T02:58:36.984+0000][1][safepoint    ] Leaving safepoint region
[2022-06-13T02:58:36.985+0000][1][safepoint    ] Total time for which application threads were stopped: 0.0008993 seconds, Stopping threads took: 0.0003934 seconds
[2022-06-13T02:58:37.985+0000][1][safepoint    ] Application time: 1.0002168 seconds
[2022-06-13T02:58:37.986+0000][1][safepoint    ] Entering safepoint region: Cleanup
[2022-06-13T02:58:37.987+0000][1][safepoint    ] Leaving safepoint region
[2022-06-13T02:58:37.987+0000][1][safepoint    ] Total time for which application threads were stopped: 0.0009589 seconds, Stopping threads took: 0.0004471 seconds
[2022-06-13T02:58:38.988+0000][1][safepoint    ] Application time: 1.0002164 seconds
[2022-06-13T02:58:38.988+0000][1][safepoint    ] Entering safepoint region: Cleanup
[2022-06-13T02:58:38.989+0000][1][safepoint    ] Leaving safepoint region
[2022-06-13T02:58:38.989+0000][1][safepoint    ] Total time for which application threads were stopped: 0.0009281 seconds, Stopping threads took: 0.0004343 seconds
[2022-06-13T02:58:39.990+0000][1][safepoint    ] Application time: 1.0001704 seconds
[2022-06-13T02:58:39.990+0000][1][safepoint    ] Entering safepoint region: Cleanup
[2022-06-13T02:58:39.991+0000][1][safepoint    ] Leaving safepoint region
[2022-06-13T02:58:39.991+0000][1][safepoint    ] Total time for which application threads were stopped: 0.0010882 seconds, Stopping threads took: 0.0003792 seconds
[2022-06-13T02:58:40.992+0000][1][safepoint    ] Application time: 1.0002037 seconds
[2022-06-13T02:58:40.993+0000][1][safepoint    ] Entering safepoint region: Cleanup
[2022-06-13T02:58:40.993+0000][1][safepoint    ] Leaving safepoint region
[2022-06-13T02:58:40.994+0000][1][safepoint    ] Total time for which application threads were stopped: 0.0009913 seconds, Stopping threads took: 0.0005214 seconds
[2022-06-13T02:58:41.994+0000][1][safepoint    ] Application time: 1.0002380 seconds
[2022-06-13T02:58:41.995+0000][1][safepoint    ] Entering safepoint region: Cleanup
[2022-06-13T02:58:41.996+0000][1][safepoint    ] Leaving safepoint region
[2022-06-13T02:58:41.997+0000][1][safepoint    ] Total time for which application threads were stopped: 0.0015100 seconds, Stopping threads took: 0.0006763 seconds
[2022-06-13T02:58:42.997+0000][1][safepoint    ] Application time: 1.0002620 seconds
[2022-06-13T02:58:42.998+0000][1][safepoint    ] Entering safepoint region: Cleanup
[2022-06-13T02:58:42.999+0000][1][safepoint    ] Leaving safepoint region
[2022-06-13T02:58:42.999+0000][1][safepoint    ] Total time for which application threads were stopped: 0.0010120 seconds, Stopping threads took: 0.0004821 seconds
[2022-06-13T02:58:43.999+0000][1][safepoint    ] Application time: 1.0001913 seconds
[2022-06-13T02:58:44.000+0000][1][safepoint    ] Entering safepoint region: Cleanup
[2022-06-13T02:58:44.000+0000][1][safepoint    ] Leaving safepoint region
[2022-06-13T02:58:44.001+0000][1][safepoint    ] Total time for which application threads were stopped: 0.0006923 seconds, Stopping threads took: 0.0003682 seconds
[2022-06-13T02:58:45.001+0000][1][safepoint    ] Application time: 1.0001734 seconds
[2022-06-13T02:58:45.002+0000][1][safepoint    ] Entering safepoint region: Cleanup
[2022-06-13T02:58:45.002+0000][1][safepoint    ] Leaving safepoint region
[2022-06-13T02:58:45.002+0000][1][safepoint    ] Total time for which application threads were stopped: 0.0007937 seconds, Stopping threads took: 0.0003428 seconds
[2022-06-13T02:58:46.003+0000][1][safepoint    ] Application time: 1.0003609 seconds
[2022-06-13T02:58:46.004+0000][1][safepoint    ] Entering safepoint region: Cleanup
[2022-06-13T02:58:46.004+0000][1][safepoint    ] Leaving safepoint region
[2022-06-13T02:58:46.005+0000][1][safepoint    ] Total time for which application threads were stopped: 0.0009571 seconds, Stopping threads took: 0.0004694 seconds
[2022-06-13T02:58:47.005+0000][1][safepoint    ] Application time: 1.0002780 seconds
[2022-06-13T02:58:47.006+0000][1][safepoint    ] Entering safepoint region: Cleanup
[2022-06-13T02:58:47.006+0000][1][safepoint    ] Leaving safepoint region
[2022-06-13T02:58:47.006+0000][1][safepoint    ] Total time for which application threads were stopped: 0.0006959 seconds, Stopping threads took: 0.0003171 seconds
[2022-06-13T02:58:48.007+0000][1][safepoint    ] Application time: 1.0001081 seconds
[2022-06-13T02:58:48.007+0000][1][safepoint    ] Entering safepoint region: Cleanup
[2022-06-13T02:58:48.008+0000][1][safepoint    ] Leaving safepoint region
[2022-06-13T02:58:48.008+0000][1][safepoint    ] Total time for which application threads were stopped: 0.0008682 seconds, Stopping threads took: 0.0003883 seconds
[2022-06-13T02:58:49.009+0000][1][safepoint    ] Application time: 1.0001503 seconds
[2022-06-13T02:58:49.009+0000][1][safepoint    ] Entering safepoint region: Cleanup
[2022-06-13T02:58:49.009+0000][1][safepoint    ] Leaving safepoint region
[2022-06-13T02:58:49.009+0000][1][safepoint    ] Total time for which application threads were stopped: 0.0004835 seconds, Stopping threads took: 0.0001860 seconds
[2022-06-13T02:58:50.010+0000][1][safepoint    ] Application time: 1.0002029 seconds
[2022-06-13T02:58:50.010+0000][1][safepoint    ] Entering safepoint region: Cleanup
[2022-06-13T02:58:50.011+0000][1][safepoint    ] Leaving safepoint region
[2022-06-13T02:58:50.012+0000][1][safepoint    ] Total time for which application threads were stopped: 0.0012139 seconds, Stopping threads took: 0.0005646 seconds
[2022-06-13T02:58:51.012+0000][1][safepoint    ] Application time: 1.0002973 seconds
[2022-06-13T02:58:51.013+0000][1][safepoint    ] Entering safepoint region: Cleanup
[2022-06-13T02:58:51.013+0000][1][safepoint    ] Leaving safepoint region
[2022-06-13T02:58:51.013+0000][1][safepoint    ] Total time for which application threads were stopped: 0.0005593 seconds, Stopping threads took: 0.0002857 seconds
[2022-06-13T02:58:52.014+0000][1][safepoint    ] Application time: 1.0002570 seconds
[2022-06-13T02:58:52.015+0000][1][safepoint    ] Entering safepoint region: Cleanup
[2022-06-13T02:58:52.015+0000][1][safepoint    ] Leaving safepoint region
[2022-06-13T02:58:52.016+0000][1][safepoint    ] Total time for which application threads were stopped: 0.0015618 seconds, Stopping threads took: 0.0007343 seconds
[2022-06-13T02:58:53.017+0000][1][safepoint    ] Application time: 1.0002225 seconds
[2022-06-13T02:58:53.018+0000][1][safepoint    ] Entering safepoint region: Cleanup
[2022-06-13T02:58:53.018+0000][1][safepoint    ] Leaving safepoint region
[2022-06-13T02:58:53.019+0000][1][safepoint    ] Total time for which application threads were stopped: 0.0009801 seconds, Stopping threads took: 0.0004788 seconds
[2022-06-13T02:58:54.019+0000][1][safepoint    ] Application time: 1.0002099 seconds
[2022-06-13T02:58:54.020+0000][1][safepoint    ] Entering safepoint region: Cleanup
[2022-06-13T02:58:54.020+0000][1][safepoint    ] Leaving safepoint region
[2022-06-13T02:58:54.021+0000][1][safepoint    ] Total time for which application threads were stopped: 0.0007556 seconds, Stopping threads took: 0.0003483 seconds
[2022-06-13T02:58:55.021+0000][1][safepoint    ] Application time: 1.0001884 seconds
[2022-06-13T02:58:55.021+0000][1][safepoint    ] Entering safepoint region: Cleanup
[2022-06-13T02:58:55.022+0000][1][safepoint    ] Leaving safepoint region
[2022-06-13T02:58:55.022+0000][1][safepoint    ] Total time for which application threads were stopped: 0.0005937 seconds, Stopping threads took: 0.0002973 seconds
[2022-06-13T02:58:56.022+0000][1][safepoint    ] Application time: 1.0001652 seconds
[2022-06-13T02:58:56.023+0000][1][safepoint    ] Entering safepoint region: Cleanup
[2022-06-13T02:58:56.023+0000][1][safepoint    ] Leaving safepoint region
[2022-06-13T02:58:56.024+0000][1][safepoint    ] Total time for which application threads were stopped: 0.0006298 seconds, Stopping threads took: 0.0002845 seconds
[2022-06-13T02:58:57.024+0000][1][safepoint    ] Application time: 1.0001297 seconds
[2022-06-13T02:58:57.025+0000][1][safepoint    ] Entering safepoint region: Cleanup
[2022-06-13T02:58:57.025+0000][1][safepoint    ] Leaving safepoint region
[2022-06-13T02:58:57.026+0000][1][safepoint    ] Total time for which application threads were stopped: 0.0010210 seconds, Stopping threads took: 0.0004255 seconds
[2022-06-13T02:58:58.026+0000][1][safepoint    ] Application time: 1.0001942 seconds
[2022-06-13T02:58:58.027+0000][1][safepoint    ] Entering safepoint region: Cleanup
[2022-06-13T02:58:58.027+0000][1][safepoint    ] Leaving safepoint region
[2022-06-13T02:58:58.028+0000][1][safepoint    ] Total time for which application threads were stopped: 0.0005975 seconds, Stopping threads took: 0.0002893 seconds
[2022-06-13T02:58:59.028+0000][1][safepoint    ] Application time: 1.0001790 seconds
[2022-06-13T02:58:59.028+0000][1][safepoint    ] Entering safepoint region: Cleanup
[2022-06-13T02:58:59.028+0000][1][safepoint    ] Leaving safepoint region
[2022-06-13T02:58:59.028+0000][1][safepoint    ] Total time for which application threads were stopped: 0.0003615 seconds, Stopping threads took: 0.0001322 seconds
[2022-06-13T02:59:00.029+0000][1][safepoint    ] Application time: 1.0002070 seconds
[2022-06-13T02:59:00.030+0000][1][safepoint    ] Entering safepoint region: Cleanup
[2022-06-13T02:59:00.030+0000][1][safepoint    ] Leaving safepoint region
[2022-06-13T02:59:00.030+0000][1][safepoint    ] Total time for which application threads were stopped: 0.0008847 seconds, Stopping threads took: 0.0004088 seconds
[2022-06-13T02:59:01.031+0000][1][safepoint    ] Application time: 1.0001532 seconds
[2022-06-13T02:59:01.031+0000][1][safepoint    ] Entering safepoint region: Cleanup
[2022-06-13T02:59:01.032+0000][1][safepoint    ] Leaving safepoint region
[2022-06-13T02:59:01.032+0000][1][safepoint    ] Total time for which application threads were stopped: 0.0006019 seconds, Stopping threads took: 0.0001774 seconds
[2022-06-13T02:59:02.033+0000][1][safepoint    ] Application time: 1.0001439 seconds
[2022-06-13T02:59:02.033+0000][1][safepoint    ] Entering safepoint region: Cleanup
[2022-06-13T02:59:02.033+0000][1][safepoint    ] Leaving safepoint region
[2022-06-13T02:59:02.033+0000][1][safepoint    ] Total time for which application threads were stopped: 0.0004576 seconds, Stopping threads took: 0.0002226 seconds
[2022-06-13T02:59:03.034+0000][1][safepoint    ] Application time: 1.0003314 seconds
[2022-06-13T02:59:03.034+0000][1][safepoint    ] Entering safepoint region: Cleanup
[2022-06-13T02:59:03.035+0000][1][safepoint    ] Leaving safepoint region
[2022-06-13T02:59:03.035+0000][1][safepoint    ] Total time for which application threads were stopped: 0.0009621 seconds, Stopping threads took: 0.0004145 seconds
[2022-06-13T02:59:04.036+0000][1][safepoint    ] Application time: 1.0001967 seconds
[2022-06-13T02:59:04.037+0000][1][safepoint    ] Entering safepoint region: Cleanup
[2022-06-13T02:59:04.037+0000][1][safepoint    ] Leaving safepoint region
[2022-06-13T02:59:04.037+0000][1][safepoint    ] Total time for which application threads were stopped: 0.0009152 seconds, Stopping threads took: 0.0004241 seconds
[2022-06-13T02:59:05.038+0000][1][safepoint    ] Application time: 1.0002973 seconds
[2022-06-13T02:59:05.039+0000][1][safepoint    ] Entering safepoint region: Cleanup
[2022-06-13T02:59:05.039+0000][1][safepoint    ] Leaving safepoint region
[2022-06-13T02:59:05.040+0000][1][safepoint    ] Total time for which application threads were stopped: 0.0009054 seconds, Stopping threads took: 0.0003859 seconds
[2022-06-13T02:59:06.040+0000][1][safepoint    ] Application time: 1.0003006 seconds
[2022-06-13T02:59:06.041+0000][1][safepoint    ] Entering safepoint region: Cleanup
[2022-06-13T02:59:06.041+0000][1][safepoint    ] Leaving safepoint region
[2022-06-13T02:59:06.042+0000][1][safepoint    ] Total time for which application threads were stopped: 0.0009388 seconds, Stopping threads took: 0.0004785 seconds
[2022-06-13T02:59:07.042+0000][1][safepoint    ] Application time: 1.0001309 seconds
[2022-06-13T02:59:07.043+0000][1][safepoint    ] Entering safepoint region: Cleanup
[2022-06-13T02:59:07.043+0000][1][safepoint    ] Leaving safepoint region
[2022-06-13T02:59:07.043+0000][1][safepoint    ] Total time for which application threads were stopped: 0.0008694 seconds, Stopping threads took: 0.0004172 seconds
[2022-06-13T02:59:08.044+0000][1][safepoint    ] Application time: 1.0002804 seconds
[2022-06-13T02:59:08.045+0000][1][safepoint    ] Entering safepoint region: Cleanup
[2022-06-13T02:59:08.045+0000][1][safepoint    ] Leaving safepoint region
[2022-06-13T02:59:08.046+0000][1][safepoint    ] Total time for which application threads were stopped: 0.0009996 seconds, Stopping threads took: 0.0004688 seconds
[2022-06-13T02:59:09.046+0000][1][safepoint    ] Application time: 1.0003035 seconds
[2022-06-13T02:59:09.047+0000][1][safepoint    ] Entering safepoint region: Cleanup
[2022-06-13T02:59:09.047+0000][1][safepoint    ] Leaving safepoint region
[2022-06-13T02:59:09.047+0000][1][safepoint    ] Total time for which application threads were stopped: 0.0006247 seconds, Stopping threads took: 0.0002908 seconds
[2022-06-13T02:59:10.048+0000][1][safepoint    ] Application time: 1.0003460 seconds
[2022-06-13T02:59:10.049+0000][1][safepoint    ] Entering safepoint region: Cleanup
[2022-06-13T02:59:10.050+0000][1][safepoint    ] Leaving safepoint region
[2022-06-13T02:59:10.050+0000][1][safepoint    ] Total time for which application threads were stopped: 0.0012606 seconds, Stopping threads took: 0.0006073 seconds
[2022-06-13T02:59:11.051+0000][1][safepoint    ] Application time: 1.0002453 seconds
[2022-06-13T02:59:11.051+0000][1][safepoint    ] Entering safepoint region: Cleanup
[2022-06-13T02:59:11.052+0000][1][safepoint    ] Leaving safepoint region
[2022-06-13T02:59:11.052+0000][1][safepoint    ] Total time for which application threads were stopped: 0.0006070 seconds, Stopping threads took: 0.0003126 seconds
[2022-06-13T02:59:12.052+0000][1][safepoint    ] Application time: 1.0001991 seconds
[2022-06-13T02:59:12.053+0000][1][safepoint    ] Entering safepoint region: Cleanup
[2022-06-13T02:59:12.054+0000][1][safepoint    ] Leaving safepoint region
[2022-06-13T02:59:12.054+0000][1][safepoint    ] Total time for which application threads were stopped: 0.0012005 seconds, Stopping threads took: 0.0005422 seconds
[2022-06-13T02:59:13.055+0000][1][safepoint    ] Application time: 1.0001671 seconds
[2022-06-13T02:59:13.056+0000][1][safepoint    ] Entering safepoint region: Cleanup
[2022-06-13T02:59:13.056+0000][1][safepoint    ] Leaving safepoint region
[2022-06-13T02:59:13.056+0000][1][safepoint    ] Total time for which application threads were stopped: 0.0006694 seconds, Stopping threads took: 0.0003047 seconds
[2022-06-13T02:59:14.057+0000][1][safepoint    ] Application time: 1.0002491 seconds
[2022-06-13T02:59:14.057+0000][1][safepoint    ] Entering safepoint region: Cleanup
[2022-06-13T02:59:14.058+0000][1][safepoint    ] Leaving safepoint region
[2022-06-13T02:59:14.058+0000][1][safepoint    ] Total time for which application threads were stopped: 0.0006987 seconds, Stopping threads took: 0.0003195 seconds
[2022-06-13T02:59:15.058+0000][1][safepoint    ] Application time: 1.0001284 seconds
[2022-06-13T02:59:15.059+0000][1][safepoint    ] Entering safepoint region: Cleanup
[2022-06-13T02:59:15.060+0000][1][safepoint    ] Leaving safepoint region
[2022-06-13T02:59:15.060+0000][1][safepoint    ] Total time for which application threads were stopped: 0.0008157 seconds, Stopping threads took: 0.0004269 seconds
[2022-06-13T02:59:16.060+0000][1][safepoint    ] Application time: 1.0001805 seconds
[2022-06-13T02:59:16.061+0000][1][safepoint    ] Entering safepoint region: Cleanup
[2022-06-13T02:59:16.061+0000][1][safepoint    ] Leaving safepoint region
[2022-06-13T02:59:16.062+0000][1][safepoint    ] Total time for which application threads were stopped: 0.0007927 seconds, Stopping threads took: 0.0002814 seconds
[2022-06-13T02:59:17.062+0000][1][safepoint    ] Application time: 1.0001816 seconds
[2022-06-13T02:59:17.063+0000][1][safepoint    ] Entering safepoint region: Cleanup
[2022-06-13T02:59:17.063+0000][1][safepoint    ] Leaving safepoint region
[2022-06-13T02:59:17.063+0000][1][safepoint    ] Total time for which application threads were stopped: 0.0006935 seconds, Stopping threads took: 0.0003106 seconds
[2022-06-13T02:59:18.064+0000][1][safepoint    ] Application time: 1.0001297 seconds
[2022-06-13T02:59:18.064+0000][1][safepoint    ] Entering safepoint region: Cleanup
[2022-06-13T02:59:18.065+0000][1][safepoint    ] Leaving safepoint region
[2022-06-13T02:59:18.065+0000][1][safepoint    ] Total time for which application threads were stopped: 0.0005538 seconds, Stopping threads took: 0.0002819 seconds
[2022-06-13T02:59:19.065+0000][1][safepoint    ] Application time: 1.0002186 seconds
[2022-06-13T02:59:19.066+0000][1][safepoint    ] Entering safepoint region: Cleanup
[2022-06-13T02:59:19.066+0000][1][safepoint    ] Leaving safepoint region
[2022-06-13T02:59:19.066+0000][1][safepoint    ] Total time for which application threads were stopped: 0.0007050 seconds, Stopping threads took: 0.0002659 seconds
[2022-06-13T02:59:20.067+0000][1][safepoint    ] Application time: 1.0003072 seconds
[2022-06-13T02:59:20.067+0000][1][safepoint    ] Entering safepoint region: Cleanup
[2022-06-13T02:59:20.068+0000][1][safepoint    ] Leaving safepoint region
[2022-06-13T02:59:20.068+0000][1][safepoint    ] Total time for which application threads were stopped: 0.0006281 seconds, Stopping threads took: 0.0003239 seconds
[2022-06-13T02:59:21.068+0000][1][safepoint    ] Application time: 1.0002742 seconds
[2022-06-13T02:59:21.069+0000][1][safepoint    ] Entering safepoint region: Cleanup
[2022-06-13T02:59:21.069+0000][1][safepoint    ] Leaving safepoint region
[2022-06-13T02:59:21.070+0000][1][safepoint    ] Total time for which application threads were stopped: 0.0007051 seconds, Stopping threads took: 0.0002656 seconds
[2022-06-13T02:59:22.070+0000][1][safepoint    ] Application time: 1.0001976 seconds
[2022-06-13T02:59:22.071+0000][1][safepoint    ] Entering safepoint region: Cleanup
[2022-06-13T02:59:22.071+0000][1][safepoint    ] Leaving safepoint region
[2022-06-13T02:59:22.072+0000][1][safepoint    ] Total time for which application threads were stopped: 0.0008124 seconds, Stopping threads took: 0.0003649 seconds
[2022-06-13T02:59:23.072+0000][1][safepoint    ] Application time: 1.0001667 seconds
[2022-06-13T02:59:23.073+0000][1][safepoint    ] Entering safepoint region: Cleanup
[2022-06-13T02:59:23.074+0000][1][safepoint    ] Leaving safepoint region
[2022-06-13T02:59:23.074+0000][1][safepoint    ] Total time for which application threads were stopped: 0.0012663 seconds, Stopping threads took: 0.0005813 seconds
[2022-06-13T02:59:24.075+0000][1][safepoint    ] Application time: 1.0001865 seconds
[2022-06-13T02:59:24.075+0000][1][safepoint    ] Entering safepoint region: Cleanup
[2022-06-13T02:59:24.076+0000][1][safepoint    ] Leaving safepoint region
[2022-06-13T02:59:24.076+0000][1][safepoint    ] Total time for which application threads were stopped: 0.0005106 seconds, Stopping threads took: 0.0002294 seconds
[2022-06-13T02:59:25.076+0000][1][safepoint    ] Application time: 1.0002081 seconds
[2022-06-13T02:59:25.077+0000][1][safepoint    ] Entering safepoint region: Cleanup
[2022-06-13T02:59:25.077+0000][1][safepoint    ] Leaving safepoint region
[2022-06-13T02:59:25.077+0000][1][safepoint    ] Total time for which application threads were stopped: 0.0006845 seconds, Stopping threads took: 0.0003544 seconds
[2022-06-13T02:59:26.078+0000][1][safepoint    ] Application time: 1.0001992 seconds
[2022-06-13T02:59:26.078+0000][1][safepoint    ] Entering safepoint region: Cleanup
[2022-06-13T02:59:26.079+0000][1][safepoint    ] Leaving safepoint region
[2022-06-13T02:59:26.079+0000][1][safepoint    ] Total time for which application threads were stopped: 0.0008138 seconds, Stopping threads took: 0.0003531 seconds
[2022-06-13T02:59:27.080+0000][1][safepoint    ] Application time: 1.0002594 seconds
[2022-06-13T02:59:27.080+0000][1][safepoint    ] Entering safepoint region: Cleanup
[2022-06-13T02:59:27.081+0000][1][safepoint    ] Leaving safepoint region
[2022-06-13T02:59:27.081+0000][1][safepoint    ] Total time for which application threads were stopped: 0.0006636 seconds, Stopping threads took: 0.0003013 seconds
[2022-06-13T02:59:28.082+0000][1][safepoint    ] Application time: 1.0002084 seconds
[2022-06-13T02:59:28.082+0000][1][safepoint    ] Entering safepoint region: Cleanup
[2022-06-13T02:59:28.082+0000][1][safepoint    ] Leaving safepoint region
[2022-06-13T02:59:28.083+0000][1][safepoint    ] Total time for which application threads were stopped: 0.0007123 seconds, Stopping threads took: 0.0003249 seconds
[2022-06-13T02:59:29.083+0000][1][safepoint    ] Application time: 1.0002842 seconds
[2022-06-13T02:59:29.084+0000][1][safepoint    ] Entering safepoint region: Cleanup
[2022-06-13T02:59:29.084+0000][1][safepoint    ] Leaving safepoint region
[2022-06-13T02:59:29.085+0000][1][safepoint    ] Total time for which application threads were stopped: 0.0008601 seconds, Stopping threads took: 0.0003565 seconds
[2022-06-13T02:59:30.085+0000][1][safepoint    ] Application time: 1.0002722 seconds
[2022-06-13T02:59:30.086+0000][1][safepoint    ] Entering safepoint region: Cleanup
[2022-06-13T02:59:30.086+0000][1][safepoint    ] Leaving safepoint region
[2022-06-13T02:59:30.087+0000][1][safepoint    ] Total time for which application threads were stopped: 0.0009426 seconds, Stopping threads took: 0.0004113 seconds
[2022-06-13T02:59:31.088+0000][1][safepoint    ] Application time: 1.0002130 seconds
[2022-06-13T02:59:31.088+0000][1][safepoint    ] Entering safepoint region: Cleanup
[2022-06-13T02:59:31.089+0000][1][safepoint    ] Leaving safepoint region
[2022-06-13T02:59:31.089+0000][1][safepoint    ] Total time for which application threads were stopped: 0.0010056 seconds, Stopping threads took: 0.0005003 seconds
[2022-06-13T02:59:32.090+0000][1][safepoint    ] Application time: 1.0002473 seconds
[2022-06-13T02:59:32.090+0000][1][safepoint    ] Entering safepoint region: Cleanup
[2022-06-13T02:59:32.091+0000][1][safepoint    ] Leaving safepoint region
[2022-06-13T02:59:32.092+0000][1][safepoint    ] Total time for which application threads were stopped: 0.0011320 seconds, Stopping threads took: 0.0005198 seconds
[2022-06-13T02:59:33.092+0000][1][safepoint    ] Application time: 1.0002880 seconds
[2022-06-13T02:59:33.093+0000][1][safepoint    ] Entering safepoint region: Cleanup
[2022-06-13T02:59:33.093+0000][1][safepoint    ] Leaving safepoint region
[2022-06-13T02:59:33.094+0000][1][safepoint    ] Total time for which application threads were stopped: 0.0007249 seconds, Stopping threads took: 0.0003221 seconds
[2022-06-13T02:59:34.094+0000][1][safepoint    ] Application time: 1.0001778 seconds
[2022-06-13T02:59:34.094+0000][1][safepoint    ] Entering safepoint region: Cleanup
[2022-06-13T02:59:34.095+0000][1][safepoint    ] Leaving safepoint region
[2022-06-13T02:59:34.095+0000][1][safepoint    ] Total time for which application threads were stopped: 0.0007727 seconds, Stopping threads took: 0.0003625 seconds
[2022-06-13T02:59:35.096+0000][1][safepoint    ] Application time: 1.0001931 seconds
[2022-06-13T02:59:35.096+0000][1][safepoint    ] Entering safepoint region: Cleanup
[2022-06-13T02:59:35.097+0000][1][safepoint    ] Leaving safepoint region
[2022-06-13T02:59:35.097+0000][1][safepoint    ] Total time for which application threads were stopped: 0.0009743 seconds, Stopping threads took: 0.0004260 seconds
[2022-06-13T02:59:36.098+0000][1][safepoint    ] Application time: 1.0002221 seconds
[2022-06-13T02:59:36.098+0000][1][safepoint    ] Entering safepoint region: Cleanup
[2022-06-13T02:59:36.098+0000][1][safepoint    ] Leaving safepoint region
[2022-06-13T02:59:36.098+0000][1][safepoint    ] Total time for which application threads were stopped: 0.0003282 seconds, Stopping threads took: 0.0001405 seconds
[2022-06-13T02:59:37.099+0000][1][safepoint    ] Application time: 1.0001615 seconds
[2022-06-13T02:59:37.099+0000][1][safepoint    ] Entering safepoint region: Cleanup
[2022-06-13T02:59:37.099+0000][1][safepoint    ] Leaving safepoint region
[2022-06-13T02:59:37.100+0000][1][safepoint    ] Total time for which application threads were stopped: 0.0005444 seconds, Stopping threads took: 0.0002107 seconds
[2022-06-13T02:59:38.100+0000][1][safepoint    ] Application time: 1.0002126 seconds
[2022-06-13T02:59:38.101+0000][1][safepoint    ] Entering safepoint region: Cleanup
[2022-06-13T02:59:38.101+0000][1][safepoint    ] Leaving safepoint region
[2022-06-13T02:59:38.101+0000][1][safepoint    ] Total time for which application threads were stopped: 0.0008984 seconds, Stopping threads took: 0.0003169 seconds
[2022-06-13T02:59:39.102+0000][1][safepoint    ] Application time: 1.0001826 seconds
[2022-06-13T02:59:39.102+0000][1][safepoint    ] Entering safepoint region: Cleanup
[2022-06-13T02:59:39.103+0000][1][safepoint    ] Leaving safepoint region
[2022-06-13T02:59:39.103+0000][1][safepoint    ] Total time for which application threads were stopped: 0.0006011 seconds, Stopping threads took: 0.0003433 seconds
[2022-06-13T02:59:40.103+0000][1][safepoint    ] Application time: 1.0001925 seconds
[2022-06-13T02:59:40.104+0000][1][safepoint    ] Entering safepoint region: Cleanup
[2022-06-13T02:59:40.105+0000][1][safepoint    ] Leaving safepoint region
[2022-06-13T02:59:40.105+0000][1][safepoint    ] Total time for which application threads were stopped: 0.0010452 seconds, Stopping threads took: 0.0005042 seconds
[2022-06-13T02:59:41.106+0000][1][safepoint    ] Application time: 1.0001980 seconds
[2022-06-13T02:59:41.106+0000][1][safepoint    ] Entering safepoint region: Cleanup
[2022-06-13T02:59:41.107+0000][1][safepoint    ] Leaving safepoint region
[2022-06-13T02:59:41.107+0000][1][safepoint    ] Total time for which application threads were stopped: 0.0006673 seconds, Stopping threads took: 0.0003896 seconds
[2022-06-13T02:59:42.108+0000][1][safepoint    ] Application time: 1.0001547 seconds
[2022-06-13T02:59:42.108+0000][1][safepoint    ] Entering safepoint region: Cleanup
[2022-06-13T02:59:42.109+0000][1][safepoint    ] Leaving safepoint region
[2022-06-13T02:59:42.109+0000][1][safepoint    ] Total time for which application threads were stopped: 0.0009492 seconds, Stopping threads took: 0.0004851 seconds
[2022-06-13T02:59:43.110+0000][1][safepoint    ] Application time: 1.0001887 seconds
[2022-06-13T02:59:43.110+0000][1][safepoint    ] Entering safepoint region: Cleanup
[2022-06-13T02:59:43.111+0000][1][safepoint    ] Leaving safepoint region
[2022-06-13T02:59:43.111+0000][1][safepoint    ] Total time for which application threads were stopped: 0.0010172 seconds, Stopping threads took: 0.0004473 seconds
[2022-06-13T02:59:44.112+0000][1][safepoint    ] Application time: 1.0001940 seconds
[2022-06-13T02:59:44.112+0000][1][safepoint    ] Entering safepoint region: Cleanup
[2022-06-13T02:59:44.113+0000][1][safepoint    ] Leaving safepoint region
[2022-06-13T02:59:44.113+0000][1][safepoint    ] Total time for which application threads were stopped: 0.0008719 seconds, Stopping threads took: 0.0003880 seconds
[2022-06-13T02:59:45.114+0000][1][safepoint    ] Application time: 1.0002280 seconds
[2022-06-13T02:59:45.114+0000][1][safepoint    ] Entering safepoint region: Cleanup
[2022-06-13T02:59:45.115+0000][1][safepoint    ] Leaving safepoint region
[2022-06-13T02:59:45.115+0000][1][safepoint    ] Total time for which application threads were stopped: 0.0008108 seconds, Stopping threads took: 0.0003970 seconds
[2022-06-13T02:59:46.116+0000][1][safepoint    ] Application time: 1.0003481 seconds
[2022-06-13T02:59:46.117+0000][1][safepoint    ] Entering safepoint region: Cleanup
[2022-06-13T02:59:46.118+0000][1][safepoint    ] Leaving safepoint region
[2022-06-13T02:59:46.118+0000][1][safepoint    ] Total time for which application threads were stopped: 0.0014442 seconds, Stopping threads took: 0.0006869 seconds
[2022-06-13T02:59:47.119+0000][1][safepoint    ] Application time: 1.0002511 seconds
[2022-06-13T02:59:47.119+0000][1][safepoint    ] Entering safepoint region: Cleanup
[2022-06-13T02:59:47.120+0000][1][safepoint    ] Leaving safepoint region
[2022-06-13T02:59:47.120+0000][1][safepoint    ] Total time for which application threads were stopped: 0.0007400 seconds, Stopping threads took: 0.0003235 seconds
[2022-06-13T02:59:48.121+0000][1][safepoint    ] Application time: 1.0001580 seconds
[2022-06-13T02:59:48.121+0000][1][safepoint    ] Entering safepoint region: Cleanup
[2022-06-13T02:59:48.122+0000][1][safepoint    ] Leaving safepoint region
[2022-06-13T02:59:48.122+0000][1][safepoint    ] Total time for which application threads were stopped: 0.0006084 seconds, Stopping threads took: 0.0002479 seconds
[2022-06-13T02:59:49.122+0000][1][safepoint    ] Application time: 1.0001412 seconds
[2022-06-13T02:59:49.122+0000][1][safepoint    ] Entering safepoint region: Cleanup
[2022-06-13T02:59:49.123+0000][1][safepoint    ] Leaving safepoint region
[2022-06-13T02:59:49.123+0000][1][safepoint    ] Total time for which application threads were stopped: 0.0007128 seconds, Stopping threads took: 0.0003284 seconds
[2022-06-13T02:59:50.123+0000][1][safepoint    ] Application time: 1.0001652 seconds
[2022-06-13T02:59:50.124+0000][1][safepoint    ] Entering safepoint region: Cleanup
[2022-06-13T02:59:50.125+0000][1][safepoint    ] Leaving safepoint region
[2022-06-13T02:59:50.125+0000][1][safepoint    ] Total time for which application threads were stopped: 0.0008082 seconds, Stopping threads took: 0.0003974 seconds
[2022-06-13T02:59:51.125+0000][1][safepoint    ] Application time: 1.0001207 seconds
[2022-06-13T02:59:51.126+0000][1][safepoint    ] Entering safepoint region: Cleanup
[2022-06-13T02:59:51.126+0000][1][safepoint    ] Leaving safepoint region
[2022-06-13T02:59:51.126+0000][1][safepoint    ] Total time for which application threads were stopped: 0.0005233 seconds, Stopping threads took: 0.0002005 seconds
[2022-06-13T02:59:52.127+0000][1][safepoint    ] Application time: 1.0001395 seconds
[2022-06-13T02:59:52.127+0000][1][safepoint    ] Entering safepoint region: Cleanup
[2022-06-13T02:59:52.127+0000][1][safepoint    ] Leaving safepoint region
[2022-06-13T02:59:52.128+0000][1][safepoint    ] Total time for which application threads were stopped: 0.0005077 seconds, Stopping threads took: 0.0001923 seconds
[2022-06-13T02:59:53.128+0000][1][safepoint    ] Application time: 1.0002632 seconds
[2022-06-13T02:59:53.129+0000][1][safepoint    ] Entering safepoint region: Cleanup
[2022-06-13T02:59:53.129+0000][1][safepoint    ] Leaving safepoint region
[2022-06-13T02:59:53.130+0000][1][safepoint    ] Total time for which application threads were stopped: 0.0010414 seconds, Stopping threads took: 0.0004355 seconds
[2022-06-13T02:59:54.131+0000][1][safepoint    ] Application time: 1.0004253 seconds
[2022-06-13T02:59:54.132+0000][1][safepoint    ] Entering safepoint region: Cleanup
[2022-06-13T02:59:54.132+0000][1][safepoint    ] Leaving safepoint region
[2022-06-13T02:59:54.133+0000][1][safepoint    ] Total time for which application threads were stopped: 0.0012603 seconds, Stopping threads took: 0.0006373 seconds
[2022-06-13T02:59:55.134+0000][1][safepoint    ] Application time: 1.0003052 seconds
[2022-06-13T02:59:55.134+0000][1][safepoint    ] Entering safepoint region: Cleanup
[2022-06-13T02:59:55.135+0000][1][safepoint    ] Leaving safepoint region
[2022-06-13T02:59:55.135+0000][1][safepoint    ] Total time for which application threads were stopped: 0.0008680 seconds, Stopping threads took: 0.0004027 seconds
[2022-06-13T02:59:56.136+0000][1][safepoint    ] Application time: 1.0002636 seconds
[2022-06-13T02:59:56.136+0000][1][safepoint    ] Entering safepoint region: Cleanup
[2022-06-13T02:59:56.137+0000][1][safepoint    ] Leaving safepoint region
[2022-06-13T02:59:56.137+0000][1][safepoint    ] Total time for which application threads were stopped: 0.0011877 seconds, Stopping threads took: 0.0004914 seconds
[2022-06-13T02:59:57.138+0000][1][safepoint    ] Application time: 1.0002752 seconds
[2022-06-13T02:59:57.139+0000][1][safepoint    ] Entering safepoint region: Cleanup
[2022-06-13T02:59:57.140+0000][1][safepoint    ] Leaving safepoint region
[2022-06-13T02:59:57.140+0000][1][safepoint    ] Total time for which application threads were stopped: 0.0009436 seconds, Stopping threads took: 0.0004464 seconds
[2022-06-13T02:59:58.140+0000][1][safepoint    ] Application time: 1.0002048 seconds
[2022-06-13T02:59:58.141+0000][1][safepoint    ] Entering safepoint region: Cleanup
[2022-06-13T02:59:58.142+0000][1][safepoint    ] Leaving safepoint region
[2022-06-13T02:59:58.142+0000][1][safepoint    ] Total time for which application threads were stopped: 0.0008075 seconds, Stopping threads took: 0.0003848 seconds
[2022-06-13T02:59:59.142+0000][1][safepoint    ] Application time: 1.0002430 seconds
[2022-06-13T02:59:59.143+0000][1][safepoint    ] Entering safepoint region: Cleanup
[2022-06-13T02:59:59.143+0000][1][safepoint    ] Leaving safepoint region
[2022-06-13T02:59:59.144+0000][1][safepoint    ] Total time for which application threads were stopped: 0.0008073 seconds, Stopping threads took: 0.0003687 seconds
[2022-06-13T03:00:00.144+0000][1][safepoint    ] Application time: 1.0002498 seconds
[2022-06-13T03:00:00.145+0000][1][safepoint    ] Entering safepoint region: Cleanup
[2022-06-13T03:00:00.145+0000][1][safepoint    ] Leaving safepoint region
[2022-06-13T03:00:00.145+0000][1][safepoint    ] Total time for which application threads were stopped: 0.0005836 seconds, Stopping threads took: 0.0003566 seconds
[2022-06-13T03:00:01.146+0000][1][safepoint    ] Application time: 1.0003000 seconds
[2022-06-13T03:00:01.146+0000][1][safepoint    ] Entering safepoint region: Cleanup
[2022-06-13T03:00:01.147+0000][1][safepoint    ] Leaving safepoint region
[2022-06-13T03:00:01.147+0000][1][safepoint    ] Total time for which application threads were stopped: 0.0007976 seconds, Stopping threads took: 0.0003471 seconds
[2022-06-13T03:00:02.148+0000][1][safepoint    ] Application time: 1.0002692 seconds
[2022-06-13T03:00:02.149+0000][1][safepoint    ] Entering safepoint region: Cleanup
[2022-06-13T03:00:02.149+0000][1][safepoint    ] Leaving safepoint region
[2022-06-13T03:00:02.149+0000][1][safepoint    ] Total time for which application threads were stopped: 0.0007992 seconds, Stopping threads took: 0.0003847 seconds
[2022-06-13T03:00:03.150+0000][1][safepoint    ] Application time: 1.0001171 seconds
[2022-06-13T03:00:03.150+0000][1][safepoint    ] Entering safepoint region: Cleanup
[2022-06-13T03:00:03.151+0000][1][safepoint    ] Leaving safepoint region
[2022-06-13T03:00:03.151+0000][1][safepoint    ] Total time for which application threads were stopped: 0.0005007 seconds, Stopping threads took: 0.0002595 seconds
[2022-06-13T03:00:04.151+0000][1][safepoint    ] Application time: 1.0003357 seconds
[2022-06-13T03:00:04.152+0000][1][safepoint    ] Entering safepoint region: Cleanup
[2022-06-13T03:00:04.152+0000][1][safepoint    ] Leaving safepoint region
[2022-06-13T03:00:04.153+0000][1][safepoint    ] Total time for which application threads were stopped: 0.0008722 seconds, Stopping threads took: 0.0003822 seconds
[2022-06-13T03:00:05.154+0000][1][safepoint    ] Application time: 1.0002892 seconds
[2022-06-13T03:00:05.154+0000][1][safepoint    ] Entering safepoint region: Cleanup
[2022-06-13T03:00:05.155+0000][1][safepoint    ] Leaving safepoint region
[2022-06-13T03:00:05.155+0000][1][safepoint    ] Total time for which application threads were stopped: 0.0008668 seconds, Stopping threads took: 0.0004412 seconds
[2022-06-13T03:00:06.156+0000][1][safepoint    ] Application time: 1.0003892 seconds
[2022-06-13T03:00:06.156+0000][1][safepoint    ] Entering safepoint region: Cleanup
[2022-06-13T03:00:06.157+0000][1][safepoint    ] Leaving safepoint region
[2022-06-13T03:00:06.158+0000][1][safepoint    ] Total time for which application threads were stopped: 0.0013748 seconds, Stopping threads took: 0.0005537 seconds
[2022-06-13T03:00:07.159+0000][1][safepoint    ] Application time: 1.0002667 seconds
[2022-06-13T03:00:07.159+0000][1][safepoint    ] Entering safepoint region: Cleanup
[2022-06-13T03:00:07.160+0000][1][safepoint    ] Leaving safepoint region
[2022-06-13T03:00:07.161+0000][1][safepoint    ] Total time for which application threads were stopped: 0.0015699 seconds, Stopping threads took: 0.0007305 seconds
[2022-06-13T03:00:08.162+0000][1][safepoint    ] Application time: 1.0003323 seconds
[2022-06-13T03:00:08.163+0000][1][safepoint    ] Entering safepoint region: Cleanup
[2022-06-13T03:00:08.164+0000][1][safepoint    ] Leaving safepoint region
[2022-06-13T03:00:08.164+0000][1][safepoint    ] Total time for which application threads were stopped: 0.0015688 seconds, Stopping threads took: 0.0007589 seconds
[2022-06-13T03:00:09.166+0000][1][safepoint    ] Application time: 1.0003342 seconds
[2022-06-13T03:00:09.166+0000][1][safepoint    ] Entering safepoint region: Cleanup
[2022-06-13T03:00:09.167+0000][1][safepoint    ] Leaving safepoint region
[2022-06-13T03:00:09.167+0000][1][safepoint    ] Total time for which application threads were stopped: 0.0008632 seconds, Stopping threads took: 0.0004057 seconds
[2022-06-13T03:00:10.168+0000][1][safepoint    ] Application time: 1.0001316 seconds
[2022-06-13T03:00:10.168+0000][1][safepoint    ] Entering safepoint region: Cleanup
[2022-06-13T03:00:10.168+0000][1][safepoint    ] Leaving safepoint region
[2022-06-13T03:00:10.169+0000][1][safepoint    ] Total time for which application threads were stopped: 0.0008175 seconds, Stopping threads took: 0.0003777 seconds
[2022-06-13T03:00:11.169+0000][1][safepoint    ] Application time: 1.0002853 seconds
[2022-06-13T03:00:11.170+0000][1][safepoint    ] Entering safepoint region: Cleanup
[2022-06-13T03:00:11.171+0000][1][safepoint    ] Leaving safepoint region
[2022-06-13T03:00:11.171+0000][1][safepoint    ] Total time for which application threads were stopped: 0.0013079 seconds, Stopping threads took: 0.0007487 seconds
[2022-06-13T03:00:12.172+0000][1][safepoint    ] Application time: 1.0002475 seconds
[2022-06-13T03:00:12.173+0000][1][safepoint    ] Entering safepoint region: Cleanup
[2022-06-13T03:00:12.174+0000][1][safepoint    ] Leaving safepoint region
[2022-06-13T03:00:12.175+0000][1][safepoint    ] Total time for which application threads were stopped: 0.0016266 seconds, Stopping threads took: 0.0006984 seconds
[2022-06-13T03:00:13.176+0000][1][safepoint    ] Application time: 1.0001540 seconds
[2022-06-13T03:00:13.176+0000][1][safepoint    ] Entering safepoint region: Cleanup
[2022-06-13T03:00:13.177+0000][1][safepoint    ] Leaving safepoint region
[2022-06-13T03:00:13.177+0000][1][safepoint    ] Total time for which application threads were stopped: 0.0010455 seconds, Stopping threads took: 0.0004812 seconds
[2022-06-13T03:00:14.178+0000][1][safepoint    ] Application time: 1.0001827 seconds
[2022-06-13T03:00:14.179+0000][1][safepoint    ] Entering safepoint region: Cleanup
[2022-06-13T03:00:14.179+0000][1][safepoint    ] Leaving safepoint region
[2022-06-13T03:00:14.180+0000][1][safepoint    ] Total time for which application threads were stopped: 0.0009278 seconds, Stopping threads took: 0.0003551 seconds
[2022-06-13T03:00:15.180+0000][1][safepoint    ] Application time: 1.0001362 seconds
[2022-06-13T03:00:15.181+0000][1][safepoint    ] Entering safepoint region: Cleanup
[2022-06-13T03:00:15.182+0000][1][safepoint    ] Leaving safepoint region
[2022-06-13T03:00:15.182+0000][1][safepoint    ] Total time for which application threads were stopped: 0.0011734 seconds, Stopping threads took: 0.0006246 seconds
[2022-06-13T03:00:16.183+0000][1][safepoint    ] Application time: 1.0001706 seconds
[2022-06-13T03:00:16.183+0000][1][safepoint    ] Entering safepoint region: Cleanup
[2022-06-13T03:00:16.184+0000][1][safepoint    ] Leaving safepoint region
[2022-06-13T03:00:16.184+0000][1][safepoint    ] Total time for which application threads were stopped: 0.0010677 seconds, Stopping threads took: 0.0005739 seconds
[2022-06-13T03:00:17.185+0000][1][safepoint    ] Application time: 1.0001574 seconds
[2022-06-13T03:00:17.185+0000][1][safepoint    ] Entering safepoint region: Cleanup
[2022-06-13T03:00:17.185+0000][1][safepoint    ] Leaving safepoint region
[2022-06-13T03:00:17.186+0000][1][safepoint    ] Total time for which application threads were stopped: 0.0007500 seconds, Stopping threads took: 0.0003263 seconds
[2022-06-13T03:00:18.186+0000][1][safepoint    ] Application time: 1.0001060 seconds
[2022-06-13T03:00:18.186+0000][1][safepoint    ] Entering safepoint region: Cleanup
[2022-06-13T03:00:18.187+0000][1][safepoint    ] Leaving safepoint region
[2022-06-13T03:00:18.187+0000][1][safepoint    ] Total time for which application threads were stopped: 0.0005119 seconds, Stopping threads took: 0.0002252 seconds
[2022-06-13T03:00:19.187+0000][1][safepoint    ] Application time: 1.0001227 seconds
[2022-06-13T03:00:19.188+0000][1][safepoint    ] Entering safepoint region: Cleanup
[2022-06-13T03:00:19.188+0000][1][safepoint    ] Leaving safepoint region
[2022-06-13T03:00:19.188+0000][1][safepoint    ] Total time for which application threads were stopped: 0.0004610 seconds, Stopping threads took: 0.0001645 seconds
[2022-06-13T03:00:20.188+0000][1][safepoint    ] Application time: 1.0001068 seconds
[2022-06-13T03:00:20.189+0000][1][safepoint    ] Entering safepoint region: Cleanup
[2022-06-13T03:00:20.189+0000][1][safepoint    ] Leaving safepoint region
[2022-06-13T03:00:20.189+0000][1][safepoint    ] Total time for which application threads were stopped: 0.0004679 seconds, Stopping threads took: 0.0001555 seconds
[2022-06-13T03:00:21.189+0000][1][safepoint    ] Application time: 1.0001373 seconds
[2022-06-13T03:00:21.190+0000][1][safepoint    ] Entering safepoint region: Cleanup
[2022-06-13T03:00:21.190+0000][1][safepoint    ] Leaving safepoint region
[2022-06-13T03:00:21.190+0000][1][safepoint    ] Total time for which application threads were stopped: 0.0006047 seconds, Stopping threads took: 0.0003138 seconds
[2022-06-13T03:00:22.191+0000][1][safepoint    ] Application time: 1.0002060 seconds
[2022-06-13T03:00:22.191+0000][1][safepoint    ] Entering safepoint region: Cleanup
[2022-06-13T03:00:22.191+0000][1][safepoint    ] Leaving safepoint region
[2022-06-13T03:00:22.191+0000][1][safepoint    ] Total time for which application threads were stopped: 0.0004214 seconds, Stopping threads took: 0.0002090 seconds
[2022-06-13T03:00:23.192+0000][1][safepoint    ] Application time: 1.0001561 seconds
[2022-06-13T03:00:23.192+0000][1][safepoint    ] Entering safepoint region: Cleanup
[2022-06-13T03:00:23.193+0000][1][safepoint    ] Leaving safepoint region
[2022-06-13T03:00:23.193+0000][1][safepoint    ] Total time for which application threads were stopped: 0.0008762 seconds, Stopping threads took: 0.0004673 seconds
[2022-06-13T03:00:24.193+0000][1][safepoint    ] Application time: 1.0001931 seconds
[2022-06-13T03:00:24.194+0000][1][safepoint    ] Entering safepoint region: Cleanup
[2022-06-13T03:00:24.194+0000][1][safepoint    ] Leaving safepoint region
[2022-06-13T03:00:24.195+0000][1][safepoint    ] Total time for which application threads were stopped: 0.0008243 seconds, Stopping threads took: 0.0004139 seconds
[2022-06-13T03:00:25.195+0000][1][safepoint    ] Application time: 1.0001412 seconds
[2022-06-13T03:00:25.196+0000][1][safepoint    ] Entering safepoint region: Cleanup
[2022-06-13T03:00:25.196+0000][1][safepoint    ] Leaving safepoint region
[2022-06-13T03:00:25.196+0000][1][safepoint    ] Total time for which application threads were stopped: 0.0006038 seconds, Stopping threads took: 0.0001872 seconds
[2022-06-13T03:00:26.197+0000][1][safepoint    ] Application time: 1.0001862 seconds
[2022-06-13T03:00:26.197+0000][1][safepoint    ] Entering safepoint region: Cleanup
[2022-06-13T03:00:26.198+0000][1][safepoint    ] Leaving safepoint region
[2022-06-13T03:00:26.198+0000][1][safepoint    ] Total time for which application threads were stopped: 0.0009001 seconds, Stopping threads took: 0.0004400 seconds
[2022-06-13T03:00:27.199+0000][1][safepoint    ] Application time: 1.0001113 seconds
[2022-06-13T03:00:27.199+0000][1][safepoint    ] Entering safepoint region: Cleanup
[2022-06-13T03:00:27.199+0000][1][safepoint    ] Leaving safepoint region
[2022-06-13T03:00:27.200+0000][1][safepoint    ] Total time for which application threads were stopped: 0.0006114 seconds, Stopping threads took: 0.0002747 seconds
[2022-06-13T03:00:28.200+0000][1][safepoint    ] Application time: 1.0001049 seconds
[2022-06-13T03:00:28.200+0000][1][safepoint    ] Entering safepoint region: Cleanup
[2022-06-13T03:00:28.200+0000][1][safepoint    ] Leaving safepoint region
[2022-06-13T03:00:28.201+0000][1][safepoint    ] Total time for which application threads were stopped: 0.0004008 seconds, Stopping threads took: 0.0001764 seconds
[2022-06-13T03:00:29.201+0000][1][safepoint    ] Application time: 1.0002449 seconds
[2022-06-13T03:00:29.202+0000][1][safepoint    ] Entering safepoint region: Cleanup
[2022-06-13T03:00:29.202+0000][1][safepoint    ] Leaving safepoint region
[2022-06-13T03:00:29.202+0000][1][safepoint    ] Total time for which application threads were stopped: 0.0004384 seconds, Stopping threads took: 0.0002508 seconds
[2022-06-13T03:00:30.203+0000][1][safepoint    ] Application time: 1.0002243 seconds
[2022-06-13T03:00:30.203+0000][1][safepoint    ] Entering safepoint region: Cleanup
[2022-06-13T03:00:30.204+0000][1][safepoint    ] Leaving safepoint region
[2022-06-13T03:00:30.204+0000][1][safepoint    ] Total time for which application threads were stopped: 0.0009501 seconds, Stopping threads took: 0.0003312 seconds
[2022-06-13T03:00:31.204+0000][1][safepoint    ] Application time: 1.0002396 seconds
[2022-06-13T03:00:31.205+0000][1][safepoint    ] Entering safepoint region: Cleanup
[2022-06-13T03:00:31.206+0000][1][safepoint    ] Leaving safepoint region
[2022-06-13T03:00:31.206+0000][1][safepoint    ] Total time for which application threads were stopped: 0.0006562 seconds, Stopping threads took: 0.0003684 seconds
[2022-06-13T03:00:32.206+0000][1][safepoint    ] Application time: 1.0001792 seconds
[2022-06-13T03:00:32.207+0000][1][safepoint    ] Entering safepoint region: Cleanup
[2022-06-13T03:00:32.207+0000][1][safepoint    ] Leaving safepoint region
[2022-06-13T03:00:32.207+0000][1][safepoint    ] Total time for which application threads were stopped: 0.0005566 seconds, Stopping threads took: 0.0002936 seconds
[2022-06-13T03:00:33.208+0000][1][safepoint    ] Application time: 1.0001629 seconds
[2022-06-13T03:00:33.208+0000][1][safepoint    ] Entering safepoint region: Cleanup
[2022-06-13T03:00:33.208+0000][1][safepoint    ] Leaving safepoint region
[2022-06-13T03:00:33.209+0000][1][safepoint    ] Total time for which application threads were stopped: 0.0005546 seconds, Stopping threads took: 0.0002269 seconds
[2022-06-13T03:00:34.209+0000][1][safepoint    ] Application time: 1.0001837 seconds
[2022-06-13T03:00:34.209+0000][1][safepoint    ] Entering safepoint region: Cleanup
[2022-06-13T03:00:34.210+0000][1][safepoint    ] Leaving safepoint region
[2022-06-13T03:00:34.210+0000][1][safepoint    ] Total time for which application threads were stopped: 0.0005396 seconds, Stopping threads took: 0.0002492 seconds
[2022-06-13T03:00:35.210+0000][1][safepoint    ] Application time: 1.0000950 seconds
[2022-06-13T03:00:35.210+0000][1][safepoint    ] Entering safepoint region: Cleanup
[2022-06-13T03:00:35.211+0000][1][safepoint    ] Leaving safepoint region
[2022-06-13T03:00:35.211+0000][1][safepoint    ] Total time for which application threads were stopped: 0.0005830 seconds, Stopping threads took: 0.0002359 seconds
[2022-06-13T03:00:36.211+0000][1][safepoint    ] Application time: 1.0001985 seconds
[2022-06-13T03:00:36.211+0000][1][safepoint    ] Entering safepoint region: Cleanup
[2022-06-13T03:00:36.212+0000][1][safepoint    ] Leaving safepoint region
[2022-06-13T03:00:36.212+0000][1][safepoint    ] Total time for which application threads were stopped: 0.0005056 seconds, Stopping threads took: 0.0002441 seconds
[2022-06-13T03:00:37.212+0000][1][safepoint    ] Application time: 1.0002625 seconds
[2022-06-13T03:00:37.213+0000][1][safepoint    ] Entering safepoint region: Cleanup
[2022-06-13T03:00:37.213+0000][1][safepoint    ] Leaving safepoint region
[2022-06-13T03:00:37.214+0000][1][safepoint    ] Total time for which application threads were stopped: 0.0008185 seconds, Stopping threads took: 0.0003932 seconds
[2022-06-13T03:00:38.214+0000][1][safepoint    ] Application time: 1.0002898 seconds
[2022-06-13T03:00:38.215+0000][1][safepoint    ] Entering safepoint region: Cleanup
[2022-06-13T03:00:38.215+0000][1][safepoint    ] Leaving safepoint region
[2022-06-13T03:00:38.215+0000][1][safepoint    ] Total time for which application threads were stopped: 0.0005407 seconds, Stopping threads took: 0.0002259 seconds
[2022-06-13T03:00:39.216+0000][1][safepoint    ] Application time: 1.0001995 seconds
[2022-06-13T03:00:39.216+0000][1][safepoint    ] Entering safepoint region: Cleanup
[2022-06-13T03:00:39.216+0000][1][safepoint    ] Leaving safepoint region
[2022-06-13T03:00:39.217+0000][1][safepoint    ] Total time for which application threads were stopped: 0.0006021 seconds, Stopping threads took: 0.0003019 seconds
[2022-06-13T03:00:40.217+0000][1][safepoint    ] Application time: 1.0001818 seconds
[2022-06-13T03:00:40.218+0000][1][safepoint    ] Entering safepoint region: Cleanup
[2022-06-13T03:00:40.218+0000][1][safepoint    ] Leaving safepoint region
[2022-06-13T03:00:40.219+0000][1][safepoint    ] Total time for which application threads were stopped: 0.0013244 seconds, Stopping threads took: 0.0005801 seconds
[2022-06-13T03:00:41.220+0000][1][safepoint    ] Application time: 1.0001900 seconds
[2022-06-13T03:00:41.220+0000][1][safepoint    ] Entering safepoint region: Cleanup
[2022-06-13T03:00:41.221+0000][1][safepoint    ] Leaving safepoint region
[2022-06-13T03:00:41.221+0000][1][safepoint    ] Total time for which application threads were stopped: 0.0007388 seconds, Stopping threads took: 0.0003465 seconds
[2022-06-13T03:00:42.222+0000][1][safepoint    ] Application time: 1.0002560 seconds
[2022-06-13T03:00:42.222+0000][1][safepoint    ] Entering safepoint region: Cleanup
[2022-06-13T03:00:42.223+0000][1][safepoint    ] Leaving safepoint region
[2022-06-13T03:00:42.223+0000][1][safepoint    ] Total time for which application threads were stopped: 0.0006998 seconds, Stopping threads took: 0.0003401 seconds
[2022-06-13T03:00:43.223+0000][1][safepoint    ] Application time: 1.0001674 seconds
[2022-06-13T03:00:43.224+0000][1][safepoint    ] Entering safepoint region: Cleanup
[2022-06-13T03:00:43.224+0000][1][safepoint    ] Leaving safepoint region
[2022-06-13T03:00:43.225+0000][1][safepoint    ] Total time for which application threads were stopped: 0.0011067 seconds, Stopping threads took: 0.0004829 seconds
[2022-06-13T03:00:44.226+0000][1][safepoint    ] Application time: 1.0001201 seconds
[2022-06-13T03:00:44.226+0000][1][safepoint    ] Entering safepoint region: Cleanup
[2022-06-13T03:00:44.227+0000][1][safepoint    ] Leaving safepoint region
[2022-06-13T03:00:44.227+0000][1][safepoint    ] Total time for which application threads were stopped: 0.0008074 seconds, Stopping threads took: 0.0003873 seconds
[2022-06-13T03:00:45.026+0000][1][safepoint    ] Application time: 0.7982951 seconds
[2022-06-13T03:00:45.026+0000][1][safepoint    ] Entering safepoint region: GenCollectForAllocation
[2022-06-13T03:00:45.026+0000][1][gc,start     ] GC(24) Pause Young (Allocation Failure)
[2022-06-13T03:00:45.027+0000][1][gc,task      ] GC(24) Using 5 workers of 13 for evacuation
[2022-06-13T03:00:45.029+0000][1][gc,age       ] GC(24) Desired survivor size 4456448 bytes, new threshold 6 (max threshold 6)
[2022-06-13T03:00:45.029+0000][1][gc,age       ] GC(24) Age table with threshold 6 (max threshold 6)
[2022-06-13T03:00:45.029+0000][1][gc,age       ] GC(24) - age   1:      34064 bytes,      34064 total
[2022-06-13T03:00:45.030+0000][1][gc,age       ] GC(24) - age   2:      34920 bytes,      68984 total
[2022-06-13T03:00:45.030+0000][1][gc,age       ] GC(24) - age   3:    1321488 bytes,    1390472 total
[2022-06-13T03:00:45.030+0000][1][gc,heap      ] GC(24) ParNew: 74902K->1899K(78656K)
[2022-06-13T03:00:45.031+0000][1][gc,heap      ] GC(24) CMS: 67732K->67732K(174784K)
[2022-06-13T03:00:45.031+0000][1][gc,metaspace ] GC(24) Metaspace: 65260K->65260K(1110016K)
[2022-06-13T03:00:45.031+0000][1][gc           ] GC(24) Pause Young (Allocation Failure) 139M->68M(247M) 5.033ms
[2022-06-13T03:00:45.032+0000][1][gc,cpu       ] GC(24) User=0.01s Sys=0.00s Real=0.01s
[2022-06-13T03:00:45.032+0000][1][safepoint    ] Leaving safepoint region
[2022-06-13T03:00:45.032+0000][1][safepoint    ] Total time for which application threads were stopped: 0.0065869 seconds, Stopping threads took: 0.0004610 seconds
[2022-06-13T03:00:46.033+0000][1][safepoint    ] Application time: 1.0001361 seconds
[2022-06-13T03:00:46.034+0000][1][safepoint    ] Entering safepoint region: Cleanup
[2022-06-13T03:00:46.034+0000][1][safepoint    ] Leaving safepoint region
[2022-06-13T03:00:46.034+0000][1][safepoint    ] Total time for which application threads were stopped: 0.0007593 seconds, Stopping threads took: 0.0003257 seconds
[2022-06-13T03:00:47.035+0000][1][safepoint    ] Application time: 1.0001900 seconds
[2022-06-13T03:00:47.035+0000][1][safepoint    ] Entering safepoint region: Cleanup
[2022-06-13T03:00:47.036+0000][1][safepoint    ] Leaving safepoint region
[2022-06-13T03:00:47.036+0000][1][safepoint    ] Total time for which application threads were stopped: 0.0007388 seconds, Stopping threads took: 0.0003388 seconds
[2022-06-13T03:00:48.036+0000][1][safepoint    ] Application time: 1.0001695 seconds
[2022-06-13T03:00:48.037+0000][1][safepoint    ] Entering safepoint region: Cleanup
[2022-06-13T03:00:48.037+0000][1][safepoint    ] Leaving safepoint region
[2022-06-13T03:00:48.037+0000][1][safepoint    ] Total time for which application threads were stopped: 0.0003845 seconds, Stopping threads took: 0.0001703 seconds
[2022-06-13T03:00:49.037+0000][1][safepoint    ] Application time: 1.0001913 seconds
[2022-06-13T03:00:49.038+0000][1][safepoint    ] Entering safepoint region: Cleanup
[2022-06-13T03:00:49.038+0000][1][safepoint    ] Leaving safepoint region
[2022-06-13T03:00:49.039+0000][1][safepoint    ] Total time for which application threads were stopped: 0.0010463 seconds, Stopping threads took: 0.0005629 seconds
[2022-06-13T03:00:50.039+0000][1][safepoint    ] Application time: 1.0001938 seconds
[2022-06-13T03:00:50.040+0000][1][safepoint    ] Entering safepoint region: Cleanup
[2022-06-13T03:00:50.040+0000][1][safepoint    ] Leaving safepoint region
[2022-06-13T03:00:50.041+0000][1][safepoint    ] Total time for which application threads were stopped: 0.0011400 seconds, Stopping threads took: 0.0004115 seconds
[2022-06-13T03:00:51.042+0000][1][safepoint    ] Application time: 1.0001385 seconds
[2022-06-13T03:00:51.042+0000][1][safepoint    ] Entering safepoint region: Cleanup
[2022-06-13T03:00:51.042+0000][1][safepoint    ] Leaving safepoint region
[2022-06-13T03:00:51.043+0000][1][safepoint    ] Total time for which application threads were stopped: 0.0007766 seconds, Stopping threads took: 0.0002701 seconds
[2022-06-13T03:00:52.043+0000][1][safepoint    ] Application time: 1.0000995 seconds
[2022-06-13T03:00:52.043+0000][1][safepoint    ] Entering safepoint region: Cleanup
[2022-06-13T03:00:52.044+0000][1][safepoint    ] Leaving safepoint region
[2022-06-13T03:00:52.044+0000][1][safepoint    ] Total time for which application threads were stopped: 0.0010108 seconds, Stopping threads took: 0.0004612 seconds
[2022-06-13T03:00:53.045+0000][1][safepoint    ] Application time: 1.0001927 seconds
[2022-06-13T03:00:53.046+0000][1][safepoint    ] Entering safepoint region: Cleanup
[2022-06-13T03:00:53.046+0000][1][safepoint    ] Leaving safepoint region
[2022-06-13T03:00:53.047+0000][1][safepoint    ] Total time for which application threads were stopped: 0.0010699 seconds, Stopping threads took: 0.0004640 seconds
[2022-06-13T03:00:54.047+0000][1][safepoint    ] Application time: 1.0001725 seconds
[2022-06-13T03:00:54.048+0000][1][safepoint    ] Entering safepoint region: Cleanup
[2022-06-13T03:00:54.048+0000][1][safepoint    ] Leaving safepoint region
[2022-06-13T03:00:54.049+0000][1][safepoint    ] Total time for which application threads were stopped: 0.0008430 seconds, Stopping threads took: 0.0003881 seconds
[2022-06-13T03:00:55.049+0000][1][safepoint    ] Application time: 1.0001964 seconds
[2022-06-13T03:00:55.050+0000][1][safepoint    ] Entering safepoint region: Cleanup
[2022-06-13T03:00:55.050+0000][1][safepoint    ] Leaving safepoint region
[2022-06-13T03:00:55.050+0000][1][safepoint    ] Total time for which application threads were stopped: 0.0004093 seconds, Stopping threads took: 0.0001719 seconds
[2022-06-13T03:00:56.050+0000][1][safepoint    ] Application time: 1.0002396 seconds
[2022-06-13T03:00:56.051+0000][1][safepoint    ] Entering safepoint region: Cleanup
[2022-06-13T03:00:56.051+0000][1][safepoint    ] Leaving safepoint region
[2022-06-13T03:00:56.052+0000][1][safepoint    ] Total time for which application threads were stopped: 0.0008982 seconds, Stopping threads took: 0.0003603 seconds
[2022-06-13T03:00:57.052+0000][1][safepoint    ] Application time: 1.0001211 seconds
[2022-06-13T03:00:57.052+0000][1][safepoint    ] Entering safepoint region: Cleanup
[2022-06-13T03:00:57.053+0000][1][safepoint    ] Leaving safepoint region
[2022-06-13T03:00:57.053+0000][1][safepoint    ] Total time for which application threads were stopped: 0.0010496 seconds, Stopping threads took: 0.0005486 seconds
[2022-06-13T03:00:58.054+0000][1][safepoint    ] Application time: 1.0001595 seconds
[2022-06-13T03:00:58.054+0000][1][safepoint    ] Entering safepoint region: Cleanup
[2022-06-13T03:00:58.055+0000][1][safepoint    ] Leaving safepoint region
[2022-06-13T03:00:58.055+0000][1][safepoint    ] Total time for which application threads were stopped: 0.0006462 seconds, Stopping threads took: 0.0003006 seconds
[2022-06-13T03:00:59.055+0000][1][safepoint    ] Application time: 1.0001982 seconds
[2022-06-13T03:00:59.056+0000][1][safepoint    ] Entering safepoint region: Cleanup
[2022-06-13T03:00:59.056+0000][1][safepoint    ] Leaving safepoint region
[2022-06-13T03:00:59.057+0000][1][safepoint    ] Total time for which application threads were stopped: 0.0008767 seconds, Stopping threads took: 0.0003680 seconds
[2022-06-13T03:01:00.057+0000][1][safepoint    ] Application time: 1.0001990 seconds
[2022-06-13T03:01:00.058+0000][1][safepoint    ] Entering safepoint region: Cleanup
[2022-06-13T03:01:00.059+0000][1][safepoint    ] Leaving safepoint region
[2022-06-13T03:01:00.059+0000][1][safepoint    ] Total time for which application threads were stopped: 0.0010628 seconds, Stopping threads took: 0.0004988 seconds
[2022-06-13T03:01:01.060+0000][1][safepoint    ] Application time: 1.0002406 seconds
[2022-06-13T03:01:01.061+0000][1][safepoint    ] Entering safepoint region: Cleanup
[2022-06-13T03:01:01.061+0000][1][safepoint    ] Leaving safepoint region
[2022-06-13T03:01:01.062+0000][1][safepoint    ] Total time for which application threads were stopped: 0.0011887 seconds, Stopping threads took: 0.0005605 seconds
[2022-06-13T03:01:02.062+0000][1][safepoint    ] Application time: 1.0001320 seconds
[2022-06-13T03:01:02.063+0000][1][safepoint    ] Entering safepoint region: Cleanup
[2022-06-13T03:01:02.064+0000][1][safepoint    ] Leaving safepoint region
[2022-06-13T03:01:02.064+0000][1][safepoint    ] Total time for which application threads were stopped: 0.0011995 seconds, Stopping threads took: 0.0005524 seconds
[2022-06-13T03:01:03.065+0000][1][safepoint    ] Application time: 1.0001485 seconds
[2022-06-13T03:01:03.065+0000][1][safepoint    ] Entering safepoint region: Cleanup
[2022-06-13T03:01:03.066+0000][1][safepoint    ] Leaving safepoint region
[2022-06-13T03:01:03.066+0000][1][safepoint    ] Total time for which application threads were stopped: 0.0008447 seconds, Stopping threads took: 0.0004090 seconds
[2022-06-13T03:01:04.067+0000][1][safepoint    ] Application time: 1.0003538 seconds
[2022-06-13T03:01:04.068+0000][1][safepoint    ] Entering safepoint region: Cleanup
[2022-06-13T03:01:04.068+0000][1][safepoint    ] Leaving safepoint region
[2022-06-13T03:01:04.069+0000][1][safepoint    ] Total time for which application threads were stopped: 0.0012253 seconds, Stopping threads took: 0.0004944 seconds
[2022-06-13T03:01:05.070+0000][1][safepoint    ] Application time: 1.0002654 seconds
[2022-06-13T03:01:05.070+0000][1][safepoint    ] Entering safepoint region: Cleanup
[2022-06-13T03:01:05.071+0000][1][safepoint    ] Leaving safepoint region
[2022-06-13T03:01:05.071+0000][1][safepoint    ] Total time for which application threads were stopped: 0.0012462 seconds, Stopping threads took: 0.0005914 seconds
[2022-06-13T03:01:06.072+0000][1][safepoint    ] Application time: 1.0001691 seconds
[2022-06-13T03:01:06.073+0000][1][safepoint    ] Entering safepoint region: Cleanup
[2022-06-13T03:01:06.073+0000][1][safepoint    ] Leaving safepoint region
[2022-06-13T03:01:06.073+0000][1][safepoint    ] Total time for which application threads were stopped: 0.0009047 seconds, Stopping threads took: 0.0004122 seconds
[2022-06-13T03:01:07.074+0000][1][safepoint    ] Application time: 1.0002358 seconds
[2022-06-13T03:01:07.075+0000][1][safepoint    ] Entering safepoint region: Cleanup
[2022-06-13T03:01:07.075+0000][1][safepoint    ] Leaving safepoint region
[2022-06-13T03:01:07.075+0000][1][safepoint    ] Total time for which application threads were stopped: 0.0006307 seconds, Stopping threads took: 0.0003201 seconds
[2022-06-13T03:01:08.076+0000][1][safepoint    ] Application time: 1.0001283 seconds
[2022-06-13T03:01:08.076+0000][1][safepoint    ] Entering safepoint region: Cleanup
[2022-06-13T03:01:08.076+0000][1][safepoint    ] Leaving safepoint region
[2022-06-13T03:01:08.076+0000][1][safepoint    ] Total time for which application threads were stopped: 0.0004501 seconds, Stopping threads took: 0.0002033 seconds
[2022-06-13T03:01:09.077+0000][1][safepoint    ] Application time: 1.0001396 seconds
[2022-06-13T03:01:09.077+0000][1][safepoint    ] Entering safepoint region: Cleanup
[2022-06-13T03:01:09.077+0000][1][safepoint    ] Leaving safepoint region
[2022-06-13T03:01:09.077+0000][1][safepoint    ] Total time for which application threads were stopped: 0.0004827 seconds, Stopping threads took: 0.0001874 seconds
[2022-06-13T03:01:10.078+0000][1][safepoint    ] Application time: 1.0001134 seconds
[2022-06-13T03:01:10.078+0000][1][safepoint    ] Entering safepoint region: Cleanup
[2022-06-13T03:01:10.078+0000][1][safepoint    ] Leaving safepoint region
[2022-06-13T03:01:10.078+0000][1][safepoint    ] Total time for which application threads were stopped: 0.0003976 seconds, Stopping threads took: 0.0001881 seconds
[2022-06-13T03:01:11.079+0000][1][safepoint    ] Application time: 1.0001423 seconds
[2022-06-13T03:01:11.079+0000][1][safepoint    ] Entering safepoint region: Cleanup
[2022-06-13T03:01:11.079+0000][1][safepoint    ] Leaving safepoint region
[2022-06-13T03:01:11.080+0000][1][safepoint    ] Total time for which application threads were stopped: 0.0006016 seconds, Stopping threads took: 0.0002292 seconds
[2022-06-13T03:01:12.080+0000][1][safepoint    ] Application time: 1.0001079 seconds
[2022-06-13T03:01:12.080+0000][1][safepoint    ] Entering safepoint region: Cleanup
[2022-06-13T03:01:12.080+0000][1][safepoint    ] Leaving safepoint region
[2022-06-13T03:01:12.080+0000][1][safepoint    ] Total time for which application threads were stopped: 0.0004488 seconds, Stopping threads took: 0.0001908 seconds
[2022-06-13T03:01:13.081+0000][1][safepoint    ] Application time: 1.0002241 seconds
[2022-06-13T03:01:13.081+0000][1][safepoint    ] Entering safepoint region: Cleanup
[2022-06-13T03:01:13.081+0000][1][safepoint    ] Leaving safepoint region
[2022-06-13T03:01:13.082+0000][1][safepoint    ] Total time for which application threads were stopped: 0.0003957 seconds, Stopping threads took: 0.0001719 seconds
[2022-06-13T03:01:14.082+0000][1][safepoint    ] Application time: 1.0002470 seconds
[2022-06-13T03:01:14.082+0000][1][safepoint    ] Entering safepoint region: Cleanup
[2022-06-13T03:01:14.082+0000][1][safepoint    ] Leaving safepoint region
[2022-06-13T03:01:14.083+0000][1][safepoint    ] Total time for which application threads were stopped: 0.0004670 seconds, Stopping threads took: 0.0002700 seconds
[2022-06-13T03:01:15.083+0000][1][safepoint    ] Application time: 1.0001980 seconds
[2022-06-13T03:01:15.083+0000][1][safepoint    ] Entering safepoint region: Cleanup
[2022-06-13T03:01:15.084+0000][1][safepoint    ] Leaving safepoint region
[2022-06-13T03:01:15.084+0000][1][safepoint    ] Total time for which application threads were stopped: 0.0009738 seconds, Stopping threads took: 0.0005223 seconds
[2022-06-13T03:01:16.085+0000][1][safepoint    ] Application time: 1.0001718 seconds
[2022-06-13T03:01:16.085+0000][1][safepoint    ] Entering safepoint region: Cleanup
[2022-06-13T03:01:16.086+0000][1][safepoint    ] Leaving safepoint region
[2022-06-13T03:01:16.086+0000][1][safepoint    ] Total time for which application threads were stopped: 0.0007303 seconds, Stopping threads took: 0.0001695 seconds
[2022-06-13T03:01:17.086+0000][1][safepoint    ] Application time: 1.0001178 seconds
[2022-06-13T03:01:17.087+0000][1][safepoint    ] Entering safepoint region: Cleanup
[2022-06-13T03:01:17.087+0000][1][safepoint    ] Leaving safepoint region
[2022-06-13T03:01:17.087+0000][1][safepoint    ] Total time for which application threads were stopped: 0.0003532 seconds, Stopping threads took: 0.0001484 seconds
[2022-06-13T03:01:18.087+0000][1][safepoint    ] Application time: 1.0001916 seconds
[2022-06-13T03:01:18.087+0000][1][safepoint    ] Entering safepoint region: Cleanup
[2022-06-13T03:01:18.088+0000][1][safepoint    ] Leaving safepoint region
[2022-06-13T03:01:18.088+0000][1][safepoint    ] Total time for which application threads were stopped: 0.0007689 seconds, Stopping threads took: 0.0003216 seconds
[2022-06-13T03:01:19.089+0000][1][safepoint    ] Application time: 1.0001634 seconds
[2022-06-13T03:01:19.089+0000][1][safepoint    ] Entering safepoint region: Cleanup
[2022-06-13T03:01:19.089+0000][1][safepoint    ] Leaving safepoint region
[2022-06-13T03:01:19.090+0000][1][safepoint    ] Total time for which application threads were stopped: 0.0007256 seconds, Stopping threads took: 0.0004344 seconds
[2022-06-13T03:01:20.090+0000][1][safepoint    ] Application time: 1.0001186 seconds
[2022-06-13T03:01:20.090+0000][1][safepoint    ] Entering safepoint region: Cleanup
[2022-06-13T03:01:20.091+0000][1][safepoint    ] Leaving safepoint region
[2022-06-13T03:01:20.091+0000][1][safepoint    ] Total time for which application threads were stopped: 0.0005503 seconds, Stopping threads took: 0.0003140 seconds
[2022-06-13T03:01:21.091+0000][1][safepoint    ] Application time: 1.0001743 seconds
[2022-06-13T03:01:21.092+0000][1][safepoint    ] Entering safepoint region: Cleanup
[2022-06-13T03:01:21.092+0000][1][safepoint    ] Leaving safepoint region
[2022-06-13T03:01:21.093+0000][1][safepoint    ] Total time for which application threads were stopped: 0.0012688 seconds, Stopping threads took: 0.0005435 seconds
[2022-06-13T03:01:22.094+0000][1][safepoint    ] Application time: 1.0001953 seconds
[2022-06-13T03:01:22.094+0000][1][safepoint    ] Entering safepoint region: Cleanup
[2022-06-13T03:01:22.095+0000][1][safepoint    ] Leaving safepoint region
[2022-06-13T03:01:22.095+0000][1][safepoint    ] Total time for which application threads were stopped: 0.0007385 seconds, Stopping threads took: 0.0003128 seconds
[2022-06-13T03:01:23.095+0000][1][safepoint    ] Application time: 1.0002801 seconds
[2022-06-13T03:01:23.096+0000][1][safepoint    ] Entering safepoint region: Cleanup
[2022-06-13T03:01:23.096+0000][1][safepoint    ] Leaving safepoint region
[2022-06-13T03:01:23.097+0000][1][safepoint    ] Total time for which application threads were stopped: 0.0010731 seconds, Stopping threads took: 0.0005106 seconds
[2022-06-13T03:01:24.097+0000][1][safepoint    ] Application time: 1.0001475 seconds
[2022-06-13T03:01:24.098+0000][1][safepoint    ] Entering safepoint region: Cleanup
[2022-06-13T03:01:24.098+0000][1][safepoint    ] Leaving safepoint region
[2022-06-13T03:01:24.098+0000][1][safepoint    ] Total time for which application threads were stopped: 0.0005774 seconds, Stopping threads took: 0.0002624 seconds
[2022-06-13T03:01:25.099+0000][1][safepoint    ] Application time: 1.0001458 seconds
[2022-06-13T03:01:25.099+0000][1][safepoint    ] Entering safepoint region: Cleanup
[2022-06-13T03:01:25.100+0000][1][safepoint    ] Leaving safepoint region
[2022-06-13T03:01:25.100+0000][1][safepoint    ] Total time for which application threads were stopped: 0.0008745 seconds, Stopping threads took: 0.0004161 seconds
[2022-06-13T03:01:26.101+0000][1][safepoint    ] Application time: 1.0001716 seconds
[2022-06-13T03:01:26.101+0000][1][safepoint    ] Entering safepoint region: Cleanup
[2022-06-13T03:01:26.102+0000][1][safepoint    ] Leaving safepoint region
[2022-06-13T03:01:26.103+0000][1][safepoint    ] Total time for which application threads were stopped: 0.0013376 seconds, Stopping threads took: 0.0006103 seconds
[2022-06-13T03:01:27.103+0000][1][safepoint    ] Application time: 1.0002065 seconds
[2022-06-13T03:01:27.104+0000][1][safepoint    ] Entering safepoint region: Cleanup
[2022-06-13T03:01:27.104+0000][1][safepoint    ] Leaving safepoint region
[2022-06-13T03:01:27.105+0000][1][safepoint    ] Total time for which application threads were stopped: 0.0009892 seconds, Stopping threads took: 0.0004829 seconds
[2022-06-13T03:01:28.105+0000][1][safepoint    ] Application time: 1.0001158 seconds
[2022-06-13T03:01:28.106+0000][1][safepoint    ] Entering safepoint region: Cleanup
[2022-06-13T03:01:28.106+0000][1][safepoint    ] Leaving safepoint region
[2022-06-13T03:01:28.106+0000][1][safepoint    ] Total time for which application threads were stopped: 0.0005500 seconds, Stopping threads took: 0.0002232 seconds
[2022-06-13T03:01:29.106+0000][1][safepoint    ] Application time: 1.0001291 seconds
[2022-06-13T03:01:29.107+0000][1][safepoint    ] Entering safepoint region: Cleanup
[2022-06-13T03:01:29.107+0000][1][safepoint    ] Leaving safepoint region
[2022-06-13T03:01:29.107+0000][1][safepoint    ] Total time for which application threads were stopped: 0.0005416 seconds, Stopping threads took: 0.0002788 seconds
[2022-06-13T03:01:30.108+0000][1][safepoint    ] Application time: 1.0003264 seconds
[2022-06-13T03:01:30.108+0000][1][safepoint    ] Entering safepoint region: Cleanup
[2022-06-13T03:01:30.109+0000][1][safepoint    ] Leaving safepoint region
[2022-06-13T03:01:30.109+0000][1][safepoint    ] Total time for which application threads were stopped: 0.0006584 seconds, Stopping threads took: 0.0002871 seconds
[2022-06-13T03:01:31.109+0000][1][safepoint    ] Application time: 1.0002137 seconds
[2022-06-13T03:01:31.110+0000][1][safepoint    ] Entering safepoint region: Cleanup
[2022-06-13T03:01:31.110+0000][1][safepoint    ] Leaving safepoint region
[2022-06-13T03:01:31.111+0000][1][safepoint    ] Total time for which application threads were stopped: 0.0011280 seconds, Stopping threads took: 0.0005403 seconds
[2022-06-13T03:01:32.112+0000][1][safepoint    ] Application time: 1.0003393 seconds
[2022-06-13T03:01:32.112+0000][1][safepoint    ] Entering safepoint region: Cleanup
[2022-06-13T03:01:32.113+0000][1][safepoint    ] Leaving safepoint region
[2022-06-13T03:01:32.113+0000][1][safepoint    ] Total time for which application threads were stopped: 0.0007769 seconds, Stopping threads took: 0.0003368 seconds
[2022-06-13T03:01:33.113+0000][1][safepoint    ] Application time: 1.0001717 seconds
[2022-06-13T03:01:33.114+0000][1][safepoint    ] Entering safepoint region: Cleanup
[2022-06-13T03:01:33.115+0000][1][safepoint    ] Leaving safepoint region
[2022-06-13T03:01:33.115+0000][1][safepoint    ] Total time for which application threads were stopped: 0.0010322 seconds, Stopping threads took: 0.0003747 seconds
[2022-06-13T03:01:34.116+0000][1][safepoint    ] Application time: 1.0001350 seconds
[2022-06-13T03:01:34.116+0000][1][safepoint    ] Entering safepoint region: Cleanup
[2022-06-13T03:01:34.116+0000][1][safepoint    ] Leaving safepoint region
[2022-06-13T03:01:34.116+0000][1][safepoint    ] Total time for which application threads were stopped: 0.0006130 seconds, Stopping threads took: 0.0002815 seconds
[2022-06-13T03:01:35.117+0000][1][safepoint    ] Application time: 1.0001712 seconds
[2022-06-13T03:01:35.117+0000][1][safepoint    ] Entering safepoint region: Cleanup
[2022-06-13T03:01:35.118+0000][1][safepoint    ] Leaving safepoint region
[2022-06-13T03:01:35.119+0000][1][safepoint    ] Total time for which application threads were stopped: 0.0010834 seconds, Stopping threads took: 0.0004978 seconds
[2022-06-13T03:01:36.119+0000][1][safepoint    ] Application time: 1.0002413 seconds
[2022-06-13T03:01:36.120+0000][1][safepoint    ] Entering safepoint region: Cleanup
[2022-06-13T03:01:36.120+0000][1][safepoint    ] Leaving safepoint region
[2022-06-13T03:01:36.121+0000][1][safepoint    ] Total time for which application threads were stopped: 0.0009898 seconds, Stopping threads took: 0.0005474 seconds
[2022-06-13T03:01:37.121+0000][1][safepoint    ] Application time: 1.0001892 seconds
[2022-06-13T03:01:37.122+0000][1][safepoint    ] Entering safepoint region: Cleanup
[2022-06-13T03:01:37.122+0000][1][safepoint    ] Leaving safepoint region
[2022-06-13T03:01:37.123+0000][1][safepoint    ] Total time for which application threads were stopped: 0.0009469 seconds, Stopping threads took: 0.0004672 seconds
[2022-06-13T03:01:38.123+0000][1][safepoint    ] Application time: 1.0002116 seconds
[2022-06-13T03:01:38.124+0000][1][safepoint    ] Entering safepoint region: Cleanup
[2022-06-13T03:01:38.124+0000][1][safepoint    ] Leaving safepoint region
[2022-06-13T03:01:38.124+0000][1][safepoint    ] Total time for which application threads were stopped: 0.0007817 seconds, Stopping threads took: 0.0003463 seconds
[2022-06-13T03:01:39.125+0000][1][safepoint    ] Application time: 1.0002723 seconds
[2022-06-13T03:01:39.126+0000][1][safepoint    ] Entering safepoint region: Cleanup
[2022-06-13T03:01:39.126+0000][1][safepoint    ] Leaving safepoint region
[2022-06-13T03:01:39.127+0000][1][safepoint    ] Total time for which application threads were stopped: 0.0009908 seconds, Stopping threads took: 0.0004449 seconds
[2022-06-13T03:01:40.127+0000][1][safepoint    ] Application time: 1.0001990 seconds
[2022-06-13T03:01:40.128+0000][1][safepoint    ] Entering safepoint region: Cleanup
[2022-06-13T03:01:40.128+0000][1][safepoint    ] Leaving safepoint region
[2022-06-13T03:01:40.128+0000][1][safepoint    ] Total time for which application threads were stopped: 0.0008456 seconds, Stopping threads took: 0.0003091 seconds
[2022-06-13T03:01:41.129+0000][1][safepoint    ] Application time: 1.0001839 seconds
[2022-06-13T03:01:41.130+0000][1][safepoint    ] Entering safepoint region: Cleanup
[2022-06-13T03:01:41.130+0000][1][safepoint    ] Leaving safepoint region
[2022-06-13T03:01:41.131+0000][1][safepoint    ] Total time for which application threads were stopped: 0.0012931 seconds, Stopping threads took: 0.0006856 seconds
[2022-06-13T03:01:42.131+0000][1][safepoint    ] Application time: 1.0001908 seconds
[2022-06-13T03:01:42.132+0000][1][safepoint    ] Entering safepoint region: Cleanup
[2022-06-13T03:01:42.132+0000][1][safepoint    ] Leaving safepoint region
[2022-06-13T03:01:42.133+0000][1][safepoint    ] Total time for which application threads were stopped: 0.0011737 seconds, Stopping threads took: 0.0005340 seconds
[2022-06-13T03:01:43.134+0000][1][safepoint    ] Application time: 1.0001573 seconds
[2022-06-13T03:01:43.134+0000][1][safepoint    ] Entering safepoint region: Cleanup
[2022-06-13T03:01:43.135+0000][1][safepoint    ] Leaving safepoint region
[2022-06-13T03:01:43.135+0000][1][safepoint    ] Total time for which application threads were stopped: 0.0012494 seconds, Stopping threads took: 0.0005424 seconds
[2022-06-13T03:01:44.136+0000][1][safepoint    ] Application time: 1.0002856 seconds
[2022-06-13T03:01:44.136+0000][1][safepoint    ] Entering safepoint region: Cleanup
[2022-06-13T03:01:44.137+0000][1][safepoint    ] Leaving safepoint region
[2022-06-13T03:01:44.137+0000][1][safepoint    ] Total time for which application threads were stopped: 0.0009992 seconds, Stopping threads took: 0.0003863 seconds
[2022-06-13T03:01:45.138+0000][1][safepoint    ] Application time: 1.0002953 seconds
[2022-06-13T03:01:45.139+0000][1][safepoint    ] Entering safepoint region: Cleanup
[2022-06-13T03:01:45.139+0000][1][safepoint    ] Leaving safepoint region
[2022-06-13T03:01:45.140+0000][1][safepoint    ] Total time for which application threads were stopped: 0.0011194 seconds, Stopping threads took: 0.0005566 seconds
[2022-06-13T03:01:46.140+0000][1][safepoint    ] Application time: 1.0001913 seconds
[2022-06-13T03:01:46.141+0000][1][safepoint    ] Entering safepoint region: Cleanup
[2022-06-13T03:01:46.141+0000][1][safepoint    ] Leaving safepoint region
[2022-06-13T03:01:46.141+0000][1][safepoint    ] Total time for which application threads were stopped: 0.0004850 seconds, Stopping threads took: 0.0001898 seconds
[2022-06-13T03:01:47.141+0000][1][safepoint    ] Application time: 1.0001100 seconds
[2022-06-13T03:01:47.142+0000][1][safepoint    ] Entering safepoint region: Cleanup
[2022-06-13T03:01:47.142+0000][1][safepoint    ] Leaving safepoint region
[2022-06-13T03:01:47.143+0000][1][safepoint    ] Total time for which application threads were stopped: 0.0012099 seconds, Stopping threads took: 0.0003531 seconds
[2022-06-13T03:01:48.144+0000][1][safepoint    ] Application time: 1.0001512 seconds
[2022-06-13T03:01:48.144+0000][1][safepoint    ] Entering safepoint region: Cleanup
[2022-06-13T03:01:48.145+0000][1][safepoint    ] Leaving safepoint region
[2022-06-13T03:01:48.145+0000][1][safepoint    ] Total time for which application threads were stopped: 0.0010162 seconds, Stopping threads took: 0.0004559 seconds
[2022-06-13T03:01:49.146+0000][1][safepoint    ] Application time: 1.0002755 seconds
[2022-06-13T03:01:49.147+0000][1][safepoint    ] Entering safepoint region: Cleanup
[2022-06-13T03:01:49.147+0000][1][safepoint    ] Leaving safepoint region
[2022-06-13T03:01:49.147+0000][1][safepoint    ] Total time for which application threads were stopped: 0.0009560 seconds, Stopping threads took: 0.0003945 seconds
[2022-06-13T03:01:50.148+0000][1][safepoint    ] Application time: 1.0002109 seconds
[2022-06-13T03:01:50.149+0000][1][safepoint    ] Entering safepoint region: Cleanup
[2022-06-13T03:01:50.149+0000][1][safepoint    ] Leaving safepoint region
[2022-06-13T03:01:50.149+0000][1][safepoint    ] Total time for which application threads were stopped: 0.0006096 seconds, Stopping threads took: 0.0003334 seconds
[2022-06-13T03:01:51.150+0000][1][safepoint    ] Application time: 1.0002399 seconds
[2022-06-13T03:01:51.150+0000][1][safepoint    ] Entering safepoint region: Cleanup
[2022-06-13T03:01:51.150+0000][1][safepoint    ] Leaving safepoint region
[2022-06-13T03:01:51.151+0000][1][safepoint    ] Total time for which application threads were stopped: 0.0005958 seconds, Stopping threads took: 0.0002449 seconds
[2022-06-13T03:01:52.151+0000][1][safepoint    ] Application time: 1.0002204 seconds
[2022-06-13T03:01:52.152+0000][1][safepoint    ] Entering safepoint region: Cleanup
[2022-06-13T03:01:52.152+0000][1][safepoint    ] Leaving safepoint region
[2022-06-13T03:01:52.153+0000][1][safepoint    ] Total time for which application threads were stopped: 0.0008935 seconds, Stopping threads took: 0.0004598 seconds
[2022-06-13T03:01:53.153+0000][1][safepoint    ] Application time: 1.0001836 seconds
[2022-06-13T03:01:53.154+0000][1][safepoint    ] Entering safepoint region: Cleanup
[2022-06-13T03:01:53.154+0000][1][safepoint    ] Leaving safepoint region
[2022-06-13T03:01:53.155+0000][1][safepoint    ] Total time for which application threads were stopped: 0.0009380 seconds, Stopping threads took: 0.0004727 seconds
[2022-06-13T03:01:54.155+0000][1][safepoint    ] Application time: 1.0001584 seconds
[2022-06-13T03:01:54.155+0000][1][safepoint    ] Entering safepoint region: Cleanup
[2022-06-13T03:01:54.156+0000][1][safepoint    ] Leaving safepoint region
[2022-06-13T03:01:54.156+0000][1][safepoint    ] Total time for which application threads were stopped: 0.0007758 seconds, Stopping threads took: 0.0004015 seconds
[2022-06-13T03:01:55.157+0000][1][safepoint    ] Application time: 1.0001676 seconds
[2022-06-13T03:01:55.157+0000][1][safepoint    ] Entering safepoint region: Cleanup
[2022-06-13T03:01:55.158+0000][1][safepoint    ] Leaving safepoint region
[2022-06-13T03:01:55.158+0000][1][safepoint    ] Total time for which application threads were stopped: 0.0008948 seconds, Stopping threads took: 0.0004060 seconds
[2022-06-13T03:01:56.158+0000][1][safepoint    ] Application time: 1.0002295 seconds
[2022-06-13T03:01:56.159+0000][1][safepoint    ] Entering safepoint region: Cleanup
[2022-06-13T03:01:56.159+0000][1][safepoint    ] Leaving safepoint region
[2022-06-13T03:01:56.160+0000][1][safepoint    ] Total time for which application threads were stopped: 0.0008098 seconds, Stopping threads took: 0.0003604 seconds
[2022-06-13T03:01:57.160+0000][1][safepoint    ] Application time: 1.0003161 seconds
[2022-06-13T03:01:57.161+0000][1][safepoint    ] Entering safepoint region: Cleanup
[2022-06-13T03:01:57.161+0000][1][safepoint    ] Leaving safepoint region
[2022-06-13T03:01:57.162+0000][1][safepoint    ] Total time for which application threads were stopped: 0.0008820 seconds, Stopping threads took: 0.0004360 seconds
[2022-06-13T03:01:58.162+0000][1][safepoint    ] Application time: 1.0001306 seconds
[2022-06-13T03:01:58.162+0000][1][safepoint    ] Entering safepoint region: Cleanup
[2022-06-13T03:01:58.163+0000][1][safepoint    ] Leaving safepoint region
[2022-06-13T03:01:58.163+0000][1][safepoint    ] Total time for which application threads were stopped: 0.0008691 seconds, Stopping threads took: 0.0002818 seconds
[2022-06-13T03:01:59.164+0000][1][safepoint    ] Application time: 1.0003257 seconds
[2022-06-13T03:01:59.164+0000][1][safepoint    ] Entering safepoint region: Cleanup
[2022-06-13T03:01:59.165+0000][1][safepoint    ] Leaving safepoint region
[2022-06-13T03:01:59.165+0000][1][safepoint    ] Total time for which application threads were stopped: 0.0005738 seconds, Stopping threads took: 0.0001616 seconds
[2022-06-13T03:02:00.166+0000][1][safepoint    ] Application time: 1.0003203 seconds
[2022-06-13T03:02:00.166+0000][1][safepoint    ] Entering safepoint region: Cleanup
[2022-06-13T03:02:00.167+0000][1][safepoint    ] Leaving safepoint region
[2022-06-13T03:02:00.167+0000][1][safepoint    ] Total time for which application threads were stopped: 0.0012021 seconds, Stopping threads took: 0.0005025 seconds
[2022-06-13T03:02:01.168+0000][1][safepoint    ] Application time: 1.0002087 seconds
[2022-06-13T03:02:01.169+0000][1][safepoint    ] Entering safepoint region: Cleanup
[2022-06-13T03:02:01.169+0000][1][safepoint    ] Leaving safepoint region
[2022-06-13T03:02:01.169+0000][1][safepoint    ] Total time for which application threads were stopped: 0.0006952 seconds, Stopping threads took: 0.0003590 seconds
[2022-06-13T03:02:02.170+0000][1][safepoint    ] Application time: 1.0001655 seconds
[2022-06-13T03:02:02.170+0000][1][safepoint    ] Entering safepoint region: Cleanup
[2022-06-13T03:02:02.170+0000][1][safepoint    ] Leaving safepoint region
[2022-06-13T03:02:02.170+0000][1][safepoint    ] Total time for which application threads were stopped: 0.0004343 seconds, Stopping threads took: 0.0002302 seconds
[2022-06-13T03:02:03.171+0000][1][safepoint    ] Application time: 1.0001004 seconds
[2022-06-13T03:02:03.171+0000][1][safepoint    ] Entering safepoint region: Cleanup
[2022-06-13T03:02:03.171+0000][1][safepoint    ] Leaving safepoint region
[2022-06-13T03:02:03.172+0000][1][safepoint    ] Total time for which application threads were stopped: 0.0008299 seconds, Stopping threads took: 0.0003088 seconds
[2022-06-13T03:02:04.172+0000][1][safepoint    ] Application time: 1.0001393 seconds
[2022-06-13T03:02:04.173+0000][1][safepoint    ] Entering safepoint region: Cleanup
[2022-06-13T03:02:04.173+0000][1][safepoint    ] Leaving safepoint region
[2022-06-13T03:02:04.174+0000][1][safepoint    ] Total time for which application threads were stopped: 0.0008069 seconds, Stopping threads took: 0.0003715 seconds
[2022-06-13T03:02:05.174+0000][1][safepoint    ] Application time: 1.0002150 seconds
[2022-06-13T03:02:05.175+0000][1][safepoint    ] Entering safepoint region: Cleanup
[2022-06-13T03:02:05.175+0000][1][safepoint    ] Leaving safepoint region
[2022-06-13T03:02:05.176+0000][1][safepoint    ] Total time for which application threads were stopped: 0.0010434 seconds, Stopping threads took: 0.0004463 seconds
[2022-06-13T03:02:06.176+0000][1][safepoint    ] Application time: 1.0001235 seconds
[2022-06-13T03:02:06.177+0000][1][safepoint    ] Entering safepoint region: Cleanup
[2022-06-13T03:02:06.177+0000][1][safepoint    ] Leaving safepoint region
[2022-06-13T03:02:06.177+0000][1][safepoint    ] Total time for which application threads were stopped: 0.0007665 seconds, Stopping threads took: 0.0003384 seconds
[2022-06-13T03:02:07.178+0000][1][safepoint    ] Application time: 1.0001183 seconds
[2022-06-13T03:02:07.179+0000][1][safepoint    ] Entering safepoint region: Cleanup
[2022-06-13T03:02:07.180+0000][1][safepoint    ] Leaving safepoint region
[2022-06-13T03:02:07.180+0000][1][safepoint    ] Total time for which application threads were stopped: 0.0014893 seconds, Stopping threads took: 0.0006162 seconds
[2022-06-13T03:02:08.181+0000][1][safepoint    ] Application time: 1.0002362 seconds
[2022-06-13T03:02:08.181+0000][1][safepoint    ] Entering safepoint region: Cleanup
[2022-06-13T03:02:08.182+0000][1][safepoint    ] Leaving safepoint region
[2022-06-13T03:02:08.182+0000][1][safepoint    ] Total time for which application threads were stopped: 0.0011910 seconds, Stopping threads took: 0.0004707 seconds
[2022-06-13T03:02:09.183+0000][1][safepoint    ] Application time: 1.0002072 seconds
[2022-06-13T03:02:09.183+0000][1][safepoint    ] Entering safepoint region: Cleanup
[2022-06-13T03:02:09.184+0000][1][safepoint    ] Leaving safepoint region
[2022-06-13T03:02:09.184+0000][1][safepoint    ] Total time for which application threads were stopped: 0.0007227 seconds, Stopping threads took: 0.0003186 seconds
[2022-06-13T03:02:10.185+0000][1][safepoint    ] Application time: 1.0002384 seconds
[2022-06-13T03:02:10.185+0000][1][safepoint    ] Entering safepoint region: Cleanup
[2022-06-13T03:02:10.186+0000][1][safepoint    ] Leaving safepoint region
[2022-06-13T03:02:10.186+0000][1][safepoint    ] Total time for which application threads were stopped: 0.0012441 seconds, Stopping threads took: 0.0005670 seconds
[2022-06-13T03:02:11.187+0000][1][safepoint    ] Application time: 1.0001871 seconds
[2022-06-13T03:02:11.187+0000][1][safepoint    ] Entering safepoint region: Cleanup
[2022-06-13T03:02:11.188+0000][1][safepoint    ] Leaving safepoint region
[2022-06-13T03:02:11.188+0000][1][safepoint    ] Total time for which application threads were stopped: 0.0008585 seconds, Stopping threads took: 0.0003979 seconds
[2022-06-13T03:02:12.189+0000][1][safepoint    ] Application time: 1.0002358 seconds
[2022-06-13T03:02:12.190+0000][1][safepoint    ] Entering safepoint region: Cleanup
[2022-06-13T03:02:12.190+0000][1][safepoint    ] Leaving safepoint region
[2022-06-13T03:02:12.191+0000][1][safepoint    ] Total time for which application threads were stopped: 0.0011407 seconds, Stopping threads took: 0.0004872 seconds
[2022-06-13T03:02:13.191+0000][1][safepoint    ] Application time: 1.0001305 seconds
[2022-06-13T03:02:13.192+0000][1][safepoint    ] Entering safepoint region: Cleanup
[2022-06-13T03:02:13.192+0000][1][safepoint    ] Leaving safepoint region
[2022-06-13T03:02:13.193+0000][1][safepoint    ] Total time for which application threads were stopped: 0.0010418 seconds, Stopping threads took: 0.0004998 seconds
[2022-06-13T03:02:14.193+0000][1][safepoint    ] Application time: 1.0002039 seconds
[2022-06-13T03:02:14.194+0000][1][safepoint    ] Entering safepoint region: Cleanup
[2022-06-13T03:02:14.194+0000][1][safepoint    ] Leaving safepoint region
[2022-06-13T03:02:14.194+0000][1][safepoint    ] Total time for which application threads were stopped: 0.0005134 seconds, Stopping threads took: 0.0001996 seconds
[2022-06-13T03:02:15.195+0000][1][safepoint    ] Application time: 1.0003444 seconds
[2022-06-13T03:02:15.195+0000][1][safepoint    ] Entering safepoint region: Cleanup
[2022-06-13T03:02:15.196+0000][1][safepoint    ] Leaving safepoint region
[2022-06-13T03:02:15.196+0000][1][safepoint    ] Total time for which application threads were stopped: 0.0008925 seconds, Stopping threads took: 0.0004920 seconds
[2022-06-13T03:02:16.197+0000][1][safepoint    ] Application time: 1.0001998 seconds
[2022-06-13T03:02:16.197+0000][1][safepoint    ] Entering safepoint region: Cleanup
[2022-06-13T03:02:16.198+0000][1][safepoint    ] Leaving safepoint region
[2022-06-13T03:02:16.198+0000][1][safepoint    ] Total time for which application threads were stopped: 0.0008783 seconds, Stopping threads took: 0.0003950 seconds
[2022-06-13T03:02:17.199+0000][1][safepoint    ] Application time: 1.0003134 seconds
[2022-06-13T03:02:17.199+0000][1][safepoint    ] Entering safepoint region: Cleanup
[2022-06-13T03:02:17.200+0000][1][safepoint    ] Leaving safepoint region
[2022-06-13T03:02:17.200+0000][1][safepoint    ] Total time for which application threads were stopped: 0.0010406 seconds, Stopping threads took: 0.0004750 seconds
[2022-06-13T03:02:18.201+0000][1][safepoint    ] Application time: 1.0003463 seconds
[2022-06-13T03:02:18.201+0000][1][safepoint    ] Entering safepoint region: Cleanup
[2022-06-13T03:02:18.202+0000][1][safepoint    ] Leaving safepoint region
[2022-06-13T03:02:18.203+0000][1][safepoint    ] Total time for which application threads were stopped: 0.0013298 seconds, Stopping threads took: 0.0004761 seconds
[2022-06-13T03:02:19.204+0000][1][safepoint    ] Application time: 1.0005090 seconds
[2022-06-13T03:02:19.204+0000][1][safepoint    ] Entering safepoint region: Cleanup
[2022-06-13T03:02:19.205+0000][1][safepoint    ] Leaving safepoint region
[2022-06-13T03:02:19.205+0000][1][safepoint    ] Total time for which application threads were stopped: 0.0009086 seconds, Stopping threads took: 0.0004527 seconds
[2022-06-13T03:02:20.206+0000][1][safepoint    ] Application time: 1.0003995 seconds
[2022-06-13T03:02:20.206+0000][1][safepoint    ] Entering safepoint region: Cleanup
[2022-06-13T03:02:20.207+0000][1][safepoint    ] Leaving safepoint region
[2022-06-13T03:02:20.207+0000][1][safepoint    ] Total time for which application threads were stopped: 0.0008882 seconds, Stopping threads took: 0.0004522 seconds
[2022-06-13T03:02:21.208+0000][1][safepoint    ] Application time: 1.0002125 seconds
[2022-06-13T03:02:21.209+0000][1][safepoint    ] Entering safepoint region: Cleanup
[2022-06-13T03:02:21.209+0000][1][safepoint    ] Leaving safepoint region
[2022-06-13T03:02:21.210+0000][1][safepoint    ] Total time for which application threads were stopped: 0.0016072 seconds, Stopping threads took: 0.0007109 seconds
[2022-06-13T03:02:22.211+0000][1][safepoint    ] Application time: 1.0002620 seconds
[2022-06-13T03:02:22.211+0000][1][safepoint    ] Entering safepoint region: Cleanup
[2022-06-13T03:02:22.212+0000][1][safepoint    ] Leaving safepoint region
[2022-06-13T03:02:22.212+0000][1][safepoint    ] Total time for which application threads were stopped: 0.0009453 seconds, Stopping threads took: 0.0004258 seconds
[2022-06-13T03:02:23.213+0000][1][safepoint    ] Application time: 1.0001105 seconds
[2022-06-13T03:02:23.213+0000][1][safepoint    ] Entering safepoint region: Cleanup
[2022-06-13T03:02:23.214+0000][1][safepoint    ] Leaving safepoint region
[2022-06-13T03:02:23.214+0000][1][safepoint    ] Total time for which application threads were stopped: 0.0008615 seconds, Stopping threads took: 0.0003881 seconds
[2022-06-13T03:02:24.215+0000][1][safepoint    ] Application time: 1.0002607 seconds
[2022-06-13T03:02:24.215+0000][1][safepoint    ] Entering safepoint region: Cleanup
[2022-06-13T03:02:24.216+0000][1][safepoint    ] Leaving safepoint region
[2022-06-13T03:02:24.217+0000][1][safepoint    ] Total time for which application threads were stopped: 0.0014721 seconds, Stopping threads took: 0.0006842 seconds
[2022-06-13T03:02:25.217+0000][1][safepoint    ] Application time: 1.0002720 seconds
[2022-06-13T03:02:25.218+0000][1][safepoint    ] Entering safepoint region: Cleanup
[2022-06-13T03:02:25.219+0000][1][safepoint    ] Leaving safepoint region
[2022-06-13T03:02:25.219+0000][1][safepoint    ] Total time for which application threads were stopped: 0.0010765 seconds, Stopping threads took: 0.0005570 seconds
[2022-06-13T03:02:26.220+0000][1][safepoint    ] Application time: 1.0001870 seconds
[2022-06-13T03:02:26.221+0000][1][safepoint    ] Entering safepoint region: Cleanup
[2022-06-13T03:02:26.222+0000][1][safepoint    ] Leaving safepoint region
[2022-06-13T03:02:26.222+0000][1][safepoint    ] Total time for which application threads were stopped: 0.0015038 seconds, Stopping threads took: 0.0007702 seconds
[2022-06-13T03:02:27.223+0000][1][safepoint    ] Application time: 1.0002330 seconds
[2022-06-13T03:02:27.223+0000][1][safepoint    ] Entering safepoint region: Cleanup
[2022-06-13T03:02:27.224+0000][1][safepoint    ] Leaving safepoint region
[2022-06-13T03:02:27.224+0000][1][safepoint    ] Total time for which application threads were stopped: 0.0010004 seconds, Stopping threads took: 0.0004381 seconds
[2022-06-13T03:02:28.225+0000][1][safepoint    ] Application time: 1.0003500 seconds
[2022-06-13T03:02:28.226+0000][1][safepoint    ] Entering safepoint region: Cleanup
[2022-06-13T03:02:28.226+0000][1][safepoint    ] Leaving safepoint region
[2022-06-13T03:02:28.226+0000][1][safepoint    ] Total time for which application threads were stopped: 0.0008066 seconds, Stopping threads took: 0.0005490 seconds
[2022-06-13T03:02:29.227+0000][1][safepoint    ] Application time: 1.0002050 seconds
[2022-06-13T03:02:29.227+0000][1][safepoint    ] Entering safepoint region: Cleanup
[2022-06-13T03:02:29.228+0000][1][safepoint    ] Leaving safepoint region
[2022-06-13T03:02:29.228+0000][1][safepoint    ] Total time for which application threads were stopped: 0.0010068 seconds, Stopping threads took: 0.0004519 seconds
[2022-06-13T03:02:30.229+0000][1][safepoint    ] Application time: 1.0001522 seconds
[2022-06-13T03:02:30.230+0000][1][safepoint    ] Entering safepoint region: Cleanup
[2022-06-13T03:02:30.230+0000][1][safepoint    ] Leaving safepoint region
[2022-06-13T03:02:30.230+0000][1][safepoint    ] Total time for which application threads were stopped: 0.0006362 seconds, Stopping threads took: 0.0003031 seconds
[2022-06-13T03:02:31.231+0000][1][safepoint    ] Application time: 1.0001482 seconds
[2022-06-13T03:02:31.231+0000][1][safepoint    ] Entering safepoint region: Cleanup
[2022-06-13T03:02:31.231+0000][1][safepoint    ] Leaving safepoint region
[2022-06-13T03:02:31.231+0000][1][safepoint    ] Total time for which application threads were stopped: 0.0005667 seconds, Stopping threads took: 0.0002807 seconds
[2022-06-13T03:02:32.232+0000][1][safepoint    ] Application time: 1.0001937 seconds
[2022-06-13T03:02:32.232+0000][1][safepoint    ] Entering safepoint region: Cleanup
[2022-06-13T03:02:32.233+0000][1][safepoint    ] Leaving safepoint region
[2022-06-13T03:02:32.233+0000][1][safepoint    ] Total time for which application threads were stopped: 0.0007452 seconds, Stopping threads took: 0.0004333 seconds
[2022-06-13T03:02:33.233+0000][1][safepoint    ] Application time: 1.0001976 seconds
[2022-06-13T03:02:33.234+0000][1][safepoint    ] Entering safepoint region: Cleanup
[2022-06-13T03:02:33.234+0000][1][safepoint    ] Leaving safepoint region
[2022-06-13T03:02:33.235+0000][1][safepoint    ] Total time for which application threads were stopped: 0.0006484 seconds, Stopping threads took: 0.0002675 seconds
[2022-06-13T03:02:34.235+0000][1][safepoint    ] Application time: 1.0001958 seconds
[2022-06-13T03:02:34.235+0000][1][safepoint    ] Entering safepoint region: Cleanup
[2022-06-13T03:02:34.236+0000][1][safepoint    ] Leaving safepoint region
[2022-06-13T03:02:34.236+0000][1][safepoint    ] Total time for which application threads were stopped: 0.0009554 seconds, Stopping threads took: 0.0005121 seconds
[2022-06-13T03:02:35.237+0000][1][safepoint    ] Application time: 1.0001472 seconds
[2022-06-13T03:02:35.237+0000][1][safepoint    ] Entering safepoint region: Cleanup
[2022-06-13T03:02:35.238+0000][1][safepoint    ] Leaving safepoint region
[2022-06-13T03:02:35.238+0000][1][safepoint    ] Total time for which application threads were stopped: 0.0008375 seconds, Stopping threads took: 0.0004290 seconds
[2022-06-13T03:02:36.239+0000][1][safepoint    ] Application time: 1.0001152 seconds
[2022-06-13T03:02:36.239+0000][1][safepoint    ] Entering safepoint region: Cleanup
[2022-06-13T03:02:36.240+0000][1][safepoint    ] Leaving safepoint region
[2022-06-13T03:02:36.240+0000][1][safepoint    ] Total time for which application threads were stopped: 0.0007609 seconds, Stopping threads took: 0.0002343 seconds
[2022-06-13T03:02:37.241+0000][1][safepoint    ] Application time: 1.0002607 seconds
[2022-06-13T03:02:37.241+0000][1][safepoint    ] Entering safepoint region: Cleanup
[2022-06-13T03:02:37.242+0000][1][safepoint    ] Leaving safepoint region
[2022-06-13T03:02:37.242+0000][1][safepoint    ] Total time for which application threads were stopped: 0.0007972 seconds, Stopping threads took: 0.0003739 seconds
[2022-06-13T03:02:38.243+0000][1][safepoint    ] Application time: 1.0001771 seconds
[2022-06-13T03:02:38.243+0000][1][safepoint    ] Entering safepoint region: Cleanup
[2022-06-13T03:02:38.244+0000][1][safepoint    ] Leaving safepoint region
[2022-06-13T03:02:38.244+0000][1][safepoint    ] Total time for which application threads were stopped: 0.0007385 seconds, Stopping threads took: 0.0003522 seconds
[2022-06-13T03:02:39.245+0000][1][safepoint    ] Application time: 1.0003353 seconds
[2022-06-13T03:02:39.245+0000][1][safepoint    ] Entering safepoint region: Cleanup
[2022-06-13T03:02:39.246+0000][1][safepoint    ] Leaving safepoint region
[2022-06-13T03:02:39.246+0000][1][safepoint    ] Total time for which application threads were stopped: 0.0010581 seconds, Stopping threads took: 0.0006499 seconds
[2022-06-13T03:02:40.247+0000][1][safepoint    ] Application time: 1.0002628 seconds
[2022-06-13T03:02:40.247+0000][1][safepoint    ] Entering safepoint region: Cleanup
[2022-06-13T03:02:40.248+0000][1][safepoint    ] Leaving safepoint region
[2022-06-13T03:02:40.248+0000][1][safepoint    ] Total time for which application threads were stopped: 0.0011011 seconds, Stopping threads took: 0.0004933 seconds
[2022-06-13T03:02:41.249+0000][1][safepoint    ] Application time: 1.0001618 seconds
[2022-06-13T03:02:41.249+0000][1][safepoint    ] Entering safepoint region: Cleanup
[2022-06-13T03:02:41.250+0000][1][safepoint    ] Leaving safepoint region
[2022-06-13T03:02:41.250+0000][1][safepoint    ] Total time for which application threads were stopped: 0.0010091 seconds, Stopping threads took: 0.0005296 seconds
[2022-06-13T03:02:42.251+0000][1][safepoint    ] Application time: 1.0001250 seconds
[2022-06-13T03:02:42.251+0000][1][safepoint    ] Entering safepoint region: Cleanup
[2022-06-13T03:02:42.252+0000][1][safepoint    ] Leaving safepoint region
[2022-06-13T03:02:42.252+0000][1][safepoint    ] Total time for which application threads were stopped: 0.0007862 seconds, Stopping threads took: 0.0003569 seconds
[2022-06-13T03:02:43.252+0000][1][safepoint    ] Application time: 1.0001598 seconds
[2022-06-13T03:02:43.253+0000][1][safepoint    ] Entering safepoint region: Cleanup
[2022-06-13T03:02:43.253+0000][1][safepoint    ] Leaving safepoint region
[2022-06-13T03:02:43.253+0000][1][safepoint    ] Total time for which application threads were stopped: 0.0003573 seconds, Stopping threads took: 0.0001698 seconds
[2022-06-13T03:02:44.253+0000][1][safepoint    ] Application time: 1.0001652 seconds
[2022-06-13T03:02:44.254+0000][1][safepoint    ] Entering safepoint region: Cleanup
[2022-06-13T03:02:44.254+0000][1][safepoint    ] Leaving safepoint region
[2022-06-13T03:02:44.255+0000][1][safepoint    ] Total time for which application threads were stopped: 0.0008282 seconds, Stopping threads took: 0.0003616 seconds
[2022-06-13T03:02:45.255+0000][1][safepoint    ] Application time: 1.0002003 seconds
[2022-06-13T03:02:45.256+0000][1][safepoint    ] Entering safepoint region: Cleanup
[2022-06-13T03:02:45.256+0000][1][safepoint    ] Leaving safepoint region
[2022-06-13T03:02:45.256+0000][1][safepoint    ] Total time for which application threads were stopped: 0.0009064 seconds, Stopping threads took: 0.0002645 seconds
[2022-06-13T03:02:46.257+0000][1][safepoint    ] Application time: 1.0001310 seconds
[2022-06-13T03:02:46.257+0000][1][safepoint    ] Entering safepoint region: Cleanup
[2022-06-13T03:02:46.258+0000][1][safepoint    ] Leaving safepoint region
[2022-06-13T03:02:46.258+0000][1][safepoint    ] Total time for which application threads were stopped: 0.0009166 seconds, Stopping threads took: 0.0004144 seconds
[2022-06-13T03:02:47.259+0000][1][safepoint    ] Application time: 1.0001922 seconds
[2022-06-13T03:02:47.259+0000][1][safepoint    ] Entering safepoint region: Cleanup
[2022-06-13T03:02:47.260+0000][1][safepoint    ] Leaving safepoint region
[2022-06-13T03:02:47.260+0000][1][safepoint    ] Total time for which application threads were stopped: 0.0007841 seconds, Stopping threads took: 0.0004349 seconds
[2022-06-13T03:02:48.261+0000][1][safepoint    ] Application time: 1.0002573 seconds
[2022-06-13T03:02:48.261+0000][1][safepoint    ] Entering safepoint region: Cleanup
[2022-06-13T03:02:48.261+0000][1][safepoint    ] Leaving safepoint region
[2022-06-13T03:02:48.262+0000][1][safepoint    ] Total time for which application threads were stopped: 0.0007043 seconds, Stopping threads took: 0.0002776 seconds
[2022-06-13T03:02:49.262+0000][1][safepoint    ] Application time: 1.0001167 seconds
[2022-06-13T03:02:49.263+0000][1][safepoint    ] Entering safepoint region: Cleanup
[2022-06-13T03:02:49.263+0000][1][safepoint    ] Leaving safepoint region
[2022-06-13T03:02:49.264+0000][1][safepoint    ] Total time for which application threads were stopped: 0.0010475 seconds, Stopping threads took: 0.0004407 seconds
[2022-06-13T03:02:50.264+0000][1][safepoint    ] Application time: 1.0002801 seconds
[2022-06-13T03:02:50.265+0000][1][safepoint    ] Entering safepoint region: Cleanup
[2022-06-13T03:02:50.265+0000][1][safepoint    ] Leaving safepoint region
[2022-06-13T03:02:50.266+0000][1][safepoint    ] Total time for which application threads were stopped: 0.0010330 seconds, Stopping threads took: 0.0004262 seconds
[2022-06-13T03:02:51.266+0000][1][safepoint    ] Application time: 1.0001102 seconds
[2022-06-13T03:02:51.267+0000][1][safepoint    ] Entering safepoint region: Cleanup
[2022-06-13T03:02:51.267+0000][1][safepoint    ] Leaving safepoint region
[2022-06-13T03:02:51.267+0000][1][safepoint    ] Total time for which application threads were stopped: 0.0005606 seconds, Stopping threads took: 0.0002080 seconds
[2022-06-13T03:02:52.268+0000][1][safepoint    ] Application time: 1.0001569 seconds
[2022-06-13T03:02:52.268+0000][1][safepoint    ] Entering safepoint region: Cleanup
[2022-06-13T03:02:52.269+0000][1][safepoint    ] Leaving safepoint region
[2022-06-13T03:02:52.269+0000][1][safepoint    ] Total time for which application threads were stopped: 0.0008589 seconds, Stopping threads took: 0.0004066 seconds
[2022-06-13T03:02:53.269+0000][1][safepoint    ] Application time: 1.0001465 seconds
[2022-06-13T03:02:53.270+0000][1][safepoint    ] Entering safepoint region: Cleanup
[2022-06-13T03:02:53.270+0000][1][safepoint    ] Leaving safepoint region
[2022-06-13T03:02:53.271+0000][1][safepoint    ] Total time for which application threads were stopped: 0.0008125 seconds, Stopping threads took: 0.0003003 seconds
[2022-06-13T03:02:54.271+0000][1][safepoint    ] Application time: 1.0001535 seconds
[2022-06-13T03:02:54.272+0000][1][safepoint    ] Entering safepoint region: Cleanup
[2022-06-13T03:02:54.272+0000][1][safepoint    ] Leaving safepoint region
[2022-06-13T03:02:54.272+0000][1][safepoint    ] Total time for which application threads were stopped: 0.0006169 seconds, Stopping threads took: 0.0001888 seconds
[2022-06-13T03:02:55.273+0000][1][safepoint    ] Application time: 1.0001520 seconds
[2022-06-13T03:02:55.273+0000][1][safepoint    ] Entering safepoint region: Cleanup
[2022-06-13T03:02:55.273+0000][1][safepoint    ] Leaving safepoint region
[2022-06-13T03:02:55.274+0000][1][safepoint    ] Total time for which application threads were stopped: 0.0008664 seconds, Stopping threads took: 0.0003927 seconds
[2022-06-13T03:02:56.275+0000][1][safepoint    ] Application time: 1.0003075 seconds
[2022-06-13T03:02:56.275+0000][1][safepoint    ] Entering safepoint region: Cleanup
[2022-06-13T03:02:56.276+0000][1][safepoint    ] Leaving safepoint region
[2022-06-13T03:02:56.276+0000][1][safepoint    ] Total time for which application threads were stopped: 0.0010897 seconds, Stopping threads took: 0.0004813 seconds
[2022-06-13T03:02:57.277+0000][1][safepoint    ] Application time: 1.0000992 seconds
[2022-06-13T03:02:57.277+0000][1][safepoint    ] Entering safepoint region: Cleanup
[2022-06-13T03:02:57.277+0000][1][safepoint    ] Leaving safepoint region
[2022-06-13T03:02:57.277+0000][1][safepoint    ] Total time for which application threads were stopped: 0.0004787 seconds, Stopping threads took: 0.0002131 seconds
[2022-06-13T03:02:58.278+0000][1][safepoint    ] Application time: 1.0001925 seconds
[2022-06-13T03:02:58.278+0000][1][safepoint    ] Entering safepoint region: Cleanup
[2022-06-13T03:02:58.278+0000][1][safepoint    ] Leaving safepoint region
[2022-06-13T03:02:58.279+0000][1][safepoint    ] Total time for which application threads were stopped: 0.0005635 seconds, Stopping threads took: 0.0001536 seconds
[2022-06-13T03:02:59.279+0000][1][safepoint    ] Application time: 1.0001487 seconds
[2022-06-13T03:02:59.279+0000][1][safepoint    ] Entering safepoint region: Cleanup
[2022-06-13T03:02:59.280+0000][1][safepoint    ] Leaving safepoint region
[2022-06-13T03:02:59.280+0000][1][safepoint    ] Total time for which application threads were stopped: 0.0006649 seconds, Stopping threads took: 0.0002218 seconds
[2022-06-13T03:03:00.281+0000][1][safepoint    ] Application time: 1.0002304 seconds
[2022-06-13T03:03:00.281+0000][1][safepoint    ] Entering safepoint region: Cleanup
[2022-06-13T03:03:00.282+0000][1][safepoint    ] Leaving safepoint region
[2022-06-13T03:03:00.282+0000][1][safepoint    ] Total time for which application threads were stopped: 0.0013603 seconds, Stopping threads took: 0.0006942 seconds
[2022-06-13T03:03:01.283+0000][1][safepoint    ] Application time: 1.0002458 seconds
[2022-06-13T03:03:01.284+0000][1][safepoint    ] Entering safepoint region: Cleanup
[2022-06-13T03:03:01.284+0000][1][safepoint    ] Leaving safepoint region
[2022-06-13T03:03:01.284+0000][1][safepoint    ] Total time for which application threads were stopped: 0.0008083 seconds, Stopping threads took: 0.0003778 seconds
[2022-06-13T03:03:02.285+0000][1][safepoint    ] Application time: 1.0002852 seconds
[2022-06-13T03:03:02.286+0000][1][safepoint    ] Entering safepoint region: Cleanup
[2022-06-13T03:03:02.286+0000][1][safepoint    ] Leaving safepoint region
[2022-06-13T03:03:02.287+0000][1][safepoint    ] Total time for which application threads were stopped: 0.0010448 seconds, Stopping threads took: 0.0004448 seconds
[2022-06-13T03:03:03.287+0000][1][safepoint    ] Application time: 1.0001135 seconds
[2022-06-13T03:03:03.287+0000][1][safepoint    ] Entering safepoint region: Cleanup
[2022-06-13T03:03:03.288+0000][1][safepoint    ] Leaving safepoint region
[2022-06-13T03:03:03.288+0000][1][safepoint    ] Total time for which application threads were stopped: 0.0007105 seconds, Stopping threads took: 0.0003390 seconds
[2022-06-13T03:03:04.289+0000][1][safepoint    ] Application time: 1.0002469 seconds
[2022-06-13T03:03:04.289+0000][1][safepoint    ] Entering safepoint region: Cleanup
[2022-06-13T03:03:04.289+0000][1][safepoint    ] Leaving safepoint region
[2022-06-13T03:03:04.289+0000][1][safepoint    ] Total time for which application threads were stopped: 0.0006030 seconds, Stopping threads took: 0.0002342 seconds
[2022-06-13T03:03:05.290+0000][1][safepoint    ] Application time: 1.0001008 seconds
[2022-06-13T03:03:05.290+0000][1][safepoint    ] Entering safepoint region: Cleanup
[2022-06-13T03:03:05.290+0000][1][safepoint    ] Leaving safepoint region
[2022-06-13T03:03:05.291+0000][1][safepoint    ] Total time for which application threads were stopped: 0.0006273 seconds, Stopping threads took: 0.0002582 seconds
[2022-06-13T03:03:06.291+0000][1][safepoint    ] Application time: 1.0001742 seconds
[2022-06-13T03:03:06.292+0000][1][safepoint    ] Entering safepoint region: Cleanup
[2022-06-13T03:03:06.292+0000][1][safepoint    ] Leaving safepoint region
[2022-06-13T03:03:06.292+0000][1][safepoint    ] Total time for which application threads were stopped: 0.0007825 seconds, Stopping threads took: 0.0003019 seconds
[2022-06-13T03:03:07.293+0000][1][safepoint    ] Application time: 1.0002450 seconds
[2022-06-13T03:03:07.293+0000][1][safepoint    ] Entering safepoint region: Cleanup
[2022-06-13T03:03:07.294+0000][1][safepoint    ] Leaving safepoint region
[2022-06-13T03:03:07.294+0000][1][safepoint    ] Total time for which application threads were stopped: 0.0009018 seconds, Stopping threads took: 0.0003397 seconds
[2022-06-13T03:03:08.295+0000][1][safepoint    ] Application time: 1.0002543 seconds
[2022-06-13T03:03:08.295+0000][1][safepoint    ] Entering safepoint region: Cleanup
[2022-06-13T03:03:08.296+0000][1][safepoint    ] Leaving safepoint region
[2022-06-13T03:03:08.296+0000][1][safepoint    ] Total time for which application threads were stopped: 0.0011018 seconds, Stopping threads took: 0.0005516 seconds
[2022-06-13T03:03:09.297+0000][1][safepoint    ] Application time: 1.0001889 seconds
[2022-06-13T03:03:09.297+0000][1][safepoint    ] Entering safepoint region: Cleanup
[2022-06-13T03:03:09.298+0000][1][safepoint    ] Leaving safepoint region
[2022-06-13T03:03:09.298+0000][1][safepoint    ] Total time for which application threads were stopped: 0.0006449 seconds, Stopping threads took: 0.0003032 seconds
[2022-06-13T03:03:10.298+0000][1][safepoint    ] Application time: 1.0001723 seconds
[2022-06-13T03:03:10.299+0000][1][safepoint    ] Entering safepoint region: Cleanup
[2022-06-13T03:03:10.299+0000][1][safepoint    ] Leaving safepoint region
[2022-06-13T03:03:10.300+0000][1][safepoint    ] Total time for which application threads were stopped: 0.0006780 seconds, Stopping threads took: 0.0001969 seconds
[2022-06-13T03:03:11.300+0000][1][safepoint    ] Application time: 1.0002534 seconds
[2022-06-13T03:03:11.301+0000][1][safepoint    ] Entering safepoint region: Cleanup
[2022-06-13T03:03:11.301+0000][1][safepoint    ] Leaving safepoint region
[2022-06-13T03:03:11.302+0000][1][safepoint    ] Total time for which application threads were stopped: 0.0010780 seconds, Stopping threads took: 0.0004884 seconds
[2022-06-13T03:03:12.302+0000][1][safepoint    ] Application time: 1.0001471 seconds
[2022-06-13T03:03:12.303+0000][1][safepoint    ] Entering safepoint region: Cleanup
[2022-06-13T03:03:12.303+0000][1][safepoint    ] Leaving safepoint region
[2022-06-13T03:03:12.304+0000][1][safepoint    ] Total time for which application threads were stopped: 0.0011493 seconds, Stopping threads took: 0.0005143 seconds
[2022-06-13T03:03:13.304+0000][1][safepoint    ] Application time: 1.0001904 seconds
[2022-06-13T03:03:13.305+0000][1][safepoint    ] Entering safepoint region: Cleanup
[2022-06-13T03:03:13.305+0000][1][safepoint    ] Leaving safepoint region
[2022-06-13T03:03:13.305+0000][1][safepoint    ] Total time for which application threads were stopped: 0.0006009 seconds, Stopping threads took: 0.0002710 seconds
[2022-06-13T03:03:14.306+0000][1][safepoint    ] Application time: 1.0001512 seconds
[2022-06-13T03:03:14.306+0000][1][safepoint    ] Entering safepoint region: Cleanup
[2022-06-13T03:03:14.306+0000][1][safepoint    ] Leaving safepoint region
[2022-06-13T03:03:14.306+0000][1][safepoint    ] Total time for which application threads were stopped: 0.0003374 seconds, Stopping threads took: 0.0001657 seconds
[2022-06-13T03:03:15.307+0000][1][safepoint    ] Application time: 1.0002092 seconds
[2022-06-13T03:03:15.307+0000][1][safepoint    ] Entering safepoint region: Cleanup
[2022-06-13T03:03:15.307+0000][1][safepoint    ] Leaving safepoint region
[2022-06-13T03:03:15.308+0000][1][safepoint    ] Total time for which application threads were stopped: 0.0005914 seconds, Stopping threads took: 0.0003374 seconds
[2022-06-13T03:03:16.308+0000][1][safepoint    ] Application time: 1.0001155 seconds
[2022-06-13T03:03:16.308+0000][1][safepoint    ] Entering safepoint region: Cleanup
[2022-06-13T03:03:16.309+0000][1][safepoint    ] Leaving safepoint region
[2022-06-13T03:03:16.309+0000][1][safepoint    ] Total time for which application threads were stopped: 0.0009877 seconds, Stopping threads took: 0.0004143 seconds
[2022-06-13T03:03:17.310+0000][1][safepoint    ] Application time: 1.0001824 seconds
[2022-06-13T03:03:17.310+0000][1][safepoint    ] Entering safepoint region: Cleanup
[2022-06-13T03:03:17.310+0000][1][safepoint    ] Leaving safepoint region
[2022-06-13T03:03:17.311+0000][1][safepoint    ] Total time for which application threads were stopped: 0.0006834 seconds, Stopping threads took: 0.0002630 seconds
[2022-06-13T03:03:18.311+0000][1][safepoint    ] Application time: 1.0002404 seconds
[2022-06-13T03:03:18.312+0000][1][safepoint    ] Entering safepoint region: Cleanup
[2022-06-13T03:03:18.312+0000][1][safepoint    ] Leaving safepoint region
[2022-06-13T03:03:18.313+0000][1][safepoint    ] Total time for which application threads were stopped: 0.0011664 seconds, Stopping threads took: 0.0005110 seconds
[2022-06-13T03:03:19.314+0000][1][safepoint    ] Application time: 1.0003584 seconds
[2022-06-13T03:03:19.315+0000][1][safepoint    ] Entering safepoint region: Cleanup
[2022-06-13T03:03:19.315+0000][1][safepoint    ] Leaving safepoint region
[2022-06-13T03:03:19.316+0000][1][safepoint    ] Total time for which application threads were stopped: 0.0014615 seconds, Stopping threads took: 0.0006419 seconds
[2022-06-13T03:03:20.117+0000][1][safepoint    ] Application time: 0.8009084 seconds
[2022-06-13T03:03:20.118+0000][1][safepoint    ] Entering safepoint region: GenCollectForAllocation
[2022-06-13T03:03:20.118+0000][1][gc,start     ] GC(25) Pause Young (Allocation Failure)
[2022-06-13T03:03:20.119+0000][1][gc,task      ] GC(25) Using 5 workers of 13 for evacuation
[2022-06-13T03:03:20.122+0000][1][gc,age       ] GC(25) Desired survivor size 4456448 bytes, new threshold 6 (max threshold 6)
[2022-06-13T03:03:20.122+0000][1][gc,age       ] GC(25) Age table with threshold 6 (max threshold 6)
[2022-06-13T03:03:20.122+0000][1][gc,age       ] GC(25) - age   1:      46880 bytes,      46880 total
[2022-06-13T03:03:20.123+0000][1][gc,age       ] GC(25) - age   2:      15880 bytes,      62760 total
[2022-06-13T03:03:20.123+0000][1][gc,age       ] GC(25) - age   3:      34920 bytes,      97680 total
[2022-06-13T03:03:20.123+0000][1][gc,age       ] GC(25) - age   4:    1321368 bytes,    1419048 total
[2022-06-13T03:03:20.124+0000][1][gc,heap      ] GC(25) ParNew: 71851K->1979K(78656K)
[2022-06-13T03:03:20.124+0000][1][gc,heap      ] GC(25) CMS: 67732K->67732K(174784K)
[2022-06-13T03:03:20.124+0000][1][gc,metaspace ] GC(25) Metaspace: 65295K->65295K(1110016K)
[2022-06-13T03:03:20.125+0000][1][gc           ] GC(25) Pause Young (Allocation Failure) 136M->68M(247M) 6.487ms
[2022-06-13T03:03:20.125+0000][1][gc,cpu       ] GC(25) User=0.01s Sys=0.00s Real=0.01s
[2022-06-13T03:03:20.125+0000][1][safepoint    ] Leaving safepoint region
[2022-06-13T03:03:20.125+0000][1][safepoint    ] Total time for which application threads were stopped: 0.0077276 seconds, Stopping threads took: 0.0003215 seconds
[2022-06-13T03:03:21.126+0000][1][safepoint    ] Application time: 1.0001584 seconds
[2022-06-13T03:03:21.126+0000][1][safepoint    ] Entering safepoint region: Cleanup
[2022-06-13T03:03:21.126+0000][1][safepoint    ] Leaving safepoint region
[2022-06-13T03:03:21.127+0000][1][safepoint    ] Total time for which application threads were stopped: 0.0008030 seconds, Stopping threads took: 0.0004572 seconds
[2022-06-13T03:03:22.127+0000][1][safepoint    ] Application time: 1.0001136 seconds
[2022-06-13T03:03:22.127+0000][1][safepoint    ] Entering safepoint region: Cleanup
[2022-06-13T03:03:22.128+0000][1][safepoint    ] Leaving safepoint region
[2022-06-13T03:03:22.128+0000][1][safepoint    ] Total time for which application threads were stopped: 0.0006153 seconds, Stopping threads took: 0.0002170 seconds
[2022-06-13T03:03:23.128+0000][1][safepoint    ] Application time: 1.0001594 seconds
[2022-06-13T03:03:23.129+0000][1][safepoint    ] Entering safepoint region: Cleanup
[2022-06-13T03:03:23.129+0000][1][safepoint    ] Leaving safepoint region
[2022-06-13T03:03:23.129+0000][1][safepoint    ] Total time for which application threads were stopped: 0.0005797 seconds, Stopping threads took: 0.0002960 seconds
[2022-06-13T03:03:24.130+0000][1][safepoint    ] Application time: 1.0001699 seconds
[2022-06-13T03:03:24.130+0000][1][safepoint    ] Entering safepoint region: Cleanup
[2022-06-13T03:03:24.131+0000][1][safepoint    ] Leaving safepoint region
[2022-06-13T03:03:24.131+0000][1][safepoint    ] Total time for which application threads were stopped: 0.0006759 seconds, Stopping threads took: 0.0003302 seconds
[2022-06-13T03:03:25.131+0000][1][safepoint    ] Application time: 1.0001830 seconds
[2022-06-13T03:03:25.132+0000][1][safepoint    ] Entering safepoint region: Cleanup
[2022-06-13T03:03:25.133+0000][1][safepoint    ] Leaving safepoint region
[2022-06-13T03:03:25.133+0000][1][safepoint    ] Total time for which application threads were stopped: 0.0013466 seconds, Stopping threads took: 0.0006453 seconds
[2022-06-13T03:03:26.134+0000][1][safepoint    ] Application time: 1.0001792 seconds
[2022-06-13T03:03:26.135+0000][1][safepoint    ] Entering safepoint region: Cleanup
[2022-06-13T03:03:26.135+0000][1][safepoint    ] Leaving safepoint region
[2022-06-13T03:03:26.136+0000][1][safepoint    ] Total time for which application threads were stopped: 0.0010871 seconds, Stopping threads took: 0.0005258 seconds
[2022-06-13T03:03:27.136+0000][1][safepoint    ] Application time: 1.0001730 seconds
[2022-06-13T03:03:27.137+0000][1][safepoint    ] Entering safepoint region: Cleanup
[2022-06-13T03:03:27.137+0000][1][safepoint    ] Leaving safepoint region
[2022-06-13T03:03:27.138+0000][1][safepoint    ] Total time for which application threads were stopped: 0.0008919 seconds, Stopping threads took: 0.0003856 seconds
[2022-06-13T03:03:28.138+0000][1][safepoint    ] Application time: 1.0001554 seconds
[2022-06-13T03:03:28.139+0000][1][safepoint    ] Entering safepoint region: Cleanup
[2022-06-13T03:03:28.139+0000][1][safepoint    ] Leaving safepoint region
[2022-06-13T03:03:28.139+0000][1][safepoint    ] Total time for which application threads were stopped: 0.0002955 seconds, Stopping threads took: 0.0001243 seconds
[2022-06-13T03:03:29.139+0000][1][safepoint    ] Application time: 1.0001770 seconds
[2022-06-13T03:03:29.140+0000][1][safepoint    ] Entering safepoint region: Cleanup
[2022-06-13T03:03:29.140+0000][1][safepoint    ] Leaving safepoint region
[2022-06-13T03:03:29.141+0000][1][safepoint    ] Total time for which application threads were stopped: 0.0007197 seconds, Stopping threads took: 0.0003117 seconds
[2022-06-13T03:03:30.141+0000][1][safepoint    ] Application time: 1.0001686 seconds
[2022-06-13T03:03:30.142+0000][1][safepoint    ] Entering safepoint region: Cleanup
[2022-06-13T03:03:30.142+0000][1][safepoint    ] Leaving safepoint region
[2022-06-13T03:03:30.142+0000][1][safepoint    ] Total time for which application threads were stopped: 0.0009333 seconds, Stopping threads took: 0.0003825 seconds
[2022-06-13T03:03:31.143+0000][1][safepoint    ] Application time: 1.0001187 seconds
[2022-06-13T03:03:31.143+0000][1][safepoint    ] Entering safepoint region: Cleanup
[2022-06-13T03:03:31.144+0000][1][safepoint    ] Leaving safepoint region
[2022-06-13T03:03:31.144+0000][1][safepoint    ] Total time for which application threads were stopped: 0.0005849 seconds, Stopping threads took: 0.0002377 seconds
[2022-06-13T03:03:32.144+0000][1][safepoint    ] Application time: 1.0001851 seconds
[2022-06-13T03:03:32.145+0000][1][safepoint    ] Entering safepoint region: Cleanup
[2022-06-13T03:03:32.145+0000][1][safepoint    ] Leaving safepoint region
[2022-06-13T03:03:32.145+0000][1][safepoint    ] Total time for which application threads were stopped: 0.0006214 seconds, Stopping threads took: 0.0003179 seconds
[2022-06-13T03:03:33.146+0000][1][safepoint    ] Application time: 1.0001401 seconds
[2022-06-13T03:03:33.147+0000][1][safepoint    ] Entering safepoint region: Cleanup
[2022-06-13T03:03:33.147+0000][1][safepoint    ] Leaving safepoint region
[2022-06-13T03:03:33.148+0000][1][safepoint    ] Total time for which application threads were stopped: 0.0013378 seconds, Stopping threads took: 0.0004978 seconds
[2022-06-13T03:03:34.149+0000][1][safepoint    ] Application time: 1.0002610 seconds
[2022-06-13T03:03:34.149+0000][1][safepoint    ] Entering safepoint region: Cleanup
[2022-06-13T03:03:34.150+0000][1][safepoint    ] Leaving safepoint region
[2022-06-13T03:03:34.151+0000][1][safepoint    ] Total time for which application threads were stopped: 0.0011930 seconds, Stopping threads took: 0.0005037 seconds
[2022-06-13T03:03:35.151+0000][1][safepoint    ] Application time: 1.0002097 seconds
[2022-06-13T03:03:35.152+0000][1][safepoint    ] Entering safepoint region: Cleanup
[2022-06-13T03:03:35.152+0000][1][safepoint    ] Leaving safepoint region
[2022-06-13T03:03:35.153+0000][1][safepoint    ] Total time for which application threads were stopped: 0.0008780 seconds, Stopping threads took: 0.0004042 seconds
[2022-06-13T03:03:36.153+0000][1][safepoint    ] Application time: 1.0001869 seconds
[2022-06-13T03:03:36.154+0000][1][safepoint    ] Entering safepoint region: Cleanup
[2022-06-13T03:03:36.155+0000][1][safepoint    ] Leaving safepoint region
[2022-06-13T03:03:36.155+0000][1][safepoint    ] Total time for which application threads were stopped: 0.0009008 seconds, Stopping threads took: 0.0004295 seconds
[2022-06-13T03:03:37.156+0000][1][safepoint    ] Application time: 1.0002114 seconds
[2022-06-13T03:03:37.156+0000][1][safepoint    ] Entering safepoint region: Cleanup
[2022-06-13T03:03:37.157+0000][1][safepoint    ] Leaving safepoint region
[2022-06-13T03:03:37.157+0000][1][safepoint    ] Total time for which application threads were stopped: 0.0009457 seconds, Stopping threads took: 0.0003996 seconds
[2022-06-13T03:03:38.158+0000][1][safepoint    ] Application time: 1.0002367 seconds
[2022-06-13T03:03:38.158+0000][1][safepoint    ] Entering safepoint region: Cleanup
[2022-06-13T03:03:38.159+0000][1][safepoint    ] Leaving safepoint region
[2022-06-13T03:03:38.159+0000][1][safepoint    ] Total time for which application threads were stopped: 0.0010729 seconds, Stopping threads took: 0.0005334 seconds
[2022-06-13T03:03:39.160+0000][1][safepoint    ] Application time: 1.0002032 seconds
[2022-06-13T03:03:39.160+0000][1][safepoint    ] Entering safepoint region: Cleanup
[2022-06-13T03:03:39.161+0000][1][safepoint    ] Leaving safepoint region
[2022-06-13T03:03:39.161+0000][1][safepoint    ] Total time for which application threads were stopped: 0.0008998 seconds, Stopping threads took: 0.0004099 seconds
[2022-06-13T03:03:40.162+0000][1][safepoint    ] Application time: 1.0001917 seconds
[2022-06-13T03:03:40.163+0000][1][safepoint    ] Entering safepoint region: Cleanup
[2022-06-13T03:03:40.163+0000][1][safepoint    ] Leaving safepoint region
[2022-06-13T03:03:40.163+0000][1][safepoint    ] Total time for which application threads were stopped: 0.0006376 seconds, Stopping threads took: 0.0002775 seconds
[2022-06-13T03:03:41.164+0000][1][safepoint    ] Application time: 1.0002498 seconds
[2022-06-13T03:03:41.165+0000][1][safepoint    ] Entering safepoint region: Cleanup
[2022-06-13T03:03:41.165+0000][1][safepoint    ] Leaving safepoint region
[2022-06-13T03:03:41.166+0000][1][safepoint    ] Total time for which application threads were stopped: 0.0012993 seconds, Stopping threads took: 0.0005546 seconds
[2022-06-13T03:03:42.167+0000][1][safepoint    ] Application time: 1.0003432 seconds
[2022-06-13T03:03:42.167+0000][1][safepoint    ] Entering safepoint region: Cleanup
[2022-06-13T03:03:42.168+0000][1][safepoint    ] Leaving safepoint region
[2022-06-13T03:03:42.168+0000][1][safepoint    ] Total time for which application threads were stopped: 0.0009646 seconds, Stopping threads took: 0.0004569 seconds
[2022-06-13T03:03:43.169+0000][1][safepoint    ] Application time: 1.0001508 seconds
[2022-06-13T03:03:43.169+0000][1][safepoint    ] Entering safepoint region: Cleanup
[2022-06-13T03:03:43.170+0000][1][safepoint    ] Leaving safepoint region
[2022-06-13T03:03:43.170+0000][1][safepoint    ] Total time for which application threads were stopped: 0.0007039 seconds, Stopping threads took: 0.0003198 seconds
[2022-06-13T03:03:44.170+0000][1][safepoint    ] Application time: 1.0003105 seconds
[2022-06-13T03:03:44.171+0000][1][safepoint    ] Entering safepoint region: Cleanup
[2022-06-13T03:03:44.172+0000][1][safepoint    ] Leaving safepoint region
[2022-06-13T03:03:44.172+0000][1][safepoint    ] Total time for which application threads were stopped: 0.0011630 seconds, Stopping threads took: 0.0004907 seconds
[2022-06-13T03:03:45.173+0000][1][safepoint    ] Application time: 1.0003525 seconds
[2022-06-13T03:03:45.174+0000][1][safepoint    ] Entering safepoint region: Cleanup
[2022-06-13T03:03:45.174+0000][1][safepoint    ] Leaving safepoint region
[2022-06-13T03:03:45.175+0000][1][safepoint    ] Total time for which application threads were stopped: 0.0008184 seconds, Stopping threads took: 0.0003699 seconds
[2022-06-13T03:03:46.175+0000][1][safepoint    ] Application time: 1.0002141 seconds
[2022-06-13T03:03:46.176+0000][1][safepoint    ] Entering safepoint region: Cleanup
[2022-06-13T03:03:46.176+0000][1][safepoint    ] Leaving safepoint region
[2022-06-13T03:03:46.177+0000][1][safepoint    ] Total time for which application threads were stopped: 0.0008050 seconds, Stopping threads took: 0.0003681 seconds
[2022-06-13T03:03:47.177+0000][1][safepoint    ] Application time: 1.0001086 seconds
[2022-06-13T03:03:47.177+0000][1][safepoint    ] Entering safepoint region: Cleanup
[2022-06-13T03:03:47.178+0000][1][safepoint    ] Leaving safepoint region
[2022-06-13T03:03:47.178+0000][1][safepoint    ] Total time for which application threads were stopped: 0.0008229 seconds, Stopping threads took: 0.0003401 seconds
[2022-06-13T03:03:48.179+0000][1][safepoint    ] Application time: 1.0001787 seconds
[2022-06-13T03:03:48.179+0000][1][safepoint    ] Entering safepoint region: Cleanup
[2022-06-13T03:03:48.180+0000][1][safepoint    ] Leaving safepoint region
[2022-06-13T03:03:48.181+0000][1][safepoint    ] Total time for which application threads were stopped: 0.0014311 seconds, Stopping threads took: 0.0008442 seconds
[2022-06-13T03:03:49.181+0000][1][safepoint    ] Application time: 1.0001120 seconds
[2022-06-13T03:03:49.182+0000][1][safepoint    ] Entering safepoint region: Cleanup
[2022-06-13T03:03:49.182+0000][1][safepoint    ] Leaving safepoint region
[2022-06-13T03:03:49.182+0000][1][safepoint    ] Total time for which application threads were stopped: 0.0007897 seconds, Stopping threads took: 0.0002779 seconds
[2022-06-13T03:03:50.183+0000][1][safepoint    ] Application time: 1.0001278 seconds
[2022-06-13T03:03:50.183+0000][1][safepoint    ] Entering safepoint region: Cleanup
[2022-06-13T03:03:50.184+0000][1][safepoint    ] Leaving safepoint region
[2022-06-13T03:03:50.184+0000][1][safepoint    ] Total time for which application threads were stopped: 0.0003861 seconds, Stopping threads took: 0.0001587 seconds
[2022-06-13T03:03:51.184+0000][1][safepoint    ] Application time: 1.0001999 seconds
[2022-06-13T03:03:51.184+0000][1][safepoint    ] Entering safepoint region: Cleanup
[2022-06-13T03:03:51.185+0000][1][safepoint    ] Leaving safepoint region
[2022-06-13T03:03:51.185+0000][1][safepoint    ] Total time for which application threads were stopped: 0.0007500 seconds, Stopping threads took: 0.0003626 seconds
[2022-06-13T03:03:52.185+0000][1][safepoint    ] Application time: 1.0001196 seconds
[2022-06-13T03:03:52.186+0000][1][safepoint    ] Entering safepoint region: Cleanup
[2022-06-13T03:03:52.186+0000][1][safepoint    ] Leaving safepoint region
[2022-06-13T03:03:52.186+0000][1][safepoint    ] Total time for which application threads were stopped: 0.0003848 seconds, Stopping threads took: 0.0001695 seconds
[2022-06-13T03:03:53.186+0000][1][safepoint    ] Application time: 1.0001354 seconds
[2022-06-13T03:03:53.187+0000][1][safepoint    ] Entering safepoint region: Cleanup
[2022-06-13T03:03:53.187+0000][1][safepoint    ] Leaving safepoint region
[2022-06-13T03:03:53.188+0000][1][safepoint    ] Total time for which application threads were stopped: 0.0008683 seconds, Stopping threads took: 0.0004050 seconds
[2022-06-13T03:03:54.188+0000][1][safepoint    ] Application time: 1.0003318 seconds
[2022-06-13T03:03:54.189+0000][1][safepoint    ] Entering safepoint region: Cleanup
[2022-06-13T03:03:54.190+0000][1][safepoint    ] Leaving safepoint region
[2022-06-13T03:03:54.190+0000][1][safepoint    ] Total time for which application threads were stopped: 0.0011981 seconds, Stopping threads took: 0.0005230 seconds
[2022-06-13T03:03:55.191+0000][1][safepoint    ] Application time: 1.0002393 seconds
[2022-06-13T03:03:55.192+0000][1][safepoint    ] Entering safepoint region: Cleanup
[2022-06-13T03:03:55.192+0000][1][safepoint    ] Leaving safepoint region
[2022-06-13T03:03:55.193+0000][1][safepoint    ] Total time for which application threads were stopped: 0.0010808 seconds, Stopping threads took: 0.0004688 seconds
[2022-06-13T03:03:56.193+0000][1][safepoint    ] Application time: 1.0002480 seconds
[2022-06-13T03:03:56.194+0000][1][safepoint    ] Entering safepoint region: Cleanup
[2022-06-13T03:03:56.194+0000][1][safepoint    ] Leaving safepoint region
[2022-06-13T03:03:56.195+0000][1][safepoint    ] Total time for which application threads were stopped: 0.0006849 seconds, Stopping threads took: 0.0003752 seconds
[2022-06-13T03:03:57.195+0000][1][safepoint    ] Application time: 1.0001741 seconds
[2022-06-13T03:03:57.196+0000][1][safepoint    ] Entering safepoint region: Cleanup
[2022-06-13T03:03:57.196+0000][1][safepoint    ] Leaving safepoint region
[2022-06-13T03:03:57.197+0000][1][safepoint    ] Total time for which application threads were stopped: 0.0011370 seconds, Stopping threads took: 0.0005201 seconds
[2022-06-13T03:03:58.197+0000][1][safepoint    ] Application time: 1.0002490 seconds
[2022-06-13T03:03:58.198+0000][1][safepoint    ] Entering safepoint region: Cleanup
[2022-06-13T03:03:58.198+0000][1][safepoint    ] Leaving safepoint region
[2022-06-13T03:03:58.198+0000][1][safepoint    ] Total time for which application threads were stopped: 0.0006174 seconds, Stopping threads took: 0.0002696 seconds
[2022-06-13T03:03:59.199+0000][1][safepoint    ] Application time: 1.0001708 seconds
[2022-06-13T03:03:59.199+0000][1][safepoint    ] Entering safepoint region: Cleanup
[2022-06-13T03:03:59.200+0000][1][safepoint    ] Leaving safepoint region
[2022-06-13T03:03:59.200+0000][1][safepoint    ] Total time for which application threads were stopped: 0.0006604 seconds, Stopping threads took: 0.0002330 seconds
[2022-06-13T03:04:00.200+0000][1][safepoint    ] Application time: 1.0002911 seconds
[2022-06-13T03:04:00.201+0000][1][safepoint    ] Entering safepoint region: Cleanup
[2022-06-13T03:04:00.201+0000][1][safepoint    ] Leaving safepoint region
[2022-06-13T03:04:00.202+0000][1][safepoint    ] Total time for which application threads were stopped: 0.0008558 seconds, Stopping threads took: 0.0004051 seconds
[2022-06-13T03:04:01.202+0000][1][safepoint    ] Application time: 1.0002223 seconds
[2022-06-13T03:04:01.203+0000][1][safepoint    ] Entering safepoint region: Cleanup
[2022-06-13T03:04:01.203+0000][1][safepoint    ] Leaving safepoint region
[2022-06-13T03:04:01.204+0000][1][safepoint    ] Total time for which application threads were stopped: 0.0008406 seconds, Stopping threads took: 0.0003550 seconds
[2022-06-13T03:04:02.204+0000][1][safepoint    ] Application time: 1.0001944 seconds
[2022-06-13T03:04:02.205+0000][1][safepoint    ] Entering safepoint region: Cleanup
[2022-06-13T03:04:02.205+0000][1][safepoint    ] Leaving safepoint region
[2022-06-13T03:04:02.206+0000][1][safepoint    ] Total time for which application threads were stopped: 0.0009345 seconds, Stopping threads took: 0.0004477 seconds
[2022-06-13T03:04:03.206+0000][1][safepoint    ] Application time: 1.0001502 seconds
[2022-06-13T03:04:03.207+0000][1][safepoint    ] Entering safepoint region: Cleanup
[2022-06-13T03:04:03.207+0000][1][safepoint    ] Leaving safepoint region
[2022-06-13T03:04:03.208+0000][1][safepoint    ] Total time for which application threads were stopped: 0.0009828 seconds, Stopping threads took: 0.0005447 seconds
[2022-06-13T03:04:04.273+0000][1][safepoint    ] Application time: 1.0646975 seconds
[2022-06-13T03:04:04.273+0000][1][safepoint    ] Entering safepoint region: Cleanup
[2022-06-13T03:04:04.273+0000][1][safepoint    ] Leaving safepoint region
[2022-06-13T03:04:04.273+0000][1][safepoint    ] Total time for which application threads were stopped: 0.0004279 seconds, Stopping threads took: 0.0002265 seconds
[2022-06-13T03:04:05.274+0000][1][safepoint    ] Application time: 1.0001620 seconds
[2022-06-13T03:04:05.274+0000][1][safepoint    ] Entering safepoint region: Cleanup
[2022-06-13T03:04:05.274+0000][1][safepoint    ] Leaving safepoint region
[2022-06-13T03:04:05.275+0000][1][safepoint    ] Total time for which application threads were stopped: 0.0005849 seconds, Stopping threads took: 0.0002667 seconds
[2022-06-13T03:04:06.275+0000][1][safepoint    ] Application time: 1.0001211 seconds
[2022-06-13T03:04:06.275+0000][1][safepoint    ] Entering safepoint region: Cleanup
[2022-06-13T03:04:06.276+0000][1][safepoint    ] Leaving safepoint region
[2022-06-13T03:04:06.276+0000][1][safepoint    ] Total time for which application threads were stopped: 0.0007889 seconds, Stopping threads took: 0.0003799 seconds
[2022-06-13T03:04:07.277+0000][1][safepoint    ] Application time: 1.0001556 seconds
[2022-06-13T03:04:07.278+0000][1][safepoint    ] Entering safepoint region: Cleanup
[2022-06-13T03:04:07.278+0000][1][safepoint    ] Leaving safepoint region
[2022-06-13T03:04:07.279+0000][1][safepoint    ] Total time for which application threads were stopped: 0.0010917 seconds, Stopping threads took: 0.0005425 seconds
[2022-06-13T03:04:08.279+0000][1][safepoint    ] Application time: 1.0003306 seconds
[2022-06-13T03:04:08.280+0000][1][safepoint    ] Entering safepoint region: Cleanup
[2022-06-13T03:04:08.281+0000][1][safepoint    ] Leaving safepoint region
[2022-06-13T03:04:08.281+0000][1][safepoint    ] Total time for which application threads were stopped: 0.0011901 seconds, Stopping threads took: 0.0005037 seconds
[2022-06-13T03:04:09.282+0000][1][safepoint    ] Application time: 1.0001878 seconds
[2022-06-13T03:04:09.283+0000][1][safepoint    ] Entering safepoint region: Cleanup
[2022-06-13T03:04:09.283+0000][1][safepoint    ] Leaving safepoint region
[2022-06-13T03:04:09.283+0000][1][safepoint    ] Total time for which application threads were stopped: 0.0007151 seconds, Stopping threads took: 0.0003357 seconds
[2022-06-13T03:04:10.284+0000][1][safepoint    ] Application time: 1.0001762 seconds
[2022-06-13T03:04:10.285+0000][1][safepoint    ] Entering safepoint region: Cleanup
[2022-06-13T03:04:10.285+0000][1][safepoint    ] Leaving safepoint region
[2022-06-13T03:04:10.285+0000][1][safepoint    ] Total time for which application threads were stopped: 0.0007535 seconds, Stopping threads took: 0.0003953 seconds
[2022-06-13T03:04:11.286+0000][1][safepoint    ] Application time: 1.0001884 seconds
[2022-06-13T03:04:11.286+0000][1][safepoint    ] Entering safepoint region: Cleanup
[2022-06-13T03:04:11.287+0000][1][safepoint    ] Leaving safepoint region
[2022-06-13T03:04:11.287+0000][1][safepoint    ] Total time for which application threads were stopped: 0.0007368 seconds, Stopping threads took: 0.0003704 seconds
[2022-06-13T03:04:12.288+0000][1][safepoint    ] Application time: 1.0002281 seconds
[2022-06-13T03:04:12.288+0000][1][safepoint    ] Entering safepoint region: Cleanup
[2022-06-13T03:04:12.289+0000][1][safepoint    ] Leaving safepoint region
[2022-06-13T03:04:12.289+0000][1][safepoint    ] Total time for which application threads were stopped: 0.0006658 seconds, Stopping threads took: 0.0003272 seconds
[2022-06-13T03:04:13.289+0000][1][safepoint    ] Application time: 1.0001160 seconds
[2022-06-13T03:04:13.290+0000][1][safepoint    ] Entering safepoint region: Cleanup
[2022-06-13T03:04:13.290+0000][1][safepoint    ] Leaving safepoint region
[2022-06-13T03:04:13.291+0000][1][safepoint    ] Total time for which application threads were stopped: 0.0008956 seconds, Stopping threads took: 0.0003645 seconds
[2022-06-13T03:04:14.291+0000][1][safepoint    ] Application time: 1.0002145 seconds
[2022-06-13T03:04:14.292+0000][1][safepoint    ] Entering safepoint region: Cleanup
[2022-06-13T03:04:14.292+0000][1][safepoint    ] Leaving safepoint region
[2022-06-13T03:04:14.292+0000][1][safepoint    ] Total time for which application threads were stopped: 0.0008221 seconds, Stopping threads took: 0.0004417 seconds
[2022-06-13T03:04:15.293+0000][1][safepoint    ] Application time: 1.0002482 seconds
[2022-06-13T03:04:15.294+0000][1][safepoint    ] Entering safepoint region: Cleanup
[2022-06-13T03:04:15.294+0000][1][safepoint    ] Leaving safepoint region
[2022-06-13T03:04:15.295+0000][1][safepoint    ] Total time for which application threads were stopped: 0.0010525 seconds, Stopping threads took: 0.0005055 seconds
[2022-06-13T03:04:16.295+0000][1][safepoint    ] Application time: 1.0001324 seconds
[2022-06-13T03:04:16.295+0000][1][safepoint    ] Entering safepoint region: Cleanup
[2022-06-13T03:04:16.296+0000][1][safepoint    ] Leaving safepoint region
[2022-06-13T03:04:16.296+0000][1][safepoint    ] Total time for which application threads were stopped: 0.0004755 seconds, Stopping threads took: 0.0002058 seconds
[2022-06-13T03:04:17.296+0000][1][safepoint    ] Application time: 1.0001206 seconds
[2022-06-13T03:04:17.297+0000][1][safepoint    ] Entering safepoint region: Cleanup
[2022-06-13T03:04:17.297+0000][1][safepoint    ] Leaving safepoint region
[2022-06-13T03:04:17.297+0000][1][safepoint    ] Total time for which application threads were stopped: 0.0004807 seconds, Stopping threads took: 0.0002004 seconds
[2022-06-13T03:04:18.297+0000][1][safepoint    ] Application time: 1.0001740 seconds
[2022-06-13T03:04:18.298+0000][1][safepoint    ] Entering safepoint region: Cleanup
[2022-06-13T03:04:18.298+0000][1][safepoint    ] Leaving safepoint region
[2022-06-13T03:04:18.299+0000][1][safepoint    ] Total time for which application threads were stopped: 0.0010046 seconds, Stopping threads took: 0.0004796 seconds
[2022-06-13T03:04:19.300+0000][1][safepoint    ] Application time: 1.0003173 seconds
[2022-06-13T03:04:19.300+0000][1][safepoint    ] Entering safepoint region: Cleanup
[2022-06-13T03:04:19.301+0000][1][safepoint    ] Leaving safepoint region
[2022-06-13T03:04:19.301+0000][1][safepoint    ] Total time for which application threads were stopped: 0.0008397 seconds, Stopping threads took: 0.0003779 seconds
[2022-06-13T03:04:20.302+0000][1][safepoint    ] Application time: 1.0002256 seconds
[2022-06-13T03:04:20.303+0000][1][safepoint    ] Entering safepoint region: Cleanup
[2022-06-13T03:04:20.303+0000][1][safepoint    ] Leaving safepoint region
[2022-06-13T03:04:20.304+0000][1][safepoint    ] Total time for which application threads were stopped: 0.0015138 seconds, Stopping threads took: 0.0006223 seconds
[2022-06-13T03:04:21.305+0000][1][safepoint    ] Application time: 1.0003301 seconds
[2022-06-13T03:04:21.306+0000][1][safepoint    ] Entering safepoint region: Cleanup
[2022-06-13T03:04:21.306+0000][1][safepoint    ] Leaving safepoint region
[2022-06-13T03:04:21.307+0000][1][safepoint    ] Total time for which application threads were stopped: 0.0011597 seconds, Stopping threads took: 0.0004934 seconds
[2022-06-13T03:04:22.308+0000][1][safepoint    ] Application time: 1.0002695 seconds
[2022-06-13T03:04:22.308+0000][1][safepoint    ] Entering safepoint region: Cleanup
[2022-06-13T03:04:22.309+0000][1][safepoint    ] Leaving safepoint region
[2022-06-13T03:04:22.309+0000][1][safepoint    ] Total time for which application threads were stopped: 0.0007305 seconds, Stopping threads took: 0.0003287 seconds
[2022-06-13T03:04:23.309+0000][1][safepoint    ] Application time: 1.0001663 seconds
[2022-06-13T03:04:23.310+0000][1][safepoint    ] Entering safepoint region: Cleanup
[2022-06-13T03:04:23.310+0000][1][safepoint    ] Leaving safepoint region
[2022-06-13T03:04:23.311+0000][1][safepoint    ] Total time for which application threads were stopped: 0.0007254 seconds, Stopping threads took: 0.0003558 seconds
[2022-06-13T03:04:24.311+0000][1][safepoint    ] Application time: 1.0002781 seconds
[2022-06-13T03:04:24.312+0000][1][safepoint    ] Entering safepoint region: Cleanup
[2022-06-13T03:04:24.312+0000][1][safepoint    ] Leaving safepoint region
[2022-06-13T03:04:24.313+0000][1][safepoint    ] Total time for which application threads were stopped: 0.0009355 seconds, Stopping threads took: 0.0005428 seconds
[2022-06-13T03:04:25.313+0000][1][safepoint    ] Application time: 1.0001650 seconds
[2022-06-13T03:04:25.314+0000][1][safepoint    ] Entering safepoint region: Cleanup
[2022-06-13T03:04:25.314+0000][1][safepoint    ] Leaving safepoint region
[2022-06-13T03:04:25.314+0000][1][safepoint    ] Total time for which application threads were stopped: 0.0007638 seconds, Stopping threads took: 0.0002724 seconds
[2022-06-13T03:04:26.315+0000][1][safepoint    ] Application time: 1.0002103 seconds
[2022-06-13T03:04:26.315+0000][1][safepoint    ] Entering safepoint region: Cleanup
[2022-06-13T03:04:26.316+0000][1][safepoint    ] Leaving safepoint region
[2022-06-13T03:04:26.316+0000][1][safepoint    ] Total time for which application threads were stopped: 0.0010903 seconds, Stopping threads took: 0.0004638 seconds
[2022-06-13T03:04:27.317+0000][1][safepoint    ] Application time: 1.0001782 seconds
[2022-06-13T03:04:27.317+0000][1][safepoint    ] Entering safepoint region: Cleanup
[2022-06-13T03:04:27.318+0000][1][safepoint    ] Leaving safepoint region
[2022-06-13T03:04:27.318+0000][1][safepoint    ] Total time for which application threads were stopped: 0.0006025 seconds, Stopping threads took: 0.0002984 seconds
[2022-06-13T03:04:28.318+0000][1][safepoint    ] Application time: 1.0001229 seconds
[2022-06-13T03:04:28.319+0000][1][safepoint    ] Entering safepoint region: Cleanup
[2022-06-13T03:04:28.319+0000][1][safepoint    ] Leaving safepoint region
[2022-06-13T03:04:28.319+0000][1][safepoint    ] Total time for which application threads were stopped: 0.0004663 seconds, Stopping threads took: 0.0001963 seconds
[2022-06-13T03:04:29.320+0000][1][safepoint    ] Application time: 1.0003182 seconds
[2022-06-13T03:04:29.321+0000][1][safepoint    ] Entering safepoint region: Cleanup
[2022-06-13T03:04:29.321+0000][1][safepoint    ] Leaving safepoint region
[2022-06-13T03:04:29.321+0000][1][safepoint    ] Total time for which application threads were stopped: 0.0008029 seconds, Stopping threads took: 0.0003422 seconds
[2022-06-13T03:04:30.322+0000][1][safepoint    ] Application time: 1.0001173 seconds
[2022-06-13T03:04:30.322+0000][1][safepoint    ] Entering safepoint region: Cleanup
[2022-06-13T03:04:30.323+0000][1][safepoint    ] Leaving safepoint region
[2022-06-13T03:04:30.323+0000][1][safepoint    ] Total time for which application threads were stopped: 0.0008232 seconds, Stopping threads took: 0.0003395 seconds
[2022-06-13T03:04:31.324+0000][1][safepoint    ] Application time: 1.0002262 seconds
[2022-06-13T03:04:31.324+0000][1][safepoint    ] Entering safepoint region: Cleanup
[2022-06-13T03:04:31.325+0000][1][safepoint    ] Leaving safepoint region
[2022-06-13T03:04:31.325+0000][1][safepoint    ] Total time for which application threads were stopped: 0.0007668 seconds, Stopping threads took: 0.0003777 seconds
[2022-06-13T03:04:32.326+0000][1][safepoint    ] Application time: 1.0002594 seconds
[2022-06-13T03:04:32.326+0000][1][safepoint    ] Entering safepoint region: Cleanup
[2022-06-13T03:04:32.326+0000][1][safepoint    ] Leaving safepoint region
[2022-06-13T03:04:32.327+0000][1][safepoint    ] Total time for which application threads were stopped: 0.0007163 seconds, Stopping threads took: 0.0003482 seconds
[2022-06-13T03:04:33.327+0000][1][safepoint    ] Application time: 1.0001332 seconds
[2022-06-13T03:04:33.328+0000][1][safepoint    ] Entering safepoint region: Cleanup
[2022-06-13T03:04:33.328+0000][1][safepoint    ] Leaving safepoint region
[2022-06-13T03:04:33.328+0000][1][safepoint    ] Total time for which application threads were stopped: 0.0006001 seconds, Stopping threads took: 0.0003613 seconds
[2022-06-13T03:04:34.329+0000][1][safepoint    ] Application time: 1.0001275 seconds
[2022-06-13T03:04:34.329+0000][1][safepoint    ] Entering safepoint region: Cleanup
[2022-06-13T03:04:34.329+0000][1][safepoint    ] Leaving safepoint region
[2022-06-13T03:04:34.329+0000][1][safepoint    ] Total time for which application threads were stopped: 0.0003476 seconds, Stopping threads took: 0.0001547 seconds
[2022-06-13T03:04:35.330+0000][1][safepoint    ] Application time: 1.0001234 seconds
[2022-06-13T03:04:35.330+0000][1][safepoint    ] Entering safepoint region: Cleanup
[2022-06-13T03:04:35.331+0000][1][safepoint    ] Leaving safepoint region
[2022-06-13T03:04:35.331+0000][1][safepoint    ] Total time for which application threads were stopped: 0.0009411 seconds, Stopping threads took: 0.0002687 seconds
[2022-06-13T03:04:36.331+0000][1][safepoint    ] Application time: 1.0001121 seconds
[2022-06-13T03:04:36.332+0000][1][safepoint    ] Entering safepoint region: Cleanup
[2022-06-13T03:04:36.332+0000][1][safepoint    ] Leaving safepoint region
[2022-06-13T03:04:36.332+0000][1][safepoint    ] Total time for which application threads were stopped: 0.0003028 seconds, Stopping threads took: 0.0001295 seconds
[2022-06-13T03:04:37.332+0000][1][safepoint    ] Application time: 1.0002807 seconds
[2022-06-13T03:04:37.333+0000][1][safepoint    ] Entering safepoint region: Cleanup
[2022-06-13T03:04:37.333+0000][1][safepoint    ] Leaving safepoint region
[2022-06-13T03:04:37.334+0000][1][safepoint    ] Total time for which application threads were stopped: 0.0009687 seconds, Stopping threads took: 0.0004646 seconds
[2022-06-13T03:04:38.334+0000][1][safepoint    ] Application time: 1.0002329 seconds
[2022-06-13T03:04:38.335+0000][1][safepoint    ] Entering safepoint region: Cleanup
[2022-06-13T03:04:38.336+0000][1][safepoint    ] Leaving safepoint region
[2022-06-13T03:04:38.336+0000][1][safepoint    ] Total time for which application threads were stopped: 0.0010057 seconds, Stopping threads took: 0.0004962 seconds
[2022-06-13T03:04:39.337+0000][1][safepoint    ] Application time: 1.0001385 seconds
[2022-06-13T03:04:39.337+0000][1][safepoint    ] Entering safepoint region: Cleanup
[2022-06-13T03:04:39.337+0000][1][safepoint    ] Leaving safepoint region
[2022-06-13T03:04:39.337+0000][1][safepoint    ] Total time for which application threads were stopped: 0.0003519 seconds, Stopping threads took: 0.0001380 seconds
[2022-06-13T03:04:40.338+0000][1][safepoint    ] Application time: 1.0001268 seconds
[2022-06-13T03:04:40.338+0000][1][safepoint    ] Entering safepoint region: Cleanup
[2022-06-13T03:04:40.338+0000][1][safepoint    ] Leaving safepoint region
[2022-06-13T03:04:40.339+0000][1][safepoint    ] Total time for which application threads were stopped: 0.0006485 seconds, Stopping threads took: 0.0003749 seconds
[2022-06-13T03:04:41.339+0000][1][safepoint    ] Application time: 1.0001817 seconds
[2022-06-13T03:04:41.339+0000][1][safepoint    ] Entering safepoint region: Cleanup
[2022-06-13T03:04:41.340+0000][1][safepoint    ] Leaving safepoint region
[2022-06-13T03:04:41.340+0000][1][safepoint    ] Total time for which application threads were stopped: 0.0008791 seconds, Stopping threads took: 0.0003790 seconds
[2022-06-13T03:04:42.341+0000][1][safepoint    ] Application time: 1.0001916 seconds
[2022-06-13T03:04:42.341+0000][1][safepoint    ] Entering safepoint region: Cleanup
[2022-06-13T03:04:42.342+0000][1][safepoint    ] Leaving safepoint region
[2022-06-13T03:04:42.342+0000][1][safepoint    ] Total time for which application threads were stopped: 0.0005070 seconds, Stopping threads took: 0.0002344 seconds
[2022-06-13T03:04:43.342+0000][1][safepoint    ] Application time: 1.0001852 seconds
[2022-06-13T03:04:43.343+0000][1][safepoint    ] Entering safepoint region: Cleanup
[2022-06-13T03:04:43.343+0000][1][safepoint    ] Leaving safepoint region
[2022-06-13T03:04:43.343+0000][1][safepoint    ] Total time for which application threads were stopped: 0.0006131 seconds, Stopping threads took: 0.0002144 seconds
[2022-06-13T03:04:44.344+0000][1][safepoint    ] Application time: 1.0002186 seconds
[2022-06-13T03:04:44.344+0000][1][safepoint    ] Entering safepoint region: Cleanup
[2022-06-13T03:04:44.345+0000][1][safepoint    ] Leaving safepoint region
[2022-06-13T03:04:44.345+0000][1][safepoint    ] Total time for which application threads were stopped: 0.0008692 seconds, Stopping threads took: 0.0003710 seconds
[2022-06-13T03:04:45.346+0000][1][safepoint    ] Application time: 1.0002613 seconds
[2022-06-13T03:04:45.346+0000][1][safepoint    ] Entering safepoint region: Cleanup
[2022-06-13T03:04:45.347+0000][1][safepoint    ] Leaving safepoint region
[2022-06-13T03:04:45.347+0000][1][safepoint    ] Total time for which application threads were stopped: 0.0009240 seconds, Stopping threads took: 0.0004550 seconds
[2022-06-13T03:04:46.348+0000][1][safepoint    ] Application time: 1.0001352 seconds
[2022-06-13T03:04:46.348+0000][1][safepoint    ] Entering safepoint region: Cleanup
[2022-06-13T03:04:46.348+0000][1][safepoint    ] Leaving safepoint region
[2022-06-13T03:04:46.349+0000][1][safepoint    ] Total time for which application threads were stopped: 0.0007815 seconds, Stopping threads took: 0.0002781 seconds
[2022-06-13T03:04:47.349+0000][1][safepoint    ] Application time: 1.0001542 seconds
[2022-06-13T03:04:47.349+0000][1][safepoint    ] Entering safepoint region: Cleanup
[2022-06-13T03:04:47.350+0000][1][safepoint    ] Leaving safepoint region
[2022-06-13T03:04:47.350+0000][1][safepoint    ] Total time for which application threads were stopped: 0.0003267 seconds, Stopping threads took: 0.0001340 seconds
[2022-06-13T03:04:48.350+0000][1][safepoint    ] Application time: 1.0002208 seconds
[2022-06-13T03:04:48.351+0000][1][safepoint    ] Entering safepoint region: Cleanup
[2022-06-13T03:04:48.351+0000][1][safepoint    ] Leaving safepoint region
[2022-06-13T03:04:48.351+0000][1][safepoint    ] Total time for which application threads were stopped: 0.0007466 seconds, Stopping threads took: 0.0003187 seconds
[2022-06-13T03:04:49.352+0000][1][safepoint    ] Application time: 1.0001922 seconds
[2022-06-13T03:04:49.353+0000][1][safepoint    ] Entering safepoint region: Cleanup
[2022-06-13T03:04:49.353+0000][1][safepoint    ] Leaving safepoint region
[2022-06-13T03:04:49.354+0000][1][safepoint    ] Total time for which application threads were stopped: 0.0012640 seconds, Stopping threads took: 0.0005495 seconds
[2022-06-13T03:04:50.355+0000][1][safepoint    ] Application time: 1.0001895 seconds
[2022-06-13T03:04:50.355+0000][1][safepoint    ] Entering safepoint region: Cleanup
[2022-06-13T03:04:50.356+0000][1][safepoint    ] Leaving safepoint region
[2022-06-13T03:04:50.356+0000][1][safepoint    ] Total time for which application threads were stopped: 0.0004919 seconds, Stopping threads took: 0.0002317 seconds
[2022-06-13T03:04:51.356+0000][1][safepoint    ] Application time: 1.0001457 seconds
[2022-06-13T03:04:51.357+0000][1][safepoint    ] Entering safepoint region: Cleanup
[2022-06-13T03:04:51.357+0000][1][safepoint    ] Leaving safepoint region
[2022-06-13T03:04:51.357+0000][1][safepoint    ] Total time for which application threads were stopped: 0.0005249 seconds, Stopping threads took: 0.0003350 seconds
[2022-06-13T03:04:52.357+0000][1][safepoint    ] Application time: 1.0002776 seconds
[2022-06-13T03:04:52.358+0000][1][safepoint    ] Entering safepoint region: Cleanup
[2022-06-13T03:04:52.359+0000][1][safepoint    ] Leaving safepoint region
[2022-06-13T03:04:52.359+0000][1][safepoint    ] Total time for which application threads were stopped: 0.0010636 seconds, Stopping threads took: 0.0004998 seconds
[2022-06-13T03:04:53.360+0000][1][safepoint    ] Application time: 1.0001347 seconds
[2022-06-13T03:04:53.360+0000][1][safepoint    ] Entering safepoint region: Cleanup
[2022-06-13T03:04:53.361+0000][1][safepoint    ] Leaving safepoint region
[2022-06-13T03:04:53.361+0000][1][safepoint    ] Total time for which application threads were stopped: 0.0008049 seconds, Stopping threads took: 0.0004029 seconds
[2022-06-13T03:04:54.362+0000][1][safepoint    ] Application time: 1.0002377 seconds
[2022-06-13T03:04:54.362+0000][1][safepoint    ] Entering safepoint region: Cleanup
[2022-06-13T03:04:54.363+0000][1][safepoint    ] Leaving safepoint region
[2022-06-13T03:04:54.364+0000][1][safepoint    ] Total time for which application threads were stopped: 0.0013723 seconds, Stopping threads took: 0.0006723 seconds
[2022-06-13T03:04:55.365+0000][1][safepoint    ] Application time: 1.0001841 seconds
[2022-06-13T03:04:55.365+0000][1][safepoint    ] Entering safepoint region: Cleanup
[2022-06-13T03:04:55.365+0000][1][safepoint    ] Leaving safepoint region
[2022-06-13T03:04:55.365+0000][1][safepoint    ] Total time for which application threads were stopped: 0.0005668 seconds, Stopping threads took: 0.0002271 seconds
[2022-06-13T03:04:56.366+0000][1][safepoint    ] Application time: 1.0003108 seconds
[2022-06-13T03:04:56.367+0000][1][safepoint    ] Entering safepoint region: Cleanup
[2022-06-13T03:04:56.368+0000][1][safepoint    ] Leaving safepoint region
[2022-06-13T03:04:56.369+0000][1][safepoint    ] Total time for which application threads were stopped: 0.0021515 seconds, Stopping threads took: 0.0010913 seconds
[2022-06-13T03:04:57.370+0000][1][safepoint    ] Application time: 1.0001315 seconds
[2022-06-13T03:04:57.370+0000][1][safepoint    ] Entering safepoint region: Cleanup
[2022-06-13T03:04:57.371+0000][1][safepoint    ] Leaving safepoint region
[2022-06-13T03:04:57.371+0000][1][safepoint    ] Total time for which application threads were stopped: 0.0007597 seconds, Stopping threads took: 0.0003807 seconds
[2022-06-13T03:04:58.372+0000][1][safepoint    ] Application time: 1.0003118 seconds
[2022-06-13T03:04:58.372+0000][1][safepoint    ] Entering safepoint region: Cleanup
[2022-06-13T03:04:58.373+0000][1][safepoint    ] Leaving safepoint region
[2022-06-13T03:04:58.374+0000][1][safepoint    ] Total time for which application threads were stopped: 0.0011054 seconds, Stopping threads took: 0.0005491 seconds
[2022-06-13T03:04:59.374+0000][1][safepoint    ] Application time: 1.0001765 seconds
[2022-06-13T03:04:59.375+0000][1][safepoint    ] Entering safepoint region: Cleanup
[2022-06-13T03:04:59.375+0000][1][safepoint    ] Leaving safepoint region
[2022-06-13T03:04:59.375+0000][1][safepoint    ] Total time for which application threads were stopped: 0.0008461 seconds, Stopping threads took: 0.0003407 seconds
[2022-06-13T03:05:00.376+0000][1][safepoint    ] Application time: 1.0001123 seconds
[2022-06-13T03:05:00.376+0000][1][safepoint    ] Entering safepoint region: Cleanup
[2022-06-13T03:05:00.377+0000][1][safepoint    ] Leaving safepoint region
[2022-06-13T03:05:00.377+0000][1][safepoint    ] Total time for which application threads were stopped: 0.0008215 seconds, Stopping threads took: 0.0003430 seconds
[2022-06-13T03:05:01.377+0000][1][safepoint    ] Application time: 1.0001941 seconds
[2022-06-13T03:05:01.378+0000][1][safepoint    ] Entering safepoint region: Cleanup
[2022-06-13T03:05:01.378+0000][1][safepoint    ] Leaving safepoint region
[2022-06-13T03:05:01.379+0000][1][safepoint    ] Total time for which application threads were stopped: 0.0007229 seconds, Stopping threads took: 0.0003184 seconds
[2022-06-13T03:05:02.379+0000][1][safepoint    ] Application time: 1.0002167 seconds
[2022-06-13T03:05:02.380+0000][1][safepoint    ] Entering safepoint region: Cleanup
[2022-06-13T03:05:02.380+0000][1][safepoint    ] Leaving safepoint region
[2022-06-13T03:05:02.381+0000][1][safepoint    ] Total time for which application threads were stopped: 0.0009250 seconds, Stopping threads took: 0.0004290 seconds
[2022-06-13T03:05:03.381+0000][1][safepoint    ] Application time: 1.0001427 seconds
[2022-06-13T03:05:03.382+0000][1][safepoint    ] Entering safepoint region: Cleanup
[2022-06-13T03:05:03.382+0000][1][safepoint    ] Leaving safepoint region
[2022-06-13T03:05:03.382+0000][1][safepoint    ] Total time for which application threads were stopped: 0.0005085 seconds, Stopping threads took: 0.0002411 seconds
[2022-06-13T03:05:04.383+0000][1][safepoint    ] Application time: 1.0001846 seconds
[2022-06-13T03:05:04.384+0000][1][safepoint    ] Entering safepoint region: Cleanup
[2022-06-13T03:05:04.384+0000][1][safepoint    ] Leaving safepoint region
[2022-06-13T03:05:04.385+0000][1][safepoint    ] Total time for which application threads were stopped: 0.0011345 seconds, Stopping threads took: 0.0005542 seconds
[2022-06-13T03:05:05.385+0000][1][safepoint    ] Application time: 1.0003022 seconds
[2022-06-13T03:05:05.386+0000][1][safepoint    ] Entering safepoint region: Cleanup
[2022-06-13T03:05:05.387+0000][1][safepoint    ] Leaving safepoint region
[2022-06-13T03:05:05.388+0000][1][safepoint    ] Total time for which application threads were stopped: 0.0014469 seconds, Stopping threads took: 0.0006220 seconds
[2022-06-13T03:05:06.389+0000][1][safepoint    ] Application time: 1.0001845 seconds
[2022-06-13T03:05:06.389+0000][1][safepoint    ] Entering safepoint region: Cleanup
[2022-06-13T03:05:06.389+0000][1][safepoint    ] Leaving safepoint region
[2022-06-13T03:05:06.390+0000][1][safepoint    ] Total time for which application threads were stopped: 0.0009222 seconds, Stopping threads took: 0.0003527 seconds
[2022-06-13T03:05:07.390+0000][1][safepoint    ] Application time: 1.0001933 seconds
[2022-06-13T03:05:07.391+0000][1][safepoint    ] Entering safepoint region: Cleanup
[2022-06-13T03:05:07.392+0000][1][safepoint    ] Leaving safepoint region
[2022-06-13T03:05:07.392+0000][1][safepoint    ] Total time for which application threads were stopped: 0.0009735 seconds, Stopping threads took: 0.0004777 seconds
[2022-06-13T03:05:08.393+0000][1][safepoint    ] Application time: 1.0001366 seconds
[2022-06-13T03:05:08.393+0000][1][safepoint    ] Entering safepoint region: Cleanup
[2022-06-13T03:05:08.393+0000][1][safepoint    ] Leaving safepoint region
[2022-06-13T03:05:08.393+0000][1][safepoint    ] Total time for which application threads were stopped: 0.0003700 seconds, Stopping threads took: 0.0001628 seconds
[2022-06-13T03:05:09.394+0000][1][safepoint    ] Application time: 1.0001923 seconds
[2022-06-13T03:05:09.395+0000][1][safepoint    ] Entering safepoint region: Cleanup
[2022-06-13T03:05:09.395+0000][1][safepoint    ] Leaving safepoint region
[2022-06-13T03:05:09.395+0000][1][safepoint    ] Total time for which application threads were stopped: 0.0009238 seconds, Stopping threads took: 0.0004407 seconds
[2022-06-13T03:05:10.396+0000][1][safepoint    ] Application time: 1.0002558 seconds
[2022-06-13T03:05:10.397+0000][1][safepoint    ] Entering safepoint region: Cleanup
[2022-06-13T03:05:10.398+0000][1][safepoint    ] Leaving safepoint region
[2022-06-13T03:05:10.399+0000][1][safepoint    ] Total time for which application threads were stopped: 0.0014883 seconds, Stopping threads took: 0.0007570 seconds
[2022-06-13T03:05:11.400+0000][1][safepoint    ] Application time: 1.0002010 seconds
[2022-06-13T03:05:11.400+0000][1][safepoint    ] Entering safepoint region: Cleanup
[2022-06-13T03:05:11.401+0000][1][safepoint    ] Leaving safepoint region
[2022-06-13T03:05:11.401+0000][1][safepoint    ] Total time for which application threads were stopped: 0.0008677 seconds, Stopping threads took: 0.0003429 seconds
[2022-06-13T03:05:12.402+0000][1][safepoint    ] Application time: 1.0001838 seconds
[2022-06-13T03:05:12.402+0000][1][safepoint    ] Entering safepoint region: Cleanup
[2022-06-13T03:05:12.403+0000][1][safepoint    ] Leaving safepoint region
[2022-06-13T03:05:12.403+0000][1][safepoint    ] Total time for which application threads were stopped: 0.0011996 seconds, Stopping threads took: 0.0005696 seconds
[2022-06-13T03:05:13.404+0000][1][safepoint    ] Application time: 1.0001249 seconds
[2022-06-13T03:05:13.404+0000][1][safepoint    ] Entering safepoint region: Cleanup
[2022-06-13T03:05:13.405+0000][1][safepoint    ] Leaving safepoint region
[2022-06-13T03:05:13.405+0000][1][safepoint    ] Total time for which application threads were stopped: 0.0007170 seconds, Stopping threads took: 0.0003545 seconds
[2022-06-13T03:05:14.405+0000][1][safepoint    ] Application time: 1.0001861 seconds
[2022-06-13T03:05:14.406+0000][1][safepoint    ] Entering safepoint region: Cleanup
[2022-06-13T03:05:14.407+0000][1][safepoint    ] Leaving safepoint region
[2022-06-13T03:05:14.407+0000][1][safepoint    ] Total time for which application threads were stopped: 0.0007802 seconds, Stopping threads took: 0.0002989 seconds
[2022-06-13T03:05:15.407+0000][1][safepoint    ] Application time: 1.0001210 seconds
[2022-06-13T03:05:15.408+0000][1][safepoint    ] Entering safepoint region: Cleanup
[2022-06-13T03:05:15.408+0000][1][safepoint    ] Leaving safepoint region
[2022-06-13T03:05:15.409+0000][1][safepoint    ] Total time for which application threads were stopped: 0.0007683 seconds, Stopping threads took: 0.0003209 seconds
[2022-06-13T03:05:16.409+0000][1][safepoint    ] Application time: 1.0001534 seconds
[2022-06-13T03:05:16.410+0000][1][safepoint    ] Entering safepoint region: Cleanup
[2022-06-13T03:05:16.410+0000][1][safepoint    ] Leaving safepoint region
[2022-06-13T03:05:16.411+0000][1][safepoint    ] Total time for which application threads were stopped: 0.0008955 seconds, Stopping threads took: 0.0004240 seconds
[2022-06-13T03:05:17.411+0000][1][safepoint    ] Application time: 1.0002110 seconds
[2022-06-13T03:05:17.412+0000][1][safepoint    ] Entering safepoint region: Cleanup
[2022-06-13T03:05:17.412+0000][1][safepoint    ] Leaving safepoint region
[2022-06-13T03:05:17.413+0000][1][safepoint    ] Total time for which application threads were stopped: 0.0009248 seconds, Stopping threads took: 0.0003923 seconds
[2022-06-13T03:05:18.413+0000][1][safepoint    ] Application time: 1.0002594 seconds
[2022-06-13T03:05:18.414+0000][1][safepoint    ] Entering safepoint region: Cleanup
[2022-06-13T03:05:18.414+0000][1][safepoint    ] Leaving safepoint region
[2022-06-13T03:05:18.415+0000][1][safepoint    ] Total time for which application threads were stopped: 0.0007653 seconds, Stopping threads took: 0.0003632 seconds
[2022-06-13T03:05:19.415+0000][1][safepoint    ] Application time: 1.0002050 seconds
[2022-06-13T03:05:19.416+0000][1][safepoint    ] Entering safepoint region: Cleanup
[2022-06-13T03:05:19.416+0000][1][safepoint    ] Leaving safepoint region
[2022-06-13T03:05:19.417+0000][1][safepoint    ] Total time for which application threads were stopped: 0.0008312 seconds, Stopping threads took: 0.0003946 seconds
[2022-06-13T03:05:20.417+0000][1][safepoint    ] Application time: 1.0001171 seconds
[2022-06-13T03:05:20.417+0000][1][safepoint    ] Entering safepoint region: Cleanup
[2022-06-13T03:05:20.418+0000][1][safepoint    ] Leaving safepoint region
[2022-06-13T03:05:20.418+0000][1][safepoint    ] Total time for which application threads were stopped: 0.0004033 seconds, Stopping threads took: 0.0001595 seconds
[2022-06-13T03:05:21.418+0000][1][safepoint    ] Application time: 1.0001546 seconds
[2022-06-13T03:05:21.419+0000][1][safepoint    ] Entering safepoint region: Cleanup
[2022-06-13T03:05:21.419+0000][1][safepoint    ] Leaving safepoint region
[2022-06-13T03:05:21.420+0000][1][safepoint    ] Total time for which application threads were stopped: 0.0011953 seconds, Stopping threads took: 0.0005294 seconds
[2022-06-13T03:05:22.421+0000][1][safepoint    ] Application time: 1.0002003 seconds
[2022-06-13T03:05:22.422+0000][1][safepoint    ] Entering safepoint region: Cleanup
[2022-06-13T03:05:22.422+0000][1][safepoint    ] Leaving safepoint region
[2022-06-13T03:05:22.423+0000][1][safepoint    ] Total time for which application threads were stopped: 0.0010839 seconds, Stopping threads took: 0.0004472 seconds
[2022-06-13T03:05:23.423+0000][1][safepoint    ] Application time: 1.0002140 seconds
[2022-06-13T03:05:23.424+0000][1][safepoint    ] Entering safepoint region: Cleanup
[2022-06-13T03:05:23.424+0000][1][safepoint    ] Leaving safepoint region
[2022-06-13T03:05:23.425+0000][1][safepoint    ] Total time for which application threads were stopped: 0.0007995 seconds, Stopping threads took: 0.0003304 seconds
[2022-06-13T03:05:24.425+0000][1][safepoint    ] Application time: 1.0002660 seconds
[2022-06-13T03:05:24.426+0000][1][safepoint    ] Entering safepoint region: Cleanup
[2022-06-13T03:05:24.426+0000][1][safepoint    ] Leaving safepoint region
[2022-06-13T03:05:24.427+0000][1][safepoint    ] Total time for which application threads were stopped: 0.0007518 seconds, Stopping threads took: 0.0003394 seconds
[2022-06-13T03:05:26.288+0000][1][safepoint    ] Application time: 1.8613436 seconds
[2022-06-13T03:05:26.289+0000][1][safepoint    ] Entering safepoint region: Cleanup
[2022-06-13T03:05:26.289+0000][1][safepoint    ] Leaving safepoint region
[2022-06-13T03:05:26.290+0000][1][safepoint    ] Total time for which application threads were stopped: 0.0010095 seconds, Stopping threads took: 0.0003794 seconds
[2022-06-13T03:05:27.290+0000][1][safepoint    ] Application time: 1.0001404 seconds
[2022-06-13T03:05:27.290+0000][1][safepoint    ] Entering safepoint region: Cleanup
[2022-06-13T03:05:27.291+0000][1][safepoint    ] Leaving safepoint region
[2022-06-13T03:05:27.291+0000][1][safepoint    ] Total time for which application threads were stopped: 0.0005084 seconds, Stopping threads took: 0.0002137 seconds
[2022-06-13T03:05:28.291+0000][1][safepoint    ] Application time: 1.0002024 seconds
[2022-06-13T03:05:28.292+0000][1][safepoint    ] Entering safepoint region: Cleanup
[2022-06-13T03:05:28.292+0000][1][safepoint    ] Leaving safepoint region
[2022-06-13T03:05:28.293+0000][1][safepoint    ] Total time for which application threads were stopped: 0.0008833 seconds, Stopping threads took: 0.0004892 seconds
[2022-06-13T03:05:29.294+0000][1][safepoint    ] Application time: 1.0002206 seconds
[2022-06-13T03:05:29.294+0000][1][safepoint    ] Entering safepoint region: Cleanup
[2022-06-13T03:05:29.294+0000][1][safepoint    ] Leaving safepoint region
[2022-06-13T03:05:29.295+0000][1][safepoint    ] Total time for which application threads were stopped: 0.0005943 seconds, Stopping threads took: 0.0002882 seconds
[2022-06-13T03:05:30.295+0000][1][safepoint    ] Application time: 1.0001625 seconds
[2022-06-13T03:05:30.295+0000][1][safepoint    ] Entering safepoint region: Cleanup
[2022-06-13T03:05:30.296+0000][1][safepoint    ] Leaving safepoint region
[2022-06-13T03:05:30.296+0000][1][safepoint    ] Total time for which application threads were stopped: 0.0005126 seconds, Stopping threads took: 0.0002897 seconds
[2022-06-13T03:05:31.296+0000][1][safepoint    ] Application time: 1.0001754 seconds
[2022-06-13T03:05:31.297+0000][1][safepoint    ] Entering safepoint region: Cleanup
[2022-06-13T03:05:31.297+0000][1][safepoint    ] Leaving safepoint region
[2022-06-13T03:05:31.298+0000][1][safepoint    ] Total time for which application threads were stopped: 0.0008716 seconds, Stopping threads took: 0.0003461 seconds
[2022-06-13T03:05:32.298+0000][1][safepoint    ] Application time: 1.0001760 seconds
[2022-06-13T03:05:32.299+0000][1][safepoint    ] Entering safepoint region: Cleanup
[2022-06-13T03:05:32.300+0000][1][safepoint    ] Leaving safepoint region
[2022-06-13T03:05:32.300+0000][1][safepoint    ] Total time for which application threads were stopped: 0.0010804 seconds, Stopping threads took: 0.0004697 seconds
[2022-06-13T03:05:33.301+0000][1][safepoint    ] Application time: 1.0001820 seconds
[2022-06-13T03:05:33.301+0000][1][safepoint    ] Entering safepoint region: Cleanup
[2022-06-13T03:05:33.302+0000][1][safepoint    ] Leaving safepoint region
[2022-06-13T03:05:33.302+0000][1][safepoint    ] Total time for which application threads were stopped: 0.0010065 seconds, Stopping threads took: 0.0003238 seconds
[2022-06-13T03:05:34.303+0000][1][safepoint    ] Application time: 1.0001180 seconds
[2022-06-13T03:05:34.304+0000][1][safepoint    ] Entering safepoint region: Cleanup
[2022-06-13T03:05:34.304+0000][1][safepoint    ] Leaving safepoint region
[2022-06-13T03:05:34.304+0000][1][safepoint    ] Total time for which application threads were stopped: 0.0008327 seconds, Stopping threads took: 0.0003975 seconds
[2022-06-13T03:05:35.305+0000][1][safepoint    ] Application time: 1.0002675 seconds
[2022-06-13T03:05:35.306+0000][1][safepoint    ] Entering safepoint region: Cleanup
[2022-06-13T03:05:35.306+0000][1][safepoint    ] Leaving safepoint region
[2022-06-13T03:05:35.307+0000][1][safepoint    ] Total time for which application threads were stopped: 0.0007739 seconds, Stopping threads took: 0.0002788 seconds
[2022-06-13T03:05:36.307+0000][1][safepoint    ] Application time: 1.0001976 seconds
[2022-06-13T03:05:36.308+0000][1][safepoint    ] Entering safepoint region: Cleanup
[2022-06-13T03:05:36.308+0000][1][safepoint    ] Leaving safepoint region
[2022-06-13T03:05:36.309+0000][1][safepoint    ] Total time for which application threads were stopped: 0.0008748 seconds, Stopping threads took: 0.0003676 seconds
[2022-06-13T03:05:37.310+0000][1][safepoint    ] Application time: 1.0002336 seconds
[2022-06-13T03:05:37.310+0000][1][safepoint    ] Entering safepoint region: Cleanup
[2022-06-13T03:05:37.310+0000][1][safepoint    ] Leaving safepoint region
[2022-06-13T03:05:37.311+0000][1][safepoint    ] Total time for which application threads were stopped: 0.0008288 seconds, Stopping threads took: 0.0003959 seconds
[2022-06-13T03:05:38.311+0000][1][safepoint    ] Application time: 1.0002569 seconds
[2022-06-13T03:05:38.312+0000][1][safepoint    ] Entering safepoint region: Cleanup
[2022-06-13T03:05:38.313+0000][1][safepoint    ] Leaving safepoint region
[2022-06-13T03:05:38.313+0000][1][safepoint    ] Total time for which application threads were stopped: 0.0009608 seconds, Stopping threads took: 0.0004087 seconds
[2022-06-13T03:05:39.314+0000][1][safepoint    ] Application time: 1.0001169 seconds
[2022-06-13T03:05:39.314+0000][1][safepoint    ] Entering safepoint region: Cleanup
[2022-06-13T03:05:39.314+0000][1][safepoint    ] Leaving safepoint region
[2022-06-13T03:05:39.315+0000][1][safepoint    ] Total time for which application threads were stopped: 0.0006663 seconds, Stopping threads took: 0.0003519 seconds
[2022-06-13T03:05:40.315+0000][1][safepoint    ] Application time: 1.0000963 seconds
[2022-06-13T03:05:40.315+0000][1][safepoint    ] Entering safepoint region: Cleanup
[2022-06-13T03:05:40.316+0000][1][safepoint    ] Leaving safepoint region
[2022-06-13T03:05:40.316+0000][1][safepoint    ] Total time for which application threads were stopped: 0.0005029 seconds, Stopping threads took: 0.0001581 seconds
[2022-06-13T03:05:41.316+0000][1][safepoint    ] Application time: 1.0002841 seconds
[2022-06-13T03:05:41.317+0000][1][safepoint    ] Entering safepoint region: Cleanup
[2022-06-13T03:05:41.317+0000][1][safepoint    ] Leaving safepoint region
[2022-06-13T03:05:41.317+0000][1][safepoint    ] Total time for which application threads were stopped: 0.0005995 seconds, Stopping threads took: 0.0002729 seconds
[2022-06-13T03:05:42.318+0000][1][safepoint    ] Application time: 1.0002970 seconds
[2022-06-13T03:05:42.318+0000][1][safepoint    ] Entering safepoint region: Cleanup
[2022-06-13T03:05:42.318+0000][1][safepoint    ] Leaving safepoint region
[2022-06-13T03:05:42.319+0000][1][safepoint    ] Total time for which application threads were stopped: 0.0006059 seconds, Stopping threads took: 0.0002405 seconds
[2022-06-13T03:05:43.319+0000][1][safepoint    ] Application time: 1.0001441 seconds
[2022-06-13T03:05:43.319+0000][1][safepoint    ] Entering safepoint region: Cleanup
[2022-06-13T03:05:43.320+0000][1][safepoint    ] Leaving safepoint region
[2022-06-13T03:05:43.320+0000][1][safepoint    ] Total time for which application threads were stopped: 0.0009812 seconds, Stopping threads took: 0.0005437 seconds
[2022-06-13T03:05:44.321+0000][1][safepoint    ] Application time: 1.0002780 seconds
[2022-06-13T03:05:44.322+0000][1][safepoint    ] Entering safepoint region: Cleanup
[2022-06-13T03:05:44.322+0000][1][safepoint    ] Leaving safepoint region
[2022-06-13T03:05:44.323+0000][1][safepoint    ] Total time for which application threads were stopped: 0.0012682 seconds, Stopping threads took: 0.0005856 seconds
[2022-06-13T03:05:45.324+0000][1][safepoint    ] Application time: 1.0002034 seconds
[2022-06-13T03:05:45.324+0000][1][safepoint    ] Entering safepoint region: Cleanup
[2022-06-13T03:05:45.325+0000][1][safepoint    ] Leaving safepoint region
[2022-06-13T03:05:45.325+0000][1][safepoint    ] Total time for which application threads were stopped: 0.0009201 seconds, Stopping threads took: 0.0004455 seconds
[2022-06-13T03:05:46.326+0000][1][safepoint    ] Application time: 1.0001186 seconds
[2022-06-13T03:05:46.326+0000][1][safepoint    ] Entering safepoint region: Cleanup
[2022-06-13T03:05:46.327+0000][1][safepoint    ] Leaving safepoint region
[2022-06-13T03:05:46.327+0000][1][safepoint    ] Total time for which application threads were stopped: 0.0011097 seconds, Stopping threads took: 0.0003531 seconds
[2022-06-13T03:05:47.328+0000][1][safepoint    ] Application time: 1.0001410 seconds
[2022-06-13T03:05:47.328+0000][1][safepoint    ] Entering safepoint region: Cleanup
[2022-06-13T03:05:47.329+0000][1][safepoint    ] Leaving safepoint region
[2022-06-13T03:05:47.329+0000][1][safepoint    ] Total time for which application threads were stopped: 0.0008986 seconds, Stopping threads took: 0.0004230 seconds
[2022-06-13T03:05:48.329+0000][1][safepoint    ] Application time: 1.0000990 seconds
[2022-06-13T03:05:48.330+0000][1][safepoint    ] Entering safepoint region: Cleanup
[2022-06-13T03:05:48.330+0000][1][safepoint    ] Leaving safepoint region
[2022-06-13T03:05:48.331+0000][1][safepoint    ] Total time for which application threads were stopped: 0.0010134 seconds, Stopping threads took: 0.0004407 seconds
[2022-06-13T03:05:49.331+0000][1][safepoint    ] Application time: 1.0003115 seconds
[2022-06-13T03:05:49.332+0000][1][safepoint    ] Entering safepoint region: Cleanup
[2022-06-13T03:05:49.333+0000][1][safepoint    ] Leaving safepoint region
[2022-06-13T03:05:49.334+0000][1][safepoint    ] Total time for which application threads were stopped: 0.0015821 seconds, Stopping threads took: 0.0007551 seconds
[2022-06-13T03:05:50.335+0000][1][safepoint    ] Application time: 1.0001655 seconds
[2022-06-13T03:05:50.335+0000][1][safepoint    ] Entering safepoint region: Cleanup
[2022-06-13T03:05:50.335+0000][1][safepoint    ] Leaving safepoint region
[2022-06-13T03:05:50.335+0000][1][safepoint    ] Total time for which application threads were stopped: 0.0003768 seconds, Stopping threads took: 0.0001464 seconds
[2022-06-13T03:05:51.336+0000][1][safepoint    ] Application time: 1.0001189 seconds
[2022-06-13T03:05:51.336+0000][1][safepoint    ] Entering safepoint region: Cleanup
[2022-06-13T03:05:51.337+0000][1][safepoint    ] Leaving safepoint region
[2022-06-13T03:05:51.337+0000][1][safepoint    ] Total time for which application threads were stopped: 0.0009712 seconds, Stopping threads took: 0.0004631 seconds
[2022-06-13T03:05:52.338+0000][1][safepoint    ] Application time: 1.0001186 seconds
[2022-06-13T03:05:52.338+0000][1][safepoint    ] Entering safepoint region: Cleanup
[2022-06-13T03:05:52.338+0000][1][safepoint    ] Leaving safepoint region
[2022-06-13T03:05:52.338+0000][1][safepoint    ] Total time for which application threads were stopped: 0.0005180 seconds, Stopping threads took: 0.0001731 seconds
[2022-06-13T03:05:53.339+0000][1][safepoint    ] Application time: 1.0002087 seconds
[2022-06-13T03:05:53.340+0000][1][safepoint    ] Entering safepoint region: Cleanup
[2022-06-13T03:05:53.340+0000][1][safepoint    ] Leaving safepoint region
[2022-06-13T03:05:53.341+0000][1][safepoint    ] Total time for which application threads were stopped: 0.0010534 seconds, Stopping threads took: 0.0004270 seconds
[2022-06-13T03:05:54.341+0000][1][safepoint    ] Application time: 1.0001796 seconds
[2022-06-13T03:05:54.341+0000][1][safepoint    ] Entering safepoint region: Cleanup
[2022-06-13T03:05:54.342+0000][1][safepoint    ] Leaving safepoint region
[2022-06-13T03:05:54.342+0000][1][safepoint    ] Total time for which application threads were stopped: 0.0008070 seconds, Stopping threads took: 0.0003142 seconds
[2022-06-13T03:05:55.204+0000][1][safepoint    ] Application time: 0.8614397 seconds
[2022-06-13T03:05:55.204+0000][1][safepoint    ] Entering safepoint region: GenCollectForAllocation
[2022-06-13T03:05:55.204+0000][1][gc,start     ] GC(26) Pause Young (Allocation Failure)
[2022-06-13T03:05:55.205+0000][1][gc,task      ] GC(26) Using 5 workers of 13 for evacuation
[2022-06-13T03:05:55.207+0000][1][gc,age       ] GC(26) Desired survivor size 4456448 bytes, new threshold 6 (max threshold 6)
[2022-06-13T03:05:55.208+0000][1][gc,age       ] GC(26) Age table with threshold 6 (max threshold 6)
[2022-06-13T03:05:55.208+0000][1][gc,age       ] GC(26) - age   1:      31664 bytes,      31664 total
[2022-06-13T03:05:55.208+0000][1][gc,age       ] GC(26) - age   2:      28424 bytes,      60088 total
[2022-06-13T03:05:55.208+0000][1][gc,age       ] GC(26) - age   3:      15880 bytes,      75968 total
[2022-06-13T03:05:55.208+0000][1][gc,age       ] GC(26) - age   4:      34920 bytes,     110888 total
[2022-06-13T03:05:55.208+0000][1][gc,age       ] GC(26) - age   5:    1321352 bytes,    1432240 total
[2022-06-13T03:05:55.209+0000][1][gc,heap      ] GC(26) ParNew: 71931K->2228K(78656K)
[2022-06-13T03:05:55.209+0000][1][gc,heap      ] GC(26) CMS: 67732K->67732K(174784K)
[2022-06-13T03:05:55.209+0000][1][gc,metaspace ] GC(26) Metaspace: 65307K->65307K(1110016K)
[2022-06-13T03:05:55.209+0000][1][gc           ] GC(26) Pause Young (Allocation Failure) 136M->68M(247M) 4.582ms
[2022-06-13T03:05:55.209+0000][1][gc,cpu       ] GC(26) User=0.01s Sys=0.00s Real=0.01s
[2022-06-13T03:05:55.209+0000][1][safepoint    ] Leaving safepoint region
[2022-06-13T03:05:55.210+0000][1][safepoint    ] Total time for which application threads were stopped: 0.0054254 seconds, Stopping threads took: 0.0001410 seconds
[2022-06-13T03:05:56.210+0000][1][safepoint    ] Application time: 1.0003550 seconds
[2022-06-13T03:05:56.211+0000][1][safepoint    ] Entering safepoint region: Cleanup
[2022-06-13T03:05:56.211+0000][1][safepoint    ] Leaving safepoint region
[2022-06-13T03:05:56.212+0000][1][safepoint    ] Total time for which application threads were stopped: 0.0012014 seconds, Stopping threads took: 0.0005515 seconds
[2022-06-13T03:05:57.213+0000][1][safepoint    ] Application time: 1.0002819 seconds
[2022-06-13T03:05:57.213+0000][1][safepoint    ] Entering safepoint region: Cleanup
[2022-06-13T03:05:57.214+0000][1][safepoint    ] Leaving safepoint region
[2022-06-13T03:05:57.214+0000][1][safepoint    ] Total time for which application threads were stopped: 0.0005685 seconds, Stopping threads took: 0.0002666 seconds
[2022-06-13T03:05:58.214+0000][1][safepoint    ] Application time: 1.0001730 seconds
[2022-06-13T03:05:58.215+0000][1][safepoint    ] Entering safepoint region: Cleanup
[2022-06-13T03:05:58.215+0000][1][safepoint    ] Leaving safepoint region
[2022-06-13T03:05:58.215+0000][1][safepoint    ] Total time for which application threads were stopped: 0.0002822 seconds, Stopping threads took: 0.0001219 seconds
[2022-06-13T03:05:59.215+0000][1][safepoint    ] Application time: 1.0001985 seconds
[2022-06-13T03:05:59.216+0000][1][safepoint    ] Entering safepoint region: Cleanup
[2022-06-13T03:05:59.216+0000][1][safepoint    ] Leaving safepoint region
[2022-06-13T03:05:59.216+0000][1][safepoint    ] Total time for which application threads were stopped: 0.0005362 seconds, Stopping threads took: 0.0002383 seconds
[2022-06-13T03:06:00.217+0000][1][safepoint    ] Application time: 1.0001099 seconds
[2022-06-13T03:06:00.217+0000][1][safepoint    ] Entering safepoint region: Cleanup
[2022-06-13T03:06:00.217+0000][1][safepoint    ] Leaving safepoint region
[2022-06-13T03:06:00.217+0000][1][safepoint    ] Total time for which application threads were stopped: 0.0006041 seconds, Stopping threads took: 0.0002078 seconds
[2022-06-13T03:06:01.218+0000][1][safepoint    ] Application time: 1.0002310 seconds
[2022-06-13T03:06:01.219+0000][1][safepoint    ] Entering safepoint region: Cleanup
[2022-06-13T03:06:01.219+0000][1][safepoint    ] Leaving safepoint region
[2022-06-13T03:06:01.219+0000][1][safepoint    ] Total time for which application threads were stopped: 0.0008073 seconds, Stopping threads took: 0.0003565 seconds
[2022-06-13T03:06:02.220+0000][1][safepoint    ] Application time: 1.0002146 seconds
[2022-06-13T03:06:02.220+0000][1][safepoint    ] Entering safepoint region: Cleanup
[2022-06-13T03:06:02.221+0000][1][safepoint    ] Leaving safepoint region
[2022-06-13T03:06:02.221+0000][1][safepoint    ] Total time for which application threads were stopped: 0.0007292 seconds, Stopping threads took: 0.0003364 seconds
[2022-06-13T03:06:03.222+0000][1][safepoint    ] Application time: 1.0002028 seconds
[2022-06-13T03:06:03.222+0000][1][safepoint    ] Entering safepoint region: Cleanup
[2022-06-13T03:06:03.223+0000][1][safepoint    ] Leaving safepoint region
[2022-06-13T03:06:03.223+0000][1][safepoint    ] Total time for which application threads were stopped: 0.0008821 seconds, Stopping threads took: 0.0004032 seconds
[2022-06-13T03:06:04.224+0000][1][safepoint    ] Application time: 1.0002542 seconds
[2022-06-13T03:06:04.224+0000][1][safepoint    ] Entering safepoint region: Cleanup
[2022-06-13T03:06:04.225+0000][1][safepoint    ] Leaving safepoint region
[2022-06-13T03:06:04.225+0000][1][safepoint    ] Total time for which application threads were stopped: 0.0010597 seconds, Stopping threads took: 0.0004996 seconds
[2022-06-13T03:06:05.226+0000][1][safepoint    ] Application time: 1.0003528 seconds
[2022-06-13T03:06:05.227+0000][1][safepoint    ] Entering safepoint region: Cleanup
[2022-06-13T03:06:05.228+0000][1][safepoint    ] Leaving safepoint region
[2022-06-13T03:06:05.229+0000][1][safepoint    ] Total time for which application threads were stopped: 0.0015889 seconds, Stopping threads took: 0.0007377 seconds
[2022-06-13T03:06:06.229+0000][1][safepoint    ] Application time: 1.0002145 seconds
[2022-06-13T03:06:06.230+0000][1][safepoint    ] Entering safepoint region: Cleanup
[2022-06-13T03:06:06.230+0000][1][safepoint    ] Leaving safepoint region
[2022-06-13T03:06:06.231+0000][1][safepoint    ] Total time for which application threads were stopped: 0.0009042 seconds, Stopping threads took: 0.0004216 seconds
[2022-06-13T03:06:07.232+0000][1][safepoint    ] Application time: 1.0002445 seconds
[2022-06-13T03:06:07.232+0000][1][safepoint    ] Entering safepoint region: Cleanup
[2022-06-13T03:06:07.233+0000][1][safepoint    ] Leaving safepoint region
[2022-06-13T03:06:07.234+0000][1][safepoint    ] Total time for which application threads were stopped: 0.0014609 seconds, Stopping threads took: 0.0006238 seconds
[2022-06-13T03:06:08.235+0000][1][safepoint    ] Application time: 1.0002256 seconds
[2022-06-13T03:06:08.235+0000][1][safepoint    ] Entering safepoint region: Cleanup
[2022-06-13T03:06:08.236+0000][1][safepoint    ] Leaving safepoint region
[2022-06-13T03:06:08.236+0000][1][safepoint    ] Total time for which application threads were stopped: 0.0009202 seconds, Stopping threads took: 0.0004651 seconds
[2022-06-13T03:06:09.237+0000][1][safepoint    ] Application time: 1.0001827 seconds
[2022-06-13T03:06:09.237+0000][1][safepoint    ] Entering safepoint region: Cleanup
[2022-06-13T03:06:09.238+0000][1][safepoint    ] Leaving safepoint region
[2022-06-13T03:06:09.238+0000][1][safepoint    ] Total time for which application threads were stopped: 0.0008167 seconds, Stopping threads took: 0.0003665 seconds
[2022-06-13T03:06:10.238+0000][1][safepoint    ] Application time: 1.0001839 seconds
[2022-06-13T03:06:10.239+0000][1][safepoint    ] Entering safepoint region: Cleanup
[2022-06-13T03:06:10.240+0000][1][safepoint    ] Leaving safepoint region
[2022-06-13T03:06:10.240+0000][1][safepoint    ] Total time for which application threads were stopped: 0.0008712 seconds, Stopping threads took: 0.0003876 seconds
[2022-06-13T03:06:11.241+0000][1][safepoint    ] Application time: 1.0002696 seconds
[2022-06-13T03:06:11.241+0000][1][safepoint    ] Entering safepoint region: Cleanup
[2022-06-13T03:06:11.241+0000][1][safepoint    ] Leaving safepoint region
[2022-06-13T03:06:11.242+0000][1][safepoint    ] Total time for which application threads were stopped: 0.0006006 seconds, Stopping threads took: 0.0002655 seconds
[2022-06-13T03:06:12.242+0000][1][safepoint    ] Application time: 1.0001895 seconds
[2022-06-13T03:06:12.243+0000][1][safepoint    ] Entering safepoint region: Cleanup
[2022-06-13T03:06:12.243+0000][1][safepoint    ] Leaving safepoint region
[2022-06-13T03:06:12.244+0000][1][safepoint    ] Total time for which application threads were stopped: 0.0009265 seconds, Stopping threads took: 0.0004168 seconds
[2022-06-13T03:06:13.245+0000][1][safepoint    ] Application time: 1.0004548 seconds
[2022-06-13T03:06:13.245+0000][1][safepoint    ] Entering safepoint region: Cleanup
[2022-06-13T03:06:13.246+0000][1][safepoint    ] Leaving safepoint region
[2022-06-13T03:06:13.247+0000][1][safepoint    ] Total time for which application threads were stopped: 0.0014213 seconds, Stopping threads took: 0.0006343 seconds
[2022-06-13T03:06:14.248+0000][1][safepoint    ] Application time: 1.0003547 seconds
[2022-06-13T03:06:14.248+0000][1][safepoint    ] Entering safepoint region: Cleanup
[2022-06-13T03:06:14.249+0000][1][safepoint    ] Leaving safepoint region
[2022-06-13T03:06:14.249+0000][1][safepoint    ] Total time for which application threads were stopped: 0.0006007 seconds, Stopping threads took: 0.0003024 seconds
[2022-06-13T03:06:15.249+0000][1][safepoint    ] Application time: 1.0001844 seconds
[2022-06-13T03:06:15.250+0000][1][safepoint    ] Entering safepoint region: Cleanup
[2022-06-13T03:06:15.250+0000][1][safepoint    ] Leaving safepoint region
[2022-06-13T03:06:15.251+0000][1][safepoint    ] Total time for which application threads were stopped: 0.0008892 seconds, Stopping threads took: 0.0004049 seconds
[2022-06-13T03:06:16.252+0000][1][safepoint    ] Application time: 1.0002551 seconds
[2022-06-13T03:06:16.252+0000][1][safepoint    ] Entering safepoint region: Cleanup
[2022-06-13T03:06:16.252+0000][1][safepoint    ] Leaving safepoint region
[2022-06-13T03:06:16.253+0000][1][safepoint    ] Total time for which application threads were stopped: 0.0005676 seconds, Stopping threads took: 0.0002563 seconds
[2022-06-13T03:06:17.253+0000][1][safepoint    ] Application time: 1.0002388 seconds
[2022-06-13T03:06:17.254+0000][1][safepoint    ] Entering safepoint region: Cleanup
[2022-06-13T03:06:17.254+0000][1][safepoint    ] Leaving safepoint region
[2022-06-13T03:06:17.254+0000][1][safepoint    ] Total time for which application threads were stopped: 0.0005909 seconds, Stopping threads took: 0.0002800 seconds
[2022-06-13T03:06:18.255+0000][1][safepoint    ] Application time: 1.0002357 seconds
[2022-06-13T03:06:18.255+0000][1][safepoint    ] Entering safepoint region: Cleanup
[2022-06-13T03:06:18.256+0000][1][safepoint    ] Leaving safepoint region
[2022-06-13T03:06:18.257+0000][1][safepoint    ] Total time for which application threads were stopped: 0.0014508 seconds, Stopping threads took: 0.0006680 seconds
[2022-06-13T03:06:19.258+0000][1][safepoint    ] Application time: 1.0003673 seconds
[2022-06-13T03:06:19.259+0000][1][safepoint    ] Entering safepoint region: Cleanup
[2022-06-13T03:06:19.259+0000][1][safepoint    ] Leaving safepoint region
[2022-06-13T03:06:19.260+0000][1][safepoint    ] Total time for which application threads were stopped: 0.0014347 seconds, Stopping threads took: 0.0006755 seconds
[2022-06-13T03:06:20.261+0000][1][safepoint    ] Application time: 1.0001078 seconds
[2022-06-13T03:06:20.261+0000][1][safepoint    ] Entering safepoint region: Cleanup
[2022-06-13T03:06:20.261+0000][1][safepoint    ] Leaving safepoint region
[2022-06-13T03:06:20.261+0000][1][safepoint    ] Total time for which application threads were stopped: 0.0004479 seconds, Stopping threads took: 0.0001918 seconds
[2022-06-13T03:06:21.262+0000][1][safepoint    ] Application time: 1.0002228 seconds
[2022-06-13T03:06:21.263+0000][1][safepoint    ] Entering safepoint region: Cleanup
[2022-06-13T03:06:21.263+0000][1][safepoint    ] Leaving safepoint region
[2022-06-13T03:06:21.264+0000][1][safepoint    ] Total time for which application threads were stopped: 0.0014486 seconds, Stopping threads took: 0.0005276 seconds
[2022-06-13T03:06:22.265+0000][1][safepoint    ] Application time: 1.0003903 seconds
[2022-06-13T03:06:22.265+0000][1][safepoint    ] Entering safepoint region: Cleanup
[2022-06-13T03:06:22.266+0000][1][safepoint    ] Leaving safepoint region
[2022-06-13T03:06:22.267+0000][1][safepoint    ] Total time for which application threads were stopped: 0.0014052 seconds, Stopping threads took: 0.0006181 seconds
[2022-06-13T03:06:23.268+0000][1][safepoint    ] Application time: 1.0001571 seconds
[2022-06-13T03:06:23.268+0000][1][safepoint    ] Entering safepoint region: Cleanup
[2022-06-13T03:06:23.269+0000][1][safepoint    ] Leaving safepoint region
[2022-06-13T03:06:23.269+0000][1][safepoint    ] Total time for which application threads were stopped: 0.0011719 seconds, Stopping threads took: 0.0004815 seconds
[2022-06-13T03:06:24.270+0000][1][safepoint    ] Application time: 1.0002484 seconds
[2022-06-13T03:06:24.270+0000][1][safepoint    ] Entering safepoint region: Cleanup
[2022-06-13T03:06:24.271+0000][1][safepoint    ] Leaving safepoint region
[2022-06-13T03:06:24.271+0000][1][safepoint    ] Total time for which application threads were stopped: 0.0005767 seconds, Stopping threads took: 0.0002724 seconds
[2022-06-13T03:06:25.271+0000][1][safepoint    ] Application time: 1.0002154 seconds
[2022-06-13T03:06:25.272+0000][1][safepoint    ] Entering safepoint region: Cleanup
[2022-06-13T03:06:25.272+0000][1][safepoint    ] Leaving safepoint region
[2022-06-13T03:06:25.272+0000][1][safepoint    ] Total time for which application threads were stopped: 0.0006252 seconds, Stopping threads took: 0.0003243 seconds
[2022-06-13T03:06:26.273+0000][1][safepoint    ] Application time: 1.0001278 seconds
[2022-06-13T03:06:26.273+0000][1][safepoint    ] Entering safepoint region: Cleanup
[2022-06-13T03:06:26.274+0000][1][safepoint    ] Leaving safepoint region
[2022-06-13T03:06:26.274+0000][1][safepoint    ] Total time for which application threads were stopped: 0.0004398 seconds, Stopping threads took: 0.0001837 seconds
[2022-06-13T03:06:27.274+0000][1][safepoint    ] Application time: 1.0001664 seconds
[2022-06-13T03:06:27.274+0000][1][safepoint    ] Entering safepoint region: Cleanup
[2022-06-13T03:06:27.275+0000][1][safepoint    ] Leaving safepoint region
[2022-06-13T03:06:27.275+0000][1][safepoint    ] Total time for which application threads were stopped: 0.0009891 seconds, Stopping threads took: 0.0003951 seconds
[2022-06-13T03:06:28.276+0000][1][safepoint    ] Application time: 1.0003118 seconds
[2022-06-13T03:06:28.277+0000][1][safepoint    ] Entering safepoint region: Cleanup
[2022-06-13T03:06:28.277+0000][1][safepoint    ] Leaving safepoint region
[2022-06-13T03:06:28.277+0000][1][safepoint    ] Total time for which application threads were stopped: 0.0007821 seconds, Stopping threads took: 0.0003535 seconds
[2022-06-13T03:06:29.278+0000][1][safepoint    ] Application time: 1.0002146 seconds
[2022-06-13T03:06:29.279+0000][1][safepoint    ] Entering safepoint region: Cleanup
[2022-06-13T03:06:29.279+0000][1][safepoint    ] Leaving safepoint region
[2022-06-13T03:06:29.280+0000][1][safepoint    ] Total time for which application threads were stopped: 0.0008313 seconds, Stopping threads took: 0.0004445 seconds
[2022-06-13T03:06:30.280+0000][1][safepoint    ] Application time: 1.0001662 seconds
[2022-06-13T03:06:30.281+0000][1][safepoint    ] Entering safepoint region: Cleanup
[2022-06-13T03:06:30.281+0000][1][safepoint    ] Leaving safepoint region
[2022-06-13T03:06:30.282+0000][1][safepoint    ] Total time for which application threads were stopped: 0.0012115 seconds, Stopping threads took: 0.0005628 seconds
[2022-06-13T03:06:31.283+0000][1][safepoint    ] Application time: 1.0002369 seconds
[2022-06-13T03:06:31.284+0000][1][safepoint    ] Entering safepoint region: Cleanup
[2022-06-13T03:06:31.284+0000][1][safepoint    ] Leaving safepoint region
[2022-06-13T03:06:31.285+0000][1][safepoint    ] Total time for which application threads were stopped: 0.0013066 seconds, Stopping threads took: 0.0004777 seconds
[2022-06-13T03:06:32.286+0000][1][safepoint    ] Application time: 1.0002376 seconds
[2022-06-13T03:06:32.286+0000][1][safepoint    ] Entering safepoint region: Cleanup
[2022-06-13T03:06:32.287+0000][1][safepoint    ] Leaving safepoint region
[2022-06-13T03:06:32.287+0000][1][safepoint    ] Total time for which application threads were stopped: 0.0009228 seconds, Stopping threads took: 0.0003870 seconds
[2022-06-13T03:06:33.288+0000][1][safepoint    ] Application time: 1.0001193 seconds
[2022-06-13T03:06:33.288+0000][1][safepoint    ] Entering safepoint region: Cleanup
[2022-06-13T03:06:33.289+0000][1][safepoint    ] Leaving safepoint region
[2022-06-13T03:06:33.289+0000][1][safepoint    ] Total time for which application threads were stopped: 0.0009167 seconds, Stopping threads took: 0.0003444 seconds
[2022-06-13T03:06:34.290+0000][1][safepoint    ] Application time: 1.0001386 seconds
[2022-06-13T03:06:34.290+0000][1][safepoint    ] Entering safepoint region: Cleanup
[2022-06-13T03:06:34.291+0000][1][safepoint    ] Leaving safepoint region
[2022-06-13T03:06:34.291+0000][1][safepoint    ] Total time for which application threads were stopped: 0.0006126 seconds, Stopping threads took: 0.0003418 seconds
[2022-06-13T03:06:35.291+0000][1][safepoint    ] Application time: 1.0002540 seconds
[2022-06-13T03:06:35.292+0000][1][safepoint    ] Entering safepoint region: Cleanup
[2022-06-13T03:06:35.292+0000][1][safepoint    ] Leaving safepoint region
[2022-06-13T03:06:35.292+0000][1][safepoint    ] Total time for which application threads were stopped: 0.0007535 seconds, Stopping threads took: 0.0003657 seconds
[2022-06-13T03:06:36.293+0000][1][safepoint    ] Application time: 1.0001838 seconds
[2022-06-13T03:06:36.293+0000][1][safepoint    ] Entering safepoint region: Cleanup
[2022-06-13T03:06:36.294+0000][1][safepoint    ] Leaving safepoint region
[2022-06-13T03:06:36.294+0000][1][safepoint    ] Total time for which application threads were stopped: 0.0007903 seconds, Stopping threads took: 0.0004595 seconds
[2022-06-13T03:06:37.295+0000][1][safepoint    ] Application time: 1.0001875 seconds
[2022-06-13T03:06:37.295+0000][1][safepoint    ] Entering safepoint region: Cleanup
[2022-06-13T03:06:37.295+0000][1][safepoint    ] Leaving safepoint region
[2022-06-13T03:06:37.296+0000][1][safepoint    ] Total time for which application threads were stopped: 0.0006546 seconds, Stopping threads took: 0.0002540 seconds
[2022-06-13T03:06:38.296+0000][1][safepoint    ] Application time: 1.0002022 seconds
[2022-06-13T03:06:38.297+0000][1][safepoint    ] Entering safepoint region: Cleanup
[2022-06-13T03:06:38.297+0000][1][safepoint    ] Leaving safepoint region
[2022-06-13T03:06:38.297+0000][1][safepoint    ] Total time for which application threads were stopped: 0.0008008 seconds, Stopping threads took: 0.0004331 seconds
[2022-06-13T03:06:39.298+0000][1][safepoint    ] Application time: 1.0001091 seconds
[2022-06-13T03:06:39.299+0000][1][safepoint    ] Entering safepoint region: Cleanup
[2022-06-13T03:06:39.299+0000][1][safepoint    ] Leaving safepoint region
[2022-06-13T03:06:39.299+0000][1][safepoint    ] Total time for which application threads were stopped: 0.0008060 seconds, Stopping threads took: 0.0003780 seconds
[2022-06-13T03:06:40.300+0000][1][safepoint    ] Application time: 1.0003891 seconds
[2022-06-13T03:06:40.301+0000][1][safepoint    ] Entering safepoint region: Cleanup
[2022-06-13T03:06:40.301+0000][1][safepoint    ] Leaving safepoint region
[2022-06-13T03:06:40.302+0000][1][safepoint    ] Total time for which application threads were stopped: 0.0010003 seconds, Stopping threads took: 0.0004387 seconds
[2022-06-13T03:06:41.302+0000][1][safepoint    ] Application time: 1.0001208 seconds
[2022-06-13T03:06:41.303+0000][1][safepoint    ] Entering safepoint region: Cleanup
[2022-06-13T03:06:41.303+0000][1][safepoint    ] Leaving safepoint region
[2022-06-13T03:06:41.303+0000][1][safepoint    ] Total time for which application threads were stopped: 0.0006968 seconds, Stopping threads took: 0.0003579 seconds
[2022-06-13T03:06:42.304+0000][1][safepoint    ] Application time: 1.0001568 seconds
[2022-06-13T03:06:42.304+0000][1][safepoint    ] Entering safepoint region: Cleanup
[2022-06-13T03:06:42.305+0000][1][safepoint    ] Leaving safepoint region
[2022-06-13T03:06:42.305+0000][1][safepoint    ] Total time for which application threads were stopped: 0.0006300 seconds, Stopping threads took: 0.0003494 seconds
[2022-06-13T03:06:43.305+0000][1][safepoint    ] Application time: 1.0002296 seconds
[2022-06-13T03:06:43.306+0000][1][safepoint    ] Entering safepoint region: Cleanup
[2022-06-13T03:06:43.306+0000][1][safepoint    ] Leaving safepoint region
[2022-06-13T03:06:43.307+0000][1][safepoint    ] Total time for which application threads were stopped: 0.0007845 seconds, Stopping threads took: 0.0004226 seconds
[2022-06-13T03:06:44.307+0000][1][safepoint    ] Application time: 1.0001120 seconds
[2022-06-13T03:06:44.308+0000][1][safepoint    ] Entering safepoint region: Cleanup
[2022-06-13T03:06:44.308+0000][1][safepoint    ] Leaving safepoint region
[2022-06-13T03:06:44.309+0000][1][safepoint    ] Total time for which application threads were stopped: 0.0010500 seconds, Stopping threads took: 0.0003301 seconds
[2022-06-13T03:06:45.309+0000][1][safepoint    ] Application time: 1.0002773 seconds
[2022-06-13T03:06:45.310+0000][1][safepoint    ] Entering safepoint region: Cleanup
[2022-06-13T03:06:45.310+0000][1][safepoint    ] Leaving safepoint region
[2022-06-13T03:06:45.311+0000][1][safepoint    ] Total time for which application threads were stopped: 0.0008481 seconds, Stopping threads took: 0.0004028 seconds
[2022-06-13T03:06:46.311+0000][1][safepoint    ] Application time: 1.0002787 seconds
[2022-06-13T03:06:46.312+0000][1][safepoint    ] Entering safepoint region: Cleanup
[2022-06-13T03:06:46.312+0000][1][safepoint    ] Leaving safepoint region
[2022-06-13T03:06:46.313+0000][1][safepoint    ] Total time for which application threads were stopped: 0.0009342 seconds, Stopping threads took: 0.0004195 seconds
[2022-06-13T03:06:47.313+0000][1][safepoint    ] Application time: 1.0001895 seconds
[2022-06-13T03:06:47.314+0000][1][safepoint    ] Entering safepoint region: Cleanup
[2022-06-13T03:06:47.315+0000][1][safepoint    ] Leaving safepoint region
[2022-06-13T03:06:47.315+0000][1][safepoint    ] Total time for which application threads were stopped: 0.0007487 seconds, Stopping threads took: 0.0003662 seconds
[2022-06-13T03:06:48.315+0000][1][safepoint    ] Application time: 1.0002092 seconds
[2022-06-13T03:06:48.316+0000][1][safepoint    ] Entering safepoint region: Cleanup
[2022-06-13T03:06:48.316+0000][1][safepoint    ] Leaving safepoint region
[2022-06-13T03:06:48.317+0000][1][safepoint    ] Total time for which application threads were stopped: 0.0008578 seconds, Stopping threads took: 0.0005193 seconds
[2022-06-13T03:06:49.317+0000][1][safepoint    ] Application time: 1.0002898 seconds
[2022-06-13T03:06:49.318+0000][1][safepoint    ] Entering safepoint region: Cleanup
[2022-06-13T03:06:49.318+0000][1][safepoint    ] Leaving safepoint region
[2022-06-13T03:06:49.318+0000][1][safepoint    ] Total time for which application threads were stopped: 0.0008052 seconds, Stopping threads took: 0.0003769 seconds
[2022-06-13T03:06:50.319+0000][1][safepoint    ] Application time: 1.0001609 seconds
[2022-06-13T03:06:50.320+0000][1][safepoint    ] Entering safepoint region: Cleanup
[2022-06-13T03:06:50.320+0000][1][safepoint    ] Leaving safepoint region
[2022-06-13T03:06:50.320+0000][1][safepoint    ] Total time for which application threads were stopped: 0.0006063 seconds, Stopping threads took: 0.0002476 seconds
[2022-06-13T03:06:51.321+0000][1][safepoint    ] Application time: 1.0001645 seconds
[2022-06-13T03:06:51.321+0000][1][safepoint    ] Entering safepoint region: Cleanup
[2022-06-13T03:06:51.321+0000][1][safepoint    ] Leaving safepoint region
[2022-06-13T03:06:51.321+0000][1][safepoint    ] Total time for which application threads were stopped: 0.0005645 seconds, Stopping threads took: 0.0003225 seconds
[2022-06-13T03:06:52.322+0000][1][safepoint    ] Application time: 1.0001611 seconds
[2022-06-13T03:06:52.322+0000][1][safepoint    ] Entering safepoint region: Cleanup
[2022-06-13T03:06:52.323+0000][1][safepoint    ] Leaving safepoint region
[2022-06-13T03:06:52.323+0000][1][safepoint    ] Total time for which application threads were stopped: 0.0007587 seconds, Stopping threads took: 0.0004160 seconds
[2022-06-13T03:06:53.323+0000][1][safepoint    ] Application time: 1.0001475 seconds
[2022-06-13T03:06:53.324+0000][1][safepoint    ] Entering safepoint region: Cleanup
[2022-06-13T03:06:53.324+0000][1][safepoint    ] Leaving safepoint region
[2022-06-13T03:06:53.324+0000][1][safepoint    ] Total time for which application threads were stopped: 0.0007244 seconds, Stopping threads took: 0.0003391 seconds
[2022-06-13T03:06:54.325+0000][1][safepoint    ] Application time: 1.0002012 seconds
[2022-06-13T03:06:54.325+0000][1][safepoint    ] Entering safepoint region: Cleanup
[2022-06-13T03:06:54.326+0000][1][safepoint    ] Leaving safepoint region
[2022-06-13T03:06:54.326+0000][1][safepoint    ] Total time for which application threads were stopped: 0.0007252 seconds, Stopping threads took: 0.0003534 seconds
[2022-06-13T03:06:55.327+0000][1][safepoint    ] Application time: 1.0002086 seconds
[2022-06-13T03:06:55.327+0000][1][safepoint    ] Entering safepoint region: Cleanup
[2022-06-13T03:06:55.327+0000][1][safepoint    ] Leaving safepoint region
[2022-06-13T03:06:55.328+0000][1][safepoint    ] Total time for which application threads were stopped: 0.0004854 seconds, Stopping threads took: 0.0002921 seconds
[2022-06-13T03:06:56.328+0000][1][safepoint    ] Application time: 1.0001061 seconds
[2022-06-13T03:06:56.328+0000][1][safepoint    ] Entering safepoint region: Cleanup
[2022-06-13T03:06:56.328+0000][1][safepoint    ] Leaving safepoint region
[2022-06-13T03:06:56.328+0000][1][safepoint    ] Total time for which application threads were stopped: 0.0002972 seconds, Stopping threads took: 0.0001331 seconds
[2022-06-13T03:06:57.329+0000][1][safepoint    ] Application time: 1.0001551 seconds
[2022-06-13T03:06:57.329+0000][1][safepoint    ] Entering safepoint region: Cleanup
[2022-06-13T03:06:57.330+0000][1][safepoint    ] Leaving safepoint region
[2022-06-13T03:06:57.330+0000][1][safepoint    ] Total time for which application threads were stopped: 0.0006497 seconds, Stopping threads took: 0.0003654 seconds
[2022-06-13T03:06:58.330+0000][1][safepoint    ] Application time: 1.0001066 seconds
[2022-06-13T03:06:58.331+0000][1][safepoint    ] Entering safepoint region: Cleanup
[2022-06-13T03:06:58.331+0000][1][safepoint    ] Leaving safepoint region
[2022-06-13T03:06:58.331+0000][1][safepoint    ] Total time for which application threads were stopped: 0.0004612 seconds, Stopping threads took: 0.0002362 seconds
[2022-06-13T03:06:59.332+0000][1][safepoint    ] Application time: 1.0001380 seconds
[2022-06-13T03:06:59.332+0000][1][safepoint    ] Entering safepoint region: Cleanup
[2022-06-13T03:06:59.332+0000][1][safepoint    ] Leaving safepoint region
[2022-06-13T03:06:59.333+0000][1][safepoint    ] Total time for which application threads were stopped: 0.0007190 seconds, Stopping threads took: 0.0003209 seconds
[2022-06-13T03:07:00.333+0000][1][safepoint    ] Application time: 1.0001498 seconds
[2022-06-13T03:07:00.334+0000][1][safepoint    ] Entering safepoint region: Cleanup
[2022-06-13T03:07:00.334+0000][1][safepoint    ] Leaving safepoint region
[2022-06-13T03:07:00.335+0000][1][safepoint    ] Total time for which application threads were stopped: 0.0008316 seconds, Stopping threads took: 0.0003680 seconds
[2022-06-13T03:07:01.335+0000][1][safepoint    ] Application time: 1.0001909 seconds
[2022-06-13T03:07:01.336+0000][1][safepoint    ] Entering safepoint region: Cleanup
[2022-06-13T03:07:01.336+0000][1][safepoint    ] Leaving safepoint region
[2022-06-13T03:07:01.337+0000][1][safepoint    ] Total time for which application threads were stopped: 0.0009515 seconds, Stopping threads took: 0.0004126 seconds
[2022-06-13T03:07:02.337+0000][1][safepoint    ] Application time: 1.0001420 seconds
[2022-06-13T03:07:02.338+0000][1][safepoint    ] Entering safepoint region: Cleanup
[2022-06-13T03:07:02.338+0000][1][safepoint    ] Leaving safepoint region
[2022-06-13T03:07:02.339+0000][1][safepoint    ] Total time for which application threads were stopped: 0.0008009 seconds, Stopping threads took: 0.0002741 seconds
[2022-06-13T03:07:03.339+0000][1][safepoint    ] Application time: 1.0001502 seconds
[2022-06-13T03:07:03.339+0000][1][safepoint    ] Entering safepoint region: Cleanup
[2022-06-13T03:07:03.340+0000][1][safepoint    ] Leaving safepoint region
[2022-06-13T03:07:03.340+0000][1][safepoint    ] Total time for which application threads were stopped: 0.0007176 seconds, Stopping threads took: 0.0003519 seconds
[2022-06-13T03:07:04.341+0000][1][safepoint    ] Application time: 1.0001377 seconds
[2022-06-13T03:07:04.341+0000][1][safepoint    ] Entering safepoint region: Cleanup
[2022-06-13T03:07:04.341+0000][1][safepoint    ] Leaving safepoint region
[2022-06-13T03:07:04.341+0000][1][safepoint    ] Total time for which application threads were stopped: 0.0003876 seconds, Stopping threads took: 0.0001700 seconds
[2022-06-13T03:07:05.342+0000][1][safepoint    ] Application time: 1.0003152 seconds
[2022-06-13T03:07:05.342+0000][1][safepoint    ] Entering safepoint region: Cleanup
[2022-06-13T03:07:05.343+0000][1][safepoint    ] Leaving safepoint region
[2022-06-13T03:07:05.344+0000][1][safepoint    ] Total time for which application threads were stopped: 0.0011033 seconds, Stopping threads took: 0.0004825 seconds
[2022-06-13T03:07:06.344+0000][1][safepoint    ] Application time: 1.0002325 seconds
[2022-06-13T03:07:06.345+0000][1][safepoint    ] Entering safepoint region: Cleanup
[2022-06-13T03:07:06.345+0000][1][safepoint    ] Leaving safepoint region
[2022-06-13T03:07:06.346+0000][1][safepoint    ] Total time for which application threads were stopped: 0.0008985 seconds, Stopping threads took: 0.0004816 seconds
[2022-06-13T03:07:07.346+0000][1][safepoint    ] Application time: 1.0001849 seconds
[2022-06-13T03:07:07.347+0000][1][safepoint    ] Entering safepoint region: Cleanup
[2022-06-13T03:07:07.347+0000][1][safepoint    ] Leaving safepoint region
[2022-06-13T03:07:07.347+0000][1][safepoint    ] Total time for which application threads were stopped: 0.0005598 seconds, Stopping threads took: 0.0002523 seconds
[2022-06-13T03:07:08.348+0000][1][safepoint    ] Application time: 1.0002831 seconds
[2022-06-13T03:07:08.349+0000][1][safepoint    ] Entering safepoint region: Cleanup
[2022-06-13T03:07:08.349+0000][1][safepoint    ] Leaving safepoint region
[2022-06-13T03:07:08.349+0000][1][safepoint    ] Total time for which application threads were stopped: 0.0009419 seconds, Stopping threads took: 0.0004559 seconds
[2022-06-13T03:07:09.350+0000][1][safepoint    ] Application time: 1.0001899 seconds
[2022-06-13T03:07:09.351+0000][1][safepoint    ] Entering safepoint region: Cleanup
[2022-06-13T03:07:09.351+0000][1][safepoint    ] Leaving safepoint region
[2022-06-13T03:07:09.352+0000][1][safepoint    ] Total time for which application threads were stopped: 0.0010888 seconds, Stopping threads took: 0.0005202 seconds
[2022-06-13T03:07:10.353+0000][1][safepoint    ] Application time: 1.0003302 seconds
[2022-06-13T03:07:10.354+0000][1][safepoint    ] Entering safepoint region: Cleanup
[2022-06-13T03:07:10.355+0000][1][safepoint    ] Leaving safepoint region
[2022-06-13T03:07:10.356+0000][1][safepoint    ] Total time for which application threads were stopped: 0.0019917 seconds, Stopping threads took: 0.0010287 seconds
[2022-06-13T03:07:11.357+0000][1][safepoint    ] Application time: 1.0001234 seconds
[2022-06-13T03:07:11.357+0000][1][safepoint    ] Entering safepoint region: Cleanup
[2022-06-13T03:07:11.357+0000][1][safepoint    ] Leaving safepoint region
[2022-06-13T03:07:11.358+0000][1][safepoint    ] Total time for which application threads were stopped: 0.0004655 seconds, Stopping threads took: 0.0001840 seconds
[2022-06-13T03:07:12.358+0000][1][safepoint    ] Application time: 1.0001787 seconds
[2022-06-13T03:07:12.358+0000][1][safepoint    ] Entering safepoint region: Cleanup
[2022-06-13T03:07:12.359+0000][1][safepoint    ] Leaving safepoint region
[2022-06-13T03:07:12.359+0000][1][safepoint    ] Total time for which application threads were stopped: 0.0010911 seconds, Stopping threads took: 0.0004997 seconds
[2022-06-13T03:07:13.360+0000][1][safepoint    ] Application time: 1.0002057 seconds
[2022-06-13T03:07:13.360+0000][1][safepoint    ] Entering safepoint region: Cleanup
[2022-06-13T03:07:13.361+0000][1][safepoint    ] Leaving safepoint region
[2022-06-13T03:07:13.361+0000][1][safepoint    ] Total time for which application threads were stopped: 0.0006541 seconds, Stopping threads took: 0.0002603 seconds
[2022-06-13T03:07:14.361+0000][1][safepoint    ] Application time: 1.0002045 seconds
[2022-06-13T03:07:14.362+0000][1][safepoint    ] Entering safepoint region: Cleanup
[2022-06-13T03:07:14.362+0000][1][safepoint    ] Leaving safepoint region
[2022-06-13T03:07:14.362+0000][1][safepoint    ] Total time for which application threads were stopped: 0.0004102 seconds, Stopping threads took: 0.0001811 seconds
[2022-06-13T03:07:15.363+0000][1][safepoint    ] Application time: 1.0003212 seconds
[2022-06-13T03:07:15.363+0000][1][safepoint    ] Entering safepoint region: Cleanup
[2022-06-13T03:07:15.364+0000][1][safepoint    ] Leaving safepoint region
[2022-06-13T03:07:15.365+0000][1][safepoint    ] Total time for which application threads were stopped: 0.0015760 seconds, Stopping threads took: 0.0004298 seconds
[2022-06-13T03:07:16.366+0000][1][safepoint    ] Application time: 1.0001586 seconds
[2022-06-13T03:07:16.366+0000][1][safepoint    ] Entering safepoint region: Cleanup
[2022-06-13T03:07:16.366+0000][1][safepoint    ] Leaving safepoint region
[2022-06-13T03:07:16.366+0000][1][safepoint    ] Total time for which application threads were stopped: 0.0005611 seconds, Stopping threads took: 0.0003755 seconds
[2022-06-13T03:07:17.367+0000][1][safepoint    ] Application time: 1.0000868 seconds
[2022-06-13T03:07:17.367+0000][1][safepoint    ] Entering safepoint region: Cleanup
[2022-06-13T03:07:17.368+0000][1][safepoint    ] Leaving safepoint region
[2022-06-13T03:07:17.368+0000][1][safepoint    ] Total time for which application threads were stopped: 0.0007488 seconds, Stopping threads took: 0.0003797 seconds
[2022-06-13T03:07:18.368+0000][1][safepoint    ] Application time: 1.0002295 seconds
[2022-06-13T03:07:18.369+0000][1][safepoint    ] Entering safepoint region: Cleanup
[2022-06-13T03:07:18.369+0000][1][safepoint    ] Leaving safepoint region
[2022-06-13T03:07:18.370+0000][1][safepoint    ] Total time for which application threads were stopped: 0.0008430 seconds, Stopping threads took: 0.0003952 seconds
[2022-06-13T03:07:19.370+0000][1][safepoint    ] Application time: 1.0002052 seconds
[2022-06-13T03:07:19.371+0000][1][safepoint    ] Entering safepoint region: Cleanup
[2022-06-13T03:07:19.371+0000][1][safepoint    ] Leaving safepoint region
[2022-06-13T03:07:19.372+0000][1][safepoint    ] Total time for which application threads were stopped: 0.0007713 seconds, Stopping threads took: 0.0004957 seconds
[2022-06-13T03:07:20.372+0000][1][safepoint    ] Application time: 1.0000937 seconds
[2022-06-13T03:07:20.372+0000][1][safepoint    ] Entering safepoint region: Cleanup
[2022-06-13T03:07:20.373+0000][1][safepoint    ] Leaving safepoint region
[2022-06-13T03:07:20.373+0000][1][safepoint    ] Total time for which application threads were stopped: 0.0005963 seconds, Stopping threads took: 0.0003190 seconds
[2022-06-13T03:07:21.373+0000][1][safepoint    ] Application time: 1.0001730 seconds
[2022-06-13T03:07:21.374+0000][1][safepoint    ] Entering safepoint region: Cleanup
[2022-06-13T03:07:21.374+0000][1][safepoint    ] Leaving safepoint region
[2022-06-13T03:07:21.374+0000][1][safepoint    ] Total time for which application threads were stopped: 0.0004733 seconds, Stopping threads took: 0.0001837 seconds
[2022-06-13T03:07:22.374+0000][1][safepoint    ] Application time: 1.0001305 seconds
[2022-06-13T03:07:22.375+0000][1][safepoint    ] Entering safepoint region: Cleanup
[2022-06-13T03:07:22.375+0000][1][safepoint    ] Leaving safepoint region
[2022-06-13T03:07:22.376+0000][1][safepoint    ] Total time for which application threads were stopped: 0.0007806 seconds, Stopping threads took: 0.0003810 seconds
[2022-06-13T03:07:23.376+0000][1][safepoint    ] Application time: 1.0001033 seconds
[2022-06-13T03:07:23.376+0000][1][safepoint    ] Entering safepoint region: Cleanup
[2022-06-13T03:07:23.377+0000][1][safepoint    ] Leaving safepoint region
[2022-06-13T03:07:23.377+0000][1][safepoint    ] Total time for which application threads were stopped: 0.0007547 seconds, Stopping threads took: 0.0003238 seconds
[2022-06-13T03:07:24.378+0000][1][safepoint    ] Application time: 1.0001898 seconds
[2022-06-13T03:07:24.378+0000][1][safepoint    ] Entering safepoint region: Cleanup
[2022-06-13T03:07:24.378+0000][1][safepoint    ] Leaving safepoint region
[2022-06-13T03:07:24.379+0000][1][safepoint    ] Total time for which application threads were stopped: 0.0005684 seconds, Stopping threads took: 0.0002574 seconds
[2022-06-13T03:07:25.379+0000][1][safepoint    ] Application time: 1.0001906 seconds
[2022-06-13T03:07:25.379+0000][1][safepoint    ] Entering safepoint region: Cleanup
[2022-06-13T03:07:25.380+0000][1][safepoint    ] Leaving safepoint region
[2022-06-13T03:07:25.381+0000][1][safepoint    ] Total time for which application threads were stopped: 0.0011162 seconds, Stopping threads took: 0.0004266 seconds
[2022-06-13T03:07:26.381+0000][1][safepoint    ] Application time: 1.0001847 seconds
[2022-06-13T03:07:26.382+0000][1][safepoint    ] Entering safepoint region: Cleanup
[2022-06-13T03:07:26.382+0000][1][safepoint    ] Leaving safepoint region
[2022-06-13T03:07:26.383+0000][1][safepoint    ] Total time for which application threads were stopped: 0.0011199 seconds, Stopping threads took: 0.0004778 seconds
[2022-06-13T03:07:27.383+0000][1][safepoint    ] Application time: 1.0001826 seconds
[2022-06-13T03:07:27.384+0000][1][safepoint    ] Entering safepoint region: Cleanup
[2022-06-13T03:07:27.385+0000][1][safepoint    ] Leaving safepoint region
[2022-06-13T03:07:27.385+0000][1][safepoint    ] Total time for which application threads were stopped: 0.0011506 seconds, Stopping threads took: 0.0004826 seconds
[2022-06-13T03:07:28.386+0000][1][safepoint    ] Application time: 1.0001867 seconds
[2022-06-13T03:07:28.386+0000][1][safepoint    ] Entering safepoint region: Cleanup
[2022-06-13T03:07:28.387+0000][1][safepoint    ] Leaving safepoint region
[2022-06-13T03:07:28.387+0000][1][safepoint    ] Total time for which application threads were stopped: 0.0008243 seconds, Stopping threads took: 0.0003851 seconds
[2022-06-13T03:07:29.388+0000][1][safepoint    ] Application time: 1.0002776 seconds
[2022-06-13T03:07:29.388+0000][1][safepoint    ] Entering safepoint region: Cleanup
[2022-06-13T03:07:29.389+0000][1][safepoint    ] Leaving safepoint region
[2022-06-13T03:07:29.389+0000][1][safepoint    ] Total time for which application threads were stopped: 0.0008616 seconds, Stopping threads took: 0.0004010 seconds
[2022-06-13T03:07:30.390+0000][1][safepoint    ] Application time: 1.0002169 seconds
[2022-06-13T03:07:30.390+0000][1][safepoint    ] Entering safepoint region: Cleanup
[2022-06-13T03:07:30.391+0000][1][safepoint    ] Leaving safepoint region
[2022-06-13T03:07:30.391+0000][1][safepoint    ] Total time for which application threads were stopped: 0.0009050 seconds, Stopping threads took: 0.0004064 seconds
[2022-06-13T03:07:31.392+0000][1][safepoint    ] Application time: 1.0001845 seconds
[2022-06-13T03:07:31.392+0000][1][safepoint    ] Entering safepoint region: Cleanup
[2022-06-13T03:07:31.393+0000][1][safepoint    ] Leaving safepoint region
[2022-06-13T03:07:31.393+0000][1][safepoint    ] Total time for which application threads were stopped: 0.0010174 seconds, Stopping threads took: 0.0005389 seconds
[2022-06-13T03:07:32.394+0000][1][safepoint    ] Application time: 1.0003432 seconds
[2022-06-13T03:07:32.394+0000][1][safepoint    ] Entering safepoint region: Cleanup
[2022-06-13T03:07:32.395+0000][1][safepoint    ] Leaving safepoint region
[2022-06-13T03:07:32.395+0000][1][safepoint    ] Total time for which application threads were stopped: 0.0007609 seconds, Stopping threads took: 0.0003241 seconds
[2022-06-13T03:07:33.396+0000][1][safepoint    ] Application time: 1.0001958 seconds
[2022-06-13T03:07:33.396+0000][1][safepoint    ] Entering safepoint region: Cleanup
[2022-06-13T03:07:33.396+0000][1][safepoint    ] Leaving safepoint region
[2022-06-13T03:07:33.396+0000][1][safepoint    ] Total time for which application threads were stopped: 0.0003330 seconds, Stopping threads took: 0.0001622 seconds
[2022-06-13T03:07:34.397+0000][1][safepoint    ] Application time: 1.0002324 seconds
[2022-06-13T03:07:34.397+0000][1][safepoint    ] Entering safepoint region: Cleanup
[2022-06-13T03:07:34.398+0000][1][safepoint    ] Leaving safepoint region
[2022-06-13T03:07:34.398+0000][1][safepoint    ] Total time for which application threads were stopped: 0.0008498 seconds, Stopping threads took: 0.0003572 seconds
[2022-06-13T03:07:35.399+0000][1][safepoint    ] Application time: 1.0002007 seconds
[2022-06-13T03:07:35.399+0000][1][safepoint    ] Entering safepoint region: Cleanup
[2022-06-13T03:07:35.400+0000][1][safepoint    ] Leaving safepoint region
[2022-06-13T03:07:35.400+0000][1][safepoint    ] Total time for which application threads were stopped: 0.0008580 seconds, Stopping threads took: 0.0005033 seconds
[2022-06-13T03:07:36.401+0000][1][safepoint    ] Application time: 1.0001319 seconds
[2022-06-13T03:07:36.401+0000][1][safepoint    ] Entering safepoint region: Cleanup
[2022-06-13T03:07:36.401+0000][1][safepoint    ] Leaving safepoint region
[2022-06-13T03:07:36.402+0000][1][safepoint    ] Total time for which application threads were stopped: 0.0006573 seconds, Stopping threads took: 0.0002725 seconds
[2022-06-13T03:07:37.402+0000][1][safepoint    ] Application time: 1.0001989 seconds
[2022-06-13T03:07:37.402+0000][1][safepoint    ] Entering safepoint region: Cleanup
[2022-06-13T03:07:37.403+0000][1][safepoint    ] Leaving safepoint region
[2022-06-13T03:07:37.403+0000][1][safepoint    ] Total time for which application threads were stopped: 0.0004970 seconds, Stopping threads took: 0.0002409 seconds
[2022-06-13T03:07:38.403+0000][1][safepoint    ] Application time: 1.0001640 seconds
[2022-06-13T03:07:38.404+0000][1][safepoint    ] Entering safepoint region: Cleanup
[2022-06-13T03:07:38.404+0000][1][safepoint    ] Leaving safepoint region
[2022-06-13T03:07:38.405+0000][1][safepoint    ] Total time for which application threads were stopped: 0.0009293 seconds, Stopping threads took: 0.0003955 seconds
[2022-06-13T03:07:39.405+0000][1][safepoint    ] Application time: 1.0001834 seconds
[2022-06-13T03:07:39.406+0000][1][safepoint    ] Entering safepoint region: Cleanup
[2022-06-13T03:07:39.406+0000][1][safepoint    ] Leaving safepoint region
[2022-06-13T03:07:39.407+0000][1][safepoint    ] Total time for which application threads were stopped: 0.0011690 seconds, Stopping threads took: 0.0005278 seconds
[2022-06-13T03:07:40.408+0000][1][safepoint    ] Application time: 1.0002774 seconds
[2022-06-13T03:07:40.408+0000][1][safepoint    ] Entering safepoint region: Cleanup
[2022-06-13T03:07:40.409+0000][1][safepoint    ] Leaving safepoint region
[2022-06-13T03:07:40.410+0000][1][safepoint    ] Total time for which application threads were stopped: 0.0011454 seconds, Stopping threads took: 0.0004983 seconds
[2022-06-13T03:07:41.410+0000][1][safepoint    ] Application time: 1.0003337 seconds
[2022-06-13T03:07:41.411+0000][1][safepoint    ] Entering safepoint region: Cleanup
[2022-06-13T03:07:41.412+0000][1][safepoint    ] Leaving safepoint region
[2022-06-13T03:07:41.412+0000][1][safepoint    ] Total time for which application threads were stopped: 0.0010715 seconds, Stopping threads took: 0.0004947 seconds
[2022-06-13T03:07:42.413+0000][1][safepoint    ] Application time: 1.0001532 seconds
[2022-06-13T03:07:42.413+0000][1][safepoint    ] Entering safepoint region: Cleanup
[2022-06-13T03:07:42.414+0000][1][safepoint    ] Leaving safepoint region
[2022-06-13T03:07:42.414+0000][1][safepoint    ] Total time for which application threads were stopped: 0.0009828 seconds, Stopping threads took: 0.0004487 seconds
[2022-06-13T03:07:43.415+0000][1][safepoint    ] Application time: 1.0002475 seconds
[2022-06-13T03:07:43.416+0000][1][safepoint    ] Entering safepoint region: Cleanup
[2022-06-13T03:07:43.416+0000][1][safepoint    ] Leaving safepoint region
[2022-06-13T03:07:43.416+0000][1][safepoint    ] Total time for which application threads were stopped: 0.0006800 seconds, Stopping threads took: 0.0003342 seconds
[2022-06-13T03:07:44.417+0000][1][safepoint    ] Application time: 1.0001858 seconds
[2022-06-13T03:07:44.417+0000][1][safepoint    ] Entering safepoint region: Cleanup
[2022-06-13T03:07:44.418+0000][1][safepoint    ] Leaving safepoint region
[2022-06-13T03:07:44.419+0000][1][safepoint    ] Total time for which application threads were stopped: 0.0010963 seconds, Stopping threads took: 0.0004250 seconds
[2022-06-13T03:07:45.420+0000][1][safepoint    ] Application time: 1.0001952 seconds
[2022-06-13T03:07:45.420+0000][1][safepoint    ] Entering safepoint region: Cleanup
[2022-06-13T03:07:45.421+0000][1][safepoint    ] Leaving safepoint region
[2022-06-13T03:07:45.422+0000][1][safepoint    ] Total time for which application threads were stopped: 0.0013591 seconds, Stopping threads took: 0.0007843 seconds
[2022-06-13T03:07:46.422+0000][1][safepoint    ] Application time: 1.0002455 seconds
[2022-06-13T03:07:46.423+0000][1][safepoint    ] Entering safepoint region: Cleanup
[2022-06-13T03:07:46.423+0000][1][safepoint    ] Leaving safepoint region
[2022-06-13T03:07:46.424+0000][1][safepoint    ] Total time for which application threads were stopped: 0.0007647 seconds, Stopping threads took: 0.0003701 seconds
[2022-06-13T03:07:47.424+0000][1][safepoint    ] Application time: 1.0001655 seconds
[2022-06-13T03:07:47.425+0000][1][safepoint    ] Entering safepoint region: Cleanup
[2022-06-13T03:07:47.425+0000][1][safepoint    ] Leaving safepoint region
[2022-06-13T03:07:47.426+0000][1][safepoint    ] Total time for which application threads were stopped: 0.0008032 seconds, Stopping threads took: 0.0003809 seconds
[2022-06-13T03:07:48.426+0000][1][safepoint    ] Application time: 1.0002408 seconds
[2022-06-13T03:07:48.427+0000][1][safepoint    ] Entering safepoint region: Cleanup
[2022-06-13T03:07:48.427+0000][1][safepoint    ] Leaving safepoint region
[2022-06-13T03:07:48.428+0000][1][safepoint    ] Total time for which application threads were stopped: 0.0010781 seconds, Stopping threads took: 0.0004811 seconds
[2022-06-13T03:07:49.429+0000][1][safepoint    ] Application time: 1.0002232 seconds
[2022-06-13T03:07:49.429+0000][1][safepoint    ] Entering safepoint region: Cleanup
[2022-06-13T03:07:49.430+0000][1][safepoint    ] Leaving safepoint region
[2022-06-13T03:07:49.430+0000][1][safepoint    ] Total time for which application threads were stopped: 0.0011575 seconds, Stopping threads took: 0.0005431 seconds
[2022-06-13T03:07:50.431+0000][1][safepoint    ] Application time: 1.0003649 seconds
[2022-06-13T03:07:50.432+0000][1][safepoint    ] Entering safepoint region: Cleanup
[2022-06-13T03:07:50.433+0000][1][safepoint    ] Leaving safepoint region
[2022-06-13T03:07:50.433+0000][1][safepoint    ] Total time for which application threads were stopped: 0.0012162 seconds, Stopping threads took: 0.0005436 seconds
[2022-06-13T03:07:51.434+0000][1][safepoint    ] Application time: 1.0001456 seconds
[2022-06-13T03:07:51.435+0000][1][safepoint    ] Entering safepoint region: Cleanup
[2022-06-13T03:07:51.435+0000][1][safepoint    ] Leaving safepoint region
[2022-06-13T03:07:51.436+0000][1][safepoint    ] Total time for which application threads were stopped: 0.0013958 seconds, Stopping threads took: 0.0006522 seconds
[2022-06-13T03:07:52.436+0000][1][safepoint    ] Application time: 1.0001653 seconds
[2022-06-13T03:07:52.437+0000][1][safepoint    ] Entering safepoint region: Cleanup
[2022-06-13T03:07:52.438+0000][1][safepoint    ] Leaving safepoint region
[2022-06-13T03:07:52.439+0000][1][safepoint    ] Total time for which application threads were stopped: 0.0016421 seconds, Stopping threads took: 0.0007169 seconds
[2022-06-13T03:07:53.440+0000][1][safepoint    ] Application time: 1.0001866 seconds
[2022-06-13T03:07:53.440+0000][1][safepoint    ] Entering safepoint region: Cleanup
[2022-06-13T03:07:53.441+0000][1][safepoint    ] Leaving safepoint region
[2022-06-13T03:07:53.441+0000][1][safepoint    ] Total time for which application threads were stopped: 0.0007483 seconds, Stopping threads took: 0.0003797 seconds
[2022-06-13T03:07:54.441+0000][1][safepoint    ] Application time: 1.0001163 seconds
[2022-06-13T03:07:54.442+0000][1][safepoint    ] Entering safepoint region: Cleanup
[2022-06-13T03:07:54.442+0000][1][safepoint    ] Leaving safepoint region
[2022-06-13T03:07:54.442+0000][1][safepoint    ] Total time for which application threads were stopped: 0.0005717 seconds, Stopping threads took: 0.0002554 seconds
[2022-06-13T03:07:55.443+0000][1][safepoint    ] Application time: 1.0002380 seconds
[2022-06-13T03:07:55.443+0000][1][safepoint    ] Entering safepoint region: Cleanup
[2022-06-13T03:07:55.444+0000][1][safepoint    ] Leaving safepoint region
[2022-06-13T03:07:55.444+0000][1][safepoint    ] Total time for which application threads were stopped: 0.0010309 seconds, Stopping threads took: 0.0004981 seconds
[2022-06-13T03:07:56.445+0000][1][safepoint    ] Application time: 1.0001966 seconds
[2022-06-13T03:07:56.445+0000][1][safepoint    ] Entering safepoint region: Cleanup
[2022-06-13T03:07:56.446+0000][1][safepoint    ] Leaving safepoint region
[2022-06-13T03:07:56.446+0000][1][safepoint    ] Total time for which application threads were stopped: 0.0006986 seconds, Stopping threads took: 0.0002299 seconds
[2022-06-13T03:07:57.446+0000][1][safepoint    ] Application time: 1.0002084 seconds
[2022-06-13T03:07:57.447+0000][1][safepoint    ] Entering safepoint region: Cleanup
[2022-06-13T03:07:57.447+0000][1][safepoint    ] Leaving safepoint region
[2022-06-13T03:07:57.448+0000][1][safepoint    ] Total time for which application threads were stopped: 0.0009736 seconds, Stopping threads took: 0.0004316 seconds
[2022-06-13T03:07:58.448+0000][1][safepoint    ] Application time: 1.0001377 seconds
[2022-06-13T03:07:58.449+0000][1][safepoint    ] Entering safepoint region: Cleanup
[2022-06-13T03:07:58.449+0000][1][safepoint    ] Leaving safepoint region
[2022-06-13T03:07:58.449+0000][1][safepoint    ] Total time for which application threads were stopped: 0.0005434 seconds, Stopping threads took: 0.0002510 seconds
[2022-06-13T03:07:59.450+0000][1][safepoint    ] Application time: 1.0001464 seconds
[2022-06-13T03:07:59.450+0000][1][safepoint    ] Entering safepoint region: Cleanup
[2022-06-13T03:07:59.451+0000][1][safepoint    ] Leaving safepoint region
[2022-06-13T03:07:59.451+0000][1][safepoint    ] Total time for which application threads were stopped: 0.0007853 seconds, Stopping threads took: 0.0002662 seconds
[2022-06-13T03:08:00.451+0000][1][safepoint    ] Application time: 1.0001803 seconds
[2022-06-13T03:08:00.452+0000][1][safepoint    ] Entering safepoint region: Cleanup
[2022-06-13T03:08:00.453+0000][1][safepoint    ] Leaving safepoint region
[2022-06-13T03:08:00.453+0000][1][safepoint    ] Total time for which application threads were stopped: 0.0012397 seconds, Stopping threads took: 0.0006277 seconds
[2022-06-13T03:08:01.454+0000][1][safepoint    ] Application time: 1.0001820 seconds
[2022-06-13T03:08:01.454+0000][1][safepoint    ] Entering safepoint region: Cleanup
[2022-06-13T03:08:01.455+0000][1][safepoint    ] Leaving safepoint region
[2022-06-13T03:08:01.455+0000][1][safepoint    ] Total time for which application threads were stopped: 0.0009786 seconds, Stopping threads took: 0.0004900 seconds
[2022-06-13T03:08:02.456+0000][1][safepoint    ] Application time: 1.0001854 seconds
[2022-06-13T03:08:02.457+0000][1][safepoint    ] Entering safepoint region: Cleanup
[2022-06-13T03:08:02.457+0000][1][safepoint    ] Leaving safepoint region
[2022-06-13T03:08:02.457+0000][1][safepoint    ] Total time for which application threads were stopped: 0.0007601 seconds, Stopping threads took: 0.0003310 seconds
[2022-06-13T03:08:03.458+0000][1][safepoint    ] Application time: 1.0001944 seconds
[2022-06-13T03:08:03.458+0000][1][safepoint    ] Entering safepoint region: Cleanup
[2022-06-13T03:08:03.459+0000][1][safepoint    ] Leaving safepoint region
[2022-06-13T03:08:03.460+0000][1][safepoint    ] Total time for which application threads were stopped: 0.0011773 seconds, Stopping threads took: 0.0005065 seconds
[2022-06-13T03:08:04.460+0000][1][safepoint    ] Application time: 1.0002287 seconds
[2022-06-13T03:08:04.461+0000][1][safepoint    ] Entering safepoint region: Cleanup
[2022-06-13T03:08:04.462+0000][1][safepoint    ] Leaving safepoint region
[2022-06-13T03:08:04.462+0000][1][safepoint    ] Total time for which application threads were stopped: 0.0010639 seconds, Stopping threads took: 0.0004845 seconds
[2022-06-13T03:08:05.463+0000][1][safepoint    ] Application time: 1.0001926 seconds
[2022-06-13T03:08:05.464+0000][1][safepoint    ] Entering safepoint region: Cleanup
[2022-06-13T03:08:05.464+0000][1][safepoint    ] Leaving safepoint region
[2022-06-13T03:08:05.465+0000][1][safepoint    ] Total time for which application threads were stopped: 0.0010276 seconds, Stopping threads took: 0.0004669 seconds
[2022-06-13T03:08:06.465+0000][1][safepoint    ] Application time: 1.0001484 seconds
[2022-06-13T03:08:06.466+0000][1][safepoint    ] Entering safepoint region: Cleanup
[2022-06-13T03:08:06.466+0000][1][safepoint    ] Leaving safepoint region
[2022-06-13T03:08:06.467+0000][1][safepoint    ] Total time for which application threads were stopped: 0.0008502 seconds, Stopping threads took: 0.0003931 seconds
[2022-06-13T03:08:07.467+0000][1][safepoint    ] Application time: 1.0001925 seconds
[2022-06-13T03:08:07.468+0000][1][safepoint    ] Entering safepoint region: Cleanup
[2022-06-13T03:08:07.468+0000][1][safepoint    ] Leaving safepoint region
[2022-06-13T03:08:07.468+0000][1][safepoint    ] Total time for which application threads were stopped: 0.0006414 seconds, Stopping threads took: 0.0002289 seconds
[2022-06-13T03:08:08.469+0000][1][safepoint    ] Application time: 1.0001377 seconds
[2022-06-13T03:08:08.469+0000][1][safepoint    ] Entering safepoint region: Cleanup
[2022-06-13T03:08:08.470+0000][1][safepoint    ] Leaving safepoint region
[2022-06-13T03:08:08.470+0000][1][safepoint    ] Total time for which application threads were stopped: 0.0009876 seconds, Stopping threads took: 0.0005387 seconds
[2022-06-13T03:08:09.471+0000][1][safepoint    ] Application time: 1.0002599 seconds
[2022-06-13T03:08:09.471+0000][1][safepoint    ] Entering safepoint region: Cleanup
[2022-06-13T03:08:09.472+0000][1][safepoint    ] Leaving safepoint region
[2022-06-13T03:08:09.472+0000][1][safepoint    ] Total time for which application threads were stopped: 0.0007837 seconds, Stopping threads took: 0.0003595 seconds
[2022-06-13T03:08:10.473+0000][1][safepoint    ] Application time: 1.0002010 seconds
[2022-06-13T03:08:10.473+0000][1][safepoint    ] Entering safepoint region: Cleanup
[2022-06-13T03:08:10.474+0000][1][safepoint    ] Leaving safepoint region
[2022-06-13T03:08:10.474+0000][1][safepoint    ] Total time for which application threads were stopped: 0.0008342 seconds, Stopping threads took: 0.0003953 seconds
[2022-06-13T03:08:11.475+0000][1][safepoint    ] Application time: 1.0001842 seconds
[2022-06-13T03:08:11.475+0000][1][safepoint    ] Entering safepoint region: Cleanup
[2022-06-13T03:08:11.476+0000][1][safepoint    ] Leaving safepoint region
[2022-06-13T03:08:11.476+0000][1][safepoint    ] Total time for which application threads were stopped: 0.0011361 seconds, Stopping threads took: 0.0004928 seconds
[2022-06-13T03:08:12.477+0000][1][safepoint    ] Application time: 1.0002198 seconds
[2022-06-13T03:08:12.478+0000][1][safepoint    ] Entering safepoint region: Cleanup
[2022-06-13T03:08:12.478+0000][1][safepoint    ] Leaving safepoint region
[2022-06-13T03:08:12.479+0000][1][safepoint    ] Total time for which application threads were stopped: 0.0007864 seconds, Stopping threads took: 0.0003375 seconds
[2022-06-13T03:08:13.479+0000][1][safepoint    ] Application time: 1.0001484 seconds
[2022-06-13T03:08:13.480+0000][1][safepoint    ] Entering safepoint region: Cleanup
[2022-06-13T03:08:13.480+0000][1][safepoint    ] Leaving safepoint region
[2022-06-13T03:08:13.480+0000][1][safepoint    ] Total time for which application threads were stopped: 0.0005853 seconds, Stopping threads took: 0.0002057 seconds
[2022-06-13T03:08:14.481+0000][1][safepoint    ] Application time: 1.0001751 seconds
[2022-06-13T03:08:14.481+0000][1][safepoint    ] Entering safepoint region: Cleanup
[2022-06-13T03:08:14.482+0000][1][safepoint    ] Leaving safepoint region
[2022-06-13T03:08:14.483+0000][1][safepoint    ] Total time for which application threads were stopped: 0.0013857 seconds, Stopping threads took: 0.0006140 seconds
[2022-06-13T03:08:15.344+0000][1][safepoint    ] Application time: 0.8607136 seconds
[2022-06-13T03:08:15.344+0000][1][safepoint    ] Entering safepoint region: RevokeBias
[2022-06-13T03:08:15.345+0000][1][safepoint    ] Leaving safepoint region
[2022-06-13T03:08:15.345+0000][1][safepoint    ] Total time for which application threads were stopped: 0.0006696 seconds, Stopping threads took: 0.0003134 seconds
[2022-06-13T03:08:16.346+0000][1][safepoint    ] Application time: 1.0002433 seconds
[2022-06-13T03:08:16.346+0000][1][safepoint    ] Entering safepoint region: Cleanup
[2022-06-13T03:08:16.347+0000][1][safepoint    ] Leaving safepoint region
[2022-06-13T03:08:16.348+0000][1][safepoint    ] Total time for which application threads were stopped: 0.0014883 seconds, Stopping threads took: 0.0006899 seconds
[2022-06-13T03:08:19.349+0000][1][safepoint    ] Application time: 3.0005613 seconds
[2022-06-13T03:08:19.349+0000][1][safepoint    ] Entering safepoint region: Cleanup
[2022-06-13T03:08:19.350+0000][1][safepoint    ] Leaving safepoint region
[2022-06-13T03:08:19.350+0000][1][safepoint    ] Total time for which application threads were stopped: 0.0008662 seconds, Stopping threads took: 0.0003926 seconds
[2022-06-13T03:08:20.351+0000][1][safepoint    ] Application time: 1.0001006 seconds
[2022-06-13T03:08:20.351+0000][1][safepoint    ] Entering safepoint region: Cleanup
[2022-06-13T03:08:20.351+0000][1][safepoint    ] Leaving safepoint region
[2022-06-13T03:08:20.351+0000][1][safepoint    ] Total time for which application threads were stopped: 0.0005415 seconds, Stopping threads took: 0.0001636 seconds
[2022-06-13T03:08:21.352+0000][1][safepoint    ] Application time: 1.0002721 seconds
[2022-06-13T03:08:21.353+0000][1][safepoint    ] Entering safepoint region: Cleanup
[2022-06-13T03:08:21.353+0000][1][safepoint    ] Leaving safepoint region
[2022-06-13T03:08:21.354+0000][1][safepoint    ] Total time for which application threads were stopped: 0.0010152 seconds, Stopping threads took: 0.0004784 seconds
[2022-06-13T03:08:22.354+0000][1][safepoint    ] Application time: 1.0002579 seconds
[2022-06-13T03:08:22.355+0000][1][safepoint    ] Entering safepoint region: Cleanup
[2022-06-13T03:08:22.355+0000][1][safepoint    ] Leaving safepoint region
[2022-06-13T03:08:22.356+0000][1][safepoint    ] Total time for which application threads were stopped: 0.0008587 seconds, Stopping threads took: 0.0004026 seconds
[2022-06-13T03:08:23.356+0000][1][safepoint    ] Application time: 1.0002470 seconds
[2022-06-13T03:08:23.357+0000][1][safepoint    ] Entering safepoint region: Cleanup
[2022-06-13T03:08:23.357+0000][1][safepoint    ] Leaving safepoint region
[2022-06-13T03:08:23.358+0000][1][safepoint    ] Total time for which application threads were stopped: 0.0009103 seconds, Stopping threads took: 0.0004557 seconds
[2022-06-13T03:08:24.358+0000][1][safepoint    ] Application time: 1.0001735 seconds
[2022-06-13T03:08:24.359+0000][1][safepoint    ] Entering safepoint region: Cleanup
[2022-06-13T03:08:24.359+0000][1][safepoint    ] Leaving safepoint region
[2022-06-13T03:08:24.360+0000][1][safepoint    ] Total time for which application threads were stopped: 0.0006925 seconds, Stopping threads took: 0.0003383 seconds
[2022-06-13T03:08:25.360+0000][1][safepoint    ] Application time: 1.0002024 seconds
[2022-06-13T03:08:25.361+0000][1][safepoint    ] Entering safepoint region: Cleanup
[2022-06-13T03:08:25.361+0000][1][safepoint    ] Leaving safepoint region
[2022-06-13T03:08:25.361+0000][1][safepoint    ] Total time for which application threads were stopped: 0.0008293 seconds, Stopping threads took: 0.0003805 seconds
[2022-06-13T03:08:26.362+0000][1][safepoint    ] Application time: 1.0002319 seconds
[2022-06-13T03:08:26.363+0000][1][safepoint    ] Entering safepoint region: Cleanup
[2022-06-13T03:08:26.363+0000][1][safepoint    ] Leaving safepoint region
[2022-06-13T03:08:26.364+0000][1][safepoint    ] Total time for which application threads were stopped: 0.0008274 seconds, Stopping threads took: 0.0003770 seconds
[2022-06-13T03:08:27.364+0000][1][safepoint    ] Application time: 1.0002509 seconds
[2022-06-13T03:08:27.365+0000][1][safepoint    ] Entering safepoint region: Cleanup
[2022-06-13T03:08:27.365+0000][1][safepoint    ] Leaving safepoint region
[2022-06-13T03:08:27.366+0000][1][safepoint    ] Total time for which application threads were stopped: 0.0008526 seconds, Stopping threads took: 0.0003838 seconds
[2022-06-13T03:08:28.366+0000][1][safepoint    ] Application time: 1.0001693 seconds
[2022-06-13T03:08:28.367+0000][1][safepoint    ] Entering safepoint region: Cleanup
[2022-06-13T03:08:28.368+0000][1][safepoint    ] Leaving safepoint region
[2022-06-13T03:08:28.368+0000][1][safepoint    ] Total time for which application threads were stopped: 0.0007967 seconds, Stopping threads took: 0.0002981 seconds
[2022-06-13T03:08:29.369+0000][1][safepoint    ] Application time: 1.0002505 seconds
[2022-06-13T03:08:29.369+0000][1][safepoint    ] Entering safepoint region: Cleanup
[2022-06-13T03:08:29.370+0000][1][safepoint    ] Leaving safepoint region
[2022-06-13T03:08:29.371+0000][1][safepoint    ] Total time for which application threads were stopped: 0.0013421 seconds, Stopping threads took: 0.0006364 seconds
[2022-06-13T03:08:30.297+0000][1][safepoint    ] Application time: 0.9254235 seconds
[2022-06-13T03:08:30.297+0000][1][safepoint    ] Entering safepoint region: GenCollectForAllocation
[2022-06-13T03:08:30.298+0000][1][gc,start     ] GC(27) Pause Young (Allocation Failure)
[2022-06-13T03:08:30.299+0000][1][gc,task      ] GC(27) Using 5 workers of 13 for evacuation
[2022-06-13T03:08:30.301+0000][1][gc,age       ] GC(27) Desired survivor size 4456448 bytes, new threshold 6 (max threshold 6)
[2022-06-13T03:08:30.302+0000][1][gc,age       ] GC(27) Age table with threshold 6 (max threshold 6)
[2022-06-13T03:08:30.302+0000][1][gc,age       ] GC(27) - age   1:      48928 bytes,      48928 total
[2022-06-13T03:08:30.303+0000][1][gc,age       ] GC(27) - age   2:      13520 bytes,      62448 total
[2022-06-13T03:08:30.303+0000][1][gc,age       ] GC(27) - age   3:      28424 bytes,      90872 total
[2022-06-13T03:08:30.304+0000][1][gc,age       ] GC(27) - age   4:      15880 bytes,     106752 total
[2022-06-13T03:08:30.305+0000][1][gc,age       ] GC(27) - age   5:      34920 bytes,     141672 total
[2022-06-13T03:08:30.305+0000][1][gc,age       ] GC(27) - age   6:    1321336 bytes,    1463008 total
[2022-06-13T03:08:30.306+0000][1][gc,heap      ] GC(27) ParNew: 72180K->1956K(78656K)
[2022-06-13T03:08:30.306+0000][1][gc,heap      ] GC(27) CMS: 67732K->67732K(174784K)
[2022-06-13T03:08:30.307+0000][1][gc,metaspace ] GC(27) Metaspace: 65339K->65339K(1110016K)
[2022-06-13T03:08:30.307+0000][1][gc           ] GC(27) Pause Young (Allocation Failure) 136M->68M(247M) 9.260ms
[2022-06-13T03:08:30.308+0000][1][gc,cpu       ] GC(27) User=0.01s Sys=0.00s Real=0.01s
[2022-06-13T03:08:30.308+0000][1][safepoint    ] Leaving safepoint region
[2022-06-13T03:08:30.309+0000][1][safepoint    ] Total time for which application threads were stopped: 0.0114088 seconds, Stopping threads took: 0.0005667 seconds
[2022-06-13T03:08:31.310+0000][1][safepoint    ] Application time: 1.0001659 seconds
[2022-06-13T03:08:31.310+0000][1][safepoint    ] Entering safepoint region: Cleanup
[2022-06-13T03:08:31.310+0000][1][safepoint    ] Leaving safepoint region
[2022-06-13T03:08:31.311+0000][1][safepoint    ] Total time for which application threads were stopped: 0.0005312 seconds, Stopping threads took: 0.0003347 seconds
[2022-06-13T03:08:32.311+0000][1][safepoint    ] Application time: 1.0001444 seconds
[2022-06-13T03:08:32.311+0000][1][safepoint    ] Entering safepoint region: Cleanup
[2022-06-13T03:08:32.312+0000][1][safepoint    ] Leaving safepoint region
[2022-06-13T03:08:32.312+0000][1][safepoint    ] Total time for which application threads were stopped: 0.0008089 seconds, Stopping threads took: 0.0002415 seconds
[2022-06-13T03:08:33.312+0000][1][safepoint    ] Application time: 1.0001444 seconds
[2022-06-13T03:08:33.313+0000][1][safepoint    ] Entering safepoint region: Cleanup
[2022-06-13T03:08:33.313+0000][1][safepoint    ] Leaving safepoint region
[2022-06-13T03:08:33.313+0000][1][safepoint    ] Total time for which application threads were stopped: 0.0004790 seconds, Stopping threads took: 0.0001662 seconds
[2022-06-13T03:08:34.313+0000][1][safepoint    ] Application time: 1.0001414 seconds
[2022-06-13T03:08:34.314+0000][1][safepoint    ] Entering safepoint region: Cleanup
[2022-06-13T03:08:34.314+0000][1][safepoint    ] Leaving safepoint region
[2022-06-13T03:08:34.315+0000][1][safepoint    ] Total time for which application threads were stopped: 0.0009051 seconds, Stopping threads took: 0.0004296 seconds
[2022-06-13T03:08:35.315+0000][1][safepoint    ] Application time: 1.0001481 seconds
[2022-06-13T03:08:35.315+0000][1][safepoint    ] Entering safepoint region: Cleanup
[2022-06-13T03:08:35.316+0000][1][safepoint    ] Leaving safepoint region
[2022-06-13T03:08:35.316+0000][1][safepoint    ] Total time for which application threads were stopped: 0.0005022 seconds, Stopping threads took: 0.0003139 seconds
[2022-06-13T03:08:36.316+0000][1][safepoint    ] Application time: 1.0001338 seconds
[2022-06-13T03:08:36.316+0000][1][safepoint    ] Entering safepoint region: Cleanup
[2022-06-13T03:08:36.317+0000][1][safepoint    ] Leaving safepoint region
[2022-06-13T03:08:36.317+0000][1][safepoint    ] Total time for which application threads were stopped: 0.0004897 seconds, Stopping threads took: 0.0002163 seconds
[2022-06-13T03:08:37.317+0000][1][safepoint    ] Application time: 1.0001270 seconds
[2022-06-13T03:08:37.317+0000][1][safepoint    ] Entering safepoint region: Cleanup
[2022-06-13T03:08:37.318+0000][1][safepoint    ] Leaving safepoint region
[2022-06-13T03:08:37.318+0000][1][safepoint    ] Total time for which application threads were stopped: 0.0004566 seconds, Stopping threads took: 0.0001750 seconds
[2022-06-13T03:08:38.318+0000][1][safepoint    ] Application time: 1.0000991 seconds
[2022-06-13T03:08:38.318+0000][1][safepoint    ] Entering safepoint region: Cleanup
[2022-06-13T03:08:38.319+0000][1][safepoint    ] Leaving safepoint region
[2022-06-13T03:08:38.319+0000][1][safepoint    ] Total time for which application threads were stopped: 0.0006133 seconds, Stopping threads took: 0.0003556 seconds
[2022-06-13T03:08:39.319+0000][1][safepoint    ] Application time: 1.0001478 seconds
[2022-06-13T03:08:39.320+0000][1][safepoint    ] Entering safepoint region: Cleanup
[2022-06-13T03:08:39.320+0000][1][safepoint    ] Leaving safepoint region
[2022-06-13T03:08:39.320+0000][1][safepoint    ] Total time for which application threads were stopped: 0.0006316 seconds, Stopping threads took: 0.0002976 seconds
[2022-06-13T03:08:40.321+0000][1][safepoint    ] Application time: 1.0001206 seconds
[2022-06-13T03:08:40.321+0000][1][safepoint    ] Entering safepoint region: Cleanup
[2022-06-13T03:08:40.321+0000][1][safepoint    ] Leaving safepoint region
[2022-06-13T03:08:40.322+0000][1][safepoint    ] Total time for which application threads were stopped: 0.0006229 seconds, Stopping threads took: 0.0003095 seconds
[2022-06-13T03:08:41.322+0000][1][safepoint    ] Application time: 1.0001918 seconds
[2022-06-13T03:08:41.322+0000][1][safepoint    ] Entering safepoint region: Cleanup
[2022-06-13T03:08:41.323+0000][1][safepoint    ] Leaving safepoint region
[2022-06-13T03:08:41.323+0000][1][safepoint    ] Total time for which application threads were stopped: 0.0005683 seconds, Stopping threads took: 0.0002726 seconds
[2022-06-13T03:08:42.323+0000][1][safepoint    ] Application time: 1.0002367 seconds
[2022-06-13T03:08:42.323+0000][1][safepoint    ] Entering safepoint region: Cleanup
[2022-06-13T03:08:42.324+0000][1][safepoint    ] Leaving safepoint region
[2022-06-13T03:08:42.324+0000][1][safepoint    ] Total time for which application threads were stopped: 0.0009225 seconds, Stopping threads took: 0.0003452 seconds
[2022-06-13T03:08:43.325+0000][1][safepoint    ] Application time: 1.0001325 seconds
[2022-06-13T03:08:43.325+0000][1][safepoint    ] Entering safepoint region: Cleanup
[2022-06-13T03:08:43.325+0000][1][safepoint    ] Leaving safepoint region
[2022-06-13T03:08:43.326+0000][1][safepoint    ] Total time for which application threads were stopped: 0.0006851 seconds, Stopping threads took: 0.0002268 seconds
[2022-06-13T03:08:44.326+0000][1][safepoint    ] Application time: 1.0001502 seconds
[2022-06-13T03:08:44.327+0000][1][safepoint    ] Entering safepoint region: Cleanup
[2022-06-13T03:08:44.327+0000][1][safepoint    ] Leaving safepoint region
[2022-06-13T03:08:44.328+0000][1][safepoint    ] Total time for which application threads were stopped: 0.0008910 seconds, Stopping threads took: 0.0004225 seconds
[2022-06-13T03:08:45.328+0000][1][safepoint    ] Application time: 1.0001331 seconds
[2022-06-13T03:08:45.328+0000][1][safepoint    ] Entering safepoint region: Cleanup
[2022-06-13T03:08:45.328+0000][1][safepoint    ] Leaving safepoint region
[2022-06-13T03:08:45.329+0000][1][safepoint    ] Total time for which application threads were stopped: 0.0005551 seconds, Stopping threads took: 0.0002435 seconds
[2022-06-13T03:08:46.329+0000][1][safepoint    ] Application time: 1.0001486 seconds
[2022-06-13T03:08:46.330+0000][1][safepoint    ] Entering safepoint region: Cleanup
[2022-06-13T03:08:46.330+0000][1][safepoint    ] Leaving safepoint region
[2022-06-13T03:08:46.330+0000][1][safepoint    ] Total time for which application threads were stopped: 0.0007212 seconds, Stopping threads took: 0.0003273 seconds
[2022-06-13T03:08:47.331+0000][1][safepoint    ] Application time: 1.0001028 seconds
[2022-06-13T03:08:47.331+0000][1][safepoint    ] Entering safepoint region: Cleanup
[2022-06-13T03:08:47.331+0000][1][safepoint    ] Leaving safepoint region
[2022-06-13T03:08:47.332+0000][1][safepoint    ] Total time for which application threads were stopped: 0.0006450 seconds, Stopping threads took: 0.0003452 seconds
[2022-06-13T03:08:48.332+0000][1][safepoint    ] Application time: 1.0002360 seconds
[2022-06-13T03:08:48.333+0000][1][safepoint    ] Entering safepoint region: Cleanup
[2022-06-13T03:08:48.333+0000][1][safepoint    ] Leaving safepoint region
[2022-06-13T03:08:48.333+0000][1][safepoint    ] Total time for which application threads were stopped: 0.0008243 seconds, Stopping threads took: 0.0004479 seconds
[2022-06-13T03:08:49.334+0000][1][safepoint    ] Application time: 1.0002136 seconds
[2022-06-13T03:08:49.334+0000][1][safepoint    ] Entering safepoint region: Cleanup
[2022-06-13T03:08:49.335+0000][1][safepoint    ] Leaving safepoint region
[2022-06-13T03:08:49.335+0000][1][safepoint    ] Total time for which application threads were stopped: 0.0008210 seconds, Stopping threads took: 0.0003645 seconds
[2022-06-13T03:08:50.336+0000][1][safepoint    ] Application time: 1.0003460 seconds
[2022-06-13T03:08:50.336+0000][1][safepoint    ] Entering safepoint region: Cleanup
[2022-06-13T03:08:50.337+0000][1][safepoint    ] Leaving safepoint region
[2022-06-13T03:08:50.337+0000][1][safepoint    ] Total time for which application threads were stopped: 0.0007470 seconds, Stopping threads took: 0.0002798 seconds
[2022-06-13T03:08:51.338+0000][1][safepoint    ] Application time: 1.0002758 seconds
[2022-06-13T03:08:51.338+0000][1][safepoint    ] Entering safepoint region: Cleanup
[2022-06-13T03:08:51.339+0000][1][safepoint    ] Leaving safepoint region
[2022-06-13T03:08:51.340+0000][1][safepoint    ] Total time for which application threads were stopped: 0.0011785 seconds, Stopping threads took: 0.0005713 seconds
[2022-06-13T03:08:52.341+0000][1][safepoint    ] Application time: 1.0001919 seconds
[2022-06-13T03:08:52.341+0000][1][safepoint    ] Entering safepoint region: Cleanup
[2022-06-13T03:08:52.342+0000][1][safepoint    ] Leaving safepoint region
[2022-06-13T03:08:52.342+0000][1][safepoint    ] Total time for which application threads were stopped: 0.0011683 seconds, Stopping threads took: 0.0006731 seconds
[2022-06-13T03:08:53.343+0000][1][safepoint    ] Application time: 1.0001625 seconds
[2022-06-13T03:08:53.344+0000][1][safepoint    ] Entering safepoint region: Cleanup
[2022-06-13T03:08:53.344+0000][1][safepoint    ] Leaving safepoint region
[2022-06-13T03:08:53.344+0000][1][safepoint    ] Total time for which application threads were stopped: 0.0008618 seconds, Stopping threads took: 0.0004567 seconds
[2022-06-13T03:08:54.345+0000][1][safepoint    ] Application time: 1.0001285 seconds
[2022-06-13T03:08:54.346+0000][1][safepoint    ] Entering safepoint region: Cleanup
[2022-06-13T03:08:54.346+0000][1][safepoint    ] Leaving safepoint region
[2022-06-13T03:08:54.346+0000][1][safepoint    ] Total time for which application threads were stopped: 0.0009146 seconds, Stopping threads took: 0.0004678 seconds
[2022-06-13T03:08:55.347+0000][1][safepoint    ] Application time: 1.0001193 seconds
[2022-06-13T03:08:55.347+0000][1][safepoint    ] Entering safepoint region: Cleanup
[2022-06-13T03:08:55.348+0000][1][safepoint    ] Leaving safepoint region
[2022-06-13T03:08:55.348+0000][1][safepoint    ] Total time for which application threads were stopped: 0.0007431 seconds, Stopping threads took: 0.0003165 seconds
[2022-06-13T03:08:56.348+0000][1][safepoint    ] Application time: 1.0002314 seconds
[2022-06-13T03:08:56.349+0000][1][safepoint    ] Entering safepoint region: Cleanup
[2022-06-13T03:08:56.350+0000][1][safepoint    ] Leaving safepoint region
[2022-06-13T03:08:56.351+0000][1][safepoint    ] Total time for which application threads were stopped: 0.0012718 seconds, Stopping threads took: 0.0006589 seconds
[2022-06-13T03:08:57.351+0000][1][safepoint    ] Application time: 1.0001951 seconds
[2022-06-13T03:08:57.352+0000][1][safepoint    ] Entering safepoint region: Cleanup
[2022-06-13T03:08:57.352+0000][1][safepoint    ] Leaving safepoint region
[2022-06-13T03:08:57.352+0000][1][safepoint    ] Total time for which application threads were stopped: 0.0005595 seconds, Stopping threads took: 0.0003390 seconds
[2022-06-13T03:08:58.352+0000][1][safepoint    ] Application time: 1.0001909 seconds
[2022-06-13T03:08:58.353+0000][1][safepoint    ] Entering safepoint region: Cleanup
[2022-06-13T03:08:58.354+0000][1][safepoint    ] Leaving safepoint region
[2022-06-13T03:08:58.354+0000][1][safepoint    ] Total time for which application threads were stopped: 0.0011190 seconds, Stopping threads took: 0.0005669 seconds
[2022-06-13T03:08:59.355+0000][1][safepoint    ] Application time: 1.0001248 seconds
[2022-06-13T03:08:59.355+0000][1][safepoint    ] Entering safepoint region: Cleanup
[2022-06-13T03:08:59.356+0000][1][safepoint    ] Leaving safepoint region
[2022-06-13T03:08:59.356+0000][1][safepoint    ] Total time for which application threads were stopped: 0.0007682 seconds, Stopping threads took: 0.0003095 seconds
[2022-06-13T03:09:00.356+0000][1][safepoint    ] Application time: 1.0003150 seconds
[2022-06-13T03:09:00.357+0000][1][safepoint    ] Entering safepoint region: Cleanup
[2022-06-13T03:09:00.358+0000][1][safepoint    ] Leaving safepoint region
[2022-06-13T03:09:00.358+0000][1][safepoint    ] Total time for which application threads were stopped: 0.0009996 seconds, Stopping threads took: 0.0005262 seconds
[2022-06-13T03:09:01.358+0000][1][safepoint    ] Application time: 1.0001323 seconds
[2022-06-13T03:09:01.359+0000][1][safepoint    ] Entering safepoint region: Cleanup
[2022-06-13T03:09:01.359+0000][1][safepoint    ] Leaving safepoint region
[2022-06-13T03:09:01.360+0000][1][safepoint    ] Total time for which application threads were stopped: 0.0011476 seconds, Stopping threads took: 0.0004072 seconds
[2022-06-13T03:09:02.360+0000][1][safepoint    ] Application time: 1.0001793 seconds
[2022-06-13T03:09:02.361+0000][1][safepoint    ] Entering safepoint region: Cleanup
[2022-06-13T03:09:02.362+0000][1][safepoint    ] Leaving safepoint region
[2022-06-13T03:09:02.362+0000][1][safepoint    ] Total time for which application threads were stopped: 0.0011469 seconds, Stopping threads took: 0.0004680 seconds
[2022-06-13T03:09:03.362+0000][1][safepoint    ] Application time: 1.0001763 seconds
[2022-06-13T03:09:03.363+0000][1][safepoint    ] Entering safepoint region: Cleanup
[2022-06-13T03:09:03.363+0000][1][safepoint    ] Leaving safepoint region
[2022-06-13T03:09:03.364+0000][1][safepoint    ] Total time for which application threads were stopped: 0.0008124 seconds, Stopping threads took: 0.0003090 seconds
[2022-06-13T03:09:04.364+0000][1][safepoint    ] Application time: 1.0002684 seconds
[2022-06-13T03:09:04.365+0000][1][safepoint    ] Entering safepoint region: Cleanup
[2022-06-13T03:09:04.365+0000][1][safepoint    ] Leaving safepoint region
[2022-06-13T03:09:04.366+0000][1][safepoint    ] Total time for which application threads were stopped: 0.0009422 seconds, Stopping threads took: 0.0004798 seconds
[2022-06-13T03:09:05.366+0000][1][safepoint    ] Application time: 1.0002378 seconds
[2022-06-13T03:09:05.367+0000][1][safepoint    ] Entering safepoint region: Cleanup
[2022-06-13T03:09:05.367+0000][1][safepoint    ] Leaving safepoint region
[2022-06-13T03:09:05.367+0000][1][safepoint    ] Total time for which application threads were stopped: 0.0005359 seconds, Stopping threads took: 0.0002688 seconds
[2022-06-13T03:09:06.368+0000][1][safepoint    ] Application time: 1.0001686 seconds
[2022-06-13T03:09:06.369+0000][1][safepoint    ] Entering safepoint region: Cleanup
[2022-06-13T03:09:06.369+0000][1][safepoint    ] Leaving safepoint region
[2022-06-13T03:09:06.369+0000][1][safepoint    ] Total time for which application threads were stopped: 0.0007660 seconds, Stopping threads took: 0.0004365 seconds
[2022-06-13T03:09:07.370+0000][1][safepoint    ] Application time: 1.0001280 seconds
[2022-06-13T03:09:07.370+0000][1][safepoint    ] Entering safepoint region: Cleanup
[2022-06-13T03:09:07.370+0000][1][safepoint    ] Leaving safepoint region
[2022-06-13T03:09:07.371+0000][1][safepoint    ] Total time for which application threads were stopped: 0.0006907 seconds, Stopping threads took: 0.0002771 seconds
[2022-06-13T03:09:08.371+0000][1][safepoint    ] Application time: 1.0001122 seconds
[2022-06-13T03:09:08.372+0000][1][safepoint    ] Entering safepoint region: Cleanup
[2022-06-13T03:09:08.372+0000][1][safepoint    ] Leaving safepoint region
[2022-06-13T03:09:08.372+0000][1][safepoint    ] Total time for which application threads were stopped: 0.0006110 seconds, Stopping threads took: 0.0002477 seconds
[2022-06-13T03:09:09.373+0000][1][safepoint    ] Application time: 1.0002697 seconds
[2022-06-13T03:09:09.373+0000][1][safepoint    ] Entering safepoint region: Cleanup
[2022-06-13T03:09:09.374+0000][1][safepoint    ] Leaving safepoint region
[2022-06-13T03:09:09.374+0000][1][safepoint    ] Total time for which application threads were stopped: 0.0008253 seconds, Stopping threads took: 0.0003765 seconds
[2022-06-13T03:09:11.140+0000][1][safepoint    ] Application time: 1.7651333 seconds
[2022-06-13T03:09:11.140+0000][1][safepoint    ] Entering safepoint region: Cleanup
[2022-06-13T03:09:11.141+0000][1][safepoint    ] Leaving safepoint region
[2022-06-13T03:09:11.141+0000][1][safepoint    ] Total time for which application threads were stopped: 0.0007399 seconds, Stopping threads took: 0.0002947 seconds
[2022-06-13T03:09:12.141+0000][1][safepoint    ] Application time: 1.0002288 seconds
[2022-06-13T03:09:12.142+0000][1][safepoint    ] Entering safepoint region: Cleanup
[2022-06-13T03:09:12.142+0000][1][safepoint    ] Leaving safepoint region
[2022-06-13T03:09:12.143+0000][1][safepoint    ] Total time for which application threads were stopped: 0.0009734 seconds, Stopping threads took: 0.0004666 seconds
[2022-06-13T03:09:13.143+0000][1][safepoint    ] Application time: 1.0001796 seconds
[2022-06-13T03:09:13.144+0000][1][safepoint    ] Entering safepoint region: Cleanup
[2022-06-13T03:09:13.144+0000][1][safepoint    ] Leaving safepoint region
[2022-06-13T03:09:13.145+0000][1][safepoint    ] Total time for which application threads were stopped: 0.0011078 seconds, Stopping threads took: 0.0003990 seconds
[2022-06-13T03:09:14.145+0000][1][safepoint    ] Application time: 1.0002034 seconds
[2022-06-13T03:09:14.146+0000][1][safepoint    ] Entering safepoint region: Cleanup
[2022-06-13T03:09:14.146+0000][1][safepoint    ] Leaving safepoint region
[2022-06-13T03:09:14.147+0000][1][safepoint    ] Total time for which application threads were stopped: 0.0008492 seconds, Stopping threads took: 0.0004344 seconds
[2022-06-13T03:09:15.147+0000][1][safepoint    ] Application time: 1.0002745 seconds
[2022-06-13T03:09:15.148+0000][1][safepoint    ] Entering safepoint region: Cleanup
[2022-06-13T03:09:15.148+0000][1][safepoint    ] Leaving safepoint region
[2022-06-13T03:09:15.149+0000][1][safepoint    ] Total time for which application threads were stopped: 0.0009417 seconds, Stopping threads took: 0.0004282 seconds
[2022-06-13T03:09:16.149+0000][1][safepoint    ] Application time: 1.0001158 seconds
[2022-06-13T03:09:16.150+0000][1][safepoint    ] Entering safepoint region: Cleanup
[2022-06-13T03:09:16.150+0000][1][safepoint    ] Leaving safepoint region
[2022-06-13T03:09:16.150+0000][1][safepoint    ] Total time for which application threads were stopped: 0.0006007 seconds, Stopping threads took: 0.0002684 seconds
[2022-06-13T03:09:17.151+0000][1][safepoint    ] Application time: 1.0002421 seconds
[2022-06-13T03:09:17.151+0000][1][safepoint    ] Entering safepoint region: Cleanup
[2022-06-13T03:09:17.152+0000][1][safepoint    ] Leaving safepoint region
[2022-06-13T03:09:17.152+0000][1][safepoint    ] Total time for which application threads were stopped: 0.0007457 seconds, Stopping threads took: 0.0003665 seconds
[2022-06-13T03:09:18.153+0000][1][safepoint    ] Application time: 1.0002688 seconds
[2022-06-13T03:09:18.153+0000][1][safepoint    ] Entering safepoint region: Cleanup
[2022-06-13T03:09:18.154+0000][1][safepoint    ] Leaving safepoint region
[2022-06-13T03:09:18.154+0000][1][safepoint    ] Total time for which application threads were stopped: 0.0009198 seconds, Stopping threads took: 0.0004191 seconds
[2022-06-13T03:09:19.155+0000][1][safepoint    ] Application time: 1.0004341 seconds
[2022-06-13T03:09:19.156+0000][1][safepoint    ] Entering safepoint region: Cleanup
[2022-06-13T03:09:19.156+0000][1][safepoint    ] Leaving safepoint region
[2022-06-13T03:09:19.157+0000][1][safepoint    ] Total time for which application threads were stopped: 0.0009915 seconds, Stopping threads took: 0.0005244 seconds
[2022-06-13T03:09:20.157+0000][1][safepoint    ] Application time: 1.0001332 seconds
[2022-06-13T03:09:20.158+0000][1][safepoint    ] Entering safepoint region: Cleanup
[2022-06-13T03:09:20.158+0000][1][safepoint    ] Leaving safepoint region
[2022-06-13T03:09:20.158+0000][1][safepoint    ] Total time for which application threads were stopped: 0.0006216 seconds, Stopping threads took: 0.0002740 seconds
[2022-06-13T03:09:21.159+0000][1][safepoint    ] Application time: 1.0002662 seconds
[2022-06-13T03:09:21.159+0000][1][safepoint    ] Entering safepoint region: Cleanup
[2022-06-13T03:09:21.160+0000][1][safepoint    ] Leaving safepoint region
[2022-06-13T03:09:21.160+0000][1][safepoint    ] Total time for which application threads were stopped: 0.0010580 seconds, Stopping threads took: 0.0004151 seconds
[2022-06-13T03:09:22.161+0000][1][safepoint    ] Application time: 1.0001884 seconds
[2022-06-13T03:09:22.161+0000][1][safepoint    ] Entering safepoint region: Cleanup
[2022-06-13T03:09:22.162+0000][1][safepoint    ] Leaving safepoint region
[2022-06-13T03:09:22.162+0000][1][safepoint    ] Total time for which application threads were stopped: 0.0008850 seconds, Stopping threads took: 0.0004970 seconds
[2022-06-13T03:09:23.163+0000][1][safepoint    ] Application time: 1.0002109 seconds
[2022-06-13T03:09:23.163+0000][1][safepoint    ] Entering safepoint region: Cleanup
[2022-06-13T03:09:23.163+0000][1][safepoint    ] Leaving safepoint region
[2022-06-13T03:09:23.164+0000][1][safepoint    ] Total time for which application threads were stopped: 0.0006264 seconds, Stopping threads took: 0.0003095 seconds
[2022-06-13T03:09:24.164+0000][1][safepoint    ] Application time: 1.0002630 seconds
[2022-06-13T03:09:24.165+0000][1][safepoint    ] Entering safepoint region: Cleanup
[2022-06-13T03:09:24.165+0000][1][safepoint    ] Leaving safepoint region
[2022-06-13T03:09:24.165+0000][1][safepoint    ] Total time for which application threads were stopped: 0.0004116 seconds, Stopping threads took: 0.0001514 seconds
[2022-06-13T03:09:25.166+0000][1][safepoint    ] Application time: 1.0002575 seconds
[2022-06-13T03:09:25.166+0000][1][safepoint    ] Entering safepoint region: Cleanup
[2022-06-13T03:09:25.167+0000][1][safepoint    ] Leaving safepoint region
[2022-06-13T03:09:25.167+0000][1][safepoint    ] Total time for which application threads were stopped: 0.0008286 seconds, Stopping threads took: 0.0003794 seconds
[2022-06-13T03:09:26.168+0000][1][safepoint    ] Application time: 1.0002771 seconds
[2022-06-13T03:09:26.168+0000][1][safepoint    ] Entering safepoint region: Cleanup
[2022-06-13T03:09:26.169+0000][1][safepoint    ] Leaving safepoint region
[2022-06-13T03:09:26.169+0000][1][safepoint    ] Total time for which application threads were stopped: 0.0011515 seconds, Stopping threads took: 0.0005432 seconds
[2022-06-13T03:09:27.170+0000][1][safepoint    ] Application time: 1.0002394 seconds
[2022-06-13T03:09:27.171+0000][1][safepoint    ] Entering safepoint region: Cleanup
[2022-06-13T03:09:27.171+0000][1][safepoint    ] Leaving safepoint region
[2022-06-13T03:09:27.172+0000][1][safepoint    ] Total time for which application threads were stopped: 0.0008610 seconds, Stopping threads took: 0.0003565 seconds
[2022-06-13T03:09:28.172+0000][1][safepoint    ] Application time: 1.0002176 seconds
[2022-06-13T03:09:28.173+0000][1][safepoint    ] Entering safepoint region: Cleanup
[2022-06-13T03:09:28.174+0000][1][safepoint    ] Leaving safepoint region
[2022-06-13T03:09:28.174+0000][1][safepoint    ] Total time for which application threads were stopped: 0.0010495 seconds, Stopping threads took: 0.0004331 seconds
[2022-06-13T03:09:29.175+0000][1][safepoint    ] Application time: 1.0002172 seconds
[2022-06-13T03:09:29.175+0000][1][safepoint    ] Entering safepoint region: Cleanup
[2022-06-13T03:09:29.176+0000][1][safepoint    ] Leaving safepoint region
[2022-06-13T03:09:29.176+0000][1][safepoint    ] Total time for which application threads were stopped: 0.0012072 seconds, Stopping threads took: 0.0005440 seconds
[2022-06-13T03:09:30.177+0000][1][safepoint    ] Application time: 1.0003431 seconds
[2022-06-13T03:09:30.178+0000][1][safepoint    ] Entering safepoint region: Cleanup
[2022-06-13T03:09:30.179+0000][1][safepoint    ] Leaving safepoint region
[2022-06-13T03:09:30.179+0000][1][safepoint    ] Total time for which application threads were stopped: 0.0009737 seconds, Stopping threads took: 0.0005082 seconds
[2022-06-13T03:09:31.180+0000][1][safepoint    ] Application time: 1.0003489 seconds
[2022-06-13T03:09:31.180+0000][1][safepoint    ] Entering safepoint region: Cleanup
[2022-06-13T03:09:31.181+0000][1][safepoint    ] Leaving safepoint region
[2022-06-13T03:09:31.181+0000][1][safepoint    ] Total time for which application threads were stopped: 0.0011125 seconds, Stopping threads took: 0.0005107 seconds
[2022-06-13T03:09:32.182+0000][1][safepoint    ] Application time: 1.0004626 seconds
[2022-06-13T03:09:32.183+0000][1][safepoint    ] Entering safepoint region: Cleanup
[2022-06-13T03:09:32.184+0000][1][safepoint    ] Leaving safepoint region
[2022-06-13T03:09:32.184+0000][1][safepoint    ] Total time for which application threads were stopped: 0.0009963 seconds, Stopping threads took: 0.0004436 seconds
[2022-06-13T03:09:33.185+0000][1][safepoint    ] Application time: 1.0001766 seconds
[2022-06-13T03:09:33.185+0000][1][safepoint    ] Entering safepoint region: Cleanup
[2022-06-13T03:09:33.185+0000][1][safepoint    ] Leaving safepoint region
[2022-06-13T03:09:33.186+0000][1][safepoint    ] Total time for which application threads were stopped: 0.0007217 seconds, Stopping threads took: 0.0003296 seconds
[2022-06-13T03:09:34.186+0000][1][safepoint    ] Application time: 1.0002158 seconds
[2022-06-13T03:09:34.187+0000][1][safepoint    ] Entering safepoint region: Cleanup
[2022-06-13T03:09:34.187+0000][1][safepoint    ] Leaving safepoint region
[2022-06-13T03:09:34.188+0000][1][safepoint    ] Total time for which application threads were stopped: 0.0009216 seconds, Stopping threads took: 0.0004522 seconds
[2022-06-13T03:09:35.188+0000][1][safepoint    ] Application time: 1.0002147 seconds
[2022-06-13T03:09:35.189+0000][1][safepoint    ] Entering safepoint region: Cleanup
[2022-06-13T03:09:35.189+0000][1][safepoint    ] Leaving safepoint region
[2022-06-13T03:09:35.190+0000][1][safepoint    ] Total time for which application threads were stopped: 0.0007780 seconds, Stopping threads took: 0.0003643 seconds
[2022-06-13T03:09:36.190+0000][1][safepoint    ] Application time: 1.0003184 seconds
[2022-06-13T03:09:36.191+0000][1][safepoint    ] Entering safepoint region: Cleanup
[2022-06-13T03:09:36.191+0000][1][safepoint    ] Leaving safepoint region
[2022-06-13T03:09:36.192+0000][1][safepoint    ] Total time for which application threads were stopped: 0.0008739 seconds, Stopping threads took: 0.0004058 seconds
[2022-06-13T03:09:37.192+0000][1][safepoint    ] Application time: 1.0003969 seconds
[2022-06-13T03:09:37.193+0000][1][safepoint    ] Entering safepoint region: Cleanup
[2022-06-13T03:09:37.194+0000][1][safepoint    ] Leaving safepoint region
[2022-06-13T03:09:37.194+0000][1][safepoint    ] Total time for which application threads were stopped: 0.0011667 seconds, Stopping threads took: 0.0005466 seconds
[2022-06-13T03:09:38.195+0000][1][safepoint    ] Application time: 1.0001863 seconds
[2022-06-13T03:09:38.195+0000][1][safepoint    ] Entering safepoint region: Cleanup
[2022-06-13T03:09:38.196+0000][1][safepoint    ] Leaving safepoint region
[2022-06-13T03:09:38.196+0000][1][safepoint    ] Total time for which application threads were stopped: 0.0005503 seconds, Stopping threads took: 0.0003219 seconds
[2022-06-13T03:09:39.196+0000][1][safepoint    ] Application time: 1.0001949 seconds
[2022-06-13T03:09:39.197+0000][1][safepoint    ] Entering safepoint region: Cleanup
[2022-06-13T03:09:39.197+0000][1][safepoint    ] Leaving safepoint region
[2022-06-13T03:09:39.197+0000][1][safepoint    ] Total time for which application threads were stopped: 0.0005523 seconds, Stopping threads took: 0.0003068 seconds
[2022-06-13T03:09:40.198+0000][1][safepoint    ] Application time: 1.0002740 seconds
[2022-06-13T03:09:40.198+0000][1][safepoint    ] Entering safepoint region: Cleanup
[2022-06-13T03:09:40.199+0000][1][safepoint    ] Leaving safepoint region
[2022-06-13T03:09:40.199+0000][1][safepoint    ] Total time for which application threads were stopped: 0.0007655 seconds, Stopping threads took: 0.0003083 seconds
[2022-06-13T03:09:41.200+0000][1][safepoint    ] Application time: 1.0002462 seconds
[2022-06-13T03:09:41.200+0000][1][safepoint    ] Entering safepoint region: Cleanup
[2022-06-13T03:09:41.201+0000][1][safepoint    ] Leaving safepoint region
[2022-06-13T03:09:41.201+0000][1][safepoint    ] Total time for which application threads were stopped: 0.0007750 seconds, Stopping threads took: 0.0003496 seconds
[2022-06-13T03:09:42.201+0000][1][safepoint    ] Application time: 1.0002563 seconds
[2022-06-13T03:09:42.202+0000][1][safepoint    ] Entering safepoint region: Cleanup
[2022-06-13T03:09:42.203+0000][1][safepoint    ] Leaving safepoint region
[2022-06-13T03:09:42.203+0000][1][safepoint    ] Total time for which application threads were stopped: 0.0012132 seconds, Stopping threads took: 0.0005267 seconds
[2022-06-13T03:09:43.204+0000][1][safepoint    ] Application time: 1.0001257 seconds
[2022-06-13T03:09:43.204+0000][1][safepoint    ] Entering safepoint region: Cleanup
[2022-06-13T03:09:43.205+0000][1][safepoint    ] Leaving safepoint region
[2022-06-13T03:09:43.205+0000][1][safepoint    ] Total time for which application threads were stopped: 0.0006946 seconds, Stopping threads took: 0.0003539 seconds
[2022-06-13T03:09:44.206+0000][1][safepoint    ] Application time: 1.0002735 seconds
[2022-06-13T03:09:44.207+0000][1][safepoint    ] Entering safepoint region: Cleanup
[2022-06-13T03:09:44.207+0000][1][safepoint    ] Leaving safepoint region
[2022-06-13T03:09:44.208+0000][1][safepoint    ] Total time for which application threads were stopped: 0.0012347 seconds, Stopping threads took: 0.0005880 seconds
[2022-06-13T03:09:45.208+0000][1][safepoint    ] Application time: 1.0001527 seconds
[2022-06-13T03:09:45.209+0000][1][safepoint    ] Entering safepoint region: Cleanup
[2022-06-13T03:09:45.209+0000][1][safepoint    ] Leaving safepoint region
[2022-06-13T03:09:45.210+0000][1][safepoint    ] Total time for which application threads were stopped: 0.0011170 seconds, Stopping threads took: 0.0004163 seconds
[2022-06-13T03:09:46.211+0000][1][safepoint    ] Application time: 1.0003462 seconds
[2022-06-13T03:09:46.212+0000][1][safepoint    ] Entering safepoint region: Cleanup
[2022-06-13T03:09:46.212+0000][1][safepoint    ] Leaving safepoint region
[2022-06-13T03:09:46.212+0000][1][safepoint    ] Total time for which application threads were stopped: 0.0008845 seconds, Stopping threads took: 0.0004121 seconds
[2022-06-13T03:09:47.213+0000][1][safepoint    ] Application time: 1.0002370 seconds
[2022-06-13T03:09:47.214+0000][1][safepoint    ] Entering safepoint region: Cleanup
[2022-06-13T03:09:47.214+0000][1][safepoint    ] Leaving safepoint region
[2022-06-13T03:09:47.215+0000][1][safepoint    ] Total time for which application threads were stopped: 0.0008177 seconds, Stopping threads took: 0.0003739 seconds
[2022-06-13T03:09:48.215+0000][1][safepoint    ] Application time: 1.0002262 seconds
[2022-06-13T03:09:48.216+0000][1][safepoint    ] Entering safepoint region: Cleanup
[2022-06-13T03:09:48.216+0000][1][safepoint    ] Leaving safepoint region
[2022-06-13T03:09:48.217+0000][1][safepoint    ] Total time for which application threads were stopped: 0.0010546 seconds, Stopping threads took: 0.0004265 seconds
[2022-06-13T03:09:49.218+0000][1][safepoint    ] Application time: 1.0002498 seconds
[2022-06-13T03:09:49.218+0000][1][safepoint    ] Entering safepoint region: Cleanup
[2022-06-13T03:09:49.219+0000][1][safepoint    ] Leaving safepoint region
[2022-06-13T03:09:49.220+0000][1][safepoint    ] Total time for which application threads were stopped: 0.0014680 seconds, Stopping threads took: 0.0008563 seconds
[2022-06-13T03:09:50.221+0000][1][safepoint    ] Application time: 1.0001652 seconds
[2022-06-13T03:09:50.221+0000][1][safepoint    ] Entering safepoint region: Cleanup
[2022-06-13T03:09:50.221+0000][1][safepoint    ] Leaving safepoint region
[2022-06-13T03:09:50.222+0000][1][safepoint    ] Total time for which application threads were stopped: 0.0006563 seconds, Stopping threads took: 0.0003298 seconds
[2022-06-13T03:09:51.222+0000][1][safepoint    ] Application time: 1.0002293 seconds
[2022-06-13T03:09:51.223+0000][1][safepoint    ] Entering safepoint region: Cleanup
[2022-06-13T03:09:51.223+0000][1][safepoint    ] Leaving safepoint region
[2022-06-13T03:09:51.224+0000][1][safepoint    ] Total time for which application threads were stopped: 0.0008820 seconds, Stopping threads took: 0.0004113 seconds
[2022-06-13T03:09:52.224+0000][1][safepoint    ] Application time: 1.0001570 seconds
[2022-06-13T03:09:52.225+0000][1][safepoint    ] Entering safepoint region: Cleanup
[2022-06-13T03:09:52.226+0000][1][safepoint    ] Leaving safepoint region
[2022-06-13T03:09:52.226+0000][1][safepoint    ] Total time for which application threads were stopped: 0.0009768 seconds, Stopping threads took: 0.0004111 seconds
[2022-06-13T03:09:53.227+0000][1][safepoint    ] Application time: 1.0001886 seconds
[2022-06-13T03:09:53.227+0000][1][safepoint    ] Entering safepoint region: Cleanup
[2022-06-13T03:09:53.228+0000][1][safepoint    ] Leaving safepoint region
[2022-06-13T03:09:53.228+0000][1][safepoint    ] Total time for which application threads were stopped: 0.0009584 seconds, Stopping threads took: 0.0004654 seconds
[2022-06-13T03:09:54.229+0000][1][safepoint    ] Application time: 1.0002418 seconds
[2022-06-13T03:09:54.230+0000][1][safepoint    ] Entering safepoint region: Cleanup
[2022-06-13T03:09:54.230+0000][1][safepoint    ] Leaving safepoint region
[2022-06-13T03:09:54.231+0000][1][safepoint    ] Total time for which application threads were stopped: 0.0009727 seconds, Stopping threads took: 0.0004481 seconds
[2022-06-13T03:09:55.231+0000][1][safepoint    ] Application time: 1.0001482 seconds
[2022-06-13T03:09:55.232+0000][1][safepoint    ] Entering safepoint region: Cleanup
[2022-06-13T03:09:55.232+0000][1][safepoint    ] Leaving safepoint region
[2022-06-13T03:09:55.233+0000][1][safepoint    ] Total time for which application threads were stopped: 0.0009738 seconds, Stopping threads took: 0.0004442 seconds
[2022-06-13T03:09:56.234+0000][1][safepoint    ] Application time: 1.0003049 seconds
[2022-06-13T03:09:56.234+0000][1][safepoint    ] Entering safepoint region: Cleanup
[2022-06-13T03:09:56.235+0000][1][safepoint    ] Leaving safepoint region
[2022-06-13T03:09:56.235+0000][1][safepoint    ] Total time for which application threads were stopped: 0.0007875 seconds, Stopping threads took: 0.0003709 seconds
[2022-06-13T03:09:57.236+0000][1][safepoint    ] Application time: 1.0001321 seconds
[2022-06-13T03:09:57.236+0000][1][safepoint    ] Entering safepoint region: Cleanup
[2022-06-13T03:09:57.236+0000][1][safepoint    ] Leaving safepoint region
[2022-06-13T03:09:57.237+0000][1][safepoint    ] Total time for which application threads were stopped: 0.0006316 seconds, Stopping threads took: 0.0002873 seconds
[2022-06-13T03:09:58.237+0000][1][safepoint    ] Application time: 1.0001840 seconds
[2022-06-13T03:09:58.238+0000][1][safepoint    ] Entering safepoint region: Cleanup
[2022-06-13T03:09:58.238+0000][1][safepoint    ] Leaving safepoint region
[2022-06-13T03:09:58.238+0000][1][safepoint    ] Total time for which application threads were stopped: 0.0009862 seconds, Stopping threads took: 0.0004258 seconds
[2022-06-13T03:09:59.239+0000][1][safepoint    ] Application time: 1.0003182 seconds
[2022-06-13T03:09:59.240+0000][1][safepoint    ] Entering safepoint region: Cleanup
[2022-06-13T03:09:59.241+0000][1][safepoint    ] Leaving safepoint region
[2022-06-13T03:09:59.242+0000][1][safepoint    ] Total time for which application threads were stopped: 0.0015522 seconds, Stopping threads took: 0.0007307 seconds
[2022-06-13T03:10:00.243+0000][1][safepoint    ] Application time: 1.0002730 seconds
[2022-06-13T03:10:00.243+0000][1][safepoint    ] Entering safepoint region: Cleanup
[2022-06-13T03:10:00.244+0000][1][safepoint    ] Leaving safepoint region
[2022-06-13T03:10:00.245+0000][1][safepoint    ] Total time for which application threads were stopped: 0.0013813 seconds, Stopping threads took: 0.0007842 seconds
[2022-06-13T03:10:01.245+0000][1][safepoint    ] Application time: 1.0001887 seconds
[2022-06-13T03:10:01.246+0000][1][safepoint    ] Entering safepoint region: Cleanup
[2022-06-13T03:10:01.246+0000][1][safepoint    ] Leaving safepoint region
[2022-06-13T03:10:01.247+0000][1][safepoint    ] Total time for which application threads were stopped: 0.0009910 seconds, Stopping threads took: 0.0004170 seconds
[2022-06-13T03:10:02.248+0000][1][safepoint    ] Application time: 1.0001650 seconds
[2022-06-13T03:10:02.248+0000][1][safepoint    ] Entering safepoint region: Cleanup
[2022-06-13T03:10:02.249+0000][1][safepoint    ] Leaving safepoint region
[2022-06-13T03:10:02.249+0000][1][safepoint    ] Total time for which application threads were stopped: 0.0008186 seconds, Stopping threads took: 0.0004032 seconds
[2022-06-13T03:10:03.250+0000][1][safepoint    ] Application time: 1.0002118 seconds
[2022-06-13T03:10:03.250+0000][1][safepoint    ] Entering safepoint region: Cleanup
[2022-06-13T03:10:03.251+0000][1][safepoint    ] Leaving safepoint region
[2022-06-13T03:10:03.251+0000][1][safepoint    ] Total time for which application threads were stopped: 0.0008337 seconds, Stopping threads took: 0.0004371 seconds
[2022-06-13T03:10:04.252+0000][1][safepoint    ] Application time: 1.0001912 seconds
[2022-06-13T03:10:04.252+0000][1][safepoint    ] Entering safepoint region: Cleanup
[2022-06-13T03:10:04.253+0000][1][safepoint    ] Leaving safepoint region
[2022-06-13T03:10:04.253+0000][1][safepoint    ] Total time for which application threads were stopped: 0.0009267 seconds, Stopping threads took: 0.0004698 seconds
[2022-06-13T03:10:05.253+0000][1][safepoint    ] Application time: 1.0001428 seconds
[2022-06-13T03:10:05.254+0000][1][safepoint    ] Entering safepoint region: Cleanup
[2022-06-13T03:10:05.254+0000][1][safepoint    ] Leaving safepoint region
[2022-06-13T03:10:05.255+0000][1][safepoint    ] Total time for which application threads were stopped: 0.0007549 seconds, Stopping threads took: 0.0003619 seconds
[2022-06-13T03:10:06.255+0000][1][safepoint    ] Application time: 1.0001979 seconds
[2022-06-13T03:10:06.256+0000][1][safepoint    ] Entering safepoint region: Cleanup
[2022-06-13T03:10:06.256+0000][1][safepoint    ] Leaving safepoint region
[2022-06-13T03:10:06.257+0000][1][safepoint    ] Total time for which application threads were stopped: 0.0011216 seconds, Stopping threads took: 0.0005137 seconds
[2022-06-13T03:10:07.258+0000][1][safepoint    ] Application time: 1.0002299 seconds
[2022-06-13T03:10:07.258+0000][1][safepoint    ] Entering safepoint region: Cleanup
[2022-06-13T03:10:07.259+0000][1][safepoint    ] Leaving safepoint region
[2022-06-13T03:10:07.259+0000][1][safepoint    ] Total time for which application threads were stopped: 0.0007384 seconds, Stopping threads took: 0.0003432 seconds
[2022-06-13T03:10:08.260+0000][1][safepoint    ] Application time: 1.0003639 seconds
[2022-06-13T03:10:08.260+0000][1][safepoint    ] Entering safepoint region: Cleanup
[2022-06-13T03:10:08.261+0000][1][safepoint    ] Leaving safepoint region
[2022-06-13T03:10:08.261+0000][1][safepoint    ] Total time for which application threads were stopped: 0.0009326 seconds, Stopping threads took: 0.0004125 seconds
[2022-06-13T03:10:09.262+0000][1][safepoint    ] Application time: 1.0001249 seconds
[2022-06-13T03:10:09.262+0000][1][safepoint    ] Entering safepoint region: Cleanup
[2022-06-13T03:10:09.263+0000][1][safepoint    ] Leaving safepoint region
[2022-06-13T03:10:09.263+0000][1][safepoint    ] Total time for which application threads were stopped: 0.0007373 seconds, Stopping threads took: 0.0003924 seconds
[2022-06-13T03:10:10.264+0000][1][safepoint    ] Application time: 1.0001595 seconds
[2022-06-13T03:10:10.264+0000][1][safepoint    ] Entering safepoint region: Cleanup
[2022-06-13T03:10:10.264+0000][1][safepoint    ] Leaving safepoint region
[2022-06-13T03:10:10.264+0000][1][safepoint    ] Total time for which application threads were stopped: 0.0004759 seconds, Stopping threads took: 0.0001697 seconds
[2022-06-13T03:10:11.265+0000][1][safepoint    ] Application time: 1.0001121 seconds
[2022-06-13T03:10:11.265+0000][1][safepoint    ] Entering safepoint region: Cleanup
[2022-06-13T03:10:11.265+0000][1][safepoint    ] Leaving safepoint region
[2022-06-13T03:10:11.266+0000][1][safepoint    ] Total time for which application threads were stopped: 0.0007820 seconds, Stopping threads took: 0.0003307 seconds
[2022-06-13T03:10:12.266+0000][1][safepoint    ] Application time: 1.0002077 seconds
[2022-06-13T03:10:12.266+0000][1][safepoint    ] Entering safepoint region: Cleanup
[2022-06-13T03:10:12.267+0000][1][safepoint    ] Leaving safepoint region
[2022-06-13T03:10:12.267+0000][1][safepoint    ] Total time for which application threads were stopped: 0.0003239 seconds, Stopping threads took: 0.0001200 seconds
[2022-06-13T03:10:13.267+0000][1][safepoint    ] Application time: 1.0001854 seconds
[2022-06-13T03:10:13.267+0000][1][safepoint    ] Entering safepoint region: Cleanup
[2022-06-13T03:10:13.268+0000][1][safepoint    ] Leaving safepoint region
[2022-06-13T03:10:13.268+0000][1][safepoint    ] Total time for which application threads were stopped: 0.0009345 seconds, Stopping threads took: 0.0004565 seconds
[2022-06-13T03:10:14.269+0000][1][safepoint    ] Application time: 1.0002099 seconds
[2022-06-13T03:10:14.269+0000][1][safepoint    ] Entering safepoint region: Cleanup
[2022-06-13T03:10:14.270+0000][1][safepoint    ] Leaving safepoint region
[2022-06-13T03:10:14.270+0000][1][safepoint    ] Total time for which application threads were stopped: 0.0008873 seconds, Stopping threads took: 0.0005133 seconds
[2022-06-13T03:10:15.271+0000][1][safepoint    ] Application time: 1.0002055 seconds
[2022-06-13T03:10:15.271+0000][1][safepoint    ] Entering safepoint region: Cleanup
[2022-06-13T03:10:15.271+0000][1][safepoint    ] Leaving safepoint region
[2022-06-13T03:10:15.272+0000][1][safepoint    ] Total time for which application threads were stopped: 0.0004971 seconds, Stopping threads took: 0.0002754 seconds
[2022-06-13T03:10:16.272+0000][1][safepoint    ] Application time: 1.0001380 seconds
[2022-06-13T03:10:16.273+0000][1][safepoint    ] Entering safepoint region: Cleanup
[2022-06-13T03:10:16.273+0000][1][safepoint    ] Leaving safepoint region
[2022-06-13T03:10:16.274+0000][1][safepoint    ] Total time for which application threads were stopped: 0.0015011 seconds, Stopping threads took: 0.0006228 seconds
[2022-06-13T03:10:17.275+0000][1][safepoint    ] Application time: 1.0001306 seconds
[2022-06-13T03:10:17.275+0000][1][safepoint    ] Entering safepoint region: Cleanup
[2022-06-13T03:10:17.275+0000][1][safepoint    ] Leaving safepoint region
[2022-06-13T03:10:17.275+0000][1][safepoint    ] Total time for which application threads were stopped: 0.0003149 seconds, Stopping threads took: 0.0001428 seconds
[2022-06-13T03:10:18.276+0000][1][safepoint    ] Application time: 1.0002563 seconds
[2022-06-13T03:10:18.276+0000][1][safepoint    ] Entering safepoint region: Cleanup
[2022-06-13T03:10:18.277+0000][1][safepoint    ] Leaving safepoint region
[2022-06-13T03:10:18.277+0000][1][safepoint    ] Total time for which application threads were stopped: 0.0009543 seconds, Stopping threads took: 0.0004667 seconds
[2022-06-13T03:10:19.278+0000][1][safepoint    ] Application time: 1.0002062 seconds
[2022-06-13T03:10:19.279+0000][1][safepoint    ] Entering safepoint region: Cleanup
[2022-06-13T03:10:19.279+0000][1][safepoint    ] Leaving safepoint region
[2022-06-13T03:10:19.280+0000][1][safepoint    ] Total time for which application threads were stopped: 0.0011393 seconds, Stopping threads took: 0.0004314 seconds
[2022-06-13T03:10:20.280+0000][1][safepoint    ] Application time: 1.0002034 seconds
[2022-06-13T03:10:20.281+0000][1][safepoint    ] Entering safepoint region: Cleanup
[2022-06-13T03:10:20.281+0000][1][safepoint    ] Leaving safepoint region
[2022-06-13T03:10:20.282+0000][1][safepoint    ] Total time for which application threads were stopped: 0.0010141 seconds, Stopping threads took: 0.0003614 seconds
[2022-06-13T03:10:21.282+0000][1][safepoint    ] Application time: 1.0001196 seconds
[2022-06-13T03:10:21.283+0000][1][safepoint    ] Entering safepoint region: Cleanup
[2022-06-13T03:10:21.283+0000][1][safepoint    ] Leaving safepoint region
[2022-06-13T03:10:21.284+0000][1][safepoint    ] Total time for which application threads were stopped: 0.0012413 seconds, Stopping threads took: 0.0006217 seconds
[2022-06-13T03:10:22.284+0000][1][safepoint    ] Application time: 1.0001021 seconds
[2022-06-13T03:10:22.285+0000][1][safepoint    ] Entering safepoint region: Cleanup
[2022-06-13T03:10:22.285+0000][1][safepoint    ] Leaving safepoint region
[2022-06-13T03:10:22.285+0000][1][safepoint    ] Total time for which application threads were stopped: 0.0007569 seconds, Stopping threads took: 0.0003214 seconds
[2022-06-13T03:10:23.286+0000][1][safepoint    ] Application time: 1.0001048 seconds
[2022-06-13T03:10:23.286+0000][1][safepoint    ] Entering safepoint region: Cleanup
[2022-06-13T03:10:23.287+0000][1][safepoint    ] Leaving safepoint region
[2022-06-13T03:10:23.287+0000][1][safepoint    ] Total time for which application threads were stopped: 0.0010872 seconds, Stopping threads took: 0.0005089 seconds
[2022-06-13T03:10:24.288+0000][1][safepoint    ] Application time: 1.0001349 seconds
[2022-06-13T03:10:24.288+0000][1][safepoint    ] Entering safepoint region: Cleanup
[2022-06-13T03:10:24.289+0000][1][safepoint    ] Leaving safepoint region
[2022-06-13T03:10:24.289+0000][1][safepoint    ] Total time for which application threads were stopped: 0.0010777 seconds, Stopping threads took: 0.0004679 seconds
[2022-06-13T03:10:25.290+0000][1][safepoint    ] Application time: 1.0001903 seconds
[2022-06-13T03:10:25.290+0000][1][safepoint    ] Entering safepoint region: Cleanup
[2022-06-13T03:10:25.290+0000][1][safepoint    ] Leaving safepoint region
[2022-06-13T03:10:25.291+0000][1][safepoint    ] Total time for which application threads were stopped: 0.0008250 seconds, Stopping threads took: 0.0003000 seconds
[2022-06-13T03:10:26.291+0000][1][safepoint    ] Application time: 1.0002124 seconds
[2022-06-13T03:10:26.292+0000][1][safepoint    ] Entering safepoint region: Cleanup
[2022-06-13T03:10:26.292+0000][1][safepoint    ] Leaving safepoint region
[2022-06-13T03:10:26.292+0000][1][safepoint    ] Total time for which application threads were stopped: 0.0006239 seconds, Stopping threads took: 0.0003042 seconds
[2022-06-13T03:10:27.293+0000][1][safepoint    ] Application time: 1.0001692 seconds
[2022-06-13T03:10:27.293+0000][1][safepoint    ] Entering safepoint region: Cleanup
[2022-06-13T03:10:27.293+0000][1][safepoint    ] Leaving safepoint region
[2022-06-13T03:10:27.294+0000][1][safepoint    ] Total time for which application threads were stopped: 0.0006553 seconds, Stopping threads took: 0.0002647 seconds
[2022-06-13T03:10:28.294+0000][1][safepoint    ] Application time: 1.0001617 seconds
[2022-06-13T03:10:28.294+0000][1][safepoint    ] Entering safepoint region: Cleanup
[2022-06-13T03:10:28.295+0000][1][safepoint    ] Leaving safepoint region
[2022-06-13T03:10:28.295+0000][1][safepoint    ] Total time for which application threads were stopped: 0.0008469 seconds, Stopping threads took: 0.0004320 seconds
[2022-06-13T03:10:29.296+0000][1][safepoint    ] Application time: 1.0001793 seconds
[2022-06-13T03:10:29.297+0000][1][safepoint    ] Entering safepoint region: Cleanup
[2022-06-13T03:10:29.297+0000][1][safepoint    ] Leaving safepoint region
[2022-06-13T03:10:29.298+0000][1][safepoint    ] Total time for which application threads were stopped: 0.0010319 seconds, Stopping threads took: 0.0005388 seconds
[2022-06-13T03:10:30.298+0000][1][safepoint    ] Application time: 1.0001870 seconds
[2022-06-13T03:10:30.299+0000][1][safepoint    ] Entering safepoint region: Cleanup
[2022-06-13T03:10:30.300+0000][1][safepoint    ] Leaving safepoint region
[2022-06-13T03:10:30.300+0000][1][safepoint    ] Total time for which application threads were stopped: 0.0011305 seconds, Stopping threads took: 0.0005553 seconds
[2022-06-13T03:10:31.301+0000][1][safepoint    ] Application time: 1.0002232 seconds
[2022-06-13T03:10:31.301+0000][1][safepoint    ] Entering safepoint region: Cleanup
[2022-06-13T03:10:31.302+0000][1][safepoint    ] Leaving safepoint region
[2022-06-13T03:10:31.302+0000][1][safepoint    ] Total time for which application threads were stopped: 0.0009399 seconds, Stopping threads took: 0.0004195 seconds
[2022-06-13T03:10:32.303+0000][1][safepoint    ] Application time: 1.0002723 seconds
[2022-06-13T03:10:32.304+0000][1][safepoint    ] Entering safepoint region: Cleanup
[2022-06-13T03:10:32.304+0000][1][safepoint    ] Leaving safepoint region
[2022-06-13T03:10:32.305+0000][1][safepoint    ] Total time for which application threads were stopped: 0.0013395 seconds, Stopping threads took: 0.0006103 seconds
[2022-06-13T03:10:33.306+0000][1][safepoint    ] Application time: 1.0002906 seconds
[2022-06-13T03:10:33.307+0000][1][safepoint    ] Entering safepoint region: Cleanup
[2022-06-13T03:10:33.307+0000][1][safepoint    ] Leaving safepoint region
[2022-06-13T03:10:33.307+0000][1][safepoint    ] Total time for which application threads were stopped: 0.0008423 seconds, Stopping threads took: 0.0004660 seconds
[2022-06-13T03:10:34.308+0000][1][safepoint    ] Application time: 1.0001140 seconds
[2022-06-13T03:10:34.308+0000][1][safepoint    ] Entering safepoint region: Cleanup
[2022-06-13T03:10:34.309+0000][1][safepoint    ] Leaving safepoint region
[2022-06-13T03:10:34.309+0000][1][safepoint    ] Total time for which application threads were stopped: 0.0007026 seconds, Stopping threads took: 0.0003992 seconds
[2022-06-13T03:10:35.310+0000][1][safepoint    ] Application time: 1.0001793 seconds
[2022-06-13T03:10:35.310+0000][1][safepoint    ] Entering safepoint region: Cleanup
[2022-06-13T03:10:35.310+0000][1][safepoint    ] Leaving safepoint region
[2022-06-13T03:10:35.310+0000][1][safepoint    ] Total time for which application threads were stopped: 0.0004865 seconds, Stopping threads took: 0.0002588 seconds
[2022-06-13T03:10:36.311+0000][1][safepoint    ] Application time: 1.0001973 seconds
[2022-06-13T03:10:36.311+0000][1][safepoint    ] Entering safepoint region: Cleanup
[2022-06-13T03:10:36.312+0000][1][safepoint    ] Leaving safepoint region
[2022-06-13T03:10:36.312+0000][1][safepoint    ] Total time for which application threads were stopped: 0.0012838 seconds, Stopping threads took: 0.0005209 seconds
[2022-06-13T03:10:37.313+0000][1][safepoint    ] Application time: 1.0001250 seconds
[2022-06-13T03:10:37.314+0000][1][safepoint    ] Entering safepoint region: Cleanup
[2022-06-13T03:10:37.314+0000][1][safepoint    ] Leaving safepoint region
[2022-06-13T03:10:37.314+0000][1][safepoint    ] Total time for which application threads were stopped: 0.0008513 seconds, Stopping threads took: 0.0003445 seconds
[2022-06-13T03:10:38.315+0000][1][safepoint    ] Application time: 1.0002183 seconds
[2022-06-13T03:10:38.315+0000][1][safepoint    ] Entering safepoint region: Cleanup
[2022-06-13T03:10:38.316+0000][1][safepoint    ] Leaving safepoint region
[2022-06-13T03:10:38.316+0000][1][safepoint    ] Total time for which application threads were stopped: 0.0007789 seconds, Stopping threads took: 0.0004659 seconds
[2022-06-13T03:10:39.317+0000][1][safepoint    ] Application time: 1.0003002 seconds
[2022-06-13T03:10:39.317+0000][1][safepoint    ] Entering safepoint region: Cleanup
[2022-06-13T03:10:39.318+0000][1][safepoint    ] Leaving safepoint region
[2022-06-13T03:10:39.318+0000][1][safepoint    ] Total time for which application threads were stopped: 0.0007097 seconds, Stopping threads took: 0.0003427 seconds
[2022-06-13T03:10:40.319+0000][1][safepoint    ] Application time: 1.0002120 seconds
[2022-06-13T03:10:40.319+0000][1][safepoint    ] Entering safepoint region: Cleanup
[2022-06-13T03:10:40.319+0000][1][safepoint    ] Leaving safepoint region
[2022-06-13T03:10:40.320+0000][1][safepoint    ] Total time for which application threads were stopped: 0.0007642 seconds, Stopping threads took: 0.0002467 seconds
[2022-06-13T03:10:41.320+0000][1][safepoint    ] Application time: 1.0001905 seconds
[2022-06-13T03:10:41.321+0000][1][safepoint    ] Entering safepoint region: Cleanup
[2022-06-13T03:10:41.321+0000][1][safepoint    ] Leaving safepoint region
[2022-06-13T03:10:41.322+0000][1][safepoint    ] Total time for which application threads were stopped: 0.0009132 seconds, Stopping threads took: 0.0004623 seconds
[2022-06-13T03:10:42.323+0000][1][safepoint    ] Application time: 1.0002883 seconds
[2022-06-13T03:10:42.323+0000][1][safepoint    ] Entering safepoint region: Cleanup
[2022-06-13T03:10:42.324+0000][1][safepoint    ] Leaving safepoint region
[2022-06-13T03:10:42.324+0000][1][safepoint    ] Total time for which application threads were stopped: 0.0008514 seconds, Stopping threads took: 0.0004585 seconds
[2022-06-13T03:10:43.325+0000][1][safepoint    ] Application time: 1.0001990 seconds
[2022-06-13T03:10:43.325+0000][1][safepoint    ] Entering safepoint region: Cleanup
[2022-06-13T03:10:43.326+0000][1][safepoint    ] Leaving safepoint region
[2022-06-13T03:10:43.327+0000][1][safepoint    ] Total time for which application threads were stopped: 0.0013074 seconds, Stopping threads took: 0.0006393 seconds
[2022-06-13T03:10:44.328+0000][1][safepoint    ] Application time: 1.0002956 seconds
[2022-06-13T03:10:44.328+0000][1][safepoint    ] Entering safepoint region: Cleanup
[2022-06-13T03:10:44.329+0000][1][safepoint    ] Leaving safepoint region
[2022-06-13T03:10:44.330+0000][1][safepoint    ] Total time for which application threads were stopped: 0.0013064 seconds, Stopping threads took: 0.0007011 seconds
[2022-06-13T03:10:45.331+0000][1][safepoint    ] Application time: 1.0002825 seconds
[2022-06-13T03:10:45.331+0000][1][safepoint    ] Entering safepoint region: Cleanup
[2022-06-13T03:10:45.332+0000][1][safepoint    ] Leaving safepoint region
[2022-06-13T03:10:45.332+0000][1][safepoint    ] Total time for which application threads were stopped: 0.0009817 seconds, Stopping threads took: 0.0005351 seconds
[2022-06-13T03:10:46.333+0000][1][safepoint    ] Application time: 1.0002470 seconds
[2022-06-13T03:10:46.333+0000][1][safepoint    ] Entering safepoint region: Cleanup
[2022-06-13T03:10:46.334+0000][1][safepoint    ] Leaving safepoint region
[2022-06-13T03:10:46.334+0000][1][safepoint    ] Total time for which application threads were stopped: 0.0008647 seconds, Stopping threads took: 0.0003699 seconds
[2022-06-13T03:10:47.335+0000][1][safepoint    ] Application time: 1.0003609 seconds
[2022-06-13T03:10:47.336+0000][1][safepoint    ] Entering safepoint region: Cleanup
[2022-06-13T03:10:47.336+0000][1][safepoint    ] Leaving safepoint region
[2022-06-13T03:10:47.337+0000][1][safepoint    ] Total time for which application threads were stopped: 0.0009057 seconds, Stopping threads took: 0.0004094 seconds
[2022-06-13T03:10:48.337+0000][1][safepoint    ] Application time: 1.0002699 seconds
[2022-06-13T03:10:48.338+0000][1][safepoint    ] Entering safepoint region: Cleanup
[2022-06-13T03:10:48.338+0000][1][safepoint    ] Leaving safepoint region
[2022-06-13T03:10:48.339+0000][1][safepoint    ] Total time for which application threads were stopped: 0.0008987 seconds, Stopping threads took: 0.0005592 seconds
[2022-06-13T03:10:49.339+0000][1][safepoint    ] Application time: 1.0001651 seconds
[2022-06-13T03:10:49.340+0000][1][safepoint    ] Entering safepoint region: Cleanup
[2022-06-13T03:10:49.341+0000][1][safepoint    ] Leaving safepoint region
[2022-06-13T03:10:49.341+0000][1][safepoint    ] Total time for which application threads were stopped: 0.0010095 seconds, Stopping threads took: 0.0004802 seconds
[2022-06-13T03:10:50.342+0000][1][safepoint    ] Application time: 1.0002657 seconds
[2022-06-13T03:10:50.342+0000][1][safepoint    ] Entering safepoint region: Cleanup
[2022-06-13T03:10:50.343+0000][1][safepoint    ] Leaving safepoint region
[2022-06-13T03:10:50.343+0000][1][safepoint    ] Total time for which application threads were stopped: 0.0009915 seconds, Stopping threads took: 0.0004231 seconds
[2022-06-13T03:10:51.344+0000][1][safepoint    ] Application time: 1.0001358 seconds
[2022-06-13T03:10:51.345+0000][1][safepoint    ] Entering safepoint region: Cleanup
[2022-06-13T03:10:51.345+0000][1][safepoint    ] Leaving safepoint region
[2022-06-13T03:10:51.346+0000][1][safepoint    ] Total time for which application threads were stopped: 0.0012414 seconds, Stopping threads took: 0.0005954 seconds
[2022-06-13T03:10:52.347+0000][1][safepoint    ] Application time: 1.0002032 seconds
[2022-06-13T03:10:52.347+0000][1][safepoint    ] Entering safepoint region: Cleanup
[2022-06-13T03:10:52.348+0000][1][safepoint    ] Leaving safepoint region
[2022-06-13T03:10:52.348+0000][1][safepoint    ] Total time for which application threads were stopped: 0.0009034 seconds, Stopping threads took: 0.0004016 seconds
[2022-06-13T03:10:53.349+0000][1][safepoint    ] Application time: 1.0001711 seconds
[2022-06-13T03:10:53.349+0000][1][safepoint    ] Entering safepoint region: Cleanup
[2022-06-13T03:10:53.349+0000][1][safepoint    ] Leaving safepoint region
[2022-06-13T03:10:53.350+0000][1][safepoint    ] Total time for which application threads were stopped: 0.0005988 seconds, Stopping threads took: 0.0002140 seconds
[2022-06-13T03:10:54.350+0000][1][safepoint    ] Application time: 1.0002502 seconds
[2022-06-13T03:10:54.350+0000][1][safepoint    ] Entering safepoint region: Cleanup
[2022-06-13T03:10:54.351+0000][1][safepoint    ] Leaving safepoint region
[2022-06-13T03:10:54.351+0000][1][safepoint    ] Total time for which application threads were stopped: 0.0006194 seconds, Stopping threads took: 0.0003154 seconds
[2022-06-13T03:10:55.351+0000][1][safepoint    ] Application time: 1.0002399 seconds
[2022-06-13T03:10:55.352+0000][1][safepoint    ] Entering safepoint region: Cleanup
[2022-06-13T03:10:55.352+0000][1][safepoint    ] Leaving safepoint region
[2022-06-13T03:10:55.352+0000][1][safepoint    ] Total time for which application threads were stopped: 0.0004781 seconds, Stopping threads took: 0.0002200 seconds
[2022-06-13T03:10:56.353+0000][1][safepoint    ] Application time: 1.0001733 seconds
[2022-06-13T03:10:56.353+0000][1][safepoint    ] Entering safepoint region: Cleanup
[2022-06-13T03:10:56.354+0000][1][safepoint    ] Leaving safepoint region
[2022-06-13T03:10:56.354+0000][1][safepoint    ] Total time for which application threads were stopped: 0.0008836 seconds, Stopping threads took: 0.0003317 seconds
[2022-06-13T03:10:57.355+0000][1][safepoint    ] Application time: 1.0002460 seconds
[2022-06-13T03:10:57.355+0000][1][safepoint    ] Entering safepoint region: Cleanup
[2022-06-13T03:10:57.356+0000][1][safepoint    ] Leaving safepoint region
[2022-06-13T03:10:57.357+0000][1][safepoint    ] Total time for which application threads were stopped: 0.0013466 seconds, Stopping threads took: 0.0008376 seconds
[2022-06-13T03:10:58.357+0000][1][safepoint    ] Application time: 1.0002402 seconds
[2022-06-13T03:10:58.358+0000][1][safepoint    ] Entering safepoint region: Cleanup
[2022-06-13T03:10:58.358+0000][1][safepoint    ] Leaving safepoint region
[2022-06-13T03:10:58.358+0000][1][safepoint    ] Total time for which application threads were stopped: 0.0006026 seconds, Stopping threads took: 0.0002739 seconds
[2022-06-13T03:10:59.359+0000][1][safepoint    ] Application time: 1.0002330 seconds
[2022-06-13T03:10:59.359+0000][1][safepoint    ] Entering safepoint region: Cleanup
[2022-06-13T03:10:59.359+0000][1][safepoint    ] Leaving safepoint region
[2022-06-13T03:10:59.359+0000][1][safepoint    ] Total time for which application threads were stopped: 0.0005822 seconds, Stopping threads took: 0.0003147 seconds
[2022-06-13T03:11:00.360+0000][1][safepoint    ] Application time: 1.0001500 seconds
[2022-06-13T03:11:00.360+0000][1][safepoint    ] Entering safepoint region: Cleanup
[2022-06-13T03:11:00.361+0000][1][safepoint    ] Leaving safepoint region
[2022-06-13T03:11:00.361+0000][1][safepoint    ] Total time for which application threads were stopped: 0.0009288 seconds, Stopping threads took: 0.0004953 seconds
[2022-06-13T03:11:01.362+0000][1][safepoint    ] Application time: 1.0002444 seconds
[2022-06-13T03:11:01.362+0000][1][safepoint    ] Entering safepoint region: Cleanup
[2022-06-13T03:11:01.363+0000][1][safepoint    ] Leaving safepoint region
[2022-06-13T03:11:01.363+0000][1][safepoint    ] Total time for which application threads were stopped: 0.0007543 seconds, Stopping threads took: 0.0004432 seconds
[2022-06-13T03:11:02.363+0000][1][safepoint    ] Application time: 1.0002301 seconds
[2022-06-13T03:11:02.364+0000][1][safepoint    ] Entering safepoint region: Cleanup
[2022-06-13T03:11:02.365+0000][1][safepoint    ] Leaving safepoint region
[2022-06-13T03:11:02.365+0000][1][safepoint    ] Total time for which application threads were stopped: 0.0011971 seconds, Stopping threads took: 0.0006117 seconds
[2022-06-13T03:11:03.366+0000][1][safepoint    ] Application time: 1.0002245 seconds
[2022-06-13T03:11:03.367+0000][1][safepoint    ] Entering safepoint region: Cleanup
[2022-06-13T03:11:03.367+0000][1][safepoint    ] Leaving safepoint region
[2022-06-13T03:11:03.367+0000][1][safepoint    ] Total time for which application threads were stopped: 0.0009662 seconds, Stopping threads took: 0.0004831 seconds
[2022-06-13T03:11:04.368+0000][1][safepoint    ] Application time: 1.0003173 seconds
[2022-06-13T03:11:04.369+0000][1][safepoint    ] Entering safepoint region: Cleanup
[2022-06-13T03:11:04.369+0000][1][safepoint    ] Leaving safepoint region
[2022-06-13T03:11:04.370+0000][1][safepoint    ] Total time for which application threads were stopped: 0.0008954 seconds, Stopping threads took: 0.0003968 seconds
[2022-06-13T03:11:05.370+0000][1][safepoint    ] Application time: 1.0001568 seconds
[2022-06-13T03:11:05.371+0000][1][safepoint    ] Entering safepoint region: Cleanup
[2022-06-13T03:11:05.371+0000][1][safepoint    ] Leaving safepoint region
[2022-06-13T03:11:05.371+0000][1][safepoint    ] Total time for which application threads were stopped: 0.0005075 seconds, Stopping threads took: 0.0002118 seconds
[2022-06-13T03:11:06.371+0000][1][safepoint    ] Application time: 1.0002060 seconds
[2022-06-13T03:11:06.372+0000][1][safepoint    ] Entering safepoint region: Cleanup
[2022-06-13T03:11:06.372+0000][1][safepoint    ] Leaving safepoint region
[2022-06-13T03:11:06.373+0000][1][safepoint    ] Total time for which application threads were stopped: 0.0008162 seconds, Stopping threads took: 0.0004338 seconds
[2022-06-13T03:11:07.373+0000][1][safepoint    ] Application time: 1.0001951 seconds
[2022-06-13T03:11:07.374+0000][1][safepoint    ] Entering safepoint region: Cleanup
[2022-06-13T03:11:07.375+0000][1][safepoint    ] Leaving safepoint region
[2022-06-13T03:11:07.375+0000][1][safepoint    ] Total time for which application threads were stopped: 0.0009248 seconds, Stopping threads took: 0.0004799 seconds
[2022-06-13T03:11:07.399+0000][1][safepoint    ] Application time: 0.0235840 seconds
[2022-06-13T03:11:07.400+0000][1][safepoint    ] Entering safepoint region: GenCollectForAllocation
[2022-06-13T03:11:07.400+0000][1][gc,start     ] GC(28) Pause Young (Allocation Failure)
[2022-06-13T03:11:07.401+0000][1][gc,task      ] GC(28) Using 5 workers of 13 for evacuation
[2022-06-13T03:11:07.403+0000][1][gc,age       ] GC(28) Desired survivor size 4456448 bytes, new threshold 6 (max threshold 6)
[2022-06-13T03:11:07.404+0000][1][gc,age       ] GC(28) Age table with threshold 6 (max threshold 6)
[2022-06-13T03:11:07.404+0000][1][gc,age       ] GC(28) - age   1:      28288 bytes,      28288 total
[2022-06-13T03:11:07.405+0000][1][gc,age       ] GC(28) - age   2:      30864 bytes,      59152 total
[2022-06-13T03:11:07.405+0000][1][gc,age       ] GC(28) - age   3:      13520 bytes,      72672 total
[2022-06-13T03:11:07.405+0000][1][gc,age       ] GC(28) - age   4:      28424 bytes,     101096 total
[2022-06-13T03:11:07.406+0000][1][gc,age       ] GC(28) - age   5:      15880 bytes,     116976 total
[2022-06-13T03:11:07.406+0000][1][gc,age       ] GC(28) - age   6:      34920 bytes,     151896 total
[2022-06-13T03:11:07.407+0000][1][gc,heap      ] GC(28) ParNew: 71908K->1420K(78656K)
[2022-06-13T03:11:07.407+0000][1][gc,heap      ] GC(28) CMS: 67732K->69043K(174784K)
[2022-06-13T03:11:07.408+0000][1][gc,metaspace ] GC(28) Metaspace: 65344K->65344K(1110016K)
[2022-06-13T03:11:07.408+0000][1][gc           ] GC(28) Pause Young (Allocation Failure) 136M->68M(247M) 8.246ms
[2022-06-13T03:11:07.409+0000][1][gc,cpu       ] GC(28) User=0.01s Sys=0.00s Real=0.00s
[2022-06-13T03:11:07.409+0000][1][safepoint    ] Leaving safepoint region
[2022-06-13T03:11:07.410+0000][1][safepoint    ] Total time for which application threads were stopped: 0.0104593 seconds, Stopping threads took: 0.0007158 seconds
[2022-06-13T03:11:08.410+0000][1][safepoint    ] Application time: 1.0001442 seconds
[2022-06-13T03:11:08.410+0000][1][safepoint    ] Entering safepoint region: Cleanup
[2022-06-13T03:11:08.411+0000][1][safepoint    ] Leaving safepoint region
[2022-06-13T03:11:08.411+0000][1][safepoint    ] Total time for which application threads were stopped: 0.0006996 seconds, Stopping threads took: 0.0003502 seconds
[2022-06-13T03:11:09.411+0000][1][safepoint    ] Application time: 1.0002238 seconds
[2022-06-13T03:11:09.412+0000][1][safepoint    ] Entering safepoint region: Cleanup
[2022-06-13T03:11:09.412+0000][1][safepoint    ] Leaving safepoint region
[2022-06-13T03:11:09.413+0000][1][safepoint    ] Total time for which application threads were stopped: 0.0008608 seconds, Stopping threads took: 0.0004163 seconds
[2022-06-13T03:11:10.413+0000][1][safepoint    ] Application time: 1.0002419 seconds
[2022-06-13T03:11:10.413+0000][1][safepoint    ] Entering safepoint region: Cleanup
[2022-06-13T03:11:10.414+0000][1][safepoint    ] Leaving safepoint region
[2022-06-13T03:11:10.414+0000][1][safepoint    ] Total time for which application threads were stopped: 0.0009618 seconds, Stopping threads took: 0.0004941 seconds
[2022-06-13T03:11:11.415+0000][1][safepoint    ] Application time: 1.0002359 seconds
[2022-06-13T03:11:11.415+0000][1][safepoint    ] Entering safepoint region: Cleanup
[2022-06-13T03:11:11.416+0000][1][safepoint    ] Leaving safepoint region
[2022-06-13T03:11:11.416+0000][1][safepoint    ] Total time for which application threads were stopped: 0.0009204 seconds, Stopping threads took: 0.0004533 seconds
[2022-06-13T03:11:12.417+0000][1][safepoint    ] Application time: 1.0001674 seconds
[2022-06-13T03:11:12.417+0000][1][safepoint    ] Entering safepoint region: Cleanup
[2022-06-13T03:11:12.417+0000][1][safepoint    ] Leaving safepoint region
[2022-06-13T03:11:12.418+0000][1][safepoint    ] Total time for which application threads were stopped: 0.0006445 seconds, Stopping threads took: 0.0002704 seconds
[2022-06-13T03:11:13.418+0000][1][safepoint    ] Application time: 1.0001343 seconds
[2022-06-13T03:11:13.418+0000][1][safepoint    ] Entering safepoint region: Cleanup
[2022-06-13T03:11:13.419+0000][1][safepoint    ] Leaving safepoint region
[2022-06-13T03:11:13.419+0000][1][safepoint    ] Total time for which application threads were stopped: 0.0005607 seconds, Stopping threads took: 0.0001633 seconds
[2022-06-13T03:11:14.419+0000][1][safepoint    ] Application time: 1.0001817 seconds
[2022-06-13T03:11:14.420+0000][1][safepoint    ] Entering safepoint region: Cleanup
[2022-06-13T03:11:14.420+0000][1][safepoint    ] Leaving safepoint region
[2022-06-13T03:11:14.420+0000][1][safepoint    ] Total time for which application threads were stopped: 0.0004974 seconds, Stopping threads took: 0.0002028 seconds
[2022-06-13T03:11:15.421+0000][1][safepoint    ] Application time: 1.0001533 seconds
[2022-06-13T03:11:15.421+0000][1][safepoint    ] Entering safepoint region: Cleanup
[2022-06-13T03:11:15.421+0000][1][safepoint    ] Leaving safepoint region
[2022-06-13T03:11:15.422+0000][1][safepoint    ] Total time for which application threads were stopped: 0.0005186 seconds, Stopping threads took: 0.0002545 seconds
[2022-06-13T03:11:16.422+0000][1][safepoint    ] Application time: 1.0001143 seconds
[2022-06-13T03:11:16.423+0000][1][safepoint    ] Entering safepoint region: Cleanup
[2022-06-13T03:11:16.423+0000][1][safepoint    ] Leaving safepoint region
[2022-06-13T03:11:16.423+0000][1][safepoint    ] Total time for which application threads were stopped: 0.0007019 seconds, Stopping threads took: 0.0004099 seconds
[2022-06-13T03:11:17.424+0000][1][safepoint    ] Application time: 1.0002333 seconds
[2022-06-13T03:11:17.424+0000][1][safepoint    ] Entering safepoint region: Cleanup
[2022-06-13T03:11:17.425+0000][1][safepoint    ] Leaving safepoint region
[2022-06-13T03:11:17.425+0000][1][safepoint    ] Total time for which application threads were stopped: 0.0006525 seconds, Stopping threads took: 0.0004279 seconds
[2022-06-13T03:11:18.425+0000][1][safepoint    ] Application time: 1.0002081 seconds
[2022-06-13T03:11:18.426+0000][1][safepoint    ] Entering safepoint region: Cleanup
[2022-06-13T03:11:18.426+0000][1][safepoint    ] Leaving safepoint region
[2022-06-13T03:11:18.427+0000][1][safepoint    ] Total time for which application threads were stopped: 0.0008201 seconds, Stopping threads took: 0.0003635 seconds
[2022-06-13T03:11:19.427+0000][1][safepoint    ] Application time: 1.0001954 seconds
[2022-06-13T03:11:19.428+0000][1][safepoint    ] Entering safepoint region: Cleanup
[2022-06-13T03:11:19.428+0000][1][safepoint    ] Leaving safepoint region
[2022-06-13T03:11:19.428+0000][1][safepoint    ] Total time for which application threads were stopped: 0.0007452 seconds, Stopping threads took: 0.0003486 seconds
[2022-06-13T03:11:20.429+0000][1][safepoint    ] Application time: 1.0002522 seconds
[2022-06-13T03:11:20.429+0000][1][safepoint    ] Entering safepoint region: Cleanup
[2022-06-13T03:11:20.430+0000][1][safepoint    ] Leaving safepoint region
[2022-06-13T03:11:20.430+0000][1][safepoint    ] Total time for which application threads were stopped: 0.0006229 seconds, Stopping threads took: 0.0003645 seconds
[2022-06-13T03:11:21.431+0000][1][safepoint    ] Application time: 1.0001729 seconds
[2022-06-13T03:11:21.431+0000][1][safepoint    ] Entering safepoint region: Cleanup
[2022-06-13T03:11:21.432+0000][1][safepoint    ] Leaving safepoint region
[2022-06-13T03:11:21.432+0000][1][safepoint    ] Total time for which application threads were stopped: 0.0011711 seconds, Stopping threads took: 0.0006140 seconds
[2022-06-13T03:11:22.433+0000][1][safepoint    ] Application time: 1.0002283 seconds
[2022-06-13T03:11:22.433+0000][1][safepoint    ] Entering safepoint region: Cleanup
[2022-06-13T03:11:22.434+0000][1][safepoint    ] Leaving safepoint region
[2022-06-13T03:11:22.434+0000][1][safepoint    ] Total time for which application threads were stopped: 0.0007665 seconds, Stopping threads took: 0.0003636 seconds
[2022-06-13T03:11:23.435+0000][1][safepoint    ] Application time: 1.0001534 seconds
[2022-06-13T03:11:23.435+0000][1][safepoint    ] Entering safepoint region: Cleanup
[2022-06-13T03:11:23.436+0000][1][safepoint    ] Leaving safepoint region
[2022-06-13T03:11:23.437+0000][1][safepoint    ] Total time for which application threads were stopped: 0.0013646 seconds, Stopping threads took: 0.0006750 seconds
[2022-06-13T03:11:24.437+0000][1][safepoint    ] Application time: 1.0003007 seconds
[2022-06-13T03:11:24.438+0000][1][safepoint    ] Entering safepoint region: Cleanup
[2022-06-13T03:11:24.438+0000][1][safepoint    ] Leaving safepoint region
[2022-06-13T03:11:24.438+0000][1][safepoint    ] Total time for which application threads were stopped: 0.0005774 seconds, Stopping threads took: 0.0003541 seconds
[2022-06-13T03:11:25.439+0000][1][safepoint    ] Application time: 1.0002946 seconds
[2022-06-13T03:11:25.439+0000][1][safepoint    ] Entering safepoint region: Cleanup
[2022-06-13T03:11:25.440+0000][1][safepoint    ] Leaving safepoint region
[2022-06-13T03:11:25.440+0000][1][safepoint    ] Total time for which application threads were stopped: 0.0008694 seconds, Stopping threads took: 0.0005924 seconds
[2022-06-13T03:11:26.440+0000][1][safepoint    ] Application time: 1.0002157 seconds
[2022-06-13T03:11:26.441+0000][1][safepoint    ] Entering safepoint region: Cleanup
[2022-06-13T03:11:26.441+0000][1][safepoint    ] Leaving safepoint region
[2022-06-13T03:11:26.442+0000][1][safepoint    ] Total time for which application threads were stopped: 0.0007664 seconds, Stopping threads took: 0.0003493 seconds
[2022-06-13T03:11:27.442+0000][1][safepoint    ] Application time: 1.0001865 seconds
[2022-06-13T03:11:27.443+0000][1][safepoint    ] Entering safepoint region: Cleanup
[2022-06-13T03:11:27.443+0000][1][safepoint    ] Leaving safepoint region
[2022-06-13T03:11:27.443+0000][1][safepoint    ] Total time for which application threads were stopped: 0.0005878 seconds, Stopping threads took: 0.0002613 seconds
[2022-06-13T03:11:28.444+0000][1][safepoint    ] Application time: 1.0002331 seconds
[2022-06-13T03:11:28.444+0000][1][safepoint    ] Entering safepoint region: Cleanup
[2022-06-13T03:11:28.444+0000][1][safepoint    ] Leaving safepoint region
[2022-06-13T03:11:28.445+0000][1][safepoint    ] Total time for which application threads were stopped: 0.0006194 seconds, Stopping threads took: 0.0003031 seconds
[2022-06-13T03:11:29.445+0000][1][safepoint    ] Application time: 1.0001122 seconds
[2022-06-13T03:11:29.446+0000][1][safepoint    ] Entering safepoint region: Cleanup
[2022-06-13T03:11:29.446+0000][1][safepoint    ] Leaving safepoint region
[2022-06-13T03:11:29.446+0000][1][safepoint    ] Total time for which application threads were stopped: 0.0008060 seconds, Stopping threads took: 0.0003602 seconds
[2022-06-13T03:11:30.447+0000][1][safepoint    ] Application time: 1.0001825 seconds
[2022-06-13T03:11:30.447+0000][1][safepoint    ] Entering safepoint region: Cleanup
[2022-06-13T03:11:30.448+0000][1][safepoint    ] Leaving safepoint region
[2022-06-13T03:11:30.448+0000][1][safepoint    ] Total time for which application threads were stopped: 0.0009263 seconds, Stopping threads took: 0.0005278 seconds
[2022-06-13T03:11:31.449+0000][1][safepoint    ] Application time: 1.0001336 seconds
[2022-06-13T03:11:31.449+0000][1][safepoint    ] Entering safepoint region: Cleanup
[2022-06-13T03:11:31.450+0000][1][safepoint    ] Leaving safepoint region
[2022-06-13T03:11:31.450+0000][1][safepoint    ] Total time for which application threads were stopped: 0.0006028 seconds, Stopping threads took: 0.0002809 seconds
[2022-06-13T03:11:32.450+0000][1][safepoint    ] Application time: 1.0002022 seconds
[2022-06-13T03:11:32.451+0000][1][safepoint    ] Entering safepoint region: Cleanup
[2022-06-13T03:11:32.451+0000][1][safepoint    ] Leaving safepoint region
[2022-06-13T03:11:32.452+0000][1][safepoint    ] Total time for which application threads were stopped: 0.0009319 seconds, Stopping threads took: 0.0004174 seconds
[2022-06-13T03:11:33.452+0000][1][safepoint    ] Application time: 1.0001070 seconds
[2022-06-13T03:11:33.453+0000][1][safepoint    ] Entering safepoint region: Cleanup
[2022-06-13T03:11:33.453+0000][1][safepoint    ] Leaving safepoint region
[2022-06-13T03:11:33.453+0000][1][safepoint    ] Total time for which application threads were stopped: 0.0003966 seconds, Stopping threads took: 0.0001109 seconds
[2022-06-13T03:11:34.453+0000][1][safepoint    ] Application time: 1.0001457 seconds
[2022-06-13T03:11:34.454+0000][1][safepoint    ] Entering safepoint region: Cleanup
[2022-06-13T03:11:34.454+0000][1][safepoint    ] Leaving safepoint region
[2022-06-13T03:11:34.454+0000][1][safepoint    ] Total time for which application threads were stopped: 0.0006432 seconds, Stopping threads took: 0.0002670 seconds
[2022-06-13T03:11:35.455+0000][1][safepoint    ] Application time: 1.0002041 seconds
[2022-06-13T03:11:35.455+0000][1][safepoint    ] Entering safepoint region: Cleanup
[2022-06-13T03:11:35.456+0000][1][safepoint    ] Leaving safepoint region
[2022-06-13T03:11:35.456+0000][1][safepoint    ] Total time for which application threads were stopped: 0.0007869 seconds, Stopping threads took: 0.0003415 seconds
[2022-06-13T03:11:36.457+0000][1][safepoint    ] Application time: 1.0001183 seconds
[2022-06-13T03:11:36.457+0000][1][safepoint    ] Entering safepoint region: Cleanup
[2022-06-13T03:11:36.457+0000][1][safepoint    ] Leaving safepoint region
[2022-06-13T03:11:36.457+0000][1][safepoint    ] Total time for which application threads were stopped: 0.0005050 seconds, Stopping threads took: 0.0002397 seconds
[2022-06-13T03:11:37.458+0000][1][safepoint    ] Application time: 1.0001068 seconds
[2022-06-13T03:11:37.458+0000][1][safepoint    ] Entering safepoint region: Cleanup
[2022-06-13T03:11:37.458+0000][1][safepoint    ] Leaving safepoint region
[2022-06-13T03:11:37.458+0000][1][safepoint    ] Total time for which application threads were stopped: 0.0003861 seconds, Stopping threads took: 0.0001660 seconds
[2022-06-13T03:11:38.459+0000][1][safepoint    ] Application time: 1.0001404 seconds
[2022-06-13T03:11:38.459+0000][1][safepoint    ] Entering safepoint region: Cleanup
[2022-06-13T03:11:38.459+0000][1][safepoint    ] Leaving safepoint region
[2022-06-13T03:11:38.460+0000][1][safepoint    ] Total time for which application threads were stopped: 0.0009491 seconds, Stopping threads took: 0.0003302 seconds
[2022-06-13T03:11:39.460+0000][1][safepoint    ] Application time: 1.0002313 seconds
[2022-06-13T03:11:39.461+0000][1][safepoint    ] Entering safepoint region: Cleanup
[2022-06-13T03:11:39.461+0000][1][safepoint    ] Leaving safepoint region
[2022-06-13T03:11:39.462+0000][1][safepoint    ] Total time for which application threads were stopped: 0.0011641 seconds, Stopping threads took: 0.0006374 seconds
[2022-06-13T03:11:40.463+0000][1][safepoint    ] Application time: 1.0003197 seconds
[2022-06-13T03:11:40.463+0000][1][safepoint    ] Entering safepoint region: Cleanup
[2022-06-13T03:11:40.463+0000][1][safepoint    ] Leaving safepoint region
[2022-06-13T03:11:40.464+0000][1][safepoint    ] Total time for which application threads were stopped: 0.0009905 seconds, Stopping threads took: 0.0004456 seconds
[2022-06-13T03:11:41.464+0000][1][safepoint    ] Application time: 1.0001830 seconds
[2022-06-13T03:11:41.465+0000][1][safepoint    ] Entering safepoint region: Cleanup
[2022-06-13T03:11:41.465+0000][1][safepoint    ] Leaving safepoint region
[2022-06-13T03:11:41.465+0000][1][safepoint    ] Total time for which application threads were stopped: 0.0005307 seconds, Stopping threads took: 0.0001714 seconds
[2022-06-13T03:11:42.466+0000][1][safepoint    ] Application time: 1.0001910 seconds
[2022-06-13T03:11:42.466+0000][1][safepoint    ] Entering safepoint region: Cleanup
[2022-06-13T03:11:42.467+0000][1][safepoint    ] Leaving safepoint region
[2022-06-13T03:11:42.467+0000][1][safepoint    ] Total time for which application threads were stopped: 0.0012500 seconds, Stopping threads took: 0.0006012 seconds
[2022-06-13T03:11:43.468+0000][1][safepoint    ] Application time: 1.0002852 seconds
[2022-06-13T03:11:43.469+0000][1][safepoint    ] Entering safepoint region: Cleanup
[2022-06-13T03:11:43.469+0000][1][safepoint    ] Leaving safepoint region
[2022-06-13T03:11:43.469+0000][1][safepoint    ] Total time for which application threads were stopped: 0.0007613 seconds, Stopping threads took: 0.0004298 seconds
[2022-06-13T03:11:44.470+0000][1][safepoint    ] Application time: 1.0001775 seconds
[2022-06-13T03:11:44.470+0000][1][safepoint    ] Entering safepoint region: Cleanup
[2022-06-13T03:11:44.471+0000][1][safepoint    ] Leaving safepoint region
[2022-06-13T03:11:44.471+0000][1][safepoint    ] Total time for which application threads were stopped: 0.0008333 seconds, Stopping threads took: 0.0004295 seconds
[2022-06-13T03:11:45.472+0000][1][safepoint    ] Application time: 1.0001080 seconds
[2022-06-13T03:11:45.472+0000][1][safepoint    ] Entering safepoint region: Cleanup
[2022-06-13T03:11:45.473+0000][1][safepoint    ] Leaving safepoint region
[2022-06-13T03:11:45.473+0000][1][safepoint    ] Total time for which application threads were stopped: 0.0007608 seconds, Stopping threads took: 0.0003469 seconds
[2022-06-13T03:11:46.474+0000][1][safepoint    ] Application time: 1.0002149 seconds
[2022-06-13T03:11:46.475+0000][1][safepoint    ] Entering safepoint region: Cleanup
[2022-06-13T03:11:46.475+0000][1][safepoint    ] Leaving safepoint region
[2022-06-13T03:11:46.476+0000][1][safepoint    ] Total time for which application threads were stopped: 0.0013837 seconds, Stopping threads took: 0.0007915 seconds
[2022-06-13T03:11:47.476+0000][1][safepoint    ] Application time: 1.0001483 seconds
[2022-06-13T03:11:47.477+0000][1][safepoint    ] Entering safepoint region: Cleanup
[2022-06-13T03:11:47.477+0000][1][safepoint    ] Leaving safepoint region
[2022-06-13T03:11:47.477+0000][1][safepoint    ] Total time for which application threads were stopped: 0.0005022 seconds, Stopping threads took: 0.0002475 seconds
[2022-06-13T03:11:48.478+0000][1][safepoint    ] Application time: 1.0002387 seconds
[2022-06-13T03:11:48.478+0000][1][safepoint    ] Entering safepoint region: Cleanup
[2022-06-13T03:11:48.479+0000][1][safepoint    ] Leaving safepoint region
[2022-06-13T03:11:48.479+0000][1][safepoint    ] Total time for which application threads were stopped: 0.0007552 seconds, Stopping threads took: 0.0003368 seconds
[2022-06-13T03:11:49.479+0000][1][safepoint    ] Application time: 1.0002028 seconds
[2022-06-13T03:11:49.480+0000][1][safepoint    ] Entering safepoint region: Cleanup
[2022-06-13T03:11:49.480+0000][1][safepoint    ] Leaving safepoint region
[2022-06-13T03:11:49.481+0000][1][safepoint    ] Total time for which application threads were stopped: 0.0009496 seconds, Stopping threads took: 0.0004473 seconds
[2022-06-13T03:11:50.481+0000][1][safepoint    ] Application time: 1.0002354 seconds
[2022-06-13T03:11:50.482+0000][1][safepoint    ] Entering safepoint region: Cleanup
[2022-06-13T03:11:50.482+0000][1][safepoint    ] Leaving safepoint region
[2022-06-13T03:11:50.483+0000][1][safepoint    ] Total time for which application threads were stopped: 0.0006840 seconds, Stopping threads took: 0.0002785 seconds
[2022-06-13T03:11:51.483+0000][1][safepoint    ] Application time: 1.0002535 seconds
[2022-06-13T03:11:51.484+0000][1][safepoint    ] Entering safepoint region: Cleanup
[2022-06-13T03:11:51.484+0000][1][safepoint    ] Leaving safepoint region
[2022-06-13T03:11:51.484+0000][1][safepoint    ] Total time for which application threads were stopped: 0.0007367 seconds, Stopping threads took: 0.0002825 seconds
[2022-06-13T03:11:52.485+0000][1][safepoint    ] Application time: 1.0002807 seconds
[2022-06-13T03:11:52.486+0000][1][safepoint    ] Entering safepoint region: Cleanup
[2022-06-13T03:11:52.486+0000][1][safepoint    ] Leaving safepoint region
[2022-06-13T03:11:52.486+0000][1][safepoint    ] Total time for which application threads were stopped: 0.0007865 seconds, Stopping threads took: 0.0003713 seconds
[2022-06-13T03:11:53.487+0000][1][safepoint    ] Application time: 1.0001233 seconds
[2022-06-13T03:11:53.487+0000][1][safepoint    ] Entering safepoint region: Cleanup
[2022-06-13T03:11:53.487+0000][1][safepoint    ] Leaving safepoint region
[2022-06-13T03:11:53.488+0000][1][safepoint    ] Total time for which application threads were stopped: 0.0005674 seconds, Stopping threads took: 0.0002497 seconds
[2022-06-13T03:11:54.488+0000][1][safepoint    ] Application time: 1.0002177 seconds
[2022-06-13T03:11:54.488+0000][1][safepoint    ] Entering safepoint region: Cleanup
[2022-06-13T03:11:54.489+0000][1][safepoint    ] Leaving safepoint region
[2022-06-13T03:11:54.489+0000][1][safepoint    ] Total time for which application threads were stopped: 0.0007389 seconds, Stopping threads took: 0.0003763 seconds
[2022-06-13T03:11:55.489+0000][1][safepoint    ] Application time: 1.0001858 seconds
[2022-06-13T03:11:55.490+0000][1][safepoint    ] Entering safepoint region: Cleanup
[2022-06-13T03:11:55.490+0000][1][safepoint    ] Leaving safepoint region
[2022-06-13T03:11:55.490+0000][1][safepoint    ] Total time for which application threads were stopped: 0.0005824 seconds, Stopping threads took: 0.0003364 seconds
[2022-06-13T03:11:56.491+0000][1][safepoint    ] Application time: 1.0001914 seconds
[2022-06-13T03:11:56.491+0000][1][safepoint    ] Entering safepoint region: Cleanup
[2022-06-13T03:11:56.492+0000][1][safepoint    ] Leaving safepoint region
[2022-06-13T03:11:56.492+0000][1][safepoint    ] Total time for which application threads were stopped: 0.0007815 seconds, Stopping threads took: 0.0003576 seconds
[2022-06-13T03:11:57.493+0000][1][safepoint    ] Application time: 1.0002483 seconds
[2022-06-13T03:11:57.493+0000][1][safepoint    ] Entering safepoint region: Cleanup
[2022-06-13T03:11:57.494+0000][1][safepoint    ] Leaving safepoint region
[2022-06-13T03:11:57.494+0000][1][safepoint    ] Total time for which application threads were stopped: 0.0009696 seconds, Stopping threads took: 0.0004307 seconds
[2022-06-13T03:11:58.495+0000][1][safepoint    ] Application time: 1.0001443 seconds
[2022-06-13T03:11:58.495+0000][1][safepoint    ] Entering safepoint region: Cleanup
[2022-06-13T03:11:58.495+0000][1][safepoint    ] Leaving safepoint region
[2022-06-13T03:11:58.496+0000][1][safepoint    ] Total time for which application threads were stopped: 0.0006095 seconds, Stopping threads took: 0.0002453 seconds
[2022-06-13T03:11:59.496+0000][1][safepoint    ] Application time: 1.0003231 seconds
[2022-06-13T03:11:59.497+0000][1][safepoint    ] Entering safepoint region: Cleanup
[2022-06-13T03:11:59.497+0000][1][safepoint    ] Leaving safepoint region
[2022-06-13T03:11:59.498+0000][1][safepoint    ] Total time for which application threads were stopped: 0.0008599 seconds, Stopping threads took: 0.0004058 seconds
[2022-06-13T03:12:00.498+0000][1][safepoint    ] Application time: 1.0001050 seconds
[2022-06-13T03:12:00.499+0000][1][safepoint    ] Entering safepoint region: Cleanup
[2022-06-13T03:12:00.499+0000][1][safepoint    ] Leaving safepoint region
[2022-06-13T03:12:00.499+0000][1][safepoint    ] Total time for which application threads were stopped: 0.0008284 seconds, Stopping threads took: 0.0003287 seconds
[2022-06-13T03:12:01.500+0000][1][safepoint    ] Application time: 1.0002439 seconds
[2022-06-13T03:12:01.500+0000][1][safepoint    ] Entering safepoint region: Cleanup
[2022-06-13T03:12:01.501+0000][1][safepoint    ] Leaving safepoint region
[2022-06-13T03:12:01.501+0000][1][safepoint    ] Total time for which application threads were stopped: 0.0007604 seconds, Stopping threads took: 0.0003767 seconds
[2022-06-13T03:12:02.502+0000][1][safepoint    ] Application time: 1.0001225 seconds
[2022-06-13T03:12:02.502+0000][1][safepoint    ] Entering safepoint region: Cleanup
[2022-06-13T03:12:02.502+0000][1][safepoint    ] Leaving safepoint region
[2022-06-13T03:12:02.503+0000][1][safepoint    ] Total time for which application threads were stopped: 0.0006844 seconds, Stopping threads took: 0.0003487 seconds
[2022-06-13T03:12:03.503+0000][1][safepoint    ] Application time: 1.0001239 seconds
[2022-06-13T03:12:03.504+0000][1][safepoint    ] Entering safepoint region: Cleanup
[2022-06-13T03:12:03.504+0000][1][safepoint    ] Leaving safepoint region
[2022-06-13T03:12:03.504+0000][1][safepoint    ] Total time for which application threads were stopped: 0.0006501 seconds, Stopping threads took: 0.0003704 seconds
[2022-06-13T03:12:04.505+0000][1][safepoint    ] Application time: 1.0002800 seconds
[2022-06-13T03:12:04.505+0000][1][safepoint    ] Entering safepoint region: Cleanup
[2022-06-13T03:12:04.506+0000][1][safepoint    ] Leaving safepoint region
[2022-06-13T03:12:04.506+0000][1][safepoint    ] Total time for which application threads were stopped: 0.0007712 seconds, Stopping threads took: 0.0003319 seconds
[2022-06-13T03:12:08.431+0000][1][safepoint    ] Application time: 3.9250488 seconds
[2022-06-13T03:12:08.432+0000][1][safepoint    ] Entering safepoint region: Cleanup
[2022-06-13T03:12:08.432+0000][1][safepoint    ] Leaving safepoint region
[2022-06-13T03:12:08.432+0000][1][safepoint    ] Total time for which application threads were stopped: 0.0007159 seconds, Stopping threads took: 0.0002754 seconds
[2022-06-13T03:12:13.433+0000][1][safepoint    ] Application time: 5.0005311 seconds
[2022-06-13T03:12:13.433+0000][1][safepoint    ] Entering safepoint region: Cleanup
[2022-06-13T03:12:13.434+0000][1][safepoint    ] Leaving safepoint region
[2022-06-13T03:12:13.434+0000][1][safepoint    ] Total time for which application threads were stopped: 0.0008741 seconds, Stopping threads took: 0.0004570 seconds
[2022-06-13T03:12:14.435+0000][1][safepoint    ] Application time: 1.0001162 seconds
[2022-06-13T03:12:14.435+0000][1][safepoint    ] Entering safepoint region: Cleanup
[2022-06-13T03:12:14.435+0000][1][safepoint    ] Leaving safepoint region
[2022-06-13T03:12:14.436+0000][1][safepoint    ] Total time for which application threads were stopped: 0.0006622 seconds, Stopping threads took: 0.0003100 seconds
[2022-06-13T03:12:15.437+0000][1][safepoint    ] Application time: 1.0009817 seconds
[2022-06-13T03:12:15.438+0000][1][safepoint    ] Entering safepoint region: Cleanup
[2022-06-13T03:12:15.438+0000][1][safepoint    ] Leaving safepoint region
[2022-06-13T03:12:15.438+0000][1][safepoint    ] Total time for which application threads were stopped: 0.0006387 seconds, Stopping threads took: 0.0003329 seconds
[2022-06-13T03:12:16.439+0000][1][safepoint    ] Application time: 1.0001243 seconds
[2022-06-13T03:12:16.439+0000][1][safepoint    ] Entering safepoint region: Cleanup
[2022-06-13T03:12:16.439+0000][1][safepoint    ] Leaving safepoint region
[2022-06-13T03:12:16.439+0000][1][safepoint    ] Total time for which application threads were stopped: 0.0004961 seconds, Stopping threads took: 0.0001735 seconds
[2022-06-13T03:12:17.440+0000][1][safepoint    ] Application time: 1.0001205 seconds
[2022-06-13T03:12:17.440+0000][1][safepoint    ] Entering safepoint region: Cleanup
[2022-06-13T03:12:17.440+0000][1][safepoint    ] Leaving safepoint region
[2022-06-13T03:12:17.441+0000][1][safepoint    ] Total time for which application threads were stopped: 0.0006387 seconds, Stopping threads took: 0.0002893 seconds
[2022-06-13T03:12:18.441+0000][1][safepoint    ] Application time: 1.0001008 seconds
[2022-06-13T03:12:18.441+0000][1][safepoint    ] Entering safepoint region: Cleanup
[2022-06-13T03:12:18.442+0000][1][safepoint    ] Leaving safepoint region
[2022-06-13T03:12:18.442+0000][1][safepoint    ] Total time for which application threads were stopped: 0.0007367 seconds, Stopping threads took: 0.0001937 seconds
[2022-06-13T03:12:19.443+0000][1][safepoint    ] Application time: 1.0001351 seconds
[2022-06-13T03:12:19.443+0000][1][safepoint    ] Entering safepoint region: Cleanup
[2022-06-13T03:12:19.443+0000][1][safepoint    ] Leaving safepoint region
[2022-06-13T03:12:19.444+0000][1][safepoint    ] Total time for which application threads were stopped: 0.0007401 seconds, Stopping threads took: 0.0003246 seconds
[2022-06-13T03:12:20.444+0000][1][safepoint    ] Application time: 1.0001116 seconds
[2022-06-13T03:12:20.444+0000][1][safepoint    ] Entering safepoint region: Cleanup
[2022-06-13T03:12:20.444+0000][1][safepoint    ] Leaving safepoint region
[2022-06-13T03:12:20.445+0000][1][safepoint    ] Total time for which application threads were stopped: 0.0003266 seconds, Stopping threads took: 0.0001505 seconds
[2022-06-13T03:12:21.445+0000][1][safepoint    ] Application time: 1.0001824 seconds
[2022-06-13T03:12:21.445+0000][1][safepoint    ] Entering safepoint region: Cleanup
[2022-06-13T03:12:21.446+0000][1][safepoint    ] Leaving safepoint region
[2022-06-13T03:12:21.447+0000][1][safepoint    ] Total time for which application threads were stopped: 0.0013284 seconds, Stopping threads took: 0.0006434 seconds
[2022-06-13T03:12:22.448+0000][1][safepoint    ] Application time: 1.0001665 seconds
[2022-06-13T03:12:22.448+0000][1][safepoint    ] Entering safepoint region: Cleanup
[2022-06-13T03:12:22.448+0000][1][safepoint    ] Leaving safepoint region
[2022-06-13T03:12:22.449+0000][1][safepoint    ] Total time for which application threads were stopped: 0.0009832 seconds, Stopping threads took: 0.0003370 seconds
[2022-06-13T03:12:23.450+0000][1][safepoint    ] Application time: 1.0001714 seconds
[2022-06-13T03:12:23.450+0000][1][safepoint    ] Entering safepoint region: Cleanup
[2022-06-13T03:12:23.450+0000][1][safepoint    ] Leaving safepoint region
[2022-06-13T03:12:23.450+0000][1][safepoint    ] Total time for which application threads were stopped: 0.0005832 seconds, Stopping threads took: 0.0002739 seconds
[2022-06-13T03:12:24.451+0000][1][safepoint    ] Application time: 1.0001997 seconds
[2022-06-13T03:12:24.451+0000][1][safepoint    ] Entering safepoint region: Cleanup
[2022-06-13T03:12:24.452+0000][1][safepoint    ] Leaving safepoint region
[2022-06-13T03:12:24.452+0000][1][safepoint    ] Total time for which application threads were stopped: 0.0007220 seconds, Stopping threads took: 0.0003528 seconds
[2022-06-13T03:12:25.452+0000][1][safepoint    ] Application time: 1.0001132 seconds
[2022-06-13T03:12:25.453+0000][1][safepoint    ] Entering safepoint region: Cleanup
[2022-06-13T03:12:25.453+0000][1][safepoint    ] Leaving safepoint region
[2022-06-13T03:12:25.453+0000][1][safepoint    ] Total time for which application threads were stopped: 0.0005212 seconds, Stopping threads took: 0.0002907 seconds
[2022-06-13T03:12:26.454+0000][1][safepoint    ] Application time: 1.0001126 seconds
[2022-06-13T03:12:26.454+0000][1][safepoint    ] Entering safepoint region: Cleanup
[2022-06-13T03:12:26.454+0000][1][safepoint    ] Leaving safepoint region
[2022-06-13T03:12:26.454+0000][1][safepoint    ] Total time for which application threads were stopped: 0.0004826 seconds, Stopping threads took: 0.0002284 seconds
[2022-06-13T03:12:27.455+0000][1][safepoint    ] Application time: 1.0001639 seconds
[2022-06-13T03:12:27.455+0000][1][safepoint    ] Entering safepoint region: Cleanup
[2022-06-13T03:12:27.456+0000][1][safepoint    ] Leaving safepoint region
[2022-06-13T03:12:27.456+0000][1][safepoint    ] Total time for which application threads were stopped: 0.0006296 seconds, Stopping threads took: 0.0002414 seconds
[2022-06-13T03:12:28.456+0000][1][safepoint    ] Application time: 1.0001009 seconds
[2022-06-13T03:12:28.457+0000][1][safepoint    ] Entering safepoint region: Cleanup
[2022-06-13T03:12:28.457+0000][1][safepoint    ] Leaving safepoint region
[2022-06-13T03:12:28.457+0000][1][safepoint    ] Total time for which application threads were stopped: 0.0006949 seconds, Stopping threads took: 0.0003294 seconds
[2022-06-13T03:12:29.458+0000][1][safepoint    ] Application time: 1.0001746 seconds
[2022-06-13T03:12:29.458+0000][1][safepoint    ] Entering safepoint region: Cleanup
[2022-06-13T03:12:29.459+0000][1][safepoint    ] Leaving safepoint region
[2022-06-13T03:12:29.459+0000][1][safepoint    ] Total time for which application threads were stopped: 0.0007830 seconds, Stopping threads took: 0.0004327 seconds
[2022-06-13T03:12:30.459+0000][1][safepoint    ] Application time: 1.0001481 seconds
[2022-06-13T03:12:30.460+0000][1][safepoint    ] Entering safepoint region: Cleanup
[2022-06-13T03:12:30.460+0000][1][safepoint    ] Leaving safepoint region
[2022-06-13T03:12:30.461+0000][1][safepoint    ] Total time for which application threads were stopped: 0.0009331 seconds, Stopping threads took: 0.0003311 seconds
[2022-06-13T03:12:31.461+0000][1][safepoint    ] Application time: 1.0002110 seconds
[2022-06-13T03:12:31.462+0000][1][safepoint    ] Entering safepoint region: Cleanup
[2022-06-13T03:12:31.462+0000][1][safepoint    ] Leaving safepoint region
[2022-06-13T03:12:31.462+0000][1][safepoint    ] Total time for which application threads were stopped: 0.0007335 seconds, Stopping threads took: 0.0002915 seconds
[2022-06-13T03:12:32.463+0000][1][safepoint    ] Application time: 1.0001642 seconds
[2022-06-13T03:12:32.463+0000][1][safepoint    ] Entering safepoint region: Cleanup
[2022-06-13T03:12:32.463+0000][1][safepoint    ] Leaving safepoint region
[2022-06-13T03:12:32.464+0000][1][safepoint    ] Total time for which application threads were stopped: 0.0006808 seconds, Stopping threads took: 0.0002976 seconds
[2022-06-13T03:12:33.464+0000][1][safepoint    ] Application time: 1.0001883 seconds
[2022-06-13T03:12:33.467+0000][1][safepoint    ] Entering safepoint region: Cleanup
[2022-06-13T03:12:33.467+0000][1][safepoint    ] Leaving safepoint region
[2022-06-13T03:12:33.467+0000][1][safepoint    ] Total time for which application threads were stopped: 0.0003956 seconds, Stopping threads took: 0.0001623 seconds
[2022-06-13T03:12:34.468+0000][1][safepoint    ] Application time: 1.0002302 seconds
[2022-06-13T03:12:34.468+0000][1][safepoint    ] Entering safepoint region: Cleanup
[2022-06-13T03:12:34.469+0000][1][safepoint    ] Leaving safepoint region
[2022-06-13T03:12:34.470+0000][1][safepoint    ] Total time for which application threads were stopped: 0.0012794 seconds, Stopping threads took: 0.0005716 seconds
[2022-06-13T03:12:35.470+0000][1][safepoint    ] Application time: 1.0002923 seconds
[2022-06-13T03:12:35.471+0000][1][safepoint    ] Entering safepoint region: Cleanup
[2022-06-13T03:12:35.471+0000][1][safepoint    ] Leaving safepoint region
[2022-06-13T03:12:35.472+0000][1][safepoint    ] Total time for which application threads were stopped: 0.0007133 seconds, Stopping threads took: 0.0003807 seconds
[2022-06-13T03:12:36.472+0000][1][safepoint    ] Application time: 1.0001690 seconds
[2022-06-13T03:12:36.473+0000][1][safepoint    ] Entering safepoint region: Cleanup
[2022-06-13T03:12:36.473+0000][1][safepoint    ] Leaving safepoint region
[2022-06-13T03:12:36.474+0000][1][safepoint    ] Total time for which application threads were stopped: 0.0011003 seconds, Stopping threads took: 0.0004782 seconds
[2022-06-13T03:12:37.475+0000][1][safepoint    ] Application time: 1.0001379 seconds
[2022-06-13T03:12:37.475+0000][1][safepoint    ] Entering safepoint region: Cleanup
[2022-06-13T03:12:37.475+0000][1][safepoint    ] Leaving safepoint region
[2022-06-13T03:12:37.475+0000][1][safepoint    ] Total time for which application threads were stopped: 0.0003604 seconds, Stopping threads took: 0.0001527 seconds
[2022-06-13T03:12:38.475+0000][1][safepoint    ] Application time: 1.0002251 seconds
[2022-06-13T03:12:38.476+0000][1][safepoint    ] Entering safepoint region: Cleanup
[2022-06-13T03:12:38.477+0000][1][safepoint    ] Leaving safepoint region
[2022-06-13T03:12:38.477+0000][1][safepoint    ] Total time for which application threads were stopped: 0.0008005 seconds, Stopping threads took: 0.0003794 seconds
[2022-06-13T03:12:39.477+0000][1][safepoint    ] Application time: 1.0001523 seconds
[2022-06-13T03:12:39.478+0000][1][safepoint    ] Entering safepoint region: Cleanup
[2022-06-13T03:12:39.478+0000][1][safepoint    ] Leaving safepoint region
[2022-06-13T03:12:39.478+0000][1][safepoint    ] Total time for which application threads were stopped: 0.0004591 seconds, Stopping threads took: 0.0002566 seconds
[2022-06-13T03:12:40.479+0000][1][safepoint    ] Application time: 1.0001585 seconds
[2022-06-13T03:12:40.479+0000][1][safepoint    ] Entering safepoint region: Cleanup
[2022-06-13T03:12:40.480+0000][1][safepoint    ] Leaving safepoint region
[2022-06-13T03:12:40.480+0000][1][safepoint    ] Total time for which application threads were stopped: 0.0009193 seconds, Stopping threads took: 0.0004327 seconds
[2022-06-13T03:12:41.480+0000][1][safepoint    ] Application time: 1.0001095 seconds
[2022-06-13T03:12:41.481+0000][1][safepoint    ] Entering safepoint region: Cleanup
[2022-06-13T03:12:41.481+0000][1][safepoint    ] Leaving safepoint region
[2022-06-13T03:12:41.482+0000][1][safepoint    ] Total time for which application threads were stopped: 0.0008210 seconds, Stopping threads took: 0.0004328 seconds
[2022-06-13T03:12:42.482+0000][1][safepoint    ] Application time: 1.0001651 seconds
[2022-06-13T03:12:42.482+0000][1][safepoint    ] Entering safepoint region: Cleanup
[2022-06-13T03:12:42.483+0000][1][safepoint    ] Leaving safepoint region
[2022-06-13T03:12:42.483+0000][1][safepoint    ] Total time for which application threads were stopped: 0.0008043 seconds, Stopping threads took: 0.0003687 seconds
[2022-06-13T03:12:43.484+0000][1][safepoint    ] Application time: 1.0002337 seconds
[2022-06-13T03:12:43.484+0000][1][safepoint    ] Entering safepoint region: Cleanup
[2022-06-13T03:12:43.485+0000][1][safepoint    ] Leaving safepoint region
[2022-06-13T03:12:43.485+0000][1][safepoint    ] Total time for which application threads were stopped: 0.0007869 seconds, Stopping threads took: 0.0003762 seconds
[2022-06-13T03:12:44.486+0000][1][safepoint    ] Application time: 1.0003380 seconds
[2022-06-13T03:12:44.487+0000][1][safepoint    ] Entering safepoint region: Cleanup
[2022-06-13T03:12:44.487+0000][1][safepoint    ] Leaving safepoint region
[2022-06-13T03:12:44.488+0000][1][safepoint    ] Total time for which application threads were stopped: 0.0008803 seconds, Stopping threads took: 0.0004912 seconds
[2022-06-13T03:12:45.488+0000][1][safepoint    ] Application time: 1.0001019 seconds
[2022-06-13T03:12:45.488+0000][1][safepoint    ] Entering safepoint region: Cleanup
[2022-06-13T03:12:45.488+0000][1][safepoint    ] Leaving safepoint region
[2022-06-13T03:12:45.488+0000][1][safepoint    ] Total time for which application threads were stopped: 0.0004129 seconds, Stopping threads took: 0.0002055 seconds
[2022-06-13T03:12:46.489+0000][1][safepoint    ] Application time: 1.0000995 seconds
[2022-06-13T03:12:46.489+0000][1][safepoint    ] Entering safepoint region: Cleanup
[2022-06-13T03:12:46.489+0000][1][safepoint    ] Leaving safepoint region
[2022-06-13T03:12:46.489+0000][1][safepoint    ] Total time for which application threads were stopped: 0.0004262 seconds, Stopping threads took: 0.0001665 seconds
[2022-06-13T03:12:47.489+0000][1][safepoint    ] Application time: 1.0000958 seconds
[2022-06-13T03:12:47.490+0000][1][safepoint    ] Entering safepoint region: Cleanup
[2022-06-13T03:12:47.490+0000][1][safepoint    ] Leaving safepoint region
[2022-06-13T03:12:47.490+0000][1][safepoint    ] Total time for which application threads were stopped: 0.0003802 seconds, Stopping threads took: 0.0001685 seconds
[2022-06-13T03:12:48.490+0000][1][safepoint    ] Application time: 1.0001071 seconds
[2022-06-13T03:12:48.491+0000][1][safepoint    ] Entering safepoint region: Cleanup
[2022-06-13T03:12:48.491+0000][1][safepoint    ] Leaving safepoint region
[2022-06-13T03:12:48.491+0000][1][safepoint    ] Total time for which application threads were stopped: 0.0003379 seconds, Stopping threads took: 0.0001321 seconds
[2022-06-13T03:12:49.491+0000][1][safepoint    ] Application time: 1.0001094 seconds
[2022-06-13T03:12:49.491+0000][1][safepoint    ] Entering safepoint region: Cleanup
[2022-06-13T03:12:49.492+0000][1][safepoint    ] Leaving safepoint region
[2022-06-13T03:12:49.492+0000][1][safepoint    ] Total time for which application threads were stopped: 0.0003957 seconds, Stopping threads took: 0.0001746 seconds
[2022-06-13T03:12:50.492+0000][1][safepoint    ] Application time: 1.0001097 seconds
[2022-06-13T03:12:50.492+0000][1][safepoint    ] Entering safepoint region: Cleanup
[2022-06-13T03:12:50.492+0000][1][safepoint    ] Leaving safepoint region
[2022-06-13T03:12:50.493+0000][1][safepoint    ] Total time for which application threads were stopped: 0.0003711 seconds, Stopping threads took: 0.0001492 seconds
[2022-06-13T03:12:51.493+0000][1][safepoint    ] Application time: 1.0000979 seconds
[2022-06-13T03:12:51.493+0000][1][safepoint    ] Entering safepoint region: Cleanup
[2022-06-13T03:12:51.493+0000][1][safepoint    ] Leaving safepoint region
[2022-06-13T03:12:51.493+0000][1][safepoint    ] Total time for which application threads were stopped: 0.0003287 seconds, Stopping threads took: 0.0001347 seconds
[2022-06-13T03:12:52.494+0000][1][safepoint    ] Application time: 1.0001249 seconds
[2022-06-13T03:12:52.494+0000][1][safepoint    ] Entering safepoint region: Cleanup
[2022-06-13T03:12:52.494+0000][1][safepoint    ] Leaving safepoint region
[2022-06-13T03:12:52.494+0000][1][safepoint    ] Total time for which application threads were stopped: 0.0003591 seconds, Stopping threads took: 0.0001659 seconds
[2022-06-13T03:12:53.494+0000][1][safepoint    ] Application time: 1.0000929 seconds
[2022-06-13T03:12:53.494+0000][1][safepoint    ] Entering safepoint region: Cleanup
[2022-06-13T03:12:53.495+0000][1][safepoint    ] Leaving safepoint region
[2022-06-13T03:12:53.495+0000][1][safepoint    ] Total time for which application threads were stopped: 0.0003474 seconds, Stopping threads took: 0.0001763 seconds
[2022-06-13T03:12:54.495+0000][1][safepoint    ] Application time: 1.0000936 seconds
[2022-06-13T03:12:54.495+0000][1][safepoint    ] Entering safepoint region: Cleanup
[2022-06-13T03:12:54.495+0000][1][safepoint    ] Leaving safepoint region
[2022-06-13T03:12:54.496+0000][1][safepoint    ] Total time for which application threads were stopped: 0.0003537 seconds, Stopping threads took: 0.0001410 seconds
[2022-06-13T03:12:55.496+0000][1][safepoint    ] Application time: 1.0001414 seconds
[2022-06-13T03:12:55.496+0000][1][safepoint    ] Entering safepoint region: Cleanup
[2022-06-13T03:12:55.496+0000][1][safepoint    ] Leaving safepoint region
[2022-06-13T03:12:55.497+0000][1][safepoint    ] Total time for which application threads were stopped: 0.0005073 seconds, Stopping threads took: 0.0002253 seconds
[2022-06-13T03:12:56.497+0000][1][safepoint    ] Application time: 1.0002103 seconds
[2022-06-13T03:12:56.497+0000][1][safepoint    ] Entering safepoint region: Cleanup
[2022-06-13T03:12:56.497+0000][1][safepoint    ] Leaving safepoint region
[2022-06-13T03:12:56.498+0000][1][safepoint    ] Total time for which application threads were stopped: 0.0003600 seconds, Stopping threads took: 0.0001740 seconds
[2022-06-13T03:12:57.928+0000][1][safepoint    ] Application time: 1.4303863 seconds
[2022-06-13T03:12:57.928+0000][1][safepoint    ] Entering safepoint region: Cleanup
[2022-06-13T03:12:57.929+0000][1][safepoint    ] Leaving safepoint region
[2022-06-13T03:12:57.929+0000][1][safepoint    ] Total time for which application threads were stopped: 0.0006119 seconds, Stopping threads took: 0.0002484 seconds
[2022-06-13T03:12:58.929+0000][1][safepoint    ] Application time: 1.0001128 seconds
[2022-06-13T03:12:58.929+0000][1][safepoint    ] Entering safepoint region: Cleanup
[2022-06-13T03:12:58.930+0000][1][safepoint    ] Leaving safepoint region
[2022-06-13T03:12:58.930+0000][1][safepoint    ] Total time for which application threads were stopped: 0.0003692 seconds, Stopping threads took: 0.0001453 seconds
[2022-06-13T03:12:59.930+0000][1][safepoint    ] Application time: 1.0001042 seconds
[2022-06-13T03:12:59.930+0000][1][safepoint    ] Entering safepoint region: Cleanup
[2022-06-13T03:12:59.931+0000][1][safepoint    ] Leaving safepoint region
[2022-06-13T03:12:59.931+0000][1][safepoint    ] Total time for which application threads were stopped: 0.0004278 seconds, Stopping threads took: 0.0001670 seconds
[2022-06-13T03:13:00.931+0000][1][safepoint    ] Application time: 1.0001150 seconds
[2022-06-13T03:13:00.931+0000][1][safepoint    ] Entering safepoint region: Cleanup
[2022-06-13T03:13:00.931+0000][1][safepoint    ] Leaving safepoint region
[2022-06-13T03:13:00.932+0000][1][safepoint    ] Total time for which application threads were stopped: 0.0003654 seconds, Stopping threads took: 0.0001607 seconds
[2022-06-13T03:13:01.932+0000][1][safepoint    ] Application time: 1.0001387 seconds
[2022-06-13T03:13:01.932+0000][1][safepoint    ] Entering safepoint region: Cleanup
[2022-06-13T03:13:01.932+0000][1][safepoint    ] Leaving safepoint region
[2022-06-13T03:13:01.933+0000][1][safepoint    ] Total time for which application threads were stopped: 0.0005381 seconds, Stopping threads took: 0.0002531 seconds
[2022-06-13T03:13:02.933+0000][1][safepoint    ] Application time: 1.0001434 seconds
[2022-06-13T03:13:02.933+0000][1][safepoint    ] Entering safepoint region: Cleanup
[2022-06-13T03:13:02.934+0000][1][safepoint    ] Leaving safepoint region
[2022-06-13T03:13:02.934+0000][1][safepoint    ] Total time for which application threads were stopped: 0.0008861 seconds, Stopping threads took: 0.0004177 seconds
[2022-06-13T03:13:03.935+0000][1][safepoint    ] Application time: 1.0001371 seconds
[2022-06-13T03:13:03.935+0000][1][safepoint    ] Entering safepoint region: Cleanup
[2022-06-13T03:13:03.935+0000][1][safepoint    ] Leaving safepoint region
[2022-06-13T03:13:03.935+0000][1][safepoint    ] Total time for which application threads were stopped: 0.0003584 seconds, Stopping threads took: 0.0001471 seconds
[2022-06-13T03:13:04.936+0000][1][safepoint    ] Application time: 1.0001139 seconds
[2022-06-13T03:13:04.936+0000][1][safepoint    ] Entering safepoint region: Cleanup
[2022-06-13T03:13:04.936+0000][1][safepoint    ] Leaving safepoint region
[2022-06-13T03:13:04.937+0000][1][safepoint    ] Total time for which application threads were stopped: 0.0005089 seconds, Stopping threads took: 0.0002087 seconds
[2022-06-13T03:13:05.937+0000][1][safepoint    ] Application time: 1.0001088 seconds
[2022-06-13T03:13:05.937+0000][1][safepoint    ] Entering safepoint region: Cleanup
[2022-06-13T03:13:05.937+0000][1][safepoint    ] Leaving safepoint region
[2022-06-13T03:13:05.937+0000][1][safepoint    ] Total time for which application threads were stopped: 0.0003053 seconds, Stopping threads took: 0.0001169 seconds
[2022-06-13T03:13:06.938+0000][1][safepoint    ] Application time: 1.0001098 seconds
[2022-06-13T03:13:06.938+0000][1][safepoint    ] Entering safepoint region: Cleanup
[2022-06-13T03:13:06.938+0000][1][safepoint    ] Leaving safepoint region
[2022-06-13T03:13:06.938+0000][1][safepoint    ] Total time for which application threads were stopped: 0.0003639 seconds, Stopping threads took: 0.0001700 seconds
[2022-06-13T03:13:07.938+0000][1][safepoint    ] Application time: 1.0001004 seconds
[2022-06-13T03:13:07.939+0000][1][safepoint    ] Entering safepoint region: Cleanup
[2022-06-13T03:13:07.939+0000][1][safepoint    ] Leaving safepoint region
[2022-06-13T03:13:07.939+0000][1][safepoint    ] Total time for which application threads were stopped: 0.0004150 seconds, Stopping threads took: 0.0001797 seconds
[2022-06-13T03:13:08.939+0000][1][safepoint    ] Application time: 1.0001202 seconds
[2022-06-13T03:13:08.939+0000][1][safepoint    ] Entering safepoint region: Cleanup
[2022-06-13T03:13:08.940+0000][1][safepoint    ] Leaving safepoint region
[2022-06-13T03:13:08.940+0000][1][safepoint    ] Total time for which application threads were stopped: 0.0003905 seconds, Stopping threads took: 0.0001669 seconds
[2022-06-13T03:13:09.940+0000][1][safepoint    ] Application time: 1.0001078 seconds
[2022-06-13T03:13:09.940+0000][1][safepoint    ] Entering safepoint region: Cleanup
[2022-06-13T03:13:09.940+0000][1][safepoint    ] Leaving safepoint region
[2022-06-13T03:13:09.941+0000][1][safepoint    ] Total time for which application threads were stopped: 0.0003655 seconds, Stopping threads took: 0.0001459 seconds
[2022-06-13T03:13:10.941+0000][1][safepoint    ] Application time: 1.0001161 seconds
[2022-06-13T03:13:10.941+0000][1][safepoint    ] Entering safepoint region: Cleanup
[2022-06-13T03:13:10.941+0000][1][safepoint    ] Leaving safepoint region
[2022-06-13T03:13:10.942+0000][1][safepoint    ] Total time for which application threads were stopped: 0.0004164 seconds, Stopping threads took: 0.0002080 seconds
[2022-06-13T03:13:11.942+0000][1][safepoint    ] Application time: 1.0001043 seconds
[2022-06-13T03:13:11.942+0000][1][safepoint    ] Entering safepoint region: Cleanup
[2022-06-13T03:13:11.942+0000][1][safepoint    ] Leaving safepoint region
[2022-06-13T03:13:11.943+0000][1][safepoint    ] Total time for which application threads were stopped: 0.0006062 seconds, Stopping threads took: 0.0002231 seconds
[2022-06-13T03:13:12.943+0000][1][safepoint    ] Application time: 1.0001132 seconds
[2022-06-13T03:13:12.943+0000][1][safepoint    ] Entering safepoint region: Cleanup
[2022-06-13T03:13:12.944+0000][1][safepoint    ] Leaving safepoint region
[2022-06-13T03:13:12.944+0000][1][safepoint    ] Total time for which application threads were stopped: 0.0003551 seconds, Stopping threads took: 0.0001563 seconds
[2022-06-13T03:13:13.944+0000][1][safepoint    ] Application time: 1.0001157 seconds
[2022-06-13T03:13:13.944+0000][1][safepoint    ] Entering safepoint region: Cleanup
[2022-06-13T03:13:13.945+0000][1][safepoint    ] Leaving safepoint region
[2022-06-13T03:13:13.945+0000][1][safepoint    ] Total time for which application threads were stopped: 0.0008004 seconds, Stopping threads took: 0.0005338 seconds
[2022-06-13T03:13:14.945+0000][1][safepoint    ] Application time: 1.0000910 seconds
[2022-06-13T03:13:14.945+0000][1][safepoint    ] Entering safepoint region: Cleanup
[2022-06-13T03:13:14.946+0000][1][safepoint    ] Leaving safepoint region
[2022-06-13T03:13:14.946+0000][1][safepoint    ] Total time for which application threads were stopped: 0.0006004 seconds, Stopping threads took: 0.0002831 seconds
[2022-06-13T03:13:15.946+0000][1][safepoint    ] Application time: 1.0001090 seconds
[2022-06-13T03:13:15.946+0000][1][safepoint    ] Entering safepoint region: Cleanup
[2022-06-13T03:13:15.947+0000][1][safepoint    ] Leaving safepoint region
[2022-06-13T03:13:15.947+0000][1][safepoint    ] Total time for which application threads were stopped: 0.0004015 seconds, Stopping threads took: 0.0001975 seconds
[2022-06-13T03:13:16.947+0000][1][safepoint    ] Application time: 1.0000977 seconds
[2022-06-13T03:13:16.947+0000][1][safepoint    ] Entering safepoint region: Cleanup
[2022-06-13T03:13:16.948+0000][1][safepoint    ] Leaving safepoint region
[2022-06-13T03:13:16.948+0000][1][safepoint    ] Total time for which application threads were stopped: 0.0006470 seconds, Stopping threads took: 0.0003563 seconds
[2022-06-13T03:13:17.948+0000][1][safepoint    ] Application time: 1.0001134 seconds
[2022-06-13T03:13:17.948+0000][1][safepoint    ] Entering safepoint region: Cleanup
[2022-06-13T03:13:17.949+0000][1][safepoint    ] Leaving safepoint region
[2022-06-13T03:13:17.949+0000][1][safepoint    ] Total time for which application threads were stopped: 0.0003886 seconds, Stopping threads took: 0.0001773 seconds
[2022-06-13T03:13:18.949+0000][1][safepoint    ] Application time: 1.0001087 seconds
[2022-06-13T03:13:18.949+0000][1][safepoint    ] Entering safepoint region: Cleanup
[2022-06-13T03:13:18.950+0000][1][safepoint    ] Leaving safepoint region
[2022-06-13T03:13:18.950+0000][1][safepoint    ] Total time for which application threads were stopped: 0.0004677 seconds, Stopping threads took: 0.0002343 seconds
[2022-06-13T03:13:19.950+0000][1][safepoint    ] Application time: 1.0000981 seconds
[2022-06-13T03:13:19.950+0000][1][safepoint    ] Entering safepoint region: Cleanup
[2022-06-13T03:13:19.951+0000][1][safepoint    ] Leaving safepoint region
[2022-06-13T03:13:19.951+0000][1][safepoint    ] Total time for which application threads were stopped: 0.0006501 seconds, Stopping threads took: 0.0001610 seconds
[2022-06-13T03:13:20.951+0000][1][safepoint    ] Application time: 1.0001256 seconds
[2022-06-13T03:13:20.952+0000][1][safepoint    ] Entering safepoint region: Cleanup
[2022-06-13T03:13:20.952+0000][1][safepoint    ] Leaving safepoint region
[2022-06-13T03:13:20.952+0000][1][safepoint    ] Total time for which application threads were stopped: 0.0004096 seconds, Stopping threads took: 0.0001760 seconds
[2022-06-13T03:13:21.952+0000][1][safepoint    ] Application time: 1.0001055 seconds
[2022-06-13T03:13:21.952+0000][1][safepoint    ] Entering safepoint region: Cleanup
[2022-06-13T03:13:21.953+0000][1][safepoint    ] Leaving safepoint region
[2022-06-13T03:13:21.953+0000][1][safepoint    ] Total time for which application threads were stopped: 0.0003490 seconds, Stopping threads took: 0.0001409 seconds
[2022-06-13T03:13:22.953+0000][1][safepoint    ] Application time: 1.0002370 seconds
[2022-06-13T03:13:22.953+0000][1][safepoint    ] Entering safepoint region: Cleanup
[2022-06-13T03:13:22.954+0000][1][safepoint    ] Leaving safepoint region
[2022-06-13T03:13:22.954+0000][1][safepoint    ] Total time for which application threads were stopped: 0.0004030 seconds, Stopping threads took: 0.0001924 seconds
[2022-06-13T03:13:23.954+0000][1][safepoint    ] Application time: 1.0002189 seconds
[2022-06-13T03:13:23.954+0000][1][safepoint    ] Entering safepoint region: Cleanup
[2022-06-13T03:13:23.955+0000][1][safepoint    ] Leaving safepoint region
[2022-06-13T03:13:23.955+0000][1][safepoint    ] Total time for which application threads were stopped: 0.0004150 seconds, Stopping threads took: 0.0001547 seconds
[2022-06-13T03:13:24.955+0000][1][safepoint    ] Application time: 1.0001156 seconds
[2022-06-13T03:13:24.955+0000][1][safepoint    ] Entering safepoint region: Cleanup
[2022-06-13T03:13:24.955+0000][1][safepoint    ] Leaving safepoint region
[2022-06-13T03:13:24.956+0000][1][safepoint    ] Total time for which application threads were stopped: 0.0003852 seconds, Stopping threads took: 0.0001486 seconds
[2022-06-13T03:13:25.956+0000][1][safepoint    ] Application time: 1.0001040 seconds
[2022-06-13T03:13:25.956+0000][1][safepoint    ] Entering safepoint region: Cleanup
[2022-06-13T03:13:25.956+0000][1][safepoint    ] Leaving safepoint region
[2022-06-13T03:13:25.956+0000][1][safepoint    ] Total time for which application threads were stopped: 0.0003480 seconds, Stopping threads took: 0.0001419 seconds
[2022-06-13T03:13:26.957+0000][1][safepoint    ] Application time: 1.0001108 seconds
[2022-06-13T03:13:26.957+0000][1][safepoint    ] Entering safepoint region: Cleanup
[2022-06-13T03:13:26.957+0000][1][safepoint    ] Leaving safepoint region
[2022-06-13T03:13:26.957+0000][1][safepoint    ] Total time for which application threads were stopped: 0.0004242 seconds, Stopping threads took: 0.0001890 seconds
[2022-06-13T03:13:27.957+0000][1][safepoint    ] Application time: 1.0001760 seconds
[2022-06-13T03:13:27.958+0000][1][safepoint    ] Entering safepoint region: Cleanup
[2022-06-13T03:13:27.958+0000][1][safepoint    ] Leaving safepoint region
[2022-06-13T03:13:27.958+0000][1][safepoint    ] Total time for which application threads were stopped: 0.0005968 seconds, Stopping threads took: 0.0001848 seconds
[2022-06-13T03:13:28.959+0000][1][safepoint    ] Application time: 1.0001617 seconds
[2022-06-13T03:13:28.959+0000][1][safepoint    ] Entering safepoint region: Cleanup
[2022-06-13T03:13:28.959+0000][1][safepoint    ] Leaving safepoint region
[2022-06-13T03:13:28.960+0000][1][safepoint    ] Total time for which application threads were stopped: 0.0003941 seconds, Stopping threads took: 0.0001703 seconds
[2022-06-13T03:13:29.960+0000][1][safepoint    ] Application time: 1.0001110 seconds
[2022-06-13T03:13:29.960+0000][1][safepoint    ] Entering safepoint region: Cleanup
[2022-06-13T03:13:29.960+0000][1][safepoint    ] Leaving safepoint region
[2022-06-13T03:13:29.960+0000][1][safepoint    ] Total time for which application threads were stopped: 0.0003500 seconds, Stopping threads took: 0.0001537 seconds
[2022-06-13T03:13:30.961+0000][1][safepoint    ] Application time: 1.0002270 seconds
[2022-06-13T03:13:30.961+0000][1][safepoint    ] Entering safepoint region: Cleanup
[2022-06-13T03:13:30.961+0000][1][safepoint    ] Leaving safepoint region
[2022-06-13T03:13:30.961+0000][1][safepoint    ] Total time for which application threads were stopped: 0.0005460 seconds, Stopping threads took: 0.0002233 seconds
[2022-06-13T03:13:31.962+0000][1][safepoint    ] Application time: 1.0001183 seconds
[2022-06-13T03:13:31.962+0000][1][safepoint    ] Entering safepoint region: Cleanup
[2022-06-13T03:13:31.962+0000][1][safepoint    ] Leaving safepoint region
[2022-06-13T03:13:31.962+0000][1][safepoint    ] Total time for which application threads were stopped: 0.0003609 seconds, Stopping threads took: 0.0001541 seconds
[2022-06-13T03:13:33.490+0000][1][safepoint    ] Application time: 1.5279480 seconds
[2022-06-13T03:13:33.491+0000][1][safepoint    ] Entering safepoint region: Cleanup
[2022-06-13T03:13:33.491+0000][1][safepoint    ] Leaving safepoint region
[2022-06-13T03:13:33.491+0000][1][safepoint    ] Total time for which application threads were stopped: 0.0003580 seconds, Stopping threads took: 0.0001409 seconds
[2022-06-13T03:13:34.491+0000][1][safepoint    ] Application time: 1.0000930 seconds
[2022-06-13T03:13:34.491+0000][1][safepoint    ] Entering safepoint region: Cleanup
[2022-06-13T03:13:34.492+0000][1][safepoint    ] Leaving safepoint region
[2022-06-13T03:13:34.492+0000][1][safepoint    ] Total time for which application threads were stopped: 0.0003418 seconds, Stopping threads took: 0.0001522 seconds
[2022-06-13T03:13:35.492+0000][1][safepoint    ] Application time: 1.0001018 seconds
[2022-06-13T03:13:35.492+0000][1][safepoint    ] Entering safepoint region: Cleanup
[2022-06-13T03:13:35.492+0000][1][safepoint    ] Leaving safepoint region
[2022-06-13T03:13:35.493+0000][1][safepoint    ] Total time for which application threads were stopped: 0.0003849 seconds, Stopping threads took: 0.0001461 seconds
[2022-06-13T03:13:36.493+0000][1][safepoint    ] Application time: 1.0000933 seconds
[2022-06-13T03:13:36.493+0000][1][safepoint    ] Entering safepoint region: Cleanup
[2022-06-13T03:13:36.493+0000][1][safepoint    ] Leaving safepoint region
[2022-06-13T03:13:36.493+0000][1][safepoint    ] Total time for which application threads were stopped: 0.0003320 seconds, Stopping threads took: 0.0001381 seconds
[2022-06-13T03:13:37.493+0000][1][safepoint    ] Application time: 1.0001199 seconds
[2022-06-13T03:13:37.494+0000][1][safepoint    ] Entering safepoint region: Cleanup
[2022-06-13T03:13:37.494+0000][1][safepoint    ] Leaving safepoint region
[2022-06-13T03:13:37.494+0000][1][safepoint    ] Total time for which application threads were stopped: 0.0003444 seconds, Stopping threads took: 0.0001300 seconds
[2022-06-13T03:13:38.494+0000][1][safepoint    ] Application time: 1.0001434 seconds
[2022-06-13T03:13:38.494+0000][1][safepoint    ] Entering safepoint region: Cleanup
[2022-06-13T03:13:38.495+0000][1][safepoint    ] Leaving safepoint region
[2022-06-13T03:13:38.495+0000][1][safepoint    ] Total time for which application threads were stopped: 0.0002893 seconds, Stopping threads took: 0.0001334 seconds
[2022-06-13T03:13:39.495+0000][1][safepoint    ] Application time: 1.0001002 seconds
[2022-06-13T03:13:39.495+0000][1][safepoint    ] Entering safepoint region: Cleanup
[2022-06-13T03:13:39.495+0000][1][safepoint    ] Leaving safepoint region
[2022-06-13T03:13:39.495+0000][1][safepoint    ] Total time for which application threads were stopped: 0.0002696 seconds, Stopping threads took: 0.0001117 seconds
[2022-06-13T03:13:40.495+0000][1][safepoint    ] Application time: 1.0000918 seconds
[2022-06-13T03:13:40.496+0000][1][safepoint    ] Entering safepoint region: Cleanup
[2022-06-13T03:13:40.496+0000][1][safepoint    ] Leaving safepoint region
[2022-06-13T03:13:40.496+0000][1][safepoint    ] Total time for which application threads were stopped: 0.0004149 seconds, Stopping threads took: 0.0001496 seconds
[2022-06-13T03:13:40.642+0000][1][safepoint    ] Application time: 0.1453858 seconds
[2022-06-13T03:13:40.642+0000][1][safepoint    ] Entering safepoint region: GenCollectForAllocation
[2022-06-13T03:13:40.642+0000][1][gc,start     ] GC(29) Pause Young (Allocation Failure)
[2022-06-13T03:13:40.642+0000][1][gc,task      ] GC(29) Using 5 workers of 13 for evacuation
[2022-06-13T03:13:40.643+0000][1][gc,age       ] GC(29) Desired survivor size 4456448 bytes, new threshold 6 (max threshold 6)
[2022-06-13T03:13:40.644+0000][1][gc,age       ] GC(29) Age table with threshold 6 (max threshold 6)
[2022-06-13T03:13:40.644+0000][1][gc,age       ] GC(29) - age   1:      31392 bytes,      31392 total
[2022-06-13T03:13:40.644+0000][1][gc,age       ] GC(29) - age   2:      13688 bytes,      45080 total
[2022-06-13T03:13:40.644+0000][1][gc,age       ] GC(29) - age   3:      30864 bytes,      75944 total
[2022-06-13T03:13:40.644+0000][1][gc,age       ] GC(29) - age   4:      13520 bytes,      89464 total
[2022-06-13T03:13:40.644+0000][1][gc,age       ] GC(29) - age   5:      28424 bytes,     117888 total
[2022-06-13T03:13:40.644+0000][1][gc,age       ] GC(29) - age   6:      15880 bytes,     133768 total
[2022-06-13T03:13:40.645+0000][1][gc,heap      ] GC(29) ParNew: 71372K->383K(78656K)
[2022-06-13T03:13:40.645+0000][1][gc,heap      ] GC(29) CMS: 69043K->69077K(174784K)
[2022-06-13T03:13:40.645+0000][1][gc,metaspace ] GC(29) Metaspace: 65352K->65352K(1110016K)
[2022-06-13T03:13:40.645+0000][1][gc           ] GC(29) Pause Young (Allocation Failure) 137M->67M(247M) 2.991ms
[2022-06-13T03:13:40.645+0000][1][gc,cpu       ] GC(29) User=0.00s Sys=0.00s Real=0.00s
[2022-06-13T03:13:40.645+0000][1][safepoint    ] Leaving safepoint region
[2022-06-13T03:13:40.645+0000][1][safepoint    ] Total time for which application threads were stopped: 0.0037116 seconds, Stopping threads took: 0.0001543 seconds
[2022-06-13T03:13:41.646+0000][1][safepoint    ] Application time: 1.0001151 seconds
[2022-06-13T03:13:41.646+0000][1][safepoint    ] Entering safepoint region: Cleanup
[2022-06-13T03:13:41.646+0000][1][safepoint    ] Leaving safepoint region
[2022-06-13T03:13:41.646+0000][1][safepoint    ] Total time for which application threads were stopped: 0.0003309 seconds, Stopping threads took: 0.0001362 seconds
[2022-06-13T03:13:42.646+0000][1][safepoint    ] Application time: 1.0000993 seconds
[2022-06-13T03:13:42.647+0000][1][safepoint    ] Entering safepoint region: Cleanup
[2022-06-13T03:13:42.647+0000][1][safepoint    ] Leaving safepoint region
[2022-06-13T03:13:42.647+0000][1][safepoint    ] Total time for which application threads were stopped: 0.0003722 seconds, Stopping threads took: 0.0001717 seconds
[2022-06-13T03:13:43.647+0000][1][safepoint    ] Application time: 1.0001007 seconds
[2022-06-13T03:13:43.647+0000][1][safepoint    ] Entering safepoint region: Cleanup
[2022-06-13T03:13:43.648+0000][1][safepoint    ] Leaving safepoint region
[2022-06-13T03:13:43.648+0000][1][safepoint    ] Total time for which application threads were stopped: 0.0003780 seconds, Stopping threads took: 0.0001380 seconds
[2022-06-13T03:13:44.648+0000][1][safepoint    ] Application time: 1.0000942 seconds
[2022-06-13T03:13:44.648+0000][1][safepoint    ] Entering safepoint region: Cleanup
[2022-06-13T03:13:44.648+0000][1][safepoint    ] Leaving safepoint region
[2022-06-13T03:13:44.649+0000][1][safepoint    ] Total time for which application threads were stopped: 0.0004068 seconds, Stopping threads took: 0.0001783 seconds
[2022-06-13T03:13:45.649+0000][1][safepoint    ] Application time: 1.0001047 seconds
[2022-06-13T03:13:45.649+0000][1][safepoint    ] Entering safepoint region: Cleanup
[2022-06-13T03:13:45.649+0000][1][safepoint    ] Leaving safepoint region
[2022-06-13T03:13:45.649+0000][1][safepoint    ] Total time for which application threads were stopped: 0.0003677 seconds, Stopping threads took: 0.0001561 seconds
[2022-06-13T03:13:46.650+0000][1][safepoint    ] Application time: 1.0001145 seconds
[2022-06-13T03:13:46.650+0000][1][safepoint    ] Entering safepoint region: Cleanup
[2022-06-13T03:13:46.650+0000][1][safepoint    ] Leaving safepoint region
[2022-06-13T03:13:46.650+0000][1][safepoint    ] Total time for which application threads were stopped: 0.0003264 seconds, Stopping threads took: 0.0001431 seconds
[2022-06-13T03:13:47.651+0000][1][safepoint    ] Application time: 1.0000969 seconds
[2022-06-13T03:13:47.651+0000][1][safepoint    ] Entering safepoint region: Cleanup
[2022-06-13T03:13:47.651+0000][1][safepoint    ] Leaving safepoint region
[2022-06-13T03:13:47.651+0000][1][safepoint    ] Total time for which application threads were stopped: 0.0003727 seconds, Stopping threads took: 0.0001384 seconds
[2022-06-13T03:13:48.651+0000][1][safepoint    ] Application time: 1.0000889 seconds
[2022-06-13T03:13:48.652+0000][1][safepoint    ] Entering safepoint region: Cleanup
[2022-06-13T03:13:48.652+0000][1][safepoint    ] Leaving safepoint region
[2022-06-13T03:13:48.652+0000][1][safepoint    ] Total time for which application threads were stopped: 0.0003474 seconds, Stopping threads took: 0.0001398 seconds
[2022-06-13T03:13:49.652+0000][1][safepoint    ] Application time: 1.0000910 seconds
[2022-06-13T03:13:49.652+0000][1][safepoint    ] Entering safepoint region: Cleanup
[2022-06-13T03:13:49.653+0000][1][safepoint    ] Leaving safepoint region
[2022-06-13T03:13:49.653+0000][1][safepoint    ] Total time for which application threads were stopped: 0.0004579 seconds, Stopping threads took: 0.0001431 seconds
[2022-06-13T03:13:50.653+0000][1][safepoint    ] Application time: 1.0000880 seconds
[2022-06-13T03:13:50.653+0000][1][safepoint    ] Entering safepoint region: Cleanup
[2022-06-13T03:13:50.653+0000][1][safepoint    ] Leaving safepoint region
[2022-06-13T03:13:50.654+0000][1][safepoint    ] Total time for which application threads were stopped: 0.0003402 seconds, Stopping threads took: 0.0001446 seconds
[2022-06-13T03:13:51.654+0000][1][safepoint    ] Application time: 1.0000933 seconds
[2022-06-13T03:13:51.654+0000][1][safepoint    ] Entering safepoint region: Cleanup
[2022-06-13T03:13:51.654+0000][1][safepoint    ] Leaving safepoint region
[2022-06-13T03:13:51.654+0000][1][safepoint    ] Total time for which application threads were stopped: 0.0003640 seconds, Stopping threads took: 0.0001476 seconds
[2022-06-13T03:13:52.655+0000][1][safepoint    ] Application time: 1.0000929 seconds
[2022-06-13T03:13:52.655+0000][1][safepoint    ] Entering safepoint region: Cleanup
[2022-06-13T03:13:52.655+0000][1][safepoint    ] Leaving safepoint region
[2022-06-13T03:13:52.655+0000][1][safepoint    ] Total time for which application threads were stopped: 0.0003544 seconds, Stopping threads took: 0.0001215 seconds
[2022-06-13T03:13:53.655+0000][1][safepoint    ] Application time: 1.0001655 seconds
[2022-06-13T03:13:53.656+0000][1][safepoint    ] Entering safepoint region: Cleanup
[2022-06-13T03:13:53.656+0000][1][safepoint    ] Leaving safepoint region
[2022-06-13T03:13:53.656+0000][1][safepoint    ] Total time for which application threads were stopped: 0.0004996 seconds, Stopping threads took: 0.0002357 seconds
[2022-06-13T03:13:54.656+0000][1][safepoint    ] Application time: 1.0001051 seconds
[2022-06-13T03:13:54.657+0000][1][safepoint    ] Entering safepoint region: Cleanup
[2022-06-13T03:13:54.657+0000][1][safepoint    ] Leaving safepoint region
[2022-06-13T03:13:54.657+0000][1][safepoint    ] Total time for which application threads were stopped: 0.0004415 seconds, Stopping threads took: 0.0001747 seconds
[2022-06-13T03:13:55.657+0000][1][safepoint    ] Application time: 1.0000988 seconds
[2022-06-13T03:13:55.658+0000][1][safepoint    ] Entering safepoint region: Cleanup
[2022-06-13T03:13:55.658+0000][1][safepoint    ] Leaving safepoint region
[2022-06-13T03:13:55.658+0000][1][safepoint    ] Total time for which application threads were stopped: 0.0003182 seconds, Stopping threads took: 0.0001173 seconds
[2022-06-13T03:13:56.658+0000][1][safepoint    ] Application time: 1.0000975 seconds
[2022-06-13T03:13:56.658+0000][1][safepoint    ] Entering safepoint region: Cleanup
[2022-06-13T03:13:56.659+0000][1][safepoint    ] Leaving safepoint region
[2022-06-13T03:13:56.659+0000][1][safepoint    ] Total time for which application threads were stopped: 0.0004034 seconds, Stopping threads took: 0.0001985 seconds
[2022-06-13T03:13:57.659+0000][1][safepoint    ] Application time: 1.0001262 seconds
[2022-06-13T03:13:57.660+0000][1][safepoint    ] Entering safepoint region: Cleanup
[2022-06-13T03:13:57.660+0000][1][safepoint    ] Leaving safepoint region
[2022-06-13T03:13:57.660+0000][1][safepoint    ] Total time for which application threads were stopped: 0.0003757 seconds, Stopping threads took: 0.0001506 seconds
[2022-06-13T03:13:58.660+0000][1][safepoint    ] Application time: 1.0001093 seconds
[2022-06-13T03:13:58.660+0000][1][safepoint    ] Entering safepoint region: Cleanup
[2022-06-13T03:13:58.661+0000][1][safepoint    ] Leaving safepoint region
[2022-06-13T03:13:58.661+0000][1][safepoint    ] Total time for which application threads were stopped: 0.0004095 seconds, Stopping threads took: 0.0001985 seconds
[2022-06-13T03:13:59.661+0000][1][safepoint    ] Application time: 1.0000941 seconds
[2022-06-13T03:13:59.661+0000][1][safepoint    ] Entering safepoint region: Cleanup
[2022-06-13T03:13:59.661+0000][1][safepoint    ] Leaving safepoint region
[2022-06-13T03:13:59.662+0000][1][safepoint    ] Total time for which application threads were stopped: 0.0003787 seconds, Stopping threads took: 0.0001475 seconds
[2022-06-13T03:14:00.662+0000][1][safepoint    ] Application time: 1.0000964 seconds
[2022-06-13T03:14:00.662+0000][1][safepoint    ] Entering safepoint region: Cleanup
[2022-06-13T03:14:00.662+0000][1][safepoint    ] Leaving safepoint region
[2022-06-13T03:14:00.662+0000][1][safepoint    ] Total time for which application threads were stopped: 0.0003942 seconds, Stopping threads took: 0.0001479 seconds
[2022-06-13T03:14:01.662+0000][1][safepoint    ] Application time: 1.0000952 seconds
[2022-06-13T03:14:01.663+0000][1][safepoint    ] Entering safepoint region: Cleanup
[2022-06-13T03:14:01.663+0000][1][safepoint    ] Leaving safepoint region
[2022-06-13T03:14:01.663+0000][1][safepoint    ] Total time for which application threads were stopped: 0.0004282 seconds, Stopping threads took: 0.0001796 seconds
[2022-06-13T03:14:02.663+0000][1][safepoint    ] Application time: 1.0001004 seconds
[2022-06-13T03:14:02.664+0000][1][safepoint    ] Entering safepoint region: Cleanup
[2022-06-13T03:14:02.664+0000][1][safepoint    ] Leaving safepoint region
[2022-06-13T03:14:02.664+0000][1][safepoint    ] Total time for which application threads were stopped: 0.0004003 seconds, Stopping threads took: 0.0001974 seconds
[2022-06-13T03:14:03.664+0000][1][safepoint    ] Application time: 1.0001777 seconds
[2022-06-13T03:14:03.665+0000][1][safepoint    ] Entering safepoint region: Cleanup
[2022-06-13T03:14:03.665+0000][1][safepoint    ] Leaving safepoint region
[2022-06-13T03:14:03.665+0000][1][safepoint    ] Total time for which application threads were stopped: 0.0006117 seconds, Stopping threads took: 0.0003380 seconds
[2022-06-13T03:14:04.666+0000][1][safepoint    ] Application time: 1.0001049 seconds
[2022-06-13T03:14:04.666+0000][1][safepoint    ] Entering safepoint region: Cleanup
[2022-06-13T03:14:04.666+0000][1][safepoint    ] Leaving safepoint region
[2022-06-13T03:14:04.666+0000][1][safepoint    ] Total time for which application threads were stopped: 0.0003990 seconds, Stopping threads took: 0.0001751 seconds
[2022-06-13T03:14:05.666+0000][1][safepoint    ] Application time: 1.0001590 seconds
[2022-06-13T03:14:05.667+0000][1][safepoint    ] Entering safepoint region: Cleanup
[2022-06-13T03:14:05.667+0000][1][safepoint    ] Leaving safepoint region
[2022-06-13T03:14:05.668+0000][1][safepoint    ] Total time for which application threads were stopped: 0.0008615 seconds, Stopping threads took: 0.0002349 seconds
[2022-06-13T03:14:06.668+0000][1][safepoint    ] Application time: 1.0001077 seconds
[2022-06-13T03:14:06.668+0000][1][safepoint    ] Entering safepoint region: Cleanup
[2022-06-13T03:14:06.668+0000][1][safepoint    ] Leaving safepoint region
[2022-06-13T03:14:06.669+0000][1][safepoint    ] Total time for which application threads were stopped: 0.0003878 seconds, Stopping threads took: 0.0001587 seconds
[2022-06-13T03:14:07.669+0000][1][safepoint    ] Application time: 1.0000952 seconds
[2022-06-13T03:14:07.669+0000][1][safepoint    ] Entering safepoint region: Cleanup
[2022-06-13T03:14:07.669+0000][1][safepoint    ] Leaving safepoint region
[2022-06-13T03:14:07.670+0000][1][safepoint    ] Total time for which application threads were stopped: 0.0005893 seconds, Stopping threads took: 0.0002474 seconds
[2022-06-13T03:14:08.670+0000][1][safepoint    ] Application time: 1.0000956 seconds
[2022-06-13T03:14:08.670+0000][1][safepoint    ] Entering safepoint region: Cleanup
[2022-06-13T03:14:08.670+0000][1][safepoint    ] Leaving safepoint region
[2022-06-13T03:14:08.671+0000][1][safepoint    ] Total time for which application threads were stopped: 0.0003656 seconds, Stopping threads took: 0.0001803 seconds
[2022-06-13T03:14:09.671+0000][1][safepoint    ] Application time: 1.0001169 seconds
[2022-06-13T03:14:09.671+0000][1][safepoint    ] Entering safepoint region: Cleanup
[2022-06-13T03:14:09.672+0000][1][safepoint    ] Leaving safepoint region
[2022-06-13T03:14:09.672+0000][1][safepoint    ] Total time for which application threads were stopped: 0.0006742 seconds, Stopping threads took: 0.0003193 seconds
[2022-06-13T03:14:10.672+0000][1][safepoint    ] Application time: 1.0001082 seconds
[2022-06-13T03:14:10.672+0000][1][safepoint    ] Entering safepoint region: Cleanup
[2022-06-13T03:14:10.672+0000][1][safepoint    ] Leaving safepoint region
[2022-06-13T03:14:10.673+0000][1][safepoint    ] Total time for which application threads were stopped: 0.0003472 seconds, Stopping threads took: 0.0001330 seconds
[2022-06-13T03:14:11.673+0000][1][safepoint    ] Application time: 1.0000948 seconds
[2022-06-13T03:14:11.673+0000][1][safepoint    ] Entering safepoint region: Cleanup
[2022-06-13T03:14:11.673+0000][1][safepoint    ] Leaving safepoint region
[2022-06-13T03:14:11.673+0000][1][safepoint    ] Total time for which application threads were stopped: 0.0003870 seconds, Stopping threads took: 0.0001550 seconds
[2022-06-13T03:14:12.674+0000][1][safepoint    ] Application time: 1.0001043 seconds
[2022-06-13T03:14:12.674+0000][1][safepoint    ] Entering safepoint region: Cleanup
[2022-06-13T03:14:12.674+0000][1][safepoint    ] Leaving safepoint region
[2022-06-13T03:14:12.674+0000][1][safepoint    ] Total time for which application threads were stopped: 0.0003752 seconds, Stopping threads took: 0.0001675 seconds
[2022-06-13T03:14:13.674+0000][1][safepoint    ] Application time: 1.0000940 seconds
[2022-06-13T03:14:13.674+0000][1][safepoint    ] Entering safepoint region: Cleanup
[2022-06-13T03:14:13.675+0000][1][safepoint    ] Leaving safepoint region
[2022-06-13T03:14:13.675+0000][1][safepoint    ] Total time for which application threads were stopped: 0.0003749 seconds, Stopping threads took: 0.0001402 seconds
[2022-06-13T03:14:14.675+0000][1][safepoint    ] Application time: 1.0000937 seconds
[2022-06-13T03:14:14.675+0000][1][safepoint    ] Entering safepoint region: Cleanup
[2022-06-13T03:14:14.675+0000][1][safepoint    ] Leaving safepoint region
[2022-06-13T03:14:14.676+0000][1][safepoint    ] Total time for which application threads were stopped: 0.0004285 seconds, Stopping threads took: 0.0001932 seconds
[2022-06-13T03:14:15.676+0000][1][safepoint    ] Application time: 1.0001078 seconds
[2022-06-13T03:14:15.676+0000][1][safepoint    ] Entering safepoint region: Cleanup
[2022-06-13T03:14:15.676+0000][1][safepoint    ] Leaving safepoint region
[2022-06-13T03:14:15.676+0000][1][safepoint    ] Total time for which application threads were stopped: 0.0003667 seconds, Stopping threads took: 0.0001474 seconds
[2022-06-13T03:14:16.677+0000][1][safepoint    ] Application time: 1.0001384 seconds
[2022-06-13T03:14:16.677+0000][1][safepoint    ] Entering safepoint region: Cleanup
[2022-06-13T03:14:16.677+0000][1][safepoint    ] Leaving safepoint region
[2022-06-13T03:14:16.677+0000][1][safepoint    ] Total time for which application threads were stopped: 0.0004041 seconds, Stopping threads took: 0.0001795 seconds
[2022-06-13T03:14:17.677+0000][1][safepoint    ] Application time: 1.0000938 seconds
[2022-06-13T03:14:17.678+0000][1][safepoint    ] Entering safepoint region: Cleanup
[2022-06-13T03:14:17.678+0000][1][safepoint    ] Leaving safepoint region
[2022-06-13T03:14:17.678+0000][1][safepoint    ] Total time for which application threads were stopped: 0.0003592 seconds, Stopping threads took: 0.0001286 seconds
[2022-06-13T03:14:18.678+0000][1][safepoint    ] Application time: 1.0000977 seconds
[2022-06-13T03:14:18.678+0000][1][safepoint    ] Entering safepoint region: Cleanup
[2022-06-13T03:14:18.679+0000][1][safepoint    ] Leaving safepoint region
[2022-06-13T03:14:18.679+0000][1][safepoint    ] Total time for which application threads were stopped: 0.0003604 seconds, Stopping threads took: 0.0001477 seconds
[2022-06-13T03:14:19.679+0000][1][safepoint    ] Application time: 1.0001011 seconds
[2022-06-13T03:14:19.679+0000][1][safepoint    ] Entering safepoint region: Cleanup
[2022-06-13T03:14:19.679+0000][1][safepoint    ] Leaving safepoint region
[2022-06-13T03:14:19.680+0000][1][safepoint    ] Total time for which application threads were stopped: 0.0003524 seconds, Stopping threads took: 0.0001392 seconds
[2022-06-13T03:14:20.680+0000][1][safepoint    ] Application time: 1.0000868 seconds
[2022-06-13T03:14:20.680+0000][1][safepoint    ] Entering safepoint region: Cleanup
[2022-06-13T03:14:20.680+0000][1][safepoint    ] Leaving safepoint region
[2022-06-13T03:14:20.680+0000][1][safepoint    ] Total time for which application threads were stopped: 0.0003414 seconds, Stopping threads took: 0.0001365 seconds
[2022-06-13T03:14:21.681+0000][1][safepoint    ] Application time: 1.0000981 seconds
[2022-06-13T03:14:21.681+0000][1][safepoint    ] Entering safepoint region: Cleanup
[2022-06-13T03:14:21.681+0000][1][safepoint    ] Leaving safepoint region
[2022-06-13T03:14:21.681+0000][1][safepoint    ] Total time for which application threads were stopped: 0.0003978 seconds, Stopping threads took: 0.0001637 seconds
[2022-06-13T03:14:22.681+0000][1][safepoint    ] Application time: 1.0000939 seconds
[2022-06-13T03:14:22.681+0000][1][safepoint    ] Entering safepoint region: Cleanup
[2022-06-13T03:14:22.682+0000][1][safepoint    ] Leaving safepoint region
[2022-06-13T03:14:22.682+0000][1][safepoint    ] Total time for which application threads were stopped: 0.0003895 seconds, Stopping threads took: 0.0001412 seconds
[2022-06-13T03:14:23.682+0000][1][safepoint    ] Application time: 1.0000845 seconds
[2022-06-13T03:14:23.682+0000][1][safepoint    ] Entering safepoint region: Cleanup
[2022-06-13T03:14:23.683+0000][1][safepoint    ] Leaving safepoint region
[2022-06-13T03:14:23.683+0000][1][safepoint    ] Total time for which application threads were stopped: 0.0004856 seconds, Stopping threads took: 0.0001802 seconds
[2022-06-13T03:14:24.683+0000][1][safepoint    ] Application time: 1.0001110 seconds
[2022-06-13T03:14:24.683+0000][1][safepoint    ] Entering safepoint region: Cleanup
[2022-06-13T03:14:24.684+0000][1][safepoint    ] Leaving safepoint region
[2022-06-13T03:14:24.684+0000][1][safepoint    ] Total time for which application threads were stopped: 0.0005222 seconds, Stopping threads took: 0.0002273 seconds
[2022-06-13T03:14:25.684+0000][1][safepoint    ] Application time: 1.0001104 seconds
[2022-06-13T03:14:25.684+0000][1][safepoint    ] Entering safepoint region: Cleanup
[2022-06-13T03:14:25.684+0000][1][safepoint    ] Leaving safepoint region
[2022-06-13T03:14:25.685+0000][1][safepoint    ] Total time for which application threads were stopped: 0.0003539 seconds, Stopping threads took: 0.0001372 seconds
[2022-06-13T03:14:26.685+0000][1][safepoint    ] Application time: 1.0000957 seconds
[2022-06-13T03:14:26.685+0000][1][safepoint    ] Entering safepoint region: Cleanup
[2022-06-13T03:14:26.685+0000][1][safepoint    ] Leaving safepoint region
[2022-06-13T03:14:26.685+0000][1][safepoint    ] Total time for which application threads were stopped: 0.0003606 seconds, Stopping threads took: 0.0001736 seconds
[2022-06-13T03:14:27.686+0000][1][safepoint    ] Application time: 1.0000932 seconds
[2022-06-13T03:14:27.686+0000][1][safepoint    ] Entering safepoint region: Cleanup
[2022-06-13T03:14:27.686+0000][1][safepoint    ] Leaving safepoint region
[2022-06-13T03:14:27.686+0000][1][safepoint    ] Total time for which application threads were stopped: 0.0003841 seconds, Stopping threads took: 0.0001769 seconds
[2022-06-13T03:14:28.686+0000][1][safepoint    ] Application time: 1.0000970 seconds
[2022-06-13T03:14:28.687+0000][1][safepoint    ] Entering safepoint region: Cleanup
[2022-06-13T03:14:28.687+0000][1][safepoint    ] Leaving safepoint region
[2022-06-13T03:14:28.687+0000][1][safepoint    ] Total time for which application threads were stopped: 0.0004089 seconds, Stopping threads took: 0.0001738 seconds
[2022-06-13T03:14:29.687+0000][1][safepoint    ] Application time: 1.0001008 seconds
[2022-06-13T03:14:29.687+0000][1][safepoint    ] Entering safepoint region: Cleanup
[2022-06-13T03:14:29.688+0000][1][safepoint    ] Leaving safepoint region
[2022-06-13T03:14:29.688+0000][1][safepoint    ] Total time for which application threads were stopped: 0.0004115 seconds, Stopping threads took: 0.0001495 seconds
[2022-06-13T03:14:30.688+0000][1][safepoint    ] Application time: 1.0001969 seconds
[2022-06-13T03:14:30.689+0000][1][safepoint    ] Entering safepoint region: Cleanup
[2022-06-13T03:14:30.689+0000][1][safepoint    ] Leaving safepoint region
[2022-06-13T03:14:30.689+0000][1][safepoint    ] Total time for which application threads were stopped: 0.0006565 seconds, Stopping threads took: 0.0003181 seconds
[2022-06-13T03:14:31.690+0000][1][safepoint    ] Application time: 1.0003370 seconds
[2022-06-13T03:14:31.691+0000][1][safepoint    ] Entering safepoint region: Cleanup
[2022-06-13T03:14:31.691+0000][1][safepoint    ] Leaving safepoint region
[2022-06-13T03:14:31.692+0000][1][safepoint    ] Total time for which application threads were stopped: 0.0010659 seconds, Stopping threads took: 0.0004910 seconds
[2022-06-13T03:14:32.692+0000][1][safepoint    ] Application time: 1.0001337 seconds
[2022-06-13T03:14:32.693+0000][1][safepoint    ] Entering safepoint region: Cleanup
[2022-06-13T03:14:32.693+0000][1][safepoint    ] Leaving safepoint region
[2022-06-13T03:14:32.693+0000][1][safepoint    ] Total time for which application threads were stopped: 0.0006719 seconds, Stopping threads took: 0.0003786 seconds
[2022-06-13T03:14:33.694+0000][1][safepoint    ] Application time: 1.0002380 seconds
[2022-06-13T03:14:33.695+0000][1][safepoint    ] Entering safepoint region: Cleanup
[2022-06-13T03:14:33.695+0000][1][safepoint    ] Leaving safepoint region
[2022-06-13T03:14:33.696+0000][1][safepoint    ] Total time for which application threads were stopped: 0.0011788 seconds, Stopping threads took: 0.0005562 seconds
[2022-06-13T03:14:34.696+0000][1][safepoint    ] Application time: 1.0001058 seconds
[2022-06-13T03:14:34.697+0000][1][safepoint    ] Entering safepoint region: Cleanup
[2022-06-13T03:14:34.697+0000][1][safepoint    ] Leaving safepoint region
[2022-06-13T03:14:34.697+0000][1][safepoint    ] Total time for which application threads were stopped: 0.0006386 seconds, Stopping threads took: 0.0002567 seconds
[2022-06-13T03:14:35.698+0000][1][safepoint    ] Application time: 1.0001929 seconds
[2022-06-13T03:14:35.698+0000][1][safepoint    ] Entering safepoint region: Cleanup
[2022-06-13T03:14:35.699+0000][1][safepoint    ] Leaving safepoint region
[2022-06-13T03:14:35.699+0000][1][safepoint    ] Total time for which application threads were stopped: 0.0006694 seconds, Stopping threads took: 0.0002916 seconds
[2022-06-13T03:14:36.699+0000][1][safepoint    ] Application time: 1.0002648 seconds
[2022-06-13T03:14:36.700+0000][1][safepoint    ] Entering safepoint region: Cleanup
[2022-06-13T03:14:36.701+0000][1][safepoint    ] Leaving safepoint region
[2022-06-13T03:14:36.701+0000][1][safepoint    ] Total time for which application threads were stopped: 0.0008740 seconds, Stopping threads took: 0.0004113 seconds
[2022-06-13T03:14:37.701+0000][1][safepoint    ] Application time: 1.0001398 seconds
[2022-06-13T03:14:37.702+0000][1][safepoint    ] Entering safepoint region: Cleanup
[2022-06-13T03:14:37.702+0000][1][safepoint    ] Leaving safepoint region
[2022-06-13T03:14:37.702+0000][1][safepoint    ] Total time for which application threads were stopped: 0.0003795 seconds, Stopping threads took: 0.0001638 seconds
[2022-06-13T03:14:38.702+0000][1][safepoint    ] Application time: 1.0001233 seconds
[2022-06-13T03:14:38.703+0000][1][safepoint    ] Entering safepoint region: Cleanup
[2022-06-13T03:14:38.703+0000][1][safepoint    ] Leaving safepoint region
[2022-06-13T03:14:38.703+0000][1][safepoint    ] Total time for which application threads were stopped: 0.0003292 seconds, Stopping threads took: 0.0001261 seconds
[2022-06-13T03:14:39.703+0000][1][safepoint    ] Application time: 1.0001039 seconds
[2022-06-13T03:14:39.703+0000][1][safepoint    ] Entering safepoint region: Cleanup
[2022-06-13T03:14:39.704+0000][1][safepoint    ] Leaving safepoint region
[2022-06-13T03:14:39.704+0000][1][safepoint    ] Total time for which application threads were stopped: 0.0003938 seconds, Stopping threads took: 0.0001893 seconds
[2022-06-13T03:14:40.704+0000][1][safepoint    ] Application time: 1.0002353 seconds
[2022-06-13T03:14:40.705+0000][1][safepoint    ] Entering safepoint region: Cleanup
[2022-06-13T03:14:40.705+0000][1][safepoint    ] Leaving safepoint region
[2022-06-13T03:14:40.705+0000][1][safepoint    ] Total time for which application threads were stopped: 0.0008663 seconds, Stopping threads took: 0.0003748 seconds
[2022-06-13T03:14:41.706+0000][1][safepoint    ] Application time: 1.0001358 seconds
[2022-06-13T03:14:41.707+0000][1][safepoint    ] Entering safepoint region: Cleanup
[2022-06-13T03:14:41.708+0000][1][safepoint    ] Leaving safepoint region
[2022-06-13T03:14:41.708+0000][1][safepoint    ] Total time for which application threads were stopped: 0.0011871 seconds, Stopping threads took: 0.0005642 seconds
[2022-06-13T03:14:42.709+0000][1][safepoint    ] Application time: 1.0002249 seconds
[2022-06-13T03:14:42.709+0000][1][safepoint    ] Entering safepoint region: Cleanup
[2022-06-13T03:14:42.710+0000][1][safepoint    ] Leaving safepoint region
[2022-06-13T03:14:42.710+0000][1][safepoint    ] Total time for which application threads were stopped: 0.0009966 seconds, Stopping threads took: 0.0005165 seconds
[2022-06-13T03:14:43.711+0000][1][safepoint    ] Application time: 1.0002399 seconds
[2022-06-13T03:14:43.711+0000][1][safepoint    ] Entering safepoint region: Cleanup
[2022-06-13T03:14:43.712+0000][1][safepoint    ] Leaving safepoint region
[2022-06-13T03:14:43.712+0000][1][safepoint    ] Total time for which application threads were stopped: 0.0009613 seconds, Stopping threads took: 0.0004261 seconds
[2022-06-13T03:14:44.713+0000][1][safepoint    ] Application time: 1.0001743 seconds
[2022-06-13T03:14:44.714+0000][1][safepoint    ] Entering safepoint region: Cleanup
[2022-06-13T03:14:44.714+0000][1][safepoint    ] Leaving safepoint region
[2022-06-13T03:14:44.715+0000][1][safepoint    ] Total time for which application threads were stopped: 0.0009425 seconds, Stopping threads took: 0.0004549 seconds
[2022-06-13T03:14:45.715+0000][1][safepoint    ] Application time: 1.0001783 seconds
[2022-06-13T03:14:45.715+0000][1][safepoint    ] Entering safepoint region: Cleanup
[2022-06-13T03:14:45.716+0000][1][safepoint    ] Leaving safepoint region
[2022-06-13T03:14:45.716+0000][1][safepoint    ] Total time for which application threads were stopped: 0.0007801 seconds, Stopping threads took: 0.0004054 seconds
[2022-06-13T03:14:46.717+0000][1][safepoint    ] Application time: 1.0001755 seconds
[2022-06-13T03:14:46.717+0000][1][safepoint    ] Entering safepoint region: Cleanup
[2022-06-13T03:14:46.718+0000][1][safepoint    ] Leaving safepoint region
[2022-06-13T03:14:46.718+0000][1][safepoint    ] Total time for which application threads were stopped: 0.0009339 seconds, Stopping threads took: 0.0004478 seconds
[2022-06-13T03:14:47.719+0000][1][safepoint    ] Application time: 1.0001938 seconds
[2022-06-13T03:14:47.719+0000][1][safepoint    ] Entering safepoint region: Cleanup
[2022-06-13T03:14:47.720+0000][1][safepoint    ] Leaving safepoint region
[2022-06-13T03:14:47.720+0000][1][safepoint    ] Total time for which application threads were stopped: 0.0010225 seconds, Stopping threads took: 0.0003523 seconds
[2022-06-13T03:14:48.720+0000][1][safepoint    ] Application time: 1.0001372 seconds
[2022-06-13T03:14:48.721+0000][1][safepoint    ] Entering safepoint region: Cleanup
[2022-06-13T03:14:48.722+0000][1][safepoint    ] Leaving safepoint region
[2022-06-13T03:14:48.722+0000][1][safepoint    ] Total time for which application threads were stopped: 0.0010760 seconds, Stopping threads took: 0.0005183 seconds
[2022-06-13T03:14:49.723+0000][1][safepoint    ] Application time: 1.0004024 seconds
[2022-06-13T03:14:49.724+0000][1][safepoint    ] Entering safepoint region: Cleanup
[2022-06-13T03:14:49.724+0000][1][safepoint    ] Leaving safepoint region
[2022-06-13T03:14:49.725+0000][1][safepoint    ] Total time for which application threads were stopped: 0.0012061 seconds, Stopping threads took: 0.0005531 seconds
[2022-06-13T03:14:50.726+0000][1][safepoint    ] Application time: 1.0001186 seconds
[2022-06-13T03:14:50.726+0000][1][safepoint    ] Entering safepoint region: Cleanup
[2022-06-13T03:14:50.727+0000][1][safepoint    ] Leaving safepoint region
[2022-06-13T03:14:50.727+0000][1][safepoint    ] Total time for which application threads were stopped: 0.0008214 seconds, Stopping threads took: 0.0003046 seconds
[2022-06-13T03:14:51.728+0000][1][safepoint    ] Application time: 1.0002782 seconds
[2022-06-13T03:14:51.728+0000][1][safepoint    ] Entering safepoint region: Cleanup
[2022-06-13T03:14:51.728+0000][1][safepoint    ] Leaving safepoint region
[2022-06-13T03:14:51.729+0000][1][safepoint    ] Total time for which application threads were stopped: 0.0006501 seconds, Stopping threads took: 0.0002536 seconds
[2022-06-13T03:14:52.729+0000][1][safepoint    ] Application time: 1.0001615 seconds
[2022-06-13T03:14:52.730+0000][1][safepoint    ] Entering safepoint region: Cleanup
[2022-06-13T03:14:52.730+0000][1][safepoint    ] Leaving safepoint region
[2022-06-13T03:14:52.730+0000][1][safepoint    ] Total time for which application threads were stopped: 0.0006789 seconds, Stopping threads took: 0.0003466 seconds
[2022-06-13T03:14:53.731+0000][1][safepoint    ] Application time: 1.0001435 seconds
[2022-06-13T03:14:53.731+0000][1][safepoint    ] Entering safepoint region: Cleanup
[2022-06-13T03:14:53.732+0000][1][safepoint    ] Leaving safepoint region
[2022-06-13T03:14:53.732+0000][1][safepoint    ] Total time for which application threads were stopped: 0.0007635 seconds, Stopping threads took: 0.0003270 seconds
[2022-06-13T03:14:54.732+0000][1][safepoint    ] Application time: 1.0002257 seconds
[2022-06-13T03:14:54.733+0000][1][safepoint    ] Entering safepoint region: Cleanup
[2022-06-13T03:14:54.734+0000][1][safepoint    ] Leaving safepoint region
[2022-06-13T03:14:54.734+0000][1][safepoint    ] Total time for which application threads were stopped: 0.0009025 seconds, Stopping threads took: 0.0004089 seconds
[2022-06-13T03:14:55.735+0000][1][safepoint    ] Application time: 1.0002755 seconds
[2022-06-13T03:14:55.735+0000][1][safepoint    ] Entering safepoint region: Cleanup
[2022-06-13T03:14:55.735+0000][1][safepoint    ] Leaving safepoint region
[2022-06-13T03:14:55.736+0000][1][safepoint    ] Total time for which application threads were stopped: 0.0006914 seconds, Stopping threads took: 0.0002838 seconds
[2022-06-13T03:14:56.736+0000][1][safepoint    ] Application time: 1.0002278 seconds
[2022-06-13T03:14:56.737+0000][1][safepoint    ] Entering safepoint region: Cleanup
[2022-06-13T03:14:56.738+0000][1][safepoint    ] Leaving safepoint region
[2022-06-13T03:14:56.738+0000][1][safepoint    ] Total time for which application threads were stopped: 0.0010275 seconds, Stopping threads took: 0.0004787 seconds
[2022-06-13T03:14:57.739+0000][1][safepoint    ] Application time: 1.0002776 seconds
[2022-06-13T03:14:57.739+0000][1][safepoint    ] Entering safepoint region: Cleanup
[2022-06-13T03:14:57.740+0000][1][safepoint    ] Leaving safepoint region
[2022-06-13T03:14:57.740+0000][1][safepoint    ] Total time for which application threads were stopped: 0.0008308 seconds, Stopping threads took: 0.0003696 seconds
[2022-06-13T03:14:58.740+0000][1][safepoint    ] Application time: 1.0002133 seconds
[2022-06-13T03:14:58.741+0000][1][safepoint    ] Entering safepoint region: Cleanup
[2022-06-13T03:14:58.742+0000][1][safepoint    ] Leaving safepoint region
[2022-06-13T03:14:58.742+0000][1][safepoint    ] Total time for which application threads were stopped: 0.0009431 seconds, Stopping threads took: 0.0004651 seconds
[2022-06-13T03:14:59.743+0000][1][safepoint    ] Application time: 1.0002713 seconds
[2022-06-13T03:14:59.743+0000][1][safepoint    ] Entering safepoint region: Cleanup
[2022-06-13T03:14:59.744+0000][1][safepoint    ] Leaving safepoint region
[2022-06-13T03:14:59.744+0000][1][safepoint    ] Total time for which application threads were stopped: 0.0009299 seconds, Stopping threads took: 0.0004167 seconds
[2022-06-13T03:15:00.745+0000][1][safepoint    ] Application time: 1.0003479 seconds
[2022-06-13T03:15:00.746+0000][1][safepoint    ] Entering safepoint region: Cleanup
[2022-06-13T03:15:00.746+0000][1][safepoint    ] Leaving safepoint region
[2022-06-13T03:15:00.747+0000][1][safepoint    ] Total time for which application threads were stopped: 0.0008809 seconds, Stopping threads took: 0.0003686 seconds
[2022-06-13T03:15:01.747+0000][1][safepoint    ] Application time: 1.0002629 seconds
[2022-06-13T03:15:01.748+0000][1][safepoint    ] Entering safepoint region: Cleanup
[2022-06-13T03:15:01.749+0000][1][safepoint    ] Leaving safepoint region
[2022-06-13T03:15:01.749+0000][1][safepoint    ] Total time for which application threads were stopped: 0.0010474 seconds, Stopping threads took: 0.0004717 seconds
[2022-06-13T03:15:02.750+0000][1][safepoint    ] Application time: 1.0002122 seconds
[2022-06-13T03:15:02.750+0000][1][safepoint    ] Entering safepoint region: Cleanup
[2022-06-13T03:15:02.751+0000][1][safepoint    ] Leaving safepoint region
[2022-06-13T03:15:02.751+0000][1][safepoint    ] Total time for which application threads were stopped: 0.0007529 seconds, Stopping threads took: 0.0003553 seconds
[2022-06-13T03:15:03.751+0000][1][safepoint    ] Application time: 1.0002440 seconds
[2022-06-13T03:15:03.752+0000][1][safepoint    ] Entering safepoint region: Cleanup
[2022-06-13T03:15:03.753+0000][1][safepoint    ] Leaving safepoint region
[2022-06-13T03:15:03.753+0000][1][safepoint    ] Total time for which application threads were stopped: 0.0009549 seconds, Stopping threads took: 0.0004507 seconds
[2022-06-13T03:15:04.754+0000][1][safepoint    ] Application time: 1.0002410 seconds
[2022-06-13T03:15:04.754+0000][1][safepoint    ] Entering safepoint region: Cleanup
[2022-06-13T03:15:04.755+0000][1][safepoint    ] Leaving safepoint region
[2022-06-13T03:15:04.755+0000][1][safepoint    ] Total time for which application threads were stopped: 0.0008640 seconds, Stopping threads took: 0.0003972 seconds
[2022-06-13T03:15:05.756+0000][1][safepoint    ] Application time: 1.0002489 seconds
[2022-06-13T03:15:05.757+0000][1][safepoint    ] Entering safepoint region: Cleanup
[2022-06-13T03:15:05.758+0000][1][safepoint    ] Leaving safepoint region
[2022-06-13T03:15:05.758+0000][1][safepoint    ] Total time for which application threads were stopped: 0.0013488 seconds, Stopping threads took: 0.0006761 seconds
[2022-06-13T03:15:06.759+0000][1][safepoint    ] Application time: 1.0003097 seconds
[2022-06-13T03:15:06.759+0000][1][safepoint    ] Entering safepoint region: Cleanup
[2022-06-13T03:15:06.760+0000][1][safepoint    ] Leaving safepoint region
[2022-06-13T03:15:06.760+0000][1][safepoint    ] Total time for which application threads were stopped: 0.0008415 seconds, Stopping threads took: 0.0004058 seconds
[2022-06-13T03:15:07.761+0000][1][safepoint    ] Application time: 1.0001907 seconds
[2022-06-13T03:15:07.761+0000][1][safepoint    ] Entering safepoint region: Cleanup
[2022-06-13T03:15:07.762+0000][1][safepoint    ] Leaving safepoint region
[2022-06-13T03:15:07.762+0000][1][safepoint    ] Total time for which application threads were stopped: 0.0005697 seconds, Stopping threads took: 0.0002890 seconds
[2022-06-13T03:15:08.762+0000][1][safepoint    ] Application time: 1.0002439 seconds
[2022-06-13T03:15:08.763+0000][1][safepoint    ] Entering safepoint region: Cleanup
[2022-06-13T03:15:08.763+0000][1][safepoint    ] Leaving safepoint region
[2022-06-13T03:15:08.764+0000][1][safepoint    ] Total time for which application threads were stopped: 0.0008118 seconds, Stopping threads took: 0.0003525 seconds
[2022-06-13T03:15:09.764+0000][1][safepoint    ] Application time: 1.0002013 seconds
[2022-06-13T03:15:09.765+0000][1][safepoint    ] Entering safepoint region: Cleanup
[2022-06-13T03:15:09.765+0000][1][safepoint    ] Leaving safepoint region
[2022-06-13T03:15:09.766+0000][1][safepoint    ] Total time for which application threads were stopped: 0.0011310 seconds, Stopping threads took: 0.0005161 seconds
[2022-06-13T03:15:10.767+0000][1][safepoint    ] Application time: 1.0001356 seconds
[2022-06-13T03:15:10.767+0000][1][safepoint    ] Entering safepoint region: Cleanup
[2022-06-13T03:15:10.768+0000][1][safepoint    ] Leaving safepoint region
[2022-06-13T03:15:10.768+0000][1][safepoint    ] Total time for which application threads were stopped: 0.0010075 seconds, Stopping threads took: 0.0004284 seconds
[2022-06-13T03:15:11.769+0000][1][safepoint    ] Application time: 1.0002715 seconds
[2022-06-13T03:15:11.769+0000][1][safepoint    ] Entering safepoint region: Cleanup
[2022-06-13T03:15:11.770+0000][1][safepoint    ] Leaving safepoint region
[2022-06-13T03:15:11.770+0000][1][safepoint    ] Total time for which application threads were stopped: 0.0006717 seconds, Stopping threads took: 0.0002953 seconds
[2022-06-13T03:15:12.770+0000][1][safepoint    ] Application time: 1.0001850 seconds
[2022-06-13T03:15:12.771+0000][1][safepoint    ] Entering safepoint region: Cleanup
[2022-06-13T03:15:12.771+0000][1][safepoint    ] Leaving safepoint region
[2022-06-13T03:15:12.771+0000][1][safepoint    ] Total time for which application threads were stopped: 0.0005993 seconds, Stopping threads took: 0.0002258 seconds
[2022-06-13T03:15:13.772+0000][1][safepoint    ] Application time: 1.0001681 seconds
[2022-06-13T03:15:13.772+0000][1][safepoint    ] Entering safepoint region: Cleanup
[2022-06-13T03:15:13.773+0000][1][safepoint    ] Leaving safepoint region
[2022-06-13T03:15:13.773+0000][1][safepoint    ] Total time for which application threads were stopped: 0.0007458 seconds, Stopping threads took: 0.0002496 seconds
[2022-06-13T03:15:14.774+0000][1][safepoint    ] Application time: 1.0002369 seconds
[2022-06-13T03:15:14.774+0000][1][safepoint    ] Entering safepoint region: Cleanup
[2022-06-13T03:15:14.775+0000][1][safepoint    ] Leaving safepoint region
[2022-06-13T03:15:14.775+0000][1][safepoint    ] Total time for which application threads were stopped: 0.0006794 seconds, Stopping threads took: 0.0002931 seconds
[2022-06-13T03:15:15.776+0000][1][safepoint    ] Application time: 1.0001977 seconds
[2022-06-13T03:15:15.776+0000][1][safepoint    ] Entering safepoint region: Cleanup
[2022-06-13T03:15:15.777+0000][1][safepoint    ] Leaving safepoint region
[2022-06-13T03:15:15.778+0000][1][safepoint    ] Total time for which application threads were stopped: 0.0012070 seconds, Stopping threads took: 0.0006554 seconds
[2022-06-13T03:15:16.778+0000][1][safepoint    ] Application time: 1.0002072 seconds
[2022-06-13T03:15:16.779+0000][1][safepoint    ] Entering safepoint region: Cleanup
[2022-06-13T03:15:16.779+0000][1][safepoint    ] Leaving safepoint region
[2022-06-13T03:15:16.779+0000][1][safepoint    ] Total time for which application threads were stopped: 0.0008169 seconds, Stopping threads took: 0.0003181 seconds
[2022-06-13T03:15:17.780+0000][1][safepoint    ] Application time: 1.0002135 seconds
[2022-06-13T03:15:17.781+0000][1][safepoint    ] Entering safepoint region: Cleanup
[2022-06-13T03:15:17.781+0000][1][safepoint    ] Leaving safepoint region
[2022-06-13T03:15:17.781+0000][1][safepoint    ] Total time for which application threads were stopped: 0.0007113 seconds, Stopping threads took: 0.0003498 seconds
[2022-06-13T03:15:18.782+0000][1][safepoint    ] Application time: 1.0001077 seconds
[2022-06-13T03:15:18.782+0000][1][safepoint    ] Entering safepoint region: Cleanup
[2022-06-13T03:15:18.782+0000][1][safepoint    ] Leaving safepoint region
[2022-06-13T03:15:18.783+0000][1][safepoint    ] Total time for which application threads were stopped: 0.0006609 seconds, Stopping threads took: 0.0003647 seconds
[2022-06-13T03:15:19.783+0000][1][safepoint    ] Application time: 1.0001608 seconds
[2022-06-13T03:15:19.784+0000][1][safepoint    ] Entering safepoint region: Cleanup
[2022-06-13T03:15:19.784+0000][1][safepoint    ] Leaving safepoint region
[2022-06-13T03:15:19.785+0000][1][safepoint    ] Total time for which application threads were stopped: 0.0009429 seconds, Stopping threads took: 0.0004914 seconds
[2022-06-13T03:15:20.785+0000][1][safepoint    ] Application time: 1.0001888 seconds
[2022-06-13T03:15:20.786+0000][1][safepoint    ] Entering safepoint region: Cleanup
[2022-06-13T03:15:20.786+0000][1][safepoint    ] Leaving safepoint region
[2022-06-13T03:15:20.787+0000][1][safepoint    ] Total time for which application threads were stopped: 0.0007921 seconds, Stopping threads took: 0.0003600 seconds
[2022-06-13T03:15:21.787+0000][1][safepoint    ] Application time: 1.0002030 seconds
[2022-06-13T03:15:21.788+0000][1][safepoint    ] Entering safepoint region: Cleanup
[2022-06-13T03:15:21.788+0000][1][safepoint    ] Leaving safepoint region
[2022-06-13T03:15:21.789+0000][1][safepoint    ] Total time for which application threads were stopped: 0.0007457 seconds, Stopping threads took: 0.0003409 seconds
[2022-06-13T03:15:22.789+0000][1][safepoint    ] Application time: 1.0002433 seconds
[2022-06-13T03:15:22.790+0000][1][safepoint    ] Entering safepoint region: Cleanup
[2022-06-13T03:15:22.790+0000][1][safepoint    ] Leaving safepoint region
[2022-06-13T03:15:22.790+0000][1][safepoint    ] Total time for which application threads were stopped: 0.0006667 seconds, Stopping threads took: 0.0002825 seconds
[2022-06-13T03:15:23.791+0000][1][safepoint    ] Application time: 1.0002277 seconds
[2022-06-13T03:15:23.791+0000][1][safepoint    ] Entering safepoint region: Cleanup
[2022-06-13T03:15:23.792+0000][1][safepoint    ] Leaving safepoint region
[2022-06-13T03:15:23.792+0000][1][safepoint    ] Total time for which application threads were stopped: 0.0007493 seconds, Stopping threads took: 0.0003521 seconds
[2022-06-13T03:15:24.793+0000][1][safepoint    ] Application time: 1.0002942 seconds
[2022-06-13T03:15:24.793+0000][1][safepoint    ] Entering safepoint region: Cleanup
[2022-06-13T03:15:24.794+0000][1][safepoint    ] Leaving safepoint region
[2022-06-13T03:15:24.794+0000][1][safepoint    ] Total time for which application threads were stopped: 0.0010197 seconds, Stopping threads took: 0.0004345 seconds
[2022-06-13T03:15:25.795+0000][1][safepoint    ] Application time: 1.0001134 seconds
[2022-06-13T03:15:25.795+0000][1][safepoint    ] Entering safepoint region: Cleanup
[2022-06-13T03:15:25.796+0000][1][safepoint    ] Leaving safepoint region
[2022-06-13T03:15:25.796+0000][1][safepoint    ] Total time for which application threads were stopped: 0.0006972 seconds, Stopping threads took: 0.0003871 seconds
[2022-06-13T03:15:26.796+0000][1][safepoint    ] Application time: 1.0001122 seconds
[2022-06-13T03:15:26.797+0000][1][safepoint    ] Entering safepoint region: Cleanup
[2022-06-13T03:15:26.797+0000][1][safepoint    ] Leaving safepoint region
[2022-06-13T03:15:26.798+0000][1][safepoint    ] Total time for which application threads were stopped: 0.0006053 seconds, Stopping threads took: 0.0002474 seconds
[2022-06-13T03:15:27.798+0000][1][safepoint    ] Application time: 1.0001665 seconds
[2022-06-13T03:15:27.798+0000][1][safepoint    ] Entering safepoint region: Cleanup
[2022-06-13T03:15:27.799+0000][1][safepoint    ] Leaving safepoint region
[2022-06-13T03:15:27.799+0000][1][safepoint    ] Total time for which application threads were stopped: 0.0005087 seconds, Stopping threads took: 0.0002371 seconds
[2022-06-13T03:15:28.799+0000][1][safepoint    ] Application time: 1.0002751 seconds
[2022-06-13T03:15:28.800+0000][1][safepoint    ] Entering safepoint region: Cleanup
[2022-06-13T03:15:28.800+0000][1][safepoint    ] Leaving safepoint region
[2022-06-13T03:15:28.800+0000][1][safepoint    ] Total time for which application threads were stopped: 0.0004182 seconds, Stopping threads took: 0.0001660 seconds
[2022-06-13T03:15:29.800+0000][1][safepoint    ] Application time: 1.0001546 seconds
[2022-06-13T03:15:29.801+0000][1][safepoint    ] Entering safepoint region: Cleanup
[2022-06-13T03:15:29.801+0000][1][safepoint    ] Leaving safepoint region
[2022-06-13T03:15:29.802+0000][1][safepoint    ] Total time for which application threads were stopped: 0.0008455 seconds, Stopping threads took: 0.0003412 seconds
[2022-06-13T03:15:30.802+0000][1][safepoint    ] Application time: 1.0001196 seconds
[2022-06-13T03:15:30.803+0000][1][safepoint    ] Entering safepoint region: Cleanup
[2022-06-13T03:15:30.803+0000][1][safepoint    ] Leaving safepoint region
[2022-06-13T03:15:30.803+0000][1][safepoint    ] Total time for which application threads were stopped: 0.0007645 seconds, Stopping threads took: 0.0003891 seconds
[2022-06-13T03:15:31.804+0000][1][safepoint    ] Application time: 1.0003820 seconds
[2022-06-13T03:15:31.805+0000][1][safepoint    ] Entering safepoint region: Cleanup
[2022-06-13T03:15:31.805+0000][1][safepoint    ] Leaving safepoint region
[2022-06-13T03:15:31.806+0000][1][safepoint    ] Total time for which application threads were stopped: 0.0011462 seconds, Stopping threads took: 0.0004616 seconds
[2022-06-13T03:15:32.807+0000][1][safepoint    ] Application time: 1.0003244 seconds
[2022-06-13T03:15:32.807+0000][1][safepoint    ] Entering safepoint region: Cleanup
[2022-06-13T03:15:32.807+0000][1][safepoint    ] Leaving safepoint region
[2022-06-13T03:15:32.808+0000][1][safepoint    ] Total time for which application threads were stopped: 0.0008972 seconds, Stopping threads took: 0.0003928 seconds
[2022-06-13T03:15:33.809+0000][1][safepoint    ] Application time: 1.0003402 seconds
[2022-06-13T03:15:33.809+0000][1][safepoint    ] Entering safepoint region: Cleanup
[2022-06-13T03:15:33.810+0000][1][safepoint    ] Leaving safepoint region
[2022-06-13T03:15:33.811+0000][1][safepoint    ] Total time for which application threads were stopped: 0.0012213 seconds, Stopping threads took: 0.0005978 seconds
[2022-06-13T03:15:34.811+0000][1][safepoint    ] Application time: 1.0002324 seconds
[2022-06-13T03:15:34.812+0000][1][safepoint    ] Entering safepoint region: Cleanup
[2022-06-13T03:15:34.813+0000][1][safepoint    ] Leaving safepoint region
[2022-06-13T03:15:34.813+0000][1][safepoint    ] Total time for which application threads were stopped: 0.0011549 seconds, Stopping threads took: 0.0005373 seconds
[2022-06-13T03:15:35.814+0000][1][safepoint    ] Application time: 1.0002285 seconds
[2022-06-13T03:15:35.815+0000][1][safepoint    ] Entering safepoint region: Cleanup
[2022-06-13T03:15:35.815+0000][1][safepoint    ] Leaving safepoint region
[2022-06-13T03:15:35.816+0000][1][safepoint    ] Total time for which application threads were stopped: 0.0012001 seconds, Stopping threads took: 0.0005535 seconds
[2022-06-13T03:15:36.817+0000][1][safepoint    ] Application time: 1.0002308 seconds
[2022-06-13T03:15:36.817+0000][1][safepoint    ] Entering safepoint region: Cleanup
[2022-06-13T03:15:36.818+0000][1][safepoint    ] Leaving safepoint region
[2022-06-13T03:15:36.818+0000][1][safepoint    ] Total time for which application threads were stopped: 0.0008282 seconds, Stopping threads took: 0.0003751 seconds
[2022-06-13T03:15:37.819+0000][1][safepoint    ] Application time: 1.0003280 seconds
[2022-06-13T03:15:37.820+0000][1][safepoint    ] Entering safepoint region: Cleanup
[2022-06-13T03:15:37.820+0000][1][safepoint    ] Leaving safepoint region
[2022-06-13T03:15:37.821+0000][1][safepoint    ] Total time for which application threads were stopped: 0.0011164 seconds, Stopping threads took: 0.0003847 seconds
[2022-06-13T03:15:38.822+0000][1][safepoint    ] Application time: 1.0002931 seconds
[2022-06-13T03:15:38.822+0000][1][safepoint    ] Entering safepoint region: Cleanup
[2022-06-13T03:15:38.823+0000][1][safepoint    ] Leaving safepoint region
[2022-06-13T03:15:38.823+0000][1][safepoint    ] Total time for which application threads were stopped: 0.0010080 seconds, Stopping threads took: 0.0005092 seconds
[2022-06-13T03:15:39.824+0000][1][safepoint    ] Application time: 1.0001808 seconds
[2022-06-13T03:15:39.825+0000][1][safepoint    ] Entering safepoint region: Cleanup
[2022-06-13T03:15:39.825+0000][1][safepoint    ] Leaving safepoint region
[2022-06-13T03:15:39.825+0000][1][safepoint    ] Total time for which application threads were stopped: 0.0009175 seconds, Stopping threads took: 0.0004502 seconds
[2022-06-13T03:15:40.826+0000][1][safepoint    ] Application time: 1.0001183 seconds
[2022-06-13T03:15:40.826+0000][1][safepoint    ] Entering safepoint region: Cleanup
[2022-06-13T03:15:40.827+0000][1][safepoint    ] Leaving safepoint region
[2022-06-13T03:15:40.827+0000][1][safepoint    ] Total time for which application threads were stopped: 0.0006157 seconds, Stopping threads took: 0.0002788 seconds
[2022-06-13T03:15:41.827+0000][1][safepoint    ] Application time: 1.0001816 seconds
[2022-06-13T03:15:41.828+0000][1][safepoint    ] Entering safepoint region: Cleanup
[2022-06-13T03:15:41.828+0000][1][safepoint    ] Leaving safepoint region
[2022-06-13T03:15:41.829+0000][1][safepoint    ] Total time for which application threads were stopped: 0.0006795 seconds, Stopping threads took: 0.0002284 seconds
[2022-06-13T03:15:42.829+0000][1][safepoint    ] Application time: 1.0001574 seconds
[2022-06-13T03:15:42.830+0000][1][safepoint    ] Entering safepoint region: Cleanup
[2022-06-13T03:15:42.830+0000][1][safepoint    ] Leaving safepoint region
[2022-06-13T03:15:42.830+0000][1][safepoint    ] Total time for which application threads were stopped: 0.0005645 seconds, Stopping threads took: 0.0002527 seconds
[2022-06-13T03:15:43.831+0000][1][safepoint    ] Application time: 1.0001968 seconds
[2022-06-13T03:15:43.831+0000][1][safepoint    ] Entering safepoint region: Cleanup
[2022-06-13T03:15:43.831+0000][1][safepoint    ] Leaving safepoint region
[2022-06-13T03:15:43.832+0000][1][safepoint    ] Total time for which application threads were stopped: 0.0009257 seconds, Stopping threads took: 0.0004208 seconds
[2022-06-13T03:15:44.832+0000][1][safepoint    ] Application time: 1.0001148 seconds
[2022-06-13T03:15:44.833+0000][1][safepoint    ] Entering safepoint region: Cleanup
[2022-06-13T03:15:44.833+0000][1][safepoint    ] Leaving safepoint region
[2022-06-13T03:15:44.834+0000][1][safepoint    ] Total time for which application threads were stopped: 0.0005788 seconds, Stopping threads took: 0.0002923 seconds
[2022-06-13T03:15:45.834+0000][1][safepoint    ] Application time: 1.0004313 seconds
[2022-06-13T03:15:45.835+0000][1][safepoint    ] Entering safepoint region: Cleanup
[2022-06-13T03:15:45.835+0000][1][safepoint    ] Leaving safepoint region
[2022-06-13T03:15:45.836+0000][1][safepoint    ] Total time for which application threads were stopped: 0.0008482 seconds, Stopping threads took: 0.0003449 seconds
[2022-06-13T03:15:46.836+0000][1][safepoint    ] Application time: 1.0002222 seconds
[2022-06-13T03:15:46.837+0000][1][safepoint    ] Entering safepoint region: Cleanup
[2022-06-13T03:15:46.838+0000][1][safepoint    ] Leaving safepoint region
[2022-06-13T03:15:46.838+0000][1][safepoint    ] Total time for which application threads were stopped: 0.0011369 seconds, Stopping threads took: 0.0005080 seconds
[2022-06-13T03:15:47.839+0000][1][safepoint    ] Application time: 1.0001977 seconds
[2022-06-13T03:15:47.839+0000][1][safepoint    ] Entering safepoint region: Cleanup
[2022-06-13T03:15:47.840+0000][1][safepoint    ] Leaving safepoint region
[2022-06-13T03:15:47.840+0000][1][safepoint    ] Total time for which application threads were stopped: 0.0009272 seconds, Stopping threads took: 0.0004741 seconds
[2022-06-13T03:15:48.841+0000][1][safepoint    ] Application time: 1.0002032 seconds
[2022-06-13T03:15:48.841+0000][1][safepoint    ] Entering safepoint region: Cleanup
[2022-06-13T03:15:48.842+0000][1][safepoint    ] Leaving safepoint region
[2022-06-13T03:15:48.842+0000][1][safepoint    ] Total time for which application threads were stopped: 0.0008462 seconds, Stopping threads took: 0.0003986 seconds
[2022-06-13T03:15:49.843+0000][1][safepoint    ] Application time: 1.0002200 seconds
[2022-06-13T03:15:49.843+0000][1][safepoint    ] Entering safepoint region: Cleanup
[2022-06-13T03:15:49.844+0000][1][safepoint    ] Leaving safepoint region
[2022-06-13T03:15:49.844+0000][1][safepoint    ] Total time for which application threads were stopped: 0.0005523 seconds, Stopping threads took: 0.0002528 seconds
[2022-06-13T03:15:50.844+0000][1][safepoint    ] Application time: 1.0001810 seconds
[2022-06-13T03:15:50.845+0000][1][safepoint    ] Entering safepoint region: Cleanup
[2022-06-13T03:15:50.845+0000][1][safepoint    ] Leaving safepoint region
[2022-06-13T03:15:50.846+0000][1][safepoint    ] Total time for which application threads were stopped: 0.0007913 seconds, Stopping threads took: 0.0003546 seconds
[2022-06-13T03:15:51.846+0000][1][safepoint    ] Application time: 1.0001393 seconds
[2022-06-13T03:15:51.847+0000][1][safepoint    ] Entering safepoint region: Cleanup
[2022-06-13T03:15:51.848+0000][1][safepoint    ] Leaving safepoint region
[2022-06-13T03:15:51.848+0000][1][safepoint    ] Total time for which application threads were stopped: 0.0014514 seconds, Stopping threads took: 0.0006730 seconds
[2022-06-13T03:15:52.849+0000][1][safepoint    ] Application time: 1.0002462 seconds
[2022-06-13T03:15:52.850+0000][1][safepoint    ] Entering safepoint region: Cleanup
[2022-06-13T03:15:52.850+0000][1][safepoint    ] Leaving safepoint region
[2022-06-13T03:15:52.850+0000][1][safepoint    ] Total time for which application threads were stopped: 0.0005827 seconds, Stopping threads took: 0.0002528 seconds
[2022-06-13T03:15:59.550+0000][1][safepoint    ] Application time: 6.6995656 seconds
[2022-06-13T03:15:59.550+0000][1][safepoint    ] Entering safepoint region: Cleanup
[2022-06-13T03:15:59.551+0000][1][safepoint    ] Leaving safepoint region
[2022-06-13T03:15:59.551+0000][1][safepoint    ] Total time for which application threads were stopped: 0.0009451 seconds, Stopping threads took: 0.0003832 seconds
[2022-06-13T03:16:13.554+0000][1][safepoint    ] Application time: 14.0024171 seconds
[2022-06-13T03:16:13.555+0000][1][safepoint    ] Entering safepoint region: Cleanup
[2022-06-13T03:16:13.555+0000][1][safepoint    ] Leaving safepoint region
[2022-06-13T03:16:13.555+0000][1][safepoint    ] Total time for which application threads were stopped: 0.0007621 seconds, Stopping threads took: 0.0003161 seconds
[2022-06-13T03:16:16.553+0000][1][safepoint    ] Application time: 2.9971819 seconds
[2022-06-13T03:16:16.553+0000][1][safepoint    ] Entering safepoint region: GenCollectForAllocation
[2022-06-13T03:16:16.554+0000][1][gc,start     ] GC(30) Pause Young (Allocation Failure)
[2022-06-13T03:16:16.554+0000][1][gc,task      ] GC(30) Using 5 workers of 13 for evacuation
[2022-06-13T03:16:16.556+0000][1][gc,age       ] GC(30) Desired survivor size 4456448 bytes, new threshold 6 (max threshold 6)
[2022-06-13T03:16:16.556+0000][1][gc,age       ] GC(30) Age table with threshold 6 (max threshold 6)
[2022-06-13T03:16:16.556+0000][1][gc,age       ] GC(30) - age   1:      36600 bytes,      36600 total
[2022-06-13T03:16:16.557+0000][1][gc,age       ] GC(30) - age   2:      14056 bytes,      50656 total
[2022-06-13T03:16:16.557+0000][1][gc,age       ] GC(30) - age   3:      13688 bytes,      64344 total
[2022-06-13T03:16:16.557+0000][1][gc,age       ] GC(30) - age   4:      30864 bytes,      95208 total
[2022-06-13T03:16:16.557+0000][1][gc,age       ] GC(30) - age   5:      13520 bytes,     108728 total
[2022-06-13T03:16:16.558+0000][1][gc,age       ] GC(30) - age   6:      28424 bytes,     137152 total
[2022-06-13T03:16:16.558+0000][1][gc,heap      ] GC(30) ParNew: 70335K->247K(78656K)
[2022-06-13T03:16:16.558+0000][1][gc,heap      ] GC(30) CMS: 69077K->69092K(174784K)
[2022-06-13T03:16:16.558+0000][1][gc,metaspace ] GC(30) Metaspace: 65387K->65387K(1110016K)
[2022-06-13T03:16:16.559+0000][1][gc           ] GC(30) Pause Young (Allocation Failure) 136M->67M(247M) 4.778ms
[2022-06-13T03:16:16.559+0000][1][gc,cpu       ] GC(30) User=0.01s Sys=0.00s Real=0.00s
[2022-06-13T03:16:16.559+0000][1][safepoint    ] Leaving safepoint region
[2022-06-13T03:16:16.560+0000][1][safepoint    ] Total time for which application threads were stopped: 0.0064477 seconds, Stopping threads took: 0.0005307 seconds
[2022-06-13T03:16:23.561+0000][1][safepoint    ] Application time: 7.0013608 seconds
[2022-06-13T03:16:23.562+0000][1][safepoint    ] Entering safepoint region: Cleanup
[2022-06-13T03:16:23.562+0000][1][safepoint    ] Leaving safepoint region
[2022-06-13T03:16:23.563+0000][1][safepoint    ] Total time for which application threads were stopped: 0.0007961 seconds, Stopping threads took: 0.0004824 seconds
[2022-06-13T03:16:26.563+0000][1][safepoint    ] Application time: 3.0005040 seconds
[2022-06-13T03:16:26.564+0000][1][safepoint    ] Entering safepoint region: Cleanup
[2022-06-13T03:16:26.565+0000][1][safepoint    ] Leaving safepoint region
[2022-06-13T03:16:26.565+0000][1][safepoint    ] Total time for which application threads were stopped: 0.0009151 seconds, Stopping threads took: 0.0004204 seconds
[2022-06-13T03:16:44.568+0000][1][safepoint    ] Application time: 18.0031703 seconds
[2022-06-13T03:16:44.569+0000][1][safepoint    ] Entering safepoint region: Cleanup
[2022-06-13T03:16:44.569+0000][1][safepoint    ] Leaving safepoint region
[2022-06-13T03:16:44.570+0000][1][safepoint    ] Total time for which application threads were stopped: 0.0007278 seconds, Stopping threads took: 0.0002471 seconds
[2022-06-13T03:16:45.570+0000][1][safepoint    ] Application time: 1.0001226 seconds
[2022-06-13T03:16:45.571+0000][1][safepoint    ] Entering safepoint region: Cleanup
[2022-06-13T03:16:45.571+0000][1][safepoint    ] Leaving safepoint region
[2022-06-13T03:16:45.572+0000][1][safepoint    ] Total time for which application threads were stopped: 0.0009585 seconds, Stopping threads took: 0.0004949 seconds
[2022-06-13T03:16:46.572+0000][1][safepoint    ] Application time: 1.0001876 seconds
[2022-06-13T03:16:46.573+0000][1][safepoint    ] Entering safepoint region: Cleanup
[2022-06-13T03:16:46.573+0000][1][safepoint    ] Leaving safepoint region
[2022-06-13T03:16:46.574+0000][1][safepoint    ] Total time for which application threads were stopped: 0.0011290 seconds, Stopping threads took: 0.0005227 seconds
[2022-06-13T03:16:47.575+0000][1][safepoint    ] Application time: 1.0002121 seconds
[2022-06-13T03:16:47.575+0000][1][safepoint    ] Entering safepoint region: Cleanup
[2022-06-13T03:16:47.575+0000][1][safepoint    ] Leaving safepoint region
[2022-06-13T03:16:47.576+0000][1][safepoint    ] Total time for which application threads were stopped: 0.0006445 seconds, Stopping threads took: 0.0002949 seconds
[2022-06-13T03:16:48.576+0000][1][safepoint    ] Application time: 1.0002325 seconds
[2022-06-13T03:16:48.577+0000][1][safepoint    ] Entering safepoint region: Cleanup
[2022-06-13T03:16:48.577+0000][1][safepoint    ] Leaving safepoint region
[2022-06-13T03:16:48.577+0000][1][safepoint    ] Total time for which application threads were stopped: 0.0005315 seconds, Stopping threads took: 0.0002306 seconds
[2022-06-13T03:16:49.578+0000][1][safepoint    ] Application time: 1.0002343 seconds
[2022-06-13T03:16:49.578+0000][1][safepoint    ] Entering safepoint region: Cleanup
[2022-06-13T03:16:49.578+0000][1][safepoint    ] Leaving safepoint region
[2022-06-13T03:16:49.578+0000][1][safepoint    ] Total time for which application threads were stopped: 0.0005387 seconds, Stopping threads took: 0.0002966 seconds
[2022-06-13T03:16:50.579+0000][1][safepoint    ] Application time: 1.0001889 seconds
[2022-06-13T03:16:50.579+0000][1][safepoint    ] Entering safepoint region: Cleanup
[2022-06-13T03:16:50.580+0000][1][safepoint    ] Leaving safepoint region
[2022-06-13T03:16:50.580+0000][1][safepoint    ] Total time for which application threads were stopped: 0.0007424 seconds, Stopping threads took: 0.0003496 seconds
[2022-06-13T03:16:51.581+0000][1][safepoint    ] Application time: 1.0002144 seconds
[2022-06-13T03:16:51.581+0000][1][safepoint    ] Entering safepoint region: Cleanup
[2022-06-13T03:16:51.582+0000][1][safepoint    ] Leaving safepoint region
[2022-06-13T03:16:51.582+0000][1][safepoint    ] Total time for which application threads were stopped: 0.0008139 seconds, Stopping threads took: 0.0004290 seconds
[2022-06-13T03:16:52.582+0000][1][safepoint    ] Application time: 1.0002662 seconds
[2022-06-13T03:16:52.583+0000][1][safepoint    ] Entering safepoint region: Cleanup
[2022-06-13T03:16:52.584+0000][1][safepoint    ] Leaving safepoint region
[2022-06-13T03:16:52.585+0000][1][safepoint    ] Total time for which application threads were stopped: 0.0013637 seconds, Stopping threads took: 0.0005002 seconds
[2022-06-13T03:16:53.586+0000][1][safepoint    ] Application time: 1.0002557 seconds
[2022-06-13T03:16:53.586+0000][1][safepoint    ] Entering safepoint region: Cleanup
[2022-06-13T03:16:53.586+0000][1][safepoint    ] Leaving safepoint region
[2022-06-13T03:16:53.587+0000][1][safepoint    ] Total time for which application threads were stopped: 0.0008696 seconds, Stopping threads took: 0.0003928 seconds
[2022-06-13T03:16:54.588+0000][1][safepoint    ] Application time: 1.0002251 seconds
[2022-06-13T03:16:54.588+0000][1][safepoint    ] Entering safepoint region: Cleanup
[2022-06-13T03:16:54.589+0000][1][safepoint    ] Leaving safepoint region
[2022-06-13T03:16:54.589+0000][1][safepoint    ] Total time for which application threads were stopped: 0.0007809 seconds, Stopping threads took: 0.0003821 seconds
[2022-06-13T03:16:55.590+0000][1][safepoint    ] Application time: 1.0002505 seconds
[2022-06-13T03:16:55.590+0000][1][safepoint    ] Entering safepoint region: Cleanup
[2022-06-13T03:16:55.591+0000][1][safepoint    ] Leaving safepoint region
[2022-06-13T03:16:55.591+0000][1][safepoint    ] Total time for which application threads were stopped: 0.0009072 seconds, Stopping threads took: 0.0004219 seconds
[2022-06-13T03:16:56.592+0000][1][safepoint    ] Application time: 1.0002786 seconds
[2022-06-13T03:16:56.592+0000][1][safepoint    ] Entering safepoint region: Cleanup
[2022-06-13T03:16:56.593+0000][1][safepoint    ] Leaving safepoint region
[2022-06-13T03:16:56.593+0000][1][safepoint    ] Total time for which application threads were stopped: 0.0006911 seconds, Stopping threads took: 0.0002582 seconds
[2022-06-13T03:16:57.593+0000][1][safepoint    ] Application time: 1.0001571 seconds
[2022-06-13T03:16:57.594+0000][1][safepoint    ] Entering safepoint region: Cleanup
[2022-06-13T03:16:57.594+0000][1][safepoint    ] Leaving safepoint region
[2022-06-13T03:16:57.595+0000][1][safepoint    ] Total time for which application threads were stopped: 0.0006579 seconds, Stopping threads took: 0.0003053 seconds
[2022-06-13T03:16:58.595+0000][1][safepoint    ] Application time: 1.0002340 seconds
[2022-06-13T03:16:58.595+0000][1][safepoint    ] Entering safepoint region: Cleanup
[2022-06-13T03:16:58.596+0000][1][safepoint    ] Leaving safepoint region
[2022-06-13T03:16:58.596+0000][1][safepoint    ] Total time for which application threads were stopped: 0.0008684 seconds, Stopping threads took: 0.0003993 seconds
[2022-06-13T03:16:59.597+0000][1][safepoint    ] Application time: 1.0000958 seconds
[2022-06-13T03:16:59.597+0000][1][safepoint    ] Entering safepoint region: Cleanup
[2022-06-13T03:16:59.597+0000][1][safepoint    ] Leaving safepoint region
[2022-06-13T03:16:59.597+0000][1][safepoint    ] Total time for which application threads were stopped: 0.0004081 seconds, Stopping threads took: 0.0001850 seconds
[2022-06-13T03:17:00.598+0000][1][safepoint    ] Application time: 1.0002828 seconds
[2022-06-13T03:17:00.598+0000][1][safepoint    ] Entering safepoint region: Cleanup
[2022-06-13T03:17:00.599+0000][1][safepoint    ] Leaving safepoint region
[2022-06-13T03:17:00.599+0000][1][safepoint    ] Total time for which application threads were stopped: 0.0005083 seconds, Stopping threads took: 0.0001566 seconds
[2022-06-13T03:17:01.599+0000][1][safepoint    ] Application time: 1.0001968 seconds
[2022-06-13T03:17:01.600+0000][1][safepoint    ] Entering safepoint region: Cleanup
[2022-06-13T03:17:01.600+0000][1][safepoint    ] Leaving safepoint region
[2022-06-13T03:17:01.600+0000][1][safepoint    ] Total time for which application threads were stopped: 0.0006660 seconds, Stopping threads took: 0.0003556 seconds
[2022-06-13T03:17:02.601+0000][1][safepoint    ] Application time: 1.0002036 seconds
[2022-06-13T03:17:02.601+0000][1][safepoint    ] Entering safepoint region: Cleanup
[2022-06-13T03:17:02.602+0000][1][safepoint    ] Leaving safepoint region
[2022-06-13T03:17:02.603+0000][1][safepoint    ] Total time for which application threads were stopped: 0.0012543 seconds, Stopping threads took: 0.0005760 seconds
[2022-06-13T03:17:03.603+0000][1][safepoint    ] Application time: 1.0001707 seconds
[2022-06-13T03:17:03.604+0000][1][safepoint    ] Entering safepoint region: Cleanup
[2022-06-13T03:17:03.604+0000][1][safepoint    ] Leaving safepoint region
[2022-06-13T03:17:03.604+0000][1][safepoint    ] Total time for which application threads were stopped: 0.0006836 seconds, Stopping threads took: 0.0003592 seconds
[2022-06-13T03:17:04.605+0000][1][safepoint    ] Application time: 1.0002675 seconds
[2022-06-13T03:17:04.605+0000][1][safepoint    ] Entering safepoint region: Cleanup
[2022-06-13T03:17:04.606+0000][1][safepoint    ] Leaving safepoint region
[2022-06-13T03:17:04.606+0000][1][safepoint    ] Total time for which application threads were stopped: 0.0006041 seconds, Stopping threads took: 0.0002544 seconds
[2022-06-13T03:17:05.606+0000][1][safepoint    ] Application time: 1.0001065 seconds
[2022-06-13T03:17:05.607+0000][1][safepoint    ] Entering safepoint region: Cleanup
[2022-06-13T03:17:05.607+0000][1][safepoint    ] Leaving safepoint region
[2022-06-13T03:17:05.607+0000][1][safepoint    ] Total time for which application threads were stopped: 0.0004827 seconds, Stopping threads took: 0.0002439 seconds
[2022-06-13T03:17:06.608+0000][1][safepoint    ] Application time: 1.0003180 seconds
[2022-06-13T03:17:06.608+0000][1][safepoint    ] Entering safepoint region: Cleanup
[2022-06-13T03:17:06.609+0000][1][safepoint    ] Leaving safepoint region
[2022-06-13T03:17:06.609+0000][1][safepoint    ] Total time for which application threads were stopped: 0.0007413 seconds, Stopping threads took: 0.0003543 seconds
[2022-06-13T03:17:07.609+0000][1][safepoint    ] Application time: 1.0001695 seconds
[2022-06-13T03:17:07.610+0000][1][safepoint    ] Entering safepoint region: Cleanup
[2022-06-13T03:17:07.610+0000][1][safepoint    ] Leaving safepoint region
[2022-06-13T03:17:07.611+0000][1][safepoint    ] Total time for which application threads were stopped: 0.0008361 seconds, Stopping threads took: 0.0003722 seconds
[2022-06-13T03:17:08.611+0000][1][safepoint    ] Application time: 1.0002460 seconds
[2022-06-13T03:17:08.612+0000][1][safepoint    ] Entering safepoint region: Cleanup
[2022-06-13T03:17:08.612+0000][1][safepoint    ] Leaving safepoint region
[2022-06-13T03:17:08.612+0000][1][safepoint    ] Total time for which application threads were stopped: 0.0005289 seconds, Stopping threads took: 0.0002631 seconds
[2022-06-13T03:17:09.613+0000][1][safepoint    ] Application time: 1.0002999 seconds
[2022-06-13T03:17:09.613+0000][1][safepoint    ] Entering safepoint region: Cleanup
[2022-06-13T03:17:09.614+0000][1][safepoint    ] Leaving safepoint region
[2022-06-13T03:17:09.614+0000][1][safepoint    ] Total time for which application threads were stopped: 0.0007991 seconds, Stopping threads took: 0.0003669 seconds
[2022-06-13T03:17:11.183+0000][1][safepoint    ] Application time: 1.5687769 seconds
[2022-06-13T03:17:11.184+0000][1][safepoint    ] Entering safepoint region: Cleanup
[2022-06-13T03:17:11.184+0000][1][safepoint    ] Leaving safepoint region
[2022-06-13T03:17:11.185+0000][1][safepoint    ] Total time for which application threads were stopped: 0.0010327 seconds, Stopping threads took: 0.0004690 seconds
[2022-06-13T03:17:12.185+0000][1][safepoint    ] Application time: 1.0001527 seconds
[2022-06-13T03:17:12.186+0000][1][safepoint    ] Entering safepoint region: Cleanup
[2022-06-13T03:17:12.186+0000][1][safepoint    ] Leaving safepoint region
[2022-06-13T03:17:12.186+0000][1][safepoint    ] Total time for which application threads were stopped: 0.0004509 seconds, Stopping threads took: 0.0001549 seconds
[2022-06-13T03:17:13.187+0000][1][safepoint    ] Application time: 1.0002097 seconds
[2022-06-13T03:17:13.187+0000][1][safepoint    ] Entering safepoint region: Cleanup
[2022-06-13T03:17:13.188+0000][1][safepoint    ] Leaving safepoint region
[2022-06-13T03:17:13.188+0000][1][safepoint    ] Total time for which application threads were stopped: 0.0006062 seconds, Stopping threads took: 0.0003250 seconds
[2022-06-13T03:17:14.188+0000][1][safepoint    ] Application time: 1.0001733 seconds
[2022-06-13T03:17:14.189+0000][1][safepoint    ] Entering safepoint region: Cleanup
[2022-06-13T03:17:14.189+0000][1][safepoint    ] Leaving safepoint region
[2022-06-13T03:17:14.190+0000][1][safepoint    ] Total time for which application threads were stopped: 0.0008011 seconds, Stopping threads took: 0.0003692 seconds
[2022-06-13T03:17:15.190+0000][1][safepoint    ] Application time: 1.0002317 seconds
[2022-06-13T03:17:15.191+0000][1][safepoint    ] Entering safepoint region: Cleanup
[2022-06-13T03:17:15.191+0000][1][safepoint    ] Leaving safepoint region
[2022-06-13T03:17:15.191+0000][1][safepoint    ] Total time for which application threads were stopped: 0.0007649 seconds, Stopping threads took: 0.0003591 seconds
[2022-06-13T03:17:16.192+0000][1][safepoint    ] Application time: 1.0002053 seconds
[2022-06-13T03:17:16.193+0000][1][safepoint    ] Entering safepoint region: Cleanup
[2022-06-13T03:17:16.194+0000][1][safepoint    ] Leaving safepoint region
[2022-06-13T03:17:16.194+0000][1][safepoint    ] Total time for which application threads were stopped: 0.0013084 seconds, Stopping threads took: 0.0005617 seconds
[2022-06-13T03:17:17.195+0000][1][safepoint    ] Application time: 1.0002400 seconds
[2022-06-13T03:17:17.195+0000][1][safepoint    ] Entering safepoint region: Cleanup
[2022-06-13T03:17:17.196+0000][1][safepoint    ] Leaving safepoint region
[2022-06-13T03:17:17.196+0000][1][safepoint    ] Total time for which application threads were stopped: 0.0008270 seconds, Stopping threads took: 0.0004142 seconds
[2022-06-13T03:17:18.197+0000][1][safepoint    ] Application time: 1.0002631 seconds
[2022-06-13T03:17:18.198+0000][1][safepoint    ] Entering safepoint region: Cleanup
[2022-06-13T03:17:18.198+0000][1][safepoint    ] Leaving safepoint region
[2022-06-13T03:17:18.198+0000][1][safepoint    ] Total time for which application threads were stopped: 0.0007272 seconds, Stopping threads took: 0.0003364 seconds
[2022-06-13T03:17:19.199+0000][1][safepoint    ] Application time: 1.0002194 seconds
[2022-06-13T03:17:19.199+0000][1][safepoint    ] Entering safepoint region: Cleanup
[2022-06-13T03:17:19.200+0000][1][safepoint    ] Leaving safepoint region
[2022-06-13T03:17:19.200+0000][1][safepoint    ] Total time for which application threads were stopped: 0.0007227 seconds, Stopping threads took: 0.0003228 seconds
[2022-06-13T03:17:20.201+0000][1][safepoint    ] Application time: 1.0002139 seconds
[2022-06-13T03:17:20.201+0000][1][safepoint    ] Entering safepoint region: Cleanup
[2022-06-13T03:17:20.202+0000][1][safepoint    ] Leaving safepoint region
[2022-06-13T03:17:20.202+0000][1][safepoint    ] Total time for which application threads were stopped: 0.0009706 seconds, Stopping threads took: 0.0003395 seconds
[2022-06-13T03:17:21.203+0000][1][safepoint    ] Application time: 1.0001699 seconds
[2022-06-13T03:17:21.204+0000][1][safepoint    ] Entering safepoint region: Cleanup
[2022-06-13T03:17:21.204+0000][1][safepoint    ] Leaving safepoint region
[2022-06-13T03:17:21.205+0000][1][safepoint    ] Total time for which application threads were stopped: 0.0010387 seconds, Stopping threads took: 0.0004412 seconds
[2022-06-13T03:17:21.693+0000][1][safepoint    ] Application time: 0.4884748 seconds
[2022-06-13T03:17:21.694+0000][1][safepoint    ] Entering safepoint region: RevokeBias
[2022-06-13T03:17:21.694+0000][1][safepoint    ] Leaving safepoint region
[2022-06-13T03:17:21.694+0000][1][safepoint    ] Total time for which application threads were stopped: 0.0005613 seconds, Stopping threads took: 0.0001858 seconds
[2022-06-13T03:17:21.695+0000][1][safepoint    ] Application time: 0.0003688 seconds
[2022-06-13T03:17:21.695+0000][1][safepoint    ] Entering safepoint region: RevokeBias
[2022-06-13T03:17:21.696+0000][1][safepoint    ] Leaving safepoint region
[2022-06-13T03:17:21.696+0000][1][safepoint    ] Total time for which application threads were stopped: 0.0007784 seconds, Stopping threads took: 0.0003167 seconds
[2022-06-13T03:17:21.697+0000][1][safepoint    ] Application time: 0.0008645 seconds
[2022-06-13T03:17:21.698+0000][1][safepoint    ] Entering safepoint region: RevokeBias
[2022-06-13T03:17:21.698+0000][1][safepoint    ] Leaving safepoint region
[2022-06-13T03:17:21.699+0000][1][safepoint    ] Total time for which application threads were stopped: 0.0006627 seconds, Stopping threads took: 0.0003615 seconds
[2022-06-13T03:17:21.699+0000][1][safepoint    ] Application time: 0.0002581 seconds
[2022-06-13T03:17:21.699+0000][1][safepoint    ] Entering safepoint region: RevokeBias
[2022-06-13T03:17:21.700+0000][1][safepoint    ] Leaving safepoint region
[2022-06-13T03:17:21.700+0000][1][safepoint    ] Total time for which application threads were stopped: 0.0004792 seconds, Stopping threads took: 0.0003014 seconds
[2022-06-13T03:17:21.700+0000][1][safepoint    ] Application time: 0.0001854 seconds
[2022-06-13T03:17:21.700+0000][1][safepoint    ] Entering safepoint region: RevokeBias
[2022-06-13T03:17:21.700+0000][1][safepoint    ] Leaving safepoint region
[2022-06-13T03:17:21.701+0000][1][safepoint    ] Total time for which application threads were stopped: 0.0003853 seconds, Stopping threads took: 0.0002091 seconds
[2022-06-13T03:17:21.702+0000][1][safepoint    ] Application time: 0.0009386 seconds
[2022-06-13T03:17:21.702+0000][1][safepoint    ] Entering safepoint region: RevokeBias
[2022-06-13T03:17:21.702+0000][1][safepoint    ] Leaving safepoint region
[2022-06-13T03:17:21.702+0000][1][safepoint    ] Total time for which application threads were stopped: 0.0006801 seconds, Stopping threads took: 0.0002347 seconds
[2022-06-13T03:17:21.704+0000][1][safepoint    ] Application time: 0.0007416 seconds
[2022-06-13T03:17:21.704+0000][1][safepoint    ] Entering safepoint region: RevokeBias
[2022-06-13T03:17:21.704+0000][1][safepoint    ] Leaving safepoint region
[2022-06-13T03:17:21.705+0000][1][safepoint    ] Total time for which application threads were stopped: 0.0007837 seconds, Stopping threads took: 0.0002923 seconds
[2022-06-13T03:17:21.705+0000][1][safepoint    ] Application time: 0.0008524 seconds
[2022-06-13T03:17:21.706+0000][1][safepoint    ] Entering safepoint region: RevokeBias
[2022-06-13T03:17:21.706+0000][1][safepoint    ] Leaving safepoint region
[2022-06-13T03:17:21.706+0000][1][safepoint    ] Total time for which application threads were stopped: 0.0004927 seconds, Stopping threads took: 0.0002309 seconds
[2022-06-13T03:17:21.707+0000][1][safepoint    ] Application time: 0.0004661 seconds
[2022-06-13T03:17:21.707+0000][1][safepoint    ] Entering safepoint region: RevokeBias
[2022-06-13T03:17:21.707+0000][1][safepoint    ] Leaving safepoint region
[2022-06-13T03:17:21.708+0000][1][safepoint    ] Total time for which application threads were stopped: 0.0004640 seconds, Stopping threads took: 0.0001766 seconds
[2022-06-13T03:17:21.708+0000][1][safepoint    ] Application time: 0.0002558 seconds
[2022-06-13T03:17:21.708+0000][1][safepoint    ] Entering safepoint region: RevokeBias
[2022-06-13T03:17:21.709+0000][1][safepoint    ] Leaving safepoint region
[2022-06-13T03:17:21.709+0000][1][safepoint    ] Total time for which application threads were stopped: 0.0005700 seconds, Stopping threads took: 0.0003055 seconds
[2022-06-13T03:17:21.709+0000][1][safepoint    ] Application time: 0.0001215 seconds
[2022-06-13T03:17:21.709+0000][1][safepoint    ] Entering safepoint region: RevokeBias
[2022-06-13T03:17:21.710+0000][1][safepoint    ] Leaving safepoint region
[2022-06-13T03:17:21.710+0000][1][safepoint    ] Total time for which application threads were stopped: 0.0004284 seconds, Stopping threads took: 0.0002873 seconds
[2022-06-13T03:17:21.710+0000][1][safepoint    ] Application time: 0.0002403 seconds
[2022-06-13T03:17:21.710+0000][1][safepoint    ] Entering safepoint region: RevokeBias
[2022-06-13T03:17:21.711+0000][1][safepoint    ] Leaving safepoint region
[2022-06-13T03:17:21.711+0000][1][safepoint    ] Total time for which application threads were stopped: 0.0005071 seconds, Stopping threads took: 0.0002327 seconds
[2022-06-13T03:17:21.711+0000][1][safepoint    ] Application time: 0.0001545 seconds
[2022-06-13T03:17:21.711+0000][1][safepoint    ] Entering safepoint region: RevokeBias
[2022-06-13T03:17:21.711+0000][1][safepoint    ] Leaving safepoint region
[2022-06-13T03:17:21.712+0000][1][safepoint    ] Total time for which application threads were stopped: 0.0003355 seconds, Stopping threads took: 0.0001893 seconds
[2022-06-13T03:17:21.712+0000][1][safepoint    ] Application time: 0.0003592 seconds
[2022-06-13T03:17:21.712+0000][1][safepoint    ] Entering safepoint region: RevokeBias
[2022-06-13T03:17:21.713+0000][1][safepoint    ] Leaving safepoint region
[2022-06-13T03:17:21.713+0000][1][safepoint    ] Total time for which application threads were stopped: 0.0003334 seconds, Stopping threads took: 0.0001808 seconds
[2022-06-13T03:17:21.713+0000][1][safepoint    ] Application time: 0.0002929 seconds
[2022-06-13T03:17:21.713+0000][1][safepoint    ] Entering safepoint region: RevokeBias
[2022-06-13T03:17:21.713+0000][1][safepoint    ] Leaving safepoint region
[2022-06-13T03:17:21.714+0000][1][safepoint    ] Total time for which application threads were stopped: 0.0002711 seconds, Stopping threads took: 0.0001224 seconds
[2022-06-13T03:17:21.714+0000][1][safepoint    ] Application time: 0.0001155 seconds
[2022-06-13T03:17:21.714+0000][1][safepoint    ] Entering safepoint region: RevokeBias
[2022-06-13T03:17:21.714+0000][1][safepoint    ] Leaving safepoint region
[2022-06-13T03:17:21.714+0000][1][safepoint    ] Total time for which application threads were stopped: 0.0004975 seconds, Stopping threads took: 0.0001158 seconds
[2022-06-13T03:17:21.715+0000][1][safepoint    ] Application time: 0.0002909 seconds
[2022-06-13T03:17:21.715+0000][1][safepoint    ] Entering safepoint region: RevokeBias
[2022-06-13T03:17:21.715+0000][1][safepoint    ] Leaving safepoint region
[2022-06-13T03:17:21.715+0000][1][safepoint    ] Total time for which application threads were stopped: 0.0002657 seconds, Stopping threads took: 0.0001337 seconds
[2022-06-13T03:17:21.715+0000][1][safepoint    ] Application time: 0.0001027 seconds
[2022-06-13T03:17:21.716+0000][1][safepoint    ] Entering safepoint region: RevokeBias
[2022-06-13T03:17:21.716+0000][1][safepoint    ] Leaving safepoint region
[2022-06-13T03:17:21.716+0000][1][safepoint    ] Total time for which application threads were stopped: 0.0003479 seconds, Stopping threads took: 0.0001883 seconds
[2022-06-13T03:17:21.716+0000][1][safepoint    ] Application time: 0.0004052 seconds
[2022-06-13T03:17:21.717+0000][1][safepoint    ] Entering safepoint region: RevokeBias
[2022-06-13T03:17:21.717+0000][1][safepoint    ] Leaving safepoint region
[2022-06-13T03:17:21.717+0000][1][safepoint    ] Total time for which application threads were stopped: 0.0003482 seconds, Stopping threads took: 0.0002020 seconds
[2022-06-13T03:17:21.717+0000][1][safepoint    ] Application time: 0.0001682 seconds
[2022-06-13T03:17:21.717+0000][1][safepoint    ] Entering safepoint region: RevokeBias
[2022-06-13T03:17:21.718+0000][1][safepoint    ] Leaving safepoint region
[2022-06-13T03:17:21.718+0000][1][safepoint    ] Total time for which application threads were stopped: 0.0002824 seconds, Stopping threads took: 0.0001543 seconds
[2022-06-13T03:17:21.718+0000][1][safepoint    ] Application time: 0.0001880 seconds
[2022-06-13T03:17:21.718+0000][1][safepoint    ] Entering safepoint region: RevokeBias
[2022-06-13T03:17:21.719+0000][1][safepoint    ] Leaving safepoint region
[2022-06-13T03:17:21.719+0000][1][safepoint    ] Total time for which application threads were stopped: 0.0007384 seconds, Stopping threads took: 0.0001226 seconds
[2022-06-13T03:17:21.719+0000][1][safepoint    ] Application time: 0.0001048 seconds
[2022-06-13T03:17:21.719+0000][1][safepoint    ] Entering safepoint region: RevokeBias
[2022-06-13T03:17:21.719+0000][1][safepoint    ] Leaving safepoint region
[2022-06-13T03:17:21.720+0000][1][safepoint    ] Total time for which application threads were stopped: 0.0003630 seconds, Stopping threads took: 0.0002245 seconds
[2022-06-13T03:17:21.720+0000][1][safepoint    ] Application time: 0.0001140 seconds
[2022-06-13T03:17:21.720+0000][1][safepoint    ] Entering safepoint region: RevokeBias
[2022-06-13T03:17:21.720+0000][1][safepoint    ] Leaving safepoint region
[2022-06-13T03:17:21.720+0000][1][safepoint    ] Total time for which application threads were stopped: 0.0002898 seconds, Stopping threads took: 0.0001544 seconds
[2022-06-13T03:17:21.721+0000][1][safepoint    ] Application time: 0.0002850 seconds
[2022-06-13T03:17:21.721+0000][1][safepoint    ] Entering safepoint region: RevokeBias
[2022-06-13T03:17:21.721+0000][1][safepoint    ] Leaving safepoint region
[2022-06-13T03:17:21.721+0000][1][safepoint    ] Total time for which application threads were stopped: 0.0002880 seconds, Stopping threads took: 0.0001773 seconds
[2022-06-13T03:17:21.721+0000][1][safepoint    ] Application time: 0.0002040 seconds
[2022-06-13T03:17:21.722+0000][1][safepoint    ] Entering safepoint region: RevokeBias
[2022-06-13T03:17:21.722+0000][1][safepoint    ] Leaving safepoint region
[2022-06-13T03:17:21.722+0000][1][safepoint    ] Total time for which application threads were stopped: 0.0003469 seconds, Stopping threads took: 0.0001979 seconds
[2022-06-13T03:17:21.722+0000][1][safepoint    ] Application time: 0.0001541 seconds
[2022-06-13T03:17:21.722+0000][1][safepoint    ] Entering safepoint region: RevokeBias
[2022-06-13T03:17:21.723+0000][1][safepoint    ] Leaving safepoint region
[2022-06-13T03:17:21.723+0000][1][safepoint    ] Total time for which application threads were stopped: 0.0003960 seconds, Stopping threads took: 0.0002297 seconds
[2022-06-13T03:17:21.723+0000][1][safepoint    ] Application time: 0.0002299 seconds
[2022-06-13T03:17:21.723+0000][1][safepoint    ] Entering safepoint region: RevokeBias
[2022-06-13T03:17:21.723+0000][1][safepoint    ] Leaving safepoint region
[2022-06-13T03:17:21.723+0000][1][safepoint    ] Total time for which application threads were stopped: 0.0002915 seconds, Stopping threads took: 0.0001428 seconds
[2022-06-13T03:17:21.724+0000][1][safepoint    ] Application time: 0.0000839 seconds
[2022-06-13T03:17:21.724+0000][1][safepoint    ] Entering safepoint region: RevokeBias
[2022-06-13T03:17:21.724+0000][1][safepoint    ] Leaving safepoint region
[2022-06-13T03:17:21.724+0000][1][safepoint    ] Total time for which application threads were stopped: 0.0005646 seconds, Stopping threads took: 0.0001864 seconds
[2022-06-13T03:17:21.725+0000][1][safepoint    ] Application time: 0.0005502 seconds
[2022-06-13T03:17:21.726+0000][1][safepoint    ] Entering safepoint region: RevokeBias
[2022-06-13T03:17:21.726+0000][1][safepoint    ] Leaving safepoint region
[2022-06-13T03:17:21.726+0000][1][safepoint    ] Total time for which application threads were stopped: 0.0006350 seconds, Stopping threads took: 0.0003002 seconds
[2022-06-13T03:17:21.728+0000][1][safepoint    ] Application time: 0.0013376 seconds
[2022-06-13T03:17:21.728+0000][1][safepoint    ] Entering safepoint region: RevokeBias
[2022-06-13T03:17:21.728+0000][1][safepoint    ] Leaving safepoint region
[2022-06-13T03:17:21.728+0000][1][safepoint    ] Total time for which application threads were stopped: 0.0004331 seconds, Stopping threads took: 0.0002699 seconds
[2022-06-13T03:17:21.835+0000][1][safepoint    ] Application time: 0.1071293 seconds
[2022-06-13T03:17:21.836+0000][1][safepoint    ] Entering safepoint region: RevokeBias
[2022-06-13T03:17:21.837+0000][1][safepoint    ] Leaving safepoint region
[2022-06-13T03:17:21.837+0000][1][safepoint    ] Total time for which application threads were stopped: 0.0010255 seconds, Stopping threads took: 0.0004974 seconds
[2022-06-13T03:17:21.838+0000][1][safepoint    ] Application time: 0.0008040 seconds
[2022-06-13T03:17:21.839+0000][1][safepoint    ] Entering safepoint region: RevokeBias
[2022-06-13T03:17:21.840+0000][1][safepoint    ] Leaving safepoint region
[2022-06-13T03:17:21.840+0000][1][safepoint    ] Total time for which application threads were stopped: 0.0012237 seconds, Stopping threads took: 0.0006016 seconds
[2022-06-13T03:17:21.841+0000][1][safepoint    ] Application time: 0.0000731 seconds
[2022-06-13T03:17:21.841+0000][1][safepoint    ] Entering safepoint region: RevokeBias
[2022-06-13T03:17:21.842+0000][1][safepoint    ] Leaving safepoint region
[2022-06-13T03:17:21.842+0000][1][safepoint    ] Total time for which application threads were stopped: 0.0012174 seconds, Stopping threads took: 0.0005108 seconds
[2022-06-13T03:17:21.843+0000][1][safepoint    ] Application time: 0.0004243 seconds
[2022-06-13T03:17:21.844+0000][1][safepoint    ] Entering safepoint region: RevokeBias
[2022-06-13T03:17:21.844+0000][1][safepoint    ] Leaving safepoint region
[2022-06-13T03:17:21.845+0000][1][safepoint    ] Total time for which application threads were stopped: 0.0010844 seconds, Stopping threads took: 0.0005322 seconds
[2022-06-13T03:17:21.846+0000][1][safepoint    ] Application time: 0.0002534 seconds
[2022-06-13T03:17:21.846+0000][1][safepoint    ] Entering safepoint region: RevokeBias
[2022-06-13T03:17:21.847+0000][1][safepoint    ] Leaving safepoint region
[2022-06-13T03:17:21.847+0000][1][safepoint    ] Total time for which application threads were stopped: 0.0008545 seconds, Stopping threads took: 0.0003830 seconds
[2022-06-13T03:17:21.851+0000][1][safepoint    ] Application time: 0.0039580 seconds
[2022-06-13T03:17:21.853+0000][1][safepoint    ] Entering safepoint region: RevokeBias
[2022-06-13T03:17:21.853+0000][1][safepoint    ] Leaving safepoint region
[2022-06-13T03:17:21.854+0000][1][safepoint    ] Total time for which application threads were stopped: 0.0018085 seconds, Stopping threads took: 0.0013170 seconds
[2022-06-13T03:17:21.855+0000][1][safepoint    ] Application time: 0.0005416 seconds
[2022-06-13T03:17:21.855+0000][1][safepoint    ] Entering safepoint region: RevokeBias
[2022-06-13T03:17:21.855+0000][1][safepoint    ] Leaving safepoint region
[2022-06-13T03:17:21.855+0000][1][safepoint    ] Total time for which application threads were stopped: 0.0006308 seconds, Stopping threads took: 0.0003275 seconds
[2022-06-13T03:17:21.856+0000][1][safepoint    ] Application time: 0.0003149 seconds
[2022-06-13T03:17:21.857+0000][1][safepoint    ] Entering safepoint region: RevokeBias
[2022-06-13T03:17:21.858+0000][1][safepoint    ] Leaving safepoint region
[2022-06-13T03:17:21.858+0000][1][safepoint    ] Total time for which application threads were stopped: 0.0012907 seconds, Stopping threads took: 0.0004874 seconds
[2022-06-13T03:17:21.859+0000][1][safepoint    ] Application time: 0.0005463 seconds
[2022-06-13T03:17:21.860+0000][1][safepoint    ] Entering safepoint region: RevokeBias
[2022-06-13T03:17:21.860+0000][1][safepoint    ] Leaving safepoint region
[2022-06-13T03:17:21.861+0000][1][safepoint    ] Total time for which application threads were stopped: 0.0012853 seconds, Stopping threads took: 0.0007241 seconds
[2022-06-13T03:17:21.863+0000][1][safepoint    ] Application time: 0.0021598 seconds
[2022-06-13T03:17:21.864+0000][1][safepoint    ] Entering safepoint region: RevokeBias
[2022-06-13T03:17:21.864+0000][1][safepoint    ] Leaving safepoint region
[2022-06-13T03:17:21.865+0000][1][safepoint    ] Total time for which application threads were stopped: 0.0008200 seconds, Stopping threads took: 0.0004580 seconds
[2022-06-13T03:17:21.865+0000][1][safepoint    ] Application time: 0.0002397 seconds
[2022-06-13T03:17:21.866+0000][1][safepoint    ] Entering safepoint region: BulkRevokeBias
[2022-06-13T03:17:21.866+0000][1][safepoint    ] Leaving safepoint region
[2022-06-13T03:17:21.867+0000][1][safepoint    ] Total time for which application threads were stopped: 0.0011993 seconds, Stopping threads took: 0.0005591 seconds
[2022-06-13T03:17:21.869+0000][1][safepoint    ] Application time: 0.0016577 seconds
[2022-06-13T03:17:21.870+0000][1][safepoint    ] Entering safepoint region: RevokeBias
[2022-06-13T03:17:21.870+0000][1][safepoint    ] Leaving safepoint region
[2022-06-13T03:17:21.870+0000][1][safepoint    ] Total time for which application threads were stopped: 0.0008143 seconds, Stopping threads took: 0.0005694 seconds
[2022-06-13T03:17:21.876+0000][1][safepoint    ] Application time: 0.0053228 seconds
[2022-06-13T03:17:21.876+0000][1][safepoint    ] Entering safepoint region: RevokeBias
[2022-06-13T03:17:21.877+0000][1][safepoint    ] Leaving safepoint region
[2022-06-13T03:17:21.877+0000][1][safepoint    ] Total time for which application threads were stopped: 0.0009083 seconds, Stopping threads took: 0.0003996 seconds
[2022-06-13T03:17:21.878+0000][1][safepoint    ] Application time: 0.0001843 seconds
[2022-06-13T03:17:21.878+0000][1][safepoint    ] Entering safepoint region: RevokeBias
[2022-06-13T03:17:21.878+0000][1][safepoint    ] Leaving safepoint region
[2022-06-13T03:17:21.878+0000][1][safepoint    ] Total time for which application threads were stopped: 0.0004993 seconds, Stopping threads took: 0.0001999 seconds
[2022-06-13T03:17:21.879+0000][1][safepoint    ] Application time: 0.0001727 seconds
[2022-06-13T03:17:21.879+0000][1][safepoint    ] Entering safepoint region: RevokeBias
[2022-06-13T03:17:21.879+0000][1][safepoint    ] Leaving safepoint region
[2022-06-13T03:17:21.880+0000][1][safepoint    ] Total time for which application threads were stopped: 0.0006543 seconds, Stopping threads took: 0.0003211 seconds
[2022-06-13T03:17:21.880+0000][1][safepoint    ] Application time: 0.0004428 seconds
[2022-06-13T03:17:21.881+0000][1][safepoint    ] Entering safepoint region: RevokeBias
[2022-06-13T03:17:21.881+0000][1][safepoint    ] Leaving safepoint region
[2022-06-13T03:17:21.881+0000][1][safepoint    ] Total time for which application threads were stopped: 0.0002545 seconds, Stopping threads took: 0.0001341 seconds
[2022-06-13T03:17:21.882+0000][1][safepoint    ] Application time: 0.0007482 seconds
[2022-06-13T03:17:21.882+0000][1][safepoint    ] Entering safepoint region: RevokeBias
[2022-06-13T03:17:21.882+0000][1][safepoint    ] Leaving safepoint region
[2022-06-13T03:17:21.882+0000][1][safepoint    ] Total time for which application threads were stopped: 0.0003449 seconds, Stopping threads took: 0.0002197 seconds
[2022-06-13T03:17:21.883+0000][1][safepoint    ] Application time: 0.0003336 seconds
[2022-06-13T03:17:21.883+0000][1][safepoint    ] Entering safepoint region: RevokeBias
[2022-06-13T03:17:21.883+0000][1][safepoint    ] Leaving safepoint region
[2022-06-13T03:17:21.883+0000][1][safepoint    ] Total time for which application threads were stopped: 0.0003718 seconds, Stopping threads took: 0.0001760 seconds
[2022-06-13T03:17:21.884+0000][1][safepoint    ] Application time: 0.0010194 seconds
[2022-06-13T03:17:21.885+0000][1][safepoint    ] Entering safepoint region: RevokeBias
[2022-06-13T03:17:21.885+0000][1][safepoint    ] Leaving safepoint region
[2022-06-13T03:17:21.885+0000][1][safepoint    ] Total time for which application threads were stopped: 0.0004318 seconds, Stopping threads took: 0.0001996 seconds
[2022-06-13T03:17:21.886+0000][1][safepoint    ] Application time: 0.0002573 seconds
[2022-06-13T03:17:21.886+0000][1][safepoint    ] Entering safepoint region: RevokeBias
[2022-06-13T03:17:21.886+0000][1][safepoint    ] Leaving safepoint region
[2022-06-13T03:17:21.886+0000][1][safepoint    ] Total time for which application threads were stopped: 0.0006071 seconds, Stopping threads took: 0.0003995 seconds
[2022-06-13T03:17:21.887+0000][1][safepoint    ] Application time: 0.0002162 seconds
[2022-06-13T03:17:21.887+0000][1][safepoint    ] Entering safepoint region: RevokeBias
[2022-06-13T03:17:21.887+0000][1][safepoint    ] Leaving safepoint region
[2022-06-13T03:17:21.887+0000][1][safepoint    ] Total time for which application threads were stopped: 0.0004147 seconds, Stopping threads took: 0.0001973 seconds
[2022-06-13T03:17:21.888+0000][1][safepoint    ] Application time: 0.0009934 seconds
[2022-06-13T03:17:21.889+0000][1][safepoint    ] Entering safepoint region: RevokeBias
[2022-06-13T03:17:21.889+0000][1][safepoint    ] Leaving safepoint region
[2022-06-13T03:17:21.889+0000][1][safepoint    ] Total time for which application threads were stopped: 0.0004302 seconds, Stopping threads took: 0.0001794 seconds
[2022-06-13T03:17:21.890+0000][1][safepoint    ] Application time: 0.0011026 seconds
[2022-06-13T03:17:21.891+0000][1][safepoint    ] Entering safepoint region: RevokeBias
[2022-06-13T03:17:21.891+0000][1][safepoint    ] Leaving safepoint region
[2022-06-13T03:17:21.892+0000][1][safepoint    ] Total time for which application threads were stopped: 0.0004378 seconds, Stopping threads took: 0.0002502 seconds
[2022-06-13T03:17:21.892+0000][1][safepoint    ] Application time: 0.0003465 seconds
[2022-06-13T03:17:21.892+0000][1][safepoint    ] Entering safepoint region: RevokeBias
[2022-06-13T03:17:21.892+0000][1][safepoint    ] Leaving safepoint region
[2022-06-13T03:17:21.892+0000][1][safepoint    ] Total time for which application threads were stopped: 0.0002037 seconds, Stopping threads took: 0.0000844 seconds
[2022-06-13T03:17:21.894+0000][1][gc,heap,exit ] Heap
[2022-06-13T03:17:21.894+0000][1][gc,heap,exit ]  par new generation   total 78656K, used 36414K [0x00000000f0000000, 0x00000000f5550000, 0x00000000f5550000)
[2022-06-13T03:17:21.894+0000][1][gc,heap,exit ]   eden space 69952K,  51% used [0x00000000f0000000, 0x00000000f2351cd8, 0x00000000f4450000)
[2022-06-13T03:17:21.894+0000][1][gc,heap,exit ]   from space 8704K,   2% used [0x00000000f4cd0000, 0x00000000f4d0dc98, 0x00000000f5550000)
[2022-06-13T03:17:21.895+0000][1][gc,heap,exit ]   to   space 8704K,   0% used [0x00000000f4450000, 0x00000000f4450000, 0x00000000f4cd0000)
[2022-06-13T03:17:21.895+0000][1][gc,heap,exit ]  concurrent mark-sweep generation total 174784K, used 69092K [0x00000000f5550000, 0x0000000100000000, 0x0000000100000000)
[2022-06-13T03:17:21.895+0000][1][gc,heap,exit ]  Metaspace       used 65548K, capacity 70439K, committed 70576K, reserved 1110016K
[2022-06-13T03:17:21.895+0000][1][gc,heap,exit ]   class space    used 8781K, capacity 10837K, committed 10848K, reserved 1048576K
[2022-06-13T03:17:21.895+0000][1][safepoint    ] Application time: 0.0024898 seconds
[2022-06-13T03:17:21.895+0000][1][safepoint    ] Entering safepoint region: Exit
