[2022-06-13T03:18:07.998+0000][1][gc] Using Concurrent Mark Sweep
[2022-06-13T03:18:07.999+0000][1][gc,heap,coops] Heap address: 0x00000000f0000000, size: 256 MB, Compressed Oops mode: 32-bit
[2022-06-13T03:18:08.028+0000][1][safepoint    ] Entering safepoint region: EnableBiasedLocking
[2022-06-13T03:18:08.028+0000][1][safepoint    ] Leaving safepoint region
[2022-06-13T03:18:08.029+0000][1][safepoint    ] Total time for which application threads were stopped: 0.0005295 seconds, Stopping threads took: 0.0003289 seconds
[2022-06-13T03:18:08.031+0000][1][safepoint    ] Application time: 0.0018742 seconds
[2022-06-13T03:18:08.031+0000][1][safepoint    ] Entering safepoint region: RevokeBias
[2022-06-13T03:18:08.031+0000][1][safepoint    ] Leaving safepoint region
[2022-06-13T03:18:08.032+0000][1][safepoint    ] Total time for which application threads were stopped: 0.0004436 seconds, Stopping threads took: 0.0002783 seconds
[2022-06-13T03:18:08.038+0000][1][safepoint    ] Application time: 0.0063521 seconds
[2022-06-13T03:18:08.039+0000][1][safepoint    ] Entering safepoint region: Deoptimize
[2022-06-13T03:18:08.039+0000][1][safepoint    ] Leaving safepoint region
[2022-06-13T03:18:08.039+0000][1][safepoint    ] Total time for which application threads were stopped: 0.0004035 seconds, Stopping threads took: 0.0002268 seconds
[2022-06-13T03:18:08.091+0000][1][safepoint    ] Application time: 0.0516077 seconds
[2022-06-13T03:18:08.091+0000][1][safepoint    ] Entering safepoint region: RevokeBias
[2022-06-13T03:18:08.092+0000][1][safepoint    ] Leaving safepoint region
[2022-06-13T03:18:08.092+0000][1][safepoint    ] Total time for which application threads were stopped: 0.0003630 seconds, Stopping threads took: 0.0001933 seconds
[2022-06-13T03:18:08.108+0000][1][safepoint    ] Application time: 0.0163176 seconds
[2022-06-13T03:18:08.108+0000][1][safepoint    ] Entering safepoint region: Deoptimize
[2022-06-13T03:18:08.109+0000][1][safepoint    ] Leaving safepoint region
[2022-06-13T03:18:08.109+0000][1][safepoint    ] Total time for which application threads were stopped: 0.0003093 seconds, Stopping threads took: 0.0001216 seconds
[2022-06-13T03:18:08.304+0000][1][safepoint    ] Application time: 0.1950873 seconds
[2022-06-13T03:18:08.304+0000][1][safepoint    ] Entering safepoint region: Deoptimize
[2022-06-13T03:18:08.304+0000][1][safepoint    ] Leaving safepoint region
[2022-06-13T03:18:08.304+0000][1][safepoint    ] Total time for which application threads were stopped: 0.0004114 seconds, Stopping threads took: 0.0001365 seconds
[2022-06-13T03:18:08.316+0000][1][safepoint    ] Application time: 0.0115489 seconds
[2022-06-13T03:18:08.316+0000][1][safepoint    ] Entering safepoint region: Deoptimize
[2022-06-13T03:18:08.317+0000][1][safepoint    ] Leaving safepoint region
[2022-06-13T03:18:08.317+0000][1][safepoint    ] Total time for which application threads were stopped: 0.0004232 seconds, Stopping threads took: 0.0001534 seconds
[2022-06-13T03:18:08.347+0000][1][safepoint    ] Application time: 0.0296321 seconds
[2022-06-13T03:18:08.347+0000][1][safepoint    ] Entering safepoint region: Deoptimize
[2022-06-13T03:18:08.347+0000][1][safepoint    ] Leaving safepoint region
[2022-06-13T03:18:08.347+0000][1][safepoint    ] Total time for which application threads were stopped: 0.0004916 seconds, Stopping threads took: 0.0001846 seconds
[2022-06-13T03:18:08.355+0000][1][safepoint    ] Application time: 0.0078377 seconds
[2022-06-13T03:18:08.356+0000][1][safepoint    ] Entering safepoint region: Deoptimize
[2022-06-13T03:18:08.356+0000][1][safepoint    ] Leaving safepoint region
[2022-06-13T03:18:08.356+0000][1][safepoint    ] Total time for which application threads were stopped: 0.0003750 seconds, Stopping threads took: 0.0001455 seconds
[2022-06-13T03:18:08.637+0000][1][safepoint    ] Application time: 0.2812728 seconds
[2022-06-13T03:18:08.638+0000][1][safepoint    ] Entering safepoint region: Deoptimize
[2022-06-13T03:18:08.638+0000][1][safepoint    ] Leaving safepoint region
[2022-06-13T03:18:08.638+0000][1][safepoint    ] Total time for which application threads were stopped: 0.0005580 seconds, Stopping threads took: 0.0001537 seconds
[2022-06-13T03:18:08.821+0000][1][safepoint    ] Application time: 0.1826696 seconds
[2022-06-13T03:18:08.824+0000][1][safepoint    ] Entering safepoint region: RevokeBias
[2022-06-13T03:18:08.824+0000][1][safepoint    ] Leaving safepoint region
[2022-06-13T03:18:08.824+0000][1][safepoint    ] Total time for which application threads were stopped: 0.0005147 seconds, Stopping threads took: 0.0002461 seconds
[2022-06-13T03:18:08.899+0000][1][safepoint    ] Application time: 0.0744283 seconds
[2022-06-13T03:18:08.899+0000][1][safepoint    ] Entering safepoint region: Deoptimize
[2022-06-13T03:18:08.899+0000][1][safepoint    ] Leaving safepoint region
[2022-06-13T03:18:08.899+0000][1][safepoint    ] Total time for which application threads were stopped: 0.0005031 seconds, Stopping threads took: 0.0001193 seconds
[2022-06-13T03:18:08.970+0000][1][safepoint    ] Application time: 0.0706827 seconds
[2022-06-13T03:18:08.970+0000][1][safepoint    ] Entering safepoint region: Deoptimize
[2022-06-13T03:18:08.971+0000][1][safepoint    ] Leaving safepoint region
[2022-06-13T03:18:08.971+0000][1][safepoint    ] Total time for which application threads were stopped: 0.0004815 seconds, Stopping threads took: 0.0001473 seconds
[2022-06-13T03:18:08.971+0000][1][safepoint    ] Application time: 0.0001871 seconds
[2022-06-13T03:18:08.971+0000][1][safepoint    ] Entering safepoint region: Deoptimize
[2022-06-13T03:18:08.971+0000][1][safepoint    ] Leaving safepoint region
[2022-06-13T03:18:08.972+0000][1][safepoint    ] Total time for which application threads were stopped: 0.0004228 seconds, Stopping threads took: 0.0001182 seconds
[2022-06-13T03:18:08.994+0000][1][safepoint    ] Application time: 0.0222807 seconds
[2022-06-13T03:18:08.994+0000][1][safepoint    ] Entering safepoint region: Deoptimize
[2022-06-13T03:18:08.995+0000][1][safepoint    ] Leaving safepoint region
[2022-06-13T03:18:08.995+0000][1][safepoint    ] Total time for which application threads were stopped: 0.0006163 seconds, Stopping threads took: 0.0001477 seconds
[2022-06-13T03:18:09.000+0000][1][safepoint    ] Application time: 0.0044253 seconds
[2022-06-13T03:18:09.000+0000][1][safepoint    ] Entering safepoint region: RevokeBias
[2022-06-13T03:18:09.000+0000][1][safepoint    ] Leaving safepoint region
[2022-06-13T03:18:09.000+0000][1][safepoint    ] Total time for which application threads were stopped: 0.0003286 seconds, Stopping threads took: 0.0001961 seconds
[2022-06-13T03:18:09.000+0000][1][safepoint    ] Application time: 0.0001180 seconds
[2022-06-13T03:18:09.001+0000][1][safepoint    ] Entering safepoint region: RevokeBias
[2022-06-13T03:18:09.001+0000][1][safepoint    ] Leaving safepoint region
[2022-06-13T03:18:09.001+0000][1][safepoint    ] Total time for which application threads were stopped: 0.0002773 seconds, Stopping threads took: 0.0001519 seconds
[2022-06-13T03:18:09.001+0000][1][safepoint    ] Application time: 0.0001134 seconds
[2022-06-13T03:18:09.001+0000][1][safepoint    ] Entering safepoint region: RevokeBias
[2022-06-13T03:18:09.001+0000][1][safepoint    ] Leaving safepoint region
[2022-06-13T03:18:09.001+0000][1][safepoint    ] Total time for which application threads were stopped: 0.0003411 seconds, Stopping threads took: 0.0001938 seconds
[2022-06-13T03:18:09.002+0000][1][safepoint    ] Application time: 0.0002081 seconds
[2022-06-13T03:18:09.002+0000][1][safepoint    ] Entering safepoint region: RevokeBias
[2022-06-13T03:18:09.002+0000][1][safepoint    ] Leaving safepoint region
[2022-06-13T03:18:09.002+0000][1][safepoint    ] Total time for which application threads were stopped: 0.0002614 seconds, Stopping threads took: 0.0001366 seconds
[2022-06-13T03:18:09.007+0000][1][safepoint    ] Application time: 0.0047775 seconds
[2022-06-13T03:18:09.007+0000][1][safepoint    ] Entering safepoint region: Deoptimize
[2022-06-13T03:18:09.008+0000][1][safepoint    ] Leaving safepoint region
[2022-06-13T03:18:09.008+0000][1][safepoint    ] Total time for which application threads were stopped: 0.0004880 seconds, Stopping threads took: 0.0001338 seconds
[2022-06-13T03:18:09.061+0000][1][safepoint    ] Application time: 0.0530623 seconds
[2022-06-13T03:18:09.061+0000][1][safepoint    ] Entering safepoint region: GenCollectForAllocation
[2022-06-13T03:18:09.062+0000][1][gc,start     ] GC(0) Pause Young (Allocation Failure)
[2022-06-13T03:18:09.062+0000][1][gc,task      ] GC(0) Using 5 workers of 13 for evacuation
[2022-06-13T03:18:09.067+0000][1][gc,age       ] GC(0) Desired survivor size 4456448 bytes, new threshold 1 (max threshold 6)
[2022-06-13T03:18:09.067+0000][1][gc,age       ] GC(0) Age table with threshold 1 (max threshold 6)
[2022-06-13T03:18:09.067+0000][1][gc,age       ] GC(0) - age   1:    8104424 bytes,    8104424 total
[2022-06-13T03:18:09.067+0000][1][gc,heap      ] GC(0) ParNew: 69952K->8025K(78656K)
[2022-06-13T03:18:09.067+0000][1][gc,heap      ] GC(0) CMS: 0K->0K(174784K)
[2022-06-13T03:18:09.068+0000][1][gc,metaspace ] GC(0) Metaspace: 12400K->12400K(1060864K)
[2022-06-13T03:18:09.068+0000][1][gc           ] GC(0) Pause Young (Allocation Failure) 68M->7M(247M) 6.051ms
[2022-06-13T03:18:09.068+0000][1][gc,cpu       ] GC(0) User=0.02s Sys=0.00s Real=0.00s
[2022-06-13T03:18:09.068+0000][1][safepoint    ] Leaving safepoint region
[2022-06-13T03:18:09.068+0000][1][safepoint    ] Total time for which application threads were stopped: 0.0065825 seconds, Stopping threads took: 0.0001903 seconds
[2022-06-13T03:18:09.068+0000][1][safepoint    ] Application time: 0.0002410 seconds
[2022-06-13T03:18:09.068+0000][1][safepoint    ] Entering safepoint region: RevokeBias
[2022-06-13T03:18:09.069+0000][1][safepoint    ] Leaving safepoint region
[2022-06-13T03:18:09.069+0000][1][safepoint    ] Total time for which application threads were stopped: 0.0003850 seconds, Stopping threads took: 0.0002247 seconds
[2022-06-13T03:18:09.069+0000][1][safepoint    ] Application time: 0.0001121 seconds
[2022-06-13T03:18:09.069+0000][1][safepoint    ] Entering safepoint region: RevokeBias
[2022-06-13T03:18:09.069+0000][1][safepoint    ] Leaving safepoint region
[2022-06-13T03:18:09.069+0000][1][safepoint    ] Total time for which application threads were stopped: 0.0003160 seconds, Stopping threads took: 0.0001488 seconds
[2022-06-13T03:18:09.070+0000][1][safepoint    ] Application time: 0.0000887 seconds
[2022-06-13T03:18:09.070+0000][1][safepoint    ] Entering safepoint region: RevokeBias
[2022-06-13T03:18:09.070+0000][1][safepoint    ] Leaving safepoint region
[2022-06-13T03:18:09.070+0000][1][safepoint    ] Total time for which application threads were stopped: 0.0002639 seconds, Stopping threads took: 0.0001345 seconds
[2022-06-13T03:18:09.070+0000][1][safepoint    ] Application time: 0.0000816 seconds
[2022-06-13T03:18:09.070+0000][1][safepoint    ] Entering safepoint region: RevokeBias
[2022-06-13T03:18:09.071+0000][1][safepoint    ] Leaving safepoint region
[2022-06-13T03:18:09.071+0000][1][safepoint    ] Total time for which application threads were stopped: 0.0003446 seconds, Stopping threads took: 0.0001655 seconds
[2022-06-13T03:18:09.071+0000][1][safepoint    ] Application time: 0.0001107 seconds
[2022-06-13T03:18:09.071+0000][1][safepoint    ] Entering safepoint region: RevokeBias
[2022-06-13T03:18:09.071+0000][1][safepoint    ] Leaving safepoint region
[2022-06-13T03:18:09.071+0000][1][safepoint    ] Total time for which application threads were stopped: 0.0003102 seconds, Stopping threads took: 0.0001581 seconds
[2022-06-13T03:18:09.072+0000][1][safepoint    ] Application time: 0.0000732 seconds
[2022-06-13T03:18:09.072+0000][1][safepoint    ] Entering safepoint region: RevokeBias
[2022-06-13T03:18:09.072+0000][1][safepoint    ] Leaving safepoint region
[2022-06-13T03:18:09.072+0000][1][safepoint    ] Total time for which application threads were stopped: 0.0002891 seconds, Stopping threads took: 0.0001265 seconds
[2022-06-13T03:18:09.072+0000][1][safepoint    ] Application time: 0.0000921 seconds
[2022-06-13T03:18:09.072+0000][1][safepoint    ] Entering safepoint region: RevokeBias
[2022-06-13T03:18:09.073+0000][1][safepoint    ] Leaving safepoint region
[2022-06-13T03:18:09.073+0000][1][safepoint    ] Total time for which application threads were stopped: 0.0002747 seconds, Stopping threads took: 0.0001609 seconds
[2022-06-13T03:18:09.073+0000][1][safepoint    ] Application time: 0.0000753 seconds
[2022-06-13T03:18:09.073+0000][1][safepoint    ] Entering safepoint region: RevokeBias
[2022-06-13T03:18:09.073+0000][1][safepoint    ] Leaving safepoint region
[2022-06-13T03:18:09.073+0000][1][safepoint    ] Total time for which application threads were stopped: 0.0002700 seconds, Stopping threads took: 0.0001488 seconds
[2022-06-13T03:18:09.073+0000][1][safepoint    ] Application time: 0.0000972 seconds
[2022-06-13T03:18:09.074+0000][1][safepoint    ] Entering safepoint region: RevokeBias
[2022-06-13T03:18:09.074+0000][1][safepoint    ] Leaving safepoint region
[2022-06-13T03:18:09.074+0000][1][safepoint    ] Total time for which application threads were stopped: 0.0002951 seconds, Stopping threads took: 0.0001741 seconds
[2022-06-13T03:18:09.074+0000][1][safepoint    ] Application time: 0.0000704 seconds
[2022-06-13T03:18:09.074+0000][1][safepoint    ] Entering safepoint region: RevokeBias
[2022-06-13T03:18:09.074+0000][1][safepoint    ] Leaving safepoint region
[2022-06-13T03:18:09.074+0000][1][safepoint    ] Total time for which application threads were stopped: 0.0002445 seconds, Stopping threads took: 0.0001141 seconds
[2022-06-13T03:18:09.075+0000][1][safepoint    ] Application time: 0.0000955 seconds
[2022-06-13T03:18:09.075+0000][1][safepoint    ] Entering safepoint region: RevokeBias
[2022-06-13T03:18:09.075+0000][1][safepoint    ] Leaving safepoint region
[2022-06-13T03:18:09.075+0000][1][safepoint    ] Total time for which application threads were stopped: 0.0003124 seconds, Stopping threads took: 0.0001734 seconds
[2022-06-13T03:18:09.075+0000][1][safepoint    ] Application time: 0.0000805 seconds
[2022-06-13T03:18:09.075+0000][1][safepoint    ] Entering safepoint region: RevokeBias
[2022-06-13T03:18:09.076+0000][1][safepoint    ] Leaving safepoint region
[2022-06-13T03:18:09.076+0000][1][safepoint    ] Total time for which application threads were stopped: 0.0003089 seconds, Stopping threads took: 0.0001825 seconds
[2022-06-13T03:18:09.076+0000][1][safepoint    ] Application time: 0.0001083 seconds
[2022-06-13T03:18:09.076+0000][1][safepoint    ] Entering safepoint region: RevokeBias
[2022-06-13T03:18:09.076+0000][1][safepoint    ] Leaving safepoint region
[2022-06-13T03:18:09.076+0000][1][safepoint    ] Total time for which application threads were stopped: 0.0003233 seconds, Stopping threads took: 0.0001410 seconds
[2022-06-13T03:18:09.077+0000][1][safepoint    ] Application time: 0.0000939 seconds
[2022-06-13T03:18:09.077+0000][1][safepoint    ] Entering safepoint region: RevokeBias
[2022-06-13T03:18:09.077+0000][1][safepoint    ] Leaving safepoint region
[2022-06-13T03:18:09.077+0000][1][safepoint    ] Total time for which application threads were stopped: 0.0003477 seconds, Stopping threads took: 0.0002035 seconds
[2022-06-13T03:18:09.077+0000][1][safepoint    ] Application time: 0.0001040 seconds
[2022-06-13T03:18:09.077+0000][1][safepoint    ] Entering safepoint region: RevokeBias
[2022-06-13T03:18:09.078+0000][1][safepoint    ] Leaving safepoint region
[2022-06-13T03:18:09.078+0000][1][safepoint    ] Total time for which application threads were stopped: 0.0002530 seconds, Stopping threads took: 0.0001329 seconds
[2022-06-13T03:18:09.078+0000][1][safepoint    ] Application time: 0.0000767 seconds
[2022-06-13T03:18:09.078+0000][1][safepoint    ] Entering safepoint region: RevokeBias
[2022-06-13T03:18:09.078+0000][1][safepoint    ] Leaving safepoint region
[2022-06-13T03:18:09.078+0000][1][safepoint    ] Total time for which application threads were stopped: 0.0002506 seconds, Stopping threads took: 0.0001382 seconds
[2022-06-13T03:18:09.078+0000][1][safepoint    ] Application time: 0.0000872 seconds
[2022-06-13T03:18:09.079+0000][1][safepoint    ] Entering safepoint region: RevokeBias
[2022-06-13T03:18:09.079+0000][1][safepoint    ] Leaving safepoint region
[2022-06-13T03:18:09.079+0000][1][safepoint    ] Total time for which application threads were stopped: 0.0003045 seconds, Stopping threads took: 0.0001820 seconds
[2022-06-13T03:18:09.079+0000][1][safepoint    ] Application time: 0.0000884 seconds
[2022-06-13T03:18:09.079+0000][1][safepoint    ] Entering safepoint region: RevokeBias
[2022-06-13T03:18:09.079+0000][1][safepoint    ] Leaving safepoint region
[2022-06-13T03:18:09.079+0000][1][safepoint    ] Total time for which application threads were stopped: 0.0002903 seconds, Stopping threads took: 0.0001274 seconds
[2022-06-13T03:18:09.080+0000][1][safepoint    ] Application time: 0.0000942 seconds
[2022-06-13T03:18:09.080+0000][1][safepoint    ] Entering safepoint region: RevokeBias
[2022-06-13T03:18:09.080+0000][1][safepoint    ] Leaving safepoint region
[2022-06-13T03:18:09.080+0000][1][safepoint    ] Total time for which application threads were stopped: 0.0003008 seconds, Stopping threads took: 0.0001546 seconds
[2022-06-13T03:18:09.080+0000][1][safepoint    ] Application time: 0.0000780 seconds
[2022-06-13T03:18:09.081+0000][1][safepoint    ] Entering safepoint region: RevokeBias
[2022-06-13T03:18:09.081+0000][1][safepoint    ] Leaving safepoint region
[2022-06-13T03:18:09.081+0000][1][safepoint    ] Total time for which application threads were stopped: 0.0003458 seconds, Stopping threads took: 0.0002013 seconds
[2022-06-13T03:18:09.081+0000][1][safepoint    ] Application time: 0.0000900 seconds
[2022-06-13T03:18:09.081+0000][1][safepoint    ] Entering safepoint region: RevokeBias
[2022-06-13T03:18:09.081+0000][1][safepoint    ] Leaving safepoint region
[2022-06-13T03:18:09.082+0000][1][safepoint    ] Total time for which application threads were stopped: 0.0003250 seconds, Stopping threads took: 0.0001846 seconds
[2022-06-13T03:18:09.082+0000][1][safepoint    ] Application time: 0.0001086 seconds
[2022-06-13T03:18:09.082+0000][1][safepoint    ] Entering safepoint region: RevokeBias
[2022-06-13T03:18:09.082+0000][1][safepoint    ] Leaving safepoint region
[2022-06-13T03:18:09.082+0000][1][safepoint    ] Total time for which application threads were stopped: 0.0002940 seconds, Stopping threads took: 0.0001517 seconds
[2022-06-13T03:18:09.082+0000][1][safepoint    ] Application time: 0.0001394 seconds
[2022-06-13T03:18:09.083+0000][1][safepoint    ] Entering safepoint region: RevokeBias
[2022-06-13T03:18:09.083+0000][1][safepoint    ] Leaving safepoint region
[2022-06-13T03:18:09.083+0000][1][safepoint    ] Total time for which application threads were stopped: 0.0002959 seconds, Stopping threads took: 0.0001578 seconds
[2022-06-13T03:18:09.083+0000][1][safepoint    ] Application time: 0.0001037 seconds
[2022-06-13T03:18:09.083+0000][1][safepoint    ] Entering safepoint region: RevokeBias
[2022-06-13T03:18:09.083+0000][1][safepoint    ] Leaving safepoint region
[2022-06-13T03:18:09.084+0000][1][safepoint    ] Total time for which application threads were stopped: 0.0002888 seconds, Stopping threads took: 0.0001609 seconds
[2022-06-13T03:18:09.084+0000][1][safepoint    ] Application time: 0.0002154 seconds
[2022-06-13T03:18:09.084+0000][1][safepoint    ] Entering safepoint region: RevokeBias
[2022-06-13T03:18:09.084+0000][1][safepoint    ] Leaving safepoint region
[2022-06-13T03:18:09.084+0000][1][safepoint    ] Total time for which application threads were stopped: 0.0003102 seconds, Stopping threads took: 0.0001604 seconds
[2022-06-13T03:18:09.084+0000][1][safepoint    ] Application time: 0.0000755 seconds
[2022-06-13T03:18:09.085+0000][1][safepoint    ] Entering safepoint region: RevokeBias
[2022-06-13T03:18:09.085+0000][1][safepoint    ] Leaving safepoint region
[2022-06-13T03:18:09.085+0000][1][safepoint    ] Total time for which application threads were stopped: 0.0002774 seconds, Stopping threads took: 0.0001367 seconds
[2022-06-13T03:18:09.200+0000][1][safepoint    ] Application time: 0.1151814 seconds
[2022-06-13T03:18:09.200+0000][1][safepoint    ] Entering safepoint region: Deoptimize
[2022-06-13T03:18:09.201+0000][1][safepoint    ] Leaving safepoint region
[2022-06-13T03:18:09.201+0000][1][safepoint    ] Total time for which application threads were stopped: 0.0006371 seconds, Stopping threads took: 0.0001362 seconds
[2022-06-13T03:18:09.285+0000][1][safepoint    ] Application time: 0.0838104 seconds
[2022-06-13T03:18:09.285+0000][1][safepoint    ] Entering safepoint region: RevokeBias
[2022-06-13T03:18:09.285+0000][1][safepoint    ] Leaving safepoint region
[2022-06-13T03:18:09.286+0000][1][safepoint    ] Total time for which application threads were stopped: 0.0004711 seconds, Stopping threads took: 0.0002194 seconds
[2022-06-13T03:18:09.340+0000][1][safepoint    ] Application time: 0.0541935 seconds
[2022-06-13T03:18:09.340+0000][1][safepoint    ] Entering safepoint region: RevokeBias
[2022-06-13T03:18:09.340+0000][1][safepoint    ] Leaving safepoint region
[2022-06-13T03:18:09.341+0000][1][safepoint    ] Total time for which application threads were stopped: 0.0003937 seconds, Stopping threads took: 0.0002166 seconds
[2022-06-13T03:18:09.343+0000][1][safepoint    ] Application time: 0.0021864 seconds
[2022-06-13T03:18:09.343+0000][1][safepoint    ] Entering safepoint region: RevokeBias
[2022-06-13T03:18:09.343+0000][1][safepoint    ] Leaving safepoint region
[2022-06-13T03:18:09.343+0000][1][safepoint    ] Total time for which application threads were stopped: 0.0002752 seconds, Stopping threads took: 0.0001288 seconds
[2022-06-13T03:18:09.358+0000][1][safepoint    ] Application time: 0.0140782 seconds
[2022-06-13T03:18:09.358+0000][1][safepoint    ] Entering safepoint region: GenCollectForAllocation
[2022-06-13T03:18:09.358+0000][1][gc,start     ] GC(1) Pause Young (Allocation Failure)
[2022-06-13T03:18:09.358+0000][1][gc,task      ] GC(1) Using 5 workers of 13 for evacuation
[2022-06-13T03:18:09.369+0000][1][gc,age       ] GC(1) Desired survivor size 4456448 bytes, new threshold 6 (max threshold 6)
[2022-06-13T03:18:09.369+0000][1][gc,age       ] GC(1) Age table with threshold 6 (max threshold 6)
[2022-06-13T03:18:09.369+0000][1][gc,age       ] GC(1) - age   1:    1960168 bytes,    1960168 total
[2022-06-13T03:18:09.369+0000][1][gc,heap      ] GC(1) ParNew: 77977K->6423K(78656K)
[2022-06-13T03:18:09.369+0000][1][gc,heap      ] GC(1) CMS: 0K->6689K(174784K)
[2022-06-13T03:18:09.369+0000][1][gc,metaspace ] GC(1) Metaspace: 15011K->15011K(1062912K)
[2022-06-13T03:18:09.370+0000][1][gc           ] GC(1) Pause Young (Allocation Failure) 76M->12M(247M) 11.507ms
[2022-06-13T03:18:09.370+0000][1][gc,cpu       ] GC(1) User=0.07s Sys=0.00s Real=0.02s
[2022-06-13T03:18:09.370+0000][1][safepoint    ] Leaving safepoint region
[2022-06-13T03:18:09.370+0000][1][safepoint    ] Total time for which application threads were stopped: 0.0119846 seconds, Stopping threads took: 0.0001241 seconds
[2022-06-13T03:18:09.370+0000][1][safepoint    ] Application time: 0.0002274 seconds
[2022-06-13T03:18:09.370+0000][1][safepoint    ] Entering safepoint region: RevokeBias
[2022-06-13T03:18:09.371+0000][1][safepoint    ] Leaving safepoint region
[2022-06-13T03:18:09.371+0000][1][safepoint    ] Total time for which application threads were stopped: 0.0003197 seconds, Stopping threads took: 0.0001371 seconds
[2022-06-13T03:18:09.371+0000][1][safepoint    ] Application time: 0.0001354 seconds
[2022-06-13T03:18:09.371+0000][1][safepoint    ] Entering safepoint region: RevokeBias
[2022-06-13T03:18:09.371+0000][1][safepoint    ] Leaving safepoint region
[2022-06-13T03:18:09.371+0000][1][safepoint    ] Total time for which application threads were stopped: 0.0003128 seconds, Stopping threads took: 0.0001727 seconds
[2022-06-13T03:18:09.371+0000][1][safepoint    ] Application time: 0.0000896 seconds
[2022-06-13T03:18:09.372+0000][1][safepoint    ] Entering safepoint region: RevokeBias
[2022-06-13T03:18:09.372+0000][1][safepoint    ] Leaving safepoint region
[2022-06-13T03:18:09.372+0000][1][safepoint    ] Total time for which application threads were stopped: 0.0002407 seconds, Stopping threads took: 0.0001067 seconds
[2022-06-13T03:18:09.372+0000][1][safepoint    ] Application time: 0.0000772 seconds
[2022-06-13T03:18:09.372+0000][1][safepoint    ] Entering safepoint region: RevokeBias
[2022-06-13T03:18:09.372+0000][1][safepoint    ] Leaving safepoint region
[2022-06-13T03:18:09.373+0000][1][safepoint    ] Total time for which application threads were stopped: 0.0004002 seconds, Stopping threads took: 0.0001874 seconds
[2022-06-13T03:18:09.373+0000][1][safepoint    ] Application time: 0.0001051 seconds
[2022-06-13T03:18:09.373+0000][1][safepoint    ] Entering safepoint region: RevokeBias
[2022-06-13T03:18:09.373+0000][1][safepoint    ] Leaving safepoint region
[2022-06-13T03:18:09.373+0000][1][safepoint    ] Total time for which application threads were stopped: 0.0002848 seconds, Stopping threads took: 0.0001324 seconds
[2022-06-13T03:18:09.373+0000][1][safepoint    ] Application time: 0.0000786 seconds
[2022-06-13T03:18:09.374+0000][1][safepoint    ] Entering safepoint region: RevokeBias
[2022-06-13T03:18:09.374+0000][1][safepoint    ] Leaving safepoint region
[2022-06-13T03:18:09.374+0000][1][safepoint    ] Total time for which application threads were stopped: 0.0003310 seconds, Stopping threads took: 0.0001617 seconds
[2022-06-13T03:18:09.374+0000][1][safepoint    ] Application time: 0.0000973 seconds
[2022-06-13T03:18:09.374+0000][1][safepoint    ] Entering safepoint region: RevokeBias
[2022-06-13T03:18:09.374+0000][1][safepoint    ] Leaving safepoint region
[2022-06-13T03:18:09.374+0000][1][safepoint    ] Total time for which application threads were stopped: 0.0003067 seconds, Stopping threads took: 0.0001480 seconds
[2022-06-13T03:18:09.375+0000][1][safepoint    ] Application time: 0.0000717 seconds
[2022-06-13T03:18:09.375+0000][1][safepoint    ] Entering safepoint region: RevokeBias
[2022-06-13T03:18:09.375+0000][1][safepoint    ] Leaving safepoint region
[2022-06-13T03:18:09.375+0000][1][safepoint    ] Total time for which application threads were stopped: 0.0002438 seconds, Stopping threads took: 0.0001126 seconds
[2022-06-13T03:18:09.375+0000][1][safepoint    ] Application time: 0.0000728 seconds
[2022-06-13T03:18:09.375+0000][1][safepoint    ] Entering safepoint region: RevokeBias
[2022-06-13T03:18:09.375+0000][1][safepoint    ] Leaving safepoint region
[2022-06-13T03:18:09.376+0000][1][safepoint    ] Total time for which application threads were stopped: 0.0003396 seconds, Stopping threads took: 0.0001937 seconds
[2022-06-13T03:18:09.376+0000][1][safepoint    ] Application time: 0.0000725 seconds
[2022-06-13T03:18:09.376+0000][1][safepoint    ] Entering safepoint region: RevokeBias
[2022-06-13T03:18:09.376+0000][1][safepoint    ] Leaving safepoint region
[2022-06-13T03:18:09.376+0000][1][safepoint    ] Total time for which application threads were stopped: 0.0002732 seconds, Stopping threads took: 0.0001508 seconds
[2022-06-13T03:18:09.376+0000][1][safepoint    ] Application time: 0.0000966 seconds
[2022-06-13T03:18:09.377+0000][1][safepoint    ] Entering safepoint region: BulkRevokeBias
[2022-06-13T03:18:09.377+0000][1][safepoint    ] Leaving safepoint region
[2022-06-13T03:18:09.377+0000][1][safepoint    ] Total time for which application threads were stopped: 0.0003182 seconds, Stopping threads took: 0.0001333 seconds
[2022-06-13T03:18:09.377+0000][1][safepoint    ] Application time: 0.0000815 seconds
[2022-06-13T03:18:09.377+0000][1][safepoint    ] Entering safepoint region: RevokeBias
[2022-06-13T03:18:09.377+0000][1][safepoint    ] Leaving safepoint region
[2022-06-13T03:18:09.377+0000][1][safepoint    ] Total time for which application threads were stopped: 0.0002663 seconds, Stopping threads took: 0.0001324 seconds
[2022-06-13T03:18:09.378+0000][1][safepoint    ] Application time: 0.0000778 seconds
[2022-06-13T03:18:09.378+0000][1][safepoint    ] Entering safepoint region: BulkRevokeBias
[2022-06-13T03:18:09.378+0000][1][safepoint    ] Leaving safepoint region
[2022-06-13T03:18:09.378+0000][1][safepoint    ] Total time for which application threads were stopped: 0.0003094 seconds, Stopping threads took: 0.0001513 seconds
[2022-06-13T03:18:09.454+0000][1][safepoint    ] Application time: 0.0753609 seconds
[2022-06-13T03:18:09.454+0000][1][safepoint    ] Entering safepoint region: GenCollectForAllocation
[2022-06-13T03:18:09.454+0000][1][gc,start     ] GC(2) Pause Young (Allocation Failure)
[2022-06-13T03:18:09.454+0000][1][gc,task      ] GC(2) Using 5 workers of 13 for evacuation
[2022-06-13T03:18:09.457+0000][1][gc,age       ] GC(2) Desired survivor size 4456448 bytes, new threshold 6 (max threshold 6)
[2022-06-13T03:18:09.458+0000][1][gc,age       ] GC(2) Age table with threshold 6 (max threshold 6)
[2022-06-13T03:18:09.458+0000][1][gc,age       ] GC(2) - age   1:    2606808 bytes,    2606808 total
[2022-06-13T03:18:09.458+0000][1][gc,age       ] GC(2) - age   2:    1181392 bytes,    3788200 total
[2022-06-13T03:18:09.458+0000][1][gc,heap      ] GC(2) ParNew: 76375K->4488K(78656K)
[2022-06-13T03:18:09.458+0000][1][gc,heap      ] GC(2) CMS: 6689K->6689K(174784K)
[2022-06-13T03:18:09.458+0000][1][gc,metaspace ] GC(2) Metaspace: 15149K->15149K(1062912K)
[2022-06-13T03:18:09.458+0000][1][gc           ] GC(2) Pause Young (Allocation Failure) 81M->10M(247M) 4.115ms
[2022-06-13T03:18:09.459+0000][1][gc,cpu       ] GC(2) User=0.02s Sys=0.01s Real=0.00s
[2022-06-13T03:18:09.459+0000][1][safepoint    ] Leaving safepoint region
[2022-06-13T03:18:09.459+0000][1][safepoint    ] Total time for which application threads were stopped: 0.0048498 seconds, Stopping threads took: 0.0001873 seconds
[2022-06-13T03:18:09.459+0000][1][safepoint    ] Application time: 0.0002256 seconds
[2022-06-13T03:18:09.459+0000][1][safepoint    ] Entering safepoint region: RevokeBias
[2022-06-13T03:18:09.460+0000][1][safepoint    ] Leaving safepoint region
[2022-06-13T03:18:09.460+0000][1][safepoint    ] Total time for which application threads were stopped: 0.0004495 seconds, Stopping threads took: 0.0002310 seconds
[2022-06-13T03:18:09.460+0000][1][safepoint    ] Application time: 0.0000865 seconds
[2022-06-13T03:18:09.460+0000][1][safepoint    ] Entering safepoint region: RevokeBias
[2022-06-13T03:18:09.460+0000][1][safepoint    ] Leaving safepoint region
[2022-06-13T03:18:09.461+0000][1][safepoint    ] Total time for which application threads were stopped: 0.0003450 seconds, Stopping threads took: 0.0001563 seconds
[2022-06-13T03:18:09.461+0000][1][safepoint    ] Application time: 0.0001077 seconds
[2022-06-13T03:18:09.461+0000][1][safepoint    ] Entering safepoint region: RevokeBias
[2022-06-13T03:18:09.461+0000][1][safepoint    ] Leaving safepoint region
[2022-06-13T03:18:09.461+0000][1][safepoint    ] Total time for which application threads were stopped: 0.0003131 seconds, Stopping threads took: 0.0001652 seconds
[2022-06-13T03:18:09.461+0000][1][safepoint    ] Application time: 0.0000772 seconds
[2022-06-13T03:18:09.462+0000][1][safepoint    ] Entering safepoint region: RevokeBias
[2022-06-13T03:18:09.462+0000][1][safepoint    ] Leaving safepoint region
[2022-06-13T03:18:09.462+0000][1][safepoint    ] Total time for which application threads were stopped: 0.0003131 seconds, Stopping threads took: 0.0001358 seconds
[2022-06-13T03:18:09.462+0000][1][safepoint    ] Application time: 0.0001085 seconds
[2022-06-13T03:18:09.462+0000][1][safepoint    ] Entering safepoint region: RevokeBias
[2022-06-13T03:18:09.462+0000][1][safepoint    ] Leaving safepoint region
[2022-06-13T03:18:09.463+0000][1][safepoint    ] Total time for which application threads were stopped: 0.0003758 seconds, Stopping threads took: 0.0001482 seconds
[2022-06-13T03:18:09.463+0000][1][safepoint    ] Application time: 0.0000910 seconds
[2022-06-13T03:18:09.463+0000][1][safepoint    ] Entering safepoint region: RevokeBias
[2022-06-13T03:18:09.463+0000][1][safepoint    ] Leaving safepoint region
[2022-06-13T03:18:09.464+0000][1][safepoint    ] Total time for which application threads were stopped: 0.0005023 seconds, Stopping threads took: 0.0002189 seconds
[2022-06-13T03:18:09.575+0000][1][safepoint    ] Application time: 0.1109473 seconds
[2022-06-13T03:18:09.575+0000][1][safepoint    ] Entering safepoint region: Deoptimize
[2022-06-13T03:18:09.576+0000][1][safepoint    ] Leaving safepoint region
[2022-06-13T03:18:09.576+0000][1][safepoint    ] Total time for which application threads were stopped: 0.0007223 seconds, Stopping threads took: 0.0001597 seconds
[2022-06-13T03:18:09.576+0000][1][safepoint    ] Application time: 0.0003642 seconds
[2022-06-13T03:18:09.576+0000][1][safepoint    ] Entering safepoint region: Deoptimize
[2022-06-13T03:18:09.577+0000][1][safepoint    ] Leaving safepoint region
[2022-06-13T03:18:09.577+0000][1][safepoint    ] Total time for which application threads were stopped: 0.0003834 seconds, Stopping threads took: 0.0000824 seconds
[2022-06-13T03:18:09.703+0000][1][safepoint    ] Application time: 0.1258714 seconds
[2022-06-13T03:18:09.703+0000][1][safepoint    ] Entering safepoint region: GenCollectForAllocation
[2022-06-13T03:18:09.703+0000][1][gc,start     ] GC(3) Pause Young (Allocation Failure)
[2022-06-13T03:18:09.703+0000][1][gc,task      ] GC(3) Using 5 workers of 13 for evacuation
[2022-06-13T03:18:09.706+0000][1][gc,age       ] GC(3) Desired survivor size 4456448 bytes, new threshold 3 (max threshold 6)
[2022-06-13T03:18:09.706+0000][1][gc,age       ] GC(3) Age table with threshold 3 (max threshold 6)
[2022-06-13T03:18:09.706+0000][1][gc,age       ] GC(3) - age   1:    3251200 bytes,    3251200 total
[2022-06-13T03:18:09.707+0000][1][gc,age       ] GC(3) - age   2:     319312 bytes,    3570512 total
[2022-06-13T03:18:09.707+0000][1][gc,age       ] GC(3) - age   3:    1178352 bytes,    4748864 total
[2022-06-13T03:18:09.707+0000][1][gc,heap      ] GC(3) ParNew: 74440K->5645K(78656K)
[2022-06-13T03:18:09.707+0000][1][gc,heap      ] GC(3) CMS: 6689K->6689K(174784K)
[2022-06-13T03:18:09.707+0000][1][gc,metaspace ] GC(3) Metaspace: 18536K->18536K(1067008K)
[2022-06-13T03:18:09.707+0000][1][gc           ] GC(3) Pause Young (Allocation Failure) 79M->12M(247M) 3.729ms
[2022-06-13T03:18:09.707+0000][1][gc,cpu       ] GC(3) User=0.01s Sys=0.00s Real=0.00s
[2022-06-13T03:18:09.707+0000][1][safepoint    ] Leaving safepoint region
[2022-06-13T03:18:09.707+0000][1][safepoint    ] Total time for which application threads were stopped: 0.0042975 seconds, Stopping threads took: 0.0001438 seconds
[2022-06-13T03:18:09.708+0000][1][safepoint    ] Application time: 0.0002719 seconds
[2022-06-13T03:18:09.708+0000][1][safepoint    ] Entering safepoint region: RevokeBias
[2022-06-13T03:18:09.708+0000][1][safepoint    ] Leaving safepoint region
[2022-06-13T03:18:09.708+0000][1][safepoint    ] Total time for which application threads were stopped: 0.0005114 seconds, Stopping threads took: 0.0003003 seconds
[2022-06-13T03:18:09.709+0000][1][safepoint    ] Application time: 0.0000955 seconds
[2022-06-13T03:18:09.709+0000][1][safepoint    ] Entering safepoint region: RevokeBias
[2022-06-13T03:18:09.709+0000][1][safepoint    ] Leaving safepoint region
[2022-06-13T03:18:09.709+0000][1][safepoint    ] Total time for which application threads were stopped: 0.0004655 seconds, Stopping threads took: 0.0002816 seconds
[2022-06-13T03:18:09.709+0000][1][safepoint    ] Application time: 0.0000866 seconds
[2022-06-13T03:18:09.710+0000][1][safepoint    ] Entering safepoint region: RevokeBias
[2022-06-13T03:18:09.710+0000][1][safepoint    ] Leaving safepoint region
[2022-06-13T03:18:09.710+0000][1][safepoint    ] Total time for which application threads were stopped: 0.0003034 seconds, Stopping threads took: 0.0001726 seconds
[2022-06-13T03:18:09.710+0000][1][safepoint    ] Application time: 0.0000837 seconds
[2022-06-13T03:18:09.710+0000][1][safepoint    ] Entering safepoint region: RevokeBias
[2022-06-13T03:18:09.710+0000][1][safepoint    ] Leaving safepoint region
[2022-06-13T03:18:09.710+0000][1][safepoint    ] Total time for which application threads were stopped: 0.0002475 seconds, Stopping threads took: 0.0001229 seconds
[2022-06-13T03:18:09.710+0000][1][safepoint    ] Application time: 0.0000711 seconds
[2022-06-13T03:18:09.711+0000][1][safepoint    ] Entering safepoint region: RevokeBias
[2022-06-13T03:18:09.711+0000][1][safepoint    ] Leaving safepoint region
[2022-06-13T03:18:09.711+0000][1][safepoint    ] Total time for which application threads were stopped: 0.0003000 seconds, Stopping threads took: 0.0001666 seconds
[2022-06-13T03:18:09.711+0000][1][safepoint    ] Application time: 0.0000792 seconds
[2022-06-13T03:18:09.711+0000][1][safepoint    ] Entering safepoint region: RevokeBias
[2022-06-13T03:18:09.711+0000][1][safepoint    ] Leaving safepoint region
[2022-06-13T03:18:09.711+0000][1][safepoint    ] Total time for which application threads were stopped: 0.0003832 seconds, Stopping threads took: 0.0002703 seconds
[2022-06-13T03:18:09.712+0000][1][safepoint    ] Application time: 0.0000764 seconds
[2022-06-13T03:18:09.712+0000][1][safepoint    ] Entering safepoint region: RevokeBias
[2022-06-13T03:18:09.712+0000][1][safepoint    ] Leaving safepoint region
[2022-06-13T03:18:09.712+0000][1][safepoint    ] Total time for which application threads were stopped: 0.0001948 seconds, Stopping threads took: 0.0000850 seconds
[2022-06-13T03:18:09.712+0000][1][safepoint    ] Application time: 0.0000736 seconds
[2022-06-13T03:18:09.712+0000][1][safepoint    ] Entering safepoint region: RevokeBias
[2022-06-13T03:18:09.712+0000][1][safepoint    ] Leaving safepoint region
[2022-06-13T03:18:09.712+0000][1][safepoint    ] Total time for which application threads were stopped: 0.0002430 seconds, Stopping threads took: 0.0001121 seconds
[2022-06-13T03:18:09.713+0000][1][safepoint    ] Application time: 0.0000793 seconds
[2022-06-13T03:18:09.713+0000][1][safepoint    ] Entering safepoint region: RevokeBias
[2022-06-13T03:18:09.713+0000][1][safepoint    ] Leaving safepoint region
[2022-06-13T03:18:09.713+0000][1][safepoint    ] Total time for which application threads were stopped: 0.0002418 seconds, Stopping threads took: 0.0001007 seconds
[2022-06-13T03:18:09.713+0000][1][safepoint    ] Application time: 0.0000697 seconds
[2022-06-13T03:18:09.713+0000][1][safepoint    ] Entering safepoint region: RevokeBias
[2022-06-13T03:18:09.713+0000][1][safepoint    ] Leaving safepoint region
[2022-06-13T03:18:09.713+0000][1][safepoint    ] Total time for which application threads were stopped: 0.0002302 seconds, Stopping threads took: 0.0000980 seconds
[2022-06-13T03:18:09.714+0000][1][safepoint    ] Application time: 0.0001168 seconds
[2022-06-13T03:18:09.714+0000][1][safepoint    ] Entering safepoint region: RevokeBias
[2022-06-13T03:18:09.714+0000][1][safepoint    ] Leaving safepoint region
[2022-06-13T03:18:09.714+0000][1][safepoint    ] Total time for which application threads were stopped: 0.0002663 seconds, Stopping threads took: 0.0001258 seconds
[2022-06-13T03:18:09.714+0000][1][safepoint    ] Application time: 0.0000818 seconds
[2022-06-13T03:18:09.714+0000][1][safepoint    ] Entering safepoint region: RevokeBias
[2022-06-13T03:18:09.714+0000][1][safepoint    ] Leaving safepoint region
[2022-06-13T03:18:09.715+0000][1][safepoint    ] Total time for which application threads were stopped: 0.0002506 seconds, Stopping threads took: 0.0001316 seconds
[2022-06-13T03:18:09.715+0000][1][safepoint    ] Application time: 0.0000763 seconds
[2022-06-13T03:18:09.715+0000][1][safepoint    ] Entering safepoint region: RevokeBias
[2022-06-13T03:18:09.715+0000][1][safepoint    ] Leaving safepoint region
[2022-06-13T03:18:09.715+0000][1][safepoint    ] Total time for which application threads were stopped: 0.0002063 seconds, Stopping threads took: 0.0000904 seconds
[2022-06-13T03:18:09.715+0000][1][safepoint    ] Application time: 0.0000738 seconds
[2022-06-13T03:18:09.716+0000][1][safepoint    ] Entering safepoint region: RevokeBias
[2022-06-13T03:18:09.716+0000][1][safepoint    ] Leaving safepoint region
[2022-06-13T03:18:09.716+0000][1][safepoint    ] Total time for which application threads were stopped: 0.0005404 seconds, Stopping threads took: 0.0004307 seconds
[2022-06-13T03:18:09.716+0000][1][safepoint    ] Application time: 0.0000763 seconds
[2022-06-13T03:18:09.716+0000][1][safepoint    ] Entering safepoint region: RevokeBias
[2022-06-13T03:18:09.716+0000][1][safepoint    ] Leaving safepoint region
[2022-06-13T03:18:09.716+0000][1][safepoint    ] Total time for which application threads were stopped: 0.0004274 seconds, Stopping threads took: 0.0003136 seconds
[2022-06-13T03:18:09.717+0000][1][safepoint    ] Application time: 0.0000859 seconds
[2022-06-13T03:18:09.717+0000][1][safepoint    ] Entering safepoint region: RevokeBias
[2022-06-13T03:18:09.717+0000][1][safepoint    ] Leaving safepoint region
[2022-06-13T03:18:09.717+0000][1][safepoint    ] Total time for which application threads were stopped: 0.0002687 seconds, Stopping threads took: 0.0001333 seconds
[2022-06-13T03:18:09.717+0000][1][safepoint    ] Application time: 0.0000713 seconds
[2022-06-13T03:18:09.717+0000][1][safepoint    ] Entering safepoint region: RevokeBias
[2022-06-13T03:18:09.717+0000][1][safepoint    ] Leaving safepoint region
[2022-06-13T03:18:09.718+0000][1][safepoint    ] Total time for which application threads were stopped: 0.0002466 seconds, Stopping threads took: 0.0001172 seconds
[2022-06-13T03:18:09.718+0000][1][safepoint    ] Application time: 0.0001151 seconds
[2022-06-13T03:18:09.718+0000][1][safepoint    ] Entering safepoint region: RevokeBias
[2022-06-13T03:18:09.718+0000][1][safepoint    ] Leaving safepoint region
[2022-06-13T03:18:09.718+0000][1][safepoint    ] Total time for which application threads were stopped: 0.0003008 seconds, Stopping threads took: 0.0001771 seconds
[2022-06-13T03:18:09.718+0000][1][safepoint    ] Application time: 0.0001031 seconds
[2022-06-13T03:18:09.718+0000][1][safepoint    ] Entering safepoint region: RevokeBias
[2022-06-13T03:18:09.719+0000][1][safepoint    ] Leaving safepoint region
[2022-06-13T03:18:09.719+0000][1][safepoint    ] Total time for which application threads were stopped: 0.0002428 seconds, Stopping threads took: 0.0001113 seconds
[2022-06-13T03:18:09.719+0000][1][safepoint    ] Application time: 0.0000809 seconds
[2022-06-13T03:18:09.719+0000][1][safepoint    ] Entering safepoint region: RevokeBias
[2022-06-13T03:18:09.719+0000][1][safepoint    ] Leaving safepoint region
[2022-06-13T03:18:09.719+0000][1][safepoint    ] Total time for which application threads were stopped: 0.0003644 seconds, Stopping threads took: 0.0002085 seconds
[2022-06-13T03:18:09.720+0000][1][safepoint    ] Application time: 0.0000790 seconds
[2022-06-13T03:18:09.720+0000][1][safepoint    ] Entering safepoint region: RevokeBias
[2022-06-13T03:18:09.720+0000][1][safepoint    ] Leaving safepoint region
[2022-06-13T03:18:09.720+0000][1][safepoint    ] Total time for which application threads were stopped: 0.0002327 seconds, Stopping threads took: 0.0000962 seconds
[2022-06-13T03:18:09.801+0000][1][safepoint    ] Application time: 0.0814034 seconds
[2022-06-13T03:18:09.802+0000][1][safepoint    ] Entering safepoint region: GenCollectForAllocation
[2022-06-13T03:18:09.802+0000][1][gc,start     ] GC(4) Pause Young (Allocation Failure)
[2022-06-13T03:18:09.802+0000][1][gc,task      ] GC(4) Using 5 workers of 13 for evacuation
[2022-06-13T03:18:09.806+0000][1][gc,age       ] GC(4) Desired survivor size 4456448 bytes, new threshold 2 (max threshold 6)
[2022-06-13T03:18:09.806+0000][1][gc,age       ] GC(4) Age table with threshold 2 (max threshold 6)
[2022-06-13T03:18:09.806+0000][1][gc,age       ] GC(4) - age   1:    1573280 bytes,    1573280 total
[2022-06-13T03:18:09.807+0000][1][gc,age       ] GC(4) - age   2:    3196192 bytes,    4769472 total
[2022-06-13T03:18:09.807+0000][1][gc,age       ] GC(4) - age   3:     318784 bytes,    5088256 total
[2022-06-13T03:18:09.812+0000][1][gc,heap      ] GC(4) ParNew: 75597K->7662K(78656K)
[2022-06-13T03:18:09.812+0000][1][gc,heap      ] GC(4) CMS: 6689K->7857K(174784K)
[2022-06-13T03:18:09.822+0000][1][gc,metaspace ] GC(4) Metaspace: 18831K->18831K(1067008K)
[2022-06-13T03:18:09.823+0000][1][gc           ] GC(4) Pause Young (Allocation Failure) 80M->15M(247M) 20.754ms
[2022-06-13T03:18:09.823+0000][1][gc,cpu       ] GC(4) User=0.08s Sys=0.00s Real=0.02s
[2022-06-13T03:18:09.823+0000][1][safepoint    ] Leaving safepoint region
[2022-06-13T03:18:09.823+0000][1][safepoint    ] Total time for which application threads were stopped: 0.0214327 seconds, Stopping threads took: 0.0002193 seconds
[2022-06-13T03:18:09.823+0000][1][safepoint    ] Application time: 0.0002149 seconds
[2022-06-13T03:18:09.824+0000][1][safepoint    ] Entering safepoint region: RevokeBias
[2022-06-13T03:18:09.827+0000][1][safepoint    ] Leaving safepoint region
[2022-06-13T03:18:09.827+0000][1][safepoint    ] Total time for which application threads were stopped: 0.0031412 seconds, Stopping threads took: 0.0028869 seconds
[2022-06-13T03:18:09.827+0000][1][safepoint    ] Application time: 0.0001111 seconds
[2022-06-13T03:18:09.831+0000][1][safepoint    ] Entering safepoint region: RevokeBias
[2022-06-13T03:18:09.832+0000][1][safepoint    ] Leaving safepoint region
[2022-06-13T03:18:09.832+0000][1][safepoint    ] Total time for which application threads were stopped: 0.0009799 seconds, Stopping threads took: 0.0001975 seconds
[2022-06-13T03:18:09.833+0000][1][safepoint    ] Application time: 0.0001841 seconds
[2022-06-13T03:18:09.833+0000][1][safepoint    ] Entering safepoint region: RevokeBias
[2022-06-13T03:18:09.833+0000][1][safepoint    ] Leaving safepoint region
[2022-06-13T03:18:09.834+0000][1][safepoint    ] Total time for which application threads were stopped: 0.0004151 seconds, Stopping threads took: 0.0001993 seconds
[2022-06-13T03:18:09.834+0000][1][safepoint    ] Application time: 0.0000810 seconds
[2022-06-13T03:18:09.834+0000][1][safepoint    ] Entering safepoint region: RevokeBias
[2022-06-13T03:18:09.834+0000][1][safepoint    ] Leaving safepoint region
[2022-06-13T03:18:09.834+0000][1][safepoint    ] Total time for which application threads were stopped: 0.0002789 seconds, Stopping threads took: 0.0001243 seconds
[2022-06-13T03:18:09.854+0000][1][safepoint    ] Application time: 0.0192236 seconds
[2022-06-13T03:18:09.854+0000][1][safepoint    ] Entering safepoint region: Deoptimize
[2022-06-13T03:18:09.855+0000][1][safepoint    ] Leaving safepoint region
[2022-06-13T03:18:09.855+0000][1][safepoint    ] Total time for which application threads were stopped: 0.0008783 seconds, Stopping threads took: 0.0001319 seconds
[2022-06-13T03:18:09.891+0000][1][safepoint    ] Application time: 0.0362251 seconds
[2022-06-13T03:18:09.892+0000][1][safepoint    ] Entering safepoint region: Deoptimize
[2022-06-13T03:18:09.892+0000][1][safepoint    ] Leaving safepoint region
[2022-06-13T03:18:09.892+0000][1][safepoint    ] Total time for which application threads were stopped: 0.0007639 seconds, Stopping threads took: 0.0001985 seconds
[2022-06-13T03:18:09.968+0000][1][safepoint    ] Application time: 0.0759551 seconds
[2022-06-13T03:18:09.969+0000][1][safepoint    ] Entering safepoint region: GenCollectForAllocation
[2022-06-13T03:18:09.969+0000][1][gc,start     ] GC(5) Pause Young (Allocation Failure)
[2022-06-13T03:18:09.969+0000][1][gc,task      ] GC(5) Using 5 workers of 13 for evacuation
[2022-06-13T03:18:09.975+0000][1][gc,age       ] GC(5) Desired survivor size 4456448 bytes, new threshold 6 (max threshold 6)
[2022-06-13T03:18:09.976+0000][1][gc,age       ] GC(5) Age table with threshold 6 (max threshold 6)
[2022-06-13T03:18:09.976+0000][1][gc,age       ] GC(5) - age   1:    2367592 bytes,    2367592 total
[2022-06-13T03:18:09.976+0000][1][gc,age       ] GC(5) - age   2:     554832 bytes,    2922424 total
[2022-06-13T03:18:09.976+0000][1][gc,heap      ] GC(5) ParNew: 77614K->5917K(78656K)
[2022-06-13T03:18:09.976+0000][1][gc,heap      ] GC(5) CMS: 7857K->11315K(174784K)
[2022-06-13T03:18:09.976+0000][1][gc,metaspace ] GC(5) Metaspace: 19172K->19172K(1067008K)
[2022-06-13T03:18:09.976+0000][1][gc           ] GC(5) Pause Young (Allocation Failure) 83M->16M(247M) 7.379ms
[2022-06-13T03:18:09.977+0000][1][gc,cpu       ] GC(5) User=0.06s Sys=0.00s Real=0.01s
[2022-06-13T03:18:09.977+0000][1][safepoint    ] Leaving safepoint region
[2022-06-13T03:18:09.977+0000][1][safepoint    ] Total time for which application threads were stopped: 0.0080462 seconds, Stopping threads took: 0.0001961 seconds
[2022-06-13T03:18:09.977+0000][1][safepoint    ] Application time: 0.0002274 seconds
[2022-06-13T03:18:09.977+0000][1][safepoint    ] Entering safepoint region: RevokeBias
[2022-06-13T03:18:09.978+0000][1][safepoint    ] Leaving safepoint region
[2022-06-13T03:18:09.978+0000][1][safepoint    ] Total time for which application threads were stopped: 0.0004164 seconds, Stopping threads took: 0.0002040 seconds
[2022-06-13T03:18:09.978+0000][1][safepoint    ] Application time: 0.0001456 seconds
[2022-06-13T03:18:09.978+0000][1][safepoint    ] Entering safepoint region: RevokeBias
[2022-06-13T03:18:09.979+0000][1][safepoint    ] Leaving safepoint region
[2022-06-13T03:18:09.979+0000][1][safepoint    ] Total time for which application threads were stopped: 0.0006255 seconds, Stopping threads took: 0.0004195 seconds
[2022-06-13T03:18:09.979+0000][1][safepoint    ] Application time: 0.0000918 seconds
[2022-06-13T03:18:09.979+0000][1][safepoint    ] Entering safepoint region: RevokeBias
[2022-06-13T03:18:09.979+0000][1][safepoint    ] Leaving safepoint region
[2022-06-13T03:18:09.980+0000][1][safepoint    ] Total time for which application threads were stopped: 0.0003316 seconds, Stopping threads took: 0.0001652 seconds
[2022-06-13T03:18:09.980+0000][1][safepoint    ] Application time: 0.0000911 seconds
[2022-06-13T03:18:09.980+0000][1][safepoint    ] Entering safepoint region: RevokeBias
[2022-06-13T03:18:09.980+0000][1][safepoint    ] Leaving safepoint region
[2022-06-13T03:18:09.980+0000][1][safepoint    ] Total time for which application threads were stopped: 0.0003435 seconds, Stopping threads took: 0.0001666 seconds
[2022-06-13T03:18:09.980+0000][1][safepoint    ] Application time: 0.0000890 seconds
[2022-06-13T03:18:09.981+0000][1][safepoint    ] Entering safepoint region: RevokeBias
[2022-06-13T03:18:09.981+0000][1][safepoint    ] Leaving safepoint region
[2022-06-13T03:18:09.981+0000][1][safepoint    ] Total time for which application threads were stopped: 0.0002946 seconds, Stopping threads took: 0.0001405 seconds
[2022-06-13T03:18:09.981+0000][1][safepoint    ] Application time: 0.0000793 seconds
[2022-06-13T03:18:09.981+0000][1][safepoint    ] Entering safepoint region: RevokeBias
[2022-06-13T03:18:09.981+0000][1][safepoint    ] Leaving safepoint region
[2022-06-13T03:18:09.982+0000][1][safepoint    ] Total time for which application threads were stopped: 0.0003453 seconds, Stopping threads took: 0.0001646 seconds
[2022-06-13T03:18:10.076+0000][1][safepoint    ] Application time: 0.0940937 seconds
[2022-06-13T03:18:10.076+0000][1][safepoint    ] Entering safepoint region: GenCollectForAllocation
[2022-06-13T03:18:10.076+0000][1][gc,start     ] GC(6) Pause Young (Allocation Failure)
[2022-06-13T03:18:10.076+0000][1][gc,task      ] GC(6) Using 5 workers of 13 for evacuation
[2022-06-13T03:18:10.078+0000][1][gc,age       ] GC(6) Desired survivor size 4456448 bytes, new threshold 6 (max threshold 6)
[2022-06-13T03:18:10.078+0000][1][gc,age       ] GC(6) Age table with threshold 6 (max threshold 6)
[2022-06-13T03:18:10.078+0000][1][gc,age       ] GC(6) - age   1:    1324936 bytes,    1324936 total
[2022-06-13T03:18:10.078+0000][1][gc,age       ] GC(6) - age   2:    2194880 bytes,    3519816 total
[2022-06-13T03:18:10.079+0000][1][gc,age       ] GC(6) - age   3:     554832 bytes,    4074648 total
[2022-06-13T03:18:10.079+0000][1][gc,heap      ] GC(6) ParNew: 75869K->5557K(78656K)
[2022-06-13T03:18:10.079+0000][1][gc,heap      ] GC(6) CMS: 11315K->11315K(174784K)
[2022-06-13T03:18:10.079+0000][1][gc,metaspace ] GC(6) Metaspace: 19477K->19477K(1067008K)
[2022-06-13T03:18:10.079+0000][1][gc           ] GC(6) Pause Young (Allocation Failure) 85M->16M(247M) 3.004ms
[2022-06-13T03:18:10.079+0000][1][gc,cpu       ] GC(6) User=0.03s Sys=0.00s Real=0.01s
[2022-06-13T03:18:10.080+0000][1][safepoint    ] Leaving safepoint region
[2022-06-13T03:18:10.080+0000][1][safepoint    ] Total time for which application threads were stopped: 0.0036891 seconds, Stopping threads took: 0.0001447 seconds
[2022-06-13T03:18:10.080+0000][1][safepoint    ] Application time: 0.0001630 seconds
[2022-06-13T03:18:10.080+0000][1][safepoint    ] Entering safepoint region: RevokeBias
[2022-06-13T03:18:10.080+0000][1][safepoint    ] Leaving safepoint region
[2022-06-13T03:18:10.081+0000][1][safepoint    ] Total time for which application threads were stopped: 0.0003574 seconds, Stopping threads took: 0.0001843 seconds
[2022-06-13T03:18:10.081+0000][1][safepoint    ] Application time: 0.0000928 seconds
[2022-06-13T03:18:10.081+0000][1][safepoint    ] Entering safepoint region: BulkRevokeBias
[2022-06-13T03:18:10.081+0000][1][safepoint    ] Leaving safepoint region
[2022-06-13T03:18:10.081+0000][1][safepoint    ] Total time for which application threads were stopped: 0.0005115 seconds, Stopping threads took: 0.0002179 seconds
[2022-06-13T03:18:10.082+0000][1][safepoint    ] Application time: 0.0001085 seconds
[2022-06-13T03:18:10.082+0000][1][safepoint    ] Entering safepoint region: BulkRevokeBias
[2022-06-13T03:18:10.082+0000][1][safepoint    ] Leaving safepoint region
[2022-06-13T03:18:10.082+0000][1][safepoint    ] Total time for which application threads were stopped: 0.0004432 seconds, Stopping threads took: 0.0001782 seconds
[2022-06-13T03:18:10.156+0000][1][safepoint    ] Application time: 0.0736370 seconds
[2022-06-13T03:18:10.156+0000][1][safepoint    ] Entering safepoint region: GenCollectForAllocation
[2022-06-13T03:18:10.157+0000][1][gc,start     ] GC(7) Pause Young (Allocation Failure)
[2022-06-13T03:18:10.157+0000][1][gc,task      ] GC(7) Using 5 workers of 13 for evacuation
[2022-06-13T03:18:10.158+0000][1][gc,age       ] GC(7) Desired survivor size 4456448 bytes, new threshold 6 (max threshold 6)
[2022-06-13T03:18:10.159+0000][1][gc,age       ] GC(7) Age table with threshold 6 (max threshold 6)
[2022-06-13T03:18:10.159+0000][1][gc,age       ] GC(7) - age   1:     530672 bytes,     530672 total
[2022-06-13T03:18:10.159+0000][1][gc,age       ] GC(7) - age   2:    1129520 bytes,    1660192 total
[2022-06-13T03:18:10.159+0000][1][gc,age       ] GC(7) - age   3:    2192872 bytes,    3853064 total
[2022-06-13T03:18:10.159+0000][1][gc,age       ] GC(7) - age   4:     554832 bytes,    4407896 total
[2022-06-13T03:18:10.159+0000][1][gc,heap      ] GC(7) ParNew: 75509K->5962K(78656K)
[2022-06-13T03:18:10.160+0000][1][gc,heap      ] GC(7) CMS: 11315K->11315K(174784K)
[2022-06-13T03:18:10.160+0000][1][gc,metaspace ] GC(7) Metaspace: 19896K->19896K(1067008K)
[2022-06-13T03:18:10.160+0000][1][gc           ] GC(7) Pause Young (Allocation Failure) 84M->16M(247M) 3.234ms
[2022-06-13T03:18:10.160+0000][1][gc,cpu       ] GC(7) User=0.02s Sys=0.00s Real=0.01s
[2022-06-13T03:18:10.160+0000][1][safepoint    ] Leaving safepoint region
[2022-06-13T03:18:10.160+0000][1][safepoint    ] Total time for which application threads were stopped: 0.0038007 seconds, Stopping threads took: 0.0001300 seconds
[2022-06-13T03:18:10.163+0000][1][safepoint    ] Application time: 0.0031332 seconds
[2022-06-13T03:18:10.164+0000][1][safepoint    ] Entering safepoint region: CollectForMetadataAllocation
[2022-06-13T03:18:10.164+0000][1][safepoint    ] Leaving safepoint region
[2022-06-13T03:18:10.164+0000][1][safepoint    ] Total time for which application threads were stopped: 0.0003643 seconds, Stopping threads took: 0.0001298 seconds
[2022-06-13T03:18:10.176+0000][1][safepoint    ] Application time: 0.0116360 seconds
[2022-06-13T03:18:10.176+0000][1][safepoint    ] Entering safepoint region: CollectForMetadataAllocation
[2022-06-13T03:18:10.176+0000][1][safepoint    ] Leaving safepoint region
[2022-06-13T03:18:10.176+0000][1][safepoint    ] Total time for which application threads were stopped: 0.0003571 seconds, Stopping threads took: 0.0001495 seconds
[2022-06-13T03:18:10.245+0000][1][safepoint    ] Application time: 0.0681191 seconds
[2022-06-13T03:18:10.245+0000][1][safepoint    ] Entering safepoint region: GenCollectForAllocation
[2022-06-13T03:18:10.245+0000][1][gc,start     ] GC(8) Pause Young (Allocation Failure)
[2022-06-13T03:18:10.245+0000][1][gc,task      ] GC(8) Using 5 workers of 13 for evacuation
[2022-06-13T03:18:10.247+0000][1][gc,age       ] GC(8) Desired survivor size 4456448 bytes, new threshold 5 (max threshold 6)
[2022-06-13T03:18:10.247+0000][1][gc,age       ] GC(8) Age table with threshold 5 (max threshold 6)
[2022-06-13T03:18:10.247+0000][1][gc,age       ] GC(8) - age   1:     476544 bytes,     476544 total
[2022-06-13T03:18:10.247+0000][1][gc,age       ] GC(8) - age   2:     509200 bytes,     985744 total
[2022-06-13T03:18:10.247+0000][1][gc,age       ] GC(8) - age   3:    1129424 bytes,    2115168 total
[2022-06-13T03:18:10.247+0000][1][gc,age       ] GC(8) - age   4:    2192584 bytes,    4307752 total
[2022-06-13T03:18:10.248+0000][1][gc,age       ] GC(8) - age   5:     554832 bytes,    4862584 total
[2022-06-13T03:18:10.248+0000][1][gc,heap      ] GC(8) ParNew: 75914K->6132K(78656K)
[2022-06-13T03:18:10.248+0000][1][gc,heap      ] GC(8) CMS: 11315K->11315K(174784K)
[2022-06-13T03:18:10.248+0000][1][gc,metaspace ] GC(8) Metaspace: 20527K->20527K(1069056K)
[2022-06-13T03:18:10.248+0000][1][gc           ] GC(8) Pause Young (Allocation Failure) 85M->17M(247M) 2.912ms
[2022-06-13T03:18:10.248+0000][1][gc,cpu       ] GC(8) User=0.02s Sys=0.00s Real=0.00s
[2022-06-13T03:18:10.248+0000][1][safepoint    ] Leaving safepoint region
[2022-06-13T03:18:10.248+0000][1][safepoint    ] Total time for which application threads were stopped: 0.0034847 seconds, Stopping threads took: 0.0001476 seconds
[2022-06-13T03:18:10.249+0000][1][safepoint    ] Application time: 0.0001463 seconds
[2022-06-13T03:18:10.249+0000][1][safepoint    ] Entering safepoint region: CMS_Initial_Mark
[2022-06-13T03:18:10.249+0000][1][gc,start     ] GC(9) Pause Initial Mark
[2022-06-13T03:18:10.250+0000][1][gc           ] GC(9) Pause Initial Mark 18M->18M(247M) 0.635ms
[2022-06-13T03:18:10.250+0000][1][gc,cpu       ] GC(9) User=0.01s Sys=0.00s Real=0.01s
[2022-06-13T03:18:10.250+0000][1][safepoint    ] Leaving safepoint region
[2022-06-13T03:18:10.250+0000][1][safepoint    ] Total time for which application threads were stopped: 0.0011449 seconds, Stopping threads took: 0.0001547 seconds
[2022-06-13T03:18:10.250+0000][1][gc           ] GC(9) Concurrent Mark
[2022-06-13T03:18:10.251+0000][1][gc,task      ] GC(9) Using 4 workers of 4 for marking
[2022-06-13T03:18:10.254+0000][1][gc           ] GC(9) Concurrent Mark 4.383ms
[2022-06-13T03:18:10.255+0000][1][gc,cpu       ] GC(9) User=0.02s Sys=0.01s Real=0.00s
[2022-06-13T03:18:10.255+0000][1][gc           ] GC(9) Concurrent Preclean
[2022-06-13T03:18:10.255+0000][1][gc           ] GC(9) Concurrent Preclean 0.540ms
[2022-06-13T03:18:10.256+0000][1][gc,cpu       ] GC(9) User=0.00s Sys=0.00s Real=0.00s
[2022-06-13T03:18:10.256+0000][1][gc           ] GC(9) Concurrent Abortable Preclean
[2022-06-13T03:18:10.299+0000][1][safepoint    ] Application time: 0.0490764 seconds
[2022-06-13T03:18:10.299+0000][1][safepoint    ] Entering safepoint region: GenCollectForAllocation
[2022-06-13T03:18:10.300+0000][1][gc,start     ] GC(10) Pause Young (Allocation Failure)
[2022-06-13T03:18:10.300+0000][1][gc,task      ] GC(10) Using 5 workers of 13 for evacuation
[2022-06-13T03:18:10.302+0000][1][gc,age       ] GC(10) Desired survivor size 4456448 bytes, new threshold 5 (max threshold 6)
[2022-06-13T03:18:10.302+0000][1][gc,age       ] GC(10) Age table with threshold 5 (max threshold 6)
[2022-06-13T03:18:10.303+0000][1][gc,age       ] GC(10) - age   1:     938904 bytes,     938904 total
[2022-06-13T03:18:10.303+0000][1][gc,age       ] GC(10) - age   2:     459504 bytes,    1398408 total
[2022-06-13T03:18:10.303+0000][1][gc,age       ] GC(10) - age   3:     509080 bytes,    1907488 total
[2022-06-13T03:18:10.303+0000][1][gc,age       ] GC(10) - age   4:    1129424 bytes,    3036912 total
[2022-06-13T03:18:10.303+0000][1][gc,age       ] GC(10) - age   5:    2192392 bytes,    5229304 total
[2022-06-13T03:18:10.303+0000][1][gc,heap      ] GC(10) ParNew: 76084K->7039K(78656K)
[2022-06-13T03:18:10.303+0000][1][gc,heap      ] GC(10) CMS: 11315K->11867K(174784K)
[2022-06-13T03:18:10.303+0000][1][gc,metaspace ] GC(10) Metaspace: 20639K->20639K(1069056K)
[2022-06-13T03:18:10.303+0000][1][gc           ] GC(10) Pause Young (Allocation Failure) 85M->18M(247M) 3.703ms
[2022-06-13T03:18:10.303+0000][1][gc,cpu       ] GC(10) User=0.02s Sys=0.00s Real=0.00s
[2022-06-13T03:18:10.304+0000][1][safepoint    ] Leaving safepoint region
[2022-06-13T03:18:10.304+0000][1][safepoint    ] Total time for which application threads were stopped: 0.0042249 seconds, Stopping threads took: 0.0001288 seconds
[2022-06-13T03:18:10.326+0000][1][safepoint    ] Application time: 0.0223863 seconds
[2022-06-13T03:18:10.326+0000][1][safepoint    ] Entering safepoint region: CollectForMetadataAllocation
[2022-06-13T03:18:10.327+0000][1][safepoint    ] Leaving safepoint region
[2022-06-13T03:18:10.327+0000][1][safepoint    ] Total time for which application threads were stopped: 0.0003867 seconds, Stopping threads took: 0.0002000 seconds
[2022-06-13T03:18:10.355+0000][1][safepoint    ] Application time: 0.0278666 seconds
[2022-06-13T03:18:10.355+0000][1][safepoint    ] Entering safepoint region: GenCollectForAllocation
[2022-06-13T03:18:10.355+0000][1][gc,start     ] GC(11) Pause Young (Allocation Failure)
[2022-06-13T03:18:10.355+0000][1][gc,task      ] GC(11) Using 5 workers of 13 for evacuation
[2022-06-13T03:18:10.358+0000][1][gc,age       ] GC(11) Desired survivor size 4456448 bytes, new threshold 6 (max threshold 6)
[2022-06-13T03:18:10.358+0000][1][gc,age       ] GC(11) Age table with threshold 6 (max threshold 6)
[2022-06-13T03:18:10.358+0000][1][gc,age       ] GC(11) - age   1:    1822912 bytes,    1822912 total
[2022-06-13T03:18:10.359+0000][1][gc,age       ] GC(11) - age   2:     125424 bytes,    1948336 total
[2022-06-13T03:18:10.359+0000][1][gc,age       ] GC(11) - age   3:     459552 bytes,    2407888 total
[2022-06-13T03:18:10.359+0000][1][gc,age       ] GC(11) - age   4:     508944 bytes,    2916832 total
[2022-06-13T03:18:10.359+0000][1][gc,age       ] GC(11) - age   5:    1129160 bytes,    4045992 total
[2022-06-13T03:18:10.359+0000][1][gc,heap      ] GC(11) ParNew: 76991K->6360K(78656K)
[2022-06-13T03:18:10.359+0000][1][gc,heap      ] GC(11) CMS: 11867K->14022K(174784K)
[2022-06-13T03:18:10.359+0000][1][gc,metaspace ] GC(11) Metaspace: 20717K->20717K(1069056K)
[2022-06-13T03:18:10.359+0000][1][gc           ] GC(11) Pause Young (Allocation Failure) 86M->19M(247M) 4.372ms
[2022-06-13T03:18:10.360+0000][1][gc,cpu       ] GC(11) User=0.01s Sys=0.00s Real=0.01s
[2022-06-13T03:18:10.360+0000][1][safepoint    ] Leaving safepoint region
[2022-06-13T03:18:10.360+0000][1][safepoint    ] Total time for which application threads were stopped: 0.0049105 seconds, Stopping threads took: 0.0001216 seconds
[2022-06-13T03:18:10.360+0000][1][gc           ] GC(9) Concurrent Abortable Preclean 104.435ms
[2022-06-13T03:18:10.360+0000][1][gc,cpu       ] GC(9) User=0.35s Sys=0.02s Real=0.11s
[2022-06-13T03:18:10.361+0000][1][safepoint    ] Application time: 0.0004324 seconds
[2022-06-13T03:18:10.361+0000][1][safepoint    ] Entering safepoint region: CMS_Final_Remark
[2022-06-13T03:18:10.361+0000][1][gc,start     ] GC(9) Pause Remark
[2022-06-13T03:18:10.367+0000][1][gc           ] GC(9) Pause Remark 21M->21M(247M) 5.997ms
[2022-06-13T03:18:10.367+0000][1][gc,cpu       ] GC(9) User=0.01s Sys=0.00s Real=0.00s
[2022-06-13T03:18:10.367+0000][1][safepoint    ] Leaving safepoint region
[2022-06-13T03:18:10.367+0000][1][safepoint    ] Total time for which application threads were stopped: 0.0066008 seconds, Stopping threads took: 0.0001206 seconds
[2022-06-13T03:18:10.367+0000][1][gc           ] GC(9) Concurrent Sweep
[2022-06-13T03:18:10.371+0000][1][gc           ] GC(9) Concurrent Sweep 3.750ms
[2022-06-13T03:18:10.371+0000][1][gc,cpu       ] GC(9) User=0.01s Sys=0.00s Real=0.01s
[2022-06-13T03:18:10.372+0000][1][gc           ] GC(9) Concurrent Reset
[2022-06-13T03:18:10.373+0000][1][gc           ] GC(9) Concurrent Reset 1.111ms
[2022-06-13T03:18:10.373+0000][1][gc,cpu       ] GC(9) User=0.00s Sys=0.00s Real=0.00s
[2022-06-13T03:18:10.373+0000][1][gc,heap      ] GC(9) Old: 11315K->13996K(174784K)
[2022-06-13T03:18:10.569+0000][1][safepoint    ] Application time: 0.2015789 seconds
[2022-06-13T03:18:10.569+0000][1][safepoint    ] Entering safepoint region: Deoptimize
[2022-06-13T03:18:10.571+0000][1][safepoint    ] Leaving safepoint region
[2022-06-13T03:18:10.572+0000][1][safepoint    ] Total time for which application threads were stopped: 0.0023137 seconds, Stopping threads took: 0.0003382 seconds
[2022-06-13T03:18:10.627+0000][1][safepoint    ] Application time: 0.0548446 seconds
[2022-06-13T03:18:10.627+0000][1][safepoint    ] Entering safepoint region: Deoptimize
[2022-06-13T03:18:10.628+0000][1][safepoint    ] Leaving safepoint region
[2022-06-13T03:18:10.628+0000][1][safepoint    ] Total time for which application threads were stopped: 0.0011555 seconds, Stopping threads took: 0.0002408 seconds
[2022-06-13T03:18:10.630+0000][1][safepoint    ] Application time: 0.0005991 seconds
[2022-06-13T03:18:10.630+0000][1][safepoint    ] Entering safepoint region: Deoptimize
[2022-06-13T03:18:10.631+0000][1][safepoint    ] Leaving safepoint region
[2022-06-13T03:18:10.631+0000][1][safepoint    ] Total time for which application threads were stopped: 0.0008634 seconds, Stopping threads took: 0.0002839 seconds
[2022-06-13T03:18:10.638+0000][1][safepoint    ] Application time: 0.0064431 seconds
[2022-06-13T03:18:10.638+0000][1][safepoint    ] Entering safepoint region: Deoptimize
[2022-06-13T03:18:10.639+0000][1][safepoint    ] Leaving safepoint region
[2022-06-13T03:18:10.639+0000][1][safepoint    ] Total time for which application threads were stopped: 0.0008022 seconds, Stopping threads took: 0.0001915 seconds
[2022-06-13T03:18:10.642+0000][1][safepoint    ] Application time: 0.0032679 seconds
[2022-06-13T03:18:10.642+0000][1][safepoint    ] Entering safepoint region: Deoptimize
[2022-06-13T03:18:10.643+0000][1][safepoint    ] Leaving safepoint region
[2022-06-13T03:18:10.643+0000][1][safepoint    ] Total time for which application threads were stopped: 0.0010090 seconds, Stopping threads took: 0.0002349 seconds
[2022-06-13T03:18:10.697+0000][1][safepoint    ] Application time: 0.0528708 seconds
[2022-06-13T03:18:10.697+0000][1][safepoint    ] Entering safepoint region: GenCollectForAllocation
[2022-06-13T03:18:10.697+0000][1][gc,start     ] GC(12) Pause Young (Allocation Failure)
[2022-06-13T03:18:10.698+0000][1][gc,task      ] GC(12) Using 5 workers of 13 for evacuation
[2022-06-13T03:18:10.701+0000][1][gc,age       ] GC(12) Desired survivor size 4456448 bytes, new threshold 5 (max threshold 6)
[2022-06-13T03:18:10.702+0000][1][gc,age       ] GC(12) Age table with threshold 5 (max threshold 6)
[2022-06-13T03:18:10.702+0000][1][gc,age       ] GC(12) - age   1:    3222592 bytes,    3222592 total
[2022-06-13T03:18:10.702+0000][1][gc,age       ] GC(12) - age   2:     344912 bytes,    3567504 total
[2022-06-13T03:18:10.702+0000][1][gc,age       ] GC(12) - age   3:     125160 bytes,    3692664 total
[2022-06-13T03:18:10.702+0000][1][gc,age       ] GC(12) - age   4:     458992 bytes,    4151656 total
[2022-06-13T03:18:10.702+0000][1][gc,age       ] GC(12) - age   5:     504080 bytes,    4655736 total
[2022-06-13T03:18:10.702+0000][1][gc,age       ] GC(12) - age   6:    1128800 bytes,    5784536 total
[2022-06-13T03:18:10.702+0000][1][gc,heap      ] GC(12) ParNew: 76312K->7378K(78656K)
[2022-06-13T03:18:10.702+0000][1][gc,heap      ] GC(12) CMS: 13996K->13996K(174784K)
[2022-06-13T03:18:10.703+0000][1][gc,metaspace ] GC(12) Metaspace: 26454K->26454K(1073152K)
[2022-06-13T03:18:10.703+0000][1][gc           ] GC(12) Pause Young (Allocation Failure) 88M->20M(247M) 5.416ms
[2022-06-13T03:18:10.703+0000][1][gc,cpu       ] GC(12) User=0.04s Sys=0.00s Real=0.01s
[2022-06-13T03:18:10.703+0000][1][safepoint    ] Leaving safepoint region
[2022-06-13T03:18:10.703+0000][1][safepoint    ] Total time for which application threads were stopped: 0.0060684 seconds, Stopping threads took: 0.0002894 seconds
[2022-06-13T03:18:10.897+0000][1][safepoint    ] Application time: 0.1940521 seconds
[2022-06-13T03:18:10.898+0000][1][safepoint    ] Entering safepoint region: RevokeBias
[2022-06-13T03:18:10.898+0000][1][safepoint    ] Leaving safepoint region
[2022-06-13T03:18:10.898+0000][1][safepoint    ] Total time for which application threads were stopped: 0.0008280 seconds, Stopping threads took: 0.0003009 seconds
[2022-06-13T03:18:11.227+0000][1][safepoint    ] Application time: 0.3285659 seconds
[2022-06-13T03:18:11.227+0000][1][safepoint    ] Entering safepoint region: GenCollectForAllocation
[2022-06-13T03:18:11.228+0000][1][gc,start     ] GC(13) Pause Young (Allocation Failure)
[2022-06-13T03:18:11.228+0000][1][gc,task      ] GC(13) Using 5 workers of 13 for evacuation
[2022-06-13T03:18:11.261+0000][1][gc,age       ] GC(13) Desired survivor size 4456448 bytes, new threshold 1 (max threshold 6)
[2022-06-13T03:18:11.261+0000][1][gc,age       ] GC(13) Age table with threshold 1 (max threshold 6)
[2022-06-13T03:18:11.261+0000][1][gc,age       ] GC(13) - age   1:    5032040 bytes,    5032040 total
[2022-06-13T03:18:11.262+0000][1][gc,age       ] GC(13) - age   2:    2951976 bytes,    7984016 total
[2022-06-13T03:18:11.262+0000][1][gc,age       ] GC(13) - age   3:     344680 bytes,    8328696 total
[2022-06-13T03:18:11.262+0000][1][gc,age       ] GC(13) - age   4:     125128 bytes,    8453824 total
[2022-06-13T03:18:11.262+0000][1][gc,age       ] GC(13) - age   5:     459016 bytes,    8912840 total
[2022-06-13T03:18:11.262+0000][1][gc,heap      ] GC(13) ParNew: 77330K->8704K(78656K)
[2022-06-13T03:18:11.262+0000][1][gc,heap      ] GC(13) CMS: 13996K->26203K(174784K)
[2022-06-13T03:18:11.262+0000][1][gc,metaspace ] GC(13) Metaspace: 27134K->27134K(1075200K)
[2022-06-13T03:18:11.262+0000][1][gc           ] GC(13) Pause Young (Allocation Failure) 89M->34M(247M) 34.648ms
[2022-06-13T03:18:11.263+0000][1][gc,cpu       ] GC(13) User=0.23s Sys=0.01s Real=0.04s
[2022-06-13T03:18:11.263+0000][1][safepoint    ] Leaving safepoint region
[2022-06-13T03:18:11.263+0000][1][safepoint    ] Total time for which application threads were stopped: 0.0355666 seconds, Stopping threads took: 0.0002098 seconds
[2022-06-13T03:18:11.283+0000][1][safepoint    ] Application time: 0.0194310 seconds
[2022-06-13T03:18:11.283+0000][1][safepoint    ] Entering safepoint region: Deoptimize
[2022-06-13T03:18:11.284+0000][1][safepoint    ] Leaving safepoint region
[2022-06-13T03:18:11.284+0000][1][safepoint    ] Total time for which application threads were stopped: 0.0013170 seconds, Stopping threads took: 0.0001823 seconds
[2022-06-13T03:18:11.561+0000][1][safepoint    ] Application time: 0.2766567 seconds
[2022-06-13T03:18:11.562+0000][1][safepoint    ] Entering safepoint region: GenCollectForAllocation
[2022-06-13T03:18:11.562+0000][1][gc,start     ] GC(14) Pause Young (Allocation Failure)
[2022-06-13T03:18:11.562+0000][1][gc,task      ] GC(14) Using 5 workers of 13 for evacuation
[2022-06-13T03:18:11.578+0000][1][gc,age       ] GC(14) Desired survivor size 4456448 bytes, new threshold 1 (max threshold 6)
[2022-06-13T03:18:11.579+0000][1][gc,age       ] GC(14) Age table with threshold 1 (max threshold 6)
[2022-06-13T03:18:11.579+0000][1][gc,age       ] GC(14) - age   1:    8912744 bytes,    8912744 total
[2022-06-13T03:18:11.579+0000][1][gc,heap      ] GC(14) ParNew: 78656K->8704K(78656K)
[2022-06-13T03:18:11.579+0000][1][gc,heap      ] GC(14) CMS: 26203K->39256K(174784K)
[2022-06-13T03:18:11.579+0000][1][gc,metaspace ] GC(14) Metaspace: 27269K->27269K(1075200K)
[2022-06-13T03:18:11.579+0000][1][gc           ] GC(14) Pause Young (Allocation Failure) 102M->46M(247M) 17.187ms
[2022-06-13T03:18:11.579+0000][1][gc,cpu       ] GC(14) User=0.09s Sys=0.00s Real=0.02s
[2022-06-13T03:18:11.579+0000][1][safepoint    ] Leaving safepoint region
[2022-06-13T03:18:11.580+0000][1][safepoint    ] Total time for which application threads were stopped: 0.0179186 seconds, Stopping threads took: 0.0002670 seconds
[2022-06-13T03:18:11.728+0000][1][safepoint    ] Application time: 0.1487359 seconds
[2022-06-13T03:18:11.729+0000][1][safepoint    ] Entering safepoint region: RevokeBias
[2022-06-13T03:18:11.729+0000][1][safepoint    ] Leaving safepoint region
[2022-06-13T03:18:11.729+0000][1][safepoint    ] Total time for which application threads were stopped: 0.0003263 seconds, Stopping threads took: 0.0001118 seconds
[2022-06-13T03:18:11.870+0000][1][safepoint    ] Application time: 0.1413019 seconds
[2022-06-13T03:18:11.871+0000][1][safepoint    ] Entering safepoint region: RevokeBias
[2022-06-13T03:18:11.871+0000][1][safepoint    ] Leaving safepoint region
[2022-06-13T03:18:11.871+0000][1][safepoint    ] Total time for which application threads were stopped: 0.0003093 seconds, Stopping threads took: 0.0001270 seconds
[2022-06-13T03:18:11.872+0000][1][safepoint    ] Application time: 0.0012866 seconds
[2022-06-13T03:18:11.873+0000][1][safepoint    ] Entering safepoint region: RevokeBias
[2022-06-13T03:18:11.873+0000][1][safepoint    ] Leaving safepoint region
[2022-06-13T03:18:11.873+0000][1][safepoint    ] Total time for which application threads were stopped: 0.0003346 seconds, Stopping threads took: 0.0001402 seconds
[2022-06-13T03:18:11.981+0000][1][safepoint    ] Application time: 0.1075007 seconds
[2022-06-13T03:18:11.981+0000][1][safepoint    ] Entering safepoint region: GenCollectForAllocation
[2022-06-13T03:18:11.981+0000][1][gc,start     ] GC(15) Pause Young (Allocation Failure)
[2022-06-13T03:18:11.982+0000][1][gc,task      ] GC(15) Using 5 workers of 13 for evacuation
[2022-06-13T03:18:11.993+0000][1][gc,age       ] GC(15) Desired survivor size 4456448 bytes, new threshold 1 (max threshold 6)
[2022-06-13T03:18:11.993+0000][1][gc,age       ] GC(15) Age table with threshold 1 (max threshold 6)
[2022-06-13T03:18:11.993+0000][1][gc,age       ] GC(15) - age   1:    7063320 bytes,    7063320 total
[2022-06-13T03:18:11.994+0000][1][gc,heap      ] GC(15) ParNew: 78656K->8704K(78656K)
[2022-06-13T03:18:11.994+0000][1][gc,heap      ] GC(15) CMS: 39256K->48630K(174784K)
[2022-06-13T03:18:11.994+0000][1][gc,metaspace ] GC(15) Metaspace: 32227K->32227K(1079296K)
[2022-06-13T03:18:11.994+0000][1][gc           ] GC(15) Pause Young (Allocation Failure) 115M->55M(247M) 12.831ms
[2022-06-13T03:18:11.994+0000][1][gc,cpu       ] GC(15) User=0.07s Sys=0.00s Real=0.01s
[2022-06-13T03:18:11.995+0000][1][safepoint    ] Leaving safepoint region
[2022-06-13T03:18:11.995+0000][1][safepoint    ] Total time for which application threads were stopped: 0.0139740 seconds, Stopping threads took: 0.0002776 seconds
[2022-06-13T03:18:12.074+0000][1][safepoint    ] Application time: 0.0789843 seconds
[2022-06-13T03:18:12.074+0000][1][safepoint    ] Entering safepoint region: GenCollectForAllocation
[2022-06-13T03:18:12.075+0000][1][gc,start     ] GC(16) Pause Young (Allocation Failure)
[2022-06-13T03:18:12.075+0000][1][gc,task      ] GC(16) Using 5 workers of 13 for evacuation
[2022-06-13T03:18:12.080+0000][1][gc,age       ] GC(16) Desired survivor size 4456448 bytes, new threshold 6 (max threshold 6)
[2022-06-13T03:18:12.080+0000][1][gc,age       ] GC(16) Age table with threshold 6 (max threshold 6)
[2022-06-13T03:18:12.080+0000][1][gc,age       ] GC(16) - age   1:     358072 bytes,     358072 total
[2022-06-13T03:18:12.081+0000][1][gc,heap      ] GC(16) ParNew: 78656K->7294K(78656K)
[2022-06-13T03:18:12.081+0000][1][gc,heap      ] GC(16) CMS: 48630K->55584K(174784K)
[2022-06-13T03:18:12.081+0000][1][gc,metaspace ] GC(16) Metaspace: 33016K->33016K(1079296K)
[2022-06-13T03:18:12.081+0000][1][gc           ] GC(16) Pause Young (Allocation Failure) 124M->61M(247M) 6.927ms
[2022-06-13T03:18:12.082+0000][1][gc,cpu       ] GC(16) User=0.03s Sys=0.00s Real=0.01s
[2022-06-13T03:18:12.082+0000][1][safepoint    ] Leaving safepoint region
[2022-06-13T03:18:12.082+0000][1][safepoint    ] Total time for which application threads were stopped: 0.0080863 seconds, Stopping threads took: 0.0001578 seconds
[2022-06-13T03:18:12.096+0000][1][safepoint    ] Application time: 0.0133509 seconds
[2022-06-13T03:18:12.096+0000][1][safepoint    ] Entering safepoint region: RevokeBias
[2022-06-13T03:18:12.096+0000][1][safepoint    ] Leaving safepoint region
[2022-06-13T03:18:12.097+0000][1][safepoint    ] Total time for which application threads were stopped: 0.0003842 seconds, Stopping threads took: 0.0001658 seconds
[2022-06-13T03:18:12.247+0000][1][safepoint    ] Application time: 0.1502446 seconds
[2022-06-13T03:18:12.247+0000][1][safepoint    ] Entering safepoint region: CollectForMetadataAllocation
[2022-06-13T03:18:12.247+0000][1][safepoint    ] Leaving safepoint region
[2022-06-13T03:18:12.247+0000][1][safepoint    ] Total time for which application threads were stopped: 0.0003428 seconds, Stopping threads took: 0.0000992 seconds
[2022-06-13T03:18:12.261+0000][1][safepoint    ] Application time: 0.0139087 seconds
[2022-06-13T03:18:12.262+0000][1][safepoint    ] Entering safepoint region: CollectForMetadataAllocation
[2022-06-13T03:18:12.262+0000][1][safepoint    ] Leaving safepoint region
[2022-06-13T03:18:12.262+0000][1][safepoint    ] Total time for which application threads were stopped: 0.0003581 seconds, Stopping threads took: 0.0001479 seconds
[2022-06-13T03:18:12.275+0000][1][safepoint    ] Application time: 0.0128694 seconds
[2022-06-13T03:18:12.275+0000][1][safepoint    ] Entering safepoint region: CollectForMetadataAllocation
[2022-06-13T03:18:12.276+0000][1][safepoint    ] Leaving safepoint region
[2022-06-13T03:18:12.276+0000][1][safepoint    ] Total time for which application threads were stopped: 0.0003853 seconds, Stopping threads took: 0.0001575 seconds
[2022-06-13T03:18:12.293+0000][1][safepoint    ] Application time: 0.0171465 seconds
[2022-06-13T03:18:12.293+0000][1][safepoint    ] Entering safepoint region: CollectForMetadataAllocation
[2022-06-13T03:18:12.293+0000][1][safepoint    ] Leaving safepoint region
[2022-06-13T03:18:12.293+0000][1][safepoint    ] Total time for which application threads were stopped: 0.0002713 seconds, Stopping threads took: 0.0000897 seconds
[2022-06-13T03:18:12.307+0000][1][safepoint    ] Application time: 0.0130671 seconds
[2022-06-13T03:18:12.307+0000][1][safepoint    ] Entering safepoint region: CollectForMetadataAllocation
[2022-06-13T03:18:12.307+0000][1][safepoint    ] Leaving safepoint region
[2022-06-13T03:18:12.307+0000][1][safepoint    ] Total time for which application threads were stopped: 0.0002836 seconds, Stopping threads took: 0.0000884 seconds
[2022-06-13T03:18:12.319+0000][1][safepoint    ] Application time: 0.0114467 seconds
[2022-06-13T03:18:12.319+0000][1][safepoint    ] Entering safepoint region: CollectForMetadataAllocation
[2022-06-13T03:18:12.319+0000][1][safepoint    ] Leaving safepoint region
[2022-06-13T03:18:12.319+0000][1][safepoint    ] Total time for which application threads were stopped: 0.0006144 seconds, Stopping threads took: 0.0003536 seconds
[2022-06-13T03:18:12.333+0000][1][safepoint    ] Application time: 0.0131072 seconds
[2022-06-13T03:18:12.333+0000][1][safepoint    ] Entering safepoint region: CollectForMetadataAllocation
[2022-06-13T03:18:12.333+0000][1][safepoint    ] Leaving safepoint region
[2022-06-13T03:18:12.333+0000][1][safepoint    ] Total time for which application threads were stopped: 0.0002937 seconds, Stopping threads took: 0.0001006 seconds
[2022-06-13T03:18:12.344+0000][1][safepoint    ] Application time: 0.0105228 seconds
[2022-06-13T03:18:12.344+0000][1][safepoint    ] Entering safepoint region: CollectForMetadataAllocation
[2022-06-13T03:18:12.344+0000][1][safepoint    ] Leaving safepoint region
[2022-06-13T03:18:12.344+0000][1][safepoint    ] Total time for which application threads were stopped: 0.0002905 seconds, Stopping threads took: 0.0000907 seconds
[2022-06-13T03:18:12.356+0000][1][safepoint    ] Application time: 0.0118399 seconds
[2022-06-13T03:18:12.356+0000][1][safepoint    ] Entering safepoint region: RevokeBias
[2022-06-13T03:18:12.356+0000][1][safepoint    ] Leaving safepoint region
[2022-06-13T03:18:12.357+0000][1][safepoint    ] Total time for which application threads were stopped: 0.0003566 seconds, Stopping threads took: 0.0001503 seconds
[2022-06-13T03:18:12.359+0000][1][safepoint    ] Application time: 0.0025713 seconds
[2022-06-13T03:18:12.359+0000][1][safepoint    ] Entering safepoint region: RevokeBias
[2022-06-13T03:18:12.360+0000][1][safepoint    ] Leaving safepoint region
[2022-06-13T03:18:12.360+0000][1][safepoint    ] Total time for which application threads were stopped: 0.0002824 seconds, Stopping threads took: 0.0001198 seconds
[2022-06-13T03:18:12.365+0000][1][safepoint    ] Application time: 0.0051934 seconds
[2022-06-13T03:18:12.365+0000][1][safepoint    ] Entering safepoint region: RevokeBias
[2022-06-13T03:18:12.365+0000][1][safepoint    ] Leaving safepoint region
[2022-06-13T03:18:12.366+0000][1][safepoint    ] Total time for which application threads were stopped: 0.0003716 seconds, Stopping threads took: 0.0001417 seconds
[2022-06-13T03:18:12.371+0000][1][safepoint    ] Application time: 0.0056869 seconds
[2022-06-13T03:18:12.372+0000][1][safepoint    ] Entering safepoint region: CollectForMetadataAllocation
[2022-06-13T03:18:12.372+0000][1][safepoint    ] Leaving safepoint region
[2022-06-13T03:18:12.372+0000][1][safepoint    ] Total time for which application threads were stopped: 0.0004630 seconds, Stopping threads took: 0.0002149 seconds
[2022-06-13T03:18:12.380+0000][1][safepoint    ] Application time: 0.0074388 seconds
[2022-06-13T03:18:12.380+0000][1][safepoint    ] Entering safepoint region: CollectForMetadataAllocation
[2022-06-13T03:18:12.380+0000][1][safepoint    ] Leaving safepoint region
[2022-06-13T03:18:12.380+0000][1][safepoint    ] Total time for which application threads were stopped: 0.0003050 seconds, Stopping threads took: 0.0001243 seconds
[2022-06-13T03:18:12.393+0000][1][safepoint    ] Application time: 0.0128122 seconds
[2022-06-13T03:18:12.394+0000][1][safepoint    ] Entering safepoint region: CollectForMetadataAllocation
[2022-06-13T03:18:12.394+0000][1][safepoint    ] Leaving safepoint region
[2022-06-13T03:18:12.394+0000][1][safepoint    ] Total time for which application threads were stopped: 0.0007178 seconds, Stopping threads took: 0.0003285 seconds
[2022-06-13T03:18:12.403+0000][1][safepoint    ] Application time: 0.0081680 seconds
[2022-06-13T03:18:12.403+0000][1][safepoint    ] Entering safepoint region: CollectForMetadataAllocation
[2022-06-13T03:18:12.403+0000][1][safepoint    ] Leaving safepoint region
[2022-06-13T03:18:12.403+0000][1][safepoint    ] Total time for which application threads were stopped: 0.0004106 seconds, Stopping threads took: 0.0002017 seconds
[2022-06-13T03:18:12.412+0000][1][safepoint    ] Application time: 0.0086879 seconds
[2022-06-13T03:18:12.412+0000][1][safepoint    ] Entering safepoint region: CollectForMetadataAllocation
[2022-06-13T03:18:12.413+0000][1][safepoint    ] Leaving safepoint region
[2022-06-13T03:18:12.413+0000][1][safepoint    ] Total time for which application threads were stopped: 0.0004105 seconds, Stopping threads took: 0.0001604 seconds
[2022-06-13T03:18:12.425+0000][1][safepoint    ] Application time: 0.0121469 seconds
[2022-06-13T03:18:12.425+0000][1][safepoint    ] Entering safepoint region: CollectForMetadataAllocation
[2022-06-13T03:18:12.426+0000][1][safepoint    ] Leaving safepoint region
[2022-06-13T03:18:12.426+0000][1][safepoint    ] Total time for which application threads were stopped: 0.0002741 seconds, Stopping threads took: 0.0001033 seconds
[2022-06-13T03:18:12.436+0000][1][safepoint    ] Application time: 0.0097650 seconds
[2022-06-13T03:18:12.436+0000][1][safepoint    ] Entering safepoint region: CollectForMetadataAllocation
[2022-06-13T03:18:12.436+0000][1][safepoint    ] Leaving safepoint region
[2022-06-13T03:18:12.436+0000][1][safepoint    ] Total time for which application threads were stopped: 0.0003198 seconds, Stopping threads took: 0.0001243 seconds
[2022-06-13T03:18:12.449+0000][1][safepoint    ] Application time: 0.0133522 seconds
[2022-06-13T03:18:12.450+0000][1][safepoint    ] Entering safepoint region: CollectForMetadataAllocation
[2022-06-13T03:18:12.450+0000][1][safepoint    ] Leaving safepoint region
[2022-06-13T03:18:12.450+0000][1][safepoint    ] Total time for which application threads were stopped: 0.0005367 seconds, Stopping threads took: 0.0002678 seconds
[2022-06-13T03:18:12.462+0000][1][safepoint    ] Application time: 0.0109040 seconds
[2022-06-13T03:18:12.462+0000][1][safepoint    ] Entering safepoint region: CollectForMetadataAllocation
[2022-06-13T03:18:12.462+0000][1][safepoint    ] Leaving safepoint region
[2022-06-13T03:18:12.462+0000][1][safepoint    ] Total time for which application threads were stopped: 0.0005091 seconds, Stopping threads took: 0.0002350 seconds
[2022-06-13T03:18:12.473+0000][1][safepoint    ] Application time: 0.0104958 seconds
[2022-06-13T03:18:12.473+0000][1][safepoint    ] Entering safepoint region: CollectForMetadataAllocation
[2022-06-13T03:18:12.474+0000][1][safepoint    ] Leaving safepoint region
[2022-06-13T03:18:12.474+0000][1][safepoint    ] Total time for which application threads were stopped: 0.0005792 seconds, Stopping threads took: 0.0002041 seconds
[2022-06-13T03:18:12.486+0000][1][safepoint    ] Application time: 0.0115907 seconds
[2022-06-13T03:18:12.486+0000][1][safepoint    ] Entering safepoint region: CollectForMetadataAllocation
[2022-06-13T03:18:12.486+0000][1][safepoint    ] Leaving safepoint region
[2022-06-13T03:18:12.487+0000][1][safepoint    ] Total time for which application threads were stopped: 0.0005563 seconds, Stopping threads took: 0.0002361 seconds
[2022-06-13T03:18:12.497+0000][1][safepoint    ] Application time: 0.0102223 seconds
[2022-06-13T03:18:12.497+0000][1][safepoint    ] Entering safepoint region: CollectForMetadataAllocation
[2022-06-13T03:18:12.498+0000][1][safepoint    ] Leaving safepoint region
[2022-06-13T03:18:12.498+0000][1][safepoint    ] Total time for which application threads were stopped: 0.0007156 seconds, Stopping threads took: 0.0002895 seconds
[2022-06-13T03:18:12.521+0000][1][safepoint    ] Application time: 0.0225574 seconds
[2022-06-13T03:18:12.521+0000][1][safepoint    ] Entering safepoint region: CollectForMetadataAllocation
[2022-06-13T03:18:12.522+0000][1][safepoint    ] Leaving safepoint region
[2022-06-13T03:18:12.522+0000][1][safepoint    ] Total time for which application threads were stopped: 0.0006293 seconds, Stopping threads took: 0.0003091 seconds
[2022-06-13T03:18:12.540+0000][1][safepoint    ] Application time: 0.0185138 seconds
[2022-06-13T03:18:12.541+0000][1][safepoint    ] Entering safepoint region: CollectForMetadataAllocation
[2022-06-13T03:18:12.541+0000][1][safepoint    ] Leaving safepoint region
[2022-06-13T03:18:12.541+0000][1][safepoint    ] Total time for which application threads were stopped: 0.0006671 seconds, Stopping threads took: 0.0003405 seconds
[2022-06-13T03:18:12.551+0000][1][safepoint    ] Application time: 0.0087947 seconds
[2022-06-13T03:18:12.551+0000][1][safepoint    ] Entering safepoint region: CollectForMetadataAllocation
[2022-06-13T03:18:12.551+0000][1][safepoint    ] Leaving safepoint region
[2022-06-13T03:18:12.551+0000][1][safepoint    ] Total time for which application threads were stopped: 0.0002651 seconds, Stopping threads took: 0.0001171 seconds
[2022-06-13T03:18:12.573+0000][1][safepoint    ] Application time: 0.0217893 seconds
[2022-06-13T03:18:12.573+0000][1][safepoint    ] Entering safepoint region: CollectForMetadataAllocation
[2022-06-13T03:18:12.574+0000][1][safepoint    ] Leaving safepoint region
[2022-06-13T03:18:12.574+0000][1][safepoint    ] Total time for which application threads were stopped: 0.0010089 seconds, Stopping threads took: 0.0004599 seconds
[2022-06-13T03:18:12.591+0000][1][safepoint    ] Application time: 0.0160152 seconds
[2022-06-13T03:18:12.591+0000][1][safepoint    ] Entering safepoint region: CollectForMetadataAllocation
[2022-06-13T03:18:12.592+0000][1][safepoint    ] Leaving safepoint region
[2022-06-13T03:18:12.592+0000][1][safepoint    ] Total time for which application threads were stopped: 0.0006904 seconds, Stopping threads took: 0.0003132 seconds
[2022-06-13T03:18:12.600+0000][1][safepoint    ] Application time: 0.0075240 seconds
[2022-06-13T03:18:12.600+0000][1][safepoint    ] Entering safepoint region: RevokeBias
[2022-06-13T03:18:12.601+0000][1][safepoint    ] Leaving safepoint region
[2022-06-13T03:18:12.601+0000][1][safepoint    ] Total time for which application threads were stopped: 0.0006041 seconds, Stopping threads took: 0.0002676 seconds
[2022-06-13T03:18:12.613+0000][1][safepoint    ] Application time: 0.0120579 seconds
[2022-06-13T03:18:12.613+0000][1][safepoint    ] Entering safepoint region: CollectForMetadataAllocation
[2022-06-13T03:18:12.614+0000][1][safepoint    ] Leaving safepoint region
[2022-06-13T03:18:12.614+0000][1][safepoint    ] Total time for which application threads were stopped: 0.0006402 seconds, Stopping threads took: 0.0002263 seconds
[2022-06-13T03:18:12.848+0000][1][safepoint    ] Application time: 0.2339127 seconds
[2022-06-13T03:18:12.849+0000][1][safepoint    ] Entering safepoint region: CollectForMetadataAllocation
[2022-06-13T03:18:12.849+0000][1][safepoint    ] Leaving safepoint region
[2022-06-13T03:18:12.850+0000][1][safepoint    ] Total time for which application threads were stopped: 0.0009828 seconds, Stopping threads took: 0.0004838 seconds
[2022-06-13T03:18:12.990+0000][1][safepoint    ] Application time: 0.1402659 seconds
[2022-06-13T03:18:12.991+0000][1][safepoint    ] Entering safepoint region: CollectForMetadataAllocation
[2022-06-13T03:18:12.991+0000][1][safepoint    ] Leaving safepoint region
[2022-06-13T03:18:12.991+0000][1][safepoint    ] Total time for which application threads were stopped: 0.0005252 seconds, Stopping threads took: 0.0002828 seconds
[2022-06-13T03:18:12.996+0000][1][safepoint    ] Application time: 0.0040310 seconds
[2022-06-13T03:18:12.996+0000][1][safepoint    ] Entering safepoint region: GenCollectForAllocation
[2022-06-13T03:18:12.996+0000][1][gc,start     ] GC(17) Pause Young (Allocation Failure)
[2022-06-13T03:18:12.996+0000][1][gc,task      ] GC(17) Using 5 workers of 13 for evacuation
[2022-06-13T03:18:13.000+0000][1][gc,age       ] GC(17) Desired survivor size 4456448 bytes, new threshold 6 (max threshold 6)
[2022-06-13T03:18:13.000+0000][1][gc,age       ] GC(17) Age table with threshold 6 (max threshold 6)
[2022-06-13T03:18:13.001+0000][1][gc,age       ] GC(17) - age   1:    4079968 bytes,    4079968 total
[2022-06-13T03:18:13.001+0000][1][gc,age       ] GC(17) - age   2:     318208 bytes,    4398176 total
[2022-06-13T03:18:13.001+0000][1][gc,heap      ] GC(17) ParNew: 77246K->5289K(78656K)
[2022-06-13T03:18:13.002+0000][1][gc,heap      ] GC(17) CMS: 55584K->55584K(174784K)
[2022-06-13T03:18:13.002+0000][1][gc,metaspace ] GC(17) Metaspace: 42549K->42549K(1089536K)
[2022-06-13T03:18:13.002+0000][1][gc           ] GC(17) Pause Young (Allocation Failure) 129M->59M(247M) 6.140ms
[2022-06-13T03:18:13.003+0000][1][gc,cpu       ] GC(17) User=0.02s Sys=0.00s Real=0.01s
[2022-06-13T03:18:13.003+0000][1][safepoint    ] Leaving safepoint region
[2022-06-13T03:18:13.003+0000][1][safepoint    ] Total time for which application threads were stopped: 0.0075033 seconds, Stopping threads took: 0.0002604 seconds
[2022-06-13T03:18:13.004+0000][1][safepoint    ] Application time: 0.0004417 seconds
[2022-06-13T03:18:13.005+0000][1][safepoint    ] Entering safepoint region: CMS_Initial_Mark
[2022-06-13T03:18:13.005+0000][1][gc,start     ] GC(18) Pause Initial Mark
[2022-06-13T03:18:13.007+0000][1][gc           ] GC(18) Pause Initial Mark 60M->60M(247M) 1.880ms
[2022-06-13T03:18:13.007+0000][1][gc,cpu       ] GC(18) User=0.00s Sys=0.00s Real=0.00s
[2022-06-13T03:18:13.007+0000][1][safepoint    ] Leaving safepoint region
[2022-06-13T03:18:13.008+0000][1][safepoint    ] Total time for which application threads were stopped: 0.0036243 seconds, Stopping threads took: 0.0005330 seconds
[2022-06-13T03:18:13.008+0000][1][gc           ] GC(18) Concurrent Mark
[2022-06-13T03:18:13.008+0000][1][gc,task      ] GC(18) Using 4 workers of 4 for marking
[2022-06-13T03:18:13.026+0000][1][safepoint    ] Application time: 0.0181489 seconds
[2022-06-13T03:18:13.027+0000][1][safepoint    ] Entering safepoint region: CollectForMetadataAllocation
[2022-06-13T03:18:13.027+0000][1][safepoint    ] Leaving safepoint region
[2022-06-13T03:18:13.027+0000][1][safepoint    ] Total time for which application threads were stopped: 0.0005178 seconds, Stopping threads took: 0.0002462 seconds
[2022-06-13T03:18:13.030+0000][1][gc           ] GC(18) Concurrent Mark 22.203ms
[2022-06-13T03:18:13.031+0000][1][gc,cpu       ] GC(18) User=0.14s Sys=0.00s Real=0.03s
[2022-06-13T03:18:13.031+0000][1][gc           ] GC(18) Concurrent Preclean
[2022-06-13T03:18:13.033+0000][1][gc           ] GC(18) Concurrent Preclean 1.895ms
[2022-06-13T03:18:13.033+0000][1][gc,cpu       ] GC(18) User=0.00s Sys=0.00s Real=0.00s
[2022-06-13T03:18:13.033+0000][1][gc           ] GC(18) Concurrent Abortable Preclean
[2022-06-13T03:18:13.154+0000][1][safepoint    ] Application time: 0.1270009 seconds
[2022-06-13T03:18:13.155+0000][1][safepoint    ] Entering safepoint region: CollectForMetadataAllocation
[2022-06-13T03:18:13.155+0000][1][safepoint    ] Leaving safepoint region
[2022-06-13T03:18:13.155+0000][1][safepoint    ] Total time for which application threads were stopped: 0.0005285 seconds, Stopping threads took: 0.0001956 seconds
[2022-06-13T03:18:13.178+0000][1][safepoint    ] Application time: 0.0231801 seconds
[2022-06-13T03:18:13.179+0000][1][safepoint    ] Entering safepoint region: CollectForMetadataAllocation
[2022-06-13T03:18:13.179+0000][1][safepoint    ] Leaving safepoint region
[2022-06-13T03:18:13.179+0000][1][safepoint    ] Total time for which application threads were stopped: 0.0004794 seconds, Stopping threads took: 0.0001611 seconds
[2022-06-13T03:18:13.187+0000][1][safepoint    ] Application time: 0.0080976 seconds
[2022-06-13T03:18:13.188+0000][1][safepoint    ] Entering safepoint region: CollectForMetadataAllocation
[2022-06-13T03:18:13.188+0000][1][safepoint    ] Leaving safepoint region
[2022-06-13T03:18:13.189+0000][1][safepoint    ] Total time for which application threads were stopped: 0.0007319 seconds, Stopping threads took: 0.0001892 seconds
[2022-06-13T03:18:13.222+0000][1][safepoint    ] Application time: 0.0334242 seconds
[2022-06-13T03:18:13.223+0000][1][safepoint    ] Entering safepoint region: CollectForMetadataAllocation
[2022-06-13T03:18:13.223+0000][1][safepoint    ] Leaving safepoint region
[2022-06-13T03:18:13.223+0000][1][safepoint    ] Total time for which application threads were stopped: 0.0005040 seconds, Stopping threads took: 0.0002010 seconds
[2022-06-13T03:18:13.236+0000][1][safepoint    ] Application time: 0.0127630 seconds
[2022-06-13T03:18:13.236+0000][1][safepoint    ] Entering safepoint region: Deoptimize
[2022-06-13T03:18:13.237+0000][1][safepoint    ] Leaving safepoint region
[2022-06-13T03:18:13.237+0000][1][safepoint    ] Total time for which application threads were stopped: 0.0008273 seconds, Stopping threads took: 0.0002219 seconds
[2022-06-13T03:18:13.239+0000][1][safepoint    ] Application time: 0.0011598 seconds
[2022-06-13T03:18:13.239+0000][1][safepoint    ] Entering safepoint region: CollectForMetadataAllocation
[2022-06-13T03:18:13.239+0000][1][safepoint    ] Leaving safepoint region
[2022-06-13T03:18:13.239+0000][1][safepoint    ] Total time for which application threads were stopped: 0.0002663 seconds, Stopping threads took: 0.0000925 seconds
[2022-06-13T03:18:13.239+0000][1][gc           ] GC(18) Concurrent Abortable Preclean 205.724ms
[2022-06-13T03:18:13.239+0000][1][gc,cpu       ] GC(18) User=0.96s Sys=0.02s Real=0.21s
[2022-06-13T03:18:13.239+0000][1][safepoint    ] Application time: 0.0002784 seconds
[2022-06-13T03:18:13.239+0000][1][safepoint    ] Entering safepoint region: CMS_Final_Remark
[2022-06-13T03:18:13.240+0000][1][gc,start     ] GC(18) Pause Remark
[2022-06-13T03:18:13.251+0000][1][gc           ] GC(18) Pause Remark 94M->94M(247M) 11.274ms
[2022-06-13T03:18:13.251+0000][1][gc,cpu       ] GC(18) User=0.03s Sys=0.00s Real=0.01s
[2022-06-13T03:18:13.252+0000][1][safepoint    ] Leaving safepoint region
[2022-06-13T03:18:13.252+0000][1][safepoint    ] Total time for which application threads were stopped: 0.0123447 seconds, Stopping threads took: 0.0003815 seconds
[2022-06-13T03:18:13.252+0000][1][gc           ] GC(18) Concurrent Sweep
[2022-06-13T03:18:13.258+0000][1][safepoint    ] Application time: 0.0061667 seconds
[2022-06-13T03:18:13.259+0000][1][safepoint    ] Entering safepoint region: RevokeBias
[2022-06-13T03:18:13.260+0000][1][safepoint    ] Leaving safepoint region
[2022-06-13T03:18:13.260+0000][1][safepoint    ] Total time for which application threads were stopped: 0.0011974 seconds, Stopping threads took: 0.0003619 seconds
[2022-06-13T03:18:13.261+0000][1][safepoint    ] Application time: 0.0012717 seconds
[2022-06-13T03:18:13.261+0000][1][safepoint    ] Entering safepoint region: RevokeBias
[2022-06-13T03:18:13.262+0000][1][safepoint    ] Leaving safepoint region
[2022-06-13T03:18:13.262+0000][1][safepoint    ] Total time for which application threads were stopped: 0.0005465 seconds, Stopping threads took: 0.0001906 seconds
[2022-06-13T03:18:13.274+0000][1][gc           ] GC(18) Concurrent Sweep 21.852ms
[2022-06-13T03:18:13.274+0000][1][gc,cpu       ] GC(18) User=0.08s Sys=0.00s Real=0.02s
[2022-06-13T03:18:13.274+0000][1][gc           ] GC(18) Concurrent Reset
[2022-06-13T03:18:13.275+0000][1][gc           ] GC(18) Concurrent Reset 0.397ms
[2022-06-13T03:18:13.275+0000][1][gc,cpu       ] GC(18) User=0.00s Sys=0.00s Real=0.00s
[2022-06-13T03:18:13.275+0000][1][gc,heap      ] GC(18) Old: 55584K->55368K(174784K)
[2022-06-13T03:18:13.292+0000][1][safepoint    ] Application time: 0.0301873 seconds
[2022-06-13T03:18:13.293+0000][1][safepoint    ] Entering safepoint region: RevokeBias
[2022-06-13T03:18:13.293+0000][1][safepoint    ] Leaving safepoint region
[2022-06-13T03:18:13.294+0000][1][safepoint    ] Total time for which application threads were stopped: 0.0007065 seconds, Stopping threads took: 0.0003878 seconds
[2022-06-13T03:18:13.306+0000][1][safepoint    ] Application time: 0.0121909 seconds
[2022-06-13T03:18:13.306+0000][1][safepoint    ] Entering safepoint region: RevokeBias
[2022-06-13T03:18:13.306+0000][1][safepoint    ] Leaving safepoint region
[2022-06-13T03:18:13.306+0000][1][safepoint    ] Total time for which application threads were stopped: 0.0003191 seconds, Stopping threads took: 0.0001389 seconds
[2022-06-13T03:18:13.309+0000][1][safepoint    ] Application time: 0.0026318 seconds
[2022-06-13T03:18:13.309+0000][1][safepoint    ] Entering safepoint region: RevokeBias
[2022-06-13T03:18:13.310+0000][1][safepoint    ] Leaving safepoint region
[2022-06-13T03:18:13.310+0000][1][safepoint    ] Total time for which application threads were stopped: 0.0006444 seconds, Stopping threads took: 0.0003379 seconds
[2022-06-13T03:18:13.418+0000][1][safepoint    ] Application time: 0.1079762 seconds
[2022-06-13T03:18:13.419+0000][1][safepoint    ] Entering safepoint region: RevokeBias
[2022-06-13T03:18:13.419+0000][1][safepoint    ] Leaving safepoint region
[2022-06-13T03:18:13.419+0000][1][safepoint    ] Total time for which application threads were stopped: 0.0009869 seconds, Stopping threads took: 0.0002546 seconds
[2022-06-13T03:18:13.420+0000][1][safepoint    ] Application time: 0.0001246 seconds
[2022-06-13T03:18:13.420+0000][1][safepoint    ] Entering safepoint region: RevokeBias
[2022-06-13T03:18:13.421+0000][1][safepoint    ] Leaving safepoint region
[2022-06-13T03:18:13.421+0000][1][safepoint    ] Total time for which application threads were stopped: 0.0006525 seconds, Stopping threads took: 0.0004007 seconds
[2022-06-13T03:18:13.421+0000][1][safepoint    ] Application time: 0.0004086 seconds
[2022-06-13T03:18:13.422+0000][1][safepoint    ] Entering safepoint region: RevokeBias
[2022-06-13T03:18:13.422+0000][1][safepoint    ] Leaving safepoint region
[2022-06-13T03:18:13.422+0000][1][safepoint    ] Total time for which application threads were stopped: 0.0006967 seconds, Stopping threads took: 0.0003369 seconds
[2022-06-13T03:18:13.423+0000][1][safepoint    ] Application time: 0.0003011 seconds
[2022-06-13T03:18:13.423+0000][1][safepoint    ] Entering safepoint region: RevokeBias
[2022-06-13T03:18:13.424+0000][1][safepoint    ] Leaving safepoint region
[2022-06-13T03:18:13.424+0000][1][safepoint    ] Total time for which application threads were stopped: 0.0005848 seconds, Stopping threads took: 0.0002283 seconds
[2022-06-13T03:18:13.472+0000][1][safepoint    ] Application time: 0.0479196 seconds
[2022-06-13T03:18:13.472+0000][1][safepoint    ] Entering safepoint region: RevokeBias
[2022-06-13T03:18:13.473+0000][1][safepoint    ] Leaving safepoint region
[2022-06-13T03:18:13.473+0000][1][safepoint    ] Total time for which application threads were stopped: 0.0005987 seconds, Stopping threads took: 0.0003103 seconds
[2022-06-13T03:18:13.473+0000][1][safepoint    ] Application time: 0.0002270 seconds
[2022-06-13T03:18:13.474+0000][1][safepoint    ] Entering safepoint region: RevokeBias
[2022-06-13T03:18:13.474+0000][1][safepoint    ] Leaving safepoint region
[2022-06-13T03:18:13.474+0000][1][safepoint    ] Total time for which application threads were stopped: 0.0007135 seconds, Stopping threads took: 0.0003519 seconds
[2022-06-13T03:18:13.475+0000][1][safepoint    ] Application time: 0.0002956 seconds
[2022-06-13T03:18:13.475+0000][1][safepoint    ] Entering safepoint region: RevokeBias
[2022-06-13T03:18:13.476+0000][1][safepoint    ] Leaving safepoint region
[2022-06-13T03:18:13.476+0000][1][safepoint    ] Total time for which application threads were stopped: 0.0006362 seconds, Stopping threads took: 0.0003586 seconds
[2022-06-13T03:18:13.477+0000][1][safepoint    ] Application time: 0.0004004 seconds
[2022-06-13T03:18:13.477+0000][1][safepoint    ] Entering safepoint region: RevokeBias
[2022-06-13T03:18:13.477+0000][1][safepoint    ] Leaving safepoint region
[2022-06-13T03:18:13.477+0000][1][safepoint    ] Total time for which application threads were stopped: 0.0005171 seconds, Stopping threads took: 0.0003460 seconds
[2022-06-13T03:18:13.478+0000][1][safepoint    ] Application time: 0.0002216 seconds
[2022-06-13T03:18:13.478+0000][1][safepoint    ] Entering safepoint region: RevokeBias
[2022-06-13T03:18:13.478+0000][1][safepoint    ] Leaving safepoint region
[2022-06-13T03:18:13.478+0000][1][safepoint    ] Total time for which application threads were stopped: 0.0003253 seconds, Stopping threads took: 0.0001624 seconds
[2022-06-13T03:18:13.479+0000][1][safepoint    ] Application time: 0.0002899 seconds
[2022-06-13T03:18:13.479+0000][1][safepoint    ] Entering safepoint region: RevokeBias
[2022-06-13T03:18:13.479+0000][1][safepoint    ] Leaving safepoint region
[2022-06-13T03:18:13.479+0000][1][safepoint    ] Total time for which application threads were stopped: 0.0002338 seconds, Stopping threads took: 0.0001102 seconds
[2022-06-13T03:18:13.479+0000][1][safepoint    ] Application time: 0.0004599 seconds
[2022-06-13T03:18:13.480+0000][1][safepoint    ] Entering safepoint region: RevokeBias
[2022-06-13T03:18:13.480+0000][1][safepoint    ] Leaving safepoint region
[2022-06-13T03:18:13.480+0000][1][safepoint    ] Total time for which application threads were stopped: 0.0005197 seconds, Stopping threads took: 0.0003716 seconds
[2022-06-13T03:18:13.480+0000][1][safepoint    ] Application time: 0.0001425 seconds
[2022-06-13T03:18:13.480+0000][1][safepoint    ] Entering safepoint region: RevokeBias
[2022-06-13T03:18:13.481+0000][1][safepoint    ] Leaving safepoint region
[2022-06-13T03:18:13.481+0000][1][safepoint    ] Total time for which application threads were stopped: 0.0002926 seconds, Stopping threads took: 0.0001465 seconds
[2022-06-13T03:18:13.481+0000][1][safepoint    ] Application time: 0.0000864 seconds
[2022-06-13T03:18:13.481+0000][1][safepoint    ] Entering safepoint region: RevokeBias
[2022-06-13T03:18:13.481+0000][1][safepoint    ] Leaving safepoint region
[2022-06-13T03:18:13.481+0000][1][safepoint    ] Total time for which application threads were stopped: 0.0003536 seconds, Stopping threads took: 0.0001739 seconds
[2022-06-13T03:18:13.482+0000][1][safepoint    ] Application time: 0.0000827 seconds
[2022-06-13T03:18:13.482+0000][1][safepoint    ] Entering safepoint region: RevokeBias
[2022-06-13T03:18:13.482+0000][1][safepoint    ] Leaving safepoint region
[2022-06-13T03:18:13.482+0000][1][safepoint    ] Total time for which application threads were stopped: 0.0002789 seconds, Stopping threads took: 0.0001330 seconds
[2022-06-13T03:18:13.482+0000][1][safepoint    ] Application time: 0.0000921 seconds
[2022-06-13T03:18:13.482+0000][1][safepoint    ] Entering safepoint region: RevokeBias
[2022-06-13T03:18:13.483+0000][1][safepoint    ] Leaving safepoint region
[2022-06-13T03:18:13.483+0000][1][safepoint    ] Total time for which application threads were stopped: 0.0009308 seconds, Stopping threads took: 0.0001590 seconds
[2022-06-13T03:18:13.484+0000][1][safepoint    ] Application time: 0.0000945 seconds
[2022-06-13T03:18:13.484+0000][1][safepoint    ] Entering safepoint region: RevokeBias
[2022-06-13T03:18:13.484+0000][1][safepoint    ] Leaving safepoint region
[2022-06-13T03:18:13.484+0000][1][safepoint    ] Total time for which application threads were stopped: 0.0002667 seconds, Stopping threads took: 0.0001189 seconds
[2022-06-13T03:18:13.484+0000][1][safepoint    ] Application time: 0.0000692 seconds
[2022-06-13T03:18:13.484+0000][1][safepoint    ] Entering safepoint region: RevokeBias
[2022-06-13T03:18:13.484+0000][1][safepoint    ] Leaving safepoint region
[2022-06-13T03:18:13.485+0000][1][safepoint    ] Total time for which application threads were stopped: 0.0002889 seconds, Stopping threads took: 0.0001266 seconds
[2022-06-13T03:18:13.485+0000][1][safepoint    ] Application time: 0.0000706 seconds
[2022-06-13T03:18:13.485+0000][1][safepoint    ] Entering safepoint region: RevokeBias
[2022-06-13T03:18:13.485+0000][1][safepoint    ] Leaving safepoint region
[2022-06-13T03:18:13.485+0000][1][safepoint    ] Total time for which application threads were stopped: 0.0002991 seconds, Stopping threads took: 0.0001447 seconds
[2022-06-13T03:18:13.485+0000][1][safepoint    ] Application time: 0.0000787 seconds
[2022-06-13T03:18:13.485+0000][1][safepoint    ] Entering safepoint region: RevokeBias
[2022-06-13T03:18:13.486+0000][1][safepoint    ] Leaving safepoint region
[2022-06-13T03:18:13.486+0000][1][safepoint    ] Total time for which application threads were stopped: 0.0003741 seconds, Stopping threads took: 0.0002278 seconds
[2022-06-13T03:18:13.486+0000][1][safepoint    ] Application time: 0.0000683 seconds
[2022-06-13T03:18:13.486+0000][1][safepoint    ] Entering safepoint region: RevokeBias
[2022-06-13T03:18:13.486+0000][1][safepoint    ] Leaving safepoint region
[2022-06-13T03:18:13.486+0000][1][safepoint    ] Total time for which application threads were stopped: 0.0002824 seconds, Stopping threads took: 0.0001202 seconds
[2022-06-13T03:18:13.487+0000][1][safepoint    ] Application time: 0.0001854 seconds
[2022-06-13T03:18:13.487+0000][1][safepoint    ] Entering safepoint region: RevokeBias
[2022-06-13T03:18:13.487+0000][1][safepoint    ] Leaving safepoint region
[2022-06-13T03:18:13.487+0000][1][safepoint    ] Total time for which application threads were stopped: 0.0002960 seconds, Stopping threads took: 0.0001593 seconds
[2022-06-13T03:18:13.487+0000][1][safepoint    ] Application time: 0.0000730 seconds
[2022-06-13T03:18:13.487+0000][1][safepoint    ] Entering safepoint region: RevokeBias
[2022-06-13T03:18:13.488+0000][1][safepoint    ] Leaving safepoint region
[2022-06-13T03:18:13.488+0000][1][safepoint    ] Total time for which application threads were stopped: 0.0002901 seconds, Stopping threads took: 0.0001473 seconds
[2022-06-13T03:18:13.488+0000][1][safepoint    ] Application time: 0.0000926 seconds
[2022-06-13T03:18:13.488+0000][1][safepoint    ] Entering safepoint region: RevokeBias
[2022-06-13T03:18:13.488+0000][1][safepoint    ] Leaving safepoint region
[2022-06-13T03:18:13.488+0000][1][safepoint    ] Total time for which application threads were stopped: 0.0002861 seconds, Stopping threads took: 0.0001474 seconds
[2022-06-13T03:18:13.489+0000][1][safepoint    ] Application time: 0.0000718 seconds
[2022-06-13T03:18:13.489+0000][1][safepoint    ] Entering safepoint region: RevokeBias
[2022-06-13T03:18:13.489+0000][1][safepoint    ] Leaving safepoint region
[2022-06-13T03:18:13.489+0000][1][safepoint    ] Total time for which application threads were stopped: 0.0003064 seconds, Stopping threads took: 0.0001671 seconds
[2022-06-13T03:18:13.489+0000][1][safepoint    ] Application time: 0.0000691 seconds
[2022-06-13T03:18:13.489+0000][1][safepoint    ] Entering safepoint region: RevokeBias
[2022-06-13T03:18:13.490+0000][1][safepoint    ] Leaving safepoint region
[2022-06-13T03:18:13.490+0000][1][safepoint    ] Total time for which application threads were stopped: 0.0002602 seconds, Stopping threads took: 0.0001047 seconds
[2022-06-13T03:18:13.490+0000][1][safepoint    ] Application time: 0.0000818 seconds
[2022-06-13T03:18:13.490+0000][1][safepoint    ] Entering safepoint region: RevokeBias
[2022-06-13T03:18:13.490+0000][1][safepoint    ] Leaving safepoint region
[2022-06-13T03:18:13.490+0000][1][safepoint    ] Total time for which application threads were stopped: 0.0002665 seconds, Stopping threads took: 0.0001334 seconds
[2022-06-13T03:18:13.490+0000][1][safepoint    ] Application time: 0.0000744 seconds
[2022-06-13T03:18:13.491+0000][1][safepoint    ] Entering safepoint region: RevokeBias
[2022-06-13T03:18:13.491+0000][1][safepoint    ] Leaving safepoint region
[2022-06-13T03:18:13.491+0000][1][safepoint    ] Total time for which application threads were stopped: 0.0002970 seconds, Stopping threads took: 0.0001274 seconds
[2022-06-13T03:18:13.491+0000][1][safepoint    ] Application time: 0.0000908 seconds
[2022-06-13T03:18:13.491+0000][1][safepoint    ] Entering safepoint region: RevokeBias
[2022-06-13T03:18:13.491+0000][1][safepoint    ] Leaving safepoint region
[2022-06-13T03:18:13.491+0000][1][safepoint    ] Total time for which application threads were stopped: 0.0002837 seconds, Stopping threads took: 0.0001330 seconds
[2022-06-13T03:18:13.492+0000][1][safepoint    ] Application time: 0.0000688 seconds
[2022-06-13T03:18:13.492+0000][1][safepoint    ] Entering safepoint region: RevokeBias
[2022-06-13T03:18:13.492+0000][1][safepoint    ] Leaving safepoint region
[2022-06-13T03:18:13.492+0000][1][safepoint    ] Total time for which application threads were stopped: 0.0002578 seconds, Stopping threads took: 0.0001361 seconds
[2022-06-13T03:18:13.492+0000][1][safepoint    ] Application time: 0.0000762 seconds
[2022-06-13T03:18:13.492+0000][1][safepoint    ] Entering safepoint region: RevokeBias
[2022-06-13T03:18:13.492+0000][1][safepoint    ] Leaving safepoint region
[2022-06-13T03:18:13.493+0000][1][safepoint    ] Total time for which application threads were stopped: 0.0002548 seconds, Stopping threads took: 0.0001284 seconds
[2022-06-13T03:18:13.493+0000][1][safepoint    ] Application time: 0.0000742 seconds
[2022-06-13T03:18:13.493+0000][1][safepoint    ] Entering safepoint region: BulkRevokeBias
[2022-06-13T03:18:13.493+0000][1][safepoint    ] Leaving safepoint region
[2022-06-13T03:18:13.493+0000][1][safepoint    ] Total time for which application threads were stopped: 0.0003504 seconds, Stopping threads took: 0.0001729 seconds
[2022-06-13T03:18:13.493+0000][1][safepoint    ] Application time: 0.0001787 seconds
[2022-06-13T03:18:13.494+0000][1][safepoint    ] Entering safepoint region: RevokeBias
[2022-06-13T03:18:13.494+0000][1][safepoint    ] Leaving safepoint region
[2022-06-13T03:18:13.494+0000][1][safepoint    ] Total time for which application threads were stopped: 0.0002533 seconds, Stopping threads took: 0.0001196 seconds
[2022-06-13T03:18:13.494+0000][1][safepoint    ] Application time: 0.0001087 seconds
[2022-06-13T03:18:13.494+0000][1][safepoint    ] Entering safepoint region: RevokeBias
[2022-06-13T03:18:13.494+0000][1][safepoint    ] Leaving safepoint region
[2022-06-13T03:18:13.494+0000][1][safepoint    ] Total time for which application threads were stopped: 0.0002227 seconds, Stopping threads took: 0.0000943 seconds
[2022-06-13T03:18:13.495+0000][1][safepoint    ] Application time: 0.0001558 seconds
[2022-06-13T03:18:13.495+0000][1][safepoint    ] Entering safepoint region: RevokeBias
[2022-06-13T03:18:13.495+0000][1][safepoint    ] Leaving safepoint region
[2022-06-13T03:18:13.495+0000][1][safepoint    ] Total time for which application threads were stopped: 0.0002833 seconds, Stopping threads took: 0.0001270 seconds
[2022-06-13T03:18:13.495+0000][1][safepoint    ] Application time: 0.0001066 seconds
[2022-06-13T03:18:13.495+0000][1][safepoint    ] Entering safepoint region: RevokeBias
[2022-06-13T03:18:13.496+0000][1][safepoint    ] Leaving safepoint region
[2022-06-13T03:18:13.496+0000][1][safepoint    ] Total time for which application threads were stopped: 0.0003035 seconds, Stopping threads took: 0.0001750 seconds
[2022-06-13T03:18:13.496+0000][1][safepoint    ] Application time: 0.0001050 seconds
[2022-06-13T03:18:13.496+0000][1][safepoint    ] Entering safepoint region: RevokeBias
[2022-06-13T03:18:13.496+0000][1][safepoint    ] Leaving safepoint region
[2022-06-13T03:18:13.496+0000][1][safepoint    ] Total time for which application threads were stopped: 0.0002894 seconds, Stopping threads took: 0.0001164 seconds
[2022-06-13T03:18:13.497+0000][1][safepoint    ] Application time: 0.0000950 seconds
[2022-06-13T03:18:13.497+0000][1][safepoint    ] Entering safepoint region: RevokeBias
[2022-06-13T03:18:13.497+0000][1][safepoint    ] Leaving safepoint region
[2022-06-13T03:18:13.497+0000][1][safepoint    ] Total time for which application threads were stopped: 0.0002985 seconds, Stopping threads took: 0.0001282 seconds
[2022-06-13T03:18:13.497+0000][1][safepoint    ] Application time: 0.0001024 seconds
[2022-06-13T03:18:13.497+0000][1][safepoint    ] Entering safepoint region: RevokeBias
[2022-06-13T03:18:13.497+0000][1][safepoint    ] Leaving safepoint region
[2022-06-13T03:18:13.498+0000][1][safepoint    ] Total time for which application threads were stopped: 0.0002523 seconds, Stopping threads took: 0.0000996 seconds
[2022-06-13T03:18:13.498+0000][1][safepoint    ] Application time: 0.0000835 seconds
[2022-06-13T03:18:13.498+0000][1][safepoint    ] Entering safepoint region: RevokeBias
[2022-06-13T03:18:13.498+0000][1][safepoint    ] Leaving safepoint region
[2022-06-13T03:18:13.498+0000][1][safepoint    ] Total time for which application threads were stopped: 0.0003414 seconds, Stopping threads took: 0.0001997 seconds
[2022-06-13T03:18:13.498+0000][1][safepoint    ] Application time: 0.0000740 seconds
[2022-06-13T03:18:13.498+0000][1][safepoint    ] Entering safepoint region: RevokeBias
[2022-06-13T03:18:13.499+0000][1][safepoint    ] Leaving safepoint region
[2022-06-13T03:18:13.499+0000][1][safepoint    ] Total time for which application threads were stopped: 0.0002694 seconds, Stopping threads took: 0.0001292 seconds
[2022-06-13T03:18:13.499+0000][1][safepoint    ] Application time: 0.0000701 seconds
[2022-06-13T03:18:13.499+0000][1][safepoint    ] Entering safepoint region: RevokeBias
[2022-06-13T03:18:13.499+0000][1][safepoint    ] Leaving safepoint region
[2022-06-13T03:18:13.499+0000][1][safepoint    ] Total time for which application threads were stopped: 0.0002411 seconds, Stopping threads took: 0.0001060 seconds
[2022-06-13T03:18:13.500+0000][1][safepoint    ] Application time: 0.0000777 seconds
[2022-06-13T03:18:13.500+0000][1][safepoint    ] Entering safepoint region: RevokeBias
[2022-06-13T03:18:13.500+0000][1][safepoint    ] Leaving safepoint region
[2022-06-13T03:18:13.500+0000][1][safepoint    ] Total time for which application threads were stopped: 0.0002758 seconds, Stopping threads took: 0.0001368 seconds
[2022-06-13T03:18:13.500+0000][1][safepoint    ] Application time: 0.0000706 seconds
[2022-06-13T03:18:13.500+0000][1][safepoint    ] Entering safepoint region: RevokeBias
[2022-06-13T03:18:13.500+0000][1][safepoint    ] Leaving safepoint region
[2022-06-13T03:18:13.500+0000][1][safepoint    ] Total time for which application threads were stopped: 0.0002584 seconds, Stopping threads took: 0.0001052 seconds
[2022-06-13T03:18:13.501+0000][1][safepoint    ] Application time: 0.0000859 seconds
[2022-06-13T03:18:13.501+0000][1][safepoint    ] Entering safepoint region: RevokeBias
[2022-06-13T03:18:13.501+0000][1][safepoint    ] Leaving safepoint region
[2022-06-13T03:18:13.501+0000][1][safepoint    ] Total time for which application threads were stopped: 0.0002423 seconds, Stopping threads took: 0.0001168 seconds
[2022-06-13T03:18:13.501+0000][1][safepoint    ] Application time: 0.0001087 seconds
[2022-06-13T03:18:13.501+0000][1][safepoint    ] Entering safepoint region: RevokeBias
[2022-06-13T03:18:13.502+0000][1][safepoint    ] Leaving safepoint region
[2022-06-13T03:18:13.502+0000][1][safepoint    ] Total time for which application threads were stopped: 0.0003535 seconds, Stopping threads took: 0.0001642 seconds
[2022-06-13T03:18:13.502+0000][1][safepoint    ] Application time: 0.0000962 seconds
[2022-06-13T03:18:13.502+0000][1][safepoint    ] Entering safepoint region: RevokeBias
[2022-06-13T03:18:13.502+0000][1][safepoint    ] Leaving safepoint region
[2022-06-13T03:18:13.502+0000][1][safepoint    ] Total time for which application threads were stopped: 0.0003494 seconds, Stopping threads took: 0.0001839 seconds
[2022-06-13T03:18:13.503+0000][1][safepoint    ] Application time: 0.0000893 seconds
[2022-06-13T03:18:13.503+0000][1][safepoint    ] Entering safepoint region: RevokeBias
[2022-06-13T03:18:13.503+0000][1][safepoint    ] Leaving safepoint region
[2022-06-13T03:18:13.503+0000][1][safepoint    ] Total time for which application threads were stopped: 0.0003317 seconds, Stopping threads took: 0.0001714 seconds
[2022-06-13T03:18:13.503+0000][1][safepoint    ] Application time: 0.0000684 seconds
[2022-06-13T03:18:13.503+0000][1][safepoint    ] Entering safepoint region: RevokeBias
[2022-06-13T03:18:13.504+0000][1][safepoint    ] Leaving safepoint region
[2022-06-13T03:18:13.504+0000][1][safepoint    ] Total time for which application threads were stopped: 0.0002623 seconds, Stopping threads took: 0.0001258 seconds
[2022-06-13T03:18:13.504+0000][1][safepoint    ] Application time: 0.0000849 seconds
[2022-06-13T03:18:13.504+0000][1][safepoint    ] Entering safepoint region: RevokeBias
[2022-06-13T03:18:13.504+0000][1][safepoint    ] Leaving safepoint region
[2022-06-13T03:18:13.504+0000][1][safepoint    ] Total time for which application threads were stopped: 0.0002497 seconds, Stopping threads took: 0.0001140 seconds
[2022-06-13T03:18:13.504+0000][1][safepoint    ] Application time: 0.0000701 seconds
[2022-06-13T03:18:13.505+0000][1][safepoint    ] Entering safepoint region: RevokeBias
[2022-06-13T03:18:13.505+0000][1][safepoint    ] Leaving safepoint region
[2022-06-13T03:18:13.505+0000][1][safepoint    ] Total time for which application threads were stopped: 0.0002507 seconds, Stopping threads took: 0.0001159 seconds
[2022-06-13T03:18:13.505+0000][1][safepoint    ] Application time: 0.0000839 seconds
[2022-06-13T03:18:13.505+0000][1][safepoint    ] Entering safepoint region: RevokeBias
[2022-06-13T03:18:13.505+0000][1][safepoint    ] Leaving safepoint region
[2022-06-13T03:18:13.505+0000][1][safepoint    ] Total time for which application threads were stopped: 0.0002723 seconds, Stopping threads took: 0.0001379 seconds
[2022-06-13T03:18:13.506+0000][1][safepoint    ] Application time: 0.0000889 seconds
[2022-06-13T03:18:13.506+0000][1][safepoint    ] Entering safepoint region: RevokeBias
[2022-06-13T03:18:13.506+0000][1][safepoint    ] Leaving safepoint region
[2022-06-13T03:18:13.506+0000][1][safepoint    ] Total time for which application threads were stopped: 0.0002305 seconds, Stopping threads took: 0.0001049 seconds
[2022-06-13T03:18:13.506+0000][1][safepoint    ] Application time: 0.0000715 seconds
[2022-06-13T03:18:13.506+0000][1][safepoint    ] Entering safepoint region: RevokeBias
[2022-06-13T03:18:13.506+0000][1][safepoint    ] Leaving safepoint region
[2022-06-13T03:18:13.506+0000][1][safepoint    ] Total time for which application threads were stopped: 0.0003189 seconds, Stopping threads took: 0.0001547 seconds
[2022-06-13T03:18:13.507+0000][1][safepoint    ] Application time: 0.0000894 seconds
[2022-06-13T03:18:13.507+0000][1][safepoint    ] Entering safepoint region: RevokeBias
[2022-06-13T03:18:13.507+0000][1][safepoint    ] Leaving safepoint region
[2022-06-13T03:18:13.507+0000][1][safepoint    ] Total time for which application threads were stopped: 0.0002572 seconds, Stopping threads took: 0.0001192 seconds
[2022-06-13T03:18:13.507+0000][1][safepoint    ] Application time: 0.0000948 seconds
[2022-06-13T03:18:13.507+0000][1][safepoint    ] Entering safepoint region: BulkRevokeBias
[2022-06-13T03:18:13.508+0000][1][safepoint    ] Leaving safepoint region
[2022-06-13T03:18:13.508+0000][1][safepoint    ] Total time for which application threads were stopped: 0.0003127 seconds, Stopping threads took: 0.0001201 seconds
[2022-06-13T03:18:13.508+0000][1][safepoint    ] Application time: 0.0003634 seconds
[2022-06-13T03:18:13.509+0000][1][safepoint    ] Entering safepoint region: RevokeBias
[2022-06-13T03:18:13.509+0000][1][safepoint    ] Leaving safepoint region
[2022-06-13T03:18:13.509+0000][1][safepoint    ] Total time for which application threads were stopped: 0.0008056 seconds, Stopping threads took: 0.0006412 seconds
[2022-06-13T03:18:13.509+0000][1][safepoint    ] Application time: 0.0000915 seconds
[2022-06-13T03:18:13.509+0000][1][safepoint    ] Entering safepoint region: RevokeBias
[2022-06-13T03:18:13.509+0000][1][safepoint    ] Leaving safepoint region
[2022-06-13T03:18:13.510+0000][1][safepoint    ] Total time for which application threads were stopped: 0.0002405 seconds, Stopping threads took: 0.0001016 seconds
[2022-06-13T03:18:13.510+0000][1][safepoint    ] Application time: 0.0001674 seconds
[2022-06-13T03:18:13.510+0000][1][safepoint    ] Entering safepoint region: RevokeBias
[2022-06-13T03:18:13.510+0000][1][safepoint    ] Leaving safepoint region
[2022-06-13T03:18:13.510+0000][1][safepoint    ] Total time for which application threads were stopped: 0.0003643 seconds, Stopping threads took: 0.0001740 seconds
[2022-06-13T03:18:13.511+0000][1][safepoint    ] Application time: 0.0000940 seconds
[2022-06-13T03:18:13.511+0000][1][safepoint    ] Entering safepoint region: RevokeBias
[2022-06-13T03:18:13.511+0000][1][safepoint    ] Leaving safepoint region
[2022-06-13T03:18:13.511+0000][1][safepoint    ] Total time for which application threads were stopped: 0.0003084 seconds, Stopping threads took: 0.0001251 seconds
[2022-06-13T03:18:13.511+0000][1][safepoint    ] Application time: 0.0000757 seconds
[2022-06-13T03:18:13.511+0000][1][safepoint    ] Entering safepoint region: RevokeBias
[2022-06-13T03:18:13.511+0000][1][safepoint    ] Leaving safepoint region
[2022-06-13T03:18:13.512+0000][1][safepoint    ] Total time for which application threads were stopped: 0.0002525 seconds, Stopping threads took: 0.0001198 seconds
[2022-06-13T03:18:13.512+0000][1][safepoint    ] Application time: 0.0000819 seconds
[2022-06-13T03:18:13.512+0000][1][safepoint    ] Entering safepoint region: RevokeBias
[2022-06-13T03:18:13.512+0000][1][safepoint    ] Leaving safepoint region
[2022-06-13T03:18:13.512+0000][1][safepoint    ] Total time for which application threads were stopped: 0.0003884 seconds, Stopping threads took: 0.0002545 seconds
[2022-06-13T03:18:13.513+0000][1][safepoint    ] Application time: 0.0004591 seconds
[2022-06-13T03:18:13.513+0000][1][safepoint    ] Entering safepoint region: RevokeBias
[2022-06-13T03:18:13.513+0000][1][safepoint    ] Leaving safepoint region
[2022-06-13T03:18:13.514+0000][1][safepoint    ] Total time for which application threads were stopped: 0.0005574 seconds, Stopping threads took: 0.0004087 seconds
[2022-06-13T03:18:13.514+0000][1][safepoint    ] Application time: 0.0001444 seconds
[2022-06-13T03:18:13.514+0000][1][safepoint    ] Entering safepoint region: RevokeBias
[2022-06-13T03:18:13.514+0000][1][safepoint    ] Leaving safepoint region
[2022-06-13T03:18:13.514+0000][1][safepoint    ] Total time for which application threads were stopped: 0.0002945 seconds, Stopping threads took: 0.0001354 seconds
[2022-06-13T03:18:13.515+0000][1][safepoint    ] Application time: 0.0005730 seconds
[2022-06-13T03:18:13.515+0000][1][safepoint    ] Entering safepoint region: RevokeBias
[2022-06-13T03:18:13.515+0000][1][safepoint    ] Leaving safepoint region
[2022-06-13T03:18:13.515+0000][1][safepoint    ] Total time for which application threads were stopped: 0.0002553 seconds, Stopping threads took: 0.0001255 seconds
[2022-06-13T03:18:13.516+0000][1][safepoint    ] Application time: 0.0004844 seconds
[2022-06-13T03:18:13.516+0000][1][safepoint    ] Entering safepoint region: RevokeBias
[2022-06-13T03:18:13.516+0000][1][safepoint    ] Leaving safepoint region
[2022-06-13T03:18:13.516+0000][1][safepoint    ] Total time for which application threads were stopped: 0.0002924 seconds, Stopping threads took: 0.0001224 seconds
[2022-06-13T03:18:13.517+0000][1][safepoint    ] Application time: 0.0001364 seconds
[2022-06-13T03:18:13.517+0000][1][safepoint    ] Entering safepoint region: RevokeBias
[2022-06-13T03:18:13.517+0000][1][safepoint    ] Leaving safepoint region
[2022-06-13T03:18:13.517+0000][1][safepoint    ] Total time for which application threads were stopped: 0.0002645 seconds, Stopping threads took: 0.0001179 seconds
[2022-06-13T03:18:13.517+0000][1][safepoint    ] Application time: 0.0001131 seconds
[2022-06-13T03:18:13.517+0000][1][safepoint    ] Entering safepoint region: RevokeBias
[2022-06-13T03:18:13.518+0000][1][safepoint    ] Leaving safepoint region
[2022-06-13T03:18:13.518+0000][1][safepoint    ] Total time for which application threads were stopped: 0.0002875 seconds, Stopping threads took: 0.0001225 seconds
[2022-06-13T03:18:13.518+0000][1][safepoint    ] Application time: 0.0001127 seconds
[2022-06-13T03:18:13.518+0000][1][safepoint    ] Entering safepoint region: RevokeBias
[2022-06-13T03:18:13.518+0000][1][safepoint    ] Leaving safepoint region
[2022-06-13T03:18:13.518+0000][1][safepoint    ] Total time for which application threads were stopped: 0.0003396 seconds, Stopping threads took: 0.0001614 seconds
[2022-06-13T03:18:13.519+0000][1][safepoint    ] Application time: 0.0002271 seconds
[2022-06-13T03:18:13.519+0000][1][safepoint    ] Entering safepoint region: RevokeBias
[2022-06-13T03:18:13.519+0000][1][safepoint    ] Leaving safepoint region
[2022-06-13T03:18:13.519+0000][1][safepoint    ] Total time for which application threads were stopped: 0.0003332 seconds, Stopping threads took: 0.0001344 seconds
[2022-06-13T03:18:13.519+0000][1][safepoint    ] Application time: 0.0001185 seconds
[2022-06-13T03:18:13.519+0000][1][safepoint    ] Entering safepoint region: RevokeBias
[2022-06-13T03:18:13.520+0000][1][safepoint    ] Leaving safepoint region
[2022-06-13T03:18:13.520+0000][1][safepoint    ] Total time for which application threads were stopped: 0.0002934 seconds, Stopping threads took: 0.0001171 seconds
[2022-06-13T03:18:13.520+0000][1][safepoint    ] Application time: 0.0004026 seconds
[2022-06-13T03:18:13.520+0000][1][safepoint    ] Entering safepoint region: RevokeBias
[2022-06-13T03:18:13.521+0000][1][safepoint    ] Leaving safepoint region
[2022-06-13T03:18:13.521+0000][1][safepoint    ] Total time for which application threads were stopped: 0.0002750 seconds, Stopping threads took: 0.0001401 seconds
[2022-06-13T03:18:13.522+0000][1][safepoint    ] Application time: 0.0008517 seconds
[2022-06-13T03:18:13.522+0000][1][safepoint    ] Entering safepoint region: RevokeBias
[2022-06-13T03:18:13.522+0000][1][safepoint    ] Leaving safepoint region
[2022-06-13T03:18:13.522+0000][1][safepoint    ] Total time for which application threads were stopped: 0.0003868 seconds, Stopping threads took: 0.0002429 seconds
[2022-06-13T03:18:13.522+0000][1][safepoint    ] Application time: 0.0001446 seconds
[2022-06-13T03:18:13.523+0000][1][safepoint    ] Entering safepoint region: RevokeBias
[2022-06-13T03:18:13.523+0000][1][safepoint    ] Leaving safepoint region
[2022-06-13T03:18:13.523+0000][1][safepoint    ] Total time for which application threads were stopped: 0.0002434 seconds, Stopping threads took: 0.0001000 seconds
[2022-06-13T03:18:13.523+0000][1][safepoint    ] Application time: 0.0000876 seconds
[2022-06-13T03:18:13.523+0000][1][safepoint    ] Entering safepoint region: RevokeBias
[2022-06-13T03:18:13.523+0000][1][safepoint    ] Leaving safepoint region
[2022-06-13T03:18:13.523+0000][1][safepoint    ] Total time for which application threads were stopped: 0.0002317 seconds, Stopping threads took: 0.0000832 seconds
[2022-06-13T03:18:13.525+0000][1][safepoint    ] Application time: 0.0011395 seconds
[2022-06-13T03:18:13.525+0000][1][safepoint    ] Entering safepoint region: RevokeBias
[2022-06-13T03:18:13.525+0000][1][safepoint    ] Leaving safepoint region
[2022-06-13T03:18:13.525+0000][1][safepoint    ] Total time for which application threads were stopped: 0.0005661 seconds, Stopping threads took: 0.0004304 seconds
[2022-06-13T03:18:13.525+0000][1][safepoint    ] Application time: 0.0000676 seconds
[2022-06-13T03:18:13.526+0000][1][safepoint    ] Entering safepoint region: RevokeBias
[2022-06-13T03:18:13.526+0000][1][safepoint    ] Leaving safepoint region
[2022-06-13T03:18:13.526+0000][1][safepoint    ] Total time for which application threads were stopped: 0.0003413 seconds, Stopping threads took: 0.0001590 seconds
[2022-06-13T03:18:13.526+0000][1][safepoint    ] Application time: 0.0002181 seconds
[2022-06-13T03:18:13.527+0000][1][safepoint    ] Entering safepoint region: RevokeBias
[2022-06-13T03:18:13.527+0000][1][safepoint    ] Leaving safepoint region
[2022-06-13T03:18:13.527+0000][1][safepoint    ] Total time for which application threads were stopped: 0.0005823 seconds, Stopping threads took: 0.0004447 seconds
[2022-06-13T03:18:13.548+0000][1][safepoint    ] Application time: 0.0208793 seconds
[2022-06-13T03:18:13.548+0000][1][safepoint    ] Entering safepoint region: GenCollectForAllocation
[2022-06-13T03:18:13.549+0000][1][gc,start     ] GC(19) Pause Young (Allocation Failure)
[2022-06-13T03:18:13.549+0000][1][gc,task      ] GC(19) Using 5 workers of 13 for evacuation
[2022-06-13T03:18:13.552+0000][1][gc,age       ] GC(19) Desired survivor size 4456448 bytes, new threshold 2 (max threshold 6)
[2022-06-13T03:18:13.553+0000][1][gc,age       ] GC(19) Age table with threshold 2 (max threshold 6)
[2022-06-13T03:18:13.553+0000][1][gc,age       ] GC(19) - age   1:    2854184 bytes,    2854184 total
[2022-06-13T03:18:13.553+0000][1][gc,age       ] GC(19) - age   2:    3978224 bytes,    6832408 total
[2022-06-13T03:18:13.553+0000][1][gc,age       ] GC(19) - age   3:     317760 bytes,    7150168 total
[2022-06-13T03:18:13.553+0000][1][gc,heap      ] GC(19) ParNew: 75241K->8125K(78656K)
[2022-06-13T03:18:13.554+0000][1][gc,heap      ] GC(19) CMS: 55368K->55368K(174784K)
[2022-06-13T03:18:13.554+0000][1][gc,metaspace ] GC(19) Metaspace: 47539K->47539K(1093632K)
[2022-06-13T03:18:13.554+0000][1][gc           ] GC(19) Pause Young (Allocation Failure) 127M->62M(247M) 5.311ms
[2022-06-13T03:18:13.554+0000][1][gc,cpu       ] GC(19) User=0.03s Sys=0.00s Real=0.01s
[2022-06-13T03:18:13.554+0000][1][safepoint    ] Leaving safepoint region
[2022-06-13T03:18:13.555+0000][1][safepoint    ] Total time for which application threads were stopped: 0.0062363 seconds, Stopping threads took: 0.0002448 seconds
[2022-06-13T03:18:13.740+0000][1][safepoint    ] Application time: 0.1856301 seconds
[2022-06-13T03:18:13.741+0000][1][safepoint    ] Entering safepoint region: RevokeBias
[2022-06-13T03:18:13.741+0000][1][safepoint    ] Leaving safepoint region
[2022-06-13T03:18:13.741+0000][1][safepoint    ] Total time for which application threads were stopped: 0.0006519 seconds, Stopping threads took: 0.0002856 seconds
[2022-06-13T03:18:13.860+0000][1][safepoint    ] Application time: 0.1188824 seconds
[2022-06-13T03:18:13.861+0000][1][safepoint    ] Entering safepoint region: RevokeBias
[2022-06-13T03:18:13.862+0000][1][safepoint    ] Leaving safepoint region
[2022-06-13T03:18:13.862+0000][1][safepoint    ] Total time for which application threads were stopped: 0.0009994 seconds, Stopping threads took: 0.0005242 seconds
[2022-06-13T03:18:14.053+0000][1][safepoint    ] Application time: 0.1908100 seconds
[2022-06-13T03:18:14.053+0000][1][safepoint    ] Entering safepoint region: GenCollectForAllocation
[2022-06-13T03:18:14.054+0000][1][gc,start     ] GC(20) Pause Young (Allocation Failure)
[2022-06-13T03:18:14.054+0000][1][gc,task      ] GC(20) Using 5 workers of 13 for evacuation
[2022-06-13T03:18:14.062+0000][1][gc,age       ] GC(20) Desired survivor size 4456448 bytes, new threshold 6 (max threshold 6)
[2022-06-13T03:18:14.062+0000][1][gc,age       ] GC(20) Age table with threshold 6 (max threshold 6)
[2022-06-13T03:18:14.062+0000][1][gc,age       ] GC(20) - age   1:    1594312 bytes,    1594312 total
[2022-06-13T03:18:14.062+0000][1][gc,age       ] GC(20) - age   2:    2813152 bytes,    4407464 total
[2022-06-13T03:18:14.062+0000][1][gc,heap      ] GC(20) ParNew: 78077K->7392K(78656K)
[2022-06-13T03:18:14.062+0000][1][gc,heap      ] GC(20) CMS: 55368K->59712K(174784K)
[2022-06-13T03:18:14.063+0000][1][gc,metaspace ] GC(20) Metaspace: 54486K->54486K(1099776K)
[2022-06-13T03:18:14.063+0000][1][gc           ] GC(20) Pause Young (Allocation Failure) 130M->65M(247M) 8.519ms
[2022-06-13T03:18:14.063+0000][1][gc,cpu       ] GC(20) User=0.03s Sys=0.00s Real=0.01s
[2022-06-13T03:18:14.063+0000][1][safepoint    ] Leaving safepoint region
[2022-06-13T03:18:14.063+0000][1][safepoint    ] Total time for which application threads were stopped: 0.0094983 seconds, Stopping threads took: 0.0001188 seconds
[2022-06-13T03:18:14.183+0000][1][safepoint    ] Application time: 0.1194520 seconds
[2022-06-13T03:18:14.183+0000][1][safepoint    ] Entering safepoint region: Deoptimize
[2022-06-13T03:18:14.184+0000][1][safepoint    ] Leaving safepoint region
[2022-06-13T03:18:14.184+0000][1][safepoint    ] Total time for which application threads were stopped: 0.0012975 seconds, Stopping threads took: 0.0001363 seconds
[2022-06-13T03:18:14.209+0000][1][safepoint    ] Application time: 0.0251543 seconds
[2022-06-13T03:18:14.210+0000][1][safepoint    ] Entering safepoint region: RevokeBias
[2022-06-13T03:18:14.210+0000][1][safepoint    ] Leaving safepoint region
[2022-06-13T03:18:14.210+0000][1][safepoint    ] Total time for which application threads were stopped: 0.0004237 seconds, Stopping threads took: 0.0002210 seconds
[2022-06-13T03:18:14.210+0000][1][safepoint    ] Application time: 0.0001259 seconds
[2022-06-13T03:18:14.211+0000][1][safepoint    ] Entering safepoint region: RevokeBias
[2022-06-13T03:18:14.211+0000][1][safepoint    ] Leaving safepoint region
[2022-06-13T03:18:14.211+0000][1][safepoint    ] Total time for which application threads were stopped: 0.0003899 seconds, Stopping threads took: 0.0001617 seconds
[2022-06-13T03:18:14.211+0000][1][safepoint    ] Application time: 0.0001328 seconds
[2022-06-13T03:18:14.211+0000][1][safepoint    ] Entering safepoint region: RevokeBias
[2022-06-13T03:18:14.211+0000][1][safepoint    ] Leaving safepoint region
[2022-06-13T03:18:14.212+0000][1][safepoint    ] Total time for which application threads were stopped: 0.0002994 seconds, Stopping threads took: 0.0001010 seconds
[2022-06-13T03:18:14.214+0000][1][safepoint    ] Application time: 0.0023590 seconds
[2022-06-13T03:18:14.214+0000][1][safepoint    ] Entering safepoint region: RevokeBias
[2022-06-13T03:18:14.215+0000][1][safepoint    ] Leaving safepoint region
[2022-06-13T03:18:14.215+0000][1][safepoint    ] Total time for which application threads were stopped: 0.0004704 seconds, Stopping threads took: 0.0002510 seconds
[2022-06-13T03:18:14.354+0000][1][safepoint    ] Application time: 0.1387103 seconds
[2022-06-13T03:18:14.354+0000][1][safepoint    ] Entering safepoint region: Deoptimize
[2022-06-13T03:18:14.356+0000][1][safepoint    ] Leaving safepoint region
[2022-06-13T03:18:14.357+0000][1][safepoint    ] Total time for which application threads were stopped: 0.0025110 seconds, Stopping threads took: 0.0001607 seconds
[2022-06-13T03:18:14.412+0000][1][safepoint    ] Application time: 0.0554766 seconds
[2022-06-13T03:18:14.413+0000][1][safepoint    ] Entering safepoint region: RevokeBias
[2022-06-13T03:18:14.413+0000][1][safepoint    ] Leaving safepoint region
[2022-06-13T03:18:14.413+0000][1][safepoint    ] Total time for which application threads were stopped: 0.0004229 seconds, Stopping threads took: 0.0002315 seconds
[2022-06-13T03:18:14.414+0000][1][safepoint    ] Application time: 0.0005635 seconds
[2022-06-13T03:18:14.414+0000][1][safepoint    ] Entering safepoint region: RevokeBias
[2022-06-13T03:18:14.414+0000][1][safepoint    ] Leaving safepoint region
[2022-06-13T03:18:14.414+0000][1][safepoint    ] Total time for which application threads were stopped: 0.0003706 seconds, Stopping threads took: 0.0001640 seconds
[2022-06-13T03:18:14.414+0000][1][safepoint    ] Application time: 0.0001053 seconds
[2022-06-13T03:18:14.415+0000][1][safepoint    ] Entering safepoint region: RevokeBias
[2022-06-13T03:18:14.415+0000][1][safepoint    ] Leaving safepoint region
[2022-06-13T03:18:14.415+0000][1][safepoint    ] Total time for which application threads were stopped: 0.0004745 seconds, Stopping threads took: 0.0003228 seconds
[2022-06-13T03:18:14.415+0000][1][safepoint    ] Application time: 0.0001864 seconds
[2022-06-13T03:18:14.416+0000][1][safepoint    ] Entering safepoint region: RevokeBias
[2022-06-13T03:18:14.416+0000][1][safepoint    ] Leaving safepoint region
[2022-06-13T03:18:14.416+0000][1][safepoint    ] Total time for which application threads were stopped: 0.0003756 seconds, Stopping threads took: 0.0001951 seconds
[2022-06-13T03:18:14.416+0000][1][safepoint    ] Application time: 0.0000711 seconds
[2022-06-13T03:18:14.416+0000][1][safepoint    ] Entering safepoint region: BulkRevokeBias
[2022-06-13T03:18:14.416+0000][1][safepoint    ] Leaving safepoint region
[2022-06-13T03:18:14.416+0000][1][safepoint    ] Total time for which application threads were stopped: 0.0002787 seconds, Stopping threads took: 0.0001123 seconds
[2022-06-13T03:18:14.417+0000][1][safepoint    ] Application time: 0.0001197 seconds
[2022-06-13T03:18:14.417+0000][1][safepoint    ] Entering safepoint region: RevokeBias
[2022-06-13T03:18:14.417+0000][1][safepoint    ] Leaving safepoint region
[2022-06-13T03:18:14.417+0000][1][safepoint    ] Total time for which application threads were stopped: 0.0003697 seconds, Stopping threads took: 0.0001940 seconds
[2022-06-13T03:18:14.417+0000][1][safepoint    ] Application time: 0.0001500 seconds
[2022-06-13T03:18:14.418+0000][1][safepoint    ] Entering safepoint region: BulkRevokeBias
[2022-06-13T03:18:14.418+0000][1][safepoint    ] Leaving safepoint region
[2022-06-13T03:18:14.418+0000][1][safepoint    ] Total time for which application threads were stopped: 0.0003792 seconds, Stopping threads took: 0.0001850 seconds
[2022-06-13T03:18:14.457+0000][1][safepoint    ] Application time: 0.0385580 seconds
[2022-06-13T03:18:14.457+0000][1][safepoint    ] Entering safepoint region: RevokeBias
[2022-06-13T03:18:14.457+0000][1][safepoint    ] Leaving safepoint region
[2022-06-13T03:18:14.457+0000][1][safepoint    ] Total time for which application threads were stopped: 0.0003878 seconds, Stopping threads took: 0.0001856 seconds
[2022-06-13T03:18:14.561+0000][1][safepoint    ] Application time: 0.1038325 seconds
[2022-06-13T03:18:14.562+0000][1][safepoint    ] Entering safepoint region: RevokeBias
[2022-06-13T03:18:14.562+0000][1][safepoint    ] Leaving safepoint region
[2022-06-13T03:18:14.562+0000][1][safepoint    ] Total time for which application threads were stopped: 0.0005889 seconds, Stopping threads took: 0.0002674 seconds
[2022-06-13T03:18:14.608+0000][1][safepoint    ] Application time: 0.0453378 seconds
[2022-06-13T03:18:14.608+0000][1][safepoint    ] Entering safepoint region: RevokeBias
[2022-06-13T03:18:14.608+0000][1][safepoint    ] Leaving safepoint region
[2022-06-13T03:18:14.608+0000][1][safepoint    ] Total time for which application threads were stopped: 0.0002450 seconds, Stopping threads took: 0.0000950 seconds
[2022-06-13T03:18:14.708+0000][1][safepoint    ] Application time: 0.1001800 seconds
[2022-06-13T03:18:14.709+0000][1][safepoint    ] Entering safepoint region: GenCollectForAllocation
[2022-06-13T03:18:14.709+0000][1][gc,start     ] GC(21) Pause Young (Allocation Failure)
[2022-06-13T03:18:14.710+0000][1][gc,task      ] GC(21) Using 5 workers of 13 for evacuation
[2022-06-13T03:18:14.716+0000][1][gc,age       ] GC(21) Desired survivor size 4456448 bytes, new threshold 2 (max threshold 6)
[2022-06-13T03:18:14.716+0000][1][gc,age       ] GC(21) Age table with threshold 2 (max threshold 6)
[2022-06-13T03:18:14.717+0000][1][gc,age       ] GC(21) - age   1:    3962368 bytes,    3962368 total
[2022-06-13T03:18:14.717+0000][1][gc,age       ] GC(21) - age   2:    1508408 bytes,    5470776 total
[2022-06-13T03:18:14.718+0000][1][gc,age       ] GC(21) - age   3:    2798608 bytes,    8269384 total
[2022-06-13T03:18:14.718+0000][1][gc,heap      ] GC(21) ParNew: 77344K->8704K(78656K)
[2022-06-13T03:18:14.719+0000][1][gc,heap      ] GC(21) CMS: 59712K->59776K(174784K)
[2022-06-13T03:18:14.719+0000][1][gc,metaspace ] GC(21) Metaspace: 62681K->62681K(1105920K)
[2022-06-13T03:18:14.720+0000][1][gc           ] GC(21) Pause Young (Allocation Failure) 133M->66M(247M) 10.396ms
[2022-06-13T03:18:14.720+0000][1][gc,cpu       ] GC(21) User=0.03s Sys=0.00s Real=0.01s
[2022-06-13T03:18:14.720+0000][1][safepoint    ] Leaving safepoint region
[2022-06-13T03:18:14.721+0000][1][safepoint    ] Total time for which application threads were stopped: 0.0120180 seconds, Stopping threads took: 0.0003907 seconds
[2022-06-13T03:18:14.733+0000][1][safepoint    ] Application time: 0.0119282 seconds
[2022-06-13T03:18:14.734+0000][1][safepoint    ] Entering safepoint region: Deoptimize
[2022-06-13T03:18:14.735+0000][1][safepoint    ] Leaving safepoint region
[2022-06-13T03:18:14.735+0000][1][safepoint    ] Total time for which application threads were stopped: 0.0014270 seconds, Stopping threads took: 0.0005148 seconds
[2022-06-13T03:18:14.741+0000][1][safepoint    ] Application time: 0.0049853 seconds
[2022-06-13T03:18:14.741+0000][1][safepoint    ] Entering safepoint region: RevokeBias
[2022-06-13T03:18:14.742+0000][1][safepoint    ] Leaving safepoint region
[2022-06-13T03:18:14.742+0000][1][safepoint    ] Total time for which application threads were stopped: 0.0007689 seconds, Stopping threads took: 0.0003886 seconds
[2022-06-13T03:18:14.743+0000][1][safepoint    ] Application time: 0.0006826 seconds
[2022-06-13T03:18:14.743+0000][1][safepoint    ] Entering safepoint region: RevokeBias
[2022-06-13T03:18:14.744+0000][1][safepoint    ] Leaving safepoint region
[2022-06-13T03:18:14.744+0000][1][safepoint    ] Total time for which application threads were stopped: 0.0006998 seconds, Stopping threads took: 0.0003146 seconds
[2022-06-13T03:18:14.745+0000][1][safepoint    ] Application time: 0.0006985 seconds
[2022-06-13T03:18:14.746+0000][1][safepoint    ] Entering safepoint region: RevokeBias
[2022-06-13T03:18:14.746+0000][1][safepoint    ] Leaving safepoint region
[2022-06-13T03:18:14.747+0000][1][safepoint    ] Total time for which application threads were stopped: 0.0010073 seconds, Stopping threads took: 0.0004822 seconds
[2022-06-13T03:18:14.747+0000][1][safepoint    ] Application time: 0.0004263 seconds
[2022-06-13T03:18:14.748+0000][1][safepoint    ] Entering safepoint region: RevokeBias
[2022-06-13T03:18:14.748+0000][1][safepoint    ] Leaving safepoint region
[2022-06-13T03:18:14.749+0000][1][safepoint    ] Total time for which application threads were stopped: 0.0009768 seconds, Stopping threads took: 0.0004314 seconds
[2022-06-13T03:18:14.750+0000][1][safepoint    ] Application time: 0.0002632 seconds
[2022-06-13T03:18:14.750+0000][1][safepoint    ] Entering safepoint region: RevokeBias
[2022-06-13T03:18:14.750+0000][1][safepoint    ] Leaving safepoint region
[2022-06-13T03:18:14.751+0000][1][safepoint    ] Total time for which application threads were stopped: 0.0007733 seconds, Stopping threads took: 0.0003961 seconds
[2022-06-13T03:18:14.751+0000][1][safepoint    ] Application time: 0.0002504 seconds
[2022-06-13T03:18:14.752+0000][1][safepoint    ] Entering safepoint region: RevokeBias
[2022-06-13T03:18:14.752+0000][1][safepoint    ] Leaving safepoint region
[2022-06-13T03:18:14.753+0000][1][safepoint    ] Total time for which application threads were stopped: 0.0009912 seconds, Stopping threads took: 0.0005010 seconds
[2022-06-13T03:18:14.754+0000][1][safepoint    ] Application time: 0.0003330 seconds
[2022-06-13T03:18:14.754+0000][1][safepoint    ] Entering safepoint region: RevokeBias
[2022-06-13T03:18:14.754+0000][1][safepoint    ] Leaving safepoint region
[2022-06-13T03:18:14.755+0000][1][safepoint    ] Total time for which application threads were stopped: 0.0008635 seconds, Stopping threads took: 0.0003562 seconds
[2022-06-13T03:18:14.756+0000][1][safepoint    ] Application time: 0.0001860 seconds
[2022-06-13T03:18:14.756+0000][1][safepoint    ] Entering safepoint region: RevokeBias
[2022-06-13T03:18:14.756+0000][1][safepoint    ] Leaving safepoint region
[2022-06-13T03:18:14.757+0000][1][safepoint    ] Total time for which application threads were stopped: 0.0006731 seconds, Stopping threads took: 0.0002572 seconds
[2022-06-13T03:18:14.757+0000][1][safepoint    ] Application time: 0.0003279 seconds
[2022-06-13T03:18:14.758+0000][1][safepoint    ] Entering safepoint region: RevokeBias
[2022-06-13T03:18:14.758+0000][1][safepoint    ] Leaving safepoint region
[2022-06-13T03:18:14.758+0000][1][safepoint    ] Total time for which application threads were stopped: 0.0003253 seconds, Stopping threads took: 0.0001927 seconds
[2022-06-13T03:18:14.758+0000][1][safepoint    ] Application time: 0.0000746 seconds
[2022-06-13T03:18:14.758+0000][1][safepoint    ] Entering safepoint region: RevokeBias
[2022-06-13T03:18:14.758+0000][1][safepoint    ] Leaving safepoint region
[2022-06-13T03:18:14.758+0000][1][safepoint    ] Total time for which application threads were stopped: 0.0002450 seconds, Stopping threads took: 0.0001101 seconds
[2022-06-13T03:18:14.759+0000][1][safepoint    ] Application time: 0.0004101 seconds
[2022-06-13T03:18:14.759+0000][1][safepoint    ] Entering safepoint region: RevokeBias
[2022-06-13T03:18:14.759+0000][1][safepoint    ] Leaving safepoint region
[2022-06-13T03:18:14.759+0000][1][safepoint    ] Total time for which application threads were stopped: 0.0002282 seconds, Stopping threads took: 0.0001076 seconds
[2022-06-13T03:18:14.760+0000][1][safepoint    ] Application time: 0.0006251 seconds
[2022-06-13T03:18:14.760+0000][1][safepoint    ] Entering safepoint region: RevokeBias
[2022-06-13T03:18:14.760+0000][1][safepoint    ] Leaving safepoint region
[2022-06-13T03:18:14.760+0000][1][safepoint    ] Total time for which application threads were stopped: 0.0001993 seconds, Stopping threads took: 0.0000933 seconds
[2022-06-13T03:18:14.761+0000][1][safepoint    ] Application time: 0.0002688 seconds
[2022-06-13T03:18:14.761+0000][1][safepoint    ] Entering safepoint region: RevokeBias
[2022-06-13T03:18:14.761+0000][1][safepoint    ] Leaving safepoint region
[2022-06-13T03:18:14.761+0000][1][safepoint    ] Total time for which application threads were stopped: 0.0002227 seconds, Stopping threads took: 0.0001123 seconds
[2022-06-13T03:18:14.763+0000][1][safepoint    ] Application time: 0.0015483 seconds
[2022-06-13T03:18:14.763+0000][1][safepoint    ] Entering safepoint region: Deoptimize
[2022-06-13T03:18:14.763+0000][1][safepoint    ] Leaving safepoint region
[2022-06-13T03:18:14.764+0000][1][safepoint    ] Total time for which application threads were stopped: 0.0007024 seconds, Stopping threads took: 0.0001082 seconds
[2022-06-13T03:18:14.804+0000][1][safepoint    ] Application time: 0.0405585 seconds
[2022-06-13T03:18:14.805+0000][1][safepoint    ] Entering safepoint region: RevokeBias
[2022-06-13T03:18:14.805+0000][1][safepoint    ] Leaving safepoint region
[2022-06-13T03:18:14.806+0000][1][safepoint    ] Total time for which application threads were stopped: 0.0008269 seconds, Stopping threads took: 0.0004537 seconds
[2022-06-13T03:18:14.806+0000][1][safepoint    ] Application time: 0.0001106 seconds
[2022-06-13T03:18:14.806+0000][1][safepoint    ] Entering safepoint region: RevokeBias
[2022-06-13T03:18:14.807+0000][1][safepoint    ] Leaving safepoint region
[2022-06-13T03:18:14.807+0000][1][safepoint    ] Total time for which application threads were stopped: 0.0005993 seconds, Stopping threads took: 0.0002244 seconds
[2022-06-13T03:18:14.808+0000][1][safepoint    ] Application time: 0.0005253 seconds
[2022-06-13T03:18:14.808+0000][1][safepoint    ] Entering safepoint region: RevokeBias
[2022-06-13T03:18:14.808+0000][1][safepoint    ] Leaving safepoint region
[2022-06-13T03:18:14.809+0000][1][safepoint    ] Total time for which application threads were stopped: 0.0008105 seconds, Stopping threads took: 0.0004797 seconds
[2022-06-13T03:18:14.809+0000][1][safepoint    ] Application time: 0.0005033 seconds
[2022-06-13T03:18:14.810+0000][1][safepoint    ] Entering safepoint region: RevokeBias
[2022-06-13T03:18:14.810+0000][1][safepoint    ] Leaving safepoint region
[2022-06-13T03:18:14.810+0000][1][safepoint    ] Total time for which application threads were stopped: 0.0005988 seconds, Stopping threads took: 0.0002536 seconds
[2022-06-13T03:18:14.811+0000][1][safepoint    ] Application time: 0.0008801 seconds
[2022-06-13T03:18:14.812+0000][1][safepoint    ] Entering safepoint region: RevokeBias
[2022-06-13T03:18:14.812+0000][1][safepoint    ] Leaving safepoint region
[2022-06-13T03:18:14.812+0000][1][safepoint    ] Total time for which application threads were stopped: 0.0007703 seconds, Stopping threads took: 0.0004824 seconds
[2022-06-13T03:18:14.813+0000][1][safepoint    ] Application time: 0.0001416 seconds
[2022-06-13T03:18:14.813+0000][1][safepoint    ] Entering safepoint region: RevokeBias
[2022-06-13T03:18:14.814+0000][1][safepoint    ] Leaving safepoint region
[2022-06-13T03:18:14.814+0000][1][safepoint    ] Total time for which application threads were stopped: 0.0007228 seconds, Stopping threads took: 0.0004551 seconds
[2022-06-13T03:18:14.814+0000][1][safepoint    ] Application time: 0.0002531 seconds
[2022-06-13T03:18:14.815+0000][1][safepoint    ] Entering safepoint region: RevokeBias
[2022-06-13T03:18:14.815+0000][1][safepoint    ] Leaving safepoint region
[2022-06-13T03:18:14.815+0000][1][safepoint    ] Total time for which application threads were stopped: 0.0005145 seconds, Stopping threads took: 0.0003295 seconds
[2022-06-13T03:18:14.816+0000][1][safepoint    ] Application time: 0.0004825 seconds
[2022-06-13T03:18:14.816+0000][1][safepoint    ] Entering safepoint region: RevokeBias
[2022-06-13T03:18:14.816+0000][1][safepoint    ] Leaving safepoint region
[2022-06-13T03:18:14.816+0000][1][safepoint    ] Total time for which application threads were stopped: 0.0004306 seconds, Stopping threads took: 0.0001761 seconds
[2022-06-13T03:18:14.817+0000][1][safepoint    ] Application time: 0.0001666 seconds
[2022-06-13T03:18:14.817+0000][1][safepoint    ] Entering safepoint region: RevokeBias
[2022-06-13T03:18:14.818+0000][1][safepoint    ] Leaving safepoint region
[2022-06-13T03:18:14.818+0000][1][safepoint    ] Total time for which application threads were stopped: 0.0004775 seconds, Stopping threads took: 0.0001878 seconds
[2022-06-13T03:18:14.818+0000][1][safepoint    ] Application time: 0.0000982 seconds
[2022-06-13T03:18:14.818+0000][1][safepoint    ] Entering safepoint region: RevokeBias
[2022-06-13T03:18:14.819+0000][1][safepoint    ] Leaving safepoint region
[2022-06-13T03:18:14.819+0000][1][safepoint    ] Total time for which application threads were stopped: 0.0003962 seconds, Stopping threads took: 0.0002251 seconds
[2022-06-13T03:18:14.819+0000][1][safepoint    ] Application time: 0.0002195 seconds
[2022-06-13T03:18:14.819+0000][1][safepoint    ] Entering safepoint region: RevokeBias
[2022-06-13T03:18:14.820+0000][1][safepoint    ] Leaving safepoint region
[2022-06-13T03:18:14.820+0000][1][safepoint    ] Total time for which application threads were stopped: 0.0004013 seconds, Stopping threads took: 0.0001734 seconds
[2022-06-13T03:18:14.821+0000][1][safepoint    ] Application time: 0.0005925 seconds
[2022-06-13T03:18:14.821+0000][1][safepoint    ] Entering safepoint region: RevokeBias
[2022-06-13T03:18:14.821+0000][1][safepoint    ] Leaving safepoint region
[2022-06-13T03:18:14.821+0000][1][safepoint    ] Total time for which application threads were stopped: 0.0004445 seconds, Stopping threads took: 0.0002955 seconds
[2022-06-13T03:18:14.822+0000][1][safepoint    ] Application time: 0.0001323 seconds
[2022-06-13T03:18:14.822+0000][1][safepoint    ] Entering safepoint region: RevokeBias
[2022-06-13T03:18:14.822+0000][1][safepoint    ] Leaving safepoint region
[2022-06-13T03:18:14.822+0000][1][safepoint    ] Total time for which application threads were stopped: 0.0003885 seconds, Stopping threads took: 0.0001730 seconds
[2022-06-13T03:18:14.823+0000][1][safepoint    ] Application time: 0.0006672 seconds
[2022-06-13T03:18:14.823+0000][1][safepoint    ] Entering safepoint region: RevokeBias
[2022-06-13T03:18:14.824+0000][1][safepoint    ] Leaving safepoint region
[2022-06-13T03:18:14.824+0000][1][safepoint    ] Total time for which application threads were stopped: 0.0005792 seconds, Stopping threads took: 0.0002498 seconds
[2022-06-13T03:18:14.825+0000][1][safepoint    ] Application time: 0.0006363 seconds
[2022-06-13T03:18:14.825+0000][1][safepoint    ] Entering safepoint region: RevokeBias
[2022-06-13T03:18:14.825+0000][1][safepoint    ] Leaving safepoint region
[2022-06-13T03:18:14.825+0000][1][safepoint    ] Total time for which application threads were stopped: 0.0005098 seconds, Stopping threads took: 0.0003262 seconds
[2022-06-13T03:18:14.826+0000][1][safepoint    ] Application time: 0.0004850 seconds
[2022-06-13T03:18:14.826+0000][1][safepoint    ] Entering safepoint region: RevokeBias
[2022-06-13T03:18:14.826+0000][1][safepoint    ] Leaving safepoint region
[2022-06-13T03:18:14.827+0000][1][safepoint    ] Total time for which application threads were stopped: 0.0004654 seconds, Stopping threads took: 0.0001984 seconds
[2022-06-13T03:18:14.827+0000][1][safepoint    ] Application time: 0.0002910 seconds
[2022-06-13T03:18:14.827+0000][1][safepoint    ] Entering safepoint region: RevokeBias
[2022-06-13T03:18:14.828+0000][1][safepoint    ] Leaving safepoint region
[2022-06-13T03:18:14.828+0000][1][safepoint    ] Total time for which application threads were stopped: 0.0006299 seconds, Stopping threads took: 0.0003338 seconds
[2022-06-13T03:18:14.828+0000][1][safepoint    ] Application time: 0.0001069 seconds
[2022-06-13T03:18:14.829+0000][1][safepoint    ] Entering safepoint region: RevokeBias
[2022-06-13T03:18:14.829+0000][1][safepoint    ] Leaving safepoint region
[2022-06-13T03:18:14.829+0000][1][safepoint    ] Total time for which application threads were stopped: 0.0005734 seconds, Stopping threads took: 0.0004015 seconds
[2022-06-13T03:18:14.830+0000][1][safepoint    ] Application time: 0.0002372 seconds
[2022-06-13T03:18:14.830+0000][1][safepoint    ] Entering safepoint region: RevokeBias
[2022-06-13T03:18:14.830+0000][1][safepoint    ] Leaving safepoint region
[2022-06-13T03:18:14.830+0000][1][safepoint    ] Total time for which application threads were stopped: 0.0002696 seconds, Stopping threads took: 0.0001398 seconds
[2022-06-13T03:18:14.831+0000][1][safepoint    ] Application time: 0.0005279 seconds
[2022-06-13T03:18:14.831+0000][1][safepoint    ] Entering safepoint region: RevokeBias
[2022-06-13T03:18:14.831+0000][1][safepoint    ] Leaving safepoint region
[2022-06-13T03:18:14.831+0000][1][safepoint    ] Total time for which application threads were stopped: 0.0002433 seconds, Stopping threads took: 0.0001162 seconds
[2022-06-13T03:18:14.831+0000][1][safepoint    ] Application time: 0.0000946 seconds
[2022-06-13T03:18:14.831+0000][1][safepoint    ] Entering safepoint region: RevokeBias
[2022-06-13T03:18:14.831+0000][1][safepoint    ] Leaving safepoint region
[2022-06-13T03:18:14.831+0000][1][safepoint    ] Total time for which application threads were stopped: 0.0002099 seconds, Stopping threads took: 0.0000906 seconds
[2022-06-13T03:18:14.832+0000][1][safepoint    ] Application time: 0.0000851 seconds
[2022-06-13T03:18:14.832+0000][1][safepoint    ] Entering safepoint region: RevokeBias
[2022-06-13T03:18:14.832+0000][1][safepoint    ] Leaving safepoint region
[2022-06-13T03:18:14.832+0000][1][safepoint    ] Total time for which application threads were stopped: 0.0002281 seconds, Stopping threads took: 0.0000905 seconds
[2022-06-13T03:18:14.832+0000][1][safepoint    ] Application time: 0.0000716 seconds
[2022-06-13T03:18:14.832+0000][1][safepoint    ] Entering safepoint region: RevokeBias
[2022-06-13T03:18:14.832+0000][1][safepoint    ] Leaving safepoint region
[2022-06-13T03:18:14.833+0000][1][safepoint    ] Total time for which application threads were stopped: 0.0003226 seconds, Stopping threads took: 0.0001990 seconds
[2022-06-13T03:18:14.833+0000][1][safepoint    ] Application time: 0.0002318 seconds
[2022-06-13T03:18:14.833+0000][1][safepoint    ] Entering safepoint region: RevokeBias
[2022-06-13T03:18:14.833+0000][1][safepoint    ] Leaving safepoint region
[2022-06-13T03:18:14.833+0000][1][safepoint    ] Total time for which application threads were stopped: 0.0002951 seconds, Stopping threads took: 0.0001793 seconds
[2022-06-13T03:18:14.834+0000][1][safepoint    ] Application time: 0.0000619 seconds
[2022-06-13T03:18:14.834+0000][1][safepoint    ] Entering safepoint region: RevokeBias
[2022-06-13T03:18:14.834+0000][1][safepoint    ] Leaving safepoint region
[2022-06-13T03:18:14.834+0000][1][safepoint    ] Total time for which application threads were stopped: 0.0002444 seconds, Stopping threads took: 0.0001090 seconds
[2022-06-13T03:18:14.834+0000][1][safepoint    ] Application time: 0.0000934 seconds
[2022-06-13T03:18:14.834+0000][1][safepoint    ] Entering safepoint region: RevokeBias
[2022-06-13T03:18:14.834+0000][1][safepoint    ] Leaving safepoint region
[2022-06-13T03:18:14.834+0000][1][safepoint    ] Total time for which application threads were stopped: 0.0002182 seconds, Stopping threads took: 0.0000969 seconds
[2022-06-13T03:18:14.836+0000][1][safepoint    ] Application time: 0.0010629 seconds
[2022-06-13T03:18:14.836+0000][1][safepoint    ] Entering safepoint region: RevokeBias
[2022-06-13T03:18:14.836+0000][1][safepoint    ] Leaving safepoint region
[2022-06-13T03:18:14.836+0000][1][safepoint    ] Total time for which application threads were stopped: 0.0002498 seconds, Stopping threads took: 0.0001138 seconds
[2022-06-13T03:18:14.836+0000][1][safepoint    ] Application time: 0.0001370 seconds
[2022-06-13T03:18:14.836+0000][1][safepoint    ] Entering safepoint region: RevokeBias
[2022-06-13T03:18:14.836+0000][1][safepoint    ] Leaving safepoint region
[2022-06-13T03:18:14.837+0000][1][safepoint    ] Total time for which application threads were stopped: 0.0002064 seconds, Stopping threads took: 0.0000909 seconds
[2022-06-13T03:18:14.837+0000][1][safepoint    ] Application time: 0.0006580 seconds
[2022-06-13T03:18:14.837+0000][1][safepoint    ] Entering safepoint region: RevokeBias
[2022-06-13T03:18:14.838+0000][1][safepoint    ] Leaving safepoint region
[2022-06-13T03:18:14.838+0000][1][safepoint    ] Total time for which application threads were stopped: 0.0002288 seconds, Stopping threads took: 0.0001071 seconds
[2022-06-13T03:18:14.838+0000][1][safepoint    ] Application time: 0.0006850 seconds
[2022-06-13T03:18:14.839+0000][1][safepoint    ] Entering safepoint region: RevokeBias
[2022-06-13T03:18:14.839+0000][1][safepoint    ] Leaving safepoint region
[2022-06-13T03:18:14.839+0000][1][safepoint    ] Total time for which application threads were stopped: 0.0003757 seconds, Stopping threads took: 0.0001506 seconds
[2022-06-13T03:18:14.839+0000][1][safepoint    ] Application time: 0.0000807 seconds
[2022-06-13T03:18:14.839+0000][1][safepoint    ] Entering safepoint region: BulkRevokeBias
[2022-06-13T03:18:14.840+0000][1][safepoint    ] Leaving safepoint region
[2022-06-13T03:18:14.840+0000][1][safepoint    ] Total time for which application threads were stopped: 0.0006123 seconds, Stopping threads took: 0.0001873 seconds
[2022-06-13T03:18:14.840+0000][1][safepoint    ] Application time: 0.0001064 seconds
[2022-06-13T03:18:14.840+0000][1][safepoint    ] Entering safepoint region: RevokeBias
[2022-06-13T03:18:14.841+0000][1][safepoint    ] Leaving safepoint region
[2022-06-13T03:18:14.841+0000][1][safepoint    ] Total time for which application threads were stopped: 0.0004310 seconds, Stopping threads took: 0.0001306 seconds
[2022-06-13T03:18:14.843+0000][1][safepoint    ] Application time: 0.0021511 seconds
[2022-06-13T03:18:14.843+0000][1][safepoint    ] Entering safepoint region: RevokeBias
[2022-06-13T03:18:14.843+0000][1][safepoint    ] Leaving safepoint region
[2022-06-13T03:18:14.844+0000][1][safepoint    ] Total time for which application threads were stopped: 0.0004523 seconds, Stopping threads took: 0.0002868 seconds
[2022-06-13T03:18:14.844+0000][1][safepoint    ] Application time: 0.0003138 seconds
[2022-06-13T03:18:14.844+0000][1][safepoint    ] Entering safepoint region: RevokeBias
[2022-06-13T03:18:14.844+0000][1][safepoint    ] Leaving safepoint region
[2022-06-13T03:18:14.844+0000][1][safepoint    ] Total time for which application threads were stopped: 0.0002978 seconds, Stopping threads took: 0.0001794 seconds
[2022-06-13T03:18:14.844+0000][1][safepoint    ] Application time: 0.0000773 seconds
[2022-06-13T03:18:14.845+0000][1][safepoint    ] Entering safepoint region: RevokeBias
[2022-06-13T03:18:14.845+0000][1][safepoint    ] Leaving safepoint region
[2022-06-13T03:18:14.845+0000][1][safepoint    ] Total time for which application threads were stopped: 0.0004090 seconds, Stopping threads took: 0.0002342 seconds
[2022-06-13T03:18:14.845+0000][1][safepoint    ] Application time: 0.0001666 seconds
[2022-06-13T03:18:14.846+0000][1][safepoint    ] Entering safepoint region: RevokeBias
[2022-06-13T03:18:14.846+0000][1][safepoint    ] Leaving safepoint region
[2022-06-13T03:18:14.846+0000][1][safepoint    ] Total time for which application threads were stopped: 0.0006095 seconds, Stopping threads took: 0.0003986 seconds
[2022-06-13T03:18:14.847+0000][1][safepoint    ] Application time: 0.0003860 seconds
[2022-06-13T03:18:14.847+0000][1][safepoint    ] Entering safepoint region: RevokeBias
[2022-06-13T03:18:14.847+0000][1][safepoint    ] Leaving safepoint region
[2022-06-13T03:18:14.847+0000][1][safepoint    ] Total time for which application threads were stopped: 0.0002993 seconds, Stopping threads took: 0.0001358 seconds
[2022-06-13T03:18:14.847+0000][1][safepoint    ] Application time: 0.0000694 seconds
[2022-06-13T03:18:14.848+0000][1][safepoint    ] Entering safepoint region: RevokeBias
[2022-06-13T03:18:14.848+0000][1][safepoint    ] Leaving safepoint region
[2022-06-13T03:18:14.848+0000][1][safepoint    ] Total time for which application threads were stopped: 0.0003028 seconds, Stopping threads took: 0.0001700 seconds
[2022-06-13T03:18:14.849+0000][1][safepoint    ] Application time: 0.0010127 seconds
[2022-06-13T03:18:14.849+0000][1][safepoint    ] Entering safepoint region: RevokeBias
[2022-06-13T03:18:14.849+0000][1][safepoint    ] Leaving safepoint region
[2022-06-13T03:18:14.850+0000][1][safepoint    ] Total time for which application threads were stopped: 0.0003470 seconds, Stopping threads took: 0.0001970 seconds
[2022-06-13T03:18:14.850+0000][1][safepoint    ] Application time: 0.0001968 seconds
[2022-06-13T03:18:14.850+0000][1][safepoint    ] Entering safepoint region: RevokeBias
[2022-06-13T03:18:14.850+0000][1][safepoint    ] Leaving safepoint region
[2022-06-13T03:18:14.850+0000][1][safepoint    ] Total time for which application threads were stopped: 0.0002821 seconds, Stopping threads took: 0.0001483 seconds
[2022-06-13T03:18:14.853+0000][1][safepoint    ] Application time: 0.0020823 seconds
[2022-06-13T03:18:14.853+0000][1][safepoint    ] Entering safepoint region: RevokeBias
[2022-06-13T03:18:14.853+0000][1][safepoint    ] Leaving safepoint region
[2022-06-13T03:18:14.853+0000][1][safepoint    ] Total time for which application threads were stopped: 0.0003744 seconds, Stopping threads took: 0.0001591 seconds
[2022-06-13T03:18:14.853+0000][1][safepoint    ] Application time: 0.0002105 seconds
[2022-06-13T03:18:14.854+0000][1][safepoint    ] Entering safepoint region: RevokeBias
[2022-06-13T03:18:14.854+0000][1][safepoint    ] Leaving safepoint region
[2022-06-13T03:18:14.854+0000][1][safepoint    ] Total time for which application threads were stopped: 0.0005988 seconds, Stopping threads took: 0.0003152 seconds
[2022-06-13T03:18:14.855+0000][1][safepoint    ] Application time: 0.0001328 seconds
[2022-06-13T03:18:14.855+0000][1][safepoint    ] Entering safepoint region: RevokeBias
[2022-06-13T03:18:14.855+0000][1][safepoint    ] Leaving safepoint region
[2022-06-13T03:18:14.855+0000][1][safepoint    ] Total time for which application threads were stopped: 0.0004911 seconds, Stopping threads took: 0.0002244 seconds
[2022-06-13T03:18:14.856+0000][1][safepoint    ] Application time: 0.0000720 seconds
[2022-06-13T03:18:14.856+0000][1][safepoint    ] Entering safepoint region: RevokeBias
[2022-06-13T03:18:14.856+0000][1][safepoint    ] Leaving safepoint region
[2022-06-13T03:18:14.856+0000][1][safepoint    ] Total time for which application threads were stopped: 0.0002448 seconds, Stopping threads took: 0.0001195 seconds
[2022-06-13T03:18:14.858+0000][1][safepoint    ] Application time: 0.0021113 seconds
[2022-06-13T03:18:14.858+0000][1][safepoint    ] Entering safepoint region: RevokeBias
[2022-06-13T03:18:14.859+0000][1][safepoint    ] Leaving safepoint region
[2022-06-13T03:18:14.859+0000][1][safepoint    ] Total time for which application threads were stopped: 0.0003268 seconds, Stopping threads took: 0.0001741 seconds
[2022-06-13T03:18:14.859+0000][1][safepoint    ] Application time: 0.0001498 seconds
[2022-06-13T03:18:14.859+0000][1][safepoint    ] Entering safepoint region: RevokeBias
[2022-06-13T03:18:14.860+0000][1][safepoint    ] Leaving safepoint region
[2022-06-13T03:18:14.860+0000][1][safepoint    ] Total time for which application threads were stopped: 0.0007199 seconds, Stopping threads took: 0.0004358 seconds
[2022-06-13T03:18:14.860+0000][1][safepoint    ] Application time: 0.0001944 seconds
[2022-06-13T03:18:14.861+0000][1][safepoint    ] Entering safepoint region: RevokeBias
[2022-06-13T03:18:14.861+0000][1][safepoint    ] Leaving safepoint region
[2022-06-13T03:18:14.861+0000][1][safepoint    ] Total time for which application threads were stopped: 0.0004484 seconds, Stopping threads took: 0.0001744 seconds
[2022-06-13T03:18:14.861+0000][1][safepoint    ] Application time: 0.0001233 seconds
[2022-06-13T03:18:14.862+0000][1][safepoint    ] Entering safepoint region: RevokeBias
[2022-06-13T03:18:14.862+0000][1][safepoint    ] Leaving safepoint region
[2022-06-13T03:18:14.862+0000][1][safepoint    ] Total time for which application threads were stopped: 0.0006644 seconds, Stopping threads took: 0.0003709 seconds
[2022-06-13T03:18:14.863+0000][1][safepoint    ] Application time: 0.0010288 seconds
[2022-06-13T03:18:14.864+0000][1][safepoint    ] Entering safepoint region: RevokeBias
[2022-06-13T03:18:14.864+0000][1][safepoint    ] Leaving safepoint region
[2022-06-13T03:18:14.864+0000][1][safepoint    ] Total time for which application threads were stopped: 0.0006399 seconds, Stopping threads took: 0.0002313 seconds
[2022-06-13T03:18:15.416+0000][1][safepoint    ] Application time: 0.5515620 seconds
[2022-06-13T03:18:15.417+0000][1][safepoint    ] Entering safepoint region: RevokeBias
[2022-06-13T03:18:15.417+0000][1][safepoint    ] Leaving safepoint region
[2022-06-13T03:18:15.417+0000][1][safepoint    ] Total time for which application threads were stopped: 0.0007021 seconds, Stopping threads took: 0.0003543 seconds
[2022-06-13T03:18:15.601+0000][1][safepoint    ] Application time: 0.1835213 seconds
[2022-06-13T03:18:15.601+0000][1][safepoint    ] Entering safepoint region: RevokeBias
[2022-06-13T03:18:15.602+0000][1][safepoint    ] Leaving safepoint region
[2022-06-13T03:18:15.602+0000][1][safepoint    ] Total time for which application threads were stopped: 0.0006950 seconds, Stopping threads took: 0.0003816 seconds
[2022-06-13T03:18:15.603+0000][1][safepoint    ] Application time: 0.0002337 seconds
[2022-06-13T03:18:15.603+0000][1][safepoint    ] Entering safepoint region: RevokeBias
[2022-06-13T03:18:15.603+0000][1][safepoint    ] Leaving safepoint region
[2022-06-13T03:18:15.604+0000][1][safepoint    ] Total time for which application threads were stopped: 0.0005889 seconds, Stopping threads took: 0.0002372 seconds
[2022-06-13T03:18:15.604+0000][1][safepoint    ] Application time: 0.0001912 seconds
[2022-06-13T03:18:15.604+0000][1][safepoint    ] Entering safepoint region: RevokeBias
[2022-06-13T03:18:15.605+0000][1][safepoint    ] Leaving safepoint region
[2022-06-13T03:18:15.605+0000][1][safepoint    ] Total time for which application threads were stopped: 0.0008188 seconds, Stopping threads took: 0.0004804 seconds
[2022-06-13T03:18:15.606+0000][1][safepoint    ] Application time: 0.0001327 seconds
[2022-06-13T03:18:15.606+0000][1][safepoint    ] Entering safepoint region: RevokeBias
[2022-06-13T03:18:15.606+0000][1][safepoint    ] Leaving safepoint region
[2022-06-13T03:18:15.607+0000][1][safepoint    ] Total time for which application threads were stopped: 0.0005771 seconds, Stopping threads took: 0.0003127 seconds
[2022-06-13T03:18:15.607+0000][1][safepoint    ] Application time: 0.0000676 seconds
[2022-06-13T03:18:15.607+0000][1][safepoint    ] Entering safepoint region: RevokeBias
[2022-06-13T03:18:15.607+0000][1][safepoint    ] Leaving safepoint region
[2022-06-13T03:18:15.607+0000][1][safepoint    ] Total time for which application threads were stopped: 0.0003022 seconds, Stopping threads took: 0.0001092 seconds
[2022-06-13T03:18:15.607+0000][1][safepoint    ] Application time: 0.0000674 seconds
[2022-06-13T03:18:15.608+0000][1][safepoint    ] Entering safepoint region: RevokeBias
[2022-06-13T03:18:15.608+0000][1][safepoint    ] Leaving safepoint region
[2022-06-13T03:18:15.608+0000][1][safepoint    ] Total time for which application threads were stopped: 0.0002564 seconds, Stopping threads took: 0.0001150 seconds
[2022-06-13T03:18:15.608+0000][1][safepoint    ] Application time: 0.0000556 seconds
[2022-06-13T03:18:15.608+0000][1][safepoint    ] Entering safepoint region: RevokeBias
[2022-06-13T03:18:15.608+0000][1][safepoint    ] Leaving safepoint region
[2022-06-13T03:18:15.609+0000][1][safepoint    ] Total time for which application threads were stopped: 0.0003375 seconds, Stopping threads took: 0.0001616 seconds
[2022-06-13T03:18:15.609+0000][1][safepoint    ] Application time: 0.0001620 seconds
[2022-06-13T03:18:15.609+0000][1][safepoint    ] Entering safepoint region: RevokeBias
[2022-06-13T03:18:15.609+0000][1][safepoint    ] Leaving safepoint region
[2022-06-13T03:18:15.609+0000][1][safepoint    ] Total time for which application threads were stopped: 0.0001949 seconds, Stopping threads took: 0.0000728 seconds
[2022-06-13T03:18:15.805+0000][1][safepoint    ] Application time: 0.1958275 seconds
[2022-06-13T03:18:15.806+0000][1][safepoint    ] Entering safepoint region: RevokeBias
[2022-06-13T03:18:15.806+0000][1][safepoint    ] Leaving safepoint region
[2022-06-13T03:18:15.806+0000][1][safepoint    ] Total time for which application threads were stopped: 0.0006541 seconds, Stopping threads took: 0.0002178 seconds
[2022-06-13T03:18:16.807+0000][1][safepoint    ] Application time: 1.0001145 seconds
[2022-06-13T03:18:16.807+0000][1][safepoint    ] Entering safepoint region: Cleanup
[2022-06-13T03:18:16.807+0000][1][safepoint    ] Leaving safepoint region
[2022-06-13T03:18:16.807+0000][1][safepoint    ] Total time for which application threads were stopped: 0.0003294 seconds, Stopping threads took: 0.0001639 seconds
[2022-06-13T03:18:17.808+0000][1][safepoint    ] Application time: 1.0001865 seconds
[2022-06-13T03:18:17.808+0000][1][safepoint    ] Entering safepoint region: Cleanup
[2022-06-13T03:18:17.808+0000][1][safepoint    ] Leaving safepoint region
[2022-06-13T03:18:17.808+0000][1][safepoint    ] Total time for which application threads were stopped: 0.0002767 seconds, Stopping threads took: 0.0001279 seconds
[2022-06-13T03:18:17.852+0000][1][safepoint    ] Application time: 0.0433275 seconds
[2022-06-13T03:18:17.852+0000][1][safepoint    ] Entering safepoint region: RevokeBias
[2022-06-13T03:18:17.853+0000][1][safepoint    ] Leaving safepoint region
[2022-06-13T03:18:17.853+0000][1][safepoint    ] Total time for which application threads were stopped: 0.0009749 seconds, Stopping threads took: 0.0005517 seconds
[2022-06-13T03:18:17.854+0000][1][safepoint    ] Application time: 0.0003930 seconds
[2022-06-13T03:18:17.854+0000][1][safepoint    ] Entering safepoint region: RevokeBias
[2022-06-13T03:18:17.855+0000][1][safepoint    ] Leaving safepoint region
[2022-06-13T03:18:17.855+0000][1][safepoint    ] Total time for which application threads were stopped: 0.0009357 seconds, Stopping threads took: 0.0004846 seconds
[2022-06-13T03:18:17.856+0000][1][safepoint    ] Application time: 0.0003957 seconds
[2022-06-13T03:18:17.856+0000][1][safepoint    ] Entering safepoint region: RevokeBias
[2022-06-13T03:18:17.857+0000][1][safepoint    ] Leaving safepoint region
[2022-06-13T03:18:17.857+0000][1][safepoint    ] Total time for which application threads were stopped: 0.0011870 seconds, Stopping threads took: 0.0007637 seconds
[2022-06-13T03:18:17.858+0000][1][safepoint    ] Application time: 0.0003521 seconds
[2022-06-13T03:18:17.859+0000][1][safepoint    ] Entering safepoint region: RevokeBias
[2022-06-13T03:18:17.859+0000][1][safepoint    ] Leaving safepoint region
[2022-06-13T03:18:17.860+0000][1][safepoint    ] Total time for which application threads were stopped: 0.0010415 seconds, Stopping threads took: 0.0003805 seconds
[2022-06-13T03:18:18.809+0000][1][safepoint    ] Application time: 0.9491512 seconds
[2022-06-13T03:18:18.810+0000][1][safepoint    ] Entering safepoint region: RevokeBias
[2022-06-13T03:18:18.810+0000][1][safepoint    ] Leaving safepoint region
[2022-06-13T03:18:18.810+0000][1][safepoint    ] Total time for which application threads were stopped: 0.0007909 seconds, Stopping threads took: 0.0002790 seconds
[2022-06-13T03:18:18.811+0000][1][safepoint    ] Application time: 0.0005054 seconds
[2022-06-13T03:18:18.812+0000][1][safepoint    ] Entering safepoint region: RevokeBias
[2022-06-13T03:18:18.812+0000][1][safepoint    ] Leaving safepoint region
[2022-06-13T03:18:18.812+0000][1][safepoint    ] Total time for which application threads were stopped: 0.0005938 seconds, Stopping threads took: 0.0002293 seconds
[2022-06-13T03:18:18.813+0000][1][safepoint    ] Application time: 0.0001500 seconds
[2022-06-13T03:18:18.813+0000][1][safepoint    ] Entering safepoint region: RevokeBias
[2022-06-13T03:18:18.814+0000][1][safepoint    ] Leaving safepoint region
[2022-06-13T03:18:18.814+0000][1][safepoint    ] Total time for which application threads were stopped: 0.0006020 seconds, Stopping threads took: 0.0002622 seconds
[2022-06-13T03:18:18.815+0000][1][safepoint    ] Application time: 0.0004911 seconds
[2022-06-13T03:18:18.815+0000][1][safepoint    ] Entering safepoint region: RevokeBias
[2022-06-13T03:18:18.816+0000][1][safepoint    ] Leaving safepoint region
[2022-06-13T03:18:18.816+0000][1][safepoint    ] Total time for which application threads were stopped: 0.0005486 seconds, Stopping threads took: 0.0002698 seconds
[2022-06-13T03:18:18.816+0000][1][safepoint    ] Application time: 0.0003023 seconds
[2022-06-13T03:18:18.817+0000][1][safepoint    ] Entering safepoint region: RevokeBias
[2022-06-13T03:18:18.817+0000][1][safepoint    ] Leaving safepoint region
[2022-06-13T03:18:18.817+0000][1][safepoint    ] Total time for which application threads were stopped: 0.0004661 seconds, Stopping threads took: 0.0002272 seconds
[2022-06-13T03:18:18.818+0000][1][safepoint    ] Application time: 0.0004572 seconds
[2022-06-13T03:18:18.818+0000][1][safepoint    ] Entering safepoint region: RevokeBias
[2022-06-13T03:18:18.818+0000][1][safepoint    ] Leaving safepoint region
[2022-06-13T03:18:18.819+0000][1][safepoint    ] Total time for which application threads were stopped: 0.0003523 seconds, Stopping threads took: 0.0002160 seconds
[2022-06-13T03:18:18.819+0000][1][safepoint    ] Application time: 0.0002709 seconds
[2022-06-13T03:18:18.819+0000][1][safepoint    ] Entering safepoint region: RevokeBias
[2022-06-13T03:18:18.819+0000][1][safepoint    ] Leaving safepoint region
[2022-06-13T03:18:18.820+0000][1][safepoint    ] Total time for which application threads were stopped: 0.0004323 seconds, Stopping threads took: 0.0002232 seconds
[2022-06-13T03:18:19.820+0000][1][safepoint    ] Application time: 1.0002360 seconds
[2022-06-13T03:18:19.820+0000][1][safepoint    ] Entering safepoint region: Cleanup
[2022-06-13T03:18:19.821+0000][1][safepoint    ] Leaving safepoint region
[2022-06-13T03:18:19.821+0000][1][safepoint    ] Total time for which application threads were stopped: 0.0008296 seconds, Stopping threads took: 0.0003715 seconds
[2022-06-13T03:18:20.822+0000][1][safepoint    ] Application time: 1.0002933 seconds
[2022-06-13T03:18:20.822+0000][1][safepoint    ] Entering safepoint region: Cleanup
[2022-06-13T03:18:20.823+0000][1][safepoint    ] Leaving safepoint region
[2022-06-13T03:18:20.823+0000][1][safepoint    ] Total time for which application threads were stopped: 0.0006852 seconds, Stopping threads took: 0.0003240 seconds
[2022-06-13T03:18:21.810+0000][1][safepoint    ] Application time: 0.9861746 seconds
[2022-06-13T03:18:21.810+0000][1][safepoint    ] Entering safepoint region: RevokeBias
[2022-06-13T03:18:21.811+0000][1][safepoint    ] Leaving safepoint region
[2022-06-13T03:18:21.811+0000][1][safepoint    ] Total time for which application threads were stopped: 0.0009836 seconds, Stopping threads took: 0.0004251 seconds
[2022-06-13T03:18:22.812+0000][1][safepoint    ] Application time: 1.0002170 seconds
[2022-06-13T03:18:22.812+0000][1][safepoint    ] Entering safepoint region: RevokeBias
[2022-06-13T03:18:22.813+0000][1][safepoint    ] Leaving safepoint region
[2022-06-13T03:18:22.813+0000][1][safepoint    ] Total time for which application threads were stopped: 0.0005103 seconds, Stopping threads took: 0.0002620 seconds
[2022-06-13T03:18:22.814+0000][1][safepoint    ] Application time: 0.0007070 seconds
[2022-06-13T03:18:22.814+0000][1][safepoint    ] Entering safepoint region: RevokeBias
[2022-06-13T03:18:22.815+0000][1][safepoint    ] Leaving safepoint region
[2022-06-13T03:18:22.815+0000][1][safepoint    ] Total time for which application threads were stopped: 0.0003474 seconds, Stopping threads took: 0.0001821 seconds
[2022-06-13T03:18:22.815+0000][1][safepoint    ] Application time: 0.0003572 seconds
[2022-06-13T03:18:22.816+0000][1][safepoint    ] Entering safepoint region: RevokeBias
[2022-06-13T03:18:22.816+0000][1][safepoint    ] Leaving safepoint region
[2022-06-13T03:18:22.816+0000][1][safepoint    ] Total time for which application threads were stopped: 0.0006630 seconds, Stopping threads took: 0.0002583 seconds
[2022-06-13T03:18:22.817+0000][1][safepoint    ] Application time: 0.0001448 seconds
[2022-06-13T03:18:22.817+0000][1][safepoint    ] Entering safepoint region: RevokeBias
[2022-06-13T03:18:22.818+0000][1][safepoint    ] Leaving safepoint region
[2022-06-13T03:18:22.818+0000][1][safepoint    ] Total time for which application threads were stopped: 0.0008558 seconds, Stopping threads took: 0.0004916 seconds
[2022-06-13T03:18:22.819+0000][1][safepoint    ] Application time: 0.0002224 seconds
[2022-06-13T03:18:22.819+0000][1][safepoint    ] Entering safepoint region: RevokeBias
[2022-06-13T03:18:22.819+0000][1][safepoint    ] Leaving safepoint region
[2022-06-13T03:18:22.820+0000][1][safepoint    ] Total time for which application threads were stopped: 0.0007255 seconds, Stopping threads took: 0.0004686 seconds
[2022-06-13T03:18:22.820+0000][1][safepoint    ] Application time: 0.0002537 seconds
[2022-06-13T03:18:22.821+0000][1][safepoint    ] Entering safepoint region: RevokeBias
[2022-06-13T03:18:22.821+0000][1][safepoint    ] Leaving safepoint region
[2022-06-13T03:18:22.821+0000][1][safepoint    ] Total time for which application threads were stopped: 0.0006418 seconds, Stopping threads took: 0.0002556 seconds
[2022-06-13T03:18:22.822+0000][1][safepoint    ] Application time: 0.0002418 seconds
[2022-06-13T03:18:22.822+0000][1][safepoint    ] Entering safepoint region: RevokeBias
[2022-06-13T03:18:22.822+0000][1][safepoint    ] Leaving safepoint region
[2022-06-13T03:18:22.822+0000][1][safepoint    ] Total time for which application threads were stopped: 0.0004888 seconds, Stopping threads took: 0.0001487 seconds
[2022-06-13T03:18:23.342+0000][1][safepoint    ] Application time: 0.5198528 seconds
[2022-06-13T03:18:23.343+0000][1][safepoint    ] Entering safepoint region: RevokeBias
[2022-06-13T03:18:23.343+0000][1][safepoint    ] Leaving safepoint region
[2022-06-13T03:18:23.343+0000][1][safepoint    ] Total time for which application threads were stopped: 0.0005583 seconds, Stopping threads took: 0.0002529 seconds
[2022-06-13T03:18:23.344+0000][1][safepoint    ] Application time: 0.0001333 seconds
[2022-06-13T03:18:23.344+0000][1][safepoint    ] Entering safepoint region: RevokeBias
[2022-06-13T03:18:23.345+0000][1][safepoint    ] Leaving safepoint region
[2022-06-13T03:18:23.345+0000][1][safepoint    ] Total time for which application threads were stopped: 0.0010574 seconds, Stopping threads took: 0.0004636 seconds
[2022-06-13T03:18:24.346+0000][1][safepoint    ] Application time: 1.0002241 seconds
[2022-06-13T03:18:24.346+0000][1][safepoint    ] Entering safepoint region: Cleanup
[2022-06-13T03:18:24.347+0000][1][safepoint    ] Leaving safepoint region
[2022-06-13T03:18:24.347+0000][1][safepoint    ] Total time for which application threads were stopped: 0.0010304 seconds, Stopping threads took: 0.0003935 seconds
[2022-06-13T03:18:25.348+0000][1][safepoint    ] Application time: 1.0002839 seconds
[2022-06-13T03:18:25.349+0000][1][safepoint    ] Entering safepoint region: Cleanup
[2022-06-13T03:18:25.349+0000][1][safepoint    ] Leaving safepoint region
[2022-06-13T03:18:25.349+0000][1][safepoint    ] Total time for which application threads were stopped: 0.0009795 seconds, Stopping threads took: 0.0005785 seconds
[2022-06-13T03:18:25.812+0000][1][safepoint    ] Application time: 0.4618347 seconds
[2022-06-13T03:18:25.812+0000][1][safepoint    ] Entering safepoint region: RevokeBias
[2022-06-13T03:18:25.813+0000][1][safepoint    ] Leaving safepoint region
[2022-06-13T03:18:25.813+0000][1][safepoint    ] Total time for which application threads were stopped: 0.0012460 seconds, Stopping threads took: 0.0005984 seconds
[2022-06-13T03:18:25.814+0000][1][safepoint    ] Application time: 0.0005598 seconds
[2022-06-13T03:18:25.814+0000][1][safepoint    ] Entering safepoint region: RevokeBias
[2022-06-13T03:18:25.815+0000][1][safepoint    ] Leaving safepoint region
[2022-06-13T03:18:25.815+0000][1][safepoint    ] Total time for which application threads were stopped: 0.0007675 seconds, Stopping threads took: 0.0003751 seconds
[2022-06-13T03:18:26.813+0000][1][safepoint    ] Application time: 0.9976185 seconds
[2022-06-13T03:18:26.814+0000][1][safepoint    ] Entering safepoint region: RevokeBias
[2022-06-13T03:18:26.814+0000][1][safepoint    ] Leaving safepoint region
[2022-06-13T03:18:26.814+0000][1][safepoint    ] Total time for which application threads were stopped: 0.0008213 seconds, Stopping threads took: 0.0002634 seconds
[2022-06-13T03:18:26.815+0000][1][safepoint    ] Application time: 0.0004552 seconds
[2022-06-13T03:18:26.816+0000][1][safepoint    ] Entering safepoint region: RevokeBias
[2022-06-13T03:18:26.816+0000][1][safepoint    ] Leaving safepoint region
[2022-06-13T03:18:26.816+0000][1][safepoint    ] Total time for which application threads were stopped: 0.0006275 seconds, Stopping threads took: 0.0003093 seconds
[2022-06-13T03:18:26.817+0000][1][safepoint    ] Application time: 0.0002044 seconds
[2022-06-13T03:18:26.817+0000][1][safepoint    ] Entering safepoint region: RevokeBias
[2022-06-13T03:18:26.818+0000][1][safepoint    ] Leaving safepoint region
[2022-06-13T03:18:26.818+0000][1][safepoint    ] Total time for which application threads were stopped: 0.0008428 seconds, Stopping threads took: 0.0003592 seconds
[2022-06-13T03:18:26.819+0000][1][safepoint    ] Application time: 0.0004418 seconds
[2022-06-13T03:18:26.820+0000][1][safepoint    ] Entering safepoint region: RevokeBias
[2022-06-13T03:18:26.820+0000][1][safepoint    ] Leaving safepoint region
[2022-06-13T03:18:26.821+0000][1][safepoint    ] Total time for which application threads were stopped: 0.0010603 seconds, Stopping threads took: 0.0005019 seconds
[2022-06-13T03:18:26.821+0000][1][safepoint    ] Application time: 0.0002901 seconds
[2022-06-13T03:18:26.822+0000][1][safepoint    ] Entering safepoint region: RevokeBias
[2022-06-13T03:18:26.823+0000][1][safepoint    ] Leaving safepoint region
[2022-06-13T03:18:26.823+0000][1][safepoint    ] Total time for which application threads were stopped: 0.0008699 seconds, Stopping threads took: 0.0005337 seconds
[2022-06-13T03:18:26.824+0000][1][safepoint    ] Application time: 0.0002881 seconds
[2022-06-13T03:18:26.824+0000][1][safepoint    ] Entering safepoint region: RevokeBias
[2022-06-13T03:18:26.824+0000][1][safepoint    ] Leaving safepoint region
[2022-06-13T03:18:26.825+0000][1][safepoint    ] Total time for which application threads were stopped: 0.0010974 seconds, Stopping threads took: 0.0003213 seconds
[2022-06-13T03:18:26.826+0000][1][safepoint    ] Application time: 0.0004043 seconds
[2022-06-13T03:18:26.826+0000][1][safepoint    ] Entering safepoint region: RevokeBias
[2022-06-13T03:18:26.827+0000][1][safepoint    ] Leaving safepoint region
[2022-06-13T03:18:26.827+0000][1][safepoint    ] Total time for which application threads were stopped: 0.0009618 seconds, Stopping threads took: 0.0004494 seconds
[2022-06-13T03:18:27.828+0000][1][safepoint    ] Application time: 1.0003849 seconds
[2022-06-13T03:18:27.829+0000][1][safepoint    ] Entering safepoint region: Cleanup
[2022-06-13T03:18:27.829+0000][1][safepoint    ] Leaving safepoint region
[2022-06-13T03:18:27.829+0000][1][safepoint    ] Total time for which application threads were stopped: 0.0007413 seconds, Stopping threads took: 0.0002966 seconds
[2022-06-13T03:18:28.830+0000][1][safepoint    ] Application time: 1.0001951 seconds
[2022-06-13T03:18:28.830+0000][1][safepoint    ] Entering safepoint region: Cleanup
[2022-06-13T03:18:28.831+0000][1][safepoint    ] Leaving safepoint region
[2022-06-13T03:18:28.831+0000][1][safepoint    ] Total time for which application threads were stopped: 0.0005460 seconds, Stopping threads took: 0.0002731 seconds
[2022-06-13T03:18:29.813+0000][1][safepoint    ] Application time: 0.9821223 seconds
[2022-06-13T03:18:29.814+0000][1][safepoint    ] Entering safepoint region: RevokeBias
[2022-06-13T03:18:29.814+0000][1][safepoint    ] Leaving safepoint region
[2022-06-13T03:18:29.815+0000][1][safepoint    ] Total time for which application threads were stopped: 0.0007586 seconds, Stopping threads took: 0.0003649 seconds
[2022-06-13T03:18:29.816+0000][1][safepoint    ] Application time: 0.0004725 seconds
[2022-06-13T03:18:29.816+0000][1][safepoint    ] Entering safepoint region: RevokeBias
[2022-06-13T03:18:29.816+0000][1][safepoint    ] Leaving safepoint region
[2022-06-13T03:18:29.817+0000][1][safepoint    ] Total time for which application threads were stopped: 0.0009125 seconds, Stopping threads took: 0.0004531 seconds
[2022-06-13T03:18:30.815+0000][1][safepoint    ] Application time: 0.9983408 seconds
[2022-06-13T03:18:30.816+0000][1][safepoint    ] Entering safepoint region: RevokeBias
[2022-06-13T03:18:30.817+0000][1][safepoint    ] Leaving safepoint region
[2022-06-13T03:18:30.817+0000][1][safepoint    ] Total time for which application threads were stopped: 0.0012928 seconds, Stopping threads took: 0.0004831 seconds
[2022-06-13T03:18:30.818+0000][1][safepoint    ] Application time: 0.0010507 seconds
[2022-06-13T03:18:30.819+0000][1][safepoint    ] Entering safepoint region: RevokeBias
[2022-06-13T03:18:30.819+0000][1][safepoint    ] Leaving safepoint region
[2022-06-13T03:18:30.820+0000][1][safepoint    ] Total time for which application threads were stopped: 0.0012417 seconds, Stopping threads took: 0.0004282 seconds
[2022-06-13T03:18:30.820+0000][1][safepoint    ] Application time: 0.0002786 seconds
[2022-06-13T03:18:30.821+0000][1][safepoint    ] Entering safepoint region: RevokeBias
[2022-06-13T03:18:30.821+0000][1][safepoint    ] Leaving safepoint region
[2022-06-13T03:18:30.821+0000][1][safepoint    ] Total time for which application threads were stopped: 0.0007077 seconds, Stopping threads took: 0.0004997 seconds
[2022-06-13T03:18:30.822+0000][1][safepoint    ] Application time: 0.0002516 seconds
[2022-06-13T03:18:30.822+0000][1][safepoint    ] Entering safepoint region: RevokeBias
[2022-06-13T03:18:30.823+0000][1][safepoint    ] Leaving safepoint region
[2022-06-13T03:18:30.823+0000][1][safepoint    ] Total time for which application threads were stopped: 0.0008550 seconds, Stopping threads took: 0.0004883 seconds
[2022-06-13T03:18:30.824+0000][1][safepoint    ] Application time: 0.0003859 seconds
[2022-06-13T03:18:30.824+0000][1][safepoint    ] Entering safepoint region: RevokeBias
[2022-06-13T03:18:30.825+0000][1][safepoint    ] Leaving safepoint region
[2022-06-13T03:18:30.825+0000][1][safepoint    ] Total time for which application threads were stopped: 0.0008236 seconds, Stopping threads took: 0.0004829 seconds
[2022-06-13T03:18:30.826+0000][1][safepoint    ] Application time: 0.0003860 seconds
[2022-06-13T03:18:30.826+0000][1][safepoint    ] Entering safepoint region: BulkRevokeBias
[2022-06-13T03:18:30.827+0000][1][safepoint    ] Leaving safepoint region
[2022-06-13T03:18:30.828+0000][1][safepoint    ] Total time for which application threads were stopped: 0.0013582 seconds, Stopping threads took: 0.0004636 seconds
[2022-06-13T03:18:31.828+0000][1][safepoint    ] Application time: 1.0002273 seconds
[2022-06-13T03:18:31.829+0000][1][safepoint    ] Entering safepoint region: Cleanup
[2022-06-13T03:18:31.829+0000][1][safepoint    ] Leaving safepoint region
[2022-06-13T03:18:31.829+0000][1][safepoint    ] Total time for which application threads were stopped: 0.0007220 seconds, Stopping threads took: 0.0003116 seconds
[2022-06-13T03:18:32.830+0000][1][safepoint    ] Application time: 1.0002221 seconds
[2022-06-13T03:18:32.830+0000][1][safepoint    ] Entering safepoint region: Cleanup
[2022-06-13T03:18:32.831+0000][1][safepoint    ] Leaving safepoint region
[2022-06-13T03:18:32.831+0000][1][safepoint    ] Total time for which application threads were stopped: 0.0007215 seconds, Stopping threads took: 0.0003499 seconds
[2022-06-13T03:18:33.815+0000][1][safepoint    ] Application time: 0.9836057 seconds
[2022-06-13T03:18:33.816+0000][1][safepoint    ] Entering safepoint region: RevokeBias
[2022-06-13T03:18:33.816+0000][1][safepoint    ] Leaving safepoint region
[2022-06-13T03:18:33.817+0000][1][safepoint    ] Total time for which application threads were stopped: 0.0010082 seconds, Stopping threads took: 0.0004309 seconds
[2022-06-13T03:18:33.818+0000][1][safepoint    ] Application time: 0.0004151 seconds
[2022-06-13T03:18:33.818+0000][1][safepoint    ] Entering safepoint region: RevokeBias
[2022-06-13T03:18:33.819+0000][1][safepoint    ] Leaving safepoint region
[2022-06-13T03:18:33.819+0000][1][safepoint    ] Total time for which application threads were stopped: 0.0007456 seconds, Stopping threads took: 0.0004655 seconds
[2022-06-13T03:18:33.819+0000][1][safepoint    ] Application time: 0.0002513 seconds
[2022-06-13T03:18:33.820+0000][1][safepoint    ] Entering safepoint region: BulkRevokeBias
[2022-06-13T03:18:33.820+0000][1][safepoint    ] Leaving safepoint region
[2022-06-13T03:18:33.821+0000][1][safepoint    ] Total time for which application threads were stopped: 0.0009097 seconds, Stopping threads took: 0.0003992 seconds
[2022-06-13T03:18:34.817+0000][1][safepoint    ] Application time: 0.9966517 seconds
[2022-06-13T03:18:34.818+0000][1][safepoint    ] Entering safepoint region: RevokeBias
[2022-06-13T03:18:34.818+0000][1][safepoint    ] Leaving safepoint region
[2022-06-13T03:18:34.818+0000][1][safepoint    ] Total time for which application threads were stopped: 0.0007567 seconds, Stopping threads took: 0.0003657 seconds
[2022-06-13T03:18:34.819+0000][1][safepoint    ] Application time: 0.0004196 seconds
[2022-06-13T03:18:34.820+0000][1][safepoint    ] Entering safepoint region: RevokeBias
[2022-06-13T03:18:34.820+0000][1][safepoint    ] Leaving safepoint region
[2022-06-13T03:18:34.820+0000][1][safepoint    ] Total time for which application threads were stopped: 0.0006870 seconds, Stopping threads took: 0.0004443 seconds
[2022-06-13T03:18:34.821+0000][1][safepoint    ] Application time: 0.0005564 seconds
[2022-06-13T03:18:34.822+0000][1][safepoint    ] Entering safepoint region: RevokeBias
[2022-06-13T03:18:34.822+0000][1][safepoint    ] Leaving safepoint region
[2022-06-13T03:18:34.823+0000][1][safepoint    ] Total time for which application threads were stopped: 0.0007205 seconds, Stopping threads took: 0.0002094 seconds
[2022-06-13T03:18:35.823+0000][1][safepoint    ] Application time: 1.0002271 seconds
[2022-06-13T03:18:35.824+0000][1][safepoint    ] Entering safepoint region: Cleanup
[2022-06-13T03:18:35.824+0000][1][safepoint    ] Leaving safepoint region
[2022-06-13T03:18:35.825+0000][1][safepoint    ] Total time for which application threads were stopped: 0.0011645 seconds, Stopping threads took: 0.0005313 seconds
[2022-06-13T03:18:37.817+0000][1][safepoint    ] Application time: 1.9917614 seconds
[2022-06-13T03:18:37.819+0000][1][safepoint    ] Entering safepoint region: RevokeBias
[2022-06-13T03:18:37.819+0000][1][safepoint    ] Leaving safepoint region
[2022-06-13T03:18:37.820+0000][1][safepoint    ] Total time for which application threads were stopped: 0.0024087 seconds, Stopping threads took: 0.0014360 seconds
[2022-06-13T03:18:37.821+0000][1][safepoint    ] Application time: 0.0002106 seconds
[2022-06-13T03:18:37.822+0000][1][safepoint    ] Entering safepoint region: RevokeBias
[2022-06-13T03:18:37.823+0000][1][safepoint    ] Leaving safepoint region
[2022-06-13T03:18:37.823+0000][1][safepoint    ] Total time for which application threads were stopped: 0.0014453 seconds, Stopping threads took: 0.0007805 seconds
[2022-06-13T03:18:38.818+0000][1][safepoint    ] Application time: 0.9946537 seconds
[2022-06-13T03:18:38.819+0000][1][safepoint    ] Entering safepoint region: RevokeBias
[2022-06-13T03:18:38.820+0000][1][safepoint    ] Leaving safepoint region
[2022-06-13T03:18:38.820+0000][1][safepoint    ] Total time for which application threads were stopped: 0.0011494 seconds, Stopping threads took: 0.0006323 seconds
[2022-06-13T03:18:38.822+0000][1][safepoint    ] Application time: 0.0008326 seconds
[2022-06-13T03:18:38.822+0000][1][safepoint    ] Entering safepoint region: RevokeBias
[2022-06-13T03:18:38.822+0000][1][safepoint    ] Leaving safepoint region
[2022-06-13T03:18:38.822+0000][1][safepoint    ] Total time for which application threads were stopped: 0.0005832 seconds, Stopping threads took: 0.0002933 seconds
[2022-06-13T03:18:38.823+0000][1][safepoint    ] Application time: 0.0004698 seconds
[2022-06-13T03:18:38.823+0000][1][safepoint    ] Entering safepoint region: RevokeBias
[2022-06-13T03:18:38.824+0000][1][safepoint    ] Leaving safepoint region
[2022-06-13T03:18:38.824+0000][1][safepoint    ] Total time for which application threads were stopped: 0.0007294 seconds, Stopping threads took: 0.0003460 seconds
[2022-06-13T03:18:38.825+0000][1][safepoint    ] Application time: 0.0004772 seconds
[2022-06-13T03:18:38.825+0000][1][safepoint    ] Entering safepoint region: RevokeBias
[2022-06-13T03:18:38.826+0000][1][safepoint    ] Leaving safepoint region
[2022-06-13T03:18:38.826+0000][1][safepoint    ] Total time for which application threads were stopped: 0.0010105 seconds, Stopping threads took: 0.0004306 seconds
[2022-06-13T03:18:39.827+0000][1][safepoint    ] Application time: 1.0001920 seconds
[2022-06-13T03:18:39.828+0000][1][safepoint    ] Entering safepoint region: Cleanup
[2022-06-13T03:18:39.828+0000][1][safepoint    ] Leaving safepoint region
[2022-06-13T03:18:39.829+0000][1][safepoint    ] Total time for which application threads were stopped: 0.0010435 seconds, Stopping threads took: 0.0004970 seconds
[2022-06-13T03:18:40.829+0000][1][safepoint    ] Application time: 1.0001342 seconds
[2022-06-13T03:18:40.829+0000][1][safepoint    ] Entering safepoint region: Cleanup
[2022-06-13T03:18:40.830+0000][1][safepoint    ] Leaving safepoint region
[2022-06-13T03:18:40.830+0000][1][safepoint    ] Total time for which application threads were stopped: 0.0004788 seconds, Stopping threads took: 0.0002750 seconds
[2022-06-13T03:18:41.819+0000][1][safepoint    ] Application time: 0.9888110 seconds
[2022-06-13T03:18:41.819+0000][1][safepoint    ] Entering safepoint region: RevokeBias
[2022-06-13T03:18:41.820+0000][1][safepoint    ] Leaving safepoint region
[2022-06-13T03:18:41.820+0000][1][safepoint    ] Total time for which application threads were stopped: 0.0009207 seconds, Stopping threads took: 0.0004809 seconds
[2022-06-13T03:18:41.822+0000][1][safepoint    ] Application time: 0.0014172 seconds
[2022-06-13T03:18:41.822+0000][1][safepoint    ] Entering safepoint region: RevokeBias
[2022-06-13T03:18:41.823+0000][1][safepoint    ] Leaving safepoint region
[2022-06-13T03:18:41.823+0000][1][safepoint    ] Total time for which application threads were stopped: 0.0004613 seconds, Stopping threads took: 0.0001936 seconds
[2022-06-13T03:18:42.821+0000][1][safepoint    ] Application time: 0.9980403 seconds
[2022-06-13T03:18:42.821+0000][1][safepoint    ] Entering safepoint region: RevokeBias
[2022-06-13T03:18:42.822+0000][1][safepoint    ] Leaving safepoint region
[2022-06-13T03:18:42.822+0000][1][safepoint    ] Total time for which application threads were stopped: 0.0009677 seconds, Stopping threads took: 0.0003047 seconds
[2022-06-13T03:18:42.823+0000][1][safepoint    ] Application time: 0.0005642 seconds
[2022-06-13T03:18:42.823+0000][1][safepoint    ] Entering safepoint region: RevokeBias
[2022-06-13T03:18:42.824+0000][1][safepoint    ] Leaving safepoint region
[2022-06-13T03:18:42.824+0000][1][safepoint    ] Total time for which application threads were stopped: 0.0005143 seconds, Stopping threads took: 0.0002455 seconds
[2022-06-13T03:18:42.825+0000][1][safepoint    ] Application time: 0.0004941 seconds
[2022-06-13T03:18:42.825+0000][1][safepoint    ] Entering safepoint region: RevokeBias
[2022-06-13T03:18:42.826+0000][1][safepoint    ] Leaving safepoint region
[2022-06-13T03:18:42.826+0000][1][safepoint    ] Total time for which application threads were stopped: 0.0008081 seconds, Stopping threads took: 0.0005137 seconds
[2022-06-13T03:18:43.827+0000][1][safepoint    ] Application time: 1.0002207 seconds
[2022-06-13T03:18:43.827+0000][1][safepoint    ] Entering safepoint region: Cleanup
[2022-06-13T03:18:43.828+0000][1][safepoint    ] Leaving safepoint region
[2022-06-13T03:18:43.828+0000][1][safepoint    ] Total time for which application threads were stopped: 0.0005235 seconds, Stopping threads took: 0.0003252 seconds
[2022-06-13T03:18:44.828+0000][1][safepoint    ] Application time: 1.0000944 seconds
[2022-06-13T03:18:44.828+0000][1][safepoint    ] Entering safepoint region: Cleanup
[2022-06-13T03:18:44.829+0000][1][safepoint    ] Leaving safepoint region
[2022-06-13T03:18:44.829+0000][1][safepoint    ] Total time for which application threads were stopped: 0.0004776 seconds, Stopping threads took: 0.0002387 seconds
[2022-06-13T03:18:44.838+0000][1][safepoint    ] Application time: 0.0089927 seconds
[2022-06-13T03:18:44.838+0000][1][safepoint    ] Entering safepoint region: RevokeBias
[2022-06-13T03:18:44.838+0000][1][safepoint    ] Leaving safepoint region
[2022-06-13T03:18:44.839+0000][1][safepoint    ] Total time for which application threads were stopped: 0.0002928 seconds, Stopping threads took: 0.0001284 seconds
[2022-06-13T03:18:44.839+0000][1][safepoint    ] Application time: 0.0002261 seconds
[2022-06-13T03:18:44.839+0000][1][safepoint    ] Entering safepoint region: RevokeBias
[2022-06-13T03:18:44.839+0000][1][safepoint    ] Leaving safepoint region
[2022-06-13T03:18:44.839+0000][1][safepoint    ] Total time for which application threads were stopped: 0.0004124 seconds, Stopping threads took: 0.0001351 seconds
[2022-06-13T03:18:45.821+0000][1][safepoint    ] Application time: 0.9815575 seconds
[2022-06-13T03:18:45.821+0000][1][safepoint    ] Entering safepoint region: RevokeBias
[2022-06-13T03:18:45.822+0000][1][safepoint    ] Leaving safepoint region
[2022-06-13T03:18:45.822+0000][1][safepoint    ] Total time for which application threads were stopped: 0.0006111 seconds, Stopping threads took: 0.0002474 seconds
[2022-06-13T03:18:46.821+0000][1][safepoint    ] Application time: 0.9985915 seconds
[2022-06-13T03:18:46.821+0000][1][safepoint    ] Entering safepoint region: RevokeBias
[2022-06-13T03:18:46.822+0000][1][safepoint    ] Leaving safepoint region
[2022-06-13T03:18:46.822+0000][1][safepoint    ] Total time for which application threads were stopped: 0.0007170 seconds, Stopping threads took: 0.0003107 seconds
[2022-06-13T03:18:46.823+0000][1][safepoint    ] Application time: 0.0004874 seconds
[2022-06-13T03:18:46.823+0000][1][safepoint    ] Entering safepoint region: RevokeBias
[2022-06-13T03:18:46.824+0000][1][safepoint    ] Leaving safepoint region
[2022-06-13T03:18:46.824+0000][1][safepoint    ] Total time for which application threads were stopped: 0.0005835 seconds, Stopping threads took: 0.0003833 seconds
[2022-06-13T03:18:46.825+0000][1][safepoint    ] Application time: 0.0005065 seconds
[2022-06-13T03:18:46.825+0000][1][safepoint    ] Entering safepoint region: RevokeBias
[2022-06-13T03:18:46.826+0000][1][safepoint    ] Leaving safepoint region
[2022-06-13T03:18:46.826+0000][1][safepoint    ] Total time for which application threads were stopped: 0.0013090 seconds, Stopping threads took: 0.0007460 seconds
[2022-06-13T03:18:47.827+0000][1][safepoint    ] Application time: 1.0002210 seconds
[2022-06-13T03:18:47.827+0000][1][safepoint    ] Entering safepoint region: Cleanup
[2022-06-13T03:18:47.827+0000][1][safepoint    ] Leaving safepoint region
[2022-06-13T03:18:47.828+0000][1][safepoint    ] Total time for which application threads were stopped: 0.0005463 seconds, Stopping threads took: 0.0001810 seconds
[2022-06-13T03:18:49.821+0000][1][safepoint    ] Application time: 1.9935073 seconds
[2022-06-13T03:18:49.822+0000][1][safepoint    ] Entering safepoint region: RevokeBias
[2022-06-13T03:18:49.822+0000][1][safepoint    ] Leaving safepoint region
[2022-06-13T03:18:49.823+0000][1][safepoint    ] Total time for which application threads were stopped: 0.0007416 seconds, Stopping threads took: 0.0002409 seconds
[2022-06-13T03:18:50.822+0000][1][safepoint    ] Application time: 0.9991291 seconds
[2022-06-13T03:18:50.823+0000][1][safepoint    ] Entering safepoint region: RevokeBias
[2022-06-13T03:18:50.824+0000][1][safepoint    ] Leaving safepoint region
[2022-06-13T03:18:50.824+0000][1][safepoint    ] Total time for which application threads were stopped: 0.0014965 seconds, Stopping threads took: 0.0006504 seconds
[2022-06-13T03:18:50.825+0000][1][safepoint    ] Application time: 0.0005119 seconds
[2022-06-13T03:18:50.825+0000][1][safepoint    ] Entering safepoint region: RevokeBias
[2022-06-13T03:18:50.826+0000][1][safepoint    ] Leaving safepoint region
[2022-06-13T03:18:50.827+0000][1][safepoint    ] Total time for which application threads were stopped: 0.0011119 seconds, Stopping threads took: 0.0005320 seconds
[2022-06-13T03:18:50.827+0000][1][safepoint    ] Application time: 0.0005437 seconds
[2022-06-13T03:18:50.828+0000][1][safepoint    ] Entering safepoint region: RevokeBias
[2022-06-13T03:18:50.828+0000][1][safepoint    ] Leaving safepoint region
[2022-06-13T03:18:50.829+0000][1][safepoint    ] Total time for which application threads were stopped: 0.0010950 seconds, Stopping threads took: 0.0002913 seconds
[2022-06-13T03:18:51.830+0000][1][safepoint    ] Application time: 1.0002776 seconds
[2022-06-13T03:18:51.830+0000][1][safepoint    ] Entering safepoint region: Cleanup
[2022-06-13T03:18:51.831+0000][1][safepoint    ] Leaving safepoint region
[2022-06-13T03:18:51.831+0000][1][safepoint    ] Total time for which application threads were stopped: 0.0008239 seconds, Stopping threads took: 0.0003636 seconds
[2022-06-13T03:18:52.831+0000][1][safepoint    ] Application time: 1.0001176 seconds
[2022-06-13T03:18:52.832+0000][1][safepoint    ] Entering safepoint region: Cleanup
[2022-06-13T03:18:52.832+0000][1][safepoint    ] Leaving safepoint region
[2022-06-13T03:18:52.833+0000][1][safepoint    ] Total time for which application threads were stopped: 0.0008398 seconds, Stopping threads took: 0.0003865 seconds
[2022-06-13T03:18:53.823+0000][1][safepoint    ] Application time: 0.9898209 seconds
[2022-06-13T03:18:53.823+0000][1][safepoint    ] Entering safepoint region: RevokeBias
[2022-06-13T03:18:53.824+0000][1][safepoint    ] Leaving safepoint region
[2022-06-13T03:18:53.825+0000][1][safepoint    ] Total time for which application threads were stopped: 0.0012987 seconds, Stopping threads took: 0.0005934 seconds
[2022-06-13T03:18:53.826+0000][1][safepoint    ] Application time: 0.0006779 seconds
[2022-06-13T03:18:53.826+0000][1][safepoint    ] Entering safepoint region: BulkRevokeBias
[2022-06-13T03:18:53.828+0000][1][safepoint    ] Leaving safepoint region
[2022-06-13T03:18:53.828+0000][1][safepoint    ] Total time for which application threads were stopped: 0.0019916 seconds, Stopping threads took: 0.0003478 seconds
[2022-06-13T03:18:54.829+0000][1][safepoint    ] Application time: 1.0001690 seconds
[2022-06-13T03:18:54.829+0000][1][safepoint    ] Entering safepoint region: Cleanup
[2022-06-13T03:18:54.829+0000][1][safepoint    ] Leaving safepoint region
[2022-06-13T03:18:54.829+0000][1][safepoint    ] Total time for which application threads were stopped: 0.0003175 seconds, Stopping threads took: 0.0001176 seconds
[2022-06-13T03:18:55.830+0000][1][safepoint    ] Application time: 1.0002051 seconds
[2022-06-13T03:18:55.830+0000][1][safepoint    ] Entering safepoint region: Cleanup
[2022-06-13T03:18:55.830+0000][1][safepoint    ] Leaving safepoint region
[2022-06-13T03:18:55.831+0000][1][safepoint    ] Total time for which application threads were stopped: 0.0004585 seconds, Stopping threads took: 0.0002483 seconds
[2022-06-13T03:18:56.831+0000][1][safepoint    ] Application time: 1.0001435 seconds
[2022-06-13T03:18:56.831+0000][1][safepoint    ] Entering safepoint region: Cleanup
[2022-06-13T03:18:56.832+0000][1][safepoint    ] Leaving safepoint region
[2022-06-13T03:18:56.832+0000][1][safepoint    ] Total time for which application threads were stopped: 0.0006921 seconds, Stopping threads took: 0.0003841 seconds
[2022-06-13T03:18:57.824+0000][1][safepoint    ] Application time: 0.9919074 seconds
[2022-06-13T03:18:57.825+0000][1][safepoint    ] Entering safepoint region: RevokeBias
[2022-06-13T03:18:57.825+0000][1][safepoint    ] Leaving safepoint region
[2022-06-13T03:18:57.826+0000][1][safepoint    ] Total time for which application threads were stopped: 0.0009647 seconds, Stopping threads took: 0.0004607 seconds
[2022-06-13T03:18:58.826+0000][1][safepoint    ] Application time: 1.0001228 seconds
[2022-06-13T03:18:58.826+0000][1][safepoint    ] Entering safepoint region: Cleanup
[2022-06-13T03:18:58.827+0000][1][safepoint    ] Leaving safepoint region
[2022-06-13T03:18:58.827+0000][1][safepoint    ] Total time for which application threads were stopped: 0.0006419 seconds, Stopping threads took: 0.0003562 seconds
[2022-06-13T03:18:59.828+0000][1][safepoint    ] Application time: 1.0001939 seconds
[2022-06-13T03:18:59.828+0000][1][safepoint    ] Entering safepoint region: Cleanup
[2022-06-13T03:18:59.828+0000][1][safepoint    ] Leaving safepoint region
[2022-06-13T03:18:59.829+0000][1][safepoint    ] Total time for which application threads were stopped: 0.0008192 seconds, Stopping threads took: 0.0003538 seconds
[2022-06-13T03:19:00.829+0000][1][safepoint    ] Application time: 1.0001572 seconds
[2022-06-13T03:19:00.830+0000][1][safepoint    ] Entering safepoint region: Cleanup
[2022-06-13T03:19:00.831+0000][1][safepoint    ] Leaving safepoint region
[2022-06-13T03:19:00.831+0000][1][safepoint    ] Total time for which application threads were stopped: 0.0010962 seconds, Stopping threads took: 0.0005788 seconds
[2022-06-13T03:19:01.832+0000][1][safepoint    ] Application time: 1.0000988 seconds
[2022-06-13T03:19:01.832+0000][1][safepoint    ] Entering safepoint region: Cleanup
[2022-06-13T03:19:01.833+0000][1][safepoint    ] Leaving safepoint region
[2022-06-13T03:19:01.833+0000][1][safepoint    ] Total time for which application threads were stopped: 0.0009711 seconds, Stopping threads took: 0.0005402 seconds
[2022-06-13T03:19:02.834+0000][1][safepoint    ] Application time: 1.0001956 seconds
[2022-06-13T03:19:02.834+0000][1][safepoint    ] Entering safepoint region: Cleanup
[2022-06-13T03:19:02.834+0000][1][safepoint    ] Leaving safepoint region
[2022-06-13T03:19:02.835+0000][1][safepoint    ] Total time for which application threads were stopped: 0.0007734 seconds, Stopping threads took: 0.0003669 seconds
[2022-06-13T03:19:03.835+0000][1][safepoint    ] Application time: 1.0002743 seconds
[2022-06-13T03:19:03.836+0000][1][safepoint    ] Entering safepoint region: Cleanup
[2022-06-13T03:19:03.837+0000][1][safepoint    ] Leaving safepoint region
[2022-06-13T03:19:03.837+0000][1][safepoint    ] Total time for which application threads were stopped: 0.0012948 seconds, Stopping threads took: 0.0006144 seconds
[2022-06-13T03:19:04.838+0000][1][safepoint    ] Application time: 1.0001841 seconds
[2022-06-13T03:19:04.838+0000][1][safepoint    ] Entering safepoint region: Cleanup
[2022-06-13T03:19:04.838+0000][1][safepoint    ] Leaving safepoint region
[2022-06-13T03:19:04.839+0000][1][safepoint    ] Total time for which application threads were stopped: 0.0009333 seconds, Stopping threads took: 0.0002610 seconds
[2022-06-13T03:19:05.839+0000][1][safepoint    ] Application time: 1.0001620 seconds
[2022-06-13T03:19:05.840+0000][1][safepoint    ] Entering safepoint region: Cleanup
[2022-06-13T03:19:05.840+0000][1][safepoint    ] Leaving safepoint region
[2022-06-13T03:19:05.840+0000][1][safepoint    ] Total time for which application threads were stopped: 0.0007049 seconds, Stopping threads took: 0.0002873 seconds
[2022-06-13T03:19:06.841+0000][1][safepoint    ] Application time: 1.0002632 seconds
[2022-06-13T03:19:06.842+0000][1][safepoint    ] Entering safepoint region: Cleanup
[2022-06-13T03:19:06.842+0000][1][safepoint    ] Leaving safepoint region
[2022-06-13T03:19:06.843+0000][1][safepoint    ] Total time for which application threads were stopped: 0.0012463 seconds, Stopping threads took: 0.0004691 seconds
[2022-06-13T03:19:07.843+0000][1][safepoint    ] Application time: 1.0002274 seconds
[2022-06-13T03:19:07.844+0000][1][safepoint    ] Entering safepoint region: Cleanup
[2022-06-13T03:19:07.844+0000][1][safepoint    ] Leaving safepoint region
[2022-06-13T03:19:07.845+0000][1][safepoint    ] Total time for which application threads were stopped: 0.0009539 seconds, Stopping threads took: 0.0004723 seconds
[2022-06-13T03:19:08.845+0000][1][safepoint    ] Application time: 1.0001384 seconds
[2022-06-13T03:19:08.846+0000][1][safepoint    ] Entering safepoint region: Cleanup
[2022-06-13T03:19:08.846+0000][1][safepoint    ] Leaving safepoint region
[2022-06-13T03:19:08.846+0000][1][safepoint    ] Total time for which application threads were stopped: 0.0004270 seconds, Stopping threads took: 0.0001253 seconds
[2022-06-13T03:19:09.003+0000][1][safepoint    ] Application time: 0.1570620 seconds
[2022-06-13T03:19:09.004+0000][1][safepoint    ] Entering safepoint region: RevokeBias
[2022-06-13T03:19:09.004+0000][1][safepoint    ] Leaving safepoint region
[2022-06-13T03:19:09.004+0000][1][safepoint    ] Total time for which application threads were stopped: 0.0003269 seconds, Stopping threads took: 0.0001438 seconds
[2022-06-13T03:19:10.004+0000][1][safepoint    ] Application time: 1.0001355 seconds
[2022-06-13T03:19:10.004+0000][1][safepoint    ] Entering safepoint region: Cleanup
[2022-06-13T03:19:10.005+0000][1][safepoint    ] Leaving safepoint region
[2022-06-13T03:19:10.005+0000][1][safepoint    ] Total time for which application threads were stopped: 0.0008687 seconds, Stopping threads took: 0.0004647 seconds
[2022-06-13T03:19:11.006+0000][1][safepoint    ] Application time: 1.0002781 seconds
[2022-06-13T03:19:11.007+0000][1][safepoint    ] Entering safepoint region: Cleanup
[2022-06-13T03:19:11.007+0000][1][safepoint    ] Leaving safepoint region
[2022-06-13T03:19:11.008+0000][1][safepoint    ] Total time for which application threads were stopped: 0.0012659 seconds, Stopping threads took: 0.0005501 seconds
[2022-06-13T03:19:12.009+0000][1][safepoint    ] Application time: 1.0001621 seconds
[2022-06-13T03:19:12.009+0000][1][safepoint    ] Entering safepoint region: Cleanup
[2022-06-13T03:19:12.009+0000][1][safepoint    ] Leaving safepoint region
[2022-06-13T03:19:12.010+0000][1][safepoint    ] Total time for which application threads were stopped: 0.0005616 seconds, Stopping threads took: 0.0001737 seconds
[2022-06-13T03:19:14.010+0000][1][safepoint    ] Application time: 2.0002667 seconds
[2022-06-13T03:19:14.011+0000][1][safepoint    ] Entering safepoint region: Cleanup
[2022-06-13T03:19:14.011+0000][1][safepoint    ] Leaving safepoint region
[2022-06-13T03:19:14.012+0000][1][safepoint    ] Total time for which application threads were stopped: 0.0008723 seconds, Stopping threads took: 0.0004787 seconds
[2022-06-13T03:19:15.012+0000][1][safepoint    ] Application time: 1.0001765 seconds
[2022-06-13T03:19:15.013+0000][1][safepoint    ] Entering safepoint region: Cleanup
[2022-06-13T03:19:15.013+0000][1][safepoint    ] Leaving safepoint region
[2022-06-13T03:19:15.014+0000][1][safepoint    ] Total time for which application threads were stopped: 0.0008469 seconds, Stopping threads took: 0.0004180 seconds
[2022-06-13T03:19:16.014+0000][1][safepoint    ] Application time: 1.0001774 seconds
[2022-06-13T03:19:16.015+0000][1][safepoint    ] Entering safepoint region: Cleanup
[2022-06-13T03:19:16.015+0000][1][safepoint    ] Leaving safepoint region
[2022-06-13T03:19:16.016+0000][1][safepoint    ] Total time for which application threads were stopped: 0.0008939 seconds, Stopping threads took: 0.0004290 seconds
[2022-06-13T03:19:17.016+0000][1][safepoint    ] Application time: 1.0001282 seconds
[2022-06-13T03:19:17.017+0000][1][safepoint    ] Entering safepoint region: Cleanup
[2022-06-13T03:19:17.017+0000][1][safepoint    ] Leaving safepoint region
[2022-06-13T03:19:17.017+0000][1][safepoint    ] Total time for which application threads were stopped: 0.0006178 seconds, Stopping threads took: 0.0003093 seconds
[2022-06-13T03:19:18.018+0000][1][safepoint    ] Application time: 1.0002449 seconds
[2022-06-13T03:19:18.018+0000][1][safepoint    ] Entering safepoint region: Cleanup
[2022-06-13T03:19:18.019+0000][1][safepoint    ] Leaving safepoint region
[2022-06-13T03:19:18.019+0000][1][safepoint    ] Total time for which application threads were stopped: 0.0011004 seconds, Stopping threads took: 0.0004739 seconds
[2022-06-13T03:19:20.020+0000][1][safepoint    ] Application time: 2.0002618 seconds
[2022-06-13T03:19:20.020+0000][1][safepoint    ] Entering safepoint region: Cleanup
[2022-06-13T03:19:20.021+0000][1][safepoint    ] Leaving safepoint region
[2022-06-13T03:19:20.021+0000][1][safepoint    ] Total time for which application threads were stopped: 0.0006857 seconds, Stopping threads took: 0.0002903 seconds
[2022-06-13T03:19:22.022+0000][1][safepoint    ] Application time: 2.0003674 seconds
[2022-06-13T03:19:22.022+0000][1][safepoint    ] Entering safepoint region: Cleanup
[2022-06-13T03:19:22.023+0000][1][safepoint    ] Leaving safepoint region
[2022-06-13T03:19:22.023+0000][1][safepoint    ] Total time for which application threads were stopped: 0.0008812 seconds, Stopping threads took: 0.0004066 seconds
[2022-06-13T03:19:23.024+0000][1][safepoint    ] Application time: 1.0002720 seconds
[2022-06-13T03:19:23.024+0000][1][safepoint    ] Entering safepoint region: Cleanup
[2022-06-13T03:19:23.025+0000][1][safepoint    ] Leaving safepoint region
[2022-06-13T03:19:23.025+0000][1][safepoint    ] Total time for which application threads were stopped: 0.0009667 seconds, Stopping threads took: 0.0004500 seconds
[2022-06-13T03:19:24.026+0000][1][safepoint    ] Application time: 1.0001110 seconds
[2022-06-13T03:19:24.026+0000][1][safepoint    ] Entering safepoint region: Cleanup
[2022-06-13T03:19:24.027+0000][1][safepoint    ] Leaving safepoint region
[2022-06-13T03:19:24.027+0000][1][safepoint    ] Total time for which application threads were stopped: 0.0008142 seconds, Stopping threads took: 0.0003694 seconds
[2022-06-13T03:19:25.028+0000][1][safepoint    ] Application time: 1.0003527 seconds
[2022-06-13T03:19:25.028+0000][1][safepoint    ] Entering safepoint region: Cleanup
[2022-06-13T03:19:25.029+0000][1][safepoint    ] Leaving safepoint region
[2022-06-13T03:19:25.029+0000][1][safepoint    ] Total time for which application threads were stopped: 0.0010830 seconds, Stopping threads took: 0.0004058 seconds
[2022-06-13T03:19:26.030+0000][1][safepoint    ] Application time: 1.0002482 seconds
[2022-06-13T03:19:26.031+0000][1][safepoint    ] Entering safepoint region: Cleanup
[2022-06-13T03:19:26.031+0000][1][safepoint    ] Leaving safepoint region
[2022-06-13T03:19:26.031+0000][1][safepoint    ] Total time for which application threads were stopped: 0.0009707 seconds, Stopping threads took: 0.0005160 seconds
[2022-06-13T03:19:27.032+0000][1][safepoint    ] Application time: 1.0002088 seconds
[2022-06-13T03:19:27.033+0000][1][safepoint    ] Entering safepoint region: Cleanup
[2022-06-13T03:19:27.033+0000][1][safepoint    ] Leaving safepoint region
[2022-06-13T03:19:27.034+0000][1][safepoint    ] Total time for which application threads were stopped: 0.0011848 seconds, Stopping threads took: 0.0005399 seconds
[2022-06-13T03:19:28.035+0000][1][safepoint    ] Application time: 1.0001705 seconds
[2022-06-13T03:19:28.035+0000][1][safepoint    ] Entering safepoint region: Cleanup
[2022-06-13T03:19:28.036+0000][1][safepoint    ] Leaving safepoint region
[2022-06-13T03:19:28.037+0000][1][safepoint    ] Total time for which application threads were stopped: 0.0014092 seconds, Stopping threads took: 0.0006709 seconds
[2022-06-13T03:19:29.038+0000][1][safepoint    ] Application time: 1.0003581 seconds
[2022-06-13T03:19:29.038+0000][1][safepoint    ] Entering safepoint region: Cleanup
[2022-06-13T03:19:29.039+0000][1][safepoint    ] Leaving safepoint region
[2022-06-13T03:19:29.040+0000][1][safepoint    ] Total time for which application threads were stopped: 0.0015975 seconds, Stopping threads took: 0.0007633 seconds
[2022-06-13T03:19:30.041+0000][1][safepoint    ] Application time: 1.0002111 seconds
[2022-06-13T03:19:30.041+0000][1][safepoint    ] Entering safepoint region: Cleanup
[2022-06-13T03:19:30.042+0000][1][safepoint    ] Leaving safepoint region
[2022-06-13T03:19:30.042+0000][1][safepoint    ] Total time for which application threads were stopped: 0.0009049 seconds, Stopping threads took: 0.0004268 seconds
[2022-06-13T03:19:31.043+0000][1][safepoint    ] Application time: 1.0003236 seconds
[2022-06-13T03:19:31.044+0000][1][safepoint    ] Entering safepoint region: Cleanup
[2022-06-13T03:19:31.045+0000][1][safepoint    ] Leaving safepoint region
[2022-06-13T03:19:31.045+0000][1][safepoint    ] Total time for which application threads were stopped: 0.0014240 seconds, Stopping threads took: 0.0005470 seconds
[2022-06-13T03:19:32.046+0000][1][safepoint    ] Application time: 1.0002506 seconds
[2022-06-13T03:19:32.047+0000][1][safepoint    ] Entering safepoint region: Cleanup
[2022-06-13T03:19:32.048+0000][1][safepoint    ] Leaving safepoint region
[2022-06-13T03:19:32.048+0000][1][safepoint    ] Total time for which application threads were stopped: 0.0013111 seconds, Stopping threads took: 0.0006341 seconds
[2022-06-13T03:19:33.049+0000][1][safepoint    ] Application time: 1.0001814 seconds
[2022-06-13T03:19:33.050+0000][1][safepoint    ] Entering safepoint region: Cleanup
[2022-06-13T03:19:33.051+0000][1][safepoint    ] Leaving safepoint region
[2022-06-13T03:19:33.051+0000][1][safepoint    ] Total time for which application threads were stopped: 0.0011913 seconds, Stopping threads took: 0.0005744 seconds
[2022-06-13T03:19:34.052+0000][1][safepoint    ] Application time: 1.0002188 seconds
[2022-06-13T03:19:34.052+0000][1][safepoint    ] Entering safepoint region: Cleanup
[2022-06-13T03:19:34.053+0000][1][safepoint    ] Leaving safepoint region
[2022-06-13T03:19:34.053+0000][1][safepoint    ] Total time for which application threads were stopped: 0.0007914 seconds, Stopping threads took: 0.0003823 seconds
[2022-06-13T03:19:35.053+0000][1][safepoint    ] Application time: 1.0001019 seconds
[2022-06-13T03:19:35.054+0000][1][safepoint    ] Entering safepoint region: Cleanup
[2022-06-13T03:19:35.054+0000][1][safepoint    ] Leaving safepoint region
[2022-06-13T03:19:35.054+0000][1][safepoint    ] Total time for which application threads were stopped: 0.0006342 seconds, Stopping threads took: 0.0001236 seconds
[2022-06-13T03:19:36.055+0000][1][safepoint    ] Application time: 1.0002540 seconds
[2022-06-13T03:19:36.055+0000][1][safepoint    ] Entering safepoint region: Cleanup
[2022-06-13T03:19:36.056+0000][1][safepoint    ] Leaving safepoint region
[2022-06-13T03:19:36.056+0000][1][safepoint    ] Total time for which application threads were stopped: 0.0009567 seconds, Stopping threads took: 0.0004505 seconds
[2022-06-13T03:19:37.057+0000][1][safepoint    ] Application time: 1.0002200 seconds
[2022-06-13T03:19:37.058+0000][1][safepoint    ] Entering safepoint region: Cleanup
[2022-06-13T03:19:37.059+0000][1][safepoint    ] Leaving safepoint region
[2022-06-13T03:19:37.059+0000][1][safepoint    ] Total time for which application threads were stopped: 0.0016238 seconds, Stopping threads took: 0.0007272 seconds
[2022-06-13T03:19:38.060+0000][1][safepoint    ] Application time: 1.0001754 seconds
[2022-06-13T03:19:38.061+0000][1][safepoint    ] Entering safepoint region: Cleanup
[2022-06-13T03:19:38.062+0000][1][safepoint    ] Leaving safepoint region
[2022-06-13T03:19:38.063+0000][1][safepoint    ] Total time for which application threads were stopped: 0.0014967 seconds, Stopping threads took: 0.0007107 seconds
[2022-06-13T03:19:39.064+0000][1][safepoint    ] Application time: 1.0004154 seconds
[2022-06-13T03:19:39.064+0000][1][safepoint    ] Entering safepoint region: Cleanup
[2022-06-13T03:19:39.065+0000][1][safepoint    ] Leaving safepoint region
[2022-06-13T03:19:39.066+0000][1][safepoint    ] Total time for which application threads were stopped: 0.0015739 seconds, Stopping threads took: 0.0006724 seconds
[2022-06-13T03:19:40.066+0000][1][safepoint    ] Application time: 1.0002750 seconds
[2022-06-13T03:19:40.067+0000][1][safepoint    ] Entering safepoint region: Cleanup
[2022-06-13T03:19:40.068+0000][1][safepoint    ] Leaving safepoint region
[2022-06-13T03:19:40.068+0000][1][safepoint    ] Total time for which application threads were stopped: 0.0009500 seconds, Stopping threads took: 0.0004645 seconds
[2022-06-13T03:19:41.069+0000][1][safepoint    ] Application time: 1.0002588 seconds
[2022-06-13T03:19:41.069+0000][1][safepoint    ] Entering safepoint region: Cleanup
[2022-06-13T03:19:41.070+0000][1][safepoint    ] Leaving safepoint region
[2022-06-13T03:19:41.070+0000][1][safepoint    ] Total time for which application threads were stopped: 0.0007439 seconds, Stopping threads took: 0.0003778 seconds
[2022-06-13T03:19:42.070+0000][1][safepoint    ] Application time: 1.0002311 seconds
[2022-06-13T03:19:42.071+0000][1][safepoint    ] Entering safepoint region: Cleanup
[2022-06-13T03:19:42.071+0000][1][safepoint    ] Leaving safepoint region
[2022-06-13T03:19:42.071+0000][1][safepoint    ] Total time for which application threads were stopped: 0.0007302 seconds, Stopping threads took: 0.0003054 seconds
[2022-06-13T03:19:43.072+0000][1][safepoint    ] Application time: 1.0002932 seconds
[2022-06-13T03:19:43.073+0000][1][safepoint    ] Entering safepoint region: Cleanup
[2022-06-13T03:19:43.073+0000][1][safepoint    ] Leaving safepoint region
[2022-06-13T03:19:43.074+0000][1][safepoint    ] Total time for which application threads were stopped: 0.0009520 seconds, Stopping threads took: 0.0004444 seconds
[2022-06-13T03:19:44.074+0000][1][safepoint    ] Application time: 1.0002431 seconds
[2022-06-13T03:19:44.075+0000][1][safepoint    ] Entering safepoint region: Cleanup
[2022-06-13T03:19:44.076+0000][1][safepoint    ] Leaving safepoint region
[2022-06-13T03:19:44.076+0000][1][safepoint    ] Total time for which application threads were stopped: 0.0012786 seconds, Stopping threads took: 0.0005654 seconds
[2022-06-13T03:19:45.077+0000][1][safepoint    ] Application time: 1.0002064 seconds
[2022-06-13T03:19:45.077+0000][1][safepoint    ] Entering safepoint region: Cleanup
[2022-06-13T03:19:45.078+0000][1][safepoint    ] Leaving safepoint region
[2022-06-13T03:19:45.078+0000][1][safepoint    ] Total time for which application threads were stopped: 0.0005352 seconds, Stopping threads took: 0.0002307 seconds
[2022-06-13T03:19:46.078+0000][1][safepoint    ] Application time: 1.0001559 seconds
[2022-06-13T03:19:46.079+0000][1][safepoint    ] Entering safepoint region: Cleanup
[2022-06-13T03:19:46.080+0000][1][safepoint    ] Leaving safepoint region
[2022-06-13T03:19:46.080+0000][1][safepoint    ] Total time for which application threads were stopped: 0.0014263 seconds, Stopping threads took: 0.0005969 seconds
[2022-06-13T03:19:47.081+0000][1][safepoint    ] Application time: 1.0002877 seconds
[2022-06-13T03:19:47.082+0000][1][safepoint    ] Entering safepoint region: Cleanup
[2022-06-13T03:19:47.082+0000][1][safepoint    ] Leaving safepoint region
[2022-06-13T03:19:47.083+0000][1][safepoint    ] Total time for which application threads were stopped: 0.0008062 seconds, Stopping threads took: 0.0003451 seconds
[2022-06-13T03:19:48.083+0000][1][safepoint    ] Application time: 1.0002382 seconds
[2022-06-13T03:19:48.084+0000][1][safepoint    ] Entering safepoint region: Cleanup
[2022-06-13T03:19:48.084+0000][1][safepoint    ] Leaving safepoint region
[2022-06-13T03:19:48.085+0000][1][safepoint    ] Total time for which application threads were stopped: 0.0009363 seconds, Stopping threads took: 0.0004342 seconds
[2022-06-13T03:19:50.085+0000][1][safepoint    ] Application time: 2.0003389 seconds
[2022-06-13T03:19:50.086+0000][1][safepoint    ] Entering safepoint region: Cleanup
[2022-06-13T03:19:50.087+0000][1][safepoint    ] Leaving safepoint region
[2022-06-13T03:19:50.088+0000][1][safepoint    ] Total time for which application threads were stopped: 0.0014272 seconds, Stopping threads took: 0.0006949 seconds
[2022-06-13T03:19:51.088+0000][1][safepoint    ] Application time: 1.0001993 seconds
[2022-06-13T03:19:51.089+0000][1][safepoint    ] Entering safepoint region: Cleanup
[2022-06-13T03:19:51.090+0000][1][safepoint    ] Leaving safepoint region
[2022-06-13T03:19:51.090+0000][1][safepoint    ] Total time for which application threads were stopped: 0.0009085 seconds, Stopping threads took: 0.0005070 seconds
[2022-06-13T03:19:57.091+0000][1][safepoint    ] Application time: 6.0009409 seconds
[2022-06-13T03:19:57.092+0000][1][safepoint    ] Entering safepoint region: Cleanup
[2022-06-13T03:19:57.092+0000][1][safepoint    ] Leaving safepoint region
[2022-06-13T03:19:57.093+0000][1][safepoint    ] Total time for which application threads were stopped: 0.0008923 seconds, Stopping threads took: 0.0004057 seconds
[2022-06-13T03:20:00.094+0000][1][safepoint    ] Application time: 3.0007044 seconds
[2022-06-13T03:20:00.095+0000][1][safepoint    ] Entering safepoint region: Cleanup
[2022-06-13T03:20:00.095+0000][1][safepoint    ] Leaving safepoint region
[2022-06-13T03:20:00.096+0000][1][safepoint    ] Total time for which application threads were stopped: 0.0011413 seconds, Stopping threads took: 0.0004525 seconds
[2022-06-13T03:20:01.097+0000][1][safepoint    ] Application time: 1.0002368 seconds
[2022-06-13T03:20:01.097+0000][1][safepoint    ] Entering safepoint region: Cleanup
[2022-06-13T03:20:01.098+0000][1][safepoint    ] Leaving safepoint region
[2022-06-13T03:20:01.098+0000][1][safepoint    ] Total time for which application threads were stopped: 0.0009528 seconds, Stopping threads took: 0.0004607 seconds
[2022-06-13T03:20:02.099+0000][1][safepoint    ] Application time: 1.0001087 seconds
[2022-06-13T03:20:02.099+0000][1][safepoint    ] Entering safepoint region: Cleanup
[2022-06-13T03:20:02.099+0000][1][safepoint    ] Leaving safepoint region
[2022-06-13T03:20:02.100+0000][1][safepoint    ] Total time for which application threads were stopped: 0.0007792 seconds, Stopping threads took: 0.0003235 seconds
[2022-06-13T03:20:03.100+0000][1][safepoint    ] Application time: 1.0002414 seconds
[2022-06-13T03:20:03.101+0000][1][safepoint    ] Entering safepoint region: Cleanup
[2022-06-13T03:20:03.102+0000][1][safepoint    ] Leaving safepoint region
[2022-06-13T03:20:03.102+0000][1][safepoint    ] Total time for which application threads were stopped: 0.0011936 seconds, Stopping threads took: 0.0005349 seconds
[2022-06-13T03:20:04.103+0000][1][safepoint    ] Application time: 1.0003392 seconds
[2022-06-13T03:20:04.104+0000][1][safepoint    ] Entering safepoint region: Cleanup
[2022-06-13T03:20:04.104+0000][1][safepoint    ] Leaving safepoint region
[2022-06-13T03:20:04.105+0000][1][safepoint    ] Total time for which application threads were stopped: 0.0010731 seconds, Stopping threads took: 0.0006255 seconds
[2022-06-13T03:20:05.105+0000][1][safepoint    ] Application time: 1.0001918 seconds
[2022-06-13T03:20:05.106+0000][1][safepoint    ] Entering safepoint region: Cleanup
[2022-06-13T03:20:05.106+0000][1][safepoint    ] Leaving safepoint region
[2022-06-13T03:20:05.106+0000][1][safepoint    ] Total time for which application threads were stopped: 0.0007465 seconds, Stopping threads took: 0.0003669 seconds
[2022-06-13T03:20:06.107+0000][1][safepoint    ] Application time: 1.0001973 seconds
[2022-06-13T03:20:06.108+0000][1][safepoint    ] Entering safepoint region: Cleanup
[2022-06-13T03:20:06.108+0000][1][safepoint    ] Leaving safepoint region
[2022-06-13T03:20:06.109+0000][1][safepoint    ] Total time for which application threads were stopped: 0.0011375 seconds, Stopping threads took: 0.0005097 seconds
[2022-06-13T03:20:07.110+0000][1][safepoint    ] Application time: 1.0001606 seconds
[2022-06-13T03:20:07.110+0000][1][safepoint    ] Entering safepoint region: Cleanup
[2022-06-13T03:20:07.111+0000][1][safepoint    ] Leaving safepoint region
[2022-06-13T03:20:07.111+0000][1][safepoint    ] Total time for which application threads were stopped: 0.0010720 seconds, Stopping threads took: 0.0004998 seconds
[2022-06-13T03:20:08.112+0000][1][safepoint    ] Application time: 1.0002013 seconds
[2022-06-13T03:20:08.113+0000][1][safepoint    ] Entering safepoint region: Cleanup
[2022-06-13T03:20:08.113+0000][1][safepoint    ] Leaving safepoint region
[2022-06-13T03:20:08.114+0000][1][safepoint    ] Total time for which application threads were stopped: 0.0010012 seconds, Stopping threads took: 0.0004466 seconds
[2022-06-13T03:20:09.114+0000][1][safepoint    ] Application time: 1.0001897 seconds
[2022-06-13T03:20:09.115+0000][1][safepoint    ] Entering safepoint region: Cleanup
[2022-06-13T03:20:09.115+0000][1][safepoint    ] Leaving safepoint region
[2022-06-13T03:20:09.115+0000][1][safepoint    ] Total time for which application threads were stopped: 0.0006284 seconds, Stopping threads took: 0.0002512 seconds
[2022-06-13T03:20:10.116+0000][1][safepoint    ] Application time: 1.0001826 seconds
[2022-06-13T03:20:10.116+0000][1][safepoint    ] Entering safepoint region: Cleanup
[2022-06-13T03:20:10.117+0000][1][safepoint    ] Leaving safepoint region
[2022-06-13T03:20:10.117+0000][1][safepoint    ] Total time for which application threads were stopped: 0.0006016 seconds, Stopping threads took: 0.0002936 seconds
[2022-06-13T03:20:11.117+0000][1][safepoint    ] Application time: 1.0002405 seconds
[2022-06-13T03:20:11.118+0000][1][safepoint    ] Entering safepoint region: Cleanup
[2022-06-13T03:20:11.118+0000][1][safepoint    ] Leaving safepoint region
[2022-06-13T03:20:11.119+0000][1][safepoint    ] Total time for which application threads were stopped: 0.0009939 seconds, Stopping threads took: 0.0004490 seconds
[2022-06-13T03:20:12.119+0000][1][safepoint    ] Application time: 1.0002885 seconds
[2022-06-13T03:20:12.120+0000][1][safepoint    ] Entering safepoint region: Cleanup
[2022-06-13T03:20:12.120+0000][1][safepoint    ] Leaving safepoint region
[2022-06-13T03:20:12.121+0000][1][safepoint    ] Total time for which application threads were stopped: 0.0008911 seconds, Stopping threads took: 0.0004073 seconds
[2022-06-13T03:20:13.121+0000][1][safepoint    ] Application time: 1.0002680 seconds
[2022-06-13T03:20:13.122+0000][1][safepoint    ] Entering safepoint region: Cleanup
[2022-06-13T03:20:13.123+0000][1][safepoint    ] Leaving safepoint region
[2022-06-13T03:20:13.123+0000][1][safepoint    ] Total time for which application threads were stopped: 0.0012640 seconds, Stopping threads took: 0.0005953 seconds
[2022-06-13T03:20:14.124+0000][1][safepoint    ] Application time: 1.0001357 seconds
[2022-06-13T03:20:14.124+0000][1][safepoint    ] Entering safepoint region: Cleanup
[2022-06-13T03:20:14.125+0000][1][safepoint    ] Leaving safepoint region
[2022-06-13T03:20:14.125+0000][1][safepoint    ] Total time for which application threads were stopped: 0.0007736 seconds, Stopping threads took: 0.0003538 seconds
[2022-06-13T03:20:14.679+0000][1][safepoint    ] Application time: 0.5534069 seconds
[2022-06-13T03:20:14.679+0000][1][safepoint    ] Entering safepoint region: GenCollectForAllocation
[2022-06-13T03:20:14.680+0000][1][gc,start     ] GC(22) Pause Young (Allocation Failure)
[2022-06-13T03:20:14.680+0000][1][gc,task      ] GC(22) Using 5 workers of 13 for evacuation
[2022-06-13T03:20:14.687+0000][1][gc,age       ] GC(22) Desired survivor size 4456448 bytes, new threshold 2 (max threshold 6)
[2022-06-13T03:20:14.687+0000][1][gc,age       ] GC(22) Age table with threshold 2 (max threshold 6)
[2022-06-13T03:20:14.688+0000][1][gc,age       ] GC(22) - age   1:     932368 bytes,     932368 total
[2022-06-13T03:20:14.688+0000][1][gc,age       ] GC(22) - age   2:    3895928 bytes,    4828296 total
[2022-06-13T03:20:14.688+0000][1][gc,heap      ] GC(22) ParNew: 78656K->6845K(78656K)
[2022-06-13T03:20:14.689+0000][1][gc,heap      ] GC(22) CMS: 59776K->64042K(174784K)
[2022-06-13T03:20:14.689+0000][1][gc,metaspace ] GC(22) Metaspace: 64697K->64697K(1107968K)
[2022-06-13T03:20:14.689+0000][1][gc           ] GC(22) Pause Young (Allocation Failure) 135M->69M(247M) 9.330ms
[2022-06-13T03:20:14.689+0000][1][gc,cpu       ] GC(22) User=0.03s Sys=0.00s Real=0.01s
[2022-06-13T03:20:14.690+0000][1][safepoint    ] Leaving safepoint region
[2022-06-13T03:20:14.690+0000][1][safepoint    ] Total time for which application threads were stopped: 0.0105675 seconds, Stopping threads took: 0.0003583 seconds
[2022-06-13T03:20:15.690+0000][1][safepoint    ] Application time: 1.0001814 seconds
[2022-06-13T03:20:15.691+0000][1][safepoint    ] Entering safepoint region: Cleanup
[2022-06-13T03:20:15.691+0000][1][safepoint    ] Leaving safepoint region
[2022-06-13T03:20:15.692+0000][1][safepoint    ] Total time for which application threads were stopped: 0.0007484 seconds, Stopping threads took: 0.0003564 seconds
[2022-06-13T03:20:16.692+0000][1][safepoint    ] Application time: 1.0001655 seconds
[2022-06-13T03:20:16.693+0000][1][safepoint    ] Entering safepoint region: Cleanup
[2022-06-13T03:20:16.694+0000][1][safepoint    ] Leaving safepoint region
[2022-06-13T03:20:16.694+0000][1][safepoint    ] Total time for which application threads were stopped: 0.0012286 seconds, Stopping threads took: 0.0007769 seconds
[2022-06-13T03:20:17.695+0000][1][safepoint    ] Application time: 1.0002741 seconds
[2022-06-13T03:20:17.696+0000][1][safepoint    ] Entering safepoint region: Cleanup
[2022-06-13T03:20:17.696+0000][1][safepoint    ] Leaving safepoint region
[2022-06-13T03:20:17.697+0000][1][safepoint    ] Total time for which application threads were stopped: 0.0012045 seconds, Stopping threads took: 0.0006623 seconds
[2022-06-13T03:20:18.697+0000][1][safepoint    ] Application time: 1.0001417 seconds
[2022-06-13T03:20:18.698+0000][1][safepoint    ] Entering safepoint region: Cleanup
[2022-06-13T03:20:18.698+0000][1][safepoint    ] Leaving safepoint region
[2022-06-13T03:20:18.698+0000][1][safepoint    ] Total time for which application threads were stopped: 0.0007370 seconds, Stopping threads took: 0.0003480 seconds
[2022-06-13T03:20:19.699+0000][1][safepoint    ] Application time: 1.0001397 seconds
[2022-06-13T03:20:19.699+0000][1][safepoint    ] Entering safepoint region: Cleanup
[2022-06-13T03:20:19.700+0000][1][safepoint    ] Leaving safepoint region
[2022-06-13T03:20:19.700+0000][1][safepoint    ] Total time for which application threads were stopped: 0.0008753 seconds, Stopping threads took: 0.0004169 seconds
[2022-06-13T03:20:20.701+0000][1][safepoint    ] Application time: 1.0001425 seconds
[2022-06-13T03:20:20.701+0000][1][safepoint    ] Entering safepoint region: Cleanup
[2022-06-13T03:20:20.701+0000][1][safepoint    ] Leaving safepoint region
[2022-06-13T03:20:20.701+0000][1][safepoint    ] Total time for which application threads were stopped: 0.0005114 seconds, Stopping threads took: 0.0002249 seconds
[2022-06-13T03:20:21.702+0000][1][safepoint    ] Application time: 1.0002928 seconds
[2022-06-13T03:20:21.702+0000][1][safepoint    ] Entering safepoint region: Cleanup
[2022-06-13T03:20:21.703+0000][1][safepoint    ] Leaving safepoint region
[2022-06-13T03:20:21.703+0000][1][safepoint    ] Total time for which application threads were stopped: 0.0006989 seconds, Stopping threads took: 0.0002931 seconds
[2022-06-13T03:20:22.704+0000][1][safepoint    ] Application time: 1.0003070 seconds
[2022-06-13T03:20:22.705+0000][1][safepoint    ] Entering safepoint region: Cleanup
[2022-06-13T03:20:22.705+0000][1][safepoint    ] Leaving safepoint region
[2022-06-13T03:20:22.706+0000][1][safepoint    ] Total time for which application threads were stopped: 0.0011672 seconds, Stopping threads took: 0.0006126 seconds
[2022-06-13T03:20:23.707+0000][1][safepoint    ] Application time: 1.0002890 seconds
[2022-06-13T03:20:23.707+0000][1][safepoint    ] Entering safepoint region: Cleanup
[2022-06-13T03:20:23.707+0000][1][safepoint    ] Leaving safepoint region
[2022-06-13T03:20:23.708+0000][1][safepoint    ] Total time for which application threads were stopped: 0.0005763 seconds, Stopping threads took: 0.0002877 seconds
[2022-06-13T03:20:24.708+0000][1][safepoint    ] Application time: 1.0001349 seconds
[2022-06-13T03:20:24.709+0000][1][safepoint    ] Entering safepoint region: Cleanup
[2022-06-13T03:20:24.709+0000][1][safepoint    ] Leaving safepoint region
[2022-06-13T03:20:24.710+0000][1][safepoint    ] Total time for which application threads were stopped: 0.0010077 seconds, Stopping threads took: 0.0004056 seconds
[2022-06-13T03:20:25.710+0000][1][safepoint    ] Application time: 1.0001141 seconds
[2022-06-13T03:20:25.710+0000][1][safepoint    ] Entering safepoint region: Cleanup
[2022-06-13T03:20:25.710+0000][1][safepoint    ] Leaving safepoint region
[2022-06-13T03:20:25.710+0000][1][safepoint    ] Total time for which application threads were stopped: 0.0002927 seconds, Stopping threads took: 0.0001270 seconds
[2022-06-13T03:20:26.711+0000][1][safepoint    ] Application time: 1.0001530 seconds
[2022-06-13T03:20:26.711+0000][1][safepoint    ] Entering safepoint region: Cleanup
[2022-06-13T03:20:26.711+0000][1][safepoint    ] Leaving safepoint region
[2022-06-13T03:20:26.712+0000][1][safepoint    ] Total time for which application threads were stopped: 0.0005587 seconds, Stopping threads took: 0.0002751 seconds
[2022-06-13T03:20:27.712+0000][1][safepoint    ] Application time: 1.0002728 seconds
[2022-06-13T03:20:27.713+0000][1][safepoint    ] Entering safepoint region: Cleanup
[2022-06-13T03:20:27.714+0000][1][safepoint    ] Leaving safepoint region
[2022-06-13T03:20:27.714+0000][1][safepoint    ] Total time for which application threads were stopped: 0.0011460 seconds, Stopping threads took: 0.0004978 seconds
[2022-06-13T03:20:28.715+0000][1][safepoint    ] Application time: 1.0002379 seconds
[2022-06-13T03:20:28.715+0000][1][safepoint    ] Entering safepoint region: Cleanup
[2022-06-13T03:20:28.716+0000][1][safepoint    ] Leaving safepoint region
[2022-06-13T03:20:28.716+0000][1][safepoint    ] Total time for which application threads were stopped: 0.0007365 seconds, Stopping threads took: 0.0003535 seconds
[2022-06-13T03:20:29.716+0000][1][safepoint    ] Application time: 1.0001692 seconds
[2022-06-13T03:20:29.717+0000][1][safepoint    ] Entering safepoint region: Cleanup
[2022-06-13T03:20:29.717+0000][1][safepoint    ] Leaving safepoint region
[2022-06-13T03:20:29.718+0000][1][safepoint    ] Total time for which application threads were stopped: 0.0008194 seconds, Stopping threads took: 0.0004174 seconds
[2022-06-13T03:20:30.718+0000][1][safepoint    ] Application time: 1.0002764 seconds
[2022-06-13T03:20:30.719+0000][1][safepoint    ] Entering safepoint region: Cleanup
[2022-06-13T03:20:30.719+0000][1][safepoint    ] Leaving safepoint region
[2022-06-13T03:20:30.720+0000][1][safepoint    ] Total time for which application threads were stopped: 0.0008771 seconds, Stopping threads took: 0.0004524 seconds
[2022-06-13T03:20:31.720+0000][1][safepoint    ] Application time: 1.0002107 seconds
[2022-06-13T03:20:31.721+0000][1][safepoint    ] Entering safepoint region: Cleanup
[2022-06-13T03:20:31.721+0000][1][safepoint    ] Leaving safepoint region
[2022-06-13T03:20:31.722+0000][1][safepoint    ] Total time for which application threads were stopped: 0.0009633 seconds, Stopping threads took: 0.0004436 seconds
[2022-06-13T03:20:32.722+0000][1][safepoint    ] Application time: 1.0001976 seconds
[2022-06-13T03:20:32.723+0000][1][safepoint    ] Entering safepoint region: Cleanup
[2022-06-13T03:20:32.723+0000][1][safepoint    ] Leaving safepoint region
[2022-06-13T03:20:32.724+0000][1][safepoint    ] Total time for which application threads were stopped: 0.0008897 seconds, Stopping threads took: 0.0004076 seconds
[2022-06-13T03:20:33.724+0000][1][safepoint    ] Application time: 1.0001155 seconds
[2022-06-13T03:20:33.725+0000][1][safepoint    ] Entering safepoint region: Cleanup
[2022-06-13T03:20:33.725+0000][1][safepoint    ] Leaving safepoint region
[2022-06-13T03:20:33.725+0000][1][safepoint    ] Total time for which application threads were stopped: 0.0004423 seconds, Stopping threads took: 0.0001767 seconds
[2022-06-13T03:20:34.725+0000][1][safepoint    ] Application time: 1.0001186 seconds
[2022-06-13T03:20:34.726+0000][1][safepoint    ] Entering safepoint region: Cleanup
[2022-06-13T03:20:34.726+0000][1][safepoint    ] Leaving safepoint region
[2022-06-13T03:20:34.726+0000][1][safepoint    ] Total time for which application threads were stopped: 0.0005220 seconds, Stopping threads took: 0.0002138 seconds
[2022-06-13T03:20:35.727+0000][1][safepoint    ] Application time: 1.0002662 seconds
[2022-06-13T03:20:35.727+0000][1][safepoint    ] Entering safepoint region: Cleanup
[2022-06-13T03:20:35.728+0000][1][safepoint    ] Leaving safepoint region
[2022-06-13T03:20:35.728+0000][1][safepoint    ] Total time for which application threads were stopped: 0.0010360 seconds, Stopping threads took: 0.0005161 seconds
[2022-06-13T03:20:36.729+0000][1][safepoint    ] Application time: 1.0001973 seconds
[2022-06-13T03:20:36.729+0000][1][safepoint    ] Entering safepoint region: Cleanup
[2022-06-13T03:20:36.729+0000][1][safepoint    ] Leaving safepoint region
[2022-06-13T03:20:36.730+0000][1][safepoint    ] Total time for which application threads were stopped: 0.0006067 seconds, Stopping threads took: 0.0002419 seconds
[2022-06-13T03:20:37.730+0000][1][safepoint    ] Application time: 1.0001534 seconds
[2022-06-13T03:20:37.730+0000][1][safepoint    ] Entering safepoint region: Cleanup
[2022-06-13T03:20:37.731+0000][1][safepoint    ] Leaving safepoint region
[2022-06-13T03:20:37.731+0000][1][safepoint    ] Total time for which application threads were stopped: 0.0003429 seconds, Stopping threads took: 0.0001300 seconds
[2022-06-13T03:20:38.731+0000][1][safepoint    ] Application time: 1.0001434 seconds
[2022-06-13T03:20:38.731+0000][1][safepoint    ] Entering safepoint region: Cleanup
[2022-06-13T03:20:38.732+0000][1][safepoint    ] Leaving safepoint region
[2022-06-13T03:20:38.732+0000][1][safepoint    ] Total time for which application threads were stopped: 0.0005515 seconds, Stopping threads took: 0.0002580 seconds
[2022-06-13T03:20:39.732+0000][1][safepoint    ] Application time: 1.0002025 seconds
[2022-06-13T03:20:39.733+0000][1][safepoint    ] Entering safepoint region: Cleanup
[2022-06-13T03:20:39.733+0000][1][safepoint    ] Leaving safepoint region
[2022-06-13T03:20:39.734+0000][1][safepoint    ] Total time for which application threads were stopped: 0.0008984 seconds, Stopping threads took: 0.0003965 seconds
[2022-06-13T03:20:40.734+0000][1][safepoint    ] Application time: 1.0001898 seconds
[2022-06-13T03:20:40.735+0000][1][safepoint    ] Entering safepoint region: Cleanup
[2022-06-13T03:20:40.735+0000][1][safepoint    ] Leaving safepoint region
[2022-06-13T03:20:40.736+0000][1][safepoint    ] Total time for which application threads were stopped: 0.0007748 seconds, Stopping threads took: 0.0003501 seconds
[2022-06-13T03:20:41.736+0000][1][safepoint    ] Application time: 1.0001517 seconds
[2022-06-13T03:20:41.736+0000][1][safepoint    ] Entering safepoint region: Cleanup
[2022-06-13T03:20:41.737+0000][1][safepoint    ] Leaving safepoint region
[2022-06-13T03:20:41.737+0000][1][safepoint    ] Total time for which application threads were stopped: 0.0006352 seconds, Stopping threads took: 0.0002915 seconds
[2022-06-13T03:20:42.738+0000][1][safepoint    ] Application time: 1.0002006 seconds
[2022-06-13T03:20:42.738+0000][1][safepoint    ] Entering safepoint region: Cleanup
[2022-06-13T03:20:42.739+0000][1][safepoint    ] Leaving safepoint region
[2022-06-13T03:20:42.739+0000][1][safepoint    ] Total time for which application threads were stopped: 0.0008803 seconds, Stopping threads took: 0.0004121 seconds
[2022-06-13T03:20:43.740+0000][1][safepoint    ] Application time: 1.0002173 seconds
[2022-06-13T03:20:43.740+0000][1][safepoint    ] Entering safepoint region: Cleanup
[2022-06-13T03:20:43.741+0000][1][safepoint    ] Leaving safepoint region
[2022-06-13T03:20:43.741+0000][1][safepoint    ] Total time for which application threads were stopped: 0.0008380 seconds, Stopping threads took: 0.0003825 seconds
[2022-06-13T03:20:44.742+0000][1][safepoint    ] Application time: 1.0001950 seconds
[2022-06-13T03:20:44.743+0000][1][safepoint    ] Entering safepoint region: Cleanup
[2022-06-13T03:20:44.743+0000][1][safepoint    ] Leaving safepoint region
[2022-06-13T03:20:44.744+0000][1][safepoint    ] Total time for which application threads were stopped: 0.0013708 seconds, Stopping threads took: 0.0005662 seconds
[2022-06-13T03:20:45.744+0000][1][safepoint    ] Application time: 1.0002139 seconds
[2022-06-13T03:20:45.745+0000][1][safepoint    ] Entering safepoint region: Cleanup
[2022-06-13T03:20:45.746+0000][1][safepoint    ] Leaving safepoint region
[2022-06-13T03:20:45.747+0000][1][safepoint    ] Total time for which application threads were stopped: 0.0014560 seconds, Stopping threads took: 0.0006538 seconds
[2022-06-13T03:20:46.748+0000][1][safepoint    ] Application time: 1.0002752 seconds
[2022-06-13T03:20:46.748+0000][1][safepoint    ] Entering safepoint region: Cleanup
[2022-06-13T03:20:46.749+0000][1][safepoint    ] Leaving safepoint region
[2022-06-13T03:20:46.749+0000][1][safepoint    ] Total time for which application threads were stopped: 0.0008232 seconds, Stopping threads took: 0.0003583 seconds
[2022-06-13T03:20:47.749+0000][1][safepoint    ] Application time: 1.0001262 seconds
[2022-06-13T03:20:47.750+0000][1][safepoint    ] Entering safepoint region: Cleanup
[2022-06-13T03:20:47.751+0000][1][safepoint    ] Leaving safepoint region
[2022-06-13T03:20:47.751+0000][1][safepoint    ] Total time for which application threads were stopped: 0.0011041 seconds, Stopping threads took: 0.0004804 seconds
[2022-06-13T03:20:48.752+0000][1][safepoint    ] Application time: 1.0002760 seconds
[2022-06-13T03:20:48.753+0000][1][safepoint    ] Entering safepoint region: Cleanup
[2022-06-13T03:20:48.753+0000][1][safepoint    ] Leaving safepoint region
[2022-06-13T03:20:48.754+0000][1][safepoint    ] Total time for which application threads were stopped: 0.0008969 seconds, Stopping threads took: 0.0004136 seconds
[2022-06-13T03:20:49.754+0000][1][safepoint    ] Application time: 1.0001987 seconds
[2022-06-13T03:20:49.755+0000][1][safepoint    ] Entering safepoint region: Cleanup
[2022-06-13T03:20:49.755+0000][1][safepoint    ] Leaving safepoint region
[2022-06-13T03:20:49.756+0000][1][safepoint    ] Total time for which application threads were stopped: 0.0010861 seconds, Stopping threads took: 0.0004745 seconds
[2022-06-13T03:20:50.756+0000][1][safepoint    ] Application time: 1.0002393 seconds
[2022-06-13T03:20:50.757+0000][1][safepoint    ] Entering safepoint region: Cleanup
[2022-06-13T03:20:50.757+0000][1][safepoint    ] Leaving safepoint region
[2022-06-13T03:20:50.758+0000][1][safepoint    ] Total time for which application threads were stopped: 0.0006959 seconds, Stopping threads took: 0.0002749 seconds
[2022-06-13T03:20:51.758+0000][1][safepoint    ] Application time: 1.0002622 seconds
[2022-06-13T03:20:51.758+0000][1][safepoint    ] Entering safepoint region: Cleanup
[2022-06-13T03:20:51.759+0000][1][safepoint    ] Leaving safepoint region
[2022-06-13T03:20:51.759+0000][1][safepoint    ] Total time for which application threads were stopped: 0.0006328 seconds, Stopping threads took: 0.0002833 seconds
[2022-06-13T03:20:52.759+0000][1][safepoint    ] Application time: 1.0001388 seconds
[2022-06-13T03:20:52.760+0000][1][safepoint    ] Entering safepoint region: Cleanup
[2022-06-13T03:20:52.761+0000][1][safepoint    ] Leaving safepoint region
[2022-06-13T03:20:52.761+0000][1][safepoint    ] Total time for which application threads were stopped: 0.0009502 seconds, Stopping threads took: 0.0004481 seconds
[2022-06-13T03:20:53.762+0000][1][safepoint    ] Application time: 1.0001928 seconds
[2022-06-13T03:20:53.762+0000][1][safepoint    ] Entering safepoint region: Cleanup
[2022-06-13T03:20:53.763+0000][1][safepoint    ] Leaving safepoint region
[2022-06-13T03:20:53.763+0000][1][safepoint    ] Total time for which application threads were stopped: 0.0009303 seconds, Stopping threads took: 0.0004165 seconds
[2022-06-13T03:20:54.764+0000][1][safepoint    ] Application time: 1.0002171 seconds
[2022-06-13T03:20:54.765+0000][1][safepoint    ] Entering safepoint region: Cleanup
[2022-06-13T03:20:54.765+0000][1][safepoint    ] Leaving safepoint region
[2022-06-13T03:20:54.766+0000][1][safepoint    ] Total time for which application threads were stopped: 0.0013024 seconds, Stopping threads took: 0.0007235 seconds
[2022-06-13T03:20:55.767+0000][1][safepoint    ] Application time: 1.0003052 seconds
[2022-06-13T03:20:55.768+0000][1][safepoint    ] Entering safepoint region: Cleanup
[2022-06-13T03:20:55.768+0000][1][safepoint    ] Leaving safepoint region
[2022-06-13T03:20:55.769+0000][1][safepoint    ] Total time for which application threads were stopped: 0.0011029 seconds, Stopping threads took: 0.0005151 seconds
[2022-06-13T03:20:56.769+0000][1][safepoint    ] Application time: 1.0002290 seconds
[2022-06-13T03:20:56.770+0000][1][safepoint    ] Entering safepoint region: Cleanup
[2022-06-13T03:20:56.770+0000][1][safepoint    ] Leaving safepoint region
[2022-06-13T03:20:56.770+0000][1][safepoint    ] Total time for which application threads were stopped: 0.0005292 seconds, Stopping threads took: 0.0002510 seconds
[2022-06-13T03:20:57.771+0000][1][safepoint    ] Application time: 1.0001771 seconds
[2022-06-13T03:20:57.771+0000][1][safepoint    ] Entering safepoint region: Cleanup
[2022-06-13T03:20:57.772+0000][1][safepoint    ] Leaving safepoint region
[2022-06-13T03:20:57.772+0000][1][safepoint    ] Total time for which application threads were stopped: 0.0008137 seconds, Stopping threads took: 0.0003658 seconds
[2022-06-13T03:20:58.773+0000][1][safepoint    ] Application time: 1.0001715 seconds
[2022-06-13T03:20:58.773+0000][1][safepoint    ] Entering safepoint region: Cleanup
[2022-06-13T03:20:58.773+0000][1][safepoint    ] Leaving safepoint region
[2022-06-13T03:20:58.774+0000][1][safepoint    ] Total time for which application threads were stopped: 0.0007471 seconds, Stopping threads took: 0.0002557 seconds
[2022-06-13T03:20:59.774+0000][1][safepoint    ] Application time: 1.0002216 seconds
[2022-06-13T03:20:59.775+0000][1][safepoint    ] Entering safepoint region: Cleanup
[2022-06-13T03:20:59.775+0000][1][safepoint    ] Leaving safepoint region
[2022-06-13T03:20:59.776+0000][1][safepoint    ] Total time for which application threads were stopped: 0.0007948 seconds, Stopping threads took: 0.0003613 seconds
[2022-06-13T03:21:00.776+0000][1][safepoint    ] Application time: 1.0001860 seconds
[2022-06-13T03:21:00.777+0000][1][safepoint    ] Entering safepoint region: Cleanup
[2022-06-13T03:21:00.777+0000][1][safepoint    ] Leaving safepoint region
[2022-06-13T03:21:00.778+0000][1][safepoint    ] Total time for which application threads were stopped: 0.0007892 seconds, Stopping threads took: 0.0003988 seconds
[2022-06-13T03:21:00.872+0000][1][safepoint    ] Application time: 0.0941009 seconds
[2022-06-13T03:21:00.873+0000][1][safepoint    ] Entering safepoint region: RevokeBias
[2022-06-13T03:21:00.873+0000][1][safepoint    ] Leaving safepoint region
[2022-06-13T03:21:00.874+0000][1][safepoint    ] Total time for which application threads were stopped: 0.0010776 seconds, Stopping threads took: 0.0003784 seconds
[2022-06-13T03:21:01.874+0000][1][safepoint    ] Application time: 1.0002855 seconds
[2022-06-13T03:21:01.875+0000][1][safepoint    ] Entering safepoint region: Cleanup
[2022-06-13T03:21:01.875+0000][1][safepoint    ] Leaving safepoint region
[2022-06-13T03:21:01.876+0000][1][safepoint    ] Total time for which application threads were stopped: 0.0010032 seconds, Stopping threads took: 0.0004175 seconds
[2022-06-13T03:21:02.876+0000][1][safepoint    ] Application time: 1.0001581 seconds
[2022-06-13T03:21:02.876+0000][1][safepoint    ] Entering safepoint region: Cleanup
[2022-06-13T03:21:02.877+0000][1][safepoint    ] Leaving safepoint region
[2022-06-13T03:21:02.877+0000][1][safepoint    ] Total time for which application threads were stopped: 0.0005834 seconds, Stopping threads took: 0.0002801 seconds
[2022-06-13T03:21:03.877+0000][1][safepoint    ] Application time: 1.0002582 seconds
[2022-06-13T03:21:03.878+0000][1][safepoint    ] Entering safepoint region: Cleanup
[2022-06-13T03:21:03.878+0000][1][safepoint    ] Leaving safepoint region
[2022-06-13T03:21:03.879+0000][1][safepoint    ] Total time for which application threads were stopped: 0.0007687 seconds, Stopping threads took: 0.0002737 seconds
[2022-06-13T03:21:04.879+0000][1][safepoint    ] Application time: 1.0001219 seconds
[2022-06-13T03:21:04.880+0000][1][safepoint    ] Entering safepoint region: Cleanup
[2022-06-13T03:21:04.880+0000][1][safepoint    ] Leaving safepoint region
[2022-06-13T03:21:04.880+0000][1][safepoint    ] Total time for which application threads were stopped: 0.0007333 seconds, Stopping threads took: 0.0002738 seconds
[2022-06-13T03:21:05.881+0000][1][safepoint    ] Application time: 1.0002185 seconds
[2022-06-13T03:21:05.881+0000][1][safepoint    ] Entering safepoint region: Cleanup
[2022-06-13T03:21:05.882+0000][1][safepoint    ] Leaving safepoint region
[2022-06-13T03:21:05.883+0000][1][safepoint    ] Total time for which application threads were stopped: 0.0014798 seconds, Stopping threads took: 0.0005943 seconds
[2022-06-13T03:21:06.884+0000][1][safepoint    ] Application time: 1.0001186 seconds
[2022-06-13T03:21:06.884+0000][1][safepoint    ] Entering safepoint region: Cleanup
[2022-06-13T03:21:06.885+0000][1][safepoint    ] Leaving safepoint region
[2022-06-13T03:21:06.885+0000][1][safepoint    ] Total time for which application threads were stopped: 0.0008124 seconds, Stopping threads took: 0.0004537 seconds
[2022-06-13T03:21:07.886+0000][1][safepoint    ] Application time: 1.0003182 seconds
[2022-06-13T03:21:07.886+0000][1][safepoint    ] Entering safepoint region: Cleanup
[2022-06-13T03:21:07.886+0000][1][safepoint    ] Leaving safepoint region
[2022-06-13T03:21:07.886+0000][1][safepoint    ] Total time for which application threads were stopped: 0.0004267 seconds, Stopping threads took: 0.0002245 seconds
[2022-06-13T03:21:08.887+0000][1][safepoint    ] Application time: 1.0003825 seconds
[2022-06-13T03:21:08.887+0000][1][safepoint    ] Entering safepoint region: Cleanup
[2022-06-13T03:21:08.888+0000][1][safepoint    ] Leaving safepoint region
[2022-06-13T03:21:08.888+0000][1][safepoint    ] Total time for which application threads were stopped: 0.0008045 seconds, Stopping threads took: 0.0003589 seconds
[2022-06-13T03:21:09.889+0000][1][safepoint    ] Application time: 1.0001775 seconds
[2022-06-13T03:21:09.890+0000][1][safepoint    ] Entering safepoint region: Cleanup
[2022-06-13T03:21:09.890+0000][1][safepoint    ] Leaving safepoint region
[2022-06-13T03:21:09.890+0000][1][safepoint    ] Total time for which application threads were stopped: 0.0008777 seconds, Stopping threads took: 0.0004535 seconds
[2022-06-13T03:21:10.891+0000][1][safepoint    ] Application time: 1.0002757 seconds
[2022-06-13T03:21:10.892+0000][1][safepoint    ] Entering safepoint region: Cleanup
[2022-06-13T03:21:10.892+0000][1][safepoint    ] Leaving safepoint region
[2022-06-13T03:21:10.892+0000][1][safepoint    ] Total time for which application threads were stopped: 0.0008983 seconds, Stopping threads took: 0.0002711 seconds
[2022-06-13T03:21:11.893+0000][1][safepoint    ] Application time: 1.0001852 seconds
[2022-06-13T03:21:11.894+0000][1][safepoint    ] Entering safepoint region: Cleanup
[2022-06-13T03:21:11.894+0000][1][safepoint    ] Leaving safepoint region
[2022-06-13T03:21:11.895+0000][1][safepoint    ] Total time for which application threads were stopped: 0.0009764 seconds, Stopping threads took: 0.0004131 seconds
[2022-06-13T03:21:12.895+0000][1][safepoint    ] Application time: 1.0000831 seconds
[2022-06-13T03:21:12.895+0000][1][safepoint    ] Entering safepoint region: Cleanup
[2022-06-13T03:21:12.895+0000][1][safepoint    ] Leaving safepoint region
[2022-06-13T03:21:12.896+0000][1][safepoint    ] Total time for which application threads were stopped: 0.0003212 seconds, Stopping threads took: 0.0001197 seconds
[2022-06-13T03:21:13.896+0000][1][safepoint    ] Application time: 1.0001669 seconds
[2022-06-13T03:21:13.896+0000][1][safepoint    ] Entering safepoint region: Cleanup
[2022-06-13T03:21:13.897+0000][1][safepoint    ] Leaving safepoint region
[2022-06-13T03:21:13.897+0000][1][safepoint    ] Total time for which application threads were stopped: 0.0005644 seconds, Stopping threads took: 0.0002643 seconds
[2022-06-13T03:21:14.897+0000][1][safepoint    ] Application time: 1.0001868 seconds
[2022-06-13T03:21:14.898+0000][1][safepoint    ] Entering safepoint region: Cleanup
[2022-06-13T03:21:14.898+0000][1][safepoint    ] Leaving safepoint region
[2022-06-13T03:21:14.899+0000][1][safepoint    ] Total time for which application threads were stopped: 0.0008842 seconds, Stopping threads took: 0.0003926 seconds
[2022-06-13T03:21:15.899+0000][1][safepoint    ] Application time: 1.0002852 seconds
[2022-06-13T03:21:15.900+0000][1][safepoint    ] Entering safepoint region: Cleanup
[2022-06-13T03:21:15.900+0000][1][safepoint    ] Leaving safepoint region
[2022-06-13T03:21:15.901+0000][1][safepoint    ] Total time for which application threads were stopped: 0.0008961 seconds, Stopping threads took: 0.0004367 seconds
[2022-06-13T03:21:16.901+0000][1][safepoint    ] Application time: 1.0001360 seconds
[2022-06-13T03:21:16.902+0000][1][safepoint    ] Entering safepoint region: Cleanup
[2022-06-13T03:21:16.902+0000][1][safepoint    ] Leaving safepoint region
[2022-06-13T03:21:16.902+0000][1][safepoint    ] Total time for which application threads were stopped: 0.0007964 seconds, Stopping threads took: 0.0003696 seconds
[2022-06-13T03:21:17.903+0000][1][safepoint    ] Application time: 1.0001265 seconds
[2022-06-13T03:21:17.903+0000][1][safepoint    ] Entering safepoint region: Cleanup
[2022-06-13T03:21:17.904+0000][1][safepoint    ] Leaving safepoint region
[2022-06-13T03:21:17.904+0000][1][safepoint    ] Total time for which application threads were stopped: 0.0004990 seconds, Stopping threads took: 0.0002402 seconds
[2022-06-13T03:21:18.904+0000][1][safepoint    ] Application time: 1.0003838 seconds
[2022-06-13T03:21:18.905+0000][1][safepoint    ] Entering safepoint region: Cleanup
[2022-06-13T03:21:18.905+0000][1][safepoint    ] Leaving safepoint region
[2022-06-13T03:21:18.906+0000][1][safepoint    ] Total time for which application threads were stopped: 0.0009297 seconds, Stopping threads took: 0.0004550 seconds
[2022-06-13T03:21:19.906+0000][1][safepoint    ] Application time: 1.0001430 seconds
[2022-06-13T03:21:19.907+0000][1][safepoint    ] Entering safepoint region: Cleanup
[2022-06-13T03:21:19.907+0000][1][safepoint    ] Leaving safepoint region
[2022-06-13T03:21:19.907+0000][1][safepoint    ] Total time for which application threads were stopped: 0.0004920 seconds, Stopping threads took: 0.0001966 seconds
[2022-06-13T03:21:19.912+0000][1][safepoint    ] Application time: 0.0047008 seconds
[2022-06-13T03:21:19.912+0000][1][safepoint    ] Entering safepoint region: RevokeBias
[2022-06-13T03:21:19.913+0000][1][safepoint    ] Leaving safepoint region
[2022-06-13T03:21:19.914+0000][1][safepoint    ] Total time for which application threads were stopped: 0.0014602 seconds, Stopping threads took: 0.0010169 seconds
[2022-06-13T03:21:19.914+0000][1][safepoint    ] Application time: 0.0001173 seconds
[2022-06-13T03:21:19.914+0000][1][safepoint    ] Entering safepoint region: RevokeBias
[2022-06-13T03:21:19.915+0000][1][safepoint    ] Leaving safepoint region
[2022-06-13T03:21:19.916+0000][1][safepoint    ] Total time for which application threads were stopped: 0.0016315 seconds, Stopping threads took: 0.0005403 seconds
[2022-06-13T03:21:19.918+0000][1][safepoint    ] Application time: 0.0019344 seconds
[2022-06-13T03:21:19.918+0000][1][safepoint    ] Entering safepoint region: RevokeBias
[2022-06-13T03:21:19.919+0000][1][safepoint    ] Leaving safepoint region
[2022-06-13T03:21:19.919+0000][1][safepoint    ] Total time for which application threads were stopped: 0.0005249 seconds, Stopping threads took: 0.0001634 seconds
[2022-06-13T03:21:19.920+0000][1][safepoint    ] Application time: 0.0003869 seconds
[2022-06-13T03:21:19.920+0000][1][safepoint    ] Entering safepoint region: RevokeBias
[2022-06-13T03:21:19.921+0000][1][safepoint    ] Leaving safepoint region
[2022-06-13T03:21:19.921+0000][1][safepoint    ] Total time for which application threads were stopped: 0.0007181 seconds, Stopping threads took: 0.0003451 seconds
[2022-06-13T03:21:19.923+0000][1][safepoint    ] Application time: 0.0015628 seconds
[2022-06-13T03:21:19.923+0000][1][safepoint    ] Entering safepoint region: RevokeBias
[2022-06-13T03:21:19.923+0000][1][safepoint    ] Leaving safepoint region
[2022-06-13T03:21:19.923+0000][1][safepoint    ] Total time for which application threads were stopped: 0.0006105 seconds, Stopping threads took: 0.0003115 seconds
[2022-06-13T03:21:19.924+0000][1][safepoint    ] Application time: 0.0002855 seconds
[2022-06-13T03:21:19.924+0000][1][safepoint    ] Entering safepoint region: RevokeBias
[2022-06-13T03:21:19.924+0000][1][safepoint    ] Leaving safepoint region
[2022-06-13T03:21:19.925+0000][1][safepoint    ] Total time for which application threads were stopped: 0.0005392 seconds, Stopping threads took: 0.0002155 seconds
[2022-06-13T03:21:19.925+0000][1][safepoint    ] Application time: 0.0005041 seconds
[2022-06-13T03:21:19.926+0000][1][safepoint    ] Entering safepoint region: RevokeBias
[2022-06-13T03:21:19.926+0000][1][safepoint    ] Leaving safepoint region
[2022-06-13T03:21:19.926+0000][1][safepoint    ] Total time for which application threads were stopped: 0.0005663 seconds, Stopping threads took: 0.0002290 seconds
[2022-06-13T03:21:19.927+0000][1][safepoint    ] Application time: 0.0005152 seconds
[2022-06-13T03:21:19.928+0000][1][safepoint    ] Entering safepoint region: RevokeBias
[2022-06-13T03:21:19.929+0000][1][safepoint    ] Leaving safepoint region
[2022-06-13T03:21:19.929+0000][1][safepoint    ] Total time for which application threads were stopped: 0.0008872 seconds, Stopping threads took: 0.0002966 seconds
[2022-06-13T03:21:19.930+0000][1][safepoint    ] Application time: 0.0011966 seconds
[2022-06-13T03:21:19.931+0000][1][safepoint    ] Entering safepoint region: RevokeBias
[2022-06-13T03:21:19.931+0000][1][safepoint    ] Leaving safepoint region
[2022-06-13T03:21:19.931+0000][1][safepoint    ] Total time for which application threads were stopped: 0.0006563 seconds, Stopping threads took: 0.0003591 seconds
[2022-06-13T03:21:19.932+0000][1][safepoint    ] Application time: 0.0005795 seconds
[2022-06-13T03:21:19.932+0000][1][safepoint    ] Entering safepoint region: RevokeBias
[2022-06-13T03:21:19.933+0000][1][safepoint    ] Leaving safepoint region
[2022-06-13T03:21:19.933+0000][1][safepoint    ] Total time for which application threads were stopped: 0.0009728 seconds, Stopping threads took: 0.0003451 seconds
[2022-06-13T03:21:19.934+0000][1][safepoint    ] Application time: 0.0003495 seconds
[2022-06-13T03:21:19.934+0000][1][safepoint    ] Entering safepoint region: RevokeBias
[2022-06-13T03:21:19.935+0000][1][safepoint    ] Leaving safepoint region
[2022-06-13T03:21:19.936+0000][1][safepoint    ] Total time for which application threads were stopped: 0.0013135 seconds, Stopping threads took: 0.0006116 seconds
[2022-06-13T03:21:19.937+0000][1][safepoint    ] Application time: 0.0005260 seconds
[2022-06-13T03:21:19.937+0000][1][safepoint    ] Entering safepoint region: RevokeBias
[2022-06-13T03:21:19.937+0000][1][safepoint    ] Leaving safepoint region
[2022-06-13T03:21:19.938+0000][1][safepoint    ] Total time for which application threads were stopped: 0.0009842 seconds, Stopping threads took: 0.0002804 seconds
[2022-06-13T03:21:19.939+0000][1][safepoint    ] Application time: 0.0004293 seconds
[2022-06-13T03:21:19.939+0000][1][safepoint    ] Entering safepoint region: RevokeBias
[2022-06-13T03:21:19.940+0000][1][safepoint    ] Leaving safepoint region
[2022-06-13T03:21:19.940+0000][1][safepoint    ] Total time for which application threads were stopped: 0.0008160 seconds, Stopping threads took: 0.0003133 seconds
[2022-06-13T03:21:19.941+0000][1][safepoint    ] Application time: 0.0004157 seconds
[2022-06-13T03:21:19.941+0000][1][safepoint    ] Entering safepoint region: RevokeBias
[2022-06-13T03:21:19.942+0000][1][safepoint    ] Leaving safepoint region
[2022-06-13T03:21:19.942+0000][1][safepoint    ] Total time for which application threads were stopped: 0.0008776 seconds, Stopping threads took: 0.0004285 seconds
[2022-06-13T03:21:19.942+0000][1][safepoint    ] Application time: 0.0001657 seconds
[2022-06-13T03:21:19.943+0000][1][safepoint    ] Entering safepoint region: RevokeBias
[2022-06-13T03:21:19.943+0000][1][safepoint    ] Leaving safepoint region
[2022-06-13T03:21:19.943+0000][1][safepoint    ] Total time for which application threads were stopped: 0.0004093 seconds, Stopping threads took: 0.0002038 seconds
[2022-06-13T03:21:19.944+0000][1][safepoint    ] Application time: 0.0002552 seconds
[2022-06-13T03:21:19.944+0000][1][safepoint    ] Entering safepoint region: RevokeBias
[2022-06-13T03:21:19.944+0000][1][safepoint    ] Leaving safepoint region
[2022-06-13T03:21:19.945+0000][1][safepoint    ] Total time for which application threads were stopped: 0.0009596 seconds, Stopping threads took: 0.0006044 seconds
[2022-06-13T03:21:19.946+0000][1][safepoint    ] Application time: 0.0003968 seconds
[2022-06-13T03:21:19.946+0000][1][safepoint    ] Entering safepoint region: RevokeBias
[2022-06-13T03:21:19.946+0000][1][safepoint    ] Leaving safepoint region
[2022-06-13T03:21:19.946+0000][1][safepoint    ] Total time for which application threads were stopped: 0.0003869 seconds, Stopping threads took: 0.0002147 seconds
[2022-06-13T03:21:19.947+0000][1][safepoint    ] Application time: 0.0004123 seconds
[2022-06-13T03:21:19.947+0000][1][safepoint    ] Entering safepoint region: RevokeBias
[2022-06-13T03:21:19.948+0000][1][safepoint    ] Leaving safepoint region
[2022-06-13T03:21:19.948+0000][1][safepoint    ] Total time for which application threads were stopped: 0.0009243 seconds, Stopping threads took: 0.0002921 seconds
[2022-06-13T03:21:19.949+0000][1][safepoint    ] Application time: 0.0003284 seconds
[2022-06-13T03:21:19.949+0000][1][safepoint    ] Entering safepoint region: RevokeBias
[2022-06-13T03:21:19.950+0000][1][safepoint    ] Leaving safepoint region
[2022-06-13T03:21:19.950+0000][1][safepoint    ] Total time for which application threads were stopped: 0.0009541 seconds, Stopping threads took: 0.0005639 seconds
[2022-06-13T03:21:19.950+0000][1][safepoint    ] Application time: 0.0001840 seconds
[2022-06-13T03:21:19.951+0000][1][safepoint    ] Entering safepoint region: RevokeBias
[2022-06-13T03:21:19.951+0000][1][safepoint    ] Leaving safepoint region
[2022-06-13T03:21:19.951+0000][1][safepoint    ] Total time for which application threads were stopped: 0.0004477 seconds, Stopping threads took: 0.0002194 seconds
[2022-06-13T03:21:19.952+0000][1][safepoint    ] Application time: 0.0007834 seconds
[2022-06-13T03:21:19.953+0000][1][safepoint    ] Entering safepoint region: RevokeBias
[2022-06-13T03:21:19.953+0000][1][safepoint    ] Leaving safepoint region
[2022-06-13T03:21:19.954+0000][1][safepoint    ] Total time for which application threads were stopped: 0.0009125 seconds, Stopping threads took: 0.0002499 seconds
[2022-06-13T03:21:19.954+0000][1][safepoint    ] Application time: 0.0001465 seconds
[2022-06-13T03:21:19.954+0000][1][safepoint    ] Entering safepoint region: RevokeBias
[2022-06-13T03:21:19.955+0000][1][safepoint    ] Leaving safepoint region
[2022-06-13T03:21:19.955+0000][1][safepoint    ] Total time for which application threads were stopped: 0.0007519 seconds, Stopping threads took: 0.0003315 seconds
[2022-06-13T03:21:19.955+0000][1][safepoint    ] Application time: 0.0002903 seconds
[2022-06-13T03:21:19.956+0000][1][safepoint    ] Entering safepoint region: RevokeBias
[2022-06-13T03:21:19.956+0000][1][safepoint    ] Leaving safepoint region
[2022-06-13T03:21:19.956+0000][1][safepoint    ] Total time for which application threads were stopped: 0.0005709 seconds, Stopping threads took: 0.0001830 seconds
[2022-06-13T03:21:19.957+0000][1][safepoint    ] Application time: 0.0004358 seconds
[2022-06-13T03:21:19.957+0000][1][safepoint    ] Entering safepoint region: RevokeBias
[2022-06-13T03:21:19.957+0000][1][safepoint    ] Leaving safepoint region
[2022-06-13T03:21:19.958+0000][1][safepoint    ] Total time for which application threads were stopped: 0.0006129 seconds, Stopping threads took: 0.0001705 seconds
[2022-06-13T03:21:19.958+0000][1][safepoint    ] Application time: 0.0006123 seconds
[2022-06-13T03:21:19.959+0000][1][safepoint    ] Entering safepoint region: RevokeBias
[2022-06-13T03:21:19.959+0000][1][safepoint    ] Leaving safepoint region
[2022-06-13T03:21:19.960+0000][1][safepoint    ] Total time for which application threads were stopped: 0.0009435 seconds, Stopping threads took: 0.0004018 seconds
[2022-06-13T03:21:19.960+0000][1][safepoint    ] Application time: 0.0003560 seconds
[2022-06-13T03:21:19.961+0000][1][safepoint    ] Entering safepoint region: RevokeBias
[2022-06-13T03:21:19.961+0000][1][safepoint    ] Leaving safepoint region
[2022-06-13T03:21:19.961+0000][1][safepoint    ] Total time for which application threads were stopped: 0.0007858 seconds, Stopping threads took: 0.0003771 seconds
[2022-06-13T03:21:19.962+0000][1][safepoint    ] Application time: 0.0001926 seconds
[2022-06-13T03:21:19.962+0000][1][safepoint    ] Entering safepoint region: RevokeBias
[2022-06-13T03:21:19.963+0000][1][safepoint    ] Leaving safepoint region
[2022-06-13T03:21:19.963+0000][1][safepoint    ] Total time for which application threads were stopped: 0.0008833 seconds, Stopping threads took: 0.0002747 seconds
[2022-06-13T03:21:19.964+0000][1][safepoint    ] Application time: 0.0002098 seconds
[2022-06-13T03:21:19.964+0000][1][safepoint    ] Entering safepoint region: RevokeBias
[2022-06-13T03:21:19.964+0000][1][safepoint    ] Leaving safepoint region
[2022-06-13T03:21:19.964+0000][1][safepoint    ] Total time for which application threads were stopped: 0.0003609 seconds, Stopping threads took: 0.0001848 seconds
[2022-06-13T03:21:19.964+0000][1][safepoint    ] Application time: 0.0001767 seconds
[2022-06-13T03:21:19.965+0000][1][safepoint    ] Entering safepoint region: RevokeBias
[2022-06-13T03:21:19.965+0000][1][safepoint    ] Leaving safepoint region
[2022-06-13T03:21:19.965+0000][1][safepoint    ] Total time for which application threads were stopped: 0.0003561 seconds, Stopping threads took: 0.0001753 seconds
[2022-06-13T03:21:19.965+0000][1][safepoint    ] Application time: 0.0001544 seconds
[2022-06-13T03:21:19.965+0000][1][safepoint    ] Entering safepoint region: RevokeBias
[2022-06-13T03:21:19.966+0000][1][safepoint    ] Leaving safepoint region
[2022-06-13T03:21:19.966+0000][1][safepoint    ] Total time for which application threads were stopped: 0.0003437 seconds, Stopping threads took: 0.0001659 seconds
[2022-06-13T03:21:19.967+0000][1][safepoint    ] Application time: 0.0010015 seconds
[2022-06-13T03:21:19.967+0000][1][safepoint    ] Entering safepoint region: RevokeBias
[2022-06-13T03:21:19.967+0000][1][safepoint    ] Leaving safepoint region
[2022-06-13T03:21:19.968+0000][1][safepoint    ] Total time for which application threads were stopped: 0.0005096 seconds, Stopping threads took: 0.0001503 seconds
[2022-06-13T03:21:20.014+0000][1][safepoint    ] Application time: 0.0452352 seconds
[2022-06-13T03:21:20.014+0000][1][safepoint    ] Entering safepoint region: RevokeBias
[2022-06-13T03:21:20.014+0000][1][safepoint    ] Leaving safepoint region
[2022-06-13T03:21:20.015+0000][1][safepoint    ] Total time for which application threads were stopped: 0.0005142 seconds, Stopping threads took: 0.0002416 seconds
[2022-06-13T03:21:20.015+0000][1][safepoint    ] Application time: 0.0004122 seconds
[2022-06-13T03:21:20.015+0000][1][safepoint    ] Entering safepoint region: RevokeBias
[2022-06-13T03:21:20.016+0000][1][safepoint    ] Leaving safepoint region
[2022-06-13T03:21:20.016+0000][1][safepoint    ] Total time for which application threads were stopped: 0.0005621 seconds, Stopping threads took: 0.0003156 seconds
[2022-06-13T03:21:20.016+0000][1][safepoint    ] Application time: 0.0001126 seconds
[2022-06-13T03:21:20.016+0000][1][safepoint    ] Entering safepoint region: RevokeBias
[2022-06-13T03:21:20.017+0000][1][safepoint    ] Leaving safepoint region
[2022-06-13T03:21:20.017+0000][1][safepoint    ] Total time for which application threads were stopped: 0.0004138 seconds, Stopping threads took: 0.0002203 seconds
[2022-06-13T03:21:20.017+0000][1][safepoint    ] Application time: 0.0001639 seconds
[2022-06-13T03:21:20.017+0000][1][safepoint    ] Entering safepoint region: RevokeBias
[2022-06-13T03:21:20.017+0000][1][safepoint    ] Leaving safepoint region
[2022-06-13T03:21:20.018+0000][1][safepoint    ] Total time for which application threads were stopped: 0.0003620 seconds, Stopping threads took: 0.0001608 seconds
[2022-06-13T03:21:20.018+0000][1][safepoint    ] Application time: 0.0001160 seconds
[2022-06-13T03:21:20.018+0000][1][safepoint    ] Entering safepoint region: RevokeBias
[2022-06-13T03:21:20.018+0000][1][safepoint    ] Leaving safepoint region
[2022-06-13T03:21:20.018+0000][1][safepoint    ] Total time for which application threads were stopped: 0.0004212 seconds, Stopping threads took: 0.0002046 seconds
[2022-06-13T03:21:20.019+0000][1][safepoint    ] Application time: 0.0002711 seconds
[2022-06-13T03:21:20.019+0000][1][safepoint    ] Entering safepoint region: RevokeBias
[2022-06-13T03:21:20.019+0000][1][safepoint    ] Leaving safepoint region
[2022-06-13T03:21:20.019+0000][1][safepoint    ] Total time for which application threads were stopped: 0.0004372 seconds, Stopping threads took: 0.0002195 seconds
[2022-06-13T03:21:20.022+0000][1][safepoint    ] Application time: 0.0023643 seconds
[2022-06-13T03:21:20.023+0000][1][safepoint    ] Entering safepoint region: RevokeBias
[2022-06-13T03:21:20.023+0000][1][safepoint    ] Leaving safepoint region
[2022-06-13T03:21:20.023+0000][1][safepoint    ] Total time for which application threads were stopped: 0.0006789 seconds, Stopping threads took: 0.0004465 seconds
[2022-06-13T03:21:20.023+0000][1][safepoint    ] Application time: 0.0002233 seconds
[2022-06-13T03:21:20.024+0000][1][safepoint    ] Entering safepoint region: RevokeBias
[2022-06-13T03:21:20.024+0000][1][safepoint    ] Leaving safepoint region
[2022-06-13T03:21:20.024+0000][1][safepoint    ] Total time for which application threads were stopped: 0.0005300 seconds, Stopping threads took: 0.0003040 seconds
[2022-06-13T03:21:20.025+0000][1][safepoint    ] Application time: 0.0011236 seconds
[2022-06-13T03:21:20.025+0000][1][safepoint    ] Entering safepoint region: RevokeBias
[2022-06-13T03:21:20.026+0000][1][safepoint    ] Leaving safepoint region
[2022-06-13T03:21:20.026+0000][1][safepoint    ] Total time for which application threads were stopped: 0.0003394 seconds, Stopping threads took: 0.0001463 seconds
[2022-06-13T03:21:20.026+0000][1][safepoint    ] Application time: 0.0002714 seconds
[2022-06-13T03:21:20.026+0000][1][safepoint    ] Entering safepoint region: RevokeBias
[2022-06-13T03:21:20.026+0000][1][safepoint    ] Leaving safepoint region
[2022-06-13T03:21:20.027+0000][1][safepoint    ] Total time for which application threads were stopped: 0.0002996 seconds, Stopping threads took: 0.0001165 seconds
[2022-06-13T03:21:20.027+0000][1][safepoint    ] Application time: 0.0001466 seconds
[2022-06-13T03:21:20.027+0000][1][safepoint    ] Entering safepoint region: RevokeBias
[2022-06-13T03:21:20.027+0000][1][safepoint    ] Leaving safepoint region
[2022-06-13T03:21:20.027+0000][1][safepoint    ] Total time for which application threads were stopped: 0.0003457 seconds, Stopping threads took: 0.0001697 seconds
[2022-06-13T03:21:20.028+0000][1][safepoint    ] Application time: 0.0001421 seconds
[2022-06-13T03:21:20.028+0000][1][safepoint    ] Entering safepoint region: BulkRevokeBias
[2022-06-13T03:21:20.028+0000][1][safepoint    ] Leaving safepoint region
[2022-06-13T03:21:20.028+0000][1][safepoint    ] Total time for which application threads were stopped: 0.0004983 seconds, Stopping threads took: 0.0001621 seconds
[2022-06-13T03:21:20.030+0000][1][safepoint    ] Application time: 0.0018823 seconds
[2022-06-13T03:21:20.031+0000][1][safepoint    ] Entering safepoint region: RevokeBias
[2022-06-13T03:21:20.031+0000][1][safepoint    ] Leaving safepoint region
[2022-06-13T03:21:20.031+0000][1][safepoint    ] Total time for which application threads were stopped: 0.0003120 seconds, Stopping threads took: 0.0001430 seconds
[2022-06-13T03:21:20.038+0000][1][safepoint    ] Application time: 0.0064348 seconds
[2022-06-13T03:21:20.038+0000][1][safepoint    ] Entering safepoint region: RevokeBias
[2022-06-13T03:21:20.038+0000][1][safepoint    ] Leaving safepoint region
[2022-06-13T03:21:20.038+0000][1][safepoint    ] Total time for which application threads were stopped: 0.0003931 seconds, Stopping threads took: 0.0001500 seconds
[2022-06-13T03:21:20.038+0000][1][safepoint    ] Application time: 0.0000791 seconds
[2022-06-13T03:21:20.038+0000][1][safepoint    ] Entering safepoint region: RevokeBias
[2022-06-13T03:21:20.039+0000][1][safepoint    ] Leaving safepoint region
[2022-06-13T03:21:20.039+0000][1][safepoint    ] Total time for which application threads were stopped: 0.0002955 seconds, Stopping threads took: 0.0001298 seconds
[2022-06-13T03:21:20.039+0000][1][safepoint    ] Application time: 0.0000829 seconds
[2022-06-13T03:21:20.039+0000][1][safepoint    ] Entering safepoint region: RevokeBias
[2022-06-13T03:21:20.039+0000][1][safepoint    ] Leaving safepoint region
[2022-06-13T03:21:20.039+0000][1][safepoint    ] Total time for which application threads were stopped: 0.0003408 seconds, Stopping threads took: 0.0001841 seconds
[2022-06-13T03:21:20.040+0000][1][safepoint    ] Application time: 0.0004658 seconds
[2022-06-13T03:21:20.040+0000][1][safepoint    ] Entering safepoint region: RevokeBias
[2022-06-13T03:21:20.040+0000][1][safepoint    ] Leaving safepoint region
[2022-06-13T03:21:20.040+0000][1][safepoint    ] Total time for which application threads were stopped: 0.0003224 seconds, Stopping threads took: 0.0001826 seconds
[2022-06-13T03:21:20.042+0000][1][safepoint    ] Application time: 0.0009327 seconds
[2022-06-13T03:21:20.042+0000][1][safepoint    ] Entering safepoint region: RevokeBias
[2022-06-13T03:21:20.042+0000][1][safepoint    ] Leaving safepoint region
[2022-06-13T03:21:20.042+0000][1][safepoint    ] Total time for which application threads were stopped: 0.0003325 seconds, Stopping threads took: 0.0001636 seconds
[2022-06-13T03:21:20.048+0000][1][safepoint    ] Application time: 0.0053764 seconds
[2022-06-13T03:21:20.048+0000][1][safepoint    ] Entering safepoint region: RevokeBias
[2022-06-13T03:21:20.048+0000][1][safepoint    ] Leaving safepoint region
[2022-06-13T03:21:20.048+0000][1][safepoint    ] Total time for which application threads were stopped: 0.0004193 seconds, Stopping threads took: 0.0002046 seconds
[2022-06-13T03:21:20.049+0000][1][safepoint    ] Application time: 0.0011882 seconds
[2022-06-13T03:21:20.050+0000][1][safepoint    ] Entering safepoint region: RevokeBias
[2022-06-13T03:21:20.050+0000][1][safepoint    ] Leaving safepoint region
[2022-06-13T03:21:20.050+0000][1][safepoint    ] Total time for which application threads were stopped: 0.0002563 seconds, Stopping threads took: 0.0001211 seconds
[2022-06-13T03:21:20.050+0000][1][safepoint    ] Application time: 0.0003031 seconds
[2022-06-13T03:21:20.050+0000][1][safepoint    ] Entering safepoint region: RevokeBias
[2022-06-13T03:21:20.051+0000][1][safepoint    ] Leaving safepoint region
[2022-06-13T03:21:20.051+0000][1][safepoint    ] Total time for which application threads were stopped: 0.0002411 seconds, Stopping threads took: 0.0001140 seconds
[2022-06-13T03:21:20.051+0000][1][safepoint    ] Application time: 0.0001598 seconds
[2022-06-13T03:21:20.051+0000][1][safepoint    ] Entering safepoint region: RevokeBias
[2022-06-13T03:21:20.051+0000][1][safepoint    ] Leaving safepoint region
[2022-06-13T03:21:20.051+0000][1][safepoint    ] Total time for which application threads were stopped: 0.0002521 seconds, Stopping threads took: 0.0001154 seconds
[2022-06-13T03:21:20.052+0000][1][safepoint    ] Application time: 0.0005229 seconds
[2022-06-13T03:21:20.052+0000][1][safepoint    ] Entering safepoint region: RevokeBias
[2022-06-13T03:21:20.052+0000][1][safepoint    ] Leaving safepoint region
[2022-06-13T03:21:20.052+0000][1][safepoint    ] Total time for which application threads were stopped: 0.0002215 seconds, Stopping threads took: 0.0001200 seconds
[2022-06-13T03:21:20.054+0000][1][safepoint    ] Application time: 0.0013521 seconds
[2022-06-13T03:21:20.054+0000][1][safepoint    ] Entering safepoint region: RevokeBias
[2022-06-13T03:21:20.054+0000][1][safepoint    ] Leaving safepoint region
[2022-06-13T03:21:20.054+0000][1][safepoint    ] Total time for which application threads were stopped: 0.0003161 seconds, Stopping threads took: 0.0001403 seconds
[2022-06-13T03:21:20.055+0000][1][safepoint    ] Application time: 0.0003415 seconds
[2022-06-13T03:21:20.055+0000][1][safepoint    ] Entering safepoint region: RevokeBias
[2022-06-13T03:21:20.055+0000][1][safepoint    ] Leaving safepoint region
[2022-06-13T03:21:20.055+0000][1][safepoint    ] Total time for which application threads were stopped: 0.0002613 seconds, Stopping threads took: 0.0001120 seconds
[2022-06-13T03:21:20.057+0000][1][gc,heap,exit ] Heap
[2022-06-13T03:21:20.057+0000][1][gc,heap,exit ]  par new generation   total 78656K, used 47881K [0x00000000f0000000, 0x00000000f5550000, 0x00000000f5550000)
[2022-06-13T03:21:20.057+0000][1][gc,heap,exit ]   eden space 69952K,  58% used [0x00000000f0000000, 0x00000000f2813330, 0x00000000f4450000)
[2022-06-13T03:21:20.057+0000][1][gc,heap,exit ]   from space 8704K,  78% used [0x00000000f4cd0000, 0x00000000f537f478, 0x00000000f5550000)
[2022-06-13T03:21:20.058+0000][1][gc,heap,exit ]   to   space 8704K,   0% used [0x00000000f4450000, 0x00000000f4450000, 0x00000000f4cd0000)
[2022-06-13T03:21:20.058+0000][1][gc,heap,exit ]  concurrent mark-sweep generation total 174784K, used 64042K [0x00000000f5550000, 0x0000000100000000, 0x0000000100000000)
[2022-06-13T03:21:20.058+0000][1][gc,heap,exit ]  Metaspace       used 64989K, capacity 69959K, committed 70204K, reserved 1110016K
[2022-06-13T03:21:20.058+0000][1][gc,heap,exit ]   class space    used 8772K, capacity 10839K, committed 10872K, reserved 1048576K
[2022-06-13T03:21:20.058+0000][1][safepoint    ] Application time: 0.0026415 seconds
[2022-06-13T03:21:20.058+0000][1][safepoint    ] Entering safepoint region: Exit
