[2022-06-13T03:32:57.470+0000][1][gc] Using Concurrent Mark Sweep
[2022-06-13T03:32:57.471+0000][1][gc,heap,coops] Heap address: 0x00000000f0000000, size: 256 MB, Compressed Oops mode: 32-bit
[2022-06-13T03:32:57.504+0000][1][safepoint    ] Entering safepoint region: EnableBiasedLocking
[2022-06-13T03:32:57.504+0000][1][safepoint    ] Leaving safepoint region
[2022-06-13T03:32:57.504+0000][1][safepoint    ] Total time for which application threads were stopped: 0.0005130 seconds, Stopping threads took: 0.0003371 seconds
[2022-06-13T03:32:57.507+0000][1][safepoint    ] Application time: 0.0021526 seconds
[2022-06-13T03:32:57.507+0000][1][safepoint    ] Entering safepoint region: RevokeBias
[2022-06-13T03:32:57.508+0000][1][safepoint    ] Leaving safepoint region
[2022-06-13T03:32:57.508+0000][1][safepoint    ] Total time for which application threads were stopped: 0.0009272 seconds, Stopping threads took: 0.0006233 seconds
[2022-06-13T03:32:57.516+0000][1][safepoint    ] Application time: 0.0071775 seconds
[2022-06-13T03:32:57.516+0000][1][safepoint    ] Entering safepoint region: Deoptimize
[2022-06-13T03:32:57.516+0000][1][safepoint    ] Leaving safepoint region
[2022-06-13T03:32:57.516+0000][1][safepoint    ] Total time for which application threads were stopped: 0.0003772 seconds, Stopping threads took: 0.0001673 seconds
[2022-06-13T03:32:57.573+0000][1][safepoint    ] Application time: 0.0566954 seconds
[2022-06-13T03:32:57.574+0000][1][safepoint    ] Entering safepoint region: RevokeBias
[2022-06-13T03:32:57.574+0000][1][safepoint    ] Leaving safepoint region
[2022-06-13T03:32:57.575+0000][1][safepoint    ] Total time for which application threads were stopped: 0.0009140 seconds, Stopping threads took: 0.0005305 seconds
[2022-06-13T03:32:57.596+0000][1][safepoint    ] Application time: 0.0207121 seconds
[2022-06-13T03:32:57.596+0000][1][safepoint    ] Entering safepoint region: Deoptimize
[2022-06-13T03:32:57.597+0000][1][safepoint    ] Leaving safepoint region
[2022-06-13T03:32:57.597+0000][1][safepoint    ] Total time for which application threads were stopped: 0.0005904 seconds, Stopping threads took: 0.0003018 seconds
[2022-06-13T03:32:57.795+0000][1][safepoint    ] Application time: 0.1981945 seconds
[2022-06-13T03:32:57.795+0000][1][safepoint    ] Entering safepoint region: Deoptimize
[2022-06-13T03:32:57.796+0000][1][safepoint    ] Leaving safepoint region
[2022-06-13T03:32:57.796+0000][1][safepoint    ] Total time for which application threads were stopped: 0.0004615 seconds, Stopping threads took: 0.0001432 seconds
[2022-06-13T03:32:57.808+0000][1][safepoint    ] Application time: 0.0116970 seconds
[2022-06-13T03:32:57.808+0000][1][safepoint    ] Entering safepoint region: Deoptimize
[2022-06-13T03:32:57.808+0000][1][safepoint    ] Leaving safepoint region
[2022-06-13T03:32:57.808+0000][1][safepoint    ] Total time for which application threads were stopped: 0.0004421 seconds, Stopping threads took: 0.0001624 seconds
[2022-06-13T03:32:57.836+0000][1][safepoint    ] Application time: 0.0276414 seconds
[2022-06-13T03:32:57.837+0000][1][safepoint    ] Entering safepoint region: Deoptimize
[2022-06-13T03:32:57.837+0000][1][safepoint    ] Leaving safepoint region
[2022-06-13T03:32:57.837+0000][1][safepoint    ] Total time for which application threads were stopped: 0.0004879 seconds, Stopping threads took: 0.0001724 seconds
[2022-06-13T03:32:57.845+0000][1][safepoint    ] Application time: 0.0078300 seconds
[2022-06-13T03:32:57.845+0000][1][safepoint    ] Entering safepoint region: Deoptimize
[2022-06-13T03:32:57.846+0000][1][safepoint    ] Leaving safepoint region
[2022-06-13T03:32:57.846+0000][1][safepoint    ] Total time for which application threads were stopped: 0.0005142 seconds, Stopping threads took: 0.0002248 seconds
[2022-06-13T03:32:58.099+0000][1][safepoint    ] Application time: 0.2531009 seconds
[2022-06-13T03:32:58.099+0000][1][safepoint    ] Entering safepoint region: Deoptimize
[2022-06-13T03:32:58.100+0000][1][safepoint    ] Leaving safepoint region
[2022-06-13T03:32:58.100+0000][1][safepoint    ] Total time for which application threads were stopped: 0.0005164 seconds, Stopping threads took: 0.0001269 seconds
[2022-06-13T03:32:58.262+0000][1][safepoint    ] Application time: 0.1617073 seconds
[2022-06-13T03:32:58.262+0000][1][safepoint    ] Entering safepoint region: RevokeBias
[2022-06-13T03:32:58.262+0000][1][safepoint    ] Leaving safepoint region
[2022-06-13T03:32:58.262+0000][1][safepoint    ] Total time for which application threads were stopped: 0.0004224 seconds, Stopping threads took: 0.0001579 seconds
[2022-06-13T03:32:58.332+0000][1][safepoint    ] Application time: 0.0692157 seconds
[2022-06-13T03:32:58.332+0000][1][safepoint    ] Entering safepoint region: Deoptimize
[2022-06-13T03:32:58.332+0000][1][safepoint    ] Leaving safepoint region
[2022-06-13T03:32:58.333+0000][1][safepoint    ] Total time for which application threads were stopped: 0.0006400 seconds, Stopping threads took: 0.0002042 seconds
[2022-06-13T03:32:58.399+0000][1][safepoint    ] Application time: 0.0658677 seconds
[2022-06-13T03:32:58.399+0000][1][safepoint    ] Entering safepoint region: Deoptimize
[2022-06-13T03:32:58.399+0000][1][safepoint    ] Leaving safepoint region
[2022-06-13T03:32:58.400+0000][1][safepoint    ] Total time for which application threads were stopped: 0.0006832 seconds, Stopping threads took: 0.0001871 seconds
[2022-06-13T03:32:58.400+0000][1][safepoint    ] Application time: 0.0001667 seconds
[2022-06-13T03:32:58.400+0000][1][safepoint    ] Entering safepoint region: Deoptimize
[2022-06-13T03:32:58.400+0000][1][safepoint    ] Leaving safepoint region
[2022-06-13T03:32:58.401+0000][1][safepoint    ] Total time for which application threads were stopped: 0.0004934 seconds, Stopping threads took: 0.0001637 seconds
[2022-06-13T03:32:58.424+0000][1][safepoint    ] Application time: 0.0232569 seconds
[2022-06-13T03:32:58.424+0000][1][safepoint    ] Entering safepoint region: Deoptimize
[2022-06-13T03:32:58.425+0000][1][safepoint    ] Leaving safepoint region
[2022-06-13T03:32:58.425+0000][1][safepoint    ] Total time for which application threads were stopped: 0.0005066 seconds, Stopping threads took: 0.0001282 seconds
[2022-06-13T03:32:58.430+0000][1][safepoint    ] Application time: 0.0054693 seconds
[2022-06-13T03:32:58.431+0000][1][safepoint    ] Entering safepoint region: RevokeBias
[2022-06-13T03:32:58.431+0000][1][safepoint    ] Leaving safepoint region
[2022-06-13T03:32:58.431+0000][1][safepoint    ] Total time for which application threads were stopped: 0.0006548 seconds, Stopping threads took: 0.0002265 seconds
[2022-06-13T03:32:58.432+0000][1][safepoint    ] Application time: 0.0001623 seconds
[2022-06-13T03:32:58.432+0000][1][safepoint    ] Entering safepoint region: RevokeBias
[2022-06-13T03:32:58.433+0000][1][safepoint    ] Leaving safepoint region
[2022-06-13T03:32:58.433+0000][1][safepoint    ] Total time for which application threads were stopped: 0.0007838 seconds, Stopping threads took: 0.0005743 seconds
[2022-06-13T03:32:58.433+0000][1][safepoint    ] Application time: 0.0001884 seconds
[2022-06-13T03:32:58.434+0000][1][safepoint    ] Entering safepoint region: RevokeBias
[2022-06-13T03:32:58.434+0000][1][safepoint    ] Leaving safepoint region
[2022-06-13T03:32:58.434+0000][1][safepoint    ] Total time for which application threads were stopped: 0.0003634 seconds, Stopping threads took: 0.0001565 seconds
[2022-06-13T03:32:58.434+0000][1][safepoint    ] Application time: 0.0002534 seconds
[2022-06-13T03:32:58.435+0000][1][safepoint    ] Entering safepoint region: RevokeBias
[2022-06-13T03:32:58.435+0000][1][safepoint    ] Leaving safepoint region
[2022-06-13T03:32:58.435+0000][1][safepoint    ] Total time for which application threads were stopped: 0.0003975 seconds, Stopping threads took: 0.0001997 seconds
[2022-06-13T03:32:58.442+0000][1][safepoint    ] Application time: 0.0069026 seconds
[2022-06-13T03:32:58.442+0000][1][safepoint    ] Entering safepoint region: Deoptimize
[2022-06-13T03:32:58.443+0000][1][safepoint    ] Leaving safepoint region
[2022-06-13T03:32:58.443+0000][1][safepoint    ] Total time for which application threads were stopped: 0.0007364 seconds, Stopping threads took: 0.0002113 seconds
[2022-06-13T03:32:58.516+0000][1][safepoint    ] Application time: 0.0706475 seconds
[2022-06-13T03:32:58.516+0000][1][safepoint    ] Entering safepoint region: GenCollectForAllocation
[2022-06-13T03:32:58.516+0000][1][gc,start     ] GC(0) Pause Young (Allocation Failure)
[2022-06-13T03:32:58.517+0000][1][gc,task      ] GC(0) Using 5 workers of 13 for evacuation
[2022-06-13T03:32:58.522+0000][1][gc,age       ] GC(0) Desired survivor size 4456448 bytes, new threshold 1 (max threshold 6)
[2022-06-13T03:32:58.522+0000][1][gc,age       ] GC(0) Age table with threshold 1 (max threshold 6)
[2022-06-13T03:32:58.522+0000][1][gc,age       ] GC(0) - age   1:    8188672 bytes,    8188672 total
[2022-06-13T03:32:58.523+0000][1][gc,heap      ] GC(0) ParNew: 69952K->8107K(78656K)
[2022-06-13T03:32:58.523+0000][1][gc,heap      ] GC(0) CMS: 0K->0K(174784K)
[2022-06-13T03:32:58.523+0000][1][gc,metaspace ] GC(0) Metaspace: 12168K->12168K(1060864K)
[2022-06-13T03:32:58.523+0000][1][gc           ] GC(0) Pause Young (Allocation Failure) 68M->7M(247M) 6.557ms
[2022-06-13T03:32:58.523+0000][1][gc,cpu       ] GC(0) User=0.02s Sys=0.00s Real=0.01s
[2022-06-13T03:32:58.523+0000][1][safepoint    ] Leaving safepoint region
[2022-06-13T03:32:58.523+0000][1][safepoint    ] Total time for which application threads were stopped: 0.0073860 seconds, Stopping threads took: 0.0002671 seconds
[2022-06-13T03:32:58.524+0000][1][safepoint    ] Application time: 0.0004564 seconds
[2022-06-13T03:32:58.524+0000][1][safepoint    ] Entering safepoint region: RevokeBias
[2022-06-13T03:32:58.524+0000][1][safepoint    ] Leaving safepoint region
[2022-06-13T03:32:58.525+0000][1][safepoint    ] Total time for which application threads were stopped: 0.0005013 seconds, Stopping threads took: 0.0003071 seconds
[2022-06-13T03:32:58.525+0000][1][safepoint    ] Application time: 0.0001354 seconds
[2022-06-13T03:32:58.525+0000][1][safepoint    ] Entering safepoint region: RevokeBias
[2022-06-13T03:32:58.525+0000][1][safepoint    ] Leaving safepoint region
[2022-06-13T03:32:58.525+0000][1][safepoint    ] Total time for which application threads were stopped: 0.0003991 seconds, Stopping threads took: 0.0002128 seconds
[2022-06-13T03:32:58.526+0000][1][safepoint    ] Application time: 0.0001120 seconds
[2022-06-13T03:32:58.526+0000][1][safepoint    ] Entering safepoint region: RevokeBias
[2022-06-13T03:32:58.526+0000][1][safepoint    ] Leaving safepoint region
[2022-06-13T03:32:58.526+0000][1][safepoint    ] Total time for which application threads were stopped: 0.0003248 seconds, Stopping threads took: 0.0001534 seconds
[2022-06-13T03:32:58.526+0000][1][safepoint    ] Application time: 0.0000734 seconds
[2022-06-13T03:32:58.527+0000][1][safepoint    ] Entering safepoint region: RevokeBias
[2022-06-13T03:32:58.527+0000][1][safepoint    ] Leaving safepoint region
[2022-06-13T03:32:58.527+0000][1][safepoint    ] Total time for which application threads were stopped: 0.0002986 seconds, Stopping threads took: 0.0001785 seconds
[2022-06-13T03:32:58.527+0000][1][safepoint    ] Application time: 0.0001564 seconds
[2022-06-13T03:32:58.527+0000][1][safepoint    ] Entering safepoint region: RevokeBias
[2022-06-13T03:32:58.527+0000][1][safepoint    ] Leaving safepoint region
[2022-06-13T03:32:58.527+0000][1][safepoint    ] Total time for which application threads were stopped: 0.0003474 seconds, Stopping threads took: 0.0001641 seconds
[2022-06-13T03:32:58.528+0000][1][safepoint    ] Application time: 0.0000897 seconds
[2022-06-13T03:32:58.528+0000][1][safepoint    ] Entering safepoint region: RevokeBias
[2022-06-13T03:32:58.528+0000][1][safepoint    ] Leaving safepoint region
[2022-06-13T03:32:58.528+0000][1][safepoint    ] Total time for which application threads were stopped: 0.0002861 seconds, Stopping threads took: 0.0001678 seconds
[2022-06-13T03:32:58.528+0000][1][safepoint    ] Application time: 0.0001096 seconds
[2022-06-13T03:32:58.529+0000][1][safepoint    ] Entering safepoint region: RevokeBias
[2022-06-13T03:32:58.529+0000][1][safepoint    ] Leaving safepoint region
[2022-06-13T03:32:58.529+0000][1][safepoint    ] Total time for which application threads were stopped: 0.0003295 seconds, Stopping threads took: 0.0001855 seconds
[2022-06-13T03:32:58.529+0000][1][safepoint    ] Application time: 0.0001053 seconds
[2022-06-13T03:32:58.529+0000][1][safepoint    ] Entering safepoint region: RevokeBias
[2022-06-13T03:32:58.529+0000][1][safepoint    ] Leaving safepoint region
[2022-06-13T03:32:58.529+0000][1][safepoint    ] Total time for which application threads were stopped: 0.0002799 seconds, Stopping threads took: 0.0001482 seconds
[2022-06-13T03:32:58.530+0000][1][safepoint    ] Application time: 0.0000958 seconds
[2022-06-13T03:32:58.530+0000][1][safepoint    ] Entering safepoint region: RevokeBias
[2022-06-13T03:32:58.530+0000][1][safepoint    ] Leaving safepoint region
[2022-06-13T03:32:58.530+0000][1][safepoint    ] Total time for which application threads were stopped: 0.0003011 seconds, Stopping threads took: 0.0001705 seconds
[2022-06-13T03:32:58.530+0000][1][safepoint    ] Application time: 0.0000884 seconds
[2022-06-13T03:32:58.530+0000][1][safepoint    ] Entering safepoint region: RevokeBias
[2022-06-13T03:32:58.531+0000][1][safepoint    ] Leaving safepoint region
[2022-06-13T03:32:58.531+0000][1][safepoint    ] Total time for which application threads were stopped: 0.0002295 seconds, Stopping threads took: 0.0001068 seconds
[2022-06-13T03:32:58.531+0000][1][safepoint    ] Application time: 0.0001606 seconds
[2022-06-13T03:32:58.531+0000][1][safepoint    ] Entering safepoint region: RevokeBias
[2022-06-13T03:32:58.531+0000][1][safepoint    ] Leaving safepoint region
[2022-06-13T03:32:58.531+0000][1][safepoint    ] Total time for which application threads were stopped: 0.0002949 seconds, Stopping threads took: 0.0001684 seconds
[2022-06-13T03:32:58.532+0000][1][safepoint    ] Application time: 0.0000852 seconds
[2022-06-13T03:32:58.532+0000][1][safepoint    ] Entering safepoint region: RevokeBias
[2022-06-13T03:32:58.532+0000][1][safepoint    ] Leaving safepoint region
[2022-06-13T03:32:58.532+0000][1][safepoint    ] Total time for which application threads were stopped: 0.0004027 seconds, Stopping threads took: 0.0002256 seconds
[2022-06-13T03:32:58.532+0000][1][safepoint    ] Application time: 0.0000763 seconds
[2022-06-13T03:32:58.532+0000][1][safepoint    ] Entering safepoint region: RevokeBias
[2022-06-13T03:32:58.533+0000][1][safepoint    ] Leaving safepoint region
[2022-06-13T03:32:58.533+0000][1][safepoint    ] Total time for which application threads were stopped: 0.0003163 seconds, Stopping threads took: 0.0001386 seconds
[2022-06-13T03:32:58.533+0000][1][safepoint    ] Application time: 0.0000725 seconds
[2022-06-13T03:32:58.533+0000][1][safepoint    ] Entering safepoint region: RevokeBias
[2022-06-13T03:32:58.533+0000][1][safepoint    ] Leaving safepoint region
[2022-06-13T03:32:58.533+0000][1][safepoint    ] Total time for which application threads were stopped: 0.0002412 seconds, Stopping threads took: 0.0001373 seconds
[2022-06-13T03:32:58.533+0000][1][safepoint    ] Application time: 0.0000839 seconds
[2022-06-13T03:32:58.534+0000][1][safepoint    ] Entering safepoint region: RevokeBias
[2022-06-13T03:32:58.534+0000][1][safepoint    ] Leaving safepoint region
[2022-06-13T03:32:58.534+0000][1][safepoint    ] Total time for which application threads were stopped: 0.0002080 seconds, Stopping threads took: 0.0000901 seconds
[2022-06-13T03:32:58.534+0000][1][safepoint    ] Application time: 0.0000743 seconds
[2022-06-13T03:32:58.534+0000][1][safepoint    ] Entering safepoint region: RevokeBias
[2022-06-13T03:32:58.534+0000][1][safepoint    ] Leaving safepoint region
[2022-06-13T03:32:58.534+0000][1][safepoint    ] Total time for which application threads were stopped: 0.0003382 seconds, Stopping threads took: 0.0001938 seconds
[2022-06-13T03:32:58.535+0000][1][safepoint    ] Application time: 0.0001775 seconds
[2022-06-13T03:32:58.535+0000][1][safepoint    ] Entering safepoint region: RevokeBias
[2022-06-13T03:32:58.535+0000][1][safepoint    ] Leaving safepoint region
[2022-06-13T03:32:58.535+0000][1][safepoint    ] Total time for which application threads were stopped: 0.0004917 seconds, Stopping threads took: 0.0003146 seconds
[2022-06-13T03:32:58.536+0000][1][safepoint    ] Application time: 0.0000962 seconds
[2022-06-13T03:32:58.536+0000][1][safepoint    ] Entering safepoint region: RevokeBias
[2022-06-13T03:32:58.536+0000][1][safepoint    ] Leaving safepoint region
[2022-06-13T03:32:58.536+0000][1][safepoint    ] Total time for which application threads were stopped: 0.0003359 seconds, Stopping threads took: 0.0001398 seconds
[2022-06-13T03:32:58.536+0000][1][safepoint    ] Application time: 0.0001843 seconds
[2022-06-13T03:32:58.537+0000][1][safepoint    ] Entering safepoint region: RevokeBias
[2022-06-13T03:32:58.537+0000][1][safepoint    ] Leaving safepoint region
[2022-06-13T03:32:58.537+0000][1][safepoint    ] Total time for which application threads were stopped: 0.0003416 seconds, Stopping threads took: 0.0001761 seconds
[2022-06-13T03:32:58.537+0000][1][safepoint    ] Application time: 0.0000845 seconds
[2022-06-13T03:32:58.537+0000][1][safepoint    ] Entering safepoint region: RevokeBias
[2022-06-13T03:32:58.537+0000][1][safepoint    ] Leaving safepoint region
[2022-06-13T03:32:58.538+0000][1][safepoint    ] Total time for which application threads were stopped: 0.0003440 seconds, Stopping threads took: 0.0001568 seconds
[2022-06-13T03:32:58.538+0000][1][safepoint    ] Application time: 0.0001064 seconds
[2022-06-13T03:32:58.538+0000][1][safepoint    ] Entering safepoint region: RevokeBias
[2022-06-13T03:32:58.538+0000][1][safepoint    ] Leaving safepoint region
[2022-06-13T03:32:58.538+0000][1][safepoint    ] Total time for which application threads were stopped: 0.0003626 seconds, Stopping threads took: 0.0002072 seconds
[2022-06-13T03:32:58.539+0000][1][safepoint    ] Application time: 0.0002647 seconds
[2022-06-13T03:32:58.539+0000][1][safepoint    ] Entering safepoint region: RevokeBias
[2022-06-13T03:32:58.539+0000][1][safepoint    ] Leaving safepoint region
[2022-06-13T03:32:58.539+0000][1][safepoint    ] Total time for which application threads were stopped: 0.0002987 seconds, Stopping threads took: 0.0001517 seconds
[2022-06-13T03:32:58.539+0000][1][safepoint    ] Application time: 0.0000995 seconds
[2022-06-13T03:32:58.540+0000][1][safepoint    ] Entering safepoint region: RevokeBias
[2022-06-13T03:32:58.540+0000][1][safepoint    ] Leaving safepoint region
[2022-06-13T03:32:58.540+0000][1][safepoint    ] Total time for which application threads were stopped: 0.0003408 seconds, Stopping threads took: 0.0001426 seconds
[2022-06-13T03:32:58.540+0000][1][safepoint    ] Application time: 0.0000401 seconds
[2022-06-13T03:32:58.540+0000][1][safepoint    ] Entering safepoint region: RevokeBias
[2022-06-13T03:32:58.540+0000][1][safepoint    ] Leaving safepoint region
[2022-06-13T03:32:58.541+0000][1][safepoint    ] Total time for which application threads were stopped: 0.0003170 seconds, Stopping threads took: 0.0001564 seconds
[2022-06-13T03:32:58.541+0000][1][safepoint    ] Application time: 0.0001029 seconds
[2022-06-13T03:32:58.541+0000][1][safepoint    ] Entering safepoint region: RevokeBias
[2022-06-13T03:32:58.541+0000][1][safepoint    ] Leaving safepoint region
[2022-06-13T03:32:58.541+0000][1][safepoint    ] Total time for which application threads were stopped: 0.0004884 seconds, Stopping threads took: 0.0003161 seconds
[2022-06-13T03:32:58.542+0000][1][safepoint    ] Application time: 0.0000999 seconds
[2022-06-13T03:32:58.542+0000][1][safepoint    ] Entering safepoint region: RevokeBias
[2022-06-13T03:32:58.542+0000][1][safepoint    ] Leaving safepoint region
[2022-06-13T03:32:58.542+0000][1][safepoint    ] Total time for which application threads were stopped: 0.0003535 seconds, Stopping threads took: 0.0001920 seconds
[2022-06-13T03:32:58.701+0000][1][safepoint    ] Application time: 0.1588080 seconds
[2022-06-13T03:32:58.701+0000][1][safepoint    ] Entering safepoint region: Deoptimize
[2022-06-13T03:32:58.702+0000][1][safepoint    ] Leaving safepoint region
[2022-06-13T03:32:58.702+0000][1][safepoint    ] Total time for which application threads were stopped: 0.0007827 seconds, Stopping threads took: 0.0002208 seconds
[2022-06-13T03:32:58.844+0000][1][safepoint    ] Application time: 0.1422519 seconds
[2022-06-13T03:32:58.845+0000][1][safepoint    ] Entering safepoint region: RevokeBias
[2022-06-13T03:32:58.845+0000][1][safepoint    ] Leaving safepoint region
[2022-06-13T03:32:58.845+0000][1][safepoint    ] Total time for which application threads were stopped: 0.0004341 seconds, Stopping threads took: 0.0001741 seconds
[2022-06-13T03:32:58.902+0000][1][safepoint    ] Application time: 0.0567190 seconds
[2022-06-13T03:32:58.902+0000][1][safepoint    ] Entering safepoint region: RevokeBias
[2022-06-13T03:32:58.903+0000][1][safepoint    ] Leaving safepoint region
[2022-06-13T03:32:58.903+0000][1][safepoint    ] Total time for which application threads were stopped: 0.0004369 seconds, Stopping threads took: 0.0002151 seconds
[2022-06-13T03:32:58.906+0000][1][safepoint    ] Application time: 0.0027447 seconds
[2022-06-13T03:32:58.906+0000][1][safepoint    ] Entering safepoint region: RevokeBias
[2022-06-13T03:32:58.906+0000][1][safepoint    ] Leaving safepoint region
[2022-06-13T03:32:58.906+0000][1][safepoint    ] Total time for which application threads were stopped: 0.0002640 seconds, Stopping threads took: 0.0001217 seconds
[2022-06-13T03:32:58.924+0000][1][safepoint    ] Application time: 0.0173284 seconds
[2022-06-13T03:32:58.929+0000][1][safepoint    ] Entering safepoint region: GenCollectForAllocation
[2022-06-13T03:32:58.930+0000][1][gc,start     ] GC(1) Pause Young (Allocation Failure)
[2022-06-13T03:32:58.930+0000][1][gc,task      ] GC(1) Using 5 workers of 13 for evacuation
[2022-06-13T03:32:58.946+0000][1][gc,age       ] GC(1) Desired survivor size 4456448 bytes, new threshold 6 (max threshold 6)
[2022-06-13T03:32:58.946+0000][1][gc,age       ] GC(1) Age table with threshold 6 (max threshold 6)
[2022-06-13T03:32:58.946+0000][1][gc,age       ] GC(1) - age   1:    2035864 bytes,    2035864 total
[2022-06-13T03:32:58.947+0000][1][gc,heap      ] GC(1) ParNew: 78059K->5443K(78656K)
[2022-06-13T03:32:58.947+0000][1][gc,heap      ] GC(1) CMS: 0K->6626K(174784K)
[2022-06-13T03:32:58.947+0000][1][gc,metaspace ] GC(1) Metaspace: 14808K->14808K(1062912K)
[2022-06-13T03:32:58.947+0000][1][gc           ] GC(1) Pause Young (Allocation Failure) 76M->11M(247M) 17.454ms
[2022-06-13T03:32:58.947+0000][1][gc,cpu       ] GC(1) User=0.05s Sys=0.00s Real=0.01s
[2022-06-13T03:32:58.947+0000][1][safepoint    ] Leaving safepoint region
[2022-06-13T03:32:58.947+0000][1][safepoint    ] Total time for which application threads were stopped: 0.0233245 seconds, Stopping threads took: 0.0053151 seconds
[2022-06-13T03:32:58.949+0000][1][safepoint    ] Application time: 0.0016043 seconds
[2022-06-13T03:32:58.949+0000][1][safepoint    ] Entering safepoint region: BulkRevokeBias
[2022-06-13T03:32:58.950+0000][1][safepoint    ] Leaving safepoint region
[2022-06-13T03:32:58.950+0000][1][safepoint    ] Total time for which application threads were stopped: 0.0004102 seconds, Stopping threads took: 0.0001571 seconds
[2022-06-13T03:32:58.950+0000][1][safepoint    ] Application time: 0.0001049 seconds
[2022-06-13T03:32:58.950+0000][1][safepoint    ] Entering safepoint region: RevokeBias
[2022-06-13T03:32:58.950+0000][1][safepoint    ] Leaving safepoint region
[2022-06-13T03:32:58.950+0000][1][safepoint    ] Total time for which application threads were stopped: 0.0003179 seconds, Stopping threads took: 0.0001354 seconds
[2022-06-13T03:32:58.951+0000][1][safepoint    ] Application time: 0.0000906 seconds
[2022-06-13T03:32:58.951+0000][1][safepoint    ] Entering safepoint region: RevokeBias
[2022-06-13T03:32:58.951+0000][1][safepoint    ] Leaving safepoint region
[2022-06-13T03:32:58.951+0000][1][safepoint    ] Total time for which application threads were stopped: 0.0002606 seconds, Stopping threads took: 0.0001368 seconds
[2022-06-13T03:32:58.951+0000][1][safepoint    ] Application time: 0.0001148 seconds
[2022-06-13T03:32:58.952+0000][1][safepoint    ] Entering safepoint region: RevokeBias
[2022-06-13T03:32:58.952+0000][1][safepoint    ] Leaving safepoint region
[2022-06-13T03:32:58.952+0000][1][safepoint    ] Total time for which application threads were stopped: 0.0003119 seconds, Stopping threads took: 0.0001507 seconds
[2022-06-13T03:32:58.952+0000][1][safepoint    ] Application time: 0.0001078 seconds
[2022-06-13T03:32:58.952+0000][1][safepoint    ] Entering safepoint region: RevokeBias
[2022-06-13T03:32:58.952+0000][1][safepoint    ] Leaving safepoint region
[2022-06-13T03:32:58.953+0000][1][safepoint    ] Total time for which application threads were stopped: 0.0003040 seconds, Stopping threads took: 0.0001493 seconds
[2022-06-13T03:32:58.953+0000][1][safepoint    ] Application time: 0.0000931 seconds
[2022-06-13T03:32:58.953+0000][1][safepoint    ] Entering safepoint region: RevokeBias
[2022-06-13T03:32:58.953+0000][1][safepoint    ] Leaving safepoint region
[2022-06-13T03:32:58.953+0000][1][safepoint    ] Total time for which application threads were stopped: 0.0004266 seconds, Stopping threads took: 0.0002351 seconds
[2022-06-13T03:32:58.954+0000][1][safepoint    ] Application time: 0.0002333 seconds
[2022-06-13T03:32:58.954+0000][1][safepoint    ] Entering safepoint region: RevokeBias
[2022-06-13T03:32:58.954+0000][1][safepoint    ] Leaving safepoint region
[2022-06-13T03:32:58.954+0000][1][safepoint    ] Total time for which application threads were stopped: 0.0003560 seconds, Stopping threads took: 0.0001690 seconds
[2022-06-13T03:32:58.955+0000][1][safepoint    ] Application time: 0.0000923 seconds
[2022-06-13T03:32:58.955+0000][1][safepoint    ] Entering safepoint region: RevokeBias
[2022-06-13T03:32:58.955+0000][1][safepoint    ] Leaving safepoint region
[2022-06-13T03:32:58.955+0000][1][safepoint    ] Total time for which application threads were stopped: 0.0002590 seconds, Stopping threads took: 0.0001164 seconds
[2022-06-13T03:32:58.955+0000][1][safepoint    ] Application time: 0.0000735 seconds
[2022-06-13T03:32:58.955+0000][1][safepoint    ] Entering safepoint region: RevokeBias
[2022-06-13T03:32:58.956+0000][1][safepoint    ] Leaving safepoint region
[2022-06-13T03:32:58.956+0000][1][safepoint    ] Total time for which application threads were stopped: 0.0003112 seconds, Stopping threads took: 0.0001463 seconds
[2022-06-13T03:32:58.956+0000][1][safepoint    ] Application time: 0.0000789 seconds
[2022-06-13T03:32:58.956+0000][1][safepoint    ] Entering safepoint region: RevokeBias
[2022-06-13T03:32:58.956+0000][1][safepoint    ] Leaving safepoint region
[2022-06-13T03:32:58.956+0000][1][safepoint    ] Total time for which application threads were stopped: 0.0003228 seconds, Stopping threads took: 0.0001575 seconds
[2022-06-13T03:32:58.957+0000][1][safepoint    ] Application time: 0.0001036 seconds
[2022-06-13T03:32:58.957+0000][1][safepoint    ] Entering safepoint region: BulkRevokeBias
[2022-06-13T03:32:58.958+0000][1][safepoint    ] Leaving safepoint region
[2022-06-13T03:32:58.958+0000][1][safepoint    ] Total time for which application threads were stopped: 0.0008108 seconds, Stopping threads took: 0.0002585 seconds
[2022-06-13T03:32:58.958+0000][1][safepoint    ] Application time: 0.0000599 seconds
[2022-06-13T03:32:58.958+0000][1][safepoint    ] Entering safepoint region: RevokeBias
[2022-06-13T03:32:58.958+0000][1][safepoint    ] Leaving safepoint region
[2022-06-13T03:32:58.959+0000][1][safepoint    ] Total time for which application threads were stopped: 0.0005137 seconds, Stopping threads took: 0.0003318 seconds
[2022-06-13T03:32:58.959+0000][1][safepoint    ] Application time: 0.0000632 seconds
[2022-06-13T03:32:58.959+0000][1][safepoint    ] Entering safepoint region: BulkRevokeBias
[2022-06-13T03:32:58.959+0000][1][safepoint    ] Leaving safepoint region
[2022-06-13T03:32:58.959+0000][1][safepoint    ] Total time for which application threads were stopped: 0.0003974 seconds, Stopping threads took: 0.0001884 seconds
[2022-06-13T03:32:59.064+0000][1][safepoint    ] Application time: 0.1044800 seconds
[2022-06-13T03:32:59.064+0000][1][safepoint    ] Entering safepoint region: GenCollectForAllocation
[2022-06-13T03:32:59.065+0000][1][gc,start     ] GC(2) Pause Young (Allocation Failure)
[2022-06-13T03:32:59.065+0000][1][gc,task      ] GC(2) Using 5 workers of 13 for evacuation
[2022-06-13T03:32:59.068+0000][1][gc,age       ] GC(2) Desired survivor size 4456448 bytes, new threshold 6 (max threshold 6)
[2022-06-13T03:32:59.068+0000][1][gc,age       ] GC(2) Age table with threshold 6 (max threshold 6)
[2022-06-13T03:32:59.068+0000][1][gc,age       ] GC(2) - age   1:    2579952 bytes,    2579952 total
[2022-06-13T03:32:59.068+0000][1][gc,age       ] GC(2) - age   2:    1204616 bytes,    3784568 total
[2022-06-13T03:32:59.068+0000][1][gc,heap      ] GC(2) ParNew: 75395K->4458K(78656K)
[2022-06-13T03:32:59.068+0000][1][gc,heap      ] GC(2) CMS: 6626K->6626K(174784K)
[2022-06-13T03:32:59.069+0000][1][gc,metaspace ] GC(2) Metaspace: 14941K->14941K(1062912K)
[2022-06-13T03:32:59.069+0000][1][gc           ] GC(2) Pause Young (Allocation Failure) 80M->10M(247M) 3.813ms
[2022-06-13T03:32:59.069+0000][1][gc,cpu       ] GC(2) User=0.02s Sys=0.00s Real=0.00s
[2022-06-13T03:32:59.069+0000][1][safepoint    ] Leaving safepoint region
[2022-06-13T03:32:59.069+0000][1][safepoint    ] Total time for which application threads were stopped: 0.0044910 seconds, Stopping threads took: 0.0002793 seconds
[2022-06-13T03:32:59.069+0000][1][safepoint    ] Application time: 0.0002978 seconds
[2022-06-13T03:32:59.070+0000][1][safepoint    ] Entering safepoint region: RevokeBias
[2022-06-13T03:32:59.070+0000][1][safepoint    ] Leaving safepoint region
[2022-06-13T03:32:59.070+0000][1][safepoint    ] Total time for which application threads were stopped: 0.0005382 seconds, Stopping threads took: 0.0002038 seconds
[2022-06-13T03:32:59.070+0000][1][safepoint    ] Application time: 0.0000940 seconds
[2022-06-13T03:32:59.071+0000][1][safepoint    ] Entering safepoint region: RevokeBias
[2022-06-13T03:32:59.071+0000][1][safepoint    ] Leaving safepoint region
[2022-06-13T03:32:59.071+0000][1][safepoint    ] Total time for which application threads were stopped: 0.0005884 seconds, Stopping threads took: 0.0002162 seconds
[2022-06-13T03:32:59.072+0000][1][safepoint    ] Application time: 0.0003951 seconds
[2022-06-13T03:32:59.072+0000][1][safepoint    ] Entering safepoint region: RevokeBias
[2022-06-13T03:32:59.072+0000][1][safepoint    ] Leaving safepoint region
[2022-06-13T03:32:59.072+0000][1][safepoint    ] Total time for which application threads were stopped: 0.0003238 seconds, Stopping threads took: 0.0001331 seconds
[2022-06-13T03:32:59.072+0000][1][safepoint    ] Application time: 0.0000799 seconds
[2022-06-13T03:32:59.073+0000][1][safepoint    ] Entering safepoint region: RevokeBias
[2022-06-13T03:32:59.073+0000][1][safepoint    ] Leaving safepoint region
[2022-06-13T03:32:59.073+0000][1][safepoint    ] Total time for which application threads were stopped: 0.0003751 seconds, Stopping threads took: 0.0001939 seconds
[2022-06-13T03:32:59.073+0000][1][safepoint    ] Application time: 0.0000591 seconds
[2022-06-13T03:32:59.073+0000][1][safepoint    ] Entering safepoint region: RevokeBias
[2022-06-13T03:32:59.074+0000][1][safepoint    ] Leaving safepoint region
[2022-06-13T03:32:59.074+0000][1][safepoint    ] Total time for which application threads were stopped: 0.0003843 seconds, Stopping threads took: 0.0001760 seconds
[2022-06-13T03:32:59.074+0000][1][safepoint    ] Application time: 0.0000463 seconds
[2022-06-13T03:32:59.074+0000][1][safepoint    ] Entering safepoint region: RevokeBias
[2022-06-13T03:32:59.074+0000][1][safepoint    ] Leaving safepoint region
[2022-06-13T03:32:59.074+0000][1][safepoint    ] Total time for which application threads were stopped: 0.0004291 seconds, Stopping threads took: 0.0002285 seconds
[2022-06-13T03:32:59.190+0000][1][safepoint    ] Application time: 0.1155454 seconds
[2022-06-13T03:32:59.190+0000][1][safepoint    ] Entering safepoint region: Deoptimize
[2022-06-13T03:32:59.191+0000][1][safepoint    ] Leaving safepoint region
[2022-06-13T03:32:59.191+0000][1][safepoint    ] Total time for which application threads were stopped: 0.0008822 seconds, Stopping threads took: 0.0001775 seconds
[2022-06-13T03:32:59.192+0000][1][safepoint    ] Application time: 0.0005077 seconds
[2022-06-13T03:32:59.192+0000][1][safepoint    ] Entering safepoint region: Deoptimize
[2022-06-13T03:32:59.192+0000][1][safepoint    ] Leaving safepoint region
[2022-06-13T03:32:59.192+0000][1][safepoint    ] Total time for which application threads were stopped: 0.0005623 seconds, Stopping threads took: 0.0001048 seconds
[2022-06-13T03:32:59.349+0000][1][safepoint    ] Application time: 0.1561705 seconds
[2022-06-13T03:32:59.349+0000][1][safepoint    ] Entering safepoint region: GenCollectForAllocation
[2022-06-13T03:32:59.350+0000][1][gc,start     ] GC(3) Pause Young (Allocation Failure)
[2022-06-13T03:32:59.351+0000][1][gc,task      ] GC(3) Using 5 workers of 13 for evacuation
[2022-06-13T03:32:59.359+0000][1][gc,age       ] GC(3) Desired survivor size 4456448 bytes, new threshold 3 (max threshold 6)
[2022-06-13T03:32:59.360+0000][1][gc,age       ] GC(3) Age table with threshold 3 (max threshold 6)
[2022-06-13T03:32:59.360+0000][1][gc,age       ] GC(3) - age   1:    3259584 bytes,    3259584 total
[2022-06-13T03:32:59.360+0000][1][gc,age       ] GC(3) - age   2:     294104 bytes,    3553688 total
[2022-06-13T03:32:59.360+0000][1][gc,age       ] GC(3) - age   3:    1201312 bytes,    4755000 total
[2022-06-13T03:32:59.361+0000][1][gc,heap      ] GC(3) ParNew: 74410K->5357K(78656K)
[2022-06-13T03:32:59.361+0000][1][gc,heap      ] GC(3) CMS: 6626K->6626K(174784K)
[2022-06-13T03:32:59.361+0000][1][gc,metaspace ] GC(3) Metaspace: 18383K->18383K(1067008K)
[2022-06-13T03:32:59.361+0000][1][gc           ] GC(3) Pause Young (Allocation Failure) 79M->11M(247M) 11.557ms
[2022-06-13T03:32:59.361+0000][1][gc,cpu       ] GC(3) User=0.05s Sys=0.00s Real=0.01s
[2022-06-13T03:32:59.361+0000][1][safepoint    ] Leaving safepoint region
[2022-06-13T03:32:59.362+0000][1][safepoint    ] Total time for which application threads were stopped: 0.0124064 seconds, Stopping threads took: 0.0002106 seconds
[2022-06-13T03:32:59.362+0000][1][safepoint    ] Application time: 0.0002435 seconds
[2022-06-13T03:32:59.362+0000][1][safepoint    ] Entering safepoint region: RevokeBias
[2022-06-13T03:32:59.363+0000][1][safepoint    ] Leaving safepoint region
[2022-06-13T03:32:59.363+0000][1][safepoint    ] Total time for which application threads were stopped: 0.0005797 seconds, Stopping threads took: 0.0003716 seconds
[2022-06-13T03:32:59.363+0000][1][safepoint    ] Application time: 0.0000830 seconds
[2022-06-13T03:32:59.363+0000][1][safepoint    ] Entering safepoint region: RevokeBias
[2022-06-13T03:32:59.363+0000][1][safepoint    ] Leaving safepoint region
[2022-06-13T03:32:59.363+0000][1][safepoint    ] Total time for which application threads were stopped: 0.0003837 seconds, Stopping threads took: 0.0002403 seconds
[2022-06-13T03:32:59.364+0000][1][safepoint    ] Application time: 0.0000863 seconds
[2022-06-13T03:32:59.364+0000][1][safepoint    ] Entering safepoint region: RevokeBias
[2022-06-13T03:32:59.364+0000][1][safepoint    ] Leaving safepoint region
[2022-06-13T03:32:59.364+0000][1][safepoint    ] Total time for which application threads were stopped: 0.0003321 seconds, Stopping threads took: 0.0001850 seconds
[2022-06-13T03:32:59.364+0000][1][safepoint    ] Application time: 0.0000420 seconds
[2022-06-13T03:32:59.364+0000][1][safepoint    ] Entering safepoint region: RevokeBias
[2022-06-13T03:32:59.365+0000][1][safepoint    ] Leaving safepoint region
[2022-06-13T03:32:59.365+0000][1][safepoint    ] Total time for which application threads were stopped: 0.0002776 seconds, Stopping threads took: 0.0001369 seconds
[2022-06-13T03:32:59.365+0000][1][safepoint    ] Application time: 0.0000810 seconds
[2022-06-13T03:32:59.365+0000][1][safepoint    ] Entering safepoint region: RevokeBias
[2022-06-13T03:32:59.365+0000][1][safepoint    ] Leaving safepoint region
[2022-06-13T03:32:59.365+0000][1][safepoint    ] Total time for which application threads were stopped: 0.0003125 seconds, Stopping threads took: 0.0001393 seconds
[2022-06-13T03:32:59.365+0000][1][safepoint    ] Application time: 0.0000822 seconds
[2022-06-13T03:32:59.366+0000][1][safepoint    ] Entering safepoint region: RevokeBias
[2022-06-13T03:32:59.366+0000][1][safepoint    ] Leaving safepoint region
[2022-06-13T03:32:59.366+0000][1][safepoint    ] Total time for which application threads were stopped: 0.0002738 seconds, Stopping threads took: 0.0001247 seconds
[2022-06-13T03:32:59.366+0000][1][safepoint    ] Application time: 0.0000706 seconds
[2022-06-13T03:32:59.366+0000][1][safepoint    ] Entering safepoint region: RevokeBias
[2022-06-13T03:32:59.366+0000][1][safepoint    ] Leaving safepoint region
[2022-06-13T03:32:59.366+0000][1][safepoint    ] Total time for which application threads were stopped: 0.0003663 seconds, Stopping threads took: 0.0001534 seconds
[2022-06-13T03:32:59.367+0000][1][safepoint    ] Application time: 0.0000643 seconds
[2022-06-13T03:32:59.367+0000][1][safepoint    ] Entering safepoint region: RevokeBias
[2022-06-13T03:32:59.367+0000][1][safepoint    ] Leaving safepoint region
[2022-06-13T03:32:59.367+0000][1][safepoint    ] Total time for which application threads were stopped: 0.0002707 seconds, Stopping threads took: 0.0001264 seconds
[2022-06-13T03:32:59.367+0000][1][safepoint    ] Application time: 0.0000593 seconds
[2022-06-13T03:32:59.367+0000][1][safepoint    ] Entering safepoint region: RevokeBias
[2022-06-13T03:32:59.367+0000][1][safepoint    ] Leaving safepoint region
[2022-06-13T03:32:59.368+0000][1][safepoint    ] Total time for which application threads were stopped: 0.0002509 seconds, Stopping threads took: 0.0001268 seconds
[2022-06-13T03:32:59.368+0000][1][safepoint    ] Application time: 0.0000611 seconds
[2022-06-13T03:32:59.368+0000][1][safepoint    ] Entering safepoint region: RevokeBias
[2022-06-13T03:32:59.368+0000][1][safepoint    ] Leaving safepoint region
[2022-06-13T03:32:59.368+0000][1][safepoint    ] Total time for which application threads were stopped: 0.0002496 seconds, Stopping threads took: 0.0001267 seconds
[2022-06-13T03:32:59.368+0000][1][safepoint    ] Application time: 0.0000861 seconds
[2022-06-13T03:32:59.368+0000][1][safepoint    ] Entering safepoint region: RevokeBias
[2022-06-13T03:32:59.369+0000][1][safepoint    ] Leaving safepoint region
[2022-06-13T03:32:59.369+0000][1][safepoint    ] Total time for which application threads were stopped: 0.0003149 seconds, Stopping threads took: 0.0001235 seconds
[2022-06-13T03:32:59.369+0000][1][safepoint    ] Application time: 0.0001024 seconds
[2022-06-13T03:32:59.372+0000][1][safepoint    ] Entering safepoint region: RevokeBias
[2022-06-13T03:32:59.372+0000][1][safepoint    ] Leaving safepoint region
[2022-06-13T03:32:59.372+0000][1][safepoint    ] Total time for which application threads were stopped: 0.0023610 seconds, Stopping threads took: 0.0021718 seconds
[2022-06-13T03:32:59.372+0000][1][safepoint    ] Application time: 0.0000891 seconds
[2022-06-13T03:32:59.373+0000][1][safepoint    ] Entering safepoint region: RevokeBias
[2022-06-13T03:32:59.373+0000][1][safepoint    ] Leaving safepoint region
[2022-06-13T03:32:59.373+0000][1][safepoint    ] Total time for which application threads were stopped: 0.0006481 seconds, Stopping threads took: 0.0004628 seconds
[2022-06-13T03:32:59.373+0000][1][safepoint    ] Application time: 0.0000914 seconds
[2022-06-13T03:32:59.373+0000][1][safepoint    ] Entering safepoint region: RevokeBias
[2022-06-13T03:32:59.373+0000][1][safepoint    ] Leaving safepoint region
[2022-06-13T03:32:59.373+0000][1][safepoint    ] Total time for which application threads were stopped: 0.0002739 seconds, Stopping threads took: 0.0001251 seconds
[2022-06-13T03:32:59.374+0000][1][safepoint    ] Application time: 0.0000960 seconds
[2022-06-13T03:32:59.374+0000][1][safepoint    ] Entering safepoint region: RevokeBias
[2022-06-13T03:32:59.374+0000][1][safepoint    ] Leaving safepoint region
[2022-06-13T03:32:59.374+0000][1][safepoint    ] Total time for which application threads were stopped: 0.0003970 seconds, Stopping threads took: 0.0001556 seconds
[2022-06-13T03:32:59.374+0000][1][safepoint    ] Application time: 0.0001061 seconds
[2022-06-13T03:32:59.375+0000][1][safepoint    ] Entering safepoint region: RevokeBias
[2022-06-13T03:32:59.375+0000][1][safepoint    ] Leaving safepoint region
[2022-06-13T03:32:59.375+0000][1][safepoint    ] Total time for which application threads were stopped: 0.0003913 seconds, Stopping threads took: 0.0002003 seconds
[2022-06-13T03:32:59.375+0000][1][safepoint    ] Application time: 0.0000419 seconds
[2022-06-13T03:32:59.375+0000][1][safepoint    ] Entering safepoint region: RevokeBias
[2022-06-13T03:32:59.376+0000][1][safepoint    ] Leaving safepoint region
[2022-06-13T03:32:59.376+0000][1][safepoint    ] Total time for which application threads were stopped: 0.0003001 seconds, Stopping threads took: 0.0001386 seconds
[2022-06-13T03:32:59.376+0000][1][safepoint    ] Application time: 0.0000548 seconds
[2022-06-13T03:32:59.376+0000][1][safepoint    ] Entering safepoint region: RevokeBias
[2022-06-13T03:32:59.376+0000][1][safepoint    ] Leaving safepoint region
[2022-06-13T03:32:59.376+0000][1][safepoint    ] Total time for which application threads were stopped: 0.0003360 seconds, Stopping threads took: 0.0001454 seconds
[2022-06-13T03:32:59.377+0000][1][safepoint    ] Application time: 0.0000354 seconds
[2022-06-13T03:32:59.377+0000][1][safepoint    ] Entering safepoint region: RevokeBias
[2022-06-13T03:32:59.377+0000][1][safepoint    ] Leaving safepoint region
[2022-06-13T03:32:59.378+0000][1][safepoint    ] Total time for which application threads were stopped: 0.0008978 seconds, Stopping threads took: 0.0001402 seconds
[2022-06-13T03:32:59.378+0000][1][safepoint    ] Application time: 0.0000452 seconds
[2022-06-13T03:32:59.378+0000][1][safepoint    ] Entering safepoint region: RevokeBias
[2022-06-13T03:32:59.378+0000][1][safepoint    ] Leaving safepoint region
[2022-06-13T03:32:59.379+0000][1][safepoint    ] Total time for which application threads were stopped: 0.0007582 seconds, Stopping threads took: 0.0003721 seconds
[2022-06-13T03:32:59.379+0000][1][safepoint    ] Application time: 0.0000841 seconds
[2022-06-13T03:32:59.380+0000][1][safepoint    ] Entering safepoint region: RevokeBias
[2022-06-13T03:32:59.380+0000][1][safepoint    ] Leaving safepoint region
[2022-06-13T03:32:59.381+0000][1][safepoint    ] Total time for which application threads were stopped: 0.0009280 seconds, Stopping threads took: 0.0004811 seconds
[2022-06-13T03:32:59.516+0000][1][safepoint    ] Application time: 0.1340749 seconds
[2022-06-13T03:32:59.516+0000][1][safepoint    ] Entering safepoint region: GenCollectForAllocation
[2022-06-13T03:32:59.517+0000][1][gc,start     ] GC(4) Pause Young (Allocation Failure)
[2022-06-13T03:32:59.517+0000][1][gc,task      ] GC(4) Using 5 workers of 13 for evacuation
[2022-06-13T03:32:59.520+0000][1][gc,age       ] GC(4) Desired survivor size 4456448 bytes, new threshold 2 (max threshold 6)
[2022-06-13T03:32:59.520+0000][1][gc,age       ] GC(4) Age table with threshold 2 (max threshold 6)
[2022-06-13T03:32:59.520+0000][1][gc,age       ] GC(4) - age   1:    1605840 bytes,    1605840 total
[2022-06-13T03:32:59.520+0000][1][gc,age       ] GC(4) - age   2:    3223976 bytes,    4829816 total
[2022-06-13T03:32:59.520+0000][1][gc,age       ] GC(4) - age   3:     293576 bytes,    5123392 total
[2022-06-13T03:32:59.521+0000][1][gc,heap      ] GC(4) ParNew: 75309K->7483K(78656K)
[2022-06-13T03:32:59.521+0000][1][gc,heap      ] GC(4) CMS: 6626K->7817K(174784K)
[2022-06-13T03:32:59.521+0000][1][gc,metaspace ] GC(4) Metaspace: 18660K->18660K(1067008K)
[2022-06-13T03:32:59.521+0000][1][gc           ] GC(4) Pause Young (Allocation Failure) 80M->14M(247M) 4.374ms
[2022-06-13T03:32:59.521+0000][1][gc,cpu       ] GC(4) User=0.02s Sys=0.00s Real=0.01s
[2022-06-13T03:32:59.521+0000][1][safepoint    ] Leaving safepoint region
[2022-06-13T03:32:59.521+0000][1][safepoint    ] Total time for which application threads were stopped: 0.0051214 seconds, Stopping threads took: 0.0001595 seconds
[2022-06-13T03:32:59.522+0000][1][safepoint    ] Application time: 0.0001906 seconds
[2022-06-13T03:32:59.522+0000][1][safepoint    ] Entering safepoint region: RevokeBias
[2022-06-13T03:32:59.522+0000][1][safepoint    ] Leaving safepoint region
[2022-06-13T03:32:59.522+0000][1][safepoint    ] Total time for which application threads were stopped: 0.0003303 seconds, Stopping threads took: 0.0001650 seconds
[2022-06-13T03:32:59.522+0000][1][safepoint    ] Application time: 0.0000953 seconds
[2022-06-13T03:32:59.523+0000][1][safepoint    ] Entering safepoint region: RevokeBias
[2022-06-13T03:32:59.523+0000][1][safepoint    ] Leaving safepoint region
[2022-06-13T03:32:59.523+0000][1][safepoint    ] Total time for which application threads were stopped: 0.0003342 seconds, Stopping threads took: 0.0001625 seconds
[2022-06-13T03:32:59.523+0000][1][safepoint    ] Application time: 0.0001050 seconds
[2022-06-13T03:32:59.523+0000][1][safepoint    ] Entering safepoint region: RevokeBias
[2022-06-13T03:32:59.523+0000][1][safepoint    ] Leaving safepoint region
[2022-06-13T03:32:59.524+0000][1][safepoint    ] Total time for which application threads were stopped: 0.0002724 seconds, Stopping threads took: 0.0001165 seconds
[2022-06-13T03:32:59.524+0000][1][safepoint    ] Application time: 0.0000469 seconds
[2022-06-13T03:32:59.524+0000][1][safepoint    ] Entering safepoint region: RevokeBias
[2022-06-13T03:32:59.524+0000][1][safepoint    ] Leaving safepoint region
[2022-06-13T03:32:59.524+0000][1][safepoint    ] Total time for which application threads were stopped: 0.0003242 seconds, Stopping threads took: 0.0001522 seconds
[2022-06-13T03:32:59.546+0000][1][safepoint    ] Application time: 0.0217244 seconds
[2022-06-13T03:32:59.546+0000][1][safepoint    ] Entering safepoint region: Deoptimize
[2022-06-13T03:32:59.547+0000][1][safepoint    ] Leaving safepoint region
[2022-06-13T03:32:59.547+0000][1][safepoint    ] Total time for which application threads were stopped: 0.0007818 seconds, Stopping threads took: 0.0001664 seconds
[2022-06-13T03:32:59.578+0000][1][safepoint    ] Application time: 0.0309042 seconds
[2022-06-13T03:32:59.578+0000][1][safepoint    ] Entering safepoint region: Deoptimize
[2022-06-13T03:32:59.579+0000][1][safepoint    ] Leaving safepoint region
[2022-06-13T03:32:59.579+0000][1][safepoint    ] Total time for which application threads were stopped: 0.0009104 seconds, Stopping threads took: 0.0002227 seconds
[2022-06-13T03:32:59.671+0000][1][safepoint    ] Application time: 0.0914135 seconds
[2022-06-13T03:32:59.671+0000][1][safepoint    ] Entering safepoint region: GenCollectForAllocation
[2022-06-13T03:32:59.671+0000][1][gc,start     ] GC(5) Pause Young (Allocation Failure)
[2022-06-13T03:32:59.672+0000][1][gc,task      ] GC(5) Using 5 workers of 13 for evacuation
[2022-06-13T03:32:59.690+0000][1][gc,age       ] GC(5) Desired survivor size 4456448 bytes, new threshold 6 (max threshold 6)
[2022-06-13T03:32:59.690+0000][1][gc,age       ] GC(5) Age table with threshold 6 (max threshold 6)
[2022-06-13T03:32:59.690+0000][1][gc,age       ] GC(5) - age   1:    2361968 bytes,    2361968 total
[2022-06-13T03:32:59.690+0000][1][gc,age       ] GC(5) - age   2:     552648 bytes,    2914616 total
[2022-06-13T03:32:59.690+0000][1][gc,heap      ] GC(5) ParNew: 77435K->4129K(78656K)
[2022-06-13T03:32:59.691+0000][1][gc,heap      ] GC(5) CMS: 7817K->11277K(174784K)
[2022-06-13T03:32:59.691+0000][1][gc,metaspace ] GC(5) Metaspace: 19010K->19010K(1067008K)
[2022-06-13T03:32:59.691+0000][1][gc           ] GC(5) Pause Young (Allocation Failure) 83M->15M(247M) 19.538ms
[2022-06-13T03:32:59.691+0000][1][gc,cpu       ] GC(5) User=0.07s Sys=0.00s Real=0.02s
[2022-06-13T03:32:59.691+0000][1][safepoint    ] Leaving safepoint region
[2022-06-13T03:32:59.691+0000][1][safepoint    ] Total time for which application threads were stopped: 0.0202551 seconds, Stopping threads took: 0.0001666 seconds
[2022-06-13T03:32:59.693+0000][1][safepoint    ] Application time: 0.0016760 seconds
[2022-06-13T03:32:59.694+0000][1][safepoint    ] Entering safepoint region: RevokeBias
[2022-06-13T03:32:59.695+0000][1][safepoint    ] Leaving safepoint region
[2022-06-13T03:32:59.696+0000][1][safepoint    ] Total time for which application threads were stopped: 0.0019763 seconds, Stopping threads took: 0.0009927 seconds
[2022-06-13T03:32:59.697+0000][1][safepoint    ] Application time: 0.0001977 seconds
[2022-06-13T03:32:59.697+0000][1][safepoint    ] Entering safepoint region: RevokeBias
[2022-06-13T03:32:59.697+0000][1][safepoint    ] Leaving safepoint region
[2022-06-13T03:32:59.697+0000][1][safepoint    ] Total time for which application threads were stopped: 0.0003295 seconds, Stopping threads took: 0.0001522 seconds
[2022-06-13T03:32:59.697+0000][1][safepoint    ] Application time: 0.0000808 seconds
[2022-06-13T03:32:59.698+0000][1][safepoint    ] Entering safepoint region: RevokeBias
[2022-06-13T03:32:59.698+0000][1][safepoint    ] Leaving safepoint region
[2022-06-13T03:32:59.698+0000][1][safepoint    ] Total time for which application threads were stopped: 0.0002764 seconds, Stopping threads took: 0.0001132 seconds
[2022-06-13T03:32:59.698+0000][1][safepoint    ] Application time: 0.0000517 seconds
[2022-06-13T03:32:59.698+0000][1][safepoint    ] Entering safepoint region: RevokeBias
[2022-06-13T03:32:59.698+0000][1][safepoint    ] Leaving safepoint region
[2022-06-13T03:32:59.698+0000][1][safepoint    ] Total time for which application threads were stopped: 0.0002731 seconds, Stopping threads took: 0.0001178 seconds
[2022-06-13T03:32:59.699+0000][1][safepoint    ] Application time: 0.0000600 seconds
[2022-06-13T03:32:59.699+0000][1][safepoint    ] Entering safepoint region: RevokeBias
[2022-06-13T03:32:59.699+0000][1][safepoint    ] Leaving safepoint region
[2022-06-13T03:32:59.699+0000][1][safepoint    ] Total time for which application threads were stopped: 0.0002961 seconds, Stopping threads took: 0.0001256 seconds
[2022-06-13T03:32:59.699+0000][1][safepoint    ] Application time: 0.0003119 seconds
[2022-06-13T03:32:59.704+0000][1][safepoint    ] Entering safepoint region: RevokeBias
[2022-06-13T03:32:59.704+0000][1][safepoint    ] Leaving safepoint region
[2022-06-13T03:32:59.704+0000][1][safepoint    ] Total time for which application threads were stopped: 0.0039242 seconds, Stopping threads took: 0.0036680 seconds
[2022-06-13T03:32:59.787+0000][1][safepoint    ] Application time: 0.0821531 seconds
[2022-06-13T03:32:59.787+0000][1][safepoint    ] Entering safepoint region: RevokeBias
[2022-06-13T03:32:59.788+0000][1][safepoint    ] Leaving safepoint region
[2022-06-13T03:32:59.789+0000][1][safepoint    ] Total time for which application threads were stopped: 0.0019481 seconds, Stopping threads took: 0.0007417 seconds
[2022-06-13T03:32:59.792+0000][1][safepoint    ] Application time: 0.0004073 seconds
[2022-06-13T03:32:59.793+0000][1][safepoint    ] Entering safepoint region: BulkRevokeBias
[2022-06-13T03:32:59.793+0000][1][safepoint    ] Leaving safepoint region
[2022-06-13T03:32:59.794+0000][1][safepoint    ] Total time for which application threads were stopped: 0.0006835 seconds, Stopping threads took: 0.0002535 seconds
[2022-06-13T03:32:59.818+0000][1][safepoint    ] Application time: 0.0246776 seconds
[2022-06-13T03:32:59.819+0000][1][safepoint    ] Entering safepoint region: GenCollectForAllocation
[2022-06-13T03:32:59.819+0000][1][gc,start     ] GC(6) Pause Young (Allocation Failure)
[2022-06-13T03:32:59.819+0000][1][gc,task      ] GC(6) Using 5 workers of 13 for evacuation
[2022-06-13T03:32:59.830+0000][1][gc,age       ] GC(6) Desired survivor size 4456448 bytes, new threshold 6 (max threshold 6)
[2022-06-13T03:32:59.831+0000][1][gc,age       ] GC(6) Age table with threshold 6 (max threshold 6)
[2022-06-13T03:32:59.831+0000][1][gc,age       ] GC(6) - age   1:    1345352 bytes,    1345352 total
[2022-06-13T03:32:59.831+0000][1][gc,age       ] GC(6) - age   2:    2196144 bytes,    3541496 total
[2022-06-13T03:32:59.831+0000][1][gc,age       ] GC(6) - age   3:     552648 bytes,    4094144 total
[2022-06-13T03:32:59.831+0000][1][gc,heap      ] GC(6) ParNew: 74081K->4763K(78656K)
[2022-06-13T03:32:59.831+0000][1][gc,heap      ] GC(6) CMS: 11277K->11277K(174784K)
[2022-06-13T03:32:59.831+0000][1][gc,metaspace ] GC(6) Metaspace: 19317K->19317K(1067008K)
[2022-06-13T03:32:59.832+0000][1][gc           ] GC(6) Pause Young (Allocation Failure) 83M->15M(247M) 12.369ms
[2022-06-13T03:32:59.832+0000][1][gc,cpu       ] GC(6) User=0.04s Sys=0.00s Real=0.01s
[2022-06-13T03:32:59.832+0000][1][safepoint    ] Leaving safepoint region
[2022-06-13T03:32:59.832+0000][1][safepoint    ] Total time for which application threads were stopped: 0.0132765 seconds, Stopping threads took: 0.0003248 seconds
[2022-06-13T03:32:59.833+0000][1][safepoint    ] Application time: 0.0008897 seconds
[2022-06-13T03:32:59.833+0000][1][safepoint    ] Entering safepoint region: BulkRevokeBias
[2022-06-13T03:32:59.834+0000][1][safepoint    ] Leaving safepoint region
[2022-06-13T03:32:59.834+0000][1][safepoint    ] Total time for which application threads were stopped: 0.0003559 seconds, Stopping threads took: 0.0001172 seconds
[2022-06-13T03:32:59.951+0000][1][safepoint    ] Application time: 0.1175170 seconds
[2022-06-13T03:32:59.952+0000][1][safepoint    ] Entering safepoint region: GenCollectForAllocation
[2022-06-13T03:32:59.952+0000][1][gc,start     ] GC(7) Pause Young (Allocation Failure)
[2022-06-13T03:32:59.952+0000][1][gc,task      ] GC(7) Using 5 workers of 13 for evacuation
[2022-06-13T03:32:59.954+0000][1][gc,age       ] GC(7) Desired survivor size 4456448 bytes, new threshold 6 (max threshold 6)
[2022-06-13T03:32:59.954+0000][1][gc,age       ] GC(7) Age table with threshold 6 (max threshold 6)
[2022-06-13T03:32:59.955+0000][1][gc,age       ] GC(7) - age   1:     535104 bytes,     535104 total
[2022-06-13T03:32:59.955+0000][1][gc,age       ] GC(7) - age   2:    1129184 bytes,    1664288 total
[2022-06-13T03:32:59.955+0000][1][gc,age       ] GC(7) - age   3:    2194136 bytes,    3858424 total
[2022-06-13T03:32:59.955+0000][1][gc,age       ] GC(7) - age   4:     552648 bytes,    4411072 total
[2022-06-13T03:32:59.955+0000][1][gc,heap      ] GC(7) ParNew: 74715K->6672K(78656K)
[2022-06-13T03:32:59.955+0000][1][gc,heap      ] GC(7) CMS: 11277K->11277K(174784K)
[2022-06-13T03:32:59.955+0000][1][gc,metaspace ] GC(7) Metaspace: 19772K->19772K(1067008K)
[2022-06-13T03:32:59.955+0000][1][gc           ] GC(7) Pause Young (Allocation Failure) 83M->17M(247M) 3.242ms
[2022-06-13T03:32:59.956+0000][1][gc,cpu       ] GC(7) User=0.01s Sys=0.00s Real=0.00s
[2022-06-13T03:32:59.956+0000][1][safepoint    ] Leaving safepoint region
[2022-06-13T03:32:59.956+0000][1][safepoint    ] Total time for which application threads were stopped: 0.0038089 seconds, Stopping threads took: 0.0001610 seconds
[2022-06-13T03:32:59.976+0000][1][safepoint    ] Application time: 0.0197371 seconds
[2022-06-13T03:32:59.976+0000][1][safepoint    ] Entering safepoint region: CollectForMetadataAllocation
[2022-06-13T03:32:59.976+0000][1][safepoint    ] Leaving safepoint region
[2022-06-13T03:32:59.976+0000][1][safepoint    ] Total time for which application threads were stopped: 0.0005000 seconds, Stopping threads took: 0.0001872 seconds
[2022-06-13T03:32:59.999+0000][1][safepoint    ] Application time: 0.0227296 seconds
[2022-06-13T03:32:59.999+0000][1][safepoint    ] Entering safepoint region: CollectForMetadataAllocation
[2022-06-13T03:33:00.000+0000][1][safepoint    ] Leaving safepoint region
[2022-06-13T03:33:00.000+0000][1][safepoint    ] Total time for which application threads were stopped: 0.0005988 seconds, Stopping threads took: 0.0002288 seconds
[2022-06-13T03:33:00.095+0000][1][safepoint    ] Application time: 0.0946434 seconds
[2022-06-13T03:33:00.095+0000][1][safepoint    ] Entering safepoint region: GenCollectForAllocation
[2022-06-13T03:33:00.096+0000][1][gc,start     ] GC(8) Pause Young (Allocation Failure)
[2022-06-13T03:33:00.096+0000][1][gc,task      ] GC(8) Using 5 workers of 13 for evacuation
[2022-06-13T03:33:00.100+0000][1][gc,age       ] GC(8) Desired survivor size 4456448 bytes, new threshold 5 (max threshold 6)
[2022-06-13T03:33:00.100+0000][1][gc,age       ] GC(8) Age table with threshold 5 (max threshold 6)
[2022-06-13T03:33:00.100+0000][1][gc,age       ] GC(8) - age   1:     503528 bytes,     503528 total
[2022-06-13T03:33:00.101+0000][1][gc,age       ] GC(8) - age   2:     513520 bytes,    1017048 total
[2022-06-13T03:33:00.101+0000][1][gc,age       ] GC(8) - age   3:    1129088 bytes,    2146136 total
[2022-06-13T03:33:00.101+0000][1][gc,age       ] GC(8) - age   4:    2193848 bytes,    4339984 total
[2022-06-13T03:33:00.101+0000][1][gc,age       ] GC(8) - age   5:     552648 bytes,    4892632 total
[2022-06-13T03:33:00.101+0000][1][gc,heap      ] GC(8) ParNew: 76624K->7227K(78656K)
[2022-06-13T03:33:00.101+0000][1][gc,heap      ] GC(8) CMS: 11277K->11277K(174784K)
[2022-06-13T03:33:00.101+0000][1][gc,metaspace ] GC(8) Metaspace: 20369K->20369K(1069056K)
[2022-06-13T03:33:00.101+0000][1][gc           ] GC(8) Pause Young (Allocation Failure) 85M->18M(247M) 5.866ms
[2022-06-13T03:33:00.102+0000][1][gc,cpu       ] GC(8) User=0.02s Sys=0.00s Real=0.01s
[2022-06-13T03:33:00.102+0000][1][safepoint    ] Leaving safepoint region
[2022-06-13T03:33:00.102+0000][1][safepoint    ] Total time for which application threads were stopped: 0.0066113 seconds, Stopping threads took: 0.0002094 seconds
[2022-06-13T03:33:00.109+0000][1][safepoint    ] Application time: 0.0072559 seconds
[2022-06-13T03:33:00.110+0000][1][safepoint    ] Entering safepoint region: CMS_Initial_Mark
[2022-06-13T03:33:00.111+0000][1][gc,start     ] GC(9) Pause Initial Mark
[2022-06-13T03:33:00.114+0000][1][gc           ] GC(9) Pause Initial Mark 19M->19M(247M) 3.153ms
[2022-06-13T03:33:00.117+0000][1][gc,cpu       ] GC(9) User=0.01s Sys=0.00s Real=0.00s
[2022-06-13T03:33:00.117+0000][1][safepoint    ] Leaving safepoint region
[2022-06-13T03:33:00.117+0000][1][safepoint    ] Total time for which application threads were stopped: 0.0071134 seconds, Stopping threads took: 0.0008779 seconds
[2022-06-13T03:33:00.117+0000][1][gc           ] GC(9) Concurrent Mark
[2022-06-13T03:33:00.125+0000][1][gc,task      ] GC(9) Using 4 workers of 4 for marking
[2022-06-13T03:33:00.132+0000][1][gc           ] GC(9) Concurrent Mark 14.234ms
[2022-06-13T03:33:00.132+0000][1][gc,cpu       ] GC(9) User=0.04s Sys=0.00s Real=0.02s
[2022-06-13T03:33:00.132+0000][1][gc           ] GC(9) Concurrent Preclean
[2022-06-13T03:33:00.133+0000][1][gc           ] GC(9) Concurrent Preclean 1.332ms
[2022-06-13T03:33:00.134+0000][1][gc,cpu       ] GC(9) User=0.01s Sys=0.00s Real=0.00s
[2022-06-13T03:33:00.134+0000][1][gc           ] GC(9) Concurrent Abortable Preclean
[2022-06-13T03:33:00.183+0000][1][safepoint    ] Application time: 0.0653890 seconds
[2022-06-13T03:33:00.183+0000][1][safepoint    ] Entering safepoint region: GenCollectForAllocation
[2022-06-13T03:33:00.183+0000][1][gc,start     ] GC(10) Pause Young (Allocation Failure)
[2022-06-13T03:33:00.183+0000][1][gc,task      ] GC(10) Using 5 workers of 13 for evacuation
[2022-06-13T03:33:00.186+0000][1][gc,age       ] GC(10) Desired survivor size 4456448 bytes, new threshold 5 (max threshold 6)
[2022-06-13T03:33:00.186+0000][1][gc,age       ] GC(10) Age table with threshold 5 (max threshold 6)
[2022-06-13T03:33:00.186+0000][1][gc,age       ] GC(10) - age   1:     915456 bytes,     915456 total
[2022-06-13T03:33:00.187+0000][1][gc,age       ] GC(10) - age   2:     486112 bytes,    1401568 total
[2022-06-13T03:33:00.187+0000][1][gc,age       ] GC(10) - age   3:     513400 bytes,    1914968 total
[2022-06-13T03:33:00.187+0000][1][gc,age       ] GC(10) - age   4:    1129088 bytes,    3044056 total
[2022-06-13T03:33:00.187+0000][1][gc,age       ] GC(10) - age   5:    2193656 bytes,    5237712 total
[2022-06-13T03:33:00.187+0000][1][gc,heap      ] GC(10) ParNew: 77179K->6317K(78656K)
[2022-06-13T03:33:00.187+0000][1][gc,heap      ] GC(10) CMS: 11277K->11827K(174784K)
[2022-06-13T03:33:00.187+0000][1][gc,metaspace ] GC(10) Metaspace: 20479K->20479K(1069056K)
[2022-06-13T03:33:00.187+0000][1][gc           ] GC(10) Pause Young (Allocation Failure) 86M->17M(247M) 4.177ms
[2022-06-13T03:33:00.188+0000][1][gc,cpu       ] GC(10) User=0.01s Sys=0.00s Real=0.00s
[2022-06-13T03:33:00.188+0000][1][safepoint    ] Leaving safepoint region
[2022-06-13T03:33:00.188+0000][1][safepoint    ] Total time for which application threads were stopped: 0.0048460 seconds, Stopping threads took: 0.0001593 seconds
[2022-06-13T03:33:00.271+0000][1][safepoint    ] Application time: 0.0828811 seconds
[2022-06-13T03:33:00.272+0000][1][safepoint    ] Entering safepoint region: GenCollectForAllocation
[2022-06-13T03:33:00.272+0000][1][gc,start     ] GC(11) Pause Young (Allocation Failure)
[2022-06-13T03:33:00.273+0000][1][gc,task      ] GC(11) Using 5 workers of 13 for evacuation
[2022-06-13T03:33:00.278+0000][1][gc,age       ] GC(11) Desired survivor size 4456448 bytes, new threshold 6 (max threshold 6)
[2022-06-13T03:33:00.278+0000][1][gc,age       ] GC(11) Age table with threshold 6 (max threshold 6)
[2022-06-13T03:33:00.278+0000][1][gc,age       ] GC(11) - age   1:    1828680 bytes,    1828680 total
[2022-06-13T03:33:00.278+0000][1][gc,age       ] GC(11) - age   2:     100856 bytes,    1929536 total
[2022-06-13T03:33:00.279+0000][1][gc,age       ] GC(11) - age   3:     486112 bytes,    2415648 total
[2022-06-13T03:33:00.279+0000][1][gc,age       ] GC(11) - age   4:     513248 bytes,    2928896 total
[2022-06-13T03:33:00.279+0000][1][gc,age       ] GC(11) - age   5:    1128800 bytes,    4057696 total
[2022-06-13T03:33:00.279+0000][1][gc,heap      ] GC(11) ParNew: 76269K->7308K(78656K)
[2022-06-13T03:33:00.279+0000][1][gc,heap      ] GC(11) CMS: 11827K->14024K(174784K)
[2022-06-13T03:33:00.279+0000][1][gc,metaspace ] GC(11) Metaspace: 20557K->20557K(1069056K)
[2022-06-13T03:33:00.279+0000][1][gc           ] GC(11) Pause Young (Allocation Failure) 86M->20M(247M) 7.006ms
[2022-06-13T03:33:00.280+0000][1][gc,cpu       ] GC(11) User=0.02s Sys=0.00s Real=0.01s
[2022-06-13T03:33:00.280+0000][1][safepoint    ] Leaving safepoint region
[2022-06-13T03:33:00.280+0000][1][safepoint    ] Total time for which application threads were stopped: 0.0076893 seconds, Stopping threads took: 0.0001796 seconds
[2022-06-13T03:33:00.280+0000][1][gc           ] GC(9) Concurrent Abortable Preclean 145.632ms
[2022-06-13T03:33:00.280+0000][1][gc,cpu       ] GC(9) User=0.32s Sys=0.00s Real=0.15s
[2022-06-13T03:33:00.282+0000][1][safepoint    ] Application time: 0.0022300 seconds
[2022-06-13T03:33:00.283+0000][1][safepoint    ] Entering safepoint region: CMS_Final_Remark
[2022-06-13T03:33:00.283+0000][1][gc,start     ] GC(9) Pause Remark
[2022-06-13T03:33:00.294+0000][1][gc           ] GC(9) Pause Remark 22M->22M(247M) 11.180ms
[2022-06-13T03:33:00.294+0000][1][gc,cpu       ] GC(9) User=0.01s Sys=0.00s Real=0.01s
[2022-06-13T03:33:00.294+0000][1][safepoint    ] Leaving safepoint region
[2022-06-13T03:33:00.294+0000][1][safepoint    ] Total time for which application threads were stopped: 0.0119328 seconds, Stopping threads took: 0.0001961 seconds
[2022-06-13T03:33:00.295+0000][1][gc           ] GC(9) Concurrent Sweep
[2022-06-13T03:33:00.299+0000][1][gc           ] GC(9) Concurrent Sweep 4.640ms
[2022-06-13T03:33:00.300+0000][1][gc,cpu       ] GC(9) User=0.01s Sys=0.00s Real=0.01s
[2022-06-13T03:33:00.300+0000][1][gc           ] GC(9) Concurrent Reset
[2022-06-13T03:33:00.300+0000][1][gc           ] GC(9) Concurrent Reset 0.590ms
[2022-06-13T03:33:00.301+0000][1][gc,cpu       ] GC(9) User=0.00s Sys=0.00s Real=0.00s
[2022-06-13T03:33:00.301+0000][1][gc,heap      ] GC(9) Old: 11277K->13999K(174784K)
[2022-06-13T03:33:00.346+0000][1][safepoint    ] Application time: 0.0510040 seconds
[2022-06-13T03:33:00.346+0000][1][safepoint    ] Entering safepoint region: Deoptimize
[2022-06-13T03:33:00.347+0000][1][safepoint    ] Leaving safepoint region
[2022-06-13T03:33:00.348+0000][1][safepoint    ] Total time for which application threads were stopped: 0.0015122 seconds, Stopping threads took: 0.0001970 seconds
[2022-06-13T03:33:00.680+0000][1][safepoint    ] Application time: 0.3325116 seconds
[2022-06-13T03:33:00.681+0000][1][safepoint    ] Entering safepoint region: Deoptimize
[2022-06-13T03:33:00.682+0000][1][safepoint    ] Leaving safepoint region
[2022-06-13T03:33:00.682+0000][1][safepoint    ] Total time for which application threads were stopped: 0.0010839 seconds, Stopping threads took: 0.0001788 seconds
[2022-06-13T03:33:00.683+0000][1][safepoint    ] Application time: 0.0005455 seconds
[2022-06-13T03:33:00.683+0000][1][safepoint    ] Entering safepoint region: Deoptimize
[2022-06-13T03:33:00.683+0000][1][safepoint    ] Leaving safepoint region
[2022-06-13T03:33:00.683+0000][1][safepoint    ] Total time for which application threads were stopped: 0.0007555 seconds, Stopping threads took: 0.0001226 seconds
[2022-06-13T03:33:00.692+0000][1][safepoint    ] Application time: 0.0087949 seconds
[2022-06-13T03:33:00.693+0000][1][safepoint    ] Entering safepoint region: RevokeBias
[2022-06-13T03:33:00.693+0000][1][safepoint    ] Leaving safepoint region
[2022-06-13T03:33:00.693+0000][1][safepoint    ] Total time for which application threads were stopped: 0.0004669 seconds, Stopping threads took: 0.0002227 seconds
[2022-06-13T03:33:00.694+0000][1][safepoint    ] Application time: 0.0006234 seconds
[2022-06-13T03:33:00.694+0000][1][safepoint    ] Entering safepoint region: Deoptimize
[2022-06-13T03:33:00.695+0000][1][safepoint    ] Leaving safepoint region
[2022-06-13T03:33:00.695+0000][1][safepoint    ] Total time for which application threads were stopped: 0.0008970 seconds, Stopping threads took: 0.0002035 seconds
[2022-06-13T03:33:00.709+0000][1][safepoint    ] Application time: 0.0138716 seconds
[2022-06-13T03:33:00.710+0000][1][safepoint    ] Entering safepoint region: Deoptimize
[2022-06-13T03:33:00.711+0000][1][safepoint    ] Leaving safepoint region
[2022-06-13T03:33:00.712+0000][1][safepoint    ] Total time for which application threads were stopped: 0.0016517 seconds, Stopping threads took: 0.0007173 seconds
[2022-06-13T03:33:00.794+0000][1][safepoint    ] Application time: 0.0827071 seconds
[2022-06-13T03:33:00.795+0000][1][safepoint    ] Entering safepoint region: GenCollectForAllocation
[2022-06-13T03:33:00.795+0000][1][gc,start     ] GC(12) Pause Young (Allocation Failure)
[2022-06-13T03:33:00.795+0000][1][gc,task      ] GC(12) Using 5 workers of 13 for evacuation
[2022-06-13T03:33:00.803+0000][1][gc,age       ] GC(12) Desired survivor size 4456448 bytes, new threshold 5 (max threshold 6)
[2022-06-13T03:33:00.804+0000][1][gc,age       ] GC(12) Age table with threshold 5 (max threshold 6)
[2022-06-13T03:33:00.804+0000][1][gc,age       ] GC(12) - age   1:    3488400 bytes,    3488400 total
[2022-06-13T03:33:00.805+0000][1][gc,age       ] GC(12) - age   2:     345296 bytes,    3833696 total
[2022-06-13T03:33:00.805+0000][1][gc,age       ] GC(12) - age   3:     100592 bytes,    3934288 total
[2022-06-13T03:33:00.805+0000][1][gc,age       ] GC(12) - age   4:     485664 bytes,    4419952 total
[2022-06-13T03:33:00.805+0000][1][gc,age       ] GC(12) - age   5:     508336 bytes,    4928288 total
[2022-06-13T03:33:00.805+0000][1][gc,age       ] GC(12) - age   6:    1128640 bytes,    6056928 total
[2022-06-13T03:33:00.805+0000][1][gc,heap      ] GC(12) ParNew: 77260K->7011K(78656K)
[2022-06-13T03:33:00.806+0000][1][gc,heap      ] GC(12) CMS: 13999K->13999K(174784K)
[2022-06-13T03:33:00.806+0000][1][gc,metaspace ] GC(12) Metaspace: 26318K->26318K(1073152K)
[2022-06-13T03:33:00.806+0000][1][gc           ] GC(12) Pause Young (Allocation Failure) 89M->20M(247M) 10.714ms
[2022-06-13T03:33:00.806+0000][1][gc,cpu       ] GC(12) User=0.04s Sys=0.00s Real=0.01s
[2022-06-13T03:33:00.806+0000][1][safepoint    ] Leaving safepoint region
[2022-06-13T03:33:00.807+0000][1][safepoint    ] Total time for which application threads were stopped: 0.0116072 seconds, Stopping threads took: 0.0002458 seconds
[2022-06-13T03:33:01.117+0000][1][safepoint    ] Application time: 0.3098372 seconds
[2022-06-13T03:33:01.117+0000][1][safepoint    ] Entering safepoint region: Deoptimize
[2022-06-13T03:33:01.118+0000][1][safepoint    ] Leaving safepoint region
[2022-06-13T03:33:01.118+0000][1][safepoint    ] Total time for which application threads were stopped: 0.0013755 seconds, Stopping threads took: 0.0002186 seconds
[2022-06-13T03:33:01.467+0000][1][safepoint    ] Application time: 0.3483307 seconds
[2022-06-13T03:33:01.467+0000][1][safepoint    ] Entering safepoint region: GenCollectForAllocation
[2022-06-13T03:33:01.468+0000][1][gc,start     ] GC(13) Pause Young (Allocation Failure)
[2022-06-13T03:33:01.473+0000][1][gc,task      ] GC(13) Using 5 workers of 13 for evacuation
[2022-06-13T03:33:01.501+0000][1][gc,age       ] GC(13) Desired survivor size 4456448 bytes, new threshold 1 (max threshold 6)
[2022-06-13T03:33:01.501+0000][1][gc,age       ] GC(13) Age table with threshold 1 (max threshold 6)
[2022-06-13T03:33:01.509+0000][1][gc,age       ] GC(13) - age   1:    4997864 bytes,    4997864 total
[2022-06-13T03:33:01.519+0000][1][gc,age       ] GC(13) - age   2:    2984208 bytes,    7982072 total
[2022-06-13T03:33:01.520+0000][1][gc,age       ] GC(13) - age   3:     345096 bytes,    8327168 total
[2022-06-13T03:33:01.521+0000][1][gc,age       ] GC(13) - age   4:     100560 bytes,    8427728 total
[2022-06-13T03:33:01.523+0000][1][gc,age       ] GC(13) - age   5:     485664 bytes,    8913392 total
[2022-06-13T03:33:01.524+0000][1][gc,heap      ] GC(13) ParNew: 76963K->8704K(78656K)
[2022-06-13T03:33:01.524+0000][1][gc,heap      ] GC(13) CMS: 13999K->25300K(174784K)
[2022-06-13T03:33:01.524+0000][1][gc,metaspace ] GC(13) Metaspace: 27058K->27058K(1075200K)
[2022-06-13T03:33:01.524+0000][1][gc           ] GC(13) Pause Young (Allocation Failure) 88M->33M(247M) 56.141ms
[2022-06-13T03:33:01.524+0000][1][gc,cpu       ] GC(13) User=0.36s Sys=0.00s Real=0.06s
[2022-06-13T03:33:01.525+0000][1][safepoint    ] Leaving safepoint region
[2022-06-13T03:33:01.525+0000][1][safepoint    ] Total time for which application threads were stopped: 0.0575516 seconds, Stopping threads took: 0.0008341 seconds
[2022-06-13T03:33:01.909+0000][1][safepoint    ] Application time: 0.3843346 seconds
[2022-06-13T03:33:01.911+0000][1][safepoint    ] Entering safepoint region: RevokeBias
[2022-06-13T03:33:01.911+0000][1][safepoint    ] Leaving safepoint region
[2022-06-13T03:33:01.912+0000][1][safepoint    ] Total time for which application threads were stopped: 0.0009833 seconds, Stopping threads took: 0.0002962 seconds
[2022-06-13T03:33:01.942+0000][1][safepoint    ] Application time: 0.0307039 seconds
[2022-06-13T03:33:01.943+0000][1][safepoint    ] Entering safepoint region: GenCollectForAllocation
[2022-06-13T03:33:01.944+0000][1][gc,start     ] GC(14) Pause Young (Allocation Failure)
[2022-06-13T03:33:01.945+0000][1][gc,task      ] GC(14) Using 5 workers of 13 for evacuation
[2022-06-13T03:33:01.975+0000][1][gc,age       ] GC(14) Desired survivor size 4456448 bytes, new threshold 1 (max threshold 6)
[2022-06-13T03:33:01.976+0000][1][gc,age       ] GC(14) Age table with threshold 1 (max threshold 6)
[2022-06-13T03:33:01.976+0000][1][gc,age       ] GC(14) - age   1:    8912416 bytes,    8912416 total
[2022-06-13T03:33:01.977+0000][1][gc,heap      ] GC(14) ParNew: 78656K->8704K(78656K)
[2022-06-13T03:33:01.977+0000][1][gc,heap      ] GC(14) CMS: 25300K->39452K(174784K)
[2022-06-13T03:33:01.977+0000][1][gc,metaspace ] GC(14) Metaspace: 27118K->27118K(1075200K)
[2022-06-13T03:33:01.977+0000][1][gc           ] GC(14) Pause Young (Allocation Failure) 101M->47M(247M) 32.994ms
[2022-06-13T03:33:01.977+0000][1][gc,cpu       ] GC(14) User=0.17s Sys=0.00s Real=0.03s
[2022-06-13T03:33:01.978+0000][1][safepoint    ] Leaving safepoint region
[2022-06-13T03:33:01.978+0000][1][safepoint    ] Total time for which application threads were stopped: 0.0344010 seconds, Stopping threads took: 0.0007806 seconds
[2022-06-13T03:33:02.555+0000][1][safepoint    ] Application time: 0.5774742 seconds
[2022-06-13T03:33:02.569+0000][1][safepoint    ] Entering safepoint region: RevokeBias
[2022-06-13T03:33:02.573+0000][1][safepoint    ] Leaving safepoint region
[2022-06-13T03:33:02.573+0000][1][safepoint    ] Total time for which application threads were stopped: 0.0164810 seconds, Stopping threads took: 0.0159603 seconds
[2022-06-13T03:33:02.624+0000][1][safepoint    ] Application time: 0.0507254 seconds
[2022-06-13T03:33:02.626+0000][1][safepoint    ] Entering safepoint region: RevokeBias
[2022-06-13T03:33:02.627+0000][1][safepoint    ] Leaving safepoint region
[2022-06-13T03:33:02.627+0000][1][safepoint    ] Total time for which application threads were stopped: 0.0018549 seconds, Stopping threads took: 0.0015524 seconds
[2022-06-13T03:33:02.634+0000][1][safepoint    ] Application time: 0.0064773 seconds
[2022-06-13T03:33:02.634+0000][1][safepoint    ] Entering safepoint region: RevokeBias
[2022-06-13T03:33:02.635+0000][1][safepoint    ] Leaving safepoint region
[2022-06-13T03:33:02.635+0000][1][safepoint    ] Total time for which application threads were stopped: 0.0003489 seconds, Stopping threads took: 0.0001664 seconds
[2022-06-13T03:33:02.854+0000][1][safepoint    ] Application time: 0.2189321 seconds
[2022-06-13T03:33:02.854+0000][1][safepoint    ] Entering safepoint region: GenCollectForAllocation
[2022-06-13T03:33:02.855+0000][1][gc,start     ] GC(15) Pause Young (Allocation Failure)
[2022-06-13T03:33:02.855+0000][1][gc,task      ] GC(15) Using 5 workers of 13 for evacuation
[2022-06-13T03:33:02.900+0000][1][gc,age       ] GC(15) Desired survivor size 4456448 bytes, new threshold 1 (max threshold 6)
[2022-06-13T03:33:02.900+0000][1][gc,age       ] GC(15) Age table with threshold 1 (max threshold 6)
[2022-06-13T03:33:02.900+0000][1][gc,age       ] GC(15) - age   1:    6142952 bytes,    6142952 total
[2022-06-13T03:33:02.900+0000][1][gc,heap      ] GC(15) ParNew: 78656K->8704K(78656K)
[2022-06-13T03:33:02.900+0000][1][gc,heap      ] GC(15) CMS: 39452K->50083K(174784K)
[2022-06-13T03:33:02.900+0000][1][gc,metaspace ] GC(15) Metaspace: 32327K->32327K(1079296K)
[2022-06-13T03:33:02.901+0000][1][gc           ] GC(15) Pause Young (Allocation Failure) 115M->57M(247M) 46.079ms
[2022-06-13T03:33:02.901+0000][1][gc,cpu       ] GC(15) User=0.07s Sys=0.00s Real=0.05s
[2022-06-13T03:33:02.901+0000][1][safepoint    ] Leaving safepoint region
[2022-06-13T03:33:02.901+0000][1][safepoint    ] Total time for which application threads were stopped: 0.0467663 seconds, Stopping threads took: 0.0002092 seconds
[2022-06-13T03:33:03.054+0000][1][safepoint    ] Application time: 0.1528754 seconds
[2022-06-13T03:33:03.057+0000][1][safepoint    ] Entering safepoint region: GenCollectForAllocation
[2022-06-13T03:33:03.057+0000][1][gc,start     ] GC(16) Pause Young (Allocation Failure)
[2022-06-13T03:33:03.057+0000][1][gc,task      ] GC(16) Using 5 workers of 13 for evacuation
[2022-06-13T03:33:03.089+0000][1][gc,age       ] GC(16) Desired survivor size 4456448 bytes, new threshold 6 (max threshold 6)
[2022-06-13T03:33:03.096+0000][1][gc,age       ] GC(16) Age table with threshold 6 (max threshold 6)
[2022-06-13T03:33:03.100+0000][1][gc,age       ] GC(16) - age   1:     319104 bytes,     319104 total
[2022-06-13T03:33:03.105+0000][1][gc,heap      ] GC(16) ParNew: 78656K->3966K(78656K)
[2022-06-13T03:33:03.106+0000][1][gc,heap      ] GC(16) CMS: 50083K->56112K(174784K)
[2022-06-13T03:33:03.109+0000][1][gc,metaspace ] GC(16) Metaspace: 32902K->32902K(1079296K)
[2022-06-13T03:33:03.110+0000][1][gc           ] GC(16) Pause Young (Allocation Failure) 125M->58M(247M) 52.768ms
[2022-06-13T03:33:03.110+0000][1][gc,cpu       ] GC(16) User=0.02s Sys=0.01s Real=0.06s
[2022-06-13T03:33:03.110+0000][1][safepoint    ] Leaving safepoint region
[2022-06-13T03:33:03.110+0000][1][safepoint    ] Total time for which application threads were stopped: 0.0536417 seconds, Stopping threads took: 0.0002806 seconds
[2022-06-13T03:33:03.434+0000][1][safepoint    ] Application time: 0.3236742 seconds
[2022-06-13T03:33:03.434+0000][1][safepoint    ] Entering safepoint region: CollectForMetadataAllocation
[2022-06-13T03:33:03.435+0000][1][safepoint    ] Leaving safepoint region
[2022-06-13T03:33:03.435+0000][1][safepoint    ] Total time for which application threads were stopped: 0.0004571 seconds, Stopping threads took: 0.0001683 seconds
[2022-06-13T03:33:03.461+0000][1][safepoint    ] Application time: 0.0261639 seconds
[2022-06-13T03:33:03.461+0000][1][safepoint    ] Entering safepoint region: CollectForMetadataAllocation
[2022-06-13T03:33:03.462+0000][1][safepoint    ] Leaving safepoint region
[2022-06-13T03:33:03.462+0000][1][safepoint    ] Total time for which application threads were stopped: 0.0005454 seconds, Stopping threads took: 0.0001762 seconds
[2022-06-13T03:33:03.480+0000][1][safepoint    ] Application time: 0.0179452 seconds
[2022-06-13T03:33:03.480+0000][1][safepoint    ] Entering safepoint region: CollectForMetadataAllocation
[2022-06-13T03:33:03.481+0000][1][safepoint    ] Leaving safepoint region
[2022-06-13T03:33:03.481+0000][1][safepoint    ] Total time for which application threads were stopped: 0.0008078 seconds, Stopping threads took: 0.0002798 seconds
[2022-06-13T03:33:03.505+0000][1][safepoint    ] Application time: 0.0237272 seconds
[2022-06-13T03:33:03.505+0000][1][safepoint    ] Entering safepoint region: CollectForMetadataAllocation
[2022-06-13T03:33:03.506+0000][1][safepoint    ] Leaving safepoint region
[2022-06-13T03:33:03.506+0000][1][safepoint    ] Total time for which application threads were stopped: 0.0004677 seconds, Stopping threads took: 0.0002158 seconds
[2022-06-13T03:33:03.524+0000][1][safepoint    ] Application time: 0.0180346 seconds
[2022-06-13T03:33:03.524+0000][1][safepoint    ] Entering safepoint region: CollectForMetadataAllocation
[2022-06-13T03:33:03.525+0000][1][safepoint    ] Leaving safepoint region
[2022-06-13T03:33:03.525+0000][1][safepoint    ] Total time for which application threads were stopped: 0.0004022 seconds, Stopping threads took: 0.0001275 seconds
[2022-06-13T03:33:03.545+0000][1][safepoint    ] Application time: 0.0200295 seconds
[2022-06-13T03:33:03.546+0000][1][safepoint    ] Entering safepoint region: CollectForMetadataAllocation
[2022-06-13T03:33:03.546+0000][1][safepoint    ] Leaving safepoint region
[2022-06-13T03:33:03.546+0000][1][safepoint    ] Total time for which application threads were stopped: 0.0005244 seconds, Stopping threads took: 0.0002383 seconds
[2022-06-13T03:33:03.561+0000][1][safepoint    ] Application time: 0.0151034 seconds
[2022-06-13T03:33:03.562+0000][1][safepoint    ] Entering safepoint region: CollectForMetadataAllocation
[2022-06-13T03:33:03.562+0000][1][safepoint    ] Leaving safepoint region
[2022-06-13T03:33:03.562+0000][1][safepoint    ] Total time for which application threads were stopped: 0.0005090 seconds, Stopping threads took: 0.0002021 seconds
[2022-06-13T03:33:03.583+0000][1][safepoint    ] Application time: 0.0205649 seconds
[2022-06-13T03:33:03.583+0000][1][safepoint    ] Entering safepoint region: CollectForMetadataAllocation
[2022-06-13T03:33:03.584+0000][1][safepoint    ] Leaving safepoint region
[2022-06-13T03:33:03.584+0000][1][safepoint    ] Total time for which application threads were stopped: 0.0004942 seconds, Stopping threads took: 0.0002033 seconds
[2022-06-13T03:33:03.609+0000][1][safepoint    ] Application time: 0.0247326 seconds
[2022-06-13T03:33:03.609+0000][1][safepoint    ] Entering safepoint region: CollectForMetadataAllocation
[2022-06-13T03:33:03.609+0000][1][safepoint    ] Leaving safepoint region
[2022-06-13T03:33:03.610+0000][1][safepoint    ] Total time for which application threads were stopped: 0.0004600 seconds, Stopping threads took: 0.0001836 seconds
[2022-06-13T03:33:03.618+0000][1][safepoint    ] Application time: 0.0078385 seconds
[2022-06-13T03:33:03.618+0000][1][safepoint    ] Entering safepoint region: RevokeBias
[2022-06-13T03:33:03.618+0000][1][safepoint    ] Leaving safepoint region
[2022-06-13T03:33:03.618+0000][1][safepoint    ] Total time for which application threads were stopped: 0.0005067 seconds, Stopping threads took: 0.0001638 seconds
[2022-06-13T03:33:03.623+0000][1][safepoint    ] Application time: 0.0042117 seconds
[2022-06-13T03:33:03.623+0000][1][safepoint    ] Entering safepoint region: RevokeBias
[2022-06-13T03:33:03.623+0000][1][safepoint    ] Leaving safepoint region
[2022-06-13T03:33:03.624+0000][1][safepoint    ] Total time for which application threads were stopped: 0.0003842 seconds, Stopping threads took: 0.0001870 seconds
[2022-06-13T03:33:03.624+0000][1][safepoint    ] Application time: 0.0007428 seconds
[2022-06-13T03:33:03.625+0000][1][safepoint    ] Entering safepoint region: CollectForMetadataAllocation
[2022-06-13T03:33:03.625+0000][1][safepoint    ] Leaving safepoint region
[2022-06-13T03:33:03.625+0000][1][safepoint    ] Total time for which application threads were stopped: 0.0009541 seconds, Stopping threads took: 0.0002055 seconds
[2022-06-13T03:33:03.632+0000][1][safepoint    ] Application time: 0.0067980 seconds
[2022-06-13T03:33:03.633+0000][1][safepoint    ] Entering safepoint region: RevokeBias
[2022-06-13T03:33:03.633+0000][1][safepoint    ] Leaving safepoint region
[2022-06-13T03:33:03.633+0000][1][safepoint    ] Total time for which application threads were stopped: 0.0004327 seconds, Stopping threads took: 0.0001830 seconds
[2022-06-13T03:33:03.643+0000][1][safepoint    ] Application time: 0.0093644 seconds
[2022-06-13T03:33:03.643+0000][1][safepoint    ] Entering safepoint region: RevokeBias
[2022-06-13T03:33:03.643+0000][1][safepoint    ] Leaving safepoint region
[2022-06-13T03:33:03.644+0000][1][safepoint    ] Total time for which application threads were stopped: 0.0005865 seconds, Stopping threads took: 0.0002603 seconds
[2022-06-13T03:33:03.655+0000][1][safepoint    ] Application time: 0.0112733 seconds
[2022-06-13T03:33:03.655+0000][1][safepoint    ] Entering safepoint region: CollectForMetadataAllocation
[2022-06-13T03:33:03.656+0000][1][safepoint    ] Leaving safepoint region
[2022-06-13T03:33:03.656+0000][1][safepoint    ] Total time for which application threads were stopped: 0.0003930 seconds, Stopping threads took: 0.0001703 seconds
[2022-06-13T03:33:03.697+0000][1][safepoint    ] Application time: 0.0407268 seconds
[2022-06-13T03:33:03.697+0000][1][safepoint    ] Entering safepoint region: CollectForMetadataAllocation
[2022-06-13T03:33:03.697+0000][1][safepoint    ] Leaving safepoint region
[2022-06-13T03:33:03.698+0000][1][safepoint    ] Total time for which application threads were stopped: 0.0004840 seconds, Stopping threads took: 0.0001979 seconds
[2022-06-13T03:33:03.711+0000][1][safepoint    ] Application time: 0.0138531 seconds
[2022-06-13T03:33:03.712+0000][1][safepoint    ] Entering safepoint region: CollectForMetadataAllocation
[2022-06-13T03:33:03.712+0000][1][safepoint    ] Leaving safepoint region
[2022-06-13T03:33:03.712+0000][1][safepoint    ] Total time for which application threads were stopped: 0.0005058 seconds, Stopping threads took: 0.0001993 seconds
[2022-06-13T03:33:03.733+0000][1][safepoint    ] Application time: 0.0204791 seconds
[2022-06-13T03:33:03.733+0000][1][safepoint    ] Entering safepoint region: CollectForMetadataAllocation
[2022-06-13T03:33:03.734+0000][1][safepoint    ] Leaving safepoint region
[2022-06-13T03:33:03.734+0000][1][safepoint    ] Total time for which application threads were stopped: 0.0005065 seconds, Stopping threads took: 0.0001675 seconds
[2022-06-13T03:33:03.746+0000][1][safepoint    ] Application time: 0.0122726 seconds
[2022-06-13T03:33:03.747+0000][1][safepoint    ] Entering safepoint region: CollectForMetadataAllocation
[2022-06-13T03:33:03.747+0000][1][safepoint    ] Leaving safepoint region
[2022-06-13T03:33:03.747+0000][1][safepoint    ] Total time for which application threads were stopped: 0.0004369 seconds, Stopping threads took: 0.0001769 seconds
[2022-06-13T03:33:03.769+0000][1][safepoint    ] Application time: 0.0219986 seconds
[2022-06-13T03:33:03.769+0000][1][safepoint    ] Entering safepoint region: CollectForMetadataAllocation
[2022-06-13T03:33:03.770+0000][1][safepoint    ] Leaving safepoint region
[2022-06-13T03:33:03.770+0000][1][safepoint    ] Total time for which application threads were stopped: 0.0004773 seconds, Stopping threads took: 0.0001832 seconds
[2022-06-13T03:33:03.785+0000][1][safepoint    ] Application time: 0.0143205 seconds
[2022-06-13T03:33:03.785+0000][1][safepoint    ] Entering safepoint region: CollectForMetadataAllocation
[2022-06-13T03:33:03.785+0000][1][safepoint    ] Leaving safepoint region
[2022-06-13T03:33:03.785+0000][1][safepoint    ] Total time for which application threads were stopped: 0.0005244 seconds, Stopping threads took: 0.0001950 seconds
[2022-06-13T03:33:03.797+0000][1][safepoint    ] Application time: 0.0113866 seconds
[2022-06-13T03:33:03.797+0000][1][safepoint    ] Entering safepoint region: CollectForMetadataAllocation
[2022-06-13T03:33:03.798+0000][1][safepoint    ] Leaving safepoint region
[2022-06-13T03:33:03.798+0000][1][safepoint    ] Total time for which application threads were stopped: 0.0004963 seconds, Stopping threads took: 0.0001921 seconds
[2022-06-13T03:33:03.815+0000][1][safepoint    ] Application time: 0.0173820 seconds
[2022-06-13T03:33:03.816+0000][1][safepoint    ] Entering safepoint region: CollectForMetadataAllocation
[2022-06-13T03:33:03.816+0000][1][safepoint    ] Leaving safepoint region
[2022-06-13T03:33:03.816+0000][1][safepoint    ] Total time for which application threads were stopped: 0.0005072 seconds, Stopping threads took: 0.0002140 seconds
[2022-06-13T03:33:03.833+0000][1][safepoint    ] Application time: 0.0165025 seconds
[2022-06-13T03:33:03.833+0000][1][safepoint    ] Entering safepoint region: CollectForMetadataAllocation
[2022-06-13T03:33:03.834+0000][1][safepoint    ] Leaving safepoint region
[2022-06-13T03:33:03.834+0000][1][safepoint    ] Total time for which application threads were stopped: 0.0008919 seconds, Stopping threads took: 0.0001482 seconds
[2022-06-13T03:33:03.857+0000][1][safepoint    ] Application time: 0.0233069 seconds
[2022-06-13T03:33:03.858+0000][1][safepoint    ] Entering safepoint region: CollectForMetadataAllocation
[2022-06-13T03:33:03.858+0000][1][safepoint    ] Leaving safepoint region
[2022-06-13T03:33:03.858+0000][1][safepoint    ] Total time for which application threads were stopped: 0.0003646 seconds, Stopping threads took: 0.0001657 seconds
[2022-06-13T03:33:03.882+0000][1][safepoint    ] Application time: 0.0240790 seconds
[2022-06-13T03:33:03.883+0000][1][safepoint    ] Entering safepoint region: CollectForMetadataAllocation
[2022-06-13T03:33:03.884+0000][1][safepoint    ] Leaving safepoint region
[2022-06-13T03:33:03.884+0000][1][safepoint    ] Total time for which application threads were stopped: 0.0013233 seconds, Stopping threads took: 0.0008990 seconds
[2022-06-13T03:33:03.908+0000][1][safepoint    ] Application time: 0.0240145 seconds
[2022-06-13T03:33:03.908+0000][1][safepoint    ] Entering safepoint region: CollectForMetadataAllocation
[2022-06-13T03:33:03.909+0000][1][safepoint    ] Leaving safepoint region
[2022-06-13T03:33:03.909+0000][1][safepoint    ] Total time for which application threads were stopped: 0.0005658 seconds, Stopping threads took: 0.0002127 seconds
[2022-06-13T03:33:03.930+0000][1][safepoint    ] Application time: 0.0209329 seconds
[2022-06-13T03:33:03.930+0000][1][safepoint    ] Entering safepoint region: CollectForMetadataAllocation
[2022-06-13T03:33:03.931+0000][1][safepoint    ] Leaving safepoint region
[2022-06-13T03:33:03.931+0000][1][safepoint    ] Total time for which application threads were stopped: 0.0003851 seconds, Stopping threads took: 0.0001479 seconds
[2022-06-13T03:33:03.949+0000][1][safepoint    ] Application time: 0.0181927 seconds
[2022-06-13T03:33:03.949+0000][1][safepoint    ] Entering safepoint region: CollectForMetadataAllocation
[2022-06-13T03:33:03.950+0000][1][safepoint    ] Leaving safepoint region
[2022-06-13T03:33:03.950+0000][1][safepoint    ] Total time for which application threads were stopped: 0.0007093 seconds, Stopping threads took: 0.0001750 seconds
[2022-06-13T03:33:03.975+0000][1][safepoint    ] Application time: 0.0241793 seconds
[2022-06-13T03:33:03.976+0000][1][safepoint    ] Entering safepoint region: CollectForMetadataAllocation
[2022-06-13T03:33:03.979+0000][1][safepoint    ] Leaving safepoint region
[2022-06-13T03:33:03.983+0000][1][safepoint    ] Total time for which application threads were stopped: 0.0082252 seconds, Stopping threads took: 0.0042981 seconds
[2022-06-13T03:33:03.995+0000][1][safepoint    ] Application time: 0.0108685 seconds
[2022-06-13T03:33:03.995+0000][1][safepoint    ] Entering safepoint region: RevokeBias
[2022-06-13T03:33:03.995+0000][1][safepoint    ] Leaving safepoint region
[2022-06-13T03:33:03.996+0000][1][safepoint    ] Total time for which application threads were stopped: 0.0004303 seconds, Stopping threads took: 0.0002193 seconds
[2022-06-13T03:33:04.007+0000][1][safepoint    ] Application time: 0.0114300 seconds
[2022-06-13T03:33:04.008+0000][1][safepoint    ] Entering safepoint region: CollectForMetadataAllocation
[2022-06-13T03:33:04.008+0000][1][safepoint    ] Leaving safepoint region
[2022-06-13T03:33:04.008+0000][1][safepoint    ] Total time for which application threads were stopped: 0.0004917 seconds, Stopping threads took: 0.0001799 seconds
[2022-06-13T03:33:04.234+0000][1][safepoint    ] Application time: 0.2255593 seconds
[2022-06-13T03:33:04.234+0000][1][safepoint    ] Entering safepoint region: CollectForMetadataAllocation
[2022-06-13T03:33:04.236+0000][1][safepoint    ] Leaving safepoint region
[2022-06-13T03:33:04.236+0000][1][safepoint    ] Total time for which application threads were stopped: 0.0018363 seconds, Stopping threads took: 0.0001970 seconds
[2022-06-13T03:33:04.478+0000][1][safepoint    ] Application time: 0.2421321 seconds
[2022-06-13T03:33:04.478+0000][1][safepoint    ] Entering safepoint region: GenCollectForAllocation
[2022-06-13T03:33:04.479+0000][1][gc,start     ] GC(17) Pause Young (Allocation Failure)
[2022-06-13T03:33:04.479+0000][1][gc,task      ] GC(17) Using 5 workers of 13 for evacuation
[2022-06-13T03:33:04.482+0000][1][gc,age       ] GC(17) Desired survivor size 4456448 bytes, new threshold 6 (max threshold 6)
[2022-06-13T03:33:04.483+0000][1][gc,age       ] GC(17) Age table with threshold 6 (max threshold 6)
[2022-06-13T03:33:04.483+0000][1][gc,age       ] GC(17) - age   1:    3972888 bytes,    3972888 total
[2022-06-13T03:33:04.483+0000][1][gc,age       ] GC(17) - age   2:     279824 bytes,    4252712 total
[2022-06-13T03:33:04.483+0000][1][gc,heap      ] GC(17) ParNew: 73918K->4790K(78656K)
[2022-06-13T03:33:04.483+0000][1][gc,heap      ] GC(17) CMS: 56112K->56112K(174784K)
[2022-06-13T03:33:04.483+0000][1][gc,metaspace ] GC(17) Metaspace: 42343K->42343K(1087488K)
[2022-06-13T03:33:04.483+0000][1][gc           ] GC(17) Pause Young (Allocation Failure) 126M->59M(247M) 4.933ms
[2022-06-13T03:33:04.484+0000][1][gc,cpu       ] GC(17) User=0.01s Sys=0.00s Real=0.01s
[2022-06-13T03:33:04.484+0000][1][safepoint    ] Leaving safepoint region
[2022-06-13T03:33:04.484+0000][1][safepoint    ] Total time for which application threads were stopped: 0.0055996 seconds, Stopping threads took: 0.0001593 seconds
[2022-06-13T03:33:04.484+0000][1][safepoint    ] Application time: 0.0001532 seconds
[2022-06-13T03:33:04.484+0000][1][safepoint    ] Entering safepoint region: CMS_Initial_Mark
[2022-06-13T03:33:04.485+0000][1][gc,start     ] GC(18) Pause Initial Mark
[2022-06-13T03:33:04.486+0000][1][gc           ] GC(18) Pause Initial Mark 60M->60M(247M) 1.242ms
[2022-06-13T03:33:04.486+0000][1][gc,cpu       ] GC(18) User=0.01s Sys=0.00s Real=0.00s
[2022-06-13T03:33:04.486+0000][1][safepoint    ] Leaving safepoint region
[2022-06-13T03:33:04.486+0000][1][safepoint    ] Total time for which application threads were stopped: 0.0019860 seconds, Stopping threads took: 0.0002421 seconds
[2022-06-13T03:33:04.487+0000][1][gc           ] GC(18) Concurrent Mark
[2022-06-13T03:33:04.487+0000][1][gc,task      ] GC(18) Using 4 workers of 4 for marking
[2022-06-13T03:33:04.488+0000][1][safepoint    ] Application time: 0.0018560 seconds
[2022-06-13T03:33:04.489+0000][1][safepoint    ] Entering safepoint region: CollectForMetadataAllocation
[2022-06-13T03:33:04.489+0000][1][safepoint    ] Leaving safepoint region
[2022-06-13T03:33:04.489+0000][1][safepoint    ] Total time for which application threads were stopped: 0.0004450 seconds, Stopping threads took: 0.0001643 seconds
[2022-06-13T03:33:04.491+0000][1][safepoint    ] Application time: 0.0022181 seconds
[2022-06-13T03:33:04.492+0000][1][safepoint    ] Entering safepoint region: RevokeBias
[2022-06-13T03:33:04.492+0000][1][safepoint    ] Leaving safepoint region
[2022-06-13T03:33:04.492+0000][1][safepoint    ] Total time for which application threads were stopped: 0.0003604 seconds, Stopping threads took: 0.0001596 seconds
[2022-06-13T03:33:04.503+0000][1][safepoint    ] Application time: 0.0108625 seconds
[2022-06-13T03:33:04.503+0000][1][safepoint    ] Entering safepoint region: CollectForMetadataAllocation
[2022-06-13T03:33:04.504+0000][1][safepoint    ] Leaving safepoint region
[2022-06-13T03:33:04.504+0000][1][safepoint    ] Total time for which application threads were stopped: 0.0009175 seconds, Stopping threads took: 0.0001612 seconds
[2022-06-13T03:33:04.509+0000][1][gc           ] GC(18) Concurrent Mark 22.428ms
[2022-06-13T03:33:04.509+0000][1][gc,cpu       ] GC(18) User=0.11s Sys=0.00s Real=0.03s
[2022-06-13T03:33:04.509+0000][1][gc           ] GC(18) Concurrent Preclean
[2022-06-13T03:33:04.511+0000][1][gc           ] GC(18) Concurrent Preclean 1.605ms
[2022-06-13T03:33:04.511+0000][1][gc,cpu       ] GC(18) User=0.00s Sys=0.00s Real=0.00s
[2022-06-13T03:33:04.511+0000][1][gc           ] GC(18) Concurrent Abortable Preclean
[2022-06-13T03:33:04.620+0000][1][safepoint    ] Application time: 0.1160915 seconds
[2022-06-13T03:33:04.621+0000][1][safepoint    ] Entering safepoint region: CollectForMetadataAllocation
[2022-06-13T03:33:04.621+0000][1][safepoint    ] Leaving safepoint region
[2022-06-13T03:33:04.621+0000][1][safepoint    ] Total time for which application threads were stopped: 0.0003773 seconds, Stopping threads took: 0.0000963 seconds
[2022-06-13T03:33:04.643+0000][1][safepoint    ] Application time: 0.0219059 seconds
[2022-06-13T03:33:04.643+0000][1][safepoint    ] Entering safepoint region: CollectForMetadataAllocation
[2022-06-13T03:33:04.643+0000][1][safepoint    ] Leaving safepoint region
[2022-06-13T03:33:04.644+0000][1][safepoint    ] Total time for which application threads were stopped: 0.0003993 seconds, Stopping threads took: 0.0001263 seconds
[2022-06-13T03:33:04.657+0000][1][safepoint    ] Application time: 0.0135062 seconds
[2022-06-13T03:33:04.658+0000][1][safepoint    ] Entering safepoint region: CollectForMetadataAllocation
[2022-06-13T03:33:04.658+0000][1][safepoint    ] Leaving safepoint region
[2022-06-13T03:33:04.658+0000][1][safepoint    ] Total time for which application threads were stopped: 0.0004905 seconds, Stopping threads took: 0.0002238 seconds
[2022-06-13T03:33:04.687+0000][1][safepoint    ] Application time: 0.0287200 seconds
[2022-06-13T03:33:04.687+0000][1][safepoint    ] Entering safepoint region: CollectForMetadataAllocation
[2022-06-13T03:33:04.687+0000][1][safepoint    ] Leaving safepoint region
[2022-06-13T03:33:04.687+0000][1][safepoint    ] Total time for which application threads were stopped: 0.0004160 seconds, Stopping threads took: 0.0001506 seconds
[2022-06-13T03:33:04.708+0000][1][safepoint    ] Application time: 0.0208011 seconds
[2022-06-13T03:33:04.708+0000][1][safepoint    ] Entering safepoint region: CollectForMetadataAllocation
[2022-06-13T03:33:04.709+0000][1][safepoint    ] Leaving safepoint region
[2022-06-13T03:33:04.709+0000][1][safepoint    ] Total time for which application threads were stopped: 0.0003703 seconds, Stopping threads took: 0.0001336 seconds
[2022-06-13T03:33:04.710+0000][1][gc           ] GC(18) Concurrent Abortable Preclean 198.605ms
[2022-06-13T03:33:04.710+0000][1][gc,cpu       ] GC(18) User=1.05s Sys=0.02s Real=0.20s
[2022-06-13T03:33:04.710+0000][1][safepoint    ] Application time: 0.0013726 seconds
[2022-06-13T03:33:04.710+0000][1][safepoint    ] Entering safepoint region: CMS_Final_Remark
[2022-06-13T03:33:04.711+0000][1][gc,start     ] GC(18) Pause Remark
[2022-06-13T03:33:04.725+0000][1][gc           ] GC(18) Pause Remark 96M->96M(247M) 14.050ms
[2022-06-13T03:33:04.725+0000][1][gc,cpu       ] GC(18) User=0.06s Sys=0.00s Real=0.01s
[2022-06-13T03:33:04.725+0000][1][safepoint    ] Leaving safepoint region
[2022-06-13T03:33:04.725+0000][1][safepoint    ] Total time for which application threads were stopped: 0.0147480 seconds, Stopping threads took: 0.0001836 seconds
[2022-06-13T03:33:04.725+0000][1][gc           ] GC(18) Concurrent Sweep
[2022-06-13T03:33:04.728+0000][1][safepoint    ] Application time: 0.0024483 seconds
[2022-06-13T03:33:04.729+0000][1][safepoint    ] Entering safepoint region: RevokeBias
[2022-06-13T03:33:04.730+0000][1][safepoint    ] Leaving safepoint region
[2022-06-13T03:33:04.730+0000][1][safepoint    ] Total time for which application threads were stopped: 0.0016545 seconds, Stopping threads took: 0.0006573 seconds
[2022-06-13T03:33:04.732+0000][1][safepoint    ] Application time: 0.0017352 seconds
[2022-06-13T03:33:04.732+0000][1][safepoint    ] Entering safepoint region: RevokeBias
[2022-06-13T03:33:04.732+0000][1][safepoint    ] Leaving safepoint region
[2022-06-13T03:33:04.732+0000][1][safepoint    ] Total time for which application threads were stopped: 0.0004749 seconds, Stopping threads took: 0.0002947 seconds
[2022-06-13T03:33:04.749+0000][1][gc           ] GC(18) Concurrent Sweep 23.265ms
[2022-06-13T03:33:04.749+0000][1][gc,cpu       ] GC(18) User=0.08s Sys=0.00s Real=0.02s
[2022-06-13T03:33:04.749+0000][1][gc           ] GC(18) Concurrent Reset
[2022-06-13T03:33:04.750+0000][1][gc           ] GC(18) Concurrent Reset 0.557ms
[2022-06-13T03:33:04.750+0000][1][gc,cpu       ] GC(18) User=0.00s Sys=0.00s Real=0.00s
[2022-06-13T03:33:04.750+0000][1][gc,heap      ] GC(18) Old: 56112K->55886K(174784K)
[2022-06-13T03:33:04.776+0000][1][safepoint    ] Application time: 0.0438015 seconds
[2022-06-13T03:33:04.777+0000][1][safepoint    ] Entering safepoint region: RevokeBias
[2022-06-13T03:33:04.777+0000][1][safepoint    ] Leaving safepoint region
[2022-06-13T03:33:04.777+0000][1][safepoint    ] Total time for which application threads were stopped: 0.0004314 seconds, Stopping threads took: 0.0001987 seconds
[2022-06-13T03:33:04.801+0000][1][safepoint    ] Application time: 0.0233241 seconds
[2022-06-13T03:33:04.801+0000][1][safepoint    ] Entering safepoint region: RevokeBias
[2022-06-13T03:33:04.801+0000][1][safepoint    ] Leaving safepoint region
[2022-06-13T03:33:04.801+0000][1][safepoint    ] Total time for which application threads were stopped: 0.0003936 seconds, Stopping threads took: 0.0001929 seconds
[2022-06-13T03:33:04.807+0000][1][safepoint    ] Application time: 0.0054070 seconds
[2022-06-13T03:33:04.807+0000][1][safepoint    ] Entering safepoint region: RevokeBias
[2022-06-13T03:33:04.807+0000][1][safepoint    ] Leaving safepoint region
[2022-06-13T03:33:04.808+0000][1][safepoint    ] Total time for which application threads were stopped: 0.0003901 seconds, Stopping threads took: 0.0001626 seconds
[2022-06-13T03:33:04.937+0000][1][safepoint    ] Application time: 0.1293421 seconds
[2022-06-13T03:33:04.937+0000][1][safepoint    ] Entering safepoint region: RevokeBias
[2022-06-13T03:33:04.938+0000][1][safepoint    ] Leaving safepoint region
[2022-06-13T03:33:04.938+0000][1][safepoint    ] Total time for which application threads were stopped: 0.0011011 seconds, Stopping threads took: 0.0004410 seconds
[2022-06-13T03:33:04.938+0000][1][safepoint    ] Application time: 0.0000648 seconds
[2022-06-13T03:33:04.939+0000][1][safepoint    ] Entering safepoint region: RevokeBias
[2022-06-13T03:33:04.939+0000][1][safepoint    ] Leaving safepoint region
[2022-06-13T03:33:04.939+0000][1][safepoint    ] Total time for which application threads were stopped: 0.0004470 seconds, Stopping threads took: 0.0002628 seconds
[2022-06-13T03:33:04.940+0000][1][safepoint    ] Application time: 0.0010034 seconds
[2022-06-13T03:33:04.940+0000][1][safepoint    ] Entering safepoint region: RevokeBias
[2022-06-13T03:33:04.940+0000][1][safepoint    ] Leaving safepoint region
[2022-06-13T03:33:04.941+0000][1][safepoint    ] Total time for which application threads were stopped: 0.0002541 seconds, Stopping threads took: 0.0000987 seconds
[2022-06-13T03:33:04.941+0000][1][safepoint    ] Application time: 0.0000443 seconds
[2022-06-13T03:33:04.941+0000][1][safepoint    ] Entering safepoint region: RevokeBias
[2022-06-13T03:33:04.941+0000][1][safepoint    ] Leaving safepoint region
[2022-06-13T03:33:04.941+0000][1][safepoint    ] Total time for which application threads were stopped: 0.0001792 seconds, Stopping threads took: 0.0000685 seconds
[2022-06-13T03:33:04.998+0000][1][safepoint    ] Application time: 0.0564598 seconds
[2022-06-13T03:33:04.998+0000][1][safepoint    ] Entering safepoint region: RevokeBias
[2022-06-13T03:33:04.998+0000][1][safepoint    ] Leaving safepoint region
[2022-06-13T03:33:04.998+0000][1][safepoint    ] Total time for which application threads were stopped: 0.0003683 seconds, Stopping threads took: 0.0002117 seconds
[2022-06-13T03:33:04.998+0000][1][safepoint    ] Application time: 0.0000939 seconds
[2022-06-13T03:33:04.998+0000][1][safepoint    ] Entering safepoint region: RevokeBias
[2022-06-13T03:33:04.999+0000][1][safepoint    ] Leaving safepoint region
[2022-06-13T03:33:04.999+0000][1][safepoint    ] Total time for which application threads were stopped: 0.0002577 seconds, Stopping threads took: 0.0000933 seconds
[2022-06-13T03:33:04.999+0000][1][safepoint    ] Application time: 0.0000773 seconds
[2022-06-13T03:33:04.999+0000][1][safepoint    ] Entering safepoint region: RevokeBias
[2022-06-13T03:33:04.999+0000][1][safepoint    ] Leaving safepoint region
[2022-06-13T03:33:04.999+0000][1][safepoint    ] Total time for which application threads were stopped: 0.0002839 seconds, Stopping threads took: 0.0001466 seconds
[2022-06-13T03:33:05.000+0000][1][safepoint    ] Application time: 0.0001642 seconds
[2022-06-13T03:33:05.000+0000][1][safepoint    ] Entering safepoint region: RevokeBias
[2022-06-13T03:33:05.000+0000][1][safepoint    ] Leaving safepoint region
[2022-06-13T03:33:05.000+0000][1][safepoint    ] Total time for which application threads were stopped: 0.0003151 seconds, Stopping threads took: 0.0001545 seconds
[2022-06-13T03:33:05.000+0000][1][safepoint    ] Application time: 0.0003294 seconds
[2022-06-13T03:33:05.001+0000][1][safepoint    ] Entering safepoint region: RevokeBias
[2022-06-13T03:33:05.001+0000][1][safepoint    ] Leaving safepoint region
[2022-06-13T03:33:05.001+0000][1][safepoint    ] Total time for which application threads were stopped: 0.0003804 seconds, Stopping threads took: 0.0001861 seconds
[2022-06-13T03:33:05.001+0000][1][safepoint    ] Application time: 0.0000985 seconds
[2022-06-13T03:33:05.001+0000][1][safepoint    ] Entering safepoint region: RevokeBias
[2022-06-13T03:33:05.002+0000][1][safepoint    ] Leaving safepoint region
[2022-06-13T03:33:05.002+0000][1][safepoint    ] Total time for which application threads were stopped: 0.0002883 seconds, Stopping threads took: 0.0001507 seconds
[2022-06-13T03:33:05.003+0000][1][safepoint    ] Application time: 0.0008134 seconds
[2022-06-13T03:33:05.003+0000][1][safepoint    ] Entering safepoint region: RevokeBias
[2022-06-13T03:33:05.003+0000][1][safepoint    ] Leaving safepoint region
[2022-06-13T03:33:05.003+0000][1][safepoint    ] Total time for which application threads were stopped: 0.0004215 seconds, Stopping threads took: 0.0002140 seconds
[2022-06-13T03:33:05.003+0000][1][safepoint    ] Application time: 0.0001159 seconds
[2022-06-13T03:33:05.004+0000][1][safepoint    ] Entering safepoint region: RevokeBias
[2022-06-13T03:33:05.004+0000][1][safepoint    ] Leaving safepoint region
[2022-06-13T03:33:05.004+0000][1][safepoint    ] Total time for which application threads were stopped: 0.0002584 seconds, Stopping threads took: 0.0001121 seconds
[2022-06-13T03:33:05.004+0000][1][safepoint    ] Application time: 0.0000969 seconds
[2022-06-13T03:33:05.004+0000][1][safepoint    ] Entering safepoint region: RevokeBias
[2022-06-13T03:33:05.004+0000][1][safepoint    ] Leaving safepoint region
[2022-06-13T03:33:05.005+0000][1][safepoint    ] Total time for which application threads were stopped: 0.0003490 seconds, Stopping threads took: 0.0001417 seconds
[2022-06-13T03:33:05.005+0000][1][safepoint    ] Application time: 0.0000896 seconds
[2022-06-13T03:33:05.005+0000][1][safepoint    ] Entering safepoint region: RevokeBias
[2022-06-13T03:33:05.005+0000][1][safepoint    ] Leaving safepoint region
[2022-06-13T03:33:05.005+0000][1][safepoint    ] Total time for which application threads were stopped: 0.0003666 seconds, Stopping threads took: 0.0002009 seconds
[2022-06-13T03:33:05.005+0000][1][safepoint    ] Application time: 0.0000878 seconds
[2022-06-13T03:33:05.006+0000][1][safepoint    ] Entering safepoint region: RevokeBias
[2022-06-13T03:33:05.006+0000][1][safepoint    ] Leaving safepoint region
[2022-06-13T03:33:05.006+0000][1][safepoint    ] Total time for which application threads were stopped: 0.0002698 seconds, Stopping threads took: 0.0001261 seconds
[2022-06-13T03:33:05.006+0000][1][safepoint    ] Application time: 0.0000690 seconds
[2022-06-13T03:33:05.006+0000][1][safepoint    ] Entering safepoint region: RevokeBias
[2022-06-13T03:33:05.006+0000][1][safepoint    ] Leaving safepoint region
[2022-06-13T03:33:05.006+0000][1][safepoint    ] Total time for which application threads were stopped: 0.0003039 seconds, Stopping threads took: 0.0001545 seconds
[2022-06-13T03:33:05.007+0000][1][safepoint    ] Application time: 0.0000847 seconds
[2022-06-13T03:33:05.007+0000][1][safepoint    ] Entering safepoint region: RevokeBias
[2022-06-13T03:33:05.007+0000][1][safepoint    ] Leaving safepoint region
[2022-06-13T03:33:05.007+0000][1][safepoint    ] Total time for which application threads were stopped: 0.0003015 seconds, Stopping threads took: 0.0001383 seconds
[2022-06-13T03:33:05.007+0000][1][safepoint    ] Application time: 0.0000704 seconds
[2022-06-13T03:33:05.007+0000][1][safepoint    ] Entering safepoint region: RevokeBias
[2022-06-13T03:33:05.007+0000][1][safepoint    ] Leaving safepoint region
[2022-06-13T03:33:05.008+0000][1][safepoint    ] Total time for which application threads were stopped: 0.0002641 seconds, Stopping threads took: 0.0001081 seconds
[2022-06-13T03:33:05.008+0000][1][safepoint    ] Application time: 0.0000653 seconds
[2022-06-13T03:33:05.008+0000][1][safepoint    ] Entering safepoint region: RevokeBias
[2022-06-13T03:33:05.008+0000][1][safepoint    ] Leaving safepoint region
[2022-06-13T03:33:05.008+0000][1][safepoint    ] Total time for which application threads were stopped: 0.0002267 seconds, Stopping threads took: 0.0001036 seconds
[2022-06-13T03:33:05.008+0000][1][safepoint    ] Application time: 0.0000663 seconds
[2022-06-13T03:33:05.008+0000][1][safepoint    ] Entering safepoint region: RevokeBias
[2022-06-13T03:33:05.009+0000][1][safepoint    ] Leaving safepoint region
[2022-06-13T03:33:05.009+0000][1][safepoint    ] Total time for which application threads were stopped: 0.0003229 seconds, Stopping threads took: 0.0001465 seconds
[2022-06-13T03:33:05.009+0000][1][safepoint    ] Application time: 0.0000472 seconds
[2022-06-13T03:33:05.009+0000][1][safepoint    ] Entering safepoint region: RevokeBias
[2022-06-13T03:33:05.009+0000][1][safepoint    ] Leaving safepoint region
[2022-06-13T03:33:05.009+0000][1][safepoint    ] Total time for which application threads were stopped: 0.0003450 seconds, Stopping threads took: 0.0001602 seconds
[2022-06-13T03:33:05.009+0000][1][safepoint    ] Application time: 0.0000812 seconds
[2022-06-13T03:33:05.010+0000][1][safepoint    ] Entering safepoint region: RevokeBias
[2022-06-13T03:33:05.010+0000][1][safepoint    ] Leaving safepoint region
[2022-06-13T03:33:05.010+0000][1][safepoint    ] Total time for which application threads were stopped: 0.0002321 seconds, Stopping threads took: 0.0001025 seconds
[2022-06-13T03:33:05.010+0000][1][safepoint    ] Application time: 0.0000815 seconds
[2022-06-13T03:33:05.010+0000][1][safepoint    ] Entering safepoint region: RevokeBias
[2022-06-13T03:33:05.010+0000][1][safepoint    ] Leaving safepoint region
[2022-06-13T03:33:05.010+0000][1][safepoint    ] Total time for which application threads were stopped: 0.0002589 seconds, Stopping threads took: 0.0001096 seconds
[2022-06-13T03:33:05.011+0000][1][safepoint    ] Application time: 0.0000815 seconds
[2022-06-13T03:33:05.011+0000][1][safepoint    ] Entering safepoint region: RevokeBias
[2022-06-13T03:33:05.011+0000][1][safepoint    ] Leaving safepoint region
[2022-06-13T03:33:05.011+0000][1][safepoint    ] Total time for which application threads were stopped: 0.0002557 seconds, Stopping threads took: 0.0001288 seconds
[2022-06-13T03:33:05.011+0000][1][safepoint    ] Application time: 0.0000739 seconds
[2022-06-13T03:33:05.011+0000][1][safepoint    ] Entering safepoint region: RevokeBias
[2022-06-13T03:33:05.011+0000][1][safepoint    ] Leaving safepoint region
[2022-06-13T03:33:05.011+0000][1][safepoint    ] Total time for which application threads were stopped: 0.0002462 seconds, Stopping threads took: 0.0001203 seconds
[2022-06-13T03:33:05.012+0000][1][safepoint    ] Application time: 0.0000779 seconds
[2022-06-13T03:33:05.012+0000][1][safepoint    ] Entering safepoint region: RevokeBias
[2022-06-13T03:33:05.012+0000][1][safepoint    ] Leaving safepoint region
[2022-06-13T03:33:05.012+0000][1][safepoint    ] Total time for which application threads were stopped: 0.0002453 seconds, Stopping threads took: 0.0000989 seconds
[2022-06-13T03:33:05.012+0000][1][safepoint    ] Application time: 0.0000729 seconds
[2022-06-13T03:33:05.012+0000][1][safepoint    ] Entering safepoint region: RevokeBias
[2022-06-13T03:33:05.012+0000][1][safepoint    ] Leaving safepoint region
[2022-06-13T03:33:05.012+0000][1][safepoint    ] Total time for which application threads were stopped: 0.0002822 seconds, Stopping threads took: 0.0001138 seconds
[2022-06-13T03:33:05.013+0000][1][safepoint    ] Application time: 0.0000884 seconds
[2022-06-13T03:33:05.013+0000][1][safepoint    ] Entering safepoint region: RevokeBias
[2022-06-13T03:33:05.013+0000][1][safepoint    ] Leaving safepoint region
[2022-06-13T03:33:05.013+0000][1][safepoint    ] Total time for which application threads were stopped: 0.0003670 seconds, Stopping threads took: 0.0001903 seconds
[2022-06-13T03:33:05.014+0000][1][safepoint    ] Application time: 0.0000925 seconds
[2022-06-13T03:33:05.014+0000][1][safepoint    ] Entering safepoint region: RevokeBias
[2022-06-13T03:33:05.014+0000][1][safepoint    ] Leaving safepoint region
[2022-06-13T03:33:05.014+0000][1][safepoint    ] Total time for which application threads were stopped: 0.0003630 seconds, Stopping threads took: 0.0001745 seconds
[2022-06-13T03:33:05.014+0000][1][safepoint    ] Application time: 0.0001120 seconds
[2022-06-13T03:33:05.015+0000][1][safepoint    ] Entering safepoint region: BulkRevokeBias
[2022-06-13T03:33:05.015+0000][1][safepoint    ] Leaving safepoint region
[2022-06-13T03:33:05.015+0000][1][safepoint    ] Total time for which application threads were stopped: 0.0003268 seconds, Stopping threads took: 0.0001358 seconds
[2022-06-13T03:33:05.015+0000][1][safepoint    ] Application time: 0.0002120 seconds
[2022-06-13T03:33:05.015+0000][1][safepoint    ] Entering safepoint region: RevokeBias
[2022-06-13T03:33:05.015+0000][1][safepoint    ] Leaving safepoint region
[2022-06-13T03:33:05.016+0000][1][safepoint    ] Total time for which application threads were stopped: 0.0002899 seconds, Stopping threads took: 0.0001260 seconds
[2022-06-13T03:33:05.016+0000][1][safepoint    ] Application time: 0.0003821 seconds
[2022-06-13T03:33:05.016+0000][1][safepoint    ] Entering safepoint region: RevokeBias
[2022-06-13T03:33:05.016+0000][1][safepoint    ] Leaving safepoint region
[2022-06-13T03:33:05.017+0000][1][safepoint    ] Total time for which application threads were stopped: 0.0003675 seconds, Stopping threads took: 0.0002045 seconds
[2022-06-13T03:33:05.017+0000][1][safepoint    ] Application time: 0.0002057 seconds
[2022-06-13T03:33:05.017+0000][1][safepoint    ] Entering safepoint region: RevokeBias
[2022-06-13T03:33:05.017+0000][1][safepoint    ] Leaving safepoint region
[2022-06-13T03:33:05.017+0000][1][safepoint    ] Total time for which application threads were stopped: 0.0002893 seconds, Stopping threads took: 0.0001350 seconds
[2022-06-13T03:33:05.018+0000][1][safepoint    ] Application time: 0.0001276 seconds
[2022-06-13T03:33:05.018+0000][1][safepoint    ] Entering safepoint region: RevokeBias
[2022-06-13T03:33:05.018+0000][1][safepoint    ] Leaving safepoint region
[2022-06-13T03:33:05.018+0000][1][safepoint    ] Total time for which application threads were stopped: 0.0003132 seconds, Stopping threads took: 0.0001455 seconds
[2022-06-13T03:33:05.018+0000][1][safepoint    ] Application time: 0.0001151 seconds
[2022-06-13T03:33:05.018+0000][1][safepoint    ] Entering safepoint region: RevokeBias
[2022-06-13T03:33:05.019+0000][1][safepoint    ] Leaving safepoint region
[2022-06-13T03:33:05.019+0000][1][safepoint    ] Total time for which application threads were stopped: 0.0002953 seconds, Stopping threads took: 0.0001390 seconds
[2022-06-13T03:33:05.019+0000][1][safepoint    ] Application time: 0.0001041 seconds
[2022-06-13T03:33:05.019+0000][1][safepoint    ] Entering safepoint region: RevokeBias
[2022-06-13T03:33:05.019+0000][1][safepoint    ] Leaving safepoint region
[2022-06-13T03:33:05.019+0000][1][safepoint    ] Total time for which application threads were stopped: 0.0003539 seconds, Stopping threads took: 0.0001764 seconds
[2022-06-13T03:33:05.020+0000][1][safepoint    ] Application time: 0.0000997 seconds
[2022-06-13T03:33:05.020+0000][1][safepoint    ] Entering safepoint region: RevokeBias
[2022-06-13T03:33:05.020+0000][1][safepoint    ] Leaving safepoint region
[2022-06-13T03:33:05.020+0000][1][safepoint    ] Total time for which application threads were stopped: 0.0002676 seconds, Stopping threads took: 0.0001129 seconds
[2022-06-13T03:33:05.020+0000][1][safepoint    ] Application time: 0.0001152 seconds
[2022-06-13T03:33:05.020+0000][1][safepoint    ] Entering safepoint region: RevokeBias
[2022-06-13T03:33:05.020+0000][1][safepoint    ] Leaving safepoint region
[2022-06-13T03:33:05.021+0000][1][safepoint    ] Total time for which application threads were stopped: 0.0002449 seconds, Stopping threads took: 0.0001212 seconds
[2022-06-13T03:33:05.021+0000][1][safepoint    ] Application time: 0.0000996 seconds
[2022-06-13T03:33:05.021+0000][1][safepoint    ] Entering safepoint region: RevokeBias
[2022-06-13T03:33:05.021+0000][1][safepoint    ] Leaving safepoint region
[2022-06-13T03:33:05.021+0000][1][safepoint    ] Total time for which application threads were stopped: 0.0003576 seconds, Stopping threads took: 0.0002401 seconds
[2022-06-13T03:33:05.021+0000][1][safepoint    ] Application time: 0.0000791 seconds
[2022-06-13T03:33:05.021+0000][1][safepoint    ] Entering safepoint region: RevokeBias
[2022-06-13T03:33:05.022+0000][1][safepoint    ] Leaving safepoint region
[2022-06-13T03:33:05.022+0000][1][safepoint    ] Total time for which application threads were stopped: 0.0002451 seconds, Stopping threads took: 0.0001283 seconds
[2022-06-13T03:33:05.022+0000][1][safepoint    ] Application time: 0.0000735 seconds
[2022-06-13T03:33:05.022+0000][1][safepoint    ] Entering safepoint region: RevokeBias
[2022-06-13T03:33:05.022+0000][1][safepoint    ] Leaving safepoint region
[2022-06-13T03:33:05.022+0000][1][safepoint    ] Total time for which application threads were stopped: 0.0003090 seconds, Stopping threads took: 0.0001432 seconds
[2022-06-13T03:33:05.022+0000][1][safepoint    ] Application time: 0.0000753 seconds
[2022-06-13T03:33:05.023+0000][1][safepoint    ] Entering safepoint region: RevokeBias
[2022-06-13T03:33:05.023+0000][1][safepoint    ] Leaving safepoint region
[2022-06-13T03:33:05.023+0000][1][safepoint    ] Total time for which application threads were stopped: 0.0002132 seconds, Stopping threads took: 0.0001092 seconds
[2022-06-13T03:33:05.023+0000][1][safepoint    ] Application time: 0.0000830 seconds
[2022-06-13T03:33:05.023+0000][1][safepoint    ] Entering safepoint region: RevokeBias
[2022-06-13T03:33:05.023+0000][1][safepoint    ] Leaving safepoint region
[2022-06-13T03:33:05.023+0000][1][safepoint    ] Total time for which application threads were stopped: 0.0002055 seconds, Stopping threads took: 0.0000987 seconds
[2022-06-13T03:33:05.023+0000][1][safepoint    ] Application time: 0.0000735 seconds
[2022-06-13T03:33:05.023+0000][1][safepoint    ] Entering safepoint region: RevokeBias
[2022-06-13T03:33:05.024+0000][1][safepoint    ] Leaving safepoint region
[2022-06-13T03:33:05.024+0000][1][safepoint    ] Total time for which application threads were stopped: 0.0002486 seconds, Stopping threads took: 0.0001146 seconds
[2022-06-13T03:33:05.024+0000][1][safepoint    ] Application time: 0.0000805 seconds
[2022-06-13T03:33:05.024+0000][1][safepoint    ] Entering safepoint region: RevokeBias
[2022-06-13T03:33:05.024+0000][1][safepoint    ] Leaving safepoint region
[2022-06-13T03:33:05.024+0000][1][safepoint    ] Total time for which application threads were stopped: 0.0002095 seconds, Stopping threads took: 0.0001045 seconds
[2022-06-13T03:33:05.024+0000][1][safepoint    ] Application time: 0.0000792 seconds
[2022-06-13T03:33:05.024+0000][1][safepoint    ] Entering safepoint region: RevokeBias
[2022-06-13T03:33:05.025+0000][1][safepoint    ] Leaving safepoint region
[2022-06-13T03:33:05.025+0000][1][safepoint    ] Total time for which application threads were stopped: 0.0001910 seconds, Stopping threads took: 0.0000897 seconds
[2022-06-13T03:33:05.025+0000][1][safepoint    ] Application time: 0.0000743 seconds
[2022-06-13T03:33:05.025+0000][1][safepoint    ] Entering safepoint region: RevokeBias
[2022-06-13T03:33:05.025+0000][1][safepoint    ] Leaving safepoint region
[2022-06-13T03:33:05.025+0000][1][safepoint    ] Total time for which application threads were stopped: 0.0002180 seconds, Stopping threads took: 0.0001099 seconds
[2022-06-13T03:33:05.025+0000][1][safepoint    ] Application time: 0.0000933 seconds
[2022-06-13T03:33:05.025+0000][1][safepoint    ] Entering safepoint region: RevokeBias
[2022-06-13T03:33:05.025+0000][1][safepoint    ] Leaving safepoint region
[2022-06-13T03:33:05.026+0000][1][safepoint    ] Total time for which application threads were stopped: 0.0001803 seconds, Stopping threads took: 0.0000774 seconds
[2022-06-13T03:33:05.026+0000][1][safepoint    ] Application time: 0.0000792 seconds
[2022-06-13T03:33:05.026+0000][1][safepoint    ] Entering safepoint region: RevokeBias
[2022-06-13T03:33:05.026+0000][1][safepoint    ] Leaving safepoint region
[2022-06-13T03:33:05.026+0000][1][safepoint    ] Total time for which application threads were stopped: 0.0002332 seconds, Stopping threads took: 0.0001130 seconds
[2022-06-13T03:33:05.026+0000][1][safepoint    ] Application time: 0.0000733 seconds
[2022-06-13T03:33:05.026+0000][1][safepoint    ] Entering safepoint region: RevokeBias
[2022-06-13T03:33:05.026+0000][1][safepoint    ] Leaving safepoint region
[2022-06-13T03:33:05.027+0000][1][safepoint    ] Total time for which application threads were stopped: 0.0002252 seconds, Stopping threads took: 0.0001183 seconds
[2022-06-13T03:33:05.027+0000][1][safepoint    ] Application time: 0.0000683 seconds
[2022-06-13T03:33:05.027+0000][1][safepoint    ] Entering safepoint region: RevokeBias
[2022-06-13T03:33:05.027+0000][1][safepoint    ] Leaving safepoint region
[2022-06-13T03:33:05.027+0000][1][safepoint    ] Total time for which application threads were stopped: 0.0002203 seconds, Stopping threads took: 0.0001139 seconds
[2022-06-13T03:33:05.027+0000][1][safepoint    ] Application time: 0.0000713 seconds
[2022-06-13T03:33:05.027+0000][1][safepoint    ] Entering safepoint region: RevokeBias
[2022-06-13T03:33:05.027+0000][1][safepoint    ] Leaving safepoint region
[2022-06-13T03:33:05.027+0000][1][safepoint    ] Total time for which application threads were stopped: 0.0002089 seconds, Stopping threads took: 0.0001060 seconds
[2022-06-13T03:33:05.028+0000][1][safepoint    ] Application time: 0.0000700 seconds
[2022-06-13T03:33:05.028+0000][1][safepoint    ] Entering safepoint region: BulkRevokeBias
[2022-06-13T03:33:05.028+0000][1][safepoint    ] Leaving safepoint region
[2022-06-13T03:33:05.028+0000][1][safepoint    ] Total time for which application threads were stopped: 0.0004067 seconds, Stopping threads took: 0.0001486 seconds
[2022-06-13T03:33:05.029+0000][1][safepoint    ] Application time: 0.0003172 seconds
[2022-06-13T03:33:05.029+0000][1][safepoint    ] Entering safepoint region: RevokeBias
[2022-06-13T03:33:05.029+0000][1][safepoint    ] Leaving safepoint region
[2022-06-13T03:33:05.029+0000][1][safepoint    ] Total time for which application threads were stopped: 0.0003753 seconds, Stopping threads took: 0.0002066 seconds
[2022-06-13T03:33:05.029+0000][1][safepoint    ] Application time: 0.0001268 seconds
[2022-06-13T03:33:05.030+0000][1][safepoint    ] Entering safepoint region: RevokeBias
[2022-06-13T03:33:05.030+0000][1][safepoint    ] Leaving safepoint region
[2022-06-13T03:33:05.030+0000][1][safepoint    ] Total time for which application threads were stopped: 0.0003114 seconds, Stopping threads took: 0.0001726 seconds
[2022-06-13T03:33:05.030+0000][1][safepoint    ] Application time: 0.0001812 seconds
[2022-06-13T03:33:05.030+0000][1][safepoint    ] Entering safepoint region: RevokeBias
[2022-06-13T03:33:05.030+0000][1][safepoint    ] Leaving safepoint region
[2022-06-13T03:33:05.031+0000][1][safepoint    ] Total time for which application threads were stopped: 0.0002992 seconds, Stopping threads took: 0.0001588 seconds
[2022-06-13T03:33:05.031+0000][1][safepoint    ] Application time: 0.0001018 seconds
[2022-06-13T03:33:05.031+0000][1][safepoint    ] Entering safepoint region: RevokeBias
[2022-06-13T03:33:05.031+0000][1][safepoint    ] Leaving safepoint region
[2022-06-13T03:33:05.031+0000][1][safepoint    ] Total time for which application threads were stopped: 0.0002916 seconds, Stopping threads took: 0.0001488 seconds
[2022-06-13T03:33:05.031+0000][1][safepoint    ] Application time: 0.0000696 seconds
[2022-06-13T03:33:05.031+0000][1][safepoint    ] Entering safepoint region: RevokeBias
[2022-06-13T03:33:05.032+0000][1][safepoint    ] Leaving safepoint region
[2022-06-13T03:33:05.032+0000][1][safepoint    ] Total time for which application threads were stopped: 0.0002904 seconds, Stopping threads took: 0.0001492 seconds
[2022-06-13T03:33:05.032+0000][1][safepoint    ] Application time: 0.0000870 seconds
[2022-06-13T03:33:05.032+0000][1][safepoint    ] Entering safepoint region: RevokeBias
[2022-06-13T03:33:05.032+0000][1][safepoint    ] Leaving safepoint region
[2022-06-13T03:33:05.033+0000][1][safepoint    ] Total time for which application threads were stopped: 0.0005781 seconds, Stopping threads took: 0.0004679 seconds
[2022-06-13T03:33:05.033+0000][1][safepoint    ] Application time: 0.0002846 seconds
[2022-06-13T03:33:05.033+0000][1][safepoint    ] Entering safepoint region: RevokeBias
[2022-06-13T03:33:05.033+0000][1][safepoint    ] Leaving safepoint region
[2022-06-13T03:33:05.033+0000][1][safepoint    ] Total time for which application threads were stopped: 0.0003069 seconds, Stopping threads took: 0.0000850 seconds
[2022-06-13T03:33:05.034+0000][1][safepoint    ] Application time: 0.0001717 seconds
[2022-06-13T03:33:05.034+0000][1][safepoint    ] Entering safepoint region: RevokeBias
[2022-06-13T03:33:05.034+0000][1][safepoint    ] Leaving safepoint region
[2022-06-13T03:33:05.034+0000][1][safepoint    ] Total time for which application threads were stopped: 0.0003130 seconds, Stopping threads took: 0.0001360 seconds
[2022-06-13T03:33:05.035+0000][1][safepoint    ] Application time: 0.0003434 seconds
[2022-06-13T03:33:05.035+0000][1][safepoint    ] Entering safepoint region: RevokeBias
[2022-06-13T03:33:05.035+0000][1][safepoint    ] Leaving safepoint region
[2022-06-13T03:33:05.035+0000][1][safepoint    ] Total time for which application threads were stopped: 0.0006117 seconds, Stopping threads took: 0.0004686 seconds
[2022-06-13T03:33:05.036+0000][1][safepoint    ] Application time: 0.0003889 seconds
[2022-06-13T03:33:05.036+0000][1][safepoint    ] Entering safepoint region: RevokeBias
[2022-06-13T03:33:05.036+0000][1][safepoint    ] Leaving safepoint region
[2022-06-13T03:33:05.036+0000][1][safepoint    ] Total time for which application threads were stopped: 0.0002791 seconds, Stopping threads took: 0.0001343 seconds
[2022-06-13T03:33:05.036+0000][1][safepoint    ] Application time: 0.0000876 seconds
[2022-06-13T03:33:05.037+0000][1][safepoint    ] Entering safepoint region: RevokeBias
[2022-06-13T03:33:05.037+0000][1][safepoint    ] Leaving safepoint region
[2022-06-13T03:33:05.037+0000][1][safepoint    ] Total time for which application threads were stopped: 0.0002965 seconds, Stopping threads took: 0.0001491 seconds
[2022-06-13T03:33:05.037+0000][1][safepoint    ] Application time: 0.0001000 seconds
[2022-06-13T03:33:05.037+0000][1][safepoint    ] Entering safepoint region: RevokeBias
[2022-06-13T03:33:05.037+0000][1][safepoint    ] Leaving safepoint region
[2022-06-13T03:33:05.037+0000][1][safepoint    ] Total time for which application threads were stopped: 0.0003643 seconds, Stopping threads took: 0.0002547 seconds
[2022-06-13T03:33:05.038+0000][1][safepoint    ] Application time: 0.0000721 seconds
[2022-06-13T03:33:05.038+0000][1][safepoint    ] Entering safepoint region: RevokeBias
[2022-06-13T03:33:05.038+0000][1][safepoint    ] Leaving safepoint region
[2022-06-13T03:33:05.038+0000][1][safepoint    ] Total time for which application threads were stopped: 0.0002101 seconds, Stopping threads took: 0.0000982 seconds
[2022-06-13T03:33:05.038+0000][1][safepoint    ] Application time: 0.0002998 seconds
[2022-06-13T03:33:05.039+0000][1][safepoint    ] Entering safepoint region: RevokeBias
[2022-06-13T03:33:05.039+0000][1][safepoint    ] Leaving safepoint region
[2022-06-13T03:33:05.039+0000][1][safepoint    ] Total time for which application threads were stopped: 0.0005167 seconds, Stopping threads took: 0.0003880 seconds
[2022-06-13T03:33:05.040+0000][1][safepoint    ] Application time: 0.0012407 seconds
[2022-06-13T03:33:05.040+0000][1][safepoint    ] Entering safepoint region: RevokeBias
[2022-06-13T03:33:05.041+0000][1][safepoint    ] Leaving safepoint region
[2022-06-13T03:33:05.041+0000][1][safepoint    ] Total time for which application threads were stopped: 0.0003061 seconds, Stopping threads took: 0.0001532 seconds
[2022-06-13T03:33:05.041+0000][1][safepoint    ] Application time: 0.0001044 seconds
[2022-06-13T03:33:05.041+0000][1][safepoint    ] Entering safepoint region: RevokeBias
[2022-06-13T03:33:05.041+0000][1][safepoint    ] Leaving safepoint region
[2022-06-13T03:33:05.041+0000][1][safepoint    ] Total time for which application threads were stopped: 0.0002176 seconds, Stopping threads took: 0.0000988 seconds
[2022-06-13T03:33:05.041+0000][1][safepoint    ] Application time: 0.0000963 seconds
[2022-06-13T03:33:05.042+0000][1][safepoint    ] Entering safepoint region: RevokeBias
[2022-06-13T03:33:05.042+0000][1][safepoint    ] Leaving safepoint region
[2022-06-13T03:33:05.042+0000][1][safepoint    ] Total time for which application threads were stopped: 0.0002335 seconds, Stopping threads took: 0.0000864 seconds
[2022-06-13T03:33:05.044+0000][1][safepoint    ] Application time: 0.0016510 seconds
[2022-06-13T03:33:05.044+0000][1][safepoint    ] Entering safepoint region: RevokeBias
[2022-06-13T03:33:05.044+0000][1][safepoint    ] Leaving safepoint region
[2022-06-13T03:33:05.044+0000][1][safepoint    ] Total time for which application threads were stopped: 0.0004241 seconds, Stopping threads took: 0.0002672 seconds
[2022-06-13T03:33:05.044+0000][1][safepoint    ] Application time: 0.0001153 seconds
[2022-06-13T03:33:05.044+0000][1][safepoint    ] Entering safepoint region: RevokeBias
[2022-06-13T03:33:05.045+0000][1][safepoint    ] Leaving safepoint region
[2022-06-13T03:33:05.045+0000][1][safepoint    ] Total time for which application threads were stopped: 0.0002270 seconds, Stopping threads took: 0.0001120 seconds
[2022-06-13T03:33:05.045+0000][1][safepoint    ] Application time: 0.0002465 seconds
[2022-06-13T03:33:05.045+0000][1][safepoint    ] Entering safepoint region: RevokeBias
[2022-06-13T03:33:05.045+0000][1][safepoint    ] Leaving safepoint region
[2022-06-13T03:33:05.046+0000][1][safepoint    ] Total time for which application threads were stopped: 0.0003376 seconds, Stopping threads took: 0.0001887 seconds
[2022-06-13T03:33:05.064+0000][1][safepoint    ] Application time: 0.0179243 seconds
[2022-06-13T03:33:05.064+0000][1][safepoint    ] Entering safepoint region: GenCollectForAllocation
[2022-06-13T03:33:05.064+0000][1][gc,start     ] GC(19) Pause Young (Allocation Failure)
[2022-06-13T03:33:05.064+0000][1][gc,task      ] GC(19) Using 5 workers of 13 for evacuation
[2022-06-13T03:33:05.069+0000][1][gc,age       ] GC(19) Desired survivor size 4456448 bytes, new threshold 2 (max threshold 6)
[2022-06-13T03:33:05.069+0000][1][gc,age       ] GC(19) Age table with threshold 2 (max threshold 6)
[2022-06-13T03:33:05.069+0000][1][gc,age       ] GC(19) - age   1:    2958896 bytes,    2958896 total
[2022-06-13T03:33:05.069+0000][1][gc,age       ] GC(19) - age   2:    3871352 bytes,    6830248 total
[2022-06-13T03:33:05.069+0000][1][gc,age       ] GC(19) - age   3:     279440 bytes,    7109688 total
[2022-06-13T03:33:05.070+0000][1][gc,heap      ] GC(19) ParNew: 74742K->8501K(78656K)
[2022-06-13T03:33:05.070+0000][1][gc,heap      ] GC(19) CMS: 55886K->55886K(174784K)
[2022-06-13T03:33:05.070+0000][1][gc,metaspace ] GC(19) Metaspace: 47360K->47360K(1093632K)
[2022-06-13T03:33:05.070+0000][1][gc           ] GC(19) Pause Young (Allocation Failure) 127M->62M(247M) 5.631ms
[2022-06-13T03:33:05.070+0000][1][gc,cpu       ] GC(19) User=0.03s Sys=0.00s Real=0.01s
[2022-06-13T03:33:05.070+0000][1][safepoint    ] Leaving safepoint region
[2022-06-13T03:33:05.070+0000][1][safepoint    ] Total time for which application threads were stopped: 0.0062811 seconds, Stopping threads took: 0.0002606 seconds
[2022-06-13T03:33:05.302+0000][1][safepoint    ] Application time: 0.2321740 seconds
[2022-06-13T03:33:05.303+0000][1][safepoint    ] Entering safepoint region: RevokeBias
[2022-06-13T03:33:05.303+0000][1][safepoint    ] Leaving safepoint region
[2022-06-13T03:33:05.303+0000][1][safepoint    ] Total time for which application threads were stopped: 0.0004181 seconds, Stopping threads took: 0.0001812 seconds
[2022-06-13T03:33:05.630+0000][1][safepoint    ] Application time: 0.3263566 seconds
[2022-06-13T03:33:05.630+0000][1][safepoint    ] Entering safepoint region: GenCollectForAllocation
[2022-06-13T03:33:05.630+0000][1][gc,start     ] GC(20) Pause Young (Allocation Failure)
[2022-06-13T03:33:05.631+0000][1][gc,task      ] GC(20) Using 5 workers of 13 for evacuation
[2022-06-13T03:33:05.639+0000][1][gc,age       ] GC(20) Desired survivor size 4456448 bytes, new threshold 6 (max threshold 6)
[2022-06-13T03:33:05.639+0000][1][gc,age       ] GC(20) Age table with threshold 6 (max threshold 6)
[2022-06-13T03:33:05.639+0000][1][gc,age       ] GC(20) - age   1:    1517424 bytes,    1517424 total
[2022-06-13T03:33:05.640+0000][1][gc,age       ] GC(20) - age   2:    2902984 bytes,    4420408 total
[2022-06-13T03:33:05.640+0000][1][gc,heap      ] GC(20) ParNew: 78453K->6092K(78656K)
[2022-06-13T03:33:05.640+0000][1][gc,heap      ] GC(20) CMS: 55886K->60080K(174784K)
[2022-06-13T03:33:05.640+0000][1][gc,metaspace ] GC(20) Metaspace: 54046K->54046K(1099776K)
[2022-06-13T03:33:05.640+0000][1][gc           ] GC(20) Pause Young (Allocation Failure) 131M->64M(247M) 9.976ms
[2022-06-13T03:33:05.641+0000][1][gc,cpu       ] GC(20) User=0.04s Sys=0.00s Real=0.01s
[2022-06-13T03:33:05.641+0000][1][safepoint    ] Leaving safepoint region
[2022-06-13T03:33:05.641+0000][1][safepoint    ] Total time for which application threads were stopped: 0.0109005 seconds, Stopping threads took: 0.0002035 seconds
[2022-06-13T03:33:05.795+0000][1][safepoint    ] Application time: 0.1539157 seconds
[2022-06-13T03:33:05.795+0000][1][safepoint    ] Entering safepoint region: Deoptimize
[2022-06-13T03:33:05.796+0000][1][safepoint    ] Leaving safepoint region
[2022-06-13T03:33:05.797+0000][1][safepoint    ] Total time for which application threads were stopped: 0.0013618 seconds, Stopping threads took: 0.0001332 seconds
[2022-06-13T03:33:05.822+0000][1][safepoint    ] Application time: 0.0253296 seconds
[2022-06-13T03:33:05.822+0000][1][safepoint    ] Entering safepoint region: RevokeBias
[2022-06-13T03:33:05.823+0000][1][safepoint    ] Leaving safepoint region
[2022-06-13T03:33:05.823+0000][1][safepoint    ] Total time for which application threads were stopped: 0.0004740 seconds, Stopping threads took: 0.0002413 seconds
[2022-06-13T03:33:05.823+0000][1][safepoint    ] Application time: 0.0001504 seconds
[2022-06-13T03:33:05.823+0000][1][safepoint    ] Entering safepoint region: RevokeBias
[2022-06-13T03:33:05.823+0000][1][safepoint    ] Leaving safepoint region
[2022-06-13T03:33:05.823+0000][1][safepoint    ] Total time for which application threads were stopped: 0.0003642 seconds, Stopping threads took: 0.0001994 seconds
[2022-06-13T03:33:05.824+0000][1][safepoint    ] Application time: 0.0001420 seconds
[2022-06-13T03:33:05.824+0000][1][safepoint    ] Entering safepoint region: RevokeBias
[2022-06-13T03:33:05.824+0000][1][safepoint    ] Leaving safepoint region
[2022-06-13T03:33:05.824+0000][1][safepoint    ] Total time for which application threads were stopped: 0.0003145 seconds, Stopping threads took: 0.0001570 seconds
[2022-06-13T03:33:05.827+0000][1][safepoint    ] Application time: 0.0028444 seconds
[2022-06-13T03:33:05.827+0000][1][safepoint    ] Entering safepoint region: RevokeBias
[2022-06-13T03:33:05.827+0000][1][safepoint    ] Leaving safepoint region
[2022-06-13T03:33:05.828+0000][1][safepoint    ] Total time for which application threads were stopped: 0.0002950 seconds, Stopping threads took: 0.0001267 seconds
[2022-06-13T03:33:05.931+0000][1][safepoint    ] Application time: 0.1032962 seconds
[2022-06-13T03:33:05.931+0000][1][safepoint    ] Entering safepoint region: RevokeBias
[2022-06-13T03:33:05.933+0000][1][safepoint    ] Leaving safepoint region
[2022-06-13T03:33:05.933+0000][1][safepoint    ] Total time for which application threads were stopped: 0.0018478 seconds, Stopping threads took: 0.0001752 seconds
[2022-06-13T03:33:05.934+0000][1][safepoint    ] Application time: 0.0001228 seconds
[2022-06-13T03:33:05.934+0000][1][safepoint    ] Entering safepoint region: RevokeBias
[2022-06-13T03:33:05.934+0000][1][safepoint    ] Leaving safepoint region
[2022-06-13T03:33:05.934+0000][1][safepoint    ] Total time for which application threads were stopped: 0.0003864 seconds, Stopping threads took: 0.0001844 seconds
[2022-06-13T03:33:05.935+0000][1][safepoint    ] Application time: 0.0006827 seconds
[2022-06-13T03:33:05.935+0000][1][safepoint    ] Entering safepoint region: RevokeBias
[2022-06-13T03:33:05.935+0000][1][safepoint    ] Leaving safepoint region
[2022-06-13T03:33:05.935+0000][1][safepoint    ] Total time for which application threads were stopped: 0.0003907 seconds, Stopping threads took: 0.0002258 seconds
[2022-06-13T03:33:05.936+0000][1][safepoint    ] Application time: 0.0001389 seconds
[2022-06-13T03:33:05.936+0000][1][safepoint    ] Entering safepoint region: RevokeBias
[2022-06-13T03:33:05.936+0000][1][safepoint    ] Leaving safepoint region
[2022-06-13T03:33:05.936+0000][1][safepoint    ] Total time for which application threads were stopped: 0.0003611 seconds, Stopping threads took: 0.0001544 seconds
[2022-06-13T03:33:05.937+0000][1][safepoint    ] Application time: 0.0001921 seconds
[2022-06-13T03:33:05.937+0000][1][safepoint    ] Entering safepoint region: BulkRevokeBias
[2022-06-13T03:33:05.937+0000][1][safepoint    ] Leaving safepoint region
[2022-06-13T03:33:05.937+0000][1][safepoint    ] Total time for which application threads were stopped: 0.0004053 seconds, Stopping threads took: 0.0001857 seconds
[2022-06-13T03:33:05.972+0000][1][safepoint    ] Application time: 0.0349260 seconds
[2022-06-13T03:33:05.972+0000][1][safepoint    ] Entering safepoint region: Deoptimize
[2022-06-13T03:33:05.973+0000][1][safepoint    ] Leaving safepoint region
[2022-06-13T03:33:05.973+0000][1][safepoint    ] Total time for which application threads were stopped: 0.0009220 seconds, Stopping threads took: 0.0001651 seconds
[2022-06-13T03:33:06.165+0000][1][safepoint    ] Application time: 0.1911377 seconds
[2022-06-13T03:33:06.165+0000][1][safepoint    ] Entering safepoint region: RevokeBias
[2022-06-13T03:33:06.165+0000][1][safepoint    ] Leaving safepoint region
[2022-06-13T03:33:06.165+0000][1][safepoint    ] Total time for which application threads were stopped: 0.0004214 seconds, Stopping threads took: 0.0001892 seconds
[2022-06-13T03:33:06.238+0000][1][safepoint    ] Application time: 0.0729956 seconds
[2022-06-13T03:33:06.239+0000][1][safepoint    ] Entering safepoint region: RevokeBias
[2022-06-13T03:33:06.239+0000][1][safepoint    ] Leaving safepoint region
[2022-06-13T03:33:06.239+0000][1][safepoint    ] Total time for which application threads were stopped: 0.0002889 seconds, Stopping threads took: 0.0001414 seconds
[2022-06-13T03:33:06.239+0000][1][safepoint    ] Application time: 0.0000842 seconds
[2022-06-13T03:33:06.239+0000][1][safepoint    ] Entering safepoint region: BulkRevokeBias
[2022-06-13T03:33:06.239+0000][1][safepoint    ] Leaving safepoint region
[2022-06-13T03:33:06.239+0000][1][safepoint    ] Total time for which application threads were stopped: 0.0003236 seconds, Stopping threads took: 0.0001254 seconds
[2022-06-13T03:33:06.378+0000][1][safepoint    ] Application time: 0.1387660 seconds
[2022-06-13T03:33:06.379+0000][1][safepoint    ] Entering safepoint region: GenCollectForAllocation
[2022-06-13T03:33:06.379+0000][1][gc,start     ] GC(21) Pause Young (Allocation Failure)
[2022-06-13T03:33:06.379+0000][1][gc,task      ] GC(21) Using 5 workers of 13 for evacuation
[2022-06-13T03:33:06.386+0000][1][gc,age       ] GC(21) Desired survivor size 4456448 bytes, new threshold 2 (max threshold 6)
[2022-06-13T03:33:06.387+0000][1][gc,age       ] GC(21) Age table with threshold 2 (max threshold 6)
[2022-06-13T03:33:06.387+0000][1][gc,age       ] GC(21) - age   1:    3413488 bytes,    3413488 total
[2022-06-13T03:33:06.387+0000][1][gc,age       ] GC(21) - age   2:    1440664 bytes,    4854152 total
[2022-06-13T03:33:06.388+0000][1][gc,age       ] GC(21) - age   3:    2888088 bytes,    7742240 total
[2022-06-13T03:33:06.388+0000][1][gc,heap      ] GC(21) ParNew: 76044K->8704K(78656K)
[2022-06-13T03:33:06.388+0000][1][gc,heap      ] GC(21) CMS: 60080K->60748K(174784K)
[2022-06-13T03:33:06.389+0000][1][gc,metaspace ] GC(21) Metaspace: 62250K->62250K(1105920K)
[2022-06-13T03:33:06.389+0000][1][gc           ] GC(21) Pause Young (Allocation Failure) 132M->67M(247M) 10.130ms
[2022-06-13T03:33:06.390+0000][1][gc,cpu       ] GC(21) User=0.04s Sys=0.00s Real=0.01s
[2022-06-13T03:33:06.390+0000][1][safepoint    ] Leaving safepoint region
[2022-06-13T03:33:06.390+0000][1][safepoint    ] Total time for which application threads were stopped: 0.0113235 seconds, Stopping threads took: 0.0002530 seconds
[2022-06-13T03:33:06.419+0000][1][safepoint    ] Application time: 0.0284032 seconds
[2022-06-13T03:33:06.419+0000][1][safepoint    ] Entering safepoint region: Deoptimize
[2022-06-13T03:33:06.420+0000][1][safepoint    ] Leaving safepoint region
[2022-06-13T03:33:06.420+0000][1][safepoint    ] Total time for which application threads were stopped: 0.0008762 seconds, Stopping threads took: 0.0001744 seconds
[2022-06-13T03:33:06.426+0000][1][safepoint    ] Application time: 0.0057500 seconds
[2022-06-13T03:33:06.426+0000][1][safepoint    ] Entering safepoint region: RevokeBias
[2022-06-13T03:33:06.426+0000][1][safepoint    ] Leaving safepoint region
[2022-06-13T03:33:06.426+0000][1][safepoint    ] Total time for which application threads were stopped: 0.0003743 seconds, Stopping threads took: 0.0001248 seconds
[2022-06-13T03:33:06.427+0000][1][safepoint    ] Application time: 0.0004126 seconds
[2022-06-13T03:33:06.427+0000][1][safepoint    ] Entering safepoint region: RevokeBias
[2022-06-13T03:33:06.427+0000][1][safepoint    ] Leaving safepoint region
[2022-06-13T03:33:06.427+0000][1][safepoint    ] Total time for which application threads were stopped: 0.0002619 seconds, Stopping threads took: 0.0001128 seconds
[2022-06-13T03:33:06.428+0000][1][safepoint    ] Application time: 0.0005813 seconds
[2022-06-13T03:33:06.428+0000][1][safepoint    ] Entering safepoint region: RevokeBias
[2022-06-13T03:33:06.428+0000][1][safepoint    ] Leaving safepoint region
[2022-06-13T03:33:06.428+0000][1][safepoint    ] Total time for which application threads were stopped: 0.0004120 seconds, Stopping threads took: 0.0001345 seconds
[2022-06-13T03:33:06.429+0000][1][safepoint    ] Application time: 0.0001513 seconds
[2022-06-13T03:33:06.429+0000][1][safepoint    ] Entering safepoint region: RevokeBias
[2022-06-13T03:33:06.429+0000][1][safepoint    ] Leaving safepoint region
[2022-06-13T03:33:06.429+0000][1][safepoint    ] Total time for which application threads were stopped: 0.0004120 seconds, Stopping threads took: 0.0001806 seconds
[2022-06-13T03:33:06.430+0000][1][safepoint    ] Application time: 0.0004361 seconds
[2022-06-13T03:33:06.430+0000][1][safepoint    ] Entering safepoint region: RevokeBias
[2022-06-13T03:33:06.430+0000][1][safepoint    ] Leaving safepoint region
[2022-06-13T03:33:06.430+0000][1][safepoint    ] Total time for which application threads were stopped: 0.0003504 seconds, Stopping threads took: 0.0001501 seconds
[2022-06-13T03:33:06.431+0000][1][safepoint    ] Application time: 0.0000752 seconds
[2022-06-13T03:33:06.431+0000][1][safepoint    ] Entering safepoint region: RevokeBias
[2022-06-13T03:33:06.431+0000][1][safepoint    ] Leaving safepoint region
[2022-06-13T03:33:06.431+0000][1][safepoint    ] Total time for which application threads were stopped: 0.0002261 seconds, Stopping threads took: 0.0001028 seconds
[2022-06-13T03:33:06.431+0000][1][safepoint    ] Application time: 0.0000916 seconds
[2022-06-13T03:33:06.431+0000][1][safepoint    ] Entering safepoint region: RevokeBias
[2022-06-13T03:33:06.431+0000][1][safepoint    ] Leaving safepoint region
[2022-06-13T03:33:06.432+0000][1][safepoint    ] Total time for which application threads were stopped: 0.0002607 seconds, Stopping threads took: 0.0001084 seconds
[2022-06-13T03:33:06.432+0000][1][safepoint    ] Application time: 0.0001830 seconds
[2022-06-13T03:33:06.432+0000][1][safepoint    ] Entering safepoint region: RevokeBias
[2022-06-13T03:33:06.432+0000][1][safepoint    ] Leaving safepoint region
[2022-06-13T03:33:06.432+0000][1][safepoint    ] Total time for which application threads were stopped: 0.0002880 seconds, Stopping threads took: 0.0001349 seconds
[2022-06-13T03:33:06.433+0000][1][safepoint    ] Application time: 0.0002532 seconds
[2022-06-13T03:33:06.433+0000][1][safepoint    ] Entering safepoint region: RevokeBias
[2022-06-13T03:33:06.433+0000][1][safepoint    ] Leaving safepoint region
[2022-06-13T03:33:06.433+0000][1][safepoint    ] Total time for which application threads were stopped: 0.0003220 seconds, Stopping threads took: 0.0001500 seconds
[2022-06-13T03:33:06.434+0000][1][safepoint    ] Application time: 0.0002495 seconds
[2022-06-13T03:33:06.434+0000][1][safepoint    ] Entering safepoint region: RevokeBias
[2022-06-13T03:33:06.434+0000][1][safepoint    ] Leaving safepoint region
[2022-06-13T03:33:06.434+0000][1][safepoint    ] Total time for which application threads were stopped: 0.0002771 seconds, Stopping threads took: 0.0001063 seconds
[2022-06-13T03:33:06.434+0000][1][safepoint    ] Application time: 0.0000771 seconds
[2022-06-13T03:33:06.434+0000][1][safepoint    ] Entering safepoint region: RevokeBias
[2022-06-13T03:33:06.434+0000][1][safepoint    ] Leaving safepoint region
[2022-06-13T03:33:06.435+0000][1][safepoint    ] Total time for which application threads were stopped: 0.0002957 seconds, Stopping threads took: 0.0001401 seconds
[2022-06-13T03:33:06.435+0000][1][safepoint    ] Application time: 0.0006246 seconds
[2022-06-13T03:33:06.435+0000][1][safepoint    ] Entering safepoint region: RevokeBias
[2022-06-13T03:33:06.436+0000][1][safepoint    ] Leaving safepoint region
[2022-06-13T03:33:06.436+0000][1][safepoint    ] Total time for which application threads were stopped: 0.0002584 seconds, Stopping threads took: 0.0001047 seconds
[2022-06-13T03:33:06.437+0000][1][safepoint    ] Application time: 0.0009919 seconds
[2022-06-13T03:33:06.437+0000][1][safepoint    ] Entering safepoint region: RevokeBias
[2022-06-13T03:33:06.438+0000][1][safepoint    ] Leaving safepoint region
[2022-06-13T03:33:06.438+0000][1][safepoint    ] Total time for which application threads were stopped: 0.0006570 seconds, Stopping threads took: 0.0003921 seconds
[2022-06-13T03:33:06.438+0000][1][safepoint    ] Application time: 0.0001230 seconds
[2022-06-13T03:33:06.438+0000][1][safepoint    ] Entering safepoint region: RevokeBias
[2022-06-13T03:33:06.439+0000][1][safepoint    ] Leaving safepoint region
[2022-06-13T03:33:06.439+0000][1][safepoint    ] Total time for which application threads were stopped: 0.0004238 seconds, Stopping threads took: 0.0002170 seconds
[2022-06-13T03:33:06.441+0000][1][safepoint    ] Application time: 0.0018099 seconds
[2022-06-13T03:33:06.441+0000][1][safepoint    ] Entering safepoint region: Deoptimize
[2022-06-13T03:33:06.442+0000][1][safepoint    ] Leaving safepoint region
[2022-06-13T03:33:06.442+0000][1][safepoint    ] Total time for which application threads were stopped: 0.0008504 seconds, Stopping threads took: 0.0001593 seconds
[2022-06-13T03:33:06.474+0000][1][safepoint    ] Application time: 0.0323114 seconds
[2022-06-13T03:33:06.475+0000][1][safepoint    ] Entering safepoint region: RevokeBias
[2022-06-13T03:33:06.475+0000][1][safepoint    ] Leaving safepoint region
[2022-06-13T03:33:06.475+0000][1][safepoint    ] Total time for which application threads were stopped: 0.0002954 seconds, Stopping threads took: 0.0001544 seconds
[2022-06-13T03:33:06.475+0000][1][safepoint    ] Application time: 0.0000738 seconds
[2022-06-13T03:33:06.475+0000][1][safepoint    ] Entering safepoint region: RevokeBias
[2022-06-13T03:33:06.476+0000][1][safepoint    ] Leaving safepoint region
[2022-06-13T03:33:06.476+0000][1][safepoint    ] Total time for which application threads were stopped: 0.0003920 seconds, Stopping threads took: 0.0001692 seconds
[2022-06-13T03:33:06.476+0000][1][safepoint    ] Application time: 0.0001900 seconds
[2022-06-13T03:33:06.476+0000][1][safepoint    ] Entering safepoint region: RevokeBias
[2022-06-13T03:33:06.477+0000][1][safepoint    ] Leaving safepoint region
[2022-06-13T03:33:06.477+0000][1][safepoint    ] Total time for which application threads were stopped: 0.0005239 seconds, Stopping threads took: 0.0003505 seconds
[2022-06-13T03:33:06.478+0000][1][safepoint    ] Application time: 0.0011755 seconds
[2022-06-13T03:33:06.478+0000][1][safepoint    ] Entering safepoint region: RevokeBias
[2022-06-13T03:33:06.479+0000][1][safepoint    ] Leaving safepoint region
[2022-06-13T03:33:06.479+0000][1][safepoint    ] Total time for which application threads were stopped: 0.0005575 seconds, Stopping threads took: 0.0003407 seconds
[2022-06-13T03:33:06.480+0000][1][safepoint    ] Application time: 0.0006539 seconds
[2022-06-13T03:33:06.480+0000][1][safepoint    ] Entering safepoint region: RevokeBias
[2022-06-13T03:33:06.481+0000][1][safepoint    ] Leaving safepoint region
[2022-06-13T03:33:06.481+0000][1][safepoint    ] Total time for which application threads were stopped: 0.0008236 seconds, Stopping threads took: 0.0005647 seconds
[2022-06-13T03:33:06.481+0000][1][safepoint    ] Application time: 0.0001458 seconds
[2022-06-13T03:33:06.482+0000][1][safepoint    ] Entering safepoint region: RevokeBias
[2022-06-13T03:33:06.482+0000][1][safepoint    ] Leaving safepoint region
[2022-06-13T03:33:06.482+0000][1][safepoint    ] Total time for which application threads were stopped: 0.0006448 seconds, Stopping threads took: 0.0003347 seconds
[2022-06-13T03:33:06.482+0000][1][safepoint    ] Application time: 0.0001055 seconds
[2022-06-13T03:33:06.483+0000][1][safepoint    ] Entering safepoint region: RevokeBias
[2022-06-13T03:33:06.483+0000][1][safepoint    ] Leaving safepoint region
[2022-06-13T03:33:06.483+0000][1][safepoint    ] Total time for which application threads were stopped: 0.0005042 seconds, Stopping threads took: 0.0002840 seconds
[2022-06-13T03:33:06.483+0000][1][safepoint    ] Application time: 0.0003506 seconds
[2022-06-13T03:33:06.484+0000][1][safepoint    ] Entering safepoint region: RevokeBias
[2022-06-13T03:33:06.484+0000][1][safepoint    ] Leaving safepoint region
[2022-06-13T03:33:06.484+0000][1][safepoint    ] Total time for which application threads were stopped: 0.0008038 seconds, Stopping threads took: 0.0002851 seconds
[2022-06-13T03:33:06.485+0000][1][safepoint    ] Application time: 0.0007173 seconds
[2022-06-13T03:33:06.486+0000][1][safepoint    ] Entering safepoint region: RevokeBias
[2022-06-13T03:33:06.486+0000][1][safepoint    ] Leaving safepoint region
[2022-06-13T03:33:06.486+0000][1][safepoint    ] Total time for which application threads were stopped: 0.0005289 seconds, Stopping threads took: 0.0003450 seconds
[2022-06-13T03:33:06.486+0000][1][safepoint    ] Application time: 0.0001255 seconds
[2022-06-13T03:33:06.487+0000][1][safepoint    ] Entering safepoint region: RevokeBias
[2022-06-13T03:33:06.487+0000][1][safepoint    ] Leaving safepoint region
[2022-06-13T03:33:06.487+0000][1][safepoint    ] Total time for which application threads were stopped: 0.0004032 seconds, Stopping threads took: 0.0001740 seconds
[2022-06-13T03:33:06.487+0000][1][safepoint    ] Application time: 0.0000913 seconds
[2022-06-13T03:33:06.487+0000][1][safepoint    ] Entering safepoint region: RevokeBias
[2022-06-13T03:33:06.488+0000][1][safepoint    ] Leaving safepoint region
[2022-06-13T03:33:06.488+0000][1][safepoint    ] Total time for which application threads were stopped: 0.0004010 seconds, Stopping threads took: 0.0002431 seconds
[2022-06-13T03:33:06.488+0000][1][safepoint    ] Application time: 0.0004405 seconds
[2022-06-13T03:33:06.489+0000][1][safepoint    ] Entering safepoint region: RevokeBias
[2022-06-13T03:33:06.489+0000][1][safepoint    ] Leaving safepoint region
[2022-06-13T03:33:06.489+0000][1][safepoint    ] Total time for which application threads were stopped: 0.0004978 seconds, Stopping threads took: 0.0002646 seconds
[2022-06-13T03:33:06.490+0000][1][safepoint    ] Application time: 0.0001557 seconds
[2022-06-13T03:33:06.490+0000][1][safepoint    ] Entering safepoint region: RevokeBias
[2022-06-13T03:33:06.490+0000][1][safepoint    ] Leaving safepoint region
[2022-06-13T03:33:06.490+0000][1][safepoint    ] Total time for which application threads were stopped: 0.0003514 seconds, Stopping threads took: 0.0001502 seconds
[2022-06-13T03:33:06.490+0000][1][safepoint    ] Application time: 0.0001007 seconds
[2022-06-13T03:33:06.491+0000][1][safepoint    ] Entering safepoint region: RevokeBias
[2022-06-13T03:33:06.491+0000][1][safepoint    ] Leaving safepoint region
[2022-06-13T03:33:06.491+0000][1][safepoint    ] Total time for which application threads were stopped: 0.0002807 seconds, Stopping threads took: 0.0001148 seconds
[2022-06-13T03:33:06.491+0000][1][safepoint    ] Application time: 0.0001090 seconds
[2022-06-13T03:33:06.491+0000][1][safepoint    ] Entering safepoint region: RevokeBias
[2022-06-13T03:33:06.492+0000][1][safepoint    ] Leaving safepoint region
[2022-06-13T03:33:06.492+0000][1][safepoint    ] Total time for which application threads were stopped: 0.0004264 seconds, Stopping threads took: 0.0002371 seconds
[2022-06-13T03:33:06.492+0000][1][safepoint    ] Application time: 0.0004500 seconds
[2022-06-13T03:33:06.493+0000][1][safepoint    ] Entering safepoint region: RevokeBias
[2022-06-13T03:33:06.493+0000][1][safepoint    ] Leaving safepoint region
[2022-06-13T03:33:06.493+0000][1][safepoint    ] Total time for which application threads were stopped: 0.0003954 seconds, Stopping threads took: 0.0001734 seconds
[2022-06-13T03:33:06.495+0000][1][safepoint    ] Application time: 0.0012098 seconds
[2022-06-13T03:33:06.495+0000][1][safepoint    ] Entering safepoint region: RevokeBias
[2022-06-13T03:33:06.495+0000][1][safepoint    ] Leaving safepoint region
[2022-06-13T03:33:06.496+0000][1][safepoint    ] Total time for which application threads were stopped: 0.0005697 seconds, Stopping threads took: 0.0002545 seconds
[2022-06-13T03:33:06.496+0000][1][safepoint    ] Application time: 0.0001395 seconds
[2022-06-13T03:33:06.496+0000][1][safepoint    ] Entering safepoint region: RevokeBias
[2022-06-13T03:33:06.496+0000][1][safepoint    ] Leaving safepoint region
[2022-06-13T03:33:06.497+0000][1][safepoint    ] Total time for which application threads were stopped: 0.0002772 seconds, Stopping threads took: 0.0001351 seconds
[2022-06-13T03:33:06.497+0000][1][safepoint    ] Application time: 0.0002329 seconds
[2022-06-13T03:33:06.497+0000][1][safepoint    ] Entering safepoint region: RevokeBias
[2022-06-13T03:33:06.497+0000][1][safepoint    ] Leaving safepoint region
[2022-06-13T03:33:06.497+0000][1][safepoint    ] Total time for which application threads were stopped: 0.0002941 seconds, Stopping threads took: 0.0001675 seconds
[2022-06-13T03:33:06.498+0000][1][safepoint    ] Application time: 0.0007524 seconds
[2022-06-13T03:33:06.498+0000][1][safepoint    ] Entering safepoint region: RevokeBias
[2022-06-13T03:33:06.498+0000][1][safepoint    ] Leaving safepoint region
[2022-06-13T03:33:06.499+0000][1][safepoint    ] Total time for which application threads were stopped: 0.0003254 seconds, Stopping threads took: 0.0001541 seconds
[2022-06-13T03:33:06.499+0000][1][safepoint    ] Application time: 0.0002511 seconds
[2022-06-13T03:33:06.499+0000][1][safepoint    ] Entering safepoint region: BulkRevokeBias
[2022-06-13T03:33:06.499+0000][1][safepoint    ] Leaving safepoint region
[2022-06-13T03:33:06.500+0000][1][safepoint    ] Total time for which application threads were stopped: 0.0004267 seconds, Stopping threads took: 0.0001425 seconds
[2022-06-13T03:33:06.500+0000][1][safepoint    ] Application time: 0.0004583 seconds
[2022-06-13T03:33:06.500+0000][1][safepoint    ] Entering safepoint region: RevokeBias
[2022-06-13T03:33:06.500+0000][1][safepoint    ] Leaving safepoint region
[2022-06-13T03:33:06.500+0000][1][safepoint    ] Total time for which application threads were stopped: 0.0002305 seconds, Stopping threads took: 0.0001068 seconds
[2022-06-13T03:33:06.501+0000][1][safepoint    ] Application time: 0.0001480 seconds
[2022-06-13T03:33:06.501+0000][1][safepoint    ] Entering safepoint region: RevokeBias
[2022-06-13T03:33:06.501+0000][1][safepoint    ] Leaving safepoint region
[2022-06-13T03:33:06.501+0000][1][safepoint    ] Total time for which application threads were stopped: 0.0002877 seconds, Stopping threads took: 0.0001283 seconds
[2022-06-13T03:33:06.501+0000][1][safepoint    ] Application time: 0.0000488 seconds
[2022-06-13T03:33:06.502+0000][1][safepoint    ] Entering safepoint region: RevokeBias
[2022-06-13T03:33:06.502+0000][1][safepoint    ] Leaving safepoint region
[2022-06-13T03:33:06.502+0000][1][safepoint    ] Total time for which application threads were stopped: 0.0006405 seconds, Stopping threads took: 0.0002817 seconds
[2022-06-13T03:33:06.503+0000][1][safepoint    ] Application time: 0.0002022 seconds
[2022-06-13T03:33:06.503+0000][1][safepoint    ] Entering safepoint region: RevokeBias
[2022-06-13T03:33:06.503+0000][1][safepoint    ] Leaving safepoint region
[2022-06-13T03:33:06.503+0000][1][safepoint    ] Total time for which application threads were stopped: 0.0005037 seconds, Stopping threads took: 0.0003449 seconds
[2022-06-13T03:33:06.504+0000][1][safepoint    ] Application time: 0.0005270 seconds
[2022-06-13T03:33:06.504+0000][1][safepoint    ] Entering safepoint region: RevokeBias
[2022-06-13T03:33:06.505+0000][1][safepoint    ] Leaving safepoint region
[2022-06-13T03:33:06.505+0000][1][safepoint    ] Total time for which application threads were stopped: 0.0003950 seconds, Stopping threads took: 0.0001861 seconds
[2022-06-13T03:33:06.505+0000][1][safepoint    ] Application time: 0.0000828 seconds
[2022-06-13T03:33:06.505+0000][1][safepoint    ] Entering safepoint region: RevokeBias
[2022-06-13T03:33:06.505+0000][1][safepoint    ] Leaving safepoint region
[2022-06-13T03:33:06.505+0000][1][safepoint    ] Total time for which application threads were stopped: 0.0003127 seconds, Stopping threads took: 0.0001461 seconds
[2022-06-13T03:33:06.508+0000][1][safepoint    ] Application time: 0.0023505 seconds
[2022-06-13T03:33:06.508+0000][1][safepoint    ] Entering safepoint region: RevokeBias
[2022-06-13T03:33:06.508+0000][1][safepoint    ] Leaving safepoint region
[2022-06-13T03:33:06.508+0000][1][safepoint    ] Total time for which application threads were stopped: 0.0002067 seconds, Stopping threads took: 0.0001014 seconds
[2022-06-13T03:33:06.509+0000][1][safepoint    ] Application time: 0.0009480 seconds
[2022-06-13T03:33:06.509+0000][1][safepoint    ] Entering safepoint region: RevokeBias
[2022-06-13T03:33:06.510+0000][1][safepoint    ] Leaving safepoint region
[2022-06-13T03:33:06.510+0000][1][safepoint    ] Total time for which application threads were stopped: 0.0003232 seconds, Stopping threads took: 0.0001502 seconds
[2022-06-13T03:33:06.510+0000][1][safepoint    ] Application time: 0.0001143 seconds
[2022-06-13T03:33:06.510+0000][1][safepoint    ] Entering safepoint region: RevokeBias
[2022-06-13T03:33:06.510+0000][1][safepoint    ] Leaving safepoint region
[2022-06-13T03:33:06.510+0000][1][safepoint    ] Total time for which application threads were stopped: 0.0003489 seconds, Stopping threads took: 0.0001708 seconds
[2022-06-13T03:33:06.513+0000][1][safepoint    ] Application time: 0.0021264 seconds
[2022-06-13T03:33:06.513+0000][1][safepoint    ] Entering safepoint region: RevokeBias
[2022-06-13T03:33:06.513+0000][1][safepoint    ] Leaving safepoint region
[2022-06-13T03:33:06.513+0000][1][safepoint    ] Total time for which application threads were stopped: 0.0003477 seconds, Stopping threads took: 0.0001490 seconds
[2022-06-13T03:33:06.514+0000][1][safepoint    ] Application time: 0.0001506 seconds
[2022-06-13T03:33:06.514+0000][1][safepoint    ] Entering safepoint region: RevokeBias
[2022-06-13T03:33:06.514+0000][1][safepoint    ] Leaving safepoint region
[2022-06-13T03:33:06.514+0000][1][safepoint    ] Total time for which application threads were stopped: 0.0003308 seconds, Stopping threads took: 0.0001393 seconds
[2022-06-13T03:33:06.514+0000][1][safepoint    ] Application time: 0.0001326 seconds
[2022-06-13T03:33:06.515+0000][1][safepoint    ] Entering safepoint region: RevokeBias
[2022-06-13T03:33:06.515+0000][1][safepoint    ] Leaving safepoint region
[2022-06-13T03:33:06.515+0000][1][safepoint    ] Total time for which application threads were stopped: 0.0004263 seconds, Stopping threads took: 0.0002861 seconds
[2022-06-13T03:33:06.515+0000][1][safepoint    ] Application time: 0.0001364 seconds
[2022-06-13T03:33:06.515+0000][1][safepoint    ] Entering safepoint region: BulkRevokeBias
[2022-06-13T03:33:06.515+0000][1][safepoint    ] Leaving safepoint region
[2022-06-13T03:33:06.516+0000][1][safepoint    ] Total time for which application threads were stopped: 0.0003681 seconds, Stopping threads took: 0.0001278 seconds
[2022-06-13T03:33:06.516+0000][1][safepoint    ] Application time: 0.0002848 seconds
[2022-06-13T03:33:06.516+0000][1][safepoint    ] Entering safepoint region: RevokeBias
[2022-06-13T03:33:06.516+0000][1][safepoint    ] Leaving safepoint region
[2022-06-13T03:33:06.516+0000][1][safepoint    ] Total time for which application threads were stopped: 0.0002528 seconds, Stopping threads took: 0.0001318 seconds
[2022-06-13T03:33:06.517+0000][1][safepoint    ] Application time: 0.0000855 seconds
[2022-06-13T03:33:06.517+0000][1][safepoint    ] Entering safepoint region: RevokeBias
[2022-06-13T03:33:06.517+0000][1][safepoint    ] Leaving safepoint region
[2022-06-13T03:33:06.517+0000][1][safepoint    ] Total time for which application threads were stopped: 0.0002255 seconds, Stopping threads took: 0.0001153 seconds
[2022-06-13T03:33:06.517+0000][1][safepoint    ] Application time: 0.0001019 seconds
[2022-06-13T03:33:06.517+0000][1][safepoint    ] Entering safepoint region: RevokeBias
[2022-06-13T03:33:06.517+0000][1][safepoint    ] Leaving safepoint region
[2022-06-13T03:33:06.517+0000][1][safepoint    ] Total time for which application threads were stopped: 0.0002233 seconds, Stopping threads took: 0.0001047 seconds
[2022-06-13T03:33:06.518+0000][1][safepoint    ] Application time: 0.0004298 seconds
[2022-06-13T03:33:06.518+0000][1][safepoint    ] Entering safepoint region: RevokeBias
[2022-06-13T03:33:06.518+0000][1][safepoint    ] Leaving safepoint region
[2022-06-13T03:33:06.518+0000][1][safepoint    ] Total time for which application threads were stopped: 0.0003043 seconds, Stopping threads took: 0.0001324 seconds
[2022-06-13T03:33:06.519+0000][1][safepoint    ] Application time: 0.0000950 seconds
[2022-06-13T03:33:06.519+0000][1][safepoint    ] Entering safepoint region: RevokeBias
[2022-06-13T03:33:06.519+0000][1][safepoint    ] Leaving safepoint region
[2022-06-13T03:33:06.519+0000][1][safepoint    ] Total time for which application threads were stopped: 0.0002148 seconds, Stopping threads took: 0.0000954 seconds
[2022-06-13T03:33:06.521+0000][1][safepoint    ] Application time: 0.0017857 seconds
[2022-06-13T03:33:06.521+0000][1][safepoint    ] Entering safepoint region: RevokeBias
[2022-06-13T03:33:06.521+0000][1][safepoint    ] Leaving safepoint region
[2022-06-13T03:33:06.521+0000][1][safepoint    ] Total time for which application threads were stopped: 0.0003025 seconds, Stopping threads took: 0.0001451 seconds
[2022-06-13T03:33:06.521+0000][1][safepoint    ] Application time: 0.0000870 seconds
[2022-06-13T03:33:06.522+0000][1][safepoint    ] Entering safepoint region: RevokeBias
[2022-06-13T03:33:06.522+0000][1][safepoint    ] Leaving safepoint region
[2022-06-13T03:33:06.522+0000][1][safepoint    ] Total time for which application threads were stopped: 0.0002990 seconds, Stopping threads took: 0.0001526 seconds
[2022-06-13T03:33:06.524+0000][1][safepoint    ] Application time: 0.0024125 seconds
[2022-06-13T03:33:06.525+0000][1][safepoint    ] Entering safepoint region: RevokeBias
[2022-06-13T03:33:06.525+0000][1][safepoint    ] Leaving safepoint region
[2022-06-13T03:33:06.525+0000][1][safepoint    ] Total time for which application threads were stopped: 0.0002310 seconds, Stopping threads took: 0.0001066 seconds
[2022-06-13T03:33:06.525+0000][1][safepoint    ] Application time: 0.0001553 seconds
[2022-06-13T03:33:06.525+0000][1][safepoint    ] Entering safepoint region: RevokeBias
[2022-06-13T03:33:06.525+0000][1][safepoint    ] Leaving safepoint region
[2022-06-13T03:33:06.525+0000][1][safepoint    ] Total time for which application threads were stopped: 0.0002565 seconds, Stopping threads took: 0.0001143 seconds
[2022-06-13T03:33:06.526+0000][1][safepoint    ] Application time: 0.0001090 seconds
[2022-06-13T03:33:06.526+0000][1][safepoint    ] Entering safepoint region: RevokeBias
[2022-06-13T03:33:06.526+0000][1][safepoint    ] Leaving safepoint region
[2022-06-13T03:33:06.526+0000][1][safepoint    ] Total time for which application threads were stopped: 0.0002657 seconds, Stopping threads took: 0.0001106 seconds
[2022-06-13T03:33:06.526+0000][1][safepoint    ] Application time: 0.0000837 seconds
[2022-06-13T03:33:06.526+0000][1][safepoint    ] Entering safepoint region: RevokeBias
[2022-06-13T03:33:06.527+0000][1][safepoint    ] Leaving safepoint region
[2022-06-13T03:33:06.527+0000][1][safepoint    ] Total time for which application threads were stopped: 0.0002926 seconds, Stopping threads took: 0.0001314 seconds
[2022-06-13T03:33:06.529+0000][1][safepoint    ] Application time: 0.0026553 seconds
[2022-06-13T03:33:06.530+0000][1][safepoint    ] Entering safepoint region: RevokeBias
[2022-06-13T03:33:06.530+0000][1][safepoint    ] Leaving safepoint region
[2022-06-13T03:33:06.530+0000][1][safepoint    ] Total time for which application threads were stopped: 0.0002941 seconds, Stopping threads took: 0.0001356 seconds
[2022-06-13T03:33:06.530+0000][1][safepoint    ] Application time: 0.0001693 seconds
[2022-06-13T03:33:06.530+0000][1][safepoint    ] Entering safepoint region: RevokeBias
[2022-06-13T03:33:06.531+0000][1][safepoint    ] Leaving safepoint region
[2022-06-13T03:33:06.531+0000][1][safepoint    ] Total time for which application threads were stopped: 0.0003648 seconds, Stopping threads took: 0.0001723 seconds
[2022-06-13T03:33:06.533+0000][1][safepoint    ] Application time: 0.0017531 seconds
[2022-06-13T03:33:06.533+0000][1][safepoint    ] Entering safepoint region: RevokeBias
[2022-06-13T03:33:06.533+0000][1][safepoint    ] Leaving safepoint region
[2022-06-13T03:33:06.533+0000][1][safepoint    ] Total time for which application threads were stopped: 0.0003580 seconds, Stopping threads took: 0.0001593 seconds
[2022-06-13T03:33:06.535+0000][1][safepoint    ] Application time: 0.0014070 seconds
[2022-06-13T03:33:06.535+0000][1][safepoint    ] Entering safepoint region: RevokeBias
[2022-06-13T03:33:06.535+0000][1][safepoint    ] Leaving safepoint region
[2022-06-13T03:33:06.535+0000][1][safepoint    ] Total time for which application threads were stopped: 0.0003690 seconds, Stopping threads took: 0.0001764 seconds
[2022-06-13T03:33:06.536+0000][1][safepoint    ] Application time: 0.0008493 seconds
[2022-06-13T03:33:06.536+0000][1][safepoint    ] Entering safepoint region: RevokeBias
[2022-06-13T03:33:06.537+0000][1][safepoint    ] Leaving safepoint region
[2022-06-13T03:33:06.537+0000][1][safepoint    ] Total time for which application threads were stopped: 0.0003161 seconds, Stopping threads took: 0.0001636 seconds
[2022-06-13T03:33:06.537+0000][1][safepoint    ] Application time: 0.0001709 seconds
[2022-06-13T03:33:06.537+0000][1][safepoint    ] Entering safepoint region: RevokeBias
[2022-06-13T03:33:06.537+0000][1][safepoint    ] Leaving safepoint region
[2022-06-13T03:33:06.537+0000][1][safepoint    ] Total time for which application threads were stopped: 0.0003021 seconds, Stopping threads took: 0.0001855 seconds
[2022-06-13T03:33:06.538+0000][1][safepoint    ] Application time: 0.0001362 seconds
[2022-06-13T03:33:06.538+0000][1][safepoint    ] Entering safepoint region: RevokeBias
[2022-06-13T03:33:06.538+0000][1][safepoint    ] Leaving safepoint region
[2022-06-13T03:33:06.538+0000][1][safepoint    ] Total time for which application threads were stopped: 0.0002418 seconds, Stopping threads took: 0.0001222 seconds
[2022-06-13T03:33:07.083+0000][1][safepoint    ] Application time: 0.5453819 seconds
[2022-06-13T03:33:07.084+0000][1][safepoint    ] Entering safepoint region: RevokeBias
[2022-06-13T03:33:07.084+0000][1][safepoint    ] Leaving safepoint region
[2022-06-13T03:33:07.084+0000][1][safepoint    ] Total time for which application threads were stopped: 0.0007782 seconds, Stopping threads took: 0.0002740 seconds
[2022-06-13T03:33:07.086+0000][1][safepoint    ] Application time: 0.0010509 seconds
[2022-06-13T03:33:07.086+0000][1][safepoint    ] Entering safepoint region: RevokeBias
[2022-06-13T03:33:07.087+0000][1][safepoint    ] Leaving safepoint region
[2022-06-13T03:33:07.087+0000][1][safepoint    ] Total time for which application threads were stopped: 0.0007712 seconds, Stopping threads took: 0.0002761 seconds
[2022-06-13T03:33:07.088+0000][1][safepoint    ] Application time: 0.0001898 seconds
[2022-06-13T03:33:07.088+0000][1][safepoint    ] Entering safepoint region: RevokeBias
[2022-06-13T03:33:07.088+0000][1][safepoint    ] Leaving safepoint region
[2022-06-13T03:33:07.088+0000][1][safepoint    ] Total time for which application threads were stopped: 0.0003751 seconds, Stopping threads took: 0.0002342 seconds
[2022-06-13T03:33:07.089+0000][1][safepoint    ] Application time: 0.0000797 seconds
[2022-06-13T03:33:07.089+0000][1][safepoint    ] Entering safepoint region: RevokeBias
[2022-06-13T03:33:07.089+0000][1][safepoint    ] Leaving safepoint region
[2022-06-13T03:33:07.089+0000][1][safepoint    ] Total time for which application threads were stopped: 0.0003109 seconds, Stopping threads took: 0.0001260 seconds
[2022-06-13T03:33:07.090+0000][1][safepoint    ] Application time: 0.0007904 seconds
[2022-06-13T03:33:07.091+0000][1][safepoint    ] Entering safepoint region: RevokeBias
[2022-06-13T03:33:07.091+0000][1][safepoint    ] Leaving safepoint region
[2022-06-13T03:33:07.091+0000][1][safepoint    ] Total time for which application threads were stopped: 0.0006431 seconds, Stopping threads took: 0.0001833 seconds
[2022-06-13T03:33:07.092+0000][1][safepoint    ] Application time: 0.0004478 seconds
[2022-06-13T03:33:07.092+0000][1][safepoint    ] Entering safepoint region: RevokeBias
[2022-06-13T03:33:07.092+0000][1][safepoint    ] Leaving safepoint region
[2022-06-13T03:33:07.092+0000][1][safepoint    ] Total time for which application threads were stopped: 0.0002676 seconds, Stopping threads took: 0.0001242 seconds
[2022-06-13T03:33:07.093+0000][1][safepoint    ] Application time: 0.0001849 seconds
[2022-06-13T03:33:07.093+0000][1][safepoint    ] Entering safepoint region: RevokeBias
[2022-06-13T03:33:07.093+0000][1][safepoint    ] Leaving safepoint region
[2022-06-13T03:33:07.093+0000][1][safepoint    ] Total time for which application threads were stopped: 0.0003789 seconds, Stopping threads took: 0.0001772 seconds
[2022-06-13T03:33:07.104+0000][1][safepoint    ] Application time: 0.0105984 seconds
[2022-06-13T03:33:07.104+0000][1][safepoint    ] Entering safepoint region: RevokeBias
[2022-06-13T03:33:07.104+0000][1][safepoint    ] Leaving safepoint region
[2022-06-13T03:33:07.105+0000][1][safepoint    ] Total time for which application threads were stopped: 0.0005624 seconds, Stopping threads took: 0.0002489 seconds
[2022-06-13T03:33:07.105+0000][1][safepoint    ] Application time: 0.0000514 seconds
[2022-06-13T03:33:07.105+0000][1][safepoint    ] Entering safepoint region: RevokeBias
[2022-06-13T03:33:07.105+0000][1][safepoint    ] Leaving safepoint region
[2022-06-13T03:33:07.106+0000][1][safepoint    ] Total time for which application threads were stopped: 0.0003839 seconds, Stopping threads took: 0.0002027 seconds
[2022-06-13T03:33:07.112+0000][1][safepoint    ] Application time: 0.0060166 seconds
[2022-06-13T03:33:07.112+0000][1][safepoint    ] Entering safepoint region: RevokeBias
[2022-06-13T03:33:07.112+0000][1][safepoint    ] Leaving safepoint region
[2022-06-13T03:33:07.112+0000][1][safepoint    ] Total time for which application threads were stopped: 0.0003496 seconds, Stopping threads took: 0.0002083 seconds
[2022-06-13T03:33:07.119+0000][1][safepoint    ] Application time: 0.0069406 seconds
[2022-06-13T03:33:07.120+0000][1][safepoint    ] Entering safepoint region: RevokeBias
[2022-06-13T03:33:07.121+0000][1][safepoint    ] Leaving safepoint region
[2022-06-13T03:33:07.121+0000][1][safepoint    ] Total time for which application threads were stopped: 0.0012003 seconds, Stopping threads took: 0.0006798 seconds
[2022-06-13T03:33:07.194+0000][1][safepoint    ] Application time: 0.0728271 seconds
[2022-06-13T03:33:07.195+0000][1][safepoint    ] Entering safepoint region: RevokeBias
[2022-06-13T03:33:07.195+0000][1][safepoint    ] Leaving safepoint region
[2022-06-13T03:33:07.195+0000][1][safepoint    ] Total time for which application threads were stopped: 0.0002878 seconds, Stopping threads took: 0.0001177 seconds
[2022-06-13T03:33:07.195+0000][1][safepoint    ] Application time: 0.0003567 seconds
[2022-06-13T03:33:07.196+0000][1][safepoint    ] Entering safepoint region: RevokeBias
[2022-06-13T03:33:07.196+0000][1][safepoint    ] Leaving safepoint region
[2022-06-13T03:33:07.196+0000][1][safepoint    ] Total time for which application threads were stopped: 0.0003130 seconds, Stopping threads took: 0.0001775 seconds
[2022-06-13T03:33:07.214+0000][1][safepoint    ] Application time: 0.0176983 seconds
[2022-06-13T03:33:07.214+0000][1][safepoint    ] Entering safepoint region: RevokeBias
[2022-06-13T03:33:07.214+0000][1][safepoint    ] Leaving safepoint region
[2022-06-13T03:33:07.214+0000][1][safepoint    ] Total time for which application threads were stopped: 0.0005420 seconds, Stopping threads took: 0.0003265 seconds
[2022-06-13T03:33:07.229+0000][1][safepoint    ] Application time: 0.0140836 seconds
[2022-06-13T03:33:07.229+0000][1][safepoint    ] Entering safepoint region: RevokeBias
[2022-06-13T03:33:07.230+0000][1][safepoint    ] Leaving safepoint region
[2022-06-13T03:33:07.230+0000][1][safepoint    ] Total time for which application threads were stopped: 0.0009520 seconds, Stopping threads took: 0.0005685 seconds
[2022-06-13T03:33:07.230+0000][1][safepoint    ] Application time: 0.0001032 seconds
[2022-06-13T03:33:07.231+0000][1][safepoint    ] Entering safepoint region: RevokeBias
[2022-06-13T03:33:07.231+0000][1][safepoint    ] Leaving safepoint region
[2022-06-13T03:33:07.231+0000][1][safepoint    ] Total time for which application threads were stopped: 0.0004741 seconds, Stopping threads took: 0.0001266 seconds
[2022-06-13T03:33:07.232+0000][1][safepoint    ] Application time: 0.0000664 seconds
[2022-06-13T03:33:07.232+0000][1][safepoint    ] Entering safepoint region: RevokeBias
[2022-06-13T03:33:07.232+0000][1][safepoint    ] Leaving safepoint region
[2022-06-13T03:33:07.232+0000][1][safepoint    ] Total time for which application threads were stopped: 0.0003959 seconds, Stopping threads took: 0.0002441 seconds
[2022-06-13T03:33:07.232+0000][1][safepoint    ] Application time: 0.0000819 seconds
[2022-06-13T03:33:07.233+0000][1][safepoint    ] Entering safepoint region: RevokeBias
[2022-06-13T03:33:07.233+0000][1][safepoint    ] Leaving safepoint region
[2022-06-13T03:33:07.233+0000][1][safepoint    ] Total time for which application threads were stopped: 0.0003795 seconds, Stopping threads took: 0.0001941 seconds
[2022-06-13T03:33:07.233+0000][1][safepoint    ] Application time: 0.0000762 seconds
[2022-06-13T03:33:07.233+0000][1][safepoint    ] Entering safepoint region: RevokeBias
[2022-06-13T03:33:07.233+0000][1][safepoint    ] Leaving safepoint region
[2022-06-13T03:33:07.234+0000][1][safepoint    ] Total time for which application threads were stopped: 0.0002721 seconds, Stopping threads took: 0.0001322 seconds
[2022-06-13T03:33:07.234+0000][1][safepoint    ] Application time: 0.0000976 seconds
[2022-06-13T03:33:07.234+0000][1][safepoint    ] Entering safepoint region: RevokeBias
[2022-06-13T03:33:07.234+0000][1][safepoint    ] Leaving safepoint region
[2022-06-13T03:33:07.234+0000][1][safepoint    ] Total time for which application threads were stopped: 0.0004515 seconds, Stopping threads took: 0.0002907 seconds
[2022-06-13T03:33:07.235+0000][1][safepoint    ] Application time: 0.0000654 seconds
[2022-06-13T03:33:07.235+0000][1][safepoint    ] Entering safepoint region: RevokeBias
[2022-06-13T03:33:07.235+0000][1][safepoint    ] Leaving safepoint region
[2022-06-13T03:33:07.235+0000][1][safepoint    ] Total time for which application threads were stopped: 0.0002654 seconds, Stopping threads took: 0.0001340 seconds
[2022-06-13T03:33:07.235+0000][1][safepoint    ] Application time: 0.0002614 seconds
[2022-06-13T03:33:07.236+0000][1][safepoint    ] Entering safepoint region: RevokeBias
[2022-06-13T03:33:07.236+0000][1][safepoint    ] Leaving safepoint region
[2022-06-13T03:33:07.236+0000][1][safepoint    ] Total time for which application threads were stopped: 0.0007400 seconds, Stopping threads took: 0.0005231 seconds
[2022-06-13T03:33:07.476+0000][1][safepoint    ] Application time: 0.2397375 seconds
[2022-06-13T03:33:07.476+0000][1][safepoint    ] Entering safepoint region: RevokeBias
[2022-06-13T03:33:07.477+0000][1][safepoint    ] Leaving safepoint region
[2022-06-13T03:33:07.477+0000][1][safepoint    ] Total time for which application threads were stopped: 0.0006008 seconds, Stopping threads took: 0.0003023 seconds
[2022-06-13T03:33:07.478+0000][1][safepoint    ] Application time: 0.0002805 seconds
[2022-06-13T03:33:07.478+0000][1][safepoint    ] Entering safepoint region: RevokeBias
[2022-06-13T03:33:07.478+0000][1][safepoint    ] Leaving safepoint region
[2022-06-13T03:33:07.478+0000][1][safepoint    ] Total time for which application threads were stopped: 0.0004782 seconds, Stopping threads took: 0.0002797 seconds
[2022-06-13T03:33:07.479+0000][1][safepoint    ] Application time: 0.0001729 seconds
[2022-06-13T03:33:07.479+0000][1][safepoint    ] Entering safepoint region: RevokeBias
[2022-06-13T03:33:07.479+0000][1][safepoint    ] Leaving safepoint region
[2022-06-13T03:33:07.480+0000][1][safepoint    ] Total time for which application threads were stopped: 0.0006104 seconds, Stopping threads took: 0.0002551 seconds
[2022-06-13T03:33:07.480+0000][1][safepoint    ] Application time: 0.0001923 seconds
[2022-06-13T03:33:07.480+0000][1][safepoint    ] Entering safepoint region: RevokeBias
[2022-06-13T03:33:07.480+0000][1][safepoint    ] Leaving safepoint region
[2022-06-13T03:33:07.480+0000][1][safepoint    ] Total time for which application threads were stopped: 0.0001809 seconds, Stopping threads took: 0.0000848 seconds
[2022-06-13T03:33:07.480+0000][1][safepoint    ] Application time: 0.0000882 seconds
[2022-06-13T03:33:07.481+0000][1][safepoint    ] Entering safepoint region: RevokeBias
[2022-06-13T03:33:07.481+0000][1][safepoint    ] Leaving safepoint region
[2022-06-13T03:33:07.481+0000][1][safepoint    ] Total time for which application threads were stopped: 0.0004045 seconds, Stopping threads took: 0.0001548 seconds
[2022-06-13T03:33:07.481+0000][1][safepoint    ] Application time: 0.0001910 seconds
[2022-06-13T03:33:07.482+0000][1][safepoint    ] Entering safepoint region: RevokeBias
[2022-06-13T03:33:07.482+0000][1][safepoint    ] Leaving safepoint region
[2022-06-13T03:33:07.483+0000][1][safepoint    ] Total time for which application threads were stopped: 0.0008328 seconds, Stopping threads took: 0.0006480 seconds
[2022-06-13T03:33:07.484+0000][1][safepoint    ] Application time: 0.0011323 seconds
[2022-06-13T03:33:07.484+0000][1][safepoint    ] Entering safepoint region: RevokeBias
[2022-06-13T03:33:07.484+0000][1][safepoint    ] Leaving safepoint region
[2022-06-13T03:33:07.484+0000][1][safepoint    ] Total time for which application threads were stopped: 0.0002416 seconds, Stopping threads took: 0.0001241 seconds
[2022-06-13T03:33:07.485+0000][1][safepoint    ] Application time: 0.0001210 seconds
[2022-06-13T03:33:07.485+0000][1][safepoint    ] Entering safepoint region: RevokeBias
[2022-06-13T03:33:07.485+0000][1][safepoint    ] Leaving safepoint region
[2022-06-13T03:33:07.485+0000][1][safepoint    ] Total time for which application threads were stopped: 0.0003866 seconds, Stopping threads took: 0.0002463 seconds
[2022-06-13T03:33:07.486+0000][1][safepoint    ] Application time: 0.0003850 seconds
[2022-06-13T03:33:07.486+0000][1][safepoint    ] Entering safepoint region: RevokeBias
[2022-06-13T03:33:07.486+0000][1][safepoint    ] Leaving safepoint region
[2022-06-13T03:33:07.486+0000][1][safepoint    ] Total time for which application threads were stopped: 0.0004462 seconds, Stopping threads took: 0.0002073 seconds
[2022-06-13T03:33:07.487+0000][1][safepoint    ] Application time: 0.0005109 seconds
[2022-06-13T03:33:07.487+0000][1][safepoint    ] Entering safepoint region: RevokeBias
[2022-06-13T03:33:07.488+0000][1][safepoint    ] Leaving safepoint region
[2022-06-13T03:33:07.488+0000][1][safepoint    ] Total time for which application threads were stopped: 0.0009452 seconds, Stopping threads took: 0.0005538 seconds
[2022-06-13T03:33:07.489+0000][1][safepoint    ] Application time: 0.0002793 seconds
[2022-06-13T03:33:07.489+0000][1][safepoint    ] Entering safepoint region: RevokeBias
[2022-06-13T03:33:07.489+0000][1][safepoint    ] Leaving safepoint region
[2022-06-13T03:33:07.490+0000][1][safepoint    ] Total time for which application threads were stopped: 0.0007500 seconds, Stopping threads took: 0.0004589 seconds
[2022-06-13T03:33:07.490+0000][1][safepoint    ] Application time: 0.0001360 seconds
[2022-06-13T03:33:07.490+0000][1][safepoint    ] Entering safepoint region: RevokeBias
[2022-06-13T03:33:07.490+0000][1][safepoint    ] Leaving safepoint region
[2022-06-13T03:33:07.491+0000][1][safepoint    ] Total time for which application threads were stopped: 0.0006448 seconds, Stopping threads took: 0.0002302 seconds
[2022-06-13T03:33:07.504+0000][1][safepoint    ] Application time: 0.0131998 seconds
[2022-06-13T03:33:07.505+0000][1][safepoint    ] Entering safepoint region: RevokeBias
[2022-06-13T03:33:07.505+0000][1][safepoint    ] Leaving safepoint region
[2022-06-13T03:33:07.505+0000][1][safepoint    ] Total time for which application threads were stopped: 0.0008268 seconds, Stopping threads took: 0.0004322 seconds
[2022-06-13T03:33:07.509+0000][1][safepoint    ] Application time: 0.0033656 seconds
[2022-06-13T03:33:07.509+0000][1][safepoint    ] Entering safepoint region: RevokeBias
[2022-06-13T03:33:07.509+0000][1][safepoint    ] Leaving safepoint region
[2022-06-13T03:33:07.509+0000][1][safepoint    ] Total time for which application threads were stopped: 0.0003304 seconds, Stopping threads took: 0.0001584 seconds
[2022-06-13T03:33:07.511+0000][1][safepoint    ] Application time: 0.0016502 seconds
[2022-06-13T03:33:07.512+0000][1][safepoint    ] Entering safepoint region: RevokeBias
[2022-06-13T03:33:07.512+0000][1][safepoint    ] Leaving safepoint region
[2022-06-13T03:33:07.512+0000][1][safepoint    ] Total time for which application threads were stopped: 0.0004807 seconds, Stopping threads took: 0.0002385 seconds
[2022-06-13T03:33:07.514+0000][1][safepoint    ] Application time: 0.0014999 seconds
[2022-06-13T03:33:07.514+0000][1][safepoint    ] Entering safepoint region: RevokeBias
[2022-06-13T03:33:07.514+0000][1][safepoint    ] Leaving safepoint region
[2022-06-13T03:33:07.514+0000][1][safepoint    ] Total time for which application threads were stopped: 0.0002313 seconds, Stopping threads took: 0.0001007 seconds
[2022-06-13T03:33:07.514+0000][1][safepoint    ] Application time: 0.0003103 seconds
[2022-06-13T03:33:07.515+0000][1][safepoint    ] Entering safepoint region: RevokeBias
[2022-06-13T03:33:07.515+0000][1][safepoint    ] Leaving safepoint region
[2022-06-13T03:33:07.515+0000][1][safepoint    ] Total time for which application threads were stopped: 0.0002286 seconds, Stopping threads took: 0.0000991 seconds
[2022-06-13T03:33:07.515+0000][1][safepoint    ] Application time: 0.0002080 seconds
[2022-06-13T03:33:07.515+0000][1][safepoint    ] Entering safepoint region: RevokeBias
[2022-06-13T03:33:07.516+0000][1][safepoint    ] Leaving safepoint region
[2022-06-13T03:33:07.516+0000][1][safepoint    ] Total time for which application threads were stopped: 0.0003153 seconds, Stopping threads took: 0.0001431 seconds
[2022-06-13T03:33:07.516+0000][1][safepoint    ] Application time: 0.0003117 seconds
[2022-06-13T03:33:07.516+0000][1][safepoint    ] Entering safepoint region: RevokeBias
[2022-06-13T03:33:07.517+0000][1][safepoint    ] Leaving safepoint region
[2022-06-13T03:33:07.517+0000][1][safepoint    ] Total time for which application threads were stopped: 0.0005762 seconds, Stopping threads took: 0.0001887 seconds
[2022-06-13T03:33:07.517+0000][1][safepoint    ] Application time: 0.0001424 seconds
[2022-06-13T03:33:07.517+0000][1][safepoint    ] Entering safepoint region: RevokeBias
[2022-06-13T03:33:07.517+0000][1][safepoint    ] Leaving safepoint region
[2022-06-13T03:33:07.518+0000][1][safepoint    ] Total time for which application threads were stopped: 0.0003481 seconds, Stopping threads took: 0.0001469 seconds
[2022-06-13T03:33:07.518+0000][1][safepoint    ] Application time: 0.0001669 seconds
[2022-06-13T03:33:07.518+0000][1][safepoint    ] Entering safepoint region: RevokeBias
[2022-06-13T03:33:07.518+0000][1][safepoint    ] Leaving safepoint region
[2022-06-13T03:33:07.519+0000][1][safepoint    ] Total time for which application threads were stopped: 0.0004841 seconds, Stopping threads took: 0.0002345 seconds
[2022-06-13T03:33:07.519+0000][1][safepoint    ] Application time: 0.0001449 seconds
[2022-06-13T03:33:07.519+0000][1][safepoint    ] Entering safepoint region: RevokeBias
[2022-06-13T03:33:07.520+0000][1][safepoint    ] Leaving safepoint region
[2022-06-13T03:33:07.520+0000][1][safepoint    ] Total time for which application threads were stopped: 0.0007179 seconds, Stopping threads took: 0.0004502 seconds
[2022-06-13T03:33:07.520+0000][1][safepoint    ] Application time: 0.0002952 seconds
[2022-06-13T03:33:07.520+0000][1][safepoint    ] Entering safepoint region: RevokeBias
[2022-06-13T03:33:07.521+0000][1][safepoint    ] Leaving safepoint region
[2022-06-13T03:33:07.521+0000][1][safepoint    ] Total time for which application threads were stopped: 0.0005916 seconds, Stopping threads took: 0.0002990 seconds
[2022-06-13T03:33:07.522+0000][1][safepoint    ] Application time: 0.0004210 seconds
[2022-06-13T03:33:07.522+0000][1][safepoint    ] Entering safepoint region: RevokeBias
[2022-06-13T03:33:07.523+0000][1][safepoint    ] Leaving safepoint region
[2022-06-13T03:33:07.523+0000][1][safepoint    ] Total time for which application threads were stopped: 0.0010173 seconds, Stopping threads took: 0.0007496 seconds
[2022-06-13T03:33:07.524+0000][1][safepoint    ] Application time: 0.0002593 seconds
[2022-06-13T03:33:07.524+0000][1][safepoint    ] Entering safepoint region: RevokeBias
[2022-06-13T03:33:07.524+0000][1][safepoint    ] Leaving safepoint region
[2022-06-13T03:33:07.524+0000][1][safepoint    ] Total time for which application threads were stopped: 0.0006290 seconds, Stopping threads took: 0.0003842 seconds
[2022-06-13T03:33:07.525+0000][1][safepoint    ] Application time: 0.0003454 seconds
[2022-06-13T03:33:07.525+0000][1][safepoint    ] Entering safepoint region: RevokeBias
[2022-06-13T03:33:07.525+0000][1][safepoint    ] Leaving safepoint region
[2022-06-13T03:33:07.526+0000][1][safepoint    ] Total time for which application threads were stopped: 0.0005503 seconds, Stopping threads took: 0.0002810 seconds
[2022-06-13T03:33:07.526+0000][1][safepoint    ] Application time: 0.0003730 seconds
[2022-06-13T03:33:07.526+0000][1][safepoint    ] Entering safepoint region: RevokeBias
[2022-06-13T03:33:07.527+0000][1][safepoint    ] Leaving safepoint region
[2022-06-13T03:33:07.527+0000][1][safepoint    ] Total time for which application threads were stopped: 0.0009134 seconds, Stopping threads took: 0.0004591 seconds
[2022-06-13T03:33:07.528+0000][1][safepoint    ] Application time: 0.0001500 seconds
[2022-06-13T03:33:07.528+0000][1][safepoint    ] Entering safepoint region: RevokeBias
[2022-06-13T03:33:07.528+0000][1][safepoint    ] Leaving safepoint region
[2022-06-13T03:33:07.529+0000][1][safepoint    ] Total time for which application threads were stopped: 0.0007910 seconds, Stopping threads took: 0.0004012 seconds
[2022-06-13T03:33:07.529+0000][1][safepoint    ] Application time: 0.0002034 seconds
[2022-06-13T03:33:07.529+0000][1][safepoint    ] Entering safepoint region: RevokeBias
[2022-06-13T03:33:07.530+0000][1][safepoint    ] Leaving safepoint region
[2022-06-13T03:33:07.530+0000][1][safepoint    ] Total time for which application threads were stopped: 0.0005375 seconds, Stopping threads took: 0.0001887 seconds
[2022-06-13T03:33:07.530+0000][1][safepoint    ] Application time: 0.0001588 seconds
[2022-06-13T03:33:07.531+0000][1][safepoint    ] Entering safepoint region: RevokeBias
[2022-06-13T03:33:07.531+0000][1][safepoint    ] Leaving safepoint region
[2022-06-13T03:33:07.531+0000][1][safepoint    ] Total time for which application threads were stopped: 0.0004658 seconds, Stopping threads took: 0.0001858 seconds
[2022-06-13T03:33:07.532+0000][1][safepoint    ] Application time: 0.0003160 seconds
[2022-06-13T03:33:07.532+0000][1][safepoint    ] Entering safepoint region: RevokeBias
[2022-06-13T03:33:07.532+0000][1][safepoint    ] Leaving safepoint region
[2022-06-13T03:33:07.532+0000][1][safepoint    ] Total time for which application threads were stopped: 0.0006315 seconds, Stopping threads took: 0.0002889 seconds
[2022-06-13T03:33:07.533+0000][1][safepoint    ] Application time: 0.0003948 seconds
[2022-06-13T03:33:07.533+0000][1][safepoint    ] Entering safepoint region: BulkRevokeBias
[2022-06-13T03:33:07.534+0000][1][safepoint    ] Leaving safepoint region
[2022-06-13T03:33:07.534+0000][1][safepoint    ] Total time for which application threads were stopped: 0.0005347 seconds, Stopping threads took: 0.0002363 seconds
[2022-06-13T03:33:07.534+0000][1][safepoint    ] Application time: 0.0001567 seconds
[2022-06-13T03:33:07.534+0000][1][safepoint    ] Entering safepoint region: RevokeBias
[2022-06-13T03:33:07.534+0000][1][safepoint    ] Leaving safepoint region
[2022-06-13T03:33:07.535+0000][1][safepoint    ] Total time for which application threads were stopped: 0.0003948 seconds, Stopping threads took: 0.0001583 seconds
[2022-06-13T03:33:07.535+0000][1][safepoint    ] Application time: 0.0001032 seconds
[2022-06-13T03:33:07.535+0000][1][safepoint    ] Entering safepoint region: RevokeBias
[2022-06-13T03:33:07.535+0000][1][safepoint    ] Leaving safepoint region
[2022-06-13T03:33:07.535+0000][1][safepoint    ] Total time for which application threads were stopped: 0.0002517 seconds, Stopping threads took: 0.0001064 seconds
[2022-06-13T03:33:07.535+0000][1][safepoint    ] Application time: 0.0000822 seconds
[2022-06-13T03:33:07.535+0000][1][safepoint    ] Entering safepoint region: RevokeBias
[2022-06-13T03:33:07.536+0000][1][safepoint    ] Leaving safepoint region
[2022-06-13T03:33:07.536+0000][1][safepoint    ] Total time for which application threads were stopped: 0.0002897 seconds, Stopping threads took: 0.0001505 seconds
[2022-06-13T03:33:07.536+0000][1][safepoint    ] Application time: 0.0000807 seconds
[2022-06-13T03:33:07.536+0000][1][safepoint    ] Entering safepoint region: RevokeBias
[2022-06-13T03:33:07.536+0000][1][safepoint    ] Leaving safepoint region
[2022-06-13T03:33:07.536+0000][1][safepoint    ] Total time for which application threads were stopped: 0.0002913 seconds, Stopping threads took: 0.0001522 seconds
[2022-06-13T03:33:07.537+0000][1][safepoint    ] Application time: 0.0002696 seconds
[2022-06-13T03:33:07.537+0000][1][safepoint    ] Entering safepoint region: RevokeBias
[2022-06-13T03:33:07.537+0000][1][safepoint    ] Leaving safepoint region
[2022-06-13T03:33:07.537+0000][1][safepoint    ] Total time for which application threads were stopped: 0.0002611 seconds, Stopping threads took: 0.0001221 seconds
[2022-06-13T03:33:07.538+0000][1][safepoint    ] Application time: 0.0004760 seconds
[2022-06-13T03:33:07.538+0000][1][safepoint    ] Entering safepoint region: RevokeBias
[2022-06-13T03:33:07.538+0000][1][safepoint    ] Leaving safepoint region
[2022-06-13T03:33:07.538+0000][1][safepoint    ] Total time for which application threads were stopped: 0.0002191 seconds, Stopping threads took: 0.0001029 seconds
[2022-06-13T03:33:07.539+0000][1][safepoint    ] Application time: 0.0012081 seconds
[2022-06-13T03:33:07.539+0000][1][safepoint    ] Entering safepoint region: RevokeBias
[2022-06-13T03:33:07.540+0000][1][safepoint    ] Leaving safepoint region
[2022-06-13T03:33:07.540+0000][1][safepoint    ] Total time for which application threads were stopped: 0.0002644 seconds, Stopping threads took: 0.0001442 seconds
[2022-06-13T03:33:07.541+0000][1][safepoint    ] Application time: 0.0010552 seconds
[2022-06-13T03:33:07.541+0000][1][safepoint    ] Entering safepoint region: RevokeBias
[2022-06-13T03:33:07.541+0000][1][safepoint    ] Leaving safepoint region
[2022-06-13T03:33:07.541+0000][1][safepoint    ] Total time for which application threads were stopped: 0.0002680 seconds, Stopping threads took: 0.0001373 seconds
[2022-06-13T03:33:07.542+0000][1][safepoint    ] Application time: 0.0008334 seconds
[2022-06-13T03:33:07.542+0000][1][safepoint    ] Entering safepoint region: RevokeBias
[2022-06-13T03:33:07.542+0000][1][safepoint    ] Leaving safepoint region
[2022-06-13T03:33:07.543+0000][1][safepoint    ] Total time for which application threads were stopped: 0.0003033 seconds, Stopping threads took: 0.0001465 seconds
[2022-06-13T03:33:07.545+0000][1][safepoint    ] Application time: 0.0020808 seconds
[2022-06-13T03:33:07.545+0000][1][safepoint    ] Entering safepoint region: RevokeBias
[2022-06-13T03:33:07.545+0000][1][safepoint    ] Leaving safepoint region
[2022-06-13T03:33:07.545+0000][1][safepoint    ] Total time for which application threads were stopped: 0.0003621 seconds, Stopping threads took: 0.0001677 seconds
[2022-06-13T03:33:07.548+0000][1][safepoint    ] Application time: 0.0022236 seconds
[2022-06-13T03:33:07.548+0000][1][safepoint    ] Entering safepoint region: RevokeBias
[2022-06-13T03:33:07.548+0000][1][safepoint    ] Leaving safepoint region
[2022-06-13T03:33:07.548+0000][1][safepoint    ] Total time for which application threads were stopped: 0.0003208 seconds, Stopping threads took: 0.0001364 seconds
[2022-06-13T03:33:07.552+0000][1][safepoint    ] Application time: 0.0039451 seconds
[2022-06-13T03:33:07.552+0000][1][safepoint    ] Entering safepoint region: RevokeBias
[2022-06-13T03:33:07.553+0000][1][safepoint    ] Leaving safepoint region
[2022-06-13T03:33:07.553+0000][1][safepoint    ] Total time for which application threads were stopped: 0.0003522 seconds, Stopping threads took: 0.0001439 seconds
[2022-06-13T03:33:07.562+0000][1][safepoint    ] Application time: 0.0085602 seconds
[2022-06-13T03:33:07.562+0000][1][safepoint    ] Entering safepoint region: BulkRevokeBias
[2022-06-13T03:33:07.562+0000][1][safepoint    ] Leaving safepoint region
[2022-06-13T03:33:07.563+0000][1][safepoint    ] Total time for which application threads were stopped: 0.0009406 seconds, Stopping threads took: 0.0001518 seconds
[2022-06-13T03:33:07.563+0000][1][safepoint    ] Application time: 0.0005367 seconds
[2022-06-13T03:33:07.564+0000][1][safepoint    ] Entering safepoint region: RevokeBias
[2022-06-13T03:33:07.564+0000][1][safepoint    ] Leaving safepoint region
[2022-06-13T03:33:07.564+0000][1][safepoint    ] Total time for which application threads were stopped: 0.0003434 seconds, Stopping threads took: 0.0001655 seconds
[2022-06-13T03:33:07.564+0000][1][safepoint    ] Application time: 0.0002806 seconds
[2022-06-13T03:33:07.565+0000][1][safepoint    ] Entering safepoint region: RevokeBias
[2022-06-13T03:33:07.565+0000][1][safepoint    ] Leaving safepoint region
[2022-06-13T03:33:07.565+0000][1][safepoint    ] Total time for which application threads were stopped: 0.0003729 seconds, Stopping threads took: 0.0002192 seconds
[2022-06-13T03:33:07.566+0000][1][safepoint    ] Application time: 0.0004911 seconds
[2022-06-13T03:33:07.566+0000][1][safepoint    ] Entering safepoint region: RevokeBias
[2022-06-13T03:33:07.566+0000][1][safepoint    ] Leaving safepoint region
[2022-06-13T03:33:07.566+0000][1][safepoint    ] Total time for which application threads were stopped: 0.0003708 seconds, Stopping threads took: 0.0001764 seconds
[2022-06-13T03:33:07.567+0000][1][safepoint    ] Application time: 0.0003387 seconds
[2022-06-13T03:33:07.567+0000][1][safepoint    ] Entering safepoint region: RevokeBias
[2022-06-13T03:33:07.567+0000][1][safepoint    ] Leaving safepoint region
[2022-06-13T03:33:07.567+0000][1][safepoint    ] Total time for which application threads were stopped: 0.0003904 seconds, Stopping threads took: 0.0001982 seconds
[2022-06-13T03:33:07.567+0000][1][safepoint    ] Application time: 0.0002980 seconds
[2022-06-13T03:33:07.568+0000][1][safepoint    ] Entering safepoint region: RevokeBias
[2022-06-13T03:33:07.568+0000][1][safepoint    ] Leaving safepoint region
[2022-06-13T03:33:07.568+0000][1][safepoint    ] Total time for which application threads were stopped: 0.0004015 seconds, Stopping threads took: 0.0002059 seconds
[2022-06-13T03:33:07.569+0000][1][safepoint    ] Application time: 0.0011172 seconds
[2022-06-13T03:33:07.569+0000][1][safepoint    ] Entering safepoint region: RevokeBias
[2022-06-13T03:33:07.570+0000][1][safepoint    ] Leaving safepoint region
[2022-06-13T03:33:07.570+0000][1][safepoint    ] Total time for which application threads were stopped: 0.0003713 seconds, Stopping threads took: 0.0002039 seconds
[2022-06-13T03:33:07.570+0000][1][safepoint    ] Application time: 0.0003269 seconds
[2022-06-13T03:33:07.570+0000][1][safepoint    ] Entering safepoint region: RevokeBias
[2022-06-13T03:33:07.571+0000][1][safepoint    ] Leaving safepoint region
[2022-06-13T03:33:07.571+0000][1][safepoint    ] Total time for which application threads were stopped: 0.0003403 seconds, Stopping threads took: 0.0001778 seconds
[2022-06-13T03:33:07.571+0000][1][safepoint    ] Application time: 0.0004138 seconds
[2022-06-13T03:33:07.571+0000][1][safepoint    ] Entering safepoint region: RevokeBias
[2022-06-13T03:33:07.571+0000][1][safepoint    ] Leaving safepoint region
[2022-06-13T03:33:07.572+0000][1][safepoint    ] Total time for which application threads were stopped: 0.0002852 seconds, Stopping threads took: 0.0001152 seconds
[2022-06-13T03:33:07.572+0000][1][safepoint    ] Application time: 0.0002658 seconds
[2022-06-13T03:33:07.572+0000][1][safepoint    ] Entering safepoint region: RevokeBias
[2022-06-13T03:33:07.572+0000][1][safepoint    ] Leaving safepoint region
[2022-06-13T03:33:07.572+0000][1][safepoint    ] Total time for which application threads were stopped: 0.0002964 seconds, Stopping threads took: 0.0001315 seconds
[2022-06-13T03:33:07.573+0000][1][safepoint    ] Application time: 0.0002696 seconds
[2022-06-13T03:33:07.573+0000][1][safepoint    ] Entering safepoint region: RevokeBias
[2022-06-13T03:33:07.573+0000][1][safepoint    ] Leaving safepoint region
[2022-06-13T03:33:07.573+0000][1][safepoint    ] Total time for which application threads were stopped: 0.0003413 seconds, Stopping threads took: 0.0001767 seconds
[2022-06-13T03:33:07.574+0000][1][safepoint    ] Application time: 0.0003722 seconds
[2022-06-13T03:33:07.574+0000][1][safepoint    ] Entering safepoint region: RevokeBias
[2022-06-13T03:33:07.574+0000][1][safepoint    ] Leaving safepoint region
[2022-06-13T03:33:07.574+0000][1][safepoint    ] Total time for which application threads were stopped: 0.0002685 seconds, Stopping threads took: 0.0001287 seconds
[2022-06-13T03:33:07.575+0000][1][safepoint    ] Application time: 0.0002913 seconds
[2022-06-13T03:33:07.575+0000][1][safepoint    ] Entering safepoint region: RevokeBias
[2022-06-13T03:33:07.575+0000][1][safepoint    ] Leaving safepoint region
[2022-06-13T03:33:07.575+0000][1][safepoint    ] Total time for which application threads were stopped: 0.0003572 seconds, Stopping threads took: 0.0002023 seconds
[2022-06-13T03:33:07.576+0000][1][safepoint    ] Application time: 0.0003015 seconds
[2022-06-13T03:33:07.576+0000][1][safepoint    ] Entering safepoint region: RevokeBias
[2022-06-13T03:33:07.576+0000][1][safepoint    ] Leaving safepoint region
[2022-06-13T03:33:07.576+0000][1][safepoint    ] Total time for which application threads were stopped: 0.0002912 seconds, Stopping threads took: 0.0001342 seconds
[2022-06-13T03:33:07.579+0000][1][safepoint    ] Application time: 0.0025355 seconds
[2022-06-13T03:33:07.579+0000][1][safepoint    ] Entering safepoint region: RevokeBias
[2022-06-13T03:33:07.579+0000][1][safepoint    ] Leaving safepoint region
[2022-06-13T03:33:07.579+0000][1][safepoint    ] Total time for which application threads were stopped: 0.0002854 seconds, Stopping threads took: 0.0001425 seconds
[2022-06-13T03:33:07.610+0000][1][safepoint    ] Application time: 0.0304432 seconds
[2022-06-13T03:33:07.610+0000][1][safepoint    ] Entering safepoint region: RevokeBias
[2022-06-13T03:33:07.610+0000][1][safepoint    ] Leaving safepoint region
[2022-06-13T03:33:07.611+0000][1][safepoint    ] Total time for which application threads were stopped: 0.0007170 seconds, Stopping threads took: 0.0003181 seconds
[2022-06-13T03:33:07.614+0000][1][safepoint    ] Application time: 0.0028944 seconds
[2022-06-13T03:33:07.614+0000][1][safepoint    ] Entering safepoint region: RevokeBias
[2022-06-13T03:33:07.615+0000][1][safepoint    ] Leaving safepoint region
[2022-06-13T03:33:07.615+0000][1][safepoint    ] Total time for which application threads were stopped: 0.0005879 seconds, Stopping threads took: 0.0003050 seconds
[2022-06-13T03:33:07.615+0000][1][safepoint    ] Application time: 0.0000709 seconds
[2022-06-13T03:33:07.615+0000][1][safepoint    ] Entering safepoint region: RevokeBias
[2022-06-13T03:33:07.615+0000][1][safepoint    ] Leaving safepoint region
[2022-06-13T03:33:07.615+0000][1][safepoint    ] Total time for which application threads were stopped: 0.0002523 seconds, Stopping threads took: 0.0000977 seconds
[2022-06-13T03:33:07.617+0000][1][safepoint    ] Application time: 0.0016547 seconds
[2022-06-13T03:33:07.617+0000][1][safepoint    ] Entering safepoint region: RevokeBias
[2022-06-13T03:33:07.618+0000][1][safepoint    ] Leaving safepoint region
[2022-06-13T03:33:07.618+0000][1][safepoint    ] Total time for which application threads were stopped: 0.0003908 seconds, Stopping threads took: 0.0001619 seconds
[2022-06-13T03:33:07.618+0000][1][safepoint    ] Application time: 0.0000647 seconds
[2022-06-13T03:33:07.618+0000][1][safepoint    ] Entering safepoint region: RevokeBias
[2022-06-13T03:33:07.618+0000][1][safepoint    ] Leaving safepoint region
[2022-06-13T03:33:07.619+0000][1][safepoint    ] Total time for which application threads were stopped: 0.0003584 seconds, Stopping threads took: 0.0001620 seconds
[2022-06-13T03:33:07.619+0000][1][safepoint    ] Application time: 0.0000624 seconds
[2022-06-13T03:33:07.619+0000][1][safepoint    ] Entering safepoint region: RevokeBias
[2022-06-13T03:33:07.620+0000][1][safepoint    ] Leaving safepoint region
[2022-06-13T03:33:07.620+0000][1][safepoint    ] Total time for which application threads were stopped: 0.0005777 seconds, Stopping threads took: 0.0003080 seconds
[2022-06-13T03:33:07.620+0000][1][safepoint    ] Application time: 0.0000741 seconds
[2022-06-13T03:33:07.620+0000][1][safepoint    ] Entering safepoint region: RevokeBias
[2022-06-13T03:33:07.621+0000][1][safepoint    ] Leaving safepoint region
[2022-06-13T03:33:07.621+0000][1][safepoint    ] Total time for which application threads were stopped: 0.0005655 seconds, Stopping threads took: 0.0002780 seconds
[2022-06-13T03:33:07.621+0000][1][safepoint    ] Application time: 0.0000795 seconds
[2022-06-13T03:33:07.622+0000][1][safepoint    ] Entering safepoint region: RevokeBias
[2022-06-13T03:33:07.622+0000][1][safepoint    ] Leaving safepoint region
[2022-06-13T03:33:07.622+0000][1][safepoint    ] Total time for which application threads were stopped: 0.0004101 seconds, Stopping threads took: 0.0002832 seconds
[2022-06-13T03:33:07.622+0000][1][safepoint    ] Application time: 0.0000594 seconds
[2022-06-13T03:33:07.622+0000][1][safepoint    ] Entering safepoint region: RevokeBias
[2022-06-13T03:33:07.622+0000][1][safepoint    ] Leaving safepoint region
[2022-06-13T03:33:07.622+0000][1][safepoint    ] Total time for which application threads were stopped: 0.0002139 seconds, Stopping threads took: 0.0001009 seconds
[2022-06-13T03:33:07.623+0000][1][safepoint    ] Application time: 0.0000779 seconds
[2022-06-13T03:33:07.623+0000][1][safepoint    ] Entering safepoint region: RevokeBias
[2022-06-13T03:33:07.623+0000][1][safepoint    ] Leaving safepoint region
[2022-06-13T03:33:07.623+0000][1][safepoint    ] Total time for which application threads were stopped: 0.0002013 seconds, Stopping threads took: 0.0000874 seconds
[2022-06-13T03:33:07.623+0000][1][safepoint    ] Application time: 0.0000482 seconds
[2022-06-13T03:33:07.623+0000][1][safepoint    ] Entering safepoint region: RevokeBias
[2022-06-13T03:33:07.623+0000][1][safepoint    ] Leaving safepoint region
[2022-06-13T03:33:07.623+0000][1][safepoint    ] Total time for which application threads were stopped: 0.0002205 seconds, Stopping threads took: 0.0000900 seconds
[2022-06-13T03:33:07.644+0000][1][safepoint    ] Application time: 0.0205146 seconds
[2022-06-13T03:33:07.644+0000][1][safepoint    ] Entering safepoint region: RevokeBias
[2022-06-13T03:33:07.645+0000][1][safepoint    ] Leaving safepoint region
[2022-06-13T03:33:07.645+0000][1][safepoint    ] Total time for which application threads were stopped: 0.0010037 seconds, Stopping threads took: 0.0005121 seconds
[2022-06-13T03:33:07.656+0000][1][safepoint    ] Application time: 0.0100407 seconds
[2022-06-13T03:33:07.657+0000][1][safepoint    ] Entering safepoint region: BulkRevokeBias
[2022-06-13T03:33:07.658+0000][1][safepoint    ] Leaving safepoint region
[2022-06-13T03:33:07.658+0000][1][safepoint    ] Total time for which application threads were stopped: 0.0014147 seconds, Stopping threads took: 0.0005047 seconds
[2022-06-13T03:33:07.662+0000][1][safepoint    ] Application time: 0.0041118 seconds
[2022-06-13T03:33:07.663+0000][1][safepoint    ] Entering safepoint region: RevokeBias
[2022-06-13T03:33:07.664+0000][1][safepoint    ] Leaving safepoint region
[2022-06-13T03:33:07.664+0000][1][safepoint    ] Total time for which application threads were stopped: 0.0011798 seconds, Stopping threads took: 0.0004503 seconds
[2022-06-13T03:33:07.697+0000][1][safepoint    ] Application time: 0.0323039 seconds
[2022-06-13T03:33:07.698+0000][1][safepoint    ] Entering safepoint region: RevokeBias
[2022-06-13T03:33:07.698+0000][1][safepoint    ] Leaving safepoint region
[2022-06-13T03:33:07.699+0000][1][safepoint    ] Total time for which application threads were stopped: 0.0011022 seconds, Stopping threads took: 0.0004355 seconds
[2022-06-13T03:33:07.748+0000][1][safepoint    ] Application time: 0.0487078 seconds
[2022-06-13T03:33:07.748+0000][1][safepoint    ] Entering safepoint region: RevokeBias
[2022-06-13T03:33:07.749+0000][1][safepoint    ] Leaving safepoint region
[2022-06-13T03:33:07.749+0000][1][safepoint    ] Total time for which application threads were stopped: 0.0009471 seconds, Stopping threads took: 0.0003843 seconds
[2022-06-13T03:33:07.750+0000][1][safepoint    ] Application time: 0.0002375 seconds
[2022-06-13T03:33:07.750+0000][1][safepoint    ] Entering safepoint region: RevokeBias
[2022-06-13T03:33:07.751+0000][1][safepoint    ] Leaving safepoint region
[2022-06-13T03:33:07.751+0000][1][safepoint    ] Total time for which application threads were stopped: 0.0008486 seconds, Stopping threads took: 0.0003826 seconds
[2022-06-13T03:33:07.752+0000][1][safepoint    ] Application time: 0.0002067 seconds
[2022-06-13T03:33:07.752+0000][1][safepoint    ] Entering safepoint region: RevokeBias
[2022-06-13T03:33:07.753+0000][1][safepoint    ] Leaving safepoint region
[2022-06-13T03:33:07.754+0000][1][safepoint    ] Total time for which application threads were stopped: 0.0014524 seconds, Stopping threads took: 0.0006362 seconds
[2022-06-13T03:33:07.756+0000][1][safepoint    ] Application time: 0.0010378 seconds
[2022-06-13T03:33:07.756+0000][1][safepoint    ] Entering safepoint region: RevokeBias
[2022-06-13T03:33:07.757+0000][1][safepoint    ] Leaving safepoint region
[2022-06-13T03:33:07.757+0000][1][safepoint    ] Total time for which application threads were stopped: 0.0011723 seconds, Stopping threads took: 0.0007370 seconds
[2022-06-13T03:33:07.758+0000][1][safepoint    ] Application time: 0.0002853 seconds
[2022-06-13T03:33:07.759+0000][1][safepoint    ] Entering safepoint region: RevokeBias
[2022-06-13T03:33:07.759+0000][1][safepoint    ] Leaving safepoint region
[2022-06-13T03:33:07.760+0000][1][safepoint    ] Total time for which application threads were stopped: 0.0010056 seconds, Stopping threads took: 0.0005131 seconds
[2022-06-13T03:33:07.760+0000][1][safepoint    ] Application time: 0.0002347 seconds
[2022-06-13T03:33:07.761+0000][1][safepoint    ] Entering safepoint region: RevokeBias
[2022-06-13T03:33:07.761+0000][1][safepoint    ] Leaving safepoint region
[2022-06-13T03:33:07.761+0000][1][safepoint    ] Total time for which application threads were stopped: 0.0008450 seconds, Stopping threads took: 0.0004451 seconds
[2022-06-13T03:33:07.771+0000][1][safepoint    ] Application time: 0.0096116 seconds
[2022-06-13T03:33:07.772+0000][1][safepoint    ] Entering safepoint region: BulkRevokeBias
[2022-06-13T03:33:07.773+0000][1][safepoint    ] Leaving safepoint region
[2022-06-13T03:33:07.773+0000][1][safepoint    ] Total time for which application threads were stopped: 0.0016192 seconds, Stopping threads took: 0.0007783 seconds
[2022-06-13T03:33:07.778+0000][1][safepoint    ] Application time: 0.0045524 seconds
[2022-06-13T03:33:07.779+0000][1][safepoint    ] Entering safepoint region: RevokeBias
[2022-06-13T03:33:07.780+0000][1][safepoint    ] Leaving safepoint region
[2022-06-13T03:33:07.780+0000][1][safepoint    ] Total time for which application threads were stopped: 0.0012314 seconds, Stopping threads took: 0.0006683 seconds
[2022-06-13T03:33:07.819+0000][1][safepoint    ] Application time: 0.0384549 seconds
[2022-06-13T03:33:07.819+0000][1][safepoint    ] Entering safepoint region: RevokeBias
[2022-06-13T03:33:07.820+0000][1][safepoint    ] Leaving safepoint region
[2022-06-13T03:33:07.820+0000][1][safepoint    ] Total time for which application threads were stopped: 0.0010446 seconds, Stopping threads took: 0.0005346 seconds
[2022-06-13T03:33:07.826+0000][1][safepoint    ] Application time: 0.0054020 seconds
[2022-06-13T03:33:07.827+0000][1][safepoint    ] Entering safepoint region: RevokeBias
[2022-06-13T03:33:07.827+0000][1][safepoint    ] Leaving safepoint region
[2022-06-13T03:33:07.828+0000][1][safepoint    ] Total time for which application threads were stopped: 0.0008988 seconds, Stopping threads took: 0.0004690 seconds
[2022-06-13T03:33:07.828+0000][1][safepoint    ] Application time: 0.0003902 seconds
[2022-06-13T03:33:07.829+0000][1][safepoint    ] Entering safepoint region: RevokeBias
[2022-06-13T03:33:07.829+0000][1][safepoint    ] Leaving safepoint region
[2022-06-13T03:33:07.830+0000][1][safepoint    ] Total time for which application threads were stopped: 0.0010010 seconds, Stopping threads took: 0.0003614 seconds
[2022-06-13T03:33:07.830+0000][1][safepoint    ] Application time: 0.0001659 seconds
[2022-06-13T03:33:07.831+0000][1][safepoint    ] Entering safepoint region: RevokeBias
[2022-06-13T03:33:07.831+0000][1][safepoint    ] Leaving safepoint region
[2022-06-13T03:33:07.831+0000][1][safepoint    ] Total time for which application threads were stopped: 0.0005064 seconds, Stopping threads took: 0.0001885 seconds
[2022-06-13T03:33:07.832+0000][1][safepoint    ] Application time: 0.0002833 seconds
[2022-06-13T03:33:07.832+0000][1][safepoint    ] Entering safepoint region: RevokeBias
[2022-06-13T03:33:07.832+0000][1][safepoint    ] Leaving safepoint region
[2022-06-13T03:33:07.832+0000][1][safepoint    ] Total time for which application threads were stopped: 0.0003777 seconds, Stopping threads took: 0.0001859 seconds
[2022-06-13T03:33:07.834+0000][1][safepoint    ] Application time: 0.0017937 seconds
[2022-06-13T03:33:07.835+0000][1][safepoint    ] Entering safepoint region: RevokeBias
[2022-06-13T03:33:07.835+0000][1][safepoint    ] Leaving safepoint region
[2022-06-13T03:33:07.835+0000][1][safepoint    ] Total time for which application threads were stopped: 0.0005143 seconds, Stopping threads took: 0.0002448 seconds
[2022-06-13T03:33:07.835+0000][1][safepoint    ] Application time: 0.0001799 seconds
[2022-06-13T03:33:07.836+0000][1][safepoint    ] Entering safepoint region: RevokeBias
[2022-06-13T03:33:07.836+0000][1][safepoint    ] Leaving safepoint region
[2022-06-13T03:33:07.836+0000][1][safepoint    ] Total time for which application threads were stopped: 0.0004786 seconds, Stopping threads took: 0.0002299 seconds
[2022-06-13T03:33:07.837+0000][1][safepoint    ] Application time: 0.0003855 seconds
[2022-06-13T03:33:07.837+0000][1][safepoint    ] Entering safepoint region: RevokeBias
[2022-06-13T03:33:07.837+0000][1][safepoint    ] Leaving safepoint region
[2022-06-13T03:33:07.837+0000][1][safepoint    ] Total time for which application threads were stopped: 0.0004050 seconds, Stopping threads took: 0.0002215 seconds
[2022-06-13T03:33:07.842+0000][1][safepoint    ] Application time: 0.0048009 seconds
[2022-06-13T03:33:07.843+0000][1][safepoint    ] Entering safepoint region: RevokeBias
[2022-06-13T03:33:07.843+0000][1][safepoint    ] Leaving safepoint region
[2022-06-13T03:33:07.844+0000][1][safepoint    ] Total time for which application threads were stopped: 0.0010388 seconds, Stopping threads took: 0.0005294 seconds
[2022-06-13T03:33:07.845+0000][1][safepoint    ] Application time: 0.0001619 seconds
[2022-06-13T03:33:07.845+0000][1][safepoint    ] Entering safepoint region: RevokeBias
[2022-06-13T03:33:07.846+0000][1][safepoint    ] Leaving safepoint region
[2022-06-13T03:33:07.846+0000][1][safepoint    ] Total time for which application threads were stopped: 0.0008767 seconds, Stopping threads took: 0.0004972 seconds
[2022-06-13T03:33:07.881+0000][1][safepoint    ] Application time: 0.0345353 seconds
[2022-06-13T03:33:07.881+0000][1][safepoint    ] Entering safepoint region: Deoptimize
[2022-06-13T03:33:07.882+0000][1][safepoint    ] Leaving safepoint region
[2022-06-13T03:33:07.883+0000][1][safepoint    ] Total time for which application threads were stopped: 0.0014873 seconds, Stopping threads took: 0.0004956 seconds
[2022-06-13T03:33:07.914+0000][1][safepoint    ] Application time: 0.0305226 seconds
[2022-06-13T03:33:07.914+0000][1][safepoint    ] Entering safepoint region: RevokeBias
[2022-06-13T03:33:07.915+0000][1][safepoint    ] Leaving safepoint region
[2022-06-13T03:33:07.915+0000][1][safepoint    ] Total time for which application threads were stopped: 0.0009044 seconds, Stopping threads took: 0.0004714 seconds
[2022-06-13T03:33:07.916+0000][1][safepoint    ] Application time: 0.0001329 seconds
[2022-06-13T03:33:07.916+0000][1][safepoint    ] Entering safepoint region: RevokeBias
[2022-06-13T03:33:07.916+0000][1][safepoint    ] Leaving safepoint region
[2022-06-13T03:33:07.917+0000][1][safepoint    ] Total time for which application threads were stopped: 0.0007709 seconds, Stopping threads took: 0.0003353 seconds
[2022-06-13T03:33:07.922+0000][1][safepoint    ] Application time: 0.0047471 seconds
[2022-06-13T03:33:07.922+0000][1][safepoint    ] Entering safepoint region: RevokeBias
[2022-06-13T03:33:07.923+0000][1][safepoint    ] Leaving safepoint region
[2022-06-13T03:33:07.923+0000][1][safepoint    ] Total time for which application threads were stopped: 0.0006103 seconds, Stopping threads took: 0.0003529 seconds
[2022-06-13T03:33:07.923+0000][1][safepoint    ] Application time: 0.0002687 seconds
[2022-06-13T03:33:07.924+0000][1][safepoint    ] Entering safepoint region: BulkRevokeBias
[2022-06-13T03:33:07.925+0000][1][safepoint    ] Leaving safepoint region
[2022-06-13T03:33:07.925+0000][1][safepoint    ] Total time for which application threads were stopped: 0.0012451 seconds, Stopping threads took: 0.0005471 seconds
[2022-06-13T03:33:07.926+0000][1][safepoint    ] Application time: 0.0002574 seconds
[2022-06-13T03:33:07.926+0000][1][safepoint    ] Entering safepoint region: RevokeBias
[2022-06-13T03:33:07.927+0000][1][safepoint    ] Leaving safepoint region
[2022-06-13T03:33:07.927+0000][1][safepoint    ] Total time for which application threads were stopped: 0.0005725 seconds, Stopping threads took: 0.0003042 seconds
[2022-06-13T03:33:07.927+0000][1][safepoint    ] Application time: 0.0004262 seconds
[2022-06-13T03:33:07.928+0000][1][safepoint    ] Entering safepoint region: RevokeBias
[2022-06-13T03:33:07.928+0000][1][safepoint    ] Leaving safepoint region
[2022-06-13T03:33:07.928+0000][1][safepoint    ] Total time for which application threads were stopped: 0.0004889 seconds, Stopping threads took: 0.0002549 seconds
[2022-06-13T03:33:07.930+0000][1][safepoint    ] Application time: 0.0017529 seconds
[2022-06-13T03:33:07.930+0000][1][safepoint    ] Entering safepoint region: RevokeBias
[2022-06-13T03:33:07.931+0000][1][safepoint    ] Leaving safepoint region
[2022-06-13T03:33:07.931+0000][1][safepoint    ] Total time for which application threads were stopped: 0.0004879 seconds, Stopping threads took: 0.0002495 seconds
[2022-06-13T03:33:07.931+0000][1][safepoint    ] Application time: 0.0001569 seconds
[2022-06-13T03:33:07.932+0000][1][safepoint    ] Entering safepoint region: RevokeBias
[2022-06-13T03:33:07.932+0000][1][safepoint    ] Leaving safepoint region
[2022-06-13T03:33:07.932+0000][1][safepoint    ] Total time for which application threads were stopped: 0.0004849 seconds, Stopping threads took: 0.0002568 seconds
[2022-06-13T03:33:08.019+0000][1][safepoint    ] Application time: 0.0865576 seconds
[2022-06-13T03:33:08.019+0000][1][safepoint    ] Entering safepoint region: RevokeBias
[2022-06-13T03:33:08.019+0000][1][safepoint    ] Leaving safepoint region
[2022-06-13T03:33:08.019+0000][1][safepoint    ] Total time for which application threads were stopped: 0.0005216 seconds, Stopping threads took: 0.0002222 seconds
[2022-06-13T03:33:08.022+0000][1][safepoint    ] Application time: 0.0016708 seconds
[2022-06-13T03:33:08.022+0000][1][safepoint    ] Entering safepoint region: RevokeBias
[2022-06-13T03:33:08.022+0000][1][safepoint    ] Leaving safepoint region
[2022-06-13T03:33:08.022+0000][1][safepoint    ] Total time for which application threads were stopped: 0.0005264 seconds, Stopping threads took: 0.0002661 seconds
[2022-06-13T03:33:08.061+0000][1][safepoint    ] Application time: 0.0387045 seconds
[2022-06-13T03:33:08.061+0000][1][safepoint    ] Entering safepoint region: RevokeBias
[2022-06-13T03:33:08.062+0000][1][safepoint    ] Leaving safepoint region
[2022-06-13T03:33:08.062+0000][1][safepoint    ] Total time for which application threads were stopped: 0.0003966 seconds, Stopping threads took: 0.0001836 seconds
[2022-06-13T03:33:08.062+0000][1][safepoint    ] Application time: 0.0001184 seconds
[2022-06-13T03:33:08.062+0000][1][safepoint    ] Entering safepoint region: BulkRevokeBias
[2022-06-13T03:33:08.063+0000][1][safepoint    ] Leaving safepoint region
[2022-06-13T03:33:08.064+0000][1][safepoint    ] Total time for which application threads were stopped: 0.0015171 seconds, Stopping threads took: 0.0001710 seconds
[2022-06-13T03:33:08.064+0000][1][safepoint    ] Application time: 0.0002491 seconds
[2022-06-13T03:33:08.064+0000][1][safepoint    ] Entering safepoint region: RevokeBias
[2022-06-13T03:33:08.065+0000][1][safepoint    ] Leaving safepoint region
[2022-06-13T03:33:08.065+0000][1][safepoint    ] Total time for which application threads were stopped: 0.0005188 seconds, Stopping threads took: 0.0001878 seconds
[2022-06-13T03:33:08.082+0000][1][safepoint    ] Application time: 0.0169594 seconds
[2022-06-13T03:33:08.082+0000][1][safepoint    ] Entering safepoint region: RevokeBias
[2022-06-13T03:33:08.082+0000][1][safepoint    ] Leaving safepoint region
[2022-06-13T03:33:08.083+0000][1][safepoint    ] Total time for which application threads were stopped: 0.0004306 seconds, Stopping threads took: 0.0001813 seconds
[2022-06-13T03:33:08.090+0000][1][safepoint    ] Application time: 0.0071688 seconds
[2022-06-13T03:33:08.090+0000][1][safepoint    ] Entering safepoint region: RevokeBias
[2022-06-13T03:33:08.091+0000][1][safepoint    ] Leaving safepoint region
[2022-06-13T03:33:08.091+0000][1][safepoint    ] Total time for which application threads were stopped: 0.0006283 seconds, Stopping threads took: 0.0002734 seconds
[2022-06-13T03:33:08.092+0000][1][safepoint    ] Application time: 0.0009420 seconds
[2022-06-13T03:33:08.092+0000][1][safepoint    ] Entering safepoint region: RevokeBias
[2022-06-13T03:33:08.093+0000][1][safepoint    ] Leaving safepoint region
[2022-06-13T03:33:08.093+0000][1][safepoint    ] Total time for which application threads were stopped: 0.0004476 seconds, Stopping threads took: 0.0002082 seconds
[2022-06-13T03:33:08.348+0000][1][safepoint    ] Application time: 0.2547145 seconds
[2022-06-13T03:33:08.348+0000][1][safepoint    ] Entering safepoint region: RevokeBias
[2022-06-13T03:33:08.348+0000][1][safepoint    ] Leaving safepoint region
[2022-06-13T03:33:08.348+0000][1][safepoint    ] Total time for which application threads were stopped: 0.0004334 seconds, Stopping threads took: 0.0001506 seconds
[2022-06-13T03:33:08.349+0000][1][safepoint    ] Application time: 0.0010033 seconds
[2022-06-13T03:33:08.350+0000][1][safepoint    ] Entering safepoint region: RevokeBias
[2022-06-13T03:33:08.350+0000][1][safepoint    ] Leaving safepoint region
[2022-06-13T03:33:08.350+0000][1][safepoint    ] Total time for which application threads were stopped: 0.0004413 seconds, Stopping threads took: 0.0002020 seconds
[2022-06-13T03:33:08.350+0000][1][safepoint    ] Application time: 0.0000721 seconds
[2022-06-13T03:33:08.350+0000][1][safepoint    ] Entering safepoint region: RevokeBias
[2022-06-13T03:33:08.351+0000][1][safepoint    ] Leaving safepoint region
[2022-06-13T03:33:08.351+0000][1][safepoint    ] Total time for which application threads were stopped: 0.0002702 seconds, Stopping threads took: 0.0001183 seconds
[2022-06-13T03:33:08.351+0000][1][safepoint    ] Application time: 0.0001693 seconds
[2022-06-13T03:33:08.351+0000][1][safepoint    ] Entering safepoint region: RevokeBias
[2022-06-13T03:33:08.351+0000][1][safepoint    ] Leaving safepoint region
[2022-06-13T03:33:08.352+0000][1][safepoint    ] Total time for which application threads were stopped: 0.0006412 seconds, Stopping threads took: 0.0002999 seconds
[2022-06-13T03:33:08.352+0000][1][safepoint    ] Application time: 0.0001667 seconds
[2022-06-13T03:33:08.352+0000][1][safepoint    ] Entering safepoint region: RevokeBias
[2022-06-13T03:33:08.353+0000][1][safepoint    ] Leaving safepoint region
[2022-06-13T03:33:08.353+0000][1][safepoint    ] Total time for which application threads were stopped: 0.0005321 seconds, Stopping threads took: 0.0002181 seconds
[2022-06-13T03:33:08.353+0000][1][safepoint    ] Application time: 0.0000884 seconds
[2022-06-13T03:33:08.353+0000][1][safepoint    ] Entering safepoint region: RevokeBias
[2022-06-13T03:33:08.354+0000][1][safepoint    ] Leaving safepoint region
[2022-06-13T03:33:08.354+0000][1][safepoint    ] Total time for which application threads were stopped: 0.0003869 seconds, Stopping threads took: 0.0001686 seconds
[2022-06-13T03:33:08.354+0000][1][safepoint    ] Application time: 0.0002597 seconds
[2022-06-13T03:33:08.354+0000][1][safepoint    ] Entering safepoint region: BulkRevokeBias
[2022-06-13T03:33:08.355+0000][1][safepoint    ] Leaving safepoint region
[2022-06-13T03:33:08.355+0000][1][safepoint    ] Total time for which application threads were stopped: 0.0007356 seconds, Stopping threads took: 0.0001375 seconds
[2022-06-13T03:33:08.355+0000][1][safepoint    ] Application time: 0.0001846 seconds
[2022-06-13T03:33:08.356+0000][1][safepoint    ] Entering safepoint region: RevokeBias
[2022-06-13T03:33:08.357+0000][1][safepoint    ] Leaving safepoint region
[2022-06-13T03:33:08.357+0000][1][safepoint    ] Total time for which application threads were stopped: 0.0012177 seconds, Stopping threads took: 0.0005668 seconds
[2022-06-13T03:33:08.357+0000][1][safepoint    ] Application time: 0.0002357 seconds
[2022-06-13T03:33:08.358+0000][1][safepoint    ] Entering safepoint region: BulkRevokeBias
[2022-06-13T03:33:08.358+0000][1][safepoint    ] Leaving safepoint region
[2022-06-13T03:33:08.359+0000][1][safepoint    ] Total time for which application threads were stopped: 0.0009654 seconds, Stopping threads took: 0.0003870 seconds
[2022-06-13T03:33:08.359+0000][1][safepoint    ] Application time: 0.0002402 seconds
[2022-06-13T03:33:08.359+0000][1][safepoint    ] Entering safepoint region: RevokeBias
[2022-06-13T03:33:08.359+0000][1][safepoint    ] Leaving safepoint region
[2022-06-13T03:33:08.360+0000][1][safepoint    ] Total time for which application threads were stopped: 0.0004062 seconds, Stopping threads took: 0.0002314 seconds
[2022-06-13T03:33:08.360+0000][1][safepoint    ] Application time: 0.0003233 seconds
[2022-06-13T03:33:08.360+0000][1][safepoint    ] Entering safepoint region: RevokeBias
[2022-06-13T03:33:08.361+0000][1][safepoint    ] Leaving safepoint region
[2022-06-13T03:33:08.361+0000][1][safepoint    ] Total time for which application threads were stopped: 0.0009202 seconds, Stopping threads took: 0.0006829 seconds
[2022-06-13T03:33:08.363+0000][1][safepoint    ] Application time: 0.0015742 seconds
[2022-06-13T03:33:08.363+0000][1][safepoint    ] Entering safepoint region: RevokeBias
[2022-06-13T03:33:08.363+0000][1][safepoint    ] Leaving safepoint region
[2022-06-13T03:33:08.364+0000][1][safepoint    ] Total time for which application threads were stopped: 0.0006914 seconds, Stopping threads took: 0.0002474 seconds
[2022-06-13T03:33:08.638+0000][1][safepoint    ] Application time: 0.2743565 seconds
[2022-06-13T03:33:08.638+0000][1][safepoint    ] Entering safepoint region: RevokeBias
[2022-06-13T03:33:08.639+0000][1][safepoint    ] Leaving safepoint region
[2022-06-13T03:33:08.639+0000][1][safepoint    ] Total time for which application threads were stopped: 0.0004150 seconds, Stopping threads took: 0.0001956 seconds
[2022-06-13T03:33:08.639+0000][1][safepoint    ] Application time: 0.0001873 seconds
[2022-06-13T03:33:08.639+0000][1][safepoint    ] Entering safepoint region: RevokeBias
[2022-06-13T03:33:08.640+0000][1][safepoint    ] Leaving safepoint region
[2022-06-13T03:33:08.640+0000][1][safepoint    ] Total time for which application threads were stopped: 0.0005756 seconds, Stopping threads took: 0.0002845 seconds
[2022-06-13T03:33:08.641+0000][1][safepoint    ] Application time: 0.0008423 seconds
[2022-06-13T03:33:08.641+0000][1][safepoint    ] Entering safepoint region: RevokeBias
[2022-06-13T03:33:08.641+0000][1][safepoint    ] Leaving safepoint region
[2022-06-13T03:33:08.642+0000][1][safepoint    ] Total time for which application threads were stopped: 0.0004126 seconds, Stopping threads took: 0.0002621 seconds
[2022-06-13T03:33:08.939+0000][1][safepoint    ] Application time: 0.2972330 seconds
[2022-06-13T03:33:08.939+0000][1][safepoint    ] Entering safepoint region: RevokeBias
[2022-06-13T03:33:08.940+0000][1][safepoint    ] Leaving safepoint region
[2022-06-13T03:33:08.940+0000][1][safepoint    ] Total time for which application threads were stopped: 0.0004492 seconds, Stopping threads took: 0.0001584 seconds
[2022-06-13T03:33:09.940+0000][1][safepoint    ] Application time: 1.0004810 seconds
[2022-06-13T03:33:09.941+0000][1][safepoint    ] Entering safepoint region: Cleanup
[2022-06-13T03:33:09.941+0000][1][safepoint    ] Leaving safepoint region
[2022-06-13T03:33:09.942+0000][1][safepoint    ] Total time for which application threads were stopped: 0.0011480 seconds, Stopping threads took: 0.0005300 seconds
[2022-06-13T03:33:10.943+0000][1][safepoint    ] Application time: 1.0001541 seconds
[2022-06-13T03:33:10.943+0000][1][safepoint    ] Entering safepoint region: Cleanup
[2022-06-13T03:33:10.944+0000][1][safepoint    ] Leaving safepoint region
[2022-06-13T03:33:10.944+0000][1][safepoint    ] Total time for which application threads were stopped: 0.0006000 seconds, Stopping threads took: 0.0002841 seconds
[2022-06-13T03:33:11.944+0000][1][safepoint    ] Application time: 1.0002340 seconds
[2022-06-13T03:33:11.945+0000][1][safepoint    ] Entering safepoint region: Cleanup
[2022-06-13T03:33:11.946+0000][1][safepoint    ] Leaving safepoint region
[2022-06-13T03:33:11.946+0000][1][safepoint    ] Total time for which application threads were stopped: 0.0014590 seconds, Stopping threads took: 0.0007531 seconds
[2022-06-13T03:33:12.947+0000][1][safepoint    ] Application time: 1.0002718 seconds
[2022-06-13T03:33:12.948+0000][1][safepoint    ] Entering safepoint region: Cleanup
[2022-06-13T03:33:12.949+0000][1][safepoint    ] Leaving safepoint region
[2022-06-13T03:33:12.949+0000][1][safepoint    ] Total time for which application threads were stopped: 0.0014335 seconds, Stopping threads took: 0.0005880 seconds
[2022-06-13T03:33:13.950+0000][1][safepoint    ] Application time: 1.0001998 seconds
[2022-06-13T03:33:13.951+0000][1][safepoint    ] Entering safepoint region: Cleanup
[2022-06-13T03:33:13.951+0000][1][safepoint    ] Leaving safepoint region
[2022-06-13T03:33:13.952+0000][1][safepoint    ] Total time for which application threads were stopped: 0.0010138 seconds, Stopping threads took: 0.0004583 seconds
[2022-06-13T03:33:14.953+0000][1][safepoint    ] Application time: 1.0005331 seconds
[2022-06-13T03:33:14.953+0000][1][safepoint    ] Entering safepoint region: Cleanup
[2022-06-13T03:33:14.954+0000][1][safepoint    ] Leaving safepoint region
[2022-06-13T03:33:14.954+0000][1][safepoint    ] Total time for which application threads were stopped: 0.0009422 seconds, Stopping threads took: 0.0004887 seconds
[2022-06-13T03:33:15.955+0000][1][safepoint    ] Application time: 1.0001529 seconds
[2022-06-13T03:33:15.956+0000][1][safepoint    ] Entering safepoint region: Cleanup
[2022-06-13T03:33:15.956+0000][1][safepoint    ] Leaving safepoint region
[2022-06-13T03:33:15.956+0000][1][safepoint    ] Total time for which application threads were stopped: 0.0008124 seconds, Stopping threads took: 0.0003733 seconds
[2022-06-13T03:33:16.957+0000][1][safepoint    ] Application time: 1.0002403 seconds
[2022-06-13T03:33:16.957+0000][1][safepoint    ] Entering safepoint region: Cleanup
[2022-06-13T03:33:16.958+0000][1][safepoint    ] Leaving safepoint region
[2022-06-13T03:33:16.958+0000][1][safepoint    ] Total time for which application threads were stopped: 0.0006388 seconds, Stopping threads took: 0.0001714 seconds
[2022-06-13T03:33:17.959+0000][1][safepoint    ] Application time: 1.0001365 seconds
[2022-06-13T03:33:17.959+0000][1][safepoint    ] Entering safepoint region: Cleanup
[2022-06-13T03:33:17.959+0000][1][safepoint    ] Leaving safepoint region
[2022-06-13T03:33:17.960+0000][1][safepoint    ] Total time for which application threads were stopped: 0.0006178 seconds, Stopping threads took: 0.0003541 seconds
[2022-06-13T03:33:18.960+0000][1][safepoint    ] Application time: 1.0002326 seconds
[2022-06-13T03:33:18.961+0000][1][safepoint    ] Entering safepoint region: Cleanup
[2022-06-13T03:33:18.962+0000][1][safepoint    ] Leaving safepoint region
[2022-06-13T03:33:18.963+0000][1][safepoint    ] Total time for which application threads were stopped: 0.0014471 seconds, Stopping threads took: 0.0006704 seconds
[2022-06-13T03:33:19.963+0000][1][safepoint    ] Application time: 1.0001939 seconds
[2022-06-13T03:33:19.964+0000][1][safepoint    ] Entering safepoint region: Cleanup
[2022-06-13T03:33:19.964+0000][1][safepoint    ] Leaving safepoint region
[2022-06-13T03:33:19.965+0000][1][safepoint    ] Total time for which application threads were stopped: 0.0007332 seconds, Stopping threads took: 0.0003515 seconds
[2022-06-13T03:33:20.965+0000][1][safepoint    ] Application time: 1.0001267 seconds
[2022-06-13T03:33:20.965+0000][1][safepoint    ] Entering safepoint region: Cleanup
[2022-06-13T03:33:20.966+0000][1][safepoint    ] Leaving safepoint region
[2022-06-13T03:33:20.966+0000][1][safepoint    ] Total time for which application threads were stopped: 0.0006038 seconds, Stopping threads took: 0.0002863 seconds
[2022-06-13T03:33:21.966+0000][1][safepoint    ] Application time: 1.0002151 seconds
[2022-06-13T03:33:21.967+0000][1][safepoint    ] Entering safepoint region: Cleanup
[2022-06-13T03:33:21.967+0000][1][safepoint    ] Leaving safepoint region
[2022-06-13T03:33:21.967+0000][1][safepoint    ] Total time for which application threads were stopped: 0.0004138 seconds, Stopping threads took: 0.0002168 seconds
[2022-06-13T03:33:22.967+0000][1][safepoint    ] Application time: 1.0001153 seconds
[2022-06-13T03:33:22.968+0000][1][safepoint    ] Entering safepoint region: Cleanup
[2022-06-13T03:33:22.969+0000][1][safepoint    ] Leaving safepoint region
[2022-06-13T03:33:22.969+0000][1][safepoint    ] Total time for which application threads were stopped: 0.0007150 seconds, Stopping threads took: 0.0003600 seconds
[2022-06-13T03:33:23.969+0000][1][safepoint    ] Application time: 1.0003348 seconds
[2022-06-13T03:33:23.971+0000][1][safepoint    ] Entering safepoint region: Cleanup
[2022-06-13T03:33:23.971+0000][1][safepoint    ] Leaving safepoint region
[2022-06-13T03:33:23.972+0000][1][safepoint    ] Total time for which application threads were stopped: 0.0013326 seconds, Stopping threads took: 0.0005836 seconds
[2022-06-13T03:33:24.973+0000][1][safepoint    ] Application time: 1.0002395 seconds
[2022-06-13T03:33:24.973+0000][1][safepoint    ] Entering safepoint region: Cleanup
[2022-06-13T03:33:24.974+0000][1][safepoint    ] Leaving safepoint region
[2022-06-13T03:33:24.974+0000][1][safepoint    ] Total time for which application threads were stopped: 0.0007475 seconds, Stopping threads took: 0.0004188 seconds
[2022-06-13T03:33:25.974+0000][1][safepoint    ] Application time: 1.0001460 seconds
[2022-06-13T03:33:25.975+0000][1][safepoint    ] Entering safepoint region: Cleanup
[2022-06-13T03:33:25.975+0000][1][safepoint    ] Leaving safepoint region
[2022-06-13T03:33:25.976+0000][1][safepoint    ] Total time for which application threads were stopped: 0.0008788 seconds, Stopping threads took: 0.0003099 seconds
[2022-06-13T03:33:26.245+0000][1][safepoint    ] Application time: 0.2684872 seconds
[2022-06-13T03:33:26.246+0000][1][safepoint    ] Entering safepoint region: GenCollectForAllocation
[2022-06-13T03:33:26.246+0000][1][gc,start     ] GC(22) Pause Young (Allocation Failure)
[2022-06-13T03:33:26.247+0000][1][gc,task      ] GC(22) Using 5 workers of 13 for evacuation
[2022-06-13T03:33:26.256+0000][1][gc,age       ] GC(22) Desired survivor size 4456448 bytes, new threshold 2 (max threshold 6)
[2022-06-13T03:33:26.256+0000][1][gc,age       ] GC(22) Age table with threshold 2 (max threshold 6)
[2022-06-13T03:33:26.257+0000][1][gc,age       ] GC(22) - age   1:    2359656 bytes,    2359656 total
[2022-06-13T03:33:26.257+0000][1][gc,age       ] GC(22) - age   2:    3336512 bytes,    5696168 total
[2022-06-13T03:33:26.258+0000][1][gc,heap      ] GC(22) ParNew: 78656K->8232K(78656K)
[2022-06-13T03:33:26.259+0000][1][gc,heap      ] GC(22) CMS: 60748K->64966K(174784K)
[2022-06-13T03:33:26.260+0000][1][gc,metaspace ] GC(22) Metaspace: 67134K->67134K(1110016K)
[2022-06-13T03:33:26.260+0000][1][gc           ] GC(22) Pause Young (Allocation Failure) 136M->71M(247M) 13.894ms
[2022-06-13T03:33:26.261+0000][1][gc,cpu       ] GC(22) User=0.04s Sys=0.00s Real=0.02s
[2022-06-13T03:33:26.261+0000][1][safepoint    ] Leaving safepoint region
[2022-06-13T03:33:26.262+0000][1][safepoint    ] Total time for which application threads were stopped: 0.0163187 seconds, Stopping threads took: 0.0005506 seconds
[2022-06-13T03:33:27.263+0000][1][safepoint    ] Application time: 1.0002044 seconds
[2022-06-13T03:33:27.263+0000][1][safepoint    ] Entering safepoint region: Cleanup
[2022-06-13T03:33:27.264+0000][1][safepoint    ] Leaving safepoint region
[2022-06-13T03:33:27.264+0000][1][safepoint    ] Total time for which application threads were stopped: 0.0007153 seconds, Stopping threads took: 0.0003512 seconds
[2022-06-13T03:33:28.264+0000][1][safepoint    ] Application time: 1.0001795 seconds
[2022-06-13T03:33:28.265+0000][1][safepoint    ] Entering safepoint region: Cleanup
[2022-06-13T03:33:28.265+0000][1][safepoint    ] Leaving safepoint region
[2022-06-13T03:33:28.265+0000][1][safepoint    ] Total time for which application threads were stopped: 0.0005088 seconds, Stopping threads took: 0.0002275 seconds
[2022-06-13T03:33:29.266+0000][1][safepoint    ] Application time: 1.0001643 seconds
[2022-06-13T03:33:29.266+0000][1][safepoint    ] Entering safepoint region: Cleanup
[2022-06-13T03:33:29.267+0000][1][safepoint    ] Leaving safepoint region
[2022-06-13T03:33:29.267+0000][1][safepoint    ] Total time for which application threads were stopped: 0.0008109 seconds, Stopping threads took: 0.0004660 seconds
[2022-06-13T03:33:30.268+0000][1][safepoint    ] Application time: 1.0002068 seconds
[2022-06-13T03:33:30.268+0000][1][safepoint    ] Entering safepoint region: Cleanup
[2022-06-13T03:33:30.268+0000][1][safepoint    ] Leaving safepoint region
[2022-06-13T03:33:30.269+0000][1][safepoint    ] Total time for which application threads were stopped: 0.0009966 seconds, Stopping threads took: 0.0004924 seconds
[2022-06-13T03:33:31.269+0000][1][safepoint    ] Application time: 1.0001856 seconds
[2022-06-13T03:33:31.270+0000][1][safepoint    ] Entering safepoint region: Cleanup
[2022-06-13T03:33:31.270+0000][1][safepoint    ] Leaving safepoint region
[2022-06-13T03:33:31.270+0000][1][safepoint    ] Total time for which application threads were stopped: 0.0005376 seconds, Stopping threads took: 0.0002186 seconds
[2022-06-13T03:33:32.271+0000][1][safepoint    ] Application time: 1.0002299 seconds
[2022-06-13T03:33:32.271+0000][1][safepoint    ] Entering safepoint region: Cleanup
[2022-06-13T03:33:32.272+0000][1][safepoint    ] Leaving safepoint region
[2022-06-13T03:33:32.273+0000][1][safepoint    ] Total time for which application threads were stopped: 0.0013290 seconds, Stopping threads took: 0.0006933 seconds
[2022-06-13T03:33:33.273+0000][1][safepoint    ] Application time: 1.0002239 seconds
[2022-06-13T03:33:33.274+0000][1][safepoint    ] Entering safepoint region: Cleanup
[2022-06-13T03:33:33.274+0000][1][safepoint    ] Leaving safepoint region
[2022-06-13T03:33:33.275+0000][1][safepoint    ] Total time for which application threads were stopped: 0.0008384 seconds, Stopping threads took: 0.0004817 seconds
[2022-06-13T03:33:34.275+0000][1][safepoint    ] Application time: 1.0002100 seconds
[2022-06-13T03:33:34.276+0000][1][safepoint    ] Entering safepoint region: Cleanup
[2022-06-13T03:33:34.277+0000][1][safepoint    ] Leaving safepoint region
[2022-06-13T03:33:34.277+0000][1][safepoint    ] Total time for which application threads were stopped: 0.0013066 seconds, Stopping threads took: 0.0007614 seconds
[2022-06-13T03:33:35.278+0000][1][safepoint    ] Application time: 1.0002426 seconds
[2022-06-13T03:33:35.278+0000][1][safepoint    ] Entering safepoint region: Cleanup
[2022-06-13T03:33:35.279+0000][1][safepoint    ] Leaving safepoint region
[2022-06-13T03:33:35.279+0000][1][safepoint    ] Total time for which application threads were stopped: 0.0007333 seconds, Stopping threads took: 0.0003714 seconds
[2022-06-13T03:33:36.280+0000][1][safepoint    ] Application time: 1.0001697 seconds
[2022-06-13T03:33:36.280+0000][1][safepoint    ] Entering safepoint region: Cleanup
[2022-06-13T03:33:36.281+0000][1][safepoint    ] Leaving safepoint region
[2022-06-13T03:33:36.281+0000][1][safepoint    ] Total time for which application threads were stopped: 0.0011134 seconds, Stopping threads took: 0.0005188 seconds
[2022-06-13T03:33:37.282+0000][1][safepoint    ] Application time: 1.0002427 seconds
[2022-06-13T03:33:37.283+0000][1][safepoint    ] Entering safepoint region: Cleanup
[2022-06-13T03:33:37.283+0000][1][safepoint    ] Leaving safepoint region
[2022-06-13T03:33:37.284+0000][1][safepoint    ] Total time for which application threads were stopped: 0.0012574 seconds, Stopping threads took: 0.0005975 seconds
[2022-06-13T03:33:38.285+0000][1][safepoint    ] Application time: 1.0002404 seconds
[2022-06-13T03:33:38.286+0000][1][safepoint    ] Entering safepoint region: Cleanup
[2022-06-13T03:33:38.286+0000][1][safepoint    ] Leaving safepoint region
[2022-06-13T03:33:38.287+0000][1][safepoint    ] Total time for which application threads were stopped: 0.0010887 seconds, Stopping threads took: 0.0004422 seconds
[2022-06-13T03:33:39.287+0000][1][safepoint    ] Application time: 1.0002648 seconds
[2022-06-13T03:33:39.288+0000][1][safepoint    ] Entering safepoint region: Cleanup
[2022-06-13T03:33:39.289+0000][1][safepoint    ] Leaving safepoint region
[2022-06-13T03:33:39.290+0000][1][safepoint    ] Total time for which application threads were stopped: 0.0013111 seconds, Stopping threads took: 0.0006213 seconds
[2022-06-13T03:33:40.290+0000][1][safepoint    ] Application time: 1.0001928 seconds
[2022-06-13T03:33:40.291+0000][1][safepoint    ] Entering safepoint region: Cleanup
[2022-06-13T03:33:40.291+0000][1][safepoint    ] Leaving safepoint region
[2022-06-13T03:33:40.291+0000][1][safepoint    ] Total time for which application threads were stopped: 0.0004058 seconds, Stopping threads took: 0.0001986 seconds
[2022-06-13T03:33:41.292+0000][1][safepoint    ] Application time: 1.0001782 seconds
[2022-06-13T03:33:41.292+0000][1][safepoint    ] Entering safepoint region: Cleanup
[2022-06-13T03:33:41.292+0000][1][safepoint    ] Leaving safepoint region
[2022-06-13T03:33:41.293+0000][1][safepoint    ] Total time for which application threads were stopped: 0.0006654 seconds, Stopping threads took: 0.0003010 seconds
[2022-06-13T03:33:42.293+0000][1][safepoint    ] Application time: 1.0002246 seconds
[2022-06-13T03:33:42.294+0000][1][safepoint    ] Entering safepoint region: Cleanup
[2022-06-13T03:33:42.294+0000][1][safepoint    ] Leaving safepoint region
[2022-06-13T03:33:42.294+0000][1][safepoint    ] Total time for which application threads were stopped: 0.0006908 seconds, Stopping threads took: 0.0003183 seconds
[2022-06-13T03:33:43.295+0000][1][safepoint    ] Application time: 1.0002125 seconds
[2022-06-13T03:33:43.295+0000][1][safepoint    ] Entering safepoint region: Cleanup
[2022-06-13T03:33:43.295+0000][1][safepoint    ] Leaving safepoint region
[2022-06-13T03:33:43.296+0000][1][safepoint    ] Total time for which application threads were stopped: 0.0004938 seconds, Stopping threads took: 0.0002114 seconds
[2022-06-13T03:33:44.296+0000][1][safepoint    ] Application time: 1.0001839 seconds
[2022-06-13T03:33:44.297+0000][1][safepoint    ] Entering safepoint region: Cleanup
[2022-06-13T03:33:44.297+0000][1][safepoint    ] Leaving safepoint region
[2022-06-13T03:33:44.297+0000][1][safepoint    ] Total time for which application threads were stopped: 0.0007171 seconds, Stopping threads took: 0.0003342 seconds
[2022-06-13T03:33:45.298+0000][1][safepoint    ] Application time: 1.0002595 seconds
[2022-06-13T03:33:45.298+0000][1][safepoint    ] Entering safepoint region: Cleanup
[2022-06-13T03:33:45.299+0000][1][safepoint    ] Leaving safepoint region
[2022-06-13T03:33:45.299+0000][1][safepoint    ] Total time for which application threads were stopped: 0.0007246 seconds, Stopping threads took: 0.0003701 seconds
[2022-06-13T03:33:46.300+0000][1][safepoint    ] Application time: 1.0002507 seconds
[2022-06-13T03:33:46.300+0000][1][safepoint    ] Entering safepoint region: Cleanup
[2022-06-13T03:33:46.301+0000][1][safepoint    ] Leaving safepoint region
[2022-06-13T03:33:46.301+0000][1][safepoint    ] Total time for which application threads were stopped: 0.0010781 seconds, Stopping threads took: 0.0005072 seconds
[2022-06-13T03:33:47.302+0000][1][safepoint    ] Application time: 1.0003360 seconds
[2022-06-13T03:33:47.303+0000][1][safepoint    ] Entering safepoint region: Cleanup
[2022-06-13T03:33:47.303+0000][1][safepoint    ] Leaving safepoint region
[2022-06-13T03:33:47.304+0000][1][safepoint    ] Total time for which application threads were stopped: 0.0010758 seconds, Stopping threads took: 0.0005126 seconds
[2022-06-13T03:33:48.304+0000][1][safepoint    ] Application time: 1.0001919 seconds
[2022-06-13T03:33:48.305+0000][1][safepoint    ] Entering safepoint region: Cleanup
[2022-06-13T03:33:48.305+0000][1][safepoint    ] Leaving safepoint region
[2022-06-13T03:33:48.306+0000][1][safepoint    ] Total time for which application threads were stopped: 0.0006963 seconds, Stopping threads took: 0.0003335 seconds
[2022-06-13T03:33:49.306+0000][1][safepoint    ] Application time: 1.0001314 seconds
[2022-06-13T03:33:49.306+0000][1][safepoint    ] Entering safepoint region: Cleanup
[2022-06-13T03:33:49.307+0000][1][safepoint    ] Leaving safepoint region
[2022-06-13T03:33:49.307+0000][1][safepoint    ] Total time for which application threads were stopped: 0.0004186 seconds, Stopping threads took: 0.0002035 seconds
[2022-06-13T03:33:50.307+0000][1][safepoint    ] Application time: 1.0001770 seconds
[2022-06-13T03:33:50.308+0000][1][safepoint    ] Entering safepoint region: Cleanup
[2022-06-13T03:33:50.308+0000][1][safepoint    ] Leaving safepoint region
[2022-06-13T03:33:50.308+0000][1][safepoint    ] Total time for which application threads were stopped: 0.0008341 seconds, Stopping threads took: 0.0003592 seconds
[2022-06-13T03:33:51.309+0000][1][safepoint    ] Application time: 1.0001191 seconds
[2022-06-13T03:33:51.309+0000][1][safepoint    ] Entering safepoint region: Cleanup
[2022-06-13T03:33:51.309+0000][1][safepoint    ] Leaving safepoint region
[2022-06-13T03:33:51.309+0000][1][safepoint    ] Total time for which application threads were stopped: 0.0003286 seconds, Stopping threads took: 0.0001456 seconds
[2022-06-13T03:33:52.310+0000][1][safepoint    ] Application time: 1.0003564 seconds
[2022-06-13T03:33:52.311+0000][1][safepoint    ] Entering safepoint region: Cleanup
[2022-06-13T03:33:52.311+0000][1][safepoint    ] Leaving safepoint region
[2022-06-13T03:33:52.312+0000][1][safepoint    ] Total time for which application threads were stopped: 0.0010869 seconds, Stopping threads took: 0.0005324 seconds
[2022-06-13T03:33:53.312+0000][1][safepoint    ] Application time: 1.0001786 seconds
[2022-06-13T03:33:53.313+0000][1][safepoint    ] Entering safepoint region: Cleanup
[2022-06-13T03:33:53.314+0000][1][safepoint    ] Leaving safepoint region
[2022-06-13T03:33:53.314+0000][1][safepoint    ] Total time for which application threads were stopped: 0.0013704 seconds, Stopping threads took: 0.0006831 seconds
[2022-06-13T03:33:54.315+0000][1][safepoint    ] Application time: 1.0002193 seconds
[2022-06-13T03:33:54.316+0000][1][safepoint    ] Entering safepoint region: Cleanup
[2022-06-13T03:33:54.316+0000][1][safepoint    ] Leaving safepoint region
[2022-06-13T03:33:54.317+0000][1][safepoint    ] Total time for which application threads were stopped: 0.0011740 seconds, Stopping threads took: 0.0005704 seconds
[2022-06-13T03:33:55.318+0000][1][safepoint    ] Application time: 1.0001239 seconds
[2022-06-13T03:33:55.318+0000][1][safepoint    ] Entering safepoint region: Cleanup
[2022-06-13T03:33:55.318+0000][1][safepoint    ] Leaving safepoint region
[2022-06-13T03:33:55.318+0000][1][safepoint    ] Total time for which application threads were stopped: 0.0005616 seconds, Stopping threads took: 0.0002473 seconds
[2022-06-13T03:33:56.319+0000][1][safepoint    ] Application time: 1.0002572 seconds
[2022-06-13T03:33:56.320+0000][1][safepoint    ] Entering safepoint region: Cleanup
[2022-06-13T03:33:56.321+0000][1][safepoint    ] Leaving safepoint region
[2022-06-13T03:33:56.321+0000][1][safepoint    ] Total time for which application threads were stopped: 0.0014004 seconds, Stopping threads took: 0.0006716 seconds
[2022-06-13T03:33:57.322+0000][1][safepoint    ] Application time: 1.0002887 seconds
[2022-06-13T03:33:57.323+0000][1][safepoint    ] Entering safepoint region: Cleanup
[2022-06-13T03:33:57.323+0000][1][safepoint    ] Leaving safepoint region
[2022-06-13T03:33:57.323+0000][1][safepoint    ] Total time for which application threads were stopped: 0.0007958 seconds, Stopping threads took: 0.0003746 seconds
[2022-06-13T03:33:58.324+0000][1][safepoint    ] Application time: 1.0001498 seconds
[2022-06-13T03:33:58.324+0000][1][safepoint    ] Entering safepoint region: Cleanup
[2022-06-13T03:33:58.325+0000][1][safepoint    ] Leaving safepoint region
[2022-06-13T03:33:58.325+0000][1][safepoint    ] Total time for which application threads were stopped: 0.0008618 seconds, Stopping threads took: 0.0003876 seconds
[2022-06-13T03:33:59.326+0000][1][safepoint    ] Application time: 1.0002410 seconds
[2022-06-13T03:33:59.326+0000][1][safepoint    ] Entering safepoint region: Cleanup
[2022-06-13T03:33:59.326+0000][1][safepoint    ] Leaving safepoint region
[2022-06-13T03:33:59.327+0000][1][safepoint    ] Total time for which application threads were stopped: 0.0006415 seconds, Stopping threads took: 0.0002538 seconds
[2022-06-13T03:34:00.327+0000][1][safepoint    ] Application time: 1.0001956 seconds
[2022-06-13T03:34:00.328+0000][1][safepoint    ] Entering safepoint region: Cleanup
[2022-06-13T03:34:00.329+0000][1][safepoint    ] Leaving safepoint region
[2022-06-13T03:34:00.329+0000][1][safepoint    ] Total time for which application threads were stopped: 0.0015107 seconds, Stopping threads took: 0.0006041 seconds
[2022-06-13T03:34:01.330+0000][1][safepoint    ] Application time: 1.0002566 seconds
[2022-06-13T03:34:01.331+0000][1][safepoint    ] Entering safepoint region: Cleanup
[2022-06-13T03:34:01.332+0000][1][safepoint    ] Leaving safepoint region
[2022-06-13T03:34:01.332+0000][1][safepoint    ] Total time for which application threads were stopped: 0.0015475 seconds, Stopping threads took: 0.0006123 seconds
[2022-06-13T03:34:02.333+0000][1][safepoint    ] Application time: 1.0002124 seconds
[2022-06-13T03:34:02.334+0000][1][safepoint    ] Entering safepoint region: Cleanup
[2022-06-13T03:34:02.334+0000][1][safepoint    ] Leaving safepoint region
[2022-06-13T03:34:02.335+0000][1][safepoint    ] Total time for which application threads were stopped: 0.0010556 seconds, Stopping threads took: 0.0005206 seconds
[2022-06-13T03:34:03.336+0000][1][safepoint    ] Application time: 1.0003332 seconds
[2022-06-13T03:34:03.337+0000][1][safepoint    ] Entering safepoint region: Cleanup
[2022-06-13T03:34:03.337+0000][1][safepoint    ] Leaving safepoint region
[2022-06-13T03:34:03.338+0000][1][safepoint    ] Total time for which application threads were stopped: 0.0014225 seconds, Stopping threads took: 0.0007472 seconds
[2022-06-13T03:34:04.339+0000][1][safepoint    ] Application time: 1.0001543 seconds
[2022-06-13T03:34:04.339+0000][1][safepoint    ] Entering safepoint region: Cleanup
[2022-06-13T03:34:04.340+0000][1][safepoint    ] Leaving safepoint region
[2022-06-13T03:34:04.341+0000][1][safepoint    ] Total time for which application threads were stopped: 0.0014791 seconds, Stopping threads took: 0.0006889 seconds
[2022-06-13T03:34:05.342+0000][1][safepoint    ] Application time: 1.0001361 seconds
[2022-06-13T03:34:05.342+0000][1][safepoint    ] Entering safepoint region: Cleanup
[2022-06-13T03:34:05.342+0000][1][safepoint    ] Leaving safepoint region
[2022-06-13T03:34:05.343+0000][1][safepoint    ] Total time for which application threads were stopped: 0.0007409 seconds, Stopping threads took: 0.0003792 seconds
[2022-06-13T03:34:06.343+0000][1][safepoint    ] Application time: 1.0001509 seconds
[2022-06-13T03:34:06.344+0000][1][safepoint    ] Entering safepoint region: Cleanup
[2022-06-13T03:34:06.344+0000][1][safepoint    ] Leaving safepoint region
[2022-06-13T03:34:06.344+0000][1][safepoint    ] Total time for which application threads were stopped: 0.0006491 seconds, Stopping threads took: 0.0003111 seconds
[2022-06-13T03:34:07.345+0000][1][safepoint    ] Application time: 1.0002570 seconds
[2022-06-13T03:34:07.345+0000][1][safepoint    ] Entering safepoint region: Cleanup
[2022-06-13T03:34:07.345+0000][1][safepoint    ] Leaving safepoint region
[2022-06-13T03:34:07.346+0000][1][safepoint    ] Total time for which application threads were stopped: 0.0004838 seconds, Stopping threads took: 0.0002189 seconds
[2022-06-13T03:34:08.346+0000][1][safepoint    ] Application time: 1.0002129 seconds
[2022-06-13T03:34:08.347+0000][1][safepoint    ] Entering safepoint region: Cleanup
[2022-06-13T03:34:08.347+0000][1][safepoint    ] Leaving safepoint region
[2022-06-13T03:34:08.348+0000][1][safepoint    ] Total time for which application threads were stopped: 0.0013070 seconds, Stopping threads took: 0.0005314 seconds
[2022-06-13T03:34:09.349+0000][1][safepoint    ] Application time: 1.0001996 seconds
[2022-06-13T03:34:09.349+0000][1][safepoint    ] Entering safepoint region: Cleanup
[2022-06-13T03:34:09.350+0000][1][safepoint    ] Leaving safepoint region
[2022-06-13T03:34:09.350+0000][1][safepoint    ] Total time for which application threads were stopped: 0.0008042 seconds, Stopping threads took: 0.0003613 seconds
[2022-06-13T03:34:10.351+0000][1][safepoint    ] Application time: 1.0002051 seconds
[2022-06-13T03:34:10.351+0000][1][safepoint    ] Entering safepoint region: Cleanup
[2022-06-13T03:34:10.351+0000][1][safepoint    ] Leaving safepoint region
[2022-06-13T03:34:10.352+0000][1][safepoint    ] Total time for which application threads were stopped: 0.0006170 seconds, Stopping threads took: 0.0002433 seconds
[2022-06-13T03:34:15.353+0000][1][safepoint    ] Application time: 5.0008742 seconds
[2022-06-13T03:34:15.353+0000][1][safepoint    ] Entering safepoint region: Cleanup
[2022-06-13T03:34:15.354+0000][1][safepoint    ] Leaving safepoint region
[2022-06-13T03:34:15.354+0000][1][safepoint    ] Total time for which application threads were stopped: 0.0007358 seconds, Stopping threads took: 0.0003427 seconds
[2022-06-13T03:34:17.354+0000][1][safepoint    ] Application time: 2.0003496 seconds
[2022-06-13T03:34:17.355+0000][1][safepoint    ] Entering safepoint region: Cleanup
[2022-06-13T03:34:17.355+0000][1][safepoint    ] Leaving safepoint region
[2022-06-13T03:34:17.355+0000][1][safepoint    ] Total time for which application threads were stopped: 0.0007017 seconds, Stopping threads took: 0.0003051 seconds
[2022-06-13T03:34:19.356+0000][1][safepoint    ] Application time: 2.0005615 seconds
[2022-06-13T03:34:19.357+0000][1][safepoint    ] Entering safepoint region: Cleanup
[2022-06-13T03:34:19.357+0000][1][safepoint    ] Leaving safepoint region
[2022-06-13T03:34:19.357+0000][1][safepoint    ] Total time for which application threads were stopped: 0.0005537 seconds, Stopping threads took: 0.0002240 seconds
[2022-06-13T03:34:20.358+0000][1][safepoint    ] Application time: 1.0002760 seconds
[2022-06-13T03:34:20.358+0000][1][safepoint    ] Entering safepoint region: Cleanup
[2022-06-13T03:34:20.359+0000][1][safepoint    ] Leaving safepoint region
[2022-06-13T03:34:20.359+0000][1][safepoint    ] Total time for which application threads were stopped: 0.0005636 seconds, Stopping threads took: 0.0003341 seconds
[2022-06-13T03:34:21.359+0000][1][safepoint    ] Application time: 1.0002499 seconds
[2022-06-13T03:34:21.360+0000][1][safepoint    ] Entering safepoint region: Cleanup
[2022-06-13T03:34:21.360+0000][1][safepoint    ] Leaving safepoint region
[2022-06-13T03:34:21.361+0000][1][safepoint    ] Total time for which application threads were stopped: 0.0010895 seconds, Stopping threads took: 0.0004849 seconds
[2022-06-13T03:34:24.362+0000][1][safepoint    ] Application time: 3.0005091 seconds
[2022-06-13T03:34:24.362+0000][1][safepoint    ] Entering safepoint region: Cleanup
[2022-06-13T03:34:24.362+0000][1][safepoint    ] Leaving safepoint region
[2022-06-13T03:34:24.363+0000][1][safepoint    ] Total time for which application threads were stopped: 0.0005551 seconds, Stopping threads took: 0.0002043 seconds
[2022-06-13T03:34:25.363+0000][1][safepoint    ] Application time: 1.0002113 seconds
[2022-06-13T03:34:25.364+0000][1][safepoint    ] Entering safepoint region: Cleanup
[2022-06-13T03:34:25.364+0000][1][safepoint    ] Leaving safepoint region
[2022-06-13T03:34:25.364+0000][1][safepoint    ] Total time for which application threads were stopped: 0.0005526 seconds, Stopping threads took: 0.0002519 seconds
[2022-06-13T03:34:27.365+0000][1][safepoint    ] Application time: 2.0003366 seconds
[2022-06-13T03:34:27.365+0000][1][safepoint    ] Entering safepoint region: Cleanup
[2022-06-13T03:34:27.366+0000][1][safepoint    ] Leaving safepoint region
[2022-06-13T03:34:27.366+0000][1][safepoint    ] Total time for which application threads were stopped: 0.0005568 seconds, Stopping threads took: 0.0001900 seconds
[2022-06-13T03:34:28.366+0000][1][safepoint    ] Application time: 1.0002866 seconds
[2022-06-13T03:34:28.367+0000][1][safepoint    ] Entering safepoint region: Cleanup
[2022-06-13T03:34:28.368+0000][1][safepoint    ] Leaving safepoint region
[2022-06-13T03:34:28.368+0000][1][safepoint    ] Total time for which application threads were stopped: 0.0009113 seconds, Stopping threads took: 0.0004321 seconds
[2022-06-13T03:34:29.369+0000][1][safepoint    ] Application time: 1.0002396 seconds
[2022-06-13T03:34:29.369+0000][1][safepoint    ] Entering safepoint region: Cleanup
[2022-06-13T03:34:29.370+0000][1][safepoint    ] Leaving safepoint region
[2022-06-13T03:34:29.370+0000][1][safepoint    ] Total time for which application threads were stopped: 0.0008782 seconds, Stopping threads took: 0.0004056 seconds
[2022-06-13T03:34:30.371+0000][1][safepoint    ] Application time: 1.0002006 seconds
[2022-06-13T03:34:30.371+0000][1][safepoint    ] Entering safepoint region: Cleanup
[2022-06-13T03:34:30.372+0000][1][safepoint    ] Leaving safepoint region
[2022-06-13T03:34:30.373+0000][1][safepoint    ] Total time for which application threads were stopped: 0.0014796 seconds, Stopping threads took: 0.0007080 seconds
[2022-06-13T03:34:31.374+0000][1][safepoint    ] Application time: 1.0001899 seconds
[2022-06-13T03:34:31.374+0000][1][safepoint    ] Entering safepoint region: Cleanup
[2022-06-13T03:34:31.375+0000][1][safepoint    ] Leaving safepoint region
[2022-06-13T03:34:31.376+0000][1][safepoint    ] Total time for which application threads were stopped: 0.0011744 seconds, Stopping threads took: 0.0005349 seconds
[2022-06-13T03:34:32.376+0000][1][safepoint    ] Application time: 1.0001303 seconds
[2022-06-13T03:34:32.377+0000][1][safepoint    ] Entering safepoint region: Cleanup
[2022-06-13T03:34:32.377+0000][1][safepoint    ] Leaving safepoint region
[2022-06-13T03:34:32.377+0000][1][safepoint    ] Total time for which application threads were stopped: 0.0005838 seconds, Stopping threads took: 0.0002710 seconds
[2022-06-13T03:34:33.378+0000][1][safepoint    ] Application time: 1.0002469 seconds
[2022-06-13T03:34:33.378+0000][1][safepoint    ] Entering safepoint region: Cleanup
[2022-06-13T03:34:33.379+0000][1][safepoint    ] Leaving safepoint region
[2022-06-13T03:34:33.380+0000][1][safepoint    ] Total time for which application threads were stopped: 0.0014289 seconds, Stopping threads took: 0.0006967 seconds
[2022-06-13T03:34:38.381+0000][1][safepoint    ] Application time: 5.0008161 seconds
[2022-06-13T03:34:38.381+0000][1][safepoint    ] Entering safepoint region: Cleanup
[2022-06-13T03:34:38.382+0000][1][safepoint    ] Leaving safepoint region
[2022-06-13T03:34:38.382+0000][1][safepoint    ] Total time for which application threads were stopped: 0.0007554 seconds, Stopping threads took: 0.0003206 seconds
[2022-06-13T03:34:39.383+0000][1][safepoint    ] Application time: 1.0001348 seconds
[2022-06-13T03:34:39.383+0000][1][safepoint    ] Entering safepoint region: Cleanup
[2022-06-13T03:34:39.384+0000][1][safepoint    ] Leaving safepoint region
[2022-06-13T03:34:39.384+0000][1][safepoint    ] Total time for which application threads were stopped: 0.0008479 seconds, Stopping threads took: 0.0003582 seconds
[2022-06-13T03:34:44.385+0000][1][safepoint    ] Application time: 5.0009093 seconds
[2022-06-13T03:34:44.385+0000][1][safepoint    ] Entering safepoint region: Cleanup
[2022-06-13T03:34:44.386+0000][1][safepoint    ] Leaving safepoint region
[2022-06-13T03:34:44.386+0000][1][safepoint    ] Total time for which application threads were stopped: 0.0004444 seconds, Stopping threads took: 0.0002012 seconds
[2022-06-13T03:34:45.386+0000][1][safepoint    ] Application time: 1.0001575 seconds
[2022-06-13T03:34:45.387+0000][1][safepoint    ] Entering safepoint region: Cleanup
[2022-06-13T03:34:45.387+0000][1][safepoint    ] Leaving safepoint region
[2022-06-13T03:34:45.388+0000][1][safepoint    ] Total time for which application threads were stopped: 0.0009565 seconds, Stopping threads took: 0.0004460 seconds
[2022-06-13T03:34:50.389+0000][1][safepoint    ] Application time: 5.0011507 seconds
[2022-06-13T03:34:50.390+0000][1][safepoint    ] Entering safepoint region: Cleanup
[2022-06-13T03:34:50.390+0000][1][safepoint    ] Leaving safepoint region
[2022-06-13T03:34:50.391+0000][1][safepoint    ] Total time for which application threads were stopped: 0.0009501 seconds, Stopping threads took: 0.0004442 seconds
[2022-06-13T03:34:51.391+0000][1][safepoint    ] Application time: 1.0001116 seconds
[2022-06-13T03:34:51.392+0000][1][safepoint    ] Entering safepoint region: Cleanup
[2022-06-13T03:34:51.392+0000][1][safepoint    ] Leaving safepoint region
[2022-06-13T03:34:51.393+0000][1][safepoint    ] Total time for which application threads were stopped: 0.0011183 seconds, Stopping threads took: 0.0005693 seconds
[2022-06-13T03:34:54.394+0000][1][safepoint    ] Application time: 3.0004989 seconds
[2022-06-13T03:34:54.394+0000][1][safepoint    ] Entering safepoint region: Cleanup
[2022-06-13T03:34:54.395+0000][1][safepoint    ] Leaving safepoint region
[2022-06-13T03:34:54.395+0000][1][safepoint    ] Total time for which application threads were stopped: 0.0009804 seconds, Stopping threads took: 0.0004742 seconds
[2022-06-13T03:34:55.396+0000][1][safepoint    ] Application time: 1.0003960 seconds
[2022-06-13T03:34:55.397+0000][1][safepoint    ] Entering safepoint region: Cleanup
[2022-06-13T03:34:55.398+0000][1][safepoint    ] Leaving safepoint region
[2022-06-13T03:34:55.398+0000][1][safepoint    ] Total time for which application threads were stopped: 0.0011097 seconds, Stopping threads took: 0.0005581 seconds
[2022-06-13T03:34:56.399+0000][1][safepoint    ] Application time: 1.0002028 seconds
[2022-06-13T03:34:56.399+0000][1][safepoint    ] Entering safepoint region: Cleanup
[2022-06-13T03:34:56.400+0000][1][safepoint    ] Leaving safepoint region
[2022-06-13T03:34:56.401+0000][1][safepoint    ] Total time for which application threads were stopped: 0.0013488 seconds, Stopping threads took: 0.0005068 seconds
[2022-06-13T03:34:57.402+0000][1][safepoint    ] Application time: 1.0002298 seconds
[2022-06-13T03:34:57.402+0000][1][safepoint    ] Entering safepoint region: Cleanup
[2022-06-13T03:34:57.402+0000][1][safepoint    ] Leaving safepoint region
[2022-06-13T03:34:57.402+0000][1][safepoint    ] Total time for which application threads were stopped: 0.0004401 seconds, Stopping threads took: 0.0002035 seconds
[2022-06-13T03:34:58.403+0000][1][safepoint    ] Application time: 1.0003118 seconds
[2022-06-13T03:34:58.403+0000][1][safepoint    ] Entering safepoint region: Cleanup
[2022-06-13T03:34:58.404+0000][1][safepoint    ] Leaving safepoint region
[2022-06-13T03:34:58.404+0000][1][safepoint    ] Total time for which application threads were stopped: 0.0009429 seconds, Stopping threads took: 0.0004451 seconds
[2022-06-13T03:34:59.405+0000][1][safepoint    ] Application time: 1.0002529 seconds
[2022-06-13T03:34:59.406+0000][1][safepoint    ] Entering safepoint region: Cleanup
[2022-06-13T03:34:59.406+0000][1][safepoint    ] Leaving safepoint region
[2022-06-13T03:34:59.407+0000][1][safepoint    ] Total time for which application threads were stopped: 0.0009963 seconds, Stopping threads took: 0.0004857 seconds
[2022-06-13T03:35:00.407+0000][1][safepoint    ] Application time: 1.0002104 seconds
[2022-06-13T03:35:00.408+0000][1][safepoint    ] Entering safepoint region: Cleanup
[2022-06-13T03:35:00.408+0000][1][safepoint    ] Leaving safepoint region
[2022-06-13T03:35:00.409+0000][1][safepoint    ] Total time for which application threads were stopped: 0.0008737 seconds, Stopping threads took: 0.0004040 seconds
[2022-06-13T03:35:02.409+0000][1][safepoint    ] Application time: 2.0003691 seconds
[2022-06-13T03:35:02.410+0000][1][safepoint    ] Entering safepoint region: Cleanup
[2022-06-13T03:35:02.410+0000][1][safepoint    ] Leaving safepoint region
[2022-06-13T03:35:02.410+0000][1][safepoint    ] Total time for which application threads were stopped: 0.0006326 seconds, Stopping threads took: 0.0003051 seconds
[2022-06-13T03:35:06.411+0000][1][safepoint    ] Application time: 4.0006551 seconds
[2022-06-13T03:35:06.411+0000][1][safepoint    ] Entering safepoint region: Cleanup
[2022-06-13T03:35:06.412+0000][1][safepoint    ] Leaving safepoint region
[2022-06-13T03:35:06.412+0000][1][safepoint    ] Total time for which application threads were stopped: 0.0005957 seconds, Stopping threads took: 0.0002427 seconds
[2022-06-13T03:35:08.413+0000][1][safepoint    ] Application time: 2.0003455 seconds
[2022-06-13T03:35:08.413+0000][1][safepoint    ] Entering safepoint region: Cleanup
[2022-06-13T03:35:08.414+0000][1][safepoint    ] Leaving safepoint region
[2022-06-13T03:35:08.414+0000][1][safepoint    ] Total time for which application threads were stopped: 0.0006409 seconds, Stopping threads took: 0.0002980 seconds
[2022-06-13T03:35:08.613+0000][1][safepoint    ] Application time: 0.1987442 seconds
[2022-06-13T03:35:08.613+0000][1][safepoint    ] Entering safepoint region: RevokeBias
[2022-06-13T03:35:08.614+0000][1][safepoint    ] Leaving safepoint region
[2022-06-13T03:35:08.614+0000][1][safepoint    ] Total time for which application threads were stopped: 0.0009290 seconds, Stopping threads took: 0.0003225 seconds
[2022-06-13T03:35:10.614+0000][1][safepoint    ] Application time: 2.0003803 seconds
[2022-06-13T03:35:10.615+0000][1][safepoint    ] Entering safepoint region: Cleanup
[2022-06-13T03:35:10.615+0000][1][safepoint    ] Leaving safepoint region
[2022-06-13T03:35:10.616+0000][1][safepoint    ] Total time for which application threads were stopped: 0.0008119 seconds, Stopping threads took: 0.0003497 seconds
[2022-06-13T03:35:11.616+0000][1][safepoint    ] Application time: 1.0002856 seconds
[2022-06-13T03:35:11.617+0000][1][safepoint    ] Entering safepoint region: Cleanup
[2022-06-13T03:35:11.618+0000][1][safepoint    ] Leaving safepoint region
[2022-06-13T03:35:11.618+0000][1][safepoint    ] Total time for which application threads were stopped: 0.0013184 seconds, Stopping threads took: 0.0005931 seconds
[2022-06-13T03:35:12.619+0000][1][safepoint    ] Application time: 1.0001260 seconds
[2022-06-13T03:35:12.620+0000][1][safepoint    ] Entering safepoint region: Cleanup
[2022-06-13T03:35:12.620+0000][1][safepoint    ] Leaving safepoint region
[2022-06-13T03:35:12.620+0000][1][safepoint    ] Total time for which application threads were stopped: 0.0009037 seconds, Stopping threads took: 0.0004535 seconds
[2022-06-13T03:35:13.621+0000][1][safepoint    ] Application time: 1.0002009 seconds
[2022-06-13T03:35:13.621+0000][1][safepoint    ] Entering safepoint region: Cleanup
[2022-06-13T03:35:13.622+0000][1][safepoint    ] Leaving safepoint region
[2022-06-13T03:35:13.622+0000][1][safepoint    ] Total time for which application threads were stopped: 0.0005580 seconds, Stopping threads took: 0.0002620 seconds
[2022-06-13T03:35:14.623+0000][1][safepoint    ] Application time: 1.0002660 seconds
[2022-06-13T03:35:14.623+0000][1][safepoint    ] Entering safepoint region: Cleanup
[2022-06-13T03:35:14.623+0000][1][safepoint    ] Leaving safepoint region
[2022-06-13T03:35:14.624+0000][1][safepoint    ] Total time for which application threads were stopped: 0.0009280 seconds, Stopping threads took: 0.0004139 seconds
[2022-06-13T03:35:21.349+0000][1][safepoint    ] Application time: 6.7242889 seconds
[2022-06-13T03:35:21.349+0000][1][safepoint    ] Entering safepoint region: GenCollectForAllocation
[2022-06-13T03:35:21.350+0000][1][gc,start     ] GC(23) Pause Young (Allocation Failure)
[2022-06-13T03:35:21.350+0000][1][gc,task      ] GC(23) Using 5 workers of 13 for evacuation
[2022-06-13T03:35:21.356+0000][1][gc,age       ] GC(23) Desired survivor size 4456448 bytes, new threshold 6 (max threshold 6)
[2022-06-13T03:35:21.356+0000][1][gc,age       ] GC(23) Age table with threshold 6 (max threshold 6)
[2022-06-13T03:35:21.356+0000][1][gc,age       ] GC(23) - age   1:      95504 bytes,      95504 total
[2022-06-13T03:35:21.357+0000][1][gc,age       ] GC(23) - age   2:    2328584 bytes,    2424088 total
[2022-06-13T03:35:21.357+0000][1][gc,heap      ] GC(23) ParNew: 78184K->5887K(78656K)
[2022-06-13T03:35:21.357+0000][1][gc,heap      ] GC(23) CMS: 64966K->68333K(174784K)
[2022-06-13T03:35:21.357+0000][1][gc,metaspace ] GC(23) Metaspace: 67701K->67701K(1112064K)
[2022-06-13T03:35:21.358+0000][1][gc           ] GC(23) Pause Young (Allocation Failure) 139M->72M(247M) 8.013ms
[2022-06-13T03:35:21.358+0000][1][gc,cpu       ] GC(23) User=0.02s Sys=0.00s Real=0.00s
[2022-06-13T03:35:21.358+0000][1][safepoint    ] Leaving safepoint region
[2022-06-13T03:35:21.358+0000][1][safepoint    ] Total time for which application threads were stopped: 0.0091808 seconds, Stopping threads took: 0.0003032 seconds
[2022-06-13T03:35:23.359+0000][1][safepoint    ] Application time: 2.0006334 seconds
[2022-06-13T03:35:23.360+0000][1][safepoint    ] Entering safepoint region: Cleanup
[2022-06-13T03:35:23.361+0000][1][safepoint    ] Leaving safepoint region
[2022-06-13T03:35:23.362+0000][1][safepoint    ] Total time for which application threads were stopped: 0.0014222 seconds, Stopping threads took: 0.0007898 seconds
[2022-06-13T03:35:26.363+0000][1][safepoint    ] Application time: 3.0005028 seconds
[2022-06-13T03:35:26.363+0000][1][safepoint    ] Entering safepoint region: Cleanup
[2022-06-13T03:35:26.363+0000][1][safepoint    ] Leaving safepoint region
[2022-06-13T03:35:26.364+0000][1][safepoint    ] Total time for which application threads were stopped: 0.0005845 seconds, Stopping threads took: 0.0002604 seconds
[2022-06-13T03:35:33.366+0000][1][safepoint    ] Application time: 7.0017942 seconds
[2022-06-13T03:35:33.366+0000][1][safepoint    ] Entering safepoint region: Cleanup
[2022-06-13T03:35:33.367+0000][1][safepoint    ] Leaving safepoint region
[2022-06-13T03:35:33.367+0000][1][safepoint    ] Total time for which application threads were stopped: 0.0008569 seconds, Stopping threads took: 0.0004287 seconds
[2022-06-13T03:35:36.368+0000][1][safepoint    ] Application time: 3.0005329 seconds
[2022-06-13T03:35:36.368+0000][1][safepoint    ] Entering safepoint region: Cleanup
[2022-06-13T03:35:36.369+0000][1][safepoint    ] Leaving safepoint region
[2022-06-13T03:35:36.369+0000][1][safepoint    ] Total time for which application threads were stopped: 0.0005960 seconds, Stopping threads took: 0.0002895 seconds
[2022-06-13T03:35:37.369+0000][1][safepoint    ] Application time: 1.0001976 seconds
[2022-06-13T03:35:37.370+0000][1][safepoint    ] Entering safepoint region: Cleanup
[2022-06-13T03:35:37.370+0000][1][safepoint    ] Leaving safepoint region
[2022-06-13T03:35:37.371+0000][1][safepoint    ] Total time for which application threads were stopped: 0.0008579 seconds, Stopping threads took: 0.0003890 seconds
[2022-06-13T03:35:41.372+0000][1][safepoint    ] Application time: 4.0006451 seconds
[2022-06-13T03:35:41.372+0000][1][safepoint    ] Entering safepoint region: Cleanup
[2022-06-13T03:35:41.372+0000][1][safepoint    ] Leaving safepoint region
[2022-06-13T03:35:41.373+0000][1][safepoint    ] Total time for which application threads were stopped: 0.0006606 seconds, Stopping threads took: 0.0003709 seconds
[2022-06-13T03:35:51.375+0000][1][safepoint    ] Application time: 10.0016583 seconds
[2022-06-13T03:35:51.375+0000][1][safepoint    ] Entering safepoint region: Cleanup
[2022-06-13T03:35:51.376+0000][1][safepoint    ] Leaving safepoint region
[2022-06-13T03:35:51.376+0000][1][safepoint    ] Total time for which application threads were stopped: 0.0012151 seconds, Stopping threads took: 0.0005728 seconds
[2022-06-13T03:35:56.378+0000][1][safepoint    ] Application time: 5.0009594 seconds
[2022-06-13T03:35:56.378+0000][1][safepoint    ] Entering safepoint region: Cleanup
[2022-06-13T03:35:56.378+0000][1][safepoint    ] Leaving safepoint region
[2022-06-13T03:35:56.379+0000][1][safepoint    ] Total time for which application threads were stopped: 0.0009206 seconds, Stopping threads took: 0.0002962 seconds
[2022-06-13T03:35:57.380+0000][1][safepoint    ] Application time: 1.0002543 seconds
[2022-06-13T03:35:57.380+0000][1][safepoint    ] Entering safepoint region: Cleanup
[2022-06-13T03:35:57.380+0000][1][safepoint    ] Leaving safepoint region
[2022-06-13T03:35:57.381+0000][1][safepoint    ] Total time for which application threads were stopped: 0.0006457 seconds, Stopping threads took: 0.0002875 seconds
[2022-06-13T03:35:58.381+0000][1][safepoint    ] Application time: 1.0001664 seconds
[2022-06-13T03:35:58.382+0000][1][safepoint    ] Entering safepoint region: Cleanup
[2022-06-13T03:35:58.383+0000][1][safepoint    ] Leaving safepoint region
[2022-06-13T03:35:58.383+0000][1][safepoint    ] Total time for which application threads were stopped: 0.0012095 seconds, Stopping threads took: 0.0005810 seconds
[2022-06-13T03:36:01.384+0000][1][safepoint    ] Application time: 3.0005386 seconds
[2022-06-13T03:36:01.385+0000][1][safepoint    ] Entering safepoint region: Cleanup
[2022-06-13T03:36:01.385+0000][1][safepoint    ] Leaving safepoint region
[2022-06-13T03:36:01.386+0000][1][safepoint    ] Total time for which application threads were stopped: 0.0012806 seconds, Stopping threads took: 0.0006017 seconds
[2022-06-13T03:36:03.387+0000][1][safepoint    ] Application time: 2.0004640 seconds
[2022-06-13T03:36:03.387+0000][1][safepoint    ] Entering safepoint region: Cleanup
[2022-06-13T03:36:03.388+0000][1][safepoint    ] Leaving safepoint region
[2022-06-13T03:36:03.388+0000][1][safepoint    ] Total time for which application threads were stopped: 0.0008799 seconds, Stopping threads took: 0.0004052 seconds
[2022-06-13T03:36:04.389+0000][1][safepoint    ] Application time: 1.0001931 seconds
[2022-06-13T03:36:04.389+0000][1][safepoint    ] Entering safepoint region: Cleanup
[2022-06-13T03:36:04.390+0000][1][safepoint    ] Leaving safepoint region
[2022-06-13T03:36:04.390+0000][1][safepoint    ] Total time for which application threads were stopped: 0.0007959 seconds, Stopping threads took: 0.0003585 seconds
[2022-06-13T03:36:05.391+0000][1][safepoint    ] Application time: 1.0002213 seconds
[2022-06-13T03:36:05.391+0000][1][safepoint    ] Entering safepoint region: Cleanup
[2022-06-13T03:36:05.392+0000][1][safepoint    ] Leaving safepoint region
[2022-06-13T03:36:05.392+0000][1][safepoint    ] Total time for which application threads were stopped: 0.0011029 seconds, Stopping threads took: 0.0005274 seconds
[2022-06-13T03:36:06.393+0000][1][safepoint    ] Application time: 1.0002269 seconds
[2022-06-13T03:36:06.394+0000][1][safepoint    ] Entering safepoint region: Cleanup
[2022-06-13T03:36:06.394+0000][1][safepoint    ] Leaving safepoint region
[2022-06-13T03:36:06.395+0000][1][safepoint    ] Total time for which application threads were stopped: 0.0011507 seconds, Stopping threads took: 0.0006792 seconds
[2022-06-13T03:36:07.396+0000][1][safepoint    ] Application time: 1.0002494 seconds
[2022-06-13T03:36:07.397+0000][1][safepoint    ] Entering safepoint region: Cleanup
[2022-06-13T03:36:07.397+0000][1][safepoint    ] Leaving safepoint region
[2022-06-13T03:36:07.398+0000][1][safepoint    ] Total time for which application threads were stopped: 0.0012615 seconds, Stopping threads took: 0.0006612 seconds
[2022-06-13T03:36:08.399+0000][1][safepoint    ] Application time: 1.0002900 seconds
[2022-06-13T03:36:08.399+0000][1][safepoint    ] Entering safepoint region: Cleanup
[2022-06-13T03:36:08.400+0000][1][safepoint    ] Leaving safepoint region
[2022-06-13T03:36:08.400+0000][1][safepoint    ] Total time for which application threads were stopped: 0.0010097 seconds, Stopping threads took: 0.0005042 seconds
[2022-06-13T03:36:09.401+0000][1][safepoint    ] Application time: 1.0002839 seconds
[2022-06-13T03:36:09.401+0000][1][safepoint    ] Entering safepoint region: Cleanup
[2022-06-13T03:36:09.402+0000][1][safepoint    ] Leaving safepoint region
[2022-06-13T03:36:09.403+0000][1][safepoint    ] Total time for which application threads were stopped: 0.0013344 seconds, Stopping threads took: 0.0005444 seconds
[2022-06-13T03:36:10.404+0000][1][safepoint    ] Application time: 1.0002749 seconds
[2022-06-13T03:36:10.404+0000][1][safepoint    ] Entering safepoint region: Cleanup
[2022-06-13T03:36:10.404+0000][1][safepoint    ] Leaving safepoint region
[2022-06-13T03:36:10.405+0000][1][safepoint    ] Total time for which application threads were stopped: 0.0007016 seconds, Stopping threads took: 0.0003154 seconds
[2022-06-13T03:36:11.405+0000][1][safepoint    ] Application time: 1.0002341 seconds
[2022-06-13T03:36:11.406+0000][1][safepoint    ] Entering safepoint region: Cleanup
[2022-06-13T03:36:11.407+0000][1][safepoint    ] Leaving safepoint region
[2022-06-13T03:36:11.407+0000][1][safepoint    ] Total time for which application threads were stopped: 0.0014144 seconds, Stopping threads took: 0.0007621 seconds
[2022-06-13T03:36:12.408+0000][1][safepoint    ] Application time: 1.0001451 seconds
[2022-06-13T03:36:12.408+0000][1][safepoint    ] Entering safepoint region: Cleanup
[2022-06-13T03:36:12.408+0000][1][safepoint    ] Leaving safepoint region
[2022-06-13T03:36:12.408+0000][1][safepoint    ] Total time for which application threads were stopped: 0.0003445 seconds, Stopping threads took: 0.0001684 seconds
[2022-06-13T03:36:13.409+0000][1][safepoint    ] Application time: 1.0001815 seconds
[2022-06-13T03:36:13.409+0000][1][safepoint    ] Entering safepoint region: Cleanup
[2022-06-13T03:36:13.410+0000][1][safepoint    ] Leaving safepoint region
[2022-06-13T03:36:13.410+0000][1][safepoint    ] Total time for which application threads were stopped: 0.0010242 seconds, Stopping threads took: 0.0004603 seconds
[2022-06-13T03:36:14.411+0000][1][safepoint    ] Application time: 1.0003368 seconds
[2022-06-13T03:36:14.412+0000][1][safepoint    ] Entering safepoint region: Cleanup
[2022-06-13T03:36:14.412+0000][1][safepoint    ] Leaving safepoint region
[2022-06-13T03:36:14.413+0000][1][safepoint    ] Total time for which application threads were stopped: 0.0009119 seconds, Stopping threads took: 0.0004181 seconds
[2022-06-13T03:36:15.413+0000][1][safepoint    ] Application time: 1.0001762 seconds
[2022-06-13T03:36:15.414+0000][1][safepoint    ] Entering safepoint region: Cleanup
[2022-06-13T03:36:15.414+0000][1][safepoint    ] Leaving safepoint region
[2022-06-13T03:36:15.414+0000][1][safepoint    ] Total time for which application threads were stopped: 0.0004971 seconds, Stopping threads took: 0.0002544 seconds
[2022-06-13T03:36:16.414+0000][1][safepoint    ] Application time: 1.0001948 seconds
[2022-06-13T03:36:16.415+0000][1][safepoint    ] Entering safepoint region: Cleanup
[2022-06-13T03:36:16.415+0000][1][safepoint    ] Leaving safepoint region
[2022-06-13T03:36:16.415+0000][1][safepoint    ] Total time for which application threads were stopped: 0.0006437 seconds, Stopping threads took: 0.0003020 seconds
[2022-06-13T03:36:17.416+0000][1][safepoint    ] Application time: 1.0002020 seconds
[2022-06-13T03:36:17.416+0000][1][safepoint    ] Entering safepoint region: Cleanup
[2022-06-13T03:36:17.417+0000][1][safepoint    ] Leaving safepoint region
[2022-06-13T03:36:17.417+0000][1][safepoint    ] Total time for which application threads were stopped: 0.0006801 seconds, Stopping threads took: 0.0003781 seconds
[2022-06-13T03:36:18.418+0000][1][safepoint    ] Application time: 1.0002261 seconds
[2022-06-13T03:36:18.418+0000][1][safepoint    ] Entering safepoint region: Cleanup
[2022-06-13T03:36:18.419+0000][1][safepoint    ] Leaving safepoint region
[2022-06-13T03:36:18.419+0000][1][safepoint    ] Total time for which application threads were stopped: 0.0006971 seconds, Stopping threads took: 0.0003918 seconds
[2022-06-13T03:36:19.419+0000][1][safepoint    ] Application time: 1.0002169 seconds
[2022-06-13T03:36:19.420+0000][1][safepoint    ] Entering safepoint region: Cleanup
[2022-06-13T03:36:19.421+0000][1][safepoint    ] Leaving safepoint region
[2022-06-13T03:36:19.422+0000][1][safepoint    ] Total time for which application threads were stopped: 0.0014591 seconds, Stopping threads took: 0.0006629 seconds
[2022-06-13T03:36:20.422+0000][1][safepoint    ] Application time: 1.0002098 seconds
[2022-06-13T03:36:20.423+0000][1][safepoint    ] Entering safepoint region: Cleanup
[2022-06-13T03:36:20.423+0000][1][safepoint    ] Leaving safepoint region
[2022-06-13T03:36:20.424+0000][1][safepoint    ] Total time for which application threads were stopped: 0.0007863 seconds, Stopping threads took: 0.0003724 seconds
[2022-06-13T03:36:21.424+0000][1][safepoint    ] Application time: 1.0002191 seconds
[2022-06-13T03:36:21.425+0000][1][safepoint    ] Entering safepoint region: Cleanup
[2022-06-13T03:36:21.425+0000][1][safepoint    ] Leaving safepoint region
[2022-06-13T03:36:21.426+0000][1][safepoint    ] Total time for which application threads were stopped: 0.0009909 seconds, Stopping threads took: 0.0004112 seconds
[2022-06-13T03:36:22.426+0000][1][safepoint    ] Application time: 1.0002387 seconds
[2022-06-13T03:36:22.427+0000][1][safepoint    ] Entering safepoint region: Cleanup
[2022-06-13T03:36:22.428+0000][1][safepoint    ] Leaving safepoint region
[2022-06-13T03:36:22.428+0000][1][safepoint    ] Total time for which application threads were stopped: 0.0011023 seconds, Stopping threads took: 0.0004879 seconds
[2022-06-13T03:36:23.429+0000][1][safepoint    ] Application time: 1.0002573 seconds
[2022-06-13T03:36:23.430+0000][1][safepoint    ] Entering safepoint region: Cleanup
[2022-06-13T03:36:23.430+0000][1][safepoint    ] Leaving safepoint region
[2022-06-13T03:36:23.430+0000][1][safepoint    ] Total time for which application threads were stopped: 0.0006156 seconds, Stopping threads took: 0.0003362 seconds
[2022-06-13T03:36:24.431+0000][1][safepoint    ] Application time: 1.0002913 seconds
[2022-06-13T03:36:24.432+0000][1][safepoint    ] Entering safepoint region: Cleanup
[2022-06-13T03:36:24.432+0000][1][safepoint    ] Leaving safepoint region
[2022-06-13T03:36:24.433+0000][1][safepoint    ] Total time for which application threads were stopped: 0.0014247 seconds, Stopping threads took: 0.0005607 seconds
[2022-06-13T03:36:25.434+0000][1][safepoint    ] Application time: 1.0002064 seconds
[2022-06-13T03:36:25.434+0000][1][safepoint    ] Entering safepoint region: Cleanup
[2022-06-13T03:36:25.435+0000][1][safepoint    ] Leaving safepoint region
[2022-06-13T03:36:25.435+0000][1][safepoint    ] Total time for which application threads were stopped: 0.0006531 seconds, Stopping threads took: 0.0003014 seconds
[2022-06-13T03:36:26.436+0000][1][safepoint    ] Application time: 1.0002506 seconds
[2022-06-13T03:36:26.436+0000][1][safepoint    ] Entering safepoint region: Cleanup
[2022-06-13T03:36:26.437+0000][1][safepoint    ] Leaving safepoint region
[2022-06-13T03:36:26.437+0000][1][safepoint    ] Total time for which application threads were stopped: 0.0010676 seconds, Stopping threads took: 0.0006779 seconds
[2022-06-13T03:36:27.438+0000][1][safepoint    ] Application time: 1.0001394 seconds
[2022-06-13T03:36:27.438+0000][1][safepoint    ] Entering safepoint region: Cleanup
[2022-06-13T03:36:27.439+0000][1][safepoint    ] Leaving safepoint region
[2022-06-13T03:36:27.439+0000][1][safepoint    ] Total time for which application threads were stopped: 0.0006527 seconds, Stopping threads took: 0.0002938 seconds
[2022-06-13T03:36:28.439+0000][1][safepoint    ] Application time: 1.0002711 seconds
[2022-06-13T03:36:28.440+0000][1][safepoint    ] Entering safepoint region: Cleanup
[2022-06-13T03:36:28.440+0000][1][safepoint    ] Leaving safepoint region
[2022-06-13T03:36:28.440+0000][1][safepoint    ] Total time for which application threads were stopped: 0.0007439 seconds, Stopping threads took: 0.0003558 seconds
[2022-06-13T03:36:29.441+0000][1][safepoint    ] Application time: 1.0002279 seconds
[2022-06-13T03:36:29.442+0000][1][safepoint    ] Entering safepoint region: Cleanup
[2022-06-13T03:36:29.443+0000][1][safepoint    ] Leaving safepoint region
[2022-06-13T03:36:29.443+0000][1][safepoint    ] Total time for which application threads were stopped: 0.0013578 seconds, Stopping threads took: 0.0006359 seconds
[2022-06-13T03:36:30.444+0000][1][safepoint    ] Application time: 1.0003047 seconds
[2022-06-13T03:36:30.445+0000][1][safepoint    ] Entering safepoint region: Cleanup
[2022-06-13T03:36:30.445+0000][1][safepoint    ] Leaving safepoint region
[2022-06-13T03:36:30.446+0000][1][safepoint    ] Total time for which application threads were stopped: 0.0008840 seconds, Stopping threads took: 0.0004035 seconds
[2022-06-13T03:36:31.446+0000][1][safepoint    ] Application time: 1.0001528 seconds
[2022-06-13T03:36:31.447+0000][1][safepoint    ] Entering safepoint region: Cleanup
[2022-06-13T03:36:31.447+0000][1][safepoint    ] Leaving safepoint region
[2022-06-13T03:36:31.447+0000][1][safepoint    ] Total time for which application threads were stopped: 0.0008076 seconds, Stopping threads took: 0.0003859 seconds
[2022-06-13T03:36:32.448+0000][1][safepoint    ] Application time: 1.0001066 seconds
[2022-06-13T03:36:32.448+0000][1][safepoint    ] Entering safepoint region: Cleanup
[2022-06-13T03:36:32.449+0000][1][safepoint    ] Leaving safepoint region
[2022-06-13T03:36:32.449+0000][1][safepoint    ] Total time for which application threads were stopped: 0.0008534 seconds, Stopping threads took: 0.0003719 seconds
[2022-06-13T03:36:33.450+0000][1][safepoint    ] Application time: 1.0001657 seconds
[2022-06-13T03:36:33.450+0000][1][safepoint    ] Entering safepoint region: Cleanup
[2022-06-13T03:36:33.451+0000][1][safepoint    ] Leaving safepoint region
[2022-06-13T03:36:33.451+0000][1][safepoint    ] Total time for which application threads were stopped: 0.0005380 seconds, Stopping threads took: 0.0003060 seconds
[2022-06-13T03:36:34.451+0000][1][safepoint    ] Application time: 1.0001592 seconds
[2022-06-13T03:36:34.451+0000][1][safepoint    ] Entering safepoint region: Cleanup
[2022-06-13T03:36:34.452+0000][1][safepoint    ] Leaving safepoint region
[2022-06-13T03:36:34.452+0000][1][safepoint    ] Total time for which application threads were stopped: 0.0003064 seconds, Stopping threads took: 0.0001403 seconds
[2022-06-13T03:36:35.452+0000][1][safepoint    ] Application time: 1.0001466 seconds
[2022-06-13T03:36:35.453+0000][1][safepoint    ] Entering safepoint region: Cleanup
[2022-06-13T03:36:35.454+0000][1][safepoint    ] Leaving safepoint region
[2022-06-13T03:36:35.454+0000][1][safepoint    ] Total time for which application threads were stopped: 0.0013533 seconds, Stopping threads took: 0.0006454 seconds
[2022-06-13T03:36:36.455+0000][1][safepoint    ] Application time: 1.0001383 seconds
[2022-06-13T03:36:36.455+0000][1][safepoint    ] Entering safepoint region: Cleanup
[2022-06-13T03:36:36.456+0000][1][safepoint    ] Leaving safepoint region
[2022-06-13T03:36:36.456+0000][1][safepoint    ] Total time for which application threads were stopped: 0.0005506 seconds, Stopping threads took: 0.0002521 seconds
[2022-06-13T03:36:37.456+0000][1][safepoint    ] Application time: 1.0001700 seconds
[2022-06-13T03:36:37.457+0000][1][safepoint    ] Entering safepoint region: Cleanup
[2022-06-13T03:36:37.457+0000][1][safepoint    ] Leaving safepoint region
[2022-06-13T03:36:37.457+0000][1][safepoint    ] Total time for which application threads were stopped: 0.0005231 seconds, Stopping threads took: 0.0002183 seconds
[2022-06-13T03:36:38.458+0000][1][safepoint    ] Application time: 1.0002869 seconds
[2022-06-13T03:36:38.458+0000][1][safepoint    ] Entering safepoint region: Cleanup
[2022-06-13T03:36:38.458+0000][1][safepoint    ] Leaving safepoint region
[2022-06-13T03:36:38.458+0000][1][safepoint    ] Total time for which application threads were stopped: 0.0005581 seconds, Stopping threads took: 0.0003059 seconds
[2022-06-13T03:36:39.459+0000][1][safepoint    ] Application time: 1.0001821 seconds
[2022-06-13T03:36:39.459+0000][1][safepoint    ] Entering safepoint region: Cleanup
[2022-06-13T03:36:39.460+0000][1][safepoint    ] Leaving safepoint region
[2022-06-13T03:36:39.460+0000][1][safepoint    ] Total time for which application threads were stopped: 0.0007433 seconds, Stopping threads took: 0.0003487 seconds
[2022-06-13T03:36:40.461+0000][1][safepoint    ] Application time: 1.0003174 seconds
[2022-06-13T03:36:40.462+0000][1][safepoint    ] Entering safepoint region: Cleanup
[2022-06-13T03:36:40.463+0000][1][safepoint    ] Leaving safepoint region
[2022-06-13T03:36:40.463+0000][1][safepoint    ] Total time for which application threads were stopped: 0.0014147 seconds, Stopping threads took: 0.0006391 seconds
[2022-06-13T03:36:41.464+0000][1][safepoint    ] Application time: 1.0001388 seconds
[2022-06-13T03:36:41.464+0000][1][safepoint    ] Entering safepoint region: Cleanup
[2022-06-13T03:36:41.465+0000][1][safepoint    ] Leaving safepoint region
[2022-06-13T03:36:41.465+0000][1][safepoint    ] Total time for which application threads were stopped: 0.0008377 seconds, Stopping threads took: 0.0003844 seconds
[2022-06-13T03:36:42.466+0000][1][safepoint    ] Application time: 1.0002006 seconds
[2022-06-13T03:36:42.466+0000][1][safepoint    ] Entering safepoint region: Cleanup
[2022-06-13T03:36:42.466+0000][1][safepoint    ] Leaving safepoint region
[2022-06-13T03:36:42.467+0000][1][safepoint    ] Total time for which application threads were stopped: 0.0007445 seconds, Stopping threads took: 0.0003753 seconds
[2022-06-13T03:36:43.467+0000][1][safepoint    ] Application time: 1.0001014 seconds
[2022-06-13T03:36:43.468+0000][1][safepoint    ] Entering safepoint region: Cleanup
[2022-06-13T03:36:43.468+0000][1][safepoint    ] Leaving safepoint region
[2022-06-13T03:36:43.469+0000][1][safepoint    ] Total time for which application threads were stopped: 0.0007134 seconds, Stopping threads took: 0.0004195 seconds
[2022-06-13T03:36:44.469+0000][1][safepoint    ] Application time: 1.0001775 seconds
[2022-06-13T03:36:44.469+0000][1][safepoint    ] Entering safepoint region: Cleanup
[2022-06-13T03:36:44.470+0000][1][safepoint    ] Leaving safepoint region
[2022-06-13T03:36:44.470+0000][1][safepoint    ] Total time for which application threads were stopped: 0.0005861 seconds, Stopping threads took: 0.0002855 seconds
[2022-06-13T03:36:45.470+0000][1][safepoint    ] Application time: 1.0002228 seconds
[2022-06-13T03:36:45.471+0000][1][safepoint    ] Entering safepoint region: Cleanup
[2022-06-13T03:36:45.472+0000][1][safepoint    ] Leaving safepoint region
[2022-06-13T03:36:45.472+0000][1][safepoint    ] Total time for which application threads were stopped: 0.0011643 seconds, Stopping threads took: 0.0005465 seconds
[2022-06-13T03:36:46.473+0000][1][safepoint    ] Application time: 1.0001280 seconds
[2022-06-13T03:36:46.473+0000][1][safepoint    ] Entering safepoint region: Cleanup
[2022-06-13T03:36:46.474+0000][1][safepoint    ] Leaving safepoint region
[2022-06-13T03:36:46.474+0000][1][safepoint    ] Total time for which application threads were stopped: 0.0005954 seconds, Stopping threads took: 0.0002703 seconds
[2022-06-13T03:36:47.474+0000][1][safepoint    ] Application time: 1.0001899 seconds
[2022-06-13T03:36:47.475+0000][1][safepoint    ] Entering safepoint region: Cleanup
[2022-06-13T03:36:47.475+0000][1][safepoint    ] Leaving safepoint region
[2022-06-13T03:36:47.475+0000][1][safepoint    ] Total time for which application threads were stopped: 0.0006547 seconds, Stopping threads took: 0.0002967 seconds
[2022-06-13T03:36:48.476+0000][1][safepoint    ] Application time: 1.0001140 seconds
[2022-06-13T03:36:48.476+0000][1][safepoint    ] Entering safepoint region: Cleanup
[2022-06-13T03:36:48.476+0000][1][safepoint    ] Leaving safepoint region
[2022-06-13T03:36:48.476+0000][1][safepoint    ] Total time for which application threads were stopped: 0.0006038 seconds, Stopping threads took: 0.0002869 seconds
[2022-06-13T03:36:49.477+0000][1][safepoint    ] Application time: 1.0001242 seconds
[2022-06-13T03:36:49.477+0000][1][safepoint    ] Entering safepoint region: Cleanup
[2022-06-13T03:36:49.477+0000][1][safepoint    ] Leaving safepoint region
[2022-06-13T03:36:49.478+0000][1][safepoint    ] Total time for which application threads were stopped: 0.0005492 seconds, Stopping threads took: 0.0002105 seconds
[2022-06-13T03:36:50.478+0000][1][safepoint    ] Application time: 1.0001856 seconds
[2022-06-13T03:36:50.478+0000][1][safepoint    ] Entering safepoint region: Cleanup
[2022-06-13T03:36:50.479+0000][1][safepoint    ] Leaving safepoint region
[2022-06-13T03:36:50.479+0000][1][safepoint    ] Total time for which application threads were stopped: 0.0006042 seconds, Stopping threads took: 0.0002769 seconds
[2022-06-13T03:36:51.479+0000][1][safepoint    ] Application time: 1.0002127 seconds
[2022-06-13T03:36:51.480+0000][1][safepoint    ] Entering safepoint region: Cleanup
[2022-06-13T03:36:51.480+0000][1][safepoint    ] Leaving safepoint region
[2022-06-13T03:36:51.480+0000][1][safepoint    ] Total time for which application threads were stopped: 0.0005334 seconds, Stopping threads took: 0.0002293 seconds
[2022-06-13T03:36:52.480+0000][1][safepoint    ] Application time: 1.0001247 seconds
[2022-06-13T03:36:52.481+0000][1][safepoint    ] Entering safepoint region: Cleanup
[2022-06-13T03:36:52.481+0000][1][safepoint    ] Leaving safepoint region
[2022-06-13T03:36:52.481+0000][1][safepoint    ] Total time for which application threads were stopped: 0.0005768 seconds, Stopping threads took: 0.0002902 seconds
[2022-06-13T03:36:53.482+0000][1][safepoint    ] Application time: 1.0002357 seconds
[2022-06-13T03:36:53.482+0000][1][safepoint    ] Entering safepoint region: Cleanup
[2022-06-13T03:36:53.482+0000][1][safepoint    ] Leaving safepoint region
[2022-06-13T03:36:53.483+0000][1][safepoint    ] Total time for which application threads were stopped: 0.0006656 seconds, Stopping threads took: 0.0003002 seconds
[2022-06-13T03:36:54.483+0000][1][safepoint    ] Application time: 1.0002193 seconds
[2022-06-13T03:36:54.484+0000][1][safepoint    ] Entering safepoint region: Cleanup
[2022-06-13T03:36:54.484+0000][1][safepoint    ] Leaving safepoint region
[2022-06-13T03:36:54.485+0000][1][safepoint    ] Total time for which application threads were stopped: 0.0008364 seconds, Stopping threads took: 0.0004068 seconds
[2022-06-13T03:36:55.485+0000][1][safepoint    ] Application time: 1.0002234 seconds
[2022-06-13T03:36:55.486+0000][1][safepoint    ] Entering safepoint region: Cleanup
[2022-06-13T03:36:55.486+0000][1][safepoint    ] Leaving safepoint region
[2022-06-13T03:36:55.487+0000][1][safepoint    ] Total time for which application threads were stopped: 0.0009791 seconds, Stopping threads took: 0.0004550 seconds
[2022-06-13T03:36:56.487+0000][1][safepoint    ] Application time: 1.0002243 seconds
[2022-06-13T03:36:56.488+0000][1][safepoint    ] Entering safepoint region: Cleanup
[2022-06-13T03:36:56.488+0000][1][safepoint    ] Leaving safepoint region
[2022-06-13T03:36:56.489+0000][1][safepoint    ] Total time for which application threads were stopped: 0.0006080 seconds, Stopping threads took: 0.0003237 seconds
[2022-06-13T03:36:57.489+0000][1][safepoint    ] Application time: 1.0001106 seconds
[2022-06-13T03:36:57.489+0000][1][safepoint    ] Entering safepoint region: Cleanup
[2022-06-13T03:36:57.490+0000][1][safepoint    ] Leaving safepoint region
[2022-06-13T03:36:57.490+0000][1][safepoint    ] Total time for which application threads were stopped: 0.0005450 seconds, Stopping threads took: 0.0002343 seconds
[2022-06-13T03:36:58.490+0000][1][safepoint    ] Application time: 1.0002031 seconds
[2022-06-13T03:36:58.491+0000][1][safepoint    ] Entering safepoint region: Cleanup
[2022-06-13T03:36:58.491+0000][1][safepoint    ] Leaving safepoint region
[2022-06-13T03:36:58.491+0000][1][safepoint    ] Total time for which application threads were stopped: 0.0003249 seconds, Stopping threads took: 0.0001477 seconds
[2022-06-13T03:36:59.492+0000][1][safepoint    ] Application time: 1.0002384 seconds
[2022-06-13T03:36:59.492+0000][1][safepoint    ] Entering safepoint region: Cleanup
[2022-06-13T03:36:59.493+0000][1][safepoint    ] Leaving safepoint region
[2022-06-13T03:36:59.493+0000][1][safepoint    ] Total time for which application threads were stopped: 0.0007720 seconds, Stopping threads took: 0.0003758 seconds
[2022-06-13T03:37:00.493+0000][1][safepoint    ] Application time: 1.0001872 seconds
[2022-06-13T03:37:00.494+0000][1][safepoint    ] Entering safepoint region: Cleanup
[2022-06-13T03:37:00.494+0000][1][safepoint    ] Leaving safepoint region
[2022-06-13T03:37:00.495+0000][1][safepoint    ] Total time for which application threads were stopped: 0.0008112 seconds, Stopping threads took: 0.0003972 seconds
[2022-06-13T03:37:01.495+0000][1][safepoint    ] Application time: 1.0001026 seconds
[2022-06-13T03:37:01.496+0000][1][safepoint    ] Entering safepoint region: Cleanup
[2022-06-13T03:37:01.496+0000][1][safepoint    ] Leaving safepoint region
[2022-06-13T03:37:01.496+0000][1][safepoint    ] Total time for which application threads were stopped: 0.0006267 seconds, Stopping threads took: 0.0003006 seconds
[2022-06-13T03:37:02.497+0000][1][safepoint    ] Application time: 1.0002920 seconds
[2022-06-13T03:37:02.497+0000][1][safepoint    ] Entering safepoint region: Cleanup
[2022-06-13T03:37:02.498+0000][1][safepoint    ] Leaving safepoint region
[2022-06-13T03:37:02.498+0000][1][safepoint    ] Total time for which application threads were stopped: 0.0005375 seconds, Stopping threads took: 0.0002672 seconds
[2022-06-13T03:37:03.498+0000][1][safepoint    ] Application time: 1.0002414 seconds
[2022-06-13T03:37:03.499+0000][1][safepoint    ] Entering safepoint region: Cleanup
[2022-06-13T03:37:03.499+0000][1][safepoint    ] Leaving safepoint region
[2022-06-13T03:37:03.500+0000][1][safepoint    ] Total time for which application threads were stopped: 0.0008087 seconds, Stopping threads took: 0.0003850 seconds
[2022-06-13T03:37:04.500+0000][1][safepoint    ] Application time: 1.0001617 seconds
[2022-06-13T03:37:04.501+0000][1][safepoint    ] Entering safepoint region: Cleanup
[2022-06-13T03:37:04.501+0000][1][safepoint    ] Leaving safepoint region
[2022-06-13T03:37:04.501+0000][1][safepoint    ] Total time for which application threads were stopped: 0.0005792 seconds, Stopping threads took: 0.0002961 seconds
[2022-06-13T03:37:05.502+0000][1][safepoint    ] Application time: 1.0002071 seconds
[2022-06-13T03:37:05.502+0000][1][safepoint    ] Entering safepoint region: Cleanup
[2022-06-13T03:37:05.503+0000][1][safepoint    ] Leaving safepoint region
[2022-06-13T03:37:05.503+0000][1][safepoint    ] Total time for which application threads were stopped: 0.0010080 seconds, Stopping threads took: 0.0004923 seconds
[2022-06-13T03:37:06.504+0000][1][safepoint    ] Application time: 1.0003185 seconds
[2022-06-13T03:37:06.505+0000][1][safepoint    ] Entering safepoint region: Cleanup
[2022-06-13T03:37:06.506+0000][1][safepoint    ] Leaving safepoint region
[2022-06-13T03:37:06.506+0000][1][safepoint    ] Total time for which application threads were stopped: 0.0012208 seconds, Stopping threads took: 0.0007572 seconds
[2022-06-13T03:37:07.507+0000][1][safepoint    ] Application time: 1.0001280 seconds
[2022-06-13T03:37:07.507+0000][1][safepoint    ] Entering safepoint region: Cleanup
[2022-06-13T03:37:07.507+0000][1][safepoint    ] Leaving safepoint region
[2022-06-13T03:37:07.507+0000][1][safepoint    ] Total time for which application threads were stopped: 0.0004857 seconds, Stopping threads took: 0.0001553 seconds
[2022-06-13T03:37:08.508+0000][1][safepoint    ] Application time: 1.0001409 seconds
[2022-06-13T03:37:08.508+0000][1][safepoint    ] Entering safepoint region: Cleanup
[2022-06-13T03:37:08.509+0000][1][safepoint    ] Leaving safepoint region
[2022-06-13T03:37:08.509+0000][1][safepoint    ] Total time for which application threads were stopped: 0.0008429 seconds, Stopping threads took: 0.0004210 seconds
[2022-06-13T03:37:09.510+0000][1][safepoint    ] Application time: 1.0002402 seconds
[2022-06-13T03:37:09.510+0000][1][safepoint    ] Entering safepoint region: Cleanup
[2022-06-13T03:37:09.510+0000][1][safepoint    ] Leaving safepoint region
[2022-06-13T03:37:09.511+0000][1][safepoint    ] Total time for which application threads were stopped: 0.0004910 seconds, Stopping threads took: 0.0002416 seconds
[2022-06-13T03:37:10.511+0000][1][safepoint    ] Application time: 1.0002022 seconds
[2022-06-13T03:37:10.511+0000][1][safepoint    ] Entering safepoint region: Cleanup
[2022-06-13T03:37:10.512+0000][1][safepoint    ] Leaving safepoint region
[2022-06-13T03:37:10.512+0000][1][safepoint    ] Total time for which application threads were stopped: 0.0005218 seconds, Stopping threads took: 0.0003003 seconds
[2022-06-13T03:37:11.513+0000][1][safepoint    ] Application time: 1.0005062 seconds
[2022-06-13T03:37:11.513+0000][1][safepoint    ] Entering safepoint region: Cleanup
[2022-06-13T03:37:11.514+0000][1][safepoint    ] Leaving safepoint region
[2022-06-13T03:37:11.514+0000][1][safepoint    ] Total time for which application threads were stopped: 0.0008830 seconds, Stopping threads took: 0.0004064 seconds
[2022-06-13T03:37:12.515+0000][1][safepoint    ] Application time: 1.0002194 seconds
[2022-06-13T03:37:12.515+0000][1][safepoint    ] Entering safepoint region: Cleanup
[2022-06-13T03:37:12.516+0000][1][safepoint    ] Leaving safepoint region
[2022-06-13T03:37:12.516+0000][1][safepoint    ] Total time for which application threads were stopped: 0.0008798 seconds, Stopping threads took: 0.0004417 seconds
[2022-06-13T03:37:13.517+0000][1][safepoint    ] Application time: 1.0003172 seconds
[2022-06-13T03:37:13.517+0000][1][safepoint    ] Entering safepoint region: Cleanup
[2022-06-13T03:37:13.518+0000][1][safepoint    ] Leaving safepoint region
[2022-06-13T03:37:13.519+0000][1][safepoint    ] Total time for which application threads were stopped: 0.0012280 seconds, Stopping threads took: 0.0006884 seconds
[2022-06-13T03:37:14.519+0000][1][safepoint    ] Application time: 1.0002258 seconds
[2022-06-13T03:37:14.520+0000][1][safepoint    ] Entering safepoint region: Cleanup
[2022-06-13T03:37:14.520+0000][1][safepoint    ] Leaving safepoint region
[2022-06-13T03:37:14.521+0000][1][safepoint    ] Total time for which application threads were stopped: 0.0007706 seconds, Stopping threads took: 0.0003503 seconds
[2022-06-13T03:37:15.521+0000][1][safepoint    ] Application time: 1.0002877 seconds
[2022-06-13T03:37:15.522+0000][1][safepoint    ] Entering safepoint region: Cleanup
[2022-06-13T03:37:15.522+0000][1][safepoint    ] Leaving safepoint region
[2022-06-13T03:37:15.522+0000][1][safepoint    ] Total time for which application threads were stopped: 0.0006317 seconds, Stopping threads took: 0.0002937 seconds
[2022-06-13T03:37:16.523+0000][1][safepoint    ] Application time: 1.0002550 seconds
[2022-06-13T03:37:16.523+0000][1][safepoint    ] Entering safepoint region: Cleanup
[2022-06-13T03:37:16.524+0000][1][safepoint    ] Leaving safepoint region
[2022-06-13T03:37:16.524+0000][1][safepoint    ] Total time for which application threads were stopped: 0.0007845 seconds, Stopping threads took: 0.0003535 seconds
[2022-06-13T03:37:17.525+0000][1][safepoint    ] Application time: 1.0001872 seconds
[2022-06-13T03:37:17.525+0000][1][safepoint    ] Entering safepoint region: Cleanup
[2022-06-13T03:37:17.525+0000][1][safepoint    ] Leaving safepoint region
[2022-06-13T03:37:17.526+0000][1][safepoint    ] Total time for which application threads were stopped: 0.0006297 seconds, Stopping threads took: 0.0002840 seconds
[2022-06-13T03:37:18.526+0000][1][safepoint    ] Application time: 1.0003234 seconds
[2022-06-13T03:37:18.527+0000][1][safepoint    ] Entering safepoint region: Cleanup
[2022-06-13T03:37:18.528+0000][1][safepoint    ] Leaving safepoint region
[2022-06-13T03:37:18.528+0000][1][safepoint    ] Total time for which application threads were stopped: 0.0011337 seconds, Stopping threads took: 0.0006239 seconds
[2022-06-13T03:37:19.529+0000][1][safepoint    ] Application time: 1.0002800 seconds
[2022-06-13T03:37:19.529+0000][1][safepoint    ] Entering safepoint region: Cleanup
[2022-06-13T03:37:19.530+0000][1][safepoint    ] Leaving safepoint region
[2022-06-13T03:37:19.531+0000][1][safepoint    ] Total time for which application threads were stopped: 0.0015171 seconds, Stopping threads took: 0.0007306 seconds
[2022-06-13T03:37:20.532+0000][1][safepoint    ] Application time: 1.0002244 seconds
[2022-06-13T03:37:20.532+0000][1][safepoint    ] Entering safepoint region: Cleanup
[2022-06-13T03:37:20.533+0000][1][safepoint    ] Leaving safepoint region
[2022-06-13T03:37:20.533+0000][1][safepoint    ] Total time for which application threads were stopped: 0.0006601 seconds, Stopping threads took: 0.0003025 seconds
[2022-06-13T03:37:21.533+0000][1][safepoint    ] Application time: 1.0001508 seconds
[2022-06-13T03:37:21.534+0000][1][safepoint    ] Entering safepoint region: Cleanup
[2022-06-13T03:37:21.534+0000][1][safepoint    ] Leaving safepoint region
[2022-06-13T03:37:21.535+0000][1][safepoint    ] Total time for which application threads were stopped: 0.0007794 seconds, Stopping threads took: 0.0003426 seconds
[2022-06-13T03:37:22.535+0000][1][safepoint    ] Application time: 1.0001284 seconds
[2022-06-13T03:37:22.536+0000][1][safepoint    ] Entering safepoint region: Cleanup
[2022-06-13T03:37:22.536+0000][1][safepoint    ] Leaving safepoint region
[2022-06-13T03:37:22.537+0000][1][safepoint    ] Total time for which application threads were stopped: 0.0010161 seconds, Stopping threads took: 0.0003948 seconds
[2022-06-13T03:37:23.538+0000][1][safepoint    ] Application time: 1.0003552 seconds
[2022-06-13T03:37:23.538+0000][1][safepoint    ] Entering safepoint region: Cleanup
[2022-06-13T03:37:23.539+0000][1][safepoint    ] Leaving safepoint region
[2022-06-13T03:37:23.539+0000][1][safepoint    ] Total time for which application threads were stopped: 0.0011902 seconds, Stopping threads took: 0.0005224 seconds
[2022-06-13T03:37:24.540+0000][1][safepoint    ] Application time: 1.0004023 seconds
[2022-06-13T03:37:24.541+0000][1][safepoint    ] Entering safepoint region: Cleanup
[2022-06-13T03:37:24.541+0000][1][safepoint    ] Leaving safepoint region
[2022-06-13T03:37:24.542+0000][1][safepoint    ] Total time for which application threads were stopped: 0.0010609 seconds, Stopping threads took: 0.0002527 seconds
[2022-06-13T03:37:25.103+0000][1][safepoint    ] Application time: 0.5608917 seconds
[2022-06-13T03:37:25.104+0000][1][safepoint    ] Entering safepoint region: GenCollectForAllocation
[2022-06-13T03:37:25.104+0000][1][gc,start     ] GC(24) Pause Young (Allocation Failure)
[2022-06-13T03:37:25.104+0000][1][gc,task      ] GC(24) Using 5 workers of 13 for evacuation
[2022-06-13T03:37:25.107+0000][1][gc,age       ] GC(24) Desired survivor size 4456448 bytes, new threshold 6 (max threshold 6)
[2022-06-13T03:37:25.107+0000][1][gc,age       ] GC(24) Age table with threshold 6 (max threshold 6)
[2022-06-13T03:37:25.107+0000][1][gc,age       ] GC(24) - age   1:      17400 bytes,      17400 total
[2022-06-13T03:37:25.108+0000][1][gc,age       ] GC(24) - age   2:      90408 bytes,     107808 total
[2022-06-13T03:37:25.108+0000][1][gc,age       ] GC(24) - age   3:    2328656 bytes,    2436464 total
[2022-06-13T03:37:25.108+0000][1][gc,heap      ] GC(24) ParNew: 75839K->2831K(78656K)
[2022-06-13T03:37:25.109+0000][1][gc,heap      ] GC(24) CMS: 68333K->68333K(174784K)
[2022-06-13T03:37:25.109+0000][1][gc,metaspace ] GC(24) Metaspace: 68027K->68027K(1112064K)
[2022-06-13T03:37:25.110+0000][1][gc           ] GC(24) Pause Young (Allocation Failure) 140M->69M(247M) 5.624ms
[2022-06-13T03:37:25.110+0000][1][gc,cpu       ] GC(24) User=0.01s Sys=0.00s Real=0.01s
[2022-06-13T03:37:25.110+0000][1][safepoint    ] Leaving safepoint region
[2022-06-13T03:37:25.111+0000][1][safepoint    ] Total time for which application threads were stopped: 0.0071437 seconds, Stopping threads took: 0.0003150 seconds
[2022-06-13T03:37:26.111+0000][1][safepoint    ] Application time: 1.0003365 seconds
[2022-06-13T03:37:26.112+0000][1][safepoint    ] Entering safepoint region: Cleanup
[2022-06-13T03:37:26.113+0000][1][safepoint    ] Leaving safepoint region
[2022-06-13T03:37:26.113+0000][1][safepoint    ] Total time for which application threads were stopped: 0.0012251 seconds, Stopping threads took: 0.0005425 seconds
[2022-06-13T03:37:27.114+0000][1][safepoint    ] Application time: 1.0001703 seconds
[2022-06-13T03:37:27.114+0000][1][safepoint    ] Entering safepoint region: Cleanup
[2022-06-13T03:37:27.115+0000][1][safepoint    ] Leaving safepoint region
[2022-06-13T03:37:27.115+0000][1][safepoint    ] Total time for which application threads were stopped: 0.0008609 seconds, Stopping threads took: 0.0003704 seconds
[2022-06-13T03:37:28.116+0000][1][safepoint    ] Application time: 1.0001968 seconds
[2022-06-13T03:37:28.116+0000][1][safepoint    ] Entering safepoint region: Cleanup
[2022-06-13T03:37:28.117+0000][1][safepoint    ] Leaving safepoint region
[2022-06-13T03:37:28.117+0000][1][safepoint    ] Total time for which application threads were stopped: 0.0007179 seconds, Stopping threads took: 0.0003523 seconds
[2022-06-13T03:37:29.118+0000][1][safepoint    ] Application time: 1.0002496 seconds
[2022-06-13T03:37:29.118+0000][1][safepoint    ] Entering safepoint region: Cleanup
[2022-06-13T03:37:29.119+0000][1][safepoint    ] Leaving safepoint region
[2022-06-13T03:37:29.120+0000][1][safepoint    ] Total time for which application threads were stopped: 0.0013744 seconds, Stopping threads took: 0.0006275 seconds
[2022-06-13T03:37:30.120+0000][1][safepoint    ] Application time: 1.0003804 seconds
[2022-06-13T03:37:30.156+0000][1][safepoint    ] Entering safepoint region: Cleanup
[2022-06-13T03:37:30.156+0000][1][safepoint    ] Leaving safepoint region
[2022-06-13T03:37:30.157+0000][1][safepoint    ] Total time for which application threads were stopped: 0.0008048 seconds, Stopping threads took: 0.0005239 seconds
[2022-06-13T03:37:31.157+0000][1][safepoint    ] Application time: 1.0002034 seconds
[2022-06-13T03:37:31.158+0000][1][safepoint    ] Entering safepoint region: Cleanup
[2022-06-13T03:37:31.158+0000][1][safepoint    ] Leaving safepoint region
[2022-06-13T03:37:31.159+0000][1][safepoint    ] Total time for which application threads were stopped: 0.0009065 seconds, Stopping threads took: 0.0004195 seconds
[2022-06-13T03:37:32.159+0000][1][safepoint    ] Application time: 1.0001169 seconds
[2022-06-13T03:37:32.160+0000][1][safepoint    ] Entering safepoint region: Cleanup
[2022-06-13T03:37:32.160+0000][1][safepoint    ] Leaving safepoint region
[2022-06-13T03:37:32.160+0000][1][safepoint    ] Total time for which application threads were stopped: 0.0005942 seconds, Stopping threads took: 0.0003384 seconds
[2022-06-13T03:37:33.161+0000][1][safepoint    ] Application time: 1.0002175 seconds
[2022-06-13T03:37:33.161+0000][1][safepoint    ] Entering safepoint region: Cleanup
[2022-06-13T03:37:33.162+0000][1][safepoint    ] Leaving safepoint region
[2022-06-13T03:37:33.162+0000][1][safepoint    ] Total time for which application threads were stopped: 0.0006878 seconds, Stopping threads took: 0.0003979 seconds
[2022-06-13T03:37:34.162+0000][1][safepoint    ] Application time: 1.0003168 seconds
[2022-06-13T03:37:34.163+0000][1][safepoint    ] Entering safepoint region: Cleanup
[2022-06-13T03:37:34.164+0000][1][safepoint    ] Leaving safepoint region
[2022-06-13T03:37:34.165+0000][1][safepoint    ] Total time for which application threads were stopped: 0.0014212 seconds, Stopping threads took: 0.0006337 seconds
[2022-06-13T03:37:35.166+0000][1][safepoint    ] Application time: 1.0001940 seconds
[2022-06-13T03:37:35.166+0000][1][safepoint    ] Entering safepoint region: Cleanup
[2022-06-13T03:37:35.166+0000][1][safepoint    ] Leaving safepoint region
[2022-06-13T03:37:35.166+0000][1][safepoint    ] Total time for which application threads were stopped: 0.0004045 seconds, Stopping threads took: 0.0001859 seconds
[2022-06-13T03:37:36.167+0000][1][safepoint    ] Application time: 1.0002773 seconds
[2022-06-13T03:37:36.167+0000][1][safepoint    ] Entering safepoint region: Cleanup
[2022-06-13T03:37:36.168+0000][1][safepoint    ] Leaving safepoint region
[2022-06-13T03:37:36.168+0000][1][safepoint    ] Total time for which application threads were stopped: 0.0005712 seconds, Stopping threads took: 0.0002596 seconds
[2022-06-13T03:37:37.168+0000][1][safepoint    ] Application time: 1.0001151 seconds
[2022-06-13T03:37:37.169+0000][1][safepoint    ] Entering safepoint region: Cleanup
[2022-06-13T03:37:37.169+0000][1][safepoint    ] Leaving safepoint region
[2022-06-13T03:37:37.169+0000][1][safepoint    ] Total time for which application threads were stopped: 0.0006080 seconds, Stopping threads took: 0.0002532 seconds
[2022-06-13T03:37:38.170+0000][1][safepoint    ] Application time: 1.0001606 seconds
[2022-06-13T03:37:38.170+0000][1][safepoint    ] Entering safepoint region: Cleanup
[2022-06-13T03:37:38.171+0000][1][safepoint    ] Leaving safepoint region
[2022-06-13T03:37:38.171+0000][1][safepoint    ] Total time for which application threads were stopped: 0.0008937 seconds, Stopping threads took: 0.0004020 seconds
[2022-06-13T03:37:39.172+0000][1][safepoint    ] Application time: 1.0001928 seconds
[2022-06-13T03:37:39.172+0000][1][safepoint    ] Entering safepoint region: Cleanup
[2022-06-13T03:37:39.172+0000][1][safepoint    ] Leaving safepoint region
[2022-06-13T03:37:39.173+0000][1][safepoint    ] Total time for which application threads were stopped: 0.0007365 seconds, Stopping threads took: 0.0003261 seconds
[2022-06-13T03:37:40.173+0000][1][safepoint    ] Application time: 1.0001065 seconds
[2022-06-13T03:37:40.174+0000][1][safepoint    ] Entering safepoint region: Cleanup
[2022-06-13T03:37:40.174+0000][1][safepoint    ] Leaving safepoint region
[2022-06-13T03:37:40.174+0000][1][safepoint    ] Total time for which application threads were stopped: 0.0007564 seconds, Stopping threads took: 0.0003656 seconds
[2022-06-13T03:37:41.175+0000][1][safepoint    ] Application time: 1.0002627 seconds
[2022-06-13T03:37:41.175+0000][1][safepoint    ] Entering safepoint region: Cleanup
[2022-06-13T03:37:41.176+0000][1][safepoint    ] Leaving safepoint region
[2022-06-13T03:37:41.176+0000][1][safepoint    ] Total time for which application threads were stopped: 0.0009522 seconds, Stopping threads took: 0.0003458 seconds
[2022-06-13T03:37:42.177+0000][1][safepoint    ] Application time: 1.0002146 seconds
[2022-06-13T03:37:42.178+0000][1][safepoint    ] Entering safepoint region: Cleanup
[2022-06-13T03:37:42.178+0000][1][safepoint    ] Leaving safepoint region
[2022-06-13T03:37:42.179+0000][1][safepoint    ] Total time for which application threads were stopped: 0.0012375 seconds, Stopping threads took: 0.0005911 seconds
[2022-06-13T03:37:43.180+0000][1][safepoint    ] Application time: 1.0002100 seconds
[2022-06-13T03:37:43.180+0000][1][safepoint    ] Entering safepoint region: Cleanup
[2022-06-13T03:37:43.180+0000][1][safepoint    ] Leaving safepoint region
[2022-06-13T03:37:43.181+0000][1][safepoint    ] Total time for which application threads were stopped: 0.0005364 seconds, Stopping threads took: 0.0002070 seconds
[2022-06-13T03:37:44.181+0000][1][safepoint    ] Application time: 1.0001824 seconds
[2022-06-13T03:37:44.182+0000][1][safepoint    ] Entering safepoint region: Cleanup
[2022-06-13T03:37:44.182+0000][1][safepoint    ] Leaving safepoint region
[2022-06-13T03:37:44.183+0000][1][safepoint    ] Total time for which application threads were stopped: 0.0009699 seconds, Stopping threads took: 0.0004459 seconds
[2022-06-13T03:37:45.183+0000][1][safepoint    ] Application time: 1.0001083 seconds
[2022-06-13T03:37:45.184+0000][1][safepoint    ] Entering safepoint region: Cleanup
[2022-06-13T03:37:45.184+0000][1][safepoint    ] Leaving safepoint region
[2022-06-13T03:37:45.184+0000][1][safepoint    ] Total time for which application threads were stopped: 0.0005376 seconds, Stopping threads took: 0.0002940 seconds
[2022-06-13T03:37:46.185+0000][1][safepoint    ] Application time: 1.0002309 seconds
[2022-06-13T03:37:46.185+0000][1][safepoint    ] Entering safepoint region: Cleanup
[2022-06-13T03:37:46.186+0000][1][safepoint    ] Leaving safepoint region
[2022-06-13T03:37:46.186+0000][1][safepoint    ] Total time for which application threads were stopped: 0.0009304 seconds, Stopping threads took: 0.0004053 seconds
[2022-06-13T03:37:47.187+0000][1][safepoint    ] Application time: 1.0002551 seconds
[2022-06-13T03:37:47.187+0000][1][safepoint    ] Entering safepoint region: Cleanup
[2022-06-13T03:37:47.188+0000][1][safepoint    ] Leaving safepoint region
[2022-06-13T03:37:47.188+0000][1][safepoint    ] Total time for which application threads were stopped: 0.0009068 seconds, Stopping threads took: 0.0004134 seconds
[2022-06-13T03:37:48.189+0000][1][safepoint    ] Application time: 1.0002568 seconds
[2022-06-13T03:37:48.189+0000][1][safepoint    ] Entering safepoint region: Cleanup
[2022-06-13T03:37:48.190+0000][1][safepoint    ] Leaving safepoint region
[2022-06-13T03:37:48.190+0000][1][safepoint    ] Total time for which application threads were stopped: 0.0006746 seconds, Stopping threads took: 0.0003133 seconds
[2022-06-13T03:37:49.191+0000][1][safepoint    ] Application time: 1.0003498 seconds
[2022-06-13T03:37:49.191+0000][1][safepoint    ] Entering safepoint region: Cleanup
[2022-06-13T03:37:49.191+0000][1][safepoint    ] Leaving safepoint region
[2022-06-13T03:37:49.192+0000][1][safepoint    ] Total time for which application threads were stopped: 0.0007437 seconds, Stopping threads took: 0.0003147 seconds
[2022-06-13T03:37:50.192+0000][1][safepoint    ] Application time: 1.0001825 seconds
[2022-06-13T03:37:50.193+0000][1][safepoint    ] Entering safepoint region: Cleanup
[2022-06-13T03:37:50.193+0000][1][safepoint    ] Leaving safepoint region
[2022-06-13T03:37:50.193+0000][1][safepoint    ] Total time for which application threads were stopped: 0.0009020 seconds, Stopping threads took: 0.0003711 seconds
[2022-06-13T03:37:51.194+0000][1][safepoint    ] Application time: 1.0001923 seconds
[2022-06-13T03:37:51.195+0000][1][safepoint    ] Entering safepoint region: Cleanup
[2022-06-13T03:37:51.195+0000][1][safepoint    ] Leaving safepoint region
[2022-06-13T03:37:51.195+0000][1][safepoint    ] Total time for which application threads were stopped: 0.0007507 seconds, Stopping threads took: 0.0003864 seconds
[2022-06-13T03:37:52.196+0000][1][safepoint    ] Application time: 1.0001536 seconds
[2022-06-13T03:37:52.196+0000][1][safepoint    ] Entering safepoint region: Cleanup
[2022-06-13T03:37:52.197+0000][1][safepoint    ] Leaving safepoint region
[2022-06-13T03:37:52.197+0000][1][safepoint    ] Total time for which application threads were stopped: 0.0007346 seconds, Stopping threads took: 0.0003820 seconds
[2022-06-13T03:37:53.197+0000][1][safepoint    ] Application time: 1.0002623 seconds
[2022-06-13T03:37:53.198+0000][1][safepoint    ] Entering safepoint region: Cleanup
[2022-06-13T03:37:53.198+0000][1][safepoint    ] Leaving safepoint region
[2022-06-13T03:37:53.199+0000][1][safepoint    ] Total time for which application threads were stopped: 0.0008147 seconds, Stopping threads took: 0.0003879 seconds
[2022-06-13T03:37:54.200+0000][1][safepoint    ] Application time: 1.0002198 seconds
[2022-06-13T03:37:54.200+0000][1][safepoint    ] Entering safepoint region: Cleanup
[2022-06-13T03:37:54.200+0000][1][safepoint    ] Leaving safepoint region
[2022-06-13T03:37:54.201+0000][1][safepoint    ] Total time for which application threads were stopped: 0.0006897 seconds, Stopping threads took: 0.0003227 seconds
[2022-06-13T03:37:55.201+0000][1][safepoint    ] Application time: 1.0001747 seconds
[2022-06-13T03:37:55.202+0000][1][safepoint    ] Entering safepoint region: Cleanup
[2022-06-13T03:37:55.202+0000][1][safepoint    ] Leaving safepoint region
[2022-06-13T03:37:55.203+0000][1][safepoint    ] Total time for which application threads were stopped: 0.0008798 seconds, Stopping threads took: 0.0003801 seconds
[2022-06-13T03:37:56.203+0000][1][safepoint    ] Application time: 1.0001820 seconds
[2022-06-13T03:37:56.204+0000][1][safepoint    ] Entering safepoint region: Cleanup
[2022-06-13T03:37:56.204+0000][1][safepoint    ] Leaving safepoint region
[2022-06-13T03:37:56.205+0000][1][safepoint    ] Total time for which application threads were stopped: 0.0009897 seconds, Stopping threads took: 0.0004783 seconds
[2022-06-13T03:37:57.205+0000][1][safepoint    ] Application time: 1.0003097 seconds
[2022-06-13T03:37:57.206+0000][1][safepoint    ] Entering safepoint region: Cleanup
[2022-06-13T03:37:57.207+0000][1][safepoint    ] Leaving safepoint region
[2022-06-13T03:37:57.207+0000][1][safepoint    ] Total time for which application threads were stopped: 0.0012848 seconds, Stopping threads took: 0.0005775 seconds
[2022-06-13T03:37:58.208+0000][1][safepoint    ] Application time: 1.0002786 seconds
[2022-06-13T03:37:58.209+0000][1][safepoint    ] Entering safepoint region: Cleanup
[2022-06-13T03:37:58.210+0000][1][safepoint    ] Leaving safepoint region
[2022-06-13T03:37:58.210+0000][1][safepoint    ] Total time for which application threads were stopped: 0.0012015 seconds, Stopping threads took: 0.0004848 seconds
[2022-06-13T03:37:59.211+0000][1][safepoint    ] Application time: 1.0002212 seconds
[2022-06-13T03:37:59.212+0000][1][safepoint    ] Entering safepoint region: Cleanup
[2022-06-13T03:37:59.212+0000][1][safepoint    ] Leaving safepoint region
[2022-06-13T03:37:59.213+0000][1][safepoint    ] Total time for which application threads were stopped: 0.0014267 seconds, Stopping threads took: 0.0006893 seconds
[2022-06-13T03:38:00.214+0000][1][safepoint    ] Application time: 1.0001408 seconds
[2022-06-13T03:38:00.214+0000][1][safepoint    ] Entering safepoint region: Cleanup
[2022-06-13T03:38:00.214+0000][1][safepoint    ] Leaving safepoint region
[2022-06-13T03:38:00.215+0000][1][safepoint    ] Total time for which application threads were stopped: 0.0005777 seconds, Stopping threads took: 0.0002762 seconds
[2022-06-13T03:38:01.215+0000][1][safepoint    ] Application time: 1.0001812 seconds
[2022-06-13T03:38:01.215+0000][1][safepoint    ] Entering safepoint region: Cleanup
[2022-06-13T03:38:01.216+0000][1][safepoint    ] Leaving safepoint region
[2022-06-13T03:38:01.216+0000][1][safepoint    ] Total time for which application threads were stopped: 0.0005645 seconds, Stopping threads took: 0.0003018 seconds
[2022-06-13T03:38:02.216+0000][1][safepoint    ] Application time: 1.0001854 seconds
[2022-06-13T03:38:02.217+0000][1][safepoint    ] Entering safepoint region: Cleanup
[2022-06-13T03:38:02.217+0000][1][safepoint    ] Leaving safepoint region
[2022-06-13T03:38:02.218+0000][1][safepoint    ] Total time for which application threads were stopped: 0.0009166 seconds, Stopping threads took: 0.0004424 seconds
[2022-06-13T03:38:03.218+0000][1][safepoint    ] Application time: 1.0002272 seconds
[2022-06-13T03:38:03.219+0000][1][safepoint    ] Entering safepoint region: Cleanup
[2022-06-13T03:38:03.219+0000][1][safepoint    ] Leaving safepoint region
[2022-06-13T03:38:03.220+0000][1][safepoint    ] Total time for which application threads were stopped: 0.0010904 seconds, Stopping threads took: 0.0004772 seconds
[2022-06-13T03:38:04.221+0000][1][safepoint    ] Application time: 1.0001850 seconds
[2022-06-13T03:38:04.221+0000][1][safepoint    ] Entering safepoint region: Cleanup
[2022-06-13T03:38:04.221+0000][1][safepoint    ] Leaving safepoint region
[2022-06-13T03:38:04.222+0000][1][safepoint    ] Total time for which application threads were stopped: 0.0005988 seconds, Stopping threads took: 0.0002352 seconds
[2022-06-13T03:38:05.222+0000][1][safepoint    ] Application time: 1.0001924 seconds
[2022-06-13T03:38:05.222+0000][1][safepoint    ] Entering safepoint region: Cleanup
[2022-06-13T03:38:05.223+0000][1][safepoint    ] Leaving safepoint region
[2022-06-13T03:38:05.223+0000][1][safepoint    ] Total time for which application threads were stopped: 0.0008152 seconds, Stopping threads took: 0.0004304 seconds
[2022-06-13T03:38:06.224+0000][1][safepoint    ] Application time: 1.0002043 seconds
[2022-06-13T03:38:06.225+0000][1][safepoint    ] Entering safepoint region: Cleanup
[2022-06-13T03:38:06.226+0000][1][safepoint    ] Leaving safepoint region
[2022-06-13T03:38:06.226+0000][1][safepoint    ] Total time for which application threads were stopped: 0.0018889 seconds, Stopping threads took: 0.0011125 seconds
[2022-06-13T03:38:07.227+0000][1][safepoint    ] Application time: 1.0001420 seconds
[2022-06-13T03:38:07.228+0000][1][safepoint    ] Entering safepoint region: Cleanup
[2022-06-13T03:38:07.228+0000][1][safepoint    ] Leaving safepoint region
[2022-06-13T03:38:07.229+0000][1][safepoint    ] Total time for which application threads were stopped: 0.0010171 seconds, Stopping threads took: 0.0004455 seconds
[2022-06-13T03:38:08.229+0000][1][safepoint    ] Application time: 1.0001927 seconds
[2022-06-13T03:38:08.230+0000][1][safepoint    ] Entering safepoint region: Cleanup
[2022-06-13T03:38:08.230+0000][1][safepoint    ] Leaving safepoint region
[2022-06-13T03:38:08.230+0000][1][safepoint    ] Total time for which application threads were stopped: 0.0007018 seconds, Stopping threads took: 0.0003972 seconds
[2022-06-13T03:38:09.231+0000][1][safepoint    ] Application time: 1.0002583 seconds
[2022-06-13T03:38:09.232+0000][1][safepoint    ] Entering safepoint region: Cleanup
[2022-06-13T03:38:09.233+0000][1][safepoint    ] Leaving safepoint region
[2022-06-13T03:38:09.233+0000][1][safepoint    ] Total time for which application threads were stopped: 0.0014560 seconds, Stopping threads took: 0.0007034 seconds
[2022-06-13T03:38:10.234+0000][1][safepoint    ] Application time: 1.0001480 seconds
[2022-06-13T03:38:10.234+0000][1][safepoint    ] Entering safepoint region: Cleanup
[2022-06-13T03:38:10.235+0000][1][safepoint    ] Leaving safepoint region
[2022-06-13T03:38:10.235+0000][1][safepoint    ] Total time for which application threads were stopped: 0.0008895 seconds, Stopping threads took: 0.0003894 seconds
[2022-06-13T03:38:11.236+0000][1][safepoint    ] Application time: 1.0001712 seconds
[2022-06-13T03:38:11.236+0000][1][safepoint    ] Entering safepoint region: Cleanup
[2022-06-13T03:38:11.237+0000][1][safepoint    ] Leaving safepoint region
[2022-06-13T03:38:11.237+0000][1][safepoint    ] Total time for which application threads were stopped: 0.0007687 seconds, Stopping threads took: 0.0003642 seconds
[2022-06-13T03:38:12.238+0000][1][safepoint    ] Application time: 1.0001784 seconds
[2022-06-13T03:38:12.238+0000][1][safepoint    ] Entering safepoint region: Cleanup
[2022-06-13T03:38:12.239+0000][1][safepoint    ] Leaving safepoint region
[2022-06-13T03:38:12.239+0000][1][safepoint    ] Total time for which application threads were stopped: 0.0008496 seconds, Stopping threads took: 0.0004387 seconds
[2022-06-13T03:38:13.239+0000][1][safepoint    ] Application time: 1.0003258 seconds
[2022-06-13T03:38:13.240+0000][1][safepoint    ] Entering safepoint region: Cleanup
[2022-06-13T03:38:13.241+0000][1][safepoint    ] Leaving safepoint region
[2022-06-13T03:38:13.241+0000][1][safepoint    ] Total time for which application threads were stopped: 0.0011491 seconds, Stopping threads took: 0.0005554 seconds
[2022-06-13T03:38:14.242+0000][1][safepoint    ] Application time: 1.0002736 seconds
[2022-06-13T03:38:14.243+0000][1][safepoint    ] Entering safepoint region: Cleanup
[2022-06-13T03:38:14.244+0000][1][safepoint    ] Leaving safepoint region
[2022-06-13T03:38:14.244+0000][1][safepoint    ] Total time for which application threads were stopped: 0.0013594 seconds, Stopping threads took: 0.0006559 seconds
[2022-06-13T03:38:15.245+0000][1][safepoint    ] Application time: 1.0001338 seconds
[2022-06-13T03:38:15.245+0000][1][safepoint    ] Entering safepoint region: Cleanup
[2022-06-13T03:38:15.246+0000][1][safepoint    ] Leaving safepoint region
[2022-06-13T03:38:15.246+0000][1][safepoint    ] Total time for which application threads were stopped: 0.0007628 seconds, Stopping threads took: 0.0002763 seconds
[2022-06-13T03:38:16.247+0000][1][safepoint    ] Application time: 1.0002177 seconds
[2022-06-13T03:38:16.247+0000][1][safepoint    ] Entering safepoint region: Cleanup
[2022-06-13T03:38:16.248+0000][1][safepoint    ] Leaving safepoint region
[2022-06-13T03:38:16.249+0000][1][safepoint    ] Total time for which application threads were stopped: 0.0011793 seconds, Stopping threads took: 0.0004764 seconds
[2022-06-13T03:38:17.249+0000][1][safepoint    ] Application time: 1.0002239 seconds
[2022-06-13T03:38:17.250+0000][1][safepoint    ] Entering safepoint region: Cleanup
[2022-06-13T03:38:17.251+0000][1][safepoint    ] Leaving safepoint region
[2022-06-13T03:38:17.252+0000][1][safepoint    ] Total time for which application threads were stopped: 0.0013839 seconds, Stopping threads took: 0.0006481 seconds
[2022-06-13T03:38:18.252+0000][1][safepoint    ] Application time: 1.0001713 seconds
[2022-06-13T03:38:18.253+0000][1][safepoint    ] Entering safepoint region: Cleanup
[2022-06-13T03:38:18.254+0000][1][safepoint    ] Leaving safepoint region
[2022-06-13T03:38:18.254+0000][1][safepoint    ] Total time for which application threads were stopped: 0.0009691 seconds, Stopping threads took: 0.0004898 seconds
[2022-06-13T03:38:19.255+0000][1][safepoint    ] Application time: 1.0002069 seconds
[2022-06-13T03:38:19.255+0000][1][safepoint    ] Entering safepoint region: Cleanup
[2022-06-13T03:38:19.255+0000][1][safepoint    ] Leaving safepoint region
[2022-06-13T03:38:19.256+0000][1][safepoint    ] Total time for which application threads were stopped: 0.0004797 seconds, Stopping threads took: 0.0001691 seconds
[2022-06-13T03:38:20.256+0000][1][safepoint    ] Application time: 1.0002879 seconds
[2022-06-13T03:38:20.257+0000][1][safepoint    ] Entering safepoint region: Cleanup
[2022-06-13T03:38:20.257+0000][1][safepoint    ] Leaving safepoint region
[2022-06-13T03:38:20.258+0000][1][safepoint    ] Total time for which application threads were stopped: 0.0012416 seconds, Stopping threads took: 0.0004972 seconds
[2022-06-13T03:38:21.259+0000][1][safepoint    ] Application time: 1.0002159 seconds
[2022-06-13T03:38:21.260+0000][1][safepoint    ] Entering safepoint region: Cleanup
[2022-06-13T03:38:21.260+0000][1][safepoint    ] Leaving safepoint region
[2022-06-13T03:38:21.260+0000][1][safepoint    ] Total time for which application threads were stopped: 0.0009373 seconds, Stopping threads took: 0.0004518 seconds
[2022-06-13T03:38:22.261+0000][1][safepoint    ] Application time: 1.0003395 seconds
[2022-06-13T03:38:22.262+0000][1][safepoint    ] Entering safepoint region: Cleanup
[2022-06-13T03:38:22.262+0000][1][safepoint    ] Leaving safepoint region
[2022-06-13T03:38:22.262+0000][1][safepoint    ] Total time for which application threads were stopped: 0.0005762 seconds, Stopping threads took: 0.0002059 seconds
[2022-06-13T03:38:23.263+0000][1][safepoint    ] Application time: 1.0001931 seconds
[2022-06-13T03:38:23.263+0000][1][safepoint    ] Entering safepoint region: Cleanup
[2022-06-13T03:38:23.264+0000][1][safepoint    ] Leaving safepoint region
[2022-06-13T03:38:23.264+0000][1][safepoint    ] Total time for which application threads were stopped: 0.0007411 seconds, Stopping threads took: 0.0003616 seconds
[2022-06-13T03:38:24.265+0000][1][safepoint    ] Application time: 1.0003204 seconds
[2022-06-13T03:38:24.265+0000][1][safepoint    ] Entering safepoint region: Cleanup
[2022-06-13T03:38:24.266+0000][1][safepoint    ] Leaving safepoint region
[2022-06-13T03:38:24.267+0000][1][safepoint    ] Total time for which application threads were stopped: 0.0013673 seconds, Stopping threads took: 0.0006044 seconds
[2022-06-13T03:38:25.268+0000][1][safepoint    ] Application time: 1.0002512 seconds
[2022-06-13T03:38:25.268+0000][1][safepoint    ] Entering safepoint region: Cleanup
[2022-06-13T03:38:25.268+0000][1][safepoint    ] Leaving safepoint region
[2022-06-13T03:38:25.269+0000][1][safepoint    ] Total time for which application threads were stopped: 0.0007548 seconds, Stopping threads took: 0.0003392 seconds
[2022-06-13T03:38:26.269+0000][1][safepoint    ] Application time: 1.0001744 seconds
[2022-06-13T03:38:26.270+0000][1][safepoint    ] Entering safepoint region: Cleanup
[2022-06-13T03:38:26.270+0000][1][safepoint    ] Leaving safepoint region
[2022-06-13T03:38:26.270+0000][1][safepoint    ] Total time for which application threads were stopped: 0.0005772 seconds, Stopping threads took: 0.0001846 seconds
[2022-06-13T03:38:27.271+0000][1][safepoint    ] Application time: 1.0001361 seconds
[2022-06-13T03:38:27.271+0000][1][safepoint    ] Entering safepoint region: Cleanup
[2022-06-13T03:38:27.272+0000][1][safepoint    ] Leaving safepoint region
[2022-06-13T03:38:27.272+0000][1][safepoint    ] Total time for which application threads were stopped: 0.0005518 seconds, Stopping threads took: 0.0002620 seconds
[2022-06-13T03:38:28.273+0000][1][safepoint    ] Application time: 1.0003498 seconds
[2022-06-13T03:38:28.273+0000][1][safepoint    ] Entering safepoint region: Cleanup
[2022-06-13T03:38:28.274+0000][1][safepoint    ] Leaving safepoint region
[2022-06-13T03:38:28.274+0000][1][safepoint    ] Total time for which application threads were stopped: 0.0007829 seconds, Stopping threads took: 0.0003918 seconds
[2022-06-13T03:38:29.274+0000][1][safepoint    ] Application time: 1.0001766 seconds
[2022-06-13T03:38:29.275+0000][1][safepoint    ] Entering safepoint region: Cleanup
[2022-06-13T03:38:29.275+0000][1][safepoint    ] Leaving safepoint region
[2022-06-13T03:38:29.275+0000][1][safepoint    ] Total time for which application threads were stopped: 0.0005680 seconds, Stopping threads took: 0.0002644 seconds
[2022-06-13T03:38:30.276+0000][1][safepoint    ] Application time: 1.0002074 seconds
[2022-06-13T03:38:30.276+0000][1][safepoint    ] Entering safepoint region: Cleanup
[2022-06-13T03:38:30.277+0000][1][safepoint    ] Leaving safepoint region
[2022-06-13T03:38:30.277+0000][1][safepoint    ] Total time for which application threads were stopped: 0.0008133 seconds, Stopping threads took: 0.0004213 seconds
[2022-06-13T03:38:31.278+0000][1][safepoint    ] Application time: 1.0001062 seconds
[2022-06-13T03:38:31.278+0000][1][safepoint    ] Entering safepoint region: Cleanup
[2022-06-13T03:38:31.278+0000][1][safepoint    ] Leaving safepoint region
[2022-06-13T03:38:31.278+0000][1][safepoint    ] Total time for which application threads were stopped: 0.0004893 seconds, Stopping threads took: 0.0002599 seconds
[2022-06-13T03:38:32.279+0000][1][safepoint    ] Application time: 1.0002208 seconds
[2022-06-13T03:38:32.280+0000][1][safepoint    ] Entering safepoint region: Cleanup
[2022-06-13T03:38:32.280+0000][1][safepoint    ] Leaving safepoint region
[2022-06-13T03:38:32.281+0000][1][safepoint    ] Total time for which application threads were stopped: 0.0013071 seconds, Stopping threads took: 0.0006333 seconds
[2022-06-13T03:38:33.282+0000][1][safepoint    ] Application time: 1.0002626 seconds
[2022-06-13T03:38:33.282+0000][1][safepoint    ] Entering safepoint region: Cleanup
[2022-06-13T03:38:33.283+0000][1][safepoint    ] Leaving safepoint region
[2022-06-13T03:38:33.283+0000][1][safepoint    ] Total time for which application threads were stopped: 0.0009077 seconds, Stopping threads took: 0.0004077 seconds
[2022-06-13T03:38:34.284+0000][1][safepoint    ] Application time: 1.0001144 seconds
[2022-06-13T03:38:34.284+0000][1][safepoint    ] Entering safepoint region: Cleanup
[2022-06-13T03:38:34.285+0000][1][safepoint    ] Leaving safepoint region
[2022-06-13T03:38:34.285+0000][1][safepoint    ] Total time for which application threads were stopped: 0.0008267 seconds, Stopping threads took: 0.0004208 seconds
[2022-06-13T03:38:35.286+0000][1][safepoint    ] Application time: 1.0002292 seconds
[2022-06-13T03:38:35.286+0000][1][safepoint    ] Entering safepoint region: Cleanup
[2022-06-13T03:38:35.286+0000][1][safepoint    ] Leaving safepoint region
[2022-06-13T03:38:35.287+0000][1][safepoint    ] Total time for which application threads were stopped: 0.0007531 seconds, Stopping threads took: 0.0003595 seconds
[2022-06-13T03:38:36.287+0000][1][safepoint    ] Application time: 1.0001456 seconds
[2022-06-13T03:38:36.288+0000][1][safepoint    ] Entering safepoint region: Cleanup
[2022-06-13T03:38:36.289+0000][1][safepoint    ] Leaving safepoint region
[2022-06-13T03:38:36.289+0000][1][safepoint    ] Total time for which application threads were stopped: 0.0012242 seconds, Stopping threads took: 0.0005925 seconds
[2022-06-13T03:38:37.290+0000][1][safepoint    ] Application time: 1.0001326 seconds
[2022-06-13T03:38:37.290+0000][1][safepoint    ] Entering safepoint region: Cleanup
[2022-06-13T03:38:37.291+0000][1][safepoint    ] Leaving safepoint region
[2022-06-13T03:38:37.291+0000][1][safepoint    ] Total time for which application threads were stopped: 0.0008655 seconds, Stopping threads took: 0.0004350 seconds
[2022-06-13T03:38:38.292+0000][1][safepoint    ] Application time: 1.0002446 seconds
[2022-06-13T03:38:38.292+0000][1][safepoint    ] Entering safepoint region: Cleanup
[2022-06-13T03:38:38.293+0000][1][safepoint    ] Leaving safepoint region
[2022-06-13T03:38:38.293+0000][1][safepoint    ] Total time for which application threads were stopped: 0.0006829 seconds, Stopping threads took: 0.0003158 seconds
[2022-06-13T03:38:39.293+0000][1][safepoint    ] Application time: 1.0002463 seconds
[2022-06-13T03:38:39.294+0000][1][safepoint    ] Entering safepoint region: Cleanup
[2022-06-13T03:38:39.294+0000][1][safepoint    ] Leaving safepoint region
[2022-06-13T03:38:39.295+0000][1][safepoint    ] Total time for which application threads were stopped: 0.0006235 seconds, Stopping threads took: 0.0003193 seconds
[2022-06-13T03:38:40.295+0000][1][safepoint    ] Application time: 1.0001993 seconds
[2022-06-13T03:38:40.296+0000][1][safepoint    ] Entering safepoint region: Cleanup
[2022-06-13T03:38:40.296+0000][1][safepoint    ] Leaving safepoint region
[2022-06-13T03:38:40.296+0000][1][safepoint    ] Total time for which application threads were stopped: 0.0007992 seconds, Stopping threads took: 0.0003766 seconds
[2022-06-13T03:38:41.297+0000][1][safepoint    ] Application time: 1.0001775 seconds
[2022-06-13T03:38:41.297+0000][1][safepoint    ] Entering safepoint region: Cleanup
[2022-06-13T03:38:41.298+0000][1][safepoint    ] Leaving safepoint region
[2022-06-13T03:38:41.298+0000][1][safepoint    ] Total time for which application threads were stopped: 0.0007790 seconds, Stopping threads took: 0.0003613 seconds
[2022-06-13T03:38:42.299+0000][1][safepoint    ] Application time: 1.0002099 seconds
[2022-06-13T03:38:42.299+0000][1][safepoint    ] Entering safepoint region: Cleanup
[2022-06-13T03:38:42.300+0000][1][safepoint    ] Leaving safepoint region
[2022-06-13T03:38:42.301+0000][1][safepoint    ] Total time for which application threads were stopped: 0.0016092 seconds, Stopping threads took: 0.0006749 seconds
[2022-06-13T03:38:43.302+0000][1][safepoint    ] Application time: 1.0002499 seconds
[2022-06-13T03:38:43.302+0000][1][safepoint    ] Entering safepoint region: Cleanup
[2022-06-13T03:38:43.303+0000][1][safepoint    ] Leaving safepoint region
[2022-06-13T03:38:43.303+0000][1][safepoint    ] Total time for which application threads were stopped: 0.0005036 seconds, Stopping threads took: 0.0002961 seconds
[2022-06-13T03:38:44.303+0000][1][safepoint    ] Application time: 1.0002381 seconds
[2022-06-13T03:38:44.304+0000][1][safepoint    ] Entering safepoint region: Cleanup
[2022-06-13T03:38:44.304+0000][1][safepoint    ] Leaving safepoint region
[2022-06-13T03:38:44.305+0000][1][safepoint    ] Total time for which application threads were stopped: 0.0010602 seconds, Stopping threads took: 0.0004667 seconds
[2022-06-13T03:38:45.305+0000][1][safepoint    ] Application time: 1.0001807 seconds
[2022-06-13T03:38:45.306+0000][1][safepoint    ] Entering safepoint region: Cleanup
[2022-06-13T03:38:45.306+0000][1][safepoint    ] Leaving safepoint region
[2022-06-13T03:38:45.306+0000][1][safepoint    ] Total time for which application threads were stopped: 0.0005000 seconds, Stopping threads took: 0.0002710 seconds
[2022-06-13T03:38:46.307+0000][1][safepoint    ] Application time: 1.0001735 seconds
[2022-06-13T03:38:46.307+0000][1][safepoint    ] Entering safepoint region: Cleanup
[2022-06-13T03:38:46.307+0000][1][safepoint    ] Leaving safepoint region
[2022-06-13T03:38:46.307+0000][1][safepoint    ] Total time for which application threads were stopped: 0.0005571 seconds, Stopping threads took: 0.0002294 seconds
[2022-06-13T03:38:47.308+0000][1][safepoint    ] Application time: 1.0001719 seconds
[2022-06-13T03:38:47.308+0000][1][safepoint    ] Entering safepoint region: Cleanup
[2022-06-13T03:38:47.309+0000][1][safepoint    ] Leaving safepoint region
[2022-06-13T03:38:47.309+0000][1][safepoint    ] Total time for which application threads were stopped: 0.0009886 seconds, Stopping threads took: 0.0004341 seconds
[2022-06-13T03:38:48.310+0000][1][safepoint    ] Application time: 1.0002518 seconds
[2022-06-13T03:38:48.311+0000][1][safepoint    ] Entering safepoint region: Cleanup
[2022-06-13T03:38:48.312+0000][1][safepoint    ] Leaving safepoint region
[2022-06-13T03:38:48.312+0000][1][safepoint    ] Total time for which application threads were stopped: 0.0013452 seconds, Stopping threads took: 0.0006790 seconds
[2022-06-13T03:38:49.313+0000][1][safepoint    ] Application time: 1.0002020 seconds
[2022-06-13T03:38:49.314+0000][1][safepoint    ] Entering safepoint region: Cleanup
[2022-06-13T03:38:49.314+0000][1][safepoint    ] Leaving safepoint region
[2022-06-13T03:38:49.315+0000][1][safepoint    ] Total time for which application threads were stopped: 0.0014490 seconds, Stopping threads took: 0.0003786 seconds
[2022-06-13T03:38:50.316+0000][1][safepoint    ] Application time: 1.0002213 seconds
[2022-06-13T03:38:50.316+0000][1][safepoint    ] Entering safepoint region: Cleanup
[2022-06-13T03:38:50.316+0000][1][safepoint    ] Leaving safepoint region
[2022-06-13T03:38:50.317+0000][1][safepoint    ] Total time for which application threads were stopped: 0.0005649 seconds, Stopping threads took: 0.0002463 seconds
[2022-06-13T03:38:51.317+0000][1][safepoint    ] Application time: 1.0002036 seconds
[2022-06-13T03:38:51.318+0000][1][safepoint    ] Entering safepoint region: Cleanup
[2022-06-13T03:38:51.318+0000][1][safepoint    ] Leaving safepoint region
[2022-06-13T03:38:51.318+0000][1][safepoint    ] Total time for which application threads were stopped: 0.0006647 seconds, Stopping threads took: 0.0003514 seconds
[2022-06-13T03:38:52.319+0000][1][safepoint    ] Application time: 1.0002554 seconds
[2022-06-13T03:38:52.319+0000][1][safepoint    ] Entering safepoint region: Cleanup
[2022-06-13T03:38:52.320+0000][1][safepoint    ] Leaving safepoint region
[2022-06-13T03:38:52.320+0000][1][safepoint    ] Total time for which application threads were stopped: 0.0008323 seconds, Stopping threads took: 0.0003972 seconds
[2022-06-13T03:38:53.321+0000][1][safepoint    ] Application time: 1.0002335 seconds
[2022-06-13T03:38:53.321+0000][1][safepoint    ] Entering safepoint region: Cleanup
[2022-06-13T03:38:53.322+0000][1][safepoint    ] Leaving safepoint region
[2022-06-13T03:38:53.322+0000][1][safepoint    ] Total time for which application threads were stopped: 0.0007603 seconds, Stopping threads took: 0.0004473 seconds
[2022-06-13T03:38:54.323+0000][1][safepoint    ] Application time: 1.0002449 seconds
[2022-06-13T03:38:54.323+0000][1][safepoint    ] Entering safepoint region: Cleanup
[2022-06-13T03:38:54.324+0000][1][safepoint    ] Leaving safepoint region
[2022-06-13T03:38:54.324+0000][1][safepoint    ] Total time for which application threads were stopped: 0.0006159 seconds, Stopping threads took: 0.0002801 seconds
[2022-06-13T03:38:55.325+0000][1][safepoint    ] Application time: 1.0003454 seconds
[2022-06-13T03:38:55.325+0000][1][safepoint    ] Entering safepoint region: Cleanup
[2022-06-13T03:38:55.326+0000][1][safepoint    ] Leaving safepoint region
[2022-06-13T03:38:55.326+0000][1][safepoint    ] Total time for which application threads were stopped: 0.0010398 seconds, Stopping threads took: 0.0005195 seconds
[2022-06-13T03:38:56.327+0000][1][safepoint    ] Application time: 1.0002126 seconds
[2022-06-13T03:38:56.328+0000][1][safepoint    ] Entering safepoint region: Cleanup
[2022-06-13T03:38:56.328+0000][1][safepoint    ] Leaving safepoint region
[2022-06-13T03:38:56.328+0000][1][safepoint    ] Total time for which application threads were stopped: 0.0006374 seconds, Stopping threads took: 0.0003338 seconds
[2022-06-13T03:38:57.329+0000][1][safepoint    ] Application time: 1.0002371 seconds
[2022-06-13T03:38:57.329+0000][1][safepoint    ] Entering safepoint region: Cleanup
[2022-06-13T03:38:57.329+0000][1][safepoint    ] Leaving safepoint region
[2022-06-13T03:38:57.330+0000][1][safepoint    ] Total time for which application threads were stopped: 0.0005549 seconds, Stopping threads took: 0.0002937 seconds
[2022-06-13T03:38:58.330+0000][1][safepoint    ] Application time: 1.0002529 seconds
[2022-06-13T03:38:58.331+0000][1][safepoint    ] Entering safepoint region: Cleanup
[2022-06-13T03:38:58.331+0000][1][safepoint    ] Leaving safepoint region
[2022-06-13T03:38:58.331+0000][1][safepoint    ] Total time for which application threads were stopped: 0.0006048 seconds, Stopping threads took: 0.0002833 seconds
[2022-06-13T03:38:59.332+0000][1][safepoint    ] Application time: 1.0001858 seconds
[2022-06-13T03:38:59.333+0000][1][safepoint    ] Entering safepoint region: Cleanup
[2022-06-13T03:38:59.333+0000][1][safepoint    ] Leaving safepoint region
[2022-06-13T03:38:59.334+0000][1][safepoint    ] Total time for which application threads were stopped: 0.0011669 seconds, Stopping threads took: 0.0004741 seconds
[2022-06-13T03:39:00.335+0000][1][safepoint    ] Application time: 1.0003718 seconds
[2022-06-13T03:39:00.335+0000][1][safepoint    ] Entering safepoint region: Cleanup
[2022-06-13T03:39:00.336+0000][1][safepoint    ] Leaving safepoint region
[2022-06-13T03:39:00.336+0000][1][safepoint    ] Total time for which application threads were stopped: 0.0010102 seconds, Stopping threads took: 0.0005466 seconds
[2022-06-13T03:39:01.336+0000][1][safepoint    ] Application time: 1.0001758 seconds
[2022-06-13T03:39:01.337+0000][1][safepoint    ] Entering safepoint region: Cleanup
[2022-06-13T03:39:01.337+0000][1][safepoint    ] Leaving safepoint region
[2022-06-13T03:39:01.337+0000][1][safepoint    ] Total time for which application threads were stopped: 0.0005796 seconds, Stopping threads took: 0.0003196 seconds
[2022-06-13T03:39:02.338+0000][1][safepoint    ] Application time: 1.0001975 seconds
[2022-06-13T03:39:02.345+0000][1][safepoint    ] Entering safepoint region: Cleanup
[2022-06-13T03:39:02.345+0000][1][safepoint    ] Leaving safepoint region
[2022-06-13T03:39:02.345+0000][1][safepoint    ] Total time for which application threads were stopped: 0.0071310 seconds, Stopping threads took: 0.0067743 seconds
[2022-06-13T03:39:03.346+0000][1][safepoint    ] Application time: 1.0002003 seconds
[2022-06-13T03:39:03.346+0000][1][safepoint    ] Entering safepoint region: Cleanup
[2022-06-13T03:39:03.347+0000][1][safepoint    ] Leaving safepoint region
[2022-06-13T03:39:03.348+0000][1][safepoint    ] Total time for which application threads were stopped: 0.0013348 seconds, Stopping threads took: 0.0004218 seconds
[2022-06-13T03:39:04.349+0000][1][safepoint    ] Application time: 1.0002481 seconds
[2022-06-13T03:39:04.349+0000][1][safepoint    ] Entering safepoint region: Cleanup
[2022-06-13T03:39:04.350+0000][1][safepoint    ] Leaving safepoint region
[2022-06-13T03:39:04.350+0000][1][safepoint    ] Total time for which application threads were stopped: 0.0007342 seconds, Stopping threads took: 0.0004029 seconds
[2022-06-13T03:39:05.350+0000][1][safepoint    ] Application time: 1.0001956 seconds
[2022-06-13T03:39:05.351+0000][1][safepoint    ] Entering safepoint region: Cleanup
[2022-06-13T03:39:05.351+0000][1][safepoint    ] Leaving safepoint region
[2022-06-13T03:39:05.352+0000][1][safepoint    ] Total time for which application threads were stopped: 0.0008475 seconds, Stopping threads took: 0.0004134 seconds
[2022-06-13T03:39:06.352+0000][1][safepoint    ] Application time: 1.0002909 seconds
[2022-06-13T03:39:06.353+0000][1][safepoint    ] Entering safepoint region: Cleanup
[2022-06-13T03:39:06.353+0000][1][safepoint    ] Leaving safepoint region
[2022-06-13T03:39:06.353+0000][1][safepoint    ] Total time for which application threads were stopped: 0.0005758 seconds, Stopping threads took: 0.0002818 seconds
[2022-06-13T03:39:07.354+0000][1][safepoint    ] Application time: 1.0001157 seconds
[2022-06-13T03:39:07.354+0000][1][safepoint    ] Entering safepoint region: Cleanup
[2022-06-13T03:39:07.355+0000][1][safepoint    ] Leaving safepoint region
[2022-06-13T03:39:07.355+0000][1][safepoint    ] Total time for which application threads were stopped: 0.0009138 seconds, Stopping threads took: 0.0004945 seconds
[2022-06-13T03:39:08.356+0000][1][safepoint    ] Application time: 1.0002883 seconds
[2022-06-13T03:39:08.356+0000][1][safepoint    ] Entering safepoint region: Cleanup
[2022-06-13T03:39:08.357+0000][1][safepoint    ] Leaving safepoint region
[2022-06-13T03:39:08.358+0000][1][safepoint    ] Total time for which application threads were stopped: 0.0012551 seconds, Stopping threads took: 0.0006655 seconds
[2022-06-13T03:39:09.359+0000][1][safepoint    ] Application time: 1.0003683 seconds
[2022-06-13T03:39:09.359+0000][1][safepoint    ] Entering safepoint region: Cleanup
[2022-06-13T03:39:09.360+0000][1][safepoint    ] Leaving safepoint region
[2022-06-13T03:39:09.360+0000][1][safepoint    ] Total time for which application threads were stopped: 0.0007846 seconds, Stopping threads took: 0.0003748 seconds
[2022-06-13T03:39:10.360+0000][1][safepoint    ] Application time: 1.0001664 seconds
[2022-06-13T03:39:10.361+0000][1][safepoint    ] Entering safepoint region: Cleanup
[2022-06-13T03:39:10.361+0000][1][safepoint    ] Leaving safepoint region
[2022-06-13T03:39:10.362+0000][1][safepoint    ] Total time for which application threads were stopped: 0.0007298 seconds, Stopping threads took: 0.0004628 seconds
[2022-06-13T03:39:11.362+0000][1][safepoint    ] Application time: 1.0003112 seconds
[2022-06-13T03:39:11.363+0000][1][safepoint    ] Entering safepoint region: Cleanup
[2022-06-13T03:39:11.363+0000][1][safepoint    ] Leaving safepoint region
[2022-06-13T03:39:11.364+0000][1][safepoint    ] Total time for which application threads were stopped: 0.0008975 seconds, Stopping threads took: 0.0004049 seconds
[2022-06-13T03:39:12.364+0000][1][safepoint    ] Application time: 1.0001927 seconds
[2022-06-13T03:39:12.389+0000][1][safepoint    ] Entering safepoint region: Cleanup
[2022-06-13T03:39:12.390+0000][1][safepoint    ] Leaving safepoint region
[2022-06-13T03:39:12.390+0000][1][safepoint    ] Total time for which application threads were stopped: 0.0007513 seconds, Stopping threads took: 0.0004977 seconds
[2022-06-13T03:39:13.391+0000][1][safepoint    ] Application time: 1.0003868 seconds
[2022-06-13T03:39:13.391+0000][1][safepoint    ] Entering safepoint region: Cleanup
[2022-06-13T03:39:13.392+0000][1][safepoint    ] Leaving safepoint region
[2022-06-13T03:39:13.392+0000][1][safepoint    ] Total time for which application threads were stopped: 0.0007358 seconds, Stopping threads took: 0.0003441 seconds
[2022-06-13T03:39:14.393+0000][1][safepoint    ] Application time: 1.0002297 seconds
[2022-06-13T03:39:14.393+0000][1][safepoint    ] Entering safepoint region: Cleanup
[2022-06-13T03:39:14.393+0000][1][safepoint    ] Leaving safepoint region
[2022-06-13T03:39:14.394+0000][1][safepoint    ] Total time for which application threads were stopped: 0.0007418 seconds, Stopping threads took: 0.0003970 seconds
[2022-06-13T03:39:15.394+0000][1][safepoint    ] Application time: 1.0002727 seconds
[2022-06-13T03:39:15.395+0000][1][safepoint    ] Entering safepoint region: Cleanup
[2022-06-13T03:39:15.396+0000][1][safepoint    ] Leaving safepoint region
[2022-06-13T03:39:15.396+0000][1][safepoint    ] Total time for which application threads were stopped: 0.0008350 seconds, Stopping threads took: 0.0004791 seconds
[2022-06-13T03:39:16.397+0000][1][safepoint    ] Application time: 1.0003220 seconds
[2022-06-13T03:39:16.397+0000][1][safepoint    ] Entering safepoint region: Cleanup
[2022-06-13T03:39:16.398+0000][1][safepoint    ] Leaving safepoint region
[2022-06-13T03:39:16.398+0000][1][safepoint    ] Total time for which application threads were stopped: 0.0008251 seconds, Stopping threads took: 0.0003800 seconds
[2022-06-13T03:39:17.399+0000][1][safepoint    ] Application time: 1.0003020 seconds
[2022-06-13T03:39:17.400+0000][1][safepoint    ] Entering safepoint region: Cleanup
[2022-06-13T03:39:17.400+0000][1][safepoint    ] Leaving safepoint region
[2022-06-13T03:39:17.401+0000][1][safepoint    ] Total time for which application threads were stopped: 0.0014238 seconds, Stopping threads took: 0.0006009 seconds
[2022-06-13T03:39:18.402+0000][1][safepoint    ] Application time: 1.0002160 seconds
[2022-06-13T03:39:18.402+0000][1][safepoint    ] Entering safepoint region: Cleanup
[2022-06-13T03:39:18.403+0000][1][safepoint    ] Leaving safepoint region
[2022-06-13T03:39:18.403+0000][1][safepoint    ] Total time for which application threads were stopped: 0.0005773 seconds, Stopping threads took: 0.0002706 seconds
[2022-06-13T03:39:19.403+0000][1][safepoint    ] Application time: 1.0002060 seconds
[2022-06-13T03:39:19.404+0000][1][safepoint    ] Entering safepoint region: Cleanup
[2022-06-13T03:39:19.405+0000][1][safepoint    ] Leaving safepoint region
[2022-06-13T03:39:19.405+0000][1][safepoint    ] Total time for which application threads were stopped: 0.0011311 seconds, Stopping threads took: 0.0005582 seconds
[2022-06-13T03:39:20.406+0000][1][safepoint    ] Application time: 1.0002168 seconds
[2022-06-13T03:39:20.406+0000][1][safepoint    ] Entering safepoint region: Cleanup
[2022-06-13T03:39:20.407+0000][1][safepoint    ] Leaving safepoint region
[2022-06-13T03:39:20.408+0000][1][safepoint    ] Total time for which application threads were stopped: 0.0011949 seconds, Stopping threads took: 0.0005439 seconds
[2022-06-13T03:39:21.408+0000][1][safepoint    ] Application time: 1.0003135 seconds
[2022-06-13T03:39:21.409+0000][1][safepoint    ] Entering safepoint region: Cleanup
[2022-06-13T03:39:21.410+0000][1][safepoint    ] Leaving safepoint region
[2022-06-13T03:39:21.410+0000][1][safepoint    ] Total time for which application threads were stopped: 0.0010691 seconds, Stopping threads took: 0.0005111 seconds
[2022-06-13T03:39:22.411+0000][1][safepoint    ] Application time: 1.0002219 seconds
[2022-06-13T03:39:22.412+0000][1][safepoint    ] Entering safepoint region: Cleanup
[2022-06-13T03:39:22.412+0000][1][safepoint    ] Leaving safepoint region
[2022-06-13T03:39:22.412+0000][1][safepoint    ] Total time for which application threads were stopped: 0.0005475 seconds, Stopping threads took: 0.0002837 seconds
[2022-06-13T03:39:23.413+0000][1][safepoint    ] Application time: 1.0002518 seconds
[2022-06-13T03:39:23.413+0000][1][safepoint    ] Entering safepoint region: Cleanup
[2022-06-13T03:39:23.414+0000][1][safepoint    ] Leaving safepoint region
[2022-06-13T03:39:23.414+0000][1][safepoint    ] Total time for which application threads were stopped: 0.0011715 seconds, Stopping threads took: 0.0005143 seconds
[2022-06-13T03:39:24.415+0000][1][safepoint    ] Application time: 1.0002905 seconds
[2022-06-13T03:39:24.416+0000][1][safepoint    ] Entering safepoint region: Cleanup
[2022-06-13T03:39:24.417+0000][1][safepoint    ] Leaving safepoint region
[2022-06-13T03:39:24.417+0000][1][safepoint    ] Total time for which application threads were stopped: 0.0011469 seconds, Stopping threads took: 0.0004870 seconds
[2022-06-13T03:39:25.418+0000][1][safepoint    ] Application time: 1.0002915 seconds
[2022-06-13T03:39:25.418+0000][1][safepoint    ] Entering safepoint region: Cleanup
[2022-06-13T03:39:25.419+0000][1][safepoint    ] Leaving safepoint region
[2022-06-13T03:39:25.419+0000][1][safepoint    ] Total time for which application threads were stopped: 0.0007567 seconds, Stopping threads took: 0.0003467 seconds
[2022-06-13T03:39:26.420+0000][1][safepoint    ] Application time: 1.0002034 seconds
[2022-06-13T03:39:26.420+0000][1][safepoint    ] Entering safepoint region: Cleanup
[2022-06-13T03:39:26.421+0000][1][safepoint    ] Leaving safepoint region
[2022-06-13T03:39:26.421+0000][1][safepoint    ] Total time for which application threads were stopped: 0.0008280 seconds, Stopping threads took: 0.0003820 seconds
[2022-06-13T03:39:26.503+0000][1][safepoint    ] Application time: 0.0818939 seconds
[2022-06-13T03:39:26.503+0000][1][safepoint    ] Entering safepoint region: GenCollectForAllocation
[2022-06-13T03:39:26.504+0000][1][gc,start     ] GC(25) Pause Young (Allocation Failure)
[2022-06-13T03:39:26.504+0000][1][gc,task      ] GC(25) Using 5 workers of 13 for evacuation
[2022-06-13T03:39:26.506+0000][1][gc,age       ] GC(25) Desired survivor size 4456448 bytes, new threshold 6 (max threshold 6)
[2022-06-13T03:39:26.506+0000][1][gc,age       ] GC(25) Age table with threshold 6 (max threshold 6)
[2022-06-13T03:39:26.507+0000][1][gc,age       ] GC(25) - age   1:       6416 bytes,       6416 total
[2022-06-13T03:39:26.507+0000][1][gc,age       ] GC(25) - age   2:      13912 bytes,      20328 total
[2022-06-13T03:39:26.507+0000][1][gc,age       ] GC(25) - age   3:      88616 bytes,     108944 total
[2022-06-13T03:39:26.507+0000][1][gc,age       ] GC(25) - age   4:    2246352 bytes,    2355296 total
[2022-06-13T03:39:26.508+0000][1][gc,heap      ] GC(25) ParNew: 72783K->3324K(78656K)
[2022-06-13T03:39:26.508+0000][1][gc,heap      ] GC(25) CMS: 68333K->68333K(174784K)
[2022-06-13T03:39:26.508+0000][1][gc,metaspace ] GC(25) Metaspace: 68060K->68060K(1112064K)
[2022-06-13T03:39:26.508+0000][1][gc           ] GC(25) Pause Young (Allocation Failure) 137M->69M(247M) 4.533ms
[2022-06-13T03:39:26.509+0000][1][gc,cpu       ] GC(25) User=0.01s Sys=0.00s Real=0.00s
[2022-06-13T03:39:26.509+0000][1][safepoint    ] Leaving safepoint region
[2022-06-13T03:39:26.509+0000][1][safepoint    ] Total time for which application threads were stopped: 0.0055568 seconds, Stopping threads took: 0.0002192 seconds
[2022-06-13T03:39:27.509+0000][1][safepoint    ] Application time: 1.0001849 seconds
[2022-06-13T03:39:27.510+0000][1][safepoint    ] Entering safepoint region: Cleanup
[2022-06-13T03:39:27.510+0000][1][safepoint    ] Leaving safepoint region
[2022-06-13T03:39:27.510+0000][1][safepoint    ] Total time for which application threads were stopped: 0.0005115 seconds, Stopping threads took: 0.0002794 seconds
[2022-06-13T03:39:28.511+0000][1][safepoint    ] Application time: 1.0002173 seconds
[2022-06-13T03:39:28.512+0000][1][safepoint    ] Entering safepoint region: Cleanup
[2022-06-13T03:39:28.512+0000][1][safepoint    ] Leaving safepoint region
[2022-06-13T03:39:28.513+0000][1][safepoint    ] Total time for which application threads were stopped: 0.0011004 seconds, Stopping threads took: 0.0005556 seconds
[2022-06-13T03:39:29.513+0000][1][safepoint    ] Application time: 1.0001813 seconds
[2022-06-13T03:39:29.514+0000][1][safepoint    ] Entering safepoint region: Cleanup
[2022-06-13T03:39:29.514+0000][1][safepoint    ] Leaving safepoint region
[2022-06-13T03:39:29.515+0000][1][safepoint    ] Total time for which application threads were stopped: 0.0009167 seconds, Stopping threads took: 0.0004662 seconds
[2022-06-13T03:39:30.515+0000][1][safepoint    ] Application time: 1.0002311 seconds
[2022-06-13T03:39:30.516+0000][1][safepoint    ] Entering safepoint region: Cleanup
[2022-06-13T03:39:30.517+0000][1][safepoint    ] Leaving safepoint region
[2022-06-13T03:39:30.518+0000][1][safepoint    ] Total time for which application threads were stopped: 0.0015538 seconds, Stopping threads took: 0.0008900 seconds
[2022-06-13T03:39:31.519+0000][1][safepoint    ] Application time: 1.0003822 seconds
[2022-06-13T03:39:31.519+0000][1][safepoint    ] Entering safepoint region: Cleanup
[2022-06-13T03:39:31.520+0000][1][safepoint    ] Leaving safepoint region
[2022-06-13T03:39:31.521+0000][1][safepoint    ] Total time for which application threads were stopped: 0.0012327 seconds, Stopping threads took: 0.0005672 seconds
[2022-06-13T03:39:32.521+0000][1][safepoint    ] Application time: 1.0001651 seconds
[2022-06-13T03:39:32.522+0000][1][safepoint    ] Entering safepoint region: Cleanup
[2022-06-13T03:39:32.522+0000][1][safepoint    ] Leaving safepoint region
[2022-06-13T03:39:32.522+0000][1][safepoint    ] Total time for which application threads were stopped: 0.0005705 seconds, Stopping threads took: 0.0002196 seconds
[2022-06-13T03:39:33.523+0000][1][safepoint    ] Application time: 1.0001153 seconds
[2022-06-13T03:39:33.523+0000][1][safepoint    ] Entering safepoint region: Cleanup
[2022-06-13T03:39:33.524+0000][1][safepoint    ] Leaving safepoint region
[2022-06-13T03:39:33.524+0000][1][safepoint    ] Total time for which application threads were stopped: 0.0009755 seconds, Stopping threads took: 0.0004701 seconds
[2022-06-13T03:39:34.525+0000][1][safepoint    ] Application time: 1.0003150 seconds
[2022-06-13T03:39:34.526+0000][1][safepoint    ] Entering safepoint region: Cleanup
[2022-06-13T03:39:34.526+0000][1][safepoint    ] Leaving safepoint region
[2022-06-13T03:39:34.527+0000][1][safepoint    ] Total time for which application threads were stopped: 0.0011252 seconds, Stopping threads took: 0.0004706 seconds
[2022-06-13T03:39:35.528+0000][1][safepoint    ] Application time: 1.0002700 seconds
[2022-06-13T03:39:35.528+0000][1][safepoint    ] Entering safepoint region: Cleanup
[2022-06-13T03:39:35.529+0000][1][safepoint    ] Leaving safepoint region
[2022-06-13T03:39:35.530+0000][1][safepoint    ] Total time for which application threads were stopped: 0.0011924 seconds, Stopping threads took: 0.0005674 seconds
[2022-06-13T03:39:36.530+0000][1][safepoint    ] Application time: 1.0001431 seconds
[2022-06-13T03:39:36.530+0000][1][safepoint    ] Entering safepoint region: Cleanup
[2022-06-13T03:39:36.531+0000][1][safepoint    ] Leaving safepoint region
[2022-06-13T03:39:36.531+0000][1][safepoint    ] Total time for which application threads were stopped: 0.0005687 seconds, Stopping threads took: 0.0003191 seconds
[2022-06-13T03:39:37.531+0000][1][safepoint    ] Application time: 1.0001407 seconds
[2022-06-13T03:39:37.532+0000][1][safepoint    ] Entering safepoint region: Cleanup
[2022-06-13T03:39:37.532+0000][1][safepoint    ] Leaving safepoint region
[2022-06-13T03:39:37.532+0000][1][safepoint    ] Total time for which application threads were stopped: 0.0005933 seconds, Stopping threads took: 0.0003199 seconds
[2022-06-13T03:39:38.533+0000][1][safepoint    ] Application time: 1.0001310 seconds
[2022-06-13T03:39:38.533+0000][1][safepoint    ] Entering safepoint region: Cleanup
[2022-06-13T03:39:38.534+0000][1][safepoint    ] Leaving safepoint region
[2022-06-13T03:39:38.534+0000][1][safepoint    ] Total time for which application threads were stopped: 0.0012009 seconds, Stopping threads took: 0.0005366 seconds
[2022-06-13T03:39:39.535+0000][1][safepoint    ] Application time: 1.0001895 seconds
[2022-06-13T03:39:39.536+0000][1][safepoint    ] Entering safepoint region: Cleanup
[2022-06-13T03:39:39.536+0000][1][safepoint    ] Leaving safepoint region
[2022-06-13T03:39:39.537+0000][1][safepoint    ] Total time for which application threads were stopped: 0.0008327 seconds, Stopping threads took: 0.0004024 seconds
[2022-06-13T03:39:40.537+0000][1][safepoint    ] Application time: 1.0001272 seconds
[2022-06-13T03:39:40.538+0000][1][safepoint    ] Entering safepoint region: Cleanup
[2022-06-13T03:39:40.539+0000][1][safepoint    ] Leaving safepoint region
[2022-06-13T03:39:40.539+0000][1][safepoint    ] Total time for which application threads were stopped: 0.0011617 seconds, Stopping threads took: 0.0005445 seconds
[2022-06-13T03:39:41.540+0000][1][safepoint    ] Application time: 1.0003546 seconds
[2022-06-13T03:39:41.541+0000][1][safepoint    ] Entering safepoint region: Cleanup
[2022-06-13T03:39:41.542+0000][1][safepoint    ] Leaving safepoint region
[2022-06-13T03:39:41.542+0000][1][safepoint    ] Total time for which application threads were stopped: 0.0013071 seconds, Stopping threads took: 0.0006458 seconds
[2022-06-13T03:39:42.543+0000][1][safepoint    ] Application time: 1.0001969 seconds
[2022-06-13T03:39:42.543+0000][1][safepoint    ] Entering safepoint region: Cleanup
[2022-06-13T03:39:42.544+0000][1][safepoint    ] Leaving safepoint region
[2022-06-13T03:39:42.544+0000][1][safepoint    ] Total time for which application threads were stopped: 0.0009316 seconds, Stopping threads took: 0.0004865 seconds
[2022-06-13T03:39:43.545+0000][1][safepoint    ] Application time: 1.0002235 seconds
[2022-06-13T03:39:43.545+0000][1][safepoint    ] Entering safepoint region: Cleanup
[2022-06-13T03:39:43.545+0000][1][safepoint    ] Leaving safepoint region
[2022-06-13T03:39:43.546+0000][1][safepoint    ] Total time for which application threads were stopped: 0.0006071 seconds, Stopping threads took: 0.0002800 seconds
[2022-06-13T03:39:44.546+0000][1][safepoint    ] Application time: 1.0002495 seconds
[2022-06-13T03:39:44.547+0000][1][safepoint    ] Entering safepoint region: Cleanup
[2022-06-13T03:39:44.547+0000][1][safepoint    ] Leaving safepoint region
[2022-06-13T03:39:44.547+0000][1][safepoint    ] Total time for which application threads were stopped: 0.0006093 seconds, Stopping threads took: 0.0003043 seconds
[2022-06-13T03:39:45.548+0000][1][safepoint    ] Application time: 1.0002072 seconds
[2022-06-13T03:39:45.549+0000][1][safepoint    ] Entering safepoint region: Cleanup
[2022-06-13T03:39:45.549+0000][1][safepoint    ] Leaving safepoint region
[2022-06-13T03:39:45.550+0000][1][safepoint    ] Total time for which application threads were stopped: 0.0013744 seconds, Stopping threads took: 0.0006047 seconds
[2022-06-13T03:39:46.551+0000][1][safepoint    ] Application time: 1.0003167 seconds
[2022-06-13T03:39:46.551+0000][1][safepoint    ] Entering safepoint region: Cleanup
[2022-06-13T03:39:46.552+0000][1][safepoint    ] Leaving safepoint region
[2022-06-13T03:39:46.553+0000][1][safepoint    ] Total time for which application threads were stopped: 0.0011489 seconds, Stopping threads took: 0.0006543 seconds
[2022-06-13T03:39:47.553+0000][1][safepoint    ] Application time: 1.0002082 seconds
[2022-06-13T03:39:47.554+0000][1][safepoint    ] Entering safepoint region: Cleanup
[2022-06-13T03:39:47.554+0000][1][safepoint    ] Leaving safepoint region
[2022-06-13T03:39:47.554+0000][1][safepoint    ] Total time for which application threads were stopped: 0.0006271 seconds, Stopping threads took: 0.0003013 seconds
[2022-06-13T03:39:48.555+0000][1][safepoint    ] Application time: 1.0002455 seconds
[2022-06-13T03:39:48.556+0000][1][safepoint    ] Entering safepoint region: Cleanup
[2022-06-13T03:39:48.556+0000][1][safepoint    ] Leaving safepoint region
[2022-06-13T03:39:48.557+0000][1][safepoint    ] Total time for which application threads were stopped: 0.0014134 seconds, Stopping threads took: 0.0005929 seconds
[2022-06-13T03:39:49.558+0000][1][safepoint    ] Application time: 1.0002068 seconds
[2022-06-13T03:39:49.559+0000][1][safepoint    ] Entering safepoint region: Cleanup
[2022-06-13T03:39:49.559+0000][1][safepoint    ] Leaving safepoint region
[2022-06-13T03:39:49.559+0000][1][safepoint    ] Total time for which application threads were stopped: 0.0008407 seconds, Stopping threads took: 0.0003833 seconds
[2022-06-13T03:39:50.560+0000][1][safepoint    ] Application time: 1.0002087 seconds
[2022-06-13T03:39:50.560+0000][1][safepoint    ] Entering safepoint region: Cleanup
[2022-06-13T03:39:50.561+0000][1][safepoint    ] Leaving safepoint region
[2022-06-13T03:39:50.561+0000][1][safepoint    ] Total time for which application threads were stopped: 0.0007953 seconds, Stopping threads took: 0.0004148 seconds
[2022-06-13T03:39:51.562+0000][1][safepoint    ] Application time: 1.0001569 seconds
[2022-06-13T03:39:51.562+0000][1][safepoint    ] Entering safepoint region: Cleanup
[2022-06-13T03:39:51.563+0000][1][safepoint    ] Leaving safepoint region
[2022-06-13T03:39:51.563+0000][1][safepoint    ] Total time for which application threads were stopped: 0.0005661 seconds, Stopping threads took: 0.0003265 seconds
[2022-06-13T03:39:52.563+0000][1][safepoint    ] Application time: 1.0002333 seconds
[2022-06-13T03:39:52.564+0000][1][safepoint    ] Entering safepoint region: Cleanup
[2022-06-13T03:39:52.565+0000][1][safepoint    ] Leaving safepoint region
[2022-06-13T03:39:52.565+0000][1][safepoint    ] Total time for which application threads were stopped: 0.0012632 seconds, Stopping threads took: 0.0006183 seconds
[2022-06-13T03:39:53.566+0000][1][safepoint    ] Application time: 1.0001986 seconds
[2022-06-13T03:39:53.567+0000][1][safepoint    ] Entering safepoint region: Cleanup
[2022-06-13T03:39:53.567+0000][1][safepoint    ] Leaving safepoint region
[2022-06-13T03:39:53.568+0000][1][safepoint    ] Total time for which application threads were stopped: 0.0008082 seconds, Stopping threads took: 0.0003460 seconds
[2022-06-13T03:39:54.568+0000][1][safepoint    ] Application time: 1.0002005 seconds
[2022-06-13T03:39:54.569+0000][1][safepoint    ] Entering safepoint region: Cleanup
[2022-06-13T03:39:54.569+0000][1][safepoint    ] Leaving safepoint region
[2022-06-13T03:39:54.570+0000][1][safepoint    ] Total time for which application threads were stopped: 0.0008669 seconds, Stopping threads took: 0.0004593 seconds
[2022-06-13T03:39:55.570+0000][1][safepoint    ] Application time: 1.0002060 seconds
[2022-06-13T03:39:55.571+0000][1][safepoint    ] Entering safepoint region: Cleanup
[2022-06-13T03:39:55.572+0000][1][safepoint    ] Leaving safepoint region
[2022-06-13T03:39:55.572+0000][1][safepoint    ] Total time for which application threads were stopped: 0.0011313 seconds, Stopping threads took: 0.0004847 seconds
[2022-06-13T03:39:56.573+0000][1][safepoint    ] Application time: 1.0001307 seconds
[2022-06-13T03:39:56.573+0000][1][safepoint    ] Entering safepoint region: Cleanup
[2022-06-13T03:39:56.574+0000][1][safepoint    ] Leaving safepoint region
[2022-06-13T03:39:56.574+0000][1][safepoint    ] Total time for which application threads were stopped: 0.0007605 seconds, Stopping threads took: 0.0004071 seconds
[2022-06-13T03:39:57.575+0000][1][safepoint    ] Application time: 1.0002039 seconds
[2022-06-13T03:39:57.575+0000][1][safepoint    ] Entering safepoint region: Cleanup
[2022-06-13T03:39:57.576+0000][1][safepoint    ] Leaving safepoint region
[2022-06-13T03:39:57.577+0000][1][safepoint    ] Total time for which application threads were stopped: 0.0012307 seconds, Stopping threads took: 0.0005422 seconds
[2022-06-13T03:39:58.577+0000][1][safepoint    ] Application time: 1.0001756 seconds
[2022-06-13T03:39:58.578+0000][1][safepoint    ] Entering safepoint region: Cleanup
[2022-06-13T03:39:58.578+0000][1][safepoint    ] Leaving safepoint region
[2022-06-13T03:39:58.578+0000][1][safepoint    ] Total time for which application threads were stopped: 0.0003341 seconds, Stopping threads took: 0.0001571 seconds
[2022-06-13T03:39:59.578+0000][1][safepoint    ] Application time: 1.0002658 seconds
[2022-06-13T03:39:59.579+0000][1][safepoint    ] Entering safepoint region: Cleanup
[2022-06-13T03:39:59.579+0000][1][safepoint    ] Leaving safepoint region
[2022-06-13T03:39:59.580+0000][1][safepoint    ] Total time for which application threads were stopped: 0.0008624 seconds, Stopping threads took: 0.0004535 seconds
[2022-06-13T03:40:00.580+0000][1][safepoint    ] Application time: 1.0001882 seconds
[2022-06-13T03:40:00.581+0000][1][safepoint    ] Entering safepoint region: Cleanup
[2022-06-13T03:40:00.581+0000][1][safepoint    ] Leaving safepoint region
[2022-06-13T03:40:00.582+0000][1][safepoint    ] Total time for which application threads were stopped: 0.0009325 seconds, Stopping threads took: 0.0004636 seconds
[2022-06-13T03:40:01.582+0000][1][safepoint    ] Application time: 1.0001449 seconds
[2022-06-13T03:40:01.583+0000][1][safepoint    ] Entering safepoint region: Cleanup
[2022-06-13T03:40:01.584+0000][1][safepoint    ] Leaving safepoint region
[2022-06-13T03:40:01.584+0000][1][safepoint    ] Total time for which application threads were stopped: 0.0015916 seconds, Stopping threads took: 0.0007996 seconds
[2022-06-13T03:40:02.585+0000][1][safepoint    ] Application time: 1.0002426 seconds
[2022-06-13T03:40:02.586+0000][1][safepoint    ] Entering safepoint region: Cleanup
[2022-06-13T03:40:02.586+0000][1][safepoint    ] Leaving safepoint region
[2022-06-13T03:40:02.587+0000][1][safepoint    ] Total time for which application threads were stopped: 0.0009779 seconds, Stopping threads took: 0.0005089 seconds
[2022-06-13T03:40:03.587+0000][1][safepoint    ] Application time: 1.0002255 seconds
[2022-06-13T03:40:03.588+0000][1][safepoint    ] Entering safepoint region: Cleanup
[2022-06-13T03:40:03.588+0000][1][safepoint    ] Leaving safepoint region
[2022-06-13T03:40:03.589+0000][1][safepoint    ] Total time for which application threads were stopped: 0.0007038 seconds, Stopping threads took: 0.0004096 seconds
[2022-06-13T03:40:04.589+0000][1][safepoint    ] Application time: 1.0002166 seconds
[2022-06-13T03:40:04.590+0000][1][safepoint    ] Entering safepoint region: Cleanup
[2022-06-13T03:40:04.591+0000][1][safepoint    ] Leaving safepoint region
[2022-06-13T03:40:04.591+0000][1][safepoint    ] Total time for which application threads were stopped: 0.0013383 seconds, Stopping threads took: 0.0005856 seconds
[2022-06-13T03:40:05.592+0000][1][safepoint    ] Application time: 1.0002975 seconds
[2022-06-13T03:40:05.592+0000][1][safepoint    ] Entering safepoint region: Cleanup
[2022-06-13T03:40:05.592+0000][1][safepoint    ] Leaving safepoint region
[2022-06-13T03:40:05.593+0000][1][safepoint    ] Total time for which application threads were stopped: 0.0005640 seconds, Stopping threads took: 0.0002528 seconds
[2022-06-13T03:40:07.530+0000][1][safepoint    ] Application time: 1.9367534 seconds
[2022-06-13T03:40:07.531+0000][1][safepoint    ] Entering safepoint region: Cleanup
[2022-06-13T03:40:07.531+0000][1][safepoint    ] Leaving safepoint region
[2022-06-13T03:40:07.532+0000][1][safepoint    ] Total time for which application threads were stopped: 0.0010375 seconds, Stopping threads took: 0.0005125 seconds
[2022-06-13T03:40:08.532+0000][1][safepoint    ] Application time: 1.0001121 seconds
[2022-06-13T03:40:08.532+0000][1][safepoint    ] Entering safepoint region: Cleanup
[2022-06-13T03:40:08.533+0000][1][safepoint    ] Leaving safepoint region
[2022-06-13T03:40:08.533+0000][1][safepoint    ] Total time for which application threads were stopped: 0.0004652 seconds, Stopping threads took: 0.0001754 seconds
[2022-06-13T03:40:09.533+0000][1][safepoint    ] Application time: 1.0001670 seconds
[2022-06-13T03:40:09.533+0000][1][safepoint    ] Entering safepoint region: Cleanup
[2022-06-13T03:40:09.534+0000][1][safepoint    ] Leaving safepoint region
[2022-06-13T03:40:09.534+0000][1][safepoint    ] Total time for which application threads were stopped: 0.0003394 seconds, Stopping threads took: 0.0001557 seconds
[2022-06-13T03:40:10.423+0000][1][safepoint    ] Application time: 0.8890686 seconds
[2022-06-13T03:40:10.423+0000][1][safepoint    ] Entering safepoint region: RevokeBias
[2022-06-13T03:40:10.424+0000][1][safepoint    ] Leaving safepoint region
[2022-06-13T03:40:10.424+0000][1][safepoint    ] Total time for which application threads were stopped: 0.0007343 seconds, Stopping threads took: 0.0002912 seconds
[2022-06-13T03:40:10.424+0000][1][safepoint    ] Application time: 0.0002454 seconds
[2022-06-13T03:40:10.425+0000][1][safepoint    ] Entering safepoint region: RevokeBias
[2022-06-13T03:40:10.425+0000][1][safepoint    ] Leaving safepoint region
[2022-06-13T03:40:10.426+0000][1][safepoint    ] Total time for which application threads were stopped: 0.0006376 seconds, Stopping threads took: 0.0004140 seconds
[2022-06-13T03:40:10.427+0000][1][safepoint    ] Application time: 0.0008159 seconds
[2022-06-13T03:40:10.427+0000][1][safepoint    ] Entering safepoint region: RevokeBias
[2022-06-13T03:40:10.427+0000][1][safepoint    ] Leaving safepoint region
[2022-06-13T03:40:10.427+0000][1][safepoint    ] Total time for which application threads were stopped: 0.0005102 seconds, Stopping threads took: 0.0002161 seconds
[2022-06-13T03:40:10.428+0000][1][safepoint    ] Application time: 0.0002266 seconds
[2022-06-13T03:40:10.428+0000][1][safepoint    ] Entering safepoint region: RevokeBias
[2022-06-13T03:40:10.428+0000][1][safepoint    ] Leaving safepoint region
[2022-06-13T03:40:10.428+0000][1][safepoint    ] Total time for which application threads were stopped: 0.0005095 seconds, Stopping threads took: 0.0002880 seconds
[2022-06-13T03:40:10.429+0000][1][safepoint    ] Application time: 0.0005606 seconds
[2022-06-13T03:40:10.430+0000][1][safepoint    ] Entering safepoint region: RevokeBias
[2022-06-13T03:40:10.430+0000][1][safepoint    ] Leaving safepoint region
[2022-06-13T03:40:10.430+0000][1][safepoint    ] Total time for which application threads were stopped: 0.0007266 seconds, Stopping threads took: 0.0004078 seconds
[2022-06-13T03:40:10.431+0000][1][safepoint    ] Application time: 0.0003458 seconds
[2022-06-13T03:40:10.431+0000][1][safepoint    ] Entering safepoint region: RevokeBias
[2022-06-13T03:40:10.431+0000][1][safepoint    ] Leaving safepoint region
[2022-06-13T03:40:10.431+0000][1][safepoint    ] Total time for which application threads were stopped: 0.0004444 seconds, Stopping threads took: 0.0001635 seconds
[2022-06-13T03:40:10.432+0000][1][safepoint    ] Application time: 0.0003727 seconds
[2022-06-13T03:40:10.432+0000][1][safepoint    ] Entering safepoint region: RevokeBias
[2022-06-13T03:40:10.432+0000][1][safepoint    ] Leaving safepoint region
[2022-06-13T03:40:10.433+0000][1][safepoint    ] Total time for which application threads were stopped: 0.0004584 seconds, Stopping threads took: 0.0002463 seconds
[2022-06-13T03:40:10.433+0000][1][safepoint    ] Application time: 0.0001098 seconds
[2022-06-13T03:40:10.433+0000][1][safepoint    ] Entering safepoint region: RevokeBias
[2022-06-13T03:40:10.433+0000][1][safepoint    ] Leaving safepoint region
[2022-06-13T03:40:10.434+0000][1][safepoint    ] Total time for which application threads were stopped: 0.0008146 seconds, Stopping threads took: 0.0003409 seconds
[2022-06-13T03:40:10.435+0000][1][safepoint    ] Application time: 0.0005106 seconds
[2022-06-13T03:40:10.435+0000][1][safepoint    ] Entering safepoint region: RevokeBias
[2022-06-13T03:40:10.435+0000][1][safepoint    ] Leaving safepoint region
[2022-06-13T03:40:10.436+0000][1][safepoint    ] Total time for which application threads were stopped: 0.0007233 seconds, Stopping threads took: 0.0003307 seconds
[2022-06-13T03:40:10.436+0000][1][safepoint    ] Application time: 0.0006657 seconds
[2022-06-13T03:40:10.437+0000][1][safepoint    ] Entering safepoint region: RevokeBias
[2022-06-13T03:40:10.437+0000][1][safepoint    ] Leaving safepoint region
[2022-06-13T03:40:10.438+0000][1][safepoint    ] Total time for which application threads were stopped: 0.0007383 seconds, Stopping threads took: 0.0003750 seconds
[2022-06-13T03:40:10.438+0000][1][safepoint    ] Application time: 0.0003609 seconds
[2022-06-13T03:40:10.438+0000][1][safepoint    ] Entering safepoint region: RevokeBias
[2022-06-13T03:40:10.439+0000][1][safepoint    ] Leaving safepoint region
[2022-06-13T03:40:10.439+0000][1][safepoint    ] Total time for which application threads were stopped: 0.0006308 seconds, Stopping threads took: 0.0002794 seconds
[2022-06-13T03:40:10.440+0000][1][safepoint    ] Application time: 0.0003484 seconds
[2022-06-13T03:40:10.440+0000][1][safepoint    ] Entering safepoint region: RevokeBias
[2022-06-13T03:40:10.440+0000][1][safepoint    ] Leaving safepoint region
[2022-06-13T03:40:10.440+0000][1][safepoint    ] Total time for which application threads were stopped: 0.0006395 seconds, Stopping threads took: 0.0003558 seconds
[2022-06-13T03:40:10.441+0000][1][safepoint    ] Application time: 0.0008870 seconds
[2022-06-13T03:40:10.442+0000][1][safepoint    ] Entering safepoint region: RevokeBias
[2022-06-13T03:40:10.442+0000][1][safepoint    ] Leaving safepoint region
[2022-06-13T03:40:10.442+0000][1][safepoint    ] Total time for which application threads were stopped: 0.0003556 seconds, Stopping threads took: 0.0001761 seconds
[2022-06-13T03:40:10.443+0000][1][safepoint    ] Application time: 0.0001804 seconds
[2022-06-13T03:40:10.443+0000][1][safepoint    ] Entering safepoint region: RevokeBias
[2022-06-13T03:40:10.443+0000][1][safepoint    ] Leaving safepoint region
[2022-06-13T03:40:10.443+0000][1][safepoint    ] Total time for which application threads were stopped: 0.0005142 seconds, Stopping threads took: 0.0002149 seconds
[2022-06-13T03:40:10.444+0000][1][safepoint    ] Application time: 0.0005725 seconds
[2022-06-13T03:40:10.445+0000][1][safepoint    ] Entering safepoint region: RevokeBias
[2022-06-13T03:40:10.445+0000][1][safepoint    ] Leaving safepoint region
[2022-06-13T03:40:10.445+0000][1][safepoint    ] Total time for which application threads were stopped: 0.0006914 seconds, Stopping threads took: 0.0003970 seconds
[2022-06-13T03:40:10.446+0000][1][safepoint    ] Application time: 0.0004040 seconds
[2022-06-13T03:40:10.447+0000][1][safepoint    ] Entering safepoint region: RevokeBias
[2022-06-13T03:40:10.447+0000][1][safepoint    ] Leaving safepoint region
[2022-06-13T03:40:10.448+0000][1][safepoint    ] Total time for which application threads were stopped: 0.0012073 seconds, Stopping threads took: 0.0005612 seconds
[2022-06-13T03:40:10.448+0000][1][safepoint    ] Application time: 0.0001567 seconds
[2022-06-13T03:40:10.449+0000][1][safepoint    ] Entering safepoint region: RevokeBias
[2022-06-13T03:40:10.449+0000][1][safepoint    ] Leaving safepoint region
[2022-06-13T03:40:10.449+0000][1][safepoint    ] Total time for which application threads were stopped: 0.0004832 seconds, Stopping threads took: 0.0003149 seconds
[2022-06-13T03:40:10.450+0000][1][safepoint    ] Application time: 0.0004060 seconds
[2022-06-13T03:40:10.450+0000][1][safepoint    ] Entering safepoint region: RevokeBias
[2022-06-13T03:40:10.450+0000][1][safepoint    ] Leaving safepoint region
[2022-06-13T03:40:10.450+0000][1][safepoint    ] Total time for which application threads were stopped: 0.0006410 seconds, Stopping threads took: 0.0003377 seconds
[2022-06-13T03:40:10.451+0000][1][safepoint    ] Application time: 0.0000920 seconds
[2022-06-13T03:40:10.451+0000][1][safepoint    ] Entering safepoint region: RevokeBias
[2022-06-13T03:40:10.451+0000][1][safepoint    ] Leaving safepoint region
[2022-06-13T03:40:10.451+0000][1][safepoint    ] Total time for which application threads were stopped: 0.0006124 seconds, Stopping threads took: 0.0003475 seconds
[2022-06-13T03:40:10.452+0000][1][safepoint    ] Application time: 0.0002734 seconds
[2022-06-13T03:40:10.452+0000][1][safepoint    ] Entering safepoint region: RevokeBias
[2022-06-13T03:40:10.453+0000][1][safepoint    ] Leaving safepoint region
[2022-06-13T03:40:10.453+0000][1][safepoint    ] Total time for which application threads were stopped: 0.0008322 seconds, Stopping threads took: 0.0002598 seconds
[2022-06-13T03:40:10.454+0000][1][safepoint    ] Application time: 0.0002359 seconds
[2022-06-13T03:40:10.454+0000][1][safepoint    ] Entering safepoint region: RevokeBias
[2022-06-13T03:40:10.454+0000][1][safepoint    ] Leaving safepoint region
[2022-06-13T03:40:10.454+0000][1][safepoint    ] Total time for which application threads were stopped: 0.0005700 seconds, Stopping threads took: 0.0002354 seconds
[2022-06-13T03:40:10.455+0000][1][safepoint    ] Application time: 0.0001223 seconds
[2022-06-13T03:40:10.455+0000][1][safepoint    ] Entering safepoint region: RevokeBias
[2022-06-13T03:40:10.455+0000][1][safepoint    ] Leaving safepoint region
[2022-06-13T03:40:10.456+0000][1][safepoint    ] Total time for which application threads were stopped: 0.0007245 seconds, Stopping threads took: 0.0002981 seconds
[2022-06-13T03:40:10.456+0000][1][safepoint    ] Application time: 0.0001198 seconds
[2022-06-13T03:40:10.456+0000][1][safepoint    ] Entering safepoint region: RevokeBias
[2022-06-13T03:40:10.456+0000][1][safepoint    ] Leaving safepoint region
[2022-06-13T03:40:10.456+0000][1][safepoint    ] Total time for which application threads were stopped: 0.0004269 seconds, Stopping threads took: 0.0002230 seconds
[2022-06-13T03:40:10.457+0000][1][safepoint    ] Application time: 0.0003005 seconds
[2022-06-13T03:40:10.457+0000][1][safepoint    ] Entering safepoint region: RevokeBias
[2022-06-13T03:40:10.457+0000][1][safepoint    ] Leaving safepoint region
[2022-06-13T03:40:10.458+0000][1][safepoint    ] Total time for which application threads were stopped: 0.0004659 seconds, Stopping threads took: 0.0001640 seconds
[2022-06-13T03:40:10.458+0000][1][safepoint    ] Application time: 0.0001426 seconds
[2022-06-13T03:40:10.458+0000][1][safepoint    ] Entering safepoint region: RevokeBias
[2022-06-13T03:40:10.458+0000][1][safepoint    ] Leaving safepoint region
[2022-06-13T03:40:10.459+0000][1][safepoint    ] Total time for which application threads were stopped: 0.0007755 seconds, Stopping threads took: 0.0003494 seconds
[2022-06-13T03:40:10.459+0000][1][safepoint    ] Application time: 0.0002489 seconds
[2022-06-13T03:40:10.460+0000][1][safepoint    ] Entering safepoint region: RevokeBias
[2022-06-13T03:40:10.460+0000][1][safepoint    ] Leaving safepoint region
[2022-06-13T03:40:10.460+0000][1][safepoint    ] Total time for which application threads were stopped: 0.0003915 seconds, Stopping threads took: 0.0001921 seconds
[2022-06-13T03:40:10.460+0000][1][safepoint    ] Application time: 0.0002133 seconds
[2022-06-13T03:40:10.460+0000][1][safepoint    ] Entering safepoint region: RevokeBias
[2022-06-13T03:40:10.461+0000][1][safepoint    ] Leaving safepoint region
[2022-06-13T03:40:10.461+0000][1][safepoint    ] Total time for which application threads were stopped: 0.0003730 seconds, Stopping threads took: 0.0002135 seconds
[2022-06-13T03:40:10.461+0000][1][safepoint    ] Application time: 0.0000889 seconds
[2022-06-13T03:40:10.461+0000][1][safepoint    ] Entering safepoint region: RevokeBias
[2022-06-13T03:40:10.461+0000][1][safepoint    ] Leaving safepoint region
[2022-06-13T03:40:10.462+0000][1][safepoint    ] Total time for which application threads were stopped: 0.0005392 seconds, Stopping threads took: 0.0003322 seconds
[2022-06-13T03:40:10.462+0000][1][safepoint    ] Application time: 0.0001581 seconds
[2022-06-13T03:40:10.462+0000][1][safepoint    ] Entering safepoint region: RevokeBias
[2022-06-13T03:40:10.462+0000][1][safepoint    ] Leaving safepoint region
[2022-06-13T03:40:10.462+0000][1][safepoint    ] Total time for which application threads were stopped: 0.0004012 seconds, Stopping threads took: 0.0001206 seconds
[2022-06-13T03:40:10.463+0000][1][safepoint    ] Application time: 0.0001840 seconds
[2022-06-13T03:40:10.463+0000][1][safepoint    ] Entering safepoint region: BulkRevokeBias
[2022-06-13T03:40:10.463+0000][1][safepoint    ] Leaving safepoint region
[2022-06-13T03:40:10.464+0000][1][safepoint    ] Total time for which application threads were stopped: 0.0006349 seconds, Stopping threads took: 0.0001775 seconds
[2022-06-13T03:40:10.464+0000][1][safepoint    ] Application time: 0.0002495 seconds
[2022-06-13T03:40:10.464+0000][1][safepoint    ] Entering safepoint region: RevokeBias
[2022-06-13T03:40:10.464+0000][1][safepoint    ] Leaving safepoint region
[2022-06-13T03:40:10.465+0000][1][safepoint    ] Total time for which application threads were stopped: 0.0004029 seconds, Stopping threads took: 0.0001688 seconds
[2022-06-13T03:40:10.465+0000][1][safepoint    ] Application time: 0.0003468 seconds
[2022-06-13T03:40:10.465+0000][1][safepoint    ] Entering safepoint region: RevokeBias
[2022-06-13T03:40:10.466+0000][1][safepoint    ] Leaving safepoint region
[2022-06-13T03:40:10.466+0000][1][safepoint    ] Total time for which application threads were stopped: 0.0004527 seconds, Stopping threads took: 0.0002137 seconds
[2022-06-13T03:40:10.466+0000][1][safepoint    ] Application time: 0.0001444 seconds
[2022-06-13T03:40:10.466+0000][1][safepoint    ] Entering safepoint region: RevokeBias
[2022-06-13T03:40:10.467+0000][1][safepoint    ] Leaving safepoint region
[2022-06-13T03:40:10.467+0000][1][safepoint    ] Total time for which application threads were stopped: 0.0003791 seconds, Stopping threads took: 0.0001628 seconds
[2022-06-13T03:40:10.467+0000][1][safepoint    ] Application time: 0.0001232 seconds
[2022-06-13T03:40:10.467+0000][1][safepoint    ] Entering safepoint region: RevokeBias
[2022-06-13T03:40:10.467+0000][1][safepoint    ] Leaving safepoint region
[2022-06-13T03:40:10.467+0000][1][safepoint    ] Total time for which application threads were stopped: 0.0003021 seconds, Stopping threads took: 0.0001451 seconds
[2022-06-13T03:40:10.468+0000][1][safepoint    ] Application time: 0.0004718 seconds
[2022-06-13T03:40:10.468+0000][1][safepoint    ] Entering safepoint region: RevokeBias
[2022-06-13T03:40:10.468+0000][1][safepoint    ] Leaving safepoint region
[2022-06-13T03:40:10.469+0000][1][safepoint    ] Total time for which application threads were stopped: 0.0003438 seconds, Stopping threads took: 0.0002018 seconds
[2022-06-13T03:40:10.469+0000][1][safepoint    ] Application time: 0.0002281 seconds
[2022-06-13T03:40:10.469+0000][1][safepoint    ] Entering safepoint region: RevokeBias
[2022-06-13T03:40:10.469+0000][1][safepoint    ] Leaving safepoint region
[2022-06-13T03:40:10.470+0000][1][safepoint    ] Total time for which application threads were stopped: 0.0003797 seconds, Stopping threads took: 0.0001856 seconds
[2022-06-13T03:40:10.470+0000][1][safepoint    ] Application time: 0.0001313 seconds
[2022-06-13T03:40:10.470+0000][1][safepoint    ] Entering safepoint region: RevokeBias
[2022-06-13T03:40:10.470+0000][1][safepoint    ] Leaving safepoint region
[2022-06-13T03:40:10.470+0000][1][safepoint    ] Total time for which application threads were stopped: 0.0003406 seconds, Stopping threads took: 0.0001876 seconds
[2022-06-13T03:40:10.470+0000][1][safepoint    ] Application time: 0.0000949 seconds
[2022-06-13T03:40:10.471+0000][1][safepoint    ] Entering safepoint region: RevokeBias
[2022-06-13T03:40:10.471+0000][1][safepoint    ] Leaving safepoint region
[2022-06-13T03:40:10.471+0000][1][safepoint    ] Total time for which application threads were stopped: 0.0006884 seconds, Stopping threads took: 0.0003669 seconds
[2022-06-13T03:40:10.472+0000][1][safepoint    ] Application time: 0.0006839 seconds
[2022-06-13T03:40:10.473+0000][1][safepoint    ] Entering safepoint region: RevokeBias
[2022-06-13T03:40:10.473+0000][1][safepoint    ] Leaving safepoint region
[2022-06-13T03:40:10.473+0000][1][safepoint    ] Total time for which application threads were stopped: 0.0003484 seconds, Stopping threads took: 0.0001892 seconds
[2022-06-13T03:40:10.475+0000][1][safepoint    ] Application time: 0.0018376 seconds
[2022-06-13T03:40:10.475+0000][1][safepoint    ] Entering safepoint region: RevokeBias
[2022-06-13T03:40:10.476+0000][1][safepoint    ] Leaving safepoint region
[2022-06-13T03:40:10.476+0000][1][safepoint    ] Total time for which application threads were stopped: 0.0005184 seconds, Stopping threads took: 0.0002289 seconds
[2022-06-13T03:40:10.476+0000][1][safepoint    ] Application time: 0.0005024 seconds
[2022-06-13T03:40:10.477+0000][1][safepoint    ] Entering safepoint region: RevokeBias
[2022-06-13T03:40:10.477+0000][1][safepoint    ] Leaving safepoint region
[2022-06-13T03:40:10.477+0000][1][safepoint    ] Total time for which application threads were stopped: 0.0007409 seconds, Stopping threads took: 0.0004254 seconds
[2022-06-13T03:40:10.478+0000][1][safepoint    ] Application time: 0.0003483 seconds
[2022-06-13T03:40:10.478+0000][1][safepoint    ] Entering safepoint region: RevokeBias
[2022-06-13T03:40:10.478+0000][1][safepoint    ] Leaving safepoint region
[2022-06-13T03:40:10.478+0000][1][safepoint    ] Total time for which application threads were stopped: 0.0004614 seconds, Stopping threads took: 0.0002204 seconds
[2022-06-13T03:40:10.479+0000][1][safepoint    ] Application time: 0.0004432 seconds
[2022-06-13T03:40:10.479+0000][1][safepoint    ] Entering safepoint region: RevokeBias
[2022-06-13T03:40:10.480+0000][1][safepoint    ] Leaving safepoint region
[2022-06-13T03:40:10.480+0000][1][safepoint    ] Total time for which application threads were stopped: 0.0006981 seconds, Stopping threads took: 0.0005012 seconds
[2022-06-13T03:40:10.481+0000][1][safepoint    ] Application time: 0.0003817 seconds
[2022-06-13T03:40:10.481+0000][1][safepoint    ] Entering safepoint region: RevokeBias
[2022-06-13T03:40:10.481+0000][1][safepoint    ] Leaving safepoint region
[2022-06-13T03:40:10.481+0000][1][safepoint    ] Total time for which application threads were stopped: 0.0004099 seconds, Stopping threads took: 0.0001901 seconds
[2022-06-13T03:40:10.482+0000][1][safepoint    ] Application time: 0.0002368 seconds
[2022-06-13T03:40:10.482+0000][1][safepoint    ] Entering safepoint region: RevokeBias
[2022-06-13T03:40:10.482+0000][1][safepoint    ] Leaving safepoint region
[2022-06-13T03:40:10.482+0000][1][safepoint    ] Total time for which application threads were stopped: 0.0004944 seconds, Stopping threads took: 0.0003031 seconds
[2022-06-13T03:40:10.482+0000][1][safepoint    ] Application time: 0.0001732 seconds
[2022-06-13T03:40:10.483+0000][1][safepoint    ] Entering safepoint region: RevokeBias
[2022-06-13T03:40:10.483+0000][1][safepoint    ] Leaving safepoint region
[2022-06-13T03:40:10.483+0000][1][safepoint    ] Total time for which application threads were stopped: 0.0004241 seconds, Stopping threads took: 0.0001886 seconds
[2022-06-13T03:40:10.483+0000][1][safepoint    ] Application time: 0.0000976 seconds
[2022-06-13T03:40:10.483+0000][1][safepoint    ] Entering safepoint region: RevokeBias
[2022-06-13T03:40:10.484+0000][1][safepoint    ] Leaving safepoint region
[2022-06-13T03:40:10.484+0000][1][safepoint    ] Total time for which application threads were stopped: 0.0003286 seconds, Stopping threads took: 0.0001213 seconds
[2022-06-13T03:40:10.484+0000][1][safepoint    ] Application time: 0.0002167 seconds
[2022-06-13T03:40:10.484+0000][1][safepoint    ] Entering safepoint region: RevokeBias
[2022-06-13T03:40:10.485+0000][1][safepoint    ] Leaving safepoint region
[2022-06-13T03:40:10.485+0000][1][safepoint    ] Total time for which application threads were stopped: 0.0006570 seconds, Stopping threads took: 0.0001220 seconds
[2022-06-13T03:40:10.486+0000][1][safepoint    ] Application time: 0.0004358 seconds
[2022-06-13T03:40:10.486+0000][1][safepoint    ] Entering safepoint region: RevokeBias
[2022-06-13T03:40:10.486+0000][1][safepoint    ] Leaving safepoint region
[2022-06-13T03:40:10.486+0000][1][safepoint    ] Total time for which application threads were stopped: 0.0004539 seconds, Stopping threads took: 0.0001715 seconds
[2022-06-13T03:40:10.487+0000][1][safepoint    ] Application time: 0.0002324 seconds
[2022-06-13T03:40:10.487+0000][1][safepoint    ] Entering safepoint region: RevokeBias
[2022-06-13T03:40:10.487+0000][1][safepoint    ] Leaving safepoint region
[2022-06-13T03:40:10.488+0000][1][safepoint    ] Total time for which application threads were stopped: 0.0005738 seconds, Stopping threads took: 0.0002799 seconds
[2022-06-13T03:40:10.488+0000][1][safepoint    ] Application time: 0.0000686 seconds
[2022-06-13T03:40:10.488+0000][1][safepoint    ] Entering safepoint region: RevokeBias
[2022-06-13T03:40:10.488+0000][1][safepoint    ] Leaving safepoint region
[2022-06-13T03:40:10.488+0000][1][safepoint    ] Total time for which application threads were stopped: 0.0004503 seconds, Stopping threads took: 0.0002640 seconds
[2022-06-13T03:40:10.489+0000][1][safepoint    ] Application time: 0.0002257 seconds
[2022-06-13T03:40:10.489+0000][1][safepoint    ] Entering safepoint region: RevokeBias
[2022-06-13T03:40:10.489+0000][1][safepoint    ] Leaving safepoint region
[2022-06-13T03:40:10.490+0000][1][safepoint    ] Total time for which application threads were stopped: 0.0007216 seconds, Stopping threads took: 0.0002603 seconds
[2022-06-13T03:40:10.490+0000][1][safepoint    ] Application time: 0.0001849 seconds
[2022-06-13T03:40:10.490+0000][1][safepoint    ] Entering safepoint region: RevokeBias
[2022-06-13T03:40:10.491+0000][1][safepoint    ] Leaving safepoint region
[2022-06-13T03:40:10.491+0000][1][safepoint    ] Total time for which application threads were stopped: 0.0003754 seconds, Stopping threads took: 0.0001545 seconds
[2022-06-13T03:40:10.491+0000][1][safepoint    ] Application time: 0.0002066 seconds
[2022-06-13T03:40:10.492+0000][1][safepoint    ] Entering safepoint region: RevokeBias
[2022-06-13T03:40:10.492+0000][1][safepoint    ] Leaving safepoint region
[2022-06-13T03:40:10.492+0000][1][safepoint    ] Total time for which application threads were stopped: 0.0003868 seconds, Stopping threads took: 0.0002189 seconds
[2022-06-13T03:40:10.492+0000][1][safepoint    ] Application time: 0.0001070 seconds
[2022-06-13T03:40:10.492+0000][1][safepoint    ] Entering safepoint region: RevokeBias
[2022-06-13T03:40:10.492+0000][1][safepoint    ] Leaving safepoint region
[2022-06-13T03:40:10.492+0000][1][safepoint    ] Total time for which application threads were stopped: 0.0003238 seconds, Stopping threads took: 0.0001640 seconds
[2022-06-13T03:40:10.631+0000][1][safepoint    ] Application time: 0.1383358 seconds
[2022-06-13T03:40:10.632+0000][1][safepoint    ] Entering safepoint region: RevokeBias
[2022-06-13T03:40:10.632+0000][1][safepoint    ] Leaving safepoint region
[2022-06-13T03:40:10.633+0000][1][safepoint    ] Total time for which application threads were stopped: 0.0015362 seconds, Stopping threads took: 0.0005970 seconds
[2022-06-13T03:40:10.634+0000][1][safepoint    ] Application time: 0.0006900 seconds
[2022-06-13T03:40:10.635+0000][1][safepoint    ] Entering safepoint region: RevokeBias
[2022-06-13T03:40:10.635+0000][1][safepoint    ] Leaving safepoint region
[2022-06-13T03:40:10.636+0000][1][safepoint    ] Total time for which application threads were stopped: 0.0010872 seconds, Stopping threads took: 0.0006621 seconds
[2022-06-13T03:40:10.637+0000][1][safepoint    ] Application time: 0.0001624 seconds
[2022-06-13T03:40:10.637+0000][1][safepoint    ] Entering safepoint region: RevokeBias
[2022-06-13T03:40:10.638+0000][1][safepoint    ] Leaving safepoint region
[2022-06-13T03:40:10.638+0000][1][safepoint    ] Total time for which application threads were stopped: 0.0010265 seconds, Stopping threads took: 0.0005180 seconds
[2022-06-13T03:40:10.639+0000][1][safepoint    ] Application time: 0.0001898 seconds
[2022-06-13T03:40:10.639+0000][1][safepoint    ] Entering safepoint region: RevokeBias
[2022-06-13T03:40:10.639+0000][1][safepoint    ] Leaving safepoint region
[2022-06-13T03:40:10.639+0000][1][safepoint    ] Total time for which application threads were stopped: 0.0003228 seconds, Stopping threads took: 0.0001726 seconds
[2022-06-13T03:40:10.640+0000][1][safepoint    ] Application time: 0.0001309 seconds
[2022-06-13T03:40:10.640+0000][1][safepoint    ] Entering safepoint region: RevokeBias
[2022-06-13T03:40:10.640+0000][1][safepoint    ] Leaving safepoint region
[2022-06-13T03:40:10.640+0000][1][safepoint    ] Total time for which application threads were stopped: 0.0003611 seconds, Stopping threads took: 0.0002314 seconds
[2022-06-13T03:40:10.640+0000][1][safepoint    ] Application time: 0.0002159 seconds
[2022-06-13T03:40:10.641+0000][1][safepoint    ] Entering safepoint region: RevokeBias
[2022-06-13T03:40:10.641+0000][1][safepoint    ] Leaving safepoint region
[2022-06-13T03:40:10.641+0000][1][safepoint    ] Total time for which application threads were stopped: 0.0002472 seconds, Stopping threads took: 0.0001017 seconds
[2022-06-13T03:40:10.643+0000][1][safepoint    ] Application time: 0.0024379 seconds
[2022-06-13T03:40:10.644+0000][1][safepoint    ] Entering safepoint region: RevokeBias
[2022-06-13T03:40:10.644+0000][1][safepoint    ] Leaving safepoint region
[2022-06-13T03:40:10.644+0000][1][safepoint    ] Total time for which application threads were stopped: 0.0005659 seconds, Stopping threads took: 0.0003123 seconds
[2022-06-13T03:40:10.646+0000][1][safepoint    ] Application time: 0.0013356 seconds
[2022-06-13T03:40:10.646+0000][1][safepoint    ] Entering safepoint region: RevokeBias
[2022-06-13T03:40:10.646+0000][1][safepoint    ] Leaving safepoint region
[2022-06-13T03:40:10.646+0000][1][safepoint    ] Total time for which application threads were stopped: 0.0002827 seconds, Stopping threads took: 0.0001458 seconds
[2022-06-13T03:40:10.647+0000][1][safepoint    ] Application time: 0.0001167 seconds
[2022-06-13T03:40:10.647+0000][1][safepoint    ] Entering safepoint region: RevokeBias
[2022-06-13T03:40:10.647+0000][1][safepoint    ] Leaving safepoint region
[2022-06-13T03:40:10.647+0000][1][safepoint    ] Total time for which application threads were stopped: 0.0004222 seconds, Stopping threads took: 0.0002221 seconds
[2022-06-13T03:40:10.647+0000][1][safepoint    ] Application time: 0.0001347 seconds
[2022-06-13T03:40:10.648+0000][1][safepoint    ] Entering safepoint region: RevokeBias
[2022-06-13T03:40:10.648+0000][1][safepoint    ] Leaving safepoint region
[2022-06-13T03:40:10.648+0000][1][safepoint    ] Total time for which application threads were stopped: 0.0002409 seconds, Stopping threads took: 0.0001236 seconds
[2022-06-13T03:40:10.648+0000][1][safepoint    ] Application time: 0.0000918 seconds
[2022-06-13T03:40:10.648+0000][1][safepoint    ] Entering safepoint region: RevokeBias
[2022-06-13T03:40:10.648+0000][1][safepoint    ] Leaving safepoint region
[2022-06-13T03:40:10.648+0000][1][safepoint    ] Total time for which application threads were stopped: 0.0001764 seconds, Stopping threads took: 0.0000795 seconds
[2022-06-13T03:40:10.648+0000][1][safepoint    ] Application time: 0.0000701 seconds
[2022-06-13T03:40:10.649+0000][1][safepoint    ] Entering safepoint region: RevokeBias
[2022-06-13T03:40:10.649+0000][1][safepoint    ] Leaving safepoint region
[2022-06-13T03:40:10.649+0000][1][safepoint    ] Total time for which application threads were stopped: 0.0001799 seconds, Stopping threads took: 0.0000865 seconds
[2022-06-13T03:40:10.649+0000][1][safepoint    ] Application time: 0.0001153 seconds
[2022-06-13T03:40:10.649+0000][1][safepoint    ] Entering safepoint region: RevokeBias
[2022-06-13T03:40:10.649+0000][1][safepoint    ] Leaving safepoint region
[2022-06-13T03:40:10.649+0000][1][safepoint    ] Total time for which application threads were stopped: 0.0003818 seconds, Stopping threads took: 0.0002351 seconds
[2022-06-13T03:40:10.650+0000][1][safepoint    ] Application time: 0.0000899 seconds
[2022-06-13T03:40:10.650+0000][1][safepoint    ] Entering safepoint region: RevokeBias
[2022-06-13T03:40:10.650+0000][1][safepoint    ] Leaving safepoint region
[2022-06-13T03:40:10.650+0000][1][safepoint    ] Total time for which application threads were stopped: 0.0002369 seconds, Stopping threads took: 0.0001240 seconds
[2022-06-13T03:40:10.650+0000][1][safepoint    ] Application time: 0.0000885 seconds
[2022-06-13T03:40:10.650+0000][1][safepoint    ] Entering safepoint region: RevokeBias
[2022-06-13T03:40:10.650+0000][1][safepoint    ] Leaving safepoint region
[2022-06-13T03:40:10.650+0000][1][safepoint    ] Total time for which application threads were stopped: 0.0001954 seconds, Stopping threads took: 0.0000843 seconds
[2022-06-13T03:40:10.651+0000][1][safepoint    ] Application time: 0.0000768 seconds
[2022-06-13T03:40:10.651+0000][1][safepoint    ] Entering safepoint region: RevokeBias
[2022-06-13T03:40:10.651+0000][1][safepoint    ] Leaving safepoint region
[2022-06-13T03:40:10.651+0000][1][safepoint    ] Total time for which application threads were stopped: 0.0001920 seconds, Stopping threads took: 0.0000933 seconds
[2022-06-13T03:40:10.651+0000][1][safepoint    ] Application time: 0.0000910 seconds
[2022-06-13T03:40:10.651+0000][1][safepoint    ] Entering safepoint region: RevokeBias
[2022-06-13T03:40:10.651+0000][1][safepoint    ] Leaving safepoint region
[2022-06-13T03:40:10.651+0000][1][safepoint    ] Total time for which application threads were stopped: 0.0001930 seconds, Stopping threads took: 0.0000846 seconds
[2022-06-13T03:40:10.652+0000][1][safepoint    ] Application time: 0.0001040 seconds
[2022-06-13T03:40:10.652+0000][1][safepoint    ] Entering safepoint region: BulkRevokeBias
[2022-06-13T03:40:10.652+0000][1][safepoint    ] Leaving safepoint region
[2022-06-13T03:40:10.652+0000][1][safepoint    ] Total time for which application threads were stopped: 0.0002646 seconds, Stopping threads took: 0.0001016 seconds
[2022-06-13T03:40:10.654+0000][1][safepoint    ] Application time: 0.0014335 seconds
[2022-06-13T03:40:10.654+0000][1][safepoint    ] Entering safepoint region: RevokeBias
[2022-06-13T03:40:10.654+0000][1][safepoint    ] Leaving safepoint region
[2022-06-13T03:40:10.654+0000][1][safepoint    ] Total time for which application threads were stopped: 0.0002052 seconds, Stopping threads took: 0.0000949 seconds
[2022-06-13T03:40:10.658+0000][1][safepoint    ] Application time: 0.0040381 seconds
[2022-06-13T03:40:10.658+0000][1][safepoint    ] Entering safepoint region: RevokeBias
[2022-06-13T03:40:10.658+0000][1][safepoint    ] Leaving safepoint region
[2022-06-13T03:40:10.658+0000][1][safepoint    ] Total time for which application threads were stopped: 0.0002187 seconds, Stopping threads took: 0.0001049 seconds
[2022-06-13T03:40:10.659+0000][1][safepoint    ] Application time: 0.0004075 seconds
[2022-06-13T03:40:10.659+0000][1][safepoint    ] Entering safepoint region: RevokeBias
[2022-06-13T03:40:10.659+0000][1][safepoint    ] Leaving safepoint region
[2022-06-13T03:40:10.660+0000][1][safepoint    ] Total time for which application threads were stopped: 0.0004592 seconds, Stopping threads took: 0.0001904 seconds
[2022-06-13T03:40:10.661+0000][1][safepoint    ] Application time: 0.0008041 seconds
[2022-06-13T03:40:10.661+0000][1][safepoint    ] Entering safepoint region: RevokeBias
[2022-06-13T03:40:10.661+0000][1][safepoint    ] Leaving safepoint region
[2022-06-13T03:40:10.661+0000][1][safepoint    ] Total time for which application threads were stopped: 0.0001832 seconds, Stopping threads took: 0.0000885 seconds
[2022-06-13T03:40:10.661+0000][1][safepoint    ] Application time: 0.0003422 seconds
[2022-06-13T03:40:10.662+0000][1][safepoint    ] Entering safepoint region: RevokeBias
[2022-06-13T03:40:10.662+0000][1][safepoint    ] Leaving safepoint region
[2022-06-13T03:40:10.662+0000][1][safepoint    ] Total time for which application threads were stopped: 0.0004358 seconds, Stopping threads took: 0.0002954 seconds
[2022-06-13T03:40:10.664+0000][1][safepoint    ] Application time: 0.0016266 seconds
[2022-06-13T03:40:10.664+0000][1][safepoint    ] Entering safepoint region: RevokeBias
[2022-06-13T03:40:10.664+0000][1][safepoint    ] Leaving safepoint region
[2022-06-13T03:40:10.664+0000][1][safepoint    ] Total time for which application threads were stopped: 0.0004101 seconds, Stopping threads took: 0.0001700 seconds
[2022-06-13T03:40:10.665+0000][1][safepoint    ] Application time: 0.0001646 seconds
[2022-06-13T03:40:10.665+0000][1][safepoint    ] Entering safepoint region: RevokeBias
[2022-06-13T03:40:10.665+0000][1][safepoint    ] Leaving safepoint region
[2022-06-13T03:40:10.665+0000][1][safepoint    ] Total time for which application threads were stopped: 0.0005430 seconds, Stopping threads took: 0.0002742 seconds
[2022-06-13T03:40:10.668+0000][1][safepoint    ] Application time: 0.0020475 seconds
[2022-06-13T03:40:10.668+0000][1][safepoint    ] Entering safepoint region: RevokeBias
[2022-06-13T03:40:10.668+0000][1][safepoint    ] Leaving safepoint region
[2022-06-13T03:40:10.668+0000][1][safepoint    ] Total time for which application threads were stopped: 0.0003397 seconds, Stopping threads took: 0.0002091 seconds
[2022-06-13T03:40:10.670+0000][1][gc,heap,exit ] Heap
[2022-06-13T03:40:10.671+0000][1][gc,heap,exit ]  par new generation   total 78656K, used 41229K [0x00000000f0000000, 0x00000000f5550000, 0x00000000f5550000)
[2022-06-13T03:40:10.671+0000][1][gc,heap,exit ]   eden space 69952K,  54% used [0x00000000f0000000, 0x00000000f25045b0, 0x00000000f4450000)
[2022-06-13T03:40:10.671+0000][1][gc,heap,exit ]   from space 8704K,  38% used [0x00000000f4450000, 0x00000000f478f010, 0x00000000f4cd0000)
[2022-06-13T03:40:10.671+0000][1][gc,heap,exit ]   to   space 8704K,   0% used [0x00000000f4cd0000, 0x00000000f4cd0000, 0x00000000f5550000)
[2022-06-13T03:40:10.672+0000][1][gc,heap,exit ]  concurrent mark-sweep generation total 174784K, used 68333K [0x00000000f5550000, 0x0000000100000000, 0x0000000100000000)
[2022-06-13T03:40:10.672+0000][1][gc,heap,exit ]  Metaspace       used 68341K, capacity 73389K, committed 73540K, reserved 1112064K
[2022-06-13T03:40:10.672+0000][1][gc,heap,exit ]   class space    used 9194K, capacity 11305K, committed 11308K, reserved 1048576K
[2022-06-13T03:40:10.673+0000][1][safepoint    ] Application time: 0.0043044 seconds
[2022-06-13T03:40:10.673+0000][1][safepoint    ] Entering safepoint region: Exit
