[2022-06-13T03:23:28.225+0000][1][gc] Using Concurrent Mark Sweep
[2022-06-13T03:23:28.225+0000][1][gc,heap,coops] Heap address: 0x00000000f0000000, size: 256 MB, Compressed Oops mode: 32-bit
[2022-06-13T03:23:28.252+0000][1][safepoint    ] Entering safepoint region: EnableBiasedLocking
[2022-06-13T03:23:28.252+0000][1][safepoint    ] Leaving safepoint region
[2022-06-13T03:23:28.253+0000][1][safepoint    ] Total time for which application threads were stopped: 0.0007577 seconds, Stopping threads took: 0.0003658 seconds
[2022-06-13T03:23:28.255+0000][1][safepoint    ] Application time: 0.0021739 seconds
[2022-06-13T03:23:28.256+0000][1][safepoint    ] Entering safepoint region: RevokeBias
[2022-06-13T03:23:28.290+0000][1][safepoint    ] Leaving safepoint region
[2022-06-13T03:23:28.291+0000][1][safepoint    ] Total time for which application threads were stopped: 0.0351848 seconds, Stopping threads took: 0.0349163 seconds
[2022-06-13T03:23:28.299+0000][1][safepoint    ] Application time: 0.0079237 seconds
[2022-06-13T03:23:28.299+0000][1][safepoint    ] Entering safepoint region: Deoptimize
[2022-06-13T03:23:28.299+0000][1][safepoint    ] Leaving safepoint region
[2022-06-13T03:23:28.299+0000][1][safepoint    ] Total time for which application threads were stopped: 0.0003542 seconds, Stopping threads took: 0.0001742 seconds
[2022-06-13T03:23:28.368+0000][1][safepoint    ] Application time: 0.0682067 seconds
[2022-06-13T03:23:28.368+0000][1][safepoint    ] Entering safepoint region: RevokeBias
[2022-06-13T03:23:28.368+0000][1][safepoint    ] Leaving safepoint region
[2022-06-13T03:23:28.368+0000][1][safepoint    ] Total time for which application threads were stopped: 0.0003314 seconds, Stopping threads took: 0.0001966 seconds
[2022-06-13T03:23:28.385+0000][1][safepoint    ] Application time: 0.0170298 seconds
[2022-06-13T03:23:28.386+0000][1][safepoint    ] Entering safepoint region: Deoptimize
[2022-06-13T03:23:28.386+0000][1][safepoint    ] Leaving safepoint region
[2022-06-13T03:23:28.386+0000][1][safepoint    ] Total time for which application threads were stopped: 0.0002990 seconds, Stopping threads took: 0.0001566 seconds
[2022-06-13T03:23:28.559+0000][1][safepoint    ] Application time: 0.1727708 seconds
[2022-06-13T03:23:28.560+0000][1][safepoint    ] Entering safepoint region: Deoptimize
[2022-06-13T03:23:28.560+0000][1][safepoint    ] Leaving safepoint region
[2022-06-13T03:23:28.560+0000][1][safepoint    ] Total time for which application threads were stopped: 0.0004271 seconds, Stopping threads took: 0.0001694 seconds
[2022-06-13T03:23:28.574+0000][1][safepoint    ] Application time: 0.0138735 seconds
[2022-06-13T03:23:28.574+0000][1][safepoint    ] Entering safepoint region: Deoptimize
[2022-06-13T03:23:28.575+0000][1][safepoint    ] Leaving safepoint region
[2022-06-13T03:23:28.575+0000][1][safepoint    ] Total time for which application threads were stopped: 0.0005048 seconds, Stopping threads took: 0.0002471 seconds
[2022-06-13T03:23:28.588+0000][1][safepoint    ] Application time: 0.0134283 seconds
[2022-06-13T03:23:28.589+0000][1][safepoint    ] Entering safepoint region: Deoptimize
[2022-06-13T03:23:28.589+0000][1][safepoint    ] Leaving safepoint region
[2022-06-13T03:23:28.589+0000][1][safepoint    ] Total time for which application threads were stopped: 0.0002909 seconds, Stopping threads took: 0.0001055 seconds
[2022-06-13T03:23:28.595+0000][1][safepoint    ] Application time: 0.0064034 seconds
[2022-06-13T03:23:28.596+0000][1][safepoint    ] Entering safepoint region: Deoptimize
[2022-06-13T03:23:28.596+0000][1][safepoint    ] Leaving safepoint region
[2022-06-13T03:23:28.596+0000][1][safepoint    ] Total time for which application threads were stopped: 0.0003090 seconds, Stopping threads took: 0.0001148 seconds
[2022-06-13T03:23:28.807+0000][1][safepoint    ] Application time: 0.2108667 seconds
[2022-06-13T03:23:28.807+0000][1][safepoint    ] Entering safepoint region: Deoptimize
[2022-06-13T03:23:28.807+0000][1][safepoint    ] Leaving safepoint region
[2022-06-13T03:23:28.808+0000][1][safepoint    ] Total time for which application threads were stopped: 0.0004283 seconds, Stopping threads took: 0.0001285 seconds
[2022-06-13T03:23:28.976+0000][1][safepoint    ] Application time: 0.1678887 seconds
[2022-06-13T03:23:28.976+0000][1][safepoint    ] Entering safepoint region: RevokeBias
[2022-06-13T03:23:28.976+0000][1][safepoint    ] Leaving safepoint region
[2022-06-13T03:23:28.976+0000][1][safepoint    ] Total time for which application threads were stopped: 0.0005409 seconds, Stopping threads took: 0.0002770 seconds
[2022-06-13T03:23:29.035+0000][1][safepoint    ] Application time: 0.0583336 seconds
[2022-06-13T03:23:29.035+0000][1][safepoint    ] Entering safepoint region: Deoptimize
[2022-06-13T03:23:29.035+0000][1][safepoint    ] Leaving safepoint region
[2022-06-13T03:23:29.036+0000][1][safepoint    ] Total time for which application threads were stopped: 0.0004791 seconds, Stopping threads took: 0.0002003 seconds
[2022-06-13T03:23:29.099+0000][1][safepoint    ] Application time: 0.0633312 seconds
[2022-06-13T03:23:29.099+0000][1][safepoint    ] Entering safepoint region: Deoptimize
[2022-06-13T03:23:29.100+0000][1][safepoint    ] Leaving safepoint region
[2022-06-13T03:23:29.100+0000][1][safepoint    ] Total time for which application threads were stopped: 0.0007618 seconds, Stopping threads took: 0.0002366 seconds
[2022-06-13T03:23:29.100+0000][1][safepoint    ] Application time: 0.0001819 seconds
[2022-06-13T03:23:29.101+0000][1][safepoint    ] Entering safepoint region: Deoptimize
[2022-06-13T03:23:29.101+0000][1][safepoint    ] Leaving safepoint region
[2022-06-13T03:23:29.101+0000][1][safepoint    ] Total time for which application threads were stopped: 0.0006482 seconds, Stopping threads took: 0.0003502 seconds
[2022-06-13T03:23:29.116+0000][1][safepoint    ] Application time: 0.0149130 seconds
[2022-06-13T03:23:29.117+0000][1][safepoint    ] Entering safepoint region: Deoptimize
[2022-06-13T03:23:29.117+0000][1][safepoint    ] Leaving safepoint region
[2022-06-13T03:23:29.117+0000][1][safepoint    ] Total time for which application threads were stopped: 0.0005848 seconds, Stopping threads took: 0.0001984 seconds
[2022-06-13T03:23:29.125+0000][1][safepoint    ] Application time: 0.0075998 seconds
[2022-06-13T03:23:29.125+0000][1][safepoint    ] Entering safepoint region: Deoptimize
[2022-06-13T03:23:29.126+0000][1][safepoint    ] Leaving safepoint region
[2022-06-13T03:23:29.126+0000][1][safepoint    ] Total time for which application threads were stopped: 0.0005311 seconds, Stopping threads took: 0.0001941 seconds
[2022-06-13T03:23:29.131+0000][1][safepoint    ] Application time: 0.0043729 seconds
[2022-06-13T03:23:29.131+0000][1][safepoint    ] Entering safepoint region: RevokeBias
[2022-06-13T03:23:29.131+0000][1][safepoint    ] Leaving safepoint region
[2022-06-13T03:23:29.131+0000][1][safepoint    ] Total time for which application threads were stopped: 0.0003084 seconds, Stopping threads took: 0.0001439 seconds
[2022-06-13T03:23:29.131+0000][1][safepoint    ] Application time: 0.0001728 seconds
[2022-06-13T03:23:29.132+0000][1][safepoint    ] Entering safepoint region: RevokeBias
[2022-06-13T03:23:29.132+0000][1][safepoint    ] Leaving safepoint region
[2022-06-13T03:23:29.132+0000][1][safepoint    ] Total time for which application threads were stopped: 0.0003325 seconds, Stopping threads took: 0.0001616 seconds
[2022-06-13T03:23:29.132+0000][1][safepoint    ] Application time: 0.0001478 seconds
[2022-06-13T03:23:29.132+0000][1][safepoint    ] Entering safepoint region: RevokeBias
[2022-06-13T03:23:29.133+0000][1][safepoint    ] Leaving safepoint region
[2022-06-13T03:23:29.133+0000][1][safepoint    ] Total time for which application threads were stopped: 0.0003315 seconds, Stopping threads took: 0.0001641 seconds
[2022-06-13T03:23:29.133+0000][1][safepoint    ] Application time: 0.0001675 seconds
[2022-06-13T03:23:29.133+0000][1][safepoint    ] Entering safepoint region: RevokeBias
[2022-06-13T03:23:29.133+0000][1][safepoint    ] Leaving safepoint region
[2022-06-13T03:23:29.133+0000][1][safepoint    ] Total time for which application threads were stopped: 0.0002451 seconds, Stopping threads took: 0.0001361 seconds
[2022-06-13T03:23:29.138+0000][1][safepoint    ] Application time: 0.0045730 seconds
[2022-06-13T03:23:29.138+0000][1][safepoint    ] Entering safepoint region: Deoptimize
[2022-06-13T03:23:29.138+0000][1][safepoint    ] Leaving safepoint region
[2022-06-13T03:23:29.139+0000][1][safepoint    ] Total time for which application threads were stopped: 0.0004174 seconds, Stopping threads took: 0.0001238 seconds
[2022-06-13T03:23:29.204+0000][1][safepoint    ] Application time: 0.0653964 seconds
[2022-06-13T03:23:29.204+0000][1][safepoint    ] Entering safepoint region: GenCollectForAllocation
[2022-06-13T03:23:29.205+0000][1][gc,start     ] GC(0) Pause Young (Allocation Failure)
[2022-06-13T03:23:29.206+0000][1][gc,task      ] GC(0) Using 5 workers of 13 for evacuation
[2022-06-13T03:23:29.209+0000][1][gc,age       ] GC(0) Desired survivor size 4456448 bytes, new threshold 1 (max threshold 6)
[2022-06-13T03:23:29.210+0000][1][gc,age       ] GC(0) Age table with threshold 1 (max threshold 6)
[2022-06-13T03:23:29.210+0000][1][gc,age       ] GC(0) - age   1:    6368376 bytes,    6368376 total
[2022-06-13T03:23:29.210+0000][1][gc,heap      ] GC(0) ParNew: 69952K->6294K(78656K)
[2022-06-13T03:23:29.210+0000][1][gc,heap      ] GC(0) CMS: 0K->0K(174784K)
[2022-06-13T03:23:29.210+0000][1][gc,metaspace ] GC(0) Metaspace: 12333K->12333K(1060864K)
[2022-06-13T03:23:29.211+0000][1][gc           ] GC(0) Pause Young (Allocation Failure) 68M->6M(247M) 5.726ms
[2022-06-13T03:23:29.211+0000][1][gc,cpu       ] GC(0) User=0.02s Sys=0.01s Real=0.01s
[2022-06-13T03:23:29.211+0000][1][safepoint    ] Leaving safepoint region
[2022-06-13T03:23:29.211+0000][1][safepoint    ] Total time for which application threads were stopped: 0.0065987 seconds, Stopping threads took: 0.0003823 seconds
[2022-06-13T03:23:29.211+0000][1][safepoint    ] Application time: 0.0003885 seconds
[2022-06-13T03:23:29.212+0000][1][safepoint    ] Entering safepoint region: RevokeBias
[2022-06-13T03:23:29.212+0000][1][safepoint    ] Leaving safepoint region
[2022-06-13T03:23:29.212+0000][1][safepoint    ] Total time for which application threads were stopped: 0.0003206 seconds, Stopping threads took: 0.0001795 seconds
[2022-06-13T03:23:29.212+0000][1][safepoint    ] Application time: 0.0001173 seconds
[2022-06-13T03:23:29.212+0000][1][safepoint    ] Entering safepoint region: RevokeBias
[2022-06-13T03:23:29.212+0000][1][safepoint    ] Leaving safepoint region
[2022-06-13T03:23:29.213+0000][1][safepoint    ] Total time for which application threads were stopped: 0.0002372 seconds, Stopping threads took: 0.0001250 seconds
[2022-06-13T03:23:29.213+0000][1][safepoint    ] Application time: 0.0001544 seconds
[2022-06-13T03:23:29.213+0000][1][safepoint    ] Entering safepoint region: RevokeBias
[2022-06-13T03:23:29.213+0000][1][safepoint    ] Leaving safepoint region
[2022-06-13T03:23:29.213+0000][1][safepoint    ] Total time for which application threads were stopped: 0.0002212 seconds, Stopping threads took: 0.0001298 seconds
[2022-06-13T03:23:29.213+0000][1][safepoint    ] Application time: 0.0000836 seconds
[2022-06-13T03:23:29.213+0000][1][safepoint    ] Entering safepoint region: RevokeBias
[2022-06-13T03:23:29.213+0000][1][safepoint    ] Leaving safepoint region
[2022-06-13T03:23:29.214+0000][1][safepoint    ] Total time for which application threads were stopped: 0.0002054 seconds, Stopping threads took: 0.0000990 seconds
[2022-06-13T03:23:29.214+0000][1][safepoint    ] Application time: 0.0001510 seconds
[2022-06-13T03:23:29.214+0000][1][safepoint    ] Entering safepoint region: RevokeBias
[2022-06-13T03:23:29.214+0000][1][safepoint    ] Leaving safepoint region
[2022-06-13T03:23:29.214+0000][1][safepoint    ] Total time for which application threads were stopped: 0.0002496 seconds, Stopping threads took: 0.0001154 seconds
[2022-06-13T03:23:29.214+0000][1][safepoint    ] Application time: 0.0001074 seconds
[2022-06-13T03:23:29.215+0000][1][safepoint    ] Entering safepoint region: RevokeBias
[2022-06-13T03:23:29.215+0000][1][safepoint    ] Leaving safepoint region
[2022-06-13T03:23:29.215+0000][1][safepoint    ] Total time for which application threads were stopped: 0.0003228 seconds, Stopping threads took: 0.0002038 seconds
[2022-06-13T03:23:29.215+0000][1][safepoint    ] Application time: 0.0001005 seconds
[2022-06-13T03:23:29.215+0000][1][safepoint    ] Entering safepoint region: RevokeBias
[2022-06-13T03:23:29.215+0000][1][safepoint    ] Leaving safepoint region
[2022-06-13T03:23:29.216+0000][1][safepoint    ] Total time for which application threads were stopped: 0.0012256 seconds, Stopping threads took: 0.0001397 seconds
[2022-06-13T03:23:29.217+0000][1][safepoint    ] Application time: 0.0000758 seconds
[2022-06-13T03:23:29.217+0000][1][safepoint    ] Entering safepoint region: RevokeBias
[2022-06-13T03:23:29.217+0000][1][safepoint    ] Leaving safepoint region
[2022-06-13T03:23:29.217+0000][1][safepoint    ] Total time for which application threads were stopped: 0.0002218 seconds, Stopping threads took: 0.0001060 seconds
[2022-06-13T03:23:29.217+0000][1][safepoint    ] Application time: 0.0001953 seconds
[2022-06-13T03:23:29.217+0000][1][safepoint    ] Entering safepoint region: RevokeBias
[2022-06-13T03:23:29.218+0000][1][safepoint    ] Leaving safepoint region
[2022-06-13T03:23:29.218+0000][1][safepoint    ] Total time for which application threads were stopped: 0.0003085 seconds, Stopping threads took: 0.0001610 seconds
[2022-06-13T03:23:29.218+0000][1][safepoint    ] Application time: 0.0000853 seconds
[2022-06-13T03:23:29.218+0000][1][safepoint    ] Entering safepoint region: RevokeBias
[2022-06-13T03:23:29.218+0000][1][safepoint    ] Leaving safepoint region
[2022-06-13T03:23:29.218+0000][1][safepoint    ] Total time for which application threads were stopped: 0.0002807 seconds, Stopping threads took: 0.0001325 seconds
[2022-06-13T03:23:29.218+0000][1][safepoint    ] Application time: 0.0000887 seconds
[2022-06-13T03:23:29.219+0000][1][safepoint    ] Entering safepoint region: RevokeBias
[2022-06-13T03:23:29.219+0000][1][safepoint    ] Leaving safepoint region
[2022-06-13T03:23:29.219+0000][1][safepoint    ] Total time for which application threads were stopped: 0.0002326 seconds, Stopping threads took: 0.0001139 seconds
[2022-06-13T03:23:29.219+0000][1][safepoint    ] Application time: 0.0000991 seconds
[2022-06-13T03:23:29.219+0000][1][safepoint    ] Entering safepoint region: RevokeBias
[2022-06-13T03:23:29.219+0000][1][safepoint    ] Leaving safepoint region
[2022-06-13T03:23:29.219+0000][1][safepoint    ] Total time for which application threads were stopped: 0.0002745 seconds, Stopping threads took: 0.0001428 seconds
[2022-06-13T03:23:29.220+0000][1][safepoint    ] Application time: 0.0000832 seconds
[2022-06-13T03:23:29.220+0000][1][safepoint    ] Entering safepoint region: RevokeBias
[2022-06-13T03:23:29.220+0000][1][safepoint    ] Leaving safepoint region
[2022-06-13T03:23:29.220+0000][1][safepoint    ] Total time for which application threads were stopped: 0.0002204 seconds, Stopping threads took: 0.0001038 seconds
[2022-06-13T03:23:29.220+0000][1][safepoint    ] Application time: 0.0000723 seconds
[2022-06-13T03:23:29.220+0000][1][safepoint    ] Entering safepoint region: RevokeBias
[2022-06-13T03:23:29.220+0000][1][safepoint    ] Leaving safepoint region
[2022-06-13T03:23:29.220+0000][1][safepoint    ] Total time for which application threads were stopped: 0.0002156 seconds, Stopping threads took: 0.0000935 seconds
[2022-06-13T03:23:29.221+0000][1][safepoint    ] Application time: 0.0000835 seconds
[2022-06-13T03:23:29.221+0000][1][safepoint    ] Entering safepoint region: RevokeBias
[2022-06-13T03:23:29.221+0000][1][safepoint    ] Leaving safepoint region
[2022-06-13T03:23:29.221+0000][1][safepoint    ] Total time for which application threads were stopped: 0.0004304 seconds, Stopping threads took: 0.0002663 seconds
[2022-06-13T03:23:29.221+0000][1][safepoint    ] Application time: 0.0000686 seconds
[2022-06-13T03:23:29.222+0000][1][safepoint    ] Entering safepoint region: RevokeBias
[2022-06-13T03:23:29.222+0000][1][safepoint    ] Leaving safepoint region
[2022-06-13T03:23:29.222+0000][1][safepoint    ] Total time for which application threads were stopped: 0.0002236 seconds, Stopping threads took: 0.0001297 seconds
[2022-06-13T03:23:29.222+0000][1][safepoint    ] Application time: 0.0000931 seconds
[2022-06-13T03:23:29.222+0000][1][safepoint    ] Entering safepoint region: RevokeBias
[2022-06-13T03:23:29.222+0000][1][safepoint    ] Leaving safepoint region
[2022-06-13T03:23:29.222+0000][1][safepoint    ] Total time for which application threads were stopped: 0.0002013 seconds, Stopping threads took: 0.0000870 seconds
[2022-06-13T03:23:29.222+0000][1][safepoint    ] Application time: 0.0000711 seconds
[2022-06-13T03:23:29.222+0000][1][safepoint    ] Entering safepoint region: RevokeBias
[2022-06-13T03:23:29.223+0000][1][safepoint    ] Leaving safepoint region
[2022-06-13T03:23:29.223+0000][1][safepoint    ] Total time for which application threads were stopped: 0.0002085 seconds, Stopping threads took: 0.0000988 seconds
[2022-06-13T03:23:29.223+0000][1][safepoint    ] Application time: 0.0000808 seconds
[2022-06-13T03:23:29.223+0000][1][safepoint    ] Entering safepoint region: RevokeBias
[2022-06-13T03:23:29.223+0000][1][safepoint    ] Leaving safepoint region
[2022-06-13T03:23:29.223+0000][1][safepoint    ] Total time for which application threads were stopped: 0.0002999 seconds, Stopping threads took: 0.0001382 seconds
[2022-06-13T03:23:29.223+0000][1][safepoint    ] Application time: 0.0000819 seconds
[2022-06-13T03:23:29.224+0000][1][safepoint    ] Entering safepoint region: RevokeBias
[2022-06-13T03:23:29.224+0000][1][safepoint    ] Leaving safepoint region
[2022-06-13T03:23:29.224+0000][1][safepoint    ] Total time for which application threads were stopped: 0.0005240 seconds, Stopping threads took: 0.0002027 seconds
[2022-06-13T03:23:29.224+0000][1][safepoint    ] Application time: 0.0001235 seconds
[2022-06-13T03:23:29.225+0000][1][safepoint    ] Entering safepoint region: RevokeBias
[2022-06-13T03:23:29.225+0000][1][safepoint    ] Leaving safepoint region
[2022-06-13T03:23:29.225+0000][1][safepoint    ] Total time for which application threads were stopped: 0.0006621 seconds, Stopping threads took: 0.0003091 seconds
[2022-06-13T03:23:29.225+0000][1][safepoint    ] Application time: 0.0000872 seconds
[2022-06-13T03:23:29.226+0000][1][safepoint    ] Entering safepoint region: RevokeBias
[2022-06-13T03:23:29.226+0000][1][safepoint    ] Leaving safepoint region
[2022-06-13T03:23:29.226+0000][1][safepoint    ] Total time for which application threads were stopped: 0.0004570 seconds, Stopping threads took: 0.0002114 seconds
[2022-06-13T03:23:29.226+0000][1][safepoint    ] Application time: 0.0001800 seconds
[2022-06-13T03:23:29.227+0000][1][safepoint    ] Entering safepoint region: RevokeBias
[2022-06-13T03:23:29.227+0000][1][safepoint    ] Leaving safepoint region
[2022-06-13T03:23:29.227+0000][1][safepoint    ] Total time for which application threads were stopped: 0.0003617 seconds, Stopping threads took: 0.0002095 seconds
[2022-06-13T03:23:29.227+0000][1][safepoint    ] Application time: 0.0002227 seconds
[2022-06-13T03:23:29.228+0000][1][safepoint    ] Entering safepoint region: RevokeBias
[2022-06-13T03:23:29.228+0000][1][safepoint    ] Leaving safepoint region
[2022-06-13T03:23:29.228+0000][1][safepoint    ] Total time for which application threads were stopped: 0.0001907 seconds, Stopping threads took: 0.0000904 seconds
[2022-06-13T03:23:29.228+0000][1][safepoint    ] Application time: 0.0000738 seconds
[2022-06-13T03:23:29.228+0000][1][safepoint    ] Entering safepoint region: RevokeBias
[2022-06-13T03:23:29.228+0000][1][safepoint    ] Leaving safepoint region
[2022-06-13T03:23:29.228+0000][1][safepoint    ] Total time for which application threads were stopped: 0.0002079 seconds, Stopping threads took: 0.0001195 seconds
[2022-06-13T03:23:29.228+0000][1][safepoint    ] Application time: 0.0000906 seconds
[2022-06-13T03:23:29.229+0000][1][safepoint    ] Entering safepoint region: RevokeBias
[2022-06-13T03:23:29.229+0000][1][safepoint    ] Leaving safepoint region
[2022-06-13T03:23:29.229+0000][1][safepoint    ] Total time for which application threads were stopped: 0.0002893 seconds, Stopping threads took: 0.0001581 seconds
[2022-06-13T03:23:29.229+0000][1][safepoint    ] Application time: 0.0000880 seconds
[2022-06-13T03:23:29.229+0000][1][safepoint    ] Entering safepoint region: RevokeBias
[2022-06-13T03:23:29.229+0000][1][safepoint    ] Leaving safepoint region
[2022-06-13T03:23:29.229+0000][1][safepoint    ] Total time for which application threads were stopped: 0.0003186 seconds, Stopping threads took: 0.0001937 seconds
[2022-06-13T03:23:29.230+0000][1][safepoint    ] Application time: 0.0000727 seconds
[2022-06-13T03:23:29.230+0000][1][safepoint    ] Entering safepoint region: RevokeBias
[2022-06-13T03:23:29.230+0000][1][safepoint    ] Leaving safepoint region
[2022-06-13T03:23:29.230+0000][1][safepoint    ] Total time for which application threads were stopped: 0.0002247 seconds, Stopping threads took: 0.0001207 seconds
[2022-06-13T03:23:29.362+0000][1][safepoint    ] Application time: 0.1316528 seconds
[2022-06-13T03:23:29.362+0000][1][safepoint    ] Entering safepoint region: Deoptimize
[2022-06-13T03:23:29.362+0000][1][safepoint    ] Leaving safepoint region
[2022-06-13T03:23:29.362+0000][1][safepoint    ] Total time for which application threads were stopped: 0.0006088 seconds, Stopping threads took: 0.0001177 seconds
[2022-06-13T03:23:29.493+0000][1][safepoint    ] Application time: 0.1304876 seconds
[2022-06-13T03:23:29.493+0000][1][safepoint    ] Entering safepoint region: RevokeBias
[2022-06-13T03:23:29.494+0000][1][safepoint    ] Leaving safepoint region
[2022-06-13T03:23:29.494+0000][1][safepoint    ] Total time for which application threads were stopped: 0.0003632 seconds, Stopping threads took: 0.0001784 seconds
[2022-06-13T03:23:29.556+0000][1][safepoint    ] Application time: 0.0625602 seconds
[2022-06-13T03:23:29.557+0000][1][safepoint    ] Entering safepoint region: RevokeBias
[2022-06-13T03:23:29.557+0000][1][safepoint    ] Leaving safepoint region
[2022-06-13T03:23:29.557+0000][1][safepoint    ] Total time for which application threads were stopped: 0.0003823 seconds, Stopping threads took: 0.0001557 seconds
[2022-06-13T03:23:29.559+0000][1][safepoint    ] Application time: 0.0016492 seconds
[2022-06-13T03:23:29.559+0000][1][safepoint    ] Entering safepoint region: RevokeBias
[2022-06-13T03:23:29.559+0000][1][safepoint    ] Leaving safepoint region
[2022-06-13T03:23:29.559+0000][1][safepoint    ] Total time for which application threads were stopped: 0.0003703 seconds, Stopping threads took: 0.0001680 seconds
[2022-06-13T03:23:29.575+0000][1][safepoint    ] Application time: 0.0149591 seconds
[2022-06-13T03:23:29.575+0000][1][safepoint    ] Entering safepoint region: GenCollectForAllocation
[2022-06-13T03:23:29.575+0000][1][gc,start     ] GC(1) Pause Young (Allocation Failure)
[2022-06-13T03:23:29.575+0000][1][gc,task      ] GC(1) Using 5 workers of 13 for evacuation
[2022-06-13T03:23:29.586+0000][1][gc,age       ] GC(1) Desired survivor size 4456448 bytes, new threshold 6 (max threshold 6)
[2022-06-13T03:23:29.587+0000][1][gc,age       ] GC(1) Age table with threshold 6 (max threshold 6)
[2022-06-13T03:23:29.587+0000][1][gc,age       ] GC(1) - age   1:    2475608 bytes,    2475608 total
[2022-06-13T03:23:29.587+0000][1][gc,heap      ] GC(1) ParNew: 76246K->4538K(78656K)
[2022-06-13T03:23:29.587+0000][1][gc,heap      ] GC(1) CMS: 0K->6685K(174784K)
[2022-06-13T03:23:29.587+0000][1][gc,metaspace ] GC(1) Metaspace: 14875K->14875K(1062912K)
[2022-06-13T03:23:29.587+0000][1][gc           ] GC(1) Pause Young (Allocation Failure) 74M->10M(247M) 11.996ms
[2022-06-13T03:23:29.587+0000][1][gc,cpu       ] GC(1) User=0.06s Sys=0.00s Real=0.01s
[2022-06-13T03:23:29.587+0000][1][safepoint    ] Leaving safepoint region
[2022-06-13T03:23:29.587+0000][1][safepoint    ] Total time for which application threads were stopped: 0.0125689 seconds, Stopping threads took: 0.0001671 seconds
[2022-06-13T03:23:29.588+0000][1][safepoint    ] Application time: 0.0002037 seconds
[2022-06-13T03:23:29.588+0000][1][safepoint    ] Entering safepoint region: RevokeBias
[2022-06-13T03:23:29.588+0000][1][safepoint    ] Leaving safepoint region
[2022-06-13T03:23:29.588+0000][1][safepoint    ] Total time for which application threads were stopped: 0.0003400 seconds, Stopping threads took: 0.0001866 seconds
[2022-06-13T03:23:29.588+0000][1][safepoint    ] Application time: 0.0001083 seconds
[2022-06-13T03:23:29.589+0000][1][safepoint    ] Entering safepoint region: RevokeBias
[2022-06-13T03:23:29.589+0000][1][safepoint    ] Leaving safepoint region
[2022-06-13T03:23:29.589+0000][1][safepoint    ] Total time for which application threads were stopped: 0.0002305 seconds, Stopping threads took: 0.0001095 seconds
[2022-06-13T03:23:29.589+0000][1][safepoint    ] Application time: 0.0000899 seconds
[2022-06-13T03:23:29.589+0000][1][safepoint    ] Entering safepoint region: RevokeBias
[2022-06-13T03:23:29.589+0000][1][safepoint    ] Leaving safepoint region
[2022-06-13T03:23:29.589+0000][1][safepoint    ] Total time for which application threads were stopped: 0.0003981 seconds, Stopping threads took: 0.0002070 seconds
[2022-06-13T03:23:29.590+0000][1][safepoint    ] Application time: 0.0000855 seconds
[2022-06-13T03:23:29.590+0000][1][safepoint    ] Entering safepoint region: RevokeBias
[2022-06-13T03:23:29.590+0000][1][safepoint    ] Leaving safepoint region
[2022-06-13T03:23:29.590+0000][1][safepoint    ] Total time for which application threads were stopped: 0.0002545 seconds, Stopping threads took: 0.0001122 seconds
[2022-06-13T03:23:29.590+0000][1][safepoint    ] Application time: 0.0000903 seconds
[2022-06-13T03:23:29.590+0000][1][safepoint    ] Entering safepoint region: RevokeBias
[2022-06-13T03:23:29.591+0000][1][safepoint    ] Leaving safepoint region
[2022-06-13T03:23:29.591+0000][1][safepoint    ] Total time for which application threads were stopped: 0.0003870 seconds, Stopping threads took: 0.0001877 seconds
[2022-06-13T03:23:29.591+0000][1][safepoint    ] Application time: 0.0000799 seconds
[2022-06-13T03:23:29.591+0000][1][safepoint    ] Entering safepoint region: RevokeBias
[2022-06-13T03:23:29.591+0000][1][safepoint    ] Leaving safepoint region
[2022-06-13T03:23:29.592+0000][1][safepoint    ] Total time for which application threads were stopped: 0.0003518 seconds, Stopping threads took: 0.0001618 seconds
[2022-06-13T03:23:29.592+0000][1][safepoint    ] Application time: 0.0001209 seconds
[2022-06-13T03:23:29.592+0000][1][safepoint    ] Entering safepoint region: RevokeBias
[2022-06-13T03:23:29.592+0000][1][safepoint    ] Leaving safepoint region
[2022-06-13T03:23:29.592+0000][1][safepoint    ] Total time for which application threads were stopped: 0.0004314 seconds, Stopping threads took: 0.0002123 seconds
[2022-06-13T03:23:29.593+0000][1][safepoint    ] Application time: 0.0001044 seconds
[2022-06-13T03:23:29.593+0000][1][safepoint    ] Entering safepoint region: RevokeBias
[2022-06-13T03:23:29.593+0000][1][safepoint    ] Leaving safepoint region
[2022-06-13T03:23:29.593+0000][1][safepoint    ] Total time for which application threads were stopped: 0.0003374 seconds, Stopping threads took: 0.0001545 seconds
[2022-06-13T03:23:29.594+0000][1][safepoint    ] Application time: 0.0002748 seconds
[2022-06-13T03:23:29.594+0000][1][safepoint    ] Entering safepoint region: BulkRevokeBias
[2022-06-13T03:23:29.594+0000][1][safepoint    ] Leaving safepoint region
[2022-06-13T03:23:29.594+0000][1][safepoint    ] Total time for which application threads were stopped: 0.0004535 seconds, Stopping threads took: 0.0002471 seconds
[2022-06-13T03:23:29.595+0000][1][safepoint    ] Application time: 0.0000862 seconds
[2022-06-13T03:23:29.595+0000][1][safepoint    ] Entering safepoint region: RevokeBias
[2022-06-13T03:23:29.595+0000][1][safepoint    ] Leaving safepoint region
[2022-06-13T03:23:29.595+0000][1][safepoint    ] Total time for which application threads were stopped: 0.0003073 seconds, Stopping threads took: 0.0001594 seconds
[2022-06-13T03:23:29.595+0000][1][safepoint    ] Application time: 0.0000918 seconds
[2022-06-13T03:23:29.595+0000][1][safepoint    ] Entering safepoint region: BulkRevokeBias
[2022-06-13T03:23:29.596+0000][1][safepoint    ] Leaving safepoint region
[2022-06-13T03:23:29.596+0000][1][safepoint    ] Total time for which application threads were stopped: 0.0003360 seconds, Stopping threads took: 0.0001412 seconds
[2022-06-13T03:23:29.677+0000][1][safepoint    ] Application time: 0.0812675 seconds
[2022-06-13T03:23:29.677+0000][1][safepoint    ] Entering safepoint region: GenCollectForAllocation
[2022-06-13T03:23:29.678+0000][1][gc,start     ] GC(2) Pause Young (Allocation Failure)
[2022-06-13T03:23:29.678+0000][1][gc,task      ] GC(2) Using 5 workers of 13 for evacuation
[2022-06-13T03:23:29.681+0000][1][gc,age       ] GC(2) Desired survivor size 4456448 bytes, new threshold 6 (max threshold 6)
[2022-06-13T03:23:29.681+0000][1][gc,age       ] GC(2) Age table with threshold 6 (max threshold 6)
[2022-06-13T03:23:29.681+0000][1][gc,age       ] GC(2) - age   1:    2814208 bytes,    2814208 total
[2022-06-13T03:23:29.681+0000][1][gc,age       ] GC(2) - age   2:    1160904 bytes,    3975112 total
[2022-06-13T03:23:29.681+0000][1][gc,heap      ] GC(2) ParNew: 74490K->4573K(78656K)
[2022-06-13T03:23:29.681+0000][1][gc,heap      ] GC(2) CMS: 6685K->6685K(174784K)
[2022-06-13T03:23:29.681+0000][1][gc,metaspace ] GC(2) Metaspace: 15011K->15011K(1062912K)
[2022-06-13T03:23:29.681+0000][1][gc           ] GC(2) Pause Young (Allocation Failure) 79M->10M(247M) 3.686ms
[2022-06-13T03:23:29.682+0000][1][gc,cpu       ] GC(2) User=0.03s Sys=0.00s Real=0.01s
[2022-06-13T03:23:29.682+0000][1][safepoint    ] Leaving safepoint region
[2022-06-13T03:23:29.682+0000][1][safepoint    ] Total time for which application threads were stopped: 0.0042362 seconds, Stopping threads took: 0.0002009 seconds
[2022-06-13T03:23:29.682+0000][1][safepoint    ] Application time: 0.0002094 seconds
[2022-06-13T03:23:29.682+0000][1][safepoint    ] Entering safepoint region: RevokeBias
[2022-06-13T03:23:29.682+0000][1][safepoint    ] Leaving safepoint region
[2022-06-13T03:23:29.682+0000][1][safepoint    ] Total time for which application threads were stopped: 0.0002890 seconds, Stopping threads took: 0.0001277 seconds
[2022-06-13T03:23:29.683+0000][1][safepoint    ] Application time: 0.0000800 seconds
[2022-06-13T03:23:29.683+0000][1][safepoint    ] Entering safepoint region: RevokeBias
[2022-06-13T03:23:29.683+0000][1][safepoint    ] Leaving safepoint region
[2022-06-13T03:23:29.683+0000][1][safepoint    ] Total time for which application threads were stopped: 0.0002380 seconds, Stopping threads took: 0.0001028 seconds
[2022-06-13T03:23:29.683+0000][1][safepoint    ] Application time: 0.0000999 seconds
[2022-06-13T03:23:29.683+0000][1][safepoint    ] Entering safepoint region: RevokeBias
[2022-06-13T03:23:29.683+0000][1][safepoint    ] Leaving safepoint region
[2022-06-13T03:23:29.683+0000][1][safepoint    ] Total time for which application threads were stopped: 0.0002828 seconds, Stopping threads took: 0.0001343 seconds
[2022-06-13T03:23:29.684+0000][1][safepoint    ] Application time: 0.0000684 seconds
[2022-06-13T03:23:29.684+0000][1][safepoint    ] Entering safepoint region: RevokeBias
[2022-06-13T03:23:29.684+0000][1][safepoint    ] Leaving safepoint region
[2022-06-13T03:23:29.684+0000][1][safepoint    ] Total time for which application threads were stopped: 0.0002311 seconds, Stopping threads took: 0.0001108 seconds
[2022-06-13T03:23:29.684+0000][1][safepoint    ] Application time: 0.0000726 seconds
[2022-06-13T03:23:29.684+0000][1][safepoint    ] Entering safepoint region: RevokeBias
[2022-06-13T03:23:29.684+0000][1][safepoint    ] Leaving safepoint region
[2022-06-13T03:23:29.684+0000][1][safepoint    ] Total time for which application threads were stopped: 0.0002416 seconds, Stopping threads took: 0.0001186 seconds
[2022-06-13T03:23:29.685+0000][1][safepoint    ] Application time: 0.0000689 seconds
[2022-06-13T03:23:29.685+0000][1][safepoint    ] Entering safepoint region: RevokeBias
[2022-06-13T03:23:29.685+0000][1][safepoint    ] Leaving safepoint region
[2022-06-13T03:23:29.685+0000][1][safepoint    ] Total time for which application threads were stopped: 0.0003099 seconds, Stopping threads took: 0.0001522 seconds
[2022-06-13T03:23:29.779+0000][1][safepoint    ] Application time: 0.0943388 seconds
[2022-06-13T03:23:29.780+0000][1][safepoint    ] Entering safepoint region: Deoptimize
[2022-06-13T03:23:29.780+0000][1][safepoint    ] Leaving safepoint region
[2022-06-13T03:23:29.781+0000][1][safepoint    ] Total time for which application threads were stopped: 0.0007331 seconds, Stopping threads took: 0.0001710 seconds
[2022-06-13T03:23:29.781+0000][1][safepoint    ] Application time: 0.0005902 seconds
[2022-06-13T03:23:29.782+0000][1][safepoint    ] Entering safepoint region: Deoptimize
[2022-06-13T03:23:29.782+0000][1][safepoint    ] Leaving safepoint region
[2022-06-13T03:23:29.782+0000][1][safepoint    ] Total time for which application threads were stopped: 0.0006031 seconds, Stopping threads took: 0.0001473 seconds
[2022-06-13T03:23:29.926+0000][1][safepoint    ] Application time: 0.1436567 seconds
[2022-06-13T03:23:29.926+0000][1][safepoint    ] Entering safepoint region: GenCollectForAllocation
[2022-06-13T03:23:29.927+0000][1][gc,start     ] GC(3) Pause Young (Allocation Failure)
[2022-06-13T03:23:29.927+0000][1][gc,task      ] GC(3) Using 5 workers of 13 for evacuation
[2022-06-13T03:23:29.929+0000][1][gc,age       ] GC(3) Desired survivor size 4456448 bytes, new threshold 3 (max threshold 6)
[2022-06-13T03:23:29.929+0000][1][gc,age       ] GC(3) Age table with threshold 3 (max threshold 6)
[2022-06-13T03:23:29.930+0000][1][gc,age       ] GC(3) - age   1:    3627728 bytes,    3627728 total
[2022-06-13T03:23:29.930+0000][1][gc,age       ] GC(3) - age   2:     294264 bytes,    3921992 total
[2022-06-13T03:23:29.930+0000][1][gc,age       ] GC(3) - age   3:    1157672 bytes,    5079664 total
[2022-06-13T03:23:29.930+0000][1][gc,heap      ] GC(3) ParNew: 74525K->6759K(78656K)
[2022-06-13T03:23:29.930+0000][1][gc,heap      ] GC(3) CMS: 6685K->6685K(174784K)
[2022-06-13T03:23:29.930+0000][1][gc,metaspace ] GC(3) Metaspace: 18515K->18515K(1067008K)
[2022-06-13T03:23:29.930+0000][1][gc           ] GC(3) Pause Young (Allocation Failure) 79M->13M(247M) 3.761ms
[2022-06-13T03:23:29.930+0000][1][gc,cpu       ] GC(3) User=0.02s Sys=0.00s Real=0.01s
[2022-06-13T03:23:29.931+0000][1][safepoint    ] Leaving safepoint region
[2022-06-13T03:23:29.931+0000][1][safepoint    ] Total time for which application threads were stopped: 0.0044431 seconds, Stopping threads took: 0.0001789 seconds
[2022-06-13T03:23:29.931+0000][1][safepoint    ] Application time: 0.0002424 seconds
[2022-06-13T03:23:29.931+0000][1][safepoint    ] Entering safepoint region: RevokeBias
[2022-06-13T03:23:29.931+0000][1][safepoint    ] Leaving safepoint region
[2022-06-13T03:23:29.932+0000][1][safepoint    ] Total time for which application threads were stopped: 0.0003706 seconds, Stopping threads took: 0.0001352 seconds
[2022-06-13T03:23:29.932+0000][1][safepoint    ] Application time: 0.0001075 seconds
[2022-06-13T03:23:29.932+0000][1][safepoint    ] Entering safepoint region: RevokeBias
[2022-06-13T03:23:29.932+0000][1][safepoint    ] Leaving safepoint region
[2022-06-13T03:23:29.932+0000][1][safepoint    ] Total time for which application threads were stopped: 0.0003505 seconds, Stopping threads took: 0.0002029 seconds
[2022-06-13T03:23:29.933+0000][1][safepoint    ] Application time: 0.0000990 seconds
[2022-06-13T03:23:29.933+0000][1][safepoint    ] Entering safepoint region: RevokeBias
[2022-06-13T03:23:29.933+0000][1][safepoint    ] Leaving safepoint region
[2022-06-13T03:23:29.933+0000][1][safepoint    ] Total time for which application threads were stopped: 0.0003419 seconds, Stopping threads took: 0.0001869 seconds
[2022-06-13T03:23:29.933+0000][1][safepoint    ] Application time: 0.0000924 seconds
[2022-06-13T03:23:29.933+0000][1][safepoint    ] Entering safepoint region: RevokeBias
[2022-06-13T03:23:29.934+0000][1][safepoint    ] Leaving safepoint region
[2022-06-13T03:23:29.934+0000][1][safepoint    ] Total time for which application threads were stopped: 0.0002840 seconds, Stopping threads took: 0.0001434 seconds
[2022-06-13T03:23:29.934+0000][1][safepoint    ] Application time: 0.0000763 seconds
[2022-06-13T03:23:29.934+0000][1][safepoint    ] Entering safepoint region: RevokeBias
[2022-06-13T03:23:29.934+0000][1][safepoint    ] Leaving safepoint region
[2022-06-13T03:23:29.934+0000][1][safepoint    ] Total time for which application threads were stopped: 0.0002255 seconds, Stopping threads took: 0.0001110 seconds
[2022-06-13T03:23:29.934+0000][1][safepoint    ] Application time: 0.0000737 seconds
[2022-06-13T03:23:29.934+0000][1][safepoint    ] Entering safepoint region: RevokeBias
[2022-06-13T03:23:29.935+0000][1][safepoint    ] Leaving safepoint region
[2022-06-13T03:23:29.935+0000][1][safepoint    ] Total time for which application threads were stopped: 0.0002904 seconds, Stopping threads took: 0.0001708 seconds
[2022-06-13T03:23:29.935+0000][1][safepoint    ] Application time: 0.0000752 seconds
[2022-06-13T03:23:29.935+0000][1][safepoint    ] Entering safepoint region: RevokeBias
[2022-06-13T03:23:29.935+0000][1][safepoint    ] Leaving safepoint region
[2022-06-13T03:23:29.935+0000][1][safepoint    ] Total time for which application threads were stopped: 0.0003801 seconds, Stopping threads took: 0.0001750 seconds
[2022-06-13T03:23:29.936+0000][1][safepoint    ] Application time: 0.0001380 seconds
[2022-06-13T03:23:29.936+0000][1][safepoint    ] Entering safepoint region: RevokeBias
[2022-06-13T03:23:29.936+0000][1][safepoint    ] Leaving safepoint region
[2022-06-13T03:23:29.936+0000][1][safepoint    ] Total time for which application threads were stopped: 0.0003803 seconds, Stopping threads took: 0.0002113 seconds
[2022-06-13T03:23:29.936+0000][1][safepoint    ] Application time: 0.0000899 seconds
[2022-06-13T03:23:29.936+0000][1][safepoint    ] Entering safepoint region: RevokeBias
[2022-06-13T03:23:29.937+0000][1][safepoint    ] Leaving safepoint region
[2022-06-13T03:23:29.937+0000][1][safepoint    ] Total time for which application threads were stopped: 0.0002850 seconds, Stopping threads took: 0.0001376 seconds
[2022-06-13T03:23:29.937+0000][1][safepoint    ] Application time: 0.0000662 seconds
[2022-06-13T03:23:29.937+0000][1][safepoint    ] Entering safepoint region: RevokeBias
[2022-06-13T03:23:29.937+0000][1][safepoint    ] Leaving safepoint region
[2022-06-13T03:23:29.937+0000][1][safepoint    ] Total time for which application threads were stopped: 0.0002623 seconds, Stopping threads took: 0.0001441 seconds
[2022-06-13T03:23:29.937+0000][1][safepoint    ] Application time: 0.0000705 seconds
[2022-06-13T03:23:29.938+0000][1][safepoint    ] Entering safepoint region: RevokeBias
[2022-06-13T03:23:29.938+0000][1][safepoint    ] Leaving safepoint region
[2022-06-13T03:23:29.938+0000][1][safepoint    ] Total time for which application threads were stopped: 0.0002342 seconds, Stopping threads took: 0.0001317 seconds
[2022-06-13T03:23:29.938+0000][1][safepoint    ] Application time: 0.0000642 seconds
[2022-06-13T03:23:29.938+0000][1][safepoint    ] Entering safepoint region: RevokeBias
[2022-06-13T03:23:29.938+0000][1][safepoint    ] Leaving safepoint region
[2022-06-13T03:23:29.938+0000][1][safepoint    ] Total time for which application threads were stopped: 0.0002357 seconds, Stopping threads took: 0.0001255 seconds
[2022-06-13T03:23:29.938+0000][1][safepoint    ] Application time: 0.0000691 seconds
[2022-06-13T03:23:29.938+0000][1][safepoint    ] Entering safepoint region: RevokeBias
[2022-06-13T03:23:29.939+0000][1][safepoint    ] Leaving safepoint region
[2022-06-13T03:23:29.939+0000][1][safepoint    ] Total time for which application threads were stopped: 0.0002196 seconds, Stopping threads took: 0.0001055 seconds
[2022-06-13T03:23:29.939+0000][1][safepoint    ] Application time: 0.0000729 seconds
[2022-06-13T03:23:29.939+0000][1][safepoint    ] Entering safepoint region: RevokeBias
[2022-06-13T03:23:29.939+0000][1][safepoint    ] Leaving safepoint region
[2022-06-13T03:23:29.939+0000][1][safepoint    ] Total time for which application threads were stopped: 0.0002802 seconds, Stopping threads took: 0.0001066 seconds
[2022-06-13T03:23:29.939+0000][1][safepoint    ] Application time: 0.0000791 seconds
[2022-06-13T03:23:29.940+0000][1][safepoint    ] Entering safepoint region: RevokeBias
[2022-06-13T03:23:29.940+0000][1][safepoint    ] Leaving safepoint region
[2022-06-13T03:23:29.940+0000][1][safepoint    ] Total time for which application threads were stopped: 0.0002472 seconds, Stopping threads took: 0.0001329 seconds
[2022-06-13T03:23:29.940+0000][1][safepoint    ] Application time: 0.0000747 seconds
[2022-06-13T03:23:29.940+0000][1][safepoint    ] Entering safepoint region: RevokeBias
[2022-06-13T03:23:29.940+0000][1][safepoint    ] Leaving safepoint region
[2022-06-13T03:23:29.940+0000][1][safepoint    ] Total time for which application threads were stopped: 0.0002488 seconds, Stopping threads took: 0.0001256 seconds
[2022-06-13T03:23:29.940+0000][1][safepoint    ] Application time: 0.0000999 seconds
[2022-06-13T03:23:29.941+0000][1][safepoint    ] Entering safepoint region: RevokeBias
[2022-06-13T03:23:29.941+0000][1][safepoint    ] Leaving safepoint region
[2022-06-13T03:23:29.941+0000][1][safepoint    ] Total time for which application threads were stopped: 0.0004280 seconds, Stopping threads took: 0.0002479 seconds
[2022-06-13T03:23:29.941+0000][1][safepoint    ] Application time: 0.0001032 seconds
[2022-06-13T03:23:29.942+0000][1][safepoint    ] Entering safepoint region: RevokeBias
[2022-06-13T03:23:29.942+0000][1][safepoint    ] Leaving safepoint region
[2022-06-13T03:23:29.942+0000][1][safepoint    ] Total time for which application threads were stopped: 0.0005586 seconds, Stopping threads took: 0.0003560 seconds
[2022-06-13T03:23:29.942+0000][1][safepoint    ] Application time: 0.0000829 seconds
[2022-06-13T03:23:29.942+0000][1][safepoint    ] Entering safepoint region: RevokeBias
[2022-06-13T03:23:29.942+0000][1][safepoint    ] Leaving safepoint region
[2022-06-13T03:23:29.943+0000][1][safepoint    ] Total time for which application threads were stopped: 0.0002876 seconds, Stopping threads took: 0.0001578 seconds
[2022-06-13T03:23:29.943+0000][1][safepoint    ] Application time: 0.0000825 seconds
[2022-06-13T03:23:29.943+0000][1][safepoint    ] Entering safepoint region: RevokeBias
[2022-06-13T03:23:29.943+0000][1][safepoint    ] Leaving safepoint region
[2022-06-13T03:23:29.943+0000][1][safepoint    ] Total time for which application threads were stopped: 0.0003017 seconds, Stopping threads took: 0.0001497 seconds
[2022-06-13T03:23:29.943+0000][1][safepoint    ] Application time: 0.0000717 seconds
[2022-06-13T03:23:29.943+0000][1][safepoint    ] Entering safepoint region: RevokeBias
[2022-06-13T03:23:29.944+0000][1][safepoint    ] Leaving safepoint region
[2022-06-13T03:23:29.944+0000][1][safepoint    ] Total time for which application threads were stopped: 0.0002939 seconds, Stopping threads took: 0.0001445 seconds
[2022-06-13T03:23:30.038+0000][1][safepoint    ] Application time: 0.0942283 seconds
[2022-06-13T03:23:30.038+0000][1][safepoint    ] Entering safepoint region: GenCollectForAllocation
[2022-06-13T03:23:30.039+0000][1][gc,start     ] GC(4) Pause Young (Allocation Failure)
[2022-06-13T03:23:30.039+0000][1][gc,task      ] GC(4) Using 5 workers of 13 for evacuation
[2022-06-13T03:23:30.043+0000][1][gc,age       ] GC(4) Desired survivor size 4456448 bytes, new threshold 2 (max threshold 6)
[2022-06-13T03:23:30.044+0000][1][gc,age       ] GC(4) Age table with threshold 2 (max threshold 6)
[2022-06-13T03:23:30.044+0000][1][gc,age       ] GC(4) - age   1:    1657488 bytes,    1657488 total
[2022-06-13T03:23:30.044+0000][1][gc,age       ] GC(4) - age   2:    3330264 bytes,    4987752 total
[2022-06-13T03:23:30.045+0000][1][gc,age       ] GC(4) - age   3:     293736 bytes,    5281488 total
[2022-06-13T03:23:30.045+0000][1][gc,heap      ] GC(4) ParNew: 76711K->7898K(78656K)
[2022-06-13T03:23:30.045+0000][1][gc,heap      ] GC(4) CMS: 6685K->7833K(174784K)
[2022-06-13T03:23:30.045+0000][1][gc,metaspace ] GC(4) Metaspace: 18706K->18706K(1067008K)
[2022-06-13T03:23:30.045+0000][1][gc           ] GC(4) Pause Young (Allocation Failure) 81M->15M(247M) 6.551ms
[2022-06-13T03:23:30.045+0000][1][gc,cpu       ] GC(4) User=0.04s Sys=0.00s Real=0.01s
[2022-06-13T03:23:30.046+0000][1][safepoint    ] Leaving safepoint region
[2022-06-13T03:23:30.046+0000][1][safepoint    ] Total time for which application threads were stopped: 0.0073770 seconds, Stopping threads took: 0.0001845 seconds
[2022-06-13T03:23:30.046+0000][1][safepoint    ] Application time: 0.0002414 seconds
[2022-06-13T03:23:30.046+0000][1][safepoint    ] Entering safepoint region: RevokeBias
[2022-06-13T03:23:30.046+0000][1][safepoint    ] Leaving safepoint region
[2022-06-13T03:23:30.047+0000][1][safepoint    ] Total time for which application threads were stopped: 0.0003366 seconds, Stopping threads took: 0.0001338 seconds
[2022-06-13T03:23:30.047+0000][1][safepoint    ] Application time: 0.0001003 seconds
[2022-06-13T03:23:30.047+0000][1][safepoint    ] Entering safepoint region: RevokeBias
[2022-06-13T03:23:30.047+0000][1][safepoint    ] Leaving safepoint region
[2022-06-13T03:23:30.047+0000][1][safepoint    ] Total time for which application threads were stopped: 0.0002820 seconds, Stopping threads took: 0.0001285 seconds
[2022-06-13T03:23:30.047+0000][1][safepoint    ] Application time: 0.0000918 seconds
[2022-06-13T03:23:30.048+0000][1][safepoint    ] Entering safepoint region: RevokeBias
[2022-06-13T03:23:30.048+0000][1][safepoint    ] Leaving safepoint region
[2022-06-13T03:23:30.048+0000][1][safepoint    ] Total time for which application threads were stopped: 0.0003899 seconds, Stopping threads took: 0.0001742 seconds
[2022-06-13T03:23:30.048+0000][1][safepoint    ] Application time: 0.0000976 seconds
[2022-06-13T03:23:30.048+0000][1][safepoint    ] Entering safepoint region: RevokeBias
[2022-06-13T03:23:30.049+0000][1][safepoint    ] Leaving safepoint region
[2022-06-13T03:23:30.049+0000][1][safepoint    ] Total time for which application threads were stopped: 0.0003512 seconds, Stopping threads took: 0.0001587 seconds
[2022-06-13T03:23:30.069+0000][1][safepoint    ] Application time: 0.0200148 seconds
[2022-06-13T03:23:30.069+0000][1][safepoint    ] Entering safepoint region: Deoptimize
[2022-06-13T03:23:30.070+0000][1][safepoint    ] Leaving safepoint region
[2022-06-13T03:23:30.070+0000][1][safepoint    ] Total time for which application threads were stopped: 0.0008839 seconds, Stopping threads took: 0.0002024 seconds
[2022-06-13T03:23:30.100+0000][1][safepoint    ] Application time: 0.0301717 seconds
[2022-06-13T03:23:30.101+0000][1][safepoint    ] Entering safepoint region: Deoptimize
[2022-06-13T03:23:30.101+0000][1][safepoint    ] Leaving safepoint region
[2022-06-13T03:23:30.102+0000][1][safepoint    ] Total time for which application threads were stopped: 0.0008302 seconds, Stopping threads took: 0.0001646 seconds
[2022-06-13T03:23:30.194+0000][1][safepoint    ] Application time: 0.0923320 seconds
[2022-06-13T03:23:30.194+0000][1][safepoint    ] Entering safepoint region: GenCollectForAllocation
[2022-06-13T03:23:30.195+0000][1][gc,start     ] GC(5) Pause Young (Allocation Failure)
[2022-06-13T03:23:30.195+0000][1][gc,task      ] GC(5) Using 5 workers of 13 for evacuation
[2022-06-13T03:23:30.199+0000][1][gc,age       ] GC(5) Desired survivor size 4456448 bytes, new threshold 6 (max threshold 6)
[2022-06-13T03:23:30.199+0000][1][gc,age       ] GC(5) Age table with threshold 6 (max threshold 6)
[2022-06-13T03:23:30.199+0000][1][gc,age       ] GC(5) - age   1:    2663432 bytes,    2663432 total
[2022-06-13T03:23:30.200+0000][1][gc,age       ] GC(5) - age   2:     446944 bytes,    3110376 total
[2022-06-13T03:23:30.200+0000][1][gc,heap      ] GC(5) ParNew: 77850K->6126K(78656K)
[2022-06-13T03:23:30.200+0000][1][gc,heap      ] GC(5) CMS: 7833K->11404K(174784K)
[2022-06-13T03:23:30.200+0000][1][gc,metaspace ] GC(5) Metaspace: 19050K->19050K(1067008K)
[2022-06-13T03:23:30.200+0000][1][gc           ] GC(5) Pause Young (Allocation Failure) 83M->17M(247M) 5.448ms
[2022-06-13T03:23:30.200+0000][1][gc,cpu       ] GC(5) User=0.06s Sys=0.00s Real=0.01s
[2022-06-13T03:23:30.201+0000][1][safepoint    ] Leaving safepoint region
[2022-06-13T03:23:30.201+0000][1][safepoint    ] Total time for which application threads were stopped: 0.0063643 seconds, Stopping threads took: 0.0002687 seconds
[2022-06-13T03:23:30.201+0000][1][safepoint    ] Application time: 0.0002342 seconds
[2022-06-13T03:23:30.202+0000][1][safepoint    ] Entering safepoint region: RevokeBias
[2022-06-13T03:23:30.202+0000][1][safepoint    ] Leaving safepoint region
[2022-06-13T03:23:30.202+0000][1][safepoint    ] Total time for which application threads were stopped: 0.0007408 seconds, Stopping threads took: 0.0004284 seconds
[2022-06-13T03:23:30.202+0000][1][safepoint    ] Application time: 0.0000465 seconds
[2022-06-13T03:23:30.202+0000][1][safepoint    ] Entering safepoint region: RevokeBias
[2022-06-13T03:23:30.203+0000][1][safepoint    ] Leaving safepoint region
[2022-06-13T03:23:30.203+0000][1][safepoint    ] Total time for which application threads were stopped: 0.0007178 seconds, Stopping threads took: 0.0001915 seconds
[2022-06-13T03:23:30.203+0000][1][safepoint    ] Application time: 0.0000729 seconds
[2022-06-13T03:23:30.204+0000][1][safepoint    ] Entering safepoint region: RevokeBias
[2022-06-13T03:23:30.204+0000][1][safepoint    ] Leaving safepoint region
[2022-06-13T03:23:30.204+0000][1][safepoint    ] Total time for which application threads were stopped: 0.0005031 seconds, Stopping threads took: 0.0002272 seconds
[2022-06-13T03:23:30.204+0000][1][safepoint    ] Application time: 0.0000937 seconds
[2022-06-13T03:23:30.204+0000][1][safepoint    ] Entering safepoint region: RevokeBias
[2022-06-13T03:23:30.205+0000][1][safepoint    ] Leaving safepoint region
[2022-06-13T03:23:30.205+0000][1][safepoint    ] Total time for which application threads were stopped: 0.0004000 seconds, Stopping threads took: 0.0001839 seconds
[2022-06-13T03:23:30.205+0000][1][safepoint    ] Application time: 0.0001226 seconds
[2022-06-13T03:23:30.205+0000][1][safepoint    ] Entering safepoint region: RevokeBias
[2022-06-13T03:23:30.205+0000][1][safepoint    ] Leaving safepoint region
[2022-06-13T03:23:30.206+0000][1][safepoint    ] Total time for which application threads were stopped: 0.0004355 seconds, Stopping threads took: 0.0001793 seconds
[2022-06-13T03:23:30.206+0000][1][safepoint    ] Application time: 0.0001005 seconds
[2022-06-13T03:23:30.206+0000][1][safepoint    ] Entering safepoint region: RevokeBias
[2022-06-13T03:23:30.206+0000][1][safepoint    ] Leaving safepoint region
[2022-06-13T03:23:30.207+0000][1][safepoint    ] Total time for which application threads were stopped: 0.0004294 seconds, Stopping threads took: 0.0001835 seconds
[2022-06-13T03:23:30.288+0000][1][safepoint    ] Application time: 0.0809382 seconds
[2022-06-13T03:23:30.288+0000][1][safepoint    ] Entering safepoint region: RevokeBias
[2022-06-13T03:23:30.288+0000][1][safepoint    ] Leaving safepoint region
[2022-06-13T03:23:30.288+0000][1][safepoint    ] Total time for which application threads were stopped: 0.0003304 seconds, Stopping threads took: 0.0001467 seconds
[2022-06-13T03:23:30.289+0000][1][safepoint    ] Application time: 0.0002335 seconds
[2022-06-13T03:23:30.289+0000][1][safepoint    ] Entering safepoint region: BulkRevokeBias
[2022-06-13T03:23:30.289+0000][1][safepoint    ] Leaving safepoint region
[2022-06-13T03:23:30.289+0000][1][safepoint    ] Total time for which application threads were stopped: 0.0004503 seconds, Stopping threads took: 0.0001647 seconds
[2022-06-13T03:23:30.312+0000][1][safepoint    ] Application time: 0.0226453 seconds
[2022-06-13T03:23:30.312+0000][1][safepoint    ] Entering safepoint region: GenCollectForAllocation
[2022-06-13T03:23:30.313+0000][1][gc,start     ] GC(6) Pause Young (Allocation Failure)
[2022-06-13T03:23:30.313+0000][1][gc,task      ] GC(6) Using 5 workers of 13 for evacuation
[2022-06-13T03:23:30.314+0000][1][gc,age       ] GC(6) Desired survivor size 4456448 bytes, new threshold 6 (max threshold 6)
[2022-06-13T03:23:30.315+0000][1][gc,age       ] GC(6) Age table with threshold 6 (max threshold 6)
[2022-06-13T03:23:30.315+0000][1][gc,age       ] GC(6) - age   1:    1458344 bytes,    1458344 total
[2022-06-13T03:23:30.315+0000][1][gc,age       ] GC(6) - age   2:    2194712 bytes,    3653056 total
[2022-06-13T03:23:30.315+0000][1][gc,age       ] GC(6) - age   3:     446944 bytes,    4100000 total
[2022-06-13T03:23:30.315+0000][1][gc,heap      ] GC(6) ParNew: 76078K->4666K(78656K)
[2022-06-13T03:23:30.315+0000][1][gc,heap      ] GC(6) CMS: 11404K->11404K(174784K)
[2022-06-13T03:23:30.315+0000][1][gc,metaspace ] GC(6) Metaspace: 19356K->19356K(1067008K)
[2022-06-13T03:23:30.315+0000][1][gc           ] GC(6) Pause Young (Allocation Failure) 85M->15M(247M) 2.860ms
[2022-06-13T03:23:30.316+0000][1][gc,cpu       ] GC(6) User=0.01s Sys=0.00s Real=0.00s
[2022-06-13T03:23:30.316+0000][1][safepoint    ] Leaving safepoint region
[2022-06-13T03:23:30.316+0000][1][safepoint    ] Total time for which application threads were stopped: 0.0034758 seconds, Stopping threads took: 0.0002066 seconds
[2022-06-13T03:23:30.316+0000][1][safepoint    ] Application time: 0.0002018 seconds
[2022-06-13T03:23:30.316+0000][1][safepoint    ] Entering safepoint region: BulkRevokeBias
[2022-06-13T03:23:30.316+0000][1][safepoint    ] Leaving safepoint region
[2022-06-13T03:23:30.317+0000][1][safepoint    ] Total time for which application threads were stopped: 0.0004294 seconds, Stopping threads took: 0.0001915 seconds
[2022-06-13T03:23:30.455+0000][1][safepoint    ] Application time: 0.1379974 seconds
[2022-06-13T03:23:30.455+0000][1][safepoint    ] Entering safepoint region: CollectForMetadataAllocation
[2022-06-13T03:23:30.455+0000][1][safepoint    ] Leaving safepoint region
[2022-06-13T03:23:30.455+0000][1][safepoint    ] Total time for which application threads were stopped: 0.0004253 seconds, Stopping threads took: 0.0001716 seconds
[2022-06-13T03:23:30.466+0000][1][safepoint    ] Application time: 0.0101969 seconds
[2022-06-13T03:23:30.466+0000][1][safepoint    ] Entering safepoint region: GenCollectForAllocation
[2022-06-13T03:23:30.466+0000][1][gc,start     ] GC(7) Pause Young (Allocation Failure)
[2022-06-13T03:23:30.467+0000][1][gc,task      ] GC(7) Using 5 workers of 13 for evacuation
[2022-06-13T03:23:30.469+0000][1][gc,age       ] GC(7) Desired survivor size 4456448 bytes, new threshold 4 (max threshold 6)
[2022-06-13T03:23:30.469+0000][1][gc,age       ] GC(7) Age table with threshold 4 (max threshold 6)
[2022-06-13T03:23:30.469+0000][1][gc,age       ] GC(7) - age   1:     696104 bytes,     696104 total
[2022-06-13T03:23:30.469+0000][1][gc,age       ] GC(7) - age   2:    1129576 bytes,    1825680 total
[2022-06-13T03:23:30.469+0000][1][gc,age       ] GC(7) - age   3:    2192704 bytes,    4018384 total
[2022-06-13T03:23:30.469+0000][1][gc,age       ] GC(7) - age   4:     446944 bytes,    4465328 total
[2022-06-13T03:23:30.470+0000][1][gc,heap      ] GC(7) ParNew: 74618K->5389K(78656K)
[2022-06-13T03:23:30.470+0000][1][gc,heap      ] GC(7) CMS: 11404K->11404K(174784K)
[2022-06-13T03:23:30.470+0000][1][gc,metaspace ] GC(7) Metaspace: 20175K->20175K(1069056K)
[2022-06-13T03:23:30.470+0000][1][gc           ] GC(7) Pause Young (Allocation Failure) 84M->16M(247M) 3.739ms
[2022-06-13T03:23:30.470+0000][1][gc,cpu       ] GC(7) User=0.03s Sys=0.00s Real=0.01s
[2022-06-13T03:23:30.471+0000][1][safepoint    ] Leaving safepoint region
[2022-06-13T03:23:30.471+0000][1][safepoint    ] Total time for which application threads were stopped: 0.0046081 seconds, Stopping threads took: 0.0001834 seconds
[2022-06-13T03:23:30.472+0000][1][safepoint    ] Application time: 0.0012091 seconds
[2022-06-13T03:23:30.472+0000][1][safepoint    ] Entering safepoint region: CMS_Initial_Mark
[2022-06-13T03:23:30.473+0000][1][gc,start     ] GC(8) Pause Initial Mark
[2022-06-13T03:23:30.476+0000][1][gc           ] GC(8) Pause Initial Mark 17M->17M(247M) 2.248ms
[2022-06-13T03:23:30.477+0000][1][gc,cpu       ] GC(8) User=0.01s Sys=0.00s Real=0.00s
[2022-06-13T03:23:30.478+0000][1][safepoint    ] Leaving safepoint region
[2022-06-13T03:23:30.479+0000][1][safepoint    ] Total time for which application threads were stopped: 0.0062784 seconds, Stopping threads took: 0.0008154 seconds
[2022-06-13T03:23:30.480+0000][1][gc           ] GC(8) Concurrent Mark
[2022-06-13T03:23:30.481+0000][1][gc,task      ] GC(8) Using 4 workers of 4 for marking
[2022-06-13T03:23:30.485+0000][1][gc           ] GC(8) Concurrent Mark 4.817ms
[2022-06-13T03:23:30.485+0000][1][gc,cpu       ] GC(8) User=0.02s Sys=0.00s Real=0.00s
[2022-06-13T03:23:30.485+0000][1][gc           ] GC(8) Concurrent Preclean
[2022-06-13T03:23:30.486+0000][1][gc           ] GC(8) Concurrent Preclean 0.761ms
[2022-06-13T03:23:30.486+0000][1][gc,cpu       ] GC(8) User=0.00s Sys=0.00s Real=0.00s
[2022-06-13T03:23:30.486+0000][1][safepoint    ] Application time: 0.0074795 seconds
[2022-06-13T03:23:30.487+0000][1][safepoint    ] Entering safepoint region: CMS_Final_Remark
[2022-06-13T03:23:30.487+0000][1][gc,start     ] GC(8) Pause Remark
[2022-06-13T03:23:30.500+0000][1][gc           ] GC(8) Pause Remark 17M->17M(247M) 12.891ms
[2022-06-13T03:23:30.500+0000][1][gc,cpu       ] GC(8) User=0.05s Sys=0.00s Real=0.02s
[2022-06-13T03:23:30.501+0000][1][safepoint    ] Leaving safepoint region
[2022-06-13T03:23:30.501+0000][1][safepoint    ] Total time for which application threads were stopped: 0.0143717 seconds, Stopping threads took: 0.0002012 seconds
[2022-06-13T03:23:30.501+0000][1][gc           ] GC(8) Concurrent Sweep
[2022-06-13T03:23:30.504+0000][1][safepoint    ] Application time: 0.0026367 seconds
[2022-06-13T03:23:30.504+0000][1][safepoint    ] Entering safepoint region: CollectForMetadataAllocation
[2022-06-13T03:23:30.505+0000][1][safepoint    ] Leaving safepoint region
[2022-06-13T03:23:30.505+0000][1][safepoint    ] Total time for which application threads were stopped: 0.0011956 seconds, Stopping threads took: 0.0003456 seconds
[2022-06-13T03:23:30.507+0000][1][gc           ] GC(8) Concurrent Sweep 6.117ms
[2022-06-13T03:23:30.508+0000][1][gc,cpu       ] GC(8) User=0.01s Sys=0.00s Real=0.00s
[2022-06-13T03:23:30.508+0000][1][gc           ] GC(8) Concurrent Reset
[2022-06-13T03:23:30.508+0000][1][gc           ] GC(8) Concurrent Reset 0.552ms
[2022-06-13T03:23:30.508+0000][1][gc,cpu       ] GC(8) User=0.00s Sys=0.00s Real=0.00s
[2022-06-13T03:23:30.509+0000][1][gc,heap      ] GC(8) Old: 11404K->11378K(174784K)
[2022-06-13T03:23:30.608+0000][1][safepoint    ] Application time: 0.1027058 seconds
[2022-06-13T03:23:30.609+0000][1][safepoint    ] Entering safepoint region: GenCollectForAllocation
[2022-06-13T03:23:30.609+0000][1][gc,start     ] GC(9) Pause Young (Allocation Failure)
[2022-06-13T03:23:30.609+0000][1][gc,task      ] GC(9) Using 5 workers of 13 for evacuation
[2022-06-13T03:23:30.611+0000][1][gc,age       ] GC(9) Desired survivor size 4456448 bytes, new threshold 4 (max threshold 6)
[2022-06-13T03:23:30.612+0000][1][gc,age       ] GC(9) Age table with threshold 4 (max threshold 6)
[2022-06-13T03:23:30.612+0000][1][gc,age       ] GC(9) - age   1:     980784 bytes,     980784 total
[2022-06-13T03:23:30.612+0000][1][gc,age       ] GC(9) - age   2:     675040 bytes,    1655824 total
[2022-06-13T03:23:30.612+0000][1][gc,age       ] GC(9) - age   3:    1129480 bytes,    2785304 total
[2022-06-13T03:23:30.612+0000][1][gc,age       ] GC(9) - age   4:    2191560 bytes,    4976864 total
[2022-06-13T03:23:30.613+0000][1][gc,heap      ] GC(9) ParNew: 75341K->5835K(78656K)
[2022-06-13T03:23:30.613+0000][1][gc,heap      ] GC(9) CMS: 11378K->11818K(174784K)
[2022-06-13T03:23:30.613+0000][1][gc,metaspace ] GC(9) Metaspace: 20401K->20401K(1069056K)
[2022-06-13T03:23:30.613+0000][1][gc           ] GC(9) Pause Young (Allocation Failure) 84M->17M(247M) 4.327ms
[2022-06-13T03:23:30.613+0000][1][gc,cpu       ] GC(9) User=0.04s Sys=0.00s Real=0.01s
[2022-06-13T03:23:30.614+0000][1][safepoint    ] Leaving safepoint region
[2022-06-13T03:23:30.614+0000][1][safepoint    ] Total time for which application threads were stopped: 0.0052586 seconds, Stopping threads took: 0.0002546 seconds
[2022-06-13T03:23:30.676+0000][1][safepoint    ] Application time: 0.0621520 seconds
[2022-06-13T03:23:30.676+0000][1][safepoint    ] Entering safepoint region: GenCollectForAllocation
[2022-06-13T03:23:30.677+0000][1][gc,start     ] GC(10) Pause Young (Allocation Failure)
[2022-06-13T03:23:30.677+0000][1][gc,task      ] GC(10) Using 5 workers of 13 for evacuation
[2022-06-13T03:23:30.680+0000][1][gc,age       ] GC(10) Desired survivor size 4456448 bytes, new threshold 6 (max threshold 6)
[2022-06-13T03:23:30.680+0000][1][gc,age       ] GC(10) Age table with threshold 6 (max threshold 6)
[2022-06-13T03:23:30.680+0000][1][gc,age       ] GC(10) - age   1:     542544 bytes,     542544 total
[2022-06-13T03:23:30.680+0000][1][gc,age       ] GC(10) - age   2:     320512 bytes,     863056 total
[2022-06-13T03:23:30.680+0000][1][gc,age       ] GC(10) - age   3:     674944 bytes,    1538000 total
[2022-06-13T03:23:30.681+0000][1][gc,age       ] GC(10) - age   4:    1129504 bytes,    2667504 total
[2022-06-13T03:23:30.681+0000][1][gc,heap      ] GC(10) ParNew: 75787K->5003K(78656K)
[2022-06-13T03:23:30.681+0000][1][gc,heap      ] GC(10) CMS: 11818K->13972K(174784K)
[2022-06-13T03:23:30.681+0000][1][gc,metaspace ] GC(10) Metaspace: 20504K->20504K(1069056K)
[2022-06-13T03:23:30.681+0000][1][gc           ] GC(10) Pause Young (Allocation Failure) 85M->18M(247M) 4.595ms
[2022-06-13T03:23:30.681+0000][1][gc,cpu       ] GC(10) User=0.04s Sys=0.00s Real=0.01s
[2022-06-13T03:23:30.682+0000][1][safepoint    ] Leaving safepoint region
[2022-06-13T03:23:30.682+0000][1][safepoint    ] Total time for which application threads were stopped: 0.0053909 seconds, Stopping threads took: 0.0001714 seconds
[2022-06-13T03:23:30.752+0000][1][safepoint    ] Application time: 0.0700393 seconds
[2022-06-13T03:23:30.752+0000][1][safepoint    ] Entering safepoint region: GenCollectForAllocation
[2022-06-13T03:23:30.752+0000][1][gc,start     ] GC(11) Pause Young (Allocation Failure)
[2022-06-13T03:23:30.753+0000][1][gc,task      ] GC(11) Using 5 workers of 13 for evacuation
[2022-06-13T03:23:30.755+0000][1][gc,age       ] GC(11) Desired survivor size 4456448 bytes, new threshold 6 (max threshold 6)
[2022-06-13T03:23:30.755+0000][1][gc,age       ] GC(11) Age table with threshold 6 (max threshold 6)
[2022-06-13T03:23:30.755+0000][1][gc,age       ] GC(11) - age   1:    1983792 bytes,    1983792 total
[2022-06-13T03:23:30.756+0000][1][gc,age       ] GC(11) - age   2:      99264 bytes,    2083056 total
[2022-06-13T03:23:30.756+0000][1][gc,age       ] GC(11) - age   3:     320512 bytes,    2403568 total
[2022-06-13T03:23:30.756+0000][1][gc,age       ] GC(11) - age   4:     674768 bytes,    3078336 total
[2022-06-13T03:23:30.756+0000][1][gc,age       ] GC(11) - age   5:    1129192 bytes,    4207528 total
[2022-06-13T03:23:30.756+0000][1][gc,heap      ] GC(11) ParNew: 74955K->5056K(78656K)
[2022-06-13T03:23:30.756+0000][1][gc,heap      ] GC(11) CMS: 13972K->13972K(174784K)
[2022-06-13T03:23:30.756+0000][1][gc,metaspace ] GC(11) Metaspace: 20567K->20567K(1069056K)
[2022-06-13T03:23:30.757+0000][1][gc           ] GC(11) Pause Young (Allocation Failure) 86M->18M(247M) 4.095ms
[2022-06-13T03:23:30.757+0000][1][gc,cpu       ] GC(11) User=0.01s Sys=0.00s Real=0.00s
[2022-06-13T03:23:30.757+0000][1][safepoint    ] Leaving safepoint region
[2022-06-13T03:23:30.757+0000][1][safepoint    ] Total time for which application threads were stopped: 0.0046391 seconds, Stopping threads took: 0.0001628 seconds
[2022-06-13T03:23:31.004+0000][1][safepoint    ] Application time: 0.2466921 seconds
[2022-06-13T03:23:31.004+0000][1][safepoint    ] Entering safepoint region: Deoptimize
[2022-06-13T03:23:31.005+0000][1][safepoint    ] Leaving safepoint region
[2022-06-13T03:23:31.005+0000][1][safepoint    ] Total time for which application threads were stopped: 0.0010383 seconds, Stopping threads took: 0.0001838 seconds
[2022-06-13T03:23:31.067+0000][1][safepoint    ] Application time: 0.0613193 seconds
[2022-06-13T03:23:31.067+0000][1][safepoint    ] Entering safepoint region: Deoptimize
[2022-06-13T03:23:31.067+0000][1][safepoint    ] Leaving safepoint region
[2022-06-13T03:23:31.068+0000][1][safepoint    ] Total time for which application threads were stopped: 0.0007199 seconds, Stopping threads took: 0.0001543 seconds
[2022-06-13T03:23:31.068+0000][1][safepoint    ] Application time: 0.0003944 seconds
[2022-06-13T03:23:31.068+0000][1][safepoint    ] Entering safepoint region: Deoptimize
[2022-06-13T03:23:31.069+0000][1][safepoint    ] Leaving safepoint region
[2022-06-13T03:23:31.069+0000][1][safepoint    ] Total time for which application threads were stopped: 0.0005638 seconds, Stopping threads took: 0.0000859 seconds
[2022-06-13T03:23:31.075+0000][1][safepoint    ] Application time: 0.0057649 seconds
[2022-06-13T03:23:31.075+0000][1][safepoint    ] Entering safepoint region: RevokeBias
[2022-06-13T03:23:31.075+0000][1][safepoint    ] Leaving safepoint region
[2022-06-13T03:23:31.075+0000][1][safepoint    ] Total time for which application threads were stopped: 0.0002909 seconds, Stopping threads took: 0.0001450 seconds
[2022-06-13T03:23:31.076+0000][1][safepoint    ] Application time: 0.0003821 seconds
[2022-06-13T03:23:31.076+0000][1][safepoint    ] Entering safepoint region: Deoptimize
[2022-06-13T03:23:31.076+0000][1][safepoint    ] Leaving safepoint region
[2022-06-13T03:23:31.076+0000][1][safepoint    ] Total time for which application threads were stopped: 0.0006200 seconds, Stopping threads took: 0.0000906 seconds
[2022-06-13T03:23:31.079+0000][1][safepoint    ] Application time: 0.0024560 seconds
[2022-06-13T03:23:31.079+0000][1][safepoint    ] Entering safepoint region: Deoptimize
[2022-06-13T03:23:31.080+0000][1][safepoint    ] Leaving safepoint region
[2022-06-13T03:23:31.080+0000][1][safepoint    ] Total time for which application threads were stopped: 0.0007487 seconds, Stopping threads took: 0.0001562 seconds
[2022-06-13T03:23:31.202+0000][1][safepoint    ] Application time: 0.1217423 seconds
[2022-06-13T03:23:31.202+0000][1][safepoint    ] Entering safepoint region: GenCollectForAllocation
[2022-06-13T03:23:31.202+0000][1][gc,start     ] GC(12) Pause Young (Allocation Failure)
[2022-06-13T03:23:31.203+0000][1][gc,task      ] GC(12) Using 5 workers of 13 for evacuation
[2022-06-13T03:23:31.212+0000][1][gc,age       ] GC(12) Desired survivor size 4456448 bytes, new threshold 2 (max threshold 6)
[2022-06-13T03:23:31.212+0000][1][gc,age       ] GC(12) Age table with threshold 2 (max threshold 6)
[2022-06-13T03:23:31.212+0000][1][gc,age       ] GC(12) - age   1:    4373048 bytes,    4373048 total
[2022-06-13T03:23:31.213+0000][1][gc,age       ] GC(12) - age   2:     344608 bytes,    4717656 total
[2022-06-13T03:23:31.213+0000][1][gc,age       ] GC(12) - age   3:      98968 bytes,    4816624 total
[2022-06-13T03:23:31.213+0000][1][gc,age       ] GC(12) - age   4:     320448 bytes,    5137072 total
[2022-06-13T03:23:31.213+0000][1][gc,age       ] GC(12) - age   5:     669472 bytes,    5806544 total
[2022-06-13T03:23:31.213+0000][1][gc,age       ] GC(12) - age   6:    1129032 bytes,    6935576 total
[2022-06-13T03:23:31.213+0000][1][gc,heap      ] GC(12) ParNew: 75008K->8228K(78656K)
[2022-06-13T03:23:31.213+0000][1][gc,heap      ] GC(12) CMS: 13972K->13972K(174784K)
[2022-06-13T03:23:31.213+0000][1][gc,metaspace ] GC(12) Metaspace: 26429K->26429K(1073152K)
[2022-06-13T03:23:31.214+0000][1][gc           ] GC(12) Pause Young (Allocation Failure) 86M->21M(247M) 11.131ms
[2022-06-13T03:23:31.214+0000][1][gc,cpu       ] GC(12) User=0.05s Sys=0.00s Real=0.01s
[2022-06-13T03:23:31.214+0000][1][safepoint    ] Leaving safepoint region
[2022-06-13T03:23:31.214+0000][1][safepoint    ] Total time for which application threads were stopped: 0.0118509 seconds, Stopping threads took: 0.0001718 seconds
[2022-06-13T03:23:31.610+0000][1][safepoint    ] Application time: 0.3956404 seconds
[2022-06-13T03:23:31.610+0000][1][safepoint    ] Entering safepoint region: RevokeBias
[2022-06-13T03:23:31.611+0000][1][safepoint    ] Leaving safepoint region
[2022-06-13T03:23:31.611+0000][1][safepoint    ] Total time for which application threads were stopped: 0.0006726 seconds, Stopping threads took: 0.0001818 seconds
[2022-06-13T03:23:31.772+0000][1][safepoint    ] Application time: 0.1610775 seconds
[2022-06-13T03:23:31.772+0000][1][safepoint    ] Entering safepoint region: GenCollectForAllocation
[2022-06-13T03:23:31.773+0000][1][gc,start     ] GC(13) Pause Young (Allocation Failure)
[2022-06-13T03:23:31.773+0000][1][gc,task      ] GC(13) Using 5 workers of 13 for evacuation
[2022-06-13T03:23:31.788+0000][1][gc,age       ] GC(13) Desired survivor size 4456448 bytes, new threshold 1 (max threshold 6)
[2022-06-13T03:23:31.788+0000][1][gc,age       ] GC(13) Age table with threshold 1 (max threshold 6)
[2022-06-13T03:23:31.789+0000][1][gc,age       ] GC(13) - age   1:    4891184 bytes,    4891184 total
[2022-06-13T03:23:31.789+0000][1][gc,age       ] GC(13) - age   2:    4021496 bytes,    8912680 total
[2022-06-13T03:23:31.789+0000][1][gc,heap      ] GC(13) ParNew: 78180K->8704K(78656K)
[2022-06-13T03:23:31.789+0000][1][gc,heap      ] GC(13) CMS: 13972K->26368K(174784K)
[2022-06-13T03:23:31.789+0000][1][gc,metaspace ] GC(13) Metaspace: 27026K->27026K(1075200K)
[2022-06-13T03:23:31.789+0000][1][gc           ] GC(13) Pause Young (Allocation Failure) 89M->34M(247M) 16.733ms
[2022-06-13T03:23:31.789+0000][1][gc,cpu       ] GC(13) User=0.17s Sys=0.00s Real=0.02s
[2022-06-13T03:23:31.790+0000][1][safepoint    ] Leaving safepoint region
[2022-06-13T03:23:31.790+0000][1][safepoint    ] Total time for which application threads were stopped: 0.0174941 seconds, Stopping threads took: 0.0001914 seconds
[2022-06-13T03:23:31.979+0000][1][safepoint    ] Application time: 0.1894592 seconds
[2022-06-13T03:23:31.980+0000][1][safepoint    ] Entering safepoint region: Deoptimize
[2022-06-13T03:23:31.980+0000][1][safepoint    ] Leaving safepoint region
[2022-06-13T03:23:31.980+0000][1][safepoint    ] Total time for which application threads were stopped: 0.0007473 seconds, Stopping threads took: 0.0001214 seconds
[2022-06-13T03:23:32.063+0000][1][safepoint    ] Application time: 0.0828354 seconds
[2022-06-13T03:23:32.064+0000][1][safepoint    ] Entering safepoint region: GenCollectForAllocation
[2022-06-13T03:23:32.064+0000][1][gc,start     ] GC(14) Pause Young (Allocation Failure)
[2022-06-13T03:23:32.064+0000][1][gc,task      ] GC(14) Using 5 workers of 13 for evacuation
[2022-06-13T03:23:32.080+0000][1][gc,age       ] GC(14) Desired survivor size 4456448 bytes, new threshold 1 (max threshold 6)
[2022-06-13T03:23:32.081+0000][1][gc,age       ] GC(14) Age table with threshold 1 (max threshold 6)
[2022-06-13T03:23:32.081+0000][1][gc,age       ] GC(14) - age   1:    8912472 bytes,    8912472 total
[2022-06-13T03:23:32.081+0000][1][gc,heap      ] GC(14) ParNew: 78656K->8704K(78656K)
[2022-06-13T03:23:32.081+0000][1][gc,heap      ] GC(14) CMS: 26368K->39771K(174784K)
[2022-06-13T03:23:32.081+0000][1][gc,metaspace ] GC(14) Metaspace: 27150K->27150K(1075200K)
[2022-06-13T03:23:32.081+0000][1][gc           ] GC(14) Pause Young (Allocation Failure) 102M->47M(247M) 17.401ms
[2022-06-13T03:23:32.081+0000][1][gc,cpu       ] GC(14) User=0.12s Sys=0.00s Real=0.02s
[2022-06-13T03:23:32.081+0000][1][safepoint    ] Leaving safepoint region
[2022-06-13T03:23:32.082+0000][1][safepoint    ] Total time for which application threads were stopped: 0.0179680 seconds, Stopping threads took: 0.0001279 seconds
[2022-06-13T03:23:32.492+0000][1][safepoint    ] Application time: 0.4106582 seconds
[2022-06-13T03:23:32.493+0000][1][safepoint    ] Entering safepoint region: GenCollectForAllocation
[2022-06-13T03:23:32.493+0000][1][gc,start     ] GC(15) Pause Young (Allocation Failure)
[2022-06-13T03:23:32.493+0000][1][gc,task      ] GC(15) Using 5 workers of 13 for evacuation
[2022-06-13T03:23:32.502+0000][1][gc,age       ] GC(15) Desired survivor size 4456448 bytes, new threshold 1 (max threshold 6)
[2022-06-13T03:23:32.503+0000][1][gc,age       ] GC(15) Age table with threshold 1 (max threshold 6)
[2022-06-13T03:23:32.503+0000][1][gc,age       ] GC(15) - age   1:    6494928 bytes,    6494928 total
[2022-06-13T03:23:32.503+0000][1][gc,heap      ] GC(15) ParNew: 78656K->8704K(78656K)
[2022-06-13T03:23:32.503+0000][1][gc,heap      ] GC(15) CMS: 39771K->49133K(174784K)
[2022-06-13T03:23:32.503+0000][1][gc,metaspace ] GC(15) Metaspace: 32625K->32625K(1079296K)
[2022-06-13T03:23:32.503+0000][1][gc           ] GC(15) Pause Young (Allocation Failure) 115M->56M(247M) 10.138ms
[2022-06-13T03:23:32.503+0000][1][gc,cpu       ] GC(15) User=0.05s Sys=0.00s Real=0.01s
[2022-06-13T03:23:32.503+0000][1][safepoint    ] Leaving safepoint region
[2022-06-13T03:23:32.503+0000][1][safepoint    ] Total time for which application threads were stopped: 0.0107156 seconds, Stopping threads took: 0.0001786 seconds
[2022-06-13T03:23:32.556+0000][1][safepoint    ] Application time: 0.0529642 seconds
[2022-06-13T03:23:32.557+0000][1][safepoint    ] Entering safepoint region: GenCollectForAllocation
[2022-06-13T03:23:32.557+0000][1][gc,start     ] GC(16) Pause Young (Allocation Failure)
[2022-06-13T03:23:32.557+0000][1][gc,task      ] GC(16) Using 5 workers of 13 for evacuation
[2022-06-13T03:23:32.561+0000][1][gc,age       ] GC(16) Desired survivor size 4456448 bytes, new threshold 6 (max threshold 6)
[2022-06-13T03:23:32.562+0000][1][gc,age       ] GC(16) Age table with threshold 6 (max threshold 6)
[2022-06-13T03:23:32.562+0000][1][gc,age       ] GC(16) - age   1:     251112 bytes,     251112 total
[2022-06-13T03:23:32.562+0000][1][gc,heap      ] GC(16) ParNew: 78656K->6889K(78656K)
[2022-06-13T03:23:32.562+0000][1][gc,heap      ] GC(16) CMS: 49133K->55507K(174784K)
[2022-06-13T03:23:32.562+0000][1][gc,metaspace ] GC(16) Metaspace: 32951K->32951K(1079296K)
[2022-06-13T03:23:32.562+0000][1][gc           ] GC(16) Pause Young (Allocation Failure) 124M->60M(247M) 5.347ms
[2022-06-13T03:23:32.562+0000][1][gc,cpu       ] GC(16) User=0.02s Sys=0.00s Real=0.01s
[2022-06-13T03:23:32.562+0000][1][safepoint    ] Leaving safepoint region
[2022-06-13T03:23:32.562+0000][1][safepoint    ] Total time for which application threads were stopped: 0.0058026 seconds, Stopping threads took: 0.0001113 seconds
[2022-06-13T03:23:32.643+0000][1][safepoint    ] Application time: 0.0810165 seconds
[2022-06-13T03:23:32.644+0000][1][safepoint    ] Entering safepoint region: CollectForMetadataAllocation
[2022-06-13T03:23:32.644+0000][1][safepoint    ] Leaving safepoint region
[2022-06-13T03:23:32.644+0000][1][safepoint    ] Total time for which application threads were stopped: 0.0003851 seconds, Stopping threads took: 0.0001408 seconds
[2022-06-13T03:23:32.677+0000][1][safepoint    ] Application time: 0.0333050 seconds
[2022-06-13T03:23:32.678+0000][1][safepoint    ] Entering safepoint region: CollectForMetadataAllocation
[2022-06-13T03:23:32.678+0000][1][safepoint    ] Leaving safepoint region
[2022-06-13T03:23:32.678+0000][1][safepoint    ] Total time for which application threads were stopped: 0.0004001 seconds, Stopping threads took: 0.0001859 seconds
[2022-06-13T03:23:32.693+0000][1][safepoint    ] Application time: 0.0151508 seconds
[2022-06-13T03:23:32.694+0000][1][safepoint    ] Entering safepoint region: CollectForMetadataAllocation
[2022-06-13T03:23:32.694+0000][1][safepoint    ] Leaving safepoint region
[2022-06-13T03:23:32.695+0000][1][safepoint    ] Total time for which application threads were stopped: 0.0010467 seconds, Stopping threads took: 0.0002397 seconds
[2022-06-13T03:23:32.703+0000][1][safepoint    ] Application time: 0.0077293 seconds
[2022-06-13T03:23:32.703+0000][1][safepoint    ] Entering safepoint region: CollectForMetadataAllocation
[2022-06-13T03:23:32.704+0000][1][safepoint    ] Leaving safepoint region
[2022-06-13T03:23:32.704+0000][1][safepoint    ] Total time for which application threads were stopped: 0.0009531 seconds, Stopping threads took: 0.0003801 seconds
[2022-06-13T03:23:32.715+0000][1][safepoint    ] Application time: 0.0102437 seconds
[2022-06-13T03:23:32.715+0000][1][safepoint    ] Entering safepoint region: CollectForMetadataAllocation
[2022-06-13T03:23:32.715+0000][1][safepoint    ] Leaving safepoint region
[2022-06-13T03:23:32.716+0000][1][safepoint    ] Total time for which application threads were stopped: 0.0005160 seconds, Stopping threads took: 0.0001288 seconds
[2022-06-13T03:23:32.723+0000][1][safepoint    ] Application time: 0.0075362 seconds
[2022-06-13T03:23:32.724+0000][1][safepoint    ] Entering safepoint region: CollectForMetadataAllocation
[2022-06-13T03:23:32.724+0000][1][safepoint    ] Leaving safepoint region
[2022-06-13T03:23:32.724+0000][1][safepoint    ] Total time for which application threads were stopped: 0.0007503 seconds, Stopping threads took: 0.0002673 seconds
[2022-06-13T03:23:32.737+0000][1][safepoint    ] Application time: 0.0124550 seconds
[2022-06-13T03:23:32.738+0000][1][safepoint    ] Entering safepoint region: CollectForMetadataAllocation
[2022-06-13T03:23:32.738+0000][1][safepoint    ] Leaving safepoint region
[2022-06-13T03:23:32.739+0000][1][safepoint    ] Total time for which application threads were stopped: 0.0009145 seconds, Stopping threads took: 0.0003887 seconds
[2022-06-13T03:23:32.747+0000][1][safepoint    ] Application time: 0.0082478 seconds
[2022-06-13T03:23:32.748+0000][1][safepoint    ] Entering safepoint region: CollectForMetadataAllocation
[2022-06-13T03:23:32.748+0000][1][safepoint    ] Leaving safepoint region
[2022-06-13T03:23:32.748+0000][1][safepoint    ] Total time for which application threads were stopped: 0.0007367 seconds, Stopping threads took: 0.0003242 seconds
[2022-06-13T03:23:32.762+0000][1][safepoint    ] Application time: 0.0138369 seconds
[2022-06-13T03:23:32.763+0000][1][safepoint    ] Entering safepoint region: CollectForMetadataAllocation
[2022-06-13T03:23:32.763+0000][1][safepoint    ] Leaving safepoint region
[2022-06-13T03:23:32.764+0000][1][safepoint    ] Total time for which application threads were stopped: 0.0008438 seconds, Stopping threads took: 0.0003741 seconds
[2022-06-13T03:23:32.775+0000][1][safepoint    ] Application time: 0.0111741 seconds
[2022-06-13T03:23:32.776+0000][1][safepoint    ] Entering safepoint region: CollectForMetadataAllocation
[2022-06-13T03:23:32.776+0000][1][safepoint    ] Leaving safepoint region
[2022-06-13T03:23:32.776+0000][1][safepoint    ] Total time for which application threads were stopped: 0.0006178 seconds, Stopping threads took: 0.0002628 seconds
[2022-06-13T03:23:32.785+0000][1][safepoint    ] Application time: 0.0081455 seconds
[2022-06-13T03:23:32.785+0000][1][safepoint    ] Entering safepoint region: RevokeBias
[2022-06-13T03:23:32.786+0000][1][safepoint    ] Leaving safepoint region
[2022-06-13T03:23:32.786+0000][1][safepoint    ] Total time for which application threads were stopped: 0.0008182 seconds, Stopping threads took: 0.0004022 seconds
[2022-06-13T03:23:32.792+0000][1][safepoint    ] Application time: 0.0055094 seconds
[2022-06-13T03:23:32.792+0000][1][safepoint    ] Entering safepoint region: CollectForMetadataAllocation
[2022-06-13T03:23:32.793+0000][1][safepoint    ] Leaving safepoint region
[2022-06-13T03:23:32.794+0000][1][safepoint    ] Total time for which application threads were stopped: 0.0011576 seconds, Stopping threads took: 0.0005136 seconds
[2022-06-13T03:23:32.807+0000][1][safepoint    ] Application time: 0.0129448 seconds
[2022-06-13T03:23:32.807+0000][1][safepoint    ] Entering safepoint region: RevokeBias
[2022-06-13T03:23:32.808+0000][1][safepoint    ] Leaving safepoint region
[2022-06-13T03:23:32.808+0000][1][safepoint    ] Total time for which application threads were stopped: 0.0007235 seconds, Stopping threads took: 0.0003206 seconds
[2022-06-13T03:23:32.814+0000][1][safepoint    ] Application time: 0.0051954 seconds
[2022-06-13T03:23:32.814+0000][1][safepoint    ] Entering safepoint region: CollectForMetadataAllocation
[2022-06-13T03:23:32.814+0000][1][safepoint    ] Leaving safepoint region
[2022-06-13T03:23:32.815+0000][1][safepoint    ] Total time for which application threads were stopped: 0.0007326 seconds, Stopping threads took: 0.0003226 seconds
[2022-06-13T03:23:32.828+0000][1][safepoint    ] Application time: 0.0131344 seconds
[2022-06-13T03:23:32.829+0000][1][safepoint    ] Entering safepoint region: CollectForMetadataAllocation
[2022-06-13T03:23:32.829+0000][1][safepoint    ] Leaving safepoint region
[2022-06-13T03:23:32.830+0000][1][safepoint    ] Total time for which application threads were stopped: 0.0009831 seconds, Stopping threads took: 0.0004182 seconds
[2022-06-13T03:23:32.841+0000][1][safepoint    ] Application time: 0.0108045 seconds
[2022-06-13T03:23:32.841+0000][1][safepoint    ] Entering safepoint region: CollectForMetadataAllocation
[2022-06-13T03:23:32.842+0000][1][safepoint    ] Leaving safepoint region
[2022-06-13T03:23:32.842+0000][1][safepoint    ] Total time for which application threads were stopped: 0.0009765 seconds, Stopping threads took: 0.0003934 seconds
[2022-06-13T03:23:32.856+0000][1][safepoint    ] Application time: 0.0132348 seconds
[2022-06-13T03:23:32.856+0000][1][safepoint    ] Entering safepoint region: CollectForMetadataAllocation
[2022-06-13T03:23:32.857+0000][1][safepoint    ] Leaving safepoint region
[2022-06-13T03:23:32.858+0000][1][safepoint    ] Total time for which application threads were stopped: 0.0011189 seconds, Stopping threads took: 0.0004932 seconds
[2022-06-13T03:23:32.871+0000][1][safepoint    ] Application time: 0.0129363 seconds
[2022-06-13T03:23:32.872+0000][1][safepoint    ] Entering safepoint region: CollectForMetadataAllocation
[2022-06-13T03:23:32.872+0000][1][safepoint    ] Leaving safepoint region
[2022-06-13T03:23:32.873+0000][1][safepoint    ] Total time for which application threads were stopped: 0.0012797 seconds, Stopping threads took: 0.0005569 seconds
[2022-06-13T03:23:32.887+0000][1][safepoint    ] Application time: 0.0134218 seconds
[2022-06-13T03:23:32.887+0000][1][safepoint    ] Entering safepoint region: CollectForMetadataAllocation
[2022-06-13T03:23:32.888+0000][1][safepoint    ] Leaving safepoint region
[2022-06-13T03:23:32.888+0000][1][safepoint    ] Total time for which application threads were stopped: 0.0007968 seconds, Stopping threads took: 0.0003359 seconds
[2022-06-13T03:23:32.901+0000][1][safepoint    ] Application time: 0.0128817 seconds
[2022-06-13T03:23:32.902+0000][1][safepoint    ] Entering safepoint region: CollectForMetadataAllocation
[2022-06-13T03:23:32.903+0000][1][safepoint    ] Leaving safepoint region
[2022-06-13T03:23:32.903+0000][1][safepoint    ] Total time for which application threads were stopped: 0.0011609 seconds, Stopping threads took: 0.0005396 seconds
[2022-06-13T03:23:32.920+0000][1][safepoint    ] Application time: 0.0165280 seconds
[2022-06-13T03:23:32.921+0000][1][safepoint    ] Entering safepoint region: CollectForMetadataAllocation
[2022-06-13T03:23:32.921+0000][1][safepoint    ] Leaving safepoint region
[2022-06-13T03:23:32.922+0000][1][safepoint    ] Total time for which application threads were stopped: 0.0008861 seconds, Stopping threads took: 0.0002169 seconds
[2022-06-13T03:23:32.929+0000][1][safepoint    ] Application time: 0.0072779 seconds
[2022-06-13T03:23:32.929+0000][1][safepoint    ] Entering safepoint region: CollectForMetadataAllocation
[2022-06-13T03:23:32.930+0000][1][safepoint    ] Leaving safepoint region
[2022-06-13T03:23:32.930+0000][1][safepoint    ] Total time for which application threads were stopped: 0.0005100 seconds, Stopping threads took: 0.0002053 seconds
[2022-06-13T03:23:32.948+0000][1][safepoint    ] Application time: 0.0174251 seconds
[2022-06-13T03:23:32.948+0000][1][safepoint    ] Entering safepoint region: CollectForMetadataAllocation
[2022-06-13T03:23:32.948+0000][1][safepoint    ] Leaving safepoint region
[2022-06-13T03:23:32.948+0000][1][safepoint    ] Total time for which application threads were stopped: 0.0002997 seconds, Stopping threads took: 0.0001176 seconds
[2022-06-13T03:23:32.960+0000][1][safepoint    ] Application time: 0.0120754 seconds
[2022-06-13T03:23:32.961+0000][1][safepoint    ] Entering safepoint region: CollectForMetadataAllocation
[2022-06-13T03:23:32.961+0000][1][safepoint    ] Leaving safepoint region
[2022-06-13T03:23:32.961+0000][1][safepoint    ] Total time for which application threads were stopped: 0.0004626 seconds, Stopping threads took: 0.0001736 seconds
[2022-06-13T03:23:32.974+0000][1][safepoint    ] Application time: 0.0127671 seconds
[2022-06-13T03:23:32.974+0000][1][safepoint    ] Entering safepoint region: CollectForMetadataAllocation
[2022-06-13T03:23:32.975+0000][1][safepoint    ] Leaving safepoint region
[2022-06-13T03:23:32.975+0000][1][safepoint    ] Total time for which application threads were stopped: 0.0008821 seconds, Stopping threads took: 0.0003019 seconds
[2022-06-13T03:23:32.998+0000][1][safepoint    ] Application time: 0.0224150 seconds
[2022-06-13T03:23:32.998+0000][1][safepoint    ] Entering safepoint region: CollectForMetadataAllocation
[2022-06-13T03:23:32.998+0000][1][safepoint    ] Leaving safepoint region
[2022-06-13T03:23:32.998+0000][1][safepoint    ] Total time for which application threads were stopped: 0.0003244 seconds, Stopping threads took: 0.0001020 seconds
[2022-06-13T03:23:33.015+0000][1][safepoint    ] Application time: 0.0166800 seconds
[2022-06-13T03:23:33.016+0000][1][safepoint    ] Entering safepoint region: CollectForMetadataAllocation
[2022-06-13T03:23:33.016+0000][1][safepoint    ] Leaving safepoint region
[2022-06-13T03:23:33.016+0000][1][safepoint    ] Total time for which application threads were stopped: 0.0005031 seconds, Stopping threads took: 0.0001725 seconds
[2022-06-13T03:23:33.033+0000][1][safepoint    ] Application time: 0.0171135 seconds
[2022-06-13T03:23:33.034+0000][1][safepoint    ] Entering safepoint region: CollectForMetadataAllocation
[2022-06-13T03:23:33.034+0000][1][safepoint    ] Leaving safepoint region
[2022-06-13T03:23:33.034+0000][1][safepoint    ] Total time for which application threads were stopped: 0.0006930 seconds, Stopping threads took: 0.0002391 seconds
[2022-06-13T03:23:33.052+0000][1][safepoint    ] Application time: 0.0171559 seconds
[2022-06-13T03:23:33.052+0000][1][safepoint    ] Entering safepoint region: CollectForMetadataAllocation
[2022-06-13T03:23:33.053+0000][1][safepoint    ] Leaving safepoint region
[2022-06-13T03:23:33.053+0000][1][safepoint    ] Total time for which application threads were stopped: 0.0010945 seconds, Stopping threads took: 0.0002336 seconds
[2022-06-13T03:23:33.057+0000][1][safepoint    ] Application time: 0.0042331 seconds
[2022-06-13T03:23:33.058+0000][1][safepoint    ] Entering safepoint region: RevokeBias
[2022-06-13T03:23:33.058+0000][1][safepoint    ] Leaving safepoint region
[2022-06-13T03:23:33.058+0000][1][safepoint    ] Total time for which application threads were stopped: 0.0002838 seconds, Stopping threads took: 0.0001417 seconds
[2022-06-13T03:23:33.065+0000][1][safepoint    ] Application time: 0.0069485 seconds
[2022-06-13T03:23:33.065+0000][1][safepoint    ] Entering safepoint region: CollectForMetadataAllocation
[2022-06-13T03:23:33.066+0000][1][safepoint    ] Leaving safepoint region
[2022-06-13T03:23:33.066+0000][1][safepoint    ] Total time for which application threads were stopped: 0.0004733 seconds, Stopping threads took: 0.0001754 seconds
[2022-06-13T03:23:33.196+0000][1][safepoint    ] Application time: 0.1302140 seconds
[2022-06-13T03:23:33.196+0000][1][safepoint    ] Entering safepoint region: CollectForMetadataAllocation
[2022-06-13T03:23:33.197+0000][1][safepoint    ] Leaving safepoint region
[2022-06-13T03:23:33.197+0000][1][safepoint    ] Total time for which application threads were stopped: 0.0004385 seconds, Stopping threads took: 0.0001582 seconds
[2022-06-13T03:23:33.423+0000][1][safepoint    ] Application time: 0.2260837 seconds
[2022-06-13T03:23:33.424+0000][1][safepoint    ] Entering safepoint region: CollectForMetadataAllocation
[2022-06-13T03:23:33.424+0000][1][safepoint    ] Leaving safepoint region
[2022-06-13T03:23:33.425+0000][1][safepoint    ] Total time for which application threads were stopped: 0.0010017 seconds, Stopping threads took: 0.0004385 seconds
[2022-06-13T03:23:33.427+0000][1][safepoint    ] Application time: 0.0016649 seconds
[2022-06-13T03:23:33.427+0000][1][safepoint    ] Entering safepoint region: GenCollectForAllocation
[2022-06-13T03:23:33.427+0000][1][gc,start     ] GC(17) Pause Young (Allocation Failure)
[2022-06-13T03:23:33.428+0000][1][gc,task      ] GC(17) Using 5 workers of 13 for evacuation
[2022-06-13T03:23:33.432+0000][1][gc,age       ] GC(17) Desired survivor size 4456448 bytes, new threshold 6 (max threshold 6)
[2022-06-13T03:23:33.432+0000][1][gc,age       ] GC(17) Age table with threshold 6 (max threshold 6)
[2022-06-13T03:23:33.433+0000][1][gc,age       ] GC(17) - age   1:    4079912 bytes,    4079912 total
[2022-06-13T03:23:33.433+0000][1][gc,age       ] GC(17) - age   2:     247384 bytes,    4327296 total
[2022-06-13T03:23:33.433+0000][1][gc,heap      ] GC(17) ParNew: 76841K->5305K(78656K)
[2022-06-13T03:23:33.433+0000][1][gc,heap      ] GC(17) CMS: 55507K->55507K(174784K)
[2022-06-13T03:23:33.434+0000][1][gc,metaspace ] GC(17) Metaspace: 42464K->42464K(1089536K)
[2022-06-13T03:23:33.434+0000][1][gc           ] GC(17) Pause Young (Allocation Failure) 129M->59M(247M) 6.768ms
[2022-06-13T03:23:33.434+0000][1][gc,cpu       ] GC(17) User=0.02s Sys=0.00s Real=0.01s
[2022-06-13T03:23:33.435+0000][1][safepoint    ] Leaving safepoint region
[2022-06-13T03:23:33.435+0000][1][safepoint    ] Total time for which application threads were stopped: 0.0079470 seconds, Stopping threads took: 0.0003211 seconds
[2022-06-13T03:23:33.435+0000][1][safepoint    ] Application time: 0.0001261 seconds
[2022-06-13T03:23:33.436+0000][1][safepoint    ] Entering safepoint region: CMS_Initial_Mark
[2022-06-13T03:23:33.436+0000][1][gc,start     ] GC(18) Pause Initial Mark
[2022-06-13T03:23:33.437+0000][1][gc           ] GC(18) Pause Initial Mark 60M->60M(247M) 1.073ms
[2022-06-13T03:23:33.437+0000][1][gc,cpu       ] GC(18) User=0.00s Sys=0.00s Real=0.00s
[2022-06-13T03:23:33.437+0000][1][safepoint    ] Leaving safepoint region
[2022-06-13T03:23:33.437+0000][1][safepoint    ] Total time for which application threads were stopped: 0.0017136 seconds, Stopping threads took: 0.0002831 seconds
[2022-06-13T03:23:33.437+0000][1][gc           ] GC(18) Concurrent Mark
[2022-06-13T03:23:33.437+0000][1][gc,task      ] GC(18) Using 4 workers of 4 for marking
[2022-06-13T03:23:33.443+0000][1][safepoint    ] Application time: 0.0059961 seconds
[2022-06-13T03:23:33.444+0000][1][safepoint    ] Entering safepoint region: RevokeBias
[2022-06-13T03:23:33.444+0000][1][safepoint    ] Leaving safepoint region
[2022-06-13T03:23:33.444+0000][1][safepoint    ] Total time for which application threads were stopped: 0.0005427 seconds, Stopping threads took: 0.0002322 seconds
[2022-06-13T03:23:33.457+0000][1][gc           ] GC(18) Concurrent Mark 19.449ms
[2022-06-13T03:23:33.457+0000][1][gc,cpu       ] GC(18) User=0.12s Sys=0.00s Real=0.02s
[2022-06-13T03:23:33.457+0000][1][safepoint    ] Application time: 0.0126811 seconds
[2022-06-13T03:23:33.457+0000][1][safepoint    ] Entering safepoint region: CollectForMetadataAllocation
[2022-06-13T03:23:33.458+0000][1][safepoint    ] Leaving safepoint region
[2022-06-13T03:23:33.458+0000][1][safepoint    ] Total time for which application threads were stopped: 0.0004126 seconds, Stopping threads took: 0.0001878 seconds
[2022-06-13T03:23:33.458+0000][1][gc           ] GC(18) Concurrent Preclean
[2022-06-13T03:23:33.460+0000][1][gc           ] GC(18) Concurrent Preclean 2.090ms
[2022-06-13T03:23:33.460+0000][1][gc,cpu       ] GC(18) User=0.02s Sys=0.00s Real=0.01s
[2022-06-13T03:23:33.460+0000][1][gc           ] GC(18) Concurrent Abortable Preclean
[2022-06-13T03:23:33.583+0000][1][safepoint    ] Application time: 0.1252141 seconds
[2022-06-13T03:23:33.583+0000][1][safepoint    ] Entering safepoint region: CollectForMetadataAllocation
[2022-06-13T03:23:33.584+0000][1][safepoint    ] Leaving safepoint region
[2022-06-13T03:23:33.584+0000][1][safepoint    ] Total time for which application threads were stopped: 0.0003511 seconds, Stopping threads took: 0.0000925 seconds
[2022-06-13T03:23:33.604+0000][1][safepoint    ] Application time: 0.0199378 seconds
[2022-06-13T03:23:33.604+0000][1][safepoint    ] Entering safepoint region: CollectForMetadataAllocation
[2022-06-13T03:23:33.604+0000][1][safepoint    ] Leaving safepoint region
[2022-06-13T03:23:33.604+0000][1][safepoint    ] Total time for which application threads were stopped: 0.0004204 seconds, Stopping threads took: 0.0001981 seconds
[2022-06-13T03:23:33.612+0000][1][safepoint    ] Application time: 0.0077367 seconds
[2022-06-13T03:23:33.613+0000][1][safepoint    ] Entering safepoint region: CollectForMetadataAllocation
[2022-06-13T03:23:33.613+0000][1][safepoint    ] Leaving safepoint region
[2022-06-13T03:23:33.613+0000][1][safepoint    ] Total time for which application threads were stopped: 0.0003592 seconds, Stopping threads took: 0.0000978 seconds
[2022-06-13T03:23:33.639+0000][1][safepoint    ] Application time: 0.0258117 seconds
[2022-06-13T03:23:33.639+0000][1][safepoint    ] Entering safepoint region: CollectForMetadataAllocation
[2022-06-13T03:23:33.639+0000][1][safepoint    ] Leaving safepoint region
[2022-06-13T03:23:33.640+0000][1][safepoint    ] Total time for which application threads were stopped: 0.0005624 seconds, Stopping threads took: 0.0001890 seconds
[2022-06-13T03:23:33.659+0000][1][safepoint    ] Application time: 0.0190339 seconds
[2022-06-13T03:23:33.659+0000][1][safepoint    ] Entering safepoint region: Deoptimize
[2022-06-13T03:23:33.660+0000][1][safepoint    ] Leaving safepoint region
[2022-06-13T03:23:33.660+0000][1][safepoint    ] Total time for which application threads were stopped: 0.0008298 seconds, Stopping threads took: 0.0001262 seconds
[2022-06-13T03:23:33.661+0000][1][gc           ] GC(18) Concurrent Abortable Preclean 200.407ms
[2022-06-13T03:23:33.661+0000][1][gc,cpu       ] GC(18) User=1.04s Sys=0.02s Real=0.20s
[2022-06-13T03:23:33.661+0000][1][safepoint    ] Application time: 0.0013213 seconds
[2022-06-13T03:23:33.661+0000][1][safepoint    ] Entering safepoint region: CMS_Final_Remark
[2022-06-13T03:23:33.662+0000][1][gc,start     ] GC(18) Pause Remark
[2022-06-13T03:23:33.673+0000][1][gc           ] GC(18) Pause Remark 94M->94M(247M) 11.025ms
[2022-06-13T03:23:33.673+0000][1][gc,cpu       ] GC(18) User=0.03s Sys=0.00s Real=0.01s
[2022-06-13T03:23:33.673+0000][1][safepoint    ] Leaving safepoint region
[2022-06-13T03:23:33.673+0000][1][safepoint    ] Total time for which application threads were stopped: 0.0118663 seconds, Stopping threads took: 0.0001887 seconds
[2022-06-13T03:23:33.673+0000][1][gc           ] GC(18) Concurrent Sweep
[2022-06-13T03:23:33.680+0000][1][safepoint    ] Application time: 0.0070578 seconds
[2022-06-13T03:23:33.681+0000][1][safepoint    ] Entering safepoint region: RevokeBias
[2022-06-13T03:23:33.681+0000][1][safepoint    ] Leaving safepoint region
[2022-06-13T03:23:33.682+0000][1][safepoint    ] Total time for which application threads were stopped: 0.0010384 seconds, Stopping threads took: 0.0002418 seconds
[2022-06-13T03:23:33.682+0000][1][safepoint    ] Application time: 0.0002341 seconds
[2022-06-13T03:23:33.682+0000][1][safepoint    ] Entering safepoint region: RevokeBias
[2022-06-13T03:23:33.682+0000][1][safepoint    ] Leaving safepoint region
[2022-06-13T03:23:33.682+0000][1][safepoint    ] Total time for which application threads were stopped: 0.0001909 seconds, Stopping threads took: 0.0000808 seconds
[2022-06-13T03:23:33.685+0000][1][safepoint    ] Application time: 0.0023559 seconds
[2022-06-13T03:23:33.685+0000][1][safepoint    ] Entering safepoint region: CollectForMetadataAllocation
[2022-06-13T03:23:33.685+0000][1][safepoint    ] Leaving safepoint region
[2022-06-13T03:23:33.685+0000][1][safepoint    ] Total time for which application threads were stopped: 0.0006062 seconds, Stopping threads took: 0.0000837 seconds
[2022-06-13T03:23:33.690+0000][1][gc           ] GC(18) Concurrent Sweep 16.317ms
[2022-06-13T03:23:33.690+0000][1][gc,cpu       ] GC(18) User=0.07s Sys=0.00s Real=0.02s
[2022-06-13T03:23:33.690+0000][1][gc           ] GC(18) Concurrent Reset
[2022-06-13T03:23:33.690+0000][1][gc           ] GC(18) Concurrent Reset 0.322ms
[2022-06-13T03:23:33.690+0000][1][gc,cpu       ] GC(18) User=0.00s Sys=0.00s Real=0.00s
[2022-06-13T03:23:33.691+0000][1][gc,heap      ] GC(18) Old: 55507K->55292K(174784K)
[2022-06-13T03:23:33.713+0000][1][safepoint    ] Application time: 0.0272057 seconds
[2022-06-13T03:23:33.713+0000][1][safepoint    ] Entering safepoint region: RevokeBias
[2022-06-13T03:23:33.713+0000][1][safepoint    ] Leaving safepoint region
[2022-06-13T03:23:33.713+0000][1][safepoint    ] Total time for which application threads were stopped: 0.0002875 seconds, Stopping threads took: 0.0001319 seconds
[2022-06-13T03:23:33.721+0000][1][safepoint    ] Application time: 0.0075983 seconds
[2022-06-13T03:23:33.721+0000][1][safepoint    ] Entering safepoint region: RevokeBias
[2022-06-13T03:23:33.721+0000][1][safepoint    ] Leaving safepoint region
[2022-06-13T03:23:33.721+0000][1][safepoint    ] Total time for which application threads were stopped: 0.0002411 seconds, Stopping threads took: 0.0000858 seconds
[2022-06-13T03:23:33.724+0000][1][safepoint    ] Application time: 0.0028126 seconds
[2022-06-13T03:23:33.724+0000][1][safepoint    ] Entering safepoint region: RevokeBias
[2022-06-13T03:23:33.724+0000][1][safepoint    ] Leaving safepoint region
[2022-06-13T03:23:33.724+0000][1][safepoint    ] Total time for which application threads were stopped: 0.0002635 seconds, Stopping threads took: 0.0001191 seconds
[2022-06-13T03:23:33.832+0000][1][safepoint    ] Application time: 0.1074002 seconds
[2022-06-13T03:23:33.832+0000][1][safepoint    ] Entering safepoint region: RevokeBias
[2022-06-13T03:23:33.833+0000][1][safepoint    ] Leaving safepoint region
[2022-06-13T03:23:33.833+0000][1][safepoint    ] Total time for which application threads were stopped: 0.0009410 seconds, Stopping threads took: 0.0003188 seconds
[2022-06-13T03:23:33.833+0000][1][safepoint    ] Application time: 0.0001124 seconds
[2022-06-13T03:23:33.834+0000][1][safepoint    ] Entering safepoint region: RevokeBias
[2022-06-13T03:23:33.834+0000][1][safepoint    ] Leaving safepoint region
[2022-06-13T03:23:33.834+0000][1][safepoint    ] Total time for which application threads were stopped: 0.0004225 seconds, Stopping threads took: 0.0002591 seconds
[2022-06-13T03:23:33.834+0000][1][safepoint    ] Application time: 0.0002336 seconds
[2022-06-13T03:23:33.834+0000][1][safepoint    ] Entering safepoint region: RevokeBias
[2022-06-13T03:23:33.835+0000][1][safepoint    ] Leaving safepoint region
[2022-06-13T03:23:33.835+0000][1][safepoint    ] Total time for which application threads were stopped: 0.0003661 seconds, Stopping threads took: 0.0001841 seconds
[2022-06-13T03:23:33.835+0000][1][safepoint    ] Application time: 0.0000815 seconds
[2022-06-13T03:23:33.835+0000][1][safepoint    ] Entering safepoint region: RevokeBias
[2022-06-13T03:23:33.835+0000][1][safepoint    ] Leaving safepoint region
[2022-06-13T03:23:33.835+0000][1][safepoint    ] Total time for which application threads were stopped: 0.0003148 seconds, Stopping threads took: 0.0001657 seconds
[2022-06-13T03:23:33.883+0000][1][safepoint    ] Application time: 0.0478965 seconds
[2022-06-13T03:23:33.884+0000][1][safepoint    ] Entering safepoint region: RevokeBias
[2022-06-13T03:23:33.884+0000][1][safepoint    ] Leaving safepoint region
[2022-06-13T03:23:33.884+0000][1][safepoint    ] Total time for which application threads were stopped: 0.0002827 seconds, Stopping threads took: 0.0001449 seconds
[2022-06-13T03:23:33.884+0000][1][safepoint    ] Application time: 0.0000944 seconds
[2022-06-13T03:23:33.884+0000][1][safepoint    ] Entering safepoint region: RevokeBias
[2022-06-13T03:23:33.884+0000][1][safepoint    ] Leaving safepoint region
[2022-06-13T03:23:33.884+0000][1][safepoint    ] Total time for which application threads were stopped: 0.0002577 seconds, Stopping threads took: 0.0001264 seconds
[2022-06-13T03:23:33.885+0000][1][safepoint    ] Application time: 0.0000687 seconds
[2022-06-13T03:23:33.885+0000][1][safepoint    ] Entering safepoint region: RevokeBias
[2022-06-13T03:23:33.885+0000][1][safepoint    ] Leaving safepoint region
[2022-06-13T03:23:33.885+0000][1][safepoint    ] Total time for which application threads were stopped: 0.0002505 seconds, Stopping threads took: 0.0001339 seconds
[2022-06-13T03:23:33.885+0000][1][safepoint    ] Application time: 0.0002696 seconds
[2022-06-13T03:23:33.886+0000][1][safepoint    ] Entering safepoint region: RevokeBias
[2022-06-13T03:23:33.886+0000][1][safepoint    ] Leaving safepoint region
[2022-06-13T03:23:33.886+0000][1][safepoint    ] Total time for which application threads were stopped: 0.0004735 seconds, Stopping threads took: 0.0002143 seconds
[2022-06-13T03:23:33.887+0000][1][safepoint    ] Application time: 0.0004258 seconds
[2022-06-13T03:23:33.887+0000][1][safepoint    ] Entering safepoint region: RevokeBias
[2022-06-13T03:23:33.887+0000][1][safepoint    ] Leaving safepoint region
[2022-06-13T03:23:33.887+0000][1][safepoint    ] Total time for which application threads were stopped: 0.0003422 seconds, Stopping threads took: 0.0001875 seconds
[2022-06-13T03:23:33.887+0000][1][safepoint    ] Application time: 0.0001201 seconds
[2022-06-13T03:23:33.888+0000][1][safepoint    ] Entering safepoint region: RevokeBias
[2022-06-13T03:23:33.888+0000][1][safepoint    ] Leaving safepoint region
[2022-06-13T03:23:33.888+0000][1][safepoint    ] Total time for which application threads were stopped: 0.0004234 seconds, Stopping threads took: 0.0002274 seconds
[2022-06-13T03:23:33.888+0000][1][safepoint    ] Application time: 0.0002533 seconds
[2022-06-13T03:23:33.889+0000][1][safepoint    ] Entering safepoint region: RevokeBias
[2022-06-13T03:23:33.889+0000][1][safepoint    ] Leaving safepoint region
[2022-06-13T03:23:33.889+0000][1][safepoint    ] Total time for which application threads were stopped: 0.0004347 seconds, Stopping threads took: 0.0001655 seconds
[2022-06-13T03:23:33.889+0000][1][safepoint    ] Application time: 0.0001019 seconds
[2022-06-13T03:23:33.890+0000][1][safepoint    ] Entering safepoint region: RevokeBias
[2022-06-13T03:23:33.890+0000][1][safepoint    ] Leaving safepoint region
[2022-06-13T03:23:33.890+0000][1][safepoint    ] Total time for which application threads were stopped: 0.0005361 seconds, Stopping threads took: 0.0002449 seconds
[2022-06-13T03:23:33.890+0000][1][safepoint    ] Application time: 0.0001397 seconds
[2022-06-13T03:23:33.891+0000][1][safepoint    ] Entering safepoint region: RevokeBias
[2022-06-13T03:23:33.891+0000][1][safepoint    ] Leaving safepoint region
[2022-06-13T03:23:33.891+0000][1][safepoint    ] Total time for which application threads were stopped: 0.0003454 seconds, Stopping threads took: 0.0001501 seconds
[2022-06-13T03:23:33.891+0000][1][safepoint    ] Application time: 0.0000989 seconds
[2022-06-13T03:23:33.891+0000][1][safepoint    ] Entering safepoint region: RevokeBias
[2022-06-13T03:23:33.892+0000][1][safepoint    ] Leaving safepoint region
[2022-06-13T03:23:33.892+0000][1][safepoint    ] Total time for which application threads were stopped: 0.0004440 seconds, Stopping threads took: 0.0002697 seconds
[2022-06-13T03:23:33.892+0000][1][safepoint    ] Application time: 0.0000796 seconds
[2022-06-13T03:23:33.892+0000][1][safepoint    ] Entering safepoint region: RevokeBias
[2022-06-13T03:23:33.893+0000][1][safepoint    ] Leaving safepoint region
[2022-06-13T03:23:33.893+0000][1][safepoint    ] Total time for which application threads were stopped: 0.0004963 seconds, Stopping threads took: 0.0002999 seconds
[2022-06-13T03:23:33.893+0000][1][safepoint    ] Application time: 0.0001426 seconds
[2022-06-13T03:23:33.894+0000][1][safepoint    ] Entering safepoint region: RevokeBias
[2022-06-13T03:23:33.894+0000][1][safepoint    ] Leaving safepoint region
[2022-06-13T03:23:33.894+0000][1][safepoint    ] Total time for which application threads were stopped: 0.0005645 seconds, Stopping threads took: 0.0004316 seconds
[2022-06-13T03:23:33.894+0000][1][safepoint    ] Application time: 0.0000835 seconds
[2022-06-13T03:23:33.894+0000][1][safepoint    ] Entering safepoint region: RevokeBias
[2022-06-13T03:23:33.894+0000][1][safepoint    ] Leaving safepoint region
[2022-06-13T03:23:33.895+0000][1][safepoint    ] Total time for which application threads were stopped: 0.0002664 seconds, Stopping threads took: 0.0001436 seconds
[2022-06-13T03:23:33.895+0000][1][safepoint    ] Application time: 0.0000803 seconds
[2022-06-13T03:23:33.895+0000][1][safepoint    ] Entering safepoint region: RevokeBias
[2022-06-13T03:23:33.895+0000][1][safepoint    ] Leaving safepoint region
[2022-06-13T03:23:33.895+0000][1][safepoint    ] Total time for which application threads were stopped: 0.0002044 seconds, Stopping threads took: 0.0000936 seconds
[2022-06-13T03:23:33.895+0000][1][safepoint    ] Application time: 0.0000605 seconds
[2022-06-13T03:23:33.895+0000][1][safepoint    ] Entering safepoint region: RevokeBias
[2022-06-13T03:23:33.895+0000][1][safepoint    ] Leaving safepoint region
[2022-06-13T03:23:33.895+0000][1][safepoint    ] Total time for which application threads were stopped: 0.0002166 seconds, Stopping threads took: 0.0000879 seconds
[2022-06-13T03:23:33.896+0000][1][safepoint    ] Application time: 0.0000532 seconds
[2022-06-13T03:23:33.896+0000][1][safepoint    ] Entering safepoint region: RevokeBias
[2022-06-13T03:23:33.896+0000][1][safepoint    ] Leaving safepoint region
[2022-06-13T03:23:33.896+0000][1][safepoint    ] Total time for which application threads were stopped: 0.0002025 seconds, Stopping threads took: 0.0000893 seconds
[2022-06-13T03:23:33.896+0000][1][safepoint    ] Application time: 0.0000475 seconds
[2022-06-13T03:23:33.896+0000][1][safepoint    ] Entering safepoint region: RevokeBias
[2022-06-13T03:23:33.896+0000][1][safepoint    ] Leaving safepoint region
[2022-06-13T03:23:33.896+0000][1][safepoint    ] Total time for which application threads were stopped: 0.0001812 seconds, Stopping threads took: 0.0000833 seconds
[2022-06-13T03:23:33.896+0000][1][safepoint    ] Application time: 0.0000455 seconds
[2022-06-13T03:23:33.897+0000][1][safepoint    ] Entering safepoint region: RevokeBias
[2022-06-13T03:23:33.897+0000][1][safepoint    ] Leaving safepoint region
[2022-06-13T03:23:33.897+0000][1][safepoint    ] Total time for which application threads were stopped: 0.0001921 seconds, Stopping threads took: 0.0000937 seconds
[2022-06-13T03:23:33.897+0000][1][safepoint    ] Application time: 0.0000465 seconds
[2022-06-13T03:23:33.897+0000][1][safepoint    ] Entering safepoint region: RevokeBias
[2022-06-13T03:23:33.897+0000][1][safepoint    ] Leaving safepoint region
[2022-06-13T03:23:33.897+0000][1][safepoint    ] Total time for which application threads were stopped: 0.0002033 seconds, Stopping threads took: 0.0000854 seconds
[2022-06-13T03:23:33.897+0000][1][safepoint    ] Application time: 0.0000505 seconds
[2022-06-13T03:23:33.897+0000][1][safepoint    ] Entering safepoint region: RevokeBias
[2022-06-13T03:23:33.897+0000][1][safepoint    ] Leaving safepoint region
[2022-06-13T03:23:33.898+0000][1][safepoint    ] Total time for which application threads were stopped: 0.0002013 seconds, Stopping threads took: 0.0000937 seconds
[2022-06-13T03:23:33.898+0000][1][safepoint    ] Application time: 0.0000520 seconds
[2022-06-13T03:23:33.898+0000][1][safepoint    ] Entering safepoint region: RevokeBias
[2022-06-13T03:23:33.898+0000][1][safepoint    ] Leaving safepoint region
[2022-06-13T03:23:33.898+0000][1][safepoint    ] Total time for which application threads were stopped: 0.0002109 seconds, Stopping threads took: 0.0000988 seconds
[2022-06-13T03:23:33.898+0000][1][safepoint    ] Application time: 0.0000456 seconds
[2022-06-13T03:23:33.898+0000][1][safepoint    ] Entering safepoint region: RevokeBias
[2022-06-13T03:23:33.898+0000][1][safepoint    ] Leaving safepoint region
[2022-06-13T03:23:33.898+0000][1][safepoint    ] Total time for which application threads were stopped: 0.0001950 seconds, Stopping threads took: 0.0000833 seconds
[2022-06-13T03:23:33.899+0000][1][safepoint    ] Application time: 0.0000474 seconds
[2022-06-13T03:23:33.899+0000][1][safepoint    ] Entering safepoint region: RevokeBias
[2022-06-13T03:23:33.899+0000][1][safepoint    ] Leaving safepoint region
[2022-06-13T03:23:33.899+0000][1][safepoint    ] Total time for which application threads were stopped: 0.0002115 seconds, Stopping threads took: 0.0000961 seconds
[2022-06-13T03:23:33.899+0000][1][safepoint    ] Application time: 0.0000479 seconds
[2022-06-13T03:23:33.899+0000][1][safepoint    ] Entering safepoint region: RevokeBias
[2022-06-13T03:23:33.899+0000][1][safepoint    ] Leaving safepoint region
[2022-06-13T03:23:33.899+0000][1][safepoint    ] Total time for which application threads were stopped: 0.0002717 seconds, Stopping threads took: 0.0001306 seconds
[2022-06-13T03:23:33.900+0000][1][safepoint    ] Application time: 0.0000708 seconds
[2022-06-13T03:23:33.900+0000][1][safepoint    ] Entering safepoint region: RevokeBias
[2022-06-13T03:23:33.900+0000][1][safepoint    ] Leaving safepoint region
[2022-06-13T03:23:33.900+0000][1][safepoint    ] Total time for which application threads were stopped: 0.0002140 seconds, Stopping threads took: 0.0000933 seconds
[2022-06-13T03:23:33.900+0000][1][safepoint    ] Application time: 0.0000525 seconds
[2022-06-13T03:23:33.900+0000][1][safepoint    ] Entering safepoint region: RevokeBias
[2022-06-13T03:23:33.900+0000][1][safepoint    ] Leaving safepoint region
[2022-06-13T03:23:33.900+0000][1][safepoint    ] Total time for which application threads were stopped: 0.0002252 seconds, Stopping threads took: 0.0000920 seconds
[2022-06-13T03:23:33.901+0000][1][safepoint    ] Application time: 0.0000516 seconds
[2022-06-13T03:23:33.901+0000][1][safepoint    ] Entering safepoint region: RevokeBias
[2022-06-13T03:23:33.901+0000][1][safepoint    ] Leaving safepoint region
[2022-06-13T03:23:33.901+0000][1][safepoint    ] Total time for which application threads were stopped: 0.0002993 seconds, Stopping threads took: 0.0001374 seconds
[2022-06-13T03:23:33.901+0000][1][safepoint    ] Application time: 0.0000667 seconds
[2022-06-13T03:23:33.901+0000][1][safepoint    ] Entering safepoint region: RevokeBias
[2022-06-13T03:23:33.901+0000][1][safepoint    ] Leaving safepoint region
[2022-06-13T03:23:33.902+0000][1][safepoint    ] Total time for which application threads were stopped: 0.0002555 seconds, Stopping threads took: 0.0001260 seconds
[2022-06-13T03:23:33.902+0000][1][safepoint    ] Application time: 0.0000633 seconds
[2022-06-13T03:23:33.902+0000][1][safepoint    ] Entering safepoint region: RevokeBias
[2022-06-13T03:23:33.902+0000][1][safepoint    ] Leaving safepoint region
[2022-06-13T03:23:33.902+0000][1][safepoint    ] Total time for which application threads were stopped: 0.0002263 seconds, Stopping threads took: 0.0001203 seconds
[2022-06-13T03:23:33.902+0000][1][safepoint    ] Application time: 0.0000687 seconds
[2022-06-13T03:23:33.902+0000][1][safepoint    ] Entering safepoint region: RevokeBias
[2022-06-13T03:23:33.902+0000][1][safepoint    ] Leaving safepoint region
[2022-06-13T03:23:33.902+0000][1][safepoint    ] Total time for which application threads were stopped: 0.0001833 seconds, Stopping threads took: 0.0000837 seconds
[2022-06-13T03:23:33.903+0000][1][safepoint    ] Application time: 0.0000555 seconds
[2022-06-13T03:23:33.903+0000][1][safepoint    ] Entering safepoint region: BulkRevokeBias
[2022-06-13T03:23:33.903+0000][1][safepoint    ] Leaving safepoint region
[2022-06-13T03:23:33.903+0000][1][safepoint    ] Total time for which application threads were stopped: 0.0002136 seconds, Stopping threads took: 0.0000855 seconds
[2022-06-13T03:23:33.903+0000][1][safepoint    ] Application time: 0.0001432 seconds
[2022-06-13T03:23:33.903+0000][1][safepoint    ] Entering safepoint region: RevokeBias
[2022-06-13T03:23:33.903+0000][1][safepoint    ] Leaving safepoint region
[2022-06-13T03:23:33.903+0000][1][safepoint    ] Total time for which application threads were stopped: 0.0002375 seconds, Stopping threads took: 0.0001059 seconds
[2022-06-13T03:23:33.904+0000][1][safepoint    ] Application time: 0.0000840 seconds
[2022-06-13T03:23:33.904+0000][1][safepoint    ] Entering safepoint region: RevokeBias
[2022-06-13T03:23:33.904+0000][1][safepoint    ] Leaving safepoint region
[2022-06-13T03:23:33.904+0000][1][safepoint    ] Total time for which application threads were stopped: 0.0002233 seconds, Stopping threads took: 0.0000975 seconds
[2022-06-13T03:23:33.904+0000][1][safepoint    ] Application time: 0.0000991 seconds
[2022-06-13T03:23:33.904+0000][1][safepoint    ] Entering safepoint region: RevokeBias
[2022-06-13T03:23:33.904+0000][1][safepoint    ] Leaving safepoint region
[2022-06-13T03:23:33.904+0000][1][safepoint    ] Total time for which application threads were stopped: 0.0001971 seconds, Stopping threads took: 0.0000855 seconds
[2022-06-13T03:23:33.905+0000][1][safepoint    ] Application time: 0.0001074 seconds
[2022-06-13T03:23:33.905+0000][1][safepoint    ] Entering safepoint region: RevokeBias
[2022-06-13T03:23:33.905+0000][1][safepoint    ] Leaving safepoint region
[2022-06-13T03:23:33.905+0000][1][safepoint    ] Total time for which application threads were stopped: 0.0003299 seconds, Stopping threads took: 0.0001905 seconds
[2022-06-13T03:23:33.905+0000][1][safepoint    ] Application time: 0.0001157 seconds
[2022-06-13T03:23:33.905+0000][1][safepoint    ] Entering safepoint region: RevokeBias
[2022-06-13T03:23:33.906+0000][1][safepoint    ] Leaving safepoint region
[2022-06-13T03:23:33.906+0000][1][safepoint    ] Total time for which application threads were stopped: 0.0002744 seconds, Stopping threads took: 0.0001196 seconds
[2022-06-13T03:23:33.906+0000][1][safepoint    ] Application time: 0.0000840 seconds
[2022-06-13T03:23:33.906+0000][1][safepoint    ] Entering safepoint region: RevokeBias
[2022-06-13T03:23:33.906+0000][1][safepoint    ] Leaving safepoint region
[2022-06-13T03:23:33.906+0000][1][safepoint    ] Total time for which application threads were stopped: 0.0002139 seconds, Stopping threads took: 0.0000877 seconds
[2022-06-13T03:23:33.906+0000][1][safepoint    ] Application time: 0.0000820 seconds
[2022-06-13T03:23:33.907+0000][1][safepoint    ] Entering safepoint region: RevokeBias
[2022-06-13T03:23:33.907+0000][1][safepoint    ] Leaving safepoint region
[2022-06-13T03:23:33.907+0000][1][safepoint    ] Total time for which application threads were stopped: 0.0003583 seconds, Stopping threads took: 0.0001314 seconds
[2022-06-13T03:23:33.907+0000][1][safepoint    ] Application time: 0.0000984 seconds
[2022-06-13T03:23:33.907+0000][1][safepoint    ] Entering safepoint region: RevokeBias
[2022-06-13T03:23:33.908+0000][1][safepoint    ] Leaving safepoint region
[2022-06-13T03:23:33.908+0000][1][safepoint    ] Total time for which application threads were stopped: 0.0004269 seconds, Stopping threads took: 0.0002839 seconds
[2022-06-13T03:23:33.908+0000][1][safepoint    ] Application time: 0.0001143 seconds
[2022-06-13T03:23:33.908+0000][1][safepoint    ] Entering safepoint region: RevokeBias
[2022-06-13T03:23:33.908+0000][1][safepoint    ] Leaving safepoint region
[2022-06-13T03:23:33.908+0000][1][safepoint    ] Total time for which application threads were stopped: 0.0002681 seconds, Stopping threads took: 0.0001041 seconds
[2022-06-13T03:23:33.909+0000][1][safepoint    ] Application time: 0.0000618 seconds
[2022-06-13T03:23:33.909+0000][1][safepoint    ] Entering safepoint region: RevokeBias
[2022-06-13T03:23:33.909+0000][1][safepoint    ] Leaving safepoint region
[2022-06-13T03:23:33.909+0000][1][safepoint    ] Total time for which application threads were stopped: 0.0002963 seconds, Stopping threads took: 0.0001178 seconds
[2022-06-13T03:23:33.909+0000][1][safepoint    ] Application time: 0.0000595 seconds
[2022-06-13T03:23:33.909+0000][1][safepoint    ] Entering safepoint region: RevokeBias
[2022-06-13T03:23:33.910+0000][1][safepoint    ] Leaving safepoint region
[2022-06-13T03:23:33.910+0000][1][safepoint    ] Total time for which application threads were stopped: 0.0002879 seconds, Stopping threads took: 0.0001432 seconds
[2022-06-13T03:23:33.910+0000][1][safepoint    ] Application time: 0.0000821 seconds
[2022-06-13T03:23:33.910+0000][1][safepoint    ] Entering safepoint region: RevokeBias
[2022-06-13T03:23:33.910+0000][1][safepoint    ] Leaving safepoint region
[2022-06-13T03:23:33.910+0000][1][safepoint    ] Total time for which application threads were stopped: 0.0002973 seconds, Stopping threads took: 0.0001337 seconds
[2022-06-13T03:23:33.911+0000][1][safepoint    ] Application time: 0.0000664 seconds
[2022-06-13T03:23:33.911+0000][1][safepoint    ] Entering safepoint region: RevokeBias
[2022-06-13T03:23:33.911+0000][1][safepoint    ] Leaving safepoint region
[2022-06-13T03:23:33.911+0000][1][safepoint    ] Total time for which application threads were stopped: 0.0002578 seconds, Stopping threads took: 0.0001071 seconds
[2022-06-13T03:23:33.911+0000][1][safepoint    ] Application time: 0.0000589 seconds
[2022-06-13T03:23:33.911+0000][1][safepoint    ] Entering safepoint region: RevokeBias
[2022-06-13T03:23:33.911+0000][1][safepoint    ] Leaving safepoint region
[2022-06-13T03:23:33.911+0000][1][safepoint    ] Total time for which application threads were stopped: 0.0002499 seconds, Stopping threads took: 0.0001265 seconds
[2022-06-13T03:23:33.912+0000][1][safepoint    ] Application time: 0.0000592 seconds
[2022-06-13T03:23:33.912+0000][1][safepoint    ] Entering safepoint region: RevokeBias
[2022-06-13T03:23:33.912+0000][1][safepoint    ] Leaving safepoint region
[2022-06-13T03:23:33.912+0000][1][safepoint    ] Total time for which application threads were stopped: 0.0002342 seconds, Stopping threads took: 0.0001049 seconds
[2022-06-13T03:23:33.912+0000][1][safepoint    ] Application time: 0.0000543 seconds
[2022-06-13T03:23:33.912+0000][1][safepoint    ] Entering safepoint region: RevokeBias
[2022-06-13T03:23:33.912+0000][1][safepoint    ] Leaving safepoint region
[2022-06-13T03:23:33.912+0000][1][safepoint    ] Total time for which application threads were stopped: 0.0002232 seconds, Stopping threads took: 0.0001006 seconds
[2022-06-13T03:23:33.913+0000][1][safepoint    ] Application time: 0.0000590 seconds
[2022-06-13T03:23:33.913+0000][1][safepoint    ] Entering safepoint region: RevokeBias
[2022-06-13T03:23:33.913+0000][1][safepoint    ] Leaving safepoint region
[2022-06-13T03:23:33.913+0000][1][safepoint    ] Total time for which application threads were stopped: 0.0002493 seconds, Stopping threads took: 0.0001043 seconds
[2022-06-13T03:23:33.913+0000][1][safepoint    ] Application time: 0.0000547 seconds
[2022-06-13T03:23:33.913+0000][1][safepoint    ] Entering safepoint region: RevokeBias
[2022-06-13T03:23:33.913+0000][1][safepoint    ] Leaving safepoint region
[2022-06-13T03:23:33.913+0000][1][safepoint    ] Total time for which application threads were stopped: 0.0002242 seconds, Stopping threads took: 0.0001020 seconds
[2022-06-13T03:23:33.914+0000][1][safepoint    ] Application time: 0.0000537 seconds
[2022-06-13T03:23:33.914+0000][1][safepoint    ] Entering safepoint region: RevokeBias
[2022-06-13T03:23:33.914+0000][1][safepoint    ] Leaving safepoint region
[2022-06-13T03:23:33.914+0000][1][safepoint    ] Total time for which application threads were stopped: 0.0002268 seconds, Stopping threads took: 0.0001067 seconds
[2022-06-13T03:23:33.914+0000][1][safepoint    ] Application time: 0.0000521 seconds
[2022-06-13T03:23:33.914+0000][1][safepoint    ] Entering safepoint region: RevokeBias
[2022-06-13T03:23:33.914+0000][1][safepoint    ] Leaving safepoint region
[2022-06-13T03:23:33.914+0000][1][safepoint    ] Total time for which application threads were stopped: 0.0002251 seconds, Stopping threads took: 0.0001068 seconds
[2022-06-13T03:23:33.915+0000][1][safepoint    ] Application time: 0.0000522 seconds
[2022-06-13T03:23:33.915+0000][1][safepoint    ] Entering safepoint region: RevokeBias
[2022-06-13T03:23:33.915+0000][1][safepoint    ] Leaving safepoint region
[2022-06-13T03:23:33.915+0000][1][safepoint    ] Total time for which application threads were stopped: 0.0002409 seconds, Stopping threads took: 0.0000993 seconds
[2022-06-13T03:23:33.915+0000][1][safepoint    ] Application time: 0.0000538 seconds
[2022-06-13T03:23:33.915+0000][1][safepoint    ] Entering safepoint region: RevokeBias
[2022-06-13T03:23:33.915+0000][1][safepoint    ] Leaving safepoint region
[2022-06-13T03:23:33.915+0000][1][safepoint    ] Total time for which application threads were stopped: 0.0002455 seconds, Stopping threads took: 0.0001137 seconds
[2022-06-13T03:23:33.916+0000][1][safepoint    ] Application time: 0.0000524 seconds
[2022-06-13T03:23:33.916+0000][1][safepoint    ] Entering safepoint region: RevokeBias
[2022-06-13T03:23:33.916+0000][1][safepoint    ] Leaving safepoint region
[2022-06-13T03:23:33.916+0000][1][safepoint    ] Total time for which application threads were stopped: 0.0002456 seconds, Stopping threads took: 0.0001074 seconds
[2022-06-13T03:23:33.916+0000][1][safepoint    ] Application time: 0.0000536 seconds
[2022-06-13T03:23:33.916+0000][1][safepoint    ] Entering safepoint region: BulkRevokeBias
[2022-06-13T03:23:33.916+0000][1][safepoint    ] Leaving safepoint region
[2022-06-13T03:23:33.917+0000][1][safepoint    ] Total time for which application threads were stopped: 0.0003346 seconds, Stopping threads took: 0.0001072 seconds
[2022-06-13T03:23:33.917+0000][1][safepoint    ] Application time: 0.0002933 seconds
[2022-06-13T03:23:33.918+0000][1][safepoint    ] Entering safepoint region: RevokeBias
[2022-06-13T03:23:33.918+0000][1][safepoint    ] Leaving safepoint region
[2022-06-13T03:23:33.918+0000][1][safepoint    ] Total time for which application threads were stopped: 0.0006575 seconds, Stopping threads took: 0.0005081 seconds
[2022-06-13T03:23:33.918+0000][1][safepoint    ] Application time: 0.0001503 seconds
[2022-06-13T03:23:33.918+0000][1][safepoint    ] Entering safepoint region: RevokeBias
[2022-06-13T03:23:33.918+0000][1][safepoint    ] Leaving safepoint region
[2022-06-13T03:23:33.918+0000][1][safepoint    ] Total time for which application threads were stopped: 0.0002220 seconds, Stopping threads took: 0.0001013 seconds
[2022-06-13T03:23:33.919+0000][1][safepoint    ] Application time: 0.0001629 seconds
[2022-06-13T03:23:33.919+0000][1][safepoint    ] Entering safepoint region: RevokeBias
[2022-06-13T03:23:33.919+0000][1][safepoint    ] Leaving safepoint region
[2022-06-13T03:23:33.919+0000][1][safepoint    ] Total time for which application threads were stopped: 0.0002826 seconds, Stopping threads took: 0.0001341 seconds
[2022-06-13T03:23:33.919+0000][1][safepoint    ] Application time: 0.0000779 seconds
[2022-06-13T03:23:33.919+0000][1][safepoint    ] Entering safepoint region: RevokeBias
[2022-06-13T03:23:33.919+0000][1][safepoint    ] Leaving safepoint region
[2022-06-13T03:23:33.920+0000][1][safepoint    ] Total time for which application threads were stopped: 0.0002618 seconds, Stopping threads took: 0.0001105 seconds
[2022-06-13T03:23:33.920+0000][1][safepoint    ] Application time: 0.0000615 seconds
[2022-06-13T03:23:33.920+0000][1][safepoint    ] Entering safepoint region: RevokeBias
[2022-06-13T03:23:33.920+0000][1][safepoint    ] Leaving safepoint region
[2022-06-13T03:23:33.920+0000][1][safepoint    ] Total time for which application threads were stopped: 0.0002194 seconds, Stopping threads took: 0.0000868 seconds
[2022-06-13T03:23:33.920+0000][1][safepoint    ] Application time: 0.0000636 seconds
[2022-06-13T03:23:33.920+0000][1][safepoint    ] Entering safepoint region: RevokeBias
[2022-06-13T03:23:33.921+0000][1][safepoint    ] Leaving safepoint region
[2022-06-13T03:23:33.921+0000][1][safepoint    ] Total time for which application threads were stopped: 0.0002888 seconds, Stopping threads took: 0.0001629 seconds
[2022-06-13T03:23:33.921+0000][1][safepoint    ] Application time: 0.0003395 seconds
[2022-06-13T03:23:33.921+0000][1][safepoint    ] Entering safepoint region: RevokeBias
[2022-06-13T03:23:33.922+0000][1][safepoint    ] Leaving safepoint region
[2022-06-13T03:23:33.922+0000][1][safepoint    ] Total time for which application threads were stopped: 0.0005709 seconds, Stopping threads took: 0.0004483 seconds
[2022-06-13T03:23:33.922+0000][1][safepoint    ] Application time: 0.0002103 seconds
[2022-06-13T03:23:33.922+0000][1][safepoint    ] Entering safepoint region: RevokeBias
[2022-06-13T03:23:33.922+0000][1][safepoint    ] Leaving safepoint region
[2022-06-13T03:23:33.922+0000][1][safepoint    ] Total time for which application threads were stopped: 0.0002314 seconds, Stopping threads took: 0.0001073 seconds
[2022-06-13T03:23:33.923+0000][1][safepoint    ] Application time: 0.0001973 seconds
[2022-06-13T03:23:33.923+0000][1][safepoint    ] Entering safepoint region: RevokeBias
[2022-06-13T03:23:33.923+0000][1][safepoint    ] Leaving safepoint region
[2022-06-13T03:23:33.923+0000][1][safepoint    ] Total time for which application threads were stopped: 0.0003364 seconds, Stopping threads took: 0.0001623 seconds
[2022-06-13T03:23:33.924+0000][1][safepoint    ] Application time: 0.0004498 seconds
[2022-06-13T03:23:33.924+0000][1][safepoint    ] Entering safepoint region: RevokeBias
[2022-06-13T03:23:33.924+0000][1][safepoint    ] Leaving safepoint region
[2022-06-13T03:23:33.924+0000][1][safepoint    ] Total time for which application threads were stopped: 0.0002466 seconds, Stopping threads took: 0.0001258 seconds
[2022-06-13T03:23:33.925+0000][1][safepoint    ] Application time: 0.0003579 seconds
[2022-06-13T03:23:33.925+0000][1][safepoint    ] Entering safepoint region: RevokeBias
[2022-06-13T03:23:33.925+0000][1][safepoint    ] Leaving safepoint region
[2022-06-13T03:23:33.925+0000][1][safepoint    ] Total time for which application threads were stopped: 0.0002679 seconds, Stopping threads took: 0.0001228 seconds
[2022-06-13T03:23:33.925+0000][1][safepoint    ] Application time: 0.0001020 seconds
[2022-06-13T03:23:33.925+0000][1][safepoint    ] Entering safepoint region: RevokeBias
[2022-06-13T03:23:33.925+0000][1][safepoint    ] Leaving safepoint region
[2022-06-13T03:23:33.926+0000][1][safepoint    ] Total time for which application threads were stopped: 0.0002696 seconds, Stopping threads took: 0.0001118 seconds
[2022-06-13T03:23:33.926+0000][1][safepoint    ] Application time: 0.0001066 seconds
[2022-06-13T03:23:33.926+0000][1][safepoint    ] Entering safepoint region: RevokeBias
[2022-06-13T03:23:33.926+0000][1][safepoint    ] Leaving safepoint region
[2022-06-13T03:23:33.926+0000][1][safepoint    ] Total time for which application threads were stopped: 0.0002527 seconds, Stopping threads took: 0.0001116 seconds
[2022-06-13T03:23:33.926+0000][1][safepoint    ] Application time: 0.0001648 seconds
[2022-06-13T03:23:33.927+0000][1][safepoint    ] Entering safepoint region: RevokeBias
[2022-06-13T03:23:33.927+0000][1][safepoint    ] Leaving safepoint region
[2022-06-13T03:23:33.927+0000][1][safepoint    ] Total time for which application threads were stopped: 0.0002699 seconds, Stopping threads took: 0.0001377 seconds
[2022-06-13T03:23:33.927+0000][1][safepoint    ] Application time: 0.0001840 seconds
[2022-06-13T03:23:33.927+0000][1][safepoint    ] Entering safepoint region: BulkRevokeBias
[2022-06-13T03:23:33.927+0000][1][safepoint    ] Leaving safepoint region
[2022-06-13T03:23:33.928+0000][1][safepoint    ] Total time for which application threads were stopped: 0.0003415 seconds, Stopping threads took: 0.0001468 seconds
[2022-06-13T03:23:33.928+0000][1][safepoint    ] Application time: 0.0001295 seconds
[2022-06-13T03:23:33.928+0000][1][safepoint    ] Entering safepoint region: RevokeBias
[2022-06-13T03:23:33.928+0000][1][safepoint    ] Leaving safepoint region
[2022-06-13T03:23:33.928+0000][1][safepoint    ] Total time for which application threads were stopped: 0.0002415 seconds, Stopping threads took: 0.0001033 seconds
[2022-06-13T03:23:33.929+0000][1][safepoint    ] Application time: 0.0008715 seconds
[2022-06-13T03:23:33.929+0000][1][safepoint    ] Entering safepoint region: RevokeBias
[2022-06-13T03:23:33.930+0000][1][safepoint    ] Leaving safepoint region
[2022-06-13T03:23:33.930+0000][1][safepoint    ] Total time for which application threads were stopped: 0.0005701 seconds, Stopping threads took: 0.0002435 seconds
[2022-06-13T03:23:33.930+0000][1][safepoint    ] Application time: 0.0001937 seconds
[2022-06-13T03:23:33.931+0000][1][safepoint    ] Entering safepoint region: RevokeBias
[2022-06-13T03:23:33.931+0000][1][safepoint    ] Leaving safepoint region
[2022-06-13T03:23:33.931+0000][1][safepoint    ] Total time for which application threads were stopped: 0.0005234 seconds, Stopping threads took: 0.0002188 seconds
[2022-06-13T03:23:33.933+0000][1][safepoint    ] Application time: 0.0012929 seconds
[2022-06-13T03:23:33.933+0000][1][safepoint    ] Entering safepoint region: RevokeBias
[2022-06-13T03:23:33.933+0000][1][safepoint    ] Leaving safepoint region
[2022-06-13T03:23:33.933+0000][1][safepoint    ] Total time for which application threads were stopped: 0.0005478 seconds, Stopping threads took: 0.0003834 seconds
[2022-06-13T03:23:33.933+0000][1][safepoint    ] Application time: 0.0000681 seconds
[2022-06-13T03:23:33.934+0000][1][safepoint    ] Entering safepoint region: RevokeBias
[2022-06-13T03:23:33.934+0000][1][safepoint    ] Leaving safepoint region
[2022-06-13T03:23:33.934+0000][1][safepoint    ] Total time for which application threads were stopped: 0.0002489 seconds, Stopping threads took: 0.0001365 seconds
[2022-06-13T03:23:33.934+0000][1][safepoint    ] Application time: 0.0001802 seconds
[2022-06-13T03:23:33.934+0000][1][safepoint    ] Entering safepoint region: RevokeBias
[2022-06-13T03:23:33.935+0000][1][safepoint    ] Leaving safepoint region
[2022-06-13T03:23:33.935+0000][1][safepoint    ] Total time for which application threads were stopped: 0.0004266 seconds, Stopping threads took: 0.0002752 seconds
[2022-06-13T03:23:33.956+0000][1][safepoint    ] Application time: 0.0211301 seconds
[2022-06-13T03:23:33.956+0000][1][safepoint    ] Entering safepoint region: GenCollectForAllocation
[2022-06-13T03:23:33.957+0000][1][gc,start     ] GC(19) Pause Young (Allocation Failure)
[2022-06-13T03:23:33.957+0000][1][gc,task      ] GC(19) Using 5 workers of 13 for evacuation
[2022-06-13T03:23:33.961+0000][1][gc,age       ] GC(19) Desired survivor size 4456448 bytes, new threshold 2 (max threshold 6)
[2022-06-13T03:23:33.962+0000][1][gc,age       ] GC(19) Age table with threshold 2 (max threshold 6)
[2022-06-13T03:23:33.962+0000][1][gc,age       ] GC(19) - age   1:    2874976 bytes,    2874976 total
[2022-06-13T03:23:33.962+0000][1][gc,age       ] GC(19) - age   2:    3977224 bytes,    6852200 total
[2022-06-13T03:23:33.962+0000][1][gc,age       ] GC(19) - age   3:     247096 bytes,    7099296 total
[2022-06-13T03:23:33.963+0000][1][gc,heap      ] GC(19) ParNew: 75257K->8666K(78656K)
[2022-06-13T03:23:33.963+0000][1][gc,heap      ] GC(19) CMS: 55292K->55292K(174784K)
[2022-06-13T03:23:33.964+0000][1][gc,metaspace ] GC(19) Metaspace: 47475K->47475K(1093632K)
[2022-06-13T03:23:33.964+0000][1][gc           ] GC(19) Pause Young (Allocation Failure) 127M->62M(247M) 7.035ms
[2022-06-13T03:23:33.964+0000][1][gc,cpu       ] GC(19) User=0.02s Sys=0.00s Real=0.01s
[2022-06-13T03:23:33.964+0000][1][safepoint    ] Leaving safepoint region
[2022-06-13T03:23:33.965+0000][1][safepoint    ] Total time for which application threads were stopped: 0.0084198 seconds, Stopping threads took: 0.0003503 seconds
[2022-06-13T03:23:33.966+0000][1][safepoint    ] Application time: 0.0009197 seconds
[2022-06-13T03:23:33.966+0000][1][safepoint    ] Entering safepoint region: RevokeBias
[2022-06-13T03:23:33.966+0000][1][safepoint    ] Leaving safepoint region
[2022-06-13T03:23:33.966+0000][1][safepoint    ] Total time for which application threads were stopped: 0.0003786 seconds, Stopping threads took: 0.0001410 seconds
[2022-06-13T03:23:34.100+0000][1][safepoint    ] Application time: 0.1330889 seconds
[2022-06-13T03:23:34.100+0000][1][safepoint    ] Entering safepoint region: RevokeBias
[2022-06-13T03:23:34.100+0000][1][safepoint    ] Leaving safepoint region
[2022-06-13T03:23:34.100+0000][1][safepoint    ] Total time for which application threads were stopped: 0.0003800 seconds, Stopping threads took: 0.0001392 seconds
[2022-06-13T03:23:34.467+0000][1][safepoint    ] Application time: 0.3666951 seconds
[2022-06-13T03:23:34.467+0000][1][safepoint    ] Entering safepoint region: GenCollectForAllocation
[2022-06-13T03:23:34.468+0000][1][gc,start     ] GC(20) Pause Young (Allocation Failure)
[2022-06-13T03:23:34.469+0000][1][gc,task      ] GC(20) Using 5 workers of 13 for evacuation
[2022-06-13T03:23:34.475+0000][1][gc,age       ] GC(20) Desired survivor size 4456448 bytes, new threshold 6 (max threshold 6)
[2022-06-13T03:23:34.476+0000][1][gc,age       ] GC(20) Age table with threshold 6 (max threshold 6)
[2022-06-13T03:23:34.476+0000][1][gc,age       ] GC(20) - age   1:    1655608 bytes,    1655608 total
[2022-06-13T03:23:34.476+0000][1][gc,age       ] GC(20) - age   2:    2795448 bytes,    4451056 total
[2022-06-13T03:23:34.477+0000][1][gc,heap      ] GC(20) ParNew: 78618K->6102K(78656K)
[2022-06-13T03:23:34.478+0000][1][gc,heap      ] GC(20) CMS: 55292K->59538K(174784K)
[2022-06-13T03:23:34.478+0000][1][gc,metaspace ] GC(20) Metaspace: 54450K->54450K(1099776K)
[2022-06-13T03:23:34.478+0000][1][gc           ] GC(20) Pause Young (Allocation Failure) 130M->64M(247M) 9.986ms
[2022-06-13T03:23:34.479+0000][1][gc,cpu       ] GC(20) User=0.03s Sys=0.00s Real=0.01s
[2022-06-13T03:23:34.479+0000][1][safepoint    ] Leaving safepoint region
[2022-06-13T03:23:34.479+0000][1][safepoint    ] Total time for which application threads were stopped: 0.0120755 seconds, Stopping threads took: 0.0004507 seconds
[2022-06-13T03:23:34.584+0000][1][safepoint    ] Application time: 0.1038717 seconds
[2022-06-13T03:23:34.584+0000][1][safepoint    ] Entering safepoint region: Deoptimize
[2022-06-13T03:23:34.585+0000][1][safepoint    ] Leaving safepoint region
[2022-06-13T03:23:34.586+0000][1][safepoint    ] Total time for which application threads were stopped: 0.0017384 seconds, Stopping threads took: 0.0004583 seconds
[2022-06-13T03:23:34.607+0000][1][safepoint    ] Application time: 0.0206183 seconds
[2022-06-13T03:23:34.607+0000][1][safepoint    ] Entering safepoint region: RevokeBias
[2022-06-13T03:23:34.608+0000][1][safepoint    ] Leaving safepoint region
[2022-06-13T03:23:34.608+0000][1][safepoint    ] Total time for which application threads were stopped: 0.0008523 seconds, Stopping threads took: 0.0004495 seconds
[2022-06-13T03:23:34.608+0000][1][safepoint    ] Application time: 0.0001510 seconds
[2022-06-13T03:23:34.609+0000][1][safepoint    ] Entering safepoint region: RevokeBias
[2022-06-13T03:23:34.609+0000][1][safepoint    ] Leaving safepoint region
[2022-06-13T03:23:34.609+0000][1][safepoint    ] Total time for which application threads were stopped: 0.0003543 seconds, Stopping threads took: 0.0001377 seconds
[2022-06-13T03:23:34.609+0000][1][safepoint    ] Application time: 0.0001925 seconds
[2022-06-13T03:23:34.610+0000][1][safepoint    ] Entering safepoint region: RevokeBias
[2022-06-13T03:23:34.610+0000][1][safepoint    ] Leaving safepoint region
[2022-06-13T03:23:34.611+0000][1][safepoint    ] Total time for which application threads were stopped: 0.0007272 seconds, Stopping threads took: 0.0003551 seconds
[2022-06-13T03:23:34.613+0000][1][safepoint    ] Application time: 0.0021874 seconds
[2022-06-13T03:23:34.613+0000][1][safepoint    ] Entering safepoint region: RevokeBias
[2022-06-13T03:23:34.614+0000][1][safepoint    ] Leaving safepoint region
[2022-06-13T03:23:34.614+0000][1][safepoint    ] Total time for which application threads were stopped: 0.0006367 seconds, Stopping threads took: 0.0003220 seconds
[2022-06-13T03:23:34.743+0000][1][safepoint    ] Application time: 0.1286140 seconds
[2022-06-13T03:23:34.743+0000][1][safepoint    ] Entering safepoint region: Deoptimize
[2022-06-13T03:23:34.745+0000][1][safepoint    ] Leaving safepoint region
[2022-06-13T03:23:34.745+0000][1][safepoint    ] Total time for which application threads were stopped: 0.0017820 seconds, Stopping threads took: 0.0001448 seconds
[2022-06-13T03:23:34.827+0000][1][safepoint    ] Application time: 0.0816883 seconds
[2022-06-13T03:23:34.827+0000][1][safepoint    ] Entering safepoint region: RevokeBias
[2022-06-13T03:23:34.827+0000][1][safepoint    ] Leaving safepoint region
[2022-06-13T03:23:34.828+0000][1][safepoint    ] Total time for which application threads were stopped: 0.0004180 seconds, Stopping threads took: 0.0001851 seconds
[2022-06-13T03:23:34.828+0000][1][safepoint    ] Application time: 0.0001863 seconds
[2022-06-13T03:23:34.828+0000][1][safepoint    ] Entering safepoint region: RevokeBias
[2022-06-13T03:23:34.828+0000][1][safepoint    ] Leaving safepoint region
[2022-06-13T03:23:34.828+0000][1][safepoint    ] Total time for which application threads were stopped: 0.0003851 seconds, Stopping threads took: 0.0002145 seconds
[2022-06-13T03:23:34.941+0000][1][safepoint    ] Application time: 0.1121145 seconds
[2022-06-13T03:23:34.941+0000][1][safepoint    ] Entering safepoint region: RevokeBias
[2022-06-13T03:23:34.941+0000][1][safepoint    ] Leaving safepoint region
[2022-06-13T03:23:34.942+0000][1][safepoint    ] Total time for which application threads were stopped: 0.0008364 seconds, Stopping threads took: 0.0004764 seconds
[2022-06-13T03:23:34.942+0000][1][safepoint    ] Application time: 0.0002181 seconds
[2022-06-13T03:23:34.942+0000][1][safepoint    ] Entering safepoint region: RevokeBias
[2022-06-13T03:23:34.943+0000][1][safepoint    ] Leaving safepoint region
[2022-06-13T03:23:34.943+0000][1][safepoint    ] Total time for which application threads were stopped: 0.0005451 seconds, Stopping threads took: 0.0003175 seconds
[2022-06-13T03:23:34.944+0000][1][safepoint    ] Application time: 0.0003548 seconds
[2022-06-13T03:23:34.944+0000][1][safepoint    ] Entering safepoint region: RevokeBias
[2022-06-13T03:23:34.944+0000][1][safepoint    ] Leaving safepoint region
[2022-06-13T03:23:34.944+0000][1][safepoint    ] Total time for which application threads were stopped: 0.0003760 seconds, Stopping threads took: 0.0001625 seconds
[2022-06-13T03:23:34.945+0000][1][safepoint    ] Application time: 0.0002133 seconds
[2022-06-13T03:23:34.945+0000][1][safepoint    ] Entering safepoint region: RevokeBias
[2022-06-13T03:23:34.945+0000][1][safepoint    ] Leaving safepoint region
[2022-06-13T03:23:34.945+0000][1][safepoint    ] Total time for which application threads were stopped: 0.0003905 seconds, Stopping threads took: 0.0001962 seconds
[2022-06-13T03:23:34.946+0000][1][safepoint    ] Application time: 0.0001502 seconds
[2022-06-13T03:23:34.946+0000][1][safepoint    ] Entering safepoint region: RevokeBias
[2022-06-13T03:23:34.946+0000][1][safepoint    ] Leaving safepoint region
[2022-06-13T03:23:34.946+0000][1][safepoint    ] Total time for which application threads were stopped: 0.0003673 seconds, Stopping threads took: 0.0001737 seconds
[2022-06-13T03:23:34.947+0000][1][safepoint    ] Application time: 0.0001458 seconds
[2022-06-13T03:23:34.947+0000][1][safepoint    ] Entering safepoint region: RevokeBias
[2022-06-13T03:23:34.947+0000][1][safepoint    ] Leaving safepoint region
[2022-06-13T03:23:34.947+0000][1][safepoint    ] Total time for which application threads were stopped: 0.0003821 seconds, Stopping threads took: 0.0001711 seconds
[2022-06-13T03:23:34.991+0000][1][safepoint    ] Application time: 0.0437385 seconds
[2022-06-13T03:23:34.991+0000][1][safepoint    ] Entering safepoint region: RevokeBias
[2022-06-13T03:23:34.991+0000][1][safepoint    ] Leaving safepoint region
[2022-06-13T03:23:34.991+0000][1][safepoint    ] Total time for which application threads were stopped: 0.0003006 seconds, Stopping threads took: 0.0001609 seconds
[2022-06-13T03:23:35.125+0000][1][safepoint    ] Application time: 0.1333035 seconds
[2022-06-13T03:23:35.125+0000][1][safepoint    ] Entering safepoint region: GenCollectForAllocation
[2022-06-13T03:23:35.126+0000][1][gc,start     ] GC(21) Pause Young (Allocation Failure)
[2022-06-13T03:23:35.126+0000][1][gc,task      ] GC(21) Using 5 workers of 13 for evacuation
[2022-06-13T03:23:35.132+0000][1][gc,age       ] GC(21) Desired survivor size 4456448 bytes, new threshold 2 (max threshold 6)
[2022-06-13T03:23:35.133+0000][1][gc,age       ] GC(21) Age table with threshold 2 (max threshold 6)
[2022-06-13T03:23:35.133+0000][1][gc,age       ] GC(21) - age   1:    3928688 bytes,    3928688 total
[2022-06-13T03:23:35.133+0000][1][gc,age       ] GC(21) - age   2:    1518472 bytes,    5447160 total
[2022-06-13T03:23:35.134+0000][1][gc,age       ] GC(21) - age   3:    2656656 bytes,    8103816 total
[2022-06-13T03:23:35.134+0000][1][gc,heap      ] GC(21) ParNew: 76054K->8704K(78656K)
[2022-06-13T03:23:35.134+0000][1][gc,heap      ] GC(21) CMS: 59538K->59807K(174784K)
[2022-06-13T03:23:35.134+0000][1][gc,metaspace ] GC(21) Metaspace: 62638K->62638K(1105920K)
[2022-06-13T03:23:35.135+0000][1][gc           ] GC(21) Pause Young (Allocation Failure) 132M->66M(247M) 8.893ms
[2022-06-13T03:23:35.135+0000][1][gc,cpu       ] GC(21) User=0.03s Sys=0.00s Real=0.01s
[2022-06-13T03:23:35.135+0000][1][safepoint    ] Leaving safepoint region
[2022-06-13T03:23:35.135+0000][1][safepoint    ] Total time for which application threads were stopped: 0.0099921 seconds, Stopping threads took: 0.0002137 seconds
[2022-06-13T03:23:35.150+0000][1][safepoint    ] Application time: 0.0140248 seconds
[2022-06-13T03:23:35.150+0000][1][safepoint    ] Entering safepoint region: Deoptimize
[2022-06-13T03:23:35.151+0000][1][safepoint    ] Leaving safepoint region
[2022-06-13T03:23:35.151+0000][1][safepoint    ] Total time for which application threads were stopped: 0.0010053 seconds, Stopping threads took: 0.0001585 seconds
[2022-06-13T03:23:35.158+0000][1][safepoint    ] Application time: 0.0067155 seconds
[2022-06-13T03:23:35.158+0000][1][safepoint    ] Entering safepoint region: BulkRevokeBias
[2022-06-13T03:23:35.158+0000][1][safepoint    ] Leaving safepoint region
[2022-06-13T03:23:35.158+0000][1][safepoint    ] Total time for which application threads were stopped: 0.0003267 seconds, Stopping threads took: 0.0001278 seconds
[2022-06-13T03:23:35.159+0000][1][safepoint    ] Application time: 0.0002444 seconds
[2022-06-13T03:23:35.159+0000][1][safepoint    ] Entering safepoint region: RevokeBias
[2022-06-13T03:23:35.159+0000][1][safepoint    ] Leaving safepoint region
[2022-06-13T03:23:35.159+0000][1][safepoint    ] Total time for which application threads were stopped: 0.0003485 seconds, Stopping threads took: 0.0001014 seconds
[2022-06-13T03:23:35.160+0000][1][safepoint    ] Application time: 0.0008556 seconds
[2022-06-13T03:23:35.160+0000][1][safepoint    ] Entering safepoint region: RevokeBias
[2022-06-13T03:23:35.161+0000][1][safepoint    ] Leaving safepoint region
[2022-06-13T03:23:35.161+0000][1][safepoint    ] Total time for which application threads were stopped: 0.0003415 seconds, Stopping threads took: 0.0001483 seconds
[2022-06-13T03:23:35.161+0000][1][safepoint    ] Application time: 0.0002867 seconds
[2022-06-13T03:23:35.161+0000][1][safepoint    ] Entering safepoint region: RevokeBias
[2022-06-13T03:23:35.161+0000][1][safepoint    ] Leaving safepoint region
[2022-06-13T03:23:35.162+0000][1][safepoint    ] Total time for which application threads were stopped: 0.0003167 seconds, Stopping threads took: 0.0001223 seconds
[2022-06-13T03:23:35.162+0000][1][safepoint    ] Application time: 0.0000737 seconds
[2022-06-13T03:23:35.162+0000][1][safepoint    ] Entering safepoint region: RevokeBias
[2022-06-13T03:23:35.162+0000][1][safepoint    ] Leaving safepoint region
[2022-06-13T03:23:35.162+0000][1][safepoint    ] Total time for which application threads were stopped: 0.0003301 seconds, Stopping threads took: 0.0001458 seconds
[2022-06-13T03:23:35.163+0000][1][safepoint    ] Application time: 0.0001240 seconds
[2022-06-13T03:23:35.163+0000][1][safepoint    ] Entering safepoint region: RevokeBias
[2022-06-13T03:23:35.163+0000][1][safepoint    ] Leaving safepoint region
[2022-06-13T03:23:35.163+0000][1][safepoint    ] Total time for which application threads were stopped: 0.0003175 seconds, Stopping threads took: 0.0001468 seconds
[2022-06-13T03:23:35.163+0000][1][safepoint    ] Application time: 0.0001445 seconds
[2022-06-13T03:23:35.164+0000][1][safepoint    ] Entering safepoint region: RevokeBias
[2022-06-13T03:23:35.164+0000][1][safepoint    ] Leaving safepoint region
[2022-06-13T03:23:35.164+0000][1][safepoint    ] Total time for which application threads were stopped: 0.0003282 seconds, Stopping threads took: 0.0001532 seconds
[2022-06-13T03:23:35.164+0000][1][safepoint    ] Application time: 0.0002769 seconds
[2022-06-13T03:23:35.164+0000][1][safepoint    ] Entering safepoint region: RevokeBias
[2022-06-13T03:23:35.165+0000][1][safepoint    ] Leaving safepoint region
[2022-06-13T03:23:35.165+0000][1][safepoint    ] Total time for which application threads were stopped: 0.0003372 seconds, Stopping threads took: 0.0001557 seconds
[2022-06-13T03:23:35.165+0000][1][safepoint    ] Application time: 0.0002181 seconds
[2022-06-13T03:23:35.165+0000][1][safepoint    ] Entering safepoint region: RevokeBias
[2022-06-13T03:23:35.166+0000][1][safepoint    ] Leaving safepoint region
[2022-06-13T03:23:35.166+0000][1][safepoint    ] Total time for which application threads were stopped: 0.0002746 seconds, Stopping threads took: 0.0001413 seconds
[2022-06-13T03:23:35.166+0000][1][safepoint    ] Application time: 0.0001708 seconds
[2022-06-13T03:23:35.166+0000][1][safepoint    ] Entering safepoint region: RevokeBias
[2022-06-13T03:23:35.166+0000][1][safepoint    ] Leaving safepoint region
[2022-06-13T03:23:35.166+0000][1][safepoint    ] Total time for which application threads were stopped: 0.0003051 seconds, Stopping threads took: 0.0001405 seconds
[2022-06-13T03:23:35.167+0000][1][safepoint    ] Application time: 0.0004858 seconds
[2022-06-13T03:23:35.167+0000][1][safepoint    ] Entering safepoint region: RevokeBias
[2022-06-13T03:23:35.167+0000][1][safepoint    ] Leaving safepoint region
[2022-06-13T03:23:35.167+0000][1][safepoint    ] Total time for which application threads were stopped: 0.0002071 seconds, Stopping threads took: 0.0001060 seconds
[2022-06-13T03:23:35.168+0000][1][safepoint    ] Application time: 0.0007755 seconds
[2022-06-13T03:23:35.168+0000][1][safepoint    ] Entering safepoint region: RevokeBias
[2022-06-13T03:23:35.168+0000][1][safepoint    ] Leaving safepoint region
[2022-06-13T03:23:35.169+0000][1][safepoint    ] Total time for which application threads were stopped: 0.0002057 seconds, Stopping threads took: 0.0000938 seconds
[2022-06-13T03:23:35.169+0000][1][safepoint    ] Application time: 0.0001003 seconds
[2022-06-13T03:23:35.169+0000][1][safepoint    ] Entering safepoint region: RevokeBias
[2022-06-13T03:23:35.169+0000][1][safepoint    ] Leaving safepoint region
[2022-06-13T03:23:35.169+0000][1][safepoint    ] Total time for which application threads were stopped: 0.0002120 seconds, Stopping threads took: 0.0000839 seconds
[2022-06-13T03:23:35.170+0000][1][safepoint    ] Application time: 0.0009063 seconds
[2022-06-13T03:23:35.170+0000][1][safepoint    ] Entering safepoint region: RevokeBias
[2022-06-13T03:23:35.170+0000][1][safepoint    ] Leaving safepoint region
[2022-06-13T03:23:35.171+0000][1][safepoint    ] Total time for which application threads were stopped: 0.0003533 seconds, Stopping threads took: 0.0002003 seconds
[2022-06-13T03:23:35.172+0000][1][safepoint    ] Application time: 0.0009528 seconds
[2022-06-13T03:23:35.172+0000][1][safepoint    ] Entering safepoint region: Deoptimize
[2022-06-13T03:23:35.172+0000][1][safepoint    ] Leaving safepoint region
[2022-06-13T03:23:35.173+0000][1][safepoint    ] Total time for which application threads were stopped: 0.0007463 seconds, Stopping threads took: 0.0001207 seconds
[2022-06-13T03:23:35.173+0000][1][safepoint    ] Application time: 0.0004608 seconds
[2022-06-13T03:23:35.173+0000][1][safepoint    ] Entering safepoint region: RevokeBias
[2022-06-13T03:23:35.173+0000][1][safepoint    ] Leaving safepoint region
[2022-06-13T03:23:35.174+0000][1][safepoint    ] Total time for which application threads were stopped: 0.0002532 seconds, Stopping threads took: 0.0001577 seconds
[2022-06-13T03:23:35.319+0000][1][safepoint    ] Application time: 0.1458607 seconds
[2022-06-13T03:23:35.320+0000][1][safepoint    ] Entering safepoint region: RevokeBias
[2022-06-13T03:23:35.320+0000][1][safepoint    ] Leaving safepoint region
[2022-06-13T03:23:35.321+0000][1][safepoint    ] Total time for which application threads were stopped: 0.0007348 seconds, Stopping threads took: 0.0004308 seconds
[2022-06-13T03:23:35.322+0000][1][safepoint    ] Application time: 0.0001955 seconds
[2022-06-13T03:23:35.322+0000][1][safepoint    ] Entering safepoint region: RevokeBias
[2022-06-13T03:23:35.322+0000][1][safepoint    ] Leaving safepoint region
[2022-06-13T03:23:35.322+0000][1][safepoint    ] Total time for which application threads were stopped: 0.0004318 seconds, Stopping threads took: 0.0001774 seconds
[2022-06-13T03:23:35.323+0000][1][safepoint    ] Application time: 0.0001780 seconds
[2022-06-13T03:23:35.323+0000][1][safepoint    ] Entering safepoint region: RevokeBias
[2022-06-13T03:23:35.323+0000][1][safepoint    ] Leaving safepoint region
[2022-06-13T03:23:35.323+0000][1][safepoint    ] Total time for which application threads were stopped: 0.0004973 seconds, Stopping threads took: 0.0003095 seconds
[2022-06-13T03:23:35.324+0000][1][safepoint    ] Application time: 0.0001191 seconds
[2022-06-13T03:23:35.324+0000][1][safepoint    ] Entering safepoint region: RevokeBias
[2022-06-13T03:23:35.324+0000][1][safepoint    ] Leaving safepoint region
[2022-06-13T03:23:35.324+0000][1][safepoint    ] Total time for which application threads were stopped: 0.0002838 seconds, Stopping threads took: 0.0001361 seconds
[2022-06-13T03:23:35.324+0000][1][safepoint    ] Application time: 0.0001431 seconds
[2022-06-13T03:23:35.324+0000][1][safepoint    ] Entering safepoint region: RevokeBias
[2022-06-13T03:23:35.325+0000][1][safepoint    ] Leaving safepoint region
[2022-06-13T03:23:35.325+0000][1][safepoint    ] Total time for which application threads were stopped: 0.0003338 seconds, Stopping threads took: 0.0001544 seconds
[2022-06-13T03:23:35.326+0000][1][safepoint    ] Application time: 0.0007726 seconds
[2022-06-13T03:23:35.326+0000][1][safepoint    ] Entering safepoint region: RevokeBias
[2022-06-13T03:23:35.326+0000][1][safepoint    ] Leaving safepoint region
[2022-06-13T03:23:35.326+0000][1][safepoint    ] Total time for which application threads were stopped: 0.0003588 seconds, Stopping threads took: 0.0001797 seconds
[2022-06-13T03:23:35.327+0000][1][safepoint    ] Application time: 0.0008570 seconds
[2022-06-13T03:23:35.327+0000][1][safepoint    ] Entering safepoint region: RevokeBias
[2022-06-13T03:23:35.328+0000][1][safepoint    ] Leaving safepoint region
[2022-06-13T03:23:35.328+0000][1][safepoint    ] Total time for which application threads were stopped: 0.0003132 seconds, Stopping threads took: 0.0001502 seconds
[2022-06-13T03:23:35.329+0000][1][safepoint    ] Application time: 0.0006932 seconds
[2022-06-13T03:23:35.329+0000][1][safepoint    ] Entering safepoint region: RevokeBias
[2022-06-13T03:23:35.329+0000][1][safepoint    ] Leaving safepoint region
[2022-06-13T03:23:35.329+0000][1][safepoint    ] Total time for which application threads were stopped: 0.0003150 seconds, Stopping threads took: 0.0001385 seconds
[2022-06-13T03:23:35.330+0000][1][safepoint    ] Application time: 0.0001359 seconds
[2022-06-13T03:23:35.330+0000][1][safepoint    ] Entering safepoint region: RevokeBias
[2022-06-13T03:23:35.330+0000][1][safepoint    ] Leaving safepoint region
[2022-06-13T03:23:35.330+0000][1][safepoint    ] Total time for which application threads were stopped: 0.0004421 seconds, Stopping threads took: 0.0001935 seconds
[2022-06-13T03:23:35.332+0000][1][safepoint    ] Application time: 0.0008702 seconds
[2022-06-13T03:23:35.332+0000][1][safepoint    ] Entering safepoint region: RevokeBias
[2022-06-13T03:23:35.332+0000][1][safepoint    ] Leaving safepoint region
[2022-06-13T03:23:35.333+0000][1][safepoint    ] Total time for which application threads were stopped: 0.0007602 seconds, Stopping threads took: 0.0003211 seconds
[2022-06-13T03:23:35.334+0000][1][safepoint    ] Application time: 0.0004929 seconds
[2022-06-13T03:23:35.334+0000][1][safepoint    ] Entering safepoint region: BulkRevokeBias
[2022-06-13T03:23:35.335+0000][1][safepoint    ] Leaving safepoint region
[2022-06-13T03:23:35.335+0000][1][safepoint    ] Total time for which application threads were stopped: 0.0011232 seconds, Stopping threads took: 0.0005109 seconds
[2022-06-13T03:23:35.337+0000][1][safepoint    ] Application time: 0.0011690 seconds
[2022-06-13T03:23:35.337+0000][1][safepoint    ] Entering safepoint region: RevokeBias
[2022-06-13T03:23:35.338+0000][1][safepoint    ] Leaving safepoint region
[2022-06-13T03:23:35.339+0000][1][safepoint    ] Total time for which application threads were stopped: 0.0010942 seconds, Stopping threads took: 0.0005280 seconds
[2022-06-13T03:23:35.339+0000][1][safepoint    ] Application time: 0.0005791 seconds
[2022-06-13T03:23:35.340+0000][1][safepoint    ] Entering safepoint region: RevokeBias
[2022-06-13T03:23:35.341+0000][1][safepoint    ] Leaving safepoint region
[2022-06-13T03:23:35.341+0000][1][safepoint    ] Total time for which application threads were stopped: 0.0010020 seconds, Stopping threads took: 0.0005006 seconds
[2022-06-13T03:23:35.343+0000][1][safepoint    ] Application time: 0.0010886 seconds
[2022-06-13T03:23:35.343+0000][1][safepoint    ] Entering safepoint region: RevokeBias
[2022-06-13T03:23:35.343+0000][1][safepoint    ] Leaving safepoint region
[2022-06-13T03:23:35.343+0000][1][safepoint    ] Total time for which application threads were stopped: 0.0006158 seconds, Stopping threads took: 0.0003010 seconds
[2022-06-13T03:23:35.344+0000][1][safepoint    ] Application time: 0.0002551 seconds
[2022-06-13T03:23:35.344+0000][1][safepoint    ] Entering safepoint region: RevokeBias
[2022-06-13T03:23:35.345+0000][1][safepoint    ] Leaving safepoint region
[2022-06-13T03:23:35.345+0000][1][safepoint    ] Total time for which application threads were stopped: 0.0008938 seconds, Stopping threads took: 0.0005348 seconds
[2022-06-13T03:23:35.346+0000][1][safepoint    ] Application time: 0.0003198 seconds
[2022-06-13T03:23:35.347+0000][1][safepoint    ] Entering safepoint region: RevokeBias
[2022-06-13T03:23:35.347+0000][1][safepoint    ] Leaving safepoint region
[2022-06-13T03:23:35.348+0000][1][safepoint    ] Total time for which application threads were stopped: 0.0011147 seconds, Stopping threads took: 0.0006127 seconds
[2022-06-13T03:23:35.349+0000][1][safepoint    ] Application time: 0.0006094 seconds
[2022-06-13T03:23:35.350+0000][1][safepoint    ] Entering safepoint region: RevokeBias
[2022-06-13T03:23:35.350+0000][1][safepoint    ] Leaving safepoint region
[2022-06-13T03:23:35.351+0000][1][safepoint    ] Total time for which application threads were stopped: 0.0011078 seconds, Stopping threads took: 0.0004731 seconds
[2022-06-13T03:23:35.352+0000][1][safepoint    ] Application time: 0.0005541 seconds
[2022-06-13T03:23:35.352+0000][1][safepoint    ] Entering safepoint region: RevokeBias
[2022-06-13T03:23:35.353+0000][1][safepoint    ] Leaving safepoint region
[2022-06-13T03:23:35.353+0000][1][safepoint    ] Total time for which application threads were stopped: 0.0006196 seconds, Stopping threads took: 0.0002000 seconds
[2022-06-13T03:23:35.354+0000][1][safepoint    ] Application time: 0.0003663 seconds
[2022-06-13T03:23:35.354+0000][1][safepoint    ] Entering safepoint region: RevokeBias
[2022-06-13T03:23:35.354+0000][1][safepoint    ] Leaving safepoint region
[2022-06-13T03:23:35.355+0000][1][safepoint    ] Total time for which application threads were stopped: 0.0008257 seconds, Stopping threads took: 0.0004385 seconds
[2022-06-13T03:23:35.355+0000][1][safepoint    ] Application time: 0.0003975 seconds
[2022-06-13T03:23:35.356+0000][1][safepoint    ] Entering safepoint region: RevokeBias
[2022-06-13T03:23:35.356+0000][1][safepoint    ] Leaving safepoint region
[2022-06-13T03:23:35.356+0000][1][safepoint    ] Total time for which application threads were stopped: 0.0003699 seconds, Stopping threads took: 0.0001756 seconds
[2022-06-13T03:23:35.357+0000][1][safepoint    ] Application time: 0.0003282 seconds
[2022-06-13T03:23:35.357+0000][1][safepoint    ] Entering safepoint region: RevokeBias
[2022-06-13T03:23:35.357+0000][1][safepoint    ] Leaving safepoint region
[2022-06-13T03:23:35.357+0000][1][safepoint    ] Total time for which application threads were stopped: 0.0005761 seconds, Stopping threads took: 0.0002617 seconds
[2022-06-13T03:23:35.358+0000][1][safepoint    ] Application time: 0.0003173 seconds
[2022-06-13T03:23:35.359+0000][1][safepoint    ] Entering safepoint region: RevokeBias
[2022-06-13T03:23:35.359+0000][1][safepoint    ] Leaving safepoint region
[2022-06-13T03:23:35.360+0000][1][safepoint    ] Total time for which application threads were stopped: 0.0007991 seconds, Stopping threads took: 0.0003015 seconds
[2022-06-13T03:23:35.361+0000][1][safepoint    ] Application time: 0.0004619 seconds
[2022-06-13T03:23:35.361+0000][1][safepoint    ] Entering safepoint region: RevokeBias
[2022-06-13T03:23:35.361+0000][1][safepoint    ] Leaving safepoint region
[2022-06-13T03:23:35.362+0000][1][safepoint    ] Total time for which application threads were stopped: 0.0011038 seconds, Stopping threads took: 0.0005748 seconds
[2022-06-13T03:23:35.363+0000][1][safepoint    ] Application time: 0.0003933 seconds
[2022-06-13T03:23:35.363+0000][1][safepoint    ] Entering safepoint region: RevokeBias
[2022-06-13T03:23:35.364+0000][1][safepoint    ] Leaving safepoint region
[2022-06-13T03:23:35.364+0000][1][safepoint    ] Total time for which application threads were stopped: 0.0009282 seconds, Stopping threads took: 0.0003859 seconds
[2022-06-13T03:23:35.365+0000][1][safepoint    ] Application time: 0.0006546 seconds
[2022-06-13T03:23:35.366+0000][1][safepoint    ] Entering safepoint region: RevokeBias
[2022-06-13T03:23:35.366+0000][1][safepoint    ] Leaving safepoint region
[2022-06-13T03:23:35.367+0000][1][safepoint    ] Total time for which application threads were stopped: 0.0009925 seconds, Stopping threads took: 0.0005553 seconds
[2022-06-13T03:23:35.368+0000][1][safepoint    ] Application time: 0.0004484 seconds
[2022-06-13T03:23:35.368+0000][1][safepoint    ] Entering safepoint region: RevokeBias
[2022-06-13T03:23:35.368+0000][1][safepoint    ] Leaving safepoint region
[2022-06-13T03:23:35.369+0000][1][safepoint    ] Total time for which application threads were stopped: 0.0007584 seconds, Stopping threads took: 0.0003274 seconds
[2022-06-13T03:23:35.370+0000][1][safepoint    ] Application time: 0.0002965 seconds
[2022-06-13T03:23:35.370+0000][1][safepoint    ] Entering safepoint region: RevokeBias
[2022-06-13T03:23:35.370+0000][1][safepoint    ] Leaving safepoint region
[2022-06-13T03:23:35.371+0000][1][safepoint    ] Total time for which application threads were stopped: 0.0005564 seconds, Stopping threads took: 0.0002501 seconds
[2022-06-13T03:23:35.371+0000][1][safepoint    ] Application time: 0.0004245 seconds
[2022-06-13T03:23:35.372+0000][1][safepoint    ] Entering safepoint region: RevokeBias
[2022-06-13T03:23:35.372+0000][1][safepoint    ] Leaving safepoint region
[2022-06-13T03:23:35.372+0000][1][safepoint    ] Total time for which application threads were stopped: 0.0007807 seconds, Stopping threads took: 0.0003464 seconds
[2022-06-13T03:23:35.373+0000][1][safepoint    ] Application time: 0.0005126 seconds
[2022-06-13T03:23:35.374+0000][1][safepoint    ] Entering safepoint region: RevokeBias
[2022-06-13T03:23:35.374+0000][1][safepoint    ] Leaving safepoint region
[2022-06-13T03:23:35.374+0000][1][safepoint    ] Total time for which application threads were stopped: 0.0007543 seconds, Stopping threads took: 0.0002988 seconds
[2022-06-13T03:23:35.375+0000][1][safepoint    ] Application time: 0.0005186 seconds
[2022-06-13T03:23:35.376+0000][1][safepoint    ] Entering safepoint region: RevokeBias
[2022-06-13T03:23:35.376+0000][1][safepoint    ] Leaving safepoint region
[2022-06-13T03:23:35.376+0000][1][safepoint    ] Total time for which application threads were stopped: 0.0006097 seconds, Stopping threads took: 0.0002795 seconds
[2022-06-13T03:23:35.377+0000][1][safepoint    ] Application time: 0.0002789 seconds
[2022-06-13T03:23:35.377+0000][1][safepoint    ] Entering safepoint region: RevokeBias
[2022-06-13T03:23:35.377+0000][1][safepoint    ] Leaving safepoint region
[2022-06-13T03:23:35.378+0000][1][safepoint    ] Total time for which application threads were stopped: 0.0008059 seconds, Stopping threads took: 0.0003118 seconds
[2022-06-13T03:23:35.379+0000][1][safepoint    ] Application time: 0.0003121 seconds
[2022-06-13T03:23:35.379+0000][1][safepoint    ] Entering safepoint region: RevokeBias
[2022-06-13T03:23:35.379+0000][1][safepoint    ] Leaving safepoint region
[2022-06-13T03:23:35.379+0000][1][safepoint    ] Total time for which application threads were stopped: 0.0005415 seconds, Stopping threads took: 0.0003594 seconds
[2022-06-13T03:23:35.380+0000][1][safepoint    ] Application time: 0.0003911 seconds
[2022-06-13T03:23:35.380+0000][1][safepoint    ] Entering safepoint region: RevokeBias
[2022-06-13T03:23:35.380+0000][1][safepoint    ] Leaving safepoint region
[2022-06-13T03:23:35.380+0000][1][safepoint    ] Total time for which application threads were stopped: 0.0003635 seconds, Stopping threads took: 0.0002005 seconds
[2022-06-13T03:23:35.381+0000][1][safepoint    ] Application time: 0.0003988 seconds
[2022-06-13T03:23:35.381+0000][1][safepoint    ] Entering safepoint region: BulkRevokeBias
[2022-06-13T03:23:35.381+0000][1][safepoint    ] Leaving safepoint region
[2022-06-13T03:23:35.382+0000][1][safepoint    ] Total time for which application threads were stopped: 0.0003096 seconds, Stopping threads took: 0.0001571 seconds
[2022-06-13T03:23:35.382+0000][1][safepoint    ] Application time: 0.0001169 seconds
[2022-06-13T03:23:35.382+0000][1][safepoint    ] Entering safepoint region: RevokeBias
[2022-06-13T03:23:35.382+0000][1][safepoint    ] Leaving safepoint region
[2022-06-13T03:23:35.382+0000][1][safepoint    ] Total time for which application threads were stopped: 0.0002358 seconds, Stopping threads took: 0.0001315 seconds
[2022-06-13T03:23:35.383+0000][1][safepoint    ] Application time: 0.0004632 seconds
[2022-06-13T03:23:35.383+0000][1][safepoint    ] Entering safepoint region: RevokeBias
[2022-06-13T03:23:35.383+0000][1][safepoint    ] Leaving safepoint region
[2022-06-13T03:23:35.383+0000][1][safepoint    ] Total time for which application threads were stopped: 0.0002844 seconds, Stopping threads took: 0.0001568 seconds
[2022-06-13T03:23:35.384+0000][1][safepoint    ] Application time: 0.0002472 seconds
[2022-06-13T03:23:35.384+0000][1][safepoint    ] Entering safepoint region: RevokeBias
[2022-06-13T03:23:35.384+0000][1][safepoint    ] Leaving safepoint region
[2022-06-13T03:23:35.384+0000][1][safepoint    ] Total time for which application threads were stopped: 0.0002224 seconds, Stopping threads took: 0.0001299 seconds
[2022-06-13T03:23:35.384+0000][1][safepoint    ] Application time: 0.0001996 seconds
[2022-06-13T03:23:35.384+0000][1][safepoint    ] Entering safepoint region: RevokeBias
[2022-06-13T03:23:35.385+0000][1][safepoint    ] Leaving safepoint region
[2022-06-13T03:23:35.385+0000][1][safepoint    ] Total time for which application threads were stopped: 0.0002662 seconds, Stopping threads took: 0.0001737 seconds
[2022-06-13T03:23:35.385+0000][1][safepoint    ] Application time: 0.0002196 seconds
[2022-06-13T03:23:35.385+0000][1][safepoint    ] Entering safepoint region: RevokeBias
[2022-06-13T03:23:35.385+0000][1][safepoint    ] Leaving safepoint region
[2022-06-13T03:23:35.385+0000][1][safepoint    ] Total time for which application threads were stopped: 0.0002739 seconds, Stopping threads took: 0.0001127 seconds
[2022-06-13T03:23:35.386+0000][1][safepoint    ] Application time: 0.0009431 seconds
[2022-06-13T03:23:35.387+0000][1][safepoint    ] Entering safepoint region: RevokeBias
[2022-06-13T03:23:35.387+0000][1][safepoint    ] Leaving safepoint region
[2022-06-13T03:23:35.387+0000][1][safepoint    ] Total time for which application threads were stopped: 0.0002392 seconds, Stopping threads took: 0.0001270 seconds
[2022-06-13T03:23:35.387+0000][1][safepoint    ] Application time: 0.0001352 seconds
[2022-06-13T03:23:35.387+0000][1][safepoint    ] Entering safepoint region: RevokeBias
[2022-06-13T03:23:35.387+0000][1][safepoint    ] Leaving safepoint region
[2022-06-13T03:23:35.387+0000][1][safepoint    ] Total time for which application threads were stopped: 0.0002565 seconds, Stopping threads took: 0.0001198 seconds
[2022-06-13T03:23:35.388+0000][1][safepoint    ] Application time: 0.0003197 seconds
[2022-06-13T03:23:35.388+0000][1][safepoint    ] Entering safepoint region: RevokeBias
[2022-06-13T03:23:35.388+0000][1][safepoint    ] Leaving safepoint region
[2022-06-13T03:23:35.388+0000][1][safepoint    ] Total time for which application threads were stopped: 0.0001799 seconds, Stopping threads took: 0.0000923 seconds
[2022-06-13T03:23:35.388+0000][1][safepoint    ] Application time: 0.0000705 seconds
[2022-06-13T03:23:35.388+0000][1][safepoint    ] Entering safepoint region: RevokeBias
[2022-06-13T03:23:35.389+0000][1][safepoint    ] Leaving safepoint region
[2022-06-13T03:23:35.389+0000][1][safepoint    ] Total time for which application threads were stopped: 0.0001781 seconds, Stopping threads took: 0.0000917 seconds
[2022-06-13T03:23:35.389+0000][1][safepoint    ] Application time: 0.0000820 seconds
[2022-06-13T03:23:35.389+0000][1][safepoint    ] Entering safepoint region: RevokeBias
[2022-06-13T03:23:35.389+0000][1][safepoint    ] Leaving safepoint region
[2022-06-13T03:23:35.389+0000][1][safepoint    ] Total time for which application threads were stopped: 0.0002221 seconds, Stopping threads took: 0.0001030 seconds
[2022-06-13T03:23:35.389+0000][1][safepoint    ] Application time: 0.0001088 seconds
[2022-06-13T03:23:35.389+0000][1][safepoint    ] Entering safepoint region: RevokeBias
[2022-06-13T03:23:35.390+0000][1][safepoint    ] Leaving safepoint region
[2022-06-13T03:23:35.390+0000][1][safepoint    ] Total time for which application threads were stopped: 0.0001751 seconds, Stopping threads took: 0.0000861 seconds
[2022-06-13T03:23:35.390+0000][1][safepoint    ] Application time: 0.0001607 seconds
[2022-06-13T03:23:35.390+0000][1][safepoint    ] Entering safepoint region: RevokeBias
[2022-06-13T03:23:35.390+0000][1][safepoint    ] Leaving safepoint region
[2022-06-13T03:23:35.390+0000][1][safepoint    ] Total time for which application threads were stopped: 0.0001709 seconds, Stopping threads took: 0.0000838 seconds
[2022-06-13T03:23:35.391+0000][1][safepoint    ] Application time: 0.0011878 seconds
[2022-06-13T03:23:35.392+0000][1][safepoint    ] Entering safepoint region: RevokeBias
[2022-06-13T03:23:35.392+0000][1][safepoint    ] Leaving safepoint region
[2022-06-13T03:23:35.392+0000][1][safepoint    ] Total time for which application threads were stopped: 0.0003399 seconds, Stopping threads took: 0.0001048 seconds
[2022-06-13T03:23:35.397+0000][1][safepoint    ] Application time: 0.0052167 seconds
[2022-06-13T03:23:35.398+0000][1][safepoint    ] Entering safepoint region: RevokeBias
[2022-06-13T03:23:35.398+0000][1][safepoint    ] Leaving safepoint region
[2022-06-13T03:23:35.398+0000][1][safepoint    ] Total time for which application threads were stopped: 0.0005920 seconds, Stopping threads took: 0.0003216 seconds
[2022-06-13T03:23:35.399+0000][1][safepoint    ] Application time: 0.0002324 seconds
[2022-06-13T03:23:35.399+0000][1][safepoint    ] Entering safepoint region: RevokeBias
[2022-06-13T03:23:35.400+0000][1][safepoint    ] Leaving safepoint region
[2022-06-13T03:23:35.400+0000][1][safepoint    ] Total time for which application threads were stopped: 0.0008230 seconds, Stopping threads took: 0.0005392 seconds
[2022-06-13T03:23:35.400+0000][1][safepoint    ] Application time: 0.0001128 seconds
[2022-06-13T03:23:35.400+0000][1][safepoint    ] Entering safepoint region: RevokeBias
[2022-06-13T03:23:35.401+0000][1][safepoint    ] Leaving safepoint region
[2022-06-13T03:23:35.401+0000][1][safepoint    ] Total time for which application threads were stopped: 0.0005313 seconds, Stopping threads took: 0.0002489 seconds
[2022-06-13T03:23:35.402+0000][1][safepoint    ] Application time: 0.0004225 seconds
[2022-06-13T03:23:35.402+0000][1][safepoint    ] Entering safepoint region: RevokeBias
[2022-06-13T03:23:35.402+0000][1][safepoint    ] Leaving safepoint region
[2022-06-13T03:23:35.403+0000][1][safepoint    ] Total time for which application threads were stopped: 0.0005679 seconds, Stopping threads took: 0.0003259 seconds
[2022-06-13T03:23:35.403+0000][1][safepoint    ] Application time: 0.0000917 seconds
[2022-06-13T03:23:35.403+0000][1][safepoint    ] Entering safepoint region: RevokeBias
[2022-06-13T03:23:35.403+0000][1][safepoint    ] Leaving safepoint region
[2022-06-13T03:23:35.403+0000][1][safepoint    ] Total time for which application threads were stopped: 0.0002121 seconds, Stopping threads took: 0.0000984 seconds
[2022-06-13T03:23:35.404+0000][1][safepoint    ] Application time: 0.0000926 seconds
[2022-06-13T03:23:35.404+0000][1][safepoint    ] Entering safepoint region: RevokeBias
[2022-06-13T03:23:35.404+0000][1][safepoint    ] Leaving safepoint region
[2022-06-13T03:23:35.404+0000][1][safepoint    ] Total time for which application threads were stopped: 0.0004998 seconds, Stopping threads took: 0.0002326 seconds
[2022-06-13T03:23:35.405+0000][1][safepoint    ] Application time: 0.0003928 seconds
[2022-06-13T03:23:35.405+0000][1][safepoint    ] Entering safepoint region: RevokeBias
[2022-06-13T03:23:35.405+0000][1][safepoint    ] Leaving safepoint region
[2022-06-13T03:23:35.405+0000][1][safepoint    ] Total time for which application threads were stopped: 0.0003791 seconds, Stopping threads took: 0.0001830 seconds
[2022-06-13T03:23:35.406+0000][1][safepoint    ] Application time: 0.0002525 seconds
[2022-06-13T03:23:35.406+0000][1][safepoint    ] Entering safepoint region: RevokeBias
[2022-06-13T03:23:35.406+0000][1][safepoint    ] Leaving safepoint region
[2022-06-13T03:23:35.406+0000][1][safepoint    ] Total time for which application threads were stopped: 0.0003524 seconds, Stopping threads took: 0.0001609 seconds
[2022-06-13T03:23:35.407+0000][1][safepoint    ] Application time: 0.0002739 seconds
[2022-06-13T03:23:35.407+0000][1][safepoint    ] Entering safepoint region: RevokeBias
[2022-06-13T03:23:35.407+0000][1][safepoint    ] Leaving safepoint region
[2022-06-13T03:23:35.407+0000][1][safepoint    ] Total time for which application threads were stopped: 0.0003746 seconds, Stopping threads took: 0.0001750 seconds
[2022-06-13T03:23:35.408+0000][1][safepoint    ] Application time: 0.0005261 seconds
[2022-06-13T03:23:35.408+0000][1][safepoint    ] Entering safepoint region: RevokeBias
[2022-06-13T03:23:35.408+0000][1][safepoint    ] Leaving safepoint region
[2022-06-13T03:23:35.408+0000][1][safepoint    ] Total time for which application threads were stopped: 0.0004323 seconds, Stopping threads took: 0.0002347 seconds
[2022-06-13T03:23:35.409+0000][1][safepoint    ] Application time: 0.0002734 seconds
[2022-06-13T03:23:35.409+0000][1][safepoint    ] Entering safepoint region: RevokeBias
[2022-06-13T03:23:35.409+0000][1][safepoint    ] Leaving safepoint region
[2022-06-13T03:23:35.409+0000][1][safepoint    ] Total time for which application threads were stopped: 0.0003573 seconds, Stopping threads took: 0.0001446 seconds
[2022-06-13T03:23:35.410+0000][1][safepoint    ] Application time: 0.0006059 seconds
[2022-06-13T03:23:35.410+0000][1][safepoint    ] Entering safepoint region: RevokeBias
[2022-06-13T03:23:35.410+0000][1][safepoint    ] Leaving safepoint region
[2022-06-13T03:23:35.410+0000][1][safepoint    ] Total time for which application threads were stopped: 0.0002160 seconds, Stopping threads took: 0.0001031 seconds
[2022-06-13T03:23:35.411+0000][1][safepoint    ] Application time: 0.0002171 seconds
[2022-06-13T03:23:35.411+0000][1][safepoint    ] Entering safepoint region: RevokeBias
[2022-06-13T03:23:35.411+0000][1][safepoint    ] Leaving safepoint region
[2022-06-13T03:23:35.411+0000][1][safepoint    ] Total time for which application threads were stopped: 0.0001847 seconds, Stopping threads took: 0.0000890 seconds
[2022-06-13T03:23:35.411+0000][1][safepoint    ] Application time: 0.0001197 seconds
[2022-06-13T03:23:35.411+0000][1][safepoint    ] Entering safepoint region: RevokeBias
[2022-06-13T03:23:35.411+0000][1][safepoint    ] Leaving safepoint region
[2022-06-13T03:23:35.411+0000][1][safepoint    ] Total time for which application threads were stopped: 0.0001910 seconds, Stopping threads took: 0.0000963 seconds
[2022-06-13T03:23:35.412+0000][1][safepoint    ] Application time: 0.0003950 seconds
[2022-06-13T03:23:35.412+0000][1][safepoint    ] Entering safepoint region: RevokeBias
[2022-06-13T03:23:35.412+0000][1][safepoint    ] Leaving safepoint region
[2022-06-13T03:23:35.412+0000][1][safepoint    ] Total time for which application threads were stopped: 0.0002127 seconds, Stopping threads took: 0.0000919 seconds
[2022-06-13T03:23:35.414+0000][1][safepoint    ] Application time: 0.0012326 seconds
[2022-06-13T03:23:35.414+0000][1][safepoint    ] Entering safepoint region: RevokeBias
[2022-06-13T03:23:35.414+0000][1][safepoint    ] Leaving safepoint region
[2022-06-13T03:23:35.414+0000][1][safepoint    ] Total time for which application threads were stopped: 0.0003094 seconds, Stopping threads took: 0.0001569 seconds
[2022-06-13T03:23:35.414+0000][1][safepoint    ] Application time: 0.0000367 seconds
[2022-06-13T03:23:35.414+0000][1][safepoint    ] Entering safepoint region: RevokeBias
[2022-06-13T03:23:35.415+0000][1][safepoint    ] Leaving safepoint region
[2022-06-13T03:23:35.415+0000][1][safepoint    ] Total time for which application threads were stopped: 0.0003157 seconds, Stopping threads took: 0.0001628 seconds
[2022-06-13T03:23:35.415+0000][1][safepoint    ] Application time: 0.0001190 seconds
[2022-06-13T03:23:35.415+0000][1][safepoint    ] Entering safepoint region: RevokeBias
[2022-06-13T03:23:35.415+0000][1][safepoint    ] Leaving safepoint region
[2022-06-13T03:23:35.415+0000][1][safepoint    ] Total time for which application threads were stopped: 0.0002907 seconds, Stopping threads took: 0.0001550 seconds
[2022-06-13T03:23:35.416+0000][1][safepoint    ] Application time: 0.0000930 seconds
[2022-06-13T03:23:35.416+0000][1][safepoint    ] Entering safepoint region: RevokeBias
[2022-06-13T03:23:35.416+0000][1][safepoint    ] Leaving safepoint region
[2022-06-13T03:23:35.416+0000][1][safepoint    ] Total time for which application threads were stopped: 0.0003108 seconds, Stopping threads took: 0.0001610 seconds
[2022-06-13T03:23:35.416+0000][1][safepoint    ] Application time: 0.0001923 seconds
[2022-06-13T03:23:35.417+0000][1][safepoint    ] Entering safepoint region: RevokeBias
[2022-06-13T03:23:35.417+0000][1][safepoint    ] Leaving safepoint region
[2022-06-13T03:23:35.417+0000][1][safepoint    ] Total time for which application threads were stopped: 0.0002605 seconds, Stopping threads took: 0.0001221 seconds
[2022-06-13T03:23:35.419+0000][1][gc,heap,exit ] Heap
[2022-06-13T03:23:35.419+0000][1][gc,heap,exit ]  par new generation   total 78656K, used 25554K [0x00000000f0000000, 0x00000000f5550000, 0x00000000f5550000)
[2022-06-13T03:23:35.419+0000][1][gc,heap,exit ]   eden space 69952K,  24% used [0x00000000f0000000, 0x00000000f10749d8, 0x00000000f4450000)
[2022-06-13T03:23:35.419+0000][1][gc,heap,exit ]   from space 8704K, 100% used [0x00000000f4450000, 0x00000000f4cd0000, 0x00000000f4cd0000)
[2022-06-13T03:23:35.419+0000][1][gc,heap,exit ]   to   space 8704K,   0% used [0x00000000f4cd0000, 0x00000000f4cd0000, 0x00000000f5550000)
[2022-06-13T03:23:35.419+0000][1][gc,heap,exit ]  concurrent mark-sweep generation total 174784K, used 59807K [0x00000000f5550000, 0x0000000100000000, 0x0000000100000000)
[2022-06-13T03:23:35.419+0000][1][gc,heap,exit ]  Metaspace       used 63586K, capacity 68445K, committed 68700K, reserved 1107968K
[2022-06-13T03:23:35.419+0000][1][gc,heap,exit ]   class space    used 8646K, capacity 10666K, committed 10752K, reserved 1048576K
[2022-06-13T03:23:35.420+0000][1][safepoint    ] Application time: 0.0027310 seconds
[2022-06-13T03:23:35.420+0000][1][safepoint    ] Entering safepoint region: Exit
