[2022-06-13T03:25:53.807+0000][1][gc] Using Concurrent Mark Sweep
[2022-06-13T03:25:53.808+0000][1][gc,heap,coops] Heap address: 0x00000000f0000000, size: 256 MB, Compressed Oops mode: 32-bit
[2022-06-13T03:25:53.836+0000][1][safepoint    ] Entering safepoint region: EnableBiasedLocking
[2022-06-13T03:25:53.837+0000][1][safepoint    ] Leaving safepoint region
[2022-06-13T03:25:53.837+0000][1][safepoint    ] Total time for which application threads were stopped: 0.0009415 seconds, Stopping threads took: 0.0005494 seconds
[2022-06-13T03:25:53.840+0000][1][safepoint    ] Application time: 0.0022230 seconds
[2022-06-13T03:25:53.840+0000][1][safepoint    ] Entering safepoint region: RevokeBias
[2022-06-13T03:25:53.875+0000][1][safepoint    ] Leaving safepoint region
[2022-06-13T03:25:53.875+0000][1][safepoint    ] Total time for which application threads were stopped: 0.0352364 seconds, Stopping threads took: 0.0349626 seconds
[2022-06-13T03:25:53.883+0000][1][safepoint    ] Application time: 0.0076840 seconds
[2022-06-13T03:25:53.883+0000][1][safepoint    ] Entering safepoint region: Deoptimize
[2022-06-13T03:25:53.884+0000][1][safepoint    ] Leaving safepoint region
[2022-06-13T03:25:53.884+0000][1][safepoint    ] Total time for which application threads were stopped: 0.0003221 seconds, Stopping threads took: 0.0001493 seconds
[2022-06-13T03:25:53.933+0000][1][safepoint    ] Application time: 0.0494398 seconds
[2022-06-13T03:25:53.933+0000][1][safepoint    ] Entering safepoint region: RevokeBias
[2022-06-13T03:25:53.934+0000][1][safepoint    ] Leaving safepoint region
[2022-06-13T03:25:53.934+0000][1][safepoint    ] Total time for which application threads were stopped: 0.0003074 seconds, Stopping threads took: 0.0001274 seconds
[2022-06-13T03:25:53.950+0000][1][safepoint    ] Application time: 0.0162986 seconds
[2022-06-13T03:25:53.950+0000][1][safepoint    ] Entering safepoint region: Deoptimize
[2022-06-13T03:25:53.951+0000][1][safepoint    ] Leaving safepoint region
[2022-06-13T03:25:53.951+0000][1][safepoint    ] Total time for which application threads were stopped: 0.0005145 seconds, Stopping threads took: 0.0002197 seconds
[2022-06-13T03:25:54.121+0000][1][safepoint    ] Application time: 0.1698320 seconds
[2022-06-13T03:25:54.121+0000][1][safepoint    ] Entering safepoint region: Deoptimize
[2022-06-13T03:25:54.121+0000][1][safepoint    ] Leaving safepoint region
[2022-06-13T03:25:54.122+0000][1][safepoint    ] Total time for which application threads were stopped: 0.0003091 seconds, Stopping threads took: 0.0000909 seconds
[2022-06-13T03:25:54.135+0000][1][safepoint    ] Application time: 0.0131822 seconds
[2022-06-13T03:25:54.135+0000][1][safepoint    ] Entering safepoint region: Deoptimize
[2022-06-13T03:25:54.135+0000][1][safepoint    ] Leaving safepoint region
[2022-06-13T03:25:54.135+0000][1][safepoint    ] Total time for which application threads were stopped: 0.0003501 seconds, Stopping threads took: 0.0001381 seconds
[2022-06-13T03:25:54.150+0000][1][safepoint    ] Application time: 0.0139348 seconds
[2022-06-13T03:25:54.150+0000][1][safepoint    ] Entering safepoint region: Deoptimize
[2022-06-13T03:25:54.150+0000][1][safepoint    ] Leaving safepoint region
[2022-06-13T03:25:54.150+0000][1][safepoint    ] Total time for which application threads were stopped: 0.0002809 seconds, Stopping threads took: 0.0000971 seconds
[2022-06-13T03:25:54.157+0000][1][safepoint    ] Application time: 0.0065667 seconds
[2022-06-13T03:25:54.157+0000][1][safepoint    ] Entering safepoint region: Deoptimize
[2022-06-13T03:25:54.157+0000][1][safepoint    ] Leaving safepoint region
[2022-06-13T03:25:54.157+0000][1][safepoint    ] Total time for which application threads were stopped: 0.0004752 seconds, Stopping threads took: 0.0001527 seconds
[2022-06-13T03:25:54.375+0000][1][safepoint    ] Application time: 0.2175049 seconds
[2022-06-13T03:25:54.375+0000][1][safepoint    ] Entering safepoint region: Deoptimize
[2022-06-13T03:25:54.376+0000][1][safepoint    ] Leaving safepoint region
[2022-06-13T03:25:54.376+0000][1][safepoint    ] Total time for which application threads were stopped: 0.0006364 seconds, Stopping threads took: 0.0001730 seconds
[2022-06-13T03:25:54.525+0000][1][safepoint    ] Application time: 0.1489800 seconds
[2022-06-13T03:25:54.525+0000][1][safepoint    ] Entering safepoint region: RevokeBias
[2022-06-13T03:25:54.526+0000][1][safepoint    ] Leaving safepoint region
[2022-06-13T03:25:54.526+0000][1][safepoint    ] Total time for which application threads were stopped: 0.0002946 seconds, Stopping threads took: 0.0001216 seconds
[2022-06-13T03:25:54.583+0000][1][safepoint    ] Application time: 0.0568801 seconds
[2022-06-13T03:25:54.583+0000][1][safepoint    ] Entering safepoint region: Deoptimize
[2022-06-13T03:25:54.583+0000][1][safepoint    ] Leaving safepoint region
[2022-06-13T03:25:54.583+0000][1][safepoint    ] Total time for which application threads were stopped: 0.0004060 seconds, Stopping threads took: 0.0001098 seconds
[2022-06-13T03:25:54.642+0000][1][safepoint    ] Application time: 0.0588462 seconds
[2022-06-13T03:25:54.643+0000][1][safepoint    ] Entering safepoint region: Deoptimize
[2022-06-13T03:25:54.643+0000][1][safepoint    ] Leaving safepoint region
[2022-06-13T03:25:54.643+0000][1][safepoint    ] Total time for which application threads were stopped: 0.0005050 seconds, Stopping threads took: 0.0001367 seconds
[2022-06-13T03:25:54.643+0000][1][safepoint    ] Application time: 0.0001779 seconds
[2022-06-13T03:25:54.643+0000][1][safepoint    ] Entering safepoint region: Deoptimize
[2022-06-13T03:25:54.644+0000][1][safepoint    ] Leaving safepoint region
[2022-06-13T03:25:54.644+0000][1][safepoint    ] Total time for which application threads were stopped: 0.0003779 seconds, Stopping threads took: 0.0001060 seconds
[2022-06-13T03:25:54.658+0000][1][safepoint    ] Application time: 0.0136544 seconds
[2022-06-13T03:25:54.658+0000][1][safepoint    ] Entering safepoint region: Deoptimize
[2022-06-13T03:25:54.658+0000][1][safepoint    ] Leaving safepoint region
[2022-06-13T03:25:54.658+0000][1][safepoint    ] Total time for which application threads were stopped: 0.0005394 seconds, Stopping threads took: 0.0001250 seconds
[2022-06-13T03:25:54.664+0000][1][safepoint    ] Application time: 0.0058912 seconds
[2022-06-13T03:25:54.664+0000][1][safepoint    ] Entering safepoint region: Deoptimize
[2022-06-13T03:25:54.665+0000][1][safepoint    ] Leaving safepoint region
[2022-06-13T03:25:54.665+0000][1][safepoint    ] Total time for which application threads were stopped: 0.0004540 seconds, Stopping threads took: 0.0001192 seconds
[2022-06-13T03:25:54.669+0000][1][safepoint    ] Application time: 0.0035407 seconds
[2022-06-13T03:25:54.669+0000][1][safepoint    ] Entering safepoint region: RevokeBias
[2022-06-13T03:25:54.669+0000][1][safepoint    ] Leaving safepoint region
[2022-06-13T03:25:54.669+0000][1][safepoint    ] Total time for which application threads were stopped: 0.0002768 seconds, Stopping threads took: 0.0001649 seconds
[2022-06-13T03:25:54.669+0000][1][safepoint    ] Application time: 0.0000916 seconds
[2022-06-13T03:25:54.669+0000][1][safepoint    ] Entering safepoint region: RevokeBias
[2022-06-13T03:25:54.669+0000][1][safepoint    ] Leaving safepoint region
[2022-06-13T03:25:54.670+0000][1][safepoint    ] Total time for which application threads were stopped: 0.0002379 seconds, Stopping threads took: 0.0001269 seconds
[2022-06-13T03:25:54.670+0000][1][safepoint    ] Application time: 0.0001003 seconds
[2022-06-13T03:25:54.670+0000][1][safepoint    ] Entering safepoint region: RevokeBias
[2022-06-13T03:25:54.670+0000][1][safepoint    ] Leaving safepoint region
[2022-06-13T03:25:54.670+0000][1][safepoint    ] Total time for which application threads were stopped: 0.0002911 seconds, Stopping threads took: 0.0001433 seconds
[2022-06-13T03:25:54.670+0000][1][safepoint    ] Application time: 0.0001541 seconds
[2022-06-13T03:25:54.671+0000][1][safepoint    ] Entering safepoint region: RevokeBias
[2022-06-13T03:25:54.671+0000][1][safepoint    ] Leaving safepoint region
[2022-06-13T03:25:54.671+0000][1][safepoint    ] Total time for which application threads were stopped: 0.0003326 seconds, Stopping threads took: 0.0002108 seconds
[2022-06-13T03:25:54.671+0000][1][safepoint    ] Application time: 0.0000941 seconds
[2022-06-13T03:25:54.671+0000][1][safepoint    ] Entering safepoint region: RevokeBias
[2022-06-13T03:25:54.671+0000][1][safepoint    ] Leaving safepoint region
[2022-06-13T03:25:54.671+0000][1][safepoint    ] Total time for which application threads were stopped: 0.0002825 seconds, Stopping threads took: 0.0001602 seconds
[2022-06-13T03:25:54.676+0000][1][safepoint    ] Application time: 0.0039018 seconds
[2022-06-13T03:25:54.676+0000][1][safepoint    ] Entering safepoint region: Deoptimize
[2022-06-13T03:25:54.676+0000][1][safepoint    ] Leaving safepoint region
[2022-06-13T03:25:54.676+0000][1][safepoint    ] Total time for which application threads were stopped: 0.0004122 seconds, Stopping threads took: 0.0001287 seconds
[2022-06-13T03:25:54.734+0000][1][safepoint    ] Application time: 0.0574436 seconds
[2022-06-13T03:25:54.734+0000][1][safepoint    ] Entering safepoint region: GenCollectForAllocation
[2022-06-13T03:25:54.734+0000][1][gc,start     ] GC(0) Pause Young (Allocation Failure)
[2022-06-13T03:25:54.735+0000][1][gc,task      ] GC(0) Using 5 workers of 13 for evacuation
[2022-06-13T03:25:54.739+0000][1][gc,age       ] GC(0) Desired survivor size 4456448 bytes, new threshold 1 (max threshold 6)
[2022-06-13T03:25:54.739+0000][1][gc,age       ] GC(0) Age table with threshold 1 (max threshold 6)
[2022-06-13T03:25:54.739+0000][1][gc,age       ] GC(0) - age   1:    6384496 bytes,    6384496 total
[2022-06-13T03:25:54.739+0000][1][gc,heap      ] GC(0) ParNew: 69952K->6312K(78656K)
[2022-06-13T03:25:54.740+0000][1][gc,heap      ] GC(0) CMS: 0K->0K(174784K)
[2022-06-13T03:25:54.740+0000][1][gc,metaspace ] GC(0) Metaspace: 12415K->12415K(1060864K)
[2022-06-13T03:25:54.740+0000][1][gc           ] GC(0) Pause Young (Allocation Failure) 68M->6M(247M) 5.841ms
[2022-06-13T03:25:54.740+0000][1][gc,cpu       ] GC(0) User=0.02s Sys=0.01s Real=0.01s
[2022-06-13T03:25:54.741+0000][1][safepoint    ] Leaving safepoint region
[2022-06-13T03:25:54.741+0000][1][safepoint    ] Total time for which application threads were stopped: 0.0066820 seconds, Stopping threads took: 0.0002006 seconds
[2022-06-13T03:25:54.741+0000][1][safepoint    ] Application time: 0.0003354 seconds
[2022-06-13T03:25:54.741+0000][1][safepoint    ] Entering safepoint region: RevokeBias
[2022-06-13T03:25:54.742+0000][1][safepoint    ] Leaving safepoint region
[2022-06-13T03:25:54.742+0000][1][safepoint    ] Total time for which application threads were stopped: 0.0003977 seconds, Stopping threads took: 0.0002117 seconds
[2022-06-13T03:25:54.742+0000][1][safepoint    ] Application time: 0.0000936 seconds
[2022-06-13T03:25:54.742+0000][1][safepoint    ] Entering safepoint region: RevokeBias
[2022-06-13T03:25:54.742+0000][1][safepoint    ] Leaving safepoint region
[2022-06-13T03:25:54.742+0000][1][safepoint    ] Total time for which application threads were stopped: 0.0003451 seconds, Stopping threads took: 0.0001643 seconds
[2022-06-13T03:25:54.743+0000][1][safepoint    ] Application time: 0.0001460 seconds
[2022-06-13T03:25:54.743+0000][1][safepoint    ] Entering safepoint region: RevokeBias
[2022-06-13T03:25:54.743+0000][1][safepoint    ] Leaving safepoint region
[2022-06-13T03:25:54.744+0000][1][safepoint    ] Total time for which application threads were stopped: 0.0006127 seconds, Stopping threads took: 0.0003096 seconds
[2022-06-13T03:25:54.744+0000][1][safepoint    ] Application time: 0.0001293 seconds
[2022-06-13T03:25:54.744+0000][1][safepoint    ] Entering safepoint region: RevokeBias
[2022-06-13T03:25:54.744+0000][1][safepoint    ] Leaving safepoint region
[2022-06-13T03:25:54.744+0000][1][safepoint    ] Total time for which application threads were stopped: 0.0003718 seconds, Stopping threads took: 0.0001358 seconds
[2022-06-13T03:25:54.745+0000][1][safepoint    ] Application time: 0.0000874 seconds
[2022-06-13T03:25:54.745+0000][1][safepoint    ] Entering safepoint region: RevokeBias
[2022-06-13T03:25:54.745+0000][1][safepoint    ] Leaving safepoint region
[2022-06-13T03:25:54.745+0000][1][safepoint    ] Total time for which application threads were stopped: 0.0005186 seconds, Stopping threads took: 0.0002468 seconds
[2022-06-13T03:25:54.746+0000][1][safepoint    ] Application time: 0.0001801 seconds
[2022-06-13T03:25:54.746+0000][1][safepoint    ] Entering safepoint region: RevokeBias
[2022-06-13T03:25:54.746+0000][1][safepoint    ] Leaving safepoint region
[2022-06-13T03:25:54.746+0000][1][safepoint    ] Total time for which application threads were stopped: 0.0004117 seconds, Stopping threads took: 0.0002059 seconds
[2022-06-13T03:25:54.747+0000][1][safepoint    ] Application time: 0.0001718 seconds
[2022-06-13T03:25:54.747+0000][1][safepoint    ] Entering safepoint region: RevokeBias
[2022-06-13T03:25:54.747+0000][1][safepoint    ] Leaving safepoint region
[2022-06-13T03:25:54.747+0000][1][safepoint    ] Total time for which application threads were stopped: 0.0004766 seconds, Stopping threads took: 0.0002118 seconds
[2022-06-13T03:25:54.748+0000][1][safepoint    ] Application time: 0.0001866 seconds
[2022-06-13T03:25:54.748+0000][1][safepoint    ] Entering safepoint region: RevokeBias
[2022-06-13T03:25:54.748+0000][1][safepoint    ] Leaving safepoint region
[2022-06-13T03:25:54.748+0000][1][safepoint    ] Total time for which application threads were stopped: 0.0003888 seconds, Stopping threads took: 0.0002412 seconds
[2022-06-13T03:25:54.748+0000][1][safepoint    ] Application time: 0.0001013 seconds
[2022-06-13T03:25:54.749+0000][1][safepoint    ] Entering safepoint region: RevokeBias
[2022-06-13T03:25:54.749+0000][1][safepoint    ] Leaving safepoint region
[2022-06-13T03:25:54.749+0000][1][safepoint    ] Total time for which application threads were stopped: 0.0002911 seconds, Stopping threads took: 0.0001584 seconds
[2022-06-13T03:25:54.749+0000][1][safepoint    ] Application time: 0.0000716 seconds
[2022-06-13T03:25:54.749+0000][1][safepoint    ] Entering safepoint region: RevokeBias
[2022-06-13T03:25:54.749+0000][1][safepoint    ] Leaving safepoint region
[2022-06-13T03:25:54.749+0000][1][safepoint    ] Total time for which application threads were stopped: 0.0002191 seconds, Stopping threads took: 0.0001112 seconds
[2022-06-13T03:25:54.750+0000][1][safepoint    ] Application time: 0.0000760 seconds
[2022-06-13T03:25:54.750+0000][1][safepoint    ] Entering safepoint region: RevokeBias
[2022-06-13T03:25:54.750+0000][1][safepoint    ] Leaving safepoint region
[2022-06-13T03:25:54.750+0000][1][safepoint    ] Total time for which application threads were stopped: 0.0002753 seconds, Stopping threads took: 0.0001528 seconds
[2022-06-13T03:25:54.750+0000][1][safepoint    ] Application time: 0.0000712 seconds
[2022-06-13T03:25:54.750+0000][1][safepoint    ] Entering safepoint region: RevokeBias
[2022-06-13T03:25:54.750+0000][1][safepoint    ] Leaving safepoint region
[2022-06-13T03:25:54.751+0000][1][safepoint    ] Total time for which application threads were stopped: 0.0002898 seconds, Stopping threads took: 0.0001668 seconds
[2022-06-13T03:25:54.751+0000][1][safepoint    ] Application time: 0.0000841 seconds
[2022-06-13T03:25:54.751+0000][1][safepoint    ] Entering safepoint region: RevokeBias
[2022-06-13T03:25:54.751+0000][1][safepoint    ] Leaving safepoint region
[2022-06-13T03:25:54.751+0000][1][safepoint    ] Total time for which application threads were stopped: 0.0002763 seconds, Stopping threads took: 0.0001376 seconds
[2022-06-13T03:25:54.751+0000][1][safepoint    ] Application time: 0.0000822 seconds
[2022-06-13T03:25:54.752+0000][1][safepoint    ] Entering safepoint region: RevokeBias
[2022-06-13T03:25:54.752+0000][1][safepoint    ] Leaving safepoint region
[2022-06-13T03:25:54.752+0000][1][safepoint    ] Total time for which application threads were stopped: 0.0003859 seconds, Stopping threads took: 0.0001966 seconds
[2022-06-13T03:25:54.752+0000][1][safepoint    ] Application time: 0.0001189 seconds
[2022-06-13T03:25:54.753+0000][1][safepoint    ] Entering safepoint region: RevokeBias
[2022-06-13T03:25:54.753+0000][1][safepoint    ] Leaving safepoint region
[2022-06-13T03:25:54.753+0000][1][safepoint    ] Total time for which application threads were stopped: 0.0006559 seconds, Stopping threads took: 0.0002131 seconds
[2022-06-13T03:25:54.754+0000][1][safepoint    ] Application time: 0.0001295 seconds
[2022-06-13T03:25:54.754+0000][1][safepoint    ] Entering safepoint region: RevokeBias
[2022-06-13T03:25:54.754+0000][1][safepoint    ] Leaving safepoint region
[2022-06-13T03:25:54.755+0000][1][safepoint    ] Total time for which application threads were stopped: 0.0007068 seconds, Stopping threads took: 0.0003876 seconds
[2022-06-13T03:25:54.755+0000][1][safepoint    ] Application time: 0.0003807 seconds
[2022-06-13T03:25:54.755+0000][1][safepoint    ] Entering safepoint region: RevokeBias
[2022-06-13T03:25:54.755+0000][1][safepoint    ] Leaving safepoint region
[2022-06-13T03:25:54.756+0000][1][safepoint    ] Total time for which application threads were stopped: 0.0004795 seconds, Stopping threads took: 0.0001713 seconds
[2022-06-13T03:25:54.756+0000][1][safepoint    ] Application time: 0.0000810 seconds
[2022-06-13T03:25:54.756+0000][1][safepoint    ] Entering safepoint region: RevokeBias
[2022-06-13T03:25:54.757+0000][1][safepoint    ] Leaving safepoint region
[2022-06-13T03:25:54.757+0000][1][safepoint    ] Total time for which application threads were stopped: 0.0003709 seconds, Stopping threads took: 0.0001970 seconds
[2022-06-13T03:25:54.757+0000][1][safepoint    ] Application time: 0.0002424 seconds
[2022-06-13T03:25:54.757+0000][1][safepoint    ] Entering safepoint region: RevokeBias
[2022-06-13T03:25:54.757+0000][1][safepoint    ] Leaving safepoint region
[2022-06-13T03:25:54.758+0000][1][safepoint    ] Total time for which application threads were stopped: 0.0003335 seconds, Stopping threads took: 0.0001702 seconds
[2022-06-13T03:25:54.758+0000][1][safepoint    ] Application time: 0.0000725 seconds
[2022-06-13T03:25:54.758+0000][1][safepoint    ] Entering safepoint region: RevokeBias
[2022-06-13T03:25:54.758+0000][1][safepoint    ] Leaving safepoint region
[2022-06-13T03:25:54.758+0000][1][safepoint    ] Total time for which application threads were stopped: 0.0002950 seconds, Stopping threads took: 0.0001454 seconds
[2022-06-13T03:25:54.758+0000][1][safepoint    ] Application time: 0.0000915 seconds
[2022-06-13T03:25:54.758+0000][1][safepoint    ] Entering safepoint region: RevokeBias
[2022-06-13T03:25:54.759+0000][1][safepoint    ] Leaving safepoint region
[2022-06-13T03:25:54.759+0000][1][safepoint    ] Total time for which application threads were stopped: 0.0002448 seconds, Stopping threads took: 0.0001166 seconds
[2022-06-13T03:25:54.759+0000][1][safepoint    ] Application time: 0.0000937 seconds
[2022-06-13T03:25:54.759+0000][1][safepoint    ] Entering safepoint region: RevokeBias
[2022-06-13T03:25:54.759+0000][1][safepoint    ] Leaving safepoint region
[2022-06-13T03:25:54.759+0000][1][safepoint    ] Total time for which application threads were stopped: 0.0002727 seconds, Stopping threads took: 0.0001195 seconds
[2022-06-13T03:25:54.760+0000][1][safepoint    ] Application time: 0.0000947 seconds
[2022-06-13T03:25:54.760+0000][1][safepoint    ] Entering safepoint region: RevokeBias
[2022-06-13T03:25:54.760+0000][1][safepoint    ] Leaving safepoint region
[2022-06-13T03:25:54.760+0000][1][safepoint    ] Total time for which application threads were stopped: 0.0004471 seconds, Stopping threads took: 0.0002568 seconds
[2022-06-13T03:25:54.760+0000][1][safepoint    ] Application time: 0.0000911 seconds
[2022-06-13T03:25:54.761+0000][1][safepoint    ] Entering safepoint region: RevokeBias
[2022-06-13T03:25:54.761+0000][1][safepoint    ] Leaving safepoint region
[2022-06-13T03:25:54.761+0000][1][safepoint    ] Total time for which application threads were stopped: 0.0004251 seconds, Stopping threads took: 0.0002505 seconds
[2022-06-13T03:25:54.761+0000][1][safepoint    ] Application time: 0.0000903 seconds
[2022-06-13T03:25:54.761+0000][1][safepoint    ] Entering safepoint region: RevokeBias
[2022-06-13T03:25:54.761+0000][1][safepoint    ] Leaving safepoint region
[2022-06-13T03:25:54.762+0000][1][safepoint    ] Total time for which application threads were stopped: 0.0003233 seconds, Stopping threads took: 0.0001486 seconds
[2022-06-13T03:25:54.762+0000][1][safepoint    ] Application time: 0.0000857 seconds
[2022-06-13T03:25:54.762+0000][1][safepoint    ] Entering safepoint region: RevokeBias
[2022-06-13T03:25:54.762+0000][1][safepoint    ] Leaving safepoint region
[2022-06-13T03:25:54.762+0000][1][safepoint    ] Total time for which application threads were stopped: 0.0002841 seconds, Stopping threads took: 0.0001543 seconds
[2022-06-13T03:25:54.762+0000][1][safepoint    ] Application time: 0.0000882 seconds
[2022-06-13T03:25:54.763+0000][1][safepoint    ] Entering safepoint region: RevokeBias
[2022-06-13T03:25:54.763+0000][1][safepoint    ] Leaving safepoint region
[2022-06-13T03:25:54.763+0000][1][safepoint    ] Total time for which application threads were stopped: 0.0002218 seconds, Stopping threads took: 0.0001081 seconds
[2022-06-13T03:25:54.763+0000][1][safepoint    ] Application time: 0.0000751 seconds
[2022-06-13T03:25:54.763+0000][1][safepoint    ] Entering safepoint region: RevokeBias
[2022-06-13T03:25:54.763+0000][1][safepoint    ] Leaving safepoint region
[2022-06-13T03:25:54.763+0000][1][safepoint    ] Total time for which application threads were stopped: 0.0002441 seconds, Stopping threads took: 0.0001509 seconds
[2022-06-13T03:25:54.872+0000][1][safepoint    ] Application time: 0.1087189 seconds
[2022-06-13T03:25:54.872+0000][1][safepoint    ] Entering safepoint region: Deoptimize
[2022-06-13T03:25:54.873+0000][1][safepoint    ] Leaving safepoint region
[2022-06-13T03:25:54.873+0000][1][safepoint    ] Total time for which application threads were stopped: 0.0006839 seconds, Stopping threads took: 0.0001155 seconds
[2022-06-13T03:25:54.976+0000][1][safepoint    ] Application time: 0.1026822 seconds
[2022-06-13T03:25:54.976+0000][1][safepoint    ] Entering safepoint region: RevokeBias
[2022-06-13T03:25:54.976+0000][1][safepoint    ] Leaving safepoint region
[2022-06-13T03:25:54.976+0000][1][safepoint    ] Total time for which application threads were stopped: 0.0004910 seconds, Stopping threads took: 0.0002208 seconds
[2022-06-13T03:25:55.034+0000][1][safepoint    ] Application time: 0.0574109 seconds
[2022-06-13T03:25:55.034+0000][1][safepoint    ] Entering safepoint region: RevokeBias
[2022-06-13T03:25:55.035+0000][1][safepoint    ] Leaving safepoint region
[2022-06-13T03:25:55.035+0000][1][safepoint    ] Total time for which application threads were stopped: 0.0004245 seconds, Stopping threads took: 0.0002058 seconds
[2022-06-13T03:25:55.038+0000][1][safepoint    ] Application time: 0.0032059 seconds
[2022-06-13T03:25:55.038+0000][1][safepoint    ] Entering safepoint region: RevokeBias
[2022-06-13T03:25:55.039+0000][1][safepoint    ] Leaving safepoint region
[2022-06-13T03:25:55.039+0000][1][safepoint    ] Total time for which application threads were stopped: 0.0003496 seconds, Stopping threads took: 0.0001547 seconds
[2022-06-13T03:25:55.054+0000][1][safepoint    ] Application time: 0.0149083 seconds
[2022-06-13T03:25:55.054+0000][1][safepoint    ] Entering safepoint region: GenCollectForAllocation
[2022-06-13T03:25:55.054+0000][1][gc,start     ] GC(1) Pause Young (Allocation Failure)
[2022-06-13T03:25:55.054+0000][1][gc,task      ] GC(1) Using 5 workers of 13 for evacuation
[2022-06-13T03:25:55.065+0000][1][gc,age       ] GC(1) Desired survivor size 4456448 bytes, new threshold 6 (max threshold 6)
[2022-06-13T03:25:55.066+0000][1][gc,age       ] GC(1) Age table with threshold 6 (max threshold 6)
[2022-06-13T03:25:55.066+0000][1][gc,age       ] GC(1) - age   1:    2417080 bytes,    2417080 total
[2022-06-13T03:25:55.066+0000][1][gc,heap      ] GC(1) ParNew: 76264K->4562K(78656K)
[2022-06-13T03:25:55.066+0000][1][gc,heap      ] GC(1) CMS: 0K->6715K(174784K)
[2022-06-13T03:25:55.066+0000][1][gc,metaspace ] GC(1) Metaspace: 14906K->14906K(1062912K)
[2022-06-13T03:25:55.066+0000][1][gc           ] GC(1) Pause Young (Allocation Failure) 74M->11M(247M) 12.233ms
[2022-06-13T03:25:55.067+0000][1][gc,cpu       ] GC(1) User=0.06s Sys=0.00s Real=0.01s
[2022-06-13T03:25:55.067+0000][1][safepoint    ] Leaving safepoint region
[2022-06-13T03:25:55.067+0000][1][safepoint    ] Total time for which application threads were stopped: 0.0129042 seconds, Stopping threads took: 0.0001603 seconds
[2022-06-13T03:25:55.067+0000][1][safepoint    ] Application time: 0.0001919 seconds
[2022-06-13T03:25:55.067+0000][1][safepoint    ] Entering safepoint region: RevokeBias
[2022-06-13T03:25:55.068+0000][1][safepoint    ] Leaving safepoint region
[2022-06-13T03:25:55.068+0000][1][safepoint    ] Total time for which application threads were stopped: 0.0003468 seconds, Stopping threads took: 0.0001431 seconds
[2022-06-13T03:25:55.068+0000][1][safepoint    ] Application time: 0.0001149 seconds
[2022-06-13T03:25:55.068+0000][1][safepoint    ] Entering safepoint region: RevokeBias
[2022-06-13T03:25:55.068+0000][1][safepoint    ] Leaving safepoint region
[2022-06-13T03:25:55.068+0000][1][safepoint    ] Total time for which application threads were stopped: 0.0003187 seconds, Stopping threads took: 0.0001446 seconds
[2022-06-13T03:25:55.069+0000][1][safepoint    ] Application time: 0.0000934 seconds
[2022-06-13T03:25:55.069+0000][1][safepoint    ] Entering safepoint region: RevokeBias
[2022-06-13T03:25:55.069+0000][1][safepoint    ] Leaving safepoint region
[2022-06-13T03:25:55.069+0000][1][safepoint    ] Total time for which application threads were stopped: 0.0005299 seconds, Stopping threads took: 0.0002785 seconds
[2022-06-13T03:25:55.069+0000][1][safepoint    ] Application time: 0.0000963 seconds
[2022-06-13T03:25:55.070+0000][1][safepoint    ] Entering safepoint region: RevokeBias
[2022-06-13T03:25:55.070+0000][1][safepoint    ] Leaving safepoint region
[2022-06-13T03:25:55.070+0000][1][safepoint    ] Total time for which application threads were stopped: 0.0003301 seconds, Stopping threads took: 0.0001563 seconds
[2022-06-13T03:25:55.070+0000][1][safepoint    ] Application time: 0.0001097 seconds
[2022-06-13T03:25:55.070+0000][1][safepoint    ] Entering safepoint region: RevokeBias
[2022-06-13T03:25:55.071+0000][1][safepoint    ] Leaving safepoint region
[2022-06-13T03:25:55.071+0000][1][safepoint    ] Total time for which application threads were stopped: 0.0003251 seconds, Stopping threads took: 0.0001495 seconds
[2022-06-13T03:25:55.071+0000][1][safepoint    ] Application time: 0.0000848 seconds
[2022-06-13T03:25:55.071+0000][1][safepoint    ] Entering safepoint region: RevokeBias
[2022-06-13T03:25:55.071+0000][1][safepoint    ] Leaving safepoint region
[2022-06-13T03:25:55.071+0000][1][safepoint    ] Total time for which application threads were stopped: 0.0003034 seconds, Stopping threads took: 0.0001497 seconds
[2022-06-13T03:25:55.072+0000][1][safepoint    ] Application time: 0.0000858 seconds
[2022-06-13T03:25:55.072+0000][1][safepoint    ] Entering safepoint region: RevokeBias
[2022-06-13T03:25:55.072+0000][1][safepoint    ] Leaving safepoint region
[2022-06-13T03:25:55.072+0000][1][safepoint    ] Total time for which application threads were stopped: 0.0002475 seconds, Stopping threads took: 0.0001337 seconds
[2022-06-13T03:25:55.072+0000][1][safepoint    ] Application time: 0.0000719 seconds
[2022-06-13T03:25:55.072+0000][1][safepoint    ] Entering safepoint region: RevokeBias
[2022-06-13T03:25:55.072+0000][1][safepoint    ] Leaving safepoint region
[2022-06-13T03:25:55.072+0000][1][safepoint    ] Total time for which application threads were stopped: 0.0002313 seconds, Stopping threads took: 0.0001162 seconds
[2022-06-13T03:25:55.073+0000][1][safepoint    ] Application time: 0.0001115 seconds
[2022-06-13T03:25:55.073+0000][1][safepoint    ] Entering safepoint region: BulkRevokeBias
[2022-06-13T03:25:55.073+0000][1][safepoint    ] Leaving safepoint region
[2022-06-13T03:25:55.073+0000][1][safepoint    ] Total time for which application threads were stopped: 0.0002876 seconds, Stopping threads took: 0.0001225 seconds
[2022-06-13T03:25:55.073+0000][1][safepoint    ] Application time: 0.0000748 seconds
[2022-06-13T03:25:55.073+0000][1][safepoint    ] Entering safepoint region: RevokeBias
[2022-06-13T03:25:55.074+0000][1][safepoint    ] Leaving safepoint region
[2022-06-13T03:25:55.074+0000][1][safepoint    ] Total time for which application threads were stopped: 0.0003025 seconds, Stopping threads took: 0.0001606 seconds
[2022-06-13T03:25:55.074+0000][1][safepoint    ] Application time: 0.0001164 seconds
[2022-06-13T03:25:55.074+0000][1][safepoint    ] Entering safepoint region: BulkRevokeBias
[2022-06-13T03:25:55.074+0000][1][safepoint    ] Leaving safepoint region
[2022-06-13T03:25:55.074+0000][1][safepoint    ] Total time for which application threads were stopped: 0.0003530 seconds, Stopping threads took: 0.0001715 seconds
[2022-06-13T03:25:55.151+0000][1][safepoint    ] Application time: 0.0763500 seconds
[2022-06-13T03:25:55.151+0000][1][safepoint    ] Entering safepoint region: GenCollectForAllocation
[2022-06-13T03:25:55.152+0000][1][gc,start     ] GC(2) Pause Young (Allocation Failure)
[2022-06-13T03:25:55.152+0000][1][gc,task      ] GC(2) Using 5 workers of 13 for evacuation
[2022-06-13T03:25:55.154+0000][1][gc,age       ] GC(2) Desired survivor size 4456448 bytes, new threshold 6 (max threshold 6)
[2022-06-13T03:25:55.155+0000][1][gc,age       ] GC(2) Age table with threshold 6 (max threshold 6)
[2022-06-13T03:25:55.155+0000][1][gc,age       ] GC(2) - age   1:    2781568 bytes,    2781568 total
[2022-06-13T03:25:55.155+0000][1][gc,age       ] GC(2) - age   2:    1145096 bytes,    3926664 total
[2022-06-13T03:25:55.155+0000][1][gc,heap      ] GC(2) ParNew: 74514K->4166K(78656K)
[2022-06-13T03:25:55.155+0000][1][gc,heap      ] GC(2) CMS: 6715K->6715K(174784K)
[2022-06-13T03:25:55.155+0000][1][gc,metaspace ] GC(2) Metaspace: 15046K->15046K(1062912K)
[2022-06-13T03:25:55.156+0000][1][gc           ] GC(2) Pause Young (Allocation Failure) 79M->10M(247M) 3.962ms
[2022-06-13T03:25:55.156+0000][1][gc,cpu       ] GC(2) User=0.02s Sys=0.00s Real=0.00s
[2022-06-13T03:25:55.156+0000][1][safepoint    ] Leaving safepoint region
[2022-06-13T03:25:55.156+0000][1][safepoint    ] Total time for which application threads were stopped: 0.0047062 seconds, Stopping threads took: 0.0002117 seconds
[2022-06-13T03:25:55.156+0000][1][safepoint    ] Application time: 0.0002034 seconds
[2022-06-13T03:25:55.156+0000][1][safepoint    ] Entering safepoint region: RevokeBias
[2022-06-13T03:25:55.157+0000][1][safepoint    ] Leaving safepoint region
[2022-06-13T03:25:55.157+0000][1][safepoint    ] Total time for which application threads were stopped: 0.0003851 seconds, Stopping threads took: 0.0001964 seconds
[2022-06-13T03:25:55.157+0000][1][safepoint    ] Application time: 0.0000771 seconds
[2022-06-13T03:25:55.157+0000][1][safepoint    ] Entering safepoint region: RevokeBias
[2022-06-13T03:25:55.157+0000][1][safepoint    ] Leaving safepoint region
[2022-06-13T03:25:55.157+0000][1][safepoint    ] Total time for which application threads were stopped: 0.0003252 seconds, Stopping threads took: 0.0001808 seconds
[2022-06-13T03:25:55.158+0000][1][safepoint    ] Application time: 0.0000952 seconds
[2022-06-13T03:25:55.158+0000][1][safepoint    ] Entering safepoint region: RevokeBias
[2022-06-13T03:25:55.158+0000][1][safepoint    ] Leaving safepoint region
[2022-06-13T03:25:55.158+0000][1][safepoint    ] Total time for which application threads were stopped: 0.0002816 seconds, Stopping threads took: 0.0001409 seconds
[2022-06-13T03:25:55.158+0000][1][safepoint    ] Application time: 0.0000801 seconds
[2022-06-13T03:25:55.158+0000][1][safepoint    ] Entering safepoint region: RevokeBias
[2022-06-13T03:25:55.158+0000][1][safepoint    ] Leaving safepoint region
[2022-06-13T03:25:55.159+0000][1][safepoint    ] Total time for which application threads were stopped: 0.0002563 seconds, Stopping threads took: 0.0001232 seconds
[2022-06-13T03:25:55.159+0000][1][safepoint    ] Application time: 0.0000807 seconds
[2022-06-13T03:25:55.159+0000][1][safepoint    ] Entering safepoint region: RevokeBias
[2022-06-13T03:25:55.159+0000][1][safepoint    ] Leaving safepoint region
[2022-06-13T03:25:55.159+0000][1][safepoint    ] Total time for which application threads were stopped: 0.0004014 seconds, Stopping threads took: 0.0001986 seconds
[2022-06-13T03:25:55.160+0000][1][safepoint    ] Application time: 0.0001078 seconds
[2022-06-13T03:25:55.160+0000][1][safepoint    ] Entering safepoint region: RevokeBias
[2022-06-13T03:25:55.160+0000][1][safepoint    ] Leaving safepoint region
[2022-06-13T03:25:55.160+0000][1][safepoint    ] Total time for which application threads were stopped: 0.0003341 seconds, Stopping threads took: 0.0001988 seconds
[2022-06-13T03:25:55.246+0000][1][safepoint    ] Application time: 0.0862060 seconds
[2022-06-13T03:25:55.247+0000][1][safepoint    ] Entering safepoint region: Deoptimize
[2022-06-13T03:25:55.247+0000][1][safepoint    ] Leaving safepoint region
[2022-06-13T03:25:55.248+0000][1][safepoint    ] Total time for which application threads were stopped: 0.0009570 seconds, Stopping threads took: 0.0002100 seconds
[2022-06-13T03:25:55.249+0000][1][safepoint    ] Application time: 0.0007037 seconds
[2022-06-13T03:25:55.249+0000][1][safepoint    ] Entering safepoint region: Deoptimize
[2022-06-13T03:25:55.249+0000][1][safepoint    ] Leaving safepoint region
[2022-06-13T03:25:55.250+0000][1][safepoint    ] Total time for which application threads were stopped: 0.0010208 seconds, Stopping threads took: 0.0004444 seconds
[2022-06-13T03:25:55.405+0000][1][safepoint    ] Application time: 0.1553279 seconds
[2022-06-13T03:25:55.406+0000][1][safepoint    ] Entering safepoint region: GenCollectForAllocation
[2022-06-13T03:25:55.406+0000][1][gc,start     ] GC(3) Pause Young (Allocation Failure)
[2022-06-13T03:25:55.406+0000][1][gc,task      ] GC(3) Using 5 workers of 13 for evacuation
[2022-06-13T03:25:55.409+0000][1][gc,age       ] GC(3) Desired survivor size 4456448 bytes, new threshold 3 (max threshold 6)
[2022-06-13T03:25:55.409+0000][1][gc,age       ] GC(3) Age table with threshold 3 (max threshold 6)
[2022-06-13T03:25:55.409+0000][1][gc,age       ] GC(3) - age   1:    3866776 bytes,    3866776 total
[2022-06-13T03:25:55.409+0000][1][gc,age       ] GC(3) - age   2:     294728 bytes,    4161504 total
[2022-06-13T03:25:55.409+0000][1][gc,age       ] GC(3) - age   3:    1142440 bytes,    5303944 total
[2022-06-13T03:25:55.410+0000][1][gc,heap      ] GC(3) ParNew: 74118K->6091K(78656K)
[2022-06-13T03:25:55.410+0000][1][gc,heap      ] GC(3) CMS: 6715K->6715K(174784K)
[2022-06-13T03:25:55.410+0000][1][gc,metaspace ] GC(3) Metaspace: 18552K->18552K(1067008K)
[2022-06-13T03:25:55.410+0000][1][gc           ] GC(3) Pause Young (Allocation Failure) 78M->12M(247M) 4.084ms
[2022-06-13T03:25:55.410+0000][1][gc,cpu       ] GC(3) User=0.03s Sys=0.00s Real=0.01s
[2022-06-13T03:25:55.410+0000][1][safepoint    ] Leaving safepoint region
[2022-06-13T03:25:55.410+0000][1][safepoint    ] Total time for which application threads were stopped: 0.0048019 seconds, Stopping threads took: 0.0002080 seconds
[2022-06-13T03:25:55.411+0000][1][safepoint    ] Application time: 0.0002317 seconds
[2022-06-13T03:25:55.411+0000][1][safepoint    ] Entering safepoint region: RevokeBias
[2022-06-13T03:25:55.411+0000][1][safepoint    ] Leaving safepoint region
[2022-06-13T03:25:55.411+0000][1][safepoint    ] Total time for which application threads were stopped: 0.0004572 seconds, Stopping threads took: 0.0001437 seconds
[2022-06-13T03:25:55.411+0000][1][safepoint    ] Application time: 0.0001122 seconds
[2022-06-13T03:25:55.412+0000][1][safepoint    ] Entering safepoint region: RevokeBias
[2022-06-13T03:25:55.412+0000][1][safepoint    ] Leaving safepoint region
[2022-06-13T03:25:55.412+0000][1][safepoint    ] Total time for which application threads were stopped: 0.0004361 seconds, Stopping threads took: 0.0002572 seconds
[2022-06-13T03:25:55.412+0000][1][safepoint    ] Application time: 0.0000816 seconds
[2022-06-13T03:25:55.412+0000][1][safepoint    ] Entering safepoint region: RevokeBias
[2022-06-13T03:25:55.413+0000][1][safepoint    ] Leaving safepoint region
[2022-06-13T03:25:55.413+0000][1][safepoint    ] Total time for which application threads were stopped: 0.0004023 seconds, Stopping threads took: 0.0002504 seconds
[2022-06-13T03:25:55.413+0000][1][safepoint    ] Application time: 0.0000672 seconds
[2022-06-13T03:25:55.413+0000][1][safepoint    ] Entering safepoint region: RevokeBias
[2022-06-13T03:25:55.413+0000][1][safepoint    ] Leaving safepoint region
[2022-06-13T03:25:55.413+0000][1][safepoint    ] Total time for which application threads were stopped: 0.0002441 seconds, Stopping threads took: 0.0001152 seconds
[2022-06-13T03:25:55.414+0000][1][safepoint    ] Application time: 0.0001056 seconds
[2022-06-13T03:25:55.414+0000][1][safepoint    ] Entering safepoint region: RevokeBias
[2022-06-13T03:25:55.414+0000][1][safepoint    ] Leaving safepoint region
[2022-06-13T03:25:55.414+0000][1][safepoint    ] Total time for which application threads were stopped: 0.0003022 seconds, Stopping threads took: 0.0001416 seconds
[2022-06-13T03:25:55.414+0000][1][safepoint    ] Application time: 0.0000764 seconds
[2022-06-13T03:25:55.414+0000][1][safepoint    ] Entering safepoint region: RevokeBias
[2022-06-13T03:25:55.414+0000][1][safepoint    ] Leaving safepoint region
[2022-06-13T03:25:55.415+0000][1][safepoint    ] Total time for which application threads were stopped: 0.0002724 seconds, Stopping threads took: 0.0001254 seconds
[2022-06-13T03:25:55.415+0000][1][safepoint    ] Application time: 0.0000828 seconds
[2022-06-13T03:25:55.415+0000][1][safepoint    ] Entering safepoint region: RevokeBias
[2022-06-13T03:25:55.415+0000][1][safepoint    ] Leaving safepoint region
[2022-06-13T03:25:55.415+0000][1][safepoint    ] Total time for which application threads were stopped: 0.0002962 seconds, Stopping threads took: 0.0001427 seconds
[2022-06-13T03:25:55.415+0000][1][safepoint    ] Application time: 0.0000952 seconds
[2022-06-13T03:25:55.416+0000][1][safepoint    ] Entering safepoint region: RevokeBias
[2022-06-13T03:25:55.416+0000][1][safepoint    ] Leaving safepoint region
[2022-06-13T03:25:55.416+0000][1][safepoint    ] Total time for which application threads were stopped: 0.0003544 seconds, Stopping threads took: 0.0001335 seconds
[2022-06-13T03:25:55.416+0000][1][safepoint    ] Application time: 0.0000933 seconds
[2022-06-13T03:25:55.416+0000][1][safepoint    ] Entering safepoint region: RevokeBias
[2022-06-13T03:25:55.416+0000][1][safepoint    ] Leaving safepoint region
[2022-06-13T03:25:55.417+0000][1][safepoint    ] Total time for which application threads were stopped: 0.0003177 seconds, Stopping threads took: 0.0001421 seconds
[2022-06-13T03:25:55.417+0000][1][safepoint    ] Application time: 0.0000859 seconds
[2022-06-13T03:25:55.417+0000][1][safepoint    ] Entering safepoint region: RevokeBias
[2022-06-13T03:25:55.417+0000][1][safepoint    ] Leaving safepoint region
[2022-06-13T03:25:55.417+0000][1][safepoint    ] Total time for which application threads were stopped: 0.0002810 seconds, Stopping threads took: 0.0001362 seconds
[2022-06-13T03:25:55.417+0000][1][safepoint    ] Application time: 0.0000939 seconds
[2022-06-13T03:25:55.418+0000][1][safepoint    ] Entering safepoint region: RevokeBias
[2022-06-13T03:25:55.418+0000][1][safepoint    ] Leaving safepoint region
[2022-06-13T03:25:55.418+0000][1][safepoint    ] Total time for which application threads were stopped: 0.0002906 seconds, Stopping threads took: 0.0001322 seconds
[2022-06-13T03:25:55.418+0000][1][safepoint    ] Application time: 0.0000914 seconds
[2022-06-13T03:25:55.418+0000][1][safepoint    ] Entering safepoint region: RevokeBias
[2022-06-13T03:25:55.418+0000][1][safepoint    ] Leaving safepoint region
[2022-06-13T03:25:55.418+0000][1][safepoint    ] Total time for which application threads were stopped: 0.0002956 seconds, Stopping threads took: 0.0001431 seconds
[2022-06-13T03:25:55.419+0000][1][safepoint    ] Application time: 0.0000855 seconds
[2022-06-13T03:25:55.419+0000][1][safepoint    ] Entering safepoint region: RevokeBias
[2022-06-13T03:25:55.419+0000][1][safepoint    ] Leaving safepoint region
[2022-06-13T03:25:55.419+0000][1][safepoint    ] Total time for which application threads were stopped: 0.0003743 seconds, Stopping threads took: 0.0001794 seconds
[2022-06-13T03:25:55.419+0000][1][safepoint    ] Application time: 0.0000815 seconds
[2022-06-13T03:25:55.420+0000][1][safepoint    ] Entering safepoint region: RevokeBias
[2022-06-13T03:25:55.420+0000][1][safepoint    ] Leaving safepoint region
[2022-06-13T03:25:55.420+0000][1][safepoint    ] Total time for which application threads were stopped: 0.0003170 seconds, Stopping threads took: 0.0001455 seconds
[2022-06-13T03:25:55.420+0000][1][safepoint    ] Application time: 0.0001130 seconds
[2022-06-13T03:25:55.420+0000][1][safepoint    ] Entering safepoint region: RevokeBias
[2022-06-13T03:25:55.420+0000][1][safepoint    ] Leaving safepoint region
[2022-06-13T03:25:55.421+0000][1][safepoint    ] Total time for which application threads were stopped: 0.0003032 seconds, Stopping threads took: 0.0001406 seconds
[2022-06-13T03:25:55.421+0000][1][safepoint    ] Application time: 0.0000815 seconds
[2022-06-13T03:25:55.421+0000][1][safepoint    ] Entering safepoint region: RevokeBias
[2022-06-13T03:25:55.421+0000][1][safepoint    ] Leaving safepoint region
[2022-06-13T03:25:55.421+0000][1][safepoint    ] Total time for which application threads were stopped: 0.0003600 seconds, Stopping threads took: 0.0001578 seconds
[2022-06-13T03:25:55.421+0000][1][safepoint    ] Application time: 0.0000916 seconds
[2022-06-13T03:25:55.422+0000][1][safepoint    ] Entering safepoint region: RevokeBias
[2022-06-13T03:25:55.422+0000][1][safepoint    ] Leaving safepoint region
[2022-06-13T03:25:55.422+0000][1][safepoint    ] Total time for which application threads were stopped: 0.0002986 seconds, Stopping threads took: 0.0001442 seconds
[2022-06-13T03:25:55.422+0000][1][safepoint    ] Application time: 0.0001373 seconds
[2022-06-13T03:25:55.422+0000][1][safepoint    ] Entering safepoint region: RevokeBias
[2022-06-13T03:25:55.423+0000][1][safepoint    ] Leaving safepoint region
[2022-06-13T03:25:55.423+0000][1][safepoint    ] Total time for which application threads were stopped: 0.0003823 seconds, Stopping threads took: 0.0001619 seconds
[2022-06-13T03:25:55.423+0000][1][safepoint    ] Application time: 0.0001026 seconds
[2022-06-13T03:25:55.423+0000][1][safepoint    ] Entering safepoint region: RevokeBias
[2022-06-13T03:25:55.423+0000][1][safepoint    ] Leaving safepoint region
[2022-06-13T03:25:55.423+0000][1][safepoint    ] Total time for which application threads were stopped: 0.0003008 seconds, Stopping threads took: 0.0001454 seconds
[2022-06-13T03:25:55.424+0000][1][safepoint    ] Application time: 0.0000999 seconds
[2022-06-13T03:25:55.424+0000][1][safepoint    ] Entering safepoint region: RevokeBias
[2022-06-13T03:25:55.424+0000][1][safepoint    ] Leaving safepoint region
[2022-06-13T03:25:55.424+0000][1][safepoint    ] Total time for which application threads were stopped: 0.0003411 seconds, Stopping threads took: 0.0001592 seconds
[2022-06-13T03:25:55.424+0000][1][safepoint    ] Application time: 0.0000944 seconds
[2022-06-13T03:25:55.424+0000][1][safepoint    ] Entering safepoint region: RevokeBias
[2022-06-13T03:25:55.424+0000][1][safepoint    ] Leaving safepoint region
[2022-06-13T03:25:55.425+0000][1][safepoint    ] Total time for which application threads were stopped: 0.0002787 seconds, Stopping threads took: 0.0001333 seconds
[2022-06-13T03:25:55.511+0000][1][safepoint    ] Application time: 0.0862394 seconds
[2022-06-13T03:25:55.511+0000][1][safepoint    ] Entering safepoint region: GenCollectForAllocation
[2022-06-13T03:25:55.511+0000][1][gc,start     ] GC(4) Pause Young (Allocation Failure)
[2022-06-13T03:25:55.512+0000][1][gc,task      ] GC(4) Using 5 workers of 13 for evacuation
[2022-06-13T03:25:55.515+0000][1][gc,age       ] GC(4) Desired survivor size 4456448 bytes, new threshold 2 (max threshold 6)
[2022-06-13T03:25:55.515+0000][1][gc,age       ] GC(4) Age table with threshold 2 (max threshold 6)
[2022-06-13T03:25:55.516+0000][1][gc,age       ] GC(4) - age   1:    1786240 bytes,    1786240 total
[2022-06-13T03:25:55.516+0000][1][gc,age       ] GC(4) - age   2:    3329440 bytes,    5115680 total
[2022-06-13T03:25:55.516+0000][1][gc,age       ] GC(4) - age   3:     294200 bytes,    5409880 total
[2022-06-13T03:25:55.516+0000][1][gc,heap      ] GC(4) ParNew: 76043K->7196K(78656K)
[2022-06-13T03:25:55.516+0000][1][gc,heap      ] GC(4) CMS: 6715K->7847K(174784K)
[2022-06-13T03:25:55.516+0000][1][gc,metaspace ] GC(4) Metaspace: 18744K->18744K(1067008K)
[2022-06-13T03:25:55.516+0000][1][gc           ] GC(4) Pause Young (Allocation Failure) 80M->14M(247M) 4.787ms
[2022-06-13T03:25:55.516+0000][1][gc,cpu       ] GC(4) User=0.02s Sys=0.00s Real=0.00s
[2022-06-13T03:25:55.516+0000][1][safepoint    ] Leaving safepoint region
[2022-06-13T03:25:55.517+0000][1][safepoint    ] Total time for which application threads were stopped: 0.0053690 seconds, Stopping threads took: 0.0001377 seconds
[2022-06-13T03:25:55.517+0000][1][safepoint    ] Application time: 0.0002540 seconds
[2022-06-13T03:25:55.517+0000][1][safepoint    ] Entering safepoint region: RevokeBias
[2022-06-13T03:25:55.517+0000][1][safepoint    ] Leaving safepoint region
[2022-06-13T03:25:55.518+0000][1][safepoint    ] Total time for which application threads were stopped: 0.0004221 seconds, Stopping threads took: 0.0002025 seconds
[2022-06-13T03:25:55.518+0000][1][safepoint    ] Application time: 0.0001084 seconds
[2022-06-13T03:25:55.518+0000][1][safepoint    ] Entering safepoint region: RevokeBias
[2022-06-13T03:25:55.518+0000][1][safepoint    ] Leaving safepoint region
[2022-06-13T03:25:55.518+0000][1][safepoint    ] Total time for which application threads were stopped: 0.0002905 seconds, Stopping threads took: 0.0001237 seconds
[2022-06-13T03:25:55.518+0000][1][safepoint    ] Application time: 0.0000933 seconds
[2022-06-13T03:25:55.519+0000][1][safepoint    ] Entering safepoint region: RevokeBias
[2022-06-13T03:25:55.519+0000][1][safepoint    ] Leaving safepoint region
[2022-06-13T03:25:55.519+0000][1][safepoint    ] Total time for which application threads were stopped: 0.0002976 seconds, Stopping threads took: 0.0001579 seconds
[2022-06-13T03:25:55.519+0000][1][safepoint    ] Application time: 0.0001039 seconds
[2022-06-13T03:25:55.519+0000][1][safepoint    ] Entering safepoint region: RevokeBias
[2022-06-13T03:25:55.519+0000][1][safepoint    ] Leaving safepoint region
[2022-06-13T03:25:55.520+0000][1][safepoint    ] Total time for which application threads were stopped: 0.0003126 seconds, Stopping threads took: 0.0001497 seconds
[2022-06-13T03:25:55.537+0000][1][safepoint    ] Application time: 0.0177916 seconds
[2022-06-13T03:25:55.538+0000][1][safepoint    ] Entering safepoint region: Deoptimize
[2022-06-13T03:25:55.539+0000][1][safepoint    ] Leaving safepoint region
[2022-06-13T03:25:55.539+0000][1][safepoint    ] Total time for which application threads were stopped: 0.0009229 seconds, Stopping threads took: 0.0001770 seconds
[2022-06-13T03:25:55.579+0000][1][safepoint    ] Application time: 0.0401190 seconds
[2022-06-13T03:25:55.579+0000][1][safepoint    ] Entering safepoint region: Deoptimize
[2022-06-13T03:25:55.580+0000][1][safepoint    ] Leaving safepoint region
[2022-06-13T03:25:55.581+0000][1][safepoint    ] Total time for which application threads were stopped: 0.0011732 seconds, Stopping threads took: 0.0002290 seconds
[2022-06-13T03:25:55.673+0000][1][safepoint    ] Application time: 0.0921404 seconds
[2022-06-13T03:25:55.673+0000][1][safepoint    ] Entering safepoint region: GenCollectForAllocation
[2022-06-13T03:25:55.674+0000][1][gc,start     ] GC(5) Pause Young (Allocation Failure)
[2022-06-13T03:25:55.674+0000][1][gc,task      ] GC(5) Using 5 workers of 13 for evacuation
[2022-06-13T03:25:55.678+0000][1][gc,age       ] GC(5) Desired survivor size 4456448 bytes, new threshold 6 (max threshold 6)
[2022-06-13T03:25:55.678+0000][1][gc,age       ] GC(5) Age table with threshold 6 (max threshold 6)
[2022-06-13T03:25:55.678+0000][1][gc,age       ] GC(5) - age   1:    2871152 bytes,    2871152 total
[2022-06-13T03:25:55.679+0000][1][gc,age       ] GC(5) - age   2:     446232 bytes,    3317384 total
[2022-06-13T03:25:55.679+0000][1][gc,heap      ] GC(5) ParNew: 77148K->6104K(78656K)
[2022-06-13T03:25:55.679+0000][1][gc,heap      ] GC(5) CMS: 7847K->11418K(174784K)
[2022-06-13T03:25:55.679+0000][1][gc,metaspace ] GC(5) Metaspace: 19086K->19086K(1067008K)
[2022-06-13T03:25:55.679+0000][1][gc           ] GC(5) Pause Young (Allocation Failure) 83M->17M(247M) 5.475ms
[2022-06-13T03:25:55.679+0000][1][gc,cpu       ] GC(5) User=0.06s Sys=0.00s Real=0.01s
[2022-06-13T03:25:55.679+0000][1][safepoint    ] Leaving safepoint region
[2022-06-13T03:25:55.680+0000][1][safepoint    ] Total time for which application threads were stopped: 0.0063190 seconds, Stopping threads took: 0.0002204 seconds
[2022-06-13T03:25:55.680+0000][1][safepoint    ] Application time: 0.0002002 seconds
[2022-06-13T03:25:55.680+0000][1][safepoint    ] Entering safepoint region: RevokeBias
[2022-06-13T03:25:55.680+0000][1][safepoint    ] Leaving safepoint region
[2022-06-13T03:25:55.681+0000][1][safepoint    ] Total time for which application threads were stopped: 0.0004138 seconds, Stopping threads took: 0.0002037 seconds
[2022-06-13T03:25:55.681+0000][1][safepoint    ] Application time: 0.0000896 seconds
[2022-06-13T03:25:55.681+0000][1][safepoint    ] Entering safepoint region: RevokeBias
[2022-06-13T03:25:55.681+0000][1][safepoint    ] Leaving safepoint region
[2022-06-13T03:25:55.681+0000][1][safepoint    ] Total time for which application threads were stopped: 0.0003499 seconds, Stopping threads took: 0.0001612 seconds
[2022-06-13T03:25:55.682+0000][1][safepoint    ] Application time: 0.0001047 seconds
[2022-06-13T03:25:55.682+0000][1][safepoint    ] Entering safepoint region: RevokeBias
[2022-06-13T03:25:55.682+0000][1][safepoint    ] Leaving safepoint region
[2022-06-13T03:25:55.682+0000][1][safepoint    ] Total time for which application threads were stopped: 0.0002762 seconds, Stopping threads took: 0.0001286 seconds
[2022-06-13T03:25:55.682+0000][1][safepoint    ] Application time: 0.0000849 seconds
[2022-06-13T03:25:55.682+0000][1][safepoint    ] Entering safepoint region: RevokeBias
[2022-06-13T03:25:55.683+0000][1][safepoint    ] Leaving safepoint region
[2022-06-13T03:25:55.683+0000][1][safepoint    ] Total time for which application threads were stopped: 0.0003730 seconds, Stopping threads took: 0.0002071 seconds
[2022-06-13T03:25:55.683+0000][1][safepoint    ] Application time: 0.0001452 seconds
[2022-06-13T03:25:55.683+0000][1][safepoint    ] Entering safepoint region: RevokeBias
[2022-06-13T03:25:55.683+0000][1][safepoint    ] Leaving safepoint region
[2022-06-13T03:25:55.683+0000][1][safepoint    ] Total time for which application threads were stopped: 0.0003252 seconds, Stopping threads took: 0.0001539 seconds
[2022-06-13T03:25:55.684+0000][1][safepoint    ] Application time: 0.0000921 seconds
[2022-06-13T03:25:55.684+0000][1][safepoint    ] Entering safepoint region: RevokeBias
[2022-06-13T03:25:55.684+0000][1][safepoint    ] Leaving safepoint region
[2022-06-13T03:25:55.684+0000][1][safepoint    ] Total time for which application threads were stopped: 0.0003336 seconds, Stopping threads took: 0.0001819 seconds
[2022-06-13T03:25:55.761+0000][1][safepoint    ] Application time: 0.0767758 seconds
[2022-06-13T03:25:55.761+0000][1][safepoint    ] Entering safepoint region: RevokeBias
[2022-06-13T03:25:55.762+0000][1][safepoint    ] Leaving safepoint region
[2022-06-13T03:25:55.762+0000][1][safepoint    ] Total time for which application threads were stopped: 0.0003979 seconds, Stopping threads took: 0.0001917 seconds
[2022-06-13T03:25:55.762+0000][1][safepoint    ] Application time: 0.0002212 seconds
[2022-06-13T03:25:55.762+0000][1][safepoint    ] Entering safepoint region: BulkRevokeBias
[2022-06-13T03:25:55.762+0000][1][safepoint    ] Leaving safepoint region
[2022-06-13T03:25:55.762+0000][1][safepoint    ] Total time for which application threads were stopped: 0.0003244 seconds, Stopping threads took: 0.0001306 seconds
[2022-06-13T03:25:55.785+0000][1][safepoint    ] Application time: 0.0227202 seconds
[2022-06-13T03:25:55.786+0000][1][safepoint    ] Entering safepoint region: GenCollectForAllocation
[2022-06-13T03:25:55.786+0000][1][gc,start     ] GC(6) Pause Young (Allocation Failure)
[2022-06-13T03:25:55.786+0000][1][gc,task      ] GC(6) Using 5 workers of 13 for evacuation
[2022-06-13T03:25:55.788+0000][1][gc,age       ] GC(6) Desired survivor size 4456448 bytes, new threshold 3 (max threshold 6)
[2022-06-13T03:25:55.788+0000][1][gc,age       ] GC(6) Age table with threshold 3 (max threshold 6)
[2022-06-13T03:25:55.788+0000][1][gc,age       ] GC(6) - age   1:    1845784 bytes,    1845784 total
[2022-06-13T03:25:55.788+0000][1][gc,age       ] GC(6) - age   2:    2195024 bytes,    4040808 total
[2022-06-13T03:25:55.789+0000][1][gc,age       ] GC(6) - age   3:     446232 bytes,    4487040 total
[2022-06-13T03:25:55.789+0000][1][gc,heap      ] GC(6) ParNew: 76056K->4815K(78656K)
[2022-06-13T03:25:55.789+0000][1][gc,heap      ] GC(6) CMS: 11418K->11418K(174784K)
[2022-06-13T03:25:55.789+0000][1][gc,metaspace ] GC(6) Metaspace: 19393K->19393K(1067008K)
[2022-06-13T03:25:55.789+0000][1][gc           ] GC(6) Pause Young (Allocation Failure) 85M->15M(247M) 3.255ms
[2022-06-13T03:25:55.789+0000][1][gc,cpu       ] GC(6) User=0.03s Sys=0.01s Real=0.01s
[2022-06-13T03:25:55.790+0000][1][safepoint    ] Leaving safepoint region
[2022-06-13T03:25:55.790+0000][1][safepoint    ] Total time for which application threads were stopped: 0.0039464 seconds, Stopping threads took: 0.0001898 seconds
[2022-06-13T03:25:55.790+0000][1][safepoint    ] Application time: 0.0001768 seconds
[2022-06-13T03:25:55.790+0000][1][safepoint    ] Entering safepoint region: BulkRevokeBias
[2022-06-13T03:25:55.790+0000][1][safepoint    ] Leaving safepoint region
[2022-06-13T03:25:55.790+0000][1][safepoint    ] Total time for which application threads were stopped: 0.0003745 seconds, Stopping threads took: 0.0001621 seconds
[2022-06-13T03:25:55.893+0000][1][safepoint    ] Application time: 0.1022818 seconds
[2022-06-13T03:25:55.893+0000][1][safepoint    ] Entering safepoint region: CollectForMetadataAllocation
[2022-06-13T03:25:55.894+0000][1][safepoint    ] Leaving safepoint region
[2022-06-13T03:25:55.894+0000][1][safepoint    ] Total time for which application threads were stopped: 0.0004951 seconds, Stopping threads took: 0.0001900 seconds
[2022-06-13T03:25:55.912+0000][1][safepoint    ] Application time: 0.0180182 seconds
[2022-06-13T03:25:55.912+0000][1][safepoint    ] Entering safepoint region: CollectForMetadataAllocation
[2022-06-13T03:25:55.912+0000][1][safepoint    ] Leaving safepoint region
[2022-06-13T03:25:55.913+0000][1][safepoint    ] Total time for which application threads were stopped: 0.0004549 seconds, Stopping threads took: 0.0001598 seconds
[2022-06-13T03:25:55.920+0000][1][safepoint    ] Application time: 0.0076736 seconds
[2022-06-13T03:25:55.921+0000][1][safepoint    ] Entering safepoint region: GenCollectForAllocation
[2022-06-13T03:25:55.921+0000][1][gc,start     ] GC(7) Pause Young (Allocation Failure)
[2022-06-13T03:25:55.921+0000][1][gc,task      ] GC(7) Using 5 workers of 13 for evacuation
[2022-06-13T03:25:55.923+0000][1][gc,age       ] GC(7) Desired survivor size 4456448 bytes, new threshold 6 (max threshold 6)
[2022-06-13T03:25:55.923+0000][1][gc,age       ] GC(7) Age table with threshold 6 (max threshold 6)
[2022-06-13T03:25:55.923+0000][1][gc,age       ] GC(7) - age   1:     765512 bytes,     765512 total
[2022-06-13T03:25:55.923+0000][1][gc,age       ] GC(7) - age   2:    1129712 bytes,    1895224 total
[2022-06-13T03:25:55.923+0000][1][gc,age       ] GC(7) - age   3:    2193016 bytes,    4088240 total
[2022-06-13T03:25:55.923+0000][1][gc,heap      ] GC(7) ParNew: 74767K->5904K(78656K)
[2022-06-13T03:25:55.923+0000][1][gc,heap      ] GC(7) CMS: 11418K->11857K(174784K)
[2022-06-13T03:25:55.923+0000][1][gc,metaspace ] GC(7) Metaspace: 20359K->20359K(1069056K)
[2022-06-13T03:25:55.923+0000][1][gc           ] GC(7) Pause Young (Allocation Failure) 84M->17M(247M) 2.667ms
[2022-06-13T03:25:55.924+0000][1][gc,cpu       ] GC(7) User=0.01s Sys=0.00s Real=0.00s
[2022-06-13T03:25:55.924+0000][1][safepoint    ] Leaving safepoint region
[2022-06-13T03:25:55.924+0000][1][safepoint    ] Total time for which application threads were stopped: 0.0031719 seconds, Stopping threads took: 0.0001388 seconds
[2022-06-13T03:25:55.924+0000][1][safepoint    ] Application time: 0.0001767 seconds
[2022-06-13T03:25:55.925+0000][1][safepoint    ] Entering safepoint region: CMS_Initial_Mark
[2022-06-13T03:25:55.925+0000][1][gc,start     ] GC(8) Pause Initial Mark
[2022-06-13T03:25:55.925+0000][1][gc           ] GC(8) Pause Initial Mark 18M->18M(247M) 0.493ms
[2022-06-13T03:25:55.925+0000][1][gc,cpu       ] GC(8) User=0.00s Sys=0.00s Real=0.00s
[2022-06-13T03:25:55.925+0000][1][safepoint    ] Leaving safepoint region
[2022-06-13T03:25:55.926+0000][1][safepoint    ] Total time for which application threads were stopped: 0.0013474 seconds, Stopping threads took: 0.0005218 seconds
[2022-06-13T03:25:55.926+0000][1][gc           ] GC(8) Concurrent Mark
[2022-06-13T03:25:55.926+0000][1][gc,task      ] GC(8) Using 4 workers of 4 for marking
[2022-06-13T03:25:55.931+0000][1][gc           ] GC(8) Concurrent Mark 5.017ms
[2022-06-13T03:25:55.931+0000][1][gc,cpu       ] GC(8) User=0.04s Sys=0.00s Real=0.01s
[2022-06-13T03:25:55.931+0000][1][gc           ] GC(8) Concurrent Preclean
[2022-06-13T03:25:55.932+0000][1][gc           ] GC(8) Concurrent Preclean 0.694ms
[2022-06-13T03:25:55.932+0000][1][gc,cpu       ] GC(8) User=0.00s Sys=0.00s Real=0.00s
[2022-06-13T03:25:55.932+0000][1][gc           ] GC(8) Concurrent Abortable Preclean
[2022-06-13T03:25:55.997+0000][1][safepoint    ] Application time: 0.0715612 seconds
[2022-06-13T03:25:55.998+0000][1][safepoint    ] Entering safepoint region: GenCollectForAllocation
[2022-06-13T03:25:55.998+0000][1][gc,start     ] GC(9) Pause Young (Allocation Failure)
[2022-06-13T03:25:55.998+0000][1][gc,task      ] GC(9) Using 5 workers of 13 for evacuation
[2022-06-13T03:25:56.000+0000][1][gc,age       ] GC(9) Desired survivor size 4456448 bytes, new threshold 4 (max threshold 6)
[2022-06-13T03:25:56.000+0000][1][gc,age       ] GC(9) Age table with threshold 4 (max threshold 6)
[2022-06-13T03:25:56.000+0000][1][gc,age       ] GC(9) - age   1:    1045816 bytes,    1045816 total
[2022-06-13T03:25:56.001+0000][1][gc,age       ] GC(9) - age   2:     704128 bytes,    1749944 total
[2022-06-13T03:25:56.001+0000][1][gc,age       ] GC(9) - age   3:    1129616 bytes,    2879560 total
[2022-06-13T03:25:56.001+0000][1][gc,age       ] GC(9) - age   4:    2192728 bytes,    5072288 total
[2022-06-13T03:25:56.001+0000][1][gc,heap      ] GC(9) ParNew: 75856K->5767K(78656K)
[2022-06-13T03:25:56.001+0000][1][gc,heap      ] GC(9) CMS: 11857K->11857K(174784K)
[2022-06-13T03:25:56.001+0000][1][gc,metaspace ] GC(9) Metaspace: 20450K->20450K(1069056K)
[2022-06-13T03:25:56.001+0000][1][gc           ] GC(9) Pause Young (Allocation Failure) 85M->17M(247M) 3.424ms
[2022-06-13T03:25:56.001+0000][1][gc,cpu       ] GC(9) User=0.02s Sys=0.00s Real=0.01s
[2022-06-13T03:25:56.001+0000][1][safepoint    ] Leaving safepoint region
[2022-06-13T03:25:56.001+0000][1][safepoint    ] Total time for which application threads were stopped: 0.0039795 seconds, Stopping threads took: 0.0002278 seconds
[2022-06-13T03:25:56.046+0000][1][safepoint    ] Application time: 0.0442549 seconds
[2022-06-13T03:25:56.046+0000][1][safepoint    ] Entering safepoint region: GenCollectForAllocation
[2022-06-13T03:25:56.046+0000][1][gc,start     ] GC(10) Pause Young (Allocation Failure)
[2022-06-13T03:25:56.047+0000][1][gc,task      ] GC(10) Using 5 workers of 13 for evacuation
[2022-06-13T03:25:56.049+0000][1][gc,age       ] GC(10) Desired survivor size 4456448 bytes, new threshold 6 (max threshold 6)
[2022-06-13T03:25:56.049+0000][1][gc,age       ] GC(10) Age table with threshold 6 (max threshold 6)
[2022-06-13T03:25:56.050+0000][1][gc,age       ] GC(10) - age   1:     700040 bytes,     700040 total
[2022-06-13T03:25:56.050+0000][1][gc,age       ] GC(10) - age   2:     291224 bytes,     991264 total
[2022-06-13T03:25:56.050+0000][1][gc,age       ] GC(10) - age   3:     704008 bytes,    1695272 total
[2022-06-13T03:25:56.050+0000][1][gc,age       ] GC(10) - age   4:    1129616 bytes,    2824888 total
[2022-06-13T03:25:56.050+0000][1][gc,heap      ] GC(10) ParNew: 75719K->5217K(78656K)
[2022-06-13T03:25:56.050+0000][1][gc,heap      ] GC(10) CMS: 11857K->14013K(174784K)
[2022-06-13T03:25:56.050+0000][1][gc,metaspace ] GC(10) Metaspace: 20559K->20559K(1069056K)
[2022-06-13T03:25:56.050+0000][1][gc           ] GC(10) Pause Young (Allocation Failure) 85M->18M(247M) 3.728ms
[2022-06-13T03:25:56.050+0000][1][gc,cpu       ] GC(10) User=0.04s Sys=0.00s Real=0.01s
[2022-06-13T03:25:56.050+0000][1][safepoint    ] Leaving safepoint region
[2022-06-13T03:25:56.050+0000][1][safepoint    ] Total time for which application threads were stopped: 0.0043624 seconds, Stopping threads took: 0.0001737 seconds
[2022-06-13T03:25:56.051+0000][1][gc           ] GC(8) Concurrent Abortable Preclean 118.619ms
[2022-06-13T03:25:56.051+0000][1][gc,cpu       ] GC(8) User=0.53s Sys=0.00s Real=0.12s
[2022-06-13T03:25:56.051+0000][1][safepoint    ] Application time: 0.0003778 seconds
[2022-06-13T03:25:56.051+0000][1][safepoint    ] Entering safepoint region: CMS_Final_Remark
[2022-06-13T03:25:56.051+0000][1][gc,start     ] GC(8) Pause Remark
[2022-06-13T03:25:56.057+0000][1][gc           ] GC(8) Pause Remark 20M->20M(247M) 5.385ms
[2022-06-13T03:25:56.057+0000][1][gc,cpu       ] GC(8) User=0.01s Sys=0.00s Real=0.00s
[2022-06-13T03:25:56.057+0000][1][safepoint    ] Leaving safepoint region
[2022-06-13T03:25:56.057+0000][1][safepoint    ] Total time for which application threads were stopped: 0.0062337 seconds, Stopping threads took: 0.0001800 seconds
[2022-06-13T03:25:56.058+0000][1][gc           ] GC(8) Concurrent Sweep
[2022-06-13T03:25:56.061+0000][1][gc           ] GC(8) Concurrent Sweep 3.542ms
[2022-06-13T03:25:56.061+0000][1][gc,cpu       ] GC(8) User=0.03s Sys=0.00s Real=0.01s
[2022-06-13T03:25:56.062+0000][1][gc           ] GC(8) Concurrent Reset
[2022-06-13T03:25:56.062+0000][1][gc           ] GC(8) Concurrent Reset 0.431ms
[2022-06-13T03:25:56.062+0000][1][gc,cpu       ] GC(8) User=0.00s Sys=0.00s Real=0.00s
[2022-06-13T03:25:56.062+0000][1][gc,heap      ] GC(8) Old: 11857K->13987K(174784K)
[2022-06-13T03:25:56.113+0000][1][safepoint    ] Application time: 0.0557007 seconds
[2022-06-13T03:25:56.114+0000][1][safepoint    ] Entering safepoint region: GenCollectForAllocation
[2022-06-13T03:25:56.114+0000][1][gc,start     ] GC(11) Pause Young (Allocation Failure)
[2022-06-13T03:25:56.115+0000][1][gc,task      ] GC(11) Using 5 workers of 13 for evacuation
[2022-06-13T03:25:56.117+0000][1][gc,age       ] GC(11) Desired survivor size 4456448 bytes, new threshold 6 (max threshold 6)
[2022-06-13T03:25:56.117+0000][1][gc,age       ] GC(11) Age table with threshold 6 (max threshold 6)
[2022-06-13T03:25:56.117+0000][1][gc,age       ] GC(11) - age   1:    2125336 bytes,    2125336 total
[2022-06-13T03:25:56.118+0000][1][gc,age       ] GC(11) - age   2:      99544 bytes,    2224880 total
[2022-06-13T03:25:56.118+0000][1][gc,age       ] GC(11) - age   3:     291224 bytes,    2516104 total
[2022-06-13T03:25:56.118+0000][1][gc,age       ] GC(11) - age   4:     703856 bytes,    3219960 total
[2022-06-13T03:25:56.118+0000][1][gc,age       ] GC(11) - age   5:    1129328 bytes,    4349288 total
[2022-06-13T03:25:56.119+0000][1][gc,heap      ] GC(11) ParNew: 75169K->5263K(78656K)
[2022-06-13T03:25:56.119+0000][1][gc,heap      ] GC(11) CMS: 13987K->13987K(174784K)
[2022-06-13T03:25:56.119+0000][1][gc,metaspace ] GC(11) Metaspace: 20638K->20638K(1069056K)
[2022-06-13T03:25:56.119+0000][1][gc           ] GC(11) Pause Young (Allocation Failure) 87M->18M(247M) 4.784ms
[2022-06-13T03:25:56.119+0000][1][gc,cpu       ] GC(11) User=0.02s Sys=0.00s Real=0.01s
[2022-06-13T03:25:56.119+0000][1][safepoint    ] Leaving safepoint region
[2022-06-13T03:25:56.120+0000][1][safepoint    ] Total time for which application threads were stopped: 0.0059966 seconds, Stopping threads took: 0.0002163 seconds
[2022-06-13T03:25:56.149+0000][1][safepoint    ] Application time: 0.0294287 seconds
[2022-06-13T03:25:56.149+0000][1][safepoint    ] Entering safepoint region: Deoptimize
[2022-06-13T03:25:56.150+0000][1][safepoint    ] Leaving safepoint region
[2022-06-13T03:25:56.151+0000][1][safepoint    ] Total time for which application threads were stopped: 0.0011308 seconds, Stopping threads took: 0.0003583 seconds
[2022-06-13T03:25:56.399+0000][1][safepoint    ] Application time: 0.2483517 seconds
[2022-06-13T03:25:56.399+0000][1][safepoint    ] Entering safepoint region: Deoptimize
[2022-06-13T03:25:56.400+0000][1][safepoint    ] Leaving safepoint region
[2022-06-13T03:25:56.400+0000][1][safepoint    ] Total time for which application threads were stopped: 0.0010095 seconds, Stopping threads took: 0.0001544 seconds
[2022-06-13T03:25:56.401+0000][1][safepoint    ] Application time: 0.0003810 seconds
[2022-06-13T03:25:56.401+0000][1][safepoint    ] Entering safepoint region: Deoptimize
[2022-06-13T03:25:56.402+0000][1][safepoint    ] Leaving safepoint region
[2022-06-13T03:25:56.402+0000][1][safepoint    ] Total time for which application threads were stopped: 0.0006517 seconds, Stopping threads took: 0.0001269 seconds
[2022-06-13T03:25:56.410+0000][1][safepoint    ] Application time: 0.0084234 seconds
[2022-06-13T03:25:56.411+0000][1][safepoint    ] Entering safepoint region: Deoptimize
[2022-06-13T03:25:56.411+0000][1][safepoint    ] Leaving safepoint region
[2022-06-13T03:25:56.411+0000][1][safepoint    ] Total time for which application threads were stopped: 0.0007043 seconds, Stopping threads took: 0.0001622 seconds
[2022-06-13T03:25:56.414+0000][1][safepoint    ] Application time: 0.0031236 seconds
[2022-06-13T03:25:56.415+0000][1][safepoint    ] Entering safepoint region: Deoptimize
[2022-06-13T03:25:56.415+0000][1][safepoint    ] Leaving safepoint region
[2022-06-13T03:25:56.415+0000][1][safepoint    ] Total time for which application threads were stopped: 0.0007637 seconds, Stopping threads took: 0.0001604 seconds
[2022-06-13T03:25:56.526+0000][1][safepoint    ] Application time: 0.1099459 seconds
[2022-06-13T03:25:56.528+0000][1][safepoint    ] Entering safepoint region: GenCollectForAllocation
[2022-06-13T03:25:56.528+0000][1][gc,start     ] GC(12) Pause Young (Allocation Failure)
[2022-06-13T03:25:56.528+0000][1][gc,task      ] GC(12) Using 5 workers of 13 for evacuation
[2022-06-13T03:25:56.534+0000][1][gc,age       ] GC(12) Desired survivor size 4456448 bytes, new threshold 2 (max threshold 6)
[2022-06-13T03:25:56.534+0000][1][gc,age       ] GC(12) Age table with threshold 2 (max threshold 6)
[2022-06-13T03:25:56.535+0000][1][gc,age       ] GC(12) - age   1:    4397264 bytes,    4397264 total
[2022-06-13T03:25:56.535+0000][1][gc,age       ] GC(12) - age   2:     344680 bytes,    4741944 total
[2022-06-13T03:25:56.535+0000][1][gc,age       ] GC(12) - age   3:      99248 bytes,    4841192 total
[2022-06-13T03:25:56.535+0000][1][gc,age       ] GC(12) - age   4:     291224 bytes,    5132416 total
[2022-06-13T03:25:56.536+0000][1][gc,age       ] GC(12) - age   5:     698496 bytes,    5830912 total
[2022-06-13T03:25:56.536+0000][1][gc,age       ] GC(12) - age   6:    1129168 bytes,    6960080 total
[2022-06-13T03:25:56.536+0000][1][gc,heap      ] GC(12) ParNew: 75215K->8499K(78656K)
[2022-06-13T03:25:56.536+0000][1][gc,heap      ] GC(12) CMS: 13987K->13987K(174784K)
[2022-06-13T03:25:56.536+0000][1][gc,metaspace ] GC(12) Metaspace: 26479K->26479K(1073152K)
[2022-06-13T03:25:56.537+0000][1][gc           ] GC(12) Pause Young (Allocation Failure) 87M->21M(247M) 8.308ms
[2022-06-13T03:25:56.537+0000][1][gc,cpu       ] GC(12) User=0.06s Sys=0.00s Real=0.01s
[2022-06-13T03:25:56.537+0000][1][safepoint    ] Leaving safepoint region
[2022-06-13T03:25:56.537+0000][1][safepoint    ] Total time for which application threads were stopped: 0.0111062 seconds, Stopping threads took: 0.0022990 seconds
[2022-06-13T03:25:56.937+0000][1][safepoint    ] Application time: 0.3999608 seconds
[2022-06-13T03:25:56.937+0000][1][safepoint    ] Entering safepoint region: Deoptimize
[2022-06-13T03:25:56.939+0000][1][safepoint    ] Leaving safepoint region
[2022-06-13T03:25:56.939+0000][1][safepoint    ] Total time for which application threads were stopped: 0.0017008 seconds, Stopping threads took: 0.0004699 seconds
[2022-06-13T03:25:57.237+0000][1][safepoint    ] Application time: 0.2981503 seconds
[2022-06-13T03:25:57.238+0000][1][safepoint    ] Entering safepoint region: GenCollectForAllocation
[2022-06-13T03:25:57.239+0000][1][gc,start     ] GC(13) Pause Young (Allocation Failure)
[2022-06-13T03:25:57.240+0000][1][gc,task      ] GC(13) Using 5 workers of 13 for evacuation
[2022-06-13T03:25:57.270+0000][1][gc,age       ] GC(13) Desired survivor size 4456448 bytes, new threshold 1 (max threshold 6)
[2022-06-13T03:25:57.270+0000][1][gc,age       ] GC(13) Age table with threshold 1 (max threshold 6)
[2022-06-13T03:25:57.270+0000][1][gc,age       ] GC(13) - age   1:    4854136 bytes,    4854136 total
[2022-06-13T03:25:57.270+0000][1][gc,age       ] GC(13) - age   2:    4057112 bytes,    8911248 total
[2022-06-13T03:25:57.271+0000][1][gc,heap      ] GC(13) ParNew: 78451K->8704K(78656K)
[2022-06-13T03:25:57.271+0000][1][gc,heap      ] GC(13) CMS: 13987K->25692K(174784K)
[2022-06-13T03:25:57.271+0000][1][gc,metaspace ] GC(13) Metaspace: 27126K->27126K(1075200K)
[2022-06-13T03:25:57.271+0000][1][gc           ] GC(13) Pause Young (Allocation Failure) 90M->33M(247M) 32.411ms
[2022-06-13T03:25:57.271+0000][1][gc,cpu       ] GC(13) User=0.31s Sys=0.00s Real=0.04s
[2022-06-13T03:25:57.272+0000][1][safepoint    ] Leaving safepoint region
[2022-06-13T03:25:57.272+0000][1][safepoint    ] Total time for which application threads were stopped: 0.0338149 seconds, Stopping threads took: 0.0006995 seconds
[2022-06-13T03:25:57.302+0000][1][safepoint    ] Application time: 0.0298717 seconds
[2022-06-13T03:25:57.302+0000][1][safepoint    ] Entering safepoint region: RevokeBias
[2022-06-13T03:25:57.303+0000][1][safepoint    ] Leaving safepoint region
[2022-06-13T03:25:57.303+0000][1][safepoint    ] Total time for which application threads were stopped: 0.0004245 seconds, Stopping threads took: 0.0001978 seconds
[2022-06-13T03:25:57.624+0000][1][safepoint    ] Application time: 0.3206531 seconds
[2022-06-13T03:25:57.624+0000][1][safepoint    ] Entering safepoint region: GenCollectForAllocation
[2022-06-13T03:25:57.624+0000][1][gc,start     ] GC(14) Pause Young (Allocation Failure)
[2022-06-13T03:25:57.624+0000][1][gc,task      ] GC(14) Using 5 workers of 13 for evacuation
[2022-06-13T03:25:57.641+0000][1][gc,age       ] GC(14) Desired survivor size 4456448 bytes, new threshold 1 (max threshold 6)
[2022-06-13T03:25:57.675+0000][1][gc,age       ] GC(14) Age table with threshold 1 (max threshold 6)
[2022-06-13T03:25:57.675+0000][1][gc,age       ] GC(14) - age   1:    8915096 bytes,    8915096 total
[2022-06-13T03:25:57.675+0000][1][gc,heap      ] GC(14) ParNew: 78656K->8704K(78656K)
[2022-06-13T03:25:57.676+0000][1][gc,heap      ] GC(14) CMS: 25692K->39822K(174784K)
[2022-06-13T03:25:57.676+0000][1][gc,metaspace ] GC(14) Metaspace: 27190K->27190K(1075200K)
[2022-06-13T03:25:57.676+0000][1][gc           ] GC(14) Pause Young (Allocation Failure) 101M->47M(247M) 51.796ms
[2022-06-13T03:25:57.676+0000][1][gc,cpu       ] GC(14) User=0.10s Sys=0.01s Real=0.05s
[2022-06-13T03:25:57.676+0000][1][safepoint    ] Leaving safepoint region
[2022-06-13T03:25:57.676+0000][1][safepoint    ] Total time for which application threads were stopped: 0.0524048 seconds, Stopping threads took: 0.0001338 seconds
[2022-06-13T03:25:57.946+0000][1][safepoint    ] Application time: 0.2692964 seconds
[2022-06-13T03:25:57.946+0000][1][safepoint    ] Entering safepoint region: RevokeBias
[2022-06-13T03:25:57.946+0000][1][safepoint    ] Leaving safepoint region
[2022-06-13T03:25:57.946+0000][1][safepoint    ] Total time for which application threads were stopped: 0.0003869 seconds, Stopping threads took: 0.0001415 seconds
[2022-06-13T03:25:58.072+0000][1][safepoint    ] Application time: 0.1258409 seconds
[2022-06-13T03:25:58.072+0000][1][safepoint    ] Entering safepoint region: GenCollectForAllocation
[2022-06-13T03:25:58.073+0000][1][gc,start     ] GC(15) Pause Young (Allocation Failure)
[2022-06-13T03:25:58.073+0000][1][gc,task      ] GC(15) Using 5 workers of 13 for evacuation
[2022-06-13T03:25:58.083+0000][1][gc,age       ] GC(15) Desired survivor size 4456448 bytes, new threshold 1 (max threshold 6)
[2022-06-13T03:25:58.083+0000][1][gc,age       ] GC(15) Age table with threshold 1 (max threshold 6)
[2022-06-13T03:25:58.083+0000][1][gc,age       ] GC(15) - age   1:    6554912 bytes,    6554912 total
[2022-06-13T03:25:58.084+0000][1][gc,heap      ] GC(15) ParNew: 78656K->8704K(78656K)
[2022-06-13T03:25:58.084+0000][1][gc,heap      ] GC(15) CMS: 39822K->49293K(174784K)
[2022-06-13T03:25:58.084+0000][1][gc,metaspace ] GC(15) Metaspace: 32564K->32564K(1079296K)
[2022-06-13T03:25:58.084+0000][1][gc           ] GC(15) Pause Young (Allocation Failure) 115M->56M(247M) 11.251ms
[2022-06-13T03:25:58.084+0000][1][gc,cpu       ] GC(15) User=0.06s Sys=0.00s Real=0.01s
[2022-06-13T03:25:58.084+0000][1][safepoint    ] Leaving safepoint region
[2022-06-13T03:25:58.084+0000][1][safepoint    ] Total time for which application threads were stopped: 0.0117827 seconds, Stopping threads took: 0.0001345 seconds
[2022-06-13T03:25:58.148+0000][1][safepoint    ] Application time: 0.0636249 seconds
[2022-06-13T03:25:58.148+0000][1][safepoint    ] Entering safepoint region: GenCollectForAllocation
[2022-06-13T03:25:58.148+0000][1][gc,start     ] GC(16) Pause Young (Allocation Failure)
[2022-06-13T03:25:58.149+0000][1][gc,task      ] GC(16) Using 5 workers of 13 for evacuation
[2022-06-13T03:25:58.154+0000][1][gc,age       ] GC(16) Desired survivor size 4456448 bytes, new threshold 6 (max threshold 6)
[2022-06-13T03:25:58.154+0000][1][gc,age       ] GC(16) Age table with threshold 6 (max threshold 6)
[2022-06-13T03:25:58.154+0000][1][gc,age       ] GC(16) - age   1:     261720 bytes,     261720 total
[2022-06-13T03:25:58.155+0000][1][gc,heap      ] GC(16) ParNew: 78656K->6933K(78656K)
[2022-06-13T03:25:58.155+0000][1][gc,heap      ] GC(16) CMS: 49293K->55744K(174784K)
[2022-06-13T03:25:58.155+0000][1][gc,metaspace ] GC(16) Metaspace: 32952K->32952K(1079296K)
[2022-06-13T03:25:58.155+0000][1][gc           ] GC(16) Pause Young (Allocation Failure) 124M->61M(247M) 6.794ms
[2022-06-13T03:25:58.155+0000][1][gc,cpu       ] GC(16) User=0.03s Sys=0.01s Real=0.01s
[2022-06-13T03:25:58.155+0000][1][safepoint    ] Leaving safepoint region
[2022-06-13T03:25:58.156+0000][1][safepoint    ] Total time for which application threads were stopped: 0.0075499 seconds, Stopping threads took: 0.0001408 seconds
[2022-06-13T03:25:58.237+0000][1][safepoint    ] Application time: 0.0813584 seconds
[2022-06-13T03:25:58.238+0000][1][safepoint    ] Entering safepoint region: CollectForMetadataAllocation
[2022-06-13T03:25:58.238+0000][1][safepoint    ] Leaving safepoint region
[2022-06-13T03:25:58.238+0000][1][safepoint    ] Total time for which application threads were stopped: 0.0004496 seconds, Stopping threads took: 0.0001390 seconds
[2022-06-13T03:25:58.267+0000][1][safepoint    ] Application time: 0.0286176 seconds
[2022-06-13T03:25:58.267+0000][1][safepoint    ] Entering safepoint region: CollectForMetadataAllocation
[2022-06-13T03:25:58.267+0000][1][safepoint    ] Leaving safepoint region
[2022-06-13T03:25:58.267+0000][1][safepoint    ] Total time for which application threads were stopped: 0.0003063 seconds, Stopping threads took: 0.0000976 seconds
[2022-06-13T03:25:58.280+0000][1][safepoint    ] Application time: 0.0128481 seconds
[2022-06-13T03:25:58.280+0000][1][safepoint    ] Entering safepoint region: CollectForMetadataAllocation
[2022-06-13T03:25:58.281+0000][1][safepoint    ] Leaving safepoint region
[2022-06-13T03:25:58.281+0000][1][safepoint    ] Total time for which application threads were stopped: 0.0007541 seconds, Stopping threads took: 0.0001126 seconds
[2022-06-13T03:25:58.289+0000][1][safepoint    ] Application time: 0.0076457 seconds
[2022-06-13T03:25:58.289+0000][1][safepoint    ] Entering safepoint region: CollectForMetadataAllocation
[2022-06-13T03:25:58.289+0000][1][safepoint    ] Leaving safepoint region
[2022-06-13T03:25:58.290+0000][1][safepoint    ] Total time for which application threads were stopped: 0.0005312 seconds, Stopping threads took: 0.0002143 seconds
[2022-06-13T03:25:58.297+0000][1][safepoint    ] Application time: 0.0072888 seconds
[2022-06-13T03:25:58.297+0000][1][safepoint    ] Entering safepoint region: CollectForMetadataAllocation
[2022-06-13T03:25:58.298+0000][1][safepoint    ] Leaving safepoint region
[2022-06-13T03:25:58.298+0000][1][safepoint    ] Total time for which application threads were stopped: 0.0008402 seconds, Stopping threads took: 0.0001548 seconds
[2022-06-13T03:25:58.309+0000][1][safepoint    ] Application time: 0.0107284 seconds
[2022-06-13T03:25:58.309+0000][1][safepoint    ] Entering safepoint region: CollectForMetadataAllocation
[2022-06-13T03:25:58.309+0000][1][safepoint    ] Leaving safepoint region
[2022-06-13T03:25:58.310+0000][1][safepoint    ] Total time for which application threads were stopped: 0.0003246 seconds, Stopping threads took: 0.0001074 seconds
[2022-06-13T03:25:58.321+0000][1][safepoint    ] Application time: 0.0110932 seconds
[2022-06-13T03:25:58.321+0000][1][safepoint    ] Entering safepoint region: CollectForMetadataAllocation
[2022-06-13T03:25:58.322+0000][1][safepoint    ] Leaving safepoint region
[2022-06-13T03:25:58.322+0000][1][safepoint    ] Total time for which application threads were stopped: 0.0010156 seconds, Stopping threads took: 0.0004270 seconds
[2022-06-13T03:25:58.332+0000][1][safepoint    ] Application time: 0.0091263 seconds
[2022-06-13T03:25:58.332+0000][1][safepoint    ] Entering safepoint region: CollectForMetadataAllocation
[2022-06-13T03:25:58.333+0000][1][safepoint    ] Leaving safepoint region
[2022-06-13T03:25:58.333+0000][1][safepoint    ] Total time for which application threads were stopped: 0.0008984 seconds, Stopping threads took: 0.0004617 seconds
[2022-06-13T03:25:58.346+0000][1][safepoint    ] Application time: 0.0127435 seconds
[2022-06-13T03:25:58.347+0000][1][safepoint    ] Entering safepoint region: CollectForMetadataAllocation
[2022-06-13T03:25:58.347+0000][1][safepoint    ] Leaving safepoint region
[2022-06-13T03:25:58.348+0000][1][safepoint    ] Total time for which application threads were stopped: 0.0009566 seconds, Stopping threads took: 0.0004019 seconds
[2022-06-13T03:25:58.364+0000][1][safepoint    ] Application time: 0.0159006 seconds
[2022-06-13T03:25:58.364+0000][1][safepoint    ] Entering safepoint region: CollectForMetadataAllocation
[2022-06-13T03:25:58.365+0000][1][safepoint    ] Leaving safepoint region
[2022-06-13T03:25:58.365+0000][1][safepoint    ] Total time for which application threads were stopped: 0.0004216 seconds, Stopping threads took: 0.0001741 seconds
[2022-06-13T03:25:58.371+0000][1][safepoint    ] Application time: 0.0066580 seconds
[2022-06-13T03:25:58.372+0000][1][safepoint    ] Entering safepoint region: RevokeBias
[2022-06-13T03:25:58.372+0000][1][safepoint    ] Leaving safepoint region
[2022-06-13T03:25:58.372+0000][1][safepoint    ] Total time for which application threads were stopped: 0.0004108 seconds, Stopping threads took: 0.0002119 seconds
[2022-06-13T03:25:58.376+0000][1][safepoint    ] Application time: 0.0035368 seconds
[2022-06-13T03:25:58.376+0000][1][safepoint    ] Entering safepoint region: RevokeBias
[2022-06-13T03:25:58.376+0000][1][safepoint    ] Leaving safepoint region
[2022-06-13T03:25:58.377+0000][1][safepoint    ] Total time for which application threads were stopped: 0.0006752 seconds, Stopping threads took: 0.0003213 seconds
[2022-06-13T03:25:58.379+0000][1][safepoint    ] Application time: 0.0024996 seconds
[2022-06-13T03:25:58.380+0000][1][safepoint    ] Entering safepoint region: CollectForMetadataAllocation
[2022-06-13T03:25:58.380+0000][1][safepoint    ] Leaving safepoint region
[2022-06-13T03:25:58.381+0000][1][safepoint    ] Total time for which application threads were stopped: 0.0007688 seconds, Stopping threads took: 0.0002625 seconds
[2022-06-13T03:25:58.381+0000][1][safepoint    ] Application time: 0.0002933 seconds
[2022-06-13T03:25:58.382+0000][1][safepoint    ] Entering safepoint region: CollectForMetadataAllocation
[2022-06-13T03:25:58.382+0000][1][safepoint    ] Leaving safepoint region
[2022-06-13T03:25:58.382+0000][1][safepoint    ] Total time for which application threads were stopped: 0.0007041 seconds, Stopping threads took: 0.0002989 seconds
[2022-06-13T03:25:58.386+0000][1][safepoint    ] Application time: 0.0033527 seconds
[2022-06-13T03:25:58.386+0000][1][safepoint    ] Entering safepoint region: RevokeBias
[2022-06-13T03:25:58.386+0000][1][safepoint    ] Leaving safepoint region
[2022-06-13T03:25:58.387+0000][1][safepoint    ] Total time for which application threads were stopped: 0.0005038 seconds, Stopping threads took: 0.0002375 seconds
[2022-06-13T03:25:58.393+0000][1][safepoint    ] Application time: 0.0058856 seconds
[2022-06-13T03:25:58.393+0000][1][safepoint    ] Entering safepoint region: RevokeBias
[2022-06-13T03:25:58.394+0000][1][safepoint    ] Leaving safepoint region
[2022-06-13T03:25:58.394+0000][1][safepoint    ] Total time for which application threads were stopped: 0.0010079 seconds, Stopping threads took: 0.0005083 seconds
[2022-06-13T03:25:58.401+0000][1][safepoint    ] Application time: 0.0060162 seconds
[2022-06-13T03:25:58.401+0000][1][safepoint    ] Entering safepoint region: CollectForMetadataAllocation
[2022-06-13T03:25:58.402+0000][1][safepoint    ] Leaving safepoint region
[2022-06-13T03:25:58.403+0000][1][safepoint    ] Total time for which application threads were stopped: 0.0015061 seconds, Stopping threads took: 0.0005449 seconds
[2022-06-13T03:25:58.419+0000][1][safepoint    ] Application time: 0.0153144 seconds
[2022-06-13T03:25:58.419+0000][1][safepoint    ] Entering safepoint region: CollectForMetadataAllocation
[2022-06-13T03:25:58.419+0000][1][safepoint    ] Leaving safepoint region
[2022-06-13T03:25:58.420+0000][1][safepoint    ] Total time for which application threads were stopped: 0.0006163 seconds, Stopping threads took: 0.0002010 seconds
[2022-06-13T03:25:58.436+0000][1][safepoint    ] Application time: 0.0156935 seconds
[2022-06-13T03:25:58.436+0000][1][safepoint    ] Entering safepoint region: CollectForMetadataAllocation
[2022-06-13T03:25:58.436+0000][1][safepoint    ] Leaving safepoint region
[2022-06-13T03:25:58.437+0000][1][safepoint    ] Total time for which application threads were stopped: 0.0005932 seconds, Stopping threads took: 0.0002779 seconds
[2022-06-13T03:25:58.453+0000][1][safepoint    ] Application time: 0.0161043 seconds
[2022-06-13T03:25:58.453+0000][1][safepoint    ] Entering safepoint region: CollectForMetadataAllocation
[2022-06-13T03:25:58.454+0000][1][safepoint    ] Leaving safepoint region
[2022-06-13T03:25:58.454+0000][1][safepoint    ] Total time for which application threads were stopped: 0.0009031 seconds, Stopping threads took: 0.0004191 seconds
[2022-06-13T03:25:58.462+0000][1][safepoint    ] Application time: 0.0079314 seconds
[2022-06-13T03:25:58.463+0000][1][safepoint    ] Entering safepoint region: CollectForMetadataAllocation
[2022-06-13T03:25:58.463+0000][1][safepoint    ] Leaving safepoint region
[2022-06-13T03:25:58.463+0000][1][safepoint    ] Total time for which application threads were stopped: 0.0003371 seconds, Stopping threads took: 0.0001345 seconds
[2022-06-13T03:25:58.479+0000][1][safepoint    ] Application time: 0.0154903 seconds
[2022-06-13T03:25:58.479+0000][1][safepoint    ] Entering safepoint region: CollectForMetadataAllocation
[2022-06-13T03:25:58.479+0000][1][safepoint    ] Leaving safepoint region
[2022-06-13T03:25:58.480+0000][1][safepoint    ] Total time for which application threads were stopped: 0.0007183 seconds, Stopping threads took: 0.0003777 seconds
[2022-06-13T03:25:58.495+0000][1][safepoint    ] Application time: 0.0154099 seconds
[2022-06-13T03:25:58.496+0000][1][safepoint    ] Entering safepoint region: CollectForMetadataAllocation
[2022-06-13T03:25:58.496+0000][1][safepoint    ] Leaving safepoint region
[2022-06-13T03:25:58.496+0000][1][safepoint    ] Total time for which application threads were stopped: 0.0004037 seconds, Stopping threads took: 0.0001659 seconds
[2022-06-13T03:25:58.514+0000][1][safepoint    ] Application time: 0.0174226 seconds
[2022-06-13T03:25:58.514+0000][1][safepoint    ] Entering safepoint region: CollectForMetadataAllocation
[2022-06-13T03:25:58.514+0000][1][safepoint    ] Leaving safepoint region
[2022-06-13T03:25:58.514+0000][1][safepoint    ] Total time for which application threads were stopped: 0.0002987 seconds, Stopping threads took: 0.0001067 seconds
[2022-06-13T03:25:58.526+0000][1][safepoint    ] Application time: 0.0116809 seconds
[2022-06-13T03:25:58.526+0000][1][safepoint    ] Entering safepoint region: CollectForMetadataAllocation
[2022-06-13T03:25:58.526+0000][1][safepoint    ] Leaving safepoint region
[2022-06-13T03:25:58.527+0000][1][safepoint    ] Total time for which application threads were stopped: 0.0004484 seconds, Stopping threads took: 0.0001957 seconds
[2022-06-13T03:25:58.535+0000][1][safepoint    ] Application time: 0.0079733 seconds
[2022-06-13T03:25:58.535+0000][1][safepoint    ] Entering safepoint region: CollectForMetadataAllocation
[2022-06-13T03:25:58.535+0000][1][safepoint    ] Leaving safepoint region
[2022-06-13T03:25:58.536+0000][1][safepoint    ] Total time for which application threads were stopped: 0.0004107 seconds, Stopping threads took: 0.0001998 seconds
[2022-06-13T03:25:58.558+0000][1][safepoint    ] Application time: 0.0218145 seconds
[2022-06-13T03:25:58.558+0000][1][safepoint    ] Entering safepoint region: CollectForMetadataAllocation
[2022-06-13T03:25:58.558+0000][1][safepoint    ] Leaving safepoint region
[2022-06-13T03:25:58.559+0000][1][safepoint    ] Total time for which application threads were stopped: 0.0008192 seconds, Stopping threads took: 0.0003455 seconds
[2022-06-13T03:25:58.572+0000][1][safepoint    ] Application time: 0.0126894 seconds
[2022-06-13T03:25:58.572+0000][1][safepoint    ] Entering safepoint region: CollectForMetadataAllocation
[2022-06-13T03:25:58.572+0000][1][safepoint    ] Leaving safepoint region
[2022-06-13T03:25:58.573+0000][1][safepoint    ] Total time for which application threads were stopped: 0.0006632 seconds, Stopping threads took: 0.0003209 seconds
[2022-06-13T03:25:58.587+0000][1][safepoint    ] Application time: 0.0138492 seconds
[2022-06-13T03:25:58.587+0000][1][safepoint    ] Entering safepoint region: CollectForMetadataAllocation
[2022-06-13T03:25:58.588+0000][1][safepoint    ] Leaving safepoint region
[2022-06-13T03:25:58.588+0000][1][safepoint    ] Total time for which application threads were stopped: 0.0012354 seconds, Stopping threads took: 0.0004093 seconds
[2022-06-13T03:25:58.611+0000][1][safepoint    ] Application time: 0.0222634 seconds
[2022-06-13T03:25:58.611+0000][1][safepoint    ] Entering safepoint region: CollectForMetadataAllocation
[2022-06-13T03:25:58.612+0000][1][safepoint    ] Leaving safepoint region
[2022-06-13T03:25:58.612+0000][1][safepoint    ] Total time for which application threads were stopped: 0.0008345 seconds, Stopping threads took: 0.0003977 seconds
[2022-06-13T03:25:58.624+0000][1][safepoint    ] Application time: 0.0116440 seconds
[2022-06-13T03:25:58.625+0000][1][safepoint    ] Entering safepoint region: CollectForMetadataAllocation
[2022-06-13T03:25:58.625+0000][1][safepoint    ] Leaving safepoint region
[2022-06-13T03:25:58.625+0000][1][safepoint    ] Total time for which application threads were stopped: 0.0006849 seconds, Stopping threads took: 0.0002031 seconds
[2022-06-13T03:25:58.644+0000][1][safepoint    ] Application time: 0.0185747 seconds
[2022-06-13T03:25:58.645+0000][1][safepoint    ] Entering safepoint region: CollectForMetadataAllocation
[2022-06-13T03:25:58.645+0000][1][safepoint    ] Leaving safepoint region
[2022-06-13T03:25:58.646+0000][1][safepoint    ] Total time for which application threads were stopped: 0.0009538 seconds, Stopping threads took: 0.0002429 seconds
[2022-06-13T03:25:58.650+0000][1][safepoint    ] Application time: 0.0040433 seconds
[2022-06-13T03:25:58.650+0000][1][safepoint    ] Entering safepoint region: RevokeBias
[2022-06-13T03:25:58.650+0000][1][safepoint    ] Leaving safepoint region
[2022-06-13T03:25:58.651+0000][1][safepoint    ] Total time for which application threads were stopped: 0.0004545 seconds, Stopping threads took: 0.0001472 seconds
[2022-06-13T03:25:58.656+0000][1][safepoint    ] Application time: 0.0055290 seconds
[2022-06-13T03:25:58.656+0000][1][safepoint    ] Entering safepoint region: CollectForMetadataAllocation
[2022-06-13T03:25:58.657+0000][1][safepoint    ] Leaving safepoint region
[2022-06-13T03:25:58.657+0000][1][safepoint    ] Total time for which application threads were stopped: 0.0007705 seconds, Stopping threads took: 0.0003326 seconds
[2022-06-13T03:25:58.805+0000][1][safepoint    ] Application time: 0.1478797 seconds
[2022-06-13T03:25:58.806+0000][1][safepoint    ] Entering safepoint region: CollectForMetadataAllocation
[2022-06-13T03:25:58.806+0000][1][safepoint    ] Leaving safepoint region
[2022-06-13T03:25:58.806+0000][1][safepoint    ] Total time for which application threads were stopped: 0.0005916 seconds, Stopping threads took: 0.0002458 seconds
[2022-06-13T03:25:59.028+0000][1][safepoint    ] Application time: 0.2218354 seconds
[2022-06-13T03:25:59.029+0000][1][safepoint    ] Entering safepoint region: CollectForMetadataAllocation
[2022-06-13T03:25:59.029+0000][1][safepoint    ] Leaving safepoint region
[2022-06-13T03:25:59.029+0000][1][safepoint    ] Total time for which application threads were stopped: 0.0003887 seconds, Stopping threads took: 0.0001612 seconds
[2022-06-13T03:25:59.032+0000][1][safepoint    ] Application time: 0.0032870 seconds
[2022-06-13T03:25:59.033+0000][1][safepoint    ] Entering safepoint region: GenCollectForAllocation
[2022-06-13T03:25:59.033+0000][1][gc,start     ] GC(17) Pause Young (Allocation Failure)
[2022-06-13T03:25:59.033+0000][1][gc,task      ] GC(17) Using 5 workers of 13 for evacuation
[2022-06-13T03:25:59.036+0000][1][gc,age       ] GC(17) Desired survivor size 4456448 bytes, new threshold 6 (max threshold 6)
[2022-06-13T03:25:59.036+0000][1][gc,age       ] GC(17) Age table with threshold 6 (max threshold 6)
[2022-06-13T03:25:59.037+0000][1][gc,age       ] GC(17) - age   1:    4079360 bytes,    4079360 total
[2022-06-13T03:25:59.037+0000][1][gc,age       ] GC(17) - age   2:     259736 bytes,    4339096 total
[2022-06-13T03:25:59.037+0000][1][gc,heap      ] GC(17) ParNew: 76885K->4987K(78656K)
[2022-06-13T03:25:59.037+0000][1][gc,heap      ] GC(17) CMS: 55744K->55744K(174784K)
[2022-06-13T03:25:59.037+0000][1][gc,metaspace ] GC(17) Metaspace: 42467K->42467K(1087488K)
[2022-06-13T03:25:59.038+0000][1][gc           ] GC(17) Pause Young (Allocation Failure) 129M->59M(247M) 4.606ms
[2022-06-13T03:25:59.038+0000][1][gc,cpu       ] GC(17) User=0.01s Sys=0.00s Real=0.00s
[2022-06-13T03:25:59.038+0000][1][safepoint    ] Leaving safepoint region
[2022-06-13T03:25:59.038+0000][1][safepoint    ] Total time for which application threads were stopped: 0.0055983 seconds, Stopping threads took: 0.0001798 seconds
[2022-06-13T03:25:59.039+0000][1][safepoint    ] Application time: 0.0002070 seconds
[2022-06-13T03:25:59.039+0000][1][safepoint    ] Entering safepoint region: CMS_Initial_Mark
[2022-06-13T03:25:59.039+0000][1][gc,start     ] GC(18) Pause Initial Mark
[2022-06-13T03:25:59.041+0000][1][gc           ] GC(18) Pause Initial Mark 60M->60M(247M) 1.455ms
[2022-06-13T03:25:59.041+0000][1][gc,cpu       ] GC(18) User=0.01s Sys=0.00s Real=0.00s
[2022-06-13T03:25:59.041+0000][1][safepoint    ] Leaving safepoint region
[2022-06-13T03:25:59.041+0000][1][safepoint    ] Total time for which application threads were stopped: 0.0023445 seconds, Stopping threads took: 0.0002752 seconds
[2022-06-13T03:25:59.041+0000][1][gc           ] GC(18) Concurrent Mark
[2022-06-13T03:25:59.042+0000][1][gc,task      ] GC(18) Using 4 workers of 4 for marking
[2022-06-13T03:25:59.059+0000][1][safepoint    ] Application time: 0.0171992 seconds
[2022-06-13T03:25:59.059+0000][1][safepoint    ] Entering safepoint region: CollectForMetadataAllocation
[2022-06-13T03:25:59.060+0000][1][safepoint    ] Leaving safepoint region
[2022-06-13T03:25:59.060+0000][1][safepoint    ] Total time for which application threads were stopped: 0.0011571 seconds, Stopping threads took: 0.0002968 seconds
[2022-06-13T03:25:59.061+0000][1][gc           ] GC(18) Concurrent Mark 19.462ms
[2022-06-13T03:25:59.061+0000][1][gc,cpu       ] GC(18) User=0.12s Sys=0.00s Real=0.02s
[2022-06-13T03:25:59.062+0000][1][gc           ] GC(18) Concurrent Preclean
[2022-06-13T03:25:59.063+0000][1][gc           ] GC(18) Concurrent Preclean 1.543ms
[2022-06-13T03:25:59.063+0000][1][gc,cpu       ] GC(18) User=0.01s Sys=0.00s Real=0.00s
[2022-06-13T03:25:59.063+0000][1][gc           ] GC(18) Concurrent Abortable Preclean
[2022-06-13T03:25:59.179+0000][1][safepoint    ] Application time: 0.1185403 seconds
[2022-06-13T03:25:59.179+0000][1][safepoint    ] Entering safepoint region: CollectForMetadataAllocation
[2022-06-13T03:25:59.180+0000][1][safepoint    ] Leaving safepoint region
[2022-06-13T03:25:59.180+0000][1][safepoint    ] Total time for which application threads were stopped: 0.0005500 seconds, Stopping threads took: 0.0001578 seconds
[2022-06-13T03:25:59.201+0000][1][safepoint    ] Application time: 0.0214705 seconds
[2022-06-13T03:25:59.202+0000][1][safepoint    ] Entering safepoint region: CollectForMetadataAllocation
[2022-06-13T03:25:59.202+0000][1][safepoint    ] Leaving safepoint region
[2022-06-13T03:25:59.202+0000][1][safepoint    ] Total time for which application threads were stopped: 0.0003635 seconds, Stopping threads took: 0.0001392 seconds
[2022-06-13T03:25:59.216+0000][1][safepoint    ] Application time: 0.0134813 seconds
[2022-06-13T03:25:59.216+0000][1][safepoint    ] Entering safepoint region: CollectForMetadataAllocation
[2022-06-13T03:25:59.216+0000][1][safepoint    ] Leaving safepoint region
[2022-06-13T03:25:59.216+0000][1][safepoint    ] Total time for which application threads were stopped: 0.0003402 seconds, Stopping threads took: 0.0001209 seconds
[2022-06-13T03:25:59.237+0000][1][safepoint    ] Application time: 0.0208666 seconds
[2022-06-13T03:25:59.238+0000][1][safepoint    ] Entering safepoint region: CollectForMetadataAllocation
[2022-06-13T03:25:59.238+0000][1][safepoint    ] Leaving safepoint region
[2022-06-13T03:25:59.238+0000][1][safepoint    ] Total time for which application threads were stopped: 0.0008035 seconds, Stopping threads took: 0.0001244 seconds
[2022-06-13T03:25:59.252+0000][1][safepoint    ] Application time: 0.0139893 seconds
[2022-06-13T03:25:59.253+0000][1][safepoint    ] Entering safepoint region: Deoptimize
[2022-06-13T03:25:59.253+0000][1][safepoint    ] Leaving safepoint region
[2022-06-13T03:25:59.253+0000][1][safepoint    ] Total time for which application threads were stopped: 0.0007463 seconds, Stopping threads took: 0.0001133 seconds
[2022-06-13T03:25:59.254+0000][1][gc           ] GC(18) Concurrent Abortable Preclean 190.818ms
[2022-06-13T03:25:59.254+0000][1][gc,cpu       ] GC(18) User=1.09s Sys=0.01s Real=0.19s
[2022-06-13T03:25:59.255+0000][1][safepoint    ] Application time: 0.0011892 seconds
[2022-06-13T03:25:59.255+0000][1][safepoint    ] Entering safepoint region: CMS_Final_Remark
[2022-06-13T03:25:59.255+0000][1][gc,start     ] GC(18) Pause Remark
[2022-06-13T03:25:59.266+0000][1][gc           ] GC(18) Pause Remark 94M->94M(247M) 11.287ms
[2022-06-13T03:25:59.267+0000][1][gc,cpu       ] GC(18) User=0.05s Sys=0.00s Real=0.01s
[2022-06-13T03:25:59.267+0000][1][safepoint    ] Leaving safepoint region
[2022-06-13T03:25:59.267+0000][1][safepoint    ] Total time for which application threads were stopped: 0.0121758 seconds, Stopping threads took: 0.0001695 seconds
[2022-06-13T03:25:59.267+0000][1][gc           ] GC(18) Concurrent Sweep
[2022-06-13T03:25:59.273+0000][1][safepoint    ] Application time: 0.0063019 seconds
[2022-06-13T03:25:59.274+0000][1][safepoint    ] Entering safepoint region: RevokeBias
[2022-06-13T03:25:59.274+0000][1][safepoint    ] Leaving safepoint region
[2022-06-13T03:25:59.275+0000][1][safepoint    ] Total time for which application threads were stopped: 0.0009719 seconds, Stopping threads took: 0.0001458 seconds
[2022-06-13T03:25:59.276+0000][1][safepoint    ] Application time: 0.0013892 seconds
[2022-06-13T03:25:59.276+0000][1][safepoint    ] Entering safepoint region: RevokeBias
[2022-06-13T03:25:59.277+0000][1][safepoint    ] Leaving safepoint region
[2022-06-13T03:25:59.277+0000][1][safepoint    ] Total time for which application threads were stopped: 0.0002261 seconds, Stopping threads took: 0.0000979 seconds
[2022-06-13T03:25:59.280+0000][1][safepoint    ] Application time: 0.0033324 seconds
[2022-06-13T03:25:59.280+0000][1][safepoint    ] Entering safepoint region: CollectForMetadataAllocation
[2022-06-13T03:25:59.280+0000][1][safepoint    ] Leaving safepoint region
[2022-06-13T03:25:59.281+0000][1][safepoint    ] Total time for which application threads were stopped: 0.0003568 seconds, Stopping threads took: 0.0001258 seconds
[2022-06-13T03:25:59.288+0000][1][gc           ] GC(18) Concurrent Sweep 20.750ms
[2022-06-13T03:25:59.288+0000][1][gc,cpu       ] GC(18) User=0.09s Sys=0.00s Real=0.02s
[2022-06-13T03:25:59.288+0000][1][gc           ] GC(18) Concurrent Reset
[2022-06-13T03:25:59.289+0000][1][gc           ] GC(18) Concurrent Reset 0.344ms
[2022-06-13T03:25:59.289+0000][1][gc,cpu       ] GC(18) User=0.00s Sys=0.00s Real=0.00s
[2022-06-13T03:25:59.289+0000][1][gc,heap      ] GC(18) Old: 55744K->55527K(174784K)
[2022-06-13T03:25:59.307+0000][1][safepoint    ] Application time: 0.0267810 seconds
[2022-06-13T03:25:59.308+0000][1][safepoint    ] Entering safepoint region: RevokeBias
[2022-06-13T03:25:59.308+0000][1][safepoint    ] Leaving safepoint region
[2022-06-13T03:25:59.308+0000][1][safepoint    ] Total time for which application threads were stopped: 0.0002834 seconds, Stopping threads took: 0.0001121 seconds
[2022-06-13T03:25:59.311+0000][1][safepoint    ] Application time: 0.0027602 seconds
[2022-06-13T03:25:59.311+0000][1][safepoint    ] Entering safepoint region: RevokeBias
[2022-06-13T03:25:59.311+0000][1][safepoint    ] Leaving safepoint region
[2022-06-13T03:25:59.311+0000][1][safepoint    ] Total time for which application threads were stopped: 0.0002789 seconds, Stopping threads took: 0.0001239 seconds
[2022-06-13T03:25:59.403+0000][1][safepoint    ] Application time: 0.0916547 seconds
[2022-06-13T03:25:59.403+0000][1][safepoint    ] Entering safepoint region: RevokeBias
[2022-06-13T03:25:59.404+0000][1][safepoint    ] Leaving safepoint region
[2022-06-13T03:25:59.404+0000][1][safepoint    ] Total time for which application threads were stopped: 0.0007866 seconds, Stopping threads took: 0.0002613 seconds
[2022-06-13T03:25:59.404+0000][1][safepoint    ] Application time: 0.0000866 seconds
[2022-06-13T03:25:59.404+0000][1][safepoint    ] Entering safepoint region: RevokeBias
[2022-06-13T03:25:59.405+0000][1][safepoint    ] Leaving safepoint region
[2022-06-13T03:25:59.405+0000][1][safepoint    ] Total time for which application threads were stopped: 0.0003305 seconds, Stopping threads took: 0.0001748 seconds
[2022-06-13T03:25:59.405+0000][1][safepoint    ] Application time: 0.0002216 seconds
[2022-06-13T03:25:59.405+0000][1][safepoint    ] Entering safepoint region: RevokeBias
[2022-06-13T03:25:59.405+0000][1][safepoint    ] Leaving safepoint region
[2022-06-13T03:25:59.405+0000][1][safepoint    ] Total time for which application threads were stopped: 0.0002939 seconds, Stopping threads took: 0.0001660 seconds
[2022-06-13T03:25:59.406+0000][1][safepoint    ] Application time: 0.0000786 seconds
[2022-06-13T03:25:59.406+0000][1][safepoint    ] Entering safepoint region: RevokeBias
[2022-06-13T03:25:59.406+0000][1][safepoint    ] Leaving safepoint region
[2022-06-13T03:25:59.406+0000][1][safepoint    ] Total time for which application threads were stopped: 0.0002796 seconds, Stopping threads took: 0.0001212 seconds
[2022-06-13T03:25:59.460+0000][1][safepoint    ] Application time: 0.0539548 seconds
[2022-06-13T03:25:59.460+0000][1][safepoint    ] Entering safepoint region: RevokeBias
[2022-06-13T03:25:59.461+0000][1][safepoint    ] Leaving safepoint region
[2022-06-13T03:25:59.461+0000][1][safepoint    ] Total time for which application threads were stopped: 0.0002709 seconds, Stopping threads took: 0.0001195 seconds
[2022-06-13T03:25:59.461+0000][1][safepoint    ] Application time: 0.0000995 seconds
[2022-06-13T03:25:59.461+0000][1][safepoint    ] Entering safepoint region: RevokeBias
[2022-06-13T03:25:59.461+0000][1][safepoint    ] Leaving safepoint region
[2022-06-13T03:25:59.461+0000][1][safepoint    ] Total time for which application threads were stopped: 0.0002765 seconds, Stopping threads took: 0.0001320 seconds
[2022-06-13T03:25:59.461+0000][1][safepoint    ] Application time: 0.0000774 seconds
[2022-06-13T03:25:59.462+0000][1][safepoint    ] Entering safepoint region: RevokeBias
[2022-06-13T03:25:59.462+0000][1][safepoint    ] Leaving safepoint region
[2022-06-13T03:25:59.462+0000][1][safepoint    ] Total time for which application threads were stopped: 0.0001922 seconds, Stopping threads took: 0.0000845 seconds
[2022-06-13T03:25:59.462+0000][1][safepoint    ] Application time: 0.0002252 seconds
[2022-06-13T03:25:59.462+0000][1][safepoint    ] Entering safepoint region: RevokeBias
[2022-06-13T03:25:59.462+0000][1][safepoint    ] Leaving safepoint region
[2022-06-13T03:25:59.462+0000][1][safepoint    ] Total time for which application threads were stopped: 0.0002438 seconds, Stopping threads took: 0.0001152 seconds
[2022-06-13T03:25:59.463+0000][1][safepoint    ] Application time: 0.0003960 seconds
[2022-06-13T03:25:59.463+0000][1][safepoint    ] Entering safepoint region: RevokeBias
[2022-06-13T03:25:59.463+0000][1][safepoint    ] Leaving safepoint region
[2022-06-13T03:25:59.463+0000][1][safepoint    ] Total time for which application threads were stopped: 0.0002679 seconds, Stopping threads took: 0.0001338 seconds
[2022-06-13T03:25:59.464+0000][1][safepoint    ] Application time: 0.0001164 seconds
[2022-06-13T03:25:59.464+0000][1][safepoint    ] Entering safepoint region: RevokeBias
[2022-06-13T03:25:59.464+0000][1][safepoint    ] Leaving safepoint region
[2022-06-13T03:25:59.464+0000][1][safepoint    ] Total time for which application threads were stopped: 0.0002281 seconds, Stopping threads took: 0.0001093 seconds
[2022-06-13T03:25:59.464+0000][1][safepoint    ] Application time: 0.0001572 seconds
[2022-06-13T03:25:59.464+0000][1][safepoint    ] Entering safepoint region: RevokeBias
[2022-06-13T03:25:59.464+0000][1][safepoint    ] Leaving safepoint region
[2022-06-13T03:25:59.465+0000][1][safepoint    ] Total time for which application threads were stopped: 0.0003588 seconds, Stopping threads took: 0.0002215 seconds
[2022-06-13T03:25:59.465+0000][1][safepoint    ] Application time: 0.0000797 seconds
[2022-06-13T03:25:59.465+0000][1][safepoint    ] Entering safepoint region: RevokeBias
[2022-06-13T03:25:59.465+0000][1][safepoint    ] Leaving safepoint region
[2022-06-13T03:25:59.465+0000][1][safepoint    ] Total time for which application threads were stopped: 0.0002613 seconds, Stopping threads took: 0.0001475 seconds
[2022-06-13T03:25:59.465+0000][1][safepoint    ] Application time: 0.0000745 seconds
[2022-06-13T03:25:59.465+0000][1][safepoint    ] Entering safepoint region: RevokeBias
[2022-06-13T03:25:59.466+0000][1][safepoint    ] Leaving safepoint region
[2022-06-13T03:25:59.466+0000][1][safepoint    ] Total time for which application threads were stopped: 0.0002597 seconds, Stopping threads took: 0.0001194 seconds
[2022-06-13T03:25:59.466+0000][1][safepoint    ] Application time: 0.0000698 seconds
[2022-06-13T03:25:59.466+0000][1][safepoint    ] Entering safepoint region: RevokeBias
[2022-06-13T03:25:59.466+0000][1][safepoint    ] Leaving safepoint region
[2022-06-13T03:25:59.466+0000][1][safepoint    ] Total time for which application threads were stopped: 0.0002828 seconds, Stopping threads took: 0.0001502 seconds
[2022-06-13T03:25:59.466+0000][1][safepoint    ] Application time: 0.0000780 seconds
[2022-06-13T03:25:59.466+0000][1][safepoint    ] Entering safepoint region: RevokeBias
[2022-06-13T03:25:59.467+0000][1][safepoint    ] Leaving safepoint region
[2022-06-13T03:25:59.467+0000][1][safepoint    ] Total time for which application threads were stopped: 0.0001922 seconds, Stopping threads took: 0.0000736 seconds
[2022-06-13T03:25:59.467+0000][1][safepoint    ] Application time: 0.0000674 seconds
[2022-06-13T03:25:59.467+0000][1][safepoint    ] Entering safepoint region: RevokeBias
[2022-06-13T03:25:59.467+0000][1][safepoint    ] Leaving safepoint region
[2022-06-13T03:25:59.467+0000][1][safepoint    ] Total time for which application threads were stopped: 0.0002179 seconds, Stopping threads took: 0.0001030 seconds
[2022-06-13T03:25:59.467+0000][1][safepoint    ] Application time: 0.0002031 seconds
[2022-06-13T03:25:59.468+0000][1][safepoint    ] Entering safepoint region: RevokeBias
[2022-06-13T03:25:59.468+0000][1][safepoint    ] Leaving safepoint region
[2022-06-13T03:25:59.468+0000][1][safepoint    ] Total time for which application threads were stopped: 0.0004598 seconds, Stopping threads took: 0.0003479 seconds
[2022-06-13T03:25:59.468+0000][1][safepoint    ] Application time: 0.0000997 seconds
[2022-06-13T03:25:59.468+0000][1][safepoint    ] Entering safepoint region: RevokeBias
[2022-06-13T03:25:59.468+0000][1][safepoint    ] Leaving safepoint region
[2022-06-13T03:25:59.468+0000][1][safepoint    ] Total time for which application threads were stopped: 0.0001967 seconds, Stopping threads took: 0.0000908 seconds
[2022-06-13T03:25:59.469+0000][1][safepoint    ] Application time: 0.0000723 seconds
[2022-06-13T03:25:59.469+0000][1][safepoint    ] Entering safepoint region: RevokeBias
[2022-06-13T03:25:59.469+0000][1][safepoint    ] Leaving safepoint region
[2022-06-13T03:25:59.469+0000][1][safepoint    ] Total time for which application threads were stopped: 0.0001738 seconds, Stopping threads took: 0.0000758 seconds
[2022-06-13T03:25:59.469+0000][1][safepoint    ] Application time: 0.0000574 seconds
[2022-06-13T03:25:59.469+0000][1][safepoint    ] Entering safepoint region: RevokeBias
[2022-06-13T03:25:59.469+0000][1][safepoint    ] Leaving safepoint region
[2022-06-13T03:25:59.469+0000][1][safepoint    ] Total time for which application threads were stopped: 0.0003874 seconds, Stopping threads took: 0.0002221 seconds
[2022-06-13T03:25:59.470+0000][1][safepoint    ] Application time: 0.0000482 seconds
[2022-06-13T03:25:59.470+0000][1][safepoint    ] Entering safepoint region: RevokeBias
[2022-06-13T03:25:59.470+0000][1][safepoint    ] Leaving safepoint region
[2022-06-13T03:25:59.470+0000][1][safepoint    ] Total time for which application threads were stopped: 0.0001863 seconds, Stopping threads took: 0.0000833 seconds
[2022-06-13T03:25:59.470+0000][1][safepoint    ] Application time: 0.0000461 seconds
[2022-06-13T03:25:59.470+0000][1][safepoint    ] Entering safepoint region: RevokeBias
[2022-06-13T03:25:59.470+0000][1][safepoint    ] Leaving safepoint region
[2022-06-13T03:25:59.470+0000][1][safepoint    ] Total time for which application threads were stopped: 0.0001900 seconds, Stopping threads took: 0.0000870 seconds
[2022-06-13T03:25:59.470+0000][1][safepoint    ] Application time: 0.0000495 seconds
[2022-06-13T03:25:59.470+0000][1][safepoint    ] Entering safepoint region: RevokeBias
[2022-06-13T03:25:59.471+0000][1][safepoint    ] Leaving safepoint region
[2022-06-13T03:25:59.471+0000][1][safepoint    ] Total time for which application threads were stopped: 0.0001922 seconds, Stopping threads took: 0.0000840 seconds
[2022-06-13T03:25:59.471+0000][1][safepoint    ] Application time: 0.0000467 seconds
[2022-06-13T03:25:59.471+0000][1][safepoint    ] Entering safepoint region: RevokeBias
[2022-06-13T03:25:59.471+0000][1][safepoint    ] Leaving safepoint region
[2022-06-13T03:25:59.471+0000][1][safepoint    ] Total time for which application threads were stopped: 0.0001938 seconds, Stopping threads took: 0.0000876 seconds
[2022-06-13T03:25:59.471+0000][1][safepoint    ] Application time: 0.0000492 seconds
[2022-06-13T03:25:59.471+0000][1][safepoint    ] Entering safepoint region: RevokeBias
[2022-06-13T03:25:59.471+0000][1][safepoint    ] Leaving safepoint region
[2022-06-13T03:25:59.471+0000][1][safepoint    ] Total time for which application threads were stopped: 0.0002091 seconds, Stopping threads took: 0.0000857 seconds
[2022-06-13T03:25:59.472+0000][1][safepoint    ] Application time: 0.0000599 seconds
[2022-06-13T03:25:59.472+0000][1][safepoint    ] Entering safepoint region: RevokeBias
[2022-06-13T03:25:59.472+0000][1][safepoint    ] Leaving safepoint region
[2022-06-13T03:25:59.472+0000][1][safepoint    ] Total time for which application threads were stopped: 0.0002001 seconds, Stopping threads took: 0.0000861 seconds
[2022-06-13T03:25:59.472+0000][1][safepoint    ] Application time: 0.0000475 seconds
[2022-06-13T03:25:59.472+0000][1][safepoint    ] Entering safepoint region: RevokeBias
[2022-06-13T03:25:59.472+0000][1][safepoint    ] Leaving safepoint region
[2022-06-13T03:25:59.472+0000][1][safepoint    ] Total time for which application threads were stopped: 0.0001906 seconds, Stopping threads took: 0.0000853 seconds
[2022-06-13T03:25:59.472+0000][1][safepoint    ] Application time: 0.0000486 seconds
[2022-06-13T03:25:59.473+0000][1][safepoint    ] Entering safepoint region: RevokeBias
[2022-06-13T03:25:59.473+0000][1][safepoint    ] Leaving safepoint region
[2022-06-13T03:25:59.473+0000][1][safepoint    ] Total time for which application threads were stopped: 0.0002297 seconds, Stopping threads took: 0.0000856 seconds
[2022-06-13T03:25:59.473+0000][1][safepoint    ] Application time: 0.0000824 seconds
[2022-06-13T03:25:59.473+0000][1][safepoint    ] Entering safepoint region: RevokeBias
[2022-06-13T03:25:59.473+0000][1][safepoint    ] Leaving safepoint region
[2022-06-13T03:25:59.473+0000][1][safepoint    ] Total time for which application threads were stopped: 0.0002117 seconds, Stopping threads took: 0.0000999 seconds
[2022-06-13T03:25:59.473+0000][1][safepoint    ] Application time: 0.0000538 seconds
[2022-06-13T03:25:59.474+0000][1][safepoint    ] Entering safepoint region: RevokeBias
[2022-06-13T03:25:59.474+0000][1][safepoint    ] Leaving safepoint region
[2022-06-13T03:25:59.474+0000][1][safepoint    ] Total time for which application threads were stopped: 0.0002073 seconds, Stopping threads took: 0.0000885 seconds
[2022-06-13T03:25:59.474+0000][1][safepoint    ] Application time: 0.0000512 seconds
[2022-06-13T03:25:59.474+0000][1][safepoint    ] Entering safepoint region: RevokeBias
[2022-06-13T03:25:59.474+0000][1][safepoint    ] Leaving safepoint region
[2022-06-13T03:25:59.474+0000][1][safepoint    ] Total time for which application threads were stopped: 0.0002131 seconds, Stopping threads took: 0.0001012 seconds
[2022-06-13T03:25:59.474+0000][1][safepoint    ] Application time: 0.0000615 seconds
[2022-06-13T03:25:59.474+0000][1][safepoint    ] Entering safepoint region: RevokeBias
[2022-06-13T03:25:59.475+0000][1][safepoint    ] Leaving safepoint region
[2022-06-13T03:25:59.475+0000][1][safepoint    ] Total time for which application threads were stopped: 0.0002469 seconds, Stopping threads took: 0.0001169 seconds
[2022-06-13T03:25:59.475+0000][1][safepoint    ] Application time: 0.0000748 seconds
[2022-06-13T03:25:59.475+0000][1][safepoint    ] Entering safepoint region: RevokeBias
[2022-06-13T03:25:59.475+0000][1][safepoint    ] Leaving safepoint region
[2022-06-13T03:25:59.475+0000][1][safepoint    ] Total time for which application threads were stopped: 0.0002586 seconds, Stopping threads took: 0.0001312 seconds
[2022-06-13T03:25:59.475+0000][1][safepoint    ] Application time: 0.0000647 seconds
[2022-06-13T03:25:59.476+0000][1][safepoint    ] Entering safepoint region: RevokeBias
[2022-06-13T03:25:59.476+0000][1][safepoint    ] Leaving safepoint region
[2022-06-13T03:25:59.476+0000][1][safepoint    ] Total time for which application threads were stopped: 0.0002117 seconds, Stopping threads took: 0.0000953 seconds
[2022-06-13T03:25:59.476+0000][1][safepoint    ] Application time: 0.0000483 seconds
[2022-06-13T03:25:59.476+0000][1][safepoint    ] Entering safepoint region: RevokeBias
[2022-06-13T03:25:59.476+0000][1][safepoint    ] Leaving safepoint region
[2022-06-13T03:25:59.476+0000][1][safepoint    ] Total time for which application threads were stopped: 0.0001939 seconds, Stopping threads took: 0.0000859 seconds
[2022-06-13T03:25:59.476+0000][1][safepoint    ] Application time: 0.0000532 seconds
[2022-06-13T03:25:59.476+0000][1][safepoint    ] Entering safepoint region: BulkRevokeBias
[2022-06-13T03:25:59.477+0000][1][safepoint    ] Leaving safepoint region
[2022-06-13T03:25:59.477+0000][1][safepoint    ] Total time for which application threads were stopped: 0.0002387 seconds, Stopping threads took: 0.0000953 seconds
[2022-06-13T03:25:59.477+0000][1][safepoint    ] Application time: 0.0001185 seconds
[2022-06-13T03:25:59.477+0000][1][safepoint    ] Entering safepoint region: RevokeBias
[2022-06-13T03:25:59.477+0000][1][safepoint    ] Leaving safepoint region
[2022-06-13T03:25:59.477+0000][1][safepoint    ] Total time for which application threads were stopped: 0.0001984 seconds, Stopping threads took: 0.0000866 seconds
[2022-06-13T03:25:59.477+0000][1][safepoint    ] Application time: 0.0000621 seconds
[2022-06-13T03:25:59.477+0000][1][safepoint    ] Entering safepoint region: RevokeBias
[2022-06-13T03:25:59.478+0000][1][safepoint    ] Leaving safepoint region
[2022-06-13T03:25:59.478+0000][1][safepoint    ] Total time for which application threads were stopped: 0.0001928 seconds, Stopping threads took: 0.0000857 seconds
[2022-06-13T03:25:59.478+0000][1][safepoint    ] Application time: 0.0001383 seconds
[2022-06-13T03:25:59.478+0000][1][safepoint    ] Entering safepoint region: RevokeBias
[2022-06-13T03:25:59.478+0000][1][safepoint    ] Leaving safepoint region
[2022-06-13T03:25:59.478+0000][1][safepoint    ] Total time for which application threads were stopped: 0.0002103 seconds, Stopping threads took: 0.0000951 seconds
[2022-06-13T03:25:59.478+0000][1][safepoint    ] Application time: 0.0000958 seconds
[2022-06-13T03:25:59.479+0000][1][safepoint    ] Entering safepoint region: RevokeBias
[2022-06-13T03:25:59.479+0000][1][safepoint    ] Leaving safepoint region
[2022-06-13T03:25:59.479+0000][1][safepoint    ] Total time for which application threads were stopped: 0.0003362 seconds, Stopping threads took: 0.0001906 seconds
[2022-06-13T03:25:59.479+0000][1][safepoint    ] Application time: 0.0000707 seconds
[2022-06-13T03:25:59.479+0000][1][safepoint    ] Entering safepoint region: RevokeBias
[2022-06-13T03:25:59.479+0000][1][safepoint    ] Leaving safepoint region
[2022-06-13T03:25:59.479+0000][1][safepoint    ] Total time for which application threads were stopped: 0.0003186 seconds, Stopping threads took: 0.0001377 seconds
[2022-06-13T03:25:59.480+0000][1][safepoint    ] Application time: 0.0000610 seconds
[2022-06-13T03:25:59.480+0000][1][safepoint    ] Entering safepoint region: RevokeBias
[2022-06-13T03:25:59.480+0000][1][safepoint    ] Leaving safepoint region
[2022-06-13T03:25:59.480+0000][1][safepoint    ] Total time for which application threads were stopped: 0.0001964 seconds, Stopping threads took: 0.0000808 seconds
[2022-06-13T03:25:59.480+0000][1][safepoint    ] Application time: 0.0000565 seconds
[2022-06-13T03:25:59.480+0000][1][safepoint    ] Entering safepoint region: RevokeBias
[2022-06-13T03:25:59.480+0000][1][safepoint    ] Leaving safepoint region
[2022-06-13T03:25:59.480+0000][1][safepoint    ] Total time for which application threads were stopped: 0.0001906 seconds, Stopping threads took: 0.0000885 seconds
[2022-06-13T03:25:59.480+0000][1][safepoint    ] Application time: 0.0000573 seconds
[2022-06-13T03:25:59.481+0000][1][safepoint    ] Entering safepoint region: RevokeBias
[2022-06-13T03:25:59.481+0000][1][safepoint    ] Leaving safepoint region
[2022-06-13T03:25:59.481+0000][1][safepoint    ] Total time for which application threads were stopped: 0.0002964 seconds, Stopping threads took: 0.0002021 seconds
[2022-06-13T03:25:59.481+0000][1][safepoint    ] Application time: 0.0000568 seconds
[2022-06-13T03:25:59.481+0000][1][safepoint    ] Entering safepoint region: RevokeBias
[2022-06-13T03:25:59.481+0000][1][safepoint    ] Leaving safepoint region
[2022-06-13T03:25:59.481+0000][1][safepoint    ] Total time for which application threads were stopped: 0.0001854 seconds, Stopping threads took: 0.0000905 seconds
[2022-06-13T03:25:59.481+0000][1][safepoint    ] Application time: 0.0000456 seconds
[2022-06-13T03:25:59.481+0000][1][safepoint    ] Entering safepoint region: RevokeBias
[2022-06-13T03:25:59.481+0000][1][safepoint    ] Leaving safepoint region
[2022-06-13T03:25:59.482+0000][1][safepoint    ] Total time for which application threads were stopped: 0.0001758 seconds, Stopping threads took: 0.0000820 seconds
[2022-06-13T03:25:59.482+0000][1][safepoint    ] Application time: 0.0000455 seconds
[2022-06-13T03:25:59.482+0000][1][safepoint    ] Entering safepoint region: RevokeBias
[2022-06-13T03:25:59.482+0000][1][safepoint    ] Leaving safepoint region
[2022-06-13T03:25:59.482+0000][1][safepoint    ] Total time for which application threads were stopped: 0.0001942 seconds, Stopping threads took: 0.0000831 seconds
[2022-06-13T03:25:59.482+0000][1][safepoint    ] Application time: 0.0000558 seconds
[2022-06-13T03:25:59.482+0000][1][safepoint    ] Entering safepoint region: RevokeBias
[2022-06-13T03:25:59.482+0000][1][safepoint    ] Leaving safepoint region
[2022-06-13T03:25:59.482+0000][1][safepoint    ] Total time for which application threads were stopped: 0.0001779 seconds, Stopping threads took: 0.0000828 seconds
[2022-06-13T03:25:59.483+0000][1][safepoint    ] Application time: 0.0000463 seconds
[2022-06-13T03:25:59.483+0000][1][safepoint    ] Entering safepoint region: RevokeBias
[2022-06-13T03:25:59.483+0000][1][safepoint    ] Leaving safepoint region
[2022-06-13T03:25:59.483+0000][1][safepoint    ] Total time for which application threads were stopped: 0.0001785 seconds, Stopping threads took: 0.0000829 seconds
[2022-06-13T03:25:59.483+0000][1][safepoint    ] Application time: 0.0000544 seconds
[2022-06-13T03:25:59.483+0000][1][safepoint    ] Entering safepoint region: RevokeBias
[2022-06-13T03:25:59.483+0000][1][safepoint    ] Leaving safepoint region
[2022-06-13T03:25:59.483+0000][1][safepoint    ] Total time for which application threads were stopped: 0.0001815 seconds, Stopping threads took: 0.0000846 seconds
[2022-06-13T03:25:59.483+0000][1][safepoint    ] Application time: 0.0000510 seconds
[2022-06-13T03:25:59.483+0000][1][safepoint    ] Entering safepoint region: RevokeBias
[2022-06-13T03:25:59.484+0000][1][safepoint    ] Leaving safepoint region
[2022-06-13T03:25:59.484+0000][1][safepoint    ] Total time for which application threads were stopped: 0.0001795 seconds, Stopping threads took: 0.0000827 seconds
[2022-06-13T03:25:59.484+0000][1][safepoint    ] Application time: 0.0000461 seconds
[2022-06-13T03:25:59.484+0000][1][safepoint    ] Entering safepoint region: RevokeBias
[2022-06-13T03:25:59.484+0000][1][safepoint    ] Leaving safepoint region
[2022-06-13T03:25:59.484+0000][1][safepoint    ] Total time for which application threads were stopped: 0.0002059 seconds, Stopping threads took: 0.0000912 seconds
[2022-06-13T03:25:59.484+0000][1][safepoint    ] Application time: 0.0000451 seconds
[2022-06-13T03:25:59.484+0000][1][safepoint    ] Entering safepoint region: RevokeBias
[2022-06-13T03:25:59.484+0000][1][safepoint    ] Leaving safepoint region
[2022-06-13T03:25:59.484+0000][1][safepoint    ] Total time for which application threads were stopped: 0.0001787 seconds, Stopping threads took: 0.0000825 seconds
[2022-06-13T03:25:59.485+0000][1][safepoint    ] Application time: 0.0000452 seconds
[2022-06-13T03:25:59.485+0000][1][safepoint    ] Entering safepoint region: RevokeBias
[2022-06-13T03:25:59.485+0000][1][safepoint    ] Leaving safepoint region
[2022-06-13T03:25:59.485+0000][1][safepoint    ] Total time for which application threads were stopped: 0.0001882 seconds, Stopping threads took: 0.0000894 seconds
[2022-06-13T03:25:59.485+0000][1][safepoint    ] Application time: 0.0000468 seconds
[2022-06-13T03:25:59.485+0000][1][safepoint    ] Entering safepoint region: RevokeBias
[2022-06-13T03:25:59.485+0000][1][safepoint    ] Leaving safepoint region
[2022-06-13T03:25:59.485+0000][1][safepoint    ] Total time for which application threads were stopped: 0.0001805 seconds, Stopping threads took: 0.0000845 seconds
[2022-06-13T03:25:59.485+0000][1][safepoint    ] Application time: 0.0000454 seconds
[2022-06-13T03:25:59.485+0000][1][safepoint    ] Entering safepoint region: RevokeBias
[2022-06-13T03:25:59.486+0000][1][safepoint    ] Leaving safepoint region
[2022-06-13T03:25:59.486+0000][1][safepoint    ] Total time for which application threads were stopped: 0.0001957 seconds, Stopping threads took: 0.0000833 seconds
[2022-06-13T03:25:59.486+0000][1][safepoint    ] Application time: 0.0000453 seconds
[2022-06-13T03:25:59.486+0000][1][safepoint    ] Entering safepoint region: RevokeBias
[2022-06-13T03:25:59.486+0000][1][safepoint    ] Leaving safepoint region
[2022-06-13T03:25:59.486+0000][1][safepoint    ] Total time for which application threads were stopped: 0.0001792 seconds, Stopping threads took: 0.0000837 seconds
[2022-06-13T03:25:59.486+0000][1][safepoint    ] Application time: 0.0000455 seconds
[2022-06-13T03:25:59.486+0000][1][safepoint    ] Entering safepoint region: RevokeBias
[2022-06-13T03:25:59.486+0000][1][safepoint    ] Leaving safepoint region
[2022-06-13T03:25:59.486+0000][1][safepoint    ] Total time for which application threads were stopped: 0.0001877 seconds, Stopping threads took: 0.0000919 seconds
[2022-06-13T03:25:59.487+0000][1][safepoint    ] Application time: 0.0000613 seconds
[2022-06-13T03:25:59.487+0000][1][safepoint    ] Entering safepoint region: RevokeBias
[2022-06-13T03:25:59.487+0000][1][safepoint    ] Leaving safepoint region
[2022-06-13T03:25:59.487+0000][1][safepoint    ] Total time for which application threads were stopped: 0.0001917 seconds, Stopping threads took: 0.0000882 seconds
[2022-06-13T03:25:59.487+0000][1][safepoint    ] Application time: 0.0000446 seconds
[2022-06-13T03:25:59.487+0000][1][safepoint    ] Entering safepoint region: BulkRevokeBias
[2022-06-13T03:25:59.487+0000][1][safepoint    ] Leaving safepoint region
[2022-06-13T03:25:59.487+0000][1][safepoint    ] Total time for which application threads were stopped: 0.0002069 seconds, Stopping threads took: 0.0000853 seconds
[2022-06-13T03:25:59.488+0000][1][safepoint    ] Application time: 0.0001737 seconds
[2022-06-13T03:25:59.488+0000][1][safepoint    ] Entering safepoint region: RevokeBias
[2022-06-13T03:25:59.488+0000][1][safepoint    ] Leaving safepoint region
[2022-06-13T03:25:59.488+0000][1][safepoint    ] Total time for which application threads were stopped: 0.0004422 seconds, Stopping threads took: 0.0003313 seconds
[2022-06-13T03:25:59.488+0000][1][safepoint    ] Application time: 0.0001420 seconds
[2022-06-13T03:25:59.488+0000][1][safepoint    ] Entering safepoint region: RevokeBias
[2022-06-13T03:25:59.489+0000][1][safepoint    ] Leaving safepoint region
[2022-06-13T03:25:59.489+0000][1][safepoint    ] Total time for which application threads were stopped: 0.0001916 seconds, Stopping threads took: 0.0000868 seconds
[2022-06-13T03:25:59.489+0000][1][safepoint    ] Application time: 0.0001220 seconds
[2022-06-13T03:25:59.489+0000][1][safepoint    ] Entering safepoint region: RevokeBias
[2022-06-13T03:25:59.489+0000][1][safepoint    ] Leaving safepoint region
[2022-06-13T03:25:59.489+0000][1][safepoint    ] Total time for which application threads were stopped: 0.0003199 seconds, Stopping threads took: 0.0001627 seconds
[2022-06-13T03:25:59.489+0000][1][safepoint    ] Application time: 0.0000673 seconds
[2022-06-13T03:25:59.490+0000][1][safepoint    ] Entering safepoint region: RevokeBias
[2022-06-13T03:25:59.490+0000][1][safepoint    ] Leaving safepoint region
[2022-06-13T03:25:59.490+0000][1][safepoint    ] Total time for which application threads were stopped: 0.0002241 seconds, Stopping threads took: 0.0001067 seconds
[2022-06-13T03:25:59.490+0000][1][safepoint    ] Application time: 0.0000853 seconds
[2022-06-13T03:25:59.490+0000][1][safepoint    ] Entering safepoint region: RevokeBias
[2022-06-13T03:25:59.490+0000][1][safepoint    ] Leaving safepoint region
[2022-06-13T03:25:59.490+0000][1][safepoint    ] Total time for which application threads were stopped: 0.0002505 seconds, Stopping threads took: 0.0001352 seconds
[2022-06-13T03:25:59.490+0000][1][safepoint    ] Application time: 0.0000876 seconds
[2022-06-13T03:25:59.491+0000][1][safepoint    ] Entering safepoint region: RevokeBias
[2022-06-13T03:25:59.491+0000][1][safepoint    ] Leaving safepoint region
[2022-06-13T03:25:59.491+0000][1][safepoint    ] Total time for which application threads were stopped: 0.0002327 seconds, Stopping threads took: 0.0001119 seconds
[2022-06-13T03:25:59.491+0000][1][safepoint    ] Application time: 0.0002353 seconds
[2022-06-13T03:25:59.491+0000][1][safepoint    ] Entering safepoint region: RevokeBias
[2022-06-13T03:25:59.491+0000][1][safepoint    ] Leaving safepoint region
[2022-06-13T03:25:59.492+0000][1][safepoint    ] Total time for which application threads were stopped: 0.0003179 seconds, Stopping threads took: 0.0001939 seconds
[2022-06-13T03:25:59.492+0000][1][safepoint    ] Application time: 0.0001249 seconds
[2022-06-13T03:25:59.492+0000][1][safepoint    ] Entering safepoint region: RevokeBias
[2022-06-13T03:25:59.492+0000][1][safepoint    ] Leaving safepoint region
[2022-06-13T03:25:59.492+0000][1][safepoint    ] Total time for which application threads were stopped: 0.0002082 seconds, Stopping threads took: 0.0000926 seconds
[2022-06-13T03:25:59.492+0000][1][safepoint    ] Application time: 0.0002857 seconds
[2022-06-13T03:25:59.493+0000][1][safepoint    ] Entering safepoint region: RevokeBias
[2022-06-13T03:25:59.493+0000][1][safepoint    ] Leaving safepoint region
[2022-06-13T03:25:59.493+0000][1][safepoint    ] Total time for which application threads were stopped: 0.0002028 seconds, Stopping threads took: 0.0000916 seconds
[2022-06-13T03:25:59.493+0000][1][safepoint    ] Application time: 0.0002803 seconds
[2022-06-13T03:25:59.493+0000][1][safepoint    ] Entering safepoint region: RevokeBias
[2022-06-13T03:25:59.493+0000][1][safepoint    ] Leaving safepoint region
[2022-06-13T03:25:59.494+0000][1][safepoint    ] Total time for which application threads were stopped: 0.0002336 seconds, Stopping threads took: 0.0001078 seconds
[2022-06-13T03:25:59.494+0000][1][safepoint    ] Application time: 0.0001233 seconds
[2022-06-13T03:25:59.494+0000][1][safepoint    ] Entering safepoint region: RevokeBias
[2022-06-13T03:25:59.494+0000][1][safepoint    ] Leaving safepoint region
[2022-06-13T03:25:59.494+0000][1][safepoint    ] Total time for which application threads were stopped: 0.0002512 seconds, Stopping threads took: 0.0001259 seconds
[2022-06-13T03:25:59.494+0000][1][safepoint    ] Application time: 0.0001073 seconds
[2022-06-13T03:25:59.494+0000][1][safepoint    ] Entering safepoint region: RevokeBias
[2022-06-13T03:25:59.495+0000][1][safepoint    ] Leaving safepoint region
[2022-06-13T03:25:59.495+0000][1][safepoint    ] Total time for which application threads were stopped: 0.0002074 seconds, Stopping threads took: 0.0000956 seconds
[2022-06-13T03:25:59.495+0000][1][safepoint    ] Application time: 0.0000662 seconds
[2022-06-13T03:25:59.495+0000][1][safepoint    ] Entering safepoint region: RevokeBias
[2022-06-13T03:25:59.495+0000][1][safepoint    ] Leaving safepoint region
[2022-06-13T03:25:59.495+0000][1][safepoint    ] Total time for which application threads were stopped: 0.0002056 seconds, Stopping threads took: 0.0000888 seconds
[2022-06-13T03:25:59.495+0000][1][safepoint    ] Application time: 0.0001525 seconds
[2022-06-13T03:25:59.495+0000][1][safepoint    ] Entering safepoint region: RevokeBias
[2022-06-13T03:25:59.496+0000][1][safepoint    ] Leaving safepoint region
[2022-06-13T03:25:59.496+0000][1][safepoint    ] Total time for which application threads were stopped: 0.0002272 seconds, Stopping threads took: 0.0001049 seconds
[2022-06-13T03:25:59.496+0000][1][safepoint    ] Application time: 0.0001860 seconds
[2022-06-13T03:25:59.496+0000][1][safepoint    ] Entering safepoint region: RevokeBias
[2022-06-13T03:25:59.496+0000][1][safepoint    ] Leaving safepoint region
[2022-06-13T03:25:59.496+0000][1][safepoint    ] Total time for which application threads were stopped: 0.0002671 seconds, Stopping threads took: 0.0001236 seconds
[2022-06-13T03:25:59.497+0000][1][safepoint    ] Application time: 0.0003418 seconds
[2022-06-13T03:25:59.497+0000][1][safepoint    ] Entering safepoint region: RevokeBias
[2022-06-13T03:25:59.497+0000][1][safepoint    ] Leaving safepoint region
[2022-06-13T03:25:59.497+0000][1][safepoint    ] Total time for which application threads were stopped: 0.0002594 seconds, Stopping threads took: 0.0001333 seconds
[2022-06-13T03:25:59.498+0000][1][safepoint    ] Application time: 0.0008078 seconds
[2022-06-13T03:25:59.498+0000][1][safepoint    ] Entering safepoint region: RevokeBias
[2022-06-13T03:25:59.498+0000][1][safepoint    ] Leaving safepoint region
[2022-06-13T03:25:59.499+0000][1][safepoint    ] Total time for which application threads were stopped: 0.0002812 seconds, Stopping threads took: 0.0001358 seconds
[2022-06-13T03:25:59.499+0000][1][safepoint    ] Application time: 0.0001063 seconds
[2022-06-13T03:25:59.499+0000][1][safepoint    ] Entering safepoint region: RevokeBias
[2022-06-13T03:25:59.499+0000][1][safepoint    ] Leaving safepoint region
[2022-06-13T03:25:59.499+0000][1][safepoint    ] Total time for which application threads were stopped: 0.0002384 seconds, Stopping threads took: 0.0000984 seconds
[2022-06-13T03:25:59.499+0000][1][safepoint    ] Application time: 0.0000724 seconds
[2022-06-13T03:25:59.499+0000][1][safepoint    ] Entering safepoint region: RevokeBias
[2022-06-13T03:25:59.499+0000][1][safepoint    ] Leaving safepoint region
[2022-06-13T03:25:59.500+0000][1][safepoint    ] Total time for which application threads were stopped: 0.0001825 seconds, Stopping threads took: 0.0000795 seconds
[2022-06-13T03:25:59.501+0000][1][safepoint    ] Application time: 0.0010698 seconds
[2022-06-13T03:25:59.501+0000][1][safepoint    ] Entering safepoint region: RevokeBias
[2022-06-13T03:25:59.501+0000][1][safepoint    ] Leaving safepoint region
[2022-06-13T03:25:59.501+0000][1][safepoint    ] Total time for which application threads were stopped: 0.0003694 seconds, Stopping threads took: 0.0002385 seconds
[2022-06-13T03:25:59.501+0000][1][safepoint    ] Application time: 0.0000680 seconds
[2022-06-13T03:25:59.502+0000][1][safepoint    ] Entering safepoint region: RevokeBias
[2022-06-13T03:25:59.502+0000][1][safepoint    ] Leaving safepoint region
[2022-06-13T03:25:59.502+0000][1][safepoint    ] Total time for which application threads were stopped: 0.0002555 seconds, Stopping threads took: 0.0001416 seconds
[2022-06-13T03:25:59.502+0000][1][safepoint    ] Application time: 0.0002144 seconds
[2022-06-13T03:25:59.502+0000][1][safepoint    ] Entering safepoint region: RevokeBias
[2022-06-13T03:25:59.503+0000][1][safepoint    ] Leaving safepoint region
[2022-06-13T03:25:59.503+0000][1][safepoint    ] Total time for which application threads were stopped: 0.0005576 seconds, Stopping threads took: 0.0004218 seconds
[2022-06-13T03:25:59.528+0000][1][safepoint    ] Application time: 0.0250877 seconds
[2022-06-13T03:25:59.528+0000][1][safepoint    ] Entering safepoint region: GenCollectForAllocation
[2022-06-13T03:25:59.529+0000][1][gc,start     ] GC(19) Pause Young (Allocation Failure)
[2022-06-13T03:25:59.529+0000][1][gc,task      ] GC(19) Using 5 workers of 13 for evacuation
[2022-06-13T03:25:59.533+0000][1][gc,age       ] GC(19) Desired survivor size 4456448 bytes, new threshold 2 (max threshold 6)
[2022-06-13T03:25:59.534+0000][1][gc,age       ] GC(19) Age table with threshold 2 (max threshold 6)
[2022-06-13T03:25:59.534+0000][1][gc,age       ] GC(19) - age   1:    2855704 bytes,    2855704 total
[2022-06-13T03:25:59.534+0000][1][gc,age       ] GC(19) - age   2:    3977872 bytes,    6833576 total
[2022-06-13T03:25:59.535+0000][1][gc,age       ] GC(19) - age   3:     259512 bytes,    7093088 total
[2022-06-13T03:25:59.535+0000][1][gc,heap      ] GC(19) ParNew: 74939K->7971K(78656K)
[2022-06-13T03:25:59.536+0000][1][gc,heap      ] GC(19) CMS: 55527K->55527K(174784K)
[2022-06-13T03:25:59.536+0000][1][gc,metaspace ] GC(19) Metaspace: 47462K->47462K(1093632K)
[2022-06-13T03:25:59.536+0000][1][gc           ] GC(19) Pause Young (Allocation Failure) 127M->62M(247M) 7.587ms
[2022-06-13T03:25:59.537+0000][1][gc,cpu       ] GC(19) User=0.01s Sys=0.00s Real=0.01s
[2022-06-13T03:25:59.537+0000][1][safepoint    ] Leaving safepoint region
[2022-06-13T03:25:59.537+0000][1][safepoint    ] Total time for which application threads were stopped: 0.0091489 seconds, Stopping threads took: 0.0004487 seconds
[2022-06-13T03:25:59.934+0000][1][safepoint    ] Application time: 0.3958848 seconds
[2022-06-13T03:25:59.934+0000][1][safepoint    ] Entering safepoint region: GenCollectForAllocation
[2022-06-13T03:25:59.934+0000][1][gc,start     ] GC(20) Pause Young (Allocation Failure)
[2022-06-13T03:25:59.934+0000][1][gc,task      ] GC(20) Using 5 workers of 13 for evacuation
[2022-06-13T03:25:59.940+0000][1][gc,age       ] GC(20) Desired survivor size 4456448 bytes, new threshold 6 (max threshold 6)
[2022-06-13T03:25:59.940+0000][1][gc,age       ] GC(20) Age table with threshold 6 (max threshold 6)
[2022-06-13T03:25:59.941+0000][1][gc,age       ] GC(20) - age   1:    1606624 bytes,    1606624 total
[2022-06-13T03:25:59.941+0000][1][gc,age       ] GC(20) - age   2:    2815008 bytes,    4421632 total
[2022-06-13T03:25:59.941+0000][1][gc,heap      ] GC(20) ParNew: 77923K->7320K(78656K)
[2022-06-13T03:25:59.941+0000][1][gc,heap      ] GC(20) CMS: 55527K->59812K(174784K)
[2022-06-13T03:25:59.941+0000][1][gc,metaspace ] GC(20) Metaspace: 54417K->54417K(1099776K)
[2022-06-13T03:25:59.942+0000][1][gc           ] GC(20) Pause Young (Allocation Failure) 130M->65M(247M) 7.149ms
[2022-06-13T03:25:59.942+0000][1][gc,cpu       ] GC(20) User=0.02s Sys=0.00s Real=0.01s
[2022-06-13T03:25:59.942+0000][1][safepoint    ] Leaving safepoint region
[2022-06-13T03:25:59.942+0000][1][safepoint    ] Total time for which application threads were stopped: 0.0081599 seconds, Stopping threads took: 0.0000994 seconds
[2022-06-13T03:25:59.947+0000][1][safepoint    ] Application time: 0.0046994 seconds
[2022-06-13T03:25:59.947+0000][1][safepoint    ] Entering safepoint region: BulkRevokeBias
[2022-06-13T03:25:59.948+0000][1][safepoint    ] Leaving safepoint region
[2022-06-13T03:25:59.948+0000][1][safepoint    ] Total time for which application threads were stopped: 0.0009051 seconds, Stopping threads took: 0.0003664 seconds
[2022-06-13T03:26:00.038+0000][1][safepoint    ] Application time: 0.0894658 seconds
[2022-06-13T03:26:00.038+0000][1][safepoint    ] Entering safepoint region: Deoptimize
[2022-06-13T03:26:00.040+0000][1][safepoint    ] Leaving safepoint region
[2022-06-13T03:26:00.041+0000][1][safepoint    ] Total time for which application threads were stopped: 0.0021164 seconds, Stopping threads took: 0.0002877 seconds
[2022-06-13T03:26:00.065+0000][1][safepoint    ] Application time: 0.0243054 seconds
[2022-06-13T03:26:00.066+0000][1][safepoint    ] Entering safepoint region: RevokeBias
[2022-06-13T03:26:00.066+0000][1][safepoint    ] Leaving safepoint region
[2022-06-13T03:26:00.067+0000][1][safepoint    ] Total time for which application threads were stopped: 0.0009645 seconds, Stopping threads took: 0.0005013 seconds
[2022-06-13T03:26:00.067+0000][1][safepoint    ] Application time: 0.0001760 seconds
[2022-06-13T03:26:00.067+0000][1][safepoint    ] Entering safepoint region: RevokeBias
[2022-06-13T03:26:00.068+0000][1][safepoint    ] Leaving safepoint region
[2022-06-13T03:26:00.068+0000][1][safepoint    ] Total time for which application threads were stopped: 0.0007309 seconds, Stopping threads took: 0.0003608 seconds
[2022-06-13T03:26:00.069+0000][1][safepoint    ] Application time: 0.0001975 seconds
[2022-06-13T03:26:00.069+0000][1][safepoint    ] Entering safepoint region: RevokeBias
[2022-06-13T03:26:00.069+0000][1][safepoint    ] Leaving safepoint region
[2022-06-13T03:26:00.070+0000][1][safepoint    ] Total time for which application threads were stopped: 0.0007512 seconds, Stopping threads took: 0.0002486 seconds
[2022-06-13T03:26:00.073+0000][1][safepoint    ] Application time: 0.0025849 seconds
[2022-06-13T03:26:00.073+0000][1][safepoint    ] Entering safepoint region: RevokeBias
[2022-06-13T03:26:00.074+0000][1][safepoint    ] Leaving safepoint region
[2022-06-13T03:26:00.074+0000][1][safepoint    ] Total time for which application threads were stopped: 0.0008554 seconds, Stopping threads took: 0.0004441 seconds
[2022-06-13T03:26:00.198+0000][1][safepoint    ] Application time: 0.1241299 seconds
[2022-06-13T03:26:00.199+0000][1][safepoint    ] Entering safepoint region: Deoptimize
[2022-06-13T03:26:00.201+0000][1][safepoint    ] Leaving safepoint region
[2022-06-13T03:26:00.202+0000][1][safepoint    ] Total time for which application threads were stopped: 0.0025550 seconds, Stopping threads took: 0.0004764 seconds
[2022-06-13T03:26:00.399+0000][1][safepoint    ] Application time: 0.1965157 seconds
[2022-06-13T03:26:00.399+0000][1][safepoint    ] Entering safepoint region: RevokeBias
[2022-06-13T03:26:00.400+0000][1][safepoint    ] Leaving safepoint region
[2022-06-13T03:26:00.400+0000][1][safepoint    ] Total time for which application threads were stopped: 0.0006959 seconds, Stopping threads took: 0.0003480 seconds
[2022-06-13T03:26:00.400+0000][1][safepoint    ] Application time: 0.0001230 seconds
[2022-06-13T03:26:00.400+0000][1][safepoint    ] Entering safepoint region: RevokeBias
[2022-06-13T03:26:00.401+0000][1][safepoint    ] Leaving safepoint region
[2022-06-13T03:26:00.401+0000][1][safepoint    ] Total time for which application threads were stopped: 0.0004626 seconds, Stopping threads took: 0.0002327 seconds
[2022-06-13T03:26:00.401+0000][1][safepoint    ] Application time: 0.0000851 seconds
[2022-06-13T03:26:00.401+0000][1][safepoint    ] Entering safepoint region: RevokeBias
[2022-06-13T03:26:00.401+0000][1][safepoint    ] Leaving safepoint region
[2022-06-13T03:26:00.402+0000][1][safepoint    ] Total time for which application threads were stopped: 0.0005294 seconds, Stopping threads took: 0.0002793 seconds
[2022-06-13T03:26:00.402+0000][1][safepoint    ] Application time: 0.0000858 seconds
[2022-06-13T03:26:00.402+0000][1][safepoint    ] Entering safepoint region: RevokeBias
[2022-06-13T03:26:00.402+0000][1][safepoint    ] Leaving safepoint region
[2022-06-13T03:26:00.403+0000][1][safepoint    ] Total time for which application threads were stopped: 0.0005572 seconds, Stopping threads took: 0.0002576 seconds
[2022-06-13T03:26:00.403+0000][1][safepoint    ] Application time: 0.0000979 seconds
[2022-06-13T03:26:00.403+0000][1][safepoint    ] Entering safepoint region: RevokeBias
[2022-06-13T03:26:00.404+0000][1][safepoint    ] Leaving safepoint region
[2022-06-13T03:26:00.404+0000][1][safepoint    ] Total time for which application threads were stopped: 0.0005949 seconds, Stopping threads took: 0.0003007 seconds
[2022-06-13T03:26:00.404+0000][1][safepoint    ] Application time: 0.0000893 seconds
[2022-06-13T03:26:00.404+0000][1][safepoint    ] Entering safepoint region: RevokeBias
[2022-06-13T03:26:00.405+0000][1][safepoint    ] Leaving safepoint region
[2022-06-13T03:26:00.405+0000][1][safepoint    ] Total time for which application threads were stopped: 0.0005346 seconds, Stopping threads took: 0.0002757 seconds
[2022-06-13T03:26:00.405+0000][1][safepoint    ] Application time: 0.0001838 seconds
[2022-06-13T03:26:00.406+0000][1][safepoint    ] Entering safepoint region: RevokeBias
[2022-06-13T03:26:00.406+0000][1][safepoint    ] Leaving safepoint region
[2022-06-13T03:26:00.406+0000][1][safepoint    ] Total time for which application threads were stopped: 0.0005800 seconds, Stopping threads took: 0.0003439 seconds
[2022-06-13T03:26:00.406+0000][1][safepoint    ] Application time: 0.0001003 seconds
[2022-06-13T03:26:00.406+0000][1][safepoint    ] Entering safepoint region: RevokeBias
[2022-06-13T03:26:00.407+0000][1][safepoint    ] Leaving safepoint region
[2022-06-13T03:26:00.407+0000][1][safepoint    ] Total time for which application threads were stopped: 0.0004696 seconds, Stopping threads took: 0.0002585 seconds
[2022-06-13T03:26:00.407+0000][1][safepoint    ] Application time: 0.0000939 seconds
[2022-06-13T03:26:00.407+0000][1][safepoint    ] Entering safepoint region: RevokeBias
[2022-06-13T03:26:00.407+0000][1][safepoint    ] Leaving safepoint region
[2022-06-13T03:26:00.408+0000][1][safepoint    ] Total time for which application threads were stopped: 0.0004141 seconds, Stopping threads took: 0.0002388 seconds
[2022-06-13T03:26:00.408+0000][1][safepoint    ] Application time: 0.0001001 seconds
[2022-06-13T03:26:00.408+0000][1][safepoint    ] Entering safepoint region: RevokeBias
[2022-06-13T03:26:00.408+0000][1][safepoint    ] Leaving safepoint region
[2022-06-13T03:26:00.408+0000][1][safepoint    ] Total time for which application threads were stopped: 0.0003556 seconds, Stopping threads took: 0.0001703 seconds
[2022-06-13T03:26:00.409+0000][1][safepoint    ] Application time: 0.0000959 seconds
[2022-06-13T03:26:00.409+0000][1][safepoint    ] Entering safepoint region: BulkRevokeBias
[2022-06-13T03:26:00.409+0000][1][safepoint    ] Leaving safepoint region
[2022-06-13T03:26:00.409+0000][1][safepoint    ] Total time for which application threads were stopped: 0.0003691 seconds, Stopping threads took: 0.0001540 seconds
[2022-06-13T03:26:00.438+0000][1][safepoint    ] Application time: 0.0291122 seconds
[2022-06-13T03:26:00.439+0000][1][safepoint    ] Entering safepoint region: RevokeBias
[2022-06-13T03:26:00.439+0000][1][safepoint    ] Leaving safepoint region
[2022-06-13T03:26:00.439+0000][1][safepoint    ] Total time for which application threads were stopped: 0.0005139 seconds, Stopping threads took: 0.0002364 seconds
[2022-06-13T03:26:00.551+0000][1][safepoint    ] Application time: 0.1111985 seconds
[2022-06-13T03:26:00.551+0000][1][safepoint    ] Entering safepoint region: GenCollectForAllocation
[2022-06-13T03:26:00.551+0000][1][gc,start     ] GC(21) Pause Young (Allocation Failure)
[2022-06-13T03:26:00.552+0000][1][gc,task      ] GC(21) Using 5 workers of 13 for evacuation
[2022-06-13T03:26:00.557+0000][1][gc,age       ] GC(21) Desired survivor size 4456448 bytes, new threshold 2 (max threshold 6)
[2022-06-13T03:26:00.557+0000][1][gc,age       ] GC(21) Age table with threshold 2 (max threshold 6)
[2022-06-13T03:26:00.557+0000][1][gc,age       ] GC(21) - age   1:    3998216 bytes,    3998216 total
[2022-06-13T03:26:00.558+0000][1][gc,age       ] GC(21) - age   2:    1506480 bytes,    5504696 total
[2022-06-13T03:26:00.558+0000][1][gc,age       ] GC(21) - age   3:    2795968 bytes,    8300664 total
[2022-06-13T03:26:00.558+0000][1][gc,heap      ] GC(21) ParNew: 77272K->8704K(78656K)
[2022-06-13T03:26:00.559+0000][1][gc,heap      ] GC(21) CMS: 59812K->59851K(174784K)
[2022-06-13T03:26:00.559+0000][1][gc,metaspace ] GC(21) Metaspace: 62603K->62603K(1105920K)
[2022-06-13T03:26:00.559+0000][1][gc           ] GC(21) Pause Young (Allocation Failure) 133M->66M(247M) 8.099ms
[2022-06-13T03:26:00.560+0000][1][gc,cpu       ] GC(21) User=0.02s Sys=0.00s Real=0.01s
[2022-06-13T03:26:00.560+0000][1][safepoint    ] Leaving safepoint region
[2022-06-13T03:26:00.560+0000][1][safepoint    ] Total time for which application threads were stopped: 0.0091029 seconds, Stopping threads took: 0.0002200 seconds
[2022-06-13T03:26:00.571+0000][1][safepoint    ] Application time: 0.0108542 seconds
[2022-06-13T03:26:00.571+0000][1][safepoint    ] Entering safepoint region: Deoptimize
[2022-06-13T03:26:00.572+0000][1][safepoint    ] Leaving safepoint region
[2022-06-13T03:26:00.572+0000][1][safepoint    ] Total time for which application threads were stopped: 0.0006904 seconds, Stopping threads took: 0.0000928 seconds
[2022-06-13T03:26:00.577+0000][1][safepoint    ] Application time: 0.0048529 seconds
[2022-06-13T03:26:00.577+0000][1][safepoint    ] Entering safepoint region: BulkRevokeBias
[2022-06-13T03:26:00.578+0000][1][safepoint    ] Leaving safepoint region
[2022-06-13T03:26:00.578+0000][1][safepoint    ] Total time for which application threads were stopped: 0.0004425 seconds, Stopping threads took: 0.0002318 seconds
[2022-06-13T03:26:00.579+0000][1][safepoint    ] Application time: 0.0010032 seconds
[2022-06-13T03:26:00.579+0000][1][safepoint    ] Entering safepoint region: RevokeBias
[2022-06-13T03:26:00.579+0000][1][safepoint    ] Leaving safepoint region
[2022-06-13T03:26:00.580+0000][1][safepoint    ] Total time for which application threads were stopped: 0.0006843 seconds, Stopping threads took: 0.0004095 seconds
[2022-06-13T03:26:00.580+0000][1][safepoint    ] Application time: 0.0003440 seconds
[2022-06-13T03:26:00.580+0000][1][safepoint    ] Entering safepoint region: RevokeBias
[2022-06-13T03:26:00.581+0000][1][safepoint    ] Leaving safepoint region
[2022-06-13T03:26:00.581+0000][1][safepoint    ] Total time for which application threads were stopped: 0.0004623 seconds, Stopping threads took: 0.0001880 seconds
[2022-06-13T03:26:00.581+0000][1][safepoint    ] Application time: 0.0000648 seconds
[2022-06-13T03:26:00.581+0000][1][safepoint    ] Entering safepoint region: RevokeBias
[2022-06-13T03:26:00.581+0000][1][safepoint    ] Leaving safepoint region
[2022-06-13T03:26:00.581+0000][1][safepoint    ] Total time for which application threads were stopped: 0.0002736 seconds, Stopping threads took: 0.0001124 seconds
[2022-06-13T03:26:00.582+0000][1][safepoint    ] Application time: 0.0001592 seconds
[2022-06-13T03:26:00.582+0000][1][safepoint    ] Entering safepoint region: RevokeBias
[2022-06-13T03:26:00.582+0000][1][safepoint    ] Leaving safepoint region
[2022-06-13T03:26:00.582+0000][1][safepoint    ] Total time for which application threads were stopped: 0.0002045 seconds, Stopping threads took: 0.0000936 seconds
[2022-06-13T03:26:00.582+0000][1][safepoint    ] Application time: 0.0001784 seconds
[2022-06-13T03:26:00.582+0000][1][safepoint    ] Entering safepoint region: RevokeBias
[2022-06-13T03:26:00.582+0000][1][safepoint    ] Leaving safepoint region
[2022-06-13T03:26:00.583+0000][1][safepoint    ] Total time for which application threads were stopped: 0.0002232 seconds, Stopping threads took: 0.0001000 seconds
[2022-06-13T03:26:00.583+0000][1][safepoint    ] Application time: 0.0001952 seconds
[2022-06-13T03:26:00.583+0000][1][safepoint    ] Entering safepoint region: RevokeBias
[2022-06-13T03:26:00.583+0000][1][safepoint    ] Leaving safepoint region
[2022-06-13T03:26:00.583+0000][1][safepoint    ] Total time for which application threads were stopped: 0.0002237 seconds, Stopping threads took: 0.0001024 seconds
[2022-06-13T03:26:00.583+0000][1][safepoint    ] Application time: 0.0000709 seconds
[2022-06-13T03:26:00.584+0000][1][safepoint    ] Entering safepoint region: RevokeBias
[2022-06-13T03:26:00.584+0000][1][safepoint    ] Leaving safepoint region
[2022-06-13T03:26:00.584+0000][1][safepoint    ] Total time for which application threads were stopped: 0.0003158 seconds, Stopping threads took: 0.0001377 seconds
[2022-06-13T03:26:00.585+0000][1][safepoint    ] Application time: 0.0012096 seconds
[2022-06-13T03:26:00.585+0000][1][safepoint    ] Entering safepoint region: RevokeBias
[2022-06-13T03:26:00.586+0000][1][safepoint    ] Leaving safepoint region
[2022-06-13T03:26:00.586+0000][1][safepoint    ] Total time for which application threads were stopped: 0.0003152 seconds, Stopping threads took: 0.0001538 seconds
[2022-06-13T03:26:00.586+0000][1][safepoint    ] Application time: 0.0000909 seconds
[2022-06-13T03:26:00.586+0000][1][safepoint    ] Entering safepoint region: RevokeBias
[2022-06-13T03:26:00.586+0000][1][safepoint    ] Leaving safepoint region
[2022-06-13T03:26:00.586+0000][1][safepoint    ] Total time for which application threads were stopped: 0.0002105 seconds, Stopping threads took: 0.0000833 seconds
[2022-06-13T03:26:00.588+0000][1][safepoint    ] Application time: 0.0015949 seconds
[2022-06-13T03:26:00.588+0000][1][safepoint    ] Entering safepoint region: Deoptimize
[2022-06-13T03:26:00.589+0000][1][safepoint    ] Leaving safepoint region
[2022-06-13T03:26:00.589+0000][1][safepoint    ] Total time for which application threads were stopped: 0.0006802 seconds, Stopping threads took: 0.0001317 seconds
[2022-06-13T03:26:00.589+0000][1][safepoint    ] Application time: 0.0004895 seconds
[2022-06-13T03:26:00.589+0000][1][safepoint    ] Entering safepoint region: RevokeBias
[2022-06-13T03:26:00.589+0000][1][safepoint    ] Leaving safepoint region
[2022-06-13T03:26:00.590+0000][1][safepoint    ] Total time for which application threads were stopped: 0.0001576 seconds, Stopping threads took: 0.0000756 seconds
[2022-06-13T03:26:00.614+0000][1][safepoint    ] Application time: 0.0242625 seconds
[2022-06-13T03:26:00.614+0000][1][safepoint    ] Entering safepoint region: RevokeBias
[2022-06-13T03:26:00.614+0000][1][safepoint    ] Leaving safepoint region
[2022-06-13T03:26:00.615+0000][1][safepoint    ] Total time for which application threads were stopped: 0.0005773 seconds, Stopping threads took: 0.0002549 seconds
[2022-06-13T03:26:00.615+0000][1][safepoint    ] Application time: 0.0002494 seconds
[2022-06-13T03:26:00.615+0000][1][safepoint    ] Entering safepoint region: RevokeBias
[2022-06-13T03:26:00.615+0000][1][safepoint    ] Leaving safepoint region
[2022-06-13T03:26:00.616+0000][1][safepoint    ] Total time for which application threads were stopped: 0.0003673 seconds, Stopping threads took: 0.0001679 seconds
[2022-06-13T03:26:00.618+0000][1][safepoint    ] Application time: 0.0021831 seconds
[2022-06-13T03:26:00.618+0000][1][safepoint    ] Entering safepoint region: RevokeBias
[2022-06-13T03:26:00.618+0000][1][safepoint    ] Leaving safepoint region
[2022-06-13T03:26:00.619+0000][1][safepoint    ] Total time for which application threads were stopped: 0.0004548 seconds, Stopping threads took: 0.0002360 seconds
[2022-06-13T03:26:00.619+0000][1][safepoint    ] Application time: 0.0000939 seconds
[2022-06-13T03:26:00.619+0000][1][safepoint    ] Entering safepoint region: RevokeBias
[2022-06-13T03:26:00.619+0000][1][safepoint    ] Leaving safepoint region
[2022-06-13T03:26:00.620+0000][1][safepoint    ] Total time for which application threads were stopped: 0.0005683 seconds, Stopping threads took: 0.0004047 seconds
[2022-06-13T03:26:00.620+0000][1][safepoint    ] Application time: 0.0000871 seconds
[2022-06-13T03:26:00.620+0000][1][safepoint    ] Entering safepoint region: RevokeBias
[2022-06-13T03:26:00.620+0000][1][safepoint    ] Leaving safepoint region
[2022-06-13T03:26:00.620+0000][1][safepoint    ] Total time for which application threads were stopped: 0.0003815 seconds, Stopping threads took: 0.0001853 seconds
[2022-06-13T03:26:00.621+0000][1][safepoint    ] Application time: 0.0000348 seconds
[2022-06-13T03:26:00.621+0000][1][safepoint    ] Entering safepoint region: RevokeBias
[2022-06-13T03:26:00.621+0000][1][safepoint    ] Leaving safepoint region
[2022-06-13T03:26:00.621+0000][1][safepoint    ] Total time for which application threads were stopped: 0.0005030 seconds, Stopping threads took: 0.0002185 seconds
[2022-06-13T03:26:00.622+0000][1][safepoint    ] Application time: 0.0000752 seconds
[2022-06-13T03:26:00.622+0000][1][safepoint    ] Entering safepoint region: RevokeBias
[2022-06-13T03:26:00.622+0000][1][safepoint    ] Leaving safepoint region
[2022-06-13T03:26:00.622+0000][1][safepoint    ] Total time for which application threads were stopped: 0.0004676 seconds, Stopping threads took: 0.0001757 seconds
[2022-06-13T03:26:00.623+0000][1][safepoint    ] Application time: 0.0006735 seconds
[2022-06-13T03:26:00.623+0000][1][safepoint    ] Entering safepoint region: RevokeBias
[2022-06-13T03:26:00.624+0000][1][safepoint    ] Leaving safepoint region
[2022-06-13T03:26:00.624+0000][1][safepoint    ] Total time for which application threads were stopped: 0.0003173 seconds, Stopping threads took: 0.0001809 seconds
[2022-06-13T03:26:00.624+0000][1][safepoint    ] Application time: 0.0000841 seconds
[2022-06-13T03:26:00.624+0000][1][safepoint    ] Entering safepoint region: RevokeBias
[2022-06-13T03:26:00.624+0000][1][safepoint    ] Leaving safepoint region
[2022-06-13T03:26:00.624+0000][1][safepoint    ] Total time for which application threads were stopped: 0.0002674 seconds, Stopping threads took: 0.0001374 seconds
[2022-06-13T03:26:00.625+0000][1][safepoint    ] Application time: 0.0005600 seconds
[2022-06-13T03:26:00.625+0000][1][safepoint    ] Entering safepoint region: RevokeBias
[2022-06-13T03:26:00.625+0000][1][safepoint    ] Leaving safepoint region
[2022-06-13T03:26:00.625+0000][1][safepoint    ] Total time for which application threads were stopped: 0.0002528 seconds, Stopping threads took: 0.0001592 seconds
[2022-06-13T03:26:00.626+0000][1][safepoint    ] Application time: 0.0005652 seconds
[2022-06-13T03:26:00.626+0000][1][safepoint    ] Entering safepoint region: RevokeBias
[2022-06-13T03:26:00.626+0000][1][safepoint    ] Leaving safepoint region
[2022-06-13T03:26:00.626+0000][1][safepoint    ] Total time for which application threads were stopped: 0.0002287 seconds, Stopping threads took: 0.0001307 seconds
[2022-06-13T03:26:00.627+0000][1][safepoint    ] Application time: 0.0005606 seconds
[2022-06-13T03:26:00.627+0000][1][safepoint    ] Entering safepoint region: RevokeBias
[2022-06-13T03:26:00.627+0000][1][safepoint    ] Leaving safepoint region
[2022-06-13T03:26:00.627+0000][1][safepoint    ] Total time for which application threads were stopped: 0.0002109 seconds, Stopping threads took: 0.0001030 seconds
[2022-06-13T03:26:00.627+0000][1][safepoint    ] Application time: 0.0000823 seconds
[2022-06-13T03:26:00.628+0000][1][safepoint    ] Entering safepoint region: RevokeBias
[2022-06-13T03:26:00.628+0000][1][safepoint    ] Leaving safepoint region
[2022-06-13T03:26:00.628+0000][1][safepoint    ] Total time for which application threads were stopped: 0.0001944 seconds, Stopping threads took: 0.0000989 seconds
[2022-06-13T03:26:00.628+0000][1][safepoint    ] Application time: 0.0006495 seconds
[2022-06-13T03:26:00.629+0000][1][safepoint    ] Entering safepoint region: RevokeBias
[2022-06-13T03:26:00.629+0000][1][safepoint    ] Leaving safepoint region
[2022-06-13T03:26:00.629+0000][1][safepoint    ] Total time for which application threads were stopped: 0.0002520 seconds, Stopping threads took: 0.0001262 seconds
[2022-06-13T03:26:00.629+0000][1][safepoint    ] Application time: 0.0001311 seconds
[2022-06-13T03:26:00.629+0000][1][safepoint    ] Entering safepoint region: RevokeBias
[2022-06-13T03:26:00.630+0000][1][safepoint    ] Leaving safepoint region
[2022-06-13T03:26:00.630+0000][1][safepoint    ] Total time for which application threads were stopped: 0.0002937 seconds, Stopping threads took: 0.0001479 seconds
[2022-06-13T03:26:00.630+0000][1][safepoint    ] Application time: 0.0000804 seconds
[2022-06-13T03:26:00.630+0000][1][safepoint    ] Entering safepoint region: RevokeBias
[2022-06-13T03:26:00.630+0000][1][safepoint    ] Leaving safepoint region
[2022-06-13T03:26:00.630+0000][1][safepoint    ] Total time for which application threads were stopped: 0.0001928 seconds, Stopping threads took: 0.0000933 seconds
[2022-06-13T03:26:00.630+0000][1][safepoint    ] Application time: 0.0002518 seconds
[2022-06-13T03:26:00.630+0000][1][safepoint    ] Entering safepoint region: RevokeBias
[2022-06-13T03:26:00.631+0000][1][safepoint    ] Leaving safepoint region
[2022-06-13T03:26:00.631+0000][1][safepoint    ] Total time for which application threads were stopped: 0.0003910 seconds, Stopping threads took: 0.0000842 seconds
[2022-06-13T03:26:00.631+0000][1][safepoint    ] Application time: 0.0000810 seconds
[2022-06-13T03:26:00.631+0000][1][safepoint    ] Entering safepoint region: RevokeBias
[2022-06-13T03:26:00.631+0000][1][safepoint    ] Leaving safepoint region
[2022-06-13T03:26:00.631+0000][1][safepoint    ] Total time for which application threads were stopped: 0.0001878 seconds, Stopping threads took: 0.0000845 seconds
[2022-06-13T03:26:00.634+0000][1][safepoint    ] Application time: 0.0021097 seconds
[2022-06-13T03:26:00.634+0000][1][safepoint    ] Entering safepoint region: RevokeBias
[2022-06-13T03:26:00.634+0000][1][safepoint    ] Leaving safepoint region
[2022-06-13T03:26:00.634+0000][1][safepoint    ] Total time for which application threads were stopped: 0.0002941 seconds, Stopping threads took: 0.0001500 seconds
[2022-06-13T03:26:00.634+0000][1][safepoint    ] Application time: 0.0001012 seconds
[2022-06-13T03:26:00.634+0000][1][safepoint    ] Entering safepoint region: RevokeBias
[2022-06-13T03:26:00.634+0000][1][safepoint    ] Leaving safepoint region
[2022-06-13T03:26:00.634+0000][1][safepoint    ] Total time for which application threads were stopped: 0.0002381 seconds, Stopping threads took: 0.0001280 seconds
[2022-06-13T03:26:00.636+0000][1][safepoint    ] Application time: 0.0015334 seconds
[2022-06-13T03:26:00.636+0000][1][safepoint    ] Entering safepoint region: RevokeBias
[2022-06-13T03:26:00.636+0000][1][safepoint    ] Leaving safepoint region
[2022-06-13T03:26:00.636+0000][1][safepoint    ] Total time for which application threads were stopped: 0.0002733 seconds, Stopping threads took: 0.0001415 seconds
[2022-06-13T03:26:00.637+0000][1][safepoint    ] Application time: 0.0001158 seconds
[2022-06-13T03:26:00.637+0000][1][safepoint    ] Entering safepoint region: RevokeBias
[2022-06-13T03:26:00.637+0000][1][safepoint    ] Leaving safepoint region
[2022-06-13T03:26:00.637+0000][1][safepoint    ] Total time for which application threads were stopped: 0.0003101 seconds, Stopping threads took: 0.0001741 seconds
[2022-06-13T03:26:00.637+0000][1][safepoint    ] Application time: 0.0001371 seconds
[2022-06-13T03:26:00.638+0000][1][safepoint    ] Entering safepoint region: RevokeBias
[2022-06-13T03:26:00.638+0000][1][safepoint    ] Leaving safepoint region
[2022-06-13T03:26:00.638+0000][1][safepoint    ] Total time for which application threads were stopped: 0.0002611 seconds, Stopping threads took: 0.0001311 seconds
[2022-06-13T03:26:00.638+0000][1][safepoint    ] Application time: 0.0001750 seconds
[2022-06-13T03:26:00.638+0000][1][safepoint    ] Entering safepoint region: RevokeBias
[2022-06-13T03:26:00.638+0000][1][safepoint    ] Leaving safepoint region
[2022-06-13T03:26:00.639+0000][1][safepoint    ] Total time for which application threads were stopped: 0.0003389 seconds, Stopping threads took: 0.0001498 seconds
[2022-06-13T03:26:00.639+0000][1][safepoint    ] Application time: 0.0001271 seconds
[2022-06-13T03:26:00.639+0000][1][safepoint    ] Entering safepoint region: RevokeBias
[2022-06-13T03:26:00.639+0000][1][safepoint    ] Leaving safepoint region
[2022-06-13T03:26:00.639+0000][1][safepoint    ] Total time for which application threads were stopped: 0.0003798 seconds, Stopping threads took: 0.0000918 seconds
[2022-06-13T03:26:00.639+0000][1][safepoint    ] Application time: 0.0000598 seconds
[2022-06-13T03:26:00.640+0000][1][safepoint    ] Entering safepoint region: RevokeBias
[2022-06-13T03:26:00.640+0000][1][safepoint    ] Leaving safepoint region
[2022-06-13T03:26:00.640+0000][1][safepoint    ] Total time for which application threads were stopped: 0.0002332 seconds, Stopping threads took: 0.0001122 seconds
[2022-06-13T03:26:00.640+0000][1][safepoint    ] Application time: 0.0000790 seconds
[2022-06-13T03:26:00.640+0000][1][safepoint    ] Entering safepoint region: RevokeBias
[2022-06-13T03:26:00.640+0000][1][safepoint    ] Leaving safepoint region
[2022-06-13T03:26:00.640+0000][1][safepoint    ] Total time for which application threads were stopped: 0.0002933 seconds, Stopping threads took: 0.0001605 seconds
[2022-06-13T03:26:00.641+0000][1][safepoint    ] Application time: 0.0002218 seconds
[2022-06-13T03:26:00.641+0000][1][safepoint    ] Entering safepoint region: RevokeBias
[2022-06-13T03:26:00.641+0000][1][safepoint    ] Leaving safepoint region
[2022-06-13T03:26:00.641+0000][1][safepoint    ] Total time for which application threads were stopped: 0.0002911 seconds, Stopping threads took: 0.0001264 seconds
[2022-06-13T03:26:00.641+0000][1][safepoint    ] Application time: 0.0002183 seconds
[2022-06-13T03:26:00.642+0000][1][safepoint    ] Entering safepoint region: RevokeBias
[2022-06-13T03:26:00.642+0000][1][safepoint    ] Leaving safepoint region
[2022-06-13T03:26:00.642+0000][1][safepoint    ] Total time for which application threads were stopped: 0.0003377 seconds, Stopping threads took: 0.0001708 seconds
[2022-06-13T03:26:00.642+0000][1][safepoint    ] Application time: 0.0002881 seconds
[2022-06-13T03:26:00.643+0000][1][safepoint    ] Entering safepoint region: BulkRevokeBias
[2022-06-13T03:26:00.643+0000][1][safepoint    ] Leaving safepoint region
[2022-06-13T03:26:00.643+0000][1][safepoint    ] Total time for which application threads were stopped: 0.0005134 seconds, Stopping threads took: 0.0003054 seconds
[2022-06-13T03:26:00.644+0000][1][safepoint    ] Application time: 0.0010783 seconds
[2022-06-13T03:26:00.644+0000][1][safepoint    ] Entering safepoint region: RevokeBias
[2022-06-13T03:26:00.645+0000][1][safepoint    ] Leaving safepoint region
[2022-06-13T03:26:00.645+0000][1][safepoint    ] Total time for which application threads were stopped: 0.0002904 seconds, Stopping threads took: 0.0001453 seconds
[2022-06-13T03:26:00.645+0000][1][safepoint    ] Application time: 0.0000683 seconds
[2022-06-13T03:26:00.645+0000][1][safepoint    ] Entering safepoint region: RevokeBias
[2022-06-13T03:26:00.645+0000][1][safepoint    ] Leaving safepoint region
[2022-06-13T03:26:00.645+0000][1][safepoint    ] Total time for which application threads were stopped: 0.0002788 seconds, Stopping threads took: 0.0001133 seconds
[2022-06-13T03:26:00.648+0000][1][safepoint    ] Application time: 0.0023847 seconds
[2022-06-13T03:26:00.648+0000][1][safepoint    ] Entering safepoint region: RevokeBias
[2022-06-13T03:26:00.648+0000][1][safepoint    ] Leaving safepoint region
[2022-06-13T03:26:00.648+0000][1][safepoint    ] Total time for which application threads were stopped: 0.0002893 seconds, Stopping threads took: 0.0001217 seconds
[2022-06-13T03:26:00.649+0000][1][safepoint    ] Application time: 0.0002195 seconds
[2022-06-13T03:26:00.649+0000][1][safepoint    ] Entering safepoint region: RevokeBias
[2022-06-13T03:26:00.649+0000][1][safepoint    ] Leaving safepoint region
[2022-06-13T03:26:00.649+0000][1][safepoint    ] Total time for which application threads were stopped: 0.0004677 seconds, Stopping threads took: 0.0002011 seconds
[2022-06-13T03:26:00.650+0000][1][safepoint    ] Application time: 0.0001059 seconds
[2022-06-13T03:26:00.650+0000][1][safepoint    ] Entering safepoint region: RevokeBias
[2022-06-13T03:26:00.650+0000][1][safepoint    ] Leaving safepoint region
[2022-06-13T03:26:00.650+0000][1][safepoint    ] Total time for which application threads were stopped: 0.0004616 seconds, Stopping threads took: 0.0002663 seconds
[2022-06-13T03:26:00.650+0000][1][safepoint    ] Application time: 0.0000848 seconds
[2022-06-13T03:26:00.651+0000][1][safepoint    ] Entering safepoint region: RevokeBias
[2022-06-13T03:26:00.651+0000][1][safepoint    ] Leaving safepoint region
[2022-06-13T03:26:00.651+0000][1][safepoint    ] Total time for which application threads were stopped: 0.0003983 seconds, Stopping threads took: 0.0002049 seconds
[2022-06-13T03:26:00.653+0000][1][safepoint    ] Application time: 0.0022322 seconds
[2022-06-13T03:26:00.654+0000][1][safepoint    ] Entering safepoint region: RevokeBias
[2022-06-13T03:26:00.654+0000][1][safepoint    ] Leaving safepoint region
[2022-06-13T03:26:00.654+0000][1][safepoint    ] Total time for which application threads were stopped: 0.0004468 seconds, Stopping threads took: 0.0002396 seconds
[2022-06-13T03:26:00.654+0000][1][safepoint    ] Application time: 0.0000999 seconds
[2022-06-13T03:26:00.654+0000][1][safepoint    ] Entering safepoint region: RevokeBias
[2022-06-13T03:26:00.655+0000][1][safepoint    ] Leaving safepoint region
[2022-06-13T03:26:00.655+0000][1][safepoint    ] Total time for which application threads were stopped: 0.0002993 seconds, Stopping threads took: 0.0001456 seconds
[2022-06-13T03:26:00.657+0000][1][safepoint    ] Application time: 0.0019685 seconds
[2022-06-13T03:26:00.657+0000][1][safepoint    ] Entering safepoint region: RevokeBias
[2022-06-13T03:26:00.657+0000][1][safepoint    ] Leaving safepoint region
[2022-06-13T03:26:00.657+0000][1][safepoint    ] Total time for which application threads were stopped: 0.0003147 seconds, Stopping threads took: 0.0001605 seconds
[2022-06-13T03:26:00.660+0000][1][safepoint    ] Application time: 0.0023749 seconds
[2022-06-13T03:26:00.660+0000][1][safepoint    ] Entering safepoint region: RevokeBias
[2022-06-13T03:26:00.660+0000][1][safepoint    ] Leaving safepoint region
[2022-06-13T03:26:00.660+0000][1][safepoint    ] Total time for which application threads were stopped: 0.0005470 seconds, Stopping threads took: 0.0003785 seconds
[2022-06-13T03:26:00.661+0000][1][safepoint    ] Application time: 0.0002362 seconds
[2022-06-13T03:26:00.661+0000][1][safepoint    ] Entering safepoint region: RevokeBias
[2022-06-13T03:26:00.661+0000][1][safepoint    ] Leaving safepoint region
[2022-06-13T03:26:00.661+0000][1][safepoint    ] Total time for which application threads were stopped: 0.0003212 seconds, Stopping threads took: 0.0001287 seconds
[2022-06-13T03:26:00.662+0000][1][safepoint    ] Application time: 0.0004432 seconds
[2022-06-13T03:26:00.662+0000][1][safepoint    ] Entering safepoint region: RevokeBias
[2022-06-13T03:26:00.662+0000][1][safepoint    ] Leaving safepoint region
[2022-06-13T03:26:00.663+0000][1][safepoint    ] Total time for which application threads were stopped: 0.0006184 seconds, Stopping threads took: 0.0001854 seconds
[2022-06-13T03:26:00.663+0000][1][safepoint    ] Application time: 0.0005514 seconds
[2022-06-13T03:26:00.664+0000][1][safepoint    ] Entering safepoint region: RevokeBias
[2022-06-13T03:26:00.664+0000][1][safepoint    ] Leaving safepoint region
[2022-06-13T03:26:00.664+0000][1][safepoint    ] Total time for which application threads were stopped: 0.0004250 seconds, Stopping threads took: 0.0002502 seconds
[2022-06-13T03:26:00.667+0000][1][safepoint    ] Application time: 0.0025725 seconds
[2022-06-13T03:26:00.667+0000][1][safepoint    ] Entering safepoint region: RevokeBias
[2022-06-13T03:26:00.667+0000][1][safepoint    ] Leaving safepoint region
[2022-06-13T03:26:00.667+0000][1][safepoint    ] Total time for which application threads were stopped: 0.0004529 seconds, Stopping threads took: 0.0001088 seconds
[2022-06-13T03:26:00.668+0000][1][safepoint    ] Application time: 0.0000748 seconds
[2022-06-13T03:26:00.668+0000][1][safepoint    ] Entering safepoint region: RevokeBias
[2022-06-13T03:26:00.668+0000][1][safepoint    ] Leaving safepoint region
[2022-06-13T03:26:00.669+0000][1][safepoint    ] Total time for which application threads were stopped: 0.0006413 seconds, Stopping threads took: 0.0003089 seconds
[2022-06-13T03:26:00.676+0000][1][safepoint    ] Application time: 0.0074892 seconds
[2022-06-13T03:26:00.677+0000][1][safepoint    ] Entering safepoint region: RevokeBias
[2022-06-13T03:26:00.677+0000][1][safepoint    ] Leaving safepoint region
[2022-06-13T03:26:00.677+0000][1][safepoint    ] Total time for which application threads were stopped: 0.0004269 seconds, Stopping threads took: 0.0001444 seconds
[2022-06-13T03:26:00.686+0000][1][safepoint    ] Application time: 0.0089259 seconds
[2022-06-13T03:26:00.686+0000][1][safepoint    ] Entering safepoint region: RevokeBias
[2022-06-13T03:26:00.687+0000][1][safepoint    ] Leaving safepoint region
[2022-06-13T03:26:00.687+0000][1][safepoint    ] Total time for which application threads were stopped: 0.0005926 seconds, Stopping threads took: 0.0002700 seconds
[2022-06-13T03:26:00.689+0000][1][safepoint    ] Application time: 0.0017693 seconds
[2022-06-13T03:26:00.689+0000][1][safepoint    ] Entering safepoint region: RevokeBias
[2022-06-13T03:26:00.690+0000][1][safepoint    ] Leaving safepoint region
[2022-06-13T03:26:00.690+0000][1][safepoint    ] Total time for which application threads were stopped: 0.0005636 seconds, Stopping threads took: 0.0002508 seconds
[2022-06-13T03:26:00.690+0000][1][safepoint    ] Application time: 0.0003176 seconds
[2022-06-13T03:26:00.691+0000][1][safepoint    ] Entering safepoint region: RevokeBias
[2022-06-13T03:26:00.691+0000][1][safepoint    ] Leaving safepoint region
[2022-06-13T03:26:00.691+0000][1][safepoint    ] Total time for which application threads were stopped: 0.0005189 seconds, Stopping threads took: 0.0002485 seconds
[2022-06-13T03:26:00.692+0000][1][safepoint    ] Application time: 0.0001404 seconds
[2022-06-13T03:26:00.692+0000][1][safepoint    ] Entering safepoint region: RevokeBias
[2022-06-13T03:26:00.692+0000][1][safepoint    ] Leaving safepoint region
[2022-06-13T03:26:00.692+0000][1][safepoint    ] Total time for which application threads were stopped: 0.0004974 seconds, Stopping threads took: 0.0001533 seconds
[2022-06-13T03:26:00.693+0000][1][safepoint    ] Application time: 0.0000824 seconds
[2022-06-13T03:26:00.693+0000][1][safepoint    ] Entering safepoint region: RevokeBias
[2022-06-13T03:26:00.693+0000][1][safepoint    ] Leaving safepoint region
[2022-06-13T03:26:00.693+0000][1][safepoint    ] Total time for which application threads were stopped: 0.0004658 seconds, Stopping threads took: 0.0001398 seconds
[2022-06-13T03:26:00.694+0000][1][safepoint    ] Application time: 0.0003845 seconds
[2022-06-13T03:26:00.694+0000][1][safepoint    ] Entering safepoint region: RevokeBias
[2022-06-13T03:26:00.694+0000][1][safepoint    ] Leaving safepoint region
[2022-06-13T03:26:00.695+0000][1][safepoint    ] Total time for which application threads were stopped: 0.0005269 seconds, Stopping threads took: 0.0003023 seconds
[2022-06-13T03:26:00.707+0000][1][safepoint    ] Application time: 0.0120197 seconds
[2022-06-13T03:26:00.707+0000][1][safepoint    ] Entering safepoint region: RevokeBias
[2022-06-13T03:26:00.707+0000][1][safepoint    ] Leaving safepoint region
[2022-06-13T03:26:00.708+0000][1][safepoint    ] Total time for which application threads were stopped: 0.0006383 seconds, Stopping threads took: 0.0003931 seconds
[2022-06-13T03:26:00.708+0000][1][safepoint    ] Application time: 0.0007614 seconds
[2022-06-13T03:26:00.709+0000][1][safepoint    ] Entering safepoint region: RevokeBias
[2022-06-13T03:26:00.709+0000][1][safepoint    ] Leaving safepoint region
[2022-06-13T03:26:00.710+0000][1][safepoint    ] Total time for which application threads were stopped: 0.0006433 seconds, Stopping threads took: 0.0004304 seconds
[2022-06-13T03:26:00.713+0000][1][safepoint    ] Application time: 0.0029007 seconds
[2022-06-13T03:26:00.713+0000][1][safepoint    ] Entering safepoint region: RevokeBias
[2022-06-13T03:26:00.713+0000][1][safepoint    ] Leaving safepoint region
[2022-06-13T03:26:00.713+0000][1][safepoint    ] Total time for which application threads were stopped: 0.0003473 seconds, Stopping threads took: 0.0001915 seconds
[2022-06-13T03:26:00.716+0000][1][safepoint    ] Application time: 0.0028553 seconds
[2022-06-13T03:26:00.717+0000][1][safepoint    ] Entering safepoint region: RevokeBias
[2022-06-13T03:26:00.717+0000][1][safepoint    ] Leaving safepoint region
[2022-06-13T03:26:00.718+0000][1][safepoint    ] Total time for which application threads were stopped: 0.0008605 seconds, Stopping threads took: 0.0004894 seconds
[2022-06-13T03:26:00.720+0000][1][safepoint    ] Application time: 0.0014486 seconds
[2022-06-13T03:26:00.720+0000][1][safepoint    ] Entering safepoint region: RevokeBias
[2022-06-13T03:26:00.720+0000][1][safepoint    ] Leaving safepoint region
[2022-06-13T03:26:00.720+0000][1][safepoint    ] Total time for which application threads were stopped: 0.0006876 seconds, Stopping threads took: 0.0003648 seconds
[2022-06-13T03:26:00.721+0000][1][safepoint    ] Application time: 0.0003424 seconds
[2022-06-13T03:26:00.721+0000][1][safepoint    ] Entering safepoint region: RevokeBias
[2022-06-13T03:26:00.721+0000][1][safepoint    ] Leaving safepoint region
[2022-06-13T03:26:00.722+0000][1][safepoint    ] Total time for which application threads were stopped: 0.0008445 seconds, Stopping threads took: 0.0003580 seconds
[2022-06-13T03:26:00.723+0000][1][safepoint    ] Application time: 0.0002759 seconds
[2022-06-13T03:26:00.723+0000][1][safepoint    ] Entering safepoint region: RevokeBias
[2022-06-13T03:26:00.723+0000][1][safepoint    ] Leaving safepoint region
[2022-06-13T03:26:00.723+0000][1][safepoint    ] Total time for which application threads were stopped: 0.0007017 seconds, Stopping threads took: 0.0003853 seconds
[2022-06-13T03:26:00.724+0000][1][safepoint    ] Application time: 0.0001406 seconds
[2022-06-13T03:26:00.724+0000][1][safepoint    ] Entering safepoint region: RevokeBias
[2022-06-13T03:26:00.725+0000][1][safepoint    ] Leaving safepoint region
[2022-06-13T03:26:00.725+0000][1][safepoint    ] Total time for which application threads were stopped: 0.0006364 seconds, Stopping threads took: 0.0004403 seconds
[2022-06-13T03:26:00.725+0000][1][safepoint    ] Application time: 0.0002416 seconds
[2022-06-13T03:26:00.725+0000][1][safepoint    ] Entering safepoint region: RevokeBias
[2022-06-13T03:26:00.726+0000][1][safepoint    ] Leaving safepoint region
[2022-06-13T03:26:00.726+0000][1][safepoint    ] Total time for which application threads were stopped: 0.0009430 seconds, Stopping threads took: 0.0005637 seconds
[2022-06-13T03:26:00.727+0000][1][safepoint    ] Application time: 0.0002834 seconds
[2022-06-13T03:26:00.727+0000][1][safepoint    ] Entering safepoint region: RevokeBias
[2022-06-13T03:26:00.727+0000][1][safepoint    ] Leaving safepoint region
[2022-06-13T03:26:00.728+0000][1][safepoint    ] Total time for which application threads were stopped: 0.0006670 seconds, Stopping threads took: 0.0002467 seconds
[2022-06-13T03:26:00.728+0000][1][safepoint    ] Application time: 0.0004773 seconds
[2022-06-13T03:26:00.729+0000][1][safepoint    ] Entering safepoint region: RevokeBias
[2022-06-13T03:26:00.729+0000][1][safepoint    ] Leaving safepoint region
[2022-06-13T03:26:00.729+0000][1][safepoint    ] Total time for which application threads were stopped: 0.0006921 seconds, Stopping threads took: 0.0004036 seconds
[2022-06-13T03:26:00.730+0000][1][safepoint    ] Application time: 0.0002883 seconds
[2022-06-13T03:26:00.730+0000][1][safepoint    ] Entering safepoint region: RevokeBias
[2022-06-13T03:26:00.730+0000][1][safepoint    ] Leaving safepoint region
[2022-06-13T03:26:00.730+0000][1][safepoint    ] Total time for which application threads were stopped: 0.0002730 seconds, Stopping threads took: 0.0001317 seconds
[2022-06-13T03:26:00.731+0000][1][safepoint    ] Application time: 0.0003259 seconds
[2022-06-13T03:26:00.731+0000][1][safepoint    ] Entering safepoint region: RevokeBias
[2022-06-13T03:26:00.731+0000][1][safepoint    ] Leaving safepoint region
[2022-06-13T03:26:00.731+0000][1][safepoint    ] Total time for which application threads were stopped: 0.0003243 seconds, Stopping threads took: 0.0001879 seconds
[2022-06-13T03:26:00.731+0000][1][safepoint    ] Application time: 0.0001660 seconds
[2022-06-13T03:26:00.732+0000][1][safepoint    ] Entering safepoint region: RevokeBias
[2022-06-13T03:26:00.732+0000][1][safepoint    ] Leaving safepoint region
[2022-06-13T03:26:00.732+0000][1][safepoint    ] Total time for which application threads were stopped: 0.0003052 seconds, Stopping threads took: 0.0001544 seconds
[2022-06-13T03:26:00.732+0000][1][safepoint    ] Application time: 0.0003806 seconds
[2022-06-13T03:26:00.733+0000][1][safepoint    ] Entering safepoint region: RevokeBias
[2022-06-13T03:26:00.733+0000][1][safepoint    ] Leaving safepoint region
[2022-06-13T03:26:00.733+0000][1][safepoint    ] Total time for which application threads were stopped: 0.0003500 seconds, Stopping threads took: 0.0001929 seconds
[2022-06-13T03:26:00.733+0000][1][safepoint    ] Application time: 0.0003480 seconds
[2022-06-13T03:26:00.734+0000][1][safepoint    ] Entering safepoint region: RevokeBias
[2022-06-13T03:26:00.734+0000][1][safepoint    ] Leaving safepoint region
[2022-06-13T03:26:00.734+0000][1][safepoint    ] Total time for which application threads were stopped: 0.0002934 seconds, Stopping threads took: 0.0001483 seconds
[2022-06-13T03:26:00.734+0000][1][safepoint    ] Application time: 0.0003502 seconds
[2022-06-13T03:26:00.734+0000][1][safepoint    ] Entering safepoint region: RevokeBias
[2022-06-13T03:26:00.735+0000][1][safepoint    ] Leaving safepoint region
[2022-06-13T03:26:00.735+0000][1][safepoint    ] Total time for which application threads were stopped: 0.0002919 seconds, Stopping threads took: 0.0001570 seconds
[2022-06-13T03:26:00.735+0000][1][safepoint    ] Application time: 0.0002141 seconds
[2022-06-13T03:26:00.735+0000][1][safepoint    ] Entering safepoint region: RevokeBias
[2022-06-13T03:26:00.735+0000][1][safepoint    ] Leaving safepoint region
[2022-06-13T03:26:00.736+0000][1][safepoint    ] Total time for which application threads were stopped: 0.0003038 seconds, Stopping threads took: 0.0001603 seconds
[2022-06-13T03:26:00.736+0000][1][safepoint    ] Application time: 0.0001065 seconds
[2022-06-13T03:26:00.736+0000][1][safepoint    ] Entering safepoint region: RevokeBias
[2022-06-13T03:26:00.736+0000][1][safepoint    ] Leaving safepoint region
[2022-06-13T03:26:00.736+0000][1][safepoint    ] Total time for which application threads were stopped: 0.0002664 seconds, Stopping threads took: 0.0001295 seconds
[2022-06-13T03:26:00.737+0000][1][safepoint    ] Application time: 0.0001913 seconds
[2022-06-13T03:26:00.737+0000][1][safepoint    ] Entering safepoint region: RevokeBias
[2022-06-13T03:26:00.737+0000][1][safepoint    ] Leaving safepoint region
[2022-06-13T03:26:00.737+0000][1][safepoint    ] Total time for which application threads were stopped: 0.0002854 seconds, Stopping threads took: 0.0001123 seconds
[2022-06-13T03:26:00.737+0000][1][safepoint    ] Application time: 0.0002139 seconds
[2022-06-13T03:26:00.737+0000][1][safepoint    ] Entering safepoint region: RevokeBias
[2022-06-13T03:26:00.737+0000][1][safepoint    ] Leaving safepoint region
[2022-06-13T03:26:00.738+0000][1][safepoint    ] Total time for which application threads were stopped: 0.0002563 seconds, Stopping threads took: 0.0001144 seconds
[2022-06-13T03:26:00.738+0000][1][safepoint    ] Application time: 0.0005220 seconds
[2022-06-13T03:26:00.738+0000][1][safepoint    ] Entering safepoint region: RevokeBias
[2022-06-13T03:26:00.739+0000][1][safepoint    ] Leaving safepoint region
[2022-06-13T03:26:00.739+0000][1][safepoint    ] Total time for which application threads were stopped: 0.0002694 seconds, Stopping threads took: 0.0001305 seconds
[2022-06-13T03:26:00.740+0000][1][safepoint    ] Application time: 0.0009739 seconds
[2022-06-13T03:26:00.740+0000][1][safepoint    ] Entering safepoint region: RevokeBias
[2022-06-13T03:26:00.740+0000][1][safepoint    ] Leaving safepoint region
[2022-06-13T03:26:00.740+0000][1][safepoint    ] Total time for which application threads were stopped: 0.0002580 seconds, Stopping threads took: 0.0001123 seconds
[2022-06-13T03:26:00.741+0000][1][safepoint    ] Application time: 0.0010899 seconds
[2022-06-13T03:26:00.741+0000][1][safepoint    ] Entering safepoint region: RevokeBias
[2022-06-13T03:26:00.742+0000][1][safepoint    ] Leaving safepoint region
[2022-06-13T03:26:00.742+0000][1][safepoint    ] Total time for which application threads were stopped: 0.0003078 seconds, Stopping threads took: 0.0001481 seconds
[2022-06-13T03:26:00.742+0000][1][safepoint    ] Application time: 0.0002997 seconds
[2022-06-13T03:26:00.742+0000][1][safepoint    ] Entering safepoint region: RevokeBias
[2022-06-13T03:26:00.742+0000][1][safepoint    ] Leaving safepoint region
[2022-06-13T03:26:00.743+0000][1][safepoint    ] Total time for which application threads were stopped: 0.0002494 seconds, Stopping threads took: 0.0001195 seconds
[2022-06-13T03:26:00.745+0000][1][safepoint    ] Application time: 0.0021449 seconds
[2022-06-13T03:26:00.745+0000][1][safepoint    ] Entering safepoint region: BulkRevokeBias
[2022-06-13T03:26:00.745+0000][1][safepoint    ] Leaving safepoint region
[2022-06-13T03:26:00.745+0000][1][safepoint    ] Total time for which application threads were stopped: 0.0003525 seconds, Stopping threads took: 0.0000980 seconds
[2022-06-13T03:26:00.746+0000][1][safepoint    ] Application time: 0.0003565 seconds
[2022-06-13T03:26:00.746+0000][1][safepoint    ] Entering safepoint region: RevokeBias
[2022-06-13T03:26:00.746+0000][1][safepoint    ] Leaving safepoint region
[2022-06-13T03:26:00.746+0000][1][safepoint    ] Total time for which application threads were stopped: 0.0002594 seconds, Stopping threads took: 0.0001276 seconds
[2022-06-13T03:26:00.749+0000][1][safepoint    ] Application time: 0.0025328 seconds
[2022-06-13T03:26:00.749+0000][1][safepoint    ] Entering safepoint region: RevokeBias
[2022-06-13T03:26:00.749+0000][1][safepoint    ] Leaving safepoint region
[2022-06-13T03:26:00.749+0000][1][safepoint    ] Total time for which application threads were stopped: 0.0003437 seconds, Stopping threads took: 0.0001239 seconds
[2022-06-13T03:26:00.754+0000][1][safepoint    ] Application time: 0.0046821 seconds
[2022-06-13T03:26:00.754+0000][1][safepoint    ] Entering safepoint region: RevokeBias
[2022-06-13T03:26:00.754+0000][1][safepoint    ] Leaving safepoint region
[2022-06-13T03:26:00.755+0000][1][safepoint    ] Total time for which application threads were stopped: 0.0004294 seconds, Stopping threads took: 0.0001300 seconds
[2022-06-13T03:26:00.756+0000][1][safepoint    ] Application time: 0.0012459 seconds
[2022-06-13T03:26:00.757+0000][1][safepoint    ] Entering safepoint region: RevokeBias
[2022-06-13T03:26:00.757+0000][1][safepoint    ] Leaving safepoint region
[2022-06-13T03:26:00.757+0000][1][safepoint    ] Total time for which application threads were stopped: 0.0006215 seconds, Stopping threads took: 0.0003466 seconds
[2022-06-13T03:26:00.758+0000][1][safepoint    ] Application time: 0.0003766 seconds
[2022-06-13T03:26:00.758+0000][1][safepoint    ] Entering safepoint region: RevokeBias
[2022-06-13T03:26:00.758+0000][1][safepoint    ] Leaving safepoint region
[2022-06-13T03:26:00.758+0000][1][safepoint    ] Total time for which application threads were stopped: 0.0006370 seconds, Stopping threads took: 0.0003018 seconds
[2022-06-13T03:26:00.759+0000][1][safepoint    ] Application time: 0.0005529 seconds
[2022-06-13T03:26:00.759+0000][1][safepoint    ] Entering safepoint region: BulkRevokeBias
[2022-06-13T03:26:00.760+0000][1][safepoint    ] Leaving safepoint region
[2022-06-13T03:26:00.760+0000][1][safepoint    ] Total time for which application threads were stopped: 0.0005282 seconds, Stopping threads took: 0.0002224 seconds
[2022-06-13T03:26:00.760+0000][1][safepoint    ] Application time: 0.0003369 seconds
[2022-06-13T03:26:00.761+0000][1][safepoint    ] Entering safepoint region: RevokeBias
[2022-06-13T03:26:00.761+0000][1][safepoint    ] Leaving safepoint region
[2022-06-13T03:26:00.761+0000][1][safepoint    ] Total time for which application threads were stopped: 0.0005999 seconds, Stopping threads took: 0.0003349 seconds
[2022-06-13T03:26:00.762+0000][1][safepoint    ] Application time: 0.0004399 seconds
[2022-06-13T03:26:00.762+0000][1][safepoint    ] Entering safepoint region: RevokeBias
[2022-06-13T03:26:00.762+0000][1][safepoint    ] Leaving safepoint region
[2022-06-13T03:26:00.762+0000][1][safepoint    ] Total time for which application threads were stopped: 0.0003536 seconds, Stopping threads took: 0.0001611 seconds
[2022-06-13T03:26:00.763+0000][1][safepoint    ] Application time: 0.0003595 seconds
[2022-06-13T03:26:00.763+0000][1][safepoint    ] Entering safepoint region: RevokeBias
[2022-06-13T03:26:00.764+0000][1][safepoint    ] Leaving safepoint region
[2022-06-13T03:26:00.764+0000][1][safepoint    ] Total time for which application threads were stopped: 0.0005665 seconds, Stopping threads took: 0.0003779 seconds
[2022-06-13T03:26:00.764+0000][1][safepoint    ] Application time: 0.0003342 seconds
[2022-06-13T03:26:00.764+0000][1][safepoint    ] Entering safepoint region: RevokeBias
[2022-06-13T03:26:00.765+0000][1][safepoint    ] Leaving safepoint region
[2022-06-13T03:26:00.765+0000][1][safepoint    ] Total time for which application threads were stopped: 0.0005004 seconds, Stopping threads took: 0.0002216 seconds
[2022-06-13T03:26:00.765+0000][1][safepoint    ] Application time: 0.0005036 seconds
[2022-06-13T03:26:00.766+0000][1][safepoint    ] Entering safepoint region: RevokeBias
[2022-06-13T03:26:00.766+0000][1][safepoint    ] Leaving safepoint region
[2022-06-13T03:26:00.766+0000][1][safepoint    ] Total time for which application threads were stopped: 0.0004267 seconds, Stopping threads took: 0.0001913 seconds
[2022-06-13T03:26:00.767+0000][1][safepoint    ] Application time: 0.0003764 seconds
[2022-06-13T03:26:00.767+0000][1][safepoint    ] Entering safepoint region: RevokeBias
[2022-06-13T03:26:00.767+0000][1][safepoint    ] Leaving safepoint region
[2022-06-13T03:26:00.767+0000][1][safepoint    ] Total time for which application threads were stopped: 0.0003861 seconds, Stopping threads took: 0.0002237 seconds
[2022-06-13T03:26:00.768+0000][1][safepoint    ] Application time: 0.0003504 seconds
[2022-06-13T03:26:00.768+0000][1][safepoint    ] Entering safepoint region: RevokeBias
[2022-06-13T03:26:00.768+0000][1][safepoint    ] Leaving safepoint region
[2022-06-13T03:26:00.768+0000][1][safepoint    ] Total time for which application threads were stopped: 0.0004574 seconds, Stopping threads took: 0.0002250 seconds
[2022-06-13T03:26:00.769+0000][1][safepoint    ] Application time: 0.0002465 seconds
[2022-06-13T03:26:00.769+0000][1][safepoint    ] Entering safepoint region: RevokeBias
[2022-06-13T03:26:00.769+0000][1][safepoint    ] Leaving safepoint region
[2022-06-13T03:26:00.770+0000][1][safepoint    ] Total time for which application threads were stopped: 0.0005251 seconds, Stopping threads took: 0.0002498 seconds
[2022-06-13T03:26:00.804+0000][1][safepoint    ] Application time: 0.0339972 seconds
[2022-06-13T03:26:00.804+0000][1][safepoint    ] Entering safepoint region: RevokeBias
[2022-06-13T03:26:00.804+0000][1][safepoint    ] Leaving safepoint region
[2022-06-13T03:26:00.804+0000][1][safepoint    ] Total time for which application threads were stopped: 0.0005171 seconds, Stopping threads took: 0.0002701 seconds
[2022-06-13T03:26:00.807+0000][1][safepoint    ] Application time: 0.0021864 seconds
[2022-06-13T03:26:00.807+0000][1][safepoint    ] Entering safepoint region: RevokeBias
[2022-06-13T03:26:00.808+0000][1][safepoint    ] Leaving safepoint region
[2022-06-13T03:26:00.808+0000][1][safepoint    ] Total time for which application threads were stopped: 0.0007568 seconds, Stopping threads took: 0.0003860 seconds
[2022-06-13T03:26:00.808+0000][1][safepoint    ] Application time: 0.0001794 seconds
[2022-06-13T03:26:00.809+0000][1][safepoint    ] Entering safepoint region: RevokeBias
[2022-06-13T03:26:00.809+0000][1][safepoint    ] Leaving safepoint region
[2022-06-13T03:26:00.809+0000][1][safepoint    ] Total time for which application threads were stopped: 0.0004235 seconds, Stopping threads took: 0.0001805 seconds
[2022-06-13T03:26:00.812+0000][1][safepoint    ] Application time: 0.0024410 seconds
[2022-06-13T03:26:00.812+0000][1][safepoint    ] Entering safepoint region: RevokeBias
[2022-06-13T03:26:00.812+0000][1][safepoint    ] Leaving safepoint region
[2022-06-13T03:26:00.813+0000][1][safepoint    ] Total time for which application threads were stopped: 0.0006207 seconds, Stopping threads took: 0.0002147 seconds
[2022-06-13T03:26:00.813+0000][1][safepoint    ] Application time: 0.0002141 seconds
[2022-06-13T03:26:00.814+0000][1][safepoint    ] Entering safepoint region: RevokeBias
[2022-06-13T03:26:00.814+0000][1][safepoint    ] Leaving safepoint region
[2022-06-13T03:26:00.814+0000][1][safepoint    ] Total time for which application threads were stopped: 0.0006446 seconds, Stopping threads took: 0.0004062 seconds
[2022-06-13T03:26:00.815+0000][1][safepoint    ] Application time: 0.0001338 seconds
[2022-06-13T03:26:00.815+0000][1][safepoint    ] Entering safepoint region: RevokeBias
[2022-06-13T03:26:00.815+0000][1][safepoint    ] Leaving safepoint region
[2022-06-13T03:26:00.816+0000][1][safepoint    ] Total time for which application threads were stopped: 0.0004792 seconds, Stopping threads took: 0.0002319 seconds
[2022-06-13T03:26:00.816+0000][1][safepoint    ] Application time: 0.0001310 seconds
[2022-06-13T03:26:00.816+0000][1][safepoint    ] Entering safepoint region: RevokeBias
[2022-06-13T03:26:00.816+0000][1][safepoint    ] Leaving safepoint region
[2022-06-13T03:26:00.816+0000][1][safepoint    ] Total time for which application threads were stopped: 0.0004357 seconds, Stopping threads took: 0.0002119 seconds
[2022-06-13T03:26:00.817+0000][1][safepoint    ] Application time: 0.0001341 seconds
[2022-06-13T03:26:00.817+0000][1][safepoint    ] Entering safepoint region: RevokeBias
[2022-06-13T03:26:00.817+0000][1][safepoint    ] Leaving safepoint region
[2022-06-13T03:26:00.817+0000][1][safepoint    ] Total time for which application threads were stopped: 0.0004013 seconds, Stopping threads took: 0.0001989 seconds
[2022-06-13T03:26:00.818+0000][1][safepoint    ] Application time: 0.0001027 seconds
[2022-06-13T03:26:00.818+0000][1][safepoint    ] Entering safepoint region: RevokeBias
[2022-06-13T03:26:00.818+0000][1][safepoint    ] Leaving safepoint region
[2022-06-13T03:26:00.818+0000][1][safepoint    ] Total time for which application threads were stopped: 0.0006594 seconds, Stopping threads took: 0.0002793 seconds
[2022-06-13T03:26:00.819+0000][1][safepoint    ] Application time: 0.0000884 seconds
[2022-06-13T03:26:00.819+0000][1][safepoint    ] Entering safepoint region: RevokeBias
[2022-06-13T03:26:00.820+0000][1][safepoint    ] Leaving safepoint region
[2022-06-13T03:26:00.820+0000][1][safepoint    ] Total time for which application threads were stopped: 0.0007521 seconds, Stopping threads took: 0.0002833 seconds
[2022-06-13T03:26:00.821+0000][1][safepoint    ] Application time: 0.0001944 seconds
[2022-06-13T03:26:00.821+0000][1][safepoint    ] Entering safepoint region: RevokeBias
[2022-06-13T03:26:00.821+0000][1][safepoint    ] Leaving safepoint region
[2022-06-13T03:26:00.821+0000][1][safepoint    ] Total time for which application threads were stopped: 0.0004342 seconds, Stopping threads took: 0.0001190 seconds
[2022-06-13T03:26:00.856+0000][1][safepoint    ] Application time: 0.0345200 seconds
[2022-06-13T03:26:00.857+0000][1][safepoint    ] Entering safepoint region: RevokeBias
[2022-06-13T03:26:00.857+0000][1][safepoint    ] Leaving safepoint region
[2022-06-13T03:26:00.857+0000][1][safepoint    ] Total time for which application threads were stopped: 0.0008821 seconds, Stopping threads took: 0.0004024 seconds
[2022-06-13T03:26:00.906+0000][1][safepoint    ] Application time: 0.0485409 seconds
[2022-06-13T03:26:00.907+0000][1][safepoint    ] Entering safepoint region: RevokeBias
[2022-06-13T03:26:00.907+0000][1][safepoint    ] Leaving safepoint region
[2022-06-13T03:26:00.907+0000][1][safepoint    ] Total time for which application threads were stopped: 0.0006181 seconds, Stopping threads took: 0.0002745 seconds
[2022-06-13T03:26:00.908+0000][1][safepoint    ] Application time: 0.0001196 seconds
[2022-06-13T03:26:00.908+0000][1][safepoint    ] Entering safepoint region: RevokeBias
[2022-06-13T03:26:00.908+0000][1][safepoint    ] Leaving safepoint region
[2022-06-13T03:26:00.908+0000][1][safepoint    ] Total time for which application threads were stopped: 0.0004615 seconds, Stopping threads took: 0.0001702 seconds
[2022-06-13T03:26:00.914+0000][1][safepoint    ] Application time: 0.0051026 seconds
[2022-06-13T03:26:00.914+0000][1][safepoint    ] Entering safepoint region: RevokeBias
[2022-06-13T03:26:00.915+0000][1][safepoint    ] Leaving safepoint region
[2022-06-13T03:26:00.915+0000][1][safepoint    ] Total time for which application threads were stopped: 0.0007219 seconds, Stopping threads took: 0.0003055 seconds
[2022-06-13T03:26:00.916+0000][1][safepoint    ] Application time: 0.0011449 seconds
[2022-06-13T03:26:00.917+0000][1][safepoint    ] Entering safepoint region: BulkRevokeBias
[2022-06-13T03:26:00.917+0000][1][safepoint    ] Leaving safepoint region
[2022-06-13T03:26:00.918+0000][1][safepoint    ] Total time for which application threads were stopped: 0.0010700 seconds, Stopping threads took: 0.0003979 seconds
[2022-06-13T03:26:00.942+0000][1][safepoint    ] Application time: 0.0240281 seconds
[2022-06-13T03:26:00.942+0000][1][safepoint    ] Entering safepoint region: RevokeBias
[2022-06-13T03:26:00.943+0000][1][safepoint    ] Leaving safepoint region
[2022-06-13T03:26:00.943+0000][1][safepoint    ] Total time for which application threads were stopped: 0.0013079 seconds, Stopping threads took: 0.0007581 seconds
[2022-06-13T03:26:00.944+0000][1][safepoint    ] Application time: 0.0005701 seconds
[2022-06-13T03:26:00.945+0000][1][safepoint    ] Entering safepoint region: RevokeBias
[2022-06-13T03:26:00.945+0000][1][safepoint    ] Leaving safepoint region
[2022-06-13T03:26:00.945+0000][1][safepoint    ] Total time for which application threads were stopped: 0.0004837 seconds, Stopping threads took: 0.0002024 seconds
[2022-06-13T03:26:00.946+0000][1][safepoint    ] Application time: 0.0004715 seconds
[2022-06-13T03:26:00.946+0000][1][safepoint    ] Entering safepoint region: RevokeBias
[2022-06-13T03:26:00.946+0000][1][safepoint    ] Leaving safepoint region
[2022-06-13T03:26:00.947+0000][1][safepoint    ] Total time for which application threads were stopped: 0.0007775 seconds, Stopping threads took: 0.0002980 seconds
[2022-06-13T03:26:00.947+0000][1][safepoint    ] Application time: 0.0002036 seconds
[2022-06-13T03:26:00.947+0000][1][safepoint    ] Entering safepoint region: RevokeBias
[2022-06-13T03:26:00.948+0000][1][safepoint    ] Leaving safepoint region
[2022-06-13T03:26:00.948+0000][1][safepoint    ] Total time for which application threads were stopped: 0.0007877 seconds, Stopping threads took: 0.0005723 seconds
[2022-06-13T03:26:00.949+0000][1][safepoint    ] Application time: 0.0005478 seconds
[2022-06-13T03:26:00.949+0000][1][safepoint    ] Entering safepoint region: RevokeBias
[2022-06-13T03:26:00.949+0000][1][safepoint    ] Leaving safepoint region
[2022-06-13T03:26:00.950+0000][1][safepoint    ] Total time for which application threads were stopped: 0.0008224 seconds, Stopping threads took: 0.0002822 seconds
[2022-06-13T03:26:00.951+0000][1][safepoint    ] Application time: 0.0003780 seconds
[2022-06-13T03:26:00.951+0000][1][safepoint    ] Entering safepoint region: RevokeBias
[2022-06-13T03:26:00.951+0000][1][safepoint    ] Leaving safepoint region
[2022-06-13T03:26:00.951+0000][1][safepoint    ] Total time for which application threads were stopped: 0.0006579 seconds, Stopping threads took: 0.0003664 seconds
[2022-06-13T03:26:00.952+0000][1][safepoint    ] Application time: 0.0003264 seconds
[2022-06-13T03:26:00.952+0000][1][safepoint    ] Entering safepoint region: BulkRevokeBias
[2022-06-13T03:26:00.953+0000][1][safepoint    ] Leaving safepoint region
[2022-06-13T03:26:00.953+0000][1][safepoint    ] Total time for which application threads were stopped: 0.0008621 seconds, Stopping threads took: 0.0002346 seconds
[2022-06-13T03:26:00.954+0000][1][safepoint    ] Application time: 0.0004586 seconds
[2022-06-13T03:26:00.954+0000][1][safepoint    ] Entering safepoint region: RevokeBias
[2022-06-13T03:26:00.954+0000][1][safepoint    ] Leaving safepoint region
[2022-06-13T03:26:00.954+0000][1][safepoint    ] Total time for which application threads were stopped: 0.0005005 seconds, Stopping threads took: 0.0002412 seconds
[2022-06-13T03:26:00.955+0000][1][safepoint    ] Application time: 0.0003112 seconds
[2022-06-13T03:26:00.955+0000][1][safepoint    ] Entering safepoint region: RevokeBias
[2022-06-13T03:26:00.956+0000][1][safepoint    ] Leaving safepoint region
[2022-06-13T03:26:00.956+0000][1][safepoint    ] Total time for which application threads were stopped: 0.0008147 seconds, Stopping threads took: 0.0004864 seconds
[2022-06-13T03:26:00.956+0000][1][safepoint    ] Application time: 0.0004634 seconds
[2022-06-13T03:26:00.957+0000][1][safepoint    ] Entering safepoint region: RevokeBias
[2022-06-13T03:26:00.957+0000][1][safepoint    ] Leaving safepoint region
[2022-06-13T03:26:00.957+0000][1][safepoint    ] Total time for which application threads were stopped: 0.0006551 seconds, Stopping threads took: 0.0003211 seconds
[2022-06-13T03:26:00.958+0000][1][safepoint    ] Application time: 0.0005111 seconds
[2022-06-13T03:26:00.958+0000][1][safepoint    ] Entering safepoint region: RevokeBias
[2022-06-13T03:26:00.959+0000][1][safepoint    ] Leaving safepoint region
[2022-06-13T03:26:00.959+0000][1][safepoint    ] Total time for which application threads were stopped: 0.0006134 seconds, Stopping threads took: 0.0002761 seconds
[2022-06-13T03:26:00.968+0000][1][safepoint    ] Application time: 0.0089632 seconds
[2022-06-13T03:26:00.968+0000][1][safepoint    ] Entering safepoint region: RevokeBias
[2022-06-13T03:26:00.969+0000][1][safepoint    ] Leaving safepoint region
[2022-06-13T03:26:00.969+0000][1][safepoint    ] Total time for which application threads were stopped: 0.0004129 seconds, Stopping threads took: 0.0001769 seconds
[2022-06-13T03:26:00.970+0000][1][safepoint    ] Application time: 0.0006296 seconds
[2022-06-13T03:26:00.970+0000][1][safepoint    ] Entering safepoint region: RevokeBias
[2022-06-13T03:26:00.970+0000][1][safepoint    ] Leaving safepoint region
[2022-06-13T03:26:00.970+0000][1][safepoint    ] Total time for which application threads were stopped: 0.0005490 seconds, Stopping threads took: 0.0003470 seconds
[2022-06-13T03:26:00.970+0000][1][safepoint    ] Application time: 0.0001105 seconds
[2022-06-13T03:26:00.971+0000][1][safepoint    ] Entering safepoint region: RevokeBias
[2022-06-13T03:26:00.971+0000][1][safepoint    ] Leaving safepoint region
[2022-06-13T03:26:00.971+0000][1][safepoint    ] Total time for which application threads were stopped: 0.0002903 seconds, Stopping threads took: 0.0001644 seconds
[2022-06-13T03:26:00.971+0000][1][safepoint    ] Application time: 0.0003762 seconds
[2022-06-13T03:26:00.972+0000][1][safepoint    ] Entering safepoint region: RevokeBias
[2022-06-13T03:26:00.972+0000][1][safepoint    ] Leaving safepoint region
[2022-06-13T03:26:00.972+0000][1][safepoint    ] Total time for which application threads were stopped: 0.0003747 seconds, Stopping threads took: 0.0001718 seconds
[2022-06-13T03:26:00.972+0000][1][safepoint    ] Application time: 0.0001396 seconds
[2022-06-13T03:26:00.972+0000][1][safepoint    ] Entering safepoint region: BulkRevokeBias
[2022-06-13T03:26:00.973+0000][1][safepoint    ] Leaving safepoint region
[2022-06-13T03:26:00.973+0000][1][safepoint    ] Total time for which application threads were stopped: 0.0009573 seconds, Stopping threads took: 0.0002142 seconds
[2022-06-13T03:26:00.974+0000][1][safepoint    ] Application time: 0.0002076 seconds
[2022-06-13T03:26:00.974+0000][1][safepoint    ] Entering safepoint region: RevokeBias
[2022-06-13T03:26:00.975+0000][1][safepoint    ] Leaving safepoint region
[2022-06-13T03:26:00.975+0000][1][safepoint    ] Total time for which application threads were stopped: 0.0009301 seconds, Stopping threads took: 0.0004859 seconds
[2022-06-13T03:26:00.976+0000][1][safepoint    ] Application time: 0.0002557 seconds
[2022-06-13T03:26:00.976+0000][1][safepoint    ] Entering safepoint region: RevokeBias
[2022-06-13T03:26:00.976+0000][1][safepoint    ] Leaving safepoint region
[2022-06-13T03:26:00.976+0000][1][safepoint    ] Total time for which application threads were stopped: 0.0006851 seconds, Stopping threads took: 0.0003545 seconds
[2022-06-13T03:26:00.977+0000][1][safepoint    ] Application time: 0.0003453 seconds
[2022-06-13T03:26:00.977+0000][1][safepoint    ] Entering safepoint region: BulkRevokeBias
[2022-06-13T03:26:00.978+0000][1][safepoint    ] Leaving safepoint region
[2022-06-13T03:26:00.978+0000][1][safepoint    ] Total time for which application threads were stopped: 0.0006387 seconds, Stopping threads took: 0.0001820 seconds
[2022-06-13T03:26:00.979+0000][1][safepoint    ] Application time: 0.0006224 seconds
[2022-06-13T03:26:00.979+0000][1][safepoint    ] Entering safepoint region: RevokeBias
[2022-06-13T03:26:00.979+0000][1][safepoint    ] Leaving safepoint region
[2022-06-13T03:26:00.980+0000][1][safepoint    ] Total time for which application threads were stopped: 0.0006854 seconds, Stopping threads took: 0.0005222 seconds
[2022-06-13T03:26:00.980+0000][1][safepoint    ] Application time: 0.0002035 seconds
[2022-06-13T03:26:00.980+0000][1][safepoint    ] Entering safepoint region: RevokeBias
[2022-06-13T03:26:00.980+0000][1][safepoint    ] Leaving safepoint region
[2022-06-13T03:26:00.980+0000][1][safepoint    ] Total time for which application threads were stopped: 0.0002954 seconds, Stopping threads took: 0.0001519 seconds
[2022-06-13T03:26:00.981+0000][1][safepoint    ] Application time: 0.0007654 seconds
[2022-06-13T03:26:00.981+0000][1][safepoint    ] Entering safepoint region: RevokeBias
[2022-06-13T03:26:00.982+0000][1][safepoint    ] Leaving safepoint region
[2022-06-13T03:26:00.982+0000][1][safepoint    ] Total time for which application threads were stopped: 0.0004918 seconds, Stopping threads took: 0.0003298 seconds
[2022-06-13T03:26:00.982+0000][1][safepoint    ] Application time: 0.0003413 seconds
[2022-06-13T03:26:00.983+0000][1][safepoint    ] Entering safepoint region: RevokeBias
[2022-06-13T03:26:00.983+0000][1][safepoint    ] Leaving safepoint region
[2022-06-13T03:26:00.983+0000][1][safepoint    ] Total time for which application threads were stopped: 0.0003345 seconds, Stopping threads took: 0.0001836 seconds
[2022-06-13T03:26:00.990+0000][1][safepoint    ] Application time: 0.0071545 seconds
[2022-06-13T03:26:00.991+0000][1][safepoint    ] Entering safepoint region: RevokeBias
[2022-06-13T03:26:00.991+0000][1][safepoint    ] Leaving safepoint region
[2022-06-13T03:26:00.991+0000][1][safepoint    ] Total time for which application threads were stopped: 0.0008563 seconds, Stopping threads took: 0.0003865 seconds
[2022-06-13T03:26:00.992+0000][1][safepoint    ] Application time: 0.0001444 seconds
[2022-06-13T03:26:00.992+0000][1][safepoint    ] Entering safepoint region: RevokeBias
[2022-06-13T03:26:00.993+0000][1][safepoint    ] Leaving safepoint region
[2022-06-13T03:26:00.993+0000][1][safepoint    ] Total time for which application threads were stopped: 0.0008353 seconds, Stopping threads took: 0.0004246 seconds
[2022-06-13T03:26:00.994+0000][1][safepoint    ] Application time: 0.0001486 seconds
[2022-06-13T03:26:00.994+0000][1][safepoint    ] Entering safepoint region: RevokeBias
[2022-06-13T03:26:00.994+0000][1][safepoint    ] Leaving safepoint region
[2022-06-13T03:26:00.994+0000][1][safepoint    ] Total time for which application threads were stopped: 0.0003277 seconds, Stopping threads took: 0.0001836 seconds
[2022-06-13T03:26:00.995+0000][1][safepoint    ] Application time: 0.0006466 seconds
[2022-06-13T03:26:00.995+0000][1][safepoint    ] Entering safepoint region: RevokeBias
[2022-06-13T03:26:00.995+0000][1][safepoint    ] Leaving safepoint region
[2022-06-13T03:26:00.995+0000][1][safepoint    ] Total time for which application threads were stopped: 0.0003025 seconds, Stopping threads took: 0.0001591 seconds
[2022-06-13T03:26:00.996+0000][1][safepoint    ] Application time: 0.0002013 seconds
[2022-06-13T03:26:00.996+0000][1][safepoint    ] Entering safepoint region: RevokeBias
[2022-06-13T03:26:00.996+0000][1][safepoint    ] Leaving safepoint region
[2022-06-13T03:26:00.996+0000][1][safepoint    ] Total time for which application threads were stopped: 0.0002653 seconds, Stopping threads took: 0.0001139 seconds
[2022-06-13T03:26:00.996+0000][1][safepoint    ] Application time: 0.0000613 seconds
[2022-06-13T03:26:00.996+0000][1][safepoint    ] Entering safepoint region: RevokeBias
[2022-06-13T03:26:00.997+0000][1][safepoint    ] Leaving safepoint region
[2022-06-13T03:26:00.997+0000][1][safepoint    ] Total time for which application threads were stopped: 0.0002129 seconds, Stopping threads took: 0.0000929 seconds
[2022-06-13T03:26:01.010+0000][1][safepoint    ] Application time: 0.0131884 seconds
[2022-06-13T03:26:01.010+0000][1][safepoint    ] Entering safepoint region: RevokeBias
[2022-06-13T03:26:01.011+0000][1][safepoint    ] Leaving safepoint region
[2022-06-13T03:26:01.011+0000][1][safepoint    ] Total time for which application threads were stopped: 0.0005691 seconds, Stopping threads took: 0.0002743 seconds
[2022-06-13T03:26:01.011+0000][1][safepoint    ] Application time: 0.0001401 seconds
[2022-06-13T03:26:01.011+0000][1][safepoint    ] Entering safepoint region: RevokeBias
[2022-06-13T03:26:01.012+0000][1][safepoint    ] Leaving safepoint region
[2022-06-13T03:26:01.012+0000][1][safepoint    ] Total time for which application threads were stopped: 0.0006118 seconds, Stopping threads took: 0.0002636 seconds
[2022-06-13T03:26:01.012+0000][1][safepoint    ] Application time: 0.0003389 seconds
[2022-06-13T03:26:01.013+0000][1][safepoint    ] Entering safepoint region: RevokeBias
[2022-06-13T03:26:01.013+0000][1][safepoint    ] Leaving safepoint region
[2022-06-13T03:26:01.013+0000][1][safepoint    ] Total time for which application threads were stopped: 0.0004307 seconds, Stopping threads took: 0.0001943 seconds
[2022-06-13T03:26:01.035+0000][1][safepoint    ] Application time: 0.0215410 seconds
[2022-06-13T03:26:01.035+0000][1][safepoint    ] Entering safepoint region: RevokeBias
[2022-06-13T03:26:01.035+0000][1][safepoint    ] Leaving safepoint region
[2022-06-13T03:26:01.035+0000][1][safepoint    ] Total time for which application threads were stopped: 0.0004466 seconds, Stopping threads took: 0.0001758 seconds
[2022-06-13T03:26:01.041+0000][1][safepoint    ] Application time: 0.0051656 seconds
[2022-06-13T03:26:01.041+0000][1][safepoint    ] Entering safepoint region: RevokeBias
[2022-06-13T03:26:01.041+0000][1][safepoint    ] Leaving safepoint region
[2022-06-13T03:26:01.041+0000][1][safepoint    ] Total time for which application threads were stopped: 0.0003201 seconds, Stopping threads took: 0.0001486 seconds
[2022-06-13T03:26:01.042+0000][1][safepoint    ] Application time: 0.0002342 seconds
[2022-06-13T03:26:01.042+0000][1][safepoint    ] Entering safepoint region: RevokeBias
[2022-06-13T03:26:01.042+0000][1][safepoint    ] Leaving safepoint region
[2022-06-13T03:26:01.042+0000][1][safepoint    ] Total time for which application threads were stopped: 0.0002357 seconds, Stopping threads took: 0.0001045 seconds
[2022-06-13T03:26:01.042+0000][1][safepoint    ] Application time: 0.0000774 seconds
[2022-06-13T03:26:01.042+0000][1][safepoint    ] Entering safepoint region: RevokeBias
[2022-06-13T03:26:01.042+0000][1][safepoint    ] Leaving safepoint region
[2022-06-13T03:26:01.042+0000][1][safepoint    ] Total time for which application threads were stopped: 0.0002602 seconds, Stopping threads took: 0.0000813 seconds
[2022-06-13T03:26:01.043+0000][1][safepoint    ] Application time: 0.0002242 seconds
[2022-06-13T03:26:01.043+0000][1][safepoint    ] Entering safepoint region: RevokeBias
[2022-06-13T03:26:01.043+0000][1][safepoint    ] Leaving safepoint region
[2022-06-13T03:26:01.043+0000][1][safepoint    ] Total time for which application threads were stopped: 0.0002399 seconds, Stopping threads took: 0.0001006 seconds
[2022-06-13T03:26:01.045+0000][1][safepoint    ] Application time: 0.0016714 seconds
[2022-06-13T03:26:01.045+0000][1][safepoint    ] Entering safepoint region: RevokeBias
[2022-06-13T03:26:01.045+0000][1][safepoint    ] Leaving safepoint region
[2022-06-13T03:26:01.045+0000][1][safepoint    ] Total time for which application threads were stopped: 0.0002692 seconds, Stopping threads took: 0.0001089 seconds
[2022-06-13T03:26:01.045+0000][1][safepoint    ] Application time: 0.0001106 seconds
[2022-06-13T03:26:01.046+0000][1][safepoint    ] Entering safepoint region: RevokeBias
[2022-06-13T03:26:01.046+0000][1][safepoint    ] Leaving safepoint region
[2022-06-13T03:26:01.046+0000][1][safepoint    ] Total time for which application threads were stopped: 0.0002336 seconds, Stopping threads took: 0.0001022 seconds
[2022-06-13T03:26:01.046+0000][1][safepoint    ] Application time: 0.0003592 seconds
[2022-06-13T03:26:01.046+0000][1][safepoint    ] Entering safepoint region: RevokeBias
[2022-06-13T03:26:01.047+0000][1][safepoint    ] Leaving safepoint region
[2022-06-13T03:26:01.047+0000][1][safepoint    ] Total time for which application threads were stopped: 0.0002235 seconds, Stopping threads took: 0.0001042 seconds
[2022-06-13T03:26:01.051+0000][1][safepoint    ] Application time: 0.0046925 seconds
[2022-06-13T03:26:01.052+0000][1][safepoint    ] Entering safepoint region: RevokeBias
[2022-06-13T03:26:01.052+0000][1][safepoint    ] Leaving safepoint region
[2022-06-13T03:26:01.052+0000][1][safepoint    ] Total time for which application threads were stopped: 0.0004001 seconds, Stopping threads took: 0.0001394 seconds
[2022-06-13T03:26:01.052+0000][1][safepoint    ] Application time: 0.0001001 seconds
[2022-06-13T03:26:01.052+0000][1][safepoint    ] Entering safepoint region: RevokeBias
[2022-06-13T03:26:01.053+0000][1][safepoint    ] Leaving safepoint region
[2022-06-13T03:26:01.053+0000][1][safepoint    ] Total time for which application threads were stopped: 0.0003276 seconds, Stopping threads took: 0.0001179 seconds
[2022-06-13T03:26:01.083+0000][1][safepoint    ] Application time: 0.0303025 seconds
[2022-06-13T03:26:01.083+0000][1][safepoint    ] Entering safepoint region: Deoptimize
[2022-06-13T03:26:01.084+0000][1][safepoint    ] Leaving safepoint region
[2022-06-13T03:26:01.084+0000][1][safepoint    ] Total time for which application threads were stopped: 0.0009293 seconds, Stopping threads took: 0.0001318 seconds
[2022-06-13T03:26:01.117+0000][1][safepoint    ] Application time: 0.0321035 seconds
[2022-06-13T03:26:01.117+0000][1][safepoint    ] Entering safepoint region: RevokeBias
[2022-06-13T03:26:01.117+0000][1][safepoint    ] Leaving safepoint region
[2022-06-13T03:26:01.117+0000][1][safepoint    ] Total time for which application threads were stopped: 0.0004373 seconds, Stopping threads took: 0.0001480 seconds
[2022-06-13T03:26:01.118+0000][1][safepoint    ] Application time: 0.0000854 seconds
[2022-06-13T03:26:01.118+0000][1][safepoint    ] Entering safepoint region: RevokeBias
[2022-06-13T03:26:01.118+0000][1][safepoint    ] Leaving safepoint region
[2022-06-13T03:26:01.118+0000][1][safepoint    ] Total time for which application threads were stopped: 0.0003169 seconds, Stopping threads took: 0.0001311 seconds
[2022-06-13T03:26:01.124+0000][1][safepoint    ] Application time: 0.0054703 seconds
[2022-06-13T03:26:01.124+0000][1][safepoint    ] Entering safepoint region: RevokeBias
[2022-06-13T03:26:01.124+0000][1][safepoint    ] Leaving safepoint region
[2022-06-13T03:26:01.124+0000][1][safepoint    ] Total time for which application threads were stopped: 0.0002648 seconds, Stopping threads took: 0.0001045 seconds
[2022-06-13T03:26:01.124+0000][1][safepoint    ] Application time: 0.0000819 seconds
[2022-06-13T03:26:01.124+0000][1][safepoint    ] Entering safepoint region: BulkRevokeBias
[2022-06-13T03:26:01.125+0000][1][safepoint    ] Leaving safepoint region
[2022-06-13T03:26:01.125+0000][1][safepoint    ] Total time for which application threads were stopped: 0.0005025 seconds, Stopping threads took: 0.0000976 seconds
[2022-06-13T03:26:01.125+0000][1][safepoint    ] Application time: 0.0000745 seconds
[2022-06-13T03:26:01.125+0000][1][safepoint    ] Entering safepoint region: RevokeBias
[2022-06-13T03:26:01.125+0000][1][safepoint    ] Leaving safepoint region
[2022-06-13T03:26:01.125+0000][1][safepoint    ] Total time for which application threads were stopped: 0.0002352 seconds, Stopping threads took: 0.0000904 seconds
[2022-06-13T03:26:01.126+0000][1][safepoint    ] Application time: 0.0002760 seconds
[2022-06-13T03:26:01.126+0000][1][safepoint    ] Entering safepoint region: RevokeBias
[2022-06-13T03:26:01.126+0000][1][safepoint    ] Leaving safepoint region
[2022-06-13T03:26:01.126+0000][1][safepoint    ] Total time for which application threads were stopped: 0.0003420 seconds, Stopping threads took: 0.0001289 seconds
[2022-06-13T03:26:01.282+0000][1][safepoint    ] Application time: 0.1560223 seconds
[2022-06-13T03:26:01.283+0000][1][safepoint    ] Entering safepoint region: RevokeBias
[2022-06-13T03:26:01.283+0000][1][safepoint    ] Leaving safepoint region
[2022-06-13T03:26:01.283+0000][1][safepoint    ] Total time for which application threads were stopped: 0.0004436 seconds, Stopping threads took: 0.0001586 seconds
[2022-06-13T03:26:01.283+0000][1][safepoint    ] Application time: 0.0001287 seconds
[2022-06-13T03:26:01.284+0000][1][safepoint    ] Entering safepoint region: BulkRevokeBias
[2022-06-13T03:26:01.284+0000][1][safepoint    ] Leaving safepoint region
[2022-06-13T03:26:01.284+0000][1][safepoint    ] Total time for which application threads were stopped: 0.0006762 seconds, Stopping threads took: 0.0001701 seconds
[2022-06-13T03:26:01.285+0000][1][safepoint    ] Application time: 0.0003035 seconds
[2022-06-13T03:26:01.285+0000][1][safepoint    ] Entering safepoint region: RevokeBias
[2022-06-13T03:26:01.285+0000][1][safepoint    ] Leaving safepoint region
[2022-06-13T03:26:01.285+0000][1][safepoint    ] Total time for which application threads were stopped: 0.0003815 seconds, Stopping threads took: 0.0001602 seconds
[2022-06-13T03:26:01.301+0000][1][safepoint    ] Application time: 0.0154705 seconds
[2022-06-13T03:26:01.301+0000][1][safepoint    ] Entering safepoint region: RevokeBias
[2022-06-13T03:26:01.302+0000][1][safepoint    ] Leaving safepoint region
[2022-06-13T03:26:01.302+0000][1][safepoint    ] Total time for which application threads were stopped: 0.0005830 seconds, Stopping threads took: 0.0003403 seconds
[2022-06-13T03:26:01.310+0000][1][safepoint    ] Application time: 0.0079242 seconds
[2022-06-13T03:26:01.310+0000][1][safepoint    ] Entering safepoint region: RevokeBias
[2022-06-13T03:26:01.310+0000][1][safepoint    ] Leaving safepoint region
[2022-06-13T03:26:01.311+0000][1][safepoint    ] Total time for which application threads were stopped: 0.0004927 seconds, Stopping threads took: 0.0001906 seconds
[2022-06-13T03:26:01.312+0000][1][safepoint    ] Application time: 0.0010293 seconds
[2022-06-13T03:26:01.312+0000][1][safepoint    ] Entering safepoint region: RevokeBias
[2022-06-13T03:26:01.312+0000][1][safepoint    ] Leaving safepoint region
[2022-06-13T03:26:01.312+0000][1][safepoint    ] Total time for which application threads were stopped: 0.0003799 seconds, Stopping threads took: 0.0001617 seconds
[2022-06-13T03:26:01.430+0000][1][safepoint    ] Application time: 0.1176415 seconds
[2022-06-13T03:26:01.430+0000][1][safepoint    ] Entering safepoint region: RevokeBias
[2022-06-13T03:26:01.431+0000][1][safepoint    ] Leaving safepoint region
[2022-06-13T03:26:01.431+0000][1][safepoint    ] Total time for which application threads were stopped: 0.0005234 seconds, Stopping threads took: 0.0002506 seconds
[2022-06-13T03:26:01.431+0000][1][safepoint    ] Application time: 0.0000952 seconds
[2022-06-13T03:26:01.431+0000][1][safepoint    ] Entering safepoint region: RevokeBias
[2022-06-13T03:26:01.432+0000][1][safepoint    ] Leaving safepoint region
[2022-06-13T03:26:01.432+0000][1][safepoint    ] Total time for which application threads were stopped: 0.0003391 seconds, Stopping threads took: 0.0001368 seconds
[2022-06-13T03:26:01.432+0000][1][safepoint    ] Application time: 0.0001051 seconds
[2022-06-13T03:26:01.432+0000][1][safepoint    ] Entering safepoint region: RevokeBias
[2022-06-13T03:26:01.432+0000][1][safepoint    ] Leaving safepoint region
[2022-06-13T03:26:01.432+0000][1][safepoint    ] Total time for which application threads were stopped: 0.0003151 seconds, Stopping threads took: 0.0001684 seconds
[2022-06-13T03:26:01.433+0000][1][safepoint    ] Application time: 0.0000604 seconds
[2022-06-13T03:26:01.433+0000][1][safepoint    ] Entering safepoint region: RevokeBias
[2022-06-13T03:26:01.433+0000][1][safepoint    ] Leaving safepoint region
[2022-06-13T03:26:01.433+0000][1][safepoint    ] Total time for which application threads were stopped: 0.0002462 seconds, Stopping threads took: 0.0001144 seconds
[2022-06-13T03:26:01.433+0000][1][safepoint    ] Application time: 0.0001888 seconds
[2022-06-13T03:26:01.433+0000][1][safepoint    ] Entering safepoint region: RevokeBias
[2022-06-13T03:26:01.434+0000][1][safepoint    ] Leaving safepoint region
[2022-06-13T03:26:01.434+0000][1][safepoint    ] Total time for which application threads were stopped: 0.0003959 seconds, Stopping threads took: 0.0002326 seconds
[2022-06-13T03:26:01.434+0000][1][safepoint    ] Application time: 0.0000750 seconds
[2022-06-13T03:26:01.434+0000][1][safepoint    ] Entering safepoint region: RevokeBias
[2022-06-13T03:26:01.434+0000][1][safepoint    ] Leaving safepoint region
[2022-06-13T03:26:01.434+0000][1][safepoint    ] Total time for which application threads were stopped: 0.0002769 seconds, Stopping threads took: 0.0001417 seconds
[2022-06-13T03:26:01.435+0000][1][safepoint    ] Application time: 0.0000659 seconds
[2022-06-13T03:26:01.435+0000][1][safepoint    ] Entering safepoint region: RevokeBias
[2022-06-13T03:26:01.435+0000][1][safepoint    ] Leaving safepoint region
[2022-06-13T03:26:01.435+0000][1][safepoint    ] Total time for which application threads were stopped: 0.0002714 seconds, Stopping threads took: 0.0001311 seconds
[2022-06-13T03:26:01.435+0000][1][safepoint    ] Application time: 0.0000605 seconds
[2022-06-13T03:26:01.435+0000][1][safepoint    ] Entering safepoint region: RevokeBias
[2022-06-13T03:26:01.435+0000][1][safepoint    ] Leaving safepoint region
[2022-06-13T03:26:01.436+0000][1][safepoint    ] Total time for which application threads were stopped: 0.0002685 seconds, Stopping threads took: 0.0001357 seconds
[2022-06-13T03:26:01.570+0000][1][safepoint    ] Application time: 0.1344001 seconds
[2022-06-13T03:26:01.570+0000][1][safepoint    ] Entering safepoint region: RevokeBias
[2022-06-13T03:26:01.570+0000][1][safepoint    ] Leaving safepoint region
[2022-06-13T03:26:01.571+0000][1][safepoint    ] Total time for which application threads were stopped: 0.0003772 seconds, Stopping threads took: 0.0001638 seconds
[2022-06-13T03:26:01.571+0000][1][safepoint    ] Application time: 0.0001552 seconds
[2022-06-13T03:26:01.571+0000][1][safepoint    ] Entering safepoint region: RevokeBias
[2022-06-13T03:26:01.571+0000][1][safepoint    ] Leaving safepoint region
[2022-06-13T03:26:01.571+0000][1][safepoint    ] Total time for which application threads were stopped: 0.0003085 seconds, Stopping threads took: 0.0001316 seconds
[2022-06-13T03:26:01.572+0000][1][safepoint    ] Application time: 0.0006035 seconds
[2022-06-13T03:26:01.572+0000][1][safepoint    ] Entering safepoint region: RevokeBias
[2022-06-13T03:26:01.572+0000][1][safepoint    ] Leaving safepoint region
[2022-06-13T03:26:01.573+0000][1][safepoint    ] Total time for which application threads were stopped: 0.0003530 seconds, Stopping threads took: 0.0001451 seconds
[2022-06-13T03:26:02.411+0000][1][safepoint    ] Application time: 0.8381712 seconds
[2022-06-13T03:26:02.411+0000][1][safepoint    ] Entering safepoint region: RevokeBias
[2022-06-13T03:26:02.412+0000][1][safepoint    ] Leaving safepoint region
[2022-06-13T03:26:02.412+0000][1][safepoint    ] Total time for which application threads were stopped: 0.0008652 seconds, Stopping threads took: 0.0004080 seconds
[2022-06-13T03:26:03.413+0000][1][safepoint    ] Application time: 1.0004223 seconds
[2022-06-13T03:26:03.414+0000][1][safepoint    ] Entering safepoint region: Cleanup
[2022-06-13T03:26:03.414+0000][1][safepoint    ] Leaving safepoint region
[2022-06-13T03:26:03.415+0000][1][safepoint    ] Total time for which application threads were stopped: 0.0010045 seconds, Stopping threads took: 0.0004607 seconds
[2022-06-13T03:26:04.415+0000][1][safepoint    ] Application time: 1.0001982 seconds
[2022-06-13T03:26:04.416+0000][1][safepoint    ] Entering safepoint region: Cleanup
[2022-06-13T03:26:04.416+0000][1][safepoint    ] Leaving safepoint region
[2022-06-13T03:26:04.416+0000][1][safepoint    ] Total time for which application threads were stopped: 0.0007744 seconds, Stopping threads took: 0.0003466 seconds
[2022-06-13T03:26:05.417+0000][1][safepoint    ] Application time: 1.0001129 seconds
[2022-06-13T03:26:05.418+0000][1][safepoint    ] Entering safepoint region: Cleanup
[2022-06-13T03:26:05.418+0000][1][safepoint    ] Leaving safepoint region
[2022-06-13T03:26:05.418+0000][1][safepoint    ] Total time for which application threads were stopped: 0.0008414 seconds, Stopping threads took: 0.0004100 seconds
[2022-06-13T03:26:06.419+0000][1][safepoint    ] Application time: 1.0001734 seconds
[2022-06-13T03:26:06.419+0000][1][safepoint    ] Entering safepoint region: Cleanup
[2022-06-13T03:26:06.420+0000][1][safepoint    ] Leaving safepoint region
[2022-06-13T03:26:06.420+0000][1][safepoint    ] Total time for which application threads were stopped: 0.0007687 seconds, Stopping threads took: 0.0004719 seconds
[2022-06-13T03:26:07.420+0000][1][safepoint    ] Application time: 1.0001818 seconds
[2022-06-13T03:26:07.421+0000][1][safepoint    ] Entering safepoint region: Cleanup
[2022-06-13T03:26:07.422+0000][1][safepoint    ] Leaving safepoint region
[2022-06-13T03:26:07.422+0000][1][safepoint    ] Total time for which application threads were stopped: 0.0007534 seconds, Stopping threads took: 0.0003560 seconds
[2022-06-13T03:26:08.423+0000][1][safepoint    ] Application time: 1.0003406 seconds
[2022-06-13T03:26:08.423+0000][1][safepoint    ] Entering safepoint region: Cleanup
[2022-06-13T03:26:08.424+0000][1][safepoint    ] Leaving safepoint region
[2022-06-13T03:26:08.425+0000][1][safepoint    ] Total time for which application threads were stopped: 0.0013438 seconds, Stopping threads took: 0.0006145 seconds
[2022-06-13T03:26:09.425+0000][1][safepoint    ] Application time: 1.0002050 seconds
[2022-06-13T03:26:09.426+0000][1][safepoint    ] Entering safepoint region: Cleanup
[2022-06-13T03:26:09.426+0000][1][safepoint    ] Leaving safepoint region
[2022-06-13T03:26:09.426+0000][1][safepoint    ] Total time for which application threads were stopped: 0.0006923 seconds, Stopping threads took: 0.0003204 seconds
[2022-06-13T03:26:13.427+0000][1][safepoint    ] Application time: 4.0005353 seconds
[2022-06-13T03:26:13.428+0000][1][safepoint    ] Entering safepoint region: Cleanup
[2022-06-13T03:26:13.428+0000][1][safepoint    ] Leaving safepoint region
[2022-06-13T03:26:13.429+0000][1][safepoint    ] Total time for which application threads were stopped: 0.0009756 seconds, Stopping threads took: 0.0005770 seconds
[2022-06-13T03:26:15.430+0000][1][safepoint    ] Application time: 2.0003476 seconds
[2022-06-13T03:26:15.430+0000][1][safepoint    ] Entering safepoint region: Cleanup
[2022-06-13T03:26:15.430+0000][1][safepoint    ] Leaving safepoint region
[2022-06-13T03:26:15.431+0000][1][safepoint    ] Total time for which application threads were stopped: 0.0009510 seconds, Stopping threads took: 0.0003898 seconds
[2022-06-13T03:26:16.431+0000][1][safepoint    ] Application time: 1.0001140 seconds
[2022-06-13T03:26:16.432+0000][1][safepoint    ] Entering safepoint region: Cleanup
[2022-06-13T03:26:16.432+0000][1][safepoint    ] Leaving safepoint region
[2022-06-13T03:26:16.433+0000][1][safepoint    ] Total time for which application threads were stopped: 0.0009135 seconds, Stopping threads took: 0.0004274 seconds
[2022-06-13T03:26:17.433+0000][1][safepoint    ] Application time: 1.0002488 seconds
[2022-06-13T03:26:17.434+0000][1][safepoint    ] Entering safepoint region: Cleanup
[2022-06-13T03:26:17.435+0000][1][safepoint    ] Leaving safepoint region
[2022-06-13T03:26:17.435+0000][1][safepoint    ] Total time for which application threads were stopped: 0.0010881 seconds, Stopping threads took: 0.0005160 seconds
[2022-06-13T03:26:18.436+0000][1][safepoint    ] Application time: 1.0003369 seconds
[2022-06-13T03:26:18.437+0000][1][safepoint    ] Entering safepoint region: Cleanup
[2022-06-13T03:26:18.437+0000][1][safepoint    ] Leaving safepoint region
[2022-06-13T03:26:18.438+0000][1][safepoint    ] Total time for which application threads were stopped: 0.0010601 seconds, Stopping threads took: 0.0005826 seconds
[2022-06-13T03:26:19.439+0000][1][safepoint    ] Application time: 1.0002321 seconds
[2022-06-13T03:26:19.439+0000][1][safepoint    ] Entering safepoint region: Cleanup
[2022-06-13T03:26:19.440+0000][1][safepoint    ] Leaving safepoint region
[2022-06-13T03:26:19.440+0000][1][safepoint    ] Total time for which application threads were stopped: 0.0006696 seconds, Stopping threads took: 0.0003142 seconds
[2022-06-13T03:26:20.440+0000][1][safepoint    ] Application time: 1.0001211 seconds
[2022-06-13T03:26:20.441+0000][1][safepoint    ] Entering safepoint region: Cleanup
[2022-06-13T03:26:20.441+0000][1][safepoint    ] Leaving safepoint region
[2022-06-13T03:26:20.442+0000][1][safepoint    ] Total time for which application threads were stopped: 0.0009900 seconds, Stopping threads took: 0.0005396 seconds
[2022-06-13T03:26:21.442+0000][1][safepoint    ] Application time: 1.0002895 seconds
[2022-06-13T03:26:21.443+0000][1][safepoint    ] Entering safepoint region: Cleanup
[2022-06-13T03:26:21.443+0000][1][safepoint    ] Leaving safepoint region
[2022-06-13T03:26:21.443+0000][1][safepoint    ] Total time for which application threads were stopped: 0.0005731 seconds, Stopping threads took: 0.0002208 seconds
[2022-06-13T03:26:22.444+0000][1][safepoint    ] Application time: 1.0003265 seconds
[2022-06-13T03:26:22.444+0000][1][safepoint    ] Entering safepoint region: Cleanup
[2022-06-13T03:26:22.444+0000][1][safepoint    ] Leaving safepoint region
[2022-06-13T03:26:22.445+0000][1][safepoint    ] Total time for which application threads were stopped: 0.0005957 seconds, Stopping threads took: 0.0002469 seconds
[2022-06-13T03:26:23.445+0000][1][safepoint    ] Application time: 1.0001256 seconds
[2022-06-13T03:26:23.446+0000][1][safepoint    ] Entering safepoint region: Cleanup
[2022-06-13T03:26:23.446+0000][1][safepoint    ] Leaving safepoint region
[2022-06-13T03:26:23.446+0000][1][safepoint    ] Total time for which application threads were stopped: 0.0005674 seconds, Stopping threads took: 0.0003150 seconds
[2022-06-13T03:26:24.447+0000][1][safepoint    ] Application time: 1.0001612 seconds
[2022-06-13T03:26:24.447+0000][1][safepoint    ] Entering safepoint region: Cleanup
[2022-06-13T03:26:24.448+0000][1][safepoint    ] Leaving safepoint region
[2022-06-13T03:26:24.448+0000][1][safepoint    ] Total time for which application threads were stopped: 0.0010873 seconds, Stopping threads took: 0.0004789 seconds
[2022-06-13T03:26:25.449+0000][1][safepoint    ] Application time: 1.0001721 seconds
[2022-06-13T03:26:25.449+0000][1][safepoint    ] Entering safepoint region: Cleanup
[2022-06-13T03:26:25.450+0000][1][safepoint    ] Leaving safepoint region
[2022-06-13T03:26:25.450+0000][1][safepoint    ] Total time for which application threads were stopped: 0.0010102 seconds, Stopping threads took: 0.0004647 seconds
[2022-06-13T03:26:26.451+0000][1][safepoint    ] Application time: 1.0001005 seconds
[2022-06-13T03:26:26.451+0000][1][safepoint    ] Entering safepoint region: Cleanup
[2022-06-13T03:26:26.451+0000][1][safepoint    ] Leaving safepoint region
[2022-06-13T03:26:26.452+0000][1][safepoint    ] Total time for which application threads were stopped: 0.0008407 seconds, Stopping threads took: 0.0003831 seconds
[2022-06-13T03:26:29.453+0000][1][safepoint    ] Application time: 3.0004861 seconds
[2022-06-13T03:26:29.453+0000][1][safepoint    ] Entering safepoint region: Cleanup
[2022-06-13T03:26:29.453+0000][1][safepoint    ] Leaving safepoint region
[2022-06-13T03:26:29.453+0000][1][safepoint    ] Total time for which application threads were stopped: 0.0005324 seconds, Stopping threads took: 0.0003014 seconds
[2022-06-13T03:26:29.969+0000][1][safepoint    ] Application time: 0.5149652 seconds
[2022-06-13T03:26:29.969+0000][1][safepoint    ] Entering safepoint region: GenCollectForAllocation
[2022-06-13T03:26:29.970+0000][1][gc,start     ] GC(22) Pause Young (Allocation Failure)
[2022-06-13T03:26:29.970+0000][1][gc,task      ] GC(22) Using 5 workers of 13 for evacuation
[2022-06-13T03:26:29.977+0000][1][gc,age       ] GC(22) Desired survivor size 4456448 bytes, new threshold 2 (max threshold 6)
[2022-06-13T03:26:29.978+0000][1][gc,age       ] GC(22) Age table with threshold 2 (max threshold 6)
[2022-06-13T03:26:29.978+0000][1][gc,age       ] GC(22) - age   1:    2223000 bytes,    2223000 total
[2022-06-13T03:26:29.978+0000][1][gc,age       ] GC(22) - age   2:    3929968 bytes,    6152968 total
[2022-06-13T03:26:29.979+0000][1][gc,heap      ] GC(22) ParNew: 78629K->8178K(78656K)
[2022-06-13T03:26:29.979+0000][1][gc,heap      ] GC(22) CMS: 59851K->64042K(174784K)
[2022-06-13T03:26:29.979+0000][1][gc,metaspace ] GC(22) Metaspace: 67171K->67171K(1110016K)
[2022-06-13T03:26:29.980+0000][1][gc           ] GC(22) Pause Young (Allocation Failure) 135M->70M(247M) 9.889ms
[2022-06-13T03:26:29.980+0000][1][gc,cpu       ] GC(22) User=0.03s Sys=0.00s Real=0.01s
[2022-06-13T03:26:29.980+0000][1][safepoint    ] Leaving safepoint region
[2022-06-13T03:26:29.981+0000][1][safepoint    ] Total time for which application threads were stopped: 0.0115595 seconds, Stopping threads took: 0.0004421 seconds
[2022-06-13T03:26:30.981+0000][1][safepoint    ] Application time: 1.0001700 seconds
[2022-06-13T03:26:30.982+0000][1][safepoint    ] Entering safepoint region: Cleanup
[2022-06-13T03:26:30.982+0000][1][safepoint    ] Leaving safepoint region
[2022-06-13T03:26:30.982+0000][1][safepoint    ] Total time for which application threads were stopped: 0.0007478 seconds, Stopping threads took: 0.0003591 seconds
[2022-06-13T03:26:32.983+0000][1][safepoint    ] Application time: 2.0005885 seconds
[2022-06-13T03:26:32.984+0000][1][safepoint    ] Entering safepoint region: Cleanup
[2022-06-13T03:26:32.984+0000][1][safepoint    ] Leaving safepoint region
[2022-06-13T03:26:32.985+0000][1][safepoint    ] Total time for which application threads were stopped: 0.0007900 seconds, Stopping threads took: 0.0003670 seconds
[2022-06-13T03:26:33.985+0000][1][safepoint    ] Application time: 1.0001957 seconds
[2022-06-13T03:26:33.986+0000][1][safepoint    ] Entering safepoint region: Cleanup
[2022-06-13T03:26:33.986+0000][1][safepoint    ] Leaving safepoint region
[2022-06-13T03:26:33.986+0000][1][safepoint    ] Total time for which application threads were stopped: 0.0007284 seconds, Stopping threads took: 0.0003092 seconds
[2022-06-13T03:26:37.988+0000][1][safepoint    ] Application time: 4.0007428 seconds
[2022-06-13T03:26:37.988+0000][1][safepoint    ] Entering safepoint region: Cleanup
[2022-06-13T03:26:37.988+0000][1][safepoint    ] Leaving safepoint region
[2022-06-13T03:26:37.988+0000][1][safepoint    ] Total time for which application threads were stopped: 0.0006570 seconds, Stopping threads took: 0.0003794 seconds
[2022-06-13T03:26:38.989+0000][1][safepoint    ] Application time: 1.0002118 seconds
[2022-06-13T03:26:38.989+0000][1][safepoint    ] Entering safepoint region: Cleanup
[2022-06-13T03:26:38.990+0000][1][safepoint    ] Leaving safepoint region
[2022-06-13T03:26:38.990+0000][1][safepoint    ] Total time for which application threads were stopped: 0.0005373 seconds, Stopping threads took: 0.0003121 seconds
[2022-06-13T03:26:39.990+0000][1][safepoint    ] Application time: 1.0001739 seconds
[2022-06-13T03:26:39.991+0000][1][safepoint    ] Entering safepoint region: Cleanup
[2022-06-13T03:26:39.991+0000][1][safepoint    ] Leaving safepoint region
[2022-06-13T03:26:39.991+0000][1][safepoint    ] Total time for which application threads were stopped: 0.0008909 seconds, Stopping threads took: 0.0004031 seconds
[2022-06-13T03:26:41.992+0000][1][safepoint    ] Application time: 2.0004594 seconds
[2022-06-13T03:26:41.993+0000][1][safepoint    ] Entering safepoint region: Cleanup
[2022-06-13T03:26:41.994+0000][1][safepoint    ] Leaving safepoint region
[2022-06-13T03:26:41.994+0000][1][safepoint    ] Total time for which application threads were stopped: 0.0010847 seconds, Stopping threads took: 0.0005467 seconds
[2022-06-13T03:26:48.996+0000][1][safepoint    ] Application time: 7.0013534 seconds
[2022-06-13T03:26:48.996+0000][1][safepoint    ] Entering safepoint region: Cleanup
[2022-06-13T03:26:48.997+0000][1][safepoint    ] Leaving safepoint region
[2022-06-13T03:26:48.997+0000][1][safepoint    ] Total time for which application threads were stopped: 0.0008335 seconds, Stopping threads took: 0.0004292 seconds
[2022-06-13T03:26:49.998+0000][1][safepoint    ] Application time: 1.0001505 seconds
[2022-06-13T03:26:49.998+0000][1][safepoint    ] Entering safepoint region: Cleanup
[2022-06-13T03:26:49.998+0000][1][safepoint    ] Leaving safepoint region
[2022-06-13T03:26:49.999+0000][1][safepoint    ] Total time for which application threads were stopped: 0.0007090 seconds, Stopping threads took: 0.0003170 seconds
[2022-06-13T03:26:53.000+0000][1][safepoint    ] Application time: 3.0005193 seconds
[2022-06-13T03:26:53.000+0000][1][safepoint    ] Entering safepoint region: Cleanup
[2022-06-13T03:26:53.000+0000][1][safepoint    ] Leaving safepoint region
[2022-06-13T03:26:53.001+0000][1][safepoint    ] Total time for which application threads were stopped: 0.0006046 seconds, Stopping threads took: 0.0003077 seconds
[2022-06-13T03:26:54.001+0000][1][safepoint    ] Application time: 1.0001330 seconds
[2022-06-13T03:26:54.001+0000][1][safepoint    ] Entering safepoint region: Cleanup
[2022-06-13T03:26:54.001+0000][1][safepoint    ] Leaving safepoint region
[2022-06-13T03:26:54.001+0000][1][safepoint    ] Total time for which application threads were stopped: 0.0003375 seconds, Stopping threads took: 0.0001441 seconds
[2022-06-13T03:26:55.002+0000][1][safepoint    ] Application time: 1.0002681 seconds
[2022-06-13T03:26:55.003+0000][1][safepoint    ] Entering safepoint region: Cleanup
[2022-06-13T03:26:55.003+0000][1][safepoint    ] Leaving safepoint region
[2022-06-13T03:26:55.004+0000][1][safepoint    ] Total time for which application threads were stopped: 0.0014288 seconds, Stopping threads took: 0.0007782 seconds
[2022-06-13T03:26:56.005+0000][1][safepoint    ] Application time: 1.0002564 seconds
[2022-06-13T03:26:56.006+0000][1][safepoint    ] Entering safepoint region: Cleanup
[2022-06-13T03:26:56.006+0000][1][safepoint    ] Leaving safepoint region
[2022-06-13T03:26:56.007+0000][1][safepoint    ] Total time for which application threads were stopped: 0.0013917 seconds, Stopping threads took: 0.0006860 seconds
[2022-06-13T03:26:57.008+0000][1][safepoint    ] Application time: 1.0001969 seconds
[2022-06-13T03:26:57.008+0000][1][safepoint    ] Entering safepoint region: Cleanup
[2022-06-13T03:26:57.009+0000][1][safepoint    ] Leaving safepoint region
[2022-06-13T03:26:57.009+0000][1][safepoint    ] Total time for which application threads were stopped: 0.0009242 seconds, Stopping threads took: 0.0004296 seconds
[2022-06-13T03:27:08.011+0000][1][safepoint    ] Application time: 11.0016834 seconds
[2022-06-13T03:27:08.012+0000][1][safepoint    ] Entering safepoint region: Cleanup
[2022-06-13T03:27:08.013+0000][1][safepoint    ] Leaving safepoint region
[2022-06-13T03:27:08.013+0000][1][safepoint    ] Total time for which application threads were stopped: 0.0013820 seconds, Stopping threads took: 0.0006522 seconds
[2022-06-13T03:27:11.014+0000][1][safepoint    ] Application time: 3.0005409 seconds
[2022-06-13T03:27:11.015+0000][1][safepoint    ] Entering safepoint region: Cleanup
[2022-06-13T03:27:11.015+0000][1][safepoint    ] Leaving safepoint region
[2022-06-13T03:27:11.016+0000][1][safepoint    ] Total time for which application threads were stopped: 0.0008374 seconds, Stopping threads took: 0.0004000 seconds
[2022-06-13T03:27:12.016+0000][1][safepoint    ] Application time: 1.0002683 seconds
[2022-06-13T03:27:12.017+0000][1][safepoint    ] Entering safepoint region: Cleanup
[2022-06-13T03:27:12.018+0000][1][safepoint    ] Leaving safepoint region
[2022-06-13T03:27:12.018+0000][1][safepoint    ] Total time for which application threads were stopped: 0.0011330 seconds, Stopping threads took: 0.0004860 seconds
[2022-06-13T03:27:14.019+0000][1][safepoint    ] Application time: 2.0004141 seconds
[2022-06-13T03:27:14.019+0000][1][safepoint    ] Entering safepoint region: Cleanup
[2022-06-13T03:27:14.020+0000][1][safepoint    ] Leaving safepoint region
[2022-06-13T03:27:14.020+0000][1][safepoint    ] Total time for which application threads were stopped: 0.0007695 seconds, Stopping threads took: 0.0004166 seconds
[2022-06-13T03:27:16.021+0000][1][safepoint    ] Application time: 2.0004369 seconds
[2022-06-13T03:27:16.021+0000][1][safepoint    ] Entering safepoint region: Cleanup
[2022-06-13T03:27:16.021+0000][1][safepoint    ] Leaving safepoint region
[2022-06-13T03:27:16.022+0000][1][safepoint    ] Total time for which application threads were stopped: 0.0006167 seconds, Stopping threads took: 0.0002688 seconds
[2022-06-13T03:27:17.022+0000][1][safepoint    ] Application time: 1.0002012 seconds
[2022-06-13T03:27:17.023+0000][1][safepoint    ] Entering safepoint region: Cleanup
[2022-06-13T03:27:17.023+0000][1][safepoint    ] Leaving safepoint region
[2022-06-13T03:27:17.024+0000][1][safepoint    ] Total time for which application threads were stopped: 0.0008051 seconds, Stopping threads took: 0.0003172 seconds
[2022-06-13T03:27:19.024+0000][1][safepoint    ] Application time: 2.0002078 seconds
[2022-06-13T03:27:19.025+0000][1][safepoint    ] Entering safepoint region: Cleanup
[2022-06-13T03:27:19.025+0000][1][safepoint    ] Leaving safepoint region
[2022-06-13T03:27:19.025+0000][1][safepoint    ] Total time for which application threads were stopped: 0.0007361 seconds, Stopping threads took: 0.0003306 seconds
[2022-06-13T03:27:21.026+0000][1][safepoint    ] Application time: 2.0002756 seconds
[2022-06-13T03:27:21.026+0000][1][safepoint    ] Entering safepoint region: Cleanup
[2022-06-13T03:27:21.027+0000][1][safepoint    ] Leaving safepoint region
[2022-06-13T03:27:21.028+0000][1][safepoint    ] Total time for which application threads were stopped: 0.0011760 seconds, Stopping threads took: 0.0004070 seconds
[2022-06-13T03:27:22.028+0000][1][safepoint    ] Application time: 1.0001016 seconds
[2022-06-13T03:27:22.029+0000][1][safepoint    ] Entering safepoint region: Cleanup
[2022-06-13T03:27:22.029+0000][1][safepoint    ] Leaving safepoint region
[2022-06-13T03:27:22.030+0000][1][safepoint    ] Total time for which application threads were stopped: 0.0007306 seconds, Stopping threads took: 0.0003243 seconds
[2022-06-13T03:27:26.031+0000][1][safepoint    ] Application time: 4.0008671 seconds
[2022-06-13T03:27:26.031+0000][1][safepoint    ] Entering safepoint region: Cleanup
[2022-06-13T03:27:26.031+0000][1][safepoint    ] Leaving safepoint region
[2022-06-13T03:27:26.032+0000][1][safepoint    ] Total time for which application threads were stopped: 0.0005628 seconds, Stopping threads took: 0.0002024 seconds
[2022-06-13T03:27:27.032+0000][1][safepoint    ] Application time: 1.0002619 seconds
[2022-06-13T03:27:27.033+0000][1][safepoint    ] Entering safepoint region: Cleanup
[2022-06-13T03:27:27.034+0000][1][safepoint    ] Leaving safepoint region
[2022-06-13T03:27:27.034+0000][1][safepoint    ] Total time for which application threads were stopped: 0.0012071 seconds, Stopping threads took: 0.0004980 seconds
[2022-06-13T03:27:28.035+0000][1][safepoint    ] Application time: 1.0001768 seconds
[2022-06-13T03:27:28.036+0000][1][safepoint    ] Entering safepoint region: Cleanup
[2022-06-13T03:27:28.036+0000][1][safepoint    ] Leaving safepoint region
[2022-06-13T03:27:28.036+0000][1][safepoint    ] Total time for which application threads were stopped: 0.0006142 seconds, Stopping threads took: 0.0003220 seconds
[2022-06-13T03:27:30.037+0000][1][safepoint    ] Application time: 2.0005712 seconds
[2022-06-13T03:27:30.038+0000][1][safepoint    ] Entering safepoint region: Cleanup
[2022-06-13T03:27:30.038+0000][1][safepoint    ] Leaving safepoint region
[2022-06-13T03:27:30.038+0000][1][safepoint    ] Total time for which application threads were stopped: 0.0009078 seconds, Stopping threads took: 0.0004737 seconds
[2022-06-13T03:27:32.694+0000][1][safepoint    ] Application time: 2.6545554 seconds
[2022-06-13T03:27:32.694+0000][1][safepoint    ] Entering safepoint region: RevokeBias
[2022-06-13T03:27:32.694+0000][1][safepoint    ] Leaving safepoint region
[2022-06-13T03:27:32.695+0000][1][safepoint    ] Total time for which application threads were stopped: 0.0004993 seconds, Stopping threads took: 0.0001898 seconds
[2022-06-13T03:27:32.695+0000][1][safepoint    ] Application time: 0.0002786 seconds
[2022-06-13T03:27:32.695+0000][1][safepoint    ] Entering safepoint region: RevokeBias
[2022-06-13T03:27:32.696+0000][1][safepoint    ] Leaving safepoint region
[2022-06-13T03:27:32.696+0000][1][safepoint    ] Total time for which application threads were stopped: 0.0006337 seconds, Stopping threads took: 0.0002838 seconds
[2022-06-13T03:27:32.696+0000][1][safepoint    ] Application time: 0.0001082 seconds
[2022-06-13T03:27:32.697+0000][1][safepoint    ] Entering safepoint region: RevokeBias
[2022-06-13T03:27:32.697+0000][1][safepoint    ] Leaving safepoint region
[2022-06-13T03:27:32.697+0000][1][safepoint    ] Total time for which application threads were stopped: 0.0005739 seconds, Stopping threads took: 0.0001933 seconds
[2022-06-13T03:27:33.698+0000][1][safepoint    ] Application time: 1.0002360 seconds
[2022-06-13T03:27:33.699+0000][1][safepoint    ] Entering safepoint region: Cleanup
[2022-06-13T03:27:33.699+0000][1][safepoint    ] Leaving safepoint region
[2022-06-13T03:27:33.700+0000][1][safepoint    ] Total time for which application threads were stopped: 0.0013650 seconds, Stopping threads took: 0.0006672 seconds
[2022-06-13T03:27:34.701+0000][1][safepoint    ] Application time: 1.0002048 seconds
[2022-06-13T03:27:34.701+0000][1][safepoint    ] Entering safepoint region: Cleanup
[2022-06-13T03:27:34.702+0000][1][safepoint    ] Leaving safepoint region
[2022-06-13T03:27:34.703+0000][1][safepoint    ] Total time for which application threads were stopped: 0.0013706 seconds, Stopping threads took: 0.0005854 seconds
[2022-06-13T03:27:35.704+0000][1][safepoint    ] Application time: 1.0003598 seconds
[2022-06-13T03:27:35.704+0000][1][safepoint    ] Entering safepoint region: Cleanup
[2022-06-13T03:27:35.705+0000][1][safepoint    ] Leaving safepoint region
[2022-06-13T03:27:35.705+0000][1][safepoint    ] Total time for which application threads were stopped: 0.0007822 seconds, Stopping threads took: 0.0004479 seconds
[2022-06-13T03:27:37.706+0000][1][safepoint    ] Application time: 2.0002995 seconds
[2022-06-13T03:27:37.706+0000][1][safepoint    ] Entering safepoint region: Cleanup
[2022-06-13T03:27:37.706+0000][1][safepoint    ] Leaving safepoint region
[2022-06-13T03:27:37.707+0000][1][safepoint    ] Total time for which application threads were stopped: 0.0006996 seconds, Stopping threads took: 0.0001766 seconds
[2022-06-13T03:27:39.707+0000][1][safepoint    ] Application time: 2.0004196 seconds
[2022-06-13T03:27:39.708+0000][1][safepoint    ] Entering safepoint region: Cleanup
[2022-06-13T03:27:39.709+0000][1][safepoint    ] Leaving safepoint region
[2022-06-13T03:27:39.709+0000][1][safepoint    ] Total time for which application threads were stopped: 0.0009525 seconds, Stopping threads took: 0.0004376 seconds
[2022-06-13T03:27:40.710+0000][1][safepoint    ] Application time: 1.0003233 seconds
[2022-06-13T03:27:40.710+0000][1][safepoint    ] Entering safepoint region: Cleanup
[2022-06-13T03:27:40.711+0000][1][safepoint    ] Leaving safepoint region
[2022-06-13T03:27:40.711+0000][1][safepoint    ] Total time for which application threads were stopped: 0.0010327 seconds, Stopping threads took: 0.0004498 seconds
[2022-06-13T03:27:42.712+0000][1][safepoint    ] Application time: 2.0002205 seconds
[2022-06-13T03:27:42.713+0000][1][safepoint    ] Entering safepoint region: Cleanup
[2022-06-13T03:27:42.713+0000][1][safepoint    ] Leaving safepoint region
[2022-06-13T03:27:42.714+0000][1][safepoint    ] Total time for which application threads were stopped: 0.0010004 seconds, Stopping threads took: 0.0004667 seconds
[2022-06-13T03:27:43.714+0000][1][safepoint    ] Application time: 1.0001752 seconds
[2022-06-13T03:27:43.715+0000][1][safepoint    ] Entering safepoint region: Cleanup
[2022-06-13T03:27:43.715+0000][1][safepoint    ] Leaving safepoint region
[2022-06-13T03:27:43.715+0000][1][safepoint    ] Total time for which application threads were stopped: 0.0004879 seconds, Stopping threads took: 0.0002555 seconds
[2022-06-13T03:27:44.716+0000][1][safepoint    ] Application time: 1.0001674 seconds
[2022-06-13T03:27:44.716+0000][1][safepoint    ] Entering safepoint region: Cleanup
[2022-06-13T03:27:44.717+0000][1][safepoint    ] Leaving safepoint region
[2022-06-13T03:27:44.717+0000][1][safepoint    ] Total time for which application threads were stopped: 0.0009250 seconds, Stopping threads took: 0.0005052 seconds
[2022-06-13T03:27:46.718+0000][1][safepoint    ] Application time: 2.0004620 seconds
[2022-06-13T03:27:46.719+0000][1][safepoint    ] Entering safepoint region: Cleanup
[2022-06-13T03:27:46.719+0000][1][safepoint    ] Leaving safepoint region
[2022-06-13T03:27:46.720+0000][1][safepoint    ] Total time for which application threads were stopped: 0.0009893 seconds, Stopping threads took: 0.0004430 seconds
[2022-06-13T03:27:47.720+0000][1][safepoint    ] Application time: 1.0001831 seconds
[2022-06-13T03:27:47.721+0000][1][safepoint    ] Entering safepoint region: Cleanup
[2022-06-13T03:27:47.721+0000][1][safepoint    ] Leaving safepoint region
[2022-06-13T03:27:47.721+0000][1][safepoint    ] Total time for which application threads were stopped: 0.0005378 seconds, Stopping threads took: 0.0002143 seconds
[2022-06-13T03:27:48.721+0000][1][safepoint    ] Application time: 1.0001798 seconds
[2022-06-13T03:27:48.722+0000][1][safepoint    ] Entering safepoint region: Cleanup
[2022-06-13T03:27:48.722+0000][1][safepoint    ] Leaving safepoint region
[2022-06-13T03:27:48.723+0000][1][safepoint    ] Total time for which application threads were stopped: 0.0007923 seconds, Stopping threads took: 0.0003956 seconds
[2022-06-13T03:27:49.723+0000][1][safepoint    ] Application time: 1.0002337 seconds
[2022-06-13T03:27:49.724+0000][1][safepoint    ] Entering safepoint region: Cleanup
[2022-06-13T03:27:49.725+0000][1][safepoint    ] Leaving safepoint region
[2022-06-13T03:27:49.725+0000][1][safepoint    ] Total time for which application threads were stopped: 0.0010368 seconds, Stopping threads took: 0.0005260 seconds
[2022-06-13T03:27:50.726+0000][1][safepoint    ] Application time: 1.0003332 seconds
[2022-06-13T03:27:50.726+0000][1][safepoint    ] Entering safepoint region: Cleanup
[2022-06-13T03:27:50.726+0000][1][safepoint    ] Leaving safepoint region
[2022-06-13T03:27:50.727+0000][1][safepoint    ] Total time for which application threads were stopped: 0.0005265 seconds, Stopping threads took: 0.0002429 seconds
[2022-06-13T03:27:54.728+0000][1][safepoint    ] Application time: 4.0008802 seconds
[2022-06-13T03:27:54.728+0000][1][safepoint    ] Entering safepoint region: Cleanup
[2022-06-13T03:27:54.729+0000][1][safepoint    ] Leaving safepoint region
[2022-06-13T03:27:54.729+0000][1][safepoint    ] Total time for which application threads were stopped: 0.0008890 seconds, Stopping threads took: 0.0004629 seconds
[2022-06-13T03:27:57.730+0000][1][safepoint    ] Application time: 3.0006712 seconds
[2022-06-13T03:27:57.731+0000][1][safepoint    ] Entering safepoint region: Cleanup
[2022-06-13T03:27:57.732+0000][1][safepoint    ] Leaving safepoint region
[2022-06-13T03:27:57.732+0000][1][safepoint    ] Total time for which application threads were stopped: 0.0012130 seconds, Stopping threads took: 0.0005749 seconds
[2022-06-13T03:28:00.734+0000][1][safepoint    ] Application time: 3.0007970 seconds
[2022-06-13T03:28:00.734+0000][1][safepoint    ] Entering safepoint region: Cleanup
[2022-06-13T03:28:00.734+0000][1][safepoint    ] Leaving safepoint region
[2022-06-13T03:28:00.735+0000][1][safepoint    ] Total time for which application threads were stopped: 0.0005716 seconds, Stopping threads took: 0.0002588 seconds
[2022-06-13T03:28:04.736+0000][1][safepoint    ] Application time: 4.0008645 seconds
[2022-06-13T03:28:04.736+0000][1][safepoint    ] Entering safepoint region: Cleanup
[2022-06-13T03:28:04.737+0000][1][safepoint    ] Leaving safepoint region
[2022-06-13T03:28:04.737+0000][1][safepoint    ] Total time for which application threads were stopped: 0.0010401 seconds, Stopping threads took: 0.0005272 seconds
[2022-06-13T03:28:05.738+0000][1][safepoint    ] Application time: 1.0003048 seconds
[2022-06-13T03:28:05.739+0000][1][safepoint    ] Entering safepoint region: Cleanup
[2022-06-13T03:28:05.740+0000][1][safepoint    ] Leaving safepoint region
[2022-06-13T03:28:05.740+0000][1][safepoint    ] Total time for which application threads were stopped: 0.0015554 seconds, Stopping threads took: 0.0007397 seconds
[2022-06-13T03:28:06.741+0000][1][safepoint    ] Application time: 1.0002033 seconds
[2022-06-13T03:28:06.741+0000][1][safepoint    ] Entering safepoint region: Cleanup
[2022-06-13T03:28:06.742+0000][1][safepoint    ] Leaving safepoint region
[2022-06-13T03:28:06.742+0000][1][safepoint    ] Total time for which application threads were stopped: 0.0007447 seconds, Stopping threads took: 0.0003227 seconds
[2022-06-13T03:28:10.743+0000][1][safepoint    ] Application time: 4.0008126 seconds
[2022-06-13T03:28:10.744+0000][1][safepoint    ] Entering safepoint region: Cleanup
[2022-06-13T03:28:10.744+0000][1][safepoint    ] Leaving safepoint region
[2022-06-13T03:28:10.745+0000][1][safepoint    ] Total time for which application threads were stopped: 0.0008339 seconds, Stopping threads took: 0.0004751 seconds
[2022-06-13T03:28:12.745+0000][1][safepoint    ] Application time: 2.0003395 seconds
[2022-06-13T03:28:12.746+0000][1][safepoint    ] Entering safepoint region: Cleanup
[2022-06-13T03:28:12.747+0000][1][safepoint    ] Leaving safepoint region
[2022-06-13T03:28:12.747+0000][1][safepoint    ] Total time for which application threads were stopped: 0.0008545 seconds, Stopping threads took: 0.0003980 seconds
[2022-06-13T03:28:15.748+0000][1][safepoint    ] Application time: 3.0006914 seconds
[2022-06-13T03:28:15.749+0000][1][safepoint    ] Entering safepoint region: Cleanup
[2022-06-13T03:28:15.750+0000][1][safepoint    ] Leaving safepoint region
[2022-06-13T03:28:15.750+0000][1][safepoint    ] Total time for which application threads were stopped: 0.0014281 seconds, Stopping threads took: 0.0006381 seconds
[2022-06-13T03:28:18.752+0000][1][safepoint    ] Application time: 3.0007853 seconds
[2022-06-13T03:28:18.752+0000][1][safepoint    ] Entering safepoint region: Cleanup
[2022-06-13T03:28:18.753+0000][1][safepoint    ] Leaving safepoint region
[2022-06-13T03:28:18.753+0000][1][safepoint    ] Total time for which application threads were stopped: 0.0007448 seconds, Stopping threads took: 0.0003145 seconds
[2022-06-13T03:28:20.516+0000][1][safepoint    ] Application time: 1.7627891 seconds
[2022-06-13T03:28:20.516+0000][1][safepoint    ] Entering safepoint region: GenCollectForAllocation
[2022-06-13T03:28:20.517+0000][1][gc,start     ] GC(23) Pause Young (Allocation Failure)
[2022-06-13T03:28:20.517+0000][1][gc,task      ] GC(23) Using 5 workers of 13 for evacuation
[2022-06-13T03:28:20.522+0000][1][gc,age       ] GC(23) Desired survivor size 4456448 bytes, new threshold 6 (max threshold 6)
[2022-06-13T03:28:20.523+0000][1][gc,age       ] GC(23) Age table with threshold 6 (max threshold 6)
[2022-06-13T03:28:20.523+0000][1][gc,age       ] GC(23) - age   1:     105920 bytes,     105920 total
[2022-06-13T03:28:20.524+0000][1][gc,age       ] GC(23) - age   2:    2189800 bytes,    2295720 total
[2022-06-13T03:28:20.524+0000][1][gc,heap      ] GC(23) ParNew: 78130K->6208K(78656K)
[2022-06-13T03:28:20.524+0000][1][gc,heap      ] GC(23) CMS: 64042K->68016K(174784K)
[2022-06-13T03:28:20.524+0000][1][gc,metaspace ] GC(23) Metaspace: 67737K->67737K(1112064K)
[2022-06-13T03:28:20.525+0000][1][gc           ] GC(23) Pause Young (Allocation Failure) 138M->72M(247M) 8.092ms
[2022-06-13T03:28:20.525+0000][1][gc,cpu       ] GC(23) User=0.02s Sys=0.00s Real=0.01s
[2022-06-13T03:28:20.525+0000][1][safepoint    ] Leaving safepoint region
[2022-06-13T03:28:20.526+0000][1][safepoint    ] Total time for which application threads were stopped: 0.0093593 seconds, Stopping threads took: 0.0003536 seconds
[2022-06-13T03:28:26.527+0000][1][safepoint    ] Application time: 6.0012120 seconds
[2022-06-13T03:28:26.528+0000][1][safepoint    ] Entering safepoint region: Cleanup
[2022-06-13T03:28:26.528+0000][1][safepoint    ] Leaving safepoint region
[2022-06-13T03:28:26.529+0000][1][safepoint    ] Total time for which application threads were stopped: 0.0010820 seconds, Stopping threads took: 0.0005220 seconds
[2022-06-13T03:28:27.529+0000][1][safepoint    ] Application time: 1.0001528 seconds
[2022-06-13T03:28:27.530+0000][1][safepoint    ] Entering safepoint region: Cleanup
[2022-06-13T03:28:27.530+0000][1][safepoint    ] Leaving safepoint region
[2022-06-13T03:28:27.531+0000][1][safepoint    ] Total time for which application threads were stopped: 0.0009240 seconds, Stopping threads took: 0.0004252 seconds
[2022-06-13T03:28:28.532+0000][1][safepoint    ] Application time: 1.0002593 seconds
[2022-06-13T03:28:28.532+0000][1][safepoint    ] Entering safepoint region: Cleanup
[2022-06-13T03:28:28.532+0000][1][safepoint    ] Leaving safepoint region
[2022-06-13T03:28:28.532+0000][1][safepoint    ] Total time for which application threads were stopped: 0.0005392 seconds, Stopping threads took: 0.0002473 seconds
[2022-06-13T03:28:29.533+0000][1][safepoint    ] Application time: 1.0003629 seconds
[2022-06-13T03:28:29.533+0000][1][safepoint    ] Entering safepoint region: Cleanup
[2022-06-13T03:28:29.534+0000][1][safepoint    ] Leaving safepoint region
[2022-06-13T03:28:29.534+0000][1][safepoint    ] Total time for which application threads were stopped: 0.0006314 seconds, Stopping threads took: 0.0003010 seconds
[2022-06-13T03:28:35.536+0000][1][safepoint    ] Application time: 6.0012296 seconds
[2022-06-13T03:28:35.536+0000][1][safepoint    ] Entering safepoint region: Cleanup
[2022-06-13T03:28:35.536+0000][1][safepoint    ] Leaving safepoint region
[2022-06-13T03:28:35.536+0000][1][safepoint    ] Total time for which application threads were stopped: 0.0005497 seconds, Stopping threads took: 0.0002500 seconds
[2022-06-13T03:28:43.538+0000][1][safepoint    ] Application time: 8.0016106 seconds
[2022-06-13T03:28:43.539+0000][1][safepoint    ] Entering safepoint region: Cleanup
[2022-06-13T03:28:43.539+0000][1][safepoint    ] Leaving safepoint region
[2022-06-13T03:28:43.539+0000][1][safepoint    ] Total time for which application threads were stopped: 0.0008445 seconds, Stopping threads took: 0.0002480 seconds
[2022-06-13T03:28:49.541+0000][1][safepoint    ] Application time: 6.0010905 seconds
[2022-06-13T03:28:49.541+0000][1][safepoint    ] Entering safepoint region: Cleanup
[2022-06-13T03:28:49.542+0000][1][safepoint    ] Leaving safepoint region
[2022-06-13T03:28:49.543+0000][1][safepoint    ] Total time for which application threads were stopped: 0.0013787 seconds, Stopping threads took: 0.0004249 seconds
[2022-06-13T03:28:50.544+0000][1][safepoint    ] Application time: 1.0003707 seconds
[2022-06-13T03:28:50.544+0000][1][safepoint    ] Entering safepoint region: Cleanup
[2022-06-13T03:28:50.545+0000][1][safepoint    ] Leaving safepoint region
[2022-06-13T03:28:50.545+0000][1][safepoint    ] Total time for which application threads were stopped: 0.0011818 seconds, Stopping threads took: 0.0005422 seconds
[2022-06-13T03:28:51.546+0000][1][safepoint    ] Application time: 1.0002302 seconds
[2022-06-13T03:28:51.546+0000][1][safepoint    ] Entering safepoint region: Cleanup
[2022-06-13T03:28:51.547+0000][1][safepoint    ] Leaving safepoint region
[2022-06-13T03:28:51.547+0000][1][safepoint    ] Total time for which application threads were stopped: 0.0007666 seconds, Stopping threads took: 0.0003690 seconds
[2022-06-13T03:28:52.547+0000][1][safepoint    ] Application time: 1.0002107 seconds
[2022-06-13T03:28:52.548+0000][1][safepoint    ] Entering safepoint region: Cleanup
[2022-06-13T03:28:52.548+0000][1][safepoint    ] Leaving safepoint region
[2022-06-13T03:28:52.549+0000][1][safepoint    ] Total time for which application threads were stopped: 0.0006580 seconds, Stopping threads took: 0.0002694 seconds
[2022-06-13T03:28:55.550+0000][1][safepoint    ] Application time: 3.0005795 seconds
[2022-06-13T03:28:55.550+0000][1][safepoint    ] Entering safepoint region: Cleanup
[2022-06-13T03:28:55.550+0000][1][safepoint    ] Leaving safepoint region
[2022-06-13T03:28:55.550+0000][1][safepoint    ] Total time for which application threads were stopped: 0.0004807 seconds, Stopping threads took: 0.0002930 seconds
[2022-06-13T03:28:56.551+0000][1][safepoint    ] Application time: 1.0001940 seconds
[2022-06-13T03:28:56.551+0000][1][safepoint    ] Entering safepoint region: Cleanup
[2022-06-13T03:28:56.552+0000][1][safepoint    ] Leaving safepoint region
[2022-06-13T03:28:56.552+0000][1][safepoint    ] Total time for which application threads were stopped: 0.0007601 seconds, Stopping threads took: 0.0004273 seconds
[2022-06-13T03:28:57.553+0000][1][safepoint    ] Application time: 1.0003429 seconds
[2022-06-13T03:28:57.553+0000][1][safepoint    ] Entering safepoint region: Cleanup
[2022-06-13T03:28:57.554+0000][1][safepoint    ] Leaving safepoint region
[2022-06-13T03:28:57.554+0000][1][safepoint    ] Total time for which application threads were stopped: 0.0008945 seconds, Stopping threads took: 0.0004245 seconds
[2022-06-13T03:29:03.556+0000][1][safepoint    ] Application time: 6.0015518 seconds
[2022-06-13T03:29:03.557+0000][1][safepoint    ] Entering safepoint region: Cleanup
[2022-06-13T03:29:03.558+0000][1][safepoint    ] Leaving safepoint region
[2022-06-13T03:29:03.559+0000][1][safepoint    ] Total time for which application threads were stopped: 0.0014556 seconds, Stopping threads took: 0.0006480 seconds
[2022-06-13T03:29:12.561+0000][1][safepoint    ] Application time: 9.0015027 seconds
[2022-06-13T03:29:12.561+0000][1][safepoint    ] Entering safepoint region: Cleanup
[2022-06-13T03:29:12.562+0000][1][safepoint    ] Leaving safepoint region
[2022-06-13T03:29:12.562+0000][1][safepoint    ] Total time for which application threads were stopped: 0.0011012 seconds, Stopping threads took: 0.0005076 seconds
[2022-06-13T03:29:33.567+0000][1][safepoint    ] Application time: 21.0041524 seconds
[2022-06-13T03:29:33.568+0000][1][safepoint    ] Entering safepoint region: Cleanup
[2022-06-13T03:29:33.568+0000][1][safepoint    ] Leaving safepoint region
[2022-06-13T03:29:33.569+0000][1][safepoint    ] Total time for which application threads were stopped: 0.0010922 seconds, Stopping threads took: 0.0004718 seconds
[2022-06-13T03:29:36.570+0000][1][safepoint    ] Application time: 3.0005128 seconds
[2022-06-13T03:29:36.571+0000][1][safepoint    ] Entering safepoint region: Cleanup
[2022-06-13T03:29:36.571+0000][1][safepoint    ] Leaving safepoint region
[2022-06-13T03:29:36.572+0000][1][safepoint    ] Total time for which application threads were stopped: 0.0013935 seconds, Stopping threads took: 0.0005833 seconds
[2022-06-13T03:29:39.573+0000][1][safepoint    ] Application time: 3.0006772 seconds
[2022-06-13T03:29:39.574+0000][1][safepoint    ] Entering safepoint region: Cleanup
[2022-06-13T03:29:39.574+0000][1][safepoint    ] Leaving safepoint region
[2022-06-13T03:29:39.575+0000][1][safepoint    ] Total time for which application threads were stopped: 0.0009338 seconds, Stopping threads took: 0.0005338 seconds
[2022-06-13T03:29:40.575+0000][1][safepoint    ] Application time: 1.0002302 seconds
[2022-06-13T03:29:40.576+0000][1][safepoint    ] Entering safepoint region: Cleanup
[2022-06-13T03:29:40.576+0000][1][safepoint    ] Leaving safepoint region
[2022-06-13T03:29:40.576+0000][1][safepoint    ] Total time for which application threads were stopped: 0.0005609 seconds, Stopping threads took: 0.0002478 seconds
[2022-06-13T03:29:42.577+0000][1][safepoint    ] Application time: 2.0004865 seconds
[2022-06-13T03:29:42.577+0000][1][safepoint    ] Entering safepoint region: Cleanup
[2022-06-13T03:29:42.578+0000][1][safepoint    ] Leaving safepoint region
[2022-06-13T03:29:42.578+0000][1][safepoint    ] Total time for which application threads were stopped: 0.0009888 seconds, Stopping threads took: 0.0005300 seconds
[2022-06-13T03:29:46.579+0000][1][safepoint    ] Application time: 4.0007121 seconds
[2022-06-13T03:29:46.580+0000][1][safepoint    ] Entering safepoint region: Cleanup
[2022-06-13T03:29:46.580+0000][1][safepoint    ] Leaving safepoint region
[2022-06-13T03:29:46.581+0000][1][safepoint    ] Total time for which application threads were stopped: 0.0010856 seconds, Stopping threads took: 0.0005307 seconds
[2022-06-13T03:29:52.583+0000][1][safepoint    ] Application time: 6.0012237 seconds
[2022-06-13T03:29:52.583+0000][1][safepoint    ] Entering safepoint region: Cleanup
[2022-06-13T03:29:52.584+0000][1][safepoint    ] Leaving safepoint region
[2022-06-13T03:29:52.584+0000][1][safepoint    ] Total time for which application threads were stopped: 0.0007443 seconds, Stopping threads took: 0.0003528 seconds
[2022-06-13T03:29:53.584+0000][1][safepoint    ] Application time: 1.0002036 seconds
[2022-06-13T03:29:53.585+0000][1][safepoint    ] Entering safepoint region: Cleanup
[2022-06-13T03:29:53.585+0000][1][safepoint    ] Leaving safepoint region
[2022-06-13T03:29:53.586+0000][1][safepoint    ] Total time for which application threads were stopped: 0.0007025 seconds, Stopping threads took: 0.0003250 seconds
[2022-06-13T03:29:54.586+0000][1][safepoint    ] Application time: 1.0002373 seconds
[2022-06-13T03:29:54.587+0000][1][safepoint    ] Entering safepoint region: Cleanup
[2022-06-13T03:29:54.588+0000][1][safepoint    ] Leaving safepoint region
[2022-06-13T03:29:54.588+0000][1][safepoint    ] Total time for which application threads were stopped: 0.0013385 seconds, Stopping threads took: 0.0005784 seconds
[2022-06-13T03:29:57.590+0000][1][safepoint    ] Application time: 3.0007703 seconds
[2022-06-13T03:29:57.590+0000][1][safepoint    ] Entering safepoint region: Cleanup
[2022-06-13T03:29:57.591+0000][1][safepoint    ] Leaving safepoint region
[2022-06-13T03:29:57.591+0000][1][safepoint    ] Total time for which application threads were stopped: 0.0011893 seconds, Stopping threads took: 0.0005350 seconds
[2022-06-13T03:29:58.592+0000][1][safepoint    ] Application time: 1.0002034 seconds
[2022-06-13T03:29:58.593+0000][1][safepoint    ] Entering safepoint region: Cleanup
[2022-06-13T03:29:58.593+0000][1][safepoint    ] Leaving safepoint region
[2022-06-13T03:29:58.594+0000][1][safepoint    ] Total time for which application threads were stopped: 0.0012580 seconds, Stopping threads took: 0.0005201 seconds
[2022-06-13T03:30:04.596+0000][1][safepoint    ] Application time: 6.0013377 seconds
[2022-06-13T03:30:04.596+0000][1][safepoint    ] Entering safepoint region: Cleanup
[2022-06-13T03:30:04.597+0000][1][safepoint    ] Leaving safepoint region
[2022-06-13T03:30:04.597+0000][1][safepoint    ] Total time for which application threads were stopped: 0.0006615 seconds, Stopping threads took: 0.0003611 seconds
[2022-06-13T03:30:05.597+0000][1][safepoint    ] Application time: 1.0002365 seconds
[2022-06-13T03:30:05.598+0000][1][safepoint    ] Entering safepoint region: Cleanup
[2022-06-13T03:30:05.598+0000][1][safepoint    ] Leaving safepoint region
[2022-06-13T03:30:05.599+0000][1][safepoint    ] Total time for which application threads were stopped: 0.0009243 seconds, Stopping threads took: 0.0004274 seconds
[2022-06-13T03:30:10.600+0000][1][safepoint    ] Application time: 5.0009651 seconds
[2022-06-13T03:30:10.600+0000][1][safepoint    ] Entering safepoint region: Cleanup
[2022-06-13T03:30:10.601+0000][1][safepoint    ] Leaving safepoint region
[2022-06-13T03:30:10.601+0000][1][safepoint    ] Total time for which application threads were stopped: 0.0010159 seconds, Stopping threads took: 0.0005563 seconds
[2022-06-13T03:30:11.602+0000][1][safepoint    ] Application time: 1.0001918 seconds
[2022-06-13T03:30:11.603+0000][1][safepoint    ] Entering safepoint region: Cleanup
[2022-06-13T03:30:11.603+0000][1][safepoint    ] Leaving safepoint region
[2022-06-13T03:30:11.603+0000][1][safepoint    ] Total time for which application threads were stopped: 0.0008714 seconds, Stopping threads took: 0.0004105 seconds
[2022-06-13T03:30:16.605+0000][1][safepoint    ] Application time: 5.0009422 seconds
[2022-06-13T03:30:16.605+0000][1][safepoint    ] Entering safepoint region: Cleanup
[2022-06-13T03:30:16.606+0000][1][safepoint    ] Leaving safepoint region
[2022-06-13T03:30:16.606+0000][1][safepoint    ] Total time for which application threads were stopped: 0.0010104 seconds, Stopping threads took: 0.0004168 seconds
[2022-06-13T03:30:25.297+0000][1][safepoint    ] Application time: 8.6901354 seconds
[2022-06-13T03:30:25.297+0000][1][safepoint    ] Entering safepoint region: GenCollectForAllocation
[2022-06-13T03:30:25.298+0000][1][gc,start     ] GC(24) Pause Young (Allocation Failure)
[2022-06-13T03:30:25.298+0000][1][gc,task      ] GC(24) Using 5 workers of 13 for evacuation
[2022-06-13T03:30:25.301+0000][1][gc,age       ] GC(24) Desired survivor size 4456448 bytes, new threshold 6 (max threshold 6)
[2022-06-13T03:30:25.301+0000][1][gc,age       ] GC(24) Age table with threshold 6 (max threshold 6)
[2022-06-13T03:30:25.301+0000][1][gc,age       ] GC(24) - age   1:       8176 bytes,       8176 total
[2022-06-13T03:30:25.302+0000][1][gc,age       ] GC(24) - age   2:     100776 bytes,     108952 total
[2022-06-13T03:30:25.302+0000][1][gc,age       ] GC(24) - age   3:    2189768 bytes,    2298720 total
[2022-06-13T03:30:25.303+0000][1][gc,heap      ] GC(24) ParNew: 76103K->3802K(78656K)
[2022-06-13T03:30:25.303+0000][1][gc,heap      ] GC(24) CMS: 68016K->68016K(174784K)
[2022-06-13T03:30:25.303+0000][1][gc,metaspace ] GC(24) Metaspace: 68019K->68019K(1112064K)
[2022-06-13T03:30:25.304+0000][1][gc           ] GC(24) Pause Young (Allocation Failure) 140M->70M(247M) 6.083ms
[2022-06-13T03:30:25.304+0000][1][gc,cpu       ] GC(24) User=0.01s Sys=0.00s Real=0.01s
[2022-06-13T03:30:25.305+0000][1][safepoint    ] Leaving safepoint region
[2022-06-13T03:30:25.305+0000][1][safepoint    ] Total time for which application threads were stopped: 0.0079910 seconds, Stopping threads took: 0.0004182 seconds
[2022-06-13T03:30:56.310+0000][1][safepoint    ] Application time: 31.0048556 seconds
[2022-06-13T03:30:56.311+0000][1][safepoint    ] Entering safepoint region: Cleanup
[2022-06-13T03:30:56.312+0000][1][safepoint    ] Leaving safepoint region
[2022-06-13T03:30:56.312+0000][1][safepoint    ] Total time for which application threads were stopped: 0.0012862 seconds, Stopping threads took: 0.0006172 seconds
[2022-06-13T03:30:57.313+0000][1][safepoint    ] Application time: 1.0001251 seconds
[2022-06-13T03:30:57.314+0000][1][safepoint    ] Entering safepoint region: Cleanup
[2022-06-13T03:30:57.314+0000][1][safepoint    ] Leaving safepoint region
[2022-06-13T03:30:57.314+0000][1][safepoint    ] Total time for which application threads were stopped: 0.0008447 seconds, Stopping threads took: 0.0004157 seconds
[2022-06-13T03:31:09.317+0000][1][safepoint    ] Application time: 12.0020032 seconds
[2022-06-13T03:31:09.317+0000][1][safepoint    ] Entering safepoint region: Cleanup
[2022-06-13T03:31:09.318+0000][1][safepoint    ] Leaving safepoint region
[2022-06-13T03:31:09.318+0000][1][safepoint    ] Total time for which application threads were stopped: 0.0005834 seconds, Stopping threads took: 0.0002915 seconds
[2022-06-13T03:31:13.319+0000][1][safepoint    ] Application time: 4.0006008 seconds
[2022-06-13T03:31:13.319+0000][1][safepoint    ] Entering safepoint region: Cleanup
[2022-06-13T03:31:13.319+0000][1][safepoint    ] Leaving safepoint region
[2022-06-13T03:31:13.319+0000][1][safepoint    ] Total time for which application threads were stopped: 0.0005942 seconds, Stopping threads took: 0.0003003 seconds
[2022-06-13T03:31:27.323+0000][1][safepoint    ] Application time: 14.0029226 seconds
[2022-06-13T03:31:27.323+0000][1][safepoint    ] Entering safepoint region: Cleanup
[2022-06-13T03:31:27.324+0000][1][safepoint    ] Leaving safepoint region
[2022-06-13T03:31:27.324+0000][1][safepoint    ] Total time for which application threads were stopped: 0.0009282 seconds, Stopping threads took: 0.0004480 seconds
[2022-06-13T03:31:38.326+0000][1][safepoint    ] Application time: 11.0018723 seconds
[2022-06-13T03:31:38.327+0000][1][safepoint    ] Entering safepoint region: Cleanup
[2022-06-13T03:31:38.328+0000][1][safepoint    ] Leaving safepoint region
[2022-06-13T03:31:38.328+0000][1][safepoint    ] Total time for which application threads were stopped: 0.0007095 seconds, Stopping threads took: 0.0003840 seconds
[2022-06-13T03:31:46.330+0000][1][safepoint    ] Application time: 8.0017610 seconds
[2022-06-13T03:31:46.330+0000][1][safepoint    ] Entering safepoint region: Cleanup
[2022-06-13T03:31:46.331+0000][1][safepoint    ] Leaving safepoint region
[2022-06-13T03:31:46.331+0000][1][safepoint    ] Total time for which application threads were stopped: 0.0009184 seconds, Stopping threads took: 0.0004251 seconds
[2022-06-13T03:31:52.333+0000][1][safepoint    ] Application time: 6.0011244 seconds
[2022-06-13T03:31:52.333+0000][1][safepoint    ] Entering safepoint region: Cleanup
[2022-06-13T03:31:52.334+0000][1][safepoint    ] Leaving safepoint region
[2022-06-13T03:31:52.334+0000][1][safepoint    ] Total time for which application threads were stopped: 0.0007097 seconds, Stopping threads took: 0.0003488 seconds
[2022-06-13T03:31:56.335+0000][1][safepoint    ] Application time: 4.0008052 seconds
[2022-06-13T03:31:56.335+0000][1][safepoint    ] Entering safepoint region: Cleanup
[2022-06-13T03:31:56.336+0000][1][safepoint    ] Leaving safepoint region
[2022-06-13T03:31:56.336+0000][1][safepoint    ] Total time for which application threads were stopped: 0.0009074 seconds, Stopping threads took: 0.0004816 seconds
[2022-06-13T03:31:57.337+0000][1][safepoint    ] Application time: 1.0001717 seconds
[2022-06-13T03:31:57.337+0000][1][safepoint    ] Entering safepoint region: Cleanup
[2022-06-13T03:31:57.338+0000][1][safepoint    ] Leaving safepoint region
[2022-06-13T03:31:57.338+0000][1][safepoint    ] Total time for which application threads were stopped: 0.0005284 seconds, Stopping threads took: 0.0002833 seconds
[2022-06-13T03:32:00.339+0000][1][safepoint    ] Application time: 3.0005226 seconds
[2022-06-13T03:32:00.339+0000][1][safepoint    ] Entering safepoint region: Cleanup
[2022-06-13T03:32:00.339+0000][1][safepoint    ] Leaving safepoint region
[2022-06-13T03:32:00.339+0000][1][safepoint    ] Total time for which application threads were stopped: 0.0005278 seconds, Stopping threads took: 0.0001737 seconds
[2022-06-13T03:32:20.343+0000][1][safepoint    ] Application time: 20.0033208 seconds
[2022-06-13T03:32:20.343+0000][1][safepoint    ] Entering safepoint region: Cleanup
[2022-06-13T03:32:20.344+0000][1][safepoint    ] Leaving safepoint region
[2022-06-13T03:32:20.344+0000][1][safepoint    ] Total time for which application threads were stopped: 0.0008405 seconds, Stopping threads took: 0.0004368 seconds
[2022-06-13T03:32:20.983+0000][1][safepoint    ] Application time: 0.6381213 seconds
[2022-06-13T03:32:20.983+0000][1][safepoint    ] Entering safepoint region: RevokeBias
[2022-06-13T03:32:20.984+0000][1][safepoint    ] Leaving safepoint region
[2022-06-13T03:32:20.984+0000][1][safepoint    ] Total time for which application threads were stopped: 0.0007789 seconds, Stopping threads took: 0.0003628 seconds
[2022-06-13T03:32:20.984+0000][1][safepoint    ] Application time: 0.0001688 seconds
[2022-06-13T03:32:20.985+0000][1][safepoint    ] Entering safepoint region: RevokeBias
[2022-06-13T03:32:20.985+0000][1][safepoint    ] Leaving safepoint region
[2022-06-13T03:32:20.985+0000][1][safepoint    ] Total time for which application threads were stopped: 0.0006324 seconds, Stopping threads took: 0.0003363 seconds
[2022-06-13T03:32:20.986+0000][1][safepoint    ] Application time: 0.0002792 seconds
[2022-06-13T03:32:20.986+0000][1][safepoint    ] Entering safepoint region: GenCollectForAllocation
[2022-06-13T03:32:20.986+0000][1][gc,start     ] GC(25) Pause Young (Allocation Failure)
[2022-06-13T03:32:20.987+0000][1][gc,task      ] GC(25) Using 5 workers of 13 for evacuation
[2022-06-13T03:32:20.990+0000][1][gc,age       ] GC(25) Desired survivor size 4456448 bytes, new threshold 6 (max threshold 6)
[2022-06-13T03:32:20.990+0000][1][gc,age       ] GC(25) Age table with threshold 6 (max threshold 6)
[2022-06-13T03:32:20.990+0000][1][gc,age       ] GC(25) - age   1:       8240 bytes,       8240 total
[2022-06-13T03:32:20.990+0000][1][gc,age       ] GC(25) - age   2:       4656 bytes,      12896 total
[2022-06-13T03:32:20.991+0000][1][gc,age       ] GC(25) - age   3:      99016 bytes,     111912 total
[2022-06-13T03:32:20.991+0000][1][gc,age       ] GC(25) - age   4:    2114032 bytes,    2225944 total
[2022-06-13T03:32:20.991+0000][1][gc,heap      ] GC(25) ParNew: 73754K->2779K(78656K)
[2022-06-13T03:32:20.991+0000][1][gc,heap      ] GC(25) CMS: 68016K->68016K(174784K)
[2022-06-13T03:32:20.992+0000][1][gc,metaspace ] GC(25) Metaspace: 68083K->68083K(1112064K)
[2022-06-13T03:32:20.992+0000][1][gc           ] GC(25) Pause Young (Allocation Failure) 138M->69M(247M) 5.839ms
[2022-06-13T03:32:20.992+0000][1][gc,cpu       ] GC(25) User=0.00s Sys=0.02s Real=0.01s
[2022-06-13T03:32:20.993+0000][1][safepoint    ] Leaving safepoint region
[2022-06-13T03:32:20.993+0000][1][safepoint    ] Total time for which application threads were stopped: 0.0069688 seconds, Stopping threads took: 0.0002161 seconds
[2022-06-13T03:32:20.994+0000][1][safepoint    ] Application time: 0.0009926 seconds
[2022-06-13T03:32:20.995+0000][1][safepoint    ] Entering safepoint region: RevokeBias
[2022-06-13T03:32:20.995+0000][1][safepoint    ] Leaving safepoint region
[2022-06-13T03:32:20.995+0000][1][safepoint    ] Total time for which application threads were stopped: 0.0007689 seconds, Stopping threads took: 0.0004547 seconds
[2022-06-13T03:32:20.996+0000][1][safepoint    ] Application time: 0.0002888 seconds
[2022-06-13T03:32:20.996+0000][1][safepoint    ] Entering safepoint region: RevokeBias
[2022-06-13T03:32:20.996+0000][1][safepoint    ] Leaving safepoint region
[2022-06-13T03:32:20.996+0000][1][safepoint    ] Total time for which application threads were stopped: 0.0005127 seconds, Stopping threads took: 0.0002076 seconds
[2022-06-13T03:32:20.997+0000][1][safepoint    ] Application time: 0.0006463 seconds
[2022-06-13T03:32:20.998+0000][1][safepoint    ] Entering safepoint region: RevokeBias
[2022-06-13T03:32:20.998+0000][1][safepoint    ] Leaving safepoint region
[2022-06-13T03:32:20.998+0000][1][safepoint    ] Total time for which application threads were stopped: 0.0007049 seconds, Stopping threads took: 0.0003001 seconds
[2022-06-13T03:32:20.999+0000][1][safepoint    ] Application time: 0.0001879 seconds
[2022-06-13T03:32:20.999+0000][1][safepoint    ] Entering safepoint region: RevokeBias
[2022-06-13T03:32:21.000+0000][1][safepoint    ] Leaving safepoint region
[2022-06-13T03:32:21.001+0000][1][safepoint    ] Total time for which application threads were stopped: 0.0017574 seconds, Stopping threads took: 0.0002874 seconds
[2022-06-13T03:32:21.002+0000][1][safepoint    ] Application time: 0.0010274 seconds
[2022-06-13T03:32:21.003+0000][1][safepoint    ] Entering safepoint region: RevokeBias
[2022-06-13T03:32:21.003+0000][1][safepoint    ] Leaving safepoint region
[2022-06-13T03:32:21.003+0000][1][safepoint    ] Total time for which application threads were stopped: 0.0007511 seconds, Stopping threads took: 0.0003899 seconds
[2022-06-13T03:32:21.004+0000][1][safepoint    ] Application time: 0.0009586 seconds
[2022-06-13T03:32:21.005+0000][1][safepoint    ] Entering safepoint region: RevokeBias
[2022-06-13T03:32:21.005+0000][1][safepoint    ] Leaving safepoint region
[2022-06-13T03:32:21.005+0000][1][safepoint    ] Total time for which application threads were stopped: 0.0005684 seconds, Stopping threads took: 0.0001645 seconds
[2022-06-13T03:32:21.006+0000][1][safepoint    ] Application time: 0.0003262 seconds
[2022-06-13T03:32:21.006+0000][1][safepoint    ] Entering safepoint region: RevokeBias
[2022-06-13T03:32:21.006+0000][1][safepoint    ] Leaving safepoint region
[2022-06-13T03:32:21.007+0000][1][safepoint    ] Total time for which application threads were stopped: 0.0006529 seconds, Stopping threads took: 0.0001872 seconds
[2022-06-13T03:32:21.007+0000][1][safepoint    ] Application time: 0.0004564 seconds
[2022-06-13T03:32:21.008+0000][1][safepoint    ] Entering safepoint region: RevokeBias
[2022-06-13T03:32:21.008+0000][1][safepoint    ] Leaving safepoint region
[2022-06-13T03:32:21.009+0000][1][safepoint    ] Total time for which application threads were stopped: 0.0008350 seconds, Stopping threads took: 0.0002769 seconds
[2022-06-13T03:32:21.009+0000][1][safepoint    ] Application time: 0.0001099 seconds
[2022-06-13T03:32:21.009+0000][1][safepoint    ] Entering safepoint region: RevokeBias
[2022-06-13T03:32:21.010+0000][1][safepoint    ] Leaving safepoint region
[2022-06-13T03:32:21.010+0000][1][safepoint    ] Total time for which application threads were stopped: 0.0004835 seconds, Stopping threads took: 0.0001345 seconds
[2022-06-13T03:32:21.011+0000][1][safepoint    ] Application time: 0.0002834 seconds
[2022-06-13T03:32:21.011+0000][1][safepoint    ] Entering safepoint region: RevokeBias
[2022-06-13T03:32:21.011+0000][1][safepoint    ] Leaving safepoint region
[2022-06-13T03:32:21.011+0000][1][safepoint    ] Total time for which application threads were stopped: 0.0003521 seconds, Stopping threads took: 0.0001663 seconds
[2022-06-13T03:32:21.012+0000][1][safepoint    ] Application time: 0.0003567 seconds
[2022-06-13T03:32:21.012+0000][1][safepoint    ] Entering safepoint region: RevokeBias
[2022-06-13T03:32:21.012+0000][1][safepoint    ] Leaving safepoint region
[2022-06-13T03:32:21.012+0000][1][safepoint    ] Total time for which application threads were stopped: 0.0003781 seconds, Stopping threads took: 0.0001610 seconds
[2022-06-13T03:32:21.013+0000][1][safepoint    ] Application time: 0.0001041 seconds
[2022-06-13T03:32:21.015+0000][1][safepoint    ] Entering safepoint region: RevokeBias
[2022-06-13T03:32:21.015+0000][1][safepoint    ] Leaving safepoint region
[2022-06-13T03:32:21.016+0000][1][safepoint    ] Total time for which application threads were stopped: 0.0006752 seconds, Stopping threads took: 0.0002636 seconds
[2022-06-13T03:32:21.016+0000][1][safepoint    ] Application time: 0.0003744 seconds
[2022-06-13T03:32:21.017+0000][1][safepoint    ] Entering safepoint region: RevokeBias
[2022-06-13T03:32:21.017+0000][1][safepoint    ] Leaving safepoint region
[2022-06-13T03:32:21.017+0000][1][safepoint    ] Total time for which application threads were stopped: 0.0004709 seconds, Stopping threads took: 0.0002122 seconds
[2022-06-13T03:32:21.018+0000][1][safepoint    ] Application time: 0.0003653 seconds
[2022-06-13T03:32:21.018+0000][1][safepoint    ] Entering safepoint region: RevokeBias
[2022-06-13T03:32:21.018+0000][1][safepoint    ] Leaving safepoint region
[2022-06-13T03:32:21.019+0000][1][safepoint    ] Total time for which application threads were stopped: 0.0004522 seconds, Stopping threads took: 0.0001920 seconds
[2022-06-13T03:32:21.019+0000][1][safepoint    ] Application time: 0.0003254 seconds
[2022-06-13T03:32:21.019+0000][1][safepoint    ] Entering safepoint region: RevokeBias
[2022-06-13T03:32:21.019+0000][1][safepoint    ] Leaving safepoint region
[2022-06-13T03:32:21.020+0000][1][safepoint    ] Total time for which application threads were stopped: 0.0004370 seconds, Stopping threads took: 0.0002383 seconds
[2022-06-13T03:32:21.020+0000][1][safepoint    ] Application time: 0.0002921 seconds
[2022-06-13T03:32:21.020+0000][1][safepoint    ] Entering safepoint region: RevokeBias
[2022-06-13T03:32:21.021+0000][1][safepoint    ] Leaving safepoint region
[2022-06-13T03:32:21.022+0000][1][safepoint    ] Total time for which application threads were stopped: 0.0011712 seconds, Stopping threads took: 0.0002717 seconds
[2022-06-13T03:32:21.022+0000][1][safepoint    ] Application time: 0.0001851 seconds
[2022-06-13T03:32:21.022+0000][1][safepoint    ] Entering safepoint region: RevokeBias
[2022-06-13T03:32:21.022+0000][1][safepoint    ] Leaving safepoint region
[2022-06-13T03:32:21.023+0000][1][safepoint    ] Total time for which application threads were stopped: 0.0005514 seconds, Stopping threads took: 0.0002482 seconds
[2022-06-13T03:32:21.023+0000][1][safepoint    ] Application time: 0.0002656 seconds
[2022-06-13T03:32:21.023+0000][1][safepoint    ] Entering safepoint region: RevokeBias
[2022-06-13T03:32:21.024+0000][1][safepoint    ] Leaving safepoint region
[2022-06-13T03:32:21.024+0000][1][safepoint    ] Total time for which application threads were stopped: 0.0004375 seconds, Stopping threads took: 0.0002474 seconds
[2022-06-13T03:32:21.024+0000][1][safepoint    ] Application time: 0.0003547 seconds
[2022-06-13T03:32:21.024+0000][1][safepoint    ] Entering safepoint region: RevokeBias
[2022-06-13T03:32:21.025+0000][1][safepoint    ] Leaving safepoint region
[2022-06-13T03:32:21.025+0000][1][safepoint    ] Total time for which application threads were stopped: 0.0004786 seconds, Stopping threads took: 0.0001540 seconds
[2022-06-13T03:32:21.025+0000][1][safepoint    ] Application time: 0.0001463 seconds
[2022-06-13T03:32:21.025+0000][1][safepoint    ] Entering safepoint region: RevokeBias
[2022-06-13T03:32:21.026+0000][1][safepoint    ] Leaving safepoint region
[2022-06-13T03:32:21.026+0000][1][safepoint    ] Total time for which application threads were stopped: 0.0003604 seconds, Stopping threads took: 0.0001525 seconds
[2022-06-13T03:32:21.026+0000][1][safepoint    ] Application time: 0.0001622 seconds
[2022-06-13T03:32:21.026+0000][1][safepoint    ] Entering safepoint region: RevokeBias
[2022-06-13T03:32:21.026+0000][1][safepoint    ] Leaving safepoint region
[2022-06-13T03:32:21.027+0000][1][safepoint    ] Total time for which application threads were stopped: 0.0002714 seconds, Stopping threads took: 0.0001497 seconds
[2022-06-13T03:32:21.027+0000][1][safepoint    ] Application time: 0.0003500 seconds
[2022-06-13T03:32:21.027+0000][1][safepoint    ] Entering safepoint region: RevokeBias
[2022-06-13T03:32:21.028+0000][1][safepoint    ] Leaving safepoint region
[2022-06-13T03:32:21.028+0000][1][safepoint    ] Total time for which application threads were stopped: 0.0004970 seconds, Stopping threads took: 0.0002992 seconds
[2022-06-13T03:32:21.028+0000][1][safepoint    ] Application time: 0.0002853 seconds
[2022-06-13T03:32:21.028+0000][1][safepoint    ] Entering safepoint region: RevokeBias
[2022-06-13T03:32:21.029+0000][1][safepoint    ] Leaving safepoint region
[2022-06-13T03:32:21.029+0000][1][safepoint    ] Total time for which application threads were stopped: 0.0003983 seconds, Stopping threads took: 0.0002462 seconds
[2022-06-13T03:32:21.029+0000][1][safepoint    ] Application time: 0.0003343 seconds
[2022-06-13T03:32:21.030+0000][1][safepoint    ] Entering safepoint region: RevokeBias
[2022-06-13T03:32:21.030+0000][1][safepoint    ] Leaving safepoint region
[2022-06-13T03:32:21.030+0000][1][safepoint    ] Total time for which application threads were stopped: 0.0008293 seconds, Stopping threads took: 0.0004444 seconds
[2022-06-13T03:32:21.031+0000][1][safepoint    ] Application time: 0.0002309 seconds
[2022-06-13T03:32:21.031+0000][1][safepoint    ] Entering safepoint region: BulkRevokeBias
[2022-06-13T03:32:21.032+0000][1][safepoint    ] Leaving safepoint region
[2022-06-13T03:32:21.032+0000][1][safepoint    ] Total time for which application threads were stopped: 0.0010967 seconds, Stopping threads took: 0.0003416 seconds
[2022-06-13T03:32:21.033+0000][1][safepoint    ] Application time: 0.0003193 seconds
[2022-06-13T03:32:21.033+0000][1][safepoint    ] Entering safepoint region: RevokeBias
[2022-06-13T03:32:21.033+0000][1][safepoint    ] Leaving safepoint region
[2022-06-13T03:32:21.033+0000][1][safepoint    ] Total time for which application threads were stopped: 0.0004944 seconds, Stopping threads took: 0.0002689 seconds
[2022-06-13T03:32:21.034+0000][1][safepoint    ] Application time: 0.0004703 seconds
[2022-06-13T03:32:21.034+0000][1][safepoint    ] Entering safepoint region: RevokeBias
[2022-06-13T03:32:21.035+0000][1][safepoint    ] Leaving safepoint region
[2022-06-13T03:32:21.035+0000][1][safepoint    ] Total time for which application threads were stopped: 0.0008897 seconds, Stopping threads took: 0.0002822 seconds
[2022-06-13T03:32:21.036+0000][1][safepoint    ] Application time: 0.0001318 seconds
[2022-06-13T03:32:21.036+0000][1][safepoint    ] Entering safepoint region: RevokeBias
[2022-06-13T03:32:21.037+0000][1][safepoint    ] Leaving safepoint region
[2022-06-13T03:32:21.037+0000][1][safepoint    ] Total time for which application threads were stopped: 0.0007180 seconds, Stopping threads took: 0.0003910 seconds
[2022-06-13T03:32:21.038+0000][1][safepoint    ] Application time: 0.0005535 seconds
[2022-06-13T03:32:21.038+0000][1][safepoint    ] Entering safepoint region: RevokeBias
[2022-06-13T03:32:21.038+0000][1][safepoint    ] Leaving safepoint region
[2022-06-13T03:32:21.038+0000][1][safepoint    ] Total time for which application threads were stopped: 0.0005141 seconds, Stopping threads took: 0.0003157 seconds
[2022-06-13T03:32:21.039+0000][1][safepoint    ] Application time: 0.0004573 seconds
[2022-06-13T03:32:21.039+0000][1][safepoint    ] Entering safepoint region: RevokeBias
[2022-06-13T03:32:21.040+0000][1][safepoint    ] Leaving safepoint region
[2022-06-13T03:32:21.040+0000][1][safepoint    ] Total time for which application threads were stopped: 0.0005667 seconds, Stopping threads took: 0.0001990 seconds
[2022-06-13T03:32:21.041+0000][1][safepoint    ] Application time: 0.0012634 seconds
[2022-06-13T03:32:21.041+0000][1][safepoint    ] Entering safepoint region: RevokeBias
[2022-06-13T03:32:21.042+0000][1][safepoint    ] Leaving safepoint region
[2022-06-13T03:32:21.042+0000][1][safepoint    ] Total time for which application threads were stopped: 0.0004241 seconds, Stopping threads took: 0.0001901 seconds
[2022-06-13T03:32:21.051+0000][1][safepoint    ] Application time: 0.0092631 seconds
[2022-06-13T03:32:21.052+0000][1][safepoint    ] Entering safepoint region: RevokeBias
[2022-06-13T03:32:21.052+0000][1][safepoint    ] Leaving safepoint region
[2022-06-13T03:32:21.053+0000][1][safepoint    ] Total time for which application threads were stopped: 0.0011292 seconds, Stopping threads took: 0.0007104 seconds
[2022-06-13T03:32:21.053+0000][1][safepoint    ] Application time: 0.0002622 seconds
[2022-06-13T03:32:21.053+0000][1][safepoint    ] Entering safepoint region: RevokeBias
[2022-06-13T03:32:21.054+0000][1][safepoint    ] Leaving safepoint region
[2022-06-13T03:32:21.054+0000][1][safepoint    ] Total time for which application threads were stopped: 0.0008666 seconds, Stopping threads took: 0.0003741 seconds
[2022-06-13T03:32:21.057+0000][1][safepoint    ] Application time: 0.0024533 seconds
[2022-06-13T03:32:21.057+0000][1][safepoint    ] Entering safepoint region: RevokeBias
[2022-06-13T03:32:21.058+0000][1][safepoint    ] Leaving safepoint region
[2022-06-13T03:32:21.058+0000][1][safepoint    ] Total time for which application threads were stopped: 0.0009038 seconds, Stopping threads took: 0.0003023 seconds
[2022-06-13T03:32:21.058+0000][1][safepoint    ] Application time: 0.0002270 seconds
[2022-06-13T03:32:21.059+0000][1][safepoint    ] Entering safepoint region: RevokeBias
[2022-06-13T03:32:21.059+0000][1][safepoint    ] Leaving safepoint region
[2022-06-13T03:32:21.060+0000][1][safepoint    ] Total time for which application threads were stopped: 0.0012682 seconds, Stopping threads took: 0.0004336 seconds
[2022-06-13T03:32:21.060+0000][1][safepoint    ] Application time: 0.0004067 seconds
[2022-06-13T03:32:21.061+0000][1][safepoint    ] Entering safepoint region: RevokeBias
[2022-06-13T03:32:21.061+0000][1][safepoint    ] Leaving safepoint region
[2022-06-13T03:32:21.061+0000][1][safepoint    ] Total time for which application threads were stopped: 0.0007486 seconds, Stopping threads took: 0.0004337 seconds
[2022-06-13T03:32:21.064+0000][1][safepoint    ] Application time: 0.0022252 seconds
[2022-06-13T03:32:21.066+0000][1][safepoint    ] Entering safepoint region: RevokeBias
[2022-06-13T03:32:21.069+0000][1][safepoint    ] Leaving safepoint region
[2022-06-13T03:32:21.069+0000][1][safepoint    ] Total time for which application threads were stopped: 0.0028990 seconds, Stopping threads took: 0.0002119 seconds
[2022-06-13T03:32:21.070+0000][1][safepoint    ] Application time: 0.0008206 seconds
[2022-06-13T03:32:21.070+0000][1][safepoint    ] Entering safepoint region: RevokeBias
[2022-06-13T03:32:21.071+0000][1][safepoint    ] Leaving safepoint region
[2022-06-13T03:32:21.071+0000][1][safepoint    ] Total time for which application threads were stopped: 0.0007860 seconds, Stopping threads took: 0.0002999 seconds
[2022-06-13T03:32:21.072+0000][1][safepoint    ] Application time: 0.0001919 seconds
[2022-06-13T03:32:21.072+0000][1][safepoint    ] Entering safepoint region: RevokeBias
[2022-06-13T03:32:21.072+0000][1][safepoint    ] Leaving safepoint region
[2022-06-13T03:32:21.073+0000][1][safepoint    ] Total time for which application threads were stopped: 0.0004773 seconds, Stopping threads took: 0.0001681 seconds
[2022-06-13T03:32:21.073+0000][1][safepoint    ] Application time: 0.0001215 seconds
[2022-06-13T03:32:21.073+0000][1][safepoint    ] Entering safepoint region: RevokeBias
[2022-06-13T03:32:21.073+0000][1][safepoint    ] Leaving safepoint region
[2022-06-13T03:32:21.073+0000][1][safepoint    ] Total time for which application threads were stopped: 0.0004541 seconds, Stopping threads took: 0.0001432 seconds
[2022-06-13T03:32:21.087+0000][1][safepoint    ] Application time: 0.0138144 seconds
[2022-06-13T03:32:21.088+0000][1][safepoint    ] Entering safepoint region: RevokeBias
[2022-06-13T03:32:21.088+0000][1][safepoint    ] Leaving safepoint region
[2022-06-13T03:32:21.089+0000][1][safepoint    ] Total time for which application threads were stopped: 0.0010847 seconds, Stopping threads took: 0.0007352 seconds
[2022-06-13T03:32:21.089+0000][1][safepoint    ] Application time: 0.0004856 seconds
[2022-06-13T03:32:21.089+0000][1][safepoint    ] Entering safepoint region: RevokeBias
[2022-06-13T03:32:21.090+0000][1][safepoint    ] Leaving safepoint region
[2022-06-13T03:32:21.090+0000][1][safepoint    ] Total time for which application threads were stopped: 0.0004205 seconds, Stopping threads took: 0.0001815 seconds
[2022-06-13T03:32:21.090+0000][1][safepoint    ] Application time: 0.0003337 seconds
[2022-06-13T03:32:21.091+0000][1][safepoint    ] Entering safepoint region: RevokeBias
[2022-06-13T03:32:21.091+0000][1][safepoint    ] Leaving safepoint region
[2022-06-13T03:32:21.091+0000][1][safepoint    ] Total time for which application threads were stopped: 0.0005544 seconds, Stopping threads took: 0.0002364 seconds
[2022-06-13T03:32:21.091+0000][1][safepoint    ] Application time: 0.0000502 seconds
[2022-06-13T03:32:21.091+0000][1][safepoint    ] Entering safepoint region: RevokeBias
[2022-06-13T03:32:21.092+0000][1][safepoint    ] Leaving safepoint region
[2022-06-13T03:32:21.092+0000][1][safepoint    ] Total time for which application threads were stopped: 0.0005419 seconds, Stopping threads took: 0.0002238 seconds
[2022-06-13T03:32:21.092+0000][1][safepoint    ] Application time: 0.0001393 seconds
[2022-06-13T03:32:21.093+0000][1][safepoint    ] Entering safepoint region: RevokeBias
[2022-06-13T03:32:21.093+0000][1][safepoint    ] Leaving safepoint region
[2022-06-13T03:32:21.093+0000][1][safepoint    ] Total time for which application threads were stopped: 0.0006001 seconds, Stopping threads took: 0.0003282 seconds
[2022-06-13T03:32:21.093+0000][1][safepoint    ] Application time: 0.0001128 seconds
[2022-06-13T03:32:21.094+0000][1][safepoint    ] Entering safepoint region: RevokeBias
[2022-06-13T03:32:21.094+0000][1][safepoint    ] Leaving safepoint region
[2022-06-13T03:32:21.095+0000][1][safepoint    ] Total time for which application threads were stopped: 0.0009291 seconds, Stopping threads took: 0.0004985 seconds
[2022-06-13T03:32:21.095+0000][1][safepoint    ] Application time: 0.0003366 seconds
[2022-06-13T03:32:21.096+0000][1][safepoint    ] Entering safepoint region: RevokeBias
[2022-06-13T03:32:21.096+0000][1][safepoint    ] Leaving safepoint region
[2022-06-13T03:32:21.096+0000][1][safepoint    ] Total time for which application threads were stopped: 0.0004304 seconds, Stopping threads took: 0.0002215 seconds
[2022-06-13T03:32:21.105+0000][1][safepoint    ] Application time: 0.0084763 seconds
[2022-06-13T03:32:21.105+0000][1][safepoint    ] Entering safepoint region: RevokeBias
[2022-06-13T03:32:21.106+0000][1][safepoint    ] Leaving safepoint region
[2022-06-13T03:32:21.106+0000][1][safepoint    ] Total time for which application threads were stopped: 0.0003653 seconds, Stopping threads took: 0.0001486 seconds
[2022-06-13T03:32:21.111+0000][1][safepoint    ] Application time: 0.0048943 seconds
[2022-06-13T03:32:21.111+0000][1][safepoint    ] Entering safepoint region: RevokeBias
[2022-06-13T03:32:21.111+0000][1][safepoint    ] Leaving safepoint region
[2022-06-13T03:32:21.111+0000][1][safepoint    ] Total time for which application threads were stopped: 0.0003079 seconds, Stopping threads took: 0.0001487 seconds
[2022-06-13T03:32:21.112+0000][1][safepoint    ] Application time: 0.0004138 seconds
[2022-06-13T03:32:21.112+0000][1][safepoint    ] Entering safepoint region: RevokeBias
[2022-06-13T03:32:21.112+0000][1][safepoint    ] Leaving safepoint region
[2022-06-13T03:32:21.112+0000][1][safepoint    ] Total time for which application threads were stopped: 0.0001998 seconds, Stopping threads took: 0.0000946 seconds
[2022-06-13T03:32:21.113+0000][1][safepoint    ] Application time: 0.0008395 seconds
[2022-06-13T03:32:21.113+0000][1][safepoint    ] Entering safepoint region: RevokeBias
[2022-06-13T03:32:21.113+0000][1][safepoint    ] Leaving safepoint region
[2022-06-13T03:32:21.113+0000][1][safepoint    ] Total time for which application threads were stopped: 0.0002060 seconds, Stopping threads took: 0.0000862 seconds
[2022-06-13T03:32:21.114+0000][1][safepoint    ] Application time: 0.0002496 seconds
[2022-06-13T03:32:21.114+0000][1][safepoint    ] Entering safepoint region: RevokeBias
[2022-06-13T03:32:21.114+0000][1][safepoint    ] Leaving safepoint region
[2022-06-13T03:32:21.114+0000][1][safepoint    ] Total time for which application threads were stopped: 0.0003478 seconds, Stopping threads took: 0.0002041 seconds
[2022-06-13T03:32:21.115+0000][1][safepoint    ] Application time: 0.0008020 seconds
[2022-06-13T03:32:21.115+0000][1][safepoint    ] Entering safepoint region: RevokeBias
[2022-06-13T03:32:21.116+0000][1][safepoint    ] Leaving safepoint region
[2022-06-13T03:32:21.116+0000][1][safepoint    ] Total time for which application threads were stopped: 0.0003506 seconds, Stopping threads took: 0.0001727 seconds
[2022-06-13T03:32:21.116+0000][1][safepoint    ] Application time: 0.0001151 seconds
[2022-06-13T03:32:21.116+0000][1][safepoint    ] Entering safepoint region: RevokeBias
[2022-06-13T03:32:21.116+0000][1][safepoint    ] Leaving safepoint region
[2022-06-13T03:32:21.116+0000][1][safepoint    ] Total time for which application threads were stopped: 0.0002271 seconds, Stopping threads took: 0.0001161 seconds
[2022-06-13T03:32:21.118+0000][1][safepoint    ] Application time: 0.0011636 seconds
[2022-06-13T03:32:21.118+0000][1][safepoint    ] Entering safepoint region: RevokeBias
[2022-06-13T03:32:21.118+0000][1][safepoint    ] Leaving safepoint region
[2022-06-13T03:32:21.118+0000][1][safepoint    ] Total time for which application threads were stopped: 0.0002092 seconds, Stopping threads took: 0.0001057 seconds
[2022-06-13T03:32:21.121+0000][1][gc,heap,exit ] Heap
[2022-06-13T03:32:21.121+0000][1][gc,heap,exit ]  par new generation   total 78656K, used 14835K [0x00000000f0000000, 0x00000000f5550000, 0x00000000f5550000)
[2022-06-13T03:32:21.122+0000][1][gc,heap,exit ]   eden space 69952K,  17% used [0x00000000f0000000, 0x00000000f0bc5fc8, 0x00000000f4450000)
[2022-06-13T03:32:21.122+0000][1][gc,heap,exit ]   from space 8704K,  31% used [0x00000000f4450000, 0x00000000f4706fc0, 0x00000000f4cd0000)
[2022-06-13T03:32:21.122+0000][1][gc,heap,exit ]   to   space 8704K,   0% used [0x00000000f4cd0000, 0x00000000f4cd0000, 0x00000000f5550000)
[2022-06-13T03:32:21.122+0000][1][gc,heap,exit ]  concurrent mark-sweep generation total 174784K, used 68016K [0x00000000f5550000, 0x0000000100000000, 0x0000000100000000)
[2022-06-13T03:32:21.123+0000][1][gc,heap,exit ]  Metaspace       used 68352K, capacity 73371K, committed 73568K, reserved 1112064K
[2022-06-13T03:32:21.123+0000][1][gc,heap,exit ]   class space    used 9199K, capacity 11317K, committed 11368K, reserved 1048576K
[2022-06-13T03:32:21.123+0000][1][safepoint    ] Application time: 0.0049403 seconds
[2022-06-13T03:32:21.123+0000][1][safepoint    ] Entering safepoint region: Exit
