[2022-06-13T02:06:08.804+0000][1][gc] Using Concurrent Mark Sweep
[2022-06-13T02:06:08.804+0000][1][gc,heap,coops] Heap address: 0x00000000f0000000, size: 256 MB, Compressed Oops mode: 32-bit
[2022-06-13T02:06:08.839+0000][1][safepoint    ] Entering safepoint region: EnableBiasedLocking
[2022-06-13T02:06:08.839+0000][1][safepoint    ] Leaving safepoint region
[2022-06-13T02:06:08.839+0000][1][safepoint    ] Total time for which application threads were stopped: 0.0011892 seconds, Stopping threads took: 0.0009295 seconds
[2022-06-13T02:06:08.842+0000][1][safepoint    ] Application time: 0.0024699 seconds
[2022-06-13T02:06:08.843+0000][1][safepoint    ] Entering safepoint region: RevokeBias
[2022-06-13T02:06:08.843+0000][1][safepoint    ] Leaving safepoint region
[2022-06-13T02:06:08.843+0000][1][safepoint    ] Total time for which application threads were stopped: 0.0006714 seconds, Stopping threads took: 0.0004335 seconds
[2022-06-13T02:06:08.853+0000][1][safepoint    ] Application time: 0.0093864 seconds
[2022-06-13T02:06:08.853+0000][1][safepoint    ] Entering safepoint region: Deoptimize
[2022-06-13T02:06:08.854+0000][1][safepoint    ] Leaving safepoint region
[2022-06-13T02:06:08.854+0000][1][safepoint    ] Total time for which application threads were stopped: 0.0003966 seconds, Stopping threads took: 0.0002049 seconds
[2022-06-13T02:06:08.919+0000][1][safepoint    ] Application time: 0.0655353 seconds
[2022-06-13T02:06:08.920+0000][1][safepoint    ] Entering safepoint region: RevokeBias
[2022-06-13T02:06:08.920+0000][1][safepoint    ] Leaving safepoint region
[2022-06-13T02:06:08.920+0000][1][safepoint    ] Total time for which application threads were stopped: 0.0003877 seconds, Stopping threads took: 0.0001743 seconds
[2022-06-13T02:06:08.944+0000][1][safepoint    ] Application time: 0.0233445 seconds
[2022-06-13T02:06:08.944+0000][1][safepoint    ] Entering safepoint region: Deoptimize
[2022-06-13T02:06:08.944+0000][1][safepoint    ] Leaving safepoint region
[2022-06-13T02:06:08.944+0000][1][safepoint    ] Total time for which application threads were stopped: 0.0004322 seconds, Stopping threads took: 0.0001976 seconds
[2022-06-13T02:06:09.216+0000][1][safepoint    ] Application time: 0.2714332 seconds
[2022-06-13T02:06:09.216+0000][1][safepoint    ] Entering safepoint region: Deoptimize
[2022-06-13T02:06:09.217+0000][1][safepoint    ] Leaving safepoint region
[2022-06-13T02:06:09.217+0000][1][safepoint    ] Total time for which application threads were stopped: 0.0004796 seconds, Stopping threads took: 0.0001595 seconds
[2022-06-13T02:06:09.237+0000][1][safepoint    ] Application time: 0.0195510 seconds
[2022-06-13T02:06:09.237+0000][1][safepoint    ] Entering safepoint region: Deoptimize
[2022-06-13T02:06:09.237+0000][1][safepoint    ] Leaving safepoint region
[2022-06-13T02:06:09.237+0000][1][safepoint    ] Total time for which application threads were stopped: 0.0006447 seconds, Stopping threads took: 0.0001816 seconds
[2022-06-13T02:06:09.288+0000][1][safepoint    ] Application time: 0.0506832 seconds
[2022-06-13T02:06:09.289+0000][1][safepoint    ] Entering safepoint region: Deoptimize
[2022-06-13T02:06:09.289+0000][1][safepoint    ] Leaving safepoint region
[2022-06-13T02:06:09.289+0000][1][safepoint    ] Total time for which application threads were stopped: 0.0004945 seconds, Stopping threads took: 0.0001712 seconds
[2022-06-13T02:06:09.305+0000][1][safepoint    ] Application time: 0.0157537 seconds
[2022-06-13T02:06:09.306+0000][1][safepoint    ] Entering safepoint region: RevokeBias
[2022-06-13T02:06:09.306+0000][1][safepoint    ] Leaving safepoint region
[2022-06-13T02:06:09.307+0000][1][safepoint    ] Total time for which application threads were stopped: 0.0005067 seconds, Stopping threads took: 0.0002789 seconds
[2022-06-13T02:06:09.312+0000][1][safepoint    ] Application time: 0.0053512 seconds
[2022-06-13T02:06:09.313+0000][1][safepoint    ] Entering safepoint region: Deoptimize
[2022-06-13T02:06:09.314+0000][1][safepoint    ] Leaving safepoint region
[2022-06-13T02:06:09.315+0000][1][safepoint    ] Total time for which application threads were stopped: 0.0023377 seconds, Stopping threads took: 0.0011098 seconds
[2022-06-13T02:06:09.668+0000][1][safepoint    ] Application time: 0.3524612 seconds
[2022-06-13T02:06:09.668+0000][1][safepoint    ] Entering safepoint region: Deoptimize
[2022-06-13T02:06:09.669+0000][1][safepoint    ] Leaving safepoint region
[2022-06-13T02:06:09.669+0000][1][safepoint    ] Total time for which application threads were stopped: 0.0005962 seconds, Stopping threads took: 0.0001445 seconds
[2022-06-13T02:06:09.880+0000][1][safepoint    ] Application time: 0.2105661 seconds
[2022-06-13T02:06:09.880+0000][1][safepoint    ] Entering safepoint region: RevokeBias
[2022-06-13T02:06:09.880+0000][1][safepoint    ] Leaving safepoint region
[2022-06-13T02:06:09.880+0000][1][safepoint    ] Total time for which application threads were stopped: 0.0004790 seconds, Stopping threads took: 0.0001802 seconds
[2022-06-13T02:06:09.969+0000][1][safepoint    ] Application time: 0.0885857 seconds
[2022-06-13T02:06:09.970+0000][1][safepoint    ] Entering safepoint region: Deoptimize
[2022-06-13T02:06:09.970+0000][1][safepoint    ] Leaving safepoint region
[2022-06-13T02:06:09.970+0000][1][safepoint    ] Total time for which application threads were stopped: 0.0006995 seconds, Stopping threads took: 0.0001736 seconds
[2022-06-13T02:06:10.053+0000][1][safepoint    ] Application time: 0.0821663 seconds
[2022-06-13T02:06:10.053+0000][1][safepoint    ] Entering safepoint region: Deoptimize
[2022-06-13T02:06:10.053+0000][1][safepoint    ] Leaving safepoint region
[2022-06-13T02:06:10.053+0000][1][safepoint    ] Total time for which application threads were stopped: 0.0005392 seconds, Stopping threads took: 0.0001491 seconds
[2022-06-13T02:06:10.054+0000][1][safepoint    ] Application time: 0.0001386 seconds
[2022-06-13T02:06:10.054+0000][1][safepoint    ] Entering safepoint region: Deoptimize
[2022-06-13T02:06:10.054+0000][1][safepoint    ] Leaving safepoint region
[2022-06-13T02:06:10.054+0000][1][safepoint    ] Total time for which application threads were stopped: 0.0004155 seconds, Stopping threads took: 0.0001278 seconds
[2022-06-13T02:06:10.082+0000][1][safepoint    ] Application time: 0.0272387 seconds
[2022-06-13T02:06:10.082+0000][1][safepoint    ] Entering safepoint region: Deoptimize
[2022-06-13T02:06:10.082+0000][1][safepoint    ] Leaving safepoint region
[2022-06-13T02:06:10.083+0000][1][safepoint    ] Total time for which application threads were stopped: 0.0006342 seconds, Stopping threads took: 0.0001375 seconds
[2022-06-13T02:06:10.088+0000][1][safepoint    ] Application time: 0.0054981 seconds
[2022-06-13T02:06:10.088+0000][1][safepoint    ] Entering safepoint region: RevokeBias
[2022-06-13T02:06:10.089+0000][1][safepoint    ] Leaving safepoint region
[2022-06-13T02:06:10.089+0000][1][safepoint    ] Total time for which application threads were stopped: 0.0003309 seconds, Stopping threads took: 0.0001628 seconds
[2022-06-13T02:06:10.089+0000][1][safepoint    ] Application time: 0.0001256 seconds
[2022-06-13T02:06:10.089+0000][1][safepoint    ] Entering safepoint region: RevokeBias
[2022-06-13T02:06:10.089+0000][1][safepoint    ] Leaving safepoint region
[2022-06-13T02:06:10.090+0000][1][safepoint    ] Total time for which application threads were stopped: 0.0004354 seconds, Stopping threads took: 0.0001454 seconds
[2022-06-13T02:06:10.090+0000][1][safepoint    ] Application time: 0.0001347 seconds
[2022-06-13T02:06:10.090+0000][1][safepoint    ] Entering safepoint region: RevokeBias
[2022-06-13T02:06:10.090+0000][1][safepoint    ] Leaving safepoint region
[2022-06-13T02:06:10.090+0000][1][safepoint    ] Total time for which application threads were stopped: 0.0003952 seconds, Stopping threads took: 0.0001632 seconds
[2022-06-13T02:06:10.091+0000][1][safepoint    ] Application time: 0.0000260 seconds
[2022-06-13T02:06:10.091+0000][1][safepoint    ] Entering safepoint region: RevokeBias
[2022-06-13T02:06:10.091+0000][1][safepoint    ] Leaving safepoint region
[2022-06-13T02:06:10.091+0000][1][safepoint    ] Total time for which application threads were stopped: 0.0003998 seconds, Stopping threads took: 0.0002219 seconds
[2022-06-13T02:06:10.092+0000][1][safepoint    ] Application time: 0.0002909 seconds
[2022-06-13T02:06:10.092+0000][1][safepoint    ] Entering safepoint region: RevokeBias
[2022-06-13T02:06:10.092+0000][1][safepoint    ] Leaving safepoint region
[2022-06-13T02:06:10.092+0000][1][safepoint    ] Total time for which application threads were stopped: 0.0003646 seconds, Stopping threads took: 0.0002015 seconds
[2022-06-13T02:06:10.098+0000][1][safepoint    ] Application time: 0.0052333 seconds
[2022-06-13T02:06:10.098+0000][1][safepoint    ] Entering safepoint region: Deoptimize
[2022-06-13T02:06:10.098+0000][1][safepoint    ] Leaving safepoint region
[2022-06-13T02:06:10.098+0000][1][safepoint    ] Total time for which application threads were stopped: 0.0006527 seconds, Stopping threads took: 0.0002348 seconds
[2022-06-13T02:06:10.164+0000][1][safepoint    ] Application time: 0.0649874 seconds
[2022-06-13T02:06:10.165+0000][1][safepoint    ] Entering safepoint region: GenCollectForAllocation
[2022-06-13T02:06:10.165+0000][1][gc,start     ] GC(0) Pause Young (Allocation Failure)
[2022-06-13T02:06:10.166+0000][1][gc,task      ] GC(0) Using 5 workers of 13 for evacuation
[2022-06-13T02:06:10.172+0000][1][gc,age       ] GC(0) Desired survivor size 4456448 bytes, new threshold 1 (max threshold 6)
[2022-06-13T02:06:10.172+0000][1][gc,age       ] GC(0) Age table with threshold 1 (max threshold 6)
[2022-06-13T02:06:10.172+0000][1][gc,age       ] GC(0) - age   1:    8186888 bytes,    8186888 total
[2022-06-13T02:06:10.172+0000][1][gc,heap      ] GC(0) ParNew: 69952K->8107K(78656K)
[2022-06-13T02:06:10.172+0000][1][gc,heap      ] GC(0) CMS: 0K->0K(174784K)
[2022-06-13T02:06:10.173+0000][1][gc,metaspace ] GC(0) Metaspace: 12322K->12322K(1060864K)
[2022-06-13T02:06:10.173+0000][1][gc           ] GC(0) Pause Young (Allocation Failure) 68M->7M(247M) 7.351ms
[2022-06-13T02:06:10.173+0000][1][gc,cpu       ] GC(0) User=0.04s Sys=0.00s Real=0.01s
[2022-06-13T02:06:10.173+0000][1][safepoint    ] Leaving safepoint region
[2022-06-13T02:06:10.173+0000][1][safepoint    ] Total time for which application threads were stopped: 0.0093444 seconds, Stopping threads took: 0.0015275 seconds
[2022-06-13T02:06:10.174+0000][1][safepoint    ] Application time: 0.0004062 seconds
[2022-06-13T02:06:10.176+0000][1][safepoint    ] Entering safepoint region: RevokeBias
[2022-06-13T02:06:10.177+0000][1][safepoint    ] Leaving safepoint region
[2022-06-13T02:06:10.177+0000][1][safepoint    ] Total time for which application threads were stopped: 0.0029635 seconds, Stopping threads took: 0.0027765 seconds
[2022-06-13T02:06:10.177+0000][1][safepoint    ] Application time: 0.0006534 seconds
[2022-06-13T02:06:10.178+0000][1][safepoint    ] Entering safepoint region: RevokeBias
[2022-06-13T02:06:10.178+0000][1][safepoint    ] Leaving safepoint region
[2022-06-13T02:06:10.178+0000][1][safepoint    ] Total time for which application threads were stopped: 0.0003343 seconds, Stopping threads took: 0.0001560 seconds
[2022-06-13T02:06:10.178+0000][1][safepoint    ] Application time: 0.0000922 seconds
[2022-06-13T02:06:10.178+0000][1][safepoint    ] Entering safepoint region: RevokeBias
[2022-06-13T02:06:10.179+0000][1][safepoint    ] Leaving safepoint region
[2022-06-13T02:06:10.179+0000][1][safepoint    ] Total time for which application threads were stopped: 0.0004094 seconds, Stopping threads took: 0.0002230 seconds
[2022-06-13T02:06:10.179+0000][1][safepoint    ] Application time: 0.0001256 seconds
[2022-06-13T02:06:10.179+0000][1][safepoint    ] Entering safepoint region: RevokeBias
[2022-06-13T02:06:10.180+0000][1][safepoint    ] Leaving safepoint region
[2022-06-13T02:06:10.180+0000][1][safepoint    ] Total time for which application threads were stopped: 0.0004482 seconds, Stopping threads took: 0.0001823 seconds
[2022-06-13T02:06:10.180+0000][1][safepoint    ] Application time: 0.0000469 seconds
[2022-06-13T02:06:10.180+0000][1][safepoint    ] Entering safepoint region: RevokeBias
[2022-06-13T02:06:10.180+0000][1][safepoint    ] Leaving safepoint region
[2022-06-13T02:06:10.180+0000][1][safepoint    ] Total time for which application threads were stopped: 0.0004303 seconds, Stopping threads took: 0.0002329 seconds
[2022-06-13T02:06:10.181+0000][1][safepoint    ] Application time: 0.0000859 seconds
[2022-06-13T02:06:10.181+0000][1][safepoint    ] Entering safepoint region: RevokeBias
[2022-06-13T02:06:10.181+0000][1][safepoint    ] Leaving safepoint region
[2022-06-13T02:06:10.181+0000][1][safepoint    ] Total time for which application threads were stopped: 0.0004167 seconds, Stopping threads took: 0.0002444 seconds
[2022-06-13T02:06:10.181+0000][1][safepoint    ] Application time: 0.0000352 seconds
[2022-06-13T02:06:10.182+0000][1][safepoint    ] Entering safepoint region: RevokeBias
[2022-06-13T02:06:10.182+0000][1][safepoint    ] Leaving safepoint region
[2022-06-13T02:06:10.182+0000][1][safepoint    ] Total time for which application threads were stopped: 0.0002611 seconds, Stopping threads took: 0.0001142 seconds
[2022-06-13T02:06:10.182+0000][1][safepoint    ] Application time: 0.0000751 seconds
[2022-06-13T02:06:10.182+0000][1][safepoint    ] Entering safepoint region: RevokeBias
[2022-06-13T02:06:10.182+0000][1][safepoint    ] Leaving safepoint region
[2022-06-13T02:06:10.183+0000][1][safepoint    ] Total time for which application threads were stopped: 0.0003355 seconds, Stopping threads took: 0.0001815 seconds
[2022-06-13T02:06:10.183+0000][1][safepoint    ] Application time: 0.0000336 seconds
[2022-06-13T02:06:10.183+0000][1][safepoint    ] Entering safepoint region: RevokeBias
[2022-06-13T02:06:10.183+0000][1][safepoint    ] Leaving safepoint region
[2022-06-13T02:06:10.183+0000][1][safepoint    ] Total time for which application threads were stopped: 0.0002223 seconds, Stopping threads took: 0.0001024 seconds
[2022-06-13T02:06:10.183+0000][1][safepoint    ] Application time: 0.0000778 seconds
[2022-06-13T02:06:10.183+0000][1][safepoint    ] Entering safepoint region: RevokeBias
[2022-06-13T02:06:10.184+0000][1][safepoint    ] Leaving safepoint region
[2022-06-13T02:06:10.184+0000][1][safepoint    ] Total time for which application threads were stopped: 0.0003262 seconds, Stopping threads took: 0.0001483 seconds
[2022-06-13T02:06:10.189+0000][1][safepoint    ] Application time: 0.0052044 seconds
[2022-06-13T02:06:10.194+0000][1][safepoint    ] Entering safepoint region: RevokeBias
[2022-06-13T02:06:10.194+0000][1][safepoint    ] Leaving safepoint region
[2022-06-13T02:06:10.194+0000][1][safepoint    ] Total time for which application threads were stopped: 0.0005336 seconds, Stopping threads took: 0.0002466 seconds
[2022-06-13T02:06:10.196+0000][1][safepoint    ] Application time: 0.0014170 seconds
[2022-06-13T02:06:10.196+0000][1][safepoint    ] Entering safepoint region: RevokeBias
[2022-06-13T02:06:10.196+0000][1][safepoint    ] Leaving safepoint region
[2022-06-13T02:06:10.196+0000][1][safepoint    ] Total time for which application threads were stopped: 0.0004700 seconds, Stopping threads took: 0.0002732 seconds
[2022-06-13T02:06:10.196+0000][1][safepoint    ] Application time: 0.0000950 seconds
[2022-06-13T02:06:10.197+0000][1][safepoint    ] Entering safepoint region: RevokeBias
[2022-06-13T02:06:10.197+0000][1][safepoint    ] Leaving safepoint region
[2022-06-13T02:06:10.197+0000][1][safepoint    ] Total time for which application threads were stopped: 0.0003847 seconds, Stopping threads took: 0.0001589 seconds
[2022-06-13T02:06:10.197+0000][1][safepoint    ] Application time: 0.0000664 seconds
[2022-06-13T02:06:10.197+0000][1][safepoint    ] Entering safepoint region: RevokeBias
[2022-06-13T02:06:10.198+0000][1][safepoint    ] Leaving safepoint region
[2022-06-13T02:06:10.198+0000][1][safepoint    ] Total time for which application threads were stopped: 0.0003566 seconds, Stopping threads took: 0.0001472 seconds
[2022-06-13T02:06:10.198+0000][1][safepoint    ] Application time: 0.0000951 seconds
[2022-06-13T02:06:10.198+0000][1][safepoint    ] Entering safepoint region: RevokeBias
[2022-06-13T02:06:10.198+0000][1][safepoint    ] Leaving safepoint region
[2022-06-13T02:06:10.199+0000][1][safepoint    ] Total time for which application threads were stopped: 0.0004625 seconds, Stopping threads took: 0.0002750 seconds
[2022-06-13T02:06:10.199+0000][1][safepoint    ] Application time: 0.0001163 seconds
[2022-06-13T02:06:10.199+0000][1][safepoint    ] Entering safepoint region: RevokeBias
[2022-06-13T02:06:10.199+0000][1][safepoint    ] Leaving safepoint region
[2022-06-13T02:06:10.199+0000][1][safepoint    ] Total time for which application threads were stopped: 0.0004282 seconds, Stopping threads took: 0.0002771 seconds
[2022-06-13T02:06:10.200+0000][1][safepoint    ] Application time: 0.0000446 seconds
[2022-06-13T02:06:10.200+0000][1][safepoint    ] Entering safepoint region: RevokeBias
[2022-06-13T02:06:10.200+0000][1][safepoint    ] Leaving safepoint region
[2022-06-13T02:06:10.201+0000][1][safepoint    ] Total time for which application threads were stopped: 0.0009550 seconds, Stopping threads took: 0.0007529 seconds
[2022-06-13T02:06:10.201+0000][1][safepoint    ] Application time: 0.0001018 seconds
[2022-06-13T02:06:10.201+0000][1][safepoint    ] Entering safepoint region: RevokeBias
[2022-06-13T02:06:10.201+0000][1][safepoint    ] Leaving safepoint region
[2022-06-13T02:06:10.201+0000][1][safepoint    ] Total time for which application threads were stopped: 0.0003790 seconds, Stopping threads took: 0.0001964 seconds
[2022-06-13T02:06:10.202+0000][1][safepoint    ] Application time: 0.0000443 seconds
[2022-06-13T02:06:10.202+0000][1][safepoint    ] Entering safepoint region: RevokeBias
[2022-06-13T02:06:10.202+0000][1][safepoint    ] Leaving safepoint region
[2022-06-13T02:06:10.202+0000][1][safepoint    ] Total time for which application threads were stopped: 0.0003271 seconds, Stopping threads took: 0.0001735 seconds
[2022-06-13T02:06:10.202+0000][1][safepoint    ] Application time: 0.0000605 seconds
[2022-06-13T02:06:10.202+0000][1][safepoint    ] Entering safepoint region: RevokeBias
[2022-06-13T02:06:10.203+0000][1][safepoint    ] Leaving safepoint region
[2022-06-13T02:06:10.203+0000][1][safepoint    ] Total time for which application threads were stopped: 0.0003593 seconds, Stopping threads took: 0.0002175 seconds
[2022-06-13T02:06:10.203+0000][1][safepoint    ] Application time: 0.0000348 seconds
[2022-06-13T02:06:10.203+0000][1][safepoint    ] Entering safepoint region: RevokeBias
[2022-06-13T02:06:10.203+0000][1][safepoint    ] Leaving safepoint region
[2022-06-13T02:06:10.203+0000][1][safepoint    ] Total time for which application threads were stopped: 0.0003272 seconds, Stopping threads took: 0.0001563 seconds
[2022-06-13T02:06:10.204+0000][1][safepoint    ] Application time: 0.0001106 seconds
[2022-06-13T02:06:10.204+0000][1][safepoint    ] Entering safepoint region: RevokeBias
[2022-06-13T02:06:10.204+0000][1][safepoint    ] Leaving safepoint region
[2022-06-13T02:06:10.204+0000][1][safepoint    ] Total time for which application threads were stopped: 0.0002859 seconds, Stopping threads took: 0.0001460 seconds
[2022-06-13T02:06:10.206+0000][1][safepoint    ] Application time: 0.0001113 seconds
[2022-06-13T02:06:10.206+0000][1][safepoint    ] Entering safepoint region: RevokeBias
[2022-06-13T02:06:10.206+0000][1][safepoint    ] Leaving safepoint region
[2022-06-13T02:06:10.206+0000][1][safepoint    ] Total time for which application threads were stopped: 0.0003546 seconds, Stopping threads took: 0.0001651 seconds
[2022-06-13T02:06:10.206+0000][1][safepoint    ] Application time: 0.0000502 seconds
[2022-06-13T02:06:10.207+0000][1][safepoint    ] Entering safepoint region: RevokeBias
[2022-06-13T02:06:10.207+0000][1][safepoint    ] Leaving safepoint region
[2022-06-13T02:06:10.207+0000][1][safepoint    ] Total time for which application threads were stopped: 0.0002972 seconds, Stopping threads took: 0.0001386 seconds
[2022-06-13T02:06:10.207+0000][1][safepoint    ] Application time: 0.0001033 seconds
[2022-06-13T02:06:10.207+0000][1][safepoint    ] Entering safepoint region: RevokeBias
[2022-06-13T02:06:10.208+0000][1][safepoint    ] Leaving safepoint region
[2022-06-13T02:06:10.208+0000][1][safepoint    ] Total time for which application threads were stopped: 0.0005238 seconds, Stopping threads took: 0.0002932 seconds
[2022-06-13T02:06:10.208+0000][1][safepoint    ] Application time: 0.0003702 seconds
[2022-06-13T02:06:10.209+0000][1][safepoint    ] Entering safepoint region: RevokeBias
[2022-06-13T02:06:10.209+0000][1][safepoint    ] Leaving safepoint region
[2022-06-13T02:06:10.210+0000][1][safepoint    ] Total time for which application threads were stopped: 0.0004313 seconds, Stopping threads took: 0.0002128 seconds
[2022-06-13T02:06:10.210+0000][1][safepoint    ] Application time: 0.0000391 seconds
[2022-06-13T02:06:10.210+0000][1][safepoint    ] Entering safepoint region: RevokeBias
[2022-06-13T02:06:10.210+0000][1][safepoint    ] Leaving safepoint region
[2022-06-13T02:06:10.210+0000][1][safepoint    ] Total time for which application threads were stopped: 0.0003273 seconds, Stopping threads took: 0.0001572 seconds
[2022-06-13T02:06:10.213+0000][1][safepoint    ] Application time: 0.0027362 seconds
[2022-06-13T02:06:10.214+0000][1][safepoint    ] Entering safepoint region: RevokeBias
[2022-06-13T02:06:10.214+0000][1][safepoint    ] Leaving safepoint region
[2022-06-13T02:06:10.214+0000][1][safepoint    ] Total time for which application threads were stopped: 0.0009072 seconds, Stopping threads took: 0.0007312 seconds
[2022-06-13T02:06:10.214+0000][1][safepoint    ] Application time: 0.0001202 seconds
[2022-06-13T02:06:10.215+0000][1][safepoint    ] Entering safepoint region: RevokeBias
[2022-06-13T02:06:10.215+0000][1][safepoint    ] Leaving safepoint region
[2022-06-13T02:06:10.215+0000][1][safepoint    ] Total time for which application threads were stopped: 0.0003199 seconds, Stopping threads took: 0.0001734 seconds
[2022-06-13T02:06:10.394+0000][1][safepoint    ] Application time: 0.1792725 seconds
[2022-06-13T02:06:10.394+0000][1][safepoint    ] Entering safepoint region: Deoptimize
[2022-06-13T02:06:10.395+0000][1][safepoint    ] Leaving safepoint region
[2022-06-13T02:06:10.396+0000][1][safepoint    ] Total time for which application threads were stopped: 0.0012103 seconds, Stopping threads took: 0.0001300 seconds
[2022-06-13T02:06:10.506+0000][1][safepoint    ] Application time: 0.1099171 seconds
[2022-06-13T02:06:10.506+0000][1][safepoint    ] Entering safepoint region: RevokeBias
[2022-06-13T02:06:10.506+0000][1][safepoint    ] Leaving safepoint region
[2022-06-13T02:06:10.506+0000][1][safepoint    ] Total time for which application threads were stopped: 0.0004098 seconds, Stopping threads took: 0.0002043 seconds
[2022-06-13T02:06:10.589+0000][1][safepoint    ] Application time: 0.0827626 seconds
[2022-06-13T02:06:10.590+0000][1][safepoint    ] Entering safepoint region: RevokeBias
[2022-06-13T02:06:10.590+0000][1][safepoint    ] Leaving safepoint region
[2022-06-13T02:06:10.591+0000][1][safepoint    ] Total time for which application threads were stopped: 0.0008127 seconds, Stopping threads took: 0.0003390 seconds
[2022-06-13T02:06:10.593+0000][1][safepoint    ] Application time: 0.0025441 seconds
[2022-06-13T02:06:10.594+0000][1][safepoint    ] Entering safepoint region: RevokeBias
[2022-06-13T02:06:10.594+0000][1][safepoint    ] Leaving safepoint region
[2022-06-13T02:06:10.594+0000][1][safepoint    ] Total time for which application threads were stopped: 0.0005031 seconds, Stopping threads took: 0.0002071 seconds
[2022-06-13T02:06:10.614+0000][1][safepoint    ] Application time: 0.0193437 seconds
[2022-06-13T02:06:10.614+0000][1][safepoint    ] Entering safepoint region: GenCollectForAllocation
[2022-06-13T02:06:10.614+0000][1][gc,start     ] GC(1) Pause Young (Allocation Failure)
[2022-06-13T02:06:10.615+0000][1][gc,task      ] GC(1) Using 5 workers of 13 for evacuation
[2022-06-13T02:06:10.631+0000][1][gc,age       ] GC(1) Desired survivor size 4456448 bytes, new threshold 6 (max threshold 6)
[2022-06-13T02:06:10.631+0000][1][gc,age       ] GC(1) Age table with threshold 6 (max threshold 6)
[2022-06-13T02:06:10.631+0000][1][gc,age       ] GC(1) - age   1:    2010760 bytes,    2010760 total
[2022-06-13T02:06:10.631+0000][1][gc,heap      ] GC(1) ParNew: 78059K->5411K(78656K)
[2022-06-13T02:06:10.631+0000][1][gc,heap      ] GC(1) CMS: 0K->6704K(174784K)
[2022-06-13T02:06:10.632+0000][1][gc,metaspace ] GC(1) Metaspace: 14911K->14911K(1062912K)
[2022-06-13T02:06:10.632+0000][1][gc           ] GC(1) Pause Young (Allocation Failure) 76M->11M(247M) 17.303ms
[2022-06-13T02:06:10.632+0000][1][gc,cpu       ] GC(1) User=0.08s Sys=0.00s Real=0.02s
[2022-06-13T02:06:10.632+0000][1][safepoint    ] Leaving safepoint region
[2022-06-13T02:06:10.632+0000][1][safepoint    ] Total time for which application threads were stopped: 0.0178797 seconds, Stopping threads took: 0.0001528 seconds
[2022-06-13T02:06:10.637+0000][1][safepoint    ] Application time: 0.0050797 seconds
[2022-06-13T02:06:10.638+0000][1][safepoint    ] Entering safepoint region: RevokeBias
[2022-06-13T02:06:10.638+0000][1][safepoint    ] Leaving safepoint region
[2022-06-13T02:06:10.638+0000][1][safepoint    ] Total time for which application threads were stopped: 0.0004870 seconds, Stopping threads took: 0.0002268 seconds
[2022-06-13T02:06:10.638+0000][1][safepoint    ] Application time: 0.0001116 seconds
[2022-06-13T02:06:10.638+0000][1][safepoint    ] Entering safepoint region: RevokeBias
[2022-06-13T02:06:10.639+0000][1][safepoint    ] Leaving safepoint region
[2022-06-13T02:06:10.639+0000][1][safepoint    ] Total time for which application threads were stopped: 0.0003943 seconds, Stopping threads took: 0.0001701 seconds
[2022-06-13T02:06:10.639+0000][1][safepoint    ] Application time: 0.0001433 seconds
[2022-06-13T02:06:10.639+0000][1][safepoint    ] Entering safepoint region: RevokeBias
[2022-06-13T02:06:10.639+0000][1][safepoint    ] Leaving safepoint region
[2022-06-13T02:06:10.640+0000][1][safepoint    ] Total time for which application threads were stopped: 0.0002661 seconds, Stopping threads took: 0.0001422 seconds
[2022-06-13T02:06:10.640+0000][1][safepoint    ] Application time: 0.0001087 seconds
[2022-06-13T02:06:10.640+0000][1][safepoint    ] Entering safepoint region: RevokeBias
[2022-06-13T02:06:10.640+0000][1][safepoint    ] Leaving safepoint region
[2022-06-13T02:06:10.640+0000][1][safepoint    ] Total time for which application threads were stopped: 0.0002480 seconds, Stopping threads took: 0.0001181 seconds
[2022-06-13T02:06:10.640+0000][1][safepoint    ] Application time: 0.0001060 seconds
[2022-06-13T02:06:10.641+0000][1][safepoint    ] Entering safepoint region: RevokeBias
[2022-06-13T02:06:10.641+0000][1][safepoint    ] Leaving safepoint region
[2022-06-13T02:06:10.641+0000][1][safepoint    ] Total time for which application threads were stopped: 0.0004222 seconds, Stopping threads took: 0.0002000 seconds
[2022-06-13T02:06:10.641+0000][1][safepoint    ] Application time: 0.0000835 seconds
[2022-06-13T02:06:10.641+0000][1][safepoint    ] Entering safepoint region: RevokeBias
[2022-06-13T02:06:10.642+0000][1][safepoint    ] Leaving safepoint region
[2022-06-13T02:06:10.642+0000][1][safepoint    ] Total time for which application threads were stopped: 0.0002769 seconds, Stopping threads took: 0.0001329 seconds
[2022-06-13T02:06:10.642+0000][1][safepoint    ] Application time: 0.0000938 seconds
[2022-06-13T02:06:10.642+0000][1][safepoint    ] Entering safepoint region: RevokeBias
[2022-06-13T02:06:10.642+0000][1][safepoint    ] Leaving safepoint region
[2022-06-13T02:06:10.642+0000][1][safepoint    ] Total time for which application threads were stopped: 0.0003846 seconds, Stopping threads took: 0.0001903 seconds
[2022-06-13T02:06:10.643+0000][1][safepoint    ] Application time: 0.0000953 seconds
[2022-06-13T02:06:10.643+0000][1][safepoint    ] Entering safepoint region: RevokeBias
[2022-06-13T02:06:10.643+0000][1][safepoint    ] Leaving safepoint region
[2022-06-13T02:06:10.643+0000][1][safepoint    ] Total time for which application threads were stopped: 0.0003657 seconds, Stopping threads took: 0.0001571 seconds
[2022-06-13T02:06:10.644+0000][1][safepoint    ] Application time: 0.0001112 seconds
[2022-06-13T02:06:10.644+0000][1][safepoint    ] Entering safepoint region: RevokeBias
[2022-06-13T02:06:10.644+0000][1][safepoint    ] Leaving safepoint region
[2022-06-13T02:06:10.644+0000][1][safepoint    ] Total time for which application threads were stopped: 0.0003182 seconds, Stopping threads took: 0.0001476 seconds
[2022-06-13T02:06:10.644+0000][1][safepoint    ] Application time: 0.0003283 seconds
[2022-06-13T02:06:10.645+0000][1][safepoint    ] Entering safepoint region: RevokeBias
[2022-06-13T02:06:10.645+0000][1][safepoint    ] Leaving safepoint region
[2022-06-13T02:06:10.645+0000][1][safepoint    ] Total time for which application threads were stopped: 0.0003364 seconds, Stopping threads took: 0.0001632 seconds
[2022-06-13T02:06:10.645+0000][1][safepoint    ] Application time: 0.0001065 seconds
[2022-06-13T02:06:10.645+0000][1][safepoint    ] Entering safepoint region: BulkRevokeBias
[2022-06-13T02:06:10.646+0000][1][safepoint    ] Leaving safepoint region
[2022-06-13T02:06:10.646+0000][1][safepoint    ] Total time for which application threads were stopped: 0.0003639 seconds, Stopping threads took: 0.0001613 seconds
[2022-06-13T02:06:10.649+0000][1][safepoint    ] Application time: 0.0033246 seconds
[2022-06-13T02:06:10.650+0000][1][safepoint    ] Entering safepoint region: RevokeBias
[2022-06-13T02:06:10.650+0000][1][safepoint    ] Leaving safepoint region
[2022-06-13T02:06:10.650+0000][1][safepoint    ] Total time for which application threads were stopped: 0.0005160 seconds, Stopping threads took: 0.0002914 seconds
[2022-06-13T02:06:10.650+0000][1][safepoint    ] Application time: 0.0001088 seconds
[2022-06-13T02:06:10.650+0000][1][safepoint    ] Entering safepoint region: BulkRevokeBias
[2022-06-13T02:06:10.651+0000][1][safepoint    ] Leaving safepoint region
[2022-06-13T02:06:10.651+0000][1][safepoint    ] Total time for which application threads were stopped: 0.0004063 seconds, Stopping threads took: 0.0001887 seconds
[2022-06-13T02:06:10.749+0000][1][safepoint    ] Application time: 0.0980586 seconds
[2022-06-13T02:06:10.750+0000][1][safepoint    ] Entering safepoint region: GenCollectForAllocation
[2022-06-13T02:06:10.750+0000][1][gc,start     ] GC(2) Pause Young (Allocation Failure)
[2022-06-13T02:06:10.751+0000][1][gc,task      ] GC(2) Using 5 workers of 13 for evacuation
[2022-06-13T02:06:10.761+0000][1][gc,age       ] GC(2) Desired survivor size 4456448 bytes, new threshold 6 (max threshold 6)
[2022-06-13T02:06:10.762+0000][1][gc,age       ] GC(2) Age table with threshold 6 (max threshold 6)
[2022-06-13T02:06:10.762+0000][1][gc,age       ] GC(2) - age   1:    2604504 bytes,    2604504 total
[2022-06-13T02:06:10.762+0000][1][gc,age       ] GC(2) - age   2:    1179240 bytes,    3783744 total
[2022-06-13T02:06:10.762+0000][1][gc,heap      ] GC(2) ParNew: 75363K->4184K(78656K)
[2022-06-13T02:06:10.763+0000][1][gc,heap      ] GC(2) CMS: 6704K->6704K(174784K)
[2022-06-13T02:06:10.763+0000][1][gc,metaspace ] GC(2) Metaspace: 15043K->15043K(1062912K)
[2022-06-13T02:06:10.763+0000][1][gc           ] GC(2) Pause Young (Allocation Failure) 80M->10M(247M) 13.184ms
[2022-06-13T02:06:10.763+0000][1][gc,cpu       ] GC(2) User=0.03s Sys=0.00s Real=0.01s
[2022-06-13T02:06:10.764+0000][1][safepoint    ] Leaving safepoint region
[2022-06-13T02:06:10.764+0000][1][safepoint    ] Total time for which application threads were stopped: 0.0142950 seconds, Stopping threads took: 0.0002138 seconds
[2022-06-13T02:06:10.764+0000][1][safepoint    ] Application time: 0.0001598 seconds
[2022-06-13T02:06:10.764+0000][1][safepoint    ] Entering safepoint region: RevokeBias
[2022-06-13T02:06:10.765+0000][1][safepoint    ] Leaving safepoint region
[2022-06-13T02:06:10.765+0000][1][safepoint    ] Total time for which application threads were stopped: 0.0004976 seconds, Stopping threads took: 0.0002292 seconds
[2022-06-13T02:06:10.765+0000][1][safepoint    ] Application time: 0.0000309 seconds
[2022-06-13T02:06:10.765+0000][1][safepoint    ] Entering safepoint region: RevokeBias
[2022-06-13T02:06:10.766+0000][1][safepoint    ] Leaving safepoint region
[2022-06-13T02:06:10.766+0000][1][safepoint    ] Total time for which application threads were stopped: 0.0003728 seconds, Stopping threads took: 0.0001639 seconds
[2022-06-13T02:06:10.766+0000][1][safepoint    ] Application time: 0.0001260 seconds
[2022-06-13T02:06:10.766+0000][1][safepoint    ] Entering safepoint region: RevokeBias
[2022-06-13T02:06:10.767+0000][1][safepoint    ] Leaving safepoint region
[2022-06-13T02:06:10.767+0000][1][safepoint    ] Total time for which application threads were stopped: 0.0003976 seconds, Stopping threads took: 0.0001687 seconds
[2022-06-13T02:06:10.767+0000][1][safepoint    ] Application time: 0.0000908 seconds
[2022-06-13T02:06:10.767+0000][1][safepoint    ] Entering safepoint region: RevokeBias
[2022-06-13T02:06:10.767+0000][1][safepoint    ] Leaving safepoint region
[2022-06-13T02:06:10.767+0000][1][safepoint    ] Total time for which application threads were stopped: 0.0003429 seconds, Stopping threads took: 0.0001456 seconds
[2022-06-13T02:06:10.768+0000][1][safepoint    ] Application time: 0.0000931 seconds
[2022-06-13T02:06:10.768+0000][1][safepoint    ] Entering safepoint region: RevokeBias
[2022-06-13T02:06:10.768+0000][1][safepoint    ] Leaving safepoint region
[2022-06-13T02:06:10.768+0000][1][safepoint    ] Total time for which application threads were stopped: 0.0002968 seconds, Stopping threads took: 0.0001426 seconds
[2022-06-13T02:06:10.768+0000][1][safepoint    ] Application time: 0.0000530 seconds
[2022-06-13T02:06:10.768+0000][1][safepoint    ] Entering safepoint region: RevokeBias
[2022-06-13T02:06:10.769+0000][1][safepoint    ] Leaving safepoint region
[2022-06-13T02:06:10.769+0000][1][safepoint    ] Total time for which application threads were stopped: 0.0004496 seconds, Stopping threads took: 0.0002206 seconds
[2022-06-13T02:06:10.895+0000][1][safepoint    ] Application time: 0.1265468 seconds
[2022-06-13T02:06:10.896+0000][1][safepoint    ] Entering safepoint region: Deoptimize
[2022-06-13T02:06:10.897+0000][1][safepoint    ] Leaving safepoint region
[2022-06-13T02:06:10.897+0000][1][safepoint    ] Total time for which application threads were stopped: 0.0008977 seconds, Stopping threads took: 0.0002499 seconds
[2022-06-13T02:06:10.898+0000][1][safepoint    ] Application time: 0.0005438 seconds
[2022-06-13T02:06:10.898+0000][1][safepoint    ] Entering safepoint region: Deoptimize
[2022-06-13T02:06:10.898+0000][1][safepoint    ] Leaving safepoint region
[2022-06-13T02:06:10.899+0000][1][safepoint    ] Total time for which application threads were stopped: 0.0007913 seconds, Stopping threads took: 0.0001431 seconds
[2022-06-13T02:06:11.079+0000][1][safepoint    ] Application time: 0.1804337 seconds
[2022-06-13T02:06:11.079+0000][1][safepoint    ] Entering safepoint region: GenCollectForAllocation
[2022-06-13T02:06:11.080+0000][1][gc,start     ] GC(3) Pause Young (Allocation Failure)
[2022-06-13T02:06:11.080+0000][1][gc,task      ] GC(3) Using 5 workers of 13 for evacuation
[2022-06-13T02:06:11.084+0000][1][gc,age       ] GC(3) Desired survivor size 4456448 bytes, new threshold 3 (max threshold 6)
[2022-06-13T02:06:11.084+0000][1][gc,age       ] GC(3) Age table with threshold 3 (max threshold 6)
[2022-06-13T02:06:11.085+0000][1][gc,age       ] GC(3) - age   1:    3232904 bytes,    3232904 total
[2022-06-13T02:06:11.085+0000][1][gc,age       ] GC(3) - age   2:     319312 bytes,    3552216 total
[2022-06-13T02:06:11.085+0000][1][gc,age       ] GC(3) - age   3:    1176224 bytes,    4728440 total
[2022-06-13T02:06:11.085+0000][1][gc,heap      ] GC(3) ParNew: 74136K->5734K(78656K)
[2022-06-13T02:06:11.085+0000][1][gc,heap      ] GC(3) CMS: 6704K->6704K(174784K)
[2022-06-13T02:06:11.085+0000][1][gc,metaspace ] GC(3) Metaspace: 18467K->18467K(1067008K)
[2022-06-13T02:06:11.086+0000][1][gc           ] GC(3) Pause Young (Allocation Failure) 78M->12M(247M) 5.799ms
[2022-06-13T02:06:11.086+0000][1][gc,cpu       ] GC(3) User=0.01s Sys=0.00s Real=0.00s
[2022-06-13T02:06:11.086+0000][1][safepoint    ] Leaving safepoint region
[2022-06-13T02:06:11.086+0000][1][safepoint    ] Total time for which application threads were stopped: 0.0065884 seconds, Stopping threads took: 0.0002103 seconds
[2022-06-13T02:06:11.087+0000][1][safepoint    ] Application time: 0.0002811 seconds
[2022-06-13T02:06:11.087+0000][1][safepoint    ] Entering safepoint region: RevokeBias
[2022-06-13T02:06:11.087+0000][1][safepoint    ] Leaving safepoint region
[2022-06-13T02:06:11.087+0000][1][safepoint    ] Total time for which application threads were stopped: 0.0004230 seconds, Stopping threads took: 0.0001405 seconds
[2022-06-13T02:06:11.087+0000][1][safepoint    ] Application time: 0.0000513 seconds
[2022-06-13T02:06:11.087+0000][1][safepoint    ] Entering safepoint region: RevokeBias
[2022-06-13T02:06:11.088+0000][1][safepoint    ] Leaving safepoint region
[2022-06-13T02:06:11.088+0000][1][safepoint    ] Total time for which application threads were stopped: 0.0002545 seconds, Stopping threads took: 0.0000914 seconds
[2022-06-13T02:06:11.088+0000][1][safepoint    ] Application time: 0.0000324 seconds
[2022-06-13T02:06:11.088+0000][1][safepoint    ] Entering safepoint region: RevokeBias
[2022-06-13T02:06:11.088+0000][1][safepoint    ] Leaving safepoint region
[2022-06-13T02:06:11.088+0000][1][safepoint    ] Total time for which application threads were stopped: 0.0005628 seconds, Stopping threads took: 0.0003799 seconds
[2022-06-13T02:06:11.089+0000][1][safepoint    ] Application time: 0.0000233 seconds
[2022-06-13T02:06:11.089+0000][1][safepoint    ] Entering safepoint region: RevokeBias
[2022-06-13T02:06:11.090+0000][1][safepoint    ] Leaving safepoint region
[2022-06-13T02:06:11.090+0000][1][safepoint    ] Total time for which application threads were stopped: 0.0014354 seconds, Stopping threads took: 0.0006878 seconds
[2022-06-13T02:06:11.096+0000][1][safepoint    ] Application time: 0.0044920 seconds
[2022-06-13T02:06:11.096+0000][1][safepoint    ] Entering safepoint region: RevokeBias
[2022-06-13T02:06:11.096+0000][1][safepoint    ] Leaving safepoint region
[2022-06-13T02:06:11.096+0000][1][safepoint    ] Total time for which application threads were stopped: 0.0003072 seconds, Stopping threads took: 0.0001235 seconds
[2022-06-13T02:06:11.096+0000][1][safepoint    ] Application time: 0.0000338 seconds
[2022-06-13T02:06:11.097+0000][1][safepoint    ] Entering safepoint region: RevokeBias
[2022-06-13T02:06:11.097+0000][1][safepoint    ] Leaving safepoint region
[2022-06-13T02:06:11.102+0000][1][safepoint    ] Total time for which application threads were stopped: 0.0037704 seconds, Stopping threads took: 0.0001689 seconds
[2022-06-13T02:06:11.115+0000][1][safepoint    ] Application time: 0.0128210 seconds
[2022-06-13T02:06:11.130+0000][1][safepoint    ] Entering safepoint region: RevokeBias
[2022-06-13T02:06:11.131+0000][1][safepoint    ] Leaving safepoint region
[2022-06-13T02:06:11.131+0000][1][safepoint    ] Total time for which application threads were stopped: 0.0099095 seconds, Stopping threads took: 0.0095202 seconds
[2022-06-13T02:06:11.132+0000][1][safepoint    ] Application time: 0.0012379 seconds
[2022-06-13T02:06:11.133+0000][1][safepoint    ] Entering safepoint region: RevokeBias
[2022-06-13T02:06:11.133+0000][1][safepoint    ] Leaving safepoint region
[2022-06-13T02:06:11.135+0000][1][safepoint    ] Total time for which application threads were stopped: 0.0023079 seconds, Stopping threads took: 0.0001717 seconds
[2022-06-13T02:06:11.135+0000][1][safepoint    ] Application time: 0.0000660 seconds
[2022-06-13T02:06:11.135+0000][1][safepoint    ] Entering safepoint region: RevokeBias
[2022-06-13T02:06:11.136+0000][1][safepoint    ] Leaving safepoint region
[2022-06-13T02:06:11.136+0000][1][safepoint    ] Total time for which application threads were stopped: 0.0003712 seconds, Stopping threads took: 0.0001420 seconds
[2022-06-13T02:06:11.136+0000][1][safepoint    ] Application time: 0.0000410 seconds
[2022-06-13T02:06:11.138+0000][1][safepoint    ] Entering safepoint region: RevokeBias
[2022-06-13T02:06:11.141+0000][1][safepoint    ] Leaving safepoint region
[2022-06-13T02:06:11.143+0000][1][safepoint    ] Total time for which application threads were stopped: 0.0064761 seconds, Stopping threads took: 0.0048691 seconds
[2022-06-13T02:06:11.143+0000][1][safepoint    ] Application time: 0.0001001 seconds
[2022-06-13T02:06:11.144+0000][1][safepoint    ] Entering safepoint region: RevokeBias
[2022-06-13T02:06:11.144+0000][1][safepoint    ] Leaving safepoint region
[2022-06-13T02:06:11.144+0000][1][safepoint    ] Total time for which application threads were stopped: 0.0005463 seconds, Stopping threads took: 0.0002855 seconds
[2022-06-13T02:06:11.145+0000][1][safepoint    ] Application time: 0.0000417 seconds
[2022-06-13T02:06:11.148+0000][1][safepoint    ] Entering safepoint region: RevokeBias
[2022-06-13T02:06:11.150+0000][1][safepoint    ] Leaving safepoint region
[2022-06-13T02:06:11.150+0000][1][safepoint    ] Total time for which application threads were stopped: 0.0016758 seconds, Stopping threads took: 0.0013208 seconds
[2022-06-13T02:06:11.150+0000][1][safepoint    ] Application time: 0.0000658 seconds
[2022-06-13T02:06:11.150+0000][1][safepoint    ] Entering safepoint region: RevokeBias
[2022-06-13T02:06:11.152+0000][1][safepoint    ] Leaving safepoint region
[2022-06-13T02:06:11.153+0000][1][safepoint    ] Total time for which application threads were stopped: 0.0022901 seconds, Stopping threads took: 0.0019707 seconds
[2022-06-13T02:06:11.153+0000][1][safepoint    ] Application time: 0.0001156 seconds
[2022-06-13T02:06:11.153+0000][1][safepoint    ] Entering safepoint region: RevokeBias
[2022-06-13T02:06:11.154+0000][1][safepoint    ] Leaving safepoint region
[2022-06-13T02:06:11.154+0000][1][safepoint    ] Total time for which application threads were stopped: 0.0012655 seconds, Stopping threads took: 0.0010281 seconds
[2022-06-13T02:06:11.155+0000][1][safepoint    ] Application time: 0.0001152 seconds
[2022-06-13T02:06:11.155+0000][1][safepoint    ] Entering safepoint region: RevokeBias
[2022-06-13T02:06:11.155+0000][1][safepoint    ] Leaving safepoint region
[2022-06-13T02:06:11.155+0000][1][safepoint    ] Total time for which application threads were stopped: 0.0003661 seconds, Stopping threads took: 0.0001510 seconds
[2022-06-13T02:06:11.155+0000][1][safepoint    ] Application time: 0.0000460 seconds
[2022-06-13T02:06:11.155+0000][1][safepoint    ] Entering safepoint region: RevokeBias
[2022-06-13T02:06:11.156+0000][1][safepoint    ] Leaving safepoint region
[2022-06-13T02:06:11.156+0000][1][safepoint    ] Total time for which application threads were stopped: 0.0003212 seconds, Stopping threads took: 0.0001397 seconds
[2022-06-13T02:06:11.156+0000][1][safepoint    ] Application time: 0.0000759 seconds
[2022-06-13T02:06:11.156+0000][1][safepoint    ] Entering safepoint region: RevokeBias
[2022-06-13T02:06:11.156+0000][1][safepoint    ] Leaving safepoint region
[2022-06-13T02:06:11.156+0000][1][safepoint    ] Total time for which application threads were stopped: 0.0003039 seconds, Stopping threads took: 0.0001254 seconds
[2022-06-13T02:06:11.157+0000][1][safepoint    ] Application time: 0.0001040 seconds
[2022-06-13T02:06:11.157+0000][1][safepoint    ] Entering safepoint region: RevokeBias
[2022-06-13T02:06:11.157+0000][1][safepoint    ] Leaving safepoint region
[2022-06-13T02:06:11.157+0000][1][safepoint    ] Total time for which application threads were stopped: 0.0003419 seconds, Stopping threads took: 0.0001523 seconds
[2022-06-13T02:06:11.157+0000][1][safepoint    ] Application time: 0.0000376 seconds
[2022-06-13T02:06:11.158+0000][1][safepoint    ] Entering safepoint region: RevokeBias
[2022-06-13T02:06:11.158+0000][1][safepoint    ] Leaving safepoint region
[2022-06-13T02:06:11.158+0000][1][safepoint    ] Total time for which application threads were stopped: 0.0003131 seconds, Stopping threads took: 0.0001222 seconds
[2022-06-13T02:06:11.159+0000][1][safepoint    ] Application time: 0.0000663 seconds
[2022-06-13T02:06:11.160+0000][1][safepoint    ] Entering safepoint region: RevokeBias
[2022-06-13T02:06:11.160+0000][1][safepoint    ] Leaving safepoint region
[2022-06-13T02:06:11.160+0000][1][safepoint    ] Total time for which application threads were stopped: 0.0003706 seconds, Stopping threads took: 0.0001591 seconds
[2022-06-13T02:06:11.160+0000][1][safepoint    ] Application time: 0.0000338 seconds
[2022-06-13T02:06:11.160+0000][1][safepoint    ] Entering safepoint region: RevokeBias
[2022-06-13T02:06:11.161+0000][1][safepoint    ] Leaving safepoint region
[2022-06-13T02:06:11.161+0000][1][safepoint    ] Total time for which application threads were stopped: 0.0003101 seconds, Stopping threads took: 0.0001172 seconds
[2022-06-13T02:06:11.254+0000][1][safepoint    ] Application time: 0.0933799 seconds
[2022-06-13T02:06:11.254+0000][1][safepoint    ] Entering safepoint region: GenCollectForAllocation
[2022-06-13T02:06:11.255+0000][1][gc,start     ] GC(4) Pause Young (Allocation Failure)
[2022-06-13T02:06:11.255+0000][1][gc,task      ] GC(4) Using 5 workers of 13 for evacuation
[2022-06-13T02:06:11.264+0000][1][gc,age       ] GC(4) Desired survivor size 4456448 bytes, new threshold 2 (max threshold 6)
[2022-06-13T02:06:11.265+0000][1][gc,age       ] GC(4) Age table with threshold 2 (max threshold 6)
[2022-06-13T02:06:11.265+0000][1][gc,age       ] GC(4) - age   1:    1642864 bytes,    1642864 total
[2022-06-13T02:06:11.265+0000][1][gc,age       ] GC(4) - age   2:    3197328 bytes,    4840192 total
[2022-06-13T02:06:11.265+0000][1][gc,age       ] GC(4) - age   3:     318784 bytes,    5158976 total
[2022-06-13T02:06:11.266+0000][1][gc,heap      ] GC(4) ParNew: 75686K->5852K(78656K)
[2022-06-13T02:06:11.268+0000][1][gc,heap      ] GC(4) CMS: 6704K->7870K(174784K)
[2022-06-13T02:06:11.271+0000][1][gc,metaspace ] GC(4) Metaspace: 18750K->18750K(1067008K)
[2022-06-13T02:06:11.271+0000][1][gc           ] GC(4) Pause Young (Allocation Failure) 80M->13M(247M) 16.576ms
[2022-06-13T02:06:11.272+0000][1][gc,cpu       ] GC(4) User=0.04s Sys=0.00s Real=0.02s
[2022-06-13T02:06:11.273+0000][1][safepoint    ] Leaving safepoint region
[2022-06-13T02:06:11.274+0000][1][safepoint    ] Total time for which application threads were stopped: 0.0193708 seconds, Stopping threads took: 0.0002848 seconds
[2022-06-13T02:06:11.282+0000][1][safepoint    ] Application time: 0.0079471 seconds
[2022-06-13T02:06:11.282+0000][1][safepoint    ] Entering safepoint region: RevokeBias
[2022-06-13T02:06:11.283+0000][1][safepoint    ] Leaving safepoint region
[2022-06-13T02:06:11.283+0000][1][safepoint    ] Total time for which application threads were stopped: 0.0004197 seconds, Stopping threads took: 0.0001973 seconds
[2022-06-13T02:06:11.283+0000][1][safepoint    ] Application time: 0.0004254 seconds
[2022-06-13T02:06:11.284+0000][1][safepoint    ] Entering safepoint region: RevokeBias
[2022-06-13T02:06:11.284+0000][1][safepoint    ] Leaving safepoint region
[2022-06-13T02:06:11.284+0000][1][safepoint    ] Total time for which application threads were stopped: 0.0003887 seconds, Stopping threads took: 0.0001781 seconds
[2022-06-13T02:06:11.284+0000][1][safepoint    ] Application time: 0.0001001 seconds
[2022-06-13T02:06:11.284+0000][1][safepoint    ] Entering safepoint region: RevokeBias
[2022-06-13T02:06:11.284+0000][1][safepoint    ] Leaving safepoint region
[2022-06-13T02:06:11.285+0000][1][safepoint    ] Total time for which application threads were stopped: 0.0002994 seconds, Stopping threads took: 0.0001234 seconds
[2022-06-13T02:06:11.285+0000][1][safepoint    ] Application time: 0.0000722 seconds
[2022-06-13T02:06:11.285+0000][1][safepoint    ] Entering safepoint region: RevokeBias
[2022-06-13T02:06:11.285+0000][1][safepoint    ] Leaving safepoint region
[2022-06-13T02:06:11.285+0000][1][safepoint    ] Total time for which application threads were stopped: 0.0005003 seconds, Stopping threads took: 0.0001393 seconds
[2022-06-13T02:06:11.302+0000][1][safepoint    ] Application time: 0.0162569 seconds
[2022-06-13T02:06:11.305+0000][1][safepoint    ] Entering safepoint region: Deoptimize
[2022-06-13T02:06:11.308+0000][1][safepoint    ] Leaving safepoint region
[2022-06-13T02:06:11.309+0000][1][safepoint    ] Total time for which application threads were stopped: 0.0040141 seconds, Stopping threads took: 0.0012543 seconds
[2022-06-13T02:06:11.370+0000][1][safepoint    ] Application time: 0.0609006 seconds
[2022-06-13T02:06:11.371+0000][1][safepoint    ] Entering safepoint region: Deoptimize
[2022-06-13T02:06:11.371+0000][1][safepoint    ] Leaving safepoint region
[2022-06-13T02:06:11.372+0000][1][safepoint    ] Total time for which application threads were stopped: 0.0008564 seconds, Stopping threads took: 0.0001937 seconds
[2022-06-13T02:06:11.464+0000][1][safepoint    ] Application time: 0.0918535 seconds
[2022-06-13T02:06:11.467+0000][1][safepoint    ] Entering safepoint region: GenCollectForAllocation
[2022-06-13T02:06:11.467+0000][1][gc,start     ] GC(5) Pause Young (Allocation Failure)
[2022-06-13T02:06:11.468+0000][1][gc,task      ] GC(5) Using 5 workers of 13 for evacuation
[2022-06-13T02:06:11.473+0000][1][gc,age       ] GC(5) Desired survivor size 4456448 bytes, new threshold 6 (max threshold 6)
[2022-06-13T02:06:11.474+0000][1][gc,age       ] GC(5) Age table with threshold 6 (max threshold 6)
[2022-06-13T02:06:11.474+0000][1][gc,age       ] GC(5) - age   1:    2224008 bytes,    2224008 total
[2022-06-13T02:06:11.474+0000][1][gc,age       ] GC(5) - age   2:     554008 bytes,    2778016 total
[2022-06-13T02:06:11.475+0000][1][gc,heap      ] GC(5) ParNew: 75804K->4285K(78656K)
[2022-06-13T02:06:11.475+0000][1][gc,heap      ] GC(5) CMS: 7870K->11331K(174784K)
[2022-06-13T02:06:11.475+0000][1][gc,metaspace ] GC(5) Metaspace: 19112K->19112K(1067008K)
[2022-06-13T02:06:11.475+0000][1][gc           ] GC(5) Pause Young (Allocation Failure) 81M->15M(247M) 8.003ms
[2022-06-13T02:06:11.475+0000][1][gc,cpu       ] GC(5) User=0.06s Sys=0.00s Real=0.01s
[2022-06-13T02:06:11.475+0000][1][safepoint    ] Leaving safepoint region
[2022-06-13T02:06:11.475+0000][1][safepoint    ] Total time for which application threads were stopped: 0.0088009 seconds, Stopping threads took: 0.0003291 seconds
[2022-06-13T02:06:11.479+0000][1][safepoint    ] Application time: 0.0034963 seconds
[2022-06-13T02:06:11.480+0000][1][safepoint    ] Entering safepoint region: RevokeBias
[2022-06-13T02:06:11.480+0000][1][safepoint    ] Leaving safepoint region
[2022-06-13T02:06:11.480+0000][1][safepoint    ] Total time for which application threads were stopped: 0.0011179 seconds, Stopping threads took: 0.0008950 seconds
[2022-06-13T02:06:11.480+0000][1][safepoint    ] Application time: 0.0000362 seconds
[2022-06-13T02:06:11.481+0000][1][safepoint    ] Entering safepoint region: RevokeBias
[2022-06-13T02:06:11.481+0000][1][safepoint    ] Leaving safepoint region
[2022-06-13T02:06:11.481+0000][1][safepoint    ] Total time for which application threads were stopped: 0.0002516 seconds, Stopping threads took: 0.0001053 seconds
[2022-06-13T02:06:11.481+0000][1][safepoint    ] Application time: 0.0000631 seconds
[2022-06-13T02:06:11.481+0000][1][safepoint    ] Entering safepoint region: RevokeBias
[2022-06-13T02:06:11.481+0000][1][safepoint    ] Leaving safepoint region
[2022-06-13T02:06:11.481+0000][1][safepoint    ] Total time for which application threads were stopped: 0.0002717 seconds, Stopping threads took: 0.0001180 seconds
[2022-06-13T02:06:11.482+0000][1][safepoint    ] Application time: 0.0000275 seconds
[2022-06-13T02:06:11.482+0000][1][safepoint    ] Entering safepoint region: RevokeBias
[2022-06-13T02:06:11.482+0000][1][safepoint    ] Leaving safepoint region
[2022-06-13T02:06:11.482+0000][1][safepoint    ] Total time for which application threads were stopped: 0.0002698 seconds, Stopping threads took: 0.0001198 seconds
[2022-06-13T02:06:11.482+0000][1][safepoint    ] Application time: 0.0000380 seconds
[2022-06-13T02:06:11.482+0000][1][safepoint    ] Entering safepoint region: RevokeBias
[2022-06-13T02:06:11.482+0000][1][safepoint    ] Leaving safepoint region
[2022-06-13T02:06:11.483+0000][1][safepoint    ] Total time for which application threads were stopped: 0.0003584 seconds, Stopping threads took: 0.0001062 seconds
[2022-06-13T02:06:11.483+0000][1][safepoint    ] Application time: 0.0000446 seconds
[2022-06-13T02:06:11.483+0000][1][safepoint    ] Entering safepoint region: RevokeBias
[2022-06-13T02:06:11.483+0000][1][safepoint    ] Leaving safepoint region
[2022-06-13T02:06:11.486+0000][1][safepoint    ] Total time for which application threads were stopped: 0.0030506 seconds, Stopping threads took: 0.0001768 seconds
[2022-06-13T02:06:11.639+0000][1][safepoint    ] Application time: 0.1525650 seconds
[2022-06-13T02:06:11.640+0000][1][safepoint    ] Entering safepoint region: GenCollectForAllocation
[2022-06-13T02:06:11.640+0000][1][gc,start     ] GC(6) Pause Young (Allocation Failure)
[2022-06-13T02:06:11.640+0000][1][gc,task      ] GC(6) Using 5 workers of 13 for evacuation
[2022-06-13T02:06:11.645+0000][1][gc,age       ] GC(6) Desired survivor size 4456448 bytes, new threshold 6 (max threshold 6)
[2022-06-13T02:06:11.646+0000][1][gc,age       ] GC(6) Age table with threshold 6 (max threshold 6)
[2022-06-13T02:06:11.646+0000][1][gc,age       ] GC(6) - age   1:    1337176 bytes,    1337176 total
[2022-06-13T02:06:11.646+0000][1][gc,age       ] GC(6) - age   2:    2194984 bytes,    3532160 total
[2022-06-13T02:06:11.646+0000][1][gc,age       ] GC(6) - age   3:     554008 bytes,    4086168 total
[2022-06-13T02:06:11.646+0000][1][gc,heap      ] GC(6) ParNew: 74237K->5274K(78656K)
[2022-06-13T02:06:11.647+0000][1][gc,heap      ] GC(6) CMS: 11331K->11331K(174784K)
[2022-06-13T02:06:11.647+0000][1][gc,metaspace ] GC(6) Metaspace: 19417K->19417K(1067008K)
[2022-06-13T02:06:11.647+0000][1][gc           ] GC(6) Pause Young (Allocation Failure) 83M->16M(247M) 6.980ms
[2022-06-13T02:06:11.647+0000][1][gc,cpu       ] GC(6) User=0.01s Sys=0.00s Real=0.00s
[2022-06-13T02:06:11.647+0000][1][safepoint    ] Leaving safepoint region
[2022-06-13T02:06:11.647+0000][1][safepoint    ] Total time for which application threads were stopped: 0.0076094 seconds, Stopping threads took: 0.0001513 seconds
[2022-06-13T02:06:11.649+0000][1][safepoint    ] Application time: 0.0021491 seconds
[2022-06-13T02:06:11.665+0000][1][safepoint    ] Entering safepoint region: RevokeBias
[2022-06-13T02:06:11.665+0000][1][safepoint    ] Leaving safepoint region
[2022-06-13T02:06:11.666+0000][1][safepoint    ] Total time for which application threads were stopped: 0.0133606 seconds, Stopping threads took: 0.0131113 seconds
[2022-06-13T02:06:11.666+0000][1][safepoint    ] Application time: 0.0001051 seconds
[2022-06-13T02:06:11.666+0000][1][safepoint    ] Entering safepoint region: BulkRevokeBias
[2022-06-13T02:06:11.666+0000][1][safepoint    ] Leaving safepoint region
[2022-06-13T02:06:11.666+0000][1][safepoint    ] Total time for which application threads were stopped: 0.0003548 seconds, Stopping threads took: 0.0001315 seconds
[2022-06-13T02:06:11.667+0000][1][safepoint    ] Application time: 0.0001050 seconds
[2022-06-13T02:06:11.667+0000][1][safepoint    ] Entering safepoint region: BulkRevokeBias
[2022-06-13T02:06:11.667+0000][1][safepoint    ] Leaving safepoint region
[2022-06-13T02:06:11.667+0000][1][safepoint    ] Total time for which application threads were stopped: 0.0003430 seconds, Stopping threads took: 0.0001107 seconds
[2022-06-13T02:06:11.805+0000][1][safepoint    ] Application time: 0.1377309 seconds
[2022-06-13T02:06:11.809+0000][1][safepoint    ] Entering safepoint region: CollectForMetadataAllocation
[2022-06-13T02:06:11.810+0000][1][safepoint    ] Leaving safepoint region
[2022-06-13T02:06:11.810+0000][1][safepoint    ] Total time for which application threads were stopped: 0.0051245 seconds, Stopping threads took: 0.0044511 seconds
[2022-06-13T02:06:11.813+0000][1][safepoint    ] Application time: 0.0016379 seconds
[2022-06-13T02:06:11.814+0000][1][safepoint    ] Entering safepoint region: GenCollectForAllocation
[2022-06-13T02:06:11.815+0000][1][gc,start     ] GC(7) Pause Young (Allocation Failure)
[2022-06-13T02:06:11.815+0000][1][gc,task      ] GC(7) Using 5 workers of 13 for evacuation
[2022-06-13T02:06:11.820+0000][1][gc,age       ] GC(7) Desired survivor size 4456448 bytes, new threshold 6 (max threshold 6)
[2022-06-13T02:06:11.820+0000][1][gc,age       ] GC(7) Age table with threshold 6 (max threshold 6)
[2022-06-13T02:06:11.820+0000][1][gc,age       ] GC(7) - age   1:     555776 bytes,     555776 total
[2022-06-13T02:06:11.820+0000][1][gc,age       ] GC(7) - age   2:    1129784 bytes,    1685560 total
[2022-06-13T02:06:11.820+0000][1][gc,age       ] GC(7) - age   3:    2192976 bytes,    3878536 total
[2022-06-13T02:06:11.821+0000][1][gc,age       ] GC(7) - age   4:     554008 bytes,    4432544 total
[2022-06-13T02:06:11.821+0000][1][gc,heap      ] GC(7) ParNew: 75226K->5210K(78656K)
[2022-06-13T02:06:11.821+0000][1][gc,heap      ] GC(7) CMS: 11331K->11331K(174784K)
[2022-06-13T02:06:11.821+0000][1][gc,metaspace ] GC(7) Metaspace: 20059K->20059K(1069056K)
[2022-06-13T02:06:11.821+0000][1][gc           ] GC(7) Pause Young (Allocation Failure) 84M->16M(247M) 6.405ms
[2022-06-13T02:06:11.821+0000][1][gc,cpu       ] GC(7) User=0.01s Sys=0.00s Real=0.01s
[2022-06-13T02:06:11.821+0000][1][safepoint    ] Leaving safepoint region
[2022-06-13T02:06:11.822+0000][1][safepoint    ] Total time for which application threads were stopped: 0.0078862 seconds, Stopping threads took: 0.0008273 seconds
[2022-06-13T02:06:11.823+0000][1][safepoint    ] Application time: 0.0010836 seconds
[2022-06-13T02:06:11.823+0000][1][safepoint    ] Entering safepoint region: CMS_Initial_Mark
[2022-06-13T02:06:11.823+0000][1][gc,start     ] GC(8) Pause Initial Mark
[2022-06-13T02:06:11.824+0000][1][gc           ] GC(8) Pause Initial Mark 17M->17M(247M) 0.749ms
[2022-06-13T02:06:11.824+0000][1][gc,cpu       ] GC(8) User=0.00s Sys=0.00s Real=0.00s
[2022-06-13T02:06:11.824+0000][1][safepoint    ] Leaving safepoint region
[2022-06-13T02:06:11.825+0000][1][safepoint    ] Total time for which application threads were stopped: 0.0016120 seconds, Stopping threads took: 0.0003406 seconds
[2022-06-13T02:06:11.825+0000][1][gc           ] GC(8) Concurrent Mark
[2022-06-13T02:06:11.826+0000][1][gc,task      ] GC(8) Using 4 workers of 4 for marking
[2022-06-13T02:06:11.836+0000][1][gc           ] GC(8) Concurrent Mark 11.609ms
[2022-06-13T02:06:11.839+0000][1][gc,cpu       ] GC(8) User=0.05s Sys=0.00s Real=0.01s
[2022-06-13T02:06:11.840+0000][1][gc           ] GC(8) Concurrent Preclean
[2022-06-13T02:06:11.845+0000][1][gc           ] GC(8) Concurrent Preclean 5.960ms
[2022-06-13T02:06:11.846+0000][1][gc,cpu       ] GC(8) User=0.01s Sys=0.00s Real=0.00s
[2022-06-13T02:06:11.846+0000][1][safepoint    ] Application time: 0.0210285 seconds
[2022-06-13T02:06:11.851+0000][1][safepoint    ] Entering safepoint region: CMS_Final_Remark
[2022-06-13T02:06:11.853+0000][1][gc,start     ] GC(8) Pause Remark
[2022-06-13T02:06:11.865+0000][1][gc           ] GC(8) Pause Remark 17M->17M(247M) 11.465ms
[2022-06-13T02:06:11.865+0000][1][gc,cpu       ] GC(8) User=0.03s Sys=0.00s Real=0.01s
[2022-06-13T02:06:11.866+0000][1][safepoint    ] Leaving safepoint region
[2022-06-13T02:06:11.866+0000][1][safepoint    ] Total time for which application threads were stopped: 0.0202465 seconds, Stopping threads took: 0.0072477 seconds
[2022-06-13T02:06:11.866+0000][1][gc           ] GC(8) Concurrent Sweep
[2022-06-13T02:06:11.873+0000][1][gc           ] GC(8) Concurrent Sweep 6.551ms
[2022-06-13T02:06:11.876+0000][1][gc,cpu       ] GC(8) User=0.03s Sys=0.00s Real=0.01s
[2022-06-13T02:06:11.877+0000][1][gc           ] GC(8) Concurrent Reset
[2022-06-13T02:06:11.877+0000][1][gc           ] GC(8) Concurrent Reset 0.791ms
[2022-06-13T02:06:11.878+0000][1][gc,cpu       ] GC(8) User=0.00s Sys=0.00s Real=0.00s
[2022-06-13T02:06:11.878+0000][1][gc,heap      ] GC(8) Old: 11331K->11305K(174784K)
[2022-06-13T02:06:11.991+0000][1][safepoint    ] Application time: 0.1247677 seconds
[2022-06-13T02:06:11.992+0000][1][safepoint    ] Entering safepoint region: GenCollectForAllocation
[2022-06-13T02:06:11.993+0000][1][gc,start     ] GC(9) Pause Young (Allocation Failure)
[2022-06-13T02:06:11.993+0000][1][gc,task      ] GC(9) Using 5 workers of 13 for evacuation
[2022-06-13T02:06:11.997+0000][1][gc,age       ] GC(9) Desired survivor size 4456448 bytes, new threshold 4 (max threshold 6)
[2022-06-13T02:06:11.997+0000][1][gc,age       ] GC(9) Age table with threshold 4 (max threshold 6)
[2022-06-13T02:06:11.999+0000][1][gc,age       ] GC(9) - age   1:     810712 bytes,     810712 total
[2022-06-13T02:06:12.000+0000][1][gc,age       ] GC(9) - age   2:     536224 bytes,    1346936 total
[2022-06-13T02:06:12.000+0000][1][gc,age       ] GC(9) - age   3:    1129688 bytes,    2476624 total
[2022-06-13T02:06:12.001+0000][1][gc,age       ] GC(9) - age   4:    2191776 bytes,    4668400 total
[2022-06-13T02:06:12.001+0000][1][gc,age       ] GC(9) - age   5:     554008 bytes,    5222408 total
[2022-06-13T02:06:12.001+0000][1][gc,heap      ] GC(9) ParNew: 75162K->6146K(78656K)
[2022-06-13T02:06:12.001+0000][1][gc,heap      ] GC(9) CMS: 11305K->11305K(174784K)
[2022-06-13T02:06:12.002+0000][1][gc,metaspace ] GC(9) Metaspace: 20477K->20477K(1069056K)
[2022-06-13T02:06:12.002+0000][1][gc           ] GC(9) Pause Young (Allocation Failure) 84M->17M(247M) 9.460ms
[2022-06-13T02:06:12.002+0000][1][gc,cpu       ] GC(9) User=0.04s Sys=0.00s Real=0.01s
[2022-06-13T02:06:12.002+0000][1][safepoint    ] Leaving safepoint region
[2022-06-13T02:06:12.003+0000][1][safepoint    ] Total time for which application threads were stopped: 0.0110702 seconds, Stopping threads took: 0.0001884 seconds
[2022-06-13T02:06:12.083+0000][1][safepoint    ] Application time: 0.0775139 seconds
[2022-06-13T02:06:12.085+0000][1][safepoint    ] Entering safepoint region: GenCollectForAllocation
[2022-06-13T02:06:12.089+0000][1][gc,start     ] GC(10) Pause Young (Allocation Failure)
[2022-06-13T02:06:12.094+0000][1][gc,task      ] GC(10) Using 5 workers of 13 for evacuation
[2022-06-13T02:06:12.112+0000][1][gc,age       ] GC(10) Desired survivor size 4456448 bytes, new threshold 6 (max threshold 6)
[2022-06-13T02:06:12.112+0000][1][gc,age       ] GC(10) Age table with threshold 6 (max threshold 6)
[2022-06-13T02:06:12.113+0000][1][gc,age       ] GC(10) - age   1:     125464 bytes,     125464 total
[2022-06-13T02:06:12.113+0000][1][gc,age       ] GC(10) - age   2:     464608 bytes,     590072 total
[2022-06-13T02:06:12.113+0000][1][gc,age       ] GC(10) - age   3:     536104 bytes,    1126176 total
[2022-06-13T02:06:12.113+0000][1][gc,age       ] GC(10) - age   4:    1129688 bytes,    2255864 total
[2022-06-13T02:06:12.113+0000][1][gc,heap      ] GC(10) ParNew: 76098K->4398K(78656K)
[2022-06-13T02:06:12.113+0000][1][gc,heap      ] GC(10) CMS: 11305K->14070K(174784K)
[2022-06-13T02:06:12.113+0000][1][gc,metaspace ] GC(10) Metaspace: 20580K->20580K(1069056K)
[2022-06-13T02:06:12.114+0000][1][gc           ] GC(10) Pause Young (Allocation Failure) 85M->18M(247M) 24.965ms
[2022-06-13T02:06:12.114+0000][1][gc,cpu       ] GC(10) User=0.12s Sys=0.00s Real=0.03s
[2022-06-13T02:06:12.114+0000][1][safepoint    ] Leaving safepoint region
[2022-06-13T02:06:12.114+0000][1][safepoint    ] Total time for which application threads were stopped: 0.0287211 seconds, Stopping threads took: 0.0031807 seconds
[2022-06-13T02:06:12.245+0000][1][safepoint    ] Application time: 0.1302814 seconds
[2022-06-13T02:06:12.245+0000][1][safepoint    ] Entering safepoint region: GenCollectForAllocation
[2022-06-13T02:06:12.245+0000][1][gc,start     ] GC(11) Pause Young (Allocation Failure)
[2022-06-13T02:06:12.245+0000][1][gc,task      ] GC(11) Using 5 workers of 13 for evacuation
[2022-06-13T02:06:12.266+0000][1][gc,age       ] GC(11) Desired survivor size 4456448 bytes, new threshold 6 (max threshold 6)
[2022-06-13T02:06:12.269+0000][1][gc,age       ] GC(11) Age table with threshold 6 (max threshold 6)
[2022-06-13T02:06:12.269+0000][1][gc,age       ] GC(11) - age   1:    1927368 bytes,    1927368 total
[2022-06-13T02:06:12.269+0000][1][gc,age       ] GC(11) - age   2:      99208 bytes,    2026576 total
[2022-06-13T02:06:12.269+0000][1][gc,age       ] GC(11) - age   3:     464608 bytes,    2491184 total
[2022-06-13T02:06:12.269+0000][1][gc,age       ] GC(11) - age   4:     535952 bytes,    3027136 total
[2022-06-13T02:06:12.270+0000][1][gc,age       ] GC(11) - age   5:    1129400 bytes,    4156536 total
[2022-06-13T02:06:12.270+0000][1][gc,heap      ] GC(11) ParNew: 74350K->4575K(78656K)
[2022-06-13T02:06:12.270+0000][1][gc,heap      ] GC(11) CMS: 14070K->14070K(174784K)
[2022-06-13T02:06:12.270+0000][1][gc,metaspace ] GC(11) Metaspace: 20642K->20642K(1069056K)
[2022-06-13T02:06:12.270+0000][1][gc           ] GC(11) Pause Young (Allocation Failure) 86M->18M(247M) 25.224ms
[2022-06-13T02:06:12.270+0000][1][gc,cpu       ] GC(11) User=0.04s Sys=0.02s Real=0.03s
[2022-06-13T02:06:12.270+0000][1][safepoint    ] Leaving safepoint region
[2022-06-13T02:06:12.271+0000][1][safepoint    ] Total time for which application threads were stopped: 0.0258703 seconds, Stopping threads took: 0.0001458 seconds
[2022-06-13T02:06:12.776+0000][1][safepoint    ] Application time: 0.5056341 seconds
[2022-06-13T02:06:12.777+0000][1][safepoint    ] Entering safepoint region: Deoptimize
[2022-06-13T02:06:12.778+0000][1][safepoint    ] Leaving safepoint region
[2022-06-13T02:06:12.778+0000][1][safepoint    ] Total time for which application threads were stopped: 0.0013609 seconds, Stopping threads took: 0.0002133 seconds
[2022-06-13T02:06:12.853+0000][1][safepoint    ] Application time: 0.0745345 seconds
[2022-06-13T02:06:12.853+0000][1][safepoint    ] Entering safepoint region: Deoptimize
[2022-06-13T02:06:12.854+0000][1][safepoint    ] Leaving safepoint region
[2022-06-13T02:06:12.854+0000][1][safepoint    ] Total time for which application threads were stopped: 0.0008793 seconds, Stopping threads took: 0.0002216 seconds
[2022-06-13T02:06:12.854+0000][1][safepoint    ] Application time: 0.0004318 seconds
[2022-06-13T02:06:12.855+0000][1][safepoint    ] Entering safepoint region: Deoptimize
[2022-06-13T02:06:12.855+0000][1][safepoint    ] Leaving safepoint region
[2022-06-13T02:06:12.855+0000][1][safepoint    ] Total time for which application threads were stopped: 0.0007048 seconds, Stopping threads took: 0.0000992 seconds
[2022-06-13T02:06:12.865+0000][1][safepoint    ] Application time: 0.0092151 seconds
[2022-06-13T02:06:12.865+0000][1][safepoint    ] Entering safepoint region: Deoptimize
[2022-06-13T02:06:12.866+0000][1][safepoint    ] Leaving safepoint region
[2022-06-13T02:06:12.866+0000][1][safepoint    ] Total time for which application threads were stopped: 0.0008281 seconds, Stopping threads took: 0.0001989 seconds
[2022-06-13T02:06:12.873+0000][1][safepoint    ] Application time: 0.0072075 seconds
[2022-06-13T02:06:12.874+0000][1][safepoint    ] Entering safepoint region: Deoptimize
[2022-06-13T02:06:12.874+0000][1][safepoint    ] Leaving safepoint region
[2022-06-13T02:06:12.874+0000][1][safepoint    ] Total time for which application threads were stopped: 0.0007642 seconds, Stopping threads took: 0.0001942 seconds
[2022-06-13T02:06:12.969+0000][1][safepoint    ] Application time: 0.0945740 seconds
[2022-06-13T02:06:12.979+0000][1][safepoint    ] Entering safepoint region: GenCollectForAllocation
[2022-06-13T02:06:12.979+0000][1][gc,start     ] GC(12) Pause Young (Allocation Failure)
[2022-06-13T02:06:12.980+0000][1][gc,task      ] GC(12) Using 5 workers of 13 for evacuation
[2022-06-13T02:06:12.992+0000][1][gc,age       ] GC(12) Desired survivor size 4456448 bytes, new threshold 5 (max threshold 6)
[2022-06-13T02:06:12.992+0000][1][gc,age       ] GC(12) Age table with threshold 5 (max threshold 6)
[2022-06-13T02:06:12.992+0000][1][gc,age       ] GC(12) - age   1:    3442336 bytes,    3442336 total
[2022-06-13T02:06:12.994+0000][1][gc,age       ] GC(12) - age   2:     345640 bytes,    3787976 total
[2022-06-13T02:06:12.997+0000][1][gc,age       ] GC(12) - age   3:      98944 bytes,    3886920 total
[2022-06-13T02:06:12.998+0000][1][gc,age       ] GC(12) - age   4:     464320 bytes,    4351240 total
[2022-06-13T02:06:12.998+0000][1][gc,age       ] GC(12) - age   5:     530904 bytes,    4882144 total
[2022-06-13T02:06:12.998+0000][1][gc,age       ] GC(12) - age   6:    1129240 bytes,    6011384 total
[2022-06-13T02:06:12.999+0000][1][gc,heap      ] GC(12) ParNew: 74527K->6346K(78656K)
[2022-06-13T02:06:12.999+0000][1][gc,heap      ] GC(12) CMS: 14070K->14070K(174784K)
[2022-06-13T02:06:12.999+0000][1][gc,metaspace ] GC(12) Metaspace: 26481K->26481K(1073152K)
[2022-06-13T02:06:12.999+0000][1][gc           ] GC(12) Pause Young (Allocation Failure) 86M->19M(247M) 19.718ms
[2022-06-13T02:06:12.999+0000][1][gc,cpu       ] GC(12) User=0.04s Sys=0.00s Real=0.02s
[2022-06-13T02:06:13.000+0000][1][safepoint    ] Leaving safepoint region
[2022-06-13T02:06:13.000+0000][1][safepoint    ] Total time for which application threads were stopped: 0.0210015 seconds, Stopping threads took: 0.0002435 seconds
[2022-06-13T02:06:13.853+0000][1][safepoint    ] Application time: 0.8527474 seconds
[2022-06-13T02:06:13.859+0000][1][safepoint    ] Entering safepoint region: GenCollectForAllocation
[2022-06-13T02:06:13.865+0000][1][gc,start     ] GC(13) Pause Young (Allocation Failure)
[2022-06-13T02:06:13.869+0000][1][gc,task      ] GC(13) Using 5 workers of 13 for evacuation
[2022-06-13T02:06:13.921+0000][1][gc,age       ] GC(13) Desired survivor size 4456448 bytes, new threshold 1 (max threshold 6)
[2022-06-13T02:06:13.923+0000][1][gc,age       ] GC(13) Age table with threshold 1 (max threshold 6)
[2022-06-13T02:06:13.929+0000][1][gc,age       ] GC(13) - age   1:    4806024 bytes,    4806024 total
[2022-06-13T02:06:13.931+0000][1][gc,age       ] GC(13) - age   2:    3200056 bytes,    8006080 total
[2022-06-13T02:06:13.940+0000][1][gc,age       ] GC(13) - age   3:     345608 bytes,    8351688 total
[2022-06-13T02:06:13.949+0000][1][gc,age       ] GC(13) - age   4:      98944 bytes,    8450632 total
[2022-06-13T02:06:13.959+0000][1][gc,age       ] GC(13) - age   5:     464320 bytes,    8914952 total
[2022-06-13T02:06:13.965+0000][1][gc,heap      ] GC(13) ParNew: 76298K->8704K(78656K)
[2022-06-13T02:06:13.965+0000][1][gc,heap      ] GC(13) CMS: 14070K->25499K(174784K)
[2022-06-13T02:06:13.965+0000][1][gc,metaspace ] GC(13) Metaspace: 27044K->27044K(1075200K)
[2022-06-13T02:06:13.965+0000][1][gc           ] GC(13) Pause Young (Allocation Failure) 88M->33M(247M) 99.837ms
[2022-06-13T02:06:13.965+0000][1][gc,cpu       ] GC(13) User=0.37s Sys=0.00s Real=0.10s
[2022-06-13T02:06:13.965+0000][1][safepoint    ] Leaving safepoint region
[2022-06-13T02:06:13.966+0000][1][safepoint    ] Total time for which application threads were stopped: 0.1064917 seconds, Stopping threads took: 0.0058620 seconds
[2022-06-13T02:06:14.080+0000][1][safepoint    ] Application time: 0.1141526 seconds
[2022-06-13T02:06:14.082+0000][1][safepoint    ] Entering safepoint region: Deoptimize
[2022-06-13T02:06:14.084+0000][1][safepoint    ] Leaving safepoint region
[2022-06-13T02:06:14.084+0000][1][safepoint    ] Total time for which application threads were stopped: 0.0016944 seconds, Stopping threads took: 0.0008052 seconds
[2022-06-13T02:06:14.199+0000][1][safepoint    ] Application time: 0.1152245 seconds
[2022-06-13T02:06:14.200+0000][1][safepoint    ] Entering safepoint region: RevokeBias
[2022-06-13T02:06:14.200+0000][1][safepoint    ] Leaving safepoint region
[2022-06-13T02:06:14.200+0000][1][safepoint    ] Total time for which application threads were stopped: 0.0003841 seconds, Stopping threads took: 0.0001775 seconds
[2022-06-13T02:06:14.423+0000][1][safepoint    ] Application time: 0.2233132 seconds
[2022-06-13T02:06:14.424+0000][1][safepoint    ] Entering safepoint region: GenCollectForAllocation
[2022-06-13T02:06:14.424+0000][1][gc,start     ] GC(14) Pause Young (Allocation Failure)
[2022-06-13T02:06:14.424+0000][1][gc,task      ] GC(14) Using 5 workers of 13 for evacuation
[2022-06-13T02:06:14.480+0000][1][gc,age       ] GC(14) Desired survivor size 4456448 bytes, new threshold 1 (max threshold 6)
[2022-06-13T02:06:14.489+0000][1][gc,age       ] GC(14) Age table with threshold 1 (max threshold 6)
[2022-06-13T02:06:14.498+0000][1][gc,age       ] GC(14) - age   1:    8079992 bytes,    8079992 total
[2022-06-13T02:06:14.499+0000][1][gc,heap      ] GC(14) ParNew: 78656K->8704K(78656K)
[2022-06-13T02:06:14.500+0000][1][gc,heap      ] GC(14) CMS: 25499K->40564K(174784K)
[2022-06-13T02:06:14.501+0000][1][gc,metaspace ] GC(14) Metaspace: 27209K->27209K(1075200K)
[2022-06-13T02:06:14.501+0000][1][gc           ] GC(14) Pause Young (Allocation Failure) 101M->48M(247M) 76.767ms
[2022-06-13T02:06:14.501+0000][1][gc,cpu       ] GC(14) User=0.24s Sys=0.01s Real=0.08s
[2022-06-13T02:06:14.501+0000][1][safepoint    ] Leaving safepoint region
[2022-06-13T02:06:14.501+0000][1][safepoint    ] Total time for which application threads were stopped: 0.0774435 seconds, Stopping threads took: 0.0001691 seconds
[2022-06-13T02:06:14.743+0000][1][safepoint    ] Application time: 0.2413750 seconds
[2022-06-13T02:06:14.743+0000][1][safepoint    ] Entering safepoint region: RevokeBias
[2022-06-13T02:06:14.746+0000][1][safepoint    ] Leaving safepoint region
[2022-06-13T02:06:14.746+0000][1][safepoint    ] Total time for which application threads were stopped: 0.0027567 seconds, Stopping threads took: 0.0024381 seconds
[2022-06-13T02:06:14.947+0000][1][safepoint    ] Application time: 0.2007226 seconds
[2022-06-13T02:06:14.949+0000][1][safepoint    ] Entering safepoint region: RevokeBias
[2022-06-13T02:06:14.949+0000][1][safepoint    ] Leaving safepoint region
[2022-06-13T02:06:14.950+0000][1][safepoint    ] Total time for which application threads were stopped: 0.0006692 seconds, Stopping threads took: 0.0003280 seconds
[2022-06-13T02:06:14.952+0000][1][safepoint    ] Application time: 0.0019744 seconds
[2022-06-13T02:06:14.952+0000][1][safepoint    ] Entering safepoint region: RevokeBias
[2022-06-13T02:06:14.952+0000][1][safepoint    ] Leaving safepoint region
[2022-06-13T02:06:14.953+0000][1][safepoint    ] Total time for which application threads were stopped: 0.0009046 seconds, Stopping threads took: 0.0002751 seconds
[2022-06-13T02:06:14.960+0000][1][safepoint    ] Application time: 0.0064551 seconds
[2022-06-13T02:06:14.960+0000][1][safepoint    ] Entering safepoint region: RevokeBias
[2022-06-13T02:06:14.960+0000][1][safepoint    ] Leaving safepoint region
[2022-06-13T02:06:14.960+0000][1][safepoint    ] Total time for which application threads were stopped: 0.0004636 seconds, Stopping threads took: 0.0002465 seconds
[2022-06-13T02:06:15.112+0000][1][safepoint    ] Application time: 0.1517009 seconds
[2022-06-13T02:06:15.113+0000][1][safepoint    ] Entering safepoint region: GenCollectForAllocation
[2022-06-13T02:06:15.113+0000][1][gc,start     ] GC(15) Pause Young (Allocation Failure)
[2022-06-13T02:06:15.113+0000][1][gc,task      ] GC(15) Using 5 workers of 13 for evacuation
[2022-06-13T02:06:15.131+0000][1][gc,age       ] GC(15) Desired survivor size 4456448 bytes, new threshold 1 (max threshold 6)
[2022-06-13T02:06:15.131+0000][1][gc,age       ] GC(15) Age table with threshold 1 (max threshold 6)
[2022-06-13T02:06:15.131+0000][1][gc,age       ] GC(15) - age   1:    6254840 bytes,    6254840 total
[2022-06-13T02:06:15.132+0000][1][gc,heap      ] GC(15) ParNew: 78656K->8704K(78656K)
[2022-06-13T02:06:15.132+0000][1][gc,heap      ] GC(15) CMS: 40564K->49729K(174784K)
[2022-06-13T02:06:15.132+0000][1][gc,metaspace ] GC(15) Metaspace: 32455K->32455K(1079296K)
[2022-06-13T02:06:15.132+0000][1][gc           ] GC(15) Pause Young (Allocation Failure) 116M->57M(247M) 19.218ms
[2022-06-13T02:06:15.132+0000][1][gc,cpu       ] GC(15) User=0.06s Sys=0.00s Real=0.02s
[2022-06-13T02:06:15.132+0000][1][safepoint    ] Leaving safepoint region
[2022-06-13T02:06:15.133+0000][1][safepoint    ] Total time for which application threads were stopped: 0.0200195 seconds, Stopping threads took: 0.0001893 seconds
[2022-06-13T02:06:15.213+0000][1][safepoint    ] Application time: 0.0804498 seconds
[2022-06-13T02:06:15.213+0000][1][safepoint    ] Entering safepoint region: GenCollectForAllocation
[2022-06-13T02:06:15.214+0000][1][gc,start     ] GC(16) Pause Young (Allocation Failure)
[2022-06-13T02:06:15.214+0000][1][gc,task      ] GC(16) Using 5 workers of 13 for evacuation
[2022-06-13T02:06:15.221+0000][1][gc,age       ] GC(16) Desired survivor size 4456448 bytes, new threshold 6 (max threshold 6)
[2022-06-13T02:06:15.221+0000][1][gc,age       ] GC(16) Age table with threshold 6 (max threshold 6)
[2022-06-13T02:06:15.221+0000][1][gc,age       ] GC(16) - age   1:     314648 bytes,     314648 total
[2022-06-13T02:06:15.221+0000][1][gc,heap      ] GC(16) ParNew: 78656K->5235K(78656K)
[2022-06-13T02:06:15.221+0000][1][gc,heap      ] GC(16) CMS: 49729K->55848K(174784K)
[2022-06-13T02:06:15.221+0000][1][gc,metaspace ] GC(16) Metaspace: 32999K->32999K(1079296K)
[2022-06-13T02:06:15.222+0000][1][gc           ] GC(16) Pause Young (Allocation Failure) 125M->59M(247M) 7.820ms
[2022-06-13T02:06:15.222+0000][1][gc,cpu       ] GC(16) User=0.03s Sys=0.00s Real=0.01s
[2022-06-13T02:06:15.222+0000][1][safepoint    ] Leaving safepoint region
[2022-06-13T02:06:15.222+0000][1][safepoint    ] Total time for which application threads were stopped: 0.0086145 seconds, Stopping threads took: 0.0002061 seconds
[2022-06-13T02:06:15.351+0000][1][safepoint    ] Application time: 0.1292319 seconds
[2022-06-13T02:06:15.352+0000][1][safepoint    ] Entering safepoint region: CollectForMetadataAllocation
[2022-06-13T02:06:15.352+0000][1][safepoint    ] Leaving safepoint region
[2022-06-13T02:06:15.352+0000][1][safepoint    ] Total time for which application threads were stopped: 0.0004395 seconds, Stopping threads took: 0.0001647 seconds
[2022-06-13T02:06:15.393+0000][1][safepoint    ] Application time: 0.0404233 seconds
[2022-06-13T02:06:15.394+0000][1][safepoint    ] Entering safepoint region: CollectForMetadataAllocation
[2022-06-13T02:06:15.395+0000][1][safepoint    ] Leaving safepoint region
[2022-06-13T02:06:15.395+0000][1][safepoint    ] Total time for which application threads were stopped: 0.0018453 seconds, Stopping threads took: 0.0015281 seconds
[2022-06-13T02:06:15.438+0000][1][safepoint    ] Application time: 0.0430576 seconds
[2022-06-13T02:06:15.438+0000][1][safepoint    ] Entering safepoint region: CollectForMetadataAllocation
[2022-06-13T02:06:15.439+0000][1][safepoint    ] Leaving safepoint region
[2022-06-13T02:06:15.439+0000][1][safepoint    ] Total time for which application threads were stopped: 0.0004076 seconds, Stopping threads took: 0.0001674 seconds
[2022-06-13T02:06:15.455+0000][1][safepoint    ] Application time: 0.0166045 seconds
[2022-06-13T02:06:15.456+0000][1][safepoint    ] Entering safepoint region: CollectForMetadataAllocation
[2022-06-13T02:06:15.456+0000][1][safepoint    ] Leaving safepoint region
[2022-06-13T02:06:15.456+0000][1][safepoint    ] Total time for which application threads were stopped: 0.0005800 seconds, Stopping threads took: 0.0002732 seconds
[2022-06-13T02:06:15.481+0000][1][safepoint    ] Application time: 0.0240441 seconds
[2022-06-13T02:06:15.481+0000][1][safepoint    ] Entering safepoint region: CollectForMetadataAllocation
[2022-06-13T02:06:15.481+0000][1][safepoint    ] Leaving safepoint region
[2022-06-13T02:06:15.482+0000][1][safepoint    ] Total time for which application threads were stopped: 0.0004791 seconds, Stopping threads took: 0.0001622 seconds
[2022-06-13T02:06:15.497+0000][1][safepoint    ] Application time: 0.0149149 seconds
[2022-06-13T02:06:15.497+0000][1][safepoint    ] Entering safepoint region: CollectForMetadataAllocation
[2022-06-13T02:06:15.497+0000][1][safepoint    ] Leaving safepoint region
[2022-06-13T02:06:15.497+0000][1][safepoint    ] Total time for which application threads were stopped: 0.0005094 seconds, Stopping threads took: 0.0001923 seconds
[2022-06-13T02:06:15.516+0000][1][safepoint    ] Application time: 0.0185946 seconds
[2022-06-13T02:06:15.517+0000][1][safepoint    ] Entering safepoint region: CollectForMetadataAllocation
[2022-06-13T02:06:15.517+0000][1][safepoint    ] Leaving safepoint region
[2022-06-13T02:06:15.518+0000][1][safepoint    ] Total time for which application threads were stopped: 0.0010189 seconds, Stopping threads took: 0.0002070 seconds
[2022-06-13T02:06:15.533+0000][1][safepoint    ] Application time: 0.0152188 seconds
[2022-06-13T02:06:15.533+0000][1][safepoint    ] Entering safepoint region: CollectForMetadataAllocation
[2022-06-13T02:06:15.534+0000][1][safepoint    ] Leaving safepoint region
[2022-06-13T02:06:15.534+0000][1][safepoint    ] Total time for which application threads were stopped: 0.0005606 seconds, Stopping threads took: 0.0001962 seconds
[2022-06-13T02:06:15.553+0000][1][safepoint    ] Application time: 0.0191553 seconds
[2022-06-13T02:06:15.554+0000][1][safepoint    ] Entering safepoint region: CollectForMetadataAllocation
[2022-06-13T02:06:15.554+0000][1][safepoint    ] Leaving safepoint region
[2022-06-13T02:06:15.557+0000][1][safepoint    ] Total time for which application threads were stopped: 0.0030377 seconds, Stopping threads took: 0.0001788 seconds
[2022-06-13T02:06:15.570+0000][1][safepoint    ] Application time: 0.0131862 seconds
[2022-06-13T02:06:15.570+0000][1][safepoint    ] Entering safepoint region: CollectForMetadataAllocation
[2022-06-13T02:06:15.571+0000][1][safepoint    ] Leaving safepoint region
[2022-06-13T02:06:15.571+0000][1][safepoint    ] Total time for which application threads were stopped: 0.0004700 seconds, Stopping threads took: 0.0002115 seconds
[2022-06-13T02:06:15.593+0000][1][safepoint    ] Application time: 0.0220011 seconds
[2022-06-13T02:06:15.593+0000][1][safepoint    ] Entering safepoint region: CollectForMetadataAllocation
[2022-06-13T02:06:15.594+0000][1][safepoint    ] Leaving safepoint region
[2022-06-13T02:06:15.594+0000][1][safepoint    ] Total time for which application threads were stopped: 0.0004975 seconds, Stopping threads took: 0.0001754 seconds
[2022-06-13T02:06:15.616+0000][1][safepoint    ] Application time: 0.0224297 seconds
[2022-06-13T02:06:15.617+0000][1][safepoint    ] Entering safepoint region: CollectForMetadataAllocation
[2022-06-13T02:06:15.617+0000][1][safepoint    ] Leaving safepoint region
[2022-06-13T02:06:15.617+0000][1][safepoint    ] Total time for which application threads were stopped: 0.0005592 seconds, Stopping threads took: 0.0002007 seconds
[2022-06-13T02:06:15.620+0000][1][safepoint    ] Application time: 0.0013458 seconds
[2022-06-13T02:06:15.620+0000][1][safepoint    ] Entering safepoint region: CollectForMetadataAllocation
[2022-06-13T02:06:15.621+0000][1][safepoint    ] Leaving safepoint region
[2022-06-13T02:06:15.621+0000][1][safepoint    ] Total time for which application threads were stopped: 0.0004576 seconds, Stopping threads took: 0.0002621 seconds
[2022-06-13T02:06:15.638+0000][1][safepoint    ] Application time: 0.0172982 seconds
[2022-06-13T02:06:15.638+0000][1][safepoint    ] Entering safepoint region: RevokeBias
[2022-06-13T02:06:15.639+0000][1][safepoint    ] Leaving safepoint region
[2022-06-13T02:06:15.639+0000][1][safepoint    ] Total time for which application threads were stopped: 0.0005641 seconds, Stopping threads took: 0.0002132 seconds
[2022-06-13T02:06:15.679+0000][1][safepoint    ] Application time: 0.0399984 seconds
[2022-06-13T02:06:15.680+0000][1][safepoint    ] Entering safepoint region: CollectForMetadataAllocation
[2022-06-13T02:06:15.680+0000][1][safepoint    ] Leaving safepoint region
[2022-06-13T02:06:15.680+0000][1][safepoint    ] Total time for which application threads were stopped: 0.0005265 seconds, Stopping threads took: 0.0001976 seconds
[2022-06-13T02:06:15.701+0000][1][safepoint    ] Application time: 0.0210369 seconds
[2022-06-13T02:06:15.702+0000][1][safepoint    ] Entering safepoint region: CollectForMetadataAllocation
[2022-06-13T02:06:15.702+0000][1][safepoint    ] Leaving safepoint region
[2022-06-13T02:06:15.702+0000][1][safepoint    ] Total time for which application threads were stopped: 0.0004276 seconds, Stopping threads took: 0.0001576 seconds
[2022-06-13T02:06:15.718+0000][1][safepoint    ] Application time: 0.0163053 seconds
[2022-06-13T02:06:15.719+0000][1][safepoint    ] Entering safepoint region: CollectForMetadataAllocation
[2022-06-13T02:06:15.719+0000][1][safepoint    ] Leaving safepoint region
[2022-06-13T02:06:15.719+0000][1][safepoint    ] Total time for which application threads were stopped: 0.0003687 seconds, Stopping threads took: 0.0001403 seconds
[2022-06-13T02:06:15.732+0000][1][safepoint    ] Application time: 0.0124631 seconds
[2022-06-13T02:06:15.732+0000][1][safepoint    ] Entering safepoint region: CollectForMetadataAllocation
[2022-06-13T02:06:15.732+0000][1][safepoint    ] Leaving safepoint region
[2022-06-13T02:06:15.732+0000][1][safepoint    ] Total time for which application threads were stopped: 0.0003576 seconds, Stopping threads took: 0.0001276 seconds
[2022-06-13T02:06:15.742+0000][1][safepoint    ] Application time: 0.0101515 seconds
[2022-06-13T02:06:15.743+0000][1][safepoint    ] Entering safepoint region: CollectForMetadataAllocation
[2022-06-13T02:06:15.743+0000][1][safepoint    ] Leaving safepoint region
[2022-06-13T02:06:15.743+0000][1][safepoint    ] Total time for which application threads were stopped: 0.0003120 seconds, Stopping threads took: 0.0001116 seconds
[2022-06-13T02:06:15.756+0000][1][safepoint    ] Application time: 0.0132715 seconds
[2022-06-13T02:06:15.757+0000][1][safepoint    ] Entering safepoint region: CollectForMetadataAllocation
[2022-06-13T02:06:15.757+0000][1][safepoint    ] Leaving safepoint region
[2022-06-13T02:06:15.757+0000][1][safepoint    ] Total time for which application threads were stopped: 0.0002922 seconds, Stopping threads took: 0.0001058 seconds
[2022-06-13T02:06:15.772+0000][1][safepoint    ] Application time: 0.0150782 seconds
[2022-06-13T02:06:15.772+0000][1][safepoint    ] Entering safepoint region: CollectForMetadataAllocation
[2022-06-13T02:06:15.773+0000][1][safepoint    ] Leaving safepoint region
[2022-06-13T02:06:15.773+0000][1][safepoint    ] Total time for which application threads were stopped: 0.0003569 seconds, Stopping threads took: 0.0001349 seconds
[2022-06-13T02:06:15.786+0000][1][safepoint    ] Application time: 0.0133785 seconds
[2022-06-13T02:06:15.787+0000][1][safepoint    ] Entering safepoint region: CollectForMetadataAllocation
[2022-06-13T02:06:15.787+0000][1][safepoint    ] Leaving safepoint region
[2022-06-13T02:06:15.787+0000][1][safepoint    ] Total time for which application threads were stopped: 0.0003655 seconds, Stopping threads took: 0.0001319 seconds
[2022-06-13T02:06:15.811+0000][1][safepoint    ] Application time: 0.0243077 seconds
[2022-06-13T02:06:15.812+0000][1][safepoint    ] Entering safepoint region: CollectForMetadataAllocation
[2022-06-13T02:06:15.812+0000][1][safepoint    ] Leaving safepoint region
[2022-06-13T02:06:15.812+0000][1][safepoint    ] Total time for which application threads were stopped: 0.0004045 seconds, Stopping threads took: 0.0001388 seconds
[2022-06-13T02:06:15.824+0000][1][safepoint    ] Application time: 0.0114984 seconds
[2022-06-13T02:06:15.824+0000][1][safepoint    ] Entering safepoint region: CollectForMetadataAllocation
[2022-06-13T02:06:15.825+0000][1][safepoint    ] Leaving safepoint region
[2022-06-13T02:06:15.825+0000][1][safepoint    ] Total time for which application threads were stopped: 0.0008865 seconds, Stopping threads took: 0.0001850 seconds
[2022-06-13T02:06:15.845+0000][1][safepoint    ] Application time: 0.0198482 seconds
[2022-06-13T02:06:15.845+0000][1][safepoint    ] Entering safepoint region: CollectForMetadataAllocation
[2022-06-13T02:06:15.845+0000][1][safepoint    ] Leaving safepoint region
[2022-06-13T02:06:15.846+0000][1][safepoint    ] Total time for which application threads were stopped: 0.0004885 seconds, Stopping threads took: 0.0001796 seconds
[2022-06-13T02:06:15.860+0000][1][safepoint    ] Application time: 0.0148081 seconds
[2022-06-13T02:06:15.861+0000][1][safepoint    ] Entering safepoint region: CollectForMetadataAllocation
[2022-06-13T02:06:15.861+0000][1][safepoint    ] Leaving safepoint region
[2022-06-13T02:06:15.861+0000][1][safepoint    ] Total time for which application threads were stopped: 0.0003550 seconds, Stopping threads took: 0.0001116 seconds
[2022-06-13T02:06:15.882+0000][1][safepoint    ] Application time: 0.0206569 seconds
[2022-06-13T02:06:15.882+0000][1][safepoint    ] Entering safepoint region: CollectForMetadataAllocation
[2022-06-13T02:06:15.883+0000][1][safepoint    ] Leaving safepoint region
[2022-06-13T02:06:15.883+0000][1][safepoint    ] Total time for which application threads were stopped: 0.0009331 seconds, Stopping threads took: 0.0001349 seconds
[2022-06-13T02:06:15.899+0000][1][safepoint    ] Application time: 0.0159431 seconds
[2022-06-13T02:06:15.899+0000][1][safepoint    ] Entering safepoint region: CollectForMetadataAllocation
[2022-06-13T02:06:15.900+0000][1][safepoint    ] Leaving safepoint region
[2022-06-13T02:06:15.900+0000][1][safepoint    ] Total time for which application threads were stopped: 0.0004245 seconds, Stopping threads took: 0.0001855 seconds
[2022-06-13T02:06:15.919+0000][1][safepoint    ] Application time: 0.0194245 seconds
[2022-06-13T02:06:15.919+0000][1][safepoint    ] Entering safepoint region: CollectForMetadataAllocation
[2022-06-13T02:06:15.920+0000][1][safepoint    ] Leaving safepoint region
[2022-06-13T02:06:15.920+0000][1][safepoint    ] Total time for which application threads were stopped: 0.0003927 seconds, Stopping threads took: 0.0001382 seconds
[2022-06-13T02:06:15.931+0000][1][safepoint    ] Application time: 0.0114381 seconds
[2022-06-13T02:06:15.932+0000][1][safepoint    ] Entering safepoint region: CollectForMetadataAllocation
[2022-06-13T02:06:15.932+0000][1][safepoint    ] Leaving safepoint region
[2022-06-13T02:06:15.932+0000][1][safepoint    ] Total time for which application threads were stopped: 0.0007258 seconds, Stopping threads took: 0.0001219 seconds
[2022-06-13T02:06:15.943+0000][1][safepoint    ] Application time: 0.0104532 seconds
[2022-06-13T02:06:15.943+0000][1][safepoint    ] Entering safepoint region: CollectForMetadataAllocation
[2022-06-13T02:06:15.943+0000][1][safepoint    ] Leaving safepoint region
[2022-06-13T02:06:15.944+0000][1][safepoint    ] Total time for which application threads were stopped: 0.0003387 seconds, Stopping threads took: 0.0001268 seconds
[2022-06-13T02:06:15.944+0000][1][safepoint    ] Application time: 0.0007983 seconds
[2022-06-13T02:06:15.945+0000][1][safepoint    ] Entering safepoint region: RevokeBias
[2022-06-13T02:06:15.945+0000][1][safepoint    ] Leaving safepoint region
[2022-06-13T02:06:15.945+0000][1][safepoint    ] Total time for which application threads were stopped: 0.0003126 seconds, Stopping threads took: 0.0001397 seconds
[2022-06-13T02:06:15.945+0000][1][safepoint    ] Application time: 0.0001909 seconds
[2022-06-13T02:06:15.945+0000][1][safepoint    ] Entering safepoint region: RevokeBias
[2022-06-13T02:06:15.946+0000][1][safepoint    ] Leaving safepoint region
[2022-06-13T02:06:15.946+0000][1][safepoint    ] Total time for which application threads were stopped: 0.0002860 seconds, Stopping threads took: 0.0001561 seconds
[2022-06-13T02:06:15.960+0000][1][safepoint    ] Application time: 0.0146025 seconds
[2022-06-13T02:06:15.961+0000][1][safepoint    ] Entering safepoint region: CollectForMetadataAllocation
[2022-06-13T02:06:15.961+0000][1][safepoint    ] Leaving safepoint region
[2022-06-13T02:06:15.961+0000][1][safepoint    ] Total time for which application threads were stopped: 0.0004540 seconds, Stopping threads took: 0.0001717 seconds
[2022-06-13T02:06:16.246+0000][1][safepoint    ] Application time: 0.2853179 seconds
[2022-06-13T02:06:16.247+0000][1][safepoint    ] Entering safepoint region: CollectForMetadataAllocation
[2022-06-13T02:06:16.247+0000][1][safepoint    ] Leaving safepoint region
[2022-06-13T02:06:16.247+0000][1][safepoint    ] Total time for which application threads were stopped: 0.0004088 seconds, Stopping threads took: 0.0001751 seconds
[2022-06-13T02:06:16.454+0000][1][safepoint    ] Application time: 0.2063342 seconds
[2022-06-13T02:06:16.454+0000][1][safepoint    ] Entering safepoint region: GenCollectForAllocation
[2022-06-13T02:06:16.454+0000][1][gc,start     ] GC(17) Pause Young (Allocation Failure)
[2022-06-13T02:06:16.454+0000][1][gc,task      ] GC(17) Using 5 workers of 13 for evacuation
[2022-06-13T02:06:16.457+0000][1][gc,age       ] GC(17) Desired survivor size 4456448 bytes, new threshold 6 (max threshold 6)
[2022-06-13T02:06:16.458+0000][1][gc,age       ] GC(17) Age table with threshold 6 (max threshold 6)
[2022-06-13T02:06:16.458+0000][1][gc,age       ] GC(17) - age   1:    3977336 bytes,    3977336 total
[2022-06-13T02:06:16.458+0000][1][gc,age       ] GC(17) - age   2:     275376 bytes,    4252712 total
[2022-06-13T02:06:16.458+0000][1][gc,heap      ] GC(17) ParNew: 75187K->4742K(78656K)
[2022-06-13T02:06:16.458+0000][1][gc,heap      ] GC(17) CMS: 55848K->55848K(174784K)
[2022-06-13T02:06:16.458+0000][1][gc,metaspace ] GC(17) Metaspace: 42449K->42449K(1089536K)
[2022-06-13T02:06:16.459+0000][1][gc           ] GC(17) Pause Young (Allocation Failure) 127M->59M(247M) 4.584ms
[2022-06-13T02:06:16.459+0000][1][gc,cpu       ] GC(17) User=0.01s Sys=0.00s Real=0.00s
[2022-06-13T02:06:16.459+0000][1][safepoint    ] Leaving safepoint region
[2022-06-13T02:06:16.459+0000][1][safepoint    ] Total time for which application threads were stopped: 0.0051157 seconds, Stopping threads took: 0.0001309 seconds
[2022-06-13T02:06:16.459+0000][1][safepoint    ] Application time: 0.0001703 seconds
[2022-06-13T02:06:16.460+0000][1][safepoint    ] Entering safepoint region: CMS_Initial_Mark
[2022-06-13T02:06:16.460+0000][1][gc,start     ] GC(18) Pause Initial Mark
[2022-06-13T02:06:16.461+0000][1][gc           ] GC(18) Pause Initial Mark 60M->60M(247M) 1.093ms
[2022-06-13T02:06:16.461+0000][1][gc,cpu       ] GC(18) User=0.01s Sys=0.00s Real=0.00s
[2022-06-13T02:06:16.461+0000][1][safepoint    ] Leaving safepoint region
[2022-06-13T02:06:16.461+0000][1][safepoint    ] Total time for which application threads were stopped: 0.0020215 seconds, Stopping threads took: 0.0004856 seconds
[2022-06-13T02:06:16.461+0000][1][gc           ] GC(18) Concurrent Mark
[2022-06-13T02:06:16.462+0000][1][gc,task      ] GC(18) Using 4 workers of 4 for marking
[2022-06-13T02:06:16.469+0000][1][safepoint    ] Application time: 0.0071752 seconds
[2022-06-13T02:06:16.469+0000][1][safepoint    ] Entering safepoint region: CollectForMetadataAllocation
[2022-06-13T02:06:16.469+0000][1][safepoint    ] Leaving safepoint region
[2022-06-13T02:06:16.469+0000][1][safepoint    ] Total time for which application threads were stopped: 0.0004573 seconds, Stopping threads took: 0.0001619 seconds
[2022-06-13T02:06:16.482+0000][1][gc           ] GC(18) Concurrent Mark 20.367ms
[2022-06-13T02:06:16.482+0000][1][gc,cpu       ] GC(18) User=0.13s Sys=0.00s Real=0.02s
[2022-06-13T02:06:16.482+0000][1][gc           ] GC(18) Concurrent Preclean
[2022-06-13T02:06:16.484+0000][1][gc           ] GC(18) Concurrent Preclean 1.567ms
[2022-06-13T02:06:16.484+0000][1][gc,cpu       ] GC(18) User=0.01s Sys=0.00s Real=0.00s
[2022-06-13T02:06:16.484+0000][1][gc           ] GC(18) Concurrent Abortable Preclean
[2022-06-13T02:06:16.529+0000][1][safepoint    ] Application time: 0.0598335 seconds
[2022-06-13T02:06:16.530+0000][1][safepoint    ] Entering safepoint region: CollectForMetadataAllocation
[2022-06-13T02:06:16.530+0000][1][safepoint    ] Leaving safepoint region
[2022-06-13T02:06:16.530+0000][1][safepoint    ] Total time for which application threads were stopped: 0.0004274 seconds, Stopping threads took: 0.0001335 seconds
[2022-06-13T02:06:16.660+0000][1][safepoint    ] Application time: 0.1294812 seconds
[2022-06-13T02:06:16.660+0000][1][safepoint    ] Entering safepoint region: CollectForMetadataAllocation
[2022-06-13T02:06:16.660+0000][1][safepoint    ] Leaving safepoint region
[2022-06-13T02:06:16.660+0000][1][safepoint    ] Total time for which application threads were stopped: 0.0005548 seconds, Stopping threads took: 0.0001878 seconds
[2022-06-13T02:06:16.671+0000][1][safepoint    ] Application time: 0.0103667 seconds
[2022-06-13T02:06:16.672+0000][1][safepoint    ] Entering safepoint region: CollectForMetadataAllocation
[2022-06-13T02:06:16.674+0000][1][safepoint    ] Leaving safepoint region
[2022-06-13T02:06:16.675+0000][1][safepoint    ] Total time for which application threads were stopped: 0.0029891 seconds, Stopping threads took: 0.0024464 seconds
[2022-06-13T02:06:16.700+0000][1][safepoint    ] Application time: 0.0251201 seconds
[2022-06-13T02:06:16.700+0000][1][safepoint    ] Entering safepoint region: CollectForMetadataAllocation
[2022-06-13T02:06:16.701+0000][1][safepoint    ] Leaving safepoint region
[2022-06-13T02:06:16.701+0000][1][safepoint    ] Total time for which application threads were stopped: 0.0009227 seconds, Stopping threads took: 0.0003668 seconds
[2022-06-13T02:06:16.753+0000][1][safepoint    ] Application time: 0.0510509 seconds
[2022-06-13T02:06:16.753+0000][1][safepoint    ] Entering safepoint region: CollectForMetadataAllocation
[2022-06-13T02:06:16.755+0000][1][safepoint    ] Leaving safepoint region
[2022-06-13T02:06:16.756+0000][1][safepoint    ] Total time for which application threads were stopped: 0.0024981 seconds, Stopping threads took: 0.0013962 seconds
[2022-06-13T02:06:16.793+0000][1][safepoint    ] Application time: 0.0370965 seconds
[2022-06-13T02:06:16.793+0000][1][safepoint    ] Entering safepoint region: RevokeBias
[2022-06-13T02:06:16.795+0000][1][safepoint    ] Leaving safepoint region
[2022-06-13T02:06:16.795+0000][1][safepoint    ] Total time for which application threads were stopped: 0.0016176 seconds, Stopping threads took: 0.0002286 seconds
[2022-06-13T02:06:16.798+0000][1][safepoint    ] Application time: 0.0021672 seconds
[2022-06-13T02:06:16.798+0000][1][safepoint    ] Entering safepoint region: RevokeBias
[2022-06-13T02:06:16.798+0000][1][safepoint    ] Leaving safepoint region
[2022-06-13T02:06:16.799+0000][1][safepoint    ] Total time for which application threads were stopped: 0.0004651 seconds, Stopping threads took: 0.0002155 seconds
[2022-06-13T02:06:16.800+0000][1][safepoint    ] Application time: 0.0008543 seconds
[2022-06-13T02:06:16.800+0000][1][safepoint    ] Entering safepoint region: RevokeBias
[2022-06-13T02:06:16.800+0000][1][safepoint    ] Leaving safepoint region
[2022-06-13T02:06:16.800+0000][1][safepoint    ] Total time for which application threads were stopped: 0.0003860 seconds, Stopping threads took: 0.0001627 seconds
[2022-06-13T02:06:16.806+0000][1][safepoint    ] Application time: 0.0052155 seconds
[2022-06-13T02:06:16.808+0000][1][safepoint    ] Entering safepoint region: CollectForMetadataAllocation
[2022-06-13T02:06:16.809+0000][1][safepoint    ] Leaving safepoint region
[2022-06-13T02:06:16.809+0000][1][safepoint    ] Total time for which application threads were stopped: 0.0006435 seconds, Stopping threads took: 0.0003438 seconds
[2022-06-13T02:06:16.809+0000][1][gc           ] GC(18) Concurrent Abortable Preclean 324.984ms
[2022-06-13T02:06:16.819+0000][1][gc,cpu       ] GC(18) User=1.66s Sys=0.03s Real=0.34s
[2022-06-13T02:06:16.819+0000][1][safepoint    ] Application time: 0.0102311 seconds
[2022-06-13T02:06:16.820+0000][1][safepoint    ] Entering safepoint region: CMS_Final_Remark
[2022-06-13T02:06:16.829+0000][1][gc,start     ] GC(18) Pause Remark
[2022-06-13T02:06:16.876+0000][1][gc           ] GC(18) Pause Remark 97M->97M(247M) 47.136ms
[2022-06-13T02:06:16.877+0000][1][gc,cpu       ] GC(18) User=0.09s Sys=0.00s Real=0.04s
[2022-06-13T02:06:16.877+0000][1][safepoint    ] Leaving safepoint region
[2022-06-13T02:06:16.877+0000][1][safepoint    ] Total time for which application threads were stopped: 0.0574091 seconds, Stopping threads took: 0.0095814 seconds
[2022-06-13T02:06:16.877+0000][1][gc           ] GC(18) Concurrent Sweep
[2022-06-13T02:06:16.900+0000][1][gc           ] GC(18) Concurrent Sweep 22.459ms
[2022-06-13T02:06:16.900+0000][1][gc,cpu       ] GC(18) User=0.07s Sys=0.00s Real=0.03s
[2022-06-13T02:06:16.901+0000][1][gc           ] GC(18) Concurrent Reset
[2022-06-13T02:06:16.902+0000][1][gc           ] GC(18) Concurrent Reset 1.317ms
[2022-06-13T02:06:16.903+0000][1][gc,cpu       ] GC(18) User=0.00s Sys=0.00s Real=0.00s
[2022-06-13T02:06:16.903+0000][1][gc,heap      ] GC(18) Old: 55848K->55619K(174784K)
[2022-06-13T02:06:16.942+0000][1][safepoint    ] Application time: 0.0646933 seconds
[2022-06-13T02:06:16.942+0000][1][safepoint    ] Entering safepoint region: RevokeBias
[2022-06-13T02:06:16.943+0000][1][safepoint    ] Leaving safepoint region
[2022-06-13T02:06:16.943+0000][1][safepoint    ] Total time for which application threads were stopped: 0.0014577 seconds, Stopping threads took: 0.0001326 seconds
[2022-06-13T02:06:16.947+0000][1][safepoint    ] Application time: 0.0031123 seconds
[2022-06-13T02:06:16.947+0000][1][safepoint    ] Entering safepoint region: RevokeBias
[2022-06-13T02:06:16.947+0000][1][safepoint    ] Leaving safepoint region
[2022-06-13T02:06:16.947+0000][1][safepoint    ] Total time for which application threads were stopped: 0.0003448 seconds, Stopping threads took: 0.0001686 seconds
[2022-06-13T02:06:17.082+0000][1][safepoint    ] Application time: 0.1341784 seconds
[2022-06-13T02:06:17.082+0000][1][safepoint    ] Entering safepoint region: RevokeBias
[2022-06-13T02:06:17.083+0000][1][safepoint    ] Leaving safepoint region
[2022-06-13T02:06:17.083+0000][1][safepoint    ] Total time for which application threads were stopped: 0.0011539 seconds, Stopping threads took: 0.0003840 seconds
[2022-06-13T02:06:17.083+0000][1][safepoint    ] Application time: 0.0000878 seconds
[2022-06-13T02:06:17.083+0000][1][safepoint    ] Entering safepoint region: RevokeBias
[2022-06-13T02:06:17.084+0000][1][safepoint    ] Leaving safepoint region
[2022-06-13T02:06:17.084+0000][1][safepoint    ] Total time for which application threads were stopped: 0.0004751 seconds, Stopping threads took: 0.0002965 seconds
[2022-06-13T02:06:17.084+0000][1][safepoint    ] Application time: 0.0002570 seconds
[2022-06-13T02:06:17.084+0000][1][safepoint    ] Entering safepoint region: RevokeBias
[2022-06-13T02:06:17.085+0000][1][safepoint    ] Leaving safepoint region
[2022-06-13T02:06:17.085+0000][1][safepoint    ] Total time for which application threads were stopped: 0.0003850 seconds, Stopping threads took: 0.0001935 seconds
[2022-06-13T02:06:17.085+0000][1][safepoint    ] Application time: 0.0001196 seconds
[2022-06-13T02:06:17.085+0000][1][safepoint    ] Entering safepoint region: RevokeBias
[2022-06-13T02:06:17.085+0000][1][safepoint    ] Leaving safepoint region
[2022-06-13T02:06:17.086+0000][1][safepoint    ] Total time for which application threads were stopped: 0.0004261 seconds, Stopping threads took: 0.0002519 seconds
[2022-06-13T02:06:17.155+0000][1][safepoint    ] Application time: 0.0693924 seconds
[2022-06-13T02:06:17.156+0000][1][safepoint    ] Entering safepoint region: RevokeBias
[2022-06-13T02:06:17.156+0000][1][safepoint    ] Leaving safepoint region
[2022-06-13T02:06:17.156+0000][1][safepoint    ] Total time for which application threads were stopped: 0.0008660 seconds, Stopping threads took: 0.0005137 seconds
[2022-06-13T02:06:17.157+0000][1][safepoint    ] Application time: 0.0001266 seconds
[2022-06-13T02:06:17.157+0000][1][safepoint    ] Entering safepoint region: RevokeBias
[2022-06-13T02:06:17.157+0000][1][safepoint    ] Leaving safepoint region
[2022-06-13T02:06:17.157+0000][1][safepoint    ] Total time for which application threads were stopped: 0.0004861 seconds, Stopping threads took: 0.0002323 seconds
[2022-06-13T02:06:17.158+0000][1][safepoint    ] Application time: 0.0002707 seconds
[2022-06-13T02:06:17.158+0000][1][safepoint    ] Entering safepoint region: RevokeBias
[2022-06-13T02:06:17.158+0000][1][safepoint    ] Leaving safepoint region
[2022-06-13T02:06:17.158+0000][1][safepoint    ] Total time for which application threads were stopped: 0.0004006 seconds, Stopping threads took: 0.0001685 seconds
[2022-06-13T02:06:17.159+0000][1][safepoint    ] Application time: 0.0001983 seconds
[2022-06-13T02:06:17.159+0000][1][safepoint    ] Entering safepoint region: RevokeBias
[2022-06-13T02:06:17.159+0000][1][safepoint    ] Leaving safepoint region
[2022-06-13T02:06:17.159+0000][1][safepoint    ] Total time for which application threads were stopped: 0.0003967 seconds, Stopping threads took: 0.0001490 seconds
[2022-06-13T02:06:17.160+0000][1][safepoint    ] Application time: 0.0005939 seconds
[2022-06-13T02:06:17.160+0000][1][safepoint    ] Entering safepoint region: RevokeBias
[2022-06-13T02:06:17.161+0000][1][safepoint    ] Leaving safepoint region
[2022-06-13T02:06:17.161+0000][1][safepoint    ] Total time for which application threads were stopped: 0.0006372 seconds, Stopping threads took: 0.0004091 seconds
[2022-06-13T02:06:17.161+0000][1][safepoint    ] Application time: 0.0001162 seconds
[2022-06-13T02:06:17.161+0000][1][safepoint    ] Entering safepoint region: RevokeBias
[2022-06-13T02:06:17.162+0000][1][safepoint    ] Leaving safepoint region
[2022-06-13T02:06:17.162+0000][1][safepoint    ] Total time for which application threads were stopped: 0.0004349 seconds, Stopping threads took: 0.0002197 seconds
[2022-06-13T02:06:17.162+0000][1][safepoint    ] Application time: 0.0003725 seconds
[2022-06-13T02:06:17.163+0000][1][safepoint    ] Entering safepoint region: RevokeBias
[2022-06-13T02:06:17.163+0000][1][safepoint    ] Leaving safepoint region
[2022-06-13T02:06:17.163+0000][1][safepoint    ] Total time for which application threads were stopped: 0.0004616 seconds, Stopping threads took: 0.0002155 seconds
[2022-06-13T02:06:17.163+0000][1][safepoint    ] Application time: 0.0001064 seconds
[2022-06-13T02:06:17.164+0000][1][safepoint    ] Entering safepoint region: RevokeBias
[2022-06-13T02:06:17.164+0000][1][safepoint    ] Leaving safepoint region
[2022-06-13T02:06:17.164+0000][1][safepoint    ] Total time for which application threads were stopped: 0.0003473 seconds, Stopping threads took: 0.0001558 seconds
[2022-06-13T02:06:17.164+0000][1][safepoint    ] Application time: 0.0000728 seconds
[2022-06-13T02:06:17.164+0000][1][safepoint    ] Entering safepoint region: RevokeBias
[2022-06-13T02:06:17.164+0000][1][safepoint    ] Leaving safepoint region
[2022-06-13T02:06:17.165+0000][1][safepoint    ] Total time for which application threads were stopped: 0.0003614 seconds, Stopping threads took: 0.0001712 seconds
[2022-06-13T02:06:17.165+0000][1][safepoint    ] Application time: 0.0000873 seconds
[2022-06-13T02:06:17.165+0000][1][safepoint    ] Entering safepoint region: RevokeBias
[2022-06-13T02:06:17.165+0000][1][safepoint    ] Leaving safepoint region
[2022-06-13T02:06:17.165+0000][1][safepoint    ] Total time for which application threads were stopped: 0.0003763 seconds, Stopping threads took: 0.0001765 seconds
[2022-06-13T02:06:17.166+0000][1][safepoint    ] Application time: 0.0000769 seconds
[2022-06-13T02:06:17.166+0000][1][safepoint    ] Entering safepoint region: RevokeBias
[2022-06-13T02:06:17.166+0000][1][safepoint    ] Leaving safepoint region
[2022-06-13T02:06:17.166+0000][1][safepoint    ] Total time for which application threads were stopped: 0.0003259 seconds, Stopping threads took: 0.0001356 seconds
[2022-06-13T02:06:17.166+0000][1][safepoint    ] Application time: 0.0000764 seconds
[2022-06-13T02:06:17.166+0000][1][safepoint    ] Entering safepoint region: RevokeBias
[2022-06-13T02:06:17.167+0000][1][safepoint    ] Leaving safepoint region
[2022-06-13T02:06:17.167+0000][1][safepoint    ] Total time for which application threads were stopped: 0.0003485 seconds, Stopping threads took: 0.0001427 seconds
[2022-06-13T02:06:17.167+0000][1][safepoint    ] Application time: 0.0001182 seconds
[2022-06-13T02:06:17.167+0000][1][safepoint    ] Entering safepoint region: RevokeBias
[2022-06-13T02:06:17.167+0000][1][safepoint    ] Leaving safepoint region
[2022-06-13T02:06:17.167+0000][1][safepoint    ] Total time for which application threads were stopped: 0.0003125 seconds, Stopping threads took: 0.0001445 seconds
[2022-06-13T02:06:17.168+0000][1][safepoint    ] Application time: 0.0000809 seconds
[2022-06-13T02:06:17.168+0000][1][safepoint    ] Entering safepoint region: RevokeBias
[2022-06-13T02:06:17.168+0000][1][safepoint    ] Leaving safepoint region
[2022-06-13T02:06:17.168+0000][1][safepoint    ] Total time for which application threads were stopped: 0.0003618 seconds, Stopping threads took: 0.0001494 seconds
[2022-06-13T02:06:17.168+0000][1][safepoint    ] Application time: 0.0000772 seconds
[2022-06-13T02:06:17.169+0000][1][safepoint    ] Entering safepoint region: RevokeBias
[2022-06-13T02:06:17.169+0000][1][safepoint    ] Leaving safepoint region
[2022-06-13T02:06:17.169+0000][1][safepoint    ] Total time for which application threads were stopped: 0.0004129 seconds, Stopping threads took: 0.0001769 seconds
[2022-06-13T02:06:17.169+0000][1][safepoint    ] Application time: 0.0000910 seconds
[2022-06-13T02:06:17.170+0000][1][safepoint    ] Entering safepoint region: RevokeBias
[2022-06-13T02:06:17.170+0000][1][safepoint    ] Leaving safepoint region
[2022-06-13T02:06:17.170+0000][1][safepoint    ] Total time for which application threads were stopped: 0.0003213 seconds, Stopping threads took: 0.0001546 seconds
[2022-06-13T02:06:17.170+0000][1][safepoint    ] Application time: 0.0000883 seconds
[2022-06-13T02:06:17.170+0000][1][safepoint    ] Entering safepoint region: RevokeBias
[2022-06-13T02:06:17.170+0000][1][safepoint    ] Leaving safepoint region
[2022-06-13T02:06:17.171+0000][1][safepoint    ] Total time for which application threads were stopped: 0.0003679 seconds, Stopping threads took: 0.0001813 seconds
[2022-06-13T02:06:17.171+0000][1][safepoint    ] Application time: 0.0000770 seconds
[2022-06-13T02:06:17.171+0000][1][safepoint    ] Entering safepoint region: RevokeBias
[2022-06-13T02:06:17.171+0000][1][safepoint    ] Leaving safepoint region
[2022-06-13T02:06:17.171+0000][1][safepoint    ] Total time for which application threads were stopped: 0.0003277 seconds, Stopping threads took: 0.0001290 seconds
[2022-06-13T02:06:17.171+0000][1][safepoint    ] Application time: 0.0000798 seconds
[2022-06-13T02:06:17.172+0000][1][safepoint    ] Entering safepoint region: RevokeBias
[2022-06-13T02:06:17.172+0000][1][safepoint    ] Leaving safepoint region
[2022-06-13T02:06:17.172+0000][1][safepoint    ] Total time for which application threads were stopped: 0.0003569 seconds, Stopping threads took: 0.0001568 seconds
[2022-06-13T02:06:17.172+0000][1][safepoint    ] Application time: 0.0000888 seconds
[2022-06-13T02:06:17.172+0000][1][safepoint    ] Entering safepoint region: RevokeBias
[2022-06-13T02:06:17.173+0000][1][safepoint    ] Leaving safepoint region
[2022-06-13T02:06:17.173+0000][1][safepoint    ] Total time for which application threads were stopped: 0.0003937 seconds, Stopping threads took: 0.0002208 seconds
[2022-06-13T02:06:17.173+0000][1][safepoint    ] Application time: 0.0000807 seconds
[2022-06-13T02:06:17.173+0000][1][safepoint    ] Entering safepoint region: RevokeBias
[2022-06-13T02:06:17.173+0000][1][safepoint    ] Leaving safepoint region
[2022-06-13T02:06:17.173+0000][1][safepoint    ] Total time for which application threads were stopped: 0.0003235 seconds, Stopping threads took: 0.0001570 seconds
[2022-06-13T02:06:17.174+0000][1][safepoint    ] Application time: 0.0000827 seconds
[2022-06-13T02:06:17.174+0000][1][safepoint    ] Entering safepoint region: RevokeBias
[2022-06-13T02:06:17.174+0000][1][safepoint    ] Leaving safepoint region
[2022-06-13T02:06:17.174+0000][1][safepoint    ] Total time for which application threads were stopped: 0.0003057 seconds, Stopping threads took: 0.0001349 seconds
[2022-06-13T02:06:17.174+0000][1][safepoint    ] Application time: 0.0001271 seconds
[2022-06-13T02:06:17.174+0000][1][safepoint    ] Entering safepoint region: RevokeBias
[2022-06-13T02:06:17.175+0000][1][safepoint    ] Leaving safepoint region
[2022-06-13T02:06:17.175+0000][1][safepoint    ] Total time for which application threads were stopped: 0.0002316 seconds, Stopping threads took: 0.0001088 seconds
[2022-06-13T02:06:17.175+0000][1][safepoint    ] Application time: 0.0000934 seconds
[2022-06-13T02:06:17.175+0000][1][safepoint    ] Entering safepoint region: RevokeBias
[2022-06-13T02:06:17.175+0000][1][safepoint    ] Leaving safepoint region
[2022-06-13T02:06:17.175+0000][1][safepoint    ] Total time for which application threads were stopped: 0.0002863 seconds, Stopping threads took: 0.0001323 seconds
[2022-06-13T02:06:17.176+0000][1][safepoint    ] Application time: 0.0000877 seconds
[2022-06-13T02:06:17.176+0000][1][safepoint    ] Entering safepoint region: RevokeBias
[2022-06-13T02:06:17.176+0000][1][safepoint    ] Leaving safepoint region
[2022-06-13T02:06:17.176+0000][1][safepoint    ] Total time for which application threads were stopped: 0.0002980 seconds, Stopping threads took: 0.0001251 seconds
[2022-06-13T02:06:17.176+0000][1][safepoint    ] Application time: 0.0000965 seconds
[2022-06-13T02:06:17.176+0000][1][safepoint    ] Entering safepoint region: BulkRevokeBias
[2022-06-13T02:06:17.176+0000][1][safepoint    ] Leaving safepoint region
[2022-06-13T02:06:17.177+0000][1][safepoint    ] Total time for which application threads were stopped: 0.0003219 seconds, Stopping threads took: 0.0001174 seconds
[2022-06-13T02:06:17.177+0000][1][safepoint    ] Application time: 0.0002181 seconds
[2022-06-13T02:06:17.177+0000][1][safepoint    ] Entering safepoint region: RevokeBias
[2022-06-13T02:06:17.177+0000][1][safepoint    ] Leaving safepoint region
[2022-06-13T02:06:17.177+0000][1][safepoint    ] Total time for which application threads were stopped: 0.0002916 seconds, Stopping threads took: 0.0001260 seconds
[2022-06-13T02:06:17.178+0000][1][safepoint    ] Application time: 0.0001211 seconds
[2022-06-13T02:06:17.178+0000][1][safepoint    ] Entering safepoint region: RevokeBias
[2022-06-13T02:06:17.178+0000][1][safepoint    ] Leaving safepoint region
[2022-06-13T02:06:17.178+0000][1][safepoint    ] Total time for which application threads were stopped: 0.0002651 seconds, Stopping threads took: 0.0001175 seconds
[2022-06-13T02:06:17.178+0000][1][safepoint    ] Application time: 0.0001682 seconds
[2022-06-13T02:06:17.178+0000][1][safepoint    ] Entering safepoint region: RevokeBias
[2022-06-13T02:06:17.179+0000][1][safepoint    ] Leaving safepoint region
[2022-06-13T02:06:17.179+0000][1][safepoint    ] Total time for which application threads were stopped: 0.0002942 seconds, Stopping threads took: 0.0001200 seconds
[2022-06-13T02:06:17.179+0000][1][safepoint    ] Application time: 0.0001214 seconds
[2022-06-13T02:06:17.179+0000][1][safepoint    ] Entering safepoint region: RevokeBias
[2022-06-13T02:06:17.179+0000][1][safepoint    ] Leaving safepoint region
[2022-06-13T02:06:17.179+0000][1][safepoint    ] Total time for which application threads were stopped: 0.0002956 seconds, Stopping threads took: 0.0001267 seconds
[2022-06-13T02:06:17.180+0000][1][safepoint    ] Application time: 0.0001067 seconds
[2022-06-13T02:06:17.180+0000][1][safepoint    ] Entering safepoint region: RevokeBias
[2022-06-13T02:06:17.180+0000][1][safepoint    ] Leaving safepoint region
[2022-06-13T02:06:17.180+0000][1][safepoint    ] Total time for which application threads were stopped: 0.0003355 seconds, Stopping threads took: 0.0001345 seconds
[2022-06-13T02:06:17.180+0000][1][safepoint    ] Application time: 0.0000858 seconds
[2022-06-13T02:06:17.180+0000][1][safepoint    ] Entering safepoint region: RevokeBias
[2022-06-13T02:06:17.181+0000][1][safepoint    ] Leaving safepoint region
[2022-06-13T02:06:17.181+0000][1][safepoint    ] Total time for which application threads were stopped: 0.0002680 seconds, Stopping threads took: 0.0000937 seconds
[2022-06-13T02:06:17.181+0000][1][safepoint    ] Application time: 0.0000823 seconds
[2022-06-13T02:06:17.181+0000][1][safepoint    ] Entering safepoint region: RevokeBias
[2022-06-13T02:06:17.181+0000][1][safepoint    ] Leaving safepoint region
[2022-06-13T02:06:17.181+0000][1][safepoint    ] Total time for which application threads were stopped: 0.0003266 seconds, Stopping threads took: 0.0001423 seconds
[2022-06-13T02:06:17.182+0000][1][safepoint    ] Application time: 0.0002288 seconds
[2022-06-13T02:06:17.182+0000][1][safepoint    ] Entering safepoint region: RevokeBias
[2022-06-13T02:06:17.182+0000][1][safepoint    ] Leaving safepoint region
[2022-06-13T02:06:17.182+0000][1][safepoint    ] Total time for which application threads were stopped: 0.0003226 seconds, Stopping threads took: 0.0001385 seconds
[2022-06-13T02:06:17.182+0000][1][safepoint    ] Application time: 0.0000780 seconds
[2022-06-13T02:06:17.183+0000][1][safepoint    ] Entering safepoint region: RevokeBias
[2022-06-13T02:06:17.183+0000][1][safepoint    ] Leaving safepoint region
[2022-06-13T02:06:17.183+0000][1][safepoint    ] Total time for which application threads were stopped: 0.0005033 seconds, Stopping threads took: 0.0003346 seconds
[2022-06-13T02:06:17.183+0000][1][safepoint    ] Application time: 0.0000900 seconds
[2022-06-13T02:06:17.183+0000][1][safepoint    ] Entering safepoint region: RevokeBias
[2022-06-13T02:06:17.184+0000][1][safepoint    ] Leaving safepoint region
[2022-06-13T02:06:17.184+0000][1][safepoint    ] Total time for which application threads were stopped: 0.0003349 seconds, Stopping threads took: 0.0001515 seconds
[2022-06-13T02:06:17.184+0000][1][safepoint    ] Application time: 0.0000826 seconds
[2022-06-13T02:06:17.184+0000][1][safepoint    ] Entering safepoint region: RevokeBias
[2022-06-13T02:06:17.184+0000][1][safepoint    ] Leaving safepoint region
[2022-06-13T02:06:17.184+0000][1][safepoint    ] Total time for which application threads were stopped: 0.0003060 seconds, Stopping threads took: 0.0001321 seconds
[2022-06-13T02:06:17.185+0000][1][safepoint    ] Application time: 0.0000811 seconds
[2022-06-13T02:06:17.185+0000][1][safepoint    ] Entering safepoint region: RevokeBias
[2022-06-13T02:06:17.186+0000][1][safepoint    ] Leaving safepoint region
[2022-06-13T02:06:17.187+0000][1][safepoint    ] Total time for which application threads were stopped: 0.0019349 seconds, Stopping threads took: 0.0003548 seconds
[2022-06-13T02:06:17.187+0000][1][safepoint    ] Application time: 0.0000686 seconds
[2022-06-13T02:06:17.188+0000][1][safepoint    ] Entering safepoint region: RevokeBias
[2022-06-13T02:06:17.188+0000][1][safepoint    ] Leaving safepoint region
[2022-06-13T02:06:17.188+0000][1][safepoint    ] Total time for which application threads were stopped: 0.0003958 seconds, Stopping threads took: 0.0001628 seconds
[2022-06-13T02:06:17.192+0000][1][safepoint    ] Application time: 0.0000955 seconds
[2022-06-13T02:06:17.194+0000][1][safepoint    ] Entering safepoint region: RevokeBias
[2022-06-13T02:06:17.196+0000][1][safepoint    ] Leaving safepoint region
[2022-06-13T02:06:17.197+0000][1][safepoint    ] Total time for which application threads were stopped: 0.0023003 seconds, Stopping threads took: 0.0018240 seconds
[2022-06-13T02:06:17.198+0000][1][safepoint    ] Application time: 0.0008957 seconds
[2022-06-13T02:06:17.199+0000][1][safepoint    ] Entering safepoint region: RevokeBias
[2022-06-13T02:06:17.200+0000][1][safepoint    ] Leaving safepoint region
[2022-06-13T02:06:17.201+0000][1][safepoint    ] Total time for which application threads were stopped: 0.0015920 seconds, Stopping threads took: 0.0002129 seconds
[2022-06-13T02:06:17.204+0000][1][safepoint    ] Application time: 0.0028604 seconds
[2022-06-13T02:06:17.204+0000][1][safepoint    ] Entering safepoint region: RevokeBias
[2022-06-13T02:06:17.205+0000][1][safepoint    ] Leaving safepoint region
[2022-06-13T02:06:17.205+0000][1][safepoint    ] Total time for which application threads were stopped: 0.0004875 seconds, Stopping threads took: 0.0002062 seconds
[2022-06-13T02:06:17.205+0000][1][safepoint    ] Application time: 0.0000788 seconds
[2022-06-13T02:06:17.205+0000][1][safepoint    ] Entering safepoint region: RevokeBias
[2022-06-13T02:06:17.206+0000][1][safepoint    ] Leaving safepoint region
[2022-06-13T02:06:17.206+0000][1][safepoint    ] Total time for which application threads were stopped: 0.0009963 seconds, Stopping threads took: 0.0002685 seconds
[2022-06-13T02:06:17.207+0000][1][safepoint    ] Application time: 0.0001680 seconds
[2022-06-13T02:06:17.207+0000][1][safepoint    ] Entering safepoint region: RevokeBias
[2022-06-13T02:06:17.207+0000][1][safepoint    ] Leaving safepoint region
[2022-06-13T02:06:17.207+0000][1][safepoint    ] Total time for which application threads were stopped: 0.0003675 seconds, Stopping threads took: 0.0001563 seconds
[2022-06-13T02:06:17.207+0000][1][safepoint    ] Application time: 0.0000824 seconds
[2022-06-13T02:06:17.208+0000][1][safepoint    ] Entering safepoint region: RevokeBias
[2022-06-13T02:06:17.208+0000][1][safepoint    ] Leaving safepoint region
[2022-06-13T02:06:17.208+0000][1][safepoint    ] Total time for which application threads were stopped: 0.0003497 seconds, Stopping threads took: 0.0001392 seconds
[2022-06-13T02:06:17.208+0000][1][safepoint    ] Application time: 0.0000745 seconds
[2022-06-13T02:06:17.208+0000][1][safepoint    ] Entering safepoint region: RevokeBias
[2022-06-13T02:06:17.208+0000][1][safepoint    ] Leaving safepoint region
[2022-06-13T02:06:17.209+0000][1][safepoint    ] Total time for which application threads were stopped: 0.0003235 seconds, Stopping threads took: 0.0001443 seconds
[2022-06-13T02:06:17.209+0000][1][safepoint    ] Application time: 0.0000770 seconds
[2022-06-13T02:06:17.209+0000][1][safepoint    ] Entering safepoint region: RevokeBias
[2022-06-13T02:06:17.209+0000][1][safepoint    ] Leaving safepoint region
[2022-06-13T02:06:17.209+0000][1][safepoint    ] Total time for which application threads were stopped: 0.0003336 seconds, Stopping threads took: 0.0001435 seconds
[2022-06-13T02:06:17.210+0000][1][safepoint    ] Application time: 0.0000743 seconds
[2022-06-13T02:06:17.210+0000][1][safepoint    ] Entering safepoint region: RevokeBias
[2022-06-13T02:06:17.210+0000][1][safepoint    ] Leaving safepoint region
[2022-06-13T02:06:17.210+0000][1][safepoint    ] Total time for which application threads were stopped: 0.0003260 seconds, Stopping threads took: 0.0001409 seconds
[2022-06-13T02:06:17.210+0000][1][safepoint    ] Application time: 0.0000796 seconds
[2022-06-13T02:06:17.210+0000][1][safepoint    ] Entering safepoint region: BulkRevokeBias
[2022-06-13T02:06:17.211+0000][1][safepoint    ] Leaving safepoint region
[2022-06-13T02:06:17.211+0000][1][safepoint    ] Total time for which application threads were stopped: 0.0003711 seconds, Stopping threads took: 0.0001222 seconds
[2022-06-13T02:06:17.211+0000][1][safepoint    ] Application time: 0.0003227 seconds
[2022-06-13T02:06:17.211+0000][1][safepoint    ] Entering safepoint region: RevokeBias
[2022-06-13T02:06:17.212+0000][1][safepoint    ] Leaving safepoint region
[2022-06-13T02:06:17.212+0000][1][safepoint    ] Total time for which application threads were stopped: 0.0003262 seconds, Stopping threads took: 0.0001394 seconds
[2022-06-13T02:06:17.212+0000][1][safepoint    ] Application time: 0.0000823 seconds
[2022-06-13T02:06:17.212+0000][1][safepoint    ] Entering safepoint region: RevokeBias
[2022-06-13T02:06:17.212+0000][1][safepoint    ] Leaving safepoint region
[2022-06-13T02:06:17.212+0000][1][safepoint    ] Total time for which application threads were stopped: 0.0003645 seconds, Stopping threads took: 0.0001599 seconds
[2022-06-13T02:06:17.213+0000][1][safepoint    ] Application time: 0.0000356 seconds
[2022-06-13T02:06:17.213+0000][1][safepoint    ] Entering safepoint region: RevokeBias
[2022-06-13T02:06:17.213+0000][1][safepoint    ] Leaving safepoint region
[2022-06-13T02:06:17.213+0000][1][safepoint    ] Total time for which application threads were stopped: 0.0003638 seconds, Stopping threads took: 0.0001589 seconds
[2022-06-13T02:06:17.213+0000][1][safepoint    ] Application time: 0.0000472 seconds
[2022-06-13T02:06:17.214+0000][1][safepoint    ] Entering safepoint region: RevokeBias
[2022-06-13T02:06:17.214+0000][1][safepoint    ] Leaving safepoint region
[2022-06-13T02:06:17.215+0000][1][safepoint    ] Total time for which application threads were stopped: 0.0003943 seconds, Stopping threads took: 0.0001478 seconds
[2022-06-13T02:06:17.215+0000][1][safepoint    ] Application time: 0.0000631 seconds
[2022-06-13T02:06:17.216+0000][1][safepoint    ] Entering safepoint region: RevokeBias
[2022-06-13T02:06:17.216+0000][1][safepoint    ] Leaving safepoint region
[2022-06-13T02:06:17.216+0000][1][safepoint    ] Total time for which application threads were stopped: 0.0005300 seconds, Stopping threads took: 0.0003240 seconds
[2022-06-13T02:06:17.216+0000][1][safepoint    ] Application time: 0.0000958 seconds
[2022-06-13T02:06:17.217+0000][1][safepoint    ] Entering safepoint region: RevokeBias
[2022-06-13T02:06:17.217+0000][1][safepoint    ] Leaving safepoint region
[2022-06-13T02:06:17.217+0000][1][safepoint    ] Total time for which application threads were stopped: 0.0004402 seconds, Stopping threads took: 0.0002623 seconds
[2022-06-13T02:06:17.217+0000][1][safepoint    ] Application time: 0.0001317 seconds
[2022-06-13T02:06:17.218+0000][1][safepoint    ] Entering safepoint region: RevokeBias
[2022-06-13T02:06:17.218+0000][1][safepoint    ] Leaving safepoint region
[2022-06-13T02:06:17.218+0000][1][safepoint    ] Total time for which application threads were stopped: 0.0003368 seconds, Stopping threads took: 0.0001496 seconds
[2022-06-13T02:06:17.218+0000][1][safepoint    ] Application time: 0.0002054 seconds
[2022-06-13T02:06:17.218+0000][1][safepoint    ] Entering safepoint region: RevokeBias
[2022-06-13T02:06:17.219+0000][1][safepoint    ] Leaving safepoint region
[2022-06-13T02:06:17.219+0000][1][safepoint    ] Total time for which application threads were stopped: 0.0004281 seconds, Stopping threads took: 0.0002008 seconds
[2022-06-13T02:06:17.219+0000][1][safepoint    ] Application time: 0.0000945 seconds
[2022-06-13T02:06:17.219+0000][1][safepoint    ] Entering safepoint region: RevokeBias
[2022-06-13T02:06:17.220+0000][1][safepoint    ] Leaving safepoint region
[2022-06-13T02:06:17.220+0000][1][safepoint    ] Total time for which application threads were stopped: 0.0003922 seconds, Stopping threads took: 0.0002247 seconds
[2022-06-13T02:06:17.220+0000][1][safepoint    ] Application time: 0.0000930 seconds
[2022-06-13T02:06:17.220+0000][1][safepoint    ] Entering safepoint region: RevokeBias
[2022-06-13T02:06:17.220+0000][1][safepoint    ] Leaving safepoint region
[2022-06-13T02:06:17.221+0000][1][safepoint    ] Total time for which application threads were stopped: 0.0005306 seconds, Stopping threads took: 0.0003230 seconds
[2022-06-13T02:06:17.221+0000][1][safepoint    ] Application time: 0.0002951 seconds
[2022-06-13T02:06:17.222+0000][1][safepoint    ] Entering safepoint region: RevokeBias
[2022-06-13T02:06:17.222+0000][1][safepoint    ] Leaving safepoint region
[2022-06-13T02:06:17.222+0000][1][safepoint    ] Total time for which application threads were stopped: 0.0008611 seconds, Stopping threads took: 0.0006562 seconds
[2022-06-13T02:06:17.223+0000][1][safepoint    ] Application time: 0.0003896 seconds
[2022-06-13T02:06:17.223+0000][1][safepoint    ] Entering safepoint region: RevokeBias
[2022-06-13T02:06:17.223+0000][1][safepoint    ] Leaving safepoint region
[2022-06-13T02:06:17.223+0000][1][safepoint    ] Total time for which application threads were stopped: 0.0003409 seconds, Stopping threads took: 0.0001683 seconds
[2022-06-13T02:06:17.224+0000][1][safepoint    ] Application time: 0.0007511 seconds
[2022-06-13T02:06:17.224+0000][1][safepoint    ] Entering safepoint region: RevokeBias
[2022-06-13T02:06:17.225+0000][1][safepoint    ] Leaving safepoint region
[2022-06-13T02:06:17.225+0000][1][safepoint    ] Total time for which application threads were stopped: 0.0003803 seconds, Stopping threads took: 0.0001837 seconds
[2022-06-13T02:06:17.226+0000][1][safepoint    ] Application time: 0.0005970 seconds
[2022-06-13T02:06:17.226+0000][1][safepoint    ] Entering safepoint region: RevokeBias
[2022-06-13T02:06:17.227+0000][1][safepoint    ] Leaving safepoint region
[2022-06-13T02:06:17.227+0000][1][safepoint    ] Total time for which application threads were stopped: 0.0010826 seconds, Stopping threads took: 0.0008384 seconds
[2022-06-13T02:06:17.228+0000][1][safepoint    ] Application time: 0.0006172 seconds
[2022-06-13T02:06:17.228+0000][1][safepoint    ] Entering safepoint region: RevokeBias
[2022-06-13T02:06:17.228+0000][1][safepoint    ] Leaving safepoint region
[2022-06-13T02:06:17.228+0000][1][safepoint    ] Total time for which application threads were stopped: 0.0003817 seconds, Stopping threads took: 0.0001449 seconds
[2022-06-13T02:06:17.228+0000][1][safepoint    ] Application time: 0.0001297 seconds
[2022-06-13T02:06:17.229+0000][1][safepoint    ] Entering safepoint region: RevokeBias
[2022-06-13T02:06:17.229+0000][1][safepoint    ] Leaving safepoint region
[2022-06-13T02:06:17.229+0000][1][safepoint    ] Total time for which application threads were stopped: 0.0004162 seconds, Stopping threads took: 0.0002250 seconds
[2022-06-13T02:06:17.230+0000][1][safepoint    ] Application time: 0.0012049 seconds
[2022-06-13T02:06:17.231+0000][1][safepoint    ] Entering safepoint region: RevokeBias
[2022-06-13T02:06:17.232+0000][1][safepoint    ] Leaving safepoint region
[2022-06-13T02:06:17.232+0000][1][safepoint    ] Total time for which application threads were stopped: 0.0014855 seconds, Stopping threads took: 0.0010822 seconds
[2022-06-13T02:06:17.234+0000][1][safepoint    ] Application time: 0.0013269 seconds
[2022-06-13T02:06:17.234+0000][1][safepoint    ] Entering safepoint region: RevokeBias
[2022-06-13T02:06:17.234+0000][1][safepoint    ] Leaving safepoint region
[2022-06-13T02:06:17.234+0000][1][safepoint    ] Total time for which application threads were stopped: 0.0003601 seconds, Stopping threads took: 0.0001528 seconds
[2022-06-13T02:06:17.235+0000][1][safepoint    ] Application time: 0.0004947 seconds
[2022-06-13T02:06:17.235+0000][1][safepoint    ] Entering safepoint region: RevokeBias
[2022-06-13T02:06:17.235+0000][1][safepoint    ] Leaving safepoint region
[2022-06-13T02:06:17.235+0000][1][safepoint    ] Total time for which application threads were stopped: 0.0002820 seconds, Stopping threads took: 0.0001151 seconds
[2022-06-13T02:06:17.237+0000][1][safepoint    ] Application time: 0.0015281 seconds
[2022-06-13T02:06:17.237+0000][1][safepoint    ] Entering safepoint region: RevokeBias
[2022-06-13T02:06:17.237+0000][1][safepoint    ] Leaving safepoint region
[2022-06-13T02:06:17.238+0000][1][safepoint    ] Total time for which application threads were stopped: 0.0005631 seconds, Stopping threads took: 0.0003184 seconds
[2022-06-13T02:06:17.238+0000][1][safepoint    ] Application time: 0.0001871 seconds
[2022-06-13T02:06:17.238+0000][1][safepoint    ] Entering safepoint region: RevokeBias
[2022-06-13T02:06:17.238+0000][1][safepoint    ] Leaving safepoint region
[2022-06-13T02:06:17.238+0000][1][safepoint    ] Total time for which application threads were stopped: 0.0003276 seconds, Stopping threads took: 0.0001301 seconds
[2022-06-13T02:06:17.239+0000][1][safepoint    ] Application time: 0.0001192 seconds
[2022-06-13T02:06:17.239+0000][1][safepoint    ] Entering safepoint region: RevokeBias
[2022-06-13T02:06:17.239+0000][1][safepoint    ] Leaving safepoint region
[2022-06-13T02:06:17.239+0000][1][safepoint    ] Total time for which application threads were stopped: 0.0002640 seconds, Stopping threads took: 0.0001036 seconds
[2022-06-13T02:06:17.241+0000][1][safepoint    ] Application time: 0.0019453 seconds
[2022-06-13T02:06:17.242+0000][1][safepoint    ] Entering safepoint region: RevokeBias
[2022-06-13T02:06:17.242+0000][1][safepoint    ] Leaving safepoint region
[2022-06-13T02:06:17.242+0000][1][safepoint    ] Total time for which application threads were stopped: 0.0007709 seconds, Stopping threads took: 0.0005943 seconds
[2022-06-13T02:06:17.242+0000][1][safepoint    ] Application time: 0.0000847 seconds
[2022-06-13T02:06:17.242+0000][1][safepoint    ] Entering safepoint region: RevokeBias
[2022-06-13T02:06:17.242+0000][1][safepoint    ] Leaving safepoint region
[2022-06-13T02:06:17.243+0000][1][safepoint    ] Total time for which application threads were stopped: 0.0003390 seconds, Stopping threads took: 0.0001738 seconds
[2022-06-13T02:06:17.243+0000][1][safepoint    ] Application time: 0.0002939 seconds
[2022-06-13T02:06:17.243+0000][1][safepoint    ] Entering safepoint region: RevokeBias
[2022-06-13T02:06:17.244+0000][1][safepoint    ] Leaving safepoint region
[2022-06-13T02:06:17.244+0000][1][safepoint    ] Total time for which application threads were stopped: 0.0004856 seconds, Stopping threads took: 0.0003069 seconds
[2022-06-13T02:06:17.268+0000][1][safepoint    ] Application time: 0.0245294 seconds
[2022-06-13T02:06:17.268+0000][1][safepoint    ] Entering safepoint region: GenCollectForAllocation
[2022-06-13T02:06:17.269+0000][1][gc,start     ] GC(19) Pause Young (Allocation Failure)
[2022-06-13T02:06:17.269+0000][1][gc,task      ] GC(19) Using 5 workers of 13 for evacuation
[2022-06-13T02:06:17.274+0000][1][gc,age       ] GC(19) Desired survivor size 4456448 bytes, new threshold 2 (max threshold 6)
[2022-06-13T02:06:17.274+0000][1][gc,age       ] GC(19) Age table with threshold 2 (max threshold 6)
[2022-06-13T02:06:17.274+0000][1][gc,age       ] GC(19) - age   1:    2952408 bytes,    2952408 total
[2022-06-13T02:06:17.274+0000][1][gc,age       ] GC(19) - age   2:    3874408 bytes,    6826816 total
[2022-06-13T02:06:17.274+0000][1][gc,age       ] GC(19) - age   3:     274992 bytes,    7101808 total
[2022-06-13T02:06:17.274+0000][1][gc,heap      ] GC(19) ParNew: 74694K->8490K(78656K)
[2022-06-13T02:06:17.274+0000][1][gc,heap      ] GC(19) CMS: 55619K->55619K(174784K)
[2022-06-13T02:06:17.275+0000][1][gc,metaspace ] GC(19) Metaspace: 47447K->47447K(1093632K)
[2022-06-13T02:06:17.275+0000][1][gc           ] GC(19) Pause Young (Allocation Failure) 127M->62M(247M) 5.996ms
[2022-06-13T02:06:17.275+0000][1][gc,cpu       ] GC(19) User=0.02s Sys=0.01s Real=0.01s
[2022-06-13T02:06:17.275+0000][1][safepoint    ] Leaving safepoint region
[2022-06-13T02:06:17.275+0000][1][safepoint    ] Total time for which application threads were stopped: 0.0065696 seconds, Stopping threads took: 0.0001235 seconds
[2022-06-13T02:06:17.873+0000][1][safepoint    ] Application time: 0.5976510 seconds
[2022-06-13T02:06:17.873+0000][1][safepoint    ] Entering safepoint region: GenCollectForAllocation
[2022-06-13T02:06:17.874+0000][1][gc,start     ] GC(20) Pause Young (Allocation Failure)
[2022-06-13T02:06:17.874+0000][1][gc,task      ] GC(20) Using 5 workers of 13 for evacuation
[2022-06-13T02:06:17.886+0000][1][gc,age       ] GC(20) Desired survivor size 4456448 bytes, new threshold 6 (max threshold 6)
[2022-06-13T02:06:17.886+0000][1][gc,age       ] GC(20) Age table with threshold 6 (max threshold 6)
[2022-06-13T02:06:17.887+0000][1][gc,age       ] GC(20) - age   1:    1511368 bytes,    1511368 total
[2022-06-13T02:06:17.887+0000][1][gc,age       ] GC(20) - age   2:    2900288 bytes,    4411656 total
[2022-06-13T02:06:17.887+0000][1][gc,heap      ] GC(20) ParNew: 78442K->7303K(78656K)
[2022-06-13T02:06:17.887+0000][1][gc,heap      ] GC(20) CMS: 55619K->59812K(174784K)
[2022-06-13T02:06:17.887+0000][1][gc,metaspace ] GC(20) Metaspace: 54077K->54077K(1099776K)
[2022-06-13T02:06:17.888+0000][1][gc           ] GC(20) Pause Young (Allocation Failure) 130M->65M(247M) 13.688ms
[2022-06-13T02:06:17.888+0000][1][gc,cpu       ] GC(20) User=0.06s Sys=0.00s Real=0.01s
[2022-06-13T02:06:17.888+0000][1][safepoint    ] Leaving safepoint region
[2022-06-13T02:06:17.888+0000][1][safepoint    ] Total time for which application threads were stopped: 0.0149304 seconds, Stopping threads took: 0.0004988 seconds
[2022-06-13T02:06:18.077+0000][1][safepoint    ] Application time: 0.1873232 seconds
[2022-06-13T02:06:18.077+0000][1][safepoint    ] Entering safepoint region: BulkRevokeBias
[2022-06-13T02:06:18.078+0000][1][safepoint    ] Leaving safepoint region
[2022-06-13T02:06:18.078+0000][1][safepoint    ] Total time for which application threads were stopped: 0.0011938 seconds, Stopping threads took: 0.0002491 seconds
[2022-06-13T02:06:18.093+0000][1][safepoint    ] Application time: 0.0151197 seconds
[2022-06-13T02:06:18.094+0000][1][safepoint    ] Entering safepoint region: Deoptimize
[2022-06-13T02:06:18.095+0000][1][safepoint    ] Leaving safepoint region
[2022-06-13T02:06:18.095+0000][1][safepoint    ] Total time for which application threads were stopped: 0.0009919 seconds, Stopping threads took: 0.0002371 seconds
[2022-06-13T02:06:18.125+0000][1][safepoint    ] Application time: 0.0299349 seconds
[2022-06-13T02:06:18.125+0000][1][safepoint    ] Entering safepoint region: RevokeBias
[2022-06-13T02:06:18.125+0000][1][safepoint    ] Leaving safepoint region
[2022-06-13T02:06:18.126+0000][1][safepoint    ] Total time for which application threads were stopped: 0.0003723 seconds, Stopping threads took: 0.0001534 seconds
[2022-06-13T02:06:18.126+0000][1][safepoint    ] Application time: 0.0000993 seconds
[2022-06-13T02:06:18.126+0000][1][safepoint    ] Entering safepoint region: RevokeBias
[2022-06-13T02:06:18.126+0000][1][safepoint    ] Leaving safepoint region
[2022-06-13T02:06:18.126+0000][1][safepoint    ] Total time for which application threads were stopped: 0.0003283 seconds, Stopping threads took: 0.0001542 seconds
[2022-06-13T02:06:18.127+0000][1][safepoint    ] Application time: 0.0001958 seconds
[2022-06-13T02:06:18.127+0000][1][safepoint    ] Entering safepoint region: RevokeBias
[2022-06-13T02:06:18.127+0000][1][safepoint    ] Leaving safepoint region
[2022-06-13T02:06:18.127+0000][1][safepoint    ] Total time for which application threads were stopped: 0.0004362 seconds, Stopping threads took: 0.0002030 seconds
[2022-06-13T02:06:18.130+0000][1][safepoint    ] Application time: 0.0027103 seconds
[2022-06-13T02:06:18.130+0000][1][safepoint    ] Entering safepoint region: RevokeBias
[2022-06-13T02:06:18.131+0000][1][safepoint    ] Leaving safepoint region
[2022-06-13T02:06:18.131+0000][1][safepoint    ] Total time for which application threads were stopped: 0.0003852 seconds, Stopping threads took: 0.0001752 seconds
[2022-06-13T02:06:18.294+0000][1][safepoint    ] Application time: 0.1630100 seconds
[2022-06-13T02:06:18.294+0000][1][safepoint    ] Entering safepoint region: Deoptimize
[2022-06-13T02:06:18.296+0000][1][safepoint    ] Leaving safepoint region
[2022-06-13T02:06:18.296+0000][1][safepoint    ] Total time for which application threads were stopped: 0.0020376 seconds, Stopping threads took: 0.0001791 seconds
[2022-06-13T02:06:18.515+0000][1][safepoint    ] Application time: 0.2187038 seconds
[2022-06-13T02:06:18.515+0000][1][safepoint    ] Entering safepoint region: RevokeBias
[2022-06-13T02:06:18.516+0000][1][safepoint    ] Leaving safepoint region
[2022-06-13T02:06:18.516+0000][1][safepoint    ] Total time for which application threads were stopped: 0.0003170 seconds, Stopping threads took: 0.0001099 seconds
[2022-06-13T02:06:18.516+0000][1][safepoint    ] Application time: 0.0002611 seconds
[2022-06-13T02:06:18.516+0000][1][safepoint    ] Entering safepoint region: RevokeBias
[2022-06-13T02:06:18.516+0000][1][safepoint    ] Leaving safepoint region
[2022-06-13T02:06:18.517+0000][1][safepoint    ] Total time for which application threads were stopped: 0.0003095 seconds, Stopping threads took: 0.0001383 seconds
[2022-06-13T02:06:18.517+0000][1][safepoint    ] Application time: 0.0001919 seconds
[2022-06-13T02:06:18.517+0000][1][safepoint    ] Entering safepoint region: RevokeBias
[2022-06-13T02:06:18.517+0000][1][safepoint    ] Leaving safepoint region
[2022-06-13T02:06:18.517+0000][1][safepoint    ] Total time for which application threads were stopped: 0.0003230 seconds, Stopping threads took: 0.0001500 seconds
[2022-06-13T02:06:18.518+0000][1][safepoint    ] Application time: 0.0001534 seconds
[2022-06-13T02:06:18.518+0000][1][safepoint    ] Entering safepoint region: RevokeBias
[2022-06-13T02:06:18.518+0000][1][safepoint    ] Leaving safepoint region
[2022-06-13T02:06:18.518+0000][1][safepoint    ] Total time for which application threads were stopped: 0.0002397 seconds, Stopping threads took: 0.0001031 seconds
[2022-06-13T02:06:18.518+0000][1][safepoint    ] Application time: 0.0001011 seconds
[2022-06-13T02:06:18.518+0000][1][safepoint    ] Entering safepoint region: RevokeBias
[2022-06-13T02:06:18.519+0000][1][safepoint    ] Leaving safepoint region
[2022-06-13T02:06:18.519+0000][1][safepoint    ] Total time for which application threads were stopped: 0.0003226 seconds, Stopping threads took: 0.0001582 seconds
[2022-06-13T02:06:18.519+0000][1][safepoint    ] Application time: 0.0001644 seconds
[2022-06-13T02:06:18.519+0000][1][safepoint    ] Entering safepoint region: RevokeBias
[2022-06-13T02:06:18.520+0000][1][safepoint    ] Leaving safepoint region
[2022-06-13T02:06:18.520+0000][1][safepoint    ] Total time for which application threads were stopped: 0.0003455 seconds, Stopping threads took: 0.0001499 seconds
[2022-06-13T02:06:18.620+0000][1][safepoint    ] Application time: 0.0998860 seconds
[2022-06-13T02:06:18.620+0000][1][safepoint    ] Entering safepoint region: RevokeBias
[2022-06-13T02:06:18.620+0000][1][safepoint    ] Leaving safepoint region
[2022-06-13T02:06:18.621+0000][1][safepoint    ] Total time for which application threads were stopped: 0.0004111 seconds, Stopping threads took: 0.0002049 seconds
[2022-06-13T02:06:18.621+0000][1][safepoint    ] Application time: 0.0000956 seconds
[2022-06-13T02:06:18.621+0000][1][safepoint    ] Entering safepoint region: RevokeBias
[2022-06-13T02:06:18.621+0000][1][safepoint    ] Leaving safepoint region
[2022-06-13T02:06:18.621+0000][1][safepoint    ] Total time for which application threads were stopped: 0.0003358 seconds, Stopping threads took: 0.0001449 seconds
[2022-06-13T02:06:18.763+0000][1][safepoint    ] Application time: 0.1419553 seconds
[2022-06-13T02:06:18.764+0000][1][safepoint    ] Entering safepoint region: GenCollectForAllocation
[2022-06-13T02:06:18.764+0000][1][gc,start     ] GC(21) Pause Young (Allocation Failure)
[2022-06-13T02:06:18.765+0000][1][gc,task      ] GC(21) Using 5 workers of 13 for evacuation
[2022-06-13T02:06:18.771+0000][1][gc,age       ] GC(21) Desired survivor size 4456448 bytes, new threshold 2 (max threshold 6)
[2022-06-13T02:06:18.771+0000][1][gc,age       ] GC(21) Age table with threshold 2 (max threshold 6)
[2022-06-13T02:06:18.772+0000][1][gc,age       ] GC(21) - age   1:    3984568 bytes,    3984568 total
[2022-06-13T02:06:18.772+0000][1][gc,age       ] GC(21) - age   2:    1433568 bytes,    5418136 total
[2022-06-13T02:06:18.773+0000][1][gc,age       ] GC(21) - age   3:    2882312 bytes,    8300448 total
[2022-06-13T02:06:18.773+0000][1][gc,heap      ] GC(21) ParNew: 77255K->8704K(78656K)
[2022-06-13T02:06:18.773+0000][1][gc,heap      ] GC(21) CMS: 59812K->59889K(174784K)
[2022-06-13T02:06:18.774+0000][1][gc,metaspace ] GC(21) Metaspace: 62252K->62252K(1105920K)
[2022-06-13T02:06:18.774+0000][1][gc           ] GC(21) Pause Young (Allocation Failure) 133M->66M(247M) 9.808ms
[2022-06-13T02:06:18.775+0000][1][gc,cpu       ] GC(21) User=0.03s Sys=0.00s Real=0.01s
[2022-06-13T02:06:18.775+0000][1][safepoint    ] Leaving safepoint region
[2022-06-13T02:06:18.775+0000][1][safepoint    ] Total time for which application threads were stopped: 0.0114379 seconds, Stopping threads took: 0.0003745 seconds
[2022-06-13T02:06:18.810+0000][1][safepoint    ] Application time: 0.0340635 seconds
[2022-06-13T02:06:18.810+0000][1][safepoint    ] Entering safepoint region: Deoptimize
[2022-06-13T02:06:18.811+0000][1][safepoint    ] Leaving safepoint region
[2022-06-13T02:06:18.812+0000][1][safepoint    ] Total time for which application threads were stopped: 0.0014972 seconds, Stopping threads took: 0.0003591 seconds
[2022-06-13T02:06:18.817+0000][1][safepoint    ] Application time: 0.0050573 seconds
[2022-06-13T02:06:18.818+0000][1][safepoint    ] Entering safepoint region: BulkRevokeBias
[2022-06-13T02:06:18.818+0000][1][safepoint    ] Leaving safepoint region
[2022-06-13T02:06:18.819+0000][1][safepoint    ] Total time for which application threads were stopped: 0.0009123 seconds, Stopping threads took: 0.0002990 seconds
[2022-06-13T02:06:18.820+0000][1][safepoint    ] Application time: 0.0014768 seconds
[2022-06-13T02:06:18.821+0000][1][safepoint    ] Entering safepoint region: RevokeBias
[2022-06-13T02:06:18.821+0000][1][safepoint    ] Leaving safepoint region
[2022-06-13T02:06:18.822+0000][1][safepoint    ] Total time for which application threads were stopped: 0.0007305 seconds, Stopping threads took: 0.0004991 seconds
[2022-06-13T02:06:18.822+0000][1][safepoint    ] Application time: 0.0004827 seconds
[2022-06-13T02:06:18.822+0000][1][safepoint    ] Entering safepoint region: RevokeBias
[2022-06-13T02:06:18.823+0000][1][safepoint    ] Leaving safepoint region
[2022-06-13T02:06:18.823+0000][1][safepoint    ] Total time for which application threads were stopped: 0.0003336 seconds, Stopping threads took: 0.0001438 seconds
[2022-06-13T02:06:18.823+0000][1][safepoint    ] Application time: 0.0001831 seconds
[2022-06-13T02:06:18.823+0000][1][safepoint    ] Entering safepoint region: RevokeBias
[2022-06-13T02:06:18.824+0000][1][safepoint    ] Leaving safepoint region
[2022-06-13T02:06:18.824+0000][1][safepoint    ] Total time for which application threads were stopped: 0.0006865 seconds, Stopping threads took: 0.0002174 seconds
[2022-06-13T02:06:18.825+0000][1][safepoint    ] Application time: 0.0001338 seconds
[2022-06-13T02:06:18.825+0000][1][safepoint    ] Entering safepoint region: RevokeBias
[2022-06-13T02:06:18.825+0000][1][safepoint    ] Leaving safepoint region
[2022-06-13T02:06:18.825+0000][1][safepoint    ] Total time for which application threads were stopped: 0.0005554 seconds, Stopping threads took: 0.0003760 seconds
[2022-06-13T02:06:18.826+0000][1][safepoint    ] Application time: 0.0002185 seconds
[2022-06-13T02:06:18.826+0000][1][safepoint    ] Entering safepoint region: RevokeBias
[2022-06-13T02:06:18.827+0000][1][safepoint    ] Leaving safepoint region
[2022-06-13T02:06:18.827+0000][1][safepoint    ] Total time for which application threads were stopped: 0.0012280 seconds, Stopping threads took: 0.0009299 seconds
[2022-06-13T02:06:18.828+0000][1][safepoint    ] Application time: 0.0002824 seconds
[2022-06-13T02:06:18.828+0000][1][safepoint    ] Entering safepoint region: RevokeBias
[2022-06-13T02:06:18.829+0000][1][safepoint    ] Leaving safepoint region
[2022-06-13T02:06:18.829+0000][1][safepoint    ] Total time for which application threads were stopped: 0.0006018 seconds, Stopping threads took: 0.0003060 seconds
[2022-06-13T02:06:18.829+0000][1][safepoint    ] Application time: 0.0002433 seconds
[2022-06-13T02:06:18.830+0000][1][safepoint    ] Entering safepoint region: RevokeBias
[2022-06-13T02:06:18.830+0000][1][safepoint    ] Leaving safepoint region
[2022-06-13T02:06:18.830+0000][1][safepoint    ] Total time for which application threads were stopped: 0.0003610 seconds, Stopping threads took: 0.0001938 seconds
[2022-06-13T02:06:18.830+0000][1][safepoint    ] Application time: 0.0000596 seconds
[2022-06-13T02:06:18.830+0000][1][safepoint    ] Entering safepoint region: RevokeBias
[2022-06-13T02:06:18.830+0000][1][safepoint    ] Leaving safepoint region
[2022-06-13T02:06:18.831+0000][1][safepoint    ] Total time for which application threads were stopped: 0.0002613 seconds, Stopping threads took: 0.0001174 seconds
[2022-06-13T02:06:18.832+0000][1][safepoint    ] Application time: 0.0010972 seconds
[2022-06-13T02:06:18.832+0000][1][safepoint    ] Entering safepoint region: RevokeBias
[2022-06-13T02:06:18.832+0000][1][safepoint    ] Leaving safepoint region
[2022-06-13T02:06:18.832+0000][1][safepoint    ] Total time for which application threads were stopped: 0.0002408 seconds, Stopping threads took: 0.0001132 seconds
[2022-06-13T02:06:18.832+0000][1][safepoint    ] Application time: 0.0001239 seconds
[2022-06-13T02:06:18.833+0000][1][safepoint    ] Entering safepoint region: RevokeBias
[2022-06-13T02:06:18.833+0000][1][safepoint    ] Leaving safepoint region
[2022-06-13T02:06:18.833+0000][1][safepoint    ] Total time for which application threads were stopped: 0.0001871 seconds, Stopping threads took: 0.0000846 seconds
[2022-06-13T02:06:18.835+0000][1][safepoint    ] Application time: 0.0019677 seconds
[2022-06-13T02:06:18.835+0000][1][safepoint    ] Entering safepoint region: Deoptimize
[2022-06-13T02:06:18.836+0000][1][safepoint    ] Leaving safepoint region
[2022-06-13T02:06:18.836+0000][1][safepoint    ] Total time for which application threads were stopped: 0.0008611 seconds, Stopping threads took: 0.0001168 seconds
[2022-06-13T02:06:18.836+0000][1][safepoint    ] Application time: 0.0005456 seconds
[2022-06-13T02:06:18.837+0000][1][safepoint    ] Entering safepoint region: RevokeBias
[2022-06-13T02:06:18.837+0000][1][safepoint    ] Leaving safepoint region
[2022-06-13T02:06:18.837+0000][1][safepoint    ] Total time for which application threads were stopped: 0.0001910 seconds, Stopping threads took: 0.0000889 seconds
[2022-06-13T02:06:18.838+0000][1][safepoint    ] Application time: 0.0009914 seconds
[2022-06-13T02:06:18.838+0000][1][safepoint    ] Entering safepoint region: RevokeBias
[2022-06-13T02:06:18.838+0000][1][safepoint    ] Leaving safepoint region
[2022-06-13T02:06:18.838+0000][1][safepoint    ] Total time for which application threads were stopped: 0.0004115 seconds, Stopping threads took: 0.0001128 seconds
[2022-06-13T02:06:18.839+0000][1][safepoint    ] Application time: 0.0001251 seconds
[2022-06-13T02:06:18.839+0000][1][safepoint    ] Entering safepoint region: RevokeBias
[2022-06-13T02:06:18.839+0000][1][safepoint    ] Leaving safepoint region
[2022-06-13T02:06:18.839+0000][1][safepoint    ] Total time for which application threads were stopped: 0.0003334 seconds, Stopping threads took: 0.0001960 seconds
[2022-06-13T02:06:18.839+0000][1][safepoint    ] Application time: 0.0000821 seconds
[2022-06-13T02:06:18.839+0000][1][safepoint    ] Entering safepoint region: RevokeBias
[2022-06-13T02:06:18.840+0000][1][safepoint    ] Leaving safepoint region
[2022-06-13T02:06:18.840+0000][1][safepoint    ] Total time for which application threads were stopped: 0.0001941 seconds, Stopping threads took: 0.0000954 seconds
[2022-06-13T02:06:18.840+0000][1][safepoint    ] Application time: 0.0001429 seconds
[2022-06-13T02:06:18.840+0000][1][safepoint    ] Entering safepoint region: RevokeBias
[2022-06-13T02:06:18.840+0000][1][safepoint    ] Leaving safepoint region
[2022-06-13T02:06:18.840+0000][1][safepoint    ] Total time for which application threads were stopped: 0.0002458 seconds, Stopping threads took: 0.0001189 seconds
[2022-06-13T02:06:18.841+0000][1][safepoint    ] Application time: 0.0001073 seconds
[2022-06-13T02:06:18.841+0000][1][safepoint    ] Entering safepoint region: RevokeBias
[2022-06-13T02:06:18.841+0000][1][safepoint    ] Leaving safepoint region
[2022-06-13T02:06:18.841+0000][1][safepoint    ] Total time for which application threads were stopped: 0.0003347 seconds, Stopping threads took: 0.0001999 seconds
[2022-06-13T02:06:18.875+0000][1][safepoint    ] Application time: 0.0336049 seconds
[2022-06-13T02:06:18.875+0000][1][safepoint    ] Entering safepoint region: RevokeBias
[2022-06-13T02:06:18.876+0000][1][safepoint    ] Leaving safepoint region
[2022-06-13T02:06:18.876+0000][1][safepoint    ] Total time for which application threads were stopped: 0.0008743 seconds, Stopping threads took: 0.0003850 seconds
[2022-06-13T02:06:18.877+0000][1][safepoint    ] Application time: 0.0001406 seconds
[2022-06-13T02:06:18.877+0000][1][safepoint    ] Entering safepoint region: RevokeBias
[2022-06-13T02:06:18.877+0000][1][safepoint    ] Leaving safepoint region
[2022-06-13T02:06:18.878+0000][1][safepoint    ] Total time for which application threads were stopped: 0.0005757 seconds, Stopping threads took: 0.0002452 seconds
[2022-06-13T02:06:18.879+0000][1][safepoint    ] Application time: 0.0012292 seconds
[2022-06-13T02:06:18.880+0000][1][safepoint    ] Entering safepoint region: RevokeBias
[2022-06-13T02:06:18.880+0000][1][safepoint    ] Leaving safepoint region
[2022-06-13T02:06:18.881+0000][1][safepoint    ] Total time for which application threads were stopped: 0.0009294 seconds, Stopping threads took: 0.0004775 seconds
[2022-06-13T02:06:18.881+0000][1][safepoint    ] Application time: 0.0004783 seconds
[2022-06-13T02:06:18.882+0000][1][safepoint    ] Entering safepoint region: RevokeBias
[2022-06-13T02:06:18.883+0000][1][safepoint    ] Leaving safepoint region
[2022-06-13T02:06:18.883+0000][1][safepoint    ] Total time for which application threads were stopped: 0.0010542 seconds, Stopping threads took: 0.0006040 seconds
[2022-06-13T02:06:18.884+0000][1][safepoint    ] Application time: 0.0003130 seconds
[2022-06-13T02:06:18.884+0000][1][safepoint    ] Entering safepoint region: RevokeBias
[2022-06-13T02:06:18.884+0000][1][safepoint    ] Leaving safepoint region
[2022-06-13T02:06:18.885+0000][1][safepoint    ] Total time for which application threads were stopped: 0.0009800 seconds, Stopping threads took: 0.0005798 seconds
[2022-06-13T02:06:18.885+0000][1][safepoint    ] Application time: 0.0001351 seconds
[2022-06-13T02:06:18.885+0000][1][safepoint    ] Entering safepoint region: RevokeBias
[2022-06-13T02:06:18.886+0000][1][safepoint    ] Leaving safepoint region
[2022-06-13T02:06:18.886+0000][1][safepoint    ] Total time for which application threads were stopped: 0.0005498 seconds, Stopping threads took: 0.0003333 seconds
[2022-06-13T02:06:18.886+0000][1][safepoint    ] Application time: 0.0003144 seconds
[2022-06-13T02:06:18.886+0000][1][safepoint    ] Entering safepoint region: RevokeBias
[2022-06-13T02:06:18.887+0000][1][safepoint    ] Leaving safepoint region
[2022-06-13T02:06:18.887+0000][1][safepoint    ] Total time for which application threads were stopped: 0.0004488 seconds, Stopping threads took: 0.0002535 seconds
[2022-06-13T02:06:18.887+0000][1][safepoint    ] Application time: 0.0002454 seconds
[2022-06-13T02:06:18.887+0000][1][safepoint    ] Entering safepoint region: RevokeBias
[2022-06-13T02:06:18.888+0000][1][safepoint    ] Leaving safepoint region
[2022-06-13T02:06:18.888+0000][1][safepoint    ] Total time for which application threads were stopped: 0.0005989 seconds, Stopping threads took: 0.0003388 seconds
[2022-06-13T02:06:18.888+0000][1][safepoint    ] Application time: 0.0000845 seconds
[2022-06-13T02:06:18.889+0000][1][safepoint    ] Entering safepoint region: RevokeBias
[2022-06-13T02:06:18.889+0000][1][safepoint    ] Leaving safepoint region
[2022-06-13T02:06:18.889+0000][1][safepoint    ] Total time for which application threads were stopped: 0.0003713 seconds, Stopping threads took: 0.0001764 seconds
[2022-06-13T02:06:18.889+0000][1][safepoint    ] Application time: 0.0002255 seconds
[2022-06-13T02:06:18.890+0000][1][safepoint    ] Entering safepoint region: RevokeBias
[2022-06-13T02:06:18.890+0000][1][safepoint    ] Leaving safepoint region
[2022-06-13T02:06:18.890+0000][1][safepoint    ] Total time for which application threads were stopped: 0.0007130 seconds, Stopping threads took: 0.0003914 seconds
[2022-06-13T02:06:18.891+0000][1][safepoint    ] Application time: 0.0002465 seconds
[2022-06-13T02:06:18.893+0000][1][safepoint    ] Entering safepoint region: RevokeBias
[2022-06-13T02:06:18.893+0000][1][safepoint    ] Leaving safepoint region
[2022-06-13T02:06:18.894+0000][1][safepoint    ] Total time for which application threads were stopped: 0.0020354 seconds, Stopping threads took: 0.0018417 seconds
[2022-06-13T02:06:18.894+0000][1][safepoint    ] Application time: 0.0002060 seconds
[2022-06-13T02:06:18.894+0000][1][safepoint    ] Entering safepoint region: RevokeBias
[2022-06-13T02:06:18.895+0000][1][safepoint    ] Leaving safepoint region
[2022-06-13T02:06:18.895+0000][1][safepoint    ] Total time for which application threads were stopped: 0.0006647 seconds, Stopping threads took: 0.0003042 seconds
[2022-06-13T02:06:18.895+0000][1][safepoint    ] Application time: 0.0002367 seconds
[2022-06-13T02:06:18.896+0000][1][safepoint    ] Entering safepoint region: RevokeBias
[2022-06-13T02:06:18.896+0000][1][safepoint    ] Leaving safepoint region
[2022-06-13T02:06:18.896+0000][1][safepoint    ] Total time for which application threads were stopped: 0.0007471 seconds, Stopping threads took: 0.0003845 seconds
[2022-06-13T02:06:18.897+0000][1][safepoint    ] Application time: 0.0004234 seconds
[2022-06-13T02:06:18.897+0000][1][safepoint    ] Entering safepoint region: RevokeBias
[2022-06-13T02:06:18.898+0000][1][safepoint    ] Leaving safepoint region
[2022-06-13T02:06:18.898+0000][1][safepoint    ] Total time for which application threads were stopped: 0.0007290 seconds, Stopping threads took: 0.0003910 seconds
[2022-06-13T02:06:18.898+0000][1][safepoint    ] Application time: 0.0001782 seconds
[2022-06-13T02:06:18.899+0000][1][safepoint    ] Entering safepoint region: RevokeBias
[2022-06-13T02:06:18.899+0000][1][safepoint    ] Leaving safepoint region
[2022-06-13T02:06:18.899+0000][1][safepoint    ] Total time for which application threads were stopped: 0.0004902 seconds, Stopping threads took: 0.0002310 seconds
[2022-06-13T02:06:18.900+0000][1][safepoint    ] Application time: 0.0003822 seconds
[2022-06-13T02:06:18.900+0000][1][safepoint    ] Entering safepoint region: RevokeBias
[2022-06-13T02:06:18.901+0000][1][safepoint    ] Leaving safepoint region
[2022-06-13T02:06:18.901+0000][1][safepoint    ] Total time for which application threads were stopped: 0.0006091 seconds, Stopping threads took: 0.0003772 seconds
[2022-06-13T02:06:18.901+0000][1][safepoint    ] Application time: 0.0001660 seconds
[2022-06-13T02:06:18.901+0000][1][safepoint    ] Entering safepoint region: RevokeBias
[2022-06-13T02:06:18.902+0000][1][safepoint    ] Leaving safepoint region
[2022-06-13T02:06:18.902+0000][1][safepoint    ] Total time for which application threads were stopped: 0.0004089 seconds, Stopping threads took: 0.0002695 seconds
[2022-06-13T02:06:18.902+0000][1][safepoint    ] Application time: 0.0003453 seconds
[2022-06-13T02:06:18.902+0000][1][safepoint    ] Entering safepoint region: BulkRevokeBias
[2022-06-13T02:06:18.903+0000][1][safepoint    ] Leaving safepoint region
[2022-06-13T02:06:18.903+0000][1][safepoint    ] Total time for which application threads were stopped: 0.0003805 seconds, Stopping threads took: 0.0001173 seconds
[2022-06-13T02:06:18.904+0000][1][safepoint    ] Application time: 0.0010140 seconds
[2022-06-13T02:06:18.904+0000][1][safepoint    ] Entering safepoint region: RevokeBias
[2022-06-13T02:06:18.904+0000][1][safepoint    ] Leaving safepoint region
[2022-06-13T02:06:18.905+0000][1][safepoint    ] Total time for which application threads were stopped: 0.0005207 seconds, Stopping threads took: 0.0002569 seconds
[2022-06-13T02:06:18.905+0000][1][safepoint    ] Application time: 0.0004283 seconds
[2022-06-13T02:06:18.906+0000][1][safepoint    ] Entering safepoint region: RevokeBias
[2022-06-13T02:06:18.906+0000][1][safepoint    ] Leaving safepoint region
[2022-06-13T02:06:18.906+0000][1][safepoint    ] Total time for which application threads were stopped: 0.0003966 seconds, Stopping threads took: 0.0002821 seconds
[2022-06-13T02:06:18.906+0000][1][safepoint    ] Application time: 0.0003088 seconds
[2022-06-13T02:06:18.907+0000][1][safepoint    ] Entering safepoint region: RevokeBias
[2022-06-13T02:06:18.907+0000][1][safepoint    ] Leaving safepoint region
[2022-06-13T02:06:18.907+0000][1][safepoint    ] Total time for which application threads were stopped: 0.0008583 seconds, Stopping threads took: 0.0005330 seconds
[2022-06-13T02:06:18.908+0000][1][safepoint    ] Application time: 0.0004053 seconds
[2022-06-13T02:06:18.908+0000][1][safepoint    ] Entering safepoint region: RevokeBias
[2022-06-13T02:06:18.908+0000][1][safepoint    ] Leaving safepoint region
[2022-06-13T02:06:18.909+0000][1][safepoint    ] Total time for which application threads were stopped: 0.0003645 seconds, Stopping threads took: 0.0001172 seconds
[2022-06-13T02:06:18.909+0000][1][safepoint    ] Application time: 0.0001206 seconds
[2022-06-13T02:06:18.909+0000][1][safepoint    ] Entering safepoint region: RevokeBias
[2022-06-13T02:06:18.909+0000][1][safepoint    ] Leaving safepoint region
[2022-06-13T02:06:18.909+0000][1][safepoint    ] Total time for which application threads were stopped: 0.0004130 seconds, Stopping threads took: 0.0002308 seconds
[2022-06-13T02:06:18.910+0000][1][safepoint    ] Application time: 0.0001803 seconds
[2022-06-13T02:06:18.910+0000][1][safepoint    ] Entering safepoint region: RevokeBias
[2022-06-13T02:06:18.910+0000][1][safepoint    ] Leaving safepoint region
[2022-06-13T02:06:18.910+0000][1][safepoint    ] Total time for which application threads were stopped: 0.0003530 seconds, Stopping threads took: 0.0001827 seconds
[2022-06-13T02:06:18.911+0000][1][safepoint    ] Application time: 0.0005725 seconds
[2022-06-13T02:06:18.911+0000][1][safepoint    ] Entering safepoint region: RevokeBias
[2022-06-13T02:06:18.911+0000][1][safepoint    ] Leaving safepoint region
[2022-06-13T02:06:18.912+0000][1][safepoint    ] Total time for which application threads were stopped: 0.0003414 seconds, Stopping threads took: 0.0001539 seconds
[2022-06-13T02:06:18.912+0000][1][safepoint    ] Application time: 0.0000566 seconds
[2022-06-13T02:06:18.912+0000][1][safepoint    ] Entering safepoint region: RevokeBias
[2022-06-13T02:06:18.912+0000][1][safepoint    ] Leaving safepoint region
[2022-06-13T02:06:18.912+0000][1][safepoint    ] Total time for which application threads were stopped: 0.0004493 seconds, Stopping threads took: 0.0001122 seconds
[2022-06-13T02:06:18.915+0000][1][safepoint    ] Application time: 0.0027400 seconds
[2022-06-13T02:06:18.915+0000][1][safepoint    ] Entering safepoint region: RevokeBias
[2022-06-13T02:06:18.916+0000][1][safepoint    ] Leaving safepoint region
[2022-06-13T02:06:18.916+0000][1][safepoint    ] Total time for which application threads were stopped: 0.0005811 seconds, Stopping threads took: 0.0002500 seconds
[2022-06-13T02:06:18.916+0000][1][safepoint    ] Application time: 0.0001317 seconds
[2022-06-13T02:06:18.916+0000][1][safepoint    ] Entering safepoint region: RevokeBias
[2022-06-13T02:06:18.917+0000][1][safepoint    ] Leaving safepoint region
[2022-06-13T02:06:18.917+0000][1][safepoint    ] Total time for which application threads were stopped: 0.0005986 seconds, Stopping threads took: 0.0002892 seconds
[2022-06-13T02:06:18.919+0000][1][safepoint    ] Application time: 0.0023858 seconds
[2022-06-13T02:06:18.920+0000][1][safepoint    ] Entering safepoint region: RevokeBias
[2022-06-13T02:06:18.921+0000][1][safepoint    ] Leaving safepoint region
[2022-06-13T02:06:18.921+0000][1][safepoint    ] Total time for which application threads were stopped: 0.0013928 seconds, Stopping threads took: 0.0005268 seconds
[2022-06-13T02:06:18.922+0000][1][safepoint    ] Application time: 0.0001715 seconds
[2022-06-13T02:06:18.922+0000][1][safepoint    ] Entering safepoint region: RevokeBias
[2022-06-13T02:06:18.922+0000][1][safepoint    ] Leaving safepoint region
[2022-06-13T02:06:18.923+0000][1][safepoint    ] Total time for which application threads were stopped: 0.0007926 seconds, Stopping threads took: 0.0005143 seconds
[2022-06-13T02:06:18.923+0000][1][safepoint    ] Application time: 0.0001891 seconds
[2022-06-13T02:06:18.923+0000][1][safepoint    ] Entering safepoint region: RevokeBias
[2022-06-13T02:06:18.924+0000][1][safepoint    ] Leaving safepoint region
[2022-06-13T02:06:18.924+0000][1][safepoint    ] Total time for which application threads were stopped: 0.0007974 seconds, Stopping threads took: 0.0005270 seconds
[2022-06-13T02:06:18.925+0000][1][safepoint    ] Application time: 0.0003401 seconds
[2022-06-13T02:06:18.925+0000][1][safepoint    ] Entering safepoint region: RevokeBias
[2022-06-13T02:06:18.925+0000][1][safepoint    ] Leaving safepoint region
[2022-06-13T02:06:18.926+0000][1][safepoint    ] Total time for which application threads were stopped: 0.0006768 seconds, Stopping threads took: 0.0003602 seconds
[2022-06-13T02:06:18.926+0000][1][safepoint    ] Application time: 0.0000954 seconds
[2022-06-13T02:06:18.926+0000][1][safepoint    ] Entering safepoint region: RevokeBias
[2022-06-13T02:06:18.927+0000][1][safepoint    ] Leaving safepoint region
[2022-06-13T02:06:18.927+0000][1][safepoint    ] Total time for which application threads were stopped: 0.0007019 seconds, Stopping threads took: 0.0002843 seconds
[2022-06-13T02:06:18.928+0000][1][safepoint    ] Application time: 0.0000998 seconds
[2022-06-13T02:06:18.928+0000][1][safepoint    ] Entering safepoint region: RevokeBias
[2022-06-13T02:06:18.928+0000][1][safepoint    ] Leaving safepoint region
[2022-06-13T02:06:18.929+0000][1][safepoint    ] Total time for which application threads were stopped: 0.0005313 seconds, Stopping threads took: 0.0003083 seconds
[2022-06-13T02:06:18.929+0000][1][safepoint    ] Application time: 0.0004961 seconds
[2022-06-13T02:06:18.930+0000][1][safepoint    ] Entering safepoint region: RevokeBias
[2022-06-13T02:06:18.930+0000][1][safepoint    ] Leaving safepoint region
[2022-06-13T02:06:18.930+0000][1][safepoint    ] Total time for which application threads were stopped: 0.0006036 seconds, Stopping threads took: 0.0002755 seconds
[2022-06-13T02:06:18.931+0000][1][safepoint    ] Application time: 0.0001781 seconds
[2022-06-13T02:06:18.931+0000][1][safepoint    ] Entering safepoint region: RevokeBias
[2022-06-13T02:06:18.931+0000][1][safepoint    ] Leaving safepoint region
[2022-06-13T02:06:18.931+0000][1][safepoint    ] Total time for which application threads were stopped: 0.0005190 seconds, Stopping threads took: 0.0002926 seconds
[2022-06-13T02:06:18.933+0000][1][safepoint    ] Application time: 0.0014073 seconds
[2022-06-13T02:06:18.933+0000][1][safepoint    ] Entering safepoint region: RevokeBias
[2022-06-13T02:06:18.933+0000][1][safepoint    ] Leaving safepoint region
[2022-06-13T02:06:18.933+0000][1][safepoint    ] Total time for which application threads were stopped: 0.0002519 seconds, Stopping threads took: 0.0001366 seconds
[2022-06-13T02:06:18.934+0000][1][safepoint    ] Application time: 0.0000815 seconds
[2022-06-13T02:06:18.934+0000][1][safepoint    ] Entering safepoint region: RevokeBias
[2022-06-13T02:06:18.934+0000][1][safepoint    ] Leaving safepoint region
[2022-06-13T02:06:18.934+0000][1][safepoint    ] Total time for which application threads were stopped: 0.0003673 seconds, Stopping threads took: 0.0001879 seconds
[2022-06-13T02:06:18.936+0000][1][safepoint    ] Application time: 0.0019774 seconds
[2022-06-13T02:06:18.937+0000][1][safepoint    ] Entering safepoint region: RevokeBias
[2022-06-13T02:06:18.937+0000][1][safepoint    ] Leaving safepoint region
[2022-06-13T02:06:18.937+0000][1][safepoint    ] Total time for which application threads were stopped: 0.0003495 seconds, Stopping threads took: 0.0001508 seconds
[2022-06-13T02:06:18.937+0000][1][safepoint    ] Application time: 0.0001258 seconds
[2022-06-13T02:06:18.937+0000][1][safepoint    ] Entering safepoint region: RevokeBias
[2022-06-13T02:06:18.938+0000][1][safepoint    ] Leaving safepoint region
[2022-06-13T02:06:18.938+0000][1][safepoint    ] Total time for which application threads were stopped: 0.0004171 seconds, Stopping threads took: 0.0001532 seconds
[2022-06-13T02:06:18.938+0000][1][safepoint    ] Application time: 0.0003027 seconds
[2022-06-13T02:06:18.938+0000][1][safepoint    ] Entering safepoint region: RevokeBias
[2022-06-13T02:06:18.938+0000][1][safepoint    ] Leaving safepoint region
[2022-06-13T02:06:18.939+0000][1][safepoint    ] Total time for which application threads were stopped: 0.0002173 seconds, Stopping threads took: 0.0001032 seconds
[2022-06-13T02:06:18.939+0000][1][safepoint    ] Application time: 0.0000641 seconds
[2022-06-13T02:06:18.939+0000][1][safepoint    ] Entering safepoint region: RevokeBias
[2022-06-13T02:06:18.939+0000][1][safepoint    ] Leaving safepoint region
[2022-06-13T02:06:18.939+0000][1][safepoint    ] Total time for which application threads were stopped: 0.0002750 seconds, Stopping threads took: 0.0001364 seconds
[2022-06-13T02:06:18.941+0000][1][safepoint    ] Application time: 0.0020196 seconds
[2022-06-13T02:06:18.942+0000][1][safepoint    ] Entering safepoint region: RevokeBias
[2022-06-13T02:06:18.942+0000][1][safepoint    ] Leaving safepoint region
[2022-06-13T02:06:18.942+0000][1][safepoint    ] Total time for which application threads were stopped: 0.0003716 seconds, Stopping threads took: 0.0002009 seconds
[2022-06-13T02:06:18.942+0000][1][safepoint    ] Application time: 0.0001152 seconds
[2022-06-13T02:06:18.942+0000][1][safepoint    ] Entering safepoint region: RevokeBias
[2022-06-13T02:06:18.943+0000][1][safepoint    ] Leaving safepoint region
[2022-06-13T02:06:18.943+0000][1][safepoint    ] Total time for which application threads were stopped: 0.0003648 seconds, Stopping threads took: 0.0002231 seconds
[2022-06-13T02:06:18.943+0000][1][safepoint    ] Application time: 0.0001968 seconds
[2022-06-13T02:06:18.943+0000][1][safepoint    ] Entering safepoint region: RevokeBias
[2022-06-13T02:06:18.943+0000][1][safepoint    ] Leaving safepoint region
[2022-06-13T02:06:18.944+0000][1][safepoint    ] Total time for which application threads were stopped: 0.0003686 seconds, Stopping threads took: 0.0001713 seconds
[2022-06-13T02:06:18.944+0000][1][safepoint    ] Application time: 0.0002271 seconds
[2022-06-13T02:06:18.944+0000][1][safepoint    ] Entering safepoint region: RevokeBias
[2022-06-13T02:06:18.944+0000][1][safepoint    ] Leaving safepoint region
[2022-06-13T02:06:18.944+0000][1][safepoint    ] Total time for which application threads were stopped: 0.0003363 seconds, Stopping threads took: 0.0001707 seconds
[2022-06-13T02:06:18.946+0000][1][safepoint    ] Application time: 0.0014230 seconds
[2022-06-13T02:06:18.946+0000][1][safepoint    ] Entering safepoint region: RevokeBias
[2022-06-13T02:06:18.947+0000][1][safepoint    ] Leaving safepoint region
[2022-06-13T02:06:18.947+0000][1][safepoint    ] Total time for which application threads were stopped: 0.0002902 seconds, Stopping threads took: 0.0001623 seconds
[2022-06-13T02:06:19.079+0000][1][safepoint    ] Application time: 0.1326979 seconds
[2022-06-13T02:06:19.080+0000][1][safepoint    ] Entering safepoint region: RevokeBias
[2022-06-13T02:06:19.080+0000][1][safepoint    ] Leaving safepoint region
[2022-06-13T02:06:19.081+0000][1][safepoint    ] Total time for which application threads were stopped: 0.0009230 seconds, Stopping threads took: 0.0004961 seconds
[2022-06-13T02:06:19.610+0000][1][safepoint    ] Application time: 0.5290913 seconds
[2022-06-13T02:06:19.611+0000][1][safepoint    ] Entering safepoint region: RevokeBias
[2022-06-13T02:06:19.611+0000][1][safepoint    ] Leaving safepoint region
[2022-06-13T02:06:19.612+0000][1][safepoint    ] Total time for which application threads were stopped: 0.0009209 seconds, Stopping threads took: 0.0004265 seconds
[2022-06-13T02:06:19.612+0000][1][safepoint    ] Application time: 0.0001948 seconds
[2022-06-13T02:06:19.613+0000][1][safepoint    ] Entering safepoint region: RevokeBias
[2022-06-13T02:06:19.613+0000][1][safepoint    ] Leaving safepoint region
[2022-06-13T02:06:19.613+0000][1][safepoint    ] Total time for which application threads were stopped: 0.0008466 seconds, Stopping threads took: 0.0003812 seconds
[2022-06-13T02:06:19.614+0000][1][safepoint    ] Application time: 0.0001844 seconds
[2022-06-13T02:06:19.614+0000][1][safepoint    ] Entering safepoint region: RevokeBias
[2022-06-13T02:06:19.615+0000][1][safepoint    ] Leaving safepoint region
[2022-06-13T02:06:19.615+0000][1][safepoint    ] Total time for which application threads were stopped: 0.0008091 seconds, Stopping threads took: 0.0003823 seconds
[2022-06-13T02:06:19.615+0000][1][safepoint    ] Application time: 0.0001079 seconds
[2022-06-13T02:06:19.616+0000][1][safepoint    ] Entering safepoint region: RevokeBias
[2022-06-13T02:06:19.616+0000][1][safepoint    ] Leaving safepoint region
[2022-06-13T02:06:19.617+0000][1][safepoint    ] Total time for which application threads were stopped: 0.0007786 seconds, Stopping threads took: 0.0003793 seconds
[2022-06-13T02:06:19.617+0000][1][safepoint    ] Application time: 0.0001511 seconds
[2022-06-13T02:06:19.617+0000][1][safepoint    ] Entering safepoint region: RevokeBias
[2022-06-13T02:06:19.618+0000][1][safepoint    ] Leaving safepoint region
[2022-06-13T02:06:19.618+0000][1][safepoint    ] Total time for which application threads were stopped: 0.0007612 seconds, Stopping threads took: 0.0003565 seconds
[2022-06-13T02:06:19.619+0000][1][safepoint    ] Application time: 0.0001810 seconds
[2022-06-13T02:06:19.619+0000][1][safepoint    ] Entering safepoint region: RevokeBias
[2022-06-13T02:06:19.619+0000][1][safepoint    ] Leaving safepoint region
[2022-06-13T02:06:19.619+0000][1][safepoint    ] Total time for which application threads were stopped: 0.0002373 seconds, Stopping threads took: 0.0001138 seconds
[2022-06-13T02:06:19.619+0000][1][safepoint    ] Application time: 0.0000683 seconds
[2022-06-13T02:06:19.619+0000][1][safepoint    ] Entering safepoint region: RevokeBias
[2022-06-13T02:06:19.620+0000][1][safepoint    ] Leaving safepoint region
[2022-06-13T02:06:19.620+0000][1][safepoint    ] Total time for which application threads were stopped: 0.0001958 seconds, Stopping threads took: 0.0000929 seconds
[2022-06-13T02:06:19.620+0000][1][safepoint    ] Application time: 0.0000834 seconds
[2022-06-13T02:06:19.620+0000][1][safepoint    ] Entering safepoint region: RevokeBias
[2022-06-13T02:06:19.620+0000][1][safepoint    ] Leaving safepoint region
[2022-06-13T02:06:19.620+0000][1][safepoint    ] Total time for which application threads were stopped: 0.0003390 seconds, Stopping threads took: 0.0001656 seconds
[2022-06-13T02:06:19.875+0000][1][safepoint    ] Application time: 0.2549466 seconds
[2022-06-13T02:06:19.876+0000][1][safepoint    ] Entering safepoint region: RevokeBias
[2022-06-13T02:06:19.876+0000][1][safepoint    ] Leaving safepoint region
[2022-06-13T02:06:19.876+0000][1][safepoint    ] Total time for which application threads were stopped: 0.0002860 seconds, Stopping threads took: 0.0001369 seconds
[2022-06-13T02:06:20.876+0000][1][safepoint    ] Application time: 1.0002345 seconds
[2022-06-13T02:06:20.877+0000][1][safepoint    ] Entering safepoint region: Cleanup
[2022-06-13T02:06:20.877+0000][1][safepoint    ] Leaving safepoint region
[2022-06-13T02:06:20.878+0000][1][safepoint    ] Total time for which application threads were stopped: 0.0010692 seconds, Stopping threads took: 0.0005115 seconds
[2022-06-13T02:06:21.879+0000][1][safepoint    ] Application time: 1.0002641 seconds
[2022-06-13T02:06:21.879+0000][1][safepoint    ] Entering safepoint region: Cleanup
[2022-06-13T02:06:21.879+0000][1][safepoint    ] Leaving safepoint region
[2022-06-13T02:06:21.880+0000][1][safepoint    ] Total time for which application threads were stopped: 0.0007535 seconds, Stopping threads took: 0.0003690 seconds
[2022-06-13T02:06:21.935+0000][1][safepoint    ] Application time: 0.0546004 seconds
[2022-06-13T02:06:21.935+0000][1][safepoint    ] Entering safepoint region: RevokeBias
[2022-06-13T02:06:21.936+0000][1][safepoint    ] Leaving safepoint region
[2022-06-13T02:06:21.936+0000][1][safepoint    ] Total time for which application threads were stopped: 0.0013743 seconds, Stopping threads took: 0.0006750 seconds
[2022-06-13T02:06:21.938+0000][1][safepoint    ] Application time: 0.0006157 seconds
[2022-06-13T02:06:21.939+0000][1][safepoint    ] Entering safepoint region: RevokeBias
[2022-06-13T02:06:21.939+0000][1][safepoint    ] Leaving safepoint region
[2022-06-13T02:06:21.940+0000][1][safepoint    ] Total time for which application threads were stopped: 0.0015946 seconds, Stopping threads took: 0.0009243 seconds
[2022-06-13T02:06:21.941+0000][1][safepoint    ] Application time: 0.0006283 seconds
[2022-06-13T02:06:21.941+0000][1][safepoint    ] Entering safepoint region: RevokeBias
[2022-06-13T02:06:21.942+0000][1][safepoint    ] Leaving safepoint region
[2022-06-13T02:06:21.943+0000][1][safepoint    ] Total time for which application threads were stopped: 0.0014088 seconds, Stopping threads took: 0.0007100 seconds
[2022-06-13T02:06:22.879+0000][1][safepoint    ] Application time: 0.9362362 seconds
[2022-06-13T02:06:22.880+0000][1][safepoint    ] Entering safepoint region: RevokeBias
[2022-06-13T02:06:22.881+0000][1][safepoint    ] Leaving safepoint region
[2022-06-13T02:06:22.881+0000][1][safepoint    ] Total time for which application threads were stopped: 0.0012749 seconds, Stopping threads took: 0.0006496 seconds
[2022-06-13T02:06:22.882+0000][1][safepoint    ] Application time: 0.0008471 seconds
[2022-06-13T02:06:22.883+0000][1][safepoint    ] Entering safepoint region: RevokeBias
[2022-06-13T02:06:22.883+0000][1][safepoint    ] Leaving safepoint region
[2022-06-13T02:06:22.884+0000][1][safepoint    ] Total time for which application threads were stopped: 0.0009822 seconds, Stopping threads took: 0.0004196 seconds
[2022-06-13T02:06:22.884+0000][1][safepoint    ] Application time: 0.0001344 seconds
[2022-06-13T02:06:22.885+0000][1][safepoint    ] Entering safepoint region: RevokeBias
[2022-06-13T02:06:22.885+0000][1][safepoint    ] Leaving safepoint region
[2022-06-13T02:06:22.886+0000][1][safepoint    ] Total time for which application threads were stopped: 0.0010345 seconds, Stopping threads took: 0.0005975 seconds
[2022-06-13T02:06:22.886+0000][1][safepoint    ] Application time: 0.0001149 seconds
[2022-06-13T02:06:22.887+0000][1][safepoint    ] Entering safepoint region: RevokeBias
[2022-06-13T02:06:22.888+0000][1][safepoint    ] Leaving safepoint region
[2022-06-13T02:06:22.888+0000][1][safepoint    ] Total time for which application threads were stopped: 0.0011596 seconds, Stopping threads took: 0.0005971 seconds
[2022-06-13T02:06:22.889+0000][1][safepoint    ] Application time: 0.0004594 seconds
[2022-06-13T02:06:22.889+0000][1][safepoint    ] Entering safepoint region: RevokeBias
[2022-06-13T02:06:22.890+0000][1][safepoint    ] Leaving safepoint region
[2022-06-13T02:06:22.890+0000][1][safepoint    ] Total time for which application threads were stopped: 0.0007312 seconds, Stopping threads took: 0.0004021 seconds
[2022-06-13T02:06:22.891+0000][1][safepoint    ] Application time: 0.0005044 seconds
[2022-06-13T02:06:22.891+0000][1][safepoint    ] Entering safepoint region: RevokeBias
[2022-06-13T02:06:22.891+0000][1][safepoint    ] Leaving safepoint region
[2022-06-13T02:06:22.892+0000][1][safepoint    ] Total time for which application threads were stopped: 0.0007911 seconds, Stopping threads took: 0.0004685 seconds
[2022-06-13T02:06:22.893+0000][1][safepoint    ] Application time: 0.0004954 seconds
[2022-06-13T02:06:22.893+0000][1][safepoint    ] Entering safepoint region: RevokeBias
[2022-06-13T02:06:22.893+0000][1][safepoint    ] Leaving safepoint region
[2022-06-13T02:06:22.894+0000][1][safepoint    ] Total time for which application threads were stopped: 0.0007813 seconds, Stopping threads took: 0.0002167 seconds
[2022-06-13T02:06:23.894+0000][1][safepoint    ] Application time: 1.0003199 seconds
[2022-06-13T02:06:23.895+0000][1][safepoint    ] Entering safepoint region: Cleanup
[2022-06-13T02:06:23.895+0000][1][safepoint    ] Leaving safepoint region
[2022-06-13T02:06:23.895+0000][1][safepoint    ] Total time for which application threads were stopped: 0.0004501 seconds, Stopping threads took: 0.0001604 seconds
[2022-06-13T02:06:24.895+0000][1][safepoint    ] Application time: 1.0001020 seconds
[2022-06-13T02:06:24.896+0000][1][safepoint    ] Entering safepoint region: Cleanup
[2022-06-13T02:06:24.896+0000][1][safepoint    ] Leaving safepoint region
[2022-06-13T02:06:24.896+0000][1][safepoint    ] Total time for which application threads were stopped: 0.0007054 seconds, Stopping threads took: 0.0003147 seconds
[2022-06-13T02:06:25.880+0000][1][safepoint    ] Application time: 0.9828993 seconds
[2022-06-13T02:06:25.880+0000][1][safepoint    ] Entering safepoint region: RevokeBias
[2022-06-13T02:06:25.880+0000][1][safepoint    ] Leaving safepoint region
[2022-06-13T02:06:25.881+0000][1][safepoint    ] Total time for which application threads were stopped: 0.0006884 seconds, Stopping threads took: 0.0003839 seconds
[2022-06-13T02:06:25.883+0000][1][safepoint    ] Application time: 0.0018331 seconds
[2022-06-13T02:06:25.883+0000][1][safepoint    ] Entering safepoint region: RevokeBias
[2022-06-13T02:06:25.883+0000][1][safepoint    ] Leaving safepoint region
[2022-06-13T02:06:25.883+0000][1][safepoint    ] Total time for which application threads were stopped: 0.0005640 seconds, Stopping threads took: 0.0003139 seconds
[2022-06-13T02:06:25.884+0000][1][safepoint    ] Application time: 0.0002246 seconds
[2022-06-13T02:06:25.884+0000][1][safepoint    ] Entering safepoint region: RevokeBias
[2022-06-13T02:06:25.884+0000][1][safepoint    ] Leaving safepoint region
[2022-06-13T02:06:25.885+0000][1][safepoint    ] Total time for which application threads were stopped: 0.0005739 seconds, Stopping threads took: 0.0002340 seconds
[2022-06-13T02:06:26.881+0000][1][safepoint    ] Application time: 0.9963255 seconds
[2022-06-13T02:06:26.882+0000][1][safepoint    ] Entering safepoint region: RevokeBias
[2022-06-13T02:06:26.882+0000][1][safepoint    ] Leaving safepoint region
[2022-06-13T02:06:26.882+0000][1][safepoint    ] Total time for which application threads were stopped: 0.0007414 seconds, Stopping threads took: 0.0003239 seconds
[2022-06-13T02:06:26.883+0000][1][safepoint    ] Application time: 0.0004510 seconds
[2022-06-13T02:06:26.884+0000][1][safepoint    ] Entering safepoint region: RevokeBias
[2022-06-13T02:06:26.884+0000][1][safepoint    ] Leaving safepoint region
[2022-06-13T02:06:26.885+0000][1][safepoint    ] Total time for which application threads were stopped: 0.0009270 seconds, Stopping threads took: 0.0003892 seconds
[2022-06-13T02:06:26.885+0000][1][safepoint    ] Application time: 0.0001982 seconds
[2022-06-13T02:06:26.886+0000][1][safepoint    ] Entering safepoint region: RevokeBias
[2022-06-13T02:06:26.886+0000][1][safepoint    ] Leaving safepoint region
[2022-06-13T02:06:26.886+0000][1][safepoint    ] Total time for which application threads were stopped: 0.0008464 seconds, Stopping threads took: 0.0004216 seconds
[2022-06-13T02:06:26.887+0000][1][safepoint    ] Application time: 0.0002948 seconds
[2022-06-13T02:06:26.888+0000][1][safepoint    ] Entering safepoint region: RevokeBias
[2022-06-13T02:06:26.888+0000][1][safepoint    ] Leaving safepoint region
[2022-06-13T02:06:26.888+0000][1][safepoint    ] Total time for which application threads were stopped: 0.0006545 seconds, Stopping threads took: 0.0003229 seconds
[2022-06-13T02:06:26.889+0000][1][safepoint    ] Application time: 0.0002522 seconds
[2022-06-13T02:06:26.889+0000][1][safepoint    ] Entering safepoint region: RevokeBias
[2022-06-13T02:06:26.890+0000][1][safepoint    ] Leaving safepoint region
[2022-06-13T02:06:26.890+0000][1][safepoint    ] Total time for which application threads were stopped: 0.0006911 seconds, Stopping threads took: 0.0003055 seconds
[2022-06-13T02:06:26.891+0000][1][safepoint    ] Application time: 0.0002984 seconds
[2022-06-13T02:06:26.891+0000][1][safepoint    ] Entering safepoint region: RevokeBias
[2022-06-13T02:06:26.891+0000][1][safepoint    ] Leaving safepoint region
[2022-06-13T02:06:26.892+0000][1][safepoint    ] Total time for which application threads were stopped: 0.0006913 seconds, Stopping threads took: 0.0004125 seconds
[2022-06-13T02:06:26.893+0000][1][safepoint    ] Application time: 0.0005244 seconds
[2022-06-13T02:06:26.893+0000][1][safepoint    ] Entering safepoint region: RevokeBias
[2022-06-13T02:06:26.893+0000][1][safepoint    ] Leaving safepoint region
[2022-06-13T02:06:26.893+0000][1][safepoint    ] Total time for which application threads were stopped: 0.0002755 seconds, Stopping threads took: 0.0001381 seconds
[2022-06-13T02:06:26.986+0000][1][safepoint    ] Application time: 0.0932346 seconds
[2022-06-13T02:06:26.987+0000][1][safepoint    ] Entering safepoint region: RevokeBias
[2022-06-13T02:06:26.988+0000][1][safepoint    ] Leaving safepoint region
[2022-06-13T02:06:26.988+0000][1][safepoint    ] Total time for which application threads were stopped: 0.0008086 seconds, Stopping threads took: 0.0004585 seconds
[2022-06-13T02:06:26.988+0000][1][safepoint    ] Application time: 0.0001845 seconds
[2022-06-13T02:06:26.989+0000][1][safepoint    ] Entering safepoint region: RevokeBias
[2022-06-13T02:06:26.989+0000][1][safepoint    ] Leaving safepoint region
[2022-06-13T02:06:26.990+0000][1][safepoint    ] Total time for which application threads were stopped: 0.0008377 seconds, Stopping threads took: 0.0004063 seconds
[2022-06-13T02:06:27.990+0000][1][safepoint    ] Application time: 1.0001539 seconds
[2022-06-13T02:06:27.990+0000][1][safepoint    ] Entering safepoint region: Cleanup
[2022-06-13T02:06:27.991+0000][1][safepoint    ] Leaving safepoint region
[2022-06-13T02:06:27.991+0000][1][safepoint    ] Total time for which application threads were stopped: 0.0005639 seconds, Stopping threads took: 0.0002735 seconds
[2022-06-13T02:06:28.991+0000][1][safepoint    ] Application time: 1.0002205 seconds
[2022-06-13T02:06:28.992+0000][1][safepoint    ] Entering safepoint region: Cleanup
[2022-06-13T02:06:28.992+0000][1][safepoint    ] Leaving safepoint region
[2022-06-13T02:06:28.993+0000][1][safepoint    ] Total time for which application threads were stopped: 0.0007875 seconds, Stopping threads took: 0.0003836 seconds
[2022-06-13T02:06:29.881+0000][1][safepoint    ] Application time: 0.8877144 seconds
[2022-06-13T02:06:29.881+0000][1][safepoint    ] Entering safepoint region: RevokeBias
[2022-06-13T02:06:29.881+0000][1][safepoint    ] Leaving safepoint region
[2022-06-13T02:06:29.882+0000][1][safepoint    ] Total time for which application threads were stopped: 0.0006440 seconds, Stopping threads took: 0.0002700 seconds
[2022-06-13T02:06:29.883+0000][1][safepoint    ] Application time: 0.0005818 seconds
[2022-06-13T02:06:29.883+0000][1][safepoint    ] Entering safepoint region: RevokeBias
[2022-06-13T02:06:29.883+0000][1][safepoint    ] Leaving safepoint region
[2022-06-13T02:06:29.883+0000][1][safepoint    ] Total time for which application threads were stopped: 0.0005310 seconds, Stopping threads took: 0.0002444 seconds
[2022-06-13T02:06:30.883+0000][1][safepoint    ] Application time: 0.9988676 seconds
[2022-06-13T02:06:30.883+0000][1][safepoint    ] Entering safepoint region: RevokeBias
[2022-06-13T02:06:30.883+0000][1][safepoint    ] Leaving safepoint region
[2022-06-13T02:06:30.883+0000][1][safepoint    ] Total time for which application threads were stopped: 0.0004717 seconds, Stopping threads took: 0.0002443 seconds
[2022-06-13T02:06:30.884+0000][1][safepoint    ] Application time: 0.0005594 seconds
[2022-06-13T02:06:30.884+0000][1][safepoint    ] Entering safepoint region: RevokeBias
[2022-06-13T02:06:30.884+0000][1][safepoint    ] Leaving safepoint region
[2022-06-13T02:06:30.885+0000][1][safepoint    ] Total time for which application threads were stopped: 0.0003461 seconds, Stopping threads took: 0.0001449 seconds
[2022-06-13T02:06:30.885+0000][1][safepoint    ] Application time: 0.0002938 seconds
[2022-06-13T02:06:30.885+0000][1][safepoint    ] Entering safepoint region: RevokeBias
[2022-06-13T02:06:30.886+0000][1][safepoint    ] Leaving safepoint region
[2022-06-13T02:06:30.886+0000][1][safepoint    ] Total time for which application threads were stopped: 0.0004817 seconds, Stopping threads took: 0.0001453 seconds
[2022-06-13T02:06:30.886+0000][1][safepoint    ] Application time: 0.0002956 seconds
[2022-06-13T02:06:30.887+0000][1][safepoint    ] Entering safepoint region: RevokeBias
[2022-06-13T02:06:30.887+0000][1][safepoint    ] Leaving safepoint region
[2022-06-13T02:06:30.887+0000][1][safepoint    ] Total time for which application threads were stopped: 0.0006161 seconds, Stopping threads took: 0.0004291 seconds
[2022-06-13T02:06:30.888+0000][1][safepoint    ] Application time: 0.0002225 seconds
[2022-06-13T02:06:30.888+0000][1][safepoint    ] Entering safepoint region: RevokeBias
[2022-06-13T02:06:30.888+0000][1][safepoint    ] Leaving safepoint region
[2022-06-13T02:06:30.888+0000][1][safepoint    ] Total time for which application threads were stopped: 0.0004119 seconds, Stopping threads took: 0.0002391 seconds
[2022-06-13T02:06:30.889+0000][1][safepoint    ] Application time: 0.0002102 seconds
[2022-06-13T02:06:30.889+0000][1][safepoint    ] Entering safepoint region: RevokeBias
[2022-06-13T02:06:30.889+0000][1][safepoint    ] Leaving safepoint region
[2022-06-13T02:06:30.890+0000][1][safepoint    ] Total time for which application threads were stopped: 0.0007611 seconds, Stopping threads took: 0.0004656 seconds
[2022-06-13T02:06:30.890+0000][1][safepoint    ] Application time: 0.0003002 seconds
[2022-06-13T02:06:30.890+0000][1][safepoint    ] Entering safepoint region: RevokeBias
[2022-06-13T02:06:30.891+0000][1][safepoint    ] Leaving safepoint region
[2022-06-13T02:06:30.891+0000][1][safepoint    ] Total time for which application threads were stopped: 0.0004865 seconds, Stopping threads took: 0.0001953 seconds
[2022-06-13T02:06:31.891+0000][1][safepoint    ] Application time: 1.0001637 seconds
[2022-06-13T02:06:31.892+0000][1][safepoint    ] Entering safepoint region: Cleanup
[2022-06-13T02:06:31.892+0000][1][safepoint    ] Leaving safepoint region
[2022-06-13T02:06:31.893+0000][1][safepoint    ] Total time for which application threads were stopped: 0.0006818 seconds, Stopping threads took: 0.0003522 seconds
[2022-06-13T02:06:32.893+0000][1][safepoint    ] Application time: 1.0002107 seconds
[2022-06-13T02:06:32.894+0000][1][safepoint    ] Entering safepoint region: Cleanup
[2022-06-13T02:06:32.894+0000][1][safepoint    ] Leaving safepoint region
[2022-06-13T02:06:32.895+0000][1][safepoint    ] Total time for which application threads were stopped: 0.0007276 seconds, Stopping threads took: 0.0003187 seconds
[2022-06-13T02:06:33.883+0000][1][safepoint    ] Application time: 0.9875858 seconds
[2022-06-13T02:06:33.883+0000][1][safepoint    ] Entering safepoint region: RevokeBias
[2022-06-13T02:06:33.884+0000][1][safepoint    ] Leaving safepoint region
[2022-06-13T02:06:33.884+0000][1][safepoint    ] Total time for which application threads were stopped: 0.0010670 seconds, Stopping threads took: 0.0005816 seconds
[2022-06-13T02:06:34.884+0000][1][safepoint    ] Application time: 0.9992737 seconds
[2022-06-13T02:06:34.885+0000][1][safepoint    ] Entering safepoint region: RevokeBias
[2022-06-13T02:06:34.885+0000][1][safepoint    ] Leaving safepoint region
[2022-06-13T02:06:34.886+0000][1][safepoint    ] Total time for which application threads were stopped: 0.0011799 seconds, Stopping threads took: 0.0004239 seconds
[2022-06-13T02:06:34.887+0000][1][safepoint    ] Application time: 0.0004706 seconds
[2022-06-13T02:06:34.887+0000][1][safepoint    ] Entering safepoint region: RevokeBias
[2022-06-13T02:06:34.887+0000][1][safepoint    ] Leaving safepoint region
[2022-06-13T02:06:34.888+0000][1][safepoint    ] Total time for which application threads were stopped: 0.0008324 seconds, Stopping threads took: 0.0002526 seconds
[2022-06-13T02:06:34.888+0000][1][safepoint    ] Application time: 0.0001484 seconds
[2022-06-13T02:06:34.889+0000][1][safepoint    ] Entering safepoint region: RevokeBias
[2022-06-13T02:06:34.889+0000][1][safepoint    ] Leaving safepoint region
[2022-06-13T02:06:34.889+0000][1][safepoint    ] Total time for which application threads were stopped: 0.0010047 seconds, Stopping threads took: 0.0005976 seconds
[2022-06-13T02:06:34.890+0000][1][safepoint    ] Application time: 0.0002010 seconds
[2022-06-13T02:06:34.890+0000][1][safepoint    ] Entering safepoint region: RevokeBias
[2022-06-13T02:06:34.890+0000][1][safepoint    ] Leaving safepoint region
[2022-06-13T02:06:34.891+0000][1][safepoint    ] Total time for which application threads were stopped: 0.0005934 seconds, Stopping threads took: 0.0001471 seconds
[2022-06-13T02:06:34.891+0000][1][safepoint    ] Application time: 0.0001781 seconds
[2022-06-13T02:06:34.891+0000][1][safepoint    ] Entering safepoint region: RevokeBias
[2022-06-13T02:06:34.892+0000][1][safepoint    ] Leaving safepoint region
[2022-06-13T02:06:34.892+0000][1][safepoint    ] Total time for which application threads were stopped: 0.0009991 seconds, Stopping threads took: 0.0004924 seconds
[2022-06-13T02:06:34.893+0000][1][safepoint    ] Application time: 0.0004602 seconds
[2022-06-13T02:06:34.894+0000][1][safepoint    ] Entering safepoint region: BulkRevokeBias
[2022-06-13T02:06:34.894+0000][1][safepoint    ] Leaving safepoint region
[2022-06-13T02:06:34.894+0000][1][safepoint    ] Total time for which application threads were stopped: 0.0005823 seconds, Stopping threads took: 0.0002734 seconds
[2022-06-13T02:06:35.895+0000][1][safepoint    ] Application time: 1.0002068 seconds
[2022-06-13T02:06:35.895+0000][1][safepoint    ] Entering safepoint region: Cleanup
[2022-06-13T02:06:35.895+0000][1][safepoint    ] Leaving safepoint region
[2022-06-13T02:06:35.895+0000][1][safepoint    ] Total time for which application threads were stopped: 0.0005159 seconds, Stopping threads took: 0.0002391 seconds
[2022-06-13T02:06:36.896+0000][1][safepoint    ] Application time: 1.0001743 seconds
[2022-06-13T02:06:36.897+0000][1][safepoint    ] Entering safepoint region: Cleanup
[2022-06-13T02:06:36.897+0000][1][safepoint    ] Leaving safepoint region
[2022-06-13T02:06:36.897+0000][1][safepoint    ] Total time for which application threads were stopped: 0.0005234 seconds, Stopping threads took: 0.0002263 seconds
[2022-06-13T02:06:37.884+0000][1][safepoint    ] Application time: 0.9871699 seconds
[2022-06-13T02:06:37.885+0000][1][safepoint    ] Entering safepoint region: RevokeBias
[2022-06-13T02:06:37.886+0000][1][safepoint    ] Leaving safepoint region
[2022-06-13T02:06:37.886+0000][1][safepoint    ] Total time for which application threads were stopped: 0.0012242 seconds, Stopping threads took: 0.0005742 seconds
[2022-06-13T02:06:37.888+0000][1][safepoint    ] Application time: 0.0008068 seconds
[2022-06-13T02:06:37.888+0000][1][safepoint    ] Entering safepoint region: BulkRevokeBias
[2022-06-13T02:06:37.889+0000][1][safepoint    ] Leaving safepoint region
[2022-06-13T02:06:37.889+0000][1][safepoint    ] Total time for which application threads were stopped: 0.0013325 seconds, Stopping threads took: 0.0004585 seconds
[2022-06-13T02:06:38.887+0000][1][safepoint    ] Application time: 0.9969326 seconds
[2022-06-13T02:06:38.887+0000][1][safepoint    ] Entering safepoint region: RevokeBias
[2022-06-13T02:06:38.888+0000][1][safepoint    ] Leaving safepoint region
[2022-06-13T02:06:38.888+0000][1][safepoint    ] Total time for which application threads were stopped: 0.0013462 seconds, Stopping threads took: 0.0005663 seconds
[2022-06-13T02:06:38.890+0000][1][safepoint    ] Application time: 0.0004824 seconds
[2022-06-13T02:06:38.890+0000][1][safepoint    ] Entering safepoint region: RevokeBias
[2022-06-13T02:06:38.891+0000][1][safepoint    ] Leaving safepoint region
[2022-06-13T02:06:38.891+0000][1][safepoint    ] Total time for which application threads were stopped: 0.0009681 seconds, Stopping threads took: 0.0004859 seconds
[2022-06-13T02:06:38.892+0000][1][safepoint    ] Application time: 0.0003818 seconds
[2022-06-13T02:06:38.892+0000][1][safepoint    ] Entering safepoint region: RevokeBias
[2022-06-13T02:06:38.892+0000][1][safepoint    ] Leaving safepoint region
[2022-06-13T02:06:38.893+0000][1][safepoint    ] Total time for which application threads were stopped: 0.0007069 seconds, Stopping threads took: 0.0002975 seconds
[2022-06-13T02:06:38.894+0000][1][safepoint    ] Application time: 0.0009943 seconds
[2022-06-13T02:06:38.929+0000][1][safepoint    ] Entering safepoint region: RevokeBias
[2022-06-13T02:06:38.929+0000][1][safepoint    ] Leaving safepoint region
[2022-06-13T02:06:38.930+0000][1][safepoint    ] Total time for which application threads were stopped: 0.0009930 seconds, Stopping threads took: 0.0003934 seconds
[2022-06-13T02:06:38.931+0000][1][safepoint    ] Application time: 0.0005193 seconds
[2022-06-13T02:06:38.931+0000][1][safepoint    ] Entering safepoint region: RevokeBias
[2022-06-13T02:06:38.932+0000][1][safepoint    ] Leaving safepoint region
[2022-06-13T02:06:38.932+0000][1][safepoint    ] Total time for which application threads were stopped: 0.0008265 seconds, Stopping threads took: 0.0004597 seconds
[2022-06-13T02:06:39.933+0000][1][safepoint    ] Application time: 1.0002347 seconds
[2022-06-13T02:06:39.933+0000][1][safepoint    ] Entering safepoint region: Cleanup
[2022-06-13T02:06:39.933+0000][1][safepoint    ] Leaving safepoint region
[2022-06-13T02:06:39.934+0000][1][safepoint    ] Total time for which application threads were stopped: 0.0004176 seconds, Stopping threads took: 0.0001671 seconds
[2022-06-13T02:06:40.934+0000][1][safepoint    ] Application time: 1.0002590 seconds
[2022-06-13T02:06:40.935+0000][1][safepoint    ] Entering safepoint region: Cleanup
[2022-06-13T02:06:40.935+0000][1][safepoint    ] Leaving safepoint region
[2022-06-13T02:06:40.935+0000][1][safepoint    ] Total time for which application threads were stopped: 0.0007344 seconds, Stopping threads took: 0.0003343 seconds
[2022-06-13T02:06:41.887+0000][1][safepoint    ] Application time: 0.9509425 seconds
[2022-06-13T02:06:41.887+0000][1][safepoint    ] Entering safepoint region: RevokeBias
[2022-06-13T02:06:41.888+0000][1][safepoint    ] Leaving safepoint region
[2022-06-13T02:06:41.888+0000][1][safepoint    ] Total time for which application threads were stopped: 0.0012536 seconds, Stopping threads took: 0.0006817 seconds
[2022-06-13T02:06:41.889+0000][1][safepoint    ] Application time: 0.0004647 seconds
[2022-06-13T02:06:41.889+0000][1][safepoint    ] Entering safepoint region: RevokeBias
[2022-06-13T02:06:41.890+0000][1][safepoint    ] Leaving safepoint region
[2022-06-13T02:06:41.890+0000][1][safepoint    ] Total time for which application threads were stopped: 0.0008963 seconds, Stopping threads took: 0.0003817 seconds
[2022-06-13T02:06:42.889+0000][1][safepoint    ] Application time: 0.9990046 seconds
[2022-06-13T02:06:42.890+0000][1][safepoint    ] Entering safepoint region: RevokeBias
[2022-06-13T02:06:42.891+0000][1][safepoint    ] Leaving safepoint region
[2022-06-13T02:06:42.891+0000][1][safepoint    ] Total time for which application threads were stopped: 0.0013723 seconds, Stopping threads took: 0.0006518 seconds
[2022-06-13T02:06:42.892+0000][1][safepoint    ] Application time: 0.0004527 seconds
[2022-06-13T02:06:42.893+0000][1][safepoint    ] Entering safepoint region: RevokeBias
[2022-06-13T02:06:42.893+0000][1][safepoint    ] Leaving safepoint region
[2022-06-13T02:06:42.893+0000][1][safepoint    ] Total time for which application threads were stopped: 0.0005631 seconds, Stopping threads took: 0.0003166 seconds
[2022-06-13T02:06:42.894+0000][1][safepoint    ] Application time: 0.0004272 seconds
[2022-06-13T02:06:42.894+0000][1][safepoint    ] Entering safepoint region: RevokeBias
[2022-06-13T02:06:42.894+0000][1][safepoint    ] Leaving safepoint region
[2022-06-13T02:06:42.895+0000][1][safepoint    ] Total time for which application threads were stopped: 0.0005982 seconds, Stopping threads took: 0.0003525 seconds
[2022-06-13T02:06:43.895+0000][1][safepoint    ] Application time: 1.0001994 seconds
[2022-06-13T02:06:43.896+0000][1][safepoint    ] Entering safepoint region: Cleanup
[2022-06-13T02:06:43.896+0000][1][safepoint    ] Leaving safepoint region
[2022-06-13T02:06:43.896+0000][1][safepoint    ] Total time for which application threads were stopped: 0.0007650 seconds, Stopping threads took: 0.0003263 seconds
[2022-06-13T02:06:44.897+0000][1][safepoint    ] Application time: 1.0001316 seconds
[2022-06-13T02:06:44.897+0000][1][safepoint    ] Entering safepoint region: Cleanup
[2022-06-13T02:06:44.898+0000][1][safepoint    ] Leaving safepoint region
[2022-06-13T02:06:44.898+0000][1][safepoint    ] Total time for which application threads were stopped: 0.0005854 seconds, Stopping threads took: 0.0002706 seconds
[2022-06-13T02:06:45.889+0000][1][safepoint    ] Application time: 0.9906378 seconds
[2022-06-13T02:06:45.889+0000][1][safepoint    ] Entering safepoint region: RevokeBias
[2022-06-13T02:06:45.890+0000][1][safepoint    ] Leaving safepoint region
[2022-06-13T02:06:45.890+0000][1][safepoint    ] Total time for which application threads were stopped: 0.0008382 seconds, Stopping threads took: 0.0004321 seconds
[2022-06-13T02:06:45.891+0000][1][safepoint    ] Application time: 0.0004294 seconds
[2022-06-13T02:06:45.891+0000][1][safepoint    ] Entering safepoint region: RevokeBias
[2022-06-13T02:06:45.892+0000][1][safepoint    ] Leaving safepoint region
[2022-06-13T02:06:45.892+0000][1][safepoint    ] Total time for which application threads were stopped: 0.0007837 seconds, Stopping threads took: 0.0004089 seconds
[2022-06-13T02:06:46.890+0000][1][safepoint    ] Application time: 0.9982168 seconds
[2022-06-13T02:06:46.891+0000][1][safepoint    ] Entering safepoint region: RevokeBias
[2022-06-13T02:06:46.894+0000][1][safepoint    ] Leaving safepoint region
[2022-06-13T02:06:46.894+0000][1][safepoint    ] Total time for which application threads were stopped: 0.0031743 seconds, Stopping threads took: 0.0025235 seconds
[2022-06-13T02:06:46.895+0000][1][safepoint    ] Application time: 0.0005263 seconds
[2022-06-13T02:06:46.895+0000][1][safepoint    ] Entering safepoint region: RevokeBias
[2022-06-13T02:06:46.896+0000][1][safepoint    ] Leaving safepoint region
[2022-06-13T02:06:46.896+0000][1][safepoint    ] Total time for which application threads were stopped: 0.0009712 seconds, Stopping threads took: 0.0004461 seconds
[2022-06-13T02:06:46.897+0000][1][safepoint    ] Application time: 0.0005091 seconds
[2022-06-13T02:06:46.898+0000][1][safepoint    ] Entering safepoint region: RevokeBias
[2022-06-13T02:06:46.898+0000][1][safepoint    ] Leaving safepoint region
[2022-06-13T02:06:46.898+0000][1][safepoint    ] Total time for which application threads were stopped: 0.0008537 seconds, Stopping threads took: 0.0004401 seconds
[2022-06-13T02:06:46.899+0000][1][safepoint    ] Application time: 0.0005339 seconds
[2022-06-13T02:06:46.900+0000][1][safepoint    ] Entering safepoint region: RevokeBias
[2022-06-13T02:06:46.900+0000][1][safepoint    ] Leaving safepoint region
[2022-06-13T02:06:46.900+0000][1][safepoint    ] Total time for which application threads were stopped: 0.0007126 seconds, Stopping threads took: 0.0003808 seconds
[2022-06-13T02:06:47.901+0000][1][safepoint    ] Application time: 1.0002698 seconds
[2022-06-13T02:06:47.901+0000][1][safepoint    ] Entering safepoint region: Cleanup
[2022-06-13T02:06:47.902+0000][1][safepoint    ] Leaving safepoint region
[2022-06-13T02:06:47.902+0000][1][safepoint    ] Total time for which application threads were stopped: 0.0003339 seconds, Stopping threads took: 0.0001387 seconds
[2022-06-13T02:06:48.902+0000][1][safepoint    ] Application time: 1.0002029 seconds
[2022-06-13T02:06:48.903+0000][1][safepoint    ] Entering safepoint region: Cleanup
[2022-06-13T02:06:48.903+0000][1][safepoint    ] Leaving safepoint region
[2022-06-13T02:06:48.903+0000][1][safepoint    ] Total time for which application threads were stopped: 0.0009492 seconds, Stopping threads took: 0.0004956 seconds
[2022-06-13T02:06:48.905+0000][1][safepoint    ] Application time: 0.0015017 seconds
[2022-06-13T02:06:48.906+0000][1][safepoint    ] Entering safepoint region: RevokeBias
[2022-06-13T02:06:48.906+0000][1][safepoint    ] Leaving safepoint region
[2022-06-13T02:06:48.907+0000][1][safepoint    ] Total time for which application threads were stopped: 0.0009852 seconds, Stopping threads took: 0.0004642 seconds
[2022-06-13T02:06:48.907+0000][1][safepoint    ] Application time: 0.0003524 seconds
[2022-06-13T02:06:48.908+0000][1][safepoint    ] Entering safepoint region: RevokeBias
[2022-06-13T02:06:48.908+0000][1][safepoint    ] Leaving safepoint region
[2022-06-13T02:06:48.908+0000][1][safepoint    ] Total time for which application threads were stopped: 0.0006566 seconds, Stopping threads took: 0.0003156 seconds
[2022-06-13T02:06:48.910+0000][1][safepoint    ] Application time: 0.0016331 seconds
[2022-06-13T02:06:48.911+0000][1][safepoint    ] Entering safepoint region: RevokeBias
[2022-06-13T02:06:48.911+0000][1][safepoint    ] Leaving safepoint region
[2022-06-13T02:06:48.912+0000][1][safepoint    ] Total time for which application threads were stopped: 0.0009160 seconds, Stopping threads took: 0.0004487 seconds
[2022-06-13T02:06:48.912+0000][1][safepoint    ] Application time: 0.0002373 seconds
[2022-06-13T02:06:48.913+0000][1][safepoint    ] Entering safepoint region: RevokeBias
[2022-06-13T02:06:48.913+0000][1][safepoint    ] Leaving safepoint region
[2022-06-13T02:06:48.914+0000][1][safepoint    ] Total time for which application threads were stopped: 0.0008380 seconds, Stopping threads took: 0.0004820 seconds
[2022-06-13T02:06:49.891+0000][1][safepoint    ] Application time: 0.9763159 seconds
[2022-06-13T02:06:49.891+0000][1][safepoint    ] Entering safepoint region: RevokeBias
[2022-06-13T02:06:49.892+0000][1][safepoint    ] Leaving safepoint region
[2022-06-13T02:06:49.892+0000][1][safepoint    ] Total time for which application threads were stopped: 0.0007596 seconds, Stopping threads took: 0.0002791 seconds
[2022-06-13T02:06:49.896+0000][1][safepoint    ] Application time: 0.0033750 seconds
[2022-06-13T02:06:49.896+0000][1][safepoint    ] Entering safepoint region: RevokeBias
[2022-06-13T02:06:49.896+0000][1][safepoint    ] Leaving safepoint region
[2022-06-13T02:06:49.897+0000][1][safepoint    ] Total time for which application threads were stopped: 0.0007200 seconds, Stopping threads took: 0.0003107 seconds
[2022-06-13T02:06:50.892+0000][1][safepoint    ] Application time: 0.9949113 seconds
[2022-06-13T02:06:50.892+0000][1][safepoint    ] Entering safepoint region: RevokeBias
[2022-06-13T02:06:50.893+0000][1][safepoint    ] Leaving safepoint region
[2022-06-13T02:06:50.894+0000][1][safepoint    ] Total time for which application threads were stopped: 0.0014243 seconds, Stopping threads took: 0.0006200 seconds
[2022-06-13T02:06:50.895+0000][1][safepoint    ] Application time: 0.0006019 seconds
[2022-06-13T02:06:50.896+0000][1][safepoint    ] Entering safepoint region: RevokeBias
[2022-06-13T02:06:50.898+0000][1][safepoint    ] Leaving safepoint region
[2022-06-13T02:06:50.898+0000][1][safepoint    ] Total time for which application threads were stopped: 0.0023000 seconds, Stopping threads took: 0.0006747 seconds
[2022-06-13T02:06:50.899+0000][1][safepoint    ] Application time: 0.0006783 seconds
[2022-06-13T02:06:50.900+0000][1][safepoint    ] Entering safepoint region: RevokeBias
[2022-06-13T02:06:50.900+0000][1][safepoint    ] Leaving safepoint region
[2022-06-13T02:06:50.900+0000][1][safepoint    ] Total time for which application threads were stopped: 0.0009168 seconds, Stopping threads took: 0.0004724 seconds
[2022-06-13T02:06:51.901+0000][1][safepoint    ] Application time: 1.0001430 seconds
[2022-06-13T02:06:51.901+0000][1][safepoint    ] Entering safepoint region: Cleanup
[2022-06-13T02:06:51.902+0000][1][safepoint    ] Leaving safepoint region
[2022-06-13T02:06:51.902+0000][1][safepoint    ] Total time for which application threads were stopped: 0.0006815 seconds, Stopping threads took: 0.0003238 seconds
[2022-06-13T02:06:52.903+0000][1][safepoint    ] Application time: 1.0002108 seconds
[2022-06-13T02:06:52.903+0000][1][safepoint    ] Entering safepoint region: Cleanup
[2022-06-13T02:06:52.903+0000][1][safepoint    ] Leaving safepoint region
[2022-06-13T02:06:52.903+0000][1][safepoint    ] Total time for which application threads were stopped: 0.0005483 seconds, Stopping threads took: 0.0003299 seconds
[2022-06-13T02:06:53.892+0000][1][safepoint    ] Application time: 0.9887189 seconds
[2022-06-13T02:06:53.893+0000][1][safepoint    ] Entering safepoint region: RevokeBias
[2022-06-13T02:06:53.893+0000][1][safepoint    ] Leaving safepoint region
[2022-06-13T02:06:53.893+0000][1][safepoint    ] Total time for which application threads were stopped: 0.0006844 seconds, Stopping threads took: 0.0003761 seconds
[2022-06-13T02:06:53.895+0000][1][safepoint    ] Application time: 0.0010388 seconds
[2022-06-13T02:06:53.895+0000][1][safepoint    ] Entering safepoint region: RevokeBias
[2022-06-13T02:06:53.896+0000][1][safepoint    ] Leaving safepoint region
[2022-06-13T02:06:53.896+0000][1][safepoint    ] Total time for which application threads were stopped: 0.0009078 seconds, Stopping threads took: 0.0004324 seconds
[2022-06-13T02:06:54.893+0000][1][safepoint    ] Application time: 0.9965422 seconds
[2022-06-13T02:06:54.893+0000][1][safepoint    ] Entering safepoint region: BulkRevokeBias
[2022-06-13T02:06:54.894+0000][1][safepoint    ] Leaving safepoint region
[2022-06-13T02:06:54.894+0000][1][safepoint    ] Total time for which application threads were stopped: 0.0013391 seconds, Stopping threads took: 0.0003591 seconds
[2022-06-13T02:06:54.895+0000][1][safepoint    ] Application time: 0.0005352 seconds
[2022-06-13T02:06:54.896+0000][1][safepoint    ] Entering safepoint region: RevokeBias
[2022-06-13T02:06:54.897+0000][1][safepoint    ] Leaving safepoint region
[2022-06-13T02:06:54.897+0000][1][safepoint    ] Total time for which application threads were stopped: 0.0013899 seconds, Stopping threads took: 0.0004485 seconds
[2022-06-13T02:06:55.898+0000][1][safepoint    ] Application time: 1.0002382 seconds
[2022-06-13T02:06:55.898+0000][1][safepoint    ] Entering safepoint region: Cleanup
[2022-06-13T02:06:55.898+0000][1][safepoint    ] Leaving safepoint region
[2022-06-13T02:06:55.899+0000][1][safepoint    ] Total time for which application threads were stopped: 0.0006353 seconds, Stopping threads took: 0.0001905 seconds
[2022-06-13T02:06:56.900+0000][1][safepoint    ] Application time: 1.0003389 seconds
[2022-06-13T02:06:56.901+0000][1][safepoint    ] Entering safepoint region: Cleanup
[2022-06-13T02:06:56.901+0000][1][safepoint    ] Leaving safepoint region
[2022-06-13T02:06:56.902+0000][1][safepoint    ] Total time for which application threads were stopped: 0.0011799 seconds, Stopping threads took: 0.0004687 seconds
[2022-06-13T02:06:57.894+0000][1][safepoint    ] Application time: 0.9912057 seconds
[2022-06-13T02:06:57.894+0000][1][safepoint    ] Entering safepoint region: RevokeBias
[2022-06-13T02:06:57.896+0000][1][safepoint    ] Leaving safepoint region
[2022-06-13T02:06:57.896+0000][1][safepoint    ] Total time for which application threads were stopped: 0.0018344 seconds, Stopping threads took: 0.0004560 seconds
[2022-06-13T02:06:58.896+0000][1][safepoint    ] Application time: 1.0001704 seconds
[2022-06-13T02:06:58.897+0000][1][safepoint    ] Entering safepoint region: Cleanup
[2022-06-13T02:06:58.897+0000][1][safepoint    ] Leaving safepoint region
[2022-06-13T02:06:58.897+0000][1][safepoint    ] Total time for which application threads were stopped: 0.0005136 seconds, Stopping threads took: 0.0001815 seconds
[2022-06-13T02:06:59.898+0000][1][safepoint    ] Application time: 1.0003010 seconds
[2022-06-13T02:06:59.898+0000][1][safepoint    ] Entering safepoint region: Cleanup
[2022-06-13T02:06:59.899+0000][1][safepoint    ] Leaving safepoint region
[2022-06-13T02:06:59.899+0000][1][safepoint    ] Total time for which application threads were stopped: 0.0008551 seconds, Stopping threads took: 0.0004092 seconds
[2022-06-13T02:07:00.900+0000][1][safepoint    ] Application time: 1.0001510 seconds
[2022-06-13T02:07:00.900+0000][1][safepoint    ] Entering safepoint region: Cleanup
[2022-06-13T02:07:00.901+0000][1][safepoint    ] Leaving safepoint region
[2022-06-13T02:07:00.902+0000][1][safepoint    ] Total time for which application threads were stopped: 0.0012692 seconds, Stopping threads took: 0.0006627 seconds
[2022-06-13T02:07:01.896+0000][1][safepoint    ] Application time: 0.9935932 seconds
[2022-06-13T02:07:01.896+0000][1][safepoint    ] Entering safepoint region: RevokeBias
[2022-06-13T02:07:01.897+0000][1][safepoint    ] Leaving safepoint region
[2022-06-13T02:07:01.897+0000][1][safepoint    ] Total time for which application threads were stopped: 0.0010841 seconds, Stopping threads took: 0.0005201 seconds
[2022-06-13T02:07:02.898+0000][1][safepoint    ] Application time: 1.0002110 seconds
[2022-06-13T02:07:02.899+0000][1][safepoint    ] Entering safepoint region: Cleanup
[2022-06-13T02:07:02.899+0000][1][safepoint    ] Leaving safepoint region
[2022-06-13T02:07:02.900+0000][1][safepoint    ] Total time for which application threads were stopped: 0.0008942 seconds, Stopping threads took: 0.0004839 seconds
[2022-06-13T02:07:04.900+0000][1][safepoint    ] Application time: 2.0002638 seconds
[2022-06-13T02:07:04.901+0000][1][safepoint    ] Entering safepoint region: Cleanup
[2022-06-13T02:07:04.901+0000][1][safepoint    ] Leaving safepoint region
[2022-06-13T02:07:04.901+0000][1][safepoint    ] Total time for which application threads were stopped: 0.0008247 seconds, Stopping threads took: 0.0004453 seconds
[2022-06-13T02:07:05.902+0000][1][safepoint    ] Application time: 1.0001162 seconds
[2022-06-13T02:07:05.902+0000][1][safepoint    ] Entering safepoint region: Cleanup
[2022-06-13T02:07:05.902+0000][1][safepoint    ] Leaving safepoint region
[2022-06-13T02:07:05.903+0000][1][safepoint    ] Total time for which application threads were stopped: 0.0006695 seconds, Stopping threads took: 0.0003232 seconds
[2022-06-13T02:07:06.903+0000][1][safepoint    ] Application time: 1.0002236 seconds
[2022-06-13T02:07:06.904+0000][1][safepoint    ] Entering safepoint region: Cleanup
[2022-06-13T02:07:06.904+0000][1][safepoint    ] Leaving safepoint region
[2022-06-13T02:07:06.905+0000][1][safepoint    ] Total time for which application threads were stopped: 0.0007995 seconds, Stopping threads took: 0.0004213 seconds
[2022-06-13T02:07:07.905+0000][1][safepoint    ] Application time: 1.0001407 seconds
[2022-06-13T02:07:07.906+0000][1][safepoint    ] Entering safepoint region: Cleanup
[2022-06-13T02:07:07.906+0000][1][safepoint    ] Leaving safepoint region
[2022-06-13T02:07:07.906+0000][1][safepoint    ] Total time for which application threads were stopped: 0.0004801 seconds, Stopping threads took: 0.0001876 seconds
[2022-06-13T02:07:08.906+0000][1][safepoint    ] Application time: 1.0001078 seconds
[2022-06-13T02:07:08.907+0000][1][safepoint    ] Entering safepoint region: Cleanup
[2022-06-13T02:07:08.907+0000][1][safepoint    ] Leaving safepoint region
[2022-06-13T02:07:08.907+0000][1][safepoint    ] Total time for which application threads were stopped: 0.0004203 seconds, Stopping threads took: 0.0001675 seconds
[2022-06-13T02:07:10.093+0000][1][safepoint    ] Application time: 1.1859573 seconds
[2022-06-13T02:07:10.093+0000][1][safepoint    ] Entering safepoint region: RevokeBias
[2022-06-13T02:07:10.094+0000][1][safepoint    ] Leaving safepoint region
[2022-06-13T02:07:10.094+0000][1][safepoint    ] Total time for which application threads were stopped: 0.0004449 seconds, Stopping threads took: 0.0001425 seconds
[2022-06-13T02:07:12.094+0000][1][safepoint    ] Application time: 2.0005447 seconds
[2022-06-13T02:07:12.095+0000][1][safepoint    ] Entering safepoint region: Cleanup
[2022-06-13T02:07:12.096+0000][1][safepoint    ] Leaving safepoint region
[2022-06-13T02:07:12.096+0000][1][safepoint    ] Total time for which application threads were stopped: 0.0012100 seconds, Stopping threads took: 0.0004812 seconds
[2022-06-13T02:07:13.097+0000][1][safepoint    ] Application time: 1.0003225 seconds
[2022-06-13T02:07:13.098+0000][1][safepoint    ] Entering safepoint region: Cleanup
[2022-06-13T02:07:13.098+0000][1][safepoint    ] Leaving safepoint region
[2022-06-13T02:07:13.098+0000][1][safepoint    ] Total time for which application threads were stopped: 0.0005336 seconds, Stopping threads took: 0.0002126 seconds
[2022-06-13T02:07:14.098+0000][1][safepoint    ] Application time: 1.0002481 seconds
[2022-06-13T02:07:14.099+0000][1][safepoint    ] Entering safepoint region: Cleanup
[2022-06-13T02:07:14.099+0000][1][safepoint    ] Leaving safepoint region
[2022-06-13T02:07:14.100+0000][1][safepoint    ] Total time for which application threads were stopped: 0.0006888 seconds, Stopping threads took: 0.0003616 seconds
[2022-06-13T02:07:15.100+0000][1][safepoint    ] Application time: 1.0002831 seconds
[2022-06-13T02:07:15.101+0000][1][safepoint    ] Entering safepoint region: Cleanup
[2022-06-13T02:07:15.101+0000][1][safepoint    ] Leaving safepoint region
[2022-06-13T02:07:15.101+0000][1][safepoint    ] Total time for which application threads were stopped: 0.0009317 seconds, Stopping threads took: 0.0004289 seconds
[2022-06-13T02:07:16.102+0000][1][safepoint    ] Application time: 1.0002912 seconds
[2022-06-13T02:07:16.103+0000][1][safepoint    ] Entering safepoint region: Cleanup
[2022-06-13T02:07:16.103+0000][1][safepoint    ] Leaving safepoint region
[2022-06-13T02:07:16.104+0000][1][safepoint    ] Total time for which application threads were stopped: 0.0010591 seconds, Stopping threads took: 0.0004412 seconds
[2022-06-13T02:07:17.104+0000][1][safepoint    ] Application time: 1.0001601 seconds
[2022-06-13T02:07:17.105+0000][1][safepoint    ] Entering safepoint region: Cleanup
[2022-06-13T02:07:17.105+0000][1][safepoint    ] Leaving safepoint region
[2022-06-13T02:07:17.105+0000][1][safepoint    ] Total time for which application threads were stopped: 0.0008035 seconds, Stopping threads took: 0.0003661 seconds
[2022-06-13T02:07:18.106+0000][1][safepoint    ] Application time: 1.0002430 seconds
[2022-06-13T02:07:18.107+0000][1][safepoint    ] Entering safepoint region: Cleanup
[2022-06-13T02:07:18.108+0000][1][safepoint    ] Leaving safepoint region
[2022-06-13T02:07:18.108+0000][1][safepoint    ] Total time for which application threads were stopped: 0.0011944 seconds, Stopping threads took: 0.0005524 seconds
[2022-06-13T02:07:19.109+0000][1][safepoint    ] Application time: 1.0001791 seconds
[2022-06-13T02:07:19.110+0000][1][safepoint    ] Entering safepoint region: Cleanup
[2022-06-13T02:07:19.110+0000][1][safepoint    ] Leaving safepoint region
[2022-06-13T02:07:19.111+0000][1][safepoint    ] Total time for which application threads were stopped: 0.0011114 seconds, Stopping threads took: 0.0005578 seconds
[2022-06-13T02:07:20.111+0000][1][safepoint    ] Application time: 1.0002100 seconds
[2022-06-13T02:07:20.112+0000][1][safepoint    ] Entering safepoint region: Cleanup
[2022-06-13T02:07:20.113+0000][1][safepoint    ] Leaving safepoint region
[2022-06-13T02:07:20.113+0000][1][safepoint    ] Total time for which application threads were stopped: 0.0014291 seconds, Stopping threads took: 0.0006265 seconds
[2022-06-13T02:07:21.114+0000][1][safepoint    ] Application time: 1.0002256 seconds
[2022-06-13T02:07:21.115+0000][1][safepoint    ] Entering safepoint region: Cleanup
[2022-06-13T02:07:21.115+0000][1][safepoint    ] Leaving safepoint region
[2022-06-13T02:07:21.115+0000][1][safepoint    ] Total time for which application threads were stopped: 0.0007521 seconds, Stopping threads took: 0.0003042 seconds
[2022-06-13T02:07:22.116+0000][1][safepoint    ] Application time: 1.0003382 seconds
[2022-06-13T02:07:22.117+0000][1][safepoint    ] Entering safepoint region: Cleanup
[2022-06-13T02:07:22.117+0000][1][safepoint    ] Leaving safepoint region
[2022-06-13T02:07:22.118+0000][1][safepoint    ] Total time for which application threads were stopped: 0.0010883 seconds, Stopping threads took: 0.0004601 seconds
[2022-06-13T02:07:23.118+0000][1][safepoint    ] Application time: 1.0002977 seconds
[2022-06-13T02:07:23.119+0000][1][safepoint    ] Entering safepoint region: Cleanup
[2022-06-13T02:07:23.120+0000][1][safepoint    ] Leaving safepoint region
[2022-06-13T02:07:23.120+0000][1][safepoint    ] Total time for which application threads were stopped: 0.0011996 seconds, Stopping threads took: 0.0004723 seconds
[2022-06-13T02:07:24.121+0000][1][safepoint    ] Application time: 1.0002439 seconds
[2022-06-13T02:07:24.121+0000][1][safepoint    ] Entering safepoint region: Cleanup
[2022-06-13T02:07:24.122+0000][1][safepoint    ] Leaving safepoint region
[2022-06-13T02:07:24.122+0000][1][safepoint    ] Total time for which application threads were stopped: 0.0009732 seconds, Stopping threads took: 0.0004780 seconds
[2022-06-13T02:07:25.123+0000][1][safepoint    ] Application time: 1.0002316 seconds
[2022-06-13T02:07:25.124+0000][1][safepoint    ] Entering safepoint region: Cleanup
[2022-06-13T02:07:25.124+0000][1][safepoint    ] Leaving safepoint region
[2022-06-13T02:07:25.125+0000][1][safepoint    ] Total time for which application threads were stopped: 0.0010304 seconds, Stopping threads took: 0.0004990 seconds
[2022-06-13T02:07:26.125+0000][1][safepoint    ] Application time: 1.0001345 seconds
[2022-06-13T02:07:26.126+0000][1][safepoint    ] Entering safepoint region: Cleanup
[2022-06-13T02:07:26.126+0000][1][safepoint    ] Leaving safepoint region
[2022-06-13T02:07:26.127+0000][1][safepoint    ] Total time for which application threads were stopped: 0.0009084 seconds, Stopping threads took: 0.0003476 seconds
[2022-06-13T02:07:27.127+0000][1][safepoint    ] Application time: 1.0001967 seconds
[2022-06-13T02:07:27.128+0000][1][safepoint    ] Entering safepoint region: Cleanup
[2022-06-13T02:07:27.128+0000][1][safepoint    ] Leaving safepoint region
[2022-06-13T02:07:27.129+0000][1][safepoint    ] Total time for which application threads were stopped: 0.0009103 seconds, Stopping threads took: 0.0005379 seconds
[2022-06-13T02:07:28.129+0000][1][safepoint    ] Application time: 1.0002124 seconds
[2022-06-13T02:07:28.130+0000][1][safepoint    ] Entering safepoint region: Cleanup
[2022-06-13T02:07:28.130+0000][1][safepoint    ] Leaving safepoint region
[2022-06-13T02:07:28.131+0000][1][safepoint    ] Total time for which application threads were stopped: 0.0009431 seconds, Stopping threads took: 0.0004132 seconds
[2022-06-13T02:07:29.131+0000][1][safepoint    ] Application time: 1.0002440 seconds
[2022-06-13T02:07:29.132+0000][1][safepoint    ] Entering safepoint region: Cleanup
[2022-06-13T02:07:29.132+0000][1][safepoint    ] Leaving safepoint region
[2022-06-13T02:07:29.132+0000][1][safepoint    ] Total time for which application threads were stopped: 0.0002844 seconds, Stopping threads took: 0.0001063 seconds
[2022-06-13T02:07:30.132+0000][1][safepoint    ] Application time: 1.0000966 seconds
[2022-06-13T02:07:30.132+0000][1][safepoint    ] Entering safepoint region: Cleanup
[2022-06-13T02:07:30.132+0000][1][safepoint    ] Leaving safepoint region
[2022-06-13T02:07:30.133+0000][1][safepoint    ] Total time for which application threads were stopped: 0.0005119 seconds, Stopping threads took: 0.0001584 seconds
[2022-06-13T02:07:31.133+0000][1][safepoint    ] Application time: 1.0001113 seconds
[2022-06-13T02:07:31.133+0000][1][safepoint    ] Entering safepoint region: Cleanup
[2022-06-13T02:07:31.134+0000][1][safepoint    ] Leaving safepoint region
[2022-06-13T02:07:31.134+0000][1][safepoint    ] Total time for which application threads were stopped: 0.0007403 seconds, Stopping threads took: 0.0003397 seconds
[2022-06-13T02:07:32.135+0000][1][safepoint    ] Application time: 1.0002128 seconds
[2022-06-13T02:07:32.135+0000][1][safepoint    ] Entering safepoint region: Cleanup
[2022-06-13T02:07:32.136+0000][1][safepoint    ] Leaving safepoint region
[2022-06-13T02:07:32.137+0000][1][safepoint    ] Total time for which application threads were stopped: 0.0014973 seconds, Stopping threads took: 0.0006559 seconds
[2022-06-13T02:07:33.138+0000][1][safepoint    ] Application time: 1.0002699 seconds
[2022-06-13T02:07:33.138+0000][1][safepoint    ] Entering safepoint region: Cleanup
[2022-06-13T02:07:33.139+0000][1][safepoint    ] Leaving safepoint region
[2022-06-13T02:07:33.139+0000][1][safepoint    ] Total time for which application threads were stopped: 0.0009328 seconds, Stopping threads took: 0.0003940 seconds
[2022-06-13T02:07:34.140+0000][1][safepoint    ] Application time: 1.0002256 seconds
[2022-06-13T02:07:34.140+0000][1][safepoint    ] Entering safepoint region: Cleanup
[2022-06-13T02:07:34.141+0000][1][safepoint    ] Leaving safepoint region
[2022-06-13T02:07:34.141+0000][1][safepoint    ] Total time for which application threads were stopped: 0.0008631 seconds, Stopping threads took: 0.0003962 seconds
[2022-06-13T02:07:35.142+0000][1][safepoint    ] Application time: 1.0002013 seconds
[2022-06-13T02:07:35.143+0000][1][safepoint    ] Entering safepoint region: Cleanup
[2022-06-13T02:07:35.143+0000][1][safepoint    ] Leaving safepoint region
[2022-06-13T02:07:35.143+0000][1][safepoint    ] Total time for which application threads were stopped: 0.0008666 seconds, Stopping threads took: 0.0004139 seconds
[2022-06-13T02:07:36.144+0000][1][safepoint    ] Application time: 1.0003303 seconds
[2022-06-13T02:07:36.145+0000][1][safepoint    ] Entering safepoint region: Cleanup
[2022-06-13T02:07:36.145+0000][1][safepoint    ] Leaving safepoint region
[2022-06-13T02:07:36.146+0000][1][safepoint    ] Total time for which application threads were stopped: 0.0013340 seconds, Stopping threads took: 0.0005944 seconds
[2022-06-13T02:07:37.147+0000][1][safepoint    ] Application time: 1.0002759 seconds
[2022-06-13T02:07:37.147+0000][1][safepoint    ] Entering safepoint region: Cleanup
[2022-06-13T02:07:37.148+0000][1][safepoint    ] Leaving safepoint region
[2022-06-13T02:07:37.148+0000][1][safepoint    ] Total time for which application threads were stopped: 0.0006986 seconds, Stopping threads took: 0.0003010 seconds
[2022-06-13T02:07:38.149+0000][1][safepoint    ] Application time: 1.0001842 seconds
[2022-06-13T02:07:38.149+0000][1][safepoint    ] Entering safepoint region: Cleanup
[2022-06-13T02:07:38.149+0000][1][safepoint    ] Leaving safepoint region
[2022-06-13T02:07:38.149+0000][1][safepoint    ] Total time for which application threads were stopped: 0.0005540 seconds, Stopping threads took: 0.0002630 seconds
[2022-06-13T02:07:39.150+0000][1][safepoint    ] Application time: 1.0001841 seconds
[2022-06-13T02:07:39.151+0000][1][safepoint    ] Entering safepoint region: Cleanup
[2022-06-13T02:07:39.151+0000][1][safepoint    ] Leaving safepoint region
[2022-06-13T02:07:39.152+0000][1][safepoint    ] Total time for which application threads were stopped: 0.0012088 seconds, Stopping threads took: 0.0005759 seconds
[2022-06-13T02:07:40.152+0000][1][safepoint    ] Application time: 1.0001952 seconds
[2022-06-13T02:07:40.153+0000][1][safepoint    ] Entering safepoint region: Cleanup
[2022-06-13T02:07:40.153+0000][1][safepoint    ] Leaving safepoint region
[2022-06-13T02:07:40.154+0000][1][safepoint    ] Total time for which application threads were stopped: 0.0007693 seconds, Stopping threads took: 0.0002882 seconds
[2022-06-13T02:07:41.154+0000][1][safepoint    ] Application time: 1.0002305 seconds
[2022-06-13T02:07:41.155+0000][1][safepoint    ] Entering safepoint region: Cleanup
[2022-06-13T02:07:41.156+0000][1][safepoint    ] Leaving safepoint region
[2022-06-13T02:07:41.156+0000][1][safepoint    ] Total time for which application threads were stopped: 0.0012980 seconds, Stopping threads took: 0.0005363 seconds
[2022-06-13T02:07:42.157+0000][1][safepoint    ] Application time: 1.0002014 seconds
[2022-06-13T02:07:42.158+0000][1][safepoint    ] Entering safepoint region: Cleanup
[2022-06-13T02:07:42.158+0000][1][safepoint    ] Leaving safepoint region
[2022-06-13T02:07:42.158+0000][1][safepoint    ] Total time for which application threads were stopped: 0.0008289 seconds, Stopping threads took: 0.0003699 seconds
[2022-06-13T02:07:43.159+0000][1][safepoint    ] Application time: 1.0002207 seconds
[2022-06-13T02:07:43.160+0000][1][safepoint    ] Entering safepoint region: Cleanup
[2022-06-13T02:07:43.160+0000][1][safepoint    ] Leaving safepoint region
[2022-06-13T02:07:43.161+0000][1][safepoint    ] Total time for which application threads were stopped: 0.0013741 seconds, Stopping threads took: 0.0006800 seconds
[2022-06-13T02:07:44.161+0000][1][safepoint    ] Application time: 1.0001756 seconds
[2022-06-13T02:07:44.162+0000][1][safepoint    ] Entering safepoint region: Cleanup
[2022-06-13T02:07:44.163+0000][1][safepoint    ] Leaving safepoint region
[2022-06-13T02:07:44.163+0000][1][safepoint    ] Total time for which application threads were stopped: 0.0010570 seconds, Stopping threads took: 0.0004341 seconds
[2022-06-13T02:07:45.164+0000][1][safepoint    ] Application time: 1.0001708 seconds
[2022-06-13T02:07:45.164+0000][1][safepoint    ] Entering safepoint region: Cleanup
[2022-06-13T02:07:45.164+0000][1][safepoint    ] Leaving safepoint region
[2022-06-13T02:07:45.165+0000][1][safepoint    ] Total time for which application threads were stopped: 0.0007316 seconds, Stopping threads took: 0.0002886 seconds
[2022-06-13T02:07:46.165+0000][1][safepoint    ] Application time: 1.0001568 seconds
[2022-06-13T02:07:46.166+0000][1][safepoint    ] Entering safepoint region: Cleanup
[2022-06-13T02:07:46.166+0000][1][safepoint    ] Leaving safepoint region
[2022-06-13T02:07:46.167+0000][1][safepoint    ] Total time for which application threads were stopped: 0.0010543 seconds, Stopping threads took: 0.0003204 seconds
[2022-06-13T02:07:47.167+0000][1][safepoint    ] Application time: 1.0002366 seconds
[2022-06-13T02:07:47.168+0000][1][safepoint    ] Entering safepoint region: Cleanup
[2022-06-13T02:07:47.168+0000][1][safepoint    ] Leaving safepoint region
[2022-06-13T02:07:47.169+0000][1][safepoint    ] Total time for which application threads were stopped: 0.0010247 seconds, Stopping threads took: 0.0004782 seconds
[2022-06-13T02:07:48.169+0000][1][safepoint    ] Application time: 1.0001477 seconds
[2022-06-13T02:07:48.170+0000][1][safepoint    ] Entering safepoint region: Cleanup
[2022-06-13T02:07:48.170+0000][1][safepoint    ] Leaving safepoint region
[2022-06-13T02:07:48.171+0000][1][safepoint    ] Total time for which application threads were stopped: 0.0009859 seconds, Stopping threads took: 0.0004831 seconds
[2022-06-13T02:07:49.171+0000][1][safepoint    ] Application time: 1.0001942 seconds
[2022-06-13T02:07:49.172+0000][1][safepoint    ] Entering safepoint region: Cleanup
[2022-06-13T02:07:49.173+0000][1][safepoint    ] Leaving safepoint region
[2022-06-13T02:07:49.173+0000][1][safepoint    ] Total time for which application threads were stopped: 0.0011360 seconds, Stopping threads took: 0.0005016 seconds
[2022-06-13T02:07:50.174+0000][1][safepoint    ] Application time: 1.0002247 seconds
[2022-06-13T02:07:50.175+0000][1][safepoint    ] Entering safepoint region: Cleanup
[2022-06-13T02:07:50.175+0000][1][safepoint    ] Leaving safepoint region
[2022-06-13T02:07:50.176+0000][1][safepoint    ] Total time for which application threads were stopped: 0.0015204 seconds, Stopping threads took: 0.0007226 seconds
[2022-06-13T02:07:51.177+0000][1][safepoint    ] Application time: 1.0004365 seconds
[2022-06-13T02:07:51.178+0000][1][safepoint    ] Entering safepoint region: Cleanup
[2022-06-13T02:07:51.178+0000][1][safepoint    ] Leaving safepoint region
[2022-06-13T02:07:51.179+0000][1][safepoint    ] Total time for which application threads were stopped: 0.0013944 seconds, Stopping threads took: 0.0005638 seconds
[2022-06-13T02:07:52.180+0000][1][safepoint    ] Application time: 1.0002348 seconds
[2022-06-13T02:07:52.180+0000][1][safepoint    ] Entering safepoint region: Cleanup
[2022-06-13T02:07:52.181+0000][1][safepoint    ] Leaving safepoint region
[2022-06-13T02:07:52.182+0000][1][safepoint    ] Total time for which application threads were stopped: 0.0012174 seconds, Stopping threads took: 0.0005346 seconds
[2022-06-13T02:07:53.182+0000][1][safepoint    ] Application time: 1.0002985 seconds
[2022-06-13T02:07:53.183+0000][1][safepoint    ] Entering safepoint region: Cleanup
[2022-06-13T02:07:53.183+0000][1][safepoint    ] Leaving safepoint region
[2022-06-13T02:07:53.184+0000][1][safepoint    ] Total time for which application threads were stopped: 0.0006064 seconds, Stopping threads took: 0.0002646 seconds
[2022-06-13T02:07:54.184+0000][1][safepoint    ] Application time: 1.0002153 seconds
[2022-06-13T02:07:54.184+0000][1][safepoint    ] Entering safepoint region: Cleanup
[2022-06-13T02:07:54.185+0000][1][safepoint    ] Leaving safepoint region
[2022-06-13T02:07:54.185+0000][1][safepoint    ] Total time for which application threads were stopped: 0.0007455 seconds, Stopping threads took: 0.0003604 seconds
[2022-06-13T02:07:55.186+0000][1][safepoint    ] Application time: 1.0001747 seconds
[2022-06-13T02:07:55.186+0000][1][safepoint    ] Entering safepoint region: Cleanup
[2022-06-13T02:07:55.186+0000][1][safepoint    ] Leaving safepoint region
[2022-06-13T02:07:55.186+0000][1][safepoint    ] Total time for which application threads were stopped: 0.0003549 seconds, Stopping threads took: 0.0001491 seconds
[2022-06-13T02:07:56.187+0000][1][safepoint    ] Application time: 1.0002179 seconds
[2022-06-13T02:07:56.187+0000][1][safepoint    ] Entering safepoint region: Cleanup
[2022-06-13T02:07:56.188+0000][1][safepoint    ] Leaving safepoint region
[2022-06-13T02:07:56.188+0000][1][safepoint    ] Total time for which application threads were stopped: 0.0006790 seconds, Stopping threads took: 0.0002971 seconds
[2022-06-13T02:07:57.188+0000][1][safepoint    ] Application time: 1.0002082 seconds
[2022-06-13T02:07:57.189+0000][1][safepoint    ] Entering safepoint region: Cleanup
[2022-06-13T02:07:57.189+0000][1][safepoint    ] Leaving safepoint region
[2022-06-13T02:07:57.189+0000][1][safepoint    ] Total time for which application threads were stopped: 0.0005097 seconds, Stopping threads took: 0.0002806 seconds
[2022-06-13T02:07:58.189+0000][1][safepoint    ] Application time: 1.0001838 seconds
[2022-06-13T02:07:58.190+0000][1][safepoint    ] Entering safepoint region: Cleanup
[2022-06-13T02:07:58.190+0000][1][safepoint    ] Leaving safepoint region
[2022-06-13T02:07:58.191+0000][1][safepoint    ] Total time for which application threads were stopped: 0.0008743 seconds, Stopping threads took: 0.0004087 seconds
[2022-06-13T02:07:59.191+0000][1][safepoint    ] Application time: 1.0001906 seconds
[2022-06-13T02:07:59.192+0000][1][safepoint    ] Entering safepoint region: Cleanup
[2022-06-13T02:07:59.193+0000][1][safepoint    ] Leaving safepoint region
[2022-06-13T02:07:59.193+0000][1][safepoint    ] Total time for which application threads were stopped: 0.0011283 seconds, Stopping threads took: 0.0005873 seconds
[2022-06-13T02:08:00.194+0000][1][safepoint    ] Application time: 1.0001616 seconds
[2022-06-13T02:08:00.194+0000][1][safepoint    ] Entering safepoint region: Cleanup
[2022-06-13T02:08:00.195+0000][1][safepoint    ] Leaving safepoint region
[2022-06-13T02:08:00.195+0000][1][safepoint    ] Total time for which application threads were stopped: 0.0011203 seconds, Stopping threads took: 0.0005456 seconds
[2022-06-13T02:08:01.196+0000][1][safepoint    ] Application time: 1.0001628 seconds
[2022-06-13T02:08:01.196+0000][1][safepoint    ] Entering safepoint region: Cleanup
[2022-06-13T02:08:01.197+0000][1][safepoint    ] Leaving safepoint region
[2022-06-13T02:08:01.197+0000][1][safepoint    ] Total time for which application threads were stopped: 0.0009557 seconds, Stopping threads took: 0.0004525 seconds
[2022-06-13T02:08:02.198+0000][1][safepoint    ] Application time: 1.0001889 seconds
[2022-06-13T02:08:02.198+0000][1][safepoint    ] Entering safepoint region: Cleanup
[2022-06-13T02:08:02.199+0000][1][safepoint    ] Leaving safepoint region
[2022-06-13T02:08:02.199+0000][1][safepoint    ] Total time for which application threads were stopped: 0.0006903 seconds, Stopping threads took: 0.0003378 seconds
[2022-06-13T02:08:03.200+0000][1][safepoint    ] Application time: 1.0001972 seconds
[2022-06-13T02:08:03.200+0000][1][safepoint    ] Entering safepoint region: Cleanup
[2022-06-13T02:08:03.201+0000][1][safepoint    ] Leaving safepoint region
[2022-06-13T02:08:03.201+0000][1][safepoint    ] Total time for which application threads were stopped: 0.0008552 seconds, Stopping threads took: 0.0004053 seconds
[2022-06-13T02:08:04.202+0000][1][safepoint    ] Application time: 1.0002477 seconds
[2022-06-13T02:08:04.202+0000][1][safepoint    ] Entering safepoint region: Cleanup
[2022-06-13T02:08:04.203+0000][1][safepoint    ] Leaving safepoint region
[2022-06-13T02:08:04.204+0000][1][safepoint    ] Total time for which application threads were stopped: 0.0011422 seconds, Stopping threads took: 0.0005127 seconds
[2022-06-13T02:08:05.204+0000][1][safepoint    ] Application time: 1.0002114 seconds
[2022-06-13T02:08:05.205+0000][1][safepoint    ] Entering safepoint region: Cleanup
[2022-06-13T02:08:05.205+0000][1][safepoint    ] Leaving safepoint region
[2022-06-13T02:08:05.206+0000][1][safepoint    ] Total time for which application threads were stopped: 0.0009807 seconds, Stopping threads took: 0.0004548 seconds
[2022-06-13T02:08:06.206+0000][1][safepoint    ] Application time: 1.0001436 seconds
[2022-06-13T02:08:06.207+0000][1][safepoint    ] Entering safepoint region: Cleanup
[2022-06-13T02:08:06.208+0000][1][safepoint    ] Leaving safepoint region
[2022-06-13T02:08:06.208+0000][1][safepoint    ] Total time for which application threads were stopped: 0.0009512 seconds, Stopping threads took: 0.0004078 seconds
[2022-06-13T02:08:07.209+0000][1][safepoint    ] Application time: 1.0001851 seconds
[2022-06-13T02:08:07.209+0000][1][safepoint    ] Entering safepoint region: Cleanup
[2022-06-13T02:08:07.210+0000][1][safepoint    ] Leaving safepoint region
[2022-06-13T02:08:07.210+0000][1][safepoint    ] Total time for which application threads were stopped: 0.0010466 seconds, Stopping threads took: 0.0004999 seconds
[2022-06-13T02:08:08.211+0000][1][safepoint    ] Application time: 1.0001541 seconds
[2022-06-13T02:08:08.211+0000][1][safepoint    ] Entering safepoint region: Cleanup
[2022-06-13T02:08:08.212+0000][1][safepoint    ] Leaving safepoint region
[2022-06-13T02:08:08.212+0000][1][safepoint    ] Total time for which application threads were stopped: 0.0009673 seconds, Stopping threads took: 0.0004265 seconds
[2022-06-13T02:08:08.680+0000][1][safepoint    ] Application time: 0.4675708 seconds
[2022-06-13T02:08:08.681+0000][1][safepoint    ] Entering safepoint region: GenCollectForAllocation
[2022-06-13T02:08:08.681+0000][1][gc,start     ] GC(22) Pause Young (Allocation Failure)
[2022-06-13T02:08:08.681+0000][1][gc,task      ] GC(22) Using 5 workers of 13 for evacuation
[2022-06-13T02:08:08.687+0000][1][gc,age       ] GC(22) Desired survivor size 4456448 bytes, new threshold 2 (max threshold 6)
[2022-06-13T02:08:08.688+0000][1][gc,age       ] GC(22) Age table with threshold 2 (max threshold 6)
[2022-06-13T02:08:08.688+0000][1][gc,age       ] GC(22) - age   1:     961200 bytes,     961200 total
[2022-06-13T02:08:08.688+0000][1][gc,age       ] GC(22) - age   2:    3912808 bytes,    4874008 total
[2022-06-13T02:08:08.688+0000][1][gc,heap      ] GC(22) ParNew: 78656K->8236K(78656K)
[2022-06-13T02:08:08.688+0000][1][gc,heap      ] GC(22) CMS: 59889K->64169K(174784K)
[2022-06-13T02:08:08.689+0000][1][gc,metaspace ] GC(22) Metaspace: 64697K->64697K(1107968K)
[2022-06-13T02:08:08.689+0000][1][gc           ] GC(22) Pause Young (Allocation Failure) 135M->70M(247M) 8.223ms
[2022-06-13T02:08:08.689+0000][1][gc,cpu       ] GC(22) User=0.02s Sys=0.00s Real=0.01s
[2022-06-13T02:08:08.690+0000][1][safepoint    ] Leaving safepoint region
[2022-06-13T02:08:08.690+0000][1][safepoint    ] Total time for which application threads were stopped: 0.0098203 seconds, Stopping threads took: 0.0001649 seconds
[2022-06-13T02:08:09.691+0000][1][safepoint    ] Application time: 1.0002423 seconds
[2022-06-13T02:08:09.691+0000][1][safepoint    ] Entering safepoint region: Cleanup
[2022-06-13T02:08:09.692+0000][1][safepoint    ] Leaving safepoint region
[2022-06-13T02:08:09.692+0000][1][safepoint    ] Total time for which application threads were stopped: 0.0007320 seconds, Stopping threads took: 0.0004098 seconds
[2022-06-13T02:08:10.693+0000][1][safepoint    ] Application time: 1.0003267 seconds
[2022-06-13T02:08:10.694+0000][1][safepoint    ] Entering safepoint region: Cleanup
[2022-06-13T02:08:10.694+0000][1][safepoint    ] Leaving safepoint region
[2022-06-13T02:08:10.695+0000][1][safepoint    ] Total time for which application threads were stopped: 0.0009803 seconds, Stopping threads took: 0.0006521 seconds
[2022-06-13T02:08:11.695+0000][1][safepoint    ] Application time: 1.0002252 seconds
[2022-06-13T02:08:11.696+0000][1][safepoint    ] Entering safepoint region: Cleanup
[2022-06-13T02:08:11.696+0000][1][safepoint    ] Leaving safepoint region
[2022-06-13T02:08:11.696+0000][1][safepoint    ] Total time for which application threads were stopped: 0.0007821 seconds, Stopping threads took: 0.0003457 seconds
[2022-06-13T02:08:12.697+0000][1][safepoint    ] Application time: 1.0002797 seconds
[2022-06-13T02:08:12.698+0000][1][safepoint    ] Entering safepoint region: Cleanup
[2022-06-13T02:08:12.698+0000][1][safepoint    ] Leaving safepoint region
[2022-06-13T02:08:12.698+0000][1][safepoint    ] Total time for which application threads were stopped: 0.0006865 seconds, Stopping threads took: 0.0002732 seconds
[2022-06-13T02:08:13.699+0000][1][safepoint    ] Application time: 1.0002768 seconds
[2022-06-13T02:08:13.700+0000][1][safepoint    ] Entering safepoint region: Cleanup
[2022-06-13T02:08:13.700+0000][1][safepoint    ] Leaving safepoint region
[2022-06-13T02:08:13.700+0000][1][safepoint    ] Total time for which application threads were stopped: 0.0008672 seconds, Stopping threads took: 0.0004089 seconds
[2022-06-13T02:08:14.701+0000][1][safepoint    ] Application time: 1.0001506 seconds
[2022-06-13T02:08:14.701+0000][1][safepoint    ] Entering safepoint region: Cleanup
[2022-06-13T02:08:14.702+0000][1][safepoint    ] Leaving safepoint region
[2022-06-13T02:08:14.702+0000][1][safepoint    ] Total time for which application threads were stopped: 0.0010046 seconds, Stopping threads took: 0.0004545 seconds
[2022-06-13T02:08:15.703+0000][1][safepoint    ] Application time: 1.0001003 seconds
[2022-06-13T02:08:15.703+0000][1][safepoint    ] Entering safepoint region: Cleanup
[2022-06-13T02:08:15.704+0000][1][safepoint    ] Leaving safepoint region
[2022-06-13T02:08:15.704+0000][1][safepoint    ] Total time for which application threads were stopped: 0.0008624 seconds, Stopping threads took: 0.0003969 seconds
[2022-06-13T02:08:16.705+0000][1][safepoint    ] Application time: 1.0003418 seconds
[2022-06-13T02:08:16.706+0000][1][safepoint    ] Entering safepoint region: Cleanup
[2022-06-13T02:08:16.706+0000][1][safepoint    ] Leaving safepoint region
[2022-06-13T02:08:16.706+0000][1][safepoint    ] Total time for which application threads were stopped: 0.0007741 seconds, Stopping threads took: 0.0004186 seconds
[2022-06-13T02:08:17.707+0000][1][safepoint    ] Application time: 1.0002418 seconds
[2022-06-13T02:08:17.708+0000][1][safepoint    ] Entering safepoint region: Cleanup
[2022-06-13T02:08:17.708+0000][1][safepoint    ] Leaving safepoint region
[2022-06-13T02:08:17.709+0000][1][safepoint    ] Total time for which application threads were stopped: 0.0010001 seconds, Stopping threads took: 0.0004464 seconds
[2022-06-13T02:08:18.709+0000][1][safepoint    ] Application time: 1.0001371 seconds
[2022-06-13T02:08:18.709+0000][1][safepoint    ] Entering safepoint region: Cleanup
[2022-06-13T02:08:18.710+0000][1][safepoint    ] Leaving safepoint region
[2022-06-13T02:08:18.710+0000][1][safepoint    ] Total time for which application threads were stopped: 0.0004610 seconds, Stopping threads took: 0.0001975 seconds
[2022-06-13T02:08:19.710+0000][1][safepoint    ] Application time: 1.0002273 seconds
[2022-06-13T02:08:19.711+0000][1][safepoint    ] Entering safepoint region: Cleanup
[2022-06-13T02:08:19.712+0000][1][safepoint    ] Leaving safepoint region
[2022-06-13T02:08:19.712+0000][1][safepoint    ] Total time for which application threads were stopped: 0.0010297 seconds, Stopping threads took: 0.0002587 seconds
[2022-06-13T02:08:20.713+0000][1][safepoint    ] Application time: 1.0001451 seconds
[2022-06-13T02:08:20.713+0000][1][safepoint    ] Entering safepoint region: Cleanup
[2022-06-13T02:08:20.714+0000][1][safepoint    ] Leaving safepoint region
[2022-06-13T02:08:20.714+0000][1][safepoint    ] Total time for which application threads were stopped: 0.0006061 seconds, Stopping threads took: 0.0002653 seconds
[2022-06-13T02:08:21.714+0000][1][safepoint    ] Application time: 1.0001964 seconds
[2022-06-13T02:08:21.715+0000][1][safepoint    ] Entering safepoint region: Cleanup
[2022-06-13T02:08:21.715+0000][1][safepoint    ] Leaving safepoint region
[2022-06-13T02:08:21.716+0000][1][safepoint    ] Total time for which application threads were stopped: 0.0008890 seconds, Stopping threads took: 0.0004161 seconds
[2022-06-13T02:08:22.716+0000][1][safepoint    ] Application time: 1.0002093 seconds
[2022-06-13T02:08:22.717+0000][1][safepoint    ] Entering safepoint region: Cleanup
[2022-06-13T02:08:22.718+0000][1][safepoint    ] Leaving safepoint region
[2022-06-13T02:08:22.718+0000][1][safepoint    ] Total time for which application threads were stopped: 0.0007081 seconds, Stopping threads took: 0.0003679 seconds
[2022-06-13T02:08:23.719+0000][1][safepoint    ] Application time: 1.0002099 seconds
[2022-06-13T02:08:23.719+0000][1][safepoint    ] Entering safepoint region: Cleanup
[2022-06-13T02:08:23.719+0000][1][safepoint    ] Leaving safepoint region
[2022-06-13T02:08:23.720+0000][1][safepoint    ] Total time for which application threads were stopped: 0.0009723 seconds, Stopping threads took: 0.0003158 seconds
[2022-06-13T02:08:24.720+0000][1][safepoint    ] Application time: 1.0001651 seconds
[2022-06-13T02:08:24.721+0000][1][safepoint    ] Entering safepoint region: Cleanup
[2022-06-13T02:08:24.721+0000][1][safepoint    ] Leaving safepoint region
[2022-06-13T02:08:24.721+0000][1][safepoint    ] Total time for which application threads were stopped: 0.0005749 seconds, Stopping threads took: 0.0002799 seconds
[2022-06-13T02:08:25.722+0000][1][safepoint    ] Application time: 1.0002698 seconds
[2022-06-13T02:08:25.722+0000][1][safepoint    ] Entering safepoint region: Cleanup
[2022-06-13T02:08:25.723+0000][1][safepoint    ] Leaving safepoint region
[2022-06-13T02:08:25.723+0000][1][safepoint    ] Total time for which application threads were stopped: 0.0009065 seconds, Stopping threads took: 0.0003927 seconds
[2022-06-13T02:08:26.724+0000][1][safepoint    ] Application time: 1.0002567 seconds
[2022-06-13T02:08:26.724+0000][1][safepoint    ] Entering safepoint region: Cleanup
[2022-06-13T02:08:26.725+0000][1][safepoint    ] Leaving safepoint region
[2022-06-13T02:08:26.725+0000][1][safepoint    ] Total time for which application threads were stopped: 0.0008133 seconds, Stopping threads took: 0.0003689 seconds
[2022-06-13T02:08:27.726+0000][1][safepoint    ] Application time: 1.0001839 seconds
[2022-06-13T02:08:27.726+0000][1][safepoint    ] Entering safepoint region: Cleanup
[2022-06-13T02:08:27.727+0000][1][safepoint    ] Leaving safepoint region
[2022-06-13T02:08:27.727+0000][1][safepoint    ] Total time for which application threads were stopped: 0.0004606 seconds, Stopping threads took: 0.0002523 seconds
[2022-06-13T02:08:28.727+0000][1][safepoint    ] Application time: 1.0001868 seconds
[2022-06-13T02:08:28.727+0000][1][safepoint    ] Entering safepoint region: Cleanup
[2022-06-13T02:08:28.728+0000][1][safepoint    ] Leaving safepoint region
[2022-06-13T02:08:28.728+0000][1][safepoint    ] Total time for which application threads were stopped: 0.0005958 seconds, Stopping threads took: 0.0002602 seconds
[2022-06-13T02:08:29.729+0000][1][safepoint    ] Application time: 1.0003485 seconds
[2022-06-13T02:08:29.729+0000][1][safepoint    ] Entering safepoint region: Cleanup
[2022-06-13T02:08:29.730+0000][1][safepoint    ] Leaving safepoint region
[2022-06-13T02:08:29.730+0000][1][safepoint    ] Total time for which application threads were stopped: 0.0006854 seconds, Stopping threads took: 0.0003246 seconds
[2022-06-13T02:08:30.730+0000][1][safepoint    ] Application time: 1.0003919 seconds
[2022-06-13T02:08:30.731+0000][1][safepoint    ] Entering safepoint region: Cleanup
[2022-06-13T02:08:30.732+0000][1][safepoint    ] Leaving safepoint region
[2022-06-13T02:08:30.732+0000][1][safepoint    ] Total time for which application threads were stopped: 0.0011368 seconds, Stopping threads took: 0.0006153 seconds
[2022-06-13T02:08:31.733+0000][1][safepoint    ] Application time: 1.0002294 seconds
[2022-06-13T02:08:31.733+0000][1][safepoint    ] Entering safepoint region: Cleanup
[2022-06-13T02:08:31.733+0000][1][safepoint    ] Leaving safepoint region
[2022-06-13T02:08:31.734+0000][1][safepoint    ] Total time for which application threads were stopped: 0.0005535 seconds, Stopping threads took: 0.0002195 seconds
[2022-06-13T02:08:32.734+0000][1][safepoint    ] Application time: 1.0001214 seconds
[2022-06-13T02:08:32.735+0000][1][safepoint    ] Entering safepoint region: Cleanup
[2022-06-13T02:08:32.735+0000][1][safepoint    ] Leaving safepoint region
[2022-06-13T02:08:32.736+0000][1][safepoint    ] Total time for which application threads were stopped: 0.0012175 seconds, Stopping threads took: 0.0005343 seconds
[2022-06-13T02:08:33.737+0000][1][safepoint    ] Application time: 1.0002557 seconds
[2022-06-13T02:08:33.737+0000][1][safepoint    ] Entering safepoint region: Cleanup
[2022-06-13T02:08:33.738+0000][1][safepoint    ] Leaving safepoint region
[2022-06-13T02:08:33.738+0000][1][safepoint    ] Total time for which application threads were stopped: 0.0010681 seconds, Stopping threads took: 0.0004083 seconds
[2022-06-13T02:08:34.739+0000][1][safepoint    ] Application time: 1.0002571 seconds
[2022-06-13T02:08:34.739+0000][1][safepoint    ] Entering safepoint region: Cleanup
[2022-06-13T02:08:34.740+0000][1][safepoint    ] Leaving safepoint region
[2022-06-13T02:08:34.740+0000][1][safepoint    ] Total time for which application threads were stopped: 0.0005446 seconds, Stopping threads took: 0.0002367 seconds
[2022-06-13T02:08:35.740+0000][1][safepoint    ] Application time: 1.0002190 seconds
[2022-06-13T02:08:35.741+0000][1][safepoint    ] Entering safepoint region: Cleanup
[2022-06-13T02:08:35.741+0000][1][safepoint    ] Leaving safepoint region
[2022-06-13T02:08:35.741+0000][1][safepoint    ] Total time for which application threads were stopped: 0.0006113 seconds, Stopping threads took: 0.0002146 seconds
[2022-06-13T02:08:36.742+0000][1][safepoint    ] Application time: 1.0002047 seconds
[2022-06-13T02:08:36.742+0000][1][safepoint    ] Entering safepoint region: Cleanup
[2022-06-13T02:08:36.743+0000][1][safepoint    ] Leaving safepoint region
[2022-06-13T02:08:36.744+0000][1][safepoint    ] Total time for which application threads were stopped: 0.0015096 seconds, Stopping threads took: 0.0008501 seconds
[2022-06-13T02:08:37.745+0000][1][safepoint    ] Application time: 1.0002114 seconds
[2022-06-13T02:08:37.745+0000][1][safepoint    ] Entering safepoint region: Cleanup
[2022-06-13T02:08:37.746+0000][1][safepoint    ] Leaving safepoint region
[2022-06-13T02:08:37.746+0000][1][safepoint    ] Total time for which application threads were stopped: 0.0010416 seconds, Stopping threads took: 0.0004608 seconds
[2022-06-13T02:08:38.747+0000][1][safepoint    ] Application time: 1.0001923 seconds
[2022-06-13T02:08:38.748+0000][1][safepoint    ] Entering safepoint region: Cleanup
[2022-06-13T02:08:38.748+0000][1][safepoint    ] Leaving safepoint region
[2022-06-13T02:08:38.748+0000][1][safepoint    ] Total time for which application threads were stopped: 0.0007363 seconds, Stopping threads took: 0.0003638 seconds
[2022-06-13T02:08:39.749+0000][1][safepoint    ] Application time: 1.0003020 seconds
[2022-06-13T02:08:39.750+0000][1][safepoint    ] Entering safepoint region: Cleanup
[2022-06-13T02:08:39.750+0000][1][safepoint    ] Leaving safepoint region
[2022-06-13T02:08:39.751+0000][1][safepoint    ] Total time for which application threads were stopped: 0.0012674 seconds, Stopping threads took: 0.0005961 seconds
[2022-06-13T02:08:40.752+0000][1][safepoint    ] Application time: 1.0003254 seconds
[2022-06-13T02:08:40.752+0000][1][safepoint    ] Entering safepoint region: Cleanup
[2022-06-13T02:08:40.753+0000][1][safepoint    ] Leaving safepoint region
[2022-06-13T02:08:40.753+0000][1][safepoint    ] Total time for which application threads were stopped: 0.0007635 seconds, Stopping threads took: 0.0003601 seconds
[2022-06-13T02:08:41.754+0000][1][safepoint    ] Application time: 1.0001427 seconds
[2022-06-13T02:08:41.754+0000][1][safepoint    ] Entering safepoint region: Cleanup
[2022-06-13T02:08:41.755+0000][1][safepoint    ] Leaving safepoint region
[2022-06-13T02:08:41.755+0000][1][safepoint    ] Total time for which application threads were stopped: 0.0010151 seconds, Stopping threads took: 0.0005535 seconds
[2022-06-13T02:08:42.756+0000][1][safepoint    ] Application time: 1.0002610 seconds
[2022-06-13T02:08:42.757+0000][1][safepoint    ] Entering safepoint region: Cleanup
[2022-06-13T02:08:42.757+0000][1][safepoint    ] Leaving safepoint region
[2022-06-13T02:08:42.758+0000][1][safepoint    ] Total time for which application threads were stopped: 0.0014951 seconds, Stopping threads took: 0.0006329 seconds
[2022-06-13T02:08:43.759+0000][1][safepoint    ] Application time: 1.0002074 seconds
[2022-06-13T02:08:43.760+0000][1][safepoint    ] Entering safepoint region: Cleanup
[2022-06-13T02:08:43.760+0000][1][safepoint    ] Leaving safepoint region
[2022-06-13T02:08:43.760+0000][1][safepoint    ] Total time for which application threads were stopped: 0.0007459 seconds, Stopping threads took: 0.0003686 seconds
[2022-06-13T02:08:44.761+0000][1][safepoint    ] Application time: 1.0001556 seconds
[2022-06-13T02:08:44.761+0000][1][safepoint    ] Entering safepoint region: Cleanup
[2022-06-13T02:08:44.762+0000][1][safepoint    ] Leaving safepoint region
[2022-06-13T02:08:44.762+0000][1][safepoint    ] Total time for which application threads were stopped: 0.0008920 seconds, Stopping threads took: 0.0004299 seconds
[2022-06-13T02:08:45.763+0000][1][safepoint    ] Application time: 1.0002283 seconds
[2022-06-13T02:08:45.764+0000][1][safepoint    ] Entering safepoint region: Cleanup
[2022-06-13T02:08:45.764+0000][1][safepoint    ] Leaving safepoint region
[2022-06-13T02:08:45.765+0000][1][safepoint    ] Total time for which application threads were stopped: 0.0010983 seconds, Stopping threads took: 0.0004891 seconds
[2022-06-13T02:08:46.765+0000][1][safepoint    ] Application time: 1.0002226 seconds
[2022-06-13T02:08:46.766+0000][1][safepoint    ] Entering safepoint region: Cleanup
[2022-06-13T02:08:46.766+0000][1][safepoint    ] Leaving safepoint region
[2022-06-13T02:08:46.766+0000][1][safepoint    ] Total time for which application threads were stopped: 0.0005708 seconds, Stopping threads took: 0.0002482 seconds
[2022-06-13T02:08:47.767+0000][1][safepoint    ] Application time: 1.0002027 seconds
[2022-06-13T02:08:47.767+0000][1][safepoint    ] Entering safepoint region: Cleanup
[2022-06-13T02:08:47.768+0000][1][safepoint    ] Leaving safepoint region
[2022-06-13T02:08:47.768+0000][1][safepoint    ] Total time for which application threads were stopped: 0.0008457 seconds, Stopping threads took: 0.0003732 seconds
[2022-06-13T02:08:48.769+0000][1][safepoint    ] Application time: 1.0004162 seconds
[2022-06-13T02:08:48.770+0000][1][safepoint    ] Entering safepoint region: Cleanup
[2022-06-13T02:08:48.770+0000][1][safepoint    ] Leaving safepoint region
[2022-06-13T02:08:48.771+0000][1][safepoint    ] Total time for which application threads were stopped: 0.0010685 seconds, Stopping threads took: 0.0004710 seconds
[2022-06-13T02:08:49.771+0000][1][safepoint    ] Application time: 1.0001733 seconds
[2022-06-13T02:08:49.772+0000][1][safepoint    ] Entering safepoint region: Cleanup
[2022-06-13T02:08:49.772+0000][1][safepoint    ] Leaving safepoint region
[2022-06-13T02:08:49.773+0000][1][safepoint    ] Total time for which application threads were stopped: 0.0007919 seconds, Stopping threads took: 0.0003677 seconds
[2022-06-13T02:08:50.773+0000][1][safepoint    ] Application time: 1.0002795 seconds
[2022-06-13T02:08:50.774+0000][1][safepoint    ] Entering safepoint region: Cleanup
[2022-06-13T02:08:50.775+0000][1][safepoint    ] Leaving safepoint region
[2022-06-13T02:08:50.775+0000][1][safepoint    ] Total time for which application threads were stopped: 0.0014768 seconds, Stopping threads took: 0.0006253 seconds
[2022-06-13T02:08:51.776+0000][1][safepoint    ] Application time: 1.0003796 seconds
[2022-06-13T02:08:51.777+0000][1][safepoint    ] Entering safepoint region: Cleanup
[2022-06-13T02:08:51.778+0000][1][safepoint    ] Leaving safepoint region
[2022-06-13T02:08:51.778+0000][1][safepoint    ] Total time for which application threads were stopped: 0.0009361 seconds, Stopping threads took: 0.0004168 seconds
[2022-06-13T02:08:52.778+0000][1][safepoint    ] Application time: 1.0001173 seconds
[2022-06-13T02:08:52.779+0000][1][safepoint    ] Entering safepoint region: Cleanup
[2022-06-13T02:08:52.779+0000][1][safepoint    ] Leaving safepoint region
[2022-06-13T02:08:52.779+0000][1][safepoint    ] Total time for which application threads were stopped: 0.0005346 seconds, Stopping threads took: 0.0002608 seconds
[2022-06-13T02:08:53.780+0000][1][safepoint    ] Application time: 1.0002621 seconds
[2022-06-13T02:08:53.780+0000][1][safepoint    ] Entering safepoint region: Cleanup
[2022-06-13T02:08:53.781+0000][1][safepoint    ] Leaving safepoint region
[2022-06-13T02:08:53.781+0000][1][safepoint    ] Total time for which application threads were stopped: 0.0010199 seconds, Stopping threads took: 0.0004684 seconds
[2022-06-13T02:08:54.782+0000][1][safepoint    ] Application time: 1.0001748 seconds
[2022-06-13T02:08:54.782+0000][1][safepoint    ] Entering safepoint region: Cleanup
[2022-06-13T02:08:54.783+0000][1][safepoint    ] Leaving safepoint region
[2022-06-13T02:08:54.783+0000][1][safepoint    ] Total time for which application threads were stopped: 0.0007208 seconds, Stopping threads took: 0.0003486 seconds
[2022-06-13T02:08:55.783+0000][1][safepoint    ] Application time: 1.0001847 seconds
[2022-06-13T02:08:55.784+0000][1][safepoint    ] Entering safepoint region: Cleanup
[2022-06-13T02:08:55.785+0000][1][safepoint    ] Leaving safepoint region
[2022-06-13T02:08:55.786+0000][1][safepoint    ] Total time for which application threads were stopped: 0.0014306 seconds, Stopping threads took: 0.0007351 seconds
[2022-06-13T02:08:56.786+0000][1][safepoint    ] Application time: 1.0001957 seconds
[2022-06-13T02:08:56.787+0000][1][safepoint    ] Entering safepoint region: Cleanup
[2022-06-13T02:08:56.787+0000][1][safepoint    ] Leaving safepoint region
[2022-06-13T02:08:56.788+0000][1][safepoint    ] Total time for which application threads were stopped: 0.0010862 seconds, Stopping threads took: 0.0004717 seconds
[2022-06-13T02:08:57.789+0000][1][safepoint    ] Application time: 1.0001665 seconds
[2022-06-13T02:08:57.789+0000][1][safepoint    ] Entering safepoint region: Cleanup
[2022-06-13T02:08:57.789+0000][1][safepoint    ] Leaving safepoint region
[2022-06-13T02:08:57.790+0000][1][safepoint    ] Total time for which application threads were stopped: 0.0008604 seconds, Stopping threads took: 0.0004180 seconds
[2022-06-13T02:08:58.790+0000][1][safepoint    ] Application time: 1.0001203 seconds
[2022-06-13T02:08:58.791+0000][1][safepoint    ] Entering safepoint region: Cleanup
[2022-06-13T02:08:58.791+0000][1][safepoint    ] Leaving safepoint region
[2022-06-13T02:08:58.792+0000][1][safepoint    ] Total time for which application threads were stopped: 0.0010316 seconds, Stopping threads took: 0.0005010 seconds
[2022-06-13T02:08:59.792+0000][1][safepoint    ] Application time: 1.0001848 seconds
[2022-06-13T02:08:59.793+0000][1][safepoint    ] Entering safepoint region: Cleanup
[2022-06-13T02:08:59.793+0000][1][safepoint    ] Leaving safepoint region
[2022-06-13T02:08:59.794+0000][1][safepoint    ] Total time for which application threads were stopped: 0.0008018 seconds, Stopping threads took: 0.0003924 seconds
[2022-06-13T02:09:00.794+0000][1][safepoint    ] Application time: 1.0003166 seconds
[2022-06-13T02:09:00.795+0000][1][safepoint    ] Entering safepoint region: Cleanup
[2022-06-13T02:09:00.795+0000][1][safepoint    ] Leaving safepoint region
[2022-06-13T02:09:00.796+0000][1][safepoint    ] Total time for which application threads were stopped: 0.0010341 seconds, Stopping threads took: 0.0004340 seconds
[2022-06-13T02:09:01.797+0000][1][safepoint    ] Application time: 1.0003603 seconds
[2022-06-13T02:09:01.797+0000][1][safepoint    ] Entering safepoint region: Cleanup
[2022-06-13T02:09:01.798+0000][1][safepoint    ] Leaving safepoint region
[2022-06-13T02:09:01.798+0000][1][safepoint    ] Total time for which application threads were stopped: 0.0009635 seconds, Stopping threads took: 0.0004652 seconds
[2022-06-13T02:09:02.799+0000][1][safepoint    ] Application time: 1.0001971 seconds
[2022-06-13T02:09:02.799+0000][1][safepoint    ] Entering safepoint region: Cleanup
[2022-06-13T02:09:02.800+0000][1][safepoint    ] Leaving safepoint region
[2022-06-13T02:09:02.800+0000][1][safepoint    ] Total time for which application threads were stopped: 0.0007949 seconds, Stopping threads took: 0.0003821 seconds
[2022-06-13T02:09:03.801+0000][1][safepoint    ] Application time: 1.0002349 seconds
[2022-06-13T02:09:03.802+0000][1][safepoint    ] Entering safepoint region: Cleanup
[2022-06-13T02:09:03.802+0000][1][safepoint    ] Leaving safepoint region
[2022-06-13T02:09:03.803+0000][1][safepoint    ] Total time for which application threads were stopped: 0.0010499 seconds, Stopping threads took: 0.0005578 seconds
[2022-06-13T02:09:04.803+0000][1][safepoint    ] Application time: 1.0001204 seconds
[2022-06-13T02:09:04.803+0000][1][safepoint    ] Entering safepoint region: Cleanup
[2022-06-13T02:09:04.804+0000][1][safepoint    ] Leaving safepoint region
[2022-06-13T02:09:04.804+0000][1][safepoint    ] Total time for which application threads were stopped: 0.0009320 seconds, Stopping threads took: 0.0004275 seconds
[2022-06-13T02:09:05.805+0000][1][safepoint    ] Application time: 1.0001613 seconds
[2022-06-13T02:09:05.805+0000][1][safepoint    ] Entering safepoint region: Cleanup
[2022-06-13T02:09:05.806+0000][1][safepoint    ] Leaving safepoint region
[2022-06-13T02:09:05.806+0000][1][safepoint    ] Total time for which application threads were stopped: 0.0010843 seconds, Stopping threads took: 0.0004356 seconds
[2022-06-13T02:09:06.807+0000][1][safepoint    ] Application time: 1.0002383 seconds
[2022-06-13T02:09:06.807+0000][1][safepoint    ] Entering safepoint region: Cleanup
[2022-06-13T02:09:06.808+0000][1][safepoint    ] Leaving safepoint region
[2022-06-13T02:09:06.808+0000][1][safepoint    ] Total time for which application threads were stopped: 0.0006391 seconds, Stopping threads took: 0.0002979 seconds
[2022-06-13T02:09:07.808+0000][1][safepoint    ] Application time: 1.0001321 seconds
[2022-06-13T02:09:07.809+0000][1][safepoint    ] Entering safepoint region: Cleanup
[2022-06-13T02:09:07.809+0000][1][safepoint    ] Leaving safepoint region
[2022-06-13T02:09:07.809+0000][1][safepoint    ] Total time for which application threads were stopped: 0.0009029 seconds, Stopping threads took: 0.0003938 seconds
[2022-06-13T02:09:08.810+0000][1][safepoint    ] Application time: 1.0002976 seconds
[2022-06-13T02:09:08.811+0000][1][safepoint    ] Entering safepoint region: Cleanup
[2022-06-13T02:09:08.811+0000][1][safepoint    ] Leaving safepoint region
[2022-06-13T02:09:08.812+0000][1][safepoint    ] Total time for which application threads were stopped: 0.0010300 seconds, Stopping threads took: 0.0003860 seconds
[2022-06-13T02:09:09.812+0000][1][safepoint    ] Application time: 1.0001814 seconds
[2022-06-13T02:09:09.813+0000][1][safepoint    ] Entering safepoint region: Cleanup
[2022-06-13T02:09:09.813+0000][1][safepoint    ] Leaving safepoint region
[2022-06-13T02:09:09.813+0000][1][safepoint    ] Total time for which application threads were stopped: 0.0005612 seconds, Stopping threads took: 0.0001963 seconds
[2022-06-13T02:09:10.814+0000][1][safepoint    ] Application time: 1.0001150 seconds
[2022-06-13T02:09:10.814+0000][1][safepoint    ] Entering safepoint region: Cleanup
[2022-06-13T02:09:10.815+0000][1][safepoint    ] Leaving safepoint region
[2022-06-13T02:09:10.815+0000][1][safepoint    ] Total time for which application threads were stopped: 0.0009217 seconds, Stopping threads took: 0.0004460 seconds
[2022-06-13T02:09:11.815+0000][1][safepoint    ] Application time: 1.0001206 seconds
[2022-06-13T02:09:11.816+0000][1][safepoint    ] Entering safepoint region: Cleanup
[2022-06-13T02:09:11.816+0000][1][safepoint    ] Leaving safepoint region
[2022-06-13T02:09:11.817+0000][1][safepoint    ] Total time for which application threads were stopped: 0.0009262 seconds, Stopping threads took: 0.0004617 seconds
[2022-06-13T02:09:12.817+0000][1][safepoint    ] Application time: 1.0001553 seconds
[2022-06-13T02:09:12.818+0000][1][safepoint    ] Entering safepoint region: Cleanup
[2022-06-13T02:09:12.819+0000][1][safepoint    ] Leaving safepoint region
[2022-06-13T02:09:12.819+0000][1][safepoint    ] Total time for which application threads were stopped: 0.0012127 seconds, Stopping threads took: 0.0005837 seconds
[2022-06-13T02:09:13.820+0000][1][safepoint    ] Application time: 1.0001965 seconds
[2022-06-13T02:09:13.821+0000][1][safepoint    ] Entering safepoint region: Cleanup
[2022-06-13T02:09:13.821+0000][1][safepoint    ] Leaving safepoint region
[2022-06-13T02:09:13.822+0000][1][safepoint    ] Total time for which application threads were stopped: 0.0010824 seconds, Stopping threads took: 0.0005024 seconds
[2022-06-13T02:09:14.822+0000][1][safepoint    ] Application time: 1.0003372 seconds
[2022-06-13T02:09:14.823+0000][1][safepoint    ] Entering safepoint region: Cleanup
[2022-06-13T02:09:14.824+0000][1][safepoint    ] Leaving safepoint region
[2022-06-13T02:09:14.825+0000][1][safepoint    ] Total time for which application threads were stopped: 0.0015225 seconds, Stopping threads took: 0.0006776 seconds
[2022-06-13T02:09:15.825+0000][1][safepoint    ] Application time: 1.0001186 seconds
[2022-06-13T02:09:15.826+0000][1][safepoint    ] Entering safepoint region: Cleanup
[2022-06-13T02:09:15.826+0000][1][safepoint    ] Leaving safepoint region
[2022-06-13T02:09:15.826+0000][1][safepoint    ] Total time for which application threads were stopped: 0.0003487 seconds, Stopping threads took: 0.0001398 seconds
[2022-06-13T02:09:16.827+0000][1][safepoint    ] Application time: 1.0003548 seconds
[2022-06-13T02:09:16.827+0000][1][safepoint    ] Entering safepoint region: Cleanup
[2022-06-13T02:09:16.828+0000][1][safepoint    ] Leaving safepoint region
[2022-06-13T02:09:16.828+0000][1][safepoint    ] Total time for which application threads were stopped: 0.0013465 seconds, Stopping threads took: 0.0005571 seconds
[2022-06-13T02:09:17.829+0000][1][safepoint    ] Application time: 1.0003593 seconds
[2022-06-13T02:09:17.830+0000][1][safepoint    ] Entering safepoint region: Cleanup
[2022-06-13T02:09:17.830+0000][1][safepoint    ] Leaving safepoint region
[2022-06-13T02:09:17.831+0000][1][safepoint    ] Total time for which application threads were stopped: 0.0009060 seconds, Stopping threads took: 0.0004096 seconds
[2022-06-13T02:09:18.831+0000][1][safepoint    ] Application time: 1.0002848 seconds
[2022-06-13T02:09:18.832+0000][1][safepoint    ] Entering safepoint region: Cleanup
[2022-06-13T02:09:18.833+0000][1][safepoint    ] Leaving safepoint region
[2022-06-13T02:09:18.833+0000][1][safepoint    ] Total time for which application threads were stopped: 0.0013350 seconds, Stopping threads took: 0.0005871 seconds
[2022-06-13T02:09:19.834+0000][1][safepoint    ] Application time: 1.0003446 seconds
[2022-06-13T02:09:19.835+0000][1][safepoint    ] Entering safepoint region: Cleanup
[2022-06-13T02:09:19.836+0000][1][safepoint    ] Leaving safepoint region
[2022-06-13T02:09:19.836+0000][1][safepoint    ] Total time for which application threads were stopped: 0.0011878 seconds, Stopping threads took: 0.0005648 seconds
[2022-06-13T02:09:20.836+0000][1][safepoint    ] Application time: 1.0001202 seconds
[2022-06-13T02:09:20.837+0000][1][safepoint    ] Entering safepoint region: Cleanup
[2022-06-13T02:09:20.837+0000][1][safepoint    ] Leaving safepoint region
[2022-06-13T02:09:20.837+0000][1][safepoint    ] Total time for which application threads were stopped: 0.0005511 seconds, Stopping threads took: 0.0001675 seconds
[2022-06-13T02:09:21.838+0000][1][safepoint    ] Application time: 1.0001662 seconds
[2022-06-13T02:09:21.838+0000][1][safepoint    ] Entering safepoint region: Cleanup
[2022-06-13T02:09:21.839+0000][1][safepoint    ] Leaving safepoint region
[2022-06-13T02:09:21.840+0000][1][safepoint    ] Total time for which application threads were stopped: 0.0019157 seconds, Stopping threads took: 0.0006537 seconds
[2022-06-13T02:09:22.841+0000][1][safepoint    ] Application time: 1.0002232 seconds
[2022-06-13T02:09:22.842+0000][1][safepoint    ] Entering safepoint region: Cleanup
[2022-06-13T02:09:22.842+0000][1][safepoint    ] Leaving safepoint region
[2022-06-13T02:09:22.842+0000][1][safepoint    ] Total time for which application threads were stopped: 0.0007071 seconds, Stopping threads took: 0.0003533 seconds
[2022-06-13T02:09:23.843+0000][1][safepoint    ] Application time: 1.0004178 seconds
[2022-06-13T02:09:23.843+0000][1][safepoint    ] Entering safepoint region: Cleanup
[2022-06-13T02:09:23.844+0000][1][safepoint    ] Leaving safepoint region
[2022-06-13T02:09:23.844+0000][1][safepoint    ] Total time for which application threads were stopped: 0.0006664 seconds, Stopping threads took: 0.0003066 seconds
[2022-06-13T02:09:24.845+0000][1][safepoint    ] Application time: 1.0002903 seconds
[2022-06-13T02:09:24.845+0000][1][safepoint    ] Entering safepoint region: Cleanup
[2022-06-13T02:09:24.846+0000][1][safepoint    ] Leaving safepoint region
[2022-06-13T02:09:24.846+0000][1][safepoint    ] Total time for which application threads were stopped: 0.0010133 seconds, Stopping threads took: 0.0005204 seconds
[2022-06-13T02:09:25.847+0000][1][safepoint    ] Application time: 1.0001834 seconds
[2022-06-13T02:09:25.847+0000][1][safepoint    ] Entering safepoint region: Cleanup
[2022-06-13T02:09:25.847+0000][1][safepoint    ] Leaving safepoint region
[2022-06-13T02:09:25.848+0000][1][safepoint    ] Total time for which application threads were stopped: 0.0006140 seconds, Stopping threads took: 0.0002579 seconds
[2022-06-13T02:09:26.848+0000][1][safepoint    ] Application time: 1.0002094 seconds
[2022-06-13T02:09:26.848+0000][1][safepoint    ] Entering safepoint region: Cleanup
[2022-06-13T02:09:26.849+0000][1][safepoint    ] Leaving safepoint region
[2022-06-13T02:09:26.849+0000][1][safepoint    ] Total time for which application threads were stopped: 0.0005286 seconds, Stopping threads took: 0.0002035 seconds
[2022-06-13T02:09:27.849+0000][1][safepoint    ] Application time: 1.0001601 seconds
[2022-06-13T02:09:27.850+0000][1][safepoint    ] Entering safepoint region: Cleanup
[2022-06-13T02:09:27.850+0000][1][safepoint    ] Leaving safepoint region
[2022-06-13T02:09:27.851+0000][1][safepoint    ] Total time for which application threads were stopped: 0.0013031 seconds, Stopping threads took: 0.0005989 seconds
[2022-06-13T02:09:28.852+0000][1][safepoint    ] Application time: 1.0002066 seconds
[2022-06-13T02:09:28.852+0000][1][safepoint    ] Entering safepoint region: Cleanup
[2022-06-13T02:09:28.853+0000][1][safepoint    ] Leaving safepoint region
[2022-06-13T02:09:28.853+0000][1][safepoint    ] Total time for which application threads were stopped: 0.0010645 seconds, Stopping threads took: 0.0005072 seconds
[2022-06-13T02:09:29.854+0000][1][safepoint    ] Application time: 1.0002774 seconds
[2022-06-13T02:09:29.854+0000][1][safepoint    ] Entering safepoint region: Cleanup
[2022-06-13T02:09:29.855+0000][1][safepoint    ] Leaving safepoint region
[2022-06-13T02:09:29.855+0000][1][safepoint    ] Total time for which application threads were stopped: 0.0009196 seconds, Stopping threads took: 0.0004385 seconds
[2022-06-13T02:09:30.856+0000][1][safepoint    ] Application time: 1.0002896 seconds
[2022-06-13T02:09:30.857+0000][1][safepoint    ] Entering safepoint region: Cleanup
[2022-06-13T02:09:30.857+0000][1][safepoint    ] Leaving safepoint region
[2022-06-13T02:09:30.857+0000][1][safepoint    ] Total time for which application threads were stopped: 0.0006778 seconds, Stopping threads took: 0.0003021 seconds
[2022-06-13T02:09:31.858+0000][1][safepoint    ] Application time: 1.0001352 seconds
[2022-06-13T02:09:31.858+0000][1][safepoint    ] Entering safepoint region: Cleanup
[2022-06-13T02:09:31.859+0000][1][safepoint    ] Leaving safepoint region
[2022-06-13T02:09:31.860+0000][1][safepoint    ] Total time for which application threads were stopped: 0.0011756 seconds, Stopping threads took: 0.0005385 seconds
[2022-06-13T02:09:32.860+0000][1][safepoint    ] Application time: 1.0002530 seconds
[2022-06-13T02:09:32.861+0000][1][safepoint    ] Entering safepoint region: Cleanup
[2022-06-13T02:09:32.862+0000][1][safepoint    ] Leaving safepoint region
[2022-06-13T02:09:32.862+0000][1][safepoint    ] Total time for which application threads were stopped: 0.0011417 seconds, Stopping threads took: 0.0005289 seconds
[2022-06-13T02:09:33.863+0000][1][safepoint    ] Application time: 1.0001381 seconds
[2022-06-13T02:09:33.863+0000][1][safepoint    ] Entering safepoint region: Cleanup
[2022-06-13T02:09:33.864+0000][1][safepoint    ] Leaving safepoint region
[2022-06-13T02:09:33.864+0000][1][safepoint    ] Total time for which application threads were stopped: 0.0004433 seconds, Stopping threads took: 0.0001759 seconds
[2022-06-13T02:09:34.864+0000][1][safepoint    ] Application time: 1.0003155 seconds
[2022-06-13T02:09:34.865+0000][1][safepoint    ] Entering safepoint region: Cleanup
[2022-06-13T02:09:34.865+0000][1][safepoint    ] Leaving safepoint region
[2022-06-13T02:09:34.866+0000][1][safepoint    ] Total time for which application threads were stopped: 0.0010660 seconds, Stopping threads took: 0.0004569 seconds
[2022-06-13T02:09:35.866+0000][1][safepoint    ] Application time: 1.0002996 seconds
[2022-06-13T02:09:35.867+0000][1][safepoint    ] Entering safepoint region: Cleanup
[2022-06-13T02:09:35.867+0000][1][safepoint    ] Leaving safepoint region
[2022-06-13T02:09:35.868+0000][1][safepoint    ] Total time for which application threads were stopped: 0.0008946 seconds, Stopping threads took: 0.0004174 seconds
[2022-06-13T02:09:36.868+0000][1][safepoint    ] Application time: 1.0002073 seconds
[2022-06-13T02:09:36.869+0000][1][safepoint    ] Entering safepoint region: Cleanup
[2022-06-13T02:09:36.869+0000][1][safepoint    ] Leaving safepoint region
[2022-06-13T02:09:36.870+0000][1][safepoint    ] Total time for which application threads were stopped: 0.0008312 seconds, Stopping threads took: 0.0003975 seconds
[2022-06-13T02:09:37.870+0000][1][safepoint    ] Application time: 1.0003274 seconds
[2022-06-13T02:09:37.871+0000][1][safepoint    ] Entering safepoint region: Cleanup
[2022-06-13T02:09:37.871+0000][1][safepoint    ] Leaving safepoint region
[2022-06-13T02:09:37.872+0000][1][safepoint    ] Total time for which application threads were stopped: 0.0008630 seconds, Stopping threads took: 0.0003801 seconds
[2022-06-13T02:09:38.872+0000][1][safepoint    ] Application time: 1.0003523 seconds
[2022-06-13T02:09:38.873+0000][1][safepoint    ] Entering safepoint region: Cleanup
[2022-06-13T02:09:38.873+0000][1][safepoint    ] Leaving safepoint region
[2022-06-13T02:09:38.874+0000][1][safepoint    ] Total time for which application threads were stopped: 0.0009238 seconds, Stopping threads took: 0.0004375 seconds
[2022-06-13T02:09:39.875+0000][1][safepoint    ] Application time: 1.0002643 seconds
[2022-06-13T02:09:39.875+0000][1][safepoint    ] Entering safepoint region: Cleanup
[2022-06-13T02:09:39.875+0000][1][safepoint    ] Leaving safepoint region
[2022-06-13T02:09:39.876+0000][1][safepoint    ] Total time for which application threads were stopped: 0.0006101 seconds, Stopping threads took: 0.0002373 seconds
[2022-06-13T02:09:40.876+0000][1][safepoint    ] Application time: 1.0002056 seconds
[2022-06-13T02:09:40.877+0000][1][safepoint    ] Entering safepoint region: Cleanup
[2022-06-13T02:09:40.877+0000][1][safepoint    ] Leaving safepoint region
[2022-06-13T02:09:40.878+0000][1][safepoint    ] Total time for which application threads were stopped: 0.0011218 seconds, Stopping threads took: 0.0004758 seconds
[2022-06-13T02:09:41.879+0000][1][safepoint    ] Application time: 1.0003782 seconds
[2022-06-13T02:09:41.879+0000][1][safepoint    ] Entering safepoint region: Cleanup
[2022-06-13T02:09:41.880+0000][1][safepoint    ] Leaving safepoint region
[2022-06-13T02:09:41.880+0000][1][safepoint    ] Total time for which application threads were stopped: 0.0009583 seconds, Stopping threads took: 0.0003636 seconds
[2022-06-13T02:09:42.881+0000][1][safepoint    ] Application time: 1.0001395 seconds
[2022-06-13T02:09:42.881+0000][1][safepoint    ] Entering safepoint region: Cleanup
[2022-06-13T02:09:42.882+0000][1][safepoint    ] Leaving safepoint region
[2022-06-13T02:09:42.882+0000][1][safepoint    ] Total time for which application threads were stopped: 0.0014004 seconds, Stopping threads took: 0.0006011 seconds
[2022-06-13T02:09:43.883+0000][1][safepoint    ] Application time: 1.0002332 seconds
[2022-06-13T02:09:43.884+0000][1][safepoint    ] Entering safepoint region: Cleanup
[2022-06-13T02:09:43.884+0000][1][safepoint    ] Leaving safepoint region
[2022-06-13T02:09:43.885+0000][1][safepoint    ] Total time for which application threads were stopped: 0.0011212 seconds, Stopping threads took: 0.0004968 seconds
[2022-06-13T02:09:44.886+0000][1][safepoint    ] Application time: 1.0001959 seconds
[2022-06-13T02:09:44.886+0000][1][safepoint    ] Entering safepoint region: Cleanup
[2022-06-13T02:09:44.886+0000][1][safepoint    ] Leaving safepoint region
[2022-06-13T02:09:44.887+0000][1][safepoint    ] Total time for which application threads were stopped: 0.0006682 seconds, Stopping threads took: 0.0003020 seconds
[2022-06-13T02:09:45.887+0000][1][safepoint    ] Application time: 1.0003499 seconds
[2022-06-13T02:09:45.888+0000][1][safepoint    ] Entering safepoint region: Cleanup
[2022-06-13T02:09:45.888+0000][1][safepoint    ] Leaving safepoint region
[2022-06-13T02:09:45.889+0000][1][safepoint    ] Total time for which application threads were stopped: 0.0009660 seconds, Stopping threads took: 0.0004697 seconds
[2022-06-13T02:09:46.889+0000][1][safepoint    ] Application time: 1.0002470 seconds
[2022-06-13T02:09:46.890+0000][1][safepoint    ] Entering safepoint region: Cleanup
[2022-06-13T02:09:46.890+0000][1][safepoint    ] Leaving safepoint region
[2022-06-13T02:09:46.891+0000][1][safepoint    ] Total time for which application threads were stopped: 0.0009444 seconds, Stopping threads took: 0.0004527 seconds
[2022-06-13T02:09:47.891+0000][1][safepoint    ] Application time: 1.0001714 seconds
[2022-06-13T02:09:47.892+0000][1][safepoint    ] Entering safepoint region: Cleanup
[2022-06-13T02:09:47.892+0000][1][safepoint    ] Leaving safepoint region
[2022-06-13T02:09:47.893+0000][1][safepoint    ] Total time for which application threads were stopped: 0.0010924 seconds, Stopping threads took: 0.0005191 seconds
[2022-06-13T02:09:48.893+0000][1][safepoint    ] Application time: 1.0002983 seconds
[2022-06-13T02:09:48.894+0000][1][safepoint    ] Entering safepoint region: Cleanup
[2022-06-13T02:09:48.895+0000][1][safepoint    ] Leaving safepoint region
[2022-06-13T02:09:48.895+0000][1][safepoint    ] Total time for which application threads were stopped: 0.0009826 seconds, Stopping threads took: 0.0004417 seconds
[2022-06-13T02:09:49.896+0000][1][safepoint    ] Application time: 1.0002147 seconds
[2022-06-13T02:09:49.896+0000][1][safepoint    ] Entering safepoint region: Cleanup
[2022-06-13T02:09:49.897+0000][1][safepoint    ] Leaving safepoint region
[2022-06-13T02:09:49.897+0000][1][safepoint    ] Total time for which application threads were stopped: 0.0007292 seconds, Stopping threads took: 0.0003040 seconds
[2022-06-13T02:09:50.897+0000][1][safepoint    ] Application time: 1.0001809 seconds
[2022-06-13T02:09:50.898+0000][1][safepoint    ] Entering safepoint region: Cleanup
[2022-06-13T02:09:50.899+0000][1][safepoint    ] Leaving safepoint region
[2022-06-13T02:09:50.899+0000][1][safepoint    ] Total time for which application threads were stopped: 0.0013314 seconds, Stopping threads took: 0.0006945 seconds
[2022-06-13T02:09:51.900+0000][1][safepoint    ] Application time: 1.0002364 seconds
[2022-06-13T02:09:51.901+0000][1][safepoint    ] Entering safepoint region: Cleanup
[2022-06-13T02:09:51.901+0000][1][safepoint    ] Leaving safepoint region
[2022-06-13T02:09:51.901+0000][1][safepoint    ] Total time for which application threads were stopped: 0.0008648 seconds, Stopping threads took: 0.0003576 seconds
[2022-06-13T02:09:52.902+0000][1][safepoint    ] Application time: 1.0002171 seconds
[2022-06-13T02:09:52.903+0000][1][safepoint    ] Entering safepoint region: Cleanup
[2022-06-13T02:09:52.903+0000][1][safepoint    ] Leaving safepoint region
[2022-06-13T02:09:52.904+0000][1][safepoint    ] Total time for which application threads were stopped: 0.0011509 seconds, Stopping threads took: 0.0005439 seconds
[2022-06-13T02:09:53.905+0000][1][safepoint    ] Application time: 1.0002789 seconds
[2022-06-13T02:09:53.905+0000][1][safepoint    ] Entering safepoint region: Cleanup
[2022-06-13T02:09:53.905+0000][1][safepoint    ] Leaving safepoint region
[2022-06-13T02:09:53.906+0000][1][safepoint    ] Total time for which application threads were stopped: 0.0010790 seconds, Stopping threads took: 0.0004651 seconds
[2022-06-13T02:09:54.907+0000][1][safepoint    ] Application time: 1.0001260 seconds
[2022-06-13T02:09:54.907+0000][1][safepoint    ] Entering safepoint region: Cleanup
[2022-06-13T02:09:54.907+0000][1][safepoint    ] Leaving safepoint region
[2022-06-13T02:09:54.907+0000][1][safepoint    ] Total time for which application threads were stopped: 0.0005222 seconds, Stopping threads took: 0.0002604 seconds
[2022-06-13T02:09:55.908+0000][1][safepoint    ] Application time: 1.0003028 seconds
[2022-06-13T02:09:55.909+0000][1][safepoint    ] Entering safepoint region: Cleanup
[2022-06-13T02:09:55.909+0000][1][safepoint    ] Leaving safepoint region
[2022-06-13T02:09:55.909+0000][1][safepoint    ] Total time for which application threads were stopped: 0.0009072 seconds, Stopping threads took: 0.0004641 seconds
[2022-06-13T02:09:56.910+0000][1][safepoint    ] Application time: 1.0002609 seconds
[2022-06-13T02:09:56.911+0000][1][safepoint    ] Entering safepoint region: Cleanup
[2022-06-13T02:09:56.911+0000][1][safepoint    ] Leaving safepoint region
[2022-06-13T02:09:56.912+0000][1][safepoint    ] Total time for which application threads were stopped: 0.0010319 seconds, Stopping threads took: 0.0003910 seconds
[2022-06-13T02:09:57.912+0000][1][safepoint    ] Application time: 1.0001922 seconds
[2022-06-13T02:09:57.913+0000][1][safepoint    ] Entering safepoint region: Cleanup
[2022-06-13T02:09:57.913+0000][1][safepoint    ] Leaving safepoint region
[2022-06-13T02:09:57.913+0000][1][safepoint    ] Total time for which application threads were stopped: 0.0007336 seconds, Stopping threads took: 0.0003397 seconds
[2022-06-13T02:09:58.914+0000][1][safepoint    ] Application time: 1.0001953 seconds
[2022-06-13T02:09:58.914+0000][1][safepoint    ] Entering safepoint region: Cleanup
[2022-06-13T02:09:58.915+0000][1][safepoint    ] Leaving safepoint region
[2022-06-13T02:09:58.915+0000][1][safepoint    ] Total time for which application threads were stopped: 0.0009214 seconds, Stopping threads took: 0.0004537 seconds
[2022-06-13T02:09:59.916+0000][1][safepoint    ] Application time: 1.0003266 seconds
[2022-06-13T02:09:59.917+0000][1][safepoint    ] Entering safepoint region: Cleanup
[2022-06-13T02:09:59.918+0000][1][safepoint    ] Leaving safepoint region
[2022-06-13T02:09:59.918+0000][1][safepoint    ] Total time for which application threads were stopped: 0.0011926 seconds, Stopping threads took: 0.0005342 seconds
[2022-06-13T02:10:00.919+0000][1][safepoint    ] Application time: 1.0002608 seconds
[2022-06-13T02:10:00.920+0000][1][safepoint    ] Entering safepoint region: Cleanup
[2022-06-13T02:10:00.920+0000][1][safepoint    ] Leaving safepoint region
[2022-06-13T02:10:00.921+0000][1][safepoint    ] Total time for which application threads were stopped: 0.0010493 seconds, Stopping threads took: 0.0005209 seconds
[2022-06-13T02:10:01.921+0000][1][safepoint    ] Application time: 1.0001858 seconds
[2022-06-13T02:10:01.922+0000][1][safepoint    ] Entering safepoint region: Cleanup
[2022-06-13T02:10:01.922+0000][1][safepoint    ] Leaving safepoint region
[2022-06-13T02:10:01.923+0000][1][safepoint    ] Total time for which application threads were stopped: 0.0010245 seconds, Stopping threads took: 0.0004467 seconds
[2022-06-13T02:10:02.923+0000][1][safepoint    ] Application time: 1.0002013 seconds
[2022-06-13T02:10:02.924+0000][1][safepoint    ] Entering safepoint region: Cleanup
[2022-06-13T02:10:02.924+0000][1][safepoint    ] Leaving safepoint region
[2022-06-13T02:10:02.924+0000][1][safepoint    ] Total time for which application threads were stopped: 0.0008024 seconds, Stopping threads took: 0.0003458 seconds
[2022-06-13T02:10:03.925+0000][1][safepoint    ] Application time: 1.0002269 seconds
[2022-06-13T02:10:03.926+0000][1][safepoint    ] Entering safepoint region: Cleanup
[2022-06-13T02:10:03.926+0000][1][safepoint    ] Leaving safepoint region
[2022-06-13T02:10:03.926+0000][1][safepoint    ] Total time for which application threads were stopped: 0.0009128 seconds, Stopping threads took: 0.0004034 seconds
[2022-06-13T02:10:04.927+0000][1][safepoint    ] Application time: 1.0002818 seconds
[2022-06-13T02:10:04.928+0000][1][safepoint    ] Entering safepoint region: Cleanup
[2022-06-13T02:10:04.928+0000][1][safepoint    ] Leaving safepoint region
[2022-06-13T02:10:04.929+0000][1][safepoint    ] Total time for which application threads were stopped: 0.0008957 seconds, Stopping threads took: 0.0004037 seconds
[2022-06-13T02:10:05.929+0000][1][safepoint    ] Application time: 1.0002506 seconds
[2022-06-13T02:10:05.930+0000][1][safepoint    ] Entering safepoint region: Cleanup
[2022-06-13T02:10:05.930+0000][1][safepoint    ] Leaving safepoint region
[2022-06-13T02:10:05.930+0000][1][safepoint    ] Total time for which application threads were stopped: 0.0006374 seconds, Stopping threads took: 0.0002970 seconds
[2022-06-13T02:10:06.931+0000][1][safepoint    ] Application time: 1.0001264 seconds
[2022-06-13T02:10:06.931+0000][1][safepoint    ] Entering safepoint region: Cleanup
[2022-06-13T02:10:06.931+0000][1][safepoint    ] Leaving safepoint region
[2022-06-13T02:10:06.931+0000][1][safepoint    ] Total time for which application threads were stopped: 0.0004109 seconds, Stopping threads took: 0.0001875 seconds
[2022-06-13T02:10:07.932+0000][1][safepoint    ] Application time: 1.0001332 seconds
[2022-06-13T02:10:07.932+0000][1][safepoint    ] Entering safepoint region: Cleanup
[2022-06-13T02:10:07.932+0000][1][safepoint    ] Leaving safepoint region
[2022-06-13T02:10:07.932+0000][1][safepoint    ] Total time for which application threads were stopped: 0.0005072 seconds, Stopping threads took: 0.0002308 seconds
[2022-06-13T02:10:08.933+0000][1][safepoint    ] Application time: 1.0001835 seconds
[2022-06-13T02:10:08.933+0000][1][safepoint    ] Entering safepoint region: Cleanup
[2022-06-13T02:10:08.934+0000][1][safepoint    ] Leaving safepoint region
[2022-06-13T02:10:08.934+0000][1][safepoint    ] Total time for which application threads were stopped: 0.0008264 seconds, Stopping threads took: 0.0004007 seconds
[2022-06-13T02:10:09.935+0000][1][safepoint    ] Application time: 1.0001935 seconds
[2022-06-13T02:10:09.935+0000][1][safepoint    ] Entering safepoint region: Cleanup
[2022-06-13T02:10:09.935+0000][1][safepoint    ] Leaving safepoint region
[2022-06-13T02:10:09.935+0000][1][safepoint    ] Total time for which application threads were stopped: 0.0004501 seconds, Stopping threads took: 0.0001652 seconds
[2022-06-13T02:10:10.936+0000][1][safepoint    ] Application time: 1.0002466 seconds
[2022-06-13T02:10:10.937+0000][1][safepoint    ] Entering safepoint region: Cleanup
[2022-06-13T02:10:10.937+0000][1][safepoint    ] Leaving safepoint region
[2022-06-13T02:10:10.937+0000][1][safepoint    ] Total time for which application threads were stopped: 0.0008278 seconds, Stopping threads took: 0.0004133 seconds
[2022-06-13T02:10:11.938+0000][1][safepoint    ] Application time: 1.0002485 seconds
[2022-06-13T02:10:11.939+0000][1][safepoint    ] Entering safepoint region: Cleanup
[2022-06-13T02:10:11.939+0000][1][safepoint    ] Leaving safepoint region
[2022-06-13T02:10:11.940+0000][1][safepoint    ] Total time for which application threads were stopped: 0.0009108 seconds, Stopping threads took: 0.0004405 seconds
[2022-06-13T02:10:12.940+0000][1][safepoint    ] Application time: 1.0001813 seconds
[2022-06-13T02:10:12.941+0000][1][safepoint    ] Entering safepoint region: Cleanup
[2022-06-13T02:10:12.941+0000][1][safepoint    ] Leaving safepoint region
[2022-06-13T02:10:12.942+0000][1][safepoint    ] Total time for which application threads were stopped: 0.0008671 seconds, Stopping threads took: 0.0004421 seconds
[2022-06-13T02:10:13.942+0000][1][safepoint    ] Application time: 1.0002640 seconds
[2022-06-13T02:10:13.943+0000][1][safepoint    ] Entering safepoint region: Cleanup
[2022-06-13T02:10:13.943+0000][1][safepoint    ] Leaving safepoint region
[2022-06-13T02:10:13.944+0000][1][safepoint    ] Total time for which application threads were stopped: 0.0008757 seconds, Stopping threads took: 0.0005273 seconds
[2022-06-13T02:10:14.944+0000][1][safepoint    ] Application time: 1.0002422 seconds
[2022-06-13T02:10:14.945+0000][1][safepoint    ] Entering safepoint region: Cleanup
[2022-06-13T02:10:14.945+0000][1][safepoint    ] Leaving safepoint region
[2022-06-13T02:10:14.945+0000][1][safepoint    ] Total time for which application threads were stopped: 0.0006917 seconds, Stopping threads took: 0.0003226 seconds
[2022-06-13T02:10:15.946+0000][1][safepoint    ] Application time: 1.0002051 seconds
[2022-06-13T02:10:15.946+0000][1][safepoint    ] Entering safepoint region: Cleanup
[2022-06-13T02:10:15.947+0000][1][safepoint    ] Leaving safepoint region
[2022-06-13T02:10:15.947+0000][1][safepoint    ] Total time for which application threads were stopped: 0.0009093 seconds, Stopping threads took: 0.0004179 seconds
[2022-06-13T02:10:16.948+0000][1][safepoint    ] Application time: 1.0001253 seconds
[2022-06-13T02:10:16.948+0000][1][safepoint    ] Entering safepoint region: Cleanup
[2022-06-13T02:10:16.948+0000][1][safepoint    ] Leaving safepoint region
[2022-06-13T02:10:16.949+0000][1][safepoint    ] Total time for which application threads were stopped: 0.0006599 seconds, Stopping threads took: 0.0002294 seconds
[2022-06-13T02:10:17.949+0000][1][safepoint    ] Application time: 1.0001215 seconds
[2022-06-13T02:10:17.949+0000][1][safepoint    ] Entering safepoint region: Cleanup
[2022-06-13T02:10:17.950+0000][1][safepoint    ] Leaving safepoint region
[2022-06-13T02:10:17.950+0000][1][safepoint    ] Total time for which application threads were stopped: 0.0004296 seconds, Stopping threads took: 0.0001817 seconds
[2022-06-13T02:10:18.950+0000][1][safepoint    ] Application time: 1.0001469 seconds
[2022-06-13T02:10:18.951+0000][1][safepoint    ] Entering safepoint region: Cleanup
[2022-06-13T02:10:18.951+0000][1][safepoint    ] Leaving safepoint region
[2022-06-13T02:10:18.951+0000][1][safepoint    ] Total time for which application threads were stopped: 0.0005960 seconds, Stopping threads took: 0.0002717 seconds
[2022-06-13T02:10:19.951+0000][1][safepoint    ] Application time: 1.0001984 seconds
[2022-06-13T02:10:19.952+0000][1][safepoint    ] Entering safepoint region: Cleanup
[2022-06-13T02:10:19.952+0000][1][safepoint    ] Leaving safepoint region
[2022-06-13T02:10:19.952+0000][1][safepoint    ] Total time for which application threads were stopped: 0.0006845 seconds, Stopping threads took: 0.0003256 seconds
[2022-06-13T02:10:20.953+0000][1][safepoint    ] Application time: 1.0002082 seconds
[2022-06-13T02:10:20.953+0000][1][safepoint    ] Entering safepoint region: Cleanup
[2022-06-13T02:10:20.954+0000][1][safepoint    ] Leaving safepoint region
[2022-06-13T02:10:20.954+0000][1][safepoint    ] Total time for which application threads were stopped: 0.0006816 seconds, Stopping threads took: 0.0002757 seconds
[2022-06-13T02:10:21.955+0000][1][safepoint    ] Application time: 1.0003883 seconds
[2022-06-13T02:10:21.955+0000][1][safepoint    ] Entering safepoint region: Cleanup
[2022-06-13T02:10:21.956+0000][1][safepoint    ] Leaving safepoint region
[2022-06-13T02:10:21.956+0000][1][safepoint    ] Total time for which application threads were stopped: 0.0006465 seconds, Stopping threads took: 0.0002830 seconds
[2022-06-13T02:10:22.956+0000][1][safepoint    ] Application time: 1.0002497 seconds
[2022-06-13T02:10:22.957+0000][1][safepoint    ] Entering safepoint region: Cleanup
[2022-06-13T02:10:22.958+0000][1][safepoint    ] Leaving safepoint region
[2022-06-13T02:10:22.958+0000][1][safepoint    ] Total time for which application threads were stopped: 0.0011468 seconds, Stopping threads took: 0.0004657 seconds
[2022-06-13T02:10:23.959+0000][1][safepoint    ] Application time: 1.0002578 seconds
[2022-06-13T02:10:23.959+0000][1][safepoint    ] Entering safepoint region: Cleanup
[2022-06-13T02:10:23.960+0000][1][safepoint    ] Leaving safepoint region
[2022-06-13T02:10:23.960+0000][1][safepoint    ] Total time for which application threads were stopped: 0.0007538 seconds, Stopping threads took: 0.0003595 seconds
[2022-06-13T02:10:24.961+0000][1][safepoint    ] Application time: 1.0002623 seconds
[2022-06-13T02:10:24.961+0000][1][safepoint    ] Entering safepoint region: Cleanup
[2022-06-13T02:10:24.962+0000][1][safepoint    ] Leaving safepoint region
[2022-06-13T02:10:24.962+0000][1][safepoint    ] Total time for which application threads were stopped: 0.0008146 seconds, Stopping threads took: 0.0003950 seconds
[2022-06-13T02:10:25.963+0000][1][safepoint    ] Application time: 1.0001502 seconds
[2022-06-13T02:10:25.964+0000][1][safepoint    ] Entering safepoint region: Cleanup
[2022-06-13T02:10:25.965+0000][1][safepoint    ] Leaving safepoint region
[2022-06-13T02:10:25.965+0000][1][safepoint    ] Total time for which application threads were stopped: 0.0014147 seconds, Stopping threads took: 0.0006873 seconds
[2022-06-13T02:10:26.966+0000][1][safepoint    ] Application time: 1.0002065 seconds
[2022-06-13T02:10:26.966+0000][1][safepoint    ] Entering safepoint region: Cleanup
[2022-06-13T02:10:26.966+0000][1][safepoint    ] Leaving safepoint region
[2022-06-13T02:10:26.966+0000][1][safepoint    ] Total time for which application threads were stopped: 0.0003736 seconds, Stopping threads took: 0.0001706 seconds
[2022-06-13T02:10:27.967+0000][1][safepoint    ] Application time: 1.0001357 seconds
[2022-06-13T02:10:27.967+0000][1][safepoint    ] Entering safepoint region: Cleanup
[2022-06-13T02:10:27.968+0000][1][safepoint    ] Leaving safepoint region
[2022-06-13T02:10:27.968+0000][1][safepoint    ] Total time for which application threads were stopped: 0.0009383 seconds, Stopping threads took: 0.0004021 seconds
[2022-06-13T02:10:28.969+0000][1][safepoint    ] Application time: 1.0001968 seconds
[2022-06-13T02:10:28.969+0000][1][safepoint    ] Entering safepoint region: Cleanup
[2022-06-13T02:10:28.970+0000][1][safepoint    ] Leaving safepoint region
[2022-06-13T02:10:28.970+0000][1][safepoint    ] Total time for which application threads were stopped: 0.0008202 seconds, Stopping threads took: 0.0004014 seconds
[2022-06-13T02:10:29.970+0000][1][safepoint    ] Application time: 1.0001616 seconds
[2022-06-13T02:10:29.971+0000][1][safepoint    ] Entering safepoint region: Cleanup
[2022-06-13T02:10:29.971+0000][1][safepoint    ] Leaving safepoint region
[2022-06-13T02:10:29.971+0000][1][safepoint    ] Total time for which application threads were stopped: 0.0004347 seconds, Stopping threads took: 0.0001819 seconds
[2022-06-13T02:10:30.972+0000][1][safepoint    ] Application time: 1.0001834 seconds
[2022-06-13T02:10:30.972+0000][1][safepoint    ] Entering safepoint region: Cleanup
[2022-06-13T02:10:30.972+0000][1][safepoint    ] Leaving safepoint region
[2022-06-13T02:10:30.972+0000][1][safepoint    ] Total time for which application threads were stopped: 0.0004828 seconds, Stopping threads took: 0.0002321 seconds
[2022-06-13T02:10:31.973+0000][1][safepoint    ] Application time: 1.0001556 seconds
[2022-06-13T02:10:31.973+0000][1][safepoint    ] Entering safepoint region: Cleanup
[2022-06-13T02:10:31.974+0000][1][safepoint    ] Leaving safepoint region
[2022-06-13T02:10:31.974+0000][1][safepoint    ] Total time for which application threads were stopped: 0.0006907 seconds, Stopping threads took: 0.0003436 seconds
[2022-06-13T02:10:32.974+0000][1][safepoint    ] Application time: 1.0002057 seconds
[2022-06-13T02:10:32.975+0000][1][safepoint    ] Entering safepoint region: Cleanup
[2022-06-13T02:10:32.975+0000][1][safepoint    ] Leaving safepoint region
[2022-06-13T02:10:32.975+0000][1][safepoint    ] Total time for which application threads were stopped: 0.0007802 seconds, Stopping threads took: 0.0003791 seconds
[2022-06-13T02:10:33.976+0000][1][safepoint    ] Application time: 1.0001326 seconds
[2022-06-13T02:10:33.976+0000][1][safepoint    ] Entering safepoint region: Cleanup
[2022-06-13T02:10:33.976+0000][1][safepoint    ] Leaving safepoint region
[2022-06-13T02:10:33.976+0000][1][safepoint    ] Total time for which application threads were stopped: 0.0003244 seconds, Stopping threads took: 0.0001528 seconds
[2022-06-13T02:10:34.402+0000][1][safepoint    ] Application time: 0.4250865 seconds
[2022-06-13T02:10:34.402+0000][1][safepoint    ] Entering safepoint region: RevokeBias
[2022-06-13T02:10:34.402+0000][1][safepoint    ] Leaving safepoint region
[2022-06-13T02:10:34.403+0000][1][safepoint    ] Total time for which application threads were stopped: 0.0006477 seconds, Stopping threads took: 0.0002847 seconds
[2022-06-13T02:10:34.403+0000][1][safepoint    ] Application time: 0.0001492 seconds
[2022-06-13T02:10:34.403+0000][1][safepoint    ] Entering safepoint region: RevokeBias
[2022-06-13T02:10:34.403+0000][1][safepoint    ] Leaving safepoint region
[2022-06-13T02:10:34.404+0000][1][safepoint    ] Total time for which application threads were stopped: 0.0004168 seconds, Stopping threads took: 0.0002101 seconds
[2022-06-13T02:10:34.404+0000][1][safepoint    ] Application time: 0.0000677 seconds
[2022-06-13T02:10:34.404+0000][1][safepoint    ] Entering safepoint region: GenCollectForAllocation
[2022-06-13T02:10:34.404+0000][1][gc,start     ] GC(23) Pause Young (Allocation Failure)
[2022-06-13T02:10:34.404+0000][1][gc,task      ] GC(23) Using 5 workers of 13 for evacuation
[2022-06-13T02:10:34.410+0000][1][gc,age       ] GC(23) Desired survivor size 4456448 bytes, new threshold 6 (max threshold 6)
[2022-06-13T02:10:34.410+0000][1][gc,age       ] GC(23) Age table with threshold 6 (max threshold 6)
[2022-06-13T02:10:34.411+0000][1][gc,age       ] GC(23) - age   1:     111616 bytes,     111616 total
[2022-06-13T02:10:34.411+0000][1][gc,age       ] GC(23) - age   2:     941736 bytes,    1053352 total
[2022-06-13T02:10:34.411+0000][1][gc,heap      ] GC(23) ParNew: 78188K->3500K(78656K)
[2022-06-13T02:10:34.411+0000][1][gc,heap      ] GC(23) CMS: 64169K->68126K(174784K)
[2022-06-13T02:10:34.411+0000][1][gc,metaspace ] GC(23) Metaspace: 65089K->65089K(1110016K)
[2022-06-13T02:10:34.411+0000][1][gc           ] GC(23) Pause Young (Allocation Failure) 139M->69M(247M) 7.366ms
[2022-06-13T02:10:34.412+0000][1][gc,cpu       ] GC(23) User=0.02s Sys=0.00s Real=0.01s
[2022-06-13T02:10:34.412+0000][1][safepoint    ] Leaving safepoint region
[2022-06-13T02:10:34.412+0000][1][safepoint    ] Total time for which application threads were stopped: 0.0080709 seconds, Stopping threads took: 0.0001159 seconds
[2022-06-13T02:10:34.413+0000][1][safepoint    ] Application time: 0.0008279 seconds
[2022-06-13T02:10:34.413+0000][1][safepoint    ] Entering safepoint region: RevokeBias
[2022-06-13T02:10:34.414+0000][1][safepoint    ] Leaving safepoint region
[2022-06-13T02:10:34.414+0000][1][safepoint    ] Total time for which application threads were stopped: 0.0009137 seconds, Stopping threads took: 0.0002885 seconds
[2022-06-13T02:10:34.414+0000][1][safepoint    ] Application time: 0.0002123 seconds
[2022-06-13T02:10:34.415+0000][1][safepoint    ] Entering safepoint region: RevokeBias
[2022-06-13T02:10:34.415+0000][1][safepoint    ] Leaving safepoint region
[2022-06-13T02:10:34.415+0000][1][safepoint    ] Total time for which application threads were stopped: 0.0005822 seconds, Stopping threads took: 0.0003001 seconds
[2022-06-13T02:10:34.416+0000][1][safepoint    ] Application time: 0.0001630 seconds
[2022-06-13T02:10:34.416+0000][1][safepoint    ] Entering safepoint region: RevokeBias
[2022-06-13T02:10:34.416+0000][1][safepoint    ] Leaving safepoint region
[2022-06-13T02:10:34.416+0000][1][safepoint    ] Total time for which application threads were stopped: 0.0003800 seconds, Stopping threads took: 0.0001474 seconds
[2022-06-13T02:10:34.417+0000][1][safepoint    ] Application time: 0.0006379 seconds
[2022-06-13T02:10:34.417+0000][1][safepoint    ] Entering safepoint region: RevokeBias
[2022-06-13T02:10:34.418+0000][1][safepoint    ] Leaving safepoint region
[2022-06-13T02:10:34.418+0000][1][safepoint    ] Total time for which application threads were stopped: 0.0005154 seconds, Stopping threads took: 0.0001608 seconds
[2022-06-13T02:10:34.419+0000][1][safepoint    ] Application time: 0.0004958 seconds
[2022-06-13T02:10:34.419+0000][1][safepoint    ] Entering safepoint region: RevokeBias
[2022-06-13T02:10:34.419+0000][1][safepoint    ] Leaving safepoint region
[2022-06-13T02:10:34.419+0000][1][safepoint    ] Total time for which application threads were stopped: 0.0006821 seconds, Stopping threads took: 0.0002337 seconds
[2022-06-13T02:10:34.420+0000][1][safepoint    ] Application time: 0.0007419 seconds
[2022-06-13T02:10:34.421+0000][1][safepoint    ] Entering safepoint region: RevokeBias
[2022-06-13T02:10:34.421+0000][1][safepoint    ] Leaving safepoint region
[2022-06-13T02:10:34.421+0000][1][safepoint    ] Total time for which application threads were stopped: 0.0008802 seconds, Stopping threads took: 0.0003301 seconds
[2022-06-13T02:10:34.422+0000][1][safepoint    ] Application time: 0.0005898 seconds
[2022-06-13T02:10:34.422+0000][1][safepoint    ] Entering safepoint region: RevokeBias
[2022-06-13T02:10:34.423+0000][1][safepoint    ] Leaving safepoint region
[2022-06-13T02:10:34.423+0000][1][safepoint    ] Total time for which application threads were stopped: 0.0005376 seconds, Stopping threads took: 0.0002983 seconds
[2022-06-13T02:10:34.423+0000][1][safepoint    ] Application time: 0.0002030 seconds
[2022-06-13T02:10:34.424+0000][1][safepoint    ] Entering safepoint region: RevokeBias
[2022-06-13T02:10:34.424+0000][1][safepoint    ] Leaving safepoint region
[2022-06-13T02:10:34.424+0000][1][safepoint    ] Total time for which application threads were stopped: 0.0006088 seconds, Stopping threads took: 0.0002911 seconds
[2022-06-13T02:10:34.425+0000][1][safepoint    ] Application time: 0.0002744 seconds
[2022-06-13T02:10:34.425+0000][1][safepoint    ] Entering safepoint region: RevokeBias
[2022-06-13T02:10:34.425+0000][1][safepoint    ] Leaving safepoint region
[2022-06-13T02:10:34.425+0000][1][safepoint    ] Total time for which application threads were stopped: 0.0004324 seconds, Stopping threads took: 0.0001488 seconds
[2022-06-13T02:10:34.426+0000][1][safepoint    ] Application time: 0.0001849 seconds
[2022-06-13T02:10:34.426+0000][1][safepoint    ] Entering safepoint region: RevokeBias
[2022-06-13T02:10:34.426+0000][1][safepoint    ] Leaving safepoint region
[2022-06-13T02:10:34.426+0000][1][safepoint    ] Total time for which application threads were stopped: 0.0003588 seconds, Stopping threads took: 0.0001410 seconds
[2022-06-13T02:10:34.426+0000][1][safepoint    ] Application time: 0.0001732 seconds
[2022-06-13T02:10:34.427+0000][1][safepoint    ] Entering safepoint region: RevokeBias
[2022-06-13T02:10:34.427+0000][1][safepoint    ] Leaving safepoint region
[2022-06-13T02:10:34.427+0000][1][safepoint    ] Total time for which application threads were stopped: 0.0005751 seconds, Stopping threads took: 0.0001739 seconds
[2022-06-13T02:10:34.428+0000][1][safepoint    ] Application time: 0.0002354 seconds
[2022-06-13T02:10:34.428+0000][1][safepoint    ] Entering safepoint region: RevokeBias
[2022-06-13T02:10:34.428+0000][1][safepoint    ] Leaving safepoint region
[2022-06-13T02:10:34.428+0000][1][safepoint    ] Total time for which application threads were stopped: 0.0003186 seconds, Stopping threads took: 0.0001150 seconds
[2022-06-13T02:10:34.428+0000][1][safepoint    ] Application time: 0.0001411 seconds
[2022-06-13T02:10:34.429+0000][1][safepoint    ] Entering safepoint region: RevokeBias
[2022-06-13T02:10:34.429+0000][1][safepoint    ] Leaving safepoint region
[2022-06-13T02:10:34.429+0000][1][safepoint    ] Total time for which application threads were stopped: 0.0004151 seconds, Stopping threads took: 0.0002075 seconds
[2022-06-13T02:10:34.429+0000][1][safepoint    ] Application time: 0.0001917 seconds
[2022-06-13T02:10:34.430+0000][1][safepoint    ] Entering safepoint region: RevokeBias
[2022-06-13T02:10:34.430+0000][1][safepoint    ] Leaving safepoint region
[2022-06-13T02:10:34.430+0000][1][safepoint    ] Total time for which application threads were stopped: 0.0003812 seconds, Stopping threads took: 0.0001916 seconds
[2022-06-13T02:10:34.430+0000][1][safepoint    ] Application time: 0.0001921 seconds
[2022-06-13T02:10:34.430+0000][1][safepoint    ] Entering safepoint region: RevokeBias
[2022-06-13T02:10:34.431+0000][1][safepoint    ] Leaving safepoint region
[2022-06-13T02:10:34.431+0000][1][safepoint    ] Total time for which application threads were stopped: 0.0004135 seconds, Stopping threads took: 0.0002059 seconds
[2022-06-13T02:10:34.431+0000][1][safepoint    ] Application time: 0.0002349 seconds
[2022-06-13T02:10:34.431+0000][1][safepoint    ] Entering safepoint region: RevokeBias
[2022-06-13T02:10:34.432+0000][1][safepoint    ] Leaving safepoint region
[2022-06-13T02:10:34.432+0000][1][safepoint    ] Total time for which application threads were stopped: 0.0003655 seconds, Stopping threads took: 0.0001883 seconds
[2022-06-13T02:10:34.432+0000][1][safepoint    ] Application time: 0.0001753 seconds
[2022-06-13T02:10:34.432+0000][1][safepoint    ] Entering safepoint region: RevokeBias
[2022-06-13T02:10:34.432+0000][1][safepoint    ] Leaving safepoint region
[2022-06-13T02:10:34.433+0000][1][safepoint    ] Total time for which application threads were stopped: 0.0003128 seconds, Stopping threads took: 0.0001402 seconds
[2022-06-13T02:10:34.433+0000][1][safepoint    ] Application time: 0.0001317 seconds
[2022-06-13T02:10:34.433+0000][1][safepoint    ] Entering safepoint region: RevokeBias
[2022-06-13T02:10:34.433+0000][1][safepoint    ] Leaving safepoint region
[2022-06-13T02:10:34.433+0000][1][safepoint    ] Total time for which application threads were stopped: 0.0003248 seconds, Stopping threads took: 0.0001606 seconds
[2022-06-13T02:10:34.434+0000][1][safepoint    ] Application time: 0.0003343 seconds
[2022-06-13T02:10:34.434+0000][1][safepoint    ] Entering safepoint region: RevokeBias
[2022-06-13T02:10:34.435+0000][1][safepoint    ] Leaving safepoint region
[2022-06-13T02:10:34.435+0000][1][safepoint    ] Total time for which application threads were stopped: 0.0005760 seconds, Stopping threads took: 0.0001155 seconds
[2022-06-13T02:10:34.435+0000][1][safepoint    ] Application time: 0.0001553 seconds
[2022-06-13T02:10:34.435+0000][1][safepoint    ] Entering safepoint region: RevokeBias
[2022-06-13T02:10:34.435+0000][1][safepoint    ] Leaving safepoint region
[2022-06-13T02:10:34.435+0000][1][safepoint    ] Total time for which application threads were stopped: 0.0003961 seconds, Stopping threads took: 0.0002050 seconds
[2022-06-13T02:10:34.436+0000][1][safepoint    ] Application time: 0.0001820 seconds
[2022-06-13T02:10:34.436+0000][1][safepoint    ] Entering safepoint region: RevokeBias
[2022-06-13T02:10:34.436+0000][1][safepoint    ] Leaving safepoint region
[2022-06-13T02:10:34.436+0000][1][safepoint    ] Total time for which application threads were stopped: 0.0003532 seconds, Stopping threads took: 0.0001188 seconds
[2022-06-13T02:10:34.437+0000][1][safepoint    ] Application time: 0.0001516 seconds
[2022-06-13T02:10:34.437+0000][1][safepoint    ] Entering safepoint region: RevokeBias
[2022-06-13T02:10:34.437+0000][1][safepoint    ] Leaving safepoint region
[2022-06-13T02:10:34.437+0000][1][safepoint    ] Total time for which application threads were stopped: 0.0004788 seconds, Stopping threads took: 0.0002987 seconds
[2022-06-13T02:10:34.438+0000][1][safepoint    ] Application time: 0.0001917 seconds
[2022-06-13T02:10:34.438+0000][1][safepoint    ] Entering safepoint region: RevokeBias
[2022-06-13T02:10:34.438+0000][1][safepoint    ] Leaving safepoint region
[2022-06-13T02:10:34.438+0000][1][safepoint    ] Total time for which application threads were stopped: 0.0003037 seconds, Stopping threads took: 0.0001282 seconds
[2022-06-13T02:10:34.439+0000][1][safepoint    ] Application time: 0.0003695 seconds
[2022-06-13T02:10:34.439+0000][1][safepoint    ] Entering safepoint region: RevokeBias
[2022-06-13T02:10:34.439+0000][1][safepoint    ] Leaving safepoint region
[2022-06-13T02:10:34.439+0000][1][safepoint    ] Total time for which application threads were stopped: 0.0006973 seconds, Stopping threads took: 0.0001877 seconds
[2022-06-13T02:10:34.440+0000][1][safepoint    ] Application time: 0.0002547 seconds
[2022-06-13T02:10:34.440+0000][1][safepoint    ] Entering safepoint region: RevokeBias
[2022-06-13T02:10:34.440+0000][1][safepoint    ] Leaving safepoint region
[2022-06-13T02:10:34.440+0000][1][safepoint    ] Total time for which application threads were stopped: 0.0003403 seconds, Stopping threads took: 0.0001448 seconds
[2022-06-13T02:10:34.441+0000][1][safepoint    ] Application time: 0.0000956 seconds
[2022-06-13T02:10:34.441+0000][1][safepoint    ] Entering safepoint region: RevokeBias
[2022-06-13T02:10:34.441+0000][1][safepoint    ] Leaving safepoint region
[2022-06-13T02:10:34.441+0000][1][safepoint    ] Total time for which application threads were stopped: 0.0003481 seconds, Stopping threads took: 0.0001582 seconds
[2022-06-13T02:10:34.441+0000][1][safepoint    ] Application time: 0.0001788 seconds
[2022-06-13T02:10:34.442+0000][1][safepoint    ] Entering safepoint region: RevokeBias
[2022-06-13T02:10:34.442+0000][1][safepoint    ] Leaving safepoint region
[2022-06-13T02:10:34.442+0000][1][safepoint    ] Total time for which application threads were stopped: 0.0002968 seconds, Stopping threads took: 0.0001446 seconds
[2022-06-13T02:10:34.442+0000][1][safepoint    ] Application time: 0.0002970 seconds
[2022-06-13T02:10:34.443+0000][1][safepoint    ] Entering safepoint region: RevokeBias
[2022-06-13T02:10:34.443+0000][1][safepoint    ] Leaving safepoint region
[2022-06-13T02:10:34.443+0000][1][safepoint    ] Total time for which application threads were stopped: 0.0003961 seconds, Stopping threads took: 0.0001863 seconds
[2022-06-13T02:10:34.443+0000][1][safepoint    ] Application time: 0.0001478 seconds
[2022-06-13T02:10:34.443+0000][1][safepoint    ] Entering safepoint region: RevokeBias
[2022-06-13T02:10:34.444+0000][1][safepoint    ] Leaving safepoint region
[2022-06-13T02:10:34.444+0000][1][safepoint    ] Total time for which application threads were stopped: 0.0004333 seconds, Stopping threads took: 0.0001189 seconds
[2022-06-13T02:10:34.444+0000][1][safepoint    ] Application time: 0.0001001 seconds
[2022-06-13T02:10:34.444+0000][1][safepoint    ] Entering safepoint region: RevokeBias
[2022-06-13T02:10:34.444+0000][1][safepoint    ] Leaving safepoint region
[2022-06-13T02:10:34.445+0000][1][safepoint    ] Total time for which application threads were stopped: 0.0003282 seconds, Stopping threads took: 0.0001497 seconds
[2022-06-13T02:10:34.445+0000][1][safepoint    ] Application time: 0.0006035 seconds
[2022-06-13T02:10:34.446+0000][1][safepoint    ] Entering safepoint region: RevokeBias
[2022-06-13T02:10:34.446+0000][1][safepoint    ] Leaving safepoint region
[2022-06-13T02:10:34.446+0000][1][safepoint    ] Total time for which application threads were stopped: 0.0003845 seconds, Stopping threads took: 0.0001473 seconds
[2022-06-13T02:10:34.447+0000][1][safepoint    ] Application time: 0.0010401 seconds
[2022-06-13T02:10:34.447+0000][1][safepoint    ] Entering safepoint region: RevokeBias
[2022-06-13T02:10:34.448+0000][1][safepoint    ] Leaving safepoint region
[2022-06-13T02:10:34.448+0000][1][safepoint    ] Total time for which application threads were stopped: 0.0004518 seconds, Stopping threads took: 0.0001491 seconds
[2022-06-13T02:10:34.716+0000][1][safepoint    ] Application time: 0.2682430 seconds
[2022-06-13T02:10:34.717+0000][1][safepoint    ] Entering safepoint region: RevokeBias
[2022-06-13T02:10:34.717+0000][1][safepoint    ] Leaving safepoint region
[2022-06-13T02:10:34.718+0000][1][safepoint    ] Total time for which application threads were stopped: 0.0013183 seconds, Stopping threads took: 0.0007054 seconds
[2022-06-13T02:10:34.719+0000][1][safepoint    ] Application time: 0.0002755 seconds
[2022-06-13T02:10:34.719+0000][1][safepoint    ] Entering safepoint region: RevokeBias
[2022-06-13T02:10:34.719+0000][1][safepoint    ] Leaving safepoint region
[2022-06-13T02:10:34.720+0000][1][safepoint    ] Total time for which application threads were stopped: 0.0007732 seconds, Stopping threads took: 0.0003654 seconds
[2022-06-13T02:10:34.720+0000][1][safepoint    ] Application time: 0.0004601 seconds
[2022-06-13T02:10:34.721+0000][1][safepoint    ] Entering safepoint region: RevokeBias
[2022-06-13T02:10:34.721+0000][1][safepoint    ] Leaving safepoint region
[2022-06-13T02:10:34.722+0000][1][safepoint    ] Total time for which application threads were stopped: 0.0008327 seconds, Stopping threads took: 0.0004676 seconds
[2022-06-13T02:10:34.722+0000][1][safepoint    ] Application time: 0.0000585 seconds
[2022-06-13T02:10:34.722+0000][1][safepoint    ] Entering safepoint region: RevokeBias
[2022-06-13T02:10:34.722+0000][1][safepoint    ] Leaving safepoint region
[2022-06-13T02:10:34.723+0000][1][safepoint    ] Total time for which application threads were stopped: 0.0005733 seconds, Stopping threads took: 0.0001803 seconds
[2022-06-13T02:10:34.723+0000][1][safepoint    ] Application time: 0.0002043 seconds
[2022-06-13T02:10:34.724+0000][1][safepoint    ] Entering safepoint region: RevokeBias
[2022-06-13T02:10:34.724+0000][1][safepoint    ] Leaving safepoint region
[2022-06-13T02:10:34.724+0000][1][safepoint    ] Total time for which application threads were stopped: 0.0005228 seconds, Stopping threads took: 0.0001828 seconds
[2022-06-13T02:10:34.725+0000][1][safepoint    ] Application time: 0.0002251 seconds
[2022-06-13T02:10:34.725+0000][1][safepoint    ] Entering safepoint region: RevokeBias
[2022-06-13T02:10:34.725+0000][1][safepoint    ] Leaving safepoint region
[2022-06-13T02:10:34.725+0000][1][safepoint    ] Total time for which application threads were stopped: 0.0004982 seconds, Stopping threads took: 0.0003394 seconds
[2022-06-13T02:10:34.728+0000][1][safepoint    ] Application time: 0.0019849 seconds
[2022-06-13T02:10:34.728+0000][1][safepoint    ] Entering safepoint region: RevokeBias
[2022-06-13T02:10:34.729+0000][1][safepoint    ] Leaving safepoint region
[2022-06-13T02:10:34.729+0000][1][safepoint    ] Total time for which application threads were stopped: 0.0009035 seconds, Stopping threads took: 0.0007284 seconds
[2022-06-13T02:10:34.729+0000][1][safepoint    ] Application time: 0.0003179 seconds
[2022-06-13T02:10:34.729+0000][1][safepoint    ] Entering safepoint region: RevokeBias
[2022-06-13T02:10:34.730+0000][1][safepoint    ] Leaving safepoint region
[2022-06-13T02:10:34.730+0000][1][safepoint    ] Total time for which application threads were stopped: 0.0003096 seconds, Stopping threads took: 0.0001911 seconds
[2022-06-13T02:10:34.730+0000][1][safepoint    ] Application time: 0.0002371 seconds
[2022-06-13T02:10:34.730+0000][1][safepoint    ] Entering safepoint region: RevokeBias
[2022-06-13T02:10:34.731+0000][1][safepoint    ] Leaving safepoint region
[2022-06-13T02:10:34.731+0000][1][safepoint    ] Total time for which application threads were stopped: 0.0004319 seconds, Stopping threads took: 0.0002552 seconds
[2022-06-13T02:10:34.731+0000][1][safepoint    ] Application time: 0.0001201 seconds
[2022-06-13T02:10:34.731+0000][1][safepoint    ] Entering safepoint region: RevokeBias
[2022-06-13T02:10:34.732+0000][1][safepoint    ] Leaving safepoint region
[2022-06-13T02:10:34.732+0000][1][safepoint    ] Total time for which application threads were stopped: 0.0005379 seconds, Stopping threads took: 0.0003235 seconds
[2022-06-13T02:10:34.732+0000][1][safepoint    ] Application time: 0.0001208 seconds
[2022-06-13T02:10:34.732+0000][1][safepoint    ] Entering safepoint region: BulkRevokeBias
[2022-06-13T02:10:34.733+0000][1][safepoint    ] Leaving safepoint region
[2022-06-13T02:10:34.733+0000][1][safepoint    ] Total time for which application threads were stopped: 0.0003579 seconds, Stopping threads took: 0.0001389 seconds
[2022-06-13T02:10:34.734+0000][1][safepoint    ] Application time: 0.0012651 seconds
[2022-06-13T02:10:34.735+0000][1][safepoint    ] Entering safepoint region: RevokeBias
[2022-06-13T02:10:34.735+0000][1][safepoint    ] Leaving safepoint region
[2022-06-13T02:10:34.735+0000][1][safepoint    ] Total time for which application threads were stopped: 0.0002872 seconds, Stopping threads took: 0.0001668 seconds
[2022-06-13T02:10:34.739+0000][1][safepoint    ] Application time: 0.0037368 seconds
[2022-06-13T02:10:34.739+0000][1][safepoint    ] Entering safepoint region: RevokeBias
[2022-06-13T02:10:34.739+0000][1][safepoint    ] Leaving safepoint region
[2022-06-13T02:10:34.739+0000][1][safepoint    ] Total time for which application threads were stopped: 0.0002408 seconds, Stopping threads took: 0.0001257 seconds
[2022-06-13T02:10:34.739+0000][1][safepoint    ] Application time: 0.0001229 seconds
[2022-06-13T02:10:34.739+0000][1][safepoint    ] Entering safepoint region: RevokeBias
[2022-06-13T02:10:34.740+0000][1][safepoint    ] Leaving safepoint region
[2022-06-13T02:10:34.740+0000][1][safepoint    ] Total time for which application threads were stopped: 0.0002138 seconds, Stopping threads took: 0.0001075 seconds
[2022-06-13T02:10:34.740+0000][1][safepoint    ] Application time: 0.0000953 seconds
[2022-06-13T02:10:34.740+0000][1][safepoint    ] Entering safepoint region: RevokeBias
[2022-06-13T02:10:34.740+0000][1][safepoint    ] Leaving safepoint region
[2022-06-13T02:10:34.740+0000][1][safepoint    ] Total time for which application threads were stopped: 0.0002056 seconds, Stopping threads took: 0.0000981 seconds
[2022-06-13T02:10:34.741+0000][1][safepoint    ] Application time: 0.0004471 seconds
[2022-06-13T02:10:34.741+0000][1][safepoint    ] Entering safepoint region: RevokeBias
[2022-06-13T02:10:34.741+0000][1][safepoint    ] Leaving safepoint region
[2022-06-13T02:10:34.741+0000][1][safepoint    ] Total time for which application threads were stopped: 0.0002089 seconds, Stopping threads took: 0.0000970 seconds
[2022-06-13T02:10:34.742+0000][1][safepoint    ] Application time: 0.0005267 seconds
[2022-06-13T02:10:34.742+0000][1][safepoint    ] Entering safepoint region: RevokeBias
[2022-06-13T02:10:34.742+0000][1][safepoint    ] Leaving safepoint region
[2022-06-13T02:10:34.742+0000][1][safepoint    ] Total time for which application threads were stopped: 0.0001887 seconds, Stopping threads took: 0.0000843 seconds
[2022-06-13T02:10:34.742+0000][1][safepoint    ] Application time: 0.0001620 seconds
[2022-06-13T02:10:34.742+0000][1][safepoint    ] Entering safepoint region: RevokeBias
[2022-06-13T02:10:34.742+0000][1][safepoint    ] Leaving safepoint region
[2022-06-13T02:10:34.742+0000][1][safepoint    ] Total time for which application threads were stopped: 0.0002525 seconds, Stopping threads took: 0.0001290 seconds
[2022-06-13T02:10:34.744+0000][1][safepoint    ] Application time: 0.0009756 seconds
[2022-06-13T02:10:34.744+0000][1][safepoint    ] Entering safepoint region: RevokeBias
[2022-06-13T02:10:34.744+0000][1][safepoint    ] Leaving safepoint region
[2022-06-13T02:10:34.744+0000][1][safepoint    ] Total time for which application threads were stopped: 0.0002042 seconds, Stopping threads took: 0.0000978 seconds
[2022-06-13T02:10:34.744+0000][1][safepoint    ] Application time: 0.0002075 seconds
[2022-06-13T02:10:34.744+0000][1][safepoint    ] Entering safepoint region: RevokeBias
[2022-06-13T02:10:34.744+0000][1][safepoint    ] Leaving safepoint region
[2022-06-13T02:10:34.744+0000][1][safepoint    ] Total time for which application threads were stopped: 0.0001749 seconds, Stopping threads took: 0.0000881 seconds
[2022-06-13T02:10:34.745+0000][1][safepoint    ] Application time: 0.0000976 seconds
[2022-06-13T02:10:34.745+0000][1][safepoint    ] Entering safepoint region: RevokeBias
[2022-06-13T02:10:34.745+0000][1][safepoint    ] Leaving safepoint region
[2022-06-13T02:10:34.745+0000][1][safepoint    ] Total time for which application threads were stopped: 0.0001828 seconds, Stopping threads took: 0.0000845 seconds
[2022-06-13T02:10:34.745+0000][1][safepoint    ] Application time: 0.0004815 seconds
[2022-06-13T02:10:34.746+0000][1][safepoint    ] Entering safepoint region: RevokeBias
[2022-06-13T02:10:34.746+0000][1][safepoint    ] Leaving safepoint region
[2022-06-13T02:10:34.746+0000][1][safepoint    ] Total time for which application threads were stopped: 0.0002169 seconds, Stopping threads took: 0.0001188 seconds
[2022-06-13T02:10:34.747+0000][1][safepoint    ] Application time: 0.0012090 seconds
[2022-06-13T02:10:34.747+0000][1][safepoint    ] Entering safepoint region: RevokeBias
[2022-06-13T02:10:34.748+0000][1][safepoint    ] Leaving safepoint region
[2022-06-13T02:10:34.748+0000][1][safepoint    ] Total time for which application threads were stopped: 0.0003928 seconds, Stopping threads took: 0.0002529 seconds
[2022-06-13T02:10:34.748+0000][1][safepoint    ] Application time: 0.0002794 seconds
[2022-06-13T02:10:34.748+0000][1][safepoint    ] Entering safepoint region: RevokeBias
[2022-06-13T02:10:34.748+0000][1][safepoint    ] Leaving safepoint region
[2022-06-13T02:10:34.748+0000][1][safepoint    ] Total time for which application threads were stopped: 0.0002392 seconds, Stopping threads took: 0.0001219 seconds
[2022-06-13T02:10:34.750+0000][1][gc,heap,exit ] Heap
[2022-06-13T02:10:34.750+0000][1][gc,heap,exit ]  par new generation   total 78656K, used 12805K [0x00000000f0000000, 0x00000000f5550000, 0x00000000f5550000)
[2022-06-13T02:10:34.750+0000][1][gc,heap,exit ]   eden space 69952K,  13% used [0x00000000f0000000, 0x00000000f0916550, 0x00000000f4450000)
[2022-06-13T02:10:34.750+0000][1][gc,heap,exit ]   from space 8704K,  40% used [0x00000000f4450000, 0x00000000f47bb2a8, 0x00000000f4cd0000)
[2022-06-13T02:10:34.751+0000][1][gc,heap,exit ]   to   space 8704K,   0% used [0x00000000f4cd0000, 0x00000000f4cd0000, 0x00000000f5550000)
[2022-06-13T02:10:34.751+0000][1][gc,heap,exit ]  concurrent mark-sweep generation total 174784K, used 68126K [0x00000000f5550000, 0x0000000100000000, 0x0000000100000000)
[2022-06-13T02:10:34.751+0000][1][gc,heap,exit ]  Metaspace       used 65247K, capacity 70148K, committed 70396K, reserved 1110016K
[2022-06-13T02:10:34.751+0000][1][gc,heap,exit ]   class space    used 8776K, capacity 10836K, committed 10952K, reserved 1048576K
[2022-06-13T02:10:34.751+0000][1][safepoint    ] Application time: 0.0024051 seconds
[2022-06-13T02:10:34.751+0000][1][safepoint    ] Entering safepoint region: Exit
