[2022-06-13T01:29:57.127+0000][1][gc] Using Concurrent Mark Sweep
[2022-06-13T01:29:57.128+0000][1][gc,heap,coops] Heap address: 0x00000000f0000000, size: 256 MB, Compressed Oops mode: 32-bit
[2022-06-13T01:29:57.185+0000][1][safepoint    ] Entering safepoint region: EnableBiasedLocking
[2022-06-13T01:29:57.186+0000][1][safepoint    ] Leaving safepoint region
[2022-06-13T01:29:57.187+0000][1][safepoint    ] Total time for which application threads were stopped: 0.0016940 seconds, Stopping threads took: 0.0009950 seconds
[2022-06-13T01:29:57.191+0000][1][safepoint    ] Application time: 0.0032686 seconds
[2022-06-13T01:29:57.192+0000][1][safepoint    ] Entering safepoint region: RevokeBias
[2022-06-13T01:29:57.227+0000][1][safepoint    ] Leaving safepoint region
[2022-06-13T01:29:57.228+0000][1][safepoint    ] Total time for which application threads were stopped: 0.0366210 seconds, Stopping threads took: 0.0355438 seconds
[2022-06-13T01:29:57.241+0000][1][safepoint    ] Application time: 0.0113636 seconds
[2022-06-13T01:29:57.242+0000][1][safepoint    ] Entering safepoint region: Deoptimize
[2022-06-13T01:29:57.242+0000][1][safepoint    ] Leaving safepoint region
[2022-06-13T01:29:57.243+0000][1][safepoint    ] Total time for which application threads were stopped: 0.0011801 seconds, Stopping threads took: 0.0007146 seconds
[2022-06-13T01:29:57.363+0000][1][safepoint    ] Application time: 0.1193010 seconds
[2022-06-13T01:29:57.363+0000][1][safepoint    ] Entering safepoint region: RevokeBias
[2022-06-13T01:29:57.364+0000][1][safepoint    ] Leaving safepoint region
[2022-06-13T01:29:57.364+0000][1][safepoint    ] Total time for which application threads were stopped: 0.0005750 seconds, Stopping threads took: 0.0002404 seconds
[2022-06-13T01:29:57.403+0000][1][safepoint    ] Application time: 0.0390893 seconds
[2022-06-13T01:29:57.404+0000][1][safepoint    ] Entering safepoint region: Deoptimize
[2022-06-13T01:29:57.404+0000][1][safepoint    ] Leaving safepoint region
[2022-06-13T01:29:57.404+0000][1][safepoint    ] Total time for which application threads were stopped: 0.0005041 seconds, Stopping threads took: 0.0002379 seconds
[2022-06-13T01:29:57.909+0000][1][safepoint    ] Application time: 0.5040284 seconds
[2022-06-13T01:29:57.909+0000][1][safepoint    ] Entering safepoint region: Deoptimize
[2022-06-13T01:29:57.910+0000][1][safepoint    ] Leaving safepoint region
[2022-06-13T01:29:57.911+0000][1][safepoint    ] Total time for which application threads were stopped: 0.0017731 seconds, Stopping threads took: 0.0010882 seconds
[2022-06-13T01:29:57.944+0000][1][safepoint    ] Application time: 0.0328617 seconds
[2022-06-13T01:29:57.945+0000][1][safepoint    ] Entering safepoint region: Deoptimize
[2022-06-13T01:29:57.945+0000][1][safepoint    ] Leaving safepoint region
[2022-06-13T01:29:57.945+0000][1][safepoint    ] Total time for which application threads were stopped: 0.0007332 seconds, Stopping threads took: 0.0002838 seconds
[2022-06-13T01:29:58.016+0000][1][safepoint    ] Application time: 0.0707062 seconds
[2022-06-13T01:29:58.017+0000][1][safepoint    ] Entering safepoint region: Deoptimize
[2022-06-13T01:29:58.017+0000][1][safepoint    ] Leaving safepoint region
[2022-06-13T01:29:58.018+0000][1][safepoint    ] Total time for which application threads were stopped: 0.0009109 seconds, Stopping threads took: 0.0003708 seconds
[2022-06-13T01:29:58.037+0000][1][safepoint    ] Application time: 0.0185418 seconds
[2022-06-13T01:29:58.037+0000][1][safepoint    ] Entering safepoint region: Deoptimize
[2022-06-13T01:29:58.038+0000][1][safepoint    ] Leaving safepoint region
[2022-06-13T01:29:58.038+0000][1][safepoint    ] Total time for which application threads were stopped: 0.0009508 seconds, Stopping threads took: 0.0005099 seconds
[2022-06-13T01:29:58.538+0000][1][safepoint    ] Application time: 0.4993741 seconds
[2022-06-13T01:29:58.538+0000][1][safepoint    ] Entering safepoint region: Deoptimize
[2022-06-13T01:29:58.539+0000][1][safepoint    ] Leaving safepoint region
[2022-06-13T01:29:58.539+0000][1][safepoint    ] Total time for which application threads were stopped: 0.0008898 seconds, Stopping threads took: 0.0002762 seconds
[2022-06-13T01:29:58.772+0000][1][safepoint    ] Application time: 0.2332370 seconds
[2022-06-13T01:29:58.773+0000][1][safepoint    ] Entering safepoint region: RevokeBias
[2022-06-13T01:29:58.773+0000][1][safepoint    ] Leaving safepoint region
[2022-06-13T01:29:58.774+0000][1][safepoint    ] Total time for which application threads were stopped: 0.0009861 seconds, Stopping threads took: 0.0004241 seconds
[2022-06-13T01:29:58.895+0000][1][safepoint    ] Application time: 0.1211112 seconds
[2022-06-13T01:29:58.896+0000][1][safepoint    ] Entering safepoint region: Deoptimize
[2022-06-13T01:29:58.896+0000][1][safepoint    ] Leaving safepoint region
[2022-06-13T01:29:58.897+0000][1][safepoint    ] Total time for which application threads were stopped: 0.0011755 seconds, Stopping threads took: 0.0003805 seconds
[2022-06-13T01:29:59.004+0000][1][safepoint    ] Application time: 0.1066071 seconds
[2022-06-13T01:29:59.005+0000][1][safepoint    ] Entering safepoint region: Deoptimize
[2022-06-13T01:29:59.005+0000][1][safepoint    ] Leaving safepoint region
[2022-06-13T01:29:59.005+0000][1][safepoint    ] Total time for which application threads were stopped: 0.0007543 seconds, Stopping threads took: 0.0002743 seconds
[2022-06-13T01:29:59.006+0000][1][safepoint    ] Application time: 0.0003461 seconds
[2022-06-13T01:29:59.006+0000][1][safepoint    ] Entering safepoint region: Deoptimize
[2022-06-13T01:29:59.007+0000][1][safepoint    ] Leaving safepoint region
[2022-06-13T01:29:59.007+0000][1][safepoint    ] Total time for which application threads were stopped: 0.0008226 seconds, Stopping threads took: 0.0002456 seconds
[2022-06-13T01:29:59.044+0000][1][safepoint    ] Application time: 0.0366694 seconds
[2022-06-13T01:29:59.044+0000][1][safepoint    ] Entering safepoint region: Deoptimize
[2022-06-13T01:29:59.045+0000][1][safepoint    ] Leaving safepoint region
[2022-06-13T01:29:59.045+0000][1][safepoint    ] Total time for which application threads were stopped: 0.0008881 seconds, Stopping threads took: 0.0002443 seconds
[2022-06-13T01:29:59.052+0000][1][safepoint    ] Application time: 0.0065740 seconds
[2022-06-13T01:29:59.052+0000][1][safepoint    ] Entering safepoint region: RevokeBias
[2022-06-13T01:29:59.053+0000][1][safepoint    ] Leaving safepoint region
[2022-06-13T01:29:59.053+0000][1][safepoint    ] Total time for which application threads were stopped: 0.0005476 seconds, Stopping threads took: 0.0003335 seconds
[2022-06-13T01:29:59.053+0000][1][safepoint    ] Application time: 0.0003291 seconds
[2022-06-13T01:29:59.054+0000][1][safepoint    ] Entering safepoint region: RevokeBias
[2022-06-13T01:29:59.054+0000][1][safepoint    ] Leaving safepoint region
[2022-06-13T01:29:59.054+0000][1][safepoint    ] Total time for which application threads were stopped: 0.0005018 seconds, Stopping threads took: 0.0003452 seconds
[2022-06-13T01:29:59.054+0000][1][safepoint    ] Application time: 0.0001180 seconds
[2022-06-13T01:29:59.055+0000][1][safepoint    ] Entering safepoint region: RevokeBias
[2022-06-13T01:29:59.055+0000][1][safepoint    ] Leaving safepoint region
[2022-06-13T01:29:59.055+0000][1][safepoint    ] Total time for which application threads were stopped: 0.0007930 seconds, Stopping threads took: 0.0005105 seconds
[2022-06-13T01:29:59.056+0000][1][safepoint    ] Application time: 0.0001973 seconds
[2022-06-13T01:29:59.056+0000][1][safepoint    ] Entering safepoint region: RevokeBias
[2022-06-13T01:29:59.056+0000][1][safepoint    ] Leaving safepoint region
[2022-06-13T01:29:59.057+0000][1][safepoint    ] Total time for which application threads were stopped: 0.0006606 seconds, Stopping threads took: 0.0002639 seconds
[2022-06-13T01:29:59.057+0000][1][safepoint    ] Application time: 0.0002250 seconds
[2022-06-13T01:29:59.057+0000][1][safepoint    ] Entering safepoint region: RevokeBias
[2022-06-13T01:29:59.058+0000][1][safepoint    ] Leaving safepoint region
[2022-06-13T01:29:59.058+0000][1][safepoint    ] Total time for which application threads were stopped: 0.0005084 seconds, Stopping threads took: 0.0003193 seconds
[2022-06-13T01:29:59.066+0000][1][safepoint    ] Application time: 0.0076838 seconds
[2022-06-13T01:29:59.066+0000][1][safepoint    ] Entering safepoint region: Deoptimize
[2022-06-13T01:29:59.066+0000][1][safepoint    ] Leaving safepoint region
[2022-06-13T01:29:59.066+0000][1][safepoint    ] Total time for which application threads were stopped: 0.0005782 seconds, Stopping threads took: 0.0001557 seconds
[2022-06-13T01:29:59.155+0000][1][safepoint    ] Application time: 0.0884799 seconds
[2022-06-13T01:29:59.156+0000][1][safepoint    ] Entering safepoint region: GenCollectForAllocation
[2022-06-13T01:29:59.156+0000][1][gc,start     ] GC(0) Pause Young (Allocation Failure)
[2022-06-13T01:29:59.157+0000][1][gc,task      ] GC(0) Using 5 workers of 13 for evacuation
[2022-06-13T01:29:59.165+0000][1][gc,age       ] GC(0) Desired survivor size 4456448 bytes, new threshold 1 (max threshold 6)
[2022-06-13T01:29:59.165+0000][1][gc,age       ] GC(0) Age table with threshold 1 (max threshold 6)
[2022-06-13T01:29:59.166+0000][1][gc,age       ] GC(0) - age   1:    8095912 bytes,    8095912 total
[2022-06-13T01:29:59.166+0000][1][gc,heap      ] GC(0) ParNew: 69952K->8013K(78656K)
[2022-06-13T01:29:59.167+0000][1][gc,heap      ] GC(0) CMS: 0K->0K(174784K)
[2022-06-13T01:29:59.167+0000][1][gc,metaspace ] GC(0) Metaspace: 12353K->12353K(1060864K)
[2022-06-13T01:29:59.167+0000][1][gc           ] GC(0) Pause Young (Allocation Failure) 68M->7M(247M) 10.945ms
[2022-06-13T01:29:59.167+0000][1][gc,cpu       ] GC(0) User=0.06s Sys=0.00s Real=0.01s
[2022-06-13T01:29:59.168+0000][1][safepoint    ] Leaving safepoint region
[2022-06-13T01:29:59.168+0000][1][safepoint    ] Total time for which application threads were stopped: 0.0122875 seconds, Stopping threads took: 0.0004645 seconds
[2022-06-13T01:29:59.169+0000][1][safepoint    ] Application time: 0.0005137 seconds
[2022-06-13T01:29:59.169+0000][1][safepoint    ] Entering safepoint region: RevokeBias
[2022-06-13T01:29:59.169+0000][1][safepoint    ] Leaving safepoint region
[2022-06-13T01:29:59.170+0000][1][safepoint    ] Total time for which application threads were stopped: 0.0009031 seconds, Stopping threads took: 0.0004243 seconds
[2022-06-13T01:29:59.171+0000][1][safepoint    ] Application time: 0.0002850 seconds
[2022-06-13T01:29:59.171+0000][1][safepoint    ] Entering safepoint region: RevokeBias
[2022-06-13T01:29:59.172+0000][1][safepoint    ] Leaving safepoint region
[2022-06-13T01:29:59.172+0000][1][safepoint    ] Total time for which application threads were stopped: 0.0008199 seconds, Stopping threads took: 0.0003687 seconds
[2022-06-13T01:29:59.173+0000][1][safepoint    ] Application time: 0.0003030 seconds
[2022-06-13T01:29:59.173+0000][1][safepoint    ] Entering safepoint region: RevokeBias
[2022-06-13T01:29:59.173+0000][1][safepoint    ] Leaving safepoint region
[2022-06-13T01:29:59.174+0000][1][safepoint    ] Total time for which application threads were stopped: 0.0008755 seconds, Stopping threads took: 0.0004122 seconds
[2022-06-13T01:29:59.174+0000][1][safepoint    ] Application time: 0.0001986 seconds
[2022-06-13T01:29:59.175+0000][1][safepoint    ] Entering safepoint region: RevokeBias
[2022-06-13T01:29:59.176+0000][1][safepoint    ] Leaving safepoint region
[2022-06-13T01:29:59.176+0000][1][safepoint    ] Total time for which application threads were stopped: 0.0013164 seconds, Stopping threads took: 0.0007182 seconds
[2022-06-13T01:29:59.177+0000][1][safepoint    ] Application time: 0.0002483 seconds
[2022-06-13T01:29:59.177+0000][1][safepoint    ] Entering safepoint region: RevokeBias
[2022-06-13T01:29:59.177+0000][1][safepoint    ] Leaving safepoint region
[2022-06-13T01:29:59.178+0000][1][safepoint    ] Total time for which application threads were stopped: 0.0008410 seconds, Stopping threads took: 0.0005166 seconds
[2022-06-13T01:29:59.178+0000][1][safepoint    ] Application time: 0.0002118 seconds
[2022-06-13T01:29:59.179+0000][1][safepoint    ] Entering safepoint region: RevokeBias
[2022-06-13T01:29:59.179+0000][1][safepoint    ] Leaving safepoint region
[2022-06-13T01:29:59.179+0000][1][safepoint    ] Total time for which application threads were stopped: 0.0008664 seconds, Stopping threads took: 0.0003901 seconds
[2022-06-13T01:29:59.180+0000][1][safepoint    ] Application time: 0.0002465 seconds
[2022-06-13T01:29:59.181+0000][1][safepoint    ] Entering safepoint region: RevokeBias
[2022-06-13T01:29:59.181+0000][1][safepoint    ] Leaving safepoint region
[2022-06-13T01:29:59.181+0000][1][safepoint    ] Total time for which application threads were stopped: 0.0008317 seconds, Stopping threads took: 0.0004738 seconds
[2022-06-13T01:29:59.182+0000][1][safepoint    ] Application time: 0.0002079 seconds
[2022-06-13T01:29:59.182+0000][1][safepoint    ] Entering safepoint region: RevokeBias
[2022-06-13T01:29:59.183+0000][1][safepoint    ] Leaving safepoint region
[2022-06-13T01:29:59.183+0000][1][safepoint    ] Total time for which application threads were stopped: 0.0008362 seconds, Stopping threads took: 0.0005121 seconds
[2022-06-13T01:29:59.183+0000][1][safepoint    ] Application time: 0.0002218 seconds
[2022-06-13T01:29:59.184+0000][1][safepoint    ] Entering safepoint region: RevokeBias
[2022-06-13T01:29:59.184+0000][1][safepoint    ] Leaving safepoint region
[2022-06-13T01:29:59.185+0000][1][safepoint    ] Total time for which application threads were stopped: 0.0008461 seconds, Stopping threads took: 0.0003800 seconds
[2022-06-13T01:29:59.185+0000][1][safepoint    ] Application time: 0.0002012 seconds
[2022-06-13T01:29:59.186+0000][1][safepoint    ] Entering safepoint region: RevokeBias
[2022-06-13T01:29:59.186+0000][1][safepoint    ] Leaving safepoint region
[2022-06-13T01:29:59.187+0000][1][safepoint    ] Total time for which application threads were stopped: 0.0015406 seconds, Stopping threads took: 0.0008733 seconds
[2022-06-13T01:29:59.188+0000][1][safepoint    ] Application time: 0.0003256 seconds
[2022-06-13T01:29:59.189+0000][1][safepoint    ] Entering safepoint region: RevokeBias
[2022-06-13T01:29:59.189+0000][1][safepoint    ] Leaving safepoint region
[2022-06-13T01:29:59.189+0000][1][safepoint    ] Total time for which application threads were stopped: 0.0009596 seconds, Stopping threads took: 0.0004951 seconds
[2022-06-13T01:29:59.190+0000][1][safepoint    ] Application time: 0.0002646 seconds
[2022-06-13T01:29:59.191+0000][1][safepoint    ] Entering safepoint region: RevokeBias
[2022-06-13T01:29:59.191+0000][1][safepoint    ] Leaving safepoint region
[2022-06-13T01:29:59.192+0000][1][safepoint    ] Total time for which application threads were stopped: 0.0014424 seconds, Stopping threads took: 0.0007581 seconds
[2022-06-13T01:29:59.193+0000][1][safepoint    ] Application time: 0.0003008 seconds
[2022-06-13T01:29:59.193+0000][1][safepoint    ] Entering safepoint region: RevokeBias
[2022-06-13T01:29:59.194+0000][1][safepoint    ] Leaving safepoint region
[2022-06-13T01:29:59.195+0000][1][safepoint    ] Total time for which application threads were stopped: 0.0016758 seconds, Stopping threads took: 0.0011503 seconds
[2022-06-13T01:29:59.195+0000][1][safepoint    ] Application time: 0.0001929 seconds
[2022-06-13T01:29:59.196+0000][1][safepoint    ] Entering safepoint region: RevokeBias
[2022-06-13T01:29:59.196+0000][1][safepoint    ] Leaving safepoint region
[2022-06-13T01:29:59.196+0000][1][safepoint    ] Total time for which application threads were stopped: 0.0006084 seconds, Stopping threads took: 0.0003353 seconds
[2022-06-13T01:29:59.196+0000][1][safepoint    ] Application time: 0.0001451 seconds
[2022-06-13T01:29:59.197+0000][1][safepoint    ] Entering safepoint region: RevokeBias
[2022-06-13T01:29:59.197+0000][1][safepoint    ] Leaving safepoint region
[2022-06-13T01:29:59.197+0000][1][safepoint    ] Total time for which application threads were stopped: 0.0004820 seconds, Stopping threads took: 0.0002287 seconds
[2022-06-13T01:29:59.198+0000][1][safepoint    ] Application time: 0.0001432 seconds
[2022-06-13T01:29:59.198+0000][1][safepoint    ] Entering safepoint region: RevokeBias
[2022-06-13T01:29:59.198+0000][1][safepoint    ] Leaving safepoint region
[2022-06-13T01:29:59.199+0000][1][safepoint    ] Total time for which application threads were stopped: 0.0007667 seconds, Stopping threads took: 0.0005081 seconds
[2022-06-13T01:29:59.199+0000][1][safepoint    ] Application time: 0.0001972 seconds
[2022-06-13T01:29:59.199+0000][1][safepoint    ] Entering safepoint region: RevokeBias
[2022-06-13T01:29:59.200+0000][1][safepoint    ] Leaving safepoint region
[2022-06-13T01:29:59.200+0000][1][safepoint    ] Total time for which application threads were stopped: 0.0009182 seconds, Stopping threads took: 0.0004224 seconds
[2022-06-13T01:29:59.201+0000][1][safepoint    ] Application time: 0.0001481 seconds
[2022-06-13T01:29:59.201+0000][1][safepoint    ] Entering safepoint region: RevokeBias
[2022-06-13T01:29:59.202+0000][1][safepoint    ] Leaving safepoint region
[2022-06-13T01:29:59.202+0000][1][safepoint    ] Total time for which application threads were stopped: 0.0010250 seconds, Stopping threads took: 0.0004405 seconds
[2022-06-13T01:29:59.203+0000][1][safepoint    ] Application time: 0.0002795 seconds
[2022-06-13T01:29:59.204+0000][1][safepoint    ] Entering safepoint region: RevokeBias
[2022-06-13T01:29:59.204+0000][1][safepoint    ] Leaving safepoint region
[2022-06-13T01:29:59.204+0000][1][safepoint    ] Total time for which application threads were stopped: 0.0009435 seconds, Stopping threads took: 0.0005732 seconds
[2022-06-13T01:29:59.205+0000][1][safepoint    ] Application time: 0.0001623 seconds
[2022-06-13T01:29:59.206+0000][1][safepoint    ] Entering safepoint region: RevokeBias
[2022-06-13T01:29:59.206+0000][1][safepoint    ] Leaving safepoint region
[2022-06-13T01:29:59.207+0000][1][safepoint    ] Total time for which application threads were stopped: 0.0010418 seconds, Stopping threads took: 0.0005183 seconds
[2022-06-13T01:29:59.207+0000][1][safepoint    ] Application time: 0.0002202 seconds
[2022-06-13T01:29:59.208+0000][1][safepoint    ] Entering safepoint region: RevokeBias
[2022-06-13T01:29:59.209+0000][1][safepoint    ] Leaving safepoint region
[2022-06-13T01:29:59.209+0000][1][safepoint    ] Total time for which application threads were stopped: 0.0010119 seconds, Stopping threads took: 0.0005131 seconds
[2022-06-13T01:29:59.210+0000][1][safepoint    ] Application time: 0.0003360 seconds
[2022-06-13T01:29:59.210+0000][1][safepoint    ] Entering safepoint region: RevokeBias
[2022-06-13T01:29:59.211+0000][1][safepoint    ] Leaving safepoint region
[2022-06-13T01:29:59.211+0000][1][safepoint    ] Total time for which application threads were stopped: 0.0010208 seconds, Stopping threads took: 0.0006371 seconds
[2022-06-13T01:29:59.212+0000][1][safepoint    ] Application time: 0.0002839 seconds
[2022-06-13T01:29:59.213+0000][1][safepoint    ] Entering safepoint region: RevokeBias
[2022-06-13T01:29:59.213+0000][1][safepoint    ] Leaving safepoint region
[2022-06-13T01:29:59.214+0000][1][safepoint    ] Total time for which application threads were stopped: 0.0012231 seconds, Stopping threads took: 0.0004502 seconds
[2022-06-13T01:29:59.214+0000][1][safepoint    ] Application time: 0.0001197 seconds
[2022-06-13T01:29:59.215+0000][1][safepoint    ] Entering safepoint region: RevokeBias
[2022-06-13T01:29:59.215+0000][1][safepoint    ] Leaving safepoint region
[2022-06-13T01:29:59.215+0000][1][safepoint    ] Total time for which application threads were stopped: 0.0009013 seconds, Stopping threads took: 0.0004808 seconds
[2022-06-13T01:29:59.216+0000][1][safepoint    ] Application time: 0.0002048 seconds
[2022-06-13T01:29:59.217+0000][1][safepoint    ] Entering safepoint region: RevokeBias
[2022-06-13T01:29:59.217+0000][1][safepoint    ] Leaving safepoint region
[2022-06-13T01:29:59.218+0000][1][safepoint    ] Total time for which application threads were stopped: 0.0010009 seconds, Stopping threads took: 0.0005877 seconds
[2022-06-13T01:29:59.218+0000][1][safepoint    ] Application time: 0.0001135 seconds
[2022-06-13T01:29:59.218+0000][1][safepoint    ] Entering safepoint region: RevokeBias
[2022-06-13T01:29:59.219+0000][1][safepoint    ] Leaving safepoint region
[2022-06-13T01:29:59.219+0000][1][safepoint    ] Total time for which application threads were stopped: 0.0009079 seconds, Stopping threads took: 0.0003985 seconds
[2022-06-13T01:29:59.232+0000][1][safepoint    ] Application time: 0.0119200 seconds
[2022-06-13T01:29:59.232+0000][1][safepoint    ] Entering safepoint region: RevokeBias
[2022-06-13T01:29:59.233+0000][1][safepoint    ] Leaving safepoint region
[2022-06-13T01:29:59.233+0000][1][safepoint    ] Total time for which application threads were stopped: 0.0011453 seconds, Stopping threads took: 0.0006810 seconds
[2022-06-13T01:29:59.486+0000][1][safepoint    ] Application time: 0.2523723 seconds
[2022-06-13T01:29:59.486+0000][1][safepoint    ] Entering safepoint region: Deoptimize
[2022-06-13T01:29:59.487+0000][1][safepoint    ] Leaving safepoint region
[2022-06-13T01:29:59.488+0000][1][safepoint    ] Total time for which application threads were stopped: 0.0012310 seconds, Stopping threads took: 0.0002805 seconds
[2022-06-13T01:29:59.697+0000][1][safepoint    ] Application time: 0.2089863 seconds
[2022-06-13T01:29:59.697+0000][1][safepoint    ] Entering safepoint region: RevokeBias
[2022-06-13T01:29:59.698+0000][1][safepoint    ] Leaving safepoint region
[2022-06-13T01:29:59.699+0000][1][safepoint    ] Total time for which application threads were stopped: 0.0014416 seconds, Stopping threads took: 0.0007016 seconds
[2022-06-13T01:29:59.823+0000][1][safepoint    ] Application time: 0.1236324 seconds
[2022-06-13T01:29:59.823+0000][1][safepoint    ] Entering safepoint region: RevokeBias
[2022-06-13T01:29:59.824+0000][1][safepoint    ] Leaving safepoint region
[2022-06-13T01:29:59.824+0000][1][safepoint    ] Total time for which application threads were stopped: 0.0009012 seconds, Stopping threads took: 0.0005074 seconds
[2022-06-13T01:29:59.830+0000][1][safepoint    ] Application time: 0.0057200 seconds
[2022-06-13T01:29:59.831+0000][1][safepoint    ] Entering safepoint region: RevokeBias
[2022-06-13T01:29:59.831+0000][1][safepoint    ] Leaving safepoint region
[2022-06-13T01:29:59.831+0000][1][safepoint    ] Total time for which application threads were stopped: 0.0007508 seconds, Stopping threads took: 0.0002212 seconds
[2022-06-13T01:29:59.856+0000][1][safepoint    ] Application time: 0.0238103 seconds
[2022-06-13T01:29:59.856+0000][1][safepoint    ] Entering safepoint region: GenCollectForAllocation
[2022-06-13T01:29:59.857+0000][1][gc,start     ] GC(1) Pause Young (Allocation Failure)
[2022-06-13T01:29:59.858+0000][1][gc,task      ] GC(1) Using 5 workers of 13 for evacuation
[2022-06-13T01:29:59.878+0000][1][gc,age       ] GC(1) Desired survivor size 4456448 bytes, new threshold 6 (max threshold 6)
[2022-06-13T01:29:59.879+0000][1][gc,age       ] GC(1) Age table with threshold 6 (max threshold 6)
[2022-06-13T01:29:59.879+0000][1][gc,age       ] GC(1) - age   1:    1960648 bytes,    1960648 total
[2022-06-13T01:29:59.880+0000][1][gc,heap      ] GC(1) ParNew: 77965K->5346K(78656K)
[2022-06-13T01:29:59.880+0000][1][gc,heap      ] GC(1) CMS: 0K->6673K(174784K)
[2022-06-13T01:29:59.881+0000][1][gc,metaspace ] GC(1) Metaspace: 14973K->14973K(1062912K)
[2022-06-13T01:29:59.882+0000][1][gc           ] GC(1) Pause Young (Allocation Failure) 76M->11M(247M) 24.503ms
[2022-06-13T01:29:59.882+0000][1][gc,cpu       ] GC(1) User=0.13s Sys=0.00s Real=0.03s
[2022-06-13T01:29:59.883+0000][1][safepoint    ] Leaving safepoint region
[2022-06-13T01:29:59.883+0000][1][safepoint    ] Total time for which application threads were stopped: 0.0270949 seconds, Stopping threads took: 0.0007571 seconds
[2022-06-13T01:29:59.884+0000][1][safepoint    ] Application time: 0.0006397 seconds
[2022-06-13T01:29:59.885+0000][1][safepoint    ] Entering safepoint region: RevokeBias
[2022-06-13T01:29:59.886+0000][1][safepoint    ] Leaving safepoint region
[2022-06-13T01:29:59.887+0000][1][safepoint    ] Total time for which application threads were stopped: 0.0014938 seconds, Stopping threads took: 0.0007142 seconds
[2022-06-13T01:29:59.888+0000][1][safepoint    ] Application time: 0.0004916 seconds
[2022-06-13T01:29:59.888+0000][1][safepoint    ] Entering safepoint region: RevokeBias
[2022-06-13T01:29:59.889+0000][1][safepoint    ] Leaving safepoint region
[2022-06-13T01:29:59.890+0000][1][safepoint    ] Total time for which application threads were stopped: 0.0014656 seconds, Stopping threads took: 0.0007930 seconds
[2022-06-13T01:29:59.891+0000][1][safepoint    ] Application time: 0.0003947 seconds
[2022-06-13T01:29:59.891+0000][1][safepoint    ] Entering safepoint region: RevokeBias
[2022-06-13T01:29:59.892+0000][1][safepoint    ] Leaving safepoint region
[2022-06-13T01:29:59.893+0000][1][safepoint    ] Total time for which application threads were stopped: 0.0013455 seconds, Stopping threads took: 0.0006332 seconds
[2022-06-13T01:29:59.893+0000][1][safepoint    ] Application time: 0.0003273 seconds
[2022-06-13T01:29:59.894+0000][1][safepoint    ] Entering safepoint region: RevokeBias
[2022-06-13T01:29:59.895+0000][1][safepoint    ] Leaving safepoint region
[2022-06-13T01:29:59.895+0000][1][safepoint    ] Total time for which application threads were stopped: 0.0012211 seconds, Stopping threads took: 0.0005492 seconds
[2022-06-13T01:29:59.896+0000][1][safepoint    ] Application time: 0.0003227 seconds
[2022-06-13T01:29:59.897+0000][1][safepoint    ] Entering safepoint region: RevokeBias
[2022-06-13T01:29:59.898+0000][1][safepoint    ] Leaving safepoint region
[2022-06-13T01:29:59.898+0000][1][safepoint    ] Total time for which application threads were stopped: 0.0012883 seconds, Stopping threads took: 0.0006045 seconds
[2022-06-13T01:29:59.899+0000][1][safepoint    ] Application time: 0.0003826 seconds
[2022-06-13T01:29:59.900+0000][1][safepoint    ] Entering safepoint region: RevokeBias
[2022-06-13T01:29:59.900+0000][1][safepoint    ] Leaving safepoint region
[2022-06-13T01:29:59.901+0000][1][safepoint    ] Total time for which application threads were stopped: 0.0013409 seconds, Stopping threads took: 0.0006673 seconds
[2022-06-13T01:29:59.902+0000][1][safepoint    ] Application time: 0.0003912 seconds
[2022-06-13T01:29:59.903+0000][1][safepoint    ] Entering safepoint region: RevokeBias
[2022-06-13T01:29:59.903+0000][1][safepoint    ] Leaving safepoint region
[2022-06-13T01:29:59.904+0000][1][safepoint    ] Total time for which application threads were stopped: 0.0014303 seconds, Stopping threads took: 0.0006825 seconds
[2022-06-13T01:29:59.905+0000][1][safepoint    ] Application time: 0.0003836 seconds
[2022-06-13T01:29:59.906+0000][1][safepoint    ] Entering safepoint region: RevokeBias
[2022-06-13T01:29:59.906+0000][1][safepoint    ] Leaving safepoint region
[2022-06-13T01:29:59.907+0000][1][safepoint    ] Total time for which application threads were stopped: 0.0014787 seconds, Stopping threads took: 0.0007019 seconds
[2022-06-13T01:29:59.908+0000][1][safepoint    ] Application time: 0.0003992 seconds
[2022-06-13T01:29:59.909+0000][1][safepoint    ] Entering safepoint region: RevokeBias
[2022-06-13T01:29:59.909+0000][1][safepoint    ] Leaving safepoint region
[2022-06-13T01:29:59.910+0000][1][safepoint    ] Total time for which application threads were stopped: 0.0012214 seconds, Stopping threads took: 0.0005842 seconds
[2022-06-13T01:29:59.911+0000][1][safepoint    ] Application time: 0.0003155 seconds
[2022-06-13T01:29:59.912+0000][1][safepoint    ] Entering safepoint region: RevokeBias
[2022-06-13T01:29:59.912+0000][1][safepoint    ] Leaving safepoint region
[2022-06-13T01:29:59.912+0000][1][safepoint    ] Total time for which application threads were stopped: 0.0006239 seconds, Stopping threads took: 0.0003393 seconds
[2022-06-13T01:29:59.913+0000][1][safepoint    ] Application time: 0.0001391 seconds
[2022-06-13T01:29:59.913+0000][1][safepoint    ] Entering safepoint region: BulkRevokeBias
[2022-06-13T01:29:59.913+0000][1][safepoint    ] Leaving safepoint region
[2022-06-13T01:29:59.914+0000][1][safepoint    ] Total time for which application threads were stopped: 0.0005290 seconds, Stopping threads took: 0.0002408 seconds
[2022-06-13T01:29:59.914+0000][1][safepoint    ] Application time: 0.0001318 seconds
[2022-06-13T01:29:59.914+0000][1][safepoint    ] Entering safepoint region: RevokeBias
[2022-06-13T01:29:59.915+0000][1][safepoint    ] Leaving safepoint region
[2022-06-13T01:29:59.915+0000][1][safepoint    ] Total time for which application threads were stopped: 0.0005500 seconds, Stopping threads took: 0.0003170 seconds
[2022-06-13T01:29:59.915+0000][1][safepoint    ] Application time: 0.0001114 seconds
[2022-06-13T01:29:59.915+0000][1][safepoint    ] Entering safepoint region: BulkRevokeBias
[2022-06-13T01:29:59.915+0000][1][safepoint    ] Leaving safepoint region
[2022-06-13T01:29:59.916+0000][1][safepoint    ] Total time for which application threads were stopped: 0.0004999 seconds, Stopping threads took: 0.0001982 seconds
[2022-06-13T01:30:00.065+0000][1][safepoint    ] Application time: 0.1494617 seconds
[2022-06-13T01:30:00.066+0000][1][safepoint    ] Entering safepoint region: GenCollectForAllocation
[2022-06-13T01:30:00.066+0000][1][gc,start     ] GC(2) Pause Young (Allocation Failure)
[2022-06-13T01:30:00.067+0000][1][gc,task      ] GC(2) Using 5 workers of 13 for evacuation
[2022-06-13T01:30:00.071+0000][1][gc,age       ] GC(2) Desired survivor size 4456448 bytes, new threshold 6 (max threshold 6)
[2022-06-13T01:30:00.072+0000][1][gc,age       ] GC(2) Age table with threshold 6 (max threshold 6)
[2022-06-13T01:30:00.072+0000][1][gc,age       ] GC(2) - age   1:    2563592 bytes,    2563592 total
[2022-06-13T01:30:00.073+0000][1][gc,age       ] GC(2) - age   2:    1182296 bytes,    3745888 total
[2022-06-13T01:30:00.073+0000][1][gc,heap      ] GC(2) ParNew: 75298K->4719K(78656K)
[2022-06-13T01:30:00.073+0000][1][gc,heap      ] GC(2) CMS: 6673K->6673K(174784K)
[2022-06-13T01:30:00.073+0000][1][gc,metaspace ] GC(2) Metaspace: 15110K->15110K(1062912K)
[2022-06-13T01:30:00.074+0000][1][gc           ] GC(2) Pause Young (Allocation Failure) 80M->11M(247M) 7.416ms
[2022-06-13T01:30:00.074+0000][1][gc,cpu       ] GC(2) User=0.04s Sys=0.00s Real=0.01s
[2022-06-13T01:30:00.074+0000][1][safepoint    ] Leaving safepoint region
[2022-06-13T01:30:00.075+0000][1][safepoint    ] Total time for which application threads were stopped: 0.0090810 seconds, Stopping threads took: 0.0003147 seconds
[2022-06-13T01:30:00.077+0000][1][safepoint    ] Application time: 0.0007509 seconds
[2022-06-13T01:30:00.077+0000][1][safepoint    ] Entering safepoint region: RevokeBias
[2022-06-13T01:30:00.078+0000][1][safepoint    ] Leaving safepoint region
[2022-06-13T01:30:00.078+0000][1][safepoint    ] Total time for which application threads were stopped: 0.0010579 seconds, Stopping threads took: 0.0006656 seconds
[2022-06-13T01:30:00.079+0000][1][safepoint    ] Application time: 0.0003153 seconds
[2022-06-13T01:30:00.079+0000][1][safepoint    ] Entering safepoint region: RevokeBias
[2022-06-13T01:30:00.080+0000][1][safepoint    ] Leaving safepoint region
[2022-06-13T01:30:00.080+0000][1][safepoint    ] Total time for which application threads were stopped: 0.0010033 seconds, Stopping threads took: 0.0006173 seconds
[2022-06-13T01:30:00.081+0000][1][safepoint    ] Application time: 0.0002426 seconds
[2022-06-13T01:30:00.081+0000][1][safepoint    ] Entering safepoint region: RevokeBias
[2022-06-13T01:30:00.082+0000][1][safepoint    ] Leaving safepoint region
[2022-06-13T01:30:00.082+0000][1][safepoint    ] Total time for which application threads were stopped: 0.0010062 seconds, Stopping threads took: 0.0004589 seconds
[2022-06-13T01:30:00.083+0000][1][safepoint    ] Application time: 0.0001545 seconds
[2022-06-13T01:30:00.083+0000][1][safepoint    ] Entering safepoint region: RevokeBias
[2022-06-13T01:30:00.083+0000][1][safepoint    ] Leaving safepoint region
[2022-06-13T01:30:00.084+0000][1][safepoint    ] Total time for which application threads were stopped: 0.0006953 seconds, Stopping threads took: 0.0002652 seconds
[2022-06-13T01:30:00.084+0000][1][safepoint    ] Application time: 0.0001500 seconds
[2022-06-13T01:30:00.084+0000][1][safepoint    ] Entering safepoint region: RevokeBias
[2022-06-13T01:30:00.085+0000][1][safepoint    ] Leaving safepoint region
[2022-06-13T01:30:00.085+0000][1][safepoint    ] Total time for which application threads were stopped: 0.0012149 seconds, Stopping threads took: 0.0008078 seconds
[2022-06-13T01:30:00.086+0000][1][safepoint    ] Application time: 0.0002717 seconds
[2022-06-13T01:30:00.087+0000][1][safepoint    ] Entering safepoint region: RevokeBias
[2022-06-13T01:30:00.087+0000][1][safepoint    ] Leaving safepoint region
[2022-06-13T01:30:00.087+0000][1][safepoint    ] Total time for which application threads were stopped: 0.0007727 seconds, Stopping threads took: 0.0003229 seconds
[2022-06-13T01:30:00.252+0000][1][safepoint    ] Application time: 0.1639110 seconds
[2022-06-13T01:30:00.252+0000][1][safepoint    ] Entering safepoint region: Deoptimize
[2022-06-13T01:30:00.253+0000][1][safepoint    ] Leaving safepoint region
[2022-06-13T01:30:00.253+0000][1][safepoint    ] Total time for which application threads were stopped: 0.0011363 seconds, Stopping threads took: 0.0002682 seconds
[2022-06-13T01:30:00.255+0000][1][safepoint    ] Application time: 0.0011230 seconds
[2022-06-13T01:30:00.255+0000][1][safepoint    ] Entering safepoint region: Deoptimize
[2022-06-13T01:30:00.256+0000][1][safepoint    ] Leaving safepoint region
[2022-06-13T01:30:00.256+0000][1][safepoint    ] Total time for which application threads were stopped: 0.0009682 seconds, Stopping threads took: 0.0002628 seconds
[2022-06-13T01:30:00.494+0000][1][safepoint    ] Application time: 0.2376656 seconds
[2022-06-13T01:30:00.495+0000][1][safepoint    ] Entering safepoint region: GenCollectForAllocation
[2022-06-13T01:30:00.495+0000][1][gc,start     ] GC(3) Pause Young (Allocation Failure)
[2022-06-13T01:30:00.495+0000][1][gc,task      ] GC(3) Using 5 workers of 13 for evacuation
[2022-06-13T01:30:00.499+0000][1][gc,age       ] GC(3) Desired survivor size 4456448 bytes, new threshold 3 (max threshold 6)
[2022-06-13T01:30:00.499+0000][1][gc,age       ] GC(3) Age table with threshold 3 (max threshold 6)
[2022-06-13T01:30:00.500+0000][1][gc,age       ] GC(3) - age   1:    3248136 bytes,    3248136 total
[2022-06-13T01:30:00.500+0000][1][gc,age       ] GC(3) - age   2:     294768 bytes,    3542904 total
[2022-06-13T01:30:00.500+0000][1][gc,age       ] GC(3) - age   3:    1178968 bytes,    4721872 total
[2022-06-13T01:30:00.500+0000][1][gc,heap      ] GC(3) ParNew: 74671K->5761K(78656K)
[2022-06-13T01:30:00.501+0000][1][gc,heap      ] GC(3) CMS: 6673K->6673K(174784K)
[2022-06-13T01:30:00.501+0000][1][gc,metaspace ] GC(3) Metaspace: 18426K->18426K(1067008K)
[2022-06-13T01:30:00.501+0000][1][gc           ] GC(3) Pause Young (Allocation Failure) 79M->12M(247M) 6.220ms
[2022-06-13T01:30:00.501+0000][1][gc,cpu       ] GC(3) User=0.03s Sys=0.00s Real=0.01s
[2022-06-13T01:30:00.502+0000][1][safepoint    ] Leaving safepoint region
[2022-06-13T01:30:00.502+0000][1][safepoint    ] Total time for which application threads were stopped: 0.0074841 seconds, Stopping threads took: 0.0002948 seconds
[2022-06-13T01:30:00.503+0000][1][safepoint    ] Application time: 0.0005471 seconds
[2022-06-13T01:30:00.503+0000][1][safepoint    ] Entering safepoint region: RevokeBias
[2022-06-13T01:30:00.504+0000][1][safepoint    ] Leaving safepoint region
[2022-06-13T01:30:00.504+0000][1][safepoint    ] Total time for which application threads were stopped: 0.0007798 seconds, Stopping threads took: 0.0002718 seconds
[2022-06-13T01:30:00.504+0000][1][safepoint    ] Application time: 0.0001570 seconds
[2022-06-13T01:30:00.505+0000][1][safepoint    ] Entering safepoint region: RevokeBias
[2022-06-13T01:30:00.505+0000][1][safepoint    ] Leaving safepoint region
[2022-06-13T01:30:00.505+0000][1][safepoint    ] Total time for which application threads were stopped: 0.0006648 seconds, Stopping threads took: 0.0003716 seconds
[2022-06-13T01:30:00.506+0000][1][safepoint    ] Application time: 0.0002288 seconds
[2022-06-13T01:30:00.506+0000][1][safepoint    ] Entering safepoint region: RevokeBias
[2022-06-13T01:30:00.506+0000][1][safepoint    ] Leaving safepoint region
[2022-06-13T01:30:00.506+0000][1][safepoint    ] Total time for which application threads were stopped: 0.0005210 seconds, Stopping threads took: 0.0003148 seconds
[2022-06-13T01:30:00.507+0000][1][safepoint    ] Application time: 0.0001189 seconds
[2022-06-13T01:30:00.507+0000][1][safepoint    ] Entering safepoint region: RevokeBias
[2022-06-13T01:30:00.507+0000][1][safepoint    ] Leaving safepoint region
[2022-06-13T01:30:00.507+0000][1][safepoint    ] Total time for which application threads were stopped: 0.0004804 seconds, Stopping threads took: 0.0002189 seconds
[2022-06-13T01:30:00.508+0000][1][safepoint    ] Application time: 0.0001659 seconds
[2022-06-13T01:30:00.508+0000][1][safepoint    ] Entering safepoint region: RevokeBias
[2022-06-13T01:30:00.509+0000][1][safepoint    ] Leaving safepoint region
[2022-06-13T01:30:00.509+0000][1][safepoint    ] Total time for which application threads were stopped: 0.0007869 seconds, Stopping threads took: 0.0005406 seconds
[2022-06-13T01:30:00.510+0000][1][safepoint    ] Application time: 0.0006113 seconds
[2022-06-13T01:30:00.510+0000][1][safepoint    ] Entering safepoint region: RevokeBias
[2022-06-13T01:30:00.510+0000][1][safepoint    ] Leaving safepoint region
[2022-06-13T01:30:00.511+0000][1][safepoint    ] Total time for which application threads were stopped: 0.0005549 seconds, Stopping threads took: 0.0003437 seconds
[2022-06-13T01:30:00.511+0000][1][safepoint    ] Application time: 0.0001660 seconds
[2022-06-13T01:30:00.511+0000][1][safepoint    ] Entering safepoint region: RevokeBias
[2022-06-13T01:30:00.511+0000][1][safepoint    ] Leaving safepoint region
[2022-06-13T01:30:00.512+0000][1][safepoint    ] Total time for which application threads were stopped: 0.0004714 seconds, Stopping threads took: 0.0002030 seconds
[2022-06-13T01:30:00.512+0000][1][safepoint    ] Application time: 0.0001175 seconds
[2022-06-13T01:30:00.512+0000][1][safepoint    ] Entering safepoint region: RevokeBias
[2022-06-13T01:30:00.513+0000][1][safepoint    ] Leaving safepoint region
[2022-06-13T01:30:00.513+0000][1][safepoint    ] Total time for which application threads were stopped: 0.0006724 seconds, Stopping threads took: 0.0003570 seconds
[2022-06-13T01:30:00.513+0000][1][safepoint    ] Application time: 0.0002091 seconds
[2022-06-13T01:30:00.514+0000][1][safepoint    ] Entering safepoint region: RevokeBias
[2022-06-13T01:30:00.514+0000][1][safepoint    ] Leaving safepoint region
[2022-06-13T01:30:00.514+0000][1][safepoint    ] Total time for which application threads were stopped: 0.0004886 seconds, Stopping threads took: 0.0002274 seconds
[2022-06-13T01:30:00.514+0000][1][safepoint    ] Application time: 0.0001725 seconds
[2022-06-13T01:30:00.515+0000][1][safepoint    ] Entering safepoint region: RevokeBias
[2022-06-13T01:30:00.515+0000][1][safepoint    ] Leaving safepoint region
[2022-06-13T01:30:00.515+0000][1][safepoint    ] Total time for which application threads were stopped: 0.0006441 seconds, Stopping threads took: 0.0003096 seconds
[2022-06-13T01:30:00.516+0000][1][safepoint    ] Application time: 0.0001248 seconds
[2022-06-13T01:30:00.516+0000][1][safepoint    ] Entering safepoint region: RevokeBias
[2022-06-13T01:30:00.516+0000][1][safepoint    ] Leaving safepoint region
[2022-06-13T01:30:00.517+0000][1][safepoint    ] Total time for which application threads were stopped: 0.0006269 seconds, Stopping threads took: 0.0003169 seconds
[2022-06-13T01:30:00.517+0000][1][safepoint    ] Application time: 0.0001619 seconds
[2022-06-13T01:30:00.517+0000][1][safepoint    ] Entering safepoint region: RevokeBias
[2022-06-13T01:30:00.518+0000][1][safepoint    ] Leaving safepoint region
[2022-06-13T01:30:00.518+0000][1][safepoint    ] Total time for which application threads were stopped: 0.0005771 seconds, Stopping threads took: 0.0003148 seconds
[2022-06-13T01:30:00.518+0000][1][safepoint    ] Application time: 0.0001430 seconds
[2022-06-13T01:30:00.518+0000][1][safepoint    ] Entering safepoint region: RevokeBias
[2022-06-13T01:30:00.519+0000][1][safepoint    ] Leaving safepoint region
[2022-06-13T01:30:00.519+0000][1][safepoint    ] Total time for which application threads were stopped: 0.0006447 seconds, Stopping threads took: 0.0003836 seconds
[2022-06-13T01:30:00.519+0000][1][safepoint    ] Application time: 0.0002414 seconds
[2022-06-13T01:30:00.520+0000][1][safepoint    ] Entering safepoint region: RevokeBias
[2022-06-13T01:30:00.520+0000][1][safepoint    ] Leaving safepoint region
[2022-06-13T01:30:00.521+0000][1][safepoint    ] Total time for which application threads were stopped: 0.0007979 seconds, Stopping threads took: 0.0002779 seconds
[2022-06-13T01:30:00.521+0000][1][safepoint    ] Application time: 0.0001176 seconds
[2022-06-13T01:30:00.521+0000][1][safepoint    ] Entering safepoint region: RevokeBias
[2022-06-13T01:30:00.521+0000][1][safepoint    ] Leaving safepoint region
[2022-06-13T01:30:00.522+0000][1][safepoint    ] Total time for which application threads were stopped: 0.0005849 seconds, Stopping threads took: 0.0003276 seconds
[2022-06-13T01:30:00.522+0000][1][safepoint    ] Application time: 0.0001189 seconds
[2022-06-13T01:30:00.522+0000][1][safepoint    ] Entering safepoint region: RevokeBias
[2022-06-13T01:30:00.523+0000][1][safepoint    ] Leaving safepoint region
[2022-06-13T01:30:00.523+0000][1][safepoint    ] Total time for which application threads were stopped: 0.0007182 seconds, Stopping threads took: 0.0004661 seconds
[2022-06-13T01:30:00.523+0000][1][safepoint    ] Application time: 0.0001686 seconds
[2022-06-13T01:30:00.523+0000][1][safepoint    ] Entering safepoint region: RevokeBias
[2022-06-13T01:30:00.524+0000][1][safepoint    ] Leaving safepoint region
[2022-06-13T01:30:00.524+0000][1][safepoint    ] Total time for which application threads were stopped: 0.0005689 seconds, Stopping threads took: 0.0002704 seconds
[2022-06-13T01:30:00.524+0000][1][safepoint    ] Application time: 0.0002656 seconds
[2022-06-13T01:30:00.525+0000][1][safepoint    ] Entering safepoint region: RevokeBias
[2022-06-13T01:30:00.525+0000][1][safepoint    ] Leaving safepoint region
[2022-06-13T01:30:00.526+0000][1][safepoint    ] Total time for which application threads were stopped: 0.0009080 seconds, Stopping threads took: 0.0003109 seconds
[2022-06-13T01:30:00.527+0000][1][safepoint    ] Application time: 0.0003948 seconds
[2022-06-13T01:30:00.527+0000][1][safepoint    ] Entering safepoint region: RevokeBias
[2022-06-13T01:30:00.527+0000][1][safepoint    ] Leaving safepoint region
[2022-06-13T01:30:00.528+0000][1][safepoint    ] Total time for which application threads were stopped: 0.0007591 seconds, Stopping threads took: 0.0003872 seconds
[2022-06-13T01:30:00.528+0000][1][safepoint    ] Application time: 0.0001392 seconds
[2022-06-13T01:30:00.528+0000][1][safepoint    ] Entering safepoint region: RevokeBias
[2022-06-13T01:30:00.529+0000][1][safepoint    ] Leaving safepoint region
[2022-06-13T01:30:00.529+0000][1][safepoint    ] Total time for which application threads were stopped: 0.0005759 seconds, Stopping threads took: 0.0002825 seconds
[2022-06-13T01:30:00.529+0000][1][safepoint    ] Application time: 0.0001788 seconds
[2022-06-13T01:30:00.529+0000][1][safepoint    ] Entering safepoint region: RevokeBias
[2022-06-13T01:30:00.530+0000][1][safepoint    ] Leaving safepoint region
[2022-06-13T01:30:00.530+0000][1][safepoint    ] Total time for which application threads were stopped: 0.0005615 seconds, Stopping threads took: 0.0002083 seconds
[2022-06-13T01:30:00.695+0000][1][safepoint    ] Application time: 0.1647927 seconds
[2022-06-13T01:30:00.696+0000][1][safepoint    ] Entering safepoint region: GenCollectForAllocation
[2022-06-13T01:30:00.696+0000][1][gc,start     ] GC(4) Pause Young (Allocation Failure)
[2022-06-13T01:30:00.696+0000][1][gc,task      ] GC(4) Using 5 workers of 13 for evacuation
[2022-06-13T01:30:00.702+0000][1][gc,age       ] GC(4) Desired survivor size 4456448 bytes, new threshold 2 (max threshold 6)
[2022-06-13T01:30:00.702+0000][1][gc,age       ] GC(4) Age table with threshold 2 (max threshold 6)
[2022-06-13T01:30:00.702+0000][1][gc,age       ] GC(4) - age   1:    1438112 bytes,    1438112 total
[2022-06-13T01:30:00.702+0000][1][gc,age       ] GC(4) - age   2:    3208552 bytes,    4646664 total
[2022-06-13T01:30:00.703+0000][1][gc,age       ] GC(4) - age   3:     294240 bytes,    4940904 total
[2022-06-13T01:30:00.703+0000][1][gc,heap      ] GC(4) ParNew: 75713K->6804K(78656K)
[2022-06-13T01:30:00.704+0000][1][gc,heap      ] GC(4) CMS: 6673K->7841K(174784K)
[2022-06-13T01:30:00.704+0000][1][gc,metaspace ] GC(4) Metaspace: 18781K->18781K(1067008K)
[2022-06-13T01:30:00.705+0000][1][gc           ] GC(4) Pause Young (Allocation Failure) 80M->14M(247M) 8.562ms
[2022-06-13T01:30:00.706+0000][1][gc,cpu       ] GC(4) User=0.05s Sys=0.00s Real=0.01s
[2022-06-13T01:30:00.707+0000][1][safepoint    ] Leaving safepoint region
[2022-06-13T01:30:00.707+0000][1][safepoint    ] Total time for which application threads were stopped: 0.0114807 seconds, Stopping threads took: 0.0003602 seconds
[2022-06-13T01:30:00.708+0000][1][safepoint    ] Application time: 0.0007516 seconds
[2022-06-13T01:30:00.709+0000][1][safepoint    ] Entering safepoint region: RevokeBias
[2022-06-13T01:30:00.709+0000][1][safepoint    ] Leaving safepoint region
[2022-06-13T01:30:00.709+0000][1][safepoint    ] Total time for which application threads were stopped: 0.0007172 seconds, Stopping threads took: 0.0002976 seconds
[2022-06-13T01:30:00.710+0000][1][safepoint    ] Application time: 0.0000803 seconds
[2022-06-13T01:30:00.710+0000][1][safepoint    ] Entering safepoint region: RevokeBias
[2022-06-13T01:30:00.710+0000][1][safepoint    ] Leaving safepoint region
[2022-06-13T01:30:00.710+0000][1][safepoint    ] Total time for which application threads were stopped: 0.0006305 seconds, Stopping threads took: 0.0002645 seconds
[2022-06-13T01:30:00.711+0000][1][safepoint    ] Application time: 0.0001573 seconds
[2022-06-13T01:30:00.711+0000][1][safepoint    ] Entering safepoint region: RevokeBias
[2022-06-13T01:30:00.712+0000][1][safepoint    ] Leaving safepoint region
[2022-06-13T01:30:00.713+0000][1][safepoint    ] Total time for which application threads were stopped: 0.0014360 seconds, Stopping threads took: 0.0009697 seconds
[2022-06-13T01:30:00.713+0000][1][safepoint    ] Application time: 0.0000692 seconds
[2022-06-13T01:30:00.713+0000][1][safepoint    ] Entering safepoint region: RevokeBias
[2022-06-13T01:30:00.714+0000][1][safepoint    ] Leaving safepoint region
[2022-06-13T01:30:00.714+0000][1][safepoint    ] Total time for which application threads were stopped: 0.0006343 seconds, Stopping threads took: 0.0003065 seconds
[2022-06-13T01:30:00.745+0000][1][safepoint    ] Application time: 0.0305897 seconds
[2022-06-13T01:30:00.746+0000][1][safepoint    ] Entering safepoint region: Deoptimize
[2022-06-13T01:30:00.746+0000][1][safepoint    ] Leaving safepoint region
[2022-06-13T01:30:00.747+0000][1][safepoint    ] Total time for which application threads were stopped: 0.0012886 seconds, Stopping threads took: 0.0004500 seconds
[2022-06-13T01:30:00.804+0000][1][safepoint    ] Application time: 0.0565027 seconds
[2022-06-13T01:30:00.804+0000][1][safepoint    ] Entering safepoint region: Deoptimize
[2022-06-13T01:30:00.805+0000][1][safepoint    ] Leaving safepoint region
[2022-06-13T01:30:00.805+0000][1][safepoint    ] Total time for which application threads were stopped: 0.0011643 seconds, Stopping threads took: 0.0004878 seconds
[2022-06-13T01:30:00.913+0000][1][safepoint    ] Application time: 0.1080549 seconds
[2022-06-13T01:30:00.914+0000][1][safepoint    ] Entering safepoint region: GenCollectForAllocation
[2022-06-13T01:30:00.914+0000][1][gc,start     ] GC(5) Pause Young (Allocation Failure)
[2022-06-13T01:30:00.915+0000][1][gc,task      ] GC(5) Using 5 workers of 13 for evacuation
[2022-06-13T01:30:00.920+0000][1][gc,age       ] GC(5) Desired survivor size 4456448 bytes, new threshold 6 (max threshold 6)
[2022-06-13T01:30:00.920+0000][1][gc,age       ] GC(5) Age table with threshold 6 (max threshold 6)
[2022-06-13T01:30:00.920+0000][1][gc,age       ] GC(5) - age   1:    2367712 bytes,    2367712 total
[2022-06-13T01:30:00.920+0000][1][gc,age       ] GC(5) - age   2:     567144 bytes,    2934856 total
[2022-06-13T01:30:00.921+0000][1][gc,heap      ] GC(5) ParNew: 76756K->5618K(78656K)
[2022-06-13T01:30:00.921+0000][1][gc,heap      ] GC(5) CMS: 7841K->11287K(174784K)
[2022-06-13T01:30:00.921+0000][1][gc,metaspace ] GC(5) Metaspace: 19124K->19124K(1067008K)
[2022-06-13T01:30:00.921+0000][1][gc           ] GC(5) Pause Young (Allocation Failure) 82M->16M(247M) 6.663ms
[2022-06-13T01:30:00.921+0000][1][gc,cpu       ] GC(5) User=0.06s Sys=0.00s Real=0.01s
[2022-06-13T01:30:00.922+0000][1][safepoint    ] Leaving safepoint region
[2022-06-13T01:30:00.922+0000][1][safepoint    ] Total time for which application threads were stopped: 0.0080028 seconds, Stopping threads took: 0.0003441 seconds
[2022-06-13T01:30:00.922+0000][1][safepoint    ] Application time: 0.0002949 seconds
[2022-06-13T01:30:00.923+0000][1][safepoint    ] Entering safepoint region: RevokeBias
[2022-06-13T01:30:00.923+0000][1][safepoint    ] Leaving safepoint region
[2022-06-13T01:30:00.924+0000][1][safepoint    ] Total time for which application threads were stopped: 0.0010522 seconds, Stopping threads took: 0.0004187 seconds
[2022-06-13T01:30:00.925+0000][1][safepoint    ] Application time: 0.0004473 seconds
[2022-06-13T01:30:00.925+0000][1][safepoint    ] Entering safepoint region: RevokeBias
[2022-06-13T01:30:00.926+0000][1][safepoint    ] Leaving safepoint region
[2022-06-13T01:30:00.926+0000][1][safepoint    ] Total time for which application threads were stopped: 0.0012787 seconds, Stopping threads took: 0.0004463 seconds
[2022-06-13T01:30:00.927+0000][1][safepoint    ] Application time: 0.0001751 seconds
[2022-06-13T01:30:00.927+0000][1][safepoint    ] Entering safepoint region: RevokeBias
[2022-06-13T01:30:00.927+0000][1][safepoint    ] Leaving safepoint region
[2022-06-13T01:30:00.928+0000][1][safepoint    ] Total time for which application threads were stopped: 0.0004973 seconds, Stopping threads took: 0.0002701 seconds
[2022-06-13T01:30:00.928+0000][1][safepoint    ] Application time: 0.0001136 seconds
[2022-06-13T01:30:00.928+0000][1][safepoint    ] Entering safepoint region: RevokeBias
[2022-06-13T01:30:00.928+0000][1][safepoint    ] Leaving safepoint region
[2022-06-13T01:30:00.928+0000][1][safepoint    ] Total time for which application threads were stopped: 0.0004554 seconds, Stopping threads took: 0.0002107 seconds
[2022-06-13T01:30:00.929+0000][1][safepoint    ] Application time: 0.0001803 seconds
[2022-06-13T01:30:00.929+0000][1][safepoint    ] Entering safepoint region: RevokeBias
[2022-06-13T01:30:00.929+0000][1][safepoint    ] Leaving safepoint region
[2022-06-13T01:30:00.930+0000][1][safepoint    ] Total time for which application threads were stopped: 0.0005839 seconds, Stopping threads took: 0.0002894 seconds
[2022-06-13T01:30:00.930+0000][1][safepoint    ] Application time: 0.0001427 seconds
[2022-06-13T01:30:00.930+0000][1][safepoint    ] Entering safepoint region: RevokeBias
[2022-06-13T01:30:00.931+0000][1][safepoint    ] Leaving safepoint region
[2022-06-13T01:30:00.931+0000][1][safepoint    ] Total time for which application threads were stopped: 0.0006624 seconds, Stopping threads took: 0.0003205 seconds
[2022-06-13T01:30:01.096+0000][1][safepoint    ] Application time: 0.1646854 seconds
[2022-06-13T01:30:01.096+0000][1][safepoint    ] Entering safepoint region: GenCollectForAllocation
[2022-06-13T01:30:01.097+0000][1][gc,start     ] GC(6) Pause Young (Allocation Failure)
[2022-06-13T01:30:01.097+0000][1][gc,task      ] GC(6) Using 5 workers of 13 for evacuation
[2022-06-13T01:30:01.099+0000][1][gc,age       ] GC(6) Desired survivor size 4456448 bytes, new threshold 6 (max threshold 6)
[2022-06-13T01:30:01.100+0000][1][gc,age       ] GC(6) Age table with threshold 6 (max threshold 6)
[2022-06-13T01:30:01.100+0000][1][gc,age       ] GC(6) - age   1:    1158904 bytes,    1158904 total
[2022-06-13T01:30:01.100+0000][1][gc,age       ] GC(6) - age   2:    2195736 bytes,    3354640 total
[2022-06-13T01:30:01.100+0000][1][gc,age       ] GC(6) - age   3:     567144 bytes,    3921784 total
[2022-06-13T01:30:01.100+0000][1][gc,heap      ] GC(6) ParNew: 75570K->4885K(78656K)
[2022-06-13T01:30:01.101+0000][1][gc,heap      ] GC(6) CMS: 11287K->11287K(174784K)
[2022-06-13T01:30:01.101+0000][1][gc,metaspace ] GC(6) Metaspace: 19430K->19430K(1067008K)
[2022-06-13T01:30:01.101+0000][1][gc           ] GC(6) Pause Young (Allocation Failure) 84M->15M(247M) 4.413ms
[2022-06-13T01:30:01.101+0000][1][gc,cpu       ] GC(6) User=0.03s Sys=0.00s Real=0.01s
[2022-06-13T01:30:01.102+0000][1][safepoint    ] Leaving safepoint region
[2022-06-13T01:30:01.102+0000][1][safepoint    ] Total time for which application threads were stopped: 0.0055101 seconds, Stopping threads took: 0.0002683 seconds
[2022-06-13T01:30:01.102+0000][1][safepoint    ] Application time: 0.0002623 seconds
[2022-06-13T01:30:01.103+0000][1][safepoint    ] Entering safepoint region: RevokeBias
[2022-06-13T01:30:01.103+0000][1][safepoint    ] Leaving safepoint region
[2022-06-13T01:30:01.103+0000][1][safepoint    ] Total time for which application threads were stopped: 0.0007456 seconds, Stopping threads took: 0.0002512 seconds
[2022-06-13T01:30:01.104+0000][1][safepoint    ] Application time: 0.0001406 seconds
[2022-06-13T01:30:01.104+0000][1][safepoint    ] Entering safepoint region: BulkRevokeBias
[2022-06-13T01:30:01.104+0000][1][safepoint    ] Leaving safepoint region
[2022-06-13T01:30:01.105+0000][1][safepoint    ] Total time for which application threads were stopped: 0.0008015 seconds, Stopping threads took: 0.0002575 seconds
[2022-06-13T01:30:01.105+0000][1][safepoint    ] Application time: 0.0001601 seconds
[2022-06-13T01:30:01.105+0000][1][safepoint    ] Entering safepoint region: BulkRevokeBias
[2022-06-13T01:30:01.105+0000][1][safepoint    ] Leaving safepoint region
[2022-06-13T01:30:01.106+0000][1][safepoint    ] Total time for which application threads were stopped: 0.0004886 seconds, Stopping threads took: 0.0002231 seconds
[2022-06-13T01:30:01.258+0000][1][safepoint    ] Application time: 0.1518738 seconds
[2022-06-13T01:30:01.258+0000][1][safepoint    ] Entering safepoint region: GenCollectForAllocation
[2022-06-13T01:30:01.259+0000][1][gc,start     ] GC(7) Pause Young (Allocation Failure)
[2022-06-13T01:30:01.259+0000][1][gc,task      ] GC(7) Using 5 workers of 13 for evacuation
[2022-06-13T01:30:01.261+0000][1][gc,age       ] GC(7) Desired survivor size 4456448 bytes, new threshold 4 (max threshold 6)
[2022-06-13T01:30:01.261+0000][1][gc,age       ] GC(7) Age table with threshold 4 (max threshold 6)
[2022-06-13T01:30:01.262+0000][1][gc,age       ] GC(7) - age   1:     648000 bytes,     648000 total
[2022-06-13T01:30:01.262+0000][1][gc,age       ] GC(7) - age   2:    1129680 bytes,    1777680 total
[2022-06-13T01:30:01.262+0000][1][gc,age       ] GC(7) - age   3:    2193728 bytes,    3971408 total
[2022-06-13T01:30:01.262+0000][1][gc,age       ] GC(7) - age   4:     567144 bytes,    4538552 total
[2022-06-13T01:30:01.262+0000][1][gc,heap      ] GC(7) ParNew: 74836K->5593K(78656K)
[2022-06-13T01:30:01.262+0000][1][gc,heap      ] GC(7) CMS: 11287K->11287K(174784K)
[2022-06-13T01:30:01.263+0000][1][gc,metaspace ] GC(7) Metaspace: 19943K->19943K(1067008K)
[2022-06-13T01:30:01.263+0000][1][gc           ] GC(7) Pause Young (Allocation Failure) 84M->16M(247M) 4.305ms
[2022-06-13T01:30:01.263+0000][1][gc,cpu       ] GC(7) User=0.01s Sys=0.00s Real=0.01s
[2022-06-13T01:30:01.263+0000][1][safepoint    ] Leaving safepoint region
[2022-06-13T01:30:01.263+0000][1][safepoint    ] Total time for which application threads were stopped: 0.0053016 seconds, Stopping threads took: 0.0002564 seconds
[2022-06-13T01:30:01.268+0000][1][safepoint    ] Application time: 0.0046088 seconds
[2022-06-13T01:30:01.269+0000][1][safepoint    ] Entering safepoint region: CollectForMetadataAllocation
[2022-06-13T01:30:01.269+0000][1][safepoint    ] Leaving safepoint region
[2022-06-13T01:30:01.269+0000][1][safepoint    ] Total time for which application threads were stopped: 0.0007421 seconds, Stopping threads took: 0.0003161 seconds
[2022-06-13T01:30:01.295+0000][1][safepoint    ] Application time: 0.0250486 seconds
[2022-06-13T01:30:01.295+0000][1][safepoint    ] Entering safepoint region: CollectForMetadataAllocation
[2022-06-13T01:30:01.295+0000][1][safepoint    ] Leaving safepoint region
[2022-06-13T01:30:01.296+0000][1][safepoint    ] Total time for which application threads were stopped: 0.0006174 seconds, Stopping threads took: 0.0001976 seconds
[2022-06-13T01:30:01.418+0000][1][safepoint    ] Application time: 0.1225251 seconds
[2022-06-13T01:30:01.419+0000][1][safepoint    ] Entering safepoint region: GenCollectForAllocation
[2022-06-13T01:30:01.419+0000][1][gc,start     ] GC(8) Pause Young (Allocation Failure)
[2022-06-13T01:30:01.419+0000][1][gc,task      ] GC(8) Using 5 workers of 13 for evacuation
[2022-06-13T01:30:01.422+0000][1][gc,age       ] GC(8) Desired survivor size 4456448 bytes, new threshold 6 (max threshold 6)
[2022-06-13T01:30:01.423+0000][1][gc,age       ] GC(8) Age table with threshold 6 (max threshold 6)
[2022-06-13T01:30:01.423+0000][1][gc,age       ] GC(8) - age   1:     515632 bytes,     515632 total
[2022-06-13T01:30:01.423+0000][1][gc,age       ] GC(8) - age   2:     518888 bytes,    1034520 total
[2022-06-13T01:30:01.423+0000][1][gc,age       ] GC(8) - age   3:    1129584 bytes,    2164104 total
[2022-06-13T01:30:01.424+0000][1][gc,age       ] GC(8) - age   4:    2193440 bytes,    4357544 total
[2022-06-13T01:30:01.424+0000][1][gc,heap      ] GC(8) ParNew: 75545K->5481K(78656K)
[2022-06-13T01:30:01.425+0000][1][gc,heap      ] GC(8) CMS: 11287K->11851K(174784K)
[2022-06-13T01:30:01.425+0000][1][gc,metaspace ] GC(8) Metaspace: 20485K->20485K(1069056K)
[2022-06-13T01:30:01.426+0000][1][gc           ] GC(8) Pause Young (Allocation Failure) 84M->16M(247M) 7.023ms
[2022-06-13T01:30:01.426+0000][1][gc,cpu       ] GC(8) User=0.05s Sys=0.00s Real=0.01s
[2022-06-13T01:30:01.427+0000][1][safepoint    ] Leaving safepoint region
[2022-06-13T01:30:01.427+0000][1][safepoint    ] Total time for which application threads were stopped: 0.0083415 seconds, Stopping threads took: 0.0002679 seconds
[2022-06-13T01:30:01.427+0000][1][safepoint    ] Application time: 0.0002717 seconds
[2022-06-13T01:30:01.428+0000][1][safepoint    ] Entering safepoint region: CMS_Initial_Mark
[2022-06-13T01:30:01.428+0000][1][gc,start     ] GC(9) Pause Initial Mark
[2022-06-13T01:30:01.429+0000][1][gc           ] GC(9) Pause Initial Mark 18M->18M(247M) 1.335ms
[2022-06-13T01:30:01.430+0000][1][gc,cpu       ] GC(9) User=0.02s Sys=0.01s Real=0.01s
[2022-06-13T01:30:01.430+0000][1][safepoint    ] Leaving safepoint region
[2022-06-13T01:30:01.430+0000][1][safepoint    ] Total time for which application threads were stopped: 0.0025040 seconds, Stopping threads took: 0.0002908 seconds
[2022-06-13T01:30:01.431+0000][1][gc           ] GC(9) Concurrent Mark
[2022-06-13T01:30:01.432+0000][1][gc,task      ] GC(9) Using 4 workers of 4 for marking
[2022-06-13T01:30:01.440+0000][1][gc           ] GC(9) Concurrent Mark 9.289ms
[2022-06-13T01:30:01.441+0000][1][gc,cpu       ] GC(9) User=0.08s Sys=0.00s Real=0.01s
[2022-06-13T01:30:01.441+0000][1][gc           ] GC(9) Concurrent Preclean
[2022-06-13T01:30:01.444+0000][1][gc           ] GC(9) Concurrent Preclean 2.269ms
[2022-06-13T01:30:01.444+0000][1][gc,cpu       ] GC(9) User=0.00s Sys=0.00s Real=0.00s
[2022-06-13T01:30:01.444+0000][1][gc           ] GC(9) Concurrent Abortable Preclean
[2022-06-13T01:30:01.546+0000][1][safepoint    ] Application time: 0.1149102 seconds
[2022-06-13T01:30:01.546+0000][1][safepoint    ] Entering safepoint region: GenCollectForAllocation
[2022-06-13T01:30:01.546+0000][1][gc,start     ] GC(10) Pause Young (Allocation Failure)
[2022-06-13T01:30:01.547+0000][1][gc,task      ] GC(10) Using 5 workers of 13 for evacuation
[2022-06-13T01:30:01.551+0000][1][gc,age       ] GC(10) Desired survivor size 4456448 bytes, new threshold 5 (max threshold 6)
[2022-06-13T01:30:01.551+0000][1][gc,age       ] GC(10) Age table with threshold 5 (max threshold 6)
[2022-06-13T01:30:01.551+0000][1][gc,age       ] GC(10) - age   1:     913880 bytes,     913880 total
[2022-06-13T01:30:01.551+0000][1][gc,age       ] GC(10) - age   2:     476224 bytes,    1390104 total
[2022-06-13T01:30:01.552+0000][1][gc,age       ] GC(10) - age   3:     518768 bytes,    1908872 total
[2022-06-13T01:30:01.552+0000][1][gc,age       ] GC(10) - age   4:    1129584 bytes,    3038456 total
[2022-06-13T01:30:01.552+0000][1][gc,age       ] GC(10) - age   5:    2193248 bytes,    5231704 total
[2022-06-13T01:30:01.552+0000][1][gc,heap      ] GC(10) ParNew: 75433K->6792K(78656K)
[2022-06-13T01:30:01.553+0000][1][gc,heap      ] GC(10) CMS: 11851K->11851K(174784K)
[2022-06-13T01:30:01.553+0000][1][gc,metaspace ] GC(10) Metaspace: 20590K->20590K(1069056K)
[2022-06-13T01:30:01.553+0000][1][gc           ] GC(10) Pause Young (Allocation Failure) 85M->18M(247M) 7.122ms
[2022-06-13T01:30:01.554+0000][1][gc,cpu       ] GC(10) User=0.02s Sys=0.00s Real=0.01s
[2022-06-13T01:30:01.554+0000][1][safepoint    ] Leaving safepoint region
[2022-06-13T01:30:01.554+0000][1][safepoint    ] Total time for which application threads were stopped: 0.0082653 seconds, Stopping threads took: 0.0003080 seconds
[2022-06-13T01:30:01.686+0000][1][safepoint    ] Application time: 0.1317175 seconds
[2022-06-13T01:30:01.687+0000][1][safepoint    ] Entering safepoint region: GenCollectForAllocation
[2022-06-13T01:30:01.687+0000][1][gc,start     ] GC(11) Pause Young (Allocation Failure)
[2022-06-13T01:30:01.688+0000][1][gc,task      ] GC(11) Using 5 workers of 13 for evacuation
[2022-06-13T01:30:01.694+0000][1][gc,age       ] GC(11) Desired survivor size 4456448 bytes, new threshold 6 (max threshold 6)
[2022-06-13T01:30:01.695+0000][1][gc,age       ] GC(11) Age table with threshold 6 (max threshold 6)
[2022-06-13T01:30:01.695+0000][1][gc,age       ] GC(11) - age   1:    1828392 bytes,    1828392 total
[2022-06-13T01:30:01.696+0000][1][gc,age       ] GC(11) - age   2:      98864 bytes,    1927256 total
[2022-06-13T01:30:01.697+0000][1][gc,age       ] GC(11) - age   3:     476224 bytes,    2403480 total
[2022-06-13T01:30:01.697+0000][1][gc,age       ] GC(11) - age   4:     518616 bytes,    2922096 total
[2022-06-13T01:30:01.697+0000][1][gc,age       ] GC(11) - age   5:    1129296 bytes,    4051392 total
[2022-06-13T01:30:01.698+0000][1][gc,heap      ] GC(11) ParNew: 76744K->7640K(78656K)
[2022-06-13T01:30:01.698+0000][1][gc,heap      ] GC(11) CMS: 11851K->14007K(174784K)
[2022-06-13T01:30:01.699+0000][1][gc,metaspace ] GC(11) Metaspace: 20669K->20669K(1069056K)
[2022-06-13T01:30:01.699+0000][1][gc           ] GC(11) Pause Young (Allocation Failure) 86M->21M(247M) 11.761ms
[2022-06-13T01:30:01.699+0000][1][gc,cpu       ] GC(11) User=0.08s Sys=0.00s Real=0.02s
[2022-06-13T01:30:01.700+0000][1][safepoint    ] Leaving safepoint region
[2022-06-13T01:30:01.700+0000][1][safepoint    ] Total time for which application threads were stopped: 0.0134692 seconds, Stopping threads took: 0.0003265 seconds
[2022-06-13T01:30:01.765+0000][1][safepoint    ] Application time: 0.0647095 seconds
[2022-06-13T01:30:01.766+0000][1][safepoint    ] Entering safepoint region: CollectForMetadataAllocation
[2022-06-13T01:30:01.766+0000][1][safepoint    ] Leaving safepoint region
[2022-06-13T01:30:01.766+0000][1][safepoint    ] Total time for which application threads were stopped: 0.0006303 seconds, Stopping threads took: 0.0002498 seconds
[2022-06-13T01:30:01.767+0000][1][gc           ] GC(9) Concurrent Abortable Preclean 322.407ms
[2022-06-13T01:30:01.767+0000][1][gc,cpu       ] GC(9) User=1.17s Sys=0.03s Real=0.32s
[2022-06-13T01:30:01.767+0000][1][safepoint    ] Application time: 0.0005496 seconds
[2022-06-13T01:30:01.767+0000][1][safepoint    ] Entering safepoint region: CMS_Final_Remark
[2022-06-13T01:30:01.768+0000][1][gc,start     ] GC(9) Pause Remark
[2022-06-13T01:30:01.779+0000][1][gc           ] GC(9) Pause Remark 57M->57M(247M) 11.211ms
[2022-06-13T01:30:01.780+0000][1][gc,cpu       ] GC(9) User=0.05s Sys=0.00s Real=0.02s
[2022-06-13T01:30:01.780+0000][1][safepoint    ] Leaving safepoint region
[2022-06-13T01:30:01.780+0000][1][safepoint    ] Total time for which application threads were stopped: 0.0129300 seconds, Stopping threads took: 0.0003282 seconds
[2022-06-13T01:30:01.781+0000][1][gc           ] GC(9) Concurrent Sweep
[2022-06-13T01:30:01.786+0000][1][gc           ] GC(9) Concurrent Sweep 5.404ms
[2022-06-13T01:30:01.787+0000][1][gc,cpu       ] GC(9) User=0.01s Sys=0.00s Real=0.00s
[2022-06-13T01:30:01.787+0000][1][gc           ] GC(9) Concurrent Reset
[2022-06-13T01:30:01.787+0000][1][gc           ] GC(9) Concurrent Reset 0.402ms
[2022-06-13T01:30:01.788+0000][1][gc,cpu       ] GC(9) User=0.00s Sys=0.00s Real=0.00s
[2022-06-13T01:30:01.788+0000][1][gc,heap      ] GC(9) Old: 11851K->13982K(174784K)
[2022-06-13T01:30:02.175+0000][1][safepoint    ] Application time: 0.3941786 seconds
[2022-06-13T01:30:02.176+0000][1][safepoint    ] Entering safepoint region: Deoptimize
[2022-06-13T01:30:02.177+0000][1][safepoint    ] Leaving safepoint region
[2022-06-13T01:30:02.177+0000][1][safepoint    ] Total time for which application threads were stopped: 0.0019382 seconds, Stopping threads took: 0.0002547 seconds
[2022-06-13T01:30:02.279+0000][1][safepoint    ] Application time: 0.1016878 seconds
[2022-06-13T01:30:02.280+0000][1][safepoint    ] Entering safepoint region: Deoptimize
[2022-06-13T01:30:02.281+0000][1][safepoint    ] Leaving safepoint region
[2022-06-13T01:30:02.282+0000][1][safepoint    ] Total time for which application threads were stopped: 0.0015468 seconds, Stopping threads took: 0.0005181 seconds
[2022-06-13T01:30:02.282+0000][1][safepoint    ] Application time: 0.0007049 seconds
[2022-06-13T01:30:02.283+0000][1][safepoint    ] Entering safepoint region: Deoptimize
[2022-06-13T01:30:02.284+0000][1][safepoint    ] Leaving safepoint region
[2022-06-13T01:30:02.284+0000][1][safepoint    ] Total time for which application threads were stopped: 0.0011029 seconds, Stopping threads took: 0.0003171 seconds
[2022-06-13T01:30:02.295+0000][1][safepoint    ] Application time: 0.0112091 seconds
[2022-06-13T01:30:02.296+0000][1][safepoint    ] Entering safepoint region: RevokeBias
[2022-06-13T01:30:02.296+0000][1][safepoint    ] Leaving safepoint region
[2022-06-13T01:30:02.297+0000][1][safepoint    ] Total time for which application threads were stopped: 0.0010007 seconds, Stopping threads took: 0.0003851 seconds
[2022-06-13T01:30:02.298+0000][1][safepoint    ] Application time: 0.0008829 seconds
[2022-06-13T01:30:02.298+0000][1][safepoint    ] Entering safepoint region: Deoptimize
[2022-06-13T01:30:02.299+0000][1][safepoint    ] Leaving safepoint region
[2022-06-13T01:30:02.300+0000][1][safepoint    ] Total time for which application threads were stopped: 0.0014133 seconds, Stopping threads took: 0.0003250 seconds
[2022-06-13T01:30:02.307+0000][1][safepoint    ] Application time: 0.0067959 seconds
[2022-06-13T01:30:02.307+0000][1][safepoint    ] Entering safepoint region: Deoptimize
[2022-06-13T01:30:02.308+0000][1][safepoint    ] Leaving safepoint region
[2022-06-13T01:30:02.309+0000][1][safepoint    ] Total time for which application threads were stopped: 0.0012086 seconds, Stopping threads took: 0.0002405 seconds
[2022-06-13T01:30:02.418+0000][1][safepoint    ] Application time: 0.1092618 seconds
[2022-06-13T01:30:02.418+0000][1][safepoint    ] Entering safepoint region: GenCollectForAllocation
[2022-06-13T01:30:02.419+0000][1][gc,start     ] GC(12) Pause Young (Allocation Failure)
[2022-06-13T01:30:02.420+0000][1][gc,task      ] GC(12) Using 5 workers of 13 for evacuation
[2022-06-13T01:30:02.425+0000][1][gc,age       ] GC(12) Desired survivor size 4456448 bytes, new threshold 5 (max threshold 6)
[2022-06-13T01:30:02.425+0000][1][gc,age       ] GC(12) Age table with threshold 5 (max threshold 6)
[2022-06-13T01:30:02.426+0000][1][gc,age       ] GC(12) - age   1:    3422712 bytes,    3422712 total
[2022-06-13T01:30:02.426+0000][1][gc,age       ] GC(12) - age   2:     344808 bytes,    3767520 total
[2022-06-13T01:30:02.426+0000][1][gc,age       ] GC(12) - age   3:      98568 bytes,    3866088 total
[2022-06-13T01:30:02.426+0000][1][gc,age       ] GC(12) - age   4:     475776 bytes,    4341864 total
[2022-06-13T01:30:02.427+0000][1][gc,age       ] GC(12) - age   5:     513704 bytes,    4855568 total
[2022-06-13T01:30:02.427+0000][1][gc,age       ] GC(12) - age   6:    1129136 bytes,    5984704 total
[2022-06-13T01:30:02.427+0000][1][gc,heap      ] GC(12) ParNew: 77592K->7277K(78656K)
[2022-06-13T01:30:02.428+0000][1][gc,heap      ] GC(12) CMS: 13982K->13982K(174784K)
[2022-06-13T01:30:02.428+0000][1][gc,metaspace ] GC(12) Metaspace: 26479K->26479K(1073152K)
[2022-06-13T01:30:02.428+0000][1][gc           ] GC(12) Pause Young (Allocation Failure) 89M->20M(247M) 8.884ms
[2022-06-13T01:30:02.428+0000][1][gc,cpu       ] GC(12) User=0.04s Sys=0.00s Real=0.00s
[2022-06-13T01:30:02.429+0000][1][safepoint    ] Leaving safepoint region
[2022-06-13T01:30:02.429+0000][1][safepoint    ] Total time for which application threads were stopped: 0.0103023 seconds, Stopping threads took: 0.0005431 seconds
[2022-06-13T01:30:02.740+0000][1][safepoint    ] Application time: 0.3111533 seconds
[2022-06-13T01:30:02.741+0000][1][safepoint    ] Entering safepoint region: RevokeBias
[2022-06-13T01:30:02.742+0000][1][safepoint    ] Leaving safepoint region
[2022-06-13T01:30:02.742+0000][1][safepoint    ] Total time for which application threads were stopped: 0.0013727 seconds, Stopping threads took: 0.0006945 seconds
[2022-06-13T01:30:02.845+0000][1][safepoint    ] Application time: 0.1030442 seconds
[2022-06-13T01:30:02.846+0000][1][safepoint    ] Entering safepoint region: Deoptimize
[2022-06-13T01:30:02.847+0000][1][safepoint    ] Leaving safepoint region
[2022-06-13T01:30:02.847+0000][1][safepoint    ] Total time for which application threads were stopped: 0.0011782 seconds, Stopping threads took: 0.0003187 seconds
[2022-06-13T01:30:03.241+0000][1][safepoint    ] Application time: 0.3940159 seconds
[2022-06-13T01:30:03.242+0000][1][safepoint    ] Entering safepoint region: GenCollectForAllocation
[2022-06-13T01:30:03.242+0000][1][gc,start     ] GC(13) Pause Young (Allocation Failure)
[2022-06-13T01:30:03.243+0000][1][gc,task      ] GC(13) Using 5 workers of 13 for evacuation
[2022-06-13T01:30:03.270+0000][1][gc,age       ] GC(13) Desired survivor size 4456448 bytes, new threshold 1 (max threshold 6)
[2022-06-13T01:30:03.270+0000][1][gc,age       ] GC(13) Age table with threshold 1 (max threshold 6)
[2022-06-13T01:30:03.271+0000][1][gc,age       ] GC(13) - age   1:    4904280 bytes,    4904280 total
[2022-06-13T01:30:03.271+0000][1][gc,age       ] GC(13) - age   2:    3089720 bytes,    7994000 total
[2022-06-13T01:30:03.271+0000][1][gc,age       ] GC(13) - age   3:     344808 bytes,    8338808 total
[2022-06-13T01:30:03.272+0000][1][gc,age       ] GC(13) - age   4:      98568 bytes,    8437376 total
[2022-06-13T01:30:03.272+0000][1][gc,age       ] GC(13) - age   5:     475776 bytes,    8913152 total
[2022-06-13T01:30:03.272+0000][1][gc,heap      ] GC(13) ParNew: 77229K->8704K(78656K)
[2022-06-13T01:30:03.272+0000][1][gc,heap      ] GC(13) CMS: 13982K->26315K(174784K)
[2022-06-13T01:30:03.272+0000][1][gc,metaspace ] GC(13) Metaspace: 27192K->27192K(1075200K)
[2022-06-13T01:30:03.273+0000][1][gc           ] GC(13) Pause Young (Allocation Failure) 89M->34M(247M) 30.676ms
[2022-06-13T01:30:03.273+0000][1][gc,cpu       ] GC(13) User=0.30s Sys=0.01s Real=0.03s
[2022-06-13T01:30:03.274+0000][1][safepoint    ] Leaving safepoint region
[2022-06-13T01:30:03.275+0000][1][safepoint    ] Total time for which application threads were stopped: 0.0327520 seconds, Stopping threads took: 0.0003915 seconds
[2022-06-13T01:30:03.756+0000][1][safepoint    ] Application time: 0.4808027 seconds
[2022-06-13T01:30:03.757+0000][1][safepoint    ] Entering safepoint region: GenCollectForAllocation
[2022-06-13T01:30:03.757+0000][1][gc,start     ] GC(14) Pause Young (Allocation Failure)
[2022-06-13T01:30:03.758+0000][1][gc,task      ] GC(14) Using 5 workers of 13 for evacuation
[2022-06-13T01:30:03.787+0000][1][gc,age       ] GC(14) Desired survivor size 4456448 bytes, new threshold 1 (max threshold 6)
[2022-06-13T01:30:03.788+0000][1][gc,age       ] GC(14) Age table with threshold 1 (max threshold 6)
[2022-06-13T01:30:03.788+0000][1][gc,age       ] GC(14) - age   1:    8912616 bytes,    8912616 total
[2022-06-13T01:30:03.788+0000][1][gc,heap      ] GC(14) ParNew: 78656K->8704K(78656K)
[2022-06-13T01:30:03.789+0000][1][gc,heap      ] GC(14) CMS: 26315K->39150K(174784K)
[2022-06-13T01:30:03.789+0000][1][gc,metaspace ] GC(14) Metaspace: 27223K->27223K(1075200K)
[2022-06-13T01:30:03.789+0000][1][gc           ] GC(14) Pause Young (Allocation Failure) 102M->46M(247M) 32.204ms
[2022-06-13T01:30:03.789+0000][1][gc,cpu       ] GC(14) User=0.24s Sys=0.00s Real=0.04s
[2022-06-13T01:30:03.790+0000][1][safepoint    ] Leaving safepoint region
[2022-06-13T01:30:03.790+0000][1][safepoint    ] Total time for which application threads were stopped: 0.0333080 seconds, Stopping threads took: 0.0003543 seconds
[2022-06-13T01:30:04.099+0000][1][safepoint    ] Application time: 0.3086877 seconds
[2022-06-13T01:30:04.099+0000][1][safepoint    ] Entering safepoint region: RevokeBias
[2022-06-13T01:30:04.100+0000][1][safepoint    ] Leaving safepoint region
[2022-06-13T01:30:04.100+0000][1][safepoint    ] Total time for which application threads were stopped: 0.0006917 seconds, Stopping threads took: 0.0003098 seconds
[2022-06-13T01:30:04.533+0000][1][safepoint    ] Application time: 0.4325640 seconds
[2022-06-13T01:30:04.533+0000][1][safepoint    ] Entering safepoint region: RevokeBias
[2022-06-13T01:30:04.534+0000][1][safepoint    ] Leaving safepoint region
[2022-06-13T01:30:04.534+0000][1][safepoint    ] Total time for which application threads were stopped: 0.0007373 seconds, Stopping threads took: 0.0002825 seconds
[2022-06-13T01:30:04.871+0000][1][safepoint    ] Application time: 0.3371700 seconds
[2022-06-13T01:30:04.883+0000][1][safepoint    ] Entering safepoint region: GenCollectForAllocation
[2022-06-13T01:30:04.887+0000][1][gc,start     ] GC(15) Pause Young (Allocation Failure)
[2022-06-13T01:30:04.887+0000][1][gc,task      ] GC(15) Using 5 workers of 13 for evacuation
[2022-06-13T01:30:04.925+0000][1][gc,age       ] GC(15) Desired survivor size 4456448 bytes, new threshold 1 (max threshold 6)
[2022-06-13T01:30:04.927+0000][1][gc,age       ] GC(15) Age table with threshold 1 (max threshold 6)
[2022-06-13T01:30:04.928+0000][1][gc,age       ] GC(15) - age   1:    5806088 bytes,    5806088 total
[2022-06-13T01:30:04.928+0000][1][gc,heap      ] GC(15) ParNew: 78656K->8704K(78656K)
[2022-06-13T01:30:04.928+0000][1][gc,heap      ] GC(15) CMS: 39150K->49741K(174784K)
[2022-06-13T01:30:04.928+0000][1][gc,metaspace ] GC(15) Metaspace: 32536K->32536K(1079296K)
[2022-06-13T01:30:04.929+0000][1][gc           ] GC(15) Pause Young (Allocation Failure) 115M->57M(247M) 42.061ms
[2022-06-13T01:30:04.929+0000][1][gc,cpu       ] GC(15) User=0.26s Sys=0.01s Real=0.04s
[2022-06-13T01:30:04.929+0000][1][safepoint    ] Leaving safepoint region
[2022-06-13T01:30:04.930+0000][1][safepoint    ] Total time for which application threads were stopped: 0.0467980 seconds, Stopping threads took: 0.0003944 seconds
[2022-06-13T01:30:05.096+0000][1][safepoint    ] Application time: 0.1661238 seconds
[2022-06-13T01:30:05.097+0000][1][safepoint    ] Entering safepoint region: GenCollectForAllocation
[2022-06-13T01:30:05.097+0000][1][gc,start     ] GC(16) Pause Young (Allocation Failure)
[2022-06-13T01:30:05.097+0000][1][gc,task      ] GC(16) Using 5 workers of 13 for evacuation
[2022-06-13T01:30:05.107+0000][1][gc,age       ] GC(16) Desired survivor size 4456448 bytes, new threshold 6 (max threshold 6)
[2022-06-13T01:30:05.107+0000][1][gc,age       ] GC(16) Age table with threshold 6 (max threshold 6)
[2022-06-13T01:30:05.107+0000][1][gc,age       ] GC(16) - age   1:     300536 bytes,     300536 total
[2022-06-13T01:30:05.107+0000][1][gc,heap      ] GC(16) ParNew: 78656K->6361K(78656K)
[2022-06-13T01:30:05.108+0000][1][gc,heap      ] GC(16) CMS: 49741K->55457K(174784K)
[2022-06-13T01:30:05.108+0000][1][gc,metaspace ] GC(16) Metaspace: 32957K->32957K(1079296K)
[2022-06-13T01:30:05.108+0000][1][gc           ] GC(16) Pause Young (Allocation Failure) 125M->60M(247M) 11.007ms
[2022-06-13T01:30:05.108+0000][1][gc,cpu       ] GC(16) User=0.07s Sys=0.00s Real=0.01s
[2022-06-13T01:30:05.109+0000][1][safepoint    ] Leaving safepoint region
[2022-06-13T01:30:05.109+0000][1][safepoint    ] Total time for which application threads were stopped: 0.0121151 seconds, Stopping threads took: 0.0003092 seconds
[2022-06-13T01:30:05.425+0000][1][safepoint    ] Application time: 0.3158746 seconds
[2022-06-13T01:30:05.425+0000][1][safepoint    ] Entering safepoint region: CollectForMetadataAllocation
[2022-06-13T01:30:05.426+0000][1][safepoint    ] Leaving safepoint region
[2022-06-13T01:30:05.426+0000][1][safepoint    ] Total time for which application threads were stopped: 0.0006807 seconds, Stopping threads took: 0.0002011 seconds
[2022-06-13T01:30:05.445+0000][1][safepoint    ] Application time: 0.0189451 seconds
[2022-06-13T01:30:05.445+0000][1][safepoint    ] Entering safepoint region: CollectForMetadataAllocation
[2022-06-13T01:30:05.446+0000][1][safepoint    ] Leaving safepoint region
[2022-06-13T01:30:05.446+0000][1][safepoint    ] Total time for which application threads were stopped: 0.0006113 seconds, Stopping threads took: 0.0002303 seconds
[2022-06-13T01:30:05.470+0000][1][safepoint    ] Application time: 0.0238179 seconds
[2022-06-13T01:30:05.470+0000][1][safepoint    ] Entering safepoint region: CollectForMetadataAllocation
[2022-06-13T01:30:05.471+0000][1][safepoint    ] Leaving safepoint region
[2022-06-13T01:30:05.471+0000][1][safepoint    ] Total time for which application threads were stopped: 0.0009591 seconds, Stopping threads took: 0.0003612 seconds
[2022-06-13T01:30:05.508+0000][1][safepoint    ] Application time: 0.0367433 seconds
[2022-06-13T01:30:05.509+0000][1][safepoint    ] Entering safepoint region: CollectForMetadataAllocation
[2022-06-13T01:30:05.509+0000][1][safepoint    ] Leaving safepoint region
[2022-06-13T01:30:05.510+0000][1][safepoint    ] Total time for which application threads were stopped: 0.0008817 seconds, Stopping threads took: 0.0004308 seconds
[2022-06-13T01:30:05.537+0000][1][safepoint    ] Application time: 0.0274185 seconds
[2022-06-13T01:30:05.538+0000][1][safepoint    ] Entering safepoint region: CollectForMetadataAllocation
[2022-06-13T01:30:05.539+0000][1][safepoint    ] Leaving safepoint region
[2022-06-13T01:30:05.539+0000][1][safepoint    ] Total time for which application threads were stopped: 0.0012878 seconds, Stopping threads took: 0.0007626 seconds
[2022-06-13T01:30:05.577+0000][1][safepoint    ] Application time: 0.0375491 seconds
[2022-06-13T01:30:05.577+0000][1][safepoint    ] Entering safepoint region: CollectForMetadataAllocation
[2022-06-13T01:30:05.578+0000][1][safepoint    ] Leaving safepoint region
[2022-06-13T01:30:05.578+0000][1][safepoint    ] Total time for which application threads were stopped: 0.0007413 seconds, Stopping threads took: 0.0002370 seconds
[2022-06-13T01:30:05.613+0000][1][safepoint    ] Application time: 0.0342359 seconds
[2022-06-13T01:30:05.613+0000][1][safepoint    ] Entering safepoint region: CollectForMetadataAllocation
[2022-06-13T01:30:05.614+0000][1][safepoint    ] Leaving safepoint region
[2022-06-13T01:30:05.614+0000][1][safepoint    ] Total time for which application threads were stopped: 0.0008466 seconds, Stopping threads took: 0.0003272 seconds
[2022-06-13T01:30:05.634+0000][1][safepoint    ] Application time: 0.0197840 seconds
[2022-06-13T01:30:05.634+0000][1][safepoint    ] Entering safepoint region: CollectForMetadataAllocation
[2022-06-13T01:30:05.635+0000][1][safepoint    ] Leaving safepoint region
[2022-06-13T01:30:05.635+0000][1][safepoint    ] Total time for which application threads were stopped: 0.0008010 seconds, Stopping threads took: 0.0003234 seconds
[2022-06-13T01:30:05.638+0000][1][safepoint    ] Application time: 0.0021191 seconds
[2022-06-13T01:30:05.639+0000][1][safepoint    ] Entering safepoint region: RevokeBias
[2022-06-13T01:30:05.639+0000][1][safepoint    ] Leaving safepoint region
[2022-06-13T01:30:05.640+0000][1][safepoint    ] Total time for which application threads were stopped: 0.0013796 seconds, Stopping threads took: 0.0003346 seconds
[2022-06-13T01:30:05.678+0000][1][safepoint    ] Application time: 0.0380729 seconds
[2022-06-13T01:30:05.679+0000][1][safepoint    ] Entering safepoint region: CollectForMetadataAllocation
[2022-06-13T01:30:05.679+0000][1][safepoint    ] Leaving safepoint region
[2022-06-13T01:30:05.680+0000][1][safepoint    ] Total time for which application threads were stopped: 0.0009576 seconds, Stopping threads took: 0.0002689 seconds
[2022-06-13T01:30:05.718+0000][1][safepoint    ] Application time: 0.0378022 seconds
[2022-06-13T01:30:05.719+0000][1][safepoint    ] Entering safepoint region: CollectForMetadataAllocation
[2022-06-13T01:30:05.719+0000][1][safepoint    ] Leaving safepoint region
[2022-06-13T01:30:05.719+0000][1][safepoint    ] Total time for which application threads were stopped: 0.0009916 seconds, Stopping threads took: 0.0004492 seconds
[2022-06-13T01:30:05.743+0000][1][safepoint    ] Application time: 0.0227571 seconds
[2022-06-13T01:30:05.743+0000][1][safepoint    ] Entering safepoint region: CollectForMetadataAllocation
[2022-06-13T01:30:05.744+0000][1][safepoint    ] Leaving safepoint region
[2022-06-13T01:30:05.744+0000][1][safepoint    ] Total time for which application threads were stopped: 0.0008330 seconds, Stopping threads took: 0.0003343 seconds
[2022-06-13T01:30:05.769+0000][1][safepoint    ] Application time: 0.0249301 seconds
[2022-06-13T01:30:05.770+0000][1][safepoint    ] Entering safepoint region: CollectForMetadataAllocation
[2022-06-13T01:30:05.770+0000][1][safepoint    ] Leaving safepoint region
[2022-06-13T01:30:05.770+0000][1][safepoint    ] Total time for which application threads were stopped: 0.0007674 seconds, Stopping threads took: 0.0003205 seconds
[2022-06-13T01:30:05.791+0000][1][safepoint    ] Application time: 0.0198120 seconds
[2022-06-13T01:30:05.791+0000][1][safepoint    ] Entering safepoint region: CollectForMetadataAllocation
[2022-06-13T01:30:05.792+0000][1][safepoint    ] Leaving safepoint region
[2022-06-13T01:30:05.792+0000][1][safepoint    ] Total time for which application threads were stopped: 0.0011399 seconds, Stopping threads took: 0.0005906 seconds
[2022-06-13T01:30:05.827+0000][1][safepoint    ] Application time: 0.0340658 seconds
[2022-06-13T01:30:05.827+0000][1][safepoint    ] Entering safepoint region: CollectForMetadataAllocation
[2022-06-13T01:30:05.828+0000][1][safepoint    ] Leaving safepoint region
[2022-06-13T01:30:05.828+0000][1][safepoint    ] Total time for which application threads were stopped: 0.0013030 seconds, Stopping threads took: 0.0003789 seconds
[2022-06-13T01:30:05.848+0000][1][safepoint    ] Application time: 0.0191063 seconds
[2022-06-13T01:30:05.848+0000][1][safepoint    ] Entering safepoint region: CollectForMetadataAllocation
[2022-06-13T01:30:05.849+0000][1][safepoint    ] Leaving safepoint region
[2022-06-13T01:30:05.849+0000][1][safepoint    ] Total time for which application threads were stopped: 0.0009103 seconds, Stopping threads took: 0.0003381 seconds
[2022-06-13T01:30:05.875+0000][1][safepoint    ] Application time: 0.0257542 seconds
[2022-06-13T01:30:05.876+0000][1][safepoint    ] Entering safepoint region: CollectForMetadataAllocation
[2022-06-13T01:30:05.876+0000][1][safepoint    ] Leaving safepoint region
[2022-06-13T01:30:05.877+0000][1][safepoint    ] Total time for which application threads were stopped: 0.0007627 seconds, Stopping threads took: 0.0003024 seconds
[2022-06-13T01:30:05.913+0000][1][safepoint    ] Application time: 0.0359687 seconds
[2022-06-13T01:30:05.914+0000][1][safepoint    ] Entering safepoint region: CollectForMetadataAllocation
[2022-06-13T01:30:05.914+0000][1][safepoint    ] Leaving safepoint region
[2022-06-13T01:30:05.914+0000][1][safepoint    ] Total time for which application threads were stopped: 0.0004328 seconds, Stopping threads took: 0.0001847 seconds
[2022-06-13T01:30:05.946+0000][1][safepoint    ] Application time: 0.0317401 seconds
[2022-06-13T01:30:05.947+0000][1][safepoint    ] Entering safepoint region: CollectForMetadataAllocation
[2022-06-13T01:30:05.948+0000][1][safepoint    ] Leaving safepoint region
[2022-06-13T01:30:05.948+0000][1][safepoint    ] Total time for which application threads were stopped: 0.0017102 seconds, Stopping threads took: 0.0005165 seconds
[2022-06-13T01:30:05.977+0000][1][safepoint    ] Application time: 0.0278836 seconds
[2022-06-13T01:30:05.977+0000][1][safepoint    ] Entering safepoint region: CollectForMetadataAllocation
[2022-06-13T01:30:05.978+0000][1][safepoint    ] Leaving safepoint region
[2022-06-13T01:30:05.978+0000][1][safepoint    ] Total time for which application threads were stopped: 0.0013335 seconds, Stopping threads took: 0.0004475 seconds
[2022-06-13T01:30:06.000+0000][1][safepoint    ] Application time: 0.0213022 seconds
[2022-06-13T01:30:06.001+0000][1][safepoint    ] Entering safepoint region: CollectForMetadataAllocation
[2022-06-13T01:30:06.002+0000][1][safepoint    ] Leaving safepoint region
[2022-06-13T01:30:06.002+0000][1][safepoint    ] Total time for which application threads were stopped: 0.0012453 seconds, Stopping threads took: 0.0006372 seconds
[2022-06-13T01:30:06.051+0000][1][safepoint    ] Application time: 0.0486727 seconds
[2022-06-13T01:30:06.052+0000][1][safepoint    ] Entering safepoint region: CollectForMetadataAllocation
[2022-06-13T01:30:06.052+0000][1][safepoint    ] Leaving safepoint region
[2022-06-13T01:30:06.052+0000][1][safepoint    ] Total time for which application threads were stopped: 0.0005289 seconds, Stopping threads took: 0.0002034 seconds
[2022-06-13T01:30:06.072+0000][1][safepoint    ] Application time: 0.0199907 seconds
[2022-06-13T01:30:06.073+0000][1][safepoint    ] Entering safepoint region: CollectForMetadataAllocation
[2022-06-13T01:30:06.074+0000][1][safepoint    ] Leaving safepoint region
[2022-06-13T01:30:06.074+0000][1][safepoint    ] Total time for which application threads were stopped: 0.0010173 seconds, Stopping threads took: 0.0004091 seconds
[2022-06-13T01:30:06.120+0000][1][safepoint    ] Application time: 0.0457772 seconds
[2022-06-13T01:30:06.121+0000][1][safepoint    ] Entering safepoint region: CollectForMetadataAllocation
[2022-06-13T01:30:06.122+0000][1][safepoint    ] Leaving safepoint region
[2022-06-13T01:30:06.122+0000][1][safepoint    ] Total time for which application threads were stopped: 0.0012661 seconds, Stopping threads took: 0.0007153 seconds
[2022-06-13T01:30:06.160+0000][1][safepoint    ] Application time: 0.0373911 seconds
[2022-06-13T01:30:06.161+0000][1][safepoint    ] Entering safepoint region: CollectForMetadataAllocation
[2022-06-13T01:30:06.161+0000][1][safepoint    ] Leaving safepoint region
[2022-06-13T01:30:06.161+0000][1][safepoint    ] Total time for which application threads were stopped: 0.0007403 seconds, Stopping threads took: 0.0002266 seconds
[2022-06-13T01:30:06.178+0000][1][safepoint    ] Application time: 0.0169530 seconds
[2022-06-13T01:30:06.179+0000][1][safepoint    ] Entering safepoint region: RevokeBias
[2022-06-13T01:30:06.179+0000][1][safepoint    ] Leaving safepoint region
[2022-06-13T01:30:06.179+0000][1][safepoint    ] Total time for which application threads were stopped: 0.0005619 seconds, Stopping threads took: 0.0002514 seconds
[2022-06-13T01:30:06.180+0000][1][safepoint    ] Application time: 0.0009784 seconds
[2022-06-13T01:30:06.181+0000][1][safepoint    ] Entering safepoint region: CollectForMetadataAllocation
[2022-06-13T01:30:06.181+0000][1][safepoint    ] Leaving safepoint region
[2022-06-13T01:30:06.181+0000][1][safepoint    ] Total time for which application threads were stopped: 0.0006080 seconds, Stopping threads took: 0.0001847 seconds
[2022-06-13T01:30:06.521+0000][1][safepoint    ] Application time: 0.3400349 seconds
[2022-06-13T01:30:06.522+0000][1][safepoint    ] Entering safepoint region: CollectForMetadataAllocation
[2022-06-13T01:30:06.523+0000][1][safepoint    ] Leaving safepoint region
[2022-06-13T01:30:06.523+0000][1][safepoint    ] Total time for which application threads were stopped: 0.0009265 seconds, Stopping threads took: 0.0002811 seconds
[2022-06-13T01:30:06.939+0000][1][safepoint    ] Application time: 0.4152735 seconds
[2022-06-13T01:30:06.939+0000][1][safepoint    ] Entering safepoint region: CollectForMetadataAllocation
[2022-06-13T01:30:06.940+0000][1][safepoint    ] Leaving safepoint region
[2022-06-13T01:30:06.941+0000][1][safepoint    ] Total time for which application threads were stopped: 0.0012757 seconds, Stopping threads took: 0.0006182 seconds
[2022-06-13T01:30:06.959+0000][1][safepoint    ] Application time: 0.0178331 seconds
[2022-06-13T01:30:06.960+0000][1][safepoint    ] Entering safepoint region: GenCollectForAllocation
[2022-06-13T01:30:06.961+0000][1][gc,start     ] GC(17) Pause Young (Allocation Failure)
[2022-06-13T01:30:06.961+0000][1][gc,task      ] GC(17) Using 5 workers of 13 for evacuation
[2022-06-13T01:30:06.967+0000][1][gc,age       ] GC(17) Desired survivor size 4456448 bytes, new threshold 6 (max threshold 6)
[2022-06-13T01:30:06.968+0000][1][gc,age       ] GC(17) Age table with threshold 6 (max threshold 6)
[2022-06-13T01:30:06.968+0000][1][gc,age       ] GC(17) - age   1:    4084984 bytes,    4084984 total
[2022-06-13T01:30:06.969+0000][1][gc,age       ] GC(17) - age   2:     261880 bytes,    4346864 total
[2022-06-13T01:30:06.970+0000][1][gc,heap      ] GC(17) ParNew: 76313K->5265K(78656K)
[2022-06-13T01:30:06.971+0000][1][gc,heap      ] GC(17) CMS: 55457K->55457K(174784K)
[2022-06-13T01:30:06.972+0000][1][gc,metaspace ] GC(17) Metaspace: 42480K->42480K(1089536K)
[2022-06-13T01:30:06.972+0000][1][gc           ] GC(17) Pause Young (Allocation Failure) 128M->59M(247M) 11.743ms
[2022-06-13T01:30:06.973+0000][1][gc,cpu       ] GC(17) User=0.02s Sys=0.00s Real=0.01s
[2022-06-13T01:30:06.974+0000][1][safepoint    ] Leaving safepoint region
[2022-06-13T01:30:06.974+0000][1][safepoint    ] Total time for which application threads were stopped: 0.0147109 seconds, Stopping threads took: 0.0006994 seconds
[2022-06-13T01:30:06.976+0000][1][safepoint    ] Application time: 0.0004063 seconds
[2022-06-13T01:30:06.976+0000][1][safepoint    ] Entering safepoint region: CMS_Initial_Mark
[2022-06-13T01:30:06.977+0000][1][gc,start     ] GC(18) Pause Initial Mark
[2022-06-13T01:30:06.980+0000][1][gc           ] GC(18) Pause Initial Mark 60M->60M(247M) 2.435ms
[2022-06-13T01:30:06.980+0000][1][gc,cpu       ] GC(18) User=0.01s Sys=0.00s Real=0.01s
[2022-06-13T01:30:06.981+0000][1][safepoint    ] Leaving safepoint region
[2022-06-13T01:30:06.982+0000][1][safepoint    ] Total time for which application threads were stopped: 0.0057701 seconds, Stopping threads took: 0.0010851 seconds
[2022-06-13T01:30:06.983+0000][1][gc           ] GC(18) Concurrent Mark
[2022-06-13T01:30:06.983+0000][1][gc,task      ] GC(18) Using 4 workers of 4 for marking
[2022-06-13T01:30:06.989+0000][1][safepoint    ] Application time: 0.0065328 seconds
[2022-06-13T01:30:06.990+0000][1][safepoint    ] Entering safepoint region: CollectForMetadataAllocation
[2022-06-13T01:30:06.991+0000][1][safepoint    ] Leaving safepoint region
[2022-06-13T01:30:06.992+0000][1][safepoint    ] Total time for which application threads were stopped: 0.0020115 seconds, Stopping threads took: 0.0010594 seconds
[2022-06-13T01:30:07.022+0000][1][gc           ] GC(18) Concurrent Mark 39.154ms
[2022-06-13T01:30:07.022+0000][1][gc,cpu       ] GC(18) User=0.22s Sys=0.01s Real=0.04s
[2022-06-13T01:30:07.023+0000][1][gc           ] GC(18) Concurrent Preclean
[2022-06-13T01:30:07.026+0000][1][gc           ] GC(18) Concurrent Preclean 3.436ms
[2022-06-13T01:30:07.027+0000][1][gc,cpu       ] GC(18) User=0.01s Sys=0.00s Real=0.00s
[2022-06-13T01:30:07.027+0000][1][gc           ] GC(18) Concurrent Abortable Preclean
[2022-06-13T01:30:07.159+0000][1][safepoint    ] Application time: 0.1663992 seconds
[2022-06-13T01:30:07.159+0000][1][safepoint    ] Entering safepoint region: CollectForMetadataAllocation
[2022-06-13T01:30:07.160+0000][1][safepoint    ] Leaving safepoint region
[2022-06-13T01:30:07.160+0000][1][safepoint    ] Total time for which application threads were stopped: 0.0010149 seconds, Stopping threads took: 0.0003452 seconds
[2022-06-13T01:30:07.291+0000][1][safepoint    ] Application time: 0.1304975 seconds
[2022-06-13T01:30:07.292+0000][1][safepoint    ] Entering safepoint region: CollectForMetadataAllocation
[2022-06-13T01:30:07.292+0000][1][safepoint    ] Leaving safepoint region
[2022-06-13T01:30:07.292+0000][1][safepoint    ] Total time for which application threads were stopped: 0.0007533 seconds, Stopping threads took: 0.0003045 seconds
[2022-06-13T01:30:07.302+0000][1][safepoint    ] Application time: 0.0091764 seconds
[2022-06-13T01:30:07.302+0000][1][safepoint    ] Entering safepoint region: CollectForMetadataAllocation
[2022-06-13T01:30:07.303+0000][1][safepoint    ] Leaving safepoint region
[2022-06-13T01:30:07.303+0000][1][safepoint    ] Total time for which application threads were stopped: 0.0006687 seconds, Stopping threads took: 0.0002243 seconds
[2022-06-13T01:30:07.332+0000][1][safepoint    ] Application time: 0.0285966 seconds
[2022-06-13T01:30:07.332+0000][1][safepoint    ] Entering safepoint region: CollectForMetadataAllocation
[2022-06-13T01:30:07.333+0000][1][safepoint    ] Leaving safepoint region
[2022-06-13T01:30:07.333+0000][1][safepoint    ] Total time for which application threads were stopped: 0.0008812 seconds, Stopping threads took: 0.0003499 seconds
[2022-06-13T01:30:07.382+0000][1][safepoint    ] Application time: 0.0483879 seconds
[2022-06-13T01:30:07.382+0000][1][safepoint    ] Entering safepoint region: CollectForMetadataAllocation
[2022-06-13T01:30:07.383+0000][1][safepoint    ] Leaving safepoint region
[2022-06-13T01:30:07.383+0000][1][safepoint    ] Total time for which application threads were stopped: 0.0008403 seconds, Stopping threads took: 0.0002728 seconds
[2022-06-13T01:30:07.411+0000][1][safepoint    ] Application time: 0.0275989 seconds
[2022-06-13T01:30:07.411+0000][1][safepoint    ] Entering safepoint region: CollectForMetadataAllocation
[2022-06-13T01:30:07.412+0000][1][safepoint    ] Leaving safepoint region
[2022-06-13T01:30:07.412+0000][1][safepoint    ] Total time for which application threads were stopped: 0.0007847 seconds, Stopping threads took: 0.0002318 seconds
[2022-06-13T01:30:07.413+0000][1][gc           ] GC(18) Concurrent Abortable Preclean 386.156ms
[2022-06-13T01:30:07.414+0000][1][gc,cpu       ] GC(18) User=2.07s Sys=0.05s Real=0.39s
[2022-06-13T01:30:07.414+0000][1][safepoint    ] Application time: 0.0015242 seconds
[2022-06-13T01:30:07.414+0000][1][safepoint    ] Entering safepoint region: CMS_Final_Remark
[2022-06-13T01:30:07.415+0000][1][gc,start     ] GC(18) Pause Remark
[2022-06-13T01:30:07.436+0000][1][gc           ] GC(18) Pause Remark 94M->94M(247M) 20.986ms
[2022-06-13T01:30:07.436+0000][1][gc,cpu       ] GC(18) User=0.08s Sys=0.00s Real=0.02s
[2022-06-13T01:30:07.436+0000][1][safepoint    ] Leaving safepoint region
[2022-06-13T01:30:07.437+0000][1][safepoint    ] Total time for which application threads were stopped: 0.0224412 seconds, Stopping threads took: 0.0003259 seconds
[2022-06-13T01:30:07.437+0000][1][gc           ] GC(18) Concurrent Sweep
[2022-06-13T01:30:07.445+0000][1][safepoint    ] Application time: 0.0080927 seconds
[2022-06-13T01:30:07.446+0000][1][safepoint    ] Entering safepoint region: RevokeBias
[2022-06-13T01:30:07.447+0000][1][safepoint    ] Leaving safepoint region
[2022-06-13T01:30:07.447+0000][1][safepoint    ] Total time for which application threads were stopped: 0.0017883 seconds, Stopping threads took: 0.0006483 seconds
[2022-06-13T01:30:07.448+0000][1][safepoint    ] Application time: 0.0007297 seconds
[2022-06-13T01:30:07.449+0000][1][safepoint    ] Entering safepoint region: RevokeBias
[2022-06-13T01:30:07.449+0000][1][safepoint    ] Leaving safepoint region
[2022-06-13T01:30:07.450+0000][1][safepoint    ] Total time for which application threads were stopped: 0.0011053 seconds, Stopping threads took: 0.0008515 seconds
[2022-06-13T01:30:07.477+0000][1][gc           ] GC(18) Concurrent Sweep 39.240ms
[2022-06-13T01:30:07.477+0000][1][gc,cpu       ] GC(18) User=0.12s Sys=0.00s Real=0.04s
[2022-06-13T01:30:07.478+0000][1][gc           ] GC(18) Concurrent Reset
[2022-06-13T01:30:07.479+0000][1][gc           ] GC(18) Concurrent Reset 0.808ms
[2022-06-13T01:30:07.479+0000][1][gc,cpu       ] GC(18) User=0.00s Sys=0.00s Real=0.00s
[2022-06-13T01:30:07.479+0000][1][gc,heap      ] GC(18) Old: 55457K->55241K(174784K)
[2022-06-13T01:30:07.515+0000][1][safepoint    ] Application time: 0.0655984 seconds
[2022-06-13T01:30:07.516+0000][1][safepoint    ] Entering safepoint region: RevokeBias
[2022-06-13T01:30:07.516+0000][1][safepoint    ] Leaving safepoint region
[2022-06-13T01:30:07.517+0000][1][safepoint    ] Total time for which application threads were stopped: 0.0007275 seconds, Stopping threads took: 0.0003103 seconds
[2022-06-13T01:30:07.533+0000][1][safepoint    ] Application time: 0.0158955 seconds
[2022-06-13T01:30:07.533+0000][1][safepoint    ] Entering safepoint region: RevokeBias
[2022-06-13T01:30:07.534+0000][1][safepoint    ] Leaving safepoint region
[2022-06-13T01:30:07.534+0000][1][safepoint    ] Total time for which application threads were stopped: 0.0005178 seconds, Stopping threads took: 0.0002341 seconds
[2022-06-13T01:30:07.540+0000][1][safepoint    ] Application time: 0.0054569 seconds
[2022-06-13T01:30:07.540+0000][1][safepoint    ] Entering safepoint region: RevokeBias
[2022-06-13T01:30:07.540+0000][1][safepoint    ] Leaving safepoint region
[2022-06-13T01:30:07.540+0000][1][safepoint    ] Total time for which application threads were stopped: 0.0005578 seconds, Stopping threads took: 0.0002654 seconds
[2022-06-13T01:30:07.750+0000][1][safepoint    ] Application time: 0.2097618 seconds
[2022-06-13T01:30:07.751+0000][1][safepoint    ] Entering safepoint region: RevokeBias
[2022-06-13T01:30:07.752+0000][1][safepoint    ] Leaving safepoint region
[2022-06-13T01:30:07.752+0000][1][safepoint    ] Total time for which application threads were stopped: 0.0014500 seconds, Stopping threads took: 0.0004432 seconds
[2022-06-13T01:30:07.753+0000][1][safepoint    ] Application time: 0.0001616 seconds
[2022-06-13T01:30:07.753+0000][1][safepoint    ] Entering safepoint region: RevokeBias
[2022-06-13T01:30:07.754+0000][1][safepoint    ] Leaving safepoint region
[2022-06-13T01:30:07.754+0000][1][safepoint    ] Total time for which application threads were stopped: 0.0009187 seconds, Stopping threads took: 0.0006349 seconds
[2022-06-13T01:30:07.755+0000][1][safepoint    ] Application time: 0.0005178 seconds
[2022-06-13T01:30:07.755+0000][1][safepoint    ] Entering safepoint region: RevokeBias
[2022-06-13T01:30:07.755+0000][1][safepoint    ] Leaving safepoint region
[2022-06-13T01:30:07.756+0000][1][safepoint    ] Total time for which application threads were stopped: 0.0006799 seconds, Stopping threads took: 0.0003603 seconds
[2022-06-13T01:30:07.756+0000][1][safepoint    ] Application time: 0.0001769 seconds
[2022-06-13T01:30:07.756+0000][1][safepoint    ] Entering safepoint region: RevokeBias
[2022-06-13T01:30:07.757+0000][1][safepoint    ] Leaving safepoint region
[2022-06-13T01:30:07.757+0000][1][safepoint    ] Total time for which application threads were stopped: 0.0007850 seconds, Stopping threads took: 0.0004463 seconds
[2022-06-13T01:30:07.843+0000][1][safepoint    ] Application time: 0.0860479 seconds
[2022-06-13T01:30:07.844+0000][1][safepoint    ] Entering safepoint region: RevokeBias
[2022-06-13T01:30:07.845+0000][1][safepoint    ] Leaving safepoint region
[2022-06-13T01:30:07.845+0000][1][safepoint    ] Total time for which application threads were stopped: 0.0010438 seconds, Stopping threads took: 0.0006948 seconds
[2022-06-13T01:30:07.845+0000][1][safepoint    ] Application time: 0.0002268 seconds
[2022-06-13T01:30:07.846+0000][1][safepoint    ] Entering safepoint region: RevokeBias
[2022-06-13T01:30:07.846+0000][1][safepoint    ] Leaving safepoint region
[2022-06-13T01:30:07.846+0000][1][safepoint    ] Total time for which application threads were stopped: 0.0006822 seconds, Stopping threads took: 0.0003280 seconds
[2022-06-13T01:30:07.847+0000][1][safepoint    ] Application time: 0.0002902 seconds
[2022-06-13T01:30:07.847+0000][1][safepoint    ] Entering safepoint region: RevokeBias
[2022-06-13T01:30:07.847+0000][1][safepoint    ] Leaving safepoint region
[2022-06-13T01:30:07.848+0000][1][safepoint    ] Total time for which application threads were stopped: 0.0006643 seconds, Stopping threads took: 0.0003687 seconds
[2022-06-13T01:30:07.848+0000][1][safepoint    ] Application time: 0.0005358 seconds
[2022-06-13T01:30:07.849+0000][1][safepoint    ] Entering safepoint region: RevokeBias
[2022-06-13T01:30:07.849+0000][1][safepoint    ] Leaving safepoint region
[2022-06-13T01:30:07.850+0000][1][safepoint    ] Total time for which application threads were stopped: 0.0008452 seconds, Stopping threads took: 0.0005108 seconds
[2022-06-13T01:30:07.851+0000][1][safepoint    ] Application time: 0.0007432 seconds
[2022-06-13T01:30:07.851+0000][1][safepoint    ] Entering safepoint region: RevokeBias
[2022-06-13T01:30:07.851+0000][1][safepoint    ] Leaving safepoint region
[2022-06-13T01:30:07.852+0000][1][safepoint    ] Total time for which application threads were stopped: 0.0006238 seconds, Stopping threads took: 0.0003105 seconds
[2022-06-13T01:30:07.852+0000][1][safepoint    ] Application time: 0.0004434 seconds
[2022-06-13T01:30:07.853+0000][1][safepoint    ] Entering safepoint region: RevokeBias
[2022-06-13T01:30:07.853+0000][1][safepoint    ] Leaving safepoint region
[2022-06-13T01:30:07.853+0000][1][safepoint    ] Total time for which application threads were stopped: 0.0008440 seconds, Stopping threads took: 0.0002806 seconds
[2022-06-13T01:30:07.854+0000][1][safepoint    ] Application time: 0.0003866 seconds
[2022-06-13T01:30:07.854+0000][1][safepoint    ] Entering safepoint region: RevokeBias
[2022-06-13T01:30:07.855+0000][1][safepoint    ] Leaving safepoint region
[2022-06-13T01:30:07.855+0000][1][safepoint    ] Total time for which application threads were stopped: 0.0006019 seconds, Stopping threads took: 0.0002920 seconds
[2022-06-13T01:30:07.856+0000][1][safepoint    ] Application time: 0.0002863 seconds
[2022-06-13T01:30:07.856+0000][1][safepoint    ] Entering safepoint region: RevokeBias
[2022-06-13T01:30:07.857+0000][1][safepoint    ] Leaving safepoint region
[2022-06-13T01:30:07.857+0000][1][safepoint    ] Total time for which application threads were stopped: 0.0009253 seconds, Stopping threads took: 0.0005687 seconds
[2022-06-13T01:30:07.857+0000][1][safepoint    ] Application time: 0.0001853 seconds
[2022-06-13T01:30:07.858+0000][1][safepoint    ] Entering safepoint region: RevokeBias
[2022-06-13T01:30:07.858+0000][1][safepoint    ] Leaving safepoint region
[2022-06-13T01:30:07.858+0000][1][safepoint    ] Total time for which application threads were stopped: 0.0006875 seconds, Stopping threads took: 0.0003784 seconds
[2022-06-13T01:30:07.859+0000][1][safepoint    ] Application time: 0.0001493 seconds
[2022-06-13T01:30:07.859+0000][1][safepoint    ] Entering safepoint region: RevokeBias
[2022-06-13T01:30:07.859+0000][1][safepoint    ] Leaving safepoint region
[2022-06-13T01:30:07.860+0000][1][safepoint    ] Total time for which application threads were stopped: 0.0005595 seconds, Stopping threads took: 0.0002778 seconds
[2022-06-13T01:30:07.860+0000][1][safepoint    ] Application time: 0.0001728 seconds
[2022-06-13T01:30:07.860+0000][1][safepoint    ] Entering safepoint region: RevokeBias
[2022-06-13T01:30:07.860+0000][1][safepoint    ] Leaving safepoint region
[2022-06-13T01:30:07.861+0000][1][safepoint    ] Total time for which application threads were stopped: 0.0004810 seconds, Stopping threads took: 0.0002022 seconds
[2022-06-13T01:30:07.861+0000][1][safepoint    ] Application time: 0.0004964 seconds
[2022-06-13T01:30:07.862+0000][1][safepoint    ] Entering safepoint region: RevokeBias
[2022-06-13T01:30:07.863+0000][1][safepoint    ] Leaving safepoint region
[2022-06-13T01:30:07.863+0000][1][safepoint    ] Total time for which application threads were stopped: 0.0013166 seconds, Stopping threads took: 0.0009364 seconds
[2022-06-13T01:30:07.863+0000][1][safepoint    ] Application time: 0.0001627 seconds
[2022-06-13T01:30:07.864+0000][1][safepoint    ] Entering safepoint region: RevokeBias
[2022-06-13T01:30:07.864+0000][1][safepoint    ] Leaving safepoint region
[2022-06-13T01:30:07.864+0000][1][safepoint    ] Total time for which application threads were stopped: 0.0007389 seconds, Stopping threads took: 0.0004193 seconds
[2022-06-13T01:30:07.865+0000][1][safepoint    ] Application time: 0.0001693 seconds
[2022-06-13T01:30:07.865+0000][1][safepoint    ] Entering safepoint region: RevokeBias
[2022-06-13T01:30:07.865+0000][1][safepoint    ] Leaving safepoint region
[2022-06-13T01:30:07.866+0000][1][safepoint    ] Total time for which application threads were stopped: 0.0008332 seconds, Stopping threads took: 0.0002726 seconds
[2022-06-13T01:30:07.866+0000][1][safepoint    ] Application time: 0.0001342 seconds
[2022-06-13T01:30:07.867+0000][1][safepoint    ] Entering safepoint region: RevokeBias
[2022-06-13T01:30:07.867+0000][1][safepoint    ] Leaving safepoint region
[2022-06-13T01:30:07.867+0000][1][safepoint    ] Total time for which application threads were stopped: 0.0009368 seconds, Stopping threads took: 0.0005755 seconds
[2022-06-13T01:30:07.868+0000][1][safepoint    ] Application time: 0.0002100 seconds
[2022-06-13T01:30:07.868+0000][1][safepoint    ] Entering safepoint region: RevokeBias
[2022-06-13T01:30:07.869+0000][1][safepoint    ] Leaving safepoint region
[2022-06-13T01:30:07.869+0000][1][safepoint    ] Total time for which application threads were stopped: 0.0006884 seconds, Stopping threads took: 0.0003168 seconds
[2022-06-13T01:30:07.869+0000][1][safepoint    ] Application time: 0.0001416 seconds
[2022-06-13T01:30:07.870+0000][1][safepoint    ] Entering safepoint region: RevokeBias
[2022-06-13T01:30:07.870+0000][1][safepoint    ] Leaving safepoint region
[2022-06-13T01:30:07.870+0000][1][safepoint    ] Total time for which application threads were stopped: 0.0005683 seconds, Stopping threads took: 0.0002204 seconds
[2022-06-13T01:30:07.871+0000][1][safepoint    ] Application time: 0.0001792 seconds
[2022-06-13T01:30:07.871+0000][1][safepoint    ] Entering safepoint region: RevokeBias
[2022-06-13T01:30:07.871+0000][1][safepoint    ] Leaving safepoint region
[2022-06-13T01:30:07.872+0000][1][safepoint    ] Total time for which application threads were stopped: 0.0006875 seconds, Stopping threads took: 0.0003580 seconds
[2022-06-13T01:30:07.872+0000][1][safepoint    ] Application time: 0.0001699 seconds
[2022-06-13T01:30:07.872+0000][1][safepoint    ] Entering safepoint region: RevokeBias
[2022-06-13T01:30:07.873+0000][1][safepoint    ] Leaving safepoint region
[2022-06-13T01:30:07.873+0000][1][safepoint    ] Total time for which application threads were stopped: 0.0005275 seconds, Stopping threads took: 0.0002257 seconds
[2022-06-13T01:30:07.873+0000][1][safepoint    ] Application time: 0.0001259 seconds
[2022-06-13T01:30:07.874+0000][1][safepoint    ] Entering safepoint region: RevokeBias
[2022-06-13T01:30:07.874+0000][1][safepoint    ] Leaving safepoint region
[2022-06-13T01:30:07.874+0000][1][safepoint    ] Total time for which application threads were stopped: 0.0007334 seconds, Stopping threads took: 0.0002904 seconds
[2022-06-13T01:30:07.875+0000][1][safepoint    ] Application time: 0.0001870 seconds
[2022-06-13T01:30:07.875+0000][1][safepoint    ] Entering safepoint region: RevokeBias
[2022-06-13T01:30:07.875+0000][1][safepoint    ] Leaving safepoint region
[2022-06-13T01:30:07.876+0000][1][safepoint    ] Total time for which application threads were stopped: 0.0007057 seconds, Stopping threads took: 0.0002844 seconds
[2022-06-13T01:30:07.876+0000][1][safepoint    ] Application time: 0.0001251 seconds
[2022-06-13T01:30:07.877+0000][1][safepoint    ] Entering safepoint region: RevokeBias
[2022-06-13T01:30:07.877+0000][1][safepoint    ] Leaving safepoint region
[2022-06-13T01:30:07.877+0000][1][safepoint    ] Total time for which application threads were stopped: 0.0006801 seconds, Stopping threads took: 0.0004330 seconds
[2022-06-13T01:30:07.878+0000][1][safepoint    ] Application time: 0.0000988 seconds
[2022-06-13T01:30:07.878+0000][1][safepoint    ] Entering safepoint region: RevokeBias
[2022-06-13T01:30:07.878+0000][1][safepoint    ] Leaving safepoint region
[2022-06-13T01:30:07.878+0000][1][safepoint    ] Total time for which application threads were stopped: 0.0004485 seconds, Stopping threads took: 0.0002006 seconds
[2022-06-13T01:30:07.878+0000][1][safepoint    ] Application time: 0.0000997 seconds
[2022-06-13T01:30:07.879+0000][1][safepoint    ] Entering safepoint region: RevokeBias
[2022-06-13T01:30:07.879+0000][1][safepoint    ] Leaving safepoint region
[2022-06-13T01:30:07.879+0000][1][safepoint    ] Total time for which application threads were stopped: 0.0006923 seconds, Stopping threads took: 0.0002697 seconds
[2022-06-13T01:30:07.880+0000][1][safepoint    ] Application time: 0.0001407 seconds
[2022-06-13T01:30:07.880+0000][1][safepoint    ] Entering safepoint region: RevokeBias
[2022-06-13T01:30:07.880+0000][1][safepoint    ] Leaving safepoint region
[2022-06-13T01:30:07.881+0000][1][safepoint    ] Total time for which application threads were stopped: 0.0005954 seconds, Stopping threads took: 0.0002489 seconds
[2022-06-13T01:30:07.881+0000][1][safepoint    ] Application time: 0.0001571 seconds
[2022-06-13T01:30:07.881+0000][1][safepoint    ] Entering safepoint region: RevokeBias
[2022-06-13T01:30:07.882+0000][1][safepoint    ] Leaving safepoint region
[2022-06-13T01:30:07.882+0000][1][safepoint    ] Total time for which application threads were stopped: 0.0007257 seconds, Stopping threads took: 0.0003352 seconds
[2022-06-13T01:30:07.883+0000][1][safepoint    ] Application time: 0.0001687 seconds
[2022-06-13T01:30:07.883+0000][1][safepoint    ] Entering safepoint region: RevokeBias
[2022-06-13T01:30:07.883+0000][1][safepoint    ] Leaving safepoint region
[2022-06-13T01:30:07.884+0000][1][safepoint    ] Total time for which application threads were stopped: 0.0005351 seconds, Stopping threads took: 0.0002706 seconds
[2022-06-13T01:30:07.884+0000][1][safepoint    ] Application time: 0.0001542 seconds
[2022-06-13T01:30:07.884+0000][1][safepoint    ] Entering safepoint region: RevokeBias
[2022-06-13T01:30:07.885+0000][1][safepoint    ] Leaving safepoint region
[2022-06-13T01:30:07.885+0000][1][safepoint    ] Total time for which application threads were stopped: 0.0007208 seconds, Stopping threads took: 0.0002402 seconds
[2022-06-13T01:30:07.885+0000][1][safepoint    ] Application time: 0.0001545 seconds
[2022-06-13T01:30:07.886+0000][1][safepoint    ] Entering safepoint region: RevokeBias
[2022-06-13T01:30:07.886+0000][1][safepoint    ] Leaving safepoint region
[2022-06-13T01:30:07.887+0000][1][safepoint    ] Total time for which application threads were stopped: 0.0009687 seconds, Stopping threads took: 0.0003234 seconds
[2022-06-13T01:30:07.887+0000][1][safepoint    ] Application time: 0.0001621 seconds
[2022-06-13T01:30:07.887+0000][1][safepoint    ] Entering safepoint region: RevokeBias
[2022-06-13T01:30:07.888+0000][1][safepoint    ] Leaving safepoint region
[2022-06-13T01:30:07.888+0000][1][safepoint    ] Total time for which application threads were stopped: 0.0007087 seconds, Stopping threads took: 0.0003171 seconds
[2022-06-13T01:30:07.889+0000][1][safepoint    ] Application time: 0.0001709 seconds
[2022-06-13T01:30:07.889+0000][1][safepoint    ] Entering safepoint region: BulkRevokeBias
[2022-06-13T01:30:07.889+0000][1][safepoint    ] Leaving safepoint region
[2022-06-13T01:30:07.890+0000][1][safepoint    ] Total time for which application threads were stopped: 0.0007027 seconds, Stopping threads took: 0.0002351 seconds
[2022-06-13T01:30:07.890+0000][1][safepoint    ] Application time: 0.0004475 seconds
[2022-06-13T01:30:07.891+0000][1][safepoint    ] Entering safepoint region: RevokeBias
[2022-06-13T01:30:07.891+0000][1][safepoint    ] Leaving safepoint region
[2022-06-13T01:30:07.891+0000][1][safepoint    ] Total time for which application threads were stopped: 0.0006915 seconds, Stopping threads took: 0.0003325 seconds
[2022-06-13T01:30:07.892+0000][1][safepoint    ] Application time: 0.0002218 seconds
[2022-06-13T01:30:07.892+0000][1][safepoint    ] Entering safepoint region: RevokeBias
[2022-06-13T01:30:07.892+0000][1][safepoint    ] Leaving safepoint region
[2022-06-13T01:30:07.893+0000][1][safepoint    ] Total time for which application threads were stopped: 0.0006133 seconds, Stopping threads took: 0.0003264 seconds
[2022-06-13T01:30:07.893+0000][1][safepoint    ] Application time: 0.0003482 seconds
[2022-06-13T01:30:07.893+0000][1][safepoint    ] Entering safepoint region: RevokeBias
[2022-06-13T01:30:07.894+0000][1][safepoint    ] Leaving safepoint region
[2022-06-13T01:30:07.894+0000][1][safepoint    ] Total time for which application threads were stopped: 0.0006167 seconds, Stopping threads took: 0.0002692 seconds
[2022-06-13T01:30:07.895+0000][1][safepoint    ] Application time: 0.0002269 seconds
[2022-06-13T01:30:07.895+0000][1][safepoint    ] Entering safepoint region: RevokeBias
[2022-06-13T01:30:07.895+0000][1][safepoint    ] Leaving safepoint region
[2022-06-13T01:30:07.896+0000][1][safepoint    ] Total time for which application threads were stopped: 0.0005942 seconds, Stopping threads took: 0.0003294 seconds
[2022-06-13T01:30:07.896+0000][1][safepoint    ] Application time: 0.0001747 seconds
[2022-06-13T01:30:07.896+0000][1][safepoint    ] Entering safepoint region: RevokeBias
[2022-06-13T01:30:07.897+0000][1][safepoint    ] Leaving safepoint region
[2022-06-13T01:30:07.897+0000][1][safepoint    ] Total time for which application threads were stopped: 0.0006380 seconds, Stopping threads took: 0.0002939 seconds
[2022-06-13T01:30:07.897+0000][1][safepoint    ] Application time: 0.0001364 seconds
[2022-06-13T01:30:07.897+0000][1][safepoint    ] Entering safepoint region: RevokeBias
[2022-06-13T01:30:07.898+0000][1][safepoint    ] Leaving safepoint region
[2022-06-13T01:30:07.898+0000][1][safepoint    ] Total time for which application threads were stopped: 0.0005620 seconds, Stopping threads took: 0.0002193 seconds
[2022-06-13T01:30:07.899+0000][1][safepoint    ] Application time: 0.0001600 seconds
[2022-06-13T01:30:07.899+0000][1][safepoint    ] Entering safepoint region: RevokeBias
[2022-06-13T01:30:07.899+0000][1][safepoint    ] Leaving safepoint region
[2022-06-13T01:30:07.900+0000][1][safepoint    ] Total time for which application threads were stopped: 0.0006996 seconds, Stopping threads took: 0.0002938 seconds
[2022-06-13T01:30:07.900+0000][1][safepoint    ] Application time: 0.0002198 seconds
[2022-06-13T01:30:07.901+0000][1][safepoint    ] Entering safepoint region: RevokeBias
[2022-06-13T01:30:07.901+0000][1][safepoint    ] Leaving safepoint region
[2022-06-13T01:30:07.901+0000][1][safepoint    ] Total time for which application threads were stopped: 0.0008025 seconds, Stopping threads took: 0.0004637 seconds
[2022-06-13T01:30:07.902+0000][1][safepoint    ] Application time: 0.0001438 seconds
[2022-06-13T01:30:07.902+0000][1][safepoint    ] Entering safepoint region: RevokeBias
[2022-06-13T01:30:07.902+0000][1][safepoint    ] Leaving safepoint region
[2022-06-13T01:30:07.902+0000][1][safepoint    ] Total time for which application threads were stopped: 0.0006003 seconds, Stopping threads took: 0.0002367 seconds
[2022-06-13T01:30:07.903+0000][1][safepoint    ] Application time: 0.0002160 seconds
[2022-06-13T01:30:07.903+0000][1][safepoint    ] Entering safepoint region: RevokeBias
[2022-06-13T01:30:07.904+0000][1][safepoint    ] Leaving safepoint region
[2022-06-13T01:30:07.904+0000][1][safepoint    ] Total time for which application threads were stopped: 0.0009129 seconds, Stopping threads took: 0.0005880 seconds
[2022-06-13T01:30:07.905+0000][1][safepoint    ] Application time: 0.0001599 seconds
[2022-06-13T01:30:07.905+0000][1][safepoint    ] Entering safepoint region: RevokeBias
[2022-06-13T01:30:07.905+0000][1][safepoint    ] Leaving safepoint region
[2022-06-13T01:30:07.906+0000][1][safepoint    ] Total time for which application threads were stopped: 0.0007677 seconds, Stopping threads took: 0.0002405 seconds
[2022-06-13T01:30:07.906+0000][1][safepoint    ] Application time: 0.0001555 seconds
[2022-06-13T01:30:07.906+0000][1][safepoint    ] Entering safepoint region: RevokeBias
[2022-06-13T01:30:07.907+0000][1][safepoint    ] Leaving safepoint region
[2022-06-13T01:30:07.907+0000][1][safepoint    ] Total time for which application threads were stopped: 0.0003926 seconds, Stopping threads took: 0.0001722 seconds
[2022-06-13T01:30:07.907+0000][1][safepoint    ] Application time: 0.0001021 seconds
[2022-06-13T01:30:07.907+0000][1][safepoint    ] Entering safepoint region: RevokeBias
[2022-06-13T01:30:07.907+0000][1][safepoint    ] Leaving safepoint region
[2022-06-13T01:30:07.908+0000][1][safepoint    ] Total time for which application threads were stopped: 0.0004302 seconds, Stopping threads took: 0.0001783 seconds
[2022-06-13T01:30:07.908+0000][1][safepoint    ] Application time: 0.0001035 seconds
[2022-06-13T01:30:07.908+0000][1][safepoint    ] Entering safepoint region: RevokeBias
[2022-06-13T01:30:07.908+0000][1][safepoint    ] Leaving safepoint region
[2022-06-13T01:30:07.909+0000][1][safepoint    ] Total time for which application threads were stopped: 0.0007593 seconds, Stopping threads took: 0.0001980 seconds
[2022-06-13T01:30:07.909+0000][1][safepoint    ] Application time: 0.0001224 seconds
[2022-06-13T01:30:07.909+0000][1][safepoint    ] Entering safepoint region: RevokeBias
[2022-06-13T01:30:07.910+0000][1][safepoint    ] Leaving safepoint region
[2022-06-13T01:30:07.910+0000][1][safepoint    ] Total time for which application threads were stopped: 0.0003833 seconds, Stopping threads took: 0.0001703 seconds
[2022-06-13T01:30:07.910+0000][1][safepoint    ] Application time: 0.0000966 seconds
[2022-06-13T01:30:07.910+0000][1][safepoint    ] Entering safepoint region: RevokeBias
[2022-06-13T01:30:07.910+0000][1][safepoint    ] Leaving safepoint region
[2022-06-13T01:30:07.911+0000][1][safepoint    ] Total time for which application threads were stopped: 0.0004852 seconds, Stopping threads took: 0.0002217 seconds
[2022-06-13T01:30:07.911+0000][1][safepoint    ] Application time: 0.0001013 seconds
[2022-06-13T01:30:07.911+0000][1][safepoint    ] Entering safepoint region: RevokeBias
[2022-06-13T01:30:07.911+0000][1][safepoint    ] Leaving safepoint region
[2022-06-13T01:30:07.912+0000][1][safepoint    ] Total time for which application threads were stopped: 0.0004806 seconds, Stopping threads took: 0.0002193 seconds
[2022-06-13T01:30:07.912+0000][1][safepoint    ] Application time: 0.0000850 seconds
[2022-06-13T01:30:07.912+0000][1][safepoint    ] Entering safepoint region: RevokeBias
[2022-06-13T01:30:07.912+0000][1][safepoint    ] Leaving safepoint region
[2022-06-13T01:30:07.912+0000][1][safepoint    ] Total time for which application threads were stopped: 0.0003672 seconds, Stopping threads took: 0.0001629 seconds
[2022-06-13T01:30:07.913+0000][1][safepoint    ] Application time: 0.0001021 seconds
[2022-06-13T01:30:07.913+0000][1][safepoint    ] Entering safepoint region: RevokeBias
[2022-06-13T01:30:07.913+0000][1][safepoint    ] Leaving safepoint region
[2022-06-13T01:30:07.913+0000][1][safepoint    ] Total time for which application threads were stopped: 0.0004375 seconds, Stopping threads took: 0.0001971 seconds
[2022-06-13T01:30:07.914+0000][1][safepoint    ] Application time: 0.0001336 seconds
[2022-06-13T01:30:07.914+0000][1][safepoint    ] Entering safepoint region: RevokeBias
[2022-06-13T01:30:07.914+0000][1][safepoint    ] Leaving safepoint region
[2022-06-13T01:30:07.914+0000][1][safepoint    ] Total time for which application threads were stopped: 0.0004012 seconds, Stopping threads took: 0.0001802 seconds
[2022-06-13T01:30:07.915+0000][1][safepoint    ] Application time: 0.0000917 seconds
[2022-06-13T01:30:07.915+0000][1][safepoint    ] Entering safepoint region: RevokeBias
[2022-06-13T01:30:07.915+0000][1][safepoint    ] Leaving safepoint region
[2022-06-13T01:30:07.915+0000][1][safepoint    ] Total time for which application threads were stopped: 0.0004739 seconds, Stopping threads took: 0.0001975 seconds
[2022-06-13T01:30:07.916+0000][1][safepoint    ] Application time: 0.0001242 seconds
[2022-06-13T01:30:07.916+0000][1][safepoint    ] Entering safepoint region: RevokeBias
[2022-06-13T01:30:07.916+0000][1][safepoint    ] Leaving safepoint region
[2022-06-13T01:30:07.916+0000][1][safepoint    ] Total time for which application threads were stopped: 0.0004719 seconds, Stopping threads took: 0.0002157 seconds
[2022-06-13T01:30:07.917+0000][1][safepoint    ] Application time: 0.0000968 seconds
[2022-06-13T01:30:07.917+0000][1][safepoint    ] Entering safepoint region: RevokeBias
[2022-06-13T01:30:07.917+0000][1][safepoint    ] Leaving safepoint region
[2022-06-13T01:30:07.917+0000][1][safepoint    ] Total time for which application threads were stopped: 0.0004251 seconds, Stopping threads took: 0.0002375 seconds
[2022-06-13T01:30:07.918+0000][1][safepoint    ] Application time: 0.0001004 seconds
[2022-06-13T01:30:07.918+0000][1][safepoint    ] Entering safepoint region: BulkRevokeBias
[2022-06-13T01:30:07.919+0000][1][safepoint    ] Leaving safepoint region
[2022-06-13T01:30:07.919+0000][1][safepoint    ] Total time for which application threads were stopped: 0.0006295 seconds, Stopping threads took: 0.0002529 seconds
[2022-06-13T01:30:07.920+0000][1][safepoint    ] Application time: 0.0005560 seconds
[2022-06-13T01:30:07.920+0000][1][safepoint    ] Entering safepoint region: RevokeBias
[2022-06-13T01:30:07.921+0000][1][safepoint    ] Leaving safepoint region
[2022-06-13T01:30:07.921+0000][1][safepoint    ] Total time for which application threads were stopped: 0.0010548 seconds, Stopping threads took: 0.0008103 seconds
[2022-06-13T01:30:07.921+0000][1][safepoint    ] Application time: 0.0002262 seconds
[2022-06-13T01:30:07.922+0000][1][safepoint    ] Entering safepoint region: RevokeBias
[2022-06-13T01:30:07.922+0000][1][safepoint    ] Leaving safepoint region
[2022-06-13T01:30:07.922+0000][1][safepoint    ] Total time for which application threads were stopped: 0.0005715 seconds, Stopping threads took: 0.0002314 seconds
[2022-06-13T01:30:07.923+0000][1][safepoint    ] Application time: 0.0003371 seconds
[2022-06-13T01:30:07.923+0000][1][safepoint    ] Entering safepoint region: RevokeBias
[2022-06-13T01:30:07.923+0000][1][safepoint    ] Leaving safepoint region
[2022-06-13T01:30:07.924+0000][1][safepoint    ] Total time for which application threads were stopped: 0.0006067 seconds, Stopping threads took: 0.0002634 seconds
[2022-06-13T01:30:07.924+0000][1][safepoint    ] Application time: 0.0001528 seconds
[2022-06-13T01:30:07.924+0000][1][safepoint    ] Entering safepoint region: RevokeBias
[2022-06-13T01:30:07.924+0000][1][safepoint    ] Leaving safepoint region
[2022-06-13T01:30:07.925+0000][1][safepoint    ] Total time for which application threads were stopped: 0.0005683 seconds, Stopping threads took: 0.0002799 seconds
[2022-06-13T01:30:07.925+0000][1][safepoint    ] Application time: 0.0001283 seconds
[2022-06-13T01:30:07.925+0000][1][safepoint    ] Entering safepoint region: RevokeBias
[2022-06-13T01:30:07.926+0000][1][safepoint    ] Leaving safepoint region
[2022-06-13T01:30:07.926+0000][1][safepoint    ] Total time for which application threads were stopped: 0.0004706 seconds, Stopping threads took: 0.0002633 seconds
[2022-06-13T01:30:07.926+0000][1][safepoint    ] Application time: 0.0001355 seconds
[2022-06-13T01:30:07.926+0000][1][safepoint    ] Entering safepoint region: RevokeBias
[2022-06-13T01:30:07.927+0000][1][safepoint    ] Leaving safepoint region
[2022-06-13T01:30:07.927+0000][1][safepoint    ] Total time for which application threads were stopped: 0.0005880 seconds, Stopping threads took: 0.0003462 seconds
[2022-06-13T01:30:07.928+0000][1][safepoint    ] Application time: 0.0005065 seconds
[2022-06-13T01:30:07.928+0000][1][safepoint    ] Entering safepoint region: RevokeBias
[2022-06-13T01:30:07.928+0000][1][safepoint    ] Leaving safepoint region
[2022-06-13T01:30:07.928+0000][1][safepoint    ] Total time for which application threads were stopped: 0.0005830 seconds, Stopping threads took: 0.0002523 seconds
[2022-06-13T01:30:07.929+0000][1][safepoint    ] Application time: 0.0002496 seconds
[2022-06-13T01:30:07.929+0000][1][safepoint    ] Entering safepoint region: RevokeBias
[2022-06-13T01:30:07.930+0000][1][safepoint    ] Leaving safepoint region
[2022-06-13T01:30:07.930+0000][1][safepoint    ] Total time for which application threads were stopped: 0.0008273 seconds, Stopping threads took: 0.0005424 seconds
[2022-06-13T01:30:07.931+0000][1][safepoint    ] Application time: 0.0005772 seconds
[2022-06-13T01:30:07.931+0000][1][safepoint    ] Entering safepoint region: RevokeBias
[2022-06-13T01:30:07.931+0000][1][safepoint    ] Leaving safepoint region
[2022-06-13T01:30:07.932+0000][1][safepoint    ] Total time for which application threads were stopped: 0.0006204 seconds, Stopping threads took: 0.0002408 seconds
[2022-06-13T01:30:07.932+0000][1][safepoint    ] Application time: 0.0001843 seconds
[2022-06-13T01:30:07.932+0000][1][safepoint    ] Entering safepoint region: RevokeBias
[2022-06-13T01:30:07.933+0000][1][safepoint    ] Leaving safepoint region
[2022-06-13T01:30:07.933+0000][1][safepoint    ] Total time for which application threads were stopped: 0.0007906 seconds, Stopping threads took: 0.0004612 seconds
[2022-06-13T01:30:07.934+0000][1][safepoint    ] Application time: 0.0006749 seconds
[2022-06-13T01:30:07.934+0000][1][safepoint    ] Entering safepoint region: RevokeBias
[2022-06-13T01:30:07.935+0000][1][safepoint    ] Leaving safepoint region
[2022-06-13T01:30:07.935+0000][1][safepoint    ] Total time for which application threads were stopped: 0.0006421 seconds, Stopping threads took: 0.0004266 seconds
[2022-06-13T01:30:07.936+0000][1][safepoint    ] Application time: 0.0009199 seconds
[2022-06-13T01:30:07.936+0000][1][safepoint    ] Entering safepoint region: RevokeBias
[2022-06-13T01:30:07.936+0000][1][safepoint    ] Leaving safepoint region
[2022-06-13T01:30:07.937+0000][1][safepoint    ] Total time for which application threads were stopped: 0.0008335 seconds, Stopping threads took: 0.0002808 seconds
[2022-06-13T01:30:07.937+0000][1][safepoint    ] Application time: 0.0001464 seconds
[2022-06-13T01:30:07.937+0000][1][safepoint    ] Entering safepoint region: RevokeBias
[2022-06-13T01:30:07.938+0000][1][safepoint    ] Leaving safepoint region
[2022-06-13T01:30:07.938+0000][1][safepoint    ] Total time for which application threads were stopped: 0.0005308 seconds, Stopping threads took: 0.0002716 seconds
[2022-06-13T01:30:07.938+0000][1][safepoint    ] Application time: 0.0002242 seconds
[2022-06-13T01:30:07.939+0000][1][safepoint    ] Entering safepoint region: RevokeBias
[2022-06-13T01:30:07.939+0000][1][safepoint    ] Leaving safepoint region
[2022-06-13T01:30:07.939+0000][1][safepoint    ] Total time for which application threads were stopped: 0.0006708 seconds, Stopping threads took: 0.0004377 seconds
[2022-06-13T01:30:07.940+0000][1][safepoint    ] Application time: 0.0001185 seconds
[2022-06-13T01:30:07.940+0000][1][safepoint    ] Entering safepoint region: RevokeBias
[2022-06-13T01:30:07.940+0000][1][safepoint    ] Leaving safepoint region
[2022-06-13T01:30:07.940+0000][1][safepoint    ] Total time for which application threads were stopped: 0.0005112 seconds, Stopping threads took: 0.0002464 seconds
[2022-06-13T01:30:07.941+0000][1][safepoint    ] Application time: 0.0004642 seconds
[2022-06-13T01:30:07.941+0000][1][safepoint    ] Entering safepoint region: BulkRevokeBias
[2022-06-13T01:30:07.941+0000][1][safepoint    ] Leaving safepoint region
[2022-06-13T01:30:07.942+0000][1][safepoint    ] Total time for which application threads were stopped: 0.0008144 seconds, Stopping threads took: 0.0002753 seconds
[2022-06-13T01:30:07.942+0000][1][safepoint    ] Application time: 0.0001312 seconds
[2022-06-13T01:30:07.942+0000][1][safepoint    ] Entering safepoint region: RevokeBias
[2022-06-13T01:30:07.943+0000][1][safepoint    ] Leaving safepoint region
[2022-06-13T01:30:07.943+0000][1][safepoint    ] Total time for which application threads were stopped: 0.0004846 seconds, Stopping threads took: 0.0002446 seconds
[2022-06-13T01:30:07.945+0000][1][safepoint    ] Application time: 0.0020200 seconds
[2022-06-13T01:30:07.945+0000][1][safepoint    ] Entering safepoint region: RevokeBias
[2022-06-13T01:30:07.946+0000][1][safepoint    ] Leaving safepoint region
[2022-06-13T01:30:07.946+0000][1][safepoint    ] Total time for which application threads were stopped: 0.0004604 seconds, Stopping threads took: 0.0002073 seconds
[2022-06-13T01:30:07.946+0000][1][safepoint    ] Application time: 0.0001406 seconds
[2022-06-13T01:30:07.946+0000][1][safepoint    ] Entering safepoint region: RevokeBias
[2022-06-13T01:30:07.947+0000][1][safepoint    ] Leaving safepoint region
[2022-06-13T01:30:07.947+0000][1][safepoint    ] Total time for which application threads were stopped: 0.0005074 seconds, Stopping threads took: 0.0003075 seconds
[2022-06-13T01:30:07.949+0000][1][safepoint    ] Application time: 0.0019924 seconds
[2022-06-13T01:30:07.950+0000][1][safepoint    ] Entering safepoint region: RevokeBias
[2022-06-13T01:30:07.950+0000][1][safepoint    ] Leaving safepoint region
[2022-06-13T01:30:07.950+0000][1][safepoint    ] Total time for which application threads were stopped: 0.0008968 seconds, Stopping threads took: 0.0004655 seconds
[2022-06-13T01:30:07.951+0000][1][safepoint    ] Application time: 0.0001542 seconds
[2022-06-13T01:30:07.951+0000][1][safepoint    ] Entering safepoint region: RevokeBias
[2022-06-13T01:30:07.952+0000][1][safepoint    ] Leaving safepoint region
[2022-06-13T01:30:07.952+0000][1][safepoint    ] Total time for which application threads were stopped: 0.0005504 seconds, Stopping threads took: 0.0003029 seconds
[2022-06-13T01:30:07.952+0000][1][safepoint    ] Application time: 0.0004437 seconds
[2022-06-13T01:30:07.953+0000][1][safepoint    ] Entering safepoint region: RevokeBias
[2022-06-13T01:30:07.953+0000][1][safepoint    ] Leaving safepoint region
[2022-06-13T01:30:07.953+0000][1][safepoint    ] Total time for which application threads were stopped: 0.0006068 seconds, Stopping threads took: 0.0002584 seconds
[2022-06-13T01:30:08.000+0000][1][safepoint    ] Application time: 0.0469679 seconds
[2022-06-13T01:30:08.001+0000][1][safepoint    ] Entering safepoint region: GenCollectForAllocation
[2022-06-13T01:30:08.001+0000][1][gc,start     ] GC(19) Pause Young (Allocation Failure)
[2022-06-13T01:30:08.002+0000][1][gc,task      ] GC(19) Using 5 workers of 13 for evacuation
[2022-06-13T01:30:08.008+0000][1][gc,age       ] GC(19) Desired survivor size 4456448 bytes, new threshold 2 (max threshold 6)
[2022-06-13T01:30:08.008+0000][1][gc,age       ] GC(19) Age table with threshold 2 (max threshold 6)
[2022-06-13T01:30:08.009+0000][1][gc,age       ] GC(19) - age   1:    2854416 bytes,    2854416 total
[2022-06-13T01:30:08.009+0000][1][gc,age       ] GC(19) - age   2:    3982624 bytes,    6837040 total
[2022-06-13T01:30:08.010+0000][1][gc,age       ] GC(19) - age   3:     261592 bytes,    7098632 total
[2022-06-13T01:30:08.010+0000][1][gc,heap      ] GC(19) ParNew: 75217K->8628K(78656K)
[2022-06-13T01:30:08.010+0000][1][gc,heap      ] GC(19) CMS: 55241K->55241K(174784K)
[2022-06-13T01:30:08.010+0000][1][gc,metaspace ] GC(19) Metaspace: 47481K->47481K(1093632K)
[2022-06-13T01:30:08.010+0000][1][gc           ] GC(19) Pause Young (Allocation Failure) 127M->62M(247M) 9.031ms
[2022-06-13T01:30:08.011+0000][1][gc,cpu       ] GC(19) User=0.04s Sys=0.00s Real=0.01s
[2022-06-13T01:30:08.011+0000][1][safepoint    ] Leaving safepoint region
[2022-06-13T01:30:08.011+0000][1][safepoint    ] Total time for which application threads were stopped: 0.0099511 seconds, Stopping threads took: 0.0002420 seconds
[2022-06-13T01:30:08.012+0000][1][safepoint    ] Application time: 0.0013128 seconds
[2022-06-13T01:30:08.013+0000][1][safepoint    ] Entering safepoint region: RevokeBias
[2022-06-13T01:30:08.013+0000][1][safepoint    ] Leaving safepoint region
[2022-06-13T01:30:08.013+0000][1][safepoint    ] Total time for which application threads were stopped: 0.0007615 seconds, Stopping threads took: 0.0002418 seconds
[2022-06-13T01:30:08.254+0000][1][safepoint    ] Application time: 0.2401469 seconds
[2022-06-13T01:30:08.255+0000][1][safepoint    ] Entering safepoint region: RevokeBias
[2022-06-13T01:30:08.255+0000][1][safepoint    ] Leaving safepoint region
[2022-06-13T01:30:08.255+0000][1][safepoint    ] Total time for which application threads were stopped: 0.0008802 seconds, Stopping threads took: 0.0004286 seconds
[2022-06-13T01:30:08.364+0000][1][safepoint    ] Application time: 0.1080065 seconds
[2022-06-13T01:30:08.365+0000][1][safepoint    ] Entering safepoint region: RevokeBias
[2022-06-13T01:30:08.365+0000][1][safepoint    ] Leaving safepoint region
[2022-06-13T01:30:08.366+0000][1][safepoint    ] Total time for which application threads were stopped: 0.0010823 seconds, Stopping threads took: 0.0005174 seconds
[2022-06-13T01:30:08.738+0000][1][safepoint    ] Application time: 0.3722628 seconds
[2022-06-13T01:30:08.739+0000][1][safepoint    ] Entering safepoint region: RevokeBias
[2022-06-13T01:30:08.740+0000][1][safepoint    ] Leaving safepoint region
[2022-06-13T01:30:08.740+0000][1][safepoint    ] Total time for which application threads were stopped: 0.0011067 seconds, Stopping threads took: 0.0003827 seconds
[2022-06-13T01:30:08.742+0000][1][safepoint    ] Application time: 0.0014326 seconds
[2022-06-13T01:30:08.742+0000][1][safepoint    ] Entering safepoint region: RevokeBias
[2022-06-13T01:30:08.743+0000][1][safepoint    ] Leaving safepoint region
[2022-06-13T01:30:08.743+0000][1][safepoint    ] Total time for which application threads were stopped: 0.0010239 seconds, Stopping threads took: 0.0006658 seconds
[2022-06-13T01:30:08.744+0000][1][safepoint    ] Application time: 0.0002596 seconds
[2022-06-13T01:30:08.744+0000][1][safepoint    ] Entering safepoint region: RevokeBias
[2022-06-13T01:30:08.744+0000][1][safepoint    ] Leaving safepoint region
[2022-06-13T01:30:08.745+0000][1][safepoint    ] Total time for which application threads were stopped: 0.0007720 seconds, Stopping threads took: 0.0003709 seconds
[2022-06-13T01:30:08.885+0000][1][safepoint    ] Application time: 0.1398720 seconds
[2022-06-13T01:30:08.885+0000][1][safepoint    ] Entering safepoint region: GenCollectForAllocation
[2022-06-13T01:30:08.887+0000][1][gc,start     ] GC(20) Pause Young (Allocation Failure)
[2022-06-13T01:30:08.887+0000][1][gc,task      ] GC(20) Using 5 workers of 13 for evacuation
[2022-06-13T01:30:08.898+0000][1][gc,age       ] GC(20) Desired survivor size 4456448 bytes, new threshold 6 (max threshold 6)
[2022-06-13T01:30:08.899+0000][1][gc,age       ] GC(20) Age table with threshold 6 (max threshold 6)
[2022-06-13T01:30:08.899+0000][1][gc,age       ] GC(20) - age   1:    1630904 bytes,    1630904 total
[2022-06-13T01:30:08.899+0000][1][gc,age       ] GC(20) - age   2:    2793536 bytes,    4424440 total
[2022-06-13T01:30:08.900+0000][1][gc,heap      ] GC(20) ParNew: 78580K->7317K(78656K)
[2022-06-13T01:30:08.900+0000][1][gc,heap      ] GC(20) CMS: 55241K->59507K(174784K)
[2022-06-13T01:30:08.901+0000][1][gc,metaspace ] GC(20) Metaspace: 54318K->54318K(1099776K)
[2022-06-13T01:30:08.901+0000][1][gc           ] GC(20) Pause Young (Allocation Failure) 130M->65M(247M) 14.407ms
[2022-06-13T01:30:08.901+0000][1][gc,cpu       ] GC(20) User=0.05s Sys=0.00s Real=0.02s
[2022-06-13T01:30:08.902+0000][1][safepoint    ] Leaving safepoint region
[2022-06-13T01:30:08.902+0000][1][safepoint    ] Total time for which application threads were stopped: 0.0167439 seconds, Stopping threads took: 0.0004601 seconds
[2022-06-13T01:30:09.054+0000][1][safepoint    ] Application time: 0.1510277 seconds
[2022-06-13T01:30:09.054+0000][1][safepoint    ] Entering safepoint region: RevokeBias
[2022-06-13T01:30:09.055+0000][1][safepoint    ] Leaving safepoint region
[2022-06-13T01:30:09.056+0000][1][safepoint    ] Total time for which application threads were stopped: 0.0016460 seconds, Stopping threads took: 0.0003840 seconds
[2022-06-13T01:30:09.137+0000][1][safepoint    ] Application time: 0.0813485 seconds
[2022-06-13T01:30:09.138+0000][1][safepoint    ] Entering safepoint region: Deoptimize
[2022-06-13T01:30:09.139+0000][1][safepoint    ] Leaving safepoint region
[2022-06-13T01:30:09.140+0000][1][safepoint    ] Total time for which application threads were stopped: 0.0017125 seconds, Stopping threads took: 0.0002850 seconds
[2022-06-13T01:30:09.193+0000][1][safepoint    ] Application time: 0.0535325 seconds
[2022-06-13T01:30:09.194+0000][1][safepoint    ] Entering safepoint region: RevokeBias
[2022-06-13T01:30:09.194+0000][1][safepoint    ] Leaving safepoint region
[2022-06-13T01:30:09.194+0000][1][safepoint    ] Total time for which application threads were stopped: 0.0006478 seconds, Stopping threads took: 0.0003536 seconds
[2022-06-13T01:30:09.195+0000][1][safepoint    ] Application time: 0.0002234 seconds
[2022-06-13T01:30:09.195+0000][1][safepoint    ] Entering safepoint region: RevokeBias
[2022-06-13T01:30:09.195+0000][1][safepoint    ] Leaving safepoint region
[2022-06-13T01:30:09.196+0000][1][safepoint    ] Total time for which application threads were stopped: 0.0005443 seconds, Stopping threads took: 0.0002258 seconds
[2022-06-13T01:30:09.196+0000][1][safepoint    ] Application time: 0.0005132 seconds
[2022-06-13T01:30:09.197+0000][1][safepoint    ] Entering safepoint region: RevokeBias
[2022-06-13T01:30:09.197+0000][1][safepoint    ] Leaving safepoint region
[2022-06-13T01:30:09.198+0000][1][safepoint    ] Total time for which application threads were stopped: 0.0009957 seconds, Stopping threads took: 0.0004557 seconds
[2022-06-13T01:30:09.202+0000][1][safepoint    ] Application time: 0.0040145 seconds
[2022-06-13T01:30:09.203+0000][1][safepoint    ] Entering safepoint region: RevokeBias
[2022-06-13T01:30:09.204+0000][1][safepoint    ] Leaving safepoint region
[2022-06-13T01:30:09.204+0000][1][safepoint    ] Total time for which application threads were stopped: 0.0009785 seconds, Stopping threads took: 0.0004409 seconds
[2022-06-13T01:30:09.514+0000][1][safepoint    ] Application time: 0.3090214 seconds
[2022-06-13T01:30:09.514+0000][1][safepoint    ] Entering safepoint region: Deoptimize
[2022-06-13T01:30:09.516+0000][1][safepoint    ] Leaving safepoint region
[2022-06-13T01:30:09.517+0000][1][safepoint    ] Total time for which application threads were stopped: 0.0025808 seconds, Stopping threads took: 0.0001566 seconds
[2022-06-13T01:30:09.747+0000][1][safepoint    ] Application time: 0.2302999 seconds
[2022-06-13T01:30:09.748+0000][1][safepoint    ] Entering safepoint region: RevokeBias
[2022-06-13T01:30:09.748+0000][1][safepoint    ] Leaving safepoint region
[2022-06-13T01:30:09.748+0000][1][safepoint    ] Total time for which application threads were stopped: 0.0004422 seconds, Stopping threads took: 0.0001899 seconds
[2022-06-13T01:30:09.749+0000][1][safepoint    ] Application time: 0.0003251 seconds
[2022-06-13T01:30:09.749+0000][1][safepoint    ] Entering safepoint region: RevokeBias
[2022-06-13T01:30:09.750+0000][1][safepoint    ] Leaving safepoint region
[2022-06-13T01:30:09.750+0000][1][safepoint    ] Total time for which application threads were stopped: 0.0007521 seconds, Stopping threads took: 0.0003920 seconds
[2022-06-13T01:30:09.750+0000][1][safepoint    ] Application time: 0.0002024 seconds
[2022-06-13T01:30:09.751+0000][1][safepoint    ] Entering safepoint region: RevokeBias
[2022-06-13T01:30:09.751+0000][1][safepoint    ] Leaving safepoint region
[2022-06-13T01:30:09.751+0000][1][safepoint    ] Total time for which application threads were stopped: 0.0007240 seconds, Stopping threads took: 0.0003730 seconds
[2022-06-13T01:30:10.023+0000][1][safepoint    ] Application time: 0.2714206 seconds
[2022-06-13T01:30:10.023+0000][1][safepoint    ] Entering safepoint region: RevokeBias
[2022-06-13T01:30:10.024+0000][1][safepoint    ] Leaving safepoint region
[2022-06-13T01:30:10.024+0000][1][safepoint    ] Total time for which application threads were stopped: 0.0010178 seconds, Stopping threads took: 0.0002614 seconds
[2022-06-13T01:30:10.025+0000][1][safepoint    ] Application time: 0.0005160 seconds
[2022-06-13T01:30:10.026+0000][1][safepoint    ] Entering safepoint region: RevokeBias
[2022-06-13T01:30:10.026+0000][1][safepoint    ] Leaving safepoint region
[2022-06-13T01:30:10.026+0000][1][safepoint    ] Total time for which application threads were stopped: 0.0006353 seconds, Stopping threads took: 0.0002077 seconds
[2022-06-13T01:30:10.027+0000][1][safepoint    ] Application time: 0.0002470 seconds
[2022-06-13T01:30:10.027+0000][1][safepoint    ] Entering safepoint region: RevokeBias
[2022-06-13T01:30:10.028+0000][1][safepoint    ] Leaving safepoint region
[2022-06-13T01:30:10.028+0000][1][safepoint    ] Total time for which application threads were stopped: 0.0006904 seconds, Stopping threads took: 0.0003235 seconds
[2022-06-13T01:30:10.029+0000][1][safepoint    ] Application time: 0.0003778 seconds
[2022-06-13T01:30:10.029+0000][1][safepoint    ] Entering safepoint region: RevokeBias
[2022-06-13T01:30:10.029+0000][1][safepoint    ] Leaving safepoint region
[2022-06-13T01:30:10.030+0000][1][safepoint    ] Total time for which application threads were stopped: 0.0006771 seconds, Stopping threads took: 0.0003106 seconds
[2022-06-13T01:30:10.136+0000][1][safepoint    ] Application time: 0.1060580 seconds
[2022-06-13T01:30:10.137+0000][1][safepoint    ] Entering safepoint region: BulkRevokeBias
[2022-06-13T01:30:10.138+0000][1][safepoint    ] Leaving safepoint region
[2022-06-13T01:30:10.138+0000][1][safepoint    ] Total time for which application threads were stopped: 0.0012672 seconds, Stopping threads took: 0.0007747 seconds
[2022-06-13T01:30:10.312+0000][1][safepoint    ] Application time: 0.1733877 seconds
[2022-06-13T01:30:10.312+0000][1][safepoint    ] Entering safepoint region: GenCollectForAllocation
[2022-06-13T01:30:10.313+0000][1][gc,start     ] GC(21) Pause Young (Allocation Failure)
[2022-06-13T01:30:10.313+0000][1][gc,task      ] GC(21) Using 5 workers of 13 for evacuation
[2022-06-13T01:30:10.322+0000][1][gc,age       ] GC(21) Desired survivor size 4456448 bytes, new threshold 2 (max threshold 6)
[2022-06-13T01:30:10.323+0000][1][gc,age       ] GC(21) Age table with threshold 2 (max threshold 6)
[2022-06-13T01:30:10.323+0000][1][gc,age       ] GC(21) - age   1:    3714056 bytes,    3714056 total
[2022-06-13T01:30:10.323+0000][1][gc,age       ] GC(21) - age   2:    1556488 bytes,    5270544 total
[2022-06-13T01:30:10.324+0000][1][gc,age       ] GC(21) - age   3:    2778560 bytes,    8049104 total
[2022-06-13T01:30:10.324+0000][1][gc,heap      ] GC(21) ParNew: 77269K->8704K(78656K)
[2022-06-13T01:30:10.324+0000][1][gc,heap      ] GC(21) CMS: 59507K->59808K(174784K)
[2022-06-13T01:30:10.325+0000][1][gc,metaspace ] GC(21) Metaspace: 62507K->62507K(1105920K)
[2022-06-13T01:30:10.325+0000][1][gc           ] GC(21) Pause Young (Allocation Failure) 133M->66M(247M) 12.063ms
[2022-06-13T01:30:10.325+0000][1][gc,cpu       ] GC(21) User=0.05s Sys=0.00s Real=0.01s
[2022-06-13T01:30:10.325+0000][1][safepoint    ] Leaving safepoint region
[2022-06-13T01:30:10.326+0000][1][safepoint    ] Total time for which application threads were stopped: 0.0134301 seconds, Stopping threads took: 0.0002672 seconds
[2022-06-13T01:30:10.369+0000][1][safepoint    ] Application time: 0.0427074 seconds
[2022-06-13T01:30:10.369+0000][1][safepoint    ] Entering safepoint region: RevokeBias
[2022-06-13T01:30:10.370+0000][1][safepoint    ] Leaving safepoint region
[2022-06-13T01:30:10.370+0000][1][safepoint    ] Total time for which application threads were stopped: 0.0008662 seconds, Stopping threads took: 0.0004387 seconds
[2022-06-13T01:30:10.371+0000][1][safepoint    ] Application time: 0.0009053 seconds
[2022-06-13T01:30:10.372+0000][1][safepoint    ] Entering safepoint region: RevokeBias
[2022-06-13T01:30:10.372+0000][1][safepoint    ] Leaving safepoint region
[2022-06-13T01:30:10.372+0000][1][safepoint    ] Total time for which application threads were stopped: 0.0005227 seconds, Stopping threads took: 0.0002607 seconds
[2022-06-13T01:30:10.373+0000][1][safepoint    ] Application time: 0.0009836 seconds
[2022-06-13T01:30:10.374+0000][1][safepoint    ] Entering safepoint region: RevokeBias
[2022-06-13T01:30:10.374+0000][1][safepoint    ] Leaving safepoint region
[2022-06-13T01:30:10.374+0000][1][safepoint    ] Total time for which application threads were stopped: 0.0004919 seconds, Stopping threads took: 0.0002261 seconds
[2022-06-13T01:30:10.375+0000][1][safepoint    ] Application time: 0.0003231 seconds
[2022-06-13T01:30:10.375+0000][1][safepoint    ] Entering safepoint region: RevokeBias
[2022-06-13T01:30:10.375+0000][1][safepoint    ] Leaving safepoint region
[2022-06-13T01:30:10.376+0000][1][safepoint    ] Total time for which application threads were stopped: 0.0006401 seconds, Stopping threads took: 0.0003489 seconds
[2022-06-13T01:30:10.377+0000][1][safepoint    ] Application time: 0.0008167 seconds
[2022-06-13T01:30:10.377+0000][1][safepoint    ] Entering safepoint region: RevokeBias
[2022-06-13T01:30:10.378+0000][1][safepoint    ] Leaving safepoint region
[2022-06-13T01:30:10.378+0000][1][safepoint    ] Total time for which application threads were stopped: 0.0006831 seconds, Stopping threads took: 0.0003120 seconds
[2022-06-13T01:30:10.378+0000][1][safepoint    ] Application time: 0.0001622 seconds
[2022-06-13T01:30:10.379+0000][1][safepoint    ] Entering safepoint region: RevokeBias
[2022-06-13T01:30:10.379+0000][1][safepoint    ] Leaving safepoint region
[2022-06-13T01:30:10.379+0000][1][safepoint    ] Total time for which application threads were stopped: 0.0006915 seconds, Stopping threads took: 0.0002639 seconds
[2022-06-13T01:30:10.380+0000][1][safepoint    ] Application time: 0.0002338 seconds
[2022-06-13T01:30:10.380+0000][1][safepoint    ] Entering safepoint region: RevokeBias
[2022-06-13T01:30:10.380+0000][1][safepoint    ] Leaving safepoint region
[2022-06-13T01:30:10.381+0000][1][safepoint    ] Total time for which application threads were stopped: 0.0006371 seconds, Stopping threads took: 0.0002831 seconds
[2022-06-13T01:30:10.381+0000][1][safepoint    ] Application time: 0.0003523 seconds
[2022-06-13T01:30:10.382+0000][1][safepoint    ] Entering safepoint region: RevokeBias
[2022-06-13T01:30:10.382+0000][1][safepoint    ] Leaving safepoint region
[2022-06-13T01:30:10.382+0000][1][safepoint    ] Total time for which application threads were stopped: 0.0006500 seconds, Stopping threads took: 0.0003299 seconds
[2022-06-13T01:30:10.383+0000][1][safepoint    ] Application time: 0.0003978 seconds
[2022-06-13T01:30:10.383+0000][1][safepoint    ] Entering safepoint region: RevokeBias
[2022-06-13T01:30:10.383+0000][1][safepoint    ] Leaving safepoint region
[2022-06-13T01:30:10.384+0000][1][safepoint    ] Total time for which application threads were stopped: 0.0006584 seconds, Stopping threads took: 0.0002611 seconds
[2022-06-13T01:30:10.385+0000][1][safepoint    ] Application time: 0.0004674 seconds
[2022-06-13T01:30:10.385+0000][1][safepoint    ] Entering safepoint region: RevokeBias
[2022-06-13T01:30:10.385+0000][1][safepoint    ] Leaving safepoint region
[2022-06-13T01:30:10.385+0000][1][safepoint    ] Total time for which application threads were stopped: 0.0006537 seconds, Stopping threads took: 0.0002868 seconds
[2022-06-13T01:30:10.386+0000][1][safepoint    ] Application time: 0.0001577 seconds
[2022-06-13T01:30:10.386+0000][1][safepoint    ] Entering safepoint region: RevokeBias
[2022-06-13T01:30:10.387+0000][1][safepoint    ] Leaving safepoint region
[2022-06-13T01:30:10.387+0000][1][safepoint    ] Total time for which application threads were stopped: 0.0006436 seconds, Stopping threads took: 0.0003155 seconds
[2022-06-13T01:30:10.388+0000][1][safepoint    ] Application time: 0.0009812 seconds
[2022-06-13T01:30:10.388+0000][1][safepoint    ] Entering safepoint region: RevokeBias
[2022-06-13T01:30:10.388+0000][1][safepoint    ] Leaving safepoint region
[2022-06-13T01:30:10.389+0000][1][safepoint    ] Total time for which application threads were stopped: 0.0004455 seconds, Stopping threads took: 0.0002141 seconds
[2022-06-13T01:30:10.390+0000][1][safepoint    ] Application time: 0.0006953 seconds
[2022-06-13T01:30:10.390+0000][1][safepoint    ] Entering safepoint region: RevokeBias
[2022-06-13T01:30:10.390+0000][1][safepoint    ] Leaving safepoint region
[2022-06-13T01:30:10.391+0000][1][safepoint    ] Total time for which application threads were stopped: 0.0007299 seconds, Stopping threads took: 0.0003158 seconds
[2022-06-13T01:30:10.393+0000][1][safepoint    ] Application time: 0.0019018 seconds
[2022-06-13T01:30:10.393+0000][1][safepoint    ] Entering safepoint region: RevokeBias
[2022-06-13T01:30:10.394+0000][1][safepoint    ] Leaving safepoint region
[2022-06-13T01:30:10.394+0000][1][safepoint    ] Total time for which application threads were stopped: 0.0006252 seconds, Stopping threads took: 0.0003077 seconds
[2022-06-13T01:30:10.394+0000][1][safepoint    ] Application time: 0.0001948 seconds
[2022-06-13T01:30:10.394+0000][1][safepoint    ] Entering safepoint region: RevokeBias
[2022-06-13T01:30:10.395+0000][1][safepoint    ] Leaving safepoint region
[2022-06-13T01:30:10.395+0000][1][safepoint    ] Total time for which application threads were stopped: 0.0006998 seconds, Stopping threads took: 0.0002076 seconds
[2022-06-13T01:30:10.397+0000][1][safepoint    ] Application time: 0.0018307 seconds
[2022-06-13T01:30:10.398+0000][1][safepoint    ] Entering safepoint region: RevokeBias
[2022-06-13T01:30:10.398+0000][1][safepoint    ] Leaving safepoint region
[2022-06-13T01:30:10.398+0000][1][safepoint    ] Total time for which application threads were stopped: 0.0007278 seconds, Stopping threads took: 0.0003519 seconds
[2022-06-13T01:30:10.399+0000][1][safepoint    ] Application time: 0.0008069 seconds
[2022-06-13T01:30:10.400+0000][1][safepoint    ] Entering safepoint region: RevokeBias
[2022-06-13T01:30:10.400+0000][1][safepoint    ] Leaving safepoint region
[2022-06-13T01:30:10.400+0000][1][safepoint    ] Total time for which application threads were stopped: 0.0005920 seconds, Stopping threads took: 0.0003381 seconds
[2022-06-13T01:30:10.401+0000][1][safepoint    ] Application time: 0.0007132 seconds
[2022-06-13T01:30:10.401+0000][1][safepoint    ] Entering safepoint region: RevokeBias
[2022-06-13T01:30:10.402+0000][1][safepoint    ] Leaving safepoint region
[2022-06-13T01:30:10.402+0000][1][safepoint    ] Total time for which application threads were stopped: 0.0006991 seconds, Stopping threads took: 0.0003222 seconds
[2022-06-13T01:30:10.403+0000][1][safepoint    ] Application time: 0.0010592 seconds
[2022-06-13T01:30:10.404+0000][1][safepoint    ] Entering safepoint region: RevokeBias
[2022-06-13T01:30:10.404+0000][1][safepoint    ] Leaving safepoint region
[2022-06-13T01:30:10.404+0000][1][safepoint    ] Total time for which application threads were stopped: 0.0005158 seconds, Stopping threads took: 0.0002349 seconds
[2022-06-13T01:30:10.405+0000][1][safepoint    ] Application time: 0.0002837 seconds
[2022-06-13T01:30:10.405+0000][1][safepoint    ] Entering safepoint region: RevokeBias
[2022-06-13T01:30:10.405+0000][1][safepoint    ] Leaving safepoint region
[2022-06-13T01:30:10.406+0000][1][safepoint    ] Total time for which application threads were stopped: 0.0005948 seconds, Stopping threads took: 0.0003172 seconds
[2022-06-13T01:30:10.406+0000][1][safepoint    ] Application time: 0.0003213 seconds
[2022-06-13T01:30:10.406+0000][1][safepoint    ] Entering safepoint region: RevokeBias
[2022-06-13T01:30:10.407+0000][1][safepoint    ] Leaving safepoint region
[2022-06-13T01:30:10.407+0000][1][safepoint    ] Total time for which application threads were stopped: 0.0008500 seconds, Stopping threads took: 0.0003063 seconds
[2022-06-13T01:30:10.408+0000][1][safepoint    ] Application time: 0.0005091 seconds
[2022-06-13T01:30:10.408+0000][1][safepoint    ] Entering safepoint region: RevokeBias
[2022-06-13T01:30:10.409+0000][1][safepoint    ] Leaving safepoint region
[2022-06-13T01:30:10.409+0000][1][safepoint    ] Total time for which application threads were stopped: 0.0005063 seconds, Stopping threads took: 0.0002552 seconds
[2022-06-13T01:30:10.410+0000][1][safepoint    ] Application time: 0.0005841 seconds
[2022-06-13T01:30:10.410+0000][1][safepoint    ] Entering safepoint region: RevokeBias
[2022-06-13T01:30:10.410+0000][1][safepoint    ] Leaving safepoint region
[2022-06-13T01:30:10.411+0000][1][safepoint    ] Total time for which application threads were stopped: 0.0005010 seconds, Stopping threads took: 0.0001964 seconds
[2022-06-13T01:30:10.411+0000][1][safepoint    ] Application time: 0.0005989 seconds
[2022-06-13T01:30:10.412+0000][1][safepoint    ] Entering safepoint region: RevokeBias
[2022-06-13T01:30:10.412+0000][1][safepoint    ] Leaving safepoint region
[2022-06-13T01:30:10.412+0000][1][safepoint    ] Total time for which application threads were stopped: 0.0005869 seconds, Stopping threads took: 0.0002853 seconds
[2022-06-13T01:30:10.413+0000][1][safepoint    ] Application time: 0.0004488 seconds
[2022-06-13T01:30:10.413+0000][1][safepoint    ] Entering safepoint region: RevokeBias
[2022-06-13T01:30:10.413+0000][1][safepoint    ] Leaving safepoint region
[2022-06-13T01:30:10.414+0000][1][safepoint    ] Total time for which application threads were stopped: 0.0005087 seconds, Stopping threads took: 0.0002739 seconds
[2022-06-13T01:30:10.414+0000][1][safepoint    ] Application time: 0.0006276 seconds
[2022-06-13T01:30:10.415+0000][1][safepoint    ] Entering safepoint region: RevokeBias
[2022-06-13T01:30:10.415+0000][1][safepoint    ] Leaving safepoint region
[2022-06-13T01:30:10.415+0000][1][safepoint    ] Total time for which application threads were stopped: 0.0007711 seconds, Stopping threads took: 0.0003954 seconds
[2022-06-13T01:30:10.416+0000][1][safepoint    ] Application time: 0.0003384 seconds
[2022-06-13T01:30:10.416+0000][1][safepoint    ] Entering safepoint region: RevokeBias
[2022-06-13T01:30:10.417+0000][1][safepoint    ] Leaving safepoint region
[2022-06-13T01:30:10.417+0000][1][safepoint    ] Total time for which application threads were stopped: 0.0006938 seconds, Stopping threads took: 0.0002590 seconds
[2022-06-13T01:30:10.418+0000][1][safepoint    ] Application time: 0.0004052 seconds
[2022-06-13T01:30:10.418+0000][1][safepoint    ] Entering safepoint region: RevokeBias
[2022-06-13T01:30:10.419+0000][1][safepoint    ] Leaving safepoint region
[2022-06-13T01:30:10.419+0000][1][safepoint    ] Total time for which application threads were stopped: 0.0009305 seconds, Stopping threads took: 0.0005888 seconds
[2022-06-13T01:30:10.420+0000][1][safepoint    ] Application time: 0.0005638 seconds
[2022-06-13T01:30:10.420+0000][1][safepoint    ] Entering safepoint region: RevokeBias
[2022-06-13T01:30:10.420+0000][1][safepoint    ] Leaving safepoint region
[2022-06-13T01:30:10.421+0000][1][safepoint    ] Total time for which application threads were stopped: 0.0006971 seconds, Stopping threads took: 0.0003967 seconds
[2022-06-13T01:30:10.421+0000][1][safepoint    ] Application time: 0.0003865 seconds
[2022-06-13T01:30:10.422+0000][1][safepoint    ] Entering safepoint region: RevokeBias
[2022-06-13T01:30:10.422+0000][1][safepoint    ] Leaving safepoint region
[2022-06-13T01:30:10.422+0000][1][safepoint    ] Total time for which application threads were stopped: 0.0006156 seconds, Stopping threads took: 0.0002781 seconds
[2022-06-13T01:30:10.423+0000][1][safepoint    ] Application time: 0.0004267 seconds
[2022-06-13T01:30:10.423+0000][1][safepoint    ] Entering safepoint region: RevokeBias
[2022-06-13T01:30:10.424+0000][1][safepoint    ] Leaving safepoint region
[2022-06-13T01:30:10.424+0000][1][safepoint    ] Total time for which application threads were stopped: 0.0004829 seconds, Stopping threads took: 0.0002381 seconds
[2022-06-13T01:30:10.424+0000][1][safepoint    ] Application time: 0.0004094 seconds
[2022-06-13T01:30:10.425+0000][1][safepoint    ] Entering safepoint region: RevokeBias
[2022-06-13T01:30:10.425+0000][1][safepoint    ] Leaving safepoint region
[2022-06-13T01:30:10.425+0000][1][safepoint    ] Total time for which application threads were stopped: 0.0005004 seconds, Stopping threads took: 0.0002146 seconds
[2022-06-13T01:30:10.426+0000][1][safepoint    ] Application time: 0.0003440 seconds
[2022-06-13T01:30:10.426+0000][1][safepoint    ] Entering safepoint region: RevokeBias
[2022-06-13T01:30:10.426+0000][1][safepoint    ] Leaving safepoint region
[2022-06-13T01:30:10.426+0000][1][safepoint    ] Total time for which application threads were stopped: 0.0005103 seconds, Stopping threads took: 0.0002836 seconds
[2022-06-13T01:30:10.427+0000][1][safepoint    ] Application time: 0.0003884 seconds
[2022-06-13T01:30:10.427+0000][1][safepoint    ] Entering safepoint region: RevokeBias
[2022-06-13T01:30:10.428+0000][1][safepoint    ] Leaving safepoint region
[2022-06-13T01:30:10.428+0000][1][safepoint    ] Total time for which application threads were stopped: 0.0007074 seconds, Stopping threads took: 0.0004081 seconds
[2022-06-13T01:30:10.429+0000][1][safepoint    ] Application time: 0.0002788 seconds
[2022-06-13T01:30:10.429+0000][1][safepoint    ] Entering safepoint region: RevokeBias
[2022-06-13T01:30:10.429+0000][1][safepoint    ] Leaving safepoint region
[2022-06-13T01:30:10.429+0000][1][safepoint    ] Total time for which application threads were stopped: 0.0006252 seconds, Stopping threads took: 0.0002923 seconds
[2022-06-13T01:30:10.430+0000][1][safepoint    ] Application time: 0.0003797 seconds
[2022-06-13T01:30:10.430+0000][1][safepoint    ] Entering safepoint region: BulkRevokeBias
[2022-06-13T01:30:10.431+0000][1][safepoint    ] Leaving safepoint region
[2022-06-13T01:30:10.431+0000][1][safepoint    ] Total time for which application threads were stopped: 0.0008593 seconds, Stopping threads took: 0.0003441 seconds
[2022-06-13T01:30:10.432+0000][1][safepoint    ] Application time: 0.0007926 seconds
[2022-06-13T01:30:10.433+0000][1][safepoint    ] Entering safepoint region: BulkRevokeBias
[2022-06-13T01:30:10.433+0000][1][safepoint    ] Leaving safepoint region
[2022-06-13T01:30:10.433+0000][1][safepoint    ] Total time for which application threads were stopped: 0.0005614 seconds, Stopping threads took: 0.0002125 seconds
[2022-06-13T01:30:10.434+0000][1][safepoint    ] Application time: 0.0002319 seconds
[2022-06-13T01:30:10.434+0000][1][safepoint    ] Entering safepoint region: RevokeBias
[2022-06-13T01:30:10.434+0000][1][safepoint    ] Leaving safepoint region
[2022-06-13T01:30:10.434+0000][1][safepoint    ] Total time for which application threads were stopped: 0.0004768 seconds, Stopping threads took: 0.0002261 seconds
[2022-06-13T01:30:10.435+0000][1][safepoint    ] Application time: 0.0005624 seconds
[2022-06-13T01:30:10.435+0000][1][safepoint    ] Entering safepoint region: RevokeBias
[2022-06-13T01:30:10.436+0000][1][safepoint    ] Leaving safepoint region
[2022-06-13T01:30:10.436+0000][1][safepoint    ] Total time for which application threads were stopped: 0.0007827 seconds, Stopping threads took: 0.0003854 seconds
[2022-06-13T01:30:10.437+0000][1][safepoint    ] Application time: 0.0006863 seconds
[2022-06-13T01:30:10.437+0000][1][safepoint    ] Entering safepoint region: RevokeBias
[2022-06-13T01:30:10.438+0000][1][safepoint    ] Leaving safepoint region
[2022-06-13T01:30:10.438+0000][1][safepoint    ] Total time for which application threads were stopped: 0.0004305 seconds, Stopping threads took: 0.0002163 seconds
[2022-06-13T01:30:10.438+0000][1][safepoint    ] Application time: 0.0003332 seconds
[2022-06-13T01:30:10.439+0000][1][safepoint    ] Entering safepoint region: RevokeBias
[2022-06-13T01:30:10.439+0000][1][safepoint    ] Leaving safepoint region
[2022-06-13T01:30:10.440+0000][1][safepoint    ] Total time for which application threads were stopped: 0.0008678 seconds, Stopping threads took: 0.0004984 seconds
[2022-06-13T01:30:10.440+0000][1][safepoint    ] Application time: 0.0001604 seconds
[2022-06-13T01:30:10.440+0000][1][safepoint    ] Entering safepoint region: RevokeBias
[2022-06-13T01:30:10.441+0000][1][safepoint    ] Leaving safepoint region
[2022-06-13T01:30:10.441+0000][1][safepoint    ] Total time for which application threads were stopped: 0.0006378 seconds, Stopping threads took: 0.0003062 seconds
[2022-06-13T01:30:10.442+0000][1][safepoint    ] Application time: 0.0010445 seconds
[2022-06-13T01:30:10.443+0000][1][safepoint    ] Entering safepoint region: RevokeBias
[2022-06-13T01:30:10.443+0000][1][safepoint    ] Leaving safepoint region
[2022-06-13T01:30:10.443+0000][1][safepoint    ] Total time for which application threads were stopped: 0.0007066 seconds, Stopping threads took: 0.0002895 seconds
[2022-06-13T01:30:10.444+0000][1][safepoint    ] Application time: 0.0006441 seconds
[2022-06-13T01:30:10.445+0000][1][safepoint    ] Entering safepoint region: RevokeBias
[2022-06-13T01:30:10.445+0000][1][safepoint    ] Leaving safepoint region
[2022-06-13T01:30:10.445+0000][1][safepoint    ] Total time for which application threads were stopped: 0.0006832 seconds, Stopping threads took: 0.0003419 seconds
[2022-06-13T01:30:10.446+0000][1][safepoint    ] Application time: 0.0007756 seconds
[2022-06-13T01:30:10.447+0000][1][safepoint    ] Entering safepoint region: RevokeBias
[2022-06-13T01:30:10.447+0000][1][safepoint    ] Leaving safepoint region
[2022-06-13T01:30:10.447+0000][1][safepoint    ] Total time for which application threads were stopped: 0.0006066 seconds, Stopping threads took: 0.0002765 seconds
[2022-06-13T01:30:10.448+0000][1][safepoint    ] Application time: 0.0002180 seconds
[2022-06-13T01:30:10.448+0000][1][safepoint    ] Entering safepoint region: RevokeBias
[2022-06-13T01:30:10.448+0000][1][safepoint    ] Leaving safepoint region
[2022-06-13T01:30:10.449+0000][1][safepoint    ] Total time for which application threads were stopped: 0.0005835 seconds, Stopping threads took: 0.0003056 seconds
[2022-06-13T01:30:10.449+0000][1][safepoint    ] Application time: 0.0002047 seconds
[2022-06-13T01:30:10.449+0000][1][safepoint    ] Entering safepoint region: RevokeBias
[2022-06-13T01:30:10.450+0000][1][safepoint    ] Leaving safepoint region
[2022-06-13T01:30:10.450+0000][1][safepoint    ] Total time for which application threads were stopped: 0.0005487 seconds, Stopping threads took: 0.0002650 seconds
[2022-06-13T01:30:10.451+0000][1][safepoint    ] Application time: 0.0002183 seconds
[2022-06-13T01:30:10.451+0000][1][safepoint    ] Entering safepoint region: RevokeBias
[2022-06-13T01:30:10.452+0000][1][safepoint    ] Leaving safepoint region
[2022-06-13T01:30:10.452+0000][1][safepoint    ] Total time for which application threads were stopped: 0.0009329 seconds, Stopping threads took: 0.0004897 seconds
[2022-06-13T01:30:10.453+0000][1][safepoint    ] Application time: 0.0003656 seconds
[2022-06-13T01:30:10.453+0000][1][safepoint    ] Entering safepoint region: RevokeBias
[2022-06-13T01:30:10.453+0000][1][safepoint    ] Leaving safepoint region
[2022-06-13T01:30:10.453+0000][1][safepoint    ] Total time for which application threads were stopped: 0.0005041 seconds, Stopping threads took: 0.0002263 seconds
[2022-06-13T01:30:10.458+0000][1][safepoint    ] Application time: 0.0045220 seconds
[2022-06-13T01:30:10.458+0000][1][safepoint    ] Entering safepoint region: RevokeBias
[2022-06-13T01:30:10.459+0000][1][safepoint    ] Leaving safepoint region
[2022-06-13T01:30:10.459+0000][1][safepoint    ] Total time for which application threads were stopped: 0.0005421 seconds, Stopping threads took: 0.0002839 seconds
[2022-06-13T01:30:10.753+0000][1][safepoint    ] Application time: 0.2938925 seconds
[2022-06-13T01:30:10.754+0000][1][safepoint    ] Entering safepoint region: RevokeBias
[2022-06-13T01:30:10.755+0000][1][safepoint    ] Leaving safepoint region
[2022-06-13T01:30:10.755+0000][1][safepoint    ] Total time for which application threads were stopped: 0.0010087 seconds, Stopping threads took: 0.0004795 seconds
[2022-06-13T01:30:11.121+0000][1][safepoint    ] Application time: 0.3657375 seconds
[2022-06-13T01:30:11.122+0000][1][safepoint    ] Entering safepoint region: RevokeBias
[2022-06-13T01:30:11.122+0000][1][safepoint    ] Leaving safepoint region
[2022-06-13T01:30:11.122+0000][1][safepoint    ] Total time for which application threads were stopped: 0.0004750 seconds, Stopping threads took: 0.0002597 seconds
[2022-06-13T01:30:11.123+0000][1][safepoint    ] Application time: 0.0002018 seconds
[2022-06-13T01:30:11.123+0000][1][safepoint    ] Entering safepoint region: RevokeBias
[2022-06-13T01:30:11.123+0000][1][safepoint    ] Leaving safepoint region
[2022-06-13T01:30:11.124+0000][1][safepoint    ] Total time for which application threads were stopped: 0.0006920 seconds, Stopping threads took: 0.0003484 seconds
[2022-06-13T01:30:11.124+0000][1][safepoint    ] Application time: 0.0001225 seconds
[2022-06-13T01:30:11.125+0000][1][safepoint    ] Entering safepoint region: RevokeBias
[2022-06-13T01:30:11.125+0000][1][safepoint    ] Leaving safepoint region
[2022-06-13T01:30:11.125+0000][1][safepoint    ] Total time for which application threads were stopped: 0.0008949 seconds, Stopping threads took: 0.0003926 seconds
[2022-06-13T01:30:11.126+0000][1][safepoint    ] Application time: 0.0002062 seconds
[2022-06-13T01:30:11.126+0000][1][safepoint    ] Entering safepoint region: RevokeBias
[2022-06-13T01:30:11.127+0000][1][safepoint    ] Leaving safepoint region
[2022-06-13T01:30:11.127+0000][1][safepoint    ] Total time for which application threads were stopped: 0.0004933 seconds, Stopping threads took: 0.0001746 seconds
[2022-06-13T01:30:11.127+0000][1][safepoint    ] Application time: 0.0002802 seconds
[2022-06-13T01:30:11.128+0000][1][safepoint    ] Entering safepoint region: RevokeBias
[2022-06-13T01:30:11.129+0000][1][safepoint    ] Leaving safepoint region
[2022-06-13T01:30:11.129+0000][1][safepoint    ] Total time for which application threads were stopped: 0.0009274 seconds, Stopping threads took: 0.0005120 seconds
[2022-06-13T01:30:11.130+0000][1][safepoint    ] Application time: 0.0001790 seconds
[2022-06-13T01:30:11.130+0000][1][safepoint    ] Entering safepoint region: RevokeBias
[2022-06-13T01:30:11.131+0000][1][safepoint    ] Leaving safepoint region
[2022-06-13T01:30:11.131+0000][1][safepoint    ] Total time for which application threads were stopped: 0.0008366 seconds, Stopping threads took: 0.0004154 seconds
[2022-06-13T01:30:11.132+0000][1][safepoint    ] Application time: 0.0002187 seconds
[2022-06-13T01:30:11.132+0000][1][safepoint    ] Entering safepoint region: RevokeBias
[2022-06-13T01:30:11.133+0000][1][safepoint    ] Leaving safepoint region
[2022-06-13T01:30:11.133+0000][1][safepoint    ] Total time for which application threads were stopped: 0.0008955 seconds, Stopping threads took: 0.0003837 seconds
[2022-06-13T01:30:11.134+0000][1][safepoint    ] Application time: 0.0001559 seconds
[2022-06-13T01:30:11.134+0000][1][safepoint    ] Entering safepoint region: RevokeBias
[2022-06-13T01:30:11.135+0000][1][safepoint    ] Leaving safepoint region
[2022-06-13T01:30:11.135+0000][1][safepoint    ] Total time for which application threads were stopped: 0.0008429 seconds, Stopping threads took: 0.0004276 seconds
[2022-06-13T01:30:11.145+0000][1][safepoint    ] Application time: 0.0100239 seconds
[2022-06-13T01:30:11.146+0000][1][safepoint    ] Entering safepoint region: RevokeBias
[2022-06-13T01:30:11.146+0000][1][safepoint    ] Leaving safepoint region
[2022-06-13T01:30:11.147+0000][1][safepoint    ] Total time for which application threads were stopped: 0.0006934 seconds, Stopping threads took: 0.0002875 seconds
[2022-06-13T01:30:11.148+0000][1][safepoint    ] Application time: 0.0009561 seconds
[2022-06-13T01:30:11.148+0000][1][safepoint    ] Entering safepoint region: RevokeBias
[2022-06-13T01:30:11.149+0000][1][safepoint    ] Leaving safepoint region
[2022-06-13T01:30:11.149+0000][1][safepoint    ] Total time for which application threads were stopped: 0.0006304 seconds, Stopping threads took: 0.0003508 seconds
[2022-06-13T01:30:11.149+0000][1][safepoint    ] Application time: 0.0003354 seconds
[2022-06-13T01:30:11.150+0000][1][safepoint    ] Entering safepoint region: RevokeBias
[2022-06-13T01:30:11.151+0000][1][safepoint    ] Leaving safepoint region
[2022-06-13T01:30:11.151+0000][1][safepoint    ] Total time for which application threads were stopped: 0.0009153 seconds, Stopping threads took: 0.0003222 seconds
[2022-06-13T01:30:11.152+0000][1][safepoint    ] Application time: 0.0002750 seconds
[2022-06-13T01:30:11.152+0000][1][safepoint    ] Entering safepoint region: RevokeBias
[2022-06-13T01:30:11.153+0000][1][safepoint    ] Leaving safepoint region
[2022-06-13T01:30:11.153+0000][1][safepoint    ] Total time for which application threads were stopped: 0.0009785 seconds, Stopping threads took: 0.0001968 seconds
[2022-06-13T01:30:11.154+0000][1][safepoint    ] Application time: 0.0002539 seconds
[2022-06-13T01:30:11.155+0000][1][safepoint    ] Entering safepoint region: RevokeBias
[2022-06-13T01:30:11.155+0000][1][safepoint    ] Leaving safepoint region
[2022-06-13T01:30:11.155+0000][1][safepoint    ] Total time for which application threads were stopped: 0.0009561 seconds, Stopping threads took: 0.0003118 seconds
[2022-06-13T01:30:11.156+0000][1][safepoint    ] Application time: 0.0002661 seconds
[2022-06-13T01:30:11.157+0000][1][safepoint    ] Entering safepoint region: RevokeBias
[2022-06-13T01:30:11.157+0000][1][safepoint    ] Leaving safepoint region
[2022-06-13T01:30:11.158+0000][1][safepoint    ] Total time for which application threads were stopped: 0.0012299 seconds, Stopping threads took: 0.0006281 seconds
[2022-06-13T01:30:11.162+0000][1][safepoint    ] Application time: 0.0032186 seconds
[2022-06-13T01:30:11.162+0000][1][safepoint    ] Entering safepoint region: RevokeBias
[2022-06-13T01:30:11.163+0000][1][safepoint    ] Leaving safepoint region
[2022-06-13T01:30:11.163+0000][1][safepoint    ] Total time for which application threads were stopped: 0.0008983 seconds, Stopping threads took: 0.0004762 seconds
[2022-06-13T01:30:11.172+0000][1][safepoint    ] Application time: 0.0082493 seconds
[2022-06-13T01:30:11.172+0000][1][safepoint    ] Entering safepoint region: RevokeBias
[2022-06-13T01:30:11.173+0000][1][safepoint    ] Leaving safepoint region
[2022-06-13T01:30:11.173+0000][1][safepoint    ] Total time for which application threads were stopped: 0.0010481 seconds, Stopping threads took: 0.0005020 seconds
[2022-06-13T01:30:11.177+0000][1][safepoint    ] Application time: 0.0032688 seconds
[2022-06-13T01:30:11.178+0000][1][safepoint    ] Entering safepoint region: RevokeBias
[2022-06-13T01:30:11.178+0000][1][safepoint    ] Leaving safepoint region
[2022-06-13T01:30:11.179+0000][1][safepoint    ] Total time for which application threads were stopped: 0.0013248 seconds, Stopping threads took: 0.0007826 seconds
[2022-06-13T01:30:11.181+0000][1][safepoint    ] Application time: 0.0022299 seconds
[2022-06-13T01:30:11.182+0000][1][safepoint    ] Entering safepoint region: RevokeBias
[2022-06-13T01:30:11.182+0000][1][safepoint    ] Leaving safepoint region
[2022-06-13T01:30:11.183+0000][1][safepoint    ] Total time for which application threads were stopped: 0.0009003 seconds, Stopping threads took: 0.0004213 seconds
[2022-06-13T01:30:11.183+0000][1][safepoint    ] Application time: 0.0001123 seconds
[2022-06-13T01:30:11.184+0000][1][safepoint    ] Entering safepoint region: RevokeBias
[2022-06-13T01:30:11.184+0000][1][safepoint    ] Leaving safepoint region
[2022-06-13T01:30:11.184+0000][1][safepoint    ] Total time for which application threads were stopped: 0.0009055 seconds, Stopping threads took: 0.0004420 seconds
[2022-06-13T01:30:11.185+0000][1][safepoint    ] Application time: 0.0001088 seconds
[2022-06-13T01:30:11.185+0000][1][safepoint    ] Entering safepoint region: RevokeBias
[2022-06-13T01:30:11.186+0000][1][safepoint    ] Leaving safepoint region
[2022-06-13T01:30:11.186+0000][1][safepoint    ] Total time for which application threads were stopped: 0.0009322 seconds, Stopping threads took: 0.0004411 seconds
[2022-06-13T01:30:11.188+0000][1][safepoint    ] Application time: 0.0009176 seconds
[2022-06-13T01:30:11.188+0000][1][safepoint    ] Entering safepoint region: RevokeBias
[2022-06-13T01:30:11.189+0000][1][safepoint    ] Leaving safepoint region
[2022-06-13T01:30:11.189+0000][1][safepoint    ] Total time for which application threads were stopped: 0.0008906 seconds, Stopping threads took: 0.0004637 seconds
[2022-06-13T01:30:11.190+0000][1][safepoint    ] Application time: 0.0002636 seconds
[2022-06-13T01:30:11.190+0000][1][safepoint    ] Entering safepoint region: RevokeBias
[2022-06-13T01:30:11.191+0000][1][safepoint    ] Leaving safepoint region
[2022-06-13T01:30:11.191+0000][1][safepoint    ] Total time for which application threads were stopped: 0.0008705 seconds, Stopping threads took: 0.0004550 seconds
[2022-06-13T01:30:11.191+0000][1][safepoint    ] Application time: 0.0002914 seconds
[2022-06-13T01:30:11.192+0000][1][safepoint    ] Entering safepoint region: RevokeBias
[2022-06-13T01:30:11.192+0000][1][safepoint    ] Leaving safepoint region
[2022-06-13T01:30:11.193+0000][1][safepoint    ] Total time for which application threads were stopped: 0.0010260 seconds, Stopping threads took: 0.0004782 seconds
[2022-06-13T01:30:11.194+0000][1][safepoint    ] Application time: 0.0006586 seconds
[2022-06-13T01:30:11.195+0000][1][safepoint    ] Entering safepoint region: RevokeBias
[2022-06-13T01:30:11.195+0000][1][safepoint    ] Leaving safepoint region
[2022-06-13T01:30:11.195+0000][1][safepoint    ] Total time for which application threads were stopped: 0.0007048 seconds, Stopping threads took: 0.0003257 seconds
[2022-06-13T01:30:11.197+0000][1][safepoint    ] Application time: 0.0011509 seconds
[2022-06-13T01:30:11.197+0000][1][safepoint    ] Entering safepoint region: RevokeBias
[2022-06-13T01:30:11.198+0000][1][safepoint    ] Leaving safepoint region
[2022-06-13T01:30:11.198+0000][1][safepoint    ] Total time for which application threads were stopped: 0.0007521 seconds, Stopping threads took: 0.0002822 seconds
[2022-06-13T01:30:11.200+0000][1][safepoint    ] Application time: 0.0008935 seconds
[2022-06-13T01:30:11.200+0000][1][safepoint    ] Entering safepoint region: RevokeBias
[2022-06-13T01:30:11.201+0000][1][safepoint    ] Leaving safepoint region
[2022-06-13T01:30:11.201+0000][1][safepoint    ] Total time for which application threads were stopped: 0.0008908 seconds, Stopping threads took: 0.0004789 seconds
[2022-06-13T01:30:11.202+0000][1][safepoint    ] Application time: 0.0005791 seconds
[2022-06-13T01:30:11.202+0000][1][safepoint    ] Entering safepoint region: RevokeBias
[2022-06-13T01:30:11.203+0000][1][safepoint    ] Leaving safepoint region
[2022-06-13T01:30:11.203+0000][1][safepoint    ] Total time for which application threads were stopped: 0.0009398 seconds, Stopping threads took: 0.0005353 seconds
[2022-06-13T01:30:11.204+0000][1][safepoint    ] Application time: 0.0005082 seconds
[2022-06-13T01:30:11.205+0000][1][safepoint    ] Entering safepoint region: RevokeBias
[2022-06-13T01:30:11.205+0000][1][safepoint    ] Leaving safepoint region
[2022-06-13T01:30:11.206+0000][1][safepoint    ] Total time for which application threads were stopped: 0.0008096 seconds, Stopping threads took: 0.0002894 seconds
[2022-06-13T01:30:11.207+0000][1][safepoint    ] Application time: 0.0012430 seconds
[2022-06-13T01:30:11.208+0000][1][safepoint    ] Entering safepoint region: RevokeBias
[2022-06-13T01:30:11.208+0000][1][safepoint    ] Leaving safepoint region
[2022-06-13T01:30:11.208+0000][1][safepoint    ] Total time for which application threads were stopped: 0.0009211 seconds, Stopping threads took: 0.0006684 seconds
[2022-06-13T01:30:11.209+0000][1][safepoint    ] Application time: 0.0006574 seconds
[2022-06-13T01:30:11.210+0000][1][safepoint    ] Entering safepoint region: RevokeBias
[2022-06-13T01:30:11.210+0000][1][safepoint    ] Leaving safepoint region
[2022-06-13T01:30:11.210+0000][1][safepoint    ] Total time for which application threads were stopped: 0.0005335 seconds, Stopping threads took: 0.0002663 seconds
[2022-06-13T01:30:11.211+0000][1][safepoint    ] Application time: 0.0004141 seconds
[2022-06-13T01:30:11.211+0000][1][safepoint    ] Entering safepoint region: RevokeBias
[2022-06-13T01:30:11.211+0000][1][safepoint    ] Leaving safepoint region
[2022-06-13T01:30:11.212+0000][1][safepoint    ] Total time for which application threads were stopped: 0.0004527 seconds, Stopping threads took: 0.0002236 seconds
[2022-06-13T01:30:11.213+0000][1][safepoint    ] Application time: 0.0015005 seconds
[2022-06-13T01:30:11.214+0000][1][safepoint    ] Entering safepoint region: RevokeBias
[2022-06-13T01:30:11.214+0000][1][safepoint    ] Leaving safepoint region
[2022-06-13T01:30:11.215+0000][1][safepoint    ] Total time for which application threads were stopped: 0.0009285 seconds, Stopping threads took: 0.0004152 seconds
[2022-06-13T01:30:11.219+0000][1][safepoint    ] Application time: 0.0034293 seconds
[2022-06-13T01:30:11.219+0000][1][safepoint    ] Entering safepoint region: RevokeBias
[2022-06-13T01:30:11.220+0000][1][safepoint    ] Leaving safepoint region
[2022-06-13T01:30:11.220+0000][1][safepoint    ] Total time for which application threads were stopped: 0.0010591 seconds, Stopping threads took: 0.0003009 seconds
[2022-06-13T01:30:11.221+0000][1][safepoint    ] Application time: 0.0002116 seconds
[2022-06-13T01:30:11.221+0000][1][safepoint    ] Entering safepoint region: RevokeBias
[2022-06-13T01:30:11.222+0000][1][safepoint    ] Leaving safepoint region
[2022-06-13T01:30:11.223+0000][1][safepoint    ] Total time for which application threads were stopped: 0.0011893 seconds, Stopping threads took: 0.0004289 seconds
[2022-06-13T01:30:11.223+0000][1][safepoint    ] Application time: 0.0003062 seconds
[2022-06-13T01:30:11.224+0000][1][safepoint    ] Entering safepoint region: RevokeBias
[2022-06-13T01:30:11.224+0000][1][safepoint    ] Leaving safepoint region
[2022-06-13T01:30:11.225+0000][1][safepoint    ] Total time for which application threads were stopped: 0.0012017 seconds, Stopping threads took: 0.0006938 seconds
[2022-06-13T01:30:11.226+0000][1][safepoint    ] Application time: 0.0003494 seconds
[2022-06-13T01:30:11.226+0000][1][safepoint    ] Entering safepoint region: RevokeBias
[2022-06-13T01:30:11.226+0000][1][safepoint    ] Leaving safepoint region
[2022-06-13T01:30:11.227+0000][1][safepoint    ] Total time for which application threads were stopped: 0.0007325 seconds, Stopping threads took: 0.0003784 seconds
[2022-06-13T01:30:11.230+0000][1][gc,heap,exit ] Heap
[2022-06-13T01:30:11.231+0000][1][gc,heap,exit ]  par new generation   total 78656K, used 27318K [0x00000000f0000000, 0x00000000f5550000, 0x00000000f5550000)
[2022-06-13T01:30:11.231+0000][1][gc,heap,exit ]   eden space 69952K,  26% used [0x00000000f0000000, 0x00000000f122d9f0, 0x00000000f4450000)
[2022-06-13T01:30:11.231+0000][1][gc,heap,exit ]   from space 8704K, 100% used [0x00000000f4450000, 0x00000000f4cd0000, 0x00000000f4cd0000)
[2022-06-13T01:30:11.232+0000][1][gc,heap,exit ]   to   space 8704K,   0% used [0x00000000f4cd0000, 0x00000000f4cd0000, 0x00000000f5550000)
[2022-06-13T01:30:11.232+0000][1][gc,heap,exit ]  concurrent mark-sweep generation total 174784K, used 59808K [0x00000000f5550000, 0x0000000100000000, 0x0000000100000000)
[2022-06-13T01:30:11.232+0000][1][gc,heap,exit ]  Metaspace       used 63529K, capacity 68338K, committed 68724K, reserved 1107968K
[2022-06-13T01:30:11.233+0000][1][gc,heap,exit ]   class space    used 8626K, capacity 10654K, committed 10748K, reserved 1048576K
[2022-06-13T01:30:11.233+0000][1][safepoint    ] Application time: 0.0059059 seconds
[2022-06-13T01:30:11.233+0000][1][safepoint    ] Entering safepoint region: Halt
