[2022-06-13T03:04:12.818+0000][1][gc] Using Concurrent Mark Sweep
[2022-06-13T03:04:12.819+0000][1][gc,heap,coops] Heap address: 0x00000000f0000000, size: 256 MB, Compressed Oops mode: 32-bit
[2022-06-13T03:04:12.848+0000][1][safepoint    ] Entering safepoint region: EnableBiasedLocking
[2022-06-13T03:04:12.849+0000][1][safepoint    ] Leaving safepoint region
[2022-06-13T03:04:12.849+0000][1][safepoint    ] Total time for which application threads were stopped: 0.0011334 seconds, Stopping threads took: 0.0006793 seconds
[2022-06-13T03:04:12.852+0000][1][safepoint    ] Application time: 0.0019830 seconds
[2022-06-13T03:04:12.853+0000][1][safepoint    ] Entering safepoint region: RevokeBias
[2022-06-13T03:04:12.888+0000][1][safepoint    ] Leaving safepoint region
[2022-06-13T03:04:12.888+0000][1][safepoint    ] Total time for which application threads were stopped: 0.0358278 seconds, Stopping threads took: 0.0352992 seconds
[2022-06-13T03:04:12.895+0000][1][safepoint    ] Application time: 0.0063252 seconds
[2022-06-13T03:04:12.895+0000][1][safepoint    ] Entering safepoint region: Deoptimize
[2022-06-13T03:04:12.896+0000][1][safepoint    ] Leaving safepoint region
[2022-06-13T03:04:12.896+0000][1][safepoint    ] Total time for which application threads were stopped: 0.0007932 seconds, Stopping threads took: 0.0003837 seconds
[2022-06-13T03:04:12.944+0000][1][safepoint    ] Application time: 0.0471011 seconds
[2022-06-13T03:04:12.944+0000][1][safepoint    ] Entering safepoint region: RevokeBias
[2022-06-13T03:04:12.945+0000][1][safepoint    ] Leaving safepoint region
[2022-06-13T03:04:12.945+0000][1][safepoint    ] Total time for which application threads were stopped: 0.0007945 seconds, Stopping threads took: 0.0004079 seconds
[2022-06-13T03:04:12.961+0000][1][safepoint    ] Application time: 0.0157279 seconds
[2022-06-13T03:04:12.962+0000][1][safepoint    ] Entering safepoint region: Deoptimize
[2022-06-13T03:04:12.962+0000][1][safepoint    ] Leaving safepoint region
[2022-06-13T03:04:12.963+0000][1][safepoint    ] Total time for which application threads were stopped: 0.0009980 seconds, Stopping threads took: 0.0004964 seconds
[2022-06-13T03:04:13.122+0000][1][safepoint    ] Application time: 0.1594499 seconds
[2022-06-13T03:04:13.123+0000][1][safepoint    ] Entering safepoint region: Deoptimize
[2022-06-13T03:04:13.123+0000][1][safepoint    ] Leaving safepoint region
[2022-06-13T03:04:13.124+0000][1][safepoint    ] Total time for which application threads were stopped: 0.0008969 seconds, Stopping threads took: 0.0003876 seconds
[2022-06-13T03:04:13.138+0000][1][safepoint    ] Application time: 0.0143605 seconds
[2022-06-13T03:04:13.139+0000][1][safepoint    ] Entering safepoint region: Deoptimize
[2022-06-13T03:04:13.139+0000][1][safepoint    ] Leaving safepoint region
[2022-06-13T03:04:13.140+0000][1][safepoint    ] Total time for which application threads were stopped: 0.0007806 seconds, Stopping threads took: 0.0002527 seconds
[2022-06-13T03:04:13.155+0000][1][safepoint    ] Application time: 0.0150200 seconds
[2022-06-13T03:04:13.155+0000][1][safepoint    ] Entering safepoint region: Deoptimize
[2022-06-13T03:04:13.156+0000][1][safepoint    ] Leaving safepoint region
[2022-06-13T03:04:13.156+0000][1][safepoint    ] Total time for which application threads were stopped: 0.0007486 seconds, Stopping threads took: 0.0003240 seconds
[2022-06-13T03:04:13.163+0000][1][safepoint    ] Application time: 0.0067645 seconds
[2022-06-13T03:04:13.163+0000][1][safepoint    ] Entering safepoint region: Deoptimize
[2022-06-13T03:04:13.164+0000][1][safepoint    ] Leaving safepoint region
[2022-06-13T03:04:13.164+0000][1][safepoint    ] Total time for which application threads were stopped: 0.0007152 seconds, Stopping threads took: 0.0002805 seconds
[2022-06-13T03:04:13.363+0000][1][safepoint    ] Application time: 0.1986217 seconds
[2022-06-13T03:04:13.364+0000][1][safepoint    ] Entering safepoint region: Deoptimize
[2022-06-13T03:04:13.364+0000][1][safepoint    ] Leaving safepoint region
[2022-06-13T03:04:13.365+0000][1][safepoint    ] Total time for which application threads were stopped: 0.0011389 seconds, Stopping threads took: 0.0004347 seconds
[2022-06-13T03:04:13.508+0000][1][safepoint    ] Application time: 0.1432753 seconds
[2022-06-13T03:04:13.509+0000][1][safepoint    ] Entering safepoint region: RevokeBias
[2022-06-13T03:04:13.510+0000][1][safepoint    ] Leaving safepoint region
[2022-06-13T03:04:13.510+0000][1][safepoint    ] Total time for which application threads were stopped: 0.0010908 seconds, Stopping threads took: 0.0005270 seconds
[2022-06-13T03:04:13.572+0000][1][safepoint    ] Application time: 0.0611169 seconds
[2022-06-13T03:04:13.573+0000][1][safepoint    ] Entering safepoint region: Deoptimize
[2022-06-13T03:04:13.573+0000][1][safepoint    ] Leaving safepoint region
[2022-06-13T03:04:13.574+0000][1][safepoint    ] Total time for which application threads were stopped: 0.0011253 seconds, Stopping threads took: 0.0005201 seconds
[2022-06-13T03:04:13.632+0000][1][safepoint    ] Application time: 0.0579616 seconds
[2022-06-13T03:04:13.633+0000][1][safepoint    ] Entering safepoint region: Deoptimize
[2022-06-13T03:04:13.633+0000][1][safepoint    ] Leaving safepoint region
[2022-06-13T03:04:13.634+0000][1][safepoint    ] Total time for which application threads were stopped: 0.0008941 seconds, Stopping threads took: 0.0003988 seconds
[2022-06-13T03:04:13.634+0000][1][safepoint    ] Application time: 0.0002493 seconds
[2022-06-13T03:04:13.635+0000][1][safepoint    ] Entering safepoint region: Deoptimize
[2022-06-13T03:04:13.635+0000][1][safepoint    ] Leaving safepoint region
[2022-06-13T03:04:13.635+0000][1][safepoint    ] Total time for which application threads were stopped: 0.0008517 seconds, Stopping threads took: 0.0003458 seconds
[2022-06-13T03:04:13.648+0000][1][safepoint    ] Application time: 0.0123443 seconds
[2022-06-13T03:04:13.648+0000][1][safepoint    ] Entering safepoint region: Deoptimize
[2022-06-13T03:04:13.649+0000][1][safepoint    ] Leaving safepoint region
[2022-06-13T03:04:13.649+0000][1][safepoint    ] Total time for which application threads were stopped: 0.0007110 seconds, Stopping threads took: 0.0002222 seconds
[2022-06-13T03:04:13.655+0000][1][safepoint    ] Application time: 0.0055775 seconds
[2022-06-13T03:04:13.655+0000][1][safepoint    ] Entering safepoint region: Deoptimize
[2022-06-13T03:04:13.656+0000][1][safepoint    ] Leaving safepoint region
[2022-06-13T03:04:13.656+0000][1][safepoint    ] Total time for which application threads were stopped: 0.0009105 seconds, Stopping threads took: 0.0003637 seconds
[2022-06-13T03:04:13.660+0000][1][safepoint    ] Application time: 0.0040008 seconds
[2022-06-13T03:04:13.661+0000][1][safepoint    ] Entering safepoint region: RevokeBias
[2022-06-13T03:04:13.661+0000][1][safepoint    ] Leaving safepoint region
[2022-06-13T03:04:13.662+0000][1][safepoint    ] Total time for which application threads were stopped: 0.0009627 seconds, Stopping threads took: 0.0004357 seconds
[2022-06-13T03:04:13.662+0000][1][safepoint    ] Application time: 0.0001525 seconds
[2022-06-13T03:04:13.662+0000][1][safepoint    ] Entering safepoint region: RevokeBias
[2022-06-13T03:04:13.663+0000][1][safepoint    ] Leaving safepoint region
[2022-06-13T03:04:13.663+0000][1][safepoint    ] Total time for which application threads were stopped: 0.0007488 seconds, Stopping threads took: 0.0003856 seconds
[2022-06-13T03:04:13.663+0000][1][safepoint    ] Application time: 0.0002869 seconds
[2022-06-13T03:04:13.664+0000][1][safepoint    ] Entering safepoint region: RevokeBias
[2022-06-13T03:04:13.664+0000][1][safepoint    ] Leaving safepoint region
[2022-06-13T03:04:13.664+0000][1][safepoint    ] Total time for which application threads were stopped: 0.0004356 seconds, Stopping threads took: 0.0002063 seconds
[2022-06-13T03:04:13.664+0000][1][safepoint    ] Application time: 0.0001500 seconds
[2022-06-13T03:04:13.665+0000][1][safepoint    ] Entering safepoint region: RevokeBias
[2022-06-13T03:04:13.665+0000][1][safepoint    ] Leaving safepoint region
[2022-06-13T03:04:13.665+0000][1][safepoint    ] Total time for which application threads were stopped: 0.0006706 seconds, Stopping threads took: 0.0002967 seconds
[2022-06-13T03:04:13.669+0000][1][safepoint    ] Application time: 0.0033038 seconds
[2022-06-13T03:04:13.669+0000][1][safepoint    ] Entering safepoint region: Deoptimize
[2022-06-13T03:04:13.670+0000][1][safepoint    ] Leaving safepoint region
[2022-06-13T03:04:13.670+0000][1][safepoint    ] Total time for which application threads were stopped: 0.0009327 seconds, Stopping threads took: 0.0004755 seconds
[2022-06-13T03:04:13.712+0000][1][safepoint    ] Application time: 0.0411870 seconds
[2022-06-13T03:04:13.712+0000][1][safepoint    ] Entering safepoint region: GenCollectForAllocation
[2022-06-13T03:04:13.713+0000][1][gc,start     ] GC(0) Pause Young (Allocation Failure)
[2022-06-13T03:04:13.713+0000][1][gc,task      ] GC(0) Using 5 workers of 13 for evacuation
[2022-06-13T03:04:13.718+0000][1][gc,age       ] GC(0) Desired survivor size 4456448 bytes, new threshold 1 (max threshold 6)
[2022-06-13T03:04:13.718+0000][1][gc,age       ] GC(0) Age table with threshold 1 (max threshold 6)
[2022-06-13T03:04:13.718+0000][1][gc,age       ] GC(0) - age   1:    8141568 bytes,    8141568 total
[2022-06-13T03:04:13.719+0000][1][gc,heap      ] GC(0) ParNew: 69952K->8060K(78656K)
[2022-06-13T03:04:13.719+0000][1][gc,heap      ] GC(0) CMS: 0K->0K(174784K)
[2022-06-13T03:04:13.720+0000][1][gc,metaspace ] GC(0) Metaspace: 12256K->12256K(1060864K)
[2022-06-13T03:04:13.720+0000][1][gc           ] GC(0) Pause Young (Allocation Failure) 68M->7M(247M) 7.345ms
[2022-06-13T03:04:13.720+0000][1][gc,cpu       ] GC(0) User=0.04s Sys=0.00s Real=0.01s
[2022-06-13T03:04:13.720+0000][1][safepoint    ] Leaving safepoint region
[2022-06-13T03:04:13.721+0000][1][safepoint    ] Total time for which application threads were stopped: 0.0086541 seconds, Stopping threads took: 0.0003539 seconds
[2022-06-13T03:04:13.721+0000][1][safepoint    ] Application time: 0.0002986 seconds
[2022-06-13T03:04:13.722+0000][1][safepoint    ] Entering safepoint region: RevokeBias
[2022-06-13T03:04:13.722+0000][1][safepoint    ] Leaving safepoint region
[2022-06-13T03:04:13.722+0000][1][safepoint    ] Total time for which application threads were stopped: 0.0006398 seconds, Stopping threads took: 0.0004064 seconds
[2022-06-13T03:04:13.723+0000][1][safepoint    ] Application time: 0.0002138 seconds
[2022-06-13T03:04:13.723+0000][1][safepoint    ] Entering safepoint region: RevokeBias
[2022-06-13T03:04:13.723+0000][1][safepoint    ] Leaving safepoint region
[2022-06-13T03:04:13.723+0000][1][safepoint    ] Total time for which application threads were stopped: 0.0002696 seconds, Stopping threads took: 0.0001613 seconds
[2022-06-13T03:04:13.723+0000][1][safepoint    ] Application time: 0.0000656 seconds
[2022-06-13T03:04:13.723+0000][1][safepoint    ] Entering safepoint region: RevokeBias
[2022-06-13T03:04:13.723+0000][1][safepoint    ] Leaving safepoint region
[2022-06-13T03:04:13.723+0000][1][safepoint    ] Total time for which application threads were stopped: 0.0002120 seconds, Stopping threads took: 0.0001147 seconds
[2022-06-13T03:04:13.724+0000][1][safepoint    ] Application time: 0.0001369 seconds
[2022-06-13T03:04:13.724+0000][1][safepoint    ] Entering safepoint region: RevokeBias
[2022-06-13T03:04:13.724+0000][1][safepoint    ] Leaving safepoint region
[2022-06-13T03:04:13.725+0000][1][safepoint    ] Total time for which application threads were stopped: 0.0007427 seconds, Stopping threads took: 0.0003190 seconds
[2022-06-13T03:04:13.725+0000][1][safepoint    ] Application time: 0.0002838 seconds
[2022-06-13T03:04:13.726+0000][1][safepoint    ] Entering safepoint region: RevokeBias
[2022-06-13T03:04:13.726+0000][1][safepoint    ] Leaving safepoint region
[2022-06-13T03:04:13.726+0000][1][safepoint    ] Total time for which application threads were stopped: 0.0005575 seconds, Stopping threads took: 0.0002284 seconds
[2022-06-13T03:04:13.727+0000][1][safepoint    ] Application time: 0.0001449 seconds
[2022-06-13T03:04:13.727+0000][1][safepoint    ] Entering safepoint region: RevokeBias
[2022-06-13T03:04:13.727+0000][1][safepoint    ] Leaving safepoint region
[2022-06-13T03:04:13.728+0000][1][safepoint    ] Total time for which application threads were stopped: 0.0007284 seconds, Stopping threads took: 0.0004141 seconds
[2022-06-13T03:04:13.728+0000][1][safepoint    ] Application time: 0.0000801 seconds
[2022-06-13T03:04:13.728+0000][1][safepoint    ] Entering safepoint region: RevokeBias
[2022-06-13T03:04:13.728+0000][1][safepoint    ] Leaving safepoint region
[2022-06-13T03:04:13.729+0000][1][safepoint    ] Total time for which application threads were stopped: 0.0004348 seconds, Stopping threads took: 0.0002126 seconds
[2022-06-13T03:04:13.729+0000][1][safepoint    ] Application time: 0.0000757 seconds
[2022-06-13T03:04:13.729+0000][1][safepoint    ] Entering safepoint region: RevokeBias
[2022-06-13T03:04:13.729+0000][1][safepoint    ] Leaving safepoint region
[2022-06-13T03:04:13.729+0000][1][safepoint    ] Total time for which application threads were stopped: 0.0004743 seconds, Stopping threads took: 0.0001002 seconds
[2022-06-13T03:04:13.730+0000][1][safepoint    ] Application time: 0.0000661 seconds
[2022-06-13T03:04:13.730+0000][1][safepoint    ] Entering safepoint region: RevokeBias
[2022-06-13T03:04:13.730+0000][1][safepoint    ] Leaving safepoint region
[2022-06-13T03:04:13.730+0000][1][safepoint    ] Total time for which application threads were stopped: 0.0002053 seconds, Stopping threads took: 0.0001066 seconds
[2022-06-13T03:04:13.730+0000][1][safepoint    ] Application time: 0.0000618 seconds
[2022-06-13T03:04:13.730+0000][1][safepoint    ] Entering safepoint region: RevokeBias
[2022-06-13T03:04:13.730+0000][1][safepoint    ] Leaving safepoint region
[2022-06-13T03:04:13.731+0000][1][safepoint    ] Total time for which application threads were stopped: 0.0002333 seconds, Stopping threads took: 0.0001368 seconds
[2022-06-13T03:04:13.731+0000][1][safepoint    ] Application time: 0.0001812 seconds
[2022-06-13T03:04:13.731+0000][1][safepoint    ] Entering safepoint region: RevokeBias
[2022-06-13T03:04:13.731+0000][1][safepoint    ] Leaving safepoint region
[2022-06-13T03:04:13.731+0000][1][safepoint    ] Total time for which application threads were stopped: 0.0002790 seconds, Stopping threads took: 0.0001600 seconds
[2022-06-13T03:04:13.731+0000][1][safepoint    ] Application time: 0.0000646 seconds
[2022-06-13T03:04:13.731+0000][1][safepoint    ] Entering safepoint region: RevokeBias
[2022-06-13T03:04:13.732+0000][1][safepoint    ] Leaving safepoint region
[2022-06-13T03:04:13.732+0000][1][safepoint    ] Total time for which application threads were stopped: 0.0002184 seconds, Stopping threads took: 0.0001123 seconds
[2022-06-13T03:04:13.732+0000][1][safepoint    ] Application time: 0.0000693 seconds
[2022-06-13T03:04:13.732+0000][1][safepoint    ] Entering safepoint region: RevokeBias
[2022-06-13T03:04:13.732+0000][1][safepoint    ] Leaving safepoint region
[2022-06-13T03:04:13.732+0000][1][safepoint    ] Total time for which application threads were stopped: 0.0003007 seconds, Stopping threads took: 0.0001534 seconds
[2022-06-13T03:04:13.732+0000][1][safepoint    ] Application time: 0.0000661 seconds
[2022-06-13T03:04:13.733+0000][1][safepoint    ] Entering safepoint region: RevokeBias
[2022-06-13T03:04:13.733+0000][1][safepoint    ] Leaving safepoint region
[2022-06-13T03:04:13.733+0000][1][safepoint    ] Total time for which application threads were stopped: 0.0002575 seconds, Stopping threads took: 0.0001326 seconds
[2022-06-13T03:04:13.733+0000][1][safepoint    ] Application time: 0.0000783 seconds
[2022-06-13T03:04:13.733+0000][1][safepoint    ] Entering safepoint region: RevokeBias
[2022-06-13T03:04:13.733+0000][1][safepoint    ] Leaving safepoint region
[2022-06-13T03:04:13.733+0000][1][safepoint    ] Total time for which application threads were stopped: 0.0002546 seconds, Stopping threads took: 0.0001322 seconds
[2022-06-13T03:04:13.733+0000][1][safepoint    ] Application time: 0.0000633 seconds
[2022-06-13T03:04:13.734+0000][1][safepoint    ] Entering safepoint region: RevokeBias
[2022-06-13T03:04:13.734+0000][1][safepoint    ] Leaving safepoint region
[2022-06-13T03:04:13.734+0000][1][safepoint    ] Total time for which application threads were stopped: 0.0002210 seconds, Stopping threads took: 0.0001227 seconds
[2022-06-13T03:04:13.734+0000][1][safepoint    ] Application time: 0.0000772 seconds
[2022-06-13T03:04:13.734+0000][1][safepoint    ] Entering safepoint region: RevokeBias
[2022-06-13T03:04:13.734+0000][1][safepoint    ] Leaving safepoint region
[2022-06-13T03:04:13.734+0000][1][safepoint    ] Total time for which application threads were stopped: 0.0002279 seconds, Stopping threads took: 0.0001185 seconds
[2022-06-13T03:04:13.734+0000][1][safepoint    ] Application time: 0.0000630 seconds
[2022-06-13T03:04:13.735+0000][1][safepoint    ] Entering safepoint region: RevokeBias
[2022-06-13T03:04:13.735+0000][1][safepoint    ] Leaving safepoint region
[2022-06-13T03:04:13.735+0000][1][safepoint    ] Total time for which application threads were stopped: 0.0002592 seconds, Stopping threads took: 0.0001428 seconds
[2022-06-13T03:04:13.735+0000][1][safepoint    ] Application time: 0.0000747 seconds
[2022-06-13T03:04:13.735+0000][1][safepoint    ] Entering safepoint region: RevokeBias
[2022-06-13T03:04:13.735+0000][1][safepoint    ] Leaving safepoint region
[2022-06-13T03:04:13.735+0000][1][safepoint    ] Total time for which application threads were stopped: 0.0002213 seconds, Stopping threads took: 0.0001132 seconds
[2022-06-13T03:04:13.735+0000][1][safepoint    ] Application time: 0.0000839 seconds
[2022-06-13T03:04:13.736+0000][1][safepoint    ] Entering safepoint region: RevokeBias
[2022-06-13T03:04:13.736+0000][1][safepoint    ] Leaving safepoint region
[2022-06-13T03:04:13.736+0000][1][safepoint    ] Total time for which application threads were stopped: 0.0004193 seconds, Stopping threads took: 0.0002273 seconds
[2022-06-13T03:04:13.736+0000][1][safepoint    ] Application time: 0.0003075 seconds
[2022-06-13T03:04:13.737+0000][1][safepoint    ] Entering safepoint region: RevokeBias
[2022-06-13T03:04:13.737+0000][1][safepoint    ] Leaving safepoint region
[2022-06-13T03:04:13.737+0000][1][safepoint    ] Total time for which application threads were stopped: 0.0002959 seconds, Stopping threads took: 0.0001489 seconds
[2022-06-13T03:04:13.737+0000][1][safepoint    ] Application time: 0.0000761 seconds
[2022-06-13T03:04:13.737+0000][1][safepoint    ] Entering safepoint region: RevokeBias
[2022-06-13T03:04:13.737+0000][1][safepoint    ] Leaving safepoint region
[2022-06-13T03:04:13.737+0000][1][safepoint    ] Total time for which application threads were stopped: 0.0002144 seconds, Stopping threads took: 0.0001117 seconds
[2022-06-13T03:04:13.738+0000][1][safepoint    ] Application time: 0.0000718 seconds
[2022-06-13T03:04:13.738+0000][1][safepoint    ] Entering safepoint region: RevokeBias
[2022-06-13T03:04:13.738+0000][1][safepoint    ] Leaving safepoint region
[2022-06-13T03:04:13.738+0000][1][safepoint    ] Total time for which application threads were stopped: 0.0002274 seconds, Stopping threads took: 0.0001145 seconds
[2022-06-13T03:04:13.738+0000][1][safepoint    ] Application time: 0.0000626 seconds
[2022-06-13T03:04:13.738+0000][1][safepoint    ] Entering safepoint region: RevokeBias
[2022-06-13T03:04:13.738+0000][1][safepoint    ] Leaving safepoint region
[2022-06-13T03:04:13.738+0000][1][safepoint    ] Total time for which application threads were stopped: 0.0002672 seconds, Stopping threads took: 0.0001428 seconds
[2022-06-13T03:04:13.739+0000][1][safepoint    ] Application time: 0.0000828 seconds
[2022-06-13T03:04:13.739+0000][1][safepoint    ] Entering safepoint region: RevokeBias
[2022-06-13T03:04:13.739+0000][1][safepoint    ] Leaving safepoint region
[2022-06-13T03:04:13.739+0000][1][safepoint    ] Total time for which application threads were stopped: 0.0002483 seconds, Stopping threads took: 0.0001035 seconds
[2022-06-13T03:04:13.739+0000][1][safepoint    ] Application time: 0.0000674 seconds
[2022-06-13T03:04:13.739+0000][1][safepoint    ] Entering safepoint region: RevokeBias
[2022-06-13T03:04:13.739+0000][1][safepoint    ] Leaving safepoint region
[2022-06-13T03:04:13.740+0000][1][safepoint    ] Total time for which application threads were stopped: 0.0002616 seconds, Stopping threads took: 0.0001513 seconds
[2022-06-13T03:04:13.866+0000][1][safepoint    ] Application time: 0.1261341 seconds
[2022-06-13T03:04:13.866+0000][1][safepoint    ] Entering safepoint region: Deoptimize
[2022-06-13T03:04:13.867+0000][1][safepoint    ] Leaving safepoint region
[2022-06-13T03:04:13.867+0000][1][safepoint    ] Total time for which application threads were stopped: 0.0009921 seconds, Stopping threads took: 0.0003773 seconds
[2022-06-13T03:04:14.020+0000][1][safepoint    ] Application time: 0.1528733 seconds
[2022-06-13T03:04:14.021+0000][1][safepoint    ] Entering safepoint region: RevokeBias
[2022-06-13T03:04:14.021+0000][1][safepoint    ] Leaving safepoint region
[2022-06-13T03:04:14.021+0000][1][safepoint    ] Total time for which application threads were stopped: 0.0006669 seconds, Stopping threads took: 0.0003112 seconds
[2022-06-13T03:04:14.068+0000][1][safepoint    ] Application time: 0.0463051 seconds
[2022-06-13T03:04:14.068+0000][1][safepoint    ] Entering safepoint region: RevokeBias
[2022-06-13T03:04:14.069+0000][1][safepoint    ] Leaving safepoint region
[2022-06-13T03:04:14.069+0000][1][safepoint    ] Total time for which application threads were stopped: 0.0009039 seconds, Stopping threads took: 0.0004430 seconds
[2022-06-13T03:04:14.072+0000][1][safepoint    ] Application time: 0.0021943 seconds
[2022-06-13T03:04:14.072+0000][1][safepoint    ] Entering safepoint region: RevokeBias
[2022-06-13T03:04:14.073+0000][1][safepoint    ] Leaving safepoint region
[2022-06-13T03:04:14.073+0000][1][safepoint    ] Total time for which application threads were stopped: 0.0007764 seconds, Stopping threads took: 0.0003467 seconds
[2022-06-13T03:04:14.085+0000][1][safepoint    ] Application time: 0.0117040 seconds
[2022-06-13T03:04:14.086+0000][1][safepoint    ] Entering safepoint region: GenCollectForAllocation
[2022-06-13T03:04:14.086+0000][1][gc,start     ] GC(1) Pause Young (Allocation Failure)
[2022-06-13T03:04:14.087+0000][1][gc,task      ] GC(1) Using 5 workers of 13 for evacuation
[2022-06-13T03:04:14.099+0000][1][gc,age       ] GC(1) Desired survivor size 4456448 bytes, new threshold 6 (max threshold 6)
[2022-06-13T03:04:14.100+0000][1][gc,age       ] GC(1) Age table with threshold 6 (max threshold 6)
[2022-06-13T03:04:14.100+0000][1][gc,age       ] GC(1) - age   1:    1992624 bytes,    1992624 total
[2022-06-13T03:04:14.100+0000][1][gc,heap      ] GC(1) ParNew: 78012K->6453K(78656K)
[2022-06-13T03:04:14.101+0000][1][gc,heap      ] GC(1) CMS: 0K->6667K(174784K)
[2022-06-13T03:04:14.101+0000][1][gc,metaspace ] GC(1) Metaspace: 14890K->14890K(1062912K)
[2022-06-13T03:04:14.102+0000][1][gc           ] GC(1) Pause Young (Allocation Failure) 76M->12M(247M) 15.336ms
[2022-06-13T03:04:14.102+0000][1][gc,cpu       ] GC(1) User=0.04s Sys=0.01s Real=0.02s
[2022-06-13T03:04:14.103+0000][1][safepoint    ] Leaving safepoint region
[2022-06-13T03:04:14.103+0000][1][safepoint    ] Total time for which application threads were stopped: 0.0173083 seconds, Stopping threads took: 0.0005066 seconds
[2022-06-13T03:04:14.104+0000][1][safepoint    ] Application time: 0.0005403 seconds
[2022-06-13T03:04:14.105+0000][1][safepoint    ] Entering safepoint region: BulkRevokeBias
[2022-06-13T03:04:14.105+0000][1][safepoint    ] Leaving safepoint region
[2022-06-13T03:04:14.105+0000][1][safepoint    ] Total time for which application threads were stopped: 0.0007929 seconds, Stopping threads took: 0.0003221 seconds
[2022-06-13T03:04:14.106+0000][1][safepoint    ] Application time: 0.0003774 seconds
[2022-06-13T03:04:14.106+0000][1][safepoint    ] Entering safepoint region: RevokeBias
[2022-06-13T03:04:14.107+0000][1][safepoint    ] Leaving safepoint region
[2022-06-13T03:04:14.107+0000][1][safepoint    ] Total time for which application threads were stopped: 0.0009001 seconds, Stopping threads took: 0.0003793 seconds
[2022-06-13T03:04:14.108+0000][1][safepoint    ] Application time: 0.0002967 seconds
[2022-06-13T03:04:14.108+0000][1][safepoint    ] Entering safepoint region: RevokeBias
[2022-06-13T03:04:14.109+0000][1][safepoint    ] Leaving safepoint region
[2022-06-13T03:04:14.109+0000][1][safepoint    ] Total time for which application threads were stopped: 0.0006601 seconds, Stopping threads took: 0.0002985 seconds
[2022-06-13T03:04:14.110+0000][1][safepoint    ] Application time: 0.0003178 seconds
[2022-06-13T03:04:14.111+0000][1][safepoint    ] Entering safepoint region: RevokeBias
[2022-06-13T03:04:14.111+0000][1][safepoint    ] Leaving safepoint region
[2022-06-13T03:04:14.111+0000][1][safepoint    ] Total time for which application threads were stopped: 0.0010872 seconds, Stopping threads took: 0.0006302 seconds
[2022-06-13T03:04:14.112+0000][1][safepoint    ] Application time: 0.0002417 seconds
[2022-06-13T03:04:14.112+0000][1][safepoint    ] Entering safepoint region: RevokeBias
[2022-06-13T03:04:14.113+0000][1][safepoint    ] Leaving safepoint region
[2022-06-13T03:04:14.113+0000][1][safepoint    ] Total time for which application threads were stopped: 0.0008125 seconds, Stopping threads took: 0.0003975 seconds
[2022-06-13T03:04:14.114+0000][1][safepoint    ] Application time: 0.0002175 seconds
[2022-06-13T03:04:14.114+0000][1][safepoint    ] Entering safepoint region: RevokeBias
[2022-06-13T03:04:14.115+0000][1][safepoint    ] Leaving safepoint region
[2022-06-13T03:04:14.115+0000][1][safepoint    ] Total time for which application threads were stopped: 0.0007581 seconds, Stopping threads took: 0.0004166 seconds
[2022-06-13T03:04:14.116+0000][1][safepoint    ] Application time: 0.0002880 seconds
[2022-06-13T03:04:14.116+0000][1][safepoint    ] Entering safepoint region: RevokeBias
[2022-06-13T03:04:14.116+0000][1][safepoint    ] Leaving safepoint region
[2022-06-13T03:04:14.116+0000][1][safepoint    ] Total time for which application threads were stopped: 0.0006470 seconds, Stopping threads took: 0.0003152 seconds
[2022-06-13T03:04:14.117+0000][1][safepoint    ] Application time: 0.0002831 seconds
[2022-06-13T03:04:14.118+0000][1][safepoint    ] Entering safepoint region: RevokeBias
[2022-06-13T03:04:14.118+0000][1][safepoint    ] Leaving safepoint region
[2022-06-13T03:04:14.118+0000][1][safepoint    ] Total time for which application threads were stopped: 0.0005392 seconds, Stopping threads took: 0.0002871 seconds
[2022-06-13T03:04:14.119+0000][1][safepoint    ] Application time: 0.0002148 seconds
[2022-06-13T03:04:14.119+0000][1][safepoint    ] Entering safepoint region: RevokeBias
[2022-06-13T03:04:14.120+0000][1][safepoint    ] Leaving safepoint region
[2022-06-13T03:04:14.120+0000][1][safepoint    ] Total time for which application threads were stopped: 0.0006501 seconds, Stopping threads took: 0.0003784 seconds
[2022-06-13T03:04:14.120+0000][1][safepoint    ] Application time: 0.0002506 seconds
[2022-06-13T03:04:14.121+0000][1][safepoint    ] Entering safepoint region: RevokeBias
[2022-06-13T03:04:14.121+0000][1][safepoint    ] Leaving safepoint region
[2022-06-13T03:04:14.122+0000][1][safepoint    ] Total time for which application threads were stopped: 0.0007559 seconds, Stopping threads took: 0.0003269 seconds
[2022-06-13T03:04:14.122+0000][1][safepoint    ] Application time: 0.0002893 seconds
[2022-06-13T03:04:14.123+0000][1][safepoint    ] Entering safepoint region: BulkRevokeBias
[2022-06-13T03:04:14.123+0000][1][safepoint    ] Leaving safepoint region
[2022-06-13T03:04:14.123+0000][1][safepoint    ] Total time for which application threads were stopped: 0.0006501 seconds, Stopping threads took: 0.0003702 seconds
[2022-06-13T03:04:14.124+0000][1][safepoint    ] Application time: 0.0002169 seconds
[2022-06-13T03:04:14.124+0000][1][safepoint    ] Entering safepoint region: RevokeBias
[2022-06-13T03:04:14.124+0000][1][safepoint    ] Leaving safepoint region
[2022-06-13T03:04:14.125+0000][1][safepoint    ] Total time for which application threads were stopped: 0.0006052 seconds, Stopping threads took: 0.0002931 seconds
[2022-06-13T03:04:14.125+0000][1][safepoint    ] Application time: 0.0002667 seconds
[2022-06-13T03:04:14.125+0000][1][safepoint    ] Entering safepoint region: BulkRevokeBias
[2022-06-13T03:04:14.126+0000][1][safepoint    ] Leaving safepoint region
[2022-06-13T03:04:14.126+0000][1][safepoint    ] Total time for which application threads were stopped: 0.0006127 seconds, Stopping threads took: 0.0003728 seconds
[2022-06-13T03:04:14.190+0000][1][safepoint    ] Application time: 0.0640455 seconds
[2022-06-13T03:04:14.191+0000][1][safepoint    ] Entering safepoint region: GenCollectForAllocation
[2022-06-13T03:04:14.191+0000][1][gc,start     ] GC(2) Pause Young (Allocation Failure)
[2022-06-13T03:04:14.192+0000][1][gc,task      ] GC(2) Using 5 workers of 13 for evacuation
[2022-06-13T03:04:14.195+0000][1][gc,age       ] GC(2) Desired survivor size 4456448 bytes, new threshold 6 (max threshold 6)
[2022-06-13T03:04:14.195+0000][1][gc,age       ] GC(2) Age table with threshold 6 (max threshold 6)
[2022-06-13T03:04:14.196+0000][1][gc,age       ] GC(2) - age   1:    2562864 bytes,    2562864 total
[2022-06-13T03:04:14.196+0000][1][gc,age       ] GC(2) - age   2:    1185400 bytes,    3748264 total
[2022-06-13T03:04:14.196+0000][1][gc,heap      ] GC(2) ParNew: 76405K->4760K(78656K)
[2022-06-13T03:04:14.197+0000][1][gc,heap      ] GC(2) CMS: 6667K->6667K(174784K)
[2022-06-13T03:04:14.197+0000][1][gc,metaspace ] GC(2) Metaspace: 15027K->15027K(1062912K)
[2022-06-13T03:04:14.197+0000][1][gc           ] GC(2) Pause Young (Allocation Failure) 81M->11M(247M) 5.636ms
[2022-06-13T03:04:14.197+0000][1][gc,cpu       ] GC(2) User=0.02s Sys=0.00s Real=0.00s
[2022-06-13T03:04:14.198+0000][1][safepoint    ] Leaving safepoint region
[2022-06-13T03:04:14.198+0000][1][safepoint    ] Total time for which application threads were stopped: 0.0072266 seconds, Stopping threads took: 0.0004450 seconds
[2022-06-13T03:04:14.199+0000][1][safepoint    ] Application time: 0.0003993 seconds
[2022-06-13T03:04:14.199+0000][1][safepoint    ] Entering safepoint region: RevokeBias
[2022-06-13T03:04:14.200+0000][1][safepoint    ] Leaving safepoint region
[2022-06-13T03:04:14.200+0000][1][safepoint    ] Total time for which application threads were stopped: 0.0007301 seconds, Stopping threads took: 0.0003971 seconds
[2022-06-13T03:04:14.201+0000][1][safepoint    ] Application time: 0.0003395 seconds
[2022-06-13T03:04:14.201+0000][1][safepoint    ] Entering safepoint region: RevokeBias
[2022-06-13T03:04:14.201+0000][1][safepoint    ] Leaving safepoint region
[2022-06-13T03:04:14.202+0000][1][safepoint    ] Total time for which application threads were stopped: 0.0009335 seconds, Stopping threads took: 0.0005229 seconds
[2022-06-13T03:04:14.202+0000][1][safepoint    ] Application time: 0.0002014 seconds
[2022-06-13T03:04:14.203+0000][1][safepoint    ] Entering safepoint region: RevokeBias
[2022-06-13T03:04:14.203+0000][1][safepoint    ] Leaving safepoint region
[2022-06-13T03:04:14.204+0000][1][safepoint    ] Total time for which application threads were stopped: 0.0008962 seconds, Stopping threads took: 0.0004002 seconds
[2022-06-13T03:04:14.205+0000][1][safepoint    ] Application time: 0.0002520 seconds
[2022-06-13T03:04:14.205+0000][1][safepoint    ] Entering safepoint region: RevokeBias
[2022-06-13T03:04:14.205+0000][1][safepoint    ] Leaving safepoint region
[2022-06-13T03:04:14.206+0000][1][safepoint    ] Total time for which application threads were stopped: 0.0007842 seconds, Stopping threads took: 0.0003907 seconds
[2022-06-13T03:04:14.206+0000][1][safepoint    ] Application time: 0.0002400 seconds
[2022-06-13T03:04:14.207+0000][1][safepoint    ] Entering safepoint region: RevokeBias
[2022-06-13T03:04:14.207+0000][1][safepoint    ] Leaving safepoint region
[2022-06-13T03:04:14.208+0000][1][safepoint    ] Total time for which application threads were stopped: 0.0010214 seconds, Stopping threads took: 0.0005566 seconds
[2022-06-13T03:04:14.208+0000][1][safepoint    ] Application time: 0.0001885 seconds
[2022-06-13T03:04:14.209+0000][1][safepoint    ] Entering safepoint region: RevokeBias
[2022-06-13T03:04:14.209+0000][1][safepoint    ] Leaving safepoint region
[2022-06-13T03:04:14.209+0000][1][safepoint    ] Total time for which application threads were stopped: 0.0006412 seconds, Stopping threads took: 0.0003465 seconds
[2022-06-13T03:04:14.287+0000][1][safepoint    ] Application time: 0.0777503 seconds
[2022-06-13T03:04:14.288+0000][1][safepoint    ] Entering safepoint region: Deoptimize
[2022-06-13T03:04:14.288+0000][1][safepoint    ] Leaving safepoint region
[2022-06-13T03:04:14.289+0000][1][safepoint    ] Total time for which application threads were stopped: 0.0010429 seconds, Stopping threads took: 0.0004111 seconds
[2022-06-13T03:04:14.290+0000][1][safepoint    ] Application time: 0.0006673 seconds
[2022-06-13T03:04:14.290+0000][1][safepoint    ] Entering safepoint region: Deoptimize
[2022-06-13T03:04:14.291+0000][1][safepoint    ] Leaving safepoint region
[2022-06-13T03:04:14.291+0000][1][safepoint    ] Total time for which application threads were stopped: 0.0010774 seconds, Stopping threads took: 0.0004036 seconds
[2022-06-13T03:04:14.399+0000][1][safepoint    ] Application time: 0.1073103 seconds
[2022-06-13T03:04:14.399+0000][1][safepoint    ] Entering safepoint region: GenCollectForAllocation
[2022-06-13T03:04:14.400+0000][1][gc,start     ] GC(3) Pause Young (Allocation Failure)
[2022-06-13T03:04:14.400+0000][1][gc,task      ] GC(3) Using 5 workers of 13 for evacuation
[2022-06-13T03:04:14.403+0000][1][gc,age       ] GC(3) Desired survivor size 4456448 bytes, new threshold 3 (max threshold 6)
[2022-06-13T03:04:14.404+0000][1][gc,age       ] GC(3) Age table with threshold 3 (max threshold 6)
[2022-06-13T03:04:14.404+0000][1][gc,age       ] GC(3) - age   1:    3259600 bytes,    3259600 total
[2022-06-13T03:04:14.404+0000][1][gc,age       ] GC(3) - age   2:     294152 bytes,    3553752 total
[2022-06-13T03:04:14.405+0000][1][gc,age       ] GC(3) - age   3:    1182384 bytes,    4736136 total
[2022-06-13T03:04:14.405+0000][1][gc,heap      ] GC(3) ParNew: 74712K->6027K(78656K)
[2022-06-13T03:04:14.406+0000][1][gc,heap      ] GC(3) CMS: 6667K->6667K(174784K)
[2022-06-13T03:04:14.406+0000][1][gc,metaspace ] GC(3) Metaspace: 18369K->18369K(1067008K)
[2022-06-13T03:04:14.407+0000][1][gc           ] GC(3) Pause Young (Allocation Failure) 79M->12M(247M) 6.880ms
[2022-06-13T03:04:14.407+0000][1][gc,cpu       ] GC(3) User=0.01s Sys=0.01s Real=0.00s
[2022-06-13T03:04:14.408+0000][1][safepoint    ] Leaving safepoint region
[2022-06-13T03:04:14.408+0000][1][safepoint    ] Total time for which application threads were stopped: 0.0087117 seconds, Stopping threads took: 0.0006110 seconds
[2022-06-13T03:04:14.408+0000][1][safepoint    ] Application time: 0.0002690 seconds
[2022-06-13T03:04:14.409+0000][1][safepoint    ] Entering safepoint region: RevokeBias
[2022-06-13T03:04:14.409+0000][1][safepoint    ] Leaving safepoint region
[2022-06-13T03:04:14.409+0000][1][safepoint    ] Total time for which application threads were stopped: 0.0007141 seconds, Stopping threads took: 0.0003129 seconds
[2022-06-13T03:04:14.410+0000][1][safepoint    ] Application time: 0.0001658 seconds
[2022-06-13T03:04:14.410+0000][1][safepoint    ] Entering safepoint region: RevokeBias
[2022-06-13T03:04:14.410+0000][1][safepoint    ] Leaving safepoint region
[2022-06-13T03:04:14.411+0000][1][safepoint    ] Total time for which application threads were stopped: 0.0006498 seconds, Stopping threads took: 0.0004318 seconds
[2022-06-13T03:04:14.411+0000][1][safepoint    ] Application time: 0.0001093 seconds
[2022-06-13T03:04:14.411+0000][1][safepoint    ] Entering safepoint region: RevokeBias
[2022-06-13T03:04:14.411+0000][1][safepoint    ] Leaving safepoint region
[2022-06-13T03:04:14.411+0000][1][safepoint    ] Total time for which application threads were stopped: 0.0005252 seconds, Stopping threads took: 0.0002937 seconds
[2022-06-13T03:04:14.412+0000][1][safepoint    ] Application time: 0.0001454 seconds
[2022-06-13T03:04:14.412+0000][1][safepoint    ] Entering safepoint region: RevokeBias
[2022-06-13T03:04:14.412+0000][1][safepoint    ] Leaving safepoint region
[2022-06-13T03:04:14.412+0000][1][safepoint    ] Total time for which application threads were stopped: 0.0004253 seconds, Stopping threads took: 0.0002248 seconds
[2022-06-13T03:04:14.413+0000][1][safepoint    ] Application time: 0.0001489 seconds
[2022-06-13T03:04:14.413+0000][1][safepoint    ] Entering safepoint region: RevokeBias
[2022-06-13T03:04:14.413+0000][1][safepoint    ] Leaving safepoint region
[2022-06-13T03:04:14.413+0000][1][safepoint    ] Total time for which application threads were stopped: 0.0002909 seconds, Stopping threads took: 0.0001252 seconds
[2022-06-13T03:04:14.414+0000][1][safepoint    ] Application time: 0.0000876 seconds
[2022-06-13T03:04:14.414+0000][1][safepoint    ] Entering safepoint region: RevokeBias
[2022-06-13T03:04:14.414+0000][1][safepoint    ] Leaving safepoint region
[2022-06-13T03:04:14.414+0000][1][safepoint    ] Total time for which application threads were stopped: 0.0001914 seconds, Stopping threads took: 0.0000853 seconds
[2022-06-13T03:04:14.414+0000][1][safepoint    ] Application time: 0.0000670 seconds
[2022-06-13T03:04:14.414+0000][1][safepoint    ] Entering safepoint region: RevokeBias
[2022-06-13T03:04:14.414+0000][1][safepoint    ] Leaving safepoint region
[2022-06-13T03:04:14.415+0000][1][safepoint    ] Total time for which application threads were stopped: 0.0003943 seconds, Stopping threads took: 0.0002350 seconds
[2022-06-13T03:04:14.415+0000][1][safepoint    ] Application time: 0.0000914 seconds
[2022-06-13T03:04:14.415+0000][1][safepoint    ] Entering safepoint region: RevokeBias
[2022-06-13T03:04:14.415+0000][1][safepoint    ] Leaving safepoint region
[2022-06-13T03:04:14.415+0000][1][safepoint    ] Total time for which application threads were stopped: 0.0002805 seconds, Stopping threads took: 0.0001246 seconds
[2022-06-13T03:04:14.415+0000][1][safepoint    ] Application time: 0.0000882 seconds
[2022-06-13T03:04:14.415+0000][1][safepoint    ] Entering safepoint region: RevokeBias
[2022-06-13T03:04:14.416+0000][1][safepoint    ] Leaving safepoint region
[2022-06-13T03:04:14.416+0000][1][safepoint    ] Total time for which application threads were stopped: 0.0002623 seconds, Stopping threads took: 0.0001029 seconds
[2022-06-13T03:04:14.416+0000][1][safepoint    ] Application time: 0.0000866 seconds
[2022-06-13T03:04:14.416+0000][1][safepoint    ] Entering safepoint region: RevokeBias
[2022-06-13T03:04:14.416+0000][1][safepoint    ] Leaving safepoint region
[2022-06-13T03:04:14.416+0000][1][safepoint    ] Total time for which application threads were stopped: 0.0002601 seconds, Stopping threads took: 0.0001001 seconds
[2022-06-13T03:04:14.417+0000][1][safepoint    ] Application time: 0.0000753 seconds
[2022-06-13T03:04:14.417+0000][1][safepoint    ] Entering safepoint region: RevokeBias
[2022-06-13T03:04:14.417+0000][1][safepoint    ] Leaving safepoint region
[2022-06-13T03:04:14.417+0000][1][safepoint    ] Total time for which application threads were stopped: 0.0003196 seconds, Stopping threads took: 0.0001387 seconds
[2022-06-13T03:04:14.417+0000][1][safepoint    ] Application time: 0.0000926 seconds
[2022-06-13T03:04:14.417+0000][1][safepoint    ] Entering safepoint region: RevokeBias
[2022-06-13T03:04:14.418+0000][1][safepoint    ] Leaving safepoint region
[2022-06-13T03:04:14.418+0000][1][safepoint    ] Total time for which application threads were stopped: 0.0003112 seconds, Stopping threads took: 0.0001404 seconds
[2022-06-13T03:04:14.418+0000][1][safepoint    ] Application time: 0.0000868 seconds
[2022-06-13T03:04:14.418+0000][1][safepoint    ] Entering safepoint region: RevokeBias
[2022-06-13T03:04:14.418+0000][1][safepoint    ] Leaving safepoint region
[2022-06-13T03:04:14.418+0000][1][safepoint    ] Total time for which application threads were stopped: 0.0002888 seconds, Stopping threads took: 0.0001232 seconds
[2022-06-13T03:04:14.419+0000][1][safepoint    ] Application time: 0.0000717 seconds
[2022-06-13T03:04:14.419+0000][1][safepoint    ] Entering safepoint region: RevokeBias
[2022-06-13T03:04:14.419+0000][1][safepoint    ] Leaving safepoint region
[2022-06-13T03:04:14.419+0000][1][safepoint    ] Total time for which application threads were stopped: 0.0002265 seconds, Stopping threads took: 0.0000926 seconds
[2022-06-13T03:04:14.419+0000][1][safepoint    ] Application time: 0.0000708 seconds
[2022-06-13T03:04:14.419+0000][1][safepoint    ] Entering safepoint region: RevokeBias
[2022-06-13T03:04:14.419+0000][1][safepoint    ] Leaving safepoint region
[2022-06-13T03:04:14.419+0000][1][safepoint    ] Total time for which application threads were stopped: 0.0003543 seconds, Stopping threads took: 0.0002380 seconds
[2022-06-13T03:04:14.420+0000][1][safepoint    ] Application time: 0.0000776 seconds
[2022-06-13T03:04:14.420+0000][1][safepoint    ] Entering safepoint region: RevokeBias
[2022-06-13T03:04:14.420+0000][1][safepoint    ] Leaving safepoint region
[2022-06-13T03:04:14.420+0000][1][safepoint    ] Total time for which application threads were stopped: 0.0004225 seconds, Stopping threads took: 0.0002615 seconds
[2022-06-13T03:04:14.420+0000][1][safepoint    ] Application time: 0.0000733 seconds
[2022-06-13T03:04:14.420+0000][1][safepoint    ] Entering safepoint region: RevokeBias
[2022-06-13T03:04:14.421+0000][1][safepoint    ] Leaving safepoint region
[2022-06-13T03:04:14.421+0000][1][safepoint    ] Total time for which application threads were stopped: 0.0002281 seconds, Stopping threads took: 0.0000954 seconds
[2022-06-13T03:04:14.421+0000][1][safepoint    ] Application time: 0.0000829 seconds
[2022-06-13T03:04:14.421+0000][1][safepoint    ] Entering safepoint region: RevokeBias
[2022-06-13T03:04:14.421+0000][1][safepoint    ] Leaving safepoint region
[2022-06-13T03:04:14.421+0000][1][safepoint    ] Total time for which application threads were stopped: 0.0002613 seconds, Stopping threads took: 0.0001346 seconds
[2022-06-13T03:04:14.421+0000][1][safepoint    ] Application time: 0.0000722 seconds
[2022-06-13T03:04:14.422+0000][1][safepoint    ] Entering safepoint region: RevokeBias
[2022-06-13T03:04:14.422+0000][1][safepoint    ] Leaving safepoint region
[2022-06-13T03:04:14.422+0000][1][safepoint    ] Total time for which application threads were stopped: 0.0002512 seconds, Stopping threads took: 0.0001314 seconds
[2022-06-13T03:04:14.422+0000][1][safepoint    ] Application time: 0.0000657 seconds
[2022-06-13T03:04:14.422+0000][1][safepoint    ] Entering safepoint region: RevokeBias
[2022-06-13T03:04:14.422+0000][1][safepoint    ] Leaving safepoint region
[2022-06-13T03:04:14.422+0000][1][safepoint    ] Total time for which application threads were stopped: 0.0002387 seconds, Stopping threads took: 0.0001169 seconds
[2022-06-13T03:04:14.422+0000][1][safepoint    ] Application time: 0.0000641 seconds
[2022-06-13T03:04:14.423+0000][1][safepoint    ] Entering safepoint region: RevokeBias
[2022-06-13T03:04:14.423+0000][1][safepoint    ] Leaving safepoint region
[2022-06-13T03:04:14.423+0000][1][safepoint    ] Total time for which application threads were stopped: 0.0002785 seconds, Stopping threads took: 0.0001554 seconds
[2022-06-13T03:04:14.490+0000][1][safepoint    ] Application time: 0.0674722 seconds
[2022-06-13T03:04:14.491+0000][1][safepoint    ] Entering safepoint region: GenCollectForAllocation
[2022-06-13T03:04:14.491+0000][1][gc,start     ] GC(4) Pause Young (Allocation Failure)
[2022-06-13T03:04:14.492+0000][1][gc,task      ] GC(4) Using 5 workers of 13 for evacuation
[2022-06-13T03:04:14.495+0000][1][gc,age       ] GC(4) Desired survivor size 4456448 bytes, new threshold 2 (max threshold 6)
[2022-06-13T03:04:14.496+0000][1][gc,age       ] GC(4) Age table with threshold 2 (max threshold 6)
[2022-06-13T03:04:14.496+0000][1][gc,age       ] GC(4) - age   1:    1491064 bytes,    1491064 total
[2022-06-13T03:04:14.497+0000][1][gc,age       ] GC(4) - age   2:    3214872 bytes,    4705936 total
[2022-06-13T03:04:14.497+0000][1][gc,age       ] GC(4) - age   3:     293624 bytes,    4999560 total
[2022-06-13T03:04:14.497+0000][1][gc,heap      ] GC(4) ParNew: 75979K->6802K(78656K)
[2022-06-13T03:04:14.498+0000][1][gc,heap      ] GC(4) CMS: 6667K->7839K(174784K)
[2022-06-13T03:04:14.498+0000][1][gc,metaspace ] GC(4) Metaspace: 18709K->18709K(1067008K)
[2022-06-13T03:04:14.498+0000][1][gc           ] GC(4) Pause Young (Allocation Failure) 80M->14M(247M) 7.194ms
[2022-06-13T03:04:14.499+0000][1][gc,cpu       ] GC(4) User=0.03s Sys=0.00s Real=0.00s
[2022-06-13T03:04:14.500+0000][1][safepoint    ] Leaving safepoint region
[2022-06-13T03:04:14.500+0000][1][safepoint    ] Total time for which application threads were stopped: 0.0092488 seconds, Stopping threads took: 0.0003763 seconds
[2022-06-13T03:04:14.501+0000][1][safepoint    ] Application time: 0.0003320 seconds
[2022-06-13T03:04:14.501+0000][1][safepoint    ] Entering safepoint region: RevokeBias
[2022-06-13T03:04:14.501+0000][1][safepoint    ] Leaving safepoint region
[2022-06-13T03:04:14.502+0000][1][safepoint    ] Total time for which application threads were stopped: 0.0004989 seconds, Stopping threads took: 0.0002912 seconds
[2022-06-13T03:04:14.502+0000][1][safepoint    ] Application time: 0.0001876 seconds
[2022-06-13T03:04:14.502+0000][1][safepoint    ] Entering safepoint region: RevokeBias
[2022-06-13T03:04:14.502+0000][1][safepoint    ] Leaving safepoint region
[2022-06-13T03:04:14.503+0000][1][safepoint    ] Total time for which application threads were stopped: 0.0005297 seconds, Stopping threads took: 0.0002587 seconds
[2022-06-13T03:04:14.503+0000][1][safepoint    ] Application time: 0.0001661 seconds
[2022-06-13T03:04:14.503+0000][1][safepoint    ] Entering safepoint region: RevokeBias
[2022-06-13T03:04:14.504+0000][1][safepoint    ] Leaving safepoint region
[2022-06-13T03:04:14.504+0000][1][safepoint    ] Total time for which application threads were stopped: 0.0005849 seconds, Stopping threads took: 0.0002964 seconds
[2022-06-13T03:04:14.504+0000][1][safepoint    ] Application time: 0.0001615 seconds
[2022-06-13T03:04:14.504+0000][1][safepoint    ] Entering safepoint region: RevokeBias
[2022-06-13T03:04:14.505+0000][1][safepoint    ] Leaving safepoint region
[2022-06-13T03:04:14.505+0000][1][safepoint    ] Total time for which application threads were stopped: 0.0004185 seconds, Stopping threads took: 0.0002086 seconds
[2022-06-13T03:04:14.520+0000][1][safepoint    ] Application time: 0.0151732 seconds
[2022-06-13T03:04:14.520+0000][1][safepoint    ] Entering safepoint region: Deoptimize
[2022-06-13T03:04:14.521+0000][1][safepoint    ] Leaving safepoint region
[2022-06-13T03:04:14.521+0000][1][safepoint    ] Total time for which application threads were stopped: 0.0008578 seconds, Stopping threads took: 0.0002893 seconds
[2022-06-13T03:04:14.539+0000][1][safepoint    ] Application time: 0.0178604 seconds
[2022-06-13T03:04:14.540+0000][1][safepoint    ] Entering safepoint region: Deoptimize
[2022-06-13T03:04:14.540+0000][1][safepoint    ] Leaving safepoint region
[2022-06-13T03:04:14.541+0000][1][safepoint    ] Total time for which application threads were stopped: 0.0009786 seconds, Stopping threads took: 0.0003447 seconds
[2022-06-13T03:04:14.586+0000][1][safepoint    ] Application time: 0.0448421 seconds
[2022-06-13T03:04:14.586+0000][1][safepoint    ] Entering safepoint region: GenCollectForAllocation
[2022-06-13T03:04:14.587+0000][1][gc,start     ] GC(5) Pause Young (Allocation Failure)
[2022-06-13T03:04:14.587+0000][1][gc,task      ] GC(5) Using 5 workers of 13 for evacuation
[2022-06-13T03:04:14.590+0000][1][gc,age       ] GC(5) Desired survivor size 4456448 bytes, new threshold 6 (max threshold 6)
[2022-06-13T03:04:14.590+0000][1][gc,age       ] GC(5) Age table with threshold 6 (max threshold 6)
[2022-06-13T03:04:14.590+0000][1][gc,age       ] GC(5) - age   1:    2355320 bytes,    2355320 total
[2022-06-13T03:04:14.591+0000][1][gc,age       ] GC(5) - age   2:     562120 bytes,    2917440 total
[2022-06-13T03:04:14.591+0000][1][gc,heap      ] GC(5) ParNew: 76754K->5526K(78656K)
[2022-06-13T03:04:14.591+0000][1][gc,heap      ] GC(5) CMS: 7839K->11290K(174784K)
[2022-06-13T03:04:14.591+0000][1][gc,metaspace ] GC(5) Metaspace: 19058K->19058K(1067008K)
[2022-06-13T03:04:14.592+0000][1][gc           ] GC(5) Pause Young (Allocation Failure) 82M->16M(247M) 5.058ms
[2022-06-13T03:04:14.592+0000][1][gc,cpu       ] GC(5) User=0.06s Sys=0.00s Real=0.01s
[2022-06-13T03:04:14.592+0000][1][safepoint    ] Leaving safepoint region
[2022-06-13T03:04:14.592+0000][1][safepoint    ] Total time for which application threads were stopped: 0.0060654 seconds, Stopping threads took: 0.0001167 seconds
[2022-06-13T03:04:14.593+0000][1][safepoint    ] Application time: 0.0003760 seconds
[2022-06-13T03:04:14.593+0000][1][safepoint    ] Entering safepoint region: RevokeBias
[2022-06-13T03:04:14.594+0000][1][safepoint    ] Leaving safepoint region
[2022-06-13T03:04:14.594+0000][1][safepoint    ] Total time for which application threads were stopped: 0.0004403 seconds, Stopping threads took: 0.0001978 seconds
[2022-06-13T03:04:14.594+0000][1][safepoint    ] Application time: 0.0001039 seconds
[2022-06-13T03:04:14.594+0000][1][safepoint    ] Entering safepoint region: RevokeBias
[2022-06-13T03:04:14.595+0000][1][safepoint    ] Leaving safepoint region
[2022-06-13T03:04:14.595+0000][1][safepoint    ] Total time for which application threads were stopped: 0.0009370 seconds, Stopping threads took: 0.0004554 seconds
[2022-06-13T03:04:14.596+0000][1][safepoint    ] Application time: 0.0001903 seconds
[2022-06-13T03:04:14.596+0000][1][safepoint    ] Entering safepoint region: RevokeBias
[2022-06-13T03:04:14.597+0000][1][safepoint    ] Leaving safepoint region
[2022-06-13T03:04:14.597+0000][1][safepoint    ] Total time for which application threads were stopped: 0.0006987 seconds, Stopping threads took: 0.0003403 seconds
[2022-06-13T03:04:14.597+0000][1][safepoint    ] Application time: 0.0000936 seconds
[2022-06-13T03:04:14.598+0000][1][safepoint    ] Entering safepoint region: RevokeBias
[2022-06-13T03:04:14.598+0000][1][safepoint    ] Leaving safepoint region
[2022-06-13T03:04:14.599+0000][1][safepoint    ] Total time for which application threads were stopped: 0.0009018 seconds, Stopping threads took: 0.0005692 seconds
[2022-06-13T03:04:14.599+0000][1][safepoint    ] Application time: 0.0001064 seconds
[2022-06-13T03:04:14.599+0000][1][safepoint    ] Entering safepoint region: RevokeBias
[2022-06-13T03:04:14.600+0000][1][safepoint    ] Leaving safepoint region
[2022-06-13T03:04:14.600+0000][1][safepoint    ] Total time for which application threads were stopped: 0.0007952 seconds, Stopping threads took: 0.0004159 seconds
[2022-06-13T03:04:14.600+0000][1][safepoint    ] Application time: 0.0000984 seconds
[2022-06-13T03:04:14.601+0000][1][safepoint    ] Entering safepoint region: RevokeBias
[2022-06-13T03:04:14.601+0000][1][safepoint    ] Leaving safepoint region
[2022-06-13T03:04:14.601+0000][1][safepoint    ] Total time for which application threads were stopped: 0.0007746 seconds, Stopping threads took: 0.0004045 seconds
[2022-06-13T03:04:14.648+0000][1][safepoint    ] Application time: 0.0465779 seconds
[2022-06-13T03:04:14.649+0000][1][safepoint    ] Entering safepoint region: RevokeBias
[2022-06-13T03:04:14.649+0000][1][safepoint    ] Leaving safepoint region
[2022-06-13T03:04:14.649+0000][1][safepoint    ] Total time for which application threads were stopped: 0.0003523 seconds, Stopping threads took: 0.0001754 seconds
[2022-06-13T03:04:14.649+0000][1][safepoint    ] Application time: 0.0002714 seconds
[2022-06-13T03:04:14.649+0000][1][safepoint    ] Entering safepoint region: BulkRevokeBias
[2022-06-13T03:04:14.650+0000][1][safepoint    ] Leaving safepoint region
[2022-06-13T03:04:14.650+0000][1][safepoint    ] Total time for which application threads were stopped: 0.0003219 seconds, Stopping threads took: 0.0001513 seconds
[2022-06-13T03:04:14.665+0000][1][safepoint    ] Application time: 0.0150391 seconds
[2022-06-13T03:04:14.665+0000][1][safepoint    ] Entering safepoint region: GenCollectForAllocation
[2022-06-13T03:04:14.665+0000][1][gc,start     ] GC(6) Pause Young (Allocation Failure)
[2022-06-13T03:04:14.666+0000][1][gc,task      ] GC(6) Using 5 workers of 13 for evacuation
[2022-06-13T03:04:14.667+0000][1][gc,age       ] GC(6) Desired survivor size 4456448 bytes, new threshold 6 (max threshold 6)
[2022-06-13T03:04:14.667+0000][1][gc,age       ] GC(6) Age table with threshold 6 (max threshold 6)
[2022-06-13T03:04:14.668+0000][1][gc,age       ] GC(6) - age   1:    1304056 bytes,    1304056 total
[2022-06-13T03:04:14.668+0000][1][gc,age       ] GC(6) - age   2:    2194776 bytes,    3498832 total
[2022-06-13T03:04:14.668+0000][1][gc,age       ] GC(6) - age   3:     562120 bytes,    4060952 total
[2022-06-13T03:04:14.668+0000][1][gc,heap      ] GC(6) ParNew: 75478K->4927K(78656K)
[2022-06-13T03:04:14.668+0000][1][gc,heap      ] GC(6) CMS: 11290K->11290K(174784K)
[2022-06-13T03:04:14.669+0000][1][gc,metaspace ] GC(6) Metaspace: 19364K->19364K(1067008K)
[2022-06-13T03:04:14.669+0000][1][gc           ] GC(6) Pause Young (Allocation Failure) 84M->15M(247M) 3.341ms
[2022-06-13T03:04:14.669+0000][1][gc,cpu       ] GC(6) User=0.02s Sys=0.01s Real=0.00s
[2022-06-13T03:04:14.669+0000][1][safepoint    ] Leaving safepoint region
[2022-06-13T03:04:14.670+0000][1][safepoint    ] Total time for which application threads were stopped: 0.0043420 seconds, Stopping threads took: 0.0001578 seconds
[2022-06-13T03:04:14.670+0000][1][safepoint    ] Application time: 0.0003332 seconds
[2022-06-13T03:04:14.671+0000][1][safepoint    ] Entering safepoint region: BulkRevokeBias
[2022-06-13T03:04:14.671+0000][1][safepoint    ] Leaving safepoint region
[2022-06-13T03:04:14.671+0000][1][safepoint    ] Total time for which application threads were stopped: 0.0008296 seconds, Stopping threads took: 0.0004876 seconds
[2022-06-13T03:04:14.743+0000][1][safepoint    ] Application time: 0.0716862 seconds
[2022-06-13T03:04:14.744+0000][1][safepoint    ] Entering safepoint region: GenCollectForAllocation
[2022-06-13T03:04:14.744+0000][1][gc,start     ] GC(7) Pause Young (Allocation Failure)
[2022-06-13T03:04:14.744+0000][1][gc,task      ] GC(7) Using 5 workers of 13 for evacuation
[2022-06-13T03:04:14.746+0000][1][gc,age       ] GC(7) Desired survivor size 4456448 bytes, new threshold 6 (max threshold 6)
[2022-06-13T03:04:14.746+0000][1][gc,age       ] GC(7) Age table with threshold 6 (max threshold 6)
[2022-06-13T03:04:14.747+0000][1][gc,age       ] GC(7) - age   1:     521080 bytes,     521080 total
[2022-06-13T03:04:14.747+0000][1][gc,age       ] GC(7) - age   2:    1129112 bytes,    1650192 total
[2022-06-13T03:04:14.747+0000][1][gc,age       ] GC(7) - age   3:    2192768 bytes,    3842960 total
[2022-06-13T03:04:14.748+0000][1][gc,age       ] GC(7) - age   4:     562120 bytes,    4405080 total
[2022-06-13T03:04:14.748+0000][1][gc,heap      ] GC(7) ParNew: 74879K->5595K(78656K)
[2022-06-13T03:04:14.748+0000][1][gc,heap      ] GC(7) CMS: 11290K->11290K(174784K)
[2022-06-13T03:04:14.749+0000][1][gc,metaspace ] GC(7) Metaspace: 19767K->19767K(1067008K)
[2022-06-13T03:04:14.749+0000][1][gc           ] GC(7) Pause Young (Allocation Failure) 84M->16M(247M) 5.182ms
[2022-06-13T03:04:14.749+0000][1][gc,cpu       ] GC(7) User=0.03s Sys=0.00s Real=0.01s
[2022-06-13T03:04:14.750+0000][1][safepoint    ] Leaving safepoint region
[2022-06-13T03:04:14.750+0000][1][safepoint    ] Total time for which application threads were stopped: 0.0064284 seconds, Stopping threads took: 0.0002475 seconds
[2022-06-13T03:04:14.767+0000][1][safepoint    ] Application time: 0.0164019 seconds
[2022-06-13T03:04:14.767+0000][1][safepoint    ] Entering safepoint region: CollectForMetadataAllocation
[2022-06-13T03:04:14.767+0000][1][safepoint    ] Leaving safepoint region
[2022-06-13T03:04:14.768+0000][1][safepoint    ] Total time for which application threads were stopped: 0.0004816 seconds, Stopping threads took: 0.0001933 seconds
[2022-06-13T03:04:14.780+0000][1][safepoint    ] Application time: 0.0117192 seconds
[2022-06-13T03:04:14.780+0000][1][safepoint    ] Entering safepoint region: CollectForMetadataAllocation
[2022-06-13T03:04:14.780+0000][1][safepoint    ] Leaving safepoint region
[2022-06-13T03:04:14.780+0000][1][safepoint    ] Total time for which application threads were stopped: 0.0006482 seconds, Stopping threads took: 0.0001245 seconds
[2022-06-13T03:04:14.824+0000][1][safepoint    ] Application time: 0.0426930 seconds
[2022-06-13T03:04:14.824+0000][1][safepoint    ] Entering safepoint region: GenCollectForAllocation
[2022-06-13T03:04:14.825+0000][1][gc,start     ] GC(8) Pause Young (Allocation Failure)
[2022-06-13T03:04:14.826+0000][1][gc,task      ] GC(8) Using 5 workers of 13 for evacuation
[2022-06-13T03:04:14.828+0000][1][gc,age       ] GC(8) Desired survivor size 4456448 bytes, new threshold 5 (max threshold 6)
[2022-06-13T03:04:14.829+0000][1][gc,age       ] GC(8) Age table with threshold 5 (max threshold 6)
[2022-06-13T03:04:14.829+0000][1][gc,age       ] GC(8) - age   1:     491288 bytes,     491288 total
[2022-06-13T03:04:14.829+0000][1][gc,age       ] GC(8) - age   2:     496720 bytes,     988008 total
[2022-06-13T03:04:14.830+0000][1][gc,age       ] GC(8) - age   3:    1129016 bytes,    2117024 total
[2022-06-13T03:04:14.830+0000][1][gc,age       ] GC(8) - age   4:    2192480 bytes,    4309504 total
[2022-06-13T03:04:14.830+0000][1][gc,age       ] GC(8) - age   5:     562120 bytes,    4871624 total
[2022-06-13T03:04:14.831+0000][1][gc,heap      ] GC(8) ParNew: 75547K->6489K(78656K)
[2022-06-13T03:04:14.831+0000][1][gc,heap      ] GC(8) CMS: 11290K->11290K(174784K)
[2022-06-13T03:04:14.831+0000][1][gc,metaspace ] GC(8) Metaspace: 20413K->20413K(1069056K)
[2022-06-13T03:04:14.832+0000][1][gc           ] GC(8) Pause Young (Allocation Failure) 84M->17M(247M) 6.674ms
[2022-06-13T03:04:14.832+0000][1][gc,cpu       ] GC(8) User=0.04s Sys=0.00s Real=0.01s
[2022-06-13T03:04:14.832+0000][1][safepoint    ] Leaving safepoint region
[2022-06-13T03:04:14.833+0000][1][safepoint    ] Total time for which application threads were stopped: 0.0083604 seconds, Stopping threads took: 0.0006378 seconds
[2022-06-13T03:04:14.834+0000][1][safepoint    ] Application time: 0.0004415 seconds
[2022-06-13T03:04:14.834+0000][1][safepoint    ] Entering safepoint region: CMS_Initial_Mark
[2022-06-13T03:04:14.834+0000][1][gc,start     ] GC(9) Pause Initial Mark
[2022-06-13T03:04:14.835+0000][1][gc           ] GC(9) Pause Initial Mark 18M->18M(247M) 0.834ms
[2022-06-13T03:04:14.835+0000][1][gc,cpu       ] GC(9) User=0.00s Sys=0.00s Real=0.00s
[2022-06-13T03:04:14.836+0000][1][safepoint    ] Leaving safepoint region
[2022-06-13T03:04:14.836+0000][1][safepoint    ] Total time for which application threads were stopped: 0.0020176 seconds, Stopping threads took: 0.0003144 seconds
[2022-06-13T03:04:14.836+0000][1][gc           ] GC(9) Concurrent Mark
[2022-06-13T03:04:14.837+0000][1][gc,task      ] GC(9) Using 4 workers of 4 for marking
[2022-06-13T03:04:14.842+0000][1][gc           ] GC(9) Concurrent Mark 5.267ms
[2022-06-13T03:04:14.842+0000][1][gc,cpu       ] GC(9) User=0.06s Sys=0.00s Real=0.01s
[2022-06-13T03:04:14.842+0000][1][gc           ] GC(9) Concurrent Preclean
[2022-06-13T03:04:14.843+0000][1][gc           ] GC(9) Concurrent Preclean 0.674ms
[2022-06-13T03:04:14.843+0000][1][gc,cpu       ] GC(9) User=0.00s Sys=0.00s Real=0.00s
[2022-06-13T03:04:14.844+0000][1][gc           ] GC(9) Concurrent Abortable Preclean
[2022-06-13T03:04:14.880+0000][1][safepoint    ] Application time: 0.0432636 seconds
[2022-06-13T03:04:14.880+0000][1][safepoint    ] Entering safepoint region: GenCollectForAllocation
[2022-06-13T03:04:14.881+0000][1][gc,start     ] GC(10) Pause Young (Allocation Failure)
[2022-06-13T03:04:14.881+0000][1][gc,task      ] GC(10) Using 5 workers of 13 for evacuation
[2022-06-13T03:04:14.884+0000][1][gc,age       ] GC(10) Desired survivor size 4456448 bytes, new threshold 5 (max threshold 6)
[2022-06-13T03:04:14.884+0000][1][gc,age       ] GC(10) Age table with threshold 5 (max threshold 6)
[2022-06-13T03:04:14.885+0000][1][gc,age       ] GC(10) - age   1:     938128 bytes,     938128 total
[2022-06-13T03:04:14.885+0000][1][gc,age       ] GC(10) - age   2:     472640 bytes,    1410768 total
[2022-06-13T03:04:14.886+0000][1][gc,age       ] GC(10) - age   3:     496600 bytes,    1907368 total
[2022-06-13T03:04:14.886+0000][1][gc,age       ] GC(10) - age   4:    1129016 bytes,    3036384 total
[2022-06-13T03:04:14.886+0000][1][gc,age       ] GC(10) - age   5:    2192288 bytes,    5228672 total
[2022-06-13T03:04:14.887+0000][1][gc,heap      ] GC(10) ParNew: 76441K->6970K(78656K)
[2022-06-13T03:04:14.887+0000][1][gc,heap      ] GC(10) CMS: 11290K->11850K(174784K)
[2022-06-13T03:04:14.887+0000][1][gc,metaspace ] GC(10) Metaspace: 20524K->20524K(1069056K)
[2022-06-13T03:04:14.888+0000][1][gc           ] GC(10) Pause Young (Allocation Failure) 85M->18M(247M) 7.261ms
[2022-06-13T03:04:14.888+0000][1][gc,cpu       ] GC(10) User=0.01s Sys=0.00s Real=0.00s
[2022-06-13T03:04:14.889+0000][1][safepoint    ] Leaving safepoint region
[2022-06-13T03:04:14.889+0000][1][safepoint    ] Total time for which application threads were stopped: 0.0087857 seconds, Stopping threads took: 0.0004270 seconds
[2022-06-13T03:04:14.934+0000][1][safepoint    ] Application time: 0.0446818 seconds
[2022-06-13T03:04:14.934+0000][1][safepoint    ] Entering safepoint region: GenCollectForAllocation
[2022-06-13T03:04:14.935+0000][1][gc,start     ] GC(11) Pause Young (Allocation Failure)
[2022-06-13T03:04:14.935+0000][1][gc,task      ] GC(11) Using 5 workers of 13 for evacuation
[2022-06-13T03:04:14.938+0000][1][gc,age       ] GC(11) Desired survivor size 4456448 bytes, new threshold 6 (max threshold 6)
[2022-06-13T03:04:14.938+0000][1][gc,age       ] GC(11) Age table with threshold 6 (max threshold 6)
[2022-06-13T03:04:14.938+0000][1][gc,age       ] GC(11) - age   1:    1816584 bytes,    1816584 total
[2022-06-13T03:04:14.938+0000][1][gc,age       ] GC(11) - age   2:     125552 bytes,    1942136 total
[2022-06-13T03:04:14.938+0000][1][gc,age       ] GC(11) - age   3:     472640 bytes,    2414776 total
[2022-06-13T03:04:14.938+0000][1][gc,age       ] GC(11) - age   4:     496448 bytes,    2911224 total
[2022-06-13T03:04:14.939+0000][1][gc,age       ] GC(11) - age   5:    1128728 bytes,    4039952 total
[2022-06-13T03:04:14.939+0000][1][gc,heap      ] GC(11) ParNew: 76922K->6344K(78656K)
[2022-06-13T03:04:14.939+0000][1][gc,heap      ] GC(11) CMS: 11850K->14005K(174784K)
[2022-06-13T03:04:14.939+0000][1][gc,metaspace ] GC(11) Metaspace: 20601K->20601K(1069056K)
[2022-06-13T03:04:14.939+0000][1][gc           ] GC(11) Pause Young (Allocation Failure) 86M->19M(247M) 4.463ms
[2022-06-13T03:04:14.939+0000][1][gc,cpu       ] GC(11) User=0.00s Sys=0.01s Real=0.01s
[2022-06-13T03:04:14.940+0000][1][safepoint    ] Leaving safepoint region
[2022-06-13T03:04:14.940+0000][1][safepoint    ] Total time for which application threads were stopped: 0.0054338 seconds, Stopping threads took: 0.0002453 seconds
[2022-06-13T03:04:14.940+0000][1][gc           ] GC(9) Concurrent Abortable Preclean 96.477ms
[2022-06-13T03:04:14.940+0000][1][gc,cpu       ] GC(9) User=0.29s Sys=0.04s Real=0.10s
[2022-06-13T03:04:14.940+0000][1][safepoint    ] Application time: 0.0005299 seconds
[2022-06-13T03:04:14.941+0000][1][safepoint    ] Entering safepoint region: CMS_Final_Remark
[2022-06-13T03:04:14.941+0000][1][gc,start     ] GC(9) Pause Remark
[2022-06-13T03:04:14.945+0000][1][gc           ] GC(9) Pause Remark 21M->21M(247M) 4.465ms
[2022-06-13T03:04:14.946+0000][1][gc,cpu       ] GC(9) User=0.01s Sys=0.00s Real=0.00s
[2022-06-13T03:04:14.946+0000][1][safepoint    ] Leaving safepoint region
[2022-06-13T03:04:14.946+0000][1][safepoint    ] Total time for which application threads were stopped: 0.0056484 seconds, Stopping threads took: 0.0001938 seconds
[2022-06-13T03:04:14.947+0000][1][gc           ] GC(9) Concurrent Sweep
[2022-06-13T03:04:14.950+0000][1][gc           ] GC(9) Concurrent Sweep 3.590ms
[2022-06-13T03:04:14.951+0000][1][gc,cpu       ] GC(9) User=0.01s Sys=0.00s Real=0.01s
[2022-06-13T03:04:14.951+0000][1][gc           ] GC(9) Concurrent Reset
[2022-06-13T03:04:14.951+0000][1][gc           ] GC(9) Concurrent Reset 0.693ms
[2022-06-13T03:04:14.952+0000][1][gc,cpu       ] GC(9) User=0.00s Sys=0.00s Real=0.00s
[2022-06-13T03:04:14.952+0000][1][gc,heap      ] GC(9) Old: 11290K->13979K(174784K)
[2022-06-13T03:04:15.138+0000][1][safepoint    ] Application time: 0.1917028 seconds
[2022-06-13T03:04:15.139+0000][1][safepoint    ] Entering safepoint region: Deoptimize
[2022-06-13T03:04:15.140+0000][1][safepoint    ] Leaving safepoint region
[2022-06-13T03:04:15.141+0000][1][safepoint    ] Total time for which application threads were stopped: 0.0021505 seconds, Stopping threads took: 0.0006341 seconds
[2022-06-13T03:04:15.183+0000][1][safepoint    ] Application time: 0.0417527 seconds
[2022-06-13T03:04:15.184+0000][1][safepoint    ] Entering safepoint region: Deoptimize
[2022-06-13T03:04:15.185+0000][1][safepoint    ] Leaving safepoint region
[2022-06-13T03:04:15.185+0000][1][safepoint    ] Total time for which application threads were stopped: 0.0014081 seconds, Stopping threads took: 0.0005391 seconds
[2022-06-13T03:04:15.192+0000][1][safepoint    ] Application time: 0.0058034 seconds
[2022-06-13T03:04:15.192+0000][1][safepoint    ] Entering safepoint region: RevokeBias
[2022-06-13T03:04:15.193+0000][1][safepoint    ] Leaving safepoint region
[2022-06-13T03:04:15.193+0000][1][safepoint    ] Total time for which application threads were stopped: 0.0013060 seconds, Stopping threads took: 0.0006853 seconds
[2022-06-13T03:04:15.194+0000][1][safepoint    ] Application time: 0.0006235 seconds
[2022-06-13T03:04:15.195+0000][1][safepoint    ] Entering safepoint region: Deoptimize
[2022-06-13T03:04:15.196+0000][1][safepoint    ] Leaving safepoint region
[2022-06-13T03:04:15.196+0000][1][safepoint    ] Total time for which application threads were stopped: 0.0013628 seconds, Stopping threads took: 0.0006642 seconds
[2022-06-13T03:04:15.200+0000][1][safepoint    ] Application time: 0.0028158 seconds
[2022-06-13T03:04:15.200+0000][1][safepoint    ] Entering safepoint region: Deoptimize
[2022-06-13T03:04:15.201+0000][1][safepoint    ] Leaving safepoint region
[2022-06-13T03:04:15.202+0000][1][safepoint    ] Total time for which application threads were stopped: 0.0013856 seconds, Stopping threads took: 0.0006230 seconds
[2022-06-13T03:04:15.230+0000][1][safepoint    ] Application time: 0.0278328 seconds
[2022-06-13T03:04:15.230+0000][1][safepoint    ] Entering safepoint region: GenCollectForAllocation
[2022-06-13T03:04:15.231+0000][1][gc,start     ] GC(12) Pause Young (Allocation Failure)
[2022-06-13T03:04:15.231+0000][1][gc,task      ] GC(12) Using 5 workers of 13 for evacuation
[2022-06-13T03:04:15.234+0000][1][gc,age       ] GC(12) Desired survivor size 4456448 bytes, new threshold 6 (max threshold 6)
[2022-06-13T03:04:15.235+0000][1][gc,age       ] GC(12) Age table with threshold 6 (max threshold 6)
[2022-06-13T03:04:15.236+0000][1][gc,age       ] GC(12) - age   1:    2567760 bytes,    2567760 total
[2022-06-13T03:04:15.236+0000][1][gc,age       ] GC(12) - age   2:     344744 bytes,    2912504 total
[2022-06-13T03:04:15.237+0000][1][gc,age       ] GC(12) - age   3:     125288 bytes,    3037792 total
[2022-06-13T03:04:15.237+0000][1][gc,age       ] GC(12) - age   4:     472096 bytes,    3509888 total
[2022-06-13T03:04:15.238+0000][1][gc,age       ] GC(12) - age   5:     491632 bytes,    4001520 total
[2022-06-13T03:04:15.238+0000][1][gc,age       ] GC(12) - age   6:    1128568 bytes,    5130088 total
[2022-06-13T03:04:15.239+0000][1][gc,heap      ] GC(12) ParNew: 76296K->6547K(78656K)
[2022-06-13T03:04:15.240+0000][1][gc,heap      ] GC(12) CMS: 13979K->13979K(174784K)
[2022-06-13T03:04:15.240+0000][1][gc,metaspace ] GC(12) Metaspace: 26314K->26314K(1073152K)
[2022-06-13T03:04:15.241+0000][1][gc           ] GC(12) Pause Young (Allocation Failure) 88M->20M(247M) 9.738ms
[2022-06-13T03:04:15.241+0000][1][gc,cpu       ] GC(12) User=0.02s Sys=0.00s Real=0.01s
[2022-06-13T03:04:15.242+0000][1][safepoint    ] Leaving safepoint region
[2022-06-13T03:04:15.242+0000][1][safepoint    ] Total time for which application threads were stopped: 0.0121795 seconds, Stopping threads took: 0.0006099 seconds
[2022-06-13T03:04:15.595+0000][1][safepoint    ] Application time: 0.3521614 seconds
[2022-06-13T03:04:15.596+0000][1][safepoint    ] Entering safepoint region: GenCollectForAllocation
[2022-06-13T03:04:15.596+0000][1][gc,start     ] GC(13) Pause Young (Allocation Failure)
[2022-06-13T03:04:15.596+0000][1][gc,task      ] GC(13) Using 5 workers of 13 for evacuation
[2022-06-13T03:04:15.609+0000][1][gc,age       ] GC(13) Desired survivor size 4456448 bytes, new threshold 1 (max threshold 6)
[2022-06-13T03:04:15.610+0000][1][gc,age       ] GC(13) Age table with threshold 1 (max threshold 6)
[2022-06-13T03:04:15.610+0000][1][gc,age       ] GC(13) - age   1:    5222760 bytes,    5222760 total
[2022-06-13T03:04:15.610+0000][1][gc,age       ] GC(13) - age   2:    2256248 bytes,    7479008 total
[2022-06-13T03:04:15.610+0000][1][gc,age       ] GC(13) - age   3:     344744 bytes,    7823752 total
[2022-06-13T03:04:15.610+0000][1][gc,age       ] GC(13) - age   4:     125256 bytes,    7949008 total
[2022-06-13T03:04:15.610+0000][1][gc,age       ] GC(13) - age   5:     472096 bytes,    8421104 total
[2022-06-13T03:04:15.610+0000][1][gc,age       ] GC(13) - age   6:     491488 bytes,    8912592 total
[2022-06-13T03:04:15.610+0000][1][gc,heap      ] GC(13) ParNew: 76499K->8704K(78656K)
[2022-06-13T03:04:15.611+0000][1][gc,heap      ] GC(13) CMS: 13979K->25110K(174784K)
[2022-06-13T03:04:15.611+0000][1][gc,metaspace ] GC(13) Metaspace: 26997K->26997K(1075200K)
[2022-06-13T03:04:15.611+0000][1][gc           ] GC(13) Pause Young (Allocation Failure) 88M->33M(247M) 14.714ms
[2022-06-13T03:04:15.611+0000][1][gc,cpu       ] GC(13) User=0.15s Sys=0.00s Real=0.02s
[2022-06-13T03:04:15.611+0000][1][safepoint    ] Leaving safepoint region
[2022-06-13T03:04:15.611+0000][1][safepoint    ] Total time for which application threads were stopped: 0.0155125 seconds, Stopping threads took: 0.0001457 seconds
[2022-06-13T03:04:15.618+0000][1][safepoint    ] Application time: 0.0069454 seconds
[2022-06-13T03:04:15.618+0000][1][safepoint    ] Entering safepoint region: RevokeBias
[2022-06-13T03:04:15.619+0000][1][safepoint    ] Leaving safepoint region
[2022-06-13T03:04:15.619+0000][1][safepoint    ] Total time for which application threads were stopped: 0.0003914 seconds, Stopping threads took: 0.0001873 seconds
[2022-06-13T03:04:15.707+0000][1][safepoint    ] Application time: 0.0883622 seconds
[2022-06-13T03:04:15.708+0000][1][safepoint    ] Entering safepoint region: Deoptimize
[2022-06-13T03:04:15.708+0000][1][safepoint    ] Leaving safepoint region
[2022-06-13T03:04:15.708+0000][1][safepoint    ] Total time for which application threads were stopped: 0.0007907 seconds, Stopping threads took: 0.0001408 seconds
[2022-06-13T03:04:15.860+0000][1][safepoint    ] Application time: 0.1513574 seconds
[2022-06-13T03:04:15.860+0000][1][safepoint    ] Entering safepoint region: GenCollectForAllocation
[2022-06-13T03:04:15.861+0000][1][gc,start     ] GC(14) Pause Young (Allocation Failure)
[2022-06-13T03:04:15.862+0000][1][gc,task      ] GC(14) Using 5 workers of 13 for evacuation
[2022-06-13T03:04:15.880+0000][1][gc,age       ] GC(14) Desired survivor size 4456448 bytes, new threshold 1 (max threshold 6)
[2022-06-13T03:04:15.881+0000][1][gc,age       ] GC(14) Age table with threshold 1 (max threshold 6)
[2022-06-13T03:04:15.881+0000][1][gc,age       ] GC(14) - age   1:    8912744 bytes,    8912744 total
[2022-06-13T03:04:15.881+0000][1][gc,heap      ] GC(14) ParNew: 78656K->8704K(78656K)
[2022-06-13T03:04:15.882+0000][1][gc,heap      ] GC(14) CMS: 25110K->38948K(174784K)
[2022-06-13T03:04:15.882+0000][1][gc,metaspace ] GC(14) Metaspace: 27161K->27161K(1075200K)
[2022-06-13T03:04:15.883+0000][1][gc           ] GC(14) Pause Young (Allocation Failure) 101M->46M(247M) 21.546ms
[2022-06-13T03:04:15.883+0000][1][gc,cpu       ] GC(14) User=0.14s Sys=0.00s Real=0.02s
[2022-06-13T03:04:15.883+0000][1][safepoint    ] Leaving safepoint region
[2022-06-13T03:04:15.884+0000][1][safepoint    ] Total time for which application threads were stopped: 0.0231458 seconds, Stopping threads took: 0.0005148 seconds
[2022-06-13T03:04:16.147+0000][1][safepoint    ] Application time: 0.2625628 seconds
[2022-06-13T03:04:16.147+0000][1][safepoint    ] Entering safepoint region: RevokeBias
[2022-06-13T03:04:16.147+0000][1][safepoint    ] Leaving safepoint region
[2022-06-13T03:04:16.148+0000][1][safepoint    ] Total time for which application threads were stopped: 0.0006964 seconds, Stopping threads took: 0.0003251 seconds
[2022-06-13T03:04:16.230+0000][1][safepoint    ] Application time: 0.0821858 seconds
[2022-06-13T03:04:16.230+0000][1][safepoint    ] Entering safepoint region: GenCollectForAllocation
[2022-06-13T03:04:16.231+0000][1][gc,start     ] GC(15) Pause Young (Allocation Failure)
[2022-06-13T03:04:16.231+0000][1][gc,task      ] GC(15) Using 5 workers of 13 for evacuation
[2022-06-13T03:04:16.243+0000][1][gc,age       ] GC(15) Desired survivor size 4456448 bytes, new threshold 1 (max threshold 6)
[2022-06-13T03:04:16.243+0000][1][gc,age       ] GC(15) Age table with threshold 1 (max threshold 6)
[2022-06-13T03:04:16.243+0000][1][gc,age       ] GC(15) - age   1:    6715096 bytes,    6715096 total
[2022-06-13T03:04:16.243+0000][1][gc,heap      ] GC(15) ParNew: 78656K->8704K(78656K)
[2022-06-13T03:04:16.243+0000][1][gc,heap      ] GC(15) CMS: 38948K->48839K(174784K)
[2022-06-13T03:04:16.244+0000][1][gc,metaspace ] GC(15) Metaspace: 31869K->31869K(1079296K)
[2022-06-13T03:04:16.244+0000][1][gc           ] GC(15) Pause Young (Allocation Failure) 114M->56M(247M) 13.116ms
[2022-06-13T03:04:16.244+0000][1][gc,cpu       ] GC(15) User=0.12s Sys=0.00s Real=0.01s
[2022-06-13T03:04:16.244+0000][1][safepoint    ] Leaving safepoint region
[2022-06-13T03:04:16.244+0000][1][safepoint    ] Total time for which application threads were stopped: 0.0136841 seconds, Stopping threads took: 0.0001453 seconds
[2022-06-13T03:04:16.280+0000][1][safepoint    ] Application time: 0.0354770 seconds
[2022-06-13T03:04:16.280+0000][1][safepoint    ] Entering safepoint region: RevokeBias
[2022-06-13T03:04:16.280+0000][1][safepoint    ] Leaving safepoint region
[2022-06-13T03:04:16.280+0000][1][safepoint    ] Total time for which application threads were stopped: 0.0003118 seconds, Stopping threads took: 0.0001275 seconds
[2022-06-13T03:04:16.337+0000][1][safepoint    ] Application time: 0.0562563 seconds
[2022-06-13T03:04:16.337+0000][1][safepoint    ] Entering safepoint region: GenCollectForAllocation
[2022-06-13T03:04:16.337+0000][1][gc,start     ] GC(16) Pause Young (Allocation Failure)
[2022-06-13T03:04:16.338+0000][1][gc,task      ] GC(16) Using 5 workers of 13 for evacuation
[2022-06-13T03:04:16.342+0000][1][gc,age       ] GC(16) Desired survivor size 4456448 bytes, new threshold 6 (max threshold 6)
[2022-06-13T03:04:16.343+0000][1][gc,age       ] GC(16) Age table with threshold 6 (max threshold 6)
[2022-06-13T03:04:16.343+0000][1][gc,age       ] GC(16) - age   1:     403464 bytes,     403464 total
[2022-06-13T03:04:16.343+0000][1][gc,heap      ] GC(16) ParNew: 78656K->7021K(78656K)
[2022-06-13T03:04:16.343+0000][1][gc,heap      ] GC(16) CMS: 48839K->55434K(174784K)
[2022-06-13T03:04:16.344+0000][1][gc,metaspace ] GC(16) Metaspace: 32950K->32950K(1079296K)
[2022-06-13T03:04:16.344+0000][1][gc           ] GC(16) Pause Young (Allocation Failure) 124M->60M(247M) 6.433ms
[2022-06-13T03:04:16.344+0000][1][gc,cpu       ] GC(16) User=0.03s Sys=0.00s Real=0.01s
[2022-06-13T03:04:16.344+0000][1][safepoint    ] Leaving safepoint region
[2022-06-13T03:04:16.345+0000][1][safepoint    ] Total time for which application threads were stopped: 0.0075988 seconds, Stopping threads took: 0.0002104 seconds
[2022-06-13T03:04:16.447+0000][1][safepoint    ] Application time: 0.1025920 seconds
[2022-06-13T03:04:16.448+0000][1][safepoint    ] Entering safepoint region: CollectForMetadataAllocation
[2022-06-13T03:04:16.448+0000][1][safepoint    ] Leaving safepoint region
[2022-06-13T03:04:16.448+0000][1][safepoint    ] Total time for which application threads were stopped: 0.0005063 seconds, Stopping threads took: 0.0001590 seconds
[2022-06-13T03:04:16.469+0000][1][safepoint    ] Application time: 0.0207444 seconds
[2022-06-13T03:04:16.469+0000][1][safepoint    ] Entering safepoint region: CollectForMetadataAllocation
[2022-06-13T03:04:16.470+0000][1][safepoint    ] Leaving safepoint region
[2022-06-13T03:04:16.470+0000][1][safepoint    ] Total time for which application threads were stopped: 0.0004196 seconds, Stopping threads took: 0.0001770 seconds
[2022-06-13T03:04:16.479+0000][1][safepoint    ] Application time: 0.0092858 seconds
[2022-06-13T03:04:16.479+0000][1][safepoint    ] Entering safepoint region: CollectForMetadataAllocation
[2022-06-13T03:04:16.480+0000][1][safepoint    ] Leaving safepoint region
[2022-06-13T03:04:16.480+0000][1][safepoint    ] Total time for which application threads were stopped: 0.0003836 seconds, Stopping threads took: 0.0001412 seconds
[2022-06-13T03:04:16.491+0000][1][safepoint    ] Application time: 0.0106847 seconds
[2022-06-13T03:04:16.491+0000][1][safepoint    ] Entering safepoint region: CollectForMetadataAllocation
[2022-06-13T03:04:16.491+0000][1][safepoint    ] Leaving safepoint region
[2022-06-13T03:04:16.491+0000][1][safepoint    ] Total time for which application threads were stopped: 0.0006305 seconds, Stopping threads took: 0.0003356 seconds
[2022-06-13T03:04:16.509+0000][1][safepoint    ] Application time: 0.0172261 seconds
[2022-06-13T03:04:16.509+0000][1][safepoint    ] Entering safepoint region: CollectForMetadataAllocation
[2022-06-13T03:04:16.510+0000][1][safepoint    ] Leaving safepoint region
[2022-06-13T03:04:16.510+0000][1][safepoint    ] Total time for which application threads were stopped: 0.0006080 seconds, Stopping threads took: 0.0002680 seconds
[2022-06-13T03:04:16.519+0000][1][safepoint    ] Application time: 0.0085644 seconds
[2022-06-13T03:04:16.519+0000][1][safepoint    ] Entering safepoint region: CollectForMetadataAllocation
[2022-06-13T03:04:16.519+0000][1][safepoint    ] Leaving safepoint region
[2022-06-13T03:04:16.519+0000][1][safepoint    ] Total time for which application threads were stopped: 0.0004509 seconds, Stopping threads took: 0.0002239 seconds
[2022-06-13T03:04:16.531+0000][1][safepoint    ] Application time: 0.0110860 seconds
[2022-06-13T03:04:16.531+0000][1][safepoint    ] Entering safepoint region: CollectForMetadataAllocation
[2022-06-13T03:04:16.531+0000][1][safepoint    ] Leaving safepoint region
[2022-06-13T03:04:16.531+0000][1][safepoint    ] Total time for which application threads were stopped: 0.0003653 seconds, Stopping threads took: 0.0001410 seconds
[2022-06-13T03:04:16.543+0000][1][safepoint    ] Application time: 0.0120311 seconds
[2022-06-13T03:04:16.544+0000][1][safepoint    ] Entering safepoint region: CollectForMetadataAllocation
[2022-06-13T03:04:16.544+0000][1][safepoint    ] Leaving safepoint region
[2022-06-13T03:04:16.544+0000][1][safepoint    ] Total time for which application threads were stopped: 0.0003395 seconds, Stopping threads took: 0.0001329 seconds
[2022-06-13T03:04:16.559+0000][1][safepoint    ] Application time: 0.0147172 seconds
[2022-06-13T03:04:16.559+0000][1][safepoint    ] Entering safepoint region: CollectForMetadataAllocation
[2022-06-13T03:04:16.559+0000][1][safepoint    ] Leaving safepoint region
[2022-06-13T03:04:16.559+0000][1][safepoint    ] Total time for which application threads were stopped: 0.0003981 seconds, Stopping threads took: 0.0001707 seconds
[2022-06-13T03:04:16.570+0000][1][safepoint    ] Application time: 0.0100101 seconds
[2022-06-13T03:04:16.570+0000][1][safepoint    ] Entering safepoint region: RevokeBias
[2022-06-13T03:04:16.570+0000][1][safepoint    ] Leaving safepoint region
[2022-06-13T03:04:16.570+0000][1][safepoint    ] Total time for which application threads were stopped: 0.0003351 seconds, Stopping threads took: 0.0001280 seconds
[2022-06-13T03:04:16.573+0000][1][safepoint    ] Application time: 0.0026982 seconds
[2022-06-13T03:04:16.573+0000][1][safepoint    ] Entering safepoint region: CollectForMetadataAllocation
[2022-06-13T03:04:16.573+0000][1][safepoint    ] Leaving safepoint region
[2022-06-13T03:04:16.573+0000][1][safepoint    ] Total time for which application threads were stopped: 0.0003491 seconds, Stopping threads took: 0.0001250 seconds
[2022-06-13T03:04:16.583+0000][1][safepoint    ] Application time: 0.0094851 seconds
[2022-06-13T03:04:16.583+0000][1][safepoint    ] Entering safepoint region: RevokeBias
[2022-06-13T03:04:16.584+0000][1][safepoint    ] Leaving safepoint region
[2022-06-13T03:04:16.584+0000][1][safepoint    ] Total time for which application threads were stopped: 0.0003328 seconds, Stopping threads took: 0.0001468 seconds
[2022-06-13T03:04:16.587+0000][1][safepoint    ] Application time: 0.0035590 seconds
[2022-06-13T03:04:16.588+0000][1][safepoint    ] Entering safepoint region: CollectForMetadataAllocation
[2022-06-13T03:04:16.588+0000][1][safepoint    ] Leaving safepoint region
[2022-06-13T03:04:16.588+0000][1][safepoint    ] Total time for which application threads were stopped: 0.0005282 seconds, Stopping threads took: 0.0002303 seconds
[2022-06-13T03:04:16.603+0000][1][safepoint    ] Application time: 0.0149681 seconds
[2022-06-13T03:04:16.604+0000][1][safepoint    ] Entering safepoint region: CollectForMetadataAllocation
[2022-06-13T03:04:16.604+0000][1][safepoint    ] Leaving safepoint region
[2022-06-13T03:04:16.604+0000][1][safepoint    ] Total time for which application threads were stopped: 0.0006176 seconds, Stopping threads took: 0.0003558 seconds
[2022-06-13T03:04:16.617+0000][1][safepoint    ] Application time: 0.0122612 seconds
[2022-06-13T03:04:16.617+0000][1][safepoint    ] Entering safepoint region: CollectForMetadataAllocation
[2022-06-13T03:04:16.617+0000][1][safepoint    ] Leaving safepoint region
[2022-06-13T03:04:16.618+0000][1][safepoint    ] Total time for which application threads were stopped: 0.0005012 seconds, Stopping threads took: 0.0002230 seconds
[2022-06-13T03:04:16.629+0000][1][safepoint    ] Application time: 0.0112998 seconds
[2022-06-13T03:04:16.629+0000][1][safepoint    ] Entering safepoint region: CollectForMetadataAllocation
[2022-06-13T03:04:16.630+0000][1][safepoint    ] Leaving safepoint region
[2022-06-13T03:04:16.630+0000][1][safepoint    ] Total time for which application threads were stopped: 0.0006430 seconds, Stopping threads took: 0.0002929 seconds
[2022-06-13T03:04:16.638+0000][1][safepoint    ] Application time: 0.0082026 seconds
[2022-06-13T03:04:16.639+0000][1][safepoint    ] Entering safepoint region: CollectForMetadataAllocation
[2022-06-13T03:04:16.639+0000][1][safepoint    ] Leaving safepoint region
[2022-06-13T03:04:16.639+0000][1][safepoint    ] Total time for which application threads were stopped: 0.0006829 seconds, Stopping threads took: 0.0002048 seconds
[2022-06-13T03:04:16.655+0000][1][safepoint    ] Application time: 0.0153685 seconds
[2022-06-13T03:04:16.656+0000][1][safepoint    ] Entering safepoint region: CollectForMetadataAllocation
[2022-06-13T03:04:16.656+0000][1][safepoint    ] Leaving safepoint region
[2022-06-13T03:04:16.656+0000][1][safepoint    ] Total time for which application threads were stopped: 0.0005112 seconds, Stopping threads took: 0.0002336 seconds
[2022-06-13T03:04:16.666+0000][1][safepoint    ] Application time: 0.0094894 seconds
[2022-06-13T03:04:16.666+0000][1][safepoint    ] Entering safepoint region: CollectForMetadataAllocation
[2022-06-13T03:04:16.667+0000][1][safepoint    ] Leaving safepoint region
[2022-06-13T03:04:16.667+0000][1][safepoint    ] Total time for which application threads were stopped: 0.0006399 seconds, Stopping threads took: 0.0003529 seconds
[2022-06-13T03:04:16.676+0000][1][safepoint    ] Application time: 0.0090054 seconds
[2022-06-13T03:04:16.677+0000][1][safepoint    ] Entering safepoint region: CollectForMetadataAllocation
[2022-06-13T03:04:16.677+0000][1][safepoint    ] Leaving safepoint region
[2022-06-13T03:04:16.678+0000][1][safepoint    ] Total time for which application threads were stopped: 0.0008928 seconds, Stopping threads took: 0.0003888 seconds
[2022-06-13T03:04:16.692+0000][1][safepoint    ] Application time: 0.0134529 seconds
[2022-06-13T03:04:16.692+0000][1][safepoint    ] Entering safepoint region: CollectForMetadataAllocation
[2022-06-13T03:04:16.692+0000][1][safepoint    ] Leaving safepoint region
[2022-06-13T03:04:16.692+0000][1][safepoint    ] Total time for which application threads were stopped: 0.0005439 seconds, Stopping threads took: 0.0002172 seconds
[2022-06-13T03:04:16.703+0000][1][safepoint    ] Application time: 0.0105743 seconds
[2022-06-13T03:04:16.703+0000][1][safepoint    ] Entering safepoint region: CollectForMetadataAllocation
[2022-06-13T03:04:16.704+0000][1][safepoint    ] Leaving safepoint region
[2022-06-13T03:04:16.704+0000][1][safepoint    ] Total time for which application threads were stopped: 0.0004374 seconds, Stopping threads took: 0.0002001 seconds
[2022-06-13T03:04:16.715+0000][1][safepoint    ] Application time: 0.0110165 seconds
[2022-06-13T03:04:16.716+0000][1][safepoint    ] Entering safepoint region: CollectForMetadataAllocation
[2022-06-13T03:04:16.716+0000][1][safepoint    ] Leaving safepoint region
[2022-06-13T03:04:16.717+0000][1][safepoint    ] Total time for which application threads were stopped: 0.0009550 seconds, Stopping threads took: 0.0003869 seconds
[2022-06-13T03:04:16.725+0000][1][safepoint    ] Application time: 0.0075430 seconds
[2022-06-13T03:04:16.725+0000][1][safepoint    ] Entering safepoint region: CollectForMetadataAllocation
[2022-06-13T03:04:16.725+0000][1][safepoint    ] Leaving safepoint region
[2022-06-13T03:04:16.726+0000][1][safepoint    ] Total time for which application threads were stopped: 0.0005966 seconds, Stopping threads took: 0.0002910 seconds
[2022-06-13T03:04:16.746+0000][1][safepoint    ] Application time: 0.0202972 seconds
[2022-06-13T03:04:16.747+0000][1][safepoint    ] Entering safepoint region: CollectForMetadataAllocation
[2022-06-13T03:04:16.747+0000][1][safepoint    ] Leaving safepoint region
[2022-06-13T03:04:16.748+0000][1][safepoint    ] Total time for which application threads were stopped: 0.0010234 seconds, Stopping threads took: 0.0004615 seconds
[2022-06-13T03:04:16.762+0000][1][safepoint    ] Application time: 0.0139127 seconds
[2022-06-13T03:04:16.763+0000][1][safepoint    ] Entering safepoint region: CollectForMetadataAllocation
[2022-06-13T03:04:16.763+0000][1][safepoint    ] Leaving safepoint region
[2022-06-13T03:04:16.763+0000][1][safepoint    ] Total time for which application threads were stopped: 0.0007833 seconds, Stopping threads took: 0.0003431 seconds
[2022-06-13T03:04:16.780+0000][1][safepoint    ] Application time: 0.0163606 seconds
[2022-06-13T03:04:16.780+0000][1][safepoint    ] Entering safepoint region: CollectForMetadataAllocation
[2022-06-13T03:04:16.781+0000][1][safepoint    ] Leaving safepoint region
[2022-06-13T03:04:16.781+0000][1][safepoint    ] Total time for which application threads were stopped: 0.0003850 seconds, Stopping threads took: 0.0001572 seconds
[2022-06-13T03:04:16.796+0000][1][safepoint    ] Application time: 0.0153360 seconds
[2022-06-13T03:04:16.797+0000][1][safepoint    ] Entering safepoint region: CollectForMetadataAllocation
[2022-06-13T03:04:16.797+0000][1][safepoint    ] Leaving safepoint region
[2022-06-13T03:04:16.797+0000][1][safepoint    ] Total time for which application threads were stopped: 0.0007168 seconds, Stopping threads took: 0.0003080 seconds
[2022-06-13T03:04:16.801+0000][1][safepoint    ] Application time: 0.0031280 seconds
[2022-06-13T03:04:16.801+0000][1][safepoint    ] Entering safepoint region: RevokeBias
[2022-06-13T03:04:16.802+0000][1][safepoint    ] Leaving safepoint region
[2022-06-13T03:04:16.802+0000][1][safepoint    ] Total time for which application threads were stopped: 0.0011256 seconds, Stopping threads took: 0.0005659 seconds
[2022-06-13T03:04:16.809+0000][1][safepoint    ] Application time: 0.0061639 seconds
[2022-06-13T03:04:16.810+0000][1][safepoint    ] Entering safepoint region: CollectForMetadataAllocation
[2022-06-13T03:04:16.810+0000][1][safepoint    ] Leaving safepoint region
[2022-06-13T03:04:16.810+0000][1][safepoint    ] Total time for which application threads were stopped: 0.0008479 seconds, Stopping threads took: 0.0004623 seconds
[2022-06-13T03:04:16.955+0000][1][safepoint    ] Application time: 0.1439604 seconds
[2022-06-13T03:04:16.955+0000][1][safepoint    ] Entering safepoint region: CollectForMetadataAllocation
[2022-06-13T03:04:16.956+0000][1][safepoint    ] Leaving safepoint region
[2022-06-13T03:04:16.956+0000][1][safepoint    ] Total time for which application threads were stopped: 0.0008124 seconds, Stopping threads took: 0.0003157 seconds
[2022-06-13T03:04:17.155+0000][1][safepoint    ] Application time: 0.1978641 seconds
[2022-06-13T03:04:17.155+0000][1][safepoint    ] Entering safepoint region: GenCollectForAllocation
[2022-06-13T03:04:17.155+0000][1][gc,start     ] GC(17) Pause Young (Allocation Failure)
[2022-06-13T03:04:17.156+0000][1][gc,task      ] GC(17) Using 5 workers of 13 for evacuation
[2022-06-13T03:04:17.159+0000][1][gc,age       ] GC(17) Desired survivor size 4456448 bytes, new threshold 6 (max threshold 6)
[2022-06-13T03:04:17.160+0000][1][gc,age       ] GC(17) Age table with threshold 6 (max threshold 6)
[2022-06-13T03:04:17.160+0000][1][gc,age       ] GC(17) - age   1:    3973696 bytes,    3973696 total
[2022-06-13T03:04:17.161+0000][1][gc,age       ] GC(17) - age   2:     362656 bytes,    4336352 total
[2022-06-13T03:04:17.161+0000][1][gc,heap      ] GC(17) ParNew: 76973K->5487K(78656K)
[2022-06-13T03:04:17.161+0000][1][gc,heap      ] GC(17) CMS: 55434K->55434K(174784K)
[2022-06-13T03:04:17.162+0000][1][gc,metaspace ] GC(17) Metaspace: 42350K->42350K(1087488K)
[2022-06-13T03:04:17.162+0000][1][gc           ] GC(17) Pause Young (Allocation Failure) 129M->59M(247M) 6.555ms
[2022-06-13T03:04:17.162+0000][1][gc,cpu       ] GC(17) User=0.01s Sys=0.00s Real=0.01s
[2022-06-13T03:04:17.162+0000][1][safepoint    ] Leaving safepoint region
[2022-06-13T03:04:17.163+0000][1][safepoint    ] Total time for which application threads were stopped: 0.0078082 seconds, Stopping threads took: 0.0003475 seconds
[2022-06-13T03:04:17.163+0000][1][safepoint    ] Application time: 0.0001701 seconds
[2022-06-13T03:04:17.164+0000][1][safepoint    ] Entering safepoint region: CMS_Initial_Mark
[2022-06-13T03:04:17.164+0000][1][gc,start     ] GC(18) Pause Initial Mark
[2022-06-13T03:04:17.166+0000][1][gc           ] GC(18) Pause Initial Mark 60M->60M(247M) 1.548ms
[2022-06-13T03:04:17.166+0000][1][gc,cpu       ] GC(18) User=0.01s Sys=0.00s Real=0.00s
[2022-06-13T03:04:17.166+0000][1][safepoint    ] Leaving safepoint region
[2022-06-13T03:04:17.167+0000][1][safepoint    ] Total time for which application threads were stopped: 0.0032419 seconds, Stopping threads took: 0.0004206 seconds
[2022-06-13T03:04:17.167+0000][1][gc           ] GC(18) Concurrent Mark
[2022-06-13T03:04:17.168+0000][1][gc,task      ] GC(18) Using 4 workers of 4 for marking
[2022-06-13T03:04:17.170+0000][1][safepoint    ] Application time: 0.0023196 seconds
[2022-06-13T03:04:17.170+0000][1][safepoint    ] Entering safepoint region: CollectForMetadataAllocation
[2022-06-13T03:04:17.171+0000][1][safepoint    ] Leaving safepoint region
[2022-06-13T03:04:17.171+0000][1][safepoint    ] Total time for which application threads were stopped: 0.0009582 seconds, Stopping threads took: 0.0004200 seconds
[2022-06-13T03:04:17.187+0000][1][safepoint    ] Application time: 0.0157036 seconds
[2022-06-13T03:04:17.188+0000][1][safepoint    ] Entering safepoint region: CollectForMetadataAllocation
[2022-06-13T03:04:17.188+0000][1][safepoint    ] Leaving safepoint region
[2022-06-13T03:04:17.189+0000][1][safepoint    ] Total time for which application threads were stopped: 0.0008973 seconds, Stopping threads took: 0.0004419 seconds
[2022-06-13T03:04:17.190+0000][1][gc           ] GC(18) Concurrent Mark 22.975ms
[2022-06-13T03:04:17.191+0000][1][gc,cpu       ] GC(18) User=0.09s Sys=0.01s Real=0.03s
[2022-06-13T03:04:17.191+0000][1][gc           ] GC(18) Concurrent Preclean
[2022-06-13T03:04:17.192+0000][1][gc           ] GC(18) Concurrent Preclean 1.419ms
[2022-06-13T03:04:17.192+0000][1][gc,cpu       ] GC(18) User=0.00s Sys=0.00s Real=0.00s
[2022-06-13T03:04:17.193+0000][1][gc           ] GC(18) Concurrent Abortable Preclean
[2022-06-13T03:04:17.344+0000][1][safepoint    ] Application time: 0.1554575 seconds
[2022-06-13T03:04:17.345+0000][1][safepoint    ] Entering safepoint region: CollectForMetadataAllocation
[2022-06-13T03:04:17.345+0000][1][safepoint    ] Leaving safepoint region
[2022-06-13T03:04:17.345+0000][1][safepoint    ] Total time for which application threads were stopped: 0.0005258 seconds, Stopping threads took: 0.0001401 seconds
[2022-06-13T03:04:17.371+0000][1][safepoint    ] Application time: 0.0255573 seconds
[2022-06-13T03:04:17.371+0000][1][safepoint    ] Entering safepoint region: CollectForMetadataAllocation
[2022-06-13T03:04:17.372+0000][1][safepoint    ] Leaving safepoint region
[2022-06-13T03:04:17.372+0000][1][safepoint    ] Total time for which application threads were stopped: 0.0005344 seconds, Stopping threads took: 0.0002707 seconds
[2022-06-13T03:04:17.381+0000][1][safepoint    ] Application time: 0.0086405 seconds
[2022-06-13T03:04:17.381+0000][1][safepoint    ] Entering safepoint region: CollectForMetadataAllocation
[2022-06-13T03:04:17.381+0000][1][safepoint    ] Leaving safepoint region
[2022-06-13T03:04:17.381+0000][1][safepoint    ] Total time for which application threads were stopped: 0.0004569 seconds, Stopping threads took: 0.0001746 seconds
[2022-06-13T03:04:17.413+0000][1][safepoint    ] Application time: 0.0311414 seconds
[2022-06-13T03:04:17.413+0000][1][safepoint    ] Entering safepoint region: CollectForMetadataAllocation
[2022-06-13T03:04:17.413+0000][1][safepoint    ] Leaving safepoint region
[2022-06-13T03:04:17.413+0000][1][safepoint    ] Total time for which application threads were stopped: 0.0005069 seconds, Stopping threads took: 0.0001530 seconds
[2022-06-13T03:04:17.426+0000][1][safepoint    ] Application time: 0.0129000 seconds
[2022-06-13T03:04:17.427+0000][1][safepoint    ] Entering safepoint region: CollectForMetadataAllocation
[2022-06-13T03:04:17.427+0000][1][safepoint    ] Leaving safepoint region
[2022-06-13T03:04:17.427+0000][1][safepoint    ] Total time for which application threads were stopped: 0.0003744 seconds, Stopping threads took: 0.0001629 seconds
[2022-06-13T03:04:17.428+0000][1][gc           ] GC(18) Concurrent Abortable Preclean 235.369ms
[2022-06-13T03:04:17.428+0000][1][gc,cpu       ] GC(18) User=1.25s Sys=0.07s Real=0.23s
[2022-06-13T03:04:17.428+0000][1][safepoint    ] Application time: 0.0010006 seconds
[2022-06-13T03:04:17.428+0000][1][safepoint    ] Entering safepoint region: CMS_Final_Remark
[2022-06-13T03:04:17.428+0000][1][gc,start     ] GC(18) Pause Remark
[2022-06-13T03:04:17.442+0000][1][gc           ] GC(18) Pause Remark 94M->94M(247M) 13.234ms
[2022-06-13T03:04:17.442+0000][1][gc,cpu       ] GC(18) User=0.07s Sys=0.00s Real=0.02s
[2022-06-13T03:04:17.442+0000][1][safepoint    ] Leaving safepoint region
[2022-06-13T03:04:17.442+0000][1][safepoint    ] Total time for which application threads were stopped: 0.0140239 seconds, Stopping threads took: 0.0001504 seconds
[2022-06-13T03:04:17.443+0000][1][gc           ] GC(18) Concurrent Sweep
[2022-06-13T03:04:17.454+0000][1][safepoint    ] Application time: 0.0120108 seconds
[2022-06-13T03:04:17.455+0000][1][safepoint    ] Entering safepoint region: Deoptimize
[2022-06-13T03:04:17.457+0000][1][safepoint    ] Leaving safepoint region
[2022-06-13T03:04:17.457+0000][1][safepoint    ] Total time for which application threads were stopped: 0.0020498 seconds, Stopping threads took: 0.0001903 seconds
[2022-06-13T03:04:17.465+0000][1][gc           ] GC(18) Concurrent Sweep 22.847ms
[2022-06-13T03:04:17.466+0000][1][gc,cpu       ] GC(18) User=0.11s Sys=0.00s Real=0.02s
[2022-06-13T03:04:17.466+0000][1][gc           ] GC(18) Concurrent Reset
[2022-06-13T03:04:17.466+0000][1][gc           ] GC(18) Concurrent Reset 0.433ms
[2022-06-13T03:04:17.466+0000][1][gc,cpu       ] GC(18) User=0.00s Sys=0.00s Real=0.00s
[2022-06-13T03:04:17.467+0000][1][gc,heap      ] GC(18) Old: 55434K->55208K(174784K)
[2022-06-13T03:04:17.467+0000][1][safepoint    ] Application time: 0.0099738 seconds
[2022-06-13T03:04:17.467+0000][1][safepoint    ] Entering safepoint region: RevokeBias
[2022-06-13T03:04:17.468+0000][1][safepoint    ] Leaving safepoint region
[2022-06-13T03:04:17.468+0000][1][safepoint    ] Total time for which application threads were stopped: 0.0005159 seconds, Stopping threads took: 0.0002810 seconds
[2022-06-13T03:04:17.497+0000][1][safepoint    ] Application time: 0.0288365 seconds
[2022-06-13T03:04:17.497+0000][1][safepoint    ] Entering safepoint region: RevokeBias
[2022-06-13T03:04:17.497+0000][1][safepoint    ] Leaving safepoint region
[2022-06-13T03:04:17.497+0000][1][safepoint    ] Total time for which application threads were stopped: 0.0003795 seconds, Stopping threads took: 0.0001605 seconds
[2022-06-13T03:04:17.505+0000][1][safepoint    ] Application time: 0.0073517 seconds
[2022-06-13T03:04:17.505+0000][1][safepoint    ] Entering safepoint region: RevokeBias
[2022-06-13T03:04:17.505+0000][1][safepoint    ] Leaving safepoint region
[2022-06-13T03:04:17.505+0000][1][safepoint    ] Total time for which application threads were stopped: 0.0003184 seconds, Stopping threads took: 0.0001284 seconds
[2022-06-13T03:04:17.509+0000][1][safepoint    ] Application time: 0.0031155 seconds
[2022-06-13T03:04:17.509+0000][1][safepoint    ] Entering safepoint region: RevokeBias
[2022-06-13T03:04:17.509+0000][1][safepoint    ] Leaving safepoint region
[2022-06-13T03:04:17.509+0000][1][safepoint    ] Total time for which application threads were stopped: 0.0003655 seconds, Stopping threads took: 0.0001526 seconds
[2022-06-13T03:04:17.634+0000][1][safepoint    ] Application time: 0.1248974 seconds
[2022-06-13T03:04:17.635+0000][1][safepoint    ] Entering safepoint region: RevokeBias
[2022-06-13T03:04:17.635+0000][1][safepoint    ] Leaving safepoint region
[2022-06-13T03:04:17.635+0000][1][safepoint    ] Total time for which application threads were stopped: 0.0007196 seconds, Stopping threads took: 0.0001560 seconds
[2022-06-13T03:04:17.685+0000][1][safepoint    ] Application time: 0.0492602 seconds
[2022-06-13T03:04:17.685+0000][1][safepoint    ] Entering safepoint region: RevokeBias
[2022-06-13T03:04:17.685+0000][1][safepoint    ] Leaving safepoint region
[2022-06-13T03:04:17.686+0000][1][safepoint    ] Total time for which application threads were stopped: 0.0005978 seconds, Stopping threads took: 0.0003310 seconds
[2022-06-13T03:04:17.686+0000][1][safepoint    ] Application time: 0.0001104 seconds
[2022-06-13T03:04:17.686+0000][1][safepoint    ] Entering safepoint region: RevokeBias
[2022-06-13T03:04:17.687+0000][1][safepoint    ] Leaving safepoint region
[2022-06-13T03:04:17.687+0000][1][safepoint    ] Total time for which application threads were stopped: 0.0008830 seconds, Stopping threads took: 0.0002482 seconds
[2022-06-13T03:04:17.687+0000][1][safepoint    ] Application time: 0.0001206 seconds
[2022-06-13T03:04:17.688+0000][1][safepoint    ] Entering safepoint region: RevokeBias
[2022-06-13T03:04:17.688+0000][1][safepoint    ] Leaving safepoint region
[2022-06-13T03:04:17.688+0000][1][safepoint    ] Total time for which application threads were stopped: 0.0006846 seconds, Stopping threads took: 0.0003373 seconds
[2022-06-13T03:04:17.689+0000][1][safepoint    ] Application time: 0.0001941 seconds
[2022-06-13T03:04:17.689+0000][1][safepoint    ] Entering safepoint region: RevokeBias
[2022-06-13T03:04:17.689+0000][1][safepoint    ] Leaving safepoint region
[2022-06-13T03:04:17.689+0000][1][safepoint    ] Total time for which application threads were stopped: 0.0003514 seconds, Stopping threads took: 0.0001799 seconds
[2022-06-13T03:04:17.689+0000][1][safepoint    ] Application time: 0.0001829 seconds
[2022-06-13T03:04:17.690+0000][1][safepoint    ] Entering safepoint region: RevokeBias
[2022-06-13T03:04:17.690+0000][1][safepoint    ] Leaving safepoint region
[2022-06-13T03:04:17.690+0000][1][safepoint    ] Total time for which application threads were stopped: 0.0003756 seconds, Stopping threads took: 0.0001682 seconds
[2022-06-13T03:04:17.691+0000][1][safepoint    ] Application time: 0.0003595 seconds
[2022-06-13T03:04:17.691+0000][1][safepoint    ] Entering safepoint region: RevokeBias
[2022-06-13T03:04:17.691+0000][1][safepoint    ] Leaving safepoint region
[2022-06-13T03:04:17.691+0000][1][safepoint    ] Total time for which application threads were stopped: 0.0003632 seconds, Stopping threads took: 0.0001865 seconds
[2022-06-13T03:04:17.691+0000][1][safepoint    ] Application time: 0.0001168 seconds
[2022-06-13T03:04:17.691+0000][1][safepoint    ] Entering safepoint region: RevokeBias
[2022-06-13T03:04:17.692+0000][1][safepoint    ] Leaving safepoint region
[2022-06-13T03:04:17.692+0000][1][safepoint    ] Total time for which application threads were stopped: 0.0002036 seconds, Stopping threads took: 0.0000927 seconds
[2022-06-13T03:04:17.692+0000][1][safepoint    ] Application time: 0.0002507 seconds
[2022-06-13T03:04:17.692+0000][1][safepoint    ] Entering safepoint region: RevokeBias
[2022-06-13T03:04:17.692+0000][1][safepoint    ] Leaving safepoint region
[2022-06-13T03:04:17.693+0000][1][safepoint    ] Total time for which application threads were stopped: 0.0003385 seconds, Stopping threads took: 0.0002078 seconds
[2022-06-13T03:04:17.693+0000][1][safepoint    ] Application time: 0.0000737 seconds
[2022-06-13T03:04:17.693+0000][1][safepoint    ] Entering safepoint region: RevokeBias
[2022-06-13T03:04:17.693+0000][1][safepoint    ] Leaving safepoint region
[2022-06-13T03:04:17.693+0000][1][safepoint    ] Total time for which application threads were stopped: 0.0002181 seconds, Stopping threads took: 0.0001103 seconds
[2022-06-13T03:04:17.693+0000][1][safepoint    ] Application time: 0.0001029 seconds
[2022-06-13T03:04:17.693+0000][1][safepoint    ] Entering safepoint region: RevokeBias
[2022-06-13T03:04:17.694+0000][1][safepoint    ] Leaving safepoint region
[2022-06-13T03:04:17.694+0000][1][safepoint    ] Total time for which application threads were stopped: 0.0002738 seconds, Stopping threads took: 0.0001412 seconds
[2022-06-13T03:04:17.694+0000][1][safepoint    ] Application time: 0.0000962 seconds
[2022-06-13T03:04:17.694+0000][1][safepoint    ] Entering safepoint region: RevokeBias
[2022-06-13T03:04:17.694+0000][1][safepoint    ] Leaving safepoint region
[2022-06-13T03:04:17.694+0000][1][safepoint    ] Total time for which application threads were stopped: 0.0002243 seconds, Stopping threads took: 0.0001039 seconds
[2022-06-13T03:04:17.694+0000][1][safepoint    ] Application time: 0.0000709 seconds
[2022-06-13T03:04:17.695+0000][1][safepoint    ] Entering safepoint region: RevokeBias
[2022-06-13T03:04:17.695+0000][1][safepoint    ] Leaving safepoint region
[2022-06-13T03:04:17.695+0000][1][safepoint    ] Total time for which application threads were stopped: 0.0002110 seconds, Stopping threads took: 0.0001036 seconds
[2022-06-13T03:04:17.695+0000][1][safepoint    ] Application time: 0.0000733 seconds
[2022-06-13T03:04:17.695+0000][1][safepoint    ] Entering safepoint region: RevokeBias
[2022-06-13T03:04:17.695+0000][1][safepoint    ] Leaving safepoint region
[2022-06-13T03:04:17.695+0000][1][safepoint    ] Total time for which application threads were stopped: 0.0002059 seconds, Stopping threads took: 0.0000943 seconds
[2022-06-13T03:04:17.695+0000][1][safepoint    ] Application time: 0.0000584 seconds
[2022-06-13T03:04:17.696+0000][1][safepoint    ] Entering safepoint region: RevokeBias
[2022-06-13T03:04:17.696+0000][1][safepoint    ] Leaving safepoint region
[2022-06-13T03:04:17.696+0000][1][safepoint    ] Total time for which application threads were stopped: 0.0001894 seconds, Stopping threads took: 0.0000890 seconds
[2022-06-13T03:04:17.696+0000][1][safepoint    ] Application time: 0.0000577 seconds
[2022-06-13T03:04:17.696+0000][1][safepoint    ] Entering safepoint region: RevokeBias
[2022-06-13T03:04:17.696+0000][1][safepoint    ] Leaving safepoint region
[2022-06-13T03:04:17.696+0000][1][safepoint    ] Total time for which application threads were stopped: 0.0001877 seconds, Stopping threads took: 0.0000893 seconds
[2022-06-13T03:04:17.696+0000][1][safepoint    ] Application time: 0.0000555 seconds
[2022-06-13T03:04:17.696+0000][1][safepoint    ] Entering safepoint region: RevokeBias
[2022-06-13T03:04:17.696+0000][1][safepoint    ] Leaving safepoint region
[2022-06-13T03:04:17.697+0000][1][safepoint    ] Total time for which application threads were stopped: 0.0001924 seconds, Stopping threads took: 0.0000936 seconds
[2022-06-13T03:04:17.697+0000][1][safepoint    ] Application time: 0.0000561 seconds
[2022-06-13T03:04:17.697+0000][1][safepoint    ] Entering safepoint region: RevokeBias
[2022-06-13T03:04:17.697+0000][1][safepoint    ] Leaving safepoint region
[2022-06-13T03:04:17.697+0000][1][safepoint    ] Total time for which application threads were stopped: 0.0001870 seconds, Stopping threads took: 0.0000892 seconds
[2022-06-13T03:04:17.697+0000][1][safepoint    ] Application time: 0.0000585 seconds
[2022-06-13T03:04:17.697+0000][1][safepoint    ] Entering safepoint region: RevokeBias
[2022-06-13T03:04:17.697+0000][1][safepoint    ] Leaving safepoint region
[2022-06-13T03:04:17.697+0000][1][safepoint    ] Total time for which application threads were stopped: 0.0001956 seconds, Stopping threads took: 0.0000897 seconds
[2022-06-13T03:04:17.698+0000][1][safepoint    ] Application time: 0.0000598 seconds
[2022-06-13T03:04:17.698+0000][1][safepoint    ] Entering safepoint region: RevokeBias
[2022-06-13T03:04:17.698+0000][1][safepoint    ] Leaving safepoint region
[2022-06-13T03:04:17.698+0000][1][safepoint    ] Total time for which application threads were stopped: 0.0001899 seconds, Stopping threads took: 0.0000908 seconds
[2022-06-13T03:04:17.698+0000][1][safepoint    ] Application time: 0.0000551 seconds
[2022-06-13T03:04:17.698+0000][1][safepoint    ] Entering safepoint region: RevokeBias
[2022-06-13T03:04:17.698+0000][1][safepoint    ] Leaving safepoint region
[2022-06-13T03:04:17.698+0000][1][safepoint    ] Total time for which application threads were stopped: 0.0001898 seconds, Stopping threads took: 0.0000908 seconds
[2022-06-13T03:04:17.698+0000][1][safepoint    ] Application time: 0.0000584 seconds
[2022-06-13T03:04:17.698+0000][1][safepoint    ] Entering safepoint region: RevokeBias
[2022-06-13T03:04:17.699+0000][1][safepoint    ] Leaving safepoint region
[2022-06-13T03:04:17.699+0000][1][safepoint    ] Total time for which application threads were stopped: 0.0001882 seconds, Stopping threads took: 0.0000900 seconds
[2022-06-13T03:04:17.699+0000][1][safepoint    ] Application time: 0.0000571 seconds
[2022-06-13T03:04:17.699+0000][1][safepoint    ] Entering safepoint region: RevokeBias
[2022-06-13T03:04:17.699+0000][1][safepoint    ] Leaving safepoint region
[2022-06-13T03:04:17.699+0000][1][safepoint    ] Total time for which application threads were stopped: 0.0001895 seconds, Stopping threads took: 0.0000909 seconds
[2022-06-13T03:04:17.699+0000][1][safepoint    ] Application time: 0.0000572 seconds
[2022-06-13T03:04:17.699+0000][1][safepoint    ] Entering safepoint region: RevokeBias
[2022-06-13T03:04:17.700+0000][1][safepoint    ] Leaving safepoint region
[2022-06-13T03:04:17.700+0000][1][safepoint    ] Total time for which application threads were stopped: 0.0003886 seconds, Stopping threads took: 0.0001775 seconds
[2022-06-13T03:04:17.700+0000][1][safepoint    ] Application time: 0.0000596 seconds
[2022-06-13T03:04:17.700+0000][1][safepoint    ] Entering safepoint region: RevokeBias
[2022-06-13T03:04:17.700+0000][1][safepoint    ] Leaving safepoint region
[2022-06-13T03:04:17.700+0000][1][safepoint    ] Total time for which application threads were stopped: 0.0003425 seconds, Stopping threads took: 0.0001646 seconds
[2022-06-13T03:04:17.701+0000][1][safepoint    ] Application time: 0.0000538 seconds
[2022-06-13T03:04:17.701+0000][1][safepoint    ] Entering safepoint region: RevokeBias
[2022-06-13T03:04:17.701+0000][1][safepoint    ] Leaving safepoint region
[2022-06-13T03:04:17.701+0000][1][safepoint    ] Total time for which application threads were stopped: 0.0003576 seconds, Stopping threads took: 0.0001694 seconds
[2022-06-13T03:04:17.701+0000][1][safepoint    ] Application time: 0.0000628 seconds
[2022-06-13T03:04:17.702+0000][1][safepoint    ] Entering safepoint region: RevokeBias
[2022-06-13T03:04:17.702+0000][1][safepoint    ] Leaving safepoint region
[2022-06-13T03:04:17.702+0000][1][safepoint    ] Total time for which application threads were stopped: 0.0003500 seconds, Stopping threads took: 0.0001094 seconds
[2022-06-13T03:04:17.702+0000][1][safepoint    ] Application time: 0.0000568 seconds
[2022-06-13T03:04:17.702+0000][1][safepoint    ] Entering safepoint region: BulkRevokeBias
[2022-06-13T03:04:17.703+0000][1][safepoint    ] Leaving safepoint region
[2022-06-13T03:04:17.703+0000][1][safepoint    ] Total time for which application threads were stopped: 0.0006265 seconds, Stopping threads took: 0.0003838 seconds
[2022-06-13T03:04:17.703+0000][1][safepoint    ] Application time: 0.0002047 seconds
[2022-06-13T03:04:17.704+0000][1][safepoint    ] Entering safepoint region: RevokeBias
[2022-06-13T03:04:17.704+0000][1][safepoint    ] Leaving safepoint region
[2022-06-13T03:04:17.704+0000][1][safepoint    ] Total time for which application threads were stopped: 0.0002162 seconds, Stopping threads took: 0.0001047 seconds
[2022-06-13T03:04:17.704+0000][1][safepoint    ] Application time: 0.0001021 seconds
[2022-06-13T03:04:17.704+0000][1][safepoint    ] Entering safepoint region: RevokeBias
[2022-06-13T03:04:17.704+0000][1][safepoint    ] Leaving safepoint region
[2022-06-13T03:04:17.704+0000][1][safepoint    ] Total time for which application threads were stopped: 0.0001839 seconds, Stopping threads took: 0.0000771 seconds
[2022-06-13T03:04:17.704+0000][1][safepoint    ] Application time: 0.0000921 seconds
[2022-06-13T03:04:17.704+0000][1][safepoint    ] Entering safepoint region: RevokeBias
[2022-06-13T03:04:17.705+0000][1][safepoint    ] Leaving safepoint region
[2022-06-13T03:04:17.705+0000][1][safepoint    ] Total time for which application threads were stopped: 0.0001728 seconds, Stopping threads took: 0.0000771 seconds
[2022-06-13T03:04:17.705+0000][1][safepoint    ] Application time: 0.0000806 seconds
[2022-06-13T03:04:17.705+0000][1][safepoint    ] Entering safepoint region: RevokeBias
[2022-06-13T03:04:17.705+0000][1][safepoint    ] Leaving safepoint region
[2022-06-13T03:04:17.705+0000][1][safepoint    ] Total time for which application threads were stopped: 0.0001917 seconds, Stopping threads took: 0.0000817 seconds
[2022-06-13T03:04:17.705+0000][1][safepoint    ] Application time: 0.0000799 seconds
[2022-06-13T03:04:17.705+0000][1][safepoint    ] Entering safepoint region: RevokeBias
[2022-06-13T03:04:17.706+0000][1][safepoint    ] Leaving safepoint region
[2022-06-13T03:04:17.706+0000][1][safepoint    ] Total time for which application threads were stopped: 0.0002122 seconds, Stopping threads took: 0.0000889 seconds
[2022-06-13T03:04:17.706+0000][1][safepoint    ] Application time: 0.0000750 seconds
[2022-06-13T03:04:17.706+0000][1][safepoint    ] Entering safepoint region: RevokeBias
[2022-06-13T03:04:17.706+0000][1][safepoint    ] Leaving safepoint region
[2022-06-13T03:04:17.706+0000][1][safepoint    ] Total time for which application threads were stopped: 0.0002108 seconds, Stopping threads took: 0.0000917 seconds
[2022-06-13T03:04:17.706+0000][1][safepoint    ] Application time: 0.0000740 seconds
[2022-06-13T03:04:17.706+0000][1][safepoint    ] Entering safepoint region: RevokeBias
[2022-06-13T03:04:17.706+0000][1][safepoint    ] Leaving safepoint region
[2022-06-13T03:04:17.707+0000][1][safepoint    ] Total time for which application threads were stopped: 0.0001849 seconds, Stopping threads took: 0.0000794 seconds
[2022-06-13T03:04:17.707+0000][1][safepoint    ] Application time: 0.0000729 seconds
[2022-06-13T03:04:17.707+0000][1][safepoint    ] Entering safepoint region: RevokeBias
[2022-06-13T03:04:17.707+0000][1][safepoint    ] Leaving safepoint region
[2022-06-13T03:04:17.707+0000][1][safepoint    ] Total time for which application threads were stopped: 0.0002171 seconds, Stopping threads took: 0.0000966 seconds
[2022-06-13T03:04:17.707+0000][1][safepoint    ] Application time: 0.0000693 seconds
[2022-06-13T03:04:17.707+0000][1][safepoint    ] Entering safepoint region: RevokeBias
[2022-06-13T03:04:17.708+0000][1][safepoint    ] Leaving safepoint region
[2022-06-13T03:04:17.708+0000][1][safepoint    ] Total time for which application threads were stopped: 0.0003831 seconds, Stopping threads took: 0.0002763 seconds
[2022-06-13T03:04:17.708+0000][1][safepoint    ] Application time: 0.0000616 seconds
[2022-06-13T03:04:17.708+0000][1][safepoint    ] Entering safepoint region: RevokeBias
[2022-06-13T03:04:17.708+0000][1][safepoint    ] Leaving safepoint region
[2022-06-13T03:04:17.708+0000][1][safepoint    ] Total time for which application threads were stopped: 0.0001992 seconds, Stopping threads took: 0.0000908 seconds
[2022-06-13T03:04:17.708+0000][1][safepoint    ] Application time: 0.0000623 seconds
[2022-06-13T03:04:17.708+0000][1][safepoint    ] Entering safepoint region: RevokeBias
[2022-06-13T03:04:17.708+0000][1][safepoint    ] Leaving safepoint region
[2022-06-13T03:04:17.709+0000][1][safepoint    ] Total time for which application threads were stopped: 0.0001813 seconds, Stopping threads took: 0.0000870 seconds
[2022-06-13T03:04:17.709+0000][1][safepoint    ] Application time: 0.0000551 seconds
[2022-06-13T03:04:17.709+0000][1][safepoint    ] Entering safepoint region: RevokeBias
[2022-06-13T03:04:17.709+0000][1][safepoint    ] Leaving safepoint region
[2022-06-13T03:04:17.709+0000][1][safepoint    ] Total time for which application threads were stopped: 0.0001922 seconds, Stopping threads took: 0.0000872 seconds
[2022-06-13T03:04:17.709+0000][1][safepoint    ] Application time: 0.0000599 seconds
[2022-06-13T03:04:17.709+0000][1][safepoint    ] Entering safepoint region: RevokeBias
[2022-06-13T03:04:17.709+0000][1][safepoint    ] Leaving safepoint region
[2022-06-13T03:04:17.709+0000][1][safepoint    ] Total time for which application threads were stopped: 0.0001984 seconds, Stopping threads took: 0.0000889 seconds
[2022-06-13T03:04:17.710+0000][1][safepoint    ] Application time: 0.0000636 seconds
[2022-06-13T03:04:17.710+0000][1][safepoint    ] Entering safepoint region: RevokeBias
[2022-06-13T03:04:17.710+0000][1][safepoint    ] Leaving safepoint region
[2022-06-13T03:04:17.710+0000][1][safepoint    ] Total time for which application threads were stopped: 0.0001924 seconds, Stopping threads took: 0.0000889 seconds
[2022-06-13T03:04:17.710+0000][1][safepoint    ] Application time: 0.0000571 seconds
[2022-06-13T03:04:17.710+0000][1][safepoint    ] Entering safepoint region: RevokeBias
[2022-06-13T03:04:17.710+0000][1][safepoint    ] Leaving safepoint region
[2022-06-13T03:04:17.710+0000][1][safepoint    ] Total time for which application threads were stopped: 0.0001934 seconds, Stopping threads took: 0.0000905 seconds
[2022-06-13T03:04:17.710+0000][1][safepoint    ] Application time: 0.0000570 seconds
[2022-06-13T03:04:17.710+0000][1][safepoint    ] Entering safepoint region: RevokeBias
[2022-06-13T03:04:17.711+0000][1][safepoint    ] Leaving safepoint region
[2022-06-13T03:04:17.711+0000][1][safepoint    ] Total time for which application threads were stopped: 0.0001892 seconds, Stopping threads took: 0.0000862 seconds
[2022-06-13T03:04:17.711+0000][1][safepoint    ] Application time: 0.0000581 seconds
[2022-06-13T03:04:17.711+0000][1][safepoint    ] Entering safepoint region: RevokeBias
[2022-06-13T03:04:17.711+0000][1][safepoint    ] Leaving safepoint region
[2022-06-13T03:04:17.711+0000][1][safepoint    ] Total time for which application threads were stopped: 0.0001836 seconds, Stopping threads took: 0.0000863 seconds
[2022-06-13T03:04:17.711+0000][1][safepoint    ] Application time: 0.0000570 seconds
[2022-06-13T03:04:17.711+0000][1][safepoint    ] Entering safepoint region: RevokeBias
[2022-06-13T03:04:17.711+0000][1][safepoint    ] Leaving safepoint region
[2022-06-13T03:04:17.711+0000][1][safepoint    ] Total time for which application threads were stopped: 0.0001947 seconds, Stopping threads took: 0.0000892 seconds
[2022-06-13T03:04:17.712+0000][1][safepoint    ] Application time: 0.0000473 seconds
[2022-06-13T03:04:17.712+0000][1][safepoint    ] Entering safepoint region: RevokeBias
[2022-06-13T03:04:17.712+0000][1][safepoint    ] Leaving safepoint region
[2022-06-13T03:04:17.712+0000][1][safepoint    ] Total time for which application threads were stopped: 0.0002016 seconds, Stopping threads took: 0.0000924 seconds
[2022-06-13T03:04:17.712+0000][1][safepoint    ] Application time: 0.0000432 seconds
[2022-06-13T03:04:17.712+0000][1][safepoint    ] Entering safepoint region: RevokeBias
[2022-06-13T03:04:17.712+0000][1][safepoint    ] Leaving safepoint region
[2022-06-13T03:04:17.712+0000][1][safepoint    ] Total time for which application threads were stopped: 0.0001922 seconds, Stopping threads took: 0.0000828 seconds
[2022-06-13T03:04:17.712+0000][1][safepoint    ] Application time: 0.0000581 seconds
[2022-06-13T03:04:17.713+0000][1][safepoint    ] Entering safepoint region: RevokeBias
[2022-06-13T03:04:17.713+0000][1][safepoint    ] Leaving safepoint region
[2022-06-13T03:04:17.713+0000][1][safepoint    ] Total time for which application threads were stopped: 0.0001910 seconds, Stopping threads took: 0.0000904 seconds
[2022-06-13T03:04:17.713+0000][1][safepoint    ] Application time: 0.0000579 seconds
[2022-06-13T03:04:17.713+0000][1][safepoint    ] Entering safepoint region: RevokeBias
[2022-06-13T03:04:17.713+0000][1][safepoint    ] Leaving safepoint region
[2022-06-13T03:04:17.713+0000][1][safepoint    ] Total time for which application threads were stopped: 0.0001864 seconds, Stopping threads took: 0.0000911 seconds
[2022-06-13T03:04:17.713+0000][1][safepoint    ] Application time: 0.0000624 seconds
[2022-06-13T03:04:17.713+0000][1][safepoint    ] Entering safepoint region: BulkRevokeBias
[2022-06-13T03:04:17.714+0000][1][safepoint    ] Leaving safepoint region
[2022-06-13T03:04:17.714+0000][1][safepoint    ] Total time for which application threads were stopped: 0.0002199 seconds, Stopping threads took: 0.0000870 seconds
[2022-06-13T03:04:17.714+0000][1][safepoint    ] Application time: 0.0002566 seconds
[2022-06-13T03:04:17.714+0000][1][safepoint    ] Entering safepoint region: RevokeBias
[2022-06-13T03:04:17.714+0000][1][safepoint    ] Leaving safepoint region
[2022-06-13T03:04:17.714+0000][1][safepoint    ] Total time for which application threads were stopped: 0.0002471 seconds, Stopping threads took: 0.0001410 seconds
[2022-06-13T03:04:17.714+0000][1][safepoint    ] Application time: 0.0000851 seconds
[2022-06-13T03:04:17.715+0000][1][safepoint    ] Entering safepoint region: RevokeBias
[2022-06-13T03:04:17.715+0000][1][safepoint    ] Leaving safepoint region
[2022-06-13T03:04:17.715+0000][1][safepoint    ] Total time for which application threads were stopped: 0.0001792 seconds, Stopping threads took: 0.0000812 seconds
[2022-06-13T03:04:17.715+0000][1][safepoint    ] Application time: 0.0000754 seconds
[2022-06-13T03:04:17.715+0000][1][safepoint    ] Entering safepoint region: RevokeBias
[2022-06-13T03:04:17.715+0000][1][safepoint    ] Leaving safepoint region
[2022-06-13T03:04:17.715+0000][1][safepoint    ] Total time for which application threads were stopped: 0.0001824 seconds, Stopping threads took: 0.0000878 seconds
[2022-06-13T03:04:17.715+0000][1][safepoint    ] Application time: 0.0000965 seconds
[2022-06-13T03:04:17.715+0000][1][safepoint    ] Entering safepoint region: RevokeBias
[2022-06-13T03:04:17.716+0000][1][safepoint    ] Leaving safepoint region
[2022-06-13T03:04:17.716+0000][1][safepoint    ] Total time for which application threads were stopped: 0.0002147 seconds, Stopping threads took: 0.0001108 seconds
[2022-06-13T03:04:17.716+0000][1][safepoint    ] Application time: 0.0000731 seconds
[2022-06-13T03:04:17.716+0000][1][safepoint    ] Entering safepoint region: RevokeBias
[2022-06-13T03:04:17.716+0000][1][safepoint    ] Leaving safepoint region
[2022-06-13T03:04:17.716+0000][1][safepoint    ] Total time for which application threads were stopped: 0.0002728 seconds, Stopping threads took: 0.0001711 seconds
[2022-06-13T03:04:17.716+0000][1][safepoint    ] Application time: 0.0000615 seconds
[2022-06-13T03:04:17.716+0000][1][safepoint    ] Entering safepoint region: RevokeBias
[2022-06-13T03:04:17.717+0000][1][safepoint    ] Leaving safepoint region
[2022-06-13T03:04:17.717+0000][1][safepoint    ] Total time for which application threads were stopped: 0.0001819 seconds, Stopping threads took: 0.0000891 seconds
[2022-06-13T03:04:17.717+0000][1][safepoint    ] Application time: 0.0000752 seconds
[2022-06-13T03:04:17.717+0000][1][safepoint    ] Entering safepoint region: RevokeBias
[2022-06-13T03:04:17.717+0000][1][safepoint    ] Leaving safepoint region
[2022-06-13T03:04:17.717+0000][1][safepoint    ] Total time for which application threads were stopped: 0.0001771 seconds, Stopping threads took: 0.0000838 seconds
[2022-06-13T03:04:17.717+0000][1][safepoint    ] Application time: 0.0000656 seconds
[2022-06-13T03:04:17.717+0000][1][safepoint    ] Entering safepoint region: RevokeBias
[2022-06-13T03:04:17.717+0000][1][safepoint    ] Leaving safepoint region
[2022-06-13T03:04:17.717+0000][1][safepoint    ] Total time for which application threads were stopped: 0.0001803 seconds, Stopping threads took: 0.0000886 seconds
[2022-06-13T03:04:17.718+0000][1][safepoint    ] Application time: 0.0000695 seconds
[2022-06-13T03:04:17.718+0000][1][safepoint    ] Entering safepoint region: RevokeBias
[2022-06-13T03:04:17.718+0000][1][safepoint    ] Leaving safepoint region
[2022-06-13T03:04:17.718+0000][1][safepoint    ] Total time for which application threads were stopped: 0.0001797 seconds, Stopping threads took: 0.0000887 seconds
[2022-06-13T03:04:17.718+0000][1][safepoint    ] Application time: 0.0000866 seconds
[2022-06-13T03:04:17.718+0000][1][safepoint    ] Entering safepoint region: RevokeBias
[2022-06-13T03:04:17.719+0000][1][safepoint    ] Leaving safepoint region
[2022-06-13T03:04:17.719+0000][1][safepoint    ] Total time for which application threads were stopped: 0.0004857 seconds, Stopping threads took: 0.0002414 seconds
[2022-06-13T03:04:17.719+0000][1][safepoint    ] Application time: 0.0000916 seconds
[2022-06-13T03:04:17.719+0000][1][safepoint    ] Entering safepoint region: BulkRevokeBias
[2022-06-13T03:04:17.720+0000][1][safepoint    ] Leaving safepoint region
[2022-06-13T03:04:17.720+0000][1][safepoint    ] Total time for which application threads were stopped: 0.0004111 seconds, Stopping threads took: 0.0002125 seconds
[2022-06-13T03:04:17.720+0000][1][safepoint    ] Application time: 0.0003252 seconds
[2022-06-13T03:04:17.721+0000][1][safepoint    ] Entering safepoint region: RevokeBias
[2022-06-13T03:04:17.721+0000][1][safepoint    ] Leaving safepoint region
[2022-06-13T03:04:17.721+0000][1][safepoint    ] Total time for which application threads were stopped: 0.0003740 seconds, Stopping threads took: 0.0002296 seconds
[2022-06-13T03:04:17.721+0000][1][safepoint    ] Application time: 0.0001584 seconds
[2022-06-13T03:04:17.722+0000][1][safepoint    ] Entering safepoint region: RevokeBias
[2022-06-13T03:04:17.722+0000][1][safepoint    ] Leaving safepoint region
[2022-06-13T03:04:17.722+0000][1][safepoint    ] Total time for which application threads were stopped: 0.0003634 seconds, Stopping threads took: 0.0001597 seconds
[2022-06-13T03:04:17.722+0000][1][safepoint    ] Application time: 0.0000874 seconds
[2022-06-13T03:04:17.722+0000][1][safepoint    ] Entering safepoint region: RevokeBias
[2022-06-13T03:04:17.723+0000][1][safepoint    ] Leaving safepoint region
[2022-06-13T03:04:17.723+0000][1][safepoint    ] Total time for which application threads were stopped: 0.0006590 seconds, Stopping threads took: 0.0004349 seconds
[2022-06-13T03:04:17.723+0000][1][safepoint    ] Application time: 0.0000816 seconds
[2022-06-13T03:04:17.723+0000][1][safepoint    ] Entering safepoint region: RevokeBias
[2022-06-13T03:04:17.723+0000][1][safepoint    ] Leaving safepoint region
[2022-06-13T03:04:17.723+0000][1][safepoint    ] Total time for which application threads were stopped: 0.0003099 seconds, Stopping threads took: 0.0001973 seconds
[2022-06-13T03:04:17.724+0000][1][safepoint    ] Application time: 0.0000731 seconds
[2022-06-13T03:04:17.724+0000][1][safepoint    ] Entering safepoint region: RevokeBias
[2022-06-13T03:04:17.724+0000][1][safepoint    ] Leaving safepoint region
[2022-06-13T03:04:17.724+0000][1][safepoint    ] Total time for which application threads were stopped: 0.0001885 seconds, Stopping threads took: 0.0000835 seconds
[2022-06-13T03:04:17.724+0000][1][safepoint    ] Application time: 0.0002829 seconds
[2022-06-13T03:04:17.724+0000][1][safepoint    ] Entering safepoint region: RevokeBias
[2022-06-13T03:04:17.725+0000][1][safepoint    ] Leaving safepoint region
[2022-06-13T03:04:17.725+0000][1][safepoint    ] Total time for which application threads were stopped: 0.0002584 seconds, Stopping threads took: 0.0001426 seconds
[2022-06-13T03:04:17.725+0000][1][safepoint    ] Application time: 0.0001248 seconds
[2022-06-13T03:04:17.725+0000][1][safepoint    ] Entering safepoint region: RevokeBias
[2022-06-13T03:04:17.725+0000][1][safepoint    ] Leaving safepoint region
[2022-06-13T03:04:17.725+0000][1][safepoint    ] Total time for which application threads were stopped: 0.0001934 seconds, Stopping threads took: 0.0000902 seconds
[2022-06-13T03:04:17.726+0000][1][safepoint    ] Application time: 0.0004052 seconds
[2022-06-13T03:04:17.726+0000][1][safepoint    ] Entering safepoint region: RevokeBias
[2022-06-13T03:04:17.726+0000][1][safepoint    ] Leaving safepoint region
[2022-06-13T03:04:17.726+0000][1][safepoint    ] Total time for which application threads were stopped: 0.0002644 seconds, Stopping threads took: 0.0001532 seconds
[2022-06-13T03:04:17.726+0000][1][safepoint    ] Application time: 0.0003316 seconds
[2022-06-13T03:04:17.727+0000][1][safepoint    ] Entering safepoint region: RevokeBias
[2022-06-13T03:04:17.727+0000][1][safepoint    ] Leaving safepoint region
[2022-06-13T03:04:17.727+0000][1][safepoint    ] Total time for which application threads were stopped: 0.0007214 seconds, Stopping threads took: 0.0006022 seconds
[2022-06-13T03:04:17.727+0000][1][safepoint    ] Application time: 0.0001313 seconds
[2022-06-13T03:04:17.728+0000][1][safepoint    ] Entering safepoint region: RevokeBias
[2022-06-13T03:04:17.728+0000][1][safepoint    ] Leaving safepoint region
[2022-06-13T03:04:17.728+0000][1][safepoint    ] Total time for which application threads were stopped: 0.0002323 seconds, Stopping threads took: 0.0001319 seconds
[2022-06-13T03:04:17.728+0000][1][safepoint    ] Application time: 0.0001839 seconds
[2022-06-13T03:04:17.728+0000][1][safepoint    ] Entering safepoint region: RevokeBias
[2022-06-13T03:04:17.728+0000][1][safepoint    ] Leaving safepoint region
[2022-06-13T03:04:17.728+0000][1][safepoint    ] Total time for which application threads were stopped: 0.0001985 seconds, Stopping threads took: 0.0000923 seconds
[2022-06-13T03:04:17.730+0000][1][safepoint    ] Application time: 0.0010695 seconds
[2022-06-13T03:04:17.730+0000][1][safepoint    ] Entering safepoint region: RevokeBias
[2022-06-13T03:04:17.730+0000][1][safepoint    ] Leaving safepoint region
[2022-06-13T03:04:17.730+0000][1][safepoint    ] Total time for which application threads were stopped: 0.0005048 seconds, Stopping threads took: 0.0002890 seconds
[2022-06-13T03:04:17.731+0000][1][safepoint    ] Application time: 0.0000847 seconds
[2022-06-13T03:04:17.731+0000][1][safepoint    ] Entering safepoint region: RevokeBias
[2022-06-13T03:04:17.731+0000][1][safepoint    ] Leaving safepoint region
[2022-06-13T03:04:17.731+0000][1][safepoint    ] Total time for which application threads were stopped: 0.0003415 seconds, Stopping threads took: 0.0001602 seconds
[2022-06-13T03:04:17.732+0000][1][safepoint    ] Application time: 0.0007073 seconds
[2022-06-13T03:04:17.732+0000][1][safepoint    ] Entering safepoint region: RevokeBias
[2022-06-13T03:04:17.732+0000][1][safepoint    ] Leaving safepoint region
[2022-06-13T03:04:17.732+0000][1][safepoint    ] Total time for which application threads were stopped: 0.0002408 seconds, Stopping threads took: 0.0001331 seconds
[2022-06-13T03:04:17.733+0000][1][safepoint    ] Application time: 0.0007987 seconds
[2022-06-13T03:04:17.734+0000][1][safepoint    ] Entering safepoint region: RevokeBias
[2022-06-13T03:04:17.734+0000][1][safepoint    ] Leaving safepoint region
[2022-06-13T03:04:17.734+0000][1][safepoint    ] Total time for which application threads were stopped: 0.0008143 seconds, Stopping threads took: 0.0005375 seconds
[2022-06-13T03:04:17.735+0000][1][safepoint    ] Application time: 0.0001070 seconds
[2022-06-13T03:04:17.735+0000][1][safepoint    ] Entering safepoint region: RevokeBias
[2022-06-13T03:04:17.735+0000][1][safepoint    ] Leaving safepoint region
[2022-06-13T03:04:17.735+0000][1][safepoint    ] Total time for which application threads were stopped: 0.0002363 seconds, Stopping threads took: 0.0001121 seconds
[2022-06-13T03:04:17.735+0000][1][safepoint    ] Application time: 0.0003488 seconds
[2022-06-13T03:04:17.736+0000][1][safepoint    ] Entering safepoint region: RevokeBias
[2022-06-13T03:04:17.736+0000][1][safepoint    ] Leaving safepoint region
[2022-06-13T03:04:17.736+0000][1][safepoint    ] Total time for which application threads were stopped: 0.0002750 seconds, Stopping threads took: 0.0001635 seconds
[2022-06-13T03:04:17.760+0000][1][safepoint    ] Application time: 0.0242162 seconds
[2022-06-13T03:04:17.761+0000][1][safepoint    ] Entering safepoint region: GenCollectForAllocation
[2022-06-13T03:04:17.761+0000][1][gc,start     ] GC(19) Pause Young (Allocation Failure)
[2022-06-13T03:04:17.761+0000][1][gc,task      ] GC(19) Using 5 workers of 13 for evacuation
[2022-06-13T03:04:17.765+0000][1][gc,age       ] GC(19) Desired survivor size 4456448 bytes, new threshold 2 (max threshold 6)
[2022-06-13T03:04:17.766+0000][1][gc,age       ] GC(19) Age table with threshold 2 (max threshold 6)
[2022-06-13T03:04:17.766+0000][1][gc,age       ] GC(19) - age   1:    2956976 bytes,    2956976 total
[2022-06-13T03:04:17.767+0000][1][gc,age       ] GC(19) - age   2:    3870544 bytes,    6827520 total
[2022-06-13T03:04:17.767+0000][1][gc,age       ] GC(19) - age   3:     360552 bytes,    7188072 total
[2022-06-13T03:04:17.767+0000][1][gc,heap      ] GC(19) ParNew: 75439K->7991K(78656K)
[2022-06-13T03:04:17.768+0000][1][gc,heap      ] GC(19) CMS: 55208K->55208K(174784K)
[2022-06-13T03:04:17.768+0000][1][gc,metaspace ] GC(19) Metaspace: 47425K->47425K(1093632K)
[2022-06-13T03:04:17.769+0000][1][gc           ] GC(19) Pause Young (Allocation Failure) 127M->61M(247M) 7.537ms
[2022-06-13T03:04:17.769+0000][1][gc,cpu       ] GC(19) User=0.02s Sys=0.00s Real=0.01s
[2022-06-13T03:04:17.770+0000][1][safepoint    ] Leaving safepoint region
[2022-06-13T03:04:17.770+0000][1][safepoint    ] Total time for which application threads were stopped: 0.0090722 seconds, Stopping threads took: 0.0002380 seconds
[2022-06-13T03:04:17.897+0000][1][safepoint    ] Application time: 0.1265739 seconds
[2022-06-13T03:04:17.897+0000][1][safepoint    ] Entering safepoint region: RevokeBias
[2022-06-13T03:04:17.898+0000][1][safepoint    ] Leaving safepoint region
[2022-06-13T03:04:17.899+0000][1][safepoint    ] Total time for which application threads were stopped: 0.0010217 seconds, Stopping threads took: 0.0004906 seconds
[2022-06-13T03:04:17.962+0000][1][safepoint    ] Application time: 0.0631378 seconds
[2022-06-13T03:04:17.963+0000][1][safepoint    ] Entering safepoint region: RevokeBias
[2022-06-13T03:04:17.963+0000][1][safepoint    ] Leaving safepoint region
[2022-06-13T03:04:17.963+0000][1][safepoint    ] Total time for which application threads were stopped: 0.0007729 seconds, Stopping threads took: 0.0003515 seconds
[2022-06-13T03:04:18.210+0000][1][safepoint    ] Application time: 0.2464105 seconds
[2022-06-13T03:04:18.211+0000][1][safepoint    ] Entering safepoint region: GenCollectForAllocation
[2022-06-13T03:04:18.212+0000][1][gc,start     ] GC(20) Pause Young (Allocation Failure)
[2022-06-13T03:04:18.212+0000][1][gc,task      ] GC(20) Using 5 workers of 13 for evacuation
[2022-06-13T03:04:18.217+0000][1][gc,age       ] GC(20) Desired survivor size 4456448 bytes, new threshold 2 (max threshold 6)
[2022-06-13T03:04:18.218+0000][1][gc,age       ] GC(20) Age table with threshold 2 (max threshold 6)
[2022-06-13T03:04:18.219+0000][1][gc,age       ] GC(20) - age   1:    1623040 bytes,    1623040 total
[2022-06-13T03:04:18.219+0000][1][gc,age       ] GC(20) - age   2:    2891760 bytes,    4514800 total
[2022-06-13T03:04:18.219+0000][1][gc,heap      ] GC(20) ParNew: 77943K->6172K(78656K)
[2022-06-13T03:04:18.220+0000][1][gc,heap      ] GC(20) CMS: 55208K->59457K(174784K)
[2022-06-13T03:04:18.220+0000][1][gc,metaspace ] GC(20) Metaspace: 54260K->54260K(1099776K)
[2022-06-13T03:04:18.221+0000][1][gc           ] GC(20) Pause Young (Allocation Failure) 130M->64M(247M) 9.140ms
[2022-06-13T03:04:18.221+0000][1][gc,cpu       ] GC(20) User=0.02s Sys=0.00s Real=0.01s
[2022-06-13T03:04:18.222+0000][1][safepoint    ] Leaving safepoint region
[2022-06-13T03:04:18.222+0000][1][safepoint    ] Total time for which application threads were stopped: 0.0112148 seconds, Stopping threads took: 0.0004018 seconds
[2022-06-13T03:04:18.320+0000][1][safepoint    ] Application time: 0.0978564 seconds
[2022-06-13T03:04:18.321+0000][1][safepoint    ] Entering safepoint region: Deoptimize
[2022-06-13T03:04:18.322+0000][1][safepoint    ] Leaving safepoint region
[2022-06-13T03:04:18.322+0000][1][safepoint    ] Total time for which application threads were stopped: 0.0016553 seconds, Stopping threads took: 0.0004804 seconds
[2022-06-13T03:04:18.342+0000][1][safepoint    ] Application time: 0.0195683 seconds
[2022-06-13T03:04:18.343+0000][1][safepoint    ] Entering safepoint region: RevokeBias
[2022-06-13T03:04:18.343+0000][1][safepoint    ] Leaving safepoint region
[2022-06-13T03:04:18.344+0000][1][safepoint    ] Total time for which application threads were stopped: 0.0010606 seconds, Stopping threads took: 0.0005482 seconds
[2022-06-13T03:04:18.344+0000][1][safepoint    ] Application time: 0.0001050 seconds
[2022-06-13T03:04:18.344+0000][1][safepoint    ] Entering safepoint region: RevokeBias
[2022-06-13T03:04:18.345+0000][1][safepoint    ] Leaving safepoint region
[2022-06-13T03:04:18.345+0000][1][safepoint    ] Total time for which application threads were stopped: 0.0008619 seconds, Stopping threads took: 0.0004033 seconds
[2022-06-13T03:04:18.346+0000][1][safepoint    ] Application time: 0.0002597 seconds
[2022-06-13T03:04:18.346+0000][1][safepoint    ] Entering safepoint region: RevokeBias
[2022-06-13T03:04:18.347+0000][1][safepoint    ] Leaving safepoint region
[2022-06-13T03:04:18.347+0000][1][safepoint    ] Total time for which application threads were stopped: 0.0008633 seconds, Stopping threads took: 0.0004079 seconds
[2022-06-13T03:04:18.349+0000][1][safepoint    ] Application time: 0.0015629 seconds
[2022-06-13T03:04:18.349+0000][1][safepoint    ] Entering safepoint region: RevokeBias
[2022-06-13T03:04:18.350+0000][1][safepoint    ] Leaving safepoint region
[2022-06-13T03:04:18.350+0000][1][safepoint    ] Total time for which application threads were stopped: 0.0007176 seconds, Stopping threads took: 0.0004118 seconds
[2022-06-13T03:04:18.422+0000][1][safepoint    ] Application time: 0.0714881 seconds
[2022-06-13T03:04:18.422+0000][1][safepoint    ] Entering safepoint region: RevokeBias
[2022-06-13T03:04:18.424+0000][1][safepoint    ] Leaving safepoint region
[2022-06-13T03:04:18.424+0000][1][safepoint    ] Total time for which application threads were stopped: 0.0017620 seconds, Stopping threads took: 0.0004164 seconds
[2022-06-13T03:04:18.461+0000][1][safepoint    ] Application time: 0.0368347 seconds
[2022-06-13T03:04:18.462+0000][1][safepoint    ] Entering safepoint region: Deoptimize
[2022-06-13T03:04:18.463+0000][1][safepoint    ] Leaving safepoint region
[2022-06-13T03:04:18.463+0000][1][safepoint    ] Total time for which application threads were stopped: 0.0012557 seconds, Stopping threads took: 0.0004148 seconds
[2022-06-13T03:04:18.609+0000][1][safepoint    ] Application time: 0.1453427 seconds
[2022-06-13T03:04:18.609+0000][1][safepoint    ] Entering safepoint region: RevokeBias
[2022-06-13T03:04:18.610+0000][1][safepoint    ] Leaving safepoint region
[2022-06-13T03:04:18.610+0000][1][safepoint    ] Total time for which application threads were stopped: 0.0010357 seconds, Stopping threads took: 0.0005466 seconds
[2022-06-13T03:04:18.611+0000][1][safepoint    ] Application time: 0.0002126 seconds
[2022-06-13T03:04:18.611+0000][1][safepoint    ] Entering safepoint region: RevokeBias
[2022-06-13T03:04:18.612+0000][1][safepoint    ] Leaving safepoint region
[2022-06-13T03:04:18.612+0000][1][safepoint    ] Total time for which application threads were stopped: 0.0006432 seconds, Stopping threads took: 0.0003136 seconds
[2022-06-13T03:04:18.639+0000][1][safepoint    ] Application time: 0.0270888 seconds
[2022-06-13T03:04:18.640+0000][1][safepoint    ] Entering safepoint region: RevokeBias
[2022-06-13T03:04:18.640+0000][1][safepoint    ] Leaving safepoint region
[2022-06-13T03:04:18.641+0000][1][safepoint    ] Total time for which application threads were stopped: 0.0008802 seconds, Stopping threads took: 0.0003909 seconds
[2022-06-13T03:04:18.642+0000][1][safepoint    ] Application time: 0.0002884 seconds
[2022-06-13T03:04:18.642+0000][1][safepoint    ] Entering safepoint region: RevokeBias
[2022-06-13T03:04:18.642+0000][1][safepoint    ] Leaving safepoint region
[2022-06-13T03:04:18.643+0000][1][safepoint    ] Total time for which application threads were stopped: 0.0008701 seconds, Stopping threads took: 0.0003743 seconds
[2022-06-13T03:04:18.643+0000][1][safepoint    ] Application time: 0.0001715 seconds
[2022-06-13T03:04:18.644+0000][1][safepoint    ] Entering safepoint region: RevokeBias
[2022-06-13T03:04:18.644+0000][1][safepoint    ] Leaving safepoint region
[2022-06-13T03:04:18.645+0000][1][safepoint    ] Total time for which application threads were stopped: 0.0009869 seconds, Stopping threads took: 0.0005186 seconds
[2022-06-13T03:04:18.698+0000][1][safepoint    ] Application time: 0.0522473 seconds
[2022-06-13T03:04:18.698+0000][1][safepoint    ] Entering safepoint region: RevokeBias
[2022-06-13T03:04:18.698+0000][1][safepoint    ] Leaving safepoint region
[2022-06-13T03:04:18.698+0000][1][safepoint    ] Total time for which application threads were stopped: 0.0005490 seconds, Stopping threads took: 0.0002429 seconds
[2022-06-13T03:04:18.777+0000][1][safepoint    ] Application time: 0.0786652 seconds
[2022-06-13T03:04:18.778+0000][1][safepoint    ] Entering safepoint region: GenCollectForAllocation
[2022-06-13T03:04:18.778+0000][1][gc,start     ] GC(21) Pause Young (Allocation Failure)
[2022-06-13T03:04:18.779+0000][1][gc,task      ] GC(21) Using 5 workers of 13 for evacuation
[2022-06-13T03:04:18.785+0000][1][gc,age       ] GC(21) Desired survivor size 4456448 bytes, new threshold 2 (max threshold 6)
[2022-06-13T03:04:18.785+0000][1][gc,age       ] GC(21) Age table with threshold 2 (max threshold 6)
[2022-06-13T03:04:18.786+0000][1][gc,age       ] GC(21) - age   1:    4018912 bytes,    4018912 total
[2022-06-13T03:04:18.786+0000][1][gc,age       ] GC(21) - age   2:    1552424 bytes,    5571336 total
[2022-06-13T03:04:18.787+0000][1][gc,heap      ] GC(21) ParNew: 76124K->8704K(78656K)
[2022-06-13T03:04:18.787+0000][1][gc,heap      ] GC(21) CMS: 59457K->62336K(174784K)
[2022-06-13T03:04:18.787+0000][1][gc,metaspace ] GC(21) Metaspace: 62519K->62519K(1105920K)
[2022-06-13T03:04:18.788+0000][1][gc           ] GC(21) Pause Young (Allocation Failure) 132M->69M(247M) 9.723ms
[2022-06-13T03:04:18.788+0000][1][gc,cpu       ] GC(21) User=0.03s Sys=0.00s Real=0.01s
[2022-06-13T03:04:18.789+0000][1][safepoint    ] Leaving safepoint region
[2022-06-13T03:04:18.789+0000][1][safepoint    ] Total time for which application threads were stopped: 0.0116979 seconds, Stopping threads took: 0.0004651 seconds
[2022-06-13T03:04:18.805+0000][1][safepoint    ] Application time: 0.0147290 seconds
[2022-06-13T03:04:18.805+0000][1][safepoint    ] Entering safepoint region: Deoptimize
[2022-06-13T03:04:18.806+0000][1][safepoint    ] Leaving safepoint region
[2022-06-13T03:04:18.806+0000][1][safepoint    ] Total time for which application threads were stopped: 0.0011777 seconds, Stopping threads took: 0.0003312 seconds
[2022-06-13T03:04:18.810+0000][1][safepoint    ] Application time: 0.0039933 seconds
[2022-06-13T03:04:18.810+0000][1][safepoint    ] Entering safepoint region: BulkRevokeBias
[2022-06-13T03:04:18.811+0000][1][safepoint    ] Leaving safepoint region
[2022-06-13T03:04:18.811+0000][1][safepoint    ] Total time for which application threads were stopped: 0.0004605 seconds, Stopping threads took: 0.0002154 seconds
[2022-06-13T03:04:18.812+0000][1][safepoint    ] Application time: 0.0006148 seconds
[2022-06-13T03:04:18.812+0000][1][safepoint    ] Entering safepoint region: RevokeBias
[2022-06-13T03:04:18.812+0000][1][safepoint    ] Leaving safepoint region
[2022-06-13T03:04:18.812+0000][1][safepoint    ] Total time for which application threads were stopped: 0.0005228 seconds, Stopping threads took: 0.0002496 seconds
[2022-06-13T03:04:18.813+0000][1][safepoint    ] Application time: 0.0002504 seconds
[2022-06-13T03:04:18.813+0000][1][safepoint    ] Entering safepoint region: RevokeBias
[2022-06-13T03:04:18.814+0000][1][safepoint    ] Leaving safepoint region
[2022-06-13T03:04:18.814+0000][1][safepoint    ] Total time for which application threads were stopped: 0.0003661 seconds, Stopping threads took: 0.0001362 seconds
[2022-06-13T03:04:18.814+0000][1][safepoint    ] Application time: 0.0003130 seconds
[2022-06-13T03:04:18.815+0000][1][safepoint    ] Entering safepoint region: RevokeBias
[2022-06-13T03:04:18.815+0000][1][safepoint    ] Leaving safepoint region
[2022-06-13T03:04:18.815+0000][1][safepoint    ] Total time for which application threads were stopped: 0.0005842 seconds, Stopping threads took: 0.0002731 seconds
[2022-06-13T03:04:18.816+0000][1][safepoint    ] Application time: 0.0001642 seconds
[2022-06-13T03:04:18.816+0000][1][safepoint    ] Entering safepoint region: RevokeBias
[2022-06-13T03:04:18.816+0000][1][safepoint    ] Leaving safepoint region
[2022-06-13T03:04:18.816+0000][1][safepoint    ] Total time for which application threads were stopped: 0.0005704 seconds, Stopping threads took: 0.0002932 seconds
[2022-06-13T03:04:18.817+0000][1][safepoint    ] Application time: 0.0000813 seconds
[2022-06-13T03:04:18.817+0000][1][safepoint    ] Entering safepoint region: RevokeBias
[2022-06-13T03:04:18.817+0000][1][safepoint    ] Leaving safepoint region
[2022-06-13T03:04:18.818+0000][1][safepoint    ] Total time for which application threads were stopped: 0.0006201 seconds, Stopping threads took: 0.0003065 seconds
[2022-06-13T03:04:18.818+0000][1][safepoint    ] Application time: 0.0001835 seconds
[2022-06-13T03:04:18.818+0000][1][safepoint    ] Entering safepoint region: RevokeBias
[2022-06-13T03:04:18.819+0000][1][safepoint    ] Leaving safepoint region
[2022-06-13T03:04:18.819+0000][1][safepoint    ] Total time for which application threads were stopped: 0.0005955 seconds, Stopping threads took: 0.0003174 seconds
[2022-06-13T03:04:18.820+0000][1][safepoint    ] Application time: 0.0002166 seconds
[2022-06-13T03:04:18.820+0000][1][safepoint    ] Entering safepoint region: RevokeBias
[2022-06-13T03:04:18.820+0000][1][safepoint    ] Leaving safepoint region
[2022-06-13T03:04:18.821+0000][1][safepoint    ] Total time for which application threads were stopped: 0.0005870 seconds, Stopping threads took: 0.0002910 seconds
[2022-06-13T03:04:18.821+0000][1][safepoint    ] Application time: 0.0001986 seconds
[2022-06-13T03:04:18.822+0000][1][safepoint    ] Entering safepoint region: RevokeBias
[2022-06-13T03:04:18.822+0000][1][safepoint    ] Leaving safepoint region
[2022-06-13T03:04:18.822+0000][1][safepoint    ] Total time for which application threads were stopped: 0.0008261 seconds, Stopping threads took: 0.0002968 seconds
[2022-06-13T03:04:18.823+0000][1][safepoint    ] Application time: 0.0000665 seconds
[2022-06-13T03:04:18.823+0000][1][safepoint    ] Entering safepoint region: RevokeBias
[2022-06-13T03:04:18.823+0000][1][safepoint    ] Leaving safepoint region
[2022-06-13T03:04:18.823+0000][1][safepoint    ] Total time for which application threads were stopped: 0.0004861 seconds, Stopping threads took: 0.0002582 seconds
[2022-06-13T03:04:18.824+0000][1][safepoint    ] Application time: 0.0003701 seconds
[2022-06-13T03:04:18.824+0000][1][safepoint    ] Entering safepoint region: RevokeBias
[2022-06-13T03:04:18.825+0000][1][safepoint    ] Leaving safepoint region
[2022-06-13T03:04:18.825+0000][1][safepoint    ] Total time for which application threads were stopped: 0.0003952 seconds, Stopping threads took: 0.0002498 seconds
[2022-06-13T03:04:18.826+0000][1][safepoint    ] Application time: 0.0007319 seconds
[2022-06-13T03:04:18.826+0000][1][safepoint    ] Entering safepoint region: RevokeBias
[2022-06-13T03:04:18.826+0000][1][safepoint    ] Leaving safepoint region
[2022-06-13T03:04:18.827+0000][1][safepoint    ] Total time for which application threads were stopped: 0.0005770 seconds, Stopping threads took: 0.0002715 seconds
[2022-06-13T03:04:18.827+0000][1][safepoint    ] Application time: 0.0000987 seconds
[2022-06-13T03:04:18.827+0000][1][safepoint    ] Entering safepoint region: RevokeBias
[2022-06-13T03:04:18.828+0000][1][safepoint    ] Leaving safepoint region
[2022-06-13T03:04:18.828+0000][1][safepoint    ] Total time for which application threads were stopped: 0.0006309 seconds, Stopping threads took: 0.0002936 seconds
[2022-06-13T03:04:18.829+0000][1][safepoint    ] Application time: 0.0009603 seconds
[2022-06-13T03:04:18.830+0000][1][safepoint    ] Entering safepoint region: RevokeBias
[2022-06-13T03:04:18.830+0000][1][safepoint    ] Leaving safepoint region
[2022-06-13T03:04:18.830+0000][1][safepoint    ] Total time for which application threads were stopped: 0.0005575 seconds, Stopping threads took: 0.0002761 seconds
[2022-06-13T03:04:18.831+0000][1][safepoint    ] Application time: 0.0005628 seconds
[2022-06-13T03:04:18.831+0000][1][safepoint    ] Entering safepoint region: Deoptimize
[2022-06-13T03:04:18.832+0000][1][safepoint    ] Leaving safepoint region
[2022-06-13T03:04:18.832+0000][1][safepoint    ] Total time for which application threads were stopped: 0.0010157 seconds, Stopping threads took: 0.0003468 seconds
[2022-06-13T03:04:18.833+0000][1][safepoint    ] Application time: 0.0004149 seconds
[2022-06-13T03:04:18.833+0000][1][safepoint    ] Entering safepoint region: RevokeBias
[2022-06-13T03:04:18.833+0000][1][safepoint    ] Leaving safepoint region
[2022-06-13T03:04:18.834+0000][1][safepoint    ] Total time for which application threads were stopped: 0.0005844 seconds, Stopping threads took: 0.0002752 seconds
[2022-06-13T03:04:18.857+0000][1][safepoint    ] Application time: 0.0225430 seconds
[2022-06-13T03:04:18.857+0000][1][safepoint    ] Entering safepoint region: RevokeBias
[2022-06-13T03:04:18.858+0000][1][safepoint    ] Leaving safepoint region
[2022-06-13T03:04:18.858+0000][1][safepoint    ] Total time for which application threads were stopped: 0.0009896 seconds, Stopping threads took: 0.0005190 seconds
[2022-06-13T03:04:18.858+0000][1][safepoint    ] Application time: 0.0003482 seconds
[2022-06-13T03:04:18.859+0000][1][safepoint    ] Entering safepoint region: RevokeBias
[2022-06-13T03:04:18.859+0000][1][safepoint    ] Leaving safepoint region
[2022-06-13T03:04:18.860+0000][1][safepoint    ] Total time for which application threads were stopped: 0.0007044 seconds, Stopping threads took: 0.0002169 seconds
[2022-06-13T03:04:18.860+0000][1][safepoint    ] Application time: 0.0001335 seconds
[2022-06-13T03:04:18.860+0000][1][safepoint    ] Entering safepoint region: RevokeBias
[2022-06-13T03:04:18.860+0000][1][safepoint    ] Leaving safepoint region
[2022-06-13T03:04:18.861+0000][1][safepoint    ] Total time for which application threads were stopped: 0.0005628 seconds, Stopping threads took: 0.0003337 seconds
[2022-06-13T03:04:18.861+0000][1][safepoint    ] Application time: 0.0001689 seconds
[2022-06-13T03:04:18.861+0000][1][safepoint    ] Entering safepoint region: RevokeBias
[2022-06-13T03:04:18.861+0000][1][safepoint    ] Leaving safepoint region
[2022-06-13T03:04:18.862+0000][1][safepoint    ] Total time for which application threads were stopped: 0.0003800 seconds, Stopping threads took: 0.0002187 seconds
[2022-06-13T03:04:18.863+0000][1][safepoint    ] Application time: 0.0011769 seconds
[2022-06-13T03:04:18.863+0000][1][safepoint    ] Entering safepoint region: RevokeBias
[2022-06-13T03:04:18.863+0000][1][safepoint    ] Leaving safepoint region
[2022-06-13T03:04:18.863+0000][1][safepoint    ] Total time for which application threads were stopped: 0.0002159 seconds, Stopping threads took: 0.0001011 seconds
[2022-06-13T03:04:18.863+0000][1][safepoint    ] Application time: 0.0000710 seconds
[2022-06-13T03:04:18.863+0000][1][safepoint    ] Entering safepoint region: RevokeBias
[2022-06-13T03:04:18.864+0000][1][safepoint    ] Leaving safepoint region
[2022-06-13T03:04:18.864+0000][1][safepoint    ] Total time for which application threads were stopped: 0.0001965 seconds, Stopping threads took: 0.0000918 seconds
[2022-06-13T03:04:18.864+0000][1][safepoint    ] Application time: 0.0002241 seconds
[2022-06-13T03:04:18.864+0000][1][safepoint    ] Entering safepoint region: RevokeBias
[2022-06-13T03:04:18.864+0000][1][safepoint    ] Leaving safepoint region
[2022-06-13T03:04:18.864+0000][1][safepoint    ] Total time for which application threads were stopped: 0.0002405 seconds, Stopping threads took: 0.0001183 seconds
[2022-06-13T03:04:18.865+0000][1][safepoint    ] Application time: 0.0000921 seconds
[2022-06-13T03:04:18.865+0000][1][safepoint    ] Entering safepoint region: RevokeBias
[2022-06-13T03:04:18.865+0000][1][safepoint    ] Leaving safepoint region
[2022-06-13T03:04:18.865+0000][1][safepoint    ] Total time for which application threads were stopped: 0.0002002 seconds, Stopping threads took: 0.0000897 seconds
[2022-06-13T03:04:18.865+0000][1][safepoint    ] Application time: 0.0001697 seconds
[2022-06-13T03:04:18.865+0000][1][safepoint    ] Entering safepoint region: RevokeBias
[2022-06-13T03:04:18.865+0000][1][safepoint    ] Leaving safepoint region
[2022-06-13T03:04:18.865+0000][1][safepoint    ] Total time for which application threads were stopped: 0.0002291 seconds, Stopping threads took: 0.0000894 seconds
[2022-06-13T03:04:18.866+0000][1][safepoint    ] Application time: 0.0000626 seconds
[2022-06-13T03:04:18.866+0000][1][safepoint    ] Entering safepoint region: RevokeBias
[2022-06-13T03:04:18.866+0000][1][safepoint    ] Leaving safepoint region
[2022-06-13T03:04:18.866+0000][1][safepoint    ] Total time for which application threads were stopped: 0.0002032 seconds, Stopping threads took: 0.0000918 seconds
[2022-06-13T03:04:18.866+0000][1][safepoint    ] Application time: 0.0005323 seconds
[2022-06-13T03:04:18.867+0000][1][safepoint    ] Entering safepoint region: RevokeBias
[2022-06-13T03:04:18.867+0000][1][safepoint    ] Leaving safepoint region
[2022-06-13T03:04:18.867+0000][1][safepoint    ] Total time for which application threads were stopped: 0.0001927 seconds, Stopping threads took: 0.0000885 seconds
[2022-06-13T03:04:18.867+0000][1][safepoint    ] Application time: 0.0000550 seconds
[2022-06-13T03:04:18.867+0000][1][safepoint    ] Entering safepoint region: BulkRevokeBias
[2022-06-13T03:04:18.867+0000][1][safepoint    ] Leaving safepoint region
[2022-06-13T03:04:18.867+0000][1][safepoint    ] Total time for which application threads were stopped: 0.0002447 seconds, Stopping threads took: 0.0000928 seconds
[2022-06-13T03:04:18.868+0000][1][safepoint    ] Application time: 0.0002544 seconds
[2022-06-13T03:04:18.868+0000][1][safepoint    ] Entering safepoint region: RevokeBias
[2022-06-13T03:04:18.868+0000][1][safepoint    ] Leaving safepoint region
[2022-06-13T03:04:18.868+0000][1][safepoint    ] Total time for which application threads were stopped: 0.0005692 seconds, Stopping threads took: 0.0002296 seconds
[2022-06-13T03:04:18.869+0000][1][safepoint    ] Application time: 0.0001641 seconds
[2022-06-13T03:04:18.869+0000][1][safepoint    ] Entering safepoint region: RevokeBias
[2022-06-13T03:04:18.869+0000][1][safepoint    ] Leaving safepoint region
[2022-06-13T03:04:18.869+0000][1][safepoint    ] Total time for which application threads were stopped: 0.0002037 seconds, Stopping threads took: 0.0001002 seconds
[2022-06-13T03:04:18.870+0000][1][safepoint    ] Application time: 0.0008733 seconds
[2022-06-13T03:04:18.870+0000][1][safepoint    ] Entering safepoint region: RevokeBias
[2022-06-13T03:04:18.870+0000][1][safepoint    ] Leaving safepoint region
[2022-06-13T03:04:18.870+0000][1][safepoint    ] Total time for which application threads were stopped: 0.0002197 seconds, Stopping threads took: 0.0001007 seconds
[2022-06-13T03:04:18.871+0000][1][safepoint    ] Application time: 0.0002607 seconds
[2022-06-13T03:04:18.871+0000][1][safepoint    ] Entering safepoint region: RevokeBias
[2022-06-13T03:04:18.871+0000][1][safepoint    ] Leaving safepoint region
[2022-06-13T03:04:18.871+0000][1][safepoint    ] Total time for which application threads were stopped: 0.0002545 seconds, Stopping threads took: 0.0001278 seconds
[2022-06-13T03:04:18.871+0000][1][safepoint    ] Application time: 0.0002427 seconds
[2022-06-13T03:04:18.871+0000][1][safepoint    ] Entering safepoint region: RevokeBias
[2022-06-13T03:04:18.872+0000][1][safepoint    ] Leaving safepoint region
[2022-06-13T03:04:18.872+0000][1][safepoint    ] Total time for which application threads were stopped: 0.0002415 seconds, Stopping threads took: 0.0001131 seconds
[2022-06-13T03:04:18.872+0000][1][safepoint    ] Application time: 0.0001292 seconds
[2022-06-13T03:04:18.872+0000][1][safepoint    ] Entering safepoint region: RevokeBias
[2022-06-13T03:04:18.872+0000][1][safepoint    ] Leaving safepoint region
[2022-06-13T03:04:18.872+0000][1][safepoint    ] Total time for which application threads were stopped: 0.0003460 seconds, Stopping threads took: 0.0001360 seconds
[2022-06-13T03:04:18.873+0000][1][safepoint    ] Application time: 0.0005300 seconds
[2022-06-13T03:04:18.873+0000][1][safepoint    ] Entering safepoint region: RevokeBias
[2022-06-13T03:04:18.873+0000][1][safepoint    ] Leaving safepoint region
[2022-06-13T03:04:18.873+0000][1][safepoint    ] Total time for which application threads were stopped: 0.0002503 seconds, Stopping threads took: 0.0001320 seconds
[2022-06-13T03:04:18.874+0000][1][safepoint    ] Application time: 0.0003386 seconds
[2022-06-13T03:04:18.874+0000][1][safepoint    ] Entering safepoint region: RevokeBias
[2022-06-13T03:04:18.874+0000][1][safepoint    ] Leaving safepoint region
[2022-06-13T03:04:18.874+0000][1][safepoint    ] Total time for which application threads were stopped: 0.0002442 seconds, Stopping threads took: 0.0001223 seconds
[2022-06-13T03:04:18.874+0000][1][safepoint    ] Application time: 0.0002737 seconds
[2022-06-13T03:04:18.875+0000][1][safepoint    ] Entering safepoint region: RevokeBias
[2022-06-13T03:04:18.875+0000][1][safepoint    ] Leaving safepoint region
[2022-06-13T03:04:18.875+0000][1][safepoint    ] Total time for which application threads were stopped: 0.0002740 seconds, Stopping threads took: 0.0001460 seconds
[2022-06-13T03:04:18.876+0000][1][safepoint    ] Application time: 0.0006033 seconds
[2022-06-13T03:04:18.876+0000][1][safepoint    ] Entering safepoint region: RevokeBias
[2022-06-13T03:04:18.876+0000][1][safepoint    ] Leaving safepoint region
[2022-06-13T03:04:18.876+0000][1][safepoint    ] Total time for which application threads were stopped: 0.0002451 seconds, Stopping threads took: 0.0001252 seconds
[2022-06-13T03:04:18.876+0000][1][safepoint    ] Application time: 0.0001207 seconds
[2022-06-13T03:04:18.877+0000][1][safepoint    ] Entering safepoint region: RevokeBias
[2022-06-13T03:04:18.877+0000][1][safepoint    ] Leaving safepoint region
[2022-06-13T03:04:18.877+0000][1][safepoint    ] Total time for which application threads were stopped: 0.0003389 seconds, Stopping threads took: 0.0002252 seconds
[2022-06-13T03:04:18.877+0000][1][safepoint    ] Application time: 0.0000806 seconds
[2022-06-13T03:04:18.877+0000][1][safepoint    ] Entering safepoint region: RevokeBias
[2022-06-13T03:04:18.877+0000][1][safepoint    ] Leaving safepoint region
[2022-06-13T03:04:18.878+0000][1][safepoint    ] Total time for which application threads were stopped: 0.0003473 seconds, Stopping threads took: 0.0002300 seconds
[2022-06-13T03:04:18.878+0000][1][safepoint    ] Application time: 0.0001375 seconds
[2022-06-13T03:04:18.878+0000][1][safepoint    ] Entering safepoint region: RevokeBias
[2022-06-13T03:04:18.878+0000][1][safepoint    ] Leaving safepoint region
[2022-06-13T03:04:18.878+0000][1][safepoint    ] Total time for which application threads were stopped: 0.0003373 seconds, Stopping threads took: 0.0001982 seconds
[2022-06-13T03:04:18.878+0000][1][safepoint    ] Application time: 0.0000770 seconds
[2022-06-13T03:04:18.879+0000][1][safepoint    ] Entering safepoint region: RevokeBias
[2022-06-13T03:04:18.879+0000][1][safepoint    ] Leaving safepoint region
[2022-06-13T03:04:18.879+0000][1][safepoint    ] Total time for which application threads were stopped: 0.0002806 seconds, Stopping threads took: 0.0001261 seconds
[2022-06-13T03:04:18.880+0000][1][safepoint    ] Application time: 0.0004617 seconds
[2022-06-13T03:04:18.880+0000][1][safepoint    ] Entering safepoint region: RevokeBias
[2022-06-13T03:04:18.880+0000][1][safepoint    ] Leaving safepoint region
[2022-06-13T03:04:18.880+0000][1][safepoint    ] Total time for which application threads were stopped: 0.0002701 seconds, Stopping threads took: 0.0000967 seconds
[2022-06-13T03:04:18.881+0000][1][safepoint    ] Application time: 0.0003260 seconds
[2022-06-13T03:04:18.881+0000][1][safepoint    ] Entering safepoint region: BulkRevokeBias
[2022-06-13T03:04:18.881+0000][1][safepoint    ] Leaving safepoint region
[2022-06-13T03:04:18.881+0000][1][safepoint    ] Total time for which application threads were stopped: 0.0003180 seconds, Stopping threads took: 0.0001435 seconds
[2022-06-13T03:04:18.882+0000][1][safepoint    ] Application time: 0.0002660 seconds
[2022-06-13T03:04:18.882+0000][1][safepoint    ] Entering safepoint region: RevokeBias
[2022-06-13T03:04:18.882+0000][1][safepoint    ] Leaving safepoint region
[2022-06-13T03:04:18.882+0000][1][safepoint    ] Total time for which application threads were stopped: 0.0002440 seconds, Stopping threads took: 0.0001333 seconds
[2022-06-13T03:04:18.882+0000][1][safepoint    ] Application time: 0.0001654 seconds
[2022-06-13T03:04:18.882+0000][1][safepoint    ] Entering safepoint region: RevokeBias
[2022-06-13T03:04:18.882+0000][1][safepoint    ] Leaving safepoint region
[2022-06-13T03:04:18.883+0000][1][safepoint    ] Total time for which application threads were stopped: 0.0002461 seconds, Stopping threads took: 0.0001360 seconds
[2022-06-13T03:04:18.883+0000][1][safepoint    ] Application time: 0.0001276 seconds
[2022-06-13T03:04:18.883+0000][1][safepoint    ] Entering safepoint region: RevokeBias
[2022-06-13T03:04:18.883+0000][1][safepoint    ] Leaving safepoint region
[2022-06-13T03:04:18.883+0000][1][safepoint    ] Total time for which application threads were stopped: 0.0002048 seconds, Stopping threads took: 0.0000964 seconds
[2022-06-13T03:04:18.883+0000][1][safepoint    ] Application time: 0.0001819 seconds
[2022-06-13T03:04:18.884+0000][1][safepoint    ] Entering safepoint region: RevokeBias
[2022-06-13T03:04:18.884+0000][1][safepoint    ] Leaving safepoint region
[2022-06-13T03:04:18.884+0000][1][safepoint    ] Total time for which application threads were stopped: 0.0005477 seconds, Stopping threads took: 0.0002931 seconds
[2022-06-13T03:04:18.885+0000][1][safepoint    ] Application time: 0.0003784 seconds
[2022-06-13T03:04:18.885+0000][1][safepoint    ] Entering safepoint region: RevokeBias
[2022-06-13T03:04:18.885+0000][1][safepoint    ] Leaving safepoint region
[2022-06-13T03:04:18.886+0000][1][safepoint    ] Total time for which application threads were stopped: 0.0007089 seconds, Stopping threads took: 0.0003755 seconds
[2022-06-13T03:04:18.886+0000][1][safepoint    ] Application time: 0.0002871 seconds
[2022-06-13T03:04:18.887+0000][1][safepoint    ] Entering safepoint region: RevokeBias
[2022-06-13T03:04:18.887+0000][1][safepoint    ] Leaving safepoint region
[2022-06-13T03:04:18.887+0000][1][safepoint    ] Total time for which application threads were stopped: 0.0006109 seconds, Stopping threads took: 0.0003900 seconds
[2022-06-13T03:04:18.887+0000][1][safepoint    ] Application time: 0.0001367 seconds
[2022-06-13T03:04:18.888+0000][1][safepoint    ] Entering safepoint region: RevokeBias
[2022-06-13T03:04:18.888+0000][1][safepoint    ] Leaving safepoint region
[2022-06-13T03:04:18.888+0000][1][safepoint    ] Total time for which application threads were stopped: 0.0005856 seconds, Stopping threads took: 0.0002665 seconds
[2022-06-13T03:04:18.889+0000][1][safepoint    ] Application time: 0.0001827 seconds
[2022-06-13T03:04:18.889+0000][1][safepoint    ] Entering safepoint region: RevokeBias
[2022-06-13T03:04:18.889+0000][1][safepoint    ] Leaving safepoint region
[2022-06-13T03:04:18.889+0000][1][safepoint    ] Total time for which application threads were stopped: 0.0006753 seconds, Stopping threads took: 0.0002183 seconds
[2022-06-13T03:04:18.890+0000][1][safepoint    ] Application time: 0.0001143 seconds
[2022-06-13T03:04:18.890+0000][1][safepoint    ] Entering safepoint region: RevokeBias
[2022-06-13T03:04:18.891+0000][1][safepoint    ] Leaving safepoint region
[2022-06-13T03:04:18.891+0000][1][safepoint    ] Total time for which application threads were stopped: 0.0006648 seconds, Stopping threads took: 0.0003194 seconds
[2022-06-13T03:04:18.891+0000][1][safepoint    ] Application time: 0.0001474 seconds
[2022-06-13T03:04:18.891+0000][1][safepoint    ] Entering safepoint region: RevokeBias
[2022-06-13T03:04:18.892+0000][1][safepoint    ] Leaving safepoint region
[2022-06-13T03:04:18.892+0000][1][safepoint    ] Total time for which application threads were stopped: 0.0006132 seconds, Stopping threads took: 0.0003854 seconds
[2022-06-13T03:04:18.892+0000][1][safepoint    ] Application time: 0.0000980 seconds
[2022-06-13T03:04:18.892+0000][1][safepoint    ] Entering safepoint region: RevokeBias
[2022-06-13T03:04:18.892+0000][1][safepoint    ] Leaving safepoint region
[2022-06-13T03:04:18.893+0000][1][safepoint    ] Total time for which application threads were stopped: 0.0001953 seconds, Stopping threads took: 0.0000971 seconds
[2022-06-13T03:04:18.893+0000][1][safepoint    ] Application time: 0.0002785 seconds
[2022-06-13T03:04:18.893+0000][1][safepoint    ] Entering safepoint region: RevokeBias
[2022-06-13T03:04:18.893+0000][1][safepoint    ] Leaving safepoint region
[2022-06-13T03:04:18.893+0000][1][safepoint    ] Total time for which application threads were stopped: 0.0002051 seconds, Stopping threads took: 0.0001064 seconds
[2022-06-13T03:04:18.894+0000][1][safepoint    ] Application time: 0.0009061 seconds
[2022-06-13T03:04:18.894+0000][1][safepoint    ] Entering safepoint region: RevokeBias
[2022-06-13T03:04:18.894+0000][1][safepoint    ] Leaving safepoint region
[2022-06-13T03:04:18.895+0000][1][safepoint    ] Total time for which application threads were stopped: 0.0001909 seconds, Stopping threads took: 0.0000945 seconds
[2022-06-13T03:04:18.901+0000][1][safepoint    ] Application time: 0.0060475 seconds
[2022-06-13T03:04:18.901+0000][1][safepoint    ] Entering safepoint region: RevokeBias
[2022-06-13T03:04:18.901+0000][1][safepoint    ] Leaving safepoint region
[2022-06-13T03:04:18.901+0000][1][safepoint    ] Total time for which application threads were stopped: 0.0004797 seconds, Stopping threads took: 0.0001662 seconds
[2022-06-13T03:04:18.902+0000][1][safepoint    ] Application time: 0.0002098 seconds
[2022-06-13T03:04:18.902+0000][1][safepoint    ] Entering safepoint region: RevokeBias
[2022-06-13T03:04:18.902+0000][1][safepoint    ] Leaving safepoint region
[2022-06-13T03:04:18.903+0000][1][safepoint    ] Total time for which application threads were stopped: 0.0005775 seconds, Stopping threads took: 0.0003865 seconds
[2022-06-13T03:04:18.903+0000][1][safepoint    ] Application time: 0.0000820 seconds
[2022-06-13T03:04:18.903+0000][1][safepoint    ] Entering safepoint region: RevokeBias
[2022-06-13T03:04:18.904+0000][1][safepoint    ] Leaving safepoint region
[2022-06-13T03:04:18.904+0000][1][safepoint    ] Total time for which application threads were stopped: 0.0006421 seconds, Stopping threads took: 0.0003671 seconds
[2022-06-13T03:04:18.904+0000][1][safepoint    ] Application time: 0.0003442 seconds
[2022-06-13T03:04:18.904+0000][1][safepoint    ] Entering safepoint region: RevokeBias
[2022-06-13T03:04:18.905+0000][1][safepoint    ] Leaving safepoint region
[2022-06-13T03:04:18.905+0000][1][safepoint    ] Total time for which application threads were stopped: 0.0002184 seconds, Stopping threads took: 0.0001109 seconds
[2022-06-13T03:04:18.905+0000][1][safepoint    ] Application time: 0.0000676 seconds
[2022-06-13T03:04:18.905+0000][1][safepoint    ] Entering safepoint region: RevokeBias
[2022-06-13T03:04:18.905+0000][1][safepoint    ] Leaving safepoint region
[2022-06-13T03:04:18.905+0000][1][safepoint    ] Total time for which application threads were stopped: 0.0002046 seconds, Stopping threads took: 0.0000955 seconds
[2022-06-13T03:04:18.905+0000][1][safepoint    ] Application time: 0.0000747 seconds
[2022-06-13T03:04:18.905+0000][1][safepoint    ] Entering safepoint region: RevokeBias
[2022-06-13T03:04:18.906+0000][1][safepoint    ] Leaving safepoint region
[2022-06-13T03:04:18.906+0000][1][safepoint    ] Total time for which application threads were stopped: 0.0002312 seconds, Stopping threads took: 0.0001323 seconds
[2022-06-13T03:04:18.906+0000][1][safepoint    ] Application time: 0.0003245 seconds
[2022-06-13T03:04:18.906+0000][1][safepoint    ] Entering safepoint region: RevokeBias
[2022-06-13T03:04:18.906+0000][1][safepoint    ] Leaving safepoint region
[2022-06-13T03:04:18.906+0000][1][safepoint    ] Total time for which application threads were stopped: 0.0002424 seconds, Stopping threads took: 0.0001117 seconds
[2022-06-13T03:04:18.907+0000][1][safepoint    ] Application time: 0.0002648 seconds
[2022-06-13T03:04:18.907+0000][1][safepoint    ] Entering safepoint region: RevokeBias
[2022-06-13T03:04:18.907+0000][1][safepoint    ] Leaving safepoint region
[2022-06-13T03:04:18.907+0000][1][safepoint    ] Total time for which application threads were stopped: 0.0002171 seconds, Stopping threads took: 0.0001024 seconds
[2022-06-13T03:04:18.907+0000][1][safepoint    ] Application time: 0.0001976 seconds
[2022-06-13T03:04:18.907+0000][1][safepoint    ] Entering safepoint region: RevokeBias
[2022-06-13T03:04:18.908+0000][1][safepoint    ] Leaving safepoint region
[2022-06-13T03:04:18.908+0000][1][safepoint    ] Total time for which application threads were stopped: 0.0002235 seconds, Stopping threads took: 0.0001084 seconds
[2022-06-13T03:04:18.908+0000][1][safepoint    ] Application time: 0.0003283 seconds
[2022-06-13T03:04:18.908+0000][1][safepoint    ] Entering safepoint region: RevokeBias
[2022-06-13T03:04:18.908+0000][1][safepoint    ] Leaving safepoint region
[2022-06-13T03:04:18.908+0000][1][safepoint    ] Total time for which application threads were stopped: 0.0002283 seconds, Stopping threads took: 0.0001070 seconds
[2022-06-13T03:04:18.909+0000][1][safepoint    ] Application time: 0.0001958 seconds
[2022-06-13T03:04:18.909+0000][1][safepoint    ] Entering safepoint region: RevokeBias
[2022-06-13T03:04:18.909+0000][1][safepoint    ] Leaving safepoint region
[2022-06-13T03:04:18.909+0000][1][safepoint    ] Total time for which application threads were stopped: 0.0003883 seconds, Stopping threads took: 0.0002821 seconds
[2022-06-13T03:04:18.910+0000][1][safepoint    ] Application time: 0.0004758 seconds
[2022-06-13T03:04:18.910+0000][1][safepoint    ] Entering safepoint region: RevokeBias
[2022-06-13T03:04:18.910+0000][1][safepoint    ] Leaving safepoint region
[2022-06-13T03:04:18.910+0000][1][safepoint    ] Total time for which application threads were stopped: 0.0002147 seconds, Stopping threads took: 0.0001058 seconds
[2022-06-13T03:04:18.911+0000][1][safepoint    ] Application time: 0.0001898 seconds
[2022-06-13T03:04:18.911+0000][1][safepoint    ] Entering safepoint region: RevokeBias
[2022-06-13T03:04:18.911+0000][1][safepoint    ] Leaving safepoint region
[2022-06-13T03:04:18.911+0000][1][safepoint    ] Total time for which application threads were stopped: 0.0002164 seconds, Stopping threads took: 0.0001031 seconds
[2022-06-13T03:04:18.911+0000][1][safepoint    ] Application time: 0.0001113 seconds
[2022-06-13T03:04:18.911+0000][1][safepoint    ] Entering safepoint region: RevokeBias
[2022-06-13T03:04:18.911+0000][1][safepoint    ] Leaving safepoint region
[2022-06-13T03:04:18.911+0000][1][safepoint    ] Total time for which application threads were stopped: 0.0002040 seconds, Stopping threads took: 0.0001063 seconds
[2022-06-13T03:04:18.912+0000][1][safepoint    ] Application time: 0.0003880 seconds
[2022-06-13T03:04:18.912+0000][1][safepoint    ] Entering safepoint region: RevokeBias
[2022-06-13T03:04:18.912+0000][1][safepoint    ] Leaving safepoint region
[2022-06-13T03:04:18.912+0000][1][safepoint    ] Total time for which application threads were stopped: 0.0001959 seconds, Stopping threads took: 0.0000962 seconds
[2022-06-13T03:04:18.914+0000][1][safepoint    ] Application time: 0.0015873 seconds
[2022-06-13T03:04:18.914+0000][1][safepoint    ] Entering safepoint region: RevokeBias
[2022-06-13T03:04:18.914+0000][1][safepoint    ] Leaving safepoint region
[2022-06-13T03:04:18.915+0000][1][safepoint    ] Total time for which application threads were stopped: 0.0005710 seconds, Stopping threads took: 0.0002076 seconds
[2022-06-13T03:04:18.915+0000][1][safepoint    ] Application time: 0.0000401 seconds
[2022-06-13T03:04:18.915+0000][1][safepoint    ] Entering safepoint region: RevokeBias
[2022-06-13T03:04:18.916+0000][1][safepoint    ] Leaving safepoint region
[2022-06-13T03:04:18.916+0000][1][safepoint    ] Total time for which application threads were stopped: 0.0002881 seconds, Stopping threads took: 0.0001224 seconds
[2022-06-13T03:04:18.916+0000][1][safepoint    ] Application time: 0.0001364 seconds
[2022-06-13T03:04:18.916+0000][1][safepoint    ] Entering safepoint region: RevokeBias
[2022-06-13T03:04:18.916+0000][1][safepoint    ] Leaving safepoint region
[2022-06-13T03:04:18.916+0000][1][safepoint    ] Total time for which application threads were stopped: 0.0002691 seconds, Stopping threads took: 0.0001465 seconds
[2022-06-13T03:04:18.917+0000][1][safepoint    ] Application time: 0.0002954 seconds
[2022-06-13T03:04:18.917+0000][1][safepoint    ] Entering safepoint region: RevokeBias
[2022-06-13T03:04:18.917+0000][1][safepoint    ] Leaving safepoint region
[2022-06-13T03:04:18.918+0000][1][safepoint    ] Total time for which application threads were stopped: 0.0007725 seconds, Stopping threads took: 0.0003190 seconds
[2022-06-13T03:04:18.918+0000][1][safepoint    ] Application time: 0.0003619 seconds
[2022-06-13T03:04:18.919+0000][1][safepoint    ] Entering safepoint region: RevokeBias
[2022-06-13T03:04:18.919+0000][1][safepoint    ] Leaving safepoint region
[2022-06-13T03:04:18.919+0000][1][safepoint    ] Total time for which application threads were stopped: 0.0005652 seconds, Stopping threads took: 0.0002129 seconds
[2022-06-13T03:04:18.922+0000][1][gc,heap,exit ] Heap
[2022-06-13T03:04:18.922+0000][1][gc,heap,exit ]  par new generation   total 78656K, used 26691K [0x00000000f0000000, 0x00000000f5550000, 0x00000000f5550000)
[2022-06-13T03:04:18.923+0000][1][gc,heap,exit ]   eden space 69952K,  25% used [0x00000000f0000000, 0x00000000f1190e48, 0x00000000f4450000)
[2022-06-13T03:04:18.923+0000][1][gc,heap,exit ]   from space 8704K, 100% used [0x00000000f4450000, 0x00000000f4cd0000, 0x00000000f4cd0000)
[2022-06-13T03:04:18.923+0000][1][gc,heap,exit ]   to   space 8704K,   0% used [0x00000000f4cd0000, 0x00000000f4cd0000, 0x00000000f5550000)
[2022-06-13T03:04:18.923+0000][1][gc,heap,exit ]  concurrent mark-sweep generation total 174784K, used 62336K [0x00000000f5550000, 0x0000000100000000, 0x0000000100000000)
[2022-06-13T03:04:18.924+0000][1][gc,heap,exit ]  Metaspace       used 63611K, capacity 68392K, committed 68732K, reserved 1107968K
[2022-06-13T03:04:18.924+0000][1][gc,heap,exit ]   class space    used 8651K, capacity 10671K, committed 10760K, reserved 1048576K
[2022-06-13T03:04:18.924+0000][1][safepoint    ] Application time: 0.0045645 seconds
[2022-06-13T03:04:18.924+0000][1][safepoint    ] Entering safepoint region: Exit
