[2022-06-13T02:57:41.814+0000][1][gc] Using Concurrent Mark Sweep
[2022-06-13T02:57:41.815+0000][1][gc,heap,coops] Heap address: 0x00000000f0000000, size: 256 MB, Compressed Oops mode: 32-bit
[2022-06-13T02:57:41.844+0000][1][safepoint    ] Entering safepoint region: EnableBiasedLocking
[2022-06-13T02:57:41.845+0000][1][safepoint    ] Leaving safepoint region
[2022-06-13T02:57:41.845+0000][1][safepoint    ] Total time for which application threads were stopped: 0.0005140 seconds, Stopping threads took: 0.0002805 seconds
[2022-06-13T02:57:41.848+0000][1][safepoint    ] Application time: 0.0021010 seconds
[2022-06-13T02:57:41.848+0000][1][safepoint    ] Entering safepoint region: RevokeBias
[2022-06-13T02:57:41.884+0000][1][safepoint    ] Leaving safepoint region
[2022-06-13T02:57:41.884+0000][1][safepoint    ] Total time for which application threads were stopped: 0.0359322 seconds, Stopping threads took: 0.0353759 seconds
[2022-06-13T02:57:41.892+0000][1][safepoint    ] Application time: 0.0074806 seconds
[2022-06-13T02:57:41.892+0000][1][safepoint    ] Entering safepoint region: Deoptimize
[2022-06-13T02:57:41.892+0000][1][safepoint    ] Leaving safepoint region
[2022-06-13T02:57:41.893+0000][1][safepoint    ] Total time for which application threads were stopped: 0.0003933 seconds, Stopping threads took: 0.0001728 seconds
[2022-06-13T02:57:41.943+0000][1][safepoint    ] Application time: 0.0499262 seconds
[2022-06-13T02:57:41.943+0000][1][safepoint    ] Entering safepoint region: RevokeBias
[2022-06-13T02:57:41.943+0000][1][safepoint    ] Leaving safepoint region
[2022-06-13T02:57:41.944+0000][1][safepoint    ] Total time for which application threads were stopped: 0.0007136 seconds, Stopping threads took: 0.0003544 seconds
[2022-06-13T02:57:41.961+0000][1][safepoint    ] Application time: 0.0164358 seconds
[2022-06-13T02:57:41.961+0000][1][safepoint    ] Entering safepoint region: Deoptimize
[2022-06-13T02:57:41.961+0000][1][safepoint    ] Leaving safepoint region
[2022-06-13T02:57:41.961+0000][1][safepoint    ] Total time for which application threads were stopped: 0.0005896 seconds, Stopping threads took: 0.0003071 seconds
[2022-06-13T02:57:42.121+0000][1][safepoint    ] Application time: 0.1596168 seconds
[2022-06-13T02:57:42.122+0000][1][safepoint    ] Entering safepoint region: Deoptimize
[2022-06-13T02:57:42.122+0000][1][safepoint    ] Leaving safepoint region
[2022-06-13T02:57:42.122+0000][1][safepoint    ] Total time for which application threads were stopped: 0.0007984 seconds, Stopping threads took: 0.0003109 seconds
[2022-06-13T02:57:42.142+0000][1][safepoint    ] Application time: 0.0191347 seconds
[2022-06-13T02:57:42.142+0000][1][safepoint    ] Entering safepoint region: Deoptimize
[2022-06-13T02:57:42.143+0000][1][safepoint    ] Leaving safepoint region
[2022-06-13T02:57:42.143+0000][1][safepoint    ] Total time for which application threads were stopped: 0.0007658 seconds, Stopping threads took: 0.0003627 seconds
[2022-06-13T02:57:42.160+0000][1][safepoint    ] Application time: 0.0172559 seconds
[2022-06-13T02:57:42.161+0000][1][safepoint    ] Entering safepoint region: Deoptimize
[2022-06-13T02:57:42.161+0000][1][safepoint    ] Leaving safepoint region
[2022-06-13T02:57:42.161+0000][1][safepoint    ] Total time for which application threads were stopped: 0.0005323 seconds, Stopping threads took: 0.0001687 seconds
[2022-06-13T02:57:42.170+0000][1][safepoint    ] Application time: 0.0089432 seconds
[2022-06-13T02:57:42.171+0000][1][safepoint    ] Entering safepoint region: Deoptimize
[2022-06-13T02:57:42.171+0000][1][safepoint    ] Leaving safepoint region
[2022-06-13T02:57:42.172+0000][1][safepoint    ] Total time for which application threads were stopped: 0.0008346 seconds, Stopping threads took: 0.0002042 seconds
[2022-06-13T02:57:42.405+0000][1][safepoint    ] Application time: 0.2332686 seconds
[2022-06-13T02:57:42.406+0000][1][safepoint    ] Entering safepoint region: Deoptimize
[2022-06-13T02:57:42.406+0000][1][safepoint    ] Leaving safepoint region
[2022-06-13T02:57:42.406+0000][1][safepoint    ] Total time for which application threads were stopped: 0.0008470 seconds, Stopping threads took: 0.0003444 seconds
[2022-06-13T02:57:42.573+0000][1][safepoint    ] Application time: 0.1662699 seconds
[2022-06-13T02:57:42.573+0000][1][safepoint    ] Entering safepoint region: RevokeBias
[2022-06-13T02:57:42.574+0000][1][safepoint    ] Leaving safepoint region
[2022-06-13T02:57:42.574+0000][1][safepoint    ] Total time for which application threads were stopped: 0.0004767 seconds, Stopping threads took: 0.0002361 seconds
[2022-06-13T02:57:42.642+0000][1][safepoint    ] Application time: 0.0683546 seconds
[2022-06-13T02:57:42.643+0000][1][safepoint    ] Entering safepoint region: Deoptimize
[2022-06-13T02:57:42.643+0000][1][safepoint    ] Leaving safepoint region
[2022-06-13T02:57:42.643+0000][1][safepoint    ] Total time for which application threads were stopped: 0.0005049 seconds, Stopping threads took: 0.0000881 seconds
[2022-06-13T02:57:42.712+0000][1][safepoint    ] Application time: 0.0687889 seconds
[2022-06-13T02:57:42.712+0000][1][safepoint    ] Entering safepoint region: Deoptimize
[2022-06-13T02:57:42.713+0000][1][safepoint    ] Leaving safepoint region
[2022-06-13T02:57:42.713+0000][1][safepoint    ] Total time for which application threads were stopped: 0.0005360 seconds, Stopping threads took: 0.0001359 seconds
[2022-06-13T02:57:42.713+0000][1][safepoint    ] Application time: 0.0001724 seconds
[2022-06-13T02:57:42.713+0000][1][safepoint    ] Entering safepoint region: Deoptimize
[2022-06-13T02:57:42.714+0000][1][safepoint    ] Leaving safepoint region
[2022-06-13T02:57:42.714+0000][1][safepoint    ] Total time for which application threads were stopped: 0.0004811 seconds, Stopping threads took: 0.0001259 seconds
[2022-06-13T02:57:42.728+0000][1][safepoint    ] Application time: 0.0143613 seconds
[2022-06-13T02:57:42.729+0000][1][safepoint    ] Entering safepoint region: Deoptimize
[2022-06-13T02:57:42.729+0000][1][safepoint    ] Leaving safepoint region
[2022-06-13T02:57:42.729+0000][1][safepoint    ] Total time for which application threads were stopped: 0.0005564 seconds, Stopping threads took: 0.0001730 seconds
[2022-06-13T02:57:42.736+0000][1][safepoint    ] Application time: 0.0062636 seconds
[2022-06-13T02:57:42.736+0000][1][safepoint    ] Entering safepoint region: Deoptimize
[2022-06-13T02:57:42.736+0000][1][safepoint    ] Leaving safepoint region
[2022-06-13T02:57:42.736+0000][1][safepoint    ] Total time for which application threads were stopped: 0.0006053 seconds, Stopping threads took: 0.0001794 seconds
[2022-06-13T02:57:42.741+0000][1][safepoint    ] Application time: 0.0046376 seconds
[2022-06-13T02:57:42.741+0000][1][safepoint    ] Entering safepoint region: RevokeBias
[2022-06-13T02:57:42.742+0000][1][safepoint    ] Leaving safepoint region
[2022-06-13T02:57:42.742+0000][1][safepoint    ] Total time for which application threads were stopped: 0.0003516 seconds, Stopping threads took: 0.0001963 seconds
[2022-06-13T02:57:42.742+0000][1][safepoint    ] Application time: 0.0001139 seconds
[2022-06-13T02:57:42.742+0000][1][safepoint    ] Entering safepoint region: RevokeBias
[2022-06-13T02:57:42.742+0000][1][safepoint    ] Leaving safepoint region
[2022-06-13T02:57:42.742+0000][1][safepoint    ] Total time for which application threads were stopped: 0.0003212 seconds, Stopping threads took: 0.0001298 seconds
[2022-06-13T02:57:42.743+0000][1][safepoint    ] Application time: 0.0001365 seconds
[2022-06-13T02:57:42.743+0000][1][safepoint    ] Entering safepoint region: RevokeBias
[2022-06-13T02:57:42.743+0000][1][safepoint    ] Leaving safepoint region
[2022-06-13T02:57:42.743+0000][1][safepoint    ] Total time for which application threads were stopped: 0.0003421 seconds, Stopping threads took: 0.0001622 seconds
[2022-06-13T02:57:42.743+0000][1][safepoint    ] Application time: 0.0000829 seconds
[2022-06-13T02:57:42.744+0000][1][safepoint    ] Entering safepoint region: RevokeBias
[2022-06-13T02:57:42.744+0000][1][safepoint    ] Leaving safepoint region
[2022-06-13T02:57:42.744+0000][1][safepoint    ] Total time for which application threads were stopped: 0.0003377 seconds, Stopping threads took: 0.0001835 seconds
[2022-06-13T02:57:42.792+0000][1][safepoint    ] Application time: 0.0481000 seconds
[2022-06-13T02:57:42.792+0000][1][safepoint    ] Entering safepoint region: GenCollectForAllocation
[2022-06-13T02:57:42.793+0000][1][gc,start     ] GC(0) Pause Young (Allocation Failure)
[2022-06-13T02:57:42.793+0000][1][gc,task      ] GC(0) Using 5 workers of 13 for evacuation
[2022-06-13T02:57:42.798+0000][1][gc,age       ] GC(0) Desired survivor size 4456448 bytes, new threshold 1 (max threshold 6)
[2022-06-13T02:57:42.798+0000][1][gc,age       ] GC(0) Age table with threshold 1 (max threshold 6)
[2022-06-13T02:57:42.798+0000][1][gc,age       ] GC(0) - age   1:    8173560 bytes,    8173560 total
[2022-06-13T02:57:42.798+0000][1][gc,heap      ] GC(0) ParNew: 69952K->8090K(78656K)
[2022-06-13T02:57:42.798+0000][1][gc,heap      ] GC(0) CMS: 0K->0K(174784K)
[2022-06-13T02:57:42.799+0000][1][gc,metaspace ] GC(0) Metaspace: 12200K->12200K(1060864K)
[2022-06-13T02:57:42.799+0000][1][gc           ] GC(0) Pause Young (Allocation Failure) 68M->7M(247M) 6.018ms
[2022-06-13T02:57:42.799+0000][1][gc,cpu       ] GC(0) User=0.02s Sys=0.01s Real=0.00s
[2022-06-13T02:57:42.799+0000][1][safepoint    ] Leaving safepoint region
[2022-06-13T02:57:42.799+0000][1][safepoint    ] Total time for which application threads were stopped: 0.0065837 seconds, Stopping threads took: 0.0001561 seconds
[2022-06-13T02:57:42.800+0000][1][safepoint    ] Application time: 0.0002900 seconds
[2022-06-13T02:57:42.800+0000][1][safepoint    ] Entering safepoint region: RevokeBias
[2022-06-13T02:57:42.800+0000][1][safepoint    ] Leaving safepoint region
[2022-06-13T02:57:42.800+0000][1][safepoint    ] Total time for which application threads were stopped: 0.0003523 seconds, Stopping threads took: 0.0002030 seconds
[2022-06-13T02:57:42.800+0000][1][safepoint    ] Application time: 0.0000962 seconds
[2022-06-13T02:57:42.800+0000][1][safepoint    ] Entering safepoint region: RevokeBias
[2022-06-13T02:57:42.801+0000][1][safepoint    ] Leaving safepoint region
[2022-06-13T02:57:42.801+0000][1][safepoint    ] Total time for which application threads were stopped: 0.0003724 seconds, Stopping threads took: 0.0001952 seconds
[2022-06-13T02:57:42.801+0000][1][safepoint    ] Application time: 0.0000852 seconds
[2022-06-13T02:57:42.801+0000][1][safepoint    ] Entering safepoint region: RevokeBias
[2022-06-13T02:57:42.801+0000][1][safepoint    ] Leaving safepoint region
[2022-06-13T02:57:42.801+0000][1][safepoint    ] Total time for which application threads were stopped: 0.0002400 seconds, Stopping threads took: 0.0001118 seconds
[2022-06-13T02:57:42.802+0000][1][safepoint    ] Application time: 0.0000837 seconds
[2022-06-13T02:57:42.802+0000][1][safepoint    ] Entering safepoint region: RevokeBias
[2022-06-13T02:57:42.802+0000][1][safepoint    ] Leaving safepoint region
[2022-06-13T02:57:42.802+0000][1][safepoint    ] Total time for which application threads were stopped: 0.0002572 seconds, Stopping threads took: 0.0001229 seconds
[2022-06-13T02:57:42.802+0000][1][safepoint    ] Application time: 0.0000841 seconds
[2022-06-13T02:57:42.802+0000][1][safepoint    ] Entering safepoint region: RevokeBias
[2022-06-13T02:57:42.802+0000][1][safepoint    ] Leaving safepoint region
[2022-06-13T02:57:42.803+0000][1][safepoint    ] Total time for which application threads were stopped: 0.0003296 seconds, Stopping threads took: 0.0001868 seconds
[2022-06-13T02:57:42.803+0000][1][safepoint    ] Application time: 0.0000774 seconds
[2022-06-13T02:57:42.803+0000][1][safepoint    ] Entering safepoint region: RevokeBias
[2022-06-13T02:57:42.803+0000][1][safepoint    ] Leaving safepoint region
[2022-06-13T02:57:42.803+0000][1][safepoint    ] Total time for which application threads were stopped: 0.0002727 seconds, Stopping threads took: 0.0001134 seconds
[2022-06-13T02:57:42.803+0000][1][safepoint    ] Application time: 0.0000907 seconds
[2022-06-13T02:57:42.804+0000][1][safepoint    ] Entering safepoint region: RevokeBias
[2022-06-13T02:57:42.804+0000][1][safepoint    ] Leaving safepoint region
[2022-06-13T02:57:42.804+0000][1][safepoint    ] Total time for which application threads were stopped: 0.0003470 seconds, Stopping threads took: 0.0002214 seconds
[2022-06-13T02:57:42.804+0000][1][safepoint    ] Application time: 0.0000696 seconds
[2022-06-13T02:57:42.804+0000][1][safepoint    ] Entering safepoint region: RevokeBias
[2022-06-13T02:57:42.804+0000][1][safepoint    ] Leaving safepoint region
[2022-06-13T02:57:42.804+0000][1][safepoint    ] Total time for which application threads were stopped: 0.0002686 seconds, Stopping threads took: 0.0001399 seconds
[2022-06-13T02:57:42.805+0000][1][safepoint    ] Application time: 0.0000836 seconds
[2022-06-13T02:57:42.805+0000][1][safepoint    ] Entering safepoint region: RevokeBias
[2022-06-13T02:57:42.805+0000][1][safepoint    ] Leaving safepoint region
[2022-06-13T02:57:42.805+0000][1][safepoint    ] Total time for which application threads were stopped: 0.0002840 seconds, Stopping threads took: 0.0001407 seconds
[2022-06-13T02:57:42.805+0000][1][safepoint    ] Application time: 0.0000905 seconds
[2022-06-13T02:57:42.805+0000][1][safepoint    ] Entering safepoint region: RevokeBias
[2022-06-13T02:57:42.805+0000][1][safepoint    ] Leaving safepoint region
[2022-06-13T02:57:42.806+0000][1][safepoint    ] Total time for which application threads were stopped: 0.0002526 seconds, Stopping threads took: 0.0001384 seconds
[2022-06-13T02:57:42.806+0000][1][safepoint    ] Application time: 0.0000774 seconds
[2022-06-13T02:57:42.806+0000][1][safepoint    ] Entering safepoint region: RevokeBias
[2022-06-13T02:57:42.806+0000][1][safepoint    ] Leaving safepoint region
[2022-06-13T02:57:42.806+0000][1][safepoint    ] Total time for which application threads were stopped: 0.0002873 seconds, Stopping threads took: 0.0001561 seconds
[2022-06-13T02:57:42.806+0000][1][safepoint    ] Application time: 0.0000678 seconds
[2022-06-13T02:57:42.806+0000][1][safepoint    ] Entering safepoint region: RevokeBias
[2022-06-13T02:57:42.807+0000][1][safepoint    ] Leaving safepoint region
[2022-06-13T02:57:42.807+0000][1][safepoint    ] Total time for which application threads were stopped: 0.0002453 seconds, Stopping threads took: 0.0001228 seconds
[2022-06-13T02:57:42.807+0000][1][safepoint    ] Application time: 0.0001232 seconds
[2022-06-13T02:57:42.807+0000][1][safepoint    ] Entering safepoint region: RevokeBias
[2022-06-13T02:57:42.807+0000][1][safepoint    ] Leaving safepoint region
[2022-06-13T02:57:42.807+0000][1][safepoint    ] Total time for which application threads were stopped: 0.0003425 seconds, Stopping threads took: 0.0001824 seconds
[2022-06-13T02:57:42.808+0000][1][safepoint    ] Application time: 0.0000761 seconds
[2022-06-13T02:57:42.808+0000][1][safepoint    ] Entering safepoint region: RevokeBias
[2022-06-13T02:57:42.808+0000][1][safepoint    ] Leaving safepoint region
[2022-06-13T02:57:42.808+0000][1][safepoint    ] Total time for which application threads were stopped: 0.0002932 seconds, Stopping threads took: 0.0001308 seconds
[2022-06-13T02:57:42.808+0000][1][safepoint    ] Application time: 0.0001121 seconds
[2022-06-13T02:57:42.808+0000][1][safepoint    ] Entering safepoint region: RevokeBias
[2022-06-13T02:57:42.808+0000][1][safepoint    ] Leaving safepoint region
[2022-06-13T02:57:42.809+0000][1][safepoint    ] Total time for which application threads were stopped: 0.0002244 seconds, Stopping threads took: 0.0001150 seconds
[2022-06-13T02:57:42.809+0000][1][safepoint    ] Application time: 0.0000662 seconds
[2022-06-13T02:57:42.809+0000][1][safepoint    ] Entering safepoint region: RevokeBias
[2022-06-13T02:57:42.809+0000][1][safepoint    ] Leaving safepoint region
[2022-06-13T02:57:42.809+0000][1][safepoint    ] Total time for which application threads were stopped: 0.0003590 seconds, Stopping threads took: 0.0002224 seconds
[2022-06-13T02:57:42.809+0000][1][safepoint    ] Application time: 0.0000712 seconds
[2022-06-13T02:57:42.810+0000][1][safepoint    ] Entering safepoint region: RevokeBias
[2022-06-13T02:57:42.810+0000][1][safepoint    ] Leaving safepoint region
[2022-06-13T02:57:42.810+0000][1][safepoint    ] Total time for which application threads were stopped: 0.0002677 seconds, Stopping threads took: 0.0001372 seconds
[2022-06-13T02:57:42.810+0000][1][safepoint    ] Application time: 0.0000644 seconds
[2022-06-13T02:57:42.810+0000][1][safepoint    ] Entering safepoint region: RevokeBias
[2022-06-13T02:57:42.810+0000][1][safepoint    ] Leaving safepoint region
[2022-06-13T02:57:42.810+0000][1][safepoint    ] Total time for which application threads were stopped: 0.0003073 seconds, Stopping threads took: 0.0001867 seconds
[2022-06-13T02:57:42.811+0000][1][safepoint    ] Application time: 0.0000791 seconds
[2022-06-13T02:57:42.811+0000][1][safepoint    ] Entering safepoint region: RevokeBias
[2022-06-13T02:57:42.811+0000][1][safepoint    ] Leaving safepoint region
[2022-06-13T02:57:42.811+0000][1][safepoint    ] Total time for which application threads were stopped: 0.0002987 seconds, Stopping threads took: 0.0001666 seconds
[2022-06-13T02:57:42.811+0000][1][safepoint    ] Application time: 0.0000733 seconds
[2022-06-13T02:57:42.811+0000][1][safepoint    ] Entering safepoint region: RevokeBias
[2022-06-13T02:57:42.811+0000][1][safepoint    ] Leaving safepoint region
[2022-06-13T02:57:42.812+0000][1][safepoint    ] Total time for which application threads were stopped: 0.0002623 seconds, Stopping threads took: 0.0001191 seconds
[2022-06-13T02:57:42.812+0000][1][safepoint    ] Application time: 0.0000876 seconds
[2022-06-13T02:57:42.812+0000][1][safepoint    ] Entering safepoint region: RevokeBias
[2022-06-13T02:57:42.812+0000][1][safepoint    ] Leaving safepoint region
[2022-06-13T02:57:42.812+0000][1][safepoint    ] Total time for which application threads were stopped: 0.0002615 seconds, Stopping threads took: 0.0001256 seconds
[2022-06-13T02:57:42.812+0000][1][safepoint    ] Application time: 0.0000829 seconds
[2022-06-13T02:57:42.812+0000][1][safepoint    ] Entering safepoint region: RevokeBias
[2022-06-13T02:57:42.813+0000][1][safepoint    ] Leaving safepoint region
[2022-06-13T02:57:42.813+0000][1][safepoint    ] Total time for which application threads were stopped: 0.0002312 seconds, Stopping threads took: 0.0001137 seconds
[2022-06-13T02:57:42.813+0000][1][safepoint    ] Application time: 0.0001761 seconds
[2022-06-13T02:57:42.813+0000][1][safepoint    ] Entering safepoint region: RevokeBias
[2022-06-13T02:57:42.813+0000][1][safepoint    ] Leaving safepoint region
[2022-06-13T02:57:42.813+0000][1][safepoint    ] Total time for which application threads were stopped: 0.0002640 seconds, Stopping threads took: 0.0001239 seconds
[2022-06-13T02:57:42.813+0000][1][safepoint    ] Application time: 0.0000736 seconds
[2022-06-13T02:57:42.814+0000][1][safepoint    ] Entering safepoint region: RevokeBias
[2022-06-13T02:57:42.814+0000][1][safepoint    ] Leaving safepoint region
[2022-06-13T02:57:42.814+0000][1][safepoint    ] Total time for which application threads were stopped: 0.0003487 seconds, Stopping threads took: 0.0002105 seconds
[2022-06-13T02:57:42.814+0000][1][safepoint    ] Application time: 0.0001073 seconds
[2022-06-13T02:57:42.814+0000][1][safepoint    ] Entering safepoint region: RevokeBias
[2022-06-13T02:57:42.814+0000][1][safepoint    ] Leaving safepoint region
[2022-06-13T02:57:42.815+0000][1][safepoint    ] Total time for which application threads were stopped: 0.0002707 seconds, Stopping threads took: 0.0001429 seconds
[2022-06-13T02:57:42.815+0000][1][safepoint    ] Application time: 0.0000680 seconds
[2022-06-13T02:57:42.815+0000][1][safepoint    ] Entering safepoint region: RevokeBias
[2022-06-13T02:57:42.815+0000][1][safepoint    ] Leaving safepoint region
[2022-06-13T02:57:42.815+0000][1][safepoint    ] Total time for which application threads were stopped: 0.0002845 seconds, Stopping threads took: 0.0001421 seconds
[2022-06-13T02:57:42.941+0000][1][safepoint    ] Application time: 0.1257023 seconds
[2022-06-13T02:57:42.941+0000][1][safepoint    ] Entering safepoint region: Deoptimize
[2022-06-13T02:57:42.942+0000][1][safepoint    ] Leaving safepoint region
[2022-06-13T02:57:42.942+0000][1][safepoint    ] Total time for which application threads were stopped: 0.0006329 seconds, Stopping threads took: 0.0001193 seconds
[2022-06-13T02:57:43.091+0000][1][safepoint    ] Application time: 0.1488634 seconds
[2022-06-13T02:57:43.092+0000][1][safepoint    ] Entering safepoint region: RevokeBias
[2022-06-13T02:57:43.092+0000][1][safepoint    ] Leaving safepoint region
[2022-06-13T02:57:43.093+0000][1][safepoint    ] Total time for which application threads were stopped: 0.0013476 seconds, Stopping threads took: 0.0007210 seconds
[2022-06-13T02:57:43.151+0000][1][safepoint    ] Application time: 0.0572950 seconds
[2022-06-13T02:57:43.152+0000][1][safepoint    ] Entering safepoint region: RevokeBias
[2022-06-13T02:57:43.152+0000][1][safepoint    ] Leaving safepoint region
[2022-06-13T02:57:43.153+0000][1][safepoint    ] Total time for which application threads were stopped: 0.0014684 seconds, Stopping threads took: 0.0007353 seconds
[2022-06-13T02:57:43.156+0000][1][safepoint    ] Application time: 0.0024366 seconds
[2022-06-13T02:57:43.156+0000][1][safepoint    ] Entering safepoint region: RevokeBias
[2022-06-13T02:57:43.157+0000][1][safepoint    ] Leaving safepoint region
[2022-06-13T02:57:43.157+0000][1][safepoint    ] Total time for which application threads were stopped: 0.0009668 seconds, Stopping threads took: 0.0004739 seconds
[2022-06-13T02:57:43.174+0000][1][safepoint    ] Application time: 0.0159783 seconds
[2022-06-13T02:57:43.174+0000][1][safepoint    ] Entering safepoint region: GenCollectForAllocation
[2022-06-13T02:57:43.175+0000][1][gc,start     ] GC(1) Pause Young (Allocation Failure)
[2022-06-13T02:57:43.175+0000][1][gc,task      ] GC(1) Using 5 workers of 13 for evacuation
[2022-06-13T02:57:43.189+0000][1][gc,age       ] GC(1) Desired survivor size 4456448 bytes, new threshold 6 (max threshold 6)
[2022-06-13T02:57:43.189+0000][1][gc,age       ] GC(1) Age table with threshold 6 (max threshold 6)
[2022-06-13T02:57:43.190+0000][1][gc,age       ] GC(1) - age   1:    2022576 bytes,    2022576 total
[2022-06-13T02:57:43.190+0000][1][gc,heap      ] GC(1) ParNew: 78042K->5406K(78656K)
[2022-06-13T02:57:43.191+0000][1][gc,heap      ] GC(1) CMS: 0K->6652K(174784K)
[2022-06-13T02:57:43.191+0000][1][gc,metaspace ] GC(1) Metaspace: 14846K->14846K(1062912K)
[2022-06-13T02:57:43.192+0000][1][gc           ] GC(1) Pause Young (Allocation Failure) 76M->11M(247M) 17.065ms
[2022-06-13T02:57:43.192+0000][1][gc,cpu       ] GC(1) User=0.04s Sys=0.01s Real=0.02s
[2022-06-13T02:57:43.193+0000][1][safepoint    ] Leaving safepoint region
[2022-06-13T02:57:43.194+0000][1][safepoint    ] Total time for which application threads were stopped: 0.0193997 seconds, Stopping threads took: 0.0004902 seconds
[2022-06-13T02:57:43.195+0000][1][safepoint    ] Application time: 0.0006804 seconds
[2022-06-13T02:57:43.195+0000][1][safepoint    ] Entering safepoint region: BulkRevokeBias
[2022-06-13T02:57:43.196+0000][1][safepoint    ] Leaving safepoint region
[2022-06-13T02:57:43.196+0000][1][safepoint    ] Total time for which application threads were stopped: 0.0010553 seconds, Stopping threads took: 0.0005598 seconds
[2022-06-13T02:57:43.197+0000][1][safepoint    ] Application time: 0.0003614 seconds
[2022-06-13T02:57:43.198+0000][1][safepoint    ] Entering safepoint region: RevokeBias
[2022-06-13T02:57:43.198+0000][1][safepoint    ] Leaving safepoint region
[2022-06-13T02:57:43.199+0000][1][safepoint    ] Total time for which application threads were stopped: 0.0009731 seconds, Stopping threads took: 0.0004742 seconds
[2022-06-13T02:57:43.200+0000][1][safepoint    ] Application time: 0.0002654 seconds
[2022-06-13T02:57:43.201+0000][1][safepoint    ] Entering safepoint region: RevokeBias
[2022-06-13T02:57:43.201+0000][1][safepoint    ] Leaving safepoint region
[2022-06-13T02:57:43.202+0000][1][safepoint    ] Total time for which application threads were stopped: 0.0013695 seconds, Stopping threads took: 0.0007241 seconds
[2022-06-13T02:57:43.203+0000][1][safepoint    ] Application time: 0.0002435 seconds
[2022-06-13T02:57:43.203+0000][1][safepoint    ] Entering safepoint region: RevokeBias
[2022-06-13T02:57:43.204+0000][1][safepoint    ] Leaving safepoint region
[2022-06-13T02:57:43.205+0000][1][safepoint    ] Total time for which application threads were stopped: 0.0013717 seconds, Stopping threads took: 0.0008516 seconds
[2022-06-13T02:57:43.205+0000][1][safepoint    ] Application time: 0.0001041 seconds
[2022-06-13T02:57:43.205+0000][1][safepoint    ] Entering safepoint region: RevokeBias
[2022-06-13T02:57:43.206+0000][1][safepoint    ] Leaving safepoint region
[2022-06-13T02:57:43.206+0000][1][safepoint    ] Total time for which application threads were stopped: 0.0008103 seconds, Stopping threads took: 0.0004070 seconds
[2022-06-13T02:57:43.207+0000][1][safepoint    ] Application time: 0.0001143 seconds
[2022-06-13T02:57:43.207+0000][1][safepoint    ] Entering safepoint region: RevokeBias
[2022-06-13T02:57:43.207+0000][1][safepoint    ] Leaving safepoint region
[2022-06-13T02:57:43.208+0000][1][safepoint    ] Total time for which application threads were stopped: 0.0007228 seconds, Stopping threads took: 0.0003213 seconds
[2022-06-13T02:57:43.208+0000][1][safepoint    ] Application time: 0.0002568 seconds
[2022-06-13T02:57:43.209+0000][1][safepoint    ] Entering safepoint region: RevokeBias
[2022-06-13T02:57:43.209+0000][1][safepoint    ] Leaving safepoint region
[2022-06-13T02:57:43.210+0000][1][safepoint    ] Total time for which application threads were stopped: 0.0010615 seconds, Stopping threads took: 0.0006446 seconds
[2022-06-13T02:57:43.210+0000][1][safepoint    ] Application time: 0.0000941 seconds
[2022-06-13T02:57:43.211+0000][1][safepoint    ] Entering safepoint region: RevokeBias
[2022-06-13T02:57:43.211+0000][1][safepoint    ] Leaving safepoint region
[2022-06-13T02:57:43.211+0000][1][safepoint    ] Total time for which application threads were stopped: 0.0007774 seconds, Stopping threads took: 0.0003911 seconds
[2022-06-13T02:57:43.212+0000][1][safepoint    ] Application time: 0.0001032 seconds
[2022-06-13T02:57:43.212+0000][1][safepoint    ] Entering safepoint region: RevokeBias
[2022-06-13T02:57:43.212+0000][1][safepoint    ] Leaving safepoint region
[2022-06-13T02:57:43.212+0000][1][safepoint    ] Total time for which application threads were stopped: 0.0002590 seconds, Stopping threads took: 0.0001119 seconds
[2022-06-13T02:57:43.212+0000][1][safepoint    ] Application time: 0.0000675 seconds
[2022-06-13T02:57:43.213+0000][1][safepoint    ] Entering safepoint region: RevokeBias
[2022-06-13T02:57:43.213+0000][1][safepoint    ] Leaving safepoint region
[2022-06-13T02:57:43.213+0000][1][safepoint    ] Total time for which application threads were stopped: 0.0002412 seconds, Stopping threads took: 0.0001126 seconds
[2022-06-13T02:57:43.213+0000][1][safepoint    ] Application time: 0.0000636 seconds
[2022-06-13T02:57:43.213+0000][1][safepoint    ] Entering safepoint region: BulkRevokeBias
[2022-06-13T02:57:43.213+0000][1][safepoint    ] Leaving safepoint region
[2022-06-13T02:57:43.213+0000][1][safepoint    ] Total time for which application threads were stopped: 0.0002322 seconds, Stopping threads took: 0.0001121 seconds
[2022-06-13T02:57:43.213+0000][1][safepoint    ] Application time: 0.0000607 seconds
[2022-06-13T02:57:43.214+0000][1][safepoint    ] Entering safepoint region: RevokeBias
[2022-06-13T02:57:43.214+0000][1][safepoint    ] Leaving safepoint region
[2022-06-13T02:57:43.214+0000][1][safepoint    ] Total time for which application threads were stopped: 0.0004852 seconds, Stopping threads took: 0.0003150 seconds
[2022-06-13T02:57:43.214+0000][1][safepoint    ] Application time: 0.0000756 seconds
[2022-06-13T02:57:43.214+0000][1][safepoint    ] Entering safepoint region: BulkRevokeBias
[2022-06-13T02:57:43.215+0000][1][safepoint    ] Leaving safepoint region
[2022-06-13T02:57:43.215+0000][1][safepoint    ] Total time for which application threads were stopped: 0.0002481 seconds, Stopping threads took: 0.0001175 seconds
[2022-06-13T02:57:43.285+0000][1][safepoint    ] Application time: 0.0706199 seconds
[2022-06-13T02:57:43.286+0000][1][safepoint    ] Entering safepoint region: GenCollectForAllocation
[2022-06-13T02:57:43.286+0000][1][gc,start     ] GC(2) Pause Young (Allocation Failure)
[2022-06-13T02:57:43.286+0000][1][gc,task      ] GC(2) Using 5 workers of 13 for evacuation
[2022-06-13T02:57:43.289+0000][1][gc,age       ] GC(2) Desired survivor size 4456448 bytes, new threshold 6 (max threshold 6)
[2022-06-13T02:57:43.289+0000][1][gc,age       ] GC(2) Age table with threshold 6 (max threshold 6)
[2022-06-13T02:57:43.289+0000][1][gc,age       ] GC(2) - age   1:    2634672 bytes,    2634672 total
[2022-06-13T02:57:43.290+0000][1][gc,age       ] GC(2) - age   2:    1185136 bytes,    3819808 total
[2022-06-13T02:57:43.290+0000][1][gc,heap      ] GC(2) ParNew: 75358K->4557K(78656K)
[2022-06-13T02:57:43.291+0000][1][gc,heap      ] GC(2) CMS: 6652K->6652K(174784K)
[2022-06-13T02:57:43.291+0000][1][gc,metaspace ] GC(2) Metaspace: 14982K->14982K(1062912K)
[2022-06-13T02:57:43.291+0000][1][gc           ] GC(2) Pause Young (Allocation Failure) 80M->10M(247M) 5.287ms
[2022-06-13T02:57:43.292+0000][1][gc,cpu       ] GC(2) User=0.01s Sys=0.00s Real=0.01s
[2022-06-13T02:57:43.292+0000][1][safepoint    ] Leaving safepoint region
[2022-06-13T02:57:43.293+0000][1][safepoint    ] Total time for which application threads were stopped: 0.0068591 seconds, Stopping threads took: 0.0001932 seconds
[2022-06-13T02:57:43.293+0000][1][safepoint    ] Application time: 0.0002169 seconds
[2022-06-13T02:57:43.294+0000][1][safepoint    ] Entering safepoint region: RevokeBias
[2022-06-13T02:57:43.294+0000][1][safepoint    ] Leaving safepoint region
[2022-06-13T02:57:43.294+0000][1][safepoint    ] Total time for which application threads were stopped: 0.0007677 seconds, Stopping threads took: 0.0003131 seconds
[2022-06-13T02:57:43.295+0000][1][safepoint    ] Application time: 0.0002061 seconds
[2022-06-13T02:57:43.296+0000][1][safepoint    ] Entering safepoint region: RevokeBias
[2022-06-13T02:57:43.296+0000][1][safepoint    ] Leaving safepoint region
[2022-06-13T02:57:43.296+0000][1][safepoint    ] Total time for which application threads were stopped: 0.0010953 seconds, Stopping threads took: 0.0006055 seconds
[2022-06-13T02:57:43.297+0000][1][safepoint    ] Application time: 0.0002291 seconds
[2022-06-13T02:57:43.297+0000][1][safepoint    ] Entering safepoint region: RevokeBias
[2022-06-13T02:57:43.298+0000][1][safepoint    ] Leaving safepoint region
[2022-06-13T02:57:43.298+0000][1][safepoint    ] Total time for which application threads were stopped: 0.0010064 seconds, Stopping threads took: 0.0005655 seconds
[2022-06-13T02:57:43.299+0000][1][safepoint    ] Application time: 0.0003227 seconds
[2022-06-13T02:57:43.300+0000][1][safepoint    ] Entering safepoint region: RevokeBias
[2022-06-13T02:57:43.300+0000][1][safepoint    ] Leaving safepoint region
[2022-06-13T02:57:43.301+0000][1][safepoint    ] Total time for which application threads were stopped: 0.0010081 seconds, Stopping threads took: 0.0005949 seconds
[2022-06-13T02:57:43.301+0000][1][safepoint    ] Application time: 0.0002066 seconds
[2022-06-13T02:57:43.302+0000][1][safepoint    ] Entering safepoint region: RevokeBias
[2022-06-13T02:57:43.302+0000][1][safepoint    ] Leaving safepoint region
[2022-06-13T02:57:43.303+0000][1][safepoint    ] Total time for which application threads were stopped: 0.0008194 seconds, Stopping threads took: 0.0004048 seconds
[2022-06-13T02:57:43.303+0000][1][safepoint    ] Application time: 0.0003312 seconds
[2022-06-13T02:57:43.304+0000][1][safepoint    ] Entering safepoint region: RevokeBias
[2022-06-13T02:57:43.304+0000][1][safepoint    ] Leaving safepoint region
[2022-06-13T02:57:43.304+0000][1][safepoint    ] Total time for which application threads were stopped: 0.0007562 seconds, Stopping threads took: 0.0003761 seconds
[2022-06-13T02:57:43.371+0000][1][safepoint    ] Application time: 0.0664608 seconds
[2022-06-13T02:57:43.372+0000][1][safepoint    ] Entering safepoint region: Deoptimize
[2022-06-13T02:57:43.372+0000][1][safepoint    ] Leaving safepoint region
[2022-06-13T02:57:43.372+0000][1][safepoint    ] Total time for which application threads were stopped: 0.0006771 seconds, Stopping threads took: 0.0002027 seconds
[2022-06-13T02:57:43.373+0000][1][safepoint    ] Application time: 0.0004366 seconds
[2022-06-13T02:57:43.373+0000][1][safepoint    ] Entering safepoint region: Deoptimize
[2022-06-13T02:57:43.374+0000][1][safepoint    ] Leaving safepoint region
[2022-06-13T02:57:43.374+0000][1][safepoint    ] Total time for which application threads were stopped: 0.0006733 seconds, Stopping threads took: 0.0002798 seconds
[2022-06-13T02:57:43.471+0000][1][safepoint    ] Application time: 0.0969880 seconds
[2022-06-13T02:57:43.472+0000][1][safepoint    ] Entering safepoint region: GenCollectForAllocation
[2022-06-13T02:57:43.472+0000][1][gc,start     ] GC(3) Pause Young (Allocation Failure)
[2022-06-13T02:57:43.472+0000][1][gc,task      ] GC(3) Using 5 workers of 13 for evacuation
[2022-06-13T02:57:43.474+0000][1][gc,age       ] GC(3) Desired survivor size 4456448 bytes, new threshold 3 (max threshold 6)
[2022-06-13T02:57:43.475+0000][1][gc,age       ] GC(3) Age table with threshold 3 (max threshold 6)
[2022-06-13T02:57:43.475+0000][1][gc,age       ] GC(3) - age   1:    3309200 bytes,    3309200 total
[2022-06-13T02:57:43.475+0000][1][gc,age       ] GC(3) - age   2:     294200 bytes,    3603400 total
[2022-06-13T02:57:43.475+0000][1][gc,age       ] GC(3) - age   3:    1181832 bytes,    4785232 total
[2022-06-13T02:57:43.475+0000][1][gc,heap      ] GC(3) ParNew: 74509K->6332K(78656K)
[2022-06-13T02:57:43.475+0000][1][gc,heap      ] GC(3) CMS: 6652K->6652K(174784K)
[2022-06-13T02:57:43.475+0000][1][gc,metaspace ] GC(3) Metaspace: 18277K->18277K(1067008K)
[2022-06-13T02:57:43.476+0000][1][gc           ] GC(3) Pause Young (Allocation Failure) 79M->12M(247M) 3.767ms
[2022-06-13T02:57:43.476+0000][1][gc,cpu       ] GC(3) User=0.01s Sys=0.00s Real=0.00s
[2022-06-13T02:57:43.476+0000][1][safepoint    ] Leaving safepoint region
[2022-06-13T02:57:43.476+0000][1][safepoint    ] Total time for which application threads were stopped: 0.0042053 seconds, Stopping threads took: 0.0001154 seconds
[2022-06-13T02:57:43.476+0000][1][safepoint    ] Application time: 0.0003454 seconds
[2022-06-13T02:57:43.476+0000][1][safepoint    ] Entering safepoint region: RevokeBias
[2022-06-13T02:57:43.477+0000][1][safepoint    ] Leaving safepoint region
[2022-06-13T02:57:43.477+0000][1][safepoint    ] Total time for which application threads were stopped: 0.0002718 seconds, Stopping threads took: 0.0001218 seconds
[2022-06-13T02:57:43.477+0000][1][safepoint    ] Application time: 0.0001750 seconds
[2022-06-13T02:57:43.477+0000][1][safepoint    ] Entering safepoint region: RevokeBias
[2022-06-13T02:57:43.477+0000][1][safepoint    ] Leaving safepoint region
[2022-06-13T02:57:43.477+0000][1][safepoint    ] Total time for which application threads were stopped: 0.0002696 seconds, Stopping threads took: 0.0001580 seconds
[2022-06-13T02:57:43.478+0000][1][safepoint    ] Application time: 0.0001943 seconds
[2022-06-13T02:57:43.478+0000][1][safepoint    ] Entering safepoint region: RevokeBias
[2022-06-13T02:57:43.478+0000][1][safepoint    ] Leaving safepoint region
[2022-06-13T02:57:43.478+0000][1][safepoint    ] Total time for which application threads were stopped: 0.0002324 seconds, Stopping threads took: 0.0001270 seconds
[2022-06-13T02:57:43.478+0000][1][safepoint    ] Application time: 0.0001648 seconds
[2022-06-13T02:57:43.478+0000][1][safepoint    ] Entering safepoint region: RevokeBias
[2022-06-13T02:57:43.479+0000][1][safepoint    ] Leaving safepoint region
[2022-06-13T02:57:43.479+0000][1][safepoint    ] Total time for which application threads were stopped: 0.0002189 seconds, Stopping threads took: 0.0001101 seconds
[2022-06-13T02:57:43.479+0000][1][safepoint    ] Application time: 0.0001757 seconds
[2022-06-13T02:57:43.479+0000][1][safepoint    ] Entering safepoint region: RevokeBias
[2022-06-13T02:57:43.479+0000][1][safepoint    ] Leaving safepoint region
[2022-06-13T02:57:43.479+0000][1][safepoint    ] Total time for which application threads were stopped: 0.0004878 seconds, Stopping threads took: 0.0003402 seconds
[2022-06-13T02:57:43.480+0000][1][safepoint    ] Application time: 0.0001589 seconds
[2022-06-13T02:57:43.480+0000][1][safepoint    ] Entering safepoint region: RevokeBias
[2022-06-13T02:57:43.480+0000][1][safepoint    ] Leaving safepoint region
[2022-06-13T02:57:43.480+0000][1][safepoint    ] Total time for which application threads were stopped: 0.0001868 seconds, Stopping threads took: 0.0000927 seconds
[2022-06-13T02:57:43.480+0000][1][safepoint    ] Application time: 0.0001670 seconds
[2022-06-13T02:57:43.480+0000][1][safepoint    ] Entering safepoint region: RevokeBias
[2022-06-13T02:57:43.481+0000][1][safepoint    ] Leaving safepoint region
[2022-06-13T02:57:43.481+0000][1][safepoint    ] Total time for which application threads were stopped: 0.0006511 seconds, Stopping threads took: 0.0002901 seconds
[2022-06-13T02:57:43.481+0000][1][safepoint    ] Application time: 0.0001515 seconds
[2022-06-13T02:57:43.482+0000][1][safepoint    ] Entering safepoint region: RevokeBias
[2022-06-13T02:57:43.482+0000][1][safepoint    ] Leaving safepoint region
[2022-06-13T02:57:43.482+0000][1][safepoint    ] Total time for which application threads were stopped: 0.0007144 seconds, Stopping threads took: 0.0004632 seconds
[2022-06-13T02:57:43.483+0000][1][safepoint    ] Application time: 0.0001841 seconds
[2022-06-13T02:57:43.483+0000][1][safepoint    ] Entering safepoint region: RevokeBias
[2022-06-13T02:57:43.483+0000][1][safepoint    ] Leaving safepoint region
[2022-06-13T02:57:43.483+0000][1][safepoint    ] Total time for which application threads were stopped: 0.0004504 seconds, Stopping threads took: 0.0002406 seconds
[2022-06-13T02:57:43.484+0000][1][safepoint    ] Application time: 0.0001782 seconds
[2022-06-13T02:57:43.484+0000][1][safepoint    ] Entering safepoint region: RevokeBias
[2022-06-13T02:57:43.484+0000][1][safepoint    ] Leaving safepoint region
[2022-06-13T02:57:43.484+0000][1][safepoint    ] Total time for which application threads were stopped: 0.0005216 seconds, Stopping threads took: 0.0002871 seconds
[2022-06-13T02:57:43.485+0000][1][safepoint    ] Application time: 0.0001586 seconds
[2022-06-13T02:57:43.485+0000][1][safepoint    ] Entering safepoint region: RevokeBias
[2022-06-13T02:57:43.485+0000][1][safepoint    ] Leaving safepoint region
[2022-06-13T02:57:43.485+0000][1][safepoint    ] Total time for which application threads were stopped: 0.0004720 seconds, Stopping threads took: 0.0002642 seconds
[2022-06-13T02:57:43.486+0000][1][safepoint    ] Application time: 0.0001100 seconds
[2022-06-13T02:57:43.486+0000][1][safepoint    ] Entering safepoint region: RevokeBias
[2022-06-13T02:57:43.486+0000][1][safepoint    ] Leaving safepoint region
[2022-06-13T02:57:43.486+0000][1][safepoint    ] Total time for which application threads were stopped: 0.0004754 seconds, Stopping threads took: 0.0002558 seconds
[2022-06-13T02:57:43.487+0000][1][safepoint    ] Application time: 0.0001067 seconds
[2022-06-13T02:57:43.487+0000][1][safepoint    ] Entering safepoint region: RevokeBias
[2022-06-13T02:57:43.487+0000][1][safepoint    ] Leaving safepoint region
[2022-06-13T02:57:43.487+0000][1][safepoint    ] Total time for which application threads were stopped: 0.0004075 seconds, Stopping threads took: 0.0002119 seconds
[2022-06-13T02:57:43.487+0000][1][safepoint    ] Application time: 0.0001143 seconds
[2022-06-13T02:57:43.488+0000][1][safepoint    ] Entering safepoint region: RevokeBias
[2022-06-13T02:57:43.488+0000][1][safepoint    ] Leaving safepoint region
[2022-06-13T02:57:43.488+0000][1][safepoint    ] Total time for which application threads were stopped: 0.0003853 seconds, Stopping threads took: 0.0001894 seconds
[2022-06-13T02:57:43.488+0000][1][safepoint    ] Application time: 0.0001043 seconds
[2022-06-13T02:57:43.489+0000][1][safepoint    ] Entering safepoint region: RevokeBias
[2022-06-13T02:57:43.489+0000][1][safepoint    ] Leaving safepoint region
[2022-06-13T02:57:43.489+0000][1][safepoint    ] Total time for which application threads were stopped: 0.0004817 seconds, Stopping threads took: 0.0002602 seconds
[2022-06-13T02:57:43.489+0000][1][safepoint    ] Application time: 0.0000891 seconds
[2022-06-13T02:57:43.489+0000][1][safepoint    ] Entering safepoint region: RevokeBias
[2022-06-13T02:57:43.490+0000][1][safepoint    ] Leaving safepoint region
[2022-06-13T02:57:43.490+0000][1][safepoint    ] Total time for which application threads were stopped: 0.0004748 seconds, Stopping threads took: 0.0002769 seconds
[2022-06-13T02:57:43.490+0000][1][safepoint    ] Application time: 0.0001944 seconds
[2022-06-13T02:57:43.491+0000][1][safepoint    ] Entering safepoint region: RevokeBias
[2022-06-13T02:57:43.491+0000][1][safepoint    ] Leaving safepoint region
[2022-06-13T02:57:43.491+0000][1][safepoint    ] Total time for which application threads were stopped: 0.0006188 seconds, Stopping threads took: 0.0003410 seconds
[2022-06-13T02:57:43.492+0000][1][safepoint    ] Application time: 0.0004059 seconds
[2022-06-13T02:57:43.492+0000][1][safepoint    ] Entering safepoint region: RevokeBias
[2022-06-13T02:57:43.493+0000][1][safepoint    ] Leaving safepoint region
[2022-06-13T02:57:43.493+0000][1][safepoint    ] Total time for which application threads were stopped: 0.0004666 seconds, Stopping threads took: 0.0002841 seconds
[2022-06-13T02:57:43.493+0000][1][safepoint    ] Application time: 0.0002133 seconds
[2022-06-13T02:57:43.493+0000][1][safepoint    ] Entering safepoint region: RevokeBias
[2022-06-13T02:57:43.493+0000][1][safepoint    ] Leaving safepoint region
[2022-06-13T02:57:43.494+0000][1][safepoint    ] Total time for which application threads were stopped: 0.0004208 seconds, Stopping threads took: 0.0001924 seconds
[2022-06-13T02:57:43.494+0000][1][safepoint    ] Application time: 0.0000966 seconds
[2022-06-13T02:57:43.494+0000][1][safepoint    ] Entering safepoint region: RevokeBias
[2022-06-13T02:57:43.494+0000][1][safepoint    ] Leaving safepoint region
[2022-06-13T02:57:43.494+0000][1][safepoint    ] Total time for which application threads were stopped: 0.0003340 seconds, Stopping threads took: 0.0001824 seconds
[2022-06-13T02:57:43.495+0000][1][safepoint    ] Application time: 0.0000783 seconds
[2022-06-13T02:57:43.495+0000][1][safepoint    ] Entering safepoint region: RevokeBias
[2022-06-13T02:57:43.495+0000][1][safepoint    ] Leaving safepoint region
[2022-06-13T02:57:43.495+0000][1][safepoint    ] Total time for which application threads were stopped: 0.0004585 seconds, Stopping threads took: 0.0002198 seconds
[2022-06-13T02:57:43.565+0000][1][safepoint    ] Application time: 0.0692030 seconds
[2022-06-13T02:57:43.565+0000][1][safepoint    ] Entering safepoint region: GenCollectForAllocation
[2022-06-13T02:57:43.566+0000][1][gc,start     ] GC(4) Pause Young (Allocation Failure)
[2022-06-13T02:57:43.566+0000][1][gc,task      ] GC(4) Using 5 workers of 13 for evacuation
[2022-06-13T02:57:43.569+0000][1][gc,age       ] GC(4) Desired survivor size 4456448 bytes, new threshold 2 (max threshold 6)
[2022-06-13T02:57:43.570+0000][1][gc,age       ] GC(4) Age table with threshold 2 (max threshold 6)
[2022-06-13T02:57:43.570+0000][1][gc,age       ] GC(4) - age   1:    1436824 bytes,    1436824 total
[2022-06-13T02:57:43.571+0000][1][gc,age       ] GC(4) - age   2:    3202560 bytes,    4639384 total
[2022-06-13T02:57:43.571+0000][1][gc,age       ] GC(4) - age   3:     293672 bytes,    4933056 total
[2022-06-13T02:57:43.571+0000][1][gc,heap      ] GC(4) ParNew: 76284K->6978K(78656K)
[2022-06-13T02:57:43.572+0000][1][gc,heap      ] GC(4) CMS: 6652K->7832K(174784K)
[2022-06-13T02:57:43.572+0000][1][gc,metaspace ] GC(4) Metaspace: 18670K->18670K(1067008K)
[2022-06-13T02:57:43.572+0000][1][gc           ] GC(4) Pause Young (Allocation Failure) 80M->14M(247M) 6.500ms
[2022-06-13T02:57:43.573+0000][1][gc,cpu       ] GC(4) User=0.03s Sys=0.00s Real=0.01s
[2022-06-13T02:57:43.573+0000][1][safepoint    ] Leaving safepoint region
[2022-06-13T02:57:43.573+0000][1][safepoint    ] Total time for which application threads were stopped: 0.0079340 seconds, Stopping threads took: 0.0003600 seconds
[2022-06-13T02:57:43.574+0000][1][safepoint    ] Application time: 0.0002127 seconds
[2022-06-13T02:57:43.574+0000][1][safepoint    ] Entering safepoint region: BulkRevokeBias
[2022-06-13T02:57:43.575+0000][1][safepoint    ] Leaving safepoint region
[2022-06-13T02:57:43.575+0000][1][safepoint    ] Total time for which application threads were stopped: 0.0007771 seconds, Stopping threads took: 0.0003824 seconds
[2022-06-13T02:57:43.575+0000][1][safepoint    ] Application time: 0.0001535 seconds
[2022-06-13T02:57:43.576+0000][1][safepoint    ] Entering safepoint region: RevokeBias
[2022-06-13T02:57:43.576+0000][1][safepoint    ] Leaving safepoint region
[2022-06-13T02:57:43.576+0000][1][safepoint    ] Total time for which application threads were stopped: 0.0005377 seconds, Stopping threads took: 0.0002740 seconds
[2022-06-13T02:57:43.577+0000][1][safepoint    ] Application time: 0.0002144 seconds
[2022-06-13T02:57:43.577+0000][1][safepoint    ] Entering safepoint region: RevokeBias
[2022-06-13T02:57:43.577+0000][1][safepoint    ] Leaving safepoint region
[2022-06-13T02:57:43.578+0000][1][safepoint    ] Total time for which application threads were stopped: 0.0008344 seconds, Stopping threads took: 0.0003598 seconds
[2022-06-13T02:57:43.578+0000][1][safepoint    ] Application time: 0.0001233 seconds
[2022-06-13T02:57:43.579+0000][1][safepoint    ] Entering safepoint region: RevokeBias
[2022-06-13T02:57:43.579+0000][1][safepoint    ] Leaving safepoint region
[2022-06-13T02:57:43.579+0000][1][safepoint    ] Total time for which application threads were stopped: 0.0005358 seconds, Stopping threads took: 0.0002633 seconds
[2022-06-13T02:57:43.593+0000][1][safepoint    ] Application time: 0.0139465 seconds
[2022-06-13T02:57:43.594+0000][1][safepoint    ] Entering safepoint region: Deoptimize
[2022-06-13T02:57:43.594+0000][1][safepoint    ] Leaving safepoint region
[2022-06-13T02:57:43.595+0000][1][safepoint    ] Total time for which application threads were stopped: 0.0010165 seconds, Stopping threads took: 0.0003528 seconds
[2022-06-13T02:57:43.619+0000][1][safepoint    ] Application time: 0.0235561 seconds
[2022-06-13T02:57:43.619+0000][1][safepoint    ] Entering safepoint region: Deoptimize
[2022-06-13T02:57:43.620+0000][1][safepoint    ] Leaving safepoint region
[2022-06-13T02:57:43.620+0000][1][safepoint    ] Total time for which application threads were stopped: 0.0011978 seconds, Stopping threads took: 0.0004649 seconds
[2022-06-13T02:57:43.678+0000][1][safepoint    ] Application time: 0.0566630 seconds
[2022-06-13T02:57:43.678+0000][1][safepoint    ] Entering safepoint region: GenCollectForAllocation
[2022-06-13T02:57:43.678+0000][1][gc,start     ] GC(5) Pause Young (Allocation Failure)
[2022-06-13T02:57:43.679+0000][1][gc,task      ] GC(5) Using 5 workers of 13 for evacuation
[2022-06-13T02:57:43.682+0000][1][gc,age       ] GC(5) Desired survivor size 4456448 bytes, new threshold 6 (max threshold 6)
[2022-06-13T02:57:43.682+0000][1][gc,age       ] GC(5) Age table with threshold 6 (max threshold 6)
[2022-06-13T02:57:43.682+0000][1][gc,age       ] GC(5) - age   1:    2355336 bytes,    2355336 total
[2022-06-13T02:57:43.683+0000][1][gc,age       ] GC(5) - age   2:     574648 bytes,    2929984 total
[2022-06-13T02:57:43.683+0000][1][gc,heap      ] GC(5) ParNew: 76930K->5689K(78656K)
[2022-06-13T02:57:43.683+0000][1][gc,heap      ] GC(5) CMS: 7832K->11271K(174784K)
[2022-06-13T02:57:43.684+0000][1][gc,metaspace ] GC(5) Metaspace: 19012K->19012K(1067008K)
[2022-06-13T02:57:43.684+0000][1][gc           ] GC(5) Pause Young (Allocation Failure) 82M->16M(247M) 5.382ms
[2022-06-13T02:57:43.684+0000][1][gc,cpu       ] GC(5) User=0.06s Sys=0.00s Real=0.01s
[2022-06-13T02:57:43.684+0000][1][safepoint    ] Leaving safepoint region
[2022-06-13T02:57:43.685+0000][1][safepoint    ] Total time for which application threads were stopped: 0.0066857 seconds, Stopping threads took: 0.0002852 seconds
[2022-06-13T02:57:43.685+0000][1][safepoint    ] Application time: 0.0001890 seconds
[2022-06-13T02:57:43.685+0000][1][safepoint    ] Entering safepoint region: RevokeBias
[2022-06-13T02:57:43.686+0000][1][safepoint    ] Leaving safepoint region
[2022-06-13T02:57:43.686+0000][1][safepoint    ] Total time for which application threads were stopped: 0.0005709 seconds, Stopping threads took: 0.0002690 seconds
[2022-06-13T02:57:43.686+0000][1][safepoint    ] Application time: 0.0000976 seconds
[2022-06-13T02:57:43.686+0000][1][safepoint    ] Entering safepoint region: RevokeBias
[2022-06-13T02:57:43.687+0000][1][safepoint    ] Leaving safepoint region
[2022-06-13T02:57:43.687+0000][1][safepoint    ] Total time for which application threads were stopped: 0.0004318 seconds, Stopping threads took: 0.0001437 seconds
[2022-06-13T02:57:43.687+0000][1][safepoint    ] Application time: 0.0001322 seconds
[2022-06-13T02:57:43.687+0000][1][safepoint    ] Entering safepoint region: RevokeBias
[2022-06-13T02:57:43.688+0000][1][safepoint    ] Leaving safepoint region
[2022-06-13T02:57:43.688+0000][1][safepoint    ] Total time for which application threads were stopped: 0.0004756 seconds, Stopping threads took: 0.0001855 seconds
[2022-06-13T02:57:43.688+0000][1][safepoint    ] Application time: 0.0000783 seconds
[2022-06-13T02:57:43.688+0000][1][safepoint    ] Entering safepoint region: RevokeBias
[2022-06-13T02:57:43.689+0000][1][safepoint    ] Leaving safepoint region
[2022-06-13T02:57:43.689+0000][1][safepoint    ] Total time for which application threads were stopped: 0.0005114 seconds, Stopping threads took: 0.0002379 seconds
[2022-06-13T02:57:43.689+0000][1][safepoint    ] Application time: 0.0001036 seconds
[2022-06-13T02:57:43.689+0000][1][safepoint    ] Entering safepoint region: RevokeBias
[2022-06-13T02:57:43.689+0000][1][safepoint    ] Leaving safepoint region
[2022-06-13T02:57:43.690+0000][1][safepoint    ] Total time for which application threads were stopped: 0.0003819 seconds, Stopping threads took: 0.0001820 seconds
[2022-06-13T02:57:43.690+0000][1][safepoint    ] Application time: 0.0000796 seconds
[2022-06-13T02:57:43.690+0000][1][safepoint    ] Entering safepoint region: RevokeBias
[2022-06-13T02:57:43.690+0000][1][safepoint    ] Leaving safepoint region
[2022-06-13T02:57:43.690+0000][1][safepoint    ] Total time for which application threads were stopped: 0.0005029 seconds, Stopping threads took: 0.0000904 seconds
[2022-06-13T02:57:43.743+0000][1][safepoint    ] Application time: 0.0523637 seconds
[2022-06-13T02:57:43.743+0000][1][safepoint    ] Entering safepoint region: RevokeBias
[2022-06-13T02:57:43.743+0000][1][safepoint    ] Leaving safepoint region
[2022-06-13T02:57:43.744+0000][1][safepoint    ] Total time for which application threads were stopped: 0.0003106 seconds, Stopping threads took: 0.0001457 seconds
[2022-06-13T02:57:43.744+0000][1][safepoint    ] Application time: 0.0002074 seconds
[2022-06-13T02:57:43.744+0000][1][safepoint    ] Entering safepoint region: BulkRevokeBias
[2022-06-13T02:57:43.744+0000][1][safepoint    ] Leaving safepoint region
[2022-06-13T02:57:43.744+0000][1][safepoint    ] Total time for which application threads were stopped: 0.0002667 seconds, Stopping threads took: 0.0000973 seconds
[2022-06-13T02:57:43.761+0000][1][safepoint    ] Application time: 0.0162109 seconds
[2022-06-13T02:57:43.761+0000][1][safepoint    ] Entering safepoint region: GenCollectForAllocation
[2022-06-13T02:57:43.762+0000][1][gc,start     ] GC(6) Pause Young (Allocation Failure)
[2022-06-13T02:57:43.762+0000][1][gc,task      ] GC(6) Using 5 workers of 13 for evacuation
[2022-06-13T02:57:43.764+0000][1][gc,age       ] GC(6) Desired survivor size 4456448 bytes, new threshold 6 (max threshold 6)
[2022-06-13T02:57:43.765+0000][1][gc,age       ] GC(6) Age table with threshold 6 (max threshold 6)
[2022-06-13T02:57:43.765+0000][1][gc,age       ] GC(6) - age   1:    1155904 bytes,    1155904 total
[2022-06-13T02:57:43.765+0000][1][gc,age       ] GC(6) - age   2:    2194848 bytes,    3350752 total
[2022-06-13T02:57:43.766+0000][1][gc,age       ] GC(6) - age   3:     574648 bytes,    3925400 total
[2022-06-13T02:57:43.766+0000][1][gc,heap      ] GC(6) ParNew: 75641K->5167K(78656K)
[2022-06-13T02:57:43.767+0000][1][gc,heap      ] GC(6) CMS: 11271K->11271K(174784K)
[2022-06-13T02:57:43.767+0000][1][gc,metaspace ] GC(6) Metaspace: 19318K->19318K(1067008K)
[2022-06-13T02:57:43.768+0000][1][gc           ] GC(6) Pause Young (Allocation Failure) 84M->16M(247M) 6.150ms
[2022-06-13T02:57:43.768+0000][1][gc,cpu       ] GC(6) User=0.01s Sys=0.00s Real=0.00s
[2022-06-13T02:57:43.769+0000][1][safepoint    ] Leaving safepoint region
[2022-06-13T02:57:43.769+0000][1][safepoint    ] Total time for which application threads were stopped: 0.0082105 seconds, Stopping threads took: 0.0004281 seconds
[2022-06-13T02:57:43.770+0000][1][safepoint    ] Application time: 0.0003021 seconds
[2022-06-13T02:57:43.770+0000][1][safepoint    ] Entering safepoint region: BulkRevokeBias
[2022-06-13T02:57:43.771+0000][1][safepoint    ] Leaving safepoint region
[2022-06-13T02:57:43.771+0000][1][safepoint    ] Total time for which application threads were stopped: 0.0008044 seconds, Stopping threads took: 0.0003258 seconds
[2022-06-13T02:57:43.849+0000][1][safepoint    ] Application time: 0.0774313 seconds
[2022-06-13T02:57:43.849+0000][1][safepoint    ] Entering safepoint region: GenCollectForAllocation
[2022-06-13T02:57:43.849+0000][1][gc,start     ] GC(7) Pause Young (Allocation Failure)
[2022-06-13T02:57:43.850+0000][1][gc,task      ] GC(7) Using 5 workers of 13 for evacuation
[2022-06-13T02:57:43.852+0000][1][gc,age       ] GC(7) Desired survivor size 4456448 bytes, new threshold 6 (max threshold 6)
[2022-06-13T02:57:43.852+0000][1][gc,age       ] GC(7) Age table with threshold 6 (max threshold 6)
[2022-06-13T02:57:43.852+0000][1][gc,age       ] GC(7) - age   1:     515184 bytes,     515184 total
[2022-06-13T02:57:43.853+0000][1][gc,age       ] GC(7) - age   2:    1129216 bytes,    1644400 total
[2022-06-13T02:57:43.853+0000][1][gc,age       ] GC(7) - age   3:    2192840 bytes,    3837240 total
[2022-06-13T02:57:43.853+0000][1][gc,age       ] GC(7) - age   4:     574648 bytes,    4411888 total
[2022-06-13T02:57:43.853+0000][1][gc,heap      ] GC(7) ParNew: 75119K->5292K(78656K)
[2022-06-13T02:57:43.854+0000][1][gc,heap      ] GC(7) CMS: 11271K->11271K(174784K)
[2022-06-13T02:57:43.854+0000][1][gc,metaspace ] GC(7) Metaspace: 19705K->19705K(1067008K)
[2022-06-13T02:57:43.854+0000][1][gc           ] GC(7) Pause Young (Allocation Failure) 84M->16M(247M) 4.852ms
[2022-06-13T02:57:43.855+0000][1][gc,cpu       ] GC(7) User=0.01s Sys=0.00s Real=0.00s
[2022-06-13T02:57:43.855+0000][1][safepoint    ] Leaving safepoint region
[2022-06-13T02:57:43.855+0000][1][safepoint    ] Total time for which application threads were stopped: 0.0062178 seconds, Stopping threads took: 0.0002173 seconds
[2022-06-13T02:57:43.876+0000][1][safepoint    ] Application time: 0.0200338 seconds
[2022-06-13T02:57:43.876+0000][1][safepoint    ] Entering safepoint region: CollectForMetadataAllocation
[2022-06-13T02:57:43.877+0000][1][safepoint    ] Leaving safepoint region
[2022-06-13T02:57:43.877+0000][1][safepoint    ] Total time for which application threads were stopped: 0.0007988 seconds, Stopping threads took: 0.0003716 seconds
[2022-06-13T02:57:43.891+0000][1][safepoint    ] Application time: 0.0130606 seconds
[2022-06-13T02:57:43.891+0000][1][safepoint    ] Entering safepoint region: CollectForMetadataAllocation
[2022-06-13T02:57:43.891+0000][1][safepoint    ] Leaving safepoint region
[2022-06-13T02:57:43.892+0000][1][safepoint    ] Total time for which application threads were stopped: 0.0008004 seconds, Stopping threads took: 0.0003660 seconds
[2022-06-13T02:57:43.932+0000][1][safepoint    ] Application time: 0.0396930 seconds
[2022-06-13T02:57:43.932+0000][1][safepoint    ] Entering safepoint region: GenCollectForAllocation
[2022-06-13T02:57:43.933+0000][1][gc,start     ] GC(8) Pause Young (Allocation Failure)
[2022-06-13T02:57:43.933+0000][1][gc,task      ] GC(8) Using 5 workers of 13 for evacuation
[2022-06-13T02:57:43.935+0000][1][gc,age       ] GC(8) Desired survivor size 4456448 bytes, new threshold 5 (max threshold 6)
[2022-06-13T02:57:43.935+0000][1][gc,age       ] GC(8) Age table with threshold 5 (max threshold 6)
[2022-06-13T02:57:43.936+0000][1][gc,age       ] GC(8) - age   1:     486488 bytes,     486488 total
[2022-06-13T02:57:43.936+0000][1][gc,age       ] GC(8) - age   2:     493808 bytes,     980296 total
[2022-06-13T02:57:43.937+0000][1][gc,age       ] GC(8) - age   3:    1129120 bytes,    2109416 total
[2022-06-13T02:57:43.937+0000][1][gc,age       ] GC(8) - age   4:    2192552 bytes,    4301968 total
[2022-06-13T02:57:43.937+0000][1][gc,age       ] GC(8) - age   5:     574648 bytes,    4876616 total
[2022-06-13T02:57:43.938+0000][1][gc,heap      ] GC(8) ParNew: 75244K->5788K(78656K)
[2022-06-13T02:57:43.938+0000][1][gc,heap      ] GC(8) CMS: 11271K->11271K(174784K)
[2022-06-13T02:57:43.938+0000][1][gc,metaspace ] GC(8) Metaspace: 20366K->20366K(1069056K)
[2022-06-13T02:57:43.939+0000][1][gc           ] GC(8) Pause Young (Allocation Failure) 84M->16M(247M) 5.924ms
[2022-06-13T02:57:43.939+0000][1][gc,cpu       ] GC(8) User=0.02s Sys=0.01s Real=0.00s
[2022-06-13T02:57:43.940+0000][1][safepoint    ] Leaving safepoint region
[2022-06-13T02:57:43.940+0000][1][safepoint    ] Total time for which application threads were stopped: 0.0076303 seconds, Stopping threads took: 0.0004284 seconds
[2022-06-13T02:57:43.940+0000][1][safepoint    ] Application time: 0.0002039 seconds
[2022-06-13T02:57:43.941+0000][1][safepoint    ] Entering safepoint region: CMS_Initial_Mark
[2022-06-13T02:57:43.941+0000][1][gc,start     ] GC(9) Pause Initial Mark
[2022-06-13T02:57:43.942+0000][1][gc           ] GC(9) Pause Initial Mark 18M->18M(247M) 0.894ms
[2022-06-13T02:57:43.942+0000][1][gc,cpu       ] GC(9) User=0.00s Sys=0.00s Real=0.00s
[2022-06-13T02:57:43.943+0000][1][safepoint    ] Leaving safepoint region
[2022-06-13T02:57:43.943+0000][1][safepoint    ] Total time for which application threads were stopped: 0.0023261 seconds, Stopping threads took: 0.0003353 seconds
[2022-06-13T02:57:43.944+0000][1][gc           ] GC(9) Concurrent Mark
[2022-06-13T02:57:43.944+0000][1][gc,task      ] GC(9) Using 4 workers of 4 for marking
[2022-06-13T02:57:43.948+0000][1][gc           ] GC(9) Concurrent Mark 4.489ms
[2022-06-13T02:57:43.948+0000][1][gc,cpu       ] GC(9) User=0.02s Sys=0.00s Real=0.00s
[2022-06-13T02:57:43.949+0000][1][gc           ] GC(9) Concurrent Preclean
[2022-06-13T02:57:43.949+0000][1][gc           ] GC(9) Concurrent Preclean 0.628ms
[2022-06-13T02:57:43.949+0000][1][gc,cpu       ] GC(9) User=0.03s Sys=0.00s Real=0.01s
[2022-06-13T02:57:43.949+0000][1][gc           ] GC(9) Concurrent Abortable Preclean
[2022-06-13T02:57:43.988+0000][1][safepoint    ] Application time: 0.0448876 seconds
[2022-06-13T02:57:43.989+0000][1][safepoint    ] Entering safepoint region: GenCollectForAllocation
[2022-06-13T02:57:43.989+0000][1][gc,start     ] GC(10) Pause Young (Allocation Failure)
[2022-06-13T02:57:43.989+0000][1][gc,task      ] GC(10) Using 5 workers of 13 for evacuation
[2022-06-13T02:57:43.992+0000][1][gc,age       ] GC(10) Desired survivor size 4456448 bytes, new threshold 5 (max threshold 6)
[2022-06-13T02:57:43.992+0000][1][gc,age       ] GC(10) Age table with threshold 5 (max threshold 6)
[2022-06-13T02:57:43.992+0000][1][gc,age       ] GC(10) - age   1:     938096 bytes,     938096 total
[2022-06-13T02:57:43.992+0000][1][gc,age       ] GC(10) - age   2:     474608 bytes,    1412704 total
[2022-06-13T02:57:43.992+0000][1][gc,age       ] GC(10) - age   3:     493688 bytes,    1906392 total
[2022-06-13T02:57:43.993+0000][1][gc,age       ] GC(10) - age   4:    1129120 bytes,    3035512 total
[2022-06-13T02:57:43.993+0000][1][gc,age       ] GC(10) - age   5:    2192360 bytes,    5227872 total
[2022-06-13T02:57:43.993+0000][1][gc,heap      ] GC(10) ParNew: 75740K->6598K(78656K)
[2022-06-13T02:57:43.993+0000][1][gc,heap      ] GC(10) CMS: 11271K->11843K(174784K)
[2022-06-13T02:57:43.994+0000][1][gc,metaspace ] GC(10) Metaspace: 20478K->20478K(1069056K)
[2022-06-13T02:57:43.994+0000][1][gc           ] GC(10) Pause Young (Allocation Failure) 84M->18M(247M) 4.720ms
[2022-06-13T02:57:43.994+0000][1][gc,cpu       ] GC(10) User=0.02s Sys=0.00s Real=0.01s
[2022-06-13T02:57:43.994+0000][1][safepoint    ] Leaving safepoint region
[2022-06-13T02:57:43.995+0000][1][safepoint    ] Total time for which application threads were stopped: 0.0059665 seconds, Stopping threads took: 0.0001951 seconds
[2022-06-13T02:57:44.040+0000][1][safepoint    ] Application time: 0.0448325 seconds
[2022-06-13T02:57:44.040+0000][1][safepoint    ] Entering safepoint region: GenCollectForAllocation
[2022-06-13T02:57:44.041+0000][1][gc,start     ] GC(11) Pause Young (Allocation Failure)
[2022-06-13T02:57:44.041+0000][1][gc,task      ] GC(11) Using 5 workers of 13 for evacuation
[2022-06-13T02:57:44.044+0000][1][gc,age       ] GC(11) Desired survivor size 4456448 bytes, new threshold 6 (max threshold 6)
[2022-06-13T02:57:44.045+0000][1][gc,age       ] GC(11) Age table with threshold 6 (max threshold 6)
[2022-06-13T02:57:44.045+0000][1][gc,age       ] GC(11) - age   1:    1817400 bytes,    1817400 total
[2022-06-13T02:57:44.045+0000][1][gc,age       ] GC(11) - age   2:     125928 bytes,    1943328 total
[2022-06-13T02:57:44.046+0000][1][gc,age       ] GC(11) - age   3:     474608 bytes,    2417936 total
[2022-06-13T02:57:44.046+0000][1][gc,age       ] GC(11) - age   4:     493536 bytes,    2911472 total
[2022-06-13T02:57:44.046+0000][1][gc,age       ] GC(11) - age   5:    1128832 bytes,    4040304 total
[2022-06-13T02:57:44.047+0000][1][gc,heap      ] GC(11) ParNew: 76550K->6262K(78656K)
[2022-06-13T02:57:44.047+0000][1][gc,heap      ] GC(11) CMS: 11843K->13998K(174784K)
[2022-06-13T02:57:44.048+0000][1][gc,metaspace ] GC(11) Metaspace: 20554K->20554K(1069056K)
[2022-06-13T02:57:44.048+0000][1][gc           ] GC(11) Pause Young (Allocation Failure) 86M->19M(247M) 7.176ms
[2022-06-13T02:57:44.048+0000][1][gc,cpu       ] GC(11) User=0.01s Sys=0.00s Real=0.00s
[2022-06-13T02:57:44.049+0000][1][safepoint    ] Leaving safepoint region
[2022-06-13T02:57:44.049+0000][1][safepoint    ] Total time for which application threads were stopped: 0.0087391 seconds, Stopping threads took: 0.0003180 seconds
[2022-06-13T02:57:44.050+0000][1][gc           ] GC(9) Concurrent Abortable Preclean 100.078ms
[2022-06-13T02:57:44.050+0000][1][gc,cpu       ] GC(9) User=0.32s Sys=0.02s Real=0.10s
[2022-06-13T02:57:44.051+0000][1][safepoint    ] Application time: 0.0011441 seconds
[2022-06-13T02:57:44.051+0000][1][safepoint    ] Entering safepoint region: CMS_Final_Remark
[2022-06-13T02:57:44.051+0000][1][gc,start     ] GC(9) Pause Remark
[2022-06-13T02:57:44.059+0000][1][gc           ] GC(9) Pause Remark 21M->21M(247M) 7.221ms
[2022-06-13T02:57:44.059+0000][1][gc,cpu       ] GC(9) User=0.02s Sys=0.00s Real=0.01s
[2022-06-13T02:57:44.060+0000][1][safepoint    ] Leaving safepoint region
[2022-06-13T02:57:44.060+0000][1][safepoint    ] Total time for which application threads were stopped: 0.0093819 seconds, Stopping threads took: 0.0004363 seconds
[2022-06-13T02:57:44.061+0000][1][gc           ] GC(9) Concurrent Sweep
[2022-06-13T02:57:44.065+0000][1][gc           ] GC(9) Concurrent Sweep 4.367ms
[2022-06-13T02:57:44.066+0000][1][gc,cpu       ] GC(9) User=0.01s Sys=0.00s Real=0.00s
[2022-06-13T02:57:44.066+0000][1][gc           ] GC(9) Concurrent Reset
[2022-06-13T02:57:44.066+0000][1][gc           ] GC(9) Concurrent Reset 0.474ms
[2022-06-13T02:57:44.067+0000][1][gc,cpu       ] GC(9) User=0.00s Sys=0.00s Real=0.00s
[2022-06-13T02:57:44.067+0000][1][gc,heap      ] GC(9) Old: 11271K->13972K(174784K)
[2022-06-13T02:57:44.246+0000][1][safepoint    ] Application time: 0.1847142 seconds
[2022-06-13T02:57:44.246+0000][1][safepoint    ] Entering safepoint region: Deoptimize
[2022-06-13T02:57:44.247+0000][1][safepoint    ] Leaving safepoint region
[2022-06-13T02:57:44.247+0000][1][safepoint    ] Total time for which application threads were stopped: 0.0013760 seconds, Stopping threads took: 0.0003104 seconds
[2022-06-13T02:57:44.293+0000][1][safepoint    ] Application time: 0.0449646 seconds
[2022-06-13T02:57:44.293+0000][1][safepoint    ] Entering safepoint region: Deoptimize
[2022-06-13T02:57:44.294+0000][1][safepoint    ] Leaving safepoint region
[2022-06-13T02:57:44.294+0000][1][safepoint    ] Total time for which application threads were stopped: 0.0011087 seconds, Stopping threads took: 0.0004099 seconds
[2022-06-13T02:57:44.295+0000][1][safepoint    ] Application time: 0.0003870 seconds
[2022-06-13T02:57:44.296+0000][1][safepoint    ] Entering safepoint region: Deoptimize
[2022-06-13T02:57:44.296+0000][1][safepoint    ] Leaving safepoint region
[2022-06-13T02:57:44.297+0000][1][safepoint    ] Total time for which application threads were stopped: 0.0010304 seconds, Stopping threads took: 0.0004396 seconds
[2022-06-13T02:57:44.303+0000][1][safepoint    ] Application time: 0.0053895 seconds
[2022-06-13T02:57:44.303+0000][1][safepoint    ] Entering safepoint region: RevokeBias
[2022-06-13T02:57:44.303+0000][1][safepoint    ] Leaving safepoint region
[2022-06-13T02:57:44.304+0000][1][safepoint    ] Total time for which application threads were stopped: 0.0009386 seconds, Stopping threads took: 0.0004358 seconds
[2022-06-13T02:57:44.305+0000][1][safepoint    ] Application time: 0.0005447 seconds
[2022-06-13T02:57:44.305+0000][1][safepoint    ] Entering safepoint region: Deoptimize
[2022-06-13T02:57:44.306+0000][1][safepoint    ] Leaving safepoint region
[2022-06-13T02:57:44.306+0000][1][safepoint    ] Total time for which application threads were stopped: 0.0008556 seconds, Stopping threads took: 0.0003868 seconds
[2022-06-13T02:57:44.309+0000][1][safepoint    ] Application time: 0.0026781 seconds
[2022-06-13T02:57:44.310+0000][1][safepoint    ] Entering safepoint region: Deoptimize
[2022-06-13T02:57:44.310+0000][1][safepoint    ] Leaving safepoint region
[2022-06-13T02:57:44.311+0000][1][safepoint    ] Total time for which application threads were stopped: 0.0011963 seconds, Stopping threads took: 0.0004756 seconds
[2022-06-13T02:57:44.349+0000][1][safepoint    ] Application time: 0.0371427 seconds
[2022-06-13T02:57:44.349+0000][1][safepoint    ] Entering safepoint region: GenCollectForAllocation
[2022-06-13T02:57:44.350+0000][1][gc,start     ] GC(12) Pause Young (Allocation Failure)
[2022-06-13T02:57:44.350+0000][1][gc,task      ] GC(12) Using 5 workers of 13 for evacuation
[2022-06-13T02:57:44.354+0000][1][gc,age       ] GC(12) Desired survivor size 4456448 bytes, new threshold 6 (max threshold 6)
[2022-06-13T02:57:44.355+0000][1][gc,age       ] GC(12) Age table with threshold 6 (max threshold 6)
[2022-06-13T02:57:44.355+0000][1][gc,age       ] GC(12) - age   1:    2927800 bytes,    2927800 total
[2022-06-13T02:57:44.356+0000][1][gc,age       ] GC(12) - age   2:     345008 bytes,    3272808 total
[2022-06-13T02:57:44.356+0000][1][gc,age       ] GC(12) - age   3:     125632 bytes,    3398440 total
[2022-06-13T02:57:44.357+0000][1][gc,age       ] GC(12) - age   4:     474064 bytes,    3872504 total
[2022-06-13T02:57:44.357+0000][1][gc,age       ] GC(12) - age   5:     488720 bytes,    4361224 total
[2022-06-13T02:57:44.358+0000][1][gc,age       ] GC(12) - age   6:    1128672 bytes,    5489896 total
[2022-06-13T02:57:44.358+0000][1][gc,heap      ] GC(12) ParNew: 76214K->7339K(78656K)
[2022-06-13T02:57:44.359+0000][1][gc,heap      ] GC(12) CMS: 13972K->13972K(174784K)
[2022-06-13T02:57:44.360+0000][1][gc,metaspace ] GC(12) Metaspace: 26267K->26267K(1073152K)
[2022-06-13T02:57:44.360+0000][1][gc           ] GC(12) Pause Young (Allocation Failure) 88M->20M(247M) 10.001ms
[2022-06-13T02:57:44.361+0000][1][gc,cpu       ] GC(12) User=0.02s Sys=0.00s Real=0.01s
[2022-06-13T02:57:44.361+0000][1][safepoint    ] Leaving safepoint region
[2022-06-13T02:57:44.362+0000][1][safepoint    ] Total time for which application threads were stopped: 0.0122377 seconds, Stopping threads took: 0.0005999 seconds
[2022-06-13T02:57:44.742+0000][1][safepoint    ] Application time: 0.3799245 seconds
[2022-06-13T02:57:44.742+0000][1][safepoint    ] Entering safepoint region: GenCollectForAllocation
[2022-06-13T02:57:44.743+0000][1][gc,start     ] GC(13) Pause Young (Allocation Failure)
[2022-06-13T02:57:44.743+0000][1][gc,task      ] GC(13) Using 5 workers of 13 for evacuation
[2022-06-13T02:57:44.757+0000][1][gc,age       ] GC(13) Desired survivor size 4456448 bytes, new threshold 1 (max threshold 6)
[2022-06-13T02:57:44.758+0000][1][gc,age       ] GC(13) Age table with threshold 1 (max threshold 6)
[2022-06-13T02:57:44.758+0000][1][gc,age       ] GC(13) - age   1:    4794280 bytes,    4794280 total
[2022-06-13T02:57:44.758+0000][1][gc,age       ] GC(13) - age   2:    2686904 bytes,    7481184 total
[2022-06-13T02:57:44.758+0000][1][gc,age       ] GC(13) - age   3:     345008 bytes,    7826192 total
[2022-06-13T02:57:44.758+0000][1][gc,age       ] GC(13) - age   4:     125632 bytes,    7951824 total
[2022-06-13T02:57:44.758+0000][1][gc,age       ] GC(13) - age   5:     474064 bytes,    8425888 total
[2022-06-13T02:57:44.758+0000][1][gc,age       ] GC(13) - age   6:     488720 bytes,    8914608 total
[2022-06-13T02:57:44.758+0000][1][gc,heap      ] GC(13) ParNew: 77291K->8704K(78656K)
[2022-06-13T02:57:44.758+0000][1][gc,heap      ] GC(13) CMS: 13972K->25241K(174784K)
[2022-06-13T02:57:44.758+0000][1][gc,metaspace ] GC(13) Metaspace: 26879K->26879K(1075200K)
[2022-06-13T02:57:44.758+0000][1][gc           ] GC(13) Pause Young (Allocation Failure) 89M->33M(247M) 15.471ms
[2022-06-13T02:57:44.759+0000][1][gc,cpu       ] GC(13) User=0.15s Sys=0.01s Real=0.01s
[2022-06-13T02:57:44.759+0000][1][safepoint    ] Leaving safepoint region
[2022-06-13T02:57:44.759+0000][1][safepoint    ] Total time for which application threads were stopped: 0.0163670 seconds, Stopping threads took: 0.0001810 seconds
[2022-06-13T02:57:44.873+0000][1][safepoint    ] Application time: 0.1136359 seconds
[2022-06-13T02:57:44.873+0000][1][safepoint    ] Entering safepoint region: Deoptimize
[2022-06-13T02:57:44.873+0000][1][safepoint    ] Leaving safepoint region
[2022-06-13T02:57:44.874+0000][1][safepoint    ] Total time for which application threads were stopped: 0.0006444 seconds, Stopping threads took: 0.0001087 seconds
[2022-06-13T02:57:44.913+0000][1][safepoint    ] Application time: 0.0391307 seconds
[2022-06-13T02:57:44.913+0000][1][safepoint    ] Entering safepoint region: RevokeBias
[2022-06-13T02:57:44.913+0000][1][safepoint    ] Leaving safepoint region
[2022-06-13T02:57:44.913+0000][1][safepoint    ] Total time for which application threads were stopped: 0.0002570 seconds, Stopping threads took: 0.0001229 seconds
[2022-06-13T02:57:44.988+0000][1][safepoint    ] Application time: 0.0741800 seconds
[2022-06-13T02:57:44.988+0000][1][safepoint    ] Entering safepoint region: GenCollectForAllocation
[2022-06-13T02:57:44.988+0000][1][gc,start     ] GC(14) Pause Young (Allocation Failure)
[2022-06-13T02:57:44.989+0000][1][gc,task      ] GC(14) Using 5 workers of 13 for evacuation
[2022-06-13T02:57:45.003+0000][1][gc,age       ] GC(14) Desired survivor size 4456448 bytes, new threshold 1 (max threshold 6)
[2022-06-13T02:57:45.004+0000][1][gc,age       ] GC(14) Age table with threshold 1 (max threshold 6)
[2022-06-13T02:57:45.004+0000][1][gc,age       ] GC(14) - age   1:    8912376 bytes,    8912376 total
[2022-06-13T02:57:45.004+0000][1][gc,heap      ] GC(14) ParNew: 78656K->8704K(78656K)
[2022-06-13T02:57:45.004+0000][1][gc,heap      ] GC(14) CMS: 25241K->38910K(174784K)
[2022-06-13T02:57:45.005+0000][1][gc,metaspace ] GC(14) Metaspace: 27101K->27101K(1075200K)
[2022-06-13T02:57:45.005+0000][1][gc           ] GC(14) Pause Young (Allocation Failure) 101M->46M(247M) 16.680ms
[2022-06-13T02:57:45.005+0000][1][gc,cpu       ] GC(14) User=0.11s Sys=0.00s Real=0.02s
[2022-06-13T02:57:45.005+0000][1][safepoint    ] Leaving safepoint region
[2022-06-13T02:57:45.006+0000][1][safepoint    ] Total time for which application threads were stopped: 0.0176172 seconds, Stopping threads took: 0.0002264 seconds
[2022-06-13T02:57:45.153+0000][1][safepoint    ] Application time: 0.1475526 seconds
[2022-06-13T02:57:45.154+0000][1][safepoint    ] Entering safepoint region: RevokeBias
[2022-06-13T02:57:45.154+0000][1][safepoint    ] Leaving safepoint region
[2022-06-13T02:57:45.155+0000][1][safepoint    ] Total time for which application threads were stopped: 0.0008012 seconds, Stopping threads took: 0.0004321 seconds
[2022-06-13T02:57:45.278+0000][1][safepoint    ] Application time: 0.1229850 seconds
[2022-06-13T02:57:45.278+0000][1][safepoint    ] Entering safepoint region: RevokeBias
[2022-06-13T02:57:45.279+0000][1][safepoint    ] Leaving safepoint region
[2022-06-13T02:57:45.279+0000][1][safepoint    ] Total time for which application threads were stopped: 0.0006244 seconds, Stopping threads took: 0.0003290 seconds
[2022-06-13T02:57:45.281+0000][1][safepoint    ] Application time: 0.0015463 seconds
[2022-06-13T02:57:45.282+0000][1][safepoint    ] Entering safepoint region: RevokeBias
[2022-06-13T02:57:45.282+0000][1][safepoint    ] Leaving safepoint region
[2022-06-13T02:57:45.282+0000][1][safepoint    ] Total time for which application threads were stopped: 0.0006261 seconds, Stopping threads took: 0.0003068 seconds
[2022-06-13T02:57:45.354+0000][1][safepoint    ] Application time: 0.0719911 seconds
[2022-06-13T02:57:45.355+0000][1][safepoint    ] Entering safepoint region: GenCollectForAllocation
[2022-06-13T02:57:45.355+0000][1][gc,start     ] GC(15) Pause Young (Allocation Failure)
[2022-06-13T02:57:45.356+0000][1][gc,task      ] GC(15) Using 5 workers of 13 for evacuation
[2022-06-13T02:57:45.366+0000][1][gc,age       ] GC(15) Desired survivor size 4456448 bytes, new threshold 1 (max threshold 6)
[2022-06-13T02:57:45.367+0000][1][gc,age       ] GC(15) Age table with threshold 1 (max threshold 6)
[2022-06-13T02:57:45.367+0000][1][gc,age       ] GC(15) - age   1:    6358528 bytes,    6358528 total
[2022-06-13T02:57:45.367+0000][1][gc,heap      ] GC(15) ParNew: 78656K->8704K(78656K)
[2022-06-13T02:57:45.367+0000][1][gc,heap      ] GC(15) CMS: 38910K->49097K(174784K)
[2022-06-13T02:57:45.367+0000][1][gc,metaspace ] GC(15) Metaspace: 31816K->31816K(1079296K)
[2022-06-13T02:57:45.368+0000][1][gc           ] GC(15) Pause Young (Allocation Failure) 114M->56M(247M) 12.305ms
[2022-06-13T02:57:45.368+0000][1][gc,cpu       ] GC(15) User=0.07s Sys=0.00s Real=0.01s
[2022-06-13T02:57:45.368+0000][1][safepoint    ] Leaving safepoint region
[2022-06-13T02:57:45.368+0000][1][safepoint    ] Total time for which application threads were stopped: 0.0133190 seconds, Stopping threads took: 0.0002924 seconds
[2022-06-13T02:57:45.448+0000][1][safepoint    ] Application time: 0.0792533 seconds
[2022-06-13T02:57:45.448+0000][1][safepoint    ] Entering safepoint region: GenCollectForAllocation
[2022-06-13T02:57:45.448+0000][1][gc,start     ] GC(16) Pause Young (Allocation Failure)
[2022-06-13T02:57:45.449+0000][1][gc,task      ] GC(16) Using 5 workers of 13 for evacuation
[2022-06-13T02:57:45.453+0000][1][gc,age       ] GC(16) Desired survivor size 4456448 bytes, new threshold 6 (max threshold 6)
[2022-06-13T02:57:45.453+0000][1][gc,age       ] GC(16) Age table with threshold 6 (max threshold 6)
[2022-06-13T02:57:45.454+0000][1][gc,age       ] GC(16) - age   1:     408896 bytes,     408896 total
[2022-06-13T02:57:45.454+0000][1][gc,heap      ] GC(16) ParNew: 78656K->6770K(78656K)
[2022-06-13T02:57:45.454+0000][1][gc,heap      ] GC(16) CMS: 49097K->55349K(174784K)
[2022-06-13T02:57:45.454+0000][1][gc,metaspace ] GC(16) Metaspace: 32899K->32899K(1079296K)
[2022-06-13T02:57:45.455+0000][1][gc           ] GC(16) Pause Young (Allocation Failure) 124M->60M(247M) 6.031ms
[2022-06-13T02:57:45.455+0000][1][gc,cpu       ] GC(16) User=0.02s Sys=0.00s Real=0.01s
[2022-06-13T02:57:45.455+0000][1][safepoint    ] Leaving safepoint region
[2022-06-13T02:57:45.455+0000][1][safepoint    ] Total time for which application threads were stopped: 0.0069758 seconds, Stopping threads took: 0.0002844 seconds
[2022-06-13T02:57:45.467+0000][1][safepoint    ] Application time: 0.0115014 seconds
[2022-06-13T02:57:45.467+0000][1][safepoint    ] Entering safepoint region: RevokeBias
[2022-06-13T02:57:45.467+0000][1][safepoint    ] Leaving safepoint region
[2022-06-13T02:57:45.468+0000][1][safepoint    ] Total time for which application threads were stopped: 0.0004029 seconds, Stopping threads took: 0.0001836 seconds
[2022-06-13T02:57:45.554+0000][1][safepoint    ] Application time: 0.0859127 seconds
[2022-06-13T02:57:45.554+0000][1][safepoint    ] Entering safepoint region: CollectForMetadataAllocation
[2022-06-13T02:57:45.554+0000][1][safepoint    ] Leaving safepoint region
[2022-06-13T02:57:45.554+0000][1][safepoint    ] Total time for which application threads were stopped: 0.0005487 seconds, Stopping threads took: 0.0002150 seconds
[2022-06-13T02:57:45.579+0000][1][safepoint    ] Application time: 0.0241548 seconds
[2022-06-13T02:57:45.579+0000][1][safepoint    ] Entering safepoint region: CollectForMetadataAllocation
[2022-06-13T02:57:45.579+0000][1][safepoint    ] Leaving safepoint region
[2022-06-13T02:57:45.579+0000][1][safepoint    ] Total time for which application threads were stopped: 0.0004252 seconds, Stopping threads took: 0.0001593 seconds
[2022-06-13T02:57:45.595+0000][1][safepoint    ] Application time: 0.0152790 seconds
[2022-06-13T02:57:45.595+0000][1][safepoint    ] Entering safepoint region: CollectForMetadataAllocation
[2022-06-13T02:57:45.595+0000][1][safepoint    ] Leaving safepoint region
[2022-06-13T02:57:45.596+0000][1][safepoint    ] Total time for which application threads were stopped: 0.0005742 seconds, Stopping threads took: 0.0002397 seconds
[2022-06-13T02:57:45.604+0000][1][safepoint    ] Application time: 0.0081302 seconds
[2022-06-13T02:57:45.604+0000][1][safepoint    ] Entering safepoint region: CollectForMetadataAllocation
[2022-06-13T02:57:45.605+0000][1][safepoint    ] Leaving safepoint region
[2022-06-13T02:57:45.605+0000][1][safepoint    ] Total time for which application threads were stopped: 0.0008676 seconds, Stopping threads took: 0.0004486 seconds
[2022-06-13T02:57:45.615+0000][1][safepoint    ] Application time: 0.0092080 seconds
[2022-06-13T02:57:45.615+0000][1][safepoint    ] Entering safepoint region: CollectForMetadataAllocation
[2022-06-13T02:57:45.616+0000][1][safepoint    ] Leaving safepoint region
[2022-06-13T02:57:45.616+0000][1][safepoint    ] Total time for which application threads were stopped: 0.0008562 seconds, Stopping threads took: 0.0003464 seconds
[2022-06-13T02:57:45.626+0000][1][safepoint    ] Application time: 0.0101691 seconds
[2022-06-13T02:57:45.627+0000][1][safepoint    ] Entering safepoint region: CollectForMetadataAllocation
[2022-06-13T02:57:45.628+0000][1][safepoint    ] Leaving safepoint region
[2022-06-13T02:57:45.628+0000][1][safepoint    ] Total time for which application threads were stopped: 0.0011955 seconds, Stopping threads took: 0.0003492 seconds
[2022-06-13T02:57:45.642+0000][1][safepoint    ] Application time: 0.0133126 seconds
[2022-06-13T02:57:45.642+0000][1][safepoint    ] Entering safepoint region: CollectForMetadataAllocation
[2022-06-13T02:57:45.643+0000][1][safepoint    ] Leaving safepoint region
[2022-06-13T02:57:45.643+0000][1][safepoint    ] Total time for which application threads were stopped: 0.0007873 seconds, Stopping threads took: 0.0003044 seconds
[2022-06-13T02:57:45.653+0000][1][safepoint    ] Application time: 0.0092202 seconds
[2022-06-13T02:57:45.653+0000][1][safepoint    ] Entering safepoint region: CollectForMetadataAllocation
[2022-06-13T02:57:45.653+0000][1][safepoint    ] Leaving safepoint region
[2022-06-13T02:57:45.654+0000][1][safepoint    ] Total time for which application threads were stopped: 0.0007976 seconds, Stopping threads took: 0.0003046 seconds
[2022-06-13T02:57:45.668+0000][1][safepoint    ] Application time: 0.0135191 seconds
[2022-06-13T02:57:45.668+0000][1][safepoint    ] Entering safepoint region: CollectForMetadataAllocation
[2022-06-13T02:57:45.669+0000][1][safepoint    ] Leaving safepoint region
[2022-06-13T02:57:45.669+0000][1][safepoint    ] Total time for which application threads were stopped: 0.0008280 seconds, Stopping threads took: 0.0003074 seconds
[2022-06-13T02:57:45.683+0000][1][safepoint    ] Application time: 0.0141761 seconds
[2022-06-13T02:57:45.684+0000][1][safepoint    ] Entering safepoint region: CollectForMetadataAllocation
[2022-06-13T02:57:45.684+0000][1][safepoint    ] Leaving safepoint region
[2022-06-13T02:57:45.685+0000][1][safepoint    ] Total time for which application threads were stopped: 0.0005987 seconds, Stopping threads took: 0.0002657 seconds
[2022-06-13T02:57:45.685+0000][1][safepoint    ] Application time: 0.0001230 seconds
[2022-06-13T02:57:45.685+0000][1][safepoint    ] Entering safepoint region: CollectForMetadataAllocation
[2022-06-13T02:57:45.685+0000][1][safepoint    ] Leaving safepoint region
[2022-06-13T02:57:45.686+0000][1][safepoint    ] Total time for which application threads were stopped: 0.0005356 seconds, Stopping threads took: 0.0002977 seconds
[2022-06-13T02:57:45.687+0000][1][safepoint    ] Application time: 0.0012444 seconds
[2022-06-13T02:57:45.687+0000][1][safepoint    ] Entering safepoint region: RevokeBias
[2022-06-13T02:57:45.688+0000][1][safepoint    ] Leaving safepoint region
[2022-06-13T02:57:45.688+0000][1][safepoint    ] Total time for which application threads were stopped: 0.0004525 seconds, Stopping threads took: 0.0001873 seconds
[2022-06-13T02:57:45.697+0000][1][safepoint    ] Application time: 0.0087768 seconds
[2022-06-13T02:57:45.697+0000][1][safepoint    ] Entering safepoint region: CollectForMetadataAllocation
[2022-06-13T02:57:45.698+0000][1][safepoint    ] Leaving safepoint region
[2022-06-13T02:57:45.698+0000][1][safepoint    ] Total time for which application threads were stopped: 0.0012104 seconds, Stopping threads took: 0.0003669 seconds
[2022-06-13T02:57:45.710+0000][1][safepoint    ] Application time: 0.0110041 seconds
[2022-06-13T02:57:45.710+0000][1][safepoint    ] Entering safepoint region: CollectForMetadataAllocation
[2022-06-13T02:57:45.711+0000][1][safepoint    ] Leaving safepoint region
[2022-06-13T02:57:45.711+0000][1][safepoint    ] Total time for which application threads were stopped: 0.0010995 seconds, Stopping threads took: 0.0005248 seconds
[2022-06-13T02:57:45.727+0000][1][safepoint    ] Application time: 0.0157219 seconds
[2022-06-13T02:57:45.728+0000][1][safepoint    ] Entering safepoint region: CollectForMetadataAllocation
[2022-06-13T02:57:45.728+0000][1][safepoint    ] Leaving safepoint region
[2022-06-13T02:57:45.728+0000][1][safepoint    ] Total time for which application threads were stopped: 0.0008404 seconds, Stopping threads took: 0.0003770 seconds
[2022-06-13T02:57:45.740+0000][1][safepoint    ] Application time: 0.0108507 seconds
[2022-06-13T02:57:45.740+0000][1][safepoint    ] Entering safepoint region: CollectForMetadataAllocation
[2022-06-13T02:57:45.741+0000][1][safepoint    ] Leaving safepoint region
[2022-06-13T02:57:45.741+0000][1][safepoint    ] Total time for which application threads were stopped: 0.0011195 seconds, Stopping threads took: 0.0005326 seconds
[2022-06-13T02:57:45.754+0000][1][safepoint    ] Application time: 0.0119860 seconds
[2022-06-13T02:57:45.754+0000][1][safepoint    ] Entering safepoint region: CollectForMetadataAllocation
[2022-06-13T02:57:45.755+0000][1][safepoint    ] Leaving safepoint region
[2022-06-13T02:57:45.756+0000][1][safepoint    ] Total time for which application threads were stopped: 0.0014322 seconds, Stopping threads took: 0.0003807 seconds
[2022-06-13T02:57:45.764+0000][1][safepoint    ] Application time: 0.0082629 seconds
[2022-06-13T02:57:45.765+0000][1][safepoint    ] Entering safepoint region: CollectForMetadataAllocation
[2022-06-13T02:57:45.765+0000][1][safepoint    ] Leaving safepoint region
[2022-06-13T02:57:45.766+0000][1][safepoint    ] Total time for which application threads were stopped: 0.0010713 seconds, Stopping threads took: 0.0006079 seconds
[2022-06-13T02:57:45.780+0000][1][safepoint    ] Application time: 0.0137787 seconds
[2022-06-13T02:57:45.780+0000][1][safepoint    ] Entering safepoint region: CollectForMetadataAllocation
[2022-06-13T02:57:45.781+0000][1][safepoint    ] Leaving safepoint region
[2022-06-13T02:57:45.782+0000][1][safepoint    ] Total time for which application threads were stopped: 0.0010952 seconds, Stopping threads took: 0.0004611 seconds
[2022-06-13T02:57:45.792+0000][1][safepoint    ] Application time: 0.0097591 seconds
[2022-06-13T02:57:45.792+0000][1][safepoint    ] Entering safepoint region: CollectForMetadataAllocation
[2022-06-13T02:57:45.792+0000][1][safepoint    ] Leaving safepoint region
[2022-06-13T02:57:45.793+0000][1][safepoint    ] Total time for which application threads were stopped: 0.0006929 seconds, Stopping threads took: 0.0003045 seconds
[2022-06-13T02:57:45.805+0000][1][safepoint    ] Application time: 0.0122768 seconds
[2022-06-13T02:57:45.805+0000][1][safepoint    ] Entering safepoint region: CollectForMetadataAllocation
[2022-06-13T02:57:45.806+0000][1][safepoint    ] Leaving safepoint region
[2022-06-13T02:57:45.806+0000][1][safepoint    ] Total time for which application threads were stopped: 0.0005051 seconds, Stopping threads took: 0.0002109 seconds
[2022-06-13T02:57:45.815+0000][1][safepoint    ] Application time: 0.0090915 seconds
[2022-06-13T02:57:45.816+0000][1][safepoint    ] Entering safepoint region: CollectForMetadataAllocation
[2022-06-13T02:57:45.816+0000][1][safepoint    ] Leaving safepoint region
[2022-06-13T02:57:45.817+0000][1][safepoint    ] Total time for which application threads were stopped: 0.0008861 seconds, Stopping threads took: 0.0002096 seconds
[2022-06-13T02:57:45.832+0000][1][safepoint    ] Application time: 0.0148752 seconds
[2022-06-13T02:57:45.832+0000][1][safepoint    ] Entering safepoint region: CollectForMetadataAllocation
[2022-06-13T02:57:45.832+0000][1][safepoint    ] Leaving safepoint region
[2022-06-13T02:57:45.832+0000][1][safepoint    ] Total time for which application threads were stopped: 0.0004473 seconds, Stopping threads took: 0.0001851 seconds
[2022-06-13T02:57:45.845+0000][1][safepoint    ] Application time: 0.0129600 seconds
[2022-06-13T02:57:45.846+0000][1][safepoint    ] Entering safepoint region: CollectForMetadataAllocation
[2022-06-13T02:57:45.846+0000][1][safepoint    ] Leaving safepoint region
[2022-06-13T02:57:45.846+0000][1][safepoint    ] Total time for which application threads were stopped: 0.0005782 seconds, Stopping threads took: 0.0001121 seconds
[2022-06-13T02:57:45.861+0000][1][safepoint    ] Application time: 0.0143398 seconds
[2022-06-13T02:57:45.861+0000][1][safepoint    ] Entering safepoint region: CollectForMetadataAllocation
[2022-06-13T02:57:45.862+0000][1][safepoint    ] Leaving safepoint region
[2022-06-13T02:57:45.862+0000][1][safepoint    ] Total time for which application threads were stopped: 0.0006263 seconds, Stopping threads took: 0.0002707 seconds
[2022-06-13T02:57:45.872+0000][1][safepoint    ] Application time: 0.0103489 seconds
[2022-06-13T02:57:45.873+0000][1][safepoint    ] Entering safepoint region: CollectForMetadataAllocation
[2022-06-13T02:57:45.873+0000][1][safepoint    ] Leaving safepoint region
[2022-06-13T02:57:45.873+0000][1][safepoint    ] Total time for which application threads were stopped: 0.0005742 seconds, Stopping threads took: 0.0003260 seconds
[2022-06-13T02:57:45.887+0000][1][safepoint    ] Application time: 0.0134854 seconds
[2022-06-13T02:57:45.887+0000][1][safepoint    ] Entering safepoint region: CollectForMetadataAllocation
[2022-06-13T02:57:45.888+0000][1][safepoint    ] Leaving safepoint region
[2022-06-13T02:57:45.888+0000][1][safepoint    ] Total time for which application threads were stopped: 0.0007532 seconds, Stopping threads took: 0.0003284 seconds
[2022-06-13T02:57:45.901+0000][1][safepoint    ] Application time: 0.0129932 seconds
[2022-06-13T02:57:45.902+0000][1][safepoint    ] Entering safepoint region: CollectForMetadataAllocation
[2022-06-13T02:57:45.902+0000][1][safepoint    ] Leaving safepoint region
[2022-06-13T02:57:45.903+0000][1][safepoint    ] Total time for which application threads were stopped: 0.0010253 seconds, Stopping threads took: 0.0003866 seconds
[2022-06-13T02:57:45.916+0000][1][safepoint    ] Application time: 0.0124289 seconds
[2022-06-13T02:57:45.916+0000][1][safepoint    ] Entering safepoint region: CollectForMetadataAllocation
[2022-06-13T02:57:45.916+0000][1][safepoint    ] Leaving safepoint region
[2022-06-13T02:57:45.917+0000][1][safepoint    ] Total time for which application threads were stopped: 0.0007576 seconds, Stopping threads took: 0.0004145 seconds
[2022-06-13T02:57:45.923+0000][1][safepoint    ] Application time: 0.0057586 seconds
[2022-06-13T02:57:45.923+0000][1][safepoint    ] Entering safepoint region: RevokeBias
[2022-06-13T02:57:45.924+0000][1][safepoint    ] Leaving safepoint region
[2022-06-13T02:57:45.924+0000][1][safepoint    ] Total time for which application threads were stopped: 0.0008311 seconds, Stopping threads took: 0.0005162 seconds
[2022-06-13T02:57:45.937+0000][1][safepoint    ] Application time: 0.0131923 seconds
[2022-06-13T02:57:45.938+0000][1][safepoint    ] Entering safepoint region: CollectForMetadataAllocation
[2022-06-13T02:57:45.938+0000][1][safepoint    ] Leaving safepoint region
[2022-06-13T02:57:45.938+0000][1][safepoint    ] Total time for which application threads were stopped: 0.0004828 seconds, Stopping threads took: 0.0001402 seconds
[2022-06-13T02:57:46.134+0000][1][safepoint    ] Application time: 0.1952503 seconds
[2022-06-13T02:57:46.134+0000][1][safepoint    ] Entering safepoint region: CollectForMetadataAllocation
[2022-06-13T02:57:46.135+0000][1][safepoint    ] Leaving safepoint region
[2022-06-13T02:57:46.135+0000][1][safepoint    ] Total time for which application threads were stopped: 0.0010792 seconds, Stopping threads took: 0.0004195 seconds
[2022-06-13T02:57:46.262+0000][1][safepoint    ] Application time: 0.1260041 seconds
[2022-06-13T02:57:46.262+0000][1][safepoint    ] Entering safepoint region: GenCollectForAllocation
[2022-06-13T02:57:46.262+0000][1][gc,start     ] GC(17) Pause Young (Allocation Failure)
[2022-06-13T02:57:46.263+0000][1][gc,task      ] GC(17) Using 5 workers of 13 for evacuation
[2022-06-13T02:57:46.267+0000][1][gc,age       ] GC(17) Desired survivor size 4456448 bytes, new threshold 6 (max threshold 6)
[2022-06-13T02:57:46.267+0000][1][gc,age       ] GC(17) Age table with threshold 6 (max threshold 6)
[2022-06-13T02:57:46.267+0000][1][gc,age       ] GC(17) - age   1:    3770200 bytes,    3770200 total
[2022-06-13T02:57:46.268+0000][1][gc,age       ] GC(17) - age   2:     367936 bytes,    4138136 total
[2022-06-13T02:57:46.268+0000][1][gc,heap      ] GC(17) ParNew: 76722K->4949K(78656K)
[2022-06-13T02:57:46.268+0000][1][gc,heap      ] GC(17) CMS: 55349K->55349K(174784K)
[2022-06-13T02:57:46.269+0000][1][gc,metaspace ] GC(17) Metaspace: 42240K->42240K(1087488K)
[2022-06-13T02:57:46.269+0000][1][gc           ] GC(17) Pause Young (Allocation Failure) 128M->58M(247M) 6.689ms
[2022-06-13T02:57:46.270+0000][1][gc,cpu       ] GC(17) User=0.01s Sys=0.00s Real=0.01s
[2022-06-13T02:57:46.270+0000][1][safepoint    ] Leaving safepoint region
[2022-06-13T02:57:46.270+0000][1][safepoint    ] Total time for which application threads were stopped: 0.0082343 seconds, Stopping threads took: 0.0003240 seconds
[2022-06-13T02:57:46.271+0000][1][safepoint    ] Application time: 0.0001484 seconds
[2022-06-13T02:57:46.271+0000][1][safepoint    ] Entering safepoint region: CMS_Initial_Mark
[2022-06-13T02:57:46.272+0000][1][gc,start     ] GC(18) Pause Initial Mark
[2022-06-13T02:57:46.273+0000][1][gc           ] GC(18) Pause Initial Mark 60M->60M(247M) 1.422ms
[2022-06-13T02:57:46.273+0000][1][gc,cpu       ] GC(18) User=0.01s Sys=0.00s Real=0.00s
[2022-06-13T02:57:46.274+0000][1][safepoint    ] Leaving safepoint region
[2022-06-13T02:57:46.274+0000][1][safepoint    ] Total time for which application threads were stopped: 0.0028819 seconds, Stopping threads took: 0.0004344 seconds
[2022-06-13T02:57:46.274+0000][1][gc           ] GC(18) Concurrent Mark
[2022-06-13T02:57:46.275+0000][1][gc,task      ] GC(18) Using 4 workers of 4 for marking
[2022-06-13T02:57:46.285+0000][1][safepoint    ] Application time: 0.0102792 seconds
[2022-06-13T02:57:46.285+0000][1][safepoint    ] Entering safepoint region: CollectForMetadataAllocation
[2022-06-13T02:57:46.285+0000][1][safepoint    ] Leaving safepoint region
[2022-06-13T02:57:46.286+0000][1][safepoint    ] Total time for which application threads were stopped: 0.0007129 seconds, Stopping threads took: 0.0002118 seconds
[2022-06-13T02:57:46.292+0000][1][gc           ] GC(18) Concurrent Mark 17.533ms
[2022-06-13T02:57:46.292+0000][1][gc,cpu       ] GC(18) User=0.08s Sys=0.00s Real=0.02s
[2022-06-13T02:57:46.293+0000][1][gc           ] GC(18) Concurrent Preclean
[2022-06-13T02:57:46.294+0000][1][gc           ] GC(18) Concurrent Preclean 1.656ms
[2022-06-13T02:57:46.294+0000][1][gc,cpu       ] GC(18) User=0.01s Sys=0.00s Real=0.00s
[2022-06-13T02:57:46.295+0000][1][gc           ] GC(18) Concurrent Abortable Preclean
[2022-06-13T02:57:46.300+0000][1][safepoint    ] Application time: 0.0140680 seconds
[2022-06-13T02:57:46.300+0000][1][safepoint    ] Entering safepoint region: CollectForMetadataAllocation
[2022-06-13T02:57:46.301+0000][1][safepoint    ] Leaving safepoint region
[2022-06-13T02:57:46.301+0000][1][safepoint    ] Total time for which application threads were stopped: 0.0007373 seconds, Stopping threads took: 0.0003633 seconds
[2022-06-13T02:57:46.406+0000][1][safepoint    ] Application time: 0.1043164 seconds
[2022-06-13T02:57:46.406+0000][1][safepoint    ] Entering safepoint region: CollectForMetadataAllocation
[2022-06-13T02:57:46.406+0000][1][safepoint    ] Leaving safepoint region
[2022-06-13T02:57:46.406+0000][1][safepoint    ] Total time for which application threads were stopped: 0.0004292 seconds, Stopping threads took: 0.0001477 seconds
[2022-06-13T02:57:46.421+0000][1][safepoint    ] Application time: 0.0141229 seconds
[2022-06-13T02:57:46.421+0000][1][safepoint    ] Entering safepoint region: CollectForMetadataAllocation
[2022-06-13T02:57:46.421+0000][1][safepoint    ] Leaving safepoint region
[2022-06-13T02:57:46.422+0000][1][safepoint    ] Total time for which application threads were stopped: 0.0006525 seconds, Stopping threads took: 0.0003869 seconds
[2022-06-13T02:57:46.430+0000][1][safepoint    ] Application time: 0.0086851 seconds
[2022-06-13T02:57:46.431+0000][1][safepoint    ] Entering safepoint region: CollectForMetadataAllocation
[2022-06-13T02:57:46.432+0000][1][safepoint    ] Leaving safepoint region
[2022-06-13T02:57:46.432+0000][1][safepoint    ] Total time for which application threads were stopped: 0.0010134 seconds, Stopping threads took: 0.0004399 seconds
[2022-06-13T02:57:46.448+0000][1][gc           ] GC(18) Concurrent Abortable Preclean 153.637ms
[2022-06-13T02:57:46.449+0000][1][gc,cpu       ] GC(18) User=0.85s Sys=0.04s Real=0.15s
[2022-06-13T02:57:46.449+0000][1][safepoint    ] Application time: 0.0167325 seconds
[2022-06-13T02:57:46.449+0000][1][safepoint    ] Entering safepoint region: CMS_Final_Remark
[2022-06-13T02:57:46.450+0000][1][gc,start     ] GC(18) Pause Remark
[2022-06-13T02:57:46.464+0000][1][gc           ] GC(18) Pause Remark 93M->93M(247M) 13.568ms
[2022-06-13T02:57:46.464+0000][1][gc,cpu       ] GC(18) User=0.05s Sys=0.00s Real=0.01s
[2022-06-13T02:57:46.464+0000][1][safepoint    ] Leaving safepoint region
[2022-06-13T02:57:46.465+0000][1][safepoint    ] Total time for which application threads were stopped: 0.0154215 seconds, Stopping threads took: 0.0004876 seconds
[2022-06-13T02:57:46.465+0000][1][gc           ] GC(18) Concurrent Sweep
[2022-06-13T02:57:46.473+0000][1][safepoint    ] Application time: 0.0082344 seconds
[2022-06-13T02:57:46.474+0000][1][safepoint    ] Entering safepoint region: CollectForMetadataAllocation
[2022-06-13T02:57:46.475+0000][1][safepoint    ] Leaving safepoint region
[2022-06-13T02:57:46.475+0000][1][safepoint    ] Total time for which application threads were stopped: 0.0011408 seconds, Stopping threads took: 0.0003237 seconds
[2022-06-13T02:57:46.475+0000][1][safepoint    ] Application time: 0.0001613 seconds
[2022-06-13T02:57:46.476+0000][1][safepoint    ] Entering safepoint region: CollectForMetadataAllocation
[2022-06-13T02:57:46.476+0000][1][safepoint    ] Leaving safepoint region
[2022-06-13T02:57:46.476+0000][1][safepoint    ] Total time for which application threads were stopped: 0.0006526 seconds, Stopping threads took: 0.0002949 seconds
[2022-06-13T02:57:46.482+0000][1][gc           ] GC(18) Concurrent Sweep 16.316ms
[2022-06-13T02:57:46.482+0000][1][gc,cpu       ] GC(18) User=0.07s Sys=0.00s Real=0.02s
[2022-06-13T02:57:46.482+0000][1][gc           ] GC(18) Concurrent Reset
[2022-06-13T02:57:46.482+0000][1][gc           ] GC(18) Concurrent Reset 0.344ms
[2022-06-13T02:57:46.482+0000][1][gc,cpu       ] GC(18) User=0.00s Sys=0.00s Real=0.00s
[2022-06-13T02:57:46.483+0000][1][gc,heap      ] GC(18) Old: 55349K->55135K(174784K)
[2022-06-13T02:57:46.490+0000][1][safepoint    ] Application time: 0.0135971 seconds
[2022-06-13T02:57:46.490+0000][1][safepoint    ] Entering safepoint region: RevokeBias
[2022-06-13T02:57:46.491+0000][1][safepoint    ] Leaving safepoint region
[2022-06-13T02:57:46.491+0000][1][safepoint    ] Total time for which application threads were stopped: 0.0002881 seconds, Stopping threads took: 0.0001285 seconds
[2022-06-13T02:57:46.492+0000][1][safepoint    ] Application time: 0.0010941 seconds
[2022-06-13T02:57:46.492+0000][1][safepoint    ] Entering safepoint region: RevokeBias
[2022-06-13T02:57:46.492+0000][1][safepoint    ] Leaving safepoint region
[2022-06-13T02:57:46.492+0000][1][safepoint    ] Total time for which application threads were stopped: 0.0002717 seconds, Stopping threads took: 0.0001147 seconds
[2022-06-13T02:57:46.520+0000][1][safepoint    ] Application time: 0.0274079 seconds
[2022-06-13T02:57:46.520+0000][1][safepoint    ] Entering safepoint region: RevokeBias
[2022-06-13T02:57:46.520+0000][1][safepoint    ] Leaving safepoint region
[2022-06-13T02:57:46.520+0000][1][safepoint    ] Total time for which application threads were stopped: 0.0004710 seconds, Stopping threads took: 0.0002388 seconds
[2022-06-13T02:57:46.532+0000][1][safepoint    ] Application time: 0.0118119 seconds
[2022-06-13T02:57:46.533+0000][1][safepoint    ] Entering safepoint region: RevokeBias
[2022-06-13T02:57:46.533+0000][1][safepoint    ] Leaving safepoint region
[2022-06-13T02:57:46.533+0000][1][safepoint    ] Total time for which application threads were stopped: 0.0003031 seconds, Stopping threads took: 0.0001436 seconds
[2022-06-13T02:57:46.536+0000][1][safepoint    ] Application time: 0.0026965 seconds
[2022-06-13T02:57:46.536+0000][1][safepoint    ] Entering safepoint region: RevokeBias
[2022-06-13T02:57:46.537+0000][1][safepoint    ] Leaving safepoint region
[2022-06-13T02:57:46.537+0000][1][safepoint    ] Total time for which application threads were stopped: 0.0004804 seconds, Stopping threads took: 0.0002644 seconds
[2022-06-13T02:57:46.667+0000][1][safepoint    ] Application time: 0.1294169 seconds
[2022-06-13T02:57:46.667+0000][1][safepoint    ] Entering safepoint region: RevokeBias
[2022-06-13T02:57:46.667+0000][1][safepoint    ] Leaving safepoint region
[2022-06-13T02:57:46.668+0000][1][safepoint    ] Total time for which application threads were stopped: 0.0006939 seconds, Stopping threads took: 0.0002065 seconds
[2022-06-13T02:57:46.668+0000][1][safepoint    ] Application time: 0.0000825 seconds
[2022-06-13T02:57:46.668+0000][1][safepoint    ] Entering safepoint region: RevokeBias
[2022-06-13T02:57:46.668+0000][1][safepoint    ] Leaving safepoint region
[2022-06-13T02:57:46.668+0000][1][safepoint    ] Total time for which application threads were stopped: 0.0002276 seconds, Stopping threads took: 0.0001246 seconds
[2022-06-13T02:57:46.668+0000][1][safepoint    ] Application time: 0.0000832 seconds
[2022-06-13T02:57:46.668+0000][1][safepoint    ] Entering safepoint region: RevokeBias
[2022-06-13T02:57:46.668+0000][1][safepoint    ] Leaving safepoint region
[2022-06-13T02:57:46.668+0000][1][safepoint    ] Total time for which application threads were stopped: 0.0002151 seconds, Stopping threads took: 0.0001001 seconds
[2022-06-13T02:57:46.669+0000][1][safepoint    ] Application time: 0.0000682 seconds
[2022-06-13T02:57:46.669+0000][1][safepoint    ] Entering safepoint region: RevokeBias
[2022-06-13T02:57:46.669+0000][1][safepoint    ] Leaving safepoint region
[2022-06-13T02:57:46.669+0000][1][safepoint    ] Total time for which application threads were stopped: 0.0002787 seconds, Stopping threads took: 0.0001594 seconds
[2022-06-13T02:57:46.669+0000][1][safepoint    ] Application time: 0.0003948 seconds
[2022-06-13T02:57:46.670+0000][1][safepoint    ] Entering safepoint region: RevokeBias
[2022-06-13T02:57:46.670+0000][1][safepoint    ] Leaving safepoint region
[2022-06-13T02:57:46.670+0000][1][safepoint    ] Total time for which application threads were stopped: 0.0002962 seconds, Stopping threads took: 0.0001432 seconds
[2022-06-13T02:57:46.670+0000][1][safepoint    ] Application time: 0.0002594 seconds
[2022-06-13T02:57:46.670+0000][1][safepoint    ] Entering safepoint region: RevokeBias
[2022-06-13T02:57:46.670+0000][1][safepoint    ] Leaving safepoint region
[2022-06-13T02:57:46.671+0000][1][safepoint    ] Total time for which application threads were stopped: 0.0002253 seconds, Stopping threads took: 0.0001083 seconds
[2022-06-13T02:57:46.671+0000][1][safepoint    ] Application time: 0.0000894 seconds
[2022-06-13T02:57:46.671+0000][1][safepoint    ] Entering safepoint region: RevokeBias
[2022-06-13T02:57:46.671+0000][1][safepoint    ] Leaving safepoint region
[2022-06-13T02:57:46.671+0000][1][safepoint    ] Total time for which application threads were stopped: 0.0002119 seconds, Stopping threads took: 0.0001042 seconds
[2022-06-13T02:57:46.671+0000][1][safepoint    ] Application time: 0.0001116 seconds
[2022-06-13T02:57:46.671+0000][1][safepoint    ] Entering safepoint region: RevokeBias
[2022-06-13T02:57:46.672+0000][1][safepoint    ] Leaving safepoint region
[2022-06-13T02:57:46.672+0000][1][safepoint    ] Total time for which application threads were stopped: 0.0002926 seconds, Stopping threads took: 0.0001763 seconds
[2022-06-13T02:57:46.672+0000][1][safepoint    ] Application time: 0.0000655 seconds
[2022-06-13T02:57:46.672+0000][1][safepoint    ] Entering safepoint region: RevokeBias
[2022-06-13T02:57:46.672+0000][1][safepoint    ] Leaving safepoint region
[2022-06-13T02:57:46.672+0000][1][safepoint    ] Total time for which application threads were stopped: 0.0002734 seconds, Stopping threads took: 0.0001478 seconds
[2022-06-13T02:57:46.672+0000][1][safepoint    ] Application time: 0.0000687 seconds
[2022-06-13T02:57:46.673+0000][1][safepoint    ] Entering safepoint region: RevokeBias
[2022-06-13T02:57:46.673+0000][1][safepoint    ] Leaving safepoint region
[2022-06-13T02:57:46.673+0000][1][safepoint    ] Total time for which application threads were stopped: 0.0002393 seconds, Stopping threads took: 0.0001106 seconds
[2022-06-13T02:57:46.673+0000][1][safepoint    ] Application time: 0.0000887 seconds
[2022-06-13T02:57:46.673+0000][1][safepoint    ] Entering safepoint region: RevokeBias
[2022-06-13T02:57:46.673+0000][1][safepoint    ] Leaving safepoint region
[2022-06-13T02:57:46.673+0000][1][safepoint    ] Total time for which application threads were stopped: 0.0003020 seconds, Stopping threads took: 0.0001704 seconds
[2022-06-13T02:57:46.674+0000][1][safepoint    ] Application time: 0.0000641 seconds
[2022-06-13T02:57:46.674+0000][1][safepoint    ] Entering safepoint region: RevokeBias
[2022-06-13T02:57:46.674+0000][1][safepoint    ] Leaving safepoint region
[2022-06-13T02:57:46.674+0000][1][safepoint    ] Total time for which application threads were stopped: 0.0005186 seconds, Stopping threads took: 0.0003913 seconds
[2022-06-13T02:57:46.675+0000][1][safepoint    ] Application time: 0.0002211 seconds
[2022-06-13T02:57:46.675+0000][1][safepoint    ] Entering safepoint region: RevokeBias
[2022-06-13T02:57:46.675+0000][1][safepoint    ] Leaving safepoint region
[2022-06-13T02:57:46.675+0000][1][safepoint    ] Total time for which application threads were stopped: 0.0002713 seconds, Stopping threads took: 0.0001658 seconds
[2022-06-13T02:57:46.675+0000][1][safepoint    ] Application time: 0.0000694 seconds
[2022-06-13T02:57:46.675+0000][1][safepoint    ] Entering safepoint region: RevokeBias
[2022-06-13T02:57:46.675+0000][1][safepoint    ] Leaving safepoint region
[2022-06-13T02:57:46.676+0000][1][safepoint    ] Total time for which application threads were stopped: 0.0002257 seconds, Stopping threads took: 0.0001023 seconds
[2022-06-13T02:57:46.676+0000][1][safepoint    ] Application time: 0.0000694 seconds
[2022-06-13T02:57:46.676+0000][1][safepoint    ] Entering safepoint region: RevokeBias
[2022-06-13T02:57:46.676+0000][1][safepoint    ] Leaving safepoint region
[2022-06-13T02:57:46.676+0000][1][safepoint    ] Total time for which application threads were stopped: 0.0002039 seconds, Stopping threads took: 0.0000995 seconds
[2022-06-13T02:57:46.676+0000][1][safepoint    ] Application time: 0.0000599 seconds
[2022-06-13T02:57:46.676+0000][1][safepoint    ] Entering safepoint region: RevokeBias
[2022-06-13T02:57:46.676+0000][1][safepoint    ] Leaving safepoint region
[2022-06-13T02:57:46.677+0000][1][safepoint    ] Total time for which application threads were stopped: 0.0002203 seconds, Stopping threads took: 0.0001193 seconds
[2022-06-13T02:57:46.677+0000][1][safepoint    ] Application time: 0.0000722 seconds
[2022-06-13T02:57:46.677+0000][1][safepoint    ] Entering safepoint region: RevokeBias
[2022-06-13T02:57:46.677+0000][1][safepoint    ] Leaving safepoint region
[2022-06-13T02:57:46.677+0000][1][safepoint    ] Total time for which application threads were stopped: 0.0002189 seconds, Stopping threads took: 0.0001105 seconds
[2022-06-13T02:57:46.677+0000][1][safepoint    ] Application time: 0.0000500 seconds
[2022-06-13T02:57:46.677+0000][1][safepoint    ] Entering safepoint region: RevokeBias
[2022-06-13T02:57:46.677+0000][1][safepoint    ] Leaving safepoint region
[2022-06-13T02:57:46.677+0000][1][safepoint    ] Total time for which application threads were stopped: 0.0001750 seconds, Stopping threads took: 0.0000764 seconds
[2022-06-13T02:57:46.677+0000][1][safepoint    ] Application time: 0.0000444 seconds
[2022-06-13T02:57:46.678+0000][1][safepoint    ] Entering safepoint region: RevokeBias
[2022-06-13T02:57:46.678+0000][1][safepoint    ] Leaving safepoint region
[2022-06-13T02:57:46.678+0000][1][safepoint    ] Total time for which application threads were stopped: 0.0001766 seconds, Stopping threads took: 0.0000810 seconds
[2022-06-13T02:57:46.678+0000][1][safepoint    ] Application time: 0.0000488 seconds
[2022-06-13T02:57:46.678+0000][1][safepoint    ] Entering safepoint region: RevokeBias
[2022-06-13T02:57:46.678+0000][1][safepoint    ] Leaving safepoint region
[2022-06-13T02:57:46.678+0000][1][safepoint    ] Total time for which application threads were stopped: 0.0001692 seconds, Stopping threads took: 0.0000758 seconds
[2022-06-13T02:57:46.678+0000][1][safepoint    ] Application time: 0.0000435 seconds
[2022-06-13T02:57:46.678+0000][1][safepoint    ] Entering safepoint region: RevokeBias
[2022-06-13T02:57:46.678+0000][1][safepoint    ] Leaving safepoint region
[2022-06-13T02:57:46.678+0000][1][safepoint    ] Total time for which application threads were stopped: 0.0001738 seconds, Stopping threads took: 0.0000790 seconds
[2022-06-13T02:57:46.679+0000][1][safepoint    ] Application time: 0.0000489 seconds
[2022-06-13T02:57:46.679+0000][1][safepoint    ] Entering safepoint region: RevokeBias
[2022-06-13T02:57:46.679+0000][1][safepoint    ] Leaving safepoint region
[2022-06-13T02:57:46.679+0000][1][safepoint    ] Total time for which application threads were stopped: 0.0002144 seconds, Stopping threads took: 0.0001060 seconds
[2022-06-13T02:57:46.679+0000][1][safepoint    ] Application time: 0.0000431 seconds
[2022-06-13T02:57:46.679+0000][1][safepoint    ] Entering safepoint region: RevokeBias
[2022-06-13T02:57:46.679+0000][1][safepoint    ] Leaving safepoint region
[2022-06-13T02:57:46.679+0000][1][safepoint    ] Total time for which application threads were stopped: 0.0002923 seconds, Stopping threads took: 0.0001736 seconds
[2022-06-13T02:57:46.680+0000][1][safepoint    ] Application time: 0.0000480 seconds
[2022-06-13T02:57:46.680+0000][1][safepoint    ] Entering safepoint region: RevokeBias
[2022-06-13T02:57:46.680+0000][1][safepoint    ] Leaving safepoint region
[2022-06-13T02:57:46.680+0000][1][safepoint    ] Total time for which application threads were stopped: 0.0002315 seconds, Stopping threads took: 0.0000883 seconds
[2022-06-13T02:57:46.680+0000][1][safepoint    ] Application time: 0.0000472 seconds
[2022-06-13T02:57:46.680+0000][1][safepoint    ] Entering safepoint region: RevokeBias
[2022-06-13T02:57:46.680+0000][1][safepoint    ] Leaving safepoint region
[2022-06-13T02:57:46.680+0000][1][safepoint    ] Total time for which application threads were stopped: 0.0001924 seconds, Stopping threads took: 0.0000834 seconds
[2022-06-13T02:57:46.680+0000][1][safepoint    ] Application time: 0.0000468 seconds
[2022-06-13T02:57:46.681+0000][1][safepoint    ] Entering safepoint region: RevokeBias
[2022-06-13T02:57:46.681+0000][1][safepoint    ] Leaving safepoint region
[2022-06-13T02:57:46.681+0000][1][safepoint    ] Total time for which application threads were stopped: 0.0002033 seconds, Stopping threads took: 0.0000886 seconds
[2022-06-13T02:57:46.681+0000][1][safepoint    ] Application time: 0.0000602 seconds
[2022-06-13T02:57:46.681+0000][1][safepoint    ] Entering safepoint region: RevokeBias
[2022-06-13T02:57:46.681+0000][1][safepoint    ] Leaving safepoint region
[2022-06-13T02:57:46.681+0000][1][safepoint    ] Total time for which application threads were stopped: 0.0001940 seconds, Stopping threads took: 0.0000838 seconds
[2022-06-13T02:57:46.681+0000][1][safepoint    ] Application time: 0.0000467 seconds
[2022-06-13T02:57:46.681+0000][1][safepoint    ] Entering safepoint region: RevokeBias
[2022-06-13T02:57:46.681+0000][1][safepoint    ] Leaving safepoint region
[2022-06-13T02:57:46.682+0000][1][safepoint    ] Total time for which application threads were stopped: 0.0001962 seconds, Stopping threads took: 0.0000839 seconds
[2022-06-13T02:57:46.682+0000][1][safepoint    ] Application time: 0.0000479 seconds
[2022-06-13T02:57:46.682+0000][1][safepoint    ] Entering safepoint region: RevokeBias
[2022-06-13T02:57:46.682+0000][1][safepoint    ] Leaving safepoint region
[2022-06-13T02:57:46.682+0000][1][safepoint    ] Total time for which application threads were stopped: 0.0002156 seconds, Stopping threads took: 0.0000999 seconds
[2022-06-13T02:57:46.682+0000][1][safepoint    ] Application time: 0.0000509 seconds
[2022-06-13T02:57:46.682+0000][1][safepoint    ] Entering safepoint region: RevokeBias
[2022-06-13T02:57:46.682+0000][1][safepoint    ] Leaving safepoint region
[2022-06-13T02:57:46.683+0000][1][safepoint    ] Total time for which application threads were stopped: 0.0002086 seconds, Stopping threads took: 0.0000941 seconds
[2022-06-13T02:57:46.683+0000][1][safepoint    ] Application time: 0.0000500 seconds
[2022-06-13T02:57:46.683+0000][1][safepoint    ] Entering safepoint region: RevokeBias
[2022-06-13T02:57:46.683+0000][1][safepoint    ] Leaving safepoint region
[2022-06-13T02:57:46.683+0000][1][safepoint    ] Total time for which application threads were stopped: 0.0002478 seconds, Stopping threads took: 0.0001304 seconds
[2022-06-13T02:57:46.683+0000][1][safepoint    ] Application time: 0.0000468 seconds
[2022-06-13T02:57:46.683+0000][1][safepoint    ] Entering safepoint region: BulkRevokeBias
[2022-06-13T02:57:46.683+0000][1][safepoint    ] Leaving safepoint region
[2022-06-13T02:57:46.683+0000][1][safepoint    ] Total time for which application threads were stopped: 0.0002362 seconds, Stopping threads took: 0.0000844 seconds
[2022-06-13T02:57:46.684+0000][1][safepoint    ] Application time: 0.0001093 seconds
[2022-06-13T02:57:46.684+0000][1][safepoint    ] Entering safepoint region: RevokeBias
[2022-06-13T02:57:46.684+0000][1][safepoint    ] Leaving safepoint region
[2022-06-13T02:57:46.684+0000][1][safepoint    ] Total time for which application threads were stopped: 0.0002098 seconds, Stopping threads took: 0.0000845 seconds
[2022-06-13T02:57:46.684+0000][1][safepoint    ] Application time: 0.0000958 seconds
[2022-06-13T02:57:46.684+0000][1][safepoint    ] Entering safepoint region: RevokeBias
[2022-06-13T02:57:46.684+0000][1][safepoint    ] Leaving safepoint region
[2022-06-13T02:57:46.684+0000][1][safepoint    ] Total time for which application threads were stopped: 0.0001759 seconds, Stopping threads took: 0.0000784 seconds
[2022-06-13T02:57:46.685+0000][1][safepoint    ] Application time: 0.0001055 seconds
[2022-06-13T02:57:46.685+0000][1][safepoint    ] Entering safepoint region: RevokeBias
[2022-06-13T02:57:46.685+0000][1][safepoint    ] Leaving safepoint region
[2022-06-13T02:57:46.685+0000][1][safepoint    ] Total time for which application threads were stopped: 0.0002317 seconds, Stopping threads took: 0.0001012 seconds
[2022-06-13T02:57:46.685+0000][1][safepoint    ] Application time: 0.0000703 seconds
[2022-06-13T02:57:46.685+0000][1][safepoint    ] Entering safepoint region: RevokeBias
[2022-06-13T02:57:46.685+0000][1][safepoint    ] Leaving safepoint region
[2022-06-13T02:57:46.685+0000][1][safepoint    ] Total time for which application threads were stopped: 0.0002736 seconds, Stopping threads took: 0.0001401 seconds
[2022-06-13T02:57:46.686+0000][1][safepoint    ] Application time: 0.0000820 seconds
[2022-06-13T02:57:46.686+0000][1][safepoint    ] Entering safepoint region: RevokeBias
[2022-06-13T02:57:46.686+0000][1][safepoint    ] Leaving safepoint region
[2022-06-13T02:57:46.686+0000][1][safepoint    ] Total time for which application threads were stopped: 0.0002330 seconds, Stopping threads took: 0.0000964 seconds
[2022-06-13T02:57:46.686+0000][1][safepoint    ] Application time: 0.0000648 seconds
[2022-06-13T02:57:46.686+0000][1][safepoint    ] Entering safepoint region: RevokeBias
[2022-06-13T02:57:46.686+0000][1][safepoint    ] Leaving safepoint region
[2022-06-13T02:57:46.686+0000][1][safepoint    ] Total time for which application threads were stopped: 0.0002392 seconds, Stopping threads took: 0.0001080 seconds
[2022-06-13T02:57:46.687+0000][1][safepoint    ] Application time: 0.0000578 seconds
[2022-06-13T02:57:46.687+0000][1][safepoint    ] Entering safepoint region: RevokeBias
[2022-06-13T02:57:46.687+0000][1][safepoint    ] Leaving safepoint region
[2022-06-13T02:57:46.687+0000][1][safepoint    ] Total time for which application threads were stopped: 0.0002194 seconds, Stopping threads took: 0.0000900 seconds
[2022-06-13T02:57:46.687+0000][1][safepoint    ] Application time: 0.0000728 seconds
[2022-06-13T02:57:46.687+0000][1][safepoint    ] Entering safepoint region: RevokeBias
[2022-06-13T02:57:46.687+0000][1][safepoint    ] Leaving safepoint region
[2022-06-13T02:57:46.687+0000][1][safepoint    ] Total time for which application threads were stopped: 0.0003238 seconds, Stopping threads took: 0.0002085 seconds
[2022-06-13T02:57:46.688+0000][1][safepoint    ] Application time: 0.0000628 seconds
[2022-06-13T02:57:46.688+0000][1][safepoint    ] Entering safepoint region: RevokeBias
[2022-06-13T02:57:46.688+0000][1][safepoint    ] Leaving safepoint region
[2022-06-13T02:57:46.688+0000][1][safepoint    ] Total time for which application threads were stopped: 0.0002159 seconds, Stopping threads took: 0.0001051 seconds
[2022-06-13T02:57:46.688+0000][1][safepoint    ] Application time: 0.0000531 seconds
[2022-06-13T02:57:46.688+0000][1][safepoint    ] Entering safepoint region: RevokeBias
[2022-06-13T02:57:46.688+0000][1][safepoint    ] Leaving safepoint region
[2022-06-13T02:57:46.688+0000][1][safepoint    ] Total time for which application threads were stopped: 0.0002124 seconds, Stopping threads took: 0.0000916 seconds
[2022-06-13T02:57:46.689+0000][1][safepoint    ] Application time: 0.0000629 seconds
[2022-06-13T02:57:46.689+0000][1][safepoint    ] Entering safepoint region: RevokeBias
[2022-06-13T02:57:46.689+0000][1][safepoint    ] Leaving safepoint region
[2022-06-13T02:57:46.689+0000][1][safepoint    ] Total time for which application threads were stopped: 0.0002063 seconds, Stopping threads took: 0.0000904 seconds
[2022-06-13T02:57:46.689+0000][1][safepoint    ] Application time: 0.0000479 seconds
[2022-06-13T02:57:46.689+0000][1][safepoint    ] Entering safepoint region: RevokeBias
[2022-06-13T02:57:46.689+0000][1][safepoint    ] Leaving safepoint region
[2022-06-13T02:57:46.689+0000][1][safepoint    ] Total time for which application threads were stopped: 0.0003613 seconds, Stopping threads took: 0.0002028 seconds
[2022-06-13T02:57:46.690+0000][1][safepoint    ] Application time: 0.0000473 seconds
[2022-06-13T02:57:46.690+0000][1][safepoint    ] Entering safepoint region: RevokeBias
[2022-06-13T02:57:46.690+0000][1][safepoint    ] Leaving safepoint region
[2022-06-13T02:57:46.690+0000][1][safepoint    ] Total time for which application threads were stopped: 0.0003929 seconds, Stopping threads took: 0.0000876 seconds
[2022-06-13T02:57:46.690+0000][1][safepoint    ] Application time: 0.0000574 seconds
[2022-06-13T02:57:46.690+0000][1][safepoint    ] Entering safepoint region: RevokeBias
[2022-06-13T02:57:46.690+0000][1][safepoint    ] Leaving safepoint region
[2022-06-13T02:57:46.691+0000][1][safepoint    ] Total time for which application threads were stopped: 0.0002093 seconds, Stopping threads took: 0.0001042 seconds
[2022-06-13T02:57:46.691+0000][1][safepoint    ] Application time: 0.0000496 seconds
[2022-06-13T02:57:46.691+0000][1][safepoint    ] Entering safepoint region: RevokeBias
[2022-06-13T02:57:46.691+0000][1][safepoint    ] Leaving safepoint region
[2022-06-13T02:57:46.691+0000][1][safepoint    ] Total time for which application threads were stopped: 0.0001815 seconds, Stopping threads took: 0.0000831 seconds
[2022-06-13T02:57:46.691+0000][1][safepoint    ] Application time: 0.0000448 seconds
[2022-06-13T02:57:46.691+0000][1][safepoint    ] Entering safepoint region: RevokeBias
[2022-06-13T02:57:46.691+0000][1][safepoint    ] Leaving safepoint region
[2022-06-13T02:57:46.691+0000][1][safepoint    ] Total time for which application threads were stopped: 0.0001846 seconds, Stopping threads took: 0.0000813 seconds
[2022-06-13T02:57:46.691+0000][1][safepoint    ] Application time: 0.0000449 seconds
[2022-06-13T02:57:46.692+0000][1][safepoint    ] Entering safepoint region: RevokeBias
[2022-06-13T02:57:46.692+0000][1][safepoint    ] Leaving safepoint region
[2022-06-13T02:57:46.692+0000][1][safepoint    ] Total time for which application threads were stopped: 0.0001867 seconds, Stopping threads took: 0.0000866 seconds
[2022-06-13T02:57:46.692+0000][1][safepoint    ] Application time: 0.0000611 seconds
[2022-06-13T02:57:46.692+0000][1][safepoint    ] Entering safepoint region: RevokeBias
[2022-06-13T02:57:46.692+0000][1][safepoint    ] Leaving safepoint region
[2022-06-13T02:57:46.692+0000][1][safepoint    ] Total time for which application threads were stopped: 0.0001934 seconds, Stopping threads took: 0.0000844 seconds
[2022-06-13T02:57:46.692+0000][1][safepoint    ] Application time: 0.0000505 seconds
[2022-06-13T02:57:46.692+0000][1][safepoint    ] Entering safepoint region: RevokeBias
[2022-06-13T02:57:46.692+0000][1][safepoint    ] Leaving safepoint region
[2022-06-13T02:57:46.693+0000][1][safepoint    ] Total time for which application threads were stopped: 0.0001941 seconds, Stopping threads took: 0.0000855 seconds
[2022-06-13T02:57:46.693+0000][1][safepoint    ] Application time: 0.0000463 seconds
[2022-06-13T02:57:46.693+0000][1][safepoint    ] Entering safepoint region: RevokeBias
[2022-06-13T02:57:46.693+0000][1][safepoint    ] Leaving safepoint region
[2022-06-13T02:57:46.693+0000][1][safepoint    ] Total time for which application threads were stopped: 0.0001926 seconds, Stopping threads took: 0.0000857 seconds
[2022-06-13T02:57:46.693+0000][1][safepoint    ] Application time: 0.0000457 seconds
[2022-06-13T02:57:46.693+0000][1][safepoint    ] Entering safepoint region: RevokeBias
[2022-06-13T02:57:46.693+0000][1][safepoint    ] Leaving safepoint region
[2022-06-13T02:57:46.693+0000][1][safepoint    ] Total time for which application threads were stopped: 0.0001993 seconds, Stopping threads took: 0.0000845 seconds
[2022-06-13T02:57:46.694+0000][1][safepoint    ] Application time: 0.0000457 seconds
[2022-06-13T02:57:46.694+0000][1][safepoint    ] Entering safepoint region: RevokeBias
[2022-06-13T02:57:46.694+0000][1][safepoint    ] Leaving safepoint region
[2022-06-13T02:57:46.694+0000][1][safepoint    ] Total time for which application threads were stopped: 0.0001910 seconds, Stopping threads took: 0.0000864 seconds
[2022-06-13T02:57:46.694+0000][1][safepoint    ] Application time: 0.0000456 seconds
[2022-06-13T02:57:46.694+0000][1][safepoint    ] Entering safepoint region: RevokeBias
[2022-06-13T02:57:46.694+0000][1][safepoint    ] Leaving safepoint region
[2022-06-13T02:57:46.694+0000][1][safepoint    ] Total time for which application threads were stopped: 0.0001892 seconds, Stopping threads took: 0.0000847 seconds
[2022-06-13T02:57:46.694+0000][1][safepoint    ] Application time: 0.0000452 seconds
[2022-06-13T02:57:46.694+0000][1][safepoint    ] Entering safepoint region: BulkRevokeBias
[2022-06-13T02:57:46.695+0000][1][safepoint    ] Leaving safepoint region
[2022-06-13T02:57:46.695+0000][1][safepoint    ] Total time for which application threads were stopped: 0.0002388 seconds, Stopping threads took: 0.0000839 seconds
[2022-06-13T02:57:46.695+0000][1][safepoint    ] Application time: 0.0001997 seconds
[2022-06-13T02:57:46.695+0000][1][safepoint    ] Entering safepoint region: RevokeBias
[2022-06-13T02:57:46.696+0000][1][safepoint    ] Leaving safepoint region
[2022-06-13T02:57:46.696+0000][1][safepoint    ] Total time for which application threads were stopped: 0.0006201 seconds, Stopping threads took: 0.0004975 seconds
[2022-06-13T02:57:46.696+0000][1][safepoint    ] Application time: 0.0000961 seconds
[2022-06-13T02:57:46.696+0000][1][safepoint    ] Entering safepoint region: RevokeBias
[2022-06-13T02:57:46.696+0000][1][safepoint    ] Leaving safepoint region
[2022-06-13T02:57:46.696+0000][1][safepoint    ] Total time for which application threads were stopped: 0.0001952 seconds, Stopping threads took: 0.0000893 seconds
[2022-06-13T02:57:46.696+0000][1][safepoint    ] Application time: 0.0001353 seconds
[2022-06-13T02:57:46.697+0000][1][safepoint    ] Entering safepoint region: RevokeBias
[2022-06-13T02:57:46.697+0000][1][safepoint    ] Leaving safepoint region
[2022-06-13T02:57:46.697+0000][1][safepoint    ] Total time for which application threads were stopped: 0.0002346 seconds, Stopping threads took: 0.0001183 seconds
[2022-06-13T02:57:46.697+0000][1][safepoint    ] Application time: 0.0000739 seconds
[2022-06-13T02:57:46.697+0000][1][safepoint    ] Entering safepoint region: RevokeBias
[2022-06-13T02:57:46.697+0000][1][safepoint    ] Leaving safepoint region
[2022-06-13T02:57:46.697+0000][1][safepoint    ] Total time for which application threads were stopped: 0.0002316 seconds, Stopping threads took: 0.0001231 seconds
[2022-06-13T02:57:46.697+0000][1][safepoint    ] Application time: 0.0000610 seconds
[2022-06-13T02:57:46.698+0000][1][safepoint    ] Entering safepoint region: RevokeBias
[2022-06-13T02:57:46.698+0000][1][safepoint    ] Leaving safepoint region
[2022-06-13T02:57:46.698+0000][1][safepoint    ] Total time for which application threads were stopped: 0.0003415 seconds, Stopping threads took: 0.0002308 seconds
[2022-06-13T02:57:46.698+0000][1][safepoint    ] Application time: 0.0000664 seconds
[2022-06-13T02:57:46.698+0000][1][safepoint    ] Entering safepoint region: RevokeBias
[2022-06-13T02:57:46.698+0000][1][safepoint    ] Leaving safepoint region
[2022-06-13T02:57:46.698+0000][1][safepoint    ] Total time for which application threads were stopped: 0.0002490 seconds, Stopping threads took: 0.0001175 seconds
[2022-06-13T02:57:46.699+0000][1][safepoint    ] Application time: 0.0002865 seconds
[2022-06-13T02:57:46.699+0000][1][safepoint    ] Entering safepoint region: RevokeBias
[2022-06-13T02:57:46.699+0000][1][safepoint    ] Leaving safepoint region
[2022-06-13T02:57:46.699+0000][1][safepoint    ] Total time for which application threads were stopped: 0.0002934 seconds, Stopping threads took: 0.0001767 seconds
[2022-06-13T02:57:46.699+0000][1][safepoint    ] Application time: 0.0001355 seconds
[2022-06-13T02:57:46.700+0000][1][safepoint    ] Entering safepoint region: RevokeBias
[2022-06-13T02:57:46.700+0000][1][safepoint    ] Leaving safepoint region
[2022-06-13T02:57:46.700+0000][1][safepoint    ] Total time for which application threads were stopped: 0.0002142 seconds, Stopping threads took: 0.0000916 seconds
[2022-06-13T02:57:46.700+0000][1][safepoint    ] Application time: 0.0002802 seconds
[2022-06-13T02:57:46.700+0000][1][safepoint    ] Entering safepoint region: RevokeBias
[2022-06-13T02:57:46.700+0000][1][safepoint    ] Leaving safepoint region
[2022-06-13T02:57:46.700+0000][1][safepoint    ] Total time for which application threads were stopped: 0.0002139 seconds, Stopping threads took: 0.0001054 seconds
[2022-06-13T02:57:46.701+0000][1][safepoint    ] Application time: 0.0001899 seconds
[2022-06-13T02:57:46.701+0000][1][safepoint    ] Entering safepoint region: RevokeBias
[2022-06-13T02:57:46.701+0000][1][safepoint    ] Leaving safepoint region
[2022-06-13T02:57:46.701+0000][1][safepoint    ] Total time for which application threads were stopped: 0.0002910 seconds, Stopping threads took: 0.0001688 seconds
[2022-06-13T02:57:46.701+0000][1][safepoint    ] Application time: 0.0002441 seconds
[2022-06-13T02:57:46.702+0000][1][safepoint    ] Entering safepoint region: RevokeBias
[2022-06-13T02:57:46.702+0000][1][safepoint    ] Leaving safepoint region
[2022-06-13T02:57:46.702+0000][1][safepoint    ] Total time for which application threads were stopped: 0.0002694 seconds, Stopping threads took: 0.0001438 seconds
[2022-06-13T02:57:46.702+0000][1][safepoint    ] Application time: 0.0001406 seconds
[2022-06-13T02:57:46.702+0000][1][safepoint    ] Entering safepoint region: RevokeBias
[2022-06-13T02:57:46.702+0000][1][safepoint    ] Leaving safepoint region
[2022-06-13T02:57:46.702+0000][1][safepoint    ] Total time for which application threads were stopped: 0.0002425 seconds, Stopping threads took: 0.0001224 seconds
[2022-06-13T02:57:46.703+0000][1][safepoint    ] Application time: 0.0001319 seconds
[2022-06-13T02:57:46.703+0000][1][safepoint    ] Entering safepoint region: RevokeBias
[2022-06-13T02:57:46.703+0000][1][safepoint    ] Leaving safepoint region
[2022-06-13T02:57:46.703+0000][1][safepoint    ] Total time for which application threads were stopped: 0.0002623 seconds, Stopping threads took: 0.0001385 seconds
[2022-06-13T02:57:46.703+0000][1][safepoint    ] Application time: 0.0001662 seconds
[2022-06-13T02:57:46.703+0000][1][safepoint    ] Entering safepoint region: RevokeBias
[2022-06-13T02:57:46.704+0000][1][safepoint    ] Leaving safepoint region
[2022-06-13T02:57:46.704+0000][1][safepoint    ] Total time for which application threads were stopped: 0.0002336 seconds, Stopping threads took: 0.0001177 seconds
[2022-06-13T02:57:46.704+0000][1][safepoint    ] Application time: 0.0002357 seconds
[2022-06-13T02:57:46.704+0000][1][safepoint    ] Entering safepoint region: RevokeBias
[2022-06-13T02:57:46.704+0000][1][safepoint    ] Leaving safepoint region
[2022-06-13T02:57:46.704+0000][1][safepoint    ] Total time for which application threads were stopped: 0.0002006 seconds, Stopping threads took: 0.0000833 seconds
[2022-06-13T02:57:46.706+0000][1][safepoint    ] Application time: 0.0011377 seconds
[2022-06-13T02:57:46.706+0000][1][safepoint    ] Entering safepoint region: RevokeBias
[2022-06-13T02:57:46.706+0000][1][safepoint    ] Leaving safepoint region
[2022-06-13T02:57:46.706+0000][1][safepoint    ] Total time for which application threads were stopped: 0.0002387 seconds, Stopping threads took: 0.0001141 seconds
[2022-06-13T02:57:46.706+0000][1][safepoint    ] Application time: 0.0001039 seconds
[2022-06-13T02:57:46.706+0000][1][safepoint    ] Entering safepoint region: RevokeBias
[2022-06-13T02:57:46.706+0000][1][safepoint    ] Leaving safepoint region
[2022-06-13T02:57:46.706+0000][1][safepoint    ] Total time for which application threads were stopped: 0.0002133 seconds, Stopping threads took: 0.0000897 seconds
[2022-06-13T02:57:46.707+0000][1][safepoint    ] Application time: 0.0000632 seconds
[2022-06-13T02:57:46.707+0000][1][safepoint    ] Entering safepoint region: RevokeBias
[2022-06-13T02:57:46.707+0000][1][safepoint    ] Leaving safepoint region
[2022-06-13T02:57:46.707+0000][1][safepoint    ] Total time for which application threads were stopped: 0.0002162 seconds, Stopping threads took: 0.0000949 seconds
[2022-06-13T02:57:46.708+0000][1][safepoint    ] Application time: 0.0005625 seconds
[2022-06-13T02:57:46.708+0000][1][safepoint    ] Entering safepoint region: RevokeBias
[2022-06-13T02:57:46.708+0000][1][safepoint    ] Leaving safepoint region
[2022-06-13T02:57:46.708+0000][1][safepoint    ] Total time for which application threads were stopped: 0.0002775 seconds, Stopping threads took: 0.0001700 seconds
[2022-06-13T02:57:46.709+0000][1][safepoint    ] Application time: 0.0006718 seconds
[2022-06-13T02:57:46.709+0000][1][safepoint    ] Entering safepoint region: RevokeBias
[2022-06-13T02:57:46.709+0000][1][safepoint    ] Leaving safepoint region
[2022-06-13T02:57:46.709+0000][1][safepoint    ] Total time for which application threads were stopped: 0.0005091 seconds, Stopping threads took: 0.0001717 seconds
[2022-06-13T02:57:46.709+0000][1][safepoint    ] Application time: 0.0000648 seconds
[2022-06-13T02:57:46.710+0000][1][safepoint    ] Entering safepoint region: RevokeBias
[2022-06-13T02:57:46.710+0000][1][safepoint    ] Leaving safepoint region
[2022-06-13T02:57:46.710+0000][1][safepoint    ] Total time for which application threads were stopped: 0.0004559 seconds, Stopping threads took: 0.0003388 seconds
[2022-06-13T02:57:46.710+0000][1][safepoint    ] Application time: 0.0001708 seconds
[2022-06-13T02:57:46.711+0000][1][safepoint    ] Entering safepoint region: RevokeBias
[2022-06-13T02:57:46.711+0000][1][safepoint    ] Leaving safepoint region
[2022-06-13T02:57:46.711+0000][1][safepoint    ] Total time for which application threads were stopped: 0.0003946 seconds, Stopping threads took: 0.0002613 seconds
[2022-06-13T02:57:46.721+0000][1][safepoint    ] Application time: 0.0096456 seconds
[2022-06-13T02:57:46.721+0000][1][safepoint    ] Entering safepoint region: GenCollectForAllocation
[2022-06-13T02:57:46.721+0000][1][gc,start     ] GC(19) Pause Young (Allocation Failure)
[2022-06-13T02:57:46.721+0000][1][gc,task      ] GC(19) Using 5 workers of 13 for evacuation
[2022-06-13T02:57:46.725+0000][1][gc,age       ] GC(19) Desired survivor size 4456448 bytes, new threshold 2 (max threshold 6)
[2022-06-13T02:57:46.725+0000][1][gc,age       ] GC(19) Age table with threshold 2 (max threshold 6)
[2022-06-13T02:57:46.725+0000][1][gc,age       ] GC(19) - age   1:    3144464 bytes,    3144464 total
[2022-06-13T02:57:46.725+0000][1][gc,age       ] GC(19) - age   2:    3669208 bytes,    6813672 total
[2022-06-13T02:57:46.725+0000][1][gc,age       ] GC(19) - age   3:     366096 bytes,    7179768 total
[2022-06-13T02:57:46.726+0000][1][gc,heap      ] GC(19) ParNew: 74901K->8334K(78656K)
[2022-06-13T02:57:46.726+0000][1][gc,heap      ] GC(19) CMS: 55135K->55135K(174784K)
[2022-06-13T02:57:46.726+0000][1][gc,metaspace ] GC(19) Metaspace: 47252K->47252K(1093632K)
[2022-06-13T02:57:46.726+0000][1][gc           ] GC(19) Pause Young (Allocation Failure) 126M->61M(247M) 5.544ms
[2022-06-13T02:57:46.727+0000][1][gc,cpu       ] GC(19) User=0.01s Sys=0.00s Real=0.00s
[2022-06-13T02:57:46.727+0000][1][safepoint    ] Leaving safepoint region
[2022-06-13T02:57:46.727+0000][1][safepoint    ] Total time for which application threads were stopped: 0.0061423 seconds, Stopping threads took: 0.0000907 seconds
[2022-06-13T02:57:47.120+0000][1][safepoint    ] Application time: 0.3930481 seconds
[2022-06-13T02:57:47.120+0000][1][safepoint    ] Entering safepoint region: GenCollectForAllocation
[2022-06-13T02:57:47.121+0000][1][gc,start     ] GC(20) Pause Young (Allocation Failure)
[2022-06-13T02:57:47.121+0000][1][gc,task      ] GC(20) Using 5 workers of 13 for evacuation
[2022-06-13T02:57:47.128+0000][1][gc,age       ] GC(20) Desired survivor size 4456448 bytes, new threshold 2 (max threshold 6)
[2022-06-13T02:57:47.128+0000][1][gc,age       ] GC(20) Age table with threshold 2 (max threshold 6)
[2022-06-13T02:57:47.129+0000][1][gc,age       ] GC(20) - age   1:    1513112 bytes,    1513112 total
[2022-06-13T02:57:47.129+0000][1][gc,age       ] GC(20) - age   2:    3082488 bytes,    4595600 total
[2022-06-13T02:57:47.129+0000][1][gc,heap      ] GC(20) ParNew: 78286K->7351K(78656K)
[2022-06-13T02:57:47.130+0000][1][gc,heap      ] GC(20) CMS: 55135K->59208K(174784K)
[2022-06-13T02:57:47.130+0000][1][gc,metaspace ] GC(20) Metaspace: 53888K->53888K(1097728K)
[2022-06-13T02:57:47.131+0000][1][gc           ] GC(20) Pause Young (Allocation Failure) 130M->65M(247M) 9.645ms
[2022-06-13T02:57:47.131+0000][1][gc,cpu       ] GC(20) User=0.04s Sys=0.00s Real=0.01s
[2022-06-13T02:57:47.131+0000][1][safepoint    ] Leaving safepoint region
[2022-06-13T02:57:47.131+0000][1][safepoint    ] Total time for which application threads were stopped: 0.0107071 seconds, Stopping threads took: 0.0002953 seconds
[2022-06-13T02:57:47.235+0000][1][safepoint    ] Application time: 0.1038195 seconds
[2022-06-13T02:57:47.236+0000][1][safepoint    ] Entering safepoint region: Deoptimize
[2022-06-13T02:57:47.237+0000][1][safepoint    ] Leaving safepoint region
[2022-06-13T02:57:47.237+0000][1][safepoint    ] Total time for which application threads were stopped: 0.0013132 seconds, Stopping threads took: 0.0002957 seconds
[2022-06-13T02:57:47.255+0000][1][safepoint    ] Application time: 0.0173899 seconds
[2022-06-13T02:57:47.255+0000][1][safepoint    ] Entering safepoint region: RevokeBias
[2022-06-13T02:57:47.255+0000][1][safepoint    ] Leaving safepoint region
[2022-06-13T02:57:47.256+0000][1][safepoint    ] Total time for which application threads were stopped: 0.0006571 seconds, Stopping threads took: 0.0003131 seconds
[2022-06-13T02:57:47.256+0000][1][safepoint    ] Application time: 0.0001841 seconds
[2022-06-13T02:57:47.256+0000][1][safepoint    ] Entering safepoint region: RevokeBias
[2022-06-13T02:57:47.257+0000][1][safepoint    ] Leaving safepoint region
[2022-06-13T02:57:47.257+0000][1][safepoint    ] Total time for which application threads were stopped: 0.0005966 seconds, Stopping threads took: 0.0003053 seconds
[2022-06-13T02:57:47.258+0000][1][safepoint    ] Application time: 0.0003270 seconds
[2022-06-13T02:57:47.258+0000][1][safepoint    ] Entering safepoint region: RevokeBias
[2022-06-13T02:57:47.258+0000][1][safepoint    ] Leaving safepoint region
[2022-06-13T02:57:47.259+0000][1][safepoint    ] Total time for which application threads were stopped: 0.0008096 seconds, Stopping threads took: 0.0004091 seconds
[2022-06-13T02:57:47.261+0000][1][safepoint    ] Application time: 0.0016114 seconds
[2022-06-13T02:57:47.261+0000][1][safepoint    ] Entering safepoint region: RevokeBias
[2022-06-13T02:57:47.262+0000][1][safepoint    ] Leaving safepoint region
[2022-06-13T02:57:47.262+0000][1][safepoint    ] Total time for which application threads were stopped: 0.0007542 seconds, Stopping threads took: 0.0003171 seconds
[2022-06-13T02:57:47.367+0000][1][safepoint    ] Application time: 0.1045489 seconds
[2022-06-13T02:57:47.367+0000][1][safepoint    ] Entering safepoint region: Deoptimize
[2022-06-13T02:57:47.369+0000][1][safepoint    ] Leaving safepoint region
[2022-06-13T02:57:47.369+0000][1][safepoint    ] Total time for which application threads were stopped: 0.0017264 seconds, Stopping threads took: 0.0002987 seconds
[2022-06-13T02:57:47.525+0000][1][safepoint    ] Application time: 0.1551305 seconds
[2022-06-13T02:57:47.525+0000][1][safepoint    ] Entering safepoint region: RevokeBias
[2022-06-13T02:57:47.525+0000][1][safepoint    ] Leaving safepoint region
[2022-06-13T02:57:47.526+0000][1][safepoint    ] Total time for which application threads were stopped: 0.0006034 seconds, Stopping threads took: 0.0002790 seconds
[2022-06-13T02:57:47.528+0000][1][safepoint    ] Application time: 0.0024554 seconds
[2022-06-13T02:57:47.529+0000][1][safepoint    ] Entering safepoint region: RevokeBias
[2022-06-13T02:57:47.529+0000][1][safepoint    ] Leaving safepoint region
[2022-06-13T02:57:47.529+0000][1][safepoint    ] Total time for which application threads were stopped: 0.0003631 seconds, Stopping threads took: 0.0001722 seconds
[2022-06-13T02:57:47.529+0000][1][safepoint    ] Application time: 0.0002523 seconds
[2022-06-13T02:57:47.530+0000][1][safepoint    ] Entering safepoint region: RevokeBias
[2022-06-13T02:57:47.530+0000][1][safepoint    ] Leaving safepoint region
[2022-06-13T02:57:47.530+0000][1][safepoint    ] Total time for which application threads were stopped: 0.0007047 seconds, Stopping threads took: 0.0003927 seconds
[2022-06-13T02:57:47.534+0000][1][safepoint    ] Application time: 0.0039020 seconds
[2022-06-13T02:57:47.535+0000][1][safepoint    ] Entering safepoint region: BulkRevokeBias
[2022-06-13T02:57:47.535+0000][1][safepoint    ] Leaving safepoint region
[2022-06-13T02:57:47.535+0000][1][safepoint    ] Total time for which application threads were stopped: 0.0005113 seconds, Stopping threads took: 0.0001769 seconds
[2022-06-13T02:57:47.618+0000][1][safepoint    ] Application time: 0.0826289 seconds
[2022-06-13T02:57:47.618+0000][1][safepoint    ] Entering safepoint region: RevokeBias
[2022-06-13T02:57:47.619+0000][1][safepoint    ] Leaving safepoint region
[2022-06-13T02:57:47.619+0000][1][safepoint    ] Total time for which application threads were stopped: 0.0006876 seconds, Stopping threads took: 0.0003561 seconds
[2022-06-13T02:57:47.619+0000][1][safepoint    ] Application time: 0.0000919 seconds
[2022-06-13T02:57:47.620+0000][1][safepoint    ] Entering safepoint region: RevokeBias
[2022-06-13T02:57:47.620+0000][1][safepoint    ] Leaving safepoint region
[2022-06-13T02:57:47.620+0000][1][safepoint    ] Total time for which application threads were stopped: 0.0007368 seconds, Stopping threads took: 0.0004361 seconds
[2022-06-13T02:57:47.650+0000][1][safepoint    ] Application time: 0.0288608 seconds
[2022-06-13T02:57:47.650+0000][1][safepoint    ] Entering safepoint region: GenCollectForAllocation
[2022-06-13T02:57:47.650+0000][1][gc,start     ] GC(21) Pause Young (Allocation Failure)
[2022-06-13T02:57:47.650+0000][1][gc,task      ] GC(21) Using 5 workers of 13 for evacuation
[2022-06-13T02:57:47.658+0000][1][gc,age       ] GC(21) Desired survivor size 4456448 bytes, new threshold 2 (max threshold 6)
[2022-06-13T02:57:47.658+0000][1][gc,age       ] GC(21) Age table with threshold 2 (max threshold 6)
[2022-06-13T02:57:47.658+0000][1][gc,age       ] GC(21) - age   1:    4038632 bytes,    4038632 total
[2022-06-13T02:57:47.659+0000][1][gc,age       ] GC(21) - age   2:    1455920 bytes,    5494552 total
[2022-06-13T02:57:47.659+0000][1][gc,heap      ] GC(21) ParNew: 77303K->8704K(78656K)
[2022-06-13T02:57:47.659+0000][1][gc,heap      ] GC(21) CMS: 59208K->62295K(174784K)
[2022-06-13T02:57:47.660+0000][1][gc,metaspace ] GC(21) Metaspace: 62044K->62044K(1105920K)
[2022-06-13T02:57:47.660+0000][1][gc           ] GC(21) Pause Young (Allocation Failure) 133M->69M(247M) 9.636ms
[2022-06-13T02:57:47.660+0000][1][gc,cpu       ] GC(21) User=0.04s Sys=0.00s Real=0.01s
[2022-06-13T02:57:47.661+0000][1][safepoint    ] Leaving safepoint region
[2022-06-13T02:57:47.661+0000][1][safepoint    ] Total time for which application threads were stopped: 0.0110228 seconds, Stopping threads took: 0.0002531 seconds
[2022-06-13T02:57:47.668+0000][1][safepoint    ] Application time: 0.0064747 seconds
[2022-06-13T02:57:47.668+0000][1][safepoint    ] Entering safepoint region: RevokeBias
[2022-06-13T02:57:47.669+0000][1][safepoint    ] Leaving safepoint region
[2022-06-13T02:57:47.669+0000][1][safepoint    ] Total time for which application threads were stopped: 0.0006700 seconds, Stopping threads took: 0.0003833 seconds
[2022-06-13T02:57:47.669+0000][1][safepoint    ] Application time: 0.0000746 seconds
[2022-06-13T02:57:47.670+0000][1][safepoint    ] Entering safepoint region: RevokeBias
[2022-06-13T02:57:47.670+0000][1][safepoint    ] Leaving safepoint region
[2022-06-13T02:57:47.670+0000][1][safepoint    ] Total time for which application threads were stopped: 0.0007008 seconds, Stopping threads took: 0.0003913 seconds
[2022-06-13T02:57:47.693+0000][1][safepoint    ] Application time: 0.0221788 seconds
[2022-06-13T02:57:47.694+0000][1][safepoint    ] Entering safepoint region: Deoptimize
[2022-06-13T02:57:47.694+0000][1][safepoint    ] Leaving safepoint region
[2022-06-13T02:57:47.695+0000][1][safepoint    ] Total time for which application threads were stopped: 0.0011039 seconds, Stopping threads took: 0.0003821 seconds
[2022-06-13T02:57:47.699+0000][1][safepoint    ] Application time: 0.0038767 seconds
[2022-06-13T02:57:47.699+0000][1][safepoint    ] Entering safepoint region: RevokeBias
[2022-06-13T02:57:47.699+0000][1][safepoint    ] Leaving safepoint region
[2022-06-13T02:57:47.700+0000][1][safepoint    ] Total time for which application threads were stopped: 0.0007405 seconds, Stopping threads took: 0.0003918 seconds
[2022-06-13T02:57:47.701+0000][1][safepoint    ] Application time: 0.0006560 seconds
[2022-06-13T02:57:47.701+0000][1][safepoint    ] Entering safepoint region: BulkRevokeBias
[2022-06-13T02:57:47.702+0000][1][safepoint    ] Leaving safepoint region
[2022-06-13T02:57:47.702+0000][1][safepoint    ] Total time for which application threads were stopped: 0.0009842 seconds, Stopping threads took: 0.0003451 seconds
[2022-06-13T02:57:47.703+0000][1][safepoint    ] Application time: 0.0005027 seconds
[2022-06-13T02:57:47.703+0000][1][safepoint    ] Entering safepoint region: RevokeBias
[2022-06-13T02:57:47.704+0000][1][safepoint    ] Leaving safepoint region
[2022-06-13T02:57:47.704+0000][1][safepoint    ] Total time for which application threads were stopped: 0.0003631 seconds, Stopping threads took: 0.0001577 seconds
[2022-06-13T02:57:47.704+0000][1][safepoint    ] Application time: 0.0003033 seconds
[2022-06-13T02:57:47.704+0000][1][safepoint    ] Entering safepoint region: RevokeBias
[2022-06-13T02:57:47.705+0000][1][safepoint    ] Leaving safepoint region
[2022-06-13T02:57:47.705+0000][1][safepoint    ] Total time for which application threads were stopped: 0.0003522 seconds, Stopping threads took: 0.0001495 seconds
[2022-06-13T02:57:47.705+0000][1][safepoint    ] Application time: 0.0000765 seconds
[2022-06-13T02:57:47.705+0000][1][safepoint    ] Entering safepoint region: RevokeBias
[2022-06-13T02:57:47.705+0000][1][safepoint    ] Leaving safepoint region
[2022-06-13T02:57:47.706+0000][1][safepoint    ] Total time for which application threads were stopped: 0.0003928 seconds, Stopping threads took: 0.0001506 seconds
[2022-06-13T02:57:47.706+0000][1][safepoint    ] Application time: 0.0001176 seconds
[2022-06-13T02:57:47.706+0000][1][safepoint    ] Entering safepoint region: RevokeBias
[2022-06-13T02:57:47.706+0000][1][safepoint    ] Leaving safepoint region
[2022-06-13T02:57:47.707+0000][1][safepoint    ] Total time for which application threads were stopped: 0.0003928 seconds, Stopping threads took: 0.0001791 seconds
[2022-06-13T02:57:47.707+0000][1][safepoint    ] Application time: 0.0001588 seconds
[2022-06-13T02:57:47.707+0000][1][safepoint    ] Entering safepoint region: RevokeBias
[2022-06-13T02:57:47.707+0000][1][safepoint    ] Leaving safepoint region
[2022-06-13T02:57:47.707+0000][1][safepoint    ] Total time for which application threads were stopped: 0.0002811 seconds, Stopping threads took: 0.0001242 seconds
[2022-06-13T02:57:47.708+0000][1][safepoint    ] Application time: 0.0001641 seconds
[2022-06-13T02:57:47.708+0000][1][safepoint    ] Entering safepoint region: RevokeBias
[2022-06-13T02:57:47.708+0000][1][safepoint    ] Leaving safepoint region
[2022-06-13T02:57:47.708+0000][1][safepoint    ] Total time for which application threads were stopped: 0.0002669 seconds, Stopping threads took: 0.0001145 seconds
[2022-06-13T02:57:47.708+0000][1][safepoint    ] Application time: 0.0001718 seconds
[2022-06-13T02:57:47.708+0000][1][safepoint    ] Entering safepoint region: RevokeBias
[2022-06-13T02:57:47.709+0000][1][safepoint    ] Leaving safepoint region
[2022-06-13T02:57:47.709+0000][1][safepoint    ] Total time for which application threads were stopped: 0.0002532 seconds, Stopping threads took: 0.0000919 seconds
[2022-06-13T02:57:47.709+0000][1][safepoint    ] Application time: 0.0000677 seconds
[2022-06-13T02:57:47.709+0000][1][safepoint    ] Entering safepoint region: RevokeBias
[2022-06-13T02:57:47.709+0000][1][safepoint    ] Leaving safepoint region
[2022-06-13T02:57:47.710+0000][1][safepoint    ] Total time for which application threads were stopped: 0.0005181 seconds, Stopping threads took: 0.0000919 seconds
[2022-06-13T02:57:47.711+0000][1][safepoint    ] Application time: 0.0008198 seconds
[2022-06-13T02:57:47.711+0000][1][safepoint    ] Entering safepoint region: RevokeBias
[2022-06-13T02:57:47.711+0000][1][safepoint    ] Leaving safepoint region
[2022-06-13T02:57:47.711+0000][1][safepoint    ] Total time for which application threads were stopped: 0.0005193 seconds, Stopping threads took: 0.0003084 seconds
[2022-06-13T02:57:47.712+0000][1][safepoint    ] Application time: 0.0000821 seconds
[2022-06-13T02:57:47.712+0000][1][safepoint    ] Entering safepoint region: RevokeBias
[2022-06-13T02:57:47.712+0000][1][safepoint    ] Leaving safepoint region
[2022-06-13T02:57:47.712+0000][1][safepoint    ] Total time for which application threads were stopped: 0.0005057 seconds, Stopping threads took: 0.0002565 seconds
[2022-06-13T02:57:47.714+0000][1][safepoint    ] Application time: 0.0014892 seconds
[2022-06-13T02:57:47.714+0000][1][safepoint    ] Entering safepoint region: Deoptimize
[2022-06-13T02:57:47.715+0000][1][safepoint    ] Leaving safepoint region
[2022-06-13T02:57:47.715+0000][1][safepoint    ] Total time for which application threads were stopped: 0.0009445 seconds, Stopping threads took: 0.0002593 seconds
[2022-06-13T02:57:47.716+0000][1][safepoint    ] Application time: 0.0005001 seconds
[2022-06-13T02:57:47.716+0000][1][safepoint    ] Entering safepoint region: RevokeBias
[2022-06-13T02:57:47.717+0000][1][safepoint    ] Leaving safepoint region
[2022-06-13T02:57:47.717+0000][1][safepoint    ] Total time for which application threads were stopped: 0.0005069 seconds, Stopping threads took: 0.0002717 seconds
[2022-06-13T02:57:47.723+0000][1][safepoint    ] Application time: 0.0056393 seconds
[2022-06-13T02:57:47.723+0000][1][safepoint    ] Entering safepoint region: RevokeBias
[2022-06-13T02:57:47.723+0000][1][safepoint    ] Leaving safepoint region
[2022-06-13T02:57:47.723+0000][1][safepoint    ] Total time for which application threads were stopped: 0.0002763 seconds, Stopping threads took: 0.0001323 seconds
[2022-06-13T02:57:47.743+0000][1][safepoint    ] Application time: 0.0193872 seconds
[2022-06-13T02:57:47.743+0000][1][safepoint    ] Entering safepoint region: RevokeBias
[2022-06-13T02:57:47.743+0000][1][safepoint    ] Leaving safepoint region
[2022-06-13T02:57:47.743+0000][1][safepoint    ] Total time for which application threads were stopped: 0.0003616 seconds, Stopping threads took: 0.0001923 seconds
[2022-06-13T02:57:47.743+0000][1][safepoint    ] Application time: 0.0000636 seconds
[2022-06-13T02:57:47.743+0000][1][safepoint    ] Entering safepoint region: RevokeBias
[2022-06-13T02:57:47.744+0000][1][safepoint    ] Leaving safepoint region
[2022-06-13T02:57:47.744+0000][1][safepoint    ] Total time for which application threads were stopped: 0.0003142 seconds, Stopping threads took: 0.0000952 seconds
[2022-06-13T02:57:47.745+0000][1][safepoint    ] Application time: 0.0009093 seconds
[2022-06-13T02:57:47.745+0000][1][safepoint    ] Entering safepoint region: RevokeBias
[2022-06-13T02:57:47.745+0000][1][safepoint    ] Leaving safepoint region
[2022-06-13T02:57:47.745+0000][1][safepoint    ] Total time for which application threads were stopped: 0.0004276 seconds, Stopping threads took: 0.0001990 seconds
[2022-06-13T02:57:47.746+0000][1][safepoint    ] Application time: 0.0002689 seconds
[2022-06-13T02:57:47.746+0000][1][safepoint    ] Entering safepoint region: RevokeBias
[2022-06-13T02:57:47.746+0000][1][safepoint    ] Leaving safepoint region
[2022-06-13T02:57:47.746+0000][1][safepoint    ] Total time for which application threads were stopped: 0.0003896 seconds, Stopping threads took: 0.0001586 seconds
[2022-06-13T02:57:47.747+0000][1][safepoint    ] Application time: 0.0000769 seconds
[2022-06-13T02:57:47.747+0000][1][safepoint    ] Entering safepoint region: RevokeBias
[2022-06-13T02:57:47.747+0000][1][safepoint    ] Leaving safepoint region
[2022-06-13T02:57:47.748+0000][1][safepoint    ] Total time for which application threads were stopped: 0.0007832 seconds, Stopping threads took: 0.0004562 seconds
[2022-06-13T02:57:47.748+0000][1][safepoint    ] Application time: 0.0007724 seconds
[2022-06-13T02:57:47.749+0000][1][safepoint    ] Entering safepoint region: RevokeBias
[2022-06-13T02:57:47.749+0000][1][safepoint    ] Leaving safepoint region
[2022-06-13T02:57:47.749+0000][1][safepoint    ] Total time for which application threads were stopped: 0.0005650 seconds, Stopping threads took: 0.0002389 seconds
[2022-06-13T02:57:47.750+0000][1][safepoint    ] Application time: 0.0001476 seconds
[2022-06-13T02:57:47.750+0000][1][safepoint    ] Entering safepoint region: RevokeBias
[2022-06-13T02:57:47.750+0000][1][safepoint    ] Leaving safepoint region
[2022-06-13T02:57:47.750+0000][1][safepoint    ] Total time for which application threads were stopped: 0.0002968 seconds, Stopping threads took: 0.0001718 seconds
[2022-06-13T02:57:47.751+0000][1][safepoint    ] Application time: 0.0004694 seconds
[2022-06-13T02:57:47.751+0000][1][safepoint    ] Entering safepoint region: RevokeBias
[2022-06-13T02:57:47.752+0000][1][safepoint    ] Leaving safepoint region
[2022-06-13T02:57:47.752+0000][1][safepoint    ] Total time for which application threads were stopped: 0.0006387 seconds, Stopping threads took: 0.0003552 seconds
[2022-06-13T02:57:47.754+0000][1][safepoint    ] Application time: 0.0021495 seconds
[2022-06-13T02:57:47.755+0000][1][safepoint    ] Entering safepoint region: RevokeBias
[2022-06-13T02:57:47.755+0000][1][safepoint    ] Leaving safepoint region
[2022-06-13T02:57:47.755+0000][1][safepoint    ] Total time for which application threads were stopped: 0.0004699 seconds, Stopping threads took: 0.0001878 seconds
[2022-06-13T02:57:47.756+0000][1][safepoint    ] Application time: 0.0002250 seconds
[2022-06-13T02:57:47.756+0000][1][safepoint    ] Entering safepoint region: RevokeBias
[2022-06-13T02:57:47.756+0000][1][safepoint    ] Leaving safepoint region
[2022-06-13T02:57:47.756+0000][1][safepoint    ] Total time for which application threads were stopped: 0.0005368 seconds, Stopping threads took: 0.0002835 seconds
[2022-06-13T02:57:47.839+0000][1][safepoint    ] Application time: 0.0821444 seconds
[2022-06-13T02:57:47.839+0000][1][safepoint    ] Entering safepoint region: RevokeBias
[2022-06-13T02:57:47.839+0000][1][safepoint    ] Leaving safepoint region
[2022-06-13T02:57:47.840+0000][1][safepoint    ] Total time for which application threads were stopped: 0.0006919 seconds, Stopping threads took: 0.0003273 seconds
[2022-06-13T02:57:47.841+0000][1][safepoint    ] Application time: 0.0003781 seconds
[2022-06-13T02:57:47.841+0000][1][safepoint    ] Entering safepoint region: RevokeBias
[2022-06-13T02:57:47.841+0000][1][safepoint    ] Leaving safepoint region
[2022-06-13T02:57:47.842+0000][1][safepoint    ] Total time for which application threads were stopped: 0.0006493 seconds, Stopping threads took: 0.0003173 seconds
[2022-06-13T02:57:47.843+0000][1][safepoint    ] Application time: 0.0009124 seconds
[2022-06-13T02:57:47.843+0000][1][safepoint    ] Entering safepoint region: RevokeBias
[2022-06-13T02:57:47.844+0000][1][safepoint    ] Leaving safepoint region
[2022-06-13T02:57:47.844+0000][1][safepoint    ] Total time for which application threads were stopped: 0.0008887 seconds, Stopping threads took: 0.0004308 seconds
[2022-06-13T02:57:47.846+0000][1][safepoint    ] Application time: 0.0011047 seconds
[2022-06-13T02:57:47.846+0000][1][safepoint    ] Entering safepoint region: RevokeBias
[2022-06-13T02:57:47.847+0000][1][safepoint    ] Leaving safepoint region
[2022-06-13T02:57:47.847+0000][1][safepoint    ] Total time for which application threads were stopped: 0.0008800 seconds, Stopping threads took: 0.0004454 seconds
[2022-06-13T02:57:47.848+0000][1][safepoint    ] Application time: 0.0004834 seconds
[2022-06-13T02:57:47.848+0000][1][safepoint    ] Entering safepoint region: RevokeBias
[2022-06-13T02:57:47.849+0000][1][safepoint    ] Leaving safepoint region
[2022-06-13T02:57:47.849+0000][1][safepoint    ] Total time for which application threads were stopped: 0.0007585 seconds, Stopping threads took: 0.0003455 seconds
[2022-06-13T02:57:47.850+0000][1][safepoint    ] Application time: 0.0002469 seconds
[2022-06-13T02:57:47.850+0000][1][safepoint    ] Entering safepoint region: RevokeBias
[2022-06-13T02:57:47.851+0000][1][safepoint    ] Leaving safepoint region
[2022-06-13T02:57:47.851+0000][1][safepoint    ] Total time for which application threads were stopped: 0.0008056 seconds, Stopping threads took: 0.0003994 seconds
[2022-06-13T02:57:47.852+0000][1][safepoint    ] Application time: 0.0002281 seconds
[2022-06-13T02:57:47.852+0000][1][safepoint    ] Entering safepoint region: RevokeBias
[2022-06-13T02:57:47.853+0000][1][safepoint    ] Leaving safepoint region
[2022-06-13T02:57:47.853+0000][1][safepoint    ] Total time for which application threads were stopped: 0.0008880 seconds, Stopping threads took: 0.0004146 seconds
[2022-06-13T02:57:47.854+0000][1][safepoint    ] Application time: 0.0005015 seconds
[2022-06-13T02:57:47.854+0000][1][safepoint    ] Entering safepoint region: RevokeBias
[2022-06-13T02:57:47.854+0000][1][safepoint    ] Leaving safepoint region
[2022-06-13T02:57:47.855+0000][1][safepoint    ] Total time for which application threads were stopped: 0.0006571 seconds, Stopping threads took: 0.0002398 seconds
[2022-06-13T02:57:47.856+0000][1][safepoint    ] Application time: 0.0003508 seconds
[2022-06-13T02:57:47.856+0000][1][safepoint    ] Entering safepoint region: RevokeBias
[2022-06-13T02:57:47.856+0000][1][safepoint    ] Leaving safepoint region
[2022-06-13T02:57:47.857+0000][1][safepoint    ] Total time for which application threads were stopped: 0.0005873 seconds, Stopping threads took: 0.0002580 seconds
[2022-06-13T02:57:47.857+0000][1][safepoint    ] Application time: 0.0002250 seconds
[2022-06-13T02:57:47.857+0000][1][safepoint    ] Entering safepoint region: RevokeBias
[2022-06-13T02:57:47.858+0000][1][safepoint    ] Leaving safepoint region
[2022-06-13T02:57:47.858+0000][1][safepoint    ] Total time for which application threads were stopped: 0.0008706 seconds, Stopping threads took: 0.0004655 seconds
[2022-06-13T02:57:47.859+0000][1][safepoint    ] Application time: 0.0002211 seconds
[2022-06-13T02:57:47.859+0000][1][safepoint    ] Entering safepoint region: RevokeBias
[2022-06-13T02:57:47.860+0000][1][safepoint    ] Leaving safepoint region
[2022-06-13T02:57:47.860+0000][1][safepoint    ] Total time for which application threads were stopped: 0.0007771 seconds, Stopping threads took: 0.0004039 seconds
[2022-06-13T02:57:47.861+0000][1][safepoint    ] Application time: 0.0012682 seconds
[2022-06-13T02:57:47.862+0000][1][safepoint    ] Entering safepoint region: RevokeBias
[2022-06-13T02:57:47.862+0000][1][safepoint    ] Leaving safepoint region
[2022-06-13T02:57:47.862+0000][1][safepoint    ] Total time for which application threads were stopped: 0.0005661 seconds, Stopping threads took: 0.0002492 seconds
[2022-06-13T02:57:47.874+0000][1][safepoint    ] Application time: 0.0110800 seconds
[2022-06-13T02:57:47.874+0000][1][safepoint    ] Entering safepoint region: RevokeBias
[2022-06-13T02:57:47.875+0000][1][safepoint    ] Leaving safepoint region
[2022-06-13T02:57:47.875+0000][1][safepoint    ] Total time for which application threads were stopped: 0.0008439 seconds, Stopping threads took: 0.0004334 seconds
[2022-06-13T02:57:47.877+0000][1][safepoint    ] Application time: 0.0017930 seconds
[2022-06-13T02:57:47.877+0000][1][safepoint    ] Entering safepoint region: RevokeBias
[2022-06-13T02:57:47.878+0000][1][safepoint    ] Leaving safepoint region
[2022-06-13T02:57:47.878+0000][1][safepoint    ] Total time for which application threads were stopped: 0.0007827 seconds, Stopping threads took: 0.0003814 seconds
[2022-06-13T02:57:47.879+0000][1][safepoint    ] Application time: 0.0001608 seconds
[2022-06-13T02:57:47.879+0000][1][safepoint    ] Entering safepoint region: RevokeBias
[2022-06-13T02:57:47.879+0000][1][safepoint    ] Leaving safepoint region
[2022-06-13T02:57:47.880+0000][1][safepoint    ] Total time for which application threads were stopped: 0.0007394 seconds, Stopping threads took: 0.0003384 seconds
[2022-06-13T02:57:47.881+0000][1][safepoint    ] Application time: 0.0005103 seconds
[2022-06-13T02:57:47.881+0000][1][safepoint    ] Entering safepoint region: RevokeBias
[2022-06-13T02:57:47.881+0000][1][safepoint    ] Leaving safepoint region
[2022-06-13T02:57:47.881+0000][1][safepoint    ] Total time for which application threads were stopped: 0.0006686 seconds, Stopping threads took: 0.0002873 seconds
[2022-06-13T02:57:47.882+0000][1][safepoint    ] Application time: 0.0001870 seconds
[2022-06-13T02:57:47.882+0000][1][safepoint    ] Entering safepoint region: RevokeBias
[2022-06-13T02:57:47.882+0000][1][safepoint    ] Leaving safepoint region
[2022-06-13T02:57:47.883+0000][1][safepoint    ] Total time for which application threads were stopped: 0.0005895 seconds, Stopping threads took: 0.0002545 seconds
[2022-06-13T02:57:47.947+0000][1][safepoint    ] Application time: 0.0642675 seconds
[2022-06-13T02:57:47.948+0000][1][safepoint    ] Entering safepoint region: RevokeBias
[2022-06-13T02:57:47.948+0000][1][safepoint    ] Leaving safepoint region
[2022-06-13T02:57:47.948+0000][1][safepoint    ] Total time for which application threads were stopped: 0.0004822 seconds, Stopping threads took: 0.0001666 seconds
[2022-06-13T02:57:47.948+0000][1][safepoint    ] Application time: 0.0001741 seconds
[2022-06-13T02:57:47.949+0000][1][safepoint    ] Entering safepoint region: RevokeBias
[2022-06-13T02:57:47.949+0000][1][safepoint    ] Leaving safepoint region
[2022-06-13T02:57:47.949+0000][1][safepoint    ] Total time for which application threads were stopped: 0.0003841 seconds, Stopping threads took: 0.0002183 seconds
[2022-06-13T02:57:47.952+0000][1][safepoint    ] Application time: 0.0028926 seconds
[2022-06-13T02:57:47.953+0000][1][safepoint    ] Entering safepoint region: RevokeBias
[2022-06-13T02:57:47.953+0000][1][safepoint    ] Leaving safepoint region
[2022-06-13T02:57:47.954+0000][1][safepoint    ] Total time for which application threads were stopped: 0.0008535 seconds, Stopping threads took: 0.0003773 seconds
[2022-06-13T02:57:47.955+0000][1][safepoint    ] Application time: 0.0012558 seconds
[2022-06-13T02:57:47.956+0000][1][safepoint    ] Entering safepoint region: RevokeBias
[2022-06-13T02:57:47.956+0000][1][safepoint    ] Leaving safepoint region
[2022-06-13T02:57:47.956+0000][1][safepoint    ] Total time for which application threads were stopped: 0.0007030 seconds, Stopping threads took: 0.0003108 seconds
[2022-06-13T02:57:47.962+0000][1][safepoint    ] Application time: 0.0055015 seconds
[2022-06-13T02:57:47.962+0000][1][safepoint    ] Entering safepoint region: RevokeBias
[2022-06-13T02:57:47.963+0000][1][safepoint    ] Leaving safepoint region
[2022-06-13T02:57:47.963+0000][1][safepoint    ] Total time for which application threads were stopped: 0.0006772 seconds, Stopping threads took: 0.0003242 seconds
[2022-06-13T02:57:47.964+0000][1][safepoint    ] Application time: 0.0001998 seconds
[2022-06-13T02:57:47.964+0000][1][safepoint    ] Entering safepoint region: RevokeBias
[2022-06-13T02:57:47.964+0000][1][safepoint    ] Leaving safepoint region
[2022-06-13T02:57:47.965+0000][1][safepoint    ] Total time for which application threads were stopped: 0.0006790 seconds, Stopping threads took: 0.0002795 seconds
[2022-06-13T02:57:47.968+0000][1][safepoint    ] Application time: 0.0030783 seconds
[2022-06-13T02:57:47.968+0000][1][safepoint    ] Entering safepoint region: RevokeBias
[2022-06-13T02:57:47.968+0000][1][safepoint    ] Leaving safepoint region
[2022-06-13T02:57:47.969+0000][1][safepoint    ] Total time for which application threads were stopped: 0.0004175 seconds, Stopping threads took: 0.0002149 seconds
[2022-06-13T02:57:47.969+0000][1][safepoint    ] Application time: 0.0001438 seconds
[2022-06-13T02:57:47.969+0000][1][safepoint    ] Entering safepoint region: RevokeBias
[2022-06-13T02:57:47.969+0000][1][safepoint    ] Leaving safepoint region
[2022-06-13T02:57:47.970+0000][1][safepoint    ] Total time for which application threads were stopped: 0.0004530 seconds, Stopping threads took: 0.0002085 seconds
[2022-06-13T02:57:47.972+0000][1][safepoint    ] Application time: 0.0016584 seconds
[2022-06-13T02:57:47.972+0000][1][safepoint    ] Entering safepoint region: RevokeBias
[2022-06-13T02:57:47.972+0000][1][safepoint    ] Leaving safepoint region
[2022-06-13T02:57:47.972+0000][1][safepoint    ] Total time for which application threads were stopped: 0.0005012 seconds, Stopping threads took: 0.0002145 seconds
[2022-06-13T02:57:47.975+0000][1][safepoint    ] Application time: 0.0021716 seconds
[2022-06-13T02:57:47.975+0000][1][safepoint    ] Entering safepoint region: RevokeBias
[2022-06-13T02:57:47.975+0000][1][safepoint    ] Leaving safepoint region
[2022-06-13T02:57:47.975+0000][1][safepoint    ] Total time for which application threads were stopped: 0.0001823 seconds, Stopping threads took: 0.0000872 seconds
[2022-06-13T02:57:47.975+0000][1][safepoint    ] Application time: 0.0000780 seconds
[2022-06-13T02:57:47.975+0000][1][safepoint    ] Entering safepoint region: RevokeBias
[2022-06-13T02:57:47.975+0000][1][safepoint    ] Leaving safepoint region
[2022-06-13T02:57:47.975+0000][1][safepoint    ] Total time for which application threads were stopped: 0.0001858 seconds, Stopping threads took: 0.0000814 seconds
[2022-06-13T02:57:47.975+0000][1][safepoint    ] Application time: 0.0000692 seconds
[2022-06-13T02:57:47.976+0000][1][safepoint    ] Entering safepoint region: RevokeBias
[2022-06-13T02:57:47.976+0000][1][safepoint    ] Leaving safepoint region
[2022-06-13T02:57:47.976+0000][1][safepoint    ] Total time for which application threads were stopped: 0.0001750 seconds, Stopping threads took: 0.0000786 seconds
[2022-06-13T02:57:47.976+0000][1][safepoint    ] Application time: 0.0000531 seconds
[2022-06-13T02:57:47.976+0000][1][safepoint    ] Entering safepoint region: RevokeBias
[2022-06-13T02:57:47.976+0000][1][safepoint    ] Leaving safepoint region
[2022-06-13T02:57:47.976+0000][1][safepoint    ] Total time for which application threads were stopped: 0.0002032 seconds, Stopping threads took: 0.0001034 seconds
[2022-06-13T02:57:47.976+0000][1][safepoint    ] Application time: 0.0000520 seconds
[2022-06-13T02:57:47.976+0000][1][safepoint    ] Entering safepoint region: RevokeBias
[2022-06-13T02:57:47.977+0000][1][safepoint    ] Leaving safepoint region
[2022-06-13T02:57:47.977+0000][1][safepoint    ] Total time for which application threads were stopped: 0.0002499 seconds, Stopping threads took: 0.0001380 seconds
[2022-06-13T02:57:47.977+0000][1][safepoint    ] Application time: 0.0000536 seconds
[2022-06-13T02:57:47.977+0000][1][safepoint    ] Entering safepoint region: RevokeBias
[2022-06-13T02:57:47.977+0000][1][safepoint    ] Leaving safepoint region
[2022-06-13T02:57:47.977+0000][1][safepoint    ] Total time for which application threads were stopped: 0.0002216 seconds, Stopping threads took: 0.0001056 seconds
[2022-06-13T02:57:47.977+0000][1][safepoint    ] Application time: 0.0000529 seconds
[2022-06-13T02:57:47.977+0000][1][safepoint    ] Entering safepoint region: RevokeBias
[2022-06-13T02:57:47.977+0000][1][safepoint    ] Leaving safepoint region
[2022-06-13T02:57:47.977+0000][1][safepoint    ] Total time for which application threads were stopped: 0.0001944 seconds, Stopping threads took: 0.0000769 seconds
[2022-06-13T02:57:47.978+0000][1][safepoint    ] Application time: 0.0000494 seconds
[2022-06-13T02:57:47.978+0000][1][safepoint    ] Entering safepoint region: RevokeBias
[2022-06-13T02:57:47.978+0000][1][safepoint    ] Leaving safepoint region
[2022-06-13T02:57:47.978+0000][1][safepoint    ] Total time for which application threads were stopped: 0.0002045 seconds, Stopping threads took: 0.0000763 seconds
[2022-06-13T02:57:47.993+0000][1][safepoint    ] Application time: 0.0145238 seconds
[2022-06-13T02:57:47.993+0000][1][safepoint    ] Entering safepoint region: RevokeBias
[2022-06-13T02:57:47.993+0000][1][safepoint    ] Leaving safepoint region
[2022-06-13T02:57:47.993+0000][1][safepoint    ] Total time for which application threads were stopped: 0.0005306 seconds, Stopping threads took: 0.0002744 seconds
[2022-06-13T02:57:48.005+0000][1][safepoint    ] Application time: 0.0113276 seconds
[2022-06-13T02:57:48.005+0000][1][safepoint    ] Entering safepoint region: RevokeBias
[2022-06-13T02:57:48.005+0000][1][safepoint    ] Leaving safepoint region
[2022-06-13T02:57:48.006+0000][1][safepoint    ] Total time for which application threads were stopped: 0.0005514 seconds, Stopping threads took: 0.0002745 seconds
[2022-06-13T02:57:48.006+0000][1][safepoint    ] Application time: 0.0004169 seconds
[2022-06-13T02:57:48.007+0000][1][safepoint    ] Entering safepoint region: RevokeBias
[2022-06-13T02:57:48.007+0000][1][safepoint    ] Leaving safepoint region
[2022-06-13T02:57:48.007+0000][1][safepoint    ] Total time for which application threads were stopped: 0.0004977 seconds, Stopping threads took: 0.0002772 seconds
[2022-06-13T02:57:48.008+0000][1][safepoint    ] Application time: 0.0000666 seconds
[2022-06-13T02:57:48.008+0000][1][safepoint    ] Entering safepoint region: RevokeBias
[2022-06-13T02:57:48.008+0000][1][safepoint    ] Leaving safepoint region
[2022-06-13T02:57:48.009+0000][1][safepoint    ] Total time for which application threads were stopped: 0.0006143 seconds, Stopping threads took: 0.0003412 seconds
[2022-06-13T02:57:48.009+0000][1][safepoint    ] Application time: 0.0001729 seconds
[2022-06-13T02:57:48.009+0000][1][safepoint    ] Entering safepoint region: RevokeBias
[2022-06-13T02:57:48.010+0000][1][safepoint    ] Leaving safepoint region
[2022-06-13T02:57:48.010+0000][1][safepoint    ] Total time for which application threads were stopped: 0.0004336 seconds, Stopping threads took: 0.0001877 seconds
[2022-06-13T02:57:48.018+0000][1][safepoint    ] Application time: 0.0076286 seconds
[2022-06-13T02:57:48.018+0000][1][safepoint    ] Entering safepoint region: RevokeBias
[2022-06-13T02:57:48.018+0000][1][safepoint    ] Leaving safepoint region
[2022-06-13T02:57:48.018+0000][1][safepoint    ] Total time for which application threads were stopped: 0.0003521 seconds, Stopping threads took: 0.0001100 seconds
[2022-06-13T02:57:48.072+0000][1][safepoint    ] Application time: 0.0538577 seconds
[2022-06-13T02:57:48.073+0000][1][safepoint    ] Entering safepoint region: RevokeBias
[2022-06-13T02:57:48.073+0000][1][safepoint    ] Leaving safepoint region
[2022-06-13T02:57:48.073+0000][1][safepoint    ] Total time for which application threads were stopped: 0.0005264 seconds, Stopping threads took: 0.0002440 seconds
[2022-06-13T02:57:48.076+0000][1][safepoint    ] Application time: 0.0028725 seconds
[2022-06-13T02:57:48.076+0000][1][safepoint    ] Entering safepoint region: RevokeBias
[2022-06-13T02:57:48.077+0000][1][safepoint    ] Leaving safepoint region
[2022-06-13T02:57:48.077+0000][1][safepoint    ] Total time for which application threads were stopped: 0.0004920 seconds, Stopping threads took: 0.0001166 seconds
[2022-06-13T02:57:48.079+0000][1][safepoint    ] Application time: 0.0020582 seconds
[2022-06-13T02:57:48.079+0000][1][safepoint    ] Entering safepoint region: RevokeBias
[2022-06-13T02:57:48.079+0000][1][safepoint    ] Leaving safepoint region
[2022-06-13T02:57:48.079+0000][1][safepoint    ] Total time for which application threads were stopped: 0.0002593 seconds, Stopping threads took: 0.0001415 seconds
[2022-06-13T02:57:48.080+0000][1][safepoint    ] Application time: 0.0003650 seconds
[2022-06-13T02:57:48.080+0000][1][safepoint    ] Entering safepoint region: RevokeBias
[2022-06-13T02:57:48.080+0000][1][safepoint    ] Leaving safepoint region
[2022-06-13T02:57:48.080+0000][1][safepoint    ] Total time for which application threads were stopped: 0.0001805 seconds, Stopping threads took: 0.0000860 seconds
[2022-06-13T02:57:48.082+0000][1][safepoint    ] Application time: 0.0017917 seconds
[2022-06-13T02:57:48.082+0000][1][safepoint    ] Entering safepoint region: RevokeBias
[2022-06-13T02:57:48.083+0000][1][safepoint    ] Leaving safepoint region
[2022-06-13T02:57:48.083+0000][1][safepoint    ] Total time for which application threads were stopped: 0.0002302 seconds, Stopping threads took: 0.0001045 seconds
[2022-06-13T02:57:48.084+0000][1][safepoint    ] Application time: 0.0013867 seconds
[2022-06-13T02:57:48.084+0000][1][safepoint    ] Entering safepoint region: BulkRevokeBias
[2022-06-13T02:57:48.084+0000][1][safepoint    ] Leaving safepoint region
[2022-06-13T02:57:48.085+0000][1][safepoint    ] Total time for which application threads were stopped: 0.0002547 seconds, Stopping threads took: 0.0000885 seconds
[2022-06-13T02:57:48.085+0000][1][safepoint    ] Application time: 0.0002475 seconds
[2022-06-13T02:57:48.085+0000][1][safepoint    ] Entering safepoint region: RevokeBias
[2022-06-13T02:57:48.085+0000][1][safepoint    ] Leaving safepoint region
[2022-06-13T02:57:48.085+0000][1][safepoint    ] Total time for which application threads were stopped: 0.0002296 seconds, Stopping threads took: 0.0001244 seconds
[2022-06-13T02:57:48.085+0000][1][safepoint    ] Application time: 0.0000724 seconds
[2022-06-13T02:57:48.085+0000][1][safepoint    ] Entering safepoint region: RevokeBias
[2022-06-13T02:57:48.086+0000][1][safepoint    ] Leaving safepoint region
[2022-06-13T02:57:48.086+0000][1][safepoint    ] Total time for which application threads were stopped: 0.0003195 seconds, Stopping threads took: 0.0002123 seconds
[2022-06-13T02:57:48.087+0000][1][safepoint    ] Application time: 0.0007663 seconds
[2022-06-13T02:57:48.087+0000][1][safepoint    ] Entering safepoint region: RevokeBias
[2022-06-13T02:57:48.087+0000][1][safepoint    ] Leaving safepoint region
[2022-06-13T02:57:48.087+0000][1][safepoint    ] Total time for which application threads were stopped: 0.0002584 seconds, Stopping threads took: 0.0001464 seconds
[2022-06-13T02:57:48.087+0000][1][safepoint    ] Application time: 0.0001195 seconds
[2022-06-13T02:57:48.087+0000][1][safepoint    ] Entering safepoint region: RevokeBias
[2022-06-13T02:57:48.087+0000][1][safepoint    ] Leaving safepoint region
[2022-06-13T02:57:48.088+0000][1][safepoint    ] Total time for which application threads were stopped: 0.0002005 seconds, Stopping threads took: 0.0000981 seconds
[2022-06-13T02:57:48.088+0000][1][safepoint    ] Application time: 0.0000608 seconds
[2022-06-13T02:57:48.088+0000][1][safepoint    ] Entering safepoint region: RevokeBias
[2022-06-13T02:57:48.088+0000][1][safepoint    ] Leaving safepoint region
[2022-06-13T02:57:48.088+0000][1][safepoint    ] Total time for which application threads were stopped: 0.0001925 seconds, Stopping threads took: 0.0000890 seconds
[2022-06-13T02:57:48.092+0000][1][safepoint    ] Application time: 0.0042185 seconds
[2022-06-13T02:57:48.093+0000][1][safepoint    ] Entering safepoint region: RevokeBias
[2022-06-13T02:57:48.093+0000][1][safepoint    ] Leaving safepoint region
[2022-06-13T02:57:48.093+0000][1][safepoint    ] Total time for which application threads were stopped: 0.0007479 seconds, Stopping threads took: 0.0003322 seconds
[2022-06-13T02:57:48.094+0000][1][safepoint    ] Application time: 0.0002081 seconds
[2022-06-13T02:57:48.094+0000][1][safepoint    ] Entering safepoint region: RevokeBias
[2022-06-13T02:57:48.094+0000][1][safepoint    ] Leaving safepoint region
[2022-06-13T02:57:48.095+0000][1][safepoint    ] Total time for which application threads were stopped: 0.0006793 seconds, Stopping threads took: 0.0004126 seconds
[2022-06-13T02:57:48.095+0000][1][safepoint    ] Application time: 0.0002166 seconds
[2022-06-13T02:57:48.095+0000][1][safepoint    ] Entering safepoint region: RevokeBias
[2022-06-13T02:57:48.095+0000][1][safepoint    ] Leaving safepoint region
[2022-06-13T02:57:48.096+0000][1][safepoint    ] Total time for which application threads were stopped: 0.0003771 seconds, Stopping threads took: 0.0001818 seconds
[2022-06-13T02:57:48.096+0000][1][safepoint    ] Application time: 0.0002615 seconds
[2022-06-13T02:57:48.096+0000][1][safepoint    ] Entering safepoint region: RevokeBias
[2022-06-13T02:57:48.097+0000][1][safepoint    ] Leaving safepoint region
[2022-06-13T02:57:48.097+0000][1][safepoint    ] Total time for which application threads were stopped: 0.0005775 seconds, Stopping threads took: 0.0003555 seconds
[2022-06-13T02:57:48.097+0000][1][safepoint    ] Application time: 0.0003578 seconds
[2022-06-13T02:57:48.098+0000][1][safepoint    ] Entering safepoint region: RevokeBias
[2022-06-13T02:57:48.098+0000][1][safepoint    ] Leaving safepoint region
[2022-06-13T02:57:48.099+0000][1][safepoint    ] Total time for which application threads were stopped: 0.0006624 seconds, Stopping threads took: 0.0004296 seconds
[2022-06-13T02:57:48.099+0000][1][safepoint    ] Application time: 0.0001534 seconds
[2022-06-13T02:57:48.099+0000][1][safepoint    ] Entering safepoint region: RevokeBias
[2022-06-13T02:57:48.100+0000][1][safepoint    ] Leaving safepoint region
[2022-06-13T02:57:48.100+0000][1][safepoint    ] Total time for which application threads were stopped: 0.0008691 seconds, Stopping threads took: 0.0006117 seconds
[2022-06-13T02:57:48.100+0000][1][safepoint    ] Application time: 0.0000852 seconds
[2022-06-13T02:57:48.101+0000][1][safepoint    ] Entering safepoint region: RevokeBias
[2022-06-13T02:57:48.101+0000][1][safepoint    ] Leaving safepoint region
[2022-06-13T02:57:48.101+0000][1][safepoint    ] Total time for which application threads were stopped: 0.0005297 seconds, Stopping threads took: 0.0002880 seconds
[2022-06-13T02:57:48.101+0000][1][safepoint    ] Application time: 0.0002436 seconds
[2022-06-13T02:57:48.102+0000][1][safepoint    ] Entering safepoint region: RevokeBias
[2022-06-13T02:57:48.102+0000][1][safepoint    ] Leaving safepoint region
[2022-06-13T02:57:48.102+0000][1][safepoint    ] Total time for which application threads were stopped: 0.0005248 seconds, Stopping threads took: 0.0002484 seconds
[2022-06-13T02:57:48.105+0000][1][safepoint    ] Application time: 0.0027275 seconds
[2022-06-13T02:57:48.105+0000][1][safepoint    ] Entering safepoint region: RevokeBias
[2022-06-13T02:57:48.105+0000][1][safepoint    ] Leaving safepoint region
[2022-06-13T02:57:48.106+0000][1][safepoint    ] Total time for which application threads were stopped: 0.0004915 seconds, Stopping threads took: 0.0002369 seconds
[2022-06-13T02:57:48.109+0000][1][safepoint    ] Application time: 0.0030037 seconds
[2022-06-13T02:57:48.109+0000][1][safepoint    ] Entering safepoint region: RevokeBias
[2022-06-13T02:57:48.110+0000][1][safepoint    ] Leaving safepoint region
[2022-06-13T02:57:48.110+0000][1][safepoint    ] Total time for which application threads were stopped: 0.0005612 seconds, Stopping threads took: 0.0003013 seconds
[2022-06-13T02:57:48.110+0000][1][safepoint    ] Application time: 0.0001303 seconds
[2022-06-13T02:57:48.111+0000][1][safepoint    ] Entering safepoint region: RevokeBias
[2022-06-13T02:57:48.111+0000][1][safepoint    ] Leaving safepoint region
[2022-06-13T02:57:48.111+0000][1][safepoint    ] Total time for which application threads were stopped: 0.0003828 seconds, Stopping threads took: 0.0001713 seconds
[2022-06-13T02:57:48.111+0000][1][safepoint    ] Application time: 0.0002907 seconds
[2022-06-13T02:57:48.112+0000][1][safepoint    ] Entering safepoint region: RevokeBias
[2022-06-13T02:57:48.112+0000][1][safepoint    ] Leaving safepoint region
[2022-06-13T02:57:48.112+0000][1][safepoint    ] Total time for which application threads were stopped: 0.0005484 seconds, Stopping threads took: 0.0002378 seconds
[2022-06-13T02:57:48.113+0000][1][safepoint    ] Application time: 0.0003842 seconds
[2022-06-13T02:57:48.113+0000][1][safepoint    ] Entering safepoint region: RevokeBias
[2022-06-13T02:57:48.113+0000][1][safepoint    ] Leaving safepoint region
[2022-06-13T02:57:48.113+0000][1][safepoint    ] Total time for which application threads were stopped: 0.0003353 seconds, Stopping threads took: 0.0001854 seconds
[2022-06-13T02:57:48.114+0000][1][safepoint    ] Application time: 0.0001040 seconds
[2022-06-13T02:57:48.114+0000][1][safepoint    ] Entering safepoint region: RevokeBias
[2022-06-13T02:57:48.114+0000][1][safepoint    ] Leaving safepoint region
[2022-06-13T02:57:48.114+0000][1][safepoint    ] Total time for which application threads were stopped: 0.0003861 seconds, Stopping threads took: 0.0001565 seconds
[2022-06-13T02:57:48.568+0000][1][safepoint    ] Application time: 0.4541334 seconds
[2022-06-13T02:57:48.569+0000][1][safepoint    ] Entering safepoint region: RevokeBias
[2022-06-13T02:57:48.569+0000][1][safepoint    ] Leaving safepoint region
[2022-06-13T02:57:48.570+0000][1][safepoint    ] Total time for which application threads were stopped: 0.0010879 seconds, Stopping threads took: 0.0004607 seconds
[2022-06-13T02:57:48.571+0000][1][safepoint    ] Application time: 0.0002383 seconds
[2022-06-13T02:57:48.571+0000][1][safepoint    ] Entering safepoint region: RevokeBias
[2022-06-13T02:57:48.572+0000][1][safepoint    ] Leaving safepoint region
[2022-06-13T02:57:48.572+0000][1][safepoint    ] Total time for which application threads were stopped: 0.0010122 seconds, Stopping threads took: 0.0005863 seconds
[2022-06-13T02:57:48.573+0000][1][safepoint    ] Application time: 0.0001751 seconds
[2022-06-13T02:57:48.573+0000][1][safepoint    ] Entering safepoint region: RevokeBias
[2022-06-13T02:57:48.574+0000][1][safepoint    ] Leaving safepoint region
[2022-06-13T02:57:48.574+0000][1][safepoint    ] Total time for which application threads were stopped: 0.0007767 seconds, Stopping threads took: 0.0003895 seconds
[2022-06-13T02:57:48.575+0000][1][safepoint    ] Application time: 0.0001866 seconds
[2022-06-13T02:57:48.575+0000][1][safepoint    ] Entering safepoint region: RevokeBias
[2022-06-13T02:57:48.576+0000][1][safepoint    ] Leaving safepoint region
[2022-06-13T02:57:48.576+0000][1][safepoint    ] Total time for which application threads were stopped: 0.0007507 seconds, Stopping threads took: 0.0004399 seconds
[2022-06-13T02:57:48.576+0000][1][safepoint    ] Application time: 0.0001854 seconds
[2022-06-13T02:57:48.577+0000][1][safepoint    ] Entering safepoint region: RevokeBias
[2022-06-13T02:57:48.577+0000][1][safepoint    ] Leaving safepoint region
[2022-06-13T02:57:48.578+0000][1][safepoint    ] Total time for which application threads were stopped: 0.0007492 seconds, Stopping threads took: 0.0003299 seconds
[2022-06-13T02:57:48.578+0000][1][safepoint    ] Application time: 0.0001532 seconds
[2022-06-13T02:57:48.579+0000][1][safepoint    ] Entering safepoint region: RevokeBias
[2022-06-13T02:57:48.579+0000][1][safepoint    ] Leaving safepoint region
[2022-06-13T02:57:48.580+0000][1][safepoint    ] Total time for which application threads were stopped: 0.0007569 seconds, Stopping threads took: 0.0003840 seconds
[2022-06-13T02:57:48.580+0000][1][safepoint    ] Application time: 0.0002100 seconds
[2022-06-13T02:57:48.581+0000][1][safepoint    ] Entering safepoint region: RevokeBias
[2022-06-13T02:57:48.581+0000][1][safepoint    ] Leaving safepoint region
[2022-06-13T02:57:48.581+0000][1][safepoint    ] Total time for which application threads were stopped: 0.0005671 seconds, Stopping threads took: 0.0002869 seconds
[2022-06-13T02:57:48.582+0000][1][safepoint    ] Application time: 0.0000973 seconds
[2022-06-13T02:57:48.582+0000][1][safepoint    ] Entering safepoint region: RevokeBias
[2022-06-13T02:57:48.582+0000][1][safepoint    ] Leaving safepoint region
[2022-06-13T02:57:48.582+0000][1][safepoint    ] Total time for which application threads were stopped: 0.0003079 seconds, Stopping threads took: 0.0001514 seconds
[2022-06-13T02:57:49.622+0000][1][safepoint    ] Application time: 1.0397190 seconds
[2022-06-13T02:57:49.623+0000][1][safepoint    ] Entering safepoint region: RevokeBias
[2022-06-13T02:57:49.623+0000][1][safepoint    ] Leaving safepoint region
[2022-06-13T02:57:49.624+0000][1][safepoint    ] Total time for which application threads were stopped: 0.0010834 seconds, Stopping threads took: 0.0004279 seconds
[2022-06-13T02:57:52.625+0000][1][safepoint    ] Application time: 3.0006027 seconds
[2022-06-13T02:57:52.625+0000][1][safepoint    ] Entering safepoint region: Cleanup
[2022-06-13T02:57:52.626+0000][1][safepoint    ] Leaving safepoint region
[2022-06-13T02:57:52.626+0000][1][safepoint    ] Total time for which application threads were stopped: 0.0006797 seconds, Stopping threads took: 0.0002773 seconds
[2022-06-13T02:57:55.627+0000][1][safepoint    ] Application time: 3.0005127 seconds
[2022-06-13T02:57:55.627+0000][1][safepoint    ] Entering safepoint region: Cleanup
[2022-06-13T02:57:55.628+0000][1][safepoint    ] Leaving safepoint region
[2022-06-13T02:57:55.628+0000][1][safepoint    ] Total time for which application threads were stopped: 0.0006322 seconds, Stopping threads took: 0.0002708 seconds
[2022-06-13T02:57:56.567+0000][1][safepoint    ] Application time: 0.9389283 seconds
[2022-06-13T02:57:56.568+0000][1][safepoint    ] Entering safepoint region: RevokeBias
[2022-06-13T02:57:56.568+0000][1][safepoint    ] Leaving safepoint region
[2022-06-13T02:57:56.568+0000][1][safepoint    ] Total time for which application threads were stopped: 0.0007864 seconds, Stopping threads took: 0.0003603 seconds
[2022-06-13T02:57:56.569+0000][1][safepoint    ] Application time: 0.0001571 seconds
[2022-06-13T02:57:56.569+0000][1][safepoint    ] Entering safepoint region: RevokeBias
[2022-06-13T02:57:56.569+0000][1][safepoint    ] Leaving safepoint region
[2022-06-13T02:57:56.570+0000][1][safepoint    ] Total time for which application threads were stopped: 0.0006837 seconds, Stopping threads took: 0.0002866 seconds
[2022-06-13T02:57:57.570+0000][1][safepoint    ] Application time: 1.0001083 seconds
[2022-06-13T02:57:57.571+0000][1][safepoint    ] Entering safepoint region: Cleanup
[2022-06-13T02:57:57.571+0000][1][safepoint    ] Leaving safepoint region
[2022-06-13T02:57:57.572+0000][1][safepoint    ] Total time for which application threads were stopped: 0.0005826 seconds, Stopping threads took: 0.0002238 seconds
[2022-06-13T02:58:03.573+0000][1][safepoint    ] Application time: 6.0011459 seconds
[2022-06-13T02:58:03.573+0000][1][safepoint    ] Entering safepoint region: Cleanup
[2022-06-13T02:58:03.574+0000][1][safepoint    ] Leaving safepoint region
[2022-06-13T02:58:03.574+0000][1][safepoint    ] Total time for which application threads were stopped: 0.0005394 seconds, Stopping threads took: 0.0002357 seconds
[2022-06-13T02:58:05.574+0000][1][safepoint    ] Application time: 2.0003688 seconds
[2022-06-13T02:58:05.575+0000][1][safepoint    ] Entering safepoint region: Cleanup
[2022-06-13T02:58:05.575+0000][1][safepoint    ] Leaving safepoint region
[2022-06-13T02:58:05.575+0000][1][safepoint    ] Total time for which application threads were stopped: 0.0002866 seconds, Stopping threads took: 0.0001413 seconds
[2022-06-13T02:58:09.576+0000][1][safepoint    ] Application time: 4.0009522 seconds
[2022-06-13T02:58:09.577+0000][1][safepoint    ] Entering safepoint region: Cleanup
[2022-06-13T02:58:09.578+0000][1][safepoint    ] Leaving safepoint region
[2022-06-13T02:58:09.578+0000][1][safepoint    ] Total time for which application threads were stopped: 0.0013692 seconds, Stopping threads took: 0.0006865 seconds
[2022-06-13T02:58:13.580+0000][1][safepoint    ] Application time: 4.0006897 seconds
[2022-06-13T02:58:13.580+0000][1][safepoint    ] Entering safepoint region: Cleanup
[2022-06-13T02:58:13.580+0000][1][safepoint    ] Leaving safepoint region
[2022-06-13T02:58:13.581+0000][1][safepoint    ] Total time for which application threads were stopped: 0.0005828 seconds, Stopping threads took: 0.0002203 seconds
[2022-06-13T02:58:18.582+0000][1][safepoint    ] Application time: 5.0010545 seconds
[2022-06-13T02:58:18.582+0000][1][safepoint    ] Entering safepoint region: Cleanup
[2022-06-13T02:58:18.583+0000][1][safepoint    ] Leaving safepoint region
[2022-06-13T02:58:18.583+0000][1][safepoint    ] Total time for which application threads were stopped: 0.0009389 seconds, Stopping threads took: 0.0004587 seconds
[2022-06-13T02:58:28.586+0000][1][safepoint    ] Application time: 10.0017667 seconds
[2022-06-13T02:58:28.586+0000][1][safepoint    ] Entering safepoint region: Cleanup
[2022-06-13T02:58:28.587+0000][1][safepoint    ] Leaving safepoint region
[2022-06-13T02:58:28.587+0000][1][safepoint    ] Total time for which application threads were stopped: 0.0007695 seconds, Stopping threads took: 0.0003739 seconds
[2022-06-13T02:58:29.588+0000][1][safepoint    ] Application time: 1.0002439 seconds
[2022-06-13T02:58:29.588+0000][1][safepoint    ] Entering safepoint region: Cleanup
[2022-06-13T02:58:29.589+0000][1][safepoint    ] Leaving safepoint region
[2022-06-13T02:58:29.589+0000][1][safepoint    ] Total time for which application threads were stopped: 0.0005921 seconds, Stopping threads took: 0.0002814 seconds
[2022-06-13T02:58:30.589+0000][1][safepoint    ] Application time: 1.0001586 seconds
[2022-06-13T02:58:30.590+0000][1][safepoint    ] Entering safepoint region: Cleanup
[2022-06-13T02:58:30.590+0000][1][safepoint    ] Leaving safepoint region
[2022-06-13T02:58:30.590+0000][1][safepoint    ] Total time for which application threads were stopped: 0.0006586 seconds, Stopping threads took: 0.0002957 seconds
[2022-06-13T02:58:33.591+0000][1][safepoint    ] Application time: 3.0007770 seconds
[2022-06-13T02:58:33.592+0000][1][safepoint    ] Entering safepoint region: Cleanup
[2022-06-13T02:58:33.593+0000][1][safepoint    ] Leaving safepoint region
[2022-06-13T02:58:33.593+0000][1][safepoint    ] Total time for which application threads were stopped: 0.0011045 seconds, Stopping threads took: 0.0004906 seconds
[2022-06-13T02:58:42.745+0000][1][safepoint    ] Application time: 9.1515942 seconds
[2022-06-13T02:58:42.746+0000][1][safepoint    ] Entering safepoint region: RevokeBias
[2022-06-13T02:58:42.746+0000][1][safepoint    ] Leaving safepoint region
[2022-06-13T02:58:42.747+0000][1][safepoint    ] Total time for which application threads were stopped: 0.0010259 seconds, Stopping threads took: 0.0004655 seconds
[2022-06-13T02:58:44.748+0000][1][safepoint    ] Application time: 2.0004555 seconds
[2022-06-13T02:58:44.748+0000][1][safepoint    ] Entering safepoint region: Cleanup
[2022-06-13T02:58:44.748+0000][1][safepoint    ] Leaving safepoint region
[2022-06-13T02:58:44.749+0000][1][safepoint    ] Total time for which application threads were stopped: 0.0006343 seconds, Stopping threads took: 0.0003063 seconds
[2022-06-13T02:58:48.750+0000][1][safepoint    ] Application time: 4.0007119 seconds
[2022-06-13T02:58:48.750+0000][1][safepoint    ] Entering safepoint region: Cleanup
[2022-06-13T02:58:48.750+0000][1][safepoint    ] Leaving safepoint region
[2022-06-13T02:58:48.750+0000][1][safepoint    ] Total time for which application threads were stopped: 0.0002778 seconds, Stopping threads took: 0.0001297 seconds
[2022-06-13T02:58:56.752+0000][1][safepoint    ] Application time: 8.0018439 seconds
[2022-06-13T02:58:56.753+0000][1][safepoint    ] Entering safepoint region: Cleanup
[2022-06-13T02:58:56.754+0000][1][safepoint    ] Leaving safepoint region
[2022-06-13T02:58:56.755+0000][1][safepoint    ] Total time for which application threads were stopped: 0.0014170 seconds, Stopping threads took: 0.0005922 seconds
[2022-06-13T02:58:57.755+0000][1][safepoint    ] Application time: 1.0002320 seconds
[2022-06-13T02:58:57.756+0000][1][safepoint    ] Entering safepoint region: Cleanup
[2022-06-13T02:58:57.756+0000][1][safepoint    ] Leaving safepoint region
[2022-06-13T02:58:57.757+0000][1][safepoint    ] Total time for which application threads were stopped: 0.0006458 seconds, Stopping threads took: 0.0003155 seconds
[2022-06-13T02:58:58.757+0000][1][safepoint    ] Application time: 1.0003189 seconds
[2022-06-13T02:58:58.758+0000][1][safepoint    ] Entering safepoint region: Cleanup
[2022-06-13T02:58:58.759+0000][1][safepoint    ] Leaving safepoint region
[2022-06-13T02:58:58.759+0000][1][safepoint    ] Total time for which application threads were stopped: 0.0012040 seconds, Stopping threads took: 0.0005195 seconds
[2022-06-13T02:59:01.761+0000][1][safepoint    ] Application time: 3.0005670 seconds
[2022-06-13T02:59:01.761+0000][1][safepoint    ] Entering safepoint region: Cleanup
[2022-06-13T02:59:01.762+0000][1][safepoint    ] Leaving safepoint region
[2022-06-13T02:59:01.762+0000][1][safepoint    ] Total time for which application threads were stopped: 0.0011492 seconds, Stopping threads took: 0.0005919 seconds
[2022-06-13T02:59:02.763+0000][1][safepoint    ] Application time: 1.0002533 seconds
[2022-06-13T02:59:02.764+0000][1][safepoint    ] Entering safepoint region: Cleanup
[2022-06-13T02:59:02.764+0000][1][safepoint    ] Leaving safepoint region
[2022-06-13T02:59:02.764+0000][1][safepoint    ] Total time for which application threads were stopped: 0.0006233 seconds, Stopping threads took: 0.0002908 seconds
[2022-06-13T02:59:06.765+0000][1][safepoint    ] Application time: 4.0007683 seconds
[2022-06-13T02:59:06.766+0000][1][safepoint    ] Entering safepoint region: Cleanup
[2022-06-13T02:59:06.766+0000][1][safepoint    ] Leaving safepoint region
[2022-06-13T02:59:06.766+0000][1][safepoint    ] Total time for which application threads were stopped: 0.0005044 seconds, Stopping threads took: 0.0002393 seconds
[2022-06-13T02:59:07.767+0000][1][safepoint    ] Application time: 1.0002164 seconds
[2022-06-13T02:59:07.767+0000][1][safepoint    ] Entering safepoint region: Cleanup
[2022-06-13T02:59:07.767+0000][1][safepoint    ] Leaving safepoint region
[2022-06-13T02:59:07.768+0000][1][safepoint    ] Total time for which application threads were stopped: 0.0007373 seconds, Stopping threads took: 0.0003617 seconds
[2022-06-13T02:59:32.645+0000][1][safepoint    ] Application time: 24.8768390 seconds
[2022-06-13T02:59:32.645+0000][1][safepoint    ] Entering safepoint region: GenCollectForAllocation
[2022-06-13T02:59:32.645+0000][1][gc,start     ] GC(22) Pause Young (Allocation Failure)
[2022-06-13T02:59:32.646+0000][1][gc,task      ] GC(22) Using 5 workers of 13 for evacuation
[2022-06-13T02:59:32.652+0000][1][gc,age       ] GC(22) Desired survivor size 4456448 bytes, new threshold 2 (max threshold 6)
[2022-06-13T02:59:32.652+0000][1][gc,age       ] GC(22) Age table with threshold 2 (max threshold 6)
[2022-06-13T02:59:32.652+0000][1][gc,age       ] GC(22) - age   1:    1103168 bytes,    1103168 total
[2022-06-13T02:59:32.652+0000][1][gc,age       ] GC(22) - age   2:    3966520 bytes,    5069688 total
[2022-06-13T02:59:32.652+0000][1][gc,heap      ] GC(22) ParNew: 78656K->7348K(78656K)
[2022-06-13T02:59:32.652+0000][1][gc,heap      ] GC(22) CMS: 62295K->63747K(174784K)
[2022-06-13T02:59:32.653+0000][1][gc,metaspace ] GC(22) Metaspace: 64769K->64769K(1107968K)
[2022-06-13T02:59:32.653+0000][1][gc           ] GC(22) Pause Young (Allocation Failure) 137M->69M(247M) 7.332ms
[2022-06-13T02:59:32.653+0000][1][gc,cpu       ] GC(22) User=0.03s Sys=0.00s Real=0.01s
[2022-06-13T02:59:32.653+0000][1][safepoint    ] Leaving safepoint region
[2022-06-13T02:59:32.653+0000][1][safepoint    ] Total time for which application threads were stopped: 0.0081376 seconds, Stopping threads took: 0.0002161 seconds
[2022-06-13T02:59:35.654+0000][1][safepoint    ] Application time: 3.0005455 seconds
[2022-06-13T02:59:35.655+0000][1][safepoint    ] Entering safepoint region: Cleanup
[2022-06-13T02:59:35.655+0000][1][safepoint    ] Leaving safepoint region
[2022-06-13T02:59:35.656+0000][1][safepoint    ] Total time for which application threads were stopped: 0.0008489 seconds, Stopping threads took: 0.0004440 seconds
[2022-06-13T02:59:36.656+0000][1][safepoint    ] Application time: 1.0002712 seconds
[2022-06-13T02:59:36.657+0000][1][safepoint    ] Entering safepoint region: Cleanup
[2022-06-13T02:59:36.657+0000][1][safepoint    ] Leaving safepoint region
[2022-06-13T02:59:36.658+0000][1][safepoint    ] Total time for which application threads were stopped: 0.0005296 seconds, Stopping threads took: 0.0002737 seconds
[2022-06-13T02:59:41.659+0000][1][safepoint    ] Application time: 5.0008956 seconds
[2022-06-13T02:59:41.660+0000][1][safepoint    ] Entering safepoint region: Cleanup
[2022-06-13T02:59:41.660+0000][1][safepoint    ] Leaving safepoint region
[2022-06-13T02:59:41.661+0000][1][safepoint    ] Total time for which application threads were stopped: 0.0016077 seconds, Stopping threads took: 0.0007852 seconds
[2022-06-13T02:59:44.662+0000][1][safepoint    ] Application time: 3.0005470 seconds
[2022-06-13T02:59:44.663+0000][1][safepoint    ] Entering safepoint region: Cleanup
[2022-06-13T02:59:44.663+0000][1][safepoint    ] Leaving safepoint region
[2022-06-13T02:59:44.663+0000][1][safepoint    ] Total time for which application threads were stopped: 0.0003693 seconds, Stopping threads took: 0.0001967 seconds
[2022-06-13T02:59:46.664+0000][1][safepoint    ] Application time: 2.0003781 seconds
[2022-06-13T02:59:46.664+0000][1][safepoint    ] Entering safepoint region: Cleanup
[2022-06-13T02:59:46.665+0000][1][safepoint    ] Leaving safepoint region
[2022-06-13T02:59:46.665+0000][1][safepoint    ] Total time for which application threads were stopped: 0.0010191 seconds, Stopping threads took: 0.0004900 seconds
[2022-06-13T02:59:47.666+0000][1][safepoint    ] Application time: 1.0002101 seconds
[2022-06-13T02:59:47.666+0000][1][safepoint    ] Entering safepoint region: Cleanup
[2022-06-13T02:59:47.666+0000][1][safepoint    ] Leaving safepoint region
[2022-06-13T02:59:47.667+0000][1][safepoint    ] Total time for which application threads were stopped: 0.0007839 seconds, Stopping threads took: 0.0003915 seconds
[2022-06-13T02:59:48.667+0000][1][safepoint    ] Application time: 1.0001591 seconds
[2022-06-13T02:59:48.668+0000][1][safepoint    ] Entering safepoint region: Cleanup
[2022-06-13T02:59:48.668+0000][1][safepoint    ] Leaving safepoint region
[2022-06-13T02:59:48.668+0000][1][safepoint    ] Total time for which application threads were stopped: 0.0006830 seconds, Stopping threads took: 0.0003501 seconds
[2022-06-13T02:59:55.670+0000][1][safepoint    ] Application time: 7.0013209 seconds
[2022-06-13T02:59:55.670+0000][1][safepoint    ] Entering safepoint region: Cleanup
[2022-06-13T02:59:55.671+0000][1][safepoint    ] Leaving safepoint region
[2022-06-13T02:59:55.671+0000][1][safepoint    ] Total time for which application threads were stopped: 0.0003960 seconds, Stopping threads took: 0.0001980 seconds
[2022-06-13T03:00:03.681+0000][1][safepoint    ] Application time: 8.0104703 seconds
[2022-06-13T03:00:03.682+0000][1][safepoint    ] Entering safepoint region: Cleanup
[2022-06-13T03:00:03.682+0000][1][safepoint    ] Leaving safepoint region
[2022-06-13T03:00:03.683+0000][1][safepoint    ] Total time for which application threads were stopped: 0.0006498 seconds, Stopping threads took: 0.0003711 seconds
[2022-06-13T03:00:13.682+0000][1][safepoint    ] Application time: 9.9987952 seconds
[2022-06-13T03:00:13.682+0000][1][safepoint    ] Entering safepoint region: Cleanup
[2022-06-13T03:00:13.682+0000][1][safepoint    ] Leaving safepoint region
[2022-06-13T03:00:13.682+0000][1][safepoint    ] Total time for which application threads were stopped: 0.0004454 seconds, Stopping threads took: 0.0002153 seconds
[2022-06-13T03:00:18.683+0000][1][safepoint    ] Application time: 5.0009668 seconds
[2022-06-13T03:00:18.684+0000][1][safepoint    ] Entering safepoint region: Cleanup
[2022-06-13T03:00:18.684+0000][1][safepoint    ] Leaving safepoint region
[2022-06-13T03:00:18.685+0000][1][safepoint    ] Total time for which application threads were stopped: 0.0007781 seconds, Stopping threads took: 0.0003007 seconds
[2022-06-13T03:00:20.686+0000][1][safepoint    ] Application time: 2.0004040 seconds
[2022-06-13T03:00:20.687+0000][1][safepoint    ] Entering safepoint region: Cleanup
[2022-06-13T03:00:20.687+0000][1][safepoint    ] Leaving safepoint region
[2022-06-13T03:00:20.688+0000][1][safepoint    ] Total time for which application threads were stopped: 0.0010877 seconds, Stopping threads took: 0.0004458 seconds
[2022-06-13T03:00:29.136+0000][1][safepoint    ] Application time: 8.4480631 seconds
[2022-06-13T03:00:29.137+0000][1][safepoint    ] Entering safepoint region: RevokeBias
[2022-06-13T03:00:29.137+0000][1][safepoint    ] Leaving safepoint region
[2022-06-13T03:00:29.137+0000][1][safepoint    ] Total time for which application threads were stopped: 0.0007592 seconds, Stopping threads took: 0.0002361 seconds
[2022-06-13T03:00:29.138+0000][1][safepoint    ] Application time: 0.0001036 seconds
[2022-06-13T03:00:29.138+0000][1][safepoint    ] Entering safepoint region: RevokeBias
[2022-06-13T03:00:29.138+0000][1][safepoint    ] Leaving safepoint region
[2022-06-13T03:00:29.138+0000][1][safepoint    ] Total time for which application threads were stopped: 0.0002747 seconds, Stopping threads took: 0.0001400 seconds
[2022-06-13T03:00:29.139+0000][1][safepoint    ] Application time: 0.0004160 seconds
[2022-06-13T03:00:29.139+0000][1][safepoint    ] Entering safepoint region: RevokeBias
[2022-06-13T03:00:29.139+0000][1][safepoint    ] Leaving safepoint region
[2022-06-13T03:00:29.139+0000][1][safepoint    ] Total time for which application threads were stopped: 0.0002512 seconds, Stopping threads took: 0.0001230 seconds
[2022-06-13T03:00:29.139+0000][1][safepoint    ] Application time: 0.0001874 seconds
[2022-06-13T03:00:29.139+0000][1][safepoint    ] Entering safepoint region: RevokeBias
[2022-06-13T03:00:29.140+0000][1][safepoint    ] Leaving safepoint region
[2022-06-13T03:00:29.140+0000][1][safepoint    ] Total time for which application threads were stopped: 0.0002623 seconds, Stopping threads took: 0.0001510 seconds
[2022-06-13T03:00:29.140+0000][1][safepoint    ] Application time: 0.0002945 seconds
[2022-06-13T03:00:29.140+0000][1][safepoint    ] Entering safepoint region: RevokeBias
[2022-06-13T03:00:29.140+0000][1][safepoint    ] Leaving safepoint region
[2022-06-13T03:00:29.140+0000][1][safepoint    ] Total time for which application threads were stopped: 0.0001988 seconds, Stopping threads took: 0.0000892 seconds
[2022-06-13T03:00:29.141+0000][1][safepoint    ] Application time: 0.0005979 seconds
[2022-06-13T03:00:29.141+0000][1][safepoint    ] Entering safepoint region: RevokeBias
[2022-06-13T03:00:29.141+0000][1][safepoint    ] Leaving safepoint region
[2022-06-13T03:00:29.141+0000][1][safepoint    ] Total time for which application threads were stopped: 0.0002351 seconds, Stopping threads took: 0.0001312 seconds
[2022-06-13T03:00:29.142+0000][1][safepoint    ] Application time: 0.0007248 seconds
[2022-06-13T03:00:29.142+0000][1][safepoint    ] Entering safepoint region: RevokeBias
[2022-06-13T03:00:29.142+0000][1][safepoint    ] Leaving safepoint region
[2022-06-13T03:00:29.143+0000][1][safepoint    ] Total time for which application threads were stopped: 0.0002245 seconds, Stopping threads took: 0.0000852 seconds
[2022-06-13T03:00:29.143+0000][1][safepoint    ] Application time: 0.0001232 seconds
[2022-06-13T03:00:29.143+0000][1][safepoint    ] Entering safepoint region: RevokeBias
[2022-06-13T03:00:29.143+0000][1][safepoint    ] Leaving safepoint region
[2022-06-13T03:00:29.143+0000][1][safepoint    ] Total time for which application threads were stopped: 0.0002025 seconds, Stopping threads took: 0.0001003 seconds
[2022-06-13T03:00:29.143+0000][1][safepoint    ] Application time: 0.0001326 seconds
[2022-06-13T03:00:29.143+0000][1][safepoint    ] Entering safepoint region: RevokeBias
[2022-06-13T03:00:29.143+0000][1][safepoint    ] Leaving safepoint region
[2022-06-13T03:00:29.144+0000][1][safepoint    ] Total time for which application threads were stopped: 0.0002001 seconds, Stopping threads took: 0.0001040 seconds
[2022-06-13T03:00:29.144+0000][1][safepoint    ] Application time: 0.0001323 seconds
[2022-06-13T03:00:29.144+0000][1][safepoint    ] Entering safepoint region: RevokeBias
[2022-06-13T03:00:29.144+0000][1][safepoint    ] Leaving safepoint region
[2022-06-13T03:00:29.144+0000][1][safepoint    ] Total time for which application threads were stopped: 0.0002109 seconds, Stopping threads took: 0.0000887 seconds
[2022-06-13T03:00:29.144+0000][1][safepoint    ] Application time: 0.0001146 seconds
[2022-06-13T03:00:29.144+0000][1][safepoint    ] Entering safepoint region: RevokeBias
[2022-06-13T03:00:29.145+0000][1][safepoint    ] Leaving safepoint region
[2022-06-13T03:00:29.145+0000][1][safepoint    ] Total time for which application threads were stopped: 0.0002364 seconds, Stopping threads took: 0.0001043 seconds
[2022-06-13T03:00:29.145+0000][1][safepoint    ] Application time: 0.0000874 seconds
[2022-06-13T03:00:29.145+0000][1][safepoint    ] Entering safepoint region: RevokeBias
[2022-06-13T03:00:29.145+0000][1][safepoint    ] Leaving safepoint region
[2022-06-13T03:00:29.145+0000][1][safepoint    ] Total time for which application threads were stopped: 0.0001966 seconds, Stopping threads took: 0.0000954 seconds
[2022-06-13T03:00:29.145+0000][1][safepoint    ] Application time: 0.0001417 seconds
[2022-06-13T03:00:29.145+0000][1][safepoint    ] Entering safepoint region: RevokeBias
[2022-06-13T03:00:29.145+0000][1][safepoint    ] Leaving safepoint region
[2022-06-13T03:00:29.146+0000][1][safepoint    ] Total time for which application threads were stopped: 0.0001920 seconds, Stopping threads took: 0.0000895 seconds
[2022-06-13T03:00:29.146+0000][1][safepoint    ] Application time: 0.0000913 seconds
[2022-06-13T03:00:29.146+0000][1][safepoint    ] Entering safepoint region: RevokeBias
[2022-06-13T03:00:29.146+0000][1][safepoint    ] Leaving safepoint region
[2022-06-13T03:00:29.146+0000][1][safepoint    ] Total time for which application threads were stopped: 0.0002760 seconds, Stopping threads took: 0.0001400 seconds
[2022-06-13T03:00:29.146+0000][1][safepoint    ] Application time: 0.0001800 seconds
[2022-06-13T03:00:29.147+0000][1][safepoint    ] Entering safepoint region: BulkRevokeBias
[2022-06-13T03:00:29.147+0000][1][safepoint    ] Leaving safepoint region
[2022-06-13T03:00:29.147+0000][1][safepoint    ] Total time for which application threads were stopped: 0.0005015 seconds, Stopping threads took: 0.0001055 seconds
[2022-06-13T03:00:29.147+0000][1][safepoint    ] Application time: 0.0001403 seconds
[2022-06-13T03:00:29.147+0000][1][safepoint    ] Entering safepoint region: RevokeBias
[2022-06-13T03:00:29.148+0000][1][safepoint    ] Leaving safepoint region
[2022-06-13T03:00:29.148+0000][1][safepoint    ] Total time for which application threads were stopped: 0.0002327 seconds, Stopping threads took: 0.0000985 seconds
[2022-06-13T03:00:29.148+0000][1][safepoint    ] Application time: 0.0001191 seconds
[2022-06-13T03:00:29.148+0000][1][safepoint    ] Entering safepoint region: RevokeBias
[2022-06-13T03:00:29.148+0000][1][safepoint    ] Leaving safepoint region
[2022-06-13T03:00:29.148+0000][1][safepoint    ] Total time for which application threads were stopped: 0.0002211 seconds, Stopping threads took: 0.0001069 seconds
[2022-06-13T03:00:29.149+0000][1][safepoint    ] Application time: 0.0003123 seconds
[2022-06-13T03:00:29.149+0000][1][safepoint    ] Entering safepoint region: RevokeBias
[2022-06-13T03:00:29.149+0000][1][safepoint    ] Leaving safepoint region
[2022-06-13T03:00:29.149+0000][1][safepoint    ] Total time for which application threads were stopped: 0.0002630 seconds, Stopping threads took: 0.0001421 seconds
[2022-06-13T03:00:29.150+0000][1][safepoint    ] Application time: 0.0004782 seconds
[2022-06-13T03:00:29.150+0000][1][safepoint    ] Entering safepoint region: RevokeBias
[2022-06-13T03:00:29.150+0000][1][safepoint    ] Leaving safepoint region
[2022-06-13T03:00:29.150+0000][1][safepoint    ] Total time for which application threads were stopped: 0.0003411 seconds, Stopping threads took: 0.0001189 seconds
[2022-06-13T03:00:29.150+0000][1][safepoint    ] Application time: 0.0001231 seconds
[2022-06-13T03:00:29.151+0000][1][safepoint    ] Entering safepoint region: RevokeBias
[2022-06-13T03:00:29.151+0000][1][safepoint    ] Leaving safepoint region
[2022-06-13T03:00:29.151+0000][1][safepoint    ] Total time for which application threads were stopped: 0.0004559 seconds, Stopping threads took: 0.0001754 seconds
[2022-06-13T03:00:29.152+0000][1][safepoint    ] Application time: 0.0003605 seconds
[2022-06-13T03:00:29.152+0000][1][safepoint    ] Entering safepoint region: RevokeBias
[2022-06-13T03:00:29.152+0000][1][safepoint    ] Leaving safepoint region
[2022-06-13T03:00:29.152+0000][1][safepoint    ] Total time for which application threads were stopped: 0.0002080 seconds, Stopping threads took: 0.0000932 seconds
[2022-06-13T03:00:29.153+0000][1][safepoint    ] Application time: 0.0002305 seconds
[2022-06-13T03:00:29.153+0000][1][safepoint    ] Entering safepoint region: RevokeBias
[2022-06-13T03:00:29.153+0000][1][safepoint    ] Leaving safepoint region
[2022-06-13T03:00:29.153+0000][1][safepoint    ] Total time for which application threads were stopped: 0.0002219 seconds, Stopping threads took: 0.0001056 seconds
[2022-06-13T03:00:29.153+0000][1][safepoint    ] Application time: 0.0003023 seconds
[2022-06-13T03:00:29.153+0000][1][safepoint    ] Entering safepoint region: RevokeBias
[2022-06-13T03:00:29.154+0000][1][safepoint    ] Leaving safepoint region
[2022-06-13T03:00:29.154+0000][1][safepoint    ] Total time for which application threads were stopped: 0.0004310 seconds, Stopping threads took: 0.0001385 seconds
[2022-06-13T03:00:29.154+0000][1][safepoint    ] Application time: 0.0001258 seconds
[2022-06-13T03:00:29.154+0000][1][safepoint    ] Entering safepoint region: RevokeBias
[2022-06-13T03:00:29.154+0000][1][safepoint    ] Leaving safepoint region
[2022-06-13T03:00:29.155+0000][1][safepoint    ] Total time for which application threads were stopped: 0.0003378 seconds, Stopping threads took: 0.0001164 seconds
[2022-06-13T03:00:29.155+0000][1][safepoint    ] Application time: 0.0003015 seconds
[2022-06-13T03:00:29.155+0000][1][safepoint    ] Entering safepoint region: RevokeBias
[2022-06-13T03:00:29.155+0000][1][safepoint    ] Leaving safepoint region
[2022-06-13T03:00:29.155+0000][1][safepoint    ] Total time for which application threads were stopped: 0.0002743 seconds, Stopping threads took: 0.0001366 seconds
[2022-06-13T03:00:29.156+0000][1][safepoint    ] Application time: 0.0003270 seconds
[2022-06-13T03:00:29.156+0000][1][safepoint    ] Entering safepoint region: RevokeBias
[2022-06-13T03:00:29.156+0000][1][safepoint    ] Leaving safepoint region
[2022-06-13T03:00:29.156+0000][1][safepoint    ] Total time for which application threads were stopped: 0.0002587 seconds, Stopping threads took: 0.0001286 seconds
[2022-06-13T03:00:29.157+0000][1][safepoint    ] Application time: 0.0002021 seconds
[2022-06-13T03:00:29.157+0000][1][safepoint    ] Entering safepoint region: RevokeBias
[2022-06-13T03:00:29.157+0000][1][safepoint    ] Leaving safepoint region
[2022-06-13T03:00:29.157+0000][1][safepoint    ] Total time for which application threads were stopped: 0.0002412 seconds, Stopping threads took: 0.0001249 seconds
[2022-06-13T03:00:29.157+0000][1][safepoint    ] Application time: 0.0000902 seconds
[2022-06-13T03:00:29.157+0000][1][safepoint    ] Entering safepoint region: RevokeBias
[2022-06-13T03:00:29.157+0000][1][safepoint    ] Leaving safepoint region
[2022-06-13T03:00:29.157+0000][1][safepoint    ] Total time for which application threads were stopped: 0.0002353 seconds, Stopping threads took: 0.0001173 seconds
[2022-06-13T03:00:29.158+0000][1][safepoint    ] Application time: 0.0001437 seconds
[2022-06-13T03:00:29.158+0000][1][safepoint    ] Entering safepoint region: RevokeBias
[2022-06-13T03:00:29.158+0000][1][safepoint    ] Leaving safepoint region
[2022-06-13T03:00:29.158+0000][1][safepoint    ] Total time for which application threads were stopped: 0.0002376 seconds, Stopping threads took: 0.0001195 seconds
[2022-06-13T03:00:29.158+0000][1][safepoint    ] Application time: 0.0001463 seconds
[2022-06-13T03:00:29.158+0000][1][safepoint    ] Entering safepoint region: RevokeBias
[2022-06-13T03:00:29.159+0000][1][safepoint    ] Leaving safepoint region
[2022-06-13T03:00:29.159+0000][1][safepoint    ] Total time for which application threads were stopped: 0.0003098 seconds, Stopping threads took: 0.0001082 seconds
[2022-06-13T03:00:29.159+0000][1][safepoint    ] Application time: 0.0001482 seconds
[2022-06-13T03:00:29.159+0000][1][safepoint    ] Entering safepoint region: RevokeBias
[2022-06-13T03:00:29.159+0000][1][safepoint    ] Leaving safepoint region
[2022-06-13T03:00:29.159+0000][1][safepoint    ] Total time for which application threads were stopped: 0.0004307 seconds, Stopping threads took: 0.0002768 seconds
[2022-06-13T03:00:29.160+0000][1][safepoint    ] Application time: 0.0001527 seconds
[2022-06-13T03:00:29.160+0000][1][safepoint    ] Entering safepoint region: RevokeBias
[2022-06-13T03:00:29.160+0000][1][safepoint    ] Leaving safepoint region
[2022-06-13T03:00:29.160+0000][1][safepoint    ] Total time for which application threads were stopped: 0.0002120 seconds, Stopping threads took: 0.0001128 seconds
[2022-06-13T03:00:29.160+0000][1][safepoint    ] Application time: 0.0000975 seconds
[2022-06-13T03:00:29.160+0000][1][safepoint    ] Entering safepoint region: RevokeBias
[2022-06-13T03:00:29.160+0000][1][safepoint    ] Leaving safepoint region
[2022-06-13T03:00:29.161+0000][1][safepoint    ] Total time for which application threads were stopped: 0.0002007 seconds, Stopping threads took: 0.0000981 seconds
[2022-06-13T03:00:29.161+0000][1][safepoint    ] Application time: 0.0000722 seconds
[2022-06-13T03:00:29.161+0000][1][safepoint    ] Entering safepoint region: RevokeBias
[2022-06-13T03:00:29.161+0000][1][safepoint    ] Leaving safepoint region
[2022-06-13T03:00:29.161+0000][1][safepoint    ] Total time for which application threads were stopped: 0.0001899 seconds, Stopping threads took: 0.0000920 seconds
[2022-06-13T03:00:29.161+0000][1][safepoint    ] Application time: 0.0000617 seconds
[2022-06-13T03:00:29.161+0000][1][safepoint    ] Entering safepoint region: RevokeBias
[2022-06-13T03:00:29.161+0000][1][safepoint    ] Leaving safepoint region
[2022-06-13T03:00:29.161+0000][1][safepoint    ] Total time for which application threads were stopped: 0.0002462 seconds, Stopping threads took: 0.0001402 seconds
[2022-06-13T03:00:29.162+0000][1][safepoint    ] Application time: 0.0000556 seconds
[2022-06-13T03:00:29.162+0000][1][safepoint    ] Entering safepoint region: RevokeBias
[2022-06-13T03:00:29.162+0000][1][safepoint    ] Leaving safepoint region
[2022-06-13T03:00:29.162+0000][1][safepoint    ] Total time for which application threads were stopped: 0.0001875 seconds, Stopping threads took: 0.0000884 seconds
[2022-06-13T03:00:29.162+0000][1][safepoint    ] Application time: 0.0004802 seconds
[2022-06-13T03:00:29.163+0000][1][safepoint    ] Entering safepoint region: RevokeBias
[2022-06-13T03:00:29.163+0000][1][safepoint    ] Leaving safepoint region
[2022-06-13T03:00:29.163+0000][1][safepoint    ] Total time for which application threads were stopped: 0.0001974 seconds, Stopping threads took: 0.0000947 seconds
[2022-06-13T03:00:29.164+0000][1][safepoint    ] Application time: 0.0007198 seconds
[2022-06-13T03:00:29.164+0000][1][safepoint    ] Entering safepoint region: RevokeBias
[2022-06-13T03:00:29.164+0000][1][safepoint    ] Leaving safepoint region
[2022-06-13T03:00:29.164+0000][1][safepoint    ] Total time for which application threads were stopped: 0.0002783 seconds, Stopping threads took: 0.0001122 seconds
[2022-06-13T03:00:29.164+0000][1][safepoint    ] Application time: 0.0001870 seconds
[2022-06-13T03:00:29.164+0000][1][safepoint    ] Entering safepoint region: RevokeBias
[2022-06-13T03:00:29.165+0000][1][safepoint    ] Leaving safepoint region
[2022-06-13T03:00:29.165+0000][1][safepoint    ] Total time for which application threads were stopped: 0.0004035 seconds, Stopping threads took: 0.0001810 seconds
[2022-06-13T03:00:29.165+0000][1][safepoint    ] Application time: 0.0000379 seconds
[2022-06-13T03:00:29.165+0000][1][safepoint    ] Entering safepoint region: RevokeBias
[2022-06-13T03:00:29.165+0000][1][safepoint    ] Leaving safepoint region
[2022-06-13T03:00:29.166+0000][1][safepoint    ] Total time for which application threads were stopped: 0.0003868 seconds, Stopping threads took: 0.0001755 seconds
[2022-06-13T03:00:29.166+0000][1][safepoint    ] Application time: 0.0001650 seconds
[2022-06-13T03:00:29.166+0000][1][safepoint    ] Entering safepoint region: RevokeBias
[2022-06-13T03:00:29.167+0000][1][safepoint    ] Leaving safepoint region
[2022-06-13T03:00:29.167+0000][1][safepoint    ] Total time for which application threads were stopped: 0.0005188 seconds, Stopping threads took: 0.0003237 seconds
[2022-06-13T03:00:29.167+0000][1][safepoint    ] Application time: 0.0000834 seconds
[2022-06-13T03:00:29.167+0000][1][safepoint    ] Entering safepoint region: RevokeBias
[2022-06-13T03:00:29.167+0000][1][safepoint    ] Leaving safepoint region
[2022-06-13T03:00:29.168+0000][1][safepoint    ] Total time for which application threads were stopped: 0.0003021 seconds, Stopping threads took: 0.0001446 seconds
[2022-06-13T03:00:29.170+0000][1][safepoint    ] Application time: 0.0018924 seconds
[2022-06-13T03:00:29.170+0000][1][safepoint    ] Entering safepoint region: RevokeBias
[2022-06-13T03:00:29.170+0000][1][safepoint    ] Leaving safepoint region
[2022-06-13T03:00:29.170+0000][1][safepoint    ] Total time for which application threads were stopped: 0.0001905 seconds, Stopping threads took: 0.0000901 seconds
[2022-06-13T03:00:29.170+0000][1][safepoint    ] Application time: 0.0004444 seconds
[2022-06-13T03:00:29.171+0000][1][safepoint    ] Entering safepoint region: RevokeBias
[2022-06-13T03:00:29.171+0000][1][safepoint    ] Leaving safepoint region
[2022-06-13T03:00:29.171+0000][1][safepoint    ] Total time for which application threads were stopped: 0.0002185 seconds, Stopping threads took: 0.0000954 seconds
[2022-06-13T03:00:29.171+0000][1][safepoint    ] Application time: 0.0001943 seconds
[2022-06-13T03:00:29.171+0000][1][safepoint    ] Entering safepoint region: RevokeBias
[2022-06-13T03:00:29.171+0000][1][safepoint    ] Leaving safepoint region
[2022-06-13T03:00:29.171+0000][1][safepoint    ] Total time for which application threads were stopped: 0.0002144 seconds, Stopping threads took: 0.0000984 seconds
[2022-06-13T03:00:29.172+0000][1][safepoint    ] Application time: 0.0001733 seconds
[2022-06-13T03:00:29.172+0000][1][safepoint    ] Entering safepoint region: RevokeBias
[2022-06-13T03:00:29.172+0000][1][safepoint    ] Leaving safepoint region
[2022-06-13T03:00:29.172+0000][1][safepoint    ] Total time for which application threads were stopped: 0.0002885 seconds, Stopping threads took: 0.0001335 seconds
[2022-06-13T03:00:29.172+0000][1][safepoint    ] Application time: 0.0002199 seconds
[2022-06-13T03:00:29.173+0000][1][safepoint    ] Entering safepoint region: RevokeBias
[2022-06-13T03:00:29.173+0000][1][safepoint    ] Leaving safepoint region
[2022-06-13T03:00:29.173+0000][1][safepoint    ] Total time for which application threads were stopped: 0.0002200 seconds, Stopping threads took: 0.0000881 seconds
[2022-06-13T03:00:29.173+0000][1][safepoint    ] Application time: 0.0001517 seconds
[2022-06-13T03:00:29.173+0000][1][safepoint    ] Entering safepoint region: RevokeBias
[2022-06-13T03:00:29.173+0000][1][safepoint    ] Leaving safepoint region
[2022-06-13T03:00:29.173+0000][1][safepoint    ] Total time for which application threads were stopped: 0.0002074 seconds, Stopping threads took: 0.0000970 seconds
[2022-06-13T03:00:29.174+0000][1][safepoint    ] Application time: 0.0001947 seconds
[2022-06-13T03:00:29.174+0000][1][safepoint    ] Entering safepoint region: BulkRevokeBias
[2022-06-13T03:00:29.174+0000][1][safepoint    ] Leaving safepoint region
[2022-06-13T03:00:29.174+0000][1][safepoint    ] Total time for which application threads were stopped: 0.0003376 seconds, Stopping threads took: 0.0001622 seconds
[2022-06-13T03:00:29.175+0000][1][safepoint    ] Application time: 0.0002326 seconds
[2022-06-13T03:00:29.175+0000][1][safepoint    ] Entering safepoint region: RevokeBias
[2022-06-13T03:00:29.175+0000][1][safepoint    ] Leaving safepoint region
[2022-06-13T03:00:29.175+0000][1][safepoint    ] Total time for which application threads were stopped: 0.0003459 seconds, Stopping threads took: 0.0001431 seconds
[2022-06-13T03:00:29.179+0000][1][safepoint    ] Application time: 0.0041134 seconds
[2022-06-13T03:00:29.179+0000][1][safepoint    ] Entering safepoint region: RevokeBias
[2022-06-13T03:00:29.180+0000][1][safepoint    ] Leaving safepoint region
[2022-06-13T03:00:29.180+0000][1][safepoint    ] Total time for which application threads were stopped: 0.0002425 seconds, Stopping threads took: 0.0001214 seconds
[2022-06-13T03:00:29.185+0000][1][safepoint    ] Application time: 0.0056100 seconds
[2022-06-13T03:00:29.186+0000][1][safepoint    ] Entering safepoint region: RevokeBias
[2022-06-13T03:00:29.186+0000][1][safepoint    ] Leaving safepoint region
[2022-06-13T03:00:29.186+0000][1][safepoint    ] Total time for which application threads were stopped: 0.0002321 seconds, Stopping threads took: 0.0001173 seconds
[2022-06-13T03:00:29.186+0000][1][safepoint    ] Application time: 0.0000891 seconds
[2022-06-13T03:00:29.186+0000][1][safepoint    ] Entering safepoint region: RevokeBias
[2022-06-13T03:00:29.186+0000][1][safepoint    ] Leaving safepoint region
[2022-06-13T03:00:29.186+0000][1][safepoint    ] Total time for which application threads were stopped: 0.0002077 seconds, Stopping threads took: 0.0001040 seconds
[2022-06-13T03:00:29.186+0000][1][safepoint    ] Application time: 0.0000673 seconds
[2022-06-13T03:00:29.187+0000][1][safepoint    ] Entering safepoint region: RevokeBias
[2022-06-13T03:00:29.187+0000][1][safepoint    ] Leaving safepoint region
[2022-06-13T03:00:29.187+0000][1][safepoint    ] Total time for which application threads were stopped: 0.0002183 seconds, Stopping threads took: 0.0001061 seconds
[2022-06-13T03:00:29.187+0000][1][safepoint    ] Application time: 0.0005044 seconds
[2022-06-13T03:00:29.187+0000][1][safepoint    ] Entering safepoint region: RevokeBias
[2022-06-13T03:00:29.188+0000][1][safepoint    ] Leaving safepoint region
[2022-06-13T03:00:29.188+0000][1][safepoint    ] Total time for which application threads were stopped: 0.0002432 seconds, Stopping threads took: 0.0001175 seconds
[2022-06-13T03:00:29.188+0000][1][safepoint    ] Application time: 0.0005644 seconds
[2022-06-13T03:00:29.188+0000][1][safepoint    ] Entering safepoint region: RevokeBias
[2022-06-13T03:00:29.189+0000][1][safepoint    ] Leaving safepoint region
[2022-06-13T03:00:29.189+0000][1][safepoint    ] Total time for which application threads were stopped: 0.0002836 seconds, Stopping threads took: 0.0001237 seconds
[2022-06-13T03:00:29.189+0000][1][safepoint    ] Application time: 0.0005966 seconds
[2022-06-13T03:00:29.190+0000][1][safepoint    ] Entering safepoint region: RevokeBias
[2022-06-13T03:00:29.190+0000][1][safepoint    ] Leaving safepoint region
[2022-06-13T03:00:29.190+0000][1][safepoint    ] Total time for which application threads were stopped: 0.0002557 seconds, Stopping threads took: 0.0001262 seconds
[2022-06-13T03:00:29.190+0000][1][safepoint    ] Application time: 0.0002300 seconds
[2022-06-13T03:00:29.190+0000][1][safepoint    ] Entering safepoint region: RevokeBias
[2022-06-13T03:00:29.190+0000][1][safepoint    ] Leaving safepoint region
[2022-06-13T03:00:29.191+0000][1][safepoint    ] Total time for which application threads were stopped: 0.0002376 seconds, Stopping threads took: 0.0001373 seconds
[2022-06-13T03:00:29.192+0000][1][safepoint    ] Application time: 0.0008647 seconds
[2022-06-13T03:00:29.192+0000][1][safepoint    ] Entering safepoint region: RevokeBias
[2022-06-13T03:00:29.192+0000][1][safepoint    ] Leaving safepoint region
[2022-06-13T03:00:29.192+0000][1][safepoint    ] Total time for which application threads were stopped: 0.0002032 seconds, Stopping threads took: 0.0001052 seconds
[2022-06-13T03:00:29.192+0000][1][safepoint    ] Application time: 0.0001045 seconds
[2022-06-13T03:00:29.192+0000][1][safepoint    ] Entering safepoint region: RevokeBias
[2022-06-13T03:00:29.192+0000][1][safepoint    ] Leaving safepoint region
[2022-06-13T03:00:29.192+0000][1][safepoint    ] Total time for which application threads were stopped: 0.0002285 seconds, Stopping threads took: 0.0001074 seconds
[2022-06-13T03:00:29.194+0000][1][safepoint    ] Application time: 0.0014585 seconds
[2022-06-13T03:00:29.194+0000][1][safepoint    ] Entering safepoint region: RevokeBias
[2022-06-13T03:00:29.194+0000][1][safepoint    ] Leaving safepoint region
[2022-06-13T03:00:29.194+0000][1][safepoint    ] Total time for which application threads were stopped: 0.0004328 seconds, Stopping threads took: 0.0003028 seconds
[2022-06-13T03:00:29.195+0000][1][safepoint    ] Application time: 0.0003367 seconds
[2022-06-13T03:00:29.195+0000][1][safepoint    ] Entering safepoint region: RevokeBias
[2022-06-13T03:00:29.195+0000][1][safepoint    ] Leaving safepoint region
[2022-06-13T03:00:29.196+0000][1][safepoint    ] Total time for which application threads were stopped: 0.0003430 seconds, Stopping threads took: 0.0002383 seconds
[2022-06-13T03:00:29.197+0000][1][gc,heap,exit ] Heap
[2022-06-13T03:00:29.198+0000][1][gc,heap,exit ]  par new generation   total 78656K, used 47229K [0x00000000f0000000, 0x00000000f5550000, 0x00000000f5550000)
[2022-06-13T03:00:29.198+0000][1][gc,heap,exit ]   eden space 69952K,  57% used [0x00000000f0000000, 0x00000000f26f24e8, 0x00000000f4450000)
[2022-06-13T03:00:29.198+0000][1][gc,heap,exit ]   from space 8704K,  84% used [0x00000000f4cd0000, 0x00000000f53fd090, 0x00000000f5550000)
[2022-06-13T03:00:29.198+0000][1][gc,heap,exit ]   to   space 8704K,   0% used [0x00000000f4450000, 0x00000000f4450000, 0x00000000f4cd0000)
[2022-06-13T03:00:29.198+0000][1][gc,heap,exit ]  concurrent mark-sweep generation total 174784K, used 63747K [0x00000000f5550000, 0x0000000100000000, 0x0000000100000000)
[2022-06-13T03:00:29.199+0000][1][gc,heap,exit ]  Metaspace       used 65012K, capacity 69929K, committed 70268K, reserved 1107968K
[2022-06-13T03:00:29.199+0000][1][gc,heap,exit ]   class space    used 8821K, capacity 10884K, committed 10992K, reserved 1048576K
[2022-06-13T03:00:29.199+0000][1][safepoint    ] Application time: 0.0031691 seconds
[2022-06-13T03:00:29.199+0000][1][safepoint    ] Entering safepoint region: Exit
