[2022-06-13T01:59:36.815+0000][1][gc] Using Concurrent Mark Sweep
[2022-06-13T01:59:36.815+0000][1][gc,heap,coops] Heap address: 0x00000000f0000000, size: 256 MB, Compressed Oops mode: 32-bit
[2022-06-13T01:59:36.843+0000][1][safepoint    ] Entering safepoint region: EnableBiasedLocking
[2022-06-13T01:59:36.844+0000][1][safepoint    ] Leaving safepoint region
[2022-06-13T01:59:36.844+0000][1][safepoint    ] Total time for which application threads were stopped: 0.0011810 seconds, Stopping threads took: 0.0007990 seconds
[2022-06-13T01:59:36.847+0000][1][safepoint    ] Application time: 0.0024271 seconds
[2022-06-13T01:59:36.848+0000][1][safepoint    ] Entering safepoint region: RevokeBias
[2022-06-13T01:59:36.883+0000][1][safepoint    ] Leaving safepoint region
[2022-06-13T01:59:36.883+0000][1][safepoint    ] Total time for which application threads were stopped: 0.0353717 seconds, Stopping threads took: 0.0349997 seconds
[2022-06-13T01:59:36.890+0000][1][safepoint    ] Application time: 0.0068126 seconds
[2022-06-13T01:59:36.891+0000][1][safepoint    ] Entering safepoint region: Deoptimize
[2022-06-13T01:59:36.891+0000][1][safepoint    ] Leaving safepoint region
[2022-06-13T01:59:36.891+0000][1][safepoint    ] Total time for which application threads were stopped: 0.0003705 seconds, Stopping threads took: 0.0002071 seconds
[2022-06-13T01:59:36.946+0000][1][safepoint    ] Application time: 0.0549898 seconds
[2022-06-13T01:59:36.947+0000][1][safepoint    ] Entering safepoint region: RevokeBias
[2022-06-13T01:59:36.947+0000][1][safepoint    ] Leaving safepoint region
[2022-06-13T01:59:36.947+0000][1][safepoint    ] Total time for which application threads were stopped: 0.0007059 seconds, Stopping threads took: 0.0003627 seconds
[2022-06-13T01:59:36.968+0000][1][safepoint    ] Application time: 0.0200587 seconds
[2022-06-13T01:59:36.968+0000][1][safepoint    ] Entering safepoint region: Deoptimize
[2022-06-13T01:59:36.968+0000][1][safepoint    ] Leaving safepoint region
[2022-06-13T01:59:36.968+0000][1][safepoint    ] Total time for which application threads were stopped: 0.0004751 seconds, Stopping threads took: 0.0002435 seconds
[2022-06-13T01:59:37.174+0000][1][safepoint    ] Application time: 0.2056948 seconds
[2022-06-13T01:59:37.174+0000][1][safepoint    ] Entering safepoint region: Deoptimize
[2022-06-13T01:59:37.175+0000][1][safepoint    ] Leaving safepoint region
[2022-06-13T01:59:37.175+0000][1][safepoint    ] Total time for which application threads were stopped: 0.0004085 seconds, Stopping threads took: 0.0001284 seconds
[2022-06-13T01:59:37.186+0000][1][safepoint    ] Application time: 0.0115944 seconds
[2022-06-13T01:59:37.187+0000][1][safepoint    ] Entering safepoint region: Deoptimize
[2022-06-13T01:59:37.187+0000][1][safepoint    ] Leaving safepoint region
[2022-06-13T01:59:37.187+0000][1][safepoint    ] Total time for which application threads were stopped: 0.0003826 seconds, Stopping threads took: 0.0001607 seconds
[2022-06-13T01:59:37.213+0000][1][safepoint    ] Application time: 0.0260228 seconds
[2022-06-13T01:59:37.214+0000][1][safepoint    ] Entering safepoint region: Deoptimize
[2022-06-13T01:59:37.214+0000][1][safepoint    ] Leaving safepoint region
[2022-06-13T01:59:37.214+0000][1][safepoint    ] Total time for which application threads were stopped: 0.0004998 seconds, Stopping threads took: 0.0001799 seconds
[2022-06-13T01:59:37.221+0000][1][safepoint    ] Application time: 0.0066745 seconds
[2022-06-13T01:59:37.221+0000][1][safepoint    ] Entering safepoint region: Deoptimize
[2022-06-13T01:59:37.221+0000][1][safepoint    ] Leaving safepoint region
[2022-06-13T01:59:37.222+0000][1][safepoint    ] Total time for which application threads were stopped: 0.0003485 seconds, Stopping threads took: 0.0001391 seconds
[2022-06-13T01:59:37.453+0000][1][safepoint    ] Application time: 0.2315521 seconds
[2022-06-13T01:59:37.454+0000][1][safepoint    ] Entering safepoint region: Deoptimize
[2022-06-13T01:59:37.454+0000][1][safepoint    ] Leaving safepoint region
[2022-06-13T01:59:37.455+0000][1][safepoint    ] Total time for which application threads were stopped: 0.0008409 seconds, Stopping threads took: 0.0003273 seconds
[2022-06-13T01:59:37.604+0000][1][safepoint    ] Application time: 0.1489124 seconds
[2022-06-13T01:59:37.604+0000][1][safepoint    ] Entering safepoint region: RevokeBias
[2022-06-13T01:59:37.605+0000][1][safepoint    ] Leaving safepoint region
[2022-06-13T01:59:37.605+0000][1][safepoint    ] Total time for which application threads were stopped: 0.0007224 seconds, Stopping threads took: 0.0003528 seconds
[2022-06-13T01:59:37.664+0000][1][safepoint    ] Application time: 0.0585203 seconds
[2022-06-13T01:59:37.664+0000][1][safepoint    ] Entering safepoint region: Deoptimize
[2022-06-13T01:59:37.665+0000][1][safepoint    ] Leaving safepoint region
[2022-06-13T01:59:37.665+0000][1][safepoint    ] Total time for which application threads were stopped: 0.0006063 seconds, Stopping threads took: 0.0002140 seconds
[2022-06-13T01:59:37.726+0000][1][safepoint    ] Application time: 0.0610654 seconds
[2022-06-13T01:59:37.727+0000][1][safepoint    ] Entering safepoint region: Deoptimize
[2022-06-13T01:59:37.727+0000][1][safepoint    ] Leaving safepoint region
[2022-06-13T01:59:37.728+0000][1][safepoint    ] Total time for which application threads were stopped: 0.0011834 seconds, Stopping threads took: 0.0004709 seconds
[2022-06-13T01:59:37.729+0000][1][safepoint    ] Application time: 0.0004301 seconds
[2022-06-13T01:59:37.729+0000][1][safepoint    ] Entering safepoint region: Deoptimize
[2022-06-13T01:59:37.729+0000][1][safepoint    ] Leaving safepoint region
[2022-06-13T01:59:37.730+0000][1][safepoint    ] Total time for which application threads were stopped: 0.0007529 seconds, Stopping threads took: 0.0002176 seconds
[2022-06-13T01:59:37.749+0000][1][safepoint    ] Application time: 0.0190213 seconds
[2022-06-13T01:59:37.749+0000][1][safepoint    ] Entering safepoint region: Deoptimize
[2022-06-13T01:59:37.750+0000][1][safepoint    ] Leaving safepoint region
[2022-06-13T01:59:37.750+0000][1][safepoint    ] Total time for which application threads were stopped: 0.0007151 seconds, Stopping threads took: 0.0001941 seconds
[2022-06-13T01:59:37.754+0000][1][safepoint    ] Application time: 0.0036643 seconds
[2022-06-13T01:59:37.754+0000][1][safepoint    ] Entering safepoint region: RevokeBias
[2022-06-13T01:59:37.754+0000][1][safepoint    ] Leaving safepoint region
[2022-06-13T01:59:37.754+0000][1][safepoint    ] Total time for which application threads were stopped: 0.0003538 seconds, Stopping threads took: 0.0002103 seconds
[2022-06-13T01:59:37.755+0000][1][safepoint    ] Application time: 0.0003479 seconds
[2022-06-13T01:59:37.755+0000][1][safepoint    ] Entering safepoint region: RevokeBias
[2022-06-13T01:59:37.755+0000][1][safepoint    ] Leaving safepoint region
[2022-06-13T01:59:37.755+0000][1][safepoint    ] Total time for which application threads were stopped: 0.0003414 seconds, Stopping threads took: 0.0001796 seconds
[2022-06-13T01:59:37.756+0000][1][safepoint    ] Application time: 0.0003072 seconds
[2022-06-13T01:59:37.756+0000][1][safepoint    ] Entering safepoint region: RevokeBias
[2022-06-13T01:59:37.756+0000][1][safepoint    ] Leaving safepoint region
[2022-06-13T01:59:37.756+0000][1][safepoint    ] Total time for which application threads were stopped: 0.0003418 seconds, Stopping threads took: 0.0001426 seconds
[2022-06-13T01:59:37.757+0000][1][safepoint    ] Application time: 0.0003208 seconds
[2022-06-13T01:59:37.757+0000][1][safepoint    ] Entering safepoint region: RevokeBias
[2022-06-13T01:59:37.757+0000][1][safepoint    ] Leaving safepoint region
[2022-06-13T01:59:37.757+0000][1][safepoint    ] Total time for which application threads were stopped: 0.0003350 seconds, Stopping threads took: 0.0001923 seconds
[2022-06-13T01:59:37.761+0000][1][safepoint    ] Application time: 0.0037925 seconds
[2022-06-13T01:59:37.762+0000][1][safepoint    ] Entering safepoint region: Deoptimize
[2022-06-13T01:59:37.762+0000][1][safepoint    ] Leaving safepoint region
[2022-06-13T01:59:37.762+0000][1][safepoint    ] Total time for which application threads were stopped: 0.0005542 seconds, Stopping threads took: 0.0001989 seconds
[2022-06-13T01:59:37.804+0000][1][safepoint    ] Application time: 0.0417331 seconds
[2022-06-13T01:59:37.805+0000][1][safepoint    ] Entering safepoint region: GenCollectForAllocation
[2022-06-13T01:59:37.805+0000][1][gc,start     ] GC(0) Pause Young (Allocation Failure)
[2022-06-13T01:59:37.807+0000][1][gc,task      ] GC(0) Using 5 workers of 13 for evacuation
[2022-06-13T01:59:37.812+0000][1][gc,age       ] GC(0) Desired survivor size 4456448 bytes, new threshold 1 (max threshold 6)
[2022-06-13T01:59:37.812+0000][1][gc,age       ] GC(0) Age table with threshold 1 (max threshold 6)
[2022-06-13T01:59:37.812+0000][1][gc,age       ] GC(0) - age   1:    8154304 bytes,    8154304 total
[2022-06-13T01:59:37.812+0000][1][gc,heap      ] GC(0) ParNew: 69952K->8073K(78656K)
[2022-06-13T01:59:37.812+0000][1][gc,heap      ] GC(0) CMS: 0K->0K(174784K)
[2022-06-13T01:59:37.813+0000][1][gc,metaspace ] GC(0) Metaspace: 12351K->12351K(1060864K)
[2022-06-13T01:59:37.813+0000][1][gc           ] GC(0) Pause Young (Allocation Failure) 68M->7M(247M) 7.461ms
[2022-06-13T01:59:37.813+0000][1][gc,cpu       ] GC(0) User=0.03s Sys=0.00s Real=0.01s
[2022-06-13T01:59:37.813+0000][1][safepoint    ] Leaving safepoint region
[2022-06-13T01:59:37.813+0000][1][safepoint    ] Total time for which application threads were stopped: 0.0082979 seconds, Stopping threads took: 0.0004276 seconds
[2022-06-13T01:59:37.813+0000][1][safepoint    ] Application time: 0.0003053 seconds
[2022-06-13T01:59:37.814+0000][1][safepoint    ] Entering safepoint region: RevokeBias
[2022-06-13T01:59:37.814+0000][1][safepoint    ] Leaving safepoint region
[2022-06-13T01:59:37.814+0000][1][safepoint    ] Total time for which application threads were stopped: 0.0003398 seconds, Stopping threads took: 0.0002040 seconds
[2022-06-13T01:59:37.814+0000][1][safepoint    ] Application time: 0.0001783 seconds
[2022-06-13T01:59:37.815+0000][1][safepoint    ] Entering safepoint region: RevokeBias
[2022-06-13T01:59:37.815+0000][1][safepoint    ] Leaving safepoint region
[2022-06-13T01:59:37.815+0000][1][safepoint    ] Total time for which application threads were stopped: 0.0004293 seconds, Stopping threads took: 0.0002966 seconds
[2022-06-13T01:59:37.815+0000][1][safepoint    ] Application time: 0.0001896 seconds
[2022-06-13T01:59:37.815+0000][1][safepoint    ] Entering safepoint region: RevokeBias
[2022-06-13T01:59:37.816+0000][1][safepoint    ] Leaving safepoint region
[2022-06-13T01:59:37.816+0000][1][safepoint    ] Total time for which application threads were stopped: 0.0003833 seconds, Stopping threads took: 0.0002181 seconds
[2022-06-13T01:59:37.816+0000][1][safepoint    ] Application time: 0.0001285 seconds
[2022-06-13T01:59:37.816+0000][1][safepoint    ] Entering safepoint region: RevokeBias
[2022-06-13T01:59:37.816+0000][1][safepoint    ] Leaving safepoint region
[2022-06-13T01:59:37.817+0000][1][safepoint    ] Total time for which application threads were stopped: 0.0004127 seconds, Stopping threads took: 0.0002546 seconds
[2022-06-13T01:59:37.817+0000][1][safepoint    ] Application time: 0.0001513 seconds
[2022-06-13T01:59:37.817+0000][1][safepoint    ] Entering safepoint region: RevokeBias
[2022-06-13T01:59:37.817+0000][1][safepoint    ] Leaving safepoint region
[2022-06-13T01:59:37.817+0000][1][safepoint    ] Total time for which application threads were stopped: 0.0002026 seconds, Stopping threads took: 0.0001087 seconds
[2022-06-13T01:59:37.818+0000][1][safepoint    ] Application time: 0.0002463 seconds
[2022-06-13T01:59:37.818+0000][1][safepoint    ] Entering safepoint region: RevokeBias
[2022-06-13T01:59:37.818+0000][1][safepoint    ] Leaving safepoint region
[2022-06-13T01:59:37.818+0000][1][safepoint    ] Total time for which application threads were stopped: 0.0002499 seconds, Stopping threads took: 0.0001431 seconds
[2022-06-13T01:59:37.818+0000][1][safepoint    ] Application time: 0.0002780 seconds
[2022-06-13T01:59:37.819+0000][1][safepoint    ] Entering safepoint region: RevokeBias
[2022-06-13T01:59:37.819+0000][1][safepoint    ] Leaving safepoint region
[2022-06-13T01:59:37.819+0000][1][safepoint    ] Total time for which application threads were stopped: 0.0005410 seconds, Stopping threads took: 0.0002664 seconds
[2022-06-13T01:59:37.819+0000][1][safepoint    ] Application time: 0.0000796 seconds
[2022-06-13T01:59:37.820+0000][1][safepoint    ] Entering safepoint region: RevokeBias
[2022-06-13T01:59:37.820+0000][1][safepoint    ] Leaving safepoint region
[2022-06-13T01:59:37.820+0000][1][safepoint    ] Total time for which application threads were stopped: 0.0001884 seconds, Stopping threads took: 0.0001020 seconds
[2022-06-13T01:59:37.820+0000][1][safepoint    ] Application time: 0.0001130 seconds
[2022-06-13T01:59:37.820+0000][1][safepoint    ] Entering safepoint region: RevokeBias
[2022-06-13T01:59:37.820+0000][1][safepoint    ] Leaving safepoint region
[2022-06-13T01:59:37.820+0000][1][safepoint    ] Total time for which application threads were stopped: 0.0002020 seconds, Stopping threads took: 0.0000844 seconds
[2022-06-13T01:59:37.821+0000][1][safepoint    ] Application time: 0.0002290 seconds
[2022-06-13T01:59:37.821+0000][1][safepoint    ] Entering safepoint region: RevokeBias
[2022-06-13T01:59:37.821+0000][1][safepoint    ] Leaving safepoint region
[2022-06-13T01:59:37.822+0000][1][safepoint    ] Total time for which application threads were stopped: 0.0006608 seconds, Stopping threads took: 0.0004729 seconds
[2022-06-13T01:59:37.822+0000][1][safepoint    ] Application time: 0.0001356 seconds
[2022-06-13T01:59:37.822+0000][1][safepoint    ] Entering safepoint region: RevokeBias
[2022-06-13T01:59:37.822+0000][1][safepoint    ] Leaving safepoint region
[2022-06-13T01:59:37.822+0000][1][safepoint    ] Total time for which application threads were stopped: 0.0002558 seconds, Stopping threads took: 0.0001625 seconds
[2022-06-13T01:59:37.823+0000][1][safepoint    ] Application time: 0.0002760 seconds
[2022-06-13T01:59:37.823+0000][1][safepoint    ] Entering safepoint region: RevokeBias
[2022-06-13T01:59:37.823+0000][1][safepoint    ] Leaving safepoint region
[2022-06-13T01:59:37.823+0000][1][safepoint    ] Total time for which application threads were stopped: 0.0005067 seconds, Stopping threads took: 0.0003070 seconds
[2022-06-13T01:59:37.824+0000][1][safepoint    ] Application time: 0.0002754 seconds
[2022-06-13T01:59:37.824+0000][1][safepoint    ] Entering safepoint region: RevokeBias
[2022-06-13T01:59:37.824+0000][1][safepoint    ] Leaving safepoint region
[2022-06-13T01:59:37.825+0000][1][safepoint    ] Total time for which application threads were stopped: 0.0003370 seconds, Stopping threads took: 0.0002028 seconds
[2022-06-13T01:59:37.825+0000][1][safepoint    ] Application time: 0.0000775 seconds
[2022-06-13T01:59:37.825+0000][1][safepoint    ] Entering safepoint region: RevokeBias
[2022-06-13T01:59:37.825+0000][1][safepoint    ] Leaving safepoint region
[2022-06-13T01:59:37.825+0000][1][safepoint    ] Total time for which application threads were stopped: 0.0002253 seconds, Stopping threads took: 0.0001270 seconds
[2022-06-13T01:59:37.825+0000][1][safepoint    ] Application time: 0.0001345 seconds
[2022-06-13T01:59:37.826+0000][1][safepoint    ] Entering safepoint region: RevokeBias
[2022-06-13T01:59:37.826+0000][1][safepoint    ] Leaving safepoint region
[2022-06-13T01:59:37.826+0000][1][safepoint    ] Total time for which application threads were stopped: 0.0003452 seconds, Stopping threads took: 0.0002397 seconds
[2022-06-13T01:59:37.826+0000][1][safepoint    ] Application time: 0.0001020 seconds
[2022-06-13T01:59:37.826+0000][1][safepoint    ] Entering safepoint region: RevokeBias
[2022-06-13T01:59:37.827+0000][1][safepoint    ] Leaving safepoint region
[2022-06-13T01:59:37.827+0000][1][safepoint    ] Total time for which application threads were stopped: 0.0003208 seconds, Stopping threads took: 0.0001853 seconds
[2022-06-13T01:59:37.827+0000][1][safepoint    ] Application time: 0.0001383 seconds
[2022-06-13T01:59:37.827+0000][1][safepoint    ] Entering safepoint region: RevokeBias
[2022-06-13T01:59:37.827+0000][1][safepoint    ] Leaving safepoint region
[2022-06-13T01:59:37.828+0000][1][safepoint    ] Total time for which application threads were stopped: 0.0003550 seconds, Stopping threads took: 0.0002366 seconds
[2022-06-13T01:59:37.828+0000][1][safepoint    ] Application time: 0.0001338 seconds
[2022-06-13T01:59:37.828+0000][1][safepoint    ] Entering safepoint region: RevokeBias
[2022-06-13T01:59:37.828+0000][1][safepoint    ] Leaving safepoint region
[2022-06-13T01:59:37.828+0000][1][safepoint    ] Total time for which application threads were stopped: 0.0003324 seconds, Stopping threads took: 0.0001548 seconds
[2022-06-13T01:59:37.829+0000][1][safepoint    ] Application time: 0.0002687 seconds
[2022-06-13T01:59:37.829+0000][1][safepoint    ] Entering safepoint region: RevokeBias
[2022-06-13T01:59:37.829+0000][1][safepoint    ] Leaving safepoint region
[2022-06-13T01:59:37.829+0000][1][safepoint    ] Total time for which application threads were stopped: 0.0002748 seconds, Stopping threads took: 0.0001581 seconds
[2022-06-13T01:59:37.829+0000][1][safepoint    ] Application time: 0.0000862 seconds
[2022-06-13T01:59:37.829+0000][1][safepoint    ] Entering safepoint region: RevokeBias
[2022-06-13T01:59:37.830+0000][1][safepoint    ] Leaving safepoint region
[2022-06-13T01:59:37.830+0000][1][safepoint    ] Total time for which application threads were stopped: 0.0002403 seconds, Stopping threads took: 0.0001339 seconds
[2022-06-13T01:59:37.830+0000][1][safepoint    ] Application time: 0.0000788 seconds
[2022-06-13T01:59:37.830+0000][1][safepoint    ] Entering safepoint region: RevokeBias
[2022-06-13T01:59:37.830+0000][1][safepoint    ] Leaving safepoint region
[2022-06-13T01:59:37.830+0000][1][safepoint    ] Total time for which application threads were stopped: 0.0002566 seconds, Stopping threads took: 0.0001570 seconds
[2022-06-13T01:59:37.831+0000][1][safepoint    ] Application time: 0.0000716 seconds
[2022-06-13T01:59:37.831+0000][1][safepoint    ] Entering safepoint region: RevokeBias
[2022-06-13T01:59:37.831+0000][1][safepoint    ] Leaving safepoint region
[2022-06-13T01:59:37.831+0000][1][safepoint    ] Total time for which application threads were stopped: 0.0001862 seconds, Stopping threads took: 0.0000814 seconds
[2022-06-13T01:59:37.831+0000][1][safepoint    ] Application time: 0.0001142 seconds
[2022-06-13T01:59:37.831+0000][1][safepoint    ] Entering safepoint region: RevokeBias
[2022-06-13T01:59:37.831+0000][1][safepoint    ] Leaving safepoint region
[2022-06-13T01:59:37.831+0000][1][safepoint    ] Total time for which application threads were stopped: 0.0002395 seconds, Stopping threads took: 0.0001335 seconds
[2022-06-13T01:59:37.832+0000][1][safepoint    ] Application time: 0.0000755 seconds
[2022-06-13T01:59:37.832+0000][1][safepoint    ] Entering safepoint region: RevokeBias
[2022-06-13T01:59:37.832+0000][1][safepoint    ] Leaving safepoint region
[2022-06-13T01:59:37.832+0000][1][safepoint    ] Total time for which application threads were stopped: 0.0002376 seconds, Stopping threads took: 0.0001387 seconds
[2022-06-13T01:59:37.832+0000][1][safepoint    ] Application time: 0.0000746 seconds
[2022-06-13T01:59:37.832+0000][1][safepoint    ] Entering safepoint region: RevokeBias
[2022-06-13T01:59:37.832+0000][1][safepoint    ] Leaving safepoint region
[2022-06-13T01:59:37.832+0000][1][safepoint    ] Total time for which application threads were stopped: 0.0002831 seconds, Stopping threads took: 0.0001428 seconds
[2022-06-13T01:59:37.833+0000][1][safepoint    ] Application time: 0.0000696 seconds
[2022-06-13T01:59:37.833+0000][1][safepoint    ] Entering safepoint region: RevokeBias
[2022-06-13T01:59:37.833+0000][1][safepoint    ] Leaving safepoint region
[2022-06-13T01:59:37.833+0000][1][safepoint    ] Total time for which application threads were stopped: 0.0003840 seconds, Stopping threads took: 0.0001579 seconds
[2022-06-13T01:59:37.967+0000][1][safepoint    ] Application time: 0.1333953 seconds
[2022-06-13T01:59:37.967+0000][1][safepoint    ] Entering safepoint region: Deoptimize
[2022-06-13T01:59:37.967+0000][1][safepoint    ] Leaving safepoint region
[2022-06-13T01:59:37.968+0000][1][safepoint    ] Total time for which application threads were stopped: 0.0008588 seconds, Stopping threads took: 0.0002842 seconds
[2022-06-13T01:59:38.106+0000][1][safepoint    ] Application time: 0.1385508 seconds
[2022-06-13T01:59:38.107+0000][1][safepoint    ] Entering safepoint region: RevokeBias
[2022-06-13T01:59:38.108+0000][1][safepoint    ] Leaving safepoint region
[2022-06-13T01:59:38.109+0000][1][safepoint    ] Total time for which application threads were stopped: 0.0017904 seconds, Stopping threads took: 0.0009418 seconds
[2022-06-13T01:59:38.163+0000][1][safepoint    ] Application time: 0.0537778 seconds
[2022-06-13T01:59:38.163+0000][1][safepoint    ] Entering safepoint region: RevokeBias
[2022-06-13T01:59:38.164+0000][1][safepoint    ] Leaving safepoint region
[2022-06-13T01:59:38.164+0000][1][safepoint    ] Total time for which application threads were stopped: 0.0009714 seconds, Stopping threads took: 0.0003291 seconds
[2022-06-13T01:59:38.168+0000][1][safepoint    ] Application time: 0.0034931 seconds
[2022-06-13T01:59:38.169+0000][1][safepoint    ] Entering safepoint region: RevokeBias
[2022-06-13T01:59:38.169+0000][1][safepoint    ] Leaving safepoint region
[2022-06-13T01:59:38.170+0000][1][safepoint    ] Total time for which application threads were stopped: 0.0009374 seconds, Stopping threads took: 0.0004225 seconds
[2022-06-13T01:59:38.186+0000][1][safepoint    ] Application time: 0.0153012 seconds
[2022-06-13T01:59:38.186+0000][1][safepoint    ] Entering safepoint region: GenCollectForAllocation
[2022-06-13T01:59:38.187+0000][1][gc,start     ] GC(1) Pause Young (Allocation Failure)
[2022-06-13T01:59:38.187+0000][1][gc,task      ] GC(1) Using 5 workers of 13 for evacuation
[2022-06-13T01:59:38.199+0000][1][gc,age       ] GC(1) Desired survivor size 4456448 bytes, new threshold 6 (max threshold 6)
[2022-06-13T01:59:38.200+0000][1][gc,age       ] GC(1) Age table with threshold 6 (max threshold 6)
[2022-06-13T01:59:38.201+0000][1][gc,age       ] GC(1) - age   1:    1984592 bytes,    1984592 total
[2022-06-13T01:59:38.201+0000][1][gc,heap      ] GC(1) ParNew: 78025K->5403K(78656K)
[2022-06-13T01:59:38.202+0000][1][gc,heap      ] GC(1) CMS: 0K->6687K(174784K)
[2022-06-13T01:59:38.202+0000][1][gc,metaspace ] GC(1) Metaspace: 14953K->14953K(1062912K)
[2022-06-13T01:59:38.202+0000][1][gc           ] GC(1) Pause Young (Allocation Failure) 76M->11M(247M) 15.895ms
[2022-06-13T01:59:38.203+0000][1][gc,cpu       ] GC(1) User=0.06s Sys=0.00s Real=0.02s
[2022-06-13T01:59:38.203+0000][1][safepoint    ] Leaving safepoint region
[2022-06-13T01:59:38.204+0000][1][safepoint    ] Total time for which application threads were stopped: 0.0177792 seconds, Stopping threads took: 0.0003876 seconds
[2022-06-13T01:59:38.205+0000][1][safepoint    ] Application time: 0.0005022 seconds
[2022-06-13T01:59:38.206+0000][1][safepoint    ] Entering safepoint region: BulkRevokeBias
[2022-06-13T01:59:38.206+0000][1][safepoint    ] Leaving safepoint region
[2022-06-13T01:59:38.206+0000][1][safepoint    ] Total time for which application threads were stopped: 0.0009420 seconds, Stopping threads took: 0.0004325 seconds
[2022-06-13T01:59:38.207+0000][1][safepoint    ] Application time: 0.0003155 seconds
[2022-06-13T01:59:38.208+0000][1][safepoint    ] Entering safepoint region: RevokeBias
[2022-06-13T01:59:38.208+0000][1][safepoint    ] Leaving safepoint region
[2022-06-13T01:59:38.209+0000][1][safepoint    ] Total time for which application threads were stopped: 0.0011152 seconds, Stopping threads took: 0.0006525 seconds
[2022-06-13T01:59:38.209+0000][1][safepoint    ] Application time: 0.0002739 seconds
[2022-06-13T01:59:38.210+0000][1][safepoint    ] Entering safepoint region: RevokeBias
[2022-06-13T01:59:38.210+0000][1][safepoint    ] Leaving safepoint region
[2022-06-13T01:59:38.210+0000][1][safepoint    ] Total time for which application threads were stopped: 0.0007017 seconds, Stopping threads took: 0.0003650 seconds
[2022-06-13T01:59:38.211+0000][1][safepoint    ] Application time: 0.0002301 seconds
[2022-06-13T01:59:38.211+0000][1][safepoint    ] Entering safepoint region: RevokeBias
[2022-06-13T01:59:38.211+0000][1][safepoint    ] Leaving safepoint region
[2022-06-13T01:59:38.212+0000][1][safepoint    ] Total time for which application threads were stopped: 0.0005806 seconds, Stopping threads took: 0.0002264 seconds
[2022-06-13T01:59:38.212+0000][1][safepoint    ] Application time: 0.0002703 seconds
[2022-06-13T01:59:38.213+0000][1][safepoint    ] Entering safepoint region: RevokeBias
[2022-06-13T01:59:38.213+0000][1][safepoint    ] Leaving safepoint region
[2022-06-13T01:59:38.213+0000][1][safepoint    ] Total time for which application threads were stopped: 0.0006880 seconds, Stopping threads took: 0.0002948 seconds
[2022-06-13T01:59:38.214+0000][1][safepoint    ] Application time: 0.0002628 seconds
[2022-06-13T01:59:38.214+0000][1][safepoint    ] Entering safepoint region: RevokeBias
[2022-06-13T01:59:38.215+0000][1][safepoint    ] Leaving safepoint region
[2022-06-13T01:59:38.215+0000][1][safepoint    ] Total time for which application threads were stopped: 0.0005447 seconds, Stopping threads took: 0.0003136 seconds
[2022-06-13T01:59:38.216+0000][1][safepoint    ] Application time: 0.0001936 seconds
[2022-06-13T01:59:38.216+0000][1][safepoint    ] Entering safepoint region: RevokeBias
[2022-06-13T01:59:38.216+0000][1][safepoint    ] Leaving safepoint region
[2022-06-13T01:59:38.217+0000][1][safepoint    ] Total time for which application threads were stopped: 0.0008991 seconds, Stopping threads took: 0.0005177 seconds
[2022-06-13T01:59:38.217+0000][1][safepoint    ] Application time: 0.0002076 seconds
[2022-06-13T01:59:38.217+0000][1][safepoint    ] Entering safepoint region: RevokeBias
[2022-06-13T01:59:38.218+0000][1][safepoint    ] Leaving safepoint region
[2022-06-13T01:59:38.218+0000][1][safepoint    ] Total time for which application threads were stopped: 0.0005433 seconds, Stopping threads took: 0.0003295 seconds
[2022-06-13T01:59:38.218+0000][1][safepoint    ] Application time: 0.0001528 seconds
[2022-06-13T01:59:38.219+0000][1][safepoint    ] Entering safepoint region: RevokeBias
[2022-06-13T01:59:38.219+0000][1][safepoint    ] Leaving safepoint region
[2022-06-13T01:59:38.219+0000][1][safepoint    ] Total time for which application threads were stopped: 0.0003310 seconds, Stopping threads took: 0.0001622 seconds
[2022-06-13T01:59:38.219+0000][1][safepoint    ] Application time: 0.0002461 seconds
[2022-06-13T01:59:38.219+0000][1][safepoint    ] Entering safepoint region: RevokeBias
[2022-06-13T01:59:38.220+0000][1][safepoint    ] Leaving safepoint region
[2022-06-13T01:59:38.220+0000][1][safepoint    ] Total time for which application threads were stopped: 0.0004189 seconds, Stopping threads took: 0.0002058 seconds
[2022-06-13T01:59:38.220+0000][1][safepoint    ] Application time: 0.0001356 seconds
[2022-06-13T01:59:38.221+0000][1][safepoint    ] Entering safepoint region: BulkRevokeBias
[2022-06-13T01:59:38.221+0000][1][safepoint    ] Leaving safepoint region
[2022-06-13T01:59:38.221+0000][1][safepoint    ] Total time for which application threads were stopped: 0.0008037 seconds, Stopping threads took: 0.0003741 seconds
[2022-06-13T01:59:38.222+0000][1][safepoint    ] Application time: 0.0002986 seconds
[2022-06-13T01:59:38.222+0000][1][safepoint    ] Entering safepoint region: RevokeBias
[2022-06-13T01:59:38.223+0000][1][safepoint    ] Leaving safepoint region
[2022-06-13T01:59:38.223+0000][1][safepoint    ] Total time for which application threads were stopped: 0.0008801 seconds, Stopping threads took: 0.0004358 seconds
[2022-06-13T01:59:38.224+0000][1][safepoint    ] Application time: 0.0003865 seconds
[2022-06-13T01:59:38.225+0000][1][safepoint    ] Entering safepoint region: BulkRevokeBias
[2022-06-13T01:59:38.225+0000][1][safepoint    ] Leaving safepoint region
[2022-06-13T01:59:38.225+0000][1][safepoint    ] Total time for which application threads were stopped: 0.0009104 seconds, Stopping threads took: 0.0004694 seconds
[2022-06-13T01:59:38.290+0000][1][safepoint    ] Application time: 0.0638510 seconds
[2022-06-13T01:59:38.291+0000][1][safepoint    ] Entering safepoint region: GenCollectForAllocation
[2022-06-13T01:59:38.291+0000][1][gc,start     ] GC(2) Pause Young (Allocation Failure)
[2022-06-13T01:59:38.292+0000][1][gc,task      ] GC(2) Using 5 workers of 13 for evacuation
[2022-06-13T01:59:38.295+0000][1][gc,age       ] GC(2) Desired survivor size 4456448 bytes, new threshold 6 (max threshold 6)
[2022-06-13T01:59:38.296+0000][1][gc,age       ] GC(2) Age table with threshold 6 (max threshold 6)
[2022-06-13T01:59:38.296+0000][1][gc,age       ] GC(2) - age   1:    2590464 bytes,    2590464 total
[2022-06-13T01:59:38.297+0000][1][gc,age       ] GC(2) - age   2:    1180208 bytes,    3770672 total
[2022-06-13T01:59:38.297+0000][1][gc,heap      ] GC(2) ParNew: 75355K->4404K(78656K)
[2022-06-13T01:59:38.298+0000][1][gc,heap      ] GC(2) CMS: 6687K->6687K(174784K)
[2022-06-13T01:59:38.299+0000][1][gc,metaspace ] GC(2) Metaspace: 15091K->15091K(1062912K)
[2022-06-13T01:59:38.299+0000][1][gc           ] GC(2) Pause Young (Allocation Failure) 80M->10M(247M) 8.040ms
[2022-06-13T01:59:38.300+0000][1][gc,cpu       ] GC(2) User=0.03s Sys=0.00s Real=0.01s
[2022-06-13T01:59:38.300+0000][1][safepoint    ] Leaving safepoint region
[2022-06-13T01:59:38.301+0000][1][safepoint    ] Total time for which application threads were stopped: 0.0102448 seconds, Stopping threads took: 0.0007155 seconds
[2022-06-13T01:59:38.302+0000][1][safepoint    ] Application time: 0.0005306 seconds
[2022-06-13T01:59:38.302+0000][1][safepoint    ] Entering safepoint region: RevokeBias
[2022-06-13T01:59:38.303+0000][1][safepoint    ] Leaving safepoint region
[2022-06-13T01:59:38.303+0000][1][safepoint    ] Total time for which application threads were stopped: 0.0011397 seconds, Stopping threads took: 0.0005498 seconds
[2022-06-13T01:59:38.304+0000][1][safepoint    ] Application time: 0.0002788 seconds
[2022-06-13T01:59:38.305+0000][1][safepoint    ] Entering safepoint region: RevokeBias
[2022-06-13T01:59:38.305+0000][1][safepoint    ] Leaving safepoint region
[2022-06-13T01:59:38.306+0000][1][safepoint    ] Total time for which application threads were stopped: 0.0011775 seconds, Stopping threads took: 0.0006744 seconds
[2022-06-13T01:59:38.306+0000][1][safepoint    ] Application time: 0.0002084 seconds
[2022-06-13T01:59:38.307+0000][1][safepoint    ] Entering safepoint region: RevokeBias
[2022-06-13T01:59:38.307+0000][1][safepoint    ] Leaving safepoint region
[2022-06-13T01:59:38.308+0000][1][safepoint    ] Total time for which application threads were stopped: 0.0010552 seconds, Stopping threads took: 0.0005597 seconds
[2022-06-13T01:59:38.309+0000][1][safepoint    ] Application time: 0.0002671 seconds
[2022-06-13T01:59:38.309+0000][1][safepoint    ] Entering safepoint region: RevokeBias
[2022-06-13T01:59:38.310+0000][1][safepoint    ] Leaving safepoint region
[2022-06-13T01:59:38.310+0000][1][safepoint    ] Total time for which application threads were stopped: 0.0010745 seconds, Stopping threads took: 0.0006732 seconds
[2022-06-13T01:59:38.311+0000][1][safepoint    ] Application time: 0.0001733 seconds
[2022-06-13T01:59:38.311+0000][1][safepoint    ] Entering safepoint region: RevokeBias
[2022-06-13T01:59:38.311+0000][1][safepoint    ] Leaving safepoint region
[2022-06-13T01:59:38.312+0000][1][safepoint    ] Total time for which application threads were stopped: 0.0006346 seconds, Stopping threads took: 0.0003410 seconds
[2022-06-13T01:59:38.312+0000][1][safepoint    ] Application time: 0.0001111 seconds
[2022-06-13T01:59:38.312+0000][1][safepoint    ] Entering safepoint region: RevokeBias
[2022-06-13T01:59:38.313+0000][1][safepoint    ] Leaving safepoint region
[2022-06-13T01:59:38.313+0000][1][safepoint    ] Total time for which application threads were stopped: 0.0009159 seconds, Stopping threads took: 0.0004839 seconds
[2022-06-13T01:59:38.388+0000][1][safepoint    ] Application time: 0.0746591 seconds
[2022-06-13T01:59:38.389+0000][1][safepoint    ] Entering safepoint region: Deoptimize
[2022-06-13T01:59:38.390+0000][1][safepoint    ] Leaving safepoint region
[2022-06-13T01:59:38.390+0000][1][safepoint    ] Total time for which application threads were stopped: 0.0012517 seconds, Stopping threads took: 0.0004639 seconds
[2022-06-13T01:59:38.391+0000][1][safepoint    ] Application time: 0.0005533 seconds
[2022-06-13T01:59:38.392+0000][1][safepoint    ] Entering safepoint region: Deoptimize
[2022-06-13T01:59:38.392+0000][1][safepoint    ] Leaving safepoint region
[2022-06-13T01:59:38.393+0000][1][safepoint    ] Total time for which application threads were stopped: 0.0011316 seconds, Stopping threads took: 0.0004406 seconds
[2022-06-13T01:59:38.499+0000][1][safepoint    ] Application time: 0.1056730 seconds
[2022-06-13T01:59:38.499+0000][1][safepoint    ] Entering safepoint region: GenCollectForAllocation
[2022-06-13T01:59:38.499+0000][1][gc,start     ] GC(3) Pause Young (Allocation Failure)
[2022-06-13T01:59:38.500+0000][1][gc,task      ] GC(3) Using 5 workers of 13 for evacuation
[2022-06-13T01:59:38.502+0000][1][gc,age       ] GC(3) Desired survivor size 4456448 bytes, new threshold 3 (max threshold 6)
[2022-06-13T01:59:38.503+0000][1][gc,age       ] GC(3) Age table with threshold 3 (max threshold 6)
[2022-06-13T01:59:38.503+0000][1][gc,age       ] GC(3) - age   1:    3228240 bytes,    3228240 total
[2022-06-13T01:59:38.503+0000][1][gc,age       ] GC(3) - age   2:     318824 bytes,    3547064 total
[2022-06-13T01:59:38.504+0000][1][gc,age       ] GC(3) - age   3:    1177192 bytes,    4724256 total
[2022-06-13T01:59:38.504+0000][1][gc,heap      ] GC(3) ParNew: 74356K->6447K(78656K)
[2022-06-13T01:59:38.504+0000][1][gc,heap      ] GC(3) CMS: 6687K->6687K(174784K)
[2022-06-13T01:59:38.505+0000][1][gc,metaspace ] GC(3) Metaspace: 18295K->18295K(1067008K)
[2022-06-13T01:59:38.505+0000][1][gc           ] GC(3) Pause Young (Allocation Failure) 79M->12M(247M) 5.525ms
[2022-06-13T01:59:38.505+0000][1][gc,cpu       ] GC(3) User=0.01s Sys=0.00s Real=0.00s
[2022-06-13T01:59:38.506+0000][1][safepoint    ] Leaving safepoint region
[2022-06-13T01:59:38.506+0000][1][safepoint    ] Total time for which application threads were stopped: 0.0068282 seconds, Stopping threads took: 0.0003304 seconds
[2022-06-13T01:59:38.506+0000][1][safepoint    ] Application time: 0.0003045 seconds
[2022-06-13T01:59:38.507+0000][1][safepoint    ] Entering safepoint region: RevokeBias
[2022-06-13T01:59:38.507+0000][1][safepoint    ] Leaving safepoint region
[2022-06-13T01:59:38.508+0000][1][safepoint    ] Total time for which application threads were stopped: 0.0007887 seconds, Stopping threads took: 0.0004289 seconds
[2022-06-13T01:59:38.508+0000][1][safepoint    ] Application time: 0.0001118 seconds
[2022-06-13T01:59:38.508+0000][1][safepoint    ] Entering safepoint region: RevokeBias
[2022-06-13T01:59:38.509+0000][1][safepoint    ] Leaving safepoint region
[2022-06-13T01:59:38.509+0000][1][safepoint    ] Total time for which application threads were stopped: 0.0002903 seconds, Stopping threads took: 0.0001653 seconds
[2022-06-13T01:59:38.509+0000][1][safepoint    ] Application time: 0.0001896 seconds
[2022-06-13T01:59:38.509+0000][1][safepoint    ] Entering safepoint region: RevokeBias
[2022-06-13T01:59:38.509+0000][1][safepoint    ] Leaving safepoint region
[2022-06-13T01:59:38.510+0000][1][safepoint    ] Total time for which application threads were stopped: 0.0004356 seconds, Stopping threads took: 0.0002749 seconds
[2022-06-13T01:59:38.510+0000][1][safepoint    ] Application time: 0.0001768 seconds
[2022-06-13T01:59:38.510+0000][1][safepoint    ] Entering safepoint region: RevokeBias
[2022-06-13T01:59:38.510+0000][1][safepoint    ] Leaving safepoint region
[2022-06-13T01:59:38.510+0000][1][safepoint    ] Total time for which application threads were stopped: 0.0003118 seconds, Stopping threads took: 0.0000891 seconds
[2022-06-13T01:59:38.510+0000][1][safepoint    ] Application time: 0.0001454 seconds
[2022-06-13T01:59:38.511+0000][1][safepoint    ] Entering safepoint region: RevokeBias
[2022-06-13T01:59:38.511+0000][1][safepoint    ] Leaving safepoint region
[2022-06-13T01:59:38.511+0000][1][safepoint    ] Total time for which application threads were stopped: 0.0002798 seconds, Stopping threads took: 0.0001694 seconds
[2022-06-13T01:59:38.511+0000][1][safepoint    ] Application time: 0.0001809 seconds
[2022-06-13T01:59:38.512+0000][1][safepoint    ] Entering safepoint region: RevokeBias
[2022-06-13T01:59:38.512+0000][1][safepoint    ] Leaving safepoint region
[2022-06-13T01:59:38.512+0000][1][safepoint    ] Total time for which application threads were stopped: 0.0002346 seconds, Stopping threads took: 0.0001278 seconds
[2022-06-13T01:59:38.512+0000][1][safepoint    ] Application time: 0.0001029 seconds
[2022-06-13T01:59:38.512+0000][1][safepoint    ] Entering safepoint region: RevokeBias
[2022-06-13T01:59:38.513+0000][1][safepoint    ] Leaving safepoint region
[2022-06-13T01:59:38.513+0000][1][safepoint    ] Total time for which application threads were stopped: 0.0004229 seconds, Stopping threads took: 0.0002664 seconds
[2022-06-13T01:59:38.513+0000][1][safepoint    ] Application time: 0.0000928 seconds
[2022-06-13T01:59:38.513+0000][1][safepoint    ] Entering safepoint region: RevokeBias
[2022-06-13T01:59:38.513+0000][1][safepoint    ] Leaving safepoint region
[2022-06-13T01:59:38.514+0000][1][safepoint    ] Total time for which application threads were stopped: 0.0004659 seconds, Stopping threads took: 0.0003498 seconds
[2022-06-13T01:59:38.514+0000][1][safepoint    ] Application time: 0.0001026 seconds
[2022-06-13T01:59:38.514+0000][1][safepoint    ] Entering safepoint region: RevokeBias
[2022-06-13T01:59:38.514+0000][1][safepoint    ] Leaving safepoint region
[2022-06-13T01:59:38.514+0000][1][safepoint    ] Total time for which application threads were stopped: 0.0002101 seconds, Stopping threads took: 0.0001063 seconds
[2022-06-13T01:59:38.514+0000][1][safepoint    ] Application time: 0.0000991 seconds
[2022-06-13T01:59:38.515+0000][1][safepoint    ] Entering safepoint region: RevokeBias
[2022-06-13T01:59:38.515+0000][1][safepoint    ] Leaving safepoint region
[2022-06-13T01:59:38.515+0000][1][safepoint    ] Total time for which application threads were stopped: 0.0002389 seconds, Stopping threads took: 0.0001431 seconds
[2022-06-13T01:59:38.515+0000][1][safepoint    ] Application time: 0.0001127 seconds
[2022-06-13T01:59:38.515+0000][1][safepoint    ] Entering safepoint region: RevokeBias
[2022-06-13T01:59:38.516+0000][1][safepoint    ] Leaving safepoint region
[2022-06-13T01:59:38.516+0000][1][safepoint    ] Total time for which application threads were stopped: 0.0004306 seconds, Stopping threads took: 0.0003276 seconds
[2022-06-13T01:59:38.516+0000][1][safepoint    ] Application time: 0.0000607 seconds
[2022-06-13T01:59:38.516+0000][1][safepoint    ] Entering safepoint region: RevokeBias
[2022-06-13T01:59:38.516+0000][1][safepoint    ] Leaving safepoint region
[2022-06-13T01:59:38.517+0000][1][safepoint    ] Total time for which application threads were stopped: 0.0005721 seconds, Stopping threads took: 0.0003752 seconds
[2022-06-13T01:59:38.517+0000][1][safepoint    ] Application time: 0.0000823 seconds
[2022-06-13T01:59:38.517+0000][1][safepoint    ] Entering safepoint region: RevokeBias
[2022-06-13T01:59:38.518+0000][1][safepoint    ] Leaving safepoint region
[2022-06-13T01:59:38.518+0000][1][safepoint    ] Total time for which application threads were stopped: 0.0005133 seconds, Stopping threads took: 0.0002604 seconds
[2022-06-13T01:59:38.518+0000][1][safepoint    ] Application time: 0.0001050 seconds
[2022-06-13T01:59:38.519+0000][1][safepoint    ] Entering safepoint region: RevokeBias
[2022-06-13T01:59:38.519+0000][1][safepoint    ] Leaving safepoint region
[2022-06-13T01:59:38.519+0000][1][safepoint    ] Total time for which application threads were stopped: 0.0003906 seconds, Stopping threads took: 0.0002815 seconds
[2022-06-13T01:59:38.519+0000][1][safepoint    ] Application time: 0.0000780 seconds
[2022-06-13T01:59:38.519+0000][1][safepoint    ] Entering safepoint region: RevokeBias
[2022-06-13T01:59:38.519+0000][1][safepoint    ] Leaving safepoint region
[2022-06-13T01:59:38.519+0000][1][safepoint    ] Total time for which application threads were stopped: 0.0002925 seconds, Stopping threads took: 0.0001396 seconds
[2022-06-13T01:59:38.520+0000][1][safepoint    ] Application time: 0.0000755 seconds
[2022-06-13T01:59:38.520+0000][1][safepoint    ] Entering safepoint region: RevokeBias
[2022-06-13T01:59:38.520+0000][1][safepoint    ] Leaving safepoint region
[2022-06-13T01:59:38.520+0000][1][safepoint    ] Total time for which application threads were stopped: 0.0002415 seconds, Stopping threads took: 0.0001229 seconds
[2022-06-13T01:59:38.520+0000][1][safepoint    ] Application time: 0.0000779 seconds
[2022-06-13T01:59:38.520+0000][1][safepoint    ] Entering safepoint region: RevokeBias
[2022-06-13T01:59:38.521+0000][1][safepoint    ] Leaving safepoint region
[2022-06-13T01:59:38.521+0000][1][safepoint    ] Total time for which application threads were stopped: 0.0002337 seconds, Stopping threads took: 0.0001302 seconds
[2022-06-13T01:59:38.521+0000][1][safepoint    ] Application time: 0.0000621 seconds
[2022-06-13T01:59:38.521+0000][1][safepoint    ] Entering safepoint region: RevokeBias
[2022-06-13T01:59:38.521+0000][1][safepoint    ] Leaving safepoint region
[2022-06-13T01:59:38.521+0000][1][safepoint    ] Total time for which application threads were stopped: 0.0003404 seconds, Stopping threads took: 0.0002296 seconds
[2022-06-13T01:59:38.521+0000][1][safepoint    ] Application time: 0.0000713 seconds
[2022-06-13T01:59:38.522+0000][1][safepoint    ] Entering safepoint region: RevokeBias
[2022-06-13T01:59:38.522+0000][1][safepoint    ] Leaving safepoint region
[2022-06-13T01:59:38.522+0000][1][safepoint    ] Total time for which application threads were stopped: 0.0002407 seconds, Stopping threads took: 0.0001253 seconds
[2022-06-13T01:59:38.522+0000][1][safepoint    ] Application time: 0.0000947 seconds
[2022-06-13T01:59:38.522+0000][1][safepoint    ] Entering safepoint region: RevokeBias
[2022-06-13T01:59:38.522+0000][1][safepoint    ] Leaving safepoint region
[2022-06-13T01:59:38.522+0000][1][safepoint    ] Total time for which application threads were stopped: 0.0002569 seconds, Stopping threads took: 0.0001444 seconds
[2022-06-13T01:59:38.523+0000][1][safepoint    ] Application time: 0.0000542 seconds
[2022-06-13T01:59:38.523+0000][1][safepoint    ] Entering safepoint region: RevokeBias
[2022-06-13T01:59:38.523+0000][1][safepoint    ] Leaving safepoint region
[2022-06-13T01:59:38.523+0000][1][safepoint    ] Total time for which application threads were stopped: 0.0002434 seconds, Stopping threads took: 0.0001427 seconds
[2022-06-13T01:59:38.592+0000][1][safepoint    ] Application time: 0.0685457 seconds
[2022-06-13T01:59:38.592+0000][1][safepoint    ] Entering safepoint region: GenCollectForAllocation
[2022-06-13T01:59:38.593+0000][1][gc,start     ] GC(4) Pause Young (Allocation Failure)
[2022-06-13T01:59:38.593+0000][1][gc,task      ] GC(4) Using 5 workers of 13 for evacuation
[2022-06-13T01:59:38.596+0000][1][gc,age       ] GC(4) Desired survivor size 4456448 bytes, new threshold 3 (max threshold 6)
[2022-06-13T01:59:38.597+0000][1][gc,age       ] GC(4) Age table with threshold 3 (max threshold 6)
[2022-06-13T01:59:38.597+0000][1][gc,age       ] GC(4) - age   1:    1063952 bytes,    1063952 total
[2022-06-13T01:59:38.598+0000][1][gc,age       ] GC(4) - age   2:    3170832 bytes,    4234784 total
[2022-06-13T01:59:38.598+0000][1][gc,age       ] GC(4) - age   3:     318296 bytes,    4553080 total
[2022-06-13T01:59:38.599+0000][1][gc,heap      ] GC(4) ParNew: 76399K->6930K(78656K)
[2022-06-13T01:59:38.599+0000][1][gc,heap      ] GC(4) CMS: 6687K->7854K(174784K)
[2022-06-13T01:59:38.600+0000][1][gc,metaspace ] GC(4) Metaspace: 18781K->18781K(1067008K)
[2022-06-13T01:59:38.600+0000][1][gc           ] GC(4) Pause Young (Allocation Failure) 81M->14M(247M) 7.675ms
[2022-06-13T01:59:38.601+0000][1][gc,cpu       ] GC(4) User=0.02s Sys=0.00s Real=0.01s
[2022-06-13T01:59:38.601+0000][1][safepoint    ] Leaving safepoint region
[2022-06-13T01:59:38.602+0000][1][safepoint    ] Total time for which application threads were stopped: 0.0097304 seconds, Stopping threads took: 0.0004285 seconds
[2022-06-13T01:59:38.603+0000][1][safepoint    ] Application time: 0.0004165 seconds
[2022-06-13T01:59:38.603+0000][1][safepoint    ] Entering safepoint region: RevokeBias
[2022-06-13T01:59:38.604+0000][1][safepoint    ] Leaving safepoint region
[2022-06-13T01:59:38.605+0000][1][safepoint    ] Total time for which application threads were stopped: 0.0013878 seconds, Stopping threads took: 0.0006701 seconds
[2022-06-13T01:59:38.605+0000][1][safepoint    ] Application time: 0.0001682 seconds
[2022-06-13T01:59:38.606+0000][1][safepoint    ] Entering safepoint region: RevokeBias
[2022-06-13T01:59:38.606+0000][1][safepoint    ] Leaving safepoint region
[2022-06-13T01:59:38.607+0000][1][safepoint    ] Total time for which application threads were stopped: 0.0008496 seconds, Stopping threads took: 0.0004327 seconds
[2022-06-13T01:59:38.607+0000][1][safepoint    ] Application time: 0.0002644 seconds
[2022-06-13T01:59:38.608+0000][1][safepoint    ] Entering safepoint region: RevokeBias
[2022-06-13T01:59:38.609+0000][1][safepoint    ] Leaving safepoint region
[2022-06-13T01:59:38.609+0000][1][safepoint    ] Total time for which application threads were stopped: 0.0011855 seconds, Stopping threads took: 0.0006805 seconds
[2022-06-13T01:59:38.610+0000][1][safepoint    ] Application time: 0.0002082 seconds
[2022-06-13T01:59:38.611+0000][1][safepoint    ] Entering safepoint region: RevokeBias
[2022-06-13T01:59:38.611+0000][1][safepoint    ] Leaving safepoint region
[2022-06-13T01:59:38.612+0000][1][safepoint    ] Total time for which application threads were stopped: 0.0009872 seconds, Stopping threads took: 0.0005778 seconds
[2022-06-13T01:59:38.630+0000][1][safepoint    ] Application time: 0.0184954 seconds
[2022-06-13T01:59:38.631+0000][1][safepoint    ] Entering safepoint region: Deoptimize
[2022-06-13T01:59:38.631+0000][1][safepoint    ] Leaving safepoint region
[2022-06-13T01:59:38.632+0000][1][safepoint    ] Total time for which application threads were stopped: 0.0011844 seconds, Stopping threads took: 0.0004575 seconds
[2022-06-13T01:59:38.659+0000][1][safepoint    ] Application time: 0.0262699 seconds
[2022-06-13T01:59:38.659+0000][1][safepoint    ] Entering safepoint region: Deoptimize
[2022-06-13T01:59:38.660+0000][1][safepoint    ] Leaving safepoint region
[2022-06-13T01:59:38.661+0000][1][safepoint    ] Total time for which application threads were stopped: 0.0012808 seconds, Stopping threads took: 0.0005482 seconds
[2022-06-13T01:59:38.716+0000][1][safepoint    ] Application time: 0.0547695 seconds
[2022-06-13T01:59:38.717+0000][1][safepoint    ] Entering safepoint region: GenCollectForAllocation
[2022-06-13T01:59:38.717+0000][1][gc,start     ] GC(5) Pause Young (Allocation Failure)
[2022-06-13T01:59:38.718+0000][1][gc,task      ] GC(5) Using 5 workers of 13 for evacuation
[2022-06-13T01:59:38.721+0000][1][gc,age       ] GC(5) Desired survivor size 4456448 bytes, new threshold 3 (max threshold 6)
[2022-06-13T01:59:38.721+0000][1][gc,age       ] GC(5) Age table with threshold 3 (max threshold 6)
[2022-06-13T01:59:38.722+0000][1][gc,age       ] GC(5) - age   1:    2179680 bytes,    2179680 total
[2022-06-13T01:59:38.722+0000][1][gc,age       ] GC(5) - age   2:     581616 bytes,    2761296 total
[2022-06-13T01:59:38.723+0000][1][gc,age       ] GC(5) - age   3:    3166632 bytes,    5927928 total
[2022-06-13T01:59:38.723+0000][1][gc,heap      ] GC(5) ParNew: 76882K->8630K(78656K)
[2022-06-13T01:59:38.723+0000][1][gc,heap      ] GC(5) CMS: 7854K->8169K(174784K)
[2022-06-13T01:59:38.724+0000][1][gc,metaspace ] GC(5) Metaspace: 19086K->19086K(1067008K)
[2022-06-13T01:59:38.724+0000][1][gc           ] GC(5) Pause Young (Allocation Failure) 82M->16M(247M) 7.180ms
[2022-06-13T01:59:38.725+0000][1][gc,cpu       ] GC(5) User=0.05s Sys=0.00s Real=0.01s
[2022-06-13T01:59:38.725+0000][1][safepoint    ] Leaving safepoint region
[2022-06-13T01:59:38.726+0000][1][safepoint    ] Total time for which application threads were stopped: 0.0091825 seconds, Stopping threads took: 0.0004636 seconds
[2022-06-13T01:59:38.727+0000][1][safepoint    ] Application time: 0.0003738 seconds
[2022-06-13T01:59:38.728+0000][1][safepoint    ] Entering safepoint region: RevokeBias
[2022-06-13T01:59:38.728+0000][1][safepoint    ] Leaving safepoint region
[2022-06-13T01:59:38.728+0000][1][safepoint    ] Total time for which application threads were stopped: 0.0010840 seconds, Stopping threads took: 0.0006185 seconds
[2022-06-13T01:59:38.729+0000][1][safepoint    ] Application time: 0.0000906 seconds
[2022-06-13T01:59:38.729+0000][1][safepoint    ] Entering safepoint region: RevokeBias
[2022-06-13T01:59:38.729+0000][1][safepoint    ] Leaving safepoint region
[2022-06-13T01:59:38.730+0000][1][safepoint    ] Total time for which application threads were stopped: 0.0008829 seconds, Stopping threads took: 0.0003991 seconds
[2022-06-13T01:59:38.730+0000][1][safepoint    ] Application time: 0.0001415 seconds
[2022-06-13T01:59:38.730+0000][1][safepoint    ] Entering safepoint region: RevokeBias
[2022-06-13T01:59:38.731+0000][1][safepoint    ] Leaving safepoint region
[2022-06-13T01:59:38.731+0000][1][safepoint    ] Total time for which application threads were stopped: 0.0007210 seconds, Stopping threads took: 0.0004297 seconds
[2022-06-13T01:59:38.732+0000][1][safepoint    ] Application time: 0.0001805 seconds
[2022-06-13T01:59:38.732+0000][1][safepoint    ] Entering safepoint region: RevokeBias
[2022-06-13T01:59:38.733+0000][1][safepoint    ] Leaving safepoint region
[2022-06-13T01:59:38.733+0000][1][safepoint    ] Total time for which application threads were stopped: 0.0008261 seconds, Stopping threads took: 0.0003877 seconds
[2022-06-13T01:59:38.733+0000][1][safepoint    ] Application time: 0.0000778 seconds
[2022-06-13T01:59:38.734+0000][1][safepoint    ] Entering safepoint region: RevokeBias
[2022-06-13T01:59:38.734+0000][1][safepoint    ] Leaving safepoint region
[2022-06-13T01:59:38.734+0000][1][safepoint    ] Total time for which application threads were stopped: 0.0007697 seconds, Stopping threads took: 0.0004863 seconds
[2022-06-13T01:59:38.735+0000][1][safepoint    ] Application time: 0.0002040 seconds
[2022-06-13T01:59:38.735+0000][1][safepoint    ] Entering safepoint region: RevokeBias
[2022-06-13T01:59:38.736+0000][1][safepoint    ] Leaving safepoint region
[2022-06-13T01:59:38.736+0000][1][safepoint    ] Total time for which application threads were stopped: 0.0007891 seconds, Stopping threads took: 0.0003761 seconds
[2022-06-13T01:59:38.813+0000][1][safepoint    ] Application time: 0.0772002 seconds
[2022-06-13T01:59:38.814+0000][1][safepoint    ] Entering safepoint region: GenCollectForAllocation
[2022-06-13T01:59:38.814+0000][1][gc,start     ] GC(6) Pause Young (Allocation Failure)
[2022-06-13T01:59:38.814+0000][1][gc,task      ] GC(6) Using 5 workers of 13 for evacuation
[2022-06-13T01:59:38.817+0000][1][gc,age       ] GC(6) Desired survivor size 4456448 bytes, new threshold 6 (max threshold 6)
[2022-06-13T01:59:38.817+0000][1][gc,age       ] GC(6) Age table with threshold 6 (max threshold 6)
[2022-06-13T01:59:38.818+0000][1][gc,age       ] GC(6) - age   1:    1415720 bytes,    1415720 total
[2022-06-13T01:59:38.818+0000][1][gc,age       ] GC(6) - age   2:    2166392 bytes,    3582112 total
[2022-06-13T01:59:38.818+0000][1][gc,age       ] GC(6) - age   3:     581616 bytes,    4163728 total
[2022-06-13T01:59:38.818+0000][1][gc,heap      ] GC(6) ParNew: 78582K->7884K(78656K)
[2022-06-13T01:59:38.818+0000][1][gc,heap      ] GC(6) CMS: 8169K->11285K(174784K)
[2022-06-13T01:59:38.819+0000][1][gc,metaspace ] GC(6) Metaspace: 19440K->19440K(1067008K)
[2022-06-13T01:59:38.819+0000][1][gc           ] GC(6) Pause Young (Allocation Failure) 84M->18M(247M) 4.532ms
[2022-06-13T01:59:38.819+0000][1][gc,cpu       ] GC(6) User=0.01s Sys=0.00s Real=0.00s
[2022-06-13T01:59:38.819+0000][1][safepoint    ] Leaving safepoint region
[2022-06-13T01:59:38.819+0000][1][safepoint    ] Total time for which application threads were stopped: 0.0054821 seconds, Stopping threads took: 0.0002282 seconds
[2022-06-13T01:59:38.820+0000][1][safepoint    ] Application time: 0.0001918 seconds
[2022-06-13T01:59:38.820+0000][1][safepoint    ] Entering safepoint region: RevokeBias
[2022-06-13T01:59:38.820+0000][1][safepoint    ] Leaving safepoint region
[2022-06-13T01:59:38.821+0000][1][safepoint    ] Total time for which application threads were stopped: 0.0004037 seconds, Stopping threads took: 0.0001893 seconds
[2022-06-13T01:59:38.821+0000][1][safepoint    ] Application time: 0.0001861 seconds
[2022-06-13T01:59:38.821+0000][1][safepoint    ] Entering safepoint region: BulkRevokeBias
[2022-06-13T01:59:38.821+0000][1][safepoint    ] Leaving safepoint region
[2022-06-13T01:59:38.821+0000][1][safepoint    ] Total time for which application threads were stopped: 0.0004097 seconds, Stopping threads took: 0.0001866 seconds
[2022-06-13T01:59:38.822+0000][1][safepoint    ] Application time: 0.0001047 seconds
[2022-06-13T01:59:38.822+0000][1][safepoint    ] Entering safepoint region: BulkRevokeBias
[2022-06-13T01:59:38.823+0000][1][safepoint    ] Leaving safepoint region
[2022-06-13T01:59:38.823+0000][1][safepoint    ] Total time for which application threads were stopped: 0.0009169 seconds, Stopping threads took: 0.0005192 seconds
[2022-06-13T01:59:38.874+0000][1][safepoint    ] Application time: 0.0507718 seconds
[2022-06-13T01:59:38.875+0000][1][safepoint    ] Entering safepoint region: GenCollectForAllocation
[2022-06-13T01:59:38.875+0000][1][gc,start     ] GC(7) Pause Young (Allocation Failure)
[2022-06-13T01:59:38.875+0000][1][gc,task      ] GC(7) Using 5 workers of 13 for evacuation
[2022-06-13T01:59:38.877+0000][1][gc,age       ] GC(7) Desired survivor size 4456448 bytes, new threshold 6 (max threshold 6)
[2022-06-13T01:59:38.877+0000][1][gc,age       ] GC(7) Age table with threshold 6 (max threshold 6)
[2022-06-13T01:59:38.878+0000][1][gc,age       ] GC(7) - age   1:     482232 bytes,     482232 total
[2022-06-13T01:59:38.878+0000][1][gc,age       ] GC(7) - age   2:    1158392 bytes,    1640624 total
[2022-06-13T01:59:38.878+0000][1][gc,age       ] GC(7) - age   3:    2166368 bytes,    3806992 total
[2022-06-13T01:59:38.878+0000][1][gc,age       ] GC(7) - age   4:     581616 bytes,    4388608 total
[2022-06-13T01:59:38.878+0000][1][gc,heap      ] GC(7) ParNew: 77836K->5964K(78656K)
[2022-06-13T01:59:38.879+0000][1][gc,heap      ] GC(7) CMS: 11285K->11285K(174784K)
[2022-06-13T01:59:38.879+0000][1][gc,metaspace ] GC(7) Metaspace: 19692K->19692K(1067008K)
[2022-06-13T01:59:38.879+0000][1][gc           ] GC(7) Pause Young (Allocation Failure) 87M->16M(247M) 4.462ms
[2022-06-13T01:59:38.880+0000][1][gc,cpu       ] GC(7) User=0.01s Sys=0.00s Real=0.01s
[2022-06-13T01:59:38.880+0000][1][safepoint    ] Leaving safepoint region
[2022-06-13T01:59:38.880+0000][1][safepoint    ] Total time for which application threads were stopped: 0.0054784 seconds, Stopping threads took: 0.0003155 seconds
[2022-06-13T01:59:38.894+0000][1][safepoint    ] Application time: 0.0133576 seconds
[2022-06-13T01:59:38.894+0000][1][safepoint    ] Entering safepoint region: CollectForMetadataAllocation
[2022-06-13T01:59:38.894+0000][1][safepoint    ] Leaving safepoint region
[2022-06-13T01:59:38.894+0000][1][safepoint    ] Total time for which application threads were stopped: 0.0005164 seconds, Stopping threads took: 0.0001975 seconds
[2022-06-13T01:59:38.907+0000][1][safepoint    ] Application time: 0.0120411 seconds
[2022-06-13T01:59:38.907+0000][1][safepoint    ] Entering safepoint region: CollectForMetadataAllocation
[2022-06-13T01:59:38.908+0000][1][safepoint    ] Leaving safepoint region
[2022-06-13T01:59:38.908+0000][1][safepoint    ] Total time for which application threads were stopped: 0.0009285 seconds, Stopping threads took: 0.0003948 seconds
[2022-06-13T01:59:38.967+0000][1][safepoint    ] Application time: 0.0589552 seconds
[2022-06-13T01:59:38.968+0000][1][safepoint    ] Entering safepoint region: GenCollectForAllocation
[2022-06-13T01:59:38.969+0000][1][gc,start     ] GC(8) Pause Young (Allocation Failure)
[2022-06-13T01:59:38.969+0000][1][gc,task      ] GC(8) Using 5 workers of 13 for evacuation
[2022-06-13T01:59:38.971+0000][1][gc,age       ] GC(8) Desired survivor size 4456448 bytes, new threshold 5 (max threshold 6)
[2022-06-13T01:59:38.972+0000][1][gc,age       ] GC(8) Age table with threshold 5 (max threshold 6)
[2022-06-13T01:59:38.972+0000][1][gc,age       ] GC(8) - age   1:     520808 bytes,     520808 total
[2022-06-13T01:59:38.973+0000][1][gc,age       ] GC(8) - age   2:     457480 bytes,     978288 total
[2022-06-13T01:59:38.973+0000][1][gc,age       ] GC(8) - age   3:    1158296 bytes,    2136584 total
[2022-06-13T01:59:38.974+0000][1][gc,age       ] GC(8) - age   4:    2164176 bytes,    4300760 total
[2022-06-13T01:59:38.974+0000][1][gc,age       ] GC(8) - age   5:     581616 bytes,    4882376 total
[2022-06-13T01:59:38.974+0000][1][gc,heap      ] GC(8) ParNew: 75916K->6882K(78656K)
[2022-06-13T01:59:38.975+0000][1][gc,heap      ] GC(8) CMS: 11285K->11285K(174784K)
[2022-06-13T01:59:38.975+0000][1][gc,metaspace ] GC(8) Metaspace: 20488K->20488K(1069056K)
[2022-06-13T01:59:38.975+0000][1][gc           ] GC(8) Pause Young (Allocation Failure) 85M->17M(247M) 6.775ms
[2022-06-13T01:59:38.976+0000][1][gc,cpu       ] GC(8) User=0.05s Sys=0.00s Real=0.01s
[2022-06-13T01:59:38.976+0000][1][safepoint    ] Leaving safepoint region
[2022-06-13T01:59:38.977+0000][1][safepoint    ] Total time for which application threads were stopped: 0.0085057 seconds, Stopping threads took: 0.0005763 seconds
[2022-06-13T01:59:38.977+0000][1][safepoint    ] Application time: 0.0002341 seconds
[2022-06-13T01:59:38.978+0000][1][safepoint    ] Entering safepoint region: CMS_Initial_Mark
[2022-06-13T01:59:38.978+0000][1][gc,start     ] GC(9) Pause Initial Mark
[2022-06-13T01:59:38.979+0000][1][gc           ] GC(9) Pause Initial Mark 19M->19M(247M) 0.884ms
[2022-06-13T01:59:38.979+0000][1][gc,cpu       ] GC(9) User=0.01s Sys=0.00s Real=0.01s
[2022-06-13T01:59:38.980+0000][1][safepoint    ] Leaving safepoint region
[2022-06-13T01:59:38.980+0000][1][safepoint    ] Total time for which application threads were stopped: 0.0025994 seconds, Stopping threads took: 0.0005562 seconds
[2022-06-13T01:59:38.981+0000][1][gc           ] GC(9) Concurrent Mark
[2022-06-13T01:59:38.982+0000][1][gc,task      ] GC(9) Using 4 workers of 4 for marking
[2022-06-13T01:59:38.986+0000][1][gc           ] GC(9) Concurrent Mark 5.122ms
[2022-06-13T01:59:38.986+0000][1][gc,cpu       ] GC(9) User=0.03s Sys=0.00s Real=0.00s
[2022-06-13T01:59:38.986+0000][1][gc           ] GC(9) Concurrent Preclean
[2022-06-13T01:59:38.987+0000][1][gc           ] GC(9) Concurrent Preclean 0.609ms
[2022-06-13T01:59:38.987+0000][1][gc,cpu       ] GC(9) User=0.00s Sys=0.00s Real=0.00s
[2022-06-13T01:59:38.988+0000][1][gc           ] GC(9) Concurrent Abortable Preclean
[2022-06-13T01:59:39.024+0000][1][safepoint    ] Application time: 0.0433462 seconds
[2022-06-13T01:59:39.024+0000][1][safepoint    ] Entering safepoint region: GenCollectForAllocation
[2022-06-13T01:59:39.025+0000][1][gc,start     ] GC(10) Pause Young (Allocation Failure)
[2022-06-13T01:59:39.025+0000][1][gc,task      ] GC(10) Using 5 workers of 13 for evacuation
[2022-06-13T01:59:39.027+0000][1][gc,age       ] GC(10) Desired survivor size 4456448 bytes, new threshold 5 (max threshold 6)
[2022-06-13T01:59:39.028+0000][1][gc,age       ] GC(10) Age table with threshold 5 (max threshold 6)
[2022-06-13T01:59:39.028+0000][1][gc,age       ] GC(10) - age   1:     928728 bytes,     928728 total
[2022-06-13T01:59:39.029+0000][1][gc,age       ] GC(10) - age   2:     507032 bytes,    1435760 total
[2022-06-13T01:59:39.029+0000][1][gc,age       ] GC(10) - age   3:     457360 bytes,    1893120 total
[2022-06-13T01:59:39.029+0000][1][gc,age       ] GC(10) - age   4:    1158296 bytes,    3051416 total
[2022-06-13T01:59:39.030+0000][1][gc,age       ] GC(10) - age   5:    2163984 bytes,    5215400 total
[2022-06-13T01:59:39.030+0000][1][gc,heap      ] GC(10) ParNew: 76834K->6240K(78656K)
[2022-06-13T01:59:39.030+0000][1][gc,heap      ] GC(10) CMS: 11285K->11864K(174784K)
[2022-06-13T01:59:39.031+0000][1][gc,metaspace ] GC(10) Metaspace: 20608K->20608K(1069056K)
[2022-06-13T01:59:39.031+0000][1][gc           ] GC(10) Pause Young (Allocation Failure) 86M->17M(247M) 6.387ms
[2022-06-13T01:59:39.031+0000][1][gc,cpu       ] GC(10) User=0.01s Sys=0.00s Real=0.01s
[2022-06-13T01:59:39.032+0000][1][safepoint    ] Leaving safepoint region
[2022-06-13T01:59:39.032+0000][1][safepoint    ] Total time for which application threads were stopped: 0.0076519 seconds, Stopping threads took: 0.0003950 seconds
[2022-06-13T01:59:39.078+0000][1][safepoint    ] Application time: 0.0452549 seconds
[2022-06-13T01:59:39.078+0000][1][safepoint    ] Entering safepoint region: GenCollectForAllocation
[2022-06-13T01:59:39.079+0000][1][gc,start     ] GC(11) Pause Young (Allocation Failure)
[2022-06-13T01:59:39.079+0000][1][gc,task      ] GC(11) Using 5 workers of 13 for evacuation
[2022-06-13T01:59:39.082+0000][1][gc,age       ] GC(11) Desired survivor size 4456448 bytes, new threshold 6 (max threshold 6)
[2022-06-13T01:59:39.083+0000][1][gc,age       ] GC(11) Age table with threshold 6 (max threshold 6)
[2022-06-13T01:59:39.083+0000][1][gc,age       ] GC(11) - age   1:    1574296 bytes,    1574296 total
[2022-06-13T01:59:39.083+0000][1][gc,age       ] GC(11) - age   2:     130792 bytes,    1705088 total
[2022-06-13T01:59:39.084+0000][1][gc,age       ] GC(11) - age   3:     507008 bytes,    2212096 total
[2022-06-13T01:59:39.084+0000][1][gc,age       ] GC(11) - age   4:     457232 bytes,    2669328 total
[2022-06-13T01:59:39.084+0000][1][gc,age       ] GC(11) - age   5:    1158008 bytes,    3827336 total
[2022-06-13T01:59:39.085+0000][1][gc,heap      ] GC(11) ParNew: 76192K->6352K(78656K)
[2022-06-13T01:59:39.085+0000][1][gc,heap      ] GC(11) CMS: 11864K->13991K(174784K)
[2022-06-13T01:59:39.085+0000][1][gc,metaspace ] GC(11) Metaspace: 20685K->20685K(1069056K)
[2022-06-13T01:59:39.086+0000][1][gc           ] GC(11) Pause Young (Allocation Failure) 85M->19M(247M) 7.132ms
[2022-06-13T01:59:39.086+0000][1][gc,cpu       ] GC(11) User=0.02s Sys=0.00s Real=0.01s
[2022-06-13T01:59:39.086+0000][1][safepoint    ] Leaving safepoint region
[2022-06-13T01:59:39.087+0000][1][safepoint    ] Total time for which application threads were stopped: 0.0086027 seconds, Stopping threads took: 0.0005328 seconds
[2022-06-13T01:59:39.087+0000][1][gc           ] GC(9) Concurrent Abortable Preclean 99.499ms
[2022-06-13T01:59:39.087+0000][1][gc,cpu       ] GC(9) User=0.27s Sys=0.00s Real=0.10s
[2022-06-13T01:59:39.088+0000][1][safepoint    ] Application time: 0.0004322 seconds
[2022-06-13T01:59:39.088+0000][1][safepoint    ] Entering safepoint region: CMS_Final_Remark
[2022-06-13T01:59:39.088+0000][1][gc,start     ] GC(9) Pause Remark
[2022-06-13T01:59:39.093+0000][1][gc           ] GC(9) Pause Remark 21M->21M(247M) 5.069ms
[2022-06-13T01:59:39.094+0000][1][gc,cpu       ] GC(9) User=0.01s Sys=0.00s Real=0.01s
[2022-06-13T01:59:39.094+0000][1][safepoint    ] Leaving safepoint region
[2022-06-13T01:59:39.094+0000][1][safepoint    ] Total time for which application threads were stopped: 0.0066908 seconds, Stopping threads took: 0.0004081 seconds
[2022-06-13T01:59:39.095+0000][1][gc           ] GC(9) Concurrent Sweep
[2022-06-13T01:59:39.098+0000][1][gc           ] GC(9) Concurrent Sweep 3.013ms
[2022-06-13T01:59:39.098+0000][1][gc,cpu       ] GC(9) User=0.00s Sys=0.00s Real=0.00s
[2022-06-13T01:59:39.098+0000][1][gc           ] GC(9) Concurrent Reset
[2022-06-13T01:59:39.099+0000][1][gc           ] GC(9) Concurrent Reset 0.307ms
[2022-06-13T01:59:39.099+0000][1][gc,cpu       ] GC(9) User=0.00s Sys=0.00s Real=0.00s
[2022-06-13T01:59:39.099+0000][1][gc,heap      ] GC(9) Old: 11285K->13965K(174784K)
[2022-06-13T01:59:39.282+0000][1][safepoint    ] Application time: 0.1875394 seconds
[2022-06-13T01:59:39.283+0000][1][safepoint    ] Entering safepoint region: Deoptimize
[2022-06-13T01:59:39.284+0000][1][safepoint    ] Leaving safepoint region
[2022-06-13T01:59:39.285+0000][1][safepoint    ] Total time for which application threads were stopped: 0.0018220 seconds, Stopping threads took: 0.0004663 seconds
[2022-06-13T01:59:39.325+0000][1][safepoint    ] Application time: 0.0397639 seconds
[2022-06-13T01:59:39.326+0000][1][safepoint    ] Entering safepoint region: RevokeBias
[2022-06-13T01:59:39.326+0000][1][safepoint    ] Leaving safepoint region
[2022-06-13T01:59:39.326+0000][1][safepoint    ] Total time for which application threads were stopped: 0.0008431 seconds, Stopping threads took: 0.0003733 seconds
[2022-06-13T01:59:39.327+0000][1][safepoint    ] Application time: 0.0005433 seconds
[2022-06-13T01:59:39.328+0000][1][safepoint    ] Entering safepoint region: RevokeBias
[2022-06-13T01:59:39.328+0000][1][safepoint    ] Leaving safepoint region
[2022-06-13T01:59:39.329+0000][1][safepoint    ] Total time for which application threads were stopped: 0.0009418 seconds, Stopping threads took: 0.0004092 seconds
[2022-06-13T01:59:39.333+0000][1][safepoint    ] Application time: 0.0042015 seconds
[2022-06-13T01:59:39.334+0000][1][safepoint    ] Entering safepoint region: Deoptimize
[2022-06-13T01:59:39.335+0000][1][safepoint    ] Leaving safepoint region
[2022-06-13T01:59:39.335+0000][1][safepoint    ] Total time for which application threads were stopped: 0.0011434 seconds, Stopping threads took: 0.0004040 seconds
[2022-06-13T01:59:39.336+0000][1][safepoint    ] Application time: 0.0005513 seconds
[2022-06-13T01:59:39.336+0000][1][safepoint    ] Entering safepoint region: Deoptimize
[2022-06-13T01:59:39.337+0000][1][safepoint    ] Leaving safepoint region
[2022-06-13T01:59:39.338+0000][1][safepoint    ] Total time for which application threads were stopped: 0.0016319 seconds, Stopping threads took: 0.0007851 seconds
[2022-06-13T01:59:39.345+0000][1][safepoint    ] Application time: 0.0069103 seconds
[2022-06-13T01:59:39.346+0000][1][safepoint    ] Entering safepoint region: RevokeBias
[2022-06-13T01:59:39.346+0000][1][safepoint    ] Leaving safepoint region
[2022-06-13T01:59:39.346+0000][1][safepoint    ] Total time for which application threads were stopped: 0.0008322 seconds, Stopping threads took: 0.0003767 seconds
[2022-06-13T01:59:39.347+0000][1][safepoint    ] Application time: 0.0006619 seconds
[2022-06-13T01:59:39.348+0000][1][safepoint    ] Entering safepoint region: Deoptimize
[2022-06-13T01:59:39.349+0000][1][safepoint    ] Leaving safepoint region
[2022-06-13T01:59:39.349+0000][1][safepoint    ] Total time for which application threads were stopped: 0.0013887 seconds, Stopping threads took: 0.0005302 seconds
[2022-06-13T01:59:39.353+0000][1][safepoint    ] Application time: 0.0033750 seconds
[2022-06-13T01:59:39.354+0000][1][safepoint    ] Entering safepoint region: Deoptimize
[2022-06-13T01:59:39.354+0000][1][safepoint    ] Leaving safepoint region
[2022-06-13T01:59:39.355+0000][1][safepoint    ] Total time for which application threads were stopped: 0.0008960 seconds, Stopping threads took: 0.0003426 seconds
[2022-06-13T01:59:39.390+0000][1][safepoint    ] Application time: 0.0354479 seconds
[2022-06-13T01:59:39.391+0000][1][safepoint    ] Entering safepoint region: GenCollectForAllocation
[2022-06-13T01:59:39.392+0000][1][gc,start     ] GC(12) Pause Young (Allocation Failure)
[2022-06-13T01:59:39.392+0000][1][gc,task      ] GC(12) Using 5 workers of 13 for evacuation
[2022-06-13T01:59:39.395+0000][1][gc,age       ] GC(12) Desired survivor size 4456448 bytes, new threshold 6 (max threshold 6)
[2022-06-13T01:59:39.395+0000][1][gc,age       ] GC(12) Age table with threshold 6 (max threshold 6)
[2022-06-13T01:59:39.396+0000][1][gc,age       ] GC(12) - age   1:    2820664 bytes,    2820664 total
[2022-06-13T01:59:39.396+0000][1][gc,age       ] GC(12) - age   2:     345144 bytes,    3165808 total
[2022-06-13T01:59:39.397+0000][1][gc,age       ] GC(12) - age   3:     130528 bytes,    3296336 total
[2022-06-13T01:59:39.397+0000][1][gc,age       ] GC(12) - age   4:     503936 bytes,    3800272 total
[2022-06-13T01:59:39.398+0000][1][gc,age       ] GC(12) - age   5:     454944 bytes,    4255216 total
[2022-06-13T01:59:39.398+0000][1][gc,age       ] GC(12) - age   6:    1157632 bytes,    5412848 total
[2022-06-13T01:59:39.399+0000][1][gc,heap      ] GC(12) ParNew: 76304K->6531K(78656K)
[2022-06-13T01:59:39.399+0000][1][gc,heap      ] GC(12) CMS: 13965K->13965K(174784K)
[2022-06-13T01:59:39.399+0000][1][gc,metaspace ] GC(12) Metaspace: 26397K->26397K(1073152K)
[2022-06-13T01:59:39.400+0000][1][gc           ] GC(12) Pause Young (Allocation Failure) 88M->20M(247M) 8.189ms
[2022-06-13T01:59:39.400+0000][1][gc,cpu       ] GC(12) User=0.02s Sys=0.00s Real=0.01s
[2022-06-13T01:59:39.401+0000][1][safepoint    ] Leaving safepoint region
[2022-06-13T01:59:39.401+0000][1][safepoint    ] Total time for which application threads were stopped: 0.0102272 seconds, Stopping threads took: 0.0004837 seconds
[2022-06-13T01:59:39.786+0000][1][safepoint    ] Application time: 0.3839899 seconds
[2022-06-13T01:59:39.786+0000][1][safepoint    ] Entering safepoint region: GenCollectForAllocation
[2022-06-13T01:59:39.787+0000][1][gc,start     ] GC(13) Pause Young (Allocation Failure)
[2022-06-13T01:59:39.787+0000][1][gc,task      ] GC(13) Using 5 workers of 13 for evacuation
[2022-06-13T01:59:39.802+0000][1][gc,age       ] GC(13) Desired survivor size 4456448 bytes, new threshold 1 (max threshold 6)
[2022-06-13T01:59:39.802+0000][1][gc,age       ] GC(13) Age table with threshold 1 (max threshold 6)
[2022-06-13T01:59:39.802+0000][1][gc,age       ] GC(13) - age   1:    4992696 bytes,    4992696 total
[2022-06-13T01:59:39.802+0000][1][gc,age       ] GC(13) - age   2:    2485184 bytes,    7477880 total
[2022-06-13T01:59:39.802+0000][1][gc,age       ] GC(13) - age   3:     344912 bytes,    7822792 total
[2022-06-13T01:59:39.802+0000][1][gc,age       ] GC(13) - age   4:     130464 bytes,    7953256 total
[2022-06-13T01:59:39.802+0000][1][gc,age       ] GC(13) - age   5:     503936 bytes,    8457192 total
[2022-06-13T01:59:39.803+0000][1][gc,age       ] GC(13) - age   6:     454944 bytes,    8912136 total
[2022-06-13T01:59:39.803+0000][1][gc,heap      ] GC(13) ParNew: 76483K->8704K(78656K)
[2022-06-13T01:59:39.803+0000][1][gc,heap      ] GC(13) CMS: 13965K->25121K(174784K)
[2022-06-13T01:59:39.803+0000][1][gc,metaspace ] GC(13) Metaspace: 27082K->27082K(1075200K)
[2022-06-13T01:59:39.803+0000][1][gc           ] GC(13) Pause Young (Allocation Failure) 88M->33M(247M) 16.387ms
[2022-06-13T01:59:39.803+0000][1][gc,cpu       ] GC(13) User=0.21s Sys=0.00s Real=0.02s
[2022-06-13T01:59:39.803+0000][1][safepoint    ] Leaving safepoint region
[2022-06-13T01:59:39.803+0000][1][safepoint    ] Total time for which application threads were stopped: 0.0172225 seconds, Stopping threads took: 0.0001963 seconds
[2022-06-13T01:59:39.862+0000][1][safepoint    ] Application time: 0.0584055 seconds
[2022-06-13T01:59:39.862+0000][1][safepoint    ] Entering safepoint region: RevokeBias
[2022-06-13T01:59:39.862+0000][1][safepoint    ] Leaving safepoint region
[2022-06-13T01:59:39.863+0000][1][safepoint    ] Total time for which application threads were stopped: 0.0004953 seconds, Stopping threads took: 0.0002303 seconds
[2022-06-13T01:59:40.012+0000][1][safepoint    ] Application time: 0.1487029 seconds
[2022-06-13T01:59:40.012+0000][1][safepoint    ] Entering safepoint region: Deoptimize
[2022-06-13T01:59:40.013+0000][1][safepoint    ] Leaving safepoint region
[2022-06-13T01:59:40.013+0000][1][safepoint    ] Total time for which application threads were stopped: 0.0012516 seconds, Stopping threads took: 0.0004596 seconds
[2022-06-13T01:59:40.066+0000][1][safepoint    ] Application time: 0.0526267 seconds
[2022-06-13T01:59:40.067+0000][1][safepoint    ] Entering safepoint region: GenCollectForAllocation
[2022-06-13T01:59:40.068+0000][1][gc,start     ] GC(14) Pause Young (Allocation Failure)
[2022-06-13T01:59:40.068+0000][1][gc,task      ] GC(14) Using 5 workers of 13 for evacuation
[2022-06-13T01:59:40.085+0000][1][gc,age       ] GC(14) Desired survivor size 4456448 bytes, new threshold 1 (max threshold 6)
[2022-06-13T01:59:40.086+0000][1][gc,age       ] GC(14) Age table with threshold 1 (max threshold 6)
[2022-06-13T01:59:40.086+0000][1][gc,age       ] GC(14) - age   1:    8912728 bytes,    8912728 total
[2022-06-13T01:59:40.087+0000][1][gc,heap      ] GC(14) ParNew: 78656K->8704K(78656K)
[2022-06-13T01:59:40.087+0000][1][gc,heap      ] GC(14) CMS: 25121K->39066K(174784K)
[2022-06-13T01:59:40.087+0000][1][gc,metaspace ] GC(14) Metaspace: 27233K->27233K(1075200K)
[2022-06-13T01:59:40.088+0000][1][gc           ] GC(14) Pause Young (Allocation Failure) 101M->46M(247M) 20.042ms
[2022-06-13T01:59:40.088+0000][1][gc,cpu       ] GC(14) User=0.11s Sys=0.00s Real=0.02s
[2022-06-13T01:59:40.089+0000][1][safepoint    ] Leaving safepoint region
[2022-06-13T01:59:40.089+0000][1][safepoint    ] Total time for which application threads were stopped: 0.0222787 seconds, Stopping threads took: 0.0006129 seconds
[2022-06-13T01:59:40.313+0000][1][safepoint    ] Application time: 0.2231508 seconds
[2022-06-13T01:59:40.313+0000][1][safepoint    ] Entering safepoint region: RevokeBias
[2022-06-13T01:59:40.313+0000][1][safepoint    ] Leaving safepoint region
[2022-06-13T01:59:40.314+0000][1][safepoint    ] Total time for which application threads were stopped: 0.0006457 seconds, Stopping threads took: 0.0003164 seconds
[2022-06-13T01:59:40.316+0000][1][safepoint    ] Application time: 0.0016522 seconds
[2022-06-13T01:59:40.316+0000][1][safepoint    ] Entering safepoint region: RevokeBias
[2022-06-13T01:59:40.316+0000][1][safepoint    ] Leaving safepoint region
[2022-06-13T01:59:40.316+0000][1][safepoint    ] Total time for which application threads were stopped: 0.0005457 seconds, Stopping threads took: 0.0002286 seconds
[2022-06-13T01:59:40.408+0000][1][safepoint    ] Application time: 0.0920285 seconds
[2022-06-13T01:59:40.409+0000][1][safepoint    ] Entering safepoint region: GenCollectForAllocation
[2022-06-13T01:59:40.409+0000][1][gc,start     ] GC(15) Pause Young (Allocation Failure)
[2022-06-13T01:59:40.410+0000][1][gc,task      ] GC(15) Using 5 workers of 13 for evacuation
[2022-06-13T01:59:40.420+0000][1][gc,age       ] GC(15) Desired survivor size 4456448 bytes, new threshold 1 (max threshold 6)
[2022-06-13T01:59:40.420+0000][1][gc,age       ] GC(15) Age table with threshold 1 (max threshold 6)
[2022-06-13T01:59:40.421+0000][1][gc,age       ] GC(15) - age   1:    7208752 bytes,    7208752 total
[2022-06-13T01:59:40.421+0000][1][gc,heap      ] GC(15) ParNew: 78656K->8704K(78656K)
[2022-06-13T01:59:40.421+0000][1][gc,heap      ] GC(15) CMS: 39066K->48414K(174784K)
[2022-06-13T01:59:40.422+0000][1][gc,metaspace ] GC(15) Metaspace: 32116K->32116K(1079296K)
[2022-06-13T01:59:40.422+0000][1][gc           ] GC(15) Pause Young (Allocation Failure) 114M->55M(247M) 12.384ms
[2022-06-13T01:59:40.422+0000][1][gc,cpu       ] GC(15) User=0.07s Sys=0.00s Real=0.01s
[2022-06-13T01:59:40.423+0000][1][safepoint    ] Leaving safepoint region
[2022-06-13T01:59:40.423+0000][1][safepoint    ] Total time for which application threads were stopped: 0.0140261 seconds, Stopping threads took: 0.0004378 seconds
[2022-06-13T01:59:40.505+0000][1][safepoint    ] Application time: 0.0815032 seconds
[2022-06-13T01:59:40.505+0000][1][safepoint    ] Entering safepoint region: GenCollectForAllocation
[2022-06-13T01:59:40.506+0000][1][gc,start     ] GC(16) Pause Young (Allocation Failure)
[2022-06-13T01:59:40.506+0000][1][gc,task      ] GC(16) Using 5 workers of 13 for evacuation
[2022-06-13T01:59:40.512+0000][1][gc,age       ] GC(16) Desired survivor size 4456448 bytes, new threshold 6 (max threshold 6)
[2022-06-13T01:59:40.512+0000][1][gc,age       ] GC(16) Age table with threshold 6 (max threshold 6)
[2022-06-13T01:59:40.513+0000][1][gc,age       ] GC(16) - age   1:     381104 bytes,     381104 total
[2022-06-13T01:59:40.513+0000][1][gc,heap      ] GC(16) ParNew: 78656K->7386K(78656K)
[2022-06-13T01:59:40.513+0000][1][gc,heap      ] GC(16) CMS: 48414K->55510K(174784K)
[2022-06-13T01:59:40.514+0000][1][gc,metaspace ] GC(16) Metaspace: 33035K->33035K(1079296K)
[2022-06-13T01:59:40.514+0000][1][gc           ] GC(16) Pause Young (Allocation Failure) 124M->61M(247M) 7.722ms
[2022-06-13T01:59:40.514+0000][1][gc,cpu       ] GC(16) User=0.03s Sys=0.00s Real=0.01s
[2022-06-13T01:59:40.514+0000][1][safepoint    ] Leaving safepoint region
[2022-06-13T01:59:40.515+0000][1][safepoint    ] Total time for which application threads were stopped: 0.0090851 seconds, Stopping threads took: 0.0005094 seconds
[2022-06-13T01:59:40.530+0000][1][safepoint    ] Application time: 0.0156728 seconds
[2022-06-13T01:59:40.531+0000][1][safepoint    ] Entering safepoint region: RevokeBias
[2022-06-13T01:59:40.532+0000][1][safepoint    ] Leaving safepoint region
[2022-06-13T01:59:40.532+0000][1][safepoint    ] Total time for which application threads were stopped: 0.0012886 seconds, Stopping threads took: 0.0005772 seconds
[2022-06-13T01:59:40.625+0000][1][safepoint    ] Application time: 0.0916984 seconds
[2022-06-13T01:59:40.626+0000][1][safepoint    ] Entering safepoint region: CollectForMetadataAllocation
[2022-06-13T01:59:40.626+0000][1][safepoint    ] Leaving safepoint region
[2022-06-13T01:59:40.627+0000][1][safepoint    ] Total time for which application threads were stopped: 0.0010663 seconds, Stopping threads took: 0.0004955 seconds
[2022-06-13T01:59:40.651+0000][1][safepoint    ] Application time: 0.0237157 seconds
[2022-06-13T01:59:40.651+0000][1][safepoint    ] Entering safepoint region: CollectForMetadataAllocation
[2022-06-13T01:59:40.652+0000][1][safepoint    ] Leaving safepoint region
[2022-06-13T01:59:40.652+0000][1][safepoint    ] Total time for which application threads were stopped: 0.0009420 seconds, Stopping threads took: 0.0004774 seconds
[2022-06-13T01:59:40.679+0000][1][safepoint    ] Application time: 0.0263553 seconds
[2022-06-13T01:59:40.680+0000][1][safepoint    ] Entering safepoint region: CollectForMetadataAllocation
[2022-06-13T01:59:40.680+0000][1][safepoint    ] Leaving safepoint region
[2022-06-13T01:59:40.681+0000][1][safepoint    ] Total time for which application threads were stopped: 0.0015922 seconds, Stopping threads took: 0.0005136 seconds
[2022-06-13T01:59:40.690+0000][1][safepoint    ] Application time: 0.0088082 seconds
[2022-06-13T01:59:40.691+0000][1][safepoint    ] Entering safepoint region: CollectForMetadataAllocation
[2022-06-13T01:59:40.691+0000][1][safepoint    ] Leaving safepoint region
[2022-06-13T01:59:40.692+0000][1][safepoint    ] Total time for which application threads were stopped: 0.0007158 seconds, Stopping threads took: 0.0003240 seconds
[2022-06-13T01:59:40.703+0000][1][safepoint    ] Application time: 0.0113886 seconds
[2022-06-13T01:59:40.704+0000][1][safepoint    ] Entering safepoint region: CollectForMetadataAllocation
[2022-06-13T01:59:40.705+0000][1][safepoint    ] Leaving safepoint region
[2022-06-13T01:59:40.705+0000][1][safepoint    ] Total time for which application threads were stopped: 0.0012069 seconds, Stopping threads took: 0.0005125 seconds
[2022-06-13T01:59:40.726+0000][1][safepoint    ] Application time: 0.0207581 seconds
[2022-06-13T01:59:40.727+0000][1][safepoint    ] Entering safepoint region: CollectForMetadataAllocation
[2022-06-13T01:59:40.727+0000][1][safepoint    ] Leaving safepoint region
[2022-06-13T01:59:40.728+0000][1][safepoint    ] Total time for which application threads were stopped: 0.0008638 seconds, Stopping threads took: 0.0004188 seconds
[2022-06-13T01:59:40.738+0000][1][safepoint    ] Application time: 0.0103420 seconds
[2022-06-13T01:59:40.739+0000][1][safepoint    ] Entering safepoint region: CollectForMetadataAllocation
[2022-06-13T01:59:40.739+0000][1][safepoint    ] Leaving safepoint region
[2022-06-13T01:59:40.740+0000][1][safepoint    ] Total time for which application threads were stopped: 0.0007789 seconds, Stopping threads took: 0.0003184 seconds
[2022-06-13T01:59:40.759+0000][1][safepoint    ] Application time: 0.0193642 seconds
[2022-06-13T01:59:40.760+0000][1][safepoint    ] Entering safepoint region: CollectForMetadataAllocation
[2022-06-13T01:59:40.761+0000][1][safepoint    ] Leaving safepoint region
[2022-06-13T01:59:40.761+0000][1][safepoint    ] Total time for which application threads were stopped: 0.0011822 seconds, Stopping threads took: 0.0005608 seconds
[2022-06-13T01:59:40.772+0000][1][safepoint    ] Application time: 0.0106865 seconds
[2022-06-13T01:59:40.773+0000][1][safepoint    ] Entering safepoint region: CollectForMetadataAllocation
[2022-06-13T01:59:40.774+0000][1][safepoint    ] Leaving safepoint region
[2022-06-13T01:59:40.774+0000][1][safepoint    ] Total time for which application threads were stopped: 0.0011701 seconds, Stopping threads took: 0.0005242 seconds
[2022-06-13T01:59:40.788+0000][1][safepoint    ] Application time: 0.0134293 seconds
[2022-06-13T01:59:40.789+0000][1][safepoint    ] Entering safepoint region: RevokeBias
[2022-06-13T01:59:40.789+0000][1][safepoint    ] Leaving safepoint region
[2022-06-13T01:59:40.790+0000][1][safepoint    ] Total time for which application threads were stopped: 0.0012778 seconds, Stopping threads took: 0.0006101 seconds
[2022-06-13T01:59:40.791+0000][1][safepoint    ] Application time: 0.0003918 seconds
[2022-06-13T01:59:40.791+0000][1][safepoint    ] Entering safepoint region: CollectForMetadataAllocation
[2022-06-13T01:59:40.792+0000][1][safepoint    ] Leaving safepoint region
[2022-06-13T01:59:40.792+0000][1][safepoint    ] Total time for which application threads were stopped: 0.0009853 seconds, Stopping threads took: 0.0004770 seconds
[2022-06-13T01:59:40.797+0000][1][safepoint    ] Application time: 0.0042114 seconds
[2022-06-13T01:59:40.798+0000][1][safepoint    ] Entering safepoint region: RevokeBias
[2022-06-13T01:59:40.798+0000][1][safepoint    ] Leaving safepoint region
[2022-06-13T01:59:40.799+0000][1][safepoint    ] Total time for which application threads were stopped: 0.0010517 seconds, Stopping threads took: 0.0004192 seconds
[2022-06-13T01:59:40.805+0000][1][safepoint    ] Application time: 0.0062575 seconds
[2022-06-13T01:59:40.806+0000][1][safepoint    ] Entering safepoint region: RevokeBias
[2022-06-13T01:59:40.806+0000][1][safepoint    ] Leaving safepoint region
[2022-06-13T01:59:40.806+0000][1][safepoint    ] Total time for which application threads were stopped: 0.0004842 seconds, Stopping threads took: 0.0001798 seconds
[2022-06-13T01:59:40.813+0000][1][safepoint    ] Application time: 0.0064603 seconds
[2022-06-13T01:59:40.813+0000][1][safepoint    ] Entering safepoint region: RevokeBias
[2022-06-13T01:59:40.814+0000][1][safepoint    ] Leaving safepoint region
[2022-06-13T01:59:40.814+0000][1][safepoint    ] Total time for which application threads were stopped: 0.0010247 seconds, Stopping threads took: 0.0005186 seconds
[2022-06-13T01:59:40.820+0000][1][safepoint    ] Application time: 0.0060642 seconds
[2022-06-13T01:59:40.821+0000][1][safepoint    ] Entering safepoint region: CollectForMetadataAllocation
[2022-06-13T01:59:40.821+0000][1][safepoint    ] Leaving safepoint region
[2022-06-13T01:59:40.821+0000][1][safepoint    ] Total time for which application threads were stopped: 0.0003950 seconds, Stopping threads took: 0.0001542 seconds
[2022-06-13T01:59:40.834+0000][1][safepoint    ] Application time: 0.0127225 seconds
[2022-06-13T01:59:40.834+0000][1][safepoint    ] Entering safepoint region: CollectForMetadataAllocation
[2022-06-13T01:59:40.835+0000][1][safepoint    ] Leaving safepoint region
[2022-06-13T01:59:40.835+0000][1][safepoint    ] Total time for which application threads were stopped: 0.0007688 seconds, Stopping threads took: 0.0002323 seconds
[2022-06-13T01:59:40.864+0000][1][safepoint    ] Application time: 0.0287103 seconds
[2022-06-13T01:59:40.865+0000][1][safepoint    ] Entering safepoint region: CollectForMetadataAllocation
[2022-06-13T01:59:40.865+0000][1][safepoint    ] Leaving safepoint region
[2022-06-13T01:59:40.865+0000][1][safepoint    ] Total time for which application threads were stopped: 0.0006832 seconds, Stopping threads took: 0.0002231 seconds
[2022-06-13T01:59:40.876+0000][1][safepoint    ] Application time: 0.0105391 seconds
[2022-06-13T01:59:40.877+0000][1][safepoint    ] Entering safepoint region: CollectForMetadataAllocation
[2022-06-13T01:59:40.877+0000][1][safepoint    ] Leaving safepoint region
[2022-06-13T01:59:40.877+0000][1][safepoint    ] Total time for which application threads were stopped: 0.0006848 seconds, Stopping threads took: 0.0002857 seconds
[2022-06-13T01:59:40.891+0000][1][safepoint    ] Application time: 0.0135538 seconds
[2022-06-13T01:59:40.892+0000][1][safepoint    ] Entering safepoint region: CollectForMetadataAllocation
[2022-06-13T01:59:40.892+0000][1][safepoint    ] Leaving safepoint region
[2022-06-13T01:59:40.892+0000][1][safepoint    ] Total time for which application threads were stopped: 0.0007057 seconds, Stopping threads took: 0.0002331 seconds
[2022-06-13T01:59:40.910+0000][1][safepoint    ] Application time: 0.0175072 seconds
[2022-06-13T01:59:40.910+0000][1][safepoint    ] Entering safepoint region: CollectForMetadataAllocation
[2022-06-13T01:59:40.911+0000][1][safepoint    ] Leaving safepoint region
[2022-06-13T01:59:40.911+0000][1][safepoint    ] Total time for which application threads were stopped: 0.0003952 seconds, Stopping threads took: 0.0001545 seconds
[2022-06-13T01:59:40.924+0000][1][safepoint    ] Application time: 0.0125437 seconds
[2022-06-13T01:59:40.924+0000][1][safepoint    ] Entering safepoint region: CollectForMetadataAllocation
[2022-06-13T01:59:40.924+0000][1][safepoint    ] Leaving safepoint region
[2022-06-13T01:59:40.924+0000][1][safepoint    ] Total time for which application threads were stopped: 0.0004961 seconds, Stopping threads took: 0.0002704 seconds
[2022-06-13T01:59:40.939+0000][1][safepoint    ] Application time: 0.0142836 seconds
[2022-06-13T01:59:40.939+0000][1][safepoint    ] Entering safepoint region: CollectForMetadataAllocation
[2022-06-13T01:59:40.940+0000][1][safepoint    ] Leaving safepoint region
[2022-06-13T01:59:40.940+0000][1][safepoint    ] Total time for which application threads were stopped: 0.0005977 seconds, Stopping threads took: 0.0002770 seconds
[2022-06-13T01:59:40.952+0000][1][safepoint    ] Application time: 0.0114867 seconds
[2022-06-13T01:59:40.952+0000][1][safepoint    ] Entering safepoint region: CollectForMetadataAllocation
[2022-06-13T01:59:40.952+0000][1][safepoint    ] Leaving safepoint region
[2022-06-13T01:59:40.952+0000][1][safepoint    ] Total time for which application threads were stopped: 0.0004880 seconds, Stopping threads took: 0.0001380 seconds
[2022-06-13T01:59:40.969+0000][1][safepoint    ] Application time: 0.0159764 seconds
[2022-06-13T01:59:40.969+0000][1][safepoint    ] Entering safepoint region: CollectForMetadataAllocation
[2022-06-13T01:59:40.970+0000][1][safepoint    ] Leaving safepoint region
[2022-06-13T01:59:40.970+0000][1][safepoint    ] Total time for which application threads were stopped: 0.0007559 seconds, Stopping threads took: 0.0003741 seconds
[2022-06-13T01:59:40.983+0000][1][safepoint    ] Application time: 0.0130179 seconds
[2022-06-13T01:59:40.983+0000][1][safepoint    ] Entering safepoint region: CollectForMetadataAllocation
[2022-06-13T01:59:40.984+0000][1][safepoint    ] Leaving safepoint region
[2022-06-13T01:59:40.984+0000][1][safepoint    ] Total time for which application threads were stopped: 0.0005009 seconds, Stopping threads took: 0.0002385 seconds
[2022-06-13T01:59:41.000+0000][1][safepoint    ] Application time: 0.0155481 seconds
[2022-06-13T01:59:41.000+0000][1][safepoint    ] Entering safepoint region: CollectForMetadataAllocation
[2022-06-13T01:59:41.000+0000][1][safepoint    ] Leaving safepoint region
[2022-06-13T01:59:41.000+0000][1][safepoint    ] Total time for which application threads were stopped: 0.0006740 seconds, Stopping threads took: 0.0003275 seconds
[2022-06-13T01:59:41.022+0000][1][safepoint    ] Application time: 0.0212134 seconds
[2022-06-13T01:59:41.022+0000][1][safepoint    ] Entering safepoint region: CollectForMetadataAllocation
[2022-06-13T01:59:41.022+0000][1][safepoint    ] Leaving safepoint region
[2022-06-13T01:59:41.023+0000][1][safepoint    ] Total time for which application threads were stopped: 0.0003534 seconds, Stopping threads took: 0.0001420 seconds
[2022-06-13T01:59:41.038+0000][1][safepoint    ] Application time: 0.0151750 seconds
[2022-06-13T01:59:41.038+0000][1][safepoint    ] Entering safepoint region: CollectForMetadataAllocation
[2022-06-13T01:59:41.038+0000][1][safepoint    ] Leaving safepoint region
[2022-06-13T01:59:41.039+0000][1][safepoint    ] Total time for which application threads were stopped: 0.0005675 seconds, Stopping threads took: 0.0002653 seconds
[2022-06-13T01:59:41.054+0000][1][safepoint    ] Application time: 0.0149518 seconds
[2022-06-13T01:59:41.054+0000][1][safepoint    ] Entering safepoint region: CollectForMetadataAllocation
[2022-06-13T01:59:41.054+0000][1][safepoint    ] Leaving safepoint region
[2022-06-13T01:59:41.054+0000][1][safepoint    ] Total time for which application threads were stopped: 0.0004109 seconds, Stopping threads took: 0.0001638 seconds
[2022-06-13T01:59:41.072+0000][1][safepoint    ] Application time: 0.0179936 seconds
[2022-06-13T01:59:41.073+0000][1][safepoint    ] Entering safepoint region: CollectForMetadataAllocation
[2022-06-13T01:59:41.074+0000][1][safepoint    ] Leaving safepoint region
[2022-06-13T01:59:41.075+0000][1][safepoint    ] Total time for which application threads were stopped: 0.0016324 seconds, Stopping threads took: 0.0005266 seconds
[2022-06-13T01:59:41.086+0000][1][safepoint    ] Application time: 0.0107038 seconds
[2022-06-13T01:59:41.086+0000][1][safepoint    ] Entering safepoint region: RevokeBias
[2022-06-13T01:59:41.087+0000][1][safepoint    ] Leaving safepoint region
[2022-06-13T01:59:41.087+0000][1][safepoint    ] Total time for which application threads were stopped: 0.0008643 seconds, Stopping threads took: 0.0003610 seconds
[2022-06-13T01:59:41.093+0000][1][safepoint    ] Application time: 0.0056721 seconds
[2022-06-13T01:59:41.094+0000][1][safepoint    ] Entering safepoint region: CollectForMetadataAllocation
[2022-06-13T01:59:41.094+0000][1][safepoint    ] Leaving safepoint region
[2022-06-13T01:59:41.095+0000][1][safepoint    ] Total time for which application threads were stopped: 0.0007115 seconds, Stopping threads took: 0.0002727 seconds
[2022-06-13T01:59:41.271+0000][1][safepoint    ] Application time: 0.1765751 seconds
[2022-06-13T01:59:41.272+0000][1][safepoint    ] Entering safepoint region: CollectForMetadataAllocation
[2022-06-13T01:59:41.273+0000][1][safepoint    ] Leaving safepoint region
[2022-06-13T01:59:41.273+0000][1][safepoint    ] Total time for which application threads were stopped: 0.0012778 seconds, Stopping threads took: 0.0004946 seconds
[2022-06-13T01:59:41.471+0000][1][safepoint    ] Application time: 0.1968944 seconds
[2022-06-13T01:59:41.471+0000][1][safepoint    ] Entering safepoint region: CollectForMetadataAllocation
[2022-06-13T01:59:41.471+0000][1][safepoint    ] Leaving safepoint region
[2022-06-13T01:59:41.472+0000][1][safepoint    ] Total time for which application threads were stopped: 0.0005704 seconds, Stopping threads took: 0.0002223 seconds
[2022-06-13T01:59:41.475+0000][1][safepoint    ] Application time: 0.0034095 seconds
[2022-06-13T01:59:41.476+0000][1][safepoint    ] Entering safepoint region: GenCollectForAllocation
[2022-06-13T01:59:41.476+0000][1][gc,start     ] GC(17) Pause Young (Allocation Failure)
[2022-06-13T01:59:41.476+0000][1][gc,task      ] GC(17) Using 5 workers of 13 for evacuation
[2022-06-13T01:59:41.480+0000][1][gc,age       ] GC(17) Desired survivor size 4456448 bytes, new threshold 6 (max threshold 6)
[2022-06-13T01:59:41.480+0000][1][gc,age       ] GC(17) Age table with threshold 6 (max threshold 6)
[2022-06-13T01:59:41.480+0000][1][gc,age       ] GC(17) - age   1:    3967896 bytes,    3967896 total
[2022-06-13T01:59:41.481+0000][1][gc,age       ] GC(17) - age   2:     341216 bytes,    4309112 total
[2022-06-13T01:59:41.481+0000][1][gc,heap      ] GC(17) ParNew: 77338K->4982K(78656K)
[2022-06-13T01:59:41.481+0000][1][gc,heap      ] GC(17) CMS: 55510K->55510K(174784K)
[2022-06-13T01:59:41.482+0000][1][gc,metaspace ] GC(17) Metaspace: 42388K->42388K(1089536K)
[2022-06-13T01:59:41.482+0000][1][gc           ] GC(17) Pause Young (Allocation Failure) 129M->59M(247M) 6.202ms
[2022-06-13T01:59:41.482+0000][1][gc,cpu       ] GC(17) User=0.02s Sys=0.00s Real=0.01s
[2022-06-13T01:59:41.482+0000][1][safepoint    ] Leaving safepoint region
[2022-06-13T01:59:41.483+0000][1][safepoint    ] Total time for which application threads were stopped: 0.0069752 seconds, Stopping threads took: 0.0002932 seconds
[2022-06-13T01:59:41.483+0000][1][safepoint    ] Application time: 0.0001997 seconds
[2022-06-13T01:59:41.484+0000][1][safepoint    ] Entering safepoint region: CMS_Initial_Mark
[2022-06-13T01:59:41.484+0000][1][gc,start     ] GC(18) Pause Initial Mark
[2022-06-13T01:59:41.485+0000][1][gc           ] GC(18) Pause Initial Mark 60M->60M(247M) 1.360ms
[2022-06-13T01:59:41.486+0000][1][gc,cpu       ] GC(18) User=0.00s Sys=0.00s Real=0.00s
[2022-06-13T01:59:41.486+0000][1][safepoint    ] Leaving safepoint region
[2022-06-13T01:59:41.486+0000][1][safepoint    ] Total time for which application threads were stopped: 0.0027971 seconds, Stopping threads took: 0.0007075 seconds
[2022-06-13T01:59:41.486+0000][1][gc           ] GC(18) Concurrent Mark
[2022-06-13T01:59:41.487+0000][1][gc,task      ] GC(18) Using 4 workers of 4 for marking
[2022-06-13T01:59:41.498+0000][1][safepoint    ] Application time: 0.0114522 seconds
[2022-06-13T01:59:41.498+0000][1][safepoint    ] Entering safepoint region: CollectForMetadataAllocation
[2022-06-13T01:59:41.499+0000][1][safepoint    ] Leaving safepoint region
[2022-06-13T01:59:41.499+0000][1][safepoint    ] Total time for which application threads were stopped: 0.0005071 seconds, Stopping threads took: 0.0002501 seconds
[2022-06-13T01:59:41.507+0000][1][gc           ] GC(18) Concurrent Mark 20.821ms
[2022-06-13T01:59:41.507+0000][1][gc,cpu       ] GC(18) User=0.08s Sys=0.01s Real=0.02s
[2022-06-13T01:59:41.508+0000][1][gc           ] GC(18) Concurrent Preclean
[2022-06-13T01:59:41.510+0000][1][gc           ] GC(18) Concurrent Preclean 2.283ms
[2022-06-13T01:59:41.510+0000][1][gc,cpu       ] GC(18) User=0.02s Sys=0.00s Real=0.01s
[2022-06-13T01:59:41.510+0000][1][gc           ] GC(18) Concurrent Abortable Preclean
[2022-06-13T01:59:41.527+0000][1][safepoint    ] Application time: 0.0279817 seconds
[2022-06-13T01:59:41.527+0000][1][safepoint    ] Entering safepoint region: CollectForMetadataAllocation
[2022-06-13T01:59:41.528+0000][1][safepoint    ] Leaving safepoint region
[2022-06-13T01:59:41.528+0000][1][safepoint    ] Total time for which application threads were stopped: 0.0008366 seconds, Stopping threads took: 0.0003630 seconds
[2022-06-13T01:59:41.653+0000][1][safepoint    ] Application time: 0.1246071 seconds
[2022-06-13T01:59:41.654+0000][1][safepoint    ] Entering safepoint region: ICBufferFull
[2022-06-13T01:59:41.654+0000][1][safepoint    ] Leaving safepoint region
[2022-06-13T01:59:41.654+0000][1][safepoint    ] Total time for which application threads were stopped: 0.0007154 seconds, Stopping threads took: 0.0002782 seconds
[2022-06-13T01:59:41.659+0000][1][safepoint    ] Application time: 0.0045446 seconds
[2022-06-13T01:59:41.660+0000][1][safepoint    ] Entering safepoint region: CollectForMetadataAllocation
[2022-06-13T01:59:41.660+0000][1][safepoint    ] Leaving safepoint region
[2022-06-13T01:59:41.660+0000][1][safepoint    ] Total time for which application threads were stopped: 0.0005388 seconds, Stopping threads took: 0.0001720 seconds
[2022-06-13T01:59:41.666+0000][1][safepoint    ] Application time: 0.0053795 seconds
[2022-06-13T01:59:41.666+0000][1][safepoint    ] Entering safepoint region: CollectForMetadataAllocation
[2022-06-13T01:59:41.667+0000][1][safepoint    ] Leaving safepoint region
[2022-06-13T01:59:41.667+0000][1][safepoint    ] Total time for which application threads were stopped: 0.0007271 seconds, Stopping threads took: 0.0003302 seconds
[2022-06-13T01:59:41.700+0000][1][safepoint    ] Application time: 0.0327886 seconds
[2022-06-13T01:59:41.701+0000][1][safepoint    ] Entering safepoint region: CollectForMetadataAllocation
[2022-06-13T01:59:41.701+0000][1][safepoint    ] Leaving safepoint region
[2022-06-13T01:59:41.702+0000][1][safepoint    ] Total time for which application threads were stopped: 0.0009142 seconds, Stopping threads took: 0.0003612 seconds
[2022-06-13T01:59:41.712+0000][1][safepoint    ] Application time: 0.0104271 seconds
[2022-06-13T01:59:41.713+0000][1][safepoint    ] Entering safepoint region: CollectForMetadataAllocation
[2022-06-13T01:59:41.714+0000][1][safepoint    ] Leaving safepoint region
[2022-06-13T01:59:41.715+0000][1][safepoint    ] Total time for which application threads were stopped: 0.0018014 seconds, Stopping threads took: 0.0005085 seconds
[2022-06-13T01:59:41.716+0000][1][gc           ] GC(18) Concurrent Abortable Preclean 205.100ms
[2022-06-13T01:59:41.716+0000][1][gc,cpu       ] GC(18) User=1.01s Sys=0.02s Real=0.20s
[2022-06-13T01:59:41.716+0000][1][safepoint    ] Application time: 0.0013800 seconds
[2022-06-13T01:59:41.717+0000][1][safepoint    ] Entering safepoint region: CMS_Final_Remark
[2022-06-13T01:59:41.717+0000][1][gc,start     ] GC(18) Pause Remark
[2022-06-13T01:59:41.729+0000][1][gc           ] GC(18) Pause Remark 94M->94M(247M) 11.592ms
[2022-06-13T01:59:41.729+0000][1][gc,cpu       ] GC(18) User=0.06s Sys=0.00s Real=0.02s
[2022-06-13T01:59:41.730+0000][1][safepoint    ] Leaving safepoint region
[2022-06-13T01:59:41.730+0000][1][safepoint    ] Total time for which application threads were stopped: 0.0136659 seconds, Stopping threads took: 0.0003706 seconds
[2022-06-13T01:59:41.731+0000][1][gc           ] GC(18) Concurrent Sweep
[2022-06-13T01:59:41.736+0000][1][safepoint    ] Application time: 0.0054661 seconds
[2022-06-13T01:59:41.737+0000][1][safepoint    ] Entering safepoint region: Deoptimize
[2022-06-13T01:59:41.738+0000][1][safepoint    ] Leaving safepoint region
[2022-06-13T01:59:41.738+0000][1][safepoint    ] Total time for which application threads were stopped: 0.0016142 seconds, Stopping threads took: 0.0004311 seconds
[2022-06-13T01:59:41.744+0000][1][safepoint    ] Application time: 0.0057196 seconds
[2022-06-13T01:59:41.745+0000][1][safepoint    ] Entering safepoint region: RevokeBias
[2022-06-13T01:59:41.746+0000][1][safepoint    ] Leaving safepoint region
[2022-06-13T01:59:41.746+0000][1][safepoint    ] Total time for which application threads were stopped: 0.0010670 seconds, Stopping threads took: 0.0006280 seconds
[2022-06-13T01:59:41.748+0000][1][safepoint    ] Application time: 0.0014925 seconds
[2022-06-13T01:59:41.748+0000][1][safepoint    ] Entering safepoint region: RevokeBias
[2022-06-13T01:59:41.749+0000][1][safepoint    ] Leaving safepoint region
[2022-06-13T01:59:41.749+0000][1][safepoint    ] Total time for which application threads were stopped: 0.0009176 seconds, Stopping threads took: 0.0004651 seconds
[2022-06-13T01:59:41.753+0000][1][gc           ] GC(18) Concurrent Sweep 21.832ms
[2022-06-13T01:59:41.753+0000][1][gc,cpu       ] GC(18) User=0.07s Sys=0.00s Real=0.02s
[2022-06-13T01:59:41.753+0000][1][gc           ] GC(18) Concurrent Reset
[2022-06-13T01:59:41.754+0000][1][gc           ] GC(18) Concurrent Reset 0.430ms
[2022-06-13T01:59:41.754+0000][1][gc,cpu       ] GC(18) User=0.00s Sys=0.00s Real=0.00s
[2022-06-13T01:59:41.754+0000][1][gc,heap      ] GC(18) Old: 55510K->55296K(174784K)
[2022-06-13T01:59:41.773+0000][1][safepoint    ] Application time: 0.0234528 seconds
[2022-06-13T01:59:41.774+0000][1][safepoint    ] Entering safepoint region: RevokeBias
[2022-06-13T01:59:41.774+0000][1][safepoint    ] Leaving safepoint region
[2022-06-13T01:59:41.775+0000][1][safepoint    ] Total time for which application threads were stopped: 0.0008483 seconds, Stopping threads took: 0.0003918 seconds
[2022-06-13T01:59:41.786+0000][1][safepoint    ] Application time: 0.0112094 seconds
[2022-06-13T01:59:41.787+0000][1][safepoint    ] Entering safepoint region: RevokeBias
[2022-06-13T01:59:41.787+0000][1][safepoint    ] Leaving safepoint region
[2022-06-13T01:59:41.788+0000][1][safepoint    ] Total time for which application threads were stopped: 0.0009794 seconds, Stopping threads took: 0.0004391 seconds
[2022-06-13T01:59:41.791+0000][1][safepoint    ] Application time: 0.0027864 seconds
[2022-06-13T01:59:41.792+0000][1][safepoint    ] Entering safepoint region: RevokeBias
[2022-06-13T01:59:41.792+0000][1][safepoint    ] Leaving safepoint region
[2022-06-13T01:59:41.793+0000][1][safepoint    ] Total time for which application threads were stopped: 0.0010173 seconds, Stopping threads took: 0.0005772 seconds
[2022-06-13T01:59:41.793+0000][1][safepoint    ] Application time: 0.0003401 seconds
[2022-06-13T01:59:41.794+0000][1][safepoint    ] Entering safepoint region: RevokeBias
[2022-06-13T01:59:41.794+0000][1][safepoint    ] Leaving safepoint region
[2022-06-13T01:59:41.794+0000][1][safepoint    ] Total time for which application threads were stopped: 0.0007246 seconds, Stopping threads took: 0.0003201 seconds
[2022-06-13T01:59:41.961+0000][1][safepoint    ] Application time: 0.1664529 seconds
[2022-06-13T01:59:41.962+0000][1][safepoint    ] Entering safepoint region: RevokeBias
[2022-06-13T01:59:41.962+0000][1][safepoint    ] Leaving safepoint region
[2022-06-13T01:59:41.963+0000][1][safepoint    ] Total time for which application threads were stopped: 0.0010508 seconds, Stopping threads took: 0.0004469 seconds
[2022-06-13T01:59:41.963+0000][1][safepoint    ] Application time: 0.0000974 seconds
[2022-06-13T01:59:41.963+0000][1][safepoint    ] Entering safepoint region: RevokeBias
[2022-06-13T01:59:41.963+0000][1][safepoint    ] Leaving safepoint region
[2022-06-13T01:59:41.963+0000][1][safepoint    ] Total time for which application threads were stopped: 0.0002857 seconds, Stopping threads took: 0.0001107 seconds
[2022-06-13T01:59:41.964+0000][1][safepoint    ] Application time: 0.0001302 seconds
[2022-06-13T01:59:41.964+0000][1][safepoint    ] Entering safepoint region: RevokeBias
[2022-06-13T01:59:41.964+0000][1][safepoint    ] Leaving safepoint region
[2022-06-13T01:59:41.964+0000][1][safepoint    ] Total time for which application threads were stopped: 0.0002941 seconds, Stopping threads took: 0.0001328 seconds
[2022-06-13T01:59:41.964+0000][1][safepoint    ] Application time: 0.0001306 seconds
[2022-06-13T01:59:41.964+0000][1][safepoint    ] Entering safepoint region: RevokeBias
[2022-06-13T01:59:41.964+0000][1][safepoint    ] Leaving safepoint region
[2022-06-13T01:59:41.965+0000][1][safepoint    ] Total time for which application threads were stopped: 0.0002590 seconds, Stopping threads took: 0.0001095 seconds
[2022-06-13T01:59:41.965+0000][1][safepoint    ] Application time: 0.0002456 seconds
[2022-06-13T01:59:41.965+0000][1][safepoint    ] Entering safepoint region: RevokeBias
[2022-06-13T01:59:41.965+0000][1][safepoint    ] Leaving safepoint region
[2022-06-13T01:59:41.965+0000][1][safepoint    ] Total time for which application threads were stopped: 0.0003023 seconds, Stopping threads took: 0.0001684 seconds
[2022-06-13T01:59:41.966+0000][1][safepoint    ] Application time: 0.0001856 seconds
[2022-06-13T01:59:41.966+0000][1][safepoint    ] Entering safepoint region: RevokeBias
[2022-06-13T01:59:41.966+0000][1][safepoint    ] Leaving safepoint region
[2022-06-13T01:59:41.966+0000][1][safepoint    ] Total time for which application threads were stopped: 0.0003009 seconds, Stopping threads took: 0.0001280 seconds
[2022-06-13T01:59:41.966+0000][1][safepoint    ] Application time: 0.0002802 seconds
[2022-06-13T01:59:41.967+0000][1][safepoint    ] Entering safepoint region: RevokeBias
[2022-06-13T01:59:41.967+0000][1][safepoint    ] Leaving safepoint region
[2022-06-13T01:59:41.967+0000][1][safepoint    ] Total time for which application threads were stopped: 0.0003031 seconds, Stopping threads took: 0.0001556 seconds
[2022-06-13T01:59:41.967+0000][1][safepoint    ] Application time: 0.0002293 seconds
[2022-06-13T01:59:41.967+0000][1][safepoint    ] Entering safepoint region: RevokeBias
[2022-06-13T01:59:41.968+0000][1][safepoint    ] Leaving safepoint region
[2022-06-13T01:59:41.968+0000][1][safepoint    ] Total time for which application threads were stopped: 0.0003125 seconds, Stopping threads took: 0.0001418 seconds
[2022-06-13T01:59:41.968+0000][1][safepoint    ] Application time: 0.0000704 seconds
[2022-06-13T01:59:41.968+0000][1][safepoint    ] Entering safepoint region: RevokeBias
[2022-06-13T01:59:41.968+0000][1][safepoint    ] Leaving safepoint region
[2022-06-13T01:59:41.968+0000][1][safepoint    ] Total time for which application threads were stopped: 0.0002730 seconds, Stopping threads took: 0.0001288 seconds
[2022-06-13T01:59:41.968+0000][1][safepoint    ] Application time: 0.0000724 seconds
[2022-06-13T01:59:41.969+0000][1][safepoint    ] Entering safepoint region: RevokeBias
[2022-06-13T01:59:41.969+0000][1][safepoint    ] Leaving safepoint region
[2022-06-13T01:59:41.969+0000][1][safepoint    ] Total time for which application threads were stopped: 0.0003153 seconds, Stopping threads took: 0.0001686 seconds
[2022-06-13T01:59:41.969+0000][1][safepoint    ] Application time: 0.0000741 seconds
[2022-06-13T01:59:41.969+0000][1][safepoint    ] Entering safepoint region: RevokeBias
[2022-06-13T01:59:41.969+0000][1][safepoint    ] Leaving safepoint region
[2022-06-13T01:59:41.970+0000][1][safepoint    ] Total time for which application threads were stopped: 0.0003253 seconds, Stopping threads took: 0.0001857 seconds
[2022-06-13T01:59:41.970+0000][1][safepoint    ] Application time: 0.0000913 seconds
[2022-06-13T01:59:41.970+0000][1][safepoint    ] Entering safepoint region: RevokeBias
[2022-06-13T01:59:41.970+0000][1][safepoint    ] Leaving safepoint region
[2022-06-13T01:59:41.970+0000][1][safepoint    ] Total time for which application threads were stopped: 0.0002263 seconds, Stopping threads took: 0.0001149 seconds
[2022-06-13T01:59:41.970+0000][1][safepoint    ] Application time: 0.0000840 seconds
[2022-06-13T01:59:41.970+0000][1][safepoint    ] Entering safepoint region: RevokeBias
[2022-06-13T01:59:41.971+0000][1][safepoint    ] Leaving safepoint region
[2022-06-13T01:59:41.971+0000][1][safepoint    ] Total time for which application threads were stopped: 0.0002307 seconds, Stopping threads took: 0.0001058 seconds
[2022-06-13T01:59:41.971+0000][1][safepoint    ] Application time: 0.0000711 seconds
[2022-06-13T01:59:41.971+0000][1][safepoint    ] Entering safepoint region: RevokeBias
[2022-06-13T01:59:41.971+0000][1][safepoint    ] Leaving safepoint region
[2022-06-13T01:59:41.971+0000][1][safepoint    ] Total time for which application threads were stopped: 0.0002775 seconds, Stopping threads took: 0.0001288 seconds
[2022-06-13T01:59:41.971+0000][1][safepoint    ] Application time: 0.0000890 seconds
[2022-06-13T01:59:41.971+0000][1][safepoint    ] Entering safepoint region: RevokeBias
[2022-06-13T01:59:41.972+0000][1][safepoint    ] Leaving safepoint region
[2022-06-13T01:59:41.972+0000][1][safepoint    ] Total time for which application threads were stopped: 0.0002594 seconds, Stopping threads took: 0.0001257 seconds
[2022-06-13T01:59:41.972+0000][1][safepoint    ] Application time: 0.0000727 seconds
[2022-06-13T01:59:41.972+0000][1][safepoint    ] Entering safepoint region: RevokeBias
[2022-06-13T01:59:41.972+0000][1][safepoint    ] Leaving safepoint region
[2022-06-13T01:59:41.972+0000][1][safepoint    ] Total time for which application threads were stopped: 0.0005317 seconds, Stopping threads took: 0.0003820 seconds
[2022-06-13T01:59:41.973+0000][1][safepoint    ] Application time: 0.0000856 seconds
[2022-06-13T01:59:41.973+0000][1][safepoint    ] Entering safepoint region: BulkRevokeBias
[2022-06-13T01:59:41.973+0000][1][safepoint    ] Leaving safepoint region
[2022-06-13T01:59:41.973+0000][1][safepoint    ] Total time for which application threads were stopped: 0.0002847 seconds, Stopping threads took: 0.0001398 seconds
[2022-06-13T01:59:41.973+0000][1][safepoint    ] Application time: 0.0001100 seconds
[2022-06-13T01:59:41.973+0000][1][safepoint    ] Entering safepoint region: RevokeBias
[2022-06-13T01:59:41.974+0000][1][safepoint    ] Leaving safepoint region
[2022-06-13T01:59:41.974+0000][1][safepoint    ] Total time for which application threads were stopped: 0.0002655 seconds, Stopping threads took: 0.0001206 seconds
[2022-06-13T01:59:41.974+0000][1][safepoint    ] Application time: 0.0000576 seconds
[2022-06-13T01:59:41.974+0000][1][safepoint    ] Entering safepoint region: RevokeBias
[2022-06-13T01:59:41.974+0000][1][safepoint    ] Leaving safepoint region
[2022-06-13T01:59:41.974+0000][1][safepoint    ] Total time for which application threads were stopped: 0.0002612 seconds, Stopping threads took: 0.0001303 seconds
[2022-06-13T01:59:41.974+0000][1][safepoint    ] Application time: 0.0000607 seconds
[2022-06-13T01:59:41.974+0000][1][safepoint    ] Entering safepoint region: RevokeBias
[2022-06-13T01:59:41.975+0000][1][safepoint    ] Leaving safepoint region
[2022-06-13T01:59:41.975+0000][1][safepoint    ] Total time for which application threads were stopped: 0.0002707 seconds, Stopping threads took: 0.0001136 seconds
[2022-06-13T01:59:41.975+0000][1][safepoint    ] Application time: 0.0000600 seconds
[2022-06-13T01:59:41.975+0000][1][safepoint    ] Entering safepoint region: RevokeBias
[2022-06-13T01:59:41.975+0000][1][safepoint    ] Leaving safepoint region
[2022-06-13T01:59:41.975+0000][1][safepoint    ] Total time for which application threads were stopped: 0.0003130 seconds, Stopping threads took: 0.0001691 seconds
[2022-06-13T01:59:41.975+0000][1][safepoint    ] Application time: 0.0000717 seconds
[2022-06-13T01:59:41.976+0000][1][safepoint    ] Entering safepoint region: RevokeBias
[2022-06-13T01:59:41.976+0000][1][safepoint    ] Leaving safepoint region
[2022-06-13T01:59:41.976+0000][1][safepoint    ] Total time for which application threads were stopped: 0.0005135 seconds, Stopping threads took: 0.0003787 seconds
[2022-06-13T01:59:41.976+0000][1][safepoint    ] Application time: 0.0000905 seconds
[2022-06-13T01:59:41.976+0000][1][safepoint    ] Entering safepoint region: RevokeBias
[2022-06-13T01:59:41.977+0000][1][safepoint    ] Leaving safepoint region
[2022-06-13T01:59:41.977+0000][1][safepoint    ] Total time for which application threads were stopped: 0.0003009 seconds, Stopping threads took: 0.0001659 seconds
[2022-06-13T01:59:41.977+0000][1][safepoint    ] Application time: 0.0000551 seconds
[2022-06-13T01:59:41.977+0000][1][safepoint    ] Entering safepoint region: RevokeBias
[2022-06-13T01:59:41.977+0000][1][safepoint    ] Leaving safepoint region
[2022-06-13T01:59:41.977+0000][1][safepoint    ] Total time for which application threads were stopped: 0.0001900 seconds, Stopping threads took: 0.0000815 seconds
[2022-06-13T01:59:41.977+0000][1][safepoint    ] Application time: 0.0000510 seconds
[2022-06-13T01:59:41.977+0000][1][safepoint    ] Entering safepoint region: RevokeBias
[2022-06-13T01:59:41.978+0000][1][safepoint    ] Leaving safepoint region
[2022-06-13T01:59:41.978+0000][1][safepoint    ] Total time for which application threads were stopped: 0.0002141 seconds, Stopping threads took: 0.0000967 seconds
[2022-06-13T01:59:41.978+0000][1][safepoint    ] Application time: 0.0000530 seconds
[2022-06-13T01:59:41.978+0000][1][safepoint    ] Entering safepoint region: RevokeBias
[2022-06-13T01:59:41.978+0000][1][safepoint    ] Leaving safepoint region
[2022-06-13T01:59:41.978+0000][1][safepoint    ] Total time for which application threads were stopped: 0.0002109 seconds, Stopping threads took: 0.0000906 seconds
[2022-06-13T01:59:41.978+0000][1][safepoint    ] Application time: 0.0000653 seconds
[2022-06-13T01:59:41.978+0000][1][safepoint    ] Entering safepoint region: RevokeBias
[2022-06-13T01:59:41.978+0000][1][safepoint    ] Leaving safepoint region
[2022-06-13T01:59:41.979+0000][1][safepoint    ] Total time for which application threads were stopped: 0.0002416 seconds, Stopping threads took: 0.0001328 seconds
[2022-06-13T01:59:41.979+0000][1][safepoint    ] Application time: 0.0000979 seconds
[2022-06-13T01:59:41.979+0000][1][safepoint    ] Entering safepoint region: RevokeBias
[2022-06-13T01:59:41.979+0000][1][safepoint    ] Leaving safepoint region
[2022-06-13T01:59:41.979+0000][1][safepoint    ] Total time for which application threads were stopped: 0.0002099 seconds, Stopping threads took: 0.0000961 seconds
[2022-06-13T01:59:41.979+0000][1][safepoint    ] Application time: 0.0000558 seconds
[2022-06-13T01:59:41.979+0000][1][safepoint    ] Entering safepoint region: RevokeBias
[2022-06-13T01:59:41.979+0000][1][safepoint    ] Leaving safepoint region
[2022-06-13T01:59:41.980+0000][1][safepoint    ] Total time for which application threads were stopped: 0.0002302 seconds, Stopping threads took: 0.0000805 seconds
[2022-06-13T01:59:41.980+0000][1][safepoint    ] Application time: 0.0000587 seconds
[2022-06-13T01:59:41.980+0000][1][safepoint    ] Entering safepoint region: RevokeBias
[2022-06-13T01:59:41.980+0000][1][safepoint    ] Leaving safepoint region
[2022-06-13T01:59:41.980+0000][1][safepoint    ] Total time for which application threads were stopped: 0.0001994 seconds, Stopping threads took: 0.0000841 seconds
[2022-06-13T01:59:41.980+0000][1][safepoint    ] Application time: 0.0000651 seconds
[2022-06-13T01:59:41.980+0000][1][safepoint    ] Entering safepoint region: RevokeBias
[2022-06-13T01:59:41.980+0000][1][safepoint    ] Leaving safepoint region
[2022-06-13T01:59:41.981+0000][1][safepoint    ] Total time for which application threads were stopped: 0.0002317 seconds, Stopping threads took: 0.0001204 seconds
[2022-06-13T01:59:41.981+0000][1][safepoint    ] Application time: 0.0000513 seconds
[2022-06-13T01:59:41.981+0000][1][safepoint    ] Entering safepoint region: RevokeBias
[2022-06-13T01:59:41.981+0000][1][safepoint    ] Leaving safepoint region
[2022-06-13T01:59:41.981+0000][1][safepoint    ] Total time for which application threads were stopped: 0.0002751 seconds, Stopping threads took: 0.0001266 seconds
[2022-06-13T01:59:41.981+0000][1][safepoint    ] Application time: 0.0000678 seconds
[2022-06-13T01:59:41.981+0000][1][safepoint    ] Entering safepoint region: RevokeBias
[2022-06-13T01:59:41.981+0000][1][safepoint    ] Leaving safepoint region
[2022-06-13T01:59:41.981+0000][1][safepoint    ] Total time for which application threads were stopped: 0.0001810 seconds, Stopping threads took: 0.0000806 seconds
[2022-06-13T01:59:41.982+0000][1][safepoint    ] Application time: 0.0000459 seconds
[2022-06-13T01:59:41.982+0000][1][safepoint    ] Entering safepoint region: RevokeBias
[2022-06-13T01:59:41.982+0000][1][safepoint    ] Leaving safepoint region
[2022-06-13T01:59:41.982+0000][1][safepoint    ] Total time for which application threads were stopped: 0.0001841 seconds, Stopping threads took: 0.0000914 seconds
[2022-06-13T01:59:41.982+0000][1][safepoint    ] Application time: 0.0000457 seconds
[2022-06-13T01:59:41.982+0000][1][safepoint    ] Entering safepoint region: RevokeBias
[2022-06-13T01:59:41.982+0000][1][safepoint    ] Leaving safepoint region
[2022-06-13T01:59:41.982+0000][1][safepoint    ] Total time for which application threads were stopped: 0.0001866 seconds, Stopping threads took: 0.0000801 seconds
[2022-06-13T01:59:41.982+0000][1][safepoint    ] Application time: 0.0000457 seconds
[2022-06-13T01:59:41.983+0000][1][safepoint    ] Entering safepoint region: RevokeBias
[2022-06-13T01:59:41.983+0000][1][safepoint    ] Leaving safepoint region
[2022-06-13T01:59:41.983+0000][1][safepoint    ] Total time for which application threads were stopped: 0.0001976 seconds, Stopping threads took: 0.0000830 seconds
[2022-06-13T01:59:41.983+0000][1][safepoint    ] Application time: 0.0000753 seconds
[2022-06-13T01:59:41.983+0000][1][safepoint    ] Entering safepoint region: BulkRevokeBias
[2022-06-13T01:59:41.983+0000][1][safepoint    ] Leaving safepoint region
[2022-06-13T01:59:41.983+0000][1][safepoint    ] Total time for which application threads were stopped: 0.0003711 seconds, Stopping threads took: 0.0001318 seconds
[2022-06-13T01:59:41.984+0000][1][safepoint    ] Application time: 0.0002346 seconds
[2022-06-13T01:59:41.984+0000][1][safepoint    ] Entering safepoint region: RevokeBias
[2022-06-13T01:59:41.984+0000][1][safepoint    ] Leaving safepoint region
[2022-06-13T01:59:41.984+0000][1][safepoint    ] Total time for which application threads were stopped: 0.0002230 seconds, Stopping threads took: 0.0001150 seconds
[2022-06-13T01:59:41.984+0000][1][safepoint    ] Application time: 0.0001050 seconds
[2022-06-13T01:59:41.984+0000][1][safepoint    ] Entering safepoint region: RevokeBias
[2022-06-13T01:59:41.985+0000][1][safepoint    ] Leaving safepoint region
[2022-06-13T01:59:41.985+0000][1][safepoint    ] Total time for which application threads were stopped: 0.0001691 seconds, Stopping threads took: 0.0000771 seconds
[2022-06-13T01:59:41.985+0000][1][safepoint    ] Application time: 0.0000839 seconds
[2022-06-13T01:59:41.985+0000][1][safepoint    ] Entering safepoint region: RevokeBias
[2022-06-13T01:59:41.985+0000][1][safepoint    ] Leaving safepoint region
[2022-06-13T01:59:41.985+0000][1][safepoint    ] Total time for which application threads were stopped: 0.0002223 seconds, Stopping threads took: 0.0001106 seconds
[2022-06-13T01:59:41.985+0000][1][safepoint    ] Application time: 0.0000895 seconds
[2022-06-13T01:59:41.985+0000][1][safepoint    ] Entering safepoint region: RevokeBias
[2022-06-13T01:59:41.985+0000][1][safepoint    ] Leaving safepoint region
[2022-06-13T01:59:41.986+0000][1][safepoint    ] Total time for which application threads were stopped: 0.0002041 seconds, Stopping threads took: 0.0001009 seconds
[2022-06-13T01:59:41.986+0000][1][safepoint    ] Application time: 0.0000919 seconds
[2022-06-13T01:59:41.986+0000][1][safepoint    ] Entering safepoint region: RevokeBias
[2022-06-13T01:59:41.986+0000][1][safepoint    ] Leaving safepoint region
[2022-06-13T01:59:41.986+0000][1][safepoint    ] Total time for which application threads were stopped: 0.0001940 seconds, Stopping threads took: 0.0000834 seconds
[2022-06-13T01:59:41.986+0000][1][safepoint    ] Application time: 0.0000840 seconds
[2022-06-13T01:59:41.986+0000][1][safepoint    ] Entering safepoint region: RevokeBias
[2022-06-13T01:59:41.986+0000][1][safepoint    ] Leaving safepoint region
[2022-06-13T01:59:41.986+0000][1][safepoint    ] Total time for which application threads were stopped: 0.0001910 seconds, Stopping threads took: 0.0000864 seconds
[2022-06-13T01:59:41.987+0000][1][safepoint    ] Application time: 0.0000620 seconds
[2022-06-13T01:59:41.987+0000][1][safepoint    ] Entering safepoint region: RevokeBias
[2022-06-13T01:59:41.987+0000][1][safepoint    ] Leaving safepoint region
[2022-06-13T01:59:41.987+0000][1][safepoint    ] Total time for which application threads were stopped: 0.0003302 seconds, Stopping threads took: 0.0002376 seconds
[2022-06-13T01:59:41.987+0000][1][safepoint    ] Application time: 0.0000559 seconds
[2022-06-13T01:59:41.987+0000][1][safepoint    ] Entering safepoint region: RevokeBias
[2022-06-13T01:59:41.987+0000][1][safepoint    ] Leaving safepoint region
[2022-06-13T01:59:41.987+0000][1][safepoint    ] Total time for which application threads were stopped: 0.0001946 seconds, Stopping threads took: 0.0001004 seconds
[2022-06-13T01:59:41.988+0000][1][safepoint    ] Application time: 0.0000426 seconds
[2022-06-13T01:59:41.988+0000][1][safepoint    ] Entering safepoint region: RevokeBias
[2022-06-13T01:59:41.988+0000][1][safepoint    ] Leaving safepoint region
[2022-06-13T01:59:41.988+0000][1][safepoint    ] Total time for which application threads were stopped: 0.0001851 seconds, Stopping threads took: 0.0000843 seconds
[2022-06-13T01:59:41.988+0000][1][safepoint    ] Application time: 0.0000431 seconds
[2022-06-13T01:59:41.988+0000][1][safepoint    ] Entering safepoint region: RevokeBias
[2022-06-13T01:59:41.988+0000][1][safepoint    ] Leaving safepoint region
[2022-06-13T01:59:41.988+0000][1][safepoint    ] Total time for which application threads were stopped: 0.0002012 seconds, Stopping threads took: 0.0000901 seconds
[2022-06-13T01:59:41.988+0000][1][safepoint    ] Application time: 0.0000436 seconds
[2022-06-13T01:59:41.988+0000][1][safepoint    ] Entering safepoint region: RevokeBias
[2022-06-13T01:59:41.989+0000][1][safepoint    ] Leaving safepoint region
[2022-06-13T01:59:41.989+0000][1][safepoint    ] Total time for which application threads were stopped: 0.0001814 seconds, Stopping threads took: 0.0000827 seconds
[2022-06-13T01:59:41.989+0000][1][safepoint    ] Application time: 0.0000492 seconds
[2022-06-13T01:59:41.989+0000][1][safepoint    ] Entering safepoint region: RevokeBias
[2022-06-13T01:59:41.989+0000][1][safepoint    ] Leaving safepoint region
[2022-06-13T01:59:41.989+0000][1][safepoint    ] Total time for which application threads were stopped: 0.0002116 seconds, Stopping threads took: 0.0000826 seconds
[2022-06-13T01:59:41.989+0000][1][safepoint    ] Application time: 0.0000485 seconds
[2022-06-13T01:59:41.989+0000][1][safepoint    ] Entering safepoint region: RevokeBias
[2022-06-13T01:59:41.989+0000][1][safepoint    ] Leaving safepoint region
[2022-06-13T01:59:41.990+0000][1][safepoint    ] Total time for which application threads were stopped: 0.0002031 seconds, Stopping threads took: 0.0000793 seconds
[2022-06-13T01:59:41.990+0000][1][safepoint    ] Application time: 0.0000602 seconds
[2022-06-13T01:59:41.990+0000][1][safepoint    ] Entering safepoint region: RevokeBias
[2022-06-13T01:59:41.990+0000][1][safepoint    ] Leaving safepoint region
[2022-06-13T01:59:41.990+0000][1][safepoint    ] Total time for which application threads were stopped: 0.0001837 seconds, Stopping threads took: 0.0000868 seconds
[2022-06-13T01:59:41.990+0000][1][safepoint    ] Application time: 0.0000581 seconds
[2022-06-13T01:59:41.990+0000][1][safepoint    ] Entering safepoint region: RevokeBias
[2022-06-13T01:59:41.990+0000][1][safepoint    ] Leaving safepoint region
[2022-06-13T01:59:41.990+0000][1][safepoint    ] Total time for which application threads were stopped: 0.0001950 seconds, Stopping threads took: 0.0000922 seconds
[2022-06-13T01:59:41.991+0000][1][safepoint    ] Application time: 0.0000721 seconds
[2022-06-13T01:59:41.991+0000][1][safepoint    ] Entering safepoint region: RevokeBias
[2022-06-13T01:59:41.991+0000][1][safepoint    ] Leaving safepoint region
[2022-06-13T01:59:41.991+0000][1][safepoint    ] Total time for which application threads were stopped: 0.0001921 seconds, Stopping threads took: 0.0000900 seconds
[2022-06-13T01:59:41.991+0000][1][safepoint    ] Application time: 0.0000757 seconds
[2022-06-13T01:59:41.991+0000][1][safepoint    ] Entering safepoint region: RevokeBias
[2022-06-13T01:59:41.991+0000][1][safepoint    ] Leaving safepoint region
[2022-06-13T01:59:41.991+0000][1][safepoint    ] Total time for which application threads were stopped: 0.0001984 seconds, Stopping threads took: 0.0000771 seconds
[2022-06-13T01:59:41.991+0000][1][safepoint    ] Application time: 0.0000449 seconds
[2022-06-13T01:59:41.991+0000][1][safepoint    ] Entering safepoint region: RevokeBias
[2022-06-13T01:59:41.992+0000][1][safepoint    ] Leaving safepoint region
[2022-06-13T01:59:41.992+0000][1][safepoint    ] Total time for which application threads were stopped: 0.0001771 seconds, Stopping threads took: 0.0000810 seconds
[2022-06-13T01:59:41.992+0000][1][safepoint    ] Application time: 0.0000694 seconds
[2022-06-13T01:59:41.992+0000][1][safepoint    ] Entering safepoint region: RevokeBias
[2022-06-13T01:59:41.992+0000][1][safepoint    ] Leaving safepoint region
[2022-06-13T01:59:41.992+0000][1][safepoint    ] Total time for which application threads were stopped: 0.0002611 seconds, Stopping threads took: 0.0001014 seconds
[2022-06-13T01:59:41.993+0000][1][safepoint    ] Application time: 0.0000540 seconds
[2022-06-13T01:59:41.993+0000][1][safepoint    ] Entering safepoint region: RevokeBias
[2022-06-13T01:59:41.993+0000][1][safepoint    ] Leaving safepoint region
[2022-06-13T01:59:41.993+0000][1][safepoint    ] Total time for which application threads were stopped: 0.0001985 seconds, Stopping threads took: 0.0000787 seconds
[2022-06-13T01:59:41.993+0000][1][safepoint    ] Application time: 0.0000442 seconds
[2022-06-13T01:59:41.993+0000][1][safepoint    ] Entering safepoint region: RevokeBias
[2022-06-13T01:59:41.993+0000][1][safepoint    ] Leaving safepoint region
[2022-06-13T01:59:41.993+0000][1][safepoint    ] Total time for which application threads were stopped: 0.0001610 seconds, Stopping threads took: 0.0000742 seconds
[2022-06-13T01:59:41.993+0000][1][safepoint    ] Application time: 0.0000452 seconds
[2022-06-13T01:59:41.993+0000][1][safepoint    ] Entering safepoint region: RevokeBias
[2022-06-13T01:59:41.993+0000][1][safepoint    ] Leaving safepoint region
[2022-06-13T01:59:41.994+0000][1][safepoint    ] Total time for which application threads were stopped: 0.0001602 seconds, Stopping threads took: 0.0000738 seconds
[2022-06-13T01:59:41.994+0000][1][safepoint    ] Application time: 0.0000429 seconds
[2022-06-13T01:59:41.994+0000][1][safepoint    ] Entering safepoint region: RevokeBias
[2022-06-13T01:59:41.994+0000][1][safepoint    ] Leaving safepoint region
[2022-06-13T01:59:41.994+0000][1][safepoint    ] Total time for which application threads were stopped: 0.0001879 seconds, Stopping threads took: 0.0000777 seconds
[2022-06-13T01:59:41.994+0000][1][safepoint    ] Application time: 0.0000430 seconds
[2022-06-13T01:59:41.994+0000][1][safepoint    ] Entering safepoint region: BulkRevokeBias
[2022-06-13T01:59:41.994+0000][1][safepoint    ] Leaving safepoint region
[2022-06-13T01:59:41.994+0000][1][safepoint    ] Total time for which application threads were stopped: 0.0002253 seconds, Stopping threads took: 0.0000859 seconds
[2022-06-13T01:59:41.995+0000][1][safepoint    ] Application time: 0.0001883 seconds
[2022-06-13T01:59:41.995+0000][1][safepoint    ] Entering safepoint region: RevokeBias
[2022-06-13T01:59:41.995+0000][1][safepoint    ] Leaving safepoint region
[2022-06-13T01:59:41.995+0000][1][safepoint    ] Total time for which application threads were stopped: 0.0006423 seconds, Stopping threads took: 0.0005242 seconds
[2022-06-13T01:59:41.995+0000][1][safepoint    ] Application time: 0.0000816 seconds
[2022-06-13T01:59:41.996+0000][1][safepoint    ] Entering safepoint region: RevokeBias
[2022-06-13T01:59:41.996+0000][1][safepoint    ] Leaving safepoint region
[2022-06-13T01:59:41.996+0000][1][safepoint    ] Total time for which application threads were stopped: 0.0002271 seconds, Stopping threads took: 0.0001101 seconds
[2022-06-13T01:59:41.996+0000][1][safepoint    ] Application time: 0.0001396 seconds
[2022-06-13T01:59:41.996+0000][1][safepoint    ] Entering safepoint region: RevokeBias
[2022-06-13T01:59:41.996+0000][1][safepoint    ] Leaving safepoint region
[2022-06-13T01:59:41.996+0000][1][safepoint    ] Total time for which application threads were stopped: 0.0003330 seconds, Stopping threads took: 0.0001999 seconds
[2022-06-13T01:59:41.997+0000][1][safepoint    ] Application time: 0.0000719 seconds
[2022-06-13T01:59:41.997+0000][1][safepoint    ] Entering safepoint region: RevokeBias
[2022-06-13T01:59:41.997+0000][1][safepoint    ] Leaving safepoint region
[2022-06-13T01:59:41.997+0000][1][safepoint    ] Total time for which application threads were stopped: 0.0002473 seconds, Stopping threads took: 0.0001219 seconds
[2022-06-13T01:59:41.997+0000][1][safepoint    ] Application time: 0.0000563 seconds
[2022-06-13T01:59:41.997+0000][1][safepoint    ] Entering safepoint region: RevokeBias
[2022-06-13T01:59:41.997+0000][1][safepoint    ] Leaving safepoint region
[2022-06-13T01:59:41.997+0000][1][safepoint    ] Total time for which application threads were stopped: 0.0002360 seconds, Stopping threads took: 0.0001262 seconds
[2022-06-13T01:59:41.998+0000][1][safepoint    ] Application time: 0.0000556 seconds
[2022-06-13T01:59:41.998+0000][1][safepoint    ] Entering safepoint region: RevokeBias
[2022-06-13T01:59:41.998+0000][1][safepoint    ] Leaving safepoint region
[2022-06-13T01:59:41.998+0000][1][safepoint    ] Total time for which application threads were stopped: 0.0002721 seconds, Stopping threads took: 0.0001610 seconds
[2022-06-13T01:59:41.998+0000][1][safepoint    ] Application time: 0.0003315 seconds
[2022-06-13T01:59:41.999+0000][1][safepoint    ] Entering safepoint region: RevokeBias
[2022-06-13T01:59:41.999+0000][1][safepoint    ] Leaving safepoint region
[2022-06-13T01:59:41.999+0000][1][safepoint    ] Total time for which application threads were stopped: 0.0005285 seconds, Stopping threads took: 0.0004000 seconds
[2022-06-13T01:59:41.999+0000][1][safepoint    ] Application time: 0.0002306 seconds
[2022-06-13T01:59:42.000+0000][1][safepoint    ] Entering safepoint region: RevokeBias
[2022-06-13T01:59:42.000+0000][1][safepoint    ] Leaving safepoint region
[2022-06-13T01:59:42.000+0000][1][safepoint    ] Total time for which application threads were stopped: 0.0002098 seconds, Stopping threads took: 0.0000806 seconds
[2022-06-13T01:59:42.000+0000][1][safepoint    ] Application time: 0.0002773 seconds
[2022-06-13T01:59:42.000+0000][1][safepoint    ] Entering safepoint region: RevokeBias
[2022-06-13T01:59:42.000+0000][1][safepoint    ] Leaving safepoint region
[2022-06-13T01:59:42.000+0000][1][safepoint    ] Total time for which application threads were stopped: 0.0002050 seconds, Stopping threads took: 0.0001036 seconds
[2022-06-13T01:59:42.001+0000][1][safepoint    ] Application time: 0.0004432 seconds
[2022-06-13T01:59:42.001+0000][1][safepoint    ] Entering safepoint region: RevokeBias
[2022-06-13T01:59:42.001+0000][1][safepoint    ] Leaving safepoint region
[2022-06-13T01:59:42.001+0000][1][safepoint    ] Total time for which application threads were stopped: 0.0002452 seconds, Stopping threads took: 0.0001316 seconds
[2022-06-13T01:59:42.002+0000][1][safepoint    ] Application time: 0.0001579 seconds
[2022-06-13T01:59:42.002+0000][1][safepoint    ] Entering safepoint region: RevokeBias
[2022-06-13T01:59:42.002+0000][1][safepoint    ] Leaving safepoint region
[2022-06-13T01:59:42.002+0000][1][safepoint    ] Total time for which application threads were stopped: 0.0002370 seconds, Stopping threads took: 0.0001288 seconds
[2022-06-13T01:59:42.002+0000][1][safepoint    ] Application time: 0.0002433 seconds
[2022-06-13T01:59:42.002+0000][1][safepoint    ] Entering safepoint region: RevokeBias
[2022-06-13T01:59:42.003+0000][1][safepoint    ] Leaving safepoint region
[2022-06-13T01:59:42.003+0000][1][safepoint    ] Total time for which application threads were stopped: 0.0002229 seconds, Stopping threads took: 0.0001107 seconds
[2022-06-13T01:59:42.004+0000][1][safepoint    ] Application time: 0.0008411 seconds
[2022-06-13T01:59:42.004+0000][1][safepoint    ] Entering safepoint region: RevokeBias
[2022-06-13T01:59:42.004+0000][1][safepoint    ] Leaving safepoint region
[2022-06-13T01:59:42.004+0000][1][safepoint    ] Total time for which application threads were stopped: 0.0002632 seconds, Stopping threads took: 0.0001462 seconds
[2022-06-13T01:59:42.004+0000][1][safepoint    ] Application time: 0.0000749 seconds
[2022-06-13T01:59:42.004+0000][1][safepoint    ] Entering safepoint region: RevokeBias
[2022-06-13T01:59:42.004+0000][1][safepoint    ] Leaving safepoint region
[2022-06-13T01:59:42.004+0000][1][safepoint    ] Total time for which application threads were stopped: 0.0002004 seconds, Stopping threads took: 0.0000990 seconds
[2022-06-13T01:59:42.005+0000][1][safepoint    ] Application time: 0.0006369 seconds
[2022-06-13T01:59:42.005+0000][1][safepoint    ] Entering safepoint region: RevokeBias
[2022-06-13T01:59:42.005+0000][1][safepoint    ] Leaving safepoint region
[2022-06-13T01:59:42.005+0000][1][safepoint    ] Total time for which application threads were stopped: 0.0001895 seconds, Stopping threads took: 0.0000927 seconds
[2022-06-13T01:59:42.006+0000][1][safepoint    ] Application time: 0.0006676 seconds
[2022-06-13T01:59:42.007+0000][1][safepoint    ] Entering safepoint region: RevokeBias
[2022-06-13T01:59:42.007+0000][1][safepoint    ] Leaving safepoint region
[2022-06-13T01:59:42.007+0000][1][safepoint    ] Total time for which application threads were stopped: 0.0009392 seconds, Stopping threads took: 0.0007376 seconds
[2022-06-13T01:59:42.008+0000][1][safepoint    ] Application time: 0.0000831 seconds
[2022-06-13T01:59:42.008+0000][1][safepoint    ] Entering safepoint region: RevokeBias
[2022-06-13T01:59:42.008+0000][1][safepoint    ] Leaving safepoint region
[2022-06-13T01:59:42.008+0000][1][safepoint    ] Total time for which application threads were stopped: 0.0002445 seconds, Stopping threads took: 0.0001245 seconds
[2022-06-13T01:59:42.008+0000][1][safepoint    ] Application time: 0.0001678 seconds
[2022-06-13T01:59:42.008+0000][1][safepoint    ] Entering safepoint region: RevokeBias
[2022-06-13T01:59:42.008+0000][1][safepoint    ] Leaving safepoint region
[2022-06-13T01:59:42.009+0000][1][safepoint    ] Total time for which application threads were stopped: 0.0002468 seconds, Stopping threads took: 0.0001494 seconds
[2022-06-13T01:59:42.026+0000][1][safepoint    ] Application time: 0.0170065 seconds
[2022-06-13T01:59:42.026+0000][1][safepoint    ] Entering safepoint region: GenCollectForAllocation
[2022-06-13T01:59:42.026+0000][1][gc,start     ] GC(19) Pause Young (Allocation Failure)
[2022-06-13T01:59:42.026+0000][1][gc,task      ] GC(19) Using 5 workers of 13 for evacuation
[2022-06-13T01:59:42.031+0000][1][gc,age       ] GC(19) Desired survivor size 4456448 bytes, new threshold 2 (max threshold 6)
[2022-06-13T01:59:42.031+0000][1][gc,age       ] GC(19) Age table with threshold 2 (max threshold 6)
[2022-06-13T01:59:42.031+0000][1][gc,age       ] GC(19) - age   1:    2960072 bytes,    2960072 total
[2022-06-13T01:59:42.032+0000][1][gc,age       ] GC(19) - age   2:    3865032 bytes,    6825104 total
[2022-06-13T01:59:42.032+0000][1][gc,age       ] GC(19) - age   3:     339216 bytes,    7164320 total
[2022-06-13T01:59:42.032+0000][1][gc,heap      ] GC(19) ParNew: 74934K->7997K(78656K)
[2022-06-13T01:59:42.032+0000][1][gc,heap      ] GC(19) CMS: 55296K->55296K(174784K)
[2022-06-13T01:59:42.032+0000][1][gc,metaspace ] GC(19) Metaspace: 47505K->47505K(1093632K)
[2022-06-13T01:59:42.033+0000][1][gc           ] GC(19) Pause Young (Allocation Failure) 127M->61M(247M) 6.458ms
[2022-06-13T01:59:42.033+0000][1][gc,cpu       ] GC(19) User=0.03s Sys=0.00s Real=0.01s
[2022-06-13T01:59:42.033+0000][1][safepoint    ] Leaving safepoint region
[2022-06-13T01:59:42.033+0000][1][safepoint    ] Total time for which application threads were stopped: 0.0075321 seconds, Stopping threads took: 0.0001832 seconds
[2022-06-13T01:59:42.155+0000][1][safepoint    ] Application time: 0.1214409 seconds
[2022-06-13T01:59:42.156+0000][1][safepoint    ] Entering safepoint region: RevokeBias
[2022-06-13T01:59:42.156+0000][1][safepoint    ] Leaving safepoint region
[2022-06-13T01:59:42.156+0000][1][safepoint    ] Total time for which application threads were stopped: 0.0006081 seconds, Stopping threads took: 0.0002905 seconds
[2022-06-13T01:59:42.157+0000][1][safepoint    ] Application time: 0.0002388 seconds
[2022-06-13T01:59:42.157+0000][1][safepoint    ] Entering safepoint region: RevokeBias
[2022-06-13T01:59:42.158+0000][1][safepoint    ] Leaving safepoint region
[2022-06-13T01:59:42.158+0000][1][safepoint    ] Total time for which application threads were stopped: 0.0006931 seconds, Stopping threads took: 0.0003582 seconds
[2022-06-13T01:59:42.256+0000][1][safepoint    ] Application time: 0.0976425 seconds
[2022-06-13T01:59:42.256+0000][1][safepoint    ] Entering safepoint region: RevokeBias
[2022-06-13T01:59:42.256+0000][1][safepoint    ] Leaving safepoint region
[2022-06-13T01:59:42.256+0000][1][safepoint    ] Total time for which application threads were stopped: 0.0003128 seconds, Stopping threads took: 0.0001485 seconds
[2022-06-13T01:59:42.339+0000][1][safepoint    ] Application time: 0.0820505 seconds
[2022-06-13T01:59:42.339+0000][1][safepoint    ] Entering safepoint region: RevokeBias
[2022-06-13T01:59:42.339+0000][1][safepoint    ] Leaving safepoint region
[2022-06-13T01:59:42.340+0000][1][safepoint    ] Total time for which application threads were stopped: 0.0010550 seconds, Stopping threads took: 0.0004771 seconds
[2022-06-13T01:59:42.472+0000][1][safepoint    ] Application time: 0.1317169 seconds
[2022-06-13T01:59:42.473+0000][1][safepoint    ] Entering safepoint region: GenCollectForAllocation
[2022-06-13T01:59:42.474+0000][1][gc,start     ] GC(20) Pause Young (Allocation Failure)
[2022-06-13T01:59:42.474+0000][1][gc,task      ] GC(20) Using 5 workers of 13 for evacuation
[2022-06-13T01:59:42.480+0000][1][gc,age       ] GC(20) Desired survivor size 4456448 bytes, new threshold 2 (max threshold 6)
[2022-06-13T01:59:42.481+0000][1][gc,age       ] GC(20) Age table with threshold 2 (max threshold 6)
[2022-06-13T01:59:42.482+0000][1][gc,age       ] GC(20) - age   1:    1617920 bytes,    1617920 total
[2022-06-13T01:59:42.482+0000][1][gc,age       ] GC(20) - age   2:    2893728 bytes,    4511648 total
[2022-06-13T01:59:42.482+0000][1][gc,heap      ] GC(20) ParNew: 77949K->7387K(78656K)
[2022-06-13T01:59:42.483+0000][1][gc,heap      ] GC(20) CMS: 55296K->59518K(174784K)
[2022-06-13T01:59:42.483+0000][1][gc,metaspace ] GC(20) Metaspace: 54317K->54317K(1099776K)
[2022-06-13T01:59:42.484+0000][1][gc           ] GC(20) Pause Young (Allocation Failure) 130M->65M(247M) 10.178ms
[2022-06-13T01:59:42.484+0000][1][gc,cpu       ] GC(20) User=0.04s Sys=0.00s Real=0.01s
[2022-06-13T01:59:42.485+0000][1][safepoint    ] Leaving safepoint region
[2022-06-13T01:59:42.485+0000][1][safepoint    ] Total time for which application threads were stopped: 0.0128833 seconds, Stopping threads took: 0.0003720 seconds
[2022-06-13T01:59:42.585+0000][1][safepoint    ] Application time: 0.0987289 seconds
[2022-06-13T01:59:42.585+0000][1][safepoint    ] Entering safepoint region: Deoptimize
[2022-06-13T01:59:42.586+0000][1][safepoint    ] Leaving safepoint region
[2022-06-13T01:59:42.586+0000][1][safepoint    ] Total time for which application threads were stopped: 0.0013528 seconds, Stopping threads took: 0.0003462 seconds
[2022-06-13T01:59:42.607+0000][1][safepoint    ] Application time: 0.0200859 seconds
[2022-06-13T01:59:42.607+0000][1][safepoint    ] Entering safepoint region: RevokeBias
[2022-06-13T01:59:42.607+0000][1][safepoint    ] Leaving safepoint region
[2022-06-13T01:59:42.608+0000][1][safepoint    ] Total time for which application threads were stopped: 0.0007022 seconds, Stopping threads took: 0.0003505 seconds
[2022-06-13T01:59:42.608+0000][1][safepoint    ] Application time: 0.0003290 seconds
[2022-06-13T01:59:42.609+0000][1][safepoint    ] Entering safepoint region: RevokeBias
[2022-06-13T01:59:42.609+0000][1][safepoint    ] Leaving safepoint region
[2022-06-13T01:59:42.610+0000][1][safepoint    ] Total time for which application threads were stopped: 0.0007979 seconds, Stopping threads took: 0.0003129 seconds
[2022-06-13T01:59:42.610+0000][1][safepoint    ] Application time: 0.0002185 seconds
[2022-06-13T01:59:42.610+0000][1][safepoint    ] Entering safepoint region: RevokeBias
[2022-06-13T01:59:42.611+0000][1][safepoint    ] Leaving safepoint region
[2022-06-13T01:59:42.611+0000][1][safepoint    ] Total time for which application threads were stopped: 0.0008647 seconds, Stopping threads took: 0.0003302 seconds
[2022-06-13T01:59:42.614+0000][1][safepoint    ] Application time: 0.0022912 seconds
[2022-06-13T01:59:42.614+0000][1][safepoint    ] Entering safepoint region: RevokeBias
[2022-06-13T01:59:42.615+0000][1][safepoint    ] Leaving safepoint region
[2022-06-13T01:59:42.615+0000][1][safepoint    ] Total time for which application threads were stopped: 0.0006937 seconds, Stopping threads took: 0.0002790 seconds
[2022-06-13T01:59:42.668+0000][1][safepoint    ] Application time: 0.0523884 seconds
[2022-06-13T01:59:42.668+0000][1][safepoint    ] Entering safepoint region: RevokeBias
[2022-06-13T01:59:42.670+0000][1][safepoint    ] Leaving safepoint region
[2022-06-13T01:59:42.670+0000][1][safepoint    ] Total time for which application threads were stopped: 0.0019781 seconds, Stopping threads took: 0.0003905 seconds
[2022-06-13T01:59:42.697+0000][1][safepoint    ] Application time: 0.0259259 seconds
[2022-06-13T01:59:42.697+0000][1][safepoint    ] Entering safepoint region: RevokeBias
[2022-06-13T01:59:42.697+0000][1][safepoint    ] Leaving safepoint region
[2022-06-13T01:59:42.697+0000][1][safepoint    ] Total time for which application threads were stopped: 0.0004725 seconds, Stopping threads took: 0.0002086 seconds
[2022-06-13T01:59:42.735+0000][1][safepoint    ] Application time: 0.0370582 seconds
[2022-06-13T01:59:42.735+0000][1][safepoint    ] Entering safepoint region: Deoptimize
[2022-06-13T01:59:42.736+0000][1][safepoint    ] Leaving safepoint region
[2022-06-13T01:59:42.736+0000][1][safepoint    ] Total time for which application threads were stopped: 0.0009703 seconds, Stopping threads took: 0.0001693 seconds
[2022-06-13T01:59:42.910+0000][1][safepoint    ] Application time: 0.1739157 seconds
[2022-06-13T01:59:42.911+0000][1][safepoint    ] Entering safepoint region: RevokeBias
[2022-06-13T01:59:42.911+0000][1][safepoint    ] Leaving safepoint region
[2022-06-13T01:59:42.911+0000][1][safepoint    ] Total time for which application threads were stopped: 0.0007250 seconds, Stopping threads took: 0.0003837 seconds
[2022-06-13T01:59:42.912+0000][1][safepoint    ] Application time: 0.0001235 seconds
[2022-06-13T01:59:42.912+0000][1][safepoint    ] Entering safepoint region: RevokeBias
[2022-06-13T01:59:42.912+0000][1][safepoint    ] Leaving safepoint region
[2022-06-13T01:59:42.912+0000][1][safepoint    ] Total time for which application threads were stopped: 0.0006040 seconds, Stopping threads took: 0.0002900 seconds
[2022-06-13T01:59:42.913+0000][1][safepoint    ] Application time: 0.0000772 seconds
[2022-06-13T01:59:42.913+0000][1][safepoint    ] Entering safepoint region: RevokeBias
[2022-06-13T01:59:42.913+0000][1][safepoint    ] Leaving safepoint region
[2022-06-13T01:59:42.913+0000][1][safepoint    ] Total time for which application threads were stopped: 0.0005233 seconds, Stopping threads took: 0.0002662 seconds
[2022-06-13T01:59:42.914+0000][1][safepoint    ] Application time: 0.0000997 seconds
[2022-06-13T01:59:42.914+0000][1][safepoint    ] Entering safepoint region: RevokeBias
[2022-06-13T01:59:42.914+0000][1][safepoint    ] Leaving safepoint region
[2022-06-13T01:59:42.914+0000][1][safepoint    ] Total time for which application threads were stopped: 0.0003786 seconds, Stopping threads took: 0.0002487 seconds
[2022-06-13T01:59:42.915+0000][1][safepoint    ] Application time: 0.0000805 seconds
[2022-06-13T01:59:42.915+0000][1][safepoint    ] Entering safepoint region: RevokeBias
[2022-06-13T01:59:42.915+0000][1][safepoint    ] Leaving safepoint region
[2022-06-13T01:59:42.915+0000][1][safepoint    ] Total time for which application threads were stopped: 0.0002397 seconds, Stopping threads took: 0.0001309 seconds
[2022-06-13T01:59:42.915+0000][1][safepoint    ] Application time: 0.0000757 seconds
[2022-06-13T01:59:42.915+0000][1][safepoint    ] Entering safepoint region: RevokeBias
[2022-06-13T01:59:42.915+0000][1][safepoint    ] Leaving safepoint region
[2022-06-13T01:59:42.915+0000][1][safepoint    ] Total time for which application threads were stopped: 0.0002179 seconds, Stopping threads took: 0.0001070 seconds
[2022-06-13T01:59:42.916+0000][1][safepoint    ] Application time: 0.0000757 seconds
[2022-06-13T01:59:42.916+0000][1][safepoint    ] Entering safepoint region: RevokeBias
[2022-06-13T01:59:42.916+0000][1][safepoint    ] Leaving safepoint region
[2022-06-13T01:59:42.916+0000][1][safepoint    ] Total time for which application threads were stopped: 0.0002484 seconds, Stopping threads took: 0.0001455 seconds
[2022-06-13T01:59:42.916+0000][1][safepoint    ] Application time: 0.0000757 seconds
[2022-06-13T01:59:42.916+0000][1][safepoint    ] Entering safepoint region: RevokeBias
[2022-06-13T01:59:42.916+0000][1][safepoint    ] Leaving safepoint region
[2022-06-13T01:59:42.917+0000][1][safepoint    ] Total time for which application threads were stopped: 0.0003220 seconds, Stopping threads took: 0.0001432 seconds
[2022-06-13T01:59:42.952+0000][1][safepoint    ] Application time: 0.0355237 seconds
[2022-06-13T01:59:42.953+0000][1][safepoint    ] Entering safepoint region: RevokeBias
[2022-06-13T01:59:42.953+0000][1][safepoint    ] Leaving safepoint region
[2022-06-13T01:59:42.953+0000][1][safepoint    ] Total time for which application threads were stopped: 0.0005011 seconds, Stopping threads took: 0.0002433 seconds
[2022-06-13T01:59:43.046+0000][1][safepoint    ] Application time: 0.0929300 seconds
[2022-06-13T01:59:43.047+0000][1][safepoint    ] Entering safepoint region: GenCollectForAllocation
[2022-06-13T01:59:43.047+0000][1][gc,start     ] GC(21) Pause Young (Allocation Failure)
[2022-06-13T01:59:43.047+0000][1][gc,task      ] GC(21) Using 5 workers of 13 for evacuation
[2022-06-13T01:59:43.054+0000][1][gc,age       ] GC(21) Desired survivor size 4456448 bytes, new threshold 2 (max threshold 6)
[2022-06-13T01:59:43.054+0000][1][gc,age       ] GC(21) Age table with threshold 2 (max threshold 6)
[2022-06-13T01:59:43.054+0000][1][gc,age       ] GC(21) - age   1:    4044016 bytes,    4044016 total
[2022-06-13T01:59:43.055+0000][1][gc,age       ] GC(21) - age   2:    1533080 bytes,    5577096 total
[2022-06-13T01:59:43.055+0000][1][gc,heap      ] GC(21) ParNew: 77339K->7020K(78656K)
[2022-06-13T01:59:43.055+0000][1][gc,heap      ] GC(21) CMS: 59518K->62399K(174784K)
[2022-06-13T01:59:43.056+0000][1][gc,metaspace ] GC(21) Metaspace: 62566K->62566K(1105920K)
[2022-06-13T01:59:43.056+0000][1][gc           ] GC(21) Pause Young (Allocation Failure) 133M->67M(247M) 9.184ms
[2022-06-13T01:59:43.057+0000][1][gc,cpu       ] GC(21) User=0.03s Sys=0.00s Real=0.01s
[2022-06-13T01:59:43.057+0000][1][safepoint    ] Leaving safepoint region
[2022-06-13T01:59:43.057+0000][1][safepoint    ] Total time for which application threads were stopped: 0.0107048 seconds, Stopping threads took: 0.0003269 seconds
[2022-06-13T01:59:43.072+0000][1][safepoint    ] Application time: 0.0141234 seconds
[2022-06-13T01:59:43.072+0000][1][safepoint    ] Entering safepoint region: Deoptimize
[2022-06-13T01:59:43.073+0000][1][safepoint    ] Leaving safepoint region
[2022-06-13T01:59:43.073+0000][1][safepoint    ] Total time for which application threads were stopped: 0.0009949 seconds, Stopping threads took: 0.0003141 seconds
[2022-06-13T01:59:43.079+0000][1][safepoint    ] Application time: 0.0051666 seconds
[2022-06-13T01:59:43.079+0000][1][safepoint    ] Entering safepoint region: BulkRevokeBias
[2022-06-13T01:59:43.079+0000][1][safepoint    ] Leaving safepoint region
[2022-06-13T01:59:43.080+0000][1][safepoint    ] Total time for which application threads were stopped: 0.0007869 seconds, Stopping threads took: 0.0002016 seconds
[2022-06-13T01:59:43.081+0000][1][safepoint    ] Application time: 0.0010198 seconds
[2022-06-13T01:59:43.081+0000][1][safepoint    ] Entering safepoint region: RevokeBias
[2022-06-13T01:59:43.082+0000][1][safepoint    ] Leaving safepoint region
[2022-06-13T01:59:43.082+0000][1][safepoint    ] Total time for which application threads were stopped: 0.0008035 seconds, Stopping threads took: 0.0004627 seconds
[2022-06-13T01:59:43.083+0000][1][safepoint    ] Application time: 0.0004390 seconds
[2022-06-13T01:59:43.083+0000][1][safepoint    ] Entering safepoint region: RevokeBias
[2022-06-13T01:59:43.084+0000][1][safepoint    ] Leaving safepoint region
[2022-06-13T01:59:43.084+0000][1][safepoint    ] Total time for which application threads were stopped: 0.0006399 seconds, Stopping threads took: 0.0003295 seconds
[2022-06-13T01:59:43.085+0000][1][safepoint    ] Application time: 0.0002008 seconds
[2022-06-13T01:59:43.085+0000][1][safepoint    ] Entering safepoint region: RevokeBias
[2022-06-13T01:59:43.085+0000][1][safepoint    ] Leaving safepoint region
[2022-06-13T01:59:43.086+0000][1][safepoint    ] Total time for which application threads were stopped: 0.0008001 seconds, Stopping threads took: 0.0004008 seconds
[2022-06-13T01:59:43.086+0000][1][safepoint    ] Application time: 0.0002718 seconds
[2022-06-13T01:59:43.087+0000][1][safepoint    ] Entering safepoint region: RevokeBias
[2022-06-13T01:59:43.087+0000][1][safepoint    ] Leaving safepoint region
[2022-06-13T01:59:43.087+0000][1][safepoint    ] Total time for which application threads were stopped: 0.0007806 seconds, Stopping threads took: 0.0004092 seconds
[2022-06-13T01:59:43.088+0000][1][safepoint    ] Application time: 0.0002333 seconds
[2022-06-13T01:59:43.088+0000][1][safepoint    ] Entering safepoint region: RevokeBias
[2022-06-13T01:59:43.089+0000][1][safepoint    ] Leaving safepoint region
[2022-06-13T01:59:43.089+0000][1][safepoint    ] Total time for which application threads were stopped: 0.0007018 seconds, Stopping threads took: 0.0003475 seconds
[2022-06-13T01:59:43.090+0000][1][safepoint    ] Application time: 0.0002540 seconds
[2022-06-13T01:59:43.090+0000][1][safepoint    ] Entering safepoint region: RevokeBias
[2022-06-13T01:59:43.090+0000][1][safepoint    ] Leaving safepoint region
[2022-06-13T01:59:43.091+0000][1][safepoint    ] Total time for which application threads were stopped: 0.0006254 seconds, Stopping threads took: 0.0003568 seconds
[2022-06-13T01:59:43.091+0000][1][safepoint    ] Application time: 0.0001913 seconds
[2022-06-13T01:59:43.091+0000][1][safepoint    ] Entering safepoint region: RevokeBias
[2022-06-13T01:59:43.092+0000][1][safepoint    ] Leaving safepoint region
[2022-06-13T01:59:43.092+0000][1][safepoint    ] Total time for which application threads were stopped: 0.0006855 seconds, Stopping threads took: 0.0003305 seconds
[2022-06-13T01:59:43.093+0000][1][safepoint    ] Application time: 0.0007820 seconds
[2022-06-13T01:59:43.093+0000][1][safepoint    ] Entering safepoint region: RevokeBias
[2022-06-13T01:59:43.094+0000][1][safepoint    ] Leaving safepoint region
[2022-06-13T01:59:43.094+0000][1][safepoint    ] Total time for which application threads were stopped: 0.0002812 seconds, Stopping threads took: 0.0001784 seconds
[2022-06-13T01:59:43.094+0000][1][safepoint    ] Application time: 0.0001219 seconds
[2022-06-13T01:59:43.094+0000][1][safepoint    ] Entering safepoint region: RevokeBias
[2022-06-13T01:59:43.094+0000][1][safepoint    ] Leaving safepoint region
[2022-06-13T01:59:43.094+0000][1][safepoint    ] Total time for which application threads were stopped: 0.0002245 seconds, Stopping threads took: 0.0001288 seconds
[2022-06-13T01:59:43.096+0000][1][safepoint    ] Application time: 0.0014371 seconds
[2022-06-13T01:59:43.096+0000][1][safepoint    ] Entering safepoint region: Deoptimize
[2022-06-13T01:59:43.096+0000][1][safepoint    ] Leaving safepoint region
[2022-06-13T01:59:43.097+0000][1][safepoint    ] Total time for which application threads were stopped: 0.0006723 seconds, Stopping threads took: 0.0001707 seconds
[2022-06-13T01:59:43.097+0000][1][safepoint    ] Application time: 0.0004656 seconds
[2022-06-13T01:59:43.097+0000][1][safepoint    ] Entering safepoint region: RevokeBias
[2022-06-13T01:59:43.097+0000][1][safepoint    ] Leaving safepoint region
[2022-06-13T01:59:43.098+0000][1][safepoint    ] Total time for which application threads were stopped: 0.0002385 seconds, Stopping threads took: 0.0001455 seconds
[2022-06-13T01:59:43.098+0000][1][safepoint    ] Application time: 0.0007243 seconds
[2022-06-13T01:59:43.099+0000][1][safepoint    ] Entering safepoint region: RevokeBias
[2022-06-13T01:59:43.099+0000][1][safepoint    ] Leaving safepoint region
[2022-06-13T01:59:43.099+0000][1][safepoint    ] Total time for which application threads were stopped: 0.0003305 seconds, Stopping threads took: 0.0002244 seconds
[2022-06-13T01:59:43.099+0000][1][safepoint    ] Application time: 0.0000985 seconds
[2022-06-13T01:59:43.099+0000][1][safepoint    ] Entering safepoint region: RevokeBias
[2022-06-13T01:59:43.099+0000][1][safepoint    ] Leaving safepoint region
[2022-06-13T01:59:43.100+0000][1][safepoint    ] Total time for which application threads were stopped: 0.0003743 seconds, Stopping threads took: 0.0001594 seconds
[2022-06-13T01:59:43.100+0000][1][safepoint    ] Application time: 0.0001608 seconds
[2022-06-13T01:59:43.100+0000][1][safepoint    ] Entering safepoint region: RevokeBias
[2022-06-13T01:59:43.100+0000][1][safepoint    ] Leaving safepoint region
[2022-06-13T01:59:43.100+0000][1][safepoint    ] Total time for which application threads were stopped: 0.0002865 seconds, Stopping threads took: 0.0001358 seconds
[2022-06-13T01:59:43.101+0000][1][safepoint    ] Application time: 0.0001430 seconds
[2022-06-13T01:59:43.101+0000][1][safepoint    ] Entering safepoint region: RevokeBias
[2022-06-13T01:59:43.101+0000][1][safepoint    ] Leaving safepoint region
[2022-06-13T01:59:43.101+0000][1][safepoint    ] Total time for which application threads were stopped: 0.0001936 seconds, Stopping threads took: 0.0000923 seconds
[2022-06-13T01:59:43.101+0000][1][safepoint    ] Application time: 0.0000793 seconds
[2022-06-13T01:59:43.101+0000][1][safepoint    ] Entering safepoint region: RevokeBias
[2022-06-13T01:59:43.101+0000][1][safepoint    ] Leaving safepoint region
[2022-06-13T01:59:43.102+0000][1][safepoint    ] Total time for which application threads were stopped: 0.0001871 seconds, Stopping threads took: 0.0000832 seconds
[2022-06-13T01:59:43.128+0000][1][safepoint    ] Application time: 0.0259557 seconds
[2022-06-13T01:59:43.128+0000][1][safepoint    ] Entering safepoint region: RevokeBias
[2022-06-13T01:59:43.128+0000][1][safepoint    ] Leaving safepoint region
[2022-06-13T01:59:43.128+0000][1][safepoint    ] Total time for which application threads were stopped: 0.0005112 seconds, Stopping threads took: 0.0002579 seconds
[2022-06-13T01:59:43.129+0000][1][safepoint    ] Application time: 0.0000635 seconds
[2022-06-13T01:59:43.129+0000][1][safepoint    ] Entering safepoint region: RevokeBias
[2022-06-13T01:59:43.129+0000][1][safepoint    ] Leaving safepoint region
[2022-06-13T01:59:43.129+0000][1][safepoint    ] Total time for which application threads were stopped: 0.0008066 seconds, Stopping threads took: 0.0002272 seconds
[2022-06-13T01:59:43.131+0000][1][safepoint    ] Application time: 0.0009053 seconds
[2022-06-13T01:59:43.131+0000][1][safepoint    ] Entering safepoint region: RevokeBias
[2022-06-13T01:59:43.131+0000][1][safepoint    ] Leaving safepoint region
[2022-06-13T01:59:43.131+0000][1][safepoint    ] Total time for which application threads were stopped: 0.0004704 seconds, Stopping threads took: 0.0002695 seconds
[2022-06-13T01:59:43.132+0000][1][safepoint    ] Application time: 0.0000926 seconds
[2022-06-13T01:59:43.132+0000][1][safepoint    ] Entering safepoint region: RevokeBias
[2022-06-13T01:59:43.132+0000][1][safepoint    ] Leaving safepoint region
[2022-06-13T01:59:43.132+0000][1][safepoint    ] Total time for which application threads were stopped: 0.0004247 seconds, Stopping threads took: 0.0001937 seconds
[2022-06-13T01:59:43.132+0000][1][safepoint    ] Application time: 0.0000808 seconds
[2022-06-13T01:59:43.133+0000][1][safepoint    ] Entering safepoint region: RevokeBias
[2022-06-13T01:59:43.133+0000][1][safepoint    ] Leaving safepoint region
[2022-06-13T01:59:43.133+0000][1][safepoint    ] Total time for which application threads were stopped: 0.0004465 seconds, Stopping threads took: 0.0002714 seconds
[2022-06-13T01:59:43.133+0000][1][safepoint    ] Application time: 0.0000671 seconds
[2022-06-13T01:59:43.133+0000][1][safepoint    ] Entering safepoint region: RevokeBias
[2022-06-13T01:59:43.133+0000][1][safepoint    ] Leaving safepoint region
[2022-06-13T01:59:43.134+0000][1][safepoint    ] Total time for which application threads were stopped: 0.0002735 seconds, Stopping threads took: 0.0001585 seconds
[2022-06-13T01:59:43.134+0000][1][safepoint    ] Application time: 0.0004664 seconds
[2022-06-13T01:59:43.134+0000][1][safepoint    ] Entering safepoint region: RevokeBias
[2022-06-13T01:59:43.134+0000][1][safepoint    ] Leaving safepoint region
[2022-06-13T01:59:43.134+0000][1][safepoint    ] Total time for which application threads were stopped: 0.0002553 seconds, Stopping threads took: 0.0001297 seconds
[2022-06-13T01:59:43.135+0000][1][safepoint    ] Application time: 0.0000975 seconds
[2022-06-13T01:59:43.135+0000][1][safepoint    ] Entering safepoint region: RevokeBias
[2022-06-13T01:59:43.135+0000][1][safepoint    ] Leaving safepoint region
[2022-06-13T01:59:43.135+0000][1][safepoint    ] Total time for which application threads were stopped: 0.0002309 seconds, Stopping threads took: 0.0001136 seconds
[2022-06-13T01:59:43.135+0000][1][safepoint    ] Application time: 0.0000828 seconds
[2022-06-13T01:59:43.135+0000][1][safepoint    ] Entering safepoint region: RevokeBias
[2022-06-13T01:59:43.135+0000][1][safepoint    ] Leaving safepoint region
[2022-06-13T01:59:43.135+0000][1][safepoint    ] Total time for which application threads were stopped: 0.0002217 seconds, Stopping threads took: 0.0001071 seconds
[2022-06-13T01:59:43.136+0000][1][safepoint    ] Application time: 0.0004766 seconds
[2022-06-13T01:59:43.136+0000][1][safepoint    ] Entering safepoint region: RevokeBias
[2022-06-13T01:59:43.136+0000][1][safepoint    ] Leaving safepoint region
[2022-06-13T01:59:43.136+0000][1][safepoint    ] Total time for which application threads were stopped: 0.0003265 seconds, Stopping threads took: 0.0001876 seconds
[2022-06-13T01:59:43.139+0000][1][safepoint    ] Application time: 0.0020971 seconds
[2022-06-13T01:59:43.139+0000][1][safepoint    ] Entering safepoint region: RevokeBias
[2022-06-13T01:59:43.139+0000][1][safepoint    ] Leaving safepoint region
[2022-06-13T01:59:43.139+0000][1][safepoint    ] Total time for which application threads were stopped: 0.0002508 seconds, Stopping threads took: 0.0001241 seconds
[2022-06-13T01:59:43.165+0000][1][safepoint    ] Application time: 0.0261825 seconds
[2022-06-13T01:59:43.166+0000][1][safepoint    ] Entering safepoint region: RevokeBias
[2022-06-13T01:59:43.166+0000][1][safepoint    ] Leaving safepoint region
[2022-06-13T01:59:43.167+0000][1][safepoint    ] Total time for which application threads were stopped: 0.0008824 seconds, Stopping threads took: 0.0004247 seconds
[2022-06-13T01:59:43.168+0000][1][safepoint    ] Application time: 0.0003762 seconds
[2022-06-13T01:59:43.168+0000][1][safepoint    ] Entering safepoint region: RevokeBias
[2022-06-13T01:59:43.168+0000][1][safepoint    ] Leaving safepoint region
[2022-06-13T01:59:43.169+0000][1][safepoint    ] Total time for which application threads were stopped: 0.0007660 seconds, Stopping threads took: 0.0003683 seconds
[2022-06-13T01:59:43.171+0000][1][safepoint    ] Application time: 0.0023417 seconds
[2022-06-13T01:59:43.172+0000][1][safepoint    ] Entering safepoint region: RevokeBias
[2022-06-13T01:59:43.172+0000][1][safepoint    ] Leaving safepoint region
[2022-06-13T01:59:43.173+0000][1][safepoint    ] Total time for which application threads were stopped: 0.0009979 seconds, Stopping threads took: 0.0004086 seconds
[2022-06-13T01:59:43.174+0000][1][safepoint    ] Application time: 0.0003905 seconds
[2022-06-13T01:59:43.174+0000][1][safepoint    ] Entering safepoint region: RevokeBias
[2022-06-13T01:59:43.174+0000][1][safepoint    ] Leaving safepoint region
[2022-06-13T01:59:43.175+0000][1][safepoint    ] Total time for which application threads were stopped: 0.0006280 seconds, Stopping threads took: 0.0002892 seconds
[2022-06-13T01:59:43.175+0000][1][safepoint    ] Application time: 0.0001881 seconds
[2022-06-13T01:59:43.175+0000][1][safepoint    ] Entering safepoint region: RevokeBias
[2022-06-13T01:59:43.175+0000][1][safepoint    ] Leaving safepoint region
[2022-06-13T01:59:43.176+0000][1][safepoint    ] Total time for which application threads were stopped: 0.0003573 seconds, Stopping threads took: 0.0001748 seconds
[2022-06-13T01:59:43.176+0000][1][safepoint    ] Application time: 0.0000805 seconds
[2022-06-13T01:59:43.176+0000][1][safepoint    ] Entering safepoint region: RevokeBias
[2022-06-13T01:59:43.176+0000][1][safepoint    ] Leaving safepoint region
[2022-06-13T01:59:43.176+0000][1][safepoint    ] Total time for which application threads were stopped: 0.0003060 seconds, Stopping threads took: 0.0001601 seconds
[2022-06-13T01:59:43.177+0000][1][safepoint    ] Application time: 0.0003017 seconds
[2022-06-13T01:59:43.177+0000][1][safepoint    ] Entering safepoint region: RevokeBias
[2022-06-13T01:59:43.177+0000][1][safepoint    ] Leaving safepoint region
[2022-06-13T01:59:43.177+0000][1][safepoint    ] Total time for which application threads were stopped: 0.0003419 seconds, Stopping threads took: 0.0001522 seconds
[2022-06-13T01:59:43.178+0000][1][safepoint    ] Application time: 0.0003765 seconds
[2022-06-13T01:59:43.178+0000][1][safepoint    ] Entering safepoint region: RevokeBias
[2022-06-13T01:59:43.178+0000][1][safepoint    ] Leaving safepoint region
[2022-06-13T01:59:43.178+0000][1][safepoint    ] Total time for which application threads were stopped: 0.0002635 seconds, Stopping threads took: 0.0001342 seconds
[2022-06-13T01:59:43.179+0000][1][safepoint    ] Application time: 0.0000615 seconds
[2022-06-13T01:59:43.179+0000][1][safepoint    ] Entering safepoint region: RevokeBias
[2022-06-13T01:59:43.179+0000][1][safepoint    ] Leaving safepoint region
[2022-06-13T01:59:43.179+0000][1][safepoint    ] Total time for which application threads were stopped: 0.0002115 seconds, Stopping threads took: 0.0001036 seconds
[2022-06-13T01:59:43.192+0000][1][safepoint    ] Application time: 0.0134535 seconds
[2022-06-13T01:59:43.193+0000][1][safepoint    ] Entering safepoint region: RevokeBias
[2022-06-13T01:59:43.193+0000][1][safepoint    ] Leaving safepoint region
[2022-06-13T01:59:43.193+0000][1][safepoint    ] Total time for which application threads were stopped: 0.0007021 seconds, Stopping threads took: 0.0002723 seconds
[2022-06-13T01:59:43.195+0000][1][safepoint    ] Application time: 0.0017339 seconds
[2022-06-13T01:59:43.196+0000][1][safepoint    ] Entering safepoint region: RevokeBias
[2022-06-13T01:59:43.196+0000][1][safepoint    ] Leaving safepoint region
[2022-06-13T01:59:43.196+0000][1][safepoint    ] Total time for which application threads were stopped: 0.0006839 seconds, Stopping threads took: 0.0003047 seconds
[2022-06-13T01:59:43.197+0000][1][safepoint    ] Application time: 0.0001955 seconds
[2022-06-13T01:59:43.197+0000][1][safepoint    ] Entering safepoint region: RevokeBias
[2022-06-13T01:59:43.198+0000][1][safepoint    ] Leaving safepoint region
[2022-06-13T01:59:43.198+0000][1][safepoint    ] Total time for which application threads were stopped: 0.0008844 seconds, Stopping threads took: 0.0004148 seconds
[2022-06-13T01:59:43.220+0000][1][safepoint    ] Application time: 0.0214137 seconds
[2022-06-13T01:59:43.220+0000][1][safepoint    ] Entering safepoint region: RevokeBias
[2022-06-13T01:59:43.221+0000][1][safepoint    ] Leaving safepoint region
[2022-06-13T01:59:43.221+0000][1][safepoint    ] Total time for which application threads were stopped: 0.0005254 seconds, Stopping threads took: 0.0002642 seconds
[2022-06-13T01:59:43.221+0000][1][safepoint    ] Application time: 0.0001079 seconds
[2022-06-13T01:59:43.222+0000][1][safepoint    ] Entering safepoint region: RevokeBias
[2022-06-13T01:59:43.222+0000][1][safepoint    ] Leaving safepoint region
[2022-06-13T01:59:43.222+0000][1][safepoint    ] Total time for which application threads were stopped: 0.0006043 seconds, Stopping threads took: 0.0002238 seconds
[2022-06-13T01:59:43.225+0000][1][safepoint    ] Application time: 0.0027557 seconds
[2022-06-13T01:59:43.225+0000][1][safepoint    ] Entering safepoint region: RevokeBias
[2022-06-13T01:59:43.226+0000][1][safepoint    ] Leaving safepoint region
[2022-06-13T01:59:43.226+0000][1][safepoint    ] Total time for which application threads were stopped: 0.0006239 seconds, Stopping threads took: 0.0002973 seconds
[2022-06-13T01:59:43.227+0000][1][safepoint    ] Application time: 0.0009342 seconds
[2022-06-13T01:59:43.227+0000][1][safepoint    ] Entering safepoint region: RevokeBias
[2022-06-13T01:59:43.228+0000][1][safepoint    ] Leaving safepoint region
[2022-06-13T01:59:43.228+0000][1][safepoint    ] Total time for which application threads were stopped: 0.0004810 seconds, Stopping threads took: 0.0001278 seconds
[2022-06-13T01:59:43.233+0000][1][safepoint    ] Application time: 0.0047652 seconds
[2022-06-13T01:59:43.233+0000][1][safepoint    ] Entering safepoint region: RevokeBias
[2022-06-13T01:59:43.234+0000][1][safepoint    ] Leaving safepoint region
[2022-06-13T01:59:43.234+0000][1][safepoint    ] Total time for which application threads were stopped: 0.0005815 seconds, Stopping threads took: 0.0003070 seconds
[2022-06-13T01:59:43.234+0000][1][safepoint    ] Application time: 0.0001437 seconds
[2022-06-13T01:59:43.234+0000][1][safepoint    ] Entering safepoint region: RevokeBias
[2022-06-13T01:59:43.235+0000][1][safepoint    ] Leaving safepoint region
[2022-06-13T01:59:43.235+0000][1][safepoint    ] Total time for which application threads were stopped: 0.0005232 seconds, Stopping threads took: 0.0002149 seconds
[2022-06-13T01:59:43.240+0000][1][safepoint    ] Application time: 0.0050520 seconds
[2022-06-13T01:59:43.240+0000][1][safepoint    ] Entering safepoint region: RevokeBias
[2022-06-13T01:59:43.240+0000][1][safepoint    ] Leaving safepoint region
[2022-06-13T01:59:43.241+0000][1][safepoint    ] Total time for which application threads were stopped: 0.0003930 seconds, Stopping threads took: 0.0001467 seconds
[2022-06-13T01:59:43.243+0000][1][safepoint    ] Application time: 0.0019122 seconds
[2022-06-13T01:59:43.243+0000][1][safepoint    ] Entering safepoint region: RevokeBias
[2022-06-13T01:59:43.243+0000][1][safepoint    ] Leaving safepoint region
[2022-06-13T01:59:43.244+0000][1][safepoint    ] Total time for which application threads were stopped: 0.0005418 seconds, Stopping threads took: 0.0002469 seconds
[2022-06-13T01:59:43.244+0000][1][safepoint    ] Application time: 0.0000708 seconds
[2022-06-13T01:59:43.244+0000][1][safepoint    ] Entering safepoint region: RevokeBias
[2022-06-13T01:59:43.244+0000][1][safepoint    ] Leaving safepoint region
[2022-06-13T01:59:43.245+0000][1][safepoint    ] Total time for which application threads were stopped: 0.0004735 seconds, Stopping threads took: 0.0001418 seconds
[2022-06-13T01:59:43.245+0000][1][safepoint    ] Application time: 0.0000872 seconds
[2022-06-13T01:59:43.245+0000][1][safepoint    ] Entering safepoint region: RevokeBias
[2022-06-13T01:59:43.245+0000][1][safepoint    ] Leaving safepoint region
[2022-06-13T01:59:43.246+0000][1][safepoint    ] Total time for which application threads were stopped: 0.0006032 seconds, Stopping threads took: 0.0002251 seconds
[2022-06-13T01:59:43.246+0000][1][safepoint    ] Application time: 0.0001784 seconds
[2022-06-13T01:59:43.246+0000][1][safepoint    ] Entering safepoint region: RevokeBias
[2022-06-13T01:59:43.247+0000][1][safepoint    ] Leaving safepoint region
[2022-06-13T01:59:43.247+0000][1][safepoint    ] Total time for which application threads were stopped: 0.0006168 seconds, Stopping threads took: 0.0002531 seconds
[2022-06-13T01:59:43.247+0000][1][safepoint    ] Application time: 0.0001572 seconds
[2022-06-13T01:59:43.248+0000][1][safepoint    ] Entering safepoint region: RevokeBias
[2022-06-13T01:59:43.248+0000][1][safepoint    ] Leaving safepoint region
[2022-06-13T01:59:43.248+0000][1][safepoint    ] Total time for which application threads were stopped: 0.0003653 seconds, Stopping threads took: 0.0001629 seconds
[2022-06-13T01:59:43.248+0000][1][safepoint    ] Application time: 0.0000655 seconds
[2022-06-13T01:59:43.249+0000][1][safepoint    ] Entering safepoint region: RevokeBias
[2022-06-13T01:59:43.249+0000][1][safepoint    ] Leaving safepoint region
[2022-06-13T01:59:43.249+0000][1][safepoint    ] Total time for which application threads were stopped: 0.0004041 seconds, Stopping threads took: 0.0001993 seconds
[2022-06-13T01:59:43.249+0000][1][safepoint    ] Application time: 0.0000727 seconds
[2022-06-13T01:59:43.250+0000][1][safepoint    ] Entering safepoint region: RevokeBias
[2022-06-13T01:59:43.250+0000][1][safepoint    ] Leaving safepoint region
[2022-06-13T01:59:43.250+0000][1][safepoint    ] Total time for which application threads were stopped: 0.0004347 seconds, Stopping threads took: 0.0001960 seconds
[2022-06-13T01:59:43.250+0000][1][safepoint    ] Application time: 0.0000553 seconds
[2022-06-13T01:59:43.250+0000][1][safepoint    ] Entering safepoint region: RevokeBias
[2022-06-13T01:59:43.250+0000][1][safepoint    ] Leaving safepoint region
[2022-06-13T01:59:43.251+0000][1][safepoint    ] Total time for which application threads were stopped: 0.0002248 seconds, Stopping threads took: 0.0001070 seconds
[2022-06-13T01:59:43.260+0000][1][safepoint    ] Application time: 0.0095682 seconds
[2022-06-13T01:59:43.260+0000][1][safepoint    ] Entering safepoint region: RevokeBias
[2022-06-13T01:59:43.261+0000][1][safepoint    ] Leaving safepoint region
[2022-06-13T01:59:43.261+0000][1][safepoint    ] Total time for which application threads were stopped: 0.0005491 seconds, Stopping threads took: 0.0002657 seconds
[2022-06-13T01:59:43.275+0000][1][safepoint    ] Application time: 0.0133113 seconds
[2022-06-13T01:59:43.275+0000][1][safepoint    ] Entering safepoint region: RevokeBias
[2022-06-13T01:59:43.275+0000][1][safepoint    ] Leaving safepoint region
[2022-06-13T01:59:43.275+0000][1][safepoint    ] Total time for which application threads were stopped: 0.0005616 seconds, Stopping threads took: 0.0002571 seconds
[2022-06-13T01:59:43.343+0000][1][safepoint    ] Application time: 0.0670495 seconds
[2022-06-13T01:59:43.343+0000][1][safepoint    ] Entering safepoint region: RevokeBias
[2022-06-13T01:59:43.343+0000][1][safepoint    ] Leaving safepoint region
[2022-06-13T01:59:43.344+0000][1][safepoint    ] Total time for which application threads were stopped: 0.0007697 seconds, Stopping threads took: 0.0003511 seconds
[2022-06-13T01:59:43.346+0000][1][safepoint    ] Application time: 0.0015448 seconds
[2022-06-13T01:59:43.346+0000][1][safepoint    ] Entering safepoint region: RevokeBias
[2022-06-13T01:59:43.346+0000][1][safepoint    ] Leaving safepoint region
[2022-06-13T01:59:43.346+0000][1][safepoint    ] Total time for which application threads were stopped: 0.0002960 seconds, Stopping threads took: 0.0001427 seconds
[2022-06-13T01:59:43.348+0000][1][safepoint    ] Application time: 0.0020263 seconds
[2022-06-13T01:59:43.348+0000][1][safepoint    ] Entering safepoint region: RevokeBias
[2022-06-13T01:59:43.349+0000][1][safepoint    ] Leaving safepoint region
[2022-06-13T01:59:43.349+0000][1][safepoint    ] Total time for which application threads were stopped: 0.0002345 seconds, Stopping threads took: 0.0001170 seconds
[2022-06-13T01:59:43.350+0000][1][safepoint    ] Application time: 0.0014903 seconds
[2022-06-13T01:59:43.350+0000][1][safepoint    ] Entering safepoint region: RevokeBias
[2022-06-13T01:59:43.351+0000][1][safepoint    ] Leaving safepoint region
[2022-06-13T01:59:43.351+0000][1][safepoint    ] Total time for which application threads were stopped: 0.0002397 seconds, Stopping threads took: 0.0001085 seconds
[2022-06-13T01:59:43.351+0000][1][safepoint    ] Application time: 0.0000558 seconds
[2022-06-13T01:59:43.351+0000][1][safepoint    ] Entering safepoint region: RevokeBias
[2022-06-13T01:59:43.351+0000][1][safepoint    ] Leaving safepoint region
[2022-06-13T01:59:43.351+0000][1][safepoint    ] Total time for which application threads were stopped: 0.0002136 seconds, Stopping threads took: 0.0001012 seconds
[2022-06-13T01:59:43.352+0000][1][safepoint    ] Application time: 0.0006013 seconds
[2022-06-13T01:59:43.352+0000][1][safepoint    ] Entering safepoint region: RevokeBias
[2022-06-13T01:59:43.352+0000][1][safepoint    ] Leaving safepoint region
[2022-06-13T01:59:43.352+0000][1][safepoint    ] Total time for which application threads were stopped: 0.0003265 seconds, Stopping threads took: 0.0002048 seconds
[2022-06-13T01:59:43.352+0000][1][safepoint    ] Application time: 0.0001454 seconds
[2022-06-13T01:59:43.353+0000][1][safepoint    ] Entering safepoint region: RevokeBias
[2022-06-13T01:59:43.353+0000][1][safepoint    ] Leaving safepoint region
[2022-06-13T01:59:43.353+0000][1][safepoint    ] Total time for which application threads were stopped: 0.0002321 seconds, Stopping threads took: 0.0001126 seconds
[2022-06-13T01:59:43.353+0000][1][safepoint    ] Application time: 0.0000682 seconds
[2022-06-13T01:59:43.353+0000][1][safepoint    ] Entering safepoint region: RevokeBias
[2022-06-13T01:59:43.353+0000][1][safepoint    ] Leaving safepoint region
[2022-06-13T01:59:43.353+0000][1][safepoint    ] Total time for which application threads were stopped: 0.0002292 seconds, Stopping threads took: 0.0001060 seconds
[2022-06-13T01:59:43.357+0000][1][safepoint    ] Application time: 0.0040850 seconds
[2022-06-13T01:59:43.358+0000][1][safepoint    ] Entering safepoint region: RevokeBias
[2022-06-13T01:59:43.358+0000][1][safepoint    ] Leaving safepoint region
[2022-06-13T01:59:43.358+0000][1][safepoint    ] Total time for which application threads were stopped: 0.0002711 seconds, Stopping threads took: 0.0001275 seconds
[2022-06-13T01:59:43.358+0000][1][safepoint    ] Application time: 0.0002540 seconds
[2022-06-13T01:59:43.359+0000][1][safepoint    ] Entering safepoint region: RevokeBias
[2022-06-13T01:59:43.359+0000][1][safepoint    ] Leaving safepoint region
[2022-06-13T01:59:43.359+0000][1][safepoint    ] Total time for which application threads were stopped: 0.0002396 seconds, Stopping threads took: 0.0001261 seconds
[2022-06-13T01:59:43.359+0000][1][safepoint    ] Application time: 0.0000892 seconds
[2022-06-13T01:59:43.359+0000][1][safepoint    ] Entering safepoint region: RevokeBias
[2022-06-13T01:59:43.359+0000][1][safepoint    ] Leaving safepoint region
[2022-06-13T01:59:43.359+0000][1][safepoint    ] Total time for which application threads were stopped: 0.0002651 seconds, Stopping threads took: 0.0001077 seconds
[2022-06-13T01:59:43.360+0000][1][safepoint    ] Application time: 0.0002489 seconds
[2022-06-13T01:59:43.360+0000][1][safepoint    ] Entering safepoint region: RevokeBias
[2022-06-13T01:59:43.360+0000][1][safepoint    ] Leaving safepoint region
[2022-06-13T01:59:43.360+0000][1][safepoint    ] Total time for which application threads were stopped: 0.0003021 seconds, Stopping threads took: 0.0001760 seconds
[2022-06-13T01:59:43.360+0000][1][safepoint    ] Application time: 0.0003264 seconds
[2022-06-13T01:59:43.361+0000][1][safepoint    ] Entering safepoint region: RevokeBias
[2022-06-13T01:59:43.361+0000][1][safepoint    ] Leaving safepoint region
[2022-06-13T01:59:43.361+0000][1][safepoint    ] Total time for which application threads were stopped: 0.0003060 seconds, Stopping threads took: 0.0001577 seconds
[2022-06-13T01:59:43.361+0000][1][safepoint    ] Application time: 0.0001785 seconds
[2022-06-13T01:59:43.361+0000][1][safepoint    ] Entering safepoint region: RevokeBias
[2022-06-13T01:59:43.361+0000][1][safepoint    ] Leaving safepoint region
[2022-06-13T01:59:43.362+0000][1][safepoint    ] Total time for which application threads were stopped: 0.0002611 seconds, Stopping threads took: 0.0001400 seconds
[2022-06-13T01:59:43.362+0000][1][safepoint    ] Application time: 0.0002232 seconds
[2022-06-13T01:59:43.362+0000][1][safepoint    ] Entering safepoint region: RevokeBias
[2022-06-13T01:59:43.362+0000][1][safepoint    ] Leaving safepoint region
[2022-06-13T01:59:43.362+0000][1][safepoint    ] Total time for which application threads were stopped: 0.0003029 seconds, Stopping threads took: 0.0001834 seconds
[2022-06-13T01:59:43.363+0000][1][safepoint    ] Application time: 0.0001702 seconds
[2022-06-13T01:59:43.363+0000][1][safepoint    ] Entering safepoint region: RevokeBias
[2022-06-13T01:59:43.363+0000][1][safepoint    ] Leaving safepoint region
[2022-06-13T01:59:43.363+0000][1][safepoint    ] Total time for which application threads were stopped: 0.0003340 seconds, Stopping threads took: 0.0001843 seconds
[2022-06-13T01:59:43.365+0000][1][safepoint    ] Application time: 0.0020540 seconds
[2022-06-13T01:59:43.365+0000][1][safepoint    ] Entering safepoint region: RevokeBias
[2022-06-13T01:59:43.366+0000][1][safepoint    ] Leaving safepoint region
[2022-06-13T01:59:43.366+0000][1][safepoint    ] Total time for which application threads were stopped: 0.0003104 seconds, Stopping threads took: 0.0001813 seconds
[2022-06-13T01:59:43.368+0000][1][safepoint    ] Application time: 0.0022419 seconds
[2022-06-13T01:59:43.368+0000][1][safepoint    ] Entering safepoint region: RevokeBias
[2022-06-13T01:59:43.368+0000][1][safepoint    ] Leaving safepoint region
[2022-06-13T01:59:43.368+0000][1][safepoint    ] Total time for which application threads were stopped: 0.0002400 seconds, Stopping threads took: 0.0000985 seconds
[2022-06-13T01:59:43.369+0000][1][safepoint    ] Application time: 0.0001448 seconds
[2022-06-13T01:59:43.369+0000][1][safepoint    ] Entering safepoint region: RevokeBias
[2022-06-13T01:59:43.369+0000][1][safepoint    ] Leaving safepoint region
[2022-06-13T01:59:43.369+0000][1][safepoint    ] Total time for which application threads were stopped: 0.0004234 seconds, Stopping threads took: 0.0002478 seconds
[2022-06-13T01:59:43.369+0000][1][safepoint    ] Application time: 0.0000776 seconds
[2022-06-13T01:59:43.369+0000][1][safepoint    ] Entering safepoint region: RevokeBias
[2022-06-13T01:59:43.370+0000][1][safepoint    ] Leaving safepoint region
[2022-06-13T01:59:43.370+0000][1][safepoint    ] Total time for which application threads were stopped: 0.0002924 seconds, Stopping threads took: 0.0000883 seconds
[2022-06-13T01:59:43.370+0000][1][safepoint    ] Application time: 0.0002142 seconds
[2022-06-13T01:59:43.370+0000][1][safepoint    ] Entering safepoint region: RevokeBias
[2022-06-13T01:59:43.370+0000][1][safepoint    ] Leaving safepoint region
[2022-06-13T01:59:43.371+0000][1][safepoint    ] Total time for which application threads were stopped: 0.0003179 seconds, Stopping threads took: 0.0001083 seconds
[2022-06-13T01:59:43.371+0000][1][safepoint    ] Application time: 0.0000896 seconds
[2022-06-13T01:59:43.371+0000][1][safepoint    ] Entering safepoint region: RevokeBias
[2022-06-13T01:59:43.371+0000][1][safepoint    ] Leaving safepoint region
[2022-06-13T01:59:43.371+0000][1][safepoint    ] Total time for which application threads were stopped: 0.0002129 seconds, Stopping threads took: 0.0000984 seconds
[2022-06-13T01:59:43.373+0000][1][safepoint    ] Application time: 0.0019636 seconds
[2022-06-13T01:59:43.373+0000][1][safepoint    ] Entering safepoint region: RevokeBias
[2022-06-13T01:59:43.373+0000][1][safepoint    ] Leaving safepoint region
[2022-06-13T01:59:43.374+0000][1][safepoint    ] Total time for which application threads were stopped: 0.0002338 seconds, Stopping threads took: 0.0001166 seconds
[2022-06-13T01:59:43.374+0000][1][safepoint    ] Application time: 0.0001094 seconds
[2022-06-13T01:59:43.374+0000][1][safepoint    ] Entering safepoint region: RevokeBias
[2022-06-13T01:59:43.374+0000][1][safepoint    ] Leaving safepoint region
[2022-06-13T01:59:43.374+0000][1][safepoint    ] Total time for which application threads were stopped: 0.0002492 seconds, Stopping threads took: 0.0001113 seconds
[2022-06-13T01:59:43.374+0000][1][safepoint    ] Application time: 0.0001102 seconds
[2022-06-13T01:59:43.374+0000][1][safepoint    ] Entering safepoint region: RevokeBias
[2022-06-13T01:59:43.375+0000][1][safepoint    ] Leaving safepoint region
[2022-06-13T01:59:43.375+0000][1][safepoint    ] Total time for which application threads were stopped: 0.0002397 seconds, Stopping threads took: 0.0001122 seconds
[2022-06-13T01:59:43.375+0000][1][safepoint    ] Application time: 0.0002324 seconds
[2022-06-13T01:59:43.375+0000][1][safepoint    ] Entering safepoint region: RevokeBias
[2022-06-13T01:59:43.375+0000][1][safepoint    ] Leaving safepoint region
[2022-06-13T01:59:43.375+0000][1][safepoint    ] Total time for which application threads were stopped: 0.0002284 seconds, Stopping threads took: 0.0000982 seconds
[2022-06-13T01:59:43.376+0000][1][safepoint    ] Application time: 0.0001048 seconds
[2022-06-13T01:59:43.376+0000][1][safepoint    ] Entering safepoint region: BulkRevokeBias
[2022-06-13T01:59:43.376+0000][1][safepoint    ] Leaving safepoint region
[2022-06-13T01:59:43.376+0000][1][safepoint    ] Total time for which application threads were stopped: 0.0003202 seconds, Stopping threads took: 0.0001103 seconds
[2022-06-13T01:59:43.946+0000][1][safepoint    ] Application time: 0.5703309 seconds
[2022-06-13T01:59:43.947+0000][1][safepoint    ] Entering safepoint region: RevokeBias
[2022-06-13T01:59:43.947+0000][1][safepoint    ] Leaving safepoint region
[2022-06-13T01:59:43.948+0000][1][safepoint    ] Total time for which application threads were stopped: 0.0006134 seconds, Stopping threads took: 0.0002945 seconds
[2022-06-13T01:59:43.948+0000][1][safepoint    ] Application time: 0.0002767 seconds
[2022-06-13T01:59:43.949+0000][1][safepoint    ] Entering safepoint region: RevokeBias
[2022-06-13T01:59:43.949+0000][1][safepoint    ] Leaving safepoint region
[2022-06-13T01:59:43.949+0000][1][safepoint    ] Total time for which application threads were stopped: 0.0007300 seconds, Stopping threads took: 0.0003598 seconds
[2022-06-13T01:59:43.950+0000][1][safepoint    ] Application time: 0.0001882 seconds
[2022-06-13T01:59:43.950+0000][1][safepoint    ] Entering safepoint region: RevokeBias
[2022-06-13T01:59:43.951+0000][1][safepoint    ] Leaving safepoint region
[2022-06-13T01:59:43.951+0000][1][safepoint    ] Total time for which application threads were stopped: 0.0008048 seconds, Stopping threads took: 0.0003313 seconds
[2022-06-13T01:59:43.952+0000][1][safepoint    ] Application time: 0.0001776 seconds
[2022-06-13T01:59:43.952+0000][1][safepoint    ] Entering safepoint region: RevokeBias
[2022-06-13T01:59:43.953+0000][1][safepoint    ] Leaving safepoint region
[2022-06-13T01:59:43.953+0000][1][safepoint    ] Total time for which application threads were stopped: 0.0006614 seconds, Stopping threads took: 0.0003562 seconds
[2022-06-13T01:59:43.953+0000][1][safepoint    ] Application time: 0.0001901 seconds
[2022-06-13T01:59:43.954+0000][1][safepoint    ] Entering safepoint region: RevokeBias
[2022-06-13T01:59:43.954+0000][1][safepoint    ] Leaving safepoint region
[2022-06-13T01:59:43.955+0000][1][safepoint    ] Total time for which application threads were stopped: 0.0006950 seconds, Stopping threads took: 0.0003320 seconds
[2022-06-13T01:59:43.955+0000][1][safepoint    ] Application time: 0.0001877 seconds
[2022-06-13T01:59:43.955+0000][1][safepoint    ] Entering safepoint region: RevokeBias
[2022-06-13T01:59:43.956+0000][1][safepoint    ] Leaving safepoint region
[2022-06-13T01:59:43.956+0000][1][safepoint    ] Total time for which application threads were stopped: 0.0007031 seconds, Stopping threads took: 0.0003175 seconds
[2022-06-13T01:59:43.957+0000][1][safepoint    ] Application time: 0.0002021 seconds
[2022-06-13T01:59:43.957+0000][1][safepoint    ] Entering safepoint region: RevokeBias
[2022-06-13T01:59:43.958+0000][1][safepoint    ] Leaving safepoint region
[2022-06-13T01:59:43.958+0000][1][safepoint    ] Total time for which application threads were stopped: 0.0006478 seconds, Stopping threads took: 0.0003326 seconds
[2022-06-13T01:59:43.958+0000][1][safepoint    ] Application time: 0.0001772 seconds
[2022-06-13T01:59:43.959+0000][1][safepoint    ] Entering safepoint region: RevokeBias
[2022-06-13T01:59:43.959+0000][1][safepoint    ] Leaving safepoint region
[2022-06-13T01:59:43.960+0000][1][safepoint    ] Total time for which application threads were stopped: 0.0007428 seconds, Stopping threads took: 0.0003513 seconds
[2022-06-13T01:59:44.918+0000][1][safepoint    ] Application time: 0.9582199 seconds
[2022-06-13T01:59:44.918+0000][1][safepoint    ] Entering safepoint region: RevokeBias
[2022-06-13T01:59:44.919+0000][1][safepoint    ] Leaving safepoint region
[2022-06-13T01:59:44.919+0000][1][safepoint    ] Total time for which application threads were stopped: 0.0003029 seconds, Stopping threads took: 0.0001412 seconds
[2022-06-13T01:59:45.919+0000][1][safepoint    ] Application time: 1.0002520 seconds
[2022-06-13T01:59:45.920+0000][1][safepoint    ] Entering safepoint region: Cleanup
[2022-06-13T01:59:45.920+0000][1][safepoint    ] Leaving safepoint region
[2022-06-13T01:59:45.920+0000][1][safepoint    ] Total time for which application threads were stopped: 0.0004990 seconds, Stopping threads took: 0.0002431 seconds
[2022-06-13T01:59:46.921+0000][1][safepoint    ] Application time: 1.0002415 seconds
[2022-06-13T01:59:46.921+0000][1][safepoint    ] Entering safepoint region: Cleanup
[2022-06-13T01:59:46.921+0000][1][safepoint    ] Leaving safepoint region
[2022-06-13T01:59:46.922+0000][1][safepoint    ] Total time for which application threads were stopped: 0.0005806 seconds, Stopping threads took: 0.0002968 seconds
[2022-06-13T01:59:48.922+0000][1][safepoint    ] Application time: 2.0003000 seconds
[2022-06-13T01:59:48.922+0000][1][safepoint    ] Entering safepoint region: Cleanup
[2022-06-13T01:59:48.923+0000][1][safepoint    ] Leaving safepoint region
[2022-06-13T01:59:48.923+0000][1][safepoint    ] Total time for which application threads were stopped: 0.0005863 seconds, Stopping threads took: 0.0002279 seconds
[2022-06-13T01:59:51.834+0000][1][safepoint    ] Application time: 2.9109319 seconds
[2022-06-13T01:59:51.835+0000][1][safepoint    ] Entering safepoint region: RevokeBias
[2022-06-13T01:59:51.835+0000][1][safepoint    ] Leaving safepoint region
[2022-06-13T01:59:51.835+0000][1][safepoint    ] Total time for which application threads were stopped: 0.0006606 seconds, Stopping threads took: 0.0003139 seconds
[2022-06-13T01:59:51.836+0000][1][safepoint    ] Application time: 0.0001599 seconds
[2022-06-13T01:59:51.836+0000][1][safepoint    ] Entering safepoint region: RevokeBias
[2022-06-13T01:59:51.836+0000][1][safepoint    ] Leaving safepoint region
[2022-06-13T01:59:51.837+0000][1][safepoint    ] Total time for which application threads were stopped: 0.0006690 seconds, Stopping threads took: 0.0002698 seconds
[2022-06-13T01:59:58.838+0000][1][safepoint    ] Application time: 7.0013822 seconds
[2022-06-13T01:59:58.839+0000][1][safepoint    ] Entering safepoint region: Cleanup
[2022-06-13T01:59:58.839+0000][1][safepoint    ] Leaving safepoint region
[2022-06-13T01:59:58.839+0000][1][safepoint    ] Total time for which application threads were stopped: 0.0006545 seconds, Stopping threads took: 0.0003181 seconds
[2022-06-13T02:00:02.841+0000][1][safepoint    ] Application time: 4.0008603 seconds
[2022-06-13T02:00:02.841+0000][1][safepoint    ] Entering safepoint region: Cleanup
[2022-06-13T02:00:02.841+0000][1][safepoint    ] Leaving safepoint region
[2022-06-13T02:00:02.841+0000][1][safepoint    ] Total time for which application threads were stopped: 0.0003897 seconds, Stopping threads took: 0.0002255 seconds
[2022-06-13T02:00:04.842+0000][1][safepoint    ] Application time: 2.0002781 seconds
[2022-06-13T02:00:04.842+0000][1][safepoint    ] Entering safepoint region: Cleanup
[2022-06-13T02:00:04.843+0000][1][safepoint    ] Leaving safepoint region
[2022-06-13T02:00:04.843+0000][1][safepoint    ] Total time for which application threads were stopped: 0.0006717 seconds, Stopping threads took: 0.0003424 seconds
[2022-06-13T02:00:08.844+0000][1][safepoint    ] Application time: 4.0006024 seconds
[2022-06-13T02:00:08.845+0000][1][safepoint    ] Entering safepoint region: Cleanup
[2022-06-13T02:00:08.845+0000][1][safepoint    ] Leaving safepoint region
[2022-06-13T02:00:08.845+0000][1][safepoint    ] Total time for which application threads were stopped: 0.0008008 seconds, Stopping threads took: 0.0004138 seconds
[2022-06-13T02:00:13.847+0000][1][safepoint    ] Application time: 5.0011487 seconds
[2022-06-13T02:00:13.847+0000][1][safepoint    ] Entering safepoint region: Cleanup
[2022-06-13T02:00:13.848+0000][1][safepoint    ] Leaving safepoint region
[2022-06-13T02:00:13.848+0000][1][safepoint    ] Total time for which application threads were stopped: 0.0007565 seconds, Stopping threads took: 0.0003839 seconds
[2022-06-13T02:00:23.851+0000][1][safepoint    ] Application time: 10.0020138 seconds
[2022-06-13T02:00:23.851+0000][1][safepoint    ] Entering safepoint region: Cleanup
[2022-06-13T02:00:23.851+0000][1][safepoint    ] Leaving safepoint region
[2022-06-13T02:00:23.852+0000][1][safepoint    ] Total time for which application threads were stopped: 0.0007034 seconds, Stopping threads took: 0.0003413 seconds
[2022-06-13T02:00:29.854+0000][1][safepoint    ] Application time: 6.0015961 seconds
[2022-06-13T02:00:29.854+0000][1][safepoint    ] Entering safepoint region: Cleanup
[2022-06-13T02:00:29.855+0000][1][safepoint    ] Leaving safepoint region
[2022-06-13T02:00:29.855+0000][1][safepoint    ] Total time for which application threads were stopped: 0.0011543 seconds, Stopping threads took: 0.0005248 seconds
[2022-06-13T02:00:33.857+0000][1][safepoint    ] Application time: 4.0006688 seconds
[2022-06-13T02:00:33.858+0000][1][safepoint    ] Entering safepoint region: Cleanup
[2022-06-13T02:00:33.858+0000][1][safepoint    ] Leaving safepoint region
[2022-06-13T02:00:33.859+0000][1][safepoint    ] Total time for which application threads were stopped: 0.0010304 seconds, Stopping threads took: 0.0004277 seconds
[2022-06-13T02:00:37.758+0000][1][safepoint    ] Application time: 3.8996001 seconds
[2022-06-13T02:00:37.759+0000][1][safepoint    ] Entering safepoint region: RevokeBias
[2022-06-13T02:00:37.759+0000][1][safepoint    ] Leaving safepoint region
[2022-06-13T02:00:37.759+0000][1][safepoint    ] Total time for which application threads were stopped: 0.0005897 seconds, Stopping threads took: 0.0002727 seconds
[2022-06-13T02:00:38.760+0000][1][safepoint    ] Application time: 1.0002570 seconds
[2022-06-13T02:00:38.761+0000][1][safepoint    ] Entering safepoint region: Cleanup
[2022-06-13T02:00:38.761+0000][1][safepoint    ] Leaving safepoint region
[2022-06-13T02:00:38.762+0000][1][safepoint    ] Total time for which application threads were stopped: 0.0008992 seconds, Stopping threads took: 0.0004156 seconds
[2022-06-13T02:00:40.762+0000][1][safepoint    ] Application time: 2.0003286 seconds
[2022-06-13T02:00:40.763+0000][1][safepoint    ] Entering safepoint region: Cleanup
[2022-06-13T02:00:40.763+0000][1][safepoint    ] Leaving safepoint region
[2022-06-13T02:00:40.763+0000][1][safepoint    ] Total time for which application threads were stopped: 0.0006463 seconds, Stopping threads took: 0.0003093 seconds
[2022-06-13T02:00:43.764+0000][1][safepoint    ] Application time: 3.0005205 seconds
[2022-06-13T02:00:43.765+0000][1][safepoint    ] Entering safepoint region: Cleanup
[2022-06-13T02:00:43.765+0000][1][safepoint    ] Leaving safepoint region
[2022-06-13T02:00:43.766+0000][1][safepoint    ] Total time for which application threads were stopped: 0.0009751 seconds, Stopping threads took: 0.0004733 seconds
[2022-06-13T02:00:46.767+0000][1][safepoint    ] Application time: 3.0005077 seconds
[2022-06-13T02:00:46.767+0000][1][safepoint    ] Entering safepoint region: Cleanup
[2022-06-13T02:00:46.767+0000][1][safepoint    ] Leaving safepoint region
[2022-06-13T02:00:46.768+0000][1][safepoint    ] Total time for which application threads were stopped: 0.0005468 seconds, Stopping threads took: 0.0002262 seconds
[2022-06-13T02:00:52.769+0000][1][safepoint    ] Application time: 6.0009175 seconds
[2022-06-13T02:00:52.769+0000][1][safepoint    ] Entering safepoint region: Cleanup
[2022-06-13T02:00:52.769+0000][1][safepoint    ] Leaving safepoint region
[2022-06-13T02:00:52.770+0000][1][safepoint    ] Total time for which application threads were stopped: 0.0004744 seconds, Stopping threads took: 0.0002493 seconds
[2022-06-13T02:00:53.770+0000][1][safepoint    ] Application time: 1.0000970 seconds
[2022-06-13T02:00:53.770+0000][1][safepoint    ] Entering safepoint region: Cleanup
[2022-06-13T02:00:53.770+0000][1][safepoint    ] Leaving safepoint region
[2022-06-13T02:00:53.771+0000][1][safepoint    ] Total time for which application threads were stopped: 0.0004714 seconds, Stopping threads took: 0.0001209 seconds
[2022-06-13T02:00:54.771+0000][1][safepoint    ] Application time: 1.0001168 seconds
[2022-06-13T02:00:54.771+0000][1][safepoint    ] Entering safepoint region: Cleanup
[2022-06-13T02:00:54.772+0000][1][safepoint    ] Leaving safepoint region
[2022-06-13T02:00:54.772+0000][1][safepoint    ] Total time for which application threads were stopped: 0.0009802 seconds, Stopping threads took: 0.0004997 seconds
[2022-06-13T02:00:56.773+0000][1][safepoint    ] Application time: 2.0003315 seconds
[2022-06-13T02:00:56.773+0000][1][safepoint    ] Entering safepoint region: Cleanup
[2022-06-13T02:00:56.774+0000][1][safepoint    ] Leaving safepoint region
[2022-06-13T02:00:56.774+0000][1][safepoint    ] Total time for which application threads were stopped: 0.0005365 seconds, Stopping threads took: 0.0002882 seconds
[2022-06-13T02:00:58.774+0000][1][safepoint    ] Application time: 2.0002071 seconds
[2022-06-13T02:00:58.775+0000][1][safepoint    ] Entering safepoint region: Cleanup
[2022-06-13T02:00:58.775+0000][1][safepoint    ] Leaving safepoint region
[2022-06-13T02:00:58.775+0000][1][safepoint    ] Total time for which application threads were stopped: 0.0002460 seconds, Stopping threads took: 0.0001147 seconds
[2022-06-13T02:01:03.776+0000][1][safepoint    ] Application time: 5.0009482 seconds
[2022-06-13T02:01:03.777+0000][1][safepoint    ] Entering safepoint region: Cleanup
[2022-06-13T02:01:03.777+0000][1][safepoint    ] Leaving safepoint region
[2022-06-13T02:01:03.777+0000][1][safepoint    ] Total time for which application threads were stopped: 0.0006362 seconds, Stopping threads took: 0.0002975 seconds
[2022-06-13T02:01:06.778+0000][1][safepoint    ] Application time: 3.0006469 seconds
[2022-06-13T02:01:06.779+0000][1][safepoint    ] Entering safepoint region: Cleanup
[2022-06-13T02:01:06.779+0000][1][safepoint    ] Leaving safepoint region
[2022-06-13T02:01:06.779+0000][1][safepoint    ] Total time for which application threads were stopped: 0.0004979 seconds, Stopping threads took: 0.0002074 seconds
[2022-06-13T02:01:18.782+0000][1][safepoint    ] Application time: 12.0023486 seconds
[2022-06-13T02:01:18.782+0000][1][safepoint    ] Entering safepoint region: Cleanup
[2022-06-13T02:01:18.783+0000][1][safepoint    ] Leaving safepoint region
[2022-06-13T02:01:18.783+0000][1][safepoint    ] Total time for which application threads were stopped: 0.0006447 seconds, Stopping threads took: 0.0003217 seconds
[2022-06-13T02:01:19.783+0000][1][safepoint    ] Application time: 1.0002646 seconds
[2022-06-13T02:01:19.784+0000][1][safepoint    ] Entering safepoint region: Cleanup
[2022-06-13T02:01:19.784+0000][1][safepoint    ] Leaving safepoint region
[2022-06-13T02:01:19.785+0000][1][safepoint    ] Total time for which application threads were stopped: 0.0009030 seconds, Stopping threads took: 0.0004418 seconds
[2022-06-13T02:01:28.787+0000][1][safepoint    ] Application time: 9.0017609 seconds
[2022-06-13T02:01:28.787+0000][1][safepoint    ] Entering safepoint region: Cleanup
[2022-06-13T02:01:28.788+0000][1][safepoint    ] Leaving safepoint region
[2022-06-13T02:01:28.788+0000][1][safepoint    ] Total time for which application threads were stopped: 0.0008559 seconds, Stopping threads took: 0.0004716 seconds
[2022-06-13T02:01:30.789+0000][1][safepoint    ] Application time: 2.0002645 seconds
[2022-06-13T02:01:30.789+0000][1][safepoint    ] Entering safepoint region: Cleanup
[2022-06-13T02:01:30.789+0000][1][safepoint    ] Leaving safepoint region
[2022-06-13T02:01:30.790+0000][1][safepoint    ] Total time for which application threads were stopped: 0.0007290 seconds, Stopping threads took: 0.0003025 seconds
[2022-06-13T02:01:31.790+0000][1][safepoint    ] Application time: 1.0001341 seconds
[2022-06-13T02:01:31.791+0000][1][safepoint    ] Entering safepoint region: Cleanup
[2022-06-13T02:01:31.791+0000][1][safepoint    ] Leaving safepoint region
[2022-06-13T02:01:31.791+0000][1][safepoint    ] Total time for which application threads were stopped: 0.0004643 seconds, Stopping threads took: 0.0002368 seconds
[2022-06-13T02:01:33.014+0000][1][safepoint    ] Application time: 1.2230908 seconds
[2022-06-13T02:01:33.015+0000][1][safepoint    ] Entering safepoint region: GenCollectForAllocation
[2022-06-13T02:01:33.015+0000][1][gc,start     ] GC(22) Pause Young (Allocation Failure)
[2022-06-13T02:01:33.015+0000][1][gc,task      ] GC(22) Using 5 workers of 13 for evacuation
[2022-06-13T02:01:33.022+0000][1][gc,age       ] GC(22) Desired survivor size 4456448 bytes, new threshold 2 (max threshold 6)
[2022-06-13T02:01:33.022+0000][1][gc,age       ] GC(22) Age table with threshold 2 (max threshold 6)
[2022-06-13T02:01:33.022+0000][1][gc,age       ] GC(22) - age   1:    1053072 bytes,    1053072 total
[2022-06-13T02:01:33.022+0000][1][gc,age       ] GC(22) - age   2:    3976784 bytes,    5029856 total
[2022-06-13T02:01:33.022+0000][1][gc,heap      ] GC(22) ParNew: 76972K->6835K(78656K)
[2022-06-13T02:01:33.023+0000][1][gc,heap      ] GC(22) CMS: 62399K->63923K(174784K)
[2022-06-13T02:01:33.023+0000][1][gc,metaspace ] GC(22) Metaspace: 64968K->64968K(1107968K)
[2022-06-13T02:01:33.023+0000][1][gc           ] GC(22) Pause Young (Allocation Failure) 136M->69M(247M) 7.958ms
[2022-06-13T02:01:33.023+0000][1][gc,cpu       ] GC(22) User=0.03s Sys=0.00s Real=0.01s
[2022-06-13T02:01:33.023+0000][1][safepoint    ] Leaving safepoint region
[2022-06-13T02:01:33.023+0000][1][safepoint    ] Total time for which application threads were stopped: 0.0085829 seconds, Stopping threads took: 0.0001899 seconds
[2022-06-13T02:01:36.024+0000][1][safepoint    ] Application time: 3.0005898 seconds
[2022-06-13T02:01:36.024+0000][1][safepoint    ] Entering safepoint region: Cleanup
[2022-06-13T02:01:36.025+0000][1][safepoint    ] Leaving safepoint region
[2022-06-13T02:01:36.025+0000][1][safepoint    ] Total time for which application threads were stopped: 0.0010451 seconds, Stopping threads took: 0.0004456 seconds
[2022-06-13T02:01:40.027+0000][1][safepoint    ] Application time: 4.0008515 seconds
[2022-06-13T02:01:40.027+0000][1][safepoint    ] Entering safepoint region: Cleanup
[2022-06-13T02:01:40.028+0000][1][safepoint    ] Leaving safepoint region
[2022-06-13T02:01:40.028+0000][1][safepoint    ] Total time for which application threads were stopped: 0.0009310 seconds, Stopping threads took: 0.0004349 seconds
[2022-06-13T02:01:41.029+0000][1][safepoint    ] Application time: 1.0002456 seconds
[2022-06-13T02:01:41.029+0000][1][safepoint    ] Entering safepoint region: Cleanup
[2022-06-13T02:01:41.030+0000][1][safepoint    ] Leaving safepoint region
[2022-06-13T02:01:41.030+0000][1][safepoint    ] Total time for which application threads were stopped: 0.0008111 seconds, Stopping threads took: 0.0003322 seconds
[2022-06-13T02:01:43.031+0000][1][safepoint    ] Application time: 2.0002800 seconds
[2022-06-13T02:01:43.031+0000][1][safepoint    ] Entering safepoint region: Cleanup
[2022-06-13T02:01:43.031+0000][1][safepoint    ] Leaving safepoint region
[2022-06-13T02:01:43.032+0000][1][safepoint    ] Total time for which application threads were stopped: 0.0008038 seconds, Stopping threads took: 0.0002256 seconds
[2022-06-13T02:01:44.032+0000][1][safepoint    ] Application time: 1.0002908 seconds
[2022-06-13T02:01:44.033+0000][1][safepoint    ] Entering safepoint region: Cleanup
[2022-06-13T02:01:44.033+0000][1][safepoint    ] Leaving safepoint region
[2022-06-13T02:01:44.033+0000][1][safepoint    ] Total time for which application threads were stopped: 0.0007369 seconds, Stopping threads took: 0.0002816 seconds
[2022-06-13T02:01:51.035+0000][1][safepoint    ] Application time: 7.0012560 seconds
[2022-06-13T02:01:51.036+0000][1][safepoint    ] Entering safepoint region: Cleanup
[2022-06-13T02:01:51.036+0000][1][safepoint    ] Leaving safepoint region
[2022-06-13T02:01:51.036+0000][1][safepoint    ] Total time for which application threads were stopped: 0.0008309 seconds, Stopping threads took: 0.0004296 seconds
[2022-06-13T02:02:09.040+0000][1][safepoint    ] Application time: 18.0029966 seconds
[2022-06-13T02:02:09.040+0000][1][safepoint    ] Entering safepoint region: Cleanup
[2022-06-13T02:02:09.041+0000][1][safepoint    ] Leaving safepoint region
[2022-06-13T02:02:09.041+0000][1][safepoint    ] Total time for which application threads were stopped: 0.0007297 seconds, Stopping threads took: 0.0003494 seconds
[2022-06-13T02:02:34.046+0000][1][safepoint    ] Application time: 25.0046606 seconds
[2022-06-13T02:02:34.046+0000][1][safepoint    ] Entering safepoint region: Cleanup
[2022-06-13T02:02:34.047+0000][1][safepoint    ] Leaving safepoint region
[2022-06-13T02:02:34.047+0000][1][safepoint    ] Total time for which application threads were stopped: 0.0007947 seconds, Stopping threads took: 0.0003728 seconds
[2022-06-13T02:02:55.051+0000][1][safepoint    ] Application time: 21.0038774 seconds
[2022-06-13T02:02:55.052+0000][1][safepoint    ] Entering safepoint region: Cleanup
[2022-06-13T02:02:55.052+0000][1][safepoint    ] Leaving safepoint region
[2022-06-13T02:02:55.053+0000][1][safepoint    ] Total time for which application threads were stopped: 0.0009149 seconds, Stopping threads took: 0.0004569 seconds
[2022-06-13T02:03:12.056+0000][1][safepoint    ] Application time: 17.0032366 seconds
[2022-06-13T02:03:12.057+0000][1][safepoint    ] Entering safepoint region: Cleanup
[2022-06-13T02:03:12.058+0000][1][safepoint    ] Leaving safepoint region
[2022-06-13T02:03:12.058+0000][1][safepoint    ] Total time for which application threads were stopped: 0.0009628 seconds, Stopping threads took: 0.0004190 seconds
[2022-06-13T02:03:24.061+0000][1][safepoint    ] Application time: 12.0022772 seconds
[2022-06-13T02:03:24.061+0000][1][safepoint    ] Entering safepoint region: Cleanup
[2022-06-13T02:03:24.062+0000][1][safepoint    ] Leaving safepoint region
[2022-06-13T02:03:24.062+0000][1][safepoint    ] Total time for which application threads were stopped: 0.0008172 seconds, Stopping threads took: 0.0003988 seconds
[2022-06-13T02:03:26.063+0000][1][safepoint    ] Application time: 2.0003622 seconds
[2022-06-13T02:03:26.064+0000][1][safepoint    ] Entering safepoint region: Cleanup
[2022-06-13T02:03:26.064+0000][1][safepoint    ] Leaving safepoint region
[2022-06-13T02:03:26.065+0000][1][safepoint    ] Total time for which application threads were stopped: 0.0010785 seconds, Stopping threads took: 0.0005533 seconds
[2022-06-13T02:03:30.066+0000][1][safepoint    ] Application time: 4.0008848 seconds
[2022-06-13T02:03:30.067+0000][1][safepoint    ] Entering safepoint region: Cleanup
[2022-06-13T02:03:30.068+0000][1][safepoint    ] Leaving safepoint region
[2022-06-13T02:03:30.068+0000][1][safepoint    ] Total time for which application threads were stopped: 0.0010948 seconds, Stopping threads took: 0.0005031 seconds
[2022-06-13T02:03:32.069+0000][1][safepoint    ] Application time: 2.0004333 seconds
[2022-06-13T02:03:32.070+0000][1][safepoint    ] Entering safepoint region: Cleanup
[2022-06-13T02:03:32.070+0000][1][safepoint    ] Leaving safepoint region
[2022-06-13T02:03:32.070+0000][1][safepoint    ] Total time for which application threads were stopped: 0.0008473 seconds, Stopping threads took: 0.0004011 seconds
[2022-06-13T02:03:44.073+0000][1][safepoint    ] Application time: 12.0019263 seconds
[2022-06-13T02:03:44.073+0000][1][safepoint    ] Entering safepoint region: Cleanup
[2022-06-13T02:03:44.073+0000][1][safepoint    ] Leaving safepoint region
[2022-06-13T02:03:44.074+0000][1][safepoint    ] Total time for which application threads were stopped: 0.0004576 seconds, Stopping threads took: 0.0001560 seconds
[2022-06-13T02:03:49.075+0000][1][safepoint    ] Application time: 5.0009133 seconds
[2022-06-13T02:03:49.075+0000][1][safepoint    ] Entering safepoint region: Cleanup
[2022-06-13T02:03:49.075+0000][1][safepoint    ] Leaving safepoint region
[2022-06-13T02:03:49.076+0000][1][safepoint    ] Total time for which application threads were stopped: 0.0006984 seconds, Stopping threads took: 0.0003081 seconds
[2022-06-13T02:03:57.078+0000][1][safepoint    ] Application time: 8.0015108 seconds
[2022-06-13T02:03:57.078+0000][1][safepoint    ] Entering safepoint region: Cleanup
[2022-06-13T02:03:57.078+0000][1][safepoint    ] Leaving safepoint region
[2022-06-13T02:03:57.079+0000][1][safepoint    ] Total time for which application threads were stopped: 0.0007102 seconds, Stopping threads took: 0.0003599 seconds
[2022-06-13T02:04:01.080+0000][1][safepoint    ] Application time: 4.0005566 seconds
[2022-06-13T02:04:01.080+0000][1][safepoint    ] Entering safepoint region: Cleanup
[2022-06-13T02:04:01.080+0000][1][safepoint    ] Leaving safepoint region
[2022-06-13T02:04:01.080+0000][1][safepoint    ] Total time for which application threads were stopped: 0.0003595 seconds, Stopping threads took: 0.0001712 seconds
[2022-06-13T02:04:04.081+0000][1][safepoint    ] Application time: 3.0003510 seconds
[2022-06-13T02:04:04.081+0000][1][safepoint    ] Entering safepoint region: Cleanup
[2022-06-13T02:04:04.081+0000][1][safepoint    ] Leaving safepoint region
[2022-06-13T02:04:04.081+0000][1][safepoint    ] Total time for which application threads were stopped: 0.0004599 seconds, Stopping threads took: 0.0002457 seconds
[2022-06-13T02:04:14.083+0000][1][safepoint    ] Application time: 10.0013622 seconds
[2022-06-13T02:04:14.083+0000][1][safepoint    ] Entering safepoint region: Cleanup
[2022-06-13T02:04:14.084+0000][1][safepoint    ] Leaving safepoint region
[2022-06-13T02:04:14.084+0000][1][safepoint    ] Total time for which application threads were stopped: 0.0005828 seconds, Stopping threads took: 0.0002895 seconds
[2022-06-13T02:04:18.135+0000][1][safepoint    ] Application time: 4.0505390 seconds
[2022-06-13T02:04:18.135+0000][1][safepoint    ] Entering safepoint region: GenCollectForAllocation
[2022-06-13T02:04:18.136+0000][1][gc,start     ] GC(23) Pause Young (Allocation Failure)
[2022-06-13T02:04:18.136+0000][1][gc,task      ] GC(23) Using 5 workers of 13 for evacuation
[2022-06-13T02:04:18.143+0000][1][gc,age       ] GC(23) Desired survivor size 4456448 bytes, new threshold 6 (max threshold 6)
[2022-06-13T02:04:18.143+0000][1][gc,age       ] GC(23) Age table with threshold 6 (max threshold 6)
[2022-06-13T02:04:18.143+0000][1][gc,age       ] GC(23) - age   1:       5296 bytes,       5296 total
[2022-06-13T02:04:18.143+0000][1][gc,age       ] GC(23) - age   2:    1032856 bytes,    1038152 total
[2022-06-13T02:04:18.143+0000][1][gc,heap      ] GC(23) ParNew: 76787K->4904K(78656K)
[2022-06-13T02:04:18.144+0000][1][gc,heap      ] GC(23) CMS: 63923K->67946K(174784K)
[2022-06-13T02:04:18.144+0000][1][gc,metaspace ] GC(23) Metaspace: 65035K->65035K(1107968K)
[2022-06-13T02:04:18.144+0000][1][gc           ] GC(23) Pause Young (Allocation Failure) 137M->71M(247M) 8.168ms
[2022-06-13T02:04:18.144+0000][1][gc,cpu       ] GC(23) User=0.03s Sys=0.00s Real=0.01s
[2022-06-13T02:04:18.145+0000][1][safepoint    ] Leaving safepoint region
[2022-06-13T02:04:18.145+0000][1][safepoint    ] Total time for which application threads were stopped: 0.0093869 seconds, Stopping threads took: 0.0004171 seconds
[2022-06-13T02:04:40.149+0000][1][safepoint    ] Application time: 22.0041121 seconds
[2022-06-13T02:04:40.150+0000][1][safepoint    ] Entering safepoint region: Cleanup
[2022-06-13T02:04:40.150+0000][1][safepoint    ] Leaving safepoint region
[2022-06-13T02:04:40.150+0000][1][safepoint    ] Total time for which application threads were stopped: 0.0005690 seconds, Stopping threads took: 0.0002642 seconds
