[2022-06-13T02:46:07.876+0000][1][gc] Using Concurrent Mark Sweep
[2022-06-13T02:46:07.877+0000][1][gc,heap,coops] Heap address: 0x00000000f0000000, size: 256 MB, Compressed Oops mode: 32-bit
[2022-06-13T02:46:07.906+0000][1][safepoint    ] Entering safepoint region: EnableBiasedLocking
[2022-06-13T02:46:07.906+0000][1][safepoint    ] Leaving safepoint region
[2022-06-13T02:46:07.907+0000][1][safepoint    ] Total time for which application threads were stopped: 0.0010500 seconds, Stopping threads took: 0.0005500 seconds
[2022-06-13T02:46:07.911+0000][1][safepoint    ] Application time: 0.0029056 seconds
[2022-06-13T02:46:07.911+0000][1][safepoint    ] Entering safepoint region: RevokeBias
[2022-06-13T02:46:07.960+0000][1][safepoint    ] Leaving safepoint region
[2022-06-13T02:46:07.960+0000][1][safepoint    ] Total time for which application threads were stopped: 0.0487461 seconds, Stopping threads took: 0.0483484 seconds
[2022-06-13T02:46:07.966+0000][1][safepoint    ] Application time: 0.0063034 seconds
[2022-06-13T02:46:07.967+0000][1][safepoint    ] Entering safepoint region: Deoptimize
[2022-06-13T02:46:07.967+0000][1][safepoint    ] Leaving safepoint region
[2022-06-13T02:46:07.967+0000][1][safepoint    ] Total time for which application threads were stopped: 0.0002563 seconds, Stopping threads took: 0.0001204 seconds
[2022-06-13T02:46:08.017+0000][1][safepoint    ] Application time: 0.0498369 seconds
[2022-06-13T02:46:08.017+0000][1][safepoint    ] Entering safepoint region: RevokeBias
[2022-06-13T02:46:08.018+0000][1][safepoint    ] Leaving safepoint region
[2022-06-13T02:46:08.018+0000][1][safepoint    ] Total time for which application threads were stopped: 0.0009702 seconds, Stopping threads took: 0.0004477 seconds
[2022-06-13T02:46:08.037+0000][1][safepoint    ] Application time: 0.0187321 seconds
[2022-06-13T02:46:08.038+0000][1][safepoint    ] Entering safepoint region: Deoptimize
[2022-06-13T02:46:08.039+0000][1][safepoint    ] Leaving safepoint region
[2022-06-13T02:46:08.039+0000][1][safepoint    ] Total time for which application threads were stopped: 0.0011498 seconds, Stopping threads took: 0.0004578 seconds
[2022-06-13T02:46:08.209+0000][1][safepoint    ] Application time: 0.1694239 seconds
[2022-06-13T02:46:08.210+0000][1][safepoint    ] Entering safepoint region: Deoptimize
[2022-06-13T02:46:08.210+0000][1][safepoint    ] Leaving safepoint region
[2022-06-13T02:46:08.211+0000][1][safepoint    ] Total time for which application threads were stopped: 0.0009518 seconds, Stopping threads took: 0.0004558 seconds
[2022-06-13T02:46:08.236+0000][1][safepoint    ] Application time: 0.0245699 seconds
[2022-06-13T02:46:08.236+0000][1][safepoint    ] Entering safepoint region: Deoptimize
[2022-06-13T02:46:08.237+0000][1][safepoint    ] Leaving safepoint region
[2022-06-13T02:46:08.237+0000][1][safepoint    ] Total time for which application threads were stopped: 0.0010735 seconds, Stopping threads took: 0.0003767 seconds
[2022-06-13T02:46:08.244+0000][1][safepoint    ] Application time: 0.0062964 seconds
[2022-06-13T02:46:08.244+0000][1][safepoint    ] Entering safepoint region: Deoptimize
[2022-06-13T02:46:08.245+0000][1][safepoint    ] Leaving safepoint region
[2022-06-13T02:46:08.245+0000][1][safepoint    ] Total time for which application threads were stopped: 0.0010855 seconds, Stopping threads took: 0.0005042 seconds
[2022-06-13T02:46:08.452+0000][1][safepoint    ] Application time: 0.2062206 seconds
[2022-06-13T02:46:08.453+0000][1][safepoint    ] Entering safepoint region: Deoptimize
[2022-06-13T02:46:08.453+0000][1][safepoint    ] Leaving safepoint region
[2022-06-13T02:46:08.454+0000][1][safepoint    ] Total time for which application threads were stopped: 0.0010054 seconds, Stopping threads took: 0.0004018 seconds
[2022-06-13T02:46:08.600+0000][1][safepoint    ] Application time: 0.1456286 seconds
[2022-06-13T02:46:08.600+0000][1][safepoint    ] Entering safepoint region: RevokeBias
[2022-06-13T02:46:08.601+0000][1][safepoint    ] Leaving safepoint region
[2022-06-13T02:46:08.601+0000][1][safepoint    ] Total time for which application threads were stopped: 0.0010522 seconds, Stopping threads took: 0.0004835 seconds
[2022-06-13T02:46:08.658+0000][1][safepoint    ] Application time: 0.0563499 seconds
[2022-06-13T02:46:08.659+0000][1][safepoint    ] Entering safepoint region: Deoptimize
[2022-06-13T02:46:08.659+0000][1][safepoint    ] Leaving safepoint region
[2022-06-13T02:46:08.659+0000][1][safepoint    ] Total time for which application threads were stopped: 0.0009531 seconds, Stopping threads took: 0.0003050 seconds
[2022-06-13T02:46:08.719+0000][1][safepoint    ] Application time: 0.0588839 seconds
[2022-06-13T02:46:08.719+0000][1][safepoint    ] Entering safepoint region: Deoptimize
[2022-06-13T02:46:08.720+0000][1][safepoint    ] Leaving safepoint region
[2022-06-13T02:46:08.720+0000][1][safepoint    ] Total time for which application threads were stopped: 0.0009092 seconds, Stopping threads took: 0.0003624 seconds
[2022-06-13T02:46:08.721+0000][1][safepoint    ] Application time: 0.0002360 seconds
[2022-06-13T02:46:08.721+0000][1][safepoint    ] Entering safepoint region: Deoptimize
[2022-06-13T02:46:08.722+0000][1][safepoint    ] Leaving safepoint region
[2022-06-13T02:46:08.722+0000][1][safepoint    ] Total time for which application threads were stopped: 0.0007446 seconds, Stopping threads took: 0.0003392 seconds
[2022-06-13T02:46:08.741+0000][1][safepoint    ] Application time: 0.0185036 seconds
[2022-06-13T02:46:08.741+0000][1][safepoint    ] Entering safepoint region: Deoptimize
[2022-06-13T02:46:08.742+0000][1][safepoint    ] Leaving safepoint region
[2022-06-13T02:46:08.742+0000][1][safepoint    ] Total time for which application threads were stopped: 0.0008052 seconds, Stopping threads took: 0.0003503 seconds
[2022-06-13T02:46:08.746+0000][1][safepoint    ] Application time: 0.0039046 seconds
[2022-06-13T02:46:08.747+0000][1][safepoint    ] Entering safepoint region: RevokeBias
[2022-06-13T02:46:08.747+0000][1][safepoint    ] Leaving safepoint region
[2022-06-13T02:46:08.748+0000][1][safepoint    ] Total time for which application threads were stopped: 0.0008544 seconds, Stopping threads took: 0.0004032 seconds
[2022-06-13T02:46:08.748+0000][1][safepoint    ] Application time: 0.0003633 seconds
[2022-06-13T02:46:08.749+0000][1][safepoint    ] Entering safepoint region: RevokeBias
[2022-06-13T02:46:08.749+0000][1][safepoint    ] Leaving safepoint region
[2022-06-13T02:46:08.750+0000][1][safepoint    ] Total time for which application threads were stopped: 0.0010512 seconds, Stopping threads took: 0.0006388 seconds
[2022-06-13T02:46:08.750+0000][1][safepoint    ] Application time: 0.0002657 seconds
[2022-06-13T02:46:08.750+0000][1][safepoint    ] Entering safepoint region: RevokeBias
[2022-06-13T02:46:08.751+0000][1][safepoint    ] Leaving safepoint region
[2022-06-13T02:46:08.751+0000][1][safepoint    ] Total time for which application threads were stopped: 0.0007313 seconds, Stopping threads took: 0.0003414 seconds
[2022-06-13T02:46:08.752+0000][1][safepoint    ] Application time: 0.0003030 seconds
[2022-06-13T02:46:08.752+0000][1][safepoint    ] Entering safepoint region: RevokeBias
[2022-06-13T02:46:08.752+0000][1][safepoint    ] Leaving safepoint region
[2022-06-13T02:46:08.753+0000][1][safepoint    ] Total time for which application threads were stopped: 0.0005616 seconds, Stopping threads took: 0.0002173 seconds
[2022-06-13T02:46:08.755+0000][1][safepoint    ] Application time: 0.0023775 seconds
[2022-06-13T02:46:08.756+0000][1][safepoint    ] Entering safepoint region: Deoptimize
[2022-06-13T02:46:08.756+0000][1][safepoint    ] Leaving safepoint region
[2022-06-13T02:46:08.756+0000][1][safepoint    ] Total time for which application threads were stopped: 0.0006729 seconds, Stopping threads took: 0.0002622 seconds
[2022-06-13T02:46:08.797+0000][1][safepoint    ] Application time: 0.0404551 seconds
[2022-06-13T02:46:08.797+0000][1][safepoint    ] Entering safepoint region: GenCollectForAllocation
[2022-06-13T02:46:08.798+0000][1][gc,start     ] GC(0) Pause Young (Allocation Failure)
[2022-06-13T02:46:08.799+0000][1][gc,task      ] GC(0) Using 5 workers of 13 for evacuation
[2022-06-13T02:46:08.804+0000][1][gc,age       ] GC(0) Desired survivor size 4456448 bytes, new threshold 1 (max threshold 6)
[2022-06-13T02:46:08.805+0000][1][gc,age       ] GC(0) Age table with threshold 1 (max threshold 6)
[2022-06-13T02:46:08.805+0000][1][gc,age       ] GC(0) - age   1:    8217512 bytes,    8217512 total
[2022-06-13T02:46:08.806+0000][1][gc,heap      ] GC(0) ParNew: 69952K->8135K(78656K)
[2022-06-13T02:46:08.806+0000][1][gc,heap      ] GC(0) CMS: 0K->0K(174784K)
[2022-06-13T02:46:08.807+0000][1][gc,metaspace ] GC(0) Metaspace: 12286K->12286K(1060864K)
[2022-06-13T02:46:08.807+0000][1][gc           ] GC(0) Pause Young (Allocation Failure) 68M->7M(247M) 9.347ms
[2022-06-13T02:46:08.808+0000][1][gc,cpu       ] GC(0) User=0.04s Sys=0.01s Real=0.01s
[2022-06-13T02:46:08.808+0000][1][safepoint    ] Leaving safepoint region
[2022-06-13T02:46:08.809+0000][1][safepoint    ] Total time for which application threads were stopped: 0.0113165 seconds, Stopping threads took: 0.0005707 seconds
[2022-06-13T02:46:08.809+0000][1][safepoint    ] Application time: 0.0004935 seconds
[2022-06-13T02:46:08.810+0000][1][safepoint    ] Entering safepoint region: RevokeBias
[2022-06-13T02:46:08.810+0000][1][safepoint    ] Leaving safepoint region
[2022-06-13T02:46:08.811+0000][1][safepoint    ] Total time for which application threads were stopped: 0.0012147 seconds, Stopping threads took: 0.0006252 seconds
[2022-06-13T02:46:08.812+0000][1][safepoint    ] Application time: 0.0003318 seconds
[2022-06-13T02:46:08.812+0000][1][safepoint    ] Entering safepoint region: RevokeBias
[2022-06-13T02:46:08.813+0000][1][safepoint    ] Leaving safepoint region
[2022-06-13T02:46:08.813+0000][1][safepoint    ] Total time for which application threads were stopped: 0.0009061 seconds, Stopping threads took: 0.0004226 seconds
[2022-06-13T02:46:08.814+0000][1][safepoint    ] Application time: 0.0002370 seconds
[2022-06-13T02:46:08.814+0000][1][safepoint    ] Entering safepoint region: RevokeBias
[2022-06-13T02:46:08.815+0000][1][safepoint    ] Leaving safepoint region
[2022-06-13T02:46:08.815+0000][1][safepoint    ] Total time for which application threads were stopped: 0.0007747 seconds, Stopping threads took: 0.0004253 seconds
[2022-06-13T02:46:08.816+0000][1][safepoint    ] Application time: 0.0001561 seconds
[2022-06-13T02:46:08.816+0000][1][safepoint    ] Entering safepoint region: RevokeBias
[2022-06-13T02:46:08.816+0000][1][safepoint    ] Leaving safepoint region
[2022-06-13T02:46:08.817+0000][1][safepoint    ] Total time for which application threads were stopped: 0.0007245 seconds, Stopping threads took: 0.0004055 seconds
[2022-06-13T02:46:08.817+0000][1][safepoint    ] Application time: 0.0002520 seconds
[2022-06-13T02:46:08.818+0000][1][safepoint    ] Entering safepoint region: RevokeBias
[2022-06-13T02:46:08.818+0000][1][safepoint    ] Leaving safepoint region
[2022-06-13T02:46:08.819+0000][1][safepoint    ] Total time for which application threads were stopped: 0.0008665 seconds, Stopping threads took: 0.0004384 seconds
[2022-06-13T02:46:08.820+0000][1][safepoint    ] Application time: 0.0002995 seconds
[2022-06-13T02:46:08.820+0000][1][safepoint    ] Entering safepoint region: RevokeBias
[2022-06-13T02:46:08.820+0000][1][safepoint    ] Leaving safepoint region
[2022-06-13T02:46:08.821+0000][1][safepoint    ] Total time for which application threads were stopped: 0.0006881 seconds, Stopping threads took: 0.0003063 seconds
[2022-06-13T02:46:08.821+0000][1][safepoint    ] Application time: 0.0004991 seconds
[2022-06-13T02:46:08.822+0000][1][safepoint    ] Entering safepoint region: RevokeBias
[2022-06-13T02:46:08.822+0000][1][safepoint    ] Leaving safepoint region
[2022-06-13T02:46:08.823+0000][1][safepoint    ] Total time for which application threads were stopped: 0.0008282 seconds, Stopping threads took: 0.0003897 seconds
[2022-06-13T02:46:08.824+0000][1][safepoint    ] Application time: 0.0002419 seconds
[2022-06-13T02:46:08.824+0000][1][safepoint    ] Entering safepoint region: RevokeBias
[2022-06-13T02:46:08.824+0000][1][safepoint    ] Leaving safepoint region
[2022-06-13T02:46:08.825+0000][1][safepoint    ] Total time for which application threads were stopped: 0.0007877 seconds, Stopping threads took: 0.0003691 seconds
[2022-06-13T02:46:08.825+0000][1][safepoint    ] Application time: 0.0002785 seconds
[2022-06-13T02:46:08.826+0000][1][safepoint    ] Entering safepoint region: RevokeBias
[2022-06-13T02:46:08.827+0000][1][safepoint    ] Leaving safepoint region
[2022-06-13T02:46:08.827+0000][1][safepoint    ] Total time for which application threads were stopped: 0.0009954 seconds, Stopping threads took: 0.0005824 seconds
[2022-06-13T02:46:08.828+0000][1][safepoint    ] Application time: 0.0002819 seconds
[2022-06-13T02:46:08.828+0000][1][safepoint    ] Entering safepoint region: RevokeBias
[2022-06-13T02:46:08.829+0000][1][safepoint    ] Leaving safepoint region
[2022-06-13T02:46:08.829+0000][1][safepoint    ] Total time for which application threads were stopped: 0.0008814 seconds, Stopping threads took: 0.0004604 seconds
[2022-06-13T02:46:08.830+0000][1][safepoint    ] Application time: 0.0002557 seconds
[2022-06-13T02:46:08.830+0000][1][safepoint    ] Entering safepoint region: RevokeBias
[2022-06-13T02:46:08.830+0000][1][safepoint    ] Leaving safepoint region
[2022-06-13T02:46:08.831+0000][1][safepoint    ] Total time for which application threads were stopped: 0.0008026 seconds, Stopping threads took: 0.0003874 seconds
[2022-06-13T02:46:08.831+0000][1][safepoint    ] Application time: 0.0002490 seconds
[2022-06-13T02:46:08.832+0000][1][safepoint    ] Entering safepoint region: RevokeBias
[2022-06-13T02:46:08.832+0000][1][safepoint    ] Leaving safepoint region
[2022-06-13T02:46:08.833+0000][1][safepoint    ] Total time for which application threads were stopped: 0.0008191 seconds, Stopping threads took: 0.0004797 seconds
[2022-06-13T02:46:08.833+0000][1][safepoint    ] Application time: 0.0001621 seconds
[2022-06-13T02:46:08.834+0000][1][safepoint    ] Entering safepoint region: RevokeBias
[2022-06-13T02:46:08.834+0000][1][safepoint    ] Leaving safepoint region
[2022-06-13T02:46:08.834+0000][1][safepoint    ] Total time for which application threads were stopped: 0.0005310 seconds, Stopping threads took: 0.0002801 seconds
[2022-06-13T02:46:08.835+0000][1][safepoint    ] Application time: 0.0001686 seconds
[2022-06-13T02:46:08.835+0000][1][safepoint    ] Entering safepoint region: RevokeBias
[2022-06-13T02:46:08.835+0000][1][safepoint    ] Leaving safepoint region
[2022-06-13T02:46:08.835+0000][1][safepoint    ] Total time for which application threads were stopped: 0.0004054 seconds, Stopping threads took: 0.0001883 seconds
[2022-06-13T02:46:08.836+0000][1][safepoint    ] Application time: 0.0001610 seconds
[2022-06-13T02:46:08.836+0000][1][safepoint    ] Entering safepoint region: RevokeBias
[2022-06-13T02:46:08.836+0000][1][safepoint    ] Leaving safepoint region
[2022-06-13T02:46:08.836+0000][1][safepoint    ] Total time for which application threads were stopped: 0.0002796 seconds, Stopping threads took: 0.0001393 seconds
[2022-06-13T02:46:08.836+0000][1][safepoint    ] Application time: 0.0001351 seconds
[2022-06-13T02:46:08.837+0000][1][safepoint    ] Entering safepoint region: RevokeBias
[2022-06-13T02:46:08.837+0000][1][safepoint    ] Leaving safepoint region
[2022-06-13T02:46:08.837+0000][1][safepoint    ] Total time for which application threads were stopped: 0.0003797 seconds, Stopping threads took: 0.0002299 seconds
[2022-06-13T02:46:08.838+0000][1][safepoint    ] Application time: 0.0001347 seconds
[2022-06-13T02:46:08.838+0000][1][safepoint    ] Entering safepoint region: RevokeBias
[2022-06-13T02:46:08.838+0000][1][safepoint    ] Leaving safepoint region
[2022-06-13T02:46:08.838+0000][1][safepoint    ] Total time for which application threads were stopped: 0.0002976 seconds, Stopping threads took: 0.0001275 seconds
[2022-06-13T02:46:08.838+0000][1][safepoint    ] Application time: 0.0002640 seconds
[2022-06-13T02:46:08.839+0000][1][safepoint    ] Entering safepoint region: RevokeBias
[2022-06-13T02:46:08.839+0000][1][safepoint    ] Leaving safepoint region
[2022-06-13T02:46:08.839+0000][1][safepoint    ] Total time for which application threads were stopped: 0.0004645 seconds, Stopping threads took: 0.0002723 seconds
[2022-06-13T02:46:08.840+0000][1][safepoint    ] Application time: 0.0001484 seconds
[2022-06-13T02:46:08.840+0000][1][safepoint    ] Entering safepoint region: RevokeBias
[2022-06-13T02:46:08.840+0000][1][safepoint    ] Leaving safepoint region
[2022-06-13T02:46:08.840+0000][1][safepoint    ] Total time for which application threads were stopped: 0.0003609 seconds, Stopping threads took: 0.0002168 seconds
[2022-06-13T02:46:08.840+0000][1][safepoint    ] Application time: 0.0000951 seconds
[2022-06-13T02:46:08.840+0000][1][safepoint    ] Entering safepoint region: RevokeBias
[2022-06-13T02:46:08.841+0000][1][safepoint    ] Leaving safepoint region
[2022-06-13T02:46:08.841+0000][1][safepoint    ] Total time for which application threads were stopped: 0.0003854 seconds, Stopping threads took: 0.0002340 seconds
[2022-06-13T02:46:08.841+0000][1][safepoint    ] Application time: 0.0002390 seconds
[2022-06-13T02:46:08.841+0000][1][safepoint    ] Entering safepoint region: RevokeBias
[2022-06-13T02:46:08.842+0000][1][safepoint    ] Leaving safepoint region
[2022-06-13T02:46:08.842+0000][1][safepoint    ] Total time for which application threads were stopped: 0.0002835 seconds, Stopping threads took: 0.0001424 seconds
[2022-06-13T02:46:08.842+0000][1][safepoint    ] Application time: 0.0001327 seconds
[2022-06-13T02:46:08.842+0000][1][safepoint    ] Entering safepoint region: RevokeBias
[2022-06-13T02:46:08.842+0000][1][safepoint    ] Leaving safepoint region
[2022-06-13T02:46:08.843+0000][1][safepoint    ] Total time for which application threads were stopped: 0.0003704 seconds, Stopping threads took: 0.0001884 seconds
[2022-06-13T02:46:08.843+0000][1][safepoint    ] Application time: 0.0001600 seconds
[2022-06-13T02:46:08.844+0000][1][safepoint    ] Entering safepoint region: RevokeBias
[2022-06-13T02:46:08.844+0000][1][safepoint    ] Leaving safepoint region
[2022-06-13T02:46:08.844+0000][1][safepoint    ] Total time for which application threads were stopped: 0.0003551 seconds, Stopping threads took: 0.0002085 seconds
[2022-06-13T02:46:08.844+0000][1][safepoint    ] Application time: 0.0001662 seconds
[2022-06-13T02:46:08.844+0000][1][safepoint    ] Entering safepoint region: RevokeBias
[2022-06-13T02:46:08.845+0000][1][safepoint    ] Leaving safepoint region
[2022-06-13T02:46:08.845+0000][1][safepoint    ] Total time for which application threads were stopped: 0.0003716 seconds, Stopping threads took: 0.0002226 seconds
[2022-06-13T02:46:08.845+0000][1][safepoint    ] Application time: 0.0002548 seconds
[2022-06-13T02:46:08.846+0000][1][safepoint    ] Entering safepoint region: RevokeBias
[2022-06-13T02:46:08.846+0000][1][safepoint    ] Leaving safepoint region
[2022-06-13T02:46:08.846+0000][1][safepoint    ] Total time for which application threads were stopped: 0.0005597 seconds, Stopping threads took: 0.0003618 seconds
[2022-06-13T02:46:08.846+0000][1][safepoint    ] Application time: 0.0001037 seconds
[2022-06-13T02:46:08.847+0000][1][safepoint    ] Entering safepoint region: RevokeBias
[2022-06-13T02:46:08.847+0000][1][safepoint    ] Leaving safepoint region
[2022-06-13T02:46:08.847+0000][1][safepoint    ] Total time for which application threads were stopped: 0.0005713 seconds, Stopping threads took: 0.0003437 seconds
[2022-06-13T02:46:08.982+0000][1][safepoint    ] Application time: 0.1345281 seconds
[2022-06-13T02:46:08.982+0000][1][safepoint    ] Entering safepoint region: Deoptimize
[2022-06-13T02:46:08.983+0000][1][safepoint    ] Leaving safepoint region
[2022-06-13T02:46:08.983+0000][1][safepoint    ] Total time for which application threads were stopped: 0.0008870 seconds, Stopping threads took: 0.0002589 seconds
[2022-06-13T02:46:09.104+0000][1][safepoint    ] Application time: 0.1207342 seconds
[2022-06-13T02:46:09.105+0000][1][safepoint    ] Entering safepoint region: RevokeBias
[2022-06-13T02:46:09.105+0000][1][safepoint    ] Leaving safepoint region
[2022-06-13T02:46:09.106+0000][1][safepoint    ] Total time for which application threads were stopped: 0.0009572 seconds, Stopping threads took: 0.0004588 seconds
[2022-06-13T02:46:09.115+0000][1][safepoint    ] Application time: 0.0094218 seconds
[2022-06-13T02:46:09.116+0000][1][safepoint    ] Entering safepoint region: RevokeBias
[2022-06-13T02:46:09.116+0000][1][safepoint    ] Leaving safepoint region
[2022-06-13T02:46:09.117+0000][1][safepoint    ] Total time for which application threads were stopped: 0.0006245 seconds, Stopping threads took: 0.0003728 seconds
[2022-06-13T02:46:09.176+0000][1][safepoint    ] Application time: 0.0590534 seconds
[2022-06-13T02:46:09.177+0000][1][safepoint    ] Entering safepoint region: RevokeBias
[2022-06-13T02:46:09.177+0000][1][safepoint    ] Leaving safepoint region
[2022-06-13T02:46:09.177+0000][1][safepoint    ] Total time for which application threads were stopped: 0.0011015 seconds, Stopping threads took: 0.0005796 seconds
[2022-06-13T02:46:09.181+0000][1][safepoint    ] Application time: 0.0034314 seconds
[2022-06-13T02:46:09.182+0000][1][safepoint    ] Entering safepoint region: RevokeBias
[2022-06-13T02:46:09.182+0000][1][safepoint    ] Leaving safepoint region
[2022-06-13T02:46:09.183+0000][1][safepoint    ] Total time for which application threads were stopped: 0.0008879 seconds, Stopping threads took: 0.0004180 seconds
[2022-06-13T02:46:09.198+0000][1][safepoint    ] Application time: 0.0144542 seconds
[2022-06-13T02:46:09.199+0000][1][safepoint    ] Entering safepoint region: GenCollectForAllocation
[2022-06-13T02:46:09.199+0000][1][gc,start     ] GC(1) Pause Young (Allocation Failure)
[2022-06-13T02:46:09.200+0000][1][gc,task      ] GC(1) Using 5 workers of 13 for evacuation
[2022-06-13T02:46:09.214+0000][1][gc,age       ] GC(1) Desired survivor size 4456448 bytes, new threshold 6 (max threshold 6)
[2022-06-13T02:46:09.214+0000][1][gc,age       ] GC(1) Age table with threshold 6 (max threshold 6)
[2022-06-13T02:46:09.215+0000][1][gc,age       ] GC(1) - age   1:    1983840 bytes,    1983840 total
[2022-06-13T02:46:09.215+0000][1][gc,heap      ] GC(1) ParNew: 78087K->5465K(78656K)
[2022-06-13T02:46:09.216+0000][1][gc,heap      ] GC(1) CMS: 0K->6669K(174784K)
[2022-06-13T02:46:09.216+0000][1][gc,metaspace ] GC(1) Metaspace: 14977K->14977K(1062912K)
[2022-06-13T02:46:09.217+0000][1][gc           ] GC(1) Pause Young (Allocation Failure) 76M->11M(247M) 17.128ms
[2022-06-13T02:46:09.217+0000][1][gc,cpu       ] GC(1) User=0.07s Sys=0.00s Real=0.01s
[2022-06-13T02:46:09.218+0000][1][safepoint    ] Leaving safepoint region
[2022-06-13T02:46:09.218+0000][1][safepoint    ] Total time for which application threads were stopped: 0.0192656 seconds, Stopping threads took: 0.0004765 seconds
[2022-06-13T02:46:09.219+0000][1][safepoint    ] Application time: 0.0005450 seconds
[2022-06-13T02:46:09.220+0000][1][safepoint    ] Entering safepoint region: BulkRevokeBias
[2022-06-13T02:46:09.220+0000][1][safepoint    ] Leaving safepoint region
[2022-06-13T02:46:09.221+0000][1][safepoint    ] Total time for which application threads were stopped: 0.0011665 seconds, Stopping threads took: 0.0006383 seconds
[2022-06-13T02:46:09.222+0000][1][safepoint    ] Application time: 0.0003357 seconds
[2022-06-13T02:46:09.222+0000][1][safepoint    ] Entering safepoint region: RevokeBias
[2022-06-13T02:46:09.223+0000][1][safepoint    ] Leaving safepoint region
[2022-06-13T02:46:09.223+0000][1][safepoint    ] Total time for which application threads were stopped: 0.0009044 seconds, Stopping threads took: 0.0003840 seconds
[2022-06-13T02:46:09.224+0000][1][safepoint    ] Application time: 0.0003063 seconds
[2022-06-13T02:46:09.225+0000][1][safepoint    ] Entering safepoint region: RevokeBias
[2022-06-13T02:46:09.225+0000][1][safepoint    ] Leaving safepoint region
[2022-06-13T02:46:09.225+0000][1][safepoint    ] Total time for which application threads were stopped: 0.0010723 seconds, Stopping threads took: 0.0005661 seconds
[2022-06-13T02:46:09.226+0000][1][safepoint    ] Application time: 0.0003166 seconds
[2022-06-13T02:46:09.227+0000][1][safepoint    ] Entering safepoint region: RevokeBias
[2022-06-13T02:46:09.227+0000][1][safepoint    ] Leaving safepoint region
[2022-06-13T02:46:09.228+0000][1][safepoint    ] Total time for which application threads were stopped: 0.0009744 seconds, Stopping threads took: 0.0004675 seconds
[2022-06-13T02:46:09.229+0000][1][safepoint    ] Application time: 0.0002775 seconds
[2022-06-13T02:46:09.229+0000][1][safepoint    ] Entering safepoint region: RevokeBias
[2022-06-13T02:46:09.230+0000][1][safepoint    ] Leaving safepoint region
[2022-06-13T02:46:09.230+0000][1][safepoint    ] Total time for which application threads were stopped: 0.0010459 seconds, Stopping threads took: 0.0005334 seconds
[2022-06-13T02:46:09.231+0000][1][safepoint    ] Application time: 0.0002790 seconds
[2022-06-13T02:46:09.232+0000][1][safepoint    ] Entering safepoint region: RevokeBias
[2022-06-13T02:46:09.233+0000][1][safepoint    ] Leaving safepoint region
[2022-06-13T02:46:09.233+0000][1][safepoint    ] Total time for which application threads were stopped: 0.0011241 seconds, Stopping threads took: 0.0006061 seconds
[2022-06-13T02:46:09.234+0000][1][safepoint    ] Application time: 0.0002317 seconds
[2022-06-13T02:46:09.235+0000][1][safepoint    ] Entering safepoint region: RevokeBias
[2022-06-13T02:46:09.235+0000][1][safepoint    ] Leaving safepoint region
[2022-06-13T02:46:09.235+0000][1][safepoint    ] Total time for which application threads were stopped: 0.0009396 seconds, Stopping threads took: 0.0004370 seconds
[2022-06-13T02:46:09.236+0000][1][safepoint    ] Application time: 0.0002863 seconds
[2022-06-13T02:46:09.237+0000][1][safepoint    ] Entering safepoint region: RevokeBias
[2022-06-13T02:46:09.237+0000][1][safepoint    ] Leaving safepoint region
[2022-06-13T02:46:09.238+0000][1][safepoint    ] Total time for which application threads were stopped: 0.0009082 seconds, Stopping threads took: 0.0004160 seconds
[2022-06-13T02:46:09.238+0000][1][safepoint    ] Application time: 0.0002027 seconds
[2022-06-13T02:46:09.239+0000][1][safepoint    ] Entering safepoint region: RevokeBias
[2022-06-13T02:46:09.239+0000][1][safepoint    ] Leaving safepoint region
[2022-06-13T02:46:09.240+0000][1][safepoint    ] Total time for which application threads were stopped: 0.0010337 seconds, Stopping threads took: 0.0004596 seconds
[2022-06-13T02:46:09.240+0000][1][safepoint    ] Application time: 0.0002464 seconds
[2022-06-13T02:46:09.241+0000][1][safepoint    ] Entering safepoint region: RevokeBias
[2022-06-13T02:46:09.241+0000][1][safepoint    ] Leaving safepoint region
[2022-06-13T02:46:09.242+0000][1][safepoint    ] Total time for which application threads were stopped: 0.0009226 seconds, Stopping threads took: 0.0004668 seconds
[2022-06-13T02:46:09.243+0000][1][safepoint    ] Application time: 0.0002848 seconds
[2022-06-13T02:46:09.243+0000][1][safepoint    ] Entering safepoint region: BulkRevokeBias
[2022-06-13T02:46:09.244+0000][1][safepoint    ] Leaving safepoint region
[2022-06-13T02:46:09.244+0000][1][safepoint    ] Total time for which application threads were stopped: 0.0011294 seconds, Stopping threads took: 0.0006172 seconds
[2022-06-13T02:46:09.245+0000][1][safepoint    ] Application time: 0.0002597 seconds
[2022-06-13T02:46:09.246+0000][1][safepoint    ] Entering safepoint region: RevokeBias
[2022-06-13T02:46:09.246+0000][1][safepoint    ] Leaving safepoint region
[2022-06-13T02:46:09.246+0000][1][safepoint    ] Total time for which application threads were stopped: 0.0009138 seconds, Stopping threads took: 0.0004536 seconds
[2022-06-13T02:46:09.247+0000][1][safepoint    ] Application time: 0.0002079 seconds
[2022-06-13T02:46:09.248+0000][1][safepoint    ] Entering safepoint region: BulkRevokeBias
[2022-06-13T02:46:09.248+0000][1][safepoint    ] Leaving safepoint region
[2022-06-13T02:46:09.248+0000][1][safepoint    ] Total time for which application threads were stopped: 0.0007807 seconds, Stopping threads took: 0.0003670 seconds
[2022-06-13T02:46:09.317+0000][1][safepoint    ] Application time: 0.0687041 seconds
[2022-06-13T02:46:09.318+0000][1][safepoint    ] Entering safepoint region: GenCollectForAllocation
[2022-06-13T02:46:09.319+0000][1][gc,start     ] GC(2) Pause Young (Allocation Failure)
[2022-06-13T02:46:09.319+0000][1][gc,task      ] GC(2) Using 5 workers of 13 for evacuation
[2022-06-13T02:46:09.322+0000][1][gc,age       ] GC(2) Desired survivor size 4456448 bytes, new threshold 6 (max threshold 6)
[2022-06-13T02:46:09.323+0000][1][gc,age       ] GC(2) Age table with threshold 6 (max threshold 6)
[2022-06-13T02:46:09.323+0000][1][gc,age       ] GC(2) - age   1:    2603816 bytes,    2603816 total
[2022-06-13T02:46:09.324+0000][1][gc,age       ] GC(2) - age   2:    1205120 bytes,    3808936 total
[2022-06-13T02:46:09.324+0000][1][gc,heap      ] GC(2) ParNew: 75417K->4939K(78656K)
[2022-06-13T02:46:09.325+0000][1][gc,heap      ] GC(2) CMS: 6669K->6669K(174784K)
[2022-06-13T02:46:09.325+0000][1][gc,metaspace ] GC(2) Metaspace: 15117K->15117K(1062912K)
[2022-06-13T02:46:09.326+0000][1][gc           ] GC(2) Pause Young (Allocation Failure) 80M->11M(247M) 7.287ms
[2022-06-13T02:46:09.326+0000][1][gc,cpu       ] GC(2) User=0.02s Sys=0.00s Real=0.01s
[2022-06-13T02:46:09.327+0000][1][safepoint    ] Leaving safepoint region
[2022-06-13T02:46:09.327+0000][1][safepoint    ] Total time for which application threads were stopped: 0.0090834 seconds, Stopping threads took: 0.0004660 seconds
[2022-06-13T02:46:09.328+0000][1][safepoint    ] Application time: 0.0006468 seconds
[2022-06-13T02:46:09.329+0000][1][safepoint    ] Entering safepoint region: RevokeBias
[2022-06-13T02:46:09.329+0000][1][safepoint    ] Leaving safepoint region
[2022-06-13T02:46:09.330+0000][1][safepoint    ] Total time for which application threads were stopped: 0.0010040 seconds, Stopping threads took: 0.0005180 seconds
[2022-06-13T02:46:09.331+0000][1][safepoint    ] Application time: 0.0003447 seconds
[2022-06-13T02:46:09.331+0000][1][safepoint    ] Entering safepoint region: RevokeBias
[2022-06-13T02:46:09.332+0000][1][safepoint    ] Leaving safepoint region
[2022-06-13T02:46:09.332+0000][1][safepoint    ] Total time for which application threads were stopped: 0.0009684 seconds, Stopping threads took: 0.0004493 seconds
[2022-06-13T02:46:09.333+0000][1][safepoint    ] Application time: 0.0002755 seconds
[2022-06-13T02:46:09.333+0000][1][safepoint    ] Entering safepoint region: RevokeBias
[2022-06-13T02:46:09.334+0000][1][safepoint    ] Leaving safepoint region
[2022-06-13T02:46:09.335+0000][1][safepoint    ] Total time for which application threads were stopped: 0.0010363 seconds, Stopping threads took: 0.0005016 seconds
[2022-06-13T02:46:09.335+0000][1][safepoint    ] Application time: 0.0003220 seconds
[2022-06-13T02:46:09.336+0000][1][safepoint    ] Entering safepoint region: RevokeBias
[2022-06-13T02:46:09.336+0000][1][safepoint    ] Leaving safepoint region
[2022-06-13T02:46:09.337+0000][1][safepoint    ] Total time for which application threads were stopped: 0.0010030 seconds, Stopping threads took: 0.0004695 seconds
[2022-06-13T02:46:09.337+0000][1][safepoint    ] Application time: 0.0003050 seconds
[2022-06-13T02:46:09.338+0000][1][safepoint    ] Entering safepoint region: RevokeBias
[2022-06-13T02:46:09.339+0000][1][safepoint    ] Leaving safepoint region
[2022-06-13T02:46:09.339+0000][1][safepoint    ] Total time for which application threads were stopped: 0.0012331 seconds, Stopping threads took: 0.0006088 seconds
[2022-06-13T02:46:09.340+0000][1][safepoint    ] Application time: 0.0002611 seconds
[2022-06-13T02:46:09.341+0000][1][safepoint    ] Entering safepoint region: RevokeBias
[2022-06-13T02:46:09.341+0000][1][safepoint    ] Leaving safepoint region
[2022-06-13T02:46:09.342+0000][1][safepoint    ] Total time for which application threads were stopped: 0.0011471 seconds, Stopping threads took: 0.0006320 seconds
[2022-06-13T02:46:09.413+0000][1][safepoint    ] Application time: 0.0708566 seconds
[2022-06-13T02:46:09.413+0000][1][safepoint    ] Entering safepoint region: Deoptimize
[2022-06-13T02:46:09.414+0000][1][safepoint    ] Leaving safepoint region
[2022-06-13T02:46:09.414+0000][1][safepoint    ] Total time for which application threads were stopped: 0.0009778 seconds, Stopping threads took: 0.0002710 seconds
[2022-06-13T02:46:09.415+0000][1][safepoint    ] Application time: 0.0004913 seconds
[2022-06-13T02:46:09.416+0000][1][safepoint    ] Entering safepoint region: Deoptimize
[2022-06-13T02:46:09.416+0000][1][safepoint    ] Leaving safepoint region
[2022-06-13T02:46:09.416+0000][1][safepoint    ] Total time for which application threads were stopped: 0.0008758 seconds, Stopping threads took: 0.0002998 seconds
[2022-06-13T02:46:09.517+0000][1][safepoint    ] Application time: 0.1003966 seconds
[2022-06-13T02:46:09.518+0000][1][safepoint    ] Entering safepoint region: GenCollectForAllocation
[2022-06-13T02:46:09.518+0000][1][gc,start     ] GC(3) Pause Young (Allocation Failure)
[2022-06-13T02:46:09.519+0000][1][gc,task      ] GC(3) Using 5 workers of 13 for evacuation
[2022-06-13T02:46:09.521+0000][1][gc,age       ] GC(3) Desired survivor size 4456448 bytes, new threshold 3 (max threshold 6)
[2022-06-13T02:46:09.521+0000][1][gc,age       ] GC(3) Age table with threshold 3 (max threshold 6)
[2022-06-13T02:46:09.522+0000][1][gc,age       ] GC(3) - age   1:    3224296 bytes,    3224296 total
[2022-06-13T02:46:09.522+0000][1][gc,age       ] GC(3) - age   2:     319264 bytes,    3543560 total
[2022-06-13T02:46:09.523+0000][1][gc,age       ] GC(3) - age   3:    1202104 bytes,    4745664 total
[2022-06-13T02:46:09.523+0000][1][gc,heap      ] GC(3) ParNew: 74891K->5687K(78656K)
[2022-06-13T02:46:09.523+0000][1][gc,heap      ] GC(3) CMS: 6669K->6669K(174784K)
[2022-06-13T02:46:09.524+0000][1][gc,metaspace ] GC(3) Metaspace: 18451K->18451K(1067008K)
[2022-06-13T02:46:09.524+0000][1][gc           ] GC(3) Pause Young (Allocation Failure) 79M->12M(247M) 5.830ms
[2022-06-13T02:46:09.524+0000][1][gc,cpu       ] GC(3) User=0.03s Sys=0.00s Real=0.01s
[2022-06-13T02:46:09.525+0000][1][safepoint    ] Leaving safepoint region
[2022-06-13T02:46:09.525+0000][1][safepoint    ] Total time for which application threads were stopped: 0.0073305 seconds, Stopping threads took: 0.0004626 seconds
[2022-06-13T02:46:09.526+0000][1][safepoint    ] Application time: 0.0003833 seconds
[2022-06-13T02:46:09.526+0000][1][safepoint    ] Entering safepoint region: BulkRevokeBias
[2022-06-13T02:46:09.527+0000][1][safepoint    ] Leaving safepoint region
[2022-06-13T02:46:09.527+0000][1][safepoint    ] Total time for which application threads were stopped: 0.0010004 seconds, Stopping threads took: 0.0004880 seconds
[2022-06-13T02:46:09.528+0000][1][safepoint    ] Application time: 0.0001715 seconds
[2022-06-13T02:46:09.528+0000][1][safepoint    ] Entering safepoint region: RevokeBias
[2022-06-13T02:46:09.529+0000][1][safepoint    ] Leaving safepoint region
[2022-06-13T02:46:09.529+0000][1][safepoint    ] Total time for which application threads were stopped: 0.0009039 seconds, Stopping threads took: 0.0005764 seconds
[2022-06-13T02:46:09.530+0000][1][safepoint    ] Application time: 0.0002651 seconds
[2022-06-13T02:46:09.530+0000][1][safepoint    ] Entering safepoint region: RevokeBias
[2022-06-13T02:46:09.531+0000][1][safepoint    ] Leaving safepoint region
[2022-06-13T02:46:09.531+0000][1][safepoint    ] Total time for which application threads were stopped: 0.0007925 seconds, Stopping threads took: 0.0004106 seconds
[2022-06-13T02:46:09.531+0000][1][safepoint    ] Application time: 0.0002288 seconds
[2022-06-13T02:46:09.532+0000][1][safepoint    ] Entering safepoint region: RevokeBias
[2022-06-13T02:46:09.532+0000][1][safepoint    ] Leaving safepoint region
[2022-06-13T02:46:09.532+0000][1][safepoint    ] Total time for which application threads were stopped: 0.0003102 seconds, Stopping threads took: 0.0001828 seconds
[2022-06-13T02:46:09.532+0000][1][safepoint    ] Application time: 0.0000806 seconds
[2022-06-13T02:46:09.532+0000][1][safepoint    ] Entering safepoint region: RevokeBias
[2022-06-13T02:46:09.532+0000][1][safepoint    ] Leaving safepoint region
[2022-06-13T02:46:09.532+0000][1][safepoint    ] Total time for which application threads were stopped: 0.0001839 seconds, Stopping threads took: 0.0000852 seconds
[2022-06-13T02:46:09.532+0000][1][safepoint    ] Application time: 0.0000652 seconds
[2022-06-13T02:46:09.533+0000][1][safepoint    ] Entering safepoint region: RevokeBias
[2022-06-13T02:46:09.533+0000][1][safepoint    ] Leaving safepoint region
[2022-06-13T02:46:09.533+0000][1][safepoint    ] Total time for which application threads were stopped: 0.0001785 seconds, Stopping threads took: 0.0000804 seconds
[2022-06-13T02:46:09.533+0000][1][safepoint    ] Application time: 0.0000693 seconds
[2022-06-13T02:46:09.533+0000][1][safepoint    ] Entering safepoint region: RevokeBias
[2022-06-13T02:46:09.533+0000][1][safepoint    ] Leaving safepoint region
[2022-06-13T02:46:09.533+0000][1][safepoint    ] Total time for which application threads were stopped: 0.0001956 seconds, Stopping threads took: 0.0001011 seconds
[2022-06-13T02:46:09.533+0000][1][safepoint    ] Application time: 0.0000660 seconds
[2022-06-13T02:46:09.533+0000][1][safepoint    ] Entering safepoint region: RevokeBias
[2022-06-13T02:46:09.534+0000][1][safepoint    ] Leaving safepoint region
[2022-06-13T02:46:09.534+0000][1][safepoint    ] Total time for which application threads were stopped: 0.0001825 seconds, Stopping threads took: 0.0000815 seconds
[2022-06-13T02:46:09.534+0000][1][safepoint    ] Application time: 0.0000674 seconds
[2022-06-13T02:46:09.534+0000][1][safepoint    ] Entering safepoint region: RevokeBias
[2022-06-13T02:46:09.534+0000][1][safepoint    ] Leaving safepoint region
[2022-06-13T02:46:09.534+0000][1][safepoint    ] Total time for which application threads were stopped: 0.0001765 seconds, Stopping threads took: 0.0000792 seconds
[2022-06-13T02:46:09.534+0000][1][safepoint    ] Application time: 0.0000638 seconds
[2022-06-13T02:46:09.534+0000][1][safepoint    ] Entering safepoint region: RevokeBias
[2022-06-13T02:46:09.534+0000][1][safepoint    ] Leaving safepoint region
[2022-06-13T02:46:09.534+0000][1][safepoint    ] Total time for which application threads were stopped: 0.0001842 seconds, Stopping threads took: 0.0000848 seconds
[2022-06-13T02:46:09.535+0000][1][safepoint    ] Application time: 0.0000632 seconds
[2022-06-13T02:46:09.535+0000][1][safepoint    ] Entering safepoint region: RevokeBias
[2022-06-13T02:46:09.535+0000][1][safepoint    ] Leaving safepoint region
[2022-06-13T02:46:09.535+0000][1][safepoint    ] Total time for which application threads were stopped: 0.0002189 seconds, Stopping threads took: 0.0001158 seconds
[2022-06-13T02:46:09.535+0000][1][safepoint    ] Application time: 0.0000661 seconds
[2022-06-13T02:46:09.535+0000][1][safepoint    ] Entering safepoint region: RevokeBias
[2022-06-13T02:46:09.535+0000][1][safepoint    ] Leaving safepoint region
[2022-06-13T02:46:09.535+0000][1][safepoint    ] Total time for which application threads were stopped: 0.0001774 seconds, Stopping threads took: 0.0000801 seconds
[2022-06-13T02:46:09.535+0000][1][safepoint    ] Application time: 0.0000681 seconds
[2022-06-13T02:46:09.536+0000][1][safepoint    ] Entering safepoint region: RevokeBias
[2022-06-13T02:46:09.536+0000][1][safepoint    ] Leaving safepoint region
[2022-06-13T02:46:09.536+0000][1][safepoint    ] Total time for which application threads were stopped: 0.0001897 seconds, Stopping threads took: 0.0000842 seconds
[2022-06-13T02:46:09.536+0000][1][safepoint    ] Application time: 0.0000659 seconds
[2022-06-13T02:46:09.536+0000][1][safepoint    ] Entering safepoint region: RevokeBias
[2022-06-13T02:46:09.536+0000][1][safepoint    ] Leaving safepoint region
[2022-06-13T02:46:09.536+0000][1][safepoint    ] Total time for which application threads were stopped: 0.0001776 seconds, Stopping threads took: 0.0000795 seconds
[2022-06-13T02:46:09.536+0000][1][safepoint    ] Application time: 0.0000644 seconds
[2022-06-13T02:46:09.536+0000][1][safepoint    ] Entering safepoint region: RevokeBias
[2022-06-13T02:46:09.537+0000][1][safepoint    ] Leaving safepoint region
[2022-06-13T02:46:09.537+0000][1][safepoint    ] Total time for which application threads were stopped: 0.0001821 seconds, Stopping threads took: 0.0000830 seconds
[2022-06-13T02:46:09.537+0000][1][safepoint    ] Application time: 0.0000847 seconds
[2022-06-13T02:46:09.537+0000][1][safepoint    ] Entering safepoint region: RevokeBias
[2022-06-13T02:46:09.537+0000][1][safepoint    ] Leaving safepoint region
[2022-06-13T02:46:09.537+0000][1][safepoint    ] Total time for which application threads were stopped: 0.0001876 seconds, Stopping threads took: 0.0000845 seconds
[2022-06-13T02:46:09.537+0000][1][safepoint    ] Application time: 0.0000706 seconds
[2022-06-13T02:46:09.537+0000][1][safepoint    ] Entering safepoint region: RevokeBias
[2022-06-13T02:46:09.537+0000][1][safepoint    ] Leaving safepoint region
[2022-06-13T02:46:09.538+0000][1][safepoint    ] Total time for which application threads were stopped: 0.0001821 seconds, Stopping threads took: 0.0000792 seconds
[2022-06-13T02:46:09.538+0000][1][safepoint    ] Application time: 0.0000946 seconds
[2022-06-13T02:46:09.538+0000][1][safepoint    ] Entering safepoint region: RevokeBias
[2022-06-13T02:46:09.538+0000][1][safepoint    ] Leaving safepoint region
[2022-06-13T02:46:09.538+0000][1][safepoint    ] Total time for which application threads were stopped: 0.0001793 seconds, Stopping threads took: 0.0000794 seconds
[2022-06-13T02:46:09.538+0000][1][safepoint    ] Application time: 0.0000592 seconds
[2022-06-13T02:46:09.538+0000][1][safepoint    ] Entering safepoint region: RevokeBias
[2022-06-13T02:46:09.538+0000][1][safepoint    ] Leaving safepoint region
[2022-06-13T02:46:09.538+0000][1][safepoint    ] Total time for which application threads were stopped: 0.0001845 seconds, Stopping threads took: 0.0000855 seconds
[2022-06-13T02:46:09.539+0000][1][safepoint    ] Application time: 0.0000688 seconds
[2022-06-13T02:46:09.539+0000][1][safepoint    ] Entering safepoint region: RevokeBias
[2022-06-13T02:46:09.539+0000][1][safepoint    ] Leaving safepoint region
[2022-06-13T02:46:09.539+0000][1][safepoint    ] Total time for which application threads were stopped: 0.0002426 seconds, Stopping threads took: 0.0000862 seconds
[2022-06-13T02:46:09.539+0000][1][safepoint    ] Application time: 0.0000683 seconds
[2022-06-13T02:46:09.539+0000][1][safepoint    ] Entering safepoint region: RevokeBias
[2022-06-13T02:46:09.540+0000][1][safepoint    ] Leaving safepoint region
[2022-06-13T02:46:09.540+0000][1][safepoint    ] Total time for which application threads were stopped: 0.0002393 seconds, Stopping threads took: 0.0001198 seconds
[2022-06-13T02:46:09.612+0000][1][safepoint    ] Application time: 0.0726073 seconds
[2022-06-13T02:46:09.613+0000][1][safepoint    ] Entering safepoint region: GenCollectForAllocation
[2022-06-13T02:46:09.613+0000][1][gc,start     ] GC(4) Pause Young (Allocation Failure)
[2022-06-13T02:46:09.613+0000][1][gc,task      ] GC(4) Using 5 workers of 13 for evacuation
[2022-06-13T02:46:09.616+0000][1][gc,age       ] GC(4) Desired survivor size 4456448 bytes, new threshold 2 (max threshold 6)
[2022-06-13T02:46:09.616+0000][1][gc,age       ] GC(4) Age table with threshold 2 (max threshold 6)
[2022-06-13T02:46:09.616+0000][1][gc,age       ] GC(4) - age   1:    1297536 bytes,    1297536 total
[2022-06-13T02:46:09.616+0000][1][gc,age       ] GC(4) - age   2:    3182544 bytes,    4480080 total
[2022-06-13T02:46:09.617+0000][1][gc,age       ] GC(4) - age   3:     318736 bytes,    4798816 total
[2022-06-13T02:46:09.617+0000][1][gc,heap      ] GC(4) ParNew: 75639K->6929K(78656K)
[2022-06-13T02:46:09.617+0000][1][gc,heap      ] GC(4) CMS: 6669K->7860K(174784K)
[2022-06-13T02:46:09.617+0000][1][gc,metaspace ] GC(4) Metaspace: 18807K->18807K(1067008K)
[2022-06-13T02:46:09.618+0000][1][gc           ] GC(4) Pause Young (Allocation Failure) 80M->14M(247M) 4.889ms
[2022-06-13T02:46:09.618+0000][1][gc,cpu       ] GC(4) User=0.02s Sys=0.01s Real=0.00s
[2022-06-13T02:46:09.618+0000][1][safepoint    ] Leaving safepoint region
[2022-06-13T02:46:09.619+0000][1][safepoint    ] Total time for which application threads were stopped: 0.0059963 seconds, Stopping threads took: 0.0001117 seconds
[2022-06-13T02:46:09.619+0000][1][safepoint    ] Application time: 0.0002344 seconds
[2022-06-13T02:46:09.619+0000][1][safepoint    ] Entering safepoint region: RevokeBias
[2022-06-13T02:46:09.619+0000][1][safepoint    ] Leaving safepoint region
[2022-06-13T02:46:09.620+0000][1][safepoint    ] Total time for which application threads were stopped: 0.0005929 seconds, Stopping threads took: 0.0003381 seconds
[2022-06-13T02:46:09.620+0000][1][safepoint    ] Application time: 0.0000937 seconds
[2022-06-13T02:46:09.620+0000][1][safepoint    ] Entering safepoint region: RevokeBias
[2022-06-13T02:46:09.620+0000][1][safepoint    ] Leaving safepoint region
[2022-06-13T02:46:09.621+0000][1][safepoint    ] Total time for which application threads were stopped: 0.0004989 seconds, Stopping threads took: 0.0001845 seconds
[2022-06-13T02:46:09.621+0000][1][safepoint    ] Application time: 0.0001756 seconds
[2022-06-13T02:46:09.622+0000][1][safepoint    ] Entering safepoint region: RevokeBias
[2022-06-13T02:46:09.622+0000][1][safepoint    ] Leaving safepoint region
[2022-06-13T02:46:09.622+0000][1][safepoint    ] Total time for which application threads were stopped: 0.0009599 seconds, Stopping threads took: 0.0005156 seconds
[2022-06-13T02:46:09.623+0000][1][safepoint    ] Application time: 0.0000973 seconds
[2022-06-13T02:46:09.623+0000][1][safepoint    ] Entering safepoint region: RevokeBias
[2022-06-13T02:46:09.624+0000][1][safepoint    ] Leaving safepoint region
[2022-06-13T02:46:09.624+0000][1][safepoint    ] Total time for which application threads were stopped: 0.0008539 seconds, Stopping threads took: 0.0005105 seconds
[2022-06-13T02:46:09.640+0000][1][safepoint    ] Application time: 0.0157915 seconds
[2022-06-13T02:46:09.641+0000][1][safepoint    ] Entering safepoint region: Deoptimize
[2022-06-13T02:46:09.641+0000][1][safepoint    ] Leaving safepoint region
[2022-06-13T02:46:09.641+0000][1][safepoint    ] Total time for which application threads were stopped: 0.0008729 seconds, Stopping threads took: 0.0002951 seconds
[2022-06-13T02:46:09.664+0000][1][safepoint    ] Application time: 0.0228817 seconds
[2022-06-13T02:46:09.665+0000][1][safepoint    ] Entering safepoint region: Deoptimize
[2022-06-13T02:46:09.665+0000][1][safepoint    ] Leaving safepoint region
[2022-06-13T02:46:09.666+0000][1][safepoint    ] Total time for which application threads were stopped: 0.0007973 seconds, Stopping threads took: 0.0001631 seconds
[2022-06-13T02:46:09.712+0000][1][safepoint    ] Application time: 0.0459724 seconds
[2022-06-13T02:46:09.712+0000][1][safepoint    ] Entering safepoint region: GenCollectForAllocation
[2022-06-13T02:46:09.712+0000][1][gc,start     ] GC(5) Pause Young (Allocation Failure)
[2022-06-13T02:46:09.713+0000][1][gc,task      ] GC(5) Using 5 workers of 13 for evacuation
[2022-06-13T02:46:09.716+0000][1][gc,age       ] GC(5) Desired survivor size 4456448 bytes, new threshold 6 (max threshold 6)
[2022-06-13T02:46:09.716+0000][1][gc,age       ] GC(5) Age table with threshold 6 (max threshold 6)
[2022-06-13T02:46:09.716+0000][1][gc,age       ] GC(5) - age   1:    2177312 bytes,    2177312 total
[2022-06-13T02:46:09.716+0000][1][gc,age       ] GC(5) - age   2:     567792 bytes,    2745104 total
[2022-06-13T02:46:09.716+0000][1][gc,heap      ] GC(5) ParNew: 76881K->5393K(78656K)
[2022-06-13T02:46:09.716+0000][1][gc,heap      ] GC(5) CMS: 7860K->11304K(174784K)
[2022-06-13T02:46:09.717+0000][1][gc,metaspace ] GC(5) Metaspace: 19098K->19098K(1067008K)
[2022-06-13T02:46:09.717+0000][1][gc           ] GC(5) Pause Young (Allocation Failure) 82M->16M(247M) 4.647ms
[2022-06-13T02:46:09.717+0000][1][gc,cpu       ] GC(5) User=0.02s Sys=0.00s Real=0.00s
[2022-06-13T02:46:09.718+0000][1][safepoint    ] Leaving safepoint region
[2022-06-13T02:46:09.718+0000][1][safepoint    ] Total time for which application threads were stopped: 0.0058360 seconds, Stopping threads took: 0.0002816 seconds
[2022-06-13T02:46:09.719+0000][1][safepoint    ] Application time: 0.0003414 seconds
[2022-06-13T02:46:09.719+0000][1][safepoint    ] Entering safepoint region: RevokeBias
[2022-06-13T02:46:09.719+0000][1][safepoint    ] Leaving safepoint region
[2022-06-13T02:46:09.720+0000][1][safepoint    ] Total time for which application threads were stopped: 0.0007583 seconds, Stopping threads took: 0.0005117 seconds
[2022-06-13T02:46:09.720+0000][1][safepoint    ] Application time: 0.0000915 seconds
[2022-06-13T02:46:09.720+0000][1][safepoint    ] Entering safepoint region: RevokeBias
[2022-06-13T02:46:09.721+0000][1][safepoint    ] Leaving safepoint region
[2022-06-13T02:46:09.721+0000][1][safepoint    ] Total time for which application threads were stopped: 0.0007102 seconds, Stopping threads took: 0.0003887 seconds
[2022-06-13T02:46:09.721+0000][1][safepoint    ] Application time: 0.0001466 seconds
[2022-06-13T02:46:09.721+0000][1][safepoint    ] Entering safepoint region: RevokeBias
[2022-06-13T02:46:09.722+0000][1][safepoint    ] Leaving safepoint region
[2022-06-13T02:46:09.722+0000][1][safepoint    ] Total time for which application threads were stopped: 0.0004648 seconds, Stopping threads took: 0.0002100 seconds
[2022-06-13T02:46:09.722+0000][1][safepoint    ] Application time: 0.0000856 seconds
[2022-06-13T02:46:09.722+0000][1][safepoint    ] Entering safepoint region: RevokeBias
[2022-06-13T02:46:09.723+0000][1][safepoint    ] Leaving safepoint region
[2022-06-13T02:46:09.723+0000][1][safepoint    ] Total time for which application threads were stopped: 0.0003171 seconds, Stopping threads took: 0.0001677 seconds
[2022-06-13T02:46:09.723+0000][1][safepoint    ] Application time: 0.0000803 seconds
[2022-06-13T02:46:09.723+0000][1][safepoint    ] Entering safepoint region: RevokeBias
[2022-06-13T02:46:09.723+0000][1][safepoint    ] Leaving safepoint region
[2022-06-13T02:46:09.723+0000][1][safepoint    ] Total time for which application threads were stopped: 0.0003541 seconds, Stopping threads took: 0.0001777 seconds
[2022-06-13T02:46:09.724+0000][1][safepoint    ] Application time: 0.0000903 seconds
[2022-06-13T02:46:09.724+0000][1][safepoint    ] Entering safepoint region: RevokeBias
[2022-06-13T02:46:09.724+0000][1][safepoint    ] Leaving safepoint region
[2022-06-13T02:46:09.724+0000][1][safepoint    ] Total time for which application threads were stopped: 0.0003347 seconds, Stopping threads took: 0.0001762 seconds
[2022-06-13T02:46:09.790+0000][1][safepoint    ] Application time: 0.0662099 seconds
[2022-06-13T02:46:09.791+0000][1][safepoint    ] Entering safepoint region: GenCollectForAllocation
[2022-06-13T02:46:09.791+0000][1][gc,start     ] GC(6) Pause Young (Allocation Failure)
[2022-06-13T02:46:09.791+0000][1][gc,task      ] GC(6) Using 5 workers of 13 for evacuation
[2022-06-13T02:46:09.792+0000][1][gc,age       ] GC(6) Desired survivor size 4456448 bytes, new threshold 6 (max threshold 6)
[2022-06-13T02:46:09.792+0000][1][gc,age       ] GC(6) Age table with threshold 6 (max threshold 6)
[2022-06-13T02:46:09.793+0000][1][gc,age       ] GC(6) - age   1:    1163536 bytes,    1163536 total
[2022-06-13T02:46:09.793+0000][1][gc,age       ] GC(6) - age   2:    2164080 bytes,    3327616 total
[2022-06-13T02:46:09.793+0000][1][gc,age       ] GC(6) - age   3:     567792 bytes,    3895408 total
[2022-06-13T02:46:09.793+0000][1][gc,heap      ] GC(6) ParNew: 75345K->5005K(78656K)
[2022-06-13T02:46:09.793+0000][1][gc,heap      ] GC(6) CMS: 11304K->11304K(174784K)
[2022-06-13T02:46:09.793+0000][1][gc,metaspace ] GC(6) Metaspace: 19387K->19387K(1067008K)
[2022-06-13T02:46:09.793+0000][1][gc           ] GC(6) Pause Young (Allocation Failure) 84M->15M(247M) 2.168ms
[2022-06-13T02:46:09.793+0000][1][gc,cpu       ] GC(6) User=0.01s Sys=0.00s Real=0.00s
[2022-06-13T02:46:09.793+0000][1][safepoint    ] Leaving safepoint region
[2022-06-13T02:46:09.793+0000][1][safepoint    ] Total time for which application threads were stopped: 0.0026634 seconds, Stopping threads took: 0.0001488 seconds
[2022-06-13T02:46:09.794+0000][1][safepoint    ] Application time: 0.0001911 seconds
[2022-06-13T02:46:09.794+0000][1][safepoint    ] Entering safepoint region: RevokeBias
[2022-06-13T02:46:09.794+0000][1][safepoint    ] Leaving safepoint region
[2022-06-13T02:46:09.794+0000][1][safepoint    ] Total time for which application threads were stopped: 0.0003390 seconds, Stopping threads took: 0.0001734 seconds
[2022-06-13T02:46:09.794+0000][1][safepoint    ] Application time: 0.0000697 seconds
[2022-06-13T02:46:09.794+0000][1][safepoint    ] Entering safepoint region: BulkRevokeBias
[2022-06-13T02:46:09.795+0000][1][safepoint    ] Leaving safepoint region
[2022-06-13T02:46:09.795+0000][1][safepoint    ] Total time for which application threads were stopped: 0.0002356 seconds, Stopping threads took: 0.0000942 seconds
[2022-06-13T02:46:09.795+0000][1][safepoint    ] Application time: 0.0000891 seconds
[2022-06-13T02:46:09.795+0000][1][safepoint    ] Entering safepoint region: BulkRevokeBias
[2022-06-13T02:46:09.795+0000][1][safepoint    ] Leaving safepoint region
[2022-06-13T02:46:09.795+0000][1][safepoint    ] Total time for which application threads were stopped: 0.0002578 seconds, Stopping threads took: 0.0001208 seconds
[2022-06-13T02:46:09.846+0000][1][safepoint    ] Application time: 0.0509452 seconds
[2022-06-13T02:46:09.847+0000][1][safepoint    ] Entering safepoint region: GenCollectForAllocation
[2022-06-13T02:46:09.847+0000][1][gc,start     ] GC(7) Pause Young (Allocation Failure)
[2022-06-13T02:46:09.847+0000][1][gc,task      ] GC(7) Using 5 workers of 13 for evacuation
[2022-06-13T02:46:09.849+0000][1][gc,age       ] GC(7) Desired survivor size 4456448 bytes, new threshold 6 (max threshold 6)
[2022-06-13T02:46:09.849+0000][1][gc,age       ] GC(7) Age table with threshold 6 (max threshold 6)
[2022-06-13T02:46:09.849+0000][1][gc,age       ] GC(7) - age   1:     462696 bytes,     462696 total
[2022-06-13T02:46:09.849+0000][1][gc,age       ] GC(7) - age   2:    1151120 bytes,    1613816 total
[2022-06-13T02:46:09.849+0000][1][gc,age       ] GC(7) - age   3:    2164080 bytes,    3777896 total
[2022-06-13T02:46:09.849+0000][1][gc,age       ] GC(7) - age   4:     567792 bytes,    4345688 total
[2022-06-13T02:46:09.850+0000][1][gc,heap      ] GC(7) ParNew: 74957K->5511K(78656K)
[2022-06-13T02:46:09.850+0000][1][gc,heap      ] GC(7) CMS: 11304K->11304K(174784K)
[2022-06-13T02:46:09.850+0000][1][gc,metaspace ] GC(7) Metaspace: 19710K->19710K(1067008K)
[2022-06-13T02:46:09.850+0000][1][gc           ] GC(7) Pause Young (Allocation Failure) 84M->16M(247M) 3.303ms
[2022-06-13T02:46:09.850+0000][1][gc,cpu       ] GC(7) User=0.05s Sys=0.00s Real=0.01s
[2022-06-13T02:46:09.850+0000][1][safepoint    ] Leaving safepoint region
[2022-06-13T02:46:09.851+0000][1][safepoint    ] Total time for which application threads were stopped: 0.0041665 seconds, Stopping threads took: 0.0003041 seconds
[2022-06-13T02:46:09.869+0000][1][safepoint    ] Application time: 0.0178784 seconds
[2022-06-13T02:46:09.869+0000][1][safepoint    ] Entering safepoint region: CollectForMetadataAllocation
[2022-06-13T02:46:09.869+0000][1][safepoint    ] Leaving safepoint region
[2022-06-13T02:46:09.870+0000][1][safepoint    ] Total time for which application threads were stopped: 0.0007185 seconds, Stopping threads took: 0.0002980 seconds
[2022-06-13T02:46:09.880+0000][1][safepoint    ] Application time: 0.0099581 seconds
[2022-06-13T02:46:09.880+0000][1][safepoint    ] Entering safepoint region: CollectForMetadataAllocation
[2022-06-13T02:46:09.881+0000][1][safepoint    ] Leaving safepoint region
[2022-06-13T02:46:09.881+0000][1][safepoint    ] Total time for which application threads were stopped: 0.0005348 seconds, Stopping threads took: 0.0002180 seconds
[2022-06-13T02:46:09.945+0000][1][safepoint    ] Application time: 0.0640177 seconds
[2022-06-13T02:46:09.946+0000][1][safepoint    ] Entering safepoint region: GenCollectForAllocation
[2022-06-13T02:46:09.946+0000][1][gc,start     ] GC(8) Pause Young (Allocation Failure)
[2022-06-13T02:46:09.946+0000][1][gc,task      ] GC(8) Using 5 workers of 13 for evacuation
[2022-06-13T02:46:09.949+0000][1][gc,age       ] GC(8) Desired survivor size 4456448 bytes, new threshold 4 (max threshold 6)
[2022-06-13T02:46:09.949+0000][1][gc,age       ] GC(8) Age table with threshold 4 (max threshold 6)
[2022-06-13T02:46:09.950+0000][1][gc,age       ] GC(8) - age   1:    2298152 bytes,    2298152 total
[2022-06-13T02:46:09.950+0000][1][gc,age       ] GC(8) - age   2:     444696 bytes,    2742848 total
[2022-06-13T02:46:09.950+0000][1][gc,age       ] GC(8) - age   3:    1150976 bytes,    3893824 total
[2022-06-13T02:46:09.950+0000][1][gc,age       ] GC(8) - age   4:    2161864 bytes,    6055688 total
[2022-06-13T02:46:09.950+0000][1][gc,age       ] GC(8) - age   5:     567792 bytes,    6623480 total
[2022-06-13T02:46:09.950+0000][1][gc,heap      ] GC(8) ParNew: 75463K->8704K(78656K)
[2022-06-13T02:46:09.951+0000][1][gc,heap      ] GC(8) CMS: 11304K->11304K(174784K)
[2022-06-13T02:46:09.951+0000][1][gc,metaspace ] GC(8) Metaspace: 20508K->20508K(1069056K)
[2022-06-13T02:46:09.951+0000][1][gc           ] GC(8) Pause Young (Allocation Failure) 84M->19M(247M) 5.004ms
[2022-06-13T02:46:09.951+0000][1][gc,cpu       ] GC(8) User=0.03s Sys=0.00s Real=0.01s
[2022-06-13T02:46:09.951+0000][1][safepoint    ] Leaving safepoint region
[2022-06-13T02:46:09.952+0000][1][safepoint    ] Total time for which application threads were stopped: 0.0060496 seconds, Stopping threads took: 0.0003129 seconds
[2022-06-13T02:46:09.952+0000][1][safepoint    ] Application time: 0.0002723 seconds
[2022-06-13T02:46:09.952+0000][1][safepoint    ] Entering safepoint region: CMS_Initial_Mark
[2022-06-13T02:46:09.953+0000][1][gc,start     ] GC(9) Pause Initial Mark
[2022-06-13T02:46:09.953+0000][1][gc           ] GC(9) Pause Initial Mark 20M->20M(247M) 0.915ms
[2022-06-13T02:46:09.954+0000][1][gc,cpu       ] GC(9) User=0.00s Sys=0.00s Real=0.00s
[2022-06-13T02:46:09.954+0000][1][safepoint    ] Leaving safepoint region
[2022-06-13T02:46:09.954+0000][1][safepoint    ] Total time for which application threads were stopped: 0.0018385 seconds, Stopping threads took: 0.0002116 seconds
[2022-06-13T02:46:09.954+0000][1][gc           ] GC(9) Concurrent Mark
[2022-06-13T02:46:09.955+0000][1][gc,task      ] GC(9) Using 4 workers of 4 for marking
[2022-06-13T02:46:09.959+0000][1][gc           ] GC(9) Concurrent Mark 4.116ms
[2022-06-13T02:46:09.959+0000][1][gc,cpu       ] GC(9) User=0.02s Sys=0.00s Real=0.00s
[2022-06-13T02:46:09.959+0000][1][gc           ] GC(9) Concurrent Preclean
[2022-06-13T02:46:09.959+0000][1][gc           ] GC(9) Concurrent Preclean 0.491ms
[2022-06-13T02:46:09.960+0000][1][gc,cpu       ] GC(9) User=0.02s Sys=0.00s Real=0.01s
[2022-06-13T02:46:09.960+0000][1][gc           ] GC(9) Concurrent Abortable Preclean
[2022-06-13T02:46:10.010+0000][1][safepoint    ] Application time: 0.0557269 seconds
[2022-06-13T02:46:10.010+0000][1][safepoint    ] Entering safepoint region: GenCollectForAllocation
[2022-06-13T02:46:10.011+0000][1][gc,start     ] GC(10) Pause Young (Allocation Failure)
[2022-06-13T02:46:10.011+0000][1][gc,task      ] GC(10) Using 5 workers of 13 for evacuation
[2022-06-13T02:46:10.013+0000][1][gc,age       ] GC(10) Desired survivor size 4456448 bytes, new threshold 6 (max threshold 6)
[2022-06-13T02:46:10.013+0000][1][gc,age       ] GC(10) Age table with threshold 6 (max threshold 6)
[2022-06-13T02:46:10.013+0000][1][gc,age       ] GC(10) - age   1:     401400 bytes,     401400 total
[2022-06-13T02:46:10.013+0000][1][gc,age       ] GC(10) - age   2:     527224 bytes,     928624 total
[2022-06-13T02:46:10.014+0000][1][gc,age       ] GC(10) - age   3:     444576 bytes,    1373200 total
[2022-06-13T02:46:10.014+0000][1][gc,age       ] GC(10) - age   4:    1150976 bytes,    2524176 total
[2022-06-13T02:46:10.014+0000][1][gc,heap      ] GC(10) ParNew: 78656K->5423K(78656K)
[2022-06-13T02:46:10.014+0000][1][gc,heap      ] GC(10) CMS: 11304K->13993K(174784K)
[2022-06-13T02:46:10.014+0000][1][gc,metaspace ] GC(10) Metaspace: 20625K->20625K(1069056K)
[2022-06-13T02:46:10.014+0000][1][gc           ] GC(10) Pause Young (Allocation Failure) 87M->18M(247M) 3.518ms
[2022-06-13T02:46:10.014+0000][1][gc,cpu       ] GC(10) User=0.01s Sys=0.00s Real=0.00s
[2022-06-13T02:46:10.014+0000][1][safepoint    ] Leaving safepoint region
[2022-06-13T02:46:10.014+0000][1][safepoint    ] Total time for which application threads were stopped: 0.0039693 seconds, Stopping threads took: 0.0001356 seconds
[2022-06-13T02:46:10.065+0000][1][safepoint    ] Application time: 0.0509157 seconds
[2022-06-13T02:46:10.066+0000][1][safepoint    ] Entering safepoint region: GenCollectForAllocation
[2022-06-13T02:46:10.066+0000][1][gc,start     ] GC(11) Pause Young (Allocation Failure)
[2022-06-13T02:46:10.066+0000][1][gc,task      ] GC(11) Using 5 workers of 13 for evacuation
[2022-06-13T02:46:10.068+0000][1][gc,age       ] GC(11) Desired survivor size 4456448 bytes, new threshold 6 (max threshold 6)
[2022-06-13T02:46:10.069+0000][1][gc,age       ] GC(11) Age table with threshold 6 (max threshold 6)
[2022-06-13T02:46:10.069+0000][1][gc,age       ] GC(11) - age   1:    1169632 bytes,    1169632 total
[2022-06-13T02:46:10.070+0000][1][gc,age       ] GC(11) - age   2:     132752 bytes,    1302384 total
[2022-06-13T02:46:10.070+0000][1][gc,age       ] GC(11) - age   3:     527176 bytes,    1829560 total
[2022-06-13T02:46:10.070+0000][1][gc,age       ] GC(11) - age   4:     444472 bytes,    2274032 total
[2022-06-13T02:46:10.071+0000][1][gc,age       ] GC(11) - age   5:    1150688 bytes,    3424720 total
[2022-06-13T02:46:10.071+0000][1][gc,heap      ] GC(11) ParNew: 75375K->4186K(78656K)
[2022-06-13T02:46:10.072+0000][1][gc,heap      ] GC(11) CMS: 13993K->13993K(174784K)
[2022-06-13T02:46:10.072+0000][1][gc,metaspace ] GC(11) Metaspace: 20704K->20704K(1069056K)
[2022-06-13T02:46:10.072+0000][1][gc           ] GC(11) Pause Young (Allocation Failure) 87M->17M(247M) 6.087ms
[2022-06-13T02:46:10.073+0000][1][gc,cpu       ] GC(11) User=0.04s Sys=0.00s Real=0.01s
[2022-06-13T02:46:10.073+0000][1][safepoint    ] Leaving safepoint region
[2022-06-13T02:46:10.074+0000][1][safepoint    ] Total time for which application threads were stopped: 0.0078545 seconds, Stopping threads took: 0.0002998 seconds
[2022-06-13T02:46:10.106+0000][1][safepoint    ] Application time: 0.0317188 seconds
[2022-06-13T02:46:10.106+0000][1][safepoint    ] Entering safepoint region: CollectForMetadataAllocation
[2022-06-13T02:46:10.107+0000][1][safepoint    ] Leaving safepoint region
[2022-06-13T02:46:10.107+0000][1][safepoint    ] Total time for which application threads were stopped: 0.0006883 seconds, Stopping threads took: 0.0003325 seconds
[2022-06-13T02:46:10.114+0000][1][safepoint    ] Application time: 0.0064798 seconds
[2022-06-13T02:46:10.114+0000][1][safepoint    ] Entering safepoint region: Deoptimize
[2022-06-13T02:46:10.115+0000][1][safepoint    ] Leaving safepoint region
[2022-06-13T02:46:10.115+0000][1][safepoint    ] Total time for which application threads were stopped: 0.0012030 seconds, Stopping threads took: 0.0003998 seconds
[2022-06-13T02:46:10.125+0000][1][safepoint    ] Application time: 0.0087645 seconds
[2022-06-13T02:46:10.125+0000][1][safepoint    ] Entering safepoint region: CollectForMetadataAllocation
[2022-06-13T02:46:10.126+0000][1][safepoint    ] Leaving safepoint region
[2022-06-13T02:46:10.126+0000][1][safepoint    ] Total time for which application threads were stopped: 0.0007931 seconds, Stopping threads took: 0.0003781 seconds
[2022-06-13T02:46:10.126+0000][1][gc           ] GC(9) Concurrent Abortable Preclean 166.564ms
[2022-06-13T02:46:10.127+0000][1][gc,cpu       ] GC(9) User=0.74s Sys=0.02s Real=0.16s
[2022-06-13T02:46:10.127+0000][1][safepoint    ] Application time: 0.0009555 seconds
[2022-06-13T02:46:10.127+0000][1][safepoint    ] Entering safepoint region: CMS_Final_Remark
[2022-06-13T02:46:10.128+0000][1][gc,start     ] GC(9) Pause Remark
[2022-06-13T02:46:10.138+0000][1][gc           ] GC(9) Pause Remark 59M->59M(247M) 10.393ms
[2022-06-13T02:46:10.138+0000][1][gc,cpu       ] GC(9) User=0.05s Sys=0.00s Real=0.01s
[2022-06-13T02:46:10.139+0000][1][safepoint    ] Leaving safepoint region
[2022-06-13T02:46:10.139+0000][1][safepoint    ] Total time for which application threads were stopped: 0.0115614 seconds, Stopping threads took: 0.0002052 seconds
[2022-06-13T02:46:10.139+0000][1][gc           ] GC(9) Concurrent Sweep
[2022-06-13T02:46:10.144+0000][1][gc           ] GC(9) Concurrent Sweep 4.775ms
[2022-06-13T02:46:10.145+0000][1][gc,cpu       ] GC(9) User=0.00s Sys=0.00s Real=0.00s
[2022-06-13T02:46:10.145+0000][1][gc           ] GC(9) Concurrent Reset
[2022-06-13T02:46:10.146+0000][1][gc           ] GC(9) Concurrent Reset 0.567ms
[2022-06-13T02:46:10.146+0000][1][gc,cpu       ] GC(9) User=0.00s Sys=0.00s Real=0.00s
[2022-06-13T02:46:10.146+0000][1][gc,heap      ] GC(9) Old: 11304K->13968K(174784K)
[2022-06-13T02:46:10.317+0000][1][safepoint    ] Application time: 0.1776751 seconds
[2022-06-13T02:46:10.317+0000][1][safepoint    ] Entering safepoint region: GenCollectForAllocation
[2022-06-13T02:46:10.318+0000][1][gc,start     ] GC(12) Pause Young (Allocation Failure)
[2022-06-13T02:46:10.319+0000][1][gc,task      ] GC(12) Using 5 workers of 13 for evacuation
[2022-06-13T02:46:10.321+0000][1][gc,age       ] GC(12) Desired survivor size 4456448 bytes, new threshold 6 (max threshold 6)
[2022-06-13T02:46:10.321+0000][1][gc,age       ] GC(12) Age table with threshold 6 (max threshold 6)
[2022-06-13T02:46:10.322+0000][1][gc,age       ] GC(12) - age   1:    1420424 bytes,    1420424 total
[2022-06-13T02:46:10.322+0000][1][gc,age       ] GC(12) - age   2:     345064 bytes,    1765488 total
[2022-06-13T02:46:10.322+0000][1][gc,age       ] GC(12) - age   3:     132504 bytes,    1897992 total
[2022-06-13T02:46:10.322+0000][1][gc,age       ] GC(12) - age   4:     527176 bytes,    2425168 total
[2022-06-13T02:46:10.323+0000][1][gc,age       ] GC(12) - age   5:     442216 bytes,    2867384 total
[2022-06-13T02:46:10.323+0000][1][gc,age       ] GC(12) - age   6:    1150568 bytes,    4017952 total
[2022-06-13T02:46:10.323+0000][1][gc,heap      ] GC(12) ParNew: 74138K->5944K(78656K)
[2022-06-13T02:46:10.323+0000][1][gc,heap      ] GC(12) CMS: 13968K->13968K(174784K)
[2022-06-13T02:46:10.324+0000][1][gc,metaspace ] GC(12) Metaspace: 25336K->25336K(1073152K)
[2022-06-13T02:46:10.324+0000][1][gc           ] GC(12) Pause Young (Allocation Failure) 86M->19M(247M) 5.894ms
[2022-06-13T02:46:10.324+0000][1][gc,cpu       ] GC(12) User=0.00s Sys=0.01s Real=0.01s
[2022-06-13T02:46:10.324+0000][1][safepoint    ] Leaving safepoint region
[2022-06-13T02:46:10.325+0000][1][safepoint    ] Total time for which application threads were stopped: 0.0073332 seconds, Stopping threads took: 0.0003569 seconds
[2022-06-13T02:46:10.335+0000][1][safepoint    ] Application time: 0.0100750 seconds
[2022-06-13T02:46:10.335+0000][1][safepoint    ] Entering safepoint region: Deoptimize
[2022-06-13T02:46:10.336+0000][1][safepoint    ] Leaving safepoint region
[2022-06-13T02:46:10.336+0000][1][safepoint    ] Total time for which application threads were stopped: 0.0007719 seconds, Stopping threads took: 0.0002494 seconds
[2022-06-13T02:46:10.337+0000][1][safepoint    ] Application time: 0.0004619 seconds
[2022-06-13T02:46:10.337+0000][1][safepoint    ] Entering safepoint region: Deoptimize
[2022-06-13T02:46:10.338+0000][1][safepoint    ] Leaving safepoint region
[2022-06-13T02:46:10.338+0000][1][safepoint    ] Total time for which application threads were stopped: 0.0007855 seconds, Stopping threads took: 0.0002472 seconds
[2022-06-13T02:46:10.344+0000][1][safepoint    ] Application time: 0.0055502 seconds
[2022-06-13T02:46:10.344+0000][1][safepoint    ] Entering safepoint region: Deoptimize
[2022-06-13T02:46:10.345+0000][1][safepoint    ] Leaving safepoint region
[2022-06-13T02:46:10.345+0000][1][safepoint    ] Total time for which application threads were stopped: 0.0010099 seconds, Stopping threads took: 0.0004179 seconds
[2022-06-13T02:46:10.348+0000][1][safepoint    ] Application time: 0.0025554 seconds
[2022-06-13T02:46:10.349+0000][1][safepoint    ] Entering safepoint region: Deoptimize
[2022-06-13T02:46:10.349+0000][1][safepoint    ] Leaving safepoint region
[2022-06-13T02:46:10.350+0000][1][safepoint    ] Total time for which application threads were stopped: 0.0012432 seconds, Stopping threads took: 0.0004905 seconds
[2022-06-13T02:46:10.568+0000][1][safepoint    ] Application time: 0.2176039 seconds
[2022-06-13T02:46:10.568+0000][1][safepoint    ] Entering safepoint region: RevokeBias
[2022-06-13T02:46:10.569+0000][1][safepoint    ] Leaving safepoint region
[2022-06-13T02:46:10.569+0000][1][safepoint    ] Total time for which application threads were stopped: 0.0006102 seconds, Stopping threads took: 0.0002382 seconds
[2022-06-13T02:46:10.774+0000][1][safepoint    ] Application time: 0.2050377 seconds
[2022-06-13T02:46:10.774+0000][1][safepoint    ] Entering safepoint region: GenCollectForAllocation
[2022-06-13T02:46:10.775+0000][1][gc,start     ] GC(13) Pause Young (Allocation Failure)
[2022-06-13T02:46:10.775+0000][1][gc,task      ] GC(13) Using 5 workers of 13 for evacuation
[2022-06-13T02:46:10.787+0000][1][gc,age       ] GC(13) Desired survivor size 4456448 bytes, new threshold 1 (max threshold 6)
[2022-06-13T02:46:10.788+0000][1][gc,age       ] GC(13) Age table with threshold 1 (max threshold 6)
[2022-06-13T02:46:10.788+0000][1][gc,age       ] GC(13) - age   1:    6137024 bytes,    6137024 total
[2022-06-13T02:46:10.788+0000][1][gc,age       ] GC(13) - age   2:    1362968 bytes,    7499992 total
[2022-06-13T02:46:10.788+0000][1][gc,age       ] GC(13) - age   3:     344768 bytes,    7844760 total
[2022-06-13T02:46:10.788+0000][1][gc,age       ] GC(13) - age   4:     132456 bytes,    7977216 total
[2022-06-13T02:46:10.788+0000][1][gc,age       ] GC(13) - age   5:     524104 bytes,    8501320 total
[2022-06-13T02:46:10.789+0000][1][gc,age       ] GC(13) - age   6:     442184 bytes,    8943504 total
[2022-06-13T02:46:10.789+0000][1][gc,heap      ] GC(13) ParNew: 75896K->8704K(78656K)
[2022-06-13T02:46:10.789+0000][1][gc,heap      ] GC(13) CMS: 13968K->25156K(174784K)
[2022-06-13T02:46:10.789+0000][1][gc,metaspace ] GC(13) Metaspace: 27122K->27122K(1075200K)
[2022-06-13T02:46:10.789+0000][1][gc           ] GC(13) Pause Young (Allocation Failure) 87M->33M(247M) 14.523ms
[2022-06-13T02:46:10.789+0000][1][gc,cpu       ] GC(13) User=0.14s Sys=0.00s Real=0.02s
[2022-06-13T02:46:10.789+0000][1][safepoint    ] Leaving safepoint region
[2022-06-13T02:46:10.789+0000][1][safepoint    ] Total time for which application threads were stopped: 0.0152974 seconds, Stopping threads took: 0.0003327 seconds
[2022-06-13T02:46:10.908+0000][1][safepoint    ] Application time: 0.1184391 seconds
[2022-06-13T02:46:10.908+0000][1][safepoint    ] Entering safepoint region: Deoptimize
[2022-06-13T02:46:10.909+0000][1][safepoint    ] Leaving safepoint region
[2022-06-13T02:46:10.909+0000][1][safepoint    ] Total time for which application threads were stopped: 0.0007556 seconds, Stopping threads took: 0.0001763 seconds
[2022-06-13T02:46:11.018+0000][1][safepoint    ] Application time: 0.1089197 seconds
[2022-06-13T02:46:11.019+0000][1][safepoint    ] Entering safepoint region: GenCollectForAllocation
[2022-06-13T02:46:11.019+0000][1][gc,start     ] GC(14) Pause Young (Allocation Failure)
[2022-06-13T02:46:11.020+0000][1][gc,task      ] GC(14) Using 5 workers of 13 for evacuation
[2022-06-13T02:46:11.036+0000][1][gc,age       ] GC(14) Desired survivor size 4456448 bytes, new threshold 1 (max threshold 6)
[2022-06-13T02:46:11.037+0000][1][gc,age       ] GC(14) Age table with threshold 1 (max threshold 6)
[2022-06-13T02:46:11.037+0000][1][gc,age       ] GC(14) - age   1:    8912360 bytes,    8912360 total
[2022-06-13T02:46:11.037+0000][1][gc,heap      ] GC(14) ParNew: 78656K->8704K(78656K)
[2022-06-13T02:46:11.037+0000][1][gc,heap      ] GC(14) CMS: 25156K->38171K(174784K)
[2022-06-13T02:46:11.038+0000][1][gc,metaspace ] GC(14) Metaspace: 27249K->27249K(1075200K)
[2022-06-13T02:46:11.038+0000][1][gc           ] GC(14) Pause Young (Allocation Failure) 101M->45M(247M) 18.605ms
[2022-06-13T02:46:11.038+0000][1][gc,cpu       ] GC(14) User=0.10s Sys=0.01s Real=0.01s
[2022-06-13T02:46:11.038+0000][1][safepoint    ] Leaving safepoint region
[2022-06-13T02:46:11.039+0000][1][safepoint    ] Total time for which application threads were stopped: 0.0201479 seconds, Stopping threads took: 0.0007252 seconds
[2022-06-13T02:46:11.272+0000][1][safepoint    ] Application time: 0.2327220 seconds
[2022-06-13T02:46:11.272+0000][1][safepoint    ] Entering safepoint region: RevokeBias
[2022-06-13T02:46:11.273+0000][1][safepoint    ] Leaving safepoint region
[2022-06-13T02:46:11.273+0000][1][safepoint    ] Total time for which application threads were stopped: 0.0008475 seconds, Stopping threads took: 0.0004099 seconds
[2022-06-13T02:46:11.276+0000][1][safepoint    ] Application time: 0.0029073 seconds
[2022-06-13T02:46:11.277+0000][1][safepoint    ] Entering safepoint region: RevokeBias
[2022-06-13T02:46:11.277+0000][1][safepoint    ] Leaving safepoint region
[2022-06-13T02:46:11.277+0000][1][safepoint    ] Total time for which application threads were stopped: 0.0008688 seconds, Stopping threads took: 0.0004211 seconds
[2022-06-13T02:46:11.315+0000][1][safepoint    ] Application time: 0.0373110 seconds
[2022-06-13T02:46:11.316+0000][1][safepoint    ] Entering safepoint region: GenCollectForAllocation
[2022-06-13T02:46:11.316+0000][1][gc,start     ] GC(15) Pause Young (Allocation Failure)
[2022-06-13T02:46:11.316+0000][1][gc,task      ] GC(15) Using 5 workers of 13 for evacuation
[2022-06-13T02:46:11.329+0000][1][gc,age       ] GC(15) Desired survivor size 4456448 bytes, new threshold 1 (max threshold 6)
[2022-06-13T02:46:11.329+0000][1][gc,age       ] GC(15) Age table with threshold 1 (max threshold 6)
[2022-06-13T02:46:11.330+0000][1][gc,age       ] GC(15) - age   1:    6887472 bytes,    6887472 total
[2022-06-13T02:46:11.330+0000][1][gc,heap      ] GC(15) ParNew: 78656K->8704K(78656K)
[2022-06-13T02:46:11.330+0000][1][gc,heap      ] GC(15) CMS: 38171K->48433K(174784K)
[2022-06-13T02:46:11.330+0000][1][gc,metaspace ] GC(15) Metaspace: 31035K->31035K(1077248K)
[2022-06-13T02:46:11.331+0000][1][gc           ] GC(15) Pause Young (Allocation Failure) 114M->55M(247M) 14.729ms
[2022-06-13T02:46:11.331+0000][1][gc,cpu       ] GC(15) User=0.10s Sys=0.00s Real=0.02s
[2022-06-13T02:46:11.331+0000][1][safepoint    ] Leaving safepoint region
[2022-06-13T02:46:11.332+0000][1][safepoint    ] Total time for which application threads were stopped: 0.0159551 seconds, Stopping threads took: 0.0003644 seconds
[2022-06-13T02:46:11.456+0000][1][safepoint    ] Application time: 0.1240531 seconds
[2022-06-13T02:46:11.456+0000][1][safepoint    ] Entering safepoint region: GenCollectForAllocation
[2022-06-13T02:46:11.457+0000][1][gc,start     ] GC(16) Pause Young (Allocation Failure)
[2022-06-13T02:46:11.457+0000][1][gc,task      ] GC(16) Using 5 workers of 13 for evacuation
[2022-06-13T02:46:11.462+0000][1][gc,age       ] GC(16) Desired survivor size 4456448 bytes, new threshold 6 (max threshold 6)
[2022-06-13T02:46:11.463+0000][1][gc,age       ] GC(16) Age table with threshold 6 (max threshold 6)
[2022-06-13T02:46:11.463+0000][1][gc,age       ] GC(16) - age   1:     564856 bytes,     564856 total
[2022-06-13T02:46:11.463+0000][1][gc,heap      ] GC(16) ParNew: 78656K->7133K(78656K)
[2022-06-13T02:46:11.464+0000][1][gc,heap      ] GC(16) CMS: 48433K->55212K(174784K)
[2022-06-13T02:46:11.464+0000][1][gc,metaspace ] GC(16) Metaspace: 32996K->32996K(1079296K)
[2022-06-13T02:46:11.464+0000][1][gc           ] GC(16) Pause Young (Allocation Failure) 124M->60M(247M) 7.771ms
[2022-06-13T02:46:11.465+0000][1][gc,cpu       ] GC(16) User=0.04s Sys=0.00s Real=0.01s
[2022-06-13T02:46:11.465+0000][1][safepoint    ] Leaving safepoint region
[2022-06-13T02:46:11.465+0000][1][safepoint    ] Total time for which application threads were stopped: 0.0089654 seconds, Stopping threads took: 0.0002168 seconds
[2022-06-13T02:46:11.479+0000][1][safepoint    ] Application time: 0.0131999 seconds
[2022-06-13T02:46:11.479+0000][1][safepoint    ] Entering safepoint region: RevokeBias
[2022-06-13T02:46:11.480+0000][1][safepoint    ] Leaving safepoint region
[2022-06-13T02:46:11.480+0000][1][safepoint    ] Total time for which application threads were stopped: 0.0008006 seconds, Stopping threads took: 0.0004382 seconds
[2022-06-13T02:46:11.616+0000][1][safepoint    ] Application time: 0.1360665 seconds
[2022-06-13T02:46:11.617+0000][1][safepoint    ] Entering safepoint region: CollectForMetadataAllocation
[2022-06-13T02:46:11.617+0000][1][safepoint    ] Leaving safepoint region
[2022-06-13T02:46:11.617+0000][1][safepoint    ] Total time for which application threads were stopped: 0.0007157 seconds, Stopping threads took: 0.0003098 seconds
[2022-06-13T02:46:11.628+0000][1][safepoint    ] Application time: 0.0102019 seconds
[2022-06-13T02:46:11.628+0000][1][safepoint    ] Entering safepoint region: CollectForMetadataAllocation
[2022-06-13T02:46:11.629+0000][1][safepoint    ] Leaving safepoint region
[2022-06-13T02:46:11.629+0000][1][safepoint    ] Total time for which application threads were stopped: 0.0005230 seconds, Stopping threads took: 0.0002486 seconds
[2022-06-13T02:46:11.643+0000][1][safepoint    ] Application time: 0.0142305 seconds
[2022-06-13T02:46:11.644+0000][1][safepoint    ] Entering safepoint region: CollectForMetadataAllocation
[2022-06-13T02:46:11.644+0000][1][safepoint    ] Leaving safepoint region
[2022-06-13T02:46:11.645+0000][1][safepoint    ] Total time for which application threads were stopped: 0.0009806 seconds, Stopping threads took: 0.0004173 seconds
[2022-06-13T02:46:11.654+0000][1][safepoint    ] Application time: 0.0085687 seconds
[2022-06-13T02:46:11.654+0000][1][safepoint    ] Entering safepoint region: CollectForMetadataAllocation
[2022-06-13T02:46:11.655+0000][1][safepoint    ] Leaving safepoint region
[2022-06-13T02:46:11.655+0000][1][safepoint    ] Total time for which application threads were stopped: 0.0011953 seconds, Stopping threads took: 0.0006019 seconds
[2022-06-13T02:46:11.669+0000][1][safepoint    ] Application time: 0.0134400 seconds
[2022-06-13T02:46:11.670+0000][1][safepoint    ] Entering safepoint region: CollectForMetadataAllocation
[2022-06-13T02:46:11.671+0000][1][safepoint    ] Leaving safepoint region
[2022-06-13T02:46:11.671+0000][1][safepoint    ] Total time for which application threads were stopped: 0.0010543 seconds, Stopping threads took: 0.0004661 seconds
[2022-06-13T02:46:11.682+0000][1][safepoint    ] Application time: 0.0108349 seconds
[2022-06-13T02:46:11.683+0000][1][safepoint    ] Entering safepoint region: CollectForMetadataAllocation
[2022-06-13T02:46:11.683+0000][1][safepoint    ] Leaving safepoint region
[2022-06-13T02:46:11.684+0000][1][safepoint    ] Total time for which application threads were stopped: 0.0010506 seconds, Stopping threads took: 0.0004916 seconds
[2022-06-13T02:46:11.697+0000][1][safepoint    ] Application time: 0.0124542 seconds
[2022-06-13T02:46:11.697+0000][1][safepoint    ] Entering safepoint region: CollectForMetadataAllocation
[2022-06-13T02:46:11.698+0000][1][safepoint    ] Leaving safepoint region
[2022-06-13T02:46:11.698+0000][1][safepoint    ] Total time for which application threads were stopped: 0.0011852 seconds, Stopping threads took: 0.0004767 seconds
[2022-06-13T02:46:11.700+0000][1][safepoint    ] Application time: 0.0010915 seconds
[2022-06-13T02:46:11.700+0000][1][safepoint    ] Entering safepoint region: RevokeBias
[2022-06-13T02:46:11.701+0000][1][safepoint    ] Leaving safepoint region
[2022-06-13T02:46:11.701+0000][1][safepoint    ] Total time for which application threads were stopped: 0.0010214 seconds, Stopping threads took: 0.0004854 seconds
[2022-06-13T02:46:11.716+0000][1][safepoint    ] Application time: 0.0140521 seconds
[2022-06-13T02:46:11.716+0000][1][safepoint    ] Entering safepoint region: RevokeBias
[2022-06-13T02:46:11.717+0000][1][safepoint    ] Leaving safepoint region
[2022-06-13T02:46:11.717+0000][1][safepoint    ] Total time for which application threads were stopped: 0.0006664 seconds, Stopping threads took: 0.0003269 seconds
[2022-06-13T02:46:11.723+0000][1][safepoint    ] Application time: 0.0057547 seconds
[2022-06-13T02:46:11.724+0000][1][safepoint    ] Entering safepoint region: CollectForMetadataAllocation
[2022-06-13T02:46:11.724+0000][1][safepoint    ] Leaving safepoint region
[2022-06-13T02:46:11.725+0000][1][safepoint    ] Total time for which application threads were stopped: 0.0009381 seconds, Stopping threads took: 0.0003915 seconds
[2022-06-13T02:46:11.737+0000][1][safepoint    ] Application time: 0.0124706 seconds
[2022-06-13T02:46:11.738+0000][1][safepoint    ] Entering safepoint region: CollectForMetadataAllocation
[2022-06-13T02:46:11.738+0000][1][safepoint    ] Leaving safepoint region
[2022-06-13T02:46:11.739+0000][1][safepoint    ] Total time for which application threads were stopped: 0.0009095 seconds, Stopping threads took: 0.0004623 seconds
[2022-06-13T02:46:11.749+0000][1][safepoint    ] Application time: 0.0095809 seconds
[2022-06-13T02:46:11.749+0000][1][safepoint    ] Entering safepoint region: CollectForMetadataAllocation
[2022-06-13T02:46:11.750+0000][1][safepoint    ] Leaving safepoint region
[2022-06-13T02:46:11.750+0000][1][safepoint    ] Total time for which application threads were stopped: 0.0008628 seconds, Stopping threads took: 0.0003313 seconds
[2022-06-13T02:46:11.761+0000][1][safepoint    ] Application time: 0.0109241 seconds
[2022-06-13T02:46:11.762+0000][1][safepoint    ] Entering safepoint region: CollectForMetadataAllocation
[2022-06-13T02:46:11.763+0000][1][safepoint    ] Leaving safepoint region
[2022-06-13T02:46:11.763+0000][1][safepoint    ] Total time for which application threads were stopped: 0.0010879 seconds, Stopping threads took: 0.0005104 seconds
[2022-06-13T02:46:11.775+0000][1][safepoint    ] Application time: 0.0114190 seconds
[2022-06-13T02:46:11.775+0000][1][safepoint    ] Entering safepoint region: CollectForMetadataAllocation
[2022-06-13T02:46:11.776+0000][1][safepoint    ] Leaving safepoint region
[2022-06-13T02:46:11.777+0000][1][safepoint    ] Total time for which application threads were stopped: 0.0011252 seconds, Stopping threads took: 0.0005186 seconds
[2022-06-13T02:46:11.790+0000][1][safepoint    ] Application time: 0.0126016 seconds
[2022-06-13T02:46:11.790+0000][1][safepoint    ] Entering safepoint region: CollectForMetadataAllocation
[2022-06-13T02:46:11.791+0000][1][safepoint    ] Leaving safepoint region
[2022-06-13T02:46:11.791+0000][1][safepoint    ] Total time for which application threads were stopped: 0.0010958 seconds, Stopping threads took: 0.0004956 seconds
[2022-06-13T02:46:11.803+0000][1][safepoint    ] Application time: 0.0112388 seconds
[2022-06-13T02:46:11.803+0000][1][safepoint    ] Entering safepoint region: CollectForMetadataAllocation
[2022-06-13T02:46:11.804+0000][1][safepoint    ] Leaving safepoint region
[2022-06-13T02:46:11.804+0000][1][safepoint    ] Total time for which application threads were stopped: 0.0008960 seconds, Stopping threads took: 0.0004069 seconds
[2022-06-13T02:46:11.817+0000][1][safepoint    ] Application time: 0.0120196 seconds
[2022-06-13T02:46:11.817+0000][1][safepoint    ] Entering safepoint region: CollectForMetadataAllocation
[2022-06-13T02:46:11.818+0000][1][safepoint    ] Leaving safepoint region
[2022-06-13T02:46:11.818+0000][1][safepoint    ] Total time for which application threads were stopped: 0.0009786 seconds, Stopping threads took: 0.0004435 seconds
[2022-06-13T02:46:11.829+0000][1][safepoint    ] Application time: 0.0107070 seconds
[2022-06-13T02:46:11.830+0000][1][safepoint    ] Entering safepoint region: CollectForMetadataAllocation
[2022-06-13T02:46:11.830+0000][1][safepoint    ] Leaving safepoint region
[2022-06-13T02:46:11.830+0000][1][safepoint    ] Total time for which application threads were stopped: 0.0006272 seconds, Stopping threads took: 0.0001961 seconds
[2022-06-13T02:46:11.842+0000][1][safepoint    ] Application time: 0.0119106 seconds
[2022-06-13T02:46:11.843+0000][1][safepoint    ] Entering safepoint region: CollectForMetadataAllocation
[2022-06-13T02:46:11.843+0000][1][safepoint    ] Leaving safepoint region
[2022-06-13T02:46:11.843+0000][1][safepoint    ] Total time for which application threads were stopped: 0.0004172 seconds, Stopping threads took: 0.0002269 seconds
[2022-06-13T02:46:11.854+0000][1][safepoint    ] Application time: 0.0111566 seconds
[2022-06-13T02:46:11.854+0000][1][safepoint    ] Entering safepoint region: CollectForMetadataAllocation
[2022-06-13T02:46:11.855+0000][1][safepoint    ] Leaving safepoint region
[2022-06-13T02:46:11.855+0000][1][safepoint    ] Total time for which application threads were stopped: 0.0004179 seconds, Stopping threads took: 0.0001657 seconds
[2022-06-13T02:46:11.870+0000][1][safepoint    ] Application time: 0.0149508 seconds
[2022-06-13T02:46:11.870+0000][1][safepoint    ] Entering safepoint region: CollectForMetadataAllocation
[2022-06-13T02:46:11.870+0000][1][safepoint    ] Leaving safepoint region
[2022-06-13T02:46:11.871+0000][1][safepoint    ] Total time for which application threads were stopped: 0.0004058 seconds, Stopping threads took: 0.0001195 seconds
[2022-06-13T02:46:11.886+0000][1][safepoint    ] Application time: 0.0155627 seconds
[2022-06-13T02:46:11.887+0000][1][safepoint    ] Entering safepoint region: CollectForMetadataAllocation
[2022-06-13T02:46:11.887+0000][1][safepoint    ] Leaving safepoint region
[2022-06-13T02:46:11.887+0000][1][safepoint    ] Total time for which application threads were stopped: 0.0005579 seconds, Stopping threads took: 0.0002256 seconds
[2022-06-13T02:46:11.897+0000][1][safepoint    ] Application time: 0.0094774 seconds
[2022-06-13T02:46:11.897+0000][1][safepoint    ] Entering safepoint region: CollectForMetadataAllocation
[2022-06-13T02:46:11.898+0000][1][safepoint    ] Leaving safepoint region
[2022-06-13T02:46:11.898+0000][1][safepoint    ] Total time for which application threads were stopped: 0.0005301 seconds, Stopping threads took: 0.0002301 seconds
[2022-06-13T02:46:11.914+0000][1][safepoint    ] Application time: 0.0155293 seconds
[2022-06-13T02:46:11.914+0000][1][safepoint    ] Entering safepoint region: CollectForMetadataAllocation
[2022-06-13T02:46:11.914+0000][1][safepoint    ] Leaving safepoint region
[2022-06-13T02:46:11.914+0000][1][safepoint    ] Total time for which application threads were stopped: 0.0004679 seconds, Stopping threads took: 0.0001971 seconds
[2022-06-13T02:46:11.928+0000][1][safepoint    ] Application time: 0.0136986 seconds
[2022-06-13T02:46:11.928+0000][1][safepoint    ] Entering safepoint region: CollectForMetadataAllocation
[2022-06-13T02:46:11.929+0000][1][safepoint    ] Leaving safepoint region
[2022-06-13T02:46:11.929+0000][1][safepoint    ] Total time for which application threads were stopped: 0.0006042 seconds, Stopping threads took: 0.0002648 seconds
[2022-06-13T02:46:11.940+0000][1][safepoint    ] Application time: 0.0101177 seconds
[2022-06-13T02:46:11.940+0000][1][safepoint    ] Entering safepoint region: RevokeBias
[2022-06-13T02:46:11.940+0000][1][safepoint    ] Leaving safepoint region
[2022-06-13T02:46:11.940+0000][1][safepoint    ] Total time for which application threads were stopped: 0.0006445 seconds, Stopping threads took: 0.0003589 seconds
[2022-06-13T02:46:11.941+0000][1][safepoint    ] Application time: 0.0001876 seconds
[2022-06-13T02:46:11.941+0000][1][safepoint    ] Entering safepoint region: RevokeBias
[2022-06-13T02:46:11.941+0000][1][safepoint    ] Leaving safepoint region
[2022-06-13T02:46:11.942+0000][1][safepoint    ] Total time for which application threads were stopped: 0.0005610 seconds, Stopping threads took: 0.0002832 seconds
[2022-06-13T02:46:11.946+0000][1][safepoint    ] Application time: 0.0038053 seconds
[2022-06-13T02:46:11.946+0000][1][safepoint    ] Entering safepoint region: CollectForMetadataAllocation
[2022-06-13T02:46:11.946+0000][1][safepoint    ] Leaving safepoint region
[2022-06-13T02:46:11.946+0000][1][safepoint    ] Total time for which application threads were stopped: 0.0006296 seconds, Stopping threads took: 0.0002679 seconds
[2022-06-13T02:46:12.080+0000][1][safepoint    ] Application time: 0.1329087 seconds
[2022-06-13T02:46:12.080+0000][1][safepoint    ] Entering safepoint region: CollectForMetadataAllocation
[2022-06-13T02:46:12.080+0000][1][safepoint    ] Leaving safepoint region
[2022-06-13T02:46:12.081+0000][1][safepoint    ] Total time for which application threads were stopped: 0.0006279 seconds, Stopping threads took: 0.0002540 seconds
[2022-06-13T02:46:12.265+0000][1][safepoint    ] Application time: 0.1847474 seconds
[2022-06-13T02:46:12.266+0000][1][safepoint    ] Entering safepoint region: GenCollectForAllocation
[2022-06-13T02:46:12.266+0000][1][gc,start     ] GC(17) Pause Young (Allocation Failure)
[2022-06-13T02:46:12.266+0000][1][gc,task      ] GC(17) Using 5 workers of 13 for evacuation
[2022-06-13T02:46:12.270+0000][1][gc,age       ] GC(17) Desired survivor size 4456448 bytes, new threshold 6 (max threshold 6)
[2022-06-13T02:46:12.270+0000][1][gc,age       ] GC(17) Age table with threshold 6 (max threshold 6)
[2022-06-13T02:46:12.271+0000][1][gc,age       ] GC(17) - age   1:    3750720 bytes,    3750720 total
[2022-06-13T02:46:12.271+0000][1][gc,age       ] GC(17) - age   2:     518888 bytes,    4269608 total
[2022-06-13T02:46:12.271+0000][1][gc,heap      ] GC(17) ParNew: 77085K->4905K(78656K)
[2022-06-13T02:46:12.271+0000][1][gc,heap      ] GC(17) CMS: 55212K->55212K(174784K)
[2022-06-13T02:46:12.271+0000][1][gc,metaspace ] GC(17) Metaspace: 42245K->42245K(1089536K)
[2022-06-13T02:46:12.272+0000][1][gc           ] GC(17) Pause Young (Allocation Failure) 129M->58M(247M) 5.665ms
[2022-06-13T02:46:12.272+0000][1][gc,cpu       ] GC(17) User=0.02s Sys=0.00s Real=0.01s
[2022-06-13T02:46:12.272+0000][1][safepoint    ] Leaving safepoint region
[2022-06-13T02:46:12.272+0000][1][safepoint    ] Total time for which application threads were stopped: 0.0064650 seconds, Stopping threads took: 0.0001561 seconds
[2022-06-13T02:46:12.273+0000][1][safepoint    ] Application time: 0.0003981 seconds
[2022-06-13T02:46:12.273+0000][1][safepoint    ] Entering safepoint region: CMS_Initial_Mark
[2022-06-13T02:46:12.273+0000][1][gc,start     ] GC(18) Pause Initial Mark
[2022-06-13T02:46:12.275+0000][1][gc           ] GC(18) Pause Initial Mark 60M->60M(247M) 1.205ms
[2022-06-13T02:46:12.275+0000][1][gc,cpu       ] GC(18) User=0.00s Sys=0.00s Real=0.00s
[2022-06-13T02:46:12.275+0000][1][safepoint    ] Leaving safepoint region
[2022-06-13T02:46:12.275+0000][1][safepoint    ] Total time for which application threads were stopped: 0.0022396 seconds, Stopping threads took: 0.0003962 seconds
[2022-06-13T02:46:12.276+0000][1][gc           ] GC(18) Concurrent Mark
[2022-06-13T02:46:12.276+0000][1][gc,task      ] GC(18) Using 4 workers of 4 for marking
[2022-06-13T02:46:12.279+0000][1][safepoint    ] Application time: 0.0033326 seconds
[2022-06-13T02:46:12.279+0000][1][safepoint    ] Entering safepoint region: CollectForMetadataAllocation
[2022-06-13T02:46:12.279+0000][1][safepoint    ] Leaving safepoint region
[2022-06-13T02:46:12.280+0000][1][safepoint    ] Total time for which application threads were stopped: 0.0005912 seconds, Stopping threads took: 0.0001561 seconds
[2022-06-13T02:46:12.294+0000][1][gc           ] GC(18) Concurrent Mark 18.370ms
[2022-06-13T02:46:12.294+0000][1][gc,cpu       ] GC(18) User=0.09s Sys=0.00s Real=0.02s
[2022-06-13T02:46:12.294+0000][1][gc           ] GC(18) Concurrent Preclean
[2022-06-13T02:46:12.295+0000][1][gc           ] GC(18) Concurrent Preclean 1.108ms
[2022-06-13T02:46:12.295+0000][1][gc,cpu       ] GC(18) User=0.00s Sys=0.00s Real=0.00s
[2022-06-13T02:46:12.296+0000][1][gc           ] GC(18) Concurrent Abortable Preclean
[2022-06-13T02:46:12.301+0000][1][safepoint    ] Application time: 0.0215974 seconds
[2022-06-13T02:46:12.302+0000][1][safepoint    ] Entering safepoint region: CollectForMetadataAllocation
[2022-06-13T02:46:12.302+0000][1][safepoint    ] Leaving safepoint region
[2022-06-13T02:46:12.302+0000][1][safepoint    ] Total time for which application threads were stopped: 0.0006394 seconds, Stopping threads took: 0.0003185 seconds
[2022-06-13T02:46:12.368+0000][1][safepoint    ] Application time: 0.0657997 seconds
[2022-06-13T02:46:12.369+0000][1][safepoint    ] Entering safepoint region: CollectForMetadataAllocation
[2022-06-13T02:46:12.369+0000][1][safepoint    ] Leaving safepoint region
[2022-06-13T02:46:12.369+0000][1][safepoint    ] Total time for which application threads were stopped: 0.0007205 seconds, Stopping threads took: 0.0002449 seconds
[2022-06-13T02:46:12.420+0000][1][safepoint    ] Application time: 0.0499544 seconds
[2022-06-13T02:46:12.420+0000][1][safepoint    ] Entering safepoint region: CollectForMetadataAllocation
[2022-06-13T02:46:12.420+0000][1][safepoint    ] Leaving safepoint region
[2022-06-13T02:46:12.421+0000][1][safepoint    ] Total time for which application threads were stopped: 0.0006419 seconds, Stopping threads took: 0.0002104 seconds
[2022-06-13T02:46:12.430+0000][1][safepoint    ] Application time: 0.0090705 seconds
[2022-06-13T02:46:12.431+0000][1][safepoint    ] Entering safepoint region: CollectForMetadataAllocation
[2022-06-13T02:46:12.431+0000][1][safepoint    ] Leaving safepoint region
[2022-06-13T02:46:12.431+0000][1][safepoint    ] Total time for which application threads were stopped: 0.0006135 seconds, Stopping threads took: 0.0002594 seconds
[2022-06-13T02:46:12.443+0000][1][safepoint    ] Application time: 0.0114456 seconds
[2022-06-13T02:46:12.443+0000][1][safepoint    ] Entering safepoint region: CollectForMetadataAllocation
[2022-06-13T02:46:12.444+0000][1][safepoint    ] Leaving safepoint region
[2022-06-13T02:46:12.444+0000][1][safepoint    ] Total time for which application threads were stopped: 0.0006148 seconds, Stopping threads took: 0.0002903 seconds
[2022-06-13T02:46:12.462+0000][1][safepoint    ] Application time: 0.0177766 seconds
[2022-06-13T02:46:12.462+0000][1][safepoint    ] Entering safepoint region: CollectForMetadataAllocation
[2022-06-13T02:46:12.463+0000][1][safepoint    ] Leaving safepoint region
[2022-06-13T02:46:12.463+0000][1][safepoint    ] Total time for which application threads were stopped: 0.0006866 seconds, Stopping threads took: 0.0002349 seconds
[2022-06-13T02:46:12.464+0000][1][gc           ] GC(18) Concurrent Abortable Preclean 168.046ms
[2022-06-13T02:46:12.464+0000][1][gc,cpu       ] GC(18) User=0.91s Sys=0.05s Real=0.17s
[2022-06-13T02:46:12.464+0000][1][safepoint    ] Application time: 0.0011289 seconds
[2022-06-13T02:46:12.464+0000][1][safepoint    ] Entering safepoint region: CMS_Final_Remark
[2022-06-13T02:46:12.465+0000][1][gc,start     ] GC(18) Pause Remark
[2022-06-13T02:46:12.476+0000][1][gc           ] GC(18) Pause Remark 96M->96M(247M) 11.455ms
[2022-06-13T02:46:12.476+0000][1][gc,cpu       ] GC(18) User=0.05s Sys=0.00s Real=0.01s
[2022-06-13T02:46:12.477+0000][1][safepoint    ] Leaving safepoint region
[2022-06-13T02:46:12.477+0000][1][safepoint    ] Total time for which application threads were stopped: 0.0125620 seconds, Stopping threads took: 0.0001965 seconds
[2022-06-13T02:46:12.477+0000][1][gc           ] GC(18) Concurrent Sweep
[2022-06-13T02:46:12.491+0000][1][safepoint    ] Application time: 0.0138902 seconds
[2022-06-13T02:46:12.491+0000][1][safepoint    ] Entering safepoint region: RevokeBias
[2022-06-13T02:46:12.492+0000][1][safepoint    ] Leaving safepoint region
[2022-06-13T02:46:12.492+0000][1][safepoint    ] Total time for which application threads were stopped: 0.0010122 seconds, Stopping threads took: 0.0001976 seconds
[2022-06-13T02:46:12.494+0000][1][safepoint    ] Application time: 0.0010185 seconds
[2022-06-13T02:46:12.494+0000][1][safepoint    ] Entering safepoint region: RevokeBias
[2022-06-13T02:46:12.495+0000][1][safepoint    ] Leaving safepoint region
[2022-06-13T02:46:12.495+0000][1][safepoint    ] Total time for which application threads were stopped: 0.0007395 seconds, Stopping threads took: 0.0002895 seconds
[2022-06-13T02:46:12.496+0000][1][safepoint    ] Application time: 0.0003314 seconds
[2022-06-13T02:46:12.496+0000][1][safepoint    ] Entering safepoint region: RevokeBias
[2022-06-13T02:46:12.496+0000][1][safepoint    ] Leaving safepoint region
[2022-06-13T02:46:12.496+0000][1][safepoint    ] Total time for which application threads were stopped: 0.0007607 seconds, Stopping threads took: 0.0004117 seconds
[2022-06-13T02:46:12.498+0000][1][gc           ] GC(18) Concurrent Sweep 20.253ms
[2022-06-13T02:46:12.498+0000][1][gc,cpu       ] GC(18) User=0.07s Sys=0.00s Real=0.02s
[2022-06-13T02:46:12.498+0000][1][gc           ] GC(18) Concurrent Reset
[2022-06-13T02:46:12.498+0000][1][gc           ] GC(18) Concurrent Reset 0.459ms
[2022-06-13T02:46:12.499+0000][1][gc,cpu       ] GC(18) User=0.00s Sys=0.00s Real=0.00s
[2022-06-13T02:46:12.499+0000][1][gc,heap      ] GC(18) Old: 55212K->54997K(174784K)
[2022-06-13T02:46:12.524+0000][1][safepoint    ] Application time: 0.0275358 seconds
[2022-06-13T02:46:12.525+0000][1][safepoint    ] Entering safepoint region: RevokeBias
[2022-06-13T02:46:12.525+0000][1][safepoint    ] Leaving safepoint region
[2022-06-13T02:46:12.525+0000][1][safepoint    ] Total time for which application threads were stopped: 0.0006425 seconds, Stopping threads took: 0.0002990 seconds
[2022-06-13T02:46:12.528+0000][1][safepoint    ] Application time: 0.0023762 seconds
[2022-06-13T02:46:12.528+0000][1][safepoint    ] Entering safepoint region: RevokeBias
[2022-06-13T02:46:12.529+0000][1][safepoint    ] Leaving safepoint region
[2022-06-13T02:46:12.529+0000][1][safepoint    ] Total time for which application threads were stopped: 0.0007008 seconds, Stopping threads took: 0.0003927 seconds
[2022-06-13T02:46:12.620+0000][1][safepoint    ] Application time: 0.0908615 seconds
[2022-06-13T02:46:12.621+0000][1][safepoint    ] Entering safepoint region: RevokeBias
[2022-06-13T02:46:12.621+0000][1][safepoint    ] Leaving safepoint region
[2022-06-13T02:46:12.622+0000][1][safepoint    ] Total time for which application threads were stopped: 0.0011433 seconds, Stopping threads took: 0.0004831 seconds
[2022-06-13T02:46:12.622+0000][1][safepoint    ] Application time: 0.0001310 seconds
[2022-06-13T02:46:12.622+0000][1][safepoint    ] Entering safepoint region: RevokeBias
[2022-06-13T02:46:12.623+0000][1][safepoint    ] Leaving safepoint region
[2022-06-13T02:46:12.623+0000][1][safepoint    ] Total time for which application threads were stopped: 0.0004208 seconds, Stopping threads took: 0.0002013 seconds
[2022-06-13T02:46:12.623+0000][1][safepoint    ] Application time: 0.0002597 seconds
[2022-06-13T02:46:12.623+0000][1][safepoint    ] Entering safepoint region: RevokeBias
[2022-06-13T02:46:12.624+0000][1][safepoint    ] Leaving safepoint region
[2022-06-13T02:46:12.624+0000][1][safepoint    ] Total time for which application threads were stopped: 0.0005300 seconds, Stopping threads took: 0.0003417 seconds
[2022-06-13T02:46:12.624+0000][1][safepoint    ] Application time: 0.0000742 seconds
[2022-06-13T02:46:12.624+0000][1][safepoint    ] Entering safepoint region: RevokeBias
[2022-06-13T02:46:12.624+0000][1][safepoint    ] Leaving safepoint region
[2022-06-13T02:46:12.625+0000][1][safepoint    ] Total time for which application threads were stopped: 0.0003870 seconds, Stopping threads took: 0.0001966 seconds
[2022-06-13T02:46:12.689+0000][1][safepoint    ] Application time: 0.0640065 seconds
[2022-06-13T02:46:12.689+0000][1][safepoint    ] Entering safepoint region: GenCollectForAllocation
[2022-06-13T02:46:12.690+0000][1][gc,start     ] GC(19) Pause Young (Allocation Failure)
[2022-06-13T02:46:12.690+0000][1][gc,task      ] GC(19) Using 5 workers of 13 for evacuation
[2022-06-13T02:46:12.695+0000][1][gc,age       ] GC(19) Desired survivor size 4456448 bytes, new threshold 2 (max threshold 6)
[2022-06-13T02:46:12.696+0000][1][gc,age       ] GC(19) Age table with threshold 2 (max threshold 6)
[2022-06-13T02:46:12.696+0000][1][gc,age       ] GC(19) - age   1:    3035448 bytes,    3035448 total
[2022-06-13T02:46:12.696+0000][1][gc,age       ] GC(19) - age   2:    3649264 bytes,    6684712 total
[2022-06-13T02:46:12.697+0000][1][gc,age       ] GC(19) - age   3:     516824 bytes,    7201536 total
[2022-06-13T02:46:12.697+0000][1][gc,heap      ] GC(19) ParNew: 74857K->8704K(78656K)
[2022-06-13T02:46:12.697+0000][1][gc,heap      ] GC(19) CMS: 54997K->54998K(174784K)
[2022-06-13T02:46:12.697+0000][1][gc,metaspace ] GC(19) Metaspace: 46946K->46946K(1093632K)
[2022-06-13T02:46:12.698+0000][1][gc           ] GC(19) Pause Young (Allocation Failure) 126M->62M(247M) 8.064ms
[2022-06-13T02:46:12.698+0000][1][gc,cpu       ] GC(19) User=0.02s Sys=0.00s Real=0.00s
[2022-06-13T02:46:12.699+0000][1][safepoint    ] Leaving safepoint region
[2022-06-13T02:46:12.699+0000][1][safepoint    ] Total time for which application threads were stopped: 0.0097615 seconds, Stopping threads took: 0.0005933 seconds
[2022-06-13T02:46:12.700+0000][1][safepoint    ] Application time: 0.0003650 seconds
[2022-06-13T02:46:12.700+0000][1][safepoint    ] Entering safepoint region: RevokeBias
[2022-06-13T02:46:12.700+0000][1][safepoint    ] Leaving safepoint region
[2022-06-13T02:46:12.700+0000][1][safepoint    ] Total time for which application threads were stopped: 0.0004444 seconds, Stopping threads took: 0.0001796 seconds
[2022-06-13T02:46:12.701+0000][1][safepoint    ] Application time: 0.0001057 seconds
[2022-06-13T02:46:12.701+0000][1][safepoint    ] Entering safepoint region: RevokeBias
[2022-06-13T02:46:12.701+0000][1][safepoint    ] Leaving safepoint region
[2022-06-13T02:46:12.701+0000][1][safepoint    ] Total time for which application threads were stopped: 0.0005589 seconds, Stopping threads took: 0.0002503 seconds
[2022-06-13T02:46:12.702+0000][1][safepoint    ] Application time: 0.0002741 seconds
[2022-06-13T02:46:12.702+0000][1][safepoint    ] Entering safepoint region: RevokeBias
[2022-06-13T02:46:12.703+0000][1][safepoint    ] Leaving safepoint region
[2022-06-13T02:46:12.703+0000][1][safepoint    ] Total time for which application threads were stopped: 0.0004852 seconds, Stopping threads took: 0.0003353 seconds
[2022-06-13T02:46:12.703+0000][1][safepoint    ] Application time: 0.0001417 seconds
[2022-06-13T02:46:12.703+0000][1][safepoint    ] Entering safepoint region: RevokeBias
[2022-06-13T02:46:12.703+0000][1][safepoint    ] Leaving safepoint region
[2022-06-13T02:46:12.703+0000][1][safepoint    ] Total time for which application threads were stopped: 0.0002808 seconds, Stopping threads took: 0.0001198 seconds
[2022-06-13T02:46:12.704+0000][1][safepoint    ] Application time: 0.0003441 seconds
[2022-06-13T02:46:12.704+0000][1][safepoint    ] Entering safepoint region: RevokeBias
[2022-06-13T02:46:12.704+0000][1][safepoint    ] Leaving safepoint region
[2022-06-13T02:46:12.705+0000][1][safepoint    ] Total time for which application threads were stopped: 0.0006406 seconds, Stopping threads took: 0.0003585 seconds
[2022-06-13T02:46:12.705+0000][1][safepoint    ] Application time: 0.0001537 seconds
[2022-06-13T02:46:12.705+0000][1][safepoint    ] Entering safepoint region: RevokeBias
[2022-06-13T02:46:12.705+0000][1][safepoint    ] Leaving safepoint region
[2022-06-13T02:46:12.706+0000][1][safepoint    ] Total time for which application threads were stopped: 0.0003383 seconds, Stopping threads took: 0.0002247 seconds
[2022-06-13T02:46:12.706+0000][1][safepoint    ] Application time: 0.0001654 seconds
[2022-06-13T02:46:12.706+0000][1][safepoint    ] Entering safepoint region: RevokeBias
[2022-06-13T02:46:12.706+0000][1][safepoint    ] Leaving safepoint region
[2022-06-13T02:46:12.706+0000][1][safepoint    ] Total time for which application threads were stopped: 0.0003519 seconds, Stopping threads took: 0.0002151 seconds
[2022-06-13T02:46:12.706+0000][1][safepoint    ] Application time: 0.0000644 seconds
[2022-06-13T02:46:12.707+0000][1][safepoint    ] Entering safepoint region: RevokeBias
[2022-06-13T02:46:12.707+0000][1][safepoint    ] Leaving safepoint region
[2022-06-13T02:46:12.707+0000][1][safepoint    ] Total time for which application threads were stopped: 0.0002949 seconds, Stopping threads took: 0.0001662 seconds
[2022-06-13T02:46:12.707+0000][1][safepoint    ] Application time: 0.0000619 seconds
[2022-06-13T02:46:12.707+0000][1][safepoint    ] Entering safepoint region: RevokeBias
[2022-06-13T02:46:12.707+0000][1][safepoint    ] Leaving safepoint region
[2022-06-13T02:46:12.707+0000][1][safepoint    ] Total time for which application threads were stopped: 0.0002257 seconds, Stopping threads took: 0.0001102 seconds
[2022-06-13T02:46:12.708+0000][1][safepoint    ] Application time: 0.0000690 seconds
[2022-06-13T02:46:12.708+0000][1][safepoint    ] Entering safepoint region: RevokeBias
[2022-06-13T02:46:12.708+0000][1][safepoint    ] Leaving safepoint region
[2022-06-13T02:46:12.708+0000][1][safepoint    ] Total time for which application threads were stopped: 0.0002376 seconds, Stopping threads took: 0.0001083 seconds
[2022-06-13T02:46:12.708+0000][1][safepoint    ] Application time: 0.0000717 seconds
[2022-06-13T02:46:12.708+0000][1][safepoint    ] Entering safepoint region: RevokeBias
[2022-06-13T02:46:12.708+0000][1][safepoint    ] Leaving safepoint region
[2022-06-13T02:46:12.708+0000][1][safepoint    ] Total time for which application threads were stopped: 0.0002548 seconds, Stopping threads took: 0.0001254 seconds
[2022-06-13T02:46:12.709+0000][1][safepoint    ] Application time: 0.0001690 seconds
[2022-06-13T02:46:12.709+0000][1][safepoint    ] Entering safepoint region: RevokeBias
[2022-06-13T02:46:12.709+0000][1][safepoint    ] Leaving safepoint region
[2022-06-13T02:46:12.709+0000][1][safepoint    ] Total time for which application threads were stopped: 0.0005192 seconds, Stopping threads took: 0.0004007 seconds
[2022-06-13T02:46:12.709+0000][1][safepoint    ] Application time: 0.0000836 seconds
[2022-06-13T02:46:12.710+0000][1][safepoint    ] Entering safepoint region: RevokeBias
[2022-06-13T02:46:12.710+0000][1][safepoint    ] Leaving safepoint region
[2022-06-13T02:46:12.710+0000][1][safepoint    ] Total time for which application threads were stopped: 0.0002629 seconds, Stopping threads took: 0.0001534 seconds
[2022-06-13T02:46:12.710+0000][1][safepoint    ] Application time: 0.0000630 seconds
[2022-06-13T02:46:12.710+0000][1][safepoint    ] Entering safepoint region: RevokeBias
[2022-06-13T02:46:12.710+0000][1][safepoint    ] Leaving safepoint region
[2022-06-13T02:46:12.710+0000][1][safepoint    ] Total time for which application threads were stopped: 0.0002003 seconds, Stopping threads took: 0.0000957 seconds
[2022-06-13T02:46:12.710+0000][1][safepoint    ] Application time: 0.0000526 seconds
[2022-06-13T02:46:12.711+0000][1][safepoint    ] Entering safepoint region: RevokeBias
[2022-06-13T02:46:12.711+0000][1][safepoint    ] Leaving safepoint region
[2022-06-13T02:46:12.711+0000][1][safepoint    ] Total time for which application threads were stopped: 0.0002140 seconds, Stopping threads took: 0.0000950 seconds
[2022-06-13T02:46:12.711+0000][1][safepoint    ] Application time: 0.0000505 seconds
[2022-06-13T02:46:12.711+0000][1][safepoint    ] Entering safepoint region: RevokeBias
[2022-06-13T02:46:12.711+0000][1][safepoint    ] Leaving safepoint region
[2022-06-13T02:46:12.711+0000][1][safepoint    ] Total time for which application threads were stopped: 0.0001967 seconds, Stopping threads took: 0.0000919 seconds
[2022-06-13T02:46:12.711+0000][1][safepoint    ] Application time: 0.0000586 seconds
[2022-06-13T02:46:12.711+0000][1][safepoint    ] Entering safepoint region: RevokeBias
[2022-06-13T02:46:12.712+0000][1][safepoint    ] Leaving safepoint region
[2022-06-13T02:46:12.712+0000][1][safepoint    ] Total time for which application threads were stopped: 0.0002159 seconds, Stopping threads took: 0.0001008 seconds
[2022-06-13T02:46:12.712+0000][1][safepoint    ] Application time: 0.0000511 seconds
[2022-06-13T02:46:12.712+0000][1][safepoint    ] Entering safepoint region: RevokeBias
[2022-06-13T02:46:12.712+0000][1][safepoint    ] Leaving safepoint region
[2022-06-13T02:46:12.712+0000][1][safepoint    ] Total time for which application threads were stopped: 0.0002099 seconds, Stopping threads took: 0.0001048 seconds
[2022-06-13T02:46:12.712+0000][1][safepoint    ] Application time: 0.0000498 seconds
[2022-06-13T02:46:12.712+0000][1][safepoint    ] Entering safepoint region: RevokeBias
[2022-06-13T02:46:12.712+0000][1][safepoint    ] Leaving safepoint region
[2022-06-13T02:46:12.713+0000][1][safepoint    ] Total time for which application threads were stopped: 0.0002030 seconds, Stopping threads took: 0.0000909 seconds
[2022-06-13T02:46:12.713+0000][1][safepoint    ] Application time: 0.0000496 seconds
[2022-06-13T02:46:12.713+0000][1][safepoint    ] Entering safepoint region: RevokeBias
[2022-06-13T02:46:12.713+0000][1][safepoint    ] Leaving safepoint region
[2022-06-13T02:46:12.713+0000][1][safepoint    ] Total time for which application threads were stopped: 0.0001982 seconds, Stopping threads took: 0.0000926 seconds
[2022-06-13T02:46:12.713+0000][1][safepoint    ] Application time: 0.0000539 seconds
[2022-06-13T02:46:12.713+0000][1][safepoint    ] Entering safepoint region: RevokeBias
[2022-06-13T02:46:12.713+0000][1][safepoint    ] Leaving safepoint region
[2022-06-13T02:46:12.713+0000][1][safepoint    ] Total time for which application threads were stopped: 0.0002153 seconds, Stopping threads took: 0.0000914 seconds
[2022-06-13T02:46:12.714+0000][1][safepoint    ] Application time: 0.0000576 seconds
[2022-06-13T02:46:12.714+0000][1][safepoint    ] Entering safepoint region: RevokeBias
[2022-06-13T02:46:12.714+0000][1][safepoint    ] Leaving safepoint region
[2022-06-13T02:46:12.714+0000][1][safepoint    ] Total time for which application threads were stopped: 0.0002085 seconds, Stopping threads took: 0.0000944 seconds
[2022-06-13T02:46:12.714+0000][1][safepoint    ] Application time: 0.0000507 seconds
[2022-06-13T02:46:12.714+0000][1][safepoint    ] Entering safepoint region: RevokeBias
[2022-06-13T02:46:12.714+0000][1][safepoint    ] Leaving safepoint region
[2022-06-13T02:46:12.714+0000][1][safepoint    ] Total time for which application threads were stopped: 0.0001983 seconds, Stopping threads took: 0.0000931 seconds
[2022-06-13T02:46:12.714+0000][1][safepoint    ] Application time: 0.0000503 seconds
[2022-06-13T02:46:12.715+0000][1][safepoint    ] Entering safepoint region: RevokeBias
[2022-06-13T02:46:12.715+0000][1][safepoint    ] Leaving safepoint region
[2022-06-13T02:46:12.715+0000][1][safepoint    ] Total time for which application threads were stopped: 0.0002003 seconds, Stopping threads took: 0.0000939 seconds
[2022-06-13T02:46:12.715+0000][1][safepoint    ] Application time: 0.0000504 seconds
[2022-06-13T02:46:12.715+0000][1][safepoint    ] Entering safepoint region: RevokeBias
[2022-06-13T02:46:12.715+0000][1][safepoint    ] Leaving safepoint region
[2022-06-13T02:46:12.715+0000][1][safepoint    ] Total time for which application threads were stopped: 0.0001973 seconds, Stopping threads took: 0.0000925 seconds
[2022-06-13T02:46:12.715+0000][1][safepoint    ] Application time: 0.0000510 seconds
[2022-06-13T02:46:12.715+0000][1][safepoint    ] Entering safepoint region: RevokeBias
[2022-06-13T02:46:12.715+0000][1][safepoint    ] Leaving safepoint region
[2022-06-13T02:46:12.716+0000][1][safepoint    ] Total time for which application threads were stopped: 0.0002052 seconds, Stopping threads took: 0.0000928 seconds
[2022-06-13T02:46:12.716+0000][1][safepoint    ] Application time: 0.0000482 seconds
[2022-06-13T02:46:12.716+0000][1][safepoint    ] Entering safepoint region: RevokeBias
[2022-06-13T02:46:12.716+0000][1][safepoint    ] Leaving safepoint region
[2022-06-13T02:46:12.716+0000][1][safepoint    ] Total time for which application threads were stopped: 0.0002013 seconds, Stopping threads took: 0.0000959 seconds
[2022-06-13T02:46:12.716+0000][1][safepoint    ] Application time: 0.0000522 seconds
[2022-06-13T02:46:12.716+0000][1][safepoint    ] Entering safepoint region: RevokeBias
[2022-06-13T02:46:12.716+0000][1][safepoint    ] Leaving safepoint region
[2022-06-13T02:46:12.716+0000][1][safepoint    ] Total time for which application threads were stopped: 0.0002131 seconds, Stopping threads took: 0.0001040 seconds
[2022-06-13T02:46:12.717+0000][1][safepoint    ] Application time: 0.0000511 seconds
[2022-06-13T02:46:12.717+0000][1][safepoint    ] Entering safepoint region: RevokeBias
[2022-06-13T02:46:12.717+0000][1][safepoint    ] Leaving safepoint region
[2022-06-13T02:46:12.717+0000][1][safepoint    ] Total time for which application threads were stopped: 0.0002000 seconds, Stopping threads took: 0.0000936 seconds
[2022-06-13T02:46:12.717+0000][1][safepoint    ] Application time: 0.0000511 seconds
[2022-06-13T02:46:12.717+0000][1][safepoint    ] Entering safepoint region: RevokeBias
[2022-06-13T02:46:12.717+0000][1][safepoint    ] Leaving safepoint region
[2022-06-13T02:46:12.717+0000][1][safepoint    ] Total time for which application threads were stopped: 0.0002008 seconds, Stopping threads took: 0.0000937 seconds
[2022-06-13T02:46:12.717+0000][1][safepoint    ] Application time: 0.0000509 seconds
[2022-06-13T02:46:12.718+0000][1][safepoint    ] Entering safepoint region: BulkRevokeBias
[2022-06-13T02:46:12.718+0000][1][safepoint    ] Leaving safepoint region
[2022-06-13T02:46:12.718+0000][1][safepoint    ] Total time for which application threads were stopped: 0.0002313 seconds, Stopping threads took: 0.0000950 seconds
[2022-06-13T02:46:12.718+0000][1][safepoint    ] Application time: 0.0001026 seconds
[2022-06-13T02:46:12.718+0000][1][safepoint    ] Entering safepoint region: RevokeBias
[2022-06-13T02:46:12.718+0000][1][safepoint    ] Leaving safepoint region
[2022-06-13T02:46:12.718+0000][1][safepoint    ] Total time for which application threads were stopped: 0.0002115 seconds, Stopping threads took: 0.0000964 seconds
[2022-06-13T02:46:12.718+0000][1][safepoint    ] Application time: 0.0000681 seconds
[2022-06-13T02:46:12.719+0000][1][safepoint    ] Entering safepoint region: RevokeBias
[2022-06-13T02:46:12.719+0000][1][safepoint    ] Leaving safepoint region
[2022-06-13T02:46:12.719+0000][1][safepoint    ] Total time for which application threads were stopped: 0.0002225 seconds, Stopping threads took: 0.0001020 seconds
[2022-06-13T02:46:12.719+0000][1][safepoint    ] Application time: 0.0000885 seconds
[2022-06-13T02:46:12.719+0000][1][safepoint    ] Entering safepoint region: RevokeBias
[2022-06-13T02:46:12.720+0000][1][safepoint    ] Leaving safepoint region
[2022-06-13T02:46:12.720+0000][1][safepoint    ] Total time for which application threads were stopped: 0.0006297 seconds, Stopping threads took: 0.0005186 seconds
[2022-06-13T02:46:12.720+0000][1][safepoint    ] Application time: 0.0000707 seconds
[2022-06-13T02:46:12.720+0000][1][safepoint    ] Entering safepoint region: RevokeBias
[2022-06-13T02:46:12.720+0000][1][safepoint    ] Leaving safepoint region
[2022-06-13T02:46:12.720+0000][1][safepoint    ] Total time for which application threads were stopped: 0.0002815 seconds, Stopping threads took: 0.0001474 seconds
[2022-06-13T02:46:12.720+0000][1][safepoint    ] Application time: 0.0000698 seconds
[2022-06-13T02:46:12.720+0000][1][safepoint    ] Entering safepoint region: RevokeBias
[2022-06-13T02:46:12.721+0000][1][safepoint    ] Leaving safepoint region
[2022-06-13T02:46:12.721+0000][1][safepoint    ] Total time for which application threads were stopped: 0.0003598 seconds, Stopping threads took: 0.0000952 seconds
[2022-06-13T02:46:12.721+0000][1][safepoint    ] Application time: 0.0001046 seconds
[2022-06-13T02:46:12.721+0000][1][safepoint    ] Entering safepoint region: RevokeBias
[2022-06-13T02:46:12.722+0000][1][safepoint    ] Leaving safepoint region
[2022-06-13T02:46:12.722+0000][1][safepoint    ] Total time for which application threads were stopped: 0.0004374 seconds, Stopping threads took: 0.0001936 seconds
[2022-06-13T02:46:12.722+0000][1][safepoint    ] Application time: 0.0001034 seconds
[2022-06-13T02:46:12.722+0000][1][safepoint    ] Entering safepoint region: RevokeBias
[2022-06-13T02:46:12.723+0000][1][safepoint    ] Leaving safepoint region
[2022-06-13T02:46:12.723+0000][1][safepoint    ] Total time for which application threads were stopped: 0.0005321 seconds, Stopping threads took: 0.0002632 seconds
[2022-06-13T02:46:12.723+0000][1][safepoint    ] Application time: 0.0001047 seconds
[2022-06-13T02:46:12.723+0000][1][safepoint    ] Entering safepoint region: RevokeBias
[2022-06-13T02:46:12.724+0000][1][safepoint    ] Leaving safepoint region
[2022-06-13T02:46:12.724+0000][1][safepoint    ] Total time for which application threads were stopped: 0.0002754 seconds, Stopping threads took: 0.0001747 seconds
[2022-06-13T02:46:12.724+0000][1][safepoint    ] Application time: 0.0000589 seconds
[2022-06-13T02:46:12.724+0000][1][safepoint    ] Entering safepoint region: RevokeBias
[2022-06-13T02:46:12.724+0000][1][safepoint    ] Leaving safepoint region
[2022-06-13T02:46:12.724+0000][1][safepoint    ] Total time for which application threads were stopped: 0.0001814 seconds, Stopping threads took: 0.0000745 seconds
[2022-06-13T02:46:12.724+0000][1][safepoint    ] Application time: 0.0000492 seconds
[2022-06-13T02:46:12.724+0000][1][safepoint    ] Entering safepoint region: RevokeBias
[2022-06-13T02:46:12.724+0000][1][safepoint    ] Leaving safepoint region
[2022-06-13T02:46:12.725+0000][1][safepoint    ] Total time for which application threads were stopped: 0.0001808 seconds, Stopping threads took: 0.0000785 seconds
[2022-06-13T02:46:12.725+0000][1][safepoint    ] Application time: 0.0000526 seconds
[2022-06-13T02:46:12.725+0000][1][safepoint    ] Entering safepoint region: RevokeBias
[2022-06-13T02:46:12.725+0000][1][safepoint    ] Leaving safepoint region
[2022-06-13T02:46:12.725+0000][1][safepoint    ] Total time for which application threads were stopped: 0.0001888 seconds, Stopping threads took: 0.0000860 seconds
[2022-06-13T02:46:12.725+0000][1][safepoint    ] Application time: 0.0000492 seconds
[2022-06-13T02:46:12.725+0000][1][safepoint    ] Entering safepoint region: RevokeBias
[2022-06-13T02:46:12.725+0000][1][safepoint    ] Leaving safepoint region
[2022-06-13T02:46:12.725+0000][1][safepoint    ] Total time for which application threads were stopped: 0.0002053 seconds, Stopping threads took: 0.0000972 seconds
[2022-06-13T02:46:12.726+0000][1][safepoint    ] Application time: 0.0000498 seconds
[2022-06-13T02:46:12.726+0000][1][safepoint    ] Entering safepoint region: RevokeBias
[2022-06-13T02:46:12.726+0000][1][safepoint    ] Leaving safepoint region
[2022-06-13T02:46:12.726+0000][1][safepoint    ] Total time for which application threads were stopped: 0.0001805 seconds, Stopping threads took: 0.0000811 seconds
[2022-06-13T02:46:12.726+0000][1][safepoint    ] Application time: 0.0000493 seconds
[2022-06-13T02:46:12.726+0000][1][safepoint    ] Entering safepoint region: RevokeBias
[2022-06-13T02:46:12.726+0000][1][safepoint    ] Leaving safepoint region
[2022-06-13T02:46:12.726+0000][1][safepoint    ] Total time for which application threads were stopped: 0.0001785 seconds, Stopping threads took: 0.0000811 seconds
[2022-06-13T02:46:12.726+0000][1][safepoint    ] Application time: 0.0000507 seconds
[2022-06-13T02:46:12.726+0000][1][safepoint    ] Entering safepoint region: RevokeBias
[2022-06-13T02:46:12.726+0000][1][safepoint    ] Leaving safepoint region
[2022-06-13T02:46:12.727+0000][1][safepoint    ] Total time for which application threads were stopped: 0.0001810 seconds, Stopping threads took: 0.0000830 seconds
[2022-06-13T02:46:12.727+0000][1][safepoint    ] Application time: 0.0000591 seconds
[2022-06-13T02:46:12.727+0000][1][safepoint    ] Entering safepoint region: RevokeBias
[2022-06-13T02:46:12.727+0000][1][safepoint    ] Leaving safepoint region
[2022-06-13T02:46:12.727+0000][1][safepoint    ] Total time for which application threads were stopped: 0.0001790 seconds, Stopping threads took: 0.0000813 seconds
[2022-06-13T02:46:12.727+0000][1][safepoint    ] Application time: 0.0000480 seconds
[2022-06-13T02:46:12.727+0000][1][safepoint    ] Entering safepoint region: RevokeBias
[2022-06-13T02:46:12.727+0000][1][safepoint    ] Leaving safepoint region
[2022-06-13T02:46:12.727+0000][1][safepoint    ] Total time for which application threads were stopped: 0.0001843 seconds, Stopping threads took: 0.0000879 seconds
[2022-06-13T02:46:12.727+0000][1][safepoint    ] Application time: 0.0000487 seconds
[2022-06-13T02:46:12.728+0000][1][safepoint    ] Entering safepoint region: RevokeBias
[2022-06-13T02:46:12.728+0000][1][safepoint    ] Leaving safepoint region
[2022-06-13T02:46:12.728+0000][1][safepoint    ] Total time for which application threads were stopped: 0.0001857 seconds, Stopping threads took: 0.0000818 seconds
[2022-06-13T02:46:12.728+0000][1][safepoint    ] Application time: 0.0000496 seconds
[2022-06-13T02:46:12.728+0000][1][safepoint    ] Entering safepoint region: RevokeBias
[2022-06-13T02:46:12.728+0000][1][safepoint    ] Leaving safepoint region
[2022-06-13T02:46:12.728+0000][1][safepoint    ] Total time for which application threads were stopped: 0.0001979 seconds, Stopping threads took: 0.0000926 seconds
[2022-06-13T02:46:12.728+0000][1][safepoint    ] Application time: 0.0000485 seconds
[2022-06-13T02:46:12.728+0000][1][safepoint    ] Entering safepoint region: RevokeBias
[2022-06-13T02:46:12.729+0000][1][safepoint    ] Leaving safepoint region
[2022-06-13T02:46:12.729+0000][1][safepoint    ] Total time for which application threads were stopped: 0.0001892 seconds, Stopping threads took: 0.0000830 seconds
[2022-06-13T02:46:12.729+0000][1][safepoint    ] Application time: 0.0000480 seconds
[2022-06-13T02:46:12.729+0000][1][safepoint    ] Entering safepoint region: RevokeBias
[2022-06-13T02:46:12.729+0000][1][safepoint    ] Leaving safepoint region
[2022-06-13T02:46:12.729+0000][1][safepoint    ] Total time for which application threads were stopped: 0.0001817 seconds, Stopping threads took: 0.0000818 seconds
[2022-06-13T02:46:12.729+0000][1][safepoint    ] Application time: 0.0001780 seconds
[2022-06-13T02:46:12.729+0000][1][safepoint    ] Entering safepoint region: RevokeBias
[2022-06-13T02:46:12.730+0000][1][safepoint    ] Leaving safepoint region
[2022-06-13T02:46:12.730+0000][1][safepoint    ] Total time for which application threads were stopped: 0.0001726 seconds, Stopping threads took: 0.0000793 seconds
[2022-06-13T02:46:12.730+0000][1][safepoint    ] Application time: 0.0000494 seconds
[2022-06-13T02:46:12.730+0000][1][safepoint    ] Entering safepoint region: RevokeBias
[2022-06-13T02:46:12.730+0000][1][safepoint    ] Leaving safepoint region
[2022-06-13T02:46:12.730+0000][1][safepoint    ] Total time for which application threads were stopped: 0.0001723 seconds, Stopping threads took: 0.0000804 seconds
[2022-06-13T02:46:12.730+0000][1][safepoint    ] Application time: 0.0000486 seconds
[2022-06-13T02:46:12.730+0000][1][safepoint    ] Entering safepoint region: BulkRevokeBias
[2022-06-13T02:46:12.730+0000][1][safepoint    ] Leaving safepoint region
[2022-06-13T02:46:12.730+0000][1][safepoint    ] Total time for which application threads were stopped: 0.0002190 seconds, Stopping threads took: 0.0000854 seconds
[2022-06-13T02:46:12.731+0000][1][safepoint    ] Application time: 0.0001726 seconds
[2022-06-13T02:46:12.731+0000][1][safepoint    ] Entering safepoint region: RevokeBias
[2022-06-13T02:46:12.731+0000][1][safepoint    ] Leaving safepoint region
[2022-06-13T02:46:12.731+0000][1][safepoint    ] Total time for which application threads were stopped: 0.0005610 seconds, Stopping threads took: 0.0004491 seconds
[2022-06-13T02:46:12.732+0000][1][safepoint    ] Application time: 0.0001131 seconds
[2022-06-13T02:46:12.732+0000][1][safepoint    ] Entering safepoint region: RevokeBias
[2022-06-13T02:46:12.732+0000][1][safepoint    ] Leaving safepoint region
[2022-06-13T02:46:12.732+0000][1][safepoint    ] Total time for which application threads were stopped: 0.0001883 seconds, Stopping threads took: 0.0000845 seconds
[2022-06-13T02:46:12.732+0000][1][safepoint    ] Application time: 0.0001410 seconds
[2022-06-13T02:46:12.732+0000][1][safepoint    ] Entering safepoint region: RevokeBias
[2022-06-13T02:46:12.732+0000][1][safepoint    ] Leaving safepoint region
[2022-06-13T02:46:12.732+0000][1][safepoint    ] Total time for which application threads were stopped: 0.0002688 seconds, Stopping threads took: 0.0001458 seconds
[2022-06-13T02:46:12.733+0000][1][safepoint    ] Application time: 0.0000736 seconds
[2022-06-13T02:46:12.733+0000][1][safepoint    ] Entering safepoint region: RevokeBias
[2022-06-13T02:46:12.733+0000][1][safepoint    ] Leaving safepoint region
[2022-06-13T02:46:12.733+0000][1][safepoint    ] Total time for which application threads were stopped: 0.0002436 seconds, Stopping threads took: 0.0001050 seconds
[2022-06-13T02:46:12.733+0000][1][safepoint    ] Application time: 0.0000611 seconds
[2022-06-13T02:46:12.733+0000][1][safepoint    ] Entering safepoint region: RevokeBias
[2022-06-13T02:46:12.733+0000][1][safepoint    ] Leaving safepoint region
[2022-06-13T02:46:12.734+0000][1][safepoint    ] Total time for which application threads were stopped: 0.0003824 seconds, Stopping threads took: 0.0002445 seconds
[2022-06-13T02:46:12.734+0000][1][safepoint    ] Application time: 0.0000585 seconds
[2022-06-13T02:46:12.734+0000][1][safepoint    ] Entering safepoint region: RevokeBias
[2022-06-13T02:46:12.734+0000][1][safepoint    ] Leaving safepoint region
[2022-06-13T02:46:12.734+0000][1][safepoint    ] Total time for which application threads were stopped: 0.0002355 seconds, Stopping threads took: 0.0001322 seconds
[2022-06-13T02:46:12.734+0000][1][safepoint    ] Application time: 0.0002555 seconds
[2022-06-13T02:46:12.735+0000][1][safepoint    ] Entering safepoint region: RevokeBias
[2022-06-13T02:46:12.735+0000][1][safepoint    ] Leaving safepoint region
[2022-06-13T02:46:12.735+0000][1][safepoint    ] Total time for which application threads were stopped: 0.0003858 seconds, Stopping threads took: 0.0002673 seconds
[2022-06-13T02:46:12.735+0000][1][safepoint    ] Application time: 0.0001477 seconds
[2022-06-13T02:46:12.735+0000][1][safepoint    ] Entering safepoint region: RevokeBias
[2022-06-13T02:46:12.735+0000][1][safepoint    ] Leaving safepoint region
[2022-06-13T02:46:12.735+0000][1][safepoint    ] Total time for which application threads were stopped: 0.0002092 seconds, Stopping threads took: 0.0001001 seconds
[2022-06-13T02:46:12.736+0000][1][safepoint    ] Application time: 0.0002526 seconds
[2022-06-13T02:46:12.736+0000][1][safepoint    ] Entering safepoint region: RevokeBias
[2022-06-13T02:46:12.736+0000][1][safepoint    ] Leaving safepoint region
[2022-06-13T02:46:12.736+0000][1][safepoint    ] Total time for which application threads were stopped: 0.0002040 seconds, Stopping threads took: 0.0000939 seconds
[2022-06-13T02:46:12.736+0000][1][safepoint    ] Application time: 0.0003260 seconds
[2022-06-13T02:46:12.737+0000][1][safepoint    ] Entering safepoint region: RevokeBias
[2022-06-13T02:46:12.737+0000][1][safepoint    ] Leaving safepoint region
[2022-06-13T02:46:12.737+0000][1][safepoint    ] Total time for which application threads were stopped: 0.0002470 seconds, Stopping threads took: 0.0001267 seconds
[2022-06-13T02:46:12.737+0000][1][safepoint    ] Application time: 0.0002054 seconds
[2022-06-13T02:46:12.737+0000][1][safepoint    ] Entering safepoint region: RevokeBias
[2022-06-13T02:46:12.737+0000][1][safepoint    ] Leaving safepoint region
[2022-06-13T02:46:12.737+0000][1][safepoint    ] Total time for which application threads were stopped: 0.0002163 seconds, Stopping threads took: 0.0000974 seconds
[2022-06-13T02:46:12.738+0000][1][safepoint    ] Application time: 0.0000838 seconds
[2022-06-13T02:46:12.738+0000][1][safepoint    ] Entering safepoint region: RevokeBias
[2022-06-13T02:46:12.738+0000][1][safepoint    ] Leaving safepoint region
[2022-06-13T02:46:12.738+0000][1][safepoint    ] Total time for which application threads were stopped: 0.0002218 seconds, Stopping threads took: 0.0001016 seconds
[2022-06-13T02:46:12.738+0000][1][safepoint    ] Application time: 0.0000983 seconds
[2022-06-13T02:46:12.738+0000][1][safepoint    ] Entering safepoint region: RevokeBias
[2022-06-13T02:46:12.738+0000][1][safepoint    ] Leaving safepoint region
[2022-06-13T02:46:12.738+0000][1][safepoint    ] Total time for which application threads were stopped: 0.0002495 seconds, Stopping threads took: 0.0001225 seconds
[2022-06-13T02:46:12.739+0000][1][safepoint    ] Application time: 0.0001661 seconds
[2022-06-13T02:46:12.739+0000][1][safepoint    ] Entering safepoint region: RevokeBias
[2022-06-13T02:46:12.739+0000][1][safepoint    ] Leaving safepoint region
[2022-06-13T02:46:12.739+0000][1][safepoint    ] Total time for which application threads were stopped: 0.0002237 seconds, Stopping threads took: 0.0001085 seconds
[2022-06-13T02:46:12.739+0000][1][safepoint    ] Application time: 0.0002505 seconds
[2022-06-13T02:46:12.740+0000][1][safepoint    ] Entering safepoint region: RevokeBias
[2022-06-13T02:46:12.740+0000][1][safepoint    ] Leaving safepoint region
[2022-06-13T02:46:12.740+0000][1][safepoint    ] Total time for which application threads were stopped: 0.0002060 seconds, Stopping threads took: 0.0001052 seconds
[2022-06-13T02:46:12.741+0000][1][safepoint    ] Application time: 0.0010193 seconds
[2022-06-13T02:46:12.741+0000][1][safepoint    ] Entering safepoint region: RevokeBias
[2022-06-13T02:46:12.741+0000][1][safepoint    ] Leaving safepoint region
[2022-06-13T02:46:12.741+0000][1][safepoint    ] Total time for which application threads were stopped: 0.0003762 seconds, Stopping threads took: 0.0001390 seconds
[2022-06-13T02:46:12.742+0000][1][safepoint    ] Application time: 0.0001157 seconds
[2022-06-13T02:46:12.742+0000][1][safepoint    ] Entering safepoint region: RevokeBias
[2022-06-13T02:46:12.742+0000][1][safepoint    ] Leaving safepoint region
[2022-06-13T02:46:12.742+0000][1][safepoint    ] Total time for which application threads were stopped: 0.0002743 seconds, Stopping threads took: 0.0001513 seconds
[2022-06-13T02:46:12.742+0000][1][safepoint    ] Application time: 0.0000851 seconds
[2022-06-13T02:46:12.742+0000][1][safepoint    ] Entering safepoint region: RevokeBias
[2022-06-13T02:46:12.742+0000][1][safepoint    ] Leaving safepoint region
[2022-06-13T02:46:12.742+0000][1][safepoint    ] Total time for which application threads were stopped: 0.0002200 seconds, Stopping threads took: 0.0001052 seconds
[2022-06-13T02:46:12.744+0000][1][safepoint    ] Application time: 0.0013290 seconds
[2022-06-13T02:46:12.744+0000][1][safepoint    ] Entering safepoint region: RevokeBias
[2022-06-13T02:46:12.744+0000][1][safepoint    ] Leaving safepoint region
[2022-06-13T02:46:12.744+0000][1][safepoint    ] Total time for which application threads were stopped: 0.0003037 seconds, Stopping threads took: 0.0001775 seconds
[2022-06-13T02:46:12.744+0000][1][safepoint    ] Application time: 0.0000750 seconds
[2022-06-13T02:46:12.745+0000][1][safepoint    ] Entering safepoint region: RevokeBias
[2022-06-13T02:46:12.745+0000][1][safepoint    ] Leaving safepoint region
[2022-06-13T02:46:12.745+0000][1][safepoint    ] Total time for which application threads were stopped: 0.0004041 seconds, Stopping threads took: 0.0002828 seconds
[2022-06-13T02:46:12.745+0000][1][safepoint    ] Application time: 0.0002148 seconds
[2022-06-13T02:46:12.746+0000][1][safepoint    ] Entering safepoint region: RevokeBias
[2022-06-13T02:46:12.746+0000][1][safepoint    ] Leaving safepoint region
[2022-06-13T02:46:12.746+0000][1][safepoint    ] Total time for which application threads were stopped: 0.0005193 seconds, Stopping threads took: 0.0003907 seconds
[2022-06-13T02:46:13.046+0000][1][safepoint    ] Application time: 0.2996367 seconds
[2022-06-13T02:46:13.046+0000][1][safepoint    ] Entering safepoint region: GenCollectForAllocation
[2022-06-13T02:46:13.047+0000][1][gc,start     ] GC(20) Pause Young (Allocation Failure)
[2022-06-13T02:46:13.047+0000][1][gc,task      ] GC(20) Using 5 workers of 13 for evacuation
[2022-06-13T02:46:13.053+0000][1][gc,age       ] GC(20) Desired survivor size 4456448 bytes, new threshold 6 (max threshold 6)
[2022-06-13T02:46:13.054+0000][1][gc,age       ] GC(20) Age table with threshold 6 (max threshold 6)
[2022-06-13T02:46:13.054+0000][1][gc,age       ] GC(20) - age   1:    1409048 bytes,    1409048 total
[2022-06-13T02:46:13.055+0000][1][gc,age       ] GC(20) - age   2:    3000512 bytes,    4409560 total
[2022-06-13T02:46:13.055+0000][1][gc,heap      ] GC(20) ParNew: 78656K->7409K(78656K)
[2022-06-13T02:46:13.055+0000][1][gc,heap      ] GC(20) CMS: 54998K->59203K(174784K)
[2022-06-13T02:46:13.056+0000][1][gc,metaspace ] GC(20) Metaspace: 53208K->53208K(1097728K)
[2022-06-13T02:46:13.056+0000][1][gc           ] GC(20) Pause Young (Allocation Failure) 130M->65M(247M) 9.494ms
[2022-06-13T02:46:13.057+0000][1][gc,cpu       ] GC(20) User=0.03s Sys=0.00s Real=0.01s
[2022-06-13T02:46:13.057+0000][1][safepoint    ] Leaving safepoint region
[2022-06-13T02:46:13.057+0000][1][safepoint    ] Total time for which application threads were stopped: 0.0113398 seconds, Stopping threads took: 0.0005009 seconds
[2022-06-13T02:46:13.060+0000][1][safepoint    ] Application time: 0.0018214 seconds
[2022-06-13T02:46:13.060+0000][1][safepoint    ] Entering safepoint region: BulkRevokeBias
[2022-06-13T02:46:13.061+0000][1][safepoint    ] Leaving safepoint region
[2022-06-13T02:46:13.061+0000][1][safepoint    ] Total time for which application threads were stopped: 0.0007533 seconds, Stopping threads took: 0.0003291 seconds
[2022-06-13T02:46:13.084+0000][1][safepoint    ] Application time: 0.0230628 seconds
[2022-06-13T02:46:13.085+0000][1][safepoint    ] Entering safepoint region: Deoptimize
[2022-06-13T02:46:13.085+0000][1][safepoint    ] Leaving safepoint region
[2022-06-13T02:46:13.086+0000][1][safepoint    ] Total time for which application threads were stopped: 0.0011464 seconds, Stopping threads took: 0.0003582 seconds
[2022-06-13T02:46:13.294+0000][1][safepoint    ] Application time: 0.2077669 seconds
[2022-06-13T02:46:13.295+0000][1][safepoint    ] Entering safepoint region: Deoptimize
[2022-06-13T02:46:13.296+0000][1][safepoint    ] Leaving safepoint region
[2022-06-13T02:46:13.296+0000][1][safepoint    ] Total time for which application threads were stopped: 0.0016538 seconds, Stopping threads took: 0.0003979 seconds
[2022-06-13T02:46:13.316+0000][1][safepoint    ] Application time: 0.0193974 seconds
[2022-06-13T02:46:13.316+0000][1][safepoint    ] Entering safepoint region: RevokeBias
[2022-06-13T02:46:13.317+0000][1][safepoint    ] Leaving safepoint region
[2022-06-13T02:46:13.317+0000][1][safepoint    ] Total time for which application threads were stopped: 0.0007255 seconds, Stopping threads took: 0.0003341 seconds
[2022-06-13T02:46:13.317+0000][1][safepoint    ] Application time: 0.0001244 seconds
[2022-06-13T02:46:13.318+0000][1][safepoint    ] Entering safepoint region: RevokeBias
[2022-06-13T02:46:13.318+0000][1][safepoint    ] Leaving safepoint region
[2022-06-13T02:46:13.318+0000][1][safepoint    ] Total time for which application threads were stopped: 0.0005932 seconds, Stopping threads took: 0.0003066 seconds
[2022-06-13T02:46:13.319+0000][1][safepoint    ] Application time: 0.0001745 seconds
[2022-06-13T02:46:13.319+0000][1][safepoint    ] Entering safepoint region: RevokeBias
[2022-06-13T02:46:13.319+0000][1][safepoint    ] Leaving safepoint region
[2022-06-13T02:46:13.320+0000][1][safepoint    ] Total time for which application threads were stopped: 0.0006131 seconds, Stopping threads took: 0.0001810 seconds
[2022-06-13T02:46:13.321+0000][1][safepoint    ] Application time: 0.0014706 seconds
[2022-06-13T02:46:13.322+0000][1][safepoint    ] Entering safepoint region: RevokeBias
[2022-06-13T02:46:13.322+0000][1][safepoint    ] Leaving safepoint region
[2022-06-13T02:46:13.322+0000][1][safepoint    ] Total time for which application threads were stopped: 0.0005293 seconds, Stopping threads took: 0.0002600 seconds
[2022-06-13T02:46:13.436+0000][1][safepoint    ] Application time: 0.1140636 seconds
[2022-06-13T02:46:13.437+0000][1][safepoint    ] Entering safepoint region: Deoptimize
[2022-06-13T02:46:13.439+0000][1][safepoint    ] Leaving safepoint region
[2022-06-13T02:46:13.439+0000][1][safepoint    ] Total time for which application threads were stopped: 0.0021968 seconds, Stopping threads took: 0.0002980 seconds
[2022-06-13T02:46:13.615+0000][1][safepoint    ] Application time: 0.1758621 seconds
[2022-06-13T02:46:13.616+0000][1][safepoint    ] Entering safepoint region: RevokeBias
[2022-06-13T02:46:13.616+0000][1][safepoint    ] Leaving safepoint region
[2022-06-13T02:46:13.616+0000][1][safepoint    ] Total time for which application threads were stopped: 0.0005783 seconds, Stopping threads took: 0.0003368 seconds
[2022-06-13T02:46:13.617+0000][1][safepoint    ] Application time: 0.0001703 seconds
[2022-06-13T02:46:13.617+0000][1][safepoint    ] Entering safepoint region: RevokeBias
[2022-06-13T02:46:13.617+0000][1][safepoint    ] Leaving safepoint region
[2022-06-13T02:46:13.617+0000][1][safepoint    ] Total time for which application threads were stopped: 0.0005626 seconds, Stopping threads took: 0.0003294 seconds
[2022-06-13T02:46:13.618+0000][1][safepoint    ] Application time: 0.0001409 seconds
[2022-06-13T02:46:13.618+0000][1][safepoint    ] Entering safepoint region: RevokeBias
[2022-06-13T02:46:13.618+0000][1][safepoint    ] Leaving safepoint region
[2022-06-13T02:46:13.618+0000][1][safepoint    ] Total time for which application threads were stopped: 0.0006214 seconds, Stopping threads took: 0.0003458 seconds
[2022-06-13T02:46:13.619+0000][1][safepoint    ] Application time: 0.0000962 seconds
[2022-06-13T02:46:13.619+0000][1][safepoint    ] Entering safepoint region: RevokeBias
[2022-06-13T02:46:13.620+0000][1][safepoint    ] Leaving safepoint region
[2022-06-13T02:46:13.620+0000][1][safepoint    ] Total time for which application threads were stopped: 0.0007860 seconds, Stopping threads took: 0.0005687 seconds
[2022-06-13T02:46:13.620+0000][1][safepoint    ] Application time: 0.0000873 seconds
[2022-06-13T02:46:13.620+0000][1][safepoint    ] Entering safepoint region: RevokeBias
[2022-06-13T02:46:13.621+0000][1][safepoint    ] Leaving safepoint region
[2022-06-13T02:46:13.621+0000][1][safepoint    ] Total time for which application threads were stopped: 0.0005754 seconds, Stopping threads took: 0.0003331 seconds
[2022-06-13T02:46:13.621+0000][1][safepoint    ] Application time: 0.0000866 seconds
[2022-06-13T02:46:13.621+0000][1][safepoint    ] Entering safepoint region: RevokeBias
[2022-06-13T02:46:13.622+0000][1][safepoint    ] Leaving safepoint region
[2022-06-13T02:46:13.622+0000][1][safepoint    ] Total time for which application threads were stopped: 0.0004546 seconds, Stopping threads took: 0.0002363 seconds
[2022-06-13T02:46:13.622+0000][1][safepoint    ] Application time: 0.0000870 seconds
[2022-06-13T02:46:13.622+0000][1][safepoint    ] Entering safepoint region: RevokeBias
[2022-06-13T02:46:13.623+0000][1][safepoint    ] Leaving safepoint region
[2022-06-13T02:46:13.623+0000][1][safepoint    ] Total time for which application threads were stopped: 0.0004136 seconds, Stopping threads took: 0.0002103 seconds
[2022-06-13T02:46:13.623+0000][1][safepoint    ] Application time: 0.0000826 seconds
[2022-06-13T02:46:13.624+0000][1][safepoint    ] Entering safepoint region: RevokeBias
[2022-06-13T02:46:13.624+0000][1][safepoint    ] Leaving safepoint region
[2022-06-13T02:46:13.624+0000][1][safepoint    ] Total time for which application threads were stopped: 0.0003096 seconds, Stopping threads took: 0.0001880 seconds
[2022-06-13T02:46:13.624+0000][1][safepoint    ] Application time: 0.0001587 seconds
[2022-06-13T02:46:13.625+0000][1][safepoint    ] Entering safepoint region: RevokeBias
[2022-06-13T02:46:13.625+0000][1][safepoint    ] Leaving safepoint region
[2022-06-13T02:46:13.625+0000][1][safepoint    ] Total time for which application threads were stopped: 0.0005598 seconds, Stopping threads took: 0.0003593 seconds
[2022-06-13T02:46:13.625+0000][1][safepoint    ] Application time: 0.0001471 seconds
[2022-06-13T02:46:13.626+0000][1][safepoint    ] Entering safepoint region: RevokeBias
[2022-06-13T02:46:13.626+0000][1][safepoint    ] Leaving safepoint region
[2022-06-13T02:46:13.626+0000][1][safepoint    ] Total time for which application threads were stopped: 0.0003674 seconds, Stopping threads took: 0.0001757 seconds
[2022-06-13T02:46:13.626+0000][1][safepoint    ] Application time: 0.0000840 seconds
[2022-06-13T02:46:13.626+0000][1][safepoint    ] Entering safepoint region: RevokeBias
[2022-06-13T02:46:13.626+0000][1][safepoint    ] Leaving safepoint region
[2022-06-13T02:46:13.627+0000][1][safepoint    ] Total time for which application threads were stopped: 0.0003455 seconds, Stopping threads took: 0.0001203 seconds
[2022-06-13T02:46:13.627+0000][1][safepoint    ] Application time: 0.0001289 seconds
[2022-06-13T02:46:13.627+0000][1][safepoint    ] Entering safepoint region: RevokeBias
[2022-06-13T02:46:13.627+0000][1][safepoint    ] Leaving safepoint region
[2022-06-13T02:46:13.627+0000][1][safepoint    ] Total time for which application threads were stopped: 0.0003614 seconds, Stopping threads took: 0.0001698 seconds
[2022-06-13T02:46:13.628+0000][1][safepoint    ] Application time: 0.0001032 seconds
[2022-06-13T02:46:13.628+0000][1][safepoint    ] Entering safepoint region: RevokeBias
[2022-06-13T02:46:13.628+0000][1][safepoint    ] Leaving safepoint region
[2022-06-13T02:46:13.628+0000][1][safepoint    ] Total time for which application threads were stopped: 0.0003656 seconds, Stopping threads took: 0.0001691 seconds
[2022-06-13T02:46:13.629+0000][1][safepoint    ] Application time: 0.0000838 seconds
[2022-06-13T02:46:13.629+0000][1][safepoint    ] Entering safepoint region: RevokeBias
[2022-06-13T02:46:13.629+0000][1][safepoint    ] Leaving safepoint region
[2022-06-13T02:46:13.629+0000][1][safepoint    ] Total time for which application threads were stopped: 0.0004979 seconds, Stopping threads took: 0.0002306 seconds
[2022-06-13T02:46:13.629+0000][1][safepoint    ] Application time: 0.0000790 seconds
[2022-06-13T02:46:13.630+0000][1][safepoint    ] Entering safepoint region: RevokeBias
[2022-06-13T02:46:13.630+0000][1][safepoint    ] Leaving safepoint region
[2022-06-13T02:46:13.630+0000][1][safepoint    ] Total time for which application threads were stopped: 0.0003947 seconds, Stopping threads took: 0.0002058 seconds
[2022-06-13T02:46:13.631+0000][1][safepoint    ] Application time: 0.0008044 seconds
[2022-06-13T02:46:13.631+0000][1][safepoint    ] Entering safepoint region: RevokeBias
[2022-06-13T02:46:13.632+0000][1][safepoint    ] Leaving safepoint region
[2022-06-13T02:46:13.632+0000][1][safepoint    ] Total time for which application threads were stopped: 0.0005544 seconds, Stopping threads took: 0.0003035 seconds
[2022-06-13T02:46:13.632+0000][1][safepoint    ] Application time: 0.0000991 seconds
[2022-06-13T02:46:13.632+0000][1][safepoint    ] Entering safepoint region: RevokeBias
[2022-06-13T02:46:13.633+0000][1][safepoint    ] Leaving safepoint region
[2022-06-13T02:46:13.633+0000][1][safepoint    ] Total time for which application threads were stopped: 0.0006189 seconds, Stopping threads took: 0.0003368 seconds
[2022-06-13T02:46:13.652+0000][1][safepoint    ] Application time: 0.0187860 seconds
[2022-06-13T02:46:13.652+0000][1][safepoint    ] Entering safepoint region: GenCollectForAllocation
[2022-06-13T02:46:13.653+0000][1][gc,start     ] GC(21) Pause Young (Allocation Failure)
[2022-06-13T02:46:13.653+0000][1][gc,task      ] GC(21) Using 5 workers of 13 for evacuation
[2022-06-13T02:46:13.659+0000][1][gc,age       ] GC(21) Desired survivor size 4456448 bytes, new threshold 2 (max threshold 6)
[2022-06-13T02:46:13.659+0000][1][gc,age       ] GC(21) Age table with threshold 2 (max threshold 6)
[2022-06-13T02:46:13.659+0000][1][gc,age       ] GC(21) - age   1:    3788864 bytes,    3788864 total
[2022-06-13T02:46:13.660+0000][1][gc,age       ] GC(21) - age   2:    1290496 bytes,    5079360 total
[2022-06-13T02:46:13.660+0000][1][gc,age       ] GC(21) - age   3:    2981088 bytes,    8060448 total
[2022-06-13T02:46:13.660+0000][1][gc,heap      ] GC(21) ParNew: 77361K->8704K(78656K)
[2022-06-13T02:46:13.660+0000][1][gc,heap      ] GC(21) CMS: 59203K->59214K(174784K)
[2022-06-13T02:46:13.661+0000][1][gc,metaspace ] GC(21) Metaspace: 61124K->61124K(1105920K)
[2022-06-13T02:46:13.661+0000][1][gc           ] GC(21) Pause Young (Allocation Failure) 133M->66M(247M) 8.259ms
[2022-06-13T02:46:13.661+0000][1][gc,cpu       ] GC(21) User=0.03s Sys=0.00s Real=0.01s
[2022-06-13T02:46:13.661+0000][1][safepoint    ] Leaving safepoint region
[2022-06-13T02:46:13.662+0000][1][safepoint    ] Total time for which application threads were stopped: 0.0092880 seconds, Stopping threads took: 0.0003449 seconds
[2022-06-13T02:46:13.682+0000][1][safepoint    ] Application time: 0.0205060 seconds
[2022-06-13T02:46:13.683+0000][1][safepoint    ] Entering safepoint region: RevokeBias
[2022-06-13T02:46:13.683+0000][1][safepoint    ] Leaving safepoint region
[2022-06-13T02:46:13.683+0000][1][safepoint    ] Total time for which application threads were stopped: 0.0004700 seconds, Stopping threads took: 0.0001827 seconds
[2022-06-13T02:46:13.777+0000][1][safepoint    ] Application time: 0.0935754 seconds
[2022-06-13T02:46:13.777+0000][1][safepoint    ] Entering safepoint region: Deoptimize
[2022-06-13T02:46:13.778+0000][1][safepoint    ] Leaving safepoint region
[2022-06-13T02:46:13.779+0000][1][safepoint    ] Total time for which application threads were stopped: 0.0013010 seconds, Stopping threads took: 0.0003016 seconds
[2022-06-13T02:46:13.785+0000][1][safepoint    ] Application time: 0.0056269 seconds
[2022-06-13T02:46:13.785+0000][1][safepoint    ] Entering safepoint region: BulkRevokeBias
[2022-06-13T02:46:13.785+0000][1][safepoint    ] Leaving safepoint region
[2022-06-13T02:46:13.786+0000][1][safepoint    ] Total time for which application threads were stopped: 0.0006739 seconds, Stopping threads took: 0.0004025 seconds
[2022-06-13T02:46:13.787+0000][1][safepoint    ] Application time: 0.0009130 seconds
[2022-06-13T02:46:13.787+0000][1][safepoint    ] Entering safepoint region: RevokeBias
[2022-06-13T02:46:13.787+0000][1][safepoint    ] Leaving safepoint region
[2022-06-13T02:46:13.787+0000][1][safepoint    ] Total time for which application threads were stopped: 0.0005687 seconds, Stopping threads took: 0.0003102 seconds
[2022-06-13T02:46:13.788+0000][1][safepoint    ] Application time: 0.0004200 seconds
[2022-06-13T02:46:13.788+0000][1][safepoint    ] Entering safepoint region: RevokeBias
[2022-06-13T02:46:13.789+0000][1][safepoint    ] Leaving safepoint region
[2022-06-13T02:46:13.789+0000][1][safepoint    ] Total time for which application threads were stopped: 0.0004993 seconds, Stopping threads took: 0.0002388 seconds
[2022-06-13T02:46:13.789+0000][1][safepoint    ] Application time: 0.0001798 seconds
[2022-06-13T02:46:13.790+0000][1][safepoint    ] Entering safepoint region: RevokeBias
[2022-06-13T02:46:13.790+0000][1][safepoint    ] Leaving safepoint region
[2022-06-13T02:46:13.790+0000][1][safepoint    ] Total time for which application threads were stopped: 0.0006162 seconds, Stopping threads took: 0.0003731 seconds
[2022-06-13T02:46:13.791+0000][1][safepoint    ] Application time: 0.0002311 seconds
[2022-06-13T02:46:13.791+0000][1][safepoint    ] Entering safepoint region: RevokeBias
[2022-06-13T02:46:13.791+0000][1][safepoint    ] Leaving safepoint region
[2022-06-13T02:46:13.791+0000][1][safepoint    ] Total time for which application threads were stopped: 0.0006001 seconds, Stopping threads took: 0.0002836 seconds
[2022-06-13T02:46:13.792+0000][1][safepoint    ] Application time: 0.0001935 seconds
[2022-06-13T02:46:13.792+0000][1][safepoint    ] Entering safepoint region: RevokeBias
[2022-06-13T02:46:13.792+0000][1][safepoint    ] Leaving safepoint region
[2022-06-13T02:46:13.792+0000][1][safepoint    ] Total time for which application threads were stopped: 0.0004448 seconds, Stopping threads took: 0.0002290 seconds
[2022-06-13T02:46:13.793+0000][1][safepoint    ] Application time: 0.0002378 seconds
[2022-06-13T02:46:13.793+0000][1][safepoint    ] Entering safepoint region: RevokeBias
[2022-06-13T02:46:13.793+0000][1][safepoint    ] Leaving safepoint region
[2022-06-13T02:46:13.793+0000][1][safepoint    ] Total time for which application threads were stopped: 0.0003832 seconds, Stopping threads took: 0.0001725 seconds
[2022-06-13T02:46:13.794+0000][1][safepoint    ] Application time: 0.0001216 seconds
[2022-06-13T02:46:13.794+0000][1][safepoint    ] Entering safepoint region: RevokeBias
[2022-06-13T02:46:13.794+0000][1][safepoint    ] Leaving safepoint region
[2022-06-13T02:46:13.794+0000][1][safepoint    ] Total time for which application threads were stopped: 0.0004254 seconds, Stopping threads took: 0.0002335 seconds
[2022-06-13T02:46:13.795+0000][1][safepoint    ] Application time: 0.0008284 seconds
[2022-06-13T02:46:13.796+0000][1][safepoint    ] Entering safepoint region: RevokeBias
[2022-06-13T02:46:13.796+0000][1][safepoint    ] Leaving safepoint region
[2022-06-13T02:46:13.796+0000][1][safepoint    ] Total time for which application threads were stopped: 0.0003760 seconds, Stopping threads took: 0.0001770 seconds
[2022-06-13T02:46:13.796+0000][1][safepoint    ] Application time: 0.0001379 seconds
[2022-06-13T02:46:13.797+0000][1][safepoint    ] Entering safepoint region: RevokeBias
[2022-06-13T02:46:13.797+0000][1][safepoint    ] Leaving safepoint region
[2022-06-13T02:46:13.797+0000][1][safepoint    ] Total time for which application threads were stopped: 0.0004120 seconds, Stopping threads took: 0.0002196 seconds
[2022-06-13T02:46:13.799+0000][1][safepoint    ] Application time: 0.0015204 seconds
[2022-06-13T02:46:13.799+0000][1][safepoint    ] Entering safepoint region: Deoptimize
[2022-06-13T02:46:13.800+0000][1][safepoint    ] Leaving safepoint region
[2022-06-13T02:46:13.800+0000][1][safepoint    ] Total time for which application threads were stopped: 0.0009307 seconds, Stopping threads took: 0.0001972 seconds
[2022-06-13T02:46:13.800+0000][1][safepoint    ] Application time: 0.0003944 seconds
[2022-06-13T02:46:13.801+0000][1][safepoint    ] Entering safepoint region: RevokeBias
[2022-06-13T02:46:13.801+0000][1][safepoint    ] Leaving safepoint region
[2022-06-13T02:46:13.801+0000][1][safepoint    ] Total time for which application threads were stopped: 0.0003436 seconds, Stopping threads took: 0.0002183 seconds
[2022-06-13T02:46:13.841+0000][1][safepoint    ] Application time: 0.0403272 seconds
[2022-06-13T02:46:13.842+0000][1][safepoint    ] Entering safepoint region: RevokeBias
[2022-06-13T02:46:13.842+0000][1][safepoint    ] Leaving safepoint region
[2022-06-13T02:46:13.842+0000][1][safepoint    ] Total time for which application threads were stopped: 0.0005712 seconds, Stopping threads took: 0.0002782 seconds
[2022-06-13T02:46:13.843+0000][1][safepoint    ] Application time: 0.0001780 seconds
[2022-06-13T02:46:13.843+0000][1][safepoint    ] Entering safepoint region: RevokeBias
[2022-06-13T02:46:13.843+0000][1][safepoint    ] Leaving safepoint region
[2022-06-13T02:46:13.844+0000][1][safepoint    ] Total time for which application threads were stopped: 0.0006160 seconds, Stopping threads took: 0.0003323 seconds
[2022-06-13T02:46:13.844+0000][1][safepoint    ] Application time: 0.0003567 seconds
[2022-06-13T02:46:13.844+0000][1][safepoint    ] Entering safepoint region: RevokeBias
[2022-06-13T02:46:13.845+0000][1][safepoint    ] Leaving safepoint region
[2022-06-13T02:46:13.845+0000][1][safepoint    ] Total time for which application threads were stopped: 0.0004011 seconds, Stopping threads took: 0.0001538 seconds
[2022-06-13T02:46:13.845+0000][1][safepoint    ] Application time: 0.0001289 seconds
[2022-06-13T02:46:13.845+0000][1][safepoint    ] Entering safepoint region: RevokeBias
[2022-06-13T02:46:13.846+0000][1][safepoint    ] Leaving safepoint region
[2022-06-13T02:46:13.846+0000][1][safepoint    ] Total time for which application threads were stopped: 0.0003537 seconds, Stopping threads took: 0.0001586 seconds
[2022-06-13T02:46:13.868+0000][1][safepoint    ] Application time: 0.0219682 seconds
[2022-06-13T02:46:13.868+0000][1][safepoint    ] Entering safepoint region: RevokeBias
[2022-06-13T02:46:13.869+0000][1][safepoint    ] Leaving safepoint region
[2022-06-13T02:46:13.869+0000][1][safepoint    ] Total time for which application threads were stopped: 0.0007946 seconds, Stopping threads took: 0.0004262 seconds
[2022-06-13T02:46:13.870+0000][1][safepoint    ] Application time: 0.0003155 seconds
[2022-06-13T02:46:13.871+0000][1][safepoint    ] Entering safepoint region: RevokeBias
[2022-06-13T02:46:13.871+0000][1][safepoint    ] Leaving safepoint region
[2022-06-13T02:46:13.871+0000][1][safepoint    ] Total time for which application threads were stopped: 0.0007674 seconds, Stopping threads took: 0.0002915 seconds
[2022-06-13T02:46:13.872+0000][1][safepoint    ] Application time: 0.0002785 seconds
[2022-06-13T02:46:13.872+0000][1][safepoint    ] Entering safepoint region: RevokeBias
[2022-06-13T02:46:13.873+0000][1][safepoint    ] Leaving safepoint region
[2022-06-13T02:46:13.873+0000][1][safepoint    ] Total time for which application threads were stopped: 0.0007308 seconds, Stopping threads took: 0.0003236 seconds
[2022-06-13T02:46:13.875+0000][1][safepoint    ] Application time: 0.0016191 seconds
[2022-06-13T02:46:13.876+0000][1][safepoint    ] Entering safepoint region: RevokeBias
[2022-06-13T02:46:13.876+0000][1][safepoint    ] Leaving safepoint region
[2022-06-13T02:46:13.877+0000][1][safepoint    ] Total time for which application threads were stopped: 0.0009410 seconds, Stopping threads took: 0.0004085 seconds
[2022-06-13T02:46:13.877+0000][1][safepoint    ] Application time: 0.0004038 seconds
[2022-06-13T02:46:13.878+0000][1][safepoint    ] Entering safepoint region: RevokeBias
[2022-06-13T02:46:13.878+0000][1][safepoint    ] Leaving safepoint region
[2022-06-13T02:46:13.878+0000][1][safepoint    ] Total time for which application threads were stopped: 0.0007463 seconds, Stopping threads took: 0.0003649 seconds
[2022-06-13T02:46:13.879+0000][1][safepoint    ] Application time: 0.0001391 seconds
[2022-06-13T02:46:13.879+0000][1][safepoint    ] Entering safepoint region: RevokeBias
[2022-06-13T02:46:13.880+0000][1][safepoint    ] Leaving safepoint region
[2022-06-13T02:46:13.880+0000][1][safepoint    ] Total time for which application threads were stopped: 0.0007596 seconds, Stopping threads took: 0.0003513 seconds
[2022-06-13T02:46:13.881+0000][1][safepoint    ] Application time: 0.0001983 seconds
[2022-06-13T02:46:13.881+0000][1][safepoint    ] Entering safepoint region: RevokeBias
[2022-06-13T02:46:13.882+0000][1][safepoint    ] Leaving safepoint region
[2022-06-13T02:46:13.882+0000][1][safepoint    ] Total time for which application threads were stopped: 0.0007511 seconds, Stopping threads took: 0.0003668 seconds
[2022-06-13T02:46:13.883+0000][1][safepoint    ] Application time: 0.0004208 seconds
[2022-06-13T02:46:13.883+0000][1][safepoint    ] Entering safepoint region: RevokeBias
[2022-06-13T02:46:13.883+0000][1][safepoint    ] Leaving safepoint region
[2022-06-13T02:46:13.884+0000][1][safepoint    ] Total time for which application threads were stopped: 0.0006961 seconds, Stopping threads took: 0.0003274 seconds
[2022-06-13T02:46:13.884+0000][1][safepoint    ] Application time: 0.0002443 seconds
[2022-06-13T02:46:13.884+0000][1][safepoint    ] Entering safepoint region: RevokeBias
[2022-06-13T02:46:13.885+0000][1][safepoint    ] Leaving safepoint region
[2022-06-13T02:46:13.885+0000][1][safepoint    ] Total time for which application threads were stopped: 0.0003687 seconds, Stopping threads took: 0.0001946 seconds
[2022-06-13T02:46:13.885+0000][1][safepoint    ] Application time: 0.0000475 seconds
[2022-06-13T02:46:13.885+0000][1][safepoint    ] Entering safepoint region: RevokeBias
[2022-06-13T02:46:13.885+0000][1][safepoint    ] Leaving safepoint region
[2022-06-13T02:46:13.886+0000][1][safepoint    ] Total time for which application threads were stopped: 0.0003280 seconds, Stopping threads took: 0.0001615 seconds
[2022-06-13T02:46:13.897+0000][1][safepoint    ] Application time: 0.0108547 seconds
[2022-06-13T02:46:13.897+0000][1][safepoint    ] Entering safepoint region: RevokeBias
[2022-06-13T02:46:13.897+0000][1][safepoint    ] Leaving safepoint region
[2022-06-13T02:46:13.898+0000][1][safepoint    ] Total time for which application threads were stopped: 0.0007831 seconds, Stopping threads took: 0.0004318 seconds
[2022-06-13T02:46:13.899+0000][1][safepoint    ] Application time: 0.0011049 seconds
[2022-06-13T02:46:13.899+0000][1][safepoint    ] Entering safepoint region: RevokeBias
[2022-06-13T02:46:13.900+0000][1][safepoint    ] Leaving safepoint region
[2022-06-13T02:46:13.900+0000][1][safepoint    ] Total time for which application threads were stopped: 0.0007589 seconds, Stopping threads took: 0.0003738 seconds
[2022-06-13T02:46:13.901+0000][1][safepoint    ] Application time: 0.0012304 seconds
[2022-06-13T02:46:13.902+0000][1][safepoint    ] Entering safepoint region: RevokeBias
[2022-06-13T02:46:13.902+0000][1][safepoint    ] Leaving safepoint region
[2022-06-13T02:46:13.903+0000][1][safepoint    ] Total time for which application threads were stopped: 0.0006853 seconds, Stopping threads took: 0.0002174 seconds
[2022-06-13T02:46:13.903+0000][1][safepoint    ] Application time: 0.0001923 seconds
[2022-06-13T02:46:13.903+0000][1][safepoint    ] Entering safepoint region: RevokeBias
[2022-06-13T02:46:13.904+0000][1][safepoint    ] Leaving safepoint region
[2022-06-13T02:46:13.904+0000][1][safepoint    ] Total time for which application threads were stopped: 0.0005844 seconds, Stopping threads took: 0.0002527 seconds
[2022-06-13T02:46:13.962+0000][1][safepoint    ] Application time: 0.0573436 seconds
[2022-06-13T02:46:13.962+0000][1][safepoint    ] Entering safepoint region: RevokeBias
[2022-06-13T02:46:13.962+0000][1][safepoint    ] Leaving safepoint region
[2022-06-13T02:46:13.962+0000][1][safepoint    ] Total time for which application threads were stopped: 0.0002738 seconds, Stopping threads took: 0.0001264 seconds
[2022-06-13T02:46:13.962+0000][1][safepoint    ] Application time: 0.0001343 seconds
[2022-06-13T02:46:13.962+0000][1][safepoint    ] Entering safepoint region: RevokeBias
[2022-06-13T02:46:13.962+0000][1][safepoint    ] Leaving safepoint region
[2022-06-13T02:46:13.963+0000][1][safepoint    ] Total time for which application threads were stopped: 0.0002213 seconds, Stopping threads took: 0.0000997 seconds
[2022-06-13T02:46:13.966+0000][1][safepoint    ] Application time: 0.0034451 seconds
[2022-06-13T02:46:13.966+0000][1][safepoint    ] Entering safepoint region: RevokeBias
[2022-06-13T02:46:13.966+0000][1][safepoint    ] Leaving safepoint region
[2022-06-13T02:46:13.966+0000][1][safepoint    ] Total time for which application threads were stopped: 0.0002354 seconds, Stopping threads took: 0.0001057 seconds
[2022-06-13T02:46:13.967+0000][1][safepoint    ] Application time: 0.0009476 seconds
[2022-06-13T02:46:13.968+0000][1][safepoint    ] Entering safepoint region: RevokeBias
[2022-06-13T02:46:13.968+0000][1][safepoint    ] Leaving safepoint region
[2022-06-13T02:46:13.968+0000][1][safepoint    ] Total time for which application threads were stopped: 0.0002207 seconds, Stopping threads took: 0.0001001 seconds
[2022-06-13T02:46:13.976+0000][1][safepoint    ] Application time: 0.0076452 seconds
[2022-06-13T02:46:13.976+0000][1][safepoint    ] Entering safepoint region: RevokeBias
[2022-06-13T02:46:13.976+0000][1][safepoint    ] Leaving safepoint region
[2022-06-13T02:46:13.977+0000][1][safepoint    ] Total time for which application threads were stopped: 0.0008327 seconds, Stopping threads took: 0.0003772 seconds
[2022-06-13T02:46:13.977+0000][1][safepoint    ] Application time: 0.0002034 seconds
[2022-06-13T02:46:13.978+0000][1][safepoint    ] Entering safepoint region: RevokeBias
[2022-06-13T02:46:13.978+0000][1][safepoint    ] Leaving safepoint region
[2022-06-13T02:46:13.979+0000][1][safepoint    ] Total time for which application threads were stopped: 0.0008644 seconds, Stopping threads took: 0.0004228 seconds
[2022-06-13T02:46:13.984+0000][1][safepoint    ] Application time: 0.0051750 seconds
[2022-06-13T02:46:13.984+0000][1][safepoint    ] Entering safepoint region: RevokeBias
[2022-06-13T02:46:13.985+0000][1][safepoint    ] Leaving safepoint region
[2022-06-13T02:46:13.985+0000][1][safepoint    ] Total time for which application threads were stopped: 0.0006164 seconds, Stopping threads took: 0.0002684 seconds
[2022-06-13T02:46:13.987+0000][1][safepoint    ] Application time: 0.0018780 seconds
[2022-06-13T02:46:13.987+0000][1][safepoint    ] Entering safepoint region: RevokeBias
[2022-06-13T02:46:13.988+0000][1][safepoint    ] Leaving safepoint region
[2022-06-13T02:46:13.988+0000][1][safepoint    ] Total time for which application threads were stopped: 0.0004236 seconds, Stopping threads took: 0.0002002 seconds
[2022-06-13T02:46:13.988+0000][1][safepoint    ] Application time: 0.0000613 seconds
[2022-06-13T02:46:13.988+0000][1][safepoint    ] Entering safepoint region: RevokeBias
[2022-06-13T02:46:13.989+0000][1][safepoint    ] Leaving safepoint region
[2022-06-13T02:46:13.989+0000][1][safepoint    ] Total time for which application threads were stopped: 0.0005218 seconds, Stopping threads took: 0.0002967 seconds
[2022-06-13T02:46:13.989+0000][1][safepoint    ] Application time: 0.0000488 seconds
[2022-06-13T02:46:13.989+0000][1][safepoint    ] Entering safepoint region: RevokeBias
[2022-06-13T02:46:13.989+0000][1][safepoint    ] Leaving safepoint region
[2022-06-13T02:46:13.990+0000][1][safepoint    ] Total time for which application threads were stopped: 0.0003469 seconds, Stopping threads took: 0.0002114 seconds
[2022-06-13T02:46:13.990+0000][1][safepoint    ] Application time: 0.0000713 seconds
[2022-06-13T02:46:13.990+0000][1][safepoint    ] Entering safepoint region: RevokeBias
[2022-06-13T02:46:13.990+0000][1][safepoint    ] Leaving safepoint region
[2022-06-13T02:46:13.990+0000][1][safepoint    ] Total time for which application threads were stopped: 0.0002196 seconds, Stopping threads took: 0.0000949 seconds
[2022-06-13T02:46:13.990+0000][1][safepoint    ] Application time: 0.0000643 seconds
[2022-06-13T02:46:13.990+0000][1][safepoint    ] Entering safepoint region: RevokeBias
[2022-06-13T02:46:13.990+0000][1][safepoint    ] Leaving safepoint region
[2022-06-13T02:46:13.991+0000][1][safepoint    ] Total time for which application threads were stopped: 0.0002337 seconds, Stopping threads took: 0.0000951 seconds
[2022-06-13T02:46:13.991+0000][1][safepoint    ] Application time: 0.0000570 seconds
[2022-06-13T02:46:13.991+0000][1][safepoint    ] Entering safepoint region: RevokeBias
[2022-06-13T02:46:13.991+0000][1][safepoint    ] Leaving safepoint region
[2022-06-13T02:46:13.991+0000][1][safepoint    ] Total time for which application threads were stopped: 0.0002113 seconds, Stopping threads took: 0.0000949 seconds
[2022-06-13T02:46:13.991+0000][1][safepoint    ] Application time: 0.0000666 seconds
[2022-06-13T02:46:13.991+0000][1][safepoint    ] Entering safepoint region: RevokeBias
[2022-06-13T02:46:13.991+0000][1][safepoint    ] Leaving safepoint region
[2022-06-13T02:46:13.991+0000][1][safepoint    ] Total time for which application threads were stopped: 0.0002121 seconds, Stopping threads took: 0.0000938 seconds
[2022-06-13T02:46:13.992+0000][1][safepoint    ] Application time: 0.0000693 seconds
[2022-06-13T02:46:13.992+0000][1][safepoint    ] Entering safepoint region: RevokeBias
[2022-06-13T02:46:13.992+0000][1][safepoint    ] Leaving safepoint region
[2022-06-13T02:46:13.992+0000][1][safepoint    ] Total time for which application threads were stopped: 0.0002308 seconds, Stopping threads took: 0.0001017 seconds
[2022-06-13T02:46:14.018+0000][1][safepoint    ] Application time: 0.0255515 seconds
[2022-06-13T02:46:14.018+0000][1][safepoint    ] Entering safepoint region: RevokeBias
[2022-06-13T02:46:14.018+0000][1][safepoint    ] Leaving safepoint region
[2022-06-13T02:46:14.019+0000][1][safepoint    ] Total time for which application threads were stopped: 0.0007902 seconds, Stopping threads took: 0.0003525 seconds
[2022-06-13T02:46:14.077+0000][1][safepoint    ] Application time: 0.0583543 seconds
[2022-06-13T02:46:14.078+0000][1][safepoint    ] Entering safepoint region: RevokeBias
[2022-06-13T02:46:14.078+0000][1][safepoint    ] Leaving safepoint region
[2022-06-13T02:46:14.078+0000][1][safepoint    ] Total time for which application threads were stopped: 0.0006748 seconds, Stopping threads took: 0.0003280 seconds
[2022-06-13T02:46:14.081+0000][1][safepoint    ] Application time: 0.0023076 seconds
[2022-06-13T02:46:14.081+0000][1][safepoint    ] Entering safepoint region: RevokeBias
[2022-06-13T02:46:14.081+0000][1][safepoint    ] Leaving safepoint region
[2022-06-13T02:46:14.081+0000][1][safepoint    ] Total time for which application threads were stopped: 0.0004025 seconds, Stopping threads took: 0.0001877 seconds
[2022-06-13T02:46:14.085+0000][1][safepoint    ] Application time: 0.0034150 seconds
[2022-06-13T02:46:14.085+0000][1][safepoint    ] Entering safepoint region: RevokeBias
[2022-06-13T02:46:14.086+0000][1][safepoint    ] Leaving safepoint region
[2022-06-13T02:46:14.086+0000][1][safepoint    ] Total time for which application threads were stopped: 0.0005119 seconds, Stopping threads took: 0.0002029 seconds
[2022-06-13T02:46:14.088+0000][1][safepoint    ] Application time: 0.0022883 seconds
[2022-06-13T02:46:14.089+0000][1][safepoint    ] Entering safepoint region: RevokeBias
[2022-06-13T02:46:14.089+0000][1][safepoint    ] Leaving safepoint region
[2022-06-13T02:46:14.089+0000][1][safepoint    ] Total time for which application threads were stopped: 0.0006783 seconds, Stopping threads took: 0.0003795 seconds
[2022-06-13T02:46:14.090+0000][1][safepoint    ] Application time: 0.0001262 seconds
[2022-06-13T02:46:14.090+0000][1][safepoint    ] Entering safepoint region: RevokeBias
[2022-06-13T02:46:14.091+0000][1][safepoint    ] Leaving safepoint region
[2022-06-13T02:46:14.091+0000][1][safepoint    ] Total time for which application threads were stopped: 0.0011574 seconds, Stopping threads took: 0.0007634 seconds
[2022-06-13T02:46:14.092+0000][1][safepoint    ] Application time: 0.0010177 seconds
[2022-06-13T02:46:14.093+0000][1][safepoint    ] Entering safepoint region: RevokeBias
[2022-06-13T02:46:14.093+0000][1][safepoint    ] Leaving safepoint region
[2022-06-13T02:46:14.093+0000][1][safepoint    ] Total time for which application threads were stopped: 0.0003214 seconds, Stopping threads took: 0.0001473 seconds
[2022-06-13T02:46:14.093+0000][1][safepoint    ] Application time: 0.0002262 seconds
[2022-06-13T02:46:14.093+0000][1][safepoint    ] Entering safepoint region: RevokeBias
[2022-06-13T02:46:14.094+0000][1][safepoint    ] Leaving safepoint region
[2022-06-13T02:46:14.094+0000][1][safepoint    ] Total time for which application threads were stopped: 0.0003028 seconds, Stopping threads took: 0.0001317 seconds
[2022-06-13T02:46:14.094+0000][1][safepoint    ] Application time: 0.0000944 seconds
[2022-06-13T02:46:14.094+0000][1][safepoint    ] Entering safepoint region: RevokeBias
[2022-06-13T02:46:14.094+0000][1][safepoint    ] Leaving safepoint region
[2022-06-13T02:46:14.095+0000][1][safepoint    ] Total time for which application threads were stopped: 0.0006247 seconds, Stopping threads took: 0.0002856 seconds
[2022-06-13T02:46:14.100+0000][1][safepoint    ] Application time: 0.0054510 seconds
[2022-06-13T02:46:14.101+0000][1][safepoint    ] Entering safepoint region: RevokeBias
[2022-06-13T02:46:14.102+0000][1][safepoint    ] Leaving safepoint region
[2022-06-13T02:46:14.102+0000][1][safepoint    ] Total time for which application threads were stopped: 0.0009646 seconds, Stopping threads took: 0.0005866 seconds
[2022-06-13T02:46:14.103+0000][1][safepoint    ] Application time: 0.0004035 seconds
[2022-06-13T02:46:14.103+0000][1][safepoint    ] Entering safepoint region: RevokeBias
[2022-06-13T02:46:14.104+0000][1][safepoint    ] Leaving safepoint region
[2022-06-13T02:46:14.104+0000][1][safepoint    ] Total time for which application threads were stopped: 0.0012170 seconds, Stopping threads took: 0.0007300 seconds
[2022-06-13T02:46:14.105+0000][1][safepoint    ] Application time: 0.0002098 seconds
[2022-06-13T02:46:14.105+0000][1][safepoint    ] Entering safepoint region: RevokeBias
[2022-06-13T02:46:14.105+0000][1][safepoint    ] Leaving safepoint region
[2022-06-13T02:46:14.106+0000][1][safepoint    ] Total time for which application threads were stopped: 0.0004893 seconds, Stopping threads took: 0.0002716 seconds
[2022-06-13T02:46:14.106+0000][1][safepoint    ] Application time: 0.0003667 seconds
[2022-06-13T02:46:14.106+0000][1][safepoint    ] Entering safepoint region: RevokeBias
[2022-06-13T02:46:14.107+0000][1][safepoint    ] Leaving safepoint region
[2022-06-13T02:46:14.107+0000][1][safepoint    ] Total time for which application threads were stopped: 0.0006494 seconds, Stopping threads took: 0.0003198 seconds
[2022-06-13T02:46:14.108+0000][1][safepoint    ] Application time: 0.0004785 seconds
[2022-06-13T02:46:14.108+0000][1][safepoint    ] Entering safepoint region: RevokeBias
[2022-06-13T02:46:14.108+0000][1][safepoint    ] Leaving safepoint region
[2022-06-13T02:46:14.108+0000][1][safepoint    ] Total time for which application threads were stopped: 0.0006345 seconds, Stopping threads took: 0.0002923 seconds
[2022-06-13T02:46:14.109+0000][1][safepoint    ] Application time: 0.0000928 seconds
[2022-06-13T02:46:14.109+0000][1][safepoint    ] Entering safepoint region: RevokeBias
[2022-06-13T02:46:14.110+0000][1][safepoint    ] Leaving safepoint region
[2022-06-13T02:46:14.110+0000][1][safepoint    ] Total time for which application threads were stopped: 0.0009710 seconds, Stopping threads took: 0.0004885 seconds
[2022-06-13T02:46:14.111+0000][1][safepoint    ] Application time: 0.0001425 seconds
[2022-06-13T02:46:14.111+0000][1][safepoint    ] Entering safepoint region: RevokeBias
[2022-06-13T02:46:14.111+0000][1][safepoint    ] Leaving safepoint region
[2022-06-13T02:46:14.112+0000][1][safepoint    ] Total time for which application threads were stopped: 0.0007705 seconds, Stopping threads took: 0.0004466 seconds
[2022-06-13T02:46:14.112+0000][1][safepoint    ] Application time: 0.0003318 seconds
[2022-06-13T02:46:14.112+0000][1][safepoint    ] Entering safepoint region: RevokeBias
[2022-06-13T02:46:14.113+0000][1][safepoint    ] Leaving safepoint region
[2022-06-13T02:46:14.113+0000][1][safepoint    ] Total time for which application threads were stopped: 0.0008095 seconds, Stopping threads took: 0.0004123 seconds
[2022-06-13T02:46:14.116+0000][1][safepoint    ] Application time: 0.0027387 seconds
[2022-06-13T02:46:14.117+0000][1][safepoint    ] Entering safepoint region: RevokeBias
[2022-06-13T02:46:14.117+0000][1][safepoint    ] Leaving safepoint region
[2022-06-13T02:46:14.117+0000][1][safepoint    ] Total time for which application threads were stopped: 0.0007892 seconds, Stopping threads took: 0.0004240 seconds
[2022-06-13T02:46:14.119+0000][1][safepoint    ] Application time: 0.0014200 seconds
[2022-06-13T02:46:14.119+0000][1][safepoint    ] Entering safepoint region: RevokeBias
[2022-06-13T02:46:14.119+0000][1][safepoint    ] Leaving safepoint region
[2022-06-13T02:46:14.119+0000][1][safepoint    ] Total time for which application threads were stopped: 0.0004116 seconds, Stopping threads took: 0.0001599 seconds
[2022-06-13T02:46:14.120+0000][1][safepoint    ] Application time: 0.0001339 seconds
[2022-06-13T02:46:14.120+0000][1][safepoint    ] Entering safepoint region: RevokeBias
[2022-06-13T02:46:14.120+0000][1][safepoint    ] Leaving safepoint region
[2022-06-13T02:46:14.120+0000][1][safepoint    ] Total time for which application threads were stopped: 0.0002984 seconds, Stopping threads took: 0.0001226 seconds
[2022-06-13T02:46:14.121+0000][1][safepoint    ] Application time: 0.0001390 seconds
[2022-06-13T02:46:14.121+0000][1][safepoint    ] Entering safepoint region: RevokeBias
[2022-06-13T02:46:14.121+0000][1][safepoint    ] Leaving safepoint region
[2022-06-13T02:46:14.121+0000][1][safepoint    ] Total time for which application threads were stopped: 0.0002156 seconds, Stopping threads took: 0.0000981 seconds
[2022-06-13T02:46:14.122+0000][1][safepoint    ] Application time: 0.0004832 seconds
[2022-06-13T02:46:14.122+0000][1][safepoint    ] Entering safepoint region: RevokeBias
[2022-06-13T02:46:14.122+0000][1][safepoint    ] Leaving safepoint region
[2022-06-13T02:46:14.123+0000][1][safepoint    ] Total time for which application threads were stopped: 0.0007352 seconds, Stopping threads took: 0.0003863 seconds
[2022-06-13T02:46:14.123+0000][1][safepoint    ] Application time: 0.0001815 seconds
[2022-06-13T02:46:14.123+0000][1][safepoint    ] Entering safepoint region: RevokeBias
[2022-06-13T02:46:14.124+0000][1][safepoint    ] Leaving safepoint region
[2022-06-13T02:46:14.124+0000][1][safepoint    ] Total time for which application threads were stopped: 0.0005845 seconds, Stopping threads took: 0.0002451 seconds
[2022-06-13T02:46:14.152+0000][1][safepoint    ] Application time: 0.0276758 seconds
[2022-06-13T02:46:14.152+0000][1][safepoint    ] Entering safepoint region: RevokeBias
[2022-06-13T02:46:14.152+0000][1][safepoint    ] Leaving safepoint region
[2022-06-13T02:46:14.152+0000][1][safepoint    ] Total time for which application threads were stopped: 0.0003117 seconds, Stopping threads took: 0.0001444 seconds
[2022-06-13T02:46:14.159+0000][1][safepoint    ] Application time: 0.0065250 seconds
[2022-06-13T02:46:14.159+0000][1][safepoint    ] Entering safepoint region: RevokeBias
[2022-06-13T02:46:14.159+0000][1][safepoint    ] Leaving safepoint region
[2022-06-13T02:46:14.160+0000][1][safepoint    ] Total time for which application threads were stopped: 0.0003108 seconds, Stopping threads took: 0.0001487 seconds
[2022-06-13T02:46:14.160+0000][1][safepoint    ] Application time: 0.0002471 seconds
[2022-06-13T02:46:14.160+0000][1][safepoint    ] Entering safepoint region: RevokeBias
[2022-06-13T02:46:14.160+0000][1][safepoint    ] Leaving safepoint region
[2022-06-13T02:46:14.160+0000][1][safepoint    ] Total time for which application threads were stopped: 0.0002185 seconds, Stopping threads took: 0.0001124 seconds
[2022-06-13T02:46:14.161+0000][1][safepoint    ] Application time: 0.0001685 seconds
[2022-06-13T02:46:14.161+0000][1][safepoint    ] Entering safepoint region: RevokeBias
[2022-06-13T02:46:14.161+0000][1][safepoint    ] Leaving safepoint region
[2022-06-13T02:46:14.161+0000][1][safepoint    ] Total time for which application threads were stopped: 0.0001858 seconds, Stopping threads took: 0.0000866 seconds
[2022-06-13T02:46:14.161+0000][1][safepoint    ] Application time: 0.0002043 seconds
[2022-06-13T02:46:14.161+0000][1][safepoint    ] Entering safepoint region: RevokeBias
[2022-06-13T02:46:14.162+0000][1][safepoint    ] Leaving safepoint region
[2022-06-13T02:46:14.162+0000][1][safepoint    ] Total time for which application threads were stopped: 0.0003742 seconds, Stopping threads took: 0.0001813 seconds
[2022-06-13T02:46:14.163+0000][1][safepoint    ] Application time: 0.0008914 seconds
[2022-06-13T02:46:14.163+0000][1][safepoint    ] Entering safepoint region: RevokeBias
[2022-06-13T02:46:14.163+0000][1][safepoint    ] Leaving safepoint region
[2022-06-13T02:46:14.163+0000][1][safepoint    ] Total time for which application threads were stopped: 0.0003364 seconds, Stopping threads took: 0.0001682 seconds
[2022-06-13T02:46:14.164+0000][1][safepoint    ] Application time: 0.0002190 seconds
[2022-06-13T02:46:14.164+0000][1][safepoint    ] Entering safepoint region: RevokeBias
[2022-06-13T02:46:14.164+0000][1][safepoint    ] Leaving safepoint region
[2022-06-13T02:46:14.164+0000][1][safepoint    ] Total time for which application threads were stopped: 0.0003357 seconds, Stopping threads took: 0.0001627 seconds
[2022-06-13T02:46:14.168+0000][1][safepoint    ] Application time: 0.0030815 seconds
[2022-06-13T02:46:14.168+0000][1][safepoint    ] Entering safepoint region: RevokeBias
[2022-06-13T02:46:14.168+0000][1][safepoint    ] Leaving safepoint region
[2022-06-13T02:46:14.168+0000][1][safepoint    ] Total time for which application threads were stopped: 0.0004911 seconds, Stopping threads took: 0.0002698 seconds
[2022-06-13T02:46:14.168+0000][1][safepoint    ] Application time: 0.0000950 seconds
[2022-06-13T02:46:14.169+0000][1][safepoint    ] Entering safepoint region: RevokeBias
[2022-06-13T02:46:14.169+0000][1][safepoint    ] Leaving safepoint region
[2022-06-13T02:46:14.169+0000][1][safepoint    ] Total time for which application threads were stopped: 0.0004644 seconds, Stopping threads took: 0.0002069 seconds
[2022-06-13T02:46:14.198+0000][1][safepoint    ] Application time: 0.0285710 seconds
[2022-06-13T02:46:14.198+0000][1][safepoint    ] Entering safepoint region: Deoptimize
[2022-06-13T02:46:14.200+0000][1][safepoint    ] Leaving safepoint region
[2022-06-13T02:46:14.200+0000][1][safepoint    ] Total time for which application threads were stopped: 0.0020153 seconds, Stopping threads took: 0.0004892 seconds
[2022-06-13T02:46:14.234+0000][1][safepoint    ] Application time: 0.0333229 seconds
[2022-06-13T02:46:14.235+0000][1][safepoint    ] Entering safepoint region: RevokeBias
[2022-06-13T02:46:14.235+0000][1][safepoint    ] Leaving safepoint region
[2022-06-13T02:46:14.236+0000][1][safepoint    ] Total time for which application threads were stopped: 0.0010256 seconds, Stopping threads took: 0.0005095 seconds
[2022-06-13T02:46:14.236+0000][1][safepoint    ] Application time: 0.0002290 seconds
[2022-06-13T02:46:14.237+0000][1][safepoint    ] Entering safepoint region: RevokeBias
[2022-06-13T02:46:14.237+0000][1][safepoint    ] Leaving safepoint region
[2022-06-13T02:46:14.238+0000][1][safepoint    ] Total time for which application threads were stopped: 0.0009779 seconds, Stopping threads took: 0.0005187 seconds
[2022-06-13T02:46:14.244+0000][1][safepoint    ] Application time: 0.0056196 seconds
[2022-06-13T02:46:14.244+0000][1][safepoint    ] Entering safepoint region: RevokeBias
[2022-06-13T02:46:14.245+0000][1][safepoint    ] Leaving safepoint region
[2022-06-13T02:46:14.245+0000][1][safepoint    ] Total time for which application threads were stopped: 0.0009508 seconds, Stopping threads took: 0.0004513 seconds
[2022-06-13T02:46:14.246+0000][1][safepoint    ] Application time: 0.0002205 seconds
[2022-06-13T02:46:14.246+0000][1][safepoint    ] Entering safepoint region: RevokeBias
[2022-06-13T02:46:14.247+0000][1][safepoint    ] Leaving safepoint region
[2022-06-13T02:46:14.247+0000][1][safepoint    ] Total time for which application threads were stopped: 0.0008359 seconds, Stopping threads took: 0.0004785 seconds
[2022-06-13T02:46:14.248+0000][1][safepoint    ] Application time: 0.0002549 seconds
[2022-06-13T02:46:14.248+0000][1][safepoint    ] Entering safepoint region: RevokeBias
[2022-06-13T02:46:14.249+0000][1][safepoint    ] Leaving safepoint region
[2022-06-13T02:46:14.249+0000][1][safepoint    ] Total time for which application threads were stopped: 0.0009668 seconds, Stopping threads took: 0.0004673 seconds
[2022-06-13T02:46:14.250+0000][1][safepoint    ] Application time: 0.0002799 seconds
[2022-06-13T02:46:14.250+0000][1][safepoint    ] Entering safepoint region: RevokeBias
[2022-06-13T02:46:14.251+0000][1][safepoint    ] Leaving safepoint region
[2022-06-13T02:46:14.251+0000][1][safepoint    ] Total time for which application threads were stopped: 0.0009717 seconds, Stopping threads took: 0.0005117 seconds
[2022-06-13T02:46:14.257+0000][1][safepoint    ] Application time: 0.0050884 seconds
[2022-06-13T02:46:14.257+0000][1][safepoint    ] Entering safepoint region: RevokeBias
[2022-06-13T02:46:14.258+0000][1][safepoint    ] Leaving safepoint region
[2022-06-13T02:46:14.258+0000][1][safepoint    ] Total time for which application threads were stopped: 0.0011745 seconds, Stopping threads took: 0.0006233 seconds
[2022-06-13T02:46:14.259+0000][1][safepoint    ] Application time: 0.0003628 seconds
[2022-06-13T02:46:14.259+0000][1][safepoint    ] Entering safepoint region: RevokeBias
[2022-06-13T02:46:14.260+0000][1][safepoint    ] Leaving safepoint region
[2022-06-13T02:46:14.260+0000][1][safepoint    ] Total time for which application threads were stopped: 0.0005326 seconds, Stopping threads took: 0.0001876 seconds
[2022-06-13T02:46:14.261+0000][1][safepoint    ] Application time: 0.0005417 seconds
[2022-06-13T02:46:14.261+0000][1][safepoint    ] Entering safepoint region: RevokeBias
[2022-06-13T02:46:14.261+0000][1][safepoint    ] Leaving safepoint region
[2022-06-13T02:46:14.262+0000][1][safepoint    ] Total time for which application threads were stopped: 0.0007551 seconds, Stopping threads took: 0.0002949 seconds
[2022-06-13T02:46:14.264+0000][1][safepoint    ] Application time: 0.0018772 seconds
[2022-06-13T02:46:14.264+0000][1][safepoint    ] Entering safepoint region: RevokeBias
[2022-06-13T02:46:14.265+0000][1][safepoint    ] Leaving safepoint region
[2022-06-13T02:46:14.265+0000][1][safepoint    ] Total time for which application threads were stopped: 0.0005658 seconds, Stopping threads took: 0.0002584 seconds
[2022-06-13T02:46:14.267+0000][1][safepoint    ] Application time: 0.0017952 seconds
[2022-06-13T02:46:14.267+0000][1][safepoint    ] Entering safepoint region: RevokeBias
[2022-06-13T02:46:14.267+0000][1][safepoint    ] Leaving safepoint region
[2022-06-13T02:46:14.267+0000][1][safepoint    ] Total time for which application threads were stopped: 0.0003570 seconds, Stopping threads took: 0.0001958 seconds
[2022-06-13T02:46:14.268+0000][1][safepoint    ] Application time: 0.0002512 seconds
[2022-06-13T02:46:14.268+0000][1][safepoint    ] Entering safepoint region: RevokeBias
[2022-06-13T02:46:14.268+0000][1][safepoint    ] Leaving safepoint region
[2022-06-13T02:46:14.268+0000][1][safepoint    ] Total time for which application threads were stopped: 0.0002997 seconds, Stopping threads took: 0.0001506 seconds
[2022-06-13T02:46:14.268+0000][1][safepoint    ] Application time: 0.0001102 seconds
[2022-06-13T02:46:14.269+0000][1][safepoint    ] Entering safepoint region: RevokeBias
[2022-06-13T02:46:14.269+0000][1][safepoint    ] Leaving safepoint region
[2022-06-13T02:46:14.269+0000][1][safepoint    ] Total time for which application threads were stopped: 0.0002544 seconds, Stopping threads took: 0.0001276 seconds
[2022-06-13T02:46:14.269+0000][1][safepoint    ] Application time: 0.0000761 seconds
[2022-06-13T02:46:14.269+0000][1][safepoint    ] Entering safepoint region: RevokeBias
[2022-06-13T02:46:14.269+0000][1][safepoint    ] Leaving safepoint region
[2022-06-13T02:46:14.269+0000][1][safepoint    ] Total time for which application threads were stopped: 0.0002817 seconds, Stopping threads took: 0.0001445 seconds
[2022-06-13T02:46:14.270+0000][1][safepoint    ] Application time: 0.0001709 seconds
[2022-06-13T02:46:14.270+0000][1][safepoint    ] Entering safepoint region: RevokeBias
[2022-06-13T02:46:14.270+0000][1][safepoint    ] Leaving safepoint region
[2022-06-13T02:46:14.270+0000][1][safepoint    ] Total time for which application threads were stopped: 0.0003200 seconds, Stopping threads took: 0.0001604 seconds
[2022-06-13T02:46:14.274+0000][1][safepoint    ] Application time: 0.0032248 seconds
[2022-06-13T02:46:14.274+0000][1][safepoint    ] Entering safepoint region: RevokeBias
[2022-06-13T02:46:14.274+0000][1][safepoint    ] Leaving safepoint region
[2022-06-13T02:46:14.274+0000][1][safepoint    ] Total time for which application threads were stopped: 0.0003081 seconds, Stopping threads took: 0.0001366 seconds
[2022-06-13T02:46:14.289+0000][1][safepoint    ] Application time: 0.0147735 seconds
[2022-06-13T02:46:14.289+0000][1][safepoint    ] Entering safepoint region: RevokeBias
[2022-06-13T02:46:14.290+0000][1][safepoint    ] Leaving safepoint region
[2022-06-13T02:46:14.290+0000][1][safepoint    ] Total time for which application threads were stopped: 0.0005923 seconds, Stopping threads took: 0.0003185 seconds
[2022-06-13T02:46:14.291+0000][1][safepoint    ] Application time: 0.0004660 seconds
[2022-06-13T02:46:14.291+0000][1][safepoint    ] Entering safepoint region: RevokeBias
[2022-06-13T02:46:14.291+0000][1][safepoint    ] Leaving safepoint region
[2022-06-13T02:46:14.291+0000][1][safepoint    ] Total time for which application threads were stopped: 0.0002066 seconds, Stopping threads took: 0.0000829 seconds
[2022-06-13T02:46:14.299+0000][1][safepoint    ] Application time: 0.0077960 seconds
[2022-06-13T02:46:14.299+0000][1][safepoint    ] Entering safepoint region: RevokeBias
[2022-06-13T02:46:14.299+0000][1][safepoint    ] Leaving safepoint region
[2022-06-13T02:46:14.300+0000][1][safepoint    ] Total time for which application threads were stopped: 0.0002938 seconds, Stopping threads took: 0.0001644 seconds
[2022-06-13T02:46:14.300+0000][1][safepoint    ] Application time: 0.0003062 seconds
[2022-06-13T02:46:14.300+0000][1][safepoint    ] Entering safepoint region: RevokeBias
[2022-06-13T02:46:14.300+0000][1][safepoint    ] Leaving safepoint region
[2022-06-13T02:46:14.300+0000][1][safepoint    ] Total time for which application threads were stopped: 0.0003364 seconds, Stopping threads took: 0.0001630 seconds
[2022-06-13T02:46:14.301+0000][1][safepoint    ] Application time: 0.0000970 seconds
[2022-06-13T02:46:14.301+0000][1][safepoint    ] Entering safepoint region: RevokeBias
[2022-06-13T02:46:14.301+0000][1][safepoint    ] Leaving safepoint region
[2022-06-13T02:46:14.301+0000][1][safepoint    ] Total time for which application threads were stopped: 0.0002449 seconds, Stopping threads took: 0.0001279 seconds
[2022-06-13T02:46:14.301+0000][1][safepoint    ] Application time: 0.0000823 seconds
[2022-06-13T02:46:14.301+0000][1][safepoint    ] Entering safepoint region: RevokeBias
[2022-06-13T02:46:14.301+0000][1][safepoint    ] Leaving safepoint region
[2022-06-13T02:46:14.302+0000][1][safepoint    ] Total time for which application threads were stopped: 0.0002199 seconds, Stopping threads took: 0.0001176 seconds
[2022-06-13T02:46:14.302+0000][1][safepoint    ] Application time: 0.0007738 seconds
[2022-06-13T02:46:14.303+0000][1][safepoint    ] Entering safepoint region: RevokeBias
[2022-06-13T02:46:14.303+0000][1][safepoint    ] Leaving safepoint region
[2022-06-13T02:46:14.303+0000][1][safepoint    ] Total time for which application threads were stopped: 0.0002370 seconds, Stopping threads took: 0.0001226 seconds
[2022-06-13T02:46:14.304+0000][1][safepoint    ] Application time: 0.0015148 seconds
[2022-06-13T02:46:14.305+0000][1][safepoint    ] Entering safepoint region: RevokeBias
[2022-06-13T02:46:14.305+0000][1][safepoint    ] Leaving safepoint region
[2022-06-13T02:46:14.305+0000][1][safepoint    ] Total time for which application threads were stopped: 0.0003064 seconds, Stopping threads took: 0.0001314 seconds
[2022-06-13T02:46:14.634+0000][1][safepoint    ] Application time: 0.3294118 seconds
[2022-06-13T02:46:14.635+0000][1][safepoint    ] Entering safepoint region: RevokeBias
[2022-06-13T02:46:14.635+0000][1][safepoint    ] Leaving safepoint region
[2022-06-13T02:46:14.636+0000][1][safepoint    ] Total time for which application threads were stopped: 0.0007863 seconds, Stopping threads took: 0.0003846 seconds
[2022-06-13T02:46:14.676+0000][1][safepoint    ] Application time: 0.0401023 seconds
[2022-06-13T02:46:14.677+0000][1][safepoint    ] Entering safepoint region: RevokeBias
[2022-06-13T02:46:14.677+0000][1][safepoint    ] Leaving safepoint region
[2022-06-13T02:46:14.677+0000][1][safepoint    ] Total time for which application threads were stopped: 0.0007767 seconds, Stopping threads took: 0.0003656 seconds
[2022-06-13T02:46:14.678+0000][1][safepoint    ] Application time: 0.0003041 seconds
[2022-06-13T02:46:14.679+0000][1][safepoint    ] Entering safepoint region: RevokeBias
[2022-06-13T02:46:14.679+0000][1][safepoint    ] Leaving safepoint region
[2022-06-13T02:46:14.679+0000][1][safepoint    ] Total time for which application threads were stopped: 0.0007956 seconds, Stopping threads took: 0.0004060 seconds
[2022-06-13T02:46:14.680+0000][1][safepoint    ] Application time: 0.0002197 seconds
[2022-06-13T02:46:14.681+0000][1][safepoint    ] Entering safepoint region: RevokeBias
[2022-06-13T02:46:14.681+0000][1][safepoint    ] Leaving safepoint region
[2022-06-13T02:46:14.681+0000][1][safepoint    ] Total time for which application threads were stopped: 0.0007796 seconds, Stopping threads took: 0.0003742 seconds
[2022-06-13T02:46:14.682+0000][1][safepoint    ] Application time: 0.0002146 seconds
[2022-06-13T02:46:14.682+0000][1][safepoint    ] Entering safepoint region: RevokeBias
[2022-06-13T02:46:14.683+0000][1][safepoint    ] Leaving safepoint region
[2022-06-13T02:46:14.683+0000][1][safepoint    ] Total time for which application threads were stopped: 0.0009841 seconds, Stopping threads took: 0.0005979 seconds
[2022-06-13T02:46:14.684+0000][1][safepoint    ] Application time: 0.0001916 seconds
[2022-06-13T02:46:14.685+0000][1][safepoint    ] Entering safepoint region: RevokeBias
[2022-06-13T02:46:14.685+0000][1][safepoint    ] Leaving safepoint region
[2022-06-13T02:46:14.685+0000][1][safepoint    ] Total time for which application threads were stopped: 0.0008939 seconds, Stopping threads took: 0.0004104 seconds
[2022-06-13T02:46:14.686+0000][1][safepoint    ] Application time: 0.0002165 seconds
[2022-06-13T02:46:14.686+0000][1][safepoint    ] Entering safepoint region: RevokeBias
[2022-06-13T02:46:14.687+0000][1][safepoint    ] Leaving safepoint region
[2022-06-13T02:46:14.687+0000][1][safepoint    ] Total time for which application threads were stopped: 0.0008459 seconds, Stopping threads took: 0.0004201 seconds
[2022-06-13T02:46:14.688+0000][1][safepoint    ] Application time: 0.0002146 seconds
[2022-06-13T02:46:14.688+0000][1][safepoint    ] Entering safepoint region: RevokeBias
[2022-06-13T02:46:14.689+0000][1][safepoint    ] Leaving safepoint region
[2022-06-13T02:46:14.689+0000][1][safepoint    ] Total time for which application threads were stopped: 0.0007547 seconds, Stopping threads took: 0.0004107 seconds
[2022-06-13T02:46:14.690+0000][1][safepoint    ] Application time: 0.0002159 seconds
[2022-06-13T02:46:14.690+0000][1][safepoint    ] Entering safepoint region: RevokeBias
[2022-06-13T02:46:14.691+0000][1][safepoint    ] Leaving safepoint region
[2022-06-13T02:46:14.691+0000][1][safepoint    ] Total time for which application threads were stopped: 0.0008206 seconds, Stopping threads took: 0.0003819 seconds
[2022-06-13T02:46:14.833+0000][1][safepoint    ] Application time: 0.1419531 seconds
[2022-06-13T02:46:14.834+0000][1][safepoint    ] Entering safepoint region: RevokeBias
[2022-06-13T02:46:14.834+0000][1][safepoint    ] Leaving safepoint region
[2022-06-13T02:46:14.834+0000][1][safepoint    ] Total time for which application threads were stopped: 0.0006735 seconds, Stopping threads took: 0.0002890 seconds
[2022-06-13T02:46:15.835+0000][1][safepoint    ] Application time: 1.0002195 seconds
[2022-06-13T02:46:15.836+0000][1][safepoint    ] Entering safepoint region: Cleanup
[2022-06-13T02:46:15.836+0000][1][safepoint    ] Leaving safepoint region
[2022-06-13T02:46:15.836+0000][1][safepoint    ] Total time for which application threads were stopped: 0.0006122 seconds, Stopping threads took: 0.0002991 seconds
[2022-06-13T02:46:18.837+0000][1][safepoint    ] Application time: 3.0007230 seconds
[2022-06-13T02:46:18.838+0000][1][safepoint    ] Entering safepoint region: Cleanup
[2022-06-13T02:46:18.838+0000][1][safepoint    ] Leaving safepoint region
[2022-06-13T02:46:18.839+0000][1][safepoint    ] Total time for which application threads were stopped: 0.0007756 seconds, Stopping threads took: 0.0003472 seconds
[2022-06-13T02:46:21.839+0000][1][safepoint    ] Application time: 3.0005055 seconds
[2022-06-13T02:46:21.840+0000][1][safepoint    ] Entering safepoint region: Cleanup
[2022-06-13T02:46:21.840+0000][1][safepoint    ] Leaving safepoint region
[2022-06-13T02:46:21.841+0000][1][safepoint    ] Total time for which application threads were stopped: 0.0007865 seconds, Stopping threads took: 0.0004363 seconds
[2022-06-13T02:46:22.560+0000][1][safepoint    ] Application time: 0.7187903 seconds
[2022-06-13T02:46:22.560+0000][1][safepoint    ] Entering safepoint region: RevokeBias
[2022-06-13T02:46:22.561+0000][1][safepoint    ] Leaving safepoint region
[2022-06-13T02:46:22.561+0000][1][safepoint    ] Total time for which application threads were stopped: 0.0008399 seconds, Stopping threads took: 0.0003830 seconds
[2022-06-13T02:46:22.562+0000][1][safepoint    ] Application time: 0.0001483 seconds
[2022-06-13T02:46:22.562+0000][1][safepoint    ] Entering safepoint region: RevokeBias
[2022-06-13T02:46:22.563+0000][1][safepoint    ] Leaving safepoint region
[2022-06-13T02:46:22.563+0000][1][safepoint    ] Total time for which application threads were stopped: 0.0006799 seconds, Stopping threads took: 0.0003493 seconds
[2022-06-13T02:46:24.564+0000][1][safepoint    ] Application time: 2.0004026 seconds
[2022-06-13T02:46:24.564+0000][1][safepoint    ] Entering safepoint region: Cleanup
[2022-06-13T02:46:24.565+0000][1][safepoint    ] Leaving safepoint region
[2022-06-13T02:46:24.565+0000][1][safepoint    ] Total time for which application threads were stopped: 0.0008743 seconds, Stopping threads took: 0.0004165 seconds
[2022-06-13T02:46:27.566+0000][1][safepoint    ] Application time: 3.0007845 seconds
[2022-06-13T02:46:27.567+0000][1][safepoint    ] Entering safepoint region: Cleanup
[2022-06-13T02:46:27.567+0000][1][safepoint    ] Leaving safepoint region
[2022-06-13T02:46:27.567+0000][1][safepoint    ] Total time for which application threads were stopped: 0.0004719 seconds, Stopping threads took: 0.0002280 seconds
[2022-06-13T02:46:29.568+0000][1][safepoint    ] Application time: 2.0003668 seconds
[2022-06-13T02:46:29.569+0000][1][safepoint    ] Entering safepoint region: Cleanup
[2022-06-13T02:46:29.569+0000][1][safepoint    ] Leaving safepoint region
[2022-06-13T02:46:29.570+0000][1][safepoint    ] Total time for which application threads were stopped: 0.0010754 seconds, Stopping threads took: 0.0006578 seconds
[2022-06-13T02:46:35.571+0000][1][safepoint    ] Application time: 6.0009914 seconds
[2022-06-13T02:46:35.572+0000][1][safepoint    ] Entering safepoint region: Cleanup
[2022-06-13T02:46:35.572+0000][1][safepoint    ] Leaving safepoint region
[2022-06-13T02:46:35.573+0000][1][safepoint    ] Total time for which application threads were stopped: 0.0009392 seconds, Stopping threads took: 0.0004071 seconds
[2022-06-13T02:46:36.150+0000][1][safepoint    ] Application time: 0.5774240 seconds
[2022-06-13T02:46:36.151+0000][1][safepoint    ] Entering safepoint region: RevokeBias
[2022-06-13T02:46:36.151+0000][1][safepoint    ] Leaving safepoint region
[2022-06-13T02:46:36.151+0000][1][safepoint    ] Total time for which application threads were stopped: 0.0007562 seconds, Stopping threads took: 0.0005159 seconds
[2022-06-13T02:46:36.155+0000][1][safepoint    ] Application time: 0.0034254 seconds
[2022-06-13T02:46:36.156+0000][1][safepoint    ] Entering safepoint region: BulkRevokeBias
[2022-06-13T02:46:36.156+0000][1][safepoint    ] Leaving safepoint region
[2022-06-13T02:46:36.156+0000][1][safepoint    ] Total time for which application threads were stopped: 0.0006643 seconds, Stopping threads took: 0.0001872 seconds
[2022-06-13T02:46:36.157+0000][1][safepoint    ] Application time: 0.0001844 seconds
[2022-06-13T02:46:36.157+0000][1][safepoint    ] Entering safepoint region: RevokeBias
[2022-06-13T02:46:36.157+0000][1][safepoint    ] Leaving safepoint region
[2022-06-13T02:46:36.157+0000][1][safepoint    ] Total time for which application threads were stopped: 0.0005618 seconds, Stopping threads took: 0.0002412 seconds
[2022-06-13T02:46:36.158+0000][1][safepoint    ] Application time: 0.0003142 seconds
[2022-06-13T02:46:36.158+0000][1][safepoint    ] Entering safepoint region: RevokeBias
[2022-06-13T02:46:36.158+0000][1][safepoint    ] Leaving safepoint region
[2022-06-13T02:46:36.159+0000][1][safepoint    ] Total time for which application threads were stopped: 0.0004456 seconds, Stopping threads took: 0.0002135 seconds
[2022-06-13T02:46:36.159+0000][1][safepoint    ] Application time: 0.0000863 seconds
[2022-06-13T02:46:36.159+0000][1][safepoint    ] Entering safepoint region: RevokeBias
[2022-06-13T02:46:36.159+0000][1][safepoint    ] Leaving safepoint region
[2022-06-13T02:46:36.160+0000][1][safepoint    ] Total time for which application threads were stopped: 0.0006875 seconds, Stopping threads took: 0.0004234 seconds
[2022-06-13T02:46:36.161+0000][1][safepoint    ] Application time: 0.0006706 seconds
[2022-06-13T02:46:36.161+0000][1][safepoint    ] Entering safepoint region: RevokeBias
[2022-06-13T02:46:36.162+0000][1][safepoint    ] Leaving safepoint region
[2022-06-13T02:46:36.162+0000][1][safepoint    ] Total time for which application threads were stopped: 0.0004650 seconds, Stopping threads took: 0.0002129 seconds
[2022-06-13T02:46:36.162+0000][1][safepoint    ] Application time: 0.0004514 seconds
[2022-06-13T02:46:36.163+0000][1][safepoint    ] Entering safepoint region: RevokeBias
[2022-06-13T02:46:36.163+0000][1][safepoint    ] Leaving safepoint region
[2022-06-13T02:46:36.163+0000][1][safepoint    ] Total time for which application threads were stopped: 0.0005467 seconds, Stopping threads took: 0.0002880 seconds
[2022-06-13T02:46:36.163+0000][1][safepoint    ] Application time: 0.0001224 seconds
[2022-06-13T02:46:36.164+0000][1][safepoint    ] Entering safepoint region: RevokeBias
[2022-06-13T02:46:36.164+0000][1][safepoint    ] Leaving safepoint region
[2022-06-13T02:46:36.164+0000][1][safepoint    ] Total time for which application threads were stopped: 0.0005751 seconds, Stopping threads took: 0.0002448 seconds
[2022-06-13T02:46:36.165+0000][1][safepoint    ] Application time: 0.0003926 seconds
[2022-06-13T02:46:36.165+0000][1][safepoint    ] Entering safepoint region: RevokeBias
[2022-06-13T02:46:36.166+0000][1][safepoint    ] Leaving safepoint region
[2022-06-13T02:46:36.166+0000][1][safepoint    ] Total time for which application threads were stopped: 0.0005444 seconds, Stopping threads took: 0.0002545 seconds
[2022-06-13T02:46:36.166+0000][1][safepoint    ] Application time: 0.0004135 seconds
[2022-06-13T02:46:36.167+0000][1][safepoint    ] Entering safepoint region: RevokeBias
[2022-06-13T02:46:36.167+0000][1][safepoint    ] Leaving safepoint region
[2022-06-13T02:46:36.167+0000][1][safepoint    ] Total time for which application threads were stopped: 0.0006572 seconds, Stopping threads took: 0.0003015 seconds
[2022-06-13T02:46:36.169+0000][1][safepoint    ] Application time: 0.0017290 seconds
[2022-06-13T02:46:36.170+0000][1][safepoint    ] Entering safepoint region: RevokeBias
[2022-06-13T02:46:36.170+0000][1][safepoint    ] Leaving safepoint region
[2022-06-13T02:46:36.171+0000][1][safepoint    ] Total time for which application threads were stopped: 0.0008242 seconds, Stopping threads took: 0.0003856 seconds
[2022-06-13T02:46:36.171+0000][1][safepoint    ] Application time: 0.0000930 seconds
[2022-06-13T02:46:36.171+0000][1][safepoint    ] Entering safepoint region: RevokeBias
[2022-06-13T02:46:36.171+0000][1][safepoint    ] Leaving safepoint region
[2022-06-13T02:46:36.172+0000][1][safepoint    ] Total time for which application threads were stopped: 0.0005213 seconds, Stopping threads took: 0.0002621 seconds
[2022-06-13T02:46:36.173+0000][1][safepoint    ] Application time: 0.0010441 seconds
[2022-06-13T02:46:36.173+0000][1][safepoint    ] Entering safepoint region: BulkRevokeBias
[2022-06-13T02:46:36.174+0000][1][safepoint    ] Leaving safepoint region
[2022-06-13T02:46:36.174+0000][1][safepoint    ] Total time for which application threads were stopped: 0.0008710 seconds, Stopping threads took: 0.0002452 seconds
[2022-06-13T02:46:36.175+0000][1][safepoint    ] Application time: 0.0001534 seconds
[2022-06-13T02:46:36.175+0000][1][safepoint    ] Entering safepoint region: RevokeBias
[2022-06-13T02:46:36.175+0000][1][safepoint    ] Leaving safepoint region
[2022-06-13T02:46:36.176+0000][1][safepoint    ] Total time for which application threads were stopped: 0.0006182 seconds, Stopping threads took: 0.0002617 seconds
[2022-06-13T02:46:36.179+0000][1][safepoint    ] Application time: 0.0033265 seconds
[2022-06-13T02:46:36.179+0000][1][safepoint    ] Entering safepoint region: RevokeBias
[2022-06-13T02:46:36.180+0000][1][safepoint    ] Leaving safepoint region
[2022-06-13T02:46:36.180+0000][1][safepoint    ] Total time for which application threads were stopped: 0.0003998 seconds, Stopping threads took: 0.0002088 seconds
[2022-06-13T02:46:36.184+0000][1][safepoint    ] Application time: 0.0035220 seconds
[2022-06-13T02:46:36.184+0000][1][safepoint    ] Entering safepoint region: BulkRevokeBias
[2022-06-13T02:46:36.185+0000][1][safepoint    ] Leaving safepoint region
[2022-06-13T02:46:36.185+0000][1][safepoint    ] Total time for which application threads were stopped: 0.0013459 seconds, Stopping threads took: 0.0003553 seconds
[2022-06-13T02:46:36.198+0000][1][safepoint    ] Application time: 0.0128612 seconds
[2022-06-13T02:46:36.199+0000][1][safepoint    ] Entering safepoint region: Deoptimize
[2022-06-13T02:46:36.200+0000][1][safepoint    ] Leaving safepoint region
[2022-06-13T02:46:36.200+0000][1][safepoint    ] Total time for which application threads were stopped: 0.0014644 seconds, Stopping threads took: 0.0005972 seconds
[2022-06-13T02:46:36.208+0000][1][safepoint    ] Application time: 0.0073787 seconds
[2022-06-13T02:46:36.209+0000][1][safepoint    ] Entering safepoint region: RevokeBias
[2022-06-13T02:46:36.209+0000][1][safepoint    ] Leaving safepoint region
[2022-06-13T02:46:36.209+0000][1][safepoint    ] Total time for which application threads were stopped: 0.0006988 seconds, Stopping threads took: 0.0002878 seconds
[2022-06-13T02:46:36.212+0000][1][safepoint    ] Application time: 0.0025242 seconds
[2022-06-13T02:46:36.212+0000][1][safepoint    ] Entering safepoint region: RevokeBias
[2022-06-13T02:46:36.213+0000][1][safepoint    ] Leaving safepoint region
[2022-06-13T02:46:36.213+0000][1][safepoint    ] Total time for which application threads were stopped: 0.0007140 seconds, Stopping threads took: 0.0003015 seconds
[2022-06-13T02:46:36.214+0000][1][safepoint    ] Application time: 0.0001890 seconds
[2022-06-13T02:46:36.214+0000][1][safepoint    ] Entering safepoint region: RevokeBias
[2022-06-13T02:46:36.214+0000][1][safepoint    ] Leaving safepoint region
[2022-06-13T02:46:36.215+0000][1][safepoint    ] Total time for which application threads were stopped: 0.0007696 seconds, Stopping threads took: 0.0003909 seconds
[2022-06-13T02:46:36.223+0000][1][safepoint    ] Application time: 0.0080557 seconds
[2022-06-13T02:46:36.223+0000][1][safepoint    ] Entering safepoint region: RevokeBias
[2022-06-13T02:46:36.224+0000][1][safepoint    ] Leaving safepoint region
[2022-06-13T02:46:36.224+0000][1][safepoint    ] Total time for which application threads were stopped: 0.0004142 seconds, Stopping threads took: 0.0002000 seconds
[2022-06-13T02:46:36.224+0000][1][safepoint    ] Application time: 0.0003123 seconds
[2022-06-13T02:46:36.225+0000][1][safepoint    ] Entering safepoint region: RevokeBias
[2022-06-13T02:46:36.225+0000][1][safepoint    ] Leaving safepoint region
[2022-06-13T02:46:36.225+0000][1][safepoint    ] Total time for which application threads were stopped: 0.0004581 seconds, Stopping threads took: 0.0002210 seconds
[2022-06-13T02:46:36.225+0000][1][safepoint    ] Application time: 0.0001848 seconds
[2022-06-13T02:46:36.225+0000][1][safepoint    ] Entering safepoint region: RevokeBias
[2022-06-13T02:46:36.226+0000][1][safepoint    ] Leaving safepoint region
[2022-06-13T02:46:36.226+0000][1][safepoint    ] Total time for which application threads were stopped: 0.0002317 seconds, Stopping threads took: 0.0001065 seconds
[2022-06-13T02:46:36.226+0000][1][safepoint    ] Application time: 0.0002813 seconds
[2022-06-13T02:46:36.226+0000][1][safepoint    ] Entering safepoint region: RevokeBias
[2022-06-13T02:46:36.226+0000][1][safepoint    ] Leaving safepoint region
[2022-06-13T02:46:36.227+0000][1][safepoint    ] Total time for which application threads were stopped: 0.0002928 seconds, Stopping threads took: 0.0001586 seconds
[2022-06-13T02:46:36.227+0000][1][safepoint    ] Application time: 0.0001859 seconds
[2022-06-13T02:46:36.227+0000][1][safepoint    ] Entering safepoint region: RevokeBias
[2022-06-13T02:46:36.227+0000][1][safepoint    ] Leaving safepoint region
[2022-06-13T02:46:36.227+0000][1][safepoint    ] Total time for which application threads were stopped: 0.0002948 seconds, Stopping threads took: 0.0001718 seconds
[2022-06-13T02:46:36.228+0000][1][safepoint    ] Application time: 0.0002415 seconds
[2022-06-13T02:46:36.228+0000][1][safepoint    ] Entering safepoint region: RevokeBias
[2022-06-13T02:46:36.228+0000][1][safepoint    ] Leaving safepoint region
[2022-06-13T02:46:36.228+0000][1][safepoint    ] Total time for which application threads were stopped: 0.0003594 seconds, Stopping threads took: 0.0002094 seconds
[2022-06-13T02:46:36.229+0000][1][safepoint    ] Application time: 0.0002129 seconds
[2022-06-13T02:46:36.229+0000][1][safepoint    ] Entering safepoint region: RevokeBias
[2022-06-13T02:46:36.229+0000][1][safepoint    ] Leaving safepoint region
[2022-06-13T02:46:36.229+0000][1][safepoint    ] Total time for which application threads were stopped: 0.0004947 seconds, Stopping threads took: 0.0002563 seconds
[2022-06-13T02:46:36.230+0000][1][safepoint    ] Application time: 0.0005314 seconds
[2022-06-13T02:46:36.230+0000][1][safepoint    ] Entering safepoint region: RevokeBias
[2022-06-13T02:46:36.230+0000][1][safepoint    ] Leaving safepoint region
[2022-06-13T02:46:36.231+0000][1][safepoint    ] Total time for which application threads were stopped: 0.0003570 seconds, Stopping threads took: 0.0002250 seconds
[2022-06-13T02:46:36.231+0000][1][safepoint    ] Application time: 0.0004971 seconds
[2022-06-13T02:46:36.232+0000][1][safepoint    ] Entering safepoint region: RevokeBias
[2022-06-13T02:46:36.232+0000][1][safepoint    ] Leaving safepoint region
[2022-06-13T02:46:36.232+0000][1][safepoint    ] Total time for which application threads were stopped: 0.0008205 seconds, Stopping threads took: 0.0005166 seconds
[2022-06-13T02:46:36.233+0000][1][safepoint    ] Application time: 0.0001447 seconds
[2022-06-13T02:46:36.233+0000][1][safepoint    ] Entering safepoint region: RevokeBias
[2022-06-13T02:46:36.233+0000][1][safepoint    ] Leaving safepoint region
[2022-06-13T02:46:36.233+0000][1][safepoint    ] Total time for which application threads were stopped: 0.0003422 seconds, Stopping threads took: 0.0001546 seconds
[2022-06-13T02:46:36.235+0000][1][safepoint    ] Application time: 0.0016293 seconds
[2022-06-13T02:46:36.235+0000][1][safepoint    ] Entering safepoint region: RevokeBias
[2022-06-13T02:46:36.236+0000][1][safepoint    ] Leaving safepoint region
[2022-06-13T02:46:36.236+0000][1][safepoint    ] Total time for which application threads were stopped: 0.0005103 seconds, Stopping threads took: 0.0002944 seconds
[2022-06-13T02:46:36.241+0000][1][safepoint    ] Application time: 0.0052401 seconds
[2022-06-13T02:46:36.242+0000][1][safepoint    ] Entering safepoint region: GenCollectForAllocation
[2022-06-13T02:46:36.242+0000][1][gc,start     ] GC(22) Pause Young (Allocation Failure)
[2022-06-13T02:46:36.242+0000][1][gc,task      ] GC(22) Using 5 workers of 13 for evacuation
[2022-06-13T02:46:36.249+0000][1][gc,age       ] GC(22) Desired survivor size 4456448 bytes, new threshold 2 (max threshold 6)
[2022-06-13T02:46:36.250+0000][1][gc,age       ] GC(22) Age table with threshold 2 (max threshold 6)
[2022-06-13T02:46:36.250+0000][1][gc,age       ] GC(22) - age   1:    3189184 bytes,    3189184 total
[2022-06-13T02:46:36.250+0000][1][gc,age       ] GC(22) - age   2:    3689464 bytes,    6878648 total
[2022-06-13T02:46:36.250+0000][1][gc,heap      ] GC(22) ParNew: 78656K->8031K(78656K)
[2022-06-13T02:46:36.251+0000][1][gc,heap      ] GC(22) CMS: 59214K->63413K(174784K)
[2022-06-13T02:46:36.251+0000][1][gc,metaspace ] GC(22) Metaspace: 68256K->68256K(1112064K)
[2022-06-13T02:46:36.251+0000][1][gc           ] GC(22) Pause Young (Allocation Failure) 134M->69M(247M) 9.346ms
[2022-06-13T02:46:36.252+0000][1][gc,cpu       ] GC(22) User=0.02s Sys=0.01s Real=0.01s
[2022-06-13T02:46:36.252+0000][1][safepoint    ] Leaving safepoint region
[2022-06-13T02:46:36.252+0000][1][safepoint    ] Total time for which application threads were stopped: 0.0104016 seconds, Stopping threads took: 0.0002500 seconds
[2022-06-13T02:46:36.254+0000][1][safepoint    ] Application time: 0.0013629 seconds
[2022-06-13T02:46:36.254+0000][1][safepoint    ] Entering safepoint region: Deoptimize
[2022-06-13T02:46:36.255+0000][1][safepoint    ] Leaving safepoint region
[2022-06-13T02:46:36.255+0000][1][safepoint    ] Total time for which application threads were stopped: 0.0012200 seconds, Stopping threads took: 0.0003243 seconds
[2022-06-13T02:46:36.256+0000][1][safepoint    ] Application time: 0.0006528 seconds
[2022-06-13T02:46:36.257+0000][1][safepoint    ] Entering safepoint region: RevokeBias
[2022-06-13T02:46:36.257+0000][1][safepoint    ] Leaving safepoint region
[2022-06-13T02:46:36.257+0000][1][safepoint    ] Total time for which application threads were stopped: 0.0005058 seconds, Stopping threads took: 0.0001974 seconds
[2022-06-13T02:46:36.263+0000][1][safepoint    ] Application time: 0.0056218 seconds
[2022-06-13T02:46:36.267+0000][1][safepoint    ] Entering safepoint region: Deoptimize
[2022-06-13T02:46:36.268+0000][1][safepoint    ] Leaving safepoint region
[2022-06-13T02:46:36.269+0000][1][safepoint    ] Total time for which application threads were stopped: 0.0012271 seconds, Stopping threads took: 0.0003049 seconds
[2022-06-13T02:46:36.271+0000][1][safepoint    ] Application time: 0.0020605 seconds
[2022-06-13T02:46:36.271+0000][1][safepoint    ] Entering safepoint region: RevokeBias
[2022-06-13T02:46:36.272+0000][1][safepoint    ] Leaving safepoint region
[2022-06-13T02:46:36.272+0000][1][safepoint    ] Total time for which application threads were stopped: 0.0008712 seconds, Stopping threads took: 0.0005251 seconds
[2022-06-13T02:46:36.281+0000][1][safepoint    ] Application time: 0.0081996 seconds
[2022-06-13T02:46:36.281+0000][1][safepoint    ] Entering safepoint region: RevokeBias
[2022-06-13T02:46:36.281+0000][1][safepoint    ] Leaving safepoint region
[2022-06-13T02:46:36.282+0000][1][safepoint    ] Total time for which application threads were stopped: 0.0006364 seconds, Stopping threads took: 0.0003791 seconds
[2022-06-13T02:46:36.288+0000][1][safepoint    ] Application time: 0.0058339 seconds
[2022-06-13T02:46:36.288+0000][1][safepoint    ] Entering safepoint region: RevokeBias
[2022-06-13T02:46:36.289+0000][1][safepoint    ] Leaving safepoint region
[2022-06-13T02:46:36.289+0000][1][safepoint    ] Total time for which application threads were stopped: 0.0012543 seconds, Stopping threads took: 0.0007445 seconds
[2022-06-13T02:46:36.291+0000][1][safepoint    ] Application time: 0.0011184 seconds
[2022-06-13T02:46:36.291+0000][1][safepoint    ] Entering safepoint region: RevokeBias
[2022-06-13T02:46:36.292+0000][1][safepoint    ] Leaving safepoint region
[2022-06-13T02:46:36.292+0000][1][safepoint    ] Total time for which application threads were stopped: 0.0011400 seconds, Stopping threads took: 0.0007863 seconds
[2022-06-13T02:46:36.296+0000][1][safepoint    ] Application time: 0.0035274 seconds
[2022-06-13T02:46:36.296+0000][1][safepoint    ] Entering safepoint region: RevokeBias
[2022-06-13T02:46:36.297+0000][1][safepoint    ] Leaving safepoint region
[2022-06-13T02:46:36.297+0000][1][safepoint    ] Total time for which application threads were stopped: 0.0010790 seconds, Stopping threads took: 0.0006140 seconds
[2022-06-13T02:46:37.298+0000][1][safepoint    ] Application time: 1.0001847 seconds
[2022-06-13T02:46:37.298+0000][1][safepoint    ] Entering safepoint region: Cleanup
[2022-06-13T02:46:37.299+0000][1][safepoint    ] Leaving safepoint region
[2022-06-13T02:46:37.299+0000][1][safepoint    ] Total time for which application threads were stopped: 0.0008524 seconds, Stopping threads took: 0.0004070 seconds
[2022-06-13T02:46:37.370+0000][1][safepoint    ] Application time: 0.0707261 seconds
[2022-06-13T02:46:37.371+0000][1][safepoint    ] Entering safepoint region: RevokeBias
[2022-06-13T02:46:37.371+0000][1][safepoint    ] Leaving safepoint region
[2022-06-13T02:46:37.371+0000][1][safepoint    ] Total time for which application threads were stopped: 0.0006175 seconds, Stopping threads took: 0.0003702 seconds
[2022-06-13T02:46:37.376+0000][1][safepoint    ] Application time: 0.0044576 seconds
[2022-06-13T02:46:37.377+0000][1][safepoint    ] Entering safepoint region: RevokeBias
[2022-06-13T02:46:37.377+0000][1][safepoint    ] Leaving safepoint region
[2022-06-13T02:46:37.378+0000][1][safepoint    ] Total time for which application threads were stopped: 0.0009076 seconds, Stopping threads took: 0.0005002 seconds
[2022-06-13T02:46:37.381+0000][1][safepoint    ] Application time: 0.0034295 seconds
[2022-06-13T02:46:37.382+0000][1][safepoint    ] Entering safepoint region: RevokeBias
[2022-06-13T02:46:37.382+0000][1][safepoint    ] Leaving safepoint region
[2022-06-13T02:46:37.382+0000][1][safepoint    ] Total time for which application threads were stopped: 0.0008122 seconds, Stopping threads took: 0.0003631 seconds
[2022-06-13T02:46:37.751+0000][1][safepoint    ] Application time: 0.3680721 seconds
[2022-06-13T02:46:37.752+0000][1][safepoint    ] Entering safepoint region: RevokeBias
[2022-06-13T02:46:37.752+0000][1][safepoint    ] Leaving safepoint region
[2022-06-13T02:46:37.753+0000][1][safepoint    ] Total time for which application threads were stopped: 0.0014900 seconds, Stopping threads took: 0.0007801 seconds
[2022-06-13T02:46:37.756+0000][1][safepoint    ] Application time: 0.0031199 seconds
[2022-06-13T02:46:37.757+0000][1][safepoint    ] Entering safepoint region: RevokeBias
[2022-06-13T02:46:37.757+0000][1][safepoint    ] Leaving safepoint region
[2022-06-13T02:46:37.757+0000][1][safepoint    ] Total time for which application threads were stopped: 0.0009391 seconds, Stopping threads took: 0.0005436 seconds
[2022-06-13T02:46:37.760+0000][1][safepoint    ] Application time: 0.0018579 seconds
[2022-06-13T02:46:37.760+0000][1][safepoint    ] Entering safepoint region: RevokeBias
[2022-06-13T02:46:37.761+0000][1][safepoint    ] Leaving safepoint region
[2022-06-13T02:46:37.761+0000][1][safepoint    ] Total time for which application threads were stopped: 0.0009580 seconds, Stopping threads took: 0.0005043 seconds
[2022-06-13T02:46:37.761+0000][1][safepoint    ] Application time: 0.0001541 seconds
[2022-06-13T02:46:37.762+0000][1][safepoint    ] Entering safepoint region: RevokeBias
[2022-06-13T02:46:37.762+0000][1][safepoint    ] Leaving safepoint region
[2022-06-13T02:46:37.762+0000][1][safepoint    ] Total time for which application threads were stopped: 0.0006307 seconds, Stopping threads took: 0.0002690 seconds
[2022-06-13T02:46:37.770+0000][1][safepoint    ] Application time: 0.0075176 seconds
[2022-06-13T02:46:37.771+0000][1][safepoint    ] Entering safepoint region: BulkRevokeBias
[2022-06-13T02:46:37.771+0000][1][safepoint    ] Leaving safepoint region
[2022-06-13T02:46:37.772+0000][1][safepoint    ] Total time for which application threads were stopped: 0.0010857 seconds, Stopping threads took: 0.0005102 seconds
[2022-06-13T02:46:37.977+0000][1][safepoint    ] Application time: 0.2054000 seconds
[2022-06-13T02:46:37.978+0000][1][safepoint    ] Entering safepoint region: RevokeBias
[2022-06-13T02:46:37.978+0000][1][safepoint    ] Leaving safepoint region
[2022-06-13T02:46:37.978+0000][1][safepoint    ] Total time for which application threads were stopped: 0.0006177 seconds, Stopping threads took: 0.0003461 seconds
[2022-06-13T02:46:37.980+0000][1][safepoint    ] Application time: 0.0018196 seconds
[2022-06-13T02:46:37.981+0000][1][safepoint    ] Entering safepoint region: RevokeBias
[2022-06-13T02:46:37.981+0000][1][safepoint    ] Leaving safepoint region
[2022-06-13T02:46:37.982+0000][1][safepoint    ] Total time for which application threads were stopped: 0.0015144 seconds, Stopping threads took: 0.0009564 seconds
[2022-06-13T02:46:37.987+0000][1][safepoint    ] Application time: 0.0047295 seconds
[2022-06-13T02:46:37.987+0000][1][safepoint    ] Entering safepoint region: RevokeBias
[2022-06-13T02:46:37.988+0000][1][safepoint    ] Leaving safepoint region
[2022-06-13T02:46:37.988+0000][1][safepoint    ] Total time for which application threads were stopped: 0.0010954 seconds, Stopping threads took: 0.0005041 seconds
[2022-06-13T02:46:37.994+0000][1][safepoint    ] Application time: 0.0049534 seconds
[2022-06-13T02:46:37.994+0000][1][safepoint    ] Entering safepoint region: RevokeBias
[2022-06-13T02:46:37.995+0000][1][safepoint    ] Leaving safepoint region
[2022-06-13T02:46:37.996+0000][1][safepoint    ] Total time for which application threads were stopped: 0.0016382 seconds, Stopping threads took: 0.0008886 seconds
[2022-06-13T02:46:38.185+0000][1][safepoint    ] Application time: 0.1883630 seconds
[2022-06-13T02:46:38.186+0000][1][safepoint    ] Entering safepoint region: RevokeBias
[2022-06-13T02:46:38.187+0000][1][safepoint    ] Leaving safepoint region
[2022-06-13T02:46:38.187+0000][1][safepoint    ] Total time for which application threads were stopped: 0.0019211 seconds, Stopping threads took: 0.0011166 seconds
[2022-06-13T02:46:38.192+0000][1][safepoint    ] Application time: 0.0038978 seconds
[2022-06-13T02:46:38.192+0000][1][safepoint    ] Entering safepoint region: RevokeBias
[2022-06-13T02:46:38.193+0000][1][safepoint    ] Leaving safepoint region
[2022-06-13T02:46:38.194+0000][1][safepoint    ] Total time for which application threads were stopped: 0.0016086 seconds, Stopping threads took: 0.0009567 seconds
[2022-06-13T02:46:38.199+0000][1][safepoint    ] Application time: 0.0052927 seconds
[2022-06-13T02:46:38.200+0000][1][safepoint    ] Entering safepoint region: RevokeBias
[2022-06-13T02:46:38.201+0000][1][safepoint    ] Leaving safepoint region
[2022-06-13T02:46:38.201+0000][1][safepoint    ] Total time for which application threads were stopped: 0.0015874 seconds, Stopping threads took: 0.0010974 seconds
[2022-06-13T02:46:38.203+0000][1][safepoint    ] Application time: 0.0015967 seconds
[2022-06-13T02:46:38.203+0000][1][safepoint    ] Entering safepoint region: RevokeBias
[2022-06-13T02:46:38.204+0000][1][safepoint    ] Leaving safepoint region
[2022-06-13T02:46:38.205+0000][1][safepoint    ] Total time for which application threads were stopped: 0.0015645 seconds, Stopping threads took: 0.0007805 seconds
[2022-06-13T02:46:38.361+0000][1][safepoint    ] Application time: 0.1555255 seconds
[2022-06-13T02:46:38.361+0000][1][safepoint    ] Entering safepoint region: RevokeBias
[2022-06-13T02:46:38.362+0000][1][safepoint    ] Leaving safepoint region
[2022-06-13T02:46:38.362+0000][1][safepoint    ] Total time for which application threads were stopped: 0.0009546 seconds, Stopping threads took: 0.0005733 seconds
[2022-06-13T02:46:38.363+0000][1][safepoint    ] Application time: 0.0005756 seconds
[2022-06-13T02:46:38.363+0000][1][safepoint    ] Entering safepoint region: RevokeBias
[2022-06-13T02:46:38.364+0000][1][safepoint    ] Leaving safepoint region
[2022-06-13T02:46:38.364+0000][1][safepoint    ] Total time for which application threads were stopped: 0.0006907 seconds, Stopping threads took: 0.0004407 seconds
[2022-06-13T02:46:38.368+0000][1][safepoint    ] Application time: 0.0041188 seconds
[2022-06-13T02:46:38.369+0000][1][safepoint    ] Entering safepoint region: RevokeBias
[2022-06-13T02:46:38.369+0000][1][safepoint    ] Leaving safepoint region
[2022-06-13T02:46:38.370+0000][1][safepoint    ] Total time for which application threads were stopped: 0.0008436 seconds, Stopping threads took: 0.0003862 seconds
[2022-06-13T02:46:38.379+0000][1][safepoint    ] Application time: 0.0090725 seconds
[2022-06-13T02:46:38.380+0000][1][safepoint    ] Entering safepoint region: RevokeBias
[2022-06-13T02:46:38.380+0000][1][safepoint    ] Leaving safepoint region
[2022-06-13T02:46:38.381+0000][1][safepoint    ] Total time for which application threads were stopped: 0.0012016 seconds, Stopping threads took: 0.0006192 seconds
[2022-06-13T02:46:38.554+0000][1][safepoint    ] Application time: 0.1723414 seconds
[2022-06-13T02:46:38.554+0000][1][safepoint    ] Entering safepoint region: RevokeBias
[2022-06-13T02:46:38.555+0000][1][safepoint    ] Leaving safepoint region
[2022-06-13T02:46:38.555+0000][1][safepoint    ] Total time for which application threads were stopped: 0.0010113 seconds, Stopping threads took: 0.0005195 seconds
[2022-06-13T02:46:38.559+0000][1][safepoint    ] Application time: 0.0035475 seconds
[2022-06-13T02:46:38.559+0000][1][safepoint    ] Entering safepoint region: RevokeBias
[2022-06-13T02:46:38.560+0000][1][safepoint    ] Leaving safepoint region
[2022-06-13T02:46:38.560+0000][1][safepoint    ] Total time for which application threads were stopped: 0.0010717 seconds, Stopping threads took: 0.0005733 seconds
[2022-06-13T02:46:38.568+0000][1][safepoint    ] Application time: 0.0068146 seconds
[2022-06-13T02:46:38.568+0000][1][safepoint    ] Entering safepoint region: RevokeBias
[2022-06-13T02:46:38.569+0000][1][safepoint    ] Leaving safepoint region
[2022-06-13T02:46:38.569+0000][1][safepoint    ] Total time for which application threads were stopped: 0.0015837 seconds, Stopping threads took: 0.0008736 seconds
[2022-06-13T02:46:39.570+0000][1][safepoint    ] Application time: 1.0003928 seconds
[2022-06-13T02:46:39.571+0000][1][safepoint    ] Entering safepoint region: Cleanup
[2022-06-13T02:46:39.571+0000][1][safepoint    ] Leaving safepoint region
[2022-06-13T02:46:39.571+0000][1][safepoint    ] Total time for which application threads were stopped: 0.0006954 seconds, Stopping threads took: 0.0003732 seconds
[2022-06-13T02:46:41.572+0000][1][safepoint    ] Application time: 2.0005083 seconds
[2022-06-13T02:46:41.573+0000][1][safepoint    ] Entering safepoint region: Cleanup
[2022-06-13T02:46:41.573+0000][1][safepoint    ] Leaving safepoint region
[2022-06-13T02:46:41.573+0000][1][safepoint    ] Total time for which application threads were stopped: 0.0006293 seconds, Stopping threads took: 0.0002847 seconds
[2022-06-13T02:46:42.574+0000][1][safepoint    ] Application time: 1.0003470 seconds
[2022-06-13T02:46:42.574+0000][1][safepoint    ] Entering safepoint region: Cleanup
[2022-06-13T02:46:42.575+0000][1][safepoint    ] Leaving safepoint region
[2022-06-13T02:46:42.575+0000][1][safepoint    ] Total time for which application threads were stopped: 0.0004903 seconds, Stopping threads took: 0.0002990 seconds
[2022-06-13T02:46:43.575+0000][1][safepoint    ] Application time: 1.0001267 seconds
[2022-06-13T02:46:43.576+0000][1][safepoint    ] Entering safepoint region: Cleanup
[2022-06-13T02:46:43.576+0000][1][safepoint    ] Leaving safepoint region
[2022-06-13T02:46:43.576+0000][1][safepoint    ] Total time for which application threads were stopped: 0.0008796 seconds, Stopping threads took: 0.0004281 seconds
[2022-06-13T02:46:44.105+0000][1][safepoint    ] Application time: 0.5278478 seconds
[2022-06-13T02:46:44.105+0000][1][safepoint    ] Entering safepoint region: RevokeBias
[2022-06-13T02:46:44.105+0000][1][safepoint    ] Leaving safepoint region
[2022-06-13T02:46:44.105+0000][1][safepoint    ] Total time for which application threads were stopped: 0.0004843 seconds, Stopping threads took: 0.0002286 seconds
[2022-06-13T02:46:44.106+0000][1][safepoint    ] Application time: 0.0002183 seconds
[2022-06-13T02:46:44.106+0000][1][safepoint    ] Entering safepoint region: RevokeBias
[2022-06-13T02:46:44.107+0000][1][safepoint    ] Leaving safepoint region
[2022-06-13T02:46:44.107+0000][1][safepoint    ] Total time for which application threads were stopped: 0.0006133 seconds, Stopping threads took: 0.0003674 seconds
[2022-06-13T02:46:45.652+0000][1][safepoint    ] Application time: 1.5448389 seconds
[2022-06-13T02:46:45.652+0000][1][safepoint    ] Entering safepoint region: Cleanup
[2022-06-13T02:46:45.653+0000][1][safepoint    ] Leaving safepoint region
[2022-06-13T02:46:45.653+0000][1][safepoint    ] Total time for which application threads were stopped: 0.0007207 seconds, Stopping threads took: 0.0004310 seconds
[2022-06-13T02:46:46.653+0000][1][safepoint    ] Application time: 1.0001588 seconds
[2022-06-13T02:46:46.653+0000][1][safepoint    ] Entering safepoint region: Cleanup
[2022-06-13T02:46:46.653+0000][1][safepoint    ] Leaving safepoint region
[2022-06-13T02:46:46.654+0000][1][safepoint    ] Total time for which application threads were stopped: 0.0002839 seconds, Stopping threads took: 0.0001171 seconds
[2022-06-13T02:46:47.654+0000][1][safepoint    ] Application time: 1.0001857 seconds
[2022-06-13T02:46:47.654+0000][1][safepoint    ] Entering safepoint region: Cleanup
[2022-06-13T02:46:47.655+0000][1][safepoint    ] Leaving safepoint region
[2022-06-13T02:46:47.655+0000][1][safepoint    ] Total time for which application threads were stopped: 0.0009529 seconds, Stopping threads took: 0.0004572 seconds
[2022-06-13T02:46:53.657+0000][1][safepoint    ] Application time: 6.0010049 seconds
[2022-06-13T02:46:53.657+0000][1][safepoint    ] Entering safepoint region: Cleanup
[2022-06-13T02:46:53.658+0000][1][safepoint    ] Leaving safepoint region
[2022-06-13T02:46:53.658+0000][1][safepoint    ] Total time for which application threads were stopped: 0.0006268 seconds, Stopping threads took: 0.0002703 seconds
[2022-06-13T02:46:57.659+0000][1][safepoint    ] Application time: 4.0007705 seconds
[2022-06-13T02:46:57.660+0000][1][safepoint    ] Entering safepoint region: Cleanup
[2022-06-13T02:46:57.660+0000][1][safepoint    ] Leaving safepoint region
[2022-06-13T02:46:57.661+0000][1][safepoint    ] Total time for which application threads were stopped: 0.0008145 seconds, Stopping threads took: 0.0003959 seconds
[2022-06-13T02:47:01.662+0000][1][safepoint    ] Application time: 4.0006126 seconds
[2022-06-13T02:47:01.662+0000][1][safepoint    ] Entering safepoint region: Cleanup
[2022-06-13T02:47:01.663+0000][1][safepoint    ] Leaving safepoint region
[2022-06-13T02:47:01.664+0000][1][safepoint    ] Total time for which application threads were stopped: 0.0013964 seconds, Stopping threads took: 0.0006349 seconds
[2022-06-13T02:47:05.665+0000][1][safepoint    ] Application time: 4.0007610 seconds
[2022-06-13T02:47:05.666+0000][1][safepoint    ] Entering safepoint region: Cleanup
[2022-06-13T02:47:05.666+0000][1][safepoint    ] Leaving safepoint region
[2022-06-13T02:47:05.666+0000][1][safepoint    ] Total time for which application threads were stopped: 0.0005991 seconds, Stopping threads took: 0.0003004 seconds
[2022-06-13T02:47:06.667+0000][1][safepoint    ] Application time: 1.0001379 seconds
[2022-06-13T02:47:06.667+0000][1][safepoint    ] Entering safepoint region: Cleanup
[2022-06-13T02:47:06.667+0000][1][safepoint    ] Leaving safepoint region
[2022-06-13T02:47:06.667+0000][1][safepoint    ] Total time for which application threads were stopped: 0.0005620 seconds, Stopping threads took: 0.0002662 seconds
[2022-06-13T02:47:07.668+0000][1][safepoint    ] Application time: 1.0003005 seconds
[2022-06-13T02:47:07.668+0000][1][safepoint    ] Entering safepoint region: Cleanup
[2022-06-13T02:47:07.669+0000][1][safepoint    ] Leaving safepoint region
[2022-06-13T02:47:07.669+0000][1][safepoint    ] Total time for which application threads were stopped: 0.0004877 seconds, Stopping threads took: 0.0002271 seconds
[2022-06-13T02:47:08.754+0000][1][safepoint    ] Application time: 1.0849805 seconds
[2022-06-13T02:47:08.754+0000][1][safepoint    ] Entering safepoint region: RevokeBias
[2022-06-13T02:47:08.755+0000][1][safepoint    ] Leaving safepoint region
[2022-06-13T02:47:08.755+0000][1][safepoint    ] Total time for which application threads were stopped: 0.0007852 seconds, Stopping threads took: 0.0004465 seconds
[2022-06-13T02:47:09.756+0000][1][safepoint    ] Application time: 1.0002136 seconds
[2022-06-13T02:47:09.756+0000][1][safepoint    ] Entering safepoint region: Cleanup
[2022-06-13T02:47:09.756+0000][1][safepoint    ] Leaving safepoint region
[2022-06-13T02:47:09.757+0000][1][safepoint    ] Total time for which application threads were stopped: 0.0005639 seconds, Stopping threads took: 0.0002679 seconds
[2022-06-13T02:47:14.758+0000][1][safepoint    ] Application time: 5.0008715 seconds
[2022-06-13T02:47:14.758+0000][1][safepoint    ] Entering safepoint region: Cleanup
[2022-06-13T02:47:14.759+0000][1][safepoint    ] Leaving safepoint region
[2022-06-13T02:47:14.759+0000][1][safepoint    ] Total time for which application threads were stopped: 0.0005428 seconds, Stopping threads took: 0.0002331 seconds
[2022-06-13T02:47:17.760+0000][1][safepoint    ] Application time: 3.0003972 seconds
[2022-06-13T02:47:17.760+0000][1][safepoint    ] Entering safepoint region: Cleanup
[2022-06-13T02:47:17.760+0000][1][safepoint    ] Leaving safepoint region
[2022-06-13T02:47:17.761+0000][1][safepoint    ] Total time for which application threads were stopped: 0.0007350 seconds, Stopping threads took: 0.0003509 seconds
[2022-06-13T02:47:19.515+0000][1][safepoint    ] Application time: 1.7541603 seconds
[2022-06-13T02:47:19.515+0000][1][safepoint    ] Entering safepoint region: RevokeBias
[2022-06-13T02:47:19.516+0000][1][safepoint    ] Leaving safepoint region
[2022-06-13T02:47:19.516+0000][1][safepoint    ] Total time for which application threads were stopped: 0.0004253 seconds, Stopping threads took: 0.0001742 seconds
[2022-06-13T02:47:19.516+0000][1][safepoint    ] Application time: 0.0001215 seconds
[2022-06-13T02:47:19.516+0000][1][safepoint    ] Entering safepoint region: RevokeBias
[2022-06-13T02:47:19.517+0000][1][safepoint    ] Leaving safepoint region
[2022-06-13T02:47:19.517+0000][1][safepoint    ] Total time for which application threads were stopped: 0.0006292 seconds, Stopping threads took: 0.0003183 seconds
[2022-06-13T02:47:19.518+0000][1][safepoint    ] Application time: 0.0005508 seconds
[2022-06-13T02:47:19.518+0000][1][safepoint    ] Entering safepoint region: RevokeBias
[2022-06-13T02:47:19.518+0000][1][safepoint    ] Leaving safepoint region
[2022-06-13T02:47:19.518+0000][1][safepoint    ] Total time for which application threads were stopped: 0.0002912 seconds, Stopping threads took: 0.0001253 seconds
[2022-06-13T02:47:19.519+0000][1][safepoint    ] Application time: 0.0002733 seconds
[2022-06-13T02:47:19.519+0000][1][safepoint    ] Entering safepoint region: RevokeBias
[2022-06-13T02:47:19.519+0000][1][safepoint    ] Leaving safepoint region
[2022-06-13T02:47:19.519+0000][1][safepoint    ] Total time for which application threads were stopped: 0.0005032 seconds, Stopping threads took: 0.0003543 seconds
[2022-06-13T02:47:19.520+0000][1][safepoint    ] Application time: 0.0006319 seconds
[2022-06-13T02:47:19.520+0000][1][safepoint    ] Entering safepoint region: RevokeBias
[2022-06-13T02:47:19.521+0000][1][safepoint    ] Leaving safepoint region
[2022-06-13T02:47:19.521+0000][1][safepoint    ] Total time for which application threads were stopped: 0.0002693 seconds, Stopping threads took: 0.0001076 seconds
[2022-06-13T02:47:19.522+0000][1][safepoint    ] Application time: 0.0015427 seconds
[2022-06-13T02:47:19.523+0000][1][safepoint    ] Entering safepoint region: RevokeBias
[2022-06-13T02:47:19.523+0000][1][safepoint    ] Leaving safepoint region
[2022-06-13T02:47:19.523+0000][1][safepoint    ] Total time for which application threads were stopped: 0.0004541 seconds, Stopping threads took: 0.0001803 seconds
[2022-06-13T02:47:19.524+0000][1][safepoint    ] Application time: 0.0004106 seconds
[2022-06-13T02:47:19.525+0000][1][safepoint    ] Entering safepoint region: RevokeBias
[2022-06-13T02:47:19.526+0000][1][safepoint    ] Leaving safepoint region
[2022-06-13T02:47:19.526+0000][1][safepoint    ] Total time for which application threads were stopped: 0.0005774 seconds, Stopping threads took: 0.0003208 seconds
[2022-06-13T02:47:19.527+0000][1][safepoint    ] Application time: 0.0005512 seconds
[2022-06-13T02:47:19.527+0000][1][safepoint    ] Entering safepoint region: BulkRevokeBias
[2022-06-13T02:47:19.527+0000][1][safepoint    ] Leaving safepoint region
[2022-06-13T02:47:19.527+0000][1][safepoint    ] Total time for which application threads were stopped: 0.0005321 seconds, Stopping threads took: 0.0001685 seconds
[2022-06-13T02:47:19.528+0000][1][safepoint    ] Application time: 0.0002810 seconds
[2022-06-13T02:47:19.528+0000][1][safepoint    ] Entering safepoint region: RevokeBias
[2022-06-13T02:47:19.528+0000][1][safepoint    ] Leaving safepoint region
[2022-06-13T02:47:19.528+0000][1][safepoint    ] Total time for which application threads were stopped: 0.0004162 seconds, Stopping threads took: 0.0001977 seconds
[2022-06-13T02:47:19.529+0000][1][safepoint    ] Application time: 0.0003253 seconds
[2022-06-13T02:47:19.529+0000][1][safepoint    ] Entering safepoint region: RevokeBias
[2022-06-13T02:47:19.529+0000][1][safepoint    ] Leaving safepoint region
[2022-06-13T02:47:19.530+0000][1][safepoint    ] Total time for which application threads were stopped: 0.0007695 seconds, Stopping threads took: 0.0002488 seconds
[2022-06-13T02:47:19.530+0000][1][safepoint    ] Application time: 0.0003386 seconds
[2022-06-13T02:47:19.531+0000][1][safepoint    ] Entering safepoint region: RevokeBias
[2022-06-13T02:47:19.531+0000][1][safepoint    ] Leaving safepoint region
[2022-06-13T02:47:19.531+0000][1][safepoint    ] Total time for which application threads were stopped: 0.0005206 seconds, Stopping threads took: 0.0002861 seconds
[2022-06-13T02:47:19.531+0000][1][safepoint    ] Application time: 0.0001674 seconds
[2022-06-13T02:47:19.532+0000][1][safepoint    ] Entering safepoint region: RevokeBias
[2022-06-13T02:47:19.532+0000][1][safepoint    ] Leaving safepoint region
[2022-06-13T02:47:19.532+0000][1][safepoint    ] Total time for which application threads were stopped: 0.0006634 seconds, Stopping threads took: 0.0002023 seconds
[2022-06-13T02:47:19.533+0000][1][safepoint    ] Application time: 0.0002062 seconds
[2022-06-13T02:47:19.533+0000][1][safepoint    ] Entering safepoint region: RevokeBias
[2022-06-13T02:47:19.533+0000][1][safepoint    ] Leaving safepoint region
[2022-06-13T02:47:19.533+0000][1][safepoint    ] Total time for which application threads were stopped: 0.0005109 seconds, Stopping threads took: 0.0002814 seconds
[2022-06-13T02:47:19.534+0000][1][safepoint    ] Application time: 0.0002118 seconds
[2022-06-13T02:47:19.534+0000][1][safepoint    ] Entering safepoint region: RevokeBias
[2022-06-13T02:47:19.535+0000][1][safepoint    ] Leaving safepoint region
[2022-06-13T02:47:19.535+0000][1][safepoint    ] Total time for which application threads were stopped: 0.0006776 seconds, Stopping threads took: 0.0003506 seconds
[2022-06-13T02:47:19.535+0000][1][safepoint    ] Application time: 0.0002418 seconds
[2022-06-13T02:47:19.536+0000][1][safepoint    ] Entering safepoint region: RevokeBias
[2022-06-13T02:47:19.536+0000][1][safepoint    ] Leaving safepoint region
[2022-06-13T02:47:19.536+0000][1][safepoint    ] Total time for which application threads were stopped: 0.0003858 seconds, Stopping threads took: 0.0001891 seconds
[2022-06-13T02:47:19.536+0000][1][safepoint    ] Application time: 0.0001877 seconds
[2022-06-13T02:47:19.536+0000][1][safepoint    ] Entering safepoint region: RevokeBias
[2022-06-13T02:47:19.537+0000][1][safepoint    ] Leaving safepoint region
[2022-06-13T02:47:19.537+0000][1][safepoint    ] Total time for which application threads were stopped: 0.0005382 seconds, Stopping threads took: 0.0003411 seconds
[2022-06-13T02:47:19.537+0000][1][safepoint    ] Application time: 0.0002343 seconds
[2022-06-13T02:47:19.538+0000][1][safepoint    ] Entering safepoint region: RevokeBias
[2022-06-13T02:47:19.538+0000][1][safepoint    ] Leaving safepoint region
[2022-06-13T02:47:19.538+0000][1][safepoint    ] Total time for which application threads were stopped: 0.0003882 seconds, Stopping threads took: 0.0001769 seconds
[2022-06-13T02:47:19.538+0000][1][safepoint    ] Application time: 0.0002091 seconds
[2022-06-13T02:47:19.539+0000][1][safepoint    ] Entering safepoint region: BulkRevokeBias
[2022-06-13T02:47:19.539+0000][1][safepoint    ] Leaving safepoint region
[2022-06-13T02:47:19.539+0000][1][safepoint    ] Total time for which application threads were stopped: 0.0005891 seconds, Stopping threads took: 0.0001802 seconds
[2022-06-13T02:47:19.539+0000][1][safepoint    ] Application time: 0.0001639 seconds
[2022-06-13T02:47:19.540+0000][1][safepoint    ] Entering safepoint region: RevokeBias
[2022-06-13T02:47:19.540+0000][1][safepoint    ] Leaving safepoint region
[2022-06-13T02:47:19.541+0000][1][safepoint    ] Total time for which application threads were stopped: 0.0009188 seconds, Stopping threads took: 0.0002546 seconds
[2022-06-13T02:47:19.542+0000][1][safepoint    ] Application time: 0.0008075 seconds
[2022-06-13T02:47:19.542+0000][1][safepoint    ] Entering safepoint region: RevokeBias
[2022-06-13T02:47:19.543+0000][1][safepoint    ] Leaving safepoint region
[2022-06-13T02:47:19.543+0000][1][safepoint    ] Total time for which application threads were stopped: 0.0011774 seconds, Stopping threads took: 0.0006522 seconds
[2022-06-13T02:47:19.544+0000][1][safepoint    ] Application time: 0.0002373 seconds
[2022-06-13T02:47:19.544+0000][1][safepoint    ] Entering safepoint region: RevokeBias
[2022-06-13T02:47:19.545+0000][1][safepoint    ] Leaving safepoint region
[2022-06-13T02:47:19.545+0000][1][safepoint    ] Total time for which application threads were stopped: 0.0008485 seconds, Stopping threads took: 0.0003539 seconds
[2022-06-13T02:47:19.546+0000][1][safepoint    ] Application time: 0.0006134 seconds
[2022-06-13T02:47:19.547+0000][1][safepoint    ] Entering safepoint region: RevokeBias
[2022-06-13T02:47:19.547+0000][1][safepoint    ] Leaving safepoint region
[2022-06-13T02:47:19.548+0000][1][safepoint    ] Total time for which application threads were stopped: 0.0011247 seconds, Stopping threads took: 0.0005473 seconds
[2022-06-13T02:47:19.549+0000][1][safepoint    ] Application time: 0.0003199 seconds
[2022-06-13T02:47:19.549+0000][1][safepoint    ] Entering safepoint region: RevokeBias
[2022-06-13T02:47:19.549+0000][1][safepoint    ] Leaving safepoint region
[2022-06-13T02:47:19.549+0000][1][safepoint    ] Total time for which application threads were stopped: 0.0007131 seconds, Stopping threads took: 0.0003932 seconds
[2022-06-13T02:47:19.550+0000][1][safepoint    ] Application time: 0.0002353 seconds
[2022-06-13T02:47:19.550+0000][1][safepoint    ] Entering safepoint region: RevokeBias
[2022-06-13T02:47:19.551+0000][1][safepoint    ] Leaving safepoint region
[2022-06-13T02:47:19.551+0000][1][safepoint    ] Total time for which application threads were stopped: 0.0005782 seconds, Stopping threads took: 0.0002608 seconds
[2022-06-13T02:47:19.551+0000][1][safepoint    ] Application time: 0.0001956 seconds
[2022-06-13T02:47:19.551+0000][1][safepoint    ] Entering safepoint region: RevokeBias
[2022-06-13T02:47:19.552+0000][1][safepoint    ] Leaving safepoint region
[2022-06-13T02:47:19.552+0000][1][safepoint    ] Total time for which application threads were stopped: 0.0004644 seconds, Stopping threads took: 0.0002631 seconds
[2022-06-13T02:47:19.552+0000][1][safepoint    ] Application time: 0.0002141 seconds
[2022-06-13T02:47:19.552+0000][1][safepoint    ] Entering safepoint region: RevokeBias
[2022-06-13T02:47:19.553+0000][1][safepoint    ] Leaving safepoint region
[2022-06-13T02:47:19.553+0000][1][safepoint    ] Total time for which application threads were stopped: 0.0004195 seconds, Stopping threads took: 0.0001718 seconds
[2022-06-13T02:47:19.553+0000][1][safepoint    ] Application time: 0.0002832 seconds
[2022-06-13T02:47:19.554+0000][1][safepoint    ] Entering safepoint region: RevokeBias
[2022-06-13T02:47:19.554+0000][1][safepoint    ] Leaving safepoint region
[2022-06-13T02:47:19.555+0000][1][safepoint    ] Total time for which application threads were stopped: 0.0010813 seconds, Stopping threads took: 0.0004803 seconds
[2022-06-13T02:47:19.555+0000][1][safepoint    ] Application time: 0.0002986 seconds
[2022-06-13T02:47:19.556+0000][1][safepoint    ] Entering safepoint region: RevokeBias
[2022-06-13T02:47:19.556+0000][1][safepoint    ] Leaving safepoint region
[2022-06-13T02:47:19.556+0000][1][safepoint    ] Total time for which application threads were stopped: 0.0003927 seconds, Stopping threads took: 0.0001990 seconds
[2022-06-13T02:47:19.556+0000][1][safepoint    ] Application time: 0.0001632 seconds
[2022-06-13T02:47:19.556+0000][1][safepoint    ] Entering safepoint region: RevokeBias
[2022-06-13T02:47:19.557+0000][1][safepoint    ] Leaving safepoint region
[2022-06-13T02:47:19.557+0000][1][safepoint    ] Total time for which application threads were stopped: 0.0003869 seconds, Stopping threads took: 0.0002165 seconds
[2022-06-13T02:47:19.557+0000][1][safepoint    ] Application time: 0.0000969 seconds
[2022-06-13T02:47:19.557+0000][1][safepoint    ] Entering safepoint region: RevokeBias
[2022-06-13T02:47:19.558+0000][1][safepoint    ] Leaving safepoint region
[2022-06-13T02:47:19.558+0000][1][safepoint    ] Total time for which application threads were stopped: 0.0008567 seconds, Stopping threads took: 0.0003914 seconds
[2022-06-13T02:47:19.663+0000][1][safepoint    ] Application time: 0.1040694 seconds
[2022-06-13T02:47:19.663+0000][1][safepoint    ] Entering safepoint region: RevokeBias
[2022-06-13T02:47:19.664+0000][1][safepoint    ] Leaving safepoint region
[2022-06-13T02:47:19.664+0000][1][safepoint    ] Total time for which application threads were stopped: 0.0006791 seconds, Stopping threads took: 0.0003104 seconds
[2022-06-13T02:47:19.665+0000][1][safepoint    ] Application time: 0.0002648 seconds
[2022-06-13T02:47:19.665+0000][1][safepoint    ] Entering safepoint region: RevokeBias
[2022-06-13T02:47:19.665+0000][1][safepoint    ] Leaving safepoint region
[2022-06-13T02:47:19.665+0000][1][safepoint    ] Total time for which application threads were stopped: 0.0002989 seconds, Stopping threads took: 0.0001564 seconds
[2022-06-13T02:47:19.665+0000][1][safepoint    ] Application time: 0.0001154 seconds
[2022-06-13T02:47:19.665+0000][1][safepoint    ] Entering safepoint region: RevokeBias
[2022-06-13T02:47:19.666+0000][1][safepoint    ] Leaving safepoint region
[2022-06-13T02:47:19.666+0000][1][safepoint    ] Total time for which application threads were stopped: 0.0003989 seconds, Stopping threads took: 0.0001964 seconds
[2022-06-13T02:47:19.666+0000][1][safepoint    ] Application time: 0.0001565 seconds
[2022-06-13T02:47:19.666+0000][1][safepoint    ] Entering safepoint region: RevokeBias
[2022-06-13T02:47:19.666+0000][1][safepoint    ] Leaving safepoint region
[2022-06-13T02:47:19.667+0000][1][safepoint    ] Total time for which application threads were stopped: 0.0004026 seconds, Stopping threads took: 0.0001987 seconds
[2022-06-13T02:47:19.667+0000][1][safepoint    ] Application time: 0.0001200 seconds
[2022-06-13T02:47:19.667+0000][1][safepoint    ] Entering safepoint region: RevokeBias
[2022-06-13T02:47:19.667+0000][1][safepoint    ] Leaving safepoint region
[2022-06-13T02:47:19.667+0000][1][safepoint    ] Total time for which application threads were stopped: 0.0002544 seconds, Stopping threads took: 0.0001082 seconds
[2022-06-13T02:47:19.670+0000][1][safepoint    ] Application time: 0.0027325 seconds
[2022-06-13T02:47:19.670+0000][1][safepoint    ] Entering safepoint region: RevokeBias
[2022-06-13T02:47:19.671+0000][1][safepoint    ] Leaving safepoint region
[2022-06-13T02:47:19.671+0000][1][safepoint    ] Total time for which application threads were stopped: 0.0002911 seconds, Stopping threads took: 0.0001179 seconds
[2022-06-13T02:47:19.671+0000][1][safepoint    ] Application time: 0.0006643 seconds
[2022-06-13T02:47:19.672+0000][1][safepoint    ] Entering safepoint region: RevokeBias
[2022-06-13T02:47:19.672+0000][1][safepoint    ] Leaving safepoint region
[2022-06-13T02:47:19.672+0000][1][safepoint    ] Total time for which application threads were stopped: 0.0004684 seconds, Stopping threads took: 0.0002594 seconds
[2022-06-13T02:47:19.672+0000][1][safepoint    ] Application time: 0.0000918 seconds
[2022-06-13T02:47:19.672+0000][1][safepoint    ] Entering safepoint region: RevokeBias
[2022-06-13T02:47:19.673+0000][1][safepoint    ] Leaving safepoint region
[2022-06-13T02:47:19.673+0000][1][safepoint    ] Total time for which application threads were stopped: 0.0002491 seconds, Stopping threads took: 0.0001184 seconds
[2022-06-13T02:47:19.673+0000][1][safepoint    ] Application time: 0.0003111 seconds
[2022-06-13T02:47:19.673+0000][1][safepoint    ] Entering safepoint region: RevokeBias
[2022-06-13T02:47:19.673+0000][1][safepoint    ] Leaving safepoint region
[2022-06-13T02:47:19.673+0000][1][safepoint    ] Total time for which application threads were stopped: 0.0002446 seconds, Stopping threads took: 0.0001201 seconds
[2022-06-13T02:47:19.674+0000][1][safepoint    ] Application time: 0.0002176 seconds
[2022-06-13T02:47:19.674+0000][1][safepoint    ] Entering safepoint region: RevokeBias
[2022-06-13T02:47:19.674+0000][1][safepoint    ] Leaving safepoint region
[2022-06-13T02:47:19.674+0000][1][safepoint    ] Total time for which application threads were stopped: 0.0002473 seconds, Stopping threads took: 0.0001100 seconds
[2022-06-13T02:47:19.674+0000][1][safepoint    ] Application time: 0.0002237 seconds
[2022-06-13T02:47:19.675+0000][1][safepoint    ] Entering safepoint region: RevokeBias
[2022-06-13T02:47:19.675+0000][1][safepoint    ] Leaving safepoint region
[2022-06-13T02:47:19.675+0000][1][safepoint    ] Total time for which application threads were stopped: 0.0002743 seconds, Stopping threads took: 0.0001209 seconds
[2022-06-13T02:47:19.675+0000][1][safepoint    ] Application time: 0.0001667 seconds
[2022-06-13T02:47:19.675+0000][1][safepoint    ] Entering safepoint region: BulkRevokeBias
[2022-06-13T02:47:19.676+0000][1][safepoint    ] Leaving safepoint region
[2022-06-13T02:47:19.676+0000][1][safepoint    ] Total time for which application threads were stopped: 0.0003586 seconds, Stopping threads took: 0.0001359 seconds
[2022-06-13T02:47:19.677+0000][1][safepoint    ] Application time: 0.0013696 seconds
[2022-06-13T02:47:19.677+0000][1][safepoint    ] Entering safepoint region: GenCollectForAllocation
[2022-06-13T02:47:19.677+0000][1][gc,start     ] GC(23) Pause Young (Allocation Failure)
[2022-06-13T02:47:19.678+0000][1][gc,task      ] GC(23) Using 6 workers of 13 for evacuation
[2022-06-13T02:47:19.682+0000][1][gc,age       ] GC(23) Desired survivor size 4456448 bytes, new threshold 6 (max threshold 6)
[2022-06-13T02:47:19.683+0000][1][gc,age       ] GC(23) Age table with threshold 6 (max threshold 6)
[2022-06-13T02:47:19.683+0000][1][gc,age       ] GC(23) - age   1:     425592 bytes,     425592 total
[2022-06-13T02:47:19.683+0000][1][gc,age       ] GC(23) - age   2:    2103352 bytes,    2528944 total
[2022-06-13T02:47:19.683+0000][1][gc,heap      ] GC(23) ParNew: 77983K->6710K(78656K)
[2022-06-13T02:47:19.683+0000][1][gc,heap      ] GC(23) CMS: 63413K->67231K(174784K)
[2022-06-13T02:47:19.684+0000][1][gc,metaspace ] GC(23) Metaspace: 69365K->69365K(1112064K)
[2022-06-13T02:47:19.684+0000][1][gc           ] GC(23) Pause Young (Allocation Failure) 138M->72M(247M) 6.418ms
[2022-06-13T02:47:19.684+0000][1][gc,cpu       ] GC(23) User=0.02s Sys=0.00s Real=0.01s
[2022-06-13T02:47:19.684+0000][1][safepoint    ] Leaving safepoint region
[2022-06-13T02:47:19.684+0000][1][safepoint    ] Total time for which application threads were stopped: 0.0072051 seconds, Stopping threads took: 0.0001046 seconds
[2022-06-13T02:47:19.690+0000][1][safepoint    ] Application time: 0.0049198 seconds
[2022-06-13T02:47:19.690+0000][1][safepoint    ] Entering safepoint region: RevokeBias
[2022-06-13T02:47:19.690+0000][1][safepoint    ] Leaving safepoint region
[2022-06-13T02:47:19.690+0000][1][safepoint    ] Total time for which application threads were stopped: 0.0005716 seconds, Stopping threads took: 0.0001835 seconds
[2022-06-13T02:47:19.696+0000][1][safepoint    ] Application time: 0.0049999 seconds
[2022-06-13T02:47:19.696+0000][1][safepoint    ] Entering safepoint region: RevokeBias
[2022-06-13T02:47:19.696+0000][1][safepoint    ] Leaving safepoint region
[2022-06-13T02:47:19.696+0000][1][safepoint    ] Total time for which application threads were stopped: 0.0003950 seconds, Stopping threads took: 0.0001929 seconds
[2022-06-13T02:47:19.697+0000][1][safepoint    ] Application time: 0.0004683 seconds
[2022-06-13T02:47:19.697+0000][1][safepoint    ] Entering safepoint region: RevokeBias
[2022-06-13T02:47:19.697+0000][1][safepoint    ] Leaving safepoint region
[2022-06-13T02:47:19.697+0000][1][safepoint    ] Total time for which application threads were stopped: 0.0003913 seconds, Stopping threads took: 0.0002282 seconds
[2022-06-13T02:47:19.698+0000][1][safepoint    ] Application time: 0.0007239 seconds
[2022-06-13T02:47:19.698+0000][1][safepoint    ] Entering safepoint region: RevokeBias
[2022-06-13T02:47:19.699+0000][1][safepoint    ] Leaving safepoint region
[2022-06-13T02:47:19.699+0000][1][safepoint    ] Total time for which application threads were stopped: 0.0003522 seconds, Stopping threads took: 0.0001890 seconds
[2022-06-13T02:47:19.699+0000][1][safepoint    ] Application time: 0.0003111 seconds
[2022-06-13T02:47:19.699+0000][1][safepoint    ] Entering safepoint region: RevokeBias
[2022-06-13T02:47:19.699+0000][1][safepoint    ] Leaving safepoint region
[2022-06-13T02:47:19.700+0000][1][safepoint    ] Total time for which application threads were stopped: 0.0003987 seconds, Stopping threads took: 0.0001355 seconds
[2022-06-13T02:47:19.700+0000][1][safepoint    ] Application time: 0.0002101 seconds
[2022-06-13T02:47:19.700+0000][1][safepoint    ] Entering safepoint region: RevokeBias
[2022-06-13T02:47:19.700+0000][1][safepoint    ] Leaving safepoint region
[2022-06-13T02:47:19.701+0000][1][safepoint    ] Total time for which application threads were stopped: 0.0002898 seconds, Stopping threads took: 0.0001622 seconds
[2022-06-13T02:47:19.702+0000][1][safepoint    ] Application time: 0.0010476 seconds
[2022-06-13T02:47:19.702+0000][1][safepoint    ] Entering safepoint region: RevokeBias
[2022-06-13T02:47:19.702+0000][1][safepoint    ] Leaving safepoint region
[2022-06-13T02:47:19.702+0000][1][safepoint    ] Total time for which application threads were stopped: 0.0002881 seconds, Stopping threads took: 0.0001559 seconds
[2022-06-13T02:47:19.702+0000][1][safepoint    ] Application time: 0.0001648 seconds
[2022-06-13T02:47:19.703+0000][1][safepoint    ] Entering safepoint region: RevokeBias
[2022-06-13T02:47:19.703+0000][1][safepoint    ] Leaving safepoint region
[2022-06-13T02:47:19.703+0000][1][safepoint    ] Total time for which application threads were stopped: 0.0003339 seconds, Stopping threads took: 0.0001645 seconds
[2022-06-13T02:47:19.705+0000][1][safepoint    ] Application time: 0.0019194 seconds
[2022-06-13T02:47:19.705+0000][1][safepoint    ] Entering safepoint region: RevokeBias
[2022-06-13T02:47:19.705+0000][1][safepoint    ] Leaving safepoint region
[2022-06-13T02:47:19.705+0000][1][safepoint    ] Total time for which application threads were stopped: 0.0002432 seconds, Stopping threads took: 0.0001210 seconds
[2022-06-13T02:47:19.707+0000][1][gc,heap,exit ] Heap
[2022-06-13T02:47:19.708+0000][1][gc,heap,exit ]  par new generation   total 78656K, used 11426K [0x00000000f0000000, 0x00000000f5550000, 0x00000000f5550000)
[2022-06-13T02:47:19.708+0000][1][gc,heap,exit ]   eden space 69952K,   6% used [0x00000000f0000000, 0x00000000f049af60, 0x00000000f4450000)
[2022-06-13T02:47:19.708+0000][1][gc,heap,exit ]   from space 8704K,  77% used [0x00000000f4450000, 0x00000000f4addb40, 0x00000000f4cd0000)
[2022-06-13T02:47:19.708+0000][1][gc,heap,exit ]   to   space 8704K,   0% used [0x00000000f4cd0000, 0x00000000f4cd0000, 0x00000000f5550000)
[2022-06-13T02:47:19.708+0000][1][gc,heap,exit ]  concurrent mark-sweep generation total 174784K, used 67231K [0x00000000f5550000, 0x0000000100000000, 0x0000000100000000)
[2022-06-13T02:47:19.708+0000][1][gc,heap,exit ]  Metaspace       used 69474K, capacity 74500K, committed 74700K, reserved 1112064K
[2022-06-13T02:47:19.708+0000][1][gc,heap,exit ]   class space    used 9402K, capacity 11502K, committed 11612K, reserved 1048576K
[2022-06-13T02:47:19.708+0000][1][safepoint    ] Application time: 0.0029914 seconds
[2022-06-13T02:47:19.709+0000][1][safepoint    ] Entering safepoint region: Exit
