[2022-06-13T01:51:08.959+0000][1][gc] Using Concurrent Mark Sweep
[2022-06-13T01:51:08.960+0000][1][gc,heap,coops] Heap address: 0x00000000f0000000, size: 256 MB, Compressed Oops mode: 32-bit
[2022-06-13T01:51:09.025+0000][1][safepoint    ] Entering safepoint region: EnableBiasedLocking
[2022-06-13T01:51:09.026+0000][1][safepoint    ] Leaving safepoint region
[2022-06-13T01:51:09.026+0000][1][safepoint    ] Total time for which application threads were stopped: 0.0014054 seconds, Stopping threads took: 0.0008991 seconds
[2022-06-13T01:51:09.033+0000][1][safepoint    ] Application time: 0.0052941 seconds
[2022-06-13T01:51:09.033+0000][1][safepoint    ] Entering safepoint region: RevokeBias
[2022-06-13T01:51:09.033+0000][1][safepoint    ] Leaving safepoint region
[2022-06-13T01:51:09.034+0000][1][safepoint    ] Total time for which application threads were stopped: 0.0007774 seconds, Stopping threads took: 0.0005019 seconds
[2022-06-13T01:51:09.047+0000][1][safepoint    ] Application time: 0.0136466 seconds
[2022-06-13T01:51:09.048+0000][1][safepoint    ] Entering safepoint region: Deoptimize
[2022-06-13T01:51:09.048+0000][1][safepoint    ] Leaving safepoint region
[2022-06-13T01:51:09.049+0000][1][safepoint    ] Total time for which application threads were stopped: 0.0006909 seconds, Stopping threads took: 0.0002991 seconds
[2022-06-13T01:51:09.189+0000][1][safepoint    ] Application time: 0.1403054 seconds
[2022-06-13T01:51:09.190+0000][1][safepoint    ] Entering safepoint region: RevokeBias
[2022-06-13T01:51:09.190+0000][1][safepoint    ] Leaving safepoint region
[2022-06-13T01:51:09.190+0000][1][safepoint    ] Total time for which application threads were stopped: 0.0007386 seconds, Stopping threads took: 0.0003116 seconds
[2022-06-13T01:51:09.245+0000][1][safepoint    ] Application time: 0.0545139 seconds
[2022-06-13T01:51:09.246+0000][1][safepoint    ] Entering safepoint region: Deoptimize
[2022-06-13T01:51:09.246+0000][1][safepoint    ] Leaving safepoint region
[2022-06-13T01:51:09.247+0000][1][safepoint    ] Total time for which application threads were stopped: 0.0011375 seconds, Stopping threads took: 0.0004682 seconds
[2022-06-13T01:51:09.758+0000][1][safepoint    ] Application time: 0.5107442 seconds
[2022-06-13T01:51:09.758+0000][1][safepoint    ] Entering safepoint region: Deoptimize
[2022-06-13T01:51:09.759+0000][1][safepoint    ] Leaving safepoint region
[2022-06-13T01:51:09.759+0000][1][safepoint    ] Total time for which application threads were stopped: 0.0008267 seconds, Stopping threads took: 0.0002928 seconds
[2022-06-13T01:51:09.792+0000][1][safepoint    ] Application time: 0.0325187 seconds
[2022-06-13T01:51:09.793+0000][1][safepoint    ] Entering safepoint region: Deoptimize
[2022-06-13T01:51:09.793+0000][1][safepoint    ] Leaving safepoint region
[2022-06-13T01:51:09.794+0000][1][safepoint    ] Total time for which application threads were stopped: 0.0009569 seconds, Stopping threads took: 0.0004321 seconds
[2022-06-13T01:51:09.876+0000][1][safepoint    ] Application time: 0.0817343 seconds
[2022-06-13T01:51:09.876+0000][1][safepoint    ] Entering safepoint region: Deoptimize
[2022-06-13T01:51:09.877+0000][1][safepoint    ] Leaving safepoint region
[2022-06-13T01:51:09.877+0000][1][safepoint    ] Total time for which application threads were stopped: 0.0008382 seconds, Stopping threads took: 0.0003317 seconds
[2022-06-13T01:51:09.902+0000][1][safepoint    ] Application time: 0.0251153 seconds
[2022-06-13T01:51:09.903+0000][1][safepoint    ] Entering safepoint region: Deoptimize
[2022-06-13T01:51:09.903+0000][1][safepoint    ] Leaving safepoint region
[2022-06-13T01:51:09.904+0000][1][safepoint    ] Total time for which application threads were stopped: 0.0010192 seconds, Stopping threads took: 0.0003565 seconds
[2022-06-13T01:51:10.658+0000][1][safepoint    ] Application time: 0.7542795 seconds
[2022-06-13T01:51:10.659+0000][1][safepoint    ] Entering safepoint region: Deoptimize
[2022-06-13T01:51:10.660+0000][1][safepoint    ] Leaving safepoint region
[2022-06-13T01:51:10.660+0000][1][safepoint    ] Total time for which application threads were stopped: 0.0010842 seconds, Stopping threads took: 0.0002365 seconds
[2022-06-13T01:51:11.058+0000][1][safepoint    ] Application time: 0.3979948 seconds
[2022-06-13T01:51:11.059+0000][1][safepoint    ] Entering safepoint region: RevokeBias
[2022-06-13T01:51:11.059+0000][1][safepoint    ] Leaving safepoint region
[2022-06-13T01:51:11.059+0000][1][safepoint    ] Total time for which application threads were stopped: 0.0007175 seconds, Stopping threads took: 0.0002883 seconds
[2022-06-13T01:51:11.245+0000][1][safepoint    ] Application time: 0.1856507 seconds
[2022-06-13T01:51:11.246+0000][1][safepoint    ] Entering safepoint region: Deoptimize
[2022-06-13T01:51:11.247+0000][1][safepoint    ] Leaving safepoint region
[2022-06-13T01:51:11.249+0000][1][safepoint    ] Total time for which application threads were stopped: 0.0028746 seconds, Stopping threads took: 0.0003002 seconds
[2022-06-13T01:51:11.442+0000][1][safepoint    ] Application time: 0.1902869 seconds
[2022-06-13T01:51:11.442+0000][1][safepoint    ] Entering safepoint region: Deoptimize
[2022-06-13T01:51:11.442+0000][1][safepoint    ] Leaving safepoint region
[2022-06-13T01:51:11.443+0000][1][safepoint    ] Total time for which application threads were stopped: 0.0010236 seconds, Stopping threads took: 0.0001851 seconds
[2022-06-13T01:51:11.443+0000][1][safepoint    ] Application time: 0.0003280 seconds
[2022-06-13T01:51:11.444+0000][1][safepoint    ] Entering safepoint region: Deoptimize
[2022-06-13T01:51:11.444+0000][1][safepoint    ] Leaving safepoint region
[2022-06-13T01:51:11.444+0000][1][safepoint    ] Total time for which application threads were stopped: 0.0006567 seconds, Stopping threads took: 0.0002396 seconds
[2022-06-13T01:51:11.500+0000][1][safepoint    ] Application time: 0.0555199 seconds
[2022-06-13T01:51:11.500+0000][1][safepoint    ] Entering safepoint region: Deoptimize
[2022-06-13T01:51:11.501+0000][1][safepoint    ] Leaving safepoint region
[2022-06-13T01:51:11.501+0000][1][safepoint    ] Total time for which application threads were stopped: 0.0010453 seconds, Stopping threads took: 0.0005265 seconds
[2022-06-13T01:51:11.512+0000][1][safepoint    ] Application time: 0.0102148 seconds
[2022-06-13T01:51:11.513+0000][1][safepoint    ] Entering safepoint region: RevokeBias
[2022-06-13T01:51:11.513+0000][1][safepoint    ] Leaving safepoint region
[2022-06-13T01:51:11.513+0000][1][safepoint    ] Total time for which application threads were stopped: 0.0008921 seconds, Stopping threads took: 0.0005482 seconds
[2022-06-13T01:51:11.514+0000][1][safepoint    ] Application time: 0.0001803 seconds
[2022-06-13T01:51:11.515+0000][1][safepoint    ] Entering safepoint region: RevokeBias
[2022-06-13T01:51:11.515+0000][1][safepoint    ] Leaving safepoint region
[2022-06-13T01:51:11.516+0000][1][safepoint    ] Total time for which application threads were stopped: 0.0008520 seconds, Stopping threads took: 0.0004023 seconds
[2022-06-13T01:51:11.516+0000][1][safepoint    ] Application time: 0.0002080 seconds
[2022-06-13T01:51:11.517+0000][1][safepoint    ] Entering safepoint region: RevokeBias
[2022-06-13T01:51:11.517+0000][1][safepoint    ] Leaving safepoint region
[2022-06-13T01:51:11.518+0000][1][safepoint    ] Total time for which application threads were stopped: 0.0009078 seconds, Stopping threads took: 0.0004951 seconds
[2022-06-13T01:51:11.518+0000][1][safepoint    ] Application time: 0.0003007 seconds
[2022-06-13T01:51:11.519+0000][1][safepoint    ] Entering safepoint region: RevokeBias
[2022-06-13T01:51:11.519+0000][1][safepoint    ] Leaving safepoint region
[2022-06-13T01:51:11.520+0000][1][safepoint    ] Total time for which application threads were stopped: 0.0007858 seconds, Stopping threads took: 0.0003834 seconds
[2022-06-13T01:51:11.531+0000][1][safepoint    ] Application time: 0.0110371 seconds
[2022-06-13T01:51:11.531+0000][1][safepoint    ] Entering safepoint region: Deoptimize
[2022-06-13T01:51:11.532+0000][1][safepoint    ] Leaving safepoint region
[2022-06-13T01:51:11.532+0000][1][safepoint    ] Total time for which application threads were stopped: 0.0010796 seconds, Stopping threads took: 0.0004279 seconds
[2022-06-13T01:51:11.682+0000][1][safepoint    ] Application time: 0.1495573 seconds
[2022-06-13T01:51:11.683+0000][1][safepoint    ] Entering safepoint region: GenCollectForAllocation
[2022-06-13T01:51:11.684+0000][1][gc,start     ] GC(0) Pause Young (Allocation Failure)
[2022-06-13T01:51:11.685+0000][1][gc,task      ] GC(0) Using 5 workers of 13 for evacuation
[2022-06-13T01:51:11.702+0000][1][gc,age       ] GC(0) Desired survivor size 4456448 bytes, new threshold 1 (max threshold 6)
[2022-06-13T01:51:11.703+0000][1][gc,age       ] GC(0) Age table with threshold 1 (max threshold 6)
[2022-06-13T01:51:11.703+0000][1][gc,age       ] GC(0) - age   1:    8164104 bytes,    8164104 total
[2022-06-13T01:51:11.704+0000][1][gc,heap      ] GC(0) ParNew: 69952K->8082K(78656K)
[2022-06-13T01:51:11.705+0000][1][gc,heap      ] GC(0) CMS: 0K->0K(174784K)
[2022-06-13T01:51:11.705+0000][1][gc,metaspace ] GC(0) Metaspace: 12333K->12333K(1060864K)
[2022-06-13T01:51:11.706+0000][1][gc           ] GC(0) Pause Young (Allocation Failure) 68M->7M(247M) 22.128ms
[2022-06-13T01:51:11.706+0000][1][gc,cpu       ] GC(0) User=0.06s Sys=0.00s Real=0.02s
[2022-06-13T01:51:11.707+0000][1][safepoint    ] Leaving safepoint region
[2022-06-13T01:51:11.707+0000][1][safepoint    ] Total time for which application threads were stopped: 0.0245095 seconds, Stopping threads took: 0.0007309 seconds
[2022-06-13T01:51:11.709+0000][1][safepoint    ] Application time: 0.0007475 seconds
[2022-06-13T01:51:11.709+0000][1][safepoint    ] Entering safepoint region: RevokeBias
[2022-06-13T01:51:11.710+0000][1][safepoint    ] Leaving safepoint region
[2022-06-13T01:51:11.710+0000][1][safepoint    ] Total time for which application threads were stopped: 0.0013399 seconds, Stopping threads took: 0.0006594 seconds
[2022-06-13T01:51:11.712+0000][1][safepoint    ] Application time: 0.0015943 seconds
[2022-06-13T01:51:11.713+0000][1][safepoint    ] Entering safepoint region: RevokeBias
[2022-06-13T01:51:11.713+0000][1][safepoint    ] Leaving safepoint region
[2022-06-13T01:51:11.713+0000][1][safepoint    ] Total time for which application threads were stopped: 0.0006124 seconds, Stopping threads took: 0.0003038 seconds
[2022-06-13T01:51:11.714+0000][1][safepoint    ] Application time: 0.0000960 seconds
[2022-06-13T01:51:11.714+0000][1][safepoint    ] Entering safepoint region: RevokeBias
[2022-06-13T01:51:11.714+0000][1][safepoint    ] Leaving safepoint region
[2022-06-13T01:51:11.715+0000][1][safepoint    ] Total time for which application threads were stopped: 0.0005596 seconds, Stopping threads took: 0.0002388 seconds
[2022-06-13T01:51:11.715+0000][1][safepoint    ] Application time: 0.0000729 seconds
[2022-06-13T01:51:11.715+0000][1][safepoint    ] Entering safepoint region: RevokeBias
[2022-06-13T01:51:11.716+0000][1][safepoint    ] Leaving safepoint region
[2022-06-13T01:51:11.716+0000][1][safepoint    ] Total time for which application threads were stopped: 0.0005770 seconds, Stopping threads took: 0.0002535 seconds
[2022-06-13T01:51:11.718+0000][1][safepoint    ] Application time: 0.0016273 seconds
[2022-06-13T01:51:11.718+0000][1][safepoint    ] Entering safepoint region: RevokeBias
[2022-06-13T01:51:11.719+0000][1][safepoint    ] Leaving safepoint region
[2022-06-13T01:51:11.719+0000][1][safepoint    ] Total time for which application threads were stopped: 0.0008549 seconds, Stopping threads took: 0.0005046 seconds
[2022-06-13T01:51:11.719+0000][1][safepoint    ] Application time: 0.0000791 seconds
[2022-06-13T01:51:11.720+0000][1][safepoint    ] Entering safepoint region: RevokeBias
[2022-06-13T01:51:11.720+0000][1][safepoint    ] Leaving safepoint region
[2022-06-13T01:51:11.720+0000][1][safepoint    ] Total time for which application threads were stopped: 0.0006466 seconds, Stopping threads took: 0.0002815 seconds
[2022-06-13T01:51:11.721+0000][1][safepoint    ] Application time: 0.0001656 seconds
[2022-06-13T01:51:11.721+0000][1][safepoint    ] Entering safepoint region: RevokeBias
[2022-06-13T01:51:11.721+0000][1][safepoint    ] Leaving safepoint region
[2022-06-13T01:51:11.722+0000][1][safepoint    ] Total time for which application threads were stopped: 0.0007440 seconds, Stopping threads took: 0.0003579 seconds
[2022-06-13T01:51:11.722+0000][1][safepoint    ] Application time: 0.0001292 seconds
[2022-06-13T01:51:11.722+0000][1][safepoint    ] Entering safepoint region: RevokeBias
[2022-06-13T01:51:11.723+0000][1][safepoint    ] Leaving safepoint region
[2022-06-13T01:51:11.723+0000][1][safepoint    ] Total time for which application threads were stopped: 0.0006439 seconds, Stopping threads took: 0.0003163 seconds
[2022-06-13T01:51:11.724+0000][1][safepoint    ] Application time: 0.0002153 seconds
[2022-06-13T01:51:11.724+0000][1][safepoint    ] Entering safepoint region: RevokeBias
[2022-06-13T01:51:11.724+0000][1][safepoint    ] Leaving safepoint region
[2022-06-13T01:51:11.725+0000][1][safepoint    ] Total time for which application threads were stopped: 0.0007833 seconds, Stopping threads took: 0.0003888 seconds
[2022-06-13T01:51:11.725+0000][1][safepoint    ] Application time: 0.0003021 seconds
[2022-06-13T01:51:11.727+0000][1][safepoint    ] Entering safepoint region: RevokeBias
[2022-06-13T01:51:11.728+0000][1][safepoint    ] Leaving safepoint region
[2022-06-13T01:51:11.728+0000][1][safepoint    ] Total time for which application threads were stopped: 0.0012658 seconds, Stopping threads took: 0.0009062 seconds
[2022-06-13T01:51:11.730+0000][1][safepoint    ] Application time: 0.0008172 seconds
[2022-06-13T01:51:11.730+0000][1][safepoint    ] Entering safepoint region: RevokeBias
[2022-06-13T01:51:11.735+0000][1][safepoint    ] Leaving safepoint region
[2022-06-13T01:51:11.735+0000][1][safepoint    ] Total time for which application threads were stopped: 0.0050785 seconds, Stopping threads took: 0.0045726 seconds
[2022-06-13T01:51:11.736+0000][1][safepoint    ] Application time: 0.0001054 seconds
[2022-06-13T01:51:11.736+0000][1][safepoint    ] Entering safepoint region: RevokeBias
[2022-06-13T01:51:11.736+0000][1][safepoint    ] Leaving safepoint region
[2022-06-13T01:51:11.737+0000][1][safepoint    ] Total time for which application threads were stopped: 0.0011973 seconds, Stopping threads took: 0.0003359 seconds
[2022-06-13T01:51:11.738+0000][1][safepoint    ] Application time: 0.0001936 seconds
[2022-06-13T01:51:11.738+0000][1][safepoint    ] Entering safepoint region: RevokeBias
[2022-06-13T01:51:11.738+0000][1][safepoint    ] Leaving safepoint region
[2022-06-13T01:51:11.739+0000][1][safepoint    ] Total time for which application threads were stopped: 0.0007896 seconds, Stopping threads took: 0.0003676 seconds
[2022-06-13T01:51:11.739+0000][1][safepoint    ] Application time: 0.0001266 seconds
[2022-06-13T01:51:11.740+0000][1][safepoint    ] Entering safepoint region: RevokeBias
[2022-06-13T01:51:11.740+0000][1][safepoint    ] Leaving safepoint region
[2022-06-13T01:51:11.741+0000][1][safepoint    ] Total time for which application threads were stopped: 0.0013682 seconds, Stopping threads took: 0.0004397 seconds
[2022-06-13T01:51:11.743+0000][1][safepoint    ] Application time: 0.0002144 seconds
[2022-06-13T01:51:11.744+0000][1][safepoint    ] Entering safepoint region: RevokeBias
[2022-06-13T01:51:11.744+0000][1][safepoint    ] Leaving safepoint region
[2022-06-13T01:51:11.744+0000][1][safepoint    ] Total time for which application threads were stopped: 0.0007294 seconds, Stopping threads took: 0.0002994 seconds
[2022-06-13T01:51:11.745+0000][1][safepoint    ] Application time: 0.0000617 seconds
[2022-06-13T01:51:11.745+0000][1][safepoint    ] Entering safepoint region: RevokeBias
[2022-06-13T01:51:11.745+0000][1][safepoint    ] Leaving safepoint region
[2022-06-13T01:51:11.746+0000][1][safepoint    ] Total time for which application threads were stopped: 0.0005605 seconds, Stopping threads took: 0.0002721 seconds
[2022-06-13T01:51:11.746+0000][1][safepoint    ] Application time: 0.0001114 seconds
[2022-06-13T01:51:11.746+0000][1][safepoint    ] Entering safepoint region: RevokeBias
[2022-06-13T01:51:11.747+0000][1][safepoint    ] Leaving safepoint region
[2022-06-13T01:51:11.747+0000][1][safepoint    ] Total time for which application threads were stopped: 0.0008431 seconds, Stopping threads took: 0.0005180 seconds
[2022-06-13T01:51:11.747+0000][1][safepoint    ] Application time: 0.0000519 seconds
[2022-06-13T01:51:11.748+0000][1][safepoint    ] Entering safepoint region: RevokeBias
[2022-06-13T01:51:11.748+0000][1][safepoint    ] Leaving safepoint region
[2022-06-13T01:51:11.748+0000][1][safepoint    ] Total time for which application threads were stopped: 0.0005418 seconds, Stopping threads took: 0.0002809 seconds
[2022-06-13T01:51:11.749+0000][1][safepoint    ] Application time: 0.0002073 seconds
[2022-06-13T01:51:11.749+0000][1][safepoint    ] Entering safepoint region: RevokeBias
[2022-06-13T01:51:11.749+0000][1][safepoint    ] Leaving safepoint region
[2022-06-13T01:51:11.750+0000][1][safepoint    ] Total time for which application threads were stopped: 0.0006137 seconds, Stopping threads took: 0.0002993 seconds
[2022-06-13T01:51:11.750+0000][1][safepoint    ] Application time: 0.0006041 seconds
[2022-06-13T01:51:11.751+0000][1][safepoint    ] Entering safepoint region: RevokeBias
[2022-06-13T01:51:11.751+0000][1][safepoint    ] Leaving safepoint region
[2022-06-13T01:51:11.751+0000][1][safepoint    ] Total time for which application threads were stopped: 0.0006540 seconds, Stopping threads took: 0.0003532 seconds
[2022-06-13T01:51:11.752+0000][1][safepoint    ] Application time: 0.0001508 seconds
[2022-06-13T01:51:11.752+0000][1][safepoint    ] Entering safepoint region: RevokeBias
[2022-06-13T01:51:11.753+0000][1][safepoint    ] Leaving safepoint region
[2022-06-13T01:51:11.753+0000][1][safepoint    ] Total time for which application threads were stopped: 0.0007681 seconds, Stopping threads took: 0.0004350 seconds
[2022-06-13T01:51:11.753+0000][1][safepoint    ] Application time: 0.0001892 seconds
[2022-06-13T01:51:11.754+0000][1][safepoint    ] Entering safepoint region: RevokeBias
[2022-06-13T01:51:11.754+0000][1][safepoint    ] Leaving safepoint region
[2022-06-13T01:51:11.754+0000][1][safepoint    ] Total time for which application threads were stopped: 0.0006398 seconds, Stopping threads took: 0.0003420 seconds
[2022-06-13T01:51:11.755+0000][1][safepoint    ] Application time: 0.0005312 seconds
[2022-06-13T01:51:11.755+0000][1][safepoint    ] Entering safepoint region: RevokeBias
[2022-06-13T01:51:11.756+0000][1][safepoint    ] Leaving safepoint region
[2022-06-13T01:51:11.756+0000][1][safepoint    ] Total time for which application threads were stopped: 0.0008844 seconds, Stopping threads took: 0.0005505 seconds
[2022-06-13T01:51:11.757+0000][1][safepoint    ] Application time: 0.0001812 seconds
[2022-06-13T01:51:11.757+0000][1][safepoint    ] Entering safepoint region: RevokeBias
[2022-06-13T01:51:11.758+0000][1][safepoint    ] Leaving safepoint region
[2022-06-13T01:51:11.758+0000][1][safepoint    ] Total time for which application threads were stopped: 0.0007786 seconds, Stopping threads took: 0.0003977 seconds
[2022-06-13T01:51:11.758+0000][1][safepoint    ] Application time: 0.0002788 seconds
[2022-06-13T01:51:11.759+0000][1][safepoint    ] Entering safepoint region: RevokeBias
[2022-06-13T01:51:11.759+0000][1][safepoint    ] Leaving safepoint region
[2022-06-13T01:51:11.760+0000][1][safepoint    ] Total time for which application threads were stopped: 0.0009676 seconds, Stopping threads took: 0.0004603 seconds
[2022-06-13T01:51:11.764+0000][1][safepoint    ] Application time: 0.0012605 seconds
[2022-06-13T01:51:11.764+0000][1][safepoint    ] Entering safepoint region: RevokeBias
[2022-06-13T01:51:11.765+0000][1][safepoint    ] Leaving safepoint region
[2022-06-13T01:51:11.765+0000][1][safepoint    ] Total time for which application threads were stopped: 0.0010934 seconds, Stopping threads took: 0.0008068 seconds
[2022-06-13T01:51:12.269+0000][1][safepoint    ] Application time: 0.5038534 seconds
[2022-06-13T01:51:12.270+0000][1][safepoint    ] Entering safepoint region: Deoptimize
[2022-06-13T01:51:12.271+0000][1][safepoint    ] Leaving safepoint region
[2022-06-13T01:51:12.271+0000][1][safepoint    ] Total time for which application threads were stopped: 0.0016925 seconds, Stopping threads took: 0.0005902 seconds
[2022-06-13T01:51:12.579+0000][1][safepoint    ] Application time: 0.3073092 seconds
[2022-06-13T01:51:12.580+0000][1][safepoint    ] Entering safepoint region: RevokeBias
[2022-06-13T01:51:12.580+0000][1][safepoint    ] Leaving safepoint region
[2022-06-13T01:51:12.581+0000][1][safepoint    ] Total time for which application threads were stopped: 0.0009055 seconds, Stopping threads took: 0.0003553 seconds
[2022-06-13T01:51:12.778+0000][1][safepoint    ] Application time: 0.1965692 seconds
[2022-06-13T01:51:12.778+0000][1][safepoint    ] Entering safepoint region: RevokeBias
[2022-06-13T01:51:12.778+0000][1][safepoint    ] Leaving safepoint region
[2022-06-13T01:51:12.779+0000][1][safepoint    ] Total time for which application threads were stopped: 0.0006725 seconds, Stopping threads took: 0.0002686 seconds
[2022-06-13T01:51:12.789+0000][1][safepoint    ] Application time: 0.0095325 seconds
[2022-06-13T01:51:12.794+0000][1][safepoint    ] Entering safepoint region: RevokeBias
[2022-06-13T01:51:12.795+0000][1][safepoint    ] Leaving safepoint region
[2022-06-13T01:51:12.796+0000][1][safepoint    ] Total time for which application threads were stopped: 0.0021761 seconds, Stopping threads took: 0.0014909 seconds
[2022-06-13T01:51:12.839+0000][1][safepoint    ] Application time: 0.0424666 seconds
[2022-06-13T01:51:12.839+0000][1][safepoint    ] Entering safepoint region: GenCollectForAllocation
[2022-06-13T01:51:12.840+0000][1][gc,start     ] GC(1) Pause Young (Allocation Failure)
[2022-06-13T01:51:12.840+0000][1][gc,task      ] GC(1) Using 5 workers of 13 for evacuation
[2022-06-13T01:51:12.886+0000][1][gc,age       ] GC(1) Desired survivor size 4456448 bytes, new threshold 6 (max threshold 6)
[2022-06-13T01:51:12.886+0000][1][gc,age       ] GC(1) Age table with threshold 6 (max threshold 6)
[2022-06-13T01:51:12.887+0000][1][gc,age       ] GC(1) - age   1:    1960952 bytes,    1960952 total
[2022-06-13T01:51:12.887+0000][1][gc,heap      ] GC(1) ParNew: 78034K->5398K(78656K)
[2022-06-13T01:51:12.887+0000][1][gc,heap      ] GC(1) CMS: 0K->6689K(174784K)
[2022-06-13T01:51:12.888+0000][1][gc,metaspace ] GC(1) Metaspace: 14911K->14911K(1062912K)
[2022-06-13T01:51:12.888+0000][1][gc           ] GC(1) Pause Young (Allocation Failure) 76M->11M(247M) 48.173ms
[2022-06-13T01:51:12.888+0000][1][gc,cpu       ] GC(1) User=0.14s Sys=0.00s Real=0.04s
[2022-06-13T01:51:12.889+0000][1][safepoint    ] Leaving safepoint region
[2022-06-13T01:51:12.889+0000][1][safepoint    ] Total time for which application threads were stopped: 0.0498041 seconds, Stopping threads took: 0.0002821 seconds
[2022-06-13T01:51:12.891+0000][1][safepoint    ] Application time: 0.0019220 seconds
[2022-06-13T01:51:12.892+0000][1][safepoint    ] Entering safepoint region: RevokeBias
[2022-06-13T01:51:12.892+0000][1][safepoint    ] Leaving safepoint region
[2022-06-13T01:51:12.892+0000][1][safepoint    ] Total time for which application threads were stopped: 0.0006614 seconds, Stopping threads took: 0.0002014 seconds
[2022-06-13T01:51:12.893+0000][1][safepoint    ] Application time: 0.0003829 seconds
[2022-06-13T01:51:12.894+0000][1][safepoint    ] Entering safepoint region: RevokeBias
[2022-06-13T01:51:12.894+0000][1][safepoint    ] Leaving safepoint region
[2022-06-13T01:51:12.894+0000][1][safepoint    ] Total time for which application threads were stopped: 0.0006696 seconds, Stopping threads took: 0.0003208 seconds
[2022-06-13T01:51:12.895+0000][1][safepoint    ] Application time: 0.0002555 seconds
[2022-06-13T01:51:12.895+0000][1][safepoint    ] Entering safepoint region: RevokeBias
[2022-06-13T01:51:12.896+0000][1][safepoint    ] Leaving safepoint region
[2022-06-13T01:51:12.896+0000][1][safepoint    ] Total time for which application threads were stopped: 0.0006934 seconds, Stopping threads took: 0.0003413 seconds
[2022-06-13T01:51:12.896+0000][1][safepoint    ] Application time: 0.0000574 seconds
[2022-06-13T01:51:12.897+0000][1][safepoint    ] Entering safepoint region: RevokeBias
[2022-06-13T01:51:12.897+0000][1][safepoint    ] Leaving safepoint region
[2022-06-13T01:51:12.897+0000][1][safepoint    ] Total time for which application threads were stopped: 0.0005618 seconds, Stopping threads took: 0.0002534 seconds
[2022-06-13T01:51:12.897+0000][1][safepoint    ] Application time: 0.0001170 seconds
[2022-06-13T01:51:12.898+0000][1][safepoint    ] Entering safepoint region: RevokeBias
[2022-06-13T01:51:12.898+0000][1][safepoint    ] Leaving safepoint region
[2022-06-13T01:51:12.898+0000][1][safepoint    ] Total time for which application threads were stopped: 0.0006372 seconds, Stopping threads took: 0.0002866 seconds
[2022-06-13T01:51:12.899+0000][1][safepoint    ] Application time: 0.0000397 seconds
[2022-06-13T01:51:12.899+0000][1][safepoint    ] Entering safepoint region: RevokeBias
[2022-06-13T01:51:12.899+0000][1][safepoint    ] Leaving safepoint region
[2022-06-13T01:51:12.900+0000][1][safepoint    ] Total time for which application threads were stopped: 0.0011715 seconds, Stopping threads took: 0.0003081 seconds
[2022-06-13T01:51:12.902+0000][1][safepoint    ] Application time: 0.0009431 seconds
[2022-06-13T01:51:12.912+0000][1][safepoint    ] Entering safepoint region: RevokeBias
[2022-06-13T01:51:12.914+0000][1][safepoint    ] Leaving safepoint region
[2022-06-13T01:51:12.915+0000][1][safepoint    ] Total time for which application threads were stopped: 0.0119034 seconds, Stopping threads took: 0.0112887 seconds
[2022-06-13T01:51:12.929+0000][1][safepoint    ] Application time: 0.0142673 seconds
[2022-06-13T01:51:12.930+0000][1][safepoint    ] Entering safepoint region: RevokeBias
[2022-06-13T01:51:12.931+0000][1][safepoint    ] Leaving safepoint region
[2022-06-13T01:51:12.931+0000][1][safepoint    ] Total time for which application threads were stopped: 0.0018753 seconds, Stopping threads took: 0.0014499 seconds
[2022-06-13T01:51:12.937+0000][1][safepoint    ] Application time: 0.0044449 seconds
[2022-06-13T01:51:12.941+0000][1][safepoint    ] Entering safepoint region: RevokeBias
[2022-06-13T01:51:12.942+0000][1][safepoint    ] Leaving safepoint region
[2022-06-13T01:51:12.943+0000][1][safepoint    ] Total time for which application threads were stopped: 0.0048668 seconds, Stopping threads took: 0.0039081 seconds
[2022-06-13T01:51:12.943+0000][1][safepoint    ] Application time: 0.0000677 seconds
[2022-06-13T01:51:12.945+0000][1][safepoint    ] Entering safepoint region: RevokeBias
[2022-06-13T01:51:12.945+0000][1][safepoint    ] Leaving safepoint region
[2022-06-13T01:51:12.945+0000][1][safepoint    ] Total time for which application threads were stopped: 0.0006371 seconds, Stopping threads took: 0.0003168 seconds
[2022-06-13T01:51:12.946+0000][1][safepoint    ] Application time: 0.0003147 seconds
[2022-06-13T01:51:12.947+0000][1][safepoint    ] Entering safepoint region: BulkRevokeBias
[2022-06-13T01:51:12.950+0000][1][safepoint    ] Leaving safepoint region
[2022-06-13T01:51:12.950+0000][1][safepoint    ] Total time for which application threads were stopped: 0.0032159 seconds, Stopping threads took: 0.0008463 seconds
[2022-06-13T01:51:12.951+0000][1][safepoint    ] Application time: 0.0001209 seconds
[2022-06-13T01:51:12.951+0000][1][safepoint    ] Entering safepoint region: RevokeBias
[2022-06-13T01:51:12.952+0000][1][safepoint    ] Leaving safepoint region
[2022-06-13T01:51:12.952+0000][1][safepoint    ] Total time for which application threads were stopped: 0.0010285 seconds, Stopping threads took: 0.0005717 seconds
[2022-06-13T01:51:12.952+0000][1][safepoint    ] Application time: 0.0001340 seconds
[2022-06-13T01:51:12.953+0000][1][safepoint    ] Entering safepoint region: BulkRevokeBias
[2022-06-13T01:51:12.953+0000][1][safepoint    ] Leaving safepoint region
[2022-06-13T01:51:12.953+0000][1][safepoint    ] Total time for which application threads were stopped: 0.0007062 seconds, Stopping threads took: 0.0002225 seconds
[2022-06-13T01:51:13.175+0000][1][safepoint    ] Application time: 0.2217743 seconds
[2022-06-13T01:51:13.177+0000][1][safepoint    ] Entering safepoint region: GenCollectForAllocation
[2022-06-13T01:51:13.178+0000][1][gc,start     ] GC(2) Pause Young (Allocation Failure)
[2022-06-13T01:51:13.179+0000][1][gc,task      ] GC(2) Using 5 workers of 13 for evacuation
[2022-06-13T01:51:13.186+0000][1][gc,age       ] GC(2) Desired survivor size 4456448 bytes, new threshold 6 (max threshold 6)
[2022-06-13T01:51:13.186+0000][1][gc,age       ] GC(2) Age table with threshold 6 (max threshold 6)
[2022-06-13T01:51:13.187+0000][1][gc,age       ] GC(2) - age   1:    2603992 bytes,    2603992 total
[2022-06-13T01:51:13.187+0000][1][gc,age       ] GC(2) - age   2:    1181024 bytes,    3785016 total
[2022-06-13T01:51:13.187+0000][1][gc,heap      ] GC(2) ParNew: 75350K->4801K(78656K)
[2022-06-13T01:51:13.188+0000][1][gc,heap      ] GC(2) CMS: 6689K->6689K(174784K)
[2022-06-13T01:51:13.188+0000][1][gc,metaspace ] GC(2) Metaspace: 15052K->15052K(1062912K)
[2022-06-13T01:51:13.188+0000][1][gc           ] GC(2) Pause Young (Allocation Failure) 80M->11M(247M) 9.733ms
[2022-06-13T01:51:13.188+0000][1][gc,cpu       ] GC(2) User=0.04s Sys=0.00s Real=0.01s
[2022-06-13T01:51:13.189+0000][1][safepoint    ] Leaving safepoint region
[2022-06-13T01:51:13.189+0000][1][safepoint    ] Total time for which application threads were stopped: 0.0126220 seconds, Stopping threads took: 0.0015699 seconds
[2022-06-13T01:51:13.190+0000][1][safepoint    ] Application time: 0.0004775 seconds
[2022-06-13T01:51:13.190+0000][1][safepoint    ] Entering safepoint region: RevokeBias
[2022-06-13T01:51:13.191+0000][1][safepoint    ] Leaving safepoint region
[2022-06-13T01:51:13.191+0000][1][safepoint    ] Total time for which application threads were stopped: 0.0007504 seconds, Stopping threads took: 0.0003449 seconds
[2022-06-13T01:51:13.197+0000][1][safepoint    ] Application time: 0.0004811 seconds
[2022-06-13T01:51:13.201+0000][1][safepoint    ] Entering safepoint region: RevokeBias
[2022-06-13T01:51:13.202+0000][1][safepoint    ] Leaving safepoint region
[2022-06-13T01:51:13.203+0000][1][safepoint    ] Total time for which application threads were stopped: 0.0016185 seconds, Stopping threads took: 0.0011165 seconds
[2022-06-13T01:51:13.204+0000][1][safepoint    ] Application time: 0.0003340 seconds
[2022-06-13T01:51:13.205+0000][1][safepoint    ] Entering safepoint region: RevokeBias
[2022-06-13T01:51:13.205+0000][1][safepoint    ] Leaving safepoint region
[2022-06-13T01:51:13.205+0000][1][safepoint    ] Total time for which application threads were stopped: 0.0009353 seconds, Stopping threads took: 0.0003752 seconds
[2022-06-13T01:51:13.206+0000][1][safepoint    ] Application time: 0.0001475 seconds
[2022-06-13T01:51:13.207+0000][1][safepoint    ] Entering safepoint region: RevokeBias
[2022-06-13T01:51:13.211+0000][1][safepoint    ] Leaving safepoint region
[2022-06-13T01:51:13.218+0000][1][safepoint    ] Total time for which application threads were stopped: 0.0116422 seconds, Stopping threads took: 0.0039828 seconds
[2022-06-13T01:51:13.220+0000][1][safepoint    ] Application time: 0.0006778 seconds
[2022-06-13T01:51:13.226+0000][1][safepoint    ] Entering safepoint region: RevokeBias
[2022-06-13T01:51:13.228+0000][1][safepoint    ] Leaving safepoint region
[2022-06-13T01:51:13.228+0000][1][safepoint    ] Total time for which application threads were stopped: 0.0019054 seconds, Stopping threads took: 0.0011152 seconds
[2022-06-13T01:51:13.230+0000][1][safepoint    ] Application time: 0.0012513 seconds
[2022-06-13T01:51:13.230+0000][1][safepoint    ] Entering safepoint region: RevokeBias
[2022-06-13T01:51:13.231+0000][1][safepoint    ] Leaving safepoint region
[2022-06-13T01:51:13.231+0000][1][safepoint    ] Total time for which application threads were stopped: 0.0009768 seconds, Stopping threads took: 0.0005132 seconds
[2022-06-13T01:51:13.491+0000][1][safepoint    ] Application time: 0.2594120 seconds
[2022-06-13T01:51:13.491+0000][1][safepoint    ] Entering safepoint region: Deoptimize
[2022-06-13T01:51:13.493+0000][1][safepoint    ] Leaving safepoint region
[2022-06-13T01:51:13.493+0000][1][safepoint    ] Total time for which application threads were stopped: 0.0015537 seconds, Stopping threads took: 0.0003434 seconds
[2022-06-13T01:51:13.494+0000][1][safepoint    ] Application time: 0.0009472 seconds
[2022-06-13T01:51:13.495+0000][1][safepoint    ] Entering safepoint region: Deoptimize
[2022-06-13T01:51:13.496+0000][1][safepoint    ] Leaving safepoint region
[2022-06-13T01:51:13.496+0000][1][safepoint    ] Total time for which application threads were stopped: 0.0015321 seconds, Stopping threads took: 0.0002894 seconds
[2022-06-13T01:51:13.867+0000][1][safepoint    ] Application time: 0.3700831 seconds
[2022-06-13T01:51:13.870+0000][1][safepoint    ] Entering safepoint region: GenCollectForAllocation
[2022-06-13T01:51:13.874+0000][1][gc,start     ] GC(3) Pause Young (Allocation Failure)
[2022-06-13T01:51:13.874+0000][1][gc,task      ] GC(3) Using 5 workers of 13 for evacuation
[2022-06-13T01:51:13.882+0000][1][gc,age       ] GC(3) Desired survivor size 4456448 bytes, new threshold 3 (max threshold 6)
[2022-06-13T01:51:13.882+0000][1][gc,age       ] GC(3) Age table with threshold 3 (max threshold 6)
[2022-06-13T01:51:13.883+0000][1][gc,age       ] GC(3) - age   1:    3225256 bytes,    3225256 total
[2022-06-13T01:51:13.883+0000][1][gc,age       ] GC(3) - age   2:     319432 bytes,    3544688 total
[2022-06-13T01:51:13.883+0000][1][gc,age       ] GC(3) - age   3:    1178008 bytes,    4722696 total
[2022-06-13T01:51:13.883+0000][1][gc,heap      ] GC(3) ParNew: 74753K->6009K(78656K)
[2022-06-13T01:51:13.884+0000][1][gc,heap      ] GC(3) CMS: 6689K->6689K(174784K)
[2022-06-13T01:51:13.884+0000][1][gc,metaspace ] GC(3) Metaspace: 18374K->18374K(1067008K)
[2022-06-13T01:51:13.884+0000][1][gc           ] GC(3) Pause Young (Allocation Failure) 79M->12M(247M) 10.250ms
[2022-06-13T01:51:13.884+0000][1][gc,cpu       ] GC(3) User=0.06s Sys=0.00s Real=0.01s
[2022-06-13T01:51:13.885+0000][1][safepoint    ] Leaving safepoint region
[2022-06-13T01:51:13.885+0000][1][safepoint    ] Total time for which application threads were stopped: 0.0158415 seconds, Stopping threads took: 0.0045623 seconds
[2022-06-13T01:51:13.888+0000][1][safepoint    ] Application time: 0.0027933 seconds
[2022-06-13T01:51:13.888+0000][1][safepoint    ] Entering safepoint region: BulkRevokeBias
[2022-06-13T01:51:13.889+0000][1][safepoint    ] Leaving safepoint region
[2022-06-13T01:51:13.890+0000][1][safepoint    ] Total time for which application threads were stopped: 0.0017599 seconds, Stopping threads took: 0.0004443 seconds
[2022-06-13T01:51:13.891+0000][1][safepoint    ] Application time: 0.0008521 seconds
[2022-06-13T01:51:13.892+0000][1][safepoint    ] Entering safepoint region: RevokeBias
[2022-06-13T01:51:13.896+0000][1][safepoint    ] Leaving safepoint region
[2022-06-13T01:51:13.901+0000][1][safepoint    ] Total time for which application threads were stopped: 0.0091835 seconds, Stopping threads took: 0.0043167 seconds
[2022-06-13T01:51:13.902+0000][1][safepoint    ] Application time: 0.0000861 seconds
[2022-06-13T01:51:13.903+0000][1][safepoint    ] Entering safepoint region: RevokeBias
[2022-06-13T01:51:13.904+0000][1][safepoint    ] Leaving safepoint region
[2022-06-13T01:51:13.904+0000][1][safepoint    ] Total time for which application threads were stopped: 0.0010927 seconds, Stopping threads took: 0.0006506 seconds
[2022-06-13T01:51:13.905+0000][1][safepoint    ] Application time: 0.0004004 seconds
[2022-06-13T01:51:13.909+0000][1][safepoint    ] Entering safepoint region: RevokeBias
[2022-06-13T01:51:13.909+0000][1][safepoint    ] Leaving safepoint region
[2022-06-13T01:51:13.911+0000][1][safepoint    ] Total time for which application threads were stopped: 0.0020946 seconds, Stopping threads took: 0.0004378 seconds
[2022-06-13T01:51:13.913+0000][1][safepoint    ] Application time: 0.0003641 seconds
[2022-06-13T01:51:13.914+0000][1][safepoint    ] Entering safepoint region: RevokeBias
[2022-06-13T01:51:13.915+0000][1][safepoint    ] Leaving safepoint region
[2022-06-13T01:51:13.915+0000][1][safepoint    ] Total time for which application threads were stopped: 0.0008516 seconds, Stopping threads took: 0.0005225 seconds
[2022-06-13T01:51:13.915+0000][1][safepoint    ] Application time: 0.0000964 seconds
[2022-06-13T01:51:13.916+0000][1][safepoint    ] Entering safepoint region: RevokeBias
[2022-06-13T01:51:13.916+0000][1][safepoint    ] Leaving safepoint region
[2022-06-13T01:51:13.917+0000][1][safepoint    ] Total time for which application threads were stopped: 0.0013635 seconds, Stopping threads took: 0.0002746 seconds
[2022-06-13T01:51:13.918+0000][1][safepoint    ] Application time: 0.0001222 seconds
[2022-06-13T01:51:13.918+0000][1][safepoint    ] Entering safepoint region: RevokeBias
[2022-06-13T01:51:13.919+0000][1][safepoint    ] Leaving safepoint region
[2022-06-13T01:51:13.919+0000][1][safepoint    ] Total time for which application threads were stopped: 0.0008965 seconds, Stopping threads took: 0.0003166 seconds
[2022-06-13T01:51:13.920+0000][1][safepoint    ] Application time: 0.0000783 seconds
[2022-06-13T01:51:13.922+0000][1][safepoint    ] Entering safepoint region: RevokeBias
[2022-06-13T01:51:13.922+0000][1][safepoint    ] Leaving safepoint region
[2022-06-13T01:51:13.923+0000][1][safepoint    ] Total time for which application threads were stopped: 0.0012187 seconds, Stopping threads took: 0.0007492 seconds
[2022-06-13T01:51:13.923+0000][1][safepoint    ] Application time: 0.0001083 seconds
[2022-06-13T01:51:13.925+0000][1][safepoint    ] Entering safepoint region: RevokeBias
[2022-06-13T01:51:13.927+0000][1][safepoint    ] Leaving safepoint region
[2022-06-13T01:51:13.927+0000][1][safepoint    ] Total time for which application threads were stopped: 0.0029520 seconds, Stopping threads took: 0.0017450 seconds
[2022-06-13T01:51:13.930+0000][1][safepoint    ] Application time: 0.0011089 seconds
[2022-06-13T01:51:13.930+0000][1][safepoint    ] Entering safepoint region: RevokeBias
[2022-06-13T01:51:13.930+0000][1][safepoint    ] Leaving safepoint region
[2022-06-13T01:51:13.931+0000][1][safepoint    ] Total time for which application threads were stopped: 0.0007477 seconds, Stopping threads took: 0.0002902 seconds
[2022-06-13T01:51:13.933+0000][1][safepoint    ] Application time: 0.0018142 seconds
[2022-06-13T01:51:13.938+0000][1][safepoint    ] Entering safepoint region: RevokeBias
[2022-06-13T01:51:13.939+0000][1][safepoint    ] Leaving safepoint region
[2022-06-13T01:51:13.940+0000][1][safepoint    ] Total time for which application threads were stopped: 0.0050340 seconds, Stopping threads took: 0.0035415 seconds
[2022-06-13T01:51:13.941+0000][1][safepoint    ] Application time: 0.0000884 seconds
[2022-06-13T01:51:13.943+0000][1][safepoint    ] Entering safepoint region: RevokeBias
[2022-06-13T01:51:13.944+0000][1][safepoint    ] Leaving safepoint region
[2022-06-13T01:51:13.947+0000][1][safepoint    ] Total time for which application threads were stopped: 0.0053495 seconds, Stopping threads took: 0.0019139 seconds
[2022-06-13T01:51:13.948+0000][1][safepoint    ] Application time: 0.0001228 seconds
[2022-06-13T01:51:13.949+0000][1][safepoint    ] Entering safepoint region: RevokeBias
[2022-06-13T01:51:13.949+0000][1][safepoint    ] Leaving safepoint region
[2022-06-13T01:51:13.949+0000][1][safepoint    ] Total time for which application threads were stopped: 0.0010192 seconds, Stopping threads took: 0.0004675 seconds
[2022-06-13T01:51:13.950+0000][1][safepoint    ] Application time: 0.0002276 seconds
[2022-06-13T01:51:13.950+0000][1][safepoint    ] Entering safepoint region: RevokeBias
[2022-06-13T01:51:13.951+0000][1][safepoint    ] Leaving safepoint region
[2022-06-13T01:51:13.951+0000][1][safepoint    ] Total time for which application threads were stopped: 0.0010006 seconds, Stopping threads took: 0.0004444 seconds
[2022-06-13T01:51:13.953+0000][1][safepoint    ] Application time: 0.0001590 seconds
[2022-06-13T01:51:13.953+0000][1][safepoint    ] Entering safepoint region: RevokeBias
[2022-06-13T01:51:13.954+0000][1][safepoint    ] Leaving safepoint region
[2022-06-13T01:51:13.954+0000][1][safepoint    ] Total time for which application threads were stopped: 0.0012785 seconds, Stopping threads took: 0.0003268 seconds
[2022-06-13T01:51:13.955+0000][1][safepoint    ] Application time: 0.0001786 seconds
[2022-06-13T01:51:13.955+0000][1][safepoint    ] Entering safepoint region: RevokeBias
[2022-06-13T01:51:13.956+0000][1][safepoint    ] Leaving safepoint region
[2022-06-13T01:51:13.960+0000][1][safepoint    ] Total time for which application threads were stopped: 0.0043722 seconds, Stopping threads took: 0.0002808 seconds
[2022-06-13T01:51:13.961+0000][1][safepoint    ] Application time: 0.0004706 seconds
[2022-06-13T01:51:13.962+0000][1][safepoint    ] Entering safepoint region: RevokeBias
[2022-06-13T01:51:13.962+0000][1][safepoint    ] Leaving safepoint region
[2022-06-13T01:51:13.962+0000][1][safepoint    ] Total time for which application threads were stopped: 0.0007035 seconds, Stopping threads took: 0.0003451 seconds
[2022-06-13T01:51:13.969+0000][1][safepoint    ] Application time: 0.0067918 seconds
[2022-06-13T01:51:13.970+0000][1][safepoint    ] Entering safepoint region: RevokeBias
[2022-06-13T01:51:13.971+0000][1][safepoint    ] Leaving safepoint region
[2022-06-13T01:51:13.971+0000][1][safepoint    ] Total time for which application threads were stopped: 0.0011053 seconds, Stopping threads took: 0.0004749 seconds
[2022-06-13T01:51:13.979+0000][1][safepoint    ] Application time: 0.0080185 seconds
[2022-06-13T01:51:13.980+0000][1][safepoint    ] Entering safepoint region: RevokeBias
[2022-06-13T01:51:13.981+0000][1][safepoint    ] Leaving safepoint region
[2022-06-13T01:51:13.982+0000][1][safepoint    ] Total time for which application threads were stopped: 0.0022863 seconds, Stopping threads took: 0.0004823 seconds
[2022-06-13T01:51:13.989+0000][1][safepoint    ] Application time: 0.0064890 seconds
[2022-06-13T01:51:13.992+0000][1][safepoint    ] Entering safepoint region: RevokeBias
[2022-06-13T01:51:13.993+0000][1][safepoint    ] Leaving safepoint region
[2022-06-13T01:51:13.994+0000][1][safepoint    ] Total time for which application threads were stopped: 0.0025363 seconds, Stopping threads took: 0.0018085 seconds
[2022-06-13T01:51:13.995+0000][1][safepoint    ] Application time: 0.0009038 seconds
[2022-06-13T01:51:13.996+0000][1][safepoint    ] Entering safepoint region: RevokeBias
[2022-06-13T01:51:13.996+0000][1][safepoint    ] Leaving safepoint region
[2022-06-13T01:51:13.996+0000][1][safepoint    ] Total time for which application threads were stopped: 0.0006863 seconds, Stopping threads took: 0.0002965 seconds
[2022-06-13T01:51:14.217+0000][1][safepoint    ] Application time: 0.2200571 seconds
[2022-06-13T01:51:14.218+0000][1][safepoint    ] Entering safepoint region: GenCollectForAllocation
[2022-06-13T01:51:14.219+0000][1][gc,start     ] GC(4) Pause Young (Allocation Failure)
[2022-06-13T01:51:14.219+0000][1][gc,task      ] GC(4) Using 5 workers of 13 for evacuation
[2022-06-13T01:51:14.235+0000][1][gc,age       ] GC(4) Desired survivor size 4456448 bytes, new threshold 2 (max threshold 6)
[2022-06-13T01:51:14.235+0000][1][gc,age       ] GC(4) Age table with threshold 2 (max threshold 6)
[2022-06-13T01:51:14.236+0000][1][gc,age       ] GC(4) - age   1:    1391992 bytes,    1391992 total
[2022-06-13T01:51:14.236+0000][1][gc,age       ] GC(4) - age   2:    3183312 bytes,    4575304 total
[2022-06-13T01:51:14.237+0000][1][gc,age       ] GC(4) - age   3:     318904 bytes,    4894208 total
[2022-06-13T01:51:14.237+0000][1][gc,heap      ] GC(4) ParNew: 75961K->8121K(78656K)
[2022-06-13T01:51:14.238+0000][1][gc,heap      ] GC(4) CMS: 6689K->7885K(174784K)
[2022-06-13T01:51:14.238+0000][1][gc,metaspace ] GC(4) Metaspace: 18736K->18736K(1067008K)
[2022-06-13T01:51:14.238+0000][1][gc           ] GC(4) Pause Young (Allocation Failure) 80M->15M(247M) 19.387ms
[2022-06-13T01:51:14.239+0000][1][gc,cpu       ] GC(4) User=0.04s Sys=0.01s Real=0.02s
[2022-06-13T01:51:14.239+0000][1][safepoint    ] Leaving safepoint region
[2022-06-13T01:51:14.240+0000][1][safepoint    ] Total time for which application threads were stopped: 0.0211569 seconds, Stopping threads took: 0.0004736 seconds
[2022-06-13T01:51:14.250+0000][1][safepoint    ] Application time: 0.0098871 seconds
[2022-06-13T01:51:14.250+0000][1][safepoint    ] Entering safepoint region: RevokeBias
[2022-06-13T01:51:14.250+0000][1][safepoint    ] Leaving safepoint region
[2022-06-13T01:51:14.251+0000][1][safepoint    ] Total time for which application threads were stopped: 0.0009094 seconds, Stopping threads took: 0.0002940 seconds
[2022-06-13T01:51:14.251+0000][1][safepoint    ] Application time: 0.0002123 seconds
[2022-06-13T01:51:14.252+0000][1][safepoint    ] Entering safepoint region: RevokeBias
[2022-06-13T01:51:14.252+0000][1][safepoint    ] Leaving safepoint region
[2022-06-13T01:51:14.253+0000][1][safepoint    ] Total time for which application threads were stopped: 0.0010140 seconds, Stopping threads took: 0.0006021 seconds
[2022-06-13T01:51:14.253+0000][1][safepoint    ] Application time: 0.0000945 seconds
[2022-06-13T01:51:14.254+0000][1][safepoint    ] Entering safepoint region: RevokeBias
[2022-06-13T01:51:14.254+0000][1][safepoint    ] Leaving safepoint region
[2022-06-13T01:51:14.254+0000][1][safepoint    ] Total time for which application threads were stopped: 0.0006279 seconds, Stopping threads took: 0.0003128 seconds
[2022-06-13T01:51:14.254+0000][1][safepoint    ] Application time: 0.0000340 seconds
[2022-06-13T01:51:14.266+0000][1][safepoint    ] Entering safepoint region: RevokeBias
[2022-06-13T01:51:14.268+0000][1][safepoint    ] Leaving safepoint region
[2022-06-13T01:51:14.268+0000][1][safepoint    ] Total time for which application threads were stopped: 0.0133164 seconds, Stopping threads took: 0.0129248 seconds
[2022-06-13T01:51:14.310+0000][1][safepoint    ] Application time: 0.0419128 seconds
[2022-06-13T01:51:14.311+0000][1][safepoint    ] Entering safepoint region: Deoptimize
[2022-06-13T01:51:14.314+0000][1][safepoint    ] Leaving safepoint region
[2022-06-13T01:51:14.315+0000][1][safepoint    ] Total time for which application threads were stopped: 0.0039366 seconds, Stopping threads took: 0.0014146 seconds
[2022-06-13T01:51:14.396+0000][1][safepoint    ] Application time: 0.0786109 seconds
[2022-06-13T01:51:14.409+0000][1][safepoint    ] Entering safepoint region: Deoptimize
[2022-06-13T01:51:14.411+0000][1][safepoint    ] Leaving safepoint region
[2022-06-13T01:51:14.414+0000][1][safepoint    ] Total time for which application threads were stopped: 0.0170909 seconds, Stopping threads took: 0.0132660 seconds
[2022-06-13T01:51:14.597+0000][1][safepoint    ] Application time: 0.1825872 seconds
[2022-06-13T01:51:14.598+0000][1][safepoint    ] Entering safepoint region: GenCollectForAllocation
[2022-06-13T01:51:14.598+0000][1][gc,start     ] GC(5) Pause Young (Allocation Failure)
[2022-06-13T01:51:14.598+0000][1][gc,task      ] GC(5) Using 5 workers of 13 for evacuation
[2022-06-13T01:51:14.620+0000][1][gc,age       ] GC(5) Desired survivor size 4456448 bytes, new threshold 6 (max threshold 6)
[2022-06-13T01:51:14.621+0000][1][gc,age       ] GC(5) Age table with threshold 6 (max threshold 6)
[2022-06-13T01:51:14.621+0000][1][gc,age       ] GC(5) - age   1:    2196288 bytes,    2196288 total
[2022-06-13T01:51:14.622+0000][1][gc,age       ] GC(5) - age   2:     567104 bytes,    2763392 total
[2022-06-13T01:51:14.622+0000][1][gc,heap      ] GC(5) ParNew: 78073K->4525K(78656K)
[2022-06-13T01:51:14.622+0000][1][gc,heap      ] GC(5) CMS: 7885K->11334K(174784K)
[2022-06-13T01:51:14.623+0000][1][gc,metaspace ] GC(5) Metaspace: 19073K->19073K(1067008K)
[2022-06-13T01:51:14.623+0000][1][gc           ] GC(5) Pause Young (Allocation Failure) 83M->15M(247M) 24.972ms
[2022-06-13T01:51:14.623+0000][1][gc,cpu       ] GC(5) User=0.14s Sys=0.01s Real=0.03s
[2022-06-13T01:51:14.624+0000][1][safepoint    ] Leaving safepoint region
[2022-06-13T01:51:14.624+0000][1][safepoint    ] Total time for which application threads were stopped: 0.0261134 seconds, Stopping threads took: 0.0003324 seconds
[2022-06-13T01:51:14.624+0000][1][safepoint    ] Application time: 0.0005097 seconds
[2022-06-13T01:51:14.629+0000][1][safepoint    ] Entering safepoint region: RevokeBias
[2022-06-13T01:51:14.630+0000][1][safepoint    ] Leaving safepoint region
[2022-06-13T01:51:14.630+0000][1][safepoint    ] Total time for which application threads were stopped: 0.0055130 seconds, Stopping threads took: 0.0051328 seconds
[2022-06-13T01:51:14.631+0000][1][safepoint    ] Application time: 0.0001186 seconds
[2022-06-13T01:51:14.632+0000][1][safepoint    ] Entering safepoint region: RevokeBias
[2022-06-13T01:51:14.632+0000][1][safepoint    ] Leaving safepoint region
[2022-06-13T01:51:14.633+0000][1][safepoint    ] Total time for which application threads were stopped: 0.0008962 seconds, Stopping threads took: 0.0004429 seconds
[2022-06-13T01:51:14.633+0000][1][safepoint    ] Application time: 0.0002275 seconds
[2022-06-13T01:51:14.634+0000][1][safepoint    ] Entering safepoint region: RevokeBias
[2022-06-13T01:51:14.634+0000][1][safepoint    ] Leaving safepoint region
[2022-06-13T01:51:14.634+0000][1][safepoint    ] Total time for which application threads were stopped: 0.0005840 seconds, Stopping threads took: 0.0002281 seconds
[2022-06-13T01:51:14.635+0000][1][safepoint    ] Application time: 0.0001937 seconds
[2022-06-13T01:51:14.635+0000][1][safepoint    ] Entering safepoint region: RevokeBias
[2022-06-13T01:51:14.635+0000][1][safepoint    ] Leaving safepoint region
[2022-06-13T01:51:14.639+0000][1][safepoint    ] Total time for which application threads were stopped: 0.0043030 seconds, Stopping threads took: 0.0002479 seconds
[2022-06-13T01:51:14.640+0000][1][safepoint    ] Application time: 0.0001006 seconds
[2022-06-13T01:51:14.640+0000][1][safepoint    ] Entering safepoint region: RevokeBias
[2022-06-13T01:51:14.642+0000][1][safepoint    ] Leaving safepoint region
[2022-06-13T01:51:14.642+0000][1][safepoint    ] Total time for which application threads were stopped: 0.0021056 seconds, Stopping threads took: 0.0013428 seconds
[2022-06-13T01:51:14.643+0000][1][safepoint    ] Application time: 0.0000583 seconds
[2022-06-13T01:51:14.643+0000][1][safepoint    ] Entering safepoint region: RevokeBias
[2022-06-13T01:51:14.644+0000][1][safepoint    ] Leaving safepoint region
[2022-06-13T01:51:14.644+0000][1][safepoint    ] Total time for which application threads were stopped: 0.0007769 seconds, Stopping threads took: 0.0003268 seconds
[2022-06-13T01:51:14.862+0000][1][safepoint    ] Application time: 0.2170891 seconds
[2022-06-13T01:51:14.862+0000][1][safepoint    ] Entering safepoint region: GenCollectForAllocation
[2022-06-13T01:51:14.863+0000][1][gc,start     ] GC(6) Pause Young (Allocation Failure)
[2022-06-13T01:51:14.863+0000][1][gc,task      ] GC(6) Using 5 workers of 13 for evacuation
[2022-06-13T01:51:14.879+0000][1][gc,age       ] GC(6) Desired survivor size 4456448 bytes, new threshold 6 (max threshold 6)
[2022-06-13T01:51:14.881+0000][1][gc,age       ] GC(6) Age table with threshold 6 (max threshold 6)
[2022-06-13T01:51:14.881+0000][1][gc,age       ] GC(6) - age   1:    1501000 bytes,    1501000 total
[2022-06-13T01:51:14.882+0000][1][gc,age       ] GC(6) - age   2:    2183104 bytes,    3684104 total
[2022-06-13T01:51:14.882+0000][1][gc,age       ] GC(6) - age   3:     567104 bytes,    4251208 total
[2022-06-13T01:51:14.882+0000][1][gc,heap      ] GC(6) ParNew: 74477K->4699K(78656K)
[2022-06-13T01:51:14.883+0000][1][gc,heap      ] GC(6) CMS: 11334K->11334K(174784K)
[2022-06-13T01:51:14.883+0000][1][gc,metaspace ] GC(6) Metaspace: 19391K->19391K(1067008K)
[2022-06-13T01:51:14.883+0000][1][gc           ] GC(6) Pause Young (Allocation Failure) 83M->15M(247M) 20.118ms
[2022-06-13T01:51:14.883+0000][1][gc,cpu       ] GC(6) User=0.03s Sys=0.00s Real=0.02s
[2022-06-13T01:51:14.884+0000][1][safepoint    ] Leaving safepoint region
[2022-06-13T01:51:14.884+0000][1][safepoint    ] Total time for which application threads were stopped: 0.0213592 seconds, Stopping threads took: 0.0003157 seconds
[2022-06-13T01:51:14.886+0000][1][safepoint    ] Application time: 0.0019212 seconds
[2022-06-13T01:51:14.887+0000][1][safepoint    ] Entering safepoint region: RevokeBias
[2022-06-13T01:51:14.887+0000][1][safepoint    ] Leaving safepoint region
[2022-06-13T01:51:14.888+0000][1][safepoint    ] Total time for which application threads were stopped: 0.0007845 seconds, Stopping threads took: 0.0004343 seconds
[2022-06-13T01:51:14.888+0000][1][safepoint    ] Application time: 0.0000718 seconds
[2022-06-13T01:51:14.888+0000][1][safepoint    ] Entering safepoint region: BulkRevokeBias
[2022-06-13T01:51:14.889+0000][1][safepoint    ] Leaving safepoint region
[2022-06-13T01:51:14.889+0000][1][safepoint    ] Total time for which application threads were stopped: 0.0006586 seconds, Stopping threads took: 0.0002712 seconds
[2022-06-13T01:51:14.889+0000][1][safepoint    ] Application time: 0.0000583 seconds
[2022-06-13T01:51:14.889+0000][1][safepoint    ] Entering safepoint region: BulkRevokeBias
[2022-06-13T01:51:14.890+0000][1][safepoint    ] Leaving safepoint region
[2022-06-13T01:51:14.890+0000][1][safepoint    ] Total time for which application threads were stopped: 0.0008920 seconds, Stopping threads took: 0.0003445 seconds
[2022-06-13T01:51:15.053+0000][1][safepoint    ] Application time: 0.1619851 seconds
[2022-06-13T01:51:15.053+0000][1][safepoint    ] Entering safepoint region: GenCollectForAllocation
[2022-06-13T01:51:15.054+0000][1][gc,start     ] GC(7) Pause Young (Allocation Failure)
[2022-06-13T01:51:15.054+0000][1][gc,task      ] GC(7) Using 5 workers of 13 for evacuation
[2022-06-13T01:51:15.063+0000][1][gc,age       ] GC(7) Desired survivor size 4456448 bytes, new threshold 6 (max threshold 6)
[2022-06-13T01:51:15.063+0000][1][gc,age       ] GC(7) Age table with threshold 6 (max threshold 6)
[2022-06-13T01:51:15.069+0000][1][gc,age       ] GC(7) - age   1:     500296 bytes,     500296 total
[2022-06-13T01:51:15.069+0000][1][gc,age       ] GC(7) - age   2:    1143592 bytes,    1643888 total
[2022-06-13T01:51:15.070+0000][1][gc,age       ] GC(7) - age   3:    2181176 bytes,    3825064 total
[2022-06-13T01:51:15.070+0000][1][gc,age       ] GC(7) - age   4:     567128 bytes,    4392192 total
[2022-06-13T01:51:15.070+0000][1][gc,heap      ] GC(7) ParNew: 74651K->5329K(78656K)
[2022-06-13T01:51:15.070+0000][1][gc,heap      ] GC(7) CMS: 11334K->11334K(174784K)
[2022-06-13T01:51:15.070+0000][1][gc,metaspace ] GC(7) Metaspace: 19665K->19665K(1067008K)
[2022-06-13T01:51:15.071+0000][1][gc           ] GC(7) Pause Young (Allocation Failure) 83M->16M(247M) 16.953ms
[2022-06-13T01:51:15.071+0000][1][gc,cpu       ] GC(7) User=0.04s Sys=0.00s Real=0.02s
[2022-06-13T01:51:15.071+0000][1][safepoint    ] Leaving safepoint region
[2022-06-13T01:51:15.071+0000][1][safepoint    ] Total time for which application threads were stopped: 0.0182042 seconds, Stopping threads took: 0.0004751 seconds
[2022-06-13T01:51:15.118+0000][1][safepoint    ] Application time: 0.0469141 seconds
[2022-06-13T01:51:15.119+0000][1][safepoint    ] Entering safepoint region: CollectForMetadataAllocation
[2022-06-13T01:51:15.120+0000][1][safepoint    ] Leaving safepoint region
[2022-06-13T01:51:15.120+0000][1][safepoint    ] Total time for which application threads were stopped: 0.0010124 seconds, Stopping threads took: 0.0005309 seconds
[2022-06-13T01:51:15.177+0000][1][safepoint    ] Application time: 0.0566156 seconds
[2022-06-13T01:51:15.178+0000][1][safepoint    ] Entering safepoint region: CollectForMetadataAllocation
[2022-06-13T01:51:15.178+0000][1][safepoint    ] Leaving safepoint region
[2022-06-13T01:51:15.179+0000][1][safepoint    ] Total time for which application threads were stopped: 0.0007880 seconds, Stopping threads took: 0.0002975 seconds
[2022-06-13T01:51:15.396+0000][1][safepoint    ] Application time: 0.2171127 seconds
[2022-06-13T01:51:15.406+0000][1][safepoint    ] Entering safepoint region: GenCollectForAllocation
[2022-06-13T01:51:15.412+0000][1][gc,start     ] GC(8) Pause Young (Allocation Failure)
[2022-06-13T01:51:15.419+0000][1][gc,task      ] GC(8) Using 5 workers of 13 for evacuation
[2022-06-13T01:51:15.430+0000][1][gc,age       ] GC(8) Desired survivor size 4456448 bytes, new threshold 5 (max threshold 6)
[2022-06-13T01:51:15.430+0000][1][gc,age       ] GC(8) Age table with threshold 5 (max threshold 6)
[2022-06-13T01:51:15.431+0000][1][gc,age       ] GC(8) - age   1:     503064 bytes,     503064 total
[2022-06-13T01:51:15.431+0000][1][gc,age       ] GC(8) - age   2:     479128 bytes,     982192 total
[2022-06-13T01:51:15.431+0000][1][gc,age       ] GC(8) - age   3:    1143496 bytes,    2125688 total
[2022-06-13T01:51:15.432+0000][1][gc,age       ] GC(8) - age   4:    2180888 bytes,    4306576 total
[2022-06-13T01:51:15.432+0000][1][gc,age       ] GC(8) - age   5:     567104 bytes,    4873680 total
[2022-06-13T01:51:15.432+0000][1][gc,heap      ] GC(8) ParNew: 75281K->6649K(78656K)
[2022-06-13T01:51:15.432+0000][1][gc,heap      ] GC(8) CMS: 11334K->11334K(174784K)
[2022-06-13T01:51:15.433+0000][1][gc,metaspace ] GC(8) Metaspace: 20438K->20438K(1069056K)
[2022-06-13T01:51:15.433+0000][1][gc           ] GC(8) Pause Young (Allocation Failure) 84M->17M(247M) 20.770ms
[2022-06-13T01:51:15.433+0000][1][gc,cpu       ] GC(8) User=0.02s Sys=0.00s Real=0.02s
[2022-06-13T01:51:15.433+0000][1][safepoint    ] Leaving safepoint region
[2022-06-13T01:51:15.433+0000][1][safepoint    ] Total time for which application threads were stopped: 0.0368186 seconds, Stopping threads took: 0.0152357 seconds
[2022-06-13T01:51:15.434+0000][1][safepoint    ] Application time: 0.0008154 seconds
[2022-06-13T01:51:15.436+0000][1][safepoint    ] Entering safepoint region: CMS_Initial_Mark
[2022-06-13T01:51:15.436+0000][1][gc,start     ] GC(9) Pause Initial Mark
[2022-06-13T01:51:15.438+0000][1][gc           ] GC(9) Pause Initial Mark 18M->18M(247M) 1.737ms
[2022-06-13T01:51:15.438+0000][1][gc,cpu       ] GC(9) User=0.01s Sys=0.00s Real=0.00s
[2022-06-13T01:51:15.439+0000][1][safepoint    ] Leaving safepoint region
[2022-06-13T01:51:15.439+0000][1][safepoint    ] Total time for which application threads were stopped: 0.0045994 seconds, Stopping threads took: 0.0015983 seconds
[2022-06-13T01:51:15.449+0000][1][gc           ] GC(9) Concurrent Mark
[2022-06-13T01:51:15.519+0000][1][gc,task      ] GC(9) Using 4 workers of 4 for marking
[2022-06-13T01:51:15.569+0000][1][gc           ] GC(9) Concurrent Mark 119.981ms
[2022-06-13T01:51:15.571+0000][1][gc,cpu       ] GC(9) User=0.41s Sys=0.02s Real=0.12s
[2022-06-13T01:51:15.571+0000][1][gc           ] GC(9) Concurrent Preclean
[2022-06-13T01:51:15.573+0000][1][gc           ] GC(9) Concurrent Preclean 1.470ms
[2022-06-13T01:51:15.573+0000][1][gc,cpu       ] GC(9) User=0.00s Sys=0.00s Real=0.00s
[2022-06-13T01:51:15.574+0000][1][gc           ] GC(9) Concurrent Abortable Preclean
[2022-06-13T01:51:15.614+0000][1][safepoint    ] Application time: 0.1747797 seconds
[2022-06-13T01:51:15.615+0000][1][safepoint    ] Entering safepoint region: GenCollectForAllocation
[2022-06-13T01:51:15.615+0000][1][gc,start     ] GC(10) Pause Young (Allocation Failure)
[2022-06-13T01:51:15.616+0000][1][gc,task      ] GC(10) Using 5 workers of 13 for evacuation
[2022-06-13T01:51:15.625+0000][1][gc,age       ] GC(10) Desired survivor size 4456448 bytes, new threshold 5 (max threshold 6)
[2022-06-13T01:51:15.625+0000][1][gc,age       ] GC(10) Age table with threshold 5 (max threshold 6)
[2022-06-13T01:51:15.626+0000][1][gc,age       ] GC(10) - age   1:     897856 bytes,     897856 total
[2022-06-13T01:51:15.627+0000][1][gc,age       ] GC(10) - age   2:     490168 bytes,    1388024 total
[2022-06-13T01:51:15.627+0000][1][gc,age       ] GC(10) - age   3:     479008 bytes,    1867032 total
[2022-06-13T01:51:15.627+0000][1][gc,age       ] GC(10) - age   4:    1143496 bytes,    3010528 total
[2022-06-13T01:51:15.628+0000][1][gc,age       ] GC(10) - age   5:    2180696 bytes,    5191224 total
[2022-06-13T01:51:15.628+0000][1][gc,heap      ] GC(10) ParNew: 76601K->7008K(78656K)
[2022-06-13T01:51:15.629+0000][1][gc,heap      ] GC(10) CMS: 11334K->11899K(174784K)
[2022-06-13T01:51:15.629+0000][1][gc,metaspace ] GC(10) Metaspace: 20551K->20551K(1069056K)
[2022-06-13T01:51:15.629+0000][1][gc           ] GC(10) Pause Young (Allocation Failure) 85M->18M(247M) 14.039ms
[2022-06-13T01:51:15.630+0000][1][gc,cpu       ] GC(10) User=0.05s Sys=0.00s Real=0.02s
[2022-06-13T01:51:15.630+0000][1][safepoint    ] Leaving safepoint region
[2022-06-13T01:51:15.630+0000][1][safepoint    ] Total time for which application threads were stopped: 0.0157001 seconds, Stopping threads took: 0.0003352 seconds
[2022-06-13T01:51:15.809+0000][1][safepoint    ] Application time: 0.1776227 seconds
[2022-06-13T01:51:15.820+0000][1][safepoint    ] Entering safepoint region: GenCollectForAllocation
[2022-06-13T01:51:15.829+0000][1][gc,start     ] GC(11) Pause Young (Allocation Failure)
[2022-06-13T01:51:15.840+0000][1][gc,task      ] GC(11) Using 5 workers of 13 for evacuation
[2022-06-13T01:51:15.882+0000][1][gc,age       ] GC(11) Desired survivor size 4456448 bytes, new threshold 6 (max threshold 6)
[2022-06-13T01:51:15.883+0000][1][gc,age       ] GC(11) Age table with threshold 6 (max threshold 6)
[2022-06-13T01:51:15.883+0000][1][gc,age       ] GC(11) - age   1:    1542344 bytes,    1542344 total
[2022-06-13T01:51:15.883+0000][1][gc,age       ] GC(11) - age   2:     129728 bytes,    1672072 total
[2022-06-13T01:51:15.883+0000][1][gc,age       ] GC(11) - age   3:     490168 bytes,    2162240 total
[2022-06-13T01:51:15.884+0000][1][gc,age       ] GC(11) - age   4:     478856 bytes,    2641096 total
[2022-06-13T01:51:15.884+0000][1][gc,age       ] GC(11) - age   5:    1143208 bytes,    3784304 total
[2022-06-13T01:51:15.884+0000][1][gc,heap      ] GC(11) ParNew: 76960K->5412K(78656K)
[2022-06-13T01:51:15.885+0000][1][gc,heap      ] GC(11) CMS: 11899K->14091K(174784K)
[2022-06-13T01:51:15.885+0000][1][gc,metaspace ] GC(11) Metaspace: 20628K->20628K(1069056K)
[2022-06-13T01:51:15.885+0000][1][gc           ] GC(11) Pause Young (Allocation Failure) 86M->19M(247M) 56.046ms
[2022-06-13T01:51:15.886+0000][1][gc,cpu       ] GC(11) User=0.12s Sys=0.00s Real=0.05s
[2022-06-13T01:51:15.886+0000][1][safepoint    ] Leaving safepoint region
[2022-06-13T01:51:15.886+0000][1][safepoint    ] Total time for which application threads were stopped: 0.0666302 seconds, Stopping threads took: 0.0094097 seconds
[2022-06-13T01:51:15.987+0000][1][safepoint    ] Application time: 0.0997829 seconds
[2022-06-13T01:51:15.997+0000][1][safepoint    ] Entering safepoint region: CollectForMetadataAllocation
[2022-06-13T01:51:16.009+0000][1][safepoint    ] Leaving safepoint region
[2022-06-13T01:51:16.011+0000][1][safepoint    ] Total time for which application threads were stopped: 0.0140904 seconds, Stopping threads took: 0.0126553 seconds
[2022-06-13T01:51:16.029+0000][1][gc           ] GC(9) Concurrent Abortable Preclean 454.844ms
[2022-06-13T01:51:16.035+0000][1][gc,cpu       ] GC(9) User=1.88s Sys=0.04s Real=0.46s
[2022-06-13T01:51:16.039+0000][1][safepoint    ] Application time: 0.0200008 seconds
[2022-06-13T01:51:16.059+0000][1][safepoint    ] Entering safepoint region: CMS_Final_Remark
[2022-06-13T01:51:16.069+0000][1][gc,start     ] GC(9) Pause Remark
[2022-06-13T01:51:16.114+0000][1][gc           ] GC(9) Pause Remark 58M->58M(247M) 44.902ms
[2022-06-13T01:51:16.119+0000][1][gc,cpu       ] GC(9) User=0.18s Sys=0.02s Real=0.05s
[2022-06-13T01:51:16.120+0000][1][safepoint    ] Leaving safepoint region
[2022-06-13T01:51:16.120+0000][1][safepoint    ] Total time for which application threads were stopped: 0.0706069 seconds, Stopping threads took: 0.0198880 seconds
[2022-06-13T01:51:16.125+0000][1][gc           ] GC(9) Concurrent Sweep
[2022-06-13T01:51:16.138+0000][1][gc           ] GC(9) Concurrent Sweep 13.485ms
[2022-06-13T01:51:16.143+0000][1][gc,cpu       ] GC(9) User=0.07s Sys=0.02s Real=0.02s
[2022-06-13T01:51:16.145+0000][1][gc           ] GC(9) Concurrent Reset
[2022-06-13T01:51:16.154+0000][1][gc           ] GC(9) Concurrent Reset 8.678ms
[2022-06-13T01:51:16.154+0000][1][gc,cpu       ] GC(9) User=0.04s Sys=0.00s Real=0.01s
[2022-06-13T01:51:16.155+0000][1][gc,heap      ] GC(9) Old: 11334K->14065K(174784K)
[2022-06-13T01:51:16.560+0000][1][safepoint    ] Application time: 0.4360444 seconds
[2022-06-13T01:51:16.561+0000][1][safepoint    ] Entering safepoint region: Deoptimize
[2022-06-13T01:51:16.562+0000][1][safepoint    ] Leaving safepoint region
[2022-06-13T01:51:16.563+0000][1][safepoint    ] Total time for which application threads were stopped: 0.0022026 seconds, Stopping threads took: 0.0003578 seconds
[2022-06-13T01:51:16.707+0000][1][safepoint    ] Application time: 0.1433339 seconds
[2022-06-13T01:51:16.707+0000][1][safepoint    ] Entering safepoint region: Deoptimize
[2022-06-13T01:51:16.710+0000][1][safepoint    ] Leaving safepoint region
[2022-06-13T01:51:16.712+0000][1][safepoint    ] Total time for which application threads were stopped: 0.0041948 seconds, Stopping threads took: 0.0010440 seconds
[2022-06-13T01:51:16.716+0000][1][safepoint    ] Application time: 0.0011370 seconds
[2022-06-13T01:51:16.717+0000][1][safepoint    ] Entering safepoint region: Deoptimize
[2022-06-13T01:51:16.718+0000][1][safepoint    ] Leaving safepoint region
[2022-06-13T01:51:16.718+0000][1][safepoint    ] Total time for which application threads were stopped: 0.0011309 seconds, Stopping threads took: 0.0002932 seconds
[2022-06-13T01:51:16.740+0000][1][safepoint    ] Application time: 0.0212075 seconds
[2022-06-13T01:51:16.740+0000][1][safepoint    ] Entering safepoint region: RevokeBias
[2022-06-13T01:51:16.740+0000][1][safepoint    ] Leaving safepoint region
[2022-06-13T01:51:16.740+0000][1][safepoint    ] Total time for which application threads were stopped: 0.0004531 seconds, Stopping threads took: 0.0002026 seconds
[2022-06-13T01:51:16.743+0000][1][safepoint    ] Application time: 0.0021619 seconds
[2022-06-13T01:51:16.744+0000][1][safepoint    ] Entering safepoint region: Deoptimize
[2022-06-13T01:51:16.744+0000][1][safepoint    ] Leaving safepoint region
[2022-06-13T01:51:16.745+0000][1][safepoint    ] Total time for which application threads were stopped: 0.0011561 seconds, Stopping threads took: 0.0002659 seconds
[2022-06-13T01:51:16.754+0000][1][safepoint    ] Application time: 0.0093489 seconds
[2022-06-13T01:51:16.755+0000][1][safepoint    ] Entering safepoint region: Deoptimize
[2022-06-13T01:51:16.756+0000][1][safepoint    ] Leaving safepoint region
[2022-06-13T01:51:16.756+0000][1][safepoint    ] Total time for which application threads were stopped: 0.0011981 seconds, Stopping threads took: 0.0002787 seconds
[2022-06-13T01:51:16.872+0000][1][safepoint    ] Application time: 0.1151680 seconds
[2022-06-13T01:51:16.875+0000][1][safepoint    ] Entering safepoint region: GenCollectForAllocation
[2022-06-13T01:51:16.875+0000][1][gc,start     ] GC(12) Pause Young (Allocation Failure)
[2022-06-13T01:51:16.876+0000][1][gc,task      ] GC(12) Using 5 workers of 13 for evacuation
[2022-06-13T01:51:16.908+0000][1][gc,age       ] GC(12) Desired survivor size 4456448 bytes, new threshold 6 (max threshold 6)
[2022-06-13T01:51:16.908+0000][1][gc,age       ] GC(12) Age table with threshold 6 (max threshold 6)
[2022-06-13T01:51:16.914+0000][1][gc,age       ] GC(12) - age   1:    2743832 bytes,    2743832 total
[2022-06-13T01:51:16.915+0000][1][gc,age       ] GC(12) - age   2:     345208 bytes,    3089040 total
[2022-06-13T01:51:16.915+0000][1][gc,age       ] GC(12) - age   3:     129464 bytes,    3218504 total
[2022-06-13T01:51:16.918+0000][1][gc,age       ] GC(12) - age   4:     490328 bytes,    3708832 total
[2022-06-13T01:51:16.919+0000][1][gc,age       ] GC(12) - age   5:     474152 bytes,    4182984 total
[2022-06-13T01:51:16.919+0000][1][gc,age       ] GC(12) - age   6:    1142928 bytes,    5325912 total
[2022-06-13T01:51:16.921+0000][1][gc,heap      ] GC(12) ParNew: 75364K->7018K(78656K)
[2022-06-13T01:51:16.924+0000][1][gc,heap      ] GC(12) CMS: 14065K->14065K(174784K)
[2022-06-13T01:51:16.927+0000][1][gc,metaspace ] GC(12) Metaspace: 26287K->26287K(1073152K)
[2022-06-13T01:51:16.929+0000][1][gc           ] GC(12) Pause Young (Allocation Failure) 87M->20M(247M) 53.125ms
[2022-06-13T01:51:16.937+0000][1][gc,cpu       ] GC(12) User=0.08s Sys=0.01s Real=0.06s
[2022-06-13T01:51:16.953+0000][1][safepoint    ] Leaving safepoint region
[2022-06-13T01:51:16.957+0000][1][safepoint    ] Total time for which application threads were stopped: 0.0849796 seconds, Stopping threads took: 0.0032442 seconds
[2022-06-13T01:51:18.823+0000][1][safepoint    ] Application time: 1.8591946 seconds
[2022-06-13T01:51:18.889+0000][1][safepoint    ] Entering safepoint region: Cleanup
[2022-06-13T01:51:18.896+0000][1][safepoint    ] Leaving safepoint region
[2022-06-13T01:51:18.913+0000][1][safepoint    ] Total time for which application threads were stopped: 0.0753924 seconds, Stopping threads took: 0.0572844 seconds
[2022-06-13T01:51:19.854+0000][1][safepoint    ] Application time: 0.9401954 seconds
[2022-06-13T01:51:19.881+0000][1][safepoint    ] Entering safepoint region: GenCollectForAllocation
[2022-06-13T01:51:19.889+0000][1][gc,start     ] GC(13) Pause Young (Allocation Failure)
[2022-06-13T01:51:19.894+0000][1][gc,task      ] GC(13) Using 5 workers of 13 for evacuation
[2022-06-13T01:51:20.015+0000][1][gc,age       ] GC(13) Desired survivor size 4456448 bytes, new threshold 1 (max threshold 6)
[2022-06-13T01:51:20.019+0000][1][gc,age       ] GC(13) Age table with threshold 1 (max threshold 6)
[2022-06-13T01:51:20.030+0000][1][gc,age       ] GC(13) - age   1:    4997392 bytes,    4997392 total
[2022-06-13T01:51:20.045+0000][1][gc,age       ] GC(13) - age   2:    2406072 bytes,    7403464 total
[2022-06-13T01:51:20.049+0000][1][gc,age       ] GC(13) - age   3:     344976 bytes,    7748440 total
[2022-06-13T01:51:20.057+0000][1][gc,age       ] GC(13) - age   4:     129400 bytes,    7877840 total
[2022-06-13T01:51:20.069+0000][1][gc,age       ] GC(13) - age   5:     489512 bytes,    8367352 total
[2022-06-13T01:51:20.079+0000][1][gc,age       ] GC(13) - age   6:     474152 bytes,    8841504 total
[2022-06-13T01:51:20.089+0000][1][gc,heap      ] GC(13) ParNew: 76970K->8704K(78656K)
[2022-06-13T01:51:20.099+0000][1][gc,heap      ] GC(13) CMS: 14065K->25273K(174784K)
[2022-06-13T01:51:20.114+0000][1][gc,metaspace ] GC(13) Metaspace: 27015K->27015K(1075200K)
[2022-06-13T01:51:20.135+0000][1][gc           ] GC(13) Pause Young (Allocation Failure) 88M->33M(247M) 246.100ms
[2022-06-13T01:51:20.151+0000][1][gc,cpu       ] GC(13) User=0.77s Sys=0.03s Real=0.26s
[2022-06-13T01:51:20.166+0000][1][safepoint    ] Leaving safepoint region
[2022-06-13T01:51:20.180+0000][1][safepoint    ] Total time for which application threads were stopped: 0.3097962 seconds, Stopping threads took: 0.0193892 seconds
[2022-06-13T01:51:20.625+0000][1][safepoint    ] Application time: 0.4359474 seconds
[2022-06-13T01:51:20.639+0000][1][safepoint    ] Entering safepoint region: RevokeBias
[2022-06-13T01:51:20.640+0000][1][safepoint    ] Leaving safepoint region
[2022-06-13T01:51:20.641+0000][1][safepoint    ] Total time for which application threads were stopped: 0.0114263 seconds, Stopping threads took: 0.0108172 seconds
[2022-06-13T01:51:21.219+0000][1][safepoint    ] Application time: 0.5786809 seconds
[2022-06-13T01:51:21.222+0000][1][safepoint    ] Entering safepoint region: Deoptimize
[2022-06-13T01:51:21.227+0000][1][safepoint    ] Leaving safepoint region
[2022-06-13T01:51:21.233+0000][1][safepoint    ] Total time for which application threads were stopped: 0.0118675 seconds, Stopping threads took: 0.0055416 seconds
[2022-06-13T01:51:21.380+0000][1][safepoint    ] Application time: 0.1465495 seconds
[2022-06-13T01:51:21.399+0000][1][safepoint    ] Entering safepoint region: GenCollectForAllocation
[2022-06-13T01:51:21.400+0000][1][gc,start     ] GC(14) Pause Young (Allocation Failure)
[2022-06-13T01:51:21.400+0000][1][gc,task      ] GC(14) Using 5 workers of 13 for evacuation
[2022-06-13T01:51:21.450+0000][1][gc,age       ] GC(14) Desired survivor size 4456448 bytes, new threshold 1 (max threshold 6)
[2022-06-13T01:51:21.450+0000][1][gc,age       ] GC(14) Age table with threshold 1 (max threshold 6)
[2022-06-13T01:51:21.451+0000][1][gc,age       ] GC(14) - age   1:    8076432 bytes,    8076432 total
[2022-06-13T01:51:21.451+0000][1][gc,heap      ] GC(14) ParNew: 78656K->8704K(78656K)
[2022-06-13T01:51:21.451+0000][1][gc,heap      ] GC(14) CMS: 25273K->40109K(174784K)
[2022-06-13T01:51:21.451+0000][1][gc,metaspace ] GC(14) Metaspace: 27164K->27164K(1075200K)
[2022-06-13T01:51:21.452+0000][1][gc           ] GC(14) Pause Young (Allocation Failure) 101M->47M(247M) 51.964ms
[2022-06-13T01:51:21.452+0000][1][gc,cpu       ] GC(14) User=0.22s Sys=0.00s Real=0.05s
[2022-06-13T01:51:21.452+0000][1][safepoint    ] Leaving safepoint region
[2022-06-13T01:51:21.452+0000][1][safepoint    ] Total time for which application threads were stopped: 0.0702120 seconds, Stopping threads took: 0.0174172 seconds
[2022-06-13T01:51:22.200+0000][1][safepoint    ] Application time: 0.7475867 seconds
[2022-06-13T01:51:22.200+0000][1][safepoint    ] Entering safepoint region: RevokeBias
[2022-06-13T01:51:22.201+0000][1][safepoint    ] Leaving safepoint region
[2022-06-13T01:51:22.201+0000][1][safepoint    ] Total time for which application threads were stopped: 0.0008336 seconds, Stopping threads took: 0.0003125 seconds
[2022-06-13T01:51:22.218+0000][1][safepoint    ] Application time: 0.0161519 seconds
[2022-06-13T01:51:22.218+0000][1][safepoint    ] Entering safepoint region: RevokeBias
[2022-06-13T01:51:22.219+0000][1][safepoint    ] Leaving safepoint region
[2022-06-13T01:51:22.219+0000][1][safepoint    ] Total time for which application threads were stopped: 0.0008675 seconds, Stopping threads took: 0.0005204 seconds
[2022-06-13T01:51:22.476+0000][1][safepoint    ] Application time: 0.2561060 seconds
[2022-06-13T01:51:22.476+0000][1][safepoint    ] Entering safepoint region: GenCollectForAllocation
[2022-06-13T01:51:22.477+0000][1][gc,start     ] GC(15) Pause Young (Allocation Failure)
[2022-06-13T01:51:22.477+0000][1][gc,task      ] GC(15) Using 5 workers of 13 for evacuation
[2022-06-13T01:51:22.534+0000][1][gc,age       ] GC(15) Desired survivor size 4456448 bytes, new threshold 1 (max threshold 6)
[2022-06-13T01:51:22.534+0000][1][gc,age       ] GC(15) Age table with threshold 1 (max threshold 6)
[2022-06-13T01:51:22.534+0000][1][gc,age       ] GC(15) - age   1:    7057712 bytes,    7057712 total
[2022-06-13T01:51:22.534+0000][1][gc,heap      ] GC(15) ParNew: 78656K->8704K(78656K)
[2022-06-13T01:51:22.535+0000][1][gc,heap      ] GC(15) CMS: 40109K->49106K(174784K)
[2022-06-13T01:51:22.535+0000][1][gc,metaspace ] GC(15) Metaspace: 31509K->31509K(1079296K)
[2022-06-13T01:51:22.535+0000][1][gc           ] GC(15) Pause Young (Allocation Failure) 115M->56M(247M) 58.666ms
[2022-06-13T01:51:22.535+0000][1][gc,cpu       ] GC(15) User=0.23s Sys=0.01s Real=0.06s
[2022-06-13T01:51:22.536+0000][1][safepoint    ] Leaving safepoint region
[2022-06-13T01:51:22.536+0000][1][safepoint    ] Total time for which application threads were stopped: 0.0600326 seconds, Stopping threads took: 0.0003321 seconds
[2022-06-13T01:51:22.838+0000][1][safepoint    ] Application time: 0.3013101 seconds
[2022-06-13T01:51:22.838+0000][1][safepoint    ] Entering safepoint region: GenCollectForAllocation
[2022-06-13T01:51:22.839+0000][1][gc,start     ] GC(16) Pause Young (Allocation Failure)
[2022-06-13T01:51:22.840+0000][1][gc,task      ] GC(16) Using 5 workers of 13 for evacuation
[2022-06-13T01:51:22.869+0000][1][gc,age       ] GC(16) Desired survivor size 4456448 bytes, new threshold 6 (max threshold 6)
[2022-06-13T01:51:22.876+0000][1][gc,age       ] GC(16) Age table with threshold 6 (max threshold 6)
[2022-06-13T01:51:22.877+0000][1][gc,age       ] GC(16) - age   1:     454584 bytes,     454584 total
[2022-06-13T01:51:22.878+0000][1][gc,heap      ] GC(16) ParNew: 78656K->7128K(78656K)
[2022-06-13T01:51:22.878+0000][1][gc,heap      ] GC(16) CMS: 49106K->56067K(174784K)
[2022-06-13T01:51:22.878+0000][1][gc,metaspace ] GC(16) Metaspace: 32968K->32968K(1079296K)
[2022-06-13T01:51:22.879+0000][1][gc           ] GC(16) Pause Young (Allocation Failure) 124M->61M(247M) 39.460ms
[2022-06-13T01:51:22.879+0000][1][gc,cpu       ] GC(16) User=0.07s Sys=0.00s Real=0.04s
[2022-06-13T01:51:22.883+0000][1][safepoint    ] Leaving safepoint region
[2022-06-13T01:51:22.887+0000][1][safepoint    ] Total time for which application threads were stopped: 0.0490458 seconds, Stopping threads took: 0.0008182 seconds
[2022-06-13T01:51:23.344+0000][1][safepoint    ] Application time: 0.4530772 seconds
[2022-06-13T01:51:23.344+0000][1][safepoint    ] Entering safepoint region: CollectForMetadataAllocation
[2022-06-13T01:51:23.345+0000][1][safepoint    ] Leaving safepoint region
[2022-06-13T01:51:23.345+0000][1][safepoint    ] Total time for which application threads were stopped: 0.0006098 seconds, Stopping threads took: 0.0001641 seconds
[2022-06-13T01:51:23.367+0000][1][safepoint    ] Application time: 0.0215426 seconds
[2022-06-13T01:51:23.367+0000][1][safepoint    ] Entering safepoint region: CollectForMetadataAllocation
[2022-06-13T01:51:23.367+0000][1][safepoint    ] Leaving safepoint region
[2022-06-13T01:51:23.367+0000][1][safepoint    ] Total time for which application threads were stopped: 0.0006142 seconds, Stopping threads took: 0.0002272 seconds
[2022-06-13T01:51:23.404+0000][1][safepoint    ] Application time: 0.0364130 seconds
[2022-06-13T01:51:23.405+0000][1][safepoint    ] Entering safepoint region: CollectForMetadataAllocation
[2022-06-13T01:51:23.405+0000][1][safepoint    ] Leaving safepoint region
[2022-06-13T01:51:23.405+0000][1][safepoint    ] Total time for which application threads were stopped: 0.0005998 seconds, Stopping threads took: 0.0001837 seconds
[2022-06-13T01:51:23.435+0000][1][safepoint    ] Application time: 0.0297708 seconds
[2022-06-13T01:51:23.436+0000][1][safepoint    ] Entering safepoint region: CollectForMetadataAllocation
[2022-06-13T01:51:23.436+0000][1][safepoint    ] Leaving safepoint region
[2022-06-13T01:51:23.436+0000][1][safepoint    ] Total time for which application threads were stopped: 0.0006721 seconds, Stopping threads took: 0.0003354 seconds
[2022-06-13T01:51:23.463+0000][1][safepoint    ] Application time: 0.0267950 seconds
[2022-06-13T01:51:23.464+0000][1][safepoint    ] Entering safepoint region: CollectForMetadataAllocation
[2022-06-13T01:51:23.464+0000][1][safepoint    ] Leaving safepoint region
[2022-06-13T01:51:23.464+0000][1][safepoint    ] Total time for which application threads were stopped: 0.0007604 seconds, Stopping threads took: 0.0003090 seconds
[2022-06-13T01:51:23.489+0000][1][safepoint    ] Application time: 0.0242157 seconds
[2022-06-13T01:51:23.489+0000][1][safepoint    ] Entering safepoint region: CollectForMetadataAllocation
[2022-06-13T01:51:23.490+0000][1][safepoint    ] Leaving safepoint region
[2022-06-13T01:51:23.490+0000][1][safepoint    ] Total time for which application threads were stopped: 0.0006428 seconds, Stopping threads took: 0.0002525 seconds
[2022-06-13T01:51:23.522+0000][1][safepoint    ] Application time: 0.0312205 seconds
[2022-06-13T01:51:23.522+0000][1][safepoint    ] Entering safepoint region: CollectForMetadataAllocation
[2022-06-13T01:51:23.523+0000][1][safepoint    ] Leaving safepoint region
[2022-06-13T01:51:23.523+0000][1][safepoint    ] Total time for which application threads were stopped: 0.0011030 seconds, Stopping threads took: 0.0002163 seconds
[2022-06-13T01:51:23.560+0000][1][safepoint    ] Application time: 0.0367728 seconds
[2022-06-13T01:51:23.560+0000][1][safepoint    ] Entering safepoint region: CollectForMetadataAllocation
[2022-06-13T01:51:23.561+0000][1][safepoint    ] Leaving safepoint region
[2022-06-13T01:51:23.561+0000][1][safepoint    ] Total time for which application threads were stopped: 0.0007275 seconds, Stopping threads took: 0.0003712 seconds
[2022-06-13T01:51:23.571+0000][1][safepoint    ] Application time: 0.0097127 seconds
[2022-06-13T01:51:23.572+0000][1][safepoint    ] Entering safepoint region: RevokeBias
[2022-06-13T01:51:23.572+0000][1][safepoint    ] Leaving safepoint region
[2022-06-13T01:51:23.572+0000][1][safepoint    ] Total time for which application threads were stopped: 0.0005903 seconds, Stopping threads took: 0.0002713 seconds
[2022-06-13T01:51:23.601+0000][1][safepoint    ] Application time: 0.0282531 seconds
[2022-06-13T01:51:23.601+0000][1][safepoint    ] Entering safepoint region: RevokeBias
[2022-06-13T01:51:23.602+0000][1][safepoint    ] Leaving safepoint region
[2022-06-13T01:51:23.603+0000][1][safepoint    ] Total time for which application threads were stopped: 0.0017766 seconds, Stopping threads took: 0.0006147 seconds
[2022-06-13T01:51:23.614+0000][1][safepoint    ] Application time: 0.0113272 seconds
[2022-06-13T01:51:23.615+0000][1][safepoint    ] Entering safepoint region: CollectForMetadataAllocation
[2022-06-13T01:51:23.615+0000][1][safepoint    ] Leaving safepoint region
[2022-06-13T01:51:23.615+0000][1][safepoint    ] Total time for which application threads were stopped: 0.0008235 seconds, Stopping threads took: 0.0002794 seconds
[2022-06-13T01:51:23.638+0000][1][safepoint    ] Application time: 0.0219835 seconds
[2022-06-13T01:51:23.638+0000][1][safepoint    ] Entering safepoint region: CollectForMetadataAllocation
[2022-06-13T01:51:23.638+0000][1][safepoint    ] Leaving safepoint region
[2022-06-13T01:51:23.639+0000][1][safepoint    ] Total time for which application threads were stopped: 0.0007119 seconds, Stopping threads took: 0.0002640 seconds
[2022-06-13T01:51:23.668+0000][1][safepoint    ] Application time: 0.0294801 seconds
[2022-06-13T01:51:23.669+0000][1][safepoint    ] Entering safepoint region: CollectForMetadataAllocation
[2022-06-13T01:51:23.670+0000][1][safepoint    ] Leaving safepoint region
[2022-06-13T01:51:23.670+0000][1][safepoint    ] Total time for which application threads were stopped: 0.0014531 seconds, Stopping threads took: 0.0007199 seconds
[2022-06-13T01:51:23.695+0000][1][safepoint    ] Application time: 0.0241683 seconds
[2022-06-13T01:51:23.695+0000][1][safepoint    ] Entering safepoint region: CollectForMetadataAllocation
[2022-06-13T01:51:23.695+0000][1][safepoint    ] Leaving safepoint region
[2022-06-13T01:51:23.696+0000][1][safepoint    ] Total time for which application threads were stopped: 0.0006755 seconds, Stopping threads took: 0.0002161 seconds
[2022-06-13T01:51:23.714+0000][1][safepoint    ] Application time: 0.0182176 seconds
[2022-06-13T01:51:23.714+0000][1][safepoint    ] Entering safepoint region: CollectForMetadataAllocation
[2022-06-13T01:51:23.715+0000][1][safepoint    ] Leaving safepoint region
[2022-06-13T01:51:23.715+0000][1][safepoint    ] Total time for which application threads were stopped: 0.0010196 seconds, Stopping threads took: 0.0003720 seconds
[2022-06-13T01:51:23.738+0000][1][safepoint    ] Application time: 0.0225825 seconds
[2022-06-13T01:51:23.739+0000][1][safepoint    ] Entering safepoint region: CollectForMetadataAllocation
[2022-06-13T01:51:23.739+0000][1][safepoint    ] Leaving safepoint region
[2022-06-13T01:51:23.739+0000][1][safepoint    ] Total time for which application threads were stopped: 0.0006548 seconds, Stopping threads took: 0.0001945 seconds
[2022-06-13T01:51:23.770+0000][1][safepoint    ] Application time: 0.0303628 seconds
[2022-06-13T01:51:23.770+0000][1][safepoint    ] Entering safepoint region: CollectForMetadataAllocation
[2022-06-13T01:51:23.771+0000][1][safepoint    ] Leaving safepoint region
[2022-06-13T01:51:23.771+0000][1][safepoint    ] Total time for which application threads were stopped: 0.0007639 seconds, Stopping threads took: 0.0003025 seconds
[2022-06-13T01:51:23.792+0000][1][safepoint    ] Application time: 0.0203669 seconds
[2022-06-13T01:51:23.792+0000][1][safepoint    ] Entering safepoint region: CollectForMetadataAllocation
[2022-06-13T01:51:23.793+0000][1][safepoint    ] Leaving safepoint region
[2022-06-13T01:51:23.794+0000][1][safepoint    ] Total time for which application threads were stopped: 0.0016005 seconds, Stopping threads took: 0.0002843 seconds
[2022-06-13T01:51:23.826+0000][1][safepoint    ] Application time: 0.0321528 seconds
[2022-06-13T01:51:23.826+0000][1][safepoint    ] Entering safepoint region: CollectForMetadataAllocation
[2022-06-13T01:51:23.827+0000][1][safepoint    ] Leaving safepoint region
[2022-06-13T01:51:23.827+0000][1][safepoint    ] Total time for which application threads were stopped: 0.0008663 seconds, Stopping threads took: 0.0003438 seconds
[2022-06-13T01:51:23.846+0000][1][safepoint    ] Application time: 0.0187215 seconds
[2022-06-13T01:51:23.847+0000][1][safepoint    ] Entering safepoint region: CollectForMetadataAllocation
[2022-06-13T01:51:23.847+0000][1][safepoint    ] Leaving safepoint region
[2022-06-13T01:51:23.848+0000][1][safepoint    ] Total time for which application threads were stopped: 0.0007669 seconds, Stopping threads took: 0.0003590 seconds
[2022-06-13T01:51:23.881+0000][1][safepoint    ] Application time: 0.0330192 seconds
[2022-06-13T01:51:23.881+0000][1][safepoint    ] Entering safepoint region: CollectForMetadataAllocation
[2022-06-13T01:51:23.882+0000][1][safepoint    ] Leaving safepoint region
[2022-06-13T01:51:23.882+0000][1][safepoint    ] Total time for which application threads were stopped: 0.0006632 seconds, Stopping threads took: 0.0003125 seconds
[2022-06-13T01:51:23.902+0000][1][safepoint    ] Application time: 0.0201181 seconds
[2022-06-13T01:51:23.903+0000][1][safepoint    ] Entering safepoint region: CollectForMetadataAllocation
[2022-06-13T01:51:23.903+0000][1][safepoint    ] Leaving safepoint region
[2022-06-13T01:51:23.903+0000][1][safepoint    ] Total time for which application threads were stopped: 0.0005385 seconds, Stopping threads took: 0.0002131 seconds
[2022-06-13T01:51:23.941+0000][1][safepoint    ] Application time: 0.0378996 seconds
[2022-06-13T01:51:23.941+0000][1][safepoint    ] Entering safepoint region: CollectForMetadataAllocation
[2022-06-13T01:51:23.943+0000][1][safepoint    ] Leaving safepoint region
[2022-06-13T01:51:23.943+0000][1][safepoint    ] Total time for which application threads were stopped: 0.0014070 seconds, Stopping threads took: 0.0003491 seconds
[2022-06-13T01:51:23.984+0000][1][safepoint    ] Application time: 0.0402266 seconds
[2022-06-13T01:51:23.984+0000][1][safepoint    ] Entering safepoint region: CollectForMetadataAllocation
[2022-06-13T01:51:23.984+0000][1][safepoint    ] Leaving safepoint region
[2022-06-13T01:51:23.985+0000][1][safepoint    ] Total time for which application threads were stopped: 0.0008450 seconds, Stopping threads took: 0.0004051 seconds
[2022-06-13T01:51:24.029+0000][1][safepoint    ] Application time: 0.0436222 seconds
[2022-06-13T01:51:24.029+0000][1][safepoint    ] Entering safepoint region: CollectForMetadataAllocation
[2022-06-13T01:51:24.030+0000][1][safepoint    ] Leaving safepoint region
[2022-06-13T01:51:24.030+0000][1][safepoint    ] Total time for which application threads were stopped: 0.0014706 seconds, Stopping threads took: 0.0001894 seconds
[2022-06-13T01:51:24.056+0000][1][safepoint    ] Application time: 0.0258451 seconds
[2022-06-13T01:51:24.057+0000][1][safepoint    ] Entering safepoint region: CollectForMetadataAllocation
[2022-06-13T01:51:24.057+0000][1][safepoint    ] Leaving safepoint region
[2022-06-13T01:51:24.057+0000][1][safepoint    ] Total time for which application threads were stopped: 0.0006665 seconds, Stopping threads took: 0.0002551 seconds
[2022-06-13T01:51:24.096+0000][1][safepoint    ] Application time: 0.0387780 seconds
[2022-06-13T01:51:24.099+0000][1][safepoint    ] Entering safepoint region: RevokeBias
[2022-06-13T01:51:24.100+0000][1][safepoint    ] Leaving safepoint region
[2022-06-13T01:51:24.100+0000][1][safepoint    ] Total time for which application threads were stopped: 0.0031733 seconds, Stopping threads took: 0.0028445 seconds
[2022-06-13T01:51:24.101+0000][1][safepoint    ] Application time: 0.0002995 seconds
[2022-06-13T01:51:24.101+0000][1][safepoint    ] Entering safepoint region: RevokeBias
[2022-06-13T01:51:24.101+0000][1][safepoint    ] Leaving safepoint region
[2022-06-13T01:51:24.101+0000][1][safepoint    ] Total time for which application threads were stopped: 0.0006409 seconds, Stopping threads took: 0.0003702 seconds
[2022-06-13T01:51:24.104+0000][1][safepoint    ] Application time: 0.0020133 seconds
[2022-06-13T01:51:24.104+0000][1][safepoint    ] Entering safepoint region: CollectForMetadataAllocation
[2022-06-13T01:51:24.105+0000][1][safepoint    ] Leaving safepoint region
[2022-06-13T01:51:24.105+0000][1][safepoint    ] Total time for which application threads were stopped: 0.0011027 seconds, Stopping threads took: 0.0003353 seconds
[2022-06-13T01:51:24.138+0000][1][safepoint    ] Application time: 0.0327788 seconds
[2022-06-13T01:51:24.139+0000][1][safepoint    ] Entering safepoint region: CollectForMetadataAllocation
[2022-06-13T01:51:24.139+0000][1][safepoint    ] Leaving safepoint region
[2022-06-13T01:51:24.140+0000][1][safepoint    ] Total time for which application threads were stopped: 0.0009018 seconds, Stopping threads took: 0.0002700 seconds
[2022-06-13T01:51:24.801+0000][1][safepoint    ] Application time: 0.6606193 seconds
[2022-06-13T01:51:24.801+0000][1][safepoint    ] Entering safepoint region: GenCollectForAllocation
[2022-06-13T01:51:24.802+0000][1][gc,start     ] GC(17) Pause Young (Allocation Failure)
[2022-06-13T01:51:24.802+0000][1][gc,task      ] GC(17) Using 5 workers of 13 for evacuation
[2022-06-13T01:51:24.807+0000][1][gc,age       ] GC(17) Desired survivor size 4456448 bytes, new threshold 6 (max threshold 6)
[2022-06-13T01:51:24.808+0000][1][gc,age       ] GC(17) Age table with threshold 6 (max threshold 6)
[2022-06-13T01:51:24.809+0000][1][gc,age       ] GC(17) - age   1:    3761424 bytes,    3761424 total
[2022-06-13T01:51:24.810+0000][1][gc,age       ] GC(17) - age   2:     412160 bytes,    4173584 total
[2022-06-13T01:51:24.810+0000][1][gc,heap      ] GC(17) ParNew: 77080K->4850K(78656K)
[2022-06-13T01:51:24.811+0000][1][gc,heap      ] GC(17) CMS: 56067K->56067K(174784K)
[2022-06-13T01:51:24.812+0000][1][gc,metaspace ] GC(17) Metaspace: 42262K->42262K(1087488K)
[2022-06-13T01:51:24.813+0000][1][gc           ] GC(17) Pause Young (Allocation Failure) 130M->59M(247M) 10.971ms
[2022-06-13T01:51:24.813+0000][1][gc,cpu       ] GC(17) User=0.02s Sys=0.00s Real=0.01s
[2022-06-13T01:51:24.814+0000][1][safepoint    ] Leaving safepoint region
[2022-06-13T01:51:24.815+0000][1][safepoint    ] Total time for which application threads were stopped: 0.0135665 seconds, Stopping threads took: 0.0005439 seconds
[2022-06-13T01:51:24.816+0000][1][safepoint    ] Application time: 0.0004759 seconds
[2022-06-13T01:51:24.816+0000][1][safepoint    ] Entering safepoint region: CollectForMetadataAllocation
[2022-06-13T01:51:24.817+0000][1][safepoint    ] Leaving safepoint region
[2022-06-13T01:51:24.817+0000][1][safepoint    ] Total time for which application threads were stopped: 0.0011652 seconds, Stopping threads took: 0.0006194 seconds
[2022-06-13T01:51:24.818+0000][1][safepoint    ] Application time: 0.0003125 seconds
[2022-06-13T01:51:24.819+0000][1][safepoint    ] Entering safepoint region: CMS_Initial_Mark
[2022-06-13T01:51:24.819+0000][1][gc,start     ] GC(18) Pause Initial Mark
[2022-06-13T01:51:24.821+0000][1][gc           ] GC(18) Pause Initial Mark 60M->60M(247M) 2.029ms
[2022-06-13T01:51:24.821+0000][1][gc,cpu       ] GC(18) User=0.01s Sys=0.00s Real=0.01s
[2022-06-13T01:51:24.821+0000][1][safepoint    ] Leaving safepoint region
[2022-06-13T01:51:24.822+0000][1][safepoint    ] Total time for which application threads were stopped: 0.0032614 seconds, Stopping threads took: 0.0003663 seconds
[2022-06-13T01:51:24.822+0000][1][gc           ] GC(18) Concurrent Mark
[2022-06-13T01:51:24.823+0000][1][gc,task      ] GC(18) Using 4 workers of 4 for marking
[2022-06-13T01:51:24.858+0000][1][gc           ] GC(18) Concurrent Mark 35.294ms
[2022-06-13T01:51:24.858+0000][1][gc,cpu       ] GC(18) User=0.18s Sys=0.00s Real=0.03s
[2022-06-13T01:51:24.858+0000][1][gc           ] GC(18) Concurrent Preclean
[2022-06-13T01:51:24.862+0000][1][gc           ] GC(18) Concurrent Preclean 3.337ms
[2022-06-13T01:51:24.863+0000][1][gc,cpu       ] GC(18) User=0.02s Sys=0.00s Real=0.01s
[2022-06-13T01:51:24.863+0000][1][gc           ] GC(18) Concurrent Abortable Preclean
[2022-06-13T01:51:24.871+0000][1][safepoint    ] Application time: 0.0492265 seconds
[2022-06-13T01:51:24.872+0000][1][safepoint    ] Entering safepoint region: CollectForMetadataAllocation
[2022-06-13T01:51:24.872+0000][1][safepoint    ] Leaving safepoint region
[2022-06-13T01:51:24.873+0000][1][safepoint    ] Total time for which application threads were stopped: 0.0008467 seconds, Stopping threads took: 0.0002675 seconds
[2022-06-13T01:51:25.088+0000][1][safepoint    ] Application time: 0.2152553 seconds
[2022-06-13T01:51:25.089+0000][1][safepoint    ] Entering safepoint region: CollectForMetadataAllocation
[2022-06-13T01:51:25.089+0000][1][safepoint    ] Leaving safepoint region
[2022-06-13T01:51:25.096+0000][1][safepoint    ] Total time for which application threads were stopped: 0.0074280 seconds, Stopping threads took: 0.0002946 seconds
[2022-06-13T01:51:25.319+0000][1][safepoint    ] Application time: 0.2227602 seconds
[2022-06-13T01:51:25.321+0000][1][safepoint    ] Entering safepoint region: CollectForMetadataAllocation
[2022-06-13T01:51:25.322+0000][1][safepoint    ] Leaving safepoint region
[2022-06-13T01:51:25.322+0000][1][safepoint    ] Total time for which application threads were stopped: 0.0013717 seconds, Stopping threads took: 0.0003450 seconds
[2022-06-13T01:51:25.346+0000][1][safepoint    ] Application time: 0.0237672 seconds
[2022-06-13T01:51:25.349+0000][1][safepoint    ] Entering safepoint region: CollectForMetadataAllocation
[2022-06-13T01:51:25.352+0000][1][safepoint    ] Leaving safepoint region
[2022-06-13T01:51:25.353+0000][1][safepoint    ] Total time for which application threads were stopped: 0.0039115 seconds, Stopping threads took: 0.0030427 seconds
[2022-06-13T01:51:25.413+0000][1][safepoint    ] Application time: 0.0604385 seconds
[2022-06-13T01:51:25.414+0000][1][safepoint    ] Entering safepoint region: CollectForMetadataAllocation
[2022-06-13T01:51:25.415+0000][1][safepoint    ] Leaving safepoint region
[2022-06-13T01:51:25.415+0000][1][safepoint    ] Total time for which application threads were stopped: 0.0008793 seconds, Stopping threads took: 0.0003024 seconds
[2022-06-13T01:51:25.486+0000][1][gc           ] GC(18) Concurrent Abortable Preclean 623.572ms
[2022-06-13T01:51:25.487+0000][1][gc,cpu       ] GC(18) User=2.20s Sys=0.08s Real=0.62s
[2022-06-13T01:51:25.488+0000][1][safepoint    ] Application time: 0.0728634 seconds
[2022-06-13T01:51:25.489+0000][1][safepoint    ] Entering safepoint region: CMS_Final_Remark
[2022-06-13T01:51:25.490+0000][1][gc,start     ] GC(18) Pause Remark
[2022-06-13T01:51:25.538+0000][1][gc           ] GC(18) Pause Remark 96M->96M(247M) 48.249ms
[2022-06-13T01:51:25.538+0000][1][gc,cpu       ] GC(18) User=0.06s Sys=0.01s Real=0.04s
[2022-06-13T01:51:25.539+0000][1][safepoint    ] Leaving safepoint region
[2022-06-13T01:51:25.539+0000][1][safepoint    ] Total time for which application threads were stopped: 0.0504998 seconds, Stopping threads took: 0.0011637 seconds
[2022-06-13T01:51:25.542+0000][1][gc           ] GC(18) Concurrent Sweep
[2022-06-13T01:51:25.558+0000][1][safepoint    ] Application time: 0.0184847 seconds
[2022-06-13T01:51:25.558+0000][1][safepoint    ] Entering safepoint region: CollectForMetadataAllocation
[2022-06-13T01:51:25.563+0000][1][safepoint    ] Leaving safepoint region
[2022-06-13T01:51:25.563+0000][1][safepoint    ] Total time for which application threads were stopped: 0.0048123 seconds, Stopping threads took: 0.0003622 seconds
[2022-06-13T01:51:25.566+0000][1][safepoint    ] Application time: 0.0026913 seconds
[2022-06-13T01:51:25.568+0000][1][safepoint    ] Entering safepoint region: CollectForMetadataAllocation
[2022-06-13T01:51:25.568+0000][1][safepoint    ] Leaving safepoint region
[2022-06-13T01:51:25.568+0000][1][safepoint    ] Total time for which application threads were stopped: 0.0006353 seconds, Stopping threads took: 0.0002282 seconds
[2022-06-13T01:51:25.610+0000][1][gc           ] GC(18) Concurrent Sweep 68.336ms
[2022-06-13T01:51:25.612+0000][1][gc,cpu       ] GC(18) User=0.22s Sys=0.01s Real=0.07s
[2022-06-13T01:51:25.612+0000][1][gc           ] GC(18) Concurrent Reset
[2022-06-13T01:51:25.613+0000][1][gc           ] GC(18) Concurrent Reset 0.740ms
[2022-06-13T01:51:25.613+0000][1][gc,cpu       ] GC(18) User=0.00s Sys=0.00s Real=0.00s
[2022-06-13T01:51:25.614+0000][1][gc,heap      ] GC(18) Old: 56067K->55840K(174784K)
[2022-06-13T01:51:25.619+0000][1][safepoint    ] Application time: 0.0505996 seconds
[2022-06-13T01:51:25.620+0000][1][safepoint    ] Entering safepoint region: Deoptimize
[2022-06-13T01:51:25.621+0000][1][safepoint    ] Leaving safepoint region
[2022-06-13T01:51:25.621+0000][1][safepoint    ] Total time for which application threads were stopped: 0.0014503 seconds, Stopping threads took: 0.0002941 seconds
[2022-06-13T01:51:25.639+0000][1][safepoint    ] Application time: 0.0176381 seconds
[2022-06-13T01:51:25.640+0000][1][safepoint    ] Entering safepoint region: RevokeBias
[2022-06-13T01:51:25.640+0000][1][safepoint    ] Leaving safepoint region
[2022-06-13T01:51:25.641+0000][1][safepoint    ] Total time for which application threads were stopped: 0.0009011 seconds, Stopping threads took: 0.0004342 seconds
[2022-06-13T01:51:25.644+0000][1][safepoint    ] Application time: 0.0035414 seconds
[2022-06-13T01:51:25.645+0000][1][safepoint    ] Entering safepoint region: RevokeBias
[2022-06-13T01:51:25.645+0000][1][safepoint    ] Leaving safepoint region
[2022-06-13T01:51:25.646+0000][1][safepoint    ] Total time for which application threads were stopped: 0.0007396 seconds, Stopping threads took: 0.0003262 seconds
[2022-06-13T01:51:25.729+0000][1][safepoint    ] Application time: 0.0833554 seconds
[2022-06-13T01:51:25.730+0000][1][safepoint    ] Entering safepoint region: RevokeBias
[2022-06-13T01:51:25.732+0000][1][safepoint    ] Leaving safepoint region
[2022-06-13T01:51:25.734+0000][1][safepoint    ] Total time for which application threads were stopped: 0.0039973 seconds, Stopping threads took: 0.0021805 seconds
[2022-06-13T01:51:25.782+0000][1][safepoint    ] Application time: 0.0473048 seconds
[2022-06-13T01:51:25.784+0000][1][safepoint    ] Entering safepoint region: RevokeBias
[2022-06-13T01:51:25.784+0000][1][safepoint    ] Leaving safepoint region
[2022-06-13T01:51:25.785+0000][1][safepoint    ] Total time for which application threads were stopped: 0.0011019 seconds, Stopping threads took: 0.0005066 seconds
[2022-06-13T01:51:25.799+0000][1][safepoint    ] Application time: 0.0128427 seconds
[2022-06-13T01:51:25.799+0000][1][safepoint    ] Entering safepoint region: RevokeBias
[2022-06-13T01:51:25.799+0000][1][safepoint    ] Leaving safepoint region
[2022-06-13T01:51:25.800+0000][1][safepoint    ] Total time for which application threads were stopped: 0.0007852 seconds, Stopping threads took: 0.0003603 seconds
[2022-06-13T01:51:26.205+0000][1][safepoint    ] Application time: 0.4054160 seconds
[2022-06-13T01:51:26.206+0000][1][safepoint    ] Entering safepoint region: GenCollectForAllocation
[2022-06-13T01:51:26.208+0000][1][gc,start     ] GC(19) Pause Young (Allocation Failure)
[2022-06-13T01:51:26.208+0000][1][gc,task      ] GC(19) Using 5 workers of 13 for evacuation
[2022-06-13T01:51:26.242+0000][1][gc,age       ] GC(19) Desired survivor size 4456448 bytes, new threshold 2 (max threshold 6)
[2022-06-13T01:51:26.246+0000][1][gc,age       ] GC(19) Age table with threshold 2 (max threshold 6)
[2022-06-13T01:51:26.250+0000][1][gc,age       ] GC(19) - age   1:    3022744 bytes,    3022744 total
[2022-06-13T01:51:26.254+0000][1][gc,age       ] GC(19) - age   2:    3659984 bytes,    6682728 total
[2022-06-13T01:51:26.255+0000][1][gc,age       ] GC(19) - age   3:     410256 bytes,    7092984 total
[2022-06-13T01:51:26.256+0000][1][gc,heap      ] GC(19) ParNew: 74802K->8704K(78656K)
[2022-06-13T01:51:26.256+0000][1][gc,heap      ] GC(19) CMS: 55840K->55840K(174784K)
[2022-06-13T01:51:26.257+0000][1][gc,metaspace ] GC(19) Metaspace: 46923K->46923K(1091584K)
[2022-06-13T01:51:26.258+0000][1][gc           ] GC(19) Pause Young (Allocation Failure) 127M->63M(247M) 49.665ms
[2022-06-13T01:51:26.259+0000][1][gc,cpu       ] GC(19) User=0.14s Sys=0.02s Real=0.05s
[2022-06-13T01:51:26.260+0000][1][safepoint    ] Leaving safepoint region
[2022-06-13T01:51:26.261+0000][1][safepoint    ] Total time for which application threads were stopped: 0.0545206 seconds, Stopping threads took: 0.0003761 seconds
[2022-06-13T01:51:26.269+0000][1][safepoint    ] Application time: 0.0081957 seconds
[2022-06-13T01:51:26.271+0000][1][safepoint    ] Entering safepoint region: RevokeBias
[2022-06-13T01:51:26.272+0000][1][safepoint    ] Leaving safepoint region
[2022-06-13T01:51:26.272+0000][1][safepoint    ] Total time for which application threads were stopped: 0.0026659 seconds, Stopping threads took: 0.0022772 seconds
[2022-06-13T01:51:26.274+0000][1][safepoint    ] Application time: 0.0020256 seconds
[2022-06-13T01:51:26.275+0000][1][safepoint    ] Entering safepoint region: RevokeBias
[2022-06-13T01:51:26.276+0000][1][safepoint    ] Leaving safepoint region
[2022-06-13T01:51:26.276+0000][1][safepoint    ] Total time for which application threads were stopped: 0.0012201 seconds, Stopping threads took: 0.0007141 seconds
[2022-06-13T01:51:26.279+0000][1][safepoint    ] Application time: 0.0030482 seconds
[2022-06-13T01:51:26.299+0000][1][safepoint    ] Entering safepoint region: RevokeBias
[2022-06-13T01:51:26.300+0000][1][safepoint    ] Leaving safepoint region
[2022-06-13T01:51:26.300+0000][1][safepoint    ] Total time for which application threads were stopped: 0.0007286 seconds, Stopping threads took: 0.0003456 seconds
[2022-06-13T01:51:26.300+0000][1][safepoint    ] Application time: 0.0002977 seconds
[2022-06-13T01:51:26.301+0000][1][safepoint    ] Entering safepoint region: RevokeBias
[2022-06-13T01:51:26.302+0000][1][safepoint    ] Leaving safepoint region
[2022-06-13T01:51:26.302+0000][1][safepoint    ] Total time for which application threads were stopped: 0.0013879 seconds, Stopping threads took: 0.0010246 seconds
[2022-06-13T01:51:26.303+0000][1][safepoint    ] Application time: 0.0004326 seconds
[2022-06-13T01:51:26.303+0000][1][safepoint    ] Entering safepoint region: RevokeBias
[2022-06-13T01:51:26.303+0000][1][safepoint    ] Leaving safepoint region
[2022-06-13T01:51:26.304+0000][1][safepoint    ] Total time for which application threads were stopped: 0.0005486 seconds, Stopping threads took: 0.0002487 seconds
[2022-06-13T01:51:26.304+0000][1][safepoint    ] Application time: 0.0005770 seconds
[2022-06-13T01:51:26.305+0000][1][safepoint    ] Entering safepoint region: RevokeBias
[2022-06-13T01:51:26.305+0000][1][safepoint    ] Leaving safepoint region
[2022-06-13T01:51:26.306+0000][1][safepoint    ] Total time for which application threads were stopped: 0.0006167 seconds, Stopping threads took: 0.0002852 seconds
[2022-06-13T01:51:26.306+0000][1][safepoint    ] Application time: 0.0003341 seconds
[2022-06-13T01:51:26.307+0000][1][safepoint    ] Entering safepoint region: RevokeBias
[2022-06-13T01:51:26.307+0000][1][safepoint    ] Leaving safepoint region
[2022-06-13T01:51:26.307+0000][1][safepoint    ] Total time for which application threads were stopped: 0.0010172 seconds, Stopping threads took: 0.0004600 seconds
[2022-06-13T01:51:26.309+0000][1][safepoint    ] Application time: 0.0008468 seconds
[2022-06-13T01:51:26.309+0000][1][safepoint    ] Entering safepoint region: RevokeBias
[2022-06-13T01:51:26.309+0000][1][safepoint    ] Leaving safepoint region
[2022-06-13T01:51:26.310+0000][1][safepoint    ] Total time for which application threads were stopped: 0.0007710 seconds, Stopping threads took: 0.0003610 seconds
[2022-06-13T01:51:26.310+0000][1][safepoint    ] Application time: 0.0001847 seconds
[2022-06-13T01:51:26.310+0000][1][safepoint    ] Entering safepoint region: RevokeBias
[2022-06-13T01:51:26.311+0000][1][safepoint    ] Leaving safepoint region
[2022-06-13T01:51:26.311+0000][1][safepoint    ] Total time for which application threads were stopped: 0.0010586 seconds, Stopping threads took: 0.0006427 seconds
[2022-06-13T01:51:26.312+0000][1][safepoint    ] Application time: 0.0001531 seconds
[2022-06-13T01:51:26.312+0000][1][safepoint    ] Entering safepoint region: RevokeBias
[2022-06-13T01:51:26.313+0000][1][safepoint    ] Leaving safepoint region
[2022-06-13T01:51:26.313+0000][1][safepoint    ] Total time for which application threads were stopped: 0.0009803 seconds, Stopping threads took: 0.0005621 seconds
[2022-06-13T01:51:26.314+0000][1][safepoint    ] Application time: 0.0002092 seconds
[2022-06-13T01:51:26.314+0000][1][safepoint    ] Entering safepoint region: RevokeBias
[2022-06-13T01:51:26.315+0000][1][safepoint    ] Leaving safepoint region
[2022-06-13T01:51:26.315+0000][1][safepoint    ] Total time for which application threads were stopped: 0.0004731 seconds, Stopping threads took: 0.0002249 seconds
[2022-06-13T01:51:26.315+0000][1][safepoint    ] Application time: 0.0001536 seconds
[2022-06-13T01:51:26.319+0000][1][safepoint    ] Entering safepoint region: RevokeBias
[2022-06-13T01:51:26.319+0000][1][safepoint    ] Leaving safepoint region
[2022-06-13T01:51:26.319+0000][1][safepoint    ] Total time for which application threads were stopped: 0.0008124 seconds, Stopping threads took: 0.0004161 seconds
[2022-06-13T01:51:26.320+0000][1][safepoint    ] Application time: 0.0004504 seconds
[2022-06-13T01:51:26.320+0000][1][safepoint    ] Entering safepoint region: RevokeBias
[2022-06-13T01:51:26.321+0000][1][safepoint    ] Leaving safepoint region
[2022-06-13T01:51:26.321+0000][1][safepoint    ] Total time for which application threads were stopped: 0.0006694 seconds, Stopping threads took: 0.0003200 seconds
[2022-06-13T01:51:26.321+0000][1][safepoint    ] Application time: 0.0001317 seconds
[2022-06-13T01:51:26.322+0000][1][safepoint    ] Entering safepoint region: RevokeBias
[2022-06-13T01:51:26.322+0000][1][safepoint    ] Leaving safepoint region
[2022-06-13T01:51:26.322+0000][1][safepoint    ] Total time for which application threads were stopped: 0.0005137 seconds, Stopping threads took: 0.0002153 seconds
[2022-06-13T01:51:26.323+0000][1][safepoint    ] Application time: 0.0001604 seconds
[2022-06-13T01:51:26.323+0000][1][safepoint    ] Entering safepoint region: RevokeBias
[2022-06-13T01:51:26.323+0000][1][safepoint    ] Leaving safepoint region
[2022-06-13T01:51:26.324+0000][1][safepoint    ] Total time for which application threads were stopped: 0.0008860 seconds, Stopping threads took: 0.0002492 seconds
[2022-06-13T01:51:26.324+0000][1][safepoint    ] Application time: 0.0001417 seconds
[2022-06-13T01:51:26.325+0000][1][safepoint    ] Entering safepoint region: RevokeBias
[2022-06-13T01:51:26.325+0000][1][safepoint    ] Leaving safepoint region
[2022-06-13T01:51:26.325+0000][1][safepoint    ] Total time for which application threads were stopped: 0.0006508 seconds, Stopping threads took: 0.0002901 seconds
[2022-06-13T01:51:26.326+0000][1][safepoint    ] Application time: 0.0001349 seconds
[2022-06-13T01:51:26.326+0000][1][safepoint    ] Entering safepoint region: RevokeBias
[2022-06-13T01:51:26.326+0000][1][safepoint    ] Leaving safepoint region
[2022-06-13T01:51:26.327+0000][1][safepoint    ] Total time for which application threads were stopped: 0.0005599 seconds, Stopping threads took: 0.0002539 seconds
[2022-06-13T01:51:26.327+0000][1][safepoint    ] Application time: 0.0001577 seconds
[2022-06-13T01:51:26.327+0000][1][safepoint    ] Entering safepoint region: RevokeBias
[2022-06-13T01:51:26.328+0000][1][safepoint    ] Leaving safepoint region
[2022-06-13T01:51:26.328+0000][1][safepoint    ] Total time for which application threads were stopped: 0.0006817 seconds, Stopping threads took: 0.0002914 seconds
[2022-06-13T01:51:26.329+0000][1][safepoint    ] Application time: 0.0001366 seconds
[2022-06-13T01:51:26.329+0000][1][safepoint    ] Entering safepoint region: RevokeBias
[2022-06-13T01:51:26.330+0000][1][safepoint    ] Leaving safepoint region
[2022-06-13T01:51:26.330+0000][1][safepoint    ] Total time for which application threads were stopped: 0.0010199 seconds, Stopping threads took: 0.0006296 seconds
[2022-06-13T01:51:26.331+0000][1][safepoint    ] Application time: 0.0003403 seconds
[2022-06-13T01:51:26.331+0000][1][safepoint    ] Entering safepoint region: RevokeBias
[2022-06-13T01:51:26.331+0000][1][safepoint    ] Leaving safepoint region
[2022-06-13T01:51:26.331+0000][1][safepoint    ] Total time for which application threads were stopped: 0.0006381 seconds, Stopping threads took: 0.0003185 seconds
[2022-06-13T01:51:26.332+0000][1][safepoint    ] Application time: 0.0001471 seconds
[2022-06-13T01:51:26.332+0000][1][safepoint    ] Entering safepoint region: RevokeBias
[2022-06-13T01:51:26.332+0000][1][safepoint    ] Leaving safepoint region
[2022-06-13T01:51:26.333+0000][1][safepoint    ] Total time for which application threads were stopped: 0.0005807 seconds, Stopping threads took: 0.0002386 seconds
[2022-06-13T01:51:26.333+0000][1][safepoint    ] Application time: 0.0001388 seconds
[2022-06-13T01:51:26.334+0000][1][safepoint    ] Entering safepoint region: RevokeBias
[2022-06-13T01:51:26.334+0000][1][safepoint    ] Leaving safepoint region
[2022-06-13T01:51:26.334+0000][1][safepoint    ] Total time for which application threads were stopped: 0.0008913 seconds, Stopping threads took: 0.0003558 seconds
[2022-06-13T01:51:26.335+0000][1][safepoint    ] Application time: 0.0001521 seconds
[2022-06-13T01:51:26.335+0000][1][safepoint    ] Entering safepoint region: RevokeBias
[2022-06-13T01:51:26.335+0000][1][safepoint    ] Leaving safepoint region
[2022-06-13T01:51:26.336+0000][1][safepoint    ] Total time for which application threads were stopped: 0.0005355 seconds, Stopping threads took: 0.0002475 seconds
[2022-06-13T01:51:26.336+0000][1][safepoint    ] Application time: 0.0001381 seconds
[2022-06-13T01:51:26.337+0000][1][safepoint    ] Entering safepoint region: RevokeBias
[2022-06-13T01:51:26.337+0000][1][safepoint    ] Leaving safepoint region
[2022-06-13T01:51:26.338+0000][1][safepoint    ] Total time for which application threads were stopped: 0.0008303 seconds, Stopping threads took: 0.0003114 seconds
[2022-06-13T01:51:26.338+0000][1][safepoint    ] Application time: 0.0001839 seconds
[2022-06-13T01:51:26.339+0000][1][safepoint    ] Entering safepoint region: RevokeBias
[2022-06-13T01:51:26.339+0000][1][safepoint    ] Leaving safepoint region
[2022-06-13T01:51:26.340+0000][1][safepoint    ] Total time for which application threads were stopped: 0.0016723 seconds, Stopping threads took: 0.0003955 seconds
[2022-06-13T01:51:26.341+0000][1][safepoint    ] Application time: 0.0001761 seconds
[2022-06-13T01:51:26.342+0000][1][safepoint    ] Entering safepoint region: RevokeBias
[2022-06-13T01:51:26.342+0000][1][safepoint    ] Leaving safepoint region
[2022-06-13T01:51:26.342+0000][1][safepoint    ] Total time for which application threads were stopped: 0.0008208 seconds, Stopping threads took: 0.0004181 seconds
[2022-06-13T01:51:26.343+0000][1][safepoint    ] Application time: 0.0001842 seconds
[2022-06-13T01:51:26.343+0000][1][safepoint    ] Entering safepoint region: BulkRevokeBias
[2022-06-13T01:51:26.344+0000][1][safepoint    ] Leaving safepoint region
[2022-06-13T01:51:26.344+0000][1][safepoint    ] Total time for which application threads were stopped: 0.0008987 seconds, Stopping threads took: 0.0003758 seconds
[2022-06-13T01:51:26.345+0000][1][safepoint    ] Application time: 0.0005056 seconds
[2022-06-13T01:51:26.345+0000][1][safepoint    ] Entering safepoint region: RevokeBias
[2022-06-13T01:51:26.346+0000][1][safepoint    ] Leaving safepoint region
[2022-06-13T01:51:26.346+0000][1][safepoint    ] Total time for which application threads were stopped: 0.0008814 seconds, Stopping threads took: 0.0002817 seconds
[2022-06-13T01:51:26.347+0000][1][safepoint    ] Application time: 0.0001797 seconds
[2022-06-13T01:51:26.347+0000][1][safepoint    ] Entering safepoint region: RevokeBias
[2022-06-13T01:51:26.347+0000][1][safepoint    ] Leaving safepoint region
[2022-06-13T01:51:26.348+0000][1][safepoint    ] Total time for which application threads were stopped: 0.0006512 seconds, Stopping threads took: 0.0002740 seconds
[2022-06-13T01:51:26.350+0000][1][safepoint    ] Application time: 0.0014032 seconds
[2022-06-13T01:51:26.351+0000][1][safepoint    ] Entering safepoint region: RevokeBias
[2022-06-13T01:51:26.353+0000][1][safepoint    ] Leaving safepoint region
[2022-06-13T01:51:26.355+0000][1][safepoint    ] Total time for which application threads were stopped: 0.0043654 seconds, Stopping threads took: 0.0016105 seconds
[2022-06-13T01:51:26.358+0000][1][safepoint    ] Application time: 0.0002536 seconds
[2022-06-13T01:51:26.359+0000][1][safepoint    ] Entering safepoint region: RevokeBias
[2022-06-13T01:51:26.359+0000][1][safepoint    ] Leaving safepoint region
[2022-06-13T01:51:26.360+0000][1][safepoint    ] Total time for which application threads were stopped: 0.0008327 seconds, Stopping threads took: 0.0004160 seconds
[2022-06-13T01:51:26.361+0000][1][safepoint    ] Application time: 0.0009388 seconds
[2022-06-13T01:51:26.361+0000][1][safepoint    ] Entering safepoint region: RevokeBias
[2022-06-13T01:51:26.361+0000][1][safepoint    ] Leaving safepoint region
[2022-06-13T01:51:26.362+0000][1][safepoint    ] Total time for which application threads were stopped: 0.0005737 seconds, Stopping threads took: 0.0002306 seconds
[2022-06-13T01:51:26.362+0000][1][safepoint    ] Application time: 0.0001473 seconds
[2022-06-13T01:51:26.362+0000][1][safepoint    ] Entering safepoint region: RevokeBias
[2022-06-13T01:51:26.363+0000][1][safepoint    ] Leaving safepoint region
[2022-06-13T01:51:26.363+0000][1][safepoint    ] Total time for which application threads were stopped: 0.0008272 seconds, Stopping threads took: 0.0004150 seconds
[2022-06-13T01:51:26.364+0000][1][safepoint    ] Application time: 0.0002532 seconds
[2022-06-13T01:51:26.364+0000][1][safepoint    ] Entering safepoint region: RevokeBias
[2022-06-13T01:51:26.364+0000][1][safepoint    ] Leaving safepoint region
[2022-06-13T01:51:26.365+0000][1][safepoint    ] Total time for which application threads were stopped: 0.0007661 seconds, Stopping threads took: 0.0003056 seconds
[2022-06-13T01:51:26.366+0000][1][safepoint    ] Application time: 0.0007160 seconds
[2022-06-13T01:51:26.366+0000][1][safepoint    ] Entering safepoint region: RevokeBias
[2022-06-13T01:51:26.367+0000][1][safepoint    ] Leaving safepoint region
[2022-06-13T01:51:26.367+0000][1][safepoint    ] Total time for which application threads were stopped: 0.0007160 seconds, Stopping threads took: 0.0003359 seconds
[2022-06-13T01:51:26.367+0000][1][safepoint    ] Application time: 0.0002985 seconds
[2022-06-13T01:51:26.368+0000][1][safepoint    ] Entering safepoint region: RevokeBias
[2022-06-13T01:51:26.368+0000][1][safepoint    ] Leaving safepoint region
[2022-06-13T01:51:26.369+0000][1][safepoint    ] Total time for which application threads were stopped: 0.0007011 seconds, Stopping threads took: 0.0003169 seconds
[2022-06-13T01:51:26.369+0000][1][safepoint    ] Application time: 0.0003950 seconds
[2022-06-13T01:51:26.370+0000][1][safepoint    ] Entering safepoint region: RevokeBias
[2022-06-13T01:51:26.371+0000][1][safepoint    ] Leaving safepoint region
[2022-06-13T01:51:26.372+0000][1][safepoint    ] Total time for which application threads were stopped: 0.0022024 seconds, Stopping threads took: 0.0006393 seconds
[2022-06-13T01:51:26.373+0000][1][safepoint    ] Application time: 0.0000727 seconds
[2022-06-13T01:51:26.373+0000][1][safepoint    ] Entering safepoint region: RevokeBias
[2022-06-13T01:51:26.373+0000][1][safepoint    ] Leaving safepoint region
[2022-06-13T01:51:26.374+0000][1][safepoint    ] Total time for which application threads were stopped: 0.0007882 seconds, Stopping threads took: 0.0003429 seconds
[2022-06-13T01:51:26.374+0000][1][safepoint    ] Application time: 0.0002522 seconds
[2022-06-13T01:51:26.375+0000][1][safepoint    ] Entering safepoint region: RevokeBias
[2022-06-13T01:51:26.375+0000][1][safepoint    ] Leaving safepoint region
[2022-06-13T01:51:26.375+0000][1][safepoint    ] Total time for which application threads were stopped: 0.0007371 seconds, Stopping threads took: 0.0002867 seconds
[2022-06-13T01:51:26.376+0000][1][safepoint    ] Application time: 0.0001446 seconds
[2022-06-13T01:51:26.376+0000][1][safepoint    ] Entering safepoint region: RevokeBias
[2022-06-13T01:51:26.377+0000][1][safepoint    ] Leaving safepoint region
[2022-06-13T01:51:26.377+0000][1][safepoint    ] Total time for which application threads were stopped: 0.0006719 seconds, Stopping threads took: 0.0002929 seconds
[2022-06-13T01:51:26.378+0000][1][safepoint    ] Application time: 0.0001617 seconds
[2022-06-13T01:51:26.378+0000][1][safepoint    ] Entering safepoint region: RevokeBias
[2022-06-13T01:51:26.378+0000][1][safepoint    ] Leaving safepoint region
[2022-06-13T01:51:26.379+0000][1][safepoint    ] Total time for which application threads were stopped: 0.0008883 seconds, Stopping threads took: 0.0005625 seconds
[2022-06-13T01:51:26.379+0000][1][safepoint    ] Application time: 0.0001374 seconds
[2022-06-13T01:51:26.380+0000][1][safepoint    ] Entering safepoint region: RevokeBias
[2022-06-13T01:51:26.380+0000][1][safepoint    ] Leaving safepoint region
[2022-06-13T01:51:26.381+0000][1][safepoint    ] Total time for which application threads were stopped: 0.0017275 seconds, Stopping threads took: 0.0004044 seconds
[2022-06-13T01:51:26.383+0000][1][safepoint    ] Application time: 0.0005531 seconds
[2022-06-13T01:51:26.383+0000][1][safepoint    ] Entering safepoint region: RevokeBias
[2022-06-13T01:51:26.384+0000][1][safepoint    ] Leaving safepoint region
[2022-06-13T01:51:26.384+0000][1][safepoint    ] Total time for which application threads were stopped: 0.0006974 seconds, Stopping threads took: 0.0003415 seconds
[2022-06-13T01:51:26.384+0000][1][safepoint    ] Application time: 0.0001395 seconds
[2022-06-13T01:51:26.385+0000][1][safepoint    ] Entering safepoint region: RevokeBias
[2022-06-13T01:51:26.385+0000][1][safepoint    ] Leaving safepoint region
[2022-06-13T01:51:26.385+0000][1][safepoint    ] Total time for which application threads were stopped: 0.0006292 seconds, Stopping threads took: 0.0002622 seconds
[2022-06-13T01:51:26.386+0000][1][safepoint    ] Application time: 0.0001155 seconds
[2022-06-13T01:51:26.386+0000][1][safepoint    ] Entering safepoint region: RevokeBias
[2022-06-13T01:51:26.387+0000][1][safepoint    ] Leaving safepoint region
[2022-06-13T01:51:26.387+0000][1][safepoint    ] Total time for which application threads were stopped: 0.0005851 seconds, Stopping threads took: 0.0002717 seconds
[2022-06-13T01:51:26.387+0000][1][safepoint    ] Application time: 0.0001168 seconds
[2022-06-13T01:51:26.387+0000][1][safepoint    ] Entering safepoint region: RevokeBias
[2022-06-13T01:51:26.388+0000][1][safepoint    ] Leaving safepoint region
[2022-06-13T01:51:26.388+0000][1][safepoint    ] Total time for which application threads were stopped: 0.0005617 seconds, Stopping threads took: 0.0002514 seconds
[2022-06-13T01:51:26.388+0000][1][safepoint    ] Application time: 0.0001447 seconds
[2022-06-13T01:51:26.389+0000][1][safepoint    ] Entering safepoint region: RevokeBias
[2022-06-13T01:51:26.389+0000][1][safepoint    ] Leaving safepoint region
[2022-06-13T01:51:26.389+0000][1][safepoint    ] Total time for which application threads were stopped: 0.0005308 seconds, Stopping threads took: 0.0001963 seconds
[2022-06-13T01:51:26.390+0000][1][safepoint    ] Application time: 0.0001362 seconds
[2022-06-13T01:51:26.390+0000][1][safepoint    ] Entering safepoint region: RevokeBias
[2022-06-13T01:51:26.390+0000][1][safepoint    ] Leaving safepoint region
[2022-06-13T01:51:26.390+0000][1][safepoint    ] Total time for which application threads were stopped: 0.0005169 seconds, Stopping threads took: 0.0002435 seconds
[2022-06-13T01:51:26.391+0000][1][safepoint    ] Application time: 0.0001911 seconds
[2022-06-13T01:51:26.391+0000][1][safepoint    ] Entering safepoint region: RevokeBias
[2022-06-13T01:51:26.391+0000][1][safepoint    ] Leaving safepoint region
[2022-06-13T01:51:26.392+0000][1][safepoint    ] Total time for which application threads were stopped: 0.0006328 seconds, Stopping threads took: 0.0002675 seconds
[2022-06-13T01:51:26.392+0000][1][safepoint    ] Application time: 0.0001616 seconds
[2022-06-13T01:51:26.392+0000][1][safepoint    ] Entering safepoint region: RevokeBias
[2022-06-13T01:51:26.393+0000][1][safepoint    ] Leaving safepoint region
[2022-06-13T01:51:26.393+0000][1][safepoint    ] Total time for which application threads were stopped: 0.0006015 seconds, Stopping threads took: 0.0003075 seconds
[2022-06-13T01:51:26.393+0000][1][safepoint    ] Application time: 0.0001335 seconds
[2022-06-13T01:51:26.394+0000][1][safepoint    ] Entering safepoint region: RevokeBias
[2022-06-13T01:51:26.394+0000][1][safepoint    ] Leaving safepoint region
[2022-06-13T01:51:26.394+0000][1][safepoint    ] Total time for which application threads were stopped: 0.0006635 seconds, Stopping threads took: 0.0002678 seconds
[2022-06-13T01:51:26.395+0000][1][safepoint    ] Application time: 0.0001421 seconds
[2022-06-13T01:51:26.395+0000][1][safepoint    ] Entering safepoint region: RevokeBias
[2022-06-13T01:51:26.396+0000][1][safepoint    ] Leaving safepoint region
[2022-06-13T01:51:26.396+0000][1][safepoint    ] Total time for which application threads were stopped: 0.0008800 seconds, Stopping threads took: 0.0005518 seconds
[2022-06-13T01:51:26.396+0000][1][safepoint    ] Application time: 0.0001383 seconds
[2022-06-13T01:51:26.397+0000][1][safepoint    ] Entering safepoint region: RevokeBias
[2022-06-13T01:51:26.397+0000][1][safepoint    ] Leaving safepoint region
[2022-06-13T01:51:26.398+0000][1][safepoint    ] Total time for which application threads were stopped: 0.0010621 seconds, Stopping threads took: 0.0003363 seconds
[2022-06-13T01:51:26.398+0000][1][safepoint    ] Application time: 0.0001634 seconds
[2022-06-13T01:51:26.399+0000][1][safepoint    ] Entering safepoint region: RevokeBias
[2022-06-13T01:51:26.399+0000][1][safepoint    ] Leaving safepoint region
[2022-06-13T01:51:26.399+0000][1][safepoint    ] Total time for which application threads were stopped: 0.0007771 seconds, Stopping threads took: 0.0003311 seconds
[2022-06-13T01:51:26.400+0000][1][safepoint    ] Application time: 0.0001683 seconds
[2022-06-13T01:51:26.401+0000][1][safepoint    ] Entering safepoint region: RevokeBias
[2022-06-13T01:51:26.401+0000][1][safepoint    ] Leaving safepoint region
[2022-06-13T01:51:26.402+0000][1][safepoint    ] Total time for which application threads were stopped: 0.0010010 seconds, Stopping threads took: 0.0006101 seconds
[2022-06-13T01:51:26.402+0000][1][safepoint    ] Application time: 0.0001831 seconds
[2022-06-13T01:51:26.402+0000][1][safepoint    ] Entering safepoint region: RevokeBias
[2022-06-13T01:51:26.403+0000][1][safepoint    ] Leaving safepoint region
[2022-06-13T01:51:26.403+0000][1][safepoint    ] Total time for which application threads were stopped: 0.0006183 seconds, Stopping threads took: 0.0002720 seconds
[2022-06-13T01:51:26.403+0000][1][safepoint    ] Application time: 0.0001897 seconds
[2022-06-13T01:51:26.404+0000][1][safepoint    ] Entering safepoint region: BulkRevokeBias
[2022-06-13T01:51:26.404+0000][1][safepoint    ] Leaving safepoint region
[2022-06-13T01:51:26.404+0000][1][safepoint    ] Total time for which application threads were stopped: 0.0006478 seconds, Stopping threads took: 0.0002759 seconds
[2022-06-13T01:51:26.405+0000][1][safepoint    ] Application time: 0.0006281 seconds
[2022-06-13T01:51:26.406+0000][1][safepoint    ] Entering safepoint region: RevokeBias
[2022-06-13T01:51:26.406+0000][1][safepoint    ] Leaving safepoint region
[2022-06-13T01:51:26.406+0000][1][safepoint    ] Total time for which application threads were stopped: 0.0007106 seconds, Stopping threads took: 0.0003398 seconds
[2022-06-13T01:51:26.407+0000][1][safepoint    ] Application time: 0.0007320 seconds
[2022-06-13T01:51:26.408+0000][1][safepoint    ] Entering safepoint region: RevokeBias
[2022-06-13T01:51:26.408+0000][1][safepoint    ] Leaving safepoint region
[2022-06-13T01:51:26.408+0000][1][safepoint    ] Total time for which application threads were stopped: 0.0007100 seconds, Stopping threads took: 0.0003569 seconds
[2022-06-13T01:51:26.409+0000][1][safepoint    ] Application time: 0.0008617 seconds
[2022-06-13T01:51:26.410+0000][1][safepoint    ] Entering safepoint region: RevokeBias
[2022-06-13T01:51:26.410+0000][1][safepoint    ] Leaving safepoint region
[2022-06-13T01:51:26.410+0000][1][safepoint    ] Total time for which application threads were stopped: 0.0006507 seconds, Stopping threads took: 0.0002279 seconds
[2022-06-13T01:51:26.411+0000][1][safepoint    ] Application time: 0.0007432 seconds
[2022-06-13T01:51:26.412+0000][1][safepoint    ] Entering safepoint region: RevokeBias
[2022-06-13T01:51:26.412+0000][1][safepoint    ] Leaving safepoint region
[2022-06-13T01:51:26.413+0000][1][safepoint    ] Total time for which application threads were stopped: 0.0007524 seconds, Stopping threads took: 0.0003598 seconds
[2022-06-13T01:51:26.414+0000][1][safepoint    ] Application time: 0.0007010 seconds
[2022-06-13T01:51:26.414+0000][1][safepoint    ] Entering safepoint region: RevokeBias
[2022-06-13T01:51:26.414+0000][1][safepoint    ] Leaving safepoint region
[2022-06-13T01:51:26.415+0000][1][safepoint    ] Total time for which application threads were stopped: 0.0013567 seconds, Stopping threads took: 0.0003744 seconds
[2022-06-13T01:51:26.416+0000][1][safepoint    ] Application time: 0.0001727 seconds
[2022-06-13T01:51:26.416+0000][1][safepoint    ] Entering safepoint region: RevokeBias
[2022-06-13T01:51:26.417+0000][1][safepoint    ] Leaving safepoint region
[2022-06-13T01:51:26.417+0000][1][safepoint    ] Total time for which application threads were stopped: 0.0007878 seconds, Stopping threads took: 0.0003728 seconds
[2022-06-13T01:51:26.418+0000][1][safepoint    ] Application time: 0.0004020 seconds
[2022-06-13T01:51:26.418+0000][1][safepoint    ] Entering safepoint region: RevokeBias
[2022-06-13T01:51:26.418+0000][1][safepoint    ] Leaving safepoint region
[2022-06-13T01:51:26.419+0000][1][safepoint    ] Total time for which application threads were stopped: 0.0007465 seconds, Stopping threads took: 0.0004516 seconds
[2022-06-13T01:51:26.419+0000][1][safepoint    ] Application time: 0.0002133 seconds
[2022-06-13T01:51:26.419+0000][1][safepoint    ] Entering safepoint region: RevokeBias
[2022-06-13T01:51:26.420+0000][1][safepoint    ] Leaving safepoint region
[2022-06-13T01:51:26.420+0000][1][safepoint    ] Total time for which application threads were stopped: 0.0005565 seconds, Stopping threads took: 0.0002746 seconds
[2022-06-13T01:51:26.421+0000][1][safepoint    ] Application time: 0.0007064 seconds
[2022-06-13T01:51:26.421+0000][1][safepoint    ] Entering safepoint region: RevokeBias
[2022-06-13T01:51:26.422+0000][1][safepoint    ] Leaving safepoint region
[2022-06-13T01:51:26.422+0000][1][safepoint    ] Total time for which application threads were stopped: 0.0007894 seconds, Stopping threads took: 0.0003423 seconds
[2022-06-13T01:51:26.423+0000][1][safepoint    ] Application time: 0.0009092 seconds
[2022-06-13T01:51:26.424+0000][1][safepoint    ] Entering safepoint region: RevokeBias
[2022-06-13T01:51:26.424+0000][1][safepoint    ] Leaving safepoint region
[2022-06-13T01:51:26.425+0000][1][safepoint    ] Total time for which application threads were stopped: 0.0011263 seconds, Stopping threads took: 0.0006624 seconds
[2022-06-13T01:51:26.427+0000][1][safepoint    ] Application time: 0.0024344 seconds
[2022-06-13T01:51:26.428+0000][1][safepoint    ] Entering safepoint region: RevokeBias
[2022-06-13T01:51:26.429+0000][1][safepoint    ] Leaving safepoint region
[2022-06-13T01:51:26.429+0000][1][safepoint    ] Total time for which application threads were stopped: 0.0014583 seconds, Stopping threads took: 0.0010035 seconds
[2022-06-13T01:51:26.430+0000][1][safepoint    ] Application time: 0.0003145 seconds
[2022-06-13T01:51:26.430+0000][1][safepoint    ] Entering safepoint region: RevokeBias
[2022-06-13T01:51:26.430+0000][1][safepoint    ] Leaving safepoint region
[2022-06-13T01:51:26.431+0000][1][safepoint    ] Total time for which application threads were stopped: 0.0007343 seconds, Stopping threads took: 0.0003762 seconds
[2022-06-13T01:51:26.432+0000][1][safepoint    ] Application time: 0.0001850 seconds
[2022-06-13T01:51:26.433+0000][1][safepoint    ] Entering safepoint region: RevokeBias
[2022-06-13T01:51:26.434+0000][1][safepoint    ] Leaving safepoint region
[2022-06-13T01:51:26.434+0000][1][safepoint    ] Total time for which application threads were stopped: 0.0020044 seconds, Stopping threads took: 0.0015863 seconds
[2022-06-13T01:51:26.436+0000][1][safepoint    ] Application time: 0.0018891 seconds
[2022-06-13T01:51:26.437+0000][1][safepoint    ] Entering safepoint region: RevokeBias
[2022-06-13T01:51:26.438+0000][1][safepoint    ] Leaving safepoint region
[2022-06-13T01:51:26.438+0000][1][safepoint    ] Total time for which application threads were stopped: 0.0013842 seconds, Stopping threads took: 0.0008957 seconds
[2022-06-13T01:51:26.441+0000][1][safepoint    ] Application time: 0.0024501 seconds
[2022-06-13T01:51:26.442+0000][1][safepoint    ] Entering safepoint region: RevokeBias
[2022-06-13T01:51:26.442+0000][1][safepoint    ] Leaving safepoint region
[2022-06-13T01:51:26.443+0000][1][safepoint    ] Total time for which application threads were stopped: 0.0012397 seconds, Stopping threads took: 0.0008090 seconds
[2022-06-13T01:51:26.443+0000][1][safepoint    ] Application time: 0.0001243 seconds
[2022-06-13T01:51:26.443+0000][1][safepoint    ] Entering safepoint region: RevokeBias
[2022-06-13T01:51:26.444+0000][1][safepoint    ] Leaving safepoint region
[2022-06-13T01:51:26.444+0000][1][safepoint    ] Total time for which application threads were stopped: 0.0007062 seconds, Stopping threads took: 0.0003496 seconds
[2022-06-13T01:51:26.446+0000][1][safepoint    ] Application time: 0.0013710 seconds
[2022-06-13T01:51:26.447+0000][1][safepoint    ] Entering safepoint region: RevokeBias
[2022-06-13T01:51:26.447+0000][1][safepoint    ] Leaving safepoint region
[2022-06-13T01:51:26.448+0000][1][safepoint    ] Total time for which application threads were stopped: 0.0009224 seconds, Stopping threads took: 0.0005079 seconds
[2022-06-13T01:51:27.098+0000][1][safepoint    ] Application time: 0.6497190 seconds
[2022-06-13T01:51:27.099+0000][1][safepoint    ] Entering safepoint region: RevokeBias
[2022-06-13T01:51:27.100+0000][1][safepoint    ] Leaving safepoint region
[2022-06-13T01:51:27.101+0000][1][safepoint    ] Total time for which application threads were stopped: 0.0027027 seconds, Stopping threads took: 0.0015933 seconds
[2022-06-13T01:51:27.103+0000][1][safepoint    ] Application time: 0.0011678 seconds
[2022-06-13T01:51:27.103+0000][1][safepoint    ] Entering safepoint region: RevokeBias
[2022-06-13T01:51:27.104+0000][1][safepoint    ] Leaving safepoint region
[2022-06-13T01:51:27.104+0000][1][safepoint    ] Total time for which application threads were stopped: 0.0007663 seconds, Stopping threads took: 0.0003408 seconds
[2022-06-13T01:51:27.105+0000][1][safepoint    ] Application time: 0.0003049 seconds
[2022-06-13T01:51:27.105+0000][1][safepoint    ] Entering safepoint region: RevokeBias
[2022-06-13T01:51:27.105+0000][1][safepoint    ] Leaving safepoint region
[2022-06-13T01:51:27.106+0000][1][safepoint    ] Total time for which application threads were stopped: 0.0006306 seconds, Stopping threads took: 0.0002850 seconds
[2022-06-13T01:51:27.107+0000][1][safepoint    ] Application time: 0.0009484 seconds
[2022-06-13T01:51:27.107+0000][1][safepoint    ] Entering safepoint region: RevokeBias
[2022-06-13T01:51:27.107+0000][1][safepoint    ] Leaving safepoint region
[2022-06-13T01:51:27.108+0000][1][safepoint    ] Total time for which application threads were stopped: 0.0005351 seconds, Stopping threads took: 0.0002705 seconds
[2022-06-13T01:51:27.108+0000][1][safepoint    ] Application time: 0.0003124 seconds
[2022-06-13T01:51:27.109+0000][1][safepoint    ] Entering safepoint region: RevokeBias
[2022-06-13T01:51:27.109+0000][1][safepoint    ] Leaving safepoint region
[2022-06-13T01:51:27.110+0000][1][safepoint    ] Total time for which application threads were stopped: 0.0012456 seconds, Stopping threads took: 0.0006838 seconds
[2022-06-13T01:51:27.435+0000][1][safepoint    ] Application time: 0.3250705 seconds
[2022-06-13T01:51:27.436+0000][1][safepoint    ] Entering safepoint region: GenCollectForAllocation
[2022-06-13T01:51:27.436+0000][1][gc,start     ] GC(20) Pause Young (Allocation Failure)
[2022-06-13T01:51:27.437+0000][1][gc,task      ] GC(20) Using 5 workers of 13 for evacuation
[2022-06-13T01:51:27.450+0000][1][gc,age       ] GC(20) Desired survivor size 4456448 bytes, new threshold 2 (max threshold 6)
[2022-06-13T01:51:27.451+0000][1][gc,age       ] GC(20) Age table with threshold 2 (max threshold 6)
[2022-06-13T01:51:27.451+0000][1][gc,age       ] GC(20) - age   1:    1470152 bytes,    1470152 total
[2022-06-13T01:51:27.451+0000][1][gc,age       ] GC(20) - age   2:    2988352 bytes,    4458504 total
[2022-06-13T01:51:27.452+0000][1][gc,heap      ] GC(20) ParNew: 78656K->7290K(78656K)
[2022-06-13T01:51:27.452+0000][1][gc,heap      ] GC(20) CMS: 55840K->59948K(174784K)
[2022-06-13T01:51:27.452+0000][1][gc,metaspace ] GC(20) Metaspace: 53375K->53375K(1097728K)
[2022-06-13T01:51:27.452+0000][1][gc           ] GC(20) Pause Young (Allocation Failure) 131M->65M(247M) 16.149ms
[2022-06-13T01:51:27.453+0000][1][gc,cpu       ] GC(20) User=0.06s Sys=0.00s Real=0.02s
[2022-06-13T01:51:27.453+0000][1][safepoint    ] Leaving safepoint region
[2022-06-13T01:51:27.453+0000][1][safepoint    ] Total time for which application threads were stopped: 0.0173518 seconds, Stopping threads took: 0.0002963 seconds
[2022-06-13T01:51:27.963+0000][1][safepoint    ] Application time: 0.5091259 seconds
[2022-06-13T01:51:27.963+0000][1][safepoint    ] Entering safepoint region: Deoptimize
[2022-06-13T01:51:27.965+0000][1][safepoint    ] Leaving safepoint region
[2022-06-13T01:51:27.965+0000][1][safepoint    ] Total time for which application threads were stopped: 0.0020354 seconds, Stopping threads took: 0.0005775 seconds
[2022-06-13T01:51:28.010+0000][1][safepoint    ] Application time: 0.0444532 seconds
[2022-06-13T01:51:28.010+0000][1][safepoint    ] Entering safepoint region: RevokeBias
[2022-06-13T01:51:28.010+0000][1][safepoint    ] Leaving safepoint region
[2022-06-13T01:51:28.011+0000][1][safepoint    ] Total time for which application threads were stopped: 0.0007995 seconds, Stopping threads took: 0.0004045 seconds
[2022-06-13T01:51:28.011+0000][1][safepoint    ] Application time: 0.0003108 seconds
[2022-06-13T01:51:28.012+0000][1][safepoint    ] Entering safepoint region: RevokeBias
[2022-06-13T01:51:28.012+0000][1][safepoint    ] Leaving safepoint region
[2022-06-13T01:51:28.012+0000][1][safepoint    ] Total time for which application threads were stopped: 0.0005703 seconds, Stopping threads took: 0.0002934 seconds
[2022-06-13T01:51:28.013+0000][1][safepoint    ] Application time: 0.0003938 seconds
[2022-06-13T01:51:28.013+0000][1][safepoint    ] Entering safepoint region: RevokeBias
[2022-06-13T01:51:28.014+0000][1][safepoint    ] Leaving safepoint region
[2022-06-13T01:51:28.014+0000][1][safepoint    ] Total time for which application threads were stopped: 0.0007585 seconds, Stopping threads took: 0.0003734 seconds
[2022-06-13T01:51:28.021+0000][1][safepoint    ] Application time: 0.0066576 seconds
[2022-06-13T01:51:28.022+0000][1][safepoint    ] Entering safepoint region: RevokeBias
[2022-06-13T01:51:28.022+0000][1][safepoint    ] Leaving safepoint region
[2022-06-13T01:51:28.022+0000][1][safepoint    ] Total time for which application threads were stopped: 0.0008152 seconds, Stopping threads took: 0.0003267 seconds
[2022-06-13T01:51:28.108+0000][1][safepoint    ] Application time: 0.0857832 seconds
[2022-06-13T01:51:28.119+0000][1][safepoint    ] Entering safepoint region: RevokeBias
[2022-06-13T01:51:28.122+0000][1][safepoint    ] Leaving safepoint region
[2022-06-13T01:51:28.122+0000][1][safepoint    ] Total time for which application threads were stopped: 0.0036422 seconds, Stopping threads took: 0.0004698 seconds
[2022-06-13T01:51:28.123+0000][1][safepoint    ] Application time: 0.0002409 seconds
[2022-06-13T01:51:28.123+0000][1][safepoint    ] Entering safepoint region: RevokeBias
[2022-06-13T01:51:28.124+0000][1][safepoint    ] Leaving safepoint region
[2022-06-13T01:51:28.124+0000][1][safepoint    ] Total time for which application threads were stopped: 0.0008202 seconds, Stopping threads took: 0.0003711 seconds
[2022-06-13T01:51:28.125+0000][1][safepoint    ] Application time: 0.0002413 seconds
[2022-06-13T01:51:28.125+0000][1][safepoint    ] Entering safepoint region: RevokeBias
[2022-06-13T01:51:28.125+0000][1][safepoint    ] Leaving safepoint region
[2022-06-13T01:51:28.126+0000][1][safepoint    ] Total time for which application threads were stopped: 0.0008341 seconds, Stopping threads took: 0.0003838 seconds
[2022-06-13T01:51:28.365+0000][1][safepoint    ] Application time: 0.2388159 seconds
[2022-06-13T01:51:28.366+0000][1][safepoint    ] Entering safepoint region: Deoptimize
[2022-06-13T01:51:28.369+0000][1][safepoint    ] Leaving safepoint region
[2022-06-13T01:51:28.369+0000][1][safepoint    ] Total time for which application threads were stopped: 0.0031229 seconds, Stopping threads took: 0.0018879 seconds
[2022-06-13T01:51:28.885+0000][1][safepoint    ] Application time: 0.5159340 seconds
[2022-06-13T01:51:28.886+0000][1][safepoint    ] Entering safepoint region: BulkRevokeBias
[2022-06-13T01:51:28.886+0000][1][safepoint    ] Leaving safepoint region
[2022-06-13T01:51:28.887+0000][1][safepoint    ] Total time for which application threads were stopped: 0.0008999 seconds, Stopping threads took: 0.0003393 seconds
[2022-06-13T01:51:29.082+0000][1][safepoint    ] Application time: 0.1947232 seconds
[2022-06-13T01:51:29.082+0000][1][safepoint    ] Entering safepoint region: GenCollectForAllocation
[2022-06-13T01:51:29.083+0000][1][gc,start     ] GC(21) Pause Young (Allocation Failure)
[2022-06-13T01:51:29.083+0000][1][gc,task      ] GC(21) Using 5 workers of 13 for evacuation
[2022-06-13T01:51:29.097+0000][1][gc,age       ] GC(21) Desired survivor size 4456448 bytes, new threshold 2 (max threshold 6)
[2022-06-13T01:51:29.097+0000][1][gc,age       ] GC(21) Age table with threshold 2 (max threshold 6)
[2022-06-13T01:51:29.097+0000][1][gc,age       ] GC(21) - age   1:    3771576 bytes,    3771576 total
[2022-06-13T01:51:29.098+0000][1][gc,age       ] GC(21) - age   2:    1363408 bytes,    5134984 total
[2022-06-13T01:51:29.098+0000][1][gc,heap      ] GC(21) ParNew: 77242K->6933K(78656K)
[2022-06-13T01:51:29.098+0000][1][gc,heap      ] GC(21) CMS: 59948K->62937K(174784K)
[2022-06-13T01:51:29.099+0000][1][gc,metaspace ] GC(21) Metaspace: 61230K->61230K(1105920K)
[2022-06-13T01:51:29.100+0000][1][gc           ] GC(21) Pause Young (Allocation Failure) 133M->68M(247M) 17.027ms
[2022-06-13T01:51:29.100+0000][1][gc,cpu       ] GC(21) User=0.08s Sys=0.00s Real=0.02s
[2022-06-13T01:51:29.100+0000][1][safepoint    ] Leaving safepoint region
[2022-06-13T01:51:29.101+0000][1][safepoint    ] Total time for which application threads were stopped: 0.0188690 seconds, Stopping threads took: 0.0003463 seconds
[2022-06-13T01:51:29.102+0000][1][safepoint    ] Application time: 0.0005286 seconds
[2022-06-13T01:51:29.103+0000][1][safepoint    ] Entering safepoint region: RevokeBias
[2022-06-13T01:51:29.103+0000][1][safepoint    ] Leaving safepoint region
[2022-06-13T01:51:29.104+0000][1][safepoint    ] Total time for which application threads were stopped: 0.0007254 seconds, Stopping threads took: 0.0003936 seconds
[2022-06-13T01:51:29.104+0000][1][safepoint    ] Application time: 0.0002264 seconds
[2022-06-13T01:51:29.105+0000][1][safepoint    ] Entering safepoint region: RevokeBias
[2022-06-13T01:51:29.105+0000][1][safepoint    ] Leaving safepoint region
[2022-06-13T01:51:29.106+0000][1][safepoint    ] Total time for which application threads were stopped: 0.0009581 seconds, Stopping threads took: 0.0003706 seconds
[2022-06-13T01:51:29.107+0000][1][safepoint    ] Application time: 0.0009445 seconds
[2022-06-13T01:51:29.107+0000][1][safepoint    ] Entering safepoint region: RevokeBias
[2022-06-13T01:51:29.108+0000][1][safepoint    ] Leaving safepoint region
[2022-06-13T01:51:29.108+0000][1][safepoint    ] Total time for which application threads were stopped: 0.0008542 seconds, Stopping threads took: 0.0003868 seconds
[2022-06-13T01:51:29.109+0000][1][safepoint    ] Application time: 0.0002300 seconds
[2022-06-13T01:51:29.109+0000][1][safepoint    ] Entering safepoint region: RevokeBias
[2022-06-13T01:51:29.110+0000][1][safepoint    ] Leaving safepoint region
[2022-06-13T01:51:29.110+0000][1][safepoint    ] Total time for which application threads were stopped: 0.0011449 seconds, Stopping threads took: 0.0006517 seconds
[2022-06-13T01:51:29.111+0000][1][safepoint    ] Application time: 0.0001814 seconds
[2022-06-13T01:51:29.111+0000][1][safepoint    ] Entering safepoint region: RevokeBias
[2022-06-13T01:51:29.111+0000][1][safepoint    ] Leaving safepoint region
[2022-06-13T01:51:29.112+0000][1][safepoint    ] Total time for which application threads were stopped: 0.0007052 seconds, Stopping threads took: 0.0003140 seconds
[2022-06-13T01:51:29.112+0000][1][safepoint    ] Application time: 0.0001966 seconds
[2022-06-13T01:51:29.113+0000][1][safepoint    ] Entering safepoint region: RevokeBias
[2022-06-13T01:51:29.113+0000][1][safepoint    ] Leaving safepoint region
[2022-06-13T01:51:29.113+0000][1][safepoint    ] Total time for which application threads were stopped: 0.0007252 seconds, Stopping threads took: 0.0004338 seconds
[2022-06-13T01:51:29.114+0000][1][safepoint    ] Application time: 0.0001656 seconds
[2022-06-13T01:51:29.114+0000][1][safepoint    ] Entering safepoint region: RevokeBias
[2022-06-13T01:51:29.114+0000][1][safepoint    ] Leaving safepoint region
[2022-06-13T01:51:29.115+0000][1][safepoint    ] Total time for which application threads were stopped: 0.0006176 seconds, Stopping threads took: 0.0003163 seconds
[2022-06-13T01:51:29.115+0000][1][safepoint    ] Application time: 0.0001449 seconds
[2022-06-13T01:51:29.116+0000][1][safepoint    ] Entering safepoint region: RevokeBias
[2022-06-13T01:51:29.116+0000][1][safepoint    ] Leaving safepoint region
[2022-06-13T01:51:29.116+0000][1][safepoint    ] Total time for which application threads were stopped: 0.0011530 seconds, Stopping threads took: 0.0006089 seconds
[2022-06-13T01:51:29.117+0000][1][safepoint    ] Application time: 0.0001864 seconds
[2022-06-13T01:51:29.117+0000][1][safepoint    ] Entering safepoint region: RevokeBias
[2022-06-13T01:51:29.118+0000][1][safepoint    ] Leaving safepoint region
[2022-06-13T01:51:29.118+0000][1][safepoint    ] Total time for which application threads were stopped: 0.0007531 seconds, Stopping threads took: 0.0004009 seconds
[2022-06-13T01:51:29.118+0000][1][safepoint    ] Application time: 0.0001470 seconds
[2022-06-13T01:51:29.119+0000][1][safepoint    ] Entering safepoint region: RevokeBias
[2022-06-13T01:51:29.119+0000][1][safepoint    ] Leaving safepoint region
[2022-06-13T01:51:29.119+0000][1][safepoint    ] Total time for which application threads were stopped: 0.0007166 seconds, Stopping threads took: 0.0003166 seconds
[2022-06-13T01:51:29.120+0000][1][safepoint    ] Application time: 0.0001985 seconds
[2022-06-13T01:51:29.120+0000][1][safepoint    ] Entering safepoint region: RevokeBias
[2022-06-13T01:51:29.121+0000][1][safepoint    ] Leaving safepoint region
[2022-06-13T01:51:29.121+0000][1][safepoint    ] Total time for which application threads were stopped: 0.0007110 seconds, Stopping threads took: 0.0003110 seconds
[2022-06-13T01:51:29.122+0000][1][safepoint    ] Application time: 0.0002069 seconds
[2022-06-13T01:51:29.122+0000][1][safepoint    ] Entering safepoint region: RevokeBias
[2022-06-13T01:51:29.122+0000][1][safepoint    ] Leaving safepoint region
[2022-06-13T01:51:29.123+0000][1][safepoint    ] Total time for which application threads were stopped: 0.0010361 seconds, Stopping threads took: 0.0003841 seconds
[2022-06-13T01:51:29.123+0000][1][safepoint    ] Application time: 0.0001571 seconds
[2022-06-13T01:51:29.124+0000][1][safepoint    ] Entering safepoint region: RevokeBias
[2022-06-13T01:51:29.124+0000][1][safepoint    ] Leaving safepoint region
[2022-06-13T01:51:29.124+0000][1][safepoint    ] Total time for which application threads were stopped: 0.0009673 seconds, Stopping threads took: 0.0005794 seconds
[2022-06-13T01:51:29.125+0000][1][safepoint    ] Application time: 0.0001496 seconds
[2022-06-13T01:51:29.125+0000][1][safepoint    ] Entering safepoint region: RevokeBias
[2022-06-13T01:51:29.126+0000][1][safepoint    ] Leaving safepoint region
[2022-06-13T01:51:29.126+0000][1][safepoint    ] Total time for which application threads were stopped: 0.0010966 seconds, Stopping threads took: 0.0006756 seconds
[2022-06-13T01:51:29.127+0000][1][safepoint    ] Application time: 0.0002417 seconds
[2022-06-13T01:51:29.128+0000][1][safepoint    ] Entering safepoint region: RevokeBias
[2022-06-13T01:51:29.129+0000][1][safepoint    ] Leaving safepoint region
[2022-06-13T01:51:29.129+0000][1][safepoint    ] Total time for which application threads were stopped: 0.0008771 seconds, Stopping threads took: 0.0004184 seconds
[2022-06-13T01:51:29.130+0000][1][safepoint    ] Application time: 0.0001891 seconds
[2022-06-13T01:51:29.131+0000][1][safepoint    ] Entering safepoint region: RevokeBias
[2022-06-13T01:51:29.131+0000][1][safepoint    ] Leaving safepoint region
[2022-06-13T01:51:29.132+0000][1][safepoint    ] Total time for which application threads were stopped: 0.0012436 seconds, Stopping threads took: 0.0005192 seconds
[2022-06-13T01:51:29.132+0000][1][safepoint    ] Application time: 0.0001275 seconds
[2022-06-13T01:51:29.133+0000][1][safepoint    ] Entering safepoint region: RevokeBias
[2022-06-13T01:51:29.134+0000][1][safepoint    ] Leaving safepoint region
[2022-06-13T01:51:29.134+0000][1][safepoint    ] Total time for which application threads were stopped: 0.0009636 seconds, Stopping threads took: 0.0006111 seconds
[2022-06-13T01:51:29.134+0000][1][safepoint    ] Application time: 0.0002463 seconds
[2022-06-13T01:51:29.135+0000][1][safepoint    ] Entering safepoint region: RevokeBias
[2022-06-13T01:51:29.135+0000][1][safepoint    ] Leaving safepoint region
[2022-06-13T01:51:29.136+0000][1][safepoint    ] Total time for which application threads were stopped: 0.0008727 seconds, Stopping threads took: 0.0004013 seconds
[2022-06-13T01:51:29.136+0000][1][safepoint    ] Application time: 0.0001803 seconds
[2022-06-13T01:51:29.136+0000][1][safepoint    ] Entering safepoint region: RevokeBias
[2022-06-13T01:51:29.137+0000][1][safepoint    ] Leaving safepoint region
[2022-06-13T01:51:29.137+0000][1][safepoint    ] Total time for which application threads were stopped: 0.0008308 seconds, Stopping threads took: 0.0004057 seconds
[2022-06-13T01:51:29.141+0000][1][safepoint    ] Application time: 0.0028552 seconds
[2022-06-13T01:51:29.141+0000][1][safepoint    ] Entering safepoint region: RevokeBias
[2022-06-13T01:51:29.141+0000][1][safepoint    ] Leaving safepoint region
[2022-06-13T01:51:29.142+0000][1][safepoint    ] Total time for which application threads were stopped: 0.0007254 seconds, Stopping threads took: 0.0003329 seconds
[2022-06-13T01:51:29.177+0000][1][safepoint    ] Application time: 0.0345806 seconds
[2022-06-13T01:51:29.177+0000][1][safepoint    ] Entering safepoint region: RevokeBias
[2022-06-13T01:51:29.178+0000][1][safepoint    ] Leaving safepoint region
[2022-06-13T01:51:29.178+0000][1][safepoint    ] Total time for which application threads were stopped: 0.0008967 seconds, Stopping threads took: 0.0004840 seconds
[2022-06-13T01:51:29.464+0000][1][safepoint    ] Application time: 0.2862732 seconds
[2022-06-13T01:51:29.465+0000][1][safepoint    ] Entering safepoint region: Deoptimize
[2022-06-13T01:51:29.467+0000][1][safepoint    ] Leaving safepoint region
[2022-06-13T01:51:29.468+0000][1][safepoint    ] Total time for which application threads were stopped: 0.0027110 seconds, Stopping threads took: 0.0007765 seconds
[2022-06-13T01:51:29.483+0000][1][safepoint    ] Application time: 0.0143290 seconds
[2022-06-13T01:51:29.483+0000][1][safepoint    ] Entering safepoint region: RevokeBias
[2022-06-13T01:51:29.484+0000][1][safepoint    ] Leaving safepoint region
[2022-06-13T01:51:29.484+0000][1][safepoint    ] Total time for which application threads were stopped: 0.0007314 seconds, Stopping threads took: 0.0004236 seconds
[2022-06-13T01:51:29.486+0000][1][safepoint    ] Application time: 0.0013210 seconds
[2022-06-13T01:51:29.486+0000][1][safepoint    ] Entering safepoint region: RevokeBias
[2022-06-13T01:51:29.486+0000][1][safepoint    ] Leaving safepoint region
[2022-06-13T01:51:29.487+0000][1][safepoint    ] Total time for which application threads were stopped: 0.0006917 seconds, Stopping threads took: 0.0002884 seconds
[2022-06-13T01:51:29.487+0000][1][safepoint    ] Application time: 0.0004227 seconds
[2022-06-13T01:51:29.488+0000][1][safepoint    ] Entering safepoint region: RevokeBias
[2022-06-13T01:51:29.488+0000][1][safepoint    ] Leaving safepoint region
[2022-06-13T01:51:29.489+0000][1][safepoint    ] Total time for which application threads were stopped: 0.0008736 seconds, Stopping threads took: 0.0004666 seconds
[2022-06-13T01:51:29.490+0000][1][safepoint    ] Application time: 0.0012899 seconds
[2022-06-13T01:51:29.491+0000][1][safepoint    ] Entering safepoint region: RevokeBias
[2022-06-13T01:51:29.491+0000][1][safepoint    ] Leaving safepoint region
[2022-06-13T01:51:29.492+0000][1][safepoint    ] Total time for which application threads were stopped: 0.0009654 seconds, Stopping threads took: 0.0004613 seconds
[2022-06-13T01:51:29.492+0000][1][safepoint    ] Application time: 0.0002725 seconds
[2022-06-13T01:51:29.493+0000][1][safepoint    ] Entering safepoint region: BulkRevokeBias
[2022-06-13T01:51:29.494+0000][1][safepoint    ] Leaving safepoint region
[2022-06-13T01:51:29.494+0000][1][safepoint    ] Total time for which application threads were stopped: 0.0012104 seconds, Stopping threads took: 0.0006699 seconds
[2022-06-13T01:51:29.495+0000][1][safepoint    ] Application time: 0.0002909 seconds
[2022-06-13T01:51:29.495+0000][1][safepoint    ] Entering safepoint region: RevokeBias
[2022-06-13T01:51:29.496+0000][1][safepoint    ] Leaving safepoint region
[2022-06-13T01:51:29.496+0000][1][safepoint    ] Total time for which application threads were stopped: 0.0006585 seconds, Stopping threads took: 0.0002789 seconds
[2022-06-13T01:51:29.497+0000][1][safepoint    ] Application time: 0.0010129 seconds
[2022-06-13T01:51:29.497+0000][1][safepoint    ] Entering safepoint region: RevokeBias
[2022-06-13T01:51:29.498+0000][1][safepoint    ] Leaving safepoint region
[2022-06-13T01:51:29.498+0000][1][safepoint    ] Total time for which application threads were stopped: 0.0007680 seconds, Stopping threads took: 0.0004164 seconds
[2022-06-13T01:51:29.499+0000][1][safepoint    ] Application time: 0.0001502 seconds
[2022-06-13T01:51:29.499+0000][1][safepoint    ] Entering safepoint region: RevokeBias
[2022-06-13T01:51:29.500+0000][1][safepoint    ] Leaving safepoint region
[2022-06-13T01:51:29.501+0000][1][safepoint    ] Total time for which application threads were stopped: 0.0010410 seconds, Stopping threads took: 0.0002995 seconds
[2022-06-13T01:51:29.502+0000][1][safepoint    ] Application time: 0.0007476 seconds
[2022-06-13T01:51:29.502+0000][1][safepoint    ] Entering safepoint region: RevokeBias
[2022-06-13T01:51:29.503+0000][1][safepoint    ] Leaving safepoint region
[2022-06-13T01:51:29.504+0000][1][safepoint    ] Total time for which application threads were stopped: 0.0013375 seconds, Stopping threads took: 0.0002993 seconds
[2022-06-13T01:51:29.504+0000][1][safepoint    ] Application time: 0.0005377 seconds
[2022-06-13T01:51:29.505+0000][1][safepoint    ] Entering safepoint region: RevokeBias
[2022-06-13T01:51:29.505+0000][1][safepoint    ] Leaving safepoint region
[2022-06-13T01:51:29.506+0000][1][safepoint    ] Total time for which application threads were stopped: 0.0008560 seconds, Stopping threads took: 0.0004067 seconds
[2022-06-13T01:51:29.507+0000][1][safepoint    ] Application time: 0.0008061 seconds
[2022-06-13T01:51:29.508+0000][1][safepoint    ] Entering safepoint region: RevokeBias
[2022-06-13T01:51:29.508+0000][1][safepoint    ] Leaving safepoint region
[2022-06-13T01:51:29.509+0000][1][safepoint    ] Total time for which application threads were stopped: 0.0013008 seconds, Stopping threads took: 0.0008496 seconds
[2022-06-13T01:51:29.510+0000][1][safepoint    ] Application time: 0.0001702 seconds
[2022-06-13T01:51:29.510+0000][1][safepoint    ] Entering safepoint region: RevokeBias
[2022-06-13T01:51:29.510+0000][1][safepoint    ] Leaving safepoint region
[2022-06-13T01:51:29.511+0000][1][safepoint    ] Total time for which application threads were stopped: 0.0010667 seconds, Stopping threads took: 0.0003141 seconds
[2022-06-13T01:51:29.513+0000][1][safepoint    ] Application time: 0.0015381 seconds
[2022-06-13T01:51:29.513+0000][1][safepoint    ] Entering safepoint region: BulkRevokeBias
[2022-06-13T01:51:29.514+0000][1][safepoint    ] Leaving safepoint region
[2022-06-13T01:51:29.514+0000][1][safepoint    ] Total time for which application threads were stopped: 0.0008380 seconds, Stopping threads took: 0.0003990 seconds
[2022-06-13T01:51:29.518+0000][1][safepoint    ] Application time: 0.0029351 seconds
[2022-06-13T01:51:29.518+0000][1][safepoint    ] Entering safepoint region: RevokeBias
[2022-06-13T01:51:29.519+0000][1][safepoint    ] Leaving safepoint region
[2022-06-13T01:51:29.519+0000][1][safepoint    ] Total time for which application threads were stopped: 0.0008803 seconds, Stopping threads took: 0.0004478 seconds
[2022-06-13T01:51:29.520+0000][1][safepoint    ] Application time: 0.0003842 seconds
[2022-06-13T01:51:29.520+0000][1][safepoint    ] Entering safepoint region: RevokeBias
[2022-06-13T01:51:29.521+0000][1][safepoint    ] Leaving safepoint region
[2022-06-13T01:51:29.521+0000][1][safepoint    ] Total time for which application threads were stopped: 0.0010994 seconds, Stopping threads took: 0.0007718 seconds
[2022-06-13T01:51:29.529+0000][1][safepoint    ] Application time: 0.0080441 seconds
[2022-06-13T01:51:29.530+0000][1][safepoint    ] Entering safepoint region: Deoptimize
[2022-06-13T01:51:29.531+0000][1][safepoint    ] Leaving safepoint region
[2022-06-13T01:51:29.531+0000][1][safepoint    ] Total time for which application threads were stopped: 0.0012741 seconds, Stopping threads took: 0.0002628 seconds
[2022-06-13T01:51:29.532+0000][1][safepoint    ] Application time: 0.0012851 seconds
[2022-06-13T01:51:29.533+0000][1][safepoint    ] Entering safepoint region: RevokeBias
[2022-06-13T01:51:29.533+0000][1][safepoint    ] Leaving safepoint region
[2022-06-13T01:51:29.533+0000][1][safepoint    ] Total time for which application threads were stopped: 0.0006035 seconds, Stopping threads took: 0.0002744 seconds
[2022-06-13T01:51:29.536+0000][1][safepoint    ] Application time: 0.0019987 seconds
[2022-06-13T01:51:29.536+0000][1][safepoint    ] Entering safepoint region: RevokeBias
[2022-06-13T01:51:29.536+0000][1][safepoint    ] Leaving safepoint region
[2022-06-13T01:51:29.537+0000][1][safepoint    ] Total time for which application threads were stopped: 0.0010831 seconds, Stopping threads took: 0.0004905 seconds
[2022-06-13T01:51:29.538+0000][1][safepoint    ] Application time: 0.0002819 seconds
[2022-06-13T01:51:29.538+0000][1][safepoint    ] Entering safepoint region: RevokeBias
[2022-06-13T01:51:29.538+0000][1][safepoint    ] Leaving safepoint region
[2022-06-13T01:51:29.540+0000][1][safepoint    ] Total time for which application threads were stopped: 0.0018635 seconds, Stopping threads took: 0.0003722 seconds
[2022-06-13T01:51:29.541+0000][1][safepoint    ] Application time: 0.0002075 seconds
[2022-06-13T01:51:29.541+0000][1][safepoint    ] Entering safepoint region: RevokeBias
[2022-06-13T01:51:29.542+0000][1][safepoint    ] Leaving safepoint region
[2022-06-13T01:51:29.543+0000][1][safepoint    ] Total time for which application threads were stopped: 0.0016815 seconds, Stopping threads took: 0.0008313 seconds
[2022-06-13T01:51:29.543+0000][1][safepoint    ] Application time: 0.0005019 seconds
[2022-06-13T01:51:29.544+0000][1][safepoint    ] Entering safepoint region: RevokeBias
[2022-06-13T01:51:29.544+0000][1][safepoint    ] Leaving safepoint region
[2022-06-13T01:51:29.545+0000][1][safepoint    ] Total time for which application threads were stopped: 0.0008413 seconds, Stopping threads took: 0.0003365 seconds
[2022-06-13T01:51:29.545+0000][1][safepoint    ] Application time: 0.0003111 seconds
[2022-06-13T01:51:29.545+0000][1][safepoint    ] Entering safepoint region: RevokeBias
[2022-06-13T01:51:29.546+0000][1][safepoint    ] Leaving safepoint region
[2022-06-13T01:51:29.546+0000][1][safepoint    ] Total time for which application threads were stopped: 0.0006573 seconds, Stopping threads took: 0.0002417 seconds
[2022-06-13T01:51:29.640+0000][1][safepoint    ] Application time: 0.0937318 seconds
[2022-06-13T01:51:29.641+0000][1][safepoint    ] Entering safepoint region: RevokeBias
[2022-06-13T01:51:29.641+0000][1][safepoint    ] Leaving safepoint region
[2022-06-13T01:51:29.641+0000][1][safepoint    ] Total time for which application threads were stopped: 0.0006940 seconds, Stopping threads took: 0.0003541 seconds
[2022-06-13T01:51:29.644+0000][1][safepoint    ] Application time: 0.0029143 seconds
[2022-06-13T01:51:29.645+0000][1][safepoint    ] Entering safepoint region: RevokeBias
[2022-06-13T01:51:29.645+0000][1][safepoint    ] Leaving safepoint region
[2022-06-13T01:51:29.645+0000][1][safepoint    ] Total time for which application threads were stopped: 0.0005806 seconds, Stopping threads took: 0.0002876 seconds
[2022-06-13T01:51:29.646+0000][1][safepoint    ] Application time: 0.0001732 seconds
[2022-06-13T01:51:29.646+0000][1][safepoint    ] Entering safepoint region: RevokeBias
[2022-06-13T01:51:29.646+0000][1][safepoint    ] Leaving safepoint region
[2022-06-13T01:51:29.646+0000][1][safepoint    ] Total time for which application threads were stopped: 0.0005106 seconds, Stopping threads took: 0.0002375 seconds
[2022-06-13T01:51:29.647+0000][1][safepoint    ] Application time: 0.0006098 seconds
[2022-06-13T01:51:29.648+0000][1][safepoint    ] Entering safepoint region: RevokeBias
[2022-06-13T01:51:29.648+0000][1][safepoint    ] Leaving safepoint region
[2022-06-13T01:51:29.648+0000][1][safepoint    ] Total time for which application threads were stopped: 0.0006700 seconds, Stopping threads took: 0.0003533 seconds
[2022-06-13T01:51:29.649+0000][1][safepoint    ] Application time: 0.0001793 seconds
[2022-06-13T01:51:29.649+0000][1][safepoint    ] Entering safepoint region: RevokeBias
[2022-06-13T01:51:29.650+0000][1][safepoint    ] Leaving safepoint region
[2022-06-13T01:51:29.650+0000][1][safepoint    ] Total time for which application threads were stopped: 0.0010320 seconds, Stopping threads took: 0.0006298 seconds
[2022-06-13T01:51:29.652+0000][1][safepoint    ] Application time: 0.0014178 seconds
[2022-06-13T01:51:29.652+0000][1][safepoint    ] Entering safepoint region: RevokeBias
[2022-06-13T01:51:29.652+0000][1][safepoint    ] Leaving safepoint region
[2022-06-13T01:51:29.653+0000][1][safepoint    ] Total time for which application threads were stopped: 0.0005726 seconds, Stopping threads took: 0.0003411 seconds
[2022-06-13T01:51:29.653+0000][1][safepoint    ] Application time: 0.0002083 seconds
[2022-06-13T01:51:29.653+0000][1][safepoint    ] Entering safepoint region: RevokeBias
[2022-06-13T01:51:29.653+0000][1][safepoint    ] Leaving safepoint region
[2022-06-13T01:51:29.654+0000][1][safepoint    ] Total time for which application threads were stopped: 0.0006137 seconds, Stopping threads took: 0.0003463 seconds
[2022-06-13T01:51:29.655+0000][1][safepoint    ] Application time: 0.0009621 seconds
[2022-06-13T01:51:29.656+0000][1][safepoint    ] Entering safepoint region: RevokeBias
[2022-06-13T01:51:29.656+0000][1][safepoint    ] Leaving safepoint region
[2022-06-13T01:51:29.656+0000][1][safepoint    ] Total time for which application threads were stopped: 0.0007365 seconds, Stopping threads took: 0.0004340 seconds
[2022-06-13T01:51:29.663+0000][1][safepoint    ] Application time: 0.0062922 seconds
[2022-06-13T01:51:29.663+0000][1][safepoint    ] Entering safepoint region: RevokeBias
[2022-06-13T01:51:29.663+0000][1][safepoint    ] Leaving safepoint region
[2022-06-13T01:51:29.664+0000][1][safepoint    ] Total time for which application threads were stopped: 0.0006040 seconds, Stopping threads took: 0.0002654 seconds
[2022-06-13T01:51:29.671+0000][1][safepoint    ] Application time: 0.0075990 seconds
[2022-06-13T01:51:29.672+0000][1][safepoint    ] Entering safepoint region: RevokeBias
[2022-06-13T01:51:29.672+0000][1][safepoint    ] Leaving safepoint region
[2022-06-13T01:51:29.673+0000][1][safepoint    ] Total time for which application threads were stopped: 0.0011656 seconds, Stopping threads took: 0.0003091 seconds
[2022-06-13T01:51:29.677+0000][1][safepoint    ] Application time: 0.0038906 seconds
[2022-06-13T01:51:29.677+0000][1][safepoint    ] Entering safepoint region: RevokeBias
[2022-06-13T01:51:29.678+0000][1][safepoint    ] Leaving safepoint region
[2022-06-13T01:51:29.678+0000][1][safepoint    ] Total time for which application threads were stopped: 0.0009193 seconds, Stopping threads took: 0.0005703 seconds
[2022-06-13T01:51:29.679+0000][1][safepoint    ] Application time: 0.0005777 seconds
[2022-06-13T01:51:29.680+0000][1][safepoint    ] Entering safepoint region: RevokeBias
[2022-06-13T01:51:29.680+0000][1][safepoint    ] Leaving safepoint region
[2022-06-13T01:51:29.680+0000][1][safepoint    ] Total time for which application threads were stopped: 0.0007142 seconds, Stopping threads took: 0.0003096 seconds
[2022-06-13T01:51:29.681+0000][1][safepoint    ] Application time: 0.0001815 seconds
[2022-06-13T01:51:29.681+0000][1][safepoint    ] Entering safepoint region: RevokeBias
[2022-06-13T01:51:29.681+0000][1][safepoint    ] Leaving safepoint region
[2022-06-13T01:51:29.682+0000][1][safepoint    ] Total time for which application threads were stopped: 0.0007614 seconds, Stopping threads took: 0.0003909 seconds
[2022-06-13T01:51:29.683+0000][1][safepoint    ] Application time: 0.0003331 seconds
[2022-06-13T01:51:29.683+0000][1][safepoint    ] Entering safepoint region: RevokeBias
[2022-06-13T01:51:29.683+0000][1][safepoint    ] Leaving safepoint region
[2022-06-13T01:51:29.683+0000][1][safepoint    ] Total time for which application threads were stopped: 0.0005632 seconds, Stopping threads took: 0.0002530 seconds
[2022-06-13T01:51:29.685+0000][1][safepoint    ] Application time: 0.0007192 seconds
[2022-06-13T01:51:29.685+0000][1][safepoint    ] Entering safepoint region: RevokeBias
[2022-06-13T01:51:29.686+0000][1][safepoint    ] Leaving safepoint region
[2022-06-13T01:51:29.686+0000][1][safepoint    ] Total time for which application threads were stopped: 0.0009224 seconds, Stopping threads took: 0.0004336 seconds
[2022-06-13T01:51:29.687+0000][1][safepoint    ] Application time: 0.0006025 seconds
[2022-06-13T01:51:29.687+0000][1][safepoint    ] Entering safepoint region: RevokeBias
[2022-06-13T01:51:29.688+0000][1][safepoint    ] Leaving safepoint region
[2022-06-13T01:51:29.688+0000][1][safepoint    ] Total time for which application threads were stopped: 0.0010016 seconds, Stopping threads took: 0.0003162 seconds
[2022-06-13T01:51:29.689+0000][1][safepoint    ] Application time: 0.0002017 seconds
[2022-06-13T01:51:29.689+0000][1][safepoint    ] Entering safepoint region: RevokeBias
[2022-06-13T01:51:29.689+0000][1][safepoint    ] Leaving safepoint region
[2022-06-13T01:51:29.690+0000][1][safepoint    ] Total time for which application threads were stopped: 0.0007258 seconds, Stopping threads took: 0.0003421 seconds
[2022-06-13T01:51:29.740+0000][1][safepoint    ] Application time: 0.0501320 seconds
[2022-06-13T01:51:29.741+0000][1][safepoint    ] Entering safepoint region: RevokeBias
[2022-06-13T01:51:29.741+0000][1][safepoint    ] Leaving safepoint region
[2022-06-13T01:51:29.742+0000][1][safepoint    ] Total time for which application threads were stopped: 0.0010941 seconds, Stopping threads took: 0.0006283 seconds
[2022-06-13T01:51:29.743+0000][1][safepoint    ] Application time: 0.0005286 seconds
[2022-06-13T01:51:29.743+0000][1][safepoint    ] Entering safepoint region: RevokeBias
[2022-06-13T01:51:29.744+0000][1][safepoint    ] Leaving safepoint region
[2022-06-13T01:51:29.744+0000][1][safepoint    ] Total time for which application threads were stopped: 0.0006314 seconds, Stopping threads took: 0.0002861 seconds
[2022-06-13T01:51:29.791+0000][1][safepoint    ] Application time: 0.0467616 seconds
[2022-06-13T01:51:29.791+0000][1][safepoint    ] Entering safepoint region: RevokeBias
[2022-06-13T01:51:29.792+0000][1][safepoint    ] Leaving safepoint region
[2022-06-13T01:51:29.792+0000][1][safepoint    ] Total time for which application threads were stopped: 0.0005301 seconds, Stopping threads took: 0.0002433 seconds
[2022-06-13T01:51:29.792+0000][1][safepoint    ] Application time: 0.0002391 seconds
[2022-06-13T01:51:29.792+0000][1][safepoint    ] Entering safepoint region: RevokeBias
[2022-06-13T01:51:29.793+0000][1][safepoint    ] Leaving safepoint region
[2022-06-13T01:51:29.793+0000][1][safepoint    ] Total time for which application threads were stopped: 0.0004100 seconds, Stopping threads took: 0.0001802 seconds
[2022-06-13T01:51:29.803+0000][1][safepoint    ] Application time: 0.0098726 seconds
[2022-06-13T01:51:29.803+0000][1][safepoint    ] Entering safepoint region: RevokeBias
[2022-06-13T01:51:29.804+0000][1][safepoint    ] Leaving safepoint region
[2022-06-13T01:51:29.804+0000][1][safepoint    ] Total time for which application threads were stopped: 0.0005941 seconds, Stopping threads took: 0.0002439 seconds
[2022-06-13T01:51:29.807+0000][1][safepoint    ] Application time: 0.0029303 seconds
[2022-06-13T01:51:29.807+0000][1][safepoint    ] Entering safepoint region: RevokeBias
[2022-06-13T01:51:29.808+0000][1][safepoint    ] Leaving safepoint region
[2022-06-13T01:51:29.808+0000][1][safepoint    ] Total time for which application threads were stopped: 0.0007863 seconds, Stopping threads took: 0.0002951 seconds
[2022-06-13T01:51:29.822+0000][1][safepoint    ] Application time: 0.0141011 seconds
[2022-06-13T01:51:29.823+0000][1][safepoint    ] Entering safepoint region: RevokeBias
[2022-06-13T01:51:29.823+0000][1][safepoint    ] Leaving safepoint region
[2022-06-13T01:51:29.824+0000][1][safepoint    ] Total time for which application threads were stopped: 0.0006641 seconds, Stopping threads took: 0.0003127 seconds
[2022-06-13T01:51:29.824+0000][1][safepoint    ] Application time: 0.0002248 seconds
[2022-06-13T01:51:29.824+0000][1][safepoint    ] Entering safepoint region: RevokeBias
[2022-06-13T01:51:29.825+0000][1][safepoint    ] Leaving safepoint region
[2022-06-13T01:51:29.825+0000][1][safepoint    ] Total time for which application threads were stopped: 0.0005409 seconds, Stopping threads took: 0.0002832 seconds
[2022-06-13T01:51:29.839+0000][1][safepoint    ] Application time: 0.0142839 seconds
[2022-06-13T01:51:29.840+0000][1][safepoint    ] Entering safepoint region: RevokeBias
[2022-06-13T01:51:29.840+0000][1][safepoint    ] Leaving safepoint region
[2022-06-13T01:51:29.840+0000][1][safepoint    ] Total time for which application threads were stopped: 0.0005848 seconds, Stopping threads took: 0.0002992 seconds
[2022-06-13T01:51:29.846+0000][1][safepoint    ] Application time: 0.0052009 seconds
[2022-06-13T01:51:29.846+0000][1][safepoint    ] Entering safepoint region: RevokeBias
[2022-06-13T01:51:29.847+0000][1][safepoint    ] Leaving safepoint region
[2022-06-13T01:51:29.847+0000][1][safepoint    ] Total time for which application threads were stopped: 0.0007547 seconds, Stopping threads took: 0.0003867 seconds
[2022-06-13T01:51:29.847+0000][1][safepoint    ] Application time: 0.0001538 seconds
[2022-06-13T01:51:29.847+0000][1][safepoint    ] Entering safepoint region: RevokeBias
[2022-06-13T01:51:29.848+0000][1][safepoint    ] Leaving safepoint region
[2022-06-13T01:51:29.848+0000][1][safepoint    ] Total time for which application threads were stopped: 0.0005738 seconds, Stopping threads took: 0.0002243 seconds
[2022-06-13T01:51:29.848+0000][1][safepoint    ] Application time: 0.0001278 seconds
[2022-06-13T01:51:29.848+0000][1][safepoint    ] Entering safepoint region: RevokeBias
[2022-06-13T01:51:29.849+0000][1][safepoint    ] Leaving safepoint region
[2022-06-13T01:51:29.849+0000][1][safepoint    ] Total time for which application threads were stopped: 0.0004842 seconds, Stopping threads took: 0.0002230 seconds
[2022-06-13T01:51:29.850+0000][1][safepoint    ] Application time: 0.0002953 seconds
[2022-06-13T01:51:29.850+0000][1][safepoint    ] Entering safepoint region: RevokeBias
[2022-06-13T01:51:29.850+0000][1][safepoint    ] Leaving safepoint region
[2022-06-13T01:51:29.850+0000][1][safepoint    ] Total time for which application threads were stopped: 0.0005359 seconds, Stopping threads took: 0.0002458 seconds
[2022-06-13T01:51:29.851+0000][1][safepoint    ] Application time: 0.0001425 seconds
[2022-06-13T01:51:29.851+0000][1][safepoint    ] Entering safepoint region: RevokeBias
[2022-06-13T01:51:29.852+0000][1][safepoint    ] Leaving safepoint region
[2022-06-13T01:51:29.852+0000][1][safepoint    ] Total time for which application threads were stopped: 0.0005932 seconds, Stopping threads took: 0.0002596 seconds
[2022-06-13T01:51:29.852+0000][1][safepoint    ] Application time: 0.0001473 seconds
[2022-06-13T01:51:29.852+0000][1][safepoint    ] Entering safepoint region: RevokeBias
[2022-06-13T01:51:29.853+0000][1][safepoint    ] Leaving safepoint region
[2022-06-13T01:51:29.853+0000][1][safepoint    ] Total time for which application threads were stopped: 0.0004332 seconds, Stopping threads took: 0.0002058 seconds
[2022-06-13T01:51:29.853+0000][1][safepoint    ] Application time: 0.0001111 seconds
[2022-06-13T01:51:29.853+0000][1][safepoint    ] Entering safepoint region: RevokeBias
[2022-06-13T01:51:29.854+0000][1][safepoint    ] Leaving safepoint region
[2022-06-13T01:51:29.854+0000][1][safepoint    ] Total time for which application threads were stopped: 0.0004445 seconds, Stopping threads took: 0.0002064 seconds
[2022-06-13T01:51:29.854+0000][1][safepoint    ] Application time: 0.0001538 seconds
[2022-06-13T01:51:29.854+0000][1][safepoint    ] Entering safepoint region: RevokeBias
[2022-06-13T01:51:29.855+0000][1][safepoint    ] Leaving safepoint region
[2022-06-13T01:51:29.855+0000][1][safepoint    ] Total time for which application threads were stopped: 0.0004914 seconds, Stopping threads took: 0.0002433 seconds
[2022-06-13T01:51:29.887+0000][1][safepoint    ] Application time: 0.0313347 seconds
[2022-06-13T01:51:29.887+0000][1][safepoint    ] Entering safepoint region: RevokeBias
[2022-06-13T01:51:29.888+0000][1][safepoint    ] Leaving safepoint region
[2022-06-13T01:51:29.888+0000][1][safepoint    ] Total time for which application threads were stopped: 0.0007303 seconds, Stopping threads took: 0.0003480 seconds
[2022-06-13T01:51:29.919+0000][1][safepoint    ] Application time: 0.0305999 seconds
[2022-06-13T01:51:29.919+0000][1][safepoint    ] Entering safepoint region: RevokeBias
[2022-06-13T01:51:29.919+0000][1][safepoint    ] Leaving safepoint region
[2022-06-13T01:51:29.920+0000][1][safepoint    ] Total time for which application threads were stopped: 0.0004708 seconds, Stopping threads took: 0.0002226 seconds
[2022-06-13T01:51:30.073+0000][1][safepoint    ] Application time: 0.1531664 seconds
[2022-06-13T01:51:30.073+0000][1][safepoint    ] Entering safepoint region: RevokeBias
[2022-06-13T01:51:30.074+0000][1][safepoint    ] Leaving safepoint region
[2022-06-13T01:51:30.074+0000][1][safepoint    ] Total time for which application threads were stopped: 0.0005778 seconds, Stopping threads took: 0.0002711 seconds
[2022-06-13T01:51:30.079+0000][1][safepoint    ] Application time: 0.0047283 seconds
[2022-06-13T01:51:30.080+0000][1][safepoint    ] Entering safepoint region: RevokeBias
[2022-06-13T01:51:30.080+0000][1][safepoint    ] Leaving safepoint region
[2022-06-13T01:51:30.080+0000][1][safepoint    ] Total time for which application threads were stopped: 0.0007276 seconds, Stopping threads took: 0.0003243 seconds
[2022-06-13T01:51:30.086+0000][1][safepoint    ] Application time: 0.0051311 seconds
[2022-06-13T01:51:30.086+0000][1][safepoint    ] Entering safepoint region: RevokeBias
[2022-06-13T01:51:30.087+0000][1][safepoint    ] Leaving safepoint region
[2022-06-13T01:51:30.087+0000][1][safepoint    ] Total time for which application threads were stopped: 0.0007248 seconds, Stopping threads took: 0.0003737 seconds
[2022-06-13T01:51:30.092+0000][1][safepoint    ] Application time: 0.0045641 seconds
[2022-06-13T01:51:30.092+0000][1][safepoint    ] Entering safepoint region: RevokeBias
[2022-06-13T01:51:30.092+0000][1][safepoint    ] Leaving safepoint region
[2022-06-13T01:51:30.093+0000][1][safepoint    ] Total time for which application threads were stopped: 0.0005774 seconds, Stopping threads took: 0.0002796 seconds
[2022-06-13T01:51:30.093+0000][1][safepoint    ] Application time: 0.0001382 seconds
[2022-06-13T01:51:30.093+0000][1][safepoint    ] Entering safepoint region: RevokeBias
[2022-06-13T01:51:30.094+0000][1][safepoint    ] Leaving safepoint region
[2022-06-13T01:51:30.094+0000][1][safepoint    ] Total time for which application threads were stopped: 0.0005884 seconds, Stopping threads took: 0.0002504 seconds
[2022-06-13T01:51:30.094+0000][1][safepoint    ] Application time: 0.0001724 seconds
[2022-06-13T01:51:30.095+0000][1][safepoint    ] Entering safepoint region: RevokeBias
[2022-06-13T01:51:30.095+0000][1][safepoint    ] Leaving safepoint region
[2022-06-13T01:51:30.095+0000][1][safepoint    ] Total time for which application threads were stopped: 0.0005714 seconds, Stopping threads took: 0.0002256 seconds
[2022-06-13T01:51:30.097+0000][1][safepoint    ] Application time: 0.0014390 seconds
[2022-06-13T01:51:30.097+0000][1][safepoint    ] Entering safepoint region: RevokeBias
[2022-06-13T01:51:30.097+0000][1][safepoint    ] Leaving safepoint region
[2022-06-13T01:51:30.098+0000][1][safepoint    ] Total time for which application threads were stopped: 0.0005149 seconds, Stopping threads took: 0.0002230 seconds
[2022-06-13T01:51:30.098+0000][1][safepoint    ] Application time: 0.0003360 seconds
[2022-06-13T01:51:30.099+0000][1][safepoint    ] Entering safepoint region: RevokeBias
[2022-06-13T01:51:30.099+0000][1][safepoint    ] Leaving safepoint region
[2022-06-13T01:51:30.099+0000][1][safepoint    ] Total time for which application threads were stopped: 0.0004608 seconds, Stopping threads took: 0.0002249 seconds
[2022-06-13T01:51:30.099+0000][1][safepoint    ] Application time: 0.0001744 seconds
[2022-06-13T01:51:30.100+0000][1][safepoint    ] Entering safepoint region: RevokeBias
[2022-06-13T01:51:30.100+0000][1][safepoint    ] Leaving safepoint region
[2022-06-13T01:51:30.100+0000][1][safepoint    ] Total time for which application threads were stopped: 0.0006255 seconds, Stopping threads took: 0.0002799 seconds
[2022-06-13T01:51:30.113+0000][1][safepoint    ] Application time: 0.0127505 seconds
[2022-06-13T01:51:30.114+0000][1][safepoint    ] Entering safepoint region: RevokeBias
[2022-06-13T01:51:30.114+0000][1][safepoint    ] Leaving safepoint region
[2022-06-13T01:51:30.115+0000][1][safepoint    ] Total time for which application threads were stopped: 0.0007884 seconds, Stopping threads took: 0.0003769 seconds
[2022-06-13T01:51:30.115+0000][1][safepoint    ] Application time: 0.0005226 seconds
[2022-06-13T01:51:30.116+0000][1][safepoint    ] Entering safepoint region: RevokeBias
[2022-06-13T01:51:30.116+0000][1][safepoint    ] Leaving safepoint region
[2022-06-13T01:51:30.117+0000][1][safepoint    ] Total time for which application threads were stopped: 0.0009043 seconds, Stopping threads took: 0.0004979 seconds
[2022-06-13T01:51:30.117+0000][1][safepoint    ] Application time: 0.0002571 seconds
[2022-06-13T01:51:30.118+0000][1][safepoint    ] Entering safepoint region: RevokeBias
[2022-06-13T01:51:30.118+0000][1][safepoint    ] Leaving safepoint region
[2022-06-13T01:51:30.118+0000][1][safepoint    ] Total time for which application threads were stopped: 0.0005566 seconds, Stopping threads took: 0.0002967 seconds
[2022-06-13T01:51:30.119+0000][1][safepoint    ] Application time: 0.0007507 seconds
[2022-06-13T01:51:30.119+0000][1][safepoint    ] Entering safepoint region: RevokeBias
[2022-06-13T01:51:30.120+0000][1][safepoint    ] Leaving safepoint region
[2022-06-13T01:51:30.120+0000][1][safepoint    ] Total time for which application threads were stopped: 0.0007462 seconds, Stopping threads took: 0.0003915 seconds
[2022-06-13T01:51:30.122+0000][1][safepoint    ] Application time: 0.0010388 seconds
[2022-06-13T01:51:30.122+0000][1][safepoint    ] Entering safepoint region: RevokeBias
[2022-06-13T01:51:30.122+0000][1][safepoint    ] Leaving safepoint region
[2022-06-13T01:51:30.123+0000][1][safepoint    ] Total time for which application threads were stopped: 0.0007565 seconds, Stopping threads took: 0.0004294 seconds
[2022-06-13T01:51:30.123+0000][1][safepoint    ] Application time: 0.0002282 seconds
[2022-06-13T01:51:30.123+0000][1][safepoint    ] Entering safepoint region: RevokeBias
[2022-06-13T01:51:30.124+0000][1][safepoint    ] Leaving safepoint region
[2022-06-13T01:51:30.124+0000][1][safepoint    ] Total time for which application threads were stopped: 0.0006203 seconds, Stopping threads took: 0.0003049 seconds
[2022-06-13T01:51:30.125+0000][1][safepoint    ] Application time: 0.0002353 seconds
[2022-06-13T01:51:30.125+0000][1][safepoint    ] Entering safepoint region: RevokeBias
[2022-06-13T01:51:30.126+0000][1][safepoint    ] Leaving safepoint region
[2022-06-13T01:51:30.126+0000][1][safepoint    ] Total time for which application threads were stopped: 0.0008291 seconds, Stopping threads took: 0.0004096 seconds
[2022-06-13T01:51:30.127+0000][1][safepoint    ] Application time: 0.0004918 seconds
[2022-06-13T01:51:30.127+0000][1][safepoint    ] Entering safepoint region: RevokeBias
[2022-06-13T01:51:30.128+0000][1][safepoint    ] Leaving safepoint region
[2022-06-13T01:51:30.128+0000][1][safepoint    ] Total time for which application threads were stopped: 0.0007258 seconds, Stopping threads took: 0.0004065 seconds
[2022-06-13T01:51:30.134+0000][1][safepoint    ] Application time: 0.0060346 seconds
[2022-06-13T01:51:30.135+0000][1][safepoint    ] Entering safepoint region: RevokeBias
[2022-06-13T01:51:30.135+0000][1][safepoint    ] Leaving safepoint region
[2022-06-13T01:51:30.135+0000][1][safepoint    ] Total time for which application threads were stopped: 0.0007581 seconds, Stopping threads took: 0.0003831 seconds
[2022-06-13T01:51:30.140+0000][1][safepoint    ] Application time: 0.0040356 seconds
[2022-06-13T01:51:30.140+0000][1][safepoint    ] Entering safepoint region: RevokeBias
[2022-06-13T01:51:30.140+0000][1][safepoint    ] Leaving safepoint region
[2022-06-13T01:51:30.141+0000][1][safepoint    ] Total time for which application threads were stopped: 0.0008674 seconds, Stopping threads took: 0.0002954 seconds
[2022-06-13T01:51:30.141+0000][1][safepoint    ] Application time: 0.0003429 seconds
[2022-06-13T01:51:30.142+0000][1][safepoint    ] Entering safepoint region: RevokeBias
[2022-06-13T01:51:30.142+0000][1][safepoint    ] Leaving safepoint region
[2022-06-13T01:51:30.142+0000][1][safepoint    ] Total time for which application threads were stopped: 0.0005438 seconds, Stopping threads took: 0.0002505 seconds
[2022-06-13T01:51:30.143+0000][1][safepoint    ] Application time: 0.0002274 seconds
[2022-06-13T01:51:30.143+0000][1][safepoint    ] Entering safepoint region: RevokeBias
[2022-06-13T01:51:30.144+0000][1][safepoint    ] Leaving safepoint region
[2022-06-13T01:51:30.144+0000][1][safepoint    ] Total time for which application threads were stopped: 0.0005528 seconds, Stopping threads took: 0.0002375 seconds
[2022-06-13T01:51:30.145+0000][1][safepoint    ] Application time: 0.0007240 seconds
[2022-06-13T01:51:30.145+0000][1][safepoint    ] Entering safepoint region: RevokeBias
[2022-06-13T01:51:30.146+0000][1][safepoint    ] Leaving safepoint region
[2022-06-13T01:51:30.146+0000][1][safepoint    ] Total time for which application threads were stopped: 0.0007490 seconds, Stopping threads took: 0.0003653 seconds
[2022-06-13T01:51:30.146+0000][1][safepoint    ] Application time: 0.0002400 seconds
[2022-06-13T01:51:30.147+0000][1][safepoint    ] Entering safepoint region: RevokeBias
[2022-06-13T01:51:30.147+0000][1][safepoint    ] Leaving safepoint region
[2022-06-13T01:51:30.148+0000][1][safepoint    ] Total time for which application threads were stopped: 0.0006476 seconds, Stopping threads took: 0.0003132 seconds
[2022-06-13T01:51:30.152+0000][1][safepoint    ] Application time: 0.0038313 seconds
[2022-06-13T01:51:30.152+0000][1][safepoint    ] Entering safepoint region: RevokeBias
[2022-06-13T01:51:30.153+0000][1][safepoint    ] Leaving safepoint region
[2022-06-13T01:51:30.153+0000][1][safepoint    ] Total time for which application threads were stopped: 0.0007163 seconds, Stopping threads took: 0.0003740 seconds
[2022-06-13T01:51:30.154+0000][1][safepoint    ] Application time: 0.0002887 seconds
[2022-06-13T01:51:30.154+0000][1][safepoint    ] Entering safepoint region: RevokeBias
[2022-06-13T01:51:30.154+0000][1][safepoint    ] Leaving safepoint region
[2022-06-13T01:51:30.155+0000][1][safepoint    ] Total time for which application threads were stopped: 0.0007956 seconds, Stopping threads took: 0.0003821 seconds
[2022-06-13T01:51:30.155+0000][1][safepoint    ] Application time: 0.0002219 seconds
[2022-06-13T01:51:30.156+0000][1][safepoint    ] Entering safepoint region: RevokeBias
[2022-06-13T01:51:30.156+0000][1][safepoint    ] Leaving safepoint region
[2022-06-13T01:51:30.156+0000][1][safepoint    ] Total time for which application threads were stopped: 0.0009089 seconds, Stopping threads took: 0.0004669 seconds
[2022-06-13T01:51:30.157+0000][1][safepoint    ] Application time: 0.0002071 seconds
[2022-06-13T01:51:30.157+0000][1][safepoint    ] Entering safepoint region: RevokeBias
[2022-06-13T01:51:30.157+0000][1][safepoint    ] Leaving safepoint region
[2022-06-13T01:51:30.158+0000][1][safepoint    ] Total time for which application threads were stopped: 0.0006035 seconds, Stopping threads took: 0.0003014 seconds
[2022-06-13T01:51:30.158+0000][1][safepoint    ] Application time: 0.0001904 seconds
[2022-06-13T01:51:30.158+0000][1][safepoint    ] Entering safepoint region: RevokeBias
[2022-06-13T01:51:30.159+0000][1][safepoint    ] Leaving safepoint region
[2022-06-13T01:51:30.159+0000][1][safepoint    ] Total time for which application threads were stopped: 0.0010043 seconds, Stopping threads took: 0.0002554 seconds
[2022-06-13T01:51:30.160+0000][1][safepoint    ] Application time: 0.0001933 seconds
[2022-06-13T01:51:30.160+0000][1][safepoint    ] Entering safepoint region: RevokeBias
[2022-06-13T01:51:30.161+0000][1][safepoint    ] Leaving safepoint region
[2022-06-13T01:51:30.161+0000][1][safepoint    ] Total time for which application threads were stopped: 0.0008242 seconds, Stopping threads took: 0.0005444 seconds
[2022-06-13T01:51:30.161+0000][1][safepoint    ] Application time: 0.0001613 seconds
[2022-06-13T01:51:30.162+0000][1][safepoint    ] Entering safepoint region: RevokeBias
[2022-06-13T01:51:30.162+0000][1][safepoint    ] Leaving safepoint region
[2022-06-13T01:51:30.162+0000][1][safepoint    ] Total time for which application threads were stopped: 0.0006353 seconds, Stopping threads took: 0.0003554 seconds
[2022-06-13T01:51:30.162+0000][1][safepoint    ] Application time: 0.0002075 seconds
[2022-06-13T01:51:30.163+0000][1][safepoint    ] Entering safepoint region: RevokeBias
[2022-06-13T01:51:30.163+0000][1][safepoint    ] Leaving safepoint region
[2022-06-13T01:51:30.163+0000][1][safepoint    ] Total time for which application threads were stopped: 0.0004648 seconds, Stopping threads took: 0.0002518 seconds
[2022-06-13T01:51:30.163+0000][1][safepoint    ] Application time: 0.0001602 seconds
[2022-06-13T01:51:30.164+0000][1][safepoint    ] Entering safepoint region: RevokeBias
[2022-06-13T01:51:30.164+0000][1][safepoint    ] Leaving safepoint region
[2022-06-13T01:51:30.164+0000][1][safepoint    ] Total time for which application threads were stopped: 0.0005969 seconds, Stopping threads took: 0.0003074 seconds
[2022-06-13T01:51:30.165+0000][1][safepoint    ] Application time: 0.0001934 seconds
[2022-06-13T01:51:30.165+0000][1][safepoint    ] Entering safepoint region: RevokeBias
[2022-06-13T01:51:30.165+0000][1][safepoint    ] Leaving safepoint region
[2022-06-13T01:51:30.165+0000][1][safepoint    ] Total time for which application threads were stopped: 0.0005552 seconds, Stopping threads took: 0.0002847 seconds
[2022-06-13T01:51:30.166+0000][1][safepoint    ] Application time: 0.0003923 seconds
[2022-06-13T01:51:30.166+0000][1][safepoint    ] Entering safepoint region: RevokeBias
[2022-06-13T01:51:30.167+0000][1][safepoint    ] Leaving safepoint region
[2022-06-13T01:51:30.167+0000][1][safepoint    ] Total time for which application threads were stopped: 0.0006252 seconds, Stopping threads took: 0.0003268 seconds
[2022-06-13T01:51:31.214+0000][1][safepoint    ] Application time: 1.0471485 seconds
[2022-06-13T01:51:31.215+0000][1][safepoint    ] Entering safepoint region: Cleanup
[2022-06-13T01:51:31.216+0000][1][safepoint    ] Leaving safepoint region
[2022-06-13T01:51:31.216+0000][1][safepoint    ] Total time for which application threads were stopped: 0.0007580 seconds, Stopping threads took: 0.0003001 seconds
[2022-06-13T01:51:33.217+0000][1][safepoint    ] Application time: 2.0003738 seconds
[2022-06-13T01:51:33.218+0000][1][safepoint    ] Entering safepoint region: Cleanup
[2022-06-13T01:51:33.219+0000][1][safepoint    ] Leaving safepoint region
[2022-06-13T01:51:33.219+0000][1][safepoint    ] Total time for which application threads were stopped: 0.0009627 seconds, Stopping threads took: 0.0005512 seconds
[2022-06-13T01:51:34.220+0000][1][safepoint    ] Application time: 1.0001958 seconds
[2022-06-13T01:51:34.220+0000][1][safepoint    ] Entering safepoint region: Cleanup
[2022-06-13T01:51:34.221+0000][1][safepoint    ] Leaving safepoint region
[2022-06-13T01:51:34.221+0000][1][safepoint    ] Total time for which application threads were stopped: 0.0007433 seconds, Stopping threads took: 0.0004019 seconds
[2022-06-13T01:51:35.903+0000][1][safepoint    ] Application time: 1.6819091 seconds
[2022-06-13T01:51:35.904+0000][1][safepoint    ] Entering safepoint region: RevokeBias
[2022-06-13T01:51:35.905+0000][1][safepoint    ] Leaving safepoint region
[2022-06-13T01:51:35.905+0000][1][safepoint    ] Total time for which application threads were stopped: 0.0009508 seconds, Stopping threads took: 0.0005156 seconds
[2022-06-13T01:51:35.905+0000][1][safepoint    ] Application time: 0.0002353 seconds
[2022-06-13T01:51:35.906+0000][1][safepoint    ] Entering safepoint region: RevokeBias
[2022-06-13T01:51:35.906+0000][1][safepoint    ] Leaving safepoint region
[2022-06-13T01:51:35.906+0000][1][safepoint    ] Total time for which application threads were stopped: 0.0005204 seconds, Stopping threads took: 0.0002252 seconds
[2022-06-13T01:51:37.907+0000][1][safepoint    ] Application time: 2.0003331 seconds
[2022-06-13T01:51:37.907+0000][1][safepoint    ] Entering safepoint region: Cleanup
[2022-06-13T01:51:37.908+0000][1][safepoint    ] Leaving safepoint region
[2022-06-13T01:51:37.908+0000][1][safepoint    ] Total time for which application threads were stopped: 0.0010776 seconds, Stopping threads took: 0.0006694 seconds
[2022-06-13T01:51:39.909+0000][1][safepoint    ] Application time: 2.0002935 seconds
[2022-06-13T01:51:39.910+0000][1][safepoint    ] Entering safepoint region: Cleanup
[2022-06-13T01:51:39.911+0000][1][safepoint    ] Leaving safepoint region
[2022-06-13T01:51:39.911+0000][1][safepoint    ] Total time for which application threads were stopped: 0.0014341 seconds, Stopping threads took: 0.0008609 seconds
[2022-06-13T01:51:44.912+0000][1][safepoint    ] Application time: 5.0007104 seconds
[2022-06-13T01:51:44.913+0000][1][safepoint    ] Entering safepoint region: Cleanup
[2022-06-13T01:51:44.913+0000][1][safepoint    ] Leaving safepoint region
[2022-06-13T01:51:44.914+0000][1][safepoint    ] Total time for which application threads were stopped: 0.0008917 seconds, Stopping threads took: 0.0004394 seconds
[2022-06-13T01:51:46.914+0000][1][safepoint    ] Application time: 2.0003297 seconds
[2022-06-13T01:51:46.915+0000][1][safepoint    ] Entering safepoint region: Cleanup
[2022-06-13T01:51:46.916+0000][1][safepoint    ] Leaving safepoint region
[2022-06-13T01:51:46.916+0000][1][safepoint    ] Total time for which application threads were stopped: 0.0010892 seconds, Stopping threads took: 0.0006487 seconds
[2022-06-13T01:51:49.917+0000][1][safepoint    ] Application time: 3.0005739 seconds
[2022-06-13T01:51:49.917+0000][1][safepoint    ] Entering safepoint region: Cleanup
[2022-06-13T01:51:49.918+0000][1][safepoint    ] Leaving safepoint region
[2022-06-13T01:51:49.918+0000][1][safepoint    ] Total time for which application threads were stopped: 0.0009144 seconds, Stopping threads took: 0.0004052 seconds
[2022-06-13T01:51:50.919+0000][1][safepoint    ] Application time: 1.0002495 seconds
[2022-06-13T01:51:50.919+0000][1][safepoint    ] Entering safepoint region: Cleanup
[2022-06-13T01:51:50.920+0000][1][safepoint    ] Leaving safepoint region
[2022-06-13T01:51:50.920+0000][1][safepoint    ] Total time for which application threads were stopped: 0.0007956 seconds, Stopping threads took: 0.0003666 seconds
[2022-06-13T01:51:53.921+0000][1][safepoint    ] Application time: 3.0006946 seconds
[2022-06-13T01:51:53.922+0000][1][safepoint    ] Entering safepoint region: Cleanup
[2022-06-13T01:51:53.923+0000][1][safepoint    ] Leaving safepoint region
[2022-06-13T01:51:53.923+0000][1][safepoint    ] Total time for which application threads were stopped: 0.0012917 seconds, Stopping threads took: 0.0006395 seconds
[2022-06-13T01:51:54.924+0000][1][safepoint    ] Application time: 1.0003442 seconds
[2022-06-13T01:51:54.925+0000][1][safepoint    ] Entering safepoint region: Cleanup
[2022-06-13T01:51:54.925+0000][1][safepoint    ] Leaving safepoint region
[2022-06-13T01:51:54.926+0000][1][safepoint    ] Total time for which application threads were stopped: 0.0015999 seconds, Stopping threads took: 0.0007687 seconds
[2022-06-13T01:51:59.927+0000][1][safepoint    ] Application time: 5.0008477 seconds
[2022-06-13T01:51:59.928+0000][1][safepoint    ] Entering safepoint region: Cleanup
[2022-06-13T01:51:59.929+0000][1][safepoint    ] Leaving safepoint region
[2022-06-13T01:51:59.929+0000][1][safepoint    ] Total time for which application threads were stopped: 0.0013517 seconds, Stopping threads took: 0.0007570 seconds
[2022-06-13T01:52:02.930+0000][1][safepoint    ] Application time: 3.0006502 seconds
[2022-06-13T01:52:02.931+0000][1][safepoint    ] Entering safepoint region: Cleanup
[2022-06-13T01:52:02.932+0000][1][safepoint    ] Leaving safepoint region
[2022-06-13T01:52:02.932+0000][1][safepoint    ] Total time for which application threads were stopped: 0.0010565 seconds, Stopping threads took: 0.0005745 seconds
[2022-06-13T01:52:09.933+0000][1][safepoint    ] Application time: 7.0013260 seconds
[2022-06-13T01:52:09.934+0000][1][safepoint    ] Entering safepoint region: Cleanup
[2022-06-13T01:52:09.935+0000][1][safepoint    ] Leaving safepoint region
[2022-06-13T01:52:09.935+0000][1][safepoint    ] Total time for which application threads were stopped: 0.0011772 seconds, Stopping threads took: 0.0003794 seconds
[2022-06-13T01:52:11.522+0000][1][safepoint    ] Application time: 1.5860774 seconds
[2022-06-13T01:52:11.522+0000][1][safepoint    ] Entering safepoint region: RevokeBias
[2022-06-13T01:52:11.522+0000][1][safepoint    ] Leaving safepoint region
[2022-06-13T01:52:11.523+0000][1][safepoint    ] Total time for which application threads were stopped: 0.0006099 seconds, Stopping threads took: 0.0003009 seconds
[2022-06-13T01:52:24.525+0000][1][safepoint    ] Application time: 13.0020121 seconds
[2022-06-13T01:52:24.526+0000][1][safepoint    ] Entering safepoint region: Cleanup
[2022-06-13T01:52:24.526+0000][1][safepoint    ] Leaving safepoint region
[2022-06-13T01:52:24.526+0000][1][safepoint    ] Total time for which application threads were stopped: 0.0005318 seconds, Stopping threads took: 0.0002038 seconds
[2022-06-13T01:52:26.527+0000][1][safepoint    ] Application time: 2.0002964 seconds
[2022-06-13T01:52:26.527+0000][1][safepoint    ] Entering safepoint region: Cleanup
[2022-06-13T01:52:26.528+0000][1][safepoint    ] Leaving safepoint region
[2022-06-13T01:52:26.528+0000][1][safepoint    ] Total time for which application threads were stopped: 0.0010562 seconds, Stopping threads took: 0.0005361 seconds
[2022-06-13T01:52:30.530+0000][1][safepoint    ] Application time: 4.0013894 seconds
[2022-06-13T01:52:30.531+0000][1][safepoint    ] Entering safepoint region: Cleanup
[2022-06-13T01:52:30.532+0000][1][safepoint    ] Leaving safepoint region
[2022-06-13T01:52:30.533+0000][1][safepoint    ] Total time for which application threads were stopped: 0.0015792 seconds, Stopping threads took: 0.0008356 seconds
[2022-06-13T01:52:33.534+0000][1][safepoint    ] Application time: 3.0005624 seconds
[2022-06-13T01:52:33.534+0000][1][safepoint    ] Entering safepoint region: Cleanup
[2022-06-13T01:52:33.535+0000][1][safepoint    ] Leaving safepoint region
[2022-06-13T01:52:33.535+0000][1][safepoint    ] Total time for which application threads were stopped: 0.0008872 seconds, Stopping threads took: 0.0003890 seconds
[2022-06-13T01:52:37.537+0000][1][safepoint    ] Application time: 4.0008362 seconds
[2022-06-13T01:52:37.537+0000][1][safepoint    ] Entering safepoint region: Cleanup
[2022-06-13T01:52:37.538+0000][1][safepoint    ] Leaving safepoint region
[2022-06-13T01:52:37.538+0000][1][safepoint    ] Total time for which application threads were stopped: 0.0011805 seconds, Stopping threads took: 0.0006678 seconds
[2022-06-13T01:52:38.539+0000][1][safepoint    ] Application time: 1.0001683 seconds
[2022-06-13T01:52:38.540+0000][1][safepoint    ] Entering safepoint region: Cleanup
[2022-06-13T01:52:38.540+0000][1][safepoint    ] Leaving safepoint region
[2022-06-13T01:52:38.541+0000][1][safepoint    ] Total time for which application threads were stopped: 0.0016433 seconds, Stopping threads took: 0.0007515 seconds
[2022-06-13T01:52:39.542+0000][1][safepoint    ] Application time: 1.0002712 seconds
[2022-06-13T01:52:39.543+0000][1][safepoint    ] Entering safepoint region: Cleanup
[2022-06-13T01:52:39.543+0000][1][safepoint    ] Leaving safepoint region
[2022-06-13T01:52:39.543+0000][1][safepoint    ] Total time for which application threads were stopped: 0.0006051 seconds, Stopping threads took: 0.0003361 seconds
[2022-06-13T01:52:43.544+0000][1][safepoint    ] Application time: 4.0008242 seconds
[2022-06-13T01:52:43.545+0000][1][safepoint    ] Entering safepoint region: Cleanup
[2022-06-13T01:52:43.545+0000][1][safepoint    ] Leaving safepoint region
[2022-06-13T01:52:43.545+0000][1][safepoint    ] Total time for which application threads were stopped: 0.0008124 seconds, Stopping threads took: 0.0003093 seconds
[2022-06-13T01:52:44.546+0000][1][safepoint    ] Application time: 1.0001545 seconds
[2022-06-13T01:52:44.547+0000][1][safepoint    ] Entering safepoint region: Cleanup
[2022-06-13T01:52:44.547+0000][1][safepoint    ] Leaving safepoint region
[2022-06-13T01:52:44.548+0000][1][safepoint    ] Total time for which application threads were stopped: 0.0013112 seconds, Stopping threads took: 0.0005919 seconds
[2022-06-13T01:52:49.549+0000][1][safepoint    ] Application time: 5.0007751 seconds
[2022-06-13T01:52:49.550+0000][1][safepoint    ] Entering safepoint region: Cleanup
[2022-06-13T01:52:49.551+0000][1][safepoint    ] Leaving safepoint region
[2022-06-13T01:52:49.552+0000][1][safepoint    ] Total time for which application threads were stopped: 0.0015016 seconds, Stopping threads took: 0.0006705 seconds
[2022-06-13T01:52:50.553+0000][1][safepoint    ] Application time: 1.0005607 seconds
[2022-06-13T01:52:50.554+0000][1][safepoint    ] Entering safepoint region: Cleanup
[2022-06-13T01:52:50.555+0000][1][safepoint    ] Leaving safepoint region
[2022-06-13T01:52:50.556+0000][1][safepoint    ] Total time for which application threads were stopped: 0.0020799 seconds, Stopping threads took: 0.0008718 seconds
[2022-06-13T01:52:56.326+0000][1][safepoint    ] Application time: 5.7694620 seconds
[2022-06-13T01:52:56.326+0000][1][safepoint    ] Entering safepoint region: RevokeBias
[2022-06-13T01:52:56.327+0000][1][safepoint    ] Leaving safepoint region
[2022-06-13T01:52:56.327+0000][1][safepoint    ] Total time for which application threads were stopped: 0.0007547 seconds, Stopping threads took: 0.0003141 seconds
[2022-06-13T01:52:56.328+0000][1][safepoint    ] Application time: 0.0002869 seconds
[2022-06-13T01:52:56.328+0000][1][safepoint    ] Entering safepoint region: RevokeBias
[2022-06-13T01:52:56.328+0000][1][safepoint    ] Leaving safepoint region
[2022-06-13T01:52:56.329+0000][1][safepoint    ] Total time for which application threads were stopped: 0.0008484 seconds, Stopping threads took: 0.0002718 seconds
[2022-06-13T01:52:56.330+0000][1][safepoint    ] Application time: 0.0003533 seconds
[2022-06-13T01:52:56.330+0000][1][safepoint    ] Entering safepoint region: GenCollectForAllocation
[2022-06-13T01:52:56.331+0000][1][gc,start     ] GC(22) Pause Young (Allocation Failure)
[2022-06-13T01:52:56.331+0000][1][gc,task      ] GC(22) Using 5 workers of 13 for evacuation
[2022-06-13T01:52:56.341+0000][1][gc,age       ] GC(22) Desired survivor size 4456448 bytes, new threshold 2 (max threshold 6)
[2022-06-13T01:52:56.342+0000][1][gc,age       ] GC(22) Age table with threshold 2 (max threshold 6)
[2022-06-13T01:52:56.342+0000][1][gc,age       ] GC(22) - age   1:    1591592 bytes,    1591592 total
[2022-06-13T01:52:56.343+0000][1][gc,age       ] GC(22) - age   2:    3687752 bytes,    5279344 total
[2022-06-13T01:52:56.343+0000][1][gc,heap      ] GC(22) ParNew: 76885K->8187K(78656K)
[2022-06-13T01:52:56.344+0000][1][gc,heap      ] GC(22) CMS: 62937K->64298K(174784K)
[2022-06-13T01:52:56.344+0000][1][gc,metaspace ] GC(22) Metaspace: 64921K->64921K(1107968K)
[2022-06-13T01:52:56.345+0000][1][gc           ] GC(22) Pause Young (Allocation Failure) 136M->70M(247M) 14.133ms
[2022-06-13T01:52:56.345+0000][1][gc,cpu       ] GC(22) User=0.04s Sys=0.01s Real=0.01s
[2022-06-13T01:52:56.346+0000][1][safepoint    ] Leaving safepoint region
[2022-06-13T01:52:56.347+0000][1][safepoint    ] Total time for which application threads were stopped: 0.0166412 seconds, Stopping threads took: 0.0002574 seconds
[2022-06-13T01:52:56.349+0000][1][safepoint    ] Application time: 0.0016624 seconds
[2022-06-13T01:52:56.350+0000][1][safepoint    ] Entering safepoint region: RevokeBias
[2022-06-13T01:52:56.351+0000][1][safepoint    ] Leaving safepoint region
[2022-06-13T01:52:56.351+0000][1][safepoint    ] Total time for which application threads were stopped: 0.0015816 seconds, Stopping threads took: 0.0008301 seconds
[2022-06-13T01:52:56.353+0000][1][safepoint    ] Application time: 0.0009277 seconds
[2022-06-13T01:52:56.354+0000][1][safepoint    ] Entering safepoint region: RevokeBias
[2022-06-13T01:52:56.354+0000][1][safepoint    ] Leaving safepoint region
[2022-06-13T01:52:56.354+0000][1][safepoint    ] Total time for which application threads were stopped: 0.0007173 seconds, Stopping threads took: 0.0003079 seconds
[2022-06-13T01:52:56.355+0000][1][safepoint    ] Application time: 0.0005033 seconds
[2022-06-13T01:52:56.356+0000][1][safepoint    ] Entering safepoint region: RevokeBias
[2022-06-13T01:52:56.357+0000][1][safepoint    ] Leaving safepoint region
[2022-06-13T01:52:56.357+0000][1][safepoint    ] Total time for which application threads were stopped: 0.0012044 seconds, Stopping threads took: 0.0005827 seconds
[2022-06-13T01:52:56.358+0000][1][safepoint    ] Application time: 0.0005933 seconds
[2022-06-13T01:52:56.359+0000][1][safepoint    ] Entering safepoint region: RevokeBias
[2022-06-13T01:52:56.359+0000][1][safepoint    ] Leaving safepoint region
[2022-06-13T01:52:56.359+0000][1][safepoint    ] Total time for which application threads were stopped: 0.0007437 seconds, Stopping threads took: 0.0004012 seconds
[2022-06-13T01:52:56.361+0000][1][safepoint    ] Application time: 0.0018026 seconds
[2022-06-13T01:52:56.362+0000][1][safepoint    ] Entering safepoint region: RevokeBias
[2022-06-13T01:52:56.362+0000][1][safepoint    ] Leaving safepoint region
[2022-06-13T01:52:56.362+0000][1][safepoint    ] Total time for which application threads were stopped: 0.0006313 seconds, Stopping threads took: 0.0003232 seconds
[2022-06-13T01:52:56.364+0000][1][safepoint    ] Application time: 0.0007462 seconds
[2022-06-13T01:52:56.364+0000][1][safepoint    ] Entering safepoint region: RevokeBias
[2022-06-13T01:52:56.365+0000][1][safepoint    ] Leaving safepoint region
[2022-06-13T01:52:56.366+0000][1][safepoint    ] Total time for which application threads were stopped: 0.0014938 seconds, Stopping threads took: 0.0009411 seconds
[2022-06-13T01:52:56.367+0000][1][safepoint    ] Application time: 0.0008445 seconds
[2022-06-13T01:52:56.367+0000][1][safepoint    ] Entering safepoint region: RevokeBias
[2022-06-13T01:52:56.368+0000][1][safepoint    ] Leaving safepoint region
[2022-06-13T01:52:56.368+0000][1][safepoint    ] Total time for which application threads were stopped: 0.0012128 seconds, Stopping threads took: 0.0004919 seconds
[2022-06-13T01:52:56.370+0000][1][safepoint    ] Application time: 0.0007941 seconds
[2022-06-13T01:52:56.370+0000][1][safepoint    ] Entering safepoint region: BulkRevokeBias
[2022-06-13T01:52:56.371+0000][1][safepoint    ] Leaving safepoint region
[2022-06-13T01:52:56.371+0000][1][safepoint    ] Total time for which application threads were stopped: 0.0010129 seconds, Stopping threads took: 0.0005007 seconds
[2022-06-13T01:52:56.373+0000][1][safepoint    ] Application time: 0.0011066 seconds
[2022-06-13T01:52:56.373+0000][1][safepoint    ] Entering safepoint region: RevokeBias
[2022-06-13T01:52:56.374+0000][1][safepoint    ] Leaving safepoint region
[2022-06-13T01:52:56.374+0000][1][safepoint    ] Total time for which application threads were stopped: 0.0008587 seconds, Stopping threads took: 0.0003707 seconds
[2022-06-13T01:52:56.375+0000][1][safepoint    ] Application time: 0.0005945 seconds
[2022-06-13T01:52:56.376+0000][1][safepoint    ] Entering safepoint region: RevokeBias
[2022-06-13T01:52:56.376+0000][1][safepoint    ] Leaving safepoint region
[2022-06-13T01:52:56.377+0000][1][safepoint    ] Total time for which application threads were stopped: 0.0007386 seconds, Stopping threads took: 0.0002586 seconds
[2022-06-13T01:52:56.378+0000][1][safepoint    ] Application time: 0.0010410 seconds
[2022-06-13T01:52:56.378+0000][1][safepoint    ] Entering safepoint region: RevokeBias
[2022-06-13T01:52:56.379+0000][1][safepoint    ] Leaving safepoint region
[2022-06-13T01:52:56.379+0000][1][safepoint    ] Total time for which application threads were stopped: 0.0009138 seconds, Stopping threads took: 0.0004793 seconds
[2022-06-13T01:52:56.380+0000][1][safepoint    ] Application time: 0.0003346 seconds
[2022-06-13T01:52:56.381+0000][1][safepoint    ] Entering safepoint region: RevokeBias
[2022-06-13T01:52:56.381+0000][1][safepoint    ] Leaving safepoint region
[2022-06-13T01:52:56.382+0000][1][safepoint    ] Total time for which application threads were stopped: 0.0007986 seconds, Stopping threads took: 0.0003220 seconds
[2022-06-13T01:52:56.382+0000][1][safepoint    ] Application time: 0.0004111 seconds
[2022-06-13T01:52:56.383+0000][1][safepoint    ] Entering safepoint region: RevokeBias
[2022-06-13T01:52:56.383+0000][1][safepoint    ] Leaving safepoint region
[2022-06-13T01:52:56.383+0000][1][safepoint    ] Total time for which application threads were stopped: 0.0005229 seconds, Stopping threads took: 0.0002424 seconds
[2022-06-13T01:52:56.384+0000][1][safepoint    ] Application time: 0.0006133 seconds
[2022-06-13T01:52:56.384+0000][1][safepoint    ] Entering safepoint region: RevokeBias
[2022-06-13T01:52:56.385+0000][1][safepoint    ] Leaving safepoint region
[2022-06-13T01:52:56.385+0000][1][safepoint    ] Total time for which application threads were stopped: 0.0006390 seconds, Stopping threads took: 0.0003015 seconds
[2022-06-13T01:52:56.386+0000][1][safepoint    ] Application time: 0.0003130 seconds
[2022-06-13T01:52:56.386+0000][1][safepoint    ] Entering safepoint region: RevokeBias
[2022-06-13T01:52:56.386+0000][1][safepoint    ] Leaving safepoint region
[2022-06-13T01:52:56.386+0000][1][safepoint    ] Total time for which application threads were stopped: 0.0004277 seconds, Stopping threads took: 0.0002294 seconds
[2022-06-13T01:52:56.387+0000][1][safepoint    ] Application time: 0.0003831 seconds
[2022-06-13T01:52:56.387+0000][1][safepoint    ] Entering safepoint region: RevokeBias
[2022-06-13T01:52:56.388+0000][1][safepoint    ] Leaving safepoint region
[2022-06-13T01:52:56.388+0000][1][safepoint    ] Total time for which application threads were stopped: 0.0007075 seconds, Stopping threads took: 0.0004096 seconds
[2022-06-13T01:52:56.388+0000][1][safepoint    ] Application time: 0.0002775 seconds
[2022-06-13T01:52:56.389+0000][1][safepoint    ] Entering safepoint region: RevokeBias
[2022-06-13T01:52:56.389+0000][1][safepoint    ] Leaving safepoint region
[2022-06-13T01:52:56.389+0000][1][safepoint    ] Total time for which application threads were stopped: 0.0004196 seconds, Stopping threads took: 0.0001986 seconds
[2022-06-13T01:52:56.390+0000][1][safepoint    ] Application time: 0.0002366 seconds
[2022-06-13T01:52:56.390+0000][1][safepoint    ] Entering safepoint region: RevokeBias
[2022-06-13T01:52:56.390+0000][1][safepoint    ] Leaving safepoint region
[2022-06-13T01:52:56.391+0000][1][safepoint    ] Total time for which application threads were stopped: 0.0009780 seconds, Stopping threads took: 0.0002340 seconds
[2022-06-13T01:52:56.392+0000][1][safepoint    ] Application time: 0.0005522 seconds
[2022-06-13T01:52:56.392+0000][1][safepoint    ] Entering safepoint region: RevokeBias
[2022-06-13T01:52:56.392+0000][1][safepoint    ] Leaving safepoint region
[2022-06-13T01:52:56.393+0000][1][safepoint    ] Total time for which application threads were stopped: 0.0006600 seconds, Stopping threads took: 0.0002761 seconds
[2022-06-13T01:52:56.393+0000][1][safepoint    ] Application time: 0.0002852 seconds
[2022-06-13T01:52:56.394+0000][1][safepoint    ] Entering safepoint region: RevokeBias
[2022-06-13T01:52:56.395+0000][1][safepoint    ] Leaving safepoint region
[2022-06-13T01:52:56.395+0000][1][safepoint    ] Total time for which application threads were stopped: 0.0006374 seconds, Stopping threads took: 0.0003151 seconds
[2022-06-13T01:52:56.395+0000][1][safepoint    ] Application time: 0.0004065 seconds
[2022-06-13T01:52:56.396+0000][1][safepoint    ] Entering safepoint region: RevokeBias
[2022-06-13T01:52:56.396+0000][1][safepoint    ] Leaving safepoint region
[2022-06-13T01:52:56.397+0000][1][safepoint    ] Total time for which application threads were stopped: 0.0009774 seconds, Stopping threads took: 0.0002780 seconds
[2022-06-13T01:52:56.398+0000][1][safepoint    ] Application time: 0.0006172 seconds
[2022-06-13T01:52:56.398+0000][1][safepoint    ] Entering safepoint region: RevokeBias
[2022-06-13T01:52:56.399+0000][1][safepoint    ] Leaving safepoint region
[2022-06-13T01:52:56.399+0000][1][safepoint    ] Total time for which application threads were stopped: 0.0008377 seconds, Stopping threads took: 0.0004010 seconds
[2022-06-13T01:52:56.400+0000][1][safepoint    ] Application time: 0.0003714 seconds
[2022-06-13T01:52:56.400+0000][1][safepoint    ] Entering safepoint region: RevokeBias
[2022-06-13T01:52:56.401+0000][1][safepoint    ] Leaving safepoint region
[2022-06-13T01:52:56.401+0000][1][safepoint    ] Total time for which application threads were stopped: 0.0011258 seconds, Stopping threads took: 0.0004572 seconds
[2022-06-13T01:52:56.402+0000][1][safepoint    ] Application time: 0.0006515 seconds
[2022-06-13T01:52:56.403+0000][1][safepoint    ] Entering safepoint region: RevokeBias
[2022-06-13T01:52:56.404+0000][1][safepoint    ] Leaving safepoint region
[2022-06-13T01:52:56.404+0000][1][safepoint    ] Total time for which application threads were stopped: 0.0010838 seconds, Stopping threads took: 0.0006810 seconds
[2022-06-13T01:52:56.405+0000][1][safepoint    ] Application time: 0.0007196 seconds
[2022-06-13T01:52:56.406+0000][1][safepoint    ] Entering safepoint region: RevokeBias
[2022-06-13T01:52:56.407+0000][1][safepoint    ] Leaving safepoint region
[2022-06-13T01:52:56.407+0000][1][safepoint    ] Total time for which application threads were stopped: 0.0011213 seconds, Stopping threads took: 0.0006498 seconds
[2022-06-13T01:52:56.408+0000][1][safepoint    ] Application time: 0.0002179 seconds
[2022-06-13T01:52:56.408+0000][1][safepoint    ] Entering safepoint region: RevokeBias
[2022-06-13T01:52:56.409+0000][1][safepoint    ] Leaving safepoint region
[2022-06-13T01:52:56.409+0000][1][safepoint    ] Total time for which application threads were stopped: 0.0011612 seconds, Stopping threads took: 0.0007368 seconds
[2022-06-13T01:52:56.410+0000][1][safepoint    ] Application time: 0.0006720 seconds
[2022-06-13T01:52:56.411+0000][1][safepoint    ] Entering safepoint region: BulkRevokeBias
[2022-06-13T01:52:56.412+0000][1][safepoint    ] Leaving safepoint region
[2022-06-13T01:52:56.412+0000][1][safepoint    ] Total time for which application threads were stopped: 0.0013087 seconds, Stopping threads took: 0.0007175 seconds
[2022-06-13T01:52:56.413+0000][1][safepoint    ] Application time: 0.0007098 seconds
[2022-06-13T01:52:56.413+0000][1][safepoint    ] Entering safepoint region: RevokeBias
[2022-06-13T01:52:56.414+0000][1][safepoint    ] Leaving safepoint region
[2022-06-13T01:52:56.415+0000][1][safepoint    ] Total time for which application threads were stopped: 0.0012488 seconds, Stopping threads took: 0.0003406 seconds
[2022-06-13T01:52:56.415+0000][1][safepoint    ] Application time: 0.0003516 seconds
[2022-06-13T01:52:56.416+0000][1][safepoint    ] Entering safepoint region: RevokeBias
[2022-06-13T01:52:56.416+0000][1][safepoint    ] Leaving safepoint region
[2022-06-13T01:52:56.416+0000][1][safepoint    ] Total time for which application threads were stopped: 0.0004516 seconds, Stopping threads took: 0.0002400 seconds
[2022-06-13T01:52:56.417+0000][1][safepoint    ] Application time: 0.0005916 seconds
[2022-06-13T01:52:56.417+0000][1][safepoint    ] Entering safepoint region: RevokeBias
[2022-06-13T01:52:56.417+0000][1][safepoint    ] Leaving safepoint region
[2022-06-13T01:52:56.418+0000][1][safepoint    ] Total time for which application threads were stopped: 0.0007789 seconds, Stopping threads took: 0.0004504 seconds
[2022-06-13T01:52:56.418+0000][1][safepoint    ] Application time: 0.0001257 seconds
[2022-06-13T01:52:56.418+0000][1][safepoint    ] Entering safepoint region: RevokeBias
[2022-06-13T01:52:56.419+0000][1][safepoint    ] Leaving safepoint region
[2022-06-13T01:52:56.419+0000][1][safepoint    ] Total time for which application threads were stopped: 0.0003201 seconds, Stopping threads took: 0.0001681 seconds
[2022-06-13T01:52:56.420+0000][1][safepoint    ] Application time: 0.0008212 seconds
[2022-06-13T01:52:56.420+0000][1][safepoint    ] Entering safepoint region: RevokeBias
[2022-06-13T01:52:56.420+0000][1][safepoint    ] Leaving safepoint region
[2022-06-13T01:52:56.420+0000][1][safepoint    ] Total time for which application threads were stopped: 0.0004186 seconds, Stopping threads took: 0.0002213 seconds
[2022-06-13T01:52:56.422+0000][1][safepoint    ] Application time: 0.0016856 seconds
[2022-06-13T01:52:56.423+0000][1][safepoint    ] Entering safepoint region: RevokeBias
[2022-06-13T01:52:56.423+0000][1][safepoint    ] Leaving safepoint region
[2022-06-13T01:52:56.423+0000][1][safepoint    ] Total time for which application threads were stopped: 0.0006687 seconds, Stopping threads took: 0.0003138 seconds
[2022-06-13T01:52:56.424+0000][1][safepoint    ] Application time: 0.0005041 seconds
[2022-06-13T01:52:56.424+0000][1][safepoint    ] Entering safepoint region: RevokeBias
[2022-06-13T01:52:56.425+0000][1][safepoint    ] Leaving safepoint region
[2022-06-13T01:52:56.425+0000][1][safepoint    ] Total time for which application threads were stopped: 0.0004817 seconds, Stopping threads took: 0.0002735 seconds
[2022-06-13T01:52:56.425+0000][1][safepoint    ] Application time: 0.0001937 seconds
[2022-06-13T01:52:56.425+0000][1][safepoint    ] Entering safepoint region: RevokeBias
[2022-06-13T01:52:56.426+0000][1][safepoint    ] Leaving safepoint region
[2022-06-13T01:52:56.426+0000][1][safepoint    ] Total time for which application threads were stopped: 0.0007967 seconds, Stopping threads took: 0.0003222 seconds
[2022-06-13T01:52:56.427+0000][1][safepoint    ] Application time: 0.0002110 seconds
[2022-06-13T01:52:56.427+0000][1][safepoint    ] Entering safepoint region: RevokeBias
[2022-06-13T01:52:56.427+0000][1][safepoint    ] Leaving safepoint region
[2022-06-13T01:52:56.428+0000][1][safepoint    ] Total time for which application threads were stopped: 0.0004482 seconds, Stopping threads took: 0.0002365 seconds
[2022-06-13T01:52:56.428+0000][1][safepoint    ] Application time: 0.0001469 seconds
[2022-06-13T01:52:56.428+0000][1][safepoint    ] Entering safepoint region: RevokeBias
[2022-06-13T01:52:56.428+0000][1][safepoint    ] Leaving safepoint region
[2022-06-13T01:52:56.429+0000][1][safepoint    ] Total time for which application threads were stopped: 0.0005314 seconds, Stopping threads took: 0.0002344 seconds
[2022-06-13T01:52:56.429+0000][1][safepoint    ] Application time: 0.0006699 seconds
[2022-06-13T01:52:56.430+0000][1][safepoint    ] Entering safepoint region: RevokeBias
[2022-06-13T01:52:56.431+0000][1][safepoint    ] Leaving safepoint region
[2022-06-13T01:52:56.431+0000][1][safepoint    ] Total time for which application threads were stopped: 0.0010200 seconds, Stopping threads took: 0.0004937 seconds
[2022-06-13T01:52:56.436+0000][1][safepoint    ] Application time: 0.0039222 seconds
[2022-06-13T01:52:56.436+0000][1][safepoint    ] Entering safepoint region: RevokeBias
[2022-06-13T01:52:56.436+0000][1][safepoint    ] Leaving safepoint region
[2022-06-13T01:52:56.436+0000][1][safepoint    ] Total time for which application threads were stopped: 0.0005301 seconds, Stopping threads took: 0.0002187 seconds
[2022-06-13T01:52:56.438+0000][1][safepoint    ] Application time: 0.0011866 seconds
[2022-06-13T01:52:56.438+0000][1][safepoint    ] Entering safepoint region: RevokeBias
[2022-06-13T01:52:56.439+0000][1][safepoint    ] Leaving safepoint region
[2022-06-13T01:52:56.439+0000][1][safepoint    ] Total time for which application threads were stopped: 0.0006416 seconds, Stopping threads took: 0.0003264 seconds
[2022-06-13T01:52:56.439+0000][1][safepoint    ] Application time: 0.0001713 seconds
[2022-06-13T01:52:56.439+0000][1][safepoint    ] Entering safepoint region: RevokeBias
[2022-06-13T01:52:56.440+0000][1][safepoint    ] Leaving safepoint region
[2022-06-13T01:52:56.440+0000][1][safepoint    ] Total time for which application threads were stopped: 0.0007530 seconds, Stopping threads took: 0.0004641 seconds
[2022-06-13T01:52:56.441+0000][1][safepoint    ] Application time: 0.0001833 seconds
[2022-06-13T01:52:56.441+0000][1][safepoint    ] Entering safepoint region: RevokeBias
[2022-06-13T01:52:56.441+0000][1][safepoint    ] Leaving safepoint region
[2022-06-13T01:52:56.441+0000][1][safepoint    ] Total time for which application threads were stopped: 0.0005667 seconds, Stopping threads took: 0.0003015 seconds
[2022-06-13T01:52:56.442+0000][1][safepoint    ] Application time: 0.0005835 seconds
[2022-06-13T01:52:56.443+0000][1][safepoint    ] Entering safepoint region: RevokeBias
[2022-06-13T01:52:56.443+0000][1][safepoint    ] Leaving safepoint region
[2022-06-13T01:52:56.443+0000][1][safepoint    ] Total time for which application threads were stopped: 0.0005196 seconds, Stopping threads took: 0.0003121 seconds
[2022-06-13T01:52:56.443+0000][1][safepoint    ] Application time: 0.0001497 seconds
[2022-06-13T01:52:56.444+0000][1][safepoint    ] Entering safepoint region: RevokeBias
[2022-06-13T01:52:56.444+0000][1][safepoint    ] Leaving safepoint region
[2022-06-13T01:52:56.444+0000][1][safepoint    ] Total time for which application threads were stopped: 0.0004280 seconds, Stopping threads took: 0.0002144 seconds
[2022-06-13T01:52:56.445+0000][1][safepoint    ] Application time: 0.0008219 seconds
[2022-06-13T01:52:56.445+0000][1][safepoint    ] Entering safepoint region: BulkRevokeBias
[2022-06-13T01:52:56.446+0000][1][safepoint    ] Leaving safepoint region
[2022-06-13T01:52:56.446+0000][1][safepoint    ] Total time for which application threads were stopped: 0.0010078 seconds, Stopping threads took: 0.0002098 seconds
[2022-06-13T01:52:56.458+0000][1][safepoint    ] Application time: 0.0116642 seconds
[2022-06-13T01:52:56.458+0000][1][safepoint    ] Entering safepoint region: RevokeBias
[2022-06-13T01:52:56.459+0000][1][safepoint    ] Leaving safepoint region
[2022-06-13T01:52:56.459+0000][1][safepoint    ] Total time for which application threads were stopped: 0.0007109 seconds, Stopping threads took: 0.0002532 seconds
[2022-06-13T01:52:56.470+0000][1][safepoint    ] Application time: 0.0100229 seconds
[2022-06-13T01:52:56.470+0000][1][safepoint    ] Entering safepoint region: RevokeBias
[2022-06-13T01:52:56.470+0000][1][safepoint    ] Leaving safepoint region
[2022-06-13T01:52:56.471+0000][1][safepoint    ] Total time for which application threads were stopped: 0.0007728 seconds, Stopping threads took: 0.0003462 seconds
[2022-06-13T01:52:56.471+0000][1][safepoint    ] Application time: 0.0001772 seconds
[2022-06-13T01:52:56.471+0000][1][safepoint    ] Entering safepoint region: RevokeBias
[2022-06-13T01:52:56.472+0000][1][safepoint    ] Leaving safepoint region
[2022-06-13T01:52:56.472+0000][1][safepoint    ] Total time for which application threads were stopped: 0.0005346 seconds, Stopping threads took: 0.0002089 seconds
[2022-06-13T01:52:56.472+0000][1][safepoint    ] Application time: 0.0001560 seconds
[2022-06-13T01:52:56.473+0000][1][safepoint    ] Entering safepoint region: RevokeBias
[2022-06-13T01:52:56.473+0000][1][safepoint    ] Leaving safepoint region
[2022-06-13T01:52:56.473+0000][1][safepoint    ] Total time for which application threads were stopped: 0.0007107 seconds, Stopping threads took: 0.0003290 seconds
[2022-06-13T01:52:56.474+0000][1][safepoint    ] Application time: 0.0007394 seconds
[2022-06-13T01:52:56.475+0000][1][safepoint    ] Entering safepoint region: RevokeBias
[2022-06-13T01:52:56.475+0000][1][safepoint    ] Leaving safepoint region
[2022-06-13T01:52:56.475+0000][1][safepoint    ] Total time for which application threads were stopped: 0.0002746 seconds, Stopping threads took: 0.0001253 seconds
[2022-06-13T01:52:56.476+0000][1][safepoint    ] Application time: 0.0011780 seconds
[2022-06-13T01:52:56.476+0000][1][safepoint    ] Entering safepoint region: RevokeBias
[2022-06-13T01:52:56.477+0000][1][safepoint    ] Leaving safepoint region
[2022-06-13T01:52:56.477+0000][1][safepoint    ] Total time for which application threads were stopped: 0.0003985 seconds, Stopping threads took: 0.0001507 seconds
[2022-06-13T01:52:56.477+0000][1][safepoint    ] Application time: 0.0004609 seconds
[2022-06-13T01:52:56.478+0000][1][safepoint    ] Entering safepoint region: RevokeBias
[2022-06-13T01:52:56.478+0000][1][safepoint    ] Leaving safepoint region
[2022-06-13T01:52:56.478+0000][1][safepoint    ] Total time for which application threads were stopped: 0.0002738 seconds, Stopping threads took: 0.0001361 seconds
[2022-06-13T01:52:56.478+0000][1][safepoint    ] Application time: 0.0002877 seconds
[2022-06-13T01:52:56.479+0000][1][safepoint    ] Entering safepoint region: RevokeBias
[2022-06-13T01:52:56.479+0000][1][safepoint    ] Leaving safepoint region
[2022-06-13T01:52:56.480+0000][1][safepoint    ] Total time for which application threads were stopped: 0.0011253 seconds, Stopping threads took: 0.0003118 seconds
[2022-06-13T01:52:56.482+0000][1][safepoint    ] Application time: 0.0017813 seconds
[2022-06-13T01:52:56.482+0000][1][safepoint    ] Entering safepoint region: RevokeBias
[2022-06-13T01:52:56.482+0000][1][safepoint    ] Leaving safepoint region
[2022-06-13T01:52:56.483+0000][1][safepoint    ] Total time for which application threads were stopped: 0.0006922 seconds, Stopping threads took: 0.0003426 seconds
[2022-06-13T01:52:56.483+0000][1][safepoint    ] Application time: 0.0005002 seconds
[2022-06-13T01:52:56.484+0000][1][safepoint    ] Entering safepoint region: RevokeBias
[2022-06-13T01:52:56.484+0000][1][safepoint    ] Leaving safepoint region
[2022-06-13T01:52:56.484+0000][1][safepoint    ] Total time for which application threads were stopped: 0.0003635 seconds, Stopping threads took: 0.0001464 seconds
[2022-06-13T01:52:56.487+0000][1][safepoint    ] Application time: 0.0026947 seconds
[2022-06-13T01:52:56.487+0000][1][safepoint    ] Entering safepoint region: RevokeBias
[2022-06-13T01:52:56.488+0000][1][safepoint    ] Leaving safepoint region
[2022-06-13T01:52:56.488+0000][1][safepoint    ] Total time for which application threads were stopped: 0.0005409 seconds, Stopping threads took: 0.0002202 seconds
[2022-06-13T01:52:56.489+0000][1][safepoint    ] Application time: 0.0004716 seconds
[2022-06-13T01:52:56.489+0000][1][safepoint    ] Entering safepoint region: RevokeBias
[2022-06-13T01:52:56.490+0000][1][safepoint    ] Leaving safepoint region
[2022-06-13T01:52:56.490+0000][1][safepoint    ] Total time for which application threads were stopped: 0.0007845 seconds, Stopping threads took: 0.0004525 seconds
[2022-06-13T01:52:56.493+0000][1][gc,heap,exit ] Heap
[2022-06-13T01:52:56.493+0000][1][gc,heap,exit ]  par new generation   total 78656K, used 22053K [0x00000000f0000000, 0x00000000f5550000, 0x00000000f5550000)
[2022-06-13T01:52:56.493+0000][1][gc,heap,exit ]   eden space 69952K,  19% used [0x00000000f0000000, 0x00000000f0d8a758, 0x00000000f4450000)
[2022-06-13T01:52:56.493+0000][1][gc,heap,exit ]   from space 8704K,  94% used [0x00000000f4cd0000, 0x00000000f54cefd8, 0x00000000f5550000)
[2022-06-13T01:52:56.494+0000][1][gc,heap,exit ]   to   space 8704K,   0% used [0x00000000f4450000, 0x00000000f4450000, 0x00000000f4cd0000)
[2022-06-13T01:52:56.494+0000][1][gc,heap,exit ]  concurrent mark-sweep generation total 174784K, used 64298K [0x00000000f5550000, 0x0000000100000000, 0x0000000100000000)
[2022-06-13T01:52:56.494+0000][1][gc,heap,exit ]  Metaspace       used 65113K, capacity 70073K, committed 70184K, reserved 1107968K
[2022-06-13T01:52:56.495+0000][1][gc,heap,exit ]   class space    used 8838K, capacity 10915K, committed 10940K, reserved 1048576K
[2022-06-13T01:52:56.495+0000][1][safepoint    ] Application time: 0.0050938 seconds
[2022-06-13T01:52:56.496+0000][1][safepoint    ] Entering safepoint region: Exit
