[2022-06-13T03:01:08.211+0000][1][gc] Using Concurrent Mark Sweep
[2022-06-13T03:01:08.212+0000][1][gc,heap,coops] Heap address: 0x00000000f0000000, size: 256 MB, Compressed Oops mode: 32-bit
[2022-06-13T03:01:08.249+0000][1][safepoint    ] Entering safepoint region: EnableBiasedLocking
[2022-06-13T03:01:08.249+0000][1][safepoint    ] Leaving safepoint region
[2022-06-13T03:01:08.249+0000][1][safepoint    ] Total time for which application threads were stopped: 0.0008150 seconds, Stopping threads took: 0.0004278 seconds
[2022-06-13T03:01:08.253+0000][1][safepoint    ] Application time: 0.0033575 seconds
[2022-06-13T03:01:08.254+0000][1][safepoint    ] Entering safepoint region: RevokeBias
[2022-06-13T03:01:08.289+0000][1][safepoint    ] Leaving safepoint region
[2022-06-13T03:01:08.290+0000][1][safepoint    ] Total time for which application threads were stopped: 0.0355062 seconds, Stopping threads took: 0.0352246 seconds
[2022-06-13T03:01:08.298+0000][1][safepoint    ] Application time: 0.0079050 seconds
[2022-06-13T03:01:08.298+0000][1][safepoint    ] Entering safepoint region: Deoptimize
[2022-06-13T03:01:08.298+0000][1][safepoint    ] Leaving safepoint region
[2022-06-13T03:01:08.298+0000][1][safepoint    ] Total time for which application threads were stopped: 0.0003185 seconds, Stopping threads took: 0.0001599 seconds
[2022-06-13T03:01:08.350+0000][1][safepoint    ] Application time: 0.0516537 seconds
[2022-06-13T03:01:08.350+0000][1][safepoint    ] Entering safepoint region: RevokeBias
[2022-06-13T03:01:08.350+0000][1][safepoint    ] Leaving safepoint region
[2022-06-13T03:01:08.351+0000][1][safepoint    ] Total time for which application threads were stopped: 0.0004497 seconds, Stopping threads took: 0.0001649 seconds
[2022-06-13T03:01:08.367+0000][1][safepoint    ] Application time: 0.0164303 seconds
[2022-06-13T03:01:08.368+0000][1][safepoint    ] Entering safepoint region: Deoptimize
[2022-06-13T03:01:08.368+0000][1][safepoint    ] Leaving safepoint region
[2022-06-13T03:01:08.369+0000][1][safepoint    ] Total time for which application threads were stopped: 0.0007902 seconds, Stopping threads took: 0.0004978 seconds
[2022-06-13T03:01:08.536+0000][1][safepoint    ] Application time: 0.1671023 seconds
[2022-06-13T03:01:08.536+0000][1][safepoint    ] Entering safepoint region: Deoptimize
[2022-06-13T03:01:08.537+0000][1][safepoint    ] Leaving safepoint region
[2022-06-13T03:01:08.537+0000][1][safepoint    ] Total time for which application threads were stopped: 0.0005420 seconds, Stopping threads took: 0.0001862 seconds
[2022-06-13T03:01:08.573+0000][1][safepoint    ] Application time: 0.0359385 seconds
[2022-06-13T03:01:08.573+0000][1][safepoint    ] Entering safepoint region: Deoptimize
[2022-06-13T03:01:08.574+0000][1][safepoint    ] Leaving safepoint region
[2022-06-13T03:01:08.574+0000][1][safepoint    ] Total time for which application threads were stopped: 0.0006285 seconds, Stopping threads took: 0.0002438 seconds
[2022-06-13T03:01:08.584+0000][1][safepoint    ] Application time: 0.0093093 seconds
[2022-06-13T03:01:08.584+0000][1][safepoint    ] Entering safepoint region: Deoptimize
[2022-06-13T03:01:08.585+0000][1][safepoint    ] Leaving safepoint region
[2022-06-13T03:01:08.585+0000][1][safepoint    ] Total time for which application threads were stopped: 0.0009975 seconds, Stopping threads took: 0.0005383 seconds
[2022-06-13T03:01:08.796+0000][1][safepoint    ] Application time: 0.2099832 seconds
[2022-06-13T03:01:08.796+0000][1][safepoint    ] Entering safepoint region: Deoptimize
[2022-06-13T03:01:08.796+0000][1][safepoint    ] Leaving safepoint region
[2022-06-13T03:01:08.796+0000][1][safepoint    ] Total time for which application threads were stopped: 0.0005467 seconds, Stopping threads took: 0.0001316 seconds
[2022-06-13T03:01:08.953+0000][1][safepoint    ] Application time: 0.1568723 seconds
[2022-06-13T03:01:08.954+0000][1][safepoint    ] Entering safepoint region: RevokeBias
[2022-06-13T03:01:08.954+0000][1][safepoint    ] Leaving safepoint region
[2022-06-13T03:01:08.954+0000][1][safepoint    ] Total time for which application threads were stopped: 0.0003102 seconds, Stopping threads took: 0.0001334 seconds
[2022-06-13T03:01:09.031+0000][1][safepoint    ] Application time: 0.0768687 seconds
[2022-06-13T03:01:09.031+0000][1][safepoint    ] Entering safepoint region: Deoptimize
[2022-06-13T03:01:09.032+0000][1][safepoint    ] Leaving safepoint region
[2022-06-13T03:01:09.032+0000][1][safepoint    ] Total time for which application threads were stopped: 0.0005822 seconds, Stopping threads took: 0.0001457 seconds
[2022-06-13T03:01:09.103+0000][1][safepoint    ] Application time: 0.0714827 seconds
[2022-06-13T03:01:09.104+0000][1][safepoint    ] Entering safepoint region: Deoptimize
[2022-06-13T03:01:09.104+0000][1][safepoint    ] Leaving safepoint region
[2022-06-13T03:01:09.104+0000][1][safepoint    ] Total time for which application threads were stopped: 0.0006709 seconds, Stopping threads took: 0.0001487 seconds
[2022-06-13T03:01:09.105+0000][1][safepoint    ] Application time: 0.0001943 seconds
[2022-06-13T03:01:09.105+0000][1][safepoint    ] Entering safepoint region: Deoptimize
[2022-06-13T03:01:09.105+0000][1][safepoint    ] Leaving safepoint region
[2022-06-13T03:01:09.105+0000][1][safepoint    ] Total time for which application threads were stopped: 0.0005400 seconds, Stopping threads took: 0.0001478 seconds
[2022-06-13T03:01:09.128+0000][1][safepoint    ] Application time: 0.0227834 seconds
[2022-06-13T03:01:09.129+0000][1][safepoint    ] Entering safepoint region: Deoptimize
[2022-06-13T03:01:09.129+0000][1][safepoint    ] Leaving safepoint region
[2022-06-13T03:01:09.129+0000][1][safepoint    ] Total time for which application threads were stopped: 0.0007034 seconds, Stopping threads took: 0.0001703 seconds
[2022-06-13T03:01:09.134+0000][1][safepoint    ] Application time: 0.0048982 seconds
[2022-06-13T03:01:09.135+0000][1][safepoint    ] Entering safepoint region: RevokeBias
[2022-06-13T03:01:09.135+0000][1][safepoint    ] Leaving safepoint region
[2022-06-13T03:01:09.135+0000][1][safepoint    ] Total time for which application threads were stopped: 0.0003439 seconds, Stopping threads took: 0.0001921 seconds
[2022-06-13T03:01:09.135+0000][1][safepoint    ] Application time: 0.0001708 seconds
[2022-06-13T03:01:09.135+0000][1][safepoint    ] Entering safepoint region: RevokeBias
[2022-06-13T03:01:09.136+0000][1][safepoint    ] Leaving safepoint region
[2022-06-13T03:01:09.136+0000][1][safepoint    ] Total time for which application threads were stopped: 0.0002733 seconds, Stopping threads took: 0.0001527 seconds
[2022-06-13T03:01:09.136+0000][1][safepoint    ] Application time: 0.0001271 seconds
[2022-06-13T03:01:09.136+0000][1][safepoint    ] Entering safepoint region: RevokeBias
[2022-06-13T03:01:09.136+0000][1][safepoint    ] Leaving safepoint region
[2022-06-13T03:01:09.136+0000][1][safepoint    ] Total time for which application threads were stopped: 0.0003032 seconds, Stopping threads took: 0.0001784 seconds
[2022-06-13T03:01:09.137+0000][1][safepoint    ] Application time: 0.0001103 seconds
[2022-06-13T03:01:09.137+0000][1][safepoint    ] Entering safepoint region: RevokeBias
[2022-06-13T03:01:09.137+0000][1][safepoint    ] Leaving safepoint region
[2022-06-13T03:01:09.137+0000][1][safepoint    ] Total time for which application threads were stopped: 0.0003230 seconds, Stopping threads took: 0.0001818 seconds
[2022-06-13T03:01:09.137+0000][1][safepoint    ] Application time: 0.0001369 seconds
[2022-06-13T03:01:09.137+0000][1][safepoint    ] Entering safepoint region: RevokeBias
[2022-06-13T03:01:09.138+0000][1][safepoint    ] Leaving safepoint region
[2022-06-13T03:01:09.138+0000][1][safepoint    ] Total time for which application threads were stopped: 0.0002891 seconds, Stopping threads took: 0.0001635 seconds
[2022-06-13T03:01:09.144+0000][1][safepoint    ] Application time: 0.0058372 seconds
[2022-06-13T03:01:09.144+0000][1][safepoint    ] Entering safepoint region: Deoptimize
[2022-06-13T03:01:09.144+0000][1][safepoint    ] Leaving safepoint region
[2022-06-13T03:01:09.144+0000][1][safepoint    ] Total time for which application threads were stopped: 0.0005475 seconds, Stopping threads took: 0.0001472 seconds
[2022-06-13T03:01:09.210+0000][1][safepoint    ] Application time: 0.0658034 seconds
[2022-06-13T03:01:09.211+0000][1][safepoint    ] Entering safepoint region: GenCollectForAllocation
[2022-06-13T03:01:09.211+0000][1][gc,start     ] GC(0) Pause Young (Allocation Failure)
[2022-06-13T03:01:09.211+0000][1][gc,task      ] GC(0) Using 5 workers of 13 for evacuation
[2022-06-13T03:01:09.215+0000][1][gc,age       ] GC(0) Desired survivor size 4456448 bytes, new threshold 1 (max threshold 6)
[2022-06-13T03:01:09.215+0000][1][gc,age       ] GC(0) Age table with threshold 1 (max threshold 6)
[2022-06-13T03:01:09.215+0000][1][gc,age       ] GC(0) - age   1:    6426496 bytes,    6426496 total
[2022-06-13T03:01:09.215+0000][1][gc,heap      ] GC(0) ParNew: 69952K->6353K(78656K)
[2022-06-13T03:01:09.215+0000][1][gc,heap      ] GC(0) CMS: 0K->0K(174784K)
[2022-06-13T03:01:09.215+0000][1][gc,metaspace ] GC(0) Metaspace: 12553K->12553K(1060864K)
[2022-06-13T03:01:09.215+0000][1][gc           ] GC(0) Pause Young (Allocation Failure) 68M->6M(247M) 4.427ms
[2022-06-13T03:01:09.215+0000][1][gc,cpu       ] GC(0) User=0.01s Sys=0.00s Real=0.00s
[2022-06-13T03:01:09.215+0000][1][safepoint    ] Leaving safepoint region
[2022-06-13T03:01:09.216+0000][1][safepoint    ] Total time for which application threads were stopped: 0.0050155 seconds, Stopping threads took: 0.0001866 seconds
[2022-06-13T03:01:09.216+0000][1][safepoint    ] Application time: 0.0002152 seconds
[2022-06-13T03:01:09.216+0000][1][safepoint    ] Entering safepoint region: RevokeBias
[2022-06-13T03:01:09.216+0000][1][safepoint    ] Leaving safepoint region
[2022-06-13T03:01:09.216+0000][1][safepoint    ] Total time for which application threads were stopped: 0.0003280 seconds, Stopping threads took: 0.0001509 seconds
[2022-06-13T03:01:09.217+0000][1][safepoint    ] Application time: 0.0000817 seconds
[2022-06-13T03:01:09.217+0000][1][safepoint    ] Entering safepoint region: RevokeBias
[2022-06-13T03:01:09.217+0000][1][safepoint    ] Leaving safepoint region
[2022-06-13T03:01:09.217+0000][1][safepoint    ] Total time for which application threads were stopped: 0.0003243 seconds, Stopping threads took: 0.0001909 seconds
[2022-06-13T03:01:09.217+0000][1][safepoint    ] Application time: 0.0000445 seconds
[2022-06-13T03:01:09.217+0000][1][safepoint    ] Entering safepoint region: RevokeBias
[2022-06-13T03:01:09.218+0000][1][safepoint    ] Leaving safepoint region
[2022-06-13T03:01:09.218+0000][1][safepoint    ] Total time for which application threads were stopped: 0.0002293 seconds, Stopping threads took: 0.0001047 seconds
[2022-06-13T03:01:09.218+0000][1][safepoint    ] Application time: 0.0001310 seconds
[2022-06-13T03:01:09.218+0000][1][safepoint    ] Entering safepoint region: RevokeBias
[2022-06-13T03:01:09.218+0000][1][safepoint    ] Leaving safepoint region
[2022-06-13T03:01:09.218+0000][1][safepoint    ] Total time for which application threads were stopped: 0.0003048 seconds, Stopping threads took: 0.0001849 seconds
[2022-06-13T03:01:09.219+0000][1][safepoint    ] Application time: 0.0000801 seconds
[2022-06-13T03:01:09.219+0000][1][safepoint    ] Entering safepoint region: RevokeBias
[2022-06-13T03:01:09.219+0000][1][safepoint    ] Leaving safepoint region
[2022-06-13T03:01:09.219+0000][1][safepoint    ] Total time for which application threads were stopped: 0.0002425 seconds, Stopping threads took: 0.0001141 seconds
[2022-06-13T03:01:09.219+0000][1][safepoint    ] Application time: 0.0000793 seconds
[2022-06-13T03:01:09.219+0000][1][safepoint    ] Entering safepoint region: RevokeBias
[2022-06-13T03:01:09.219+0000][1][safepoint    ] Leaving safepoint region
[2022-06-13T03:01:09.220+0000][1][safepoint    ] Total time for which application threads were stopped: 0.0002973 seconds, Stopping threads took: 0.0001748 seconds
[2022-06-13T03:01:09.220+0000][1][safepoint    ] Application time: 0.0001740 seconds
[2022-06-13T03:01:09.220+0000][1][safepoint    ] Entering safepoint region: RevokeBias
[2022-06-13T03:01:09.220+0000][1][safepoint    ] Leaving safepoint region
[2022-06-13T03:01:09.220+0000][1][safepoint    ] Total time for which application threads were stopped: 0.0003648 seconds, Stopping threads took: 0.0002076 seconds
[2022-06-13T03:01:09.221+0000][1][safepoint    ] Application time: 0.0000718 seconds
[2022-06-13T03:01:09.221+0000][1][safepoint    ] Entering safepoint region: RevokeBias
[2022-06-13T03:01:09.221+0000][1][safepoint    ] Leaving safepoint region
[2022-06-13T03:01:09.221+0000][1][safepoint    ] Total time for which application threads were stopped: 0.0002851 seconds, Stopping threads took: 0.0001455 seconds
[2022-06-13T03:01:09.221+0000][1][safepoint    ] Application time: 0.0000737 seconds
[2022-06-13T03:01:09.221+0000][1][safepoint    ] Entering safepoint region: RevokeBias
[2022-06-13T03:01:09.221+0000][1][safepoint    ] Leaving safepoint region
[2022-06-13T03:01:09.222+0000][1][safepoint    ] Total time for which application threads were stopped: 0.0002940 seconds, Stopping threads took: 0.0001524 seconds
[2022-06-13T03:01:09.222+0000][1][safepoint    ] Application time: 0.0000708 seconds
[2022-06-13T03:01:09.222+0000][1][safepoint    ] Entering safepoint region: RevokeBias
[2022-06-13T03:01:09.222+0000][1][safepoint    ] Leaving safepoint region
[2022-06-13T03:01:09.222+0000][1][safepoint    ] Total time for which application threads were stopped: 0.0002431 seconds, Stopping threads took: 0.0001105 seconds
[2022-06-13T03:01:09.222+0000][1][safepoint    ] Application time: 0.0000683 seconds
[2022-06-13T03:01:09.222+0000][1][safepoint    ] Entering safepoint region: RevokeBias
[2022-06-13T03:01:09.223+0000][1][safepoint    ] Leaving safepoint region
[2022-06-13T03:01:09.223+0000][1][safepoint    ] Total time for which application threads were stopped: 0.0003327 seconds, Stopping threads took: 0.0001322 seconds
[2022-06-13T03:01:09.223+0000][1][safepoint    ] Application time: 0.0000764 seconds
[2022-06-13T03:01:09.223+0000][1][safepoint    ] Entering safepoint region: RevokeBias
[2022-06-13T03:01:09.223+0000][1][safepoint    ] Leaving safepoint region
[2022-06-13T03:01:09.223+0000][1][safepoint    ] Total time for which application threads were stopped: 0.0002641 seconds, Stopping threads took: 0.0001223 seconds
[2022-06-13T03:01:09.223+0000][1][safepoint    ] Application time: 0.0000812 seconds
[2022-06-13T03:01:09.224+0000][1][safepoint    ] Entering safepoint region: RevokeBias
[2022-06-13T03:01:09.224+0000][1][safepoint    ] Leaving safepoint region
[2022-06-13T03:01:09.224+0000][1][safepoint    ] Total time for which application threads were stopped: 0.0002947 seconds, Stopping threads took: 0.0001605 seconds
[2022-06-13T03:01:09.224+0000][1][safepoint    ] Application time: 0.0000648 seconds
[2022-06-13T03:01:09.224+0000][1][safepoint    ] Entering safepoint region: RevokeBias
[2022-06-13T03:01:09.224+0000][1][safepoint    ] Leaving safepoint region
[2022-06-13T03:01:09.224+0000][1][safepoint    ] Total time for which application threads were stopped: 0.0002400 seconds, Stopping threads took: 0.0001021 seconds
[2022-06-13T03:01:09.225+0000][1][safepoint    ] Application time: 0.0001110 seconds
[2022-06-13T03:01:09.225+0000][1][safepoint    ] Entering safepoint region: RevokeBias
[2022-06-13T03:01:09.225+0000][1][safepoint    ] Leaving safepoint region
[2022-06-13T03:01:09.225+0000][1][safepoint    ] Total time for which application threads were stopped: 0.0002797 seconds, Stopping threads took: 0.0001480 seconds
[2022-06-13T03:01:09.225+0000][1][safepoint    ] Application time: 0.0000713 seconds
[2022-06-13T03:01:09.225+0000][1][safepoint    ] Entering safepoint region: RevokeBias
[2022-06-13T03:01:09.225+0000][1][safepoint    ] Leaving safepoint region
[2022-06-13T03:01:09.226+0000][1][safepoint    ] Total time for which application threads were stopped: 0.0002365 seconds, Stopping threads took: 0.0001075 seconds
[2022-06-13T03:01:09.226+0000][1][safepoint    ] Application time: 0.0000758 seconds
[2022-06-13T03:01:09.226+0000][1][safepoint    ] Entering safepoint region: RevokeBias
[2022-06-13T03:01:09.226+0000][1][safepoint    ] Leaving safepoint region
[2022-06-13T03:01:09.226+0000][1][safepoint    ] Total time for which application threads were stopped: 0.0004576 seconds, Stopping threads took: 0.0002928 seconds
[2022-06-13T03:01:09.226+0000][1][safepoint    ] Application time: 0.0000810 seconds
[2022-06-13T03:01:09.227+0000][1][safepoint    ] Entering safepoint region: RevokeBias
[2022-06-13T03:01:09.227+0000][1][safepoint    ] Leaving safepoint region
[2022-06-13T03:01:09.227+0000][1][safepoint    ] Total time for which application threads were stopped: 0.0003078 seconds, Stopping threads took: 0.0001847 seconds
[2022-06-13T03:01:09.227+0000][1][safepoint    ] Application time: 0.0002637 seconds
[2022-06-13T03:01:09.227+0000][1][safepoint    ] Entering safepoint region: RevokeBias
[2022-06-13T03:01:09.228+0000][1][safepoint    ] Leaving safepoint region
[2022-06-13T03:01:09.228+0000][1][safepoint    ] Total time for which application threads were stopped: 0.0003390 seconds, Stopping threads took: 0.0001613 seconds
[2022-06-13T03:01:09.228+0000][1][safepoint    ] Application time: 0.0000763 seconds
[2022-06-13T03:01:09.228+0000][1][safepoint    ] Entering safepoint region: RevokeBias
[2022-06-13T03:01:09.228+0000][1][safepoint    ] Leaving safepoint region
[2022-06-13T03:01:09.228+0000][1][safepoint    ] Total time for which application threads were stopped: 0.0002990 seconds, Stopping threads took: 0.0001857 seconds
[2022-06-13T03:01:09.228+0000][1][safepoint    ] Application time: 0.0001012 seconds
[2022-06-13T03:01:09.229+0000][1][safepoint    ] Entering safepoint region: RevokeBias
[2022-06-13T03:01:09.229+0000][1][safepoint    ] Leaving safepoint region
[2022-06-13T03:01:09.229+0000][1][safepoint    ] Total time for which application threads were stopped: 0.0002549 seconds, Stopping threads took: 0.0001485 seconds
[2022-06-13T03:01:09.229+0000][1][safepoint    ] Application time: 0.0000658 seconds
[2022-06-13T03:01:09.229+0000][1][safepoint    ] Entering safepoint region: RevokeBias
[2022-06-13T03:01:09.229+0000][1][safepoint    ] Leaving safepoint region
[2022-06-13T03:01:09.229+0000][1][safepoint    ] Total time for which application threads were stopped: 0.0003449 seconds, Stopping threads took: 0.0001645 seconds
[2022-06-13T03:01:09.230+0000][1][safepoint    ] Application time: 0.0000943 seconds
[2022-06-13T03:01:09.230+0000][1][safepoint    ] Entering safepoint region: RevokeBias
[2022-06-13T03:01:09.230+0000][1][safepoint    ] Leaving safepoint region
[2022-06-13T03:01:09.230+0000][1][safepoint    ] Total time for which application threads were stopped: 0.0003004 seconds, Stopping threads took: 0.0001536 seconds
[2022-06-13T03:01:09.230+0000][1][safepoint    ] Application time: 0.0000698 seconds
[2022-06-13T03:01:09.230+0000][1][safepoint    ] Entering safepoint region: RevokeBias
[2022-06-13T03:01:09.231+0000][1][safepoint    ] Leaving safepoint region
[2022-06-13T03:01:09.231+0000][1][safepoint    ] Total time for which application threads were stopped: 0.0002488 seconds, Stopping threads took: 0.0001214 seconds
[2022-06-13T03:01:09.231+0000][1][safepoint    ] Application time: 0.0001323 seconds
[2022-06-13T03:01:09.231+0000][1][safepoint    ] Entering safepoint region: RevokeBias
[2022-06-13T03:01:09.231+0000][1][safepoint    ] Leaving safepoint region
[2022-06-13T03:01:09.231+0000][1][safepoint    ] Total time for which application threads were stopped: 0.0002857 seconds, Stopping threads took: 0.0001343 seconds
[2022-06-13T03:01:09.231+0000][1][safepoint    ] Application time: 0.0000671 seconds
[2022-06-13T03:01:09.232+0000][1][safepoint    ] Entering safepoint region: RevokeBias
[2022-06-13T03:01:09.232+0000][1][safepoint    ] Leaving safepoint region
[2022-06-13T03:01:09.232+0000][1][safepoint    ] Total time for which application threads were stopped: 0.0002267 seconds, Stopping threads took: 0.0001131 seconds
[2022-06-13T03:01:09.232+0000][1][safepoint    ] Application time: 0.0000792 seconds
[2022-06-13T03:01:09.232+0000][1][safepoint    ] Entering safepoint region: RevokeBias
[2022-06-13T03:01:09.232+0000][1][safepoint    ] Leaving safepoint region
[2022-06-13T03:01:09.232+0000][1][safepoint    ] Total time for which application threads were stopped: 0.0002068 seconds, Stopping threads took: 0.0000980 seconds
[2022-06-13T03:01:09.232+0000][1][safepoint    ] Application time: 0.0000672 seconds
[2022-06-13T03:01:09.233+0000][1][safepoint    ] Entering safepoint region: RevokeBias
[2022-06-13T03:01:09.233+0000][1][safepoint    ] Leaving safepoint region
[2022-06-13T03:01:09.233+0000][1][safepoint    ] Total time for which application threads were stopped: 0.0002808 seconds, Stopping threads took: 0.0001459 seconds
[2022-06-13T03:01:09.346+0000][1][safepoint    ] Application time: 0.1130877 seconds
[2022-06-13T03:01:09.346+0000][1][safepoint    ] Entering safepoint region: Deoptimize
[2022-06-13T03:01:09.347+0000][1][safepoint    ] Leaving safepoint region
[2022-06-13T03:01:09.347+0000][1][safepoint    ] Total time for which application threads were stopped: 0.0006122 seconds, Stopping threads took: 0.0000987 seconds
[2022-06-13T03:01:09.429+0000][1][safepoint    ] Application time: 0.0819631 seconds
[2022-06-13T03:01:09.429+0000][1][safepoint    ] Entering safepoint region: RevokeBias
[2022-06-13T03:01:09.430+0000][1][safepoint    ] Leaving safepoint region
[2022-06-13T03:01:09.430+0000][1][safepoint    ] Total time for which application threads were stopped: 0.0007206 seconds, Stopping threads took: 0.0002701 seconds
[2022-06-13T03:01:09.473+0000][1][safepoint    ] Application time: 0.0432298 seconds
[2022-06-13T03:01:09.474+0000][1][safepoint    ] Entering safepoint region: RevokeBias
[2022-06-13T03:01:09.474+0000][1][safepoint    ] Leaving safepoint region
[2022-06-13T03:01:09.474+0000][1][safepoint    ] Total time for which application threads were stopped: 0.0002631 seconds, Stopping threads took: 0.0001275 seconds
[2022-06-13T03:01:09.475+0000][1][safepoint    ] Application time: 0.0011969 seconds
[2022-06-13T03:01:09.475+0000][1][safepoint    ] Entering safepoint region: RevokeBias
[2022-06-13T03:01:09.476+0000][1][safepoint    ] Leaving safepoint region
[2022-06-13T03:01:09.476+0000][1][safepoint    ] Total time for which application threads were stopped: 0.0005113 seconds, Stopping threads took: 0.0001681 seconds
[2022-06-13T03:01:09.491+0000][1][safepoint    ] Application time: 0.0146113 seconds
[2022-06-13T03:01:09.491+0000][1][safepoint    ] Entering safepoint region: GenCollectForAllocation
[2022-06-13T03:01:09.492+0000][1][gc,start     ] GC(1) Pause Young (Allocation Failure)
[2022-06-13T03:01:09.492+0000][1][gc,task      ] GC(1) Using 5 workers of 13 for evacuation
[2022-06-13T03:01:09.504+0000][1][gc,age       ] GC(1) Desired survivor size 4456448 bytes, new threshold 6 (max threshold 6)
[2022-06-13T03:01:09.504+0000][1][gc,age       ] GC(1) Age table with threshold 6 (max threshold 6)
[2022-06-13T03:01:09.504+0000][1][gc,age       ] GC(1) - age   1:    2479424 bytes,    2479424 total
[2022-06-13T03:01:09.504+0000][1][gc,heap      ] GC(1) ParNew: 76305K->4617K(78656K)
[2022-06-13T03:01:09.505+0000][1][gc,heap      ] GC(1) CMS: 0K->6761K(174784K)
[2022-06-13T03:01:09.505+0000][1][gc,metaspace ] GC(1) Metaspace: 15022K->15022K(1062912K)
[2022-06-13T03:01:09.505+0000][1][gc           ] GC(1) Pause Young (Allocation Failure) 74M->11M(247M) 13.444ms
[2022-06-13T03:01:09.505+0000][1][gc,cpu       ] GC(1) User=0.06s Sys=0.00s Real=0.01s
[2022-06-13T03:01:09.506+0000][1][safepoint    ] Leaving safepoint region
[2022-06-13T03:01:09.506+0000][1][safepoint    ] Total time for which application threads were stopped: 0.0144836 seconds, Stopping threads took: 0.0002387 seconds
[2022-06-13T03:01:09.506+0000][1][safepoint    ] Application time: 0.0002764 seconds
[2022-06-13T03:01:09.507+0000][1][safepoint    ] Entering safepoint region: BulkRevokeBias
[2022-06-13T03:01:09.507+0000][1][safepoint    ] Leaving safepoint region
[2022-06-13T03:01:09.507+0000][1][safepoint    ] Total time for which application threads were stopped: 0.0004967 seconds, Stopping threads took: 0.0002225 seconds
[2022-06-13T03:01:09.507+0000][1][safepoint    ] Application time: 0.0001492 seconds
[2022-06-13T03:01:09.508+0000][1][safepoint    ] Entering safepoint region: RevokeBias
[2022-06-13T03:01:09.508+0000][1][safepoint    ] Leaving safepoint region
[2022-06-13T03:01:09.509+0000][1][safepoint    ] Total time for which application threads were stopped: 0.0007676 seconds, Stopping threads took: 0.0003519 seconds
[2022-06-13T03:01:09.509+0000][1][safepoint    ] Application time: 0.0002661 seconds
[2022-06-13T03:01:09.510+0000][1][safepoint    ] Entering safepoint region: RevokeBias
[2022-06-13T03:01:09.510+0000][1][safepoint    ] Leaving safepoint region
[2022-06-13T03:01:09.510+0000][1][safepoint    ] Total time for which application threads were stopped: 0.0007860 seconds, Stopping threads took: 0.0004285 seconds
[2022-06-13T03:01:09.511+0000][1][safepoint    ] Application time: 0.0000916 seconds
[2022-06-13T03:01:09.511+0000][1][safepoint    ] Entering safepoint region: RevokeBias
[2022-06-13T03:01:09.511+0000][1][safepoint    ] Leaving safepoint region
[2022-06-13T03:01:09.512+0000][1][safepoint    ] Total time for which application threads were stopped: 0.0007620 seconds, Stopping threads took: 0.0003331 seconds
[2022-06-13T03:01:09.512+0000][1][safepoint    ] Application time: 0.0002197 seconds
[2022-06-13T03:01:09.513+0000][1][safepoint    ] Entering safepoint region: RevokeBias
[2022-06-13T03:01:09.513+0000][1][safepoint    ] Leaving safepoint region
[2022-06-13T03:01:09.513+0000][1][safepoint    ] Total time for which application threads were stopped: 0.0007202 seconds, Stopping threads took: 0.0002996 seconds
[2022-06-13T03:01:09.514+0000][1][safepoint    ] Application time: 0.0000843 seconds
[2022-06-13T03:01:09.514+0000][1][safepoint    ] Entering safepoint region: RevokeBias
[2022-06-13T03:01:09.515+0000][1][safepoint    ] Leaving safepoint region
[2022-06-13T03:01:09.515+0000][1][safepoint    ] Total time for which application threads were stopped: 0.0009205 seconds, Stopping threads took: 0.0003972 seconds
[2022-06-13T03:01:09.516+0000][1][safepoint    ] Application time: 0.0003058 seconds
[2022-06-13T03:01:09.516+0000][1][safepoint    ] Entering safepoint region: RevokeBias
[2022-06-13T03:01:09.517+0000][1][safepoint    ] Leaving safepoint region
[2022-06-13T03:01:09.517+0000][1][safepoint    ] Total time for which application threads were stopped: 0.0007285 seconds, Stopping threads took: 0.0003832 seconds
[2022-06-13T03:01:09.517+0000][1][safepoint    ] Application time: 0.0000992 seconds
[2022-06-13T03:01:09.517+0000][1][safepoint    ] Entering safepoint region: RevokeBias
[2022-06-13T03:01:09.518+0000][1][safepoint    ] Leaving safepoint region
[2022-06-13T03:01:09.518+0000][1][safepoint    ] Total time for which application threads were stopped: 0.0005756 seconds, Stopping threads took: 0.0003819 seconds
[2022-06-13T03:01:09.518+0000][1][safepoint    ] Application time: 0.0002076 seconds
[2022-06-13T03:01:09.519+0000][1][safepoint    ] Entering safepoint region: BulkRevokeBias
[2022-06-13T03:01:09.519+0000][1][safepoint    ] Leaving safepoint region
[2022-06-13T03:01:09.519+0000][1][safepoint    ] Total time for which application threads were stopped: 0.0006550 seconds, Stopping threads took: 0.0003471 seconds
[2022-06-13T03:01:09.520+0000][1][safepoint    ] Application time: 0.0001120 seconds
[2022-06-13T03:01:09.520+0000][1][safepoint    ] Entering safepoint region: RevokeBias
[2022-06-13T03:01:09.520+0000][1][safepoint    ] Leaving safepoint region
[2022-06-13T03:01:09.520+0000][1][safepoint    ] Total time for which application threads were stopped: 0.0005558 seconds, Stopping threads took: 0.0003385 seconds
[2022-06-13T03:01:09.521+0000][1][safepoint    ] Application time: 0.0001830 seconds
[2022-06-13T03:01:09.521+0000][1][safepoint    ] Entering safepoint region: BulkRevokeBias
[2022-06-13T03:01:09.521+0000][1][safepoint    ] Leaving safepoint region
[2022-06-13T03:01:09.522+0000][1][safepoint    ] Total time for which application threads were stopped: 0.0004709 seconds, Stopping threads took: 0.0002810 seconds
[2022-06-13T03:01:09.587+0000][1][safepoint    ] Application time: 0.0657635 seconds
[2022-06-13T03:01:09.588+0000][1][safepoint    ] Entering safepoint region: GenCollectForAllocation
[2022-06-13T03:01:09.588+0000][1][gc,start     ] GC(2) Pause Young (Allocation Failure)
[2022-06-13T03:01:09.589+0000][1][gc,task      ] GC(2) Using 5 workers of 13 for evacuation
[2022-06-13T03:01:09.592+0000][1][gc,age       ] GC(2) Desired survivor size 4456448 bytes, new threshold 6 (max threshold 6)
[2022-06-13T03:01:09.593+0000][1][gc,age       ] GC(2) Age table with threshold 6 (max threshold 6)
[2022-06-13T03:01:09.593+0000][1][gc,age       ] GC(2) - age   1:    2839064 bytes,    2839064 total
[2022-06-13T03:01:09.594+0000][1][gc,age       ] GC(2) - age   2:    1136920 bytes,    3975984 total
[2022-06-13T03:01:09.594+0000][1][gc,heap      ] GC(2) ParNew: 74569K->4488K(78656K)
[2022-06-13T03:01:09.595+0000][1][gc,heap      ] GC(2) CMS: 6761K->6761K(174784K)
[2022-06-13T03:01:09.595+0000][1][gc,metaspace ] GC(2) Metaspace: 15159K->15159K(1062912K)
[2022-06-13T03:01:09.595+0000][1][gc           ] GC(2) Pause Young (Allocation Failure) 79M->10M(247M) 6.909ms
[2022-06-13T03:01:09.596+0000][1][gc,cpu       ] GC(2) User=0.03s Sys=0.00s Real=0.01s
[2022-06-13T03:01:09.596+0000][1][safepoint    ] Leaving safepoint region
[2022-06-13T03:01:09.597+0000][1][safepoint    ] Total time for which application threads were stopped: 0.0087308 seconds, Stopping threads took: 0.0005043 seconds
[2022-06-13T03:01:09.597+0000][1][safepoint    ] Application time: 0.0003887 seconds
[2022-06-13T03:01:09.598+0000][1][safepoint    ] Entering safepoint region: RevokeBias
[2022-06-13T03:01:09.598+0000][1][safepoint    ] Leaving safepoint region
[2022-06-13T03:01:09.599+0000][1][safepoint    ] Total time for which application threads were stopped: 0.0009501 seconds, Stopping threads took: 0.0005277 seconds
[2022-06-13T03:01:09.599+0000][1][safepoint    ] Application time: 0.0002258 seconds
[2022-06-13T03:01:09.600+0000][1][safepoint    ] Entering safepoint region: RevokeBias
[2022-06-13T03:01:09.600+0000][1][safepoint    ] Leaving safepoint region
[2022-06-13T03:01:09.601+0000][1][safepoint    ] Total time for which application threads were stopped: 0.0007573 seconds, Stopping threads took: 0.0002996 seconds
[2022-06-13T03:01:09.601+0000][1][safepoint    ] Application time: 0.0003241 seconds
[2022-06-13T03:01:09.602+0000][1][safepoint    ] Entering safepoint region: RevokeBias
[2022-06-13T03:01:09.602+0000][1][safepoint    ] Leaving safepoint region
[2022-06-13T03:01:09.603+0000][1][safepoint    ] Total time for which application threads were stopped: 0.0009701 seconds, Stopping threads took: 0.0005592 seconds
[2022-06-13T03:01:09.603+0000][1][safepoint    ] Application time: 0.0002872 seconds
[2022-06-13T03:01:09.604+0000][1][safepoint    ] Entering safepoint region: RevokeBias
[2022-06-13T03:01:09.604+0000][1][safepoint    ] Leaving safepoint region
[2022-06-13T03:01:09.604+0000][1][safepoint    ] Total time for which application threads were stopped: 0.0007103 seconds, Stopping threads took: 0.0003481 seconds
[2022-06-13T03:01:09.605+0000][1][safepoint    ] Application time: 0.0002825 seconds
[2022-06-13T03:01:09.606+0000][1][safepoint    ] Entering safepoint region: RevokeBias
[2022-06-13T03:01:09.606+0000][1][safepoint    ] Leaving safepoint region
[2022-06-13T03:01:09.606+0000][1][safepoint    ] Total time for which application threads were stopped: 0.0004140 seconds, Stopping threads took: 0.0002614 seconds
[2022-06-13T03:01:09.606+0000][1][safepoint    ] Application time: 0.0000762 seconds
[2022-06-13T03:01:09.606+0000][1][safepoint    ] Entering safepoint region: RevokeBias
[2022-06-13T03:01:09.607+0000][1][safepoint    ] Leaving safepoint region
[2022-06-13T03:01:09.607+0000][1][safepoint    ] Total time for which application threads were stopped: 0.0003359 seconds, Stopping threads took: 0.0002026 seconds
[2022-06-13T03:01:09.671+0000][1][safepoint    ] Application time: 0.0645197 seconds
[2022-06-13T03:01:09.672+0000][1][safepoint    ] Entering safepoint region: Deoptimize
[2022-06-13T03:01:09.673+0000][1][safepoint    ] Leaving safepoint region
[2022-06-13T03:01:09.673+0000][1][safepoint    ] Total time for which application threads were stopped: 0.0010396 seconds, Stopping threads took: 0.0003678 seconds
[2022-06-13T03:01:09.673+0000][1][safepoint    ] Application time: 0.0004481 seconds
[2022-06-13T03:01:09.674+0000][1][safepoint    ] Entering safepoint region: Deoptimize
[2022-06-13T03:01:09.674+0000][1][safepoint    ] Leaving safepoint region
[2022-06-13T03:01:09.674+0000][1][safepoint    ] Total time for which application threads were stopped: 0.0005070 seconds, Stopping threads took: 0.0001168 seconds
[2022-06-13T03:01:09.777+0000][1][safepoint    ] Application time: 0.1024108 seconds
[2022-06-13T03:01:09.777+0000][1][safepoint    ] Entering safepoint region: GenCollectForAllocation
[2022-06-13T03:01:09.777+0000][1][gc,start     ] GC(3) Pause Young (Allocation Failure)
[2022-06-13T03:01:09.778+0000][1][gc,task      ] GC(3) Using 5 workers of 13 for evacuation
[2022-06-13T03:01:09.780+0000][1][gc,age       ] GC(3) Desired survivor size 4456448 bytes, new threshold 3 (max threshold 6)
[2022-06-13T03:01:09.780+0000][1][gc,age       ] GC(3) Age table with threshold 3 (max threshold 6)
[2022-06-13T03:01:09.780+0000][1][gc,age       ] GC(3) - age   1:    3599864 bytes,    3599864 total
[2022-06-13T03:01:09.781+0000][1][gc,age       ] GC(3) - age   2:     318712 bytes,    3918576 total
[2022-06-13T03:01:09.781+0000][1][gc,age       ] GC(3) - age   3:    1134552 bytes,    5053128 total
[2022-06-13T03:01:09.781+0000][1][gc,heap      ] GC(3) ParNew: 74440K->6893K(78656K)
[2022-06-13T03:01:09.781+0000][1][gc,heap      ] GC(3) CMS: 6761K->6761K(174784K)
[2022-06-13T03:01:09.781+0000][1][gc,metaspace ] GC(3) Metaspace: 18648K->18648K(1067008K)
[2022-06-13T03:01:09.782+0000][1][gc           ] GC(3) Pause Young (Allocation Failure) 79M->13M(247M) 4.364ms
[2022-06-13T03:01:09.782+0000][1][gc,cpu       ] GC(3) User=0.04s Sys=0.00s Real=0.01s
[2022-06-13T03:01:09.782+0000][1][safepoint    ] Leaving safepoint region
[2022-06-13T03:01:09.783+0000][1][safepoint    ] Total time for which application threads were stopped: 0.0057436 seconds, Stopping threads took: 0.0002678 seconds
[2022-06-13T03:01:09.783+0000][1][safepoint    ] Application time: 0.0001951 seconds
[2022-06-13T03:01:09.783+0000][1][safepoint    ] Entering safepoint region: RevokeBias
[2022-06-13T03:01:09.783+0000][1][safepoint    ] Leaving safepoint region
[2022-06-13T03:01:09.784+0000][1][safepoint    ] Total time for which application threads were stopped: 0.0003685 seconds, Stopping threads took: 0.0001400 seconds
[2022-06-13T03:01:09.784+0000][1][safepoint    ] Application time: 0.0000857 seconds
[2022-06-13T03:01:09.784+0000][1][safepoint    ] Entering safepoint region: RevokeBias
[2022-06-13T03:01:09.784+0000][1][safepoint    ] Leaving safepoint region
[2022-06-13T03:01:09.784+0000][1][safepoint    ] Total time for which application threads were stopped: 0.0004512 seconds, Stopping threads took: 0.0003073 seconds
[2022-06-13T03:01:09.785+0000][1][safepoint    ] Application time: 0.0000725 seconds
[2022-06-13T03:01:09.785+0000][1][safepoint    ] Entering safepoint region: RevokeBias
[2022-06-13T03:01:09.785+0000][1][safepoint    ] Leaving safepoint region
[2022-06-13T03:01:09.785+0000][1][safepoint    ] Total time for which application threads were stopped: 0.0003408 seconds, Stopping threads took: 0.0001510 seconds
[2022-06-13T03:01:09.785+0000][1][safepoint    ] Application time: 0.0000713 seconds
[2022-06-13T03:01:09.785+0000][1][safepoint    ] Entering safepoint region: RevokeBias
[2022-06-13T03:01:09.785+0000][1][safepoint    ] Leaving safepoint region
[2022-06-13T03:01:09.786+0000][1][safepoint    ] Total time for which application threads were stopped: 0.0002882 seconds, Stopping threads took: 0.0001120 seconds
[2022-06-13T03:01:09.786+0000][1][safepoint    ] Application time: 0.0000852 seconds
[2022-06-13T03:01:09.786+0000][1][safepoint    ] Entering safepoint region: RevokeBias
[2022-06-13T03:01:09.786+0000][1][safepoint    ] Leaving safepoint region
[2022-06-13T03:01:09.786+0000][1][safepoint    ] Total time for which application threads were stopped: 0.0003096 seconds, Stopping threads took: 0.0001650 seconds
[2022-06-13T03:01:09.786+0000][1][safepoint    ] Application time: 0.0000634 seconds
[2022-06-13T03:01:09.786+0000][1][safepoint    ] Entering safepoint region: RevokeBias
[2022-06-13T03:01:09.787+0000][1][safepoint    ] Leaving safepoint region
[2022-06-13T03:01:09.787+0000][1][safepoint    ] Total time for which application threads were stopped: 0.0002620 seconds, Stopping threads took: 0.0001216 seconds
[2022-06-13T03:01:09.787+0000][1][safepoint    ] Application time: 0.0000618 seconds
[2022-06-13T03:01:09.787+0000][1][safepoint    ] Entering safepoint region: RevokeBias
[2022-06-13T03:01:09.787+0000][1][safepoint    ] Leaving safepoint region
[2022-06-13T03:01:09.787+0000][1][safepoint    ] Total time for which application threads were stopped: 0.0002769 seconds, Stopping threads took: 0.0001239 seconds
[2022-06-13T03:01:09.787+0000][1][safepoint    ] Application time: 0.0000601 seconds
[2022-06-13T03:01:09.787+0000][1][safepoint    ] Entering safepoint region: RevokeBias
[2022-06-13T03:01:09.788+0000][1][safepoint    ] Leaving safepoint region
[2022-06-13T03:01:09.788+0000][1][safepoint    ] Total time for which application threads were stopped: 0.0003103 seconds, Stopping threads took: 0.0001221 seconds
[2022-06-13T03:01:09.788+0000][1][safepoint    ] Application time: 0.0000636 seconds
[2022-06-13T03:01:09.788+0000][1][safepoint    ] Entering safepoint region: RevokeBias
[2022-06-13T03:01:09.788+0000][1][safepoint    ] Leaving safepoint region
[2022-06-13T03:01:09.788+0000][1][safepoint    ] Total time for which application threads were stopped: 0.0002362 seconds, Stopping threads took: 0.0001284 seconds
[2022-06-13T03:01:09.788+0000][1][safepoint    ] Application time: 0.0000608 seconds
[2022-06-13T03:01:09.789+0000][1][safepoint    ] Entering safepoint region: RevokeBias
[2022-06-13T03:01:09.789+0000][1][safepoint    ] Leaving safepoint region
[2022-06-13T03:01:09.789+0000][1][safepoint    ] Total time for which application threads were stopped: 0.0002417 seconds, Stopping threads took: 0.0001205 seconds
[2022-06-13T03:01:09.789+0000][1][safepoint    ] Application time: 0.0000744 seconds
[2022-06-13T03:01:09.789+0000][1][safepoint    ] Entering safepoint region: RevokeBias
[2022-06-13T03:01:09.789+0000][1][safepoint    ] Leaving safepoint region
[2022-06-13T03:01:09.789+0000][1][safepoint    ] Total time for which application threads were stopped: 0.0002746 seconds, Stopping threads took: 0.0001668 seconds
[2022-06-13T03:01:09.790+0000][1][safepoint    ] Application time: 0.0000654 seconds
[2022-06-13T03:01:09.790+0000][1][safepoint    ] Entering safepoint region: RevokeBias
[2022-06-13T03:01:09.790+0000][1][safepoint    ] Leaving safepoint region
[2022-06-13T03:01:09.790+0000][1][safepoint    ] Total time for which application threads were stopped: 0.0002296 seconds, Stopping threads took: 0.0001185 seconds
[2022-06-13T03:01:09.790+0000][1][safepoint    ] Application time: 0.0000965 seconds
[2022-06-13T03:01:09.790+0000][1][safepoint    ] Entering safepoint region: RevokeBias
[2022-06-13T03:01:09.790+0000][1][safepoint    ] Leaving safepoint region
[2022-06-13T03:01:09.790+0000][1][safepoint    ] Total time for which application threads were stopped: 0.0002381 seconds, Stopping threads took: 0.0001267 seconds
[2022-06-13T03:01:09.791+0000][1][safepoint    ] Application time: 0.0000822 seconds
[2022-06-13T03:01:09.791+0000][1][safepoint    ] Entering safepoint region: RevokeBias
[2022-06-13T03:01:09.791+0000][1][safepoint    ] Leaving safepoint region
[2022-06-13T03:01:09.791+0000][1][safepoint    ] Total time for which application threads were stopped: 0.0002351 seconds, Stopping threads took: 0.0001172 seconds
[2022-06-13T03:01:09.791+0000][1][safepoint    ] Application time: 0.0000697 seconds
[2022-06-13T03:01:09.791+0000][1][safepoint    ] Entering safepoint region: RevokeBias
[2022-06-13T03:01:09.791+0000][1][safepoint    ] Leaving safepoint region
[2022-06-13T03:01:09.791+0000][1][safepoint    ] Total time for which application threads were stopped: 0.0002558 seconds, Stopping threads took: 0.0001336 seconds
[2022-06-13T03:01:09.792+0000][1][safepoint    ] Application time: 0.0000797 seconds
[2022-06-13T03:01:09.792+0000][1][safepoint    ] Entering safepoint region: RevokeBias
[2022-06-13T03:01:09.792+0000][1][safepoint    ] Leaving safepoint region
[2022-06-13T03:01:09.792+0000][1][safepoint    ] Total time for which application threads were stopped: 0.0001979 seconds, Stopping threads took: 0.0000948 seconds
[2022-06-13T03:01:09.792+0000][1][safepoint    ] Application time: 0.0000641 seconds
[2022-06-13T03:01:09.792+0000][1][safepoint    ] Entering safepoint region: RevokeBias
[2022-06-13T03:01:09.792+0000][1][safepoint    ] Leaving safepoint region
[2022-06-13T03:01:09.792+0000][1][safepoint    ] Total time for which application threads were stopped: 0.0002111 seconds, Stopping threads took: 0.0001008 seconds
[2022-06-13T03:01:09.792+0000][1][safepoint    ] Application time: 0.0000652 seconds
[2022-06-13T03:01:09.793+0000][1][safepoint    ] Entering safepoint region: RevokeBias
[2022-06-13T03:01:09.793+0000][1][safepoint    ] Leaving safepoint region
[2022-06-13T03:01:09.793+0000][1][safepoint    ] Total time for which application threads were stopped: 0.0002324 seconds, Stopping threads took: 0.0001026 seconds
[2022-06-13T03:01:09.793+0000][1][safepoint    ] Application time: 0.0000832 seconds
[2022-06-13T03:01:09.793+0000][1][safepoint    ] Entering safepoint region: RevokeBias
[2022-06-13T03:01:09.793+0000][1][safepoint    ] Leaving safepoint region
[2022-06-13T03:01:09.793+0000][1][safepoint    ] Total time for which application threads were stopped: 0.0001988 seconds, Stopping threads took: 0.0001001 seconds
[2022-06-13T03:01:09.793+0000][1][safepoint    ] Application time: 0.0000613 seconds
[2022-06-13T03:01:09.793+0000][1][safepoint    ] Entering safepoint region: RevokeBias
[2022-06-13T03:01:09.794+0000][1][safepoint    ] Leaving safepoint region
[2022-06-13T03:01:09.794+0000][1][safepoint    ] Total time for which application threads were stopped: 0.0002186 seconds, Stopping threads took: 0.0001019 seconds
[2022-06-13T03:01:09.794+0000][1][safepoint    ] Application time: 0.0000579 seconds
[2022-06-13T03:01:09.794+0000][1][safepoint    ] Entering safepoint region: RevokeBias
[2022-06-13T03:01:09.794+0000][1][safepoint    ] Leaving safepoint region
[2022-06-13T03:01:09.794+0000][1][safepoint    ] Total time for which application threads were stopped: 0.0001963 seconds, Stopping threads took: 0.0000978 seconds
[2022-06-13T03:01:09.854+0000][1][safepoint    ] Application time: 0.0595520 seconds
[2022-06-13T03:01:09.854+0000][1][safepoint    ] Entering safepoint region: GenCollectForAllocation
[2022-06-13T03:01:09.854+0000][1][gc,start     ] GC(4) Pause Young (Allocation Failure)
[2022-06-13T03:01:09.855+0000][1][gc,task      ] GC(4) Using 5 workers of 13 for evacuation
[2022-06-13T03:01:09.858+0000][1][gc,age       ] GC(4) Desired survivor size 4456448 bytes, new threshold 2 (max threshold 6)
[2022-06-13T03:01:09.858+0000][1][gc,age       ] GC(4) Age table with threshold 2 (max threshold 6)
[2022-06-13T03:01:09.859+0000][1][gc,age       ] GC(4) - age   1:    1617744 bytes,    1617744 total
[2022-06-13T03:01:09.859+0000][1][gc,age       ] GC(4) - age   2:    3305328 bytes,    4923072 total
[2022-06-13T03:01:09.859+0000][1][gc,age       ] GC(4) - age   3:     318184 bytes,    5241256 total
[2022-06-13T03:01:09.859+0000][1][gc,heap      ] GC(4) ParNew: 76845K->7397K(78656K)
[2022-06-13T03:01:09.860+0000][1][gc,heap      ] GC(4) CMS: 6761K->7885K(174784K)
[2022-06-13T03:01:09.860+0000][1][gc,metaspace ] GC(4) Metaspace: 18840K->18840K(1067008K)
[2022-06-13T03:01:09.860+0000][1][gc           ] GC(4) Pause Young (Allocation Failure) 81M->14M(247M) 5.517ms
[2022-06-13T03:01:09.860+0000][1][gc,cpu       ] GC(4) User=0.05s Sys=0.00s Real=0.01s
[2022-06-13T03:01:09.860+0000][1][safepoint    ] Leaving safepoint region
[2022-06-13T03:01:09.861+0000][1][safepoint    ] Total time for which application threads were stopped: 0.0064399 seconds, Stopping threads took: 0.0001402 seconds
[2022-06-13T03:01:09.861+0000][1][safepoint    ] Application time: 0.0001855 seconds
[2022-06-13T03:01:09.861+0000][1][safepoint    ] Entering safepoint region: RevokeBias
[2022-06-13T03:01:09.861+0000][1][safepoint    ] Leaving safepoint region
[2022-06-13T03:01:09.861+0000][1][safepoint    ] Total time for which application threads were stopped: 0.0002536 seconds, Stopping threads took: 0.0001045 seconds
[2022-06-13T03:01:09.862+0000][1][safepoint    ] Application time: 0.0000924 seconds
[2022-06-13T03:01:09.862+0000][1][safepoint    ] Entering safepoint region: RevokeBias
[2022-06-13T03:01:09.862+0000][1][safepoint    ] Leaving safepoint region
[2022-06-13T03:01:09.862+0000][1][safepoint    ] Total time for which application threads were stopped: 0.0001972 seconds, Stopping threads took: 0.0000826 seconds
[2022-06-13T03:01:09.862+0000][1][safepoint    ] Application time: 0.0000773 seconds
[2022-06-13T03:01:09.862+0000][1][safepoint    ] Entering safepoint region: RevokeBias
[2022-06-13T03:01:09.862+0000][1][safepoint    ] Leaving safepoint region
[2022-06-13T03:01:09.862+0000][1][safepoint    ] Total time for which application threads were stopped: 0.0001986 seconds, Stopping threads took: 0.0000875 seconds
[2022-06-13T03:01:09.862+0000][1][safepoint    ] Application time: 0.0000719 seconds
[2022-06-13T03:01:09.863+0000][1][safepoint    ] Entering safepoint region: RevokeBias
[2022-06-13T03:01:09.863+0000][1][safepoint    ] Leaving safepoint region
[2022-06-13T03:01:09.863+0000][1][safepoint    ] Total time for which application threads were stopped: 0.0001891 seconds, Stopping threads took: 0.0000820 seconds
[2022-06-13T03:01:09.876+0000][1][safepoint    ] Application time: 0.0127705 seconds
[2022-06-13T03:01:09.876+0000][1][safepoint    ] Entering safepoint region: Deoptimize
[2022-06-13T03:01:09.877+0000][1][safepoint    ] Leaving safepoint region
[2022-06-13T03:01:09.877+0000][1][safepoint    ] Total time for which application threads were stopped: 0.0009730 seconds, Stopping threads took: 0.0003074 seconds
[2022-06-13T03:01:09.903+0000][1][safepoint    ] Application time: 0.0252215 seconds
[2022-06-13T03:01:09.903+0000][1][safepoint    ] Entering safepoint region: Deoptimize
[2022-06-13T03:01:09.903+0000][1][safepoint    ] Leaving safepoint region
[2022-06-13T03:01:09.904+0000][1][safepoint    ] Total time for which application threads were stopped: 0.0007604 seconds, Stopping threads took: 0.0001653 seconds
[2022-06-13T03:01:09.958+0000][1][safepoint    ] Application time: 0.0540511 seconds
[2022-06-13T03:01:09.958+0000][1][safepoint    ] Entering safepoint region: GenCollectForAllocation
[2022-06-13T03:01:09.959+0000][1][gc,start     ] GC(5) Pause Young (Allocation Failure)
[2022-06-13T03:01:09.959+0000][1][gc,task      ] GC(5) Using 5 workers of 13 for evacuation
[2022-06-13T03:01:09.962+0000][1][gc,age       ] GC(5) Desired survivor size 4456448 bytes, new threshold 6 (max threshold 6)
[2022-06-13T03:01:09.962+0000][1][gc,age       ] GC(5) Age table with threshold 6 (max threshold 6)
[2022-06-13T03:01:09.963+0000][1][gc,age       ] GC(5) - age   1:    2387792 bytes,    2387792 total
[2022-06-13T03:01:09.963+0000][1][gc,age       ] GC(5) - age   2:     446752 bytes,    2834544 total
[2022-06-13T03:01:09.963+0000][1][gc,heap      ] GC(5) ParNew: 77349K->5850K(78656K)
[2022-06-13T03:01:09.964+0000][1][gc,heap      ] GC(5) CMS: 7885K->11455K(174784K)
[2022-06-13T03:01:09.964+0000][1][gc,metaspace ] GC(5) Metaspace: 19174K->19174K(1067008K)
[2022-06-13T03:01:09.964+0000][1][gc           ] GC(5) Pause Young (Allocation Failure) 83M->16M(247M) 5.686ms
[2022-06-13T03:01:09.965+0000][1][gc,cpu       ] GC(5) User=0.04s Sys=0.00s Real=0.01s
[2022-06-13T03:01:09.965+0000][1][safepoint    ] Leaving safepoint region
[2022-06-13T03:01:09.965+0000][1][safepoint    ] Total time for which application threads were stopped: 0.0070129 seconds, Stopping threads took: 0.0002489 seconds
[2022-06-13T03:01:09.966+0000][1][safepoint    ] Application time: 0.0002188 seconds
[2022-06-13T03:01:09.966+0000][1][safepoint    ] Entering safepoint region: RevokeBias
[2022-06-13T03:01:09.966+0000][1][safepoint    ] Leaving safepoint region
[2022-06-13T03:01:09.966+0000][1][safepoint    ] Total time for which application threads were stopped: 0.0004728 seconds, Stopping threads took: 0.0001460 seconds
[2022-06-13T03:01:09.967+0000][1][safepoint    ] Application time: 0.0001061 seconds
[2022-06-13T03:01:09.967+0000][1][safepoint    ] Entering safepoint region: RevokeBias
[2022-06-13T03:01:09.967+0000][1][safepoint    ] Leaving safepoint region
[2022-06-13T03:01:09.967+0000][1][safepoint    ] Total time for which application threads were stopped: 0.0003899 seconds, Stopping threads took: 0.0002306 seconds
[2022-06-13T03:01:09.968+0000][1][safepoint    ] Application time: 0.0001034 seconds
[2022-06-13T03:01:09.968+0000][1][safepoint    ] Entering safepoint region: RevokeBias
[2022-06-13T03:01:09.968+0000][1][safepoint    ] Leaving safepoint region
[2022-06-13T03:01:09.969+0000][1][safepoint    ] Total time for which application threads were stopped: 0.0007112 seconds, Stopping threads took: 0.0003341 seconds
[2022-06-13T03:01:09.969+0000][1][safepoint    ] Application time: 0.0000784 seconds
[2022-06-13T03:01:09.969+0000][1][safepoint    ] Entering safepoint region: RevokeBias
[2022-06-13T03:01:09.970+0000][1][safepoint    ] Leaving safepoint region
[2022-06-13T03:01:09.970+0000][1][safepoint    ] Total time for which application threads were stopped: 0.0004791 seconds, Stopping threads took: 0.0002720 seconds
[2022-06-13T03:01:09.970+0000][1][safepoint    ] Application time: 0.0000949 seconds
[2022-06-13T03:01:09.970+0000][1][safepoint    ] Entering safepoint region: RevokeBias
[2022-06-13T03:01:09.970+0000][1][safepoint    ] Leaving safepoint region
[2022-06-13T03:01:09.970+0000][1][safepoint    ] Total time for which application threads were stopped: 0.0003173 seconds, Stopping threads took: 0.0001486 seconds
[2022-06-13T03:01:09.971+0000][1][safepoint    ] Application time: 0.0000887 seconds
[2022-06-13T03:01:09.971+0000][1][safepoint    ] Entering safepoint region: RevokeBias
[2022-06-13T03:01:09.971+0000][1][safepoint    ] Leaving safepoint region
[2022-06-13T03:01:09.971+0000][1][safepoint    ] Total time for which application threads were stopped: 0.0003099 seconds, Stopping threads took: 0.0001455 seconds
[2022-06-13T03:01:10.021+0000][1][safepoint    ] Application time: 0.0500428 seconds
[2022-06-13T03:01:10.022+0000][1][safepoint    ] Entering safepoint region: RevokeBias
[2022-06-13T03:01:10.022+0000][1][safepoint    ] Leaving safepoint region
[2022-06-13T03:01:10.022+0000][1][safepoint    ] Total time for which application threads were stopped: 0.0002488 seconds, Stopping threads took: 0.0001197 seconds
[2022-06-13T03:01:10.022+0000][1][safepoint    ] Application time: 0.0001888 seconds
[2022-06-13T03:01:10.022+0000][1][safepoint    ] Entering safepoint region: BulkRevokeBias
[2022-06-13T03:01:10.022+0000][1][safepoint    ] Leaving safepoint region
[2022-06-13T03:01:10.023+0000][1][safepoint    ] Total time for which application threads were stopped: 0.0002347 seconds, Stopping threads took: 0.0000883 seconds
[2022-06-13T03:01:10.041+0000][1][safepoint    ] Application time: 0.0184645 seconds
[2022-06-13T03:01:10.041+0000][1][safepoint    ] Entering safepoint region: GenCollectForAllocation
[2022-06-13T03:01:10.042+0000][1][gc,start     ] GC(6) Pause Young (Allocation Failure)
[2022-06-13T03:01:10.042+0000][1][gc,task      ] GC(6) Using 5 workers of 13 for evacuation
[2022-06-13T03:01:10.043+0000][1][gc,age       ] GC(6) Desired survivor size 4456448 bytes, new threshold 6 (max threshold 6)
[2022-06-13T03:01:10.043+0000][1][gc,age       ] GC(6) Age table with threshold 6 (max threshold 6)
[2022-06-13T03:01:10.043+0000][1][gc,age       ] GC(6) - age   1:    1400560 bytes,    1400560 total
[2022-06-13T03:01:10.043+0000][1][gc,age       ] GC(6) - age   2:    2194352 bytes,    3594912 total
[2022-06-13T03:01:10.043+0000][1][gc,age       ] GC(6) - age   3:     446752 bytes,    4041664 total
[2022-06-13T03:01:10.044+0000][1][gc,heap      ] GC(6) ParNew: 75802K->4844K(78656K)
[2022-06-13T03:01:10.044+0000][1][gc,heap      ] GC(6) CMS: 11455K->11455K(174784K)
[2022-06-13T03:01:10.044+0000][1][gc,metaspace ] GC(6) Metaspace: 19479K->19479K(1067008K)
[2022-06-13T03:01:10.044+0000][1][gc           ] GC(6) Pause Young (Allocation Failure) 85M->15M(247M) 2.272ms
[2022-06-13T03:01:10.044+0000][1][gc,cpu       ] GC(6) User=0.01s Sys=0.00s Real=0.00s
[2022-06-13T03:01:10.044+0000][1][safepoint    ] Leaving safepoint region
[2022-06-13T03:01:10.044+0000][1][safepoint    ] Total time for which application threads were stopped: 0.0026891 seconds, Stopping threads took: 0.0001319 seconds
[2022-06-13T03:01:10.044+0000][1][safepoint    ] Application time: 0.0001645 seconds
[2022-06-13T03:01:10.044+0000][1][safepoint    ] Entering safepoint region: BulkRevokeBias
[2022-06-13T03:01:10.045+0000][1][safepoint    ] Leaving safepoint region
[2022-06-13T03:01:10.045+0000][1][safepoint    ] Total time for which application threads were stopped: 0.0003447 seconds, Stopping threads took: 0.0000912 seconds
[2022-06-13T03:01:10.107+0000][1][safepoint    ] Application time: 0.0621706 seconds
[2022-06-13T03:01:10.107+0000][1][safepoint    ] Entering safepoint region: GenCollectForAllocation
[2022-06-13T03:01:10.108+0000][1][gc,start     ] GC(7) Pause Young (Allocation Failure)
[2022-06-13T03:01:10.108+0000][1][gc,task      ] GC(7) Using 5 workers of 13 for evacuation
[2022-06-13T03:01:10.109+0000][1][gc,age       ] GC(7) Desired survivor size 4456448 bytes, new threshold 6 (max threshold 6)
[2022-06-13T03:01:10.109+0000][1][gc,age       ] GC(7) Age table with threshold 6 (max threshold 6)
[2022-06-13T03:01:10.109+0000][1][gc,age       ] GC(7) - age   1:     601912 bytes,     601912 total
[2022-06-13T03:01:10.109+0000][1][gc,age       ] GC(7) - age   2:    1129080 bytes,    1730992 total
[2022-06-13T03:01:10.110+0000][1][gc,age       ] GC(7) - age   3:    2192344 bytes,    3923336 total
[2022-06-13T03:01:10.110+0000][1][gc,age       ] GC(7) - age   4:     446752 bytes,    4370088 total
[2022-06-13T03:01:10.110+0000][1][gc,heap      ] GC(7) ParNew: 74796K->5870K(78656K)
[2022-06-13T03:01:10.110+0000][1][gc,heap      ] GC(7) CMS: 11455K->11455K(174784K)
[2022-06-13T03:01:10.110+0000][1][gc,metaspace ] GC(7) Metaspace: 19936K->19936K(1067008K)
[2022-06-13T03:01:10.110+0000][1][gc           ] GC(7) Pause Young (Allocation Failure) 84M->16M(247M) 2.473ms
[2022-06-13T03:01:10.110+0000][1][gc,cpu       ] GC(7) User=0.01s Sys=0.00s Real=0.01s
[2022-06-13T03:01:10.110+0000][1][safepoint    ] Leaving safepoint region
[2022-06-13T03:01:10.110+0000][1][safepoint    ] Total time for which application threads were stopped: 0.0029210 seconds, Stopping threads took: 0.0001124 seconds
[2022-06-13T03:01:10.113+0000][1][safepoint    ] Application time: 0.0029637 seconds
[2022-06-13T03:01:10.113+0000][1][safepoint    ] Entering safepoint region: CollectForMetadataAllocation
[2022-06-13T03:01:10.114+0000][1][safepoint    ] Leaving safepoint region
[2022-06-13T03:01:10.114+0000][1][safepoint    ] Total time for which application threads were stopped: 0.0003703 seconds, Stopping threads took: 0.0001017 seconds
[2022-06-13T03:01:10.124+0000][1][safepoint    ] Application time: 0.0095307 seconds
[2022-06-13T03:01:10.124+0000][1][safepoint    ] Entering safepoint region: CollectForMetadataAllocation
[2022-06-13T03:01:10.124+0000][1][safepoint    ] Leaving safepoint region
[2022-06-13T03:01:10.124+0000][1][safepoint    ] Total time for which application threads were stopped: 0.0006002 seconds, Stopping threads took: 0.0001596 seconds
[2022-06-13T03:01:10.176+0000][1][safepoint    ] Application time: 0.0514169 seconds
[2022-06-13T03:01:10.176+0000][1][safepoint    ] Entering safepoint region: GenCollectForAllocation
[2022-06-13T03:01:10.177+0000][1][gc,start     ] GC(8) Pause Young (Allocation Failure)
[2022-06-13T03:01:10.177+0000][1][gc,task      ] GC(8) Using 5 workers of 13 for evacuation
[2022-06-13T03:01:10.178+0000][1][gc,age       ] GC(8) Desired survivor size 4456448 bytes, new threshold 5 (max threshold 6)
[2022-06-13T03:01:10.178+0000][1][gc,age       ] GC(8) Age table with threshold 5 (max threshold 6)
[2022-06-13T03:01:10.179+0000][1][gc,age       ] GC(8) - age   1:     493080 bytes,     493080 total
[2022-06-13T03:01:10.179+0000][1][gc,age       ] GC(8) - age   2:     515680 bytes,    1008760 total
[2022-06-13T03:01:10.179+0000][1][gc,age       ] GC(8) - age   3:    1128984 bytes,    2137744 total
[2022-06-13T03:01:10.179+0000][1][gc,age       ] GC(8) - age   4:    2192056 bytes,    4329800 total
[2022-06-13T03:01:10.179+0000][1][gc,age       ] GC(8) - age   5:     446752 bytes,    4776552 total
[2022-06-13T03:01:10.180+0000][1][gc,heap      ] GC(8) ParNew: 75822K->6272K(78656K)
[2022-06-13T03:01:10.180+0000][1][gc,heap      ] GC(8) CMS: 11455K->11455K(174784K)
[2022-06-13T03:01:10.180+0000][1][gc,metaspace ] GC(8) Metaspace: 20527K->20527K(1069056K)
[2022-06-13T03:01:10.180+0000][1][gc           ] GC(8) Pause Young (Allocation Failure) 85M->17M(247M) 3.471ms
[2022-06-13T03:01:10.180+0000][1][gc,cpu       ] GC(8) User=0.03s Sys=0.00s Real=0.01s
[2022-06-13T03:01:10.180+0000][1][safepoint    ] Leaving safepoint region
[2022-06-13T03:01:10.181+0000][1][safepoint    ] Total time for which application threads were stopped: 0.0042353 seconds, Stopping threads took: 0.0002023 seconds
[2022-06-13T03:01:10.181+0000][1][safepoint    ] Application time: 0.0001665 seconds
[2022-06-13T03:01:10.181+0000][1][safepoint    ] Entering safepoint region: CMS_Initial_Mark
[2022-06-13T03:01:10.181+0000][1][gc,start     ] GC(9) Pause Initial Mark
[2022-06-13T03:01:10.182+0000][1][gc           ] GC(9) Pause Initial Mark 18M->18M(247M) 0.715ms
[2022-06-13T03:01:10.182+0000][1][gc,cpu       ] GC(9) User=0.00s Sys=0.00s Real=0.00s
[2022-06-13T03:01:10.183+0000][1][safepoint    ] Leaving safepoint region
[2022-06-13T03:01:10.183+0000][1][safepoint    ] Total time for which application threads were stopped: 0.0017573 seconds, Stopping threads took: 0.0002094 seconds
[2022-06-13T03:01:10.183+0000][1][gc           ] GC(9) Concurrent Mark
[2022-06-13T03:01:10.184+0000][1][gc,task      ] GC(9) Using 4 workers of 4 for marking
[2022-06-13T03:01:10.188+0000][1][gc           ] GC(9) Concurrent Mark 4.670ms
[2022-06-13T03:01:10.188+0000][1][gc,cpu       ] GC(9) User=0.02s Sys=0.00s Real=0.00s
[2022-06-13T03:01:10.188+0000][1][gc           ] GC(9) Concurrent Preclean
[2022-06-13T03:01:10.189+0000][1][gc           ] GC(9) Concurrent Preclean 0.653ms
[2022-06-13T03:01:10.190+0000][1][gc,cpu       ] GC(9) User=0.03s Sys=0.00s Real=0.01s
[2022-06-13T03:01:10.190+0000][1][gc           ] GC(9) Concurrent Abortable Preclean
[2022-06-13T03:01:10.225+0000][1][safepoint    ] Application time: 0.0421351 seconds
[2022-06-13T03:01:10.226+0000][1][safepoint    ] Entering safepoint region: GenCollectForAllocation
[2022-06-13T03:01:10.226+0000][1][gc,start     ] GC(10) Pause Young (Allocation Failure)
[2022-06-13T03:01:10.226+0000][1][gc,task      ] GC(10) Using 5 workers of 13 for evacuation
[2022-06-13T03:01:10.228+0000][1][gc,age       ] GC(10) Desired survivor size 4456448 bytes, new threshold 5 (max threshold 6)
[2022-06-13T03:01:10.228+0000][1][gc,age       ] GC(10) Age table with threshold 5 (max threshold 6)
[2022-06-13T03:01:10.228+0000][1][gc,age       ] GC(10) - age   1:     917728 bytes,     917728 total
[2022-06-13T03:01:10.229+0000][1][gc,age       ] GC(10) - age   2:     475608 bytes,    1393336 total
[2022-06-13T03:01:10.229+0000][1][gc,age       ] GC(10) - age   3:     515560 bytes,    1908896 total
[2022-06-13T03:01:10.229+0000][1][gc,age       ] GC(10) - age   4:    1128984 bytes,    3037880 total
[2022-06-13T03:01:10.229+0000][1][gc,age       ] GC(10) - age   5:    2191864 bytes,    5229744 total
[2022-06-13T03:01:10.229+0000][1][gc,heap      ] GC(10) ParNew: 76224K->6811K(78656K)
[2022-06-13T03:01:10.229+0000][1][gc,heap      ] GC(10) CMS: 11455K->11896K(174784K)
[2022-06-13T03:01:10.229+0000][1][gc,metaspace ] GC(10) Metaspace: 20646K->20646K(1069056K)
[2022-06-13T03:01:10.229+0000][1][gc           ] GC(10) Pause Young (Allocation Failure) 85M->18M(247M) 3.578ms
[2022-06-13T03:01:10.229+0000][1][gc,cpu       ] GC(10) User=0.02s Sys=0.00s Real=0.01s
[2022-06-13T03:01:10.230+0000][1][safepoint    ] Leaving safepoint region
[2022-06-13T03:01:10.230+0000][1][safepoint    ] Total time for which application threads were stopped: 0.0041137 seconds, Stopping threads took: 0.0001534 seconds
[2022-06-13T03:01:10.270+0000][1][safepoint    ] Application time: 0.0398099 seconds
[2022-06-13T03:01:10.270+0000][1][safepoint    ] Entering safepoint region: CollectForMetadataAllocation
[2022-06-13T03:01:10.270+0000][1][safepoint    ] Leaving safepoint region
[2022-06-13T03:01:10.271+0000][1][safepoint    ] Total time for which application threads were stopped: 0.0005722 seconds, Stopping threads took: 0.0002361 seconds
[2022-06-13T03:01:10.271+0000][1][gc           ] GC(9) Concurrent Abortable Preclean 81.129ms
[2022-06-13T03:01:10.271+0000][1][gc,cpu       ] GC(9) User=0.20s Sys=0.01s Real=0.08s
[2022-06-13T03:01:10.271+0000][1][safepoint    ] Application time: 0.0003865 seconds
[2022-06-13T03:01:10.271+0000][1][safepoint    ] Entering safepoint region: CMS_Final_Remark
[2022-06-13T03:01:10.272+0000][1][gc,start     ] GC(9) Pause Remark
[2022-06-13T03:01:10.280+0000][1][gc           ] GC(9) Pause Remark 78M->78M(247M) 8.304ms
[2022-06-13T03:01:10.280+0000][1][gc,cpu       ] GC(9) User=0.02s Sys=0.00s Real=0.01s
[2022-06-13T03:01:10.281+0000][1][safepoint    ] Leaving safepoint region
[2022-06-13T03:01:10.281+0000][1][safepoint    ] Total time for which application threads were stopped: 0.0096857 seconds, Stopping threads took: 0.0003395 seconds
[2022-06-13T03:01:10.281+0000][1][gc           ] GC(9) Concurrent Sweep
[2022-06-13T03:01:10.285+0000][1][gc           ] GC(9) Concurrent Sweep 3.202ms
[2022-06-13T03:01:10.285+0000][1][gc,cpu       ] GC(9) User=0.01s Sys=0.00s Real=0.00s
[2022-06-13T03:01:10.285+0000][1][gc           ] GC(9) Concurrent Reset
[2022-06-13T03:01:10.286+0000][1][gc           ] GC(9) Concurrent Reset 0.531ms
[2022-06-13T03:01:10.286+0000][1][gc,cpu       ] GC(9) User=0.00s Sys=0.00s Real=0.00s
[2022-06-13T03:01:10.286+0000][1][gc,heap      ] GC(9) Old: 11455K->11869K(174784K)
[2022-06-13T03:01:10.289+0000][1][safepoint    ] Application time: 0.0073647 seconds
[2022-06-13T03:01:10.289+0000][1][safepoint    ] Entering safepoint region: GenCollectForAllocation
[2022-06-13T03:01:10.289+0000][1][gc,start     ] GC(11) Pause Young (Allocation Failure)
[2022-06-13T03:01:10.290+0000][1][gc,task      ] GC(11) Using 5 workers of 13 for evacuation
[2022-06-13T03:01:10.293+0000][1][gc,age       ] GC(11) Desired survivor size 4456448 bytes, new threshold 6 (max threshold 6)
[2022-06-13T03:01:10.293+0000][1][gc,age       ] GC(11) Age table with threshold 6 (max threshold 6)
[2022-06-13T03:01:10.293+0000][1][gc,age       ] GC(11) - age   1:    1827832 bytes,    1827832 total
[2022-06-13T03:01:10.294+0000][1][gc,age       ] GC(11) - age   2:     103400 bytes,    1931232 total
[2022-06-13T03:01:10.294+0000][1][gc,age       ] GC(11) - age   3:     475560 bytes,    2406792 total
[2022-06-13T03:01:10.294+0000][1][gc,age       ] GC(11) - age   4:     515432 bytes,    2922224 total
[2022-06-13T03:01:10.294+0000][1][gc,age       ] GC(11) - age   5:    1128696 bytes,    4050920 total
[2022-06-13T03:01:10.295+0000][1][gc,heap      ] GC(11) ParNew: 76763K->6310K(78656K)
[2022-06-13T03:01:10.295+0000][1][gc,heap      ] GC(11) CMS: 11869K->14023K(174784K)
[2022-06-13T03:01:10.295+0000][1][gc,metaspace ] GC(11) Metaspace: 20726K->20726K(1069056K)
[2022-06-13T03:01:10.296+0000][1][gc           ] GC(11) Pause Young (Allocation Failure) 86M->19M(247M) 6.333ms
[2022-06-13T03:01:10.296+0000][1][gc,cpu       ] GC(11) User=0.01s Sys=0.00s Real=0.00s
[2022-06-13T03:01:10.296+0000][1][safepoint    ] Leaving safepoint region
[2022-06-13T03:01:10.297+0000][1][safepoint    ] Total time for which application threads were stopped: 0.0077123 seconds, Stopping threads took: 0.0001551 seconds
[2022-06-13T03:01:10.332+0000][1][safepoint    ] Application time: 0.0352617 seconds
[2022-06-13T03:01:10.333+0000][1][safepoint    ] Entering safepoint region: Deoptimize
[2022-06-13T03:01:10.333+0000][1][safepoint    ] Leaving safepoint region
[2022-06-13T03:01:10.334+0000][1][safepoint    ] Total time for which application threads were stopped: 0.0008708 seconds, Stopping threads took: 0.0002829 seconds
[2022-06-13T03:01:10.527+0000][1][safepoint    ] Application time: 0.1929397 seconds
[2022-06-13T03:01:10.528+0000][1][safepoint    ] Entering safepoint region: Deoptimize
[2022-06-13T03:01:10.529+0000][1][safepoint    ] Leaving safepoint region
[2022-06-13T03:01:10.529+0000][1][safepoint    ] Total time for which application threads were stopped: 0.0017462 seconds, Stopping threads took: 0.0006631 seconds
[2022-06-13T03:01:10.530+0000][1][safepoint    ] Application time: 0.0004774 seconds
[2022-06-13T03:01:10.531+0000][1][safepoint    ] Entering safepoint region: Deoptimize
[2022-06-13T03:01:10.531+0000][1][safepoint    ] Leaving safepoint region
[2022-06-13T03:01:10.532+0000][1][safepoint    ] Total time for which application threads were stopped: 0.0011810 seconds, Stopping threads took: 0.0004636 seconds
[2022-06-13T03:01:10.539+0000][1][safepoint    ] Application time: 0.0069897 seconds
[2022-06-13T03:01:10.540+0000][1][safepoint    ] Entering safepoint region: RevokeBias
[2022-06-13T03:01:10.540+0000][1][safepoint    ] Leaving safepoint region
[2022-06-13T03:01:10.541+0000][1][safepoint    ] Total time for which application threads were stopped: 0.0008252 seconds, Stopping threads took: 0.0003027 seconds
[2022-06-13T03:01:10.541+0000][1][safepoint    ] Application time: 0.0002289 seconds
[2022-06-13T03:01:10.542+0000][1][safepoint    ] Entering safepoint region: RevokeBias
[2022-06-13T03:01:10.542+0000][1][safepoint    ] Leaving safepoint region
[2022-06-13T03:01:10.543+0000][1][safepoint    ] Total time for which application threads were stopped: 0.0007996 seconds, Stopping threads took: 0.0003471 seconds
[2022-06-13T03:01:10.544+0000][1][safepoint    ] Application time: 0.0002290 seconds
[2022-06-13T03:01:10.544+0000][1][safepoint    ] Entering safepoint region: RevokeBias
[2022-06-13T03:01:10.544+0000][1][safepoint    ] Leaving safepoint region
[2022-06-13T03:01:10.545+0000][1][safepoint    ] Total time for which application threads were stopped: 0.0008642 seconds, Stopping threads took: 0.0004284 seconds
[2022-06-13T03:01:10.546+0000][1][safepoint    ] Application time: 0.0004176 seconds
[2022-06-13T03:01:10.546+0000][1][safepoint    ] Entering safepoint region: Deoptimize
[2022-06-13T03:01:10.547+0000][1][safepoint    ] Leaving safepoint region
[2022-06-13T03:01:10.547+0000][1][safepoint    ] Total time for which application threads were stopped: 0.0010078 seconds, Stopping threads took: 0.0004376 seconds
[2022-06-13T03:01:10.550+0000][1][safepoint    ] Application time: 0.0026149 seconds
[2022-06-13T03:01:10.551+0000][1][safepoint    ] Entering safepoint region: Deoptimize
[2022-06-13T03:01:10.552+0000][1][safepoint    ] Leaving safepoint region
[2022-06-13T03:01:10.552+0000][1][safepoint    ] Total time for which application threads were stopped: 0.0013114 seconds, Stopping threads took: 0.0005370 seconds
[2022-06-13T03:01:10.591+0000][1][safepoint    ] Application time: 0.0380020 seconds
[2022-06-13T03:01:10.591+0000][1][safepoint    ] Entering safepoint region: GenCollectForAllocation
[2022-06-13T03:01:10.592+0000][1][gc,start     ] GC(12) Pause Young (Allocation Failure)
[2022-06-13T03:01:10.592+0000][1][gc,task      ] GC(12) Using 5 workers of 13 for evacuation
[2022-06-13T03:01:10.595+0000][1][gc,age       ] GC(12) Desired survivor size 4456448 bytes, new threshold 6 (max threshold 6)
[2022-06-13T03:01:10.596+0000][1][gc,age       ] GC(12) Age table with threshold 6 (max threshold 6)
[2022-06-13T03:01:10.596+0000][1][gc,age       ] GC(12) - age   1:    2960960 bytes,    2960960 total
[2022-06-13T03:01:10.597+0000][1][gc,age       ] GC(12) - age   2:     344808 bytes,    3305768 total
[2022-06-13T03:01:10.597+0000][1][gc,age       ] GC(12) - age   3:     103136 bytes,    3408904 total
[2022-06-13T03:01:10.598+0000][1][gc,age       ] GC(12) - age   4:     475064 bytes,    3883968 total
[2022-06-13T03:01:10.598+0000][1][gc,age       ] GC(12) - age   5:     510496 bytes,    4394464 total
[2022-06-13T03:01:10.599+0000][1][gc,age       ] GC(12) - age   6:    1128536 bytes,    5523000 total
[2022-06-13T03:01:10.600+0000][1][gc,heap      ] GC(12) ParNew: 76262K->7368K(78656K)
[2022-06-13T03:01:10.600+0000][1][gc,heap      ] GC(12) CMS: 14023K->14023K(174784K)
[2022-06-13T03:01:10.601+0000][1][gc,metaspace ] GC(12) Metaspace: 26514K->26514K(1073152K)
[2022-06-13T03:01:10.601+0000][1][gc           ] GC(12) Pause Young (Allocation Failure) 88M->20M(247M) 9.641ms
[2022-06-13T03:01:10.602+0000][1][gc,cpu       ] GC(12) User=0.03s Sys=0.01s Real=0.01s
[2022-06-13T03:01:10.602+0000][1][safepoint    ] Leaving safepoint region
[2022-06-13T03:01:10.603+0000][1][safepoint    ] Total time for which application threads were stopped: 0.0118936 seconds, Stopping threads took: 0.0005579 seconds
[2022-06-13T03:01:10.714+0000][1][safepoint    ] Application time: 0.1108849 seconds
[2022-06-13T03:01:10.715+0000][1][safepoint    ] Entering safepoint region: Deoptimize
[2022-06-13T03:01:10.716+0000][1][safepoint    ] Leaving safepoint region
[2022-06-13T03:01:10.716+0000][1][safepoint    ] Total time for which application threads were stopped: 0.0014218 seconds, Stopping threads took: 0.0004279 seconds
[2022-06-13T03:01:10.983+0000][1][safepoint    ] Application time: 0.2658107 seconds
[2022-06-13T03:01:10.983+0000][1][safepoint    ] Entering safepoint region: GenCollectForAllocation
[2022-06-13T03:01:10.983+0000][1][gc,start     ] GC(13) Pause Young (Allocation Failure)
[2022-06-13T03:01:10.983+0000][1][gc,task      ] GC(13) Using 5 workers of 13 for evacuation
[2022-06-13T03:01:10.998+0000][1][gc,age       ] GC(13) Desired survivor size 4456448 bytes, new threshold 1 (max threshold 6)
[2022-06-13T03:01:10.998+0000][1][gc,age       ] GC(13) Age table with threshold 1 (max threshold 6)
[2022-06-13T03:01:10.998+0000][1][gc,age       ] GC(13) - age   1:    4795992 bytes,    4795992 total
[2022-06-13T03:01:10.998+0000][1][gc,age       ] GC(13) - age   2:    2682864 bytes,    7478856 total
[2022-06-13T03:01:10.998+0000][1][gc,age       ] GC(13) - age   3:     344712 bytes,    7823568 total
[2022-06-13T03:01:10.998+0000][1][gc,age       ] GC(13) - age   4:     103136 bytes,    7926704 total
[2022-06-13T03:01:10.999+0000][1][gc,age       ] GC(13) - age   5:     475064 bytes,    8401768 total
[2022-06-13T03:01:10.999+0000][1][gc,age       ] GC(13) - age   6:     510496 bytes,    8912264 total
[2022-06-13T03:01:10.999+0000][1][gc,heap      ] GC(13) ParNew: 77320K->8704K(78656K)
[2022-06-13T03:01:10.999+0000][1][gc,heap      ] GC(13) CMS: 14023K->25228K(174784K)
[2022-06-13T03:01:10.999+0000][1][gc,metaspace ] GC(13) Metaspace: 27221K->27221K(1075200K)
[2022-06-13T03:01:10.999+0000][1][gc           ] GC(13) Pause Young (Allocation Failure) 89M->33M(247M) 15.992ms
[2022-06-13T03:01:10.999+0000][1][gc,cpu       ] GC(13) User=0.22s Sys=0.00s Real=0.02s
[2022-06-13T03:01:10.999+0000][1][safepoint    ] Leaving safepoint region
[2022-06-13T03:01:10.999+0000][1][safepoint    ] Total time for which application threads were stopped: 0.0165348 seconds, Stopping threads took: 0.0001277 seconds
[2022-06-13T03:01:11.196+0000][1][safepoint    ] Application time: 0.1963581 seconds
[2022-06-13T03:01:11.196+0000][1][safepoint    ] Entering safepoint region: RevokeBias
[2022-06-13T03:01:11.196+0000][1][safepoint    ] Leaving safepoint region
[2022-06-13T03:01:11.197+0000][1][safepoint    ] Total time for which application threads were stopped: 0.0003324 seconds, Stopping threads took: 0.0001573 seconds
[2022-06-13T03:01:11.212+0000][1][safepoint    ] Application time: 0.0150005 seconds
[2022-06-13T03:01:11.212+0000][1][safepoint    ] Entering safepoint region: GenCollectForAllocation
[2022-06-13T03:01:11.213+0000][1][gc,start     ] GC(14) Pause Young (Allocation Failure)
[2022-06-13T03:01:11.213+0000][1][gc,task      ] GC(14) Using 5 workers of 13 for evacuation
[2022-06-13T03:01:11.230+0000][1][gc,age       ] GC(14) Desired survivor size 4456448 bytes, new threshold 1 (max threshold 6)
[2022-06-13T03:01:11.231+0000][1][gc,age       ] GC(14) Age table with threshold 1 (max threshold 6)
[2022-06-13T03:01:11.231+0000][1][gc,age       ] GC(14) - age   1:    8912760 bytes,    8912760 total
[2022-06-13T03:01:11.232+0000][1][gc,heap      ] GC(14) ParNew: 78656K->8704K(78656K)
[2022-06-13T03:01:11.232+0000][1][gc,heap      ] GC(14) CMS: 25228K->39626K(174784K)
[2022-06-13T03:01:11.232+0000][1][gc,metaspace ] GC(14) Metaspace: 27293K->27293K(1075200K)
[2022-06-13T03:01:11.233+0000][1][gc           ] GC(14) Pause Young (Allocation Failure) 101M->47M(247M) 19.585ms
[2022-06-13T03:01:11.233+0000][1][gc,cpu       ] GC(14) User=0.14s Sys=0.00s Real=0.02s
[2022-06-13T03:01:11.233+0000][1][safepoint    ] Leaving safepoint region
[2022-06-13T03:01:11.234+0000][1][safepoint    ] Total time for which application threads were stopped: 0.0218845 seconds, Stopping threads took: 0.0009609 seconds
[2022-06-13T03:01:11.369+0000][1][safepoint    ] Application time: 0.1353219 seconds
[2022-06-13T03:01:11.370+0000][1][safepoint    ] Entering safepoint region: RevokeBias
[2022-06-13T03:01:11.370+0000][1][safepoint    ] Leaving safepoint region
[2022-06-13T03:01:11.370+0000][1][safepoint    ] Total time for which application threads were stopped: 0.0003781 seconds, Stopping threads took: 0.0001476 seconds
[2022-06-13T03:01:11.487+0000][1][safepoint    ] Application time: 0.1163129 seconds
[2022-06-13T03:01:11.487+0000][1][safepoint    ] Entering safepoint region: RevokeBias
[2022-06-13T03:01:11.487+0000][1][safepoint    ] Leaving safepoint region
[2022-06-13T03:01:11.487+0000][1][safepoint    ] Total time for which application threads were stopped: 0.0004320 seconds, Stopping threads took: 0.0001975 seconds
[2022-06-13T03:01:11.574+0000][1][safepoint    ] Application time: 0.0865733 seconds
[2022-06-13T03:01:11.574+0000][1][safepoint    ] Entering safepoint region: GenCollectForAllocation
[2022-06-13T03:01:11.575+0000][1][gc,start     ] GC(15) Pause Young (Allocation Failure)
[2022-06-13T03:01:11.575+0000][1][gc,task      ] GC(15) Using 5 workers of 13 for evacuation
[2022-06-13T03:01:11.586+0000][1][gc,age       ] GC(15) Desired survivor size 4456448 bytes, new threshold 1 (max threshold 6)
[2022-06-13T03:01:11.586+0000][1][gc,age       ] GC(15) Age table with threshold 1 (max threshold 6)
[2022-06-13T03:01:11.586+0000][1][gc,age       ] GC(15) - age   1:    7351336 bytes,    7351336 total
[2022-06-13T03:01:11.586+0000][1][gc,heap      ] GC(15) ParNew: 78656K->8704K(78656K)
[2022-06-13T03:01:11.587+0000][1][gc,heap      ] GC(15) CMS: 39626K->48285K(174784K)
[2022-06-13T03:01:11.587+0000][1][gc,metaspace ] GC(15) Metaspace: 32049K->32049K(1079296K)
[2022-06-13T03:01:11.587+0000][1][gc           ] GC(15) Pause Young (Allocation Failure) 115M->55M(247M) 12.229ms
[2022-06-13T03:01:11.587+0000][1][gc,cpu       ] GC(15) User=0.09s Sys=0.00s Real=0.01s
[2022-06-13T03:01:11.588+0000][1][safepoint    ] Leaving safepoint region
[2022-06-13T03:01:11.588+0000][1][safepoint    ] Total time for which application threads were stopped: 0.0134602 seconds, Stopping threads took: 0.0002243 seconds
[2022-06-13T03:01:11.668+0000][1][safepoint    ] Application time: 0.0804726 seconds
[2022-06-13T03:01:11.669+0000][1][safepoint    ] Entering safepoint region: GenCollectForAllocation
[2022-06-13T03:01:11.669+0000][1][gc,start     ] GC(16) Pause Young (Allocation Failure)
[2022-06-13T03:01:11.669+0000][1][gc,task      ] GC(16) Using 5 workers of 13 for evacuation
[2022-06-13T03:01:11.674+0000][1][gc,age       ] GC(16) Desired survivor size 4456448 bytes, new threshold 6 (max threshold 6)
[2022-06-13T03:01:11.675+0000][1][gc,age       ] GC(16) Age table with threshold 6 (max threshold 6)
[2022-06-13T03:01:11.675+0000][1][gc,age       ] GC(16) - age   1:     383880 bytes,     383880 total
[2022-06-13T03:01:11.675+0000][1][gc,heap      ] GC(16) ParNew: 78656K->7501K(78656K)
[2022-06-13T03:01:11.675+0000][1][gc,heap      ] GC(16) CMS: 48285K->55479K(174784K)
[2022-06-13T03:01:11.675+0000][1][gc,metaspace ] GC(16) Metaspace: 33037K->33037K(1079296K)
[2022-06-13T03:01:11.675+0000][1][gc           ] GC(16) Pause Young (Allocation Failure) 123M->61M(247M) 6.193ms
[2022-06-13T03:01:11.675+0000][1][gc,cpu       ] GC(16) User=0.03s Sys=0.00s Real=0.01s
[2022-06-13T03:01:11.675+0000][1][safepoint    ] Leaving safepoint region
[2022-06-13T03:01:11.675+0000][1][safepoint    ] Total time for which application threads were stopped: 0.0066926 seconds, Stopping threads took: 0.0001381 seconds
[2022-06-13T03:01:11.688+0000][1][safepoint    ] Application time: 0.0127622 seconds
[2022-06-13T03:01:11.689+0000][1][safepoint    ] Entering safepoint region: RevokeBias
[2022-06-13T03:01:11.689+0000][1][safepoint    ] Leaving safepoint region
[2022-06-13T03:01:11.689+0000][1][safepoint    ] Total time for which application threads were stopped: 0.0007182 seconds, Stopping threads took: 0.0002891 seconds
[2022-06-13T03:01:11.806+0000][1][safepoint    ] Application time: 0.1163473 seconds
[2022-06-13T03:01:11.806+0000][1][safepoint    ] Entering safepoint region: CollectForMetadataAllocation
[2022-06-13T03:01:11.807+0000][1][safepoint    ] Leaving safepoint region
[2022-06-13T03:01:11.807+0000][1][safepoint    ] Total time for which application threads were stopped: 0.0005307 seconds, Stopping threads took: 0.0001778 seconds
[2022-06-13T03:01:11.817+0000][1][safepoint    ] Application time: 0.0103356 seconds
[2022-06-13T03:01:11.818+0000][1][safepoint    ] Entering safepoint region: CollectForMetadataAllocation
[2022-06-13T03:01:11.818+0000][1][safepoint    ] Leaving safepoint region
[2022-06-13T03:01:11.818+0000][1][safepoint    ] Total time for which application threads were stopped: 0.0005051 seconds, Stopping threads took: 0.0002191 seconds
[2022-06-13T03:01:11.828+0000][1][safepoint    ] Application time: 0.0091360 seconds
[2022-06-13T03:01:11.828+0000][1][safepoint    ] Entering safepoint region: CollectForMetadataAllocation
[2022-06-13T03:01:11.828+0000][1][safepoint    ] Leaving safepoint region
[2022-06-13T03:01:11.829+0000][1][safepoint    ] Total time for which application threads were stopped: 0.0004761 seconds, Stopping threads took: 0.0002223 seconds
[2022-06-13T03:01:11.842+0000][1][safepoint    ] Application time: 0.0130259 seconds
[2022-06-13T03:01:11.842+0000][1][safepoint    ] Entering safepoint region: CollectForMetadataAllocation
[2022-06-13T03:01:11.842+0000][1][safepoint    ] Leaving safepoint region
[2022-06-13T03:01:11.842+0000][1][safepoint    ] Total time for which application threads were stopped: 0.0003761 seconds, Stopping threads took: 0.0001377 seconds
[2022-06-13T03:01:11.853+0000][1][safepoint    ] Application time: 0.0104260 seconds
[2022-06-13T03:01:11.853+0000][1][safepoint    ] Entering safepoint region: CollectForMetadataAllocation
[2022-06-13T03:01:11.853+0000][1][safepoint    ] Leaving safepoint region
[2022-06-13T03:01:11.853+0000][1][safepoint    ] Total time for which application threads were stopped: 0.0003405 seconds, Stopping threads took: 0.0001034 seconds
[2022-06-13T03:01:11.863+0000][1][safepoint    ] Application time: 0.0099156 seconds
[2022-06-13T03:01:11.864+0000][1][safepoint    ] Entering safepoint region: CollectForMetadataAllocation
[2022-06-13T03:01:11.864+0000][1][safepoint    ] Leaving safepoint region
[2022-06-13T03:01:11.864+0000][1][safepoint    ] Total time for which application threads were stopped: 0.0007005 seconds, Stopping threads took: 0.0002844 seconds
[2022-06-13T03:01:11.876+0000][1][safepoint    ] Application time: 0.0111265 seconds
[2022-06-13T03:01:11.876+0000][1][safepoint    ] Entering safepoint region: CollectForMetadataAllocation
[2022-06-13T03:01:11.877+0000][1][safepoint    ] Leaving safepoint region
[2022-06-13T03:01:11.877+0000][1][safepoint    ] Total time for which application threads were stopped: 0.0007570 seconds, Stopping threads took: 0.0003112 seconds
[2022-06-13T03:01:11.890+0000][1][safepoint    ] Application time: 0.0126737 seconds
[2022-06-13T03:01:11.890+0000][1][safepoint    ] Entering safepoint region: CollectForMetadataAllocation
[2022-06-13T03:01:11.891+0000][1][safepoint    ] Leaving safepoint region
[2022-06-13T03:01:11.891+0000][1][safepoint    ] Total time for which application threads were stopped: 0.0007162 seconds, Stopping threads took: 0.0003130 seconds
[2022-06-13T03:01:11.897+0000][1][safepoint    ] Application time: 0.0057023 seconds
[2022-06-13T03:01:11.898+0000][1][safepoint    ] Entering safepoint region: RevokeBias
[2022-06-13T03:01:11.898+0000][1][safepoint    ] Leaving safepoint region
[2022-06-13T03:01:11.898+0000][1][safepoint    ] Total time for which application threads were stopped: 0.0004746 seconds, Stopping threads took: 0.0002198 seconds
[2022-06-13T03:01:11.902+0000][1][safepoint    ] Application time: 0.0037150 seconds
[2022-06-13T03:01:11.902+0000][1][safepoint    ] Entering safepoint region: RevokeBias
[2022-06-13T03:01:11.903+0000][1][safepoint    ] Leaving safepoint region
[2022-06-13T03:01:11.903+0000][1][safepoint    ] Total time for which application threads were stopped: 0.0008037 seconds, Stopping threads took: 0.0003641 seconds
[2022-06-13T03:01:11.905+0000][1][safepoint    ] Application time: 0.0009645 seconds
[2022-06-13T03:01:11.905+0000][1][safepoint    ] Entering safepoint region: CollectForMetadataAllocation
[2022-06-13T03:01:11.905+0000][1][safepoint    ] Leaving safepoint region
[2022-06-13T03:01:11.906+0000][1][safepoint    ] Total time for which application threads were stopped: 0.0009541 seconds, Stopping threads took: 0.0004122 seconds
[2022-06-13T03:01:11.911+0000][1][safepoint    ] Application time: 0.0052088 seconds
[2022-06-13T03:01:11.912+0000][1][safepoint    ] Entering safepoint region: RevokeBias
[2022-06-13T03:01:11.913+0000][1][safepoint    ] Leaving safepoint region
[2022-06-13T03:01:11.913+0000][1][safepoint    ] Total time for which application threads were stopped: 0.0009118 seconds, Stopping threads took: 0.0005137 seconds
[2022-06-13T03:01:11.926+0000][1][safepoint    ] Application time: 0.0126285 seconds
[2022-06-13T03:01:11.927+0000][1][safepoint    ] Entering safepoint region: CollectForMetadataAllocation
[2022-06-13T03:01:11.927+0000][1][safepoint    ] Leaving safepoint region
[2022-06-13T03:01:11.928+0000][1][safepoint    ] Total time for which application threads were stopped: 0.0011909 seconds, Stopping threads took: 0.0004731 seconds
[2022-06-13T03:01:11.941+0000][1][safepoint    ] Application time: 0.0129539 seconds
[2022-06-13T03:01:11.942+0000][1][safepoint    ] Entering safepoint region: CollectForMetadataAllocation
[2022-06-13T03:01:11.942+0000][1][safepoint    ] Leaving safepoint region
[2022-06-13T03:01:11.943+0000][1][safepoint    ] Total time for which application threads were stopped: 0.0009218 seconds, Stopping threads took: 0.0004356 seconds
[2022-06-13T03:01:11.956+0000][1][safepoint    ] Application time: 0.0127610 seconds
[2022-06-13T03:01:11.956+0000][1][safepoint    ] Entering safepoint region: CollectForMetadataAllocation
[2022-06-13T03:01:11.957+0000][1][safepoint    ] Leaving safepoint region
[2022-06-13T03:01:11.957+0000][1][safepoint    ] Total time for which application threads were stopped: 0.0009849 seconds, Stopping threads took: 0.0005164 seconds
[2022-06-13T03:01:11.969+0000][1][safepoint    ] Application time: 0.0117408 seconds
[2022-06-13T03:01:11.970+0000][1][safepoint    ] Entering safepoint region: CollectForMetadataAllocation
[2022-06-13T03:01:11.970+0000][1][safepoint    ] Leaving safepoint region
[2022-06-13T03:01:11.971+0000][1][safepoint    ] Total time for which application threads were stopped: 0.0008842 seconds, Stopping threads took: 0.0003839 seconds
[2022-06-13T03:01:11.982+0000][1][safepoint    ] Application time: 0.0105448 seconds
[2022-06-13T03:01:11.982+0000][1][safepoint    ] Entering safepoint region: CollectForMetadataAllocation
[2022-06-13T03:01:11.983+0000][1][safepoint    ] Leaving safepoint region
[2022-06-13T03:01:11.984+0000][1][safepoint    ] Total time for which application threads were stopped: 0.0012662 seconds, Stopping threads took: 0.0005949 seconds
[2022-06-13T03:01:11.992+0000][1][safepoint    ] Application time: 0.0078916 seconds
[2022-06-13T03:01:11.993+0000][1][safepoint    ] Entering safepoint region: CollectForMetadataAllocation
[2022-06-13T03:01:11.993+0000][1][safepoint    ] Leaving safepoint region
[2022-06-13T03:01:11.994+0000][1][safepoint    ] Total time for which application threads were stopped: 0.0010676 seconds, Stopping threads took: 0.0005039 seconds
[2022-06-13T03:01:12.007+0000][1][safepoint    ] Application time: 0.0130291 seconds
[2022-06-13T03:01:12.008+0000][1][safepoint    ] Entering safepoint region: CollectForMetadataAllocation
[2022-06-13T03:01:12.008+0000][1][safepoint    ] Leaving safepoint region
[2022-06-13T03:01:12.009+0000][1][safepoint    ] Total time for which application threads were stopped: 0.0010426 seconds, Stopping threads took: 0.0004619 seconds
[2022-06-13T03:01:12.020+0000][1][safepoint    ] Application time: 0.0108126 seconds
[2022-06-13T03:01:12.020+0000][1][safepoint    ] Entering safepoint region: CollectForMetadataAllocation
[2022-06-13T03:01:12.021+0000][1][safepoint    ] Leaving safepoint region
[2022-06-13T03:01:12.021+0000][1][safepoint    ] Total time for which application threads were stopped: 0.0008795 seconds, Stopping threads took: 0.0004560 seconds
[2022-06-13T03:01:12.034+0000][1][safepoint    ] Application time: 0.0125019 seconds
[2022-06-13T03:01:12.035+0000][1][safepoint    ] Entering safepoint region: CollectForMetadataAllocation
[2022-06-13T03:01:12.035+0000][1][safepoint    ] Leaving safepoint region
[2022-06-13T03:01:12.035+0000][1][safepoint    ] Total time for which application threads were stopped: 0.0005381 seconds, Stopping threads took: 0.0001990 seconds
[2022-06-13T03:01:12.047+0000][1][safepoint    ] Application time: 0.0120041 seconds
[2022-06-13T03:01:12.048+0000][1][safepoint    ] Entering safepoint region: CollectForMetadataAllocation
[2022-06-13T03:01:12.048+0000][1][safepoint    ] Leaving safepoint region
[2022-06-13T03:01:12.048+0000][1][safepoint    ] Total time for which application threads were stopped: 0.0006622 seconds, Stopping threads took: 0.0002212 seconds
[2022-06-13T03:01:12.060+0000][1][safepoint    ] Application time: 0.0110416 seconds
[2022-06-13T03:01:12.060+0000][1][safepoint    ] Entering safepoint region: CollectForMetadataAllocation
[2022-06-13T03:01:12.060+0000][1][safepoint    ] Leaving safepoint region
[2022-06-13T03:01:12.060+0000][1][safepoint    ] Total time for which application threads were stopped: 0.0005085 seconds, Stopping threads took: 0.0002493 seconds
[2022-06-13T03:01:12.081+0000][1][safepoint    ] Application time: 0.0203788 seconds
[2022-06-13T03:01:12.081+0000][1][safepoint    ] Entering safepoint region: CollectForMetadataAllocation
[2022-06-13T03:01:12.082+0000][1][safepoint    ] Leaving safepoint region
[2022-06-13T03:01:12.082+0000][1][safepoint    ] Total time for which application threads were stopped: 0.0006422 seconds, Stopping threads took: 0.0002521 seconds
[2022-06-13T03:01:12.091+0000][1][safepoint    ] Application time: 0.0084761 seconds
[2022-06-13T03:01:12.091+0000][1][safepoint    ] Entering safepoint region: CollectForMetadataAllocation
[2022-06-13T03:01:12.091+0000][1][safepoint    ] Leaving safepoint region
[2022-06-13T03:01:12.092+0000][1][safepoint    ] Total time for which application threads were stopped: 0.0005852 seconds, Stopping threads took: 0.0002199 seconds
[2022-06-13T03:01:12.105+0000][1][safepoint    ] Application time: 0.0130905 seconds
[2022-06-13T03:01:12.105+0000][1][safepoint    ] Entering safepoint region: CollectForMetadataAllocation
[2022-06-13T03:01:12.106+0000][1][safepoint    ] Leaving safepoint region
[2022-06-13T03:01:12.106+0000][1][safepoint    ] Total time for which application threads were stopped: 0.0007765 seconds, Stopping threads took: 0.0003597 seconds
[2022-06-13T03:01:12.115+0000][1][safepoint    ] Application time: 0.0088188 seconds
[2022-06-13T03:01:12.115+0000][1][safepoint    ] Entering safepoint region: CollectForMetadataAllocation
[2022-06-13T03:01:12.116+0000][1][safepoint    ] Leaving safepoint region
[2022-06-13T03:01:12.116+0000][1][safepoint    ] Total time for which application threads were stopped: 0.0007186 seconds, Stopping threads took: 0.0003073 seconds
[2022-06-13T03:01:12.128+0000][1][safepoint    ] Application time: 0.0113014 seconds
[2022-06-13T03:01:12.128+0000][1][safepoint    ] Entering safepoint region: CollectForMetadataAllocation
[2022-06-13T03:01:12.129+0000][1][safepoint    ] Leaving safepoint region
[2022-06-13T03:01:12.129+0000][1][safepoint    ] Total time for which application threads were stopped: 0.0007609 seconds, Stopping threads took: 0.0003453 seconds
[2022-06-13T03:01:12.137+0000][1][safepoint    ] Application time: 0.0075345 seconds
[2022-06-13T03:01:12.137+0000][1][safepoint    ] Entering safepoint region: RevokeBias
[2022-06-13T03:01:12.138+0000][1][safepoint    ] Leaving safepoint region
[2022-06-13T03:01:12.138+0000][1][safepoint    ] Total time for which application threads were stopped: 0.0008501 seconds, Stopping threads took: 0.0004767 seconds
[2022-06-13T03:01:12.139+0000][1][safepoint    ] Application time: 0.0002322 seconds
[2022-06-13T03:01:12.139+0000][1][safepoint    ] Entering safepoint region: RevokeBias
[2022-06-13T03:01:12.140+0000][1][safepoint    ] Leaving safepoint region
[2022-06-13T03:01:12.140+0000][1][safepoint    ] Total time for which application threads were stopped: 0.0008547 seconds, Stopping threads took: 0.0005241 seconds
[2022-06-13T03:01:12.147+0000][1][safepoint    ] Application time: 0.0065557 seconds
[2022-06-13T03:01:12.147+0000][1][safepoint    ] Entering safepoint region: CollectForMetadataAllocation
[2022-06-13T03:01:12.147+0000][1][safepoint    ] Leaving safepoint region
[2022-06-13T03:01:12.148+0000][1][safepoint    ] Total time for which application threads were stopped: 0.0006707 seconds, Stopping threads took: 0.0002861 seconds
[2022-06-13T03:01:12.311+0000][1][safepoint    ] Application time: 0.1633908 seconds
[2022-06-13T03:01:12.312+0000][1][safepoint    ] Entering safepoint region: CollectForMetadataAllocation
[2022-06-13T03:01:12.313+0000][1][safepoint    ] Leaving safepoint region
[2022-06-13T03:01:12.313+0000][1][safepoint    ] Total time for which application threads were stopped: 0.0009824 seconds, Stopping threads took: 0.0005036 seconds
[2022-06-13T03:01:12.502+0000][1][safepoint    ] Application time: 0.1882345 seconds
[2022-06-13T03:01:12.502+0000][1][safepoint    ] Entering safepoint region: GenCollectForAllocation
[2022-06-13T03:01:12.503+0000][1][gc,start     ] GC(17) Pause Young (Allocation Failure)
[2022-06-13T03:01:12.503+0000][1][gc,task      ] GC(17) Using 5 workers of 13 for evacuation
[2022-06-13T03:01:12.507+0000][1][gc,age       ] GC(17) Desired survivor size 4456448 bytes, new threshold 6 (max threshold 6)
[2022-06-13T03:01:12.507+0000][1][gc,age       ] GC(17) Age table with threshold 6 (max threshold 6)
[2022-06-13T03:01:12.508+0000][1][gc,age       ] GC(17) - age   1:    3770352 bytes,    3770352 total
[2022-06-13T03:01:12.508+0000][1][gc,age       ] GC(17) - age   2:     343912 bytes,    4114264 total
[2022-06-13T03:01:12.508+0000][1][gc,heap      ] GC(17) ParNew: 77453K->5058K(78656K)
[2022-06-13T03:01:12.509+0000][1][gc,heap      ] GC(17) CMS: 55479K->55479K(174784K)
[2022-06-13T03:01:12.509+0000][1][gc,metaspace ] GC(17) Metaspace: 42389K->42389K(1089536K)
[2022-06-13T03:01:12.510+0000][1][gc           ] GC(17) Pause Young (Allocation Failure) 129M->59M(247M) 7.150ms
[2022-06-13T03:01:12.510+0000][1][gc,cpu       ] GC(17) User=0.01s Sys=0.00s Real=0.01s
[2022-06-13T03:01:12.511+0000][1][safepoint    ] Leaving safepoint region
[2022-06-13T03:01:12.511+0000][1][safepoint    ] Total time for which application threads were stopped: 0.0087640 seconds, Stopping threads took: 0.0004037 seconds
[2022-06-13T03:01:12.512+0000][1][safepoint    ] Application time: 0.0003319 seconds
[2022-06-13T03:01:12.512+0000][1][safepoint    ] Entering safepoint region: CMS_Initial_Mark
[2022-06-13T03:01:12.512+0000][1][gc,start     ] GC(18) Pause Initial Mark
[2022-06-13T03:01:12.514+0000][1][gc           ] GC(18) Pause Initial Mark 60M->60M(247M) 1.418ms
[2022-06-13T03:01:12.514+0000][1][gc,cpu       ] GC(18) User=0.00s Sys=0.00s Real=0.00s
[2022-06-13T03:01:12.514+0000][1][safepoint    ] Leaving safepoint region
[2022-06-13T03:01:12.515+0000][1][safepoint    ] Total time for which application threads were stopped: 0.0028728 seconds, Stopping threads took: 0.0004576 seconds
[2022-06-13T03:01:12.515+0000][1][gc           ] GC(18) Concurrent Mark
[2022-06-13T03:01:12.515+0000][1][gc,task      ] GC(18) Using 4 workers of 4 for marking
[2022-06-13T03:01:12.524+0000][1][safepoint    ] Application time: 0.0090617 seconds
[2022-06-13T03:01:12.524+0000][1][safepoint    ] Entering safepoint region: CollectForMetadataAllocation
[2022-06-13T03:01:12.525+0000][1][safepoint    ] Leaving safepoint region
[2022-06-13T03:01:12.525+0000][1][safepoint    ] Total time for which application threads were stopped: 0.0010416 seconds, Stopping threads took: 0.0003296 seconds
[2022-06-13T03:01:12.535+0000][1][gc           ] GC(18) Concurrent Mark 19.914ms
[2022-06-13T03:01:12.535+0000][1][gc,cpu       ] GC(18) User=0.08s Sys=0.00s Real=0.02s
[2022-06-13T03:01:12.535+0000][1][gc           ] GC(18) Concurrent Preclean
[2022-06-13T03:01:12.538+0000][1][gc           ] GC(18) Concurrent Preclean 2.209ms
[2022-06-13T03:01:12.538+0000][1][gc,cpu       ] GC(18) User=0.00s Sys=0.00s Real=0.00s
[2022-06-13T03:01:12.538+0000][1][gc           ] GC(18) Concurrent Abortable Preclean
[2022-06-13T03:01:12.542+0000][1][safepoint    ] Application time: 0.0161249 seconds
[2022-06-13T03:01:12.542+0000][1][safepoint    ] Entering safepoint region: CollectForMetadataAllocation
[2022-06-13T03:01:12.542+0000][1][safepoint    ] Leaving safepoint region
[2022-06-13T03:01:12.543+0000][1][safepoint    ] Total time for which application threads were stopped: 0.0006111 seconds, Stopping threads took: 0.0001650 seconds
[2022-06-13T03:01:12.639+0000][1][safepoint    ] Application time: 0.0960251 seconds
[2022-06-13T03:01:12.639+0000][1][safepoint    ] Entering safepoint region: CollectForMetadataAllocation
[2022-06-13T03:01:12.640+0000][1][safepoint    ] Leaving safepoint region
[2022-06-13T03:01:12.640+0000][1][safepoint    ] Total time for which application threads were stopped: 0.0008925 seconds, Stopping threads took: 0.0003588 seconds
[2022-06-13T03:01:12.660+0000][1][safepoint    ] Application time: 0.0196197 seconds
[2022-06-13T03:01:12.661+0000][1][safepoint    ] Entering safepoint region: CollectForMetadataAllocation
[2022-06-13T03:01:12.661+0000][1][safepoint    ] Leaving safepoint region
[2022-06-13T03:01:12.661+0000][1][safepoint    ] Total time for which application threads were stopped: 0.0004370 seconds, Stopping threads took: 0.0001539 seconds
[2022-06-13T03:01:12.669+0000][1][safepoint    ] Application time: 0.0074909 seconds
[2022-06-13T03:01:12.669+0000][1][safepoint    ] Entering safepoint region: CollectForMetadataAllocation
[2022-06-13T03:01:12.669+0000][1][safepoint    ] Leaving safepoint region
[2022-06-13T03:01:12.669+0000][1][safepoint    ] Total time for which application threads were stopped: 0.0004185 seconds, Stopping threads took: 0.0001217 seconds
[2022-06-13T03:01:12.696+0000][1][safepoint    ] Application time: 0.0264891 seconds
[2022-06-13T03:01:12.696+0000][1][safepoint    ] Entering safepoint region: CollectForMetadataAllocation
[2022-06-13T03:01:12.697+0000][1][safepoint    ] Leaving safepoint region
[2022-06-13T03:01:12.697+0000][1][safepoint    ] Total time for which application threads were stopped: 0.0009211 seconds, Stopping threads took: 0.0003800 seconds
[2022-06-13T03:01:12.709+0000][1][safepoint    ] Application time: 0.0117801 seconds
[2022-06-13T03:01:12.710+0000][1][safepoint    ] Entering safepoint region: CollectForMetadataAllocation
[2022-06-13T03:01:12.710+0000][1][safepoint    ] Leaving safepoint region
[2022-06-13T03:01:12.710+0000][1][safepoint    ] Total time for which application threads were stopped: 0.0005255 seconds, Stopping threads took: 0.0001743 seconds
[2022-06-13T03:01:12.711+0000][1][gc           ] GC(18) Concurrent Abortable Preclean 173.200ms
[2022-06-13T03:01:12.711+0000][1][gc,cpu       ] GC(18) User=0.92s Sys=0.02s Real=0.18s
[2022-06-13T03:01:12.712+0000][1][safepoint    ] Application time: 0.0011321 seconds
[2022-06-13T03:01:12.712+0000][1][safepoint    ] Entering safepoint region: CMS_Final_Remark
[2022-06-13T03:01:12.712+0000][1][gc,start     ] GC(18) Pause Remark
[2022-06-13T03:01:12.723+0000][1][gc           ] GC(18) Pause Remark 97M->97M(247M) 10.190ms
[2022-06-13T03:01:12.723+0000][1][gc,cpu       ] GC(18) User=0.04s Sys=0.00s Real=0.01s
[2022-06-13T03:01:12.723+0000][1][safepoint    ] Leaving safepoint region
[2022-06-13T03:01:12.724+0000][1][safepoint    ] Total time for which application threads were stopped: 0.0118257 seconds, Stopping threads took: 0.0004802 seconds
[2022-06-13T03:01:12.724+0000][1][gc           ] GC(18) Concurrent Sweep
[2022-06-13T03:01:12.726+0000][1][safepoint    ] Application time: 0.0016067 seconds
[2022-06-13T03:01:12.726+0000][1][safepoint    ] Entering safepoint region: RevokeBias
[2022-06-13T03:01:12.727+0000][1][safepoint    ] Leaving safepoint region
[2022-06-13T03:01:12.728+0000][1][safepoint    ] Total time for which application threads were stopped: 0.0015031 seconds, Stopping threads took: 0.0005338 seconds
[2022-06-13T03:01:12.729+0000][1][safepoint    ] Application time: 0.0011453 seconds
[2022-06-13T03:01:12.729+0000][1][safepoint    ] Entering safepoint region: RevokeBias
[2022-06-13T03:01:12.730+0000][1][safepoint    ] Leaving safepoint region
[2022-06-13T03:01:12.730+0000][1][safepoint    ] Total time for which application threads were stopped: 0.0009120 seconds, Stopping threads took: 0.0005555 seconds
[2022-06-13T03:01:12.731+0000][1][safepoint    ] Application time: 0.0005735 seconds
[2022-06-13T03:01:12.731+0000][1][safepoint    ] Entering safepoint region: RevokeBias
[2022-06-13T03:01:12.732+0000][1][safepoint    ] Leaving safepoint region
[2022-06-13T03:01:12.732+0000][1][safepoint    ] Total time for which application threads were stopped: 0.0006575 seconds, Stopping threads took: 0.0003582 seconds
[2022-06-13T03:01:12.742+0000][1][gc           ] GC(18) Concurrent Sweep 18.158ms
[2022-06-13T03:01:12.743+0000][1][gc,cpu       ] GC(18) User=0.05s Sys=0.00s Real=0.02s
[2022-06-13T03:01:12.743+0000][1][gc           ] GC(18) Concurrent Reset
[2022-06-13T03:01:12.743+0000][1][gc           ] GC(18) Concurrent Reset 0.375ms
[2022-06-13T03:01:12.744+0000][1][gc,cpu       ] GC(18) User=0.01s Sys=0.00s Real=0.00s
[2022-06-13T03:01:12.744+0000][1][gc,heap      ] GC(18) Old: 55479K->55260K(174784K)
[2022-06-13T03:01:12.759+0000][1][safepoint    ] Application time: 0.0269622 seconds
[2022-06-13T03:01:12.760+0000][1][safepoint    ] Entering safepoint region: RevokeBias
[2022-06-13T03:01:12.760+0000][1][safepoint    ] Leaving safepoint region
[2022-06-13T03:01:12.760+0000][1][safepoint    ] Total time for which application threads were stopped: 0.0003711 seconds, Stopping threads took: 0.0001767 seconds
[2022-06-13T03:01:12.762+0000][1][safepoint    ] Application time: 0.0020939 seconds
[2022-06-13T03:01:12.763+0000][1][safepoint    ] Entering safepoint region: RevokeBias
[2022-06-13T03:01:12.763+0000][1][safepoint    ] Leaving safepoint region
[2022-06-13T03:01:12.763+0000][1][safepoint    ] Total time for which application threads were stopped: 0.0005537 seconds, Stopping threads took: 0.0001259 seconds
[2022-06-13T03:01:12.764+0000][1][safepoint    ] Application time: 0.0002906 seconds
[2022-06-13T03:01:12.764+0000][1][safepoint    ] Entering safepoint region: RevokeBias
[2022-06-13T03:01:12.764+0000][1][safepoint    ] Leaving safepoint region
[2022-06-13T03:01:12.765+0000][1][safepoint    ] Total time for which application threads were stopped: 0.0005966 seconds, Stopping threads took: 0.0003007 seconds
[2022-06-13T03:01:12.846+0000][1][safepoint    ] Application time: 0.0806727 seconds
[2022-06-13T03:01:12.846+0000][1][safepoint    ] Entering safepoint region: RevokeBias
[2022-06-13T03:01:12.846+0000][1][safepoint    ] Leaving safepoint region
[2022-06-13T03:01:12.847+0000][1][safepoint    ] Total time for which application threads were stopped: 0.0007441 seconds, Stopping threads took: 0.0001989 seconds
[2022-06-13T03:01:12.847+0000][1][safepoint    ] Application time: 0.0001096 seconds
[2022-06-13T03:01:12.847+0000][1][safepoint    ] Entering safepoint region: RevokeBias
[2022-06-13T03:01:12.847+0000][1][safepoint    ] Leaving safepoint region
[2022-06-13T03:01:12.847+0000][1][safepoint    ] Total time for which application threads were stopped: 0.0002795 seconds, Stopping threads took: 0.0000807 seconds
[2022-06-13T03:01:12.848+0000][1][safepoint    ] Application time: 0.0002326 seconds
[2022-06-13T03:01:12.848+0000][1][safepoint    ] Entering safepoint region: RevokeBias
[2022-06-13T03:01:12.848+0000][1][safepoint    ] Leaving safepoint region
[2022-06-13T03:01:12.848+0000][1][safepoint    ] Total time for which application threads were stopped: 0.0001965 seconds, Stopping threads took: 0.0000967 seconds
[2022-06-13T03:01:12.848+0000][1][safepoint    ] Application time: 0.0001915 seconds
[2022-06-13T03:01:12.848+0000][1][safepoint    ] Entering safepoint region: RevokeBias
[2022-06-13T03:01:12.848+0000][1][safepoint    ] Leaving safepoint region
[2022-06-13T03:01:12.849+0000][1][safepoint    ] Total time for which application threads were stopped: 0.0002204 seconds, Stopping threads took: 0.0001225 seconds
[2022-06-13T03:01:12.867+0000][1][safepoint    ] Application time: 0.0179563 seconds
[2022-06-13T03:01:12.867+0000][1][safepoint    ] Entering safepoint region: RevokeBias
[2022-06-13T03:01:12.867+0000][1][safepoint    ] Leaving safepoint region
[2022-06-13T03:01:12.867+0000][1][safepoint    ] Total time for which application threads were stopped: 0.0005235 seconds, Stopping threads took: 0.0003020 seconds
[2022-06-13T03:01:12.917+0000][1][safepoint    ] Application time: 0.0497323 seconds
[2022-06-13T03:01:12.918+0000][1][safepoint    ] Entering safepoint region: RevokeBias
[2022-06-13T03:01:12.918+0000][1][safepoint    ] Leaving safepoint region
[2022-06-13T03:01:12.918+0000][1][safepoint    ] Total time for which application threads were stopped: 0.0004773 seconds, Stopping threads took: 0.0001882 seconds
[2022-06-13T03:01:12.918+0000][1][safepoint    ] Application time: 0.0002342 seconds
[2022-06-13T03:01:12.919+0000][1][safepoint    ] Entering safepoint region: RevokeBias
[2022-06-13T03:01:12.919+0000][1][safepoint    ] Leaving safepoint region
[2022-06-13T03:01:12.919+0000][1][safepoint    ] Total time for which application threads were stopped: 0.0004368 seconds, Stopping threads took: 0.0002550 seconds
[2022-06-13T03:01:12.919+0000][1][safepoint    ] Application time: 0.0000951 seconds
[2022-06-13T03:01:12.920+0000][1][safepoint    ] Entering safepoint region: RevokeBias
[2022-06-13T03:01:12.920+0000][1][safepoint    ] Leaving safepoint region
[2022-06-13T03:01:12.920+0000][1][safepoint    ] Total time for which application threads were stopped: 0.0006418 seconds, Stopping threads took: 0.0003209 seconds
[2022-06-13T03:01:12.921+0000][1][safepoint    ] Application time: 0.0001533 seconds
[2022-06-13T03:01:12.921+0000][1][safepoint    ] Entering safepoint region: RevokeBias
[2022-06-13T03:01:12.921+0000][1][safepoint    ] Leaving safepoint region
[2022-06-13T03:01:12.922+0000][1][safepoint    ] Total time for which application threads were stopped: 0.0005363 seconds, Stopping threads took: 0.0002521 seconds
[2022-06-13T03:01:12.922+0000][1][safepoint    ] Application time: 0.0001625 seconds
[2022-06-13T03:01:12.922+0000][1][safepoint    ] Entering safepoint region: RevokeBias
[2022-06-13T03:01:12.923+0000][1][safepoint    ] Leaving safepoint region
[2022-06-13T03:01:12.923+0000][1][safepoint    ] Total time for which application threads were stopped: 0.0004363 seconds, Stopping threads took: 0.0002163 seconds
[2022-06-13T03:01:12.923+0000][1][safepoint    ] Application time: 0.0003699 seconds
[2022-06-13T03:01:12.924+0000][1][safepoint    ] Entering safepoint region: RevokeBias
[2022-06-13T03:01:12.924+0000][1][safepoint    ] Leaving safepoint region
[2022-06-13T03:01:12.924+0000][1][safepoint    ] Total time for which application threads were stopped: 0.0004606 seconds, Stopping threads took: 0.0002397 seconds
[2022-06-13T03:01:12.925+0000][1][safepoint    ] Application time: 0.0003030 seconds
[2022-06-13T03:01:12.925+0000][1][safepoint    ] Entering safepoint region: RevokeBias
[2022-06-13T03:01:12.925+0000][1][safepoint    ] Leaving safepoint region
[2022-06-13T03:01:12.926+0000][1][safepoint    ] Total time for which application threads were stopped: 0.0006537 seconds, Stopping threads took: 0.0003618 seconds
[2022-06-13T03:01:12.926+0000][1][safepoint    ] Application time: 0.0001249 seconds
[2022-06-13T03:01:12.926+0000][1][safepoint    ] Entering safepoint region: RevokeBias
[2022-06-13T03:01:12.927+0000][1][safepoint    ] Leaving safepoint region
[2022-06-13T03:01:12.927+0000][1][safepoint    ] Total time for which application threads were stopped: 0.0005028 seconds, Stopping threads took: 0.0002623 seconds
[2022-06-13T03:01:12.927+0000][1][safepoint    ] Application time: 0.0001431 seconds
[2022-06-13T03:01:12.928+0000][1][safepoint    ] Entering safepoint region: RevokeBias
[2022-06-13T03:01:12.928+0000][1][safepoint    ] Leaving safepoint region
[2022-06-13T03:01:12.928+0000][1][safepoint    ] Total time for which application threads were stopped: 0.0006369 seconds, Stopping threads took: 0.0003600 seconds
[2022-06-13T03:01:12.929+0000][1][safepoint    ] Application time: 0.0001227 seconds
[2022-06-13T03:01:12.929+0000][1][safepoint    ] Entering safepoint region: RevokeBias
[2022-06-13T03:01:12.929+0000][1][safepoint    ] Leaving safepoint region
[2022-06-13T03:01:12.929+0000][1][safepoint    ] Total time for which application threads were stopped: 0.0004333 seconds, Stopping threads took: 0.0002465 seconds
[2022-06-13T03:01:12.930+0000][1][safepoint    ] Application time: 0.0001467 seconds
[2022-06-13T03:01:12.930+0000][1][safepoint    ] Entering safepoint region: RevokeBias
[2022-06-13T03:01:12.930+0000][1][safepoint    ] Leaving safepoint region
[2022-06-13T03:01:12.930+0000][1][safepoint    ] Total time for which application threads were stopped: 0.0004256 seconds, Stopping threads took: 0.0002179 seconds
[2022-06-13T03:01:12.931+0000][1][safepoint    ] Application time: 0.0000975 seconds
[2022-06-13T03:01:12.931+0000][1][safepoint    ] Entering safepoint region: RevokeBias
[2022-06-13T03:01:12.931+0000][1][safepoint    ] Leaving safepoint region
[2022-06-13T03:01:12.931+0000][1][safepoint    ] Total time for which application threads were stopped: 0.0002625 seconds, Stopping threads took: 0.0001527 seconds
[2022-06-13T03:01:12.931+0000][1][safepoint    ] Application time: 0.0001105 seconds
[2022-06-13T03:01:12.931+0000][1][safepoint    ] Entering safepoint region: RevokeBias
[2022-06-13T03:01:12.931+0000][1][safepoint    ] Leaving safepoint region
[2022-06-13T03:01:12.932+0000][1][safepoint    ] Total time for which application threads were stopped: 0.0002472 seconds, Stopping threads took: 0.0001496 seconds
[2022-06-13T03:01:12.932+0000][1][safepoint    ] Application time: 0.0001211 seconds
[2022-06-13T03:01:12.932+0000][1][safepoint    ] Entering safepoint region: RevokeBias
[2022-06-13T03:01:12.932+0000][1][safepoint    ] Leaving safepoint region
[2022-06-13T03:01:12.932+0000][1][safepoint    ] Total time for which application threads were stopped: 0.0002688 seconds, Stopping threads took: 0.0001672 seconds
[2022-06-13T03:01:12.933+0000][1][safepoint    ] Application time: 0.0001101 seconds
[2022-06-13T03:01:12.933+0000][1][safepoint    ] Entering safepoint region: RevokeBias
[2022-06-13T03:01:12.933+0000][1][safepoint    ] Leaving safepoint region
[2022-06-13T03:01:12.933+0000][1][safepoint    ] Total time for which application threads were stopped: 0.0002730 seconds, Stopping threads took: 0.0001746 seconds
[2022-06-13T03:01:12.933+0000][1][safepoint    ] Application time: 0.0001244 seconds
[2022-06-13T03:01:12.933+0000][1][safepoint    ] Entering safepoint region: RevokeBias
[2022-06-13T03:01:12.934+0000][1][safepoint    ] Leaving safepoint region
[2022-06-13T03:01:12.934+0000][1][safepoint    ] Total time for which application threads were stopped: 0.0002913 seconds, Stopping threads took: 0.0001797 seconds
[2022-06-13T03:01:12.934+0000][1][safepoint    ] Application time: 0.0001309 seconds
[2022-06-13T03:01:12.934+0000][1][safepoint    ] Entering safepoint region: RevokeBias
[2022-06-13T03:01:12.934+0000][1][safepoint    ] Leaving safepoint region
[2022-06-13T03:01:12.934+0000][1][safepoint    ] Total time for which application threads were stopped: 0.0002826 seconds, Stopping threads took: 0.0001735 seconds
[2022-06-13T03:01:12.935+0000][1][safepoint    ] Application time: 0.0001205 seconds
[2022-06-13T03:01:12.935+0000][1][safepoint    ] Entering safepoint region: RevokeBias
[2022-06-13T03:01:12.935+0000][1][safepoint    ] Leaving safepoint region
[2022-06-13T03:01:12.935+0000][1][safepoint    ] Total time for which application threads were stopped: 0.0002671 seconds, Stopping threads took: 0.0001547 seconds
[2022-06-13T03:01:12.935+0000][1][safepoint    ] Application time: 0.0001086 seconds
[2022-06-13T03:01:12.936+0000][1][safepoint    ] Entering safepoint region: RevokeBias
[2022-06-13T03:01:12.936+0000][1][safepoint    ] Leaving safepoint region
[2022-06-13T03:01:12.936+0000][1][safepoint    ] Total time for which application threads were stopped: 0.0002511 seconds, Stopping threads took: 0.0001502 seconds
[2022-06-13T03:01:12.936+0000][1][safepoint    ] Application time: 0.0001185 seconds
[2022-06-13T03:01:12.936+0000][1][safepoint    ] Entering safepoint region: RevokeBias
[2022-06-13T03:01:12.936+0000][1][safepoint    ] Leaving safepoint region
[2022-06-13T03:01:12.936+0000][1][safepoint    ] Total time for which application threads were stopped: 0.0002567 seconds, Stopping threads took: 0.0001513 seconds
[2022-06-13T03:01:12.937+0000][1][safepoint    ] Application time: 0.0001095 seconds
[2022-06-13T03:01:12.937+0000][1][safepoint    ] Entering safepoint region: RevokeBias
[2022-06-13T03:01:12.937+0000][1][safepoint    ] Leaving safepoint region
[2022-06-13T03:01:12.937+0000][1][safepoint    ] Total time for which application threads were stopped: 0.0002539 seconds, Stopping threads took: 0.0001515 seconds
[2022-06-13T03:01:12.937+0000][1][safepoint    ] Application time: 0.0001091 seconds
[2022-06-13T03:01:12.937+0000][1][safepoint    ] Entering safepoint region: RevokeBias
[2022-06-13T03:01:12.938+0000][1][safepoint    ] Leaving safepoint region
[2022-06-13T03:01:12.938+0000][1][safepoint    ] Total time for which application threads were stopped: 0.0002503 seconds, Stopping threads took: 0.0001500 seconds
[2022-06-13T03:01:12.938+0000][1][safepoint    ] Application time: 0.0001103 seconds
[2022-06-13T03:01:12.938+0000][1][safepoint    ] Entering safepoint region: RevokeBias
[2022-06-13T03:01:12.938+0000][1][safepoint    ] Leaving safepoint region
[2022-06-13T03:01:12.938+0000][1][safepoint    ] Total time for which application threads were stopped: 0.0003327 seconds, Stopping threads took: 0.0002420 seconds
[2022-06-13T03:01:12.939+0000][1][safepoint    ] Application time: 0.0001249 seconds
[2022-06-13T03:01:12.939+0000][1][safepoint    ] Entering safepoint region: RevokeBias
[2022-06-13T03:01:12.939+0000][1][safepoint    ] Leaving safepoint region
[2022-06-13T03:01:12.939+0000][1][safepoint    ] Total time for which application threads were stopped: 0.0003178 seconds, Stopping threads took: 0.0001659 seconds
[2022-06-13T03:01:12.939+0000][1][safepoint    ] Application time: 0.0001212 seconds
[2022-06-13T03:01:12.940+0000][1][safepoint    ] Entering safepoint region: RevokeBias
[2022-06-13T03:01:12.940+0000][1][safepoint    ] Leaving safepoint region
[2022-06-13T03:01:12.940+0000][1][safepoint    ] Total time for which application threads were stopped: 0.0001734 seconds, Stopping threads took: 0.0000797 seconds
[2022-06-13T03:01:12.940+0000][1][safepoint    ] Application time: 0.0001335 seconds
[2022-06-13T03:01:12.940+0000][1][safepoint    ] Entering safepoint region: BulkRevokeBias
[2022-06-13T03:01:12.940+0000][1][safepoint    ] Leaving safepoint region
[2022-06-13T03:01:12.940+0000][1][safepoint    ] Total time for which application threads were stopped: 0.0002018 seconds, Stopping threads took: 0.0000879 seconds
[2022-06-13T03:01:12.941+0000][1][safepoint    ] Application time: 0.0002349 seconds
[2022-06-13T03:01:12.941+0000][1][safepoint    ] Entering safepoint region: RevokeBias
[2022-06-13T03:01:12.941+0000][1][safepoint    ] Leaving safepoint region
[2022-06-13T03:01:12.941+0000][1][safepoint    ] Total time for which application threads were stopped: 0.0001757 seconds, Stopping threads took: 0.0000795 seconds
[2022-06-13T03:01:12.941+0000][1][safepoint    ] Application time: 0.0001525 seconds
[2022-06-13T03:01:12.941+0000][1][safepoint    ] Entering safepoint region: RevokeBias
[2022-06-13T03:01:12.941+0000][1][safepoint    ] Leaving safepoint region
[2022-06-13T03:01:12.941+0000][1][safepoint    ] Total time for which application threads were stopped: 0.0001720 seconds, Stopping threads took: 0.0000789 seconds
[2022-06-13T03:01:12.942+0000][1][safepoint    ] Application time: 0.0001691 seconds
[2022-06-13T03:01:12.942+0000][1][safepoint    ] Entering safepoint region: RevokeBias
[2022-06-13T03:01:12.942+0000][1][safepoint    ] Leaving safepoint region
[2022-06-13T03:01:12.942+0000][1][safepoint    ] Total time for which application threads were stopped: 0.0001702 seconds, Stopping threads took: 0.0000788 seconds
[2022-06-13T03:01:12.942+0000][1][safepoint    ] Application time: 0.0001691 seconds
[2022-06-13T03:01:12.942+0000][1][safepoint    ] Entering safepoint region: RevokeBias
[2022-06-13T03:01:12.942+0000][1][safepoint    ] Leaving safepoint region
[2022-06-13T03:01:12.943+0000][1][safepoint    ] Total time for which application threads were stopped: 0.0001963 seconds, Stopping threads took: 0.0000870 seconds
[2022-06-13T03:01:12.943+0000][1][safepoint    ] Application time: 0.0000703 seconds
[2022-06-13T03:01:12.943+0000][1][safepoint    ] Entering safepoint region: RevokeBias
[2022-06-13T03:01:12.943+0000][1][safepoint    ] Leaving safepoint region
[2022-06-13T03:01:12.943+0000][1][safepoint    ] Total time for which application threads were stopped: 0.0001910 seconds, Stopping threads took: 0.0000820 seconds
[2022-06-13T03:01:12.943+0000][1][safepoint    ] Application time: 0.0000917 seconds
[2022-06-13T03:01:12.943+0000][1][safepoint    ] Entering safepoint region: RevokeBias
[2022-06-13T03:01:12.943+0000][1][safepoint    ] Leaving safepoint region
[2022-06-13T03:01:12.943+0000][1][safepoint    ] Total time for which application threads were stopped: 0.0001856 seconds, Stopping threads took: 0.0000787 seconds
[2022-06-13T03:01:12.944+0000][1][safepoint    ] Application time: 0.0000540 seconds
[2022-06-13T03:01:12.944+0000][1][safepoint    ] Entering safepoint region: RevokeBias
[2022-06-13T03:01:12.944+0000][1][safepoint    ] Leaving safepoint region
[2022-06-13T03:01:12.944+0000][1][safepoint    ] Total time for which application threads were stopped: 0.0001865 seconds, Stopping threads took: 0.0000839 seconds
[2022-06-13T03:01:12.944+0000][1][safepoint    ] Application time: 0.0000582 seconds
[2022-06-13T03:01:12.944+0000][1][safepoint    ] Entering safepoint region: RevokeBias
[2022-06-13T03:01:12.944+0000][1][safepoint    ] Leaving safepoint region
[2022-06-13T03:01:12.944+0000][1][safepoint    ] Total time for which application threads were stopped: 0.0001875 seconds, Stopping threads took: 0.0000806 seconds
[2022-06-13T03:01:12.944+0000][1][safepoint    ] Application time: 0.0001566 seconds
[2022-06-13T03:01:12.945+0000][1][safepoint    ] Entering safepoint region: RevokeBias
[2022-06-13T03:01:12.945+0000][1][safepoint    ] Leaving safepoint region
[2022-06-13T03:01:12.945+0000][1][safepoint    ] Total time for which application threads were stopped: 0.0003272 seconds, Stopping threads took: 0.0002068 seconds
[2022-06-13T03:01:12.945+0000][1][safepoint    ] Application time: 0.0000587 seconds
[2022-06-13T03:01:12.945+0000][1][safepoint    ] Entering safepoint region: RevokeBias
[2022-06-13T03:01:12.945+0000][1][safepoint    ] Leaving safepoint region
[2022-06-13T03:01:12.945+0000][1][safepoint    ] Total time for which application threads were stopped: 0.0003779 seconds, Stopping threads took: 0.0002488 seconds
[2022-06-13T03:01:12.946+0000][1][safepoint    ] Application time: 0.0000585 seconds
[2022-06-13T03:01:12.946+0000][1][safepoint    ] Entering safepoint region: RevokeBias
[2022-06-13T03:01:12.946+0000][1][safepoint    ] Leaving safepoint region
[2022-06-13T03:01:12.946+0000][1][safepoint    ] Total time for which application threads were stopped: 0.0002540 seconds, Stopping threads took: 0.0001499 seconds
[2022-06-13T03:01:12.946+0000][1][safepoint    ] Application time: 0.0000507 seconds
[2022-06-13T03:01:12.946+0000][1][safepoint    ] Entering safepoint region: RevokeBias
[2022-06-13T03:01:12.946+0000][1][safepoint    ] Leaving safepoint region
[2022-06-13T03:01:12.947+0000][1][safepoint    ] Total time for which application threads were stopped: 0.0002472 seconds, Stopping threads took: 0.0001476 seconds
[2022-06-13T03:01:12.947+0000][1][safepoint    ] Application time: 0.0000518 seconds
[2022-06-13T03:01:12.947+0000][1][safepoint    ] Entering safepoint region: RevokeBias
[2022-06-13T03:01:12.947+0000][1][safepoint    ] Leaving safepoint region
[2022-06-13T03:01:12.947+0000][1][safepoint    ] Total time for which application threads were stopped: 0.0003074 seconds, Stopping threads took: 0.0002061 seconds
[2022-06-13T03:01:12.947+0000][1][safepoint    ] Application time: 0.0000502 seconds
[2022-06-13T03:01:12.947+0000][1][safepoint    ] Entering safepoint region: RevokeBias
[2022-06-13T03:01:12.948+0000][1][safepoint    ] Leaving safepoint region
[2022-06-13T03:01:12.948+0000][1][safepoint    ] Total time for which application threads were stopped: 0.0002863 seconds, Stopping threads took: 0.0001858 seconds
[2022-06-13T03:01:12.948+0000][1][safepoint    ] Application time: 0.0000514 seconds
[2022-06-13T03:01:12.948+0000][1][safepoint    ] Entering safepoint region: RevokeBias
[2022-06-13T03:01:12.948+0000][1][safepoint    ] Leaving safepoint region
[2022-06-13T03:01:12.948+0000][1][safepoint    ] Total time for which application threads were stopped: 0.0002892 seconds, Stopping threads took: 0.0001866 seconds
[2022-06-13T03:01:12.949+0000][1][safepoint    ] Application time: 0.0000543 seconds
[2022-06-13T03:01:12.949+0000][1][safepoint    ] Entering safepoint region: RevokeBias
[2022-06-13T03:01:12.949+0000][1][safepoint    ] Leaving safepoint region
[2022-06-13T03:01:12.949+0000][1][safepoint    ] Total time for which application threads were stopped: 0.0003020 seconds, Stopping threads took: 0.0001905 seconds
[2022-06-13T03:01:12.949+0000][1][safepoint    ] Application time: 0.0000591 seconds
[2022-06-13T03:01:12.949+0000][1][safepoint    ] Entering safepoint region: RevokeBias
[2022-06-13T03:01:12.950+0000][1][safepoint    ] Leaving safepoint region
[2022-06-13T03:01:12.950+0000][1][safepoint    ] Total time for which application threads were stopped: 0.0003855 seconds, Stopping threads took: 0.0001848 seconds
[2022-06-13T03:01:12.950+0000][1][safepoint    ] Application time: 0.0000455 seconds
[2022-06-13T03:01:12.950+0000][1][safepoint    ] Entering safepoint region: RevokeBias
[2022-06-13T03:01:12.951+0000][1][safepoint    ] Leaving safepoint region
[2022-06-13T03:01:12.951+0000][1][safepoint    ] Total time for which application threads were stopped: 0.0003767 seconds, Stopping threads took: 0.0001869 seconds
[2022-06-13T03:01:12.951+0000][1][safepoint    ] Application time: 0.0000526 seconds
[2022-06-13T03:01:12.951+0000][1][safepoint    ] Entering safepoint region: RevokeBias
[2022-06-13T03:01:12.951+0000][1][safepoint    ] Leaving safepoint region
[2022-06-13T03:01:12.951+0000][1][safepoint    ] Total time for which application threads were stopped: 0.0003689 seconds, Stopping threads took: 0.0001726 seconds
[2022-06-13T03:01:12.952+0000][1][safepoint    ] Application time: 0.0000514 seconds
[2022-06-13T03:01:12.952+0000][1][safepoint    ] Entering safepoint region: RevokeBias
[2022-06-13T03:01:12.952+0000][1][safepoint    ] Leaving safepoint region
[2022-06-13T03:01:12.952+0000][1][safepoint    ] Total time for which application threads were stopped: 0.0004251 seconds, Stopping threads took: 0.0002287 seconds
[2022-06-13T03:01:12.953+0000][1][safepoint    ] Application time: 0.0000445 seconds
[2022-06-13T03:01:12.953+0000][1][safepoint    ] Entering safepoint region: RevokeBias
[2022-06-13T03:01:12.953+0000][1][safepoint    ] Leaving safepoint region
[2022-06-13T03:01:12.953+0000][1][safepoint    ] Total time for which application threads were stopped: 0.0001860 seconds, Stopping threads took: 0.0000881 seconds
[2022-06-13T03:01:12.953+0000][1][safepoint    ] Application time: 0.0000440 seconds
[2022-06-13T03:01:12.953+0000][1][safepoint    ] Entering safepoint region: RevokeBias
[2022-06-13T03:01:12.953+0000][1][safepoint    ] Leaving safepoint region
[2022-06-13T03:01:12.953+0000][1][safepoint    ] Total time for which application threads were stopped: 0.0001800 seconds, Stopping threads took: 0.0000869 seconds
[2022-06-13T03:01:12.953+0000][1][safepoint    ] Application time: 0.0000529 seconds
[2022-06-13T03:01:12.954+0000][1][safepoint    ] Entering safepoint region: RevokeBias
[2022-06-13T03:01:12.954+0000][1][safepoint    ] Leaving safepoint region
[2022-06-13T03:01:12.954+0000][1][safepoint    ] Total time for which application threads were stopped: 0.0001815 seconds, Stopping threads took: 0.0000839 seconds
[2022-06-13T03:01:12.954+0000][1][safepoint    ] Application time: 0.0000451 seconds
[2022-06-13T03:01:12.954+0000][1][safepoint    ] Entering safepoint region: BulkRevokeBias
[2022-06-13T03:01:12.954+0000][1][safepoint    ] Leaving safepoint region
[2022-06-13T03:01:12.954+0000][1][safepoint    ] Total time for which application threads were stopped: 0.0002342 seconds, Stopping threads took: 0.0000916 seconds
[2022-06-13T03:01:12.954+0000][1][safepoint    ] Application time: 0.0001614 seconds
[2022-06-13T03:01:12.955+0000][1][safepoint    ] Entering safepoint region: RevokeBias
[2022-06-13T03:01:12.955+0000][1][safepoint    ] Leaving safepoint region
[2022-06-13T03:01:12.955+0000][1][safepoint    ] Total time for which application threads were stopped: 0.0002499 seconds, Stopping threads took: 0.0001383 seconds
[2022-06-13T03:01:12.955+0000][1][safepoint    ] Application time: 0.0001031 seconds
[2022-06-13T03:01:12.955+0000][1][safepoint    ] Entering safepoint region: RevokeBias
[2022-06-13T03:01:12.955+0000][1][safepoint    ] Leaving safepoint region
[2022-06-13T03:01:12.955+0000][1][safepoint    ] Total time for which application threads were stopped: 0.0002858 seconds, Stopping threads took: 0.0001517 seconds
[2022-06-13T03:01:12.956+0000][1][safepoint    ] Application time: 0.0001172 seconds
[2022-06-13T03:01:12.956+0000][1][safepoint    ] Entering safepoint region: RevokeBias
[2022-06-13T03:01:12.956+0000][1][safepoint    ] Leaving safepoint region
[2022-06-13T03:01:12.956+0000][1][safepoint    ] Total time for which application threads were stopped: 0.0002183 seconds, Stopping threads took: 0.0001093 seconds
[2022-06-13T03:01:12.956+0000][1][safepoint    ] Application time: 0.0000665 seconds
[2022-06-13T03:01:12.956+0000][1][safepoint    ] Entering safepoint region: RevokeBias
[2022-06-13T03:01:12.956+0000][1][safepoint    ] Leaving safepoint region
[2022-06-13T03:01:12.957+0000][1][safepoint    ] Total time for which application threads were stopped: 0.0003939 seconds, Stopping threads took: 0.0002886 seconds
[2022-06-13T03:01:12.957+0000][1][safepoint    ] Application time: 0.0000577 seconds
[2022-06-13T03:01:12.957+0000][1][safepoint    ] Entering safepoint region: RevokeBias
[2022-06-13T03:01:12.957+0000][1][safepoint    ] Leaving safepoint region
[2022-06-13T03:01:12.957+0000][1][safepoint    ] Total time for which application threads were stopped: 0.0002169 seconds, Stopping threads took: 0.0001193 seconds
[2022-06-13T03:01:12.957+0000][1][safepoint    ] Application time: 0.0000572 seconds
[2022-06-13T03:01:12.957+0000][1][safepoint    ] Entering safepoint region: RevokeBias
[2022-06-13T03:01:12.957+0000][1][safepoint    ] Leaving safepoint region
[2022-06-13T03:01:12.957+0000][1][safepoint    ] Total time for which application threads were stopped: 0.0002770 seconds, Stopping threads took: 0.0001571 seconds
[2022-06-13T03:01:12.958+0000][1][safepoint    ] Application time: 0.0002423 seconds
[2022-06-13T03:01:12.958+0000][1][safepoint    ] Entering safepoint region: RevokeBias
[2022-06-13T03:01:12.958+0000][1][safepoint    ] Leaving safepoint region
[2022-06-13T03:01:12.958+0000][1][safepoint    ] Total time for which application threads were stopped: 0.0005731 seconds, Stopping threads took: 0.0004507 seconds
[2022-06-13T03:01:12.959+0000][1][safepoint    ] Application time: 0.0001198 seconds
[2022-06-13T03:01:12.959+0000][1][safepoint    ] Entering safepoint region: RevokeBias
[2022-06-13T03:01:12.959+0000][1][safepoint    ] Leaving safepoint region
[2022-06-13T03:01:12.959+0000][1][safepoint    ] Total time for which application threads were stopped: 0.0001941 seconds, Stopping threads took: 0.0000958 seconds
[2022-06-13T03:01:12.959+0000][1][safepoint    ] Application time: 0.0002699 seconds
[2022-06-13T03:01:12.959+0000][1][safepoint    ] Entering safepoint region: RevokeBias
[2022-06-13T03:01:12.960+0000][1][safepoint    ] Leaving safepoint region
[2022-06-13T03:01:12.960+0000][1][safepoint    ] Total time for which application threads were stopped: 0.0001901 seconds, Stopping threads took: 0.0000901 seconds
[2022-06-13T03:01:12.960+0000][1][safepoint    ] Application time: 0.0001668 seconds
[2022-06-13T03:01:12.960+0000][1][safepoint    ] Entering safepoint region: RevokeBias
[2022-06-13T03:01:12.960+0000][1][safepoint    ] Leaving safepoint region
[2022-06-13T03:01:12.960+0000][1][safepoint    ] Total time for which application threads were stopped: 0.0002766 seconds, Stopping threads took: 0.0001591 seconds
[2022-06-13T03:01:12.961+0000][1][safepoint    ] Application time: 0.0001700 seconds
[2022-06-13T03:01:12.961+0000][1][safepoint    ] Entering safepoint region: RevokeBias
[2022-06-13T03:01:12.961+0000][1][safepoint    ] Leaving safepoint region
[2022-06-13T03:01:12.961+0000][1][safepoint    ] Total time for which application threads were stopped: 0.0002543 seconds, Stopping threads took: 0.0001328 seconds
[2022-06-13T03:01:12.961+0000][1][safepoint    ] Application time: 0.0001202 seconds
[2022-06-13T03:01:12.961+0000][1][safepoint    ] Entering safepoint region: RevokeBias
[2022-06-13T03:01:12.961+0000][1][safepoint    ] Leaving safepoint region
[2022-06-13T03:01:12.962+0000][1][safepoint    ] Total time for which application threads were stopped: 0.0003674 seconds, Stopping threads took: 0.0001662 seconds
[2022-06-13T03:01:12.962+0000][1][safepoint    ] Application time: 0.0001221 seconds
[2022-06-13T03:01:12.962+0000][1][safepoint    ] Entering safepoint region: RevokeBias
[2022-06-13T03:01:12.962+0000][1][safepoint    ] Leaving safepoint region
[2022-06-13T03:01:12.963+0000][1][safepoint    ] Total time for which application threads were stopped: 0.0004992 seconds, Stopping threads took: 0.0003262 seconds
[2022-06-13T03:01:12.963+0000][1][safepoint    ] Application time: 0.0001175 seconds
[2022-06-13T03:01:12.963+0000][1][safepoint    ] Entering safepoint region: RevokeBias
[2022-06-13T03:01:12.963+0000][1][safepoint    ] Leaving safepoint region
[2022-06-13T03:01:12.963+0000][1][safepoint    ] Total time for which application threads were stopped: 0.0003305 seconds, Stopping threads took: 0.0001634 seconds
[2022-06-13T03:01:12.964+0000][1][safepoint    ] Application time: 0.0001844 seconds
[2022-06-13T03:01:12.964+0000][1][safepoint    ] Entering safepoint region: RevokeBias
[2022-06-13T03:01:12.964+0000][1][safepoint    ] Leaving safepoint region
[2022-06-13T03:01:12.964+0000][1][safepoint    ] Total time for which application threads were stopped: 0.0003341 seconds, Stopping threads took: 0.0001317 seconds
[2022-06-13T03:01:12.965+0000][1][safepoint    ] Application time: 0.0009674 seconds
[2022-06-13T03:01:12.965+0000][1][safepoint    ] Entering safepoint region: RevokeBias
[2022-06-13T03:01:12.966+0000][1][safepoint    ] Leaving safepoint region
[2022-06-13T03:01:12.966+0000][1][safepoint    ] Total time for which application threads were stopped: 0.0004489 seconds, Stopping threads took: 0.0002640 seconds
[2022-06-13T03:01:12.966+0000][1][safepoint    ] Application time: 0.0001440 seconds
[2022-06-13T03:01:12.966+0000][1][safepoint    ] Entering safepoint region: RevokeBias
[2022-06-13T03:01:12.966+0000][1][safepoint    ] Leaving safepoint region
[2022-06-13T03:01:12.967+0000][1][safepoint    ] Total time for which application threads were stopped: 0.0003911 seconds, Stopping threads took: 0.0001979 seconds
[2022-06-13T03:01:12.967+0000][1][safepoint    ] Application time: 0.0000809 seconds
[2022-06-13T03:01:12.967+0000][1][safepoint    ] Entering safepoint region: RevokeBias
[2022-06-13T03:01:12.967+0000][1][safepoint    ] Leaving safepoint region
[2022-06-13T03:01:12.967+0000][1][safepoint    ] Total time for which application threads were stopped: 0.0003784 seconds, Stopping threads took: 0.0001676 seconds
[2022-06-13T03:01:12.969+0000][1][safepoint    ] Application time: 0.0010487 seconds
[2022-06-13T03:01:12.969+0000][1][safepoint    ] Entering safepoint region: RevokeBias
[2022-06-13T03:01:12.969+0000][1][safepoint    ] Leaving safepoint region
[2022-06-13T03:01:12.969+0000][1][safepoint    ] Total time for which application threads were stopped: 0.0004723 seconds, Stopping threads took: 0.0002616 seconds
[2022-06-13T03:01:12.969+0000][1][safepoint    ] Application time: 0.0000791 seconds
[2022-06-13T03:01:12.970+0000][1][safepoint    ] Entering safepoint region: RevokeBias
[2022-06-13T03:01:12.970+0000][1][safepoint    ] Leaving safepoint region
[2022-06-13T03:01:12.970+0000][1][safepoint    ] Total time for which application threads were stopped: 0.0003200 seconds, Stopping threads took: 0.0001501 seconds
[2022-06-13T03:01:12.970+0000][1][safepoint    ] Application time: 0.0001945 seconds
[2022-06-13T03:01:12.970+0000][1][safepoint    ] Entering safepoint region: RevokeBias
[2022-06-13T03:01:12.971+0000][1][safepoint    ] Leaving safepoint region
[2022-06-13T03:01:12.971+0000][1][safepoint    ] Total time for which application threads were stopped: 0.0003853 seconds, Stopping threads took: 0.0002029 seconds
[2022-06-13T03:01:12.976+0000][1][safepoint    ] Application time: 0.0054471 seconds
[2022-06-13T03:01:12.977+0000][1][safepoint    ] Entering safepoint region: GenCollectForAllocation
[2022-06-13T03:01:12.977+0000][1][gc,start     ] GC(19) Pause Young (Allocation Failure)
[2022-06-13T03:01:12.977+0000][1][gc,task      ] GC(19) Using 5 workers of 13 for evacuation
[2022-06-13T03:01:12.981+0000][1][gc,age       ] GC(19) Desired survivor size 4456448 bytes, new threshold 2 (max threshold 6)
[2022-06-13T03:01:12.981+0000][1][gc,age       ] GC(19) Age table with threshold 2 (max threshold 6)
[2022-06-13T03:01:12.981+0000][1][gc,age       ] GC(19) - age   1:    3101904 bytes,    3101904 total
[2022-06-13T03:01:12.982+0000][1][gc,age       ] GC(19) - age   2:    3668432 bytes,    6770336 total
[2022-06-13T03:01:12.982+0000][1][gc,age       ] GC(19) - age   3:     342072 bytes,    7112408 total
[2022-06-13T03:01:12.982+0000][1][gc,heap      ] GC(19) ParNew: 75010K->8398K(78656K)
[2022-06-13T03:01:12.982+0000][1][gc,heap      ] GC(19) CMS: 55260K->55260K(174784K)
[2022-06-13T03:01:12.982+0000][1][gc,metaspace ] GC(19) Metaspace: 47255K->47255K(1093632K)
[2022-06-13T03:01:12.982+0000][1][gc           ] GC(19) Pause Young (Allocation Failure) 127M->62M(247M) 5.597ms
[2022-06-13T03:01:12.983+0000][1][gc,cpu       ] GC(19) User=0.03s Sys=0.00s Real=0.01s
[2022-06-13T03:01:12.983+0000][1][safepoint    ] Leaving safepoint region
[2022-06-13T03:01:12.983+0000][1][safepoint    ] Total time for which application threads were stopped: 0.0062919 seconds, Stopping threads took: 0.0001321 seconds
[2022-06-13T03:01:13.191+0000][1][safepoint    ] Application time: 0.2080183 seconds
[2022-06-13T03:01:13.192+0000][1][safepoint    ] Entering safepoint region: RevokeBias
[2022-06-13T03:01:13.192+0000][1][safepoint    ] Leaving safepoint region
[2022-06-13T03:01:13.192+0000][1][safepoint    ] Total time for which application threads were stopped: 0.0007146 seconds, Stopping threads took: 0.0003023 seconds
[2022-06-13T03:01:13.315+0000][1][safepoint    ] Application time: 0.1227670 seconds
[2022-06-13T03:01:13.316+0000][1][safepoint    ] Entering safepoint region: GenCollectForAllocation
[2022-06-13T03:01:13.316+0000][1][gc,start     ] GC(20) Pause Young (Allocation Failure)
[2022-06-13T03:01:13.317+0000][1][gc,task      ] GC(20) Using 5 workers of 13 for evacuation
[2022-06-13T03:01:13.322+0000][1][gc,age       ] GC(20) Desired survivor size 4456448 bytes, new threshold 2 (max threshold 6)
[2022-06-13T03:01:13.323+0000][1][gc,age       ] GC(20) Age table with threshold 2 (max threshold 6)
[2022-06-13T03:01:13.323+0000][1][gc,age       ] GC(20) - age   1:    1493400 bytes,    1493400 total
[2022-06-13T03:01:13.324+0000][1][gc,age       ] GC(20) - age   2:    3065288 bytes,    4558688 total
[2022-06-13T03:01:13.324+0000][1][gc,heap      ] GC(20) ParNew: 78350K->7300K(78656K)
[2022-06-13T03:01:13.325+0000][1][gc,heap      ] GC(20) CMS: 55260K->59308K(174784K)
[2022-06-13T03:01:13.325+0000][1][gc,metaspace ] GC(20) Metaspace: 53722K->53722K(1097728K)
[2022-06-13T03:01:13.326+0000][1][gc           ] GC(20) Pause Young (Allocation Failure) 130M->65M(247M) 9.226ms
[2022-06-13T03:01:13.326+0000][1][gc,cpu       ] GC(20) User=0.05s Sys=0.00s Real=0.01s
[2022-06-13T03:01:13.326+0000][1][safepoint    ] Leaving safepoint region
[2022-06-13T03:01:13.327+0000][1][safepoint    ] Total time for which application threads were stopped: 0.0110083 seconds, Stopping threads took: 0.0003142 seconds
[2022-06-13T03:01:13.332+0000][1][safepoint    ] Application time: 0.0042325 seconds
[2022-06-13T03:01:13.332+0000][1][safepoint    ] Entering safepoint region: Deoptimize
[2022-06-13T03:01:13.333+0000][1][safepoint    ] Leaving safepoint region
[2022-06-13T03:01:13.333+0000][1][safepoint    ] Total time for which application threads were stopped: 0.0013030 seconds, Stopping threads took: 0.0004686 seconds
[2022-06-13T03:01:13.487+0000][1][safepoint    ] Application time: 0.1534056 seconds
[2022-06-13T03:01:13.488+0000][1][safepoint    ] Entering safepoint region: BulkRevokeBias
[2022-06-13T03:01:13.488+0000][1][safepoint    ] Leaving safepoint region
[2022-06-13T03:01:13.489+0000][1][safepoint    ] Total time for which application threads were stopped: 0.0010247 seconds, Stopping threads took: 0.0003470 seconds
[2022-06-13T03:01:13.572+0000][1][safepoint    ] Application time: 0.0831711 seconds
[2022-06-13T03:01:13.573+0000][1][safepoint    ] Entering safepoint region: Deoptimize
[2022-06-13T03:01:13.574+0000][1][safepoint    ] Leaving safepoint region
[2022-06-13T03:01:13.574+0000][1][safepoint    ] Total time for which application threads were stopped: 0.0014437 seconds, Stopping threads took: 0.0003332 seconds
[2022-06-13T03:01:13.595+0000][1][safepoint    ] Application time: 0.0206527 seconds
[2022-06-13T03:01:13.595+0000][1][safepoint    ] Entering safepoint region: RevokeBias
[2022-06-13T03:01:13.595+0000][1][safepoint    ] Leaving safepoint region
[2022-06-13T03:01:13.596+0000][1][safepoint    ] Total time for which application threads were stopped: 0.0003152 seconds, Stopping threads took: 0.0001310 seconds
[2022-06-13T03:01:13.596+0000][1][safepoint    ] Application time: 0.0001111 seconds
[2022-06-13T03:01:13.596+0000][1][safepoint    ] Entering safepoint region: RevokeBias
[2022-06-13T03:01:13.596+0000][1][safepoint    ] Leaving safepoint region
[2022-06-13T03:01:13.596+0000][1][safepoint    ] Total time for which application threads were stopped: 0.0003676 seconds, Stopping threads took: 0.0001244 seconds
[2022-06-13T03:01:13.597+0000][1][safepoint    ] Application time: 0.0001629 seconds
[2022-06-13T03:01:13.597+0000][1][safepoint    ] Entering safepoint region: RevokeBias
[2022-06-13T03:01:13.597+0000][1][safepoint    ] Leaving safepoint region
[2022-06-13T03:01:13.597+0000][1][safepoint    ] Total time for which application threads were stopped: 0.0006122 seconds, Stopping threads took: 0.0002504 seconds
[2022-06-13T03:01:13.599+0000][1][safepoint    ] Application time: 0.0015983 seconds
[2022-06-13T03:01:13.600+0000][1][safepoint    ] Entering safepoint region: RevokeBias
[2022-06-13T03:01:13.600+0000][1][safepoint    ] Leaving safepoint region
[2022-06-13T03:01:13.600+0000][1][safepoint    ] Total time for which application threads were stopped: 0.0006751 seconds, Stopping threads took: 0.0005065 seconds
[2022-06-13T03:01:13.709+0000][1][safepoint    ] Application time: 0.1080511 seconds
[2022-06-13T03:01:13.709+0000][1][safepoint    ] Entering safepoint region: Deoptimize
[2022-06-13T03:01:13.710+0000][1][safepoint    ] Leaving safepoint region
[2022-06-13T03:01:13.711+0000][1][safepoint    ] Total time for which application threads were stopped: 0.0019039 seconds, Stopping threads took: 0.0002956 seconds
[2022-06-13T03:01:13.842+0000][1][safepoint    ] Application time: 0.1311110 seconds
[2022-06-13T03:01:13.843+0000][1][safepoint    ] Entering safepoint region: RevokeBias
[2022-06-13T03:01:13.843+0000][1][safepoint    ] Leaving safepoint region
[2022-06-13T03:01:13.844+0000][1][safepoint    ] Total time for which application threads were stopped: 0.0010329 seconds, Stopping threads took: 0.0004920 seconds
[2022-06-13T03:01:13.867+0000][1][safepoint    ] Application time: 0.0222261 seconds
[2022-06-13T03:01:13.867+0000][1][safepoint    ] Entering safepoint region: RevokeBias
[2022-06-13T03:01:13.868+0000][1][safepoint    ] Leaving safepoint region
[2022-06-13T03:01:13.868+0000][1][safepoint    ] Total time for which application threads were stopped: 0.0007538 seconds, Stopping threads took: 0.0004376 seconds
[2022-06-13T03:01:13.868+0000][1][safepoint    ] Application time: 0.0002048 seconds
[2022-06-13T03:01:13.869+0000][1][safepoint    ] Entering safepoint region: RevokeBias
[2022-06-13T03:01:13.869+0000][1][safepoint    ] Leaving safepoint region
[2022-06-13T03:01:13.870+0000][1][safepoint    ] Total time for which application threads were stopped: 0.0007936 seconds, Stopping threads took: 0.0003367 seconds
[2022-06-13T03:01:13.870+0000][1][safepoint    ] Application time: 0.0002241 seconds
[2022-06-13T03:01:13.871+0000][1][safepoint    ] Entering safepoint region: RevokeBias
[2022-06-13T03:01:13.871+0000][1][safepoint    ] Leaving safepoint region
[2022-06-13T03:01:13.871+0000][1][safepoint    ] Total time for which application threads were stopped: 0.0007696 seconds, Stopping threads took: 0.0003827 seconds
[2022-06-13T03:01:13.872+0000][1][safepoint    ] Application time: 0.0002355 seconds
[2022-06-13T03:01:13.872+0000][1][safepoint    ] Entering safepoint region: RevokeBias
[2022-06-13T03:01:13.873+0000][1][safepoint    ] Leaving safepoint region
[2022-06-13T03:01:13.873+0000][1][safepoint    ] Total time for which application threads were stopped: 0.0008271 seconds, Stopping threads took: 0.0003912 seconds
[2022-06-13T03:01:13.874+0000][1][safepoint    ] Application time: 0.0002960 seconds
[2022-06-13T03:01:13.874+0000][1][safepoint    ] Entering safepoint region: RevokeBias
[2022-06-13T03:01:13.875+0000][1][safepoint    ] Leaving safepoint region
[2022-06-13T03:01:13.875+0000][1][safepoint    ] Total time for which application threads were stopped: 0.0008094 seconds, Stopping threads took: 0.0003540 seconds
[2022-06-13T03:01:13.945+0000][1][safepoint    ] Application time: 0.0694972 seconds
[2022-06-13T03:01:13.945+0000][1][safepoint    ] Entering safepoint region: GenCollectForAllocation
[2022-06-13T03:01:13.946+0000][1][gc,start     ] GC(21) Pause Young (Allocation Failure)
[2022-06-13T03:01:13.946+0000][1][gc,task      ] GC(21) Using 5 workers of 13 for evacuation
[2022-06-13T03:01:13.952+0000][1][gc,age       ] GC(21) Desired survivor size 4456448 bytes, new threshold 2 (max threshold 6)
[2022-06-13T03:01:13.952+0000][1][gc,age       ] GC(21) Age table with threshold 2 (max threshold 6)
[2022-06-13T03:01:13.953+0000][1][gc,age       ] GC(21) - age   1:    3710400 bytes,    3710400 total
[2022-06-13T03:01:13.953+0000][1][gc,age       ] GC(21) - age   2:    1375872 bytes,    5086272 total
[2022-06-13T03:01:13.953+0000][1][gc,heap      ] GC(21) ParNew: 77252K->7775K(78656K)
[2022-06-13T03:01:13.954+0000][1][gc,heap      ] GC(21) CMS: 59308K->62363K(174784K)
[2022-06-13T03:01:13.954+0000][1][gc,metaspace ] GC(21) Metaspace: 61351K->61351K(1105920K)
[2022-06-13T03:01:13.955+0000][1][gc           ] GC(21) Pause Young (Allocation Failure) 133M->68M(247M) 9.030ms
[2022-06-13T03:01:13.955+0000][1][gc,cpu       ] GC(21) User=0.03s Sys=0.00s Real=0.01s
[2022-06-13T03:01:13.955+0000][1][safepoint    ] Leaving safepoint region
[2022-06-13T03:01:13.956+0000][1][safepoint    ] Total time for which application threads were stopped: 0.0103350 seconds, Stopping threads took: 0.0002491 seconds
[2022-06-13T03:01:13.962+0000][1][safepoint    ] Application time: 0.0061752 seconds
[2022-06-13T03:01:13.962+0000][1][safepoint    ] Entering safepoint region: BulkRevokeBias
[2022-06-13T03:01:13.963+0000][1][safepoint    ] Leaving safepoint region
[2022-06-13T03:01:13.963+0000][1][safepoint    ] Total time for which application threads were stopped: 0.0007136 seconds, Stopping threads took: 0.0002873 seconds
[2022-06-13T03:01:14.048+0000][1][safepoint    ] Application time: 0.0843708 seconds
[2022-06-13T03:01:14.048+0000][1][safepoint    ] Entering safepoint region: Deoptimize
[2022-06-13T03:01:14.049+0000][1][safepoint    ] Leaving safepoint region
[2022-06-13T03:01:14.049+0000][1][safepoint    ] Total time for which application threads were stopped: 0.0008037 seconds, Stopping threads took: 0.0002995 seconds
[2022-06-13T03:01:14.054+0000][1][safepoint    ] Application time: 0.0047440 seconds
[2022-06-13T03:01:14.054+0000][1][safepoint    ] Entering safepoint region: RevokeBias
[2022-06-13T03:01:14.055+0000][1][safepoint    ] Leaving safepoint region
[2022-06-13T03:01:14.055+0000][1][safepoint    ] Total time for which application threads were stopped: 0.0005858 seconds, Stopping threads took: 0.0003421 seconds
[2022-06-13T03:01:14.056+0000][1][safepoint    ] Application time: 0.0005584 seconds
[2022-06-13T03:01:14.056+0000][1][safepoint    ] Entering safepoint region: RevokeBias
[2022-06-13T03:01:14.056+0000][1][safepoint    ] Leaving safepoint region
[2022-06-13T03:01:14.057+0000][1][safepoint    ] Total time for which application threads were stopped: 0.0005033 seconds, Stopping threads took: 0.0002548 seconds
[2022-06-13T03:01:14.057+0000][1][safepoint    ] Application time: 0.0004608 seconds
[2022-06-13T03:01:14.057+0000][1][safepoint    ] Entering safepoint region: RevokeBias
[2022-06-13T03:01:14.058+0000][1][safepoint    ] Leaving safepoint region
[2022-06-13T03:01:14.058+0000][1][safepoint    ] Total time for which application threads were stopped: 0.0005185 seconds, Stopping threads took: 0.0002652 seconds
[2022-06-13T03:01:14.058+0000][1][safepoint    ] Application time: 0.0001841 seconds
[2022-06-13T03:01:14.059+0000][1][safepoint    ] Entering safepoint region: RevokeBias
[2022-06-13T03:01:14.059+0000][1][safepoint    ] Leaving safepoint region
[2022-06-13T03:01:14.059+0000][1][safepoint    ] Total time for which application threads were stopped: 0.0007604 seconds, Stopping threads took: 0.0002340 seconds
[2022-06-13T03:01:14.060+0000][1][safepoint    ] Application time: 0.0002939 seconds
[2022-06-13T03:01:14.060+0000][1][safepoint    ] Entering safepoint region: RevokeBias
[2022-06-13T03:01:14.061+0000][1][safepoint    ] Leaving safepoint region
[2022-06-13T03:01:14.061+0000][1][safepoint    ] Total time for which application threads were stopped: 0.0003996 seconds, Stopping threads took: 0.0002270 seconds
[2022-06-13T03:01:14.061+0000][1][safepoint    ] Application time: 0.0000698 seconds
[2022-06-13T03:01:14.061+0000][1][safepoint    ] Entering safepoint region: RevokeBias
[2022-06-13T03:01:14.061+0000][1][safepoint    ] Leaving safepoint region
[2022-06-13T03:01:14.061+0000][1][safepoint    ] Total time for which application threads were stopped: 0.0002314 seconds, Stopping threads took: 0.0001079 seconds
[2022-06-13T03:01:14.061+0000][1][safepoint    ] Application time: 0.0001058 seconds
[2022-06-13T03:01:14.062+0000][1][safepoint    ] Entering safepoint region: RevokeBias
[2022-06-13T03:01:14.062+0000][1][safepoint    ] Leaving safepoint region
[2022-06-13T03:01:14.062+0000][1][safepoint    ] Total time for which application threads were stopped: 0.0002418 seconds, Stopping threads took: 0.0001013 seconds
[2022-06-13T03:01:14.062+0000][1][safepoint    ] Application time: 0.0001358 seconds
[2022-06-13T03:01:14.062+0000][1][safepoint    ] Entering safepoint region: RevokeBias
[2022-06-13T03:01:14.062+0000][1][safepoint    ] Leaving safepoint region
[2022-06-13T03:01:14.062+0000][1][safepoint    ] Total time for which application threads were stopped: 0.0002239 seconds, Stopping threads took: 0.0001206 seconds
[2022-06-13T03:01:14.063+0000][1][safepoint    ] Application time: 0.0001326 seconds
[2022-06-13T03:01:14.063+0000][1][safepoint    ] Entering safepoint region: RevokeBias
[2022-06-13T03:01:14.063+0000][1][safepoint    ] Leaving safepoint region
[2022-06-13T03:01:14.063+0000][1][safepoint    ] Total time for which application threads were stopped: 0.0002948 seconds, Stopping threads took: 0.0001520 seconds
[2022-06-13T03:01:14.063+0000][1][safepoint    ] Application time: 0.0001173 seconds
[2022-06-13T03:01:14.063+0000][1][safepoint    ] Entering safepoint region: RevokeBias
[2022-06-13T03:01:14.064+0000][1][safepoint    ] Leaving safepoint region
[2022-06-13T03:01:14.064+0000][1][safepoint    ] Total time for which application threads were stopped: 0.0002911 seconds, Stopping threads took: 0.0001305 seconds
[2022-06-13T03:01:14.064+0000][1][safepoint    ] Application time: 0.0000559 seconds
[2022-06-13T03:01:14.064+0000][1][safepoint    ] Entering safepoint region: RevokeBias
[2022-06-13T03:01:14.064+0000][1][safepoint    ] Leaving safepoint region
[2022-06-13T03:01:14.064+0000][1][safepoint    ] Total time for which application threads were stopped: 0.0002367 seconds, Stopping threads took: 0.0000950 seconds
[2022-06-13T03:01:14.065+0000][1][safepoint    ] Application time: 0.0002945 seconds
[2022-06-13T03:01:14.065+0000][1][safepoint    ] Entering safepoint region: RevokeBias
[2022-06-13T03:01:14.065+0000][1][safepoint    ] Leaving safepoint region
[2022-06-13T03:01:14.066+0000][1][safepoint    ] Total time for which application threads were stopped: 0.0008670 seconds, Stopping threads took: 0.0004796 seconds
[2022-06-13T03:01:14.067+0000][1][safepoint    ] Application time: 0.0008976 seconds
[2022-06-13T03:01:14.067+0000][1][safepoint    ] Entering safepoint region: RevokeBias
[2022-06-13T03:01:14.067+0000][1][safepoint    ] Leaving safepoint region
[2022-06-13T03:01:14.068+0000][1][safepoint    ] Total time for which application threads were stopped: 0.0004509 seconds, Stopping threads took: 0.0001988 seconds
[2022-06-13T03:01:14.068+0000][1][safepoint    ] Application time: 0.0002387 seconds
[2022-06-13T03:01:14.068+0000][1][safepoint    ] Entering safepoint region: RevokeBias
[2022-06-13T03:01:14.068+0000][1][safepoint    ] Leaving safepoint region
[2022-06-13T03:01:14.069+0000][1][safepoint    ] Total time for which application threads were stopped: 0.0005505 seconds, Stopping threads took: 0.0002334 seconds
[2022-06-13T03:01:14.070+0000][1][safepoint    ] Application time: 0.0014994 seconds
[2022-06-13T03:01:14.071+0000][1][safepoint    ] Entering safepoint region: Deoptimize
[2022-06-13T03:01:14.071+0000][1][safepoint    ] Leaving safepoint region
[2022-06-13T03:01:14.071+0000][1][safepoint    ] Total time for which application threads were stopped: 0.0007697 seconds, Stopping threads took: 0.0002125 seconds
[2022-06-13T03:01:14.079+0000][1][safepoint    ] Application time: 0.0073203 seconds
[2022-06-13T03:01:14.079+0000][1][safepoint    ] Entering safepoint region: RevokeBias
[2022-06-13T03:01:14.079+0000][1][safepoint    ] Leaving safepoint region
[2022-06-13T03:01:14.080+0000][1][safepoint    ] Total time for which application threads were stopped: 0.0006111 seconds, Stopping threads took: 0.0003435 seconds
[2022-06-13T03:01:14.108+0000][1][safepoint    ] Application time: 0.0284950 seconds
[2022-06-13T03:01:14.109+0000][1][safepoint    ] Entering safepoint region: RevokeBias
[2022-06-13T03:01:14.109+0000][1][safepoint    ] Leaving safepoint region
[2022-06-13T03:01:14.110+0000][1][safepoint    ] Total time for which application threads were stopped: 0.0009153 seconds, Stopping threads took: 0.0004608 seconds
[2022-06-13T03:01:14.110+0000][1][safepoint    ] Application time: 0.0001723 seconds
[2022-06-13T03:01:14.111+0000][1][safepoint    ] Entering safepoint region: RevokeBias
[2022-06-13T03:01:14.111+0000][1][safepoint    ] Leaving safepoint region
[2022-06-13T03:01:14.111+0000][1][safepoint    ] Total time for which application threads were stopped: 0.0009073 seconds, Stopping threads took: 0.0004335 seconds
[2022-06-13T03:01:14.112+0000][1][safepoint    ] Application time: 0.0003881 seconds
[2022-06-13T03:01:14.113+0000][1][safepoint    ] Entering safepoint region: RevokeBias
[2022-06-13T03:01:14.113+0000][1][safepoint    ] Leaving safepoint region
[2022-06-13T03:01:14.113+0000][1][safepoint    ] Total time for which application threads were stopped: 0.0009567 seconds, Stopping threads took: 0.0005161 seconds
[2022-06-13T03:01:14.114+0000][1][safepoint    ] Application time: 0.0004682 seconds
[2022-06-13T03:01:14.115+0000][1][safepoint    ] Entering safepoint region: RevokeBias
[2022-06-13T03:01:14.115+0000][1][safepoint    ] Leaving safepoint region
[2022-06-13T03:01:14.116+0000][1][safepoint    ] Total time for which application threads were stopped: 0.0008844 seconds, Stopping threads took: 0.0005181 seconds
[2022-06-13T03:01:14.116+0000][1][safepoint    ] Application time: 0.0002454 seconds
[2022-06-13T03:01:14.117+0000][1][safepoint    ] Entering safepoint region: RevokeBias
[2022-06-13T03:01:14.117+0000][1][safepoint    ] Leaving safepoint region
[2022-06-13T03:01:14.118+0000][1][safepoint    ] Total time for which application threads were stopped: 0.0009127 seconds, Stopping threads took: 0.0005126 seconds
[2022-06-13T03:01:14.118+0000][1][safepoint    ] Application time: 0.0004817 seconds
[2022-06-13T03:01:14.119+0000][1][safepoint    ] Entering safepoint region: RevokeBias
[2022-06-13T03:01:14.119+0000][1][safepoint    ] Leaving safepoint region
[2022-06-13T03:01:14.120+0000][1][safepoint    ] Total time for which application threads were stopped: 0.0008724 seconds, Stopping threads took: 0.0004788 seconds
[2022-06-13T03:01:14.130+0000][1][safepoint    ] Application time: 0.0094058 seconds
[2022-06-13T03:01:14.130+0000][1][safepoint    ] Entering safepoint region: RevokeBias
[2022-06-13T03:01:14.130+0000][1][safepoint    ] Leaving safepoint region
[2022-06-13T03:01:14.131+0000][1][safepoint    ] Total time for which application threads were stopped: 0.0007291 seconds, Stopping threads took: 0.0003304 seconds
[2022-06-13T03:01:14.131+0000][1][safepoint    ] Application time: 0.0002603 seconds
[2022-06-13T03:01:14.132+0000][1][safepoint    ] Entering safepoint region: RevokeBias
[2022-06-13T03:01:14.132+0000][1][safepoint    ] Leaving safepoint region
[2022-06-13T03:01:14.133+0000][1][safepoint    ] Total time for which application threads were stopped: 0.0008659 seconds, Stopping threads took: 0.0003808 seconds
[2022-06-13T03:01:14.134+0000][1][safepoint    ] Application time: 0.0003404 seconds
[2022-06-13T03:01:14.134+0000][1][safepoint    ] Entering safepoint region: RevokeBias
[2022-06-13T03:01:14.134+0000][1][safepoint    ] Leaving safepoint region
[2022-06-13T03:01:14.135+0000][1][safepoint    ] Total time for which application threads were stopped: 0.0007092 seconds, Stopping threads took: 0.0003547 seconds
[2022-06-13T03:01:14.136+0000][1][safepoint    ] Application time: 0.0006725 seconds
[2022-06-13T03:01:14.136+0000][1][safepoint    ] Entering safepoint region: RevokeBias
[2022-06-13T03:01:14.137+0000][1][safepoint    ] Leaving safepoint region
[2022-06-13T03:01:14.137+0000][1][safepoint    ] Total time for which application threads were stopped: 0.0008819 seconds, Stopping threads took: 0.0005262 seconds
[2022-06-13T03:01:14.138+0000][1][safepoint    ] Application time: 0.0008759 seconds
[2022-06-13T03:01:14.139+0000][1][safepoint    ] Entering safepoint region: RevokeBias
[2022-06-13T03:01:14.139+0000][1][safepoint    ] Leaving safepoint region
[2022-06-13T03:01:14.139+0000][1][safepoint    ] Total time for which application threads were stopped: 0.0008627 seconds, Stopping threads took: 0.0003852 seconds
[2022-06-13T03:01:14.140+0000][1][safepoint    ] Application time: 0.0004388 seconds
[2022-06-13T03:01:14.141+0000][1][safepoint    ] Entering safepoint region: RevokeBias
[2022-06-13T03:01:14.141+0000][1][safepoint    ] Leaving safepoint region
[2022-06-13T03:01:14.141+0000][1][safepoint    ] Total time for which application threads were stopped: 0.0009106 seconds, Stopping threads took: 0.0005572 seconds
[2022-06-13T03:01:14.142+0000][1][safepoint    ] Application time: 0.0002291 seconds
[2022-06-13T03:01:14.142+0000][1][safepoint    ] Entering safepoint region: RevokeBias
[2022-06-13T03:01:14.143+0000][1][safepoint    ] Leaving safepoint region
[2022-06-13T03:01:14.143+0000][1][safepoint    ] Total time for which application threads were stopped: 0.0006673 seconds, Stopping threads took: 0.0003377 seconds
[2022-06-13T03:01:14.144+0000][1][safepoint    ] Application time: 0.0002048 seconds
[2022-06-13T03:01:14.144+0000][1][safepoint    ] Entering safepoint region: RevokeBias
[2022-06-13T03:01:14.144+0000][1][safepoint    ] Leaving safepoint region
[2022-06-13T03:01:14.145+0000][1][safepoint    ] Total time for which application threads were stopped: 0.0006757 seconds, Stopping threads took: 0.0003133 seconds
[2022-06-13T03:01:14.145+0000][1][safepoint    ] Application time: 0.0002988 seconds
[2022-06-13T03:01:14.145+0000][1][safepoint    ] Entering safepoint region: RevokeBias
[2022-06-13T03:01:14.146+0000][1][safepoint    ] Leaving safepoint region
[2022-06-13T03:01:14.146+0000][1][safepoint    ] Total time for which application threads were stopped: 0.0005491 seconds, Stopping threads took: 0.0002638 seconds
[2022-06-13T03:01:14.147+0000][1][safepoint    ] Application time: 0.0002584 seconds
[2022-06-13T03:01:14.147+0000][1][safepoint    ] Entering safepoint region: RevokeBias
[2022-06-13T03:01:14.147+0000][1][safepoint    ] Leaving safepoint region
[2022-06-13T03:01:14.147+0000][1][safepoint    ] Total time for which application threads were stopped: 0.0003375 seconds, Stopping threads took: 0.0002223 seconds
[2022-06-13T03:01:14.147+0000][1][safepoint    ] Application time: 0.0001636 seconds
[2022-06-13T03:01:14.148+0000][1][safepoint    ] Entering safepoint region: RevokeBias
[2022-06-13T03:01:14.148+0000][1][safepoint    ] Leaving safepoint region
[2022-06-13T03:01:14.148+0000][1][safepoint    ] Total time for which application threads were stopped: 0.0003303 seconds, Stopping threads took: 0.0002120 seconds
[2022-06-13T03:01:14.148+0000][1][safepoint    ] Application time: 0.0000986 seconds
[2022-06-13T03:01:14.148+0000][1][safepoint    ] Entering safepoint region: RevokeBias
[2022-06-13T03:01:14.148+0000][1][safepoint    ] Leaving safepoint region
[2022-06-13T03:01:14.149+0000][1][safepoint    ] Total time for which application threads were stopped: 0.0002740 seconds, Stopping threads took: 0.0001730 seconds
[2022-06-13T03:01:14.150+0000][1][safepoint    ] Application time: 0.0010949 seconds
[2022-06-13T03:01:14.150+0000][1][safepoint    ] Entering safepoint region: RevokeBias
[2022-06-13T03:01:14.150+0000][1][safepoint    ] Leaving safepoint region
[2022-06-13T03:01:14.150+0000][1][safepoint    ] Total time for which application threads were stopped: 0.0003141 seconds, Stopping threads took: 0.0001643 seconds
[2022-06-13T03:01:14.151+0000][1][safepoint    ] Application time: 0.0004960 seconds
[2022-06-13T03:01:14.151+0000][1][safepoint    ] Entering safepoint region: RevokeBias
[2022-06-13T03:01:14.151+0000][1][safepoint    ] Leaving safepoint region
[2022-06-13T03:01:14.151+0000][1][safepoint    ] Total time for which application threads were stopped: 0.0003251 seconds, Stopping threads took: 0.0001576 seconds
[2022-06-13T03:01:14.152+0000][1][safepoint    ] Application time: 0.0001372 seconds
[2022-06-13T03:01:14.152+0000][1][safepoint    ] Entering safepoint region: RevokeBias
[2022-06-13T03:01:14.152+0000][1][safepoint    ] Leaving safepoint region
[2022-06-13T03:01:14.152+0000][1][safepoint    ] Total time for which application threads were stopped: 0.0005518 seconds, Stopping threads took: 0.0002210 seconds
[2022-06-13T03:01:14.161+0000][1][safepoint    ] Application time: 0.0084038 seconds
[2022-06-13T03:01:14.161+0000][1][safepoint    ] Entering safepoint region: RevokeBias
[2022-06-13T03:01:14.162+0000][1][safepoint    ] Leaving safepoint region
[2022-06-13T03:01:14.162+0000][1][safepoint    ] Total time for which application threads were stopped: 0.0007254 seconds, Stopping threads took: 0.0003437 seconds
[2022-06-13T03:01:14.163+0000][1][safepoint    ] Application time: 0.0002137 seconds
[2022-06-13T03:01:14.163+0000][1][safepoint    ] Entering safepoint region: RevokeBias
[2022-06-13T03:01:14.163+0000][1][safepoint    ] Leaving safepoint region
[2022-06-13T03:01:14.164+0000][1][safepoint    ] Total time for which application threads were stopped: 0.0006229 seconds, Stopping threads took: 0.0003700 seconds
[2022-06-13T03:01:14.164+0000][1][safepoint    ] Application time: 0.0004517 seconds
[2022-06-13T03:01:14.165+0000][1][safepoint    ] Entering safepoint region: RevokeBias
[2022-06-13T03:01:14.165+0000][1][safepoint    ] Leaving safepoint region
[2022-06-13T03:01:14.165+0000][1][safepoint    ] Total time for which application threads were stopped: 0.0005774 seconds, Stopping threads took: 0.0003016 seconds
[2022-06-13T03:01:14.166+0000][1][safepoint    ] Application time: 0.0002643 seconds
[2022-06-13T03:01:14.166+0000][1][safepoint    ] Entering safepoint region: BulkRevokeBias
[2022-06-13T03:01:14.166+0000][1][safepoint    ] Leaving safepoint region
[2022-06-13T03:01:14.167+0000][1][safepoint    ] Total time for which application threads were stopped: 0.0006479 seconds, Stopping threads took: 0.0003822 seconds
[2022-06-13T03:01:14.168+0000][1][safepoint    ] Application time: 0.0011134 seconds
[2022-06-13T03:01:14.168+0000][1][safepoint    ] Entering safepoint region: RevokeBias
[2022-06-13T03:01:14.168+0000][1][safepoint    ] Leaving safepoint region
[2022-06-13T03:01:14.168+0000][1][safepoint    ] Total time for which application threads were stopped: 0.0003879 seconds, Stopping threads took: 0.0001664 seconds
[2022-06-13T03:01:14.170+0000][1][safepoint    ] Application time: 0.0017013 seconds
[2022-06-13T03:01:14.171+0000][1][safepoint    ] Entering safepoint region: RevokeBias
[2022-06-13T03:01:14.171+0000][1][safepoint    ] Leaving safepoint region
[2022-06-13T03:01:14.172+0000][1][safepoint    ] Total time for which application threads were stopped: 0.0009902 seconds, Stopping threads took: 0.0004339 seconds
[2022-06-13T03:01:14.173+0000][1][safepoint    ] Application time: 0.0011894 seconds
[2022-06-13T03:01:14.174+0000][1][safepoint    ] Entering safepoint region: RevokeBias
[2022-06-13T03:01:14.174+0000][1][safepoint    ] Leaving safepoint region
[2022-06-13T03:01:14.174+0000][1][safepoint    ] Total time for which application threads were stopped: 0.0005483 seconds, Stopping threads took: 0.0002558 seconds
[2022-06-13T03:01:14.175+0000][1][safepoint    ] Application time: 0.0009836 seconds
[2022-06-13T03:01:14.176+0000][1][safepoint    ] Entering safepoint region: RevokeBias
[2022-06-13T03:01:14.176+0000][1][safepoint    ] Leaving safepoint region
[2022-06-13T03:01:14.176+0000][1][safepoint    ] Total time for which application threads were stopped: 0.0005955 seconds, Stopping threads took: 0.0003204 seconds
[2022-06-13T03:01:14.177+0000][1][safepoint    ] Application time: 0.0001645 seconds
[2022-06-13T03:01:14.177+0000][1][safepoint    ] Entering safepoint region: RevokeBias
[2022-06-13T03:01:14.178+0000][1][safepoint    ] Leaving safepoint region
[2022-06-13T03:01:14.178+0000][1][safepoint    ] Total time for which application threads were stopped: 0.0007163 seconds, Stopping threads took: 0.0003640 seconds
[2022-06-13T03:01:14.236+0000][1][safepoint    ] Application time: 0.0579728 seconds
[2022-06-13T03:01:14.236+0000][1][safepoint    ] Entering safepoint region: RevokeBias
[2022-06-13T03:01:14.237+0000][1][safepoint    ] Leaving safepoint region
[2022-06-13T03:01:14.237+0000][1][safepoint    ] Total time for which application threads were stopped: 0.0002816 seconds, Stopping threads took: 0.0001304 seconds
[2022-06-13T03:01:14.237+0000][1][safepoint    ] Application time: 0.0001282 seconds
[2022-06-13T03:01:14.237+0000][1][safepoint    ] Entering safepoint region: RevokeBias
[2022-06-13T03:01:14.237+0000][1][safepoint    ] Leaving safepoint region
[2022-06-13T03:01:14.237+0000][1][safepoint    ] Total time for which application threads were stopped: 0.0002135 seconds, Stopping threads took: 0.0001002 seconds
[2022-06-13T03:01:14.241+0000][1][safepoint    ] Application time: 0.0041060 seconds
[2022-06-13T03:01:14.242+0000][1][safepoint    ] Entering safepoint region: RevokeBias
[2022-06-13T03:01:14.242+0000][1][safepoint    ] Leaving safepoint region
[2022-06-13T03:01:14.242+0000][1][safepoint    ] Total time for which application threads were stopped: 0.0003833 seconds, Stopping threads took: 0.0002071 seconds
[2022-06-13T03:01:14.243+0000][1][safepoint    ] Application time: 0.0011113 seconds
[2022-06-13T03:01:14.244+0000][1][safepoint    ] Entering safepoint region: RevokeBias
[2022-06-13T03:01:14.244+0000][1][safepoint    ] Leaving safepoint region
[2022-06-13T03:01:14.244+0000][1][safepoint    ] Total time for which application threads were stopped: 0.0005875 seconds, Stopping threads took: 0.0002400 seconds
[2022-06-13T03:01:14.251+0000][1][safepoint    ] Application time: 0.0065888 seconds
[2022-06-13T03:01:14.251+0000][1][safepoint    ] Entering safepoint region: RevokeBias
[2022-06-13T03:01:14.252+0000][1][safepoint    ] Leaving safepoint region
[2022-06-13T03:01:14.252+0000][1][safepoint    ] Total time for which application threads were stopped: 0.0003794 seconds, Stopping threads took: 0.0001863 seconds
[2022-06-13T03:01:14.252+0000][1][safepoint    ] Application time: 0.0000969 seconds
[2022-06-13T03:01:14.252+0000][1][safepoint    ] Entering safepoint region: RevokeBias
[2022-06-13T03:01:14.252+0000][1][safepoint    ] Leaving safepoint region
[2022-06-13T03:01:14.253+0000][1][safepoint    ] Total time for which application threads were stopped: 0.0004471 seconds, Stopping threads took: 0.0002117 seconds
[2022-06-13T03:01:14.258+0000][1][safepoint    ] Application time: 0.0050889 seconds
[2022-06-13T03:01:14.258+0000][1][safepoint    ] Entering safepoint region: RevokeBias
[2022-06-13T03:01:14.258+0000][1][safepoint    ] Leaving safepoint region
[2022-06-13T03:01:14.258+0000][1][safepoint    ] Total time for which application threads were stopped: 0.0002318 seconds, Stopping threads took: 0.0001134 seconds
[2022-06-13T03:01:14.261+0000][1][safepoint    ] Application time: 0.0018381 seconds
[2022-06-13T03:01:14.261+0000][1][safepoint    ] Entering safepoint region: RevokeBias
[2022-06-13T03:01:14.261+0000][1][safepoint    ] Leaving safepoint region
[2022-06-13T03:01:14.261+0000][1][safepoint    ] Total time for which application threads were stopped: 0.0004317 seconds, Stopping threads took: 0.0002405 seconds
[2022-06-13T03:01:14.262+0000][1][safepoint    ] Application time: 0.0001324 seconds
[2022-06-13T03:01:14.262+0000][1][safepoint    ] Entering safepoint region: RevokeBias
[2022-06-13T03:01:14.262+0000][1][safepoint    ] Leaving safepoint region
[2022-06-13T03:01:14.262+0000][1][safepoint    ] Total time for which application threads were stopped: 0.0003668 seconds, Stopping threads took: 0.0001351 seconds
[2022-06-13T03:01:14.262+0000][1][safepoint    ] Application time: 0.0000596 seconds
[2022-06-13T03:01:14.263+0000][1][safepoint    ] Entering safepoint region: RevokeBias
[2022-06-13T03:01:14.263+0000][1][safepoint    ] Leaving safepoint region
[2022-06-13T03:01:14.263+0000][1][safepoint    ] Total time for which application threads were stopped: 0.0003036 seconds, Stopping threads took: 0.0001681 seconds
[2022-06-13T03:01:14.263+0000][1][safepoint    ] Application time: 0.0001245 seconds
[2022-06-13T03:01:14.263+0000][1][safepoint    ] Entering safepoint region: RevokeBias
[2022-06-13T03:01:14.264+0000][1][safepoint    ] Leaving safepoint region
[2022-06-13T03:01:14.264+0000][1][safepoint    ] Total time for which application threads were stopped: 0.0005229 seconds, Stopping threads took: 0.0002282 seconds
[2022-06-13T03:01:14.264+0000][1][safepoint    ] Application time: 0.0001243 seconds
[2022-06-13T03:01:14.264+0000][1][safepoint    ] Entering safepoint region: RevokeBias
[2022-06-13T03:01:14.264+0000][1][safepoint    ] Leaving safepoint region
[2022-06-13T03:01:14.265+0000][1][safepoint    ] Total time for which application threads were stopped: 0.0002075 seconds, Stopping threads took: 0.0001040 seconds
[2022-06-13T03:01:14.265+0000][1][safepoint    ] Application time: 0.0000502 seconds
[2022-06-13T03:01:14.265+0000][1][safepoint    ] Entering safepoint region: RevokeBias
[2022-06-13T03:01:14.265+0000][1][safepoint    ] Leaving safepoint region
[2022-06-13T03:01:14.265+0000][1][safepoint    ] Total time for which application threads were stopped: 0.0001863 seconds, Stopping threads took: 0.0000833 seconds
[2022-06-13T03:01:14.265+0000][1][safepoint    ] Application time: 0.0000491 seconds
[2022-06-13T03:01:14.265+0000][1][safepoint    ] Entering safepoint region: RevokeBias
[2022-06-13T03:01:14.265+0000][1][safepoint    ] Leaving safepoint region
[2022-06-13T03:01:14.265+0000][1][safepoint    ] Total time for which application threads were stopped: 0.0001769 seconds, Stopping threads took: 0.0000839 seconds
[2022-06-13T03:01:14.265+0000][1][safepoint    ] Application time: 0.0000442 seconds
[2022-06-13T03:01:14.266+0000][1][safepoint    ] Entering safepoint region: RevokeBias
[2022-06-13T03:01:14.266+0000][1][safepoint    ] Leaving safepoint region
[2022-06-13T03:01:14.266+0000][1][safepoint    ] Total time for which application threads were stopped: 0.0001799 seconds, Stopping threads took: 0.0000845 seconds
[2022-06-13T03:01:14.285+0000][1][safepoint    ] Application time: 0.0192981 seconds
[2022-06-13T03:01:14.285+0000][1][safepoint    ] Entering safepoint region: RevokeBias
[2022-06-13T03:01:14.286+0000][1][safepoint    ] Leaving safepoint region
[2022-06-13T03:01:14.286+0000][1][safepoint    ] Total time for which application threads were stopped: 0.0007033 seconds, Stopping threads took: 0.0003507 seconds
[2022-06-13T03:01:14.349+0000][1][safepoint    ] Application time: 0.0623463 seconds
[2022-06-13T03:01:14.349+0000][1][safepoint    ] Entering safepoint region: RevokeBias
[2022-06-13T03:01:14.349+0000][1][safepoint    ] Leaving safepoint region
[2022-06-13T03:01:14.350+0000][1][safepoint    ] Total time for which application threads were stopped: 0.0005042 seconds, Stopping threads took: 0.0002914 seconds
[2022-06-13T03:01:14.351+0000][1][safepoint    ] Application time: 0.0015403 seconds
[2022-06-13T03:01:14.351+0000][1][safepoint    ] Entering safepoint region: RevokeBias
[2022-06-13T03:01:14.351+0000][1][safepoint    ] Leaving safepoint region
[2022-06-13T03:01:14.351+0000][1][safepoint    ] Total time for which application threads were stopped: 0.0002168 seconds, Stopping threads took: 0.0001021 seconds
[2022-06-13T03:01:14.353+0000][1][safepoint    ] Application time: 0.0018651 seconds
[2022-06-13T03:01:14.354+0000][1][safepoint    ] Entering safepoint region: RevokeBias
[2022-06-13T03:01:14.354+0000][1][safepoint    ] Leaving safepoint region
[2022-06-13T03:01:14.354+0000][1][safepoint    ] Total time for which application threads were stopped: 0.0002332 seconds, Stopping threads took: 0.0001188 seconds
[2022-06-13T03:01:14.355+0000][1][safepoint    ] Application time: 0.0013303 seconds
[2022-06-13T03:01:14.355+0000][1][safepoint    ] Entering safepoint region: RevokeBias
[2022-06-13T03:01:14.356+0000][1][safepoint    ] Leaving safepoint region
[2022-06-13T03:01:14.356+0000][1][safepoint    ] Total time for which application threads were stopped: 0.0002584 seconds, Stopping threads took: 0.0001287 seconds
[2022-06-13T03:01:14.356+0000][1][safepoint    ] Application time: 0.0000719 seconds
[2022-06-13T03:01:14.356+0000][1][safepoint    ] Entering safepoint region: RevokeBias
[2022-06-13T03:01:14.356+0000][1][safepoint    ] Leaving safepoint region
[2022-06-13T03:01:14.356+0000][1][safepoint    ] Total time for which application threads were stopped: 0.0002444 seconds, Stopping threads took: 0.0001003 seconds
[2022-06-13T03:01:14.357+0000][1][safepoint    ] Application time: 0.0006868 seconds
[2022-06-13T03:01:14.357+0000][1][safepoint    ] Entering safepoint region: RevokeBias
[2022-06-13T03:01:14.357+0000][1][safepoint    ] Leaving safepoint region
[2022-06-13T03:01:14.357+0000][1][safepoint    ] Total time for which application threads were stopped: 0.0002754 seconds, Stopping threads took: 0.0001448 seconds
[2022-06-13T03:01:14.358+0000][1][safepoint    ] Application time: 0.0001228 seconds
[2022-06-13T03:01:14.358+0000][1][safepoint    ] Entering safepoint region: RevokeBias
[2022-06-13T03:01:14.358+0000][1][safepoint    ] Leaving safepoint region
[2022-06-13T03:01:14.358+0000][1][safepoint    ] Total time for which application threads were stopped: 0.0002460 seconds, Stopping threads took: 0.0001313 seconds
[2022-06-13T03:01:14.358+0000][1][safepoint    ] Application time: 0.0000713 seconds
[2022-06-13T03:01:14.358+0000][1][safepoint    ] Entering safepoint region: RevokeBias
[2022-06-13T03:01:14.358+0000][1][safepoint    ] Leaving safepoint region
[2022-06-13T03:01:14.359+0000][1][safepoint    ] Total time for which application threads were stopped: 0.0002246 seconds, Stopping threads took: 0.0001083 seconds
[2022-06-13T03:01:14.364+0000][1][safepoint    ] Application time: 0.0053094 seconds
[2022-06-13T03:01:14.364+0000][1][safepoint    ] Entering safepoint region: RevokeBias
[2022-06-13T03:01:14.365+0000][1][safepoint    ] Leaving safepoint region
[2022-06-13T03:01:14.365+0000][1][safepoint    ] Total time for which application threads were stopped: 0.0005746 seconds, Stopping threads took: 0.0002743 seconds
[2022-06-13T03:01:14.365+0000][1][safepoint    ] Application time: 0.0002981 seconds
[2022-06-13T03:01:14.365+0000][1][safepoint    ] Entering safepoint region: RevokeBias
[2022-06-13T03:01:14.366+0000][1][safepoint    ] Leaving safepoint region
[2022-06-13T03:01:14.366+0000][1][safepoint    ] Total time for which application threads were stopped: 0.0006027 seconds, Stopping threads took: 0.0002964 seconds
[2022-06-13T03:01:14.367+0000][1][safepoint    ] Application time: 0.0001742 seconds
[2022-06-13T03:01:14.367+0000][1][safepoint    ] Entering safepoint region: RevokeBias
[2022-06-13T03:01:14.367+0000][1][safepoint    ] Leaving safepoint region
[2022-06-13T03:01:14.367+0000][1][safepoint    ] Total time for which application threads were stopped: 0.0006199 seconds, Stopping threads took: 0.0003205 seconds
[2022-06-13T03:01:14.368+0000][1][safepoint    ] Application time: 0.0001593 seconds
[2022-06-13T03:01:14.368+0000][1][safepoint    ] Entering safepoint region: RevokeBias
[2022-06-13T03:01:14.369+0000][1][safepoint    ] Leaving safepoint region
[2022-06-13T03:01:14.369+0000][1][safepoint    ] Total time for which application threads were stopped: 0.0008007 seconds, Stopping threads took: 0.0004913 seconds
[2022-06-13T03:01:14.369+0000][1][safepoint    ] Application time: 0.0004305 seconds
[2022-06-13T03:01:14.370+0000][1][safepoint    ] Entering safepoint region: RevokeBias
[2022-06-13T03:01:14.370+0000][1][safepoint    ] Leaving safepoint region
[2022-06-13T03:01:14.370+0000][1][safepoint    ] Total time for which application threads were stopped: 0.0006712 seconds, Stopping threads took: 0.0002891 seconds
[2022-06-13T03:01:14.371+0000][1][safepoint    ] Application time: 0.0001309 seconds
[2022-06-13T03:01:14.371+0000][1][safepoint    ] Entering safepoint region: RevokeBias
[2022-06-13T03:01:14.372+0000][1][safepoint    ] Leaving safepoint region
[2022-06-13T03:01:14.372+0000][1][safepoint    ] Total time for which application threads were stopped: 0.0007108 seconds, Stopping threads took: 0.0003201 seconds
[2022-06-13T03:01:14.372+0000][1][safepoint    ] Application time: 0.0001278 seconds
[2022-06-13T03:01:14.373+0000][1][safepoint    ] Entering safepoint region: RevokeBias
[2022-06-13T03:01:14.373+0000][1][safepoint    ] Leaving safepoint region
[2022-06-13T03:01:14.373+0000][1][safepoint    ] Total time for which application threads were stopped: 0.0008008 seconds, Stopping threads took: 0.0004442 seconds
[2022-06-13T03:01:14.374+0000][1][safepoint    ] Application time: 0.0002763 seconds
[2022-06-13T03:01:14.374+0000][1][safepoint    ] Entering safepoint region: RevokeBias
[2022-06-13T03:01:14.375+0000][1][safepoint    ] Leaving safepoint region
[2022-06-13T03:01:14.375+0000][1][safepoint    ] Total time for which application threads were stopped: 0.0005605 seconds, Stopping threads took: 0.0004196 seconds
[2022-06-13T03:01:14.377+0000][1][safepoint    ] Application time: 0.0024796 seconds
[2022-06-13T03:01:14.377+0000][1][safepoint    ] Entering safepoint region: RevokeBias
[2022-06-13T03:01:14.378+0000][1][safepoint    ] Leaving safepoint region
[2022-06-13T03:01:14.378+0000][1][safepoint    ] Total time for which application threads were stopped: 0.0005051 seconds, Stopping threads took: 0.0002545 seconds
[2022-06-13T03:01:14.381+0000][1][safepoint    ] Application time: 0.0028040 seconds
[2022-06-13T03:01:14.381+0000][1][safepoint    ] Entering safepoint region: RevokeBias
[2022-06-13T03:01:14.382+0000][1][safepoint    ] Leaving safepoint region
[2022-06-13T03:01:14.382+0000][1][safepoint    ] Total time for which application threads were stopped: 0.0008116 seconds, Stopping threads took: 0.0003541 seconds
[2022-06-13T03:01:14.383+0000][1][safepoint    ] Application time: 0.0001316 seconds
[2022-06-13T03:01:14.383+0000][1][safepoint    ] Entering safepoint region: RevokeBias
[2022-06-13T03:01:14.383+0000][1][safepoint    ] Leaving safepoint region
[2022-06-13T03:01:14.383+0000][1][safepoint    ] Total time for which application threads were stopped: 0.0004028 seconds, Stopping threads took: 0.0002114 seconds
[2022-06-13T03:01:14.383+0000][1][safepoint    ] Application time: 0.0001041 seconds
[2022-06-13T03:01:14.384+0000][1][safepoint    ] Entering safepoint region: RevokeBias
[2022-06-13T03:01:14.384+0000][1][safepoint    ] Leaving safepoint region
[2022-06-13T03:01:14.384+0000][1][safepoint    ] Total time for which application threads were stopped: 0.0005250 seconds, Stopping threads took: 0.0002591 seconds
[2022-06-13T03:01:14.385+0000][1][safepoint    ] Application time: 0.0003037 seconds
[2022-06-13T03:01:14.385+0000][1][safepoint    ] Entering safepoint region: RevokeBias
[2022-06-13T03:01:14.385+0000][1][safepoint    ] Leaving safepoint region
[2022-06-13T03:01:14.386+0000][1][safepoint    ] Total time for which application threads were stopped: 0.0006637 seconds, Stopping threads took: 0.0003491 seconds
[2022-06-13T03:01:14.386+0000][1][safepoint    ] Application time: 0.0001029 seconds
[2022-06-13T03:01:14.386+0000][1][safepoint    ] Entering safepoint region: RevokeBias
[2022-06-13T03:01:14.386+0000][1][safepoint    ] Leaving safepoint region
[2022-06-13T03:01:14.387+0000][1][safepoint    ] Total time for which application threads were stopped: 0.0004902 seconds, Stopping threads took: 0.0002390 seconds
[2022-06-13T03:01:14.402+0000][1][safepoint    ] Application time: 0.0152553 seconds
[2022-06-13T03:01:14.402+0000][1][safepoint    ] Entering safepoint region: RevokeBias
[2022-06-13T03:01:14.402+0000][1][safepoint    ] Leaving safepoint region
[2022-06-13T03:01:14.402+0000][1][safepoint    ] Total time for which application threads were stopped: 0.0003115 seconds, Stopping threads took: 0.0001592 seconds
[2022-06-13T03:01:14.409+0000][1][safepoint    ] Application time: 0.0062478 seconds
[2022-06-13T03:01:14.409+0000][1][safepoint    ] Entering safepoint region: RevokeBias
[2022-06-13T03:01:14.409+0000][1][safepoint    ] Leaving safepoint region
[2022-06-13T03:01:14.409+0000][1][safepoint    ] Total time for which application threads were stopped: 0.0002393 seconds, Stopping threads took: 0.0000971 seconds
[2022-06-13T03:01:14.409+0000][1][safepoint    ] Application time: 0.0002082 seconds
[2022-06-13T03:01:14.410+0000][1][safepoint    ] Entering safepoint region: RevokeBias
[2022-06-13T03:01:14.410+0000][1][safepoint    ] Leaving safepoint region
[2022-06-13T03:01:14.410+0000][1][safepoint    ] Total time for which application threads were stopped: 0.0002595 seconds, Stopping threads took: 0.0001168 seconds
[2022-06-13T03:01:14.410+0000][1][safepoint    ] Application time: 0.0000585 seconds
[2022-06-13T03:01:14.410+0000][1][safepoint    ] Entering safepoint region: RevokeBias
[2022-06-13T03:01:14.410+0000][1][safepoint    ] Leaving safepoint region
[2022-06-13T03:01:14.410+0000][1][safepoint    ] Total time for which application threads were stopped: 0.0002350 seconds, Stopping threads took: 0.0001081 seconds
[2022-06-13T03:01:14.411+0000][1][safepoint    ] Application time: 0.0001353 seconds
[2022-06-13T03:01:14.411+0000][1][safepoint    ] Entering safepoint region: RevokeBias
[2022-06-13T03:01:14.411+0000][1][safepoint    ] Leaving safepoint region
[2022-06-13T03:01:14.411+0000][1][safepoint    ] Total time for which application threads were stopped: 0.0002346 seconds, Stopping threads took: 0.0001129 seconds
[2022-06-13T03:01:14.412+0000][1][safepoint    ] Application time: 0.0008427 seconds
[2022-06-13T03:01:14.412+0000][1][safepoint    ] Entering safepoint region: RevokeBias
[2022-06-13T03:01:14.412+0000][1][safepoint    ] Leaving safepoint region
[2022-06-13T03:01:14.412+0000][1][safepoint    ] Total time for which application threads were stopped: 0.0001972 seconds, Stopping threads took: 0.0000969 seconds
[2022-06-13T03:01:14.413+0000][1][safepoint    ] Application time: 0.0002107 seconds
[2022-06-13T03:01:14.413+0000][1][safepoint    ] Entering safepoint region: RevokeBias
[2022-06-13T03:01:14.413+0000][1][safepoint    ] Leaving safepoint region
[2022-06-13T03:01:14.413+0000][1][safepoint    ] Total time for which application threads were stopped: 0.0002142 seconds, Stopping threads took: 0.0001153 seconds
[2022-06-13T03:01:14.416+0000][1][safepoint    ] Application time: 0.0033674 seconds
[2022-06-13T03:01:14.417+0000][1][safepoint    ] Entering safepoint region: RevokeBias
[2022-06-13T03:01:14.417+0000][1][safepoint    ] Leaving safepoint region
[2022-06-13T03:01:14.417+0000][1][safepoint    ] Total time for which application threads were stopped: 0.0002020 seconds, Stopping threads took: 0.0000967 seconds
[2022-06-13T03:01:14.417+0000][1][safepoint    ] Application time: 0.0000571 seconds
[2022-06-13T03:01:14.417+0000][1][safepoint    ] Entering safepoint region: RevokeBias
[2022-06-13T03:01:14.417+0000][1][safepoint    ] Leaving safepoint region
[2022-06-13T03:01:14.417+0000][1][safepoint    ] Total time for which application threads were stopped: 0.0002344 seconds, Stopping threads took: 0.0000907 seconds
[2022-06-13T03:01:14.434+0000][1][safepoint    ] Application time: 0.0167296 seconds
[2022-06-13T03:01:14.434+0000][1][safepoint    ] Entering safepoint region: RevokeBias
[2022-06-13T03:01:14.435+0000][1][safepoint    ] Leaving safepoint region
[2022-06-13T03:01:14.435+0000][1][safepoint    ] Total time for which application threads were stopped: 0.0005660 seconds, Stopping threads took: 0.0002722 seconds
[2022-06-13T03:01:14.444+0000][1][safepoint    ] Application time: 0.0088123 seconds
[2022-06-13T03:01:14.444+0000][1][safepoint    ] Entering safepoint region: Deoptimize
[2022-06-13T03:01:14.445+0000][1][safepoint    ] Leaving safepoint region
[2022-06-13T03:01:14.446+0000][1][safepoint    ] Total time for which application threads were stopped: 0.0011260 seconds, Stopping threads took: 0.0003572 seconds
[2022-06-13T03:01:14.472+0000][1][safepoint    ] Application time: 0.0257526 seconds
[2022-06-13T03:01:14.472+0000][1][safepoint    ] Entering safepoint region: RevokeBias
[2022-06-13T03:01:14.472+0000][1][safepoint    ] Leaving safepoint region
[2022-06-13T03:01:14.473+0000][1][safepoint    ] Total time for which application threads were stopped: 0.0006531 seconds, Stopping threads took: 0.0002121 seconds
[2022-06-13T03:01:14.473+0000][1][safepoint    ] Application time: 0.0002060 seconds
[2022-06-13T03:01:14.474+0000][1][safepoint    ] Entering safepoint region: RevokeBias
[2022-06-13T03:01:14.474+0000][1][safepoint    ] Leaving safepoint region
[2022-06-13T03:01:14.474+0000][1][safepoint    ] Total time for which application threads were stopped: 0.0006662 seconds, Stopping threads took: 0.0002692 seconds
[2022-06-13T03:01:14.480+0000][1][safepoint    ] Application time: 0.0057638 seconds
[2022-06-13T03:01:14.481+0000][1][safepoint    ] Entering safepoint region: RevokeBias
[2022-06-13T03:01:14.481+0000][1][safepoint    ] Leaving safepoint region
[2022-06-13T03:01:14.481+0000][1][safepoint    ] Total time for which application threads were stopped: 0.0007444 seconds, Stopping threads took: 0.0004084 seconds
[2022-06-13T03:01:14.482+0000][1][safepoint    ] Application time: 0.0001657 seconds
[2022-06-13T03:01:14.482+0000][1][safepoint    ] Entering safepoint region: RevokeBias
[2022-06-13T03:01:14.483+0000][1][safepoint    ] Leaving safepoint region
[2022-06-13T03:01:14.483+0000][1][safepoint    ] Total time for which application threads were stopped: 0.0007633 seconds, Stopping threads took: 0.0003278 seconds
[2022-06-13T03:01:14.484+0000][1][safepoint    ] Application time: 0.0001987 seconds
[2022-06-13T03:01:14.484+0000][1][safepoint    ] Entering safepoint region: RevokeBias
[2022-06-13T03:01:14.484+0000][1][safepoint    ] Leaving safepoint region
[2022-06-13T03:01:14.485+0000][1][safepoint    ] Total time for which application threads were stopped: 0.0007796 seconds, Stopping threads took: 0.0003559 seconds
[2022-06-13T03:01:14.486+0000][1][safepoint    ] Application time: 0.0004173 seconds
[2022-06-13T03:01:14.486+0000][1][safepoint    ] Entering safepoint region: RevokeBias
[2022-06-13T03:01:14.486+0000][1][safepoint    ] Leaving safepoint region
[2022-06-13T03:01:14.487+0000][1][safepoint    ] Total time for which application threads were stopped: 0.0006674 seconds, Stopping threads took: 0.0003519 seconds
[2022-06-13T03:01:14.495+0000][1][safepoint    ] Application time: 0.0075652 seconds
[2022-06-13T03:01:14.495+0000][1][safepoint    ] Entering safepoint region: RevokeBias
[2022-06-13T03:01:14.495+0000][1][safepoint    ] Leaving safepoint region
[2022-06-13T03:01:14.495+0000][1][safepoint    ] Total time for which application threads were stopped: 0.0005956 seconds, Stopping threads took: 0.0002218 seconds
[2022-06-13T03:01:14.496+0000][1][safepoint    ] Application time: 0.0002410 seconds
[2022-06-13T03:01:14.496+0000][1][safepoint    ] Entering safepoint region: RevokeBias
[2022-06-13T03:01:14.497+0000][1][safepoint    ] Leaving safepoint region
[2022-06-13T03:01:14.497+0000][1][safepoint    ] Total time for which application threads were stopped: 0.0005587 seconds, Stopping threads took: 0.0003282 seconds
[2022-06-13T03:01:14.498+0000][1][safepoint    ] Application time: 0.0004052 seconds
[2022-06-13T03:01:14.498+0000][1][safepoint    ] Entering safepoint region: RevokeBias
[2022-06-13T03:01:14.498+0000][1][safepoint    ] Leaving safepoint region
[2022-06-13T03:01:14.498+0000][1][safepoint    ] Total time for which application threads were stopped: 0.0003265 seconds, Stopping threads took: 0.0001850 seconds
[2022-06-13T03:01:14.499+0000][1][safepoint    ] Application time: 0.0008025 seconds
[2022-06-13T03:01:14.499+0000][1][safepoint    ] Entering safepoint region: RevokeBias
[2022-06-13T03:01:14.500+0000][1][safepoint    ] Leaving safepoint region
[2022-06-13T03:01:14.500+0000][1][safepoint    ] Total time for which application threads were stopped: 0.0004138 seconds, Stopping threads took: 0.0002936 seconds
[2022-06-13T03:01:14.501+0000][1][safepoint    ] Application time: 0.0011293 seconds
[2022-06-13T03:01:14.501+0000][1][safepoint    ] Entering safepoint region: BulkRevokeBias
[2022-06-13T03:01:14.501+0000][1][safepoint    ] Leaving safepoint region
[2022-06-13T03:01:14.501+0000][1][safepoint    ] Total time for which application threads were stopped: 0.0003044 seconds, Stopping threads took: 0.0000969 seconds
[2022-06-13T03:01:14.502+0000][1][safepoint    ] Application time: 0.0001963 seconds
[2022-06-13T03:01:14.502+0000][1][safepoint    ] Entering safepoint region: RevokeBias
[2022-06-13T03:01:14.502+0000][1][safepoint    ] Leaving safepoint region
[2022-06-13T03:01:14.502+0000][1][safepoint    ] Total time for which application threads were stopped: 0.0003815 seconds, Stopping threads took: 0.0001214 seconds
[2022-06-13T03:01:14.502+0000][1][safepoint    ] Application time: 0.0001163 seconds
[2022-06-13T03:01:14.503+0000][1][safepoint    ] Entering safepoint region: RevokeBias
[2022-06-13T03:01:14.503+0000][1][safepoint    ] Leaving safepoint region
[2022-06-13T03:01:14.503+0000][1][safepoint    ] Total time for which application threads were stopped: 0.0002511 seconds, Stopping threads took: 0.0001279 seconds
[2022-06-13T03:01:14.503+0000][1][safepoint    ] Application time: 0.0000506 seconds
[2022-06-13T03:01:14.503+0000][1][safepoint    ] Entering safepoint region: RevokeBias
[2022-06-13T03:01:14.503+0000][1][safepoint    ] Leaving safepoint region
[2022-06-13T03:01:14.503+0000][1][safepoint    ] Total time for which application threads were stopped: 0.0001752 seconds, Stopping threads took: 0.0000819 seconds
[2022-06-13T03:01:14.504+0000][1][safepoint    ] Application time: 0.0002131 seconds
[2022-06-13T03:01:14.504+0000][1][safepoint    ] Entering safepoint region: RevokeBias
[2022-06-13T03:01:14.504+0000][1][safepoint    ] Leaving safepoint region
[2022-06-13T03:01:14.504+0000][1][safepoint    ] Total time for which application threads were stopped: 0.0002029 seconds, Stopping threads took: 0.0000910 seconds
[2022-06-13T03:01:14.507+0000][1][safepoint    ] Application time: 0.0028582 seconds
[2022-06-13T03:01:14.507+0000][1][safepoint    ] Entering safepoint region: RevokeBias
[2022-06-13T03:01:14.507+0000][1][safepoint    ] Leaving safepoint region
[2022-06-13T03:01:14.507+0000][1][safepoint    ] Total time for which application threads were stopped: 0.0002066 seconds, Stopping threads took: 0.0001000 seconds
[2022-06-13T03:01:14.520+0000][1][safepoint    ] Application time: 0.0123005 seconds
[2022-06-13T03:01:14.520+0000][1][safepoint    ] Entering safepoint region: RevokeBias
[2022-06-13T03:01:14.520+0000][1][safepoint    ] Leaving safepoint region
[2022-06-13T03:01:14.520+0000][1][safepoint    ] Total time for which application threads were stopped: 0.0004435 seconds, Stopping threads took: 0.0002184 seconds
[2022-06-13T03:01:14.521+0000][1][safepoint    ] Application time: 0.0003247 seconds
[2022-06-13T03:01:14.521+0000][1][safepoint    ] Entering safepoint region: RevokeBias
[2022-06-13T03:01:14.521+0000][1][safepoint    ] Leaving safepoint region
[2022-06-13T03:01:14.522+0000][1][safepoint    ] Total time for which application threads were stopped: 0.0003978 seconds, Stopping threads took: 0.0002014 seconds
[2022-06-13T03:01:14.527+0000][1][safepoint    ] Application time: 0.0054245 seconds
[2022-06-13T03:01:14.528+0000][1][safepoint    ] Entering safepoint region: RevokeBias
[2022-06-13T03:01:14.528+0000][1][safepoint    ] Leaving safepoint region
[2022-06-13T03:01:14.528+0000][1][safepoint    ] Total time for which application threads were stopped: 0.0004015 seconds, Stopping threads took: 0.0002157 seconds
[2022-06-13T03:01:14.528+0000][1][safepoint    ] Application time: 0.0001656 seconds
[2022-06-13T03:01:14.529+0000][1][safepoint    ] Entering safepoint region: RevokeBias
[2022-06-13T03:01:14.529+0000][1][safepoint    ] Leaving safepoint region
[2022-06-13T03:01:14.529+0000][1][safepoint    ] Total time for which application threads were stopped: 0.0004803 seconds, Stopping threads took: 0.0003468 seconds
[2022-06-13T03:01:14.530+0000][1][safepoint    ] Application time: 0.0001266 seconds
[2022-06-13T03:01:14.530+0000][1][safepoint    ] Entering safepoint region: RevokeBias
[2022-06-13T03:01:14.530+0000][1][safepoint    ] Leaving safepoint region
[2022-06-13T03:01:14.530+0000][1][safepoint    ] Total time for which application threads were stopped: 0.0004882 seconds, Stopping threads took: 0.0002617 seconds
[2022-06-13T03:01:14.531+0000][1][safepoint    ] Application time: 0.0005957 seconds
[2022-06-13T03:01:14.531+0000][1][safepoint    ] Entering safepoint region: RevokeBias
[2022-06-13T03:01:14.531+0000][1][safepoint    ] Leaving safepoint region
[2022-06-13T03:01:14.532+0000][1][safepoint    ] Total time for which application threads were stopped: 0.0002012 seconds, Stopping threads took: 0.0000962 seconds
[2022-06-13T03:01:14.533+0000][1][safepoint    ] Application time: 0.0011634 seconds
[2022-06-13T03:01:14.533+0000][1][safepoint    ] Entering safepoint region: RevokeBias
[2022-06-13T03:01:14.533+0000][1][safepoint    ] Leaving safepoint region
[2022-06-13T03:01:14.533+0000][1][safepoint    ] Total time for which application threads were stopped: 0.0002521 seconds, Stopping threads took: 0.0001321 seconds
[2022-06-13T03:01:14.845+0000][1][safepoint    ] Application time: 0.3117634 seconds
[2022-06-13T03:01:14.846+0000][1][safepoint    ] Entering safepoint region: RevokeBias
[2022-06-13T03:01:14.846+0000][1][safepoint    ] Leaving safepoint region
[2022-06-13T03:01:14.846+0000][1][safepoint    ] Total time for which application threads were stopped: 0.0007564 seconds, Stopping threads took: 0.0003540 seconds
[2022-06-13T03:01:14.945+0000][1][safepoint    ] Application time: 0.0979148 seconds
[2022-06-13T03:01:14.945+0000][1][safepoint    ] Entering safepoint region: RevokeBias
[2022-06-13T03:01:14.945+0000][1][safepoint    ] Leaving safepoint region
[2022-06-13T03:01:14.946+0000][1][safepoint    ] Total time for which application threads were stopped: 0.0006891 seconds, Stopping threads took: 0.0004374 seconds
[2022-06-13T03:01:14.946+0000][1][safepoint    ] Application time: 0.0002343 seconds
[2022-06-13T03:01:14.946+0000][1][safepoint    ] Entering safepoint region: RevokeBias
[2022-06-13T03:01:14.947+0000][1][safepoint    ] Leaving safepoint region
[2022-06-13T03:01:14.947+0000][1][safepoint    ] Total time for which application threads were stopped: 0.0003578 seconds, Stopping threads took: 0.0001683 seconds
[2022-06-13T03:01:14.947+0000][1][safepoint    ] Application time: 0.0001466 seconds
[2022-06-13T03:01:14.947+0000][1][safepoint    ] Entering safepoint region: RevokeBias
[2022-06-13T03:01:14.947+0000][1][safepoint    ] Leaving safepoint region
[2022-06-13T03:01:14.948+0000][1][safepoint    ] Total time for which application threads were stopped: 0.0003901 seconds, Stopping threads took: 0.0002160 seconds
[2022-06-13T03:01:14.948+0000][1][safepoint    ] Application time: 0.0001752 seconds
[2022-06-13T03:01:14.948+0000][1][safepoint    ] Entering safepoint region: RevokeBias
[2022-06-13T03:01:14.948+0000][1][safepoint    ] Leaving safepoint region
[2022-06-13T03:01:14.949+0000][1][safepoint    ] Total time for which application threads were stopped: 0.0004207 seconds, Stopping threads took: 0.0002610 seconds
[2022-06-13T03:01:14.949+0000][1][safepoint    ] Application time: 0.0001687 seconds
[2022-06-13T03:01:14.949+0000][1][safepoint    ] Entering safepoint region: RevokeBias
[2022-06-13T03:01:14.950+0000][1][safepoint    ] Leaving safepoint region
[2022-06-13T03:01:14.950+0000][1][safepoint    ] Total time for which application threads were stopped: 0.0006360 seconds, Stopping threads took: 0.0004119 seconds
[2022-06-13T03:01:14.950+0000][1][safepoint    ] Application time: 0.0001605 seconds
[2022-06-13T03:01:14.950+0000][1][safepoint    ] Entering safepoint region: RevokeBias
[2022-06-13T03:01:14.950+0000][1][safepoint    ] Leaving safepoint region
[2022-06-13T03:01:14.951+0000][1][safepoint    ] Total time for which application threads were stopped: 0.0004568 seconds, Stopping threads took: 0.0002205 seconds
[2022-06-13T03:01:14.951+0000][1][safepoint    ] Application time: 0.0001413 seconds
[2022-06-13T03:01:14.951+0000][1][safepoint    ] Entering safepoint region: RevokeBias
[2022-06-13T03:01:14.951+0000][1][safepoint    ] Leaving safepoint region
[2022-06-13T03:01:14.952+0000][1][safepoint    ] Total time for which application threads were stopped: 0.0004409 seconds, Stopping threads took: 0.0002697 seconds
[2022-06-13T03:01:14.952+0000][1][safepoint    ] Application time: 0.0001677 seconds
[2022-06-13T03:01:14.952+0000][1][safepoint    ] Entering safepoint region: RevokeBias
[2022-06-13T03:01:14.952+0000][1][safepoint    ] Leaving safepoint region
[2022-06-13T03:01:14.953+0000][1][safepoint    ] Total time for which application threads were stopped: 0.0004371 seconds, Stopping threads took: 0.0002773 seconds
[2022-06-13T03:01:15.953+0000][1][safepoint    ] Application time: 1.0002649 seconds
[2022-06-13T03:01:15.954+0000][1][safepoint    ] Entering safepoint region: Cleanup
[2022-06-13T03:01:15.954+0000][1][safepoint    ] Leaving safepoint region
[2022-06-13T03:01:15.955+0000][1][safepoint    ] Total time for which application threads were stopped: 0.0009860 seconds, Stopping threads took: 0.0004820 seconds
[2022-06-13T03:01:16.955+0000][1][safepoint    ] Application time: 1.0002480 seconds
[2022-06-13T03:01:16.956+0000][1][safepoint    ] Entering safepoint region: Cleanup
[2022-06-13T03:01:16.956+0000][1][safepoint    ] Leaving safepoint region
[2022-06-13T03:01:16.957+0000][1][safepoint    ] Total time for which application threads were stopped: 0.0005873 seconds, Stopping threads took: 0.0003042 seconds
[2022-06-13T03:01:17.957+0000][1][safepoint    ] Application time: 1.0002658 seconds
[2022-06-13T03:01:17.958+0000][1][safepoint    ] Entering safepoint region: Cleanup
[2022-06-13T03:01:17.958+0000][1][safepoint    ] Leaving safepoint region
[2022-06-13T03:01:17.959+0000][1][safepoint    ] Total time for which application threads were stopped: 0.0011975 seconds, Stopping threads took: 0.0006592 seconds
[2022-06-13T03:01:18.960+0000][1][safepoint    ] Application time: 1.0003189 seconds
[2022-06-13T03:01:18.960+0000][1][safepoint    ] Entering safepoint region: Cleanup
[2022-06-13T03:01:18.960+0000][1][safepoint    ] Leaving safepoint region
[2022-06-13T03:01:18.960+0000][1][safepoint    ] Total time for which application threads were stopped: 0.0003747 seconds, Stopping threads took: 0.0001460 seconds
[2022-06-13T03:01:19.961+0000][1][safepoint    ] Application time: 1.0001458 seconds
[2022-06-13T03:01:19.961+0000][1][safepoint    ] Entering safepoint region: Cleanup
[2022-06-13T03:01:19.962+0000][1][safepoint    ] Leaving safepoint region
[2022-06-13T03:01:19.962+0000][1][safepoint    ] Total time for which application threads were stopped: 0.0007480 seconds, Stopping threads took: 0.0003972 seconds
[2022-06-13T03:01:20.963+0000][1][safepoint    ] Application time: 1.0002507 seconds
[2022-06-13T03:01:20.963+0000][1][safepoint    ] Entering safepoint region: Cleanup
[2022-06-13T03:01:20.964+0000][1][safepoint    ] Leaving safepoint region
[2022-06-13T03:01:20.964+0000][1][safepoint    ] Total time for which application threads were stopped: 0.0008549 seconds, Stopping threads took: 0.0004876 seconds
[2022-06-13T03:01:21.965+0000][1][safepoint    ] Application time: 1.0001986 seconds
[2022-06-13T03:01:21.965+0000][1][safepoint    ] Entering safepoint region: Cleanup
[2022-06-13T03:01:21.966+0000][1][safepoint    ] Leaving safepoint region
[2022-06-13T03:01:21.966+0000][1][safepoint    ] Total time for which application threads were stopped: 0.0009817 seconds, Stopping threads took: 0.0005763 seconds
[2022-06-13T03:01:22.104+0000][1][safepoint    ] Application time: 0.1374171 seconds
[2022-06-13T03:01:22.104+0000][1][safepoint    ] Entering safepoint region: RevokeBias
[2022-06-13T03:01:22.105+0000][1][safepoint    ] Leaving safepoint region
[2022-06-13T03:01:22.105+0000][1][safepoint    ] Total time for which application threads were stopped: 0.0005374 seconds, Stopping threads took: 0.0002771 seconds
[2022-06-13T03:01:22.105+0000][1][safepoint    ] Application time: 0.0002399 seconds
[2022-06-13T03:01:22.105+0000][1][safepoint    ] Entering safepoint region: RevokeBias
[2022-06-13T03:01:22.106+0000][1][safepoint    ] Leaving safepoint region
[2022-06-13T03:01:22.106+0000][1][safepoint    ] Total time for which application threads were stopped: 0.0005513 seconds, Stopping threads took: 0.0002152 seconds
[2022-06-13T03:01:22.106+0000][1][safepoint    ] Application time: 0.0001235 seconds
[2022-06-13T03:01:22.106+0000][1][safepoint    ] Entering safepoint region: RevokeBias
[2022-06-13T03:01:22.107+0000][1][safepoint    ] Leaving safepoint region
[2022-06-13T03:01:22.107+0000][1][safepoint    ] Total time for which application threads were stopped: 0.0002496 seconds, Stopping threads took: 0.0001200 seconds
[2022-06-13T03:01:22.107+0000][1][safepoint    ] Application time: 0.0002917 seconds
[2022-06-13T03:01:22.107+0000][1][safepoint    ] Entering safepoint region: RevokeBias
[2022-06-13T03:01:22.107+0000][1][safepoint    ] Leaving safepoint region
[2022-06-13T03:01:22.108+0000][1][safepoint    ] Total time for which application threads were stopped: 0.0003669 seconds, Stopping threads took: 0.0002323 seconds
[2022-06-13T03:01:22.108+0000][1][safepoint    ] Application time: 0.0004577 seconds
[2022-06-13T03:01:22.108+0000][1][safepoint    ] Entering safepoint region: RevokeBias
[2022-06-13T03:01:22.108+0000][1][safepoint    ] Leaving safepoint region
[2022-06-13T03:01:22.109+0000][1][safepoint    ] Total time for which application threads were stopped: 0.0003787 seconds, Stopping threads took: 0.0001948 seconds
[2022-06-13T03:01:22.109+0000][1][safepoint    ] Application time: 0.0003946 seconds
[2022-06-13T03:01:22.109+0000][1][safepoint    ] Entering safepoint region: RevokeBias
[2022-06-13T03:01:22.110+0000][1][safepoint    ] Leaving safepoint region
[2022-06-13T03:01:22.110+0000][1][safepoint    ] Total time for which application threads were stopped: 0.0005335 seconds, Stopping threads took: 0.0003254 seconds
[2022-06-13T03:01:22.110+0000][1][safepoint    ] Application time: 0.0001998 seconds
[2022-06-13T03:01:22.111+0000][1][safepoint    ] Entering safepoint region: RevokeBias
[2022-06-13T03:01:22.111+0000][1][safepoint    ] Leaving safepoint region
[2022-06-13T03:01:22.111+0000][1][safepoint    ] Total time for which application threads were stopped: 0.0004522 seconds, Stopping threads took: 0.0002454 seconds
[2022-06-13T03:01:22.111+0000][1][safepoint    ] Application time: 0.0001116 seconds
[2022-06-13T03:01:22.112+0000][1][safepoint    ] Entering safepoint region: RevokeBias
[2022-06-13T03:01:22.112+0000][1][safepoint    ] Leaving safepoint region
[2022-06-13T03:01:22.112+0000][1][safepoint    ] Total time for which application threads were stopped: 0.0003176 seconds, Stopping threads took: 0.0001485 seconds
[2022-06-13T03:01:22.115+0000][1][safepoint    ] Application time: 0.0029325 seconds
[2022-06-13T03:01:22.115+0000][1][safepoint    ] Entering safepoint region: RevokeBias
[2022-06-13T03:01:22.116+0000][1][safepoint    ] Leaving safepoint region
[2022-06-13T03:01:22.116+0000][1][safepoint    ] Total time for which application threads were stopped: 0.0007434 seconds, Stopping threads took: 0.0003902 seconds
[2022-06-13T03:01:22.116+0000][1][safepoint    ] Application time: 0.0001152 seconds
[2022-06-13T03:01:22.117+0000][1][safepoint    ] Entering safepoint region: RevokeBias
[2022-06-13T03:01:22.117+0000][1][safepoint    ] Leaving safepoint region
[2022-06-13T03:01:22.117+0000][1][safepoint    ] Total time for which application threads were stopped: 0.0006439 seconds, Stopping threads took: 0.0003345 seconds
[2022-06-13T03:01:22.119+0000][1][safepoint    ] Application time: 0.0011611 seconds
[2022-06-13T03:01:22.119+0000][1][safepoint    ] Entering safepoint region: RevokeBias
[2022-06-13T03:01:22.119+0000][1][safepoint    ] Leaving safepoint region
[2022-06-13T03:01:22.119+0000][1][safepoint    ] Total time for which application threads were stopped: 0.0004082 seconds, Stopping threads took: 0.0002315 seconds
[2022-06-13T03:01:22.119+0000][1][safepoint    ] Application time: 0.0000904 seconds
[2022-06-13T03:01:22.120+0000][1][safepoint    ] Entering safepoint region: RevokeBias
[2022-06-13T03:01:22.120+0000][1][safepoint    ] Leaving safepoint region
[2022-06-13T03:01:22.120+0000][1][safepoint    ] Total time for which application threads were stopped: 0.0002877 seconds, Stopping threads took: 0.0001530 seconds
[2022-06-13T03:01:22.128+0000][1][safepoint    ] Application time: 0.0084146 seconds
[2022-06-13T03:01:22.129+0000][1][safepoint    ] Entering safepoint region: BulkRevokeBias
[2022-06-13T03:01:22.129+0000][1][safepoint    ] Leaving safepoint region
[2022-06-13T03:01:22.129+0000][1][safepoint    ] Total time for which application threads were stopped: 0.0006627 seconds, Stopping threads took: 0.0001971 seconds
[2022-06-13T03:01:22.130+0000][1][safepoint    ] Application time: 0.0001188 seconds
[2022-06-13T03:01:22.130+0000][1][safepoint    ] Entering safepoint region: RevokeBias
[2022-06-13T03:01:22.130+0000][1][safepoint    ] Leaving safepoint region
[2022-06-13T03:01:22.130+0000][1][safepoint    ] Total time for which application threads were stopped: 0.0007273 seconds, Stopping threads took: 0.0004051 seconds
[2022-06-13T03:01:22.150+0000][1][safepoint    ] Application time: 0.0188725 seconds
[2022-06-13T03:01:22.150+0000][1][safepoint    ] Entering safepoint region: Deoptimize
[2022-06-13T03:01:22.151+0000][1][safepoint    ] Leaving safepoint region
[2022-06-13T03:01:22.151+0000][1][safepoint    ] Total time for which application threads were stopped: 0.0010658 seconds, Stopping threads took: 0.0002020 seconds
[2022-06-13T03:01:22.158+0000][1][safepoint    ] Application time: 0.0062830 seconds
[2022-06-13T03:01:22.158+0000][1][safepoint    ] Entering safepoint region: BulkRevokeBias
[2022-06-13T03:01:22.159+0000][1][safepoint    ] Leaving safepoint region
[2022-06-13T03:01:22.159+0000][1][safepoint    ] Total time for which application threads were stopped: 0.0009476 seconds, Stopping threads took: 0.0003021 seconds
[2022-06-13T03:01:22.161+0000][1][safepoint    ] Application time: 0.0015857 seconds
[2022-06-13T03:01:22.161+0000][1][safepoint    ] Entering safepoint region: RevokeBias
[2022-06-13T03:01:22.161+0000][1][safepoint    ] Leaving safepoint region
[2022-06-13T03:01:22.162+0000][1][safepoint    ] Total time for which application threads were stopped: 0.0006554 seconds, Stopping threads took: 0.0003812 seconds
[2022-06-13T03:01:22.164+0000][1][safepoint    ] Application time: 0.0023956 seconds
[2022-06-13T03:01:22.165+0000][1][safepoint    ] Entering safepoint region: RevokeBias
[2022-06-13T03:01:22.165+0000][1][safepoint    ] Leaving safepoint region
[2022-06-13T03:01:22.165+0000][1][safepoint    ] Total time for which application threads were stopped: 0.0006382 seconds, Stopping threads took: 0.0004161 seconds
[2022-06-13T03:01:22.175+0000][1][safepoint    ] Application time: 0.0092266 seconds
[2022-06-13T03:01:22.175+0000][1][safepoint    ] Entering safepoint region: RevokeBias
[2022-06-13T03:01:22.175+0000][1][safepoint    ] Leaving safepoint region
[2022-06-13T03:01:22.175+0000][1][safepoint    ] Total time for which application threads were stopped: 0.0003862 seconds, Stopping threads took: 0.0001838 seconds
[2022-06-13T03:01:22.176+0000][1][safepoint    ] Application time: 0.0003454 seconds
[2022-06-13T03:01:22.176+0000][1][safepoint    ] Entering safepoint region: RevokeBias
[2022-06-13T03:01:22.176+0000][1][safepoint    ] Leaving safepoint region
[2022-06-13T03:01:22.176+0000][1][safepoint    ] Total time for which application threads were stopped: 0.0003144 seconds, Stopping threads took: 0.0001264 seconds
[2022-06-13T03:01:22.177+0000][1][safepoint    ] Application time: 0.0001025 seconds
[2022-06-13T03:01:22.177+0000][1][safepoint    ] Entering safepoint region: RevokeBias
[2022-06-13T03:01:22.177+0000][1][safepoint    ] Leaving safepoint region
[2022-06-13T03:01:22.177+0000][1][safepoint    ] Total time for which application threads were stopped: 0.0006157 seconds, Stopping threads took: 0.0002530 seconds
[2022-06-13T03:01:22.178+0000][1][safepoint    ] Application time: 0.0001358 seconds
[2022-06-13T03:01:22.178+0000][1][safepoint    ] Entering safepoint region: RevokeBias
[2022-06-13T03:01:22.178+0000][1][safepoint    ] Leaving safepoint region
[2022-06-13T03:01:22.179+0000][1][safepoint    ] Total time for which application threads were stopped: 0.0006062 seconds, Stopping threads took: 0.0003635 seconds
[2022-06-13T03:01:22.179+0000][1][safepoint    ] Application time: 0.0001310 seconds
[2022-06-13T03:01:22.179+0000][1][safepoint    ] Entering safepoint region: RevokeBias
[2022-06-13T03:01:22.179+0000][1][safepoint    ] Leaving safepoint region
[2022-06-13T03:01:22.179+0000][1][safepoint    ] Total time for which application threads were stopped: 0.0003649 seconds, Stopping threads took: 0.0001871 seconds
[2022-06-13T03:01:22.180+0000][1][safepoint    ] Application time: 0.0001352 seconds
[2022-06-13T03:01:22.180+0000][1][safepoint    ] Entering safepoint region: RevokeBias
[2022-06-13T03:01:22.180+0000][1][safepoint    ] Leaving safepoint region
[2022-06-13T03:01:22.180+0000][1][safepoint    ] Total time for which application threads were stopped: 0.0005117 seconds, Stopping threads took: 0.0003083 seconds
[2022-06-13T03:01:22.181+0000][1][safepoint    ] Application time: 0.0001442 seconds
[2022-06-13T03:01:22.181+0000][1][safepoint    ] Entering safepoint region: RevokeBias
[2022-06-13T03:01:22.181+0000][1][safepoint    ] Leaving safepoint region
[2022-06-13T03:01:22.181+0000][1][safepoint    ] Total time for which application threads were stopped: 0.0003873 seconds, Stopping threads took: 0.0001885 seconds
[2022-06-13T03:01:22.183+0000][1][safepoint    ] Application time: 0.0019807 seconds
[2022-06-13T03:01:22.184+0000][1][safepoint    ] Entering safepoint region: RevokeBias
[2022-06-13T03:01:22.184+0000][1][safepoint    ] Leaving safepoint region
[2022-06-13T03:01:22.184+0000][1][safepoint    ] Total time for which application threads were stopped: 0.0005285 seconds, Stopping threads took: 0.0003045 seconds
[2022-06-13T03:01:22.185+0000][1][safepoint    ] Application time: 0.0002826 seconds
[2022-06-13T03:01:22.185+0000][1][safepoint    ] Entering safepoint region: RevokeBias
[2022-06-13T03:01:22.185+0000][1][safepoint    ] Leaving safepoint region
[2022-06-13T03:01:22.186+0000][1][safepoint    ] Total time for which application threads were stopped: 0.0007990 seconds, Stopping threads took: 0.0004665 seconds
[2022-06-13T03:01:22.186+0000][1][safepoint    ] Application time: 0.0001057 seconds
[2022-06-13T03:01:22.186+0000][1][safepoint    ] Entering safepoint region: RevokeBias
[2022-06-13T03:01:22.187+0000][1][safepoint    ] Leaving safepoint region
[2022-06-13T03:01:22.187+0000][1][safepoint    ] Total time for which application threads were stopped: 0.0005645 seconds, Stopping threads took: 0.0003305 seconds
[2022-06-13T03:01:22.190+0000][1][safepoint    ] Application time: 0.0029629 seconds
[2022-06-13T03:01:22.191+0000][1][safepoint    ] Entering safepoint region: RevokeBias
[2022-06-13T03:01:22.191+0000][1][safepoint    ] Leaving safepoint region
[2022-06-13T03:01:22.191+0000][1][safepoint    ] Total time for which application threads were stopped: 0.0005571 seconds, Stopping threads took: 0.0002999 seconds
[2022-06-13T03:01:22.198+0000][1][safepoint    ] Application time: 0.0068884 seconds
[2022-06-13T03:01:22.198+0000][1][safepoint    ] Entering safepoint region: Deoptimize
[2022-06-13T03:01:22.199+0000][1][safepoint    ] Leaving safepoint region
[2022-06-13T03:01:22.199+0000][1][safepoint    ] Total time for which application threads were stopped: 0.0011466 seconds, Stopping threads took: 0.0003540 seconds
[2022-06-13T03:01:22.206+0000][1][safepoint    ] Application time: 0.0061694 seconds
[2022-06-13T03:01:22.206+0000][1][safepoint    ] Entering safepoint region: Deoptimize
[2022-06-13T03:01:22.207+0000][1][safepoint    ] Leaving safepoint region
[2022-06-13T03:01:22.207+0000][1][safepoint    ] Total time for which application threads were stopped: 0.0009535 seconds, Stopping threads took: 0.0001700 seconds
[2022-06-13T03:01:22.209+0000][1][safepoint    ] Application time: 0.0020643 seconds
[2022-06-13T03:01:22.210+0000][1][safepoint    ] Entering safepoint region: RevokeBias
[2022-06-13T03:01:22.210+0000][1][safepoint    ] Leaving safepoint region
[2022-06-13T03:01:22.210+0000][1][safepoint    ] Total time for which application threads were stopped: 0.0004038 seconds, Stopping threads took: 0.0002317 seconds
[2022-06-13T03:01:22.216+0000][1][safepoint    ] Application time: 0.0057731 seconds
[2022-06-13T03:01:22.216+0000][1][safepoint    ] Entering safepoint region: RevokeBias
[2022-06-13T03:01:22.216+0000][1][safepoint    ] Leaving safepoint region
[2022-06-13T03:01:22.217+0000][1][safepoint    ] Total time for which application threads were stopped: 0.0004041 seconds, Stopping threads took: 0.0002016 seconds
[2022-06-13T03:01:22.221+0000][1][safepoint    ] Application time: 0.0039807 seconds
[2022-06-13T03:01:22.221+0000][1][safepoint    ] Entering safepoint region: RevokeBias
[2022-06-13T03:01:22.221+0000][1][safepoint    ] Leaving safepoint region
[2022-06-13T03:01:22.221+0000][1][safepoint    ] Total time for which application threads were stopped: 0.0005279 seconds, Stopping threads took: 0.0002857 seconds
[2022-06-13T03:01:22.222+0000][1][safepoint    ] Application time: 0.0004687 seconds
[2022-06-13T03:01:22.223+0000][1][safepoint    ] Entering safepoint region: RevokeBias
[2022-06-13T03:01:22.223+0000][1][safepoint    ] Leaving safepoint region
[2022-06-13T03:01:22.223+0000][1][safepoint    ] Total time for which application threads were stopped: 0.0006310 seconds, Stopping threads took: 0.0003923 seconds
[2022-06-13T03:01:22.226+0000][1][safepoint    ] Application time: 0.0025296 seconds
[2022-06-13T03:01:22.226+0000][1][safepoint    ] Entering safepoint region: RevokeBias
[2022-06-13T03:01:22.226+0000][1][safepoint    ] Leaving safepoint region
[2022-06-13T03:01:22.227+0000][1][safepoint    ] Total time for which application threads were stopped: 0.0006066 seconds, Stopping threads took: 0.0003719 seconds
[2022-06-13T03:01:22.229+0000][1][safepoint    ] Application time: 0.0021703 seconds
[2022-06-13T03:01:22.229+0000][1][safepoint    ] Entering safepoint region: RevokeBias
[2022-06-13T03:01:22.229+0000][1][safepoint    ] Leaving safepoint region
[2022-06-13T03:01:22.230+0000][1][safepoint    ] Total time for which application threads were stopped: 0.0004058 seconds, Stopping threads took: 0.0002075 seconds
[2022-06-13T03:01:22.235+0000][1][safepoint    ] Application time: 0.0052357 seconds
[2022-06-13T03:01:22.235+0000][1][safepoint    ] Entering safepoint region: RevokeBias
[2022-06-13T03:01:22.236+0000][1][safepoint    ] Leaving safepoint region
[2022-06-13T03:01:22.236+0000][1][safepoint    ] Total time for which application threads were stopped: 0.0004657 seconds, Stopping threads took: 0.0002458 seconds
[2022-06-13T03:01:22.505+0000][1][safepoint    ] Application time: 0.2688098 seconds
[2022-06-13T03:01:22.505+0000][1][safepoint    ] Entering safepoint region: RevokeBias
[2022-06-13T03:01:22.505+0000][1][safepoint    ] Leaving safepoint region
[2022-06-13T03:01:22.506+0000][1][safepoint    ] Total time for which application threads were stopped: 0.0005398 seconds, Stopping threads took: 0.0003290 seconds
[2022-06-13T03:01:22.508+0000][1][safepoint    ] Application time: 0.0021055 seconds
[2022-06-13T03:01:22.508+0000][1][safepoint    ] Entering safepoint region: GenCollectForAllocation
[2022-06-13T03:01:22.509+0000][1][gc,start     ] GC(22) Pause Young (Allocation Failure)
[2022-06-13T03:01:22.509+0000][1][gc,task      ] GC(22) Using 5 workers of 13 for evacuation
[2022-06-13T03:01:22.517+0000][1][gc,age       ] GC(22) Desired survivor size 4456448 bytes, new threshold 2 (max threshold 6)
[2022-06-13T03:01:22.518+0000][1][gc,age       ] GC(22) Age table with threshold 2 (max threshold 6)
[2022-06-13T03:01:22.518+0000][1][gc,age       ] GC(22) - age   1:    2953672 bytes,    2953672 total
[2022-06-13T03:01:22.518+0000][1][gc,age       ] GC(22) - age   2:    3537408 bytes,    6491080 total
[2022-06-13T03:01:22.518+0000][1][gc,heap      ] GC(22) ParNew: 77674K->8704K(78656K)
[2022-06-13T03:01:22.518+0000][1][gc,heap      ] GC(22) CMS: 62363K->63918K(174784K)
[2022-06-13T03:01:22.518+0000][1][gc,metaspace ] GC(22) Metaspace: 68827K->68827K(1112064K)
[2022-06-13T03:01:22.518+0000][1][gc           ] GC(22) Pause Young (Allocation Failure) 136M->70M(247M) 9.693ms
[2022-06-13T03:01:22.519+0000][1][gc,cpu       ] GC(22) User=0.06s Sys=0.00s Real=0.01s
[2022-06-13T03:01:22.519+0000][1][safepoint    ] Leaving safepoint region
[2022-06-13T03:01:22.519+0000][1][safepoint    ] Total time for which application threads were stopped: 0.0104882 seconds, Stopping threads took: 0.0003478 seconds
[2022-06-13T03:01:22.522+0000][1][safepoint    ] Application time: 0.0031371 seconds
[2022-06-13T03:01:22.523+0000][1][safepoint    ] Entering safepoint region: RevokeBias
[2022-06-13T03:01:22.523+0000][1][safepoint    ] Leaving safepoint region
[2022-06-13T03:01:22.523+0000][1][safepoint    ] Total time for which application threads were stopped: 0.0006786 seconds, Stopping threads took: 0.0004094 seconds
[2022-06-13T03:01:22.523+0000][1][safepoint    ] Application time: 0.0003999 seconds
[2022-06-13T03:01:22.524+0000][1][safepoint    ] Entering safepoint region: RevokeBias
[2022-06-13T03:01:22.524+0000][1][safepoint    ] Leaving safepoint region
[2022-06-13T03:01:22.524+0000][1][safepoint    ] Total time for which application threads were stopped: 0.0004651 seconds, Stopping threads took: 0.0002401 seconds
[2022-06-13T03:01:22.938+0000][1][safepoint    ] Application time: 0.4132506 seconds
[2022-06-13T03:01:22.938+0000][1][safepoint    ] Entering safepoint region: RevokeBias
[2022-06-13T03:01:22.938+0000][1][safepoint    ] Leaving safepoint region
[2022-06-13T03:01:22.938+0000][1][safepoint    ] Total time for which application threads were stopped: 0.0003849 seconds, Stopping threads took: 0.0002044 seconds
[2022-06-13T03:01:22.941+0000][1][safepoint    ] Application time: 0.0029850 seconds
[2022-06-13T03:01:22.942+0000][1][safepoint    ] Entering safepoint region: RevokeBias
[2022-06-13T03:01:22.942+0000][1][safepoint    ] Leaving safepoint region
[2022-06-13T03:01:22.942+0000][1][safepoint    ] Total time for which application threads were stopped: 0.0004778 seconds, Stopping threads took: 0.0002763 seconds
[2022-06-13T03:01:22.949+0000][1][safepoint    ] Application time: 0.0069911 seconds
[2022-06-13T03:01:22.950+0000][1][safepoint    ] Entering safepoint region: RevokeBias
[2022-06-13T03:01:22.951+0000][1][safepoint    ] Leaving safepoint region
[2022-06-13T03:01:22.951+0000][1][safepoint    ] Total time for which application threads were stopped: 0.0012036 seconds, Stopping threads took: 0.0006823 seconds
[2022-06-13T03:01:22.952+0000][1][safepoint    ] Application time: 0.0004720 seconds
[2022-06-13T03:01:22.952+0000][1][safepoint    ] Entering safepoint region: BulkRevokeBias
[2022-06-13T03:01:22.953+0000][1][safepoint    ] Leaving safepoint region
[2022-06-13T03:01:22.953+0000][1][safepoint    ] Total time for which application threads were stopped: 0.0011004 seconds, Stopping threads took: 0.0004761 seconds
[2022-06-13T03:01:23.185+0000][1][safepoint    ] Application time: 0.2315043 seconds
[2022-06-13T03:01:23.186+0000][1][safepoint    ] Entering safepoint region: RevokeBias
[2022-06-13T03:01:23.186+0000][1][safepoint    ] Leaving safepoint region
[2022-06-13T03:01:23.187+0000][1][safepoint    ] Total time for which application threads were stopped: 0.0010962 seconds, Stopping threads took: 0.0006071 seconds
[2022-06-13T03:01:23.191+0000][1][safepoint    ] Application time: 0.0037459 seconds
[2022-06-13T03:01:23.192+0000][1][safepoint    ] Entering safepoint region: RevokeBias
[2022-06-13T03:01:23.192+0000][1][safepoint    ] Leaving safepoint region
[2022-06-13T03:01:23.193+0000][1][safepoint    ] Total time for which application threads were stopped: 0.0013426 seconds, Stopping threads took: 0.0006583 seconds
[2022-06-13T03:01:23.199+0000][1][safepoint    ] Application time: 0.0060394 seconds
[2022-06-13T03:01:23.200+0000][1][safepoint    ] Entering safepoint region: RevokeBias
[2022-06-13T03:01:23.201+0000][1][safepoint    ] Leaving safepoint region
[2022-06-13T03:01:23.201+0000][1][safepoint    ] Total time for which application threads were stopped: 0.0017409 seconds, Stopping threads took: 0.0011447 seconds
[2022-06-13T03:01:23.385+0000][1][safepoint    ] Application time: 0.1831800 seconds
[2022-06-13T03:01:23.386+0000][1][safepoint    ] Entering safepoint region: RevokeBias
[2022-06-13T03:01:23.386+0000][1][safepoint    ] Leaving safepoint region
[2022-06-13T03:01:23.387+0000][1][safepoint    ] Total time for which application threads were stopped: 0.0015898 seconds, Stopping threads took: 0.0008638 seconds
[2022-06-13T03:01:23.389+0000][1][safepoint    ] Application time: 0.0010707 seconds
[2022-06-13T03:01:23.389+0000][1][safepoint    ] Entering safepoint region: RevokeBias
[2022-06-13T03:01:23.389+0000][1][safepoint    ] Leaving safepoint region
[2022-06-13T03:01:23.390+0000][1][safepoint    ] Total time for which application threads were stopped: 0.0005329 seconds, Stopping threads took: 0.0002938 seconds
[2022-06-13T03:01:23.393+0000][1][safepoint    ] Application time: 0.0032070 seconds
[2022-06-13T03:01:23.394+0000][1][safepoint    ] Entering safepoint region: RevokeBias
[2022-06-13T03:01:23.395+0000][1][safepoint    ] Leaving safepoint region
[2022-06-13T03:01:23.395+0000][1][safepoint    ] Total time for which application threads were stopped: 0.0013920 seconds, Stopping threads took: 0.0007762 seconds
[2022-06-13T03:01:24.396+0000][1][safepoint    ] Application time: 1.0002534 seconds
[2022-06-13T03:01:24.396+0000][1][safepoint    ] Entering safepoint region: Cleanup
[2022-06-13T03:01:24.397+0000][1][safepoint    ] Leaving safepoint region
[2022-06-13T03:01:24.398+0000][1][safepoint    ] Total time for which application threads were stopped: 0.0012195 seconds, Stopping threads took: 0.0005923 seconds
[2022-06-13T03:01:25.398+0000][1][safepoint    ] Application time: 1.0002175 seconds
[2022-06-13T03:01:25.399+0000][1][safepoint    ] Entering safepoint region: Cleanup
[2022-06-13T03:01:25.399+0000][1][safepoint    ] Leaving safepoint region
[2022-06-13T03:01:25.400+0000][1][safepoint    ] Total time for which application threads were stopped: 0.0009285 seconds, Stopping threads took: 0.0003890 seconds
[2022-06-13T03:01:26.400+0000][1][safepoint    ] Application time: 1.0001533 seconds
[2022-06-13T03:01:26.401+0000][1][safepoint    ] Entering safepoint region: Cleanup
[2022-06-13T03:01:26.401+0000][1][safepoint    ] Leaving safepoint region
[2022-06-13T03:01:26.402+0000][1][safepoint    ] Total time for which application threads were stopped: 0.0006735 seconds, Stopping threads took: 0.0003619 seconds
[2022-06-13T03:01:27.402+0000][1][safepoint    ] Application time: 1.0001247 seconds
[2022-06-13T03:01:27.402+0000][1][safepoint    ] Entering safepoint region: Cleanup
[2022-06-13T03:01:27.402+0000][1][safepoint    ] Leaving safepoint region
[2022-06-13T03:01:27.403+0000][1][safepoint    ] Total time for which application threads were stopped: 0.0003868 seconds, Stopping threads took: 0.0001674 seconds
[2022-06-13T03:01:28.403+0000][1][safepoint    ] Application time: 1.0001063 seconds
[2022-06-13T03:01:28.404+0000][1][safepoint    ] Entering safepoint region: Cleanup
[2022-06-13T03:01:28.404+0000][1][safepoint    ] Leaving safepoint region
[2022-06-13T03:01:28.405+0000][1][safepoint    ] Total time for which application threads were stopped: 0.0009811 seconds, Stopping threads took: 0.0004907 seconds
[2022-06-13T03:01:29.405+0000][1][safepoint    ] Application time: 1.0001684 seconds
[2022-06-13T03:01:29.406+0000][1][safepoint    ] Entering safepoint region: Cleanup
[2022-06-13T03:01:29.406+0000][1][safepoint    ] Leaving safepoint region
[2022-06-13T03:01:29.406+0000][1][safepoint    ] Total time for which application threads were stopped: 0.0004462 seconds, Stopping threads took: 0.0002522 seconds
[2022-06-13T03:01:30.406+0000][1][safepoint    ] Application time: 1.0001049 seconds
[2022-06-13T03:01:30.407+0000][1][safepoint    ] Entering safepoint region: Cleanup
[2022-06-13T03:01:30.407+0000][1][safepoint    ] Leaving safepoint region
[2022-06-13T03:01:30.408+0000][1][safepoint    ] Total time for which application threads were stopped: 0.0008037 seconds, Stopping threads took: 0.0004170 seconds
[2022-06-13T03:01:31.408+0000][1][safepoint    ] Application time: 1.0001169 seconds
[2022-06-13T03:01:31.409+0000][1][safepoint    ] Entering safepoint region: Cleanup
[2022-06-13T03:01:31.410+0000][1][safepoint    ] Leaving safepoint region
[2022-06-13T03:01:31.410+0000][1][safepoint    ] Total time for which application threads were stopped: 0.0012096 seconds, Stopping threads took: 0.0005704 seconds
[2022-06-13T03:01:32.411+0000][1][safepoint    ] Application time: 1.0003473 seconds
[2022-06-13T03:01:32.412+0000][1][safepoint    ] Entering safepoint region: Cleanup
[2022-06-13T03:01:32.412+0000][1][safepoint    ] Leaving safepoint region
[2022-06-13T03:01:32.412+0000][1][safepoint    ] Total time for which application threads were stopped: 0.0008306 seconds, Stopping threads took: 0.0003594 seconds
[2022-06-13T03:01:33.413+0000][1][safepoint    ] Application time: 1.0001524 seconds
[2022-06-13T03:01:33.414+0000][1][safepoint    ] Entering safepoint region: Cleanup
[2022-06-13T03:01:33.414+0000][1][safepoint    ] Leaving safepoint region
[2022-06-13T03:01:33.415+0000][1][safepoint    ] Total time for which application threads were stopped: 0.0008535 seconds, Stopping threads took: 0.0003961 seconds
[2022-06-13T03:01:34.415+0000][1][safepoint    ] Application time: 1.0002832 seconds
[2022-06-13T03:01:34.416+0000][1][safepoint    ] Entering safepoint region: Cleanup
[2022-06-13T03:01:34.416+0000][1][safepoint    ] Leaving safepoint region
[2022-06-13T03:01:34.417+0000][1][safepoint    ] Total time for which application threads were stopped: 0.0007543 seconds, Stopping threads took: 0.0003470 seconds
[2022-06-13T03:01:35.417+0000][1][safepoint    ] Application time: 1.0002447 seconds
[2022-06-13T03:01:35.418+0000][1][safepoint    ] Entering safepoint region: Cleanup
[2022-06-13T03:01:35.418+0000][1][safepoint    ] Leaving safepoint region
[2022-06-13T03:01:35.418+0000][1][safepoint    ] Total time for which application threads were stopped: 0.0005625 seconds, Stopping threads took: 0.0002743 seconds
[2022-06-13T03:01:36.419+0000][1][safepoint    ] Application time: 1.0001703 seconds
[2022-06-13T03:01:36.419+0000][1][safepoint    ] Entering safepoint region: Cleanup
[2022-06-13T03:01:36.420+0000][1][safepoint    ] Leaving safepoint region
[2022-06-13T03:01:36.420+0000][1][safepoint    ] Total time for which application threads were stopped: 0.0007522 seconds, Stopping threads took: 0.0004246 seconds
[2022-06-13T03:01:37.421+0000][1][safepoint    ] Application time: 1.0001998 seconds
[2022-06-13T03:01:37.421+0000][1][safepoint    ] Entering safepoint region: Cleanup
[2022-06-13T03:01:37.421+0000][1][safepoint    ] Leaving safepoint region
[2022-06-13T03:01:37.422+0000][1][safepoint    ] Total time for which application threads were stopped: 0.0007497 seconds, Stopping threads took: 0.0003629 seconds
[2022-06-13T03:01:38.422+0000][1][safepoint    ] Application time: 1.0002423 seconds
[2022-06-13T03:01:38.423+0000][1][safepoint    ] Entering safepoint region: Cleanup
[2022-06-13T03:01:38.423+0000][1][safepoint    ] Leaving safepoint region
[2022-06-13T03:01:38.424+0000][1][safepoint    ] Total time for which application threads were stopped: 0.0008240 seconds, Stopping threads took: 0.0003842 seconds
[2022-06-13T03:01:39.424+0000][1][safepoint    ] Application time: 1.0003255 seconds
[2022-06-13T03:01:39.425+0000][1][safepoint    ] Entering safepoint region: Cleanup
[2022-06-13T03:01:39.426+0000][1][safepoint    ] Leaving safepoint region
[2022-06-13T03:01:39.426+0000][1][safepoint    ] Total time for which application threads were stopped: 0.0010814 seconds, Stopping threads took: 0.0004534 seconds
[2022-06-13T03:01:40.427+0000][1][safepoint    ] Application time: 1.0001520 seconds
[2022-06-13T03:01:40.427+0000][1][safepoint    ] Entering safepoint region: Cleanup
[2022-06-13T03:01:40.428+0000][1][safepoint    ] Leaving safepoint region
[2022-06-13T03:01:40.429+0000][1][safepoint    ] Total time for which application threads were stopped: 0.0011926 seconds, Stopping threads took: 0.0005547 seconds
[2022-06-13T03:01:41.429+0000][1][safepoint    ] Application time: 1.0002064 seconds
[2022-06-13T03:01:41.430+0000][1][safepoint    ] Entering safepoint region: Cleanup
[2022-06-13T03:01:41.430+0000][1][safepoint    ] Leaving safepoint region
[2022-06-13T03:01:41.430+0000][1][safepoint    ] Total time for which application threads were stopped: 0.0008287 seconds, Stopping threads took: 0.0004125 seconds
[2022-06-13T03:01:42.431+0000][1][safepoint    ] Application time: 1.0001104 seconds
[2022-06-13T03:01:42.431+0000][1][safepoint    ] Entering safepoint region: Cleanup
[2022-06-13T03:01:42.431+0000][1][safepoint    ] Leaving safepoint region
[2022-06-13T03:01:42.432+0000][1][safepoint    ] Total time for which application threads were stopped: 0.0008892 seconds, Stopping threads took: 0.0002633 seconds
[2022-06-13T03:01:43.433+0000][1][safepoint    ] Application time: 1.0001877 seconds
[2022-06-13T03:01:43.433+0000][1][safepoint    ] Entering safepoint region: Cleanup
[2022-06-13T03:01:43.433+0000][1][safepoint    ] Leaving safepoint region
[2022-06-13T03:01:43.434+0000][1][safepoint    ] Total time for which application threads were stopped: 0.0007449 seconds, Stopping threads took: 0.0003365 seconds
[2022-06-13T03:01:44.368+0000][1][safepoint    ] Application time: 0.9336287 seconds
[2022-06-13T03:01:44.368+0000][1][safepoint    ] Entering safepoint region: RevokeBias
[2022-06-13T03:01:44.369+0000][1][safepoint    ] Leaving safepoint region
[2022-06-13T03:01:44.369+0000][1][safepoint    ] Total time for which application threads were stopped: 0.0009016 seconds, Stopping threads took: 0.0004025 seconds
[2022-06-13T03:01:44.370+0000][1][safepoint    ] Application time: 0.0002201 seconds
[2022-06-13T03:01:44.370+0000][1][safepoint    ] Entering safepoint region: RevokeBias
[2022-06-13T03:01:44.370+0000][1][safepoint    ] Leaving safepoint region
[2022-06-13T03:01:44.371+0000][1][safepoint    ] Total time for which application threads were stopped: 0.0008737 seconds, Stopping threads took: 0.0003871 seconds
[2022-06-13T03:01:45.371+0000][1][safepoint    ] Application time: 1.0001885 seconds
[2022-06-13T03:01:45.372+0000][1][safepoint    ] Entering safepoint region: Cleanup
[2022-06-13T03:01:45.373+0000][1][safepoint    ] Leaving safepoint region
[2022-06-13T03:01:45.373+0000][1][safepoint    ] Total time for which application threads were stopped: 0.0010689 seconds, Stopping threads took: 0.0005041 seconds
[2022-06-13T03:01:46.374+0000][1][safepoint    ] Application time: 1.0001522 seconds
[2022-06-13T03:01:46.374+0000][1][safepoint    ] Entering safepoint region: Cleanup
[2022-06-13T03:01:46.374+0000][1][safepoint    ] Leaving safepoint region
[2022-06-13T03:01:46.374+0000][1][safepoint    ] Total time for which application threads were stopped: 0.0003664 seconds, Stopping threads took: 0.0001781 seconds
[2022-06-13T03:01:47.375+0000][1][safepoint    ] Application time: 1.0001215 seconds
[2022-06-13T03:01:47.375+0000][1][safepoint    ] Entering safepoint region: Cleanup
[2022-06-13T03:01:47.375+0000][1][safepoint    ] Leaving safepoint region
[2022-06-13T03:01:47.376+0000][1][safepoint    ] Total time for which application threads were stopped: 0.0010488 seconds, Stopping threads took: 0.0003819 seconds
[2022-06-13T03:01:48.377+0000][1][safepoint    ] Application time: 1.0001492 seconds
[2022-06-13T03:01:48.377+0000][1][safepoint    ] Entering safepoint region: Cleanup
[2022-06-13T03:01:48.377+0000][1][safepoint    ] Leaving safepoint region
[2022-06-13T03:01:48.378+0000][1][safepoint    ] Total time for which application threads were stopped: 0.0005717 seconds, Stopping threads took: 0.0002227 seconds
[2022-06-13T03:01:49.378+0000][1][safepoint    ] Application time: 1.0001654 seconds
[2022-06-13T03:01:49.378+0000][1][safepoint    ] Entering safepoint region: Cleanup
[2022-06-13T03:01:49.379+0000][1][safepoint    ] Leaving safepoint region
[2022-06-13T03:01:49.379+0000][1][safepoint    ] Total time for which application threads were stopped: 0.0007676 seconds, Stopping threads took: 0.0004055 seconds
[2022-06-13T03:01:50.380+0000][1][safepoint    ] Application time: 1.0001872 seconds
[2022-06-13T03:01:50.380+0000][1][safepoint    ] Entering safepoint region: Cleanup
[2022-06-13T03:01:50.381+0000][1][safepoint    ] Leaving safepoint region
[2022-06-13T03:01:50.381+0000][1][safepoint    ] Total time for which application threads were stopped: 0.0008176 seconds, Stopping threads took: 0.0003801 seconds
[2022-06-13T03:01:51.382+0000][1][safepoint    ] Application time: 1.0002502 seconds
[2022-06-13T03:01:51.382+0000][1][safepoint    ] Entering safepoint region: Cleanup
[2022-06-13T03:01:51.383+0000][1][safepoint    ] Leaving safepoint region
[2022-06-13T03:01:51.383+0000][1][safepoint    ] Total time for which application threads were stopped: 0.0008739 seconds, Stopping threads took: 0.0004082 seconds
[2022-06-13T03:01:52.384+0000][1][safepoint    ] Application time: 1.0002301 seconds
[2022-06-13T03:01:52.384+0000][1][safepoint    ] Entering safepoint region: Cleanup
[2022-06-13T03:01:52.384+0000][1][safepoint    ] Leaving safepoint region
[2022-06-13T03:01:52.384+0000][1][safepoint    ] Total time for which application threads were stopped: 0.0003641 seconds, Stopping threads took: 0.0001783 seconds
[2022-06-13T03:01:53.385+0000][1][safepoint    ] Application time: 1.0003011 seconds
[2022-06-13T03:01:53.385+0000][1][safepoint    ] Entering safepoint region: Cleanup
[2022-06-13T03:01:53.386+0000][1][safepoint    ] Leaving safepoint region
[2022-06-13T03:01:53.386+0000][1][safepoint    ] Total time for which application threads were stopped: 0.0008756 seconds, Stopping threads took: 0.0004262 seconds
[2022-06-13T03:01:54.387+0000][1][safepoint    ] Application time: 1.0002707 seconds
[2022-06-13T03:01:54.387+0000][1][safepoint    ] Entering safepoint region: Cleanup
[2022-06-13T03:01:54.388+0000][1][safepoint    ] Leaving safepoint region
[2022-06-13T03:01:54.388+0000][1][safepoint    ] Total time for which application threads were stopped: 0.0004845 seconds, Stopping threads took: 0.0002335 seconds
[2022-06-13T03:01:55.388+0000][1][safepoint    ] Application time: 1.0001849 seconds
[2022-06-13T03:01:55.389+0000][1][safepoint    ] Entering safepoint region: Cleanup
[2022-06-13T03:01:55.389+0000][1][safepoint    ] Leaving safepoint region
[2022-06-13T03:01:55.390+0000][1][safepoint    ] Total time for which application threads were stopped: 0.0009106 seconds, Stopping threads took: 0.0004742 seconds
[2022-06-13T03:01:56.391+0000][1][safepoint    ] Application time: 1.0003689 seconds
[2022-06-13T03:01:56.391+0000][1][safepoint    ] Entering safepoint region: Cleanup
[2022-06-13T03:01:56.392+0000][1][safepoint    ] Leaving safepoint region
[2022-06-13T03:01:56.392+0000][1][safepoint    ] Total time for which application threads were stopped: 0.0008973 seconds, Stopping threads took: 0.0004432 seconds
[2022-06-13T03:01:57.393+0000][1][safepoint    ] Application time: 1.0003650 seconds
[2022-06-13T03:01:57.393+0000][1][safepoint    ] Entering safepoint region: Cleanup
[2022-06-13T03:01:57.394+0000][1][safepoint    ] Leaving safepoint region
[2022-06-13T03:01:57.395+0000][1][safepoint    ] Total time for which application threads were stopped: 0.0014033 seconds, Stopping threads took: 0.0006840 seconds
[2022-06-13T03:01:58.396+0000][1][safepoint    ] Application time: 1.0001876 seconds
[2022-06-13T03:01:58.396+0000][1][safepoint    ] Entering safepoint region: Cleanup
[2022-06-13T03:01:58.396+0000][1][safepoint    ] Leaving safepoint region
[2022-06-13T03:01:58.397+0000][1][safepoint    ] Total time for which application threads were stopped: 0.0005696 seconds, Stopping threads took: 0.0002832 seconds
[2022-06-13T03:01:59.397+0000][1][safepoint    ] Application time: 1.0001293 seconds
[2022-06-13T03:01:59.397+0000][1][safepoint    ] Entering safepoint region: Cleanup
[2022-06-13T03:01:59.397+0000][1][safepoint    ] Leaving safepoint region
[2022-06-13T03:01:59.398+0000][1][safepoint    ] Total time for which application threads were stopped: 0.0002983 seconds, Stopping threads took: 0.0001497 seconds
[2022-06-13T03:02:00.398+0000][1][safepoint    ] Application time: 1.0001690 seconds
[2022-06-13T03:02:00.398+0000][1][safepoint    ] Entering safepoint region: Cleanup
[2022-06-13T03:02:00.398+0000][1][safepoint    ] Leaving safepoint region
[2022-06-13T03:02:00.399+0000][1][safepoint    ] Total time for which application threads were stopped: 0.0005484 seconds, Stopping threads took: 0.0002745 seconds
[2022-06-13T03:02:01.399+0000][1][safepoint    ] Application time: 1.0002050 seconds
[2022-06-13T03:02:01.400+0000][1][safepoint    ] Entering safepoint region: Cleanup
[2022-06-13T03:02:01.400+0000][1][safepoint    ] Leaving safepoint region
[2022-06-13T03:02:01.401+0000][1][safepoint    ] Total time for which application threads were stopped: 0.0009714 seconds, Stopping threads took: 0.0004617 seconds
[2022-06-13T03:02:02.401+0000][1][safepoint    ] Application time: 1.0002060 seconds
[2022-06-13T03:02:02.402+0000][1][safepoint    ] Entering safepoint region: Cleanup
[2022-06-13T03:02:02.403+0000][1][safepoint    ] Leaving safepoint region
[2022-06-13T03:02:02.403+0000][1][safepoint    ] Total time for which application threads were stopped: 0.0012635 seconds, Stopping threads took: 0.0006249 seconds
[2022-06-13T03:02:03.404+0000][1][safepoint    ] Application time: 1.0001868 seconds
[2022-06-13T03:02:03.405+0000][1][safepoint    ] Entering safepoint region: Cleanup
[2022-06-13T03:02:03.405+0000][1][safepoint    ] Leaving safepoint region
[2022-06-13T03:02:03.405+0000][1][safepoint    ] Total time for which application threads were stopped: 0.0006114 seconds, Stopping threads took: 0.0002260 seconds
[2022-06-13T03:02:04.406+0000][1][safepoint    ] Application time: 1.0002278 seconds
[2022-06-13T03:02:04.406+0000][1][safepoint    ] Entering safepoint region: Cleanup
[2022-06-13T03:02:04.406+0000][1][safepoint    ] Leaving safepoint region
[2022-06-13T03:02:04.407+0000][1][safepoint    ] Total time for which application threads were stopped: 0.0005699 seconds, Stopping threads took: 0.0003011 seconds
[2022-06-13T03:02:05.407+0000][1][safepoint    ] Application time: 1.0001958 seconds
[2022-06-13T03:02:05.408+0000][1][safepoint    ] Entering safepoint region: Cleanup
[2022-06-13T03:02:05.408+0000][1][safepoint    ] Leaving safepoint region
[2022-06-13T03:02:05.408+0000][1][safepoint    ] Total time for which application threads were stopped: 0.0009111 seconds, Stopping threads took: 0.0004374 seconds
[2022-06-13T03:02:06.409+0000][1][safepoint    ] Application time: 1.0002343 seconds
[2022-06-13T03:02:06.410+0000][1][safepoint    ] Entering safepoint region: Cleanup
[2022-06-13T03:02:06.411+0000][1][safepoint    ] Leaving safepoint region
[2022-06-13T03:02:06.411+0000][1][safepoint    ] Total time for which application threads were stopped: 0.0008889 seconds, Stopping threads took: 0.0004146 seconds
[2022-06-13T03:02:07.412+0000][1][safepoint    ] Application time: 1.0001115 seconds
[2022-06-13T03:02:07.412+0000][1][safepoint    ] Entering safepoint region: Cleanup
[2022-06-13T03:02:07.412+0000][1][safepoint    ] Leaving safepoint region
[2022-06-13T03:02:07.413+0000][1][safepoint    ] Total time for which application threads were stopped: 0.0005724 seconds, Stopping threads took: 0.0002863 seconds
[2022-06-13T03:02:08.413+0000][1][safepoint    ] Application time: 1.0001949 seconds
[2022-06-13T03:02:08.414+0000][1][safepoint    ] Entering safepoint region: Cleanup
[2022-06-13T03:02:08.414+0000][1][safepoint    ] Leaving safepoint region
[2022-06-13T03:02:08.415+0000][1][safepoint    ] Total time for which application threads were stopped: 0.0012132 seconds, Stopping threads took: 0.0006028 seconds
[2022-06-13T03:02:09.139+0000][1][safepoint    ] Application time: 0.7232801 seconds
[2022-06-13T03:02:09.139+0000][1][safepoint    ] Entering safepoint region: RevokeBias
[2022-06-13T03:02:09.139+0000][1][safepoint    ] Leaving safepoint region
[2022-06-13T03:02:09.140+0000][1][safepoint    ] Total time for which application threads were stopped: 0.0004897 seconds, Stopping threads took: 0.0002164 seconds
[2022-06-13T03:02:10.140+0000][1][safepoint    ] Application time: 1.0001983 seconds
[2022-06-13T03:02:10.141+0000][1][safepoint    ] Entering safepoint region: Cleanup
[2022-06-13T03:02:10.141+0000][1][safepoint    ] Leaving safepoint region
[2022-06-13T03:02:10.142+0000][1][safepoint    ] Total time for which application threads were stopped: 0.0010683 seconds, Stopping threads took: 0.0004750 seconds
[2022-06-13T03:02:11.142+0000][1][safepoint    ] Application time: 1.0001676 seconds
[2022-06-13T03:02:11.143+0000][1][safepoint    ] Entering safepoint region: Cleanup
[2022-06-13T03:02:11.143+0000][1][safepoint    ] Leaving safepoint region
[2022-06-13T03:02:11.144+0000][1][safepoint    ] Total time for which application threads were stopped: 0.0009566 seconds, Stopping threads took: 0.0003389 seconds
[2022-06-13T03:02:12.145+0000][1][safepoint    ] Application time: 1.0001858 seconds
[2022-06-13T03:02:12.145+0000][1][safepoint    ] Entering safepoint region: Cleanup
[2022-06-13T03:02:12.146+0000][1][safepoint    ] Leaving safepoint region
[2022-06-13T03:02:12.146+0000][1][safepoint    ] Total time for which application threads were stopped: 0.0010856 seconds, Stopping threads took: 0.0004947 seconds
[2022-06-13T03:02:13.147+0000][1][safepoint    ] Application time: 1.0002358 seconds
[2022-06-13T03:02:13.147+0000][1][safepoint    ] Entering safepoint region: Cleanup
[2022-06-13T03:02:13.148+0000][1][safepoint    ] Leaving safepoint region
[2022-06-13T03:02:13.148+0000][1][safepoint    ] Total time for which application threads were stopped: 0.0010080 seconds, Stopping threads took: 0.0004263 seconds
[2022-06-13T03:02:14.149+0000][1][safepoint    ] Application time: 1.0002736 seconds
[2022-06-13T03:02:14.149+0000][1][safepoint    ] Entering safepoint region: Cleanup
[2022-06-13T03:02:14.150+0000][1][safepoint    ] Leaving safepoint region
[2022-06-13T03:02:14.150+0000][1][safepoint    ] Total time for which application threads were stopped: 0.0009437 seconds, Stopping threads took: 0.0004971 seconds
[2022-06-13T03:02:15.151+0000][1][safepoint    ] Application time: 1.0001793 seconds
[2022-06-13T03:02:15.152+0000][1][safepoint    ] Entering safepoint region: Cleanup
[2022-06-13T03:02:15.152+0000][1][safepoint    ] Leaving safepoint region
[2022-06-13T03:02:15.153+0000][1][safepoint    ] Total time for which application threads were stopped: 0.0014566 seconds, Stopping threads took: 0.0007353 seconds
[2022-06-13T03:02:16.154+0000][1][safepoint    ] Application time: 1.0001750 seconds
[2022-06-13T03:02:16.154+0000][1][safepoint    ] Entering safepoint region: Cleanup
[2022-06-13T03:02:16.155+0000][1][safepoint    ] Leaving safepoint region
[2022-06-13T03:02:16.155+0000][1][safepoint    ] Total time for which application threads were stopped: 0.0006418 seconds, Stopping threads took: 0.0003286 seconds
[2022-06-13T03:02:17.155+0000][1][safepoint    ] Application time: 1.0001852 seconds
[2022-06-13T03:02:17.156+0000][1][safepoint    ] Entering safepoint region: Cleanup
[2022-06-13T03:02:17.156+0000][1][safepoint    ] Leaving safepoint region
[2022-06-13T03:02:17.156+0000][1][safepoint    ] Total time for which application threads were stopped: 0.0004707 seconds, Stopping threads took: 0.0002266 seconds
[2022-06-13T03:02:18.156+0000][1][safepoint    ] Application time: 1.0001085 seconds
[2022-06-13T03:02:18.157+0000][1][safepoint    ] Entering safepoint region: Cleanup
[2022-06-13T03:02:18.157+0000][1][safepoint    ] Leaving safepoint region
[2022-06-13T03:02:18.158+0000][1][safepoint    ] Total time for which application threads were stopped: 0.0010932 seconds, Stopping threads took: 0.0004557 seconds
[2022-06-13T03:02:19.158+0000][1][safepoint    ] Application time: 1.0002442 seconds
[2022-06-13T03:02:19.159+0000][1][safepoint    ] Entering safepoint region: Cleanup
[2022-06-13T03:02:19.160+0000][1][safepoint    ] Leaving safepoint region
[2022-06-13T03:02:19.160+0000][1][safepoint    ] Total time for which application threads were stopped: 0.0011997 seconds, Stopping threads took: 0.0005847 seconds
[2022-06-13T03:02:20.161+0000][1][safepoint    ] Application time: 1.0001633 seconds
[2022-06-13T03:02:20.161+0000][1][safepoint    ] Entering safepoint region: Cleanup
[2022-06-13T03:02:20.161+0000][1][safepoint    ] Leaving safepoint region
[2022-06-13T03:02:20.162+0000][1][safepoint    ] Total time for which application threads were stopped: 0.0005699 seconds, Stopping threads took: 0.0002580 seconds
[2022-06-13T03:02:21.162+0000][1][safepoint    ] Application time: 1.0001688 seconds
[2022-06-13T03:02:21.163+0000][1][safepoint    ] Entering safepoint region: Cleanup
[2022-06-13T03:02:21.163+0000][1][safepoint    ] Leaving safepoint region
[2022-06-13T03:02:21.164+0000][1][safepoint    ] Total time for which application threads were stopped: 0.0008506 seconds, Stopping threads took: 0.0003479 seconds
[2022-06-13T03:02:22.164+0000][1][safepoint    ] Application time: 1.0002256 seconds
[2022-06-13T03:02:22.165+0000][1][safepoint    ] Entering safepoint region: Cleanup
[2022-06-13T03:02:22.165+0000][1][safepoint    ] Leaving safepoint region
[2022-06-13T03:02:22.166+0000][1][safepoint    ] Total time for which application threads were stopped: 0.0008599 seconds, Stopping threads took: 0.0003808 seconds
[2022-06-13T03:02:24.009+0000][1][safepoint    ] Application time: 1.8433586 seconds
[2022-06-13T03:02:24.010+0000][1][safepoint    ] Entering safepoint region: Cleanup
[2022-06-13T03:02:24.010+0000][1][safepoint    ] Leaving safepoint region
[2022-06-13T03:02:24.010+0000][1][safepoint    ] Total time for which application threads were stopped: 0.0006020 seconds, Stopping threads took: 0.0003098 seconds
[2022-06-13T03:02:25.011+0000][1][safepoint    ] Application time: 1.0002064 seconds
[2022-06-13T03:02:25.011+0000][1][safepoint    ] Entering safepoint region: Cleanup
[2022-06-13T03:02:25.012+0000][1][safepoint    ] Leaving safepoint region
[2022-06-13T03:02:25.012+0000][1][safepoint    ] Total time for which application threads were stopped: 0.0010360 seconds, Stopping threads took: 0.0005119 seconds
[2022-06-13T03:02:26.013+0000][1][safepoint    ] Application time: 1.0003425 seconds
[2022-06-13T03:02:26.014+0000][1][safepoint    ] Entering safepoint region: Cleanup
[2022-06-13T03:02:26.014+0000][1][safepoint    ] Leaving safepoint region
[2022-06-13T03:02:26.015+0000][1][safepoint    ] Total time for which application threads were stopped: 0.0009909 seconds, Stopping threads took: 0.0004768 seconds
[2022-06-13T03:02:27.015+0000][1][safepoint    ] Application time: 1.0001230 seconds
[2022-06-13T03:02:27.016+0000][1][safepoint    ] Entering safepoint region: Cleanup
[2022-06-13T03:02:27.016+0000][1][safepoint    ] Leaving safepoint region
[2022-06-13T03:02:27.017+0000][1][safepoint    ] Total time for which application threads were stopped: 0.0008436 seconds, Stopping threads took: 0.0003699 seconds
[2022-06-13T03:02:28.018+0000][1][safepoint    ] Application time: 1.0002532 seconds
[2022-06-13T03:02:28.018+0000][1][safepoint    ] Entering safepoint region: Cleanup
[2022-06-13T03:02:28.019+0000][1][safepoint    ] Leaving safepoint region
[2022-06-13T03:02:28.019+0000][1][safepoint    ] Total time for which application threads were stopped: 0.0010734 seconds, Stopping threads took: 0.0004983 seconds
[2022-06-13T03:02:29.020+0000][1][safepoint    ] Application time: 1.0001865 seconds
[2022-06-13T03:02:29.020+0000][1][safepoint    ] Entering safepoint region: Cleanup
[2022-06-13T03:02:29.021+0000][1][safepoint    ] Leaving safepoint region
[2022-06-13T03:02:29.021+0000][1][safepoint    ] Total time for which application threads were stopped: 0.0006028 seconds, Stopping threads took: 0.0002197 seconds
[2022-06-13T03:02:30.021+0000][1][safepoint    ] Application time: 1.0001992 seconds
[2022-06-13T03:02:30.022+0000][1][safepoint    ] Entering safepoint region: Cleanup
[2022-06-13T03:02:30.022+0000][1][safepoint    ] Leaving safepoint region
[2022-06-13T03:02:30.022+0000][1][safepoint    ] Total time for which application threads were stopped: 0.0004071 seconds, Stopping threads took: 0.0001624 seconds
[2022-06-13T03:02:31.023+0000][1][safepoint    ] Application time: 1.0001539 seconds
[2022-06-13T03:02:31.023+0000][1][safepoint    ] Entering safepoint region: Cleanup
[2022-06-13T03:02:31.024+0000][1][safepoint    ] Leaving safepoint region
[2022-06-13T03:02:31.024+0000][1][safepoint    ] Total time for which application threads were stopped: 0.0008219 seconds, Stopping threads took: 0.0003359 seconds
[2022-06-13T03:02:32.025+0000][1][safepoint    ] Application time: 1.0002256 seconds
[2022-06-13T03:02:32.025+0000][1][safepoint    ] Entering safepoint region: Cleanup
[2022-06-13T03:02:32.026+0000][1][safepoint    ] Leaving safepoint region
[2022-06-13T03:02:32.026+0000][1][safepoint    ] Total time for which application threads were stopped: 0.0008226 seconds, Stopping threads took: 0.0003847 seconds
[2022-06-13T03:02:33.027+0000][1][safepoint    ] Application time: 1.0001173 seconds
[2022-06-13T03:02:33.027+0000][1][safepoint    ] Entering safepoint region: Cleanup
[2022-06-13T03:02:33.028+0000][1][safepoint    ] Leaving safepoint region
[2022-06-13T03:02:33.028+0000][1][safepoint    ] Total time for which application threads were stopped: 0.0009090 seconds, Stopping threads took: 0.0004609 seconds
[2022-06-13T03:02:34.029+0000][1][safepoint    ] Application time: 1.0001170 seconds
[2022-06-13T03:02:34.030+0000][1][safepoint    ] Entering safepoint region: Cleanup
[2022-06-13T03:02:34.030+0000][1][safepoint    ] Leaving safepoint region
[2022-06-13T03:02:34.030+0000][1][safepoint    ] Total time for which application threads were stopped: 0.0007391 seconds, Stopping threads took: 0.0003264 seconds
[2022-06-13T03:02:35.031+0000][1][safepoint    ] Application time: 1.0003403 seconds
[2022-06-13T03:02:35.031+0000][1][safepoint    ] Entering safepoint region: Cleanup
[2022-06-13T03:02:35.032+0000][1][safepoint    ] Leaving safepoint region
[2022-06-13T03:02:35.032+0000][1][safepoint    ] Total time for which application threads were stopped: 0.0006802 seconds, Stopping threads took: 0.0002797 seconds
[2022-06-13T03:02:36.033+0000][1][safepoint    ] Application time: 1.0003215 seconds
[2022-06-13T03:02:36.033+0000][1][safepoint    ] Entering safepoint region: Cleanup
[2022-06-13T03:02:36.034+0000][1][safepoint    ] Leaving safepoint region
[2022-06-13T03:02:36.035+0000][1][safepoint    ] Total time for which application threads were stopped: 0.0011716 seconds, Stopping threads took: 0.0005610 seconds
[2022-06-13T03:02:37.035+0000][1][safepoint    ] Application time: 1.0001800 seconds
[2022-06-13T03:02:37.036+0000][1][safepoint    ] Entering safepoint region: Cleanup
[2022-06-13T03:02:37.037+0000][1][safepoint    ] Leaving safepoint region
[2022-06-13T03:02:37.037+0000][1][safepoint    ] Total time for which application threads were stopped: 0.0010945 seconds, Stopping threads took: 0.0004780 seconds
[2022-06-13T03:02:38.038+0000][1][safepoint    ] Application time: 1.0003573 seconds
[2022-06-13T03:02:38.039+0000][1][safepoint    ] Entering safepoint region: Cleanup
[2022-06-13T03:02:38.039+0000][1][safepoint    ] Leaving safepoint region
[2022-06-13T03:02:38.040+0000][1][safepoint    ] Total time for which application threads were stopped: 0.0012407 seconds, Stopping threads took: 0.0005449 seconds
[2022-06-13T03:02:39.041+0000][1][safepoint    ] Application time: 1.0001324 seconds
[2022-06-13T03:02:39.041+0000][1][safepoint    ] Entering safepoint region: Cleanup
[2022-06-13T03:02:39.041+0000][1][safepoint    ] Leaving safepoint region
[2022-06-13T03:02:39.041+0000][1][safepoint    ] Total time for which application threads were stopped: 0.0003010 seconds, Stopping threads took: 0.0001303 seconds
[2022-06-13T03:02:40.041+0000][1][safepoint    ] Application time: 1.0001207 seconds
[2022-06-13T03:02:40.042+0000][1][safepoint    ] Entering safepoint region: Cleanup
[2022-06-13T03:02:40.042+0000][1][safepoint    ] Leaving safepoint region
[2022-06-13T03:02:40.043+0000][1][safepoint    ] Total time for which application threads were stopped: 0.0009539 seconds, Stopping threads took: 0.0003936 seconds
[2022-06-13T03:02:41.043+0000][1][safepoint    ] Application time: 1.0002197 seconds
[2022-06-13T03:02:41.044+0000][1][safepoint    ] Entering safepoint region: Cleanup
[2022-06-13T03:02:41.045+0000][1][safepoint    ] Leaving safepoint region
[2022-06-13T03:02:41.045+0000][1][safepoint    ] Total time for which application threads were stopped: 0.0009645 seconds, Stopping threads took: 0.0005322 seconds
[2022-06-13T03:02:42.045+0000][1][safepoint    ] Application time: 1.0001577 seconds
[2022-06-13T03:02:42.046+0000][1][safepoint    ] Entering safepoint region: Cleanup
[2022-06-13T03:02:42.046+0000][1][safepoint    ] Leaving safepoint region
[2022-06-13T03:02:42.046+0000][1][safepoint    ] Total time for which application threads were stopped: 0.0004992 seconds, Stopping threads took: 0.0002166 seconds
[2022-06-13T03:02:43.046+0000][1][safepoint    ] Application time: 1.0001476 seconds
[2022-06-13T03:02:43.047+0000][1][safepoint    ] Entering safepoint region: Cleanup
[2022-06-13T03:02:43.047+0000][1][safepoint    ] Leaving safepoint region
[2022-06-13T03:02:43.047+0000][1][safepoint    ] Total time for which application threads were stopped: 0.0005368 seconds, Stopping threads took: 0.0002367 seconds
[2022-06-13T03:02:44.986+0000][1][safepoint    ] Application time: 1.9380754 seconds
[2022-06-13T03:02:44.986+0000][1][safepoint    ] Entering safepoint region: Cleanup
[2022-06-13T03:02:44.986+0000][1][safepoint    ] Leaving safepoint region
[2022-06-13T03:02:44.987+0000][1][safepoint    ] Total time for which application threads were stopped: 0.0006545 seconds, Stopping threads took: 0.0002303 seconds
[2022-06-13T03:02:45.988+0000][1][safepoint    ] Application time: 1.0002990 seconds
[2022-06-13T03:02:45.988+0000][1][safepoint    ] Entering safepoint region: Cleanup
[2022-06-13T03:02:45.989+0000][1][safepoint    ] Leaving safepoint region
[2022-06-13T03:02:45.989+0000][1][safepoint    ] Total time for which application threads were stopped: 0.0009495 seconds, Stopping threads took: 0.0005026 seconds
[2022-06-13T03:02:46.990+0000][1][safepoint    ] Application time: 1.0002579 seconds
[2022-06-13T03:02:46.990+0000][1][safepoint    ] Entering safepoint region: Cleanup
[2022-06-13T03:02:46.991+0000][1][safepoint    ] Leaving safepoint region
[2022-06-13T03:02:46.991+0000][1][safepoint    ] Total time for which application threads were stopped: 0.0007641 seconds, Stopping threads took: 0.0003404 seconds
[2022-06-13T03:02:47.992+0000][1][safepoint    ] Application time: 1.0002760 seconds
[2022-06-13T03:02:47.992+0000][1][safepoint    ] Entering safepoint region: Cleanup
[2022-06-13T03:02:47.993+0000][1][safepoint    ] Leaving safepoint region
[2022-06-13T03:02:47.993+0000][1][safepoint    ] Total time for which application threads were stopped: 0.0006695 seconds, Stopping threads took: 0.0003505 seconds
[2022-06-13T03:02:48.993+0000][1][safepoint    ] Application time: 1.0001401 seconds
[2022-06-13T03:02:48.994+0000][1][safepoint    ] Entering safepoint region: Cleanup
[2022-06-13T03:02:48.994+0000][1][safepoint    ] Leaving safepoint region
[2022-06-13T03:02:48.994+0000][1][safepoint    ] Total time for which application threads were stopped: 0.0004536 seconds, Stopping threads took: 0.0001828 seconds
[2022-06-13T03:02:50.023+0000][1][safepoint    ] Application time: 1.0281829 seconds
[2022-06-13T03:02:50.023+0000][1][safepoint    ] Entering safepoint region: Cleanup
[2022-06-13T03:02:50.024+0000][1][safepoint    ] Leaving safepoint region
[2022-06-13T03:02:50.024+0000][1][safepoint    ] Total time for which application threads were stopped: 0.0009660 seconds, Stopping threads took: 0.0004316 seconds
[2022-06-13T03:02:51.025+0000][1][safepoint    ] Application time: 1.0002174 seconds
[2022-06-13T03:02:51.025+0000][1][safepoint    ] Entering safepoint region: Cleanup
[2022-06-13T03:02:51.026+0000][1][safepoint    ] Leaving safepoint region
[2022-06-13T03:02:51.026+0000][1][safepoint    ] Total time for which application threads were stopped: 0.0007289 seconds, Stopping threads took: 0.0003083 seconds
[2022-06-13T03:02:52.027+0000][1][safepoint    ] Application time: 1.0002690 seconds
[2022-06-13T03:02:52.027+0000][1][safepoint    ] Entering safepoint region: Cleanup
[2022-06-13T03:02:52.027+0000][1][safepoint    ] Leaving safepoint region
[2022-06-13T03:02:52.028+0000][1][safepoint    ] Total time for which application threads were stopped: 0.0006236 seconds, Stopping threads took: 0.0003242 seconds
[2022-06-13T03:02:53.028+0000][1][safepoint    ] Application time: 1.0003008 seconds
[2022-06-13T03:02:53.029+0000][1][safepoint    ] Entering safepoint region: Cleanup
[2022-06-13T03:02:53.029+0000][1][safepoint    ] Leaving safepoint region
[2022-06-13T03:02:53.030+0000][1][safepoint    ] Total time for which application threads were stopped: 0.0007881 seconds, Stopping threads took: 0.0003559 seconds
[2022-06-13T03:02:54.030+0000][1][safepoint    ] Application time: 1.0002110 seconds
[2022-06-13T03:02:54.031+0000][1][safepoint    ] Entering safepoint region: Cleanup
[2022-06-13T03:02:54.031+0000][1][safepoint    ] Leaving safepoint region
[2022-06-13T03:02:54.031+0000][1][safepoint    ] Total time for which application threads were stopped: 0.0007025 seconds, Stopping threads took: 0.0002773 seconds
[2022-06-13T03:02:55.032+0000][1][safepoint    ] Application time: 1.0001882 seconds
[2022-06-13T03:02:55.032+0000][1][safepoint    ] Entering safepoint region: Cleanup
[2022-06-13T03:02:55.033+0000][1][safepoint    ] Leaving safepoint region
[2022-06-13T03:02:55.033+0000][1][safepoint    ] Total time for which application threads were stopped: 0.0008286 seconds, Stopping threads took: 0.0003455 seconds
[2022-06-13T03:02:56.033+0000][1][safepoint    ] Application time: 1.0002919 seconds
[2022-06-13T03:02:56.034+0000][1][safepoint    ] Entering safepoint region: Cleanup
[2022-06-13T03:02:56.034+0000][1][safepoint    ] Leaving safepoint region
[2022-06-13T03:02:56.035+0000][1][safepoint    ] Total time for which application threads were stopped: 0.0008258 seconds, Stopping threads took: 0.0003950 seconds
[2022-06-13T03:02:57.036+0000][1][safepoint    ] Application time: 1.0003289 seconds
[2022-06-13T03:02:57.036+0000][1][safepoint    ] Entering safepoint region: Cleanup
[2022-06-13T03:02:57.037+0000][1][safepoint    ] Leaving safepoint region
[2022-06-13T03:02:57.038+0000][1][safepoint    ] Total time for which application threads were stopped: 0.0013863 seconds, Stopping threads took: 0.0006430 seconds
[2022-06-13T03:02:58.038+0000][1][safepoint    ] Application time: 1.0001552 seconds
[2022-06-13T03:02:58.039+0000][1][safepoint    ] Entering safepoint region: Cleanup
[2022-06-13T03:02:58.040+0000][1][safepoint    ] Leaving safepoint region
[2022-06-13T03:02:58.040+0000][1][safepoint    ] Total time for which application threads were stopped: 0.0008048 seconds, Stopping threads took: 0.0002951 seconds
[2022-06-13T03:02:59.040+0000][1][safepoint    ] Application time: 1.0001745 seconds
[2022-06-13T03:02:59.041+0000][1][safepoint    ] Entering safepoint region: Cleanup
[2022-06-13T03:02:59.041+0000][1][safepoint    ] Leaving safepoint region
[2022-06-13T03:02:59.041+0000][1][safepoint    ] Total time for which application threads were stopped: 0.0005131 seconds, Stopping threads took: 0.0002322 seconds
[2022-06-13T03:03:00.042+0000][1][safepoint    ] Application time: 1.0001933 seconds
[2022-06-13T03:03:00.042+0000][1][safepoint    ] Entering safepoint region: Cleanup
[2022-06-13T03:03:00.042+0000][1][safepoint    ] Leaving safepoint region
[2022-06-13T03:03:00.043+0000][1][safepoint    ] Total time for which application threads were stopped: 0.0005611 seconds, Stopping threads took: 0.0002489 seconds
[2022-06-13T03:03:01.043+0000][1][safepoint    ] Application time: 1.0002989 seconds
[2022-06-13T03:03:01.044+0000][1][safepoint    ] Entering safepoint region: Cleanup
[2022-06-13T03:03:01.045+0000][1][safepoint    ] Leaving safepoint region
[2022-06-13T03:03:01.045+0000][1][safepoint    ] Total time for which application threads were stopped: 0.0012700 seconds, Stopping threads took: 0.0005908 seconds
[2022-06-13T03:03:02.046+0000][1][safepoint    ] Application time: 1.0002603 seconds
[2022-06-13T03:03:02.047+0000][1][safepoint    ] Entering safepoint region: Cleanup
[2022-06-13T03:03:02.047+0000][1][safepoint    ] Leaving safepoint region
[2022-06-13T03:03:02.048+0000][1][safepoint    ] Total time for which application threads were stopped: 0.0007692 seconds, Stopping threads took: 0.0003463 seconds
[2022-06-13T03:03:03.048+0000][1][safepoint    ] Application time: 1.0001752 seconds
[2022-06-13T03:03:03.049+0000][1][safepoint    ] Entering safepoint region: Cleanup
[2022-06-13T03:03:03.049+0000][1][safepoint    ] Leaving safepoint region
[2022-06-13T03:03:03.050+0000][1][safepoint    ] Total time for which application threads were stopped: 0.0007815 seconds, Stopping threads took: 0.0003671 seconds
[2022-06-13T03:03:04.990+0000][1][safepoint    ] Application time: 1.9394955 seconds
[2022-06-13T03:03:04.990+0000][1][safepoint    ] Entering safepoint region: Cleanup
[2022-06-13T03:03:04.990+0000][1][safepoint    ] Leaving safepoint region
[2022-06-13T03:03:04.991+0000][1][safepoint    ] Total time for which application threads were stopped: 0.0007194 seconds, Stopping threads took: 0.0003200 seconds
[2022-06-13T03:03:05.991+0000][1][safepoint    ] Application time: 1.0001675 seconds
[2022-06-13T03:03:05.991+0000][1][safepoint    ] Entering safepoint region: Cleanup
[2022-06-13T03:03:05.992+0000][1][safepoint    ] Leaving safepoint region
[2022-06-13T03:03:05.992+0000][1][safepoint    ] Total time for which application threads were stopped: 0.0005800 seconds, Stopping threads took: 0.0002536 seconds
[2022-06-13T03:03:06.993+0000][1][safepoint    ] Application time: 1.0003493 seconds
[2022-06-13T03:03:06.993+0000][1][safepoint    ] Entering safepoint region: Cleanup
[2022-06-13T03:03:06.993+0000][1][safepoint    ] Leaving safepoint region
[2022-06-13T03:03:06.994+0000][1][safepoint    ] Total time for which application threads were stopped: 0.0007401 seconds, Stopping threads took: 0.0003366 seconds
[2022-06-13T03:03:07.994+0000][1][safepoint    ] Application time: 1.0002918 seconds
[2022-06-13T03:03:07.995+0000][1][safepoint    ] Entering safepoint region: Cleanup
[2022-06-13T03:03:07.995+0000][1][safepoint    ] Leaving safepoint region
[2022-06-13T03:03:07.995+0000][1][safepoint    ] Total time for which application threads were stopped: 0.0004917 seconds, Stopping threads took: 0.0002302 seconds
[2022-06-13T03:03:08.996+0000][1][safepoint    ] Application time: 1.0001403 seconds
[2022-06-13T03:03:08.996+0000][1][safepoint    ] Entering safepoint region: Cleanup
[2022-06-13T03:03:08.996+0000][1][safepoint    ] Leaving safepoint region
[2022-06-13T03:03:08.996+0000][1][safepoint    ] Total time for which application threads were stopped: 0.0003740 seconds, Stopping threads took: 0.0001713 seconds
[2022-06-13T03:03:09.997+0000][1][safepoint    ] Application time: 1.0001491 seconds
[2022-06-13T03:03:09.997+0000][1][safepoint    ] Entering safepoint region: Cleanup
[2022-06-13T03:03:09.997+0000][1][safepoint    ] Leaving safepoint region
[2022-06-13T03:03:09.997+0000][1][safepoint    ] Total time for which application threads were stopped: 0.0004740 seconds, Stopping threads took: 0.0002419 seconds
[2022-06-13T03:03:10.998+0000][1][safepoint    ] Application time: 1.0001155 seconds
[2022-06-13T03:03:10.998+0000][1][safepoint    ] Entering safepoint region: Cleanup
[2022-06-13T03:03:10.999+0000][1][safepoint    ] Leaving safepoint region
[2022-06-13T03:03:10.999+0000][1][safepoint    ] Total time for which application threads were stopped: 0.0006739 seconds, Stopping threads took: 0.0003215 seconds
[2022-06-13T03:03:11.999+0000][1][safepoint    ] Application time: 1.0001338 seconds
[2022-06-13T03:03:12.000+0000][1][safepoint    ] Entering safepoint region: Cleanup
[2022-06-13T03:03:12.000+0000][1][safepoint    ] Leaving safepoint region
[2022-06-13T03:03:12.001+0000][1][safepoint    ] Total time for which application threads were stopped: 0.0008117 seconds, Stopping threads took: 0.0003748 seconds
[2022-06-13T03:03:13.001+0000][1][safepoint    ] Application time: 1.0002212 seconds
[2022-06-13T03:03:13.002+0000][1][safepoint    ] Entering safepoint region: Cleanup
[2022-06-13T03:03:13.002+0000][1][safepoint    ] Leaving safepoint region
[2022-06-13T03:03:13.002+0000][1][safepoint    ] Total time for which application threads were stopped: 0.0004696 seconds, Stopping threads took: 0.0001920 seconds
[2022-06-13T03:03:13.993+0000][1][safepoint    ] Application time: 0.9907660 seconds
[2022-06-13T03:03:13.993+0000][1][safepoint    ] Entering safepoint region: GenCollectForAllocation
[2022-06-13T03:03:13.994+0000][1][gc,start     ] GC(23) Pause Young (Allocation Failure)
[2022-06-13T03:03:13.994+0000][1][gc,task      ] GC(23) Using 5 workers of 13 for evacuation
[2022-06-13T03:03:14.001+0000][1][gc,age       ] GC(23) Desired survivor size 4456448 bytes, new threshold 6 (max threshold 6)
[2022-06-13T03:03:14.002+0000][1][gc,age       ] GC(23) Age table with threshold 6 (max threshold 6)
[2022-06-13T03:03:14.002+0000][1][gc,age       ] GC(23) - age   1:     130160 bytes,     130160 total
[2022-06-13T03:03:14.002+0000][1][gc,age       ] GC(23) - age   2:    2749424 bytes,    2879584 total
[2022-06-13T03:03:14.002+0000][1][gc,heap      ] GC(23) ParNew: 78656K->5989K(78656K)
[2022-06-13T03:03:14.003+0000][1][gc,heap      ] GC(23) CMS: 63918K->67505K(174784K)
[2022-06-13T03:03:14.003+0000][1][gc,metaspace ] GC(23) Metaspace: 69335K->69335K(1112064K)
[2022-06-13T03:03:14.003+0000][1][gc           ] GC(23) Pause Young (Allocation Failure) 139M->71M(247M) 9.329ms
[2022-06-13T03:03:14.004+0000][1][gc,cpu       ] GC(23) User=0.03s Sys=0.00s Real=0.01s
[2022-06-13T03:03:14.004+0000][1][safepoint    ] Leaving safepoint region
[2022-06-13T03:03:14.004+0000][1][safepoint    ] Total time for which application threads were stopped: 0.0107913 seconds, Stopping threads took: 0.0003975 seconds
[2022-06-13T03:03:15.005+0000][1][safepoint    ] Application time: 1.0000762 seconds
[2022-06-13T03:03:15.005+0000][1][safepoint    ] Entering safepoint region: Cleanup
[2022-06-13T03:03:15.006+0000][1][safepoint    ] Leaving safepoint region
[2022-06-13T03:03:15.006+0000][1][safepoint    ] Total time for which application threads were stopped: 0.0008207 seconds, Stopping threads took: 0.0002412 seconds
[2022-06-13T03:03:16.007+0000][1][safepoint    ] Application time: 1.0002581 seconds
[2022-06-13T03:03:16.007+0000][1][safepoint    ] Entering safepoint region: Cleanup
[2022-06-13T03:03:16.008+0000][1][safepoint    ] Leaving safepoint region
[2022-06-13T03:03:16.008+0000][1][safepoint    ] Total time for which application threads were stopped: 0.0007985 seconds, Stopping threads took: 0.0004958 seconds
[2022-06-13T03:03:17.009+0000][1][safepoint    ] Application time: 1.0001921 seconds
[2022-06-13T03:03:17.010+0000][1][safepoint    ] Entering safepoint region: Cleanup
[2022-06-13T03:03:17.010+0000][1][safepoint    ] Leaving safepoint region
[2022-06-13T03:03:17.011+0000][1][safepoint    ] Total time for which application threads were stopped: 0.0009797 seconds, Stopping threads took: 0.0004477 seconds
[2022-06-13T03:03:18.011+0000][1][safepoint    ] Application time: 1.0002788 seconds
[2022-06-13T03:03:18.012+0000][1][safepoint    ] Entering safepoint region: Cleanup
[2022-06-13T03:03:18.012+0000][1][safepoint    ] Leaving safepoint region
[2022-06-13T03:03:18.013+0000][1][safepoint    ] Total time for which application threads were stopped: 0.0008453 seconds, Stopping threads took: 0.0004247 seconds
[2022-06-13T03:03:19.013+0000][1][safepoint    ] Application time: 1.0001101 seconds
[2022-06-13T03:03:19.014+0000][1][safepoint    ] Entering safepoint region: Cleanup
[2022-06-13T03:03:19.014+0000][1][safepoint    ] Leaving safepoint region
[2022-06-13T03:03:19.014+0000][1][safepoint    ] Total time for which application threads were stopped: 0.0005456 seconds, Stopping threads took: 0.0002389 seconds
[2022-06-13T03:03:20.014+0000][1][safepoint    ] Application time: 1.0001070 seconds
[2022-06-13T03:03:20.015+0000][1][safepoint    ] Entering safepoint region: Cleanup
[2022-06-13T03:03:20.015+0000][1][safepoint    ] Leaving safepoint region
[2022-06-13T03:03:20.015+0000][1][safepoint    ] Total time for which application threads were stopped: 0.0007083 seconds, Stopping threads took: 0.0004177 seconds
[2022-06-13T03:03:21.016+0000][1][safepoint    ] Application time: 1.0002539 seconds
[2022-06-13T03:03:21.017+0000][1][safepoint    ] Entering safepoint region: Cleanup
[2022-06-13T03:03:21.017+0000][1][safepoint    ] Leaving safepoint region
[2022-06-13T03:03:21.018+0000][1][safepoint    ] Total time for which application threads were stopped: 0.0011783 seconds, Stopping threads took: 0.0005604 seconds
[2022-06-13T03:03:22.019+0000][1][safepoint    ] Application time: 1.0002700 seconds
[2022-06-13T03:03:22.019+0000][1][safepoint    ] Entering safepoint region: Cleanup
[2022-06-13T03:03:22.020+0000][1][safepoint    ] Leaving safepoint region
[2022-06-13T03:03:22.020+0000][1][safepoint    ] Total time for which application threads were stopped: 0.0006390 seconds, Stopping threads took: 0.0003001 seconds
[2022-06-13T03:03:23.020+0000][1][safepoint    ] Application time: 1.0001531 seconds
[2022-06-13T03:03:23.021+0000][1][safepoint    ] Entering safepoint region: Cleanup
[2022-06-13T03:03:23.021+0000][1][safepoint    ] Leaving safepoint region
[2022-06-13T03:03:23.021+0000][1][safepoint    ] Total time for which application threads were stopped: 0.0005772 seconds, Stopping threads took: 0.0002438 seconds
[2022-06-13T03:03:24.022+0000][1][safepoint    ] Application time: 1.0002221 seconds
[2022-06-13T03:03:24.022+0000][1][safepoint    ] Entering safepoint region: Cleanup
[2022-06-13T03:03:24.023+0000][1][safepoint    ] Leaving safepoint region
[2022-06-13T03:03:24.023+0000][1][safepoint    ] Total time for which application threads were stopped: 0.0009676 seconds, Stopping threads took: 0.0004619 seconds
[2022-06-13T03:03:25.024+0000][1][safepoint    ] Application time: 1.0002646 seconds
[2022-06-13T03:03:25.024+0000][1][safepoint    ] Entering safepoint region: Cleanup
[2022-06-13T03:03:25.025+0000][1][safepoint    ] Leaving safepoint region
[2022-06-13T03:03:25.025+0000][1][safepoint    ] Total time for which application threads were stopped: 0.0009517 seconds, Stopping threads took: 0.0004873 seconds
[2022-06-13T03:03:26.026+0000][1][safepoint    ] Application time: 1.0002222 seconds
[2022-06-13T03:03:26.027+0000][1][safepoint    ] Entering safepoint region: Cleanup
[2022-06-13T03:03:26.027+0000][1][safepoint    ] Leaving safepoint region
[2022-06-13T03:03:26.028+0000][1][safepoint    ] Total time for which application threads were stopped: 0.0010377 seconds, Stopping threads took: 0.0005000 seconds
[2022-06-13T03:03:27.029+0000][1][safepoint    ] Application time: 1.0002608 seconds
[2022-06-13T03:03:27.029+0000][1][safepoint    ] Entering safepoint region: Cleanup
[2022-06-13T03:03:27.030+0000][1][safepoint    ] Leaving safepoint region
[2022-06-13T03:03:27.030+0000][1][safepoint    ] Total time for which application threads were stopped: 0.0007598 seconds, Stopping threads took: 0.0003988 seconds
[2022-06-13T03:03:28.031+0000][1][safepoint    ] Application time: 1.0002510 seconds
[2022-06-13T03:03:28.031+0000][1][safepoint    ] Entering safepoint region: Cleanup
[2022-06-13T03:03:28.032+0000][1][safepoint    ] Leaving safepoint region
[2022-06-13T03:03:28.032+0000][1][safepoint    ] Total time for which application threads were stopped: 0.0009066 seconds, Stopping threads took: 0.0004301 seconds
[2022-06-13T03:03:29.033+0000][1][safepoint    ] Application time: 1.0002121 seconds
[2022-06-13T03:03:29.033+0000][1][safepoint    ] Entering safepoint region: Cleanup
[2022-06-13T03:03:29.034+0000][1][safepoint    ] Leaving safepoint region
[2022-06-13T03:03:29.034+0000][1][safepoint    ] Total time for which application threads were stopped: 0.0008964 seconds, Stopping threads took: 0.0004132 seconds
[2022-06-13T03:03:30.035+0000][1][safepoint    ] Application time: 1.0002024 seconds
[2022-06-13T03:03:30.036+0000][1][safepoint    ] Entering safepoint region: Cleanup
[2022-06-13T03:03:30.036+0000][1][safepoint    ] Leaving safepoint region
[2022-06-13T03:03:30.036+0000][1][safepoint    ] Total time for which application threads were stopped: 0.0007999 seconds, Stopping threads took: 0.0003859 seconds
[2022-06-13T03:03:31.037+0000][1][safepoint    ] Application time: 1.0002611 seconds
[2022-06-13T03:03:31.038+0000][1][safepoint    ] Entering safepoint region: Cleanup
[2022-06-13T03:03:31.038+0000][1][safepoint    ] Leaving safepoint region
[2022-06-13T03:03:31.038+0000][1][safepoint    ] Total time for which application threads were stopped: 0.0007720 seconds, Stopping threads took: 0.0003693 seconds
[2022-06-13T03:03:32.039+0000][1][safepoint    ] Application time: 1.0001184 seconds
[2022-06-13T03:03:32.039+0000][1][safepoint    ] Entering safepoint region: Cleanup
[2022-06-13T03:03:32.040+0000][1][safepoint    ] Leaving safepoint region
[2022-06-13T03:03:32.040+0000][1][safepoint    ] Total time for which application threads were stopped: 0.0005568 seconds, Stopping threads took: 0.0002286 seconds
[2022-06-13T03:03:33.040+0000][1][safepoint    ] Application time: 1.0003034 seconds
[2022-06-13T03:03:33.041+0000][1][safepoint    ] Entering safepoint region: Cleanup
[2022-06-13T03:03:33.042+0000][1][safepoint    ] Leaving safepoint region
[2022-06-13T03:03:33.042+0000][1][safepoint    ] Total time for which application threads were stopped: 0.0011211 seconds, Stopping threads took: 0.0005478 seconds
[2022-06-13T03:03:34.043+0000][1][safepoint    ] Application time: 1.0001899 seconds
[2022-06-13T03:03:34.044+0000][1][safepoint    ] Entering safepoint region: Cleanup
[2022-06-13T03:03:34.044+0000][1][safepoint    ] Leaving safepoint region
[2022-06-13T03:03:34.044+0000][1][safepoint    ] Total time for which application threads were stopped: 0.0006964 seconds, Stopping threads took: 0.0003040 seconds
[2022-06-13T03:03:35.045+0000][1][safepoint    ] Application time: 1.0001766 seconds
[2022-06-13T03:03:35.045+0000][1][safepoint    ] Entering safepoint region: Cleanup
[2022-06-13T03:03:35.045+0000][1][safepoint    ] Leaving safepoint region
[2022-06-13T03:03:35.046+0000][1][safepoint    ] Total time for which application threads were stopped: 0.0005914 seconds, Stopping threads took: 0.0002632 seconds
[2022-06-13T03:03:36.046+0000][1][safepoint    ] Application time: 1.0002188 seconds
[2022-06-13T03:03:36.046+0000][1][safepoint    ] Entering safepoint region: Cleanup
[2022-06-13T03:03:36.047+0000][1][safepoint    ] Leaving safepoint region
[2022-06-13T03:03:36.047+0000][1][safepoint    ] Total time for which application threads were stopped: 0.0007592 seconds, Stopping threads took: 0.0003661 seconds
[2022-06-13T03:03:37.048+0000][1][safepoint    ] Application time: 1.0003311 seconds
[2022-06-13T03:03:37.048+0000][1][safepoint    ] Entering safepoint region: Cleanup
[2022-06-13T03:03:37.049+0000][1][safepoint    ] Leaving safepoint region
[2022-06-13T03:03:37.049+0000][1][safepoint    ] Total time for which application threads were stopped: 0.0007919 seconds, Stopping threads took: 0.0003943 seconds
[2022-06-13T03:03:38.050+0000][1][safepoint    ] Application time: 1.0002056 seconds
[2022-06-13T03:03:38.050+0000][1][safepoint    ] Entering safepoint region: Cleanup
[2022-06-13T03:03:38.050+0000][1][safepoint    ] Leaving safepoint region
[2022-06-13T03:03:38.050+0000][1][safepoint    ] Total time for which application threads were stopped: 0.0004727 seconds, Stopping threads took: 0.0002224 seconds
[2022-06-13T03:03:39.051+0000][1][safepoint    ] Application time: 1.0001070 seconds
[2022-06-13T03:03:39.051+0000][1][safepoint    ] Entering safepoint region: Cleanup
[2022-06-13T03:03:39.051+0000][1][safepoint    ] Leaving safepoint region
[2022-06-13T03:03:39.052+0000][1][safepoint    ] Total time for which application threads were stopped: 0.0006011 seconds, Stopping threads took: 0.0001874 seconds
[2022-06-13T03:03:39.420+0000][1][safepoint    ] Application time: 0.3683231 seconds
[2022-06-13T03:03:39.421+0000][1][safepoint    ] Entering safepoint region: RevokeBias
[2022-06-13T03:03:39.421+0000][1][safepoint    ] Leaving safepoint region
[2022-06-13T03:03:39.421+0000][1][safepoint    ] Total time for which application threads were stopped: 0.0006584 seconds, Stopping threads took: 0.0003243 seconds
[2022-06-13T03:03:39.422+0000][1][safepoint    ] Application time: 0.0003139 seconds
[2022-06-13T03:03:39.422+0000][1][safepoint    ] Entering safepoint region: RevokeBias
[2022-06-13T03:03:39.423+0000][1][safepoint    ] Leaving safepoint region
[2022-06-13T03:03:39.423+0000][1][safepoint    ] Total time for which application threads were stopped: 0.0007332 seconds, Stopping threads took: 0.0003023 seconds
[2022-06-13T03:03:39.424+0000][1][safepoint    ] Application time: 0.0008056 seconds
[2022-06-13T03:03:39.425+0000][1][safepoint    ] Entering safepoint region: RevokeBias
[2022-06-13T03:03:39.425+0000][1][safepoint    ] Leaving safepoint region
[2022-06-13T03:03:39.425+0000][1][safepoint    ] Total time for which application threads were stopped: 0.0008342 seconds, Stopping threads took: 0.0003953 seconds
[2022-06-13T03:03:39.426+0000][1][safepoint    ] Application time: 0.0002594 seconds
[2022-06-13T03:03:39.426+0000][1][safepoint    ] Entering safepoint region: RevokeBias
[2022-06-13T03:03:39.427+0000][1][safepoint    ] Leaving safepoint region
[2022-06-13T03:03:39.427+0000][1][safepoint    ] Total time for which application threads were stopped: 0.0005536 seconds, Stopping threads took: 0.0002500 seconds
[2022-06-13T03:03:39.428+0000][1][safepoint    ] Application time: 0.0008050 seconds
[2022-06-13T03:03:39.428+0000][1][safepoint    ] Entering safepoint region: RevokeBias
[2022-06-13T03:03:39.429+0000][1][safepoint    ] Leaving safepoint region
[2022-06-13T03:03:39.429+0000][1][safepoint    ] Total time for which application threads were stopped: 0.0005832 seconds, Stopping threads took: 0.0003085 seconds
[2022-06-13T03:03:39.430+0000][1][safepoint    ] Application time: 0.0012784 seconds
[2022-06-13T03:03:39.431+0000][1][safepoint    ] Entering safepoint region: RevokeBias
[2022-06-13T03:03:39.431+0000][1][safepoint    ] Leaving safepoint region
[2022-06-13T03:03:39.431+0000][1][safepoint    ] Total time for which application threads were stopped: 0.0003164 seconds, Stopping threads took: 0.0001510 seconds
[2022-06-13T03:03:39.432+0000][1][safepoint    ] Application time: 0.0005768 seconds
[2022-06-13T03:03:39.432+0000][1][safepoint    ] Entering safepoint region: RevokeBias
[2022-06-13T03:03:39.432+0000][1][safepoint    ] Leaving safepoint region
[2022-06-13T03:03:39.432+0000][1][safepoint    ] Total time for which application threads were stopped: 0.0004836 seconds, Stopping threads took: 0.0002819 seconds
[2022-06-13T03:03:39.433+0000][1][safepoint    ] Application time: 0.0001859 seconds
[2022-06-13T03:03:39.434+0000][1][safepoint    ] Entering safepoint region: RevokeBias
[2022-06-13T03:03:39.434+0000][1][safepoint    ] Leaving safepoint region
[2022-06-13T03:03:39.435+0000][1][safepoint    ] Total time for which application threads were stopped: 0.0012407 seconds, Stopping threads took: 0.0006126 seconds
[2022-06-13T03:03:39.436+0000][1][safepoint    ] Application time: 0.0010654 seconds
[2022-06-13T03:03:39.436+0000][1][safepoint    ] Entering safepoint region: RevokeBias
[2022-06-13T03:03:39.436+0000][1][safepoint    ] Leaving safepoint region
[2022-06-13T03:03:39.437+0000][1][safepoint    ] Total time for which application threads were stopped: 0.0004666 seconds, Stopping threads took: 0.0001829 seconds
[2022-06-13T03:03:39.437+0000][1][safepoint    ] Application time: 0.0003975 seconds
[2022-06-13T03:03:39.438+0000][1][safepoint    ] Entering safepoint region: RevokeBias
[2022-06-13T03:03:39.438+0000][1][safepoint    ] Leaving safepoint region
[2022-06-13T03:03:39.438+0000][1][safepoint    ] Total time for which application threads were stopped: 0.0003246 seconds, Stopping threads took: 0.0001386 seconds
[2022-06-13T03:03:39.439+0000][1][safepoint    ] Application time: 0.0006060 seconds
[2022-06-13T03:03:39.439+0000][1][safepoint    ] Entering safepoint region: RevokeBias
[2022-06-13T03:03:39.439+0000][1][safepoint    ] Leaving safepoint region
[2022-06-13T03:03:39.440+0000][1][safepoint    ] Total time for which application threads were stopped: 0.0006708 seconds, Stopping threads took: 0.0003303 seconds
[2022-06-13T03:03:39.440+0000][1][safepoint    ] Application time: 0.0002448 seconds
[2022-06-13T03:03:39.441+0000][1][safepoint    ] Entering safepoint region: RevokeBias
[2022-06-13T03:03:39.441+0000][1][safepoint    ] Leaving safepoint region
[2022-06-13T03:03:39.441+0000][1][safepoint    ] Total time for which application threads were stopped: 0.0008641 seconds, Stopping threads took: 0.0004174 seconds
[2022-06-13T03:03:39.443+0000][1][safepoint    ] Application time: 0.0009205 seconds
[2022-06-13T03:03:39.443+0000][1][safepoint    ] Entering safepoint region: RevokeBias
[2022-06-13T03:03:39.444+0000][1][safepoint    ] Leaving safepoint region
[2022-06-13T03:03:39.444+0000][1][safepoint    ] Total time for which application threads were stopped: 0.0006994 seconds, Stopping threads took: 0.0002677 seconds
[2022-06-13T03:03:39.445+0000][1][safepoint    ] Application time: 0.0002583 seconds
[2022-06-13T03:03:39.445+0000][1][safepoint    ] Entering safepoint region: RevokeBias
[2022-06-13T03:03:39.445+0000][1][safepoint    ] Leaving safepoint region
[2022-06-13T03:03:39.446+0000][1][safepoint    ] Total time for which application threads were stopped: 0.0011342 seconds, Stopping threads took: 0.0004403 seconds
[2022-06-13T03:03:39.447+0000][1][safepoint    ] Application time: 0.0002653 seconds
[2022-06-13T03:03:39.447+0000][1][safepoint    ] Entering safepoint region: RevokeBias
[2022-06-13T03:03:39.447+0000][1][safepoint    ] Leaving safepoint region
[2022-06-13T03:03:39.448+0000][1][safepoint    ] Total time for which application threads were stopped: 0.0008212 seconds, Stopping threads took: 0.0003083 seconds
[2022-06-13T03:03:39.448+0000][1][safepoint    ] Application time: 0.0001250 seconds
[2022-06-13T03:03:39.448+0000][1][safepoint    ] Entering safepoint region: RevokeBias
[2022-06-13T03:03:39.449+0000][1][safepoint    ] Leaving safepoint region
[2022-06-13T03:03:39.449+0000][1][safepoint    ] Total time for which application threads were stopped: 0.0006211 seconds, Stopping threads took: 0.0003252 seconds
[2022-06-13T03:03:39.450+0000][1][safepoint    ] Application time: 0.0006255 seconds
[2022-06-13T03:03:39.450+0000][1][safepoint    ] Entering safepoint region: RevokeBias
[2022-06-13T03:03:39.450+0000][1][safepoint    ] Leaving safepoint region
[2022-06-13T03:03:39.451+0000][1][safepoint    ] Total time for which application threads were stopped: 0.0005757 seconds, Stopping threads took: 0.0001316 seconds
[2022-06-13T03:03:39.452+0000][1][safepoint    ] Application time: 0.0005589 seconds
[2022-06-13T03:03:39.452+0000][1][safepoint    ] Entering safepoint region: RevokeBias
[2022-06-13T03:03:39.452+0000][1][safepoint    ] Leaving safepoint region
[2022-06-13T03:03:39.452+0000][1][safepoint    ] Total time for which application threads were stopped: 0.0003847 seconds, Stopping threads took: 0.0001457 seconds
[2022-06-13T03:03:39.453+0000][1][safepoint    ] Application time: 0.0004482 seconds
[2022-06-13T03:03:39.453+0000][1][safepoint    ] Entering safepoint region: RevokeBias
[2022-06-13T03:03:39.453+0000][1][safepoint    ] Leaving safepoint region
[2022-06-13T03:03:39.453+0000][1][safepoint    ] Total time for which application threads were stopped: 0.0004177 seconds, Stopping threads took: 0.0002695 seconds
[2022-06-13T03:03:39.454+0000][1][safepoint    ] Application time: 0.0001180 seconds
[2022-06-13T03:03:39.454+0000][1][safepoint    ] Entering safepoint region: RevokeBias
[2022-06-13T03:03:39.454+0000][1][safepoint    ] Leaving safepoint region
[2022-06-13T03:03:39.454+0000][1][safepoint    ] Total time for which application threads were stopped: 0.0002846 seconds, Stopping threads took: 0.0001426 seconds
[2022-06-13T03:03:39.455+0000][1][safepoint    ] Application time: 0.0002364 seconds
[2022-06-13T03:03:39.455+0000][1][safepoint    ] Entering safepoint region: RevokeBias
[2022-06-13T03:03:39.455+0000][1][safepoint    ] Leaving safepoint region
[2022-06-13T03:03:39.455+0000][1][safepoint    ] Total time for which application threads were stopped: 0.0004739 seconds, Stopping threads took: 0.0001702 seconds
[2022-06-13T03:03:39.455+0000][1][safepoint    ] Application time: 0.0001103 seconds
[2022-06-13T03:03:39.456+0000][1][safepoint    ] Entering safepoint region: RevokeBias
[2022-06-13T03:03:39.456+0000][1][safepoint    ] Leaving safepoint region
[2022-06-13T03:03:39.456+0000][1][safepoint    ] Total time for which application threads were stopped: 0.0003058 seconds, Stopping threads took: 0.0001731 seconds
[2022-06-13T03:03:39.456+0000][1][safepoint    ] Application time: 0.0001320 seconds
[2022-06-13T03:03:39.457+0000][1][safepoint    ] Entering safepoint region: RevokeBias
[2022-06-13T03:03:39.457+0000][1][safepoint    ] Leaving safepoint region
[2022-06-13T03:03:39.457+0000][1][safepoint    ] Total time for which application threads were stopped: 0.0007469 seconds, Stopping threads took: 0.0002475 seconds
[2022-06-13T03:03:39.458+0000][1][safepoint    ] Application time: 0.0002112 seconds
[2022-06-13T03:03:39.458+0000][1][safepoint    ] Entering safepoint region: RevokeBias
[2022-06-13T03:03:39.458+0000][1][safepoint    ] Leaving safepoint region
[2022-06-13T03:03:39.459+0000][1][safepoint    ] Total time for which application threads were stopped: 0.0005587 seconds, Stopping threads took: 0.0003713 seconds
[2022-06-13T03:03:39.459+0000][1][safepoint    ] Application time: 0.0000906 seconds
[2022-06-13T03:03:39.459+0000][1][safepoint    ] Entering safepoint region: RevokeBias
[2022-06-13T03:03:39.459+0000][1][safepoint    ] Leaving safepoint region
[2022-06-13T03:03:39.459+0000][1][safepoint    ] Total time for which application threads were stopped: 0.0002923 seconds, Stopping threads took: 0.0001384 seconds
[2022-06-13T03:03:39.459+0000][1][safepoint    ] Application time: 0.0001712 seconds
[2022-06-13T03:03:39.460+0000][1][safepoint    ] Entering safepoint region: RevokeBias
[2022-06-13T03:03:39.460+0000][1][safepoint    ] Leaving safepoint region
[2022-06-13T03:03:39.460+0000][1][safepoint    ] Total time for which application threads were stopped: 0.0002556 seconds, Stopping threads took: 0.0001526 seconds
[2022-06-13T03:03:39.929+0000][1][safepoint    ] Application time: 0.4693577 seconds
[2022-06-13T03:03:39.930+0000][1][safepoint    ] Entering safepoint region: RevokeBias
[2022-06-13T03:03:39.930+0000][1][safepoint    ] Leaving safepoint region
[2022-06-13T03:03:39.931+0000][1][safepoint    ] Total time for which application threads were stopped: 0.0007461 seconds, Stopping threads took: 0.0004062 seconds
[2022-06-13T03:03:39.931+0000][1][safepoint    ] Application time: 0.0002969 seconds
[2022-06-13T03:03:39.932+0000][1][safepoint    ] Entering safepoint region: RevokeBias
[2022-06-13T03:03:39.932+0000][1][safepoint    ] Leaving safepoint region
[2022-06-13T03:03:39.932+0000][1][safepoint    ] Total time for which application threads were stopped: 0.0006161 seconds, Stopping threads took: 0.0002789 seconds
[2022-06-13T03:03:39.932+0000][1][safepoint    ] Application time: 0.0000555 seconds
[2022-06-13T03:03:39.933+0000][1][safepoint    ] Entering safepoint region: RevokeBias
[2022-06-13T03:03:39.933+0000][1][safepoint    ] Leaving safepoint region
[2022-06-13T03:03:39.934+0000][1][safepoint    ] Total time for which application threads were stopped: 0.0008606 seconds, Stopping threads took: 0.0004139 seconds
[2022-06-13T03:03:39.934+0000][1][safepoint    ] Application time: 0.0001485 seconds
[2022-06-13T03:03:39.934+0000][1][safepoint    ] Entering safepoint region: RevokeBias
[2022-06-13T03:03:39.935+0000][1][safepoint    ] Leaving safepoint region
[2022-06-13T03:03:39.935+0000][1][safepoint    ] Total time for which application threads were stopped: 0.0006653 seconds, Stopping threads took: 0.0003515 seconds
[2022-06-13T03:03:39.936+0000][1][safepoint    ] Application time: 0.0001337 seconds
[2022-06-13T03:03:39.936+0000][1][safepoint    ] Entering safepoint region: RevokeBias
[2022-06-13T03:03:39.936+0000][1][safepoint    ] Leaving safepoint region
[2022-06-13T03:03:39.937+0000][1][safepoint    ] Total time for which application threads were stopped: 0.0006531 seconds, Stopping threads took: 0.0003863 seconds
[2022-06-13T03:03:39.940+0000][1][safepoint    ] Application time: 0.0026850 seconds
[2022-06-13T03:03:39.940+0000][1][safepoint    ] Entering safepoint region: RevokeBias
[2022-06-13T03:03:39.940+0000][1][safepoint    ] Leaving safepoint region
[2022-06-13T03:03:39.940+0000][1][safepoint    ] Total time for which application threads were stopped: 0.0004585 seconds, Stopping threads took: 0.0002261 seconds
[2022-06-13T03:03:39.941+0000][1][safepoint    ] Application time: 0.0005435 seconds
[2022-06-13T03:03:39.941+0000][1][safepoint    ] Entering safepoint region: RevokeBias
[2022-06-13T03:03:39.942+0000][1][safepoint    ] Leaving safepoint region
[2022-06-13T03:03:39.942+0000][1][safepoint    ] Total time for which application threads were stopped: 0.0005931 seconds, Stopping threads took: 0.0002582 seconds
[2022-06-13T03:03:39.942+0000][1][safepoint    ] Application time: 0.0001492 seconds
[2022-06-13T03:03:39.942+0000][1][safepoint    ] Entering safepoint region: RevokeBias
[2022-06-13T03:03:39.943+0000][1][safepoint    ] Leaving safepoint region
[2022-06-13T03:03:39.943+0000][1][safepoint    ] Total time for which application threads were stopped: 0.0002098 seconds, Stopping threads took: 0.0001013 seconds
[2022-06-13T03:03:39.943+0000][1][safepoint    ] Application time: 0.0005979 seconds
[2022-06-13T03:03:39.944+0000][1][safepoint    ] Entering safepoint region: RevokeBias
[2022-06-13T03:03:39.944+0000][1][safepoint    ] Leaving safepoint region
[2022-06-13T03:03:39.944+0000][1][safepoint    ] Total time for which application threads were stopped: 0.0002238 seconds, Stopping threads took: 0.0001017 seconds
[2022-06-13T03:03:39.944+0000][1][safepoint    ] Application time: 0.0001580 seconds
[2022-06-13T03:03:39.944+0000][1][safepoint    ] Entering safepoint region: RevokeBias
[2022-06-13T03:03:39.944+0000][1][safepoint    ] Leaving safepoint region
[2022-06-13T03:03:39.944+0000][1][safepoint    ] Total time for which application threads were stopped: 0.0002674 seconds, Stopping threads took: 0.0001356 seconds
[2022-06-13T03:03:39.945+0000][1][safepoint    ] Application time: 0.0001326 seconds
[2022-06-13T03:03:39.945+0000][1][safepoint    ] Entering safepoint region: RevokeBias
[2022-06-13T03:03:39.945+0000][1][safepoint    ] Leaving safepoint region
[2022-06-13T03:03:39.946+0000][1][safepoint    ] Total time for which application threads were stopped: 0.0005874 seconds, Stopping threads took: 0.0002920 seconds
[2022-06-13T03:03:39.946+0000][1][safepoint    ] Application time: 0.0004013 seconds
[2022-06-13T03:03:39.946+0000][1][safepoint    ] Entering safepoint region: BulkRevokeBias
[2022-06-13T03:03:39.947+0000][1][safepoint    ] Leaving safepoint region
[2022-06-13T03:03:39.947+0000][1][safepoint    ] Total time for which application threads were stopped: 0.0003523 seconds, Stopping threads took: 0.0001009 seconds
[2022-06-13T03:03:39.952+0000][1][safepoint    ] Application time: 0.0054352 seconds
[2022-06-13T03:03:39.953+0000][1][safepoint    ] Entering safepoint region: RevokeBias
[2022-06-13T03:03:39.953+0000][1][safepoint    ] Leaving safepoint region
[2022-06-13T03:03:39.953+0000][1][safepoint    ] Total time for which application threads were stopped: 0.0002557 seconds, Stopping threads took: 0.0001101 seconds
[2022-06-13T03:03:39.961+0000][1][safepoint    ] Application time: 0.0075434 seconds
[2022-06-13T03:03:39.961+0000][1][safepoint    ] Entering safepoint region: RevokeBias
[2022-06-13T03:03:39.961+0000][1][safepoint    ] Leaving safepoint region
[2022-06-13T03:03:39.961+0000][1][safepoint    ] Total time for which application threads were stopped: 0.0005036 seconds, Stopping threads took: 0.0002124 seconds
[2022-06-13T03:03:39.962+0000][1][safepoint    ] Application time: 0.0003325 seconds
[2022-06-13T03:03:39.962+0000][1][safepoint    ] Entering safepoint region: RevokeBias
[2022-06-13T03:03:39.963+0000][1][safepoint    ] Leaving safepoint region
[2022-06-13T03:03:39.963+0000][1][safepoint    ] Total time for which application threads were stopped: 0.0004647 seconds, Stopping threads took: 0.0002782 seconds
[2022-06-13T03:03:39.964+0000][1][safepoint    ] Application time: 0.0009165 seconds
[2022-06-13T03:03:39.964+0000][1][safepoint    ] Entering safepoint region: RevokeBias
[2022-06-13T03:03:39.964+0000][1][safepoint    ] Leaving safepoint region
[2022-06-13T03:03:39.965+0000][1][safepoint    ] Total time for which application threads were stopped: 0.0006799 seconds, Stopping threads took: 0.0003011 seconds
[2022-06-13T03:03:39.966+0000][1][safepoint    ] Application time: 0.0006078 seconds
[2022-06-13T03:03:39.966+0000][1][safepoint    ] Entering safepoint region: RevokeBias
[2022-06-13T03:03:39.967+0000][1][safepoint    ] Leaving safepoint region
[2022-06-13T03:03:39.967+0000][1][safepoint    ] Total time for which application threads were stopped: 0.0007183 seconds, Stopping threads took: 0.0003837 seconds
[2022-06-13T03:03:39.968+0000][1][safepoint    ] Application time: 0.0003532 seconds
[2022-06-13T03:03:39.968+0000][1][safepoint    ] Entering safepoint region: RevokeBias
[2022-06-13T03:03:39.968+0000][1][safepoint    ] Leaving safepoint region
[2022-06-13T03:03:39.969+0000][1][safepoint    ] Total time for which application threads were stopped: 0.0008191 seconds, Stopping threads took: 0.0004528 seconds
[2022-06-13T03:03:39.970+0000][1][safepoint    ] Application time: 0.0010763 seconds
[2022-06-13T03:03:39.970+0000][1][safepoint    ] Entering safepoint region: RevokeBias
[2022-06-13T03:03:39.970+0000][1][safepoint    ] Leaving safepoint region
[2022-06-13T03:03:39.971+0000][1][safepoint    ] Total time for which application threads were stopped: 0.0005521 seconds, Stopping threads took: 0.0002696 seconds
[2022-06-13T03:03:39.971+0000][1][safepoint    ] Application time: 0.0001332 seconds
[2022-06-13T03:03:39.971+0000][1][safepoint    ] Entering safepoint region: RevokeBias
[2022-06-13T03:03:39.972+0000][1][safepoint    ] Leaving safepoint region
[2022-06-13T03:03:39.972+0000][1][safepoint    ] Total time for which application threads were stopped: 0.0005093 seconds, Stopping threads took: 0.0002496 seconds
[2022-06-13T03:03:39.974+0000][1][safepoint    ] Application time: 0.0020386 seconds
[2022-06-13T03:03:39.974+0000][1][safepoint    ] Entering safepoint region: RevokeBias
[2022-06-13T03:03:39.975+0000][1][safepoint    ] Leaving safepoint region
[2022-06-13T03:03:39.975+0000][1][safepoint    ] Total time for which application threads were stopped: 0.0004246 seconds, Stopping threads took: 0.0002408 seconds
[2022-06-13T03:03:39.977+0000][1][gc,heap,exit ] Heap
[2022-06-13T03:03:39.978+0000][1][gc,heap,exit ]  par new generation   total 78656K, used 31220K [0x00000000f0000000, 0x00000000f5550000, 0x00000000f5550000)
[2022-06-13T03:03:39.978+0000][1][gc,heap,exit ]   eden space 69952K,  36% used [0x00000000f0000000, 0x00000000f18a3e38, 0x00000000f4450000)
[2022-06-13T03:03:39.978+0000][1][gc,heap,exit ]   from space 8704K,  68% used [0x00000000f4450000, 0x00000000f4a29490, 0x00000000f4cd0000)
[2022-06-13T03:03:39.978+0000][1][gc,heap,exit ]   to   space 8704K,   0% used [0x00000000f4cd0000, 0x00000000f4cd0000, 0x00000000f5550000)
[2022-06-13T03:03:39.978+0000][1][gc,heap,exit ]  concurrent mark-sweep generation total 174784K, used 67505K [0x00000000f5550000, 0x0000000100000000, 0x0000000100000000)
[2022-06-13T03:03:39.978+0000][1][gc,heap,exit ]  Metaspace       used 69518K, capacity 74570K, committed 74692K, reserved 1112064K
[2022-06-13T03:03:39.978+0000][1][gc,heap,exit ]   class space    used 9414K, capacity 11522K, committed 11636K, reserved 1048576K
[2022-06-13T03:03:39.978+0000][1][safepoint    ] Application time: 0.0033286 seconds
[2022-06-13T03:03:39.979+0000][1][safepoint    ] Entering safepoint region: Exit
