[2022-06-13T03:32:58.086+0000][1][gc] Using Concurrent Mark Sweep
[2022-06-13T03:32:58.087+0000][1][gc,heap,coops] Heap address: 0x00000000f0000000, size: 256 MB, Compressed Oops mode: 32-bit
[2022-06-13T03:32:58.116+0000][1][safepoint    ] Entering safepoint region: EnableBiasedLocking
[2022-06-13T03:32:58.117+0000][1][safepoint    ] Leaving safepoint region
[2022-06-13T03:32:58.117+0000][1][safepoint    ] Total time for which application threads were stopped: 0.0006159 seconds, Stopping threads took: 0.0003401 seconds
[2022-06-13T03:32:58.120+0000][1][safepoint    ] Application time: 0.0021723 seconds
[2022-06-13T03:32:58.120+0000][1][safepoint    ] Entering safepoint region: RevokeBias
[2022-06-13T03:32:58.192+0000][1][safepoint    ] Leaving safepoint region
[2022-06-13T03:32:58.192+0000][1][safepoint    ] Total time for which application threads were stopped: 0.0719866 seconds, Stopping threads took: 0.0717403 seconds
[2022-06-13T03:32:58.200+0000][1][safepoint    ] Application time: 0.0072412 seconds
[2022-06-13T03:32:58.200+0000][1][safepoint    ] Entering safepoint region: Deoptimize
[2022-06-13T03:32:58.200+0000][1][safepoint    ] Leaving safepoint region
[2022-06-13T03:32:58.200+0000][1][safepoint    ] Total time for which application threads were stopped: 0.0002714 seconds, Stopping threads took: 0.0001374 seconds
[2022-06-13T03:32:58.280+0000][1][safepoint    ] Application time: 0.0802018 seconds
[2022-06-13T03:32:58.281+0000][1][safepoint    ] Entering safepoint region: Deoptimize
[2022-06-13T03:32:58.281+0000][1][safepoint    ] Leaving safepoint region
[2022-06-13T03:32:58.281+0000][1][safepoint    ] Total time for which application threads were stopped: 0.0004289 seconds, Stopping threads took: 0.0001903 seconds
[2022-06-13T03:32:58.495+0000][1][safepoint    ] Application time: 0.2137597 seconds
[2022-06-13T03:32:58.495+0000][1][safepoint    ] Entering safepoint region: Deoptimize
[2022-06-13T03:32:58.495+0000][1][safepoint    ] Leaving safepoint region
[2022-06-13T03:32:58.496+0000][1][safepoint    ] Total time for which application threads were stopped: 0.0004306 seconds, Stopping threads took: 0.0001217 seconds
[2022-06-13T03:32:58.508+0000][1][safepoint    ] Application time: 0.0120227 seconds
[2022-06-13T03:32:58.508+0000][1][safepoint    ] Entering safepoint region: Deoptimize
[2022-06-13T03:32:58.508+0000][1][safepoint    ] Leaving safepoint region
[2022-06-13T03:32:58.508+0000][1][safepoint    ] Total time for which application threads were stopped: 0.0004323 seconds, Stopping threads took: 0.0001619 seconds
[2022-06-13T03:32:58.542+0000][1][safepoint    ] Application time: 0.0332772 seconds
[2022-06-13T03:32:58.542+0000][1][safepoint    ] Entering safepoint region: Deoptimize
[2022-06-13T03:32:58.542+0000][1][safepoint    ] Leaving safepoint region
[2022-06-13T03:32:58.542+0000][1][safepoint    ] Total time for which application threads were stopped: 0.0004677 seconds, Stopping threads took: 0.0001619 seconds
[2022-06-13T03:32:58.550+0000][1][safepoint    ] Application time: 0.0071083 seconds
[2022-06-13T03:32:58.550+0000][1][safepoint    ] Entering safepoint region: Deoptimize
[2022-06-13T03:32:58.550+0000][1][safepoint    ] Leaving safepoint region
[2022-06-13T03:32:58.550+0000][1][safepoint    ] Total time for which application threads were stopped: 0.0003590 seconds, Stopping threads took: 0.0001261 seconds
[2022-06-13T03:32:58.834+0000][1][safepoint    ] Application time: 0.2832072 seconds
[2022-06-13T03:32:58.834+0000][1][safepoint    ] Entering safepoint region: Deoptimize
[2022-06-13T03:32:58.834+0000][1][safepoint    ] Leaving safepoint region
[2022-06-13T03:32:58.834+0000][1][safepoint    ] Total time for which application threads were stopped: 0.0005835 seconds, Stopping threads took: 0.0001656 seconds
[2022-06-13T03:32:59.016+0000][1][safepoint    ] Application time: 0.1817161 seconds
[2022-06-13T03:32:59.016+0000][1][safepoint    ] Entering safepoint region: RevokeBias
[2022-06-13T03:32:59.017+0000][1][safepoint    ] Leaving safepoint region
[2022-06-13T03:32:59.017+0000][1][safepoint    ] Total time for which application threads were stopped: 0.0003150 seconds, Stopping threads took: 0.0001149 seconds
[2022-06-13T03:32:59.102+0000][1][safepoint    ] Application time: 0.0851452 seconds
[2022-06-13T03:32:59.102+0000][1][safepoint    ] Entering safepoint region: Deoptimize
[2022-06-13T03:32:59.103+0000][1][safepoint    ] Leaving safepoint region
[2022-06-13T03:32:59.103+0000][1][safepoint    ] Total time for which application threads were stopped: 0.0006314 seconds, Stopping threads took: 0.0001684 seconds
[2022-06-13T03:32:59.188+0000][1][safepoint    ] Application time: 0.0846645 seconds
[2022-06-13T03:32:59.188+0000][1][safepoint    ] Entering safepoint region: Deoptimize
[2022-06-13T03:32:59.189+0000][1][safepoint    ] Leaving safepoint region
[2022-06-13T03:32:59.189+0000][1][safepoint    ] Total time for which application threads were stopped: 0.0006387 seconds, Stopping threads took: 0.0001975 seconds
[2022-06-13T03:32:59.189+0000][1][safepoint    ] Application time: 0.0001431 seconds
[2022-06-13T03:32:59.190+0000][1][safepoint    ] Entering safepoint region: Deoptimize
[2022-06-13T03:32:59.190+0000][1][safepoint    ] Leaving safepoint region
[2022-06-13T03:32:59.190+0000][1][safepoint    ] Total time for which application threads were stopped: 0.0005102 seconds, Stopping threads took: 0.0001613 seconds
[2022-06-13T03:32:59.214+0000][1][safepoint    ] Application time: 0.0238170 seconds
[2022-06-13T03:32:59.215+0000][1][safepoint    ] Entering safepoint region: Deoptimize
[2022-06-13T03:32:59.215+0000][1][safepoint    ] Leaving safepoint region
[2022-06-13T03:32:59.215+0000][1][safepoint    ] Total time for which application threads were stopped: 0.0005138 seconds, Stopping threads took: 0.0001450 seconds
[2022-06-13T03:32:59.221+0000][1][safepoint    ] Application time: 0.0054675 seconds
[2022-06-13T03:32:59.221+0000][1][safepoint    ] Entering safepoint region: RevokeBias
[2022-06-13T03:32:59.221+0000][1][safepoint    ] Leaving safepoint region
[2022-06-13T03:32:59.221+0000][1][safepoint    ] Total time for which application threads were stopped: 0.0004006 seconds, Stopping threads took: 0.0002124 seconds
[2022-06-13T03:32:59.222+0000][1][safepoint    ] Application time: 0.0002760 seconds
[2022-06-13T03:32:59.222+0000][1][safepoint    ] Entering safepoint region: RevokeBias
[2022-06-13T03:32:59.222+0000][1][safepoint    ] Leaving safepoint region
[2022-06-13T03:32:59.222+0000][1][safepoint    ] Total time for which application threads were stopped: 0.0003072 seconds, Stopping threads took: 0.0001536 seconds
[2022-06-13T03:32:59.223+0000][1][safepoint    ] Application time: 0.0000743 seconds
[2022-06-13T03:32:59.223+0000][1][safepoint    ] Entering safepoint region: RevokeBias
[2022-06-13T03:32:59.223+0000][1][safepoint    ] Leaving safepoint region
[2022-06-13T03:32:59.223+0000][1][safepoint    ] Total time for which application threads were stopped: 0.0002771 seconds, Stopping threads took: 0.0001395 seconds
[2022-06-13T03:32:59.223+0000][1][safepoint    ] Application time: 0.0001078 seconds
[2022-06-13T03:32:59.223+0000][1][safepoint    ] Entering safepoint region: RevokeBias
[2022-06-13T03:32:59.223+0000][1][safepoint    ] Leaving safepoint region
[2022-06-13T03:32:59.224+0000][1][safepoint    ] Total time for which application threads were stopped: 0.0002806 seconds, Stopping threads took: 0.0001093 seconds
[2022-06-13T03:32:59.224+0000][1][safepoint    ] Application time: 0.0002076 seconds
[2022-06-13T03:32:59.224+0000][1][safepoint    ] Entering safepoint region: RevokeBias
[2022-06-13T03:32:59.224+0000][1][safepoint    ] Leaving safepoint region
[2022-06-13T03:32:59.224+0000][1][safepoint    ] Total time for which application threads were stopped: 0.0003441 seconds, Stopping threads took: 0.0001639 seconds
[2022-06-13T03:32:59.230+0000][1][safepoint    ] Application time: 0.0052078 seconds
[2022-06-13T03:32:59.230+0000][1][safepoint    ] Entering safepoint region: Deoptimize
[2022-06-13T03:32:59.230+0000][1][safepoint    ] Leaving safepoint region
[2022-06-13T03:32:59.231+0000][1][safepoint    ] Total time for which application threads were stopped: 0.0004845 seconds, Stopping threads took: 0.0001434 seconds
[2022-06-13T03:32:59.252+0000][1][safepoint    ] Application time: 0.0210775 seconds
[2022-06-13T03:32:59.252+0000][1][safepoint    ] Entering safepoint region: RevokeBias
[2022-06-13T03:32:59.252+0000][1][safepoint    ] Leaving safepoint region
[2022-06-13T03:32:59.253+0000][1][safepoint    ] Total time for which application threads were stopped: 0.0003621 seconds, Stopping threads took: 0.0001705 seconds
[2022-06-13T03:32:59.258+0000][1][safepoint    ] Application time: 0.0052536 seconds
[2022-06-13T03:32:59.258+0000][1][safepoint    ] Entering safepoint region: RevokeBias
[2022-06-13T03:32:59.259+0000][1][safepoint    ] Leaving safepoint region
[2022-06-13T03:32:59.259+0000][1][safepoint    ] Total time for which application threads were stopped: 0.0004409 seconds, Stopping threads took: 0.0002415 seconds
[2022-06-13T03:32:59.296+0000][1][safepoint    ] Application time: 0.0368207 seconds
[2022-06-13T03:32:59.296+0000][1][safepoint    ] Entering safepoint region: GenCollectForAllocation
[2022-06-13T03:32:59.296+0000][1][gc,start     ] GC(0) Pause Young (Allocation Failure)
[2022-06-13T03:32:59.297+0000][1][gc,task      ] GC(0) Using 5 workers of 13 for evacuation
[2022-06-13T03:32:59.303+0000][1][gc,age       ] GC(0) Desired survivor size 4456448 bytes, new threshold 1 (max threshold 6)
[2022-06-13T03:32:59.304+0000][1][gc,age       ] GC(0) Age table with threshold 1 (max threshold 6)
[2022-06-13T03:32:59.304+0000][1][gc,age       ] GC(0) - age   1:    8189384 bytes,    8189384 total
[2022-06-13T03:32:59.304+0000][1][gc,heap      ] GC(0) ParNew: 69952K->8108K(78656K)
[2022-06-13T03:32:59.304+0000][1][gc,heap      ] GC(0) CMS: 0K->0K(174784K)
[2022-06-13T03:32:59.304+0000][1][gc,metaspace ] GC(0) Metaspace: 12292K->12292K(1060864K)
[2022-06-13T03:32:59.305+0000][1][gc           ] GC(0) Pause Young (Allocation Failure) 68M->7M(247M) 8.374ms
[2022-06-13T03:32:59.305+0000][1][gc,cpu       ] GC(0) User=0.04s Sys=0.00s Real=0.01s
[2022-06-13T03:32:59.305+0000][1][safepoint    ] Leaving safepoint region
[2022-06-13T03:32:59.305+0000][1][safepoint    ] Total time for which application threads were stopped: 0.0090282 seconds, Stopping threads took: 0.0001696 seconds
[2022-06-13T03:32:59.306+0000][1][safepoint    ] Application time: 0.0004394 seconds
[2022-06-13T03:32:59.306+0000][1][safepoint    ] Entering safepoint region: RevokeBias
[2022-06-13T03:32:59.306+0000][1][safepoint    ] Leaving safepoint region
[2022-06-13T03:32:59.306+0000][1][safepoint    ] Total time for which application threads were stopped: 0.0003972 seconds, Stopping threads took: 0.0001918 seconds
[2022-06-13T03:32:59.306+0000][1][safepoint    ] Application time: 0.0000552 seconds
[2022-06-13T03:32:59.306+0000][1][safepoint    ] Entering safepoint region: RevokeBias
[2022-06-13T03:32:59.307+0000][1][safepoint    ] Leaving safepoint region
[2022-06-13T03:32:59.307+0000][1][safepoint    ] Total time for which application threads were stopped: 0.0002968 seconds, Stopping threads took: 0.0001506 seconds
[2022-06-13T03:32:59.307+0000][1][safepoint    ] Application time: 0.0001851 seconds
[2022-06-13T03:32:59.307+0000][1][safepoint    ] Entering safepoint region: RevokeBias
[2022-06-13T03:32:59.307+0000][1][safepoint    ] Leaving safepoint region
[2022-06-13T03:32:59.308+0000][1][safepoint    ] Total time for which application threads were stopped: 0.0003369 seconds, Stopping threads took: 0.0001815 seconds
[2022-06-13T03:32:59.308+0000][1][safepoint    ] Application time: 0.0000458 seconds
[2022-06-13T03:32:59.308+0000][1][safepoint    ] Entering safepoint region: RevokeBias
[2022-06-13T03:32:59.308+0000][1][safepoint    ] Leaving safepoint region
[2022-06-13T03:32:59.309+0000][1][safepoint    ] Total time for which application threads were stopped: 0.0006302 seconds, Stopping threads took: 0.0003110 seconds
[2022-06-13T03:32:59.309+0000][1][safepoint    ] Application time: 0.0001371 seconds
[2022-06-13T03:32:59.309+0000][1][safepoint    ] Entering safepoint region: RevokeBias
[2022-06-13T03:32:59.309+0000][1][safepoint    ] Leaving safepoint region
[2022-06-13T03:32:59.309+0000][1][safepoint    ] Total time for which application threads were stopped: 0.0003805 seconds, Stopping threads took: 0.0001739 seconds
[2022-06-13T03:32:59.310+0000][1][safepoint    ] Application time: 0.0000749 seconds
[2022-06-13T03:32:59.310+0000][1][safepoint    ] Entering safepoint region: RevokeBias
[2022-06-13T03:32:59.310+0000][1][safepoint    ] Leaving safepoint region
[2022-06-13T03:32:59.310+0000][1][safepoint    ] Total time for which application threads were stopped: 0.0004667 seconds, Stopping threads took: 0.0002497 seconds
[2022-06-13T03:32:59.311+0000][1][safepoint    ] Application time: 0.0010174 seconds
[2022-06-13T03:32:59.316+0000][1][safepoint    ] Entering safepoint region: RevokeBias
[2022-06-13T03:32:59.316+0000][1][safepoint    ] Leaving safepoint region
[2022-06-13T03:32:59.316+0000][1][safepoint    ] Total time for which application threads were stopped: 0.0025211 seconds, Stopping threads took: 0.0022685 seconds
[2022-06-13T03:32:59.316+0000][1][safepoint    ] Application time: 0.0001025 seconds
[2022-06-13T03:32:59.317+0000][1][safepoint    ] Entering safepoint region: RevokeBias
[2022-06-13T03:32:59.317+0000][1][safepoint    ] Leaving safepoint region
[2022-06-13T03:32:59.317+0000][1][safepoint    ] Total time for which application threads were stopped: 0.0003913 seconds, Stopping threads took: 0.0001886 seconds
[2022-06-13T03:32:59.317+0000][1][safepoint    ] Application time: 0.0001025 seconds
[2022-06-13T03:32:59.317+0000][1][safepoint    ] Entering safepoint region: RevokeBias
[2022-06-13T03:32:59.317+0000][1][safepoint    ] Leaving safepoint region
[2022-06-13T03:32:59.318+0000][1][safepoint    ] Total time for which application threads were stopped: 0.0002645 seconds, Stopping threads took: 0.0001207 seconds
[2022-06-13T03:32:59.318+0000][1][safepoint    ] Application time: 0.0000637 seconds
[2022-06-13T03:32:59.318+0000][1][safepoint    ] Entering safepoint region: RevokeBias
[2022-06-13T03:32:59.318+0000][1][safepoint    ] Leaving safepoint region
[2022-06-13T03:32:59.318+0000][1][safepoint    ] Total time for which application threads were stopped: 0.0002458 seconds, Stopping threads took: 0.0001026 seconds
[2022-06-13T03:32:59.318+0000][1][safepoint    ] Application time: 0.0000776 seconds
[2022-06-13T03:32:59.319+0000][1][safepoint    ] Entering safepoint region: RevokeBias
[2022-06-13T03:32:59.319+0000][1][safepoint    ] Leaving safepoint region
[2022-06-13T03:32:59.319+0000][1][safepoint    ] Total time for which application threads were stopped: 0.0005683 seconds, Stopping threads took: 0.0003558 seconds
[2022-06-13T03:32:59.319+0000][1][safepoint    ] Application time: 0.0000784 seconds
[2022-06-13T03:32:59.319+0000][1][safepoint    ] Entering safepoint region: RevokeBias
[2022-06-13T03:32:59.320+0000][1][safepoint    ] Leaving safepoint region
[2022-06-13T03:32:59.320+0000][1][safepoint    ] Total time for which application threads were stopped: 0.0003553 seconds, Stopping threads took: 0.0001714 seconds
[2022-06-13T03:32:59.320+0000][1][safepoint    ] Application time: 0.0000667 seconds
[2022-06-13T03:32:59.320+0000][1][safepoint    ] Entering safepoint region: RevokeBias
[2022-06-13T03:32:59.320+0000][1][safepoint    ] Leaving safepoint region
[2022-06-13T03:32:59.321+0000][1][safepoint    ] Total time for which application threads were stopped: 0.0003675 seconds, Stopping threads took: 0.0001399 seconds
[2022-06-13T03:32:59.321+0000][1][safepoint    ] Application time: 0.0000313 seconds
[2022-06-13T03:32:59.321+0000][1][safepoint    ] Entering safepoint region: RevokeBias
[2022-06-13T03:32:59.321+0000][1][safepoint    ] Leaving safepoint region
[2022-06-13T03:32:59.321+0000][1][safepoint    ] Total time for which application threads were stopped: 0.0003361 seconds, Stopping threads took: 0.0001534 seconds
[2022-06-13T03:32:59.322+0000][1][safepoint    ] Application time: 0.0001973 seconds
[2022-06-13T03:32:59.322+0000][1][safepoint    ] Entering safepoint region: RevokeBias
[2022-06-13T03:32:59.328+0000][1][safepoint    ] Leaving safepoint region
[2022-06-13T03:32:59.329+0000][1][safepoint    ] Total time for which application threads were stopped: 0.0067993 seconds, Stopping threads took: 0.0063112 seconds
[2022-06-13T03:32:59.329+0000][1][safepoint    ] Application time: 0.0002639 seconds
[2022-06-13T03:32:59.329+0000][1][safepoint    ] Entering safepoint region: RevokeBias
[2022-06-13T03:32:59.330+0000][1][safepoint    ] Leaving safepoint region
[2022-06-13T03:32:59.330+0000][1][safepoint    ] Total time for which application threads were stopped: 0.0003819 seconds, Stopping threads took: 0.0001671 seconds
[2022-06-13T03:32:59.330+0000][1][safepoint    ] Application time: 0.0000980 seconds
[2022-06-13T03:32:59.330+0000][1][safepoint    ] Entering safepoint region: RevokeBias
[2022-06-13T03:32:59.330+0000][1][safepoint    ] Leaving safepoint region
[2022-06-13T03:32:59.330+0000][1][safepoint    ] Total time for which application threads were stopped: 0.0003158 seconds, Stopping threads took: 0.0001512 seconds
[2022-06-13T03:32:59.331+0000][1][safepoint    ] Application time: 0.0000691 seconds
[2022-06-13T03:32:59.331+0000][1][safepoint    ] Entering safepoint region: RevokeBias
[2022-06-13T03:32:59.331+0000][1][safepoint    ] Leaving safepoint region
[2022-06-13T03:32:59.331+0000][1][safepoint    ] Total time for which application threads were stopped: 0.0002856 seconds, Stopping threads took: 0.0001438 seconds
[2022-06-13T03:32:59.331+0000][1][safepoint    ] Application time: 0.0000747 seconds
[2022-06-13T03:32:59.331+0000][1][safepoint    ] Entering safepoint region: RevokeBias
[2022-06-13T03:32:59.332+0000][1][safepoint    ] Leaving safepoint region
[2022-06-13T03:32:59.332+0000][1][safepoint    ] Total time for which application threads were stopped: 0.0002721 seconds, Stopping threads took: 0.0001478 seconds
[2022-06-13T03:32:59.332+0000][1][safepoint    ] Application time: 0.0000648 seconds
[2022-06-13T03:32:59.332+0000][1][safepoint    ] Entering safepoint region: RevokeBias
[2022-06-13T03:32:59.332+0000][1][safepoint    ] Leaving safepoint region
[2022-06-13T03:32:59.332+0000][1][safepoint    ] Total time for which application threads were stopped: 0.0003218 seconds, Stopping threads took: 0.0001730 seconds
[2022-06-13T03:32:59.333+0000][1][safepoint    ] Application time: 0.0001537 seconds
[2022-06-13T03:32:59.333+0000][1][safepoint    ] Entering safepoint region: RevokeBias
[2022-06-13T03:32:59.333+0000][1][safepoint    ] Leaving safepoint region
[2022-06-13T03:32:59.333+0000][1][safepoint    ] Total time for which application threads were stopped: 0.0002514 seconds, Stopping threads took: 0.0001430 seconds
[2022-06-13T03:32:59.333+0000][1][safepoint    ] Application time: 0.0000935 seconds
[2022-06-13T03:32:59.333+0000][1][safepoint    ] Entering safepoint region: RevokeBias
[2022-06-13T03:32:59.333+0000][1][safepoint    ] Leaving safepoint region
[2022-06-13T03:32:59.334+0000][1][safepoint    ] Total time for which application threads were stopped: 0.0002992 seconds, Stopping threads took: 0.0001556 seconds
[2022-06-13T03:32:59.334+0000][1][safepoint    ] Application time: 0.0000658 seconds
[2022-06-13T03:32:59.334+0000][1][safepoint    ] Entering safepoint region: RevokeBias
[2022-06-13T03:32:59.334+0000][1][safepoint    ] Leaving safepoint region
[2022-06-13T03:32:59.334+0000][1][safepoint    ] Total time for which application threads were stopped: 0.0003422 seconds, Stopping threads took: 0.0001542 seconds
[2022-06-13T03:32:59.334+0000][1][safepoint    ] Application time: 0.0000748 seconds
[2022-06-13T03:32:59.337+0000][1][safepoint    ] Entering safepoint region: RevokeBias
[2022-06-13T03:32:59.338+0000][1][safepoint    ] Leaving safepoint region
[2022-06-13T03:32:59.338+0000][1][safepoint    ] Total time for which application threads were stopped: 0.0008565 seconds, Stopping threads took: 0.0006048 seconds
[2022-06-13T03:32:59.338+0000][1][safepoint    ] Application time: 0.0001674 seconds
[2022-06-13T03:32:59.339+0000][1][safepoint    ] Entering safepoint region: RevokeBias
[2022-06-13T03:32:59.339+0000][1][safepoint    ] Leaving safepoint region
[2022-06-13T03:32:59.340+0000][1][safepoint    ] Total time for which application threads were stopped: 0.0010029 seconds, Stopping threads took: 0.0007538 seconds
[2022-06-13T03:32:59.340+0000][1][safepoint    ] Application time: 0.0001071 seconds
[2022-06-13T03:32:59.340+0000][1][safepoint    ] Entering safepoint region: RevokeBias
[2022-06-13T03:32:59.341+0000][1][safepoint    ] Leaving safepoint region
[2022-06-13T03:32:59.341+0000][1][safepoint    ] Total time for which application threads were stopped: 0.0008668 seconds, Stopping threads took: 0.0004462 seconds
[2022-06-13T03:32:59.534+0000][1][safepoint    ] Application time: 0.1930610 seconds
[2022-06-13T03:32:59.534+0000][1][safepoint    ] Entering safepoint region: Deoptimize
[2022-06-13T03:32:59.535+0000][1][safepoint    ] Leaving safepoint region
[2022-06-13T03:32:59.535+0000][1][safepoint    ] Total time for which application threads were stopped: 0.0007323 seconds, Stopping threads took: 0.0001717 seconds
[2022-06-13T03:32:59.699+0000][1][safepoint    ] Application time: 0.1638808 seconds
[2022-06-13T03:32:59.700+0000][1][safepoint    ] Entering safepoint region: RevokeBias
[2022-06-13T03:32:59.701+0000][1][safepoint    ] Leaving safepoint region
[2022-06-13T03:32:59.701+0000][1][safepoint    ] Total time for which application threads were stopped: 0.0005833 seconds, Stopping threads took: 0.0002711 seconds
[2022-06-13T03:32:59.793+0000][1][safepoint    ] Application time: 0.0919792 seconds
[2022-06-13T03:32:59.793+0000][1][safepoint    ] Entering safepoint region: RevokeBias
[2022-06-13T03:32:59.794+0000][1][safepoint    ] Leaving safepoint region
[2022-06-13T03:32:59.794+0000][1][safepoint    ] Total time for which application threads were stopped: 0.0005558 seconds, Stopping threads took: 0.0002674 seconds
[2022-06-13T03:32:59.796+0000][1][safepoint    ] Application time: 0.0020006 seconds
[2022-06-13T03:32:59.796+0000][1][safepoint    ] Entering safepoint region: RevokeBias
[2022-06-13T03:32:59.797+0000][1][safepoint    ] Leaving safepoint region
[2022-06-13T03:32:59.797+0000][1][safepoint    ] Total time for which application threads were stopped: 0.0013184 seconds, Stopping threads took: 0.0010353 seconds
[2022-06-13T03:32:59.814+0000][1][safepoint    ] Application time: 0.0163864 seconds
[2022-06-13T03:32:59.814+0000][1][safepoint    ] Entering safepoint region: GenCollectForAllocation
[2022-06-13T03:32:59.815+0000][1][gc,start     ] GC(1) Pause Young (Allocation Failure)
[2022-06-13T03:32:59.817+0000][1][gc,task      ] GC(1) Using 5 workers of 13 for evacuation
[2022-06-13T03:32:59.833+0000][1][gc,age       ] GC(1) Desired survivor size 4456448 bytes, new threshold 6 (max threshold 6)
[2022-06-13T03:32:59.833+0000][1][gc,age       ] GC(1) Age table with threshold 6 (max threshold 6)
[2022-06-13T03:32:59.834+0000][1][gc,age       ] GC(1) - age   1:    1953808 bytes,    1953808 total
[2022-06-13T03:32:59.834+0000][1][gc,heap      ] GC(1) ParNew: 78060K->5438K(78656K)
[2022-06-13T03:32:59.834+0000][1][gc,heap      ] GC(1) CMS: 0K->6672K(174784K)
[2022-06-13T03:32:59.834+0000][1][gc,metaspace ] GC(1) Metaspace: 14940K->14940K(1062912K)
[2022-06-13T03:32:59.834+0000][1][gc           ] GC(1) Pause Young (Allocation Failure) 76M->11M(247M) 19.365ms
[2022-06-13T03:32:59.834+0000][1][gc,cpu       ] GC(1) User=0.07s Sys=0.00s Real=0.02s
[2022-06-13T03:32:59.834+0000][1][safepoint    ] Leaving safepoint region
[2022-06-13T03:32:59.835+0000][1][safepoint    ] Total time for which application threads were stopped: 0.0201734 seconds, Stopping threads took: 0.0001941 seconds
[2022-06-13T03:32:59.835+0000][1][safepoint    ] Application time: 0.0002042 seconds
[2022-06-13T03:32:59.835+0000][1][safepoint    ] Entering safepoint region: RevokeBias
[2022-06-13T03:32:59.835+0000][1][safepoint    ] Leaving safepoint region
[2022-06-13T03:32:59.835+0000][1][safepoint    ] Total time for which application threads were stopped: 0.0003629 seconds, Stopping threads took: 0.0001296 seconds
[2022-06-13T03:32:59.836+0000][1][safepoint    ] Application time: 0.0001190 seconds
[2022-06-13T03:32:59.836+0000][1][safepoint    ] Entering safepoint region: RevokeBias
[2022-06-13T03:32:59.836+0000][1][safepoint    ] Leaving safepoint region
[2022-06-13T03:32:59.836+0000][1][safepoint    ] Total time for which application threads were stopped: 0.0003966 seconds, Stopping threads took: 0.0001939 seconds
[2022-06-13T03:32:59.837+0000][1][safepoint    ] Application time: 0.0002888 seconds
[2022-06-13T03:32:59.837+0000][1][safepoint    ] Entering safepoint region: RevokeBias
[2022-06-13T03:32:59.837+0000][1][safepoint    ] Leaving safepoint region
[2022-06-13T03:32:59.837+0000][1][safepoint    ] Total time for which application threads were stopped: 0.0002961 seconds, Stopping threads took: 0.0001310 seconds
[2022-06-13T03:32:59.837+0000][1][safepoint    ] Application time: 0.0000823 seconds
[2022-06-13T03:32:59.837+0000][1][safepoint    ] Entering safepoint region: RevokeBias
[2022-06-13T03:32:59.838+0000][1][safepoint    ] Leaving safepoint region
[2022-06-13T03:32:59.838+0000][1][safepoint    ] Total time for which application threads were stopped: 0.0003159 seconds, Stopping threads took: 0.0001429 seconds
[2022-06-13T03:32:59.842+0000][1][safepoint    ] Application time: 0.0040807 seconds
[2022-06-13T03:32:59.852+0000][1][safepoint    ] Entering safepoint region: RevokeBias
[2022-06-13T03:32:59.853+0000][1][safepoint    ] Leaving safepoint region
[2022-06-13T03:32:59.853+0000][1][safepoint    ] Total time for which application threads were stopped: 0.0037341 seconds, Stopping threads took: 0.0034263 seconds
[2022-06-13T03:32:59.859+0000][1][safepoint    ] Application time: 0.0061581 seconds
[2022-06-13T03:32:59.862+0000][1][safepoint    ] Entering safepoint region: RevokeBias
[2022-06-13T03:32:59.862+0000][1][safepoint    ] Leaving safepoint region
[2022-06-13T03:32:59.863+0000][1][safepoint    ] Total time for which application threads were stopped: 0.0014934 seconds, Stopping threads took: 0.0012196 seconds
[2022-06-13T03:32:59.868+0000][1][safepoint    ] Application time: 0.0055094 seconds
[2022-06-13T03:32:59.869+0000][1][safepoint    ] Entering safepoint region: RevokeBias
[2022-06-13T03:32:59.871+0000][1][safepoint    ] Leaving safepoint region
[2022-06-13T03:32:59.871+0000][1][safepoint    ] Total time for which application threads were stopped: 0.0018135 seconds, Stopping threads took: 0.0015312 seconds
[2022-06-13T03:32:59.872+0000][1][safepoint    ] Application time: 0.0000490 seconds
[2022-06-13T03:32:59.873+0000][1][safepoint    ] Entering safepoint region: RevokeBias
[2022-06-13T03:32:59.873+0000][1][safepoint    ] Leaving safepoint region
[2022-06-13T03:32:59.874+0000][1][safepoint    ] Total time for which application threads were stopped: 0.0010563 seconds, Stopping threads took: 0.0007724 seconds
[2022-06-13T03:32:59.874+0000][1][safepoint    ] Application time: 0.0000730 seconds
[2022-06-13T03:32:59.874+0000][1][safepoint    ] Entering safepoint region: RevokeBias
[2022-06-13T03:32:59.874+0000][1][safepoint    ] Leaving safepoint region
[2022-06-13T03:32:59.874+0000][1][safepoint    ] Total time for which application threads were stopped: 0.0003291 seconds, Stopping threads took: 0.0001291 seconds
[2022-06-13T03:32:59.874+0000][1][safepoint    ] Application time: 0.0000484 seconds
[2022-06-13T03:32:59.875+0000][1][safepoint    ] Entering safepoint region: RevokeBias
[2022-06-13T03:32:59.875+0000][1][safepoint    ] Leaving safepoint region
[2022-06-13T03:32:59.875+0000][1][safepoint    ] Total time for which application threads were stopped: 0.0003263 seconds, Stopping threads took: 0.0001354 seconds
[2022-06-13T03:32:59.875+0000][1][safepoint    ] Application time: 0.0000674 seconds
[2022-06-13T03:32:59.875+0000][1][safepoint    ] Entering safepoint region: BulkRevokeBias
[2022-06-13T03:32:59.875+0000][1][safepoint    ] Leaving safepoint region
[2022-06-13T03:32:59.876+0000][1][safepoint    ] Total time for which application threads were stopped: 0.0003599 seconds, Stopping threads took: 0.0001462 seconds
[2022-06-13T03:32:59.876+0000][1][safepoint    ] Application time: 0.0000429 seconds
[2022-06-13T03:32:59.876+0000][1][safepoint    ] Entering safepoint region: RevokeBias
[2022-06-13T03:32:59.876+0000][1][safepoint    ] Leaving safepoint region
[2022-06-13T03:32:59.876+0000][1][safepoint    ] Total time for which application threads were stopped: 0.0004511 seconds, Stopping threads took: 0.0002523 seconds
[2022-06-13T03:32:59.877+0000][1][safepoint    ] Application time: 0.0000630 seconds
[2022-06-13T03:32:59.877+0000][1][safepoint    ] Entering safepoint region: BulkRevokeBias
[2022-06-13T03:32:59.877+0000][1][safepoint    ] Leaving safepoint region
[2022-06-13T03:32:59.877+0000][1][safepoint    ] Total time for which application threads were stopped: 0.0003360 seconds, Stopping threads took: 0.0001467 seconds
[2022-06-13T03:32:59.978+0000][1][safepoint    ] Application time: 0.1006781 seconds
[2022-06-13T03:32:59.978+0000][1][safepoint    ] Entering safepoint region: GenCollectForAllocation
[2022-06-13T03:32:59.978+0000][1][gc,start     ] GC(2) Pause Young (Allocation Failure)
[2022-06-13T03:32:59.979+0000][1][gc,task      ] GC(2) Using 5 workers of 13 for evacuation
[2022-06-13T03:32:59.982+0000][1][gc,age       ] GC(2) Desired survivor size 4456448 bytes, new threshold 6 (max threshold 6)
[2022-06-13T03:32:59.982+0000][1][gc,age       ] GC(2) Age table with threshold 6 (max threshold 6)
[2022-06-13T03:32:59.983+0000][1][gc,age       ] GC(2) - age   1:    2603024 bytes,    2603024 total
[2022-06-13T03:32:59.983+0000][1][gc,age       ] GC(2) - age   2:    1206424 bytes,    3809448 total
[2022-06-13T03:32:59.983+0000][1][gc,heap      ] GC(2) ParNew: 75390K->4775K(78656K)
[2022-06-13T03:32:59.983+0000][1][gc,heap      ] GC(2) CMS: 6672K->6672K(174784K)
[2022-06-13T03:32:59.983+0000][1][gc,metaspace ] GC(2) Metaspace: 15084K->15084K(1062912K)
[2022-06-13T03:32:59.983+0000][1][gc           ] GC(2) Pause Young (Allocation Failure) 80M->11M(247M) 4.706ms
[2022-06-13T03:32:59.983+0000][1][gc,cpu       ] GC(2) User=0.03s Sys=0.00s Real=0.01s
[2022-06-13T03:32:59.984+0000][1][safepoint    ] Leaving safepoint region
[2022-06-13T03:32:59.984+0000][1][safepoint    ] Total time for which application threads were stopped: 0.0055269 seconds, Stopping threads took: 0.0002594 seconds
[2022-06-13T03:32:59.989+0000][1][safepoint    ] Application time: 0.0054014 seconds
[2022-06-13T03:32:59.999+0000][1][safepoint    ] Entering safepoint region: RevokeBias
[2022-06-13T03:33:00.000+0000][1][safepoint    ] Leaving safepoint region
[2022-06-13T03:33:00.000+0000][1][safepoint    ] Total time for which application threads were stopped: 0.0099812 seconds, Stopping threads took: 0.0097351 seconds
[2022-06-13T03:33:00.004+0000][1][safepoint    ] Application time: 0.0042070 seconds
[2022-06-13T03:33:00.005+0000][1][safepoint    ] Entering safepoint region: RevokeBias
[2022-06-13T03:33:00.008+0000][1][safepoint    ] Leaving safepoint region
[2022-06-13T03:33:00.010+0000][1][safepoint    ] Total time for which application threads were stopped: 0.0048341 seconds, Stopping threads took: 0.0031542 seconds
[2022-06-13T03:33:00.010+0000][1][safepoint    ] Application time: 0.0000829 seconds
[2022-06-13T03:33:00.010+0000][1][safepoint    ] Entering safepoint region: RevokeBias
[2022-06-13T03:33:00.010+0000][1][safepoint    ] Leaving safepoint region
[2022-06-13T03:33:00.010+0000][1][safepoint    ] Total time for which application threads were stopped: 0.0002948 seconds, Stopping threads took: 0.0001131 seconds
[2022-06-13T03:33:00.010+0000][1][safepoint    ] Application time: 0.0000185 seconds
[2022-06-13T03:33:00.010+0000][1][safepoint    ] Entering safepoint region: RevokeBias
[2022-06-13T03:33:00.011+0000][1][safepoint    ] Leaving safepoint region
[2022-06-13T03:33:00.011+0000][1][safepoint    ] Total time for which application threads were stopped: 0.0002381 seconds, Stopping threads took: 0.0000992 seconds
[2022-06-13T03:33:00.011+0000][1][safepoint    ] Application time: 0.0000239 seconds
[2022-06-13T03:33:00.011+0000][1][safepoint    ] Entering safepoint region: RevokeBias
[2022-06-13T03:33:00.011+0000][1][safepoint    ] Leaving safepoint region
[2022-06-13T03:33:00.011+0000][1][safepoint    ] Total time for which application threads were stopped: 0.0003238 seconds, Stopping threads took: 0.0001788 seconds
[2022-06-13T03:33:00.011+0000][1][safepoint    ] Application time: 0.0000151 seconds
[2022-06-13T03:33:00.011+0000][1][safepoint    ] Entering safepoint region: RevokeBias
[2022-06-13T03:33:00.012+0000][1][safepoint    ] Leaving safepoint region
[2022-06-13T03:33:00.012+0000][1][safepoint    ] Total time for which application threads were stopped: 0.0002424 seconds, Stopping threads took: 0.0001008 seconds
[2022-06-13T03:33:00.148+0000][1][safepoint    ] Application time: 0.1364095 seconds
[2022-06-13T03:33:00.149+0000][1][safepoint    ] Entering safepoint region: Deoptimize
[2022-06-13T03:33:00.149+0000][1][safepoint    ] Leaving safepoint region
[2022-06-13T03:33:00.149+0000][1][safepoint    ] Total time for which application threads were stopped: 0.0008305 seconds, Stopping threads took: 0.0001724 seconds
[2022-06-13T03:33:00.150+0000][1][safepoint    ] Application time: 0.0005026 seconds
[2022-06-13T03:33:00.150+0000][1][safepoint    ] Entering safepoint region: Deoptimize
[2022-06-13T03:33:00.151+0000][1][safepoint    ] Leaving safepoint region
[2022-06-13T03:33:00.151+0000][1][safepoint    ] Total time for which application threads were stopped: 0.0006336 seconds, Stopping threads took: 0.0001615 seconds
[2022-06-13T03:33:00.298+0000][1][safepoint    ] Application time: 0.1475797 seconds
[2022-06-13T03:33:00.299+0000][1][safepoint    ] Entering safepoint region: GenCollectForAllocation
[2022-06-13T03:33:00.299+0000][1][gc,start     ] GC(3) Pause Young (Allocation Failure)
[2022-06-13T03:33:00.299+0000][1][gc,task      ] GC(3) Using 5 workers of 13 for evacuation
[2022-06-13T03:33:00.302+0000][1][gc,age       ] GC(3) Desired survivor size 4456448 bytes, new threshold 3 (max threshold 6)
[2022-06-13T03:33:00.302+0000][1][gc,age       ] GC(3) Age table with threshold 3 (max threshold 6)
[2022-06-13T03:33:00.302+0000][1][gc,age       ] GC(3) - age   1:    3305328 bytes,    3305328 total
[2022-06-13T03:33:00.302+0000][1][gc,age       ] GC(3) - age   2:     318528 bytes,    3623856 total
[2022-06-13T03:33:00.302+0000][1][gc,age       ] GC(3) - age   3:    1203456 bytes,    4827312 total
[2022-06-13T03:33:00.302+0000][1][gc,heap      ] GC(3) ParNew: 74727K->5937K(78656K)
[2022-06-13T03:33:00.303+0000][1][gc,heap      ] GC(3) CMS: 6672K->6672K(174784K)
[2022-06-13T03:33:00.303+0000][1][gc,metaspace ] GC(3) Metaspace: 18372K->18372K(1067008K)
[2022-06-13T03:33:00.303+0000][1][gc           ] GC(3) Pause Young (Allocation Failure) 79M->12M(247M) 3.814ms
[2022-06-13T03:33:00.303+0000][1][gc,cpu       ] GC(3) User=0.03s Sys=0.01s Real=0.01s
[2022-06-13T03:33:00.303+0000][1][safepoint    ] Leaving safepoint region
[2022-06-13T03:33:00.303+0000][1][safepoint    ] Total time for which application threads were stopped: 0.0045200 seconds, Stopping threads took: 0.0001755 seconds
[2022-06-13T03:33:00.304+0000][1][safepoint    ] Application time: 0.0006396 seconds
[2022-06-13T03:33:00.304+0000][1][safepoint    ] Entering safepoint region: BulkRevokeBias
[2022-06-13T03:33:00.305+0000][1][safepoint    ] Leaving safepoint region
[2022-06-13T03:33:00.305+0000][1][safepoint    ] Total time for which application threads were stopped: 0.0006398 seconds, Stopping threads took: 0.0003421 seconds
[2022-06-13T03:33:00.305+0000][1][safepoint    ] Application time: 0.0001490 seconds
[2022-06-13T03:33:00.305+0000][1][safepoint    ] Entering safepoint region: RevokeBias
[2022-06-13T03:33:00.306+0000][1][safepoint    ] Leaving safepoint region
[2022-06-13T03:33:00.306+0000][1][safepoint    ] Total time for which application threads were stopped: 0.0004297 seconds, Stopping threads took: 0.0001876 seconds
[2022-06-13T03:33:00.306+0000][1][safepoint    ] Application time: 0.0001017 seconds
[2022-06-13T03:33:00.306+0000][1][safepoint    ] Entering safepoint region: RevokeBias
[2022-06-13T03:33:00.306+0000][1][safepoint    ] Leaving safepoint region
[2022-06-13T03:33:00.307+0000][1][safepoint    ] Total time for which application threads were stopped: 0.0004755 seconds, Stopping threads took: 0.0002296 seconds
[2022-06-13T03:33:00.307+0000][1][safepoint    ] Application time: 0.0000772 seconds
[2022-06-13T03:33:00.307+0000][1][safepoint    ] Entering safepoint region: RevokeBias
[2022-06-13T03:33:00.307+0000][1][safepoint    ] Leaving safepoint region
[2022-06-13T03:33:00.307+0000][1][safepoint    ] Total time for which application threads were stopped: 0.0004562 seconds, Stopping threads took: 0.0002541 seconds
[2022-06-13T03:33:00.308+0000][1][safepoint    ] Application time: 0.0000984 seconds
[2022-06-13T03:33:00.308+0000][1][safepoint    ] Entering safepoint region: RevokeBias
[2022-06-13T03:33:00.308+0000][1][safepoint    ] Leaving safepoint region
[2022-06-13T03:33:00.308+0000][1][safepoint    ] Total time for which application threads were stopped: 0.0003595 seconds, Stopping threads took: 0.0001461 seconds
[2022-06-13T03:33:00.308+0000][1][safepoint    ] Application time: 0.0000879 seconds
[2022-06-13T03:33:00.309+0000][1][safepoint    ] Entering safepoint region: RevokeBias
[2022-06-13T03:33:00.309+0000][1][safepoint    ] Leaving safepoint region
[2022-06-13T03:33:00.309+0000][1][safepoint    ] Total time for which application threads were stopped: 0.0003789 seconds, Stopping threads took: 0.0001386 seconds
[2022-06-13T03:33:00.309+0000][1][safepoint    ] Application time: 0.0000646 seconds
[2022-06-13T03:33:00.310+0000][1][safepoint    ] Entering safepoint region: RevokeBias
[2022-06-13T03:33:00.310+0000][1][safepoint    ] Leaving safepoint region
[2022-06-13T03:33:00.310+0000][1][safepoint    ] Total time for which application threads were stopped: 0.0005615 seconds, Stopping threads took: 0.0003421 seconds
[2022-06-13T03:33:00.310+0000][1][safepoint    ] Application time: 0.0000451 seconds
[2022-06-13T03:33:00.311+0000][1][safepoint    ] Entering safepoint region: RevokeBias
[2022-06-13T03:33:00.311+0000][1][safepoint    ] Leaving safepoint region
[2022-06-13T03:33:00.311+0000][1][safepoint    ] Total time for which application threads were stopped: 0.0003704 seconds, Stopping threads took: 0.0001675 seconds
[2022-06-13T03:33:00.311+0000][1][safepoint    ] Application time: 0.0000779 seconds
[2022-06-13T03:33:00.312+0000][1][safepoint    ] Entering safepoint region: RevokeBias
[2022-06-13T03:33:00.312+0000][1][safepoint    ] Leaving safepoint region
[2022-06-13T03:33:00.312+0000][1][safepoint    ] Total time for which application threads were stopped: 0.0004476 seconds, Stopping threads took: 0.0002134 seconds
[2022-06-13T03:33:00.312+0000][1][safepoint    ] Application time: 0.0000435 seconds
[2022-06-13T03:33:00.312+0000][1][safepoint    ] Entering safepoint region: RevokeBias
[2022-06-13T03:33:00.313+0000][1][safepoint    ] Leaving safepoint region
[2022-06-13T03:33:00.313+0000][1][safepoint    ] Total time for which application threads were stopped: 0.0003719 seconds, Stopping threads took: 0.0001661 seconds
[2022-06-13T03:33:00.313+0000][1][safepoint    ] Application time: 0.0000449 seconds
[2022-06-13T03:33:00.313+0000][1][safepoint    ] Entering safepoint region: RevokeBias
[2022-06-13T03:33:00.313+0000][1][safepoint    ] Leaving safepoint region
[2022-06-13T03:33:00.313+0000][1][safepoint    ] Total time for which application threads were stopped: 0.0003774 seconds, Stopping threads took: 0.0001704 seconds
[2022-06-13T03:33:00.314+0000][1][safepoint    ] Application time: 0.0000408 seconds
[2022-06-13T03:33:00.314+0000][1][safepoint    ] Entering safepoint region: RevokeBias
[2022-06-13T03:33:00.314+0000][1][safepoint    ] Leaving safepoint region
[2022-06-13T03:33:00.314+0000][1][safepoint    ] Total time for which application threads were stopped: 0.0003238 seconds, Stopping threads took: 0.0001521 seconds
[2022-06-13T03:33:00.314+0000][1][safepoint    ] Application time: 0.0000526 seconds
[2022-06-13T03:33:00.314+0000][1][safepoint    ] Entering safepoint region: RevokeBias
[2022-06-13T03:33:00.314+0000][1][safepoint    ] Leaving safepoint region
[2022-06-13T03:33:00.315+0000][1][safepoint    ] Total time for which application threads were stopped: 0.0003772 seconds, Stopping threads took: 0.0001667 seconds
[2022-06-13T03:33:00.315+0000][1][safepoint    ] Application time: 0.0000390 seconds
[2022-06-13T03:33:00.315+0000][1][safepoint    ] Entering safepoint region: RevokeBias
[2022-06-13T03:33:00.315+0000][1][safepoint    ] Leaving safepoint region
[2022-06-13T03:33:00.315+0000][1][safepoint    ] Total time for which application threads were stopped: 0.0004365 seconds, Stopping threads took: 0.0002531 seconds
[2022-06-13T03:33:00.316+0000][1][safepoint    ] Application time: 0.0000537 seconds
[2022-06-13T03:33:00.316+0000][1][safepoint    ] Entering safepoint region: RevokeBias
[2022-06-13T03:33:00.316+0000][1][safepoint    ] Leaving safepoint region
[2022-06-13T03:33:00.316+0000][1][safepoint    ] Total time for which application threads were stopped: 0.0006366 seconds, Stopping threads took: 0.0003003 seconds
[2022-06-13T03:33:00.318+0000][1][safepoint    ] Application time: 0.0000631 seconds
[2022-06-13T03:33:00.318+0000][1][safepoint    ] Entering safepoint region: RevokeBias
[2022-06-13T03:33:00.318+0000][1][safepoint    ] Leaving safepoint region
[2022-06-13T03:33:00.318+0000][1][safepoint    ] Total time for which application threads were stopped: 0.0003944 seconds, Stopping threads took: 0.0001792 seconds
[2022-06-13T03:33:00.318+0000][1][safepoint    ] Application time: 0.0000974 seconds
[2022-06-13T03:33:00.319+0000][1][safepoint    ] Entering safepoint region: RevokeBias
[2022-06-13T03:33:00.319+0000][1][safepoint    ] Leaving safepoint region
[2022-06-13T03:33:00.319+0000][1][safepoint    ] Total time for which application threads were stopped: 0.0004608 seconds, Stopping threads took: 0.0002272 seconds
[2022-06-13T03:33:00.319+0000][1][safepoint    ] Application time: 0.0001166 seconds
[2022-06-13T03:33:00.320+0000][1][safepoint    ] Entering safepoint region: RevokeBias
[2022-06-13T03:33:00.320+0000][1][safepoint    ] Leaving safepoint region
[2022-06-13T03:33:00.320+0000][1][safepoint    ] Total time for which application threads were stopped: 0.0003469 seconds, Stopping threads took: 0.0001567 seconds
[2022-06-13T03:33:00.320+0000][1][safepoint    ] Application time: 0.0000823 seconds
[2022-06-13T03:33:00.320+0000][1][safepoint    ] Entering safepoint region: RevokeBias
[2022-06-13T03:33:00.320+0000][1][safepoint    ] Leaving safepoint region
[2022-06-13T03:33:00.320+0000][1][safepoint    ] Total time for which application threads were stopped: 0.0002996 seconds, Stopping threads took: 0.0001541 seconds
[2022-06-13T03:33:00.321+0000][1][safepoint    ] Application time: 0.0000913 seconds
[2022-06-13T03:33:00.321+0000][1][safepoint    ] Entering safepoint region: RevokeBias
[2022-06-13T03:33:00.321+0000][1][safepoint    ] Leaving safepoint region
[2022-06-13T03:33:00.321+0000][1][safepoint    ] Total time for which application threads were stopped: 0.0003424 seconds, Stopping threads took: 0.0001910 seconds
[2022-06-13T03:33:00.321+0000][1][safepoint    ] Application time: 0.0000731 seconds
[2022-06-13T03:33:00.321+0000][1][safepoint    ] Entering safepoint region: RevokeBias
[2022-06-13T03:33:00.322+0000][1][safepoint    ] Leaving safepoint region
[2022-06-13T03:33:00.322+0000][1][safepoint    ] Total time for which application threads were stopped: 0.0002887 seconds, Stopping threads took: 0.0001367 seconds
[2022-06-13T03:33:00.435+0000][1][safepoint    ] Application time: 0.1129000 seconds
[2022-06-13T03:33:00.435+0000][1][safepoint    ] Entering safepoint region: GenCollectForAllocation
[2022-06-13T03:33:00.436+0000][1][gc,start     ] GC(4) Pause Young (Allocation Failure)
[2022-06-13T03:33:00.436+0000][1][gc,task      ] GC(4) Using 5 workers of 13 for evacuation
[2022-06-13T03:33:00.442+0000][1][gc,age       ] GC(4) Desired survivor size 4456448 bytes, new threshold 3 (max threshold 6)
[2022-06-13T03:33:00.442+0000][1][gc,age       ] GC(4) Age table with threshold 3 (max threshold 6)
[2022-06-13T03:33:00.442+0000][1][gc,age       ] GC(4) - age   1:    1209792 bytes,    1209792 total
[2022-06-13T03:33:00.442+0000][1][gc,age       ] GC(4) - age   2:    3178024 bytes,    4387816 total
[2022-06-13T03:33:00.442+0000][1][gc,age       ] GC(4) - age   3:     318000 bytes,    4705816 total
[2022-06-13T03:33:00.443+0000][1][gc,heap      ] GC(4) ParNew: 75889K->5417K(78656K)
[2022-06-13T03:33:00.443+0000][1][gc,heap      ] GC(4) CMS: 6672K->7918K(174784K)
[2022-06-13T03:33:00.443+0000][1][gc,metaspace ] GC(4) Metaspace: 18788K->18788K(1067008K)
[2022-06-13T03:33:00.443+0000][1][gc           ] GC(4) Pause Young (Allocation Failure) 80M->13M(247M) 7.436ms
[2022-06-13T03:33:00.443+0000][1][gc,cpu       ] GC(4) User=0.05s Sys=0.00s Real=0.01s
[2022-06-13T03:33:00.443+0000][1][safepoint    ] Leaving safepoint region
[2022-06-13T03:33:00.443+0000][1][safepoint    ] Total time for which application threads were stopped: 0.0082772 seconds, Stopping threads took: 0.0002102 seconds
[2022-06-13T03:33:00.449+0000][1][safepoint    ] Application time: 0.0057960 seconds
[2022-06-13T03:33:00.450+0000][1][safepoint    ] Entering safepoint region: RevokeBias
[2022-06-13T03:33:00.450+0000][1][safepoint    ] Leaving safepoint region
[2022-06-13T03:33:00.450+0000][1][safepoint    ] Total time for which application threads were stopped: 0.0004216 seconds, Stopping threads took: 0.0002130 seconds
[2022-06-13T03:33:00.450+0000][1][safepoint    ] Application time: 0.0000432 seconds
[2022-06-13T03:33:00.450+0000][1][safepoint    ] Entering safepoint region: RevokeBias
[2022-06-13T03:33:00.451+0000][1][safepoint    ] Leaving safepoint region
[2022-06-13T03:33:00.451+0000][1][safepoint    ] Total time for which application threads were stopped: 0.0007738 seconds, Stopping threads took: 0.0001680 seconds
[2022-06-13T03:33:00.453+0000][1][safepoint    ] Application time: 0.0011143 seconds
[2022-06-13T03:33:00.453+0000][1][safepoint    ] Entering safepoint region: RevokeBias
[2022-06-13T03:33:00.453+0000][1][safepoint    ] Leaving safepoint region
[2022-06-13T03:33:00.453+0000][1][safepoint    ] Total time for which application threads were stopped: 0.0004166 seconds, Stopping threads took: 0.0002287 seconds
[2022-06-13T03:33:00.454+0000][1][safepoint    ] Application time: 0.0000894 seconds
[2022-06-13T03:33:00.454+0000][1][safepoint    ] Entering safepoint region: RevokeBias
[2022-06-13T03:33:00.454+0000][1][safepoint    ] Leaving safepoint region
[2022-06-13T03:33:00.454+0000][1][safepoint    ] Total time for which application threads were stopped: 0.0004302 seconds, Stopping threads took: 0.0002201 seconds
[2022-06-13T03:33:00.475+0000][1][safepoint    ] Application time: 0.0203290 seconds
[2022-06-13T03:33:00.475+0000][1][safepoint    ] Entering safepoint region: Deoptimize
[2022-06-13T03:33:00.476+0000][1][safepoint    ] Leaving safepoint region
[2022-06-13T03:33:00.476+0000][1][safepoint    ] Total time for which application threads were stopped: 0.0008713 seconds, Stopping threads took: 0.0002038 seconds
[2022-06-13T03:33:00.521+0000][1][safepoint    ] Application time: 0.0452626 seconds
[2022-06-13T03:33:00.522+0000][1][safepoint    ] Entering safepoint region: Deoptimize
[2022-06-13T03:33:00.522+0000][1][safepoint    ] Leaving safepoint region
[2022-06-13T03:33:00.522+0000][1][safepoint    ] Total time for which application threads were stopped: 0.0008300 seconds, Stopping threads took: 0.0002170 seconds
[2022-06-13T03:33:00.612+0000][1][safepoint    ] Application time: 0.0890884 seconds
[2022-06-13T03:33:00.612+0000][1][safepoint    ] Entering safepoint region: GenCollectForAllocation
[2022-06-13T03:33:00.619+0000][1][gc,start     ] GC(5) Pause Young (Allocation Failure)
[2022-06-13T03:33:00.620+0000][1][gc,task      ] GC(5) Using 5 workers of 13 for evacuation
[2022-06-13T03:33:00.629+0000][1][gc,age       ] GC(5) Desired survivor size 4456448 bytes, new threshold 3 (max threshold 6)
[2022-06-13T03:33:00.630+0000][1][gc,age       ] GC(5) Age table with threshold 3 (max threshold 6)
[2022-06-13T03:33:00.630+0000][1][gc,age       ] GC(5) - age   1:    2180752 bytes,    2180752 total
[2022-06-13T03:33:00.630+0000][1][gc,age       ] GC(5) - age   2:     574704 bytes,    2755456 total
[2022-06-13T03:33:00.630+0000][1][gc,age       ] GC(5) - age   3:    3173824 bytes,    5929280 total
[2022-06-13T03:33:00.630+0000][1][gc,heap      ] GC(5) ParNew: 75369K->7316K(78656K)
[2022-06-13T03:33:00.631+0000][1][gc,heap      ] GC(5) CMS: 7918K->8232K(174784K)
[2022-06-13T03:33:00.631+0000][1][gc,metaspace ] GC(5) Metaspace: 19096K->19096K(1067008K)
[2022-06-13T03:33:00.631+0000][1][gc           ] GC(5) Pause Young (Allocation Failure) 81M->15M(247M) 11.664ms
[2022-06-13T03:33:00.631+0000][1][gc,cpu       ] GC(5) User=0.06s Sys=0.00s Real=0.01s
[2022-06-13T03:33:00.631+0000][1][safepoint    ] Leaving safepoint region
[2022-06-13T03:33:00.631+0000][1][safepoint    ] Total time for which application threads were stopped: 0.0192599 seconds, Stopping threads took: 0.0070858 seconds
[2022-06-13T03:33:00.632+0000][1][safepoint    ] Application time: 0.0001666 seconds
[2022-06-13T03:33:00.632+0000][1][safepoint    ] Entering safepoint region: RevokeBias
[2022-06-13T03:33:00.632+0000][1][safepoint    ] Leaving safepoint region
[2022-06-13T03:33:00.632+0000][1][safepoint    ] Total time for which application threads were stopped: 0.0004799 seconds, Stopping threads took: 0.0002587 seconds
[2022-06-13T03:33:00.632+0000][1][safepoint    ] Application time: 0.0000917 seconds
[2022-06-13T03:33:00.633+0000][1][safepoint    ] Entering safepoint region: RevokeBias
[2022-06-13T03:33:00.633+0000][1][safepoint    ] Leaving safepoint region
[2022-06-13T03:33:00.633+0000][1][safepoint    ] Total time for which application threads were stopped: 0.0004219 seconds, Stopping threads took: 0.0001825 seconds
[2022-06-13T03:33:00.633+0000][1][safepoint    ] Application time: 0.0000574 seconds
[2022-06-13T03:33:00.633+0000][1][safepoint    ] Entering safepoint region: RevokeBias
[2022-06-13T03:33:00.634+0000][1][safepoint    ] Leaving safepoint region
[2022-06-13T03:33:00.634+0000][1][safepoint    ] Total time for which application threads were stopped: 0.0003986 seconds, Stopping threads took: 0.0002182 seconds
[2022-06-13T03:33:00.634+0000][1][safepoint    ] Application time: 0.0000391 seconds
[2022-06-13T03:33:00.634+0000][1][safepoint    ] Entering safepoint region: RevokeBias
[2022-06-13T03:33:00.634+0000][1][safepoint    ] Leaving safepoint region
[2022-06-13T03:33:00.634+0000][1][safepoint    ] Total time for which application threads were stopped: 0.0003063 seconds, Stopping threads took: 0.0001335 seconds
[2022-06-13T03:33:00.635+0000][1][safepoint    ] Application time: 0.0000554 seconds
[2022-06-13T03:33:00.635+0000][1][safepoint    ] Entering safepoint region: RevokeBias
[2022-06-13T03:33:00.635+0000][1][safepoint    ] Leaving safepoint region
[2022-06-13T03:33:00.635+0000][1][safepoint    ] Total time for which application threads were stopped: 0.0004104 seconds, Stopping threads took: 0.0002011 seconds
[2022-06-13T03:33:00.635+0000][1][safepoint    ] Application time: 0.0000389 seconds
[2022-06-13T03:33:00.635+0000][1][safepoint    ] Entering safepoint region: RevokeBias
[2022-06-13T03:33:00.636+0000][1][safepoint    ] Leaving safepoint region
[2022-06-13T03:33:00.636+0000][1][safepoint    ] Total time for which application threads were stopped: 0.0006186 seconds, Stopping threads took: 0.0004049 seconds
[2022-06-13T03:33:00.741+0000][1][safepoint    ] Application time: 0.1045228 seconds
[2022-06-13T03:33:00.741+0000][1][safepoint    ] Entering safepoint region: GenCollectForAllocation
[2022-06-13T03:33:00.741+0000][1][gc,start     ] GC(6) Pause Young (Allocation Failure)
[2022-06-13T03:33:00.741+0000][1][gc,task      ] GC(6) Using 5 workers of 13 for evacuation
[2022-06-13T03:33:00.756+0000][1][gc,age       ] GC(6) Desired survivor size 4456448 bytes, new threshold 6 (max threshold 6)
[2022-06-13T03:33:00.756+0000][1][gc,age       ] GC(6) Age table with threshold 6 (max threshold 6)
[2022-06-13T03:33:00.756+0000][1][gc,age       ] GC(6) - age   1:    1401648 bytes,    1401648 total
[2022-06-13T03:33:00.756+0000][1][gc,age       ] GC(6) - age   2:    2167544 bytes,    3569192 total
[2022-06-13T03:33:00.756+0000][1][gc,age       ] GC(6) - age   3:     574704 bytes,    4143896 total
[2022-06-13T03:33:00.756+0000][1][gc,heap      ] GC(6) ParNew: 77268K->6118K(78656K)
[2022-06-13T03:33:00.757+0000][1][gc,heap      ] GC(6) CMS: 8232K->11356K(174784K)
[2022-06-13T03:33:00.757+0000][1][gc,metaspace ] GC(6) Metaspace: 19447K->19447K(1067008K)
[2022-06-13T03:33:00.757+0000][1][gc           ] GC(6) Pause Young (Allocation Failure) 83M->17M(247M) 15.735ms
[2022-06-13T03:33:00.757+0000][1][gc,cpu       ] GC(6) User=0.03s Sys=0.00s Real=0.01s
[2022-06-13T03:33:00.757+0000][1][safepoint    ] Leaving safepoint region
[2022-06-13T03:33:00.757+0000][1][safepoint    ] Total time for which application threads were stopped: 0.0163429 seconds, Stopping threads took: 0.0001280 seconds
[2022-06-13T03:33:00.759+0000][1][safepoint    ] Application time: 0.0019091 seconds
[2022-06-13T03:33:00.760+0000][1][safepoint    ] Entering safepoint region: RevokeBias
[2022-06-13T03:33:00.761+0000][1][safepoint    ] Leaving safepoint region
[2022-06-13T03:33:00.761+0000][1][safepoint    ] Total time for which application threads were stopped: 0.0010643 seconds, Stopping threads took: 0.0008019 seconds
[2022-06-13T03:33:00.761+0000][1][safepoint    ] Application time: 0.0000441 seconds
[2022-06-13T03:33:00.761+0000][1][safepoint    ] Entering safepoint region: BulkRevokeBias
[2022-06-13T03:33:00.762+0000][1][safepoint    ] Leaving safepoint region
[2022-06-13T03:33:00.762+0000][1][safepoint    ] Total time for which application threads were stopped: 0.0004104 seconds, Stopping threads took: 0.0001466 seconds
[2022-06-13T03:33:00.762+0000][1][safepoint    ] Application time: 0.0000660 seconds
[2022-06-13T03:33:00.762+0000][1][safepoint    ] Entering safepoint region: BulkRevokeBias
[2022-06-13T03:33:00.763+0000][1][safepoint    ] Leaving safepoint region
[2022-06-13T03:33:00.763+0000][1][safepoint    ] Total time for which application threads were stopped: 0.0003681 seconds, Stopping threads took: 0.0001623 seconds
[2022-06-13T03:33:00.859+0000][1][safepoint    ] Application time: 0.0962196 seconds
[2022-06-13T03:33:00.861+0000][1][safepoint    ] Entering safepoint region: GenCollectForAllocation
[2022-06-13T03:33:00.861+0000][1][gc,start     ] GC(7) Pause Young (Allocation Failure)
[2022-06-13T03:33:00.862+0000][1][gc,task      ] GC(7) Using 5 workers of 13 for evacuation
[2022-06-13T03:33:00.876+0000][1][gc,age       ] GC(7) Desired survivor size 4456448 bytes, new threshold 6 (max threshold 6)
[2022-06-13T03:33:00.878+0000][1][gc,age       ] GC(7) Age table with threshold 6 (max threshold 6)
[2022-06-13T03:33:00.878+0000][1][gc,age       ] GC(7) - age   1:     470192 bytes,     470192 total
[2022-06-13T03:33:00.878+0000][1][gc,age       ] GC(7) - age   2:    1157840 bytes,    1628032 total
[2022-06-13T03:33:00.878+0000][1][gc,age       ] GC(7) - age   3:    2167544 bytes,    3795576 total
[2022-06-13T03:33:00.878+0000][1][gc,age       ] GC(7) - age   4:     574704 bytes,    4370280 total
[2022-06-13T03:33:00.878+0000][1][gc,heap      ] GC(7) ParNew: 76070K->5598K(78656K)
[2022-06-13T03:33:00.879+0000][1][gc,heap      ] GC(7) CMS: 11356K->11356K(174784K)
[2022-06-13T03:33:00.880+0000][1][gc,metaspace ] GC(7) Metaspace: 19697K->19697K(1067008K)
[2022-06-13T03:33:00.881+0000][1][gc           ] GC(7) Pause Young (Allocation Failure) 85M->16M(247M) 19.582ms
[2022-06-13T03:33:00.881+0000][1][gc,cpu       ] GC(7) User=0.03s Sys=0.00s Real=0.02s
[2022-06-13T03:33:00.881+0000][1][safepoint    ] Leaving safepoint region
[2022-06-13T03:33:00.882+0000][1][safepoint    ] Total time for which application threads were stopped: 0.0214817 seconds, Stopping threads took: 0.0012588 seconds
[2022-06-13T03:33:00.912+0000][1][safepoint    ] Application time: 0.0299033 seconds
[2022-06-13T03:33:00.912+0000][1][safepoint    ] Entering safepoint region: CollectForMetadataAllocation
[2022-06-13T03:33:00.912+0000][1][safepoint    ] Leaving safepoint region
[2022-06-13T03:33:00.913+0000][1][safepoint    ] Total time for which application threads were stopped: 0.0005819 seconds, Stopping threads took: 0.0002824 seconds
[2022-06-13T03:33:00.930+0000][1][safepoint    ] Application time: 0.0169198 seconds
[2022-06-13T03:33:00.930+0000][1][safepoint    ] Entering safepoint region: CollectForMetadataAllocation
[2022-06-13T03:33:00.930+0000][1][safepoint    ] Leaving safepoint region
[2022-06-13T03:33:00.930+0000][1][safepoint    ] Total time for which application threads were stopped: 0.0005025 seconds, Stopping threads took: 0.0002145 seconds
[2022-06-13T03:33:01.045+0000][1][safepoint    ] Application time: 0.1139357 seconds
[2022-06-13T03:33:01.046+0000][1][safepoint    ] Entering safepoint region: GenCollectForAllocation
[2022-06-13T03:33:01.046+0000][1][gc,start     ] GC(8) Pause Young (Allocation Failure)
[2022-06-13T03:33:01.046+0000][1][gc,task      ] GC(8) Using 5 workers of 13 for evacuation
[2022-06-13T03:33:01.050+0000][1][gc,age       ] GC(8) Desired survivor size 4456448 bytes, new threshold 4 (max threshold 6)
[2022-06-13T03:33:01.051+0000][1][gc,age       ] GC(8) Age table with threshold 4 (max threshold 6)
[2022-06-13T03:33:01.051+0000][1][gc,age       ] GC(8) - age   1:    2424984 bytes,    2424984 total
[2022-06-13T03:33:01.051+0000][1][gc,age       ] GC(8) - age   2:     437376 bytes,    2862360 total
[2022-06-13T03:33:01.051+0000][1][gc,age       ] GC(8) - age   3:    1157696 bytes,    4020056 total
[2022-06-13T03:33:01.051+0000][1][gc,age       ] GC(8) - age   4:    2165328 bytes,    6185384 total
[2022-06-13T03:33:01.051+0000][1][gc,age       ] GC(8) - age   5:     574704 bytes,    6760088 total
[2022-06-13T03:33:01.052+0000][1][gc,heap      ] GC(8) ParNew: 75550K->8343K(78656K)
[2022-06-13T03:33:01.052+0000][1][gc,heap      ] GC(8) CMS: 11356K->11356K(174784K)
[2022-06-13T03:33:01.052+0000][1][gc,metaspace ] GC(8) Metaspace: 20497K->20497K(1069056K)
[2022-06-13T03:33:01.052+0000][1][gc           ] GC(8) Pause Young (Allocation Failure) 84M->19M(247M) 5.760ms
[2022-06-13T03:33:01.052+0000][1][gc,cpu       ] GC(8) User=0.04s Sys=0.00s Real=0.01s
[2022-06-13T03:33:01.052+0000][1][safepoint    ] Leaving safepoint region
[2022-06-13T03:33:01.052+0000][1][safepoint    ] Total time for which application threads were stopped: 0.0065350 seconds, Stopping threads took: 0.0003025 seconds
[2022-06-13T03:33:01.056+0000][1][safepoint    ] Application time: 0.0037209 seconds
[2022-06-13T03:33:01.056+0000][1][safepoint    ] Entering safepoint region: CMS_Initial_Mark
[2022-06-13T03:33:01.057+0000][1][gc,start     ] GC(9) Pause Initial Mark
[2022-06-13T03:33:01.060+0000][1][gc           ] GC(9) Pause Initial Mark 21M->21M(247M) 3.335ms
[2022-06-13T03:33:01.060+0000][1][gc,cpu       ] GC(9) User=0.02s Sys=0.00s Real=0.01s
[2022-06-13T03:33:01.061+0000][1][safepoint    ] Leaving safepoint region
[2022-06-13T03:33:01.061+0000][1][safepoint    ] Total time for which application threads were stopped: 0.0042320 seconds, Stopping threads took: 0.0001425 seconds
[2022-06-13T03:33:01.061+0000][1][gc           ] GC(9) Concurrent Mark
[2022-06-13T03:33:01.070+0000][1][gc,task      ] GC(9) Using 4 workers of 4 for marking
[2022-06-13T03:33:01.089+0000][1][gc           ] GC(9) Concurrent Mark 28.331ms
[2022-06-13T03:33:01.090+0000][1][gc,cpu       ] GC(9) User=0.14s Sys=0.00s Real=0.03s
[2022-06-13T03:33:01.090+0000][1][gc           ] GC(9) Concurrent Preclean
[2022-06-13T03:33:01.091+0000][1][gc           ] GC(9) Concurrent Preclean 0.917ms
[2022-06-13T03:33:01.091+0000][1][gc,cpu       ] GC(9) User=0.00s Sys=0.00s Real=0.00s
[2022-06-13T03:33:01.091+0000][1][gc           ] GC(9) Concurrent Abortable Preclean
[2022-06-13T03:33:01.155+0000][1][safepoint    ] Application time: 0.0944283 seconds
[2022-06-13T03:33:01.156+0000][1][safepoint    ] Entering safepoint region: GenCollectForAllocation
[2022-06-13T03:33:01.158+0000][1][gc,start     ] GC(10) Pause Young (Allocation Failure)
[2022-06-13T03:33:01.159+0000][1][gc,task      ] GC(10) Using 5 workers of 13 for evacuation
[2022-06-13T03:33:01.166+0000][1][gc,age       ] GC(10) Desired survivor size 4456448 bytes, new threshold 6 (max threshold 6)
[2022-06-13T03:33:01.168+0000][1][gc,age       ] GC(10) Age table with threshold 6 (max threshold 6)
[2022-06-13T03:33:01.168+0000][1][gc,age       ] GC(10) - age   1:     709208 bytes,     709208 total
[2022-06-13T03:33:01.168+0000][1][gc,age       ] GC(10) - age   2:     525032 bytes,    1234240 total
[2022-06-13T03:33:01.168+0000][1][gc,age       ] GC(10) - age   3:     437256 bytes,    1671496 total
[2022-06-13T03:33:01.168+0000][1][gc,age       ] GC(10) - age   4:    1157696 bytes,    2829192 total
[2022-06-13T03:33:01.169+0000][1][gc,heap      ] GC(10) ParNew: 78295K->4496K(78656K)
[2022-06-13T03:33:01.169+0000][1][gc,heap      ] GC(10) CMS: 11356K->14084K(174784K)
[2022-06-13T03:33:01.169+0000][1][gc,metaspace ] GC(10) Metaspace: 20610K->20610K(1069056K)
[2022-06-13T03:33:01.169+0000][1][gc           ] GC(10) Pause Young (Allocation Failure) 87M->18M(247M) 10.647ms
[2022-06-13T03:33:01.173+0000][1][gc,cpu       ] GC(10) User=0.03s Sys=0.01s Real=0.02s
[2022-06-13T03:33:01.176+0000][1][safepoint    ] Leaving safepoint region
[2022-06-13T03:33:01.177+0000][1][safepoint    ] Total time for which application threads were stopped: 0.0203535 seconds, Stopping threads took: 0.0018469 seconds
[2022-06-13T03:33:01.282+0000][1][safepoint    ] Application time: 0.1024916 seconds
[2022-06-13T03:33:01.287+0000][1][safepoint    ] Entering safepoint region: GenCollectForAllocation
[2022-06-13T03:33:01.290+0000][1][gc,start     ] GC(11) Pause Young (Allocation Failure)
[2022-06-13T03:33:01.290+0000][1][gc,task      ] GC(11) Using 5 workers of 13 for evacuation
[2022-06-13T03:33:01.311+0000][1][gc,age       ] GC(11) Desired survivor size 4456448 bytes, new threshold 6 (max threshold 6)
[2022-06-13T03:33:01.311+0000][1][gc,age       ] GC(11) Age table with threshold 6 (max threshold 6)
[2022-06-13T03:33:01.311+0000][1][gc,age       ] GC(11) - age   1:    1466072 bytes,    1466072 total
[2022-06-13T03:33:01.311+0000][1][gc,age       ] GC(11) - age   2:     131744 bytes,    1597816 total
[2022-06-13T03:33:01.312+0000][1][gc,age       ] GC(11) - age   3:     524984 bytes,    2122800 total
[2022-06-13T03:33:01.312+0000][1][gc,age       ] GC(11) - age   4:     437152 bytes,    2559952 total
[2022-06-13T03:33:01.312+0000][1][gc,age       ] GC(11) - age   5:    1157408 bytes,    3717360 total
[2022-06-13T03:33:01.312+0000][1][gc,heap      ] GC(11) ParNew: 74448K->4172K(78656K)
[2022-06-13T03:33:01.312+0000][1][gc,heap      ] GC(11) CMS: 14084K->14084K(174784K)
[2022-06-13T03:33:01.312+0000][1][gc,metaspace ] GC(11) Metaspace: 20688K->20688K(1069056K)
[2022-06-13T03:33:01.312+0000][1][gc           ] GC(11) Pause Young (Allocation Failure) 86M->17M(247M) 22.470ms
[2022-06-13T03:33:01.313+0000][1][gc,cpu       ] GC(11) User=0.02s Sys=0.01s Real=0.02s
[2022-06-13T03:33:01.313+0000][1][safepoint    ] Leaving safepoint region
[2022-06-13T03:33:01.313+0000][1][safepoint    ] Total time for which application threads were stopped: 0.0260756 seconds, Stopping threads took: 0.0030596 seconds
[2022-06-13T03:33:01.379+0000][1][safepoint    ] Application time: 0.0661154 seconds
[2022-06-13T03:33:01.379+0000][1][safepoint    ] Entering safepoint region: CollectForMetadataAllocation
[2022-06-13T03:33:01.380+0000][1][safepoint    ] Leaving safepoint region
[2022-06-13T03:33:01.380+0000][1][safepoint    ] Total time for which application threads were stopped: 0.0004933 seconds, Stopping threads took: 0.0001714 seconds
[2022-06-13T03:33:01.399+0000][1][safepoint    ] Application time: 0.0186915 seconds
[2022-06-13T03:33:01.409+0000][1][safepoint    ] Entering safepoint region: Deoptimize
[2022-06-13T03:33:01.416+0000][1][safepoint    ] Leaving safepoint region
[2022-06-13T03:33:01.416+0000][1][safepoint    ] Total time for which application threads were stopped: 0.0162121 seconds, Stopping threads took: 0.0152887 seconds
[2022-06-13T03:33:01.428+0000][1][gc           ] GC(9) Concurrent Abortable Preclean 337.210ms
[2022-06-13T03:33:01.434+0000][1][safepoint    ] Application time: 0.0174728 seconds
[2022-06-13T03:33:01.434+0000][1][safepoint    ] Entering safepoint region: CollectForMetadataAllocation
[2022-06-13T03:33:01.435+0000][1][safepoint    ] Leaving safepoint region
[2022-06-13T03:33:01.435+0000][1][safepoint    ] Total time for which application threads were stopped: 0.0004929 seconds, Stopping threads took: 0.0001832 seconds
[2022-06-13T03:33:01.434+0000][1][gc,cpu       ] GC(9) User=1.02s Sys=0.09s Real=0.34s
[2022-06-13T03:33:01.436+0000][1][safepoint    ] Application time: 0.0008278 seconds
[2022-06-13T03:33:01.436+0000][1][safepoint    ] Entering safepoint region: CMS_Final_Remark
[2022-06-13T03:33:01.436+0000][1][gc,start     ] GC(9) Pause Remark
[2022-06-13T03:33:01.475+0000][1][gc           ] GC(9) Pause Remark 60M->60M(247M) 39.076ms
[2022-06-13T03:33:01.489+0000][1][gc,cpu       ] GC(9) User=0.15s Sys=0.00s Real=0.06s
[2022-06-13T03:33:01.498+0000][1][safepoint    ] Leaving safepoint region
[2022-06-13T03:33:01.499+0000][1][safepoint    ] Total time for which application threads were stopped: 0.0628401 seconds, Stopping threads took: 0.0001770 seconds
[2022-06-13T03:33:01.511+0000][1][gc           ] GC(9) Concurrent Sweep
[2022-06-13T03:33:01.515+0000][1][gc           ] GC(9) Concurrent Sweep 4.857ms
[2022-06-13T03:33:01.516+0000][1][gc,cpu       ] GC(9) User=0.01s Sys=0.00s Real=0.00s
[2022-06-13T03:33:01.516+0000][1][gc           ] GC(9) Concurrent Reset
[2022-06-13T03:33:01.518+0000][1][gc           ] GC(9) Concurrent Reset 1.460ms
[2022-06-13T03:33:01.518+0000][1][gc,cpu       ] GC(9) User=0.00s Sys=0.00s Real=0.00s
[2022-06-13T03:33:01.518+0000][1][gc,heap      ] GC(9) Old: 11356K->14059K(174784K)
[2022-06-13T03:33:01.885+0000][1][safepoint    ] Application time: 0.3860896 seconds
[2022-06-13T03:33:01.885+0000][1][safepoint    ] Entering safepoint region: Deoptimize
[2022-06-13T03:33:01.887+0000][1][safepoint    ] Leaving safepoint region
[2022-06-13T03:33:01.888+0000][1][safepoint    ] Total time for which application threads were stopped: 0.0025796 seconds, Stopping threads took: 0.0001651 seconds
[2022-06-13T03:33:01.897+0000][1][safepoint    ] Application time: 0.0080827 seconds
[2022-06-13T03:33:01.897+0000][1][safepoint    ] Entering safepoint region: Deoptimize
[2022-06-13T03:33:01.898+0000][1][safepoint    ] Leaving safepoint region
[2022-06-13T03:33:01.898+0000][1][safepoint    ] Total time for which application threads were stopped: 0.0010242 seconds, Stopping threads took: 0.0002225 seconds
[2022-06-13T03:33:01.911+0000][1][safepoint    ] Application time: 0.0127252 seconds
[2022-06-13T03:33:01.912+0000][1][safepoint    ] Entering safepoint region: Deoptimize
[2022-06-13T03:33:01.912+0000][1][safepoint    ] Leaving safepoint region
[2022-06-13T03:33:01.913+0000][1][safepoint    ] Total time for which application threads were stopped: 0.0015096 seconds, Stopping threads took: 0.0001983 seconds
[2022-06-13T03:33:01.923+0000][1][safepoint    ] Application time: 0.0098341 seconds
[2022-06-13T03:33:01.923+0000][1][safepoint    ] Entering safepoint region: Deoptimize
[2022-06-13T03:33:01.924+0000][1][safepoint    ] Leaving safepoint region
[2022-06-13T03:33:01.925+0000][1][safepoint    ] Total time for which application threads were stopped: 0.0018367 seconds, Stopping threads took: 0.0002255 seconds
[2022-06-13T03:33:01.953+0000][1][safepoint    ] Application time: 0.0275340 seconds
[2022-06-13T03:33:01.955+0000][1][safepoint    ] Entering safepoint region: GenCollectForAllocation
[2022-06-13T03:33:01.956+0000][1][gc,start     ] GC(12) Pause Young (Allocation Failure)
[2022-06-13T03:33:01.959+0000][1][gc,task      ] GC(12) Using 5 workers of 13 for evacuation
[2022-06-13T03:33:01.967+0000][1][gc,age       ] GC(12) Desired survivor size 4456448 bytes, new threshold 6 (max threshold 6)
[2022-06-13T03:33:01.967+0000][1][gc,age       ] GC(12) Age table with threshold 6 (max threshold 6)
[2022-06-13T03:33:01.968+0000][1][gc,age       ] GC(12) - age   1:    2251376 bytes,    2251376 total
[2022-06-13T03:33:01.968+0000][1][gc,age       ] GC(12) - age   2:     345344 bytes,    2596720 total
[2022-06-13T03:33:01.968+0000][1][gc,age       ] GC(12) - age   3:     131480 bytes,    2728200 total
[2022-06-13T03:33:01.969+0000][1][gc,age       ] GC(12) - age   4:     521768 bytes,    3249968 total
[2022-06-13T03:33:01.969+0000][1][gc,age       ] GC(12) - age   5:     434888 bytes,    3684856 total
[2022-06-13T03:33:01.969+0000][1][gc,age       ] GC(12) - age   6:    1157032 bytes,    4841888 total
[2022-06-13T03:33:01.969+0000][1][gc,heap      ] GC(12) ParNew: 74124K->5747K(78656K)
[2022-06-13T03:33:01.969+0000][1][gc,heap      ] GC(12) CMS: 14059K->14059K(174784K)
[2022-06-13T03:33:01.969+0000][1][gc,metaspace ] GC(12) Metaspace: 26229K->26229K(1073152K)
[2022-06-13T03:33:01.969+0000][1][gc           ] GC(12) Pause Young (Allocation Failure) 86M->19M(247M) 13.482ms
[2022-06-13T03:33:01.969+0000][1][gc,cpu       ] GC(12) User=0.00s Sys=0.01s Real=0.02s
[2022-06-13T03:33:01.970+0000][1][safepoint    ] Leaving safepoint region
[2022-06-13T03:33:01.970+0000][1][safepoint    ] Total time for which application threads were stopped: 0.0164690 seconds, Stopping threads took: 0.0018186 seconds
[2022-06-13T03:33:02.656+0000][1][safepoint    ] Application time: 0.6859740 seconds
[2022-06-13T03:33:02.660+0000][1][safepoint    ] Entering safepoint region: RevokeBias
[2022-06-13T03:33:02.669+0000][1][safepoint    ] Leaving safepoint region
[2022-06-13T03:33:02.670+0000][1][safepoint    ] Total time for which application threads were stopped: 0.0093880 seconds, Stopping threads took: 0.0079705 seconds
[2022-06-13T03:33:02.979+0000][1][safepoint    ] Application time: 0.3095917 seconds
[2022-06-13T03:33:02.980+0000][1][safepoint    ] Entering safepoint region: GenCollectForAllocation
[2022-06-13T03:33:02.980+0000][1][gc,start     ] GC(13) Pause Young (Allocation Failure)
[2022-06-13T03:33:02.980+0000][1][gc,task      ] GC(13) Using 5 workers of 13 for evacuation
[2022-06-13T03:33:03.003+0000][1][gc,age       ] GC(13) Desired survivor size 4456448 bytes, new threshold 1 (max threshold 6)
[2022-06-13T03:33:03.003+0000][1][gc,age       ] GC(13) Age table with threshold 1 (max threshold 6)
[2022-06-13T03:33:03.003+0000][1][gc,age       ] GC(13) - age   1:    5549288 bytes,    5549288 total
[2022-06-13T03:33:03.004+0000][1][gc,age       ] GC(13) - age   2:    1937840 bytes,    7487128 total
[2022-06-13T03:33:03.004+0000][1][gc,age       ] GC(13) - age   3:     344944 bytes,    7832072 total
[2022-06-13T03:33:03.004+0000][1][gc,age       ] GC(13) - age   4:     131296 bytes,    7963368 total
[2022-06-13T03:33:03.004+0000][1][gc,age       ] GC(13) - age   5:     517904 bytes,    8481272 total
[2022-06-13T03:33:03.004+0000][1][gc,age       ] GC(13) - age   6:     433896 bytes,    8915168 total
[2022-06-13T03:33:03.004+0000][1][gc,heap      ] GC(13) ParNew: 75699K->8704K(78656K)
[2022-06-13T03:33:03.004+0000][1][gc,heap      ] GC(13) CMS: 14059K->25449K(174784K)
[2022-06-13T03:33:03.005+0000][1][gc,metaspace ] GC(13) Metaspace: 27143K->27143K(1075200K)
[2022-06-13T03:33:03.005+0000][1][gc           ] GC(13) Pause Young (Allocation Failure) 87M->33M(247M) 25.206ms
[2022-06-13T03:33:03.006+0000][1][gc,cpu       ] GC(13) User=0.12s Sys=0.00s Real=0.02s
[2022-06-13T03:33:03.007+0000][1][safepoint    ] Leaving safepoint region
[2022-06-13T03:33:03.008+0000][1][safepoint    ] Total time for which application threads were stopped: 0.0282656 seconds, Stopping threads took: 0.0001452 seconds
[2022-06-13T03:33:03.469+0000][1][safepoint    ] Application time: 0.4609584 seconds
[2022-06-13T03:33:03.469+0000][1][safepoint    ] Entering safepoint region: GenCollectForAllocation
[2022-06-13T03:33:03.470+0000][1][gc,start     ] GC(14) Pause Young (Allocation Failure)
[2022-06-13T03:33:03.470+0000][1][gc,task      ] GC(14) Using 5 workers of 13 for evacuation
[2022-06-13T03:33:03.495+0000][1][gc,age       ] GC(14) Desired survivor size 4456448 bytes, new threshold 1 (max threshold 6)
[2022-06-13T03:33:03.495+0000][1][gc,age       ] GC(14) Age table with threshold 1 (max threshold 6)
[2022-06-13T03:33:03.495+0000][1][gc,age       ] GC(14) - age   1:    8802472 bytes,    8802472 total
[2022-06-13T03:33:03.495+0000][1][gc,heap      ] GC(14) ParNew: 78656K->8704K(78656K)
[2022-06-13T03:33:03.496+0000][1][gc,heap      ] GC(14) CMS: 25449K->38964K(174784K)
[2022-06-13T03:33:03.496+0000][1][gc,metaspace ] GC(14) Metaspace: 27256K->27256K(1075200K)
[2022-06-13T03:33:03.496+0000][1][gc           ] GC(14) Pause Young (Allocation Failure) 101M->46M(247M) 26.202ms
[2022-06-13T03:33:03.496+0000][1][gc,cpu       ] GC(14) User=0.16s Sys=0.00s Real=0.02s
[2022-06-13T03:33:03.496+0000][1][safepoint    ] Leaving safepoint region
[2022-06-13T03:33:03.497+0000][1][safepoint    ] Total time for which application threads were stopped: 0.0270763 seconds, Stopping threads took: 0.0001526 seconds
[2022-06-13T03:33:03.705+0000][1][safepoint    ] Application time: 0.2086602 seconds
[2022-06-13T03:33:03.706+0000][1][safepoint    ] Entering safepoint region: RevokeBias
[2022-06-13T03:33:03.706+0000][1][safepoint    ] Leaving safepoint region
[2022-06-13T03:33:03.706+0000][1][safepoint    ] Total time for which application threads were stopped: 0.0004698 seconds, Stopping threads took: 0.0001872 seconds
[2022-06-13T03:33:03.965+0000][1][safepoint    ] Application time: 0.2590018 seconds
[2022-06-13T03:33:03.966+0000][1][safepoint    ] Entering safepoint region: GenCollectForAllocation
[2022-06-13T03:33:03.966+0000][1][gc,start     ] GC(15) Pause Young (Allocation Failure)
[2022-06-13T03:33:03.966+0000][1][gc,task      ] GC(15) Using 5 workers of 13 for evacuation
[2022-06-13T03:33:03.990+0000][1][gc,age       ] GC(15) Desired survivor size 4456448 bytes, new threshold 6 (max threshold 6)
[2022-06-13T03:33:03.991+0000][1][gc,age       ] GC(15) Age table with threshold 6 (max threshold 6)
[2022-06-13T03:33:03.991+0000][1][gc,age       ] GC(15) - age   1:    4445584 bytes,    4445584 total
[2022-06-13T03:33:03.991+0000][1][gc,heap      ] GC(15) ParNew: 78656K->8704K(78656K)
[2022-06-13T03:33:03.991+0000][1][gc,heap      ] GC(15) CMS: 38964K->51439K(174784K)
[2022-06-13T03:33:03.991+0000][1][gc,metaspace ] GC(15) Metaspace: 31430K->31430K(1079296K)
[2022-06-13T03:33:03.992+0000][1][gc           ] GC(15) Pause Young (Allocation Failure) 114M->58M(247M) 25.624ms
[2022-06-13T03:33:03.992+0000][1][gc,cpu       ] GC(15) User=0.20s Sys=0.00s Real=0.03s
[2022-06-13T03:33:03.992+0000][1][safepoint    ] Leaving safepoint region
[2022-06-13T03:33:03.992+0000][1][safepoint    ] Total time for which application threads were stopped: 0.0264944 seconds, Stopping threads took: 0.0001867 seconds
[2022-06-13T03:33:04.062+0000][1][safepoint    ] Application time: 0.0694030 seconds
[2022-06-13T03:33:04.062+0000][1][safepoint    ] Entering safepoint region: RevokeBias
[2022-06-13T03:33:04.062+0000][1][safepoint    ] Leaving safepoint region
[2022-06-13T03:33:04.062+0000][1][safepoint    ] Total time for which application threads were stopped: 0.0002841 seconds, Stopping threads took: 0.0001135 seconds
[2022-06-13T03:33:04.139+0000][1][safepoint    ] Application time: 0.0770525 seconds
[2022-06-13T03:33:04.139+0000][1][safepoint    ] Entering safepoint region: GenCollectForAllocation
[2022-06-13T03:33:04.140+0000][1][gc,start     ] GC(16) Pause Young (Allocation Failure)
[2022-06-13T03:33:04.140+0000][1][gc,task      ] GC(16) Using 5 workers of 13 for evacuation
[2022-06-13T03:33:04.143+0000][1][gc,age       ] GC(16) Desired survivor size 4456448 bytes, new threshold 2 (max threshold 6)
[2022-06-13T03:33:04.143+0000][1][gc,age       ] GC(16) Age table with threshold 2 (max threshold 6)
[2022-06-13T03:33:04.143+0000][1][gc,age       ] GC(16) - age   1:     475688 bytes,     475688 total
[2022-06-13T03:33:04.143+0000][1][gc,age       ] GC(16) - age   2:    4407480 bytes,    4883168 total
[2022-06-13T03:33:04.143+0000][1][gc,heap      ] GC(16) ParNew: 78656K->6690K(78656K)
[2022-06-13T03:33:04.144+0000][1][gc,heap      ] GC(16) CMS: 51439K->51439K(174784K)
[2022-06-13T03:33:04.144+0000][1][gc,metaspace ] GC(16) Metaspace: 32993K->32993K(1079296K)
[2022-06-13T03:33:04.144+0000][1][gc           ] GC(16) Pause Young (Allocation Failure) 127M->56M(247M) 4.148ms
[2022-06-13T03:33:04.144+0000][1][gc,cpu       ] GC(16) User=0.02s Sys=0.00s Real=0.00s
[2022-06-13T03:33:04.144+0000][1][safepoint    ] Leaving safepoint region
[2022-06-13T03:33:04.144+0000][1][safepoint    ] Total time for which application threads were stopped: 0.0047181 seconds, Stopping threads took: 0.0001362 seconds
[2022-06-13T03:33:04.382+0000][1][safepoint    ] Application time: 0.2372915 seconds
[2022-06-13T03:33:04.382+0000][1][safepoint    ] Entering safepoint region: CollectForMetadataAllocation
[2022-06-13T03:33:04.382+0000][1][safepoint    ] Leaving safepoint region
[2022-06-13T03:33:04.382+0000][1][safepoint    ] Total time for which application threads were stopped: 0.0003966 seconds, Stopping threads took: 0.0001321 seconds
[2022-06-13T03:33:04.397+0000][1][safepoint    ] Application time: 0.0149864 seconds
[2022-06-13T03:33:04.398+0000][1][safepoint    ] Entering safepoint region: CollectForMetadataAllocation
[2022-06-13T03:33:04.398+0000][1][safepoint    ] Leaving safepoint region
[2022-06-13T03:33:04.398+0000][1][safepoint    ] Total time for which application threads were stopped: 0.0005554 seconds, Stopping threads took: 0.0001991 seconds
[2022-06-13T03:33:04.412+0000][1][safepoint    ] Application time: 0.0135022 seconds
[2022-06-13T03:33:04.412+0000][1][safepoint    ] Entering safepoint region: CollectForMetadataAllocation
[2022-06-13T03:33:04.413+0000][1][safepoint    ] Leaving safepoint region
[2022-06-13T03:33:04.413+0000][1][safepoint    ] Total time for which application threads were stopped: 0.0008704 seconds, Stopping threads took: 0.0001293 seconds
[2022-06-13T03:33:04.422+0000][1][safepoint    ] Application time: 0.0090402 seconds
[2022-06-13T03:33:04.422+0000][1][safepoint    ] Entering safepoint region: CollectForMetadataAllocation
[2022-06-13T03:33:04.423+0000][1][safepoint    ] Leaving safepoint region
[2022-06-13T03:33:04.423+0000][1][safepoint    ] Total time for which application threads were stopped: 0.0006225 seconds, Stopping threads took: 0.0001490 seconds
[2022-06-13T03:33:04.438+0000][1][safepoint    ] Application time: 0.0146487 seconds
[2022-06-13T03:33:04.438+0000][1][safepoint    ] Entering safepoint region: CollectForMetadataAllocation
[2022-06-13T03:33:04.438+0000][1][safepoint    ] Leaving safepoint region
[2022-06-13T03:33:04.438+0000][1][safepoint    ] Total time for which application threads were stopped: 0.0004216 seconds, Stopping threads took: 0.0001668 seconds
[2022-06-13T03:33:04.460+0000][1][safepoint    ] Application time: 0.0210812 seconds
[2022-06-13T03:33:04.460+0000][1][safepoint    ] Entering safepoint region: CollectForMetadataAllocation
[2022-06-13T03:33:04.460+0000][1][safepoint    ] Leaving safepoint region
[2022-06-13T03:33:04.460+0000][1][safepoint    ] Total time for which application threads were stopped: 0.0004318 seconds, Stopping threads took: 0.0001639 seconds
[2022-06-13T03:33:04.462+0000][1][safepoint    ] Application time: 0.0016108 seconds
[2022-06-13T03:33:04.462+0000][1][safepoint    ] Entering safepoint region: RevokeBias
[2022-06-13T03:33:04.462+0000][1][safepoint    ] Leaving safepoint region
[2022-06-13T03:33:04.462+0000][1][safepoint    ] Total time for which application threads were stopped: 0.0003484 seconds, Stopping threads took: 0.0001401 seconds
[2022-06-13T03:33:04.466+0000][1][safepoint    ] Application time: 0.0038210 seconds
[2022-06-13T03:33:04.467+0000][1][safepoint    ] Entering safepoint region: RevokeBias
[2022-06-13T03:33:04.467+0000][1][safepoint    ] Leaving safepoint region
[2022-06-13T03:33:04.467+0000][1][safepoint    ] Total time for which application threads were stopped: 0.0004894 seconds, Stopping threads took: 0.0001672 seconds
[2022-06-13T03:33:04.473+0000][1][safepoint    ] Application time: 0.0057393 seconds
[2022-06-13T03:33:04.474+0000][1][safepoint    ] Entering safepoint region: CollectForMetadataAllocation
[2022-06-13T03:33:04.474+0000][1][safepoint    ] Leaving safepoint region
[2022-06-13T03:33:04.475+0000][1][safepoint    ] Total time for which application threads were stopped: 0.0010215 seconds, Stopping threads took: 0.0002287 seconds
[2022-06-13T03:33:04.476+0000][1][safepoint    ] Application time: 0.0011099 seconds
[2022-06-13T03:33:04.476+0000][1][safepoint    ] Entering safepoint region: RevokeBias
[2022-06-13T03:33:04.476+0000][1][safepoint    ] Leaving safepoint region
[2022-06-13T03:33:04.476+0000][1][safepoint    ] Total time for which application threads were stopped: 0.0003691 seconds, Stopping threads took: 0.0001570 seconds
[2022-06-13T03:33:04.494+0000][1][safepoint    ] Application time: 0.0173137 seconds
[2022-06-13T03:33:04.494+0000][1][safepoint    ] Entering safepoint region: CollectForMetadataAllocation
[2022-06-13T03:33:04.495+0000][1][safepoint    ] Leaving safepoint region
[2022-06-13T03:33:04.495+0000][1][safepoint    ] Total time for which application threads were stopped: 0.0005389 seconds, Stopping threads took: 0.0001553 seconds
[2022-06-13T03:33:04.516+0000][1][safepoint    ] Application time: 0.0207934 seconds
[2022-06-13T03:33:04.516+0000][1][safepoint    ] Entering safepoint region: CollectForMetadataAllocation
[2022-06-13T03:33:04.516+0000][1][safepoint    ] Leaving safepoint region
[2022-06-13T03:33:04.516+0000][1][safepoint    ] Total time for which application threads were stopped: 0.0004516 seconds, Stopping threads took: 0.0001646 seconds
[2022-06-13T03:33:04.528+0000][1][safepoint    ] Application time: 0.0113914 seconds
[2022-06-13T03:33:04.528+0000][1][safepoint    ] Entering safepoint region: CollectForMetadataAllocation
[2022-06-13T03:33:04.529+0000][1][safepoint    ] Leaving safepoint region
[2022-06-13T03:33:04.529+0000][1][safepoint    ] Total time for which application threads were stopped: 0.0003795 seconds, Stopping threads took: 0.0001699 seconds
[2022-06-13T03:33:04.538+0000][1][safepoint    ] Application time: 0.0092919 seconds
[2022-06-13T03:33:04.538+0000][1][safepoint    ] Entering safepoint region: CollectForMetadataAllocation
[2022-06-13T03:33:04.539+0000][1][safepoint    ] Leaving safepoint region
[2022-06-13T03:33:04.539+0000][1][safepoint    ] Total time for which application threads were stopped: 0.0007720 seconds, Stopping threads took: 0.0001620 seconds
[2022-06-13T03:33:04.561+0000][1][safepoint    ] Application time: 0.0215786 seconds
[2022-06-13T03:33:04.561+0000][1][safepoint    ] Entering safepoint region: CollectForMetadataAllocation
[2022-06-13T03:33:04.562+0000][1][safepoint    ] Leaving safepoint region
[2022-06-13T03:33:04.562+0000][1][safepoint    ] Total time for which application threads were stopped: 0.0004402 seconds, Stopping threads took: 0.0001753 seconds
[2022-06-13T03:33:04.580+0000][1][safepoint    ] Application time: 0.0183838 seconds
[2022-06-13T03:33:04.580+0000][1][safepoint    ] Entering safepoint region: CollectForMetadataAllocation
[2022-06-13T03:33:04.581+0000][1][safepoint    ] Leaving safepoint region
[2022-06-13T03:33:04.581+0000][1][safepoint    ] Total time for which application threads were stopped: 0.0003547 seconds, Stopping threads took: 0.0001447 seconds
[2022-06-13T03:33:04.592+0000][1][safepoint    ] Application time: 0.0112945 seconds
[2022-06-13T03:33:04.592+0000][1][safepoint    ] Entering safepoint region: CollectForMetadataAllocation
[2022-06-13T03:33:04.593+0000][1][safepoint    ] Leaving safepoint region
[2022-06-13T03:33:04.593+0000][1][safepoint    ] Total time for which application threads were stopped: 0.0004058 seconds, Stopping threads took: 0.0001756 seconds
[2022-06-13T03:33:04.608+0000][1][safepoint    ] Application time: 0.0149231 seconds
[2022-06-13T03:33:04.608+0000][1][safepoint    ] Entering safepoint region: CollectForMetadataAllocation
[2022-06-13T03:33:04.608+0000][1][safepoint    ] Leaving safepoint region
[2022-06-13T03:33:04.609+0000][1][safepoint    ] Total time for which application threads were stopped: 0.0004219 seconds, Stopping threads took: 0.0001589 seconds
[2022-06-13T03:33:04.618+0000][1][safepoint    ] Application time: 0.0096851 seconds
[2022-06-13T03:33:04.619+0000][1][safepoint    ] Entering safepoint region: CollectForMetadataAllocation
[2022-06-13T03:33:04.619+0000][1][safepoint    ] Leaving safepoint region
[2022-06-13T03:33:04.619+0000][1][safepoint    ] Total time for which application threads were stopped: 0.0004563 seconds, Stopping threads took: 0.0001373 seconds
[2022-06-13T03:33:04.641+0000][1][safepoint    ] Application time: 0.0212161 seconds
[2022-06-13T03:33:04.641+0000][1][safepoint    ] Entering safepoint region: CollectForMetadataAllocation
[2022-06-13T03:33:04.641+0000][1][safepoint    ] Leaving safepoint region
[2022-06-13T03:33:04.641+0000][1][safepoint    ] Total time for which application threads were stopped: 0.0003686 seconds, Stopping threads took: 0.0001406 seconds
[2022-06-13T03:33:04.652+0000][1][safepoint    ] Application time: 0.0112719 seconds
[2022-06-13T03:33:04.653+0000][1][safepoint    ] Entering safepoint region: CollectForMetadataAllocation
[2022-06-13T03:33:04.653+0000][1][safepoint    ] Leaving safepoint region
[2022-06-13T03:33:04.653+0000][1][safepoint    ] Total time for which application threads were stopped: 0.0003273 seconds, Stopping threads took: 0.0000838 seconds
[2022-06-13T03:33:04.670+0000][1][safepoint    ] Application time: 0.0166387 seconds
[2022-06-13T03:33:04.670+0000][1][safepoint    ] Entering safepoint region: CollectForMetadataAllocation
[2022-06-13T03:33:04.670+0000][1][safepoint    ] Leaving safepoint region
[2022-06-13T03:33:04.670+0000][1][safepoint    ] Total time for which application threads were stopped: 0.0004708 seconds, Stopping threads took: 0.0001648 seconds
[2022-06-13T03:33:04.688+0000][1][safepoint    ] Application time: 0.0171979 seconds
[2022-06-13T03:33:04.688+0000][1][safepoint    ] Entering safepoint region: CollectForMetadataAllocation
[2022-06-13T03:33:04.688+0000][1][safepoint    ] Leaving safepoint region
[2022-06-13T03:33:04.688+0000][1][safepoint    ] Total time for which application threads were stopped: 0.0003692 seconds, Stopping threads took: 0.0000997 seconds
[2022-06-13T03:33:04.711+0000][1][safepoint    ] Application time: 0.0230753 seconds
[2022-06-13T03:33:04.711+0000][1][safepoint    ] Entering safepoint region: CollectForMetadataAllocation
[2022-06-13T03:33:04.712+0000][1][safepoint    ] Leaving safepoint region
[2022-06-13T03:33:04.712+0000][1][safepoint    ] Total time for which application threads were stopped: 0.0003531 seconds, Stopping threads took: 0.0001169 seconds
[2022-06-13T03:33:04.723+0000][1][safepoint    ] Application time: 0.0116400 seconds
[2022-06-13T03:33:04.724+0000][1][safepoint    ] Entering safepoint region: CollectForMetadataAllocation
[2022-06-13T03:33:04.724+0000][1][safepoint    ] Leaving safepoint region
[2022-06-13T03:33:04.724+0000][1][safepoint    ] Total time for which application threads were stopped: 0.0003792 seconds, Stopping threads took: 0.0001333 seconds
[2022-06-13T03:33:04.755+0000][1][safepoint    ] Application time: 0.0304566 seconds
[2022-06-13T03:33:04.755+0000][1][safepoint    ] Entering safepoint region: CollectForMetadataAllocation
[2022-06-13T03:33:04.755+0000][1][safepoint    ] Leaving safepoint region
[2022-06-13T03:33:04.755+0000][1][safepoint    ] Total time for which application threads were stopped: 0.0004927 seconds, Stopping threads took: 0.0001676 seconds
[2022-06-13T03:33:04.761+0000][1][safepoint    ] Application time: 0.0056351 seconds
[2022-06-13T03:33:04.763+0000][1][safepoint    ] Entering safepoint region: RevokeBias
[2022-06-13T03:33:04.764+0000][1][safepoint    ] Leaving safepoint region
[2022-06-13T03:33:04.764+0000][1][safepoint    ] Total time for which application threads were stopped: 0.0010221 seconds, Stopping threads took: 0.0007718 seconds
[2022-06-13T03:33:04.769+0000][1][safepoint    ] Application time: 0.0050147 seconds
[2022-06-13T03:33:04.769+0000][1][safepoint    ] Entering safepoint region: CollectForMetadataAllocation
[2022-06-13T03:33:04.770+0000][1][safepoint    ] Leaving safepoint region
[2022-06-13T03:33:04.770+0000][1][safepoint    ] Total time for which application threads were stopped: 0.0005427 seconds, Stopping threads took: 0.0001777 seconds
[2022-06-13T03:33:04.993+0000][1][safepoint    ] Application time: 0.2227533 seconds
[2022-06-13T03:33:04.993+0000][1][safepoint    ] Entering safepoint region: CollectForMetadataAllocation
[2022-06-13T03:33:04.993+0000][1][safepoint    ] Leaving safepoint region
[2022-06-13T03:33:04.994+0000][1][safepoint    ] Total time for which application threads were stopped: 0.0004674 seconds, Stopping threads took: 0.0001969 seconds
[2022-06-13T03:33:05.213+0000][1][safepoint    ] Application time: 0.2190466 seconds
[2022-06-13T03:33:05.213+0000][1][safepoint    ] Entering safepoint region: GenCollectForAllocation
[2022-06-13T03:33:05.213+0000][1][gc,start     ] GC(17) Pause Young (Allocation Failure)
[2022-06-13T03:33:05.213+0000][1][gc,task      ] GC(17) Using 5 workers of 13 for evacuation
[2022-06-13T03:33:05.220+0000][1][gc,age       ] GC(17) Desired survivor size 4456448 bytes, new threshold 6 (max threshold 6)
[2022-06-13T03:33:05.220+0000][1][gc,age       ] GC(17) Age table with threshold 6 (max threshold 6)
[2022-06-13T03:33:05.220+0000][1][gc,age       ] GC(17) - age   1:    3765760 bytes,    3765760 total
[2022-06-13T03:33:05.220+0000][1][gc,age       ] GC(17) - age   2:     432464 bytes,    4198224 total
[2022-06-13T03:33:05.220+0000][1][gc,heap      ] GC(17) ParNew: 76642K->6308K(78656K)
[2022-06-13T03:33:05.220+0000][1][gc,heap      ] GC(17) CMS: 51439K->55808K(174784K)
[2022-06-13T03:33:05.221+0000][1][gc,metaspace ] GC(17) Metaspace: 42311K->42311K(1087488K)
[2022-06-13T03:33:05.221+0000][1][gc           ] GC(17) Pause Young (Allocation Failure) 125M->60M(247M) 7.706ms
[2022-06-13T03:33:05.221+0000][1][gc,cpu       ] GC(17) User=0.03s Sys=0.00s Real=0.01s
[2022-06-13T03:33:05.221+0000][1][safepoint    ] Leaving safepoint region
[2022-06-13T03:33:05.221+0000][1][safepoint    ] Total time for which application threads were stopped: 0.0082107 seconds, Stopping threads took: 0.0000967 seconds
[2022-06-13T03:33:05.222+0000][1][safepoint    ] Application time: 0.0007764 seconds
[2022-06-13T03:33:05.222+0000][1][safepoint    ] Entering safepoint region: CMS_Initial_Mark
[2022-06-13T03:33:05.222+0000][1][gc,start     ] GC(18) Pause Initial Mark
[2022-06-13T03:33:05.224+0000][1][gc           ] GC(18) Pause Initial Mark 62M->62M(247M) 1.337ms
[2022-06-13T03:33:05.224+0000][1][gc,cpu       ] GC(18) User=0.00s Sys=0.00s Real=0.00s
[2022-06-13T03:33:05.224+0000][1][safepoint    ] Leaving safepoint region
[2022-06-13T03:33:05.224+0000][1][safepoint    ] Total time for which application threads were stopped: 0.0019178 seconds, Stopping threads took: 0.0001282 seconds
[2022-06-13T03:33:05.224+0000][1][gc           ] GC(18) Concurrent Mark
[2022-06-13T03:33:05.224+0000][1][gc,task      ] GC(18) Using 4 workers of 4 for marking
[2022-06-13T03:33:05.239+0000][1][safepoint    ] Application time: 0.0152535 seconds
[2022-06-13T03:33:05.240+0000][1][safepoint    ] Entering safepoint region: CollectForMetadataAllocation
[2022-06-13T03:33:05.240+0000][1][safepoint    ] Leaving safepoint region
[2022-06-13T03:33:05.241+0000][1][safepoint    ] Total time for which application threads were stopped: 0.0011009 seconds, Stopping threads took: 0.0001319 seconds
[2022-06-13T03:33:05.244+0000][1][gc           ] GC(18) Concurrent Mark 20.077ms
[2022-06-13T03:33:05.244+0000][1][gc,cpu       ] GC(18) User=0.09s Sys=0.00s Real=0.02s
[2022-06-13T03:33:05.245+0000][1][gc           ] GC(18) Concurrent Preclean
[2022-06-13T03:33:05.246+0000][1][gc           ] GC(18) Concurrent Preclean 1.248ms
[2022-06-13T03:33:05.246+0000][1][gc,cpu       ] GC(18) User=0.00s Sys=0.00s Real=0.00s
[2022-06-13T03:33:05.246+0000][1][gc           ] GC(18) Concurrent Abortable Preclean
[2022-06-13T03:33:05.272+0000][1][safepoint    ] Application time: 0.0313529 seconds
[2022-06-13T03:33:05.273+0000][1][safepoint    ] Entering safepoint region: CollectForMetadataAllocation
[2022-06-13T03:33:05.273+0000][1][safepoint    ] Leaving safepoint region
[2022-06-13T03:33:05.274+0000][1][safepoint    ] Total time for which application threads were stopped: 0.0011212 seconds, Stopping threads took: 0.0002280 seconds
[2022-06-13T03:33:05.274+0000][1][safepoint    ] Application time: 0.0001395 seconds
[2022-06-13T03:33:05.274+0000][1][safepoint    ] Entering safepoint region: CollectForMetadataAllocation
[2022-06-13T03:33:05.274+0000][1][safepoint    ] Leaving safepoint region
[2022-06-13T03:33:05.274+0000][1][safepoint    ] Total time for which application threads were stopped: 0.0003687 seconds, Stopping threads took: 0.0002467 seconds
[2022-06-13T03:33:05.413+0000][1][safepoint    ] Application time: 0.1381210 seconds
[2022-06-13T03:33:05.413+0000][1][safepoint    ] Entering safepoint region: CollectForMetadataAllocation
[2022-06-13T03:33:05.414+0000][1][safepoint    ] Leaving safepoint region
[2022-06-13T03:33:05.414+0000][1][safepoint    ] Total time for which application threads were stopped: 0.0008287 seconds, Stopping threads took: 0.0002396 seconds
[2022-06-13T03:33:05.452+0000][1][safepoint    ] Application time: 0.0369926 seconds
[2022-06-13T03:33:05.452+0000][1][safepoint    ] Entering safepoint region: CollectForMetadataAllocation
[2022-06-13T03:33:05.453+0000][1][safepoint    ] Leaving safepoint region
[2022-06-13T03:33:05.453+0000][1][safepoint    ] Total time for which application threads were stopped: 0.0014523 seconds, Stopping threads took: 0.0009774 seconds
[2022-06-13T03:33:05.466+0000][1][safepoint    ] Application time: 0.0124278 seconds
[2022-06-13T03:33:05.466+0000][1][safepoint    ] Entering safepoint region: CollectForMetadataAllocation
[2022-06-13T03:33:05.467+0000][1][safepoint    ] Leaving safepoint region
[2022-06-13T03:33:05.467+0000][1][safepoint    ] Total time for which application threads were stopped: 0.0004374 seconds, Stopping threads took: 0.0001229 seconds
[2022-06-13T03:33:05.492+0000][1][gc           ] GC(18) Concurrent Abortable Preclean 245.914ms
[2022-06-13T03:33:05.492+0000][1][gc,cpu       ] GC(18) User=1.09s Sys=0.04s Real=0.25s
[2022-06-13T03:33:05.492+0000][1][safepoint    ] Application time: 0.0256348 seconds
[2022-06-13T03:33:05.493+0000][1][safepoint    ] Entering safepoint region: CMS_Final_Remark
[2022-06-13T03:33:05.493+0000][1][gc,start     ] GC(18) Pause Remark
[2022-06-13T03:33:05.508+0000][1][gc           ] GC(18) Pause Remark 96M->96M(247M) 14.669ms
[2022-06-13T03:33:05.508+0000][1][gc,cpu       ] GC(18) User=0.04s Sys=0.00s Real=0.01s
[2022-06-13T03:33:05.508+0000][1][safepoint    ] Leaving safepoint region
[2022-06-13T03:33:05.508+0000][1][safepoint    ] Total time for which application threads were stopped: 0.0156971 seconds, Stopping threads took: 0.0002204 seconds
[2022-06-13T03:33:05.508+0000][1][gc           ] GC(18) Concurrent Sweep
[2022-06-13T03:33:05.509+0000][1][safepoint    ] Application time: 0.0009884 seconds
[2022-06-13T03:33:05.510+0000][1][safepoint    ] Entering safepoint region: CollectForMetadataAllocation
[2022-06-13T03:33:05.511+0000][1][safepoint    ] Leaving safepoint region
[2022-06-13T03:33:05.511+0000][1][safepoint    ] Total time for which application threads were stopped: 0.0012063 seconds, Stopping threads took: 0.0003937 seconds
[2022-06-13T03:33:05.512+0000][1][safepoint    ] Application time: 0.0008663 seconds
[2022-06-13T03:33:05.513+0000][1][safepoint    ] Entering safepoint region: CollectForMetadataAllocation
[2022-06-13T03:33:05.513+0000][1][safepoint    ] Leaving safepoint region
[2022-06-13T03:33:05.513+0000][1][safepoint    ] Total time for which application threads were stopped: 0.0013593 seconds, Stopping threads took: 0.0006925 seconds
[2022-06-13T03:33:05.534+0000][1][gc           ] GC(18) Concurrent Sweep 25.612ms
[2022-06-13T03:33:05.534+0000][1][gc,cpu       ] GC(18) User=0.07s Sys=0.00s Real=0.03s
[2022-06-13T03:33:05.535+0000][1][gc           ] GC(18) Concurrent Reset
[2022-06-13T03:33:05.535+0000][1][gc           ] GC(18) Concurrent Reset 0.487ms
[2022-06-13T03:33:05.535+0000][1][gc,cpu       ] GC(18) User=0.00s Sys=0.00s Real=0.00s
[2022-06-13T03:33:05.535+0000][1][gc,heap      ] GC(18) Old: 55808K->55585K(174784K)
[2022-06-13T03:33:05.585+0000][1][safepoint    ] Application time: 0.0711413 seconds
[2022-06-13T03:33:05.585+0000][1][safepoint    ] Entering safepoint region: RevokeBias
[2022-06-13T03:33:05.585+0000][1][safepoint    ] Leaving safepoint region
[2022-06-13T03:33:05.585+0000][1][safepoint    ] Total time for which application threads were stopped: 0.0003759 seconds, Stopping threads took: 0.0001655 seconds
[2022-06-13T03:33:05.588+0000][1][safepoint    ] Application time: 0.0028416 seconds
[2022-06-13T03:33:05.588+0000][1][safepoint    ] Entering safepoint region: RevokeBias
[2022-06-13T03:33:05.588+0000][1][safepoint    ] Leaving safepoint region
[2022-06-13T03:33:05.589+0000][1][safepoint    ] Total time for which application threads were stopped: 0.0003270 seconds, Stopping threads took: 0.0001415 seconds
[2022-06-13T03:33:05.784+0000][1][safepoint    ] Application time: 0.1948953 seconds
[2022-06-13T03:33:05.784+0000][1][safepoint    ] Entering safepoint region: RevokeBias
[2022-06-13T03:33:05.785+0000][1][safepoint    ] Leaving safepoint region
[2022-06-13T03:33:05.785+0000][1][safepoint    ] Total time for which application threads were stopped: 0.0008707 seconds, Stopping threads took: 0.0002991 seconds
[2022-06-13T03:33:05.785+0000][1][safepoint    ] Application time: 0.0001026 seconds
[2022-06-13T03:33:05.785+0000][1][safepoint    ] Entering safepoint region: RevokeBias
[2022-06-13T03:33:05.785+0000][1][safepoint    ] Leaving safepoint region
[2022-06-13T03:33:05.785+0000][1][safepoint    ] Total time for which application threads were stopped: 0.0002643 seconds, Stopping threads took: 0.0001085 seconds
[2022-06-13T03:33:05.786+0000][1][safepoint    ] Application time: 0.0001237 seconds
[2022-06-13T03:33:05.786+0000][1][safepoint    ] Entering safepoint region: RevokeBias
[2022-06-13T03:33:05.786+0000][1][safepoint    ] Leaving safepoint region
[2022-06-13T03:33:05.786+0000][1][safepoint    ] Total time for which application threads were stopped: 0.0002337 seconds, Stopping threads took: 0.0001105 seconds
[2022-06-13T03:33:05.786+0000][1][safepoint    ] Application time: 0.0000871 seconds
[2022-06-13T03:33:05.786+0000][1][safepoint    ] Entering safepoint region: RevokeBias
[2022-06-13T03:33:05.786+0000][1][safepoint    ] Leaving safepoint region
[2022-06-13T03:33:05.786+0000][1][safepoint    ] Total time for which application threads were stopped: 0.0002263 seconds, Stopping threads took: 0.0001126 seconds
[2022-06-13T03:33:05.787+0000][1][safepoint    ] Application time: 0.0002902 seconds
[2022-06-13T03:33:05.787+0000][1][safepoint    ] Entering safepoint region: RevokeBias
[2022-06-13T03:33:05.787+0000][1][safepoint    ] Leaving safepoint region
[2022-06-13T03:33:05.787+0000][1][safepoint    ] Total time for which application threads were stopped: 0.0002706 seconds, Stopping threads took: 0.0001498 seconds
[2022-06-13T03:33:05.788+0000][1][safepoint    ] Application time: 0.0003297 seconds
[2022-06-13T03:33:05.788+0000][1][safepoint    ] Entering safepoint region: RevokeBias
[2022-06-13T03:33:05.788+0000][1][safepoint    ] Leaving safepoint region
[2022-06-13T03:33:05.788+0000][1][safepoint    ] Total time for which application threads were stopped: 0.0002509 seconds, Stopping threads took: 0.0001391 seconds
[2022-06-13T03:33:05.788+0000][1][safepoint    ] Application time: 0.0001161 seconds
[2022-06-13T03:33:05.788+0000][1][safepoint    ] Entering safepoint region: RevokeBias
[2022-06-13T03:33:05.788+0000][1][safepoint    ] Leaving safepoint region
[2022-06-13T03:33:05.789+0000][1][safepoint    ] Total time for which application threads were stopped: 0.0002519 seconds, Stopping threads took: 0.0001347 seconds
[2022-06-13T03:33:05.789+0000][1][safepoint    ] Application time: 0.0002527 seconds
[2022-06-13T03:33:05.789+0000][1][safepoint    ] Entering safepoint region: RevokeBias
[2022-06-13T03:33:05.789+0000][1][safepoint    ] Leaving safepoint region
[2022-06-13T03:33:05.789+0000][1][safepoint    ] Total time for which application threads were stopped: 0.0003694 seconds, Stopping threads took: 0.0002233 seconds
[2022-06-13T03:33:05.790+0000][1][safepoint    ] Application time: 0.0000727 seconds
[2022-06-13T03:33:05.790+0000][1][safepoint    ] Entering safepoint region: RevokeBias
[2022-06-13T03:33:05.790+0000][1][safepoint    ] Leaving safepoint region
[2022-06-13T03:33:05.790+0000][1][safepoint    ] Total time for which application threads were stopped: 0.0002457 seconds, Stopping threads took: 0.0001101 seconds
[2022-06-13T03:33:05.790+0000][1][safepoint    ] Application time: 0.0000800 seconds
[2022-06-13T03:33:05.790+0000][1][safepoint    ] Entering safepoint region: RevokeBias
[2022-06-13T03:33:05.790+0000][1][safepoint    ] Leaving safepoint region
[2022-06-13T03:33:05.790+0000][1][safepoint    ] Total time for which application threads were stopped: 0.0002610 seconds, Stopping threads took: 0.0001171 seconds
[2022-06-13T03:33:05.791+0000][1][safepoint    ] Application time: 0.0000923 seconds
[2022-06-13T03:33:05.791+0000][1][safepoint    ] Entering safepoint region: RevokeBias
[2022-06-13T03:33:05.791+0000][1][safepoint    ] Leaving safepoint region
[2022-06-13T03:33:05.791+0000][1][safepoint    ] Total time for which application threads were stopped: 0.0003107 seconds, Stopping threads took: 0.0001790 seconds
[2022-06-13T03:33:05.791+0000][1][safepoint    ] Application time: 0.0000832 seconds
[2022-06-13T03:33:05.791+0000][1][safepoint    ] Entering safepoint region: RevokeBias
[2022-06-13T03:33:05.792+0000][1][safepoint    ] Leaving safepoint region
[2022-06-13T03:33:05.792+0000][1][safepoint    ] Total time for which application threads were stopped: 0.0002524 seconds, Stopping threads took: 0.0001204 seconds
[2022-06-13T03:33:05.792+0000][1][safepoint    ] Application time: 0.0001208 seconds
[2022-06-13T03:33:05.792+0000][1][safepoint    ] Entering safepoint region: RevokeBias
[2022-06-13T03:33:05.792+0000][1][safepoint    ] Leaving safepoint region
[2022-06-13T03:33:05.793+0000][1][safepoint    ] Total time for which application threads were stopped: 0.0006897 seconds, Stopping threads took: 0.0005248 seconds
[2022-06-13T03:33:05.793+0000][1][safepoint    ] Application time: 0.0000686 seconds
[2022-06-13T03:33:05.793+0000][1][safepoint    ] Entering safepoint region: RevokeBias
[2022-06-13T03:33:05.793+0000][1][safepoint    ] Leaving safepoint region
[2022-06-13T03:33:05.793+0000][1][safepoint    ] Total time for which application threads were stopped: 0.0003590 seconds, Stopping threads took: 0.0002276 seconds
[2022-06-13T03:33:05.793+0000][1][safepoint    ] Application time: 0.0000800 seconds
[2022-06-13T03:33:05.794+0000][1][safepoint    ] Entering safepoint region: RevokeBias
[2022-06-13T03:33:05.794+0000][1][safepoint    ] Leaving safepoint region
[2022-06-13T03:33:05.794+0000][1][safepoint    ] Total time for which application threads were stopped: 0.0002024 seconds, Stopping threads took: 0.0000876 seconds
[2022-06-13T03:33:05.794+0000][1][safepoint    ] Application time: 0.0000613 seconds
[2022-06-13T03:33:05.794+0000][1][safepoint    ] Entering safepoint region: RevokeBias
[2022-06-13T03:33:05.794+0000][1][safepoint    ] Leaving safepoint region
[2022-06-13T03:33:05.794+0000][1][safepoint    ] Total time for which application threads were stopped: 0.0002004 seconds, Stopping threads took: 0.0000831 seconds
[2022-06-13T03:33:05.794+0000][1][safepoint    ] Application time: 0.0000982 seconds
[2022-06-13T03:33:05.794+0000][1][safepoint    ] Entering safepoint region: RevokeBias
[2022-06-13T03:33:05.795+0000][1][safepoint    ] Leaving safepoint region
[2022-06-13T03:33:05.795+0000][1][safepoint    ] Total time for which application threads were stopped: 0.0002647 seconds, Stopping threads took: 0.0001135 seconds
[2022-06-13T03:33:05.795+0000][1][safepoint    ] Application time: 0.0000857 seconds
[2022-06-13T03:33:05.795+0000][1][safepoint    ] Entering safepoint region: RevokeBias
[2022-06-13T03:33:05.795+0000][1][safepoint    ] Leaving safepoint region
[2022-06-13T03:33:05.795+0000][1][safepoint    ] Total time for which application threads were stopped: 0.0002598 seconds, Stopping threads took: 0.0001238 seconds
[2022-06-13T03:33:05.796+0000][1][safepoint    ] Application time: 0.0000854 seconds
[2022-06-13T03:33:05.796+0000][1][safepoint    ] Entering safepoint region: RevokeBias
[2022-06-13T03:33:05.796+0000][1][safepoint    ] Leaving safepoint region
[2022-06-13T03:33:05.796+0000][1][safepoint    ] Total time for which application threads were stopped: 0.0002146 seconds, Stopping threads took: 0.0000896 seconds
[2022-06-13T03:33:05.796+0000][1][safepoint    ] Application time: 0.0000608 seconds
[2022-06-13T03:33:05.796+0000][1][safepoint    ] Entering safepoint region: RevokeBias
[2022-06-13T03:33:05.796+0000][1][safepoint    ] Leaving safepoint region
[2022-06-13T03:33:05.796+0000][1][safepoint    ] Total time for which application threads were stopped: 0.0001859 seconds, Stopping threads took: 0.0000798 seconds
[2022-06-13T03:33:05.796+0000][1][safepoint    ] Application time: 0.0000670 seconds
[2022-06-13T03:33:05.797+0000][1][safepoint    ] Entering safepoint region: RevokeBias
[2022-06-13T03:33:05.797+0000][1][safepoint    ] Leaving safepoint region
[2022-06-13T03:33:05.797+0000][1][safepoint    ] Total time for which application threads were stopped: 0.0002295 seconds, Stopping threads took: 0.0001145 seconds
[2022-06-13T03:33:05.797+0000][1][safepoint    ] Application time: 0.0000609 seconds
[2022-06-13T03:33:05.797+0000][1][safepoint    ] Entering safepoint region: RevokeBias
[2022-06-13T03:33:05.797+0000][1][safepoint    ] Leaving safepoint region
[2022-06-13T03:33:05.797+0000][1][safepoint    ] Total time for which application threads were stopped: 0.0001879 seconds, Stopping threads took: 0.0000835 seconds
[2022-06-13T03:33:05.797+0000][1][safepoint    ] Application time: 0.0000539 seconds
[2022-06-13T03:33:05.797+0000][1][safepoint    ] Entering safepoint region: RevokeBias
[2022-06-13T03:33:05.797+0000][1][safepoint    ] Leaving safepoint region
[2022-06-13T03:33:05.798+0000][1][safepoint    ] Total time for which application threads were stopped: 0.0001927 seconds, Stopping threads took: 0.0000856 seconds
[2022-06-13T03:33:05.798+0000][1][safepoint    ] Application time: 0.0000538 seconds
[2022-06-13T03:33:05.798+0000][1][safepoint    ] Entering safepoint region: RevokeBias
[2022-06-13T03:33:05.798+0000][1][safepoint    ] Leaving safepoint region
[2022-06-13T03:33:05.798+0000][1][safepoint    ] Total time for which application threads were stopped: 0.0002070 seconds, Stopping threads took: 0.0000847 seconds
[2022-06-13T03:33:05.798+0000][1][safepoint    ] Application time: 0.0000482 seconds
[2022-06-13T03:33:05.798+0000][1][safepoint    ] Entering safepoint region: RevokeBias
[2022-06-13T03:33:05.798+0000][1][safepoint    ] Leaving safepoint region
[2022-06-13T03:33:05.798+0000][1][safepoint    ] Total time for which application threads were stopped: 0.0001796 seconds, Stopping threads took: 0.0000773 seconds
[2022-06-13T03:33:05.799+0000][1][safepoint    ] Application time: 0.0000496 seconds
[2022-06-13T03:33:05.799+0000][1][safepoint    ] Entering safepoint region: RevokeBias
[2022-06-13T03:33:05.799+0000][1][safepoint    ] Leaving safepoint region
[2022-06-13T03:33:05.799+0000][1][safepoint    ] Total time for which application threads were stopped: 0.0001870 seconds, Stopping threads took: 0.0000840 seconds
[2022-06-13T03:33:05.799+0000][1][safepoint    ] Application time: 0.0000590 seconds
[2022-06-13T03:33:05.799+0000][1][safepoint    ] Entering safepoint region: RevokeBias
[2022-06-13T03:33:05.799+0000][1][safepoint    ] Leaving safepoint region
[2022-06-13T03:33:05.799+0000][1][safepoint    ] Total time for which application threads were stopped: 0.0002314 seconds, Stopping threads took: 0.0001046 seconds
[2022-06-13T03:33:05.799+0000][1][safepoint    ] Application time: 0.0000543 seconds
[2022-06-13T03:33:05.800+0000][1][safepoint    ] Entering safepoint region: RevokeBias
[2022-06-13T03:33:05.800+0000][1][safepoint    ] Leaving safepoint region
[2022-06-13T03:33:05.800+0000][1][safepoint    ] Total time for which application threads were stopped: 0.0002060 seconds, Stopping threads took: 0.0000917 seconds
[2022-06-13T03:33:05.800+0000][1][safepoint    ] Application time: 0.0000551 seconds
[2022-06-13T03:33:05.800+0000][1][safepoint    ] Entering safepoint region: RevokeBias
[2022-06-13T03:33:05.800+0000][1][safepoint    ] Leaving safepoint region
[2022-06-13T03:33:05.800+0000][1][safepoint    ] Total time for which application threads were stopped: 0.0001982 seconds, Stopping threads took: 0.0000906 seconds
[2022-06-13T03:33:05.800+0000][1][safepoint    ] Application time: 0.0000538 seconds
[2022-06-13T03:33:05.800+0000][1][safepoint    ] Entering safepoint region: RevokeBias
[2022-06-13T03:33:05.800+0000][1][safepoint    ] Leaving safepoint region
[2022-06-13T03:33:05.801+0000][1][safepoint    ] Total time for which application threads were stopped: 0.0001945 seconds, Stopping threads took: 0.0000900 seconds
[2022-06-13T03:33:05.801+0000][1][safepoint    ] Application time: 0.0000521 seconds
[2022-06-13T03:33:05.801+0000][1][safepoint    ] Entering safepoint region: RevokeBias
[2022-06-13T03:33:05.801+0000][1][safepoint    ] Leaving safepoint region
[2022-06-13T03:33:05.801+0000][1][safepoint    ] Total time for which application threads were stopped: 0.0002141 seconds, Stopping threads took: 0.0000930 seconds
[2022-06-13T03:33:05.801+0000][1][safepoint    ] Application time: 0.0000525 seconds
[2022-06-13T03:33:05.801+0000][1][safepoint    ] Entering safepoint region: BulkRevokeBias
[2022-06-13T03:33:05.801+0000][1][safepoint    ] Leaving safepoint region
[2022-06-13T03:33:05.802+0000][1][safepoint    ] Total time for which application threads were stopped: 0.0002378 seconds, Stopping threads took: 0.0000877 seconds
[2022-06-13T03:33:05.802+0000][1][safepoint    ] Application time: 0.0001510 seconds
[2022-06-13T03:33:05.802+0000][1][safepoint    ] Entering safepoint region: RevokeBias
[2022-06-13T03:33:05.802+0000][1][safepoint    ] Leaving safepoint region
[2022-06-13T03:33:05.802+0000][1][safepoint    ] Total time for which application threads were stopped: 0.0002114 seconds, Stopping threads took: 0.0000988 seconds
[2022-06-13T03:33:05.802+0000][1][safepoint    ] Application time: 0.0000716 seconds
[2022-06-13T03:33:05.802+0000][1][safepoint    ] Entering safepoint region: RevokeBias
[2022-06-13T03:33:05.802+0000][1][safepoint    ] Leaving safepoint region
[2022-06-13T03:33:05.803+0000][1][safepoint    ] Total time for which application threads were stopped: 0.0001930 seconds, Stopping threads took: 0.0000849 seconds
[2022-06-13T03:33:05.803+0000][1][safepoint    ] Application time: 0.0001463 seconds
[2022-06-13T03:33:05.803+0000][1][safepoint    ] Entering safepoint region: RevokeBias
[2022-06-13T03:33:05.803+0000][1][safepoint    ] Leaving safepoint region
[2022-06-13T03:33:05.803+0000][1][safepoint    ] Total time for which application threads were stopped: 0.0002913 seconds, Stopping threads took: 0.0001249 seconds
[2022-06-13T03:33:05.803+0000][1][safepoint    ] Application time: 0.0001012 seconds
[2022-06-13T03:33:05.804+0000][1][safepoint    ] Entering safepoint region: RevokeBias
[2022-06-13T03:33:05.804+0000][1][safepoint    ] Leaving safepoint region
[2022-06-13T03:33:05.804+0000][1][safepoint    ] Total time for which application threads were stopped: 0.0003118 seconds, Stopping threads took: 0.0001652 seconds
[2022-06-13T03:33:05.804+0000][1][safepoint    ] Application time: 0.0001076 seconds
[2022-06-13T03:33:05.804+0000][1][safepoint    ] Entering safepoint region: RevokeBias
[2022-06-13T03:33:05.804+0000][1][safepoint    ] Leaving safepoint region
[2022-06-13T03:33:05.804+0000][1][safepoint    ] Total time for which application threads were stopped: 0.0003088 seconds, Stopping threads took: 0.0001161 seconds
[2022-06-13T03:33:05.805+0000][1][safepoint    ] Application time: 0.0000844 seconds
[2022-06-13T03:33:05.805+0000][1][safepoint    ] Entering safepoint region: RevokeBias
[2022-06-13T03:33:05.805+0000][1][safepoint    ] Leaving safepoint region
[2022-06-13T03:33:05.805+0000][1][safepoint    ] Total time for which application threads were stopped: 0.0002652 seconds, Stopping threads took: 0.0000986 seconds
[2022-06-13T03:33:05.805+0000][1][safepoint    ] Application time: 0.0000857 seconds
[2022-06-13T03:33:05.805+0000][1][safepoint    ] Entering safepoint region: RevokeBias
[2022-06-13T03:33:05.805+0000][1][safepoint    ] Leaving safepoint region
[2022-06-13T03:33:05.806+0000][1][safepoint    ] Total time for which application threads were stopped: 0.0002320 seconds, Stopping threads took: 0.0000908 seconds
[2022-06-13T03:33:05.806+0000][1][safepoint    ] Application time: 0.0000982 seconds
[2022-06-13T03:33:05.806+0000][1][safepoint    ] Entering safepoint region: RevokeBias
[2022-06-13T03:33:05.806+0000][1][safepoint    ] Leaving safepoint region
[2022-06-13T03:33:05.806+0000][1][safepoint    ] Total time for which application threads were stopped: 0.0004299 seconds, Stopping threads took: 0.0002453 seconds
[2022-06-13T03:33:05.806+0000][1][safepoint    ] Application time: 0.0000788 seconds
[2022-06-13T03:33:05.807+0000][1][safepoint    ] Entering safepoint region: RevokeBias
[2022-06-13T03:33:05.807+0000][1][safepoint    ] Leaving safepoint region
[2022-06-13T03:33:05.807+0000][1][safepoint    ] Total time for which application threads were stopped: 0.0002741 seconds, Stopping threads took: 0.0001259 seconds
[2022-06-13T03:33:05.807+0000][1][safepoint    ] Application time: 0.0000732 seconds
[2022-06-13T03:33:05.807+0000][1][safepoint    ] Entering safepoint region: RevokeBias
[2022-06-13T03:33:05.807+0000][1][safepoint    ] Leaving safepoint region
[2022-06-13T03:33:05.807+0000][1][safepoint    ] Total time for which application threads were stopped: 0.0002772 seconds, Stopping threads took: 0.0001039 seconds
[2022-06-13T03:33:05.808+0000][1][safepoint    ] Application time: 0.0000684 seconds
[2022-06-13T03:33:05.808+0000][1][safepoint    ] Entering safepoint region: RevokeBias
[2022-06-13T03:33:05.808+0000][1][safepoint    ] Leaving safepoint region
[2022-06-13T03:33:05.808+0000][1][safepoint    ] Total time for which application threads were stopped: 0.0002840 seconds, Stopping threads took: 0.0001286 seconds
[2022-06-13T03:33:05.808+0000][1][safepoint    ] Application time: 0.0000686 seconds
[2022-06-13T03:33:05.808+0000][1][safepoint    ] Entering safepoint region: RevokeBias
[2022-06-13T03:33:05.809+0000][1][safepoint    ] Leaving safepoint region
[2022-06-13T03:33:05.809+0000][1][safepoint    ] Total time for which application threads were stopped: 0.0002934 seconds, Stopping threads took: 0.0001222 seconds
[2022-06-13T03:33:05.809+0000][1][safepoint    ] Application time: 0.0000603 seconds
[2022-06-13T03:33:05.809+0000][1][safepoint    ] Entering safepoint region: RevokeBias
[2022-06-13T03:33:05.809+0000][1][safepoint    ] Leaving safepoint region
[2022-06-13T03:33:05.809+0000][1][safepoint    ] Total time for which application threads were stopped: 0.0003100 seconds, Stopping threads took: 0.0001342 seconds
[2022-06-13T03:33:05.809+0000][1][safepoint    ] Application time: 0.0000735 seconds
[2022-06-13T03:33:05.810+0000][1][safepoint    ] Entering safepoint region: RevokeBias
[2022-06-13T03:33:05.810+0000][1][safepoint    ] Leaving safepoint region
[2022-06-13T03:33:05.810+0000][1][safepoint    ] Total time for which application threads were stopped: 0.0005731 seconds, Stopping threads took: 0.0001091 seconds
[2022-06-13T03:33:05.810+0000][1][safepoint    ] Application time: 0.0000761 seconds
[2022-06-13T03:33:05.811+0000][1][safepoint    ] Entering safepoint region: RevokeBias
[2022-06-13T03:33:05.811+0000][1][safepoint    ] Leaving safepoint region
[2022-06-13T03:33:05.811+0000][1][safepoint    ] Total time for which application threads were stopped: 0.0003163 seconds, Stopping threads took: 0.0001289 seconds
[2022-06-13T03:33:05.811+0000][1][safepoint    ] Application time: 0.0000605 seconds
[2022-06-13T03:33:05.811+0000][1][safepoint    ] Entering safepoint region: RevokeBias
[2022-06-13T03:33:05.811+0000][1][safepoint    ] Leaving safepoint region
[2022-06-13T03:33:05.811+0000][1][safepoint    ] Total time for which application threads were stopped: 0.0002245 seconds, Stopping threads took: 0.0001012 seconds
[2022-06-13T03:33:05.812+0000][1][safepoint    ] Application time: 0.0000643 seconds
[2022-06-13T03:33:05.812+0000][1][safepoint    ] Entering safepoint region: RevokeBias
[2022-06-13T03:33:05.812+0000][1][safepoint    ] Leaving safepoint region
[2022-06-13T03:33:05.812+0000][1][safepoint    ] Total time for which application threads were stopped: 0.0002041 seconds, Stopping threads took: 0.0000929 seconds
[2022-06-13T03:33:05.812+0000][1][safepoint    ] Application time: 0.0000754 seconds
[2022-06-13T03:33:05.812+0000][1][safepoint    ] Entering safepoint region: RevokeBias
[2022-06-13T03:33:05.812+0000][1][safepoint    ] Leaving safepoint region
[2022-06-13T03:33:05.812+0000][1][safepoint    ] Total time for which application threads were stopped: 0.0002892 seconds, Stopping threads took: 0.0001165 seconds
[2022-06-13T03:33:05.813+0000][1][safepoint    ] Application time: 0.0000541 seconds
[2022-06-13T03:33:05.813+0000][1][safepoint    ] Entering safepoint region: RevokeBias
[2022-06-13T03:33:05.813+0000][1][safepoint    ] Leaving safepoint region
[2022-06-13T03:33:05.813+0000][1][safepoint    ] Total time for which application threads were stopped: 0.0002495 seconds, Stopping threads took: 0.0001099 seconds
[2022-06-13T03:33:05.813+0000][1][safepoint    ] Application time: 0.0000569 seconds
[2022-06-13T03:33:05.813+0000][1][safepoint    ] Entering safepoint region: RevokeBias
[2022-06-13T03:33:05.813+0000][1][safepoint    ] Leaving safepoint region
[2022-06-13T03:33:05.813+0000][1][safepoint    ] Total time for which application threads were stopped: 0.0001989 seconds, Stopping threads took: 0.0000882 seconds
[2022-06-13T03:33:05.814+0000][1][safepoint    ] Application time: 0.0000657 seconds
[2022-06-13T03:33:05.814+0000][1][safepoint    ] Entering safepoint region: RevokeBias
[2022-06-13T03:33:05.814+0000][1][safepoint    ] Leaving safepoint region
[2022-06-13T03:33:05.814+0000][1][safepoint    ] Total time for which application threads were stopped: 0.0001885 seconds, Stopping threads took: 0.0000835 seconds
[2022-06-13T03:33:05.814+0000][1][safepoint    ] Application time: 0.0000541 seconds
[2022-06-13T03:33:05.814+0000][1][safepoint    ] Entering safepoint region: RevokeBias
[2022-06-13T03:33:05.814+0000][1][safepoint    ] Leaving safepoint region
[2022-06-13T03:33:05.814+0000][1][safepoint    ] Total time for which application threads were stopped: 0.0002556 seconds, Stopping threads took: 0.0001072 seconds
[2022-06-13T03:33:05.815+0000][1][safepoint    ] Application time: 0.0000565 seconds
[2022-06-13T03:33:05.815+0000][1][safepoint    ] Entering safepoint region: RevokeBias
[2022-06-13T03:33:05.815+0000][1][safepoint    ] Leaving safepoint region
[2022-06-13T03:33:05.815+0000][1][safepoint    ] Total time for which application threads were stopped: 0.0002507 seconds, Stopping threads took: 0.0001093 seconds
[2022-06-13T03:33:05.815+0000][1][safepoint    ] Application time: 0.0000627 seconds
[2022-06-13T03:33:05.815+0000][1][safepoint    ] Entering safepoint region: BulkRevokeBias
[2022-06-13T03:33:05.815+0000][1][safepoint    ] Leaving safepoint region
[2022-06-13T03:33:05.816+0000][1][safepoint    ] Total time for which application threads were stopped: 0.0003740 seconds, Stopping threads took: 0.0001445 seconds
[2022-06-13T03:33:05.816+0000][1][safepoint    ] Application time: 0.0003802 seconds
[2022-06-13T03:33:05.817+0000][1][safepoint    ] Entering safepoint region: RevokeBias
[2022-06-13T03:33:05.817+0000][1][safepoint    ] Leaving safepoint region
[2022-06-13T03:33:05.817+0000][1][safepoint    ] Total time for which application threads were stopped: 0.0008814 seconds, Stopping threads took: 0.0006316 seconds
[2022-06-13T03:33:05.818+0000][1][safepoint    ] Application time: 0.0001751 seconds
[2022-06-13T03:33:05.818+0000][1][safepoint    ] Entering safepoint region: RevokeBias
[2022-06-13T03:33:05.818+0000][1][safepoint    ] Leaving safepoint region
[2022-06-13T03:33:05.818+0000][1][safepoint    ] Total time for which application threads were stopped: 0.0004033 seconds, Stopping threads took: 0.0001819 seconds
[2022-06-13T03:33:05.818+0000][1][safepoint    ] Application time: 0.0001989 seconds
[2022-06-13T03:33:05.819+0000][1][safepoint    ] Entering safepoint region: RevokeBias
[2022-06-13T03:33:05.819+0000][1][safepoint    ] Leaving safepoint region
[2022-06-13T03:33:05.819+0000][1][safepoint    ] Total time for which application threads were stopped: 0.0003963 seconds, Stopping threads took: 0.0001737 seconds
[2022-06-13T03:33:05.819+0000][1][safepoint    ] Application time: 0.0001008 seconds
[2022-06-13T03:33:05.819+0000][1][safepoint    ] Entering safepoint region: RevokeBias
[2022-06-13T03:33:05.820+0000][1][safepoint    ] Leaving safepoint region
[2022-06-13T03:33:05.820+0000][1][safepoint    ] Total time for which application threads were stopped: 0.0003772 seconds, Stopping threads took: 0.0001941 seconds
[2022-06-13T03:33:05.820+0000][1][safepoint    ] Application time: 0.0001136 seconds
[2022-06-13T03:33:05.820+0000][1][safepoint    ] Entering safepoint region: RevokeBias
[2022-06-13T03:33:05.820+0000][1][safepoint    ] Leaving safepoint region
[2022-06-13T03:33:05.821+0000][1][safepoint    ] Total time for which application threads were stopped: 0.0004203 seconds, Stopping threads took: 0.0001976 seconds
[2022-06-13T03:33:05.825+0000][1][safepoint    ] Application time: 0.0045004 seconds
[2022-06-13T03:33:05.825+0000][1][safepoint    ] Entering safepoint region: RevokeBias
[2022-06-13T03:33:05.826+0000][1][safepoint    ] Leaving safepoint region
[2022-06-13T03:33:05.826+0000][1][safepoint    ] Total time for which application threads were stopped: 0.0003894 seconds, Stopping threads took: 0.0001958 seconds
[2022-06-13T03:33:05.826+0000][1][safepoint    ] Application time: 0.0002711 seconds
[2022-06-13T03:33:05.826+0000][1][safepoint    ] Entering safepoint region: RevokeBias
[2022-06-13T03:33:05.827+0000][1][safepoint    ] Leaving safepoint region
[2022-06-13T03:33:05.827+0000][1][safepoint    ] Total time for which application threads were stopped: 0.0004210 seconds, Stopping threads took: 0.0002575 seconds
[2022-06-13T03:33:05.827+0000][1][safepoint    ] Application time: 0.0002276 seconds
[2022-06-13T03:33:05.827+0000][1][safepoint    ] Entering safepoint region: RevokeBias
[2022-06-13T03:33:05.827+0000][1][safepoint    ] Leaving safepoint region
[2022-06-13T03:33:05.828+0000][1][safepoint    ] Total time for which application threads were stopped: 0.0002909 seconds, Stopping threads took: 0.0001219 seconds
[2022-06-13T03:33:05.828+0000][1][safepoint    ] Application time: 0.0001903 seconds
[2022-06-13T03:33:05.828+0000][1][safepoint    ] Entering safepoint region: RevokeBias
[2022-06-13T03:33:05.828+0000][1][safepoint    ] Leaving safepoint region
[2022-06-13T03:33:05.828+0000][1][safepoint    ] Total time for which application threads were stopped: 0.0003733 seconds, Stopping threads took: 0.0001846 seconds
[2022-06-13T03:33:05.829+0000][1][safepoint    ] Application time: 0.0003919 seconds
[2022-06-13T03:33:05.829+0000][1][safepoint    ] Entering safepoint region: RevokeBias
[2022-06-13T03:33:05.829+0000][1][safepoint    ] Leaving safepoint region
[2022-06-13T03:33:05.829+0000][1][safepoint    ] Total time for which application threads were stopped: 0.0003175 seconds, Stopping threads took: 0.0001846 seconds
[2022-06-13T03:33:05.830+0000][1][safepoint    ] Application time: 0.0004536 seconds
[2022-06-13T03:33:05.830+0000][1][safepoint    ] Entering safepoint region: RevokeBias
[2022-06-13T03:33:05.830+0000][1][safepoint    ] Leaving safepoint region
[2022-06-13T03:33:05.830+0000][1][safepoint    ] Total time for which application threads were stopped: 0.0003583 seconds, Stopping threads took: 0.0001533 seconds
[2022-06-13T03:33:05.831+0000][1][safepoint    ] Application time: 0.0002825 seconds
[2022-06-13T03:33:05.832+0000][1][safepoint    ] Entering safepoint region: RevokeBias
[2022-06-13T03:33:05.832+0000][1][safepoint    ] Leaving safepoint region
[2022-06-13T03:33:05.832+0000][1][safepoint    ] Total time for which application threads were stopped: 0.0008990 seconds, Stopping threads took: 0.0007166 seconds
[2022-06-13T03:33:05.832+0000][1][safepoint    ] Application time: 0.0001945 seconds
[2022-06-13T03:33:05.833+0000][1][safepoint    ] Entering safepoint region: RevokeBias
[2022-06-13T03:33:05.833+0000][1][safepoint    ] Leaving safepoint region
[2022-06-13T03:33:05.833+0000][1][safepoint    ] Total time for which application threads were stopped: 0.0005084 seconds, Stopping threads took: 0.0003569 seconds
[2022-06-13T03:33:05.833+0000][1][safepoint    ] Application time: 0.0001692 seconds
[2022-06-13T03:33:05.833+0000][1][safepoint    ] Entering safepoint region: RevokeBias
[2022-06-13T03:33:05.834+0000][1][safepoint    ] Leaving safepoint region
[2022-06-13T03:33:05.834+0000][1][safepoint    ] Total time for which application threads were stopped: 0.0003977 seconds, Stopping threads took: 0.0002074 seconds
[2022-06-13T03:33:05.834+0000][1][safepoint    ] Application time: 0.0000983 seconds
[2022-06-13T03:33:05.834+0000][1][safepoint    ] Entering safepoint region: RevokeBias
[2022-06-13T03:33:05.834+0000][1][safepoint    ] Leaving safepoint region
[2022-06-13T03:33:05.834+0000][1][safepoint    ] Total time for which application threads were stopped: 0.0004333 seconds, Stopping threads took: 0.0002144 seconds
[2022-06-13T03:33:05.835+0000][1][safepoint    ] Application time: 0.0003364 seconds
[2022-06-13T03:33:05.835+0000][1][safepoint    ] Entering safepoint region: RevokeBias
[2022-06-13T03:33:05.835+0000][1][gc,start     ] GC(19) Pause Young (Allocation Failure)
[2022-06-13T03:33:05.836+0000][1][gc,task      ] GC(19) Using 5 workers of 13 for evacuation
[2022-06-13T03:33:05.840+0000][1][gc,age       ] GC(19) Desired survivor size 4456448 bytes, new threshold 2 (max threshold 6)
[2022-06-13T03:33:05.841+0000][1][gc,age       ] GC(19) Age table with threshold 2 (max threshold 6)
[2022-06-13T03:33:05.841+0000][1][gc,age       ] GC(19) - age   1:    3093376 bytes,    3093376 total
[2022-06-13T03:33:05.841+0000][1][gc,age       ] GC(19) - age   2:    3664800 bytes,    6758176 total
[2022-06-13T03:33:05.841+0000][1][gc,age       ] GC(19) - age   3:     430560 bytes,    7188736 total
[2022-06-13T03:33:05.841+0000][1][gc,heap      ] GC(19) ParNew: 76260K->8402K(78656K)
[2022-06-13T03:33:05.841+0000][1][gc,heap      ] GC(19) CMS: 55585K->55585K(174784K)
[2022-06-13T03:33:05.842+0000][1][gc,metaspace ] GC(19) Metaspace: 47119K->47119K(1091584K)
[2022-06-13T03:33:05.842+0000][1][gc           ] GC(19) Pause Young (Allocation Failure) 128M->62M(247M) 6.304ms
[2022-06-13T03:33:05.842+0000][1][gc,cpu       ] GC(19) User=0.03s Sys=0.00s Real=0.01s
[2022-06-13T03:33:05.842+0000][1][safepoint    ] Leaving safepoint region
[2022-06-13T03:33:05.842+0000][1][safepoint    ] Total time for which application threads were stopped: 0.0069011 seconds, Stopping threads took: 0.0001561 seconds
[2022-06-13T03:33:05.842+0000][1][safepoint    ] Application time: 0.0002829 seconds
[2022-06-13T03:33:05.843+0000][1][safepoint    ] Entering safepoint region: RevokeBias
[2022-06-13T03:33:05.843+0000][1][safepoint    ] Leaving safepoint region
[2022-06-13T03:33:05.843+0000][1][safepoint    ] Total time for which application threads were stopped: 0.0005570 seconds, Stopping threads took: 0.0003450 seconds
[2022-06-13T03:33:05.843+0000][1][safepoint    ] Application time: 0.0000864 seconds
[2022-06-13T03:33:05.843+0000][1][safepoint    ] Entering safepoint region: BulkRevokeBias
[2022-06-13T03:33:05.844+0000][1][safepoint    ] Leaving safepoint region
[2022-06-13T03:33:05.844+0000][1][safepoint    ] Total time for which application threads were stopped: 0.0003428 seconds, Stopping threads took: 0.0001430 seconds
[2022-06-13T03:33:05.846+0000][1][safepoint    ] Application time: 0.0017132 seconds
[2022-06-13T03:33:05.846+0000][1][safepoint    ] Entering safepoint region: RevokeBias
[2022-06-13T03:33:05.846+0000][1][safepoint    ] Leaving safepoint region
[2022-06-13T03:33:05.846+0000][1][safepoint    ] Total time for which application threads were stopped: 0.0003541 seconds, Stopping threads took: 0.0001743 seconds
[2022-06-13T03:33:05.846+0000][1][safepoint    ] Application time: 0.0000964 seconds
[2022-06-13T03:33:05.847+0000][1][safepoint    ] Entering safepoint region: RevokeBias
[2022-06-13T03:33:05.847+0000][1][safepoint    ] Leaving safepoint region
[2022-06-13T03:33:05.847+0000][1][safepoint    ] Total time for which application threads were stopped: 0.0004299 seconds, Stopping threads took: 0.0002138 seconds
[2022-06-13T03:33:05.849+0000][1][safepoint    ] Application time: 0.0013879 seconds
[2022-06-13T03:33:05.849+0000][1][safepoint    ] Entering safepoint region: RevokeBias
[2022-06-13T03:33:05.849+0000][1][safepoint    ] Leaving safepoint region
[2022-06-13T03:33:05.849+0000][1][safepoint    ] Total time for which application threads were stopped: 0.0003369 seconds, Stopping threads took: 0.0001873 seconds
[2022-06-13T03:33:05.850+0000][1][safepoint    ] Application time: 0.0009513 seconds
[2022-06-13T03:33:05.850+0000][1][safepoint    ] Entering safepoint region: RevokeBias
[2022-06-13T03:33:05.850+0000][1][safepoint    ] Leaving safepoint region
[2022-06-13T03:33:05.851+0000][1][safepoint    ] Total time for which application threads were stopped: 0.0003908 seconds, Stopping threads took: 0.0001757 seconds
[2022-06-13T03:33:05.851+0000][1][safepoint    ] Application time: 0.0000984 seconds
[2022-06-13T03:33:05.851+0000][1][safepoint    ] Entering safepoint region: RevokeBias
[2022-06-13T03:33:05.851+0000][1][safepoint    ] Leaving safepoint region
[2022-06-13T03:33:05.851+0000][1][safepoint    ] Total time for which application threads were stopped: 0.0002548 seconds, Stopping threads took: 0.0001239 seconds
[2022-06-13T03:33:05.852+0000][1][safepoint    ] Application time: 0.0002452 seconds
[2022-06-13T03:33:05.852+0000][1][safepoint    ] Entering safepoint region: RevokeBias
[2022-06-13T03:33:05.852+0000][1][safepoint    ] Leaving safepoint region
[2022-06-13T03:33:05.852+0000][1][safepoint    ] Total time for which application threads were stopped: 0.0003466 seconds, Stopping threads took: 0.0001559 seconds
[2022-06-13T03:33:06.028+0000][1][safepoint    ] Application time: 0.1762840 seconds
[2022-06-13T03:33:06.029+0000][1][safepoint    ] Entering safepoint region: RevokeBias
[2022-06-13T03:33:06.029+0000][1][safepoint    ] Leaving safepoint region
[2022-06-13T03:33:06.029+0000][1][safepoint    ] Total time for which application threads were stopped: 0.0004311 seconds, Stopping threads took: 0.0001724 seconds
[2022-06-13T03:33:06.141+0000][1][safepoint    ] Application time: 0.1112117 seconds
[2022-06-13T03:33:06.141+0000][1][safepoint    ] Entering safepoint region: RevokeBias
[2022-06-13T03:33:06.141+0000][1][safepoint    ] Leaving safepoint region
[2022-06-13T03:33:06.141+0000][1][safepoint    ] Total time for which application threads were stopped: 0.0003256 seconds, Stopping threads took: 0.0001520 seconds
[2022-06-13T03:33:06.292+0000][1][safepoint    ] Application time: 0.1510333 seconds
[2022-06-13T03:33:06.292+0000][1][safepoint    ] Entering safepoint region: GenCollectForAllocation
[2022-06-13T03:33:06.293+0000][1][gc,start     ] GC(20) Pause Young (Allocation Failure)
[2022-06-13T03:33:06.293+0000][1][gc,task      ] GC(20) Using 5 workers of 13 for evacuation
[2022-06-13T03:33:06.298+0000][1][gc,age       ] GC(20) Desired survivor size 4456448 bytes, new threshold 2 (max threshold 6)
[2022-06-13T03:33:06.299+0000][1][gc,age       ] GC(20) Age table with threshold 2 (max threshold 6)
[2022-06-13T03:33:06.299+0000][1][gc,age       ] GC(20) - age   1:    1601800 bytes,    1601800 total
[2022-06-13T03:33:06.299+0000][1][gc,age       ] GC(20) - age   2:    3003192 bytes,    4604992 total
[2022-06-13T03:33:06.299+0000][1][gc,heap      ] GC(20) ParNew: 78354K->6315K(78656K)
[2022-06-13T03:33:06.299+0000][1][gc,heap      ] GC(20) CMS: 55585K->59691K(174784K)
[2022-06-13T03:33:06.299+0000][1][gc,metaspace ] GC(20) Metaspace: 53758K->53758K(1097728K)
[2022-06-13T03:33:06.299+0000][1][gc           ] GC(20) Pause Young (Allocation Failure) 130M->64M(247M) 6.746ms
[2022-06-13T03:33:06.300+0000][1][gc,cpu       ] GC(20) User=0.03s Sys=0.01s Real=0.01s
[2022-06-13T03:33:06.300+0000][1][safepoint    ] Leaving safepoint region
[2022-06-13T03:33:06.300+0000][1][safepoint    ] Total time for which application threads were stopped: 0.0073114 seconds, Stopping threads took: 0.0001170 seconds
[2022-06-13T03:33:06.340+0000][1][safepoint    ] Application time: 0.0398846 seconds
[2022-06-13T03:33:06.340+0000][1][safepoint    ] Entering safepoint region: RevokeBias
[2022-06-13T03:33:06.341+0000][1][safepoint    ] Leaving safepoint region
[2022-06-13T03:33:06.341+0000][1][safepoint    ] Total time for which application threads were stopped: 0.0007052 seconds, Stopping threads took: 0.0001234 seconds
[2022-06-13T03:33:06.469+0000][1][safepoint    ] Application time: 0.1284676 seconds
[2022-06-13T03:33:06.469+0000][1][safepoint    ] Entering safepoint region: Deoptimize
[2022-06-13T03:33:06.470+0000][1][safepoint    ] Leaving safepoint region
[2022-06-13T03:33:06.471+0000][1][safepoint    ] Total time for which application threads were stopped: 0.0011418 seconds, Stopping threads took: 0.0001481 seconds
[2022-06-13T03:33:06.497+0000][1][safepoint    ] Application time: 0.0259716 seconds
[2022-06-13T03:33:06.497+0000][1][safepoint    ] Entering safepoint region: RevokeBias
[2022-06-13T03:33:06.497+0000][1][safepoint    ] Leaving safepoint region
[2022-06-13T03:33:06.497+0000][1][safepoint    ] Total time for which application threads were stopped: 0.0003945 seconds, Stopping threads took: 0.0002181 seconds
[2022-06-13T03:33:06.497+0000][1][safepoint    ] Application time: 0.0001401 seconds
[2022-06-13T03:33:06.498+0000][1][safepoint    ] Entering safepoint region: RevokeBias
[2022-06-13T03:33:06.498+0000][1][safepoint    ] Leaving safepoint region
[2022-06-13T03:33:06.498+0000][1][safepoint    ] Total time for which application threads were stopped: 0.0003508 seconds, Stopping threads took: 0.0001866 seconds
[2022-06-13T03:33:06.498+0000][1][safepoint    ] Application time: 0.0001717 seconds
[2022-06-13T03:33:06.498+0000][1][safepoint    ] Entering safepoint region: RevokeBias
[2022-06-13T03:33:06.498+0000][1][safepoint    ] Leaving safepoint region
[2022-06-13T03:33:06.499+0000][1][safepoint    ] Total time for which application threads were stopped: 0.0003246 seconds, Stopping threads took: 0.0001499 seconds
[2022-06-13T03:33:06.501+0000][1][safepoint    ] Application time: 0.0027341 seconds
[2022-06-13T03:33:06.502+0000][1][safepoint    ] Entering safepoint region: RevokeBias
[2022-06-13T03:33:06.502+0000][1][safepoint    ] Leaving safepoint region
[2022-06-13T03:33:06.502+0000][1][safepoint    ] Total time for which application threads were stopped: 0.0004753 seconds, Stopping threads took: 0.0002552 seconds
[2022-06-13T03:33:06.632+0000][1][safepoint    ] Application time: 0.1299816 seconds
[2022-06-13T03:33:06.633+0000][1][safepoint    ] Entering safepoint region: Deoptimize
[2022-06-13T03:33:06.635+0000][1][safepoint    ] Leaving safepoint region
[2022-06-13T03:33:06.635+0000][1][safepoint    ] Total time for which application threads were stopped: 0.0020689 seconds, Stopping threads took: 0.0003229 seconds
[2022-06-13T03:33:06.662+0000][1][safepoint    ] Application time: 0.0270121 seconds
[2022-06-13T03:33:06.663+0000][1][safepoint    ] Entering safepoint region: RevokeBias
[2022-06-13T03:33:06.663+0000][1][safepoint    ] Leaving safepoint region
[2022-06-13T03:33:06.663+0000][1][safepoint    ] Total time for which application threads were stopped: 0.0005362 seconds, Stopping threads took: 0.0002361 seconds
[2022-06-13T03:33:06.725+0000][1][safepoint    ] Application time: 0.0615372 seconds
[2022-06-13T03:33:06.725+0000][1][safepoint    ] Entering safepoint region: RevokeBias
[2022-06-13T03:33:06.725+0000][1][safepoint    ] Leaving safepoint region
[2022-06-13T03:33:06.726+0000][1][safepoint    ] Total time for which application threads were stopped: 0.0004324 seconds, Stopping threads took: 0.0002048 seconds
[2022-06-13T03:33:06.726+0000][1][safepoint    ] Application time: 0.0004556 seconds
[2022-06-13T03:33:06.726+0000][1][safepoint    ] Entering safepoint region: RevokeBias
[2022-06-13T03:33:06.727+0000][1][safepoint    ] Leaving safepoint region
[2022-06-13T03:33:06.727+0000][1][safepoint    ] Total time for which application threads were stopped: 0.0004210 seconds, Stopping threads took: 0.0002465 seconds
[2022-06-13T03:33:06.743+0000][1][safepoint    ] Application time: 0.0159794 seconds
[2022-06-13T03:33:06.743+0000][1][safepoint    ] Entering safepoint region: RevokeBias
[2022-06-13T03:33:06.744+0000][1][safepoint    ] Leaving safepoint region
[2022-06-13T03:33:06.744+0000][1][safepoint    ] Total time for which application threads were stopped: 0.0005954 seconds, Stopping threads took: 0.0003130 seconds
[2022-06-13T03:33:06.805+0000][1][safepoint    ] Application time: 0.0604119 seconds
[2022-06-13T03:33:06.805+0000][1][safepoint    ] Entering safepoint region: RevokeBias
[2022-06-13T03:33:06.805+0000][1][safepoint    ] Leaving safepoint region
[2022-06-13T03:33:06.806+0000][1][safepoint    ] Total time for which application threads were stopped: 0.0007842 seconds, Stopping threads took: 0.0003371 seconds
[2022-06-13T03:33:06.806+0000][1][safepoint    ] Application time: 0.0002046 seconds
[2022-06-13T03:33:06.807+0000][1][safepoint    ] Entering safepoint region: RevokeBias
[2022-06-13T03:33:06.807+0000][1][safepoint    ] Leaving safepoint region
[2022-06-13T03:33:06.807+0000][1][safepoint    ] Total time for which application threads were stopped: 0.0007950 seconds, Stopping threads took: 0.0003908 seconds
[2022-06-13T03:33:06.808+0000][1][safepoint    ] Application time: 0.0001812 seconds
[2022-06-13T03:33:06.808+0000][1][safepoint    ] Entering safepoint region: RevokeBias
[2022-06-13T03:33:06.809+0000][1][safepoint    ] Leaving safepoint region
[2022-06-13T03:33:06.809+0000][1][safepoint    ] Total time for which application threads were stopped: 0.0006964 seconds, Stopping threads took: 0.0003873 seconds
[2022-06-13T03:33:06.810+0000][1][safepoint    ] Application time: 0.0002081 seconds
[2022-06-13T03:33:06.811+0000][1][safepoint    ] Entering safepoint region: RevokeBias
[2022-06-13T03:33:06.811+0000][1][safepoint    ] Leaving safepoint region
[2022-06-13T03:33:06.812+0000][1][safepoint    ] Total time for which application threads were stopped: 0.0010803 seconds, Stopping threads took: 0.0005331 seconds
[2022-06-13T03:33:06.812+0000][1][safepoint    ] Application time: 0.0001947 seconds
[2022-06-13T03:33:06.813+0000][1][safepoint    ] Entering safepoint region: RevokeBias
[2022-06-13T03:33:06.813+0000][1][safepoint    ] Leaving safepoint region
[2022-06-13T03:33:06.814+0000][1][safepoint    ] Total time for which application threads were stopped: 0.0009670 seconds, Stopping threads took: 0.0004221 seconds
[2022-06-13T03:33:06.815+0000][1][safepoint    ] Application time: 0.0002140 seconds
[2022-06-13T03:33:06.815+0000][1][safepoint    ] Entering safepoint region: RevokeBias
[2022-06-13T03:33:06.815+0000][1][safepoint    ] Leaving safepoint region
[2022-06-13T03:33:06.815+0000][1][safepoint    ] Total time for which application threads were stopped: 0.0005616 seconds, Stopping threads took: 0.0002215 seconds
[2022-06-13T03:33:06.816+0000][1][safepoint    ] Application time: 0.0002227 seconds
[2022-06-13T03:33:06.816+0000][1][safepoint    ] Entering safepoint region: RevokeBias
[2022-06-13T03:33:06.816+0000][1][safepoint    ] Leaving safepoint region
[2022-06-13T03:33:06.817+0000][1][safepoint    ] Total time for which application threads were stopped: 0.0004474 seconds, Stopping threads took: 0.0001860 seconds
[2022-06-13T03:33:06.817+0000][1][safepoint    ] Application time: 0.0002081 seconds
[2022-06-13T03:33:06.817+0000][1][safepoint    ] Entering safepoint region: RevokeBias
[2022-06-13T03:33:06.818+0000][1][safepoint    ] Leaving safepoint region
[2022-06-13T03:33:06.818+0000][1][safepoint    ] Total time for which application threads were stopped: 0.0005351 seconds, Stopping threads took: 0.0001979 seconds
[2022-06-13T03:33:06.819+0000][1][safepoint    ] Application time: 0.0002209 seconds
[2022-06-13T03:33:06.819+0000][1][safepoint    ] Entering safepoint region: RevokeBias
[2022-06-13T03:33:06.819+0000][1][safepoint    ] Leaving safepoint region
[2022-06-13T03:33:06.819+0000][1][safepoint    ] Total time for which application threads were stopped: 0.0004582 seconds, Stopping threads took: 0.0002303 seconds
[2022-06-13T03:33:06.820+0000][1][safepoint    ] Application time: 0.0002205 seconds
[2022-06-13T03:33:06.820+0000][1][safepoint    ] Entering safepoint region: RevokeBias
[2022-06-13T03:33:06.820+0000][1][safepoint    ] Leaving safepoint region
[2022-06-13T03:33:06.821+0000][1][safepoint    ] Total time for which application threads were stopped: 0.0005250 seconds, Stopping threads took: 0.0001888 seconds
[2022-06-13T03:33:06.821+0000][1][safepoint    ] Application time: 0.0001069 seconds
[2022-06-13T03:33:06.821+0000][1][safepoint    ] Entering safepoint region: RevokeBias
[2022-06-13T03:33:06.821+0000][1][safepoint    ] Leaving safepoint region
[2022-06-13T03:33:06.821+0000][1][safepoint    ] Total time for which application threads were stopped: 0.0006059 seconds, Stopping threads took: 0.0002739 seconds
[2022-06-13T03:33:06.822+0000][1][safepoint    ] Application time: 0.0001907 seconds
[2022-06-13T03:33:06.822+0000][1][safepoint    ] Entering safepoint region: RevokeBias
[2022-06-13T03:33:06.822+0000][1][safepoint    ] Leaving safepoint region
[2022-06-13T03:33:06.823+0000][1][safepoint    ] Total time for which application threads were stopped: 0.0005304 seconds, Stopping threads took: 0.0002170 seconds
[2022-06-13T03:33:06.823+0000][1][safepoint    ] Application time: 0.0001119 seconds
[2022-06-13T03:33:06.823+0000][1][safepoint    ] Entering safepoint region: BulkRevokeBias
[2022-06-13T03:33:06.824+0000][1][safepoint    ] Leaving safepoint region
[2022-06-13T03:33:06.824+0000][1][safepoint    ] Total time for which application threads were stopped: 0.0004226 seconds, Stopping threads took: 0.0001857 seconds
[2022-06-13T03:33:06.902+0000][1][safepoint    ] Application time: 0.0781453 seconds
[2022-06-13T03:33:06.902+0000][1][safepoint    ] Entering safepoint region: RevokeBias
[2022-06-13T03:33:06.903+0000][1][safepoint    ] Leaving safepoint region
[2022-06-13T03:33:06.903+0000][1][safepoint    ] Total time for which application threads were stopped: 0.0006707 seconds, Stopping threads took: 0.0003186 seconds
[2022-06-13T03:33:06.911+0000][1][safepoint    ] Application time: 0.0079276 seconds
[2022-06-13T03:33:06.911+0000][1][safepoint    ] Entering safepoint region: GenCollectForAllocation
[2022-06-13T03:33:06.912+0000][1][gc,start     ] GC(21) Pause Young (Allocation Failure)
[2022-06-13T03:33:06.912+0000][1][gc,task      ] GC(21) Using 5 workers of 13 for evacuation
[2022-06-13T03:33:06.919+0000][1][gc,age       ] GC(21) Desired survivor size 4456448 bytes, new threshold 2 (max threshold 6)
[2022-06-13T03:33:06.919+0000][1][gc,age       ] GC(21) Age table with threshold 2 (max threshold 6)
[2022-06-13T03:33:06.920+0000][1][gc,age       ] GC(21) - age   1:    3749696 bytes,    3749696 total
[2022-06-13T03:33:06.920+0000][1][gc,age       ] GC(21) - age   2:    1501400 bytes,    5251096 total
[2022-06-13T03:33:06.921+0000][1][gc,heap      ] GC(21) ParNew: 76267K->6931K(78656K)
[2022-06-13T03:33:06.921+0000][1][gc,heap      ] GC(21) CMS: 59691K->62689K(174784K)
[2022-06-13T03:33:06.922+0000][1][gc,metaspace ] GC(21) Metaspace: 61724K->61724K(1105920K)
[2022-06-13T03:33:06.922+0000][1][gc           ] GC(21) Pause Young (Allocation Failure) 132M->67M(247M) 10.363ms
[2022-06-13T03:33:06.923+0000][1][gc,cpu       ] GC(21) User=0.04s Sys=0.00s Real=0.01s
[2022-06-13T03:33:06.923+0000][1][safepoint    ] Leaving safepoint region
[2022-06-13T03:33:06.924+0000][1][safepoint    ] Total time for which application threads were stopped: 0.0122102 seconds, Stopping threads took: 0.0004006 seconds
[2022-06-13T03:33:07.082+0000][1][safepoint    ] Application time: 0.1582988 seconds
[2022-06-13T03:33:07.083+0000][1][safepoint    ] Entering safepoint region: Deoptimize
[2022-06-13T03:33:07.084+0000][1][safepoint    ] Leaving safepoint region
[2022-06-13T03:33:07.084+0000][1][safepoint    ] Total time for which application threads were stopped: 0.0011540 seconds, Stopping threads took: 0.0002116 seconds
[2022-06-13T03:33:07.090+0000][1][safepoint    ] Application time: 0.0059680 seconds
[2022-06-13T03:33:07.090+0000][1][safepoint    ] Entering safepoint region: RevokeBias
[2022-06-13T03:33:07.091+0000][1][safepoint    ] Leaving safepoint region
[2022-06-13T03:33:07.091+0000][1][safepoint    ] Total time for which application threads were stopped: 0.0008292 seconds, Stopping threads took: 0.0004099 seconds
[2022-06-13T03:33:07.092+0000][1][safepoint    ] Application time: 0.0004606 seconds
[2022-06-13T03:33:07.092+0000][1][safepoint    ] Entering safepoint region: BulkRevokeBias
[2022-06-13T03:33:07.092+0000][1][safepoint    ] Leaving safepoint region
[2022-06-13T03:33:07.092+0000][1][safepoint    ] Total time for which application threads were stopped: 0.0002849 seconds, Stopping threads took: 0.0001251 seconds
[2022-06-13T03:33:07.093+0000][1][safepoint    ] Application time: 0.0005558 seconds
[2022-06-13T03:33:07.093+0000][1][safepoint    ] Entering safepoint region: RevokeBias
[2022-06-13T03:33:07.093+0000][1][safepoint    ] Leaving safepoint region
[2022-06-13T03:33:07.094+0000][1][safepoint    ] Total time for which application threads were stopped: 0.0004538 seconds, Stopping threads took: 0.0002260 seconds
[2022-06-13T03:33:07.094+0000][1][safepoint    ] Application time: 0.0003696 seconds
[2022-06-13T03:33:07.094+0000][1][safepoint    ] Entering safepoint region: RevokeBias
[2022-06-13T03:33:07.095+0000][1][safepoint    ] Leaving safepoint region
[2022-06-13T03:33:07.095+0000][1][safepoint    ] Total time for which application threads were stopped: 0.0006708 seconds, Stopping threads took: 0.0003005 seconds
[2022-06-13T03:33:07.096+0000][1][safepoint    ] Application time: 0.0002277 seconds
[2022-06-13T03:33:07.096+0000][1][safepoint    ] Entering safepoint region: RevokeBias
[2022-06-13T03:33:07.096+0000][1][safepoint    ] Leaving safepoint region
[2022-06-13T03:33:07.097+0000][1][safepoint    ] Total time for which application threads were stopped: 0.0007410 seconds, Stopping threads took: 0.0003603 seconds
[2022-06-13T03:33:07.097+0000][1][safepoint    ] Application time: 0.0002790 seconds
[2022-06-13T03:33:07.098+0000][1][safepoint    ] Entering safepoint region: RevokeBias
[2022-06-13T03:33:07.098+0000][1][safepoint    ] Leaving safepoint region
[2022-06-13T03:33:07.098+0000][1][safepoint    ] Total time for which application threads were stopped: 0.0006684 seconds, Stopping threads took: 0.0003741 seconds
[2022-06-13T03:33:07.099+0000][1][safepoint    ] Application time: 0.0001934 seconds
[2022-06-13T03:33:07.099+0000][1][safepoint    ] Entering safepoint region: RevokeBias
[2022-06-13T03:33:07.099+0000][1][safepoint    ] Leaving safepoint region
[2022-06-13T03:33:07.100+0000][1][safepoint    ] Total time for which application threads were stopped: 0.0006040 seconds, Stopping threads took: 0.0003344 seconds
[2022-06-13T03:33:07.100+0000][1][safepoint    ] Application time: 0.0002787 seconds
[2022-06-13T03:33:07.100+0000][1][safepoint    ] Entering safepoint region: RevokeBias
[2022-06-13T03:33:07.101+0000][1][safepoint    ] Leaving safepoint region
[2022-06-13T03:33:07.101+0000][1][safepoint    ] Total time for which application threads were stopped: 0.0004758 seconds, Stopping threads took: 0.0002301 seconds
[2022-06-13T03:33:07.101+0000][1][safepoint    ] Application time: 0.0001995 seconds
[2022-06-13T03:33:07.102+0000][1][safepoint    ] Entering safepoint region: RevokeBias
[2022-06-13T03:33:07.102+0000][1][safepoint    ] Leaving safepoint region
[2022-06-13T03:33:07.102+0000][1][safepoint    ] Total time for which application threads were stopped: 0.0004553 seconds, Stopping threads took: 0.0002488 seconds
[2022-06-13T03:33:07.103+0000][1][safepoint    ] Application time: 0.0012367 seconds
[2022-06-13T03:33:07.104+0000][1][safepoint    ] Entering safepoint region: RevokeBias
[2022-06-13T03:33:07.104+0000][1][safepoint    ] Leaving safepoint region
[2022-06-13T03:33:07.104+0000][1][safepoint    ] Total time for which application threads were stopped: 0.0005758 seconds, Stopping threads took: 0.0002260 seconds
[2022-06-13T03:33:07.105+0000][1][safepoint    ] Application time: 0.0002010 seconds
[2022-06-13T03:33:07.105+0000][1][safepoint    ] Entering safepoint region: RevokeBias
[2022-06-13T03:33:07.105+0000][1][safepoint    ] Leaving safepoint region
[2022-06-13T03:33:07.105+0000][1][safepoint    ] Total time for which application threads were stopped: 0.0004668 seconds, Stopping threads took: 0.0002494 seconds
[2022-06-13T03:33:07.107+0000][1][safepoint    ] Application time: 0.0014855 seconds
[2022-06-13T03:33:07.107+0000][1][safepoint    ] Entering safepoint region: Deoptimize
[2022-06-13T03:33:07.108+0000][1][safepoint    ] Leaving safepoint region
[2022-06-13T03:33:07.108+0000][1][safepoint    ] Total time for which application threads were stopped: 0.0007057 seconds, Stopping threads took: 0.0001552 seconds
[2022-06-13T03:33:07.109+0000][1][safepoint    ] Application time: 0.0004206 seconds
[2022-06-13T03:33:07.109+0000][1][safepoint    ] Entering safepoint region: RevokeBias
[2022-06-13T03:33:07.109+0000][1][safepoint    ] Leaving safepoint region
[2022-06-13T03:33:07.109+0000][1][safepoint    ] Total time for which application threads were stopped: 0.0005505 seconds, Stopping threads took: 0.0002101 seconds
[2022-06-13T03:33:07.136+0000][1][safepoint    ] Application time: 0.0265935 seconds
[2022-06-13T03:33:07.137+0000][1][safepoint    ] Entering safepoint region: RevokeBias
[2022-06-13T03:33:07.138+0000][1][safepoint    ] Leaving safepoint region
[2022-06-13T03:33:07.138+0000][1][safepoint    ] Total time for which application threads were stopped: 0.0009644 seconds, Stopping threads took: 0.0006306 seconds
[2022-06-13T03:33:07.138+0000][1][safepoint    ] Application time: 0.0001390 seconds
[2022-06-13T03:33:07.139+0000][1][safepoint    ] Entering safepoint region: RevokeBias
[2022-06-13T03:33:07.139+0000][1][safepoint    ] Leaving safepoint region
[2022-06-13T03:33:07.139+0000][1][safepoint    ] Total time for which application threads were stopped: 0.0006840 seconds, Stopping threads took: 0.0004032 seconds
[2022-06-13T03:33:07.141+0000][1][safepoint    ] Application time: 0.0013360 seconds
[2022-06-13T03:33:07.141+0000][1][safepoint    ] Entering safepoint region: RevokeBias
[2022-06-13T03:33:07.141+0000][1][safepoint    ] Leaving safepoint region
[2022-06-13T03:33:07.142+0000][1][safepoint    ] Total time for which application threads were stopped: 0.0005569 seconds, Stopping threads took: 0.0002259 seconds
[2022-06-13T03:33:07.142+0000][1][safepoint    ] Application time: 0.0001584 seconds
[2022-06-13T03:33:07.143+0000][1][safepoint    ] Entering safepoint region: RevokeBias
[2022-06-13T03:33:07.143+0000][1][safepoint    ] Leaving safepoint region
[2022-06-13T03:33:07.144+0000][1][safepoint    ] Total time for which application threads were stopped: 0.0009734 seconds, Stopping threads took: 0.0006150 seconds
[2022-06-13T03:33:07.145+0000][1][safepoint    ] Application time: 0.0005590 seconds
[2022-06-13T03:33:07.145+0000][1][safepoint    ] Entering safepoint region: RevokeBias
[2022-06-13T03:33:07.145+0000][1][safepoint    ] Leaving safepoint region
[2022-06-13T03:33:07.146+0000][1][safepoint    ] Total time for which application threads were stopped: 0.0007931 seconds, Stopping threads took: 0.0003700 seconds
[2022-06-13T03:33:07.146+0000][1][safepoint    ] Application time: 0.0003434 seconds
[2022-06-13T03:33:07.147+0000][1][safepoint    ] Entering safepoint region: RevokeBias
[2022-06-13T03:33:07.147+0000][1][safepoint    ] Leaving safepoint region
[2022-06-13T03:33:07.148+0000][1][safepoint    ] Total time for which application threads were stopped: 0.0010443 seconds, Stopping threads took: 0.0005328 seconds
[2022-06-13T03:33:07.149+0000][1][safepoint    ] Application time: 0.0002292 seconds
[2022-06-13T03:33:07.149+0000][1][safepoint    ] Entering safepoint region: RevokeBias
[2022-06-13T03:33:07.149+0000][1][safepoint    ] Leaving safepoint region
[2022-06-13T03:33:07.150+0000][1][safepoint    ] Total time for which application threads were stopped: 0.0008865 seconds, Stopping threads took: 0.0002853 seconds
[2022-06-13T03:33:07.151+0000][1][safepoint    ] Application time: 0.0006652 seconds
[2022-06-13T03:33:07.151+0000][1][safepoint    ] Entering safepoint region: RevokeBias
[2022-06-13T03:33:07.152+0000][1][safepoint    ] Leaving safepoint region
[2022-06-13T03:33:07.152+0000][1][safepoint    ] Total time for which application threads were stopped: 0.0009799 seconds, Stopping threads took: 0.0004405 seconds
[2022-06-13T03:33:07.153+0000][1][safepoint    ] Application time: 0.0002248 seconds
[2022-06-13T03:33:07.154+0000][1][safepoint    ] Entering safepoint region: RevokeBias
[2022-06-13T03:33:07.154+0000][1][safepoint    ] Leaving safepoint region
[2022-06-13T03:33:07.154+0000][1][safepoint    ] Total time for which application threads were stopped: 0.0007396 seconds, Stopping threads took: 0.0002940 seconds
[2022-06-13T03:33:07.155+0000][1][safepoint    ] Application time: 0.0007167 seconds
[2022-06-13T03:33:07.156+0000][1][safepoint    ] Entering safepoint region: RevokeBias
[2022-06-13T03:33:07.156+0000][1][safepoint    ] Leaving safepoint region
[2022-06-13T03:33:07.156+0000][1][safepoint    ] Total time for which application threads were stopped: 0.0010107 seconds, Stopping threads took: 0.0006646 seconds
[2022-06-13T03:33:07.159+0000][1][safepoint    ] Application time: 0.0024624 seconds
[2022-06-13T03:33:07.160+0000][1][safepoint    ] Entering safepoint region: RevokeBias
[2022-06-13T03:33:07.160+0000][1][safepoint    ] Leaving safepoint region
[2022-06-13T03:33:07.160+0000][1][safepoint    ] Total time for which application threads were stopped: 0.0008174 seconds, Stopping threads took: 0.0003962 seconds
[2022-06-13T03:33:07.161+0000][1][safepoint    ] Application time: 0.0003338 seconds
[2022-06-13T03:33:07.162+0000][1][safepoint    ] Entering safepoint region: RevokeBias
[2022-06-13T03:33:07.162+0000][1][safepoint    ] Leaving safepoint region
[2022-06-13T03:33:07.163+0000][1][safepoint    ] Total time for which application threads were stopped: 0.0009231 seconds, Stopping threads took: 0.0005115 seconds
[2022-06-13T03:33:07.164+0000][1][safepoint    ] Application time: 0.0004529 seconds
[2022-06-13T03:33:07.164+0000][1][safepoint    ] Entering safepoint region: RevokeBias
[2022-06-13T03:33:07.165+0000][1][safepoint    ] Leaving safepoint region
[2022-06-13T03:33:07.165+0000][1][safepoint    ] Total time for which application threads were stopped: 0.0008817 seconds, Stopping threads took: 0.0004206 seconds
[2022-06-13T03:33:07.166+0000][1][safepoint    ] Application time: 0.0006693 seconds
[2022-06-13T03:33:07.166+0000][1][safepoint    ] Entering safepoint region: RevokeBias
[2022-06-13T03:33:07.167+0000][1][safepoint    ] Leaving safepoint region
[2022-06-13T03:33:07.167+0000][1][safepoint    ] Total time for which application threads were stopped: 0.0006673 seconds, Stopping threads took: 0.0002816 seconds
[2022-06-13T03:33:07.168+0000][1][safepoint    ] Application time: 0.0002649 seconds
[2022-06-13T03:33:07.168+0000][1][safepoint    ] Entering safepoint region: RevokeBias
[2022-06-13T03:33:07.169+0000][1][safepoint    ] Leaving safepoint region
[2022-06-13T03:33:07.169+0000][1][safepoint    ] Total time for which application threads were stopped: 0.0008188 seconds, Stopping threads took: 0.0003810 seconds
[2022-06-13T03:33:07.170+0000][1][safepoint    ] Application time: 0.0001572 seconds
[2022-06-13T03:33:07.170+0000][1][safepoint    ] Entering safepoint region: RevokeBias
[2022-06-13T03:33:07.170+0000][1][safepoint    ] Leaving safepoint region
[2022-06-13T03:33:07.171+0000][1][safepoint    ] Total time for which application threads were stopped: 0.0006930 seconds, Stopping threads took: 0.0002451 seconds
[2022-06-13T03:33:07.171+0000][1][safepoint    ] Application time: 0.0004333 seconds
[2022-06-13T03:33:07.172+0000][1][safepoint    ] Entering safepoint region: RevokeBias
[2022-06-13T03:33:07.172+0000][1][safepoint    ] Leaving safepoint region
[2022-06-13T03:33:07.172+0000][1][safepoint    ] Total time for which application threads were stopped: 0.0004540 seconds, Stopping threads took: 0.0002235 seconds
[2022-06-13T03:33:07.172+0000][1][safepoint    ] Application time: 0.0001671 seconds
[2022-06-13T03:33:07.173+0000][1][safepoint    ] Entering safepoint region: RevokeBias
[2022-06-13T03:33:07.173+0000][1][safepoint    ] Leaving safepoint region
[2022-06-13T03:33:07.173+0000][1][safepoint    ] Total time for which application threads were stopped: 0.0004422 seconds, Stopping threads took: 0.0002247 seconds
[2022-06-13T03:33:07.176+0000][1][safepoint    ] Application time: 0.0024450 seconds
[2022-06-13T03:33:07.176+0000][1][safepoint    ] Entering safepoint region: RevokeBias
[2022-06-13T03:33:07.176+0000][1][safepoint    ] Leaving safepoint region
[2022-06-13T03:33:07.177+0000][1][safepoint    ] Total time for which application threads were stopped: 0.0004513 seconds, Stopping threads took: 0.0002086 seconds
[2022-06-13T03:33:07.177+0000][1][safepoint    ] Application time: 0.0001349 seconds
[2022-06-13T03:33:07.177+0000][1][safepoint    ] Entering safepoint region: RevokeBias
[2022-06-13T03:33:07.177+0000][1][safepoint    ] Leaving safepoint region
[2022-06-13T03:33:07.177+0000][1][safepoint    ] Total time for which application threads were stopped: 0.0003148 seconds, Stopping threads took: 0.0001744 seconds
[2022-06-13T03:33:07.179+0000][1][safepoint    ] Application time: 0.0012299 seconds
[2022-06-13T03:33:07.179+0000][1][safepoint    ] Entering safepoint region: RevokeBias
[2022-06-13T03:33:07.179+0000][1][safepoint    ] Leaving safepoint region
[2022-06-13T03:33:07.179+0000][1][safepoint    ] Total time for which application threads were stopped: 0.0005548 seconds, Stopping threads took: 0.0002997 seconds
[2022-06-13T03:33:07.180+0000][1][safepoint    ] Application time: 0.0001226 seconds
[2022-06-13T03:33:07.180+0000][1][safepoint    ] Entering safepoint region: RevokeBias
[2022-06-13T03:33:07.180+0000][1][safepoint    ] Leaving safepoint region
[2022-06-13T03:33:07.180+0000][1][safepoint    ] Total time for which application threads were stopped: 0.0003611 seconds, Stopping threads took: 0.0002264 seconds
[2022-06-13T03:33:07.180+0000][1][safepoint    ] Application time: 0.0000984 seconds
[2022-06-13T03:33:07.181+0000][1][safepoint    ] Entering safepoint region: RevokeBias
[2022-06-13T03:33:07.181+0000][1][safepoint    ] Leaving safepoint region
[2022-06-13T03:33:07.181+0000][1][safepoint    ] Total time for which application threads were stopped: 0.0002332 seconds, Stopping threads took: 0.0001225 seconds
[2022-06-13T03:33:07.181+0000][1][safepoint    ] Application time: 0.0000902 seconds
[2022-06-13T03:33:07.181+0000][1][safepoint    ] Entering safepoint region: RevokeBias
[2022-06-13T03:33:07.181+0000][1][safepoint    ] Leaving safepoint region
[2022-06-13T03:33:07.181+0000][1][safepoint    ] Total time for which application threads were stopped: 0.0003391 seconds, Stopping threads took: 0.0001284 seconds
[2022-06-13T03:33:07.182+0000][1][safepoint    ] Application time: 0.0002303 seconds
[2022-06-13T03:33:07.182+0000][1][safepoint    ] Entering safepoint region: RevokeBias
[2022-06-13T03:33:07.182+0000][1][safepoint    ] Leaving safepoint region
[2022-06-13T03:33:07.182+0000][1][safepoint    ] Total time for which application threads were stopped: 0.0003028 seconds, Stopping threads took: 0.0001793 seconds
[2022-06-13T03:33:07.182+0000][1][safepoint    ] Application time: 0.0000794 seconds
[2022-06-13T03:33:07.182+0000][1][safepoint    ] Entering safepoint region: RevokeBias
[2022-06-13T03:33:07.183+0000][1][safepoint    ] Leaving safepoint region
[2022-06-13T03:33:07.183+0000][1][safepoint    ] Total time for which application threads were stopped: 0.0001949 seconds, Stopping threads took: 0.0001005 seconds
[2022-06-13T03:33:07.183+0000][1][safepoint    ] Application time: 0.0000608 seconds
[2022-06-13T03:33:07.183+0000][1][safepoint    ] Entering safepoint region: RevokeBias
[2022-06-13T03:33:07.183+0000][1][safepoint    ] Leaving safepoint region
[2022-06-13T03:33:07.183+0000][1][safepoint    ] Total time for which application threads were stopped: 0.0001807 seconds, Stopping threads took: 0.0000815 seconds
[2022-06-13T03:33:07.184+0000][1][safepoint    ] Application time: 0.0003767 seconds
[2022-06-13T03:33:07.184+0000][1][safepoint    ] Entering safepoint region: RevokeBias
[2022-06-13T03:33:07.184+0000][1][safepoint    ] Leaving safepoint region
[2022-06-13T03:33:07.184+0000][1][safepoint    ] Total time for which application threads were stopped: 0.0002210 seconds, Stopping threads took: 0.0001020 seconds
[2022-06-13T03:33:07.184+0000][1][safepoint    ] Application time: 0.0000844 seconds
[2022-06-13T03:33:07.184+0000][1][safepoint    ] Entering safepoint region: RevokeBias
[2022-06-13T03:33:07.184+0000][1][safepoint    ] Leaving safepoint region
[2022-06-13T03:33:07.184+0000][1][safepoint    ] Total time for which application threads were stopped: 0.0002066 seconds, Stopping threads took: 0.0000982 seconds
[2022-06-13T03:33:07.185+0000][1][safepoint    ] Application time: 0.0002423 seconds
[2022-06-13T03:33:07.185+0000][1][safepoint    ] Entering safepoint region: BulkRevokeBias
[2022-06-13T03:33:07.185+0000][1][safepoint    ] Leaving safepoint region
[2022-06-13T03:33:07.185+0000][1][safepoint    ] Total time for which application threads were stopped: 0.0003692 seconds, Stopping threads took: 0.0001991 seconds
[2022-06-13T03:33:07.186+0000][1][safepoint    ] Application time: 0.0008720 seconds
[2022-06-13T03:33:07.186+0000][1][safepoint    ] Entering safepoint region: RevokeBias
[2022-06-13T03:33:07.186+0000][1][safepoint    ] Leaving safepoint region
[2022-06-13T03:33:07.187+0000][1][safepoint    ] Total time for which application threads were stopped: 0.0003070 seconds, Stopping threads took: 0.0001656 seconds
[2022-06-13T03:33:07.187+0000][1][safepoint    ] Application time: 0.0000671 seconds
[2022-06-13T03:33:07.187+0000][1][safepoint    ] Entering safepoint region: RevokeBias
[2022-06-13T03:33:07.187+0000][1][safepoint    ] Leaving safepoint region
[2022-06-13T03:33:07.187+0000][1][safepoint    ] Total time for which application threads were stopped: 0.0001841 seconds, Stopping threads took: 0.0000805 seconds
[2022-06-13T03:33:07.189+0000][1][safepoint    ] Application time: 0.0018096 seconds
[2022-06-13T03:33:07.189+0000][1][safepoint    ] Entering safepoint region: RevokeBias
[2022-06-13T03:33:07.189+0000][1][safepoint    ] Leaving safepoint region
[2022-06-13T03:33:07.189+0000][1][safepoint    ] Total time for which application threads were stopped: 0.0003788 seconds, Stopping threads took: 0.0001572 seconds
[2022-06-13T03:33:07.190+0000][1][safepoint    ] Application time: 0.0000917 seconds
[2022-06-13T03:33:07.190+0000][1][safepoint    ] Entering safepoint region: RevokeBias
[2022-06-13T03:33:07.190+0000][1][safepoint    ] Leaving safepoint region
[2022-06-13T03:33:07.190+0000][1][safepoint    ] Total time for which application threads were stopped: 0.0002090 seconds, Stopping threads took: 0.0000923 seconds
[2022-06-13T03:33:07.190+0000][1][safepoint    ] Application time: 0.0000689 seconds
[2022-06-13T03:33:07.190+0000][1][safepoint    ] Entering safepoint region: RevokeBias
[2022-06-13T03:33:07.190+0000][1][safepoint    ] Leaving safepoint region
[2022-06-13T03:33:07.190+0000][1][safepoint    ] Total time for which application threads were stopped: 0.0001970 seconds, Stopping threads took: 0.0000939 seconds
[2022-06-13T03:33:07.192+0000][1][safepoint    ] Application time: 0.0014600 seconds
[2022-06-13T03:33:07.192+0000][1][safepoint    ] Entering safepoint region: RevokeBias
[2022-06-13T03:33:07.192+0000][1][safepoint    ] Leaving safepoint region
[2022-06-13T03:33:07.192+0000][1][safepoint    ] Total time for which application threads were stopped: 0.0001973 seconds, Stopping threads took: 0.0000999 seconds
[2022-06-13T03:33:07.192+0000][1][safepoint    ] Application time: 0.0001491 seconds
[2022-06-13T03:33:07.193+0000][1][safepoint    ] Entering safepoint region: RevokeBias
[2022-06-13T03:33:07.193+0000][1][safepoint    ] Leaving safepoint region
[2022-06-13T03:33:07.193+0000][1][safepoint    ] Total time for which application threads were stopped: 0.0003894 seconds, Stopping threads took: 0.0001428 seconds
[2022-06-13T03:33:07.194+0000][1][safepoint    ] Application time: 0.0012299 seconds
[2022-06-13T03:33:07.195+0000][1][safepoint    ] Entering safepoint region: RevokeBias
[2022-06-13T03:33:07.195+0000][1][safepoint    ] Leaving safepoint region
[2022-06-13T03:33:07.195+0000][1][safepoint    ] Total time for which application threads were stopped: 0.0003109 seconds, Stopping threads took: 0.0001558 seconds
[2022-06-13T03:33:07.197+0000][1][safepoint    ] Application time: 0.0015489 seconds
[2022-06-13T03:33:07.197+0000][1][safepoint    ] Entering safepoint region: RevokeBias
[2022-06-13T03:33:07.197+0000][1][safepoint    ] Leaving safepoint region
[2022-06-13T03:33:07.197+0000][1][safepoint    ] Total time for which application threads were stopped: 0.0002773 seconds, Stopping threads took: 0.0001631 seconds
[2022-06-13T03:33:07.197+0000][1][safepoint    ] Application time: 0.0000891 seconds
[2022-06-13T03:33:07.197+0000][1][safepoint    ] Entering safepoint region: RevokeBias
[2022-06-13T03:33:07.198+0000][1][safepoint    ] Leaving safepoint region
[2022-06-13T03:33:07.198+0000][1][safepoint    ] Total time for which application threads were stopped: 0.0003359 seconds, Stopping threads took: 0.0001437 seconds
[2022-06-13T03:33:07.198+0000][1][safepoint    ] Application time: 0.0004513 seconds
[2022-06-13T03:33:07.198+0000][1][safepoint    ] Entering safepoint region: RevokeBias
[2022-06-13T03:33:07.199+0000][1][safepoint    ] Leaving safepoint region
[2022-06-13T03:33:07.199+0000][1][safepoint    ] Total time for which application threads were stopped: 0.0003857 seconds, Stopping threads took: 0.0001820 seconds
[2022-06-13T03:33:07.199+0000][1][safepoint    ] Application time: 0.0003092 seconds
[2022-06-13T03:33:07.199+0000][1][safepoint    ] Entering safepoint region: RevokeBias
[2022-06-13T03:33:07.200+0000][1][safepoint    ] Leaving safepoint region
[2022-06-13T03:33:07.200+0000][1][safepoint    ] Total time for which application threads were stopped: 0.0003303 seconds, Stopping threads took: 0.0001691 seconds
[2022-06-13T03:33:07.200+0000][1][safepoint    ] Application time: 0.0001227 seconds
[2022-06-13T03:33:07.200+0000][1][safepoint    ] Entering safepoint region: RevokeBias
[2022-06-13T03:33:07.200+0000][1][safepoint    ] Leaving safepoint region
[2022-06-13T03:33:07.200+0000][1][safepoint    ] Total time for which application threads were stopped: 0.0002513 seconds, Stopping threads took: 0.0001085 seconds
[2022-06-13T03:33:07.201+0000][1][safepoint    ] Application time: 0.0001593 seconds
[2022-06-13T03:33:07.201+0000][1][safepoint    ] Entering safepoint region: RevokeBias
[2022-06-13T03:33:07.201+0000][1][safepoint    ] Leaving safepoint region
[2022-06-13T03:33:07.201+0000][1][safepoint    ] Total time for which application threads were stopped: 0.0005849 seconds, Stopping threads took: 0.0004496 seconds
[2022-06-13T03:33:07.203+0000][1][safepoint    ] Application time: 0.0020504 seconds
[2022-06-13T03:33:07.203+0000][1][safepoint    ] Entering safepoint region: RevokeBias
[2022-06-13T03:33:07.204+0000][1][safepoint    ] Leaving safepoint region
[2022-06-13T03:33:07.204+0000][1][safepoint    ] Total time for which application threads were stopped: 0.0002187 seconds, Stopping threads took: 0.0000971 seconds
[2022-06-13T03:33:07.204+0000][1][safepoint    ] Application time: 0.0001356 seconds
[2022-06-13T03:33:07.204+0000][1][safepoint    ] Entering safepoint region: RevokeBias
[2022-06-13T03:33:07.204+0000][1][safepoint    ] Leaving safepoint region
[2022-06-13T03:33:07.204+0000][1][safepoint    ] Total time for which application threads were stopped: 0.0002292 seconds, Stopping threads took: 0.0001036 seconds
[2022-06-13T03:33:07.212+0000][1][safepoint    ] Application time: 0.0071482 seconds
[2022-06-13T03:33:07.212+0000][1][safepoint    ] Entering safepoint region: RevokeBias
[2022-06-13T03:33:07.212+0000][1][safepoint    ] Leaving safepoint region
[2022-06-13T03:33:07.212+0000][1][safepoint    ] Total time for which application threads were stopped: 0.0005751 seconds, Stopping threads took: 0.0002727 seconds
[2022-06-13T03:33:07.214+0000][1][safepoint    ] Application time: 0.0012206 seconds
[2022-06-13T03:33:07.214+0000][1][safepoint    ] Entering safepoint region: RevokeBias
[2022-06-13T03:33:07.214+0000][1][safepoint    ] Leaving safepoint region
[2022-06-13T03:33:07.215+0000][1][safepoint    ] Total time for which application threads were stopped: 0.0004297 seconds, Stopping threads took: 0.0002508 seconds
[2022-06-13T03:33:07.215+0000][1][safepoint    ] Application time: 0.0003826 seconds
[2022-06-13T03:33:07.215+0000][1][safepoint    ] Entering safepoint region: RevokeBias
[2022-06-13T03:33:07.216+0000][1][safepoint    ] Leaving safepoint region
[2022-06-13T03:33:07.216+0000][1][safepoint    ] Total time for which application threads were stopped: 0.0005698 seconds, Stopping threads took: 0.0002797 seconds
[2022-06-13T03:33:07.216+0000][1][safepoint    ] Application time: 0.0000714 seconds
[2022-06-13T03:33:07.217+0000][1][safepoint    ] Entering safepoint region: RevokeBias
[2022-06-13T03:33:07.217+0000][1][safepoint    ] Leaving safepoint region
[2022-06-13T03:33:07.217+0000][1][safepoint    ] Total time for which application threads were stopped: 0.0005954 seconds, Stopping threads took: 0.0003414 seconds
[2022-06-13T03:33:07.218+0000][1][safepoint    ] Application time: 0.0000734 seconds
[2022-06-13T03:33:07.218+0000][1][safepoint    ] Entering safepoint region: RevokeBias
[2022-06-13T03:33:07.218+0000][1][safepoint    ] Leaving safepoint region
[2022-06-13T03:33:07.218+0000][1][safepoint    ] Total time for which application threads were stopped: 0.0003772 seconds, Stopping threads took: 0.0002244 seconds
[2022-06-13T03:33:07.218+0000][1][safepoint    ] Application time: 0.0003005 seconds
[2022-06-13T03:33:07.219+0000][1][safepoint    ] Entering safepoint region: RevokeBias
[2022-06-13T03:33:07.219+0000][1][safepoint    ] Leaving safepoint region
[2022-06-13T03:33:07.219+0000][1][safepoint    ] Total time for which application threads were stopped: 0.0003139 seconds, Stopping threads took: 0.0001472 seconds
[2022-06-13T03:33:07.223+0000][1][safepoint    ] Application time: 0.0040765 seconds
[2022-06-13T03:33:07.223+0000][1][safepoint    ] Entering safepoint region: RevokeBias
[2022-06-13T03:33:07.224+0000][1][safepoint    ] Leaving safepoint region
[2022-06-13T03:33:07.224+0000][1][safepoint    ] Total time for which application threads were stopped: 0.0003493 seconds, Stopping threads took: 0.0002099 seconds
[2022-06-13T03:33:07.228+0000][1][safepoint    ] Application time: 0.0047533 seconds
[2022-06-13T03:33:07.229+0000][1][safepoint    ] Entering safepoint region: RevokeBias
[2022-06-13T03:33:07.229+0000][1][safepoint    ] Leaving safepoint region
[2022-06-13T03:33:07.229+0000][1][safepoint    ] Total time for which application threads were stopped: 0.0008523 seconds, Stopping threads took: 0.0002873 seconds
[2022-06-13T03:33:07.230+0000][1][safepoint    ] Application time: 0.0004232 seconds
[2022-06-13T03:33:07.230+0000][1][safepoint    ] Entering safepoint region: RevokeBias
[2022-06-13T03:33:07.231+0000][1][safepoint    ] Leaving safepoint region
[2022-06-13T03:33:07.231+0000][1][safepoint    ] Total time for which application threads were stopped: 0.0005908 seconds, Stopping threads took: 0.0003181 seconds
[2022-06-13T03:33:07.232+0000][1][safepoint    ] Application time: 0.0002397 seconds
[2022-06-13T03:33:07.232+0000][1][safepoint    ] Entering safepoint region: RevokeBias
[2022-06-13T03:33:07.232+0000][1][safepoint    ] Leaving safepoint region
[2022-06-13T03:33:07.232+0000][1][safepoint    ] Total time for which application threads were stopped: 0.0004254 seconds, Stopping threads took: 0.0002313 seconds
[2022-06-13T03:33:07.235+0000][1][safepoint    ] Application time: 0.0025374 seconds
[2022-06-13T03:33:07.235+0000][1][safepoint    ] Entering safepoint region: RevokeBias
[2022-06-13T03:33:07.235+0000][1][safepoint    ] Leaving safepoint region
[2022-06-13T03:33:07.235+0000][1][safepoint    ] Total time for which application threads were stopped: 0.0004057 seconds, Stopping threads took: 0.0001407 seconds
[2022-06-13T03:33:07.237+0000][1][safepoint    ] Application time: 0.0013767 seconds
[2022-06-13T03:33:07.237+0000][1][safepoint    ] Entering safepoint region: RevokeBias
[2022-06-13T03:33:07.237+0000][1][safepoint    ] Leaving safepoint region
[2022-06-13T03:33:07.237+0000][1][safepoint    ] Total time for which application threads were stopped: 0.0003142 seconds, Stopping threads took: 0.0001829 seconds
[2022-06-13T03:33:07.238+0000][1][safepoint    ] Application time: 0.0001034 seconds
[2022-06-13T03:33:07.238+0000][1][safepoint    ] Entering safepoint region: RevokeBias
[2022-06-13T03:33:07.238+0000][1][safepoint    ] Leaving safepoint region
[2022-06-13T03:33:07.238+0000][1][safepoint    ] Total time for which application threads were stopped: 0.0003296 seconds, Stopping threads took: 0.0001735 seconds
[2022-06-13T03:33:07.241+0000][1][safepoint    ] Application time: 0.0024236 seconds
[2022-06-13T03:33:07.241+0000][1][safepoint    ] Entering safepoint region: RevokeBias
[2022-06-13T03:33:07.241+0000][1][safepoint    ] Leaving safepoint region
[2022-06-13T03:33:07.242+0000][1][safepoint    ] Total time for which application threads were stopped: 0.0004044 seconds, Stopping threads took: 0.0001757 seconds
[2022-06-13T03:33:07.242+0000][1][safepoint    ] Application time: 0.0003807 seconds
[2022-06-13T03:33:07.242+0000][1][safepoint    ] Entering safepoint region: RevokeBias
[2022-06-13T03:33:07.243+0000][1][safepoint    ] Leaving safepoint region
[2022-06-13T03:33:07.243+0000][1][safepoint    ] Total time for which application threads were stopped: 0.0003849 seconds, Stopping threads took: 0.0002396 seconds
[2022-06-13T03:33:07.308+0000][1][safepoint    ] Application time: 0.0648631 seconds
[2022-06-13T03:33:07.308+0000][1][safepoint    ] Entering safepoint region: RevokeBias
[2022-06-13T03:33:07.308+0000][1][safepoint    ] Leaving safepoint region
[2022-06-13T03:33:07.308+0000][1][safepoint    ] Total time for which application threads were stopped: 0.0002411 seconds, Stopping threads took: 0.0001140 seconds
[2022-06-13T03:33:07.308+0000][1][safepoint    ] Application time: 0.0001152 seconds
[2022-06-13T03:33:07.309+0000][1][safepoint    ] Entering safepoint region: RevokeBias
[2022-06-13T03:33:07.309+0000][1][safepoint    ] Leaving safepoint region
[2022-06-13T03:33:07.309+0000][1][safepoint    ] Total time for which application threads were stopped: 0.0001991 seconds, Stopping threads took: 0.0000957 seconds
[2022-06-13T03:33:07.312+0000][1][safepoint    ] Application time: 0.0029798 seconds
[2022-06-13T03:33:07.312+0000][1][safepoint    ] Entering safepoint region: RevokeBias
[2022-06-13T03:33:07.312+0000][1][safepoint    ] Leaving safepoint region
[2022-06-13T03:33:07.312+0000][1][safepoint    ] Total time for which application threads were stopped: 0.0002305 seconds, Stopping threads took: 0.0001175 seconds
[2022-06-13T03:33:07.313+0000][1][safepoint    ] Application time: 0.0008567 seconds
[2022-06-13T03:33:07.313+0000][1][safepoint    ] Entering safepoint region: RevokeBias
[2022-06-13T03:33:07.313+0000][1][safepoint    ] Leaving safepoint region
[2022-06-13T03:33:07.313+0000][1][safepoint    ] Total time for which application threads were stopped: 0.0002254 seconds, Stopping threads took: 0.0001074 seconds
[2022-06-13T03:33:07.318+0000][1][safepoint    ] Application time: 0.0048083 seconds
[2022-06-13T03:33:07.319+0000][1][safepoint    ] Entering safepoint region: RevokeBias
[2022-06-13T03:33:07.319+0000][1][safepoint    ] Leaving safepoint region
[2022-06-13T03:33:07.319+0000][1][safepoint    ] Total time for which application threads were stopped: 0.0002569 seconds, Stopping threads took: 0.0001269 seconds
[2022-06-13T03:33:07.325+0000][1][safepoint    ] Application time: 0.0057014 seconds
[2022-06-13T03:33:07.325+0000][1][safepoint    ] Entering safepoint region: RevokeBias
[2022-06-13T03:33:07.325+0000][1][safepoint    ] Leaving safepoint region
[2022-06-13T03:33:07.326+0000][1][safepoint    ] Total time for which application threads were stopped: 0.0008231 seconds, Stopping threads took: 0.0003872 seconds
[2022-06-13T03:33:07.326+0000][1][safepoint    ] Application time: 0.0001958 seconds
[2022-06-13T03:33:07.327+0000][1][safepoint    ] Entering safepoint region: RevokeBias
[2022-06-13T03:33:07.327+0000][1][safepoint    ] Leaving safepoint region
[2022-06-13T03:33:07.328+0000][1][safepoint    ] Total time for which application threads were stopped: 0.0008205 seconds, Stopping threads took: 0.0003912 seconds
[2022-06-13T03:33:07.328+0000][1][safepoint    ] Application time: 0.0003210 seconds
[2022-06-13T03:33:07.329+0000][1][safepoint    ] Entering safepoint region: RevokeBias
[2022-06-13T03:33:07.329+0000][1][safepoint    ] Leaving safepoint region
[2022-06-13T03:33:07.330+0000][1][safepoint    ] Total time for which application threads were stopped: 0.0008804 seconds, Stopping threads took: 0.0004115 seconds
[2022-06-13T03:33:07.330+0000][1][safepoint    ] Application time: 0.0000692 seconds
[2022-06-13T03:33:07.330+0000][1][safepoint    ] Entering safepoint region: RevokeBias
[2022-06-13T03:33:07.330+0000][1][safepoint    ] Leaving safepoint region
[2022-06-13T03:33:07.331+0000][1][safepoint    ] Total time for which application threads were stopped: 0.0003613 seconds, Stopping threads took: 0.0001691 seconds
[2022-06-13T03:33:07.331+0000][1][safepoint    ] Application time: 0.0000634 seconds
[2022-06-13T03:33:07.331+0000][1][safepoint    ] Entering safepoint region: RevokeBias
[2022-06-13T03:33:07.331+0000][1][safepoint    ] Leaving safepoint region
[2022-06-13T03:33:07.331+0000][1][safepoint    ] Total time for which application threads were stopped: 0.0003432 seconds, Stopping threads took: 0.0001665 seconds
[2022-06-13T03:33:07.332+0000][1][safepoint    ] Application time: 0.0000893 seconds
[2022-06-13T03:33:07.332+0000][1][safepoint    ] Entering safepoint region: RevokeBias
[2022-06-13T03:33:07.332+0000][1][safepoint    ] Leaving safepoint region
[2022-06-13T03:33:07.332+0000][1][safepoint    ] Total time for which application threads were stopped: 0.0003419 seconds, Stopping threads took: 0.0001639 seconds
[2022-06-13T03:33:07.332+0000][1][safepoint    ] Application time: 0.0000436 seconds
[2022-06-13T03:33:07.333+0000][1][safepoint    ] Entering safepoint region: RevokeBias
[2022-06-13T03:33:07.333+0000][1][safepoint    ] Leaving safepoint region
[2022-06-13T03:33:07.334+0000][1][safepoint    ] Total time for which application threads were stopped: 0.0008227 seconds, Stopping threads took: 0.0004004 seconds
[2022-06-13T03:33:07.334+0000][1][safepoint    ] Application time: 0.0001118 seconds
[2022-06-13T03:33:07.334+0000][1][safepoint    ] Entering safepoint region: RevokeBias
[2022-06-13T03:33:07.334+0000][1][safepoint    ] Leaving safepoint region
[2022-06-13T03:33:07.335+0000][1][safepoint    ] Total time for which application threads were stopped: 0.0004329 seconds, Stopping threads took: 0.0001870 seconds
[2022-06-13T03:33:07.345+0000][1][safepoint    ] Application time: 0.0099387 seconds
[2022-06-13T03:33:07.345+0000][1][safepoint    ] Entering safepoint region: RevokeBias
[2022-06-13T03:33:07.346+0000][1][safepoint    ] Leaving safepoint region
[2022-06-13T03:33:07.346+0000][1][safepoint    ] Total time for which application threads were stopped: 0.0008976 seconds, Stopping threads took: 0.0003860 seconds
[2022-06-13T03:33:07.431+0000][1][safepoint    ] Application time: 0.0850171 seconds
[2022-06-13T03:33:07.432+0000][1][safepoint    ] Entering safepoint region: RevokeBias
[2022-06-13T03:33:07.433+0000][1][safepoint    ] Leaving safepoint region
[2022-06-13T03:33:07.433+0000][1][safepoint    ] Total time for which application threads were stopped: 0.0011254 seconds, Stopping threads took: 0.0005605 seconds
[2022-06-13T03:33:07.434+0000][1][safepoint    ] Application time: 0.0002390 seconds
[2022-06-13T03:33:07.434+0000][1][safepoint    ] Entering safepoint region: RevokeBias
[2022-06-13T03:33:07.435+0000][1][safepoint    ] Leaving safepoint region
[2022-06-13T03:33:07.435+0000][1][safepoint    ] Total time for which application threads were stopped: 0.0008765 seconds, Stopping threads took: 0.0003524 seconds
[2022-06-13T03:33:07.436+0000][1][safepoint    ] Application time: 0.0006913 seconds
[2022-06-13T03:33:07.437+0000][1][safepoint    ] Entering safepoint region: RevokeBias
[2022-06-13T03:33:07.437+0000][1][safepoint    ] Leaving safepoint region
[2022-06-13T03:33:07.437+0000][1][safepoint    ] Total time for which application threads were stopped: 0.0007278 seconds, Stopping threads took: 0.0003484 seconds
[2022-06-13T03:33:07.438+0000][1][safepoint    ] Application time: 0.0002418 seconds
[2022-06-13T03:33:07.438+0000][1][safepoint    ] Entering safepoint region: RevokeBias
[2022-06-13T03:33:07.439+0000][1][safepoint    ] Leaving safepoint region
[2022-06-13T03:33:07.439+0000][1][safepoint    ] Total time for which application threads were stopped: 0.0008408 seconds, Stopping threads took: 0.0004413 seconds
[2022-06-13T03:33:07.440+0000][1][safepoint    ] Application time: 0.0002062 seconds
[2022-06-13T03:33:07.440+0000][1][safepoint    ] Entering safepoint region: RevokeBias
[2022-06-13T03:33:07.440+0000][1][safepoint    ] Leaving safepoint region
[2022-06-13T03:33:07.441+0000][1][safepoint    ] Total time for which application threads were stopped: 0.0009817 seconds, Stopping threads took: 0.0003769 seconds
[2022-06-13T03:33:07.448+0000][1][safepoint    ] Application time: 0.0061184 seconds
[2022-06-13T03:33:07.448+0000][1][safepoint    ] Entering safepoint region: RevokeBias
[2022-06-13T03:33:07.449+0000][1][safepoint    ] Leaving safepoint region
[2022-06-13T03:33:07.449+0000][1][safepoint    ] Total time for which application threads were stopped: 0.0009644 seconds, Stopping threads took: 0.0004710 seconds
[2022-06-13T03:33:07.450+0000][1][safepoint    ] Application time: 0.0003568 seconds
[2022-06-13T03:33:07.450+0000][1][safepoint    ] Entering safepoint region: RevokeBias
[2022-06-13T03:33:07.451+0000][1][safepoint    ] Leaving safepoint region
[2022-06-13T03:33:07.451+0000][1][safepoint    ] Total time for which application threads were stopped: 0.0012933 seconds, Stopping threads took: 0.0008046 seconds
[2022-06-13T03:33:07.452+0000][1][safepoint    ] Application time: 0.0004841 seconds
[2022-06-13T03:33:07.453+0000][1][safepoint    ] Entering safepoint region: RevokeBias
[2022-06-13T03:33:07.453+0000][1][safepoint    ] Leaving safepoint region
[2022-06-13T03:33:07.453+0000][1][safepoint    ] Total time for which application threads were stopped: 0.0008399 seconds, Stopping threads took: 0.0003915 seconds
[2022-06-13T03:33:07.454+0000][1][safepoint    ] Application time: 0.0004458 seconds
[2022-06-13T03:33:07.455+0000][1][safepoint    ] Entering safepoint region: RevokeBias
[2022-06-13T03:33:07.455+0000][1][safepoint    ] Leaving safepoint region
[2022-06-13T03:33:07.455+0000][1][safepoint    ] Total time for which application threads were stopped: 0.0007629 seconds, Stopping threads took: 0.0003742 seconds
[2022-06-13T03:33:07.456+0000][1][safepoint    ] Application time: 0.0005213 seconds
[2022-06-13T03:33:07.456+0000][1][safepoint    ] Entering safepoint region: RevokeBias
[2022-06-13T03:33:07.457+0000][1][safepoint    ] Leaving safepoint region
[2022-06-13T03:33:07.457+0000][1][safepoint    ] Total time for which application threads were stopped: 0.0009605 seconds, Stopping threads took: 0.0006637 seconds
[2022-06-13T03:33:07.458+0000][1][safepoint    ] Application time: 0.0001104 seconds
[2022-06-13T03:33:07.458+0000][1][safepoint    ] Entering safepoint region: RevokeBias
[2022-06-13T03:33:07.459+0000][1][safepoint    ] Leaving safepoint region
[2022-06-13T03:33:07.459+0000][1][safepoint    ] Total time for which application threads were stopped: 0.0009563 seconds, Stopping threads took: 0.0005533 seconds
[2022-06-13T03:33:07.460+0000][1][safepoint    ] Application time: 0.0001554 seconds
[2022-06-13T03:33:07.461+0000][1][safepoint    ] Entering safepoint region: RevokeBias
[2022-06-13T03:33:07.461+0000][1][safepoint    ] Leaving safepoint region
[2022-06-13T03:33:07.461+0000][1][safepoint    ] Total time for which application threads were stopped: 0.0010100 seconds, Stopping threads took: 0.0005785 seconds
[2022-06-13T03:33:07.462+0000][1][safepoint    ] Application time: 0.0003534 seconds
[2022-06-13T03:33:07.462+0000][1][safepoint    ] Entering safepoint region: RevokeBias
[2022-06-13T03:33:07.463+0000][1][safepoint    ] Leaving safepoint region
[2022-06-13T03:33:07.463+0000][1][safepoint    ] Total time for which application threads were stopped: 0.0008557 seconds, Stopping threads took: 0.0004255 seconds
[2022-06-13T03:33:07.465+0000][1][safepoint    ] Application time: 0.0011457 seconds
[2022-06-13T03:33:07.465+0000][1][safepoint    ] Entering safepoint region: RevokeBias
[2022-06-13T03:33:07.466+0000][1][safepoint    ] Leaving safepoint region
[2022-06-13T03:33:07.466+0000][1][safepoint    ] Total time for which application threads were stopped: 0.0006020 seconds, Stopping threads took: 0.0003985 seconds
[2022-06-13T03:33:07.467+0000][1][safepoint    ] Application time: 0.0013058 seconds
[2022-06-13T03:33:07.467+0000][1][safepoint    ] Entering safepoint region: RevokeBias
[2022-06-13T03:33:07.468+0000][1][safepoint    ] Leaving safepoint region
[2022-06-13T03:33:07.468+0000][1][safepoint    ] Total time for which application threads were stopped: 0.0005513 seconds, Stopping threads took: 0.0002597 seconds
[2022-06-13T03:33:07.469+0000][1][safepoint    ] Application time: 0.0003461 seconds
[2022-06-13T03:33:07.469+0000][1][safepoint    ] Entering safepoint region: RevokeBias
[2022-06-13T03:33:07.469+0000][1][safepoint    ] Leaving safepoint region
[2022-06-13T03:33:07.470+0000][1][safepoint    ] Total time for which application threads were stopped: 0.0007932 seconds, Stopping threads took: 0.0003503 seconds
[2022-06-13T03:33:07.482+0000][1][safepoint    ] Application time: 0.0118637 seconds
[2022-06-13T03:33:07.482+0000][1][safepoint    ] Entering safepoint region: RevokeBias
[2022-06-13T03:33:07.482+0000][1][safepoint    ] Leaving safepoint region
[2022-06-13T03:33:07.483+0000][1][safepoint    ] Total time for which application threads were stopped: 0.0005040 seconds, Stopping threads took: 0.0001905 seconds
[2022-06-13T03:33:07.485+0000][1][safepoint    ] Application time: 0.0017493 seconds
[2022-06-13T03:33:07.485+0000][1][safepoint    ] Entering safepoint region: RevokeBias
[2022-06-13T03:33:07.485+0000][1][safepoint    ] Leaving safepoint region
[2022-06-13T03:33:07.485+0000][1][safepoint    ] Total time for which application threads were stopped: 0.0002983 seconds, Stopping threads took: 0.0001593 seconds
[2022-06-13T03:33:07.492+0000][1][safepoint    ] Application time: 0.0071511 seconds
[2022-06-13T03:33:07.493+0000][1][safepoint    ] Entering safepoint region: RevokeBias
[2022-06-13T03:33:07.493+0000][1][safepoint    ] Leaving safepoint region
[2022-06-13T03:33:07.493+0000][1][safepoint    ] Total time for which application threads were stopped: 0.0003744 seconds, Stopping threads took: 0.0001795 seconds
[2022-06-13T03:33:07.517+0000][1][safepoint    ] Application time: 0.0236408 seconds
[2022-06-13T03:33:07.517+0000][1][safepoint    ] Entering safepoint region: RevokeBias
[2022-06-13T03:33:07.517+0000][1][safepoint    ] Leaving safepoint region
[2022-06-13T03:33:07.517+0000][1][safepoint    ] Total time for which application threads were stopped: 0.0004184 seconds, Stopping threads took: 0.0001387 seconds
[2022-06-13T03:33:07.518+0000][1][safepoint    ] Application time: 0.0004113 seconds
[2022-06-13T03:33:07.518+0000][1][safepoint    ] Entering safepoint region: RevokeBias
[2022-06-13T03:33:07.518+0000][1][safepoint    ] Leaving safepoint region
[2022-06-13T03:33:07.519+0000][1][safepoint    ] Total time for which application threads were stopped: 0.0006511 seconds, Stopping threads took: 0.0002333 seconds
[2022-06-13T03:33:07.519+0000][1][safepoint    ] Application time: 0.0003990 seconds
[2022-06-13T03:33:07.520+0000][1][safepoint    ] Entering safepoint region: RevokeBias
[2022-06-13T03:33:07.520+0000][1][safepoint    ] Leaving safepoint region
[2022-06-13T03:33:07.520+0000][1][safepoint    ] Total time for which application threads were stopped: 0.0006249 seconds, Stopping threads took: 0.0001341 seconds
[2022-06-13T03:33:07.521+0000][1][safepoint    ] Application time: 0.0003840 seconds
[2022-06-13T03:33:07.521+0000][1][safepoint    ] Entering safepoint region: RevokeBias
[2022-06-13T03:33:07.521+0000][1][safepoint    ] Leaving safepoint region
[2022-06-13T03:33:07.522+0000][1][safepoint    ] Total time for which application threads were stopped: 0.0004636 seconds, Stopping threads took: 0.0001973 seconds
[2022-06-13T03:33:07.522+0000][1][safepoint    ] Application time: 0.0003844 seconds
[2022-06-13T03:33:07.523+0000][1][safepoint    ] Entering safepoint region: RevokeBias
[2022-06-13T03:33:07.523+0000][1][safepoint    ] Leaving safepoint region
[2022-06-13T03:33:07.523+0000][1][safepoint    ] Total time for which application threads were stopped: 0.0005688 seconds, Stopping threads took: 0.0003767 seconds
[2022-06-13T03:33:07.524+0000][1][safepoint    ] Application time: 0.0003295 seconds
[2022-06-13T03:33:07.524+0000][1][safepoint    ] Entering safepoint region: RevokeBias
[2022-06-13T03:33:07.524+0000][1][safepoint    ] Leaving safepoint region
[2022-06-13T03:33:07.525+0000][1][safepoint    ] Total time for which application threads were stopped: 0.0006231 seconds, Stopping threads took: 0.0002296 seconds
[2022-06-13T03:33:07.525+0000][1][safepoint    ] Application time: 0.0005320 seconds
[2022-06-13T03:33:07.526+0000][1][safepoint    ] Entering safepoint region: RevokeBias
[2022-06-13T03:33:07.526+0000][1][safepoint    ] Leaving safepoint region
[2022-06-13T03:33:07.526+0000][1][safepoint    ] Total time for which application threads were stopped: 0.0004546 seconds, Stopping threads took: 0.0002154 seconds
[2022-06-13T03:33:07.527+0000][1][safepoint    ] Application time: 0.0003606 seconds
[2022-06-13T03:33:07.527+0000][1][safepoint    ] Entering safepoint region: RevokeBias
[2022-06-13T03:33:07.527+0000][1][safepoint    ] Leaving safepoint region
[2022-06-13T03:33:07.528+0000][1][safepoint    ] Total time for which application threads were stopped: 0.0005353 seconds, Stopping threads took: 0.0003370 seconds
[2022-06-13T03:33:07.528+0000][1][safepoint    ] Application time: 0.0004343 seconds
[2022-06-13T03:33:07.528+0000][1][safepoint    ] Entering safepoint region: RevokeBias
[2022-06-13T03:33:07.529+0000][1][safepoint    ] Leaving safepoint region
[2022-06-13T03:33:07.529+0000][1][safepoint    ] Total time for which application threads were stopped: 0.0006571 seconds, Stopping threads took: 0.0003893 seconds
[2022-06-13T03:33:07.530+0000][1][safepoint    ] Application time: 0.0004628 seconds
[2022-06-13T03:33:07.530+0000][1][safepoint    ] Entering safepoint region: RevokeBias
[2022-06-13T03:33:07.530+0000][1][safepoint    ] Leaving safepoint region
[2022-06-13T03:33:07.530+0000][1][safepoint    ] Total time for which application threads were stopped: 0.0003275 seconds, Stopping threads took: 0.0001635 seconds
[2022-06-13T03:33:07.531+0000][1][safepoint    ] Application time: 0.0002782 seconds
[2022-06-13T03:33:07.531+0000][1][safepoint    ] Entering safepoint region: RevokeBias
[2022-06-13T03:33:07.531+0000][1][safepoint    ] Leaving safepoint region
[2022-06-13T03:33:07.531+0000][1][safepoint    ] Total time for which application threads were stopped: 0.0003565 seconds, Stopping threads took: 0.0001828 seconds
[2022-06-13T03:33:07.532+0000][1][safepoint    ] Application time: 0.0004238 seconds
[2022-06-13T03:33:07.532+0000][1][safepoint    ] Entering safepoint region: RevokeBias
[2022-06-13T03:33:07.532+0000][1][safepoint    ] Leaving safepoint region
[2022-06-13T03:33:07.532+0000][1][safepoint    ] Total time for which application threads were stopped: 0.0004026 seconds, Stopping threads took: 0.0001976 seconds
[2022-06-13T03:33:07.533+0000][1][safepoint    ] Application time: 0.0002623 seconds
[2022-06-13T03:33:07.533+0000][1][safepoint    ] Entering safepoint region: RevokeBias
[2022-06-13T03:33:07.533+0000][1][safepoint    ] Leaving safepoint region
[2022-06-13T03:33:07.533+0000][1][safepoint    ] Total time for which application threads were stopped: 0.0002962 seconds, Stopping threads took: 0.0001419 seconds
[2022-06-13T03:33:07.534+0000][1][safepoint    ] Application time: 0.0002166 seconds
[2022-06-13T03:33:07.534+0000][1][safepoint    ] Entering safepoint region: RevokeBias
[2022-06-13T03:33:07.534+0000][1][safepoint    ] Leaving safepoint region
[2022-06-13T03:33:07.534+0000][1][safepoint    ] Total time for which application threads were stopped: 0.0003656 seconds, Stopping threads took: 0.0001122 seconds
[2022-06-13T03:33:07.536+0000][1][safepoint    ] Application time: 0.0011856 seconds
[2022-06-13T03:33:07.536+0000][1][safepoint    ] Entering safepoint region: RevokeBias
[2022-06-13T03:33:07.536+0000][1][safepoint    ] Leaving safepoint region
[2022-06-13T03:33:07.536+0000][1][safepoint    ] Total time for which application threads were stopped: 0.0003323 seconds, Stopping threads took: 0.0001637 seconds
[2022-06-13T03:33:07.536+0000][1][safepoint    ] Application time: 0.0002724 seconds
[2022-06-13T03:33:07.536+0000][1][safepoint    ] Entering safepoint region: RevokeBias
[2022-06-13T03:33:07.537+0000][1][safepoint    ] Leaving safepoint region
[2022-06-13T03:33:07.537+0000][1][safepoint    ] Total time for which application threads were stopped: 0.0002260 seconds, Stopping threads took: 0.0001091 seconds
[2022-06-13T03:33:07.537+0000][1][safepoint    ] Application time: 0.0002782 seconds
[2022-06-13T03:33:07.537+0000][1][safepoint    ] Entering safepoint region: RevokeBias
[2022-06-13T03:33:07.537+0000][1][safepoint    ] Leaving safepoint region
[2022-06-13T03:33:07.537+0000][1][safepoint    ] Total time for which application threads were stopped: 0.0002503 seconds, Stopping threads took: 0.0001233 seconds
[2022-06-13T03:33:07.538+0000][1][safepoint    ] Application time: 0.0006785 seconds
[2022-06-13T03:33:07.538+0000][1][safepoint    ] Entering safepoint region: RevokeBias
[2022-06-13T03:33:07.538+0000][1][safepoint    ] Leaving safepoint region
[2022-06-13T03:33:07.539+0000][1][safepoint    ] Total time for which application threads were stopped: 0.0001901 seconds, Stopping threads took: 0.0000872 seconds
[2022-06-13T03:33:07.541+0000][1][safepoint    ] Application time: 0.0023366 seconds
[2022-06-13T03:33:07.541+0000][1][safepoint    ] Entering safepoint region: RevokeBias
[2022-06-13T03:33:07.541+0000][1][safepoint    ] Leaving safepoint region
[2022-06-13T03:33:07.541+0000][1][safepoint    ] Total time for which application threads were stopped: 0.0002325 seconds, Stopping threads took: 0.0000931 seconds
[2022-06-13T03:33:07.545+0000][1][safepoint    ] Application time: 0.0036176 seconds
[2022-06-13T03:33:07.545+0000][1][safepoint    ] Entering safepoint region: RevokeBias
[2022-06-13T03:33:07.545+0000][1][safepoint    ] Leaving safepoint region
[2022-06-13T03:33:07.546+0000][1][safepoint    ] Total time for which application threads were stopped: 0.0003839 seconds, Stopping threads took: 0.0001947 seconds
[2022-06-13T03:33:07.547+0000][1][safepoint    ] Application time: 0.0017005 seconds
[2022-06-13T03:33:07.548+0000][1][safepoint    ] Entering safepoint region: BulkRevokeBias
[2022-06-13T03:33:07.548+0000][1][safepoint    ] Leaving safepoint region
[2022-06-13T03:33:07.548+0000][1][safepoint    ] Total time for which application threads were stopped: 0.0005893 seconds, Stopping threads took: 0.0001990 seconds
[2022-06-13T03:33:07.553+0000][1][safepoint    ] Application time: 0.0042155 seconds
[2022-06-13T03:33:07.553+0000][1][safepoint    ] Entering safepoint region: BulkRevokeBias
[2022-06-13T03:33:07.553+0000][1][safepoint    ] Leaving safepoint region
[2022-06-13T03:33:07.554+0000][1][safepoint    ] Total time for which application threads were stopped: 0.0008347 seconds, Stopping threads took: 0.0002777 seconds
[2022-06-13T03:33:07.556+0000][1][safepoint    ] Application time: 0.0018284 seconds
[2022-06-13T03:33:07.556+0000][1][safepoint    ] Entering safepoint region: RevokeBias
[2022-06-13T03:33:07.556+0000][1][safepoint    ] Leaving safepoint region
[2022-06-13T03:33:07.556+0000][1][safepoint    ] Total time for which application threads were stopped: 0.0005518 seconds, Stopping threads took: 0.0002709 seconds
[2022-06-13T03:33:07.557+0000][1][safepoint    ] Application time: 0.0002903 seconds
[2022-06-13T03:33:07.557+0000][1][safepoint    ] Entering safepoint region: RevokeBias
[2022-06-13T03:33:07.558+0000][1][safepoint    ] Leaving safepoint region
[2022-06-13T03:33:07.558+0000][1][safepoint    ] Total time for which application threads were stopped: 0.0006595 seconds, Stopping threads took: 0.0002698 seconds
[2022-06-13T03:33:07.558+0000][1][safepoint    ] Application time: 0.0001906 seconds
[2022-06-13T03:33:07.559+0000][1][safepoint    ] Entering safepoint region: RevokeBias
[2022-06-13T03:33:07.559+0000][1][safepoint    ] Leaving safepoint region
[2022-06-13T03:33:07.559+0000][1][safepoint    ] Total time for which application threads were stopped: 0.0006341 seconds, Stopping threads took: 0.0002455 seconds
[2022-06-13T03:33:07.560+0000][1][safepoint    ] Application time: 0.0002156 seconds
[2022-06-13T03:33:07.560+0000][1][safepoint    ] Entering safepoint region: RevokeBias
[2022-06-13T03:33:07.560+0000][1][safepoint    ] Leaving safepoint region
[2022-06-13T03:33:07.560+0000][1][safepoint    ] Total time for which application threads were stopped: 0.0006117 seconds, Stopping threads took: 0.0003099 seconds
[2022-06-13T03:33:07.561+0000][1][safepoint    ] Application time: 0.0001518 seconds
[2022-06-13T03:33:07.561+0000][1][safepoint    ] Entering safepoint region: RevokeBias
[2022-06-13T03:33:07.561+0000][1][safepoint    ] Leaving safepoint region
[2022-06-13T03:33:07.561+0000][1][safepoint    ] Total time for which application threads were stopped: 0.0003044 seconds, Stopping threads took: 0.0001661 seconds
[2022-06-13T03:33:07.562+0000][1][safepoint    ] Application time: 0.0002126 seconds
[2022-06-13T03:33:07.562+0000][1][safepoint    ] Entering safepoint region: RevokeBias
[2022-06-13T03:33:07.562+0000][1][safepoint    ] Leaving safepoint region
[2022-06-13T03:33:07.562+0000][1][safepoint    ] Total time for which application threads were stopped: 0.0005216 seconds, Stopping threads took: 0.0002003 seconds
[2022-06-13T03:33:07.563+0000][1][safepoint    ] Application time: 0.0001694 seconds
[2022-06-13T03:33:07.563+0000][1][safepoint    ] Entering safepoint region: RevokeBias
[2022-06-13T03:33:07.564+0000][1][safepoint    ] Leaving safepoint region
[2022-06-13T03:33:07.564+0000][1][safepoint    ] Total time for which application threads were stopped: 0.0006379 seconds, Stopping threads took: 0.0004015 seconds
[2022-06-13T03:33:07.564+0000][1][safepoint    ] Application time: 0.0002244 seconds
[2022-06-13T03:33:07.564+0000][1][safepoint    ] Entering safepoint region: RevokeBias
[2022-06-13T03:33:07.565+0000][1][safepoint    ] Leaving safepoint region
[2022-06-13T03:33:07.565+0000][1][safepoint    ] Total time for which application threads were stopped: 0.0005223 seconds, Stopping threads took: 0.0003342 seconds
[2022-06-13T03:33:07.565+0000][1][safepoint    ] Application time: 0.0001586 seconds
[2022-06-13T03:33:07.565+0000][1][safepoint    ] Entering safepoint region: RevokeBias
[2022-06-13T03:33:07.565+0000][1][safepoint    ] Leaving safepoint region
[2022-06-13T03:33:07.566+0000][1][safepoint    ] Total time for which application threads were stopped: 0.0004136 seconds, Stopping threads took: 0.0002011 seconds
[2022-06-13T03:33:07.566+0000][1][safepoint    ] Application time: 0.0002152 seconds
[2022-06-13T03:33:07.566+0000][1][safepoint    ] Entering safepoint region: RevokeBias
[2022-06-13T03:33:07.566+0000][1][safepoint    ] Leaving safepoint region
[2022-06-13T03:33:07.566+0000][1][safepoint    ] Total time for which application threads were stopped: 0.0004054 seconds, Stopping threads took: 0.0002100 seconds
[2022-06-13T03:33:07.567+0000][1][safepoint    ] Application time: 0.0002842 seconds
[2022-06-13T03:33:07.567+0000][1][safepoint    ] Entering safepoint region: RevokeBias
[2022-06-13T03:33:07.567+0000][1][safepoint    ] Leaving safepoint region
[2022-06-13T03:33:07.567+0000][1][safepoint    ] Total time for which application threads were stopped: 0.0003149 seconds, Stopping threads took: 0.0001255 seconds
[2022-06-13T03:33:07.568+0000][1][safepoint    ] Application time: 0.0001826 seconds
[2022-06-13T03:33:07.568+0000][1][safepoint    ] Entering safepoint region: RevokeBias
[2022-06-13T03:33:07.568+0000][1][safepoint    ] Leaving safepoint region
[2022-06-13T03:33:07.568+0000][1][safepoint    ] Total time for which application threads were stopped: 0.0004146 seconds, Stopping threads took: 0.0001967 seconds
[2022-06-13T03:33:07.569+0000][1][safepoint    ] Application time: 0.0002865 seconds
[2022-06-13T03:33:07.569+0000][1][safepoint    ] Entering safepoint region: RevokeBias
[2022-06-13T03:33:07.569+0000][1][safepoint    ] Leaving safepoint region
[2022-06-13T03:33:07.569+0000][1][safepoint    ] Total time for which application threads were stopped: 0.0003102 seconds, Stopping threads took: 0.0001128 seconds
[2022-06-13T03:33:07.569+0000][1][safepoint    ] Application time: 0.0001296 seconds
[2022-06-13T03:33:07.570+0000][1][safepoint    ] Entering safepoint region: RevokeBias
[2022-06-13T03:33:07.570+0000][1][safepoint    ] Leaving safepoint region
[2022-06-13T03:33:07.570+0000][1][safepoint    ] Total time for which application threads were stopped: 0.0003520 seconds, Stopping threads took: 0.0001684 seconds
[2022-06-13T03:33:07.570+0000][1][safepoint    ] Application time: 0.0001920 seconds
[2022-06-13T03:33:07.570+0000][1][safepoint    ] Entering safepoint region: RevokeBias
[2022-06-13T03:33:07.571+0000][1][safepoint    ] Leaving safepoint region
[2022-06-13T03:33:07.571+0000][1][safepoint    ] Total time for which application threads were stopped: 0.0003521 seconds, Stopping threads took: 0.0001952 seconds
[2022-06-13T03:33:07.571+0000][1][safepoint    ] Application time: 0.0002536 seconds
[2022-06-13T03:33:07.571+0000][1][safepoint    ] Entering safepoint region: RevokeBias
[2022-06-13T03:33:07.571+0000][1][safepoint    ] Leaving safepoint region
[2022-06-13T03:33:07.572+0000][1][safepoint    ] Total time for which application threads were stopped: 0.0003713 seconds, Stopping threads took: 0.0002018 seconds
[2022-06-13T03:33:07.572+0000][1][safepoint    ] Application time: 0.0001088 seconds
[2022-06-13T03:33:07.572+0000][1][safepoint    ] Entering safepoint region: RevokeBias
[2022-06-13T03:33:07.572+0000][1][safepoint    ] Leaving safepoint region
[2022-06-13T03:33:07.572+0000][1][safepoint    ] Total time for which application threads were stopped: 0.0003674 seconds, Stopping threads took: 0.0002021 seconds
[2022-06-13T03:33:07.573+0000][1][safepoint    ] Application time: 0.0002828 seconds
[2022-06-13T03:33:07.573+0000][1][safepoint    ] Entering safepoint region: RevokeBias
[2022-06-13T03:33:07.573+0000][1][safepoint    ] Leaving safepoint region
[2022-06-13T03:33:07.573+0000][1][safepoint    ] Total time for which application threads were stopped: 0.0002756 seconds, Stopping threads took: 0.0001146 seconds
[2022-06-13T03:33:07.574+0000][1][safepoint    ] Application time: 0.0002465 seconds
[2022-06-13T03:33:07.574+0000][1][safepoint    ] Entering safepoint region: RevokeBias
[2022-06-13T03:33:07.574+0000][1][safepoint    ] Leaving safepoint region
[2022-06-13T03:33:07.574+0000][1][safepoint    ] Total time for which application threads were stopped: 0.0003351 seconds, Stopping threads took: 0.0001701 seconds
[2022-06-13T03:33:07.575+0000][1][safepoint    ] Application time: 0.0005713 seconds
[2022-06-13T03:33:07.575+0000][1][safepoint    ] Entering safepoint region: RevokeBias
[2022-06-13T03:33:07.575+0000][1][safepoint    ] Leaving safepoint region
[2022-06-13T03:33:07.575+0000][1][safepoint    ] Total time for which application threads were stopped: 0.0003263 seconds, Stopping threads took: 0.0001979 seconds
[2022-06-13T03:33:07.577+0000][1][safepoint    ] Application time: 0.0014641 seconds
[2022-06-13T03:33:07.577+0000][1][safepoint    ] Entering safepoint region: RevokeBias
[2022-06-13T03:33:07.577+0000][1][safepoint    ] Leaving safepoint region
[2022-06-13T03:33:07.577+0000][1][safepoint    ] Total time for which application threads were stopped: 0.0002849 seconds, Stopping threads took: 0.0001430 seconds
[2022-06-13T03:33:07.578+0000][1][safepoint    ] Application time: 0.0010480 seconds
[2022-06-13T03:33:07.579+0000][1][safepoint    ] Entering safepoint region: RevokeBias
[2022-06-13T03:33:07.579+0000][1][safepoint    ] Leaving safepoint region
[2022-06-13T03:33:07.579+0000][1][safepoint    ] Total time for which application threads were stopped: 0.0003041 seconds, Stopping threads took: 0.0001446 seconds
[2022-06-13T03:33:07.580+0000][1][safepoint    ] Application time: 0.0008398 seconds
[2022-06-13T03:33:07.580+0000][1][safepoint    ] Entering safepoint region: RevokeBias
[2022-06-13T03:33:07.580+0000][1][safepoint    ] Leaving safepoint region
[2022-06-13T03:33:07.580+0000][1][safepoint    ] Total time for which application threads were stopped: 0.0002845 seconds, Stopping threads took: 0.0001384 seconds
[2022-06-13T03:33:07.606+0000][1][safepoint    ] Application time: 0.0256218 seconds
[2022-06-13T03:33:07.606+0000][1][safepoint    ] Entering safepoint region: RevokeBias
[2022-06-13T03:33:07.607+0000][1][safepoint    ] Leaving safepoint region
[2022-06-13T03:33:07.607+0000][1][safepoint    ] Total time for which application threads were stopped: 0.0005415 seconds, Stopping threads took: 0.0002152 seconds
[2022-06-13T03:33:07.607+0000][1][safepoint    ] Application time: 0.0000839 seconds
[2022-06-13T03:33:07.608+0000][1][safepoint    ] Entering safepoint region: RevokeBias
[2022-06-13T03:33:07.608+0000][1][safepoint    ] Leaving safepoint region
[2022-06-13T03:33:07.608+0000][1][safepoint    ] Total time for which application threads were stopped: 0.0004011 seconds, Stopping threads took: 0.0001879 seconds
[2022-06-13T03:33:07.609+0000][1][safepoint    ] Application time: 0.0010772 seconds
[2022-06-13T03:33:07.610+0000][1][safepoint    ] Entering safepoint region: RevokeBias
[2022-06-13T03:33:07.610+0000][1][safepoint    ] Leaving safepoint region
[2022-06-13T03:33:07.610+0000][1][safepoint    ] Total time for which application threads were stopped: 0.0007115 seconds, Stopping threads took: 0.0003282 seconds
[2022-06-13T03:33:07.645+0000][1][safepoint    ] Application time: 0.0341137 seconds
[2022-06-13T03:33:07.645+0000][1][safepoint    ] Entering safepoint region: RevokeBias
[2022-06-13T03:33:07.646+0000][1][safepoint    ] Leaving safepoint region
[2022-06-13T03:33:07.646+0000][1][safepoint    ] Total time for which application threads were stopped: 0.0011029 seconds, Stopping threads took: 0.0004775 seconds
[2022-06-13T03:33:07.656+0000][1][safepoint    ] Application time: 0.0091598 seconds
[2022-06-13T03:33:07.656+0000][1][safepoint    ] Entering safepoint region: RevokeBias
[2022-06-13T03:33:07.657+0000][1][safepoint    ] Leaving safepoint region
[2022-06-13T03:33:07.657+0000][1][safepoint    ] Total time for which application threads were stopped: 0.0010526 seconds, Stopping threads took: 0.0004357 seconds
[2022-06-13T03:33:07.663+0000][1][safepoint    ] Application time: 0.0050097 seconds
[2022-06-13T03:33:07.663+0000][1][safepoint    ] Entering safepoint region: RevokeBias
[2022-06-13T03:33:07.665+0000][1][safepoint    ] Leaving safepoint region
[2022-06-13T03:33:07.665+0000][1][safepoint    ] Total time for which application threads were stopped: 0.0018777 seconds, Stopping threads took: 0.0004551 seconds
[2022-06-13T03:33:07.668+0000][1][safepoint    ] Application time: 0.0023946 seconds
[2022-06-13T03:33:07.669+0000][1][safepoint    ] Entering safepoint region: RevokeBias
[2022-06-13T03:33:07.669+0000][1][safepoint    ] Leaving safepoint region
[2022-06-13T03:33:07.670+0000][1][safepoint    ] Total time for which application threads were stopped: 0.0011047 seconds, Stopping threads took: 0.0005255 seconds
[2022-06-13T03:33:07.698+0000][1][safepoint    ] Application time: 0.0274409 seconds
[2022-06-13T03:33:07.698+0000][1][safepoint    ] Entering safepoint region: RevokeBias
[2022-06-13T03:33:07.698+0000][1][safepoint    ] Leaving safepoint region
[2022-06-13T03:33:07.699+0000][1][safepoint    ] Total time for which application threads were stopped: 0.0011080 seconds, Stopping threads took: 0.0004243 seconds
[2022-06-13T03:33:07.736+0000][1][safepoint    ] Application time: 0.0364281 seconds
[2022-06-13T03:33:07.736+0000][1][safepoint    ] Entering safepoint region: RevokeBias
[2022-06-13T03:33:07.737+0000][1][safepoint    ] Leaving safepoint region
[2022-06-13T03:33:07.738+0000][1][safepoint    ] Total time for which application threads were stopped: 0.0011487 seconds, Stopping threads took: 0.0004898 seconds
[2022-06-13T03:33:07.778+0000][1][safepoint    ] Application time: 0.0397513 seconds
[2022-06-13T03:33:07.778+0000][1][safepoint    ] Entering safepoint region: RevokeBias
[2022-06-13T03:33:07.779+0000][1][safepoint    ] Leaving safepoint region
[2022-06-13T03:33:07.780+0000][1][safepoint    ] Total time for which application threads were stopped: 0.0013426 seconds, Stopping threads took: 0.0005512 seconds
[2022-06-13T03:33:07.783+0000][1][safepoint    ] Application time: 0.0027968 seconds
[2022-06-13T03:33:07.783+0000][1][safepoint    ] Entering safepoint region: RevokeBias
[2022-06-13T03:33:07.784+0000][1][safepoint    ] Leaving safepoint region
[2022-06-13T03:33:07.784+0000][1][safepoint    ] Total time for which application threads were stopped: 0.0006750 seconds, Stopping threads took: 0.0003187 seconds
[2022-06-13T03:33:07.818+0000][1][safepoint    ] Application time: 0.0337525 seconds
[2022-06-13T03:33:07.818+0000][1][safepoint    ] Entering safepoint region: BulkRevokeBias
[2022-06-13T03:33:07.819+0000][1][safepoint    ] Leaving safepoint region
[2022-06-13T03:33:07.819+0000][1][safepoint    ] Total time for which application threads were stopped: 0.0011207 seconds, Stopping threads took: 0.0004674 seconds
[2022-06-13T03:33:07.893+0000][1][safepoint    ] Application time: 0.0732241 seconds
[2022-06-13T03:33:07.894+0000][1][safepoint    ] Entering safepoint region: RevokeBias
[2022-06-13T03:33:07.894+0000][1][safepoint    ] Leaving safepoint region
[2022-06-13T03:33:07.894+0000][1][safepoint    ] Total time for which application threads were stopped: 0.0008036 seconds, Stopping threads took: 0.0003755 seconds
[2022-06-13T03:33:07.895+0000][1][safepoint    ] Application time: 0.0001176 seconds
[2022-06-13T03:33:07.895+0000][1][safepoint    ] Entering safepoint region: RevokeBias
[2022-06-13T03:33:07.895+0000][1][safepoint    ] Leaving safepoint region
[2022-06-13T03:33:07.896+0000][1][safepoint    ] Total time for which application threads were stopped: 0.0007437 seconds, Stopping threads took: 0.0002937 seconds
[2022-06-13T03:33:07.896+0000][1][safepoint    ] Application time: 0.0001655 seconds
[2022-06-13T03:33:07.897+0000][1][safepoint    ] Entering safepoint region: RevokeBias
[2022-06-13T03:33:07.897+0000][1][safepoint    ] Leaving safepoint region
[2022-06-13T03:33:07.897+0000][1][safepoint    ] Total time for which application threads were stopped: 0.0008285 seconds, Stopping threads took: 0.0002688 seconds
[2022-06-13T03:33:07.898+0000][1][safepoint    ] Application time: 0.0001637 seconds
[2022-06-13T03:33:07.898+0000][1][safepoint    ] Entering safepoint region: RevokeBias
[2022-06-13T03:33:07.898+0000][1][safepoint    ] Leaving safepoint region
[2022-06-13T03:33:07.899+0000][1][safepoint    ] Total time for which application threads were stopped: 0.0006463 seconds, Stopping threads took: 0.0002564 seconds
[2022-06-13T03:33:07.899+0000][1][safepoint    ] Application time: 0.0002036 seconds
[2022-06-13T03:33:07.900+0000][1][safepoint    ] Entering safepoint region: RevokeBias
[2022-06-13T03:33:07.900+0000][1][safepoint    ] Leaving safepoint region
[2022-06-13T03:33:07.900+0000][1][safepoint    ] Total time for which application threads were stopped: 0.0003432 seconds, Stopping threads took: 0.0001620 seconds
[2022-06-13T03:33:07.900+0000][1][safepoint    ] Application time: 0.0000908 seconds
[2022-06-13T03:33:07.900+0000][1][safepoint    ] Entering safepoint region: RevokeBias
[2022-06-13T03:33:07.901+0000][1][safepoint    ] Leaving safepoint region
[2022-06-13T03:33:07.901+0000][1][safepoint    ] Total time for which application threads were stopped: 0.0007613 seconds, Stopping threads took: 0.0003016 seconds
[2022-06-13T03:33:07.901+0000][1][safepoint    ] Application time: 0.0000736 seconds
[2022-06-13T03:33:07.902+0000][1][safepoint    ] Entering safepoint region: RevokeBias
[2022-06-13T03:33:07.902+0000][1][safepoint    ] Leaving safepoint region
[2022-06-13T03:33:07.902+0000][1][safepoint    ] Total time for which application threads were stopped: 0.0006942 seconds, Stopping threads took: 0.0002812 seconds
[2022-06-13T03:33:07.903+0000][1][safepoint    ] Application time: 0.0001060 seconds
[2022-06-13T03:33:07.903+0000][1][safepoint    ] Entering safepoint region: RevokeBias
[2022-06-13T03:33:07.903+0000][1][safepoint    ] Leaving safepoint region
[2022-06-13T03:33:07.903+0000][1][safepoint    ] Total time for which application threads were stopped: 0.0004127 seconds, Stopping threads took: 0.0001882 seconds
[2022-06-13T03:33:08.020+0000][1][safepoint    ] Application time: 0.1161069 seconds
[2022-06-13T03:33:08.020+0000][1][safepoint    ] Entering safepoint region: RevokeBias
[2022-06-13T03:33:08.020+0000][1][safepoint    ] Leaving safepoint region
[2022-06-13T03:33:08.021+0000][1][safepoint    ] Total time for which application threads were stopped: 0.0006039 seconds, Stopping threads took: 0.0001651 seconds
[2022-06-13T03:33:08.022+0000][1][safepoint    ] Application time: 0.0016171 seconds
[2022-06-13T03:33:08.023+0000][1][safepoint    ] Entering safepoint region: RevokeBias
[2022-06-13T03:33:08.023+0000][1][safepoint    ] Leaving safepoint region
[2022-06-13T03:33:08.024+0000][1][safepoint    ] Total time for which application threads were stopped: 0.0009957 seconds, Stopping threads took: 0.0004660 seconds
[2022-06-13T03:33:08.038+0000][1][safepoint    ] Application time: 0.0134487 seconds
[2022-06-13T03:33:08.038+0000][1][safepoint    ] Entering safepoint region: RevokeBias
[2022-06-13T03:33:08.038+0000][1][safepoint    ] Leaving safepoint region
[2022-06-13T03:33:08.038+0000][1][safepoint    ] Total time for which application threads were stopped: 0.0003686 seconds, Stopping threads took: 0.0001533 seconds
[2022-06-13T03:33:08.039+0000][1][safepoint    ] Application time: 0.0004793 seconds
[2022-06-13T03:33:08.039+0000][1][safepoint    ] Entering safepoint region: RevokeBias
[2022-06-13T03:33:08.040+0000][1][safepoint    ] Leaving safepoint region
[2022-06-13T03:33:08.040+0000][1][safepoint    ] Total time for which application threads were stopped: 0.0004966 seconds, Stopping threads took: 0.0002731 seconds
[2022-06-13T03:33:08.040+0000][1][safepoint    ] Application time: 0.0002898 seconds
[2022-06-13T03:33:08.040+0000][1][safepoint    ] Entering safepoint region: RevokeBias
[2022-06-13T03:33:08.041+0000][1][safepoint    ] Leaving safepoint region
[2022-06-13T03:33:08.041+0000][1][safepoint    ] Total time for which application threads were stopped: 0.0003492 seconds, Stopping threads took: 0.0001102 seconds
[2022-06-13T03:33:08.041+0000][1][safepoint    ] Application time: 0.0003970 seconds
[2022-06-13T03:33:08.042+0000][1][safepoint    ] Entering safepoint region: RevokeBias
[2022-06-13T03:33:08.042+0000][1][safepoint    ] Leaving safepoint region
[2022-06-13T03:33:08.042+0000][1][safepoint    ] Total time for which application threads were stopped: 0.0005339 seconds, Stopping threads took: 0.0002444 seconds
[2022-06-13T03:33:08.043+0000][1][safepoint    ] Application time: 0.0005155 seconds
[2022-06-13T03:33:08.043+0000][1][safepoint    ] Entering safepoint region: RevokeBias
[2022-06-13T03:33:08.043+0000][1][safepoint    ] Leaving safepoint region
[2022-06-13T03:33:08.043+0000][1][safepoint    ] Total time for which application threads were stopped: 0.0004657 seconds, Stopping threads took: 0.0002356 seconds
[2022-06-13T03:33:08.045+0000][1][safepoint    ] Application time: 0.0014630 seconds
[2022-06-13T03:33:08.045+0000][1][safepoint    ] Entering safepoint region: RevokeBias
[2022-06-13T03:33:08.045+0000][1][safepoint    ] Leaving safepoint region
[2022-06-13T03:33:08.046+0000][1][safepoint    ] Total time for which application threads were stopped: 0.0005504 seconds, Stopping threads took: 0.0002102 seconds
[2022-06-13T03:33:08.046+0000][1][safepoint    ] Application time: 0.0000271 seconds
[2022-06-13T03:33:08.046+0000][1][safepoint    ] Entering safepoint region: RevokeBias
[2022-06-13T03:33:08.047+0000][1][safepoint    ] Leaving safepoint region
[2022-06-13T03:33:08.047+0000][1][safepoint    ] Total time for which application threads were stopped: 0.0004785 seconds, Stopping threads took: 0.0002454 seconds
[2022-06-13T03:33:08.047+0000][1][safepoint    ] Application time: 0.0003244 seconds
[2022-06-13T03:33:08.047+0000][1][safepoint    ] Entering safepoint region: RevokeBias
[2022-06-13T03:33:08.048+0000][1][safepoint    ] Leaving safepoint region
[2022-06-13T03:33:08.048+0000][1][safepoint    ] Total time for which application threads were stopped: 0.0004075 seconds, Stopping threads took: 0.0001669 seconds
[2022-06-13T03:33:08.048+0000][1][safepoint    ] Application time: 0.0003139 seconds
[2022-06-13T03:33:08.048+0000][1][safepoint    ] Entering safepoint region: RevokeBias
[2022-06-13T03:33:08.049+0000][1][safepoint    ] Leaving safepoint region
[2022-06-13T03:33:08.049+0000][1][safepoint    ] Total time for which application threads were stopped: 0.0003684 seconds, Stopping threads took: 0.0001500 seconds
[2022-06-13T03:33:08.049+0000][1][safepoint    ] Application time: 0.0000917 seconds
[2022-06-13T03:33:08.049+0000][1][safepoint    ] Entering safepoint region: RevokeBias
[2022-06-13T03:33:08.050+0000][1][safepoint    ] Leaving safepoint region
[2022-06-13T03:33:08.050+0000][1][safepoint    ] Total time for which application threads were stopped: 0.0003621 seconds, Stopping threads took: 0.0002022 seconds
[2022-06-13T03:33:08.050+0000][1][safepoint    ] Application time: 0.0004881 seconds
[2022-06-13T03:33:08.051+0000][1][safepoint    ] Entering safepoint region: RevokeBias
[2022-06-13T03:33:08.051+0000][1][safepoint    ] Leaving safepoint region
[2022-06-13T03:33:08.051+0000][1][safepoint    ] Total time for which application threads were stopped: 0.0004419 seconds, Stopping threads took: 0.0003003 seconds
[2022-06-13T03:33:08.052+0000][1][safepoint    ] Application time: 0.0012499 seconds
[2022-06-13T03:33:08.053+0000][1][safepoint    ] Entering safepoint region: RevokeBias
[2022-06-13T03:33:08.053+0000][1][safepoint    ] Leaving safepoint region
[2022-06-13T03:33:08.053+0000][1][safepoint    ] Total time for which application threads were stopped: 0.0006000 seconds, Stopping threads took: 0.0003171 seconds
[2022-06-13T03:33:08.067+0000][1][safepoint    ] Application time: 0.0133421 seconds
[2022-06-13T03:33:08.067+0000][1][safepoint    ] Entering safepoint region: BulkRevokeBias
[2022-06-13T03:33:08.067+0000][1][safepoint    ] Leaving safepoint region
[2022-06-13T03:33:08.068+0000][1][safepoint    ] Total time for which application threads were stopped: 0.0009336 seconds, Stopping threads took: 0.0002990 seconds
[2022-06-13T03:33:08.069+0000][1][safepoint    ] Application time: 0.0005405 seconds
[2022-06-13T03:33:08.069+0000][1][safepoint    ] Entering safepoint region: RevokeBias
[2022-06-13T03:33:08.070+0000][1][safepoint    ] Leaving safepoint region
[2022-06-13T03:33:08.070+0000][1][safepoint    ] Total time for which application threads were stopped: 0.0009000 seconds, Stopping threads took: 0.0005449 seconds
[2022-06-13T03:33:08.070+0000][1][safepoint    ] Application time: 0.0001791 seconds
[2022-06-13T03:33:08.071+0000][1][safepoint    ] Entering safepoint region: RevokeBias
[2022-06-13T03:33:08.071+0000][1][safepoint    ] Leaving safepoint region
[2022-06-13T03:33:08.071+0000][1][safepoint    ] Total time for which application threads were stopped: 0.0009274 seconds, Stopping threads took: 0.0006400 seconds
[2022-06-13T03:33:08.072+0000][1][safepoint    ] Application time: 0.0002620 seconds
[2022-06-13T03:33:08.072+0000][1][safepoint    ] Entering safepoint region: RevokeBias
[2022-06-13T03:33:08.073+0000][1][safepoint    ] Leaving safepoint region
[2022-06-13T03:33:08.073+0000][1][safepoint    ] Total time for which application threads were stopped: 0.0008585 seconds, Stopping threads took: 0.0005815 seconds
[2022-06-13T03:33:08.073+0000][1][safepoint    ] Application time: 0.0002188 seconds
[2022-06-13T03:33:08.074+0000][1][safepoint    ] Entering safepoint region: RevokeBias
[2022-06-13T03:33:08.074+0000][1][safepoint    ] Leaving safepoint region
[2022-06-13T03:33:08.074+0000][1][safepoint    ] Total time for which application threads were stopped: 0.0007296 seconds, Stopping threads took: 0.0004029 seconds
[2022-06-13T03:33:08.075+0000][1][safepoint    ] Application time: 0.0001512 seconds
[2022-06-13T03:33:08.075+0000][1][safepoint    ] Entering safepoint region: RevokeBias
[2022-06-13T03:33:08.075+0000][1][safepoint    ] Leaving safepoint region
[2022-06-13T03:33:08.076+0000][1][safepoint    ] Total time for which application threads were stopped: 0.0006232 seconds, Stopping threads took: 0.0001885 seconds
[2022-06-13T03:33:08.076+0000][1][safepoint    ] Application time: 0.0002794 seconds
[2022-06-13T03:33:08.076+0000][1][safepoint    ] Entering safepoint region: RevokeBias
[2022-06-13T03:33:08.077+0000][1][safepoint    ] Leaving safepoint region
[2022-06-13T03:33:08.077+0000][1][safepoint    ] Total time for which application threads were stopped: 0.0008989 seconds, Stopping threads took: 0.0002244 seconds
[2022-06-13T03:33:08.078+0000][1][safepoint    ] Application time: 0.0004268 seconds
[2022-06-13T03:33:08.078+0000][1][safepoint    ] Entering safepoint region: BulkRevokeBias
[2022-06-13T03:33:08.078+0000][1][safepoint    ] Leaving safepoint region
[2022-06-13T03:33:08.079+0000][1][safepoint    ] Total time for which application threads were stopped: 0.0006932 seconds, Stopping threads took: 0.0001999 seconds
[2022-06-13T03:33:08.095+0000][1][safepoint    ] Application time: 0.0161001 seconds
[2022-06-13T03:33:08.095+0000][1][safepoint    ] Entering safepoint region: RevokeBias
[2022-06-13T03:33:08.096+0000][1][safepoint    ] Leaving safepoint region
[2022-06-13T03:33:08.096+0000][1][safepoint    ] Total time for which application threads were stopped: 0.0010163 seconds, Stopping threads took: 0.0004555 seconds
[2022-06-13T03:33:08.104+0000][1][safepoint    ] Application time: 0.0073014 seconds
[2022-06-13T03:33:08.104+0000][1][safepoint    ] Entering safepoint region: RevokeBias
[2022-06-13T03:33:08.105+0000][1][safepoint    ] Leaving safepoint region
[2022-06-13T03:33:08.105+0000][1][safepoint    ] Total time for which application threads were stopped: 0.0008284 seconds, Stopping threads took: 0.0003981 seconds
[2022-06-13T03:33:08.106+0000][1][safepoint    ] Application time: 0.0003241 seconds
[2022-06-13T03:33:08.106+0000][1][safepoint    ] Entering safepoint region: RevokeBias
[2022-06-13T03:33:08.107+0000][1][safepoint    ] Leaving safepoint region
[2022-06-13T03:33:08.107+0000][1][safepoint    ] Total time for which application threads were stopped: 0.0011392 seconds, Stopping threads took: 0.0006318 seconds
[2022-06-13T03:33:08.108+0000][1][safepoint    ] Application time: 0.0002463 seconds
[2022-06-13T03:33:08.109+0000][1][safepoint    ] Entering safepoint region: RevokeBias
[2022-06-13T03:33:08.109+0000][1][safepoint    ] Leaving safepoint region
[2022-06-13T03:33:08.110+0000][1][safepoint    ] Total time for which application threads were stopped: 0.0010046 seconds, Stopping threads took: 0.0004096 seconds
[2022-06-13T03:33:08.111+0000][1][safepoint    ] Application time: 0.0003639 seconds
[2022-06-13T03:33:08.111+0000][1][safepoint    ] Entering safepoint region: RevokeBias
[2022-06-13T03:33:08.112+0000][1][safepoint    ] Leaving safepoint region
[2022-06-13T03:33:08.112+0000][1][safepoint    ] Total time for which application threads were stopped: 0.0012826 seconds, Stopping threads took: 0.0006275 seconds
[2022-06-13T03:33:08.114+0000][1][safepoint    ] Application time: 0.0011315 seconds
[2022-06-13T03:33:08.115+0000][1][safepoint    ] Entering safepoint region: RevokeBias
[2022-06-13T03:33:08.115+0000][1][safepoint    ] Leaving safepoint region
[2022-06-13T03:33:08.116+0000][1][safepoint    ] Total time for which application threads were stopped: 0.0013302 seconds, Stopping threads took: 0.0006629 seconds
[2022-06-13T03:33:08.117+0000][1][safepoint    ] Application time: 0.0003243 seconds
[2022-06-13T03:33:08.117+0000][1][safepoint    ] Entering safepoint region: RevokeBias
[2022-06-13T03:33:08.118+0000][1][safepoint    ] Leaving safepoint region
[2022-06-13T03:33:08.119+0000][1][safepoint    ] Total time for which application threads were stopped: 0.0012615 seconds, Stopping threads took: 0.0006346 seconds
[2022-06-13T03:33:08.123+0000][1][safepoint    ] Application time: 0.0035976 seconds
[2022-06-13T03:33:08.123+0000][1][safepoint    ] Entering safepoint region: RevokeBias
[2022-06-13T03:33:08.124+0000][1][safepoint    ] Leaving safepoint region
[2022-06-13T03:33:08.125+0000][1][safepoint    ] Total time for which application threads were stopped: 0.0012753 seconds, Stopping threads took: 0.0006572 seconds
[2022-06-13T03:33:08.125+0000][1][safepoint    ] Application time: 0.0002920 seconds
[2022-06-13T03:33:08.126+0000][1][safepoint    ] Entering safepoint region: RevokeBias
[2022-06-13T03:33:08.126+0000][1][safepoint    ] Leaving safepoint region
[2022-06-13T03:33:08.127+0000][1][safepoint    ] Total time for which application threads were stopped: 0.0007557 seconds, Stopping threads took: 0.0004563 seconds
[2022-06-13T03:33:08.162+0000][1][safepoint    ] Application time: 0.0347781 seconds
[2022-06-13T03:33:08.162+0000][1][safepoint    ] Entering safepoint region: Deoptimize
[2022-06-13T03:33:08.163+0000][1][safepoint    ] Leaving safepoint region
[2022-06-13T03:33:08.164+0000][1][safepoint    ] Total time for which application threads were stopped: 0.0017198 seconds, Stopping threads took: 0.0006118 seconds
[2022-06-13T03:33:08.171+0000][1][safepoint    ] Application time: 0.0062383 seconds
[2022-06-13T03:33:08.172+0000][1][safepoint    ] Entering safepoint region: RevokeBias
[2022-06-13T03:33:08.172+0000][1][safepoint    ] Leaving safepoint region
[2022-06-13T03:33:08.173+0000][1][safepoint    ] Total time for which application threads were stopped: 0.0011812 seconds, Stopping threads took: 0.0005340 seconds
[2022-06-13T03:33:08.198+0000][1][safepoint    ] Application time: 0.0245771 seconds
[2022-06-13T03:33:08.198+0000][1][safepoint    ] Entering safepoint region: BulkRevokeBias
[2022-06-13T03:33:08.200+0000][1][safepoint    ] Leaving safepoint region
[2022-06-13T03:33:08.201+0000][1][safepoint    ] Total time for which application threads were stopped: 0.0020869 seconds, Stopping threads took: 0.0005889 seconds
[2022-06-13T03:33:08.201+0000][1][safepoint    ] Application time: 0.0003065 seconds
[2022-06-13T03:33:08.202+0000][1][safepoint    ] Entering safepoint region: RevokeBias
[2022-06-13T03:33:08.202+0000][1][safepoint    ] Leaving safepoint region
[2022-06-13T03:33:08.203+0000][1][safepoint    ] Total time for which application threads were stopped: 0.0009235 seconds, Stopping threads took: 0.0003776 seconds
[2022-06-13T03:33:08.209+0000][1][safepoint    ] Application time: 0.0058422 seconds
[2022-06-13T03:33:08.210+0000][1][safepoint    ] Entering safepoint region: RevokeBias
[2022-06-13T03:33:08.211+0000][1][safepoint    ] Leaving safepoint region
[2022-06-13T03:33:08.211+0000][1][safepoint    ] Total time for which application threads were stopped: 0.0012441 seconds, Stopping threads took: 0.0006556 seconds
[2022-06-13T03:33:08.213+0000][1][safepoint    ] Application time: 0.0002414 seconds
[2022-06-13T03:33:08.213+0000][1][safepoint    ] Entering safepoint region: BulkRevokeBias
[2022-06-13T03:33:08.214+0000][1][safepoint    ] Leaving safepoint region
[2022-06-13T03:33:08.215+0000][1][safepoint    ] Total time for which application threads were stopped: 0.0014145 seconds, Stopping threads took: 0.0005978 seconds
[2022-06-13T03:33:08.216+0000][1][safepoint    ] Application time: 0.0004231 seconds
[2022-06-13T03:33:08.216+0000][1][safepoint    ] Entering safepoint region: RevokeBias
[2022-06-13T03:33:08.217+0000][1][safepoint    ] Leaving safepoint region
[2022-06-13T03:33:08.217+0000][1][safepoint    ] Total time for which application threads were stopped: 0.0011766 seconds, Stopping threads took: 0.0006173 seconds
[2022-06-13T03:33:08.226+0000][1][safepoint    ] Application time: 0.0078345 seconds
[2022-06-13T03:33:08.226+0000][1][safepoint    ] Entering safepoint region: RevokeBias
[2022-06-13T03:33:08.227+0000][1][safepoint    ] Leaving safepoint region
[2022-06-13T03:33:08.227+0000][1][safepoint    ] Total time for which application threads were stopped: 0.0011093 seconds, Stopping threads took: 0.0005287 seconds
[2022-06-13T03:33:08.233+0000][1][safepoint    ] Application time: 0.0048822 seconds
[2022-06-13T03:33:08.233+0000][1][safepoint    ] Entering safepoint region: RevokeBias
[2022-06-13T03:33:08.234+0000][1][safepoint    ] Leaving safepoint region
[2022-06-13T03:33:08.234+0000][1][safepoint    ] Total time for which application threads were stopped: 0.0012005 seconds, Stopping threads took: 0.0007148 seconds
[2022-06-13T03:33:08.253+0000][1][safepoint    ] Application time: 0.0184657 seconds
[2022-06-13T03:33:08.254+0000][1][safepoint    ] Entering safepoint region: RevokeBias
[2022-06-13T03:33:08.255+0000][1][safepoint    ] Leaving safepoint region
[2022-06-13T03:33:08.255+0000][1][safepoint    ] Total time for which application threads were stopped: 0.0012493 seconds, Stopping threads took: 0.0006338 seconds
[2022-06-13T03:33:08.263+0000][1][safepoint    ] Application time: 0.0072446 seconds
[2022-06-13T03:33:08.263+0000][1][safepoint    ] Entering safepoint region: RevokeBias
[2022-06-13T03:33:08.264+0000][1][safepoint    ] Leaving safepoint region
[2022-06-13T03:33:08.264+0000][1][safepoint    ] Total time for which application threads were stopped: 0.0009977 seconds, Stopping threads took: 0.0004315 seconds
[2022-06-13T03:33:08.266+0000][1][safepoint    ] Application time: 0.0007319 seconds
[2022-06-13T03:33:08.266+0000][1][safepoint    ] Entering safepoint region: RevokeBias
[2022-06-13T03:33:08.268+0000][1][safepoint    ] Leaving safepoint region
[2022-06-13T03:33:08.268+0000][1][safepoint    ] Total time for which application threads were stopped: 0.0019452 seconds, Stopping threads took: 0.0012813 seconds
[2022-06-13T03:33:08.281+0000][1][safepoint    ] Application time: 0.0123795 seconds
[2022-06-13T03:33:08.282+0000][1][safepoint    ] Entering safepoint region: RevokeBias
[2022-06-13T03:33:08.282+0000][1][safepoint    ] Leaving safepoint region
[2022-06-13T03:33:08.282+0000][1][safepoint    ] Total time for which application threads were stopped: 0.0009592 seconds, Stopping threads took: 0.0005850 seconds
[2022-06-13T03:33:08.590+0000][1][safepoint    ] Application time: 0.3073451 seconds
[2022-06-13T03:33:08.590+0000][1][safepoint    ] Entering safepoint region: RevokeBias
[2022-06-13T03:33:08.590+0000][1][safepoint    ] Leaving safepoint region
[2022-06-13T03:33:08.591+0000][1][safepoint    ] Total time for which application threads were stopped: 0.0005109 seconds, Stopping threads took: 0.0002365 seconds
[2022-06-13T03:33:08.592+0000][1][safepoint    ] Application time: 0.0009483 seconds
[2022-06-13T03:33:08.592+0000][1][safepoint    ] Entering safepoint region: RevokeBias
[2022-06-13T03:33:08.593+0000][1][safepoint    ] Leaving safepoint region
[2022-06-13T03:33:08.593+0000][1][safepoint    ] Total time for which application threads were stopped: 0.0005677 seconds, Stopping threads took: 0.0003655 seconds
[2022-06-13T03:33:08.727+0000][1][safepoint    ] Application time: 0.1344914 seconds
[2022-06-13T03:33:08.728+0000][1][safepoint    ] Entering safepoint region: RevokeBias
[2022-06-13T03:33:08.728+0000][1][safepoint    ] Leaving safepoint region
[2022-06-13T03:33:08.729+0000][1][safepoint    ] Total time for which application threads were stopped: 0.0010313 seconds, Stopping threads took: 0.0005164 seconds
[2022-06-13T03:33:09.730+0000][1][safepoint    ] Application time: 1.0002883 seconds
[2022-06-13T03:33:09.730+0000][1][safepoint    ] Entering safepoint region: Cleanup
[2022-06-13T03:33:09.731+0000][1][safepoint    ] Leaving safepoint region
[2022-06-13T03:33:09.732+0000][1][safepoint    ] Total time for which application threads were stopped: 0.0013804 seconds, Stopping threads took: 0.0005577 seconds
[2022-06-13T03:33:10.733+0000][1][safepoint    ] Application time: 1.0002883 seconds
[2022-06-13T03:33:10.734+0000][1][safepoint    ] Entering safepoint region: Cleanup
[2022-06-13T03:33:10.734+0000][1][safepoint    ] Leaving safepoint region
[2022-06-13T03:33:10.735+0000][1][safepoint    ] Total time for which application threads were stopped: 0.0010571 seconds, Stopping threads took: 0.0004533 seconds
[2022-06-13T03:33:11.735+0000][1][safepoint    ] Application time: 1.0001958 seconds
[2022-06-13T03:33:11.736+0000][1][safepoint    ] Entering safepoint region: Cleanup
[2022-06-13T03:33:11.737+0000][1][safepoint    ] Leaving safepoint region
[2022-06-13T03:33:11.737+0000][1][safepoint    ] Total time for which application threads were stopped: 0.0013618 seconds, Stopping threads took: 0.0005471 seconds
[2022-06-13T03:33:12.679+0000][1][safepoint    ] Application time: 0.9408635 seconds
[2022-06-13T03:33:12.679+0000][1][safepoint    ] Entering safepoint region: GenCollectForAllocation
[2022-06-13T03:33:12.680+0000][1][gc,start     ] GC(22) Pause Young (Allocation Failure)
[2022-06-13T03:33:12.681+0000][1][gc,task      ] GC(22) Using 5 workers of 13 for evacuation
[2022-06-13T03:33:12.687+0000][1][gc,age       ] GC(22) Desired survivor size 4456448 bytes, new threshold 2 (max threshold 6)
[2022-06-13T03:33:12.687+0000][1][gc,age       ] GC(22) Age table with threshold 2 (max threshold 6)
[2022-06-13T03:33:12.688+0000][1][gc,age       ] GC(22) - age   1:    2878512 bytes,    2878512 total
[2022-06-13T03:33:12.688+0000][1][gc,age       ] GC(22) - age   2:    3656104 bytes,    6534616 total
[2022-06-13T03:33:12.688+0000][1][gc,heap      ] GC(22) ParNew: 76883K->8704K(78656K)
[2022-06-13T03:33:12.688+0000][1][gc,heap      ] GC(22) CMS: 62689K->64170K(174784K)
[2022-06-13T03:33:12.688+0000][1][gc,metaspace ] GC(22) Metaspace: 68022K->68022K(1112064K)
[2022-06-13T03:33:12.689+0000][1][gc           ] GC(22) Pause Young (Allocation Failure) 136M->71M(247M) 8.649ms
[2022-06-13T03:33:12.689+0000][1][gc,cpu       ] GC(22) User=0.02s Sys=0.00s Real=0.00s
[2022-06-13T03:33:12.689+0000][1][safepoint    ] Leaving safepoint region
[2022-06-13T03:33:12.690+0000][1][safepoint    ] Total time for which application threads were stopped: 0.0102027 seconds, Stopping threads took: 0.0004305 seconds
[2022-06-13T03:33:13.690+0000][1][safepoint    ] Application time: 1.0002759 seconds
[2022-06-13T03:33:13.691+0000][1][safepoint    ] Entering safepoint region: Cleanup
[2022-06-13T03:33:13.692+0000][1][safepoint    ] Leaving safepoint region
[2022-06-13T03:33:13.692+0000][1][safepoint    ] Total time for which application threads were stopped: 0.0012240 seconds, Stopping threads took: 0.0006712 seconds
[2022-06-13T03:33:14.693+0000][1][safepoint    ] Application time: 1.0001817 seconds
[2022-06-13T03:33:14.693+0000][1][safepoint    ] Entering safepoint region: Cleanup
[2022-06-13T03:33:14.694+0000][1][safepoint    ] Leaving safepoint region
[2022-06-13T03:33:14.694+0000][1][safepoint    ] Total time for which application threads were stopped: 0.0008365 seconds, Stopping threads took: 0.0004037 seconds
[2022-06-13T03:33:15.695+0000][1][safepoint    ] Application time: 1.0001162 seconds
[2022-06-13T03:33:15.695+0000][1][safepoint    ] Entering safepoint region: Cleanup
[2022-06-13T03:33:15.695+0000][1][safepoint    ] Leaving safepoint region
[2022-06-13T03:33:15.696+0000][1][safepoint    ] Total time for which application threads were stopped: 0.0006488 seconds, Stopping threads took: 0.0003043 seconds
[2022-06-13T03:33:16.696+0000][1][safepoint    ] Application time: 1.0002274 seconds
[2022-06-13T03:33:16.697+0000][1][safepoint    ] Entering safepoint region: Cleanup
[2022-06-13T03:33:16.697+0000][1][safepoint    ] Leaving safepoint region
[2022-06-13T03:33:16.698+0000][1][safepoint    ] Total time for which application threads were stopped: 0.0010125 seconds, Stopping threads took: 0.0003661 seconds
[2022-06-13T03:33:17.699+0000][1][safepoint    ] Application time: 1.0001032 seconds
[2022-06-13T03:33:17.699+0000][1][safepoint    ] Entering safepoint region: Cleanup
[2022-06-13T03:33:17.699+0000][1][safepoint    ] Leaving safepoint region
[2022-06-13T03:33:17.699+0000][1][safepoint    ] Total time for which application threads were stopped: 0.0004468 seconds, Stopping threads took: 0.0001636 seconds
[2022-06-13T03:33:18.700+0000][1][safepoint    ] Application time: 1.0001639 seconds
[2022-06-13T03:33:18.700+0000][1][safepoint    ] Entering safepoint region: Cleanup
[2022-06-13T03:33:18.701+0000][1][safepoint    ] Leaving safepoint region
[2022-06-13T03:33:18.701+0000][1][safepoint    ] Total time for which application threads were stopped: 0.0008738 seconds, Stopping threads took: 0.0003021 seconds
[2022-06-13T03:33:19.701+0000][1][safepoint    ] Application time: 1.0001960 seconds
[2022-06-13T03:33:19.702+0000][1][safepoint    ] Entering safepoint region: Cleanup
[2022-06-13T03:33:19.702+0000][1][safepoint    ] Leaving safepoint region
[2022-06-13T03:33:19.702+0000][1][safepoint    ] Total time for which application threads were stopped: 0.0005320 seconds, Stopping threads took: 0.0001980 seconds
[2022-06-13T03:33:20.703+0000][1][safepoint    ] Application time: 1.0003089 seconds
[2022-06-13T03:33:20.703+0000][1][safepoint    ] Entering safepoint region: Cleanup
[2022-06-13T03:33:20.704+0000][1][safepoint    ] Leaving safepoint region
[2022-06-13T03:33:20.704+0000][1][safepoint    ] Total time for which application threads were stopped: 0.0011217 seconds, Stopping threads took: 0.0005811 seconds
[2022-06-13T03:33:21.705+0000][1][safepoint    ] Application time: 1.0001777 seconds
[2022-06-13T03:33:21.705+0000][1][safepoint    ] Entering safepoint region: Cleanup
[2022-06-13T03:33:21.706+0000][1][safepoint    ] Leaving safepoint region
[2022-06-13T03:33:21.707+0000][1][safepoint    ] Total time for which application threads were stopped: 0.0011012 seconds, Stopping threads took: 0.0005173 seconds
[2022-06-13T03:33:22.707+0000][1][safepoint    ] Application time: 1.0001808 seconds
[2022-06-13T03:33:22.708+0000][1][safepoint    ] Entering safepoint region: Cleanup
[2022-06-13T03:33:22.708+0000][1][safepoint    ] Leaving safepoint region
[2022-06-13T03:33:22.708+0000][1][safepoint    ] Total time for which application threads were stopped: 0.0004498 seconds, Stopping threads took: 0.0002447 seconds
[2022-06-13T03:33:23.708+0000][1][safepoint    ] Application time: 1.0001320 seconds
[2022-06-13T03:33:23.709+0000][1][safepoint    ] Entering safepoint region: Cleanup
[2022-06-13T03:33:23.709+0000][1][safepoint    ] Leaving safepoint region
[2022-06-13T03:33:23.709+0000][1][safepoint    ] Total time for which application threads were stopped: 0.0006784 seconds, Stopping threads took: 0.0003316 seconds
[2022-06-13T03:33:24.710+0000][1][safepoint    ] Application time: 1.0001401 seconds
[2022-06-13T03:33:24.710+0000][1][safepoint    ] Entering safepoint region: Cleanup
[2022-06-13T03:33:24.710+0000][1][safepoint    ] Leaving safepoint region
[2022-06-13T03:33:24.710+0000][1][safepoint    ] Total time for which application threads were stopped: 0.0003248 seconds, Stopping threads took: 0.0001527 seconds
[2022-06-13T03:33:25.711+0000][1][safepoint    ] Application time: 1.0001881 seconds
[2022-06-13T03:33:25.711+0000][1][safepoint    ] Entering safepoint region: Cleanup
[2022-06-13T03:33:25.711+0000][1][safepoint    ] Leaving safepoint region
[2022-06-13T03:33:25.712+0000][1][safepoint    ] Total time for which application threads were stopped: 0.0006510 seconds, Stopping threads took: 0.0003380 seconds
[2022-06-13T03:33:26.712+0000][1][safepoint    ] Application time: 1.0002175 seconds
[2022-06-13T03:33:26.713+0000][1][safepoint    ] Entering safepoint region: Cleanup
[2022-06-13T03:33:26.713+0000][1][safepoint    ] Leaving safepoint region
[2022-06-13T03:33:26.714+0000][1][safepoint    ] Total time for which application threads were stopped: 0.0010411 seconds, Stopping threads took: 0.0004385 seconds
[2022-06-13T03:33:27.714+0000][1][safepoint    ] Application time: 1.0002433 seconds
[2022-06-13T03:33:27.715+0000][1][safepoint    ] Entering safepoint region: Cleanup
[2022-06-13T03:33:27.716+0000][1][safepoint    ] Leaving safepoint region
[2022-06-13T03:33:27.717+0000][1][safepoint    ] Total time for which application threads were stopped: 0.0014293 seconds, Stopping threads took: 0.0005699 seconds
[2022-06-13T03:33:28.717+0000][1][safepoint    ] Application time: 1.0001239 seconds
[2022-06-13T03:33:28.717+0000][1][safepoint    ] Entering safepoint region: Cleanup
[2022-06-13T03:33:28.718+0000][1][safepoint    ] Leaving safepoint region
[2022-06-13T03:33:28.718+0000][1][safepoint    ] Total time for which application threads were stopped: 0.0004038 seconds, Stopping threads took: 0.0001652 seconds
[2022-06-13T03:33:29.718+0000][1][safepoint    ] Application time: 1.0001367 seconds
[2022-06-13T03:33:29.719+0000][1][safepoint    ] Entering safepoint region: Cleanup
[2022-06-13T03:33:29.719+0000][1][safepoint    ] Leaving safepoint region
[2022-06-13T03:33:29.720+0000][1][safepoint    ] Total time for which application threads were stopped: 0.0015136 seconds, Stopping threads took: 0.0008024 seconds
[2022-06-13T03:33:30.721+0000][1][safepoint    ] Application time: 1.0001403 seconds
[2022-06-13T03:33:30.721+0000][1][safepoint    ] Entering safepoint region: Cleanup
[2022-06-13T03:33:30.722+0000][1][safepoint    ] Leaving safepoint region
[2022-06-13T03:33:30.722+0000][1][safepoint    ] Total time for which application threads were stopped: 0.0007290 seconds, Stopping threads took: 0.0003047 seconds
[2022-06-13T03:33:31.722+0000][1][safepoint    ] Application time: 1.0001785 seconds
[2022-06-13T03:33:31.723+0000][1][safepoint    ] Entering safepoint region: Cleanup
[2022-06-13T03:33:31.723+0000][1][safepoint    ] Leaving safepoint region
[2022-06-13T03:33:31.724+0000][1][safepoint    ] Total time for which application threads were stopped: 0.0008058 seconds, Stopping threads took: 0.0004191 seconds
[2022-06-13T03:33:32.724+0000][1][safepoint    ] Application time: 1.0001855 seconds
[2022-06-13T03:33:32.724+0000][1][safepoint    ] Entering safepoint region: Cleanup
[2022-06-13T03:33:32.725+0000][1][safepoint    ] Leaving safepoint region
[2022-06-13T03:33:32.725+0000][1][safepoint    ] Total time for which application threads were stopped: 0.0003564 seconds, Stopping threads took: 0.0001738 seconds
[2022-06-13T03:33:33.725+0000][1][safepoint    ] Application time: 1.0001167 seconds
[2022-06-13T03:33:33.725+0000][1][safepoint    ] Entering safepoint region: Cleanup
[2022-06-13T03:33:33.726+0000][1][safepoint    ] Leaving safepoint region
[2022-06-13T03:33:33.726+0000][1][safepoint    ] Total time for which application threads were stopped: 0.0009097 seconds, Stopping threads took: 0.0003906 seconds
[2022-06-13T03:33:34.727+0000][1][safepoint    ] Application time: 1.0002115 seconds
[2022-06-13T03:33:34.727+0000][1][safepoint    ] Entering safepoint region: Cleanup
[2022-06-13T03:33:34.728+0000][1][safepoint    ] Leaving safepoint region
[2022-06-13T03:33:34.728+0000][1][safepoint    ] Total time for which application threads were stopped: 0.0008987 seconds, Stopping threads took: 0.0004042 seconds
[2022-06-13T03:33:35.729+0000][1][safepoint    ] Application time: 1.0001856 seconds
[2022-06-13T03:33:35.729+0000][1][safepoint    ] Entering safepoint region: Cleanup
[2022-06-13T03:33:35.729+0000][1][safepoint    ] Leaving safepoint region
[2022-06-13T03:33:35.730+0000][1][safepoint    ] Total time for which application threads were stopped: 0.0004305 seconds, Stopping threads took: 0.0002253 seconds
[2022-06-13T03:33:36.730+0000][1][safepoint    ] Application time: 1.0002236 seconds
[2022-06-13T03:33:36.730+0000][1][safepoint    ] Entering safepoint region: Cleanup
[2022-06-13T03:33:36.731+0000][1][safepoint    ] Leaving safepoint region
[2022-06-13T03:33:36.731+0000][1][safepoint    ] Total time for which application threads were stopped: 0.0011181 seconds, Stopping threads took: 0.0005016 seconds
[2022-06-13T03:33:37.732+0000][1][safepoint    ] Application time: 1.0001550 seconds
[2022-06-13T03:33:37.733+0000][1][safepoint    ] Entering safepoint region: Cleanup
[2022-06-13T03:33:37.733+0000][1][safepoint    ] Leaving safepoint region
[2022-06-13T03:33:37.734+0000][1][safepoint    ] Total time for which application threads were stopped: 0.0008965 seconds, Stopping threads took: 0.0003394 seconds
[2022-06-13T03:33:38.734+0000][1][safepoint    ] Application time: 1.0001663 seconds
[2022-06-13T03:33:38.734+0000][1][safepoint    ] Entering safepoint region: Cleanup
[2022-06-13T03:33:38.735+0000][1][safepoint    ] Leaving safepoint region
[2022-06-13T03:33:38.735+0000][1][safepoint    ] Total time for which application threads were stopped: 0.0006551 seconds, Stopping threads took: 0.0003586 seconds
[2022-06-13T03:33:39.735+0000][1][safepoint    ] Application time: 1.0002637 seconds
[2022-06-13T03:33:39.736+0000][1][safepoint    ] Entering safepoint region: Cleanup
[2022-06-13T03:33:39.737+0000][1][safepoint    ] Leaving safepoint region
[2022-06-13T03:33:39.737+0000][1][safepoint    ] Total time for which application threads were stopped: 0.0010446 seconds, Stopping threads took: 0.0005077 seconds
[2022-06-13T03:33:40.738+0000][1][safepoint    ] Application time: 1.0002375 seconds
[2022-06-13T03:33:40.738+0000][1][safepoint    ] Entering safepoint region: Cleanup
[2022-06-13T03:33:40.739+0000][1][safepoint    ] Leaving safepoint region
[2022-06-13T03:33:40.739+0000][1][safepoint    ] Total time for which application threads were stopped: 0.0008454 seconds, Stopping threads took: 0.0003532 seconds
[2022-06-13T03:33:41.740+0000][1][safepoint    ] Application time: 1.0001167 seconds
[2022-06-13T03:33:41.740+0000][1][safepoint    ] Entering safepoint region: Cleanup
[2022-06-13T03:33:41.741+0000][1][safepoint    ] Leaving safepoint region
[2022-06-13T03:33:41.741+0000][1][safepoint    ] Total time for which application threads were stopped: 0.0011172 seconds, Stopping threads took: 0.0004873 seconds
[2022-06-13T03:33:42.742+0000][1][safepoint    ] Application time: 1.0001407 seconds
[2022-06-13T03:33:42.742+0000][1][safepoint    ] Entering safepoint region: Cleanup
[2022-06-13T03:33:42.742+0000][1][safepoint    ] Leaving safepoint region
[2022-06-13T03:33:42.743+0000][1][safepoint    ] Total time for which application threads were stopped: 0.0004146 seconds, Stopping threads took: 0.0001889 seconds
[2022-06-13T03:33:43.743+0000][1][safepoint    ] Application time: 1.0002569 seconds
[2022-06-13T03:33:43.744+0000][1][safepoint    ] Entering safepoint region: Cleanup
[2022-06-13T03:33:43.744+0000][1][safepoint    ] Leaving safepoint region
[2022-06-13T03:33:43.745+0000][1][safepoint    ] Total time for which application threads were stopped: 0.0011703 seconds, Stopping threads took: 0.0005890 seconds
[2022-06-13T03:33:44.745+0000][1][safepoint    ] Application time: 1.0001744 seconds
[2022-06-13T03:33:44.746+0000][1][safepoint    ] Entering safepoint region: Cleanup
[2022-06-13T03:33:44.747+0000][1][safepoint    ] Leaving safepoint region
[2022-06-13T03:33:44.747+0000][1][safepoint    ] Total time for which application threads were stopped: 0.0010878 seconds, Stopping threads took: 0.0005768 seconds
[2022-06-13T03:33:45.748+0000][1][safepoint    ] Application time: 1.0002514 seconds
[2022-06-13T03:33:45.749+0000][1][safepoint    ] Entering safepoint region: Cleanup
[2022-06-13T03:33:45.749+0000][1][safepoint    ] Leaving safepoint region
[2022-06-13T03:33:45.749+0000][1][safepoint    ] Total time for which application threads were stopped: 0.0009058 seconds, Stopping threads took: 0.0005266 seconds
[2022-06-13T03:33:46.750+0000][1][safepoint    ] Application time: 1.0003073 seconds
[2022-06-13T03:33:46.750+0000][1][safepoint    ] Entering safepoint region: Cleanup
[2022-06-13T03:33:46.751+0000][1][safepoint    ] Leaving safepoint region
[2022-06-13T03:33:46.751+0000][1][safepoint    ] Total time for which application threads were stopped: 0.0007900 seconds, Stopping threads took: 0.0002262 seconds
[2022-06-13T03:33:47.752+0000][1][safepoint    ] Application time: 1.0001962 seconds
[2022-06-13T03:33:47.753+0000][1][safepoint    ] Entering safepoint region: Cleanup
[2022-06-13T03:33:47.753+0000][1][safepoint    ] Leaving safepoint region
[2022-06-13T03:33:47.753+0000][1][safepoint    ] Total time for which application threads were stopped: 0.0007241 seconds, Stopping threads took: 0.0003348 seconds
[2022-06-13T03:33:48.754+0000][1][safepoint    ] Application time: 1.0002529 seconds
[2022-06-13T03:33:48.755+0000][1][safepoint    ] Entering safepoint region: Cleanup
[2022-06-13T03:33:48.755+0000][1][safepoint    ] Leaving safepoint region
[2022-06-13T03:33:48.755+0000][1][safepoint    ] Total time for which application threads were stopped: 0.0007104 seconds, Stopping threads took: 0.0003783 seconds
[2022-06-13T03:33:49.756+0000][1][safepoint    ] Application time: 1.0001823 seconds
[2022-06-13T03:33:49.756+0000][1][safepoint    ] Entering safepoint region: Cleanup
[2022-06-13T03:33:49.757+0000][1][safepoint    ] Leaving safepoint region
[2022-06-13T03:33:49.757+0000][1][safepoint    ] Total time for which application threads were stopped: 0.0009497 seconds, Stopping threads took: 0.0004242 seconds
[2022-06-13T03:33:50.758+0000][1][safepoint    ] Application time: 1.0002853 seconds
[2022-06-13T03:33:50.758+0000][1][safepoint    ] Entering safepoint region: Cleanup
[2022-06-13T03:33:50.759+0000][1][safepoint    ] Leaving safepoint region
[2022-06-13T03:33:50.760+0000][1][safepoint    ] Total time for which application threads were stopped: 0.0013976 seconds, Stopping threads took: 0.0006589 seconds
[2022-06-13T03:33:51.760+0000][1][safepoint    ] Application time: 1.0002147 seconds
[2022-06-13T03:33:51.761+0000][1][safepoint    ] Entering safepoint region: Cleanup
[2022-06-13T03:33:51.761+0000][1][safepoint    ] Leaving safepoint region
[2022-06-13T03:33:51.762+0000][1][safepoint    ] Total time for which application threads were stopped: 0.0007523 seconds, Stopping threads took: 0.0003731 seconds
[2022-06-13T03:33:52.762+0000][1][safepoint    ] Application time: 1.0002290 seconds
[2022-06-13T03:33:52.763+0000][1][safepoint    ] Entering safepoint region: Cleanup
[2022-06-13T03:33:52.763+0000][1][safepoint    ] Leaving safepoint region
[2022-06-13T03:33:52.764+0000][1][safepoint    ] Total time for which application threads were stopped: 0.0011612 seconds, Stopping threads took: 0.0005884 seconds
[2022-06-13T03:33:53.764+0000][1][safepoint    ] Application time: 1.0001564 seconds
[2022-06-13T03:33:53.765+0000][1][safepoint    ] Entering safepoint region: Cleanup
[2022-06-13T03:33:53.765+0000][1][safepoint    ] Leaving safepoint region
[2022-06-13T03:33:53.765+0000][1][safepoint    ] Total time for which application threads were stopped: 0.0006505 seconds, Stopping threads took: 0.0003777 seconds
[2022-06-13T03:33:54.766+0000][1][safepoint    ] Application time: 1.0001991 seconds
[2022-06-13T03:33:54.767+0000][1][safepoint    ] Entering safepoint region: Cleanup
[2022-06-13T03:33:54.767+0000][1][safepoint    ] Leaving safepoint region
[2022-06-13T03:33:54.767+0000][1][safepoint    ] Total time for which application threads were stopped: 0.0009192 seconds, Stopping threads took: 0.0004486 seconds
[2022-06-13T03:33:55.768+0000][1][safepoint    ] Application time: 1.0003076 seconds
[2022-06-13T03:33:55.769+0000][1][safepoint    ] Entering safepoint region: Cleanup
[2022-06-13T03:33:55.770+0000][1][safepoint    ] Leaving safepoint region
[2022-06-13T03:33:55.770+0000][1][safepoint    ] Total time for which application threads were stopped: 0.0010541 seconds, Stopping threads took: 0.0005914 seconds
[2022-06-13T03:33:56.771+0000][1][safepoint    ] Application time: 1.0002660 seconds
[2022-06-13T03:33:56.771+0000][1][safepoint    ] Entering safepoint region: Cleanup
[2022-06-13T03:33:56.772+0000][1][safepoint    ] Leaving safepoint region
[2022-06-13T03:33:56.772+0000][1][safepoint    ] Total time for which application threads were stopped: 0.0007303 seconds, Stopping threads took: 0.0002998 seconds
[2022-06-13T03:33:57.773+0000][1][safepoint    ] Application time: 1.0002902 seconds
[2022-06-13T03:33:57.773+0000][1][safepoint    ] Entering safepoint region: Cleanup
[2022-06-13T03:33:57.774+0000][1][safepoint    ] Leaving safepoint region
[2022-06-13T03:33:57.774+0000][1][safepoint    ] Total time for which application threads were stopped: 0.0005548 seconds, Stopping threads took: 0.0002485 seconds
[2022-06-13T03:33:58.774+0000][1][safepoint    ] Application time: 1.0002287 seconds
[2022-06-13T03:33:58.775+0000][1][safepoint    ] Entering safepoint region: Cleanup
[2022-06-13T03:33:58.776+0000][1][safepoint    ] Leaving safepoint region
[2022-06-13T03:33:58.776+0000][1][safepoint    ] Total time for which application threads were stopped: 0.0012768 seconds, Stopping threads took: 0.0005376 seconds
[2022-06-13T03:33:59.777+0000][1][safepoint    ] Application time: 1.0002463 seconds
[2022-06-13T03:33:59.778+0000][1][safepoint    ] Entering safepoint region: Cleanup
[2022-06-13T03:33:59.778+0000][1][safepoint    ] Leaving safepoint region
[2022-06-13T03:33:59.778+0000][1][safepoint    ] Total time for which application threads were stopped: 0.0009404 seconds, Stopping threads took: 0.0004119 seconds
[2022-06-13T03:34:00.779+0000][1][safepoint    ] Application time: 1.0003017 seconds
[2022-06-13T03:34:00.779+0000][1][safepoint    ] Entering safepoint region: Cleanup
[2022-06-13T03:34:00.780+0000][1][safepoint    ] Leaving safepoint region
[2022-06-13T03:34:00.780+0000][1][safepoint    ] Total time for which application threads were stopped: 0.0007032 seconds, Stopping threads took: 0.0003250 seconds
[2022-06-13T03:34:01.780+0000][1][safepoint    ] Application time: 1.0001161 seconds
[2022-06-13T03:34:01.781+0000][1][safepoint    ] Entering safepoint region: Cleanup
[2022-06-13T03:34:01.781+0000][1][safepoint    ] Leaving safepoint region
[2022-06-13T03:34:01.781+0000][1][safepoint    ] Total time for which application threads were stopped: 0.0005068 seconds, Stopping threads took: 0.0002487 seconds
[2022-06-13T03:34:02.782+0000][1][safepoint    ] Application time: 1.0002076 seconds
[2022-06-13T03:34:02.782+0000][1][safepoint    ] Entering safepoint region: Cleanup
[2022-06-13T03:34:02.783+0000][1][safepoint    ] Leaving safepoint region
[2022-06-13T03:34:02.783+0000][1][safepoint    ] Total time for which application threads were stopped: 0.0009589 seconds, Stopping threads took: 0.0004316 seconds
[2022-06-13T03:34:03.784+0000][1][safepoint    ] Application time: 1.0001482 seconds
[2022-06-13T03:34:03.784+0000][1][safepoint    ] Entering safepoint region: Cleanup
[2022-06-13T03:34:03.784+0000][1][safepoint    ] Leaving safepoint region
[2022-06-13T03:34:03.784+0000][1][safepoint    ] Total time for which application threads were stopped: 0.0004871 seconds, Stopping threads took: 0.0002653 seconds
[2022-06-13T03:34:04.785+0000][1][safepoint    ] Application time: 1.0002414 seconds
[2022-06-13T03:34:04.785+0000][1][safepoint    ] Entering safepoint region: Cleanup
[2022-06-13T03:34:04.786+0000][1][safepoint    ] Leaving safepoint region
[2022-06-13T03:34:04.786+0000][1][safepoint    ] Total time for which application threads were stopped: 0.0005920 seconds, Stopping threads took: 0.0002543 seconds
[2022-06-13T03:34:05.786+0000][1][safepoint    ] Application time: 1.0001872 seconds
[2022-06-13T03:34:05.787+0000][1][safepoint    ] Entering safepoint region: Cleanup
[2022-06-13T03:34:05.787+0000][1][safepoint    ] Leaving safepoint region
[2022-06-13T03:34:05.788+0000][1][safepoint    ] Total time for which application threads were stopped: 0.0010300 seconds, Stopping threads took: 0.0005158 seconds
[2022-06-13T03:34:06.788+0000][1][safepoint    ] Application time: 1.0001612 seconds
[2022-06-13T03:34:06.789+0000][1][safepoint    ] Entering safepoint region: Cleanup
[2022-06-13T03:34:06.789+0000][1][safepoint    ] Leaving safepoint region
[2022-06-13T03:34:06.790+0000][1][safepoint    ] Total time for which application threads were stopped: 0.0008834 seconds, Stopping threads took: 0.0003596 seconds
[2022-06-13T03:34:07.461+0000][1][safepoint    ] Application time: 0.6709990 seconds
[2022-06-13T03:34:07.461+0000][1][safepoint    ] Entering safepoint region: RevokeBias
[2022-06-13T03:34:07.462+0000][1][safepoint    ] Leaving safepoint region
[2022-06-13T03:34:07.462+0000][1][safepoint    ] Total time for which application threads were stopped: 0.0007845 seconds, Stopping threads took: 0.0003606 seconds
[2022-06-13T03:34:08.793+0000][1][safepoint    ] Application time: 1.3305158 seconds
[2022-06-13T03:34:08.793+0000][1][safepoint    ] Entering safepoint region: Cleanup
[2022-06-13T03:34:08.794+0000][1][safepoint    ] Leaving safepoint region
[2022-06-13T03:34:08.794+0000][1][safepoint    ] Total time for which application threads were stopped: 0.0005247 seconds, Stopping threads took: 0.0002240 seconds
[2022-06-13T03:34:09.794+0000][1][safepoint    ] Application time: 1.0002415 seconds
[2022-06-13T03:34:09.795+0000][1][safepoint    ] Entering safepoint region: Cleanup
[2022-06-13T03:34:09.795+0000][1][safepoint    ] Leaving safepoint region
[2022-06-13T03:34:09.796+0000][1][safepoint    ] Total time for which application threads were stopped: 0.0009406 seconds, Stopping threads took: 0.0003330 seconds
[2022-06-13T03:34:10.796+0000][1][safepoint    ] Application time: 1.0003235 seconds
[2022-06-13T03:34:10.797+0000][1][safepoint    ] Entering safepoint region: Cleanup
[2022-06-13T03:34:10.797+0000][1][safepoint    ] Leaving safepoint region
[2022-06-13T03:34:10.798+0000][1][safepoint    ] Total time for which application threads were stopped: 0.0009052 seconds, Stopping threads took: 0.0004329 seconds
[2022-06-13T03:34:12.799+0000][1][safepoint    ] Application time: 2.0003857 seconds
[2022-06-13T03:34:12.799+0000][1][safepoint    ] Entering safepoint region: Cleanup
[2022-06-13T03:34:12.799+0000][1][safepoint    ] Leaving safepoint region
[2022-06-13T03:34:12.799+0000][1][safepoint    ] Total time for which application threads were stopped: 0.0006012 seconds, Stopping threads took: 0.0001901 seconds
[2022-06-13T03:34:16.801+0000][1][safepoint    ] Application time: 4.0009225 seconds
[2022-06-13T03:34:16.801+0000][1][safepoint    ] Entering safepoint region: Cleanup
[2022-06-13T03:34:16.802+0000][1][safepoint    ] Leaving safepoint region
[2022-06-13T03:34:16.802+0000][1][safepoint    ] Total time for which application threads were stopped: 0.0011428 seconds, Stopping threads took: 0.0004861 seconds
[2022-06-13T03:34:17.803+0000][1][safepoint    ] Application time: 1.0003959 seconds
[2022-06-13T03:34:17.804+0000][1][safepoint    ] Entering safepoint region: Cleanup
[2022-06-13T03:34:17.805+0000][1][safepoint    ] Leaving safepoint region
[2022-06-13T03:34:17.805+0000][1][safepoint    ] Total time for which application threads were stopped: 0.0009805 seconds, Stopping threads took: 0.0004990 seconds
[2022-06-13T03:34:18.805+0000][1][safepoint    ] Application time: 1.0001034 seconds
[2022-06-13T03:34:18.806+0000][1][safepoint    ] Entering safepoint region: Cleanup
[2022-06-13T03:34:18.806+0000][1][safepoint    ] Leaving safepoint region
[2022-06-13T03:34:18.807+0000][1][safepoint    ] Total time for which application threads were stopped: 0.0011482 seconds, Stopping threads took: 0.0005550 seconds
[2022-06-13T03:34:19.808+0000][1][safepoint    ] Application time: 1.0001996 seconds
[2022-06-13T03:34:19.808+0000][1][safepoint    ] Entering safepoint region: Cleanup
[2022-06-13T03:34:19.809+0000][1][safepoint    ] Leaving safepoint region
[2022-06-13T03:34:19.810+0000][1][safepoint    ] Total time for which application threads were stopped: 0.0013286 seconds, Stopping threads took: 0.0006680 seconds
[2022-06-13T03:34:21.811+0000][1][safepoint    ] Application time: 2.0004755 seconds
[2022-06-13T03:34:21.811+0000][1][safepoint    ] Entering safepoint region: Cleanup
[2022-06-13T03:34:21.812+0000][1][safepoint    ] Leaving safepoint region
[2022-06-13T03:34:21.813+0000][1][safepoint    ] Total time for which application threads were stopped: 0.0014136 seconds, Stopping threads took: 0.0006521 seconds
[2022-06-13T03:34:22.814+0000][1][safepoint    ] Application time: 1.0003217 seconds
[2022-06-13T03:34:22.814+0000][1][safepoint    ] Entering safepoint region: Cleanup
[2022-06-13T03:34:22.815+0000][1][safepoint    ] Leaving safepoint region
[2022-06-13T03:34:22.815+0000][1][safepoint    ] Total time for which application threads were stopped: 0.0008114 seconds, Stopping threads took: 0.0003739 seconds
[2022-06-13T03:34:24.816+0000][1][safepoint    ] Application time: 2.0004160 seconds
[2022-06-13T03:34:24.816+0000][1][safepoint    ] Entering safepoint region: Cleanup
[2022-06-13T03:34:24.817+0000][1][safepoint    ] Leaving safepoint region
[2022-06-13T03:34:24.817+0000][1][safepoint    ] Total time for which application threads were stopped: 0.0007199 seconds, Stopping threads took: 0.0002593 seconds
[2022-06-13T03:34:28.818+0000][1][safepoint    ] Application time: 4.0007237 seconds
[2022-06-13T03:34:28.818+0000][1][safepoint    ] Entering safepoint region: Cleanup
[2022-06-13T03:34:28.819+0000][1][safepoint    ] Leaving safepoint region
[2022-06-13T03:34:28.819+0000][1][safepoint    ] Total time for which application threads were stopped: 0.0005562 seconds, Stopping threads took: 0.0002500 seconds
[2022-06-13T03:34:29.819+0000][1][safepoint    ] Application time: 1.0002613 seconds
[2022-06-13T03:34:29.820+0000][1][safepoint    ] Entering safepoint region: Cleanup
[2022-06-13T03:34:29.821+0000][1][safepoint    ] Leaving safepoint region
[2022-06-13T03:34:29.821+0000][1][safepoint    ] Total time for which application threads were stopped: 0.0014657 seconds, Stopping threads took: 0.0006350 seconds
[2022-06-13T03:34:33.823+0000][1][safepoint    ] Application time: 4.0008318 seconds
[2022-06-13T03:34:33.823+0000][1][safepoint    ] Entering safepoint region: Cleanup
[2022-06-13T03:34:33.824+0000][1][safepoint    ] Leaving safepoint region
[2022-06-13T03:34:33.824+0000][1][safepoint    ] Total time for which application threads were stopped: 0.0008707 seconds, Stopping threads took: 0.0004183 seconds
[2022-06-13T03:34:34.824+0000][1][safepoint    ] Application time: 1.0001156 seconds
[2022-06-13T03:34:34.825+0000][1][safepoint    ] Entering safepoint region: Cleanup
[2022-06-13T03:34:34.825+0000][1][safepoint    ] Leaving safepoint region
[2022-06-13T03:34:34.826+0000][1][safepoint    ] Total time for which application threads were stopped: 0.0008054 seconds, Stopping threads took: 0.0003804 seconds
[2022-06-13T03:34:37.468+0000][1][safepoint    ] Application time: 2.6420565 seconds
[2022-06-13T03:34:37.468+0000][1][safepoint    ] Entering safepoint region: RevokeBias
[2022-06-13T03:34:37.469+0000][1][safepoint    ] Leaving safepoint region
[2022-06-13T03:34:37.469+0000][1][safepoint    ] Total time for which application threads were stopped: 0.0006718 seconds, Stopping threads took: 0.0003075 seconds
[2022-06-13T03:34:37.469+0000][1][safepoint    ] Application time: 0.0001339 seconds
[2022-06-13T03:34:37.470+0000][1][safepoint    ] Entering safepoint region: RevokeBias
[2022-06-13T03:34:37.470+0000][1][safepoint    ] Leaving safepoint region
[2022-06-13T03:34:37.470+0000][1][safepoint    ] Total time for which application threads were stopped: 0.0007296 seconds, Stopping threads took: 0.0003266 seconds
[2022-06-13T03:34:38.471+0000][1][safepoint    ] Application time: 1.0002369 seconds
[2022-06-13T03:34:38.471+0000][1][safepoint    ] Entering safepoint region: Cleanup
[2022-06-13T03:34:38.472+0000][1][safepoint    ] Leaving safepoint region
[2022-06-13T03:34:38.472+0000][1][safepoint    ] Total time for which application threads were stopped: 0.0008935 seconds, Stopping threads took: 0.0003699 seconds
[2022-06-13T03:34:39.473+0000][1][safepoint    ] Application time: 1.0001283 seconds
[2022-06-13T03:34:39.473+0000][1][safepoint    ] Entering safepoint region: Cleanup
[2022-06-13T03:34:39.473+0000][1][safepoint    ] Leaving safepoint region
[2022-06-13T03:34:39.473+0000][1][safepoint    ] Total time for which application threads were stopped: 0.0005537 seconds, Stopping threads took: 0.0001251 seconds
[2022-06-13T03:34:40.474+0000][1][safepoint    ] Application time: 1.0001980 seconds
[2022-06-13T03:34:40.474+0000][1][safepoint    ] Entering safepoint region: Cleanup
[2022-06-13T03:34:40.474+0000][1][safepoint    ] Leaving safepoint region
[2022-06-13T03:34:40.474+0000][1][safepoint    ] Total time for which application threads were stopped: 0.0003921 seconds, Stopping threads took: 0.0001823 seconds
[2022-06-13T03:34:41.475+0000][1][safepoint    ] Application time: 1.0001066 seconds
[2022-06-13T03:34:41.475+0000][1][safepoint    ] Entering safepoint region: Cleanup
[2022-06-13T03:34:41.475+0000][1][safepoint    ] Leaving safepoint region
[2022-06-13T03:34:41.476+0000][1][safepoint    ] Total time for which application threads were stopped: 0.0005479 seconds, Stopping threads took: 0.0002912 seconds
[2022-06-13T03:34:42.476+0000][1][safepoint    ] Application time: 1.0001706 seconds
[2022-06-13T03:34:42.476+0000][1][safepoint    ] Entering safepoint region: Cleanup
[2022-06-13T03:34:42.476+0000][1][safepoint    ] Leaving safepoint region
[2022-06-13T03:34:42.477+0000][1][safepoint    ] Total time for which application threads were stopped: 0.0005946 seconds, Stopping threads took: 0.0002531 seconds
[2022-06-13T03:34:43.477+0000][1][safepoint    ] Application time: 1.0001070 seconds
[2022-06-13T03:34:43.477+0000][1][safepoint    ] Entering safepoint region: Cleanup
[2022-06-13T03:34:43.478+0000][1][safepoint    ] Leaving safepoint region
[2022-06-13T03:34:43.478+0000][1][safepoint    ] Total time for which application threads were stopped: 0.0003823 seconds, Stopping threads took: 0.0002101 seconds
[2022-06-13T03:34:44.478+0000][1][safepoint    ] Application time: 1.0001742 seconds
[2022-06-13T03:34:44.479+0000][1][safepoint    ] Entering safepoint region: Cleanup
[2022-06-13T03:34:44.479+0000][1][safepoint    ] Leaving safepoint region
[2022-06-13T03:34:44.479+0000][1][safepoint    ] Total time for which application threads were stopped: 0.0007346 seconds, Stopping threads took: 0.0003169 seconds
[2022-06-13T03:34:45.480+0000][1][safepoint    ] Application time: 1.0002216 seconds
[2022-06-13T03:34:45.481+0000][1][safepoint    ] Entering safepoint region: Cleanup
[2022-06-13T03:34:45.481+0000][1][safepoint    ] Leaving safepoint region
[2022-06-13T03:34:45.482+0000][1][safepoint    ] Total time for which application threads were stopped: 0.0011459 seconds, Stopping threads took: 0.0005611 seconds
[2022-06-13T03:34:46.482+0000][1][safepoint    ] Application time: 1.0001901 seconds
[2022-06-13T03:34:46.483+0000][1][safepoint    ] Entering safepoint region: Cleanup
[2022-06-13T03:34:46.483+0000][1][safepoint    ] Leaving safepoint region
[2022-06-13T03:34:46.484+0000][1][safepoint    ] Total time for which application threads were stopped: 0.0008253 seconds, Stopping threads took: 0.0003787 seconds
[2022-06-13T03:34:47.465+0000][1][safepoint    ] Application time: 0.9815171 seconds
[2022-06-13T03:34:47.466+0000][1][safepoint    ] Entering safepoint region: GenCollectForAllocation
[2022-06-13T03:34:47.466+0000][1][gc,start     ] GC(23) Pause Young (Allocation Failure)
[2022-06-13T03:34:47.466+0000][1][gc,task      ] GC(23) Using 5 workers of 13 for evacuation
[2022-06-13T03:34:47.472+0000][1][gc,age       ] GC(23) Desired survivor size 4456448 bytes, new threshold 6 (max threshold 6)
[2022-06-13T03:34:47.473+0000][1][gc,age       ] GC(23) Age table with threshold 6 (max threshold 6)
[2022-06-13T03:34:47.473+0000][1][gc,age       ] GC(23) - age   1:      61784 bytes,      61784 total
[2022-06-13T03:34:47.473+0000][1][gc,age       ] GC(23) - age   2:    2832848 bytes,    2894632 total
[2022-06-13T03:34:47.474+0000][1][gc,heap      ] GC(23) ParNew: 78611K->6056K(78656K)
[2022-06-13T03:34:47.474+0000][1][gc,heap      ] GC(23) CMS: 64170K->67876K(174784K)
[2022-06-13T03:34:47.474+0000][1][gc,metaspace ] GC(23) Metaspace: 68472K->68472K(1112064K)
[2022-06-13T03:34:47.474+0000][1][gc           ] GC(23) Pause Young (Allocation Failure) 139M->72M(247M) 8.041ms
[2022-06-13T03:34:47.474+0000][1][gc,cpu       ] GC(23) User=0.03s Sys=0.00s Real=0.01s
[2022-06-13T03:34:47.475+0000][1][safepoint    ] Leaving safepoint region
[2022-06-13T03:34:47.475+0000][1][safepoint    ] Total time for which application threads were stopped: 0.0088259 seconds, Stopping threads took: 0.0002750 seconds
[2022-06-13T03:34:48.475+0000][1][safepoint    ] Application time: 1.0001265 seconds
[2022-06-13T03:34:48.475+0000][1][safepoint    ] Entering safepoint region: Cleanup
[2022-06-13T03:34:48.476+0000][1][safepoint    ] Leaving safepoint region
[2022-06-13T03:34:48.476+0000][1][safepoint    ] Total time for which application threads were stopped: 0.0007328 seconds, Stopping threads took: 0.0004169 seconds
[2022-06-13T03:34:49.476+0000][1][safepoint    ] Application time: 1.0002396 seconds
[2022-06-13T03:34:49.477+0000][1][safepoint    ] Entering safepoint region: Cleanup
[2022-06-13T03:34:49.478+0000][1][safepoint    ] Leaving safepoint region
[2022-06-13T03:34:49.478+0000][1][safepoint    ] Total time for which application threads were stopped: 0.0007398 seconds, Stopping threads took: 0.0003609 seconds
[2022-06-13T03:34:50.478+0000][1][safepoint    ] Application time: 1.0002616 seconds
[2022-06-13T03:34:50.479+0000][1][safepoint    ] Entering safepoint region: Cleanup
[2022-06-13T03:34:50.479+0000][1][safepoint    ] Leaving safepoint region
[2022-06-13T03:34:50.479+0000][1][safepoint    ] Total time for which application threads were stopped: 0.0004802 seconds, Stopping threads took: 0.0001511 seconds
[2022-06-13T03:34:51.479+0000][1][safepoint    ] Application time: 1.0001503 seconds
[2022-06-13T03:34:51.480+0000][1][safepoint    ] Entering safepoint region: Cleanup
[2022-06-13T03:34:51.481+0000][1][safepoint    ] Leaving safepoint region
[2022-06-13T03:34:51.481+0000][1][safepoint    ] Total time for which application threads were stopped: 0.0008120 seconds, Stopping threads took: 0.0004386 seconds
[2022-06-13T03:34:52.481+0000][1][safepoint    ] Application time: 1.0002343 seconds
[2022-06-13T03:34:52.482+0000][1][safepoint    ] Entering safepoint region: Cleanup
[2022-06-13T03:34:52.482+0000][1][safepoint    ] Leaving safepoint region
[2022-06-13T03:34:52.483+0000][1][safepoint    ] Total time for which application threads were stopped: 0.0010757 seconds, Stopping threads took: 0.0005092 seconds
[2022-06-13T03:34:53.483+0000][1][safepoint    ] Application time: 1.0001772 seconds
[2022-06-13T03:34:53.484+0000][1][safepoint    ] Entering safepoint region: Cleanup
[2022-06-13T03:34:53.484+0000][1][safepoint    ] Leaving safepoint region
[2022-06-13T03:34:53.485+0000][1][safepoint    ] Total time for which application threads were stopped: 0.0007283 seconds, Stopping threads took: 0.0002748 seconds
[2022-06-13T03:34:54.485+0000][1][safepoint    ] Application time: 1.0003315 seconds
[2022-06-13T03:34:54.486+0000][1][safepoint    ] Entering safepoint region: Cleanup
[2022-06-13T03:34:54.486+0000][1][safepoint    ] Leaving safepoint region
[2022-06-13T03:34:54.486+0000][1][safepoint    ] Total time for which application threads were stopped: 0.0004766 seconds, Stopping threads took: 0.0002633 seconds
[2022-06-13T03:34:55.487+0000][1][safepoint    ] Application time: 1.0002242 seconds
[2022-06-13T03:34:55.487+0000][1][safepoint    ] Entering safepoint region: Cleanup
[2022-06-13T03:34:55.488+0000][1][safepoint    ] Leaving safepoint region
[2022-06-13T03:34:55.489+0000][1][safepoint    ] Total time for which application threads were stopped: 0.0015645 seconds, Stopping threads took: 0.0006489 seconds
[2022-06-13T03:34:56.490+0000][1][safepoint    ] Application time: 1.0002240 seconds
[2022-06-13T03:34:56.490+0000][1][safepoint    ] Entering safepoint region: Cleanup
[2022-06-13T03:34:56.490+0000][1][safepoint    ] Leaving safepoint region
[2022-06-13T03:34:56.491+0000][1][safepoint    ] Total time for which application threads were stopped: 0.0005747 seconds, Stopping threads took: 0.0002942 seconds
[2022-06-13T03:34:57.491+0000][1][safepoint    ] Application time: 1.0003096 seconds
[2022-06-13T03:34:57.492+0000][1][safepoint    ] Entering safepoint region: Cleanup
[2022-06-13T03:34:57.492+0000][1][safepoint    ] Leaving safepoint region
[2022-06-13T03:34:57.493+0000][1][safepoint    ] Total time for which application threads were stopped: 0.0009975 seconds, Stopping threads took: 0.0004151 seconds
[2022-06-13T03:34:58.493+0000][1][safepoint    ] Application time: 1.0001758 seconds
[2022-06-13T03:34:58.494+0000][1][safepoint    ] Entering safepoint region: Cleanup
[2022-06-13T03:34:58.494+0000][1][safepoint    ] Leaving safepoint region
[2022-06-13T03:34:58.494+0000][1][safepoint    ] Total time for which application threads were stopped: 0.0006057 seconds, Stopping threads took: 0.0003386 seconds
[2022-06-13T03:34:59.495+0000][1][safepoint    ] Application time: 1.0001780 seconds
[2022-06-13T03:34:59.496+0000][1][safepoint    ] Entering safepoint region: Cleanup
[2022-06-13T03:34:59.496+0000][1][safepoint    ] Leaving safepoint region
[2022-06-13T03:34:59.497+0000][1][safepoint    ] Total time for which application threads were stopped: 0.0011475 seconds, Stopping threads took: 0.0003612 seconds
[2022-06-13T03:35:00.497+0000][1][safepoint    ] Application time: 1.0003273 seconds
[2022-06-13T03:35:00.498+0000][1][safepoint    ] Entering safepoint region: Cleanup
[2022-06-13T03:35:00.498+0000][1][safepoint    ] Leaving safepoint region
[2022-06-13T03:35:00.498+0000][1][safepoint    ] Total time for which application threads were stopped: 0.0007359 seconds, Stopping threads took: 0.0003112 seconds
[2022-06-13T03:35:01.499+0000][1][safepoint    ] Application time: 1.0001120 seconds
[2022-06-13T03:35:01.499+0000][1][safepoint    ] Entering safepoint region: Cleanup
[2022-06-13T03:35:01.500+0000][1][safepoint    ] Leaving safepoint region
[2022-06-13T03:35:01.500+0000][1][safepoint    ] Total time for which application threads were stopped: 0.0007173 seconds, Stopping threads took: 0.0003805 seconds
[2022-06-13T03:35:02.501+0000][1][safepoint    ] Application time: 1.0001308 seconds
[2022-06-13T03:35:02.501+0000][1][safepoint    ] Entering safepoint region: Cleanup
[2022-06-13T03:35:02.501+0000][1][safepoint    ] Leaving safepoint region
[2022-06-13T03:35:02.502+0000][1][safepoint    ] Total time for which application threads were stopped: 0.0006976 seconds, Stopping threads took: 0.0003586 seconds
[2022-06-13T03:35:03.502+0000][1][safepoint    ] Application time: 1.0001268 seconds
[2022-06-13T03:35:03.503+0000][1][safepoint    ] Entering safepoint region: Cleanup
[2022-06-13T03:35:03.503+0000][1][safepoint    ] Leaving safepoint region
[2022-06-13T03:35:03.504+0000][1][safepoint    ] Total time for which application threads were stopped: 0.0008274 seconds, Stopping threads took: 0.0004518 seconds
[2022-06-13T03:35:04.504+0000][1][safepoint    ] Application time: 1.0001743 seconds
[2022-06-13T03:35:04.505+0000][1][safepoint    ] Entering safepoint region: Cleanup
[2022-06-13T03:35:04.505+0000][1][safepoint    ] Leaving safepoint region
[2022-06-13T03:35:04.505+0000][1][safepoint    ] Total time for which application threads were stopped: 0.0007307 seconds, Stopping threads took: 0.0004363 seconds
[2022-06-13T03:35:05.506+0000][1][safepoint    ] Application time: 1.0001097 seconds
[2022-06-13T03:35:05.506+0000][1][safepoint    ] Entering safepoint region: Cleanup
[2022-06-13T03:35:05.506+0000][1][safepoint    ] Leaving safepoint region
[2022-06-13T03:35:05.507+0000][1][safepoint    ] Total time for which application threads were stopped: 0.0006609 seconds, Stopping threads took: 0.0003484 seconds
[2022-06-13T03:35:06.507+0000][1][safepoint    ] Application time: 1.0001054 seconds
[2022-06-13T03:35:06.507+0000][1][safepoint    ] Entering safepoint region: Cleanup
[2022-06-13T03:35:06.508+0000][1][safepoint    ] Leaving safepoint region
[2022-06-13T03:35:06.508+0000][1][safepoint    ] Total time for which application threads were stopped: 0.0004901 seconds, Stopping threads took: 0.0002966 seconds
[2022-06-13T03:35:07.508+0000][1][safepoint    ] Application time: 1.0002765 seconds
[2022-06-13T03:35:07.509+0000][1][safepoint    ] Entering safepoint region: Cleanup
[2022-06-13T03:35:07.509+0000][1][safepoint    ] Leaving safepoint region
[2022-06-13T03:35:07.509+0000][1][safepoint    ] Total time for which application threads were stopped: 0.0008642 seconds, Stopping threads took: 0.0003855 seconds
[2022-06-13T03:35:07.736+0000][1][safepoint    ] Application time: 0.2259097 seconds
[2022-06-13T03:35:07.736+0000][1][safepoint    ] Entering safepoint region: RevokeBias
[2022-06-13T03:35:07.737+0000][1][safepoint    ] Leaving safepoint region
[2022-06-13T03:35:07.737+0000][1][safepoint    ] Total time for which application threads were stopped: 0.0007220 seconds, Stopping threads took: 0.0003633 seconds
[2022-06-13T03:35:07.738+0000][1][safepoint    ] Application time: 0.0006550 seconds
[2022-06-13T03:35:07.738+0000][1][safepoint    ] Entering safepoint region: RevokeBias
[2022-06-13T03:35:07.738+0000][1][safepoint    ] Leaving safepoint region
[2022-06-13T03:35:07.739+0000][1][safepoint    ] Total time for which application threads were stopped: 0.0007724 seconds, Stopping threads took: 0.0004178 seconds
[2022-06-13T03:35:07.739+0000][1][safepoint    ] Application time: 0.0003217 seconds
[2022-06-13T03:35:07.740+0000][1][safepoint    ] Entering safepoint region: RevokeBias
[2022-06-13T03:35:07.740+0000][1][safepoint    ] Leaving safepoint region
[2022-06-13T03:35:07.740+0000][1][safepoint    ] Total time for which application threads were stopped: 0.0008435 seconds, Stopping threads took: 0.0003889 seconds
[2022-06-13T03:35:07.757+0000][1][safepoint    ] Application time: 0.0162545 seconds
[2022-06-13T03:35:07.757+0000][1][safepoint    ] Entering safepoint region: Deoptimize
[2022-06-13T03:35:07.758+0000][1][safepoint    ] Leaving safepoint region
[2022-06-13T03:35:07.758+0000][1][safepoint    ] Total time for which application threads were stopped: 0.0011180 seconds, Stopping threads took: 0.0001243 seconds
[2022-06-13T03:35:07.774+0000][1][safepoint    ] Application time: 0.0157603 seconds
[2022-06-13T03:35:07.775+0000][1][safepoint    ] Entering safepoint region: RevokeBias
[2022-06-13T03:35:07.775+0000][1][safepoint    ] Leaving safepoint region
[2022-06-13T03:35:07.775+0000][1][safepoint    ] Total time for which application threads were stopped: 0.0006460 seconds, Stopping threads took: 0.0002976 seconds
[2022-06-13T03:35:07.776+0000][1][safepoint    ] Application time: 0.0004738 seconds
[2022-06-13T03:35:07.776+0000][1][safepoint    ] Entering safepoint region: RevokeBias
[2022-06-13T03:35:07.777+0000][1][safepoint    ] Leaving safepoint region
[2022-06-13T03:35:07.777+0000][1][safepoint    ] Total time for which application threads were stopped: 0.0004660 seconds, Stopping threads took: 0.0003074 seconds
[2022-06-13T03:35:07.777+0000][1][safepoint    ] Application time: 0.0002551 seconds
[2022-06-13T03:35:07.777+0000][1][safepoint    ] Entering safepoint region: RevokeBias
[2022-06-13T03:35:07.778+0000][1][safepoint    ] Leaving safepoint region
[2022-06-13T03:35:07.778+0000][1][safepoint    ] Total time for which application threads were stopped: 0.0003206 seconds, Stopping threads took: 0.0001510 seconds
[2022-06-13T03:35:07.778+0000][1][safepoint    ] Application time: 0.0001434 seconds
[2022-06-13T03:35:07.778+0000][1][safepoint    ] Entering safepoint region: RevokeBias
[2022-06-13T03:35:07.779+0000][1][safepoint    ] Leaving safepoint region
[2022-06-13T03:35:07.779+0000][1][safepoint    ] Total time for which application threads were stopped: 0.0010239 seconds, Stopping threads took: 0.0005641 seconds
[2022-06-13T03:35:07.780+0000][1][safepoint    ] Application time: 0.0003570 seconds
[2022-06-13T03:35:07.781+0000][1][safepoint    ] Entering safepoint region: RevokeBias
[2022-06-13T03:35:07.781+0000][1][safepoint    ] Leaving safepoint region
[2022-06-13T03:35:07.781+0000][1][safepoint    ] Total time for which application threads were stopped: 0.0003487 seconds, Stopping threads took: 0.0001560 seconds
[2022-06-13T03:35:07.781+0000][1][safepoint    ] Application time: 0.0001749 seconds
[2022-06-13T03:35:07.782+0000][1][safepoint    ] Entering safepoint region: RevokeBias
[2022-06-13T03:35:07.782+0000][1][safepoint    ] Leaving safepoint region
[2022-06-13T03:35:07.782+0000][1][safepoint    ] Total time for which application threads were stopped: 0.0003557 seconds, Stopping threads took: 0.0002144 seconds
[2022-06-13T03:35:07.782+0000][1][safepoint    ] Application time: 0.0002061 seconds
[2022-06-13T03:35:07.782+0000][1][safepoint    ] Entering safepoint region: RevokeBias
[2022-06-13T03:35:07.783+0000][1][safepoint    ] Leaving safepoint region
[2022-06-13T03:35:07.783+0000][1][safepoint    ] Total time for which application threads were stopped: 0.0004628 seconds, Stopping threads took: 0.0002743 seconds
[2022-06-13T03:35:07.784+0000][1][safepoint    ] Application time: 0.0010387 seconds
[2022-06-13T03:35:07.784+0000][1][safepoint    ] Entering safepoint region: RevokeBias
[2022-06-13T03:35:07.784+0000][1][safepoint    ] Leaving safepoint region
[2022-06-13T03:35:07.785+0000][1][safepoint    ] Total time for which application threads were stopped: 0.0005502 seconds, Stopping threads took: 0.0002712 seconds
[2022-06-13T03:35:07.785+0000][1][safepoint    ] Application time: 0.0006410 seconds
[2022-06-13T03:35:07.786+0000][1][safepoint    ] Entering safepoint region: RevokeBias
[2022-06-13T03:35:07.786+0000][1][safepoint    ] Leaving safepoint region
[2022-06-13T03:35:07.787+0000][1][safepoint    ] Total time for which application threads were stopped: 0.0005912 seconds, Stopping threads took: 0.0003824 seconds
[2022-06-13T03:35:07.787+0000][1][safepoint    ] Application time: 0.0001786 seconds
[2022-06-13T03:35:07.787+0000][1][safepoint    ] Entering safepoint region: RevokeBias
[2022-06-13T03:35:07.788+0000][1][safepoint    ] Leaving safepoint region
[2022-06-13T03:35:07.788+0000][1][safepoint    ] Total time for which application threads were stopped: 0.0005796 seconds, Stopping threads took: 0.0002945 seconds
[2022-06-13T03:35:07.789+0000][1][safepoint    ] Application time: 0.0008155 seconds
[2022-06-13T03:35:07.789+0000][1][safepoint    ] Entering safepoint region: RevokeBias
[2022-06-13T03:35:07.790+0000][1][safepoint    ] Leaving safepoint region
[2022-06-13T03:35:07.790+0000][1][safepoint    ] Total time for which application threads were stopped: 0.0008833 seconds, Stopping threads took: 0.0004081 seconds
[2022-06-13T03:35:07.796+0000][1][safepoint    ] Application time: 0.0054772 seconds
[2022-06-13T03:35:07.796+0000][1][safepoint    ] Entering safepoint region: Deoptimize
[2022-06-13T03:35:07.798+0000][1][safepoint    ] Leaving safepoint region
[2022-06-13T03:35:07.798+0000][1][safepoint    ] Total time for which application threads were stopped: 0.0017947 seconds, Stopping threads took: 0.0003852 seconds
[2022-06-13T03:35:07.803+0000][1][safepoint    ] Application time: 0.0045546 seconds
[2022-06-13T03:35:07.803+0000][1][safepoint    ] Entering safepoint region: Deoptimize
[2022-06-13T03:35:07.805+0000][1][safepoint    ] Leaving safepoint region
[2022-06-13T03:35:07.805+0000][1][safepoint    ] Total time for which application threads were stopped: 0.0020072 seconds, Stopping threads took: 0.0004164 seconds
[2022-06-13T03:35:07.806+0000][1][safepoint    ] Application time: 0.0004895 seconds
[2022-06-13T03:35:07.807+0000][1][safepoint    ] Entering safepoint region: RevokeBias
[2022-06-13T03:35:07.807+0000][1][safepoint    ] Leaving safepoint region
[2022-06-13T03:35:07.808+0000][1][safepoint    ] Total time for which application threads were stopped: 0.0013876 seconds, Stopping threads took: 0.0006525 seconds
[2022-06-13T03:35:07.810+0000][1][safepoint    ] Application time: 0.0012434 seconds
[2022-06-13T03:35:07.810+0000][1][safepoint    ] Entering safepoint region: Deoptimize
[2022-06-13T03:35:07.811+0000][1][safepoint    ] Leaving safepoint region
[2022-06-13T03:35:07.811+0000][1][safepoint    ] Total time for which application threads were stopped: 0.0016255 seconds, Stopping threads took: 0.0004898 seconds
[2022-06-13T03:35:08.344+0000][1][safepoint    ] Application time: 0.5325530 seconds
[2022-06-13T03:35:08.344+0000][1][safepoint    ] Entering safepoint region: ICBufferFull
[2022-06-13T03:35:08.345+0000][1][safepoint    ] Leaving safepoint region
[2022-06-13T03:35:08.345+0000][1][safepoint    ] Total time for which application threads were stopped: 0.0009683 seconds, Stopping threads took: 0.0001936 seconds
[2022-06-13T03:35:09.346+0000][1][safepoint    ] Application time: 1.0002048 seconds
[2022-06-13T03:35:09.346+0000][1][safepoint    ] Entering safepoint region: Cleanup
[2022-06-13T03:35:09.347+0000][1][safepoint    ] Leaving safepoint region
[2022-06-13T03:35:09.347+0000][1][safepoint    ] Total time for which application threads were stopped: 0.0009657 seconds, Stopping threads took: 0.0004296 seconds
[2022-06-13T03:35:10.348+0000][1][safepoint    ] Application time: 1.0001909 seconds
[2022-06-13T03:35:10.348+0000][1][safepoint    ] Entering safepoint region: Cleanup
[2022-06-13T03:35:10.349+0000][1][safepoint    ] Leaving safepoint region
[2022-06-13T03:35:10.349+0000][1][safepoint    ] Total time for which application threads were stopped: 0.0006128 seconds, Stopping threads took: 0.0002759 seconds
[2022-06-13T03:35:11.349+0000][1][safepoint    ] Application time: 1.0001734 seconds
[2022-06-13T03:35:11.350+0000][1][safepoint    ] Entering safepoint region: Cleanup
[2022-06-13T03:35:11.350+0000][1][safepoint    ] Leaving safepoint region
[2022-06-13T03:35:11.350+0000][1][safepoint    ] Total time for which application threads were stopped: 0.0006705 seconds, Stopping threads took: 0.0002534 seconds
[2022-06-13T03:35:12.351+0000][1][safepoint    ] Application time: 1.0001415 seconds
[2022-06-13T03:35:12.351+0000][1][safepoint    ] Entering safepoint region: Cleanup
[2022-06-13T03:35:12.352+0000][1][safepoint    ] Leaving safepoint region
[2022-06-13T03:35:12.352+0000][1][safepoint    ] Total time for which application threads were stopped: 0.0005997 seconds, Stopping threads took: 0.0001798 seconds
[2022-06-13T03:35:13.037+0000][1][safepoint    ] Application time: 0.6845552 seconds
[2022-06-13T03:35:13.037+0000][1][safepoint    ] Entering safepoint region: Deoptimize
[2022-06-13T03:35:13.038+0000][1][safepoint    ] Leaving safepoint region
[2022-06-13T03:35:13.038+0000][1][safepoint    ] Total time for which application threads were stopped: 0.0013269 seconds, Stopping threads took: 0.0003318 seconds
[2022-06-13T03:35:13.042+0000][1][safepoint    ] Application time: 0.0030577 seconds
[2022-06-13T03:35:13.042+0000][1][safepoint    ] Entering safepoint region: BulkRevokeBias
[2022-06-13T03:35:13.043+0000][1][safepoint    ] Leaving safepoint region
[2022-06-13T03:35:13.043+0000][1][safepoint    ] Total time for which application threads were stopped: 0.0011841 seconds, Stopping threads took: 0.0003827 seconds
[2022-06-13T03:35:13.051+0000][1][safepoint    ] Application time: 0.0076204 seconds
[2022-06-13T03:35:13.051+0000][1][safepoint    ] Entering safepoint region: RevokeBias
[2022-06-13T03:35:13.052+0000][1][safepoint    ] Leaving safepoint region
[2022-06-13T03:35:13.052+0000][1][safepoint    ] Total time for which application threads were stopped: 0.0004474 seconds, Stopping threads took: 0.0002182 seconds
[2022-06-13T03:35:13.052+0000][1][safepoint    ] Application time: 0.0001189 seconds
[2022-06-13T03:35:13.052+0000][1][safepoint    ] Entering safepoint region: RevokeBias
[2022-06-13T03:35:13.052+0000][1][safepoint    ] Leaving safepoint region
[2022-06-13T03:35:13.052+0000][1][safepoint    ] Total time for which application threads were stopped: 0.0003158 seconds, Stopping threads took: 0.0001656 seconds
[2022-06-13T03:35:14.053+0000][1][safepoint    ] Application time: 1.0003162 seconds
[2022-06-13T03:35:14.053+0000][1][safepoint    ] Entering safepoint region: Cleanup
[2022-06-13T03:35:14.054+0000][1][safepoint    ] Leaving safepoint region
[2022-06-13T03:35:14.054+0000][1][safepoint    ] Total time for which application threads were stopped: 0.0006459 seconds, Stopping threads took: 0.0003002 seconds
[2022-06-13T03:35:15.054+0000][1][safepoint    ] Application time: 1.0002145 seconds
[2022-06-13T03:35:15.055+0000][1][safepoint    ] Entering safepoint region: Cleanup
[2022-06-13T03:35:15.056+0000][1][safepoint    ] Leaving safepoint region
[2022-06-13T03:35:15.056+0000][1][safepoint    ] Total time for which application threads were stopped: 0.0013394 seconds, Stopping threads took: 0.0005685 seconds
[2022-06-13T03:35:16.057+0000][1][safepoint    ] Application time: 1.0002065 seconds
[2022-06-13T03:35:16.058+0000][1][safepoint    ] Entering safepoint region: Cleanup
[2022-06-13T03:35:16.058+0000][1][safepoint    ] Leaving safepoint region
[2022-06-13T03:35:16.058+0000][1][safepoint    ] Total time for which application threads were stopped: 0.0005980 seconds, Stopping threads took: 0.0002019 seconds
[2022-06-13T03:35:17.059+0000][1][safepoint    ] Application time: 1.0002511 seconds
[2022-06-13T03:35:17.059+0000][1][safepoint    ] Entering safepoint region: Cleanup
[2022-06-13T03:35:17.060+0000][1][safepoint    ] Leaving safepoint region
[2022-06-13T03:35:17.060+0000][1][safepoint    ] Total time for which application threads were stopped: 0.0006596 seconds, Stopping threads took: 0.0003246 seconds
[2022-06-13T03:35:18.060+0000][1][safepoint    ] Application time: 1.0001922 seconds
[2022-06-13T03:35:18.061+0000][1][safepoint    ] Entering safepoint region: Cleanup
[2022-06-13T03:35:18.061+0000][1][safepoint    ] Leaving safepoint region
[2022-06-13T03:35:18.062+0000][1][safepoint    ] Total time for which application threads were stopped: 0.0010148 seconds, Stopping threads took: 0.0004525 seconds
[2022-06-13T03:35:19.062+0000][1][safepoint    ] Application time: 1.0001849 seconds
[2022-06-13T03:35:19.063+0000][1][safepoint    ] Entering safepoint region: Cleanup
[2022-06-13T03:35:19.063+0000][1][safepoint    ] Leaving safepoint region
[2022-06-13T03:35:19.064+0000][1][safepoint    ] Total time for which application threads were stopped: 0.0007951 seconds, Stopping threads took: 0.0003545 seconds
[2022-06-13T03:35:20.064+0000][1][safepoint    ] Application time: 1.0002025 seconds
[2022-06-13T03:35:20.065+0000][1][safepoint    ] Entering safepoint region: Cleanup
[2022-06-13T03:35:20.066+0000][1][safepoint    ] Leaving safepoint region
[2022-06-13T03:35:20.066+0000][1][safepoint    ] Total time for which application threads were stopped: 0.0008070 seconds, Stopping threads took: 0.0004008 seconds
[2022-06-13T03:35:21.067+0000][1][safepoint    ] Application time: 1.0001260 seconds
[2022-06-13T03:35:21.067+0000][1][safepoint    ] Entering safepoint region: Cleanup
[2022-06-13T03:35:21.067+0000][1][safepoint    ] Leaving safepoint region
[2022-06-13T03:35:21.068+0000][1][safepoint    ] Total time for which application threads were stopped: 0.0005338 seconds, Stopping threads took: 0.0002279 seconds
[2022-06-13T03:35:22.068+0000][1][safepoint    ] Application time: 1.0001777 seconds
[2022-06-13T03:35:22.068+0000][1][safepoint    ] Entering safepoint region: Cleanup
[2022-06-13T03:35:22.069+0000][1][safepoint    ] Leaving safepoint region
[2022-06-13T03:35:22.069+0000][1][safepoint    ] Total time for which application threads were stopped: 0.0008938 seconds, Stopping threads took: 0.0004943 seconds
[2022-06-13T03:35:23.070+0000][1][safepoint    ] Application time: 1.0002077 seconds
[2022-06-13T03:35:23.070+0000][1][safepoint    ] Entering safepoint region: Cleanup
[2022-06-13T03:35:23.071+0000][1][safepoint    ] Leaving safepoint region
[2022-06-13T03:35:23.071+0000][1][safepoint    ] Total time for which application threads were stopped: 0.0004640 seconds, Stopping threads took: 0.0002096 seconds
[2022-06-13T03:35:24.071+0000][1][safepoint    ] Application time: 1.0001879 seconds
[2022-06-13T03:35:24.072+0000][1][safepoint    ] Entering safepoint region: Cleanup
[2022-06-13T03:35:24.072+0000][1][safepoint    ] Leaving safepoint region
[2022-06-13T03:35:24.072+0000][1][safepoint    ] Total time for which application threads were stopped: 0.0005504 seconds, Stopping threads took: 0.0002576 seconds
[2022-06-13T03:35:25.073+0000][1][safepoint    ] Application time: 1.0002206 seconds
[2022-06-13T03:35:25.073+0000][1][safepoint    ] Entering safepoint region: Cleanup
[2022-06-13T03:35:25.074+0000][1][safepoint    ] Leaving safepoint region
[2022-06-13T03:35:25.074+0000][1][safepoint    ] Total time for which application threads were stopped: 0.0010884 seconds, Stopping threads took: 0.0004533 seconds
[2022-06-13T03:35:26.075+0000][1][safepoint    ] Application time: 1.0001280 seconds
[2022-06-13T03:35:26.075+0000][1][safepoint    ] Entering safepoint region: Cleanup
[2022-06-13T03:35:26.076+0000][1][safepoint    ] Leaving safepoint region
[2022-06-13T03:35:26.076+0000][1][safepoint    ] Total time for which application threads were stopped: 0.0006713 seconds, Stopping threads took: 0.0003090 seconds
[2022-06-13T03:35:27.076+0000][1][safepoint    ] Application time: 1.0001885 seconds
[2022-06-13T03:35:27.077+0000][1][safepoint    ] Entering safepoint region: Cleanup
[2022-06-13T03:35:27.077+0000][1][safepoint    ] Leaving safepoint region
[2022-06-13T03:35:27.078+0000][1][safepoint    ] Total time for which application threads were stopped: 0.0007253 seconds, Stopping threads took: 0.0004084 seconds
[2022-06-13T03:35:28.078+0000][1][safepoint    ] Application time: 1.0001955 seconds
[2022-06-13T03:35:28.079+0000][1][safepoint    ] Entering safepoint region: Cleanup
[2022-06-13T03:35:28.079+0000][1][safepoint    ] Leaving safepoint region
[2022-06-13T03:35:28.079+0000][1][safepoint    ] Total time for which application threads were stopped: 0.0008150 seconds, Stopping threads took: 0.0003845 seconds
[2022-06-13T03:35:29.080+0000][1][safepoint    ] Application time: 1.0001472 seconds
[2022-06-13T03:35:29.081+0000][1][safepoint    ] Entering safepoint region: Cleanup
[2022-06-13T03:35:29.081+0000][1][safepoint    ] Leaving safepoint region
[2022-06-13T03:35:29.081+0000][1][safepoint    ] Total time for which application threads were stopped: 0.0006545 seconds, Stopping threads took: 0.0002755 seconds
[2022-06-13T03:35:30.082+0000][1][safepoint    ] Application time: 1.0002021 seconds
[2022-06-13T03:35:30.082+0000][1][safepoint    ] Entering safepoint region: Cleanup
[2022-06-13T03:35:30.083+0000][1][safepoint    ] Leaving safepoint region
[2022-06-13T03:35:30.083+0000][1][safepoint    ] Total time for which application threads were stopped: 0.0006185 seconds, Stopping threads took: 0.0002701 seconds
[2022-06-13T03:35:31.083+0000][1][safepoint    ] Application time: 1.0002351 seconds
[2022-06-13T03:35:31.084+0000][1][safepoint    ] Entering safepoint region: Cleanup
[2022-06-13T03:35:31.085+0000][1][safepoint    ] Leaving safepoint region
[2022-06-13T03:35:31.085+0000][1][safepoint    ] Total time for which application threads were stopped: 0.0013208 seconds, Stopping threads took: 0.0006673 seconds
[2022-06-13T03:35:32.086+0000][1][safepoint    ] Application time: 1.0002560 seconds
[2022-06-13T03:35:32.087+0000][1][safepoint    ] Entering safepoint region: Cleanup
[2022-06-13T03:35:32.087+0000][1][safepoint    ] Leaving safepoint region
[2022-06-13T03:35:32.088+0000][1][safepoint    ] Total time for which application threads were stopped: 0.0012556 seconds, Stopping threads took: 0.0006449 seconds
[2022-06-13T03:35:32.930+0000][1][safepoint    ] Application time: 0.8413767 seconds
[2022-06-13T03:35:32.930+0000][1][safepoint    ] Entering safepoint region: GenCollectForAllocation
[2022-06-13T03:35:32.931+0000][1][gc,start     ] GC(24) Pause Young (Allocation Failure)
[2022-06-13T03:35:32.931+0000][1][gc,task      ] GC(24) Using 5 workers of 13 for evacuation
[2022-06-13T03:35:32.934+0000][1][gc,age       ] GC(24) Desired survivor size 4456448 bytes, new threshold 6 (max threshold 6)
[2022-06-13T03:35:32.934+0000][1][gc,age       ] GC(24) Age table with threshold 6 (max threshold 6)
[2022-06-13T03:35:32.934+0000][1][gc,age       ] GC(24) - age   1:    1214104 bytes,    1214104 total
[2022-06-13T03:35:32.935+0000][1][gc,age       ] GC(24) - age   2:      57064 bytes,    1271168 total
[2022-06-13T03:35:32.935+0000][1][gc,age       ] GC(24) - age   3:    2782688 bytes,    4053856 total
[2022-06-13T03:35:32.935+0000][1][gc,heap      ] GC(24) ParNew: 75978K->5663K(78656K)
[2022-06-13T03:35:32.935+0000][1][gc,heap      ] GC(24) CMS: 67876K->67876K(174784K)
[2022-06-13T03:35:32.936+0000][1][gc,metaspace ] GC(24) Metaspace: 70765K->70765K(1114112K)
[2022-06-13T03:35:32.936+0000][1][gc           ] GC(24) Pause Young (Allocation Failure) 140M->71M(247M) 5.299ms
[2022-06-13T03:35:32.936+0000][1][gc,cpu       ] GC(24) User=0.01s Sys=0.00s Real=0.00s
[2022-06-13T03:35:32.937+0000][1][safepoint    ] Leaving safepoint region
[2022-06-13T03:35:32.937+0000][1][safepoint    ] Total time for which application threads were stopped: 0.0067381 seconds, Stopping threads took: 0.0004506 seconds
[2022-06-13T03:35:33.937+0000][1][safepoint    ] Application time: 1.0002176 seconds
[2022-06-13T03:35:33.938+0000][1][safepoint    ] Entering safepoint region: Cleanup
[2022-06-13T03:35:33.938+0000][1][safepoint    ] Leaving safepoint region
[2022-06-13T03:35:33.939+0000][1][safepoint    ] Total time for which application threads were stopped: 0.0009310 seconds, Stopping threads took: 0.0004249 seconds
[2022-06-13T03:35:34.939+0000][1][safepoint    ] Application time: 1.0001491 seconds
[2022-06-13T03:35:34.940+0000][1][safepoint    ] Entering safepoint region: Cleanup
[2022-06-13T03:35:34.940+0000][1][safepoint    ] Leaving safepoint region
[2022-06-13T03:35:34.940+0000][1][safepoint    ] Total time for which application threads were stopped: 0.0008296 seconds, Stopping threads took: 0.0003308 seconds
[2022-06-13T03:35:35.941+0000][1][safepoint    ] Application time: 1.0002867 seconds
[2022-06-13T03:35:35.941+0000][1][safepoint    ] Entering safepoint region: Cleanup
[2022-06-13T03:35:35.942+0000][1][safepoint    ] Leaving safepoint region
[2022-06-13T03:35:35.942+0000][1][safepoint    ] Total time for which application threads were stopped: 0.0009317 seconds, Stopping threads took: 0.0003831 seconds
[2022-06-13T03:35:36.943+0000][1][safepoint    ] Application time: 1.0001169 seconds
[2022-06-13T03:35:36.943+0000][1][safepoint    ] Entering safepoint region: Cleanup
[2022-06-13T03:35:36.943+0000][1][safepoint    ] Leaving safepoint region
[2022-06-13T03:35:36.943+0000][1][safepoint    ] Total time for which application threads were stopped: 0.0003096 seconds, Stopping threads took: 0.0001373 seconds
[2022-06-13T03:35:37.944+0000][1][safepoint    ] Application time: 1.0001908 seconds
[2022-06-13T03:35:37.944+0000][1][safepoint    ] Entering safepoint region: Cleanup
[2022-06-13T03:35:37.945+0000][1][safepoint    ] Leaving safepoint region
[2022-06-13T03:35:37.945+0000][1][safepoint    ] Total time for which application threads were stopped: 0.0007095 seconds, Stopping threads took: 0.0002749 seconds
[2022-06-13T03:35:38.945+0000][1][safepoint    ] Application time: 1.0001779 seconds
[2022-06-13T03:35:38.946+0000][1][safepoint    ] Entering safepoint region: Cleanup
[2022-06-13T03:35:38.946+0000][1][safepoint    ] Leaving safepoint region
[2022-06-13T03:35:38.947+0000][1][safepoint    ] Total time for which application threads were stopped: 0.0008352 seconds, Stopping threads took: 0.0002919 seconds
[2022-06-13T03:35:39.948+0000][1][safepoint    ] Application time: 1.0002200 seconds
[2022-06-13T03:35:39.948+0000][1][safepoint    ] Entering safepoint region: Cleanup
[2022-06-13T03:35:39.949+0000][1][safepoint    ] Leaving safepoint region
[2022-06-13T03:35:39.949+0000][1][safepoint    ] Total time for which application threads were stopped: 0.0005949 seconds, Stopping threads took: 0.0002286 seconds
[2022-06-13T03:35:40.949+0000][1][safepoint    ] Application time: 1.0001015 seconds
[2022-06-13T03:35:40.950+0000][1][safepoint    ] Entering safepoint region: Cleanup
[2022-06-13T03:35:40.950+0000][1][safepoint    ] Leaving safepoint region
[2022-06-13T03:35:40.950+0000][1][safepoint    ] Total time for which application threads were stopped: 0.0005310 seconds, Stopping threads took: 0.0001934 seconds
[2022-06-13T03:35:41.951+0000][1][safepoint    ] Application time: 1.0002523 seconds
[2022-06-13T03:35:41.951+0000][1][safepoint    ] Entering safepoint region: Cleanup
[2022-06-13T03:35:41.951+0000][1][safepoint    ] Leaving safepoint region
[2022-06-13T03:35:41.952+0000][1][safepoint    ] Total time for which application threads were stopped: 0.0008426 seconds, Stopping threads took: 0.0002043 seconds
[2022-06-13T03:35:42.952+0000][1][safepoint    ] Application time: 1.0001260 seconds
[2022-06-13T03:35:42.953+0000][1][safepoint    ] Entering safepoint region: Cleanup
[2022-06-13T03:35:42.953+0000][1][safepoint    ] Leaving safepoint region
[2022-06-13T03:35:42.954+0000][1][safepoint    ] Total time for which application threads were stopped: 0.0006232 seconds, Stopping threads took: 0.0003786 seconds
[2022-06-13T03:35:43.954+0000][1][safepoint    ] Application time: 1.0003780 seconds
[2022-06-13T03:35:43.955+0000][1][safepoint    ] Entering safepoint region: Cleanup
[2022-06-13T03:35:43.955+0000][1][safepoint    ] Leaving safepoint region
[2022-06-13T03:35:43.956+0000][1][safepoint    ] Total time for which application threads were stopped: 0.0006955 seconds, Stopping threads took: 0.0002768 seconds
[2022-06-13T03:35:44.956+0000][1][safepoint    ] Application time: 1.0002272 seconds
[2022-06-13T03:35:44.957+0000][1][safepoint    ] Entering safepoint region: Cleanup
[2022-06-13T03:35:44.957+0000][1][safepoint    ] Leaving safepoint region
[2022-06-13T03:35:44.958+0000][1][safepoint    ] Total time for which application threads were stopped: 0.0011963 seconds, Stopping threads took: 0.0004756 seconds
[2022-06-13T03:35:45.959+0000][1][safepoint    ] Application time: 1.0002990 seconds
[2022-06-13T03:35:45.959+0000][1][safepoint    ] Entering safepoint region: Cleanup
[2022-06-13T03:35:45.960+0000][1][safepoint    ] Leaving safepoint region
[2022-06-13T03:35:45.960+0000][1][safepoint    ] Total time for which application threads were stopped: 0.0010044 seconds, Stopping threads took: 0.0003272 seconds
[2022-06-13T03:35:46.961+0000][1][safepoint    ] Application time: 1.0002142 seconds
[2022-06-13T03:35:46.962+0000][1][safepoint    ] Entering safepoint region: Cleanup
[2022-06-13T03:35:46.962+0000][1][safepoint    ] Leaving safepoint region
[2022-06-13T03:35:46.962+0000][1][safepoint    ] Total time for which application threads were stopped: 0.0009515 seconds, Stopping threads took: 0.0004668 seconds
[2022-06-13T03:35:47.963+0000][1][safepoint    ] Application time: 1.0002199 seconds
[2022-06-13T03:35:47.963+0000][1][safepoint    ] Entering safepoint region: Cleanup
[2022-06-13T03:35:47.964+0000][1][safepoint    ] Leaving safepoint region
[2022-06-13T03:35:47.964+0000][1][safepoint    ] Total time for which application threads were stopped: 0.0009161 seconds, Stopping threads took: 0.0003846 seconds
[2022-06-13T03:35:48.965+0000][1][safepoint    ] Application time: 1.0002446 seconds
[2022-06-13T03:35:48.966+0000][1][safepoint    ] Entering safepoint region: Cleanup
[2022-06-13T03:35:48.966+0000][1][safepoint    ] Leaving safepoint region
[2022-06-13T03:35:48.966+0000][1][safepoint    ] Total time for which application threads were stopped: 0.0005608 seconds, Stopping threads took: 0.0003424 seconds
[2022-06-13T03:35:49.966+0000][1][safepoint    ] Application time: 1.0002013 seconds
[2022-06-13T03:35:49.967+0000][1][safepoint    ] Entering safepoint region: Cleanup
[2022-06-13T03:35:49.967+0000][1][safepoint    ] Leaving safepoint region
[2022-06-13T03:35:49.968+0000][1][safepoint    ] Total time for which application threads were stopped: 0.0005022 seconds, Stopping threads took: 0.0002147 seconds
[2022-06-13T03:35:50.968+0000][1][safepoint    ] Application time: 1.0001322 seconds
[2022-06-13T03:35:50.968+0000][1][safepoint    ] Entering safepoint region: Cleanup
[2022-06-13T03:35:50.969+0000][1][safepoint    ] Leaving safepoint region
[2022-06-13T03:35:50.969+0000][1][safepoint    ] Total time for which application threads were stopped: 0.0005376 seconds, Stopping threads took: 0.0002438 seconds
[2022-06-13T03:35:51.970+0000][1][safepoint    ] Application time: 1.0003526 seconds
[2022-06-13T03:35:51.970+0000][1][safepoint    ] Entering safepoint region: Cleanup
[2022-06-13T03:35:51.971+0000][1][safepoint    ] Leaving safepoint region
[2022-06-13T03:35:51.971+0000][1][safepoint    ] Total time for which application threads were stopped: 0.0009811 seconds, Stopping threads took: 0.0003078 seconds
[2022-06-13T03:35:52.972+0000][1][safepoint    ] Application time: 1.0002220 seconds
[2022-06-13T03:35:52.972+0000][1][safepoint    ] Entering safepoint region: Cleanup
[2022-06-13T03:35:52.973+0000][1][safepoint    ] Leaving safepoint region
[2022-06-13T03:35:52.973+0000][1][safepoint    ] Total time for which application threads were stopped: 0.0006594 seconds, Stopping threads took: 0.0003416 seconds
[2022-06-13T03:35:53.974+0000][1][safepoint    ] Application time: 1.0001767 seconds
[2022-06-13T03:35:53.974+0000][1][safepoint    ] Entering safepoint region: Cleanup
[2022-06-13T03:35:53.974+0000][1][safepoint    ] Leaving safepoint region
[2022-06-13T03:35:53.975+0000][1][safepoint    ] Total time for which application threads were stopped: 0.0007091 seconds, Stopping threads took: 0.0002007 seconds
[2022-06-13T03:35:54.975+0000][1][safepoint    ] Application time: 1.0001395 seconds
[2022-06-13T03:35:54.976+0000][1][safepoint    ] Entering safepoint region: Cleanup
[2022-06-13T03:35:54.976+0000][1][safepoint    ] Leaving safepoint region
[2022-06-13T03:35:54.977+0000][1][safepoint    ] Total time for which application threads were stopped: 0.0006572 seconds, Stopping threads took: 0.0003033 seconds
[2022-06-13T03:35:55.977+0000][1][safepoint    ] Application time: 1.0002572 seconds
[2022-06-13T03:35:55.977+0000][1][safepoint    ] Entering safepoint region: Cleanup
[2022-06-13T03:35:55.978+0000][1][safepoint    ] Leaving safepoint region
[2022-06-13T03:35:55.978+0000][1][safepoint    ] Total time for which application threads were stopped: 0.0008142 seconds, Stopping threads took: 0.0003354 seconds
[2022-06-13T03:35:56.979+0000][1][safepoint    ] Application time: 1.0002131 seconds
[2022-06-13T03:35:56.979+0000][1][safepoint    ] Entering safepoint region: Cleanup
[2022-06-13T03:35:56.980+0000][1][safepoint    ] Leaving safepoint region
[2022-06-13T03:35:56.980+0000][1][safepoint    ] Total time for which application threads were stopped: 0.0004772 seconds, Stopping threads took: 0.0002208 seconds
[2022-06-13T03:35:57.980+0000][1][safepoint    ] Application time: 1.0001401 seconds
[2022-06-13T03:35:57.980+0000][1][safepoint    ] Entering safepoint region: Cleanup
[2022-06-13T03:35:57.981+0000][1][safepoint    ] Leaving safepoint region
[2022-06-13T03:35:57.981+0000][1][safepoint    ] Total time for which application threads were stopped: 0.0003286 seconds, Stopping threads took: 0.0001313 seconds
[2022-06-13T03:35:58.981+0000][1][safepoint    ] Application time: 1.0001764 seconds
[2022-06-13T03:35:58.981+0000][1][safepoint    ] Entering safepoint region: Cleanup
[2022-06-13T03:35:58.982+0000][1][safepoint    ] Leaving safepoint region
[2022-06-13T03:35:58.982+0000][1][safepoint    ] Total time for which application threads were stopped: 0.0006146 seconds, Stopping threads took: 0.0003105 seconds
[2022-06-13T03:35:59.982+0000][1][safepoint    ] Application time: 1.0000867 seconds
[2022-06-13T03:35:59.983+0000][1][safepoint    ] Entering safepoint region: Cleanup
[2022-06-13T03:35:59.983+0000][1][safepoint    ] Leaving safepoint region
[2022-06-13T03:35:59.983+0000][1][safepoint    ] Total time for which application threads were stopped: 0.0004128 seconds, Stopping threads took: 0.0001834 seconds
[2022-06-13T03:36:00.983+0000][1][safepoint    ] Application time: 1.0001719 seconds
[2022-06-13T03:36:00.984+0000][1][safepoint    ] Entering safepoint region: Cleanup
[2022-06-13T03:36:00.984+0000][1][safepoint    ] Leaving safepoint region
[2022-06-13T03:36:00.984+0000][1][safepoint    ] Total time for which application threads were stopped: 0.0006259 seconds, Stopping threads took: 0.0003249 seconds
[2022-06-13T03:36:01.985+0000][1][safepoint    ] Application time: 1.0001842 seconds
[2022-06-13T03:36:01.985+0000][1][safepoint    ] Entering safepoint region: Cleanup
[2022-06-13T03:36:01.986+0000][1][safepoint    ] Leaving safepoint region
[2022-06-13T03:36:01.986+0000][1][safepoint    ] Total time for which application threads were stopped: 0.0009731 seconds, Stopping threads took: 0.0003580 seconds
[2022-06-13T03:36:02.987+0000][1][safepoint    ] Application time: 1.0001997 seconds
[2022-06-13T03:36:02.987+0000][1][safepoint    ] Entering safepoint region: Cleanup
[2022-06-13T03:36:02.988+0000][1][safepoint    ] Leaving safepoint region
[2022-06-13T03:36:02.988+0000][1][safepoint    ] Total time for which application threads were stopped: 0.0007871 seconds, Stopping threads took: 0.0003601 seconds
[2022-06-13T03:36:03.989+0000][1][safepoint    ] Application time: 1.0003380 seconds
[2022-06-13T03:36:03.989+0000][1][safepoint    ] Entering safepoint region: Cleanup
[2022-06-13T03:36:03.990+0000][1][safepoint    ] Leaving safepoint region
[2022-06-13T03:36:03.990+0000][1][safepoint    ] Total time for which application threads were stopped: 0.0009267 seconds, Stopping threads took: 0.0002792 seconds
[2022-06-13T03:36:04.991+0000][1][safepoint    ] Application time: 1.0001159 seconds
[2022-06-13T03:36:04.991+0000][1][safepoint    ] Entering safepoint region: Cleanup
[2022-06-13T03:36:04.991+0000][1][safepoint    ] Leaving safepoint region
[2022-06-13T03:36:04.992+0000][1][safepoint    ] Total time for which application threads were stopped: 0.0007123 seconds, Stopping threads took: 0.0003867 seconds
[2022-06-13T03:36:05.992+0000][1][safepoint    ] Application time: 1.0002709 seconds
[2022-06-13T03:36:05.993+0000][1][safepoint    ] Entering safepoint region: Cleanup
[2022-06-13T03:36:05.993+0000][1][safepoint    ] Leaving safepoint region
[2022-06-13T03:36:05.994+0000][1][safepoint    ] Total time for which application threads were stopped: 0.0008020 seconds, Stopping threads took: 0.0003662 seconds
[2022-06-13T03:36:06.994+0000][1][safepoint    ] Application time: 1.0003621 seconds
[2022-06-13T03:36:06.995+0000][1][safepoint    ] Entering safepoint region: Cleanup
[2022-06-13T03:36:06.995+0000][1][safepoint    ] Leaving safepoint region
[2022-06-13T03:36:06.995+0000][1][safepoint    ] Total time for which application threads were stopped: 0.0006383 seconds, Stopping threads took: 0.0002668 seconds
[2022-06-13T03:36:07.996+0000][1][safepoint    ] Application time: 1.0002885 seconds
[2022-06-13T03:36:07.996+0000][1][safepoint    ] Entering safepoint region: Cleanup
[2022-06-13T03:36:07.997+0000][1][safepoint    ] Leaving safepoint region
[2022-06-13T03:36:07.997+0000][1][safepoint    ] Total time for which application threads were stopped: 0.0007404 seconds, Stopping threads took: 0.0003644 seconds
[2022-06-13T03:36:08.998+0000][1][safepoint    ] Application time: 1.0002175 seconds
[2022-06-13T03:36:08.998+0000][1][safepoint    ] Entering safepoint region: Cleanup
[2022-06-13T03:36:08.998+0000][1][safepoint    ] Leaving safepoint region
[2022-06-13T03:36:08.999+0000][1][safepoint    ] Total time for which application threads were stopped: 0.0004984 seconds, Stopping threads took: 0.0001911 seconds
[2022-06-13T03:36:09.999+0000][1][safepoint    ] Application time: 1.0003588 seconds
[2022-06-13T03:36:10.000+0000][1][safepoint    ] Entering safepoint region: Cleanup
[2022-06-13T03:36:10.000+0000][1][safepoint    ] Leaving safepoint region
[2022-06-13T03:36:10.000+0000][1][safepoint    ] Total time for which application threads were stopped: 0.0007526 seconds, Stopping threads took: 0.0002965 seconds
[2022-06-13T03:36:11.001+0000][1][safepoint    ] Application time: 1.0003240 seconds
[2022-06-13T03:36:11.002+0000][1][safepoint    ] Entering safepoint region: Cleanup
[2022-06-13T03:36:11.002+0000][1][safepoint    ] Leaving safepoint region
[2022-06-13T03:36:11.003+0000][1][safepoint    ] Total time for which application threads were stopped: 0.0009290 seconds, Stopping threads took: 0.0003992 seconds
[2022-06-13T03:36:12.003+0000][1][safepoint    ] Application time: 1.0002402 seconds
[2022-06-13T03:36:12.003+0000][1][safepoint    ] Entering safepoint region: Cleanup
[2022-06-13T03:36:12.004+0000][1][safepoint    ] Leaving safepoint region
[2022-06-13T03:36:12.005+0000][1][safepoint    ] Total time for which application threads were stopped: 0.0011290 seconds, Stopping threads took: 0.0004204 seconds
[2022-06-13T03:36:13.005+0000][1][safepoint    ] Application time: 1.0002754 seconds
[2022-06-13T03:36:13.006+0000][1][safepoint    ] Entering safepoint region: Cleanup
[2022-06-13T03:36:13.006+0000][1][safepoint    ] Leaving safepoint region
[2022-06-13T03:36:13.006+0000][1][safepoint    ] Total time for which application threads were stopped: 0.0008599 seconds, Stopping threads took: 0.0005147 seconds
[2022-06-13T03:36:14.007+0000][1][safepoint    ] Application time: 1.0001291 seconds
[2022-06-13T03:36:14.007+0000][1][safepoint    ] Entering safepoint region: Cleanup
[2022-06-13T03:36:14.008+0000][1][safepoint    ] Leaving safepoint region
[2022-06-13T03:36:14.008+0000][1][safepoint    ] Total time for which application threads were stopped: 0.0007614 seconds, Stopping threads took: 0.0002072 seconds
[2022-06-13T03:36:15.008+0000][1][safepoint    ] Application time: 1.0003281 seconds
[2022-06-13T03:36:15.009+0000][1][safepoint    ] Entering safepoint region: Cleanup
[2022-06-13T03:36:15.009+0000][1][safepoint    ] Leaving safepoint region
[2022-06-13T03:36:15.009+0000][1][safepoint    ] Total time for which application threads were stopped: 0.0007094 seconds, Stopping threads took: 0.0002434 seconds
[2022-06-13T03:36:16.010+0000][1][safepoint    ] Application time: 1.0002000 seconds
[2022-06-13T03:36:16.010+0000][1][safepoint    ] Entering safepoint region: Cleanup
[2022-06-13T03:36:16.011+0000][1][safepoint    ] Leaving safepoint region
[2022-06-13T03:36:16.011+0000][1][safepoint    ] Total time for which application threads were stopped: 0.0005548 seconds, Stopping threads took: 0.0002811 seconds
[2022-06-13T03:36:17.011+0000][1][safepoint    ] Application time: 1.0002315 seconds
[2022-06-13T03:36:17.012+0000][1][safepoint    ] Entering safepoint region: Cleanup
[2022-06-13T03:36:17.013+0000][1][safepoint    ] Leaving safepoint region
[2022-06-13T03:36:17.013+0000][1][safepoint    ] Total time for which application threads were stopped: 0.0012910 seconds, Stopping threads took: 0.0006346 seconds
[2022-06-13T03:36:18.014+0000][1][safepoint    ] Application time: 1.0002372 seconds
[2022-06-13T03:36:18.015+0000][1][safepoint    ] Entering safepoint region: Cleanup
[2022-06-13T03:36:18.015+0000][1][safepoint    ] Leaving safepoint region
[2022-06-13T03:36:18.015+0000][1][safepoint    ] Total time for which application threads were stopped: 0.0006543 seconds, Stopping threads took: 0.0002982 seconds
[2022-06-13T03:36:19.016+0000][1][safepoint    ] Application time: 1.0002582 seconds
[2022-06-13T03:36:19.017+0000][1][safepoint    ] Entering safepoint region: Cleanup
[2022-06-13T03:36:19.017+0000][1][safepoint    ] Leaving safepoint region
[2022-06-13T03:36:19.017+0000][1][safepoint    ] Total time for which application threads were stopped: 0.0008040 seconds, Stopping threads took: 0.0003375 seconds
[2022-06-13T03:36:20.018+0000][1][safepoint    ] Application time: 1.0001941 seconds
[2022-06-13T03:36:20.018+0000][1][safepoint    ] Entering safepoint region: Cleanup
[2022-06-13T03:36:20.019+0000][1][safepoint    ] Leaving safepoint region
[2022-06-13T03:36:20.019+0000][1][safepoint    ] Total time for which application threads were stopped: 0.0008024 seconds, Stopping threads took: 0.0004379 seconds
[2022-06-13T03:36:21.020+0000][1][safepoint    ] Application time: 1.0001450 seconds
[2022-06-13T03:36:21.020+0000][1][safepoint    ] Entering safepoint region: Cleanup
[2022-06-13T03:36:21.021+0000][1][safepoint    ] Leaving safepoint region
[2022-06-13T03:36:21.021+0000][1][safepoint    ] Total time for which application threads were stopped: 0.0008536 seconds, Stopping threads took: 0.0004591 seconds
[2022-06-13T03:36:22.022+0000][1][safepoint    ] Application time: 1.0001982 seconds
[2022-06-13T03:36:22.022+0000][1][safepoint    ] Entering safepoint region: Cleanup
[2022-06-13T03:36:22.022+0000][1][safepoint    ] Leaving safepoint region
[2022-06-13T03:36:22.023+0000][1][safepoint    ] Total time for which application threads were stopped: 0.0010612 seconds, Stopping threads took: 0.0003388 seconds
[2022-06-13T03:36:23.024+0000][1][safepoint    ] Application time: 1.0002009 seconds
[2022-06-13T03:36:23.024+0000][1][safepoint    ] Entering safepoint region: Cleanup
[2022-06-13T03:36:23.025+0000][1][safepoint    ] Leaving safepoint region
[2022-06-13T03:36:23.025+0000][1][safepoint    ] Total time for which application threads were stopped: 0.0008057 seconds, Stopping threads took: 0.0004844 seconds
[2022-06-13T03:36:24.025+0000][1][safepoint    ] Application time: 1.0002023 seconds
[2022-06-13T03:36:24.026+0000][1][safepoint    ] Entering safepoint region: Cleanup
[2022-06-13T03:36:24.026+0000][1][safepoint    ] Leaving safepoint region
[2022-06-13T03:36:24.027+0000][1][safepoint    ] Total time for which application threads were stopped: 0.0011424 seconds, Stopping threads took: 0.0005320 seconds
[2022-06-13T03:36:25.028+0000][1][safepoint    ] Application time: 1.0002694 seconds
[2022-06-13T03:36:25.028+0000][1][safepoint    ] Entering safepoint region: Cleanup
[2022-06-13T03:36:25.028+0000][1][safepoint    ] Leaving safepoint region
[2022-06-13T03:36:25.029+0000][1][safepoint    ] Total time for which application threads were stopped: 0.0008471 seconds, Stopping threads took: 0.0004297 seconds
[2022-06-13T03:36:26.029+0000][1][safepoint    ] Application time: 1.0002849 seconds
[2022-06-13T03:36:26.030+0000][1][safepoint    ] Entering safepoint region: Cleanup
[2022-06-13T03:36:26.030+0000][1][safepoint    ] Leaving safepoint region
[2022-06-13T03:36:26.030+0000][1][safepoint    ] Total time for which application threads were stopped: 0.0005290 seconds, Stopping threads took: 0.0002035 seconds
[2022-06-13T03:36:31.031+0000][1][safepoint    ] Application time: 5.0009025 seconds
[2022-06-13T03:36:31.032+0000][1][safepoint    ] Entering safepoint region: Cleanup
[2022-06-13T03:36:31.033+0000][1][safepoint    ] Leaving safepoint region
[2022-06-13T03:36:31.034+0000][1][safepoint    ] Total time for which application threads were stopped: 0.0013894 seconds, Stopping threads took: 0.0006726 seconds
[2022-06-13T03:36:37.035+0000][1][safepoint    ] Application time: 6.0008786 seconds
[2022-06-13T03:36:37.036+0000][1][safepoint    ] Entering safepoint region: Cleanup
[2022-06-13T03:36:37.036+0000][1][safepoint    ] Leaving safepoint region
[2022-06-13T03:36:37.036+0000][1][safepoint    ] Total time for which application threads were stopped: 0.0007244 seconds, Stopping threads took: 0.0003040 seconds
[2022-06-13T03:36:38.037+0000][1][safepoint    ] Application time: 1.0001861 seconds
[2022-06-13T03:36:38.037+0000][1][safepoint    ] Entering safepoint region: Cleanup
[2022-06-13T03:36:38.038+0000][1][safepoint    ] Leaving safepoint region
[2022-06-13T03:36:38.038+0000][1][safepoint    ] Total time for which application threads were stopped: 0.0006413 seconds, Stopping threads took: 0.0003249 seconds
[2022-06-13T03:36:42.039+0000][1][safepoint    ] Application time: 4.0008055 seconds
[2022-06-13T03:36:42.040+0000][1][safepoint    ] Entering safepoint region: Cleanup
[2022-06-13T03:36:42.041+0000][1][safepoint    ] Leaving safepoint region
[2022-06-13T03:36:42.041+0000][1][safepoint    ] Total time for which application threads were stopped: 0.0011689 seconds, Stopping threads took: 0.0005312 seconds
[2022-06-13T03:36:51.044+0000][1][safepoint    ] Application time: 9.0019363 seconds
[2022-06-13T03:36:51.044+0000][1][safepoint    ] Entering safepoint region: Cleanup
[2022-06-13T03:36:51.045+0000][1][safepoint    ] Leaving safepoint region
[2022-06-13T03:36:51.046+0000][1][safepoint    ] Total time for which application threads were stopped: 0.0014484 seconds, Stopping threads took: 0.0008093 seconds
[2022-06-13T03:36:54.047+0000][1][safepoint    ] Application time: 3.0005448 seconds
[2022-06-13T03:36:54.048+0000][1][safepoint    ] Entering safepoint region: Cleanup
[2022-06-13T03:36:54.048+0000][1][safepoint    ] Leaving safepoint region
[2022-06-13T03:36:54.049+0000][1][safepoint    ] Total time for which application threads were stopped: 0.0011534 seconds, Stopping threads took: 0.0005178 seconds
[2022-06-13T03:37:06.051+0000][1][safepoint    ] Application time: 12.0019317 seconds
[2022-06-13T03:37:06.051+0000][1][safepoint    ] Entering safepoint region: Cleanup
[2022-06-13T03:37:06.052+0000][1][safepoint    ] Leaving safepoint region
[2022-06-13T03:37:06.052+0000][1][safepoint    ] Total time for which application threads were stopped: 0.0005216 seconds, Stopping threads took: 0.0002903 seconds
[2022-06-13T03:37:12.051+0000][1][safepoint    ] Application time: 5.9990097 seconds
[2022-06-13T03:37:12.052+0000][1][safepoint    ] Entering safepoint region: GenCollectForAllocation
[2022-06-13T03:37:12.052+0000][1][gc,start     ] GC(25) Pause Young (Allocation Failure)
[2022-06-13T03:37:12.052+0000][1][gc,task      ] GC(25) Using 5 workers of 13 for evacuation
[2022-06-13T03:37:12.056+0000][1][gc,age       ] GC(25) Desired survivor size 4456448 bytes, new threshold 6 (max threshold 6)
[2022-06-13T03:37:12.056+0000][1][gc,age       ] GC(25) Age table with threshold 6 (max threshold 6)
[2022-06-13T03:37:12.057+0000][1][gc,age       ] GC(25) - age   1:       7008 bytes,       7008 total
[2022-06-13T03:37:12.057+0000][1][gc,age       ] GC(25) - age   2:    1192944 bytes,    1199952 total
[2022-06-13T03:37:12.058+0000][1][gc,age       ] GC(25) - age   3:      57064 bytes,    1257016 total
[2022-06-13T03:37:12.058+0000][1][gc,age       ] GC(25) - age   4:    2782704 bytes,    4039720 total
[2022-06-13T03:37:12.058+0000][1][gc,heap      ] GC(25) ParNew: 75615K->5057K(78656K)
[2022-06-13T03:37:12.059+0000][1][gc,heap      ] GC(25) CMS: 67876K->67876K(174784K)
[2022-06-13T03:37:12.059+0000][1][gc,metaspace ] GC(25) Metaspace: 70792K->70792K(1114112K)
[2022-06-13T03:37:12.059+0000][1][gc           ] GC(25) Pause Young (Allocation Failure) 140M->71M(247M) 7.358ms
[2022-06-13T03:37:12.060+0000][1][gc,cpu       ] GC(25) User=0.01s Sys=0.01s Real=0.01s
[2022-06-13T03:37:12.060+0000][1][safepoint    ] Leaving safepoint region
[2022-06-13T03:37:12.060+0000][1][safepoint    ] Total time for which application threads were stopped: 0.0086693 seconds, Stopping threads took: 0.0003252 seconds
[2022-06-13T03:37:20.062+0000][1][safepoint    ] Application time: 8.0011089 seconds
[2022-06-13T03:37:20.062+0000][1][safepoint    ] Entering safepoint region: Cleanup
[2022-06-13T03:37:20.063+0000][1][safepoint    ] Leaving safepoint region
[2022-06-13T03:37:20.063+0000][1][safepoint    ] Total time for which application threads were stopped: 0.0008878 seconds, Stopping threads took: 0.0004684 seconds
[2022-06-13T03:37:22.064+0000][1][safepoint    ] Application time: 2.0004739 seconds
[2022-06-13T03:37:22.064+0000][1][safepoint    ] Entering safepoint region: Cleanup
[2022-06-13T03:37:22.065+0000][1][safepoint    ] Leaving safepoint region
[2022-06-13T03:37:22.065+0000][1][safepoint    ] Total time for which application threads were stopped: 0.0005321 seconds, Stopping threads took: 0.0002497 seconds
[2022-06-13T03:37:39.068+0000][1][safepoint    ] Application time: 17.0033233 seconds
[2022-06-13T03:37:39.069+0000][1][safepoint    ] Entering safepoint region: Cleanup
[2022-06-13T03:37:39.070+0000][1][safepoint    ] Leaving safepoint region
[2022-06-13T03:37:39.070+0000][1][safepoint    ] Total time for which application threads were stopped: 0.0006151 seconds, Stopping threads took: 0.0003542 seconds
[2022-06-13T03:37:52.072+0000][1][safepoint    ] Application time: 13.0022132 seconds
[2022-06-13T03:37:52.073+0000][1][safepoint    ] Entering safepoint region: Cleanup
[2022-06-13T03:37:52.073+0000][1][safepoint    ] Leaving safepoint region
[2022-06-13T03:37:52.074+0000][1][safepoint    ] Total time for which application threads were stopped: 0.0011292 seconds, Stopping threads took: 0.0004969 seconds
[2022-06-13T03:37:53.075+0000][1][safepoint    ] Application time: 1.0002369 seconds
[2022-06-13T03:37:53.075+0000][1][safepoint    ] Entering safepoint region: Cleanup
[2022-06-13T03:37:53.075+0000][1][safepoint    ] Leaving safepoint region
[2022-06-13T03:37:53.076+0000][1][safepoint    ] Total time for which application threads were stopped: 0.0006272 seconds, Stopping threads took: 0.0002669 seconds
[2022-06-13T03:37:54.076+0000][1][safepoint    ] Application time: 1.0003271 seconds
[2022-06-13T03:37:54.077+0000][1][safepoint    ] Entering safepoint region: Cleanup
[2022-06-13T03:37:54.078+0000][1][safepoint    ] Leaving safepoint region
[2022-06-13T03:37:54.078+0000][1][safepoint    ] Total time for which application threads were stopped: 0.0011613 seconds, Stopping threads took: 0.0005272 seconds
[2022-06-13T03:38:03.080+0000][1][safepoint    ] Application time: 9.0016272 seconds
[2022-06-13T03:38:03.081+0000][1][safepoint    ] Entering safepoint region: Cleanup
[2022-06-13T03:38:03.082+0000][1][safepoint    ] Leaving safepoint region
[2022-06-13T03:38:03.082+0000][1][safepoint    ] Total time for which application threads were stopped: 0.0010537 seconds, Stopping threads took: 0.0005226 seconds
[2022-06-13T03:38:50.202+0000][1][safepoint    ] Application time: 47.1197727 seconds
[2022-06-13T03:38:50.203+0000][1][safepoint    ] Entering safepoint region: GenCollectForAllocation
[2022-06-13T03:38:50.203+0000][1][gc,start     ] GC(26) Pause Young (Allocation Failure)
[2022-06-13T03:38:50.203+0000][1][gc,task      ] GC(26) Using 5 workers of 13 for evacuation
[2022-06-13T03:38:50.206+0000][1][gc,age       ] GC(26) Desired survivor size 4456448 bytes, new threshold 6 (max threshold 6)
[2022-06-13T03:38:50.206+0000][1][gc,age       ] GC(26) Age table with threshold 6 (max threshold 6)
[2022-06-13T03:38:50.207+0000][1][gc,age       ] GC(26) - age   1:       7368 bytes,       7368 total
[2022-06-13T03:38:50.207+0000][1][gc,age       ] GC(26) - age   2:       1872 bytes,       9240 total
[2022-06-13T03:38:50.207+0000][1][gc,age       ] GC(26) - age   3:    1192816 bytes,    1202056 total
[2022-06-13T03:38:50.207+0000][1][gc,age       ] GC(26) - age   4:      57064 bytes,    1259120 total
[2022-06-13T03:38:50.207+0000][1][gc,age       ] GC(26) - age   5:    2639120 bytes,    3898240 total
[2022-06-13T03:38:50.207+0000][1][gc,heap      ] GC(26) ParNew: 74951K->5406K(78656K)
[2022-06-13T03:38:50.207+0000][1][gc,heap      ] GC(26) CMS: 67876K->67876K(174784K)
[2022-06-13T03:38:50.208+0000][1][gc,metaspace ] GC(26) Metaspace: 70822K->70822K(1114112K)
[2022-06-13T03:38:50.208+0000][1][gc           ] GC(26) Pause Young (Allocation Failure) 139M->71M(247M) 4.901ms
[2022-06-13T03:38:50.208+0000][1][gc,cpu       ] GC(26) User=0.02s Sys=0.00s Real=0.00s
[2022-06-13T03:38:50.208+0000][1][safepoint    ] Leaving safepoint region
[2022-06-13T03:38:50.208+0000][1][safepoint    ] Total time for which application threads were stopped: 0.0056204 seconds, Stopping threads took: 0.0001808 seconds
[2022-06-13T03:39:02.211+0000][1][safepoint    ] Application time: 12.0023403 seconds
[2022-06-13T03:39:02.211+0000][1][safepoint    ] Entering safepoint region: Cleanup
[2022-06-13T03:39:02.212+0000][1][safepoint    ] Leaving safepoint region
[2022-06-13T03:39:02.212+0000][1][safepoint    ] Total time for which application threads were stopped: 0.0008691 seconds, Stopping threads took: 0.0004156 seconds
[2022-06-13T03:39:05.213+0000][1][safepoint    ] Application time: 3.0005033 seconds
[2022-06-13T03:39:05.214+0000][1][safepoint    ] Entering safepoint region: Cleanup
[2022-06-13T03:39:05.214+0000][1][safepoint    ] Leaving safepoint region
[2022-06-13T03:39:05.214+0000][1][safepoint    ] Total time for which application threads were stopped: 0.0008324 seconds, Stopping threads took: 0.0003611 seconds
[2022-06-13T03:39:07.215+0000][1][safepoint    ] Application time: 2.0002710 seconds
[2022-06-13T03:39:07.216+0000][1][safepoint    ] Entering safepoint region: Cleanup
[2022-06-13T03:39:07.216+0000][1][safepoint    ] Leaving safepoint region
[2022-06-13T03:39:07.216+0000][1][safepoint    ] Total time for which application threads were stopped: 0.0008010 seconds, Stopping threads took: 0.0003569 seconds
[2022-06-13T03:39:08.217+0000][1][safepoint    ] Application time: 1.0001848 seconds
[2022-06-13T03:39:08.217+0000][1][safepoint    ] Entering safepoint region: Cleanup
[2022-06-13T03:39:08.218+0000][1][safepoint    ] Leaving safepoint region
[2022-06-13T03:39:08.218+0000][1][safepoint    ] Total time for which application threads were stopped: 0.0007396 seconds, Stopping threads took: 0.0003405 seconds
[2022-06-13T03:39:21.221+0000][1][safepoint    ] Application time: 13.0027560 seconds
[2022-06-13T03:39:21.222+0000][1][safepoint    ] Entering safepoint region: Cleanup
[2022-06-13T03:39:21.222+0000][1][safepoint    ] Leaving safepoint region
[2022-06-13T03:39:21.223+0000][1][safepoint    ] Total time for which application threads were stopped: 0.0008618 seconds, Stopping threads took: 0.0003918 seconds
[2022-06-13T03:39:29.225+0000][1][safepoint    ] Application time: 8.0017081 seconds
[2022-06-13T03:39:29.225+0000][1][safepoint    ] Entering safepoint region: Cleanup
[2022-06-13T03:39:29.226+0000][1][safepoint    ] Leaving safepoint region
[2022-06-13T03:39:29.226+0000][1][safepoint    ] Total time for which application threads were stopped: 0.0006674 seconds, Stopping threads took: 0.0003851 seconds
[2022-06-13T03:39:51.231+0000][1][safepoint    ] Application time: 22.0043621 seconds
[2022-06-13T03:39:51.231+0000][1][safepoint    ] Entering safepoint region: Cleanup
[2022-06-13T03:39:51.231+0000][1][safepoint    ] Leaving safepoint region
[2022-06-13T03:39:51.232+0000][1][safepoint    ] Total time for which application threads were stopped: 0.0005978 seconds, Stopping threads took: 0.0002737 seconds
[2022-06-13T03:39:54.232+0000][1][safepoint    ] Application time: 3.0004160 seconds
[2022-06-13T03:39:54.233+0000][1][safepoint    ] Entering safepoint region: Cleanup
[2022-06-13T03:39:54.233+0000][1][safepoint    ] Leaving safepoint region
[2022-06-13T03:39:54.233+0000][1][safepoint    ] Total time for which application threads were stopped: 0.0003835 seconds, Stopping threads took: 0.0001654 seconds
[2022-06-13T03:39:57.234+0000][1][safepoint    ] Application time: 3.0005286 seconds
[2022-06-13T03:39:57.234+0000][1][safepoint    ] Entering safepoint region: Cleanup
[2022-06-13T03:39:57.235+0000][1][safepoint    ] Leaving safepoint region
[2022-06-13T03:39:57.235+0000][1][safepoint    ] Total time for which application threads were stopped: 0.0011833 seconds, Stopping threads took: 0.0004991 seconds
[2022-06-13T03:40:00.236+0000][1][safepoint    ] Application time: 3.0004594 seconds
[2022-06-13T03:40:00.237+0000][1][safepoint    ] Entering safepoint region: Cleanup
[2022-06-13T03:40:00.238+0000][1][safepoint    ] Leaving safepoint region
[2022-06-13T03:40:00.238+0000][1][safepoint    ] Total time for which application threads were stopped: 0.0008971 seconds, Stopping threads took: 0.0005119 seconds
[2022-06-13T03:40:10.240+0000][1][safepoint    ] Application time: 10.0016697 seconds
[2022-06-13T03:40:10.241+0000][1][safepoint    ] Entering safepoint region: Cleanup
[2022-06-13T03:40:10.241+0000][1][safepoint    ] Leaving safepoint region
[2022-06-13T03:40:10.242+0000][1][safepoint    ] Total time for which application threads were stopped: 0.0008081 seconds, Stopping threads took: 0.0003603 seconds
[2022-06-13T03:40:10.422+0000][1][safepoint    ] Application time: 0.1799940 seconds
[2022-06-13T03:40:10.422+0000][1][safepoint    ] Entering safepoint region: RevokeBias
[2022-06-13T03:40:10.423+0000][1][safepoint    ] Leaving safepoint region
[2022-06-13T03:40:10.423+0000][1][safepoint    ] Total time for which application threads were stopped: 0.0005694 seconds, Stopping threads took: 0.0002210 seconds
[2022-06-13T03:40:10.423+0000][1][safepoint    ] Application time: 0.0001348 seconds
[2022-06-13T03:40:10.424+0000][1][safepoint    ] Entering safepoint region: RevokeBias
[2022-06-13T03:40:10.424+0000][1][safepoint    ] Leaving safepoint region
[2022-06-13T03:40:10.424+0000][1][safepoint    ] Total time for which application threads were stopped: 0.0007670 seconds, Stopping threads took: 0.0004225 seconds
[2022-06-13T03:40:10.425+0000][1][safepoint    ] Application time: 0.0007474 seconds
[2022-06-13T03:40:10.426+0000][1][safepoint    ] Entering safepoint region: RevokeBias
[2022-06-13T03:40:10.426+0000][1][safepoint    ] Leaving safepoint region
[2022-06-13T03:40:10.426+0000][1][safepoint    ] Total time for which application threads were stopped: 0.0004121 seconds, Stopping threads took: 0.0002520 seconds
[2022-06-13T03:40:10.426+0000][1][safepoint    ] Application time: 0.0004048 seconds
[2022-06-13T03:40:10.427+0000][1][safepoint    ] Entering safepoint region: RevokeBias
[2022-06-13T03:40:10.427+0000][1][safepoint    ] Leaving safepoint region
[2022-06-13T03:40:10.427+0000][1][safepoint    ] Total time for which application threads were stopped: 0.0004728 seconds, Stopping threads took: 0.0002314 seconds
[2022-06-13T03:40:10.428+0000][1][safepoint    ] Application time: 0.0003088 seconds
[2022-06-13T03:40:10.428+0000][1][safepoint    ] Entering safepoint region: RevokeBias
[2022-06-13T03:40:10.428+0000][1][safepoint    ] Leaving safepoint region
[2022-06-13T03:40:10.428+0000][1][safepoint    ] Total time for which application threads were stopped: 0.0005235 seconds, Stopping threads took: 0.0001907 seconds
[2022-06-13T03:40:10.429+0000][1][safepoint    ] Application time: 0.0004297 seconds
[2022-06-13T03:40:10.430+0000][1][safepoint    ] Entering safepoint region: RevokeBias
[2022-06-13T03:40:10.430+0000][1][safepoint    ] Leaving safepoint region
[2022-06-13T03:40:10.430+0000][1][safepoint    ] Total time for which application threads were stopped: 0.0010530 seconds, Stopping threads took: 0.0005993 seconds
[2022-06-13T03:40:10.432+0000][1][safepoint    ] Application time: 0.0013901 seconds
[2022-06-13T03:40:10.432+0000][1][safepoint    ] Entering safepoint region: RevokeBias
[2022-06-13T03:40:10.432+0000][1][safepoint    ] Leaving safepoint region
[2022-06-13T03:40:10.433+0000][1][safepoint    ] Total time for which application threads were stopped: 0.0004713 seconds, Stopping threads took: 0.0002343 seconds
[2022-06-13T03:40:10.434+0000][1][safepoint    ] Application time: 0.0011539 seconds
[2022-06-13T03:40:10.434+0000][1][safepoint    ] Entering safepoint region: RevokeBias
[2022-06-13T03:40:10.434+0000][1][safepoint    ] Leaving safepoint region
[2022-06-13T03:40:10.435+0000][1][safepoint    ] Total time for which application threads were stopped: 0.0005618 seconds, Stopping threads took: 0.0002230 seconds
[2022-06-13T03:40:10.435+0000][1][safepoint    ] Application time: 0.0002530 seconds
[2022-06-13T03:40:10.435+0000][1][safepoint    ] Entering safepoint region: RevokeBias
[2022-06-13T03:40:10.436+0000][1][safepoint    ] Leaving safepoint region
[2022-06-13T03:40:10.436+0000][1][safepoint    ] Total time for which application threads were stopped: 0.0006229 seconds, Stopping threads took: 0.0003159 seconds
[2022-06-13T03:40:10.437+0000][1][safepoint    ] Application time: 0.0004145 seconds
[2022-06-13T03:40:10.437+0000][1][safepoint    ] Entering safepoint region: RevokeBias
[2022-06-13T03:40:10.437+0000][1][safepoint    ] Leaving safepoint region
[2022-06-13T03:40:10.438+0000][1][safepoint    ] Total time for which application threads were stopped: 0.0006657 seconds, Stopping threads took: 0.0004076 seconds
[2022-06-13T03:40:10.438+0000][1][safepoint    ] Application time: 0.0001305 seconds
[2022-06-13T03:40:10.438+0000][1][safepoint    ] Entering safepoint region: RevokeBias
[2022-06-13T03:40:10.438+0000][1][safepoint    ] Leaving safepoint region
[2022-06-13T03:40:10.439+0000][1][safepoint    ] Total time for which application threads were stopped: 0.0004850 seconds, Stopping threads took: 0.0002388 seconds
[2022-06-13T03:40:10.439+0000][1][safepoint    ] Application time: 0.0002526 seconds
[2022-06-13T03:40:10.439+0000][1][safepoint    ] Entering safepoint region: RevokeBias
[2022-06-13T03:40:10.440+0000][1][safepoint    ] Leaving safepoint region
[2022-06-13T03:40:10.440+0000][1][safepoint    ] Total time for which application threads were stopped: 0.0009147 seconds, Stopping threads took: 0.0002713 seconds
[2022-06-13T03:40:10.440+0000][1][safepoint    ] Application time: 0.0001133 seconds
[2022-06-13T03:40:10.441+0000][1][safepoint    ] Entering safepoint region: RevokeBias
[2022-06-13T03:40:10.441+0000][1][safepoint    ] Leaving safepoint region
[2022-06-13T03:40:10.441+0000][1][safepoint    ] Total time for which application threads were stopped: 0.0005789 seconds, Stopping threads took: 0.0002306 seconds
[2022-06-13T03:40:10.442+0000][1][safepoint    ] Application time: 0.0002442 seconds
[2022-06-13T03:40:10.442+0000][1][safepoint    ] Entering safepoint region: RevokeBias
[2022-06-13T03:40:10.442+0000][1][safepoint    ] Leaving safepoint region
[2022-06-13T03:40:10.442+0000][1][safepoint    ] Total time for which application threads were stopped: 0.0004787 seconds, Stopping threads took: 0.0001589 seconds
[2022-06-13T03:40:10.443+0000][1][safepoint    ] Application time: 0.0002022 seconds
[2022-06-13T03:40:10.443+0000][1][safepoint    ] Entering safepoint region: RevokeBias
[2022-06-13T03:40:10.443+0000][1][safepoint    ] Leaving safepoint region
[2022-06-13T03:40:10.444+0000][1][safepoint    ] Total time for which application threads were stopped: 0.0005897 seconds, Stopping threads took: 0.0002978 seconds
[2022-06-13T03:40:10.444+0000][1][safepoint    ] Application time: 0.0001291 seconds
[2022-06-13T03:40:10.445+0000][1][safepoint    ] Entering safepoint region: RevokeBias
[2022-06-13T03:40:10.445+0000][1][safepoint    ] Leaving safepoint region
[2022-06-13T03:40:10.445+0000][1][safepoint    ] Total time for which application threads were stopped: 0.0005565 seconds, Stopping threads took: 0.0002766 seconds
[2022-06-13T03:40:10.446+0000][1][safepoint    ] Application time: 0.0003525 seconds
[2022-06-13T03:40:10.446+0000][1][safepoint    ] Entering safepoint region: RevokeBias
[2022-06-13T03:40:10.447+0000][1][safepoint    ] Leaving safepoint region
[2022-06-13T03:40:10.447+0000][1][safepoint    ] Total time for which application threads were stopped: 0.0009593 seconds, Stopping threads took: 0.0005420 seconds
[2022-06-13T03:40:10.448+0000][1][safepoint    ] Application time: 0.0002280 seconds
[2022-06-13T03:40:10.448+0000][1][safepoint    ] Entering safepoint region: RevokeBias
[2022-06-13T03:40:10.448+0000][1][safepoint    ] Leaving safepoint region
[2022-06-13T03:40:10.449+0000][1][safepoint    ] Total time for which application threads were stopped: 0.0005520 seconds, Stopping threads took: 0.0001734 seconds
[2022-06-13T03:40:10.449+0000][1][safepoint    ] Application time: 0.0001596 seconds
[2022-06-13T03:40:10.449+0000][1][safepoint    ] Entering safepoint region: RevokeBias
[2022-06-13T03:40:10.449+0000][1][safepoint    ] Leaving safepoint region
[2022-06-13T03:40:10.450+0000][1][safepoint    ] Total time for which application threads were stopped: 0.0004802 seconds, Stopping threads took: 0.0002001 seconds
[2022-06-13T03:40:10.450+0000][1][safepoint    ] Application time: 0.0002041 seconds
[2022-06-13T03:40:10.450+0000][1][safepoint    ] Entering safepoint region: RevokeBias
[2022-06-13T03:40:10.451+0000][1][safepoint    ] Leaving safepoint region
[2022-06-13T03:40:10.451+0000][1][safepoint    ] Total time for which application threads were stopped: 0.0005141 seconds, Stopping threads took: 0.0002381 seconds
[2022-06-13T03:40:10.452+0000][1][safepoint    ] Application time: 0.0003961 seconds
[2022-06-13T03:40:10.452+0000][1][safepoint    ] Entering safepoint region: RevokeBias
[2022-06-13T03:40:10.452+0000][1][safepoint    ] Leaving safepoint region
[2022-06-13T03:40:10.452+0000][1][safepoint    ] Total time for which application threads were stopped: 0.0004921 seconds, Stopping threads took: 0.0001909 seconds
[2022-06-13T03:40:10.453+0000][1][safepoint    ] Application time: 0.0002727 seconds
[2022-06-13T03:40:10.453+0000][1][safepoint    ] Entering safepoint region: RevokeBias
[2022-06-13T03:40:10.454+0000][1][safepoint    ] Leaving safepoint region
[2022-06-13T03:40:10.454+0000][1][safepoint    ] Total time for which application threads were stopped: 0.0004718 seconds, Stopping threads took: 0.0001991 seconds
[2022-06-13T03:40:10.454+0000][1][safepoint    ] Application time: 0.0001896 seconds
[2022-06-13T03:40:10.454+0000][1][safepoint    ] Entering safepoint region: RevokeBias
[2022-06-13T03:40:10.455+0000][1][safepoint    ] Leaving safepoint region
[2022-06-13T03:40:10.455+0000][1][safepoint    ] Total time for which application threads were stopped: 0.0004283 seconds, Stopping threads took: 0.0001841 seconds
[2022-06-13T03:40:10.455+0000][1][safepoint    ] Application time: 0.0002091 seconds
[2022-06-13T03:40:10.456+0000][1][safepoint    ] Entering safepoint region: RevokeBias
[2022-06-13T03:40:10.456+0000][1][safepoint    ] Leaving safepoint region
[2022-06-13T03:40:10.456+0000][1][safepoint    ] Total time for which application threads were stopped: 0.0004335 seconds, Stopping threads took: 0.0001609 seconds
[2022-06-13T03:40:10.456+0000][1][safepoint    ] Application time: 0.0001589 seconds
[2022-06-13T03:40:10.457+0000][1][safepoint    ] Entering safepoint region: RevokeBias
[2022-06-13T03:40:10.457+0000][1][safepoint    ] Leaving safepoint region
[2022-06-13T03:40:10.457+0000][1][safepoint    ] Total time for which application threads were stopped: 0.0003561 seconds, Stopping threads took: 0.0001282 seconds
[2022-06-13T03:40:10.457+0000][1][safepoint    ] Application time: 0.0001894 seconds
[2022-06-13T03:40:10.458+0000][1][safepoint    ] Entering safepoint region: RevokeBias
[2022-06-13T03:40:10.458+0000][1][safepoint    ] Leaving safepoint region
[2022-06-13T03:40:10.458+0000][1][safepoint    ] Total time for which application threads were stopped: 0.0004207 seconds, Stopping threads took: 0.0002209 seconds
[2022-06-13T03:40:10.458+0000][1][safepoint    ] Application time: 0.0002097 seconds
[2022-06-13T03:40:10.459+0000][1][safepoint    ] Entering safepoint region: RevokeBias
[2022-06-13T03:40:10.459+0000][1][safepoint    ] Leaving safepoint region
[2022-06-13T03:40:10.459+0000][1][safepoint    ] Total time for which application threads were stopped: 0.0004494 seconds, Stopping threads took: 0.0002458 seconds
[2022-06-13T03:40:10.459+0000][1][safepoint    ] Application time: 0.0002016 seconds
[2022-06-13T03:40:10.459+0000][1][safepoint    ] Entering safepoint region: BulkRevokeBias
[2022-06-13T03:40:10.460+0000][1][safepoint    ] Leaving safepoint region
[2022-06-13T03:40:10.460+0000][1][safepoint    ] Total time for which application threads were stopped: 0.0006237 seconds, Stopping threads took: 0.0001812 seconds
[2022-06-13T03:40:10.460+0000][1][safepoint    ] Application time: 0.0002795 seconds
[2022-06-13T03:40:10.461+0000][1][safepoint    ] Entering safepoint region: RevokeBias
[2022-06-13T03:40:10.461+0000][1][safepoint    ] Leaving safepoint region
[2022-06-13T03:40:10.461+0000][1][safepoint    ] Total time for which application threads were stopped: 0.0003703 seconds, Stopping threads took: 0.0001321 seconds
[2022-06-13T03:40:10.461+0000][1][safepoint    ] Application time: 0.0001571 seconds
[2022-06-13T03:40:10.462+0000][1][safepoint    ] Entering safepoint region: RevokeBias
[2022-06-13T03:40:10.462+0000][1][safepoint    ] Leaving safepoint region
[2022-06-13T03:40:10.462+0000][1][safepoint    ] Total time for which application threads were stopped: 0.0004748 seconds, Stopping threads took: 0.0002275 seconds
[2022-06-13T03:40:10.462+0000][1][safepoint    ] Application time: 0.0001358 seconds
[2022-06-13T03:40:10.462+0000][1][safepoint    ] Entering safepoint region: RevokeBias
[2022-06-13T03:40:10.463+0000][1][safepoint    ] Leaving safepoint region
[2022-06-13T03:40:10.463+0000][1][safepoint    ] Total time for which application threads were stopped: 0.0003710 seconds, Stopping threads took: 0.0002259 seconds
[2022-06-13T03:40:10.465+0000][1][safepoint    ] Application time: 0.0016436 seconds
[2022-06-13T03:40:10.465+0000][1][safepoint    ] Entering safepoint region: RevokeBias
[2022-06-13T03:40:10.465+0000][1][safepoint    ] Leaving safepoint region
[2022-06-13T03:40:10.465+0000][1][safepoint    ] Total time for which application threads were stopped: 0.0003100 seconds, Stopping threads took: 0.0001342 seconds
[2022-06-13T03:40:10.466+0000][1][safepoint    ] Application time: 0.0002167 seconds
[2022-06-13T03:40:10.466+0000][1][safepoint    ] Entering safepoint region: RevokeBias
[2022-06-13T03:40:10.466+0000][1][safepoint    ] Leaving safepoint region
[2022-06-13T03:40:10.466+0000][1][safepoint    ] Total time for which application threads were stopped: 0.0004690 seconds, Stopping threads took: 0.0002559 seconds
[2022-06-13T03:40:10.466+0000][1][safepoint    ] Application time: 0.0000619 seconds
[2022-06-13T03:40:10.467+0000][1][safepoint    ] Entering safepoint region: RevokeBias
[2022-06-13T03:40:10.467+0000][1][safepoint    ] Leaving safepoint region
[2022-06-13T03:40:10.467+0000][1][safepoint    ] Total time for which application threads were stopped: 0.0003743 seconds, Stopping threads took: 0.0001474 seconds
[2022-06-13T03:40:10.467+0000][1][safepoint    ] Application time: 0.0001086 seconds
[2022-06-13T03:40:10.468+0000][1][safepoint    ] Entering safepoint region: RevokeBias
[2022-06-13T03:40:10.468+0000][1][safepoint    ] Leaving safepoint region
[2022-06-13T03:40:10.468+0000][1][safepoint    ] Total time for which application threads were stopped: 0.0004697 seconds, Stopping threads took: 0.0002375 seconds
[2022-06-13T03:40:10.468+0000][1][safepoint    ] Application time: 0.0001238 seconds
[2022-06-13T03:40:10.468+0000][1][safepoint    ] Entering safepoint region: RevokeBias
[2022-06-13T03:40:10.469+0000][1][safepoint    ] Leaving safepoint region
[2022-06-13T03:40:10.469+0000][1][safepoint    ] Total time for which application threads were stopped: 0.0003079 seconds, Stopping threads took: 0.0001273 seconds
[2022-06-13T03:40:10.469+0000][1][safepoint    ] Application time: 0.0001471 seconds
[2022-06-13T03:40:10.469+0000][1][safepoint    ] Entering safepoint region: RevokeBias
[2022-06-13T03:40:10.469+0000][1][safepoint    ] Leaving safepoint region
[2022-06-13T03:40:10.469+0000][1][safepoint    ] Total time for which application threads were stopped: 0.0003542 seconds, Stopping threads took: 0.0001596 seconds
[2022-06-13T03:40:10.471+0000][1][safepoint    ] Application time: 0.0011619 seconds
[2022-06-13T03:40:10.471+0000][1][safepoint    ] Entering safepoint region: RevokeBias
[2022-06-13T03:40:10.471+0000][1][safepoint    ] Leaving safepoint region
[2022-06-13T03:40:10.471+0000][1][safepoint    ] Total time for which application threads were stopped: 0.0005062 seconds, Stopping threads took: 0.0002330 seconds
[2022-06-13T03:40:10.472+0000][1][safepoint    ] Application time: 0.0003767 seconds
[2022-06-13T03:40:10.472+0000][1][safepoint    ] Entering safepoint region: RevokeBias
[2022-06-13T03:40:10.473+0000][1][safepoint    ] Leaving safepoint region
[2022-06-13T03:40:10.473+0000][1][safepoint    ] Total time for which application threads were stopped: 0.0007995 seconds, Stopping threads took: 0.0002200 seconds
[2022-06-13T03:40:10.474+0000][1][safepoint    ] Application time: 0.0012282 seconds
[2022-06-13T03:40:10.475+0000][1][safepoint    ] Entering safepoint region: RevokeBias
[2022-06-13T03:40:10.475+0000][1][safepoint    ] Leaving safepoint region
[2022-06-13T03:40:10.476+0000][1][safepoint    ] Total time for which application threads were stopped: 0.0004147 seconds, Stopping threads took: 0.0001777 seconds
[2022-06-13T03:40:10.477+0000][1][safepoint    ] Application time: 0.0010791 seconds
[2022-06-13T03:40:10.477+0000][1][safepoint    ] Entering safepoint region: RevokeBias
[2022-06-13T03:40:10.477+0000][1][safepoint    ] Leaving safepoint region
[2022-06-13T03:40:10.477+0000][1][safepoint    ] Total time for which application threads were stopped: 0.0004889 seconds, Stopping threads took: 0.0003161 seconds
[2022-06-13T03:40:10.478+0000][1][safepoint    ] Application time: 0.0001344 seconds
[2022-06-13T03:40:10.478+0000][1][safepoint    ] Entering safepoint region: RevokeBias
[2022-06-13T03:40:10.478+0000][1][safepoint    ] Leaving safepoint region
[2022-06-13T03:40:10.478+0000][1][safepoint    ] Total time for which application threads were stopped: 0.0003710 seconds, Stopping threads took: 0.0001664 seconds
[2022-06-13T03:40:10.479+0000][1][safepoint    ] Application time: 0.0001811 seconds
[2022-06-13T03:40:10.479+0000][1][safepoint    ] Entering safepoint region: RevokeBias
[2022-06-13T03:40:10.479+0000][1][safepoint    ] Leaving safepoint region
[2022-06-13T03:40:10.479+0000][1][safepoint    ] Total time for which application threads were stopped: 0.0003864 seconds, Stopping threads took: 0.0001404 seconds
[2022-06-13T03:40:10.479+0000][1][safepoint    ] Application time: 0.0001168 seconds
[2022-06-13T03:40:10.480+0000][1][safepoint    ] Entering safepoint region: RevokeBias
[2022-06-13T03:40:10.480+0000][1][safepoint    ] Leaving safepoint region
[2022-06-13T03:40:10.480+0000][1][safepoint    ] Total time for which application threads were stopped: 0.0005602 seconds, Stopping threads took: 0.0001648 seconds
[2022-06-13T03:40:10.481+0000][1][safepoint    ] Application time: 0.0001498 seconds
[2022-06-13T03:40:10.481+0000][1][safepoint    ] Entering safepoint region: RevokeBias
[2022-06-13T03:40:10.481+0000][1][safepoint    ] Leaving safepoint region
[2022-06-13T03:40:10.481+0000][1][safepoint    ] Total time for which application threads were stopped: 0.0002968 seconds, Stopping threads took: 0.0000979 seconds
[2022-06-13T03:40:10.481+0000][1][safepoint    ] Application time: 0.0001127 seconds
[2022-06-13T03:40:10.482+0000][1][safepoint    ] Entering safepoint region: RevokeBias
[2022-06-13T03:40:10.482+0000][1][safepoint    ] Leaving safepoint region
[2022-06-13T03:40:10.482+0000][1][safepoint    ] Total time for which application threads were stopped: 0.0003479 seconds, Stopping threads took: 0.0001363 seconds
[2022-06-13T03:40:10.482+0000][1][safepoint    ] Application time: 0.0001583 seconds
[2022-06-13T03:40:10.483+0000][1][safepoint    ] Entering safepoint region: RevokeBias
[2022-06-13T03:40:10.483+0000][1][safepoint    ] Leaving safepoint region
[2022-06-13T03:40:10.483+0000][1][safepoint    ] Total time for which application threads were stopped: 0.0003192 seconds, Stopping threads took: 0.0002069 seconds
[2022-06-13T03:40:10.483+0000][1][safepoint    ] Application time: 0.0001125 seconds
[2022-06-13T03:40:10.483+0000][1][safepoint    ] Entering safepoint region: RevokeBias
[2022-06-13T03:40:10.483+0000][1][safepoint    ] Leaving safepoint region
[2022-06-13T03:40:10.484+0000][1][safepoint    ] Total time for which application threads were stopped: 0.0002608 seconds, Stopping threads took: 0.0001259 seconds
[2022-06-13T03:40:10.484+0000][1][safepoint    ] Application time: 0.0003020 seconds
[2022-06-13T03:40:10.484+0000][1][safepoint    ] Entering safepoint region: RevokeBias
[2022-06-13T03:40:10.484+0000][1][safepoint    ] Leaving safepoint region
[2022-06-13T03:40:10.484+0000][1][safepoint    ] Total time for which application threads were stopped: 0.0002542 seconds, Stopping threads took: 0.0001362 seconds
[2022-06-13T03:40:10.485+0000][1][safepoint    ] Application time: 0.0000995 seconds
[2022-06-13T03:40:10.485+0000][1][safepoint    ] Entering safepoint region: RevokeBias
[2022-06-13T03:40:10.485+0000][1][safepoint    ] Leaving safepoint region
[2022-06-13T03:40:10.485+0000][1][safepoint    ] Total time for which application threads were stopped: 0.0004046 seconds, Stopping threads took: 0.0001348 seconds
[2022-06-13T03:40:10.485+0000][1][safepoint    ] Application time: 0.0001245 seconds
[2022-06-13T03:40:10.485+0000][1][safepoint    ] Entering safepoint region: RevokeBias
[2022-06-13T03:40:10.486+0000][1][safepoint    ] Leaving safepoint region
[2022-06-13T03:40:10.486+0000][1][safepoint    ] Total time for which application threads were stopped: 0.0002926 seconds, Stopping threads took: 0.0001488 seconds
[2022-06-13T03:40:10.486+0000][1][safepoint    ] Application time: 0.0001269 seconds
[2022-06-13T03:40:10.486+0000][1][safepoint    ] Entering safepoint region: RevokeBias
[2022-06-13T03:40:10.486+0000][1][safepoint    ] Leaving safepoint region
[2022-06-13T03:40:10.487+0000][1][safepoint    ] Total time for which application threads were stopped: 0.0003794 seconds, Stopping threads took: 0.0001950 seconds
[2022-06-13T03:40:10.487+0000][1][safepoint    ] Application time: 0.0000888 seconds
[2022-06-13T03:40:10.487+0000][1][safepoint    ] Entering safepoint region: RevokeBias
[2022-06-13T03:40:10.487+0000][1][safepoint    ] Leaving safepoint region
[2022-06-13T03:40:10.487+0000][1][safepoint    ] Total time for which application threads were stopped: 0.0003274 seconds, Stopping threads took: 0.0001401 seconds
[2022-06-13T03:40:10.495+0000][1][safepoint    ] Application time: 0.0074710 seconds
[2022-06-13T03:40:10.495+0000][1][safepoint    ] Entering safepoint region: RevokeBias
[2022-06-13T03:40:10.495+0000][1][safepoint    ] Leaving safepoint region
[2022-06-13T03:40:10.496+0000][1][safepoint    ] Total time for which application threads were stopped: 0.0006140 seconds, Stopping threads took: 0.0001984 seconds
[2022-06-13T03:40:10.497+0000][1][safepoint    ] Application time: 0.0004067 seconds
[2022-06-13T03:40:10.497+0000][1][safepoint    ] Entering safepoint region: RevokeBias
[2022-06-13T03:40:10.497+0000][1][safepoint    ] Leaving safepoint region
[2022-06-13T03:40:10.497+0000][1][safepoint    ] Total time for which application threads were stopped: 0.0002008 seconds, Stopping threads took: 0.0001029 seconds
[2022-06-13T03:40:10.498+0000][1][safepoint    ] Application time: 0.0006206 seconds
[2022-06-13T03:40:10.498+0000][1][safepoint    ] Entering safepoint region: RevokeBias
[2022-06-13T03:40:10.498+0000][1][safepoint    ] Leaving safepoint region
[2022-06-13T03:40:10.498+0000][1][safepoint    ] Total time for which application threads were stopped: 0.0004629 seconds, Stopping threads took: 0.0001186 seconds
[2022-06-13T03:40:10.499+0000][1][safepoint    ] Application time: 0.0004695 seconds
[2022-06-13T03:40:10.499+0000][1][safepoint    ] Entering safepoint region: RevokeBias
[2022-06-13T03:40:10.499+0000][1][safepoint    ] Leaving safepoint region
[2022-06-13T03:40:10.500+0000][1][safepoint    ] Total time for which application threads were stopped: 0.0005737 seconds, Stopping threads took: 0.0004349 seconds
[2022-06-13T03:40:10.500+0000][1][safepoint    ] Application time: 0.0002815 seconds
[2022-06-13T03:40:10.500+0000][1][safepoint    ] Entering safepoint region: RevokeBias
[2022-06-13T03:40:10.500+0000][1][safepoint    ] Leaving safepoint region
[2022-06-13T03:40:10.501+0000][1][safepoint    ] Total time for which application threads were stopped: 0.0003153 seconds, Stopping threads took: 0.0001848 seconds
[2022-06-13T03:40:10.504+0000][1][safepoint    ] Application time: 0.0010961 seconds
[2022-06-13T03:40:10.504+0000][1][safepoint    ] Entering safepoint region: RevokeBias
[2022-06-13T03:40:10.504+0000][1][safepoint    ] Leaving safepoint region
[2022-06-13T03:40:10.504+0000][1][safepoint    ] Total time for which application threads were stopped: 0.0002415 seconds, Stopping threads took: 0.0001226 seconds
[2022-06-13T03:40:10.505+0000][1][safepoint    ] Application time: 0.0001086 seconds
[2022-06-13T03:40:10.505+0000][1][safepoint    ] Entering safepoint region: RevokeBias
[2022-06-13T03:40:10.505+0000][1][safepoint    ] Leaving safepoint region
[2022-06-13T03:40:10.505+0000][1][safepoint    ] Total time for which application threads were stopped: 0.0002445 seconds, Stopping threads took: 0.0001235 seconds
[2022-06-13T03:40:10.507+0000][1][safepoint    ] Application time: 0.0016924 seconds
[2022-06-13T03:40:10.507+0000][1][safepoint    ] Entering safepoint region: RevokeBias
[2022-06-13T03:40:10.507+0000][1][safepoint    ] Leaving safepoint region
[2022-06-13T03:40:10.507+0000][1][safepoint    ] Total time for which application threads were stopped: 0.0002454 seconds, Stopping threads took: 0.0001263 seconds
[2022-06-13T03:40:10.509+0000][1][gc,heap,exit ] Heap
[2022-06-13T03:40:10.509+0000][1][gc,heap,exit ]  par new generation   total 78656K, used 73313K [0x00000000f0000000, 0x00000000f5550000, 0x00000000f5550000)
[2022-06-13T03:40:10.510+0000][1][gc,heap,exit ]   eden space 69952K,  97% used [0x00000000f0000000, 0x00000000f4250c78, 0x00000000f4450000)
[2022-06-13T03:40:10.510+0000][1][gc,heap,exit ]   from space 8704K,  62% used [0x00000000f4cd0000, 0x00000000f5217ab8, 0x00000000f5550000)
[2022-06-13T03:40:10.510+0000][1][gc,heap,exit ]   to   space 8704K,   0% used [0x00000000f4450000, 0x00000000f4450000, 0x00000000f4cd0000)
[2022-06-13T03:40:10.510+0000][1][gc,heap,exit ]  concurrent mark-sweep generation total 174784K, used 67876K [0x00000000f5550000, 0x0000000100000000, 0x0000000100000000)
[2022-06-13T03:40:10.510+0000][1][gc,heap,exit ]  Metaspace       used 71004K, capacity 76296K, committed 76452K, reserved 1114112K
[2022-06-13T03:40:10.510+0000][1][gc,heap,exit ]   class space    used 9600K, capacity 11804K, committed 11820K, reserved 1048576K
[2022-06-13T03:40:10.510+0000][1][safepoint    ] Application time: 0.0030725 seconds
[2022-06-13T03:40:10.511+0000][1][safepoint    ] Entering safepoint region: Exit
