[2022-06-13T02:54:47.264+0000][1][gc] Using Concurrent Mark Sweep
[2022-06-13T02:54:47.266+0000][1][gc,heap,coops] Heap address: 0x00000000f0000000, size: 256 MB, Compressed Oops mode: 32-bit
[2022-06-13T02:54:47.293+0000][1][safepoint    ] Entering safepoint region: EnableBiasedLocking
[2022-06-13T02:54:47.293+0000][1][safepoint    ] Leaving safepoint region
[2022-06-13T02:54:47.294+0000][1][safepoint    ] Total time for which application threads were stopped: 0.0010308 seconds, Stopping threads took: 0.0005595 seconds
[2022-06-13T02:54:47.297+0000][1][safepoint    ] Application time: 0.0022560 seconds
[2022-06-13T02:54:47.297+0000][1][safepoint    ] Entering safepoint region: RevokeBias
[2022-06-13T02:54:47.333+0000][1][safepoint    ] Leaving safepoint region
[2022-06-13T02:54:47.334+0000][1][safepoint    ] Total time for which application threads were stopped: 0.0363250 seconds, Stopping threads took: 0.0353680 seconds
[2022-06-13T02:54:47.342+0000][1][safepoint    ] Application time: 0.0075518 seconds
[2022-06-13T02:54:47.342+0000][1][safepoint    ] Entering safepoint region: Deoptimize
[2022-06-13T02:54:47.343+0000][1][safepoint    ] Leaving safepoint region
[2022-06-13T02:54:47.343+0000][1][safepoint    ] Total time for which application threads were stopped: 0.0009656 seconds, Stopping threads took: 0.0004602 seconds
[2022-06-13T02:54:47.397+0000][1][safepoint    ] Application time: 0.0533481 seconds
[2022-06-13T02:54:47.397+0000][1][safepoint    ] Entering safepoint region: RevokeBias
[2022-06-13T02:54:47.398+0000][1][safepoint    ] Leaving safepoint region
[2022-06-13T02:54:47.398+0000][1][safepoint    ] Total time for which application threads were stopped: 0.0006500 seconds, Stopping threads took: 0.0003587 seconds
[2022-06-13T02:54:47.416+0000][1][safepoint    ] Application time: 0.0181251 seconds
[2022-06-13T02:54:47.417+0000][1][safepoint    ] Entering safepoint region: Deoptimize
[2022-06-13T02:54:47.417+0000][1][safepoint    ] Leaving safepoint region
[2022-06-13T02:54:47.418+0000][1][safepoint    ] Total time for which application threads were stopped: 0.0007098 seconds, Stopping threads took: 0.0002987 seconds
[2022-06-13T02:54:47.578+0000][1][safepoint    ] Application time: 0.1601983 seconds
[2022-06-13T02:54:47.578+0000][1][safepoint    ] Entering safepoint region: Deoptimize
[2022-06-13T02:54:47.579+0000][1][safepoint    ] Leaving safepoint region
[2022-06-13T02:54:47.579+0000][1][safepoint    ] Total time for which application threads were stopped: 0.0004412 seconds, Stopping threads took: 0.0001782 seconds
[2022-06-13T02:54:47.596+0000][1][safepoint    ] Application time: 0.0168642 seconds
[2022-06-13T02:54:47.596+0000][1][safepoint    ] Entering safepoint region: Deoptimize
[2022-06-13T02:54:47.596+0000][1][safepoint    ] Leaving safepoint region
[2022-06-13T02:54:47.596+0000][1][safepoint    ] Total time for which application threads were stopped: 0.0004135 seconds, Stopping threads took: 0.0001427 seconds
[2022-06-13T02:54:47.614+0000][1][safepoint    ] Application time: 0.0171360 seconds
[2022-06-13T02:54:47.614+0000][1][safepoint    ] Entering safepoint region: Deoptimize
[2022-06-13T02:54:47.614+0000][1][safepoint    ] Leaving safepoint region
[2022-06-13T02:54:47.615+0000][1][safepoint    ] Total time for which application threads were stopped: 0.0005092 seconds, Stopping threads took: 0.0001606 seconds
[2022-06-13T02:54:47.621+0000][1][safepoint    ] Application time: 0.0066291 seconds
[2022-06-13T02:54:47.622+0000][1][safepoint    ] Entering safepoint region: Deoptimize
[2022-06-13T02:54:47.622+0000][1][safepoint    ] Leaving safepoint region
[2022-06-13T02:54:47.622+0000][1][safepoint    ] Total time for which application threads were stopped: 0.0004987 seconds, Stopping threads took: 0.0002638 seconds
[2022-06-13T02:54:47.844+0000][1][safepoint    ] Application time: 0.2219617 seconds
[2022-06-13T02:54:47.845+0000][1][safepoint    ] Entering safepoint region: Deoptimize
[2022-06-13T02:54:47.845+0000][1][safepoint    ] Leaving safepoint region
[2022-06-13T02:54:47.846+0000][1][safepoint    ] Total time for which application threads were stopped: 0.0009294 seconds, Stopping threads took: 0.0003005 seconds
[2022-06-13T02:54:48.000+0000][1][safepoint    ] Application time: 0.1538440 seconds
[2022-06-13T02:54:48.000+0000][1][safepoint    ] Entering safepoint region: RevokeBias
[2022-06-13T02:54:48.001+0000][1][safepoint    ] Leaving safepoint region
[2022-06-13T02:54:48.001+0000][1][safepoint    ] Total time for which application threads were stopped: 0.0004818 seconds, Stopping threads took: 0.0002309 seconds
[2022-06-13T02:54:48.062+0000][1][safepoint    ] Application time: 0.0609794 seconds
[2022-06-13T02:54:48.062+0000][1][safepoint    ] Entering safepoint region: Deoptimize
[2022-06-13T02:54:48.063+0000][1][safepoint    ] Leaving safepoint region
[2022-06-13T02:54:48.063+0000][1][safepoint    ] Total time for which application threads were stopped: 0.0010033 seconds, Stopping threads took: 0.0004102 seconds
[2022-06-13T02:54:48.122+0000][1][safepoint    ] Application time: 0.0585603 seconds
[2022-06-13T02:54:48.122+0000][1][safepoint    ] Entering safepoint region: Deoptimize
[2022-06-13T02:54:48.123+0000][1][safepoint    ] Leaving safepoint region
[2022-06-13T02:54:48.123+0000][1][safepoint    ] Total time for which application threads were stopped: 0.0005985 seconds, Stopping threads took: 0.0001574 seconds
[2022-06-13T02:54:48.123+0000][1][safepoint    ] Application time: 0.0001773 seconds
[2022-06-13T02:54:48.124+0000][1][safepoint    ] Entering safepoint region: Deoptimize
[2022-06-13T02:54:48.124+0000][1][safepoint    ] Leaving safepoint region
[2022-06-13T02:54:48.124+0000][1][safepoint    ] Total time for which application threads were stopped: 0.0006939 seconds, Stopping threads took: 0.0002886 seconds
[2022-06-13T02:54:48.138+0000][1][safepoint    ] Application time: 0.0132201 seconds
[2022-06-13T02:54:48.138+0000][1][safepoint    ] Entering safepoint region: Deoptimize
[2022-06-13T02:54:48.138+0000][1][safepoint    ] Leaving safepoint region
[2022-06-13T02:54:48.139+0000][1][safepoint    ] Total time for which application threads were stopped: 0.0005787 seconds, Stopping threads took: 0.0001802 seconds
[2022-06-13T02:54:48.145+0000][1][safepoint    ] Application time: 0.0060329 seconds
[2022-06-13T02:54:48.145+0000][1][safepoint    ] Entering safepoint region: Deoptimize
[2022-06-13T02:54:48.145+0000][1][safepoint    ] Leaving safepoint region
[2022-06-13T02:54:48.146+0000][1][safepoint    ] Total time for which application threads were stopped: 0.0006088 seconds, Stopping threads took: 0.0001563 seconds
[2022-06-13T02:54:48.150+0000][1][safepoint    ] Application time: 0.0042961 seconds
[2022-06-13T02:54:48.150+0000][1][safepoint    ] Entering safepoint region: RevokeBias
[2022-06-13T02:54:48.151+0000][1][safepoint    ] Leaving safepoint region
[2022-06-13T02:54:48.151+0000][1][safepoint    ] Total time for which application threads were stopped: 0.0003839 seconds, Stopping threads took: 0.0002053 seconds
[2022-06-13T02:54:48.151+0000][1][safepoint    ] Application time: 0.0001959 seconds
[2022-06-13T02:54:48.151+0000][1][safepoint    ] Entering safepoint region: RevokeBias
[2022-06-13T02:54:48.152+0000][1][safepoint    ] Leaving safepoint region
[2022-06-13T02:54:48.152+0000][1][safepoint    ] Total time for which application threads were stopped: 0.0004501 seconds, Stopping threads took: 0.0002584 seconds
[2022-06-13T02:54:48.152+0000][1][safepoint    ] Application time: 0.0000782 seconds
[2022-06-13T02:54:48.152+0000][1][safepoint    ] Entering safepoint region: RevokeBias
[2022-06-13T02:54:48.152+0000][1][safepoint    ] Leaving safepoint region
[2022-06-13T02:54:48.153+0000][1][safepoint    ] Total time for which application threads were stopped: 0.0003611 seconds, Stopping threads took: 0.0001606 seconds
[2022-06-13T02:54:48.153+0000][1][safepoint    ] Application time: 0.0002347 seconds
[2022-06-13T02:54:48.153+0000][1][safepoint    ] Entering safepoint region: RevokeBias
[2022-06-13T02:54:48.153+0000][1][safepoint    ] Leaving safepoint region
[2022-06-13T02:54:48.154+0000][1][safepoint    ] Total time for which application threads were stopped: 0.0004316 seconds, Stopping threads took: 0.0001796 seconds
[2022-06-13T02:54:48.154+0000][1][safepoint    ] Application time: 0.0001759 seconds
[2022-06-13T02:54:48.154+0000][1][safepoint    ] Entering safepoint region: RevokeBias
[2022-06-13T02:54:48.154+0000][1][safepoint    ] Leaving safepoint region
[2022-06-13T02:54:48.155+0000][1][safepoint    ] Total time for which application threads were stopped: 0.0004684 seconds, Stopping threads took: 0.0002391 seconds
[2022-06-13T02:54:48.159+0000][1][safepoint    ] Application time: 0.0041997 seconds
[2022-06-13T02:54:48.159+0000][1][safepoint    ] Entering safepoint region: Deoptimize
[2022-06-13T02:54:48.159+0000][1][safepoint    ] Leaving safepoint region
[2022-06-13T02:54:48.160+0000][1][safepoint    ] Total time for which application threads were stopped: 0.0004220 seconds, Stopping threads took: 0.0001209 seconds
[2022-06-13T02:54:48.204+0000][1][safepoint    ] Application time: 0.0439497 seconds
[2022-06-13T02:54:48.204+0000][1][safepoint    ] Entering safepoint region: GenCollectForAllocation
[2022-06-13T02:54:48.204+0000][1][gc,start     ] GC(0) Pause Young (Allocation Failure)
[2022-06-13T02:54:48.205+0000][1][gc,task      ] GC(0) Using 5 workers of 13 for evacuation
[2022-06-13T02:54:48.210+0000][1][gc,age       ] GC(0) Desired survivor size 4456448 bytes, new threshold 1 (max threshold 6)
[2022-06-13T02:54:48.210+0000][1][gc,age       ] GC(0) Age table with threshold 1 (max threshold 6)
[2022-06-13T02:54:48.211+0000][1][gc,age       ] GC(0) - age   1:    8102024 bytes,    8102024 total
[2022-06-13T02:54:48.211+0000][1][gc,heap      ] GC(0) ParNew: 69952K->8022K(78656K)
[2022-06-13T02:54:48.211+0000][1][gc,heap      ] GC(0) CMS: 0K->0K(174784K)
[2022-06-13T02:54:48.212+0000][1][gc,metaspace ] GC(0) Metaspace: 12267K->12267K(1060864K)
[2022-06-13T02:54:48.212+0000][1][gc           ] GC(0) Pause Young (Allocation Failure) 68M->7M(247M) 7.688ms
[2022-06-13T02:54:48.212+0000][1][gc,cpu       ] GC(0) User=0.05s Sys=0.00s Real=0.01s
[2022-06-13T02:54:48.213+0000][1][safepoint    ] Leaving safepoint region
[2022-06-13T02:54:48.213+0000][1][safepoint    ] Total time for which application threads were stopped: 0.0089483 seconds, Stopping threads took: 0.0003050 seconds
[2022-06-13T02:54:48.213+0000][1][safepoint    ] Application time: 0.0003878 seconds
[2022-06-13T02:54:48.214+0000][1][safepoint    ] Entering safepoint region: RevokeBias
[2022-06-13T02:54:48.214+0000][1][safepoint    ] Leaving safepoint region
[2022-06-13T02:54:48.215+0000][1][safepoint    ] Total time for which application threads were stopped: 0.0010000 seconds, Stopping threads took: 0.0005724 seconds
[2022-06-13T02:54:48.215+0000][1][safepoint    ] Application time: 0.0001002 seconds
[2022-06-13T02:54:48.215+0000][1][safepoint    ] Entering safepoint region: RevokeBias
[2022-06-13T02:54:48.216+0000][1][safepoint    ] Leaving safepoint region
[2022-06-13T02:54:48.216+0000][1][safepoint    ] Total time for which application threads were stopped: 0.0005444 seconds, Stopping threads took: 0.0003230 seconds
[2022-06-13T02:54:48.216+0000][1][safepoint    ] Application time: 0.0001342 seconds
[2022-06-13T02:54:48.216+0000][1][safepoint    ] Entering safepoint region: RevokeBias
[2022-06-13T02:54:48.216+0000][1][safepoint    ] Leaving safepoint region
[2022-06-13T02:54:48.217+0000][1][safepoint    ] Total time for which application threads were stopped: 0.0004610 seconds, Stopping threads took: 0.0002159 seconds
[2022-06-13T02:54:48.217+0000][1][safepoint    ] Application time: 0.0001521 seconds
[2022-06-13T02:54:48.217+0000][1][safepoint    ] Entering safepoint region: RevokeBias
[2022-06-13T02:54:48.218+0000][1][safepoint    ] Leaving safepoint region
[2022-06-13T02:54:48.218+0000][1][safepoint    ] Total time for which application threads were stopped: 0.0007783 seconds, Stopping threads took: 0.0004118 seconds
[2022-06-13T02:54:48.218+0000][1][safepoint    ] Application time: 0.0000818 seconds
[2022-06-13T02:54:48.219+0000][1][safepoint    ] Entering safepoint region: RevokeBias
[2022-06-13T02:54:48.219+0000][1][safepoint    ] Leaving safepoint region
[2022-06-13T02:54:48.219+0000][1][safepoint    ] Total time for which application threads were stopped: 0.0005957 seconds, Stopping threads took: 0.0003200 seconds
[2022-06-13T02:54:48.219+0000][1][safepoint    ] Application time: 0.0001629 seconds
[2022-06-13T02:54:48.220+0000][1][safepoint    ] Entering safepoint region: RevokeBias
[2022-06-13T02:54:48.220+0000][1][safepoint    ] Leaving safepoint region
[2022-06-13T02:54:48.220+0000][1][safepoint    ] Total time for which application threads were stopped: 0.0005346 seconds, Stopping threads took: 0.0002827 seconds
[2022-06-13T02:54:48.221+0000][1][safepoint    ] Application time: 0.0001539 seconds
[2022-06-13T02:54:48.221+0000][1][safepoint    ] Entering safepoint region: RevokeBias
[2022-06-13T02:54:48.221+0000][1][safepoint    ] Leaving safepoint region
[2022-06-13T02:54:48.221+0000][1][safepoint    ] Total time for which application threads were stopped: 0.0005278 seconds, Stopping threads took: 0.0002906 seconds
[2022-06-13T02:54:48.222+0000][1][safepoint    ] Application time: 0.0000923 seconds
[2022-06-13T02:54:48.222+0000][1][safepoint    ] Entering safepoint region: RevokeBias
[2022-06-13T02:54:48.222+0000][1][safepoint    ] Leaving safepoint region
[2022-06-13T02:54:48.222+0000][1][safepoint    ] Total time for which application threads were stopped: 0.0003868 seconds, Stopping threads took: 0.0001871 seconds
[2022-06-13T02:54:48.223+0000][1][safepoint    ] Application time: 0.0001298 seconds
[2022-06-13T02:54:48.223+0000][1][safepoint    ] Entering safepoint region: RevokeBias
[2022-06-13T02:54:48.223+0000][1][safepoint    ] Leaving safepoint region
[2022-06-13T02:54:48.224+0000][1][safepoint    ] Total time for which application threads were stopped: 0.0005094 seconds, Stopping threads took: 0.0003364 seconds
[2022-06-13T02:54:48.224+0000][1][safepoint    ] Application time: 0.0000926 seconds
[2022-06-13T02:54:48.224+0000][1][safepoint    ] Entering safepoint region: RevokeBias
[2022-06-13T02:54:48.224+0000][1][safepoint    ] Leaving safepoint region
[2022-06-13T02:54:48.224+0000][1][safepoint    ] Total time for which application threads were stopped: 0.0003884 seconds, Stopping threads took: 0.0002399 seconds
[2022-06-13T02:54:48.225+0000][1][safepoint    ] Application time: 0.0000672 seconds
[2022-06-13T02:54:48.225+0000][1][safepoint    ] Entering safepoint region: RevokeBias
[2022-06-13T02:54:48.225+0000][1][safepoint    ] Leaving safepoint region
[2022-06-13T02:54:48.225+0000][1][safepoint    ] Total time for which application threads were stopped: 0.0002517 seconds, Stopping threads took: 0.0001497 seconds
[2022-06-13T02:54:48.225+0000][1][safepoint    ] Application time: 0.0000856 seconds
[2022-06-13T02:54:48.225+0000][1][safepoint    ] Entering safepoint region: RevokeBias
[2022-06-13T02:54:48.225+0000][1][safepoint    ] Leaving safepoint region
[2022-06-13T02:54:48.226+0000][1][safepoint    ] Total time for which application threads were stopped: 0.0003146 seconds, Stopping threads took: 0.0001544 seconds
[2022-06-13T02:54:48.226+0000][1][safepoint    ] Application time: 0.0001002 seconds
[2022-06-13T02:54:48.226+0000][1][safepoint    ] Entering safepoint region: RevokeBias
[2022-06-13T02:54:48.226+0000][1][safepoint    ] Leaving safepoint region
[2022-06-13T02:54:48.226+0000][1][safepoint    ] Total time for which application threads were stopped: 0.0002143 seconds, Stopping threads took: 0.0001174 seconds
[2022-06-13T02:54:48.226+0000][1][safepoint    ] Application time: 0.0000823 seconds
[2022-06-13T02:54:48.226+0000][1][safepoint    ] Entering safepoint region: RevokeBias
[2022-06-13T02:54:48.227+0000][1][safepoint    ] Leaving safepoint region
[2022-06-13T02:54:48.227+0000][1][safepoint    ] Total time for which application threads were stopped: 0.0002809 seconds, Stopping threads took: 0.0001238 seconds
[2022-06-13T02:54:48.227+0000][1][safepoint    ] Application time: 0.0000875 seconds
[2022-06-13T02:54:48.227+0000][1][safepoint    ] Entering safepoint region: RevokeBias
[2022-06-13T02:54:48.227+0000][1][safepoint    ] Leaving safepoint region
[2022-06-13T02:54:48.227+0000][1][safepoint    ] Total time for which application threads were stopped: 0.0003304 seconds, Stopping threads took: 0.0001982 seconds
[2022-06-13T02:54:48.228+0000][1][safepoint    ] Application time: 0.0000623 seconds
[2022-06-13T02:54:48.228+0000][1][safepoint    ] Entering safepoint region: RevokeBias
[2022-06-13T02:54:48.228+0000][1][safepoint    ] Leaving safepoint region
[2022-06-13T02:54:48.228+0000][1][safepoint    ] Total time for which application threads were stopped: 0.0003082 seconds, Stopping threads took: 0.0001763 seconds
[2022-06-13T02:54:48.228+0000][1][safepoint    ] Application time: 0.0001115 seconds
[2022-06-13T02:54:48.228+0000][1][safepoint    ] Entering safepoint region: RevokeBias
[2022-06-13T02:54:48.229+0000][1][safepoint    ] Leaving safepoint region
[2022-06-13T02:54:48.229+0000][1][safepoint    ] Total time for which application threads were stopped: 0.0002774 seconds, Stopping threads took: 0.0001405 seconds
[2022-06-13T02:54:48.229+0000][1][safepoint    ] Application time: 0.0000711 seconds
[2022-06-13T02:54:48.229+0000][1][safepoint    ] Entering safepoint region: RevokeBias
[2022-06-13T02:54:48.229+0000][1][safepoint    ] Leaving safepoint region
[2022-06-13T02:54:48.229+0000][1][safepoint    ] Total time for which application threads were stopped: 0.0002780 seconds, Stopping threads took: 0.0001205 seconds
[2022-06-13T02:54:48.229+0000][1][safepoint    ] Application time: 0.0001198 seconds
[2022-06-13T02:54:48.230+0000][1][safepoint    ] Entering safepoint region: RevokeBias
[2022-06-13T02:54:48.230+0000][1][safepoint    ] Leaving safepoint region
[2022-06-13T02:54:48.230+0000][1][safepoint    ] Total time for which application threads were stopped: 0.0003028 seconds, Stopping threads took: 0.0001689 seconds
[2022-06-13T02:54:48.230+0000][1][safepoint    ] Application time: 0.0000693 seconds
[2022-06-13T02:54:48.230+0000][1][safepoint    ] Entering safepoint region: RevokeBias
[2022-06-13T02:54:48.230+0000][1][safepoint    ] Leaving safepoint region
[2022-06-13T02:54:48.230+0000][1][safepoint    ] Total time for which application threads were stopped: 0.0003577 seconds, Stopping threads took: 0.0002031 seconds
[2022-06-13T02:54:48.231+0000][1][safepoint    ] Application time: 0.0000866 seconds
[2022-06-13T02:54:48.231+0000][1][safepoint    ] Entering safepoint region: RevokeBias
[2022-06-13T02:54:48.231+0000][1][safepoint    ] Leaving safepoint region
[2022-06-13T02:54:48.231+0000][1][safepoint    ] Total time for which application threads were stopped: 0.0002680 seconds, Stopping threads took: 0.0001307 seconds
[2022-06-13T02:54:48.231+0000][1][safepoint    ] Application time: 0.0000836 seconds
[2022-06-13T02:54:48.231+0000][1][safepoint    ] Entering safepoint region: RevokeBias
[2022-06-13T02:54:48.231+0000][1][safepoint    ] Leaving safepoint region
[2022-06-13T02:54:48.232+0000][1][safepoint    ] Total time for which application threads were stopped: 0.0002312 seconds, Stopping threads took: 0.0001210 seconds
[2022-06-13T02:54:48.232+0000][1][safepoint    ] Application time: 0.0003317 seconds
[2022-06-13T02:54:48.232+0000][1][safepoint    ] Entering safepoint region: RevokeBias
[2022-06-13T02:54:48.232+0000][1][safepoint    ] Leaving safepoint region
[2022-06-13T02:54:48.232+0000][1][safepoint    ] Total time for which application threads were stopped: 0.0002877 seconds, Stopping threads took: 0.0001556 seconds
[2022-06-13T02:54:48.233+0000][1][safepoint    ] Application time: 0.0000742 seconds
[2022-06-13T02:54:48.233+0000][1][safepoint    ] Entering safepoint region: RevokeBias
[2022-06-13T02:54:48.233+0000][1][safepoint    ] Leaving safepoint region
[2022-06-13T02:54:48.233+0000][1][safepoint    ] Total time for which application threads were stopped: 0.0003163 seconds, Stopping threads took: 0.0001618 seconds
[2022-06-13T02:54:48.233+0000][1][safepoint    ] Application time: 0.0000723 seconds
[2022-06-13T02:54:48.233+0000][1][safepoint    ] Entering safepoint region: RevokeBias
[2022-06-13T02:54:48.234+0000][1][safepoint    ] Leaving safepoint region
[2022-06-13T02:54:48.234+0000][1][safepoint    ] Total time for which application threads were stopped: 0.0003605 seconds, Stopping threads took: 0.0001967 seconds
[2022-06-13T02:54:48.234+0000][1][safepoint    ] Application time: 0.0000694 seconds
[2022-06-13T02:54:48.234+0000][1][safepoint    ] Entering safepoint region: RevokeBias
[2022-06-13T02:54:48.234+0000][1][safepoint    ] Leaving safepoint region
[2022-06-13T02:54:48.234+0000][1][safepoint    ] Total time for which application threads were stopped: 0.0002151 seconds, Stopping threads took: 0.0001028 seconds
[2022-06-13T02:54:48.238+0000][1][safepoint    ] Application time: 0.0042093 seconds
[2022-06-13T02:54:48.239+0000][1][safepoint    ] Entering safepoint region: RevokeBias
[2022-06-13T02:54:48.239+0000][1][safepoint    ] Leaving safepoint region
[2022-06-13T02:54:48.239+0000][1][safepoint    ] Total time for which application threads were stopped: 0.0003181 seconds, Stopping threads took: 0.0001467 seconds
[2022-06-13T02:54:48.372+0000][1][safepoint    ] Application time: 0.1330389 seconds
[2022-06-13T02:54:48.372+0000][1][safepoint    ] Entering safepoint region: Deoptimize
[2022-06-13T02:54:48.373+0000][1][safepoint    ] Leaving safepoint region
[2022-06-13T02:54:48.374+0000][1][safepoint    ] Total time for which application threads were stopped: 0.0011806 seconds, Stopping threads took: 0.0003139 seconds
[2022-06-13T02:54:48.520+0000][1][safepoint    ] Application time: 0.1456198 seconds
[2022-06-13T02:54:48.520+0000][1][safepoint    ] Entering safepoint region: RevokeBias
[2022-06-13T02:54:48.521+0000][1][safepoint    ] Leaving safepoint region
[2022-06-13T02:54:48.521+0000][1][safepoint    ] Total time for which application threads were stopped: 0.0007237 seconds, Stopping threads took: 0.0003843 seconds
[2022-06-13T02:54:48.578+0000][1][safepoint    ] Application time: 0.0569573 seconds
[2022-06-13T02:54:48.579+0000][1][safepoint    ] Entering safepoint region: RevokeBias
[2022-06-13T02:54:48.579+0000][1][safepoint    ] Leaving safepoint region
[2022-06-13T02:54:48.580+0000][1][safepoint    ] Total time for which application threads were stopped: 0.0010649 seconds, Stopping threads took: 0.0005960 seconds
[2022-06-13T02:54:48.583+0000][1][safepoint    ] Application time: 0.0034970 seconds
[2022-06-13T02:54:48.584+0000][1][safepoint    ] Entering safepoint region: RevokeBias
[2022-06-13T02:54:48.584+0000][1][safepoint    ] Leaving safepoint region
[2022-06-13T02:54:48.585+0000][1][safepoint    ] Total time for which application threads were stopped: 0.0009595 seconds, Stopping threads took: 0.0003503 seconds
[2022-06-13T02:54:48.600+0000][1][safepoint    ] Application time: 0.0147278 seconds
[2022-06-13T02:54:48.601+0000][1][safepoint    ] Entering safepoint region: GenCollectForAllocation
[2022-06-13T02:54:48.601+0000][1][gc,start     ] GC(1) Pause Young (Allocation Failure)
[2022-06-13T02:54:48.601+0000][1][gc,task      ] GC(1) Using 5 workers of 13 for evacuation
[2022-06-13T02:54:48.614+0000][1][gc,age       ] GC(1) Desired survivor size 4456448 bytes, new threshold 6 (max threshold 6)
[2022-06-13T02:54:48.614+0000][1][gc,age       ] GC(1) Age table with threshold 6 (max threshold 6)
[2022-06-13T02:54:48.615+0000][1][gc,age       ] GC(1) - age   1:    1931608 bytes,    1931608 total
[2022-06-13T02:54:48.615+0000][1][gc,heap      ] GC(1) ParNew: 77974K->6411K(78656K)
[2022-06-13T02:54:48.615+0000][1][gc,heap      ] GC(1) CMS: 0K->6651K(174784K)
[2022-06-13T02:54:48.616+0000][1][gc,metaspace ] GC(1) Metaspace: 14892K->14892K(1062912K)
[2022-06-13T02:54:48.616+0000][1][gc           ] GC(1) Pause Young (Allocation Failure) 76M->12M(247M) 15.468ms
[2022-06-13T02:54:48.617+0000][1][gc,cpu       ] GC(1) User=0.05s Sys=0.01s Real=0.01s
[2022-06-13T02:54:48.617+0000][1][safepoint    ] Leaving safepoint region
[2022-06-13T02:54:48.618+0000][1][safepoint    ] Total time for which application threads were stopped: 0.0172817 seconds, Stopping threads took: 0.0003532 seconds
[2022-06-13T02:54:48.619+0000][1][safepoint    ] Application time: 0.0003971 seconds
[2022-06-13T02:54:48.619+0000][1][safepoint    ] Entering safepoint region: RevokeBias
[2022-06-13T02:54:48.620+0000][1][safepoint    ] Leaving safepoint region
[2022-06-13T02:54:48.620+0000][1][safepoint    ] Total time for which application threads were stopped: 0.0013233 seconds, Stopping threads took: 0.0005891 seconds
[2022-06-13T02:54:48.621+0000][1][safepoint    ] Application time: 0.0002672 seconds
[2022-06-13T02:54:48.622+0000][1][safepoint    ] Entering safepoint region: RevokeBias
[2022-06-13T02:54:48.622+0000][1][safepoint    ] Leaving safepoint region
[2022-06-13T02:54:48.624+0000][1][safepoint    ] Total time for which application threads were stopped: 0.0020209 seconds, Stopping threads took: 0.0005195 seconds
[2022-06-13T02:54:48.625+0000][1][safepoint    ] Application time: 0.0002058 seconds
[2022-06-13T02:54:48.625+0000][1][safepoint    ] Entering safepoint region: RevokeBias
[2022-06-13T02:54:48.625+0000][1][safepoint    ] Leaving safepoint region
[2022-06-13T02:54:48.626+0000][1][safepoint    ] Total time for which application threads were stopped: 0.0003937 seconds, Stopping threads took: 0.0002256 seconds
[2022-06-13T02:54:48.626+0000][1][safepoint    ] Application time: 0.0001896 seconds
[2022-06-13T02:54:48.626+0000][1][safepoint    ] Entering safepoint region: RevokeBias
[2022-06-13T02:54:48.627+0000][1][safepoint    ] Leaving safepoint region
[2022-06-13T02:54:48.627+0000][1][safepoint    ] Total time for which application threads were stopped: 0.0004246 seconds, Stopping threads took: 0.0001871 seconds
[2022-06-13T02:54:48.627+0000][1][safepoint    ] Application time: 0.0002218 seconds
[2022-06-13T02:54:48.627+0000][1][safepoint    ] Entering safepoint region: RevokeBias
[2022-06-13T02:54:48.628+0000][1][safepoint    ] Leaving safepoint region
[2022-06-13T02:54:48.628+0000][1][safepoint    ] Total time for which application threads were stopped: 0.0004507 seconds, Stopping threads took: 0.0002844 seconds
[2022-06-13T02:54:48.628+0000][1][safepoint    ] Application time: 0.0001170 seconds
[2022-06-13T02:54:48.629+0000][1][safepoint    ] Entering safepoint region: RevokeBias
[2022-06-13T02:54:48.629+0000][1][safepoint    ] Leaving safepoint region
[2022-06-13T02:54:48.629+0000][1][safepoint    ] Total time for which application threads were stopped: 0.0006718 seconds, Stopping threads took: 0.0004108 seconds
[2022-06-13T02:54:48.630+0000][1][safepoint    ] Application time: 0.0001735 seconds
[2022-06-13T02:54:48.630+0000][1][safepoint    ] Entering safepoint region: RevokeBias
[2022-06-13T02:54:48.630+0000][1][safepoint    ] Leaving safepoint region
[2022-06-13T02:54:48.630+0000][1][safepoint    ] Total time for which application threads were stopped: 0.0003392 seconds, Stopping threads took: 0.0001673 seconds
[2022-06-13T02:54:48.631+0000][1][safepoint    ] Application time: 0.0001969 seconds
[2022-06-13T02:54:48.631+0000][1][safepoint    ] Entering safepoint region: RevokeBias
[2022-06-13T02:54:48.631+0000][1][safepoint    ] Leaving safepoint region
[2022-06-13T02:54:48.631+0000][1][safepoint    ] Total time for which application threads were stopped: 0.0003224 seconds, Stopping threads took: 0.0001609 seconds
[2022-06-13T02:54:48.632+0000][1][safepoint    ] Application time: 0.0001989 seconds
[2022-06-13T02:54:48.632+0000][1][safepoint    ] Entering safepoint region: RevokeBias
[2022-06-13T02:54:48.632+0000][1][safepoint    ] Leaving safepoint region
[2022-06-13T02:54:48.633+0000][1][safepoint    ] Total time for which application threads were stopped: 0.0005529 seconds, Stopping threads took: 0.0002994 seconds
[2022-06-13T02:54:48.633+0000][1][safepoint    ] Application time: 0.0002487 seconds
[2022-06-13T02:54:48.633+0000][1][safepoint    ] Entering safepoint region: RevokeBias
[2022-06-13T02:54:48.633+0000][1][safepoint    ] Leaving safepoint region
[2022-06-13T02:54:48.634+0000][1][safepoint    ] Total time for which application threads were stopped: 0.0002555 seconds, Stopping threads took: 0.0001365 seconds
[2022-06-13T02:54:48.634+0000][1][safepoint    ] Application time: 0.0001450 seconds
[2022-06-13T02:54:48.634+0000][1][safepoint    ] Entering safepoint region: BulkRevokeBias
[2022-06-13T02:54:48.634+0000][1][safepoint    ] Leaving safepoint region
[2022-06-13T02:54:48.634+0000][1][safepoint    ] Total time for which application threads were stopped: 0.0002496 seconds, Stopping threads took: 0.0001491 seconds
[2022-06-13T02:54:48.634+0000][1][safepoint    ] Application time: 0.0001693 seconds
[2022-06-13T02:54:48.635+0000][1][safepoint    ] Entering safepoint region: RevokeBias
[2022-06-13T02:54:48.635+0000][1][safepoint    ] Leaving safepoint region
[2022-06-13T02:54:48.635+0000][1][safepoint    ] Total time for which application threads were stopped: 0.0002329 seconds, Stopping threads took: 0.0001407 seconds
[2022-06-13T02:54:48.635+0000][1][safepoint    ] Application time: 0.0001896 seconds
[2022-06-13T02:54:48.635+0000][1][safepoint    ] Entering safepoint region: BulkRevokeBias
[2022-06-13T02:54:48.636+0000][1][safepoint    ] Leaving safepoint region
[2022-06-13T02:54:48.636+0000][1][safepoint    ] Total time for which application threads were stopped: 0.0003271 seconds, Stopping threads took: 0.0001670 seconds
[2022-06-13T02:54:48.702+0000][1][safepoint    ] Application time: 0.0657455 seconds
[2022-06-13T02:54:48.702+0000][1][safepoint    ] Entering safepoint region: GenCollectForAllocation
[2022-06-13T02:54:48.703+0000][1][gc,start     ] GC(2) Pause Young (Allocation Failure)
[2022-06-13T02:54:48.703+0000][1][gc,task      ] GC(2) Using 5 workers of 13 for evacuation
[2022-06-13T02:54:48.706+0000][1][gc,age       ] GC(2) Desired survivor size 4456448 bytes, new threshold 6 (max threshold 6)
[2022-06-13T02:54:48.706+0000][1][gc,age       ] GC(2) Age table with threshold 6 (max threshold 6)
[2022-06-13T02:54:48.707+0000][1][gc,age       ] GC(2) - age   1:    2510992 bytes,    2510992 total
[2022-06-13T02:54:48.707+0000][1][gc,age       ] GC(2) - age   2:    1184488 bytes,    3695480 total
[2022-06-13T02:54:48.707+0000][1][gc,heap      ] GC(2) ParNew: 76363K->4699K(78656K)
[2022-06-13T02:54:48.707+0000][1][gc,heap      ] GC(2) CMS: 6651K->6651K(174784K)
[2022-06-13T02:54:48.708+0000][1][gc,metaspace ] GC(2) Metaspace: 15030K->15030K(1062912K)
[2022-06-13T02:54:48.708+0000][1][gc           ] GC(2) Pause Young (Allocation Failure) 81M->11M(247M) 5.349ms
[2022-06-13T02:54:48.708+0000][1][gc,cpu       ] GC(2) User=0.01s Sys=0.00s Real=0.00s
[2022-06-13T02:54:48.709+0000][1][safepoint    ] Leaving safepoint region
[2022-06-13T02:54:48.709+0000][1][safepoint    ] Total time for which application threads were stopped: 0.0067177 seconds, Stopping threads took: 0.0004428 seconds
[2022-06-13T02:54:48.710+0000][1][safepoint    ] Application time: 0.0004020 seconds
[2022-06-13T02:54:48.710+0000][1][safepoint    ] Entering safepoint region: RevokeBias
[2022-06-13T02:54:48.710+0000][1][safepoint    ] Leaving safepoint region
[2022-06-13T02:54:48.711+0000][1][safepoint    ] Total time for which application threads were stopped: 0.0007279 seconds, Stopping threads took: 0.0004901 seconds
[2022-06-13T02:54:48.711+0000][1][safepoint    ] Application time: 0.0002230 seconds
[2022-06-13T02:54:48.711+0000][1][safepoint    ] Entering safepoint region: RevokeBias
[2022-06-13T02:54:48.712+0000][1][safepoint    ] Leaving safepoint region
[2022-06-13T02:54:48.712+0000][1][safepoint    ] Total time for which application threads were stopped: 0.0003956 seconds, Stopping threads took: 0.0002457 seconds
[2022-06-13T02:54:48.712+0000][1][safepoint    ] Application time: 0.0000949 seconds
[2022-06-13T02:54:48.712+0000][1][safepoint    ] Entering safepoint region: RevokeBias
[2022-06-13T02:54:48.712+0000][1][safepoint    ] Leaving safepoint region
[2022-06-13T02:54:48.712+0000][1][safepoint    ] Total time for which application threads were stopped: 0.0002051 seconds, Stopping threads took: 0.0000871 seconds
[2022-06-13T02:54:48.712+0000][1][safepoint    ] Application time: 0.0000874 seconds
[2022-06-13T02:54:48.713+0000][1][safepoint    ] Entering safepoint region: RevokeBias
[2022-06-13T02:54:48.713+0000][1][safepoint    ] Leaving safepoint region
[2022-06-13T02:54:48.713+0000][1][safepoint    ] Total time for which application threads were stopped: 0.0002237 seconds, Stopping threads took: 0.0001174 seconds
[2022-06-13T02:54:48.713+0000][1][safepoint    ] Application time: 0.0000934 seconds
[2022-06-13T02:54:48.713+0000][1][safepoint    ] Entering safepoint region: RevokeBias
[2022-06-13T02:54:48.713+0000][1][safepoint    ] Leaving safepoint region
[2022-06-13T02:54:48.713+0000][1][safepoint    ] Total time for which application threads were stopped: 0.0001911 seconds, Stopping threads took: 0.0000848 seconds
[2022-06-13T02:54:48.713+0000][1][safepoint    ] Application time: 0.0000725 seconds
[2022-06-13T02:54:48.714+0000][1][safepoint    ] Entering safepoint region: RevokeBias
[2022-06-13T02:54:48.714+0000][1][safepoint    ] Leaving safepoint region
[2022-06-13T02:54:48.714+0000][1][safepoint    ] Total time for which application threads were stopped: 0.0001783 seconds, Stopping threads took: 0.0000781 seconds
[2022-06-13T02:54:48.784+0000][1][safepoint    ] Application time: 0.0701283 seconds
[2022-06-13T02:54:48.784+0000][1][safepoint    ] Entering safepoint region: RevokeBias
[2022-06-13T02:54:48.785+0000][1][safepoint    ] Leaving safepoint region
[2022-06-13T02:54:48.785+0000][1][safepoint    ] Total time for which application threads were stopped: 0.0007562 seconds, Stopping threads took: 0.0003528 seconds
[2022-06-13T02:54:48.789+0000][1][safepoint    ] Application time: 0.0038584 seconds
[2022-06-13T02:54:48.790+0000][1][safepoint    ] Entering safepoint region: Deoptimize
[2022-06-13T02:54:48.790+0000][1][safepoint    ] Leaving safepoint region
[2022-06-13T02:54:48.790+0000][1][safepoint    ] Total time for which application threads were stopped: 0.0007835 seconds, Stopping threads took: 0.0001821 seconds
[2022-06-13T02:54:48.791+0000][1][safepoint    ] Application time: 0.0004673 seconds
[2022-06-13T02:54:48.791+0000][1][safepoint    ] Entering safepoint region: Deoptimize
[2022-06-13T02:54:48.792+0000][1][safepoint    ] Leaving safepoint region
[2022-06-13T02:54:48.792+0000][1][safepoint    ] Total time for which application threads were stopped: 0.0010045 seconds, Stopping threads took: 0.0004281 seconds
[2022-06-13T02:54:48.883+0000][1][safepoint    ] Application time: 0.0907520 seconds
[2022-06-13T02:54:48.884+0000][1][safepoint    ] Entering safepoint region: GenCollectForAllocation
[2022-06-13T02:54:48.884+0000][1][gc,start     ] GC(3) Pause Young (Allocation Failure)
[2022-06-13T02:54:48.884+0000][1][gc,task      ] GC(3) Using 5 workers of 13 for evacuation
[2022-06-13T02:54:48.887+0000][1][gc,age       ] GC(3) Desired survivor size 4456448 bytes, new threshold 3 (max threshold 6)
[2022-06-13T02:54:48.887+0000][1][gc,age       ] GC(3) Age table with threshold 3 (max threshold 6)
[2022-06-13T02:54:48.887+0000][1][gc,age       ] GC(3) - age   1:    3196448 bytes,    3196448 total
[2022-06-13T02:54:48.888+0000][1][gc,age       ] GC(3) - age   2:     294192 bytes,    3490640 total
[2022-06-13T02:54:48.888+0000][1][gc,age       ] GC(3) - age   3:    1181184 bytes,    4671824 total
[2022-06-13T02:54:48.889+0000][1][gc,heap      ] GC(3) ParNew: 74651K->6483K(78656K)
[2022-06-13T02:54:48.889+0000][1][gc,heap      ] GC(3) CMS: 6651K->6651K(174784K)
[2022-06-13T02:54:48.889+0000][1][gc,metaspace ] GC(3) Metaspace: 18149K->18149K(1067008K)
[2022-06-13T02:54:48.889+0000][1][gc           ] GC(3) Pause Young (Allocation Failure) 79M->12M(247M) 5.308ms
[2022-06-13T02:54:48.890+0000][1][gc,cpu       ] GC(3) User=0.02s Sys=0.00s Real=0.01s
[2022-06-13T02:54:48.890+0000][1][safepoint    ] Leaving safepoint region
[2022-06-13T02:54:48.890+0000][1][safepoint    ] Total time for which application threads were stopped: 0.0064246 seconds, Stopping threads took: 0.0002318 seconds
[2022-06-13T02:54:48.891+0000][1][safepoint    ] Application time: 0.0003535 seconds
[2022-06-13T02:54:48.891+0000][1][safepoint    ] Entering safepoint region: RevokeBias
[2022-06-13T02:54:48.891+0000][1][safepoint    ] Leaving safepoint region
[2022-06-13T02:54:48.891+0000][1][safepoint    ] Total time for which application threads were stopped: 0.0004785 seconds, Stopping threads took: 0.0002396 seconds
[2022-06-13T02:54:48.892+0000][1][safepoint    ] Application time: 0.0001112 seconds
[2022-06-13T02:54:48.892+0000][1][safepoint    ] Entering safepoint region: RevokeBias
[2022-06-13T02:54:48.892+0000][1][safepoint    ] Leaving safepoint region
[2022-06-13T02:54:48.892+0000][1][safepoint    ] Total time for which application threads were stopped: 0.0006358 seconds, Stopping threads took: 0.0003084 seconds
[2022-06-13T02:54:48.893+0000][1][safepoint    ] Application time: 0.0001151 seconds
[2022-06-13T02:54:48.893+0000][1][safepoint    ] Entering safepoint region: RevokeBias
[2022-06-13T02:54:48.893+0000][1][safepoint    ] Leaving safepoint region
[2022-06-13T02:54:48.893+0000][1][safepoint    ] Total time for which application threads were stopped: 0.0005319 seconds, Stopping threads took: 0.0001958 seconds
[2022-06-13T02:54:48.894+0000][1][safepoint    ] Application time: 0.0002169 seconds
[2022-06-13T02:54:48.894+0000][1][safepoint    ] Entering safepoint region: RevokeBias
[2022-06-13T02:54:48.894+0000][1][safepoint    ] Leaving safepoint region
[2022-06-13T02:54:48.894+0000][1][safepoint    ] Total time for which application threads were stopped: 0.0004375 seconds, Stopping threads took: 0.0002155 seconds
[2022-06-13T02:54:48.895+0000][1][safepoint    ] Application time: 0.0001683 seconds
[2022-06-13T02:54:48.895+0000][1][safepoint    ] Entering safepoint region: RevokeBias
[2022-06-13T02:54:48.895+0000][1][safepoint    ] Leaving safepoint region
[2022-06-13T02:54:48.895+0000][1][safepoint    ] Total time for which application threads were stopped: 0.0002865 seconds, Stopping threads took: 0.0001796 seconds
[2022-06-13T02:54:48.895+0000][1][safepoint    ] Application time: 0.0000831 seconds
[2022-06-13T02:54:48.895+0000][1][safepoint    ] Entering safepoint region: RevokeBias
[2022-06-13T02:54:48.896+0000][1][safepoint    ] Leaving safepoint region
[2022-06-13T02:54:48.896+0000][1][safepoint    ] Total time for which application threads were stopped: 0.0002608 seconds, Stopping threads took: 0.0001366 seconds
[2022-06-13T02:54:48.896+0000][1][safepoint    ] Application time: 0.0000916 seconds
[2022-06-13T02:54:48.896+0000][1][safepoint    ] Entering safepoint region: RevokeBias
[2022-06-13T02:54:48.896+0000][1][safepoint    ] Leaving safepoint region
[2022-06-13T02:54:48.896+0000][1][safepoint    ] Total time for which application threads were stopped: 0.0002178 seconds, Stopping threads took: 0.0001225 seconds
[2022-06-13T02:54:48.896+0000][1][safepoint    ] Application time: 0.0000711 seconds
[2022-06-13T02:54:48.897+0000][1][safepoint    ] Entering safepoint region: RevokeBias
[2022-06-13T02:54:48.897+0000][1][safepoint    ] Leaving safepoint region
[2022-06-13T02:54:48.897+0000][1][safepoint    ] Total time for which application threads were stopped: 0.0002266 seconds, Stopping threads took: 0.0001310 seconds
[2022-06-13T02:54:48.897+0000][1][safepoint    ] Application time: 0.0000913 seconds
[2022-06-13T02:54:48.897+0000][1][safepoint    ] Entering safepoint region: RevokeBias
[2022-06-13T02:54:48.897+0000][1][safepoint    ] Leaving safepoint region
[2022-06-13T02:54:48.897+0000][1][safepoint    ] Total time for which application threads were stopped: 0.0001639 seconds, Stopping threads took: 0.0000770 seconds
[2022-06-13T02:54:48.897+0000][1][safepoint    ] Application time: 0.0000826 seconds
[2022-06-13T02:54:48.897+0000][1][safepoint    ] Entering safepoint region: RevokeBias
[2022-06-13T02:54:48.897+0000][1][safepoint    ] Leaving safepoint region
[2022-06-13T02:54:48.898+0000][1][safepoint    ] Total time for which application threads were stopped: 0.0001690 seconds, Stopping threads took: 0.0000795 seconds
[2022-06-13T02:54:48.898+0000][1][safepoint    ] Application time: 0.0000921 seconds
[2022-06-13T02:54:48.898+0000][1][safepoint    ] Entering safepoint region: RevokeBias
[2022-06-13T02:54:48.898+0000][1][safepoint    ] Leaving safepoint region
[2022-06-13T02:54:48.898+0000][1][safepoint    ] Total time for which application threads were stopped: 0.0002039 seconds, Stopping threads took: 0.0001107 seconds
[2022-06-13T02:54:48.898+0000][1][safepoint    ] Application time: 0.0000648 seconds
[2022-06-13T02:54:48.898+0000][1][safepoint    ] Entering safepoint region: RevokeBias
[2022-06-13T02:54:48.898+0000][1][safepoint    ] Leaving safepoint region
[2022-06-13T02:54:48.899+0000][1][safepoint    ] Total time for which application threads were stopped: 0.0003582 seconds, Stopping threads took: 0.0002209 seconds
[2022-06-13T02:54:48.899+0000][1][safepoint    ] Application time: 0.0002104 seconds
[2022-06-13T02:54:48.899+0000][1][safepoint    ] Entering safepoint region: RevokeBias
[2022-06-13T02:54:48.899+0000][1][safepoint    ] Leaving safepoint region
[2022-06-13T02:54:48.900+0000][1][safepoint    ] Total time for which application threads were stopped: 0.0004890 seconds, Stopping threads took: 0.0001617 seconds
[2022-06-13T02:54:48.900+0000][1][safepoint    ] Application time: 0.0000966 seconds
[2022-06-13T02:54:48.900+0000][1][safepoint    ] Entering safepoint region: RevokeBias
[2022-06-13T02:54:48.900+0000][1][safepoint    ] Leaving safepoint region
[2022-06-13T02:54:48.901+0000][1][safepoint    ] Total time for which application threads were stopped: 0.0003733 seconds, Stopping threads took: 0.0001944 seconds
[2022-06-13T02:54:48.901+0000][1][safepoint    ] Application time: 0.0001460 seconds
[2022-06-13T02:54:48.901+0000][1][safepoint    ] Entering safepoint region: RevokeBias
[2022-06-13T02:54:48.901+0000][1][safepoint    ] Leaving safepoint region
[2022-06-13T02:54:48.902+0000][1][safepoint    ] Total time for which application threads were stopped: 0.0005749 seconds, Stopping threads took: 0.0002794 seconds
[2022-06-13T02:54:48.902+0000][1][safepoint    ] Application time: 0.0001836 seconds
[2022-06-13T02:54:48.902+0000][1][safepoint    ] Entering safepoint region: RevokeBias
[2022-06-13T02:54:48.903+0000][1][safepoint    ] Leaving safepoint region
[2022-06-13T02:54:48.903+0000][1][safepoint    ] Total time for which application threads were stopped: 0.0004737 seconds, Stopping threads took: 0.0002812 seconds
[2022-06-13T02:54:48.903+0000][1][safepoint    ] Application time: 0.0002080 seconds
[2022-06-13T02:54:48.904+0000][1][safepoint    ] Entering safepoint region: RevokeBias
[2022-06-13T02:54:48.904+0000][1][safepoint    ] Leaving safepoint region
[2022-06-13T02:54:48.904+0000][1][safepoint    ] Total time for which application threads were stopped: 0.0004749 seconds, Stopping threads took: 0.0002534 seconds
[2022-06-13T02:54:48.904+0000][1][safepoint    ] Application time: 0.0001836 seconds
[2022-06-13T02:54:48.905+0000][1][safepoint    ] Entering safepoint region: RevokeBias
[2022-06-13T02:54:48.905+0000][1][safepoint    ] Leaving safepoint region
[2022-06-13T02:54:48.905+0000][1][safepoint    ] Total time for which application threads were stopped: 0.0003781 seconds, Stopping threads took: 0.0002286 seconds
[2022-06-13T02:54:48.905+0000][1][safepoint    ] Application time: 0.0000917 seconds
[2022-06-13T02:54:48.905+0000][1][safepoint    ] Entering safepoint region: RevokeBias
[2022-06-13T02:54:48.905+0000][1][safepoint    ] Leaving safepoint region
[2022-06-13T02:54:48.906+0000][1][safepoint    ] Total time for which application threads were stopped: 0.0005973 seconds, Stopping threads took: 0.0001278 seconds
[2022-06-13T02:54:48.906+0000][1][safepoint    ] Application time: 0.0001084 seconds
[2022-06-13T02:54:48.906+0000][1][safepoint    ] Entering safepoint region: RevokeBias
[2022-06-13T02:54:48.907+0000][1][safepoint    ] Leaving safepoint region
[2022-06-13T02:54:48.907+0000][1][safepoint    ] Total time for which application threads were stopped: 0.0004259 seconds, Stopping threads took: 0.0002178 seconds
[2022-06-13T02:54:48.907+0000][1][safepoint    ] Application time: 0.0000724 seconds
[2022-06-13T02:54:48.907+0000][1][safepoint    ] Entering safepoint region: RevokeBias
[2022-06-13T02:54:48.908+0000][1][safepoint    ] Leaving safepoint region
[2022-06-13T02:54:48.908+0000][1][safepoint    ] Total time for which application threads were stopped: 0.0004852 seconds, Stopping threads took: 0.0003076 seconds
[2022-06-13T02:54:49.026+0000][1][safepoint    ] Application time: 0.1181732 seconds
[2022-06-13T02:54:49.026+0000][1][safepoint    ] Entering safepoint region: GenCollectForAllocation
[2022-06-13T02:54:49.027+0000][1][gc,start     ] GC(4) Pause Young (Allocation Failure)
[2022-06-13T02:54:49.027+0000][1][gc,task      ] GC(4) Using 5 workers of 13 for evacuation
[2022-06-13T02:54:49.030+0000][1][gc,age       ] GC(4) Desired survivor size 4456448 bytes, new threshold 6 (max threshold 6)
[2022-06-13T02:54:49.031+0000][1][gc,age       ] GC(4) Age table with threshold 6 (max threshold 6)
[2022-06-13T02:54:49.031+0000][1][gc,age       ] GC(4) - age   1:     885128 bytes,     885128 total
[2022-06-13T02:54:49.031+0000][1][gc,age       ] GC(4) - age   2:    3159816 bytes,    4044944 total
[2022-06-13T02:54:49.032+0000][1][gc,age       ] GC(4) - age   3:     293664 bytes,    4338608 total
[2022-06-13T02:54:49.032+0000][1][gc,heap      ] GC(4) ParNew: 76435K->6710K(78656K)
[2022-06-13T02:54:49.032+0000][1][gc,heap      ] GC(4) CMS: 6651K->7822K(174784K)
[2022-06-13T02:54:49.032+0000][1][gc,metaspace ] GC(4) Metaspace: 18720K->18720K(1067008K)
[2022-06-13T02:54:49.033+0000][1][gc           ] GC(4) Pause Young (Allocation Failure) 81M->14M(247M) 5.802ms
[2022-06-13T02:54:49.033+0000][1][gc,cpu       ] GC(4) User=0.04s Sys=0.00s Real=0.01s
[2022-06-13T02:54:49.033+0000][1][safepoint    ] Leaving safepoint region
[2022-06-13T02:54:49.033+0000][1][safepoint    ] Total time for which application threads were stopped: 0.0068086 seconds, Stopping threads took: 0.0002440 seconds
[2022-06-13T02:54:49.034+0000][1][safepoint    ] Application time: 0.0003256 seconds
[2022-06-13T02:54:49.034+0000][1][safepoint    ] Entering safepoint region: RevokeBias
[2022-06-13T02:54:49.034+0000][1][safepoint    ] Leaving safepoint region
[2022-06-13T02:54:49.035+0000][1][safepoint    ] Total time for which application threads were stopped: 0.0007235 seconds, Stopping threads took: 0.0003176 seconds
[2022-06-13T02:54:49.035+0000][1][safepoint    ] Application time: 0.0001446 seconds
[2022-06-13T02:54:49.035+0000][1][safepoint    ] Entering safepoint region: RevokeBias
[2022-06-13T02:54:49.035+0000][1][safepoint    ] Leaving safepoint region
[2022-06-13T02:54:49.036+0000][1][safepoint    ] Total time for which application threads were stopped: 0.0003719 seconds, Stopping threads took: 0.0001492 seconds
[2022-06-13T02:54:49.036+0000][1][safepoint    ] Application time: 0.0001631 seconds
[2022-06-13T02:54:49.036+0000][1][safepoint    ] Entering safepoint region: RevokeBias
[2022-06-13T02:54:49.036+0000][1][safepoint    ] Leaving safepoint region
[2022-06-13T02:54:49.037+0000][1][safepoint    ] Total time for which application threads were stopped: 0.0006072 seconds, Stopping threads took: 0.0001782 seconds
[2022-06-13T02:54:49.037+0000][1][safepoint    ] Application time: 0.0000904 seconds
[2022-06-13T02:54:49.037+0000][1][safepoint    ] Entering safepoint region: RevokeBias
[2022-06-13T02:54:49.038+0000][1][safepoint    ] Leaving safepoint region
[2022-06-13T02:54:49.038+0000][1][safepoint    ] Total time for which application threads were stopped: 0.0005370 seconds, Stopping threads took: 0.0003332 seconds
[2022-06-13T02:54:49.061+0000][1][safepoint    ] Application time: 0.0230058 seconds
[2022-06-13T02:54:49.061+0000][1][safepoint    ] Entering safepoint region: Deoptimize
[2022-06-13T02:54:49.062+0000][1][safepoint    ] Leaving safepoint region
[2022-06-13T02:54:49.062+0000][1][safepoint    ] Total time for which application threads were stopped: 0.0007267 seconds, Stopping threads took: 0.0001629 seconds
[2022-06-13T02:54:49.091+0000][1][safepoint    ] Application time: 0.0290327 seconds
[2022-06-13T02:54:49.092+0000][1][safepoint    ] Entering safepoint region: Deoptimize
[2022-06-13T02:54:49.092+0000][1][safepoint    ] Leaving safepoint region
[2022-06-13T02:54:49.092+0000][1][safepoint    ] Total time for which application threads were stopped: 0.0007070 seconds, Stopping threads took: 0.0001348 seconds
[2022-06-13T02:54:49.133+0000][1][safepoint    ] Application time: 0.0402432 seconds
[2022-06-13T02:54:49.133+0000][1][safepoint    ] Entering safepoint region: GenCollectForAllocation
[2022-06-13T02:54:49.133+0000][1][gc,start     ] GC(5) Pause Young (Allocation Failure)
[2022-06-13T02:54:49.133+0000][1][gc,task      ] GC(5) Using 5 workers of 13 for evacuation
[2022-06-13T02:54:49.136+0000][1][gc,age       ] GC(5) Desired survivor size 4456448 bytes, new threshold 3 (max threshold 6)
[2022-06-13T02:54:49.136+0000][1][gc,age       ] GC(5) Age table with threshold 3 (max threshold 6)
[2022-06-13T02:54:49.136+0000][1][gc,age       ] GC(5) - age   1:    2107720 bytes,    2107720 total
[2022-06-13T02:54:49.137+0000][1][gc,age       ] GC(5) - age   2:     617240 bytes,    2724960 total
[2022-06-13T02:54:49.137+0000][1][gc,age       ] GC(5) - age   3:    3159816 bytes,    5884776 total
[2022-06-13T02:54:49.137+0000][1][gc,age       ] GC(5) - age   4:     293664 bytes,    6178440 total
[2022-06-13T02:54:49.137+0000][1][gc,heap      ] GC(5) ParNew: 76662K->8312K(78656K)
[2022-06-13T02:54:49.137+0000][1][gc,heap      ] GC(5) CMS: 7822K->7822K(174784K)
[2022-06-13T02:54:49.137+0000][1][gc,metaspace ] GC(5) Metaspace: 18900K->18900K(1067008K)
[2022-06-13T02:54:49.137+0000][1][gc           ] GC(5) Pause Young (Allocation Failure) 82M->15M(247M) 4.043ms
[2022-06-13T02:54:49.137+0000][1][gc,cpu       ] GC(5) User=0.03s Sys=0.00s Real=0.00s
[2022-06-13T02:54:49.137+0000][1][safepoint    ] Leaving safepoint region
[2022-06-13T02:54:49.138+0000][1][safepoint    ] Total time for which application threads were stopped: 0.0046821 seconds, Stopping threads took: 0.0002111 seconds
[2022-06-13T02:54:49.138+0000][1][safepoint    ] Application time: 0.0002022 seconds
[2022-06-13T02:54:49.138+0000][1][safepoint    ] Entering safepoint region: RevokeBias
[2022-06-13T02:54:49.138+0000][1][safepoint    ] Leaving safepoint region
[2022-06-13T02:54:49.138+0000][1][safepoint    ] Total time for which application threads were stopped: 0.0003286 seconds, Stopping threads took: 0.0001535 seconds
[2022-06-13T02:54:49.138+0000][1][safepoint    ] Application time: 0.0000840 seconds
[2022-06-13T02:54:49.139+0000][1][safepoint    ] Entering safepoint region: RevokeBias
[2022-06-13T02:54:49.139+0000][1][safepoint    ] Leaving safepoint region
[2022-06-13T02:54:49.139+0000][1][safepoint    ] Total time for which application threads were stopped: 0.0002419 seconds, Stopping threads took: 0.0001178 seconds
[2022-06-13T02:54:49.139+0000][1][safepoint    ] Application time: 0.0000809 seconds
[2022-06-13T02:54:49.139+0000][1][safepoint    ] Entering safepoint region: RevokeBias
[2022-06-13T02:54:49.139+0000][1][safepoint    ] Leaving safepoint region
[2022-06-13T02:54:49.139+0000][1][safepoint    ] Total time for which application threads were stopped: 0.0003027 seconds, Stopping threads took: 0.0001534 seconds
[2022-06-13T02:54:49.140+0000][1][safepoint    ] Application time: 0.0000980 seconds
[2022-06-13T02:54:49.140+0000][1][safepoint    ] Entering safepoint region: RevokeBias
[2022-06-13T02:54:49.140+0000][1][safepoint    ] Leaving safepoint region
[2022-06-13T02:54:49.140+0000][1][safepoint    ] Total time for which application threads were stopped: 0.0002910 seconds, Stopping threads took: 0.0001512 seconds
[2022-06-13T02:54:49.233+0000][1][safepoint    ] Application time: 0.0928173 seconds
[2022-06-13T02:54:49.233+0000][1][safepoint    ] Entering safepoint region: GenCollectForAllocation
[2022-06-13T02:54:49.234+0000][1][gc,start     ] GC(6) Pause Young (Allocation Failure)
[2022-06-13T02:54:49.234+0000][1][gc,task      ] GC(6) Using 5 workers of 13 for evacuation
[2022-06-13T02:54:49.238+0000][1][gc,age       ] GC(6) Desired survivor size 4456448 bytes, new threshold 6 (max threshold 6)
[2022-06-13T02:54:49.239+0000][1][gc,age       ] GC(6) Age table with threshold 6 (max threshold 6)
[2022-06-13T02:54:49.239+0000][1][gc,age       ] GC(6) - age   1:     418584 bytes,     418584 total
[2022-06-13T02:54:49.239+0000][1][gc,age       ] GC(6) - age   2:    2095760 bytes,    2514344 total
[2022-06-13T02:54:49.239+0000][1][gc,age       ] GC(6) - age   3:     616288 bytes,    3130632 total
[2022-06-13T02:54:49.239+0000][1][gc,heap      ] GC(6) ParNew: 78264K->6495K(78656K)
[2022-06-13T02:54:49.240+0000][1][gc,heap      ] GC(6) CMS: 7822K->11217K(174784K)
[2022-06-13T02:54:49.240+0000][1][gc,metaspace ] GC(6) Metaspace: 19248K->19248K(1067008K)
[2022-06-13T02:54:49.240+0000][1][gc           ] GC(6) Pause Young (Allocation Failure) 84M->17M(247M) 6.061ms
[2022-06-13T02:54:49.240+0000][1][gc,cpu       ] GC(6) User=0.04s Sys=0.01s Real=0.01s
[2022-06-13T02:54:49.240+0000][1][safepoint    ] Leaving safepoint region
[2022-06-13T02:54:49.240+0000][1][safepoint    ] Total time for which application threads were stopped: 0.0068627 seconds, Stopping threads took: 0.0002402 seconds
[2022-06-13T02:54:49.241+0000][1][safepoint    ] Application time: 0.0002454 seconds
[2022-06-13T02:54:49.241+0000][1][safepoint    ] Entering safepoint region: RevokeBias
[2022-06-13T02:54:49.241+0000][1][safepoint    ] Leaving safepoint region
[2022-06-13T02:54:49.241+0000][1][safepoint    ] Total time for which application threads were stopped: 0.0003781 seconds, Stopping threads took: 0.0001541 seconds
[2022-06-13T02:54:49.242+0000][1][safepoint    ] Application time: 0.0004845 seconds
[2022-06-13T02:54:49.242+0000][1][safepoint    ] Entering safepoint region: RevokeBias
[2022-06-13T02:54:49.242+0000][1][safepoint    ] Leaving safepoint region
[2022-06-13T02:54:49.242+0000][1][safepoint    ] Total time for which application threads were stopped: 0.0003868 seconds, Stopping threads took: 0.0001698 seconds
[2022-06-13T02:54:49.243+0000][1][safepoint    ] Application time: 0.0001411 seconds
[2022-06-13T02:54:49.243+0000][1][safepoint    ] Entering safepoint region: RevokeBias
[2022-06-13T02:54:49.243+0000][1][safepoint    ] Leaving safepoint region
[2022-06-13T02:54:49.243+0000][1][safepoint    ] Total time for which application threads were stopped: 0.0003914 seconds, Stopping threads took: 0.0001553 seconds
[2022-06-13T02:54:49.244+0000][1][safepoint    ] Application time: 0.0001118 seconds
[2022-06-13T02:54:49.244+0000][1][safepoint    ] Entering safepoint region: BulkRevokeBias
[2022-06-13T02:54:49.244+0000][1][safepoint    ] Leaving safepoint region
[2022-06-13T02:54:49.244+0000][1][safepoint    ] Total time for which application threads were stopped: 0.0003386 seconds, Stopping threads took: 0.0001428 seconds
[2022-06-13T02:54:49.244+0000][1][safepoint    ] Application time: 0.0001052 seconds
[2022-06-13T02:54:49.244+0000][1][safepoint    ] Entering safepoint region: BulkRevokeBias
[2022-06-13T02:54:49.245+0000][1][safepoint    ] Leaving safepoint region
[2022-06-13T02:54:49.245+0000][1][safepoint    ] Total time for which application threads were stopped: 0.0003431 seconds, Stopping threads took: 0.0001359 seconds
[2022-06-13T02:54:49.351+0000][1][safepoint    ] Application time: 0.1062389 seconds
[2022-06-13T02:54:49.358+0000][1][safepoint    ] Entering safepoint region: GenCollectForAllocation
[2022-06-13T02:54:49.359+0000][1][gc,start     ] GC(7) Pause Young (Allocation Failure)
[2022-06-13T02:54:49.359+0000][1][gc,task      ] GC(7) Using 5 workers of 13 for evacuation
[2022-06-13T02:54:49.363+0000][1][gc,age       ] GC(7) Desired survivor size 4456448 bytes, new threshold 3 (max threshold 6)
[2022-06-13T02:54:49.363+0000][1][gc,age       ] GC(7) Age table with threshold 3 (max threshold 6)
[2022-06-13T02:54:49.364+0000][1][gc,age       ] GC(7) - age   1:    3281624 bytes,    3281624 total
[2022-06-13T02:54:49.364+0000][1][gc,age       ] GC(7) - age   2:     267264 bytes,    3548888 total
[2022-06-13T02:54:49.364+0000][1][gc,age       ] GC(7) - age   3:    2095736 bytes,    5644624 total
[2022-06-13T02:54:49.364+0000][1][gc,age       ] GC(7) - age   4:     616288 bytes,    6260912 total
[2022-06-13T02:54:49.364+0000][1][gc,heap      ] GC(7) ParNew: 76447K->7246K(78656K)
[2022-06-13T02:54:49.364+0000][1][gc,heap      ] GC(7) CMS: 11217K->11217K(174784K)
[2022-06-13T02:54:49.365+0000][1][gc,metaspace ] GC(7) Metaspace: 19615K->19615K(1067008K)
[2022-06-13T02:54:49.365+0000][1][gc           ] GC(7) Pause Young (Allocation Failure) 85M->18M(247M) 5.796ms
[2022-06-13T02:54:49.365+0000][1][gc,cpu       ] GC(7) User=0.02s Sys=0.01s Real=0.01s
[2022-06-13T02:54:49.365+0000][1][safepoint    ] Leaving safepoint region
[2022-06-13T02:54:49.365+0000][1][safepoint    ] Total time for which application threads were stopped: 0.0070269 seconds, Stopping threads took: 0.0005303 seconds
[2022-06-13T02:54:49.404+0000][1][safepoint    ] Application time: 0.0387967 seconds
[2022-06-13T02:54:49.405+0000][1][safepoint    ] Entering safepoint region: CollectForMetadataAllocation
[2022-06-13T02:54:49.405+0000][1][safepoint    ] Leaving safepoint region
[2022-06-13T02:54:49.405+0000][1][safepoint    ] Total time for which application threads were stopped: 0.0005244 seconds, Stopping threads took: 0.0002174 seconds
[2022-06-13T02:54:49.429+0000][1][safepoint    ] Application time: 0.0234476 seconds
[2022-06-13T02:54:49.429+0000][1][safepoint    ] Entering safepoint region: CollectForMetadataAllocation
[2022-06-13T02:54:49.429+0000][1][safepoint    ] Leaving safepoint region
[2022-06-13T02:54:49.430+0000][1][safepoint    ] Total time for which application threads were stopped: 0.0004983 seconds, Stopping threads took: 0.0001992 seconds
[2022-06-13T02:54:49.489+0000][1][safepoint    ] Application time: 0.0589805 seconds
[2022-06-13T02:54:49.489+0000][1][safepoint    ] Entering safepoint region: GenCollectForAllocation
[2022-06-13T02:54:49.489+0000][1][gc,start     ] GC(8) Pause Young (Allocation Failure)
[2022-06-13T02:54:49.490+0000][1][gc,task      ] GC(8) Using 5 workers of 13 for evacuation
[2022-06-13T02:54:49.493+0000][1][gc,age       ] GC(8) Desired survivor size 4456448 bytes, new threshold 6 (max threshold 6)
[2022-06-13T02:54:49.493+0000][1][gc,age       ] GC(8) Age table with threshold 6 (max threshold 6)
[2022-06-13T02:54:49.493+0000][1][gc,age       ] GC(8) - age   1:    2253840 bytes,    2253840 total
[2022-06-13T02:54:49.493+0000][1][gc,age       ] GC(8) - age   2:    1299360 bytes,    3553200 total
[2022-06-13T02:54:49.493+0000][1][gc,age       ] GC(8) - age   3:     267120 bytes,    3820320 total
[2022-06-13T02:54:49.493+0000][1][gc,heap      ] GC(8) ParNew: 77198K->6510K(78656K)
[2022-06-13T02:54:49.494+0000][1][gc,heap      ] GC(8) CMS: 11217K->13925K(174784K)
[2022-06-13T02:54:49.494+0000][1][gc,metaspace ] GC(8) Metaspace: 20420K->20420K(1069056K)
[2022-06-13T02:54:49.494+0000][1][gc           ] GC(8) Pause Young (Allocation Failure) 86M->19M(247M) 4.399ms
[2022-06-13T02:54:49.494+0000][1][gc,cpu       ] GC(8) User=0.01s Sys=0.00s Real=0.00s
[2022-06-13T02:54:49.494+0000][1][safepoint    ] Leaving safepoint region
[2022-06-13T02:54:49.494+0000][1][safepoint    ] Total time for which application threads were stopped: 0.0049521 seconds, Stopping threads took: 0.0001788 seconds
[2022-06-13T02:54:49.494+0000][1][safepoint    ] Application time: 0.0001309 seconds
[2022-06-13T02:54:49.494+0000][1][safepoint    ] Entering safepoint region: CMS_Initial_Mark
[2022-06-13T02:54:49.495+0000][1][gc,start     ] GC(9) Pause Initial Mark
[2022-06-13T02:54:49.495+0000][1][gc           ] GC(9) Pause Initial Mark 21M->21M(247M) 0.536ms
[2022-06-13T02:54:49.495+0000][1][gc,cpu       ] GC(9) User=0.00s Sys=0.00s Real=0.00s
[2022-06-13T02:54:49.495+0000][1][safepoint    ] Leaving safepoint region
[2022-06-13T02:54:49.495+0000][1][safepoint    ] Total time for which application threads were stopped: 0.0010169 seconds, Stopping threads took: 0.0001849 seconds
[2022-06-13T02:54:49.496+0000][1][gc           ] GC(9) Concurrent Mark
[2022-06-13T02:54:49.496+0000][1][gc,task      ] GC(9) Using 4 workers of 4 for marking
[2022-06-13T02:54:49.501+0000][1][gc           ] GC(9) Concurrent Mark 5.152ms
[2022-06-13T02:54:49.501+0000][1][gc,cpu       ] GC(9) User=0.04s Sys=0.00s Real=0.01s
[2022-06-13T02:54:49.501+0000][1][gc           ] GC(9) Concurrent Preclean
[2022-06-13T02:54:49.502+0000][1][gc           ] GC(9) Concurrent Preclean 0.726ms
[2022-06-13T02:54:49.502+0000][1][gc,cpu       ] GC(9) User=0.00s Sys=0.00s Real=0.00s
[2022-06-13T02:54:49.502+0000][1][gc           ] GC(9) Concurrent Abortable Preclean
[2022-06-13T02:54:49.551+0000][1][safepoint    ] Application time: 0.0550649 seconds
[2022-06-13T02:54:49.551+0000][1][safepoint    ] Entering safepoint region: GenCollectForAllocation
[2022-06-13T02:54:49.551+0000][1][gc,start     ] GC(10) Pause Young (Allocation Failure)
[2022-06-13T02:54:49.551+0000][1][gc,task      ] GC(10) Using 5 workers of 13 for evacuation
[2022-06-13T02:54:49.553+0000][1][gc,age       ] GC(10) Desired survivor size 4456448 bytes, new threshold 6 (max threshold 6)
[2022-06-13T02:54:49.553+0000][1][gc,age       ] GC(10) Age table with threshold 6 (max threshold 6)
[2022-06-13T02:54:49.553+0000][1][gc,age       ] GC(10) - age   1:     917456 bytes,     917456 total
[2022-06-13T02:54:49.553+0000][1][gc,age       ] GC(10) - age   2:     624112 bytes,    1541568 total
[2022-06-13T02:54:49.553+0000][1][gc,age       ] GC(10) - age   3:    1299240 bytes,    2840808 total
[2022-06-13T02:54:49.553+0000][1][gc,age       ] GC(10) - age   4:     267120 bytes,    3107928 total
[2022-06-13T02:54:49.554+0000][1][gc,heap      ] GC(10) ParNew: 76462K->3778K(78656K)
[2022-06-13T02:54:49.554+0000][1][gc,heap      ] GC(10) CMS: 13925K->13925K(174784K)
[2022-06-13T02:54:49.554+0000][1][gc,metaspace ] GC(10) Metaspace: 20537K->20537K(1069056K)
[2022-06-13T02:54:49.554+0000][1][gc           ] GC(10) Pause Young (Allocation Failure) 88M->17M(247M) 2.702ms
[2022-06-13T02:54:49.554+0000][1][gc,cpu       ] GC(10) User=0.01s Sys=0.00s Real=0.00s
[2022-06-13T02:54:49.554+0000][1][safepoint    ] Leaving safepoint region
[2022-06-13T02:54:49.554+0000][1][safepoint    ] Total time for which application threads were stopped: 0.0032754 seconds, Stopping threads took: 0.0001746 seconds
[2022-06-13T02:54:49.602+0000][1][safepoint    ] Application time: 0.0479814 seconds
[2022-06-13T02:54:49.603+0000][1][safepoint    ] Entering safepoint region: GenCollectForAllocation
[2022-06-13T02:54:49.603+0000][1][gc,start     ] GC(11) Pause Young (Allocation Failure)
[2022-06-13T02:54:49.603+0000][1][gc,task      ] GC(11) Using 5 workers of 13 for evacuation
[2022-06-13T02:54:49.604+0000][1][gc,age       ] GC(11) Desired survivor size 4456448 bytes, new threshold 6 (max threshold 6)
[2022-06-13T02:54:49.604+0000][1][gc,age       ] GC(11) Age table with threshold 6 (max threshold 6)
[2022-06-13T02:54:49.604+0000][1][gc,age       ] GC(11) - age   1:     657776 bytes,     657776 total
[2022-06-13T02:54:49.604+0000][1][gc,age       ] GC(11) - age   2:     131672 bytes,     789448 total
[2022-06-13T02:54:49.604+0000][1][gc,age       ] GC(11) - age   3:     624064 bytes,    1413512 total
[2022-06-13T02:54:49.605+0000][1][gc,age       ] GC(11) - age   4:    1299136 bytes,    2712648 total
[2022-06-13T02:54:49.605+0000][1][gc,age       ] GC(11) - age   5:     266808 bytes,    2979456 total
[2022-06-13T02:54:49.605+0000][1][gc,heap      ] GC(11) ParNew: 73730K->4413K(78656K)
[2022-06-13T02:54:49.605+0000][1][gc,heap      ] GC(11) CMS: 13925K->13925K(174784K)
[2022-06-13T02:54:49.605+0000][1][gc,metaspace ] GC(11) Metaspace: 20616K->20616K(1069056K)
[2022-06-13T02:54:49.605+0000][1][gc           ] GC(11) Pause Young (Allocation Failure) 85M->17M(247M) 2.470ms
[2022-06-13T02:54:49.605+0000][1][gc,cpu       ] GC(11) User=0.01s Sys=0.00s Real=0.00s
[2022-06-13T02:54:49.605+0000][1][safepoint    ] Leaving safepoint region
[2022-06-13T02:54:49.605+0000][1][safepoint    ] Total time for which application threads were stopped: 0.0028927 seconds, Stopping threads took: 0.0000975 seconds
[2022-06-13T02:54:49.638+0000][1][safepoint    ] Application time: 0.0320792 seconds
[2022-06-13T02:54:49.638+0000][1][safepoint    ] Entering safepoint region: CollectForMetadataAllocation
[2022-06-13T02:54:49.638+0000][1][safepoint    ] Leaving safepoint region
[2022-06-13T02:54:49.638+0000][1][safepoint    ] Total time for which application threads were stopped: 0.0004580 seconds, Stopping threads took: 0.0001482 seconds
[2022-06-13T02:54:49.645+0000][1][gc           ] GC(9) Concurrent Abortable Preclean 142.538ms
[2022-06-13T02:54:49.645+0000][1][gc,cpu       ] GC(9) User=0.45s Sys=0.02s Real=0.14s
[2022-06-13T02:54:49.645+0000][1][safepoint    ] Application time: 0.0069448 seconds
[2022-06-13T02:54:49.646+0000][1][safepoint    ] Entering safepoint region: CMS_Final_Remark
[2022-06-13T02:54:49.646+0000][1][gc,start     ] GC(9) Pause Remark
[2022-06-13T02:54:49.653+0000][1][gc           ] GC(9) Pause Remark 61M->61M(247M) 7.258ms
[2022-06-13T02:54:49.653+0000][1][gc,cpu       ] GC(9) User=0.03s Sys=0.01s Real=0.01s
[2022-06-13T02:54:49.653+0000][1][safepoint    ] Leaving safepoint region
[2022-06-13T02:54:49.654+0000][1][safepoint    ] Total time for which application threads were stopped: 0.0080546 seconds, Stopping threads took: 0.0001722 seconds
[2022-06-13T02:54:49.654+0000][1][gc           ] GC(9) Concurrent Sweep
[2022-06-13T02:54:49.660+0000][1][gc           ] GC(9) Concurrent Sweep 5.862ms
[2022-06-13T02:54:49.661+0000][1][gc,cpu       ] GC(9) User=0.04s Sys=0.00s Real=0.01s
[2022-06-13T02:54:49.661+0000][1][gc           ] GC(9) Concurrent Reset
[2022-06-13T02:54:49.661+0000][1][gc           ] GC(9) Concurrent Reset 0.521ms
[2022-06-13T02:54:49.661+0000][1][gc,cpu       ] GC(9) User=0.00s Sys=0.00s Real=0.00s
[2022-06-13T02:54:49.662+0000][1][gc,heap      ] GC(9) Old: 13925K->13900K(174784K)
[2022-06-13T02:54:49.807+0000][1][safepoint    ] Application time: 0.1532724 seconds
[2022-06-13T02:54:49.807+0000][1][safepoint    ] Entering safepoint region: Deoptimize
[2022-06-13T02:54:49.808+0000][1][safepoint    ] Leaving safepoint region
[2022-06-13T02:54:49.808+0000][1][safepoint    ] Total time for which application threads were stopped: 0.0010900 seconds, Stopping threads took: 0.0001862 seconds
[2022-06-13T02:54:49.835+0000][1][safepoint    ] Application time: 0.0260324 seconds
[2022-06-13T02:54:49.835+0000][1][safepoint    ] Entering safepoint region: GenCollectForAllocation
[2022-06-13T02:54:49.835+0000][1][gc,start     ] GC(12) Pause Young (Allocation Failure)
[2022-06-13T02:54:49.835+0000][1][gc,task      ] GC(12) Using 5 workers of 13 for evacuation
[2022-06-13T02:54:49.837+0000][1][gc,age       ] GC(12) Desired survivor size 4456448 bytes, new threshold 6 (max threshold 6)
[2022-06-13T02:54:49.837+0000][1][gc,age       ] GC(12) Age table with threshold 6 (max threshold 6)
[2022-06-13T02:54:49.838+0000][1][gc,age       ] GC(12) - age   1:    1351272 bytes,    1351272 total
[2022-06-13T02:54:49.838+0000][1][gc,age       ] GC(12) - age   2:     345136 bytes,    1696408 total
[2022-06-13T02:54:49.838+0000][1][gc,age       ] GC(12) - age   3:     131424 bytes,    1827832 total
[2022-06-13T02:54:49.838+0000][1][gc,age       ] GC(12) - age   4:     623968 bytes,    2451800 total
[2022-06-13T02:54:49.838+0000][1][gc,age       ] GC(12) - age   5:    1296880 bytes,    3748680 total
[2022-06-13T02:54:49.839+0000][1][gc,age       ] GC(12) - age   6:     266624 bytes,    4015304 total
[2022-06-13T02:54:49.839+0000][1][gc,heap      ] GC(12) ParNew: 74365K->4842K(78656K)
[2022-06-13T02:54:49.839+0000][1][gc,heap      ] GC(12) CMS: 13900K->13900K(174784K)
[2022-06-13T02:54:49.839+0000][1][gc,metaspace ] GC(12) Metaspace: 25003K->25003K(1073152K)
[2022-06-13T02:54:49.840+0000][1][gc           ] GC(12) Pause Young (Allocation Failure) 86M->18M(247M) 4.521ms
[2022-06-13T02:54:49.840+0000][1][gc,cpu       ] GC(12) User=0.01s Sys=0.00s Real=0.01s
[2022-06-13T02:54:49.840+0000][1][safepoint    ] Leaving safepoint region
[2022-06-13T02:54:49.840+0000][1][safepoint    ] Total time for which application threads were stopped: 0.0052242 seconds, Stopping threads took: 0.0001325 seconds
[2022-06-13T02:54:49.858+0000][1][safepoint    ] Application time: 0.0175948 seconds
[2022-06-13T02:54:49.858+0000][1][safepoint    ] Entering safepoint region: Deoptimize
[2022-06-13T02:54:49.859+0000][1][safepoint    ] Leaving safepoint region
[2022-06-13T02:54:49.859+0000][1][safepoint    ] Total time for which application threads were stopped: 0.0008390 seconds, Stopping threads took: 0.0002555 seconds
[2022-06-13T02:54:49.860+0000][1][safepoint    ] Application time: 0.0003263 seconds
[2022-06-13T02:54:49.860+0000][1][safepoint    ] Entering safepoint region: Deoptimize
[2022-06-13T02:54:49.860+0000][1][safepoint    ] Leaving safepoint region
[2022-06-13T02:54:49.861+0000][1][safepoint    ] Total time for which application threads were stopped: 0.0006769 seconds, Stopping threads took: 0.0002650 seconds
[2022-06-13T02:54:49.868+0000][1][safepoint    ] Application time: 0.0068609 seconds
[2022-06-13T02:54:49.868+0000][1][safepoint    ] Entering safepoint region: Deoptimize
[2022-06-13T02:54:49.869+0000][1][safepoint    ] Leaving safepoint region
[2022-06-13T02:54:49.869+0000][1][safepoint    ] Total time for which application threads were stopped: 0.0012266 seconds, Stopping threads took: 0.0002722 seconds
[2022-06-13T02:54:49.873+0000][1][safepoint    ] Application time: 0.0031107 seconds
[2022-06-13T02:54:49.873+0000][1][safepoint    ] Entering safepoint region: Deoptimize
[2022-06-13T02:54:49.874+0000][1][safepoint    ] Leaving safepoint region
[2022-06-13T02:54:49.874+0000][1][safepoint    ] Total time for which application threads were stopped: 0.0007184 seconds, Stopping threads took: 0.0002263 seconds
[2022-06-13T02:54:49.883+0000][1][safepoint    ] Application time: 0.0093453 seconds
[2022-06-13T02:54:49.884+0000][1][safepoint    ] Entering safepoint region: RevokeBias
[2022-06-13T02:54:49.884+0000][1][safepoint    ] Leaving safepoint region
[2022-06-13T02:54:49.885+0000][1][safepoint    ] Total time for which application threads were stopped: 0.0006577 seconds, Stopping threads took: 0.0003224 seconds
[2022-06-13T02:54:49.962+0000][1][safepoint    ] Application time: 0.0772629 seconds
[2022-06-13T02:54:49.962+0000][1][safepoint    ] Entering safepoint region: RevokeBias
[2022-06-13T02:54:49.963+0000][1][safepoint    ] Leaving safepoint region
[2022-06-13T02:54:49.963+0000][1][safepoint    ] Total time for which application threads were stopped: 0.0005831 seconds, Stopping threads took: 0.0002426 seconds
[2022-06-13T02:54:50.239+0000][1][safepoint    ] Application time: 0.2762958 seconds
[2022-06-13T02:54:50.240+0000][1][safepoint    ] Entering safepoint region: Deoptimize
[2022-06-13T02:54:50.240+0000][1][safepoint    ] Leaving safepoint region
[2022-06-13T02:54:50.241+0000][1][safepoint    ] Total time for which application threads were stopped: 0.0007662 seconds, Stopping threads took: 0.0001331 seconds
[2022-06-13T02:54:50.258+0000][1][safepoint    ] Application time: 0.0172478 seconds
[2022-06-13T02:54:50.258+0000][1][safepoint    ] Entering safepoint region: GenCollectForAllocation
[2022-06-13T02:54:50.258+0000][1][gc,start     ] GC(13) Pause Young (Allocation Failure)
[2022-06-13T02:54:50.259+0000][1][gc,task      ] GC(13) Using 5 workers of 13 for evacuation
[2022-06-13T02:54:50.273+0000][1][gc,age       ] GC(13) Desired survivor size 4456448 bytes, new threshold 1 (max threshold 6)
[2022-06-13T02:54:50.273+0000][1][gc,age       ] GC(13) Age table with threshold 1 (max threshold 6)
[2022-06-13T02:54:50.273+0000][1][gc,age       ] GC(13) - age   1:    5153152 bytes,    5153152 total
[2022-06-13T02:54:50.273+0000][1][gc,age       ] GC(13) - age   2:    1315200 bytes,    6468352 total
[2022-06-13T02:54:50.273+0000][1][gc,age       ] GC(13) - age   3:     344808 bytes,    6813160 total
[2022-06-13T02:54:50.274+0000][1][gc,age       ] GC(13) - age   4:     131376 bytes,    6944536 total
[2022-06-13T02:54:50.274+0000][1][gc,age       ] GC(13) - age   5:     620896 bytes,    7565432 total
[2022-06-13T02:54:50.274+0000][1][gc,age       ] GC(13) - age   6:    1296816 bytes,    8862248 total
[2022-06-13T02:54:50.274+0000][1][gc,heap      ] GC(13) ParNew: 74794K->8704K(78656K)
[2022-06-13T02:54:50.274+0000][1][gc,heap      ] GC(13) CMS: 13900K->25056K(174784K)
[2022-06-13T02:54:50.274+0000][1][gc,metaspace ] GC(13) Metaspace: 27130K->27130K(1075200K)
[2022-06-13T02:54:50.274+0000][1][gc           ] GC(13) Pause Young (Allocation Failure) 86M->32M(247M) 15.602ms
[2022-06-13T02:54:50.274+0000][1][gc,cpu       ] GC(13) User=0.17s Sys=0.00s Real=0.02s
[2022-06-13T02:54:50.274+0000][1][safepoint    ] Leaving safepoint region
[2022-06-13T02:54:50.274+0000][1][safepoint    ] Total time for which application threads were stopped: 0.0162062 seconds, Stopping threads took: 0.0002120 seconds
[2022-06-13T02:54:50.526+0000][1][safepoint    ] Application time: 0.2511894 seconds
[2022-06-13T02:54:50.526+0000][1][safepoint    ] Entering safepoint region: GenCollectForAllocation
[2022-06-13T02:54:50.526+0000][1][gc,start     ] GC(14) Pause Young (Allocation Failure)
[2022-06-13T02:54:50.527+0000][1][gc,task      ] GC(14) Using 5 workers of 13 for evacuation
[2022-06-13T02:54:50.543+0000][1][gc,age       ] GC(14) Desired survivor size 4456448 bytes, new threshold 1 (max threshold 6)
[2022-06-13T02:54:50.543+0000][1][gc,age       ] GC(14) Age table with threshold 1 (max threshold 6)
[2022-06-13T02:54:50.544+0000][1][gc,age       ] GC(14) - age   1:    8912672 bytes,    8912672 total
[2022-06-13T02:54:50.544+0000][1][gc,heap      ] GC(14) ParNew: 78656K->8704K(78656K)
[2022-06-13T02:54:50.544+0000][1][gc,heap      ] GC(14) CMS: 25056K->37526K(174784K)
[2022-06-13T02:54:50.544+0000][1][gc,metaspace ] GC(14) Metaspace: 27178K->27178K(1075200K)
[2022-06-13T02:54:50.544+0000][1][gc           ] GC(14) Pause Young (Allocation Failure) 101M->45M(247M) 17.615ms
[2022-06-13T02:54:50.544+0000][1][gc,cpu       ] GC(14) User=0.11s Sys=0.00s Real=0.02s
[2022-06-13T02:54:50.544+0000][1][safepoint    ] Leaving safepoint region
[2022-06-13T02:54:50.544+0000][1][safepoint    ] Total time for which application threads were stopped: 0.0182241 seconds, Stopping threads took: 0.0002017 seconds
[2022-06-13T02:54:50.846+0000][1][safepoint    ] Application time: 0.3012426 seconds
[2022-06-13T02:54:50.846+0000][1][safepoint    ] Entering safepoint region: GenCollectForAllocation
[2022-06-13T02:54:50.847+0000][1][gc,start     ] GC(15) Pause Young (Allocation Failure)
[2022-06-13T02:54:50.847+0000][1][gc,task      ] GC(15) Using 5 workers of 13 for evacuation
[2022-06-13T02:54:50.858+0000][1][gc,age       ] GC(15) Desired survivor size 4456448 bytes, new threshold 1 (max threshold 6)
[2022-06-13T02:54:50.858+0000][1][gc,age       ] GC(15) Age table with threshold 1 (max threshold 6)
[2022-06-13T02:54:50.859+0000][1][gc,age       ] GC(15) - age   1:    7602336 bytes,    7602336 total
[2022-06-13T02:54:50.859+0000][1][gc,heap      ] GC(15) ParNew: 78656K->8704K(78656K)
[2022-06-13T02:54:50.859+0000][1][gc,heap      ] GC(15) CMS: 37526K->47588K(174784K)
[2022-06-13T02:54:50.860+0000][1][gc,metaspace ] GC(15) Metaspace: 30928K->30928K(1077248K)
[2022-06-13T02:54:50.860+0000][1][gc           ] GC(15) Pause Young (Allocation Failure) 113M->54M(247M) 13.322ms
[2022-06-13T02:54:50.860+0000][1][gc,cpu       ] GC(15) User=0.09s Sys=0.00s Real=0.02s
[2022-06-13T02:54:50.861+0000][1][safepoint    ] Leaving safepoint region
[2022-06-13T02:54:50.861+0000][1][safepoint    ] Total time for which application threads were stopped: 0.0147022 seconds, Stopping threads took: 0.0004438 seconds
[2022-06-13T02:54:50.995+0000][1][safepoint    ] Application time: 0.1337905 seconds
[2022-06-13T02:54:50.995+0000][1][safepoint    ] Entering safepoint region: GenCollectForAllocation
[2022-06-13T02:54:50.995+0000][1][gc,start     ] GC(16) Pause Young (Allocation Failure)
[2022-06-13T02:54:50.995+0000][1][gc,task      ] GC(16) Using 5 workers of 13 for evacuation
[2022-06-13T02:54:51.001+0000][1][gc,age       ] GC(16) Desired survivor size 4456448 bytes, new threshold 6 (max threshold 6)
[2022-06-13T02:54:51.001+0000][1][gc,age       ] GC(16) Age table with threshold 6 (max threshold 6)
[2022-06-13T02:54:51.001+0000][1][gc,age       ] GC(16) - age   1:     669112 bytes,     669112 total
[2022-06-13T02:54:51.001+0000][1][gc,heap      ] GC(16) ParNew: 78656K->7656K(78656K)
[2022-06-13T02:54:51.001+0000][1][gc,heap      ] GC(16) CMS: 47588K->55061K(174784K)
[2022-06-13T02:54:51.002+0000][1][gc,metaspace ] GC(16) Metaspace: 32916K->32916K(1079296K)
[2022-06-13T02:54:51.002+0000][1][gc           ] GC(16) Pause Young (Allocation Failure) 123M->61M(247M) 6.411ms
[2022-06-13T02:54:51.002+0000][1][gc,cpu       ] GC(16) User=0.04s Sys=0.00s Real=0.01s
[2022-06-13T02:54:51.002+0000][1][safepoint    ] Leaving safepoint region
[2022-06-13T02:54:51.002+0000][1][safepoint    ] Total time for which application threads were stopped: 0.0069454 seconds, Stopping threads took: 0.0001152 seconds
[2022-06-13T02:54:51.016+0000][1][safepoint    ] Application time: 0.0140743 seconds
[2022-06-13T02:54:51.016+0000][1][safepoint    ] Entering safepoint region: RevokeBias
[2022-06-13T02:54:51.017+0000][1][safepoint    ] Leaving safepoint region
[2022-06-13T02:54:51.017+0000][1][safepoint    ] Total time for which application threads were stopped: 0.0002885 seconds, Stopping threads took: 0.0001426 seconds
[2022-06-13T02:54:51.145+0000][1][safepoint    ] Application time: 0.1280173 seconds
[2022-06-13T02:54:51.145+0000][1][safepoint    ] Entering safepoint region: CollectForMetadataAllocation
[2022-06-13T02:54:51.145+0000][1][safepoint    ] Leaving safepoint region
[2022-06-13T02:54:51.146+0000][1][safepoint    ] Total time for which application threads were stopped: 0.0003963 seconds, Stopping threads took: 0.0001141 seconds
[2022-06-13T02:54:51.153+0000][1][safepoint    ] Application time: 0.0077532 seconds
[2022-06-13T02:54:51.154+0000][1][safepoint    ] Entering safepoint region: CollectForMetadataAllocation
[2022-06-13T02:54:51.154+0000][1][safepoint    ] Leaving safepoint region
[2022-06-13T02:54:51.154+0000][1][safepoint    ] Total time for which application threads were stopped: 0.0003791 seconds, Stopping threads took: 0.0001525 seconds
[2022-06-13T02:54:51.164+0000][1][safepoint    ] Application time: 0.0102572 seconds
[2022-06-13T02:54:51.165+0000][1][safepoint    ] Entering safepoint region: CollectForMetadataAllocation
[2022-06-13T02:54:51.165+0000][1][safepoint    ] Leaving safepoint region
[2022-06-13T02:54:51.165+0000][1][safepoint    ] Total time for which application threads were stopped: 0.0005760 seconds, Stopping threads took: 0.0002286 seconds
[2022-06-13T02:54:51.174+0000][1][safepoint    ] Application time: 0.0079901 seconds
[2022-06-13T02:54:51.174+0000][1][safepoint    ] Entering safepoint region: CollectForMetadataAllocation
[2022-06-13T02:54:51.174+0000][1][safepoint    ] Leaving safepoint region
[2022-06-13T02:54:51.175+0000][1][safepoint    ] Total time for which application threads were stopped: 0.0007248 seconds, Stopping threads took: 0.0002680 seconds
[2022-06-13T02:54:51.191+0000][1][safepoint    ] Application time: 0.0156530 seconds
[2022-06-13T02:54:51.191+0000][1][safepoint    ] Entering safepoint region: CollectForMetadataAllocation
[2022-06-13T02:54:51.192+0000][1][safepoint    ] Leaving safepoint region
[2022-06-13T02:54:51.192+0000][1][safepoint    ] Total time for which application threads were stopped: 0.0009886 seconds, Stopping threads took: 0.0004541 seconds
[2022-06-13T02:54:51.210+0000][1][safepoint    ] Application time: 0.0177319 seconds
[2022-06-13T02:54:51.211+0000][1][safepoint    ] Entering safepoint region: CollectForMetadataAllocation
[2022-06-13T02:54:51.211+0000][1][safepoint    ] Leaving safepoint region
[2022-06-13T02:54:51.212+0000][1][safepoint    ] Total time for which application threads were stopped: 0.0010680 seconds, Stopping threads took: 0.0004316 seconds
[2022-06-13T02:54:51.225+0000][1][safepoint    ] Application time: 0.0123441 seconds
[2022-06-13T02:54:51.226+0000][1][safepoint    ] Entering safepoint region: CollectForMetadataAllocation
[2022-06-13T02:54:51.226+0000][1][safepoint    ] Leaving safepoint region
[2022-06-13T02:54:51.226+0000][1][safepoint    ] Total time for which application threads were stopped: 0.0009868 seconds, Stopping threads took: 0.0004390 seconds
[2022-06-13T02:54:51.237+0000][1][safepoint    ] Application time: 0.0106296 seconds
[2022-06-13T02:54:51.238+0000][1][safepoint    ] Entering safepoint region: CollectForMetadataAllocation
[2022-06-13T02:54:51.239+0000][1][safepoint    ] Leaving safepoint region
[2022-06-13T02:54:51.239+0000][1][safepoint    ] Total time for which application threads were stopped: 0.0012561 seconds, Stopping threads took: 0.0005367 seconds
[2022-06-13T02:54:51.241+0000][1][safepoint    ] Application time: 0.0009802 seconds
[2022-06-13T02:54:51.241+0000][1][safepoint    ] Entering safepoint region: RevokeBias
[2022-06-13T02:54:51.242+0000][1][safepoint    ] Leaving safepoint region
[2022-06-13T02:54:51.242+0000][1][safepoint    ] Total time for which application threads were stopped: 0.0007884 seconds, Stopping threads took: 0.0003705 seconds
[2022-06-13T02:54:51.260+0000][1][safepoint    ] Application time: 0.0176542 seconds
[2022-06-13T02:54:51.261+0000][1][safepoint    ] Entering safepoint region: RevokeBias
[2022-06-13T02:54:51.261+0000][1][safepoint    ] Leaving safepoint region
[2022-06-13T02:54:51.262+0000][1][safepoint    ] Total time for which application threads were stopped: 0.0014891 seconds, Stopping threads took: 0.0006249 seconds
[2022-06-13T02:54:51.267+0000][1][safepoint    ] Application time: 0.0044339 seconds
[2022-06-13T02:54:51.268+0000][1][safepoint    ] Entering safepoint region: CollectForMetadataAllocation
[2022-06-13T02:54:51.268+0000][1][safepoint    ] Leaving safepoint region
[2022-06-13T02:54:51.269+0000][1][safepoint    ] Total time for which application threads were stopped: 0.0010359 seconds, Stopping threads took: 0.0005491 seconds
[2022-06-13T02:54:51.289+0000][1][safepoint    ] Application time: 0.0201311 seconds
[2022-06-13T02:54:51.290+0000][1][safepoint    ] Entering safepoint region: CollectForMetadataAllocation
[2022-06-13T02:54:51.290+0000][1][safepoint    ] Leaving safepoint region
[2022-06-13T02:54:51.291+0000][1][safepoint    ] Total time for which application threads were stopped: 0.0009383 seconds, Stopping threads took: 0.0004144 seconds
[2022-06-13T02:54:51.304+0000][1][safepoint    ] Application time: 0.0121036 seconds
[2022-06-13T02:54:51.304+0000][1][safepoint    ] Entering safepoint region: CollectForMetadataAllocation
[2022-06-13T02:54:51.305+0000][1][safepoint    ] Leaving safepoint region
[2022-06-13T02:54:51.305+0000][1][safepoint    ] Total time for which application threads were stopped: 0.0010172 seconds, Stopping threads took: 0.0005060 seconds
[2022-06-13T02:54:51.318+0000][1][safepoint    ] Application time: 0.0124203 seconds
[2022-06-13T02:54:51.319+0000][1][safepoint    ] Entering safepoint region: CollectForMetadataAllocation
[2022-06-13T02:54:51.319+0000][1][safepoint    ] Leaving safepoint region
[2022-06-13T02:54:51.320+0000][1][safepoint    ] Total time for which application threads were stopped: 0.0010982 seconds, Stopping threads took: 0.0004796 seconds
[2022-06-13T02:54:51.330+0000][1][safepoint    ] Application time: 0.0102901 seconds
[2022-06-13T02:54:51.331+0000][1][safepoint    ] Entering safepoint region: CollectForMetadataAllocation
[2022-06-13T02:54:51.332+0000][1][safepoint    ] Leaving safepoint region
[2022-06-13T02:54:51.333+0000][1][safepoint    ] Total time for which application threads were stopped: 0.0018898 seconds, Stopping threads took: 0.0004750 seconds
[2022-06-13T02:54:51.347+0000][1][safepoint    ] Application time: 0.0139365 seconds
[2022-06-13T02:54:51.348+0000][1][safepoint    ] Entering safepoint region: CollectForMetadataAllocation
[2022-06-13T02:54:51.348+0000][1][safepoint    ] Leaving safepoint region
[2022-06-13T02:54:51.349+0000][1][safepoint    ] Total time for which application threads were stopped: 0.0009274 seconds, Stopping threads took: 0.0004025 seconds
[2022-06-13T02:54:51.359+0000][1][safepoint    ] Application time: 0.0095278 seconds
[2022-06-13T02:54:51.359+0000][1][safepoint    ] Entering safepoint region: CollectForMetadataAllocation
[2022-06-13T02:54:51.359+0000][1][safepoint    ] Leaving safepoint region
[2022-06-13T02:54:51.360+0000][1][safepoint    ] Total time for which application threads were stopped: 0.0007929 seconds, Stopping threads took: 0.0003369 seconds
[2022-06-13T02:54:51.368+0000][1][safepoint    ] Application time: 0.0082541 seconds
[2022-06-13T02:54:51.368+0000][1][safepoint    ] Entering safepoint region: CollectForMetadataAllocation
[2022-06-13T02:54:51.369+0000][1][safepoint    ] Leaving safepoint region
[2022-06-13T02:54:51.369+0000][1][safepoint    ] Total time for which application threads were stopped: 0.0008918 seconds, Stopping threads took: 0.0004262 seconds
[2022-06-13T02:54:51.382+0000][1][safepoint    ] Application time: 0.0125860 seconds
[2022-06-13T02:54:51.382+0000][1][safepoint    ] Entering safepoint region: CollectForMetadataAllocation
[2022-06-13T02:54:51.383+0000][1][safepoint    ] Leaving safepoint region
[2022-06-13T02:54:51.383+0000][1][safepoint    ] Total time for which application threads were stopped: 0.0007458 seconds, Stopping threads took: 0.0003127 seconds
[2022-06-13T02:54:51.392+0000][1][safepoint    ] Application time: 0.0082935 seconds
[2022-06-13T02:54:51.392+0000][1][safepoint    ] Entering safepoint region: CollectForMetadataAllocation
[2022-06-13T02:54:51.393+0000][1][safepoint    ] Leaving safepoint region
[2022-06-13T02:54:51.394+0000][1][safepoint    ] Total time for which application threads were stopped: 0.0012622 seconds, Stopping threads took: 0.0004847 seconds
[2022-06-13T02:54:51.407+0000][1][safepoint    ] Application time: 0.0134338 seconds
[2022-06-13T02:54:51.408+0000][1][safepoint    ] Entering safepoint region: CollectForMetadataAllocation
[2022-06-13T02:54:51.408+0000][1][safepoint    ] Leaving safepoint region
[2022-06-13T02:54:51.408+0000][1][safepoint    ] Total time for which application threads were stopped: 0.0008483 seconds, Stopping threads took: 0.0005213 seconds
[2022-06-13T02:54:51.431+0000][1][safepoint    ] Application time: 0.0220878 seconds
[2022-06-13T02:54:51.431+0000][1][safepoint    ] Entering safepoint region: CollectForMetadataAllocation
[2022-06-13T02:54:51.431+0000][1][safepoint    ] Leaving safepoint region
[2022-06-13T02:54:51.432+0000][1][safepoint    ] Total time for which application threads were stopped: 0.0006641 seconds, Stopping threads took: 0.0002290 seconds
[2022-06-13T02:54:51.445+0000][1][safepoint    ] Application time: 0.0133007 seconds
[2022-06-13T02:54:51.446+0000][1][safepoint    ] Entering safepoint region: CollectForMetadataAllocation
[2022-06-13T02:54:51.447+0000][1][safepoint    ] Leaving safepoint region
[2022-06-13T02:54:51.447+0000][1][safepoint    ] Total time for which application threads were stopped: 0.0012621 seconds, Stopping threads took: 0.0005310 seconds
[2022-06-13T02:54:51.468+0000][1][safepoint    ] Application time: 0.0201110 seconds
[2022-06-13T02:54:51.468+0000][1][safepoint    ] Entering safepoint region: CollectForMetadataAllocation
[2022-06-13T02:54:51.469+0000][1][safepoint    ] Leaving safepoint region
[2022-06-13T02:54:51.470+0000][1][safepoint    ] Total time for which application threads were stopped: 0.0013116 seconds, Stopping threads took: 0.0004033 seconds
[2022-06-13T02:54:51.478+0000][1][safepoint    ] Application time: 0.0081409 seconds
[2022-06-13T02:54:51.479+0000][1][safepoint    ] Entering safepoint region: CollectForMetadataAllocation
[2022-06-13T02:54:51.479+0000][1][safepoint    ] Leaving safepoint region
[2022-06-13T02:54:51.480+0000][1][safepoint    ] Total time for which application threads were stopped: 0.0007636 seconds, Stopping threads took: 0.0003536 seconds
[2022-06-13T02:54:51.499+0000][1][safepoint    ] Application time: 0.0191312 seconds
[2022-06-13T02:54:51.500+0000][1][safepoint    ] Entering safepoint region: CollectForMetadataAllocation
[2022-06-13T02:54:51.500+0000][1][safepoint    ] Leaving safepoint region
[2022-06-13T02:54:51.501+0000][1][safepoint    ] Total time for which application threads were stopped: 0.0008898 seconds, Stopping threads took: 0.0004127 seconds
[2022-06-13T02:54:51.512+0000][1][safepoint    ] Application time: 0.0104646 seconds
[2022-06-13T02:54:51.512+0000][1][safepoint    ] Entering safepoint region: RevokeBias
[2022-06-13T02:54:51.513+0000][1][safepoint    ] Leaving safepoint region
[2022-06-13T02:54:51.513+0000][1][safepoint    ] Total time for which application threads were stopped: 0.0012571 seconds, Stopping threads took: 0.0007101 seconds
[2022-06-13T02:54:51.514+0000][1][safepoint    ] Application time: 0.0001542 seconds
[2022-06-13T02:54:51.515+0000][1][safepoint    ] Entering safepoint region: RevokeBias
[2022-06-13T02:54:51.515+0000][1][safepoint    ] Leaving safepoint region
[2022-06-13T02:54:51.516+0000][1][safepoint    ] Total time for which application threads were stopped: 0.0009659 seconds, Stopping threads took: 0.0004428 seconds
[2022-06-13T02:54:51.635+0000][1][safepoint    ] Application time: 0.1187949 seconds
[2022-06-13T02:54:51.635+0000][1][safepoint    ] Entering safepoint region: GenCollectForAllocation
[2022-06-13T02:54:51.635+0000][1][gc,start     ] GC(17) Pause Young (Allocation Failure)
[2022-06-13T02:54:51.636+0000][1][gc,task      ] GC(17) Using 5 workers of 13 for evacuation
[2022-06-13T02:54:51.640+0000][1][gc,age       ] GC(17) Desired survivor size 4456448 bytes, new threshold 6 (max threshold 6)
[2022-06-13T02:54:51.640+0000][1][gc,age       ] GC(17) Age table with threshold 6 (max threshold 6)
[2022-06-13T02:54:51.640+0000][1][gc,age       ] GC(17) - age   1:    3606008 bytes,    3606008 total
[2022-06-13T02:54:51.641+0000][1][gc,age       ] GC(17) - age   2:     622640 bytes,    4228648 total
[2022-06-13T02:54:51.641+0000][1][gc,heap      ] GC(17) ParNew: 77608K->5295K(78656K)
[2022-06-13T02:54:51.641+0000][1][gc,heap      ] GC(17) CMS: 55061K->55061K(174784K)
[2022-06-13T02:54:51.642+0000][1][gc,metaspace ] GC(17) Metaspace: 41932K->41932K(1087488K)
[2022-06-13T02:54:51.642+0000][1][gc           ] GC(17) Pause Young (Allocation Failure) 129M->58M(247M) 6.476ms
[2022-06-13T02:54:51.642+0000][1][gc,cpu       ] GC(17) User=0.04s Sys=0.00s Real=0.01s
[2022-06-13T02:54:51.643+0000][1][safepoint    ] Leaving safepoint region
[2022-06-13T02:54:51.643+0000][1][safepoint    ] Total time for which application threads were stopped: 0.0079798 seconds, Stopping threads took: 0.0003387 seconds
[2022-06-13T02:54:51.644+0000][1][safepoint    ] Application time: 0.0001838 seconds
[2022-06-13T02:54:51.644+0000][1][safepoint    ] Entering safepoint region: CMS_Initial_Mark
[2022-06-13T02:54:51.645+0000][1][gc,start     ] GC(18) Pause Initial Mark
[2022-06-13T02:54:51.647+0000][1][gc           ] GC(18) Pause Initial Mark 60M->60M(247M) 1.887ms
[2022-06-13T02:54:51.647+0000][1][gc,cpu       ] GC(18) User=0.00s Sys=0.00s Real=0.00s
[2022-06-13T02:54:51.648+0000][1][safepoint    ] Leaving safepoint region
[2022-06-13T02:54:51.648+0000][1][safepoint    ] Total time for which application threads were stopped: 0.0036582 seconds, Stopping threads took: 0.0004488 seconds
[2022-06-13T02:54:51.648+0000][1][gc           ] GC(18) Concurrent Mark
[2022-06-13T02:54:51.649+0000][1][gc,task      ] GC(18) Using 4 workers of 4 for marking
[2022-06-13T02:54:51.665+0000][1][gc           ] GC(18) Concurrent Mark 16.591ms
[2022-06-13T02:54:51.666+0000][1][gc,cpu       ] GC(18) User=0.12s Sys=0.00s Real=0.02s
[2022-06-13T02:54:51.666+0000][1][gc           ] GC(18) Concurrent Preclean
[2022-06-13T02:54:51.667+0000][1][safepoint    ] Application time: 0.0184976 seconds
[2022-06-13T02:54:51.667+0000][1][safepoint    ] Entering safepoint region: CollectForMetadataAllocation
[2022-06-13T02:54:51.668+0000][1][safepoint    ] Leaving safepoint region
[2022-06-13T02:54:51.668+0000][1][safepoint    ] Total time for which application threads were stopped: 0.0007291 seconds, Stopping threads took: 0.0003061 seconds
[2022-06-13T02:54:51.669+0000][1][gc           ] GC(18) Concurrent Preclean 2.952ms
[2022-06-13T02:54:51.669+0000][1][gc,cpu       ] GC(18) User=0.03s Sys=0.00s Real=0.01s
[2022-06-13T02:54:51.670+0000][1][gc           ] GC(18) Concurrent Abortable Preclean
[2022-06-13T02:54:51.869+0000][1][safepoint    ] Application time: 0.2011624 seconds
[2022-06-13T02:54:51.870+0000][1][safepoint    ] Entering safepoint region: CollectForMetadataAllocation
[2022-06-13T02:54:51.870+0000][1][safepoint    ] Leaving safepoint region
[2022-06-13T02:54:51.871+0000][1][safepoint    ] Total time for which application threads were stopped: 0.0008105 seconds, Stopping threads took: 0.0003435 seconds
[2022-06-13T02:54:51.885+0000][1][safepoint    ] Application time: 0.0144128 seconds
[2022-06-13T02:54:51.886+0000][1][safepoint    ] Entering safepoint region: CollectForMetadataAllocation
[2022-06-13T02:54:51.886+0000][1][safepoint    ] Leaving safepoint region
[2022-06-13T02:54:51.886+0000][1][safepoint    ] Total time for which application threads were stopped: 0.0006853 seconds, Stopping threads took: 0.0003003 seconds
[2022-06-13T02:54:51.887+0000][1][safepoint    ] Application time: 0.0002366 seconds
[2022-06-13T02:54:51.887+0000][1][safepoint    ] Entering safepoint region: CollectForMetadataAllocation
[2022-06-13T02:54:51.887+0000][1][safepoint    ] Leaving safepoint region
[2022-06-13T02:54:51.888+0000][1][safepoint    ] Total time for which application threads were stopped: 0.0009502 seconds, Stopping threads took: 0.0004718 seconds
[2022-06-13T02:54:51.976+0000][1][safepoint    ] Application time: 0.0871325 seconds
[2022-06-13T02:54:51.976+0000][1][safepoint    ] Entering safepoint region: CollectForMetadataAllocation
[2022-06-13T02:54:51.976+0000][1][safepoint    ] Leaving safepoint region
[2022-06-13T02:54:51.977+0000][1][safepoint    ] Total time for which application threads were stopped: 0.0005023 seconds, Stopping threads took: 0.0002339 seconds
[2022-06-13T02:54:51.992+0000][1][safepoint    ] Application time: 0.0150128 seconds
[2022-06-13T02:54:51.992+0000][1][safepoint    ] Entering safepoint region: CollectForMetadataAllocation
[2022-06-13T02:54:51.992+0000][1][safepoint    ] Leaving safepoint region
[2022-06-13T02:54:51.992+0000][1][safepoint    ] Total time for which application threads were stopped: 0.0003816 seconds, Stopping threads took: 0.0001444 seconds
[2022-06-13T02:54:52.000+0000][1][safepoint    ] Application time: 0.0071689 seconds
[2022-06-13T02:54:52.000+0000][1][safepoint    ] Entering safepoint region: CollectForMetadataAllocation
[2022-06-13T02:54:52.001+0000][1][safepoint    ] Leaving safepoint region
[2022-06-13T02:54:52.001+0000][1][safepoint    ] Total time for which application threads were stopped: 0.0006819 seconds, Stopping threads took: 0.0003392 seconds
[2022-06-13T02:54:52.012+0000][1][safepoint    ] Application time: 0.0113816 seconds
[2022-06-13T02:54:52.013+0000][1][safepoint    ] Entering safepoint region: CollectForMetadataAllocation
[2022-06-13T02:54:52.013+0000][1][safepoint    ] Leaving safepoint region
[2022-06-13T02:54:52.014+0000][1][safepoint    ] Total time for which application threads were stopped: 0.0007845 seconds, Stopping threads took: 0.0003559 seconds
[2022-06-13T02:54:52.014+0000][1][gc           ] GC(18) Concurrent Abortable Preclean 344.198ms
[2022-06-13T02:54:52.014+0000][1][gc,cpu       ] GC(18) User=1.22s Sys=0.06s Real=0.34s
[2022-06-13T02:54:52.014+0000][1][safepoint    ] Application time: 0.0003806 seconds
[2022-06-13T02:54:52.014+0000][1][safepoint    ] Entering safepoint region: CMS_Final_Remark
[2022-06-13T02:54:52.015+0000][1][gc,start     ] GC(18) Pause Remark
[2022-06-13T02:54:52.026+0000][1][gc           ] GC(18) Pause Remark 95M->95M(247M) 11.465ms
[2022-06-13T02:54:52.027+0000][1][gc,cpu       ] GC(18) User=0.09s Sys=0.00s Real=0.01s
[2022-06-13T02:54:52.027+0000][1][safepoint    ] Leaving safepoint region
[2022-06-13T02:54:52.027+0000][1][safepoint    ] Total time for which application threads were stopped: 0.0131258 seconds, Stopping threads took: 0.0003736 seconds
[2022-06-13T02:54:52.028+0000][1][gc           ] GC(18) Concurrent Sweep
[2022-06-13T02:54:52.046+0000][1][gc           ] GC(18) Concurrent Sweep 17.933ms
[2022-06-13T02:54:52.046+0000][1][gc,cpu       ] GC(18) User=0.09s Sys=0.00s Real=0.02s
[2022-06-13T02:54:52.047+0000][1][gc           ] GC(18) Concurrent Reset
[2022-06-13T02:54:52.047+0000][1][gc           ] GC(18) Concurrent Reset 0.492ms
[2022-06-13T02:54:52.048+0000][1][gc,cpu       ] GC(18) User=0.00s Sys=0.00s Real=0.00s
[2022-06-13T02:54:52.048+0000][1][gc,heap      ] GC(18) Old: 55061K->54850K(174784K)
[2022-06-13T02:54:52.062+0000][1][safepoint    ] Application time: 0.0347234 seconds
[2022-06-13T02:54:52.063+0000][1][safepoint    ] Entering safepoint region: RevokeBias
[2022-06-13T02:54:52.064+0000][1][safepoint    ] Leaving safepoint region
[2022-06-13T02:54:52.064+0000][1][safepoint    ] Total time for which application threads were stopped: 0.0012355 seconds, Stopping threads took: 0.0002778 seconds
[2022-06-13T02:54:52.086+0000][1][safepoint    ] Application time: 0.0220961 seconds
[2022-06-13T02:54:52.087+0000][1][safepoint    ] Entering safepoint region: RevokeBias
[2022-06-13T02:54:52.087+0000][1][safepoint    ] Leaving safepoint region
[2022-06-13T02:54:52.087+0000][1][safepoint    ] Total time for which application threads were stopped: 0.0006689 seconds, Stopping threads took: 0.0004015 seconds
[2022-06-13T02:54:52.094+0000][1][safepoint    ] Application time: 0.0064189 seconds
[2022-06-13T02:54:52.095+0000][1][safepoint    ] Entering safepoint region: RevokeBias
[2022-06-13T02:54:52.095+0000][1][safepoint    ] Leaving safepoint region
[2022-06-13T02:54:52.095+0000][1][safepoint    ] Total time for which application threads were stopped: 0.0007022 seconds, Stopping threads took: 0.0002667 seconds
[2022-06-13T02:54:52.098+0000][1][safepoint    ] Application time: 0.0023066 seconds
[2022-06-13T02:54:52.098+0000][1][safepoint    ] Entering safepoint region: RevokeBias
[2022-06-13T02:54:52.099+0000][1][safepoint    ] Leaving safepoint region
[2022-06-13T02:54:52.099+0000][1][safepoint    ] Total time for which application threads were stopped: 0.0006095 seconds, Stopping threads took: 0.0003056 seconds
[2022-06-13T02:54:52.201+0000][1][safepoint    ] Application time: 0.1021139 seconds
[2022-06-13T02:54:52.202+0000][1][safepoint    ] Entering safepoint region: RevokeBias
[2022-06-13T02:54:52.203+0000][1][safepoint    ] Leaving safepoint region
[2022-06-13T02:54:52.203+0000][1][safepoint    ] Total time for which application threads were stopped: 0.0011315 seconds, Stopping threads took: 0.0003038 seconds
[2022-06-13T02:54:52.206+0000][1][safepoint    ] Application time: 0.0025353 seconds
[2022-06-13T02:54:52.206+0000][1][safepoint    ] Entering safepoint region: GenCollectForAllocation
[2022-06-13T02:54:52.206+0000][1][gc,start     ] GC(19) Pause Young (Allocation Failure)
[2022-06-13T02:54:52.207+0000][1][gc,task      ] GC(19) Using 5 workers of 13 for evacuation
[2022-06-13T02:54:52.211+0000][1][gc,age       ] GC(19) Desired survivor size 4456448 bytes, new threshold 2 (max threshold 6)
[2022-06-13T02:54:52.212+0000][1][gc,age       ] GC(19) Age table with threshold 2 (max threshold 6)
[2022-06-13T02:54:52.212+0000][1][gc,age       ] GC(19) - age   1:    3157216 bytes,    3157216 total
[2022-06-13T02:54:52.213+0000][1][gc,age       ] GC(19) - age   2:    3508200 bytes,    6665416 total
[2022-06-13T02:54:52.213+0000][1][gc,age       ] GC(19) - age   3:     620544 bytes,    7285960 total
[2022-06-13T02:54:52.214+0000][1][gc,heap      ] GC(19) ParNew: 75247K->8704K(78656K)
[2022-06-13T02:54:52.214+0000][1][gc,heap      ] GC(19) CMS: 54850K->54850K(174784K)
[2022-06-13T02:54:52.214+0000][1][gc,metaspace ] GC(19) Metaspace: 46788K->46788K(1091584K)
[2022-06-13T02:54:52.215+0000][1][gc           ] GC(19) Pause Young (Allocation Failure) 127M->62M(247M) 8.327ms
[2022-06-13T02:54:52.215+0000][1][gc,cpu       ] GC(19) User=0.05s Sys=0.00s Real=0.01s
[2022-06-13T02:54:52.216+0000][1][safepoint    ] Leaving safepoint region
[2022-06-13T02:54:52.216+0000][1][safepoint    ] Total time for which application threads were stopped: 0.0099736 seconds, Stopping threads took: 0.0003323 seconds
[2022-06-13T02:54:52.244+0000][1][safepoint    ] Application time: 0.0277272 seconds
[2022-06-13T02:54:52.245+0000][1][safepoint    ] Entering safepoint region: RevokeBias
[2022-06-13T02:54:52.245+0000][1][safepoint    ] Leaving safepoint region
[2022-06-13T02:54:52.245+0000][1][safepoint    ] Total time for which application threads were stopped: 0.0006543 seconds, Stopping threads took: 0.0003018 seconds
[2022-06-13T02:54:52.246+0000][1][safepoint    ] Application time: 0.0001656 seconds
[2022-06-13T02:54:52.246+0000][1][safepoint    ] Entering safepoint region: RevokeBias
[2022-06-13T02:54:52.246+0000][1][safepoint    ] Leaving safepoint region
[2022-06-13T02:54:52.247+0000][1][safepoint    ] Total time for which application threads were stopped: 0.0005410 seconds, Stopping threads took: 0.0002759 seconds
[2022-06-13T02:54:52.247+0000][1][safepoint    ] Application time: 0.0002016 seconds
[2022-06-13T02:54:52.247+0000][1][safepoint    ] Entering safepoint region: RevokeBias
[2022-06-13T02:54:52.248+0000][1][safepoint    ] Leaving safepoint region
[2022-06-13T02:54:52.248+0000][1][safepoint    ] Total time for which application threads were stopped: 0.0006462 seconds, Stopping threads took: 0.0003549 seconds
[2022-06-13T02:54:52.249+0000][1][safepoint    ] Application time: 0.0001622 seconds
[2022-06-13T02:54:52.249+0000][1][safepoint    ] Entering safepoint region: RevokeBias
[2022-06-13T02:54:52.249+0000][1][safepoint    ] Leaving safepoint region
[2022-06-13T02:54:52.250+0000][1][safepoint    ] Total time for which application threads were stopped: 0.0009097 seconds, Stopping threads took: 0.0003661 seconds
[2022-06-13T02:54:52.251+0000][1][safepoint    ] Application time: 0.0004182 seconds
[2022-06-13T02:54:52.251+0000][1][safepoint    ] Entering safepoint region: RevokeBias
[2022-06-13T02:54:52.252+0000][1][safepoint    ] Leaving safepoint region
[2022-06-13T02:54:52.252+0000][1][safepoint    ] Total time for which application threads were stopped: 0.0012302 seconds, Stopping threads took: 0.0007189 seconds
[2022-06-13T02:54:52.253+0000][1][safepoint    ] Application time: 0.0003524 seconds
[2022-06-13T02:54:52.253+0000][1][safepoint    ] Entering safepoint region: RevokeBias
[2022-06-13T02:54:52.254+0000][1][safepoint    ] Leaving safepoint region
[2022-06-13T02:54:52.254+0000][1][safepoint    ] Total time for which application threads were stopped: 0.0008744 seconds, Stopping threads took: 0.0004558 seconds
[2022-06-13T02:54:52.255+0000][1][safepoint    ] Application time: 0.0005736 seconds
[2022-06-13T02:54:52.255+0000][1][safepoint    ] Entering safepoint region: RevokeBias
[2022-06-13T02:54:52.256+0000][1][safepoint    ] Leaving safepoint region
[2022-06-13T02:54:52.256+0000][1][safepoint    ] Total time for which application threads were stopped: 0.0008828 seconds, Stopping threads took: 0.0004587 seconds
[2022-06-13T02:54:52.257+0000][1][safepoint    ] Application time: 0.0002914 seconds
[2022-06-13T02:54:52.257+0000][1][safepoint    ] Entering safepoint region: RevokeBias
[2022-06-13T02:54:52.257+0000][1][safepoint    ] Leaving safepoint region
[2022-06-13T02:54:52.258+0000][1][safepoint    ] Total time for which application threads were stopped: 0.0006005 seconds, Stopping threads took: 0.0002924 seconds
[2022-06-13T02:54:52.258+0000][1][safepoint    ] Application time: 0.0001582 seconds
[2022-06-13T02:54:52.259+0000][1][safepoint    ] Entering safepoint region: RevokeBias
[2022-06-13T02:54:52.259+0000][1][safepoint    ] Leaving safepoint region
[2022-06-13T02:54:52.259+0000][1][safepoint    ] Total time for which application threads were stopped: 0.0010618 seconds, Stopping threads took: 0.0008027 seconds
[2022-06-13T02:54:52.260+0000][1][safepoint    ] Application time: 0.0001077 seconds
[2022-06-13T02:54:52.260+0000][1][safepoint    ] Entering safepoint region: RevokeBias
[2022-06-13T02:54:52.260+0000][1][safepoint    ] Leaving safepoint region
[2022-06-13T02:54:52.260+0000][1][safepoint    ] Total time for which application threads were stopped: 0.0003380 seconds, Stopping threads took: 0.0001700 seconds
[2022-06-13T02:54:52.260+0000][1][safepoint    ] Application time: 0.0000936 seconds
[2022-06-13T02:54:52.261+0000][1][safepoint    ] Entering safepoint region: RevokeBias
[2022-06-13T02:54:52.261+0000][1][safepoint    ] Leaving safepoint region
[2022-06-13T02:54:52.261+0000][1][safepoint    ] Total time for which application threads were stopped: 0.0003136 seconds, Stopping threads took: 0.0001384 seconds
[2022-06-13T02:54:52.261+0000][1][safepoint    ] Application time: 0.0000878 seconds
[2022-06-13T02:54:52.261+0000][1][safepoint    ] Entering safepoint region: RevokeBias
[2022-06-13T02:54:52.262+0000][1][safepoint    ] Leaving safepoint region
[2022-06-13T02:54:52.262+0000][1][safepoint    ] Total time for which application threads were stopped: 0.0006293 seconds, Stopping threads took: 0.0003618 seconds
[2022-06-13T02:54:52.262+0000][1][safepoint    ] Application time: 0.0001987 seconds
[2022-06-13T02:54:52.262+0000][1][safepoint    ] Entering safepoint region: RevokeBias
[2022-06-13T02:54:52.263+0000][1][safepoint    ] Leaving safepoint region
[2022-06-13T02:54:52.263+0000][1][safepoint    ] Total time for which application threads were stopped: 0.0003705 seconds, Stopping threads took: 0.0001750 seconds
[2022-06-13T02:54:52.263+0000][1][safepoint    ] Application time: 0.0000571 seconds
[2022-06-13T02:54:52.263+0000][1][safepoint    ] Entering safepoint region: RevokeBias
[2022-06-13T02:54:52.263+0000][1][safepoint    ] Leaving safepoint region
[2022-06-13T02:54:52.264+0000][1][safepoint    ] Total time for which application threads were stopped: 0.0004022 seconds, Stopping threads took: 0.0001894 seconds
[2022-06-13T02:54:52.264+0000][1][safepoint    ] Application time: 0.0000572 seconds
[2022-06-13T02:54:52.264+0000][1][safepoint    ] Entering safepoint region: RevokeBias
[2022-06-13T02:54:52.264+0000][1][safepoint    ] Leaving safepoint region
[2022-06-13T02:54:52.264+0000][1][safepoint    ] Total time for which application threads were stopped: 0.0003803 seconds, Stopping threads took: 0.0001735 seconds
[2022-06-13T02:54:52.265+0000][1][safepoint    ] Application time: 0.0000528 seconds
[2022-06-13T02:54:52.265+0000][1][safepoint    ] Entering safepoint region: RevokeBias
[2022-06-13T02:54:52.265+0000][1][safepoint    ] Leaving safepoint region
[2022-06-13T02:54:52.265+0000][1][safepoint    ] Total time for which application threads were stopped: 0.0005778 seconds, Stopping threads took: 0.0002394 seconds
[2022-06-13T02:54:52.266+0000][1][safepoint    ] Application time: 0.0000566 seconds
[2022-06-13T02:54:52.266+0000][1][safepoint    ] Entering safepoint region: RevokeBias
[2022-06-13T02:54:52.266+0000][1][safepoint    ] Leaving safepoint region
[2022-06-13T02:54:52.266+0000][1][safepoint    ] Total time for which application threads were stopped: 0.0004236 seconds, Stopping threads took: 0.0001161 seconds
[2022-06-13T02:54:52.266+0000][1][safepoint    ] Application time: 0.0000671 seconds
[2022-06-13T02:54:52.267+0000][1][safepoint    ] Entering safepoint region: RevokeBias
[2022-06-13T02:54:52.267+0000][1][safepoint    ] Leaving safepoint region
[2022-06-13T02:54:52.267+0000][1][safepoint    ] Total time for which application threads were stopped: 0.0005529 seconds, Stopping threads took: 0.0002549 seconds
[2022-06-13T02:54:52.268+0000][1][safepoint    ] Application time: 0.0000699 seconds
[2022-06-13T02:54:52.268+0000][1][safepoint    ] Entering safepoint region: RevokeBias
[2022-06-13T02:54:52.268+0000][1][safepoint    ] Leaving safepoint region
[2022-06-13T02:54:52.268+0000][1][safepoint    ] Total time for which application threads were stopped: 0.0003709 seconds, Stopping threads took: 0.0001829 seconds
[2022-06-13T02:54:52.268+0000][1][safepoint    ] Application time: 0.0001143 seconds
[2022-06-13T02:54:52.269+0000][1][safepoint    ] Entering safepoint region: RevokeBias
[2022-06-13T02:54:52.269+0000][1][safepoint    ] Leaving safepoint region
[2022-06-13T02:54:52.269+0000][1][safepoint    ] Total time for which application threads were stopped: 0.0005482 seconds, Stopping threads took: 0.0002667 seconds
[2022-06-13T02:54:52.269+0000][1][safepoint    ] Application time: 0.0001140 seconds
[2022-06-13T02:54:52.270+0000][1][safepoint    ] Entering safepoint region: RevokeBias
[2022-06-13T02:54:52.270+0000][1][safepoint    ] Leaving safepoint region
[2022-06-13T02:54:52.270+0000][1][safepoint    ] Total time for which application threads were stopped: 0.0001833 seconds, Stopping threads took: 0.0000806 seconds
[2022-06-13T02:54:52.270+0000][1][safepoint    ] Application time: 0.0000545 seconds
[2022-06-13T02:54:52.270+0000][1][safepoint    ] Entering safepoint region: RevokeBias
[2022-06-13T02:54:52.270+0000][1][safepoint    ] Leaving safepoint region
[2022-06-13T02:54:52.270+0000][1][safepoint    ] Total time for which application threads were stopped: 0.0001837 seconds, Stopping threads took: 0.0000824 seconds
[2022-06-13T02:54:52.270+0000][1][safepoint    ] Application time: 0.0000447 seconds
[2022-06-13T02:54:52.270+0000][1][safepoint    ] Entering safepoint region: RevokeBias
[2022-06-13T02:54:52.270+0000][1][safepoint    ] Leaving safepoint region
[2022-06-13T02:54:52.271+0000][1][safepoint    ] Total time for which application threads were stopped: 0.0001860 seconds, Stopping threads took: 0.0000808 seconds
[2022-06-13T02:54:52.271+0000][1][safepoint    ] Application time: 0.0000476 seconds
[2022-06-13T02:54:52.271+0000][1][safepoint    ] Entering safepoint region: RevokeBias
[2022-06-13T02:54:52.271+0000][1][safepoint    ] Leaving safepoint region
[2022-06-13T02:54:52.271+0000][1][safepoint    ] Total time for which application threads were stopped: 0.0001910 seconds, Stopping threads took: 0.0000886 seconds
[2022-06-13T02:54:52.271+0000][1][safepoint    ] Application time: 0.0000476 seconds
[2022-06-13T02:54:52.271+0000][1][safepoint    ] Entering safepoint region: RevokeBias
[2022-06-13T02:54:52.271+0000][1][safepoint    ] Leaving safepoint region
[2022-06-13T02:54:52.271+0000][1][safepoint    ] Total time for which application threads were stopped: 0.0001840 seconds, Stopping threads took: 0.0000833 seconds
[2022-06-13T02:54:52.272+0000][1][safepoint    ] Application time: 0.0000470 seconds
[2022-06-13T02:54:52.272+0000][1][safepoint    ] Entering safepoint region: RevokeBias
[2022-06-13T02:54:52.272+0000][1][safepoint    ] Leaving safepoint region
[2022-06-13T02:54:52.272+0000][1][safepoint    ] Total time for which application threads were stopped: 0.0001890 seconds, Stopping threads took: 0.0000833 seconds
[2022-06-13T02:54:52.272+0000][1][safepoint    ] Application time: 0.0000477 seconds
[2022-06-13T02:54:52.272+0000][1][safepoint    ] Entering safepoint region: RevokeBias
[2022-06-13T02:54:52.272+0000][1][safepoint    ] Leaving safepoint region
[2022-06-13T02:54:52.272+0000][1][safepoint    ] Total time for which application threads were stopped: 0.0001998 seconds, Stopping threads took: 0.0000845 seconds
[2022-06-13T02:54:52.272+0000][1][safepoint    ] Application time: 0.0000469 seconds
[2022-06-13T02:54:52.272+0000][1][safepoint    ] Entering safepoint region: RevokeBias
[2022-06-13T02:54:52.273+0000][1][safepoint    ] Leaving safepoint region
[2022-06-13T02:54:52.273+0000][1][safepoint    ] Total time for which application threads were stopped: 0.0002334 seconds, Stopping threads took: 0.0001211 seconds
[2022-06-13T02:54:52.273+0000][1][safepoint    ] Application time: 0.0000521 seconds
[2022-06-13T02:54:52.273+0000][1][safepoint    ] Entering safepoint region: RevokeBias
[2022-06-13T02:54:52.273+0000][1][safepoint    ] Leaving safepoint region
[2022-06-13T02:54:52.273+0000][1][safepoint    ] Total time for which application threads were stopped: 0.0002719 seconds, Stopping threads took: 0.0001211 seconds
[2022-06-13T02:54:52.273+0000][1][safepoint    ] Application time: 0.0000528 seconds
[2022-06-13T02:54:52.273+0000][1][safepoint    ] Entering safepoint region: RevokeBias
[2022-06-13T02:54:52.273+0000][1][safepoint    ] Leaving safepoint region
[2022-06-13T02:54:52.274+0000][1][safepoint    ] Total time for which application threads were stopped: 0.0001978 seconds, Stopping threads took: 0.0000836 seconds
[2022-06-13T02:54:52.274+0000][1][safepoint    ] Application time: 0.0000681 seconds
[2022-06-13T02:54:52.274+0000][1][safepoint    ] Entering safepoint region: RevokeBias
[2022-06-13T02:54:52.274+0000][1][safepoint    ] Leaving safepoint region
[2022-06-13T02:54:52.274+0000][1][safepoint    ] Total time for which application threads were stopped: 0.0001799 seconds, Stopping threads took: 0.0000829 seconds
[2022-06-13T02:54:52.274+0000][1][safepoint    ] Application time: 0.0000490 seconds
[2022-06-13T02:54:52.274+0000][1][safepoint    ] Entering safepoint region: BulkRevokeBias
[2022-06-13T02:54:52.274+0000][1][safepoint    ] Leaving safepoint region
[2022-06-13T02:54:52.274+0000][1][safepoint    ] Total time for which application threads were stopped: 0.0002147 seconds, Stopping threads took: 0.0000812 seconds
[2022-06-13T02:54:52.275+0000][1][safepoint    ] Application time: 0.0001474 seconds
[2022-06-13T02:54:52.275+0000][1][safepoint    ] Entering safepoint region: RevokeBias
[2022-06-13T02:54:52.275+0000][1][safepoint    ] Leaving safepoint region
[2022-06-13T02:54:52.275+0000][1][safepoint    ] Total time for which application threads were stopped: 0.0001927 seconds, Stopping threads took: 0.0000935 seconds
[2022-06-13T02:54:52.275+0000][1][safepoint    ] Application time: 0.0000739 seconds
[2022-06-13T02:54:52.275+0000][1][safepoint    ] Entering safepoint region: RevokeBias
[2022-06-13T02:54:52.275+0000][1][safepoint    ] Leaving safepoint region
[2022-06-13T02:54:52.275+0000][1][safepoint    ] Total time for which application threads were stopped: 0.0001899 seconds, Stopping threads took: 0.0000809 seconds
[2022-06-13T02:54:52.276+0000][1][safepoint    ] Application time: 0.0001217 seconds
[2022-06-13T02:54:52.276+0000][1][safepoint    ] Entering safepoint region: RevokeBias
[2022-06-13T02:54:52.276+0000][1][safepoint    ] Leaving safepoint region
[2022-06-13T02:54:52.276+0000][1][safepoint    ] Total time for which application threads were stopped: 0.0002259 seconds, Stopping threads took: 0.0001036 seconds
[2022-06-13T02:54:52.276+0000][1][safepoint    ] Application time: 0.0000801 seconds
[2022-06-13T02:54:52.276+0000][1][safepoint    ] Entering safepoint region: RevokeBias
[2022-06-13T02:54:52.276+0000][1][safepoint    ] Leaving safepoint region
[2022-06-13T02:54:52.277+0000][1][safepoint    ] Total time for which application threads were stopped: 0.0003045 seconds, Stopping threads took: 0.0001317 seconds
[2022-06-13T02:54:52.277+0000][1][safepoint    ] Application time: 0.0000763 seconds
[2022-06-13T02:54:52.277+0000][1][safepoint    ] Entering safepoint region: RevokeBias
[2022-06-13T02:54:52.277+0000][1][safepoint    ] Leaving safepoint region
[2022-06-13T02:54:52.277+0000][1][safepoint    ] Total time for which application threads were stopped: 0.0002567 seconds, Stopping threads took: 0.0001074 seconds
[2022-06-13T02:54:52.277+0000][1][safepoint    ] Application time: 0.0000599 seconds
[2022-06-13T02:54:52.277+0000][1][safepoint    ] Entering safepoint region: RevokeBias
[2022-06-13T02:54:52.278+0000][1][safepoint    ] Leaving safepoint region
[2022-06-13T02:54:52.278+0000][1][safepoint    ] Total time for which application threads were stopped: 0.0002611 seconds, Stopping threads took: 0.0000997 seconds
[2022-06-13T02:54:52.278+0000][1][safepoint    ] Application time: 0.0000649 seconds
[2022-06-13T02:54:52.278+0000][1][safepoint    ] Entering safepoint region: RevokeBias
[2022-06-13T02:54:52.278+0000][1][safepoint    ] Leaving safepoint region
[2022-06-13T02:54:52.278+0000][1][safepoint    ] Total time for which application threads were stopped: 0.0002697 seconds, Stopping threads took: 0.0001063 seconds
[2022-06-13T02:54:52.278+0000][1][safepoint    ] Application time: 0.0000619 seconds
[2022-06-13T02:54:52.279+0000][1][safepoint    ] Entering safepoint region: RevokeBias
[2022-06-13T02:54:52.279+0000][1][safepoint    ] Leaving safepoint region
[2022-06-13T02:54:52.279+0000][1][safepoint    ] Total time for which application threads were stopped: 0.0003564 seconds, Stopping threads took: 0.0002389 seconds
[2022-06-13T02:54:52.279+0000][1][safepoint    ] Application time: 0.0000811 seconds
[2022-06-13T02:54:52.279+0000][1][safepoint    ] Entering safepoint region: RevokeBias
[2022-06-13T02:54:52.279+0000][1][safepoint    ] Leaving safepoint region
[2022-06-13T02:54:52.279+0000][1][safepoint    ] Total time for which application threads were stopped: 0.0002573 seconds, Stopping threads took: 0.0001365 seconds
[2022-06-13T02:54:52.280+0000][1][safepoint    ] Application time: 0.0000536 seconds
[2022-06-13T02:54:52.280+0000][1][safepoint    ] Entering safepoint region: RevokeBias
[2022-06-13T02:54:52.280+0000][1][safepoint    ] Leaving safepoint region
[2022-06-13T02:54:52.280+0000][1][safepoint    ] Total time for which application threads were stopped: 0.0001931 seconds, Stopping threads took: 0.0000887 seconds
[2022-06-13T02:54:52.280+0000][1][safepoint    ] Application time: 0.0000588 seconds
[2022-06-13T02:54:52.280+0000][1][safepoint    ] Entering safepoint region: RevokeBias
[2022-06-13T02:54:52.280+0000][1][safepoint    ] Leaving safepoint region
[2022-06-13T02:54:52.281+0000][1][safepoint    ] Total time for which application threads were stopped: 0.0003245 seconds, Stopping threads took: 0.0001445 seconds
[2022-06-13T02:54:52.281+0000][1][safepoint    ] Application time: 0.0000579 seconds
[2022-06-13T02:54:52.281+0000][1][safepoint    ] Entering safepoint region: RevokeBias
[2022-06-13T02:54:52.281+0000][1][safepoint    ] Leaving safepoint region
[2022-06-13T02:54:52.281+0000][1][safepoint    ] Total time for which application threads were stopped: 0.0001868 seconds, Stopping threads took: 0.0000830 seconds
[2022-06-13T02:54:52.281+0000][1][safepoint    ] Application time: 0.0000533 seconds
[2022-06-13T02:54:52.281+0000][1][safepoint    ] Entering safepoint region: RevokeBias
[2022-06-13T02:54:52.281+0000][1][safepoint    ] Leaving safepoint region
[2022-06-13T02:54:52.281+0000][1][safepoint    ] Total time for which application threads were stopped: 0.0001922 seconds, Stopping threads took: 0.0000869 seconds
[2022-06-13T02:54:52.282+0000][1][safepoint    ] Application time: 0.0000547 seconds
[2022-06-13T02:54:52.282+0000][1][safepoint    ] Entering safepoint region: RevokeBias
[2022-06-13T02:54:52.282+0000][1][safepoint    ] Leaving safepoint region
[2022-06-13T02:54:52.282+0000][1][safepoint    ] Total time for which application threads were stopped: 0.0002609 seconds, Stopping threads took: 0.0001057 seconds
[2022-06-13T02:54:52.282+0000][1][safepoint    ] Application time: 0.0000666 seconds
[2022-06-13T02:54:52.282+0000][1][safepoint    ] Entering safepoint region: RevokeBias
[2022-06-13T02:54:52.282+0000][1][safepoint    ] Leaving safepoint region
[2022-06-13T02:54:52.282+0000][1][safepoint    ] Total time for which application threads were stopped: 0.0002160 seconds, Stopping threads took: 0.0000904 seconds
[2022-06-13T02:54:52.283+0000][1][safepoint    ] Application time: 0.0000503 seconds
[2022-06-13T02:54:52.283+0000][1][safepoint    ] Entering safepoint region: RevokeBias
[2022-06-13T02:54:52.283+0000][1][safepoint    ] Leaving safepoint region
[2022-06-13T02:54:52.283+0000][1][safepoint    ] Total time for which application threads were stopped: 0.0001828 seconds, Stopping threads took: 0.0000853 seconds
[2022-06-13T02:54:52.283+0000][1][safepoint    ] Application time: 0.0000505 seconds
[2022-06-13T02:54:52.283+0000][1][safepoint    ] Entering safepoint region: RevokeBias
[2022-06-13T02:54:52.283+0000][1][safepoint    ] Leaving safepoint region
[2022-06-13T02:54:52.283+0000][1][safepoint    ] Total time for which application threads were stopped: 0.0002183 seconds, Stopping threads took: 0.0000872 seconds
[2022-06-13T02:54:52.283+0000][1][safepoint    ] Application time: 0.0000674 seconds
[2022-06-13T02:54:52.284+0000][1][safepoint    ] Entering safepoint region: RevokeBias
[2022-06-13T02:54:52.284+0000][1][safepoint    ] Leaving safepoint region
[2022-06-13T02:54:52.284+0000][1][safepoint    ] Total time for which application threads were stopped: 0.0002754 seconds, Stopping threads took: 0.0001230 seconds
[2022-06-13T02:54:52.284+0000][1][safepoint    ] Application time: 0.0000693 seconds
[2022-06-13T02:54:52.284+0000][1][safepoint    ] Entering safepoint region: RevokeBias
[2022-06-13T02:54:52.284+0000][1][safepoint    ] Leaving safepoint region
[2022-06-13T02:54:52.284+0000][1][safepoint    ] Total time for which application threads were stopped: 0.0003029 seconds, Stopping threads took: 0.0001386 seconds
[2022-06-13T02:54:52.285+0000][1][safepoint    ] Application time: 0.0000911 seconds
[2022-06-13T02:54:52.285+0000][1][safepoint    ] Entering safepoint region: RevokeBias
[2022-06-13T02:54:52.285+0000][1][safepoint    ] Leaving safepoint region
[2022-06-13T02:54:52.285+0000][1][safepoint    ] Total time for which application threads were stopped: 0.0002515 seconds, Stopping threads took: 0.0001190 seconds
[2022-06-13T02:54:52.285+0000][1][safepoint    ] Application time: 0.0000692 seconds
[2022-06-13T02:54:52.285+0000][1][safepoint    ] Entering safepoint region: RevokeBias
[2022-06-13T02:54:52.285+0000][1][safepoint    ] Leaving safepoint region
[2022-06-13T02:54:52.286+0000][1][safepoint    ] Total time for which application threads were stopped: 0.0002328 seconds, Stopping threads took: 0.0001023 seconds
[2022-06-13T02:54:52.286+0000][1][safepoint    ] Application time: 0.0000611 seconds
[2022-06-13T02:54:52.286+0000][1][safepoint    ] Entering safepoint region: RevokeBias
[2022-06-13T02:54:52.286+0000][1][safepoint    ] Leaving safepoint region
[2022-06-13T02:54:52.286+0000][1][safepoint    ] Total time for which application threads were stopped: 0.0002145 seconds, Stopping threads took: 0.0000899 seconds
[2022-06-13T02:54:52.286+0000][1][safepoint    ] Application time: 0.0000508 seconds
[2022-06-13T02:54:52.286+0000][1][safepoint    ] Entering safepoint region: BulkRevokeBias
[2022-06-13T02:54:52.286+0000][1][safepoint    ] Leaving safepoint region
[2022-06-13T02:54:52.287+0000][1][safepoint    ] Total time for which application threads were stopped: 0.0002547 seconds, Stopping threads took: 0.0000900 seconds
[2022-06-13T02:54:52.287+0000][1][safepoint    ] Application time: 0.0003063 seconds
[2022-06-13T02:54:52.287+0000][1][safepoint    ] Entering safepoint region: RevokeBias
[2022-06-13T02:54:52.288+0000][1][safepoint    ] Leaving safepoint region
[2022-06-13T02:54:52.288+0000][1][safepoint    ] Total time for which application threads were stopped: 0.0007122 seconds, Stopping threads took: 0.0005711 seconds
[2022-06-13T02:54:52.288+0000][1][safepoint    ] Application time: 0.0001139 seconds
[2022-06-13T02:54:52.288+0000][1][safepoint    ] Entering safepoint region: RevokeBias
[2022-06-13T02:54:52.288+0000][1][safepoint    ] Leaving safepoint region
[2022-06-13T02:54:52.288+0000][1][safepoint    ] Total time for which application threads were stopped: 0.0002798 seconds, Stopping threads took: 0.0001198 seconds
[2022-06-13T02:54:52.289+0000][1][safepoint    ] Application time: 0.0001699 seconds
[2022-06-13T02:54:52.289+0000][1][safepoint    ] Entering safepoint region: RevokeBias
[2022-06-13T02:54:52.289+0000][1][safepoint    ] Leaving safepoint region
[2022-06-13T02:54:52.289+0000][1][safepoint    ] Total time for which application threads were stopped: 0.0004209 seconds, Stopping threads took: 0.0001677 seconds
[2022-06-13T02:54:52.289+0000][1][safepoint    ] Application time: 0.0001004 seconds
[2022-06-13T02:54:52.290+0000][1][safepoint    ] Entering safepoint region: RevokeBias
[2022-06-13T02:54:52.290+0000][1][safepoint    ] Leaving safepoint region
[2022-06-13T02:54:52.290+0000][1][safepoint    ] Total time for which application threads were stopped: 0.0002755 seconds, Stopping threads took: 0.0001425 seconds
[2022-06-13T02:54:52.290+0000][1][safepoint    ] Application time: 0.0000756 seconds
[2022-06-13T02:54:52.290+0000][1][safepoint    ] Entering safepoint region: RevokeBias
[2022-06-13T02:54:52.290+0000][1][safepoint    ] Leaving safepoint region
[2022-06-13T02:54:52.290+0000][1][safepoint    ] Total time for which application threads were stopped: 0.0002790 seconds, Stopping threads took: 0.0001529 seconds
[2022-06-13T02:54:52.291+0000][1][safepoint    ] Application time: 0.0000805 seconds
[2022-06-13T02:54:52.291+0000][1][safepoint    ] Entering safepoint region: RevokeBias
[2022-06-13T02:54:52.291+0000][1][safepoint    ] Leaving safepoint region
[2022-06-13T02:54:52.291+0000][1][safepoint    ] Total time for which application threads were stopped: 0.0004294 seconds, Stopping threads took: 0.0002793 seconds
[2022-06-13T02:54:52.292+0000][1][safepoint    ] Application time: 0.0004067 seconds
[2022-06-13T02:54:52.292+0000][1][safepoint    ] Entering safepoint region: RevokeBias
[2022-06-13T02:54:52.292+0000][1][safepoint    ] Leaving safepoint region
[2022-06-13T02:54:52.292+0000][1][safepoint    ] Total time for which application threads were stopped: 0.0005511 seconds, Stopping threads took: 0.0003784 seconds
[2022-06-13T02:54:52.293+0000][1][safepoint    ] Application time: 0.0002386 seconds
[2022-06-13T02:54:52.293+0000][1][safepoint    ] Entering safepoint region: RevokeBias
[2022-06-13T02:54:52.293+0000][1][safepoint    ] Leaving safepoint region
[2022-06-13T02:54:52.293+0000][1][safepoint    ] Total time for which application threads were stopped: 0.0003246 seconds, Stopping threads took: 0.0001531 seconds
[2022-06-13T02:54:52.294+0000][1][safepoint    ] Application time: 0.0004303 seconds
[2022-06-13T02:54:52.294+0000][1][safepoint    ] Entering safepoint region: RevokeBias
[2022-06-13T02:54:52.294+0000][1][safepoint    ] Leaving safepoint region
[2022-06-13T02:54:52.294+0000][1][safepoint    ] Total time for which application threads were stopped: 0.0002972 seconds, Stopping threads took: 0.0001506 seconds
[2022-06-13T02:54:52.295+0000][1][safepoint    ] Application time: 0.0004224 seconds
[2022-06-13T02:54:52.295+0000][1][safepoint    ] Entering safepoint region: RevokeBias
[2022-06-13T02:54:52.295+0000][1][safepoint    ] Leaving safepoint region
[2022-06-13T02:54:52.295+0000][1][safepoint    ] Total time for which application threads were stopped: 0.0003147 seconds, Stopping threads took: 0.0001268 seconds
[2022-06-13T02:54:52.295+0000][1][safepoint    ] Application time: 0.0001251 seconds
[2022-06-13T02:54:52.296+0000][1][safepoint    ] Entering safepoint region: RevokeBias
[2022-06-13T02:54:52.296+0000][1][safepoint    ] Leaving safepoint region
[2022-06-13T02:54:52.296+0000][1][safepoint    ] Total time for which application threads were stopped: 0.0003638 seconds, Stopping threads took: 0.0001942 seconds
[2022-06-13T02:54:52.296+0000][1][safepoint    ] Application time: 0.0001196 seconds
[2022-06-13T02:54:52.296+0000][1][safepoint    ] Entering safepoint region: BulkRevokeBias
[2022-06-13T02:54:52.297+0000][1][safepoint    ] Leaving safepoint region
[2022-06-13T02:54:52.297+0000][1][safepoint    ] Total time for which application threads were stopped: 0.0003469 seconds, Stopping threads took: 0.0001640 seconds
[2022-06-13T02:54:52.297+0000][1][safepoint    ] Application time: 0.0003437 seconds
[2022-06-13T02:54:52.297+0000][1][safepoint    ] Entering safepoint region: RevokeBias
[2022-06-13T02:54:52.298+0000][1][safepoint    ] Leaving safepoint region
[2022-06-13T02:54:52.298+0000][1][safepoint    ] Total time for which application threads were stopped: 0.0003574 seconds, Stopping threads took: 0.0001959 seconds
[2022-06-13T02:54:52.298+0000][1][safepoint    ] Application time: 0.0002656 seconds
[2022-06-13T02:54:52.298+0000][1][safepoint    ] Entering safepoint region: RevokeBias
[2022-06-13T02:54:52.298+0000][1][safepoint    ] Leaving safepoint region
[2022-06-13T02:54:52.299+0000][1][safepoint    ] Total time for which application threads were stopped: 0.0003023 seconds, Stopping threads took: 0.0001342 seconds
[2022-06-13T02:54:52.300+0000][1][safepoint    ] Application time: 0.0010098 seconds
[2022-06-13T02:54:52.300+0000][1][safepoint    ] Entering safepoint region: RevokeBias
[2022-06-13T02:54:52.300+0000][1][safepoint    ] Leaving safepoint region
[2022-06-13T02:54:52.301+0000][1][safepoint    ] Total time for which application threads were stopped: 0.0008161 seconds, Stopping threads took: 0.0003928 seconds
[2022-06-13T02:54:52.301+0000][1][safepoint    ] Application time: 0.0001973 seconds
[2022-06-13T02:54:52.301+0000][1][safepoint    ] Entering safepoint region: RevokeBias
[2022-06-13T02:54:52.302+0000][1][safepoint    ] Leaving safepoint region
[2022-06-13T02:54:52.302+0000][1][safepoint    ] Total time for which application threads were stopped: 0.0005013 seconds, Stopping threads took: 0.0002191 seconds
[2022-06-13T02:54:52.303+0000][1][safepoint    ] Application time: 0.0007670 seconds
[2022-06-13T02:54:52.303+0000][1][safepoint    ] Entering safepoint region: RevokeBias
[2022-06-13T02:54:52.304+0000][1][safepoint    ] Leaving safepoint region
[2022-06-13T02:54:52.304+0000][1][safepoint    ] Total time for which application threads were stopped: 0.0005420 seconds, Stopping threads took: 0.0002579 seconds
[2022-06-13T02:54:52.305+0000][1][safepoint    ] Application time: 0.0006484 seconds
[2022-06-13T02:54:52.305+0000][1][safepoint    ] Entering safepoint region: RevokeBias
[2022-06-13T02:54:52.305+0000][1][safepoint    ] Leaving safepoint region
[2022-06-13T02:54:52.305+0000][1][safepoint    ] Total time for which application threads were stopped: 0.0004479 seconds, Stopping threads took: 0.0002090 seconds
[2022-06-13T02:54:52.306+0000][1][safepoint    ] Application time: 0.0000914 seconds
[2022-06-13T02:54:52.306+0000][1][safepoint    ] Entering safepoint region: RevokeBias
[2022-06-13T02:54:52.306+0000][1][safepoint    ] Leaving safepoint region
[2022-06-13T02:54:52.306+0000][1][safepoint    ] Total time for which application threads were stopped: 0.0003945 seconds, Stopping threads took: 0.0001972 seconds
[2022-06-13T02:54:52.307+0000][1][safepoint    ] Application time: 0.0002251 seconds
[2022-06-13T02:54:52.307+0000][1][safepoint    ] Entering safepoint region: RevokeBias
[2022-06-13T02:54:52.308+0000][1][safepoint    ] Leaving safepoint region
[2022-06-13T02:54:52.308+0000][1][safepoint    ] Total time for which application threads were stopped: 0.0010044 seconds, Stopping threads took: 0.0007542 seconds
[2022-06-13T02:54:52.441+0000][1][safepoint    ] Application time: 0.1333426 seconds
[2022-06-13T02:54:52.442+0000][1][safepoint    ] Entering safepoint region: RevokeBias
[2022-06-13T02:54:52.442+0000][1][safepoint    ] Leaving safepoint region
[2022-06-13T02:54:52.443+0000][1][safepoint    ] Total time for which application threads were stopped: 0.0006207 seconds, Stopping threads took: 0.0002824 seconds
[2022-06-13T02:54:52.657+0000][1][safepoint    ] Application time: 0.2144696 seconds
[2022-06-13T02:54:52.658+0000][1][safepoint    ] Entering safepoint region: GenCollectForAllocation
[2022-06-13T02:54:52.659+0000][1][gc,start     ] GC(20) Pause Young (Allocation Failure)
[2022-06-13T02:54:52.659+0000][1][gc,task      ] GC(20) Using 5 workers of 13 for evacuation
[2022-06-13T02:54:52.666+0000][1][gc,age       ] GC(20) Desired survivor size 4456448 bytes, new threshold 2 (max threshold 6)
[2022-06-13T02:54:52.667+0000][1][gc,age       ] GC(20) Age table with threshold 2 (max threshold 6)
[2022-06-13T02:54:52.667+0000][1][gc,age       ] GC(20) - age   1:    1555528 bytes,    1555528 total
[2022-06-13T02:54:52.668+0000][1][gc,age       ] GC(20) - age   2:    3099560 bytes,    4655088 total
[2022-06-13T02:54:52.668+0000][1][gc,heap      ] GC(20) ParNew: 78656K->8704K(78656K)
[2022-06-13T02:54:52.668+0000][1][gc,heap      ] GC(20) CMS: 54850K->58985K(174784K)
[2022-06-13T02:54:52.668+0000][1][gc,metaspace ] GC(20) Metaspace: 53352K->53352K(1097728K)
[2022-06-13T02:54:52.669+0000][1][gc           ] GC(20) Pause Young (Allocation Failure) 130M->66M(247M) 10.046ms
[2022-06-13T02:54:52.669+0000][1][gc,cpu       ] GC(20) User=0.03s Sys=0.00s Real=0.01s
[2022-06-13T02:54:52.669+0000][1][safepoint    ] Leaving safepoint region
[2022-06-13T02:54:52.670+0000][1][safepoint    ] Total time for which application threads were stopped: 0.0119904 seconds, Stopping threads took: 0.0004155 seconds
[2022-06-13T02:54:52.948+0000][1][safepoint    ] Application time: 0.2777271 seconds
[2022-06-13T02:54:52.949+0000][1][safepoint    ] Entering safepoint region: Deoptimize
[2022-06-13T02:54:52.950+0000][1][safepoint    ] Leaving safepoint region
[2022-06-13T02:54:52.950+0000][1][safepoint    ] Total time for which application threads were stopped: 0.0016309 seconds, Stopping threads took: 0.0004214 seconds
[2022-06-13T02:54:52.975+0000][1][safepoint    ] Application time: 0.0242760 seconds
[2022-06-13T02:54:52.975+0000][1][safepoint    ] Entering safepoint region: RevokeBias
[2022-06-13T02:54:52.975+0000][1][safepoint    ] Leaving safepoint region
[2022-06-13T02:54:52.976+0000][1][safepoint    ] Total time for which application threads were stopped: 0.0005489 seconds, Stopping threads took: 0.0002460 seconds
[2022-06-13T02:54:52.976+0000][1][safepoint    ] Application time: 0.0001501 seconds
[2022-06-13T02:54:52.976+0000][1][safepoint    ] Entering safepoint region: RevokeBias
[2022-06-13T02:54:52.977+0000][1][safepoint    ] Leaving safepoint region
[2022-06-13T02:54:52.977+0000][1][safepoint    ] Total time for which application threads were stopped: 0.0005149 seconds, Stopping threads took: 0.0002775 seconds
[2022-06-13T02:54:52.977+0000][1][safepoint    ] Application time: 0.0002190 seconds
[2022-06-13T02:54:52.978+0000][1][safepoint    ] Entering safepoint region: RevokeBias
[2022-06-13T02:54:52.978+0000][1][safepoint    ] Leaving safepoint region
[2022-06-13T02:54:52.978+0000][1][safepoint    ] Total time for which application threads were stopped: 0.0005241 seconds, Stopping threads took: 0.0002342 seconds
[2022-06-13T02:54:52.981+0000][1][safepoint    ] Application time: 0.0022401 seconds
[2022-06-13T02:54:52.981+0000][1][safepoint    ] Entering safepoint region: RevokeBias
[2022-06-13T02:54:52.981+0000][1][safepoint    ] Leaving safepoint region
[2022-06-13T02:54:52.981+0000][1][safepoint    ] Total time for which application threads were stopped: 0.0003871 seconds, Stopping threads took: 0.0001621 seconds
[2022-06-13T02:54:53.057+0000][1][safepoint    ] Application time: 0.0751982 seconds
[2022-06-13T02:54:53.057+0000][1][safepoint    ] Entering safepoint region: RevokeBias
[2022-06-13T02:54:53.058+0000][1][safepoint    ] Leaving safepoint region
[2022-06-13T02:54:53.058+0000][1][safepoint    ] Total time for which application threads were stopped: 0.0014437 seconds, Stopping threads took: 0.0001958 seconds
[2022-06-13T02:54:53.099+0000][1][safepoint    ] Application time: 0.0400377 seconds
[2022-06-13T02:54:53.100+0000][1][safepoint    ] Entering safepoint region: Deoptimize
[2022-06-13T02:54:53.101+0000][1][safepoint    ] Leaving safepoint region
[2022-06-13T02:54:53.101+0000][1][safepoint    ] Total time for which application threads were stopped: 0.0011988 seconds, Stopping threads took: 0.0003943 seconds
[2022-06-13T02:54:53.180+0000][1][safepoint    ] Application time: 0.0794114 seconds
[2022-06-13T02:54:53.181+0000][1][safepoint    ] Entering safepoint region: RevokeBias
[2022-06-13T02:54:53.181+0000][1][safepoint    ] Leaving safepoint region
[2022-06-13T02:54:53.182+0000][1][safepoint    ] Total time for which application threads were stopped: 0.0008553 seconds, Stopping threads took: 0.0004951 seconds
[2022-06-13T02:54:53.267+0000][1][safepoint    ] Application time: 0.0856360 seconds
[2022-06-13T02:54:53.268+0000][1][safepoint    ] Entering safepoint region: RevokeBias
[2022-06-13T02:54:53.269+0000][1][safepoint    ] Leaving safepoint region
[2022-06-13T02:54:53.269+0000][1][safepoint    ] Total time for which application threads were stopped: 0.0010143 seconds, Stopping threads took: 0.0005205 seconds
[2022-06-13T02:54:53.269+0000][1][safepoint    ] Application time: 0.0001038 seconds
[2022-06-13T02:54:53.270+0000][1][safepoint    ] Entering safepoint region: RevokeBias
[2022-06-13T02:54:53.270+0000][1][safepoint    ] Leaving safepoint region
[2022-06-13T02:54:53.270+0000][1][safepoint    ] Total time for which application threads were stopped: 0.0005936 seconds, Stopping threads took: 0.0002326 seconds
[2022-06-13T02:54:53.271+0000][1][safepoint    ] Application time: 0.0002145 seconds
[2022-06-13T02:54:53.271+0000][1][safepoint    ] Entering safepoint region: RevokeBias
[2022-06-13T02:54:53.272+0000][1][safepoint    ] Leaving safepoint region
[2022-06-13T02:54:53.272+0000][1][safepoint    ] Total time for which application threads were stopped: 0.0006155 seconds, Stopping threads took: 0.0004510 seconds
[2022-06-13T02:54:53.272+0000][1][safepoint    ] Application time: 0.0001234 seconds
[2022-06-13T02:54:53.272+0000][1][safepoint    ] Entering safepoint region: RevokeBias
[2022-06-13T02:54:53.273+0000][1][safepoint    ] Leaving safepoint region
[2022-06-13T02:54:53.273+0000][1][safepoint    ] Total time for which application threads were stopped: 0.0004746 seconds, Stopping threads took: 0.0002795 seconds
[2022-06-13T02:54:53.273+0000][1][safepoint    ] Application time: 0.0002052 seconds
[2022-06-13T02:54:53.273+0000][1][safepoint    ] Entering safepoint region: RevokeBias
[2022-06-13T02:54:53.273+0000][1][safepoint    ] Leaving safepoint region
[2022-06-13T02:54:53.274+0000][1][safepoint    ] Total time for which application threads were stopped: 0.0002782 seconds, Stopping threads took: 0.0001360 seconds
[2022-06-13T02:54:53.274+0000][1][safepoint    ] Application time: 0.0001071 seconds
[2022-06-13T02:54:53.274+0000][1][safepoint    ] Entering safepoint region: RevokeBias
[2022-06-13T02:54:53.274+0000][1][safepoint    ] Leaving safepoint region
[2022-06-13T02:54:53.274+0000][1][safepoint    ] Total time for which application threads were stopped: 0.0002205 seconds, Stopping threads took: 0.0001059 seconds
[2022-06-13T02:54:53.274+0000][1][safepoint    ] Application time: 0.0000696 seconds
[2022-06-13T02:54:53.274+0000][1][safepoint    ] Entering safepoint region: RevokeBias
[2022-06-13T02:54:53.275+0000][1][safepoint    ] Leaving safepoint region
[2022-06-13T02:54:53.275+0000][1][safepoint    ] Total time for which application threads were stopped: 0.0002475 seconds, Stopping threads took: 0.0001139 seconds
[2022-06-13T02:54:53.275+0000][1][safepoint    ] Application time: 0.0000816 seconds
[2022-06-13T02:54:53.275+0000][1][safepoint    ] Entering safepoint region: RevokeBias
[2022-06-13T02:54:53.275+0000][1][safepoint    ] Leaving safepoint region
[2022-06-13T02:54:53.276+0000][1][safepoint    ] Total time for which application threads were stopped: 0.0004440 seconds, Stopping threads took: 0.0001394 seconds
[2022-06-13T02:54:53.276+0000][1][safepoint    ] Application time: 0.0000815 seconds
[2022-06-13T02:54:53.276+0000][1][safepoint    ] Entering safepoint region: RevokeBias
[2022-06-13T02:54:53.276+0000][1][safepoint    ] Leaving safepoint region
[2022-06-13T02:54:53.276+0000][1][safepoint    ] Total time for which application threads were stopped: 0.0003798 seconds, Stopping threads took: 0.0001654 seconds
[2022-06-13T02:54:53.350+0000][1][safepoint    ] Application time: 0.0733274 seconds
[2022-06-13T02:54:53.350+0000][1][safepoint    ] Entering safepoint region: GenCollectForAllocation
[2022-06-13T02:54:53.350+0000][1][gc,start     ] GC(21) Pause Young (Allocation Failure)
[2022-06-13T02:54:53.351+0000][1][gc,task      ] GC(21) Using 5 workers of 13 for evacuation
[2022-06-13T02:54:53.357+0000][1][gc,age       ] GC(21) Desired survivor size 4456448 bytes, new threshold 2 (max threshold 6)
[2022-06-13T02:54:53.358+0000][1][gc,age       ] GC(21) Age table with threshold 2 (max threshold 6)
[2022-06-13T02:54:53.358+0000][1][gc,age       ] GC(21) - age   1:    3775000 bytes,    3775000 total
[2022-06-13T02:54:53.358+0000][1][gc,age       ] GC(21) - age   2:    1458328 bytes,    5233328 total
[2022-06-13T02:54:53.358+0000][1][gc,heap      ] GC(21) ParNew: 78656K->7180K(78656K)
[2022-06-13T02:54:53.359+0000][1][gc,heap      ] GC(21) CMS: 58985K->62084K(174784K)
[2022-06-13T02:54:53.359+0000][1][gc,metaspace ] GC(21) Metaspace: 61206K->61206K(1105920K)
[2022-06-13T02:54:53.359+0000][1][gc           ] GC(21) Pause Young (Allocation Failure) 134M->67M(247M) 8.711ms
[2022-06-13T02:54:53.360+0000][1][gc,cpu       ] GC(21) User=0.05s Sys=0.01s Real=0.01s
[2022-06-13T02:54:53.360+0000][1][safepoint    ] Leaving safepoint region
[2022-06-13T02:54:53.360+0000][1][safepoint    ] Total time for which application threads were stopped: 0.0102303 seconds, Stopping threads took: 0.0002123 seconds
[2022-06-13T02:54:53.371+0000][1][safepoint    ] Application time: 0.0100212 seconds
[2022-06-13T02:54:53.371+0000][1][safepoint    ] Entering safepoint region: RevokeBias
[2022-06-13T02:54:53.371+0000][1][safepoint    ] Leaving safepoint region
[2022-06-13T02:54:53.372+0000][1][safepoint    ] Total time for which application threads were stopped: 0.0006060 seconds, Stopping threads took: 0.0003037 seconds
[2022-06-13T02:54:53.486+0000][1][safepoint    ] Application time: 0.1137589 seconds
[2022-06-13T02:54:53.486+0000][1][safepoint    ] Entering safepoint region: Deoptimize
[2022-06-13T02:54:53.487+0000][1][safepoint    ] Leaving safepoint region
[2022-06-13T02:54:53.487+0000][1][safepoint    ] Total time for which application threads were stopped: 0.0007963 seconds, Stopping threads took: 0.0001668 seconds
[2022-06-13T02:54:53.491+0000][1][safepoint    ] Application time: 0.0043507 seconds
[2022-06-13T02:54:53.492+0000][1][safepoint    ] Entering safepoint region: RevokeBias
[2022-06-13T02:54:53.492+0000][1][safepoint    ] Leaving safepoint region
[2022-06-13T02:54:53.492+0000][1][safepoint    ] Total time for which application threads were stopped: 0.0004749 seconds, Stopping threads took: 0.0002779 seconds
[2022-06-13T02:54:53.493+0000][1][safepoint    ] Application time: 0.0002856 seconds
[2022-06-13T02:54:53.493+0000][1][safepoint    ] Entering safepoint region: BulkRevokeBias
[2022-06-13T02:54:53.493+0000][1][safepoint    ] Leaving safepoint region
[2022-06-13T02:54:53.493+0000][1][safepoint    ] Total time for which application threads were stopped: 0.0006229 seconds, Stopping threads took: 0.0002629 seconds
[2022-06-13T02:54:53.494+0000][1][safepoint    ] Application time: 0.0006947 seconds
[2022-06-13T02:54:53.495+0000][1][safepoint    ] Entering safepoint region: RevokeBias
[2022-06-13T02:54:53.495+0000][1][safepoint    ] Leaving safepoint region
[2022-06-13T02:54:53.495+0000][1][safepoint    ] Total time for which application threads were stopped: 0.0006015 seconds, Stopping threads took: 0.0003883 seconds
[2022-06-13T02:54:53.496+0000][1][safepoint    ] Application time: 0.0001081 seconds
[2022-06-13T02:54:53.496+0000][1][safepoint    ] Entering safepoint region: RevokeBias
[2022-06-13T02:54:53.496+0000][1][safepoint    ] Leaving safepoint region
[2022-06-13T02:54:53.496+0000][1][safepoint    ] Total time for which application threads were stopped: 0.0005756 seconds, Stopping threads took: 0.0002727 seconds
[2022-06-13T02:54:53.497+0000][1][safepoint    ] Application time: 0.0002867 seconds
[2022-06-13T02:54:53.497+0000][1][safepoint    ] Entering safepoint region: RevokeBias
[2022-06-13T02:54:53.498+0000][1][safepoint    ] Leaving safepoint region
[2022-06-13T02:54:53.498+0000][1][safepoint    ] Total time for which application threads were stopped: 0.0008602 seconds, Stopping threads took: 0.0004289 seconds
[2022-06-13T02:54:53.499+0000][1][safepoint    ] Application time: 0.0006761 seconds
[2022-06-13T02:54:53.500+0000][1][safepoint    ] Entering safepoint region: RevokeBias
[2022-06-13T02:54:53.500+0000][1][safepoint    ] Leaving safepoint region
[2022-06-13T02:54:53.501+0000][1][safepoint    ] Total time for which application threads were stopped: 0.0006732 seconds, Stopping threads took: 0.0002901 seconds
[2022-06-13T02:54:53.501+0000][1][safepoint    ] Application time: 0.0001892 seconds
[2022-06-13T02:54:53.501+0000][1][safepoint    ] Entering safepoint region: RevokeBias
[2022-06-13T02:54:53.502+0000][1][safepoint    ] Leaving safepoint region
[2022-06-13T02:54:53.502+0000][1][safepoint    ] Total time for which application threads were stopped: 0.0004698 seconds, Stopping threads took: 0.0002594 seconds
[2022-06-13T02:54:53.502+0000][1][safepoint    ] Application time: 0.0000977 seconds
[2022-06-13T02:54:53.502+0000][1][safepoint    ] Entering safepoint region: RevokeBias
[2022-06-13T02:54:53.502+0000][1][safepoint    ] Leaving safepoint region
[2022-06-13T02:54:53.502+0000][1][safepoint    ] Total time for which application threads were stopped: 0.0002748 seconds, Stopping threads took: 0.0001762 seconds
[2022-06-13T02:54:53.503+0000][1][safepoint    ] Application time: 0.0001317 seconds
[2022-06-13T02:54:53.503+0000][1][safepoint    ] Entering safepoint region: RevokeBias
[2022-06-13T02:54:53.503+0000][1][safepoint    ] Leaving safepoint region
[2022-06-13T02:54:53.503+0000][1][safepoint    ] Total time for which application threads were stopped: 0.0002800 seconds, Stopping threads took: 0.0001817 seconds
[2022-06-13T02:54:53.503+0000][1][safepoint    ] Application time: 0.0001682 seconds
[2022-06-13T02:54:53.504+0000][1][safepoint    ] Entering safepoint region: RevokeBias
[2022-06-13T02:54:53.504+0000][1][safepoint    ] Leaving safepoint region
[2022-06-13T02:54:53.504+0000][1][safepoint    ] Total time for which application threads were stopped: 0.0002771 seconds, Stopping threads took: 0.0001773 seconds
[2022-06-13T02:54:53.504+0000][1][safepoint    ] Application time: 0.0001562 seconds
[2022-06-13T02:54:53.504+0000][1][safepoint    ] Entering safepoint region: RevokeBias
[2022-06-13T02:54:53.504+0000][1][safepoint    ] Leaving safepoint region
[2022-06-13T02:54:53.504+0000][1][safepoint    ] Total time for which application threads were stopped: 0.0002779 seconds, Stopping threads took: 0.0001843 seconds
[2022-06-13T02:54:53.505+0000][1][safepoint    ] Application time: 0.0000593 seconds
[2022-06-13T02:54:53.505+0000][1][safepoint    ] Entering safepoint region: RevokeBias
[2022-06-13T02:54:53.505+0000][1][safepoint    ] Leaving safepoint region
[2022-06-13T02:54:53.505+0000][1][safepoint    ] Total time for which application threads were stopped: 0.0002640 seconds, Stopping threads took: 0.0001627 seconds
[2022-06-13T02:54:53.506+0000][1][safepoint    ] Application time: 0.0003944 seconds
[2022-06-13T02:54:53.506+0000][1][safepoint    ] Entering safepoint region: RevokeBias
[2022-06-13T02:54:53.506+0000][1][safepoint    ] Leaving safepoint region
[2022-06-13T02:54:53.506+0000][1][safepoint    ] Total time for which application threads were stopped: 0.0002777 seconds, Stopping threads took: 0.0001782 seconds
[2022-06-13T02:54:53.507+0000][1][safepoint    ] Application time: 0.0005914 seconds
[2022-06-13T02:54:53.507+0000][1][safepoint    ] Entering safepoint region: RevokeBias
[2022-06-13T02:54:53.507+0000][1][safepoint    ] Leaving safepoint region
[2022-06-13T02:54:53.507+0000][1][safepoint    ] Total time for which application threads were stopped: 0.0003164 seconds, Stopping threads took: 0.0001470 seconds
[2022-06-13T02:54:53.508+0000][1][safepoint    ] Application time: 0.0001913 seconds
[2022-06-13T02:54:53.508+0000][1][safepoint    ] Entering safepoint region: RevokeBias
[2022-06-13T02:54:53.508+0000][1][safepoint    ] Leaving safepoint region
[2022-06-13T02:54:53.508+0000][1][safepoint    ] Total time for which application threads were stopped: 0.0002539 seconds, Stopping threads took: 0.0001337 seconds
[2022-06-13T02:54:53.510+0000][1][safepoint    ] Application time: 0.0014461 seconds
[2022-06-13T02:54:53.510+0000][1][safepoint    ] Entering safepoint region: RevokeBias
[2022-06-13T02:54:53.510+0000][1][safepoint    ] Leaving safepoint region
[2022-06-13T02:54:53.510+0000][1][safepoint    ] Total time for which application threads were stopped: 0.0003600 seconds, Stopping threads took: 0.0002515 seconds
[2022-06-13T02:54:53.511+0000][1][safepoint    ] Application time: 0.0007035 seconds
[2022-06-13T02:54:53.511+0000][1][safepoint    ] Entering safepoint region: Deoptimize
[2022-06-13T02:54:53.512+0000][1][safepoint    ] Leaving safepoint region
[2022-06-13T02:54:53.512+0000][1][safepoint    ] Total time for which application threads were stopped: 0.0011137 seconds, Stopping threads took: 0.0002247 seconds
[2022-06-13T02:54:53.513+0000][1][safepoint    ] Application time: 0.0004102 seconds
[2022-06-13T02:54:53.513+0000][1][safepoint    ] Entering safepoint region: RevokeBias
[2022-06-13T02:54:53.513+0000][1][safepoint    ] Leaving safepoint region
[2022-06-13T02:54:53.513+0000][1][safepoint    ] Total time for which application threads were stopped: 0.0003061 seconds, Stopping threads took: 0.0002064 seconds
[2022-06-13T02:54:53.541+0000][1][safepoint    ] Application time: 0.0271974 seconds
[2022-06-13T02:54:53.541+0000][1][safepoint    ] Entering safepoint region: RevokeBias
[2022-06-13T02:54:53.541+0000][1][safepoint    ] Leaving safepoint region
[2022-06-13T02:54:53.542+0000][1][safepoint    ] Total time for which application threads were stopped: 0.0006474 seconds, Stopping threads took: 0.0003302 seconds
[2022-06-13T02:54:53.542+0000][1][safepoint    ] Application time: 0.0000743 seconds
[2022-06-13T02:54:53.542+0000][1][safepoint    ] Entering safepoint region: RevokeBias
[2022-06-13T02:54:53.542+0000][1][safepoint    ] Leaving safepoint region
[2022-06-13T02:54:53.542+0000][1][safepoint    ] Total time for which application threads were stopped: 0.0002249 seconds, Stopping threads took: 0.0001152 seconds
[2022-06-13T02:54:53.543+0000][1][safepoint    ] Application time: 0.0002226 seconds
[2022-06-13T02:54:53.543+0000][1][safepoint    ] Entering safepoint region: RevokeBias
[2022-06-13T02:54:53.543+0000][1][safepoint    ] Leaving safepoint region
[2022-06-13T02:54:53.544+0000][1][safepoint    ] Total time for which application threads were stopped: 0.0005572 seconds, Stopping threads took: 0.0003082 seconds
[2022-06-13T02:54:53.544+0000][1][safepoint    ] Application time: 0.0003027 seconds
[2022-06-13T02:54:53.544+0000][1][safepoint    ] Entering safepoint region: RevokeBias
[2022-06-13T02:54:53.545+0000][1][safepoint    ] Leaving safepoint region
[2022-06-13T02:54:53.545+0000][1][safepoint    ] Total time for which application threads were stopped: 0.0005098 seconds, Stopping threads took: 0.0003305 seconds
[2022-06-13T02:54:53.545+0000][1][safepoint    ] Application time: 0.0001370 seconds
[2022-06-13T02:54:53.545+0000][1][safepoint    ] Entering safepoint region: BulkRevokeBias
[2022-06-13T02:54:53.546+0000][1][safepoint    ] Leaving safepoint region
[2022-06-13T02:54:53.546+0000][1][safepoint    ] Total time for which application threads were stopped: 0.0004579 seconds, Stopping threads took: 0.0002051 seconds
[2022-06-13T02:54:53.547+0000][1][safepoint    ] Application time: 0.0009178 seconds
[2022-06-13T02:54:53.547+0000][1][safepoint    ] Entering safepoint region: RevokeBias
[2022-06-13T02:54:53.547+0000][1][safepoint    ] Leaving safepoint region
[2022-06-13T02:54:53.547+0000][1][safepoint    ] Total time for which application threads were stopped: 0.0004306 seconds, Stopping threads took: 0.0002342 seconds
[2022-06-13T02:54:53.548+0000][1][safepoint    ] Application time: 0.0002762 seconds
[2022-06-13T02:54:53.548+0000][1][safepoint    ] Entering safepoint region: RevokeBias
[2022-06-13T02:54:53.549+0000][1][safepoint    ] Leaving safepoint region
[2022-06-13T02:54:53.549+0000][1][safepoint    ] Total time for which application threads were stopped: 0.0005474 seconds, Stopping threads took: 0.0002551 seconds
[2022-06-13T02:54:53.549+0000][1][safepoint    ] Application time: 0.0002251 seconds
[2022-06-13T02:54:53.549+0000][1][safepoint    ] Entering safepoint region: RevokeBias
[2022-06-13T02:54:53.550+0000][1][safepoint    ] Leaving safepoint region
[2022-06-13T02:54:53.550+0000][1][safepoint    ] Total time for which application threads were stopped: 0.0003675 seconds, Stopping threads took: 0.0002014 seconds
[2022-06-13T02:54:53.550+0000][1][safepoint    ] Application time: 0.0005728 seconds
[2022-06-13T02:54:53.551+0000][1][safepoint    ] Entering safepoint region: RevokeBias
[2022-06-13T02:54:53.551+0000][1][safepoint    ] Leaving safepoint region
[2022-06-13T02:54:53.551+0000][1][safepoint    ] Total time for which application threads were stopped: 0.0003520 seconds, Stopping threads took: 0.0001899 seconds
[2022-06-13T02:54:53.551+0000][1][safepoint    ] Application time: 0.0000845 seconds
[2022-06-13T02:54:53.551+0000][1][safepoint    ] Entering safepoint region: RevokeBias
[2022-06-13T02:54:53.551+0000][1][safepoint    ] Leaving safepoint region
[2022-06-13T02:54:53.552+0000][1][safepoint    ] Total time for which application threads were stopped: 0.0002528 seconds, Stopping threads took: 0.0001070 seconds
[2022-06-13T02:54:53.552+0000][1][safepoint    ] Application time: 0.0004003 seconds
[2022-06-13T02:54:53.552+0000][1][safepoint    ] Entering safepoint region: RevokeBias
[2022-06-13T02:54:53.553+0000][1][safepoint    ] Leaving safepoint region
[2022-06-13T02:54:53.553+0000][1][safepoint    ] Total time for which application threads were stopped: 0.0003030 seconds, Stopping threads took: 0.0001660 seconds
[2022-06-13T02:54:53.554+0000][1][safepoint    ] Application time: 0.0013413 seconds
[2022-06-13T02:54:53.554+0000][1][safepoint    ] Entering safepoint region: RevokeBias
[2022-06-13T02:54:53.555+0000][1][safepoint    ] Leaving safepoint region
[2022-06-13T02:54:53.555+0000][1][safepoint    ] Total time for which application threads were stopped: 0.0006045 seconds, Stopping threads took: 0.0002683 seconds
[2022-06-13T02:54:53.623+0000][1][safepoint    ] Application time: 0.0677580 seconds
[2022-06-13T02:54:53.623+0000][1][safepoint    ] Entering safepoint region: RevokeBias
[2022-06-13T02:54:53.624+0000][1][safepoint    ] Leaving safepoint region
[2022-06-13T02:54:53.624+0000][1][safepoint    ] Total time for which application threads were stopped: 0.0006436 seconds, Stopping threads took: 0.0003007 seconds
[2022-06-13T02:54:53.625+0000][1][safepoint    ] Application time: 0.0002611 seconds
[2022-06-13T02:54:53.625+0000][1][safepoint    ] Entering safepoint region: RevokeBias
[2022-06-13T02:54:53.625+0000][1][safepoint    ] Leaving safepoint region
[2022-06-13T02:54:53.625+0000][1][safepoint    ] Total time for which application threads were stopped: 0.0005546 seconds, Stopping threads took: 0.0002657 seconds
[2022-06-13T02:54:53.627+0000][1][safepoint    ] Application time: 0.0013848 seconds
[2022-06-13T02:54:53.627+0000][1][safepoint    ] Entering safepoint region: RevokeBias
[2022-06-13T02:54:53.628+0000][1][safepoint    ] Leaving safepoint region
[2022-06-13T02:54:53.628+0000][1][safepoint    ] Total time for which application threads were stopped: 0.0004717 seconds, Stopping threads took: 0.0002474 seconds
[2022-06-13T02:54:53.628+0000][1][safepoint    ] Application time: 0.0003223 seconds
[2022-06-13T02:54:53.629+0000][1][safepoint    ] Entering safepoint region: RevokeBias
[2022-06-13T02:54:53.629+0000][1][safepoint    ] Leaving safepoint region
[2022-06-13T02:54:53.629+0000][1][safepoint    ] Total time for which application threads were stopped: 0.0004569 seconds, Stopping threads took: 0.0001786 seconds
[2022-06-13T02:54:53.629+0000][1][safepoint    ] Application time: 0.0001310 seconds
[2022-06-13T02:54:53.630+0000][1][safepoint    ] Entering safepoint region: RevokeBias
[2022-06-13T02:54:53.630+0000][1][safepoint    ] Leaving safepoint region
[2022-06-13T02:54:53.630+0000][1][safepoint    ] Total time for which application threads were stopped: 0.0006435 seconds, Stopping threads took: 0.0004136 seconds
[2022-06-13T02:54:53.631+0000][1][safepoint    ] Application time: 0.0002416 seconds
[2022-06-13T02:54:53.631+0000][1][safepoint    ] Entering safepoint region: RevokeBias
[2022-06-13T02:54:53.632+0000][1][safepoint    ] Leaving safepoint region
[2022-06-13T02:54:53.632+0000][1][safepoint    ] Total time for which application threads were stopped: 0.0006162 seconds, Stopping threads took: 0.0003147 seconds
[2022-06-13T02:54:53.633+0000][1][safepoint    ] Application time: 0.0004745 seconds
[2022-06-13T02:54:53.633+0000][1][safepoint    ] Entering safepoint region: RevokeBias
[2022-06-13T02:54:53.633+0000][1][safepoint    ] Leaving safepoint region
[2022-06-13T02:54:53.634+0000][1][safepoint    ] Total time for which application threads were stopped: 0.0005339 seconds, Stopping threads took: 0.0002533 seconds
[2022-06-13T02:54:53.634+0000][1][safepoint    ] Application time: 0.0002496 seconds
[2022-06-13T02:54:53.634+0000][1][safepoint    ] Entering safepoint region: RevokeBias
[2022-06-13T02:54:53.634+0000][1][safepoint    ] Leaving safepoint region
[2022-06-13T02:54:53.634+0000][1][safepoint    ] Total time for which application threads were stopped: 0.0002344 seconds, Stopping threads took: 0.0001176 seconds
[2022-06-13T02:54:53.634+0000][1][safepoint    ] Application time: 0.0000700 seconds
[2022-06-13T02:54:53.635+0000][1][safepoint    ] Entering safepoint region: RevokeBias
[2022-06-13T02:54:53.635+0000][1][safepoint    ] Leaving safepoint region
[2022-06-13T02:54:53.635+0000][1][safepoint    ] Total time for which application threads were stopped: 0.0002250 seconds, Stopping threads took: 0.0000981 seconds
[2022-06-13T02:54:53.648+0000][1][safepoint    ] Application time: 0.0134444 seconds
[2022-06-13T02:54:53.649+0000][1][safepoint    ] Entering safepoint region: RevokeBias
[2022-06-13T02:54:53.649+0000][1][safepoint    ] Leaving safepoint region
[2022-06-13T02:54:53.650+0000][1][safepoint    ] Total time for which application threads were stopped: 0.0007561 seconds, Stopping threads took: 0.0004520 seconds
[2022-06-13T02:54:53.652+0000][1][safepoint    ] Application time: 0.0020458 seconds
[2022-06-13T02:54:53.652+0000][1][safepoint    ] Entering safepoint region: RevokeBias
[2022-06-13T02:54:53.652+0000][1][safepoint    ] Leaving safepoint region
[2022-06-13T02:54:53.653+0000][1][safepoint    ] Total time for which application threads were stopped: 0.0005283 seconds, Stopping threads took: 0.0002955 seconds
[2022-06-13T02:54:53.653+0000][1][safepoint    ] Application time: 0.0001544 seconds
[2022-06-13T02:54:53.653+0000][1][safepoint    ] Entering safepoint region: RevokeBias
[2022-06-13T02:54:53.654+0000][1][safepoint    ] Leaving safepoint region
[2022-06-13T02:54:53.654+0000][1][safepoint    ] Total time for which application threads were stopped: 0.0006873 seconds, Stopping threads took: 0.0003046 seconds
[2022-06-13T02:54:53.736+0000][1][safepoint    ] Application time: 0.0813636 seconds
[2022-06-13T02:54:53.736+0000][1][safepoint    ] Entering safepoint region: RevokeBias
[2022-06-13T02:54:53.737+0000][1][safepoint    ] Leaving safepoint region
[2022-06-13T02:54:53.737+0000][1][safepoint    ] Total time for which application threads were stopped: 0.0006419 seconds, Stopping threads took: 0.0003690 seconds
[2022-06-13T02:54:53.738+0000][1][safepoint    ] Application time: 0.0002273 seconds
[2022-06-13T02:54:53.738+0000][1][safepoint    ] Entering safepoint region: RevokeBias
[2022-06-13T02:54:53.739+0000][1][safepoint    ] Leaving safepoint region
[2022-06-13T02:54:53.739+0000][1][safepoint    ] Total time for which application threads were stopped: 0.0009910 seconds, Stopping threads took: 0.0004934 seconds
[2022-06-13T02:54:53.743+0000][1][safepoint    ] Application time: 0.0035059 seconds
[2022-06-13T02:54:53.744+0000][1][safepoint    ] Entering safepoint region: RevokeBias
[2022-06-13T02:54:53.745+0000][1][safepoint    ] Leaving safepoint region
[2022-06-13T02:54:53.745+0000][1][safepoint    ] Total time for which application threads were stopped: 0.0008676 seconds, Stopping threads took: 0.0003331 seconds
[2022-06-13T02:54:53.747+0000][1][safepoint    ] Application time: 0.0017748 seconds
[2022-06-13T02:54:53.748+0000][1][safepoint    ] Entering safepoint region: RevokeBias
[2022-06-13T02:54:53.748+0000][1][safepoint    ] Leaving safepoint region
[2022-06-13T02:54:53.749+0000][1][safepoint    ] Total time for which application threads were stopped: 0.0007685 seconds, Stopping threads took: 0.0003968 seconds
[2022-06-13T02:54:53.754+0000][1][safepoint    ] Application time: 0.0049585 seconds
[2022-06-13T02:54:53.754+0000][1][safepoint    ] Entering safepoint region: RevokeBias
[2022-06-13T02:54:53.755+0000][1][safepoint    ] Leaving safepoint region
[2022-06-13T02:54:53.755+0000][1][safepoint    ] Total time for which application threads were stopped: 0.0010187 seconds, Stopping threads took: 0.0005303 seconds
[2022-06-13T02:54:53.756+0000][1][safepoint    ] Application time: 0.0003563 seconds
[2022-06-13T02:54:53.757+0000][1][safepoint    ] Entering safepoint region: RevokeBias
[2022-06-13T02:54:53.757+0000][1][safepoint    ] Leaving safepoint region
[2022-06-13T02:54:53.758+0000][1][safepoint    ] Total time for which application threads were stopped: 0.0008191 seconds, Stopping threads took: 0.0004605 seconds
[2022-06-13T02:54:53.765+0000][1][safepoint    ] Application time: 0.0070857 seconds
[2022-06-13T02:54:53.766+0000][1][safepoint    ] Entering safepoint region: RevokeBias
[2022-06-13T02:54:53.767+0000][1][safepoint    ] Leaving safepoint region
[2022-06-13T02:54:53.767+0000][1][safepoint    ] Total time for which application threads were stopped: 0.0013430 seconds, Stopping threads took: 0.0006042 seconds
[2022-06-13T02:54:53.770+0000][1][safepoint    ] Application time: 0.0022028 seconds
[2022-06-13T02:54:53.771+0000][1][safepoint    ] Entering safepoint region: RevokeBias
[2022-06-13T02:54:53.771+0000][1][safepoint    ] Leaving safepoint region
[2022-06-13T02:54:53.772+0000][1][safepoint    ] Total time for which application threads were stopped: 0.0009575 seconds, Stopping threads took: 0.0004292 seconds
[2022-06-13T02:54:53.772+0000][1][safepoint    ] Application time: 0.0002364 seconds
[2022-06-13T02:54:53.773+0000][1][safepoint    ] Entering safepoint region: RevokeBias
[2022-06-13T02:54:53.774+0000][1][safepoint    ] Leaving safepoint region
[2022-06-13T02:54:53.774+0000][1][safepoint    ] Total time for which application threads were stopped: 0.0012790 seconds, Stopping threads took: 0.0006321 seconds
[2022-06-13T02:54:53.775+0000][1][safepoint    ] Application time: 0.0001787 seconds
[2022-06-13T02:54:53.775+0000][1][safepoint    ] Entering safepoint region: RevokeBias
[2022-06-13T02:54:53.776+0000][1][safepoint    ] Leaving safepoint region
[2022-06-13T02:54:53.776+0000][1][safepoint    ] Total time for which application threads were stopped: 0.0011475 seconds, Stopping threads took: 0.0005705 seconds
[2022-06-13T02:54:53.777+0000][1][safepoint    ] Application time: 0.0002035 seconds
[2022-06-13T02:54:53.777+0000][1][safepoint    ] Entering safepoint region: RevokeBias
[2022-06-13T02:54:53.778+0000][1][safepoint    ] Leaving safepoint region
[2022-06-13T02:54:53.778+0000][1][safepoint    ] Total time for which application threads were stopped: 0.0008265 seconds, Stopping threads took: 0.0004471 seconds
[2022-06-13T02:54:53.778+0000][1][safepoint    ] Application time: 0.0000886 seconds
[2022-06-13T02:54:53.779+0000][1][safepoint    ] Entering safepoint region: RevokeBias
[2022-06-13T02:54:53.779+0000][1][safepoint    ] Leaving safepoint region
[2022-06-13T02:54:53.779+0000][1][safepoint    ] Total time for which application threads were stopped: 0.0006523 seconds, Stopping threads took: 0.0003628 seconds
[2022-06-13T02:54:53.780+0000][1][safepoint    ] Application time: 0.0001884 seconds
[2022-06-13T02:54:53.781+0000][1][safepoint    ] Entering safepoint region: RevokeBias
[2022-06-13T02:54:53.781+0000][1][safepoint    ] Leaving safepoint region
[2022-06-13T02:54:53.781+0000][1][safepoint    ] Total time for which application threads were stopped: 0.0007974 seconds, Stopping threads took: 0.0004277 seconds
[2022-06-13T02:54:53.782+0000][1][safepoint    ] Application time: 0.0002098 seconds
[2022-06-13T02:54:53.783+0000][1][safepoint    ] Entering safepoint region: RevokeBias
[2022-06-13T02:54:53.783+0000][1][safepoint    ] Leaving safepoint region
[2022-06-13T02:54:53.784+0000][1][safepoint    ] Total time for which application threads were stopped: 0.0010605 seconds, Stopping threads took: 0.0004681 seconds
[2022-06-13T02:54:53.784+0000][1][safepoint    ] Application time: 0.0001202 seconds
[2022-06-13T02:54:53.784+0000][1][safepoint    ] Entering safepoint region: RevokeBias
[2022-06-13T02:54:53.785+0000][1][safepoint    ] Leaving safepoint region
[2022-06-13T02:54:53.785+0000][1][safepoint    ] Total time for which application threads were stopped: 0.0008845 seconds, Stopping threads took: 0.0003178 seconds
[2022-06-13T02:54:53.796+0000][1][safepoint    ] Application time: 0.0105928 seconds
[2022-06-13T02:54:53.797+0000][1][safepoint    ] Entering safepoint region: RevokeBias
[2022-06-13T02:54:53.798+0000][1][safepoint    ] Leaving safepoint region
[2022-06-13T02:54:53.798+0000][1][safepoint    ] Total time for which application threads were stopped: 0.0010947 seconds, Stopping threads took: 0.0005568 seconds
[2022-06-13T02:54:53.810+0000][1][safepoint    ] Application time: 0.0115752 seconds
[2022-06-13T02:54:53.811+0000][1][safepoint    ] Entering safepoint region: RevokeBias
[2022-06-13T02:54:53.811+0000][1][safepoint    ] Leaving safepoint region
[2022-06-13T02:54:53.812+0000][1][safepoint    ] Total time for which application threads were stopped: 0.0008184 seconds, Stopping threads took: 0.0003684 seconds
[2022-06-13T02:54:53.937+0000][1][safepoint    ] Application time: 0.1250157 seconds
[2022-06-13T02:54:53.937+0000][1][safepoint    ] Entering safepoint region: RevokeBias
[2022-06-13T02:54:53.937+0000][1][safepoint    ] Leaving safepoint region
[2022-06-13T02:54:53.938+0000][1][safepoint    ] Total time for which application threads were stopped: 0.0003904 seconds, Stopping threads took: 0.0001618 seconds
[2022-06-13T02:54:53.940+0000][1][safepoint    ] Application time: 0.0025836 seconds
[2022-06-13T02:54:53.941+0000][1][safepoint    ] Entering safepoint region: RevokeBias
[2022-06-13T02:54:53.941+0000][1][safepoint    ] Leaving safepoint region
[2022-06-13T02:54:53.941+0000][1][safepoint    ] Total time for which application threads were stopped: 0.0004435 seconds, Stopping threads took: 0.0001957 seconds
[2022-06-13T02:54:53.945+0000][1][safepoint    ] Application time: 0.0038761 seconds
[2022-06-13T02:54:53.945+0000][1][safepoint    ] Entering safepoint region: RevokeBias
[2022-06-13T02:54:53.946+0000][1][safepoint    ] Leaving safepoint region
[2022-06-13T02:54:53.946+0000][1][safepoint    ] Total time for which application threads were stopped: 0.0003582 seconds, Stopping threads took: 0.0001610 seconds
[2022-06-13T02:54:53.949+0000][1][safepoint    ] Application time: 0.0029410 seconds
[2022-06-13T02:54:53.949+0000][1][safepoint    ] Entering safepoint region: RevokeBias
[2022-06-13T02:54:53.949+0000][1][safepoint    ] Leaving safepoint region
[2022-06-13T02:54:53.950+0000][1][safepoint    ] Total time for which application threads were stopped: 0.0004270 seconds, Stopping threads took: 0.0002086 seconds
[2022-06-13T02:54:53.950+0000][1][safepoint    ] Application time: 0.0000876 seconds
[2022-06-13T02:54:53.950+0000][1][safepoint    ] Entering safepoint region: RevokeBias
[2022-06-13T02:54:53.950+0000][1][safepoint    ] Leaving safepoint region
[2022-06-13T02:54:53.950+0000][1][safepoint    ] Total time for which application threads were stopped: 0.0003653 seconds, Stopping threads took: 0.0001477 seconds
[2022-06-13T02:54:53.952+0000][1][safepoint    ] Application time: 0.0011162 seconds
[2022-06-13T02:54:53.952+0000][1][safepoint    ] Entering safepoint region: RevokeBias
[2022-06-13T02:54:53.952+0000][1][safepoint    ] Leaving safepoint region
[2022-06-13T02:54:53.952+0000][1][safepoint    ] Total time for which application threads were stopped: 0.0003758 seconds, Stopping threads took: 0.0001690 seconds
[2022-06-13T02:54:53.953+0000][1][safepoint    ] Application time: 0.0002510 seconds
[2022-06-13T02:54:53.953+0000][1][safepoint    ] Entering safepoint region: RevokeBias
[2022-06-13T02:54:53.953+0000][1][safepoint    ] Leaving safepoint region
[2022-06-13T02:54:53.953+0000][1][safepoint    ] Total time for which application threads were stopped: 0.0003170 seconds, Stopping threads took: 0.0001366 seconds
[2022-06-13T02:54:53.953+0000][1][safepoint    ] Application time: 0.0000957 seconds
[2022-06-13T02:54:53.953+0000][1][safepoint    ] Entering safepoint region: RevokeBias
[2022-06-13T02:54:53.953+0000][1][safepoint    ] Leaving safepoint region
[2022-06-13T02:54:53.954+0000][1][safepoint    ] Total time for which application threads were stopped: 0.0003127 seconds, Stopping threads took: 0.0001335 seconds
[2022-06-13T02:54:53.962+0000][1][safepoint    ] Application time: 0.0081034 seconds
[2022-06-13T02:54:53.962+0000][1][safepoint    ] Entering safepoint region: RevokeBias
[2022-06-13T02:54:53.962+0000][1][safepoint    ] Leaving safepoint region
[2022-06-13T02:54:53.963+0000][1][safepoint    ] Total time for which application threads were stopped: 0.0004081 seconds, Stopping threads took: 0.0001640 seconds
[2022-06-13T02:54:53.963+0000][1][safepoint    ] Application time: 0.0002814 seconds
[2022-06-13T02:54:53.963+0000][1][safepoint    ] Entering safepoint region: RevokeBias
[2022-06-13T02:54:53.964+0000][1][safepoint    ] Leaving safepoint region
[2022-06-13T02:54:53.964+0000][1][safepoint    ] Total time for which application threads were stopped: 0.0004992 seconds, Stopping threads took: 0.0003344 seconds
[2022-06-13T02:54:53.964+0000][1][safepoint    ] Application time: 0.0001109 seconds
[2022-06-13T02:54:53.964+0000][1][safepoint    ] Entering safepoint region: RevokeBias
[2022-06-13T02:54:53.964+0000][1][safepoint    ] Leaving safepoint region
[2022-06-13T02:54:53.964+0000][1][safepoint    ] Total time for which application threads were stopped: 0.0002572 seconds, Stopping threads took: 0.0001097 seconds
[2022-06-13T02:54:53.965+0000][1][safepoint    ] Application time: 0.0004419 seconds
[2022-06-13T02:54:53.965+0000][1][safepoint    ] Entering safepoint region: RevokeBias
[2022-06-13T02:54:53.965+0000][1][safepoint    ] Leaving safepoint region
[2022-06-13T02:54:53.965+0000][1][safepoint    ] Total time for which application threads were stopped: 0.0003522 seconds, Stopping threads took: 0.0002022 seconds
[2022-06-13T02:54:53.966+0000][1][safepoint    ] Application time: 0.0004123 seconds
[2022-06-13T02:54:53.966+0000][1][safepoint    ] Entering safepoint region: RevokeBias
[2022-06-13T02:54:53.966+0000][1][safepoint    ] Leaving safepoint region
[2022-06-13T02:54:53.966+0000][1][safepoint    ] Total time for which application threads were stopped: 0.0003563 seconds, Stopping threads took: 0.0001884 seconds
[2022-06-13T02:54:53.967+0000][1][safepoint    ] Application time: 0.0001505 seconds
[2022-06-13T02:54:53.967+0000][1][safepoint    ] Entering safepoint region: RevokeBias
[2022-06-13T02:54:53.967+0000][1][safepoint    ] Leaving safepoint region
[2022-06-13T02:54:53.967+0000][1][safepoint    ] Total time for which application threads were stopped: 0.0003955 seconds, Stopping threads took: 0.0001814 seconds
[2022-06-13T02:54:53.967+0000][1][safepoint    ] Application time: 0.0001228 seconds
[2022-06-13T02:54:53.968+0000][1][safepoint    ] Entering safepoint region: RevokeBias
[2022-06-13T02:54:53.968+0000][1][safepoint    ] Leaving safepoint region
[2022-06-13T02:54:53.968+0000][1][safepoint    ] Total time for which application threads were stopped: 0.0004170 seconds, Stopping threads took: 0.0002108 seconds
[2022-06-13T02:54:53.968+0000][1][safepoint    ] Application time: 0.0003318 seconds
[2022-06-13T02:54:53.969+0000][1][safepoint    ] Entering safepoint region: RevokeBias
[2022-06-13T02:54:53.970+0000][1][safepoint    ] Leaving safepoint region
[2022-06-13T02:54:53.970+0000][1][safepoint    ] Total time for which application threads were stopped: 0.0004303 seconds, Stopping threads took: 0.0002313 seconds
[2022-06-13T02:54:53.974+0000][1][safepoint    ] Application time: 0.0037941 seconds
[2022-06-13T02:54:53.974+0000][1][safepoint    ] Entering safepoint region: RevokeBias
[2022-06-13T02:54:53.975+0000][1][safepoint    ] Leaving safepoint region
[2022-06-13T02:54:53.975+0000][1][safepoint    ] Total time for which application threads were stopped: 0.0005788 seconds, Stopping threads took: 0.0003153 seconds
[2022-06-13T02:54:53.978+0000][1][safepoint    ] Application time: 0.0031808 seconds
[2022-06-13T02:54:53.979+0000][1][safepoint    ] Entering safepoint region: RevokeBias
[2022-06-13T02:54:53.979+0000][1][safepoint    ] Leaving safepoint region
[2022-06-13T02:54:53.979+0000][1][safepoint    ] Total time for which application threads were stopped: 0.0003567 seconds, Stopping threads took: 0.0001697 seconds
[2022-06-13T02:54:53.979+0000][1][safepoint    ] Application time: 0.0001526 seconds
[2022-06-13T02:54:53.979+0000][1][safepoint    ] Entering safepoint region: RevokeBias
[2022-06-13T02:54:53.980+0000][1][safepoint    ] Leaving safepoint region
[2022-06-13T02:54:53.980+0000][1][safepoint    ] Total time for which application threads were stopped: 0.0003525 seconds, Stopping threads took: 0.0001675 seconds
[2022-06-13T02:54:53.980+0000][1][safepoint    ] Application time: 0.0001522 seconds
[2022-06-13T02:54:53.980+0000][1][safepoint    ] Entering safepoint region: RevokeBias
[2022-06-13T02:54:53.981+0000][1][safepoint    ] Leaving safepoint region
[2022-06-13T02:54:53.981+0000][1][safepoint    ] Total time for which application threads were stopped: 0.0003726 seconds, Stopping threads took: 0.0001712 seconds
[2022-06-13T02:54:53.982+0000][1][safepoint    ] Application time: 0.0006049 seconds
[2022-06-13T02:54:53.982+0000][1][safepoint    ] Entering safepoint region: RevokeBias
[2022-06-13T02:54:53.982+0000][1][safepoint    ] Leaving safepoint region
[2022-06-13T02:54:53.982+0000][1][safepoint    ] Total time for which application threads were stopped: 0.0003586 seconds, Stopping threads took: 0.0001290 seconds
[2022-06-13T02:54:53.982+0000][1][safepoint    ] Application time: 0.0001448 seconds
[2022-06-13T02:54:53.983+0000][1][safepoint    ] Entering safepoint region: RevokeBias
[2022-06-13T02:54:53.983+0000][1][safepoint    ] Leaving safepoint region
[2022-06-13T02:54:53.983+0000][1][safepoint    ] Total time for which application threads were stopped: 0.0002871 seconds, Stopping threads took: 0.0001231 seconds
[2022-06-13T02:54:54.363+0000][1][safepoint    ] Application time: 0.3799475 seconds
[2022-06-13T02:54:54.363+0000][1][safepoint    ] Entering safepoint region: RevokeBias
[2022-06-13T02:54:54.364+0000][1][safepoint    ] Leaving safepoint region
[2022-06-13T02:54:54.364+0000][1][safepoint    ] Total time for which application threads were stopped: 0.0006489 seconds, Stopping threads took: 0.0003105 seconds
[2022-06-13T02:54:54.365+0000][1][safepoint    ] Application time: 0.0002823 seconds
[2022-06-13T02:54:54.365+0000][1][safepoint    ] Entering safepoint region: RevokeBias
[2022-06-13T02:54:54.365+0000][1][safepoint    ] Leaving safepoint region
[2022-06-13T02:54:54.366+0000][1][safepoint    ] Total time for which application threads were stopped: 0.0006735 seconds, Stopping threads took: 0.0003356 seconds
[2022-06-13T02:54:54.366+0000][1][safepoint    ] Application time: 0.0002003 seconds
[2022-06-13T02:54:54.367+0000][1][safepoint    ] Entering safepoint region: RevokeBias
[2022-06-13T02:54:54.367+0000][1][safepoint    ] Leaving safepoint region
[2022-06-13T02:54:54.367+0000][1][safepoint    ] Total time for which application threads were stopped: 0.0005341 seconds, Stopping threads took: 0.0002569 seconds
[2022-06-13T02:54:54.368+0000][1][safepoint    ] Application time: 0.0002374 seconds
[2022-06-13T02:54:54.368+0000][1][safepoint    ] Entering safepoint region: RevokeBias
[2022-06-13T02:54:54.368+0000][1][safepoint    ] Leaving safepoint region
[2022-06-13T02:54:54.369+0000][1][safepoint    ] Total time for which application threads were stopped: 0.0007048 seconds, Stopping threads took: 0.0003337 seconds
[2022-06-13T02:54:54.369+0000][1][safepoint    ] Application time: 0.0002525 seconds
[2022-06-13T02:54:54.370+0000][1][safepoint    ] Entering safepoint region: RevokeBias
[2022-06-13T02:54:54.370+0000][1][safepoint    ] Leaving safepoint region
[2022-06-13T02:54:54.370+0000][1][safepoint    ] Total time for which application threads were stopped: 0.0005755 seconds, Stopping threads took: 0.0002557 seconds
[2022-06-13T02:54:54.371+0000][1][safepoint    ] Application time: 0.0001544 seconds
[2022-06-13T02:54:54.371+0000][1][safepoint    ] Entering safepoint region: RevokeBias
[2022-06-13T02:54:54.371+0000][1][safepoint    ] Leaving safepoint region
[2022-06-13T02:54:54.371+0000][1][safepoint    ] Total time for which application threads were stopped: 0.0003916 seconds, Stopping threads took: 0.0002018 seconds
[2022-06-13T02:54:54.372+0000][1][safepoint    ] Application time: 0.0001865 seconds
[2022-06-13T02:54:54.372+0000][1][safepoint    ] Entering safepoint region: RevokeBias
[2022-06-13T02:54:54.372+0000][1][safepoint    ] Leaving safepoint region
[2022-06-13T02:54:54.372+0000][1][safepoint    ] Total time for which application threads were stopped: 0.0004548 seconds, Stopping threads took: 0.0002584 seconds
[2022-06-13T02:54:54.373+0000][1][safepoint    ] Application time: 0.0002042 seconds
[2022-06-13T02:54:54.373+0000][1][safepoint    ] Entering safepoint region: RevokeBias
[2022-06-13T02:54:54.373+0000][1][safepoint    ] Leaving safepoint region
[2022-06-13T02:54:54.374+0000][1][safepoint    ] Total time for which application threads were stopped: 0.0005169 seconds, Stopping threads took: 0.0003109 seconds
[2022-06-13T02:54:55.183+0000][1][safepoint    ] Application time: 0.8095728 seconds
[2022-06-13T02:54:55.184+0000][1][safepoint    ] Entering safepoint region: RevokeBias
[2022-06-13T02:54:55.184+0000][1][safepoint    ] Leaving safepoint region
[2022-06-13T02:54:55.185+0000][1][safepoint    ] Total time for which application threads were stopped: 0.0008738 seconds, Stopping threads took: 0.0003770 seconds
[2022-06-13T02:54:56.185+0000][1][safepoint    ] Application time: 1.0001960 seconds
[2022-06-13T02:54:56.186+0000][1][safepoint    ] Entering safepoint region: Cleanup
[2022-06-13T02:54:56.186+0000][1][safepoint    ] Leaving safepoint region
[2022-06-13T02:54:56.187+0000][1][safepoint    ] Total time for which application threads were stopped: 0.0010190 seconds, Stopping threads took: 0.0005806 seconds
[2022-06-13T02:54:59.188+0000][1][safepoint    ] Application time: 3.0006381 seconds
[2022-06-13T02:54:59.188+0000][1][safepoint    ] Entering safepoint region: Cleanup
[2022-06-13T02:54:59.189+0000][1][safepoint    ] Leaving safepoint region
[2022-06-13T02:54:59.189+0000][1][safepoint    ] Total time for which application threads were stopped: 0.0010612 seconds, Stopping threads took: 0.0005785 seconds
[2022-06-13T02:55:02.126+0000][1][safepoint    ] Application time: 2.9366469 seconds
[2022-06-13T02:55:02.127+0000][1][safepoint    ] Entering safepoint region: RevokeBias
[2022-06-13T02:55:02.127+0000][1][safepoint    ] Leaving safepoint region
[2022-06-13T02:55:02.128+0000][1][safepoint    ] Total time for which application threads were stopped: 0.0011277 seconds, Stopping threads took: 0.0005364 seconds
[2022-06-13T02:55:02.129+0000][1][safepoint    ] Application time: 0.0003370 seconds
[2022-06-13T02:55:02.129+0000][1][safepoint    ] Entering safepoint region: RevokeBias
[2022-06-13T02:55:02.130+0000][1][safepoint    ] Leaving safepoint region
[2022-06-13T02:55:02.131+0000][1][safepoint    ] Total time for which application threads were stopped: 0.0013038 seconds, Stopping threads took: 0.0006071 seconds
[2022-06-13T02:55:04.132+0000][1][safepoint    ] Application time: 2.0004068 seconds
[2022-06-13T02:55:04.132+0000][1][safepoint    ] Entering safepoint region: Cleanup
[2022-06-13T02:55:04.132+0000][1][safepoint    ] Leaving safepoint region
[2022-06-13T02:55:04.133+0000][1][safepoint    ] Total time for which application threads were stopped: 0.0006864 seconds, Stopping threads took: 0.0003306 seconds
[2022-06-13T02:55:09.134+0000][1][safepoint    ] Application time: 5.0009438 seconds
[2022-06-13T02:55:09.135+0000][1][safepoint    ] Entering safepoint region: Cleanup
[2022-06-13T02:55:09.135+0000][1][safepoint    ] Leaving safepoint region
[2022-06-13T02:55:09.135+0000][1][safepoint    ] Total time for which application threads were stopped: 0.0004268 seconds, Stopping threads took: 0.0002426 seconds
[2022-06-13T02:55:13.136+0000][1][safepoint    ] Application time: 4.0007265 seconds
[2022-06-13T02:55:13.136+0000][1][safepoint    ] Entering safepoint region: Cleanup
[2022-06-13T02:55:13.137+0000][1][safepoint    ] Leaving safepoint region
[2022-06-13T02:55:13.137+0000][1][safepoint    ] Total time for which application threads were stopped: 0.0011100 seconds, Stopping threads took: 0.0005002 seconds
[2022-06-13T02:55:15.138+0000][1][safepoint    ] Application time: 2.0002905 seconds
[2022-06-13T02:55:15.139+0000][1][safepoint    ] Entering safepoint region: Cleanup
[2022-06-13T02:55:15.139+0000][1][safepoint    ] Leaving safepoint region
[2022-06-13T02:55:15.140+0000][1][safepoint    ] Total time for which application threads were stopped: 0.0007720 seconds, Stopping threads took: 0.0003173 seconds
[2022-06-13T02:55:19.141+0000][1][safepoint    ] Application time: 4.0006949 seconds
[2022-06-13T02:55:19.141+0000][1][safepoint    ] Entering safepoint region: Cleanup
[2022-06-13T02:55:19.141+0000][1][safepoint    ] Leaving safepoint region
[2022-06-13T02:55:19.142+0000][1][safepoint    ] Total time for which application threads were stopped: 0.0006951 seconds, Stopping threads took: 0.0003929 seconds
[2022-06-13T02:55:24.143+0000][1][safepoint    ] Application time: 5.0011049 seconds
[2022-06-13T02:55:24.144+0000][1][safepoint    ] Entering safepoint region: Cleanup
[2022-06-13T02:55:24.144+0000][1][safepoint    ] Leaving safepoint region
[2022-06-13T02:55:24.145+0000][1][safepoint    ] Total time for which application threads were stopped: 0.0010018 seconds, Stopping threads took: 0.0004517 seconds
[2022-06-13T02:55:31.146+0000][1][safepoint    ] Application time: 7.0014262 seconds
[2022-06-13T02:55:31.147+0000][1][safepoint    ] Entering safepoint region: Cleanup
[2022-06-13T02:55:31.148+0000][1][safepoint    ] Leaving safepoint region
[2022-06-13T02:55:31.148+0000][1][safepoint    ] Total time for which application threads were stopped: 0.0010029 seconds, Stopping threads took: 0.0004613 seconds
[2022-06-13T02:55:34.149+0000][1][safepoint    ] Application time: 3.0004914 seconds
[2022-06-13T02:55:34.150+0000][1][safepoint    ] Entering safepoint region: Cleanup
[2022-06-13T02:55:34.150+0000][1][safepoint    ] Leaving safepoint region
[2022-06-13T02:55:34.150+0000][1][safepoint    ] Total time for which application threads were stopped: 0.0008112 seconds, Stopping threads took: 0.0003418 seconds
[2022-06-13T02:55:35.151+0000][1][safepoint    ] Application time: 1.0001211 seconds
[2022-06-13T02:55:35.151+0000][1][safepoint    ] Entering safepoint region: Cleanup
[2022-06-13T02:55:35.151+0000][1][safepoint    ] Leaving safepoint region
[2022-06-13T02:55:35.152+0000][1][safepoint    ] Total time for which application threads were stopped: 0.0007418 seconds, Stopping threads took: 0.0002564 seconds
[2022-06-13T02:55:48.155+0000][1][safepoint    ] Application time: 13.0031717 seconds
[2022-06-13T02:55:48.156+0000][1][safepoint    ] Entering safepoint region: RevokeBias
[2022-06-13T02:55:48.156+0000][1][safepoint    ] Leaving safepoint region
[2022-06-13T02:55:48.157+0000][1][safepoint    ] Total time for which application threads were stopped: 0.0007943 seconds, Stopping threads took: 0.0003848 seconds
[2022-06-13T02:55:51.157+0000][1][safepoint    ] Application time: 3.0004647 seconds
[2022-06-13T02:55:51.158+0000][1][safepoint    ] Entering safepoint region: Cleanup
[2022-06-13T02:55:51.158+0000][1][safepoint    ] Leaving safepoint region
[2022-06-13T02:55:51.159+0000][1][safepoint    ] Total time for which application threads were stopped: 0.0008862 seconds, Stopping threads took: 0.0004044 seconds
[2022-06-13T02:55:53.159+0000][1][safepoint    ] Application time: 2.0003177 seconds
[2022-06-13T02:55:53.160+0000][1][safepoint    ] Entering safepoint region: Cleanup
[2022-06-13T02:55:53.160+0000][1][safepoint    ] Leaving safepoint region
[2022-06-13T02:55:53.160+0000][1][safepoint    ] Total time for which application threads were stopped: 0.0006409 seconds, Stopping threads took: 0.0002481 seconds
[2022-06-13T02:55:54.161+0000][1][safepoint    ] Application time: 1.0002063 seconds
[2022-06-13T02:55:54.161+0000][1][safepoint    ] Entering safepoint region: Cleanup
[2022-06-13T02:55:54.162+0000][1][safepoint    ] Leaving safepoint region
[2022-06-13T02:55:54.162+0000][1][safepoint    ] Total time for which application threads were stopped: 0.0010028 seconds, Stopping threads took: 0.0004856 seconds
[2022-06-13T02:55:59.164+0000][1][safepoint    ] Application time: 5.0010591 seconds
[2022-06-13T02:55:59.165+0000][1][safepoint    ] Entering safepoint region: Cleanup
[2022-06-13T02:55:59.165+0000][1][safepoint    ] Leaving safepoint region
[2022-06-13T02:55:59.166+0000][1][safepoint    ] Total time for which application threads were stopped: 0.0010071 seconds, Stopping threads took: 0.0004375 seconds
[2022-06-13T02:56:02.167+0000][1][safepoint    ] Application time: 3.0006121 seconds
[2022-06-13T02:56:02.167+0000][1][safepoint    ] Entering safepoint region: Cleanup
[2022-06-13T02:56:02.168+0000][1][safepoint    ] Leaving safepoint region
[2022-06-13T02:56:02.168+0000][1][safepoint    ] Total time for which application threads were stopped: 0.0008346 seconds, Stopping threads took: 0.0004121 seconds
[2022-06-13T02:56:03.169+0000][1][safepoint    ] Application time: 1.0003794 seconds
[2022-06-13T02:56:03.170+0000][1][safepoint    ] Entering safepoint region: Cleanup
[2022-06-13T02:56:03.170+0000][1][safepoint    ] Leaving safepoint region
[2022-06-13T02:56:03.171+0000][1][safepoint    ] Total time for which application threads were stopped: 0.0009611 seconds, Stopping threads took: 0.0004276 seconds
[2022-06-13T02:56:04.172+0000][1][safepoint    ] Application time: 1.0003578 seconds
[2022-06-13T02:56:04.172+0000][1][safepoint    ] Entering safepoint region: Cleanup
[2022-06-13T02:56:04.173+0000][1][safepoint    ] Leaving safepoint region
[2022-06-13T02:56:04.173+0000][1][safepoint    ] Total time for which application threads were stopped: 0.0011213 seconds, Stopping threads took: 0.0005637 seconds
[2022-06-13T02:56:05.174+0000][1][safepoint    ] Application time: 1.0001481 seconds
[2022-06-13T02:56:05.174+0000][1][safepoint    ] Entering safepoint region: Cleanup
[2022-06-13T02:56:05.175+0000][1][safepoint    ] Leaving safepoint region
[2022-06-13T02:56:05.175+0000][1][safepoint    ] Total time for which application threads were stopped: 0.0008333 seconds, Stopping threads took: 0.0004270 seconds
[2022-06-13T02:56:07.176+0000][1][safepoint    ] Application time: 2.0003858 seconds
[2022-06-13T02:56:07.176+0000][1][safepoint    ] Entering safepoint region: Cleanup
[2022-06-13T02:56:07.176+0000][1][safepoint    ] Leaving safepoint region
[2022-06-13T02:56:07.177+0000][1][safepoint    ] Total time for which application threads were stopped: 0.0004201 seconds, Stopping threads took: 0.0001798 seconds
[2022-06-13T02:56:09.177+0000][1][safepoint    ] Application time: 2.0003499 seconds
[2022-06-13T02:56:09.178+0000][1][safepoint    ] Entering safepoint region: Cleanup
[2022-06-13T02:56:09.178+0000][1][safepoint    ] Leaving safepoint region
[2022-06-13T02:56:09.179+0000][1][safepoint    ] Total time for which application threads were stopped: 0.0008425 seconds, Stopping threads took: 0.0004535 seconds
[2022-06-13T02:56:14.180+0000][1][safepoint    ] Application time: 5.0010122 seconds
[2022-06-13T02:56:14.181+0000][1][safepoint    ] Entering safepoint region: Cleanup
[2022-06-13T02:56:14.181+0000][1][safepoint    ] Leaving safepoint region
[2022-06-13T02:56:14.182+0000][1][safepoint    ] Total time for which application threads were stopped: 0.0010047 seconds, Stopping threads took: 0.0005249 seconds
[2022-06-13T02:56:15.182+0000][1][safepoint    ] Application time: 1.0002463 seconds
[2022-06-13T02:56:15.183+0000][1][safepoint    ] Entering safepoint region: Cleanup
[2022-06-13T02:56:15.184+0000][1][safepoint    ] Leaving safepoint region
[2022-06-13T02:56:15.184+0000][1][safepoint    ] Total time for which application threads were stopped: 0.0009351 seconds, Stopping threads took: 0.0005316 seconds
[2022-06-13T02:56:23.423+0000][1][safepoint    ] Application time: 8.2390443 seconds
[2022-06-13T02:56:23.424+0000][1][safepoint    ] Entering safepoint region: GenCollectForAllocation
[2022-06-13T02:56:23.425+0000][1][gc,start     ] GC(22) Pause Young (Allocation Failure)
[2022-06-13T02:56:23.425+0000][1][gc,task      ] GC(22) Using 5 workers of 13 for evacuation
[2022-06-13T02:56:23.432+0000][1][gc,age       ] GC(22) Desired survivor size 4456448 bytes, new threshold 2 (max threshold 6)
[2022-06-13T02:56:23.433+0000][1][gc,age       ] GC(22) Age table with threshold 2 (max threshold 6)
[2022-06-13T02:56:23.433+0000][1][gc,age       ] GC(22) - age   1:    1557104 bytes,    1557104 total
[2022-06-13T02:56:23.434+0000][1][gc,age       ] GC(22) - age   2:    3691336 bytes,    5248440 total
[2022-06-13T02:56:23.434+0000][1][gc,heap      ] GC(22) ParNew: 77132K->7438K(78656K)
[2022-06-13T02:56:23.435+0000][1][gc,heap      ] GC(22) CMS: 62084K->63536K(174784K)
[2022-06-13T02:56:23.435+0000][1][gc,metaspace ] GC(22) Metaspace: 64783K->64783K(1107968K)
[2022-06-13T02:56:23.435+0000][1][gc           ] GC(22) Pause Young (Allocation Failure) 135M->69M(247M) 10.789ms
[2022-06-13T02:56:23.436+0000][1][gc,cpu       ] GC(22) User=0.03s Sys=0.00s Real=0.01s
[2022-06-13T02:56:23.436+0000][1][safepoint    ] Leaving safepoint region
[2022-06-13T02:56:23.436+0000][1][safepoint    ] Total time for which application threads were stopped: 0.0122397 seconds, Stopping threads took: 0.0006294 seconds
