[2022-06-13T01:45:20.403+0000][1][gc] Using Concurrent Mark Sweep
[2022-06-13T01:45:20.404+0000][1][gc,heap,coops] Heap address: 0x00000000f0000000, size: 256 MB, Compressed Oops mode: 32-bit
[2022-06-13T01:45:20.443+0000][1][safepoint    ] Entering safepoint region: EnableBiasedLocking
[2022-06-13T01:45:20.444+0000][1][safepoint    ] Leaving safepoint region
[2022-06-13T01:45:20.444+0000][1][safepoint    ] Total time for which application threads were stopped: 0.0007908 seconds, Stopping threads took: 0.0004489 seconds
[2022-06-13T01:45:20.448+0000][1][safepoint    ] Application time: 0.0029014 seconds
[2022-06-13T01:45:20.449+0000][1][safepoint    ] Entering safepoint region: RevokeBias
[2022-06-13T01:45:20.484+0000][1][safepoint    ] Leaving safepoint region
[2022-06-13T01:45:20.484+0000][1][safepoint    ] Total time for which application threads were stopped: 0.0355073 seconds, Stopping threads took: 0.0350169 seconds
[2022-06-13T01:45:20.492+0000][1][safepoint    ] Application time: 0.0078221 seconds
[2022-06-13T01:45:20.493+0000][1][safepoint    ] Entering safepoint region: Deoptimize
[2022-06-13T01:45:20.494+0000][1][safepoint    ] Leaving safepoint region
[2022-06-13T01:45:20.494+0000][1][safepoint    ] Total time for which application threads were stopped: 0.0011406 seconds, Stopping threads took: 0.0005400 seconds
[2022-06-13T01:45:20.564+0000][1][safepoint    ] Application time: 0.0690843 seconds
[2022-06-13T01:45:20.564+0000][1][safepoint    ] Entering safepoint region: RevokeBias
[2022-06-13T01:45:20.565+0000][1][safepoint    ] Leaving safepoint region
[2022-06-13T01:45:20.565+0000][1][safepoint    ] Total time for which application threads were stopped: 0.0011240 seconds, Stopping threads took: 0.0005096 seconds
[2022-06-13T01:45:20.597+0000][1][safepoint    ] Application time: 0.0310883 seconds
[2022-06-13T01:45:20.598+0000][1][safepoint    ] Entering safepoint region: Deoptimize
[2022-06-13T01:45:20.598+0000][1][safepoint    ] Leaving safepoint region
[2022-06-13T01:45:20.599+0000][1][safepoint    ] Total time for which application threads were stopped: 0.0009343 seconds, Stopping threads took: 0.0004435 seconds
[2022-06-13T01:45:20.889+0000][1][safepoint    ] Application time: 0.2896984 seconds
[2022-06-13T01:45:20.890+0000][1][safepoint    ] Entering safepoint region: Deoptimize
[2022-06-13T01:45:20.890+0000][1][safepoint    ] Leaving safepoint region
[2022-06-13T01:45:20.891+0000][1][safepoint    ] Total time for which application threads were stopped: 0.0013130 seconds, Stopping threads took: 0.0005318 seconds
[2022-06-13T01:45:20.907+0000][1][safepoint    ] Application time: 0.0157953 seconds
[2022-06-13T01:45:20.908+0000][1][safepoint    ] Entering safepoint region: Deoptimize
[2022-06-13T01:45:20.908+0000][1][safepoint    ] Leaving safepoint region
[2022-06-13T01:45:20.909+0000][1][safepoint    ] Total time for which application threads were stopped: 0.0011659 seconds, Stopping threads took: 0.0004703 seconds
[2022-06-13T01:45:20.951+0000][1][safepoint    ] Application time: 0.0412125 seconds
[2022-06-13T01:45:20.951+0000][1][safepoint    ] Entering safepoint region: Deoptimize
[2022-06-13T01:45:20.952+0000][1][safepoint    ] Leaving safepoint region
[2022-06-13T01:45:20.952+0000][1][safepoint    ] Total time for which application threads were stopped: 0.0009612 seconds, Stopping threads took: 0.0003714 seconds
[2022-06-13T01:45:20.965+0000][1][safepoint    ] Application time: 0.0126815 seconds
[2022-06-13T01:45:20.966+0000][1][safepoint    ] Entering safepoint region: Deoptimize
[2022-06-13T01:45:20.966+0000][1][safepoint    ] Leaving safepoint region
[2022-06-13T01:45:20.967+0000][1][safepoint    ] Total time for which application threads were stopped: 0.0013908 seconds, Stopping threads took: 0.0005748 seconds
[2022-06-13T01:45:21.333+0000][1][safepoint    ] Application time: 0.3656685 seconds
[2022-06-13T01:45:21.334+0000][1][safepoint    ] Entering safepoint region: Deoptimize
[2022-06-13T01:45:21.335+0000][1][safepoint    ] Leaving safepoint region
[2022-06-13T01:45:21.335+0000][1][safepoint    ] Total time for which application threads were stopped: 0.0014699 seconds, Stopping threads took: 0.0005999 seconds
[2022-06-13T01:45:21.524+0000][1][safepoint    ] Application time: 0.1883666 seconds
[2022-06-13T01:45:21.525+0000][1][safepoint    ] Entering safepoint region: RevokeBias
[2022-06-13T01:45:21.525+0000][1][safepoint    ] Leaving safepoint region
[2022-06-13T01:45:21.526+0000][1][safepoint    ] Total time for which application threads were stopped: 0.0010586 seconds, Stopping threads took: 0.0005070 seconds
[2022-06-13T01:45:21.628+0000][1][safepoint    ] Application time: 0.1016209 seconds
[2022-06-13T01:45:21.628+0000][1][safepoint    ] Entering safepoint region: Deoptimize
[2022-06-13T01:45:21.629+0000][1][safepoint    ] Leaving safepoint region
[2022-06-13T01:45:21.629+0000][1][safepoint    ] Total time for which application threads were stopped: 0.0011548 seconds, Stopping threads took: 0.0004036 seconds
[2022-06-13T01:45:21.726+0000][1][safepoint    ] Application time: 0.0960012 seconds
[2022-06-13T01:45:21.726+0000][1][safepoint    ] Entering safepoint region: Deoptimize
[2022-06-13T01:45:21.727+0000][1][safepoint    ] Leaving safepoint region
[2022-06-13T01:45:21.727+0000][1][safepoint    ] Total time for which application threads were stopped: 0.0008735 seconds, Stopping threads took: 0.0003366 seconds
[2022-06-13T01:45:21.728+0000][1][safepoint    ] Application time: 0.0002322 seconds
[2022-06-13T01:45:21.728+0000][1][safepoint    ] Entering safepoint region: Deoptimize
[2022-06-13T01:45:21.728+0000][1][safepoint    ] Leaving safepoint region
[2022-06-13T01:45:21.728+0000][1][safepoint    ] Total time for which application threads were stopped: 0.0005918 seconds, Stopping threads took: 0.0002002 seconds
[2022-06-13T01:45:21.755+0000][1][safepoint    ] Application time: 0.0265977 seconds
[2022-06-13T01:45:21.756+0000][1][safepoint    ] Entering safepoint region: Deoptimize
[2022-06-13T01:45:21.756+0000][1][safepoint    ] Leaving safepoint region
[2022-06-13T01:45:21.756+0000][1][safepoint    ] Total time for which application threads were stopped: 0.0005933 seconds, Stopping threads took: 0.0002456 seconds
[2022-06-13T01:45:21.763+0000][1][safepoint    ] Application time: 0.0066877 seconds
[2022-06-13T01:45:21.764+0000][1][safepoint    ] Entering safepoint region: RevokeBias
[2022-06-13T01:45:21.764+0000][1][safepoint    ] Leaving safepoint region
[2022-06-13T01:45:21.764+0000][1][safepoint    ] Total time for which application threads were stopped: 0.0004254 seconds, Stopping threads took: 0.0002463 seconds
[2022-06-13T01:45:21.764+0000][1][safepoint    ] Application time: 0.0002811 seconds
[2022-06-13T01:45:21.765+0000][1][safepoint    ] Entering safepoint region: RevokeBias
[2022-06-13T01:45:21.765+0000][1][safepoint    ] Leaving safepoint region
[2022-06-13T01:45:21.765+0000][1][safepoint    ] Total time for which application threads were stopped: 0.0003597 seconds, Stopping threads took: 0.0001956 seconds
[2022-06-13T01:45:21.765+0000][1][safepoint    ] Application time: 0.0002508 seconds
[2022-06-13T01:45:21.766+0000][1][safepoint    ] Entering safepoint region: RevokeBias
[2022-06-13T01:45:21.766+0000][1][safepoint    ] Leaving safepoint region
[2022-06-13T01:45:21.766+0000][1][safepoint    ] Total time for which application threads were stopped: 0.0005340 seconds, Stopping threads took: 0.0002581 seconds
[2022-06-13T01:45:21.766+0000][1][safepoint    ] Application time: 0.0001835 seconds
[2022-06-13T01:45:21.767+0000][1][safepoint    ] Entering safepoint region: RevokeBias
[2022-06-13T01:45:21.767+0000][1][safepoint    ] Leaving safepoint region
[2022-06-13T01:45:21.767+0000][1][safepoint    ] Total time for which application threads were stopped: 0.0006249 seconds, Stopping threads took: 0.0002660 seconds
[2022-06-13T01:45:21.768+0000][1][safepoint    ] Application time: 0.0002236 seconds
[2022-06-13T01:45:21.768+0000][1][safepoint    ] Entering safepoint region: RevokeBias
[2022-06-13T01:45:21.769+0000][1][safepoint    ] Leaving safepoint region
[2022-06-13T01:45:21.769+0000][1][safepoint    ] Total time for which application threads were stopped: 0.0007061 seconds, Stopping threads took: 0.0003626 seconds
[2022-06-13T01:45:21.770+0000][1][safepoint    ] Application time: 0.0003545 seconds
[2022-06-13T01:45:21.770+0000][1][safepoint    ] Entering safepoint region: RevokeBias
[2022-06-13T01:45:21.770+0000][1][safepoint    ] Leaving safepoint region
[2022-06-13T01:45:21.771+0000][1][safepoint    ] Total time for which application threads were stopped: 0.0005582 seconds, Stopping threads took: 0.0002959 seconds
[2022-06-13T01:45:21.776+0000][1][safepoint    ] Application time: 0.0055603 seconds
[2022-06-13T01:45:21.777+0000][1][safepoint    ] Entering safepoint region: Deoptimize
[2022-06-13T01:45:21.777+0000][1][safepoint    ] Leaving safepoint region
[2022-06-13T01:45:21.778+0000][1][safepoint    ] Total time for which application threads were stopped: 0.0011668 seconds, Stopping threads took: 0.0004399 seconds
[2022-06-13T01:45:21.868+0000][1][safepoint    ] Application time: 0.0900889 seconds
[2022-06-13T01:45:21.869+0000][1][safepoint    ] Entering safepoint region: GenCollectForAllocation
[2022-06-13T01:45:21.869+0000][1][gc,start     ] GC(0) Pause Young (Allocation Failure)
[2022-06-13T01:45:21.870+0000][1][gc,task      ] GC(0) Using 5 workers of 13 for evacuation
[2022-06-13T01:45:21.875+0000][1][gc,age       ] GC(0) Desired survivor size 4456448 bytes, new threshold 1 (max threshold 6)
[2022-06-13T01:45:21.875+0000][1][gc,age       ] GC(0) Age table with threshold 1 (max threshold 6)
[2022-06-13T01:45:21.876+0000][1][gc,age       ] GC(0) - age   1:    6417376 bytes,    6417376 total
[2022-06-13T01:45:21.876+0000][1][gc,heap      ] GC(0) ParNew: 69952K->6342K(78656K)
[2022-06-13T01:45:21.876+0000][1][gc,heap      ] GC(0) CMS: 0K->0K(174784K)
[2022-06-13T01:45:21.876+0000][1][gc,metaspace ] GC(0) Metaspace: 12524K->12524K(1060864K)
[2022-06-13T01:45:21.877+0000][1][gc           ] GC(0) Pause Young (Allocation Failure) 68M->6M(247M) 7.467ms
[2022-06-13T01:45:21.877+0000][1][gc,cpu       ] GC(0) User=0.04s Sys=0.00s Real=0.01s
[2022-06-13T01:45:21.877+0000][1][safepoint    ] Leaving safepoint region
[2022-06-13T01:45:21.877+0000][1][safepoint    ] Total time for which application threads were stopped: 0.0087456 seconds, Stopping threads took: 0.0003022 seconds
[2022-06-13T01:45:21.878+0000][1][safepoint    ] Application time: 0.0007080 seconds
[2022-06-13T01:45:21.879+0000][1][safepoint    ] Entering safepoint region: RevokeBias
[2022-06-13T01:45:21.879+0000][1][safepoint    ] Leaving safepoint region
[2022-06-13T01:45:21.879+0000][1][safepoint    ] Total time for which application threads were stopped: 0.0005035 seconds, Stopping threads took: 0.0002480 seconds
[2022-06-13T01:45:21.880+0000][1][safepoint    ] Application time: 0.0003522 seconds
[2022-06-13T01:45:21.880+0000][1][safepoint    ] Entering safepoint region: RevokeBias
[2022-06-13T01:45:21.880+0000][1][safepoint    ] Leaving safepoint region
[2022-06-13T01:45:21.881+0000][1][safepoint    ] Total time for which application threads were stopped: 0.0005054 seconds, Stopping threads took: 0.0002512 seconds
[2022-06-13T01:45:21.881+0000][1][safepoint    ] Application time: 0.0001500 seconds
[2022-06-13T01:45:21.881+0000][1][safepoint    ] Entering safepoint region: RevokeBias
[2022-06-13T01:45:21.882+0000][1][safepoint    ] Leaving safepoint region
[2022-06-13T01:45:21.882+0000][1][safepoint    ] Total time for which application threads were stopped: 0.0007085 seconds, Stopping threads took: 0.0004190 seconds
[2022-06-13T01:45:21.882+0000][1][safepoint    ] Application time: 0.0001091 seconds
[2022-06-13T01:45:21.882+0000][1][safepoint    ] Entering safepoint region: RevokeBias
[2022-06-13T01:45:21.882+0000][1][safepoint    ] Leaving safepoint region
[2022-06-13T01:45:21.883+0000][1][safepoint    ] Total time for which application threads were stopped: 0.0003442 seconds, Stopping threads took: 0.0001618 seconds
[2022-06-13T01:45:21.883+0000][1][safepoint    ] Application time: 0.0001268 seconds
[2022-06-13T01:45:21.883+0000][1][safepoint    ] Entering safepoint region: RevokeBias
[2022-06-13T01:45:21.883+0000][1][safepoint    ] Leaving safepoint region
[2022-06-13T01:45:21.883+0000][1][safepoint    ] Total time for which application threads were stopped: 0.0003392 seconds, Stopping threads took: 0.0001664 seconds
[2022-06-13T01:45:21.884+0000][1][safepoint    ] Application time: 0.0001161 seconds
[2022-06-13T01:45:21.884+0000][1][safepoint    ] Entering safepoint region: RevokeBias
[2022-06-13T01:45:21.884+0000][1][safepoint    ] Leaving safepoint region
[2022-06-13T01:45:21.884+0000][1][safepoint    ] Total time for which application threads were stopped: 0.0003632 seconds, Stopping threads took: 0.0001712 seconds
[2022-06-13T01:45:21.884+0000][1][safepoint    ] Application time: 0.0001251 seconds
[2022-06-13T01:45:21.885+0000][1][safepoint    ] Entering safepoint region: RevokeBias
[2022-06-13T01:45:21.885+0000][1][safepoint    ] Leaving safepoint region
[2022-06-13T01:45:21.885+0000][1][safepoint    ] Total time for which application threads were stopped: 0.0004254 seconds, Stopping threads took: 0.0002215 seconds
[2022-06-13T01:45:21.885+0000][1][safepoint    ] Application time: 0.0001129 seconds
[2022-06-13T01:45:21.886+0000][1][safepoint    ] Entering safepoint region: RevokeBias
[2022-06-13T01:45:21.886+0000][1][safepoint    ] Leaving safepoint region
[2022-06-13T01:45:21.886+0000][1][safepoint    ] Total time for which application threads were stopped: 0.0004094 seconds, Stopping threads took: 0.0002111 seconds
[2022-06-13T01:45:21.886+0000][1][safepoint    ] Application time: 0.0001273 seconds
[2022-06-13T01:45:21.886+0000][1][safepoint    ] Entering safepoint region: RevokeBias
[2022-06-13T01:45:21.887+0000][1][safepoint    ] Leaving safepoint region
[2022-06-13T01:45:21.887+0000][1][safepoint    ] Total time for which application threads were stopped: 0.0003861 seconds, Stopping threads took: 0.0001966 seconds
[2022-06-13T01:45:21.887+0000][1][safepoint    ] Application time: 0.0001111 seconds
[2022-06-13T01:45:21.887+0000][1][safepoint    ] Entering safepoint region: RevokeBias
[2022-06-13T01:45:21.888+0000][1][safepoint    ] Leaving safepoint region
[2022-06-13T01:45:21.888+0000][1][safepoint    ] Total time for which application threads were stopped: 0.0003594 seconds, Stopping threads took: 0.0001544 seconds
[2022-06-13T01:45:21.888+0000][1][safepoint    ] Application time: 0.0001168 seconds
[2022-06-13T01:45:21.888+0000][1][safepoint    ] Entering safepoint region: RevokeBias
[2022-06-13T01:45:21.888+0000][1][safepoint    ] Leaving safepoint region
[2022-06-13T01:45:21.888+0000][1][safepoint    ] Total time for which application threads were stopped: 0.0003508 seconds, Stopping threads took: 0.0001695 seconds
[2022-06-13T01:45:21.889+0000][1][safepoint    ] Application time: 0.0001368 seconds
[2022-06-13T01:45:21.889+0000][1][safepoint    ] Entering safepoint region: RevokeBias
[2022-06-13T01:45:21.890+0000][1][safepoint    ] Leaving safepoint region
[2022-06-13T01:45:21.890+0000][1][safepoint    ] Total time for which application threads were stopped: 0.0005706 seconds, Stopping threads took: 0.0003741 seconds
[2022-06-13T01:45:21.890+0000][1][safepoint    ] Application time: 0.0001345 seconds
[2022-06-13T01:45:21.890+0000][1][safepoint    ] Entering safepoint region: RevokeBias
[2022-06-13T01:45:21.890+0000][1][safepoint    ] Leaving safepoint region
[2022-06-13T01:45:21.891+0000][1][safepoint    ] Total time for which application threads were stopped: 0.0004160 seconds, Stopping threads took: 0.0002170 seconds
[2022-06-13T01:45:21.891+0000][1][safepoint    ] Application time: 0.0001215 seconds
[2022-06-13T01:45:21.891+0000][1][safepoint    ] Entering safepoint region: RevokeBias
[2022-06-13T01:45:21.891+0000][1][safepoint    ] Leaving safepoint region
[2022-06-13T01:45:21.891+0000][1][safepoint    ] Total time for which application threads were stopped: 0.0003094 seconds, Stopping threads took: 0.0001489 seconds
[2022-06-13T01:45:21.892+0000][1][safepoint    ] Application time: 0.0001290 seconds
[2022-06-13T01:45:21.892+0000][1][safepoint    ] Entering safepoint region: RevokeBias
[2022-06-13T01:45:21.892+0000][1][safepoint    ] Leaving safepoint region
[2022-06-13T01:45:21.893+0000][1][safepoint    ] Total time for which application threads were stopped: 0.0004838 seconds, Stopping threads took: 0.0002741 seconds
[2022-06-13T01:45:21.893+0000][1][safepoint    ] Application time: 0.0001794 seconds
[2022-06-13T01:45:21.893+0000][1][safepoint    ] Entering safepoint region: RevokeBias
[2022-06-13T01:45:21.894+0000][1][safepoint    ] Leaving safepoint region
[2022-06-13T01:45:21.894+0000][1][safepoint    ] Total time for which application threads were stopped: 0.0005012 seconds, Stopping threads took: 0.0002657 seconds
[2022-06-13T01:45:21.894+0000][1][safepoint    ] Application time: 0.0001204 seconds
[2022-06-13T01:45:21.894+0000][1][safepoint    ] Entering safepoint region: RevokeBias
[2022-06-13T01:45:21.895+0000][1][safepoint    ] Leaving safepoint region
[2022-06-13T01:45:21.895+0000][1][safepoint    ] Total time for which application threads were stopped: 0.0004139 seconds, Stopping threads took: 0.0002049 seconds
[2022-06-13T01:45:21.895+0000][1][safepoint    ] Application time: 0.0001259 seconds
[2022-06-13T01:45:21.895+0000][1][safepoint    ] Entering safepoint region: RevokeBias
[2022-06-13T01:45:21.895+0000][1][safepoint    ] Leaving safepoint region
[2022-06-13T01:45:21.896+0000][1][safepoint    ] Total time for which application threads were stopped: 0.0004716 seconds, Stopping threads took: 0.0002520 seconds
[2022-06-13T01:45:21.896+0000][1][safepoint    ] Application time: 0.0001849 seconds
[2022-06-13T01:45:21.896+0000][1][safepoint    ] Entering safepoint region: RevokeBias
[2022-06-13T01:45:21.896+0000][1][safepoint    ] Leaving safepoint region
[2022-06-13T01:45:21.896+0000][1][safepoint    ] Total time for which application threads were stopped: 0.0003284 seconds, Stopping threads took: 0.0001569 seconds
[2022-06-13T01:45:21.897+0000][1][safepoint    ] Application time: 0.0000942 seconds
[2022-06-13T01:45:21.897+0000][1][safepoint    ] Entering safepoint region: RevokeBias
[2022-06-13T01:45:21.897+0000][1][safepoint    ] Leaving safepoint region
[2022-06-13T01:45:21.897+0000][1][safepoint    ] Total time for which application threads were stopped: 0.0003824 seconds, Stopping threads took: 0.0002131 seconds
[2022-06-13T01:45:21.897+0000][1][safepoint    ] Application time: 0.0001193 seconds
[2022-06-13T01:45:21.898+0000][1][safepoint    ] Entering safepoint region: RevokeBias
[2022-06-13T01:45:21.898+0000][1][safepoint    ] Leaving safepoint region
[2022-06-13T01:45:21.898+0000][1][safepoint    ] Total time for which application threads were stopped: 0.0003564 seconds, Stopping threads took: 0.0001681 seconds
[2022-06-13T01:45:21.898+0000][1][safepoint    ] Application time: 0.0001063 seconds
[2022-06-13T01:45:21.899+0000][1][safepoint    ] Entering safepoint region: RevokeBias
[2022-06-13T01:45:21.899+0000][1][safepoint    ] Leaving safepoint region
[2022-06-13T01:45:21.899+0000][1][safepoint    ] Total time for which application threads were stopped: 0.0003218 seconds, Stopping threads took: 0.0001425 seconds
[2022-06-13T01:45:21.899+0000][1][safepoint    ] Application time: 0.0003632 seconds
[2022-06-13T01:45:21.900+0000][1][safepoint    ] Entering safepoint region: RevokeBias
[2022-06-13T01:45:21.900+0000][1][safepoint    ] Leaving safepoint region
[2022-06-13T01:45:21.900+0000][1][safepoint    ] Total time for which application threads were stopped: 0.0004111 seconds, Stopping threads took: 0.0002341 seconds
[2022-06-13T01:45:21.900+0000][1][safepoint    ] Application time: 0.0001115 seconds
[2022-06-13T01:45:21.900+0000][1][safepoint    ] Entering safepoint region: RevokeBias
[2022-06-13T01:45:21.901+0000][1][safepoint    ] Leaving safepoint region
[2022-06-13T01:45:21.901+0000][1][safepoint    ] Total time for which application threads were stopped: 0.0002416 seconds, Stopping threads took: 0.0001148 seconds
[2022-06-13T01:45:21.901+0000][1][safepoint    ] Application time: 0.0001117 seconds
[2022-06-13T01:45:21.901+0000][1][safepoint    ] Entering safepoint region: RevokeBias
[2022-06-13T01:45:21.901+0000][1][safepoint    ] Leaving safepoint region
[2022-06-13T01:45:21.901+0000][1][safepoint    ] Total time for which application threads were stopped: 0.0002564 seconds, Stopping threads took: 0.0001137 seconds
[2022-06-13T01:45:21.901+0000][1][safepoint    ] Application time: 0.0000842 seconds
[2022-06-13T01:45:21.902+0000][1][safepoint    ] Entering safepoint region: RevokeBias
[2022-06-13T01:45:21.902+0000][1][safepoint    ] Leaving safepoint region
[2022-06-13T01:45:21.902+0000][1][safepoint    ] Total time for which application threads were stopped: 0.0002339 seconds, Stopping threads took: 0.0001075 seconds
[2022-06-13T01:45:21.902+0000][1][safepoint    ] Application time: 0.0001536 seconds
[2022-06-13T01:45:21.902+0000][1][safepoint    ] Entering safepoint region: RevokeBias
[2022-06-13T01:45:21.902+0000][1][safepoint    ] Leaving safepoint region
[2022-06-13T01:45:21.903+0000][1][safepoint    ] Total time for which application threads were stopped: 0.0003521 seconds, Stopping threads took: 0.0001953 seconds
[2022-06-13T01:45:21.903+0000][1][safepoint    ] Application time: 0.0000891 seconds
[2022-06-13T01:45:21.903+0000][1][safepoint    ] Entering safepoint region: RevokeBias
[2022-06-13T01:45:21.903+0000][1][safepoint    ] Leaving safepoint region
[2022-06-13T01:45:21.903+0000][1][safepoint    ] Total time for which application threads were stopped: 0.0002670 seconds, Stopping threads took: 0.0001276 seconds
[2022-06-13T01:45:22.101+0000][1][safepoint    ] Application time: 0.1972870 seconds
[2022-06-13T01:45:22.101+0000][1][safepoint    ] Entering safepoint region: Deoptimize
[2022-06-13T01:45:22.102+0000][1][safepoint    ] Leaving safepoint region
[2022-06-13T01:45:22.103+0000][1][safepoint    ] Total time for which application threads were stopped: 0.0014640 seconds, Stopping threads took: 0.0005596 seconds
[2022-06-13T01:45:22.306+0000][1][safepoint    ] Application time: 0.2026569 seconds
[2022-06-13T01:45:22.307+0000][1][safepoint    ] Entering safepoint region: RevokeBias
[2022-06-13T01:45:22.307+0000][1][safepoint    ] Leaving safepoint region
[2022-06-13T01:45:22.308+0000][1][safepoint    ] Total time for which application threads were stopped: 0.0009765 seconds, Stopping threads took: 0.0004738 seconds
[2022-06-13T01:45:22.388+0000][1][safepoint    ] Application time: 0.0803586 seconds
[2022-06-13T01:45:22.389+0000][1][safepoint    ] Entering safepoint region: RevokeBias
[2022-06-13T01:45:22.390+0000][1][safepoint    ] Leaving safepoint region
[2022-06-13T01:45:22.390+0000][1][safepoint    ] Total time for which application threads were stopped: 0.0014000 seconds, Stopping threads took: 0.0007589 seconds
[2022-06-13T01:45:22.394+0000][1][safepoint    ] Application time: 0.0032549 seconds
[2022-06-13T01:45:22.395+0000][1][safepoint    ] Entering safepoint region: RevokeBias
[2022-06-13T01:45:22.396+0000][1][safepoint    ] Leaving safepoint region
[2022-06-13T01:45:22.396+0000][1][safepoint    ] Total time for which application threads were stopped: 0.0017688 seconds, Stopping threads took: 0.0008471 seconds
[2022-06-13T01:45:22.421+0000][1][safepoint    ] Application time: 0.0243291 seconds
[2022-06-13T01:45:22.422+0000][1][safepoint    ] Entering safepoint region: GenCollectForAllocation
[2022-06-13T01:45:22.422+0000][1][gc,start     ] GC(1) Pause Young (Allocation Failure)
[2022-06-13T01:45:22.423+0000][1][gc,task      ] GC(1) Using 5 workers of 13 for evacuation
[2022-06-13T01:45:22.443+0000][1][gc,age       ] GC(1) Desired survivor size 4456448 bytes, new threshold 6 (max threshold 6)
[2022-06-13T01:45:22.443+0000][1][gc,age       ] GC(1) Age table with threshold 6 (max threshold 6)
[2022-06-13T01:45:22.444+0000][1][gc,age       ] GC(1) - age   1:    2382080 bytes,    2382080 total
[2022-06-13T01:45:22.444+0000][1][gc,heap      ] GC(1) ParNew: 76294K->4580K(78656K)
[2022-06-13T01:45:22.445+0000][1][gc,heap      ] GC(1) CMS: 0K->6738K(174784K)
[2022-06-13T01:45:22.445+0000][1][gc,metaspace ] GC(1) Metaspace: 15031K->15031K(1062912K)
[2022-06-13T01:45:22.446+0000][1][gc           ] GC(1) Pause Young (Allocation Failure) 74M->11M(247M) 23.729ms
[2022-06-13T01:45:22.447+0000][1][gc,cpu       ] GC(1) User=0.09s Sys=0.00s Real=0.02s
[2022-06-13T01:45:22.447+0000][1][safepoint    ] Leaving safepoint region
[2022-06-13T01:45:22.448+0000][1][safepoint    ] Total time for which application threads were stopped: 0.0259893 seconds, Stopping threads took: 0.0005719 seconds
[2022-06-13T01:45:22.449+0000][1][safepoint    ] Application time: 0.0006233 seconds
[2022-06-13T01:45:22.449+0000][1][safepoint    ] Entering safepoint region: BulkRevokeBias
[2022-06-13T01:45:22.450+0000][1][safepoint    ] Leaving safepoint region
[2022-06-13T01:45:22.450+0000][1][safepoint    ] Total time for which application threads were stopped: 0.0009976 seconds, Stopping threads took: 0.0004435 seconds
[2022-06-13T01:45:22.451+0000][1][safepoint    ] Application time: 0.0002130 seconds
[2022-06-13T01:45:22.451+0000][1][safepoint    ] Entering safepoint region: RevokeBias
[2022-06-13T01:45:22.452+0000][1][safepoint    ] Leaving safepoint region
[2022-06-13T01:45:22.452+0000][1][safepoint    ] Total time for which application threads were stopped: 0.0009577 seconds, Stopping threads took: 0.0005544 seconds
[2022-06-13T01:45:22.453+0000][1][safepoint    ] Application time: 0.0002634 seconds
[2022-06-13T01:45:22.454+0000][1][safepoint    ] Entering safepoint region: RevokeBias
[2022-06-13T01:45:22.454+0000][1][safepoint    ] Leaving safepoint region
[2022-06-13T01:45:22.454+0000][1][safepoint    ] Total time for which application threads were stopped: 0.0009674 seconds, Stopping threads took: 0.0004503 seconds
[2022-06-13T01:45:22.455+0000][1][safepoint    ] Application time: 0.0001719 seconds
[2022-06-13T01:45:22.456+0000][1][safepoint    ] Entering safepoint region: RevokeBias
[2022-06-13T01:45:22.456+0000][1][safepoint    ] Leaving safepoint region
[2022-06-13T01:45:22.457+0000][1][safepoint    ] Total time for which application threads were stopped: 0.0011171 seconds, Stopping threads took: 0.0005308 seconds
[2022-06-13T01:45:22.458+0000][1][safepoint    ] Application time: 0.0002311 seconds
[2022-06-13T01:45:22.458+0000][1][safepoint    ] Entering safepoint region: RevokeBias
[2022-06-13T01:45:22.459+0000][1][safepoint    ] Leaving safepoint region
[2022-06-13T01:45:22.460+0000][1][safepoint    ] Total time for which application threads were stopped: 0.0017535 seconds, Stopping threads took: 0.0008606 seconds
[2022-06-13T01:45:22.461+0000][1][safepoint    ] Application time: 0.0001686 seconds
[2022-06-13T01:45:22.462+0000][1][safepoint    ] Entering safepoint region: RevokeBias
[2022-06-13T01:45:22.462+0000][1][safepoint    ] Leaving safepoint region
[2022-06-13T01:45:22.463+0000][1][safepoint    ] Total time for which application threads were stopped: 0.0012861 seconds, Stopping threads took: 0.0005932 seconds
[2022-06-13T01:45:22.464+0000][1][safepoint    ] Application time: 0.0005228 seconds
[2022-06-13T01:45:22.464+0000][1][safepoint    ] Entering safepoint region: RevokeBias
[2022-06-13T01:45:22.465+0000][1][safepoint    ] Leaving safepoint region
[2022-06-13T01:45:22.465+0000][1][safepoint    ] Total time for which application threads were stopped: 0.0011255 seconds, Stopping threads took: 0.0006187 seconds
[2022-06-13T01:45:22.466+0000][1][safepoint    ] Application time: 0.0002456 seconds
[2022-06-13T01:45:22.466+0000][1][safepoint    ] Entering safepoint region: RevokeBias
[2022-06-13T01:45:22.467+0000][1][safepoint    ] Leaving safepoint region
[2022-06-13T01:45:22.467+0000][1][safepoint    ] Total time for which application threads were stopped: 0.0009637 seconds, Stopping threads took: 0.0004641 seconds
[2022-06-13T01:45:22.468+0000][1][safepoint    ] Application time: 0.0002399 seconds
[2022-06-13T01:45:22.469+0000][1][safepoint    ] Entering safepoint region: BulkRevokeBias
[2022-06-13T01:45:22.469+0000][1][safepoint    ] Leaving safepoint region
[2022-06-13T01:45:22.470+0000][1][safepoint    ] Total time for which application threads were stopped: 0.0014085 seconds, Stopping threads took: 0.0008378 seconds
[2022-06-13T01:45:22.471+0000][1][safepoint    ] Application time: 0.0001788 seconds
[2022-06-13T01:45:22.471+0000][1][safepoint    ] Entering safepoint region: RevokeBias
[2022-06-13T01:45:22.472+0000][1][safepoint    ] Leaving safepoint region
[2022-06-13T01:45:22.472+0000][1][safepoint    ] Total time for which application threads were stopped: 0.0011438 seconds, Stopping threads took: 0.0006014 seconds
[2022-06-13T01:45:22.473+0000][1][safepoint    ] Application time: 0.0002489 seconds
[2022-06-13T01:45:22.473+0000][1][safepoint    ] Entering safepoint region: BulkRevokeBias
[2022-06-13T01:45:22.474+0000][1][safepoint    ] Leaving safepoint region
[2022-06-13T01:45:22.475+0000][1][safepoint    ] Total time for which application threads were stopped: 0.0012247 seconds, Stopping threads took: 0.0005121 seconds
[2022-06-13T01:45:22.607+0000][1][safepoint    ] Application time: 0.1316167 seconds
[2022-06-13T01:45:22.607+0000][1][safepoint    ] Entering safepoint region: GenCollectForAllocation
[2022-06-13T01:45:22.608+0000][1][gc,start     ] GC(2) Pause Young (Allocation Failure)
[2022-06-13T01:45:22.608+0000][1][gc,task      ] GC(2) Using 5 workers of 13 for evacuation
[2022-06-13T01:45:22.612+0000][1][gc,age       ] GC(2) Desired survivor size 4456448 bytes, new threshold 6 (max threshold 6)
[2022-06-13T01:45:22.612+0000][1][gc,age       ] GC(2) Age table with threshold 6 (max threshold 6)
[2022-06-13T01:45:22.613+0000][1][gc,age       ] GC(2) - age   1:    2780936 bytes,    2780936 total
[2022-06-13T01:45:22.613+0000][1][gc,age       ] GC(2) - age   2:    1157184 bytes,    3938120 total
[2022-06-13T01:45:22.614+0000][1][gc,heap      ] GC(2) ParNew: 74532K->5114K(78656K)
[2022-06-13T01:45:22.614+0000][1][gc,heap      ] GC(2) CMS: 6738K->6738K(174784K)
[2022-06-13T01:45:22.615+0000][1][gc,metaspace ] GC(2) Metaspace: 15169K->15169K(1062912K)
[2022-06-13T01:45:22.615+0000][1][gc           ] GC(2) Pause Young (Allocation Failure) 79M->11M(247M) 7.539ms
[2022-06-13T01:45:22.616+0000][1][gc,cpu       ] GC(2) User=0.04s Sys=0.00s Real=0.01s
[2022-06-13T01:45:22.616+0000][1][safepoint    ] Leaving safepoint region
[2022-06-13T01:45:22.617+0000][1][safepoint    ] Total time for which application threads were stopped: 0.0094702 seconds, Stopping threads took: 0.0002725 seconds
[2022-06-13T01:45:22.618+0000][1][safepoint    ] Application time: 0.0007929 seconds
[2022-06-13T01:45:22.619+0000][1][safepoint    ] Entering safepoint region: RevokeBias
[2022-06-13T01:45:22.619+0000][1][safepoint    ] Leaving safepoint region
[2022-06-13T01:45:22.620+0000][1][safepoint    ] Total time for which application threads were stopped: 0.0008999 seconds, Stopping threads took: 0.0003688 seconds
[2022-06-13T01:45:22.620+0000][1][safepoint    ] Application time: 0.0004268 seconds
[2022-06-13T01:45:22.621+0000][1][safepoint    ] Entering safepoint region: RevokeBias
[2022-06-13T01:45:22.622+0000][1][safepoint    ] Leaving safepoint region
[2022-06-13T01:45:22.622+0000][1][safepoint    ] Total time for which application threads were stopped: 0.0013385 seconds, Stopping threads took: 0.0006406 seconds
[2022-06-13T01:45:22.623+0000][1][safepoint    ] Application time: 0.0003508 seconds
[2022-06-13T01:45:22.624+0000][1][safepoint    ] Entering safepoint region: RevokeBias
[2022-06-13T01:45:22.625+0000][1][safepoint    ] Leaving safepoint region
[2022-06-13T01:45:22.625+0000][1][safepoint    ] Total time for which application threads were stopped: 0.0009632 seconds, Stopping threads took: 0.0006122 seconds
[2022-06-13T01:45:22.626+0000][1][safepoint    ] Application time: 0.0002022 seconds
[2022-06-13T01:45:22.626+0000][1][safepoint    ] Entering safepoint region: RevokeBias
[2022-06-13T01:45:22.626+0000][1][safepoint    ] Leaving safepoint region
[2022-06-13T01:45:22.627+0000][1][safepoint    ] Total time for which application threads were stopped: 0.0011454 seconds, Stopping threads took: 0.0005030 seconds
[2022-06-13T01:45:22.628+0000][1][safepoint    ] Application time: 0.0001589 seconds
[2022-06-13T01:45:22.628+0000][1][safepoint    ] Entering safepoint region: RevokeBias
[2022-06-13T01:45:22.629+0000][1][safepoint    ] Leaving safepoint region
[2022-06-13T01:45:22.629+0000][1][safepoint    ] Total time for which application threads were stopped: 0.0010865 seconds, Stopping threads took: 0.0005509 seconds
[2022-06-13T01:45:22.630+0000][1][safepoint    ] Application time: 0.0002518 seconds
[2022-06-13T01:45:22.630+0000][1][safepoint    ] Entering safepoint region: RevokeBias
[2022-06-13T01:45:22.631+0000][1][safepoint    ] Leaving safepoint region
[2022-06-13T01:45:22.631+0000][1][safepoint    ] Total time for which application threads were stopped: 0.0009378 seconds, Stopping threads took: 0.0004502 seconds
[2022-06-13T01:45:22.755+0000][1][safepoint    ] Application time: 0.1234180 seconds
[2022-06-13T01:45:22.756+0000][1][safepoint    ] Entering safepoint region: Deoptimize
[2022-06-13T01:45:22.757+0000][1][safepoint    ] Leaving safepoint region
[2022-06-13T01:45:22.758+0000][1][safepoint    ] Total time for which application threads were stopped: 0.0015081 seconds, Stopping threads took: 0.0005981 seconds
[2022-06-13T01:45:22.759+0000][1][safepoint    ] Application time: 0.0009782 seconds
[2022-06-13T01:45:22.760+0000][1][safepoint    ] Entering safepoint region: Deoptimize
[2022-06-13T01:45:22.761+0000][1][safepoint    ] Leaving safepoint region
[2022-06-13T01:45:22.762+0000][1][safepoint    ] Total time for which application threads were stopped: 0.0018301 seconds, Stopping threads took: 0.0007870 seconds
[2022-06-13T01:45:22.937+0000][1][safepoint    ] Application time: 0.1745569 seconds
[2022-06-13T01:45:22.938+0000][1][safepoint    ] Entering safepoint region: GenCollectForAllocation
[2022-06-13T01:45:22.938+0000][1][gc,start     ] GC(3) Pause Young (Allocation Failure)
[2022-06-13T01:45:22.938+0000][1][gc,task      ] GC(3) Using 5 workers of 13 for evacuation
[2022-06-13T01:45:22.942+0000][1][gc,age       ] GC(3) Desired survivor size 4456448 bytes, new threshold 3 (max threshold 6)
[2022-06-13T01:45:22.942+0000][1][gc,age       ] GC(3) Age table with threshold 3 (max threshold 6)
[2022-06-13T01:45:22.942+0000][1][gc,age       ] GC(3) - age   1:    3785360 bytes,    3785360 total
[2022-06-13T01:45:22.942+0000][1][gc,age       ] GC(3) - age   2:     318984 bytes,    4104344 total
[2022-06-13T01:45:22.942+0000][1][gc,age       ] GC(3) - age   3:    1154192 bytes,    5258536 total
[2022-06-13T01:45:22.943+0000][1][gc,heap      ] GC(3) ParNew: 75066K->6943K(78656K)
[2022-06-13T01:45:22.943+0000][1][gc,heap      ] GC(3) CMS: 6738K->6738K(174784K)
[2022-06-13T01:45:22.943+0000][1][gc,metaspace ] GC(3) Metaspace: 18663K->18663K(1067008K)
[2022-06-13T01:45:22.943+0000][1][gc           ] GC(3) Pause Young (Allocation Failure) 79M->13M(247M) 5.061ms
[2022-06-13T01:45:22.943+0000][1][gc,cpu       ] GC(3) User=0.04s Sys=0.00s Real=0.01s
[2022-06-13T01:45:22.944+0000][1][safepoint    ] Leaving safepoint region
[2022-06-13T01:45:22.944+0000][1][safepoint    ] Total time for which application threads were stopped: 0.0060716 seconds, Stopping threads took: 0.0001855 seconds
[2022-06-13T01:45:22.944+0000][1][safepoint    ] Application time: 0.0005414 seconds
[2022-06-13T01:45:22.945+0000][1][safepoint    ] Entering safepoint region: RevokeBias
[2022-06-13T01:45:22.945+0000][1][safepoint    ] Leaving safepoint region
[2022-06-13T01:45:22.945+0000][1][safepoint    ] Total time for which application threads were stopped: 0.0006962 seconds, Stopping threads took: 0.0004393 seconds
[2022-06-13T01:45:22.946+0000][1][safepoint    ] Application time: 0.0003587 seconds
[2022-06-13T01:45:22.947+0000][1][safepoint    ] Entering safepoint region: RevokeBias
[2022-06-13T01:45:22.947+0000][1][safepoint    ] Leaving safepoint region
[2022-06-13T01:45:22.947+0000][1][safepoint    ] Total time for which application threads were stopped: 0.0009616 seconds, Stopping threads took: 0.0007447 seconds
[2022-06-13T01:45:22.948+0000][1][safepoint    ] Application time: 0.0002578 seconds
[2022-06-13T01:45:22.948+0000][1][safepoint    ] Entering safepoint region: RevokeBias
[2022-06-13T01:45:22.948+0000][1][safepoint    ] Leaving safepoint region
[2022-06-13T01:45:22.948+0000][1][safepoint    ] Total time for which application threads were stopped: 0.0004799 seconds, Stopping threads took: 0.0002679 seconds
[2022-06-13T01:45:22.949+0000][1][safepoint    ] Application time: 0.0001022 seconds
[2022-06-13T01:45:22.949+0000][1][safepoint    ] Entering safepoint region: RevokeBias
[2022-06-13T01:45:22.949+0000][1][safepoint    ] Leaving safepoint region
[2022-06-13T01:45:22.949+0000][1][safepoint    ] Total time for which application threads were stopped: 0.0006262 seconds, Stopping threads took: 0.0002103 seconds
[2022-06-13T01:45:22.950+0000][1][safepoint    ] Application time: 0.0000874 seconds
[2022-06-13T01:45:22.950+0000][1][safepoint    ] Entering safepoint region: RevokeBias
[2022-06-13T01:45:22.950+0000][1][safepoint    ] Leaving safepoint region
[2022-06-13T01:45:22.950+0000][1][safepoint    ] Total time for which application threads were stopped: 0.0003874 seconds, Stopping threads took: 0.0002031 seconds
[2022-06-13T01:45:22.950+0000][1][safepoint    ] Application time: 0.0001129 seconds
[2022-06-13T01:45:22.951+0000][1][safepoint    ] Entering safepoint region: RevokeBias
[2022-06-13T01:45:22.951+0000][1][safepoint    ] Leaving safepoint region
[2022-06-13T01:45:22.951+0000][1][safepoint    ] Total time for which application threads were stopped: 0.0006172 seconds, Stopping threads took: 0.0004216 seconds
[2022-06-13T01:45:22.952+0000][1][safepoint    ] Application time: 0.0001220 seconds
[2022-06-13T01:45:22.952+0000][1][safepoint    ] Entering safepoint region: RevokeBias
[2022-06-13T01:45:22.952+0000][1][safepoint    ] Leaving safepoint region
[2022-06-13T01:45:22.952+0000][1][safepoint    ] Total time for which application threads were stopped: 0.0005972 seconds, Stopping threads took: 0.0003052 seconds
[2022-06-13T01:45:22.953+0000][1][safepoint    ] Application time: 0.0001154 seconds
[2022-06-13T01:45:22.953+0000][1][safepoint    ] Entering safepoint region: RevokeBias
[2022-06-13T01:45:22.953+0000][1][safepoint    ] Leaving safepoint region
[2022-06-13T01:45:22.953+0000][1][safepoint    ] Total time for which application threads were stopped: 0.0004769 seconds, Stopping threads took: 0.0002284 seconds
[2022-06-13T01:45:22.954+0000][1][safepoint    ] Application time: 0.0001113 seconds
[2022-06-13T01:45:22.954+0000][1][safepoint    ] Entering safepoint region: RevokeBias
[2022-06-13T01:45:22.954+0000][1][safepoint    ] Leaving safepoint region
[2022-06-13T01:45:22.954+0000][1][safepoint    ] Total time for which application threads were stopped: 0.0004628 seconds, Stopping threads took: 0.0002127 seconds
[2022-06-13T01:45:22.955+0000][1][safepoint    ] Application time: 0.0000948 seconds
[2022-06-13T01:45:22.955+0000][1][safepoint    ] Entering safepoint region: RevokeBias
[2022-06-13T01:45:22.955+0000][1][safepoint    ] Leaving safepoint region
[2022-06-13T01:45:22.956+0000][1][safepoint    ] Total time for which application threads were stopped: 0.0006200 seconds, Stopping threads took: 0.0003561 seconds
[2022-06-13T01:45:22.956+0000][1][safepoint    ] Application time: 0.0000818 seconds
[2022-06-13T01:45:22.957+0000][1][safepoint    ] Entering safepoint region: RevokeBias
[2022-06-13T01:45:22.957+0000][1][safepoint    ] Leaving safepoint region
[2022-06-13T01:45:22.957+0000][1][safepoint    ] Total time for which application threads were stopped: 0.0005131 seconds, Stopping threads took: 0.0002446 seconds
[2022-06-13T01:45:22.957+0000][1][safepoint    ] Application time: 0.0001502 seconds
[2022-06-13T01:45:22.958+0000][1][safepoint    ] Entering safepoint region: RevokeBias
[2022-06-13T01:45:22.958+0000][1][safepoint    ] Leaving safepoint region
[2022-06-13T01:45:22.958+0000][1][safepoint    ] Total time for which application threads were stopped: 0.0006724 seconds, Stopping threads took: 0.0002818 seconds
[2022-06-13T01:45:22.959+0000][1][safepoint    ] Application time: 0.0001116 seconds
[2022-06-13T01:45:22.959+0000][1][safepoint    ] Entering safepoint region: RevokeBias
[2022-06-13T01:45:22.959+0000][1][safepoint    ] Leaving safepoint region
[2022-06-13T01:45:22.960+0000][1][safepoint    ] Total time for which application threads were stopped: 0.0006894 seconds, Stopping threads took: 0.0002500 seconds
[2022-06-13T01:45:22.960+0000][1][safepoint    ] Application time: 0.0001532 seconds
[2022-06-13T01:45:22.960+0000][1][safepoint    ] Entering safepoint region: RevokeBias
[2022-06-13T01:45:22.961+0000][1][safepoint    ] Leaving safepoint region
[2022-06-13T01:45:22.961+0000][1][safepoint    ] Total time for which application threads were stopped: 0.0006086 seconds, Stopping threads took: 0.0002994 seconds
[2022-06-13T01:45:22.961+0000][1][safepoint    ] Application time: 0.0001103 seconds
[2022-06-13T01:45:22.962+0000][1][safepoint    ] Entering safepoint region: RevokeBias
[2022-06-13T01:45:22.962+0000][1][safepoint    ] Leaving safepoint region
[2022-06-13T01:45:22.962+0000][1][safepoint    ] Total time for which application threads were stopped: 0.0005635 seconds, Stopping threads took: 0.0002795 seconds
[2022-06-13T01:45:22.962+0000][1][safepoint    ] Application time: 0.0001208 seconds
[2022-06-13T01:45:22.963+0000][1][safepoint    ] Entering safepoint region: RevokeBias
[2022-06-13T01:45:22.963+0000][1][safepoint    ] Leaving safepoint region
[2022-06-13T01:45:22.963+0000][1][safepoint    ] Total time for which application threads were stopped: 0.0004324 seconds, Stopping threads took: 0.0002011 seconds
[2022-06-13T01:45:22.963+0000][1][safepoint    ] Application time: 0.0001011 seconds
[2022-06-13T01:45:22.964+0000][1][safepoint    ] Entering safepoint region: RevokeBias
[2022-06-13T01:45:22.964+0000][1][safepoint    ] Leaving safepoint region
[2022-06-13T01:45:22.964+0000][1][safepoint    ] Total time for which application threads were stopped: 0.0005560 seconds, Stopping threads took: 0.0002870 seconds
[2022-06-13T01:45:22.964+0000][1][safepoint    ] Application time: 0.0001608 seconds
[2022-06-13T01:45:22.965+0000][1][safepoint    ] Entering safepoint region: RevokeBias
[2022-06-13T01:45:22.965+0000][1][safepoint    ] Leaving safepoint region
[2022-06-13T01:45:22.965+0000][1][safepoint    ] Total time for which application threads were stopped: 0.0008341 seconds, Stopping threads took: 0.0002827 seconds
[2022-06-13T01:45:22.966+0000][1][safepoint    ] Application time: 0.0001310 seconds
[2022-06-13T01:45:22.966+0000][1][safepoint    ] Entering safepoint region: RevokeBias
[2022-06-13T01:45:22.966+0000][1][safepoint    ] Leaving safepoint region
[2022-06-13T01:45:22.967+0000][1][safepoint    ] Total time for which application threads were stopped: 0.0005546 seconds, Stopping threads took: 0.0002251 seconds
[2022-06-13T01:45:22.967+0000][1][safepoint    ] Application time: 0.0001287 seconds
[2022-06-13T01:45:22.967+0000][1][safepoint    ] Entering safepoint region: RevokeBias
[2022-06-13T01:45:22.968+0000][1][safepoint    ] Leaving safepoint region
[2022-06-13T01:45:22.968+0000][1][safepoint    ] Total time for which application threads were stopped: 0.0006784 seconds, Stopping threads took: 0.0003339 seconds
[2022-06-13T01:45:22.968+0000][1][safepoint    ] Application time: 0.0001115 seconds
[2022-06-13T01:45:22.968+0000][1][safepoint    ] Entering safepoint region: RevokeBias
[2022-06-13T01:45:22.969+0000][1][safepoint    ] Leaving safepoint region
[2022-06-13T01:45:22.969+0000][1][safepoint    ] Total time for which application threads were stopped: 0.0009547 seconds, Stopping threads took: 0.0004172 seconds
[2022-06-13T01:45:23.089+0000][1][safepoint    ] Application time: 0.1193857 seconds
[2022-06-13T01:45:23.090+0000][1][safepoint    ] Entering safepoint region: GenCollectForAllocation
[2022-06-13T01:45:23.090+0000][1][gc,start     ] GC(4) Pause Young (Allocation Failure)
[2022-06-13T01:45:23.090+0000][1][gc,task      ] GC(4) Using 5 workers of 13 for evacuation
[2022-06-13T01:45:23.096+0000][1][gc,age       ] GC(4) Desired survivor size 4456448 bytes, new threshold 2 (max threshold 6)
[2022-06-13T01:45:23.096+0000][1][gc,age       ] GC(4) Age table with threshold 2 (max threshold 6)
[2022-06-13T01:45:23.097+0000][1][gc,age       ] GC(4) - age   1:    1775656 bytes,    1775656 total
[2022-06-13T01:45:23.097+0000][1][gc,age       ] GC(4) - age   2:    3305832 bytes,    5081488 total
[2022-06-13T01:45:23.097+0000][1][gc,age       ] GC(4) - age   3:     318456 bytes,    5399944 total
[2022-06-13T01:45:23.098+0000][1][gc,heap      ] GC(4) ParNew: 76895K->7184K(78656K)
[2022-06-13T01:45:23.098+0000][1][gc,heap      ] GC(4) CMS: 6738K->7884K(174784K)
[2022-06-13T01:45:23.098+0000][1][gc,metaspace ] GC(4) Metaspace: 18854K->18854K(1067008K)
[2022-06-13T01:45:23.098+0000][1][gc           ] GC(4) Pause Young (Allocation Failure) 81M->14M(247M) 8.341ms
[2022-06-13T01:45:23.099+0000][1][gc,cpu       ] GC(4) User=0.04s Sys=0.01s Real=0.00s
[2022-06-13T01:45:23.099+0000][1][safepoint    ] Leaving safepoint region
[2022-06-13T01:45:23.100+0000][1][safepoint    ] Total time for which application threads were stopped: 0.0099142 seconds, Stopping threads took: 0.0003088 seconds
[2022-06-13T01:45:23.101+0000][1][safepoint    ] Application time: 0.0004234 seconds
[2022-06-13T01:45:23.101+0000][1][safepoint    ] Entering safepoint region: RevokeBias
[2022-06-13T01:45:23.101+0000][1][safepoint    ] Leaving safepoint region
[2022-06-13T01:45:23.102+0000][1][safepoint    ] Total time for which application threads were stopped: 0.0005703 seconds, Stopping threads took: 0.0002440 seconds
[2022-06-13T01:45:23.102+0000][1][safepoint    ] Application time: 0.0002596 seconds
[2022-06-13T01:45:23.102+0000][1][safepoint    ] Entering safepoint region: RevokeBias
[2022-06-13T01:45:23.103+0000][1][safepoint    ] Leaving safepoint region
[2022-06-13T01:45:23.103+0000][1][safepoint    ] Total time for which application threads were stopped: 0.0005202 seconds, Stopping threads took: 0.0002543 seconds
[2022-06-13T01:45:23.103+0000][1][safepoint    ] Application time: 0.0001618 seconds
[2022-06-13T01:45:23.104+0000][1][safepoint    ] Entering safepoint region: RevokeBias
[2022-06-13T01:45:23.104+0000][1][safepoint    ] Leaving safepoint region
[2022-06-13T01:45:23.104+0000][1][safepoint    ] Total time for which application threads were stopped: 0.0007666 seconds, Stopping threads took: 0.0003581 seconds
[2022-06-13T01:45:23.105+0000][1][safepoint    ] Application time: 0.0002896 seconds
[2022-06-13T01:45:23.106+0000][1][safepoint    ] Entering safepoint region: RevokeBias
[2022-06-13T01:45:23.106+0000][1][safepoint    ] Leaving safepoint region
[2022-06-13T01:45:23.107+0000][1][safepoint    ] Total time for which application threads were stopped: 0.0009464 seconds, Stopping threads took: 0.0004691 seconds
[2022-06-13T01:45:23.126+0000][1][safepoint    ] Application time: 0.0191389 seconds
[2022-06-13T01:45:23.127+0000][1][safepoint    ] Entering safepoint region: Deoptimize
[2022-06-13T01:45:23.128+0000][1][safepoint    ] Leaving safepoint region
[2022-06-13T01:45:23.128+0000][1][safepoint    ] Total time for which application threads were stopped: 0.0010615 seconds, Stopping threads took: 0.0003371 seconds
[2022-06-13T01:45:23.165+0000][1][safepoint    ] Application time: 0.0370157 seconds
[2022-06-13T01:45:23.166+0000][1][safepoint    ] Entering safepoint region: Deoptimize
[2022-06-13T01:45:23.166+0000][1][safepoint    ] Leaving safepoint region
[2022-06-13T01:45:23.167+0000][1][safepoint    ] Total time for which application threads were stopped: 0.0010252 seconds, Stopping threads took: 0.0002831 seconds
[2022-06-13T01:45:23.265+0000][1][safepoint    ] Application time: 0.0982537 seconds
[2022-06-13T01:45:23.266+0000][1][safepoint    ] Entering safepoint region: GenCollectForAllocation
[2022-06-13T01:45:23.266+0000][1][gc,start     ] GC(5) Pause Young (Allocation Failure)
[2022-06-13T01:45:23.267+0000][1][gc,task      ] GC(5) Using 5 workers of 13 for evacuation
[2022-06-13T01:45:23.272+0000][1][gc,age       ] GC(5) Desired survivor size 4456448 bytes, new threshold 6 (max threshold 6)
[2022-06-13T01:45:23.272+0000][1][gc,age       ] GC(5) Age table with threshold 6 (max threshold 6)
[2022-06-13T01:45:23.273+0000][1][gc,age       ] GC(5) - age   1:    2761288 bytes,    2761288 total
[2022-06-13T01:45:23.273+0000][1][gc,age       ] GC(5) - age   2:     445896 bytes,    3207184 total
[2022-06-13T01:45:23.273+0000][1][gc,heap      ] GC(5) ParNew: 77136K->6093K(78656K)
[2022-06-13T01:45:23.274+0000][1][gc,heap      ] GC(5) CMS: 7884K->11455K(174784K)
[2022-06-13T01:45:23.275+0000][1][gc,metaspace ] GC(5) Metaspace: 19202K->19202K(1067008K)
[2022-06-13T01:45:23.275+0000][1][gc           ] GC(5) Pause Young (Allocation Failure) 83M->17M(247M) 8.920ms
[2022-06-13T01:45:23.276+0000][1][gc,cpu       ] GC(5) User=0.05s Sys=0.00s Real=0.01s
[2022-06-13T01:45:23.276+0000][1][safepoint    ] Leaving safepoint region
[2022-06-13T01:45:23.277+0000][1][safepoint    ] Total time for which application threads were stopped: 0.0110456 seconds, Stopping threads took: 0.0005289 seconds
[2022-06-13T01:45:23.278+0000][1][safepoint    ] Application time: 0.0004357 seconds
[2022-06-13T01:45:23.278+0000][1][safepoint    ] Entering safepoint region: RevokeBias
[2022-06-13T01:45:23.279+0000][1][safepoint    ] Leaving safepoint region
[2022-06-13T01:45:23.279+0000][1][safepoint    ] Total time for which application threads were stopped: 0.0014959 seconds, Stopping threads took: 0.0008065 seconds
[2022-06-13T01:45:23.280+0000][1][safepoint    ] Application time: 0.0002765 seconds
[2022-06-13T01:45:23.281+0000][1][safepoint    ] Entering safepoint region: RevokeBias
[2022-06-13T01:45:23.281+0000][1][safepoint    ] Leaving safepoint region
[2022-06-13T01:45:23.282+0000][1][safepoint    ] Total time for which application threads were stopped: 0.0013932 seconds, Stopping threads took: 0.0006319 seconds
[2022-06-13T01:45:23.283+0000][1][safepoint    ] Application time: 0.0001780 seconds
[2022-06-13T01:45:23.283+0000][1][safepoint    ] Entering safepoint region: RevokeBias
[2022-06-13T01:45:23.284+0000][1][safepoint    ] Leaving safepoint region
[2022-06-13T01:45:23.285+0000][1][safepoint    ] Total time for which application threads were stopped: 0.0011161 seconds, Stopping threads took: 0.0005419 seconds
[2022-06-13T01:45:23.285+0000][1][safepoint    ] Application time: 0.0002187 seconds
[2022-06-13T01:45:23.286+0000][1][safepoint    ] Entering safepoint region: RevokeBias
[2022-06-13T01:45:23.286+0000][1][safepoint    ] Leaving safepoint region
[2022-06-13T01:45:23.287+0000][1][safepoint    ] Total time for which application threads were stopped: 0.0012546 seconds, Stopping threads took: 0.0006612 seconds
[2022-06-13T01:45:23.288+0000][1][safepoint    ] Application time: 0.0003120 seconds
[2022-06-13T01:45:23.288+0000][1][safepoint    ] Entering safepoint region: RevokeBias
[2022-06-13T01:45:23.289+0000][1][safepoint    ] Leaving safepoint region
[2022-06-13T01:45:23.289+0000][1][safepoint    ] Total time for which application threads were stopped: 0.0008789 seconds, Stopping threads took: 0.0005156 seconds
[2022-06-13T01:45:23.290+0000][1][safepoint    ] Application time: 0.0003570 seconds
[2022-06-13T01:45:23.290+0000][1][safepoint    ] Entering safepoint region: RevokeBias
[2022-06-13T01:45:23.291+0000][1][safepoint    ] Leaving safepoint region
[2022-06-13T01:45:23.291+0000][1][safepoint    ] Total time for which application threads were stopped: 0.0006948 seconds, Stopping threads took: 0.0002847 seconds
[2022-06-13T01:45:23.391+0000][1][safepoint    ] Application time: 0.0996297 seconds
[2022-06-13T01:45:23.391+0000][1][safepoint    ] Entering safepoint region: RevokeBias
[2022-06-13T01:45:23.392+0000][1][safepoint    ] Leaving safepoint region
[2022-06-13T01:45:23.392+0000][1][safepoint    ] Total time for which application threads were stopped: 0.0008843 seconds, Stopping threads took: 0.0005068 seconds
[2022-06-13T01:45:23.393+0000][1][safepoint    ] Application time: 0.0003414 seconds
[2022-06-13T01:45:23.393+0000][1][safepoint    ] Entering safepoint region: BulkRevokeBias
[2022-06-13T01:45:23.394+0000][1][safepoint    ] Leaving safepoint region
[2022-06-13T01:45:23.394+0000][1][safepoint    ] Total time for which application threads were stopped: 0.0008151 seconds, Stopping threads took: 0.0003717 seconds
[2022-06-13T01:45:23.424+0000][1][safepoint    ] Application time: 0.0294008 seconds
[2022-06-13T01:45:23.425+0000][1][safepoint    ] Entering safepoint region: GenCollectForAllocation
[2022-06-13T01:45:23.425+0000][1][gc,start     ] GC(6) Pause Young (Allocation Failure)
[2022-06-13T01:45:23.426+0000][1][gc,task      ] GC(6) Using 5 workers of 13 for evacuation
[2022-06-13T01:45:23.429+0000][1][gc,age       ] GC(6) Desired survivor size 4456448 bytes, new threshold 6 (max threshold 6)
[2022-06-13T01:45:23.429+0000][1][gc,age       ] GC(6) Age table with threshold 6 (max threshold 6)
[2022-06-13T01:45:23.430+0000][1][gc,age       ] GC(6) - age   1:    1698704 bytes,    1698704 total
[2022-06-13T01:45:23.430+0000][1][gc,age       ] GC(6) - age   2:    2195984 bytes,    3894688 total
[2022-06-13T01:45:23.431+0000][1][gc,age       ] GC(6) - age   3:     445896 bytes,    4340584 total
[2022-06-13T01:45:23.432+0000][1][gc,heap      ] GC(6) ParNew: 76045K->5293K(78656K)
[2022-06-13T01:45:23.432+0000][1][gc,heap      ] GC(6) CMS: 11455K->11455K(174784K)
[2022-06-13T01:45:23.433+0000][1][gc,metaspace ] GC(6) Metaspace: 19509K->19509K(1067008K)
[2022-06-13T01:45:23.433+0000][1][gc           ] GC(6) Pause Young (Allocation Failure) 85M->16M(247M) 7.731ms
[2022-06-13T01:45:23.433+0000][1][gc,cpu       ] GC(6) User=0.03s Sys=0.00s Real=0.01s
[2022-06-13T01:45:23.434+0000][1][safepoint    ] Leaving safepoint region
[2022-06-13T01:45:23.434+0000][1][safepoint    ] Total time for which application threads were stopped: 0.0094625 seconds, Stopping threads took: 0.0004922 seconds
[2022-06-13T01:45:23.435+0000][1][safepoint    ] Application time: 0.0007574 seconds
[2022-06-13T01:45:23.436+0000][1][safepoint    ] Entering safepoint region: BulkRevokeBias
[2022-06-13T01:45:23.436+0000][1][safepoint    ] Leaving safepoint region
[2022-06-13T01:45:23.437+0000][1][safepoint    ] Total time for which application threads were stopped: 0.0011614 seconds, Stopping threads took: 0.0006121 seconds
[2022-06-13T01:45:23.550+0000][1][safepoint    ] Application time: 0.1124072 seconds
[2022-06-13T01:45:23.551+0000][1][safepoint    ] Entering safepoint region: CollectForMetadataAllocation
[2022-06-13T01:45:23.551+0000][1][safepoint    ] Leaving safepoint region
[2022-06-13T01:45:23.552+0000][1][safepoint    ] Total time for which application threads were stopped: 0.0012290 seconds, Stopping threads took: 0.0004133 seconds
[2022-06-13T01:45:23.571+0000][1][safepoint    ] Application time: 0.0185871 seconds
[2022-06-13T01:45:23.571+0000][1][safepoint    ] Entering safepoint region: CollectForMetadataAllocation
[2022-06-13T01:45:23.572+0000][1][safepoint    ] Leaving safepoint region
[2022-06-13T01:45:23.572+0000][1][safepoint    ] Total time for which application threads were stopped: 0.0009770 seconds, Stopping threads took: 0.0004165 seconds
[2022-06-13T01:45:23.594+0000][1][safepoint    ] Application time: 0.0210612 seconds
[2022-06-13T01:45:23.594+0000][1][safepoint    ] Entering safepoint region: GenCollectForAllocation
[2022-06-13T01:45:23.595+0000][1][gc,start     ] GC(7) Pause Young (Allocation Failure)
[2022-06-13T01:45:23.595+0000][1][gc,task      ] GC(7) Using 5 workers of 13 for evacuation
[2022-06-13T01:45:23.597+0000][1][gc,age       ] GC(7) Desired survivor size 4456448 bytes, new threshold 4 (max threshold 6)
[2022-06-13T01:45:23.597+0000][1][gc,age       ] GC(7) Age table with threshold 4 (max threshold 6)
[2022-06-13T01:45:23.597+0000][1][gc,age       ] GC(7) - age   1:     716848 bytes,     716848 total
[2022-06-13T01:45:23.598+0000][1][gc,age       ] GC(7) - age   2:    1129496 bytes,    1846344 total
[2022-06-13T01:45:23.598+0000][1][gc,age       ] GC(7) - age   3:    2193976 bytes,    4040320 total
[2022-06-13T01:45:23.598+0000][1][gc,age       ] GC(7) - age   4:     445896 bytes,    4486216 total
[2022-06-13T01:45:23.599+0000][1][gc,heap      ] GC(7) ParNew: 75245K->5673K(78656K)
[2022-06-13T01:45:23.599+0000][1][gc,heap      ] GC(7) CMS: 11455K->11455K(174784K)
[2022-06-13T01:45:23.600+0000][1][gc,metaspace ] GC(7) Metaspace: 20397K->20397K(1069056K)
[2022-06-13T01:45:23.600+0000][1][gc           ] GC(7) Pause Young (Allocation Failure) 84M->16M(247M) 5.356ms
[2022-06-13T01:45:23.600+0000][1][gc,cpu       ] GC(7) User=0.02s Sys=0.01s Real=0.01s
[2022-06-13T01:45:23.600+0000][1][safepoint    ] Leaving safepoint region
[2022-06-13T01:45:23.600+0000][1][safepoint    ] Total time for which application threads were stopped: 0.0062334 seconds, Stopping threads took: 0.0003799 seconds
[2022-06-13T01:45:23.601+0000][1][safepoint    ] Application time: 0.0003047 seconds
[2022-06-13T01:45:23.601+0000][1][safepoint    ] Entering safepoint region: CMS_Initial_Mark
[2022-06-13T01:45:23.602+0000][1][gc,start     ] GC(8) Pause Initial Mark
[2022-06-13T01:45:23.602+0000][1][gc           ] GC(8) Pause Initial Mark 18M->18M(247M) 0.773ms
[2022-06-13T01:45:23.603+0000][1][gc,cpu       ] GC(8) User=0.00s Sys=0.00s Real=0.00s
[2022-06-13T01:45:23.603+0000][1][safepoint    ] Leaving safepoint region
[2022-06-13T01:45:23.603+0000][1][safepoint    ] Total time for which application threads were stopped: 0.0019340 seconds, Stopping threads took: 0.0002256 seconds
[2022-06-13T01:45:23.604+0000][1][gc           ] GC(8) Concurrent Mark
[2022-06-13T01:45:23.604+0000][1][gc,task      ] GC(8) Using 4 workers of 4 for marking
[2022-06-13T01:45:23.610+0000][1][gc           ] GC(8) Concurrent Mark 6.164ms
[2022-06-13T01:45:23.610+0000][1][gc,cpu       ] GC(8) User=0.04s Sys=0.00s Real=0.01s
[2022-06-13T01:45:23.611+0000][1][gc           ] GC(8) Concurrent Preclean
[2022-06-13T01:45:23.612+0000][1][gc           ] GC(8) Concurrent Preclean 0.940ms
[2022-06-13T01:45:23.612+0000][1][gc,cpu       ] GC(8) User=0.00s Sys=0.00s Real=0.00s
[2022-06-13T01:45:23.612+0000][1][safepoint    ] Application time: 0.0087175 seconds
[2022-06-13T01:45:23.613+0000][1][safepoint    ] Entering safepoint region: CMS_Final_Remark
[2022-06-13T01:45:23.613+0000][1][gc,start     ] GC(8) Pause Remark
[2022-06-13T01:45:23.620+0000][1][gc           ] GC(8) Pause Remark 18M->18M(247M) 7.038ms
[2022-06-13T01:45:23.621+0000][1][gc,cpu       ] GC(8) User=0.02s Sys=0.00s Real=0.01s
[2022-06-13T01:45:23.621+0000][1][safepoint    ] Leaving safepoint region
[2022-06-13T01:45:23.621+0000][1][safepoint    ] Total time for which application threads were stopped: 0.0085183 seconds, Stopping threads took: 0.0003817 seconds
[2022-06-13T01:45:23.622+0000][1][gc           ] GC(8) Concurrent Sweep
[2022-06-13T01:45:23.627+0000][1][gc           ] GC(8) Concurrent Sweep 5.681ms
[2022-06-13T01:45:23.628+0000][1][gc,cpu       ] GC(8) User=0.01s Sys=0.00s Real=0.00s
[2022-06-13T01:45:23.628+0000][1][gc           ] GC(8) Concurrent Reset
[2022-06-13T01:45:23.629+0000][1][gc           ] GC(8) Concurrent Reset 0.672ms
[2022-06-13T01:45:23.630+0000][1][gc,cpu       ] GC(8) User=0.02s Sys=0.00s Real=0.01s
[2022-06-13T01:45:23.630+0000][1][gc,heap      ] GC(8) Old: 11455K->11429K(174784K)
[2022-06-13T01:45:23.704+0000][1][safepoint    ] Application time: 0.0826313 seconds
[2022-06-13T01:45:23.705+0000][1][safepoint    ] Entering safepoint region: GenCollectForAllocation
[2022-06-13T01:45:23.706+0000][1][gc,start     ] GC(9) Pause Young (Allocation Failure)
[2022-06-13T01:45:23.706+0000][1][gc,task      ] GC(9) Using 5 workers of 13 for evacuation
[2022-06-13T01:45:23.710+0000][1][gc,age       ] GC(9) Desired survivor size 4456448 bytes, new threshold 4 (max threshold 6)
[2022-06-13T01:45:23.711+0000][1][gc,age       ] GC(9) Age table with threshold 4 (max threshold 6)
[2022-06-13T01:45:23.711+0000][1][gc,age       ] GC(9) - age   1:    1054592 bytes,    1054592 total
[2022-06-13T01:45:23.712+0000][1][gc,age       ] GC(9) - age   2:     690784 bytes,    1745376 total
[2022-06-13T01:45:23.712+0000][1][gc,age       ] GC(9) - age   3:    1129400 bytes,    2874776 total
[2022-06-13T01:45:23.713+0000][1][gc,age       ] GC(9) - age   4:    2192776 bytes,    5067552 total
[2022-06-13T01:45:23.713+0000][1][gc,heap      ] GC(9) ParNew: 75625K->6112K(78656K)
[2022-06-13T01:45:23.714+0000][1][gc,heap      ] GC(9) CMS: 11429K->11869K(174784K)
[2022-06-13T01:45:23.714+0000][1][gc,metaspace ] GC(9) Metaspace: 20565K->20565K(1069056K)
[2022-06-13T01:45:23.714+0000][1][gc           ] GC(9) Pause Young (Allocation Failure) 85M->17M(247M) 8.780ms
[2022-06-13T01:45:23.715+0000][1][gc,cpu       ] GC(9) User=0.03s Sys=0.01s Real=0.01s
[2022-06-13T01:45:23.715+0000][1][safepoint    ] Leaving safepoint region
[2022-06-13T01:45:23.716+0000][1][safepoint    ] Total time for which application threads were stopped: 0.0110171 seconds, Stopping threads took: 0.0004485 seconds
[2022-06-13T01:45:23.795+0000][1][safepoint    ] Application time: 0.0790840 seconds
[2022-06-13T01:45:23.796+0000][1][safepoint    ] Entering safepoint region: GenCollectForAllocation
[2022-06-13T01:45:23.797+0000][1][gc,start     ] GC(10) Pause Young (Allocation Failure)
[2022-06-13T01:45:23.797+0000][1][gc,task      ] GC(10) Using 5 workers of 13 for evacuation
[2022-06-13T01:45:23.802+0000][1][gc,age       ] GC(10) Desired survivor size 4456448 bytes, new threshold 6 (max threshold 6)
[2022-06-13T01:45:23.802+0000][1][gc,age       ] GC(10) Age table with threshold 6 (max threshold 6)
[2022-06-13T01:45:23.803+0000][1][gc,age       ] GC(10) - age   1:     598680 bytes,     598680 total
[2022-06-13T01:45:23.803+0000][1][gc,age       ] GC(10) - age   2:     304968 bytes,     903648 total
[2022-06-13T01:45:23.804+0000][1][gc,age       ] GC(10) - age   3:     690664 bytes,    1594312 total
[2022-06-13T01:45:23.804+0000][1][gc,age       ] GC(10) - age   4:    1129400 bytes,    2723712 total
[2022-06-13T01:45:23.805+0000][1][gc,heap      ] GC(10) ParNew: 76064K->5991K(78656K)
[2022-06-13T01:45:23.805+0000][1][gc,heap      ] GC(10) CMS: 11869K->14024K(174784K)
[2022-06-13T01:45:23.806+0000][1][gc,metaspace ] GC(10) Metaspace: 20668K->20668K(1069056K)
[2022-06-13T01:45:23.807+0000][1][gc           ] GC(10) Pause Young (Allocation Failure) 85M->19M(247M) 10.062ms
[2022-06-13T01:45:23.807+0000][1][gc,cpu       ] GC(10) User=0.06s Sys=0.00s Real=0.01s
[2022-06-13T01:45:23.808+0000][1][safepoint    ] Leaving safepoint region
[2022-06-13T01:45:23.809+0000][1][safepoint    ] Total time for which application threads were stopped: 0.0127151 seconds, Stopping threads took: 0.0005226 seconds
[2022-06-13T01:45:23.916+0000][1][safepoint    ] Application time: 0.1065940 seconds
[2022-06-13T01:45:23.917+0000][1][safepoint    ] Entering safepoint region: GenCollectForAllocation
[2022-06-13T01:45:23.917+0000][1][gc,start     ] GC(11) Pause Young (Allocation Failure)
[2022-06-13T01:45:23.918+0000][1][gc,task      ] GC(11) Using 5 workers of 13 for evacuation
[2022-06-13T01:45:23.922+0000][1][gc,age       ] GC(11) Desired survivor size 4456448 bytes, new threshold 6 (max threshold 6)
[2022-06-13T01:45:23.923+0000][1][gc,age       ] GC(11) Age table with threshold 6 (max threshold 6)
[2022-06-13T01:45:23.924+0000][1][gc,age       ] GC(11) - age   1:    2012864 bytes,    2012864 total
[2022-06-13T01:45:23.924+0000][1][gc,age       ] GC(11) - age   2:      99264 bytes,    2112128 total
[2022-06-13T01:45:23.925+0000][1][gc,age       ] GC(11) - age   3:     304968 bytes,    2417096 total
[2022-06-13T01:45:23.926+0000][1][gc,age       ] GC(11) - age   4:     690560 bytes,    3107656 total
[2022-06-13T01:45:23.926+0000][1][gc,age       ] GC(11) - age   5:    1129112 bytes,    4236768 total
[2022-06-13T01:45:23.927+0000][1][gc,heap      ] GC(11) ParNew: 75943K->5557K(78656K)
[2022-06-13T01:45:23.927+0000][1][gc,heap      ] GC(11) CMS: 14024K->14024K(174784K)
[2022-06-13T01:45:23.928+0000][1][gc,metaspace ] GC(11) Metaspace: 20730K->20730K(1069056K)
[2022-06-13T01:45:23.929+0000][1][gc           ] GC(11) Pause Young (Allocation Failure) 87M->19M(247M) 11.256ms
[2022-06-13T01:45:23.929+0000][1][gc,cpu       ] GC(11) User=0.08s Sys=0.00s Real=0.02s
[2022-06-13T01:45:23.930+0000][1][safepoint    ] Leaving safepoint region
[2022-06-13T01:45:23.931+0000][1][safepoint    ] Total time for which application threads were stopped: 0.0142765 seconds, Stopping threads took: 0.0005408 seconds
[2022-06-13T01:45:24.250+0000][1][safepoint    ] Application time: 0.3177546 seconds
[2022-06-13T01:45:24.250+0000][1][safepoint    ] Entering safepoint region: Deoptimize
[2022-06-13T01:45:24.251+0000][1][safepoint    ] Leaving safepoint region
[2022-06-13T01:45:24.251+0000][1][safepoint    ] Total time for which application threads were stopped: 0.0010552 seconds, Stopping threads took: 0.0002266 seconds
[2022-06-13T01:45:24.315+0000][1][safepoint    ] Application time: 0.0640835 seconds
[2022-06-13T01:45:24.316+0000][1][safepoint    ] Entering safepoint region: Deoptimize
[2022-06-13T01:45:24.317+0000][1][safepoint    ] Leaving safepoint region
[2022-06-13T01:45:24.317+0000][1][safepoint    ] Total time for which application threads were stopped: 0.0013383 seconds, Stopping threads took: 0.0005029 seconds
[2022-06-13T01:45:24.319+0000][1][safepoint    ] Application time: 0.0010506 seconds
[2022-06-13T01:45:24.319+0000][1][safepoint    ] Entering safepoint region: Deoptimize
[2022-06-13T01:45:24.320+0000][1][safepoint    ] Leaving safepoint region
[2022-06-13T01:45:24.320+0000][1][safepoint    ] Total time for which application threads were stopped: 0.0012823 seconds, Stopping threads took: 0.0004797 seconds
[2022-06-13T01:45:24.334+0000][1][safepoint    ] Application time: 0.0131392 seconds
[2022-06-13T01:45:24.334+0000][1][safepoint    ] Entering safepoint region: Deoptimize
[2022-06-13T01:45:24.335+0000][1][safepoint    ] Leaving safepoint region
[2022-06-13T01:45:24.336+0000][1][safepoint    ] Total time for which application threads were stopped: 0.0012803 seconds, Stopping threads took: 0.0004768 seconds
[2022-06-13T01:45:24.342+0000][1][safepoint    ] Application time: 0.0055915 seconds
[2022-06-13T01:45:24.342+0000][1][safepoint    ] Entering safepoint region: Deoptimize
[2022-06-13T01:45:24.343+0000][1][safepoint    ] Leaving safepoint region
[2022-06-13T01:45:24.343+0000][1][safepoint    ] Total time for which application threads were stopped: 0.0013664 seconds, Stopping threads took: 0.0004236 seconds
[2022-06-13T01:45:24.473+0000][1][safepoint    ] Application time: 0.1291947 seconds
[2022-06-13T01:45:24.474+0000][1][safepoint    ] Entering safepoint region: GenCollectForAllocation
[2022-06-13T01:45:24.474+0000][1][gc,start     ] GC(12) Pause Young (Allocation Failure)
[2022-06-13T01:45:24.475+0000][1][gc,task      ] GC(12) Using 5 workers of 13 for evacuation
[2022-06-13T01:45:24.481+0000][1][gc,age       ] GC(12) Desired survivor size 4456448 bytes, new threshold 2 (max threshold 6)
[2022-06-13T01:45:24.481+0000][1][gc,age       ] GC(12) Age table with threshold 2 (max threshold 6)
[2022-06-13T01:45:24.481+0000][1][gc,age       ] GC(12) - age   1:    4193520 bytes,    4193520 total
[2022-06-13T01:45:24.481+0000][1][gc,age       ] GC(12) - age   2:     344376 bytes,    4537896 total
[2022-06-13T01:45:24.481+0000][1][gc,age       ] GC(12) - age   3:      99000 bytes,    4636896 total
[2022-06-13T01:45:24.482+0000][1][gc,age       ] GC(12) - age   4:     304904 bytes,    4941800 total
[2022-06-13T01:45:24.482+0000][1][gc,age       ] GC(12) - age   5:     685216 bytes,    5627016 total
[2022-06-13T01:45:24.482+0000][1][gc,age       ] GC(12) - age   6:    1128952 bytes,    6755968 total
[2022-06-13T01:45:24.482+0000][1][gc,heap      ] GC(12) ParNew: 75509K->8530K(78656K)
[2022-06-13T01:45:24.482+0000][1][gc,heap      ] GC(12) CMS: 14024K->14024K(174784K)
[2022-06-13T01:45:24.482+0000][1][gc,metaspace ] GC(12) Metaspace: 26640K->26640K(1073152K)
[2022-06-13T01:45:24.483+0000][1][gc           ] GC(12) Pause Young (Allocation Failure) 87M->22M(247M) 8.198ms
[2022-06-13T01:45:24.483+0000][1][gc,cpu       ] GC(12) User=0.08s Sys=0.00s Real=0.01s
[2022-06-13T01:45:24.483+0000][1][safepoint    ] Leaving safepoint region
[2022-06-13T01:45:24.483+0000][1][safepoint    ] Total time for which application threads were stopped: 0.0093890 seconds, Stopping threads took: 0.0003986 seconds
[2022-06-13T01:45:24.913+0000][1][safepoint    ] Application time: 0.4299400 seconds
[2022-06-13T01:45:24.914+0000][1][safepoint    ] Entering safepoint region: RevokeBias
[2022-06-13T01:45:24.914+0000][1][safepoint    ] Leaving safepoint region
[2022-06-13T01:45:24.915+0000][1][safepoint    ] Total time for which application threads were stopped: 0.0008848 seconds, Stopping threads took: 0.0002696 seconds
[2022-06-13T01:45:25.277+0000][1][safepoint    ] Application time: 0.3620990 seconds
[2022-06-13T01:45:25.277+0000][1][safepoint    ] Entering safepoint region: GenCollectForAllocation
[2022-06-13T01:45:25.278+0000][1][gc,start     ] GC(13) Pause Young (Allocation Failure)
[2022-06-13T01:45:25.278+0000][1][gc,task      ] GC(13) Using 5 workers of 13 for evacuation
[2022-06-13T01:45:25.301+0000][1][gc,age       ] GC(13) Desired survivor size 4456448 bytes, new threshold 1 (max threshold 6)
[2022-06-13T01:45:25.301+0000][1][gc,age       ] GC(13) Age table with threshold 1 (max threshold 6)
[2022-06-13T01:45:25.301+0000][1][gc,age       ] GC(13) - age   1:    4942816 bytes,    4942816 total
[2022-06-13T01:45:25.302+0000][1][gc,age       ] GC(13) - age   2:    3970512 bytes,    8913328 total
[2022-06-13T01:45:25.302+0000][1][gc,heap      ] GC(13) ParNew: 78482K->8704K(78656K)
[2022-06-13T01:45:25.302+0000][1][gc,heap      ] GC(13) CMS: 14024K->26612K(174784K)
[2022-06-13T01:45:25.302+0000][1][gc,metaspace ] GC(13) Metaspace: 27179K->27179K(1075200K)
[2022-06-13T01:45:25.303+0000][1][gc           ] GC(13) Pause Young (Allocation Failure) 90M->34M(247M) 24.793ms
[2022-06-13T01:45:25.303+0000][1][gc,cpu       ] GC(13) User=0.31s Sys=0.00s Real=0.03s
[2022-06-13T01:45:25.303+0000][1][safepoint    ] Leaving safepoint region
[2022-06-13T01:45:25.303+0000][1][safepoint    ] Total time for which application threads were stopped: 0.0259151 seconds, Stopping threads took: 0.0003011 seconds
[2022-06-13T01:45:25.489+0000][1][safepoint    ] Application time: 0.1854689 seconds
[2022-06-13T01:45:25.490+0000][1][safepoint    ] Entering safepoint region: Deoptimize
[2022-06-13T01:45:25.490+0000][1][safepoint    ] Leaving safepoint region
[2022-06-13T01:45:25.491+0000][1][safepoint    ] Total time for which application threads were stopped: 0.0011640 seconds, Stopping threads took: 0.0002911 seconds
[2022-06-13T01:45:25.724+0000][1][safepoint    ] Application time: 0.2328782 seconds
[2022-06-13T01:45:25.724+0000][1][safepoint    ] Entering safepoint region: GenCollectForAllocation
[2022-06-13T01:45:25.725+0000][1][gc,start     ] GC(14) Pause Young (Allocation Failure)
[2022-06-13T01:45:25.725+0000][1][gc,task      ] GC(14) Using 5 workers of 13 for evacuation
[2022-06-13T01:45:25.748+0000][1][gc,age       ] GC(14) Desired survivor size 4456448 bytes, new threshold 1 (max threshold 6)
[2022-06-13T01:45:25.748+0000][1][gc,age       ] GC(14) Age table with threshold 1 (max threshold 6)
[2022-06-13T01:45:25.748+0000][1][gc,age       ] GC(14) - age   1:    8912744 bytes,    8912744 total
[2022-06-13T01:45:25.749+0000][1][gc,heap      ] GC(14) ParNew: 78656K->8704K(78656K)
[2022-06-13T01:45:25.749+0000][1][gc,heap      ] GC(14) CMS: 26612K->39963K(174784K)
[2022-06-13T01:45:25.750+0000][1][gc,metaspace ] GC(14) Metaspace: 27316K->27316K(1075200K)
[2022-06-13T01:45:25.750+0000][1][gc           ] GC(14) Pause Young (Allocation Failure) 102M->47M(247M) 25.451ms
[2022-06-13T01:45:25.750+0000][1][gc,cpu       ] GC(14) User=0.18s Sys=0.00s Real=0.03s
[2022-06-13T01:45:25.751+0000][1][safepoint    ] Leaving safepoint region
[2022-06-13T01:45:25.751+0000][1][safepoint    ] Total time for which application threads were stopped: 0.0267715 seconds, Stopping threads took: 0.0003256 seconds
[2022-06-13T01:45:25.925+0000][1][safepoint    ] Application time: 0.1742200 seconds
[2022-06-13T01:45:25.926+0000][1][safepoint    ] Entering safepoint region: RevokeBias
[2022-06-13T01:45:25.926+0000][1][safepoint    ] Leaving safepoint region
[2022-06-13T01:45:25.927+0000][1][safepoint    ] Total time for which application threads were stopped: 0.0006281 seconds, Stopping threads took: 0.0002917 seconds
[2022-06-13T01:45:26.147+0000][1][safepoint    ] Application time: 0.2202612 seconds
[2022-06-13T01:45:26.148+0000][1][safepoint    ] Entering safepoint region: RevokeBias
[2022-06-13T01:45:26.148+0000][1][safepoint    ] Leaving safepoint region
[2022-06-13T01:45:26.148+0000][1][safepoint    ] Total time for which application threads were stopped: 0.0005859 seconds, Stopping threads took: 0.0002193 seconds
[2022-06-13T01:45:26.382+0000][1][safepoint    ] Application time: 0.2340249 seconds
[2022-06-13T01:45:26.383+0000][1][safepoint    ] Entering safepoint region: GenCollectForAllocation
[2022-06-13T01:45:26.384+0000][1][gc,start     ] GC(15) Pause Young (Allocation Failure)
[2022-06-13T01:45:26.384+0000][1][gc,task      ] GC(15) Using 5 workers of 13 for evacuation
[2022-06-13T01:45:26.407+0000][1][gc,age       ] GC(15) Desired survivor size 4456448 bytes, new threshold 1 (max threshold 6)
[2022-06-13T01:45:26.408+0000][1][gc,age       ] GC(15) Age table with threshold 1 (max threshold 6)
[2022-06-13T01:45:26.409+0000][1][gc,age       ] GC(15) - age   1:    5526944 bytes,    5526944 total
[2022-06-13T01:45:26.409+0000][1][gc,heap      ] GC(15) ParNew: 78656K->8704K(78656K)
[2022-06-13T01:45:26.410+0000][1][gc,heap      ] GC(15) CMS: 39963K->50226K(174784K)
[2022-06-13T01:45:26.410+0000][1][gc,metaspace ] GC(15) Metaspace: 33029K->33029K(1079296K)
[2022-06-13T01:45:26.411+0000][1][gc           ] GC(15) Pause Young (Allocation Failure) 115M->57M(247M) 26.756ms
[2022-06-13T01:45:26.411+0000][1][gc,cpu       ] GC(15) User=0.20s Sys=0.00s Real=0.03s
[2022-06-13T01:45:26.411+0000][1][safepoint    ] Leaving safepoint region
[2022-06-13T01:45:26.411+0000][1][safepoint    ] Total time for which application threads were stopped: 0.0282749 seconds, Stopping threads took: 0.0005417 seconds
[2022-06-13T01:45:26.528+0000][1][safepoint    ] Application time: 0.1161116 seconds
[2022-06-13T01:45:26.528+0000][1][safepoint    ] Entering safepoint region: GenCollectForAllocation
[2022-06-13T01:45:26.529+0000][1][gc,start     ] GC(16) Pause Young (Allocation Failure)
[2022-06-13T01:45:26.529+0000][1][gc,task      ] GC(16) Using 5 workers of 13 for evacuation
[2022-06-13T01:45:26.538+0000][1][gc,age       ] GC(16) Desired survivor size 4456448 bytes, new threshold 6 (max threshold 6)
[2022-06-13T01:45:26.538+0000][1][gc,age       ] GC(16) Age table with threshold 6 (max threshold 6)
[2022-06-13T01:45:26.539+0000][1][gc,age       ] GC(16) - age   1:     250768 bytes,     250768 total
[2022-06-13T01:45:26.539+0000][1][gc,heap      ] GC(16) ParNew: 78656K->6174K(78656K)
[2022-06-13T01:45:26.540+0000][1][gc,heap      ] GC(16) CMS: 50226K->55668K(174784K)
[2022-06-13T01:45:26.540+0000][1][gc,metaspace ] GC(16) Metaspace: 33187K->33187K(1079296K)
[2022-06-13T01:45:26.541+0000][1][gc           ] GC(16) Pause Young (Allocation Failure) 125M->60M(247M) 11.929ms
[2022-06-13T01:45:26.541+0000][1][gc,cpu       ] GC(16) User=0.04s Sys=0.00s Real=0.02s
[2022-06-13T01:45:26.542+0000][1][safepoint    ] Leaving safepoint region
[2022-06-13T01:45:26.543+0000][1][safepoint    ] Total time for which application threads were stopped: 0.0142535 seconds, Stopping threads took: 0.0005418 seconds
[2022-06-13T01:45:26.722+0000][1][safepoint    ] Application time: 0.1788281 seconds
[2022-06-13T01:45:26.722+0000][1][safepoint    ] Entering safepoint region: CollectForMetadataAllocation
[2022-06-13T01:45:26.723+0000][1][safepoint    ] Leaving safepoint region
[2022-06-13T01:45:26.723+0000][1][safepoint    ] Total time for which application threads were stopped: 0.0009501 seconds, Stopping threads took: 0.0003125 seconds
[2022-06-13T01:45:26.760+0000][1][safepoint    ] Application time: 0.0360062 seconds
[2022-06-13T01:45:26.760+0000][1][safepoint    ] Entering safepoint region: CollectForMetadataAllocation
[2022-06-13T01:45:26.760+0000][1][safepoint    ] Leaving safepoint region
[2022-06-13T01:45:26.761+0000][1][safepoint    ] Total time for which application threads were stopped: 0.0010103 seconds, Stopping threads took: 0.0003047 seconds
[2022-06-13T01:45:26.772+0000][1][safepoint    ] Application time: 0.0105468 seconds
[2022-06-13T01:45:26.772+0000][1][safepoint    ] Entering safepoint region: CollectForMetadataAllocation
[2022-06-13T01:45:26.773+0000][1][safepoint    ] Leaving safepoint region
[2022-06-13T01:45:26.774+0000][1][safepoint    ] Total time for which application threads were stopped: 0.0011786 seconds, Stopping threads took: 0.0004720 seconds
[2022-06-13T01:45:26.788+0000][1][safepoint    ] Application time: 0.0142402 seconds
[2022-06-13T01:45:26.789+0000][1][safepoint    ] Entering safepoint region: CollectForMetadataAllocation
[2022-06-13T01:45:26.790+0000][1][safepoint    ] Leaving safepoint region
[2022-06-13T01:45:26.791+0000][1][safepoint    ] Total time for which application threads were stopped: 0.0015853 seconds, Stopping threads took: 0.0008039 seconds
[2022-06-13T01:45:26.811+0000][1][safepoint    ] Application time: 0.0201824 seconds
[2022-06-13T01:45:26.812+0000][1][safepoint    ] Entering safepoint region: CollectForMetadataAllocation
[2022-06-13T01:45:26.813+0000][1][safepoint    ] Leaving safepoint region
[2022-06-13T01:45:26.813+0000][1][safepoint    ] Total time for which application threads were stopped: 0.0010139 seconds, Stopping threads took: 0.0004868 seconds
[2022-06-13T01:45:26.830+0000][1][safepoint    ] Application time: 0.0159835 seconds
[2022-06-13T01:45:26.830+0000][1][safepoint    ] Entering safepoint region: CollectForMetadataAllocation
[2022-06-13T01:45:26.831+0000][1][safepoint    ] Leaving safepoint region
[2022-06-13T01:45:26.831+0000][1][safepoint    ] Total time for which application threads were stopped: 0.0012044 seconds, Stopping threads took: 0.0005298 seconds
[2022-06-13T01:45:26.866+0000][1][safepoint    ] Application time: 0.0340896 seconds
[2022-06-13T01:45:26.867+0000][1][safepoint    ] Entering safepoint region: CollectForMetadataAllocation
[2022-06-13T01:45:26.867+0000][1][safepoint    ] Leaving safepoint region
[2022-06-13T01:45:26.868+0000][1][safepoint    ] Total time for which application threads were stopped: 0.0009970 seconds, Stopping threads took: 0.0003136 seconds
[2022-06-13T01:45:26.891+0000][1][safepoint    ] Application time: 0.0230360 seconds
[2022-06-13T01:45:26.892+0000][1][safepoint    ] Entering safepoint region: CollectForMetadataAllocation
[2022-06-13T01:45:26.892+0000][1][safepoint    ] Leaving safepoint region
[2022-06-13T01:45:26.893+0000][1][safepoint    ] Total time for which application threads were stopped: 0.0009323 seconds, Stopping threads took: 0.0003677 seconds
[2022-06-13T01:45:26.908+0000][1][safepoint    ] Application time: 0.0145745 seconds
[2022-06-13T01:45:26.908+0000][1][safepoint    ] Entering safepoint region: CollectForMetadataAllocation
[2022-06-13T01:45:26.909+0000][1][safepoint    ] Leaving safepoint region
[2022-06-13T01:45:26.910+0000][1][safepoint    ] Total time for which application threads were stopped: 0.0016817 seconds, Stopping threads took: 0.0005398 seconds
[2022-06-13T01:45:26.928+0000][1][safepoint    ] Application time: 0.0175931 seconds
[2022-06-13T01:45:26.928+0000][1][safepoint    ] Entering safepoint region: RevokeBias
[2022-06-13T01:45:26.929+0000][1][safepoint    ] Leaving safepoint region
[2022-06-13T01:45:26.929+0000][1][safepoint    ] Total time for which application threads were stopped: 0.0009181 seconds, Stopping threads took: 0.0003980 seconds
[2022-06-13T01:45:26.930+0000][1][safepoint    ] Application time: 0.0005249 seconds
[2022-06-13T01:45:26.930+0000][1][safepoint    ] Entering safepoint region: CollectForMetadataAllocation
[2022-06-13T01:45:26.931+0000][1][safepoint    ] Leaving safepoint region
[2022-06-13T01:45:26.931+0000][1][safepoint    ] Total time for which application threads were stopped: 0.0008348 seconds, Stopping threads took: 0.0002393 seconds
[2022-06-13T01:45:26.956+0000][1][safepoint    ] Application time: 0.0238721 seconds
[2022-06-13T01:45:26.956+0000][1][safepoint    ] Entering safepoint region: CollectForMetadataAllocation
[2022-06-13T01:45:26.956+0000][1][safepoint    ] Leaving safepoint region
[2022-06-13T01:45:26.957+0000][1][safepoint    ] Total time for which application threads were stopped: 0.0008695 seconds, Stopping threads took: 0.0003475 seconds
[2022-06-13T01:45:26.979+0000][1][safepoint    ] Application time: 0.0214699 seconds
[2022-06-13T01:45:26.979+0000][1][safepoint    ] Entering safepoint region: CollectForMetadataAllocation
[2022-06-13T01:45:26.980+0000][1][safepoint    ] Leaving safepoint region
[2022-06-13T01:45:26.980+0000][1][safepoint    ] Total time for which application threads were stopped: 0.0010898 seconds, Stopping threads took: 0.0005277 seconds
[2022-06-13T01:45:27.003+0000][1][safepoint    ] Application time: 0.0219087 seconds
[2022-06-13T01:45:27.003+0000][1][safepoint    ] Entering safepoint region: CollectForMetadataAllocation
[2022-06-13T01:45:27.004+0000][1][safepoint    ] Leaving safepoint region
[2022-06-13T01:45:27.004+0000][1][safepoint    ] Total time for which application threads were stopped: 0.0010161 seconds, Stopping threads took: 0.0005283 seconds
[2022-06-13T01:45:27.020+0000][1][safepoint    ] Application time: 0.0158420 seconds
[2022-06-13T01:45:27.021+0000][1][safepoint    ] Entering safepoint region: CollectForMetadataAllocation
[2022-06-13T01:45:27.022+0000][1][safepoint    ] Leaving safepoint region
[2022-06-13T01:45:27.022+0000][1][safepoint    ] Total time for which application threads were stopped: 0.0011641 seconds, Stopping threads took: 0.0004526 seconds
[2022-06-13T01:45:27.044+0000][1][safepoint    ] Application time: 0.0214687 seconds
[2022-06-13T01:45:27.045+0000][1][safepoint    ] Entering safepoint region: CollectForMetadataAllocation
[2022-06-13T01:45:27.046+0000][1][safepoint    ] Leaving safepoint region
[2022-06-13T01:45:27.046+0000][1][safepoint    ] Total time for which application threads were stopped: 0.0011591 seconds, Stopping threads took: 0.0006788 seconds
[2022-06-13T01:45:27.061+0000][1][safepoint    ] Application time: 0.0146961 seconds
[2022-06-13T01:45:27.062+0000][1][safepoint    ] Entering safepoint region: CollectForMetadataAllocation
[2022-06-13T01:45:27.062+0000][1][safepoint    ] Leaving safepoint region
[2022-06-13T01:45:27.063+0000][1][safepoint    ] Total time for which application threads were stopped: 0.0007186 seconds, Stopping threads took: 0.0002787 seconds
[2022-06-13T01:45:27.079+0000][1][safepoint    ] Application time: 0.0158174 seconds
[2022-06-13T01:45:27.079+0000][1][safepoint    ] Entering safepoint region: CollectForMetadataAllocation
[2022-06-13T01:45:27.080+0000][1][safepoint    ] Leaving safepoint region
[2022-06-13T01:45:27.080+0000][1][safepoint    ] Total time for which application threads were stopped: 0.0010317 seconds, Stopping threads took: 0.0003884 seconds
[2022-06-13T01:45:27.097+0000][1][safepoint    ] Application time: 0.0167945 seconds
[2022-06-13T01:45:27.098+0000][1][safepoint    ] Entering safepoint region: CollectForMetadataAllocation
[2022-06-13T01:45:27.098+0000][1][safepoint    ] Leaving safepoint region
[2022-06-13T01:45:27.098+0000][1][safepoint    ] Total time for which application threads were stopped: 0.0008650 seconds, Stopping threads took: 0.0004233 seconds
[2022-06-13T01:45:27.113+0000][1][safepoint    ] Application time: 0.0137450 seconds
[2022-06-13T01:45:27.113+0000][1][safepoint    ] Entering safepoint region: CollectForMetadataAllocation
[2022-06-13T01:45:27.114+0000][1][safepoint    ] Leaving safepoint region
[2022-06-13T01:45:27.114+0000][1][safepoint    ] Total time for which application threads were stopped: 0.0010523 seconds, Stopping threads took: 0.0004953 seconds
[2022-06-13T01:45:27.135+0000][1][safepoint    ] Application time: 0.0208073 seconds
[2022-06-13T01:45:27.136+0000][1][safepoint    ] Entering safepoint region: CollectForMetadataAllocation
[2022-06-13T01:45:27.137+0000][1][safepoint    ] Leaving safepoint region
[2022-06-13T01:45:27.137+0000][1][safepoint    ] Total time for which application threads were stopped: 0.0007928 seconds, Stopping threads took: 0.0003809 seconds
[2022-06-13T01:45:27.153+0000][1][safepoint    ] Application time: 0.0155830 seconds
[2022-06-13T01:45:27.153+0000][1][safepoint    ] Entering safepoint region: CollectForMetadataAllocation
[2022-06-13T01:45:27.154+0000][1][safepoint    ] Leaving safepoint region
[2022-06-13T01:45:27.154+0000][1][safepoint    ] Total time for which application threads were stopped: 0.0010730 seconds, Stopping threads took: 0.0005029 seconds
[2022-06-13T01:45:27.193+0000][1][safepoint    ] Application time: 0.0383492 seconds
[2022-06-13T01:45:27.194+0000][1][safepoint    ] Entering safepoint region: CollectForMetadataAllocation
[2022-06-13T01:45:27.195+0000][1][safepoint    ] Leaving safepoint region
[2022-06-13T01:45:27.195+0000][1][safepoint    ] Total time for which application threads were stopped: 0.0010298 seconds, Stopping threads took: 0.0004981 seconds
[2022-06-13T01:45:27.217+0000][1][safepoint    ] Application time: 0.0210814 seconds
[2022-06-13T01:45:27.217+0000][1][safepoint    ] Entering safepoint region: CollectForMetadataAllocation
[2022-06-13T01:45:27.218+0000][1][safepoint    ] Leaving safepoint region
[2022-06-13T01:45:27.219+0000][1][safepoint    ] Total time for which application threads were stopped: 0.0012613 seconds, Stopping threads took: 0.0007041 seconds
[2022-06-13T01:45:27.241+0000][1][safepoint    ] Application time: 0.0216389 seconds
[2022-06-13T01:45:27.241+0000][1][safepoint    ] Entering safepoint region: CollectForMetadataAllocation
[2022-06-13T01:45:27.242+0000][1][safepoint    ] Leaving safepoint region
[2022-06-13T01:45:27.243+0000][1][safepoint    ] Total time for which application threads were stopped: 0.0013565 seconds, Stopping threads took: 0.0006168 seconds
[2022-06-13T01:45:27.264+0000][1][safepoint    ] Application time: 0.0205068 seconds
[2022-06-13T01:45:27.264+0000][1][safepoint    ] Entering safepoint region: CollectForMetadataAllocation
[2022-06-13T01:45:27.265+0000][1][safepoint    ] Leaving safepoint region
[2022-06-13T01:45:27.265+0000][1][safepoint    ] Total time for which application threads were stopped: 0.0008846 seconds, Stopping threads took: 0.0005021 seconds
[2022-06-13T01:45:27.292+0000][1][safepoint    ] Application time: 0.0270277 seconds
[2022-06-13T01:45:27.293+0000][1][safepoint    ] Entering safepoint region: CollectForMetadataAllocation
[2022-06-13T01:45:27.293+0000][1][safepoint    ] Leaving safepoint region
[2022-06-13T01:45:27.293+0000][1][safepoint    ] Total time for which application threads were stopped: 0.0005717 seconds, Stopping threads took: 0.0002296 seconds
[2022-06-13T01:45:27.317+0000][1][safepoint    ] Application time: 0.0230313 seconds
[2022-06-13T01:45:27.317+0000][1][safepoint    ] Entering safepoint region: CollectForMetadataAllocation
[2022-06-13T01:45:27.318+0000][1][safepoint    ] Leaving safepoint region
[2022-06-13T01:45:27.319+0000][1][safepoint    ] Total time for which application threads were stopped: 0.0012096 seconds, Stopping threads took: 0.0004843 seconds
[2022-06-13T01:45:27.585+0000][1][safepoint    ] Application time: 0.2662606 seconds
[2022-06-13T01:45:27.586+0000][1][safepoint    ] Entering safepoint region: CollectForMetadataAllocation
[2022-06-13T01:45:27.587+0000][1][safepoint    ] Leaving safepoint region
[2022-06-13T01:45:27.587+0000][1][safepoint    ] Total time for which application threads were stopped: 0.0010404 seconds, Stopping threads took: 0.0005019 seconds
[2022-06-13T01:45:27.852+0000][1][safepoint    ] Application time: 0.2647487 seconds
[2022-06-13T01:45:27.852+0000][1][safepoint    ] Entering safepoint region: CollectForMetadataAllocation
[2022-06-13T01:45:27.853+0000][1][safepoint    ] Leaving safepoint region
[2022-06-13T01:45:27.853+0000][1][safepoint    ] Total time for which application threads were stopped: 0.0007435 seconds, Stopping threads took: 0.0002697 seconds
[2022-06-13T01:45:27.878+0000][1][safepoint    ] Application time: 0.0243159 seconds
[2022-06-13T01:45:27.878+0000][1][safepoint    ] Entering safepoint region: GenCollectForAllocation
[2022-06-13T01:45:27.878+0000][1][gc,start     ] GC(17) Pause Young (Allocation Failure)
[2022-06-13T01:45:27.878+0000][1][gc,task      ] GC(17) Using 5 workers of 13 for evacuation
[2022-06-13T01:45:27.883+0000][1][gc,age       ] GC(17) Desired survivor size 4456448 bytes, new threshold 6 (max threshold 6)
[2022-06-13T01:45:27.884+0000][1][gc,age       ] GC(17) Age table with threshold 6 (max threshold 6)
[2022-06-13T01:45:27.884+0000][1][gc,age       ] GC(17) - age   1:    4077544 bytes,    4077544 total
[2022-06-13T01:45:27.884+0000][1][gc,age       ] GC(17) - age   2:     202040 bytes,    4279584 total
[2022-06-13T01:45:27.884+0000][1][gc,heap      ] GC(17) ParNew: 76126K->4768K(78656K)
[2022-06-13T01:45:27.885+0000][1][gc,heap      ] GC(17) CMS: 55668K->55668K(174784K)
[2022-06-13T01:45:27.885+0000][1][gc,metaspace ] GC(17) Metaspace: 42692K->42692K(1089536K)
[2022-06-13T01:45:27.885+0000][1][gc           ] GC(17) Pause Young (Allocation Failure) 128M->59M(247M) 7.110ms
[2022-06-13T01:45:27.885+0000][1][gc,cpu       ] GC(17) User=0.03s Sys=0.00s Real=0.01s
[2022-06-13T01:45:27.886+0000][1][safepoint    ] Leaving safepoint region
[2022-06-13T01:45:27.886+0000][1][safepoint    ] Total time for which application threads were stopped: 0.0080237 seconds, Stopping threads took: 0.0001906 seconds
[2022-06-13T01:45:27.886+0000][1][safepoint    ] Application time: 0.0003781 seconds
[2022-06-13T01:45:27.887+0000][1][safepoint    ] Entering safepoint region: CMS_Initial_Mark
[2022-06-13T01:45:27.887+0000][1][gc,start     ] GC(18) Pause Initial Mark
[2022-06-13T01:45:27.889+0000][1][gc           ] GC(18) Pause Initial Mark 60M->60M(247M) 2.277ms
[2022-06-13T01:45:27.890+0000][1][gc,cpu       ] GC(18) User=0.02s Sys=0.00s Real=0.01s
[2022-06-13T01:45:27.890+0000][1][safepoint    ] Leaving safepoint region
[2022-06-13T01:45:27.890+0000][1][safepoint    ] Total time for which application threads were stopped: 0.0036390 seconds, Stopping threads took: 0.0002434 seconds
[2022-06-13T01:45:27.891+0000][1][gc           ] GC(18) Concurrent Mark
[2022-06-13T01:45:27.892+0000][1][gc,task      ] GC(18) Using 4 workers of 4 for marking
[2022-06-13T01:45:27.894+0000][1][safepoint    ] Application time: 0.0032213 seconds
[2022-06-13T01:45:27.894+0000][1][safepoint    ] Entering safepoint region: CollectForMetadataAllocation
[2022-06-13T01:45:27.895+0000][1][safepoint    ] Leaving safepoint region
[2022-06-13T01:45:27.895+0000][1][safepoint    ] Total time for which application threads were stopped: 0.0006944 seconds, Stopping threads took: 0.0004304 seconds
[2022-06-13T01:45:27.898+0000][1][safepoint    ] Application time: 0.0033587 seconds
[2022-06-13T01:45:27.899+0000][1][safepoint    ] Entering safepoint region: RevokeBias
[2022-06-13T01:45:27.899+0000][1][safepoint    ] Leaving safepoint region
[2022-06-13T01:45:27.899+0000][1][safepoint    ] Total time for which application threads were stopped: 0.0004237 seconds, Stopping threads took: 0.0001665 seconds
[2022-06-13T01:45:27.920+0000][1][gc           ] GC(18) Concurrent Mark 29.533ms
[2022-06-13T01:45:27.921+0000][1][gc,cpu       ] GC(18) User=0.18s Sys=0.02s Real=0.03s
[2022-06-13T01:45:27.921+0000][1][gc           ] GC(18) Concurrent Preclean
[2022-06-13T01:45:27.923+0000][1][gc           ] GC(18) Concurrent Preclean 1.865ms
[2022-06-13T01:45:27.924+0000][1][gc,cpu       ] GC(18) User=0.01s Sys=0.00s Real=0.00s
[2022-06-13T01:45:27.924+0000][1][safepoint    ] Application time: 0.0249347 seconds
[2022-06-13T01:45:27.925+0000][1][safepoint    ] Entering safepoint region: CMS_Final_Remark
[2022-06-13T01:45:27.926+0000][1][gc,start     ] GC(18) Pause Remark
[2022-06-13T01:45:27.937+0000][1][gc           ] GC(18) Pause Remark 60M->60M(247M) 11.459ms
[2022-06-13T01:45:27.938+0000][1][gc,cpu       ] GC(18) User=0.01s Sys=0.00s Real=0.01s
[2022-06-13T01:45:27.938+0000][1][safepoint    ] Leaving safepoint region
[2022-06-13T01:45:27.938+0000][1][safepoint    ] Total time for which application threads were stopped: 0.0135927 seconds, Stopping threads took: 0.0005818 seconds
[2022-06-13T01:45:27.939+0000][1][gc           ] GC(18) Concurrent Sweep
[2022-06-13T01:45:27.964+0000][1][gc           ] GC(18) Concurrent Sweep 25.351ms
[2022-06-13T01:45:27.965+0000][1][gc,cpu       ] GC(18) User=0.06s Sys=0.02s Real=0.03s
[2022-06-13T01:45:27.966+0000][1][gc           ] GC(18) Concurrent Reset
[2022-06-13T01:45:27.967+0000][1][gc           ] GC(18) Concurrent Reset 0.876ms
[2022-06-13T01:45:27.967+0000][1][gc,cpu       ] GC(18) User=0.01s Sys=0.00s Real=0.00s
[2022-06-13T01:45:27.968+0000][1][gc,heap      ] GC(18) Old: 55668K->55448K(174784K)
[2022-06-13T01:45:28.193+0000][1][safepoint    ] Application time: 0.2542077 seconds
[2022-06-13T01:45:28.194+0000][1][safepoint    ] Entering safepoint region: RevokeBias
[2022-06-13T01:45:28.195+0000][1][safepoint    ] Leaving safepoint region
[2022-06-13T01:45:28.195+0000][1][safepoint    ] Total time for which application threads were stopped: 0.0016449 seconds, Stopping threads took: 0.0002939 seconds
[2022-06-13T01:45:28.233+0000][1][safepoint    ] Application time: 0.0372858 seconds
[2022-06-13T01:45:28.233+0000][1][safepoint    ] Entering safepoint region: RevokeBias
[2022-06-13T01:45:28.234+0000][1][safepoint    ] Leaving safepoint region
[2022-06-13T01:45:28.234+0000][1][safepoint    ] Total time for which application threads were stopped: 0.0009149 seconds, Stopping threads took: 0.0004427 seconds
[2022-06-13T01:45:28.248+0000][1][safepoint    ] Application time: 0.0128491 seconds
[2022-06-13T01:45:28.248+0000][1][safepoint    ] Entering safepoint region: RevokeBias
[2022-06-13T01:45:28.249+0000][1][safepoint    ] Leaving safepoint region
[2022-06-13T01:45:28.250+0000][1][safepoint    ] Total time for which application threads were stopped: 0.0016886 seconds, Stopping threads took: 0.0005902 seconds
[2022-06-13T01:45:28.255+0000][1][safepoint    ] Application time: 0.0043961 seconds
[2022-06-13T01:45:28.256+0000][1][safepoint    ] Entering safepoint region: RevokeBias
[2022-06-13T01:45:28.256+0000][1][safepoint    ] Leaving safepoint region
[2022-06-13T01:45:28.257+0000][1][safepoint    ] Total time for which application threads were stopped: 0.0011408 seconds, Stopping threads took: 0.0005360 seconds
[2022-06-13T01:45:28.258+0000][1][safepoint    ] Application time: 0.0005225 seconds
[2022-06-13T01:45:28.258+0000][1][safepoint    ] Entering safepoint region: RevokeBias
[2022-06-13T01:45:28.259+0000][1][safepoint    ] Leaving safepoint region
[2022-06-13T01:45:28.259+0000][1][safepoint    ] Total time for which application threads were stopped: 0.0010912 seconds, Stopping threads took: 0.0005675 seconds
[2022-06-13T01:45:28.474+0000][1][safepoint    ] Application time: 0.2143193 seconds
[2022-06-13T01:45:28.475+0000][1][safepoint    ] Entering safepoint region: RevokeBias
[2022-06-13T01:45:28.476+0000][1][safepoint    ] Leaving safepoint region
[2022-06-13T01:45:28.476+0000][1][safepoint    ] Total time for which application threads were stopped: 0.0013379 seconds, Stopping threads took: 0.0004714 seconds
[2022-06-13T01:45:28.477+0000][1][safepoint    ] Application time: 0.0003402 seconds
[2022-06-13T01:45:28.477+0000][1][safepoint    ] Entering safepoint region: RevokeBias
[2022-06-13T01:45:28.478+0000][1][safepoint    ] Leaving safepoint region
[2022-06-13T01:45:28.478+0000][1][safepoint    ] Total time for which application threads were stopped: 0.0009305 seconds, Stopping threads took: 0.0003944 seconds
[2022-06-13T01:45:28.479+0000][1][safepoint    ] Application time: 0.0003509 seconds
[2022-06-13T01:45:28.479+0000][1][safepoint    ] Entering safepoint region: RevokeBias
[2022-06-13T01:45:28.480+0000][1][safepoint    ] Leaving safepoint region
[2022-06-13T01:45:28.480+0000][1][safepoint    ] Total time for which application threads were stopped: 0.0008269 seconds, Stopping threads took: 0.0003429 seconds
[2022-06-13T01:45:28.481+0000][1][safepoint    ] Application time: 0.0005975 seconds
[2022-06-13T01:45:28.482+0000][1][safepoint    ] Entering safepoint region: RevokeBias
[2022-06-13T01:45:28.482+0000][1][safepoint    ] Leaving safepoint region
[2022-06-13T01:45:28.483+0000][1][safepoint    ] Total time for which application threads were stopped: 0.0009629 seconds, Stopping threads took: 0.0005632 seconds
[2022-06-13T01:45:28.484+0000][1][safepoint    ] Application time: 0.0010607 seconds
[2022-06-13T01:45:28.485+0000][1][safepoint    ] Entering safepoint region: RevokeBias
[2022-06-13T01:45:28.485+0000][1][safepoint    ] Leaving safepoint region
[2022-06-13T01:45:28.486+0000][1][safepoint    ] Total time for which application threads were stopped: 0.0011788 seconds, Stopping threads took: 0.0007684 seconds
[2022-06-13T01:45:28.487+0000][1][safepoint    ] Application time: 0.0003995 seconds
[2022-06-13T01:45:28.487+0000][1][safepoint    ] Entering safepoint region: RevokeBias
[2022-06-13T01:45:28.488+0000][1][safepoint    ] Leaving safepoint region
[2022-06-13T01:45:28.488+0000][1][safepoint    ] Total time for which application threads were stopped: 0.0012612 seconds, Stopping threads took: 0.0006144 seconds
[2022-06-13T01:45:28.489+0000][1][safepoint    ] Application time: 0.0003593 seconds
[2022-06-13T01:45:28.490+0000][1][safepoint    ] Entering safepoint region: RevokeBias
[2022-06-13T01:45:28.490+0000][1][safepoint    ] Leaving safepoint region
[2022-06-13T01:45:28.491+0000][1][safepoint    ] Total time for which application threads were stopped: 0.0009589 seconds, Stopping threads took: 0.0004126 seconds
[2022-06-13T01:45:28.491+0000][1][safepoint    ] Application time: 0.0005095 seconds
[2022-06-13T01:45:28.492+0000][1][safepoint    ] Entering safepoint region: RevokeBias
[2022-06-13T01:45:28.492+0000][1][safepoint    ] Leaving safepoint region
[2022-06-13T01:45:28.493+0000][1][safepoint    ] Total time for which application threads were stopped: 0.0008515 seconds, Stopping threads took: 0.0003448 seconds
[2022-06-13T01:45:28.493+0000][1][safepoint    ] Application time: 0.0001186 seconds
[2022-06-13T01:45:28.494+0000][1][safepoint    ] Entering safepoint region: RevokeBias
[2022-06-13T01:45:28.494+0000][1][safepoint    ] Leaving safepoint region
[2022-06-13T01:45:28.494+0000][1][safepoint    ] Total time for which application threads were stopped: 0.0007661 seconds, Stopping threads took: 0.0002313 seconds
[2022-06-13T01:45:28.495+0000][1][safepoint    ] Application time: 0.0001438 seconds
[2022-06-13T01:45:28.495+0000][1][safepoint    ] Entering safepoint region: RevokeBias
[2022-06-13T01:45:28.496+0000][1][safepoint    ] Leaving safepoint region
[2022-06-13T01:45:28.497+0000][1][safepoint    ] Total time for which application threads were stopped: 0.0011777 seconds, Stopping threads took: 0.0005919 seconds
[2022-06-13T01:45:28.497+0000][1][safepoint    ] Application time: 0.0001908 seconds
[2022-06-13T01:45:28.498+0000][1][safepoint    ] Entering safepoint region: RevokeBias
[2022-06-13T01:45:28.498+0000][1][safepoint    ] Leaving safepoint region
[2022-06-13T01:45:28.499+0000][1][safepoint    ] Total time for which application threads were stopped: 0.0011051 seconds, Stopping threads took: 0.0004980 seconds
[2022-06-13T01:45:28.499+0000][1][safepoint    ] Application time: 0.0002802 seconds
[2022-06-13T01:45:28.500+0000][1][safepoint    ] Entering safepoint region: RevokeBias
[2022-06-13T01:45:28.500+0000][1][safepoint    ] Leaving safepoint region
[2022-06-13T01:45:28.501+0000][1][safepoint    ] Total time for which application threads were stopped: 0.0010821 seconds, Stopping threads took: 0.0004926 seconds
[2022-06-13T01:45:28.502+0000][1][safepoint    ] Application time: 0.0005872 seconds
[2022-06-13T01:45:28.503+0000][1][safepoint    ] Entering safepoint region: RevokeBias
[2022-06-13T01:45:28.503+0000][1][safepoint    ] Leaving safepoint region
[2022-06-13T01:45:28.503+0000][1][safepoint    ] Total time for which application threads were stopped: 0.0008866 seconds, Stopping threads took: 0.0006410 seconds
[2022-06-13T01:45:28.504+0000][1][safepoint    ] Application time: 0.0001159 seconds
[2022-06-13T01:45:28.504+0000][1][safepoint    ] Entering safepoint region: RevokeBias
[2022-06-13T01:45:28.504+0000][1][safepoint    ] Leaving safepoint region
[2022-06-13T01:45:28.505+0000][1][safepoint    ] Total time for which application threads were stopped: 0.0005493 seconds, Stopping threads took: 0.0002280 seconds
[2022-06-13T01:45:28.505+0000][1][safepoint    ] Application time: 0.0001025 seconds
[2022-06-13T01:45:28.505+0000][1][safepoint    ] Entering safepoint region: RevokeBias
[2022-06-13T01:45:28.506+0000][1][safepoint    ] Leaving safepoint region
[2022-06-13T01:45:28.506+0000][1][safepoint    ] Total time for which application threads were stopped: 0.0008625 seconds, Stopping threads took: 0.0005614 seconds
[2022-06-13T01:45:28.506+0000][1][safepoint    ] Application time: 0.0001058 seconds
[2022-06-13T01:45:28.507+0000][1][safepoint    ] Entering safepoint region: RevokeBias
[2022-06-13T01:45:28.507+0000][1][safepoint    ] Leaving safepoint region
[2022-06-13T01:45:28.507+0000][1][safepoint    ] Total time for which application threads were stopped: 0.0006056 seconds, Stopping threads took: 0.0002326 seconds
[2022-06-13T01:45:28.508+0000][1][safepoint    ] Application time: 0.0001111 seconds
[2022-06-13T01:45:28.508+0000][1][safepoint    ] Entering safepoint region: RevokeBias
[2022-06-13T01:45:28.508+0000][1][safepoint    ] Leaving safepoint region
[2022-06-13T01:45:28.508+0000][1][safepoint    ] Total time for which application threads were stopped: 0.0006036 seconds, Stopping threads took: 0.0002193 seconds
[2022-06-13T01:45:28.509+0000][1][safepoint    ] Application time: 0.0000914 seconds
[2022-06-13T01:45:28.509+0000][1][safepoint    ] Entering safepoint region: RevokeBias
[2022-06-13T01:45:28.509+0000][1][safepoint    ] Leaving safepoint region
[2022-06-13T01:45:28.510+0000][1][safepoint    ] Total time for which application threads were stopped: 0.0006341 seconds, Stopping threads took: 0.0002965 seconds
[2022-06-13T01:45:28.510+0000][1][safepoint    ] Application time: 0.0001527 seconds
[2022-06-13T01:45:28.511+0000][1][safepoint    ] Entering safepoint region: RevokeBias
[2022-06-13T01:45:28.511+0000][1][safepoint    ] Leaving safepoint region
[2022-06-13T01:45:28.511+0000][1][safepoint    ] Total time for which application threads were stopped: 0.0006650 seconds, Stopping threads took: 0.0002812 seconds
[2022-06-13T01:45:28.512+0000][1][safepoint    ] Application time: 0.0001092 seconds
[2022-06-13T01:45:28.512+0000][1][safepoint    ] Entering safepoint region: RevokeBias
[2022-06-13T01:45:28.512+0000][1][safepoint    ] Leaving safepoint region
[2022-06-13T01:45:28.512+0000][1][safepoint    ] Total time for which application threads were stopped: 0.0005601 seconds, Stopping threads took: 0.0002173 seconds
[2022-06-13T01:45:28.513+0000][1][safepoint    ] Application time: 0.0001280 seconds
[2022-06-13T01:45:28.513+0000][1][safepoint    ] Entering safepoint region: RevokeBias
[2022-06-13T01:45:28.513+0000][1][safepoint    ] Leaving safepoint region
[2022-06-13T01:45:28.513+0000][1][safepoint    ] Total time for which application threads were stopped: 0.0005347 seconds, Stopping threads took: 0.0002201 seconds
[2022-06-13T01:45:28.514+0000][1][safepoint    ] Application time: 0.0001154 seconds
[2022-06-13T01:45:28.514+0000][1][safepoint    ] Entering safepoint region: RevokeBias
[2022-06-13T01:45:28.514+0000][1][safepoint    ] Leaving safepoint region
[2022-06-13T01:45:28.514+0000][1][safepoint    ] Total time for which application threads were stopped: 0.0004814 seconds, Stopping threads took: 0.0001936 seconds
[2022-06-13T01:45:28.515+0000][1][safepoint    ] Application time: 0.0001428 seconds
[2022-06-13T01:45:28.515+0000][1][safepoint    ] Entering safepoint region: RevokeBias
[2022-06-13T01:45:28.515+0000][1][safepoint    ] Leaving safepoint region
[2022-06-13T01:45:28.516+0000][1][safepoint    ] Total time for which application threads were stopped: 0.0008576 seconds, Stopping threads took: 0.0003451 seconds
[2022-06-13T01:45:28.516+0000][1][safepoint    ] Application time: 0.0001185 seconds
[2022-06-13T01:45:28.516+0000][1][safepoint    ] Entering safepoint region: RevokeBias
[2022-06-13T01:45:28.516+0000][1][safepoint    ] Leaving safepoint region
[2022-06-13T01:45:28.517+0000][1][safepoint    ] Total time for which application threads were stopped: 0.0004229 seconds, Stopping threads took: 0.0002289 seconds
[2022-06-13T01:45:28.517+0000][1][safepoint    ] Application time: 0.0000983 seconds
[2022-06-13T01:45:28.518+0000][1][safepoint    ] Entering safepoint region: RevokeBias
[2022-06-13T01:45:28.518+0000][1][safepoint    ] Leaving safepoint region
[2022-06-13T01:45:28.519+0000][1][safepoint    ] Total time for which application threads were stopped: 0.0013769 seconds, Stopping threads took: 0.0009659 seconds
[2022-06-13T01:45:28.519+0000][1][safepoint    ] Application time: 0.0003004 seconds
[2022-06-13T01:45:28.520+0000][1][safepoint    ] Entering safepoint region: RevokeBias
[2022-06-13T01:45:28.520+0000][1][safepoint    ] Leaving safepoint region
[2022-06-13T01:45:28.521+0000][1][safepoint    ] Total time for which application threads were stopped: 0.0009299 seconds, Stopping threads took: 0.0003921 seconds
[2022-06-13T01:45:28.521+0000][1][safepoint    ] Application time: 0.0001751 seconds
[2022-06-13T01:45:28.522+0000][1][safepoint    ] Entering safepoint region: RevokeBias
[2022-06-13T01:45:28.522+0000][1][safepoint    ] Leaving safepoint region
[2022-06-13T01:45:28.523+0000][1][safepoint    ] Total time for which application threads were stopped: 0.0009701 seconds, Stopping threads took: 0.0004773 seconds
[2022-06-13T01:45:28.523+0000][1][safepoint    ] Application time: 0.0001476 seconds
[2022-06-13T01:45:28.524+0000][1][safepoint    ] Entering safepoint region: RevokeBias
[2022-06-13T01:45:28.525+0000][1][safepoint    ] Leaving safepoint region
[2022-06-13T01:45:28.525+0000][1][safepoint    ] Total time for which application threads were stopped: 0.0010929 seconds, Stopping threads took: 0.0007223 seconds
[2022-06-13T01:45:28.525+0000][1][safepoint    ] Application time: 0.0002395 seconds
[2022-06-13T01:45:28.526+0000][1][safepoint    ] Entering safepoint region: RevokeBias
[2022-06-13T01:45:28.526+0000][1][safepoint    ] Leaving safepoint region
[2022-06-13T01:45:28.527+0000][1][safepoint    ] Total time for which application threads were stopped: 0.0008720 seconds, Stopping threads took: 0.0003753 seconds
[2022-06-13T01:45:28.527+0000][1][safepoint    ] Application time: 0.0001134 seconds
[2022-06-13T01:45:28.527+0000][1][safepoint    ] Entering safepoint region: RevokeBias
[2022-06-13T01:45:28.528+0000][1][safepoint    ] Leaving safepoint region
[2022-06-13T01:45:28.528+0000][1][safepoint    ] Total time for which application threads were stopped: 0.0006699 seconds, Stopping threads took: 0.0003027 seconds
[2022-06-13T01:45:28.528+0000][1][safepoint    ] Application time: 0.0000799 seconds
[2022-06-13T01:45:28.529+0000][1][safepoint    ] Entering safepoint region: RevokeBias
[2022-06-13T01:45:28.529+0000][1][safepoint    ] Leaving safepoint region
[2022-06-13T01:45:28.529+0000][1][safepoint    ] Total time for which application threads were stopped: 0.0005609 seconds, Stopping threads took: 0.0002424 seconds
[2022-06-13T01:45:28.529+0000][1][safepoint    ] Application time: 0.0000754 seconds
[2022-06-13T01:45:28.530+0000][1][safepoint    ] Entering safepoint region: BulkRevokeBias
[2022-06-13T01:45:28.530+0000][1][safepoint    ] Leaving safepoint region
[2022-06-13T01:45:28.530+0000][1][safepoint    ] Total time for which application threads were stopped: 0.0006177 seconds, Stopping threads took: 0.0002491 seconds
[2022-06-13T01:45:28.531+0000][1][safepoint    ] Application time: 0.0002179 seconds
[2022-06-13T01:45:28.531+0000][1][safepoint    ] Entering safepoint region: RevokeBias
[2022-06-13T01:45:28.531+0000][1][safepoint    ] Leaving safepoint region
[2022-06-13T01:45:28.532+0000][1][safepoint    ] Total time for which application threads were stopped: 0.0005137 seconds, Stopping threads took: 0.0002391 seconds
[2022-06-13T01:45:28.532+0000][1][safepoint    ] Application time: 0.0001007 seconds
[2022-06-13T01:45:28.532+0000][1][safepoint    ] Entering safepoint region: RevokeBias
[2022-06-13T01:45:28.532+0000][1][safepoint    ] Leaving safepoint region
[2022-06-13T01:45:28.533+0000][1][safepoint    ] Total time for which application threads were stopped: 0.0004084 seconds, Stopping threads took: 0.0002093 seconds
[2022-06-13T01:45:28.533+0000][1][safepoint    ] Application time: 0.0002041 seconds
[2022-06-13T01:45:28.533+0000][1][safepoint    ] Entering safepoint region: RevokeBias
[2022-06-13T01:45:28.533+0000][1][safepoint    ] Leaving safepoint region
[2022-06-13T01:45:28.533+0000][1][safepoint    ] Total time for which application threads were stopped: 0.0003840 seconds, Stopping threads took: 0.0001708 seconds
[2022-06-13T01:45:28.534+0000][1][safepoint    ] Application time: 0.0001129 seconds
[2022-06-13T01:45:28.534+0000][1][safepoint    ] Entering safepoint region: RevokeBias
[2022-06-13T01:45:28.534+0000][1][safepoint    ] Leaving safepoint region
[2022-06-13T01:45:28.534+0000][1][safepoint    ] Total time for which application threads were stopped: 0.0004492 seconds, Stopping threads took: 0.0002097 seconds
[2022-06-13T01:45:28.535+0000][1][safepoint    ] Application time: 0.0001689 seconds
[2022-06-13T01:45:28.535+0000][1][safepoint    ] Entering safepoint region: RevokeBias
[2022-06-13T01:45:28.535+0000][1][safepoint    ] Leaving safepoint region
[2022-06-13T01:45:28.536+0000][1][safepoint    ] Total time for which application threads were stopped: 0.0004186 seconds, Stopping threads took: 0.0001937 seconds
[2022-06-13T01:45:28.536+0000][1][safepoint    ] Application time: 0.0001022 seconds
[2022-06-13T01:45:28.536+0000][1][safepoint    ] Entering safepoint region: RevokeBias
[2022-06-13T01:45:28.536+0000][1][safepoint    ] Leaving safepoint region
[2022-06-13T01:45:28.536+0000][1][safepoint    ] Total time for which application threads were stopped: 0.0003937 seconds, Stopping threads took: 0.0001690 seconds
[2022-06-13T01:45:28.537+0000][1][safepoint    ] Application time: 0.0000966 seconds
[2022-06-13T01:45:28.537+0000][1][safepoint    ] Entering safepoint region: RevokeBias
[2022-06-13T01:45:28.537+0000][1][safepoint    ] Leaving safepoint region
[2022-06-13T01:45:28.537+0000][1][safepoint    ] Total time for which application threads were stopped: 0.0003791 seconds, Stopping threads took: 0.0001835 seconds
[2022-06-13T01:45:28.537+0000][1][safepoint    ] Application time: 0.0000793 seconds
[2022-06-13T01:45:28.538+0000][1][safepoint    ] Entering safepoint region: RevokeBias
[2022-06-13T01:45:28.538+0000][1][safepoint    ] Leaving safepoint region
[2022-06-13T01:45:28.538+0000][1][safepoint    ] Total time for which application threads were stopped: 0.0007083 seconds, Stopping threads took: 0.0005237 seconds
[2022-06-13T01:45:28.538+0000][1][safepoint    ] Application time: 0.0000932 seconds
[2022-06-13T01:45:28.539+0000][1][safepoint    ] Entering safepoint region: RevokeBias
[2022-06-13T01:45:28.539+0000][1][safepoint    ] Leaving safepoint region
[2022-06-13T01:45:28.539+0000][1][safepoint    ] Total time for which application threads were stopped: 0.0003246 seconds, Stopping threads took: 0.0001535 seconds
[2022-06-13T01:45:28.539+0000][1][safepoint    ] Application time: 0.0000853 seconds
[2022-06-13T01:45:28.540+0000][1][safepoint    ] Entering safepoint region: RevokeBias
[2022-06-13T01:45:28.540+0000][1][safepoint    ] Leaving safepoint region
[2022-06-13T01:45:28.540+0000][1][safepoint    ] Total time for which application threads were stopped: 0.0005583 seconds, Stopping threads took: 0.0002946 seconds
[2022-06-13T01:45:28.541+0000][1][safepoint    ] Application time: 0.0001019 seconds
[2022-06-13T01:45:28.541+0000][1][safepoint    ] Entering safepoint region: RevokeBias
[2022-06-13T01:45:28.541+0000][1][safepoint    ] Leaving safepoint region
[2022-06-13T01:45:28.541+0000][1][safepoint    ] Total time for which application threads were stopped: 0.0004011 seconds, Stopping threads took: 0.0001766 seconds
[2022-06-13T01:45:28.541+0000][1][safepoint    ] Application time: 0.0001038 seconds
[2022-06-13T01:45:28.542+0000][1][safepoint    ] Entering safepoint region: RevokeBias
[2022-06-13T01:45:28.542+0000][1][safepoint    ] Leaving safepoint region
[2022-06-13T01:45:28.542+0000][1][safepoint    ] Total time for which application threads were stopped: 0.0004143 seconds, Stopping threads took: 0.0001944 seconds
[2022-06-13T01:45:28.542+0000][1][safepoint    ] Application time: 0.0000788 seconds
[2022-06-13T01:45:28.542+0000][1][safepoint    ] Entering safepoint region: RevokeBias
[2022-06-13T01:45:28.543+0000][1][safepoint    ] Leaving safepoint region
[2022-06-13T01:45:28.543+0000][1][safepoint    ] Total time for which application threads were stopped: 0.0003828 seconds, Stopping threads took: 0.0001773 seconds
[2022-06-13T01:45:28.543+0000][1][safepoint    ] Application time: 0.0001031 seconds
[2022-06-13T01:45:28.543+0000][1][safepoint    ] Entering safepoint region: RevokeBias
[2022-06-13T01:45:28.543+0000][1][safepoint    ] Leaving safepoint region
[2022-06-13T01:45:28.543+0000][1][safepoint    ] Total time for which application threads were stopped: 0.0003122 seconds, Stopping threads took: 0.0001251 seconds
[2022-06-13T01:45:28.544+0000][1][safepoint    ] Application time: 0.0000815 seconds
[2022-06-13T01:45:28.544+0000][1][safepoint    ] Entering safepoint region: RevokeBias
[2022-06-13T01:45:28.544+0000][1][safepoint    ] Leaving safepoint region
[2022-06-13T01:45:28.544+0000][1][safepoint    ] Total time for which application threads were stopped: 0.0003197 seconds, Stopping threads took: 0.0001368 seconds
[2022-06-13T01:45:28.544+0000][1][safepoint    ] Application time: 0.0000792 seconds
[2022-06-13T01:45:28.545+0000][1][safepoint    ] Entering safepoint region: RevokeBias
[2022-06-13T01:45:28.545+0000][1][safepoint    ] Leaving safepoint region
[2022-06-13T01:45:28.545+0000][1][safepoint    ] Total time for which application threads were stopped: 0.0003175 seconds, Stopping threads took: 0.0001446 seconds
[2022-06-13T01:45:28.545+0000][1][safepoint    ] Application time: 0.0000774 seconds
[2022-06-13T01:45:28.545+0000][1][safepoint    ] Entering safepoint region: RevokeBias
[2022-06-13T01:45:28.545+0000][1][safepoint    ] Leaving safepoint region
[2022-06-13T01:45:28.546+0000][1][safepoint    ] Total time for which application threads were stopped: 0.0003368 seconds, Stopping threads took: 0.0001520 seconds
[2022-06-13T01:45:28.546+0000][1][safepoint    ] Application time: 0.0000824 seconds
[2022-06-13T01:45:28.546+0000][1][safepoint    ] Entering safepoint region: RevokeBias
[2022-06-13T01:45:28.546+0000][1][safepoint    ] Leaving safepoint region
[2022-06-13T01:45:28.546+0000][1][safepoint    ] Total time for which application threads were stopped: 0.0003490 seconds, Stopping threads took: 0.0001554 seconds
[2022-06-13T01:45:28.547+0000][1][safepoint    ] Application time: 0.0000857 seconds
[2022-06-13T01:45:28.547+0000][1][safepoint    ] Entering safepoint region: RevokeBias
[2022-06-13T01:45:28.547+0000][1][safepoint    ] Leaving safepoint region
[2022-06-13T01:45:28.547+0000][1][safepoint    ] Total time for which application threads were stopped: 0.0003525 seconds, Stopping threads took: 0.0001625 seconds
[2022-06-13T01:45:28.547+0000][1][safepoint    ] Application time: 0.0000911 seconds
[2022-06-13T01:45:28.547+0000][1][safepoint    ] Entering safepoint region: RevokeBias
[2022-06-13T01:45:28.548+0000][1][safepoint    ] Leaving safepoint region
[2022-06-13T01:45:28.548+0000][1][safepoint    ] Total time for which application threads were stopped: 0.0003919 seconds, Stopping threads took: 0.0001593 seconds
[2022-06-13T01:45:28.548+0000][1][safepoint    ] Application time: 0.0000695 seconds
[2022-06-13T01:45:28.548+0000][1][safepoint    ] Entering safepoint region: RevokeBias
[2022-06-13T01:45:28.548+0000][1][safepoint    ] Leaving safepoint region
[2022-06-13T01:45:28.548+0000][1][safepoint    ] Total time for which application threads were stopped: 0.0003163 seconds, Stopping threads took: 0.0001458 seconds
[2022-06-13T01:45:28.549+0000][1][safepoint    ] Application time: 0.0000776 seconds
[2022-06-13T01:45:28.549+0000][1][safepoint    ] Entering safepoint region: RevokeBias
[2022-06-13T01:45:28.549+0000][1][safepoint    ] Leaving safepoint region
[2022-06-13T01:45:28.549+0000][1][safepoint    ] Total time for which application threads were stopped: 0.0003576 seconds, Stopping threads took: 0.0001365 seconds
[2022-06-13T01:45:28.550+0000][1][safepoint    ] Application time: 0.0001045 seconds
[2022-06-13T01:45:28.550+0000][1][safepoint    ] Entering safepoint region: RevokeBias
[2022-06-13T01:45:28.550+0000][1][safepoint    ] Leaving safepoint region
[2022-06-13T01:45:28.550+0000][1][safepoint    ] Total time for which application threads were stopped: 0.0003130 seconds, Stopping threads took: 0.0001418 seconds
[2022-06-13T01:45:28.550+0000][1][safepoint    ] Application time: 0.0001004 seconds
[2022-06-13T01:45:28.551+0000][1][safepoint    ] Entering safepoint region: BulkRevokeBias
[2022-06-13T01:45:28.551+0000][1][safepoint    ] Leaving safepoint region
[2022-06-13T01:45:28.551+0000][1][safepoint    ] Total time for which application threads were stopped: 0.0004849 seconds, Stopping threads took: 0.0001763 seconds
[2022-06-13T01:45:28.552+0000][1][safepoint    ] Application time: 0.0004298 seconds
[2022-06-13T01:45:28.552+0000][1][safepoint    ] Entering safepoint region: RevokeBias
[2022-06-13T01:45:28.553+0000][1][safepoint    ] Leaving safepoint region
[2022-06-13T01:45:28.553+0000][1][safepoint    ] Total time for which application threads were stopped: 0.0010011 seconds, Stopping threads took: 0.0007801 seconds
[2022-06-13T01:45:28.553+0000][1][safepoint    ] Application time: 0.0001751 seconds
[2022-06-13T01:45:28.553+0000][1][safepoint    ] Entering safepoint region: RevokeBias
[2022-06-13T01:45:28.553+0000][1][safepoint    ] Leaving safepoint region
[2022-06-13T01:45:28.554+0000][1][safepoint    ] Total time for which application threads were stopped: 0.0003746 seconds, Stopping threads took: 0.0001696 seconds
[2022-06-13T01:45:28.554+0000][1][safepoint    ] Application time: 0.0002439 seconds
[2022-06-13T01:45:28.554+0000][1][safepoint    ] Entering safepoint region: RevokeBias
[2022-06-13T01:45:28.555+0000][1][safepoint    ] Leaving safepoint region
[2022-06-13T01:45:28.555+0000][1][safepoint    ] Total time for which application threads were stopped: 0.0004785 seconds, Stopping threads took: 0.0002377 seconds
[2022-06-13T01:45:28.555+0000][1][safepoint    ] Application time: 0.0000890 seconds
[2022-06-13T01:45:28.555+0000][1][safepoint    ] Entering safepoint region: RevokeBias
[2022-06-13T01:45:28.556+0000][1][safepoint    ] Leaving safepoint region
[2022-06-13T01:45:28.556+0000][1][safepoint    ] Total time for which application threads were stopped: 0.0009445 seconds, Stopping threads took: 0.0005920 seconds
[2022-06-13T01:45:28.556+0000][1][safepoint    ] Application time: 0.0001067 seconds
[2022-06-13T01:45:28.557+0000][1][safepoint    ] Entering safepoint region: RevokeBias
[2022-06-13T01:45:28.557+0000][1][safepoint    ] Leaving safepoint region
[2022-06-13T01:45:28.557+0000][1][safepoint    ] Total time for which application threads were stopped: 0.0004093 seconds, Stopping threads took: 0.0001798 seconds
[2022-06-13T01:45:28.557+0000][1][safepoint    ] Application time: 0.0000909 seconds
[2022-06-13T01:45:28.558+0000][1][safepoint    ] Entering safepoint region: RevokeBias
[2022-06-13T01:45:28.558+0000][1][safepoint    ] Leaving safepoint region
[2022-06-13T01:45:28.558+0000][1][safepoint    ] Total time for which application threads were stopped: 0.0005128 seconds, Stopping threads took: 0.0003178 seconds
[2022-06-13T01:45:28.559+0000][1][safepoint    ] Application time: 0.0006724 seconds
[2022-06-13T01:45:28.560+0000][1][safepoint    ] Entering safepoint region: RevokeBias
[2022-06-13T01:45:28.560+0000][1][safepoint    ] Leaving safepoint region
[2022-06-13T01:45:28.560+0000][1][safepoint    ] Total time for which application threads were stopped: 0.0009381 seconds, Stopping threads took: 0.0007436 seconds
[2022-06-13T01:45:28.561+0000][1][safepoint    ] Application time: 0.0002834 seconds
[2022-06-13T01:45:28.561+0000][1][safepoint    ] Entering safepoint region: RevokeBias
[2022-06-13T01:45:28.561+0000][1][safepoint    ] Leaving safepoint region
[2022-06-13T01:45:28.561+0000][1][safepoint    ] Total time for which application threads were stopped: 0.0004078 seconds, Stopping threads took: 0.0002011 seconds
[2022-06-13T01:45:28.562+0000][1][safepoint    ] Application time: 0.0007835 seconds
[2022-06-13T01:45:28.562+0000][1][safepoint    ] Entering safepoint region: RevokeBias
[2022-06-13T01:45:28.563+0000][1][safepoint    ] Leaving safepoint region
[2022-06-13T01:45:28.563+0000][1][safepoint    ] Total time for which application threads were stopped: 0.0004753 seconds, Stopping threads took: 0.0002653 seconds
[2022-06-13T01:45:28.563+0000][1][safepoint    ] Application time: 0.0001744 seconds
[2022-06-13T01:45:28.563+0000][1][safepoint    ] Entering safepoint region: RevokeBias
[2022-06-13T01:45:28.564+0000][1][safepoint    ] Leaving safepoint region
[2022-06-13T01:45:28.564+0000][1][safepoint    ] Total time for which application threads were stopped: 0.0004707 seconds, Stopping threads took: 0.0002132 seconds
[2022-06-13T01:45:28.565+0000][1][safepoint    ] Application time: 0.0007874 seconds
[2022-06-13T01:45:28.565+0000][1][safepoint    ] Entering safepoint region: RevokeBias
[2022-06-13T01:45:28.565+0000][1][safepoint    ] Leaving safepoint region
[2022-06-13T01:45:28.565+0000][1][safepoint    ] Total time for which application threads were stopped: 0.0004941 seconds, Stopping threads took: 0.0002289 seconds
[2022-06-13T01:45:28.566+0000][1][safepoint    ] Application time: 0.0002214 seconds
[2022-06-13T01:45:28.566+0000][1][safepoint    ] Entering safepoint region: RevokeBias
[2022-06-13T01:45:28.566+0000][1][safepoint    ] Leaving safepoint region
[2022-06-13T01:45:28.567+0000][1][safepoint    ] Total time for which application threads were stopped: 0.0005768 seconds, Stopping threads took: 0.0002659 seconds
[2022-06-13T01:45:28.567+0000][1][safepoint    ] Application time: 0.0003411 seconds
[2022-06-13T01:45:28.568+0000][1][safepoint    ] Entering safepoint region: RevokeBias
[2022-06-13T01:45:28.568+0000][1][safepoint    ] Leaving safepoint region
[2022-06-13T01:45:28.568+0000][1][safepoint    ] Total time for which application threads were stopped: 0.0004297 seconds, Stopping threads took: 0.0002116 seconds
[2022-06-13T01:45:28.568+0000][1][safepoint    ] Application time: 0.0001224 seconds
[2022-06-13T01:45:28.569+0000][1][safepoint    ] Entering safepoint region: RevokeBias
[2022-06-13T01:45:28.569+0000][1][safepoint    ] Leaving safepoint region
[2022-06-13T01:45:28.569+0000][1][safepoint    ] Total time for which application threads were stopped: 0.0004520 seconds, Stopping threads took: 0.0001686 seconds
[2022-06-13T01:45:28.570+0000][1][safepoint    ] Application time: 0.0005463 seconds
[2022-06-13T01:45:28.570+0000][1][safepoint    ] Entering safepoint region: RevokeBias
[2022-06-13T01:45:28.571+0000][1][safepoint    ] Leaving safepoint region
[2022-06-13T01:45:28.571+0000][1][safepoint    ] Total time for which application threads were stopped: 0.0007699 seconds, Stopping threads took: 0.0005175 seconds
[2022-06-13T01:45:28.572+0000][1][safepoint    ] Application time: 0.0004574 seconds
[2022-06-13T01:45:28.572+0000][1][safepoint    ] Entering safepoint region: RevokeBias
[2022-06-13T01:45:28.572+0000][1][safepoint    ] Leaving safepoint region
[2022-06-13T01:45:28.572+0000][1][safepoint    ] Total time for which application threads were stopped: 0.0004683 seconds, Stopping threads took: 0.0002381 seconds
[2022-06-13T01:45:28.574+0000][1][safepoint    ] Application time: 0.0017454 seconds
[2022-06-13T01:45:28.575+0000][1][safepoint    ] Entering safepoint region: RevokeBias
[2022-06-13T01:45:28.575+0000][1][safepoint    ] Leaving safepoint region
[2022-06-13T01:45:28.576+0000][1][safepoint    ] Total time for which application threads were stopped: 0.0010627 seconds, Stopping threads took: 0.0006835 seconds
[2022-06-13T01:45:28.577+0000][1][safepoint    ] Application time: 0.0006016 seconds
[2022-06-13T01:45:28.577+0000][1][safepoint    ] Entering safepoint region: RevokeBias
[2022-06-13T01:45:28.577+0000][1][safepoint    ] Leaving safepoint region
[2022-06-13T01:45:28.578+0000][1][safepoint    ] Total time for which application threads were stopped: 0.0004238 seconds, Stopping threads took: 0.0001765 seconds
[2022-06-13T01:45:28.578+0000][1][safepoint    ] Application time: 0.0001229 seconds
[2022-06-13T01:45:28.578+0000][1][safepoint    ] Entering safepoint region: RevokeBias
[2022-06-13T01:45:28.578+0000][1][safepoint    ] Leaving safepoint region
[2022-06-13T01:45:28.579+0000][1][safepoint    ] Total time for which application threads were stopped: 0.0003663 seconds, Stopping threads took: 0.0001417 seconds
[2022-06-13T01:45:28.580+0000][1][safepoint    ] Application time: 0.0011708 seconds
[2022-06-13T01:45:28.580+0000][1][safepoint    ] Entering safepoint region: RevokeBias
[2022-06-13T01:45:28.581+0000][1][safepoint    ] Leaving safepoint region
[2022-06-13T01:45:28.581+0000][1][safepoint    ] Total time for which application threads were stopped: 0.0010545 seconds, Stopping threads took: 0.0006554 seconds
[2022-06-13T01:45:28.583+0000][1][safepoint    ] Application time: 0.0013222 seconds
[2022-06-13T01:45:28.583+0000][1][safepoint    ] Entering safepoint region: RevokeBias
[2022-06-13T01:45:28.583+0000][1][safepoint    ] Leaving safepoint region
[2022-06-13T01:45:28.584+0000][1][safepoint    ] Total time for which application threads were stopped: 0.0006911 seconds, Stopping threads took: 0.0002304 seconds
[2022-06-13T01:45:28.584+0000][1][safepoint    ] Application time: 0.0002081 seconds
[2022-06-13T01:45:28.585+0000][1][safepoint    ] Entering safepoint region: RevokeBias
[2022-06-13T01:45:28.585+0000][1][safepoint    ] Leaving safepoint region
[2022-06-13T01:45:28.585+0000][1][safepoint    ] Total time for which application threads were stopped: 0.0010860 seconds, Stopping threads took: 0.0007350 seconds
[2022-06-13T01:45:28.586+0000][1][safepoint    ] Application time: 0.0005109 seconds
[2022-06-13T01:45:28.587+0000][1][safepoint    ] Entering safepoint region: RevokeBias
[2022-06-13T01:45:28.587+0000][1][safepoint    ] Leaving safepoint region
[2022-06-13T01:45:28.588+0000][1][safepoint    ] Total time for which application threads were stopped: 0.0011770 seconds, Stopping threads took: 0.0008161 seconds
[2022-06-13T01:45:28.624+0000][1][safepoint    ] Application time: 0.0362384 seconds
[2022-06-13T01:45:28.625+0000][1][safepoint    ] Entering safepoint region: GenCollectForAllocation
[2022-06-13T01:45:28.625+0000][1][gc,start     ] GC(19) Pause Young (Allocation Failure)
[2022-06-13T01:45:28.626+0000][1][gc,task      ] GC(19) Using 5 workers of 13 for evacuation
[2022-06-13T01:45:28.633+0000][1][gc,age       ] GC(19) Desired survivor size 4456448 bytes, new threshold 2 (max threshold 6)
[2022-06-13T01:45:28.633+0000][1][gc,age       ] GC(19) Age table with threshold 2 (max threshold 6)
[2022-06-13T01:45:28.634+0000][1][gc,age       ] GC(19) - age   1:    2864720 bytes,    2864720 total
[2022-06-13T01:45:28.634+0000][1][gc,age       ] GC(19) - age   2:    3970384 bytes,    6835104 total
[2022-06-13T01:45:28.635+0000][1][gc,age       ] GC(19) - age   3:     201864 bytes,    7036968 total
[2022-06-13T01:45:28.636+0000][1][gc,heap      ] GC(19) ParNew: 74720K->8467K(78656K)
[2022-06-13T01:45:28.636+0000][1][gc,heap      ] GC(19) CMS: 55448K->55448K(174784K)
[2022-06-13T01:45:28.637+0000][1][gc,metaspace ] GC(19) Metaspace: 47649K->47649K(1093632K)
[2022-06-13T01:45:28.638+0000][1][gc           ] GC(19) Pause Young (Allocation Failure) 127M->62M(247M) 12.192ms
[2022-06-13T01:45:28.638+0000][1][gc,cpu       ] GC(19) User=0.04s Sys=0.00s Real=0.01s
[2022-06-13T01:45:28.639+0000][1][safepoint    ] Leaving safepoint region
[2022-06-13T01:45:28.640+0000][1][safepoint    ] Total time for which application threads were stopped: 0.0151800 seconds, Stopping threads took: 0.0005085 seconds
[2022-06-13T01:45:29.365+0000][1][safepoint    ] Application time: 0.7249850 seconds
[2022-06-13T01:45:29.366+0000][1][safepoint    ] Entering safepoint region: GenCollectForAllocation
[2022-06-13T01:45:29.368+0000][1][gc,start     ] GC(20) Pause Young (Allocation Failure)
[2022-06-13T01:45:29.369+0000][1][gc,task      ] GC(20) Using 5 workers of 13 for evacuation
[2022-06-13T01:45:29.380+0000][1][gc,age       ] GC(20) Desired survivor size 4456448 bytes, new threshold 6 (max threshold 6)
[2022-06-13T01:45:29.380+0000][1][gc,age       ] GC(20) Age table with threshold 6 (max threshold 6)
[2022-06-13T01:45:29.381+0000][1][gc,age       ] GC(20) - age   1:    1591920 bytes,    1591920 total
[2022-06-13T01:45:29.381+0000][1][gc,age       ] GC(20) - age   2:    2816280 bytes,    4408200 total
[2022-06-13T01:45:29.382+0000][1][gc,heap      ] GC(20) ParNew: 78419K->7243K(78656K)
[2022-06-13T01:45:29.382+0000][1][gc,heap      ] GC(20) CMS: 55448K->59669K(174784K)
[2022-06-13T01:45:29.383+0000][1][gc,metaspace ] GC(20) Metaspace: 54631K->54631K(1099776K)
[2022-06-13T01:45:29.383+0000][1][gc           ] GC(20) Pause Young (Allocation Failure) 130M->65M(247M) 14.888ms
[2022-06-13T01:45:29.383+0000][1][gc,cpu       ] GC(20) User=0.05s Sys=0.00s Real=0.02s
[2022-06-13T01:45:29.384+0000][1][safepoint    ] Leaving safepoint region
[2022-06-13T01:45:29.384+0000][1][safepoint    ] Total time for which application threads were stopped: 0.0177037 seconds, Stopping threads took: 0.0007581 seconds
[2022-06-13T01:45:29.398+0000][1][safepoint    ] Application time: 0.0139427 seconds
[2022-06-13T01:45:29.399+0000][1][safepoint    ] Entering safepoint region: BulkRevokeBias
[2022-06-13T01:45:29.399+0000][1][safepoint    ] Leaving safepoint region
[2022-06-13T01:45:29.400+0000][1][safepoint    ] Total time for which application threads were stopped: 0.0008770 seconds, Stopping threads took: 0.0003233 seconds
[2022-06-13T01:45:29.401+0000][1][safepoint    ] Application time: 0.0014264 seconds
[2022-06-13T01:45:29.402+0000][1][safepoint    ] Entering safepoint region: RevokeBias
[2022-06-13T01:45:29.403+0000][1][safepoint    ] Leaving safepoint region
[2022-06-13T01:45:29.403+0000][1][safepoint    ] Total time for which application threads were stopped: 0.0010025 seconds, Stopping threads took: 0.0005612 seconds
[2022-06-13T01:45:29.494+0000][1][safepoint    ] Application time: 0.0901697 seconds
[2022-06-13T01:45:29.494+0000][1][safepoint    ] Entering safepoint region: RevokeBias
[2022-06-13T01:45:29.495+0000][1][safepoint    ] Leaving safepoint region
[2022-06-13T01:45:29.496+0000][1][safepoint    ] Total time for which application threads were stopped: 0.0013888 seconds, Stopping threads took: 0.0004095 seconds
[2022-06-13T01:45:29.545+0000][1][safepoint    ] Application time: 0.0489174 seconds
[2022-06-13T01:45:29.546+0000][1][safepoint    ] Entering safepoint region: Deoptimize
[2022-06-13T01:45:29.547+0000][1][safepoint    ] Leaving safepoint region
[2022-06-13T01:45:29.547+0000][1][safepoint    ] Total time for which application threads were stopped: 0.0018687 seconds, Stopping threads took: 0.0006505 seconds
[2022-06-13T01:45:29.596+0000][1][safepoint    ] Application time: 0.0480656 seconds
[2022-06-13T01:45:29.597+0000][1][safepoint    ] Entering safepoint region: RevokeBias
[2022-06-13T01:45:29.597+0000][1][safepoint    ] Leaving safepoint region
[2022-06-13T01:45:29.598+0000][1][safepoint    ] Total time for which application threads were stopped: 0.0011759 seconds, Stopping threads took: 0.0006708 seconds
[2022-06-13T01:45:29.599+0000][1][safepoint    ] Application time: 0.0004482 seconds
[2022-06-13T01:45:29.599+0000][1][safepoint    ] Entering safepoint region: RevokeBias
[2022-06-13T01:45:29.599+0000][1][safepoint    ] Leaving safepoint region
[2022-06-13T01:45:29.600+0000][1][safepoint    ] Total time for which application threads were stopped: 0.0008573 seconds, Stopping threads took: 0.0004923 seconds
[2022-06-13T01:45:29.601+0000][1][safepoint    ] Application time: 0.0003850 seconds
[2022-06-13T01:45:29.601+0000][1][safepoint    ] Entering safepoint region: RevokeBias
[2022-06-13T01:45:29.602+0000][1][safepoint    ] Leaving safepoint region
[2022-06-13T01:45:29.602+0000][1][safepoint    ] Total time for which application threads were stopped: 0.0009920 seconds, Stopping threads took: 0.0004655 seconds
[2022-06-13T01:45:29.608+0000][1][safepoint    ] Application time: 0.0053710 seconds
[2022-06-13T01:45:29.608+0000][1][safepoint    ] Entering safepoint region: RevokeBias
[2022-06-13T01:45:29.609+0000][1][safepoint    ] Leaving safepoint region
[2022-06-13T01:45:29.609+0000][1][safepoint    ] Total time for which application threads were stopped: 0.0007650 seconds, Stopping threads took: 0.0003270 seconds
[2022-06-13T01:45:29.882+0000][1][safepoint    ] Application time: 0.2725239 seconds
[2022-06-13T01:45:29.883+0000][1][safepoint    ] Entering safepoint region: Deoptimize
[2022-06-13T01:45:29.885+0000][1][safepoint    ] Leaving safepoint region
[2022-06-13T01:45:29.886+0000][1][safepoint    ] Total time for which application threads were stopped: 0.0030571 seconds, Stopping threads took: 0.0003930 seconds
[2022-06-13T01:45:29.907+0000][1][safepoint    ] Application time: 0.0210095 seconds
[2022-06-13T01:45:29.908+0000][1][safepoint    ] Entering safepoint region: RevokeBias
[2022-06-13T01:45:29.908+0000][1][safepoint    ] Leaving safepoint region
[2022-06-13T01:45:29.908+0000][1][safepoint    ] Total time for which application threads were stopped: 0.0008599 seconds, Stopping threads took: 0.0003820 seconds
[2022-06-13T01:45:29.966+0000][1][safepoint    ] Application time: 0.0570485 seconds
[2022-06-13T01:45:29.967+0000][1][safepoint    ] Entering safepoint region: RevokeBias
[2022-06-13T01:45:29.967+0000][1][safepoint    ] Leaving safepoint region
[2022-06-13T01:45:29.968+0000][1][safepoint    ] Total time for which application threads were stopped: 0.0010371 seconds, Stopping threads took: 0.0006353 seconds
[2022-06-13T01:45:30.300+0000][1][safepoint    ] Application time: 0.3319721 seconds
[2022-06-13T01:45:30.300+0000][1][safepoint    ] Entering safepoint region: RevokeBias
[2022-06-13T01:45:30.301+0000][1][safepoint    ] Leaving safepoint region
[2022-06-13T01:45:30.301+0000][1][safepoint    ] Total time for which application threads were stopped: 0.0006852 seconds, Stopping threads took: 0.0003035 seconds
[2022-06-13T01:45:30.301+0000][1][safepoint    ] Application time: 0.0001915 seconds
[2022-06-13T01:45:30.302+0000][1][safepoint    ] Entering safepoint region: RevokeBias
[2022-06-13T01:45:30.302+0000][1][safepoint    ] Leaving safepoint region
[2022-06-13T01:45:30.302+0000][1][safepoint    ] Total time for which application threads were stopped: 0.0005353 seconds, Stopping threads took: 0.0002318 seconds
[2022-06-13T01:45:30.303+0000][1][safepoint    ] Application time: 0.0002189 seconds
[2022-06-13T01:45:30.303+0000][1][safepoint    ] Entering safepoint region: RevokeBias
[2022-06-13T01:45:30.304+0000][1][safepoint    ] Leaving safepoint region
[2022-06-13T01:45:30.304+0000][1][safepoint    ] Total time for which application threads were stopped: 0.0006865 seconds, Stopping threads took: 0.0003522 seconds
[2022-06-13T01:45:30.305+0000][1][safepoint    ] Application time: 0.0005797 seconds
[2022-06-13T01:45:30.305+0000][1][safepoint    ] Entering safepoint region: RevokeBias
[2022-06-13T01:45:30.306+0000][1][safepoint    ] Leaving safepoint region
[2022-06-13T01:45:30.306+0000][1][safepoint    ] Total time for which application threads were stopped: 0.0006967 seconds, Stopping threads took: 0.0002912 seconds
[2022-06-13T01:45:30.306+0000][1][safepoint    ] Application time: 0.0002284 seconds
[2022-06-13T01:45:30.307+0000][1][safepoint    ] Entering safepoint region: RevokeBias
[2022-06-13T01:45:30.307+0000][1][safepoint    ] Leaving safepoint region
[2022-06-13T01:45:30.307+0000][1][safepoint    ] Total time for which application threads were stopped: 0.0004643 seconds, Stopping threads took: 0.0002235 seconds
[2022-06-13T01:45:30.308+0000][1][safepoint    ] Application time: 0.0002512 seconds
[2022-06-13T01:45:30.308+0000][1][safepoint    ] Entering safepoint region: RevokeBias
[2022-06-13T01:45:30.308+0000][1][safepoint    ] Leaving safepoint region
[2022-06-13T01:45:30.308+0000][1][safepoint    ] Total time for which application threads were stopped: 0.0004653 seconds, Stopping threads took: 0.0002123 seconds
[2022-06-13T01:45:30.309+0000][1][safepoint    ] Application time: 0.0001709 seconds
[2022-06-13T01:45:30.309+0000][1][safepoint    ] Entering safepoint region: RevokeBias
[2022-06-13T01:45:30.309+0000][1][safepoint    ] Leaving safepoint region
[2022-06-13T01:45:30.310+0000][1][safepoint    ] Total time for which application threads were stopped: 0.0006200 seconds, Stopping threads took: 0.0002650 seconds
[2022-06-13T01:45:30.310+0000][1][safepoint    ] Application time: 0.0001795 seconds
[2022-06-13T01:45:30.310+0000][1][safepoint    ] Entering safepoint region: RevokeBias
[2022-06-13T01:45:30.311+0000][1][safepoint    ] Leaving safepoint region
[2022-06-13T01:45:30.311+0000][1][safepoint    ] Total time for which application threads were stopped: 0.0005575 seconds, Stopping threads took: 0.0002855 seconds
[2022-06-13T01:45:30.399+0000][1][safepoint    ] Application time: 0.0875269 seconds
[2022-06-13T01:45:30.399+0000][1][safepoint    ] Entering safepoint region: RevokeBias
[2022-06-13T01:45:30.400+0000][1][safepoint    ] Leaving safepoint region
[2022-06-13T01:45:30.400+0000][1][safepoint    ] Total time for which application threads were stopped: 0.0004159 seconds, Stopping threads took: 0.0002066 seconds
[2022-06-13T01:45:30.406+0000][1][safepoint    ] Application time: 0.0060060 seconds
[2022-06-13T01:45:30.407+0000][1][safepoint    ] Entering safepoint region: RevokeBias
[2022-06-13T01:45:30.407+0000][1][safepoint    ] Leaving safepoint region
[2022-06-13T01:45:30.407+0000][1][safepoint    ] Total time for which application threads were stopped: 0.0009827 seconds, Stopping threads took: 0.0007199 seconds
[2022-06-13T01:45:30.408+0000][1][safepoint    ] Application time: 0.0001503 seconds
[2022-06-13T01:45:30.408+0000][1][safepoint    ] Entering safepoint region: RevokeBias
[2022-06-13T01:45:30.408+0000][1][safepoint    ] Leaving safepoint region
[2022-06-13T01:45:30.409+0000][1][safepoint    ] Total time for which application threads were stopped: 0.0007271 seconds, Stopping threads took: 0.0002715 seconds
[2022-06-13T01:45:30.409+0000][1][safepoint    ] Application time: 0.0002637 seconds
[2022-06-13T01:45:30.409+0000][1][safepoint    ] Entering safepoint region: RevokeBias
[2022-06-13T01:45:30.410+0000][1][safepoint    ] Leaving safepoint region
[2022-06-13T01:45:30.410+0000][1][safepoint    ] Total time for which application threads were stopped: 0.0004547 seconds, Stopping threads took: 0.0002186 seconds
[2022-06-13T01:45:30.410+0000][1][safepoint    ] Application time: 0.0003824 seconds
[2022-06-13T01:45:30.411+0000][1][safepoint    ] Entering safepoint region: RevokeBias
[2022-06-13T01:45:30.411+0000][1][safepoint    ] Leaving safepoint region
[2022-06-13T01:45:30.411+0000][1][safepoint    ] Total time for which application threads were stopped: 0.0005631 seconds, Stopping threads took: 0.0003630 seconds
[2022-06-13T01:45:30.557+0000][1][safepoint    ] Application time: 0.1456460 seconds
[2022-06-13T01:45:30.558+0000][1][safepoint    ] Entering safepoint region: GenCollectForAllocation
[2022-06-13T01:45:30.558+0000][1][gc,start     ] GC(21) Pause Young (Allocation Failure)
[2022-06-13T01:45:30.559+0000][1][gc,task      ] GC(21) Using 5 workers of 13 for evacuation
[2022-06-13T01:45:30.567+0000][1][gc,age       ] GC(21) Desired survivor size 4456448 bytes, new threshold 2 (max threshold 6)
[2022-06-13T01:45:30.567+0000][1][gc,age       ] GC(21) Age table with threshold 2 (max threshold 6)
[2022-06-13T01:45:30.568+0000][1][gc,age       ] GC(21) - age   1:    4032288 bytes,    4032288 total
[2022-06-13T01:45:30.568+0000][1][gc,age       ] GC(21) - age   2:    1501344 bytes,    5533632 total
[2022-06-13T01:45:30.568+0000][1][gc,age       ] GC(21) - age   3:    2791280 bytes,    8324912 total
[2022-06-13T01:45:30.569+0000][1][gc,heap      ] GC(21) ParNew: 77195K->8704K(78656K)
[2022-06-13T01:45:30.569+0000][1][gc,heap      ] GC(21) CMS: 59669K->59669K(174784K)
[2022-06-13T01:45:30.569+0000][1][gc,metaspace ] GC(21) Metaspace: 62858K->62858K(1105920K)
[2022-06-13T01:45:30.570+0000][1][gc           ] GC(21) Pause Young (Allocation Failure) 133M->66M(247M) 11.488ms
[2022-06-13T01:45:30.570+0000][1][gc,cpu       ] GC(21) User=0.03s Sys=0.00s Real=0.02s
[2022-06-13T01:45:30.570+0000][1][safepoint    ] Leaving safepoint region
[2022-06-13T01:45:30.571+0000][1][safepoint    ] Total time for which application threads were stopped: 0.0130752 seconds, Stopping threads took: 0.0004893 seconds
[2022-06-13T01:45:30.588+0000][1][safepoint    ] Application time: 0.0173670 seconds
[2022-06-13T01:45:30.589+0000][1][safepoint    ] Entering safepoint region: Deoptimize
[2022-06-13T01:45:30.590+0000][1][safepoint    ] Leaving safepoint region
[2022-06-13T01:45:30.591+0000][1][safepoint    ] Total time for which application threads were stopped: 0.0015551 seconds, Stopping threads took: 0.0005624 seconds
[2022-06-13T01:45:30.603+0000][1][safepoint    ] Application time: 0.0113792 seconds
[2022-06-13T01:45:30.603+0000][1][safepoint    ] Entering safepoint region: RevokeBias
[2022-06-13T01:45:30.604+0000][1][safepoint    ] Leaving safepoint region
[2022-06-13T01:45:30.604+0000][1][safepoint    ] Total time for which application threads were stopped: 0.0007606 seconds, Stopping threads took: 0.0003606 seconds
[2022-06-13T01:45:30.605+0000][1][safepoint    ] Application time: 0.0005374 seconds
[2022-06-13T01:45:30.605+0000][1][safepoint    ] Entering safepoint region: RevokeBias
[2022-06-13T01:45:30.606+0000][1][safepoint    ] Leaving safepoint region
[2022-06-13T01:45:30.606+0000][1][safepoint    ] Total time for which application threads were stopped: 0.0010149 seconds, Stopping threads took: 0.0005165 seconds
[2022-06-13T01:45:30.607+0000][1][safepoint    ] Application time: 0.0007362 seconds
[2022-06-13T01:45:30.608+0000][1][safepoint    ] Entering safepoint region: BulkRevokeBias
[2022-06-13T01:45:30.608+0000][1][safepoint    ] Leaving safepoint region
[2022-06-13T01:45:30.609+0000][1][safepoint    ] Total time for which application threads were stopped: 0.0009357 seconds, Stopping threads took: 0.0004728 seconds
[2022-06-13T01:45:30.610+0000][1][safepoint    ] Application time: 0.0009029 seconds
[2022-06-13T01:45:30.610+0000][1][safepoint    ] Entering safepoint region: RevokeBias
[2022-06-13T01:45:30.611+0000][1][safepoint    ] Leaving safepoint region
[2022-06-13T01:45:30.611+0000][1][safepoint    ] Total time for which application threads were stopped: 0.0007169 seconds, Stopping threads took: 0.0003494 seconds
[2022-06-13T01:45:30.612+0000][1][safepoint    ] Application time: 0.0003307 seconds
[2022-06-13T01:45:30.612+0000][1][safepoint    ] Entering safepoint region: RevokeBias
[2022-06-13T01:45:30.612+0000][1][safepoint    ] Leaving safepoint region
[2022-06-13T01:45:30.612+0000][1][safepoint    ] Total time for which application threads were stopped: 0.0005349 seconds, Stopping threads took: 0.0002812 seconds
[2022-06-13T01:45:30.613+0000][1][safepoint    ] Application time: 0.0006833 seconds
[2022-06-13T01:45:30.614+0000][1][safepoint    ] Entering safepoint region: RevokeBias
[2022-06-13T01:45:30.614+0000][1][safepoint    ] Leaving safepoint region
[2022-06-13T01:45:30.614+0000][1][safepoint    ] Total time for which application threads were stopped: 0.0005850 seconds, Stopping threads took: 0.0002467 seconds
[2022-06-13T01:45:30.615+0000][1][safepoint    ] Application time: 0.0001632 seconds
[2022-06-13T01:45:30.615+0000][1][safepoint    ] Entering safepoint region: RevokeBias
[2022-06-13T01:45:30.615+0000][1][safepoint    ] Leaving safepoint region
[2022-06-13T01:45:30.615+0000][1][safepoint    ] Total time for which application threads were stopped: 0.0005123 seconds, Stopping threads took: 0.0002073 seconds
[2022-06-13T01:45:30.616+0000][1][safepoint    ] Application time: 0.0002207 seconds
[2022-06-13T01:45:30.616+0000][1][safepoint    ] Entering safepoint region: RevokeBias
[2022-06-13T01:45:30.617+0000][1][safepoint    ] Leaving safepoint region
[2022-06-13T01:45:30.617+0000][1][safepoint    ] Total time for which application threads were stopped: 0.0006542 seconds, Stopping threads took: 0.0002676 seconds
[2022-06-13T01:45:30.618+0000][1][safepoint    ] Application time: 0.0003378 seconds
[2022-06-13T01:45:30.618+0000][1][safepoint    ] Entering safepoint region: RevokeBias
[2022-06-13T01:45:30.618+0000][1][safepoint    ] Leaving safepoint region
[2022-06-13T01:45:30.618+0000][1][safepoint    ] Total time for which application threads were stopped: 0.0005714 seconds, Stopping threads took: 0.0002908 seconds
[2022-06-13T01:45:30.619+0000][1][safepoint    ] Application time: 0.0005033 seconds
[2022-06-13T01:45:30.620+0000][1][safepoint    ] Entering safepoint region: RevokeBias
[2022-06-13T01:45:30.620+0000][1][safepoint    ] Leaving safepoint region
[2022-06-13T01:45:30.621+0000][1][safepoint    ] Total time for which application threads were stopped: 0.0009987 seconds, Stopping threads took: 0.0005291 seconds
[2022-06-13T01:45:30.621+0000][1][safepoint    ] Application time: 0.0005192 seconds
[2022-06-13T01:45:30.622+0000][1][safepoint    ] Entering safepoint region: RevokeBias
[2022-06-13T01:45:30.622+0000][1][safepoint    ] Leaving safepoint region
[2022-06-13T01:45:30.623+0000][1][safepoint    ] Total time for which application threads were stopped: 0.0010453 seconds, Stopping threads took: 0.0002768 seconds
[2022-06-13T01:45:30.623+0000][1][safepoint    ] Application time: 0.0001260 seconds
[2022-06-13T01:45:30.624+0000][1][safepoint    ] Entering safepoint region: RevokeBias
[2022-06-13T01:45:30.624+0000][1][safepoint    ] Leaving safepoint region
[2022-06-13T01:45:30.624+0000][1][safepoint    ] Total time for which application threads were stopped: 0.0005224 seconds, Stopping threads took: 0.0002304 seconds
[2022-06-13T01:45:30.627+0000][1][safepoint    ] Application time: 0.0031332 seconds
[2022-06-13T01:45:30.628+0000][1][safepoint    ] Entering safepoint region: RevokeBias
[2022-06-13T01:45:30.628+0000][1][safepoint    ] Leaving safepoint region
[2022-06-13T01:45:30.629+0000][1][safepoint    ] Total time for which application threads were stopped: 0.0007031 seconds, Stopping threads took: 0.0002980 seconds
[2022-06-13T01:45:30.629+0000][1][safepoint    ] Application time: 0.0003113 seconds
[2022-06-13T01:45:30.630+0000][1][safepoint    ] Entering safepoint region: RevokeBias
[2022-06-13T01:45:30.630+0000][1][safepoint    ] Leaving safepoint region
[2022-06-13T01:45:30.630+0000][1][safepoint    ] Total time for which application threads were stopped: 0.0007710 seconds, Stopping threads took: 0.0003412 seconds
[2022-06-13T01:45:30.635+0000][1][safepoint    ] Application time: 0.0039147 seconds
[2022-06-13T01:45:30.635+0000][1][safepoint    ] Entering safepoint region: Deoptimize
[2022-06-13T01:45:30.636+0000][1][safepoint    ] Leaving safepoint region
[2022-06-13T01:45:30.637+0000][1][safepoint    ] Total time for which application threads were stopped: 0.0016495 seconds, Stopping threads took: 0.0004340 seconds
[2022-06-13T01:45:30.638+0000][1][safepoint    ] Application time: 0.0014310 seconds
[2022-06-13T01:45:30.639+0000][1][safepoint    ] Entering safepoint region: RevokeBias
[2022-06-13T01:45:30.639+0000][1][safepoint    ] Leaving safepoint region
[2022-06-13T01:45:30.640+0000][1][safepoint    ] Total time for which application threads were stopped: 0.0008132 seconds, Stopping threads took: 0.0003313 seconds
[2022-06-13T01:45:30.642+0000][1][safepoint    ] Application time: 0.0020712 seconds
[2022-06-13T01:45:30.642+0000][1][safepoint    ] Entering safepoint region: RevokeBias
[2022-06-13T01:45:30.643+0000][1][safepoint    ] Leaving safepoint region
[2022-06-13T01:45:30.643+0000][1][safepoint    ] Total time for which application threads were stopped: 0.0011046 seconds, Stopping threads took: 0.0006312 seconds
[2022-06-13T01:45:30.644+0000][1][safepoint    ] Application time: 0.0002532 seconds
[2022-06-13T01:45:30.644+0000][1][safepoint    ] Entering safepoint region: RevokeBias
[2022-06-13T01:45:30.645+0000][1][safepoint    ] Leaving safepoint region
[2022-06-13T01:45:30.645+0000][1][safepoint    ] Total time for which application threads were stopped: 0.0007070 seconds, Stopping threads took: 0.0003337 seconds
[2022-06-13T01:45:30.646+0000][1][safepoint    ] Application time: 0.0001863 seconds
[2022-06-13T01:45:30.646+0000][1][safepoint    ] Entering safepoint region: RevokeBias
[2022-06-13T01:45:30.646+0000][1][safepoint    ] Leaving safepoint region
[2022-06-13T01:45:30.646+0000][1][safepoint    ] Total time for which application threads were stopped: 0.0005560 seconds, Stopping threads took: 0.0002363 seconds
[2022-06-13T01:45:30.647+0000][1][safepoint    ] Application time: 0.0004668 seconds
[2022-06-13T01:45:30.647+0000][1][safepoint    ] Entering safepoint region: RevokeBias
[2022-06-13T01:45:30.648+0000][1][safepoint    ] Leaving safepoint region
[2022-06-13T01:45:30.648+0000][1][safepoint    ] Total time for which application threads were stopped: 0.0004650 seconds, Stopping threads took: 0.0002153 seconds
[2022-06-13T01:45:30.649+0000][1][safepoint    ] Application time: 0.0004485 seconds
[2022-06-13T01:45:30.649+0000][1][safepoint    ] Entering safepoint region: RevokeBias
[2022-06-13T01:45:30.649+0000][1][safepoint    ] Leaving safepoint region
[2022-06-13T01:45:30.649+0000][1][safepoint    ] Total time for which application threads were stopped: 0.0005626 seconds, Stopping threads took: 0.0002862 seconds
[2022-06-13T01:45:30.712+0000][1][safepoint    ] Application time: 0.0625180 seconds
[2022-06-13T01:45:30.713+0000][1][safepoint    ] Entering safepoint region: RevokeBias
[2022-06-13T01:45:30.713+0000][1][safepoint    ] Leaving safepoint region
[2022-06-13T01:45:30.714+0000][1][safepoint    ] Total time for which application threads were stopped: 0.0009790 seconds, Stopping threads took: 0.0004187 seconds
[2022-06-13T01:45:30.715+0000][1][safepoint    ] Application time: 0.0005973 seconds
[2022-06-13T01:45:30.715+0000][1][safepoint    ] Entering safepoint region: RevokeBias
[2022-06-13T01:45:30.716+0000][1][safepoint    ] Leaving safepoint region
[2022-06-13T01:45:30.716+0000][1][safepoint    ] Total time for which application threads were stopped: 0.0010917 seconds, Stopping threads took: 0.0007900 seconds
[2022-06-13T01:45:30.718+0000][1][safepoint    ] Application time: 0.0011330 seconds
[2022-06-13T01:45:30.718+0000][1][safepoint    ] Entering safepoint region: RevokeBias
[2022-06-13T01:45:30.718+0000][1][safepoint    ] Leaving safepoint region
[2022-06-13T01:45:30.719+0000][1][safepoint    ] Total time for which application threads were stopped: 0.0005514 seconds, Stopping threads took: 0.0002670 seconds
[2022-06-13T01:45:30.721+0000][1][safepoint    ] Application time: 0.0023480 seconds
[2022-06-13T01:45:30.722+0000][1][safepoint    ] Entering safepoint region: RevokeBias
[2022-06-13T01:45:30.722+0000][1][safepoint    ] Leaving safepoint region
[2022-06-13T01:45:30.722+0000][1][safepoint    ] Total time for which application threads were stopped: 0.0008224 seconds, Stopping threads took: 0.0003802 seconds
[2022-06-13T01:45:30.724+0000][1][safepoint    ] Application time: 0.0008121 seconds
[2022-06-13T01:45:30.724+0000][1][safepoint    ] Entering safepoint region: RevokeBias
[2022-06-13T01:45:30.725+0000][1][safepoint    ] Leaving safepoint region
[2022-06-13T01:45:30.725+0000][1][safepoint    ] Total time for which application threads were stopped: 0.0008478 seconds, Stopping threads took: 0.0005019 seconds
[2022-06-13T01:45:30.726+0000][1][safepoint    ] Application time: 0.0002049 seconds
[2022-06-13T01:45:30.726+0000][1][safepoint    ] Entering safepoint region: RevokeBias
[2022-06-13T01:45:30.726+0000][1][safepoint    ] Leaving safepoint region
[2022-06-13T01:45:30.727+0000][1][safepoint    ] Total time for which application threads were stopped: 0.0007469 seconds, Stopping threads took: 0.0004191 seconds
[2022-06-13T01:45:30.728+0000][1][safepoint    ] Application time: 0.0011543 seconds
[2022-06-13T01:45:30.729+0000][1][safepoint    ] Entering safepoint region: RevokeBias
[2022-06-13T01:45:30.729+0000][1][safepoint    ] Leaving safepoint region
[2022-06-13T01:45:30.729+0000][1][safepoint    ] Total time for which application threads were stopped: 0.0008526 seconds, Stopping threads took: 0.0005729 seconds
[2022-06-13T01:45:30.729+0000][1][safepoint    ] Application time: 0.0001550 seconds
[2022-06-13T01:45:30.730+0000][1][safepoint    ] Entering safepoint region: RevokeBias
[2022-06-13T01:45:30.730+0000][1][safepoint    ] Leaving safepoint region
[2022-06-13T01:45:30.730+0000][1][safepoint    ] Total time for which application threads were stopped: 0.0007736 seconds, Stopping threads took: 0.0004708 seconds
[2022-06-13T01:45:30.731+0000][1][safepoint    ] Application time: 0.0001710 seconds
[2022-06-13T01:45:30.731+0000][1][safepoint    ] Entering safepoint region: RevokeBias
[2022-06-13T01:45:30.732+0000][1][safepoint    ] Leaving safepoint region
[2022-06-13T01:45:30.732+0000][1][safepoint    ] Total time for which application threads were stopped: 0.0007590 seconds, Stopping threads took: 0.0003821 seconds
[2022-06-13T01:45:30.733+0000][1][safepoint    ] Application time: 0.0004461 seconds
[2022-06-13T01:45:30.733+0000][1][safepoint    ] Entering safepoint region: RevokeBias
[2022-06-13T01:45:30.733+0000][1][safepoint    ] Leaving safepoint region
[2022-06-13T01:45:30.734+0000][1][safepoint    ] Total time for which application threads were stopped: 0.0006982 seconds, Stopping threads took: 0.0003535 seconds
[2022-06-13T01:45:30.734+0000][1][safepoint    ] Application time: 0.0001415 seconds
[2022-06-13T01:45:30.735+0000][1][safepoint    ] Entering safepoint region: BulkRevokeBias
[2022-06-13T01:45:30.735+0000][1][safepoint    ] Leaving safepoint region
[2022-06-13T01:45:30.735+0000][1][safepoint    ] Total time for which application threads were stopped: 0.0007755 seconds, Stopping threads took: 0.0003543 seconds
[2022-06-13T01:45:30.737+0000][1][safepoint    ] Application time: 0.0017056 seconds
[2022-06-13T01:45:30.738+0000][1][safepoint    ] Entering safepoint region: RevokeBias
[2022-06-13T01:45:30.738+0000][1][safepoint    ] Leaving safepoint region
[2022-06-13T01:45:30.739+0000][1][safepoint    ] Total time for which application threads were stopped: 0.0006896 seconds, Stopping threads took: 0.0004009 seconds
[2022-06-13T01:45:30.740+0000][1][safepoint    ] Application time: 0.0004133 seconds
[2022-06-13T01:45:30.741+0000][1][safepoint    ] Entering safepoint region: RevokeBias
[2022-06-13T01:45:30.742+0000][1][safepoint    ] Leaving safepoint region
[2022-06-13T01:45:30.742+0000][1][safepoint    ] Total time for which application threads were stopped: 0.0019749 seconds, Stopping threads took: 0.0013701 seconds
[2022-06-13T01:45:30.743+0000][1][safepoint    ] Application time: 0.0005409 seconds
[2022-06-13T01:45:30.743+0000][1][safepoint    ] Entering safepoint region: RevokeBias
[2022-06-13T01:45:30.744+0000][1][safepoint    ] Leaving safepoint region
[2022-06-13T01:45:30.744+0000][1][safepoint    ] Total time for which application threads were stopped: 0.0006573 seconds, Stopping threads took: 0.0002868 seconds
[2022-06-13T01:45:30.746+0000][1][safepoint    ] Application time: 0.0015655 seconds
[2022-06-13T01:45:30.746+0000][1][safepoint    ] Entering safepoint region: RevokeBias
[2022-06-13T01:45:30.747+0000][1][safepoint    ] Leaving safepoint region
[2022-06-13T01:45:30.747+0000][1][safepoint    ] Total time for which application threads were stopped: 0.0010130 seconds, Stopping threads took: 0.0005478 seconds
[2022-06-13T01:45:30.750+0000][1][safepoint    ] Application time: 0.0028393 seconds
[2022-06-13T01:45:30.751+0000][1][safepoint    ] Entering safepoint region: RevokeBias
[2022-06-13T01:45:30.751+0000][1][safepoint    ] Leaving safepoint region
[2022-06-13T01:45:30.752+0000][1][safepoint    ] Total time for which application threads were stopped: 0.0005821 seconds, Stopping threads took: 0.0003075 seconds
[2022-06-13T01:45:30.752+0000][1][safepoint    ] Application time: 0.0005710 seconds
[2022-06-13T01:45:30.753+0000][1][safepoint    ] Entering safepoint region: RevokeBias
[2022-06-13T01:45:30.754+0000][1][safepoint    ] Leaving safepoint region
[2022-06-13T01:45:30.754+0000][1][safepoint    ] Total time for which application threads were stopped: 0.0013868 seconds, Stopping threads took: 0.0007809 seconds
[2022-06-13T01:45:30.756+0000][1][safepoint    ] Application time: 0.0009529 seconds
[2022-06-13T01:45:30.756+0000][1][safepoint    ] Entering safepoint region: RevokeBias
[2022-06-13T01:45:30.757+0000][1][safepoint    ] Leaving safepoint region
[2022-06-13T01:45:30.757+0000][1][safepoint    ] Total time for which application threads were stopped: 0.0009175 seconds, Stopping threads took: 0.0005357 seconds
[2022-06-13T01:45:30.759+0000][1][safepoint    ] Application time: 0.0020105 seconds
[2022-06-13T01:45:30.759+0000][1][safepoint    ] Entering safepoint region: RevokeBias
[2022-06-13T01:45:30.760+0000][1][safepoint    ] Leaving safepoint region
[2022-06-13T01:45:30.760+0000][1][safepoint    ] Total time for which application threads were stopped: 0.0007896 seconds, Stopping threads took: 0.0005010 seconds
[2022-06-13T01:45:30.761+0000][1][safepoint    ] Application time: 0.0003233 seconds
[2022-06-13T01:45:30.761+0000][1][safepoint    ] Entering safepoint region: RevokeBias
[2022-06-13T01:45:30.761+0000][1][safepoint    ] Leaving safepoint region
[2022-06-13T01:45:30.762+0000][1][safepoint    ] Total time for which application threads were stopped: 0.0005560 seconds, Stopping threads took: 0.0002852 seconds
[2022-06-13T01:45:30.762+0000][1][safepoint    ] Application time: 0.0001993 seconds
[2022-06-13T01:45:30.762+0000][1][safepoint    ] Entering safepoint region: RevokeBias
[2022-06-13T01:45:30.763+0000][1][safepoint    ] Leaving safepoint region
[2022-06-13T01:45:30.763+0000][1][safepoint    ] Total time for which application threads were stopped: 0.0009394 seconds, Stopping threads took: 0.0005364 seconds
[2022-06-13T01:45:30.764+0000][1][safepoint    ] Application time: 0.0009377 seconds
[2022-06-13T01:45:30.765+0000][1][safepoint    ] Entering safepoint region: RevokeBias
[2022-06-13T01:45:30.765+0000][1][safepoint    ] Leaving safepoint region
[2022-06-13T01:45:30.765+0000][1][safepoint    ] Total time for which application threads were stopped: 0.0004661 seconds, Stopping threads took: 0.0002314 seconds
[2022-06-13T01:45:30.766+0000][1][safepoint    ] Application time: 0.0002837 seconds
[2022-06-13T01:45:30.766+0000][1][safepoint    ] Entering safepoint region: RevokeBias
[2022-06-13T01:45:30.766+0000][1][safepoint    ] Leaving safepoint region
[2022-06-13T01:45:30.767+0000][1][safepoint    ] Total time for which application threads were stopped: 0.0007710 seconds, Stopping threads took: 0.0002948 seconds
[2022-06-13T01:45:30.775+0000][1][safepoint    ] Application time: 0.0077831 seconds
[2022-06-13T01:45:30.775+0000][1][safepoint    ] Entering safepoint region: RevokeBias
[2022-06-13T01:45:30.776+0000][1][safepoint    ] Leaving safepoint region
[2022-06-13T01:45:30.776+0000][1][safepoint    ] Total time for which application threads were stopped: 0.0008142 seconds, Stopping threads took: 0.0002939 seconds
[2022-06-13T01:45:30.777+0000][1][safepoint    ] Application time: 0.0002244 seconds
[2022-06-13T01:45:30.778+0000][1][safepoint    ] Entering safepoint region: BulkRevokeBias
[2022-06-13T01:45:30.779+0000][1][safepoint    ] Leaving safepoint region
[2022-06-13T01:45:30.779+0000][1][safepoint    ] Total time for which application threads were stopped: 0.0019067 seconds, Stopping threads took: 0.0011307 seconds
[2022-06-13T01:45:30.784+0000][1][safepoint    ] Application time: 0.0045841 seconds
[2022-06-13T01:45:30.784+0000][1][safepoint    ] Entering safepoint region: RevokeBias
[2022-06-13T01:45:30.785+0000][1][safepoint    ] Leaving safepoint region
[2022-06-13T01:45:30.785+0000][1][safepoint    ] Total time for which application threads were stopped: 0.0008598 seconds, Stopping threads took: 0.0003962 seconds
[2022-06-13T01:45:30.787+0000][1][safepoint    ] Application time: 0.0013878 seconds
[2022-06-13T01:45:30.787+0000][1][safepoint    ] Entering safepoint region: RevokeBias
[2022-06-13T01:45:30.788+0000][1][safepoint    ] Leaving safepoint region
[2022-06-13T01:45:30.789+0000][1][safepoint    ] Total time for which application threads were stopped: 0.0012717 seconds, Stopping threads took: 0.0005230 seconds
[2022-06-13T01:45:30.789+0000][1][safepoint    ] Application time: 0.0002783 seconds
[2022-06-13T01:45:30.790+0000][1][safepoint    ] Entering safepoint region: RevokeBias
[2022-06-13T01:45:30.791+0000][1][safepoint    ] Leaving safepoint region
[2022-06-13T01:45:30.791+0000][1][safepoint    ] Total time for which application threads were stopped: 0.0012107 seconds, Stopping threads took: 0.0007822 seconds
[2022-06-13T01:45:30.791+0000][1][safepoint    ] Application time: 0.0001598 seconds
[2022-06-13T01:45:30.792+0000][1][safepoint    ] Entering safepoint region: RevokeBias
[2022-06-13T01:45:30.792+0000][1][safepoint    ] Leaving safepoint region
[2022-06-13T01:45:30.792+0000][1][safepoint    ] Total time for which application threads were stopped: 0.0006966 seconds, Stopping threads took: 0.0003138 seconds
[2022-06-13T01:45:30.795+0000][1][safepoint    ] Application time: 0.0021199 seconds
[2022-06-13T01:45:30.796+0000][1][safepoint    ] Entering safepoint region: RevokeBias
[2022-06-13T01:45:30.796+0000][1][safepoint    ] Leaving safepoint region
[2022-06-13T01:45:30.797+0000][1][safepoint    ] Total time for which application threads were stopped: 0.0013738 seconds, Stopping threads took: 0.0008085 seconds
[2022-06-13T01:45:30.797+0000][1][safepoint    ] Application time: 0.0001755 seconds
[2022-06-13T01:45:30.798+0000][1][safepoint    ] Entering safepoint region: RevokeBias
[2022-06-13T01:45:30.798+0000][1][safepoint    ] Leaving safepoint region
[2022-06-13T01:45:30.798+0000][1][safepoint    ] Total time for which application threads were stopped: 0.0006602 seconds, Stopping threads took: 0.0003746 seconds
[2022-06-13T01:45:30.801+0000][1][safepoint    ] Application time: 0.0019742 seconds
[2022-06-13T01:45:30.801+0000][1][safepoint    ] Entering safepoint region: RevokeBias
[2022-06-13T01:45:30.802+0000][1][safepoint    ] Leaving safepoint region
[2022-06-13T01:45:30.802+0000][1][safepoint    ] Total time for which application threads were stopped: 0.0010150 seconds, Stopping threads took: 0.0005822 seconds
[2022-06-13T01:45:30.803+0000][1][safepoint    ] Application time: 0.0001838 seconds
[2022-06-13T01:45:30.803+0000][1][safepoint    ] Entering safepoint region: RevokeBias
[2022-06-13T01:45:30.804+0000][1][safepoint    ] Leaving safepoint region
[2022-06-13T01:45:30.805+0000][1][safepoint    ] Total time for which application threads were stopped: 0.0013336 seconds, Stopping threads took: 0.0006790 seconds
[2022-06-13T01:45:30.811+0000][1][safepoint    ] Application time: 0.0057008 seconds
[2022-06-13T01:45:30.811+0000][1][safepoint    ] Entering safepoint region: RevokeBias
[2022-06-13T01:45:30.812+0000][1][safepoint    ] Leaving safepoint region
[2022-06-13T01:45:30.813+0000][1][safepoint    ] Total time for which application threads were stopped: 0.0019070 seconds, Stopping threads took: 0.0010904 seconds
[2022-06-13T01:45:30.814+0000][1][safepoint    ] Application time: 0.0003318 seconds
[2022-06-13T01:45:30.814+0000][1][safepoint    ] Entering safepoint region: RevokeBias
[2022-06-13T01:45:30.815+0000][1][safepoint    ] Leaving safepoint region
[2022-06-13T01:45:30.815+0000][1][safepoint    ] Total time for which application threads were stopped: 0.0010816 seconds, Stopping threads took: 0.0005727 seconds
[2022-06-13T01:45:30.816+0000][1][safepoint    ] Application time: 0.0004705 seconds
[2022-06-13T01:45:30.817+0000][1][safepoint    ] Entering safepoint region: RevokeBias
[2022-06-13T01:45:30.817+0000][1][safepoint    ] Leaving safepoint region
[2022-06-13T01:45:30.818+0000][1][safepoint    ] Total time for which application threads were stopped: 0.0010881 seconds, Stopping threads took: 0.0005128 seconds
[2022-06-13T01:45:30.818+0000][1][safepoint    ] Application time: 0.0003313 seconds
[2022-06-13T01:45:30.819+0000][1][safepoint    ] Entering safepoint region: RevokeBias
[2022-06-13T01:45:30.820+0000][1][safepoint    ] Leaving safepoint region
[2022-06-13T01:45:30.821+0000][1][safepoint    ] Total time for which application threads were stopped: 0.0017107 seconds, Stopping threads took: 0.0010862 seconds
[2022-06-13T01:45:30.822+0000][1][safepoint    ] Application time: 0.0007799 seconds
[2022-06-13T01:45:30.822+0000][1][safepoint    ] Entering safepoint region: RevokeBias
[2022-06-13T01:45:30.823+0000][1][safepoint    ] Leaving safepoint region
[2022-06-13T01:45:30.824+0000][1][safepoint    ] Total time for which application threads were stopped: 0.0012005 seconds, Stopping threads took: 0.0005817 seconds
[2022-06-13T01:45:30.825+0000][1][safepoint    ] Application time: 0.0003453 seconds
[2022-06-13T01:45:30.825+0000][1][safepoint    ] Entering safepoint region: RevokeBias
[2022-06-13T01:45:30.826+0000][1][safepoint    ] Leaving safepoint region
[2022-06-13T01:45:30.826+0000][1][safepoint    ] Total time for which application threads were stopped: 0.0009753 seconds, Stopping threads took: 0.0003751 seconds
[2022-06-13T01:45:30.827+0000][1][safepoint    ] Application time: 0.0001981 seconds
[2022-06-13T01:45:30.827+0000][1][safepoint    ] Entering safepoint region: RevokeBias
[2022-06-13T01:45:30.828+0000][1][safepoint    ] Leaving safepoint region
[2022-06-13T01:45:30.828+0000][1][safepoint    ] Total time for which application threads were stopped: 0.0009495 seconds, Stopping threads took: 0.0004834 seconds
[2022-06-13T01:45:30.829+0000][1][safepoint    ] Application time: 0.0009914 seconds
[2022-06-13T01:45:30.830+0000][1][safepoint    ] Entering safepoint region: RevokeBias
[2022-06-13T01:45:30.830+0000][1][safepoint    ] Leaving safepoint region
[2022-06-13T01:45:30.830+0000][1][safepoint    ] Total time for which application threads were stopped: 0.0007351 seconds, Stopping threads took: 0.0003628 seconds
[2022-06-13T01:45:30.832+0000][1][safepoint    ] Application time: 0.0014789 seconds
[2022-06-13T01:45:30.832+0000][1][safepoint    ] Entering safepoint region: RevokeBias
[2022-06-13T01:45:30.833+0000][1][safepoint    ] Leaving safepoint region
[2022-06-13T01:45:30.833+0000][1][safepoint    ] Total time for which application threads were stopped: 0.0005231 seconds, Stopping threads took: 0.0002436 seconds
[2022-06-13T01:45:30.833+0000][1][safepoint    ] Application time: 0.0003863 seconds
[2022-06-13T01:45:30.834+0000][1][safepoint    ] Entering safepoint region: RevokeBias
[2022-06-13T01:45:30.834+0000][1][safepoint    ] Leaving safepoint region
[2022-06-13T01:45:30.834+0000][1][safepoint    ] Total time for which application threads were stopped: 0.0005493 seconds, Stopping threads took: 0.0003020 seconds
[2022-06-13T01:45:30.835+0000][1][safepoint    ] Application time: 0.0002322 seconds
[2022-06-13T01:45:30.835+0000][1][safepoint    ] Entering safepoint region: RevokeBias
[2022-06-13T01:45:30.836+0000][1][safepoint    ] Leaving safepoint region
[2022-06-13T01:45:30.836+0000][1][safepoint    ] Total time for which application threads were stopped: 0.0011288 seconds, Stopping threads took: 0.0006230 seconds
[2022-06-13T01:45:30.837+0000][1][safepoint    ] Application time: 0.0001846 seconds
[2022-06-13T01:45:30.837+0000][1][safepoint    ] Entering safepoint region: RevokeBias
[2022-06-13T01:45:30.838+0000][1][safepoint    ] Leaving safepoint region
[2022-06-13T01:45:30.838+0000][1][safepoint    ] Total time for which application threads were stopped: 0.0012090 seconds, Stopping threads took: 0.0005152 seconds
[2022-06-13T01:45:30.843+0000][1][safepoint    ] Application time: 0.0037976 seconds
[2022-06-13T01:45:30.843+0000][1][safepoint    ] Entering safepoint region: RevokeBias
[2022-06-13T01:45:30.844+0000][1][safepoint    ] Leaving safepoint region
[2022-06-13T01:45:30.844+0000][1][safepoint    ] Total time for which application threads were stopped: 0.0013073 seconds, Stopping threads took: 0.0008417 seconds
[2022-06-13T01:45:30.867+0000][1][safepoint    ] Application time: 0.0224131 seconds
[2022-06-13T01:45:30.867+0000][1][safepoint    ] Entering safepoint region: RevokeBias
[2022-06-13T01:45:30.868+0000][1][safepoint    ] Leaving safepoint region
[2022-06-13T01:45:30.868+0000][1][safepoint    ] Total time for which application threads were stopped: 0.0007382 seconds, Stopping threads took: 0.0003388 seconds
[2022-06-13T01:45:30.874+0000][1][safepoint    ] Application time: 0.0055331 seconds
[2022-06-13T01:45:30.874+0000][1][safepoint    ] Entering safepoint region: RevokeBias
[2022-06-13T01:45:30.875+0000][1][safepoint    ] Leaving safepoint region
[2022-06-13T01:45:30.875+0000][1][safepoint    ] Total time for which application threads were stopped: 0.0008593 seconds, Stopping threads took: 0.0003441 seconds
[2022-06-13T01:45:30.876+0000][1][safepoint    ] Application time: 0.0002463 seconds
[2022-06-13T01:45:30.876+0000][1][safepoint    ] Entering safepoint region: RevokeBias
[2022-06-13T01:45:30.876+0000][1][safepoint    ] Leaving safepoint region
[2022-06-13T01:45:30.877+0000][1][safepoint    ] Total time for which application threads were stopped: 0.0005231 seconds, Stopping threads took: 0.0002395 seconds
[2022-06-13T01:45:30.922+0000][1][safepoint    ] Application time: 0.0447797 seconds
[2022-06-13T01:45:30.922+0000][1][safepoint    ] Entering safepoint region: RevokeBias
[2022-06-13T01:45:30.923+0000][1][safepoint    ] Leaving safepoint region
[2022-06-13T01:45:30.923+0000][1][safepoint    ] Total time for which application threads were stopped: 0.0010104 seconds, Stopping threads took: 0.0004724 seconds
[2022-06-13T01:45:30.924+0000][1][safepoint    ] Application time: 0.0001944 seconds
[2022-06-13T01:45:30.924+0000][1][safepoint    ] Entering safepoint region: RevokeBias
[2022-06-13T01:45:30.924+0000][1][safepoint    ] Leaving safepoint region
[2022-06-13T01:45:30.925+0000][1][safepoint    ] Total time for which application threads were stopped: 0.0007775 seconds, Stopping threads took: 0.0003691 seconds
[2022-06-13T01:45:30.932+0000][1][safepoint    ] Application time: 0.0064902 seconds
[2022-06-13T01:45:30.932+0000][1][safepoint    ] Entering safepoint region: RevokeBias
[2022-06-13T01:45:30.932+0000][1][safepoint    ] Leaving safepoint region
[2022-06-13T01:45:30.933+0000][1][safepoint    ] Total time for which application threads were stopped: 0.0009303 seconds, Stopping threads took: 0.0003442 seconds
[2022-06-13T01:45:30.935+0000][1][safepoint    ] Application time: 0.0022098 seconds
[2022-06-13T01:45:30.936+0000][1][safepoint    ] Entering safepoint region: RevokeBias
[2022-06-13T01:45:30.936+0000][1][safepoint    ] Leaving safepoint region
[2022-06-13T01:45:30.937+0000][1][safepoint    ] Total time for which application threads were stopped: 0.0009231 seconds, Stopping threads took: 0.0005410 seconds
[2022-06-13T01:45:30.947+0000][1][safepoint    ] Application time: 0.0099158 seconds
[2022-06-13T01:45:30.947+0000][1][safepoint    ] Entering safepoint region: RevokeBias
[2022-06-13T01:45:30.948+0000][1][safepoint    ] Leaving safepoint region
[2022-06-13T01:45:30.948+0000][1][safepoint    ] Total time for which application threads were stopped: 0.0009097 seconds, Stopping threads took: 0.0004555 seconds
[2022-06-13T01:45:30.959+0000][1][safepoint    ] Application time: 0.0100209 seconds
[2022-06-13T01:45:30.959+0000][1][safepoint    ] Entering safepoint region: RevokeBias
[2022-06-13T01:45:30.959+0000][1][safepoint    ] Leaving safepoint region
[2022-06-13T01:45:30.960+0000][1][safepoint    ] Total time for which application threads were stopped: 0.0007522 seconds, Stopping threads took: 0.0004150 seconds
[2022-06-13T01:45:30.960+0000][1][safepoint    ] Application time: 0.0000980 seconds
[2022-06-13T01:45:30.960+0000][1][safepoint    ] Entering safepoint region: RevokeBias
[2022-06-13T01:45:30.960+0000][1][safepoint    ] Leaving safepoint region
[2022-06-13T01:45:30.960+0000][1][safepoint    ] Total time for which application threads were stopped: 0.0003396 seconds, Stopping threads took: 0.0001606 seconds
[2022-06-13T01:45:30.961+0000][1][safepoint    ] Application time: 0.0000877 seconds
[2022-06-13T01:45:30.961+0000][1][safepoint    ] Entering safepoint region: RevokeBias
[2022-06-13T01:45:30.961+0000][1][safepoint    ] Leaving safepoint region
[2022-06-13T01:45:30.961+0000][1][safepoint    ] Total time for which application threads were stopped: 0.0003016 seconds, Stopping threads took: 0.0001410 seconds
[2022-06-13T01:45:30.961+0000][1][safepoint    ] Application time: 0.0000874 seconds
[2022-06-13T01:45:30.961+0000][1][safepoint    ] Entering safepoint region: RevokeBias
[2022-06-13T01:45:30.962+0000][1][safepoint    ] Leaving safepoint region
[2022-06-13T01:45:30.962+0000][1][safepoint    ] Total time for which application threads were stopped: 0.0002725 seconds, Stopping threads took: 0.0001210 seconds
[2022-06-13T01:45:30.962+0000][1][safepoint    ] Application time: 0.0000671 seconds
[2022-06-13T01:45:30.962+0000][1][safepoint    ] Entering safepoint region: RevokeBias
[2022-06-13T01:45:30.962+0000][1][safepoint    ] Leaving safepoint region
[2022-06-13T01:45:30.963+0000][1][safepoint    ] Total time for which application threads were stopped: 0.0005706 seconds, Stopping threads took: 0.0001495 seconds
[2022-06-13T01:45:30.963+0000][1][safepoint    ] Application time: 0.0000799 seconds
[2022-06-13T01:45:30.963+0000][1][safepoint    ] Entering safepoint region: RevokeBias
[2022-06-13T01:45:30.963+0000][1][safepoint    ] Leaving safepoint region
[2022-06-13T01:45:30.963+0000][1][safepoint    ] Total time for which application threads were stopped: 0.0004451 seconds, Stopping threads took: 0.0001358 seconds
[2022-06-13T01:45:30.964+0000][1][safepoint    ] Application time: 0.0001623 seconds
[2022-06-13T01:45:30.964+0000][1][safepoint    ] Entering safepoint region: RevokeBias
[2022-06-13T01:45:30.964+0000][1][safepoint    ] Leaving safepoint region
[2022-06-13T01:45:30.964+0000][1][safepoint    ] Total time for which application threads were stopped: 0.0004045 seconds, Stopping threads took: 0.0001844 seconds
[2022-06-13T01:45:30.965+0000][1][safepoint    ] Application time: 0.0001519 seconds
[2022-06-13T01:45:30.965+0000][1][safepoint    ] Entering safepoint region: RevokeBias
[2022-06-13T01:45:30.965+0000][1][safepoint    ] Leaving safepoint region
[2022-06-13T01:45:30.965+0000][1][safepoint    ] Total time for which application threads were stopped: 0.0004741 seconds, Stopping threads took: 0.0001762 seconds
[2022-06-13T01:45:31.007+0000][1][safepoint    ] Application time: 0.0412086 seconds
[2022-06-13T01:45:31.007+0000][1][safepoint    ] Entering safepoint region: RevokeBias
[2022-06-13T01:45:31.008+0000][1][safepoint    ] Leaving safepoint region
[2022-06-13T01:45:31.008+0000][1][safepoint    ] Total time for which application threads were stopped: 0.0005758 seconds, Stopping threads took: 0.0002619 seconds
[2022-06-13T01:45:31.215+0000][1][safepoint    ] Application time: 0.2073734 seconds
[2022-06-13T01:45:31.216+0000][1][safepoint    ] Entering safepoint region: RevokeBias
[2022-06-13T01:45:31.217+0000][1][safepoint    ] Leaving safepoint region
[2022-06-13T01:45:31.217+0000][1][safepoint    ] Total time for which application threads were stopped: 0.0008632 seconds, Stopping threads took: 0.0003548 seconds
[2022-06-13T01:45:31.218+0000][1][safepoint    ] Application time: 0.0001922 seconds
[2022-06-13T01:45:31.218+0000][1][safepoint    ] Entering safepoint region: RevokeBias
[2022-06-13T01:45:31.219+0000][1][safepoint    ] Leaving safepoint region
[2022-06-13T01:45:31.219+0000][1][safepoint    ] Total time for which application threads were stopped: 0.0006783 seconds, Stopping threads took: 0.0003229 seconds
[2022-06-13T01:45:31.220+0000][1][safepoint    ] Application time: 0.0001528 seconds
[2022-06-13T01:45:31.220+0000][1][safepoint    ] Entering safepoint region: RevokeBias
[2022-06-13T01:45:31.220+0000][1][safepoint    ] Leaving safepoint region
[2022-06-13T01:45:31.221+0000][1][safepoint    ] Total time for which application threads were stopped: 0.0007901 seconds, Stopping threads took: 0.0002240 seconds
[2022-06-13T01:45:31.223+0000][1][safepoint    ] Application time: 0.0021274 seconds
[2022-06-13T01:45:31.223+0000][1][safepoint    ] Entering safepoint region: RevokeBias
[2022-06-13T01:45:31.224+0000][1][safepoint    ] Leaving safepoint region
[2022-06-13T01:45:31.224+0000][1][safepoint    ] Total time for which application threads were stopped: 0.0004482 seconds, Stopping threads took: 0.0001978 seconds
[2022-06-13T01:45:31.224+0000][1][safepoint    ] Application time: 0.0004648 seconds
[2022-06-13T01:45:31.225+0000][1][safepoint    ] Entering safepoint region: RevokeBias
[2022-06-13T01:45:31.225+0000][1][safepoint    ] Leaving safepoint region
[2022-06-13T01:45:31.225+0000][1][safepoint    ] Total time for which application threads were stopped: 0.0005693 seconds, Stopping threads took: 0.0002004 seconds
[2022-06-13T01:45:31.226+0000][1][safepoint    ] Application time: 0.0001293 seconds
[2022-06-13T01:45:31.226+0000][1][safepoint    ] Entering safepoint region: RevokeBias
[2022-06-13T01:45:31.226+0000][1][safepoint    ] Leaving safepoint region
[2022-06-13T01:45:31.226+0000][1][safepoint    ] Total time for which application threads were stopped: 0.0006144 seconds, Stopping threads took: 0.0003204 seconds
[2022-06-13T01:45:31.237+0000][1][safepoint    ] Application time: 0.0100824 seconds
[2022-06-13T01:45:31.237+0000][1][safepoint    ] Entering safepoint region: RevokeBias
[2022-06-13T01:45:31.238+0000][1][safepoint    ] Leaving safepoint region
[2022-06-13T01:45:31.238+0000][1][safepoint    ] Total time for which application threads were stopped: 0.0007670 seconds, Stopping threads took: 0.0003402 seconds
[2022-06-13T01:45:31.239+0000][1][safepoint    ] Application time: 0.0003200 seconds
[2022-06-13T01:45:31.239+0000][1][safepoint    ] Entering safepoint region: RevokeBias
[2022-06-13T01:45:31.240+0000][1][safepoint    ] Leaving safepoint region
[2022-06-13T01:45:31.240+0000][1][safepoint    ] Total time for which application threads were stopped: 0.0006649 seconds, Stopping threads took: 0.0003555 seconds
[2022-06-13T01:45:31.240+0000][1][safepoint    ] Application time: 0.0001887 seconds
[2022-06-13T01:45:31.241+0000][1][safepoint    ] Entering safepoint region: RevokeBias
[2022-06-13T01:45:31.241+0000][1][safepoint    ] Leaving safepoint region
[2022-06-13T01:45:31.241+0000][1][safepoint    ] Total time for which application threads were stopped: 0.0006341 seconds, Stopping threads took: 0.0002748 seconds
[2022-06-13T01:45:31.242+0000][1][safepoint    ] Application time: 0.0006889 seconds
[2022-06-13T01:45:31.243+0000][1][safepoint    ] Entering safepoint region: RevokeBias
[2022-06-13T01:45:31.243+0000][1][safepoint    ] Leaving safepoint region
[2022-06-13T01:45:31.244+0000][1][safepoint    ] Total time for which application threads were stopped: 0.0008625 seconds, Stopping threads took: 0.0005108 seconds
[2022-06-13T01:45:31.245+0000][1][safepoint    ] Application time: 0.0010557 seconds
[2022-06-13T01:45:31.245+0000][1][safepoint    ] Entering safepoint region: RevokeBias
[2022-06-13T01:45:31.246+0000][1][safepoint    ] Leaving safepoint region
[2022-06-13T01:45:31.246+0000][1][safepoint    ] Total time for which application threads were stopped: 0.0009610 seconds, Stopping threads took: 0.0004412 seconds
[2022-06-13T01:45:31.247+0000][1][safepoint    ] Application time: 0.0005313 seconds
[2022-06-13T01:45:31.248+0000][1][safepoint    ] Entering safepoint region: RevokeBias
[2022-06-13T01:45:31.248+0000][1][safepoint    ] Leaving safepoint region
[2022-06-13T01:45:31.248+0000][1][safepoint    ] Total time for which application threads were stopped: 0.0008118 seconds, Stopping threads took: 0.0004355 seconds
[2022-06-13T01:45:31.249+0000][1][safepoint    ] Application time: 0.0002215 seconds
[2022-06-13T01:45:31.249+0000][1][safepoint    ] Entering safepoint region: RevokeBias
[2022-06-13T01:45:31.250+0000][1][safepoint    ] Leaving safepoint region
[2022-06-13T01:45:31.250+0000][1][safepoint    ] Total time for which application threads were stopped: 0.0008319 seconds, Stopping threads took: 0.0004597 seconds
[2022-06-13T01:45:31.251+0000][1][safepoint    ] Application time: 0.0005133 seconds
[2022-06-13T01:45:31.251+0000][1][safepoint    ] Entering safepoint region: RevokeBias
[2022-06-13T01:45:31.252+0000][1][safepoint    ] Leaving safepoint region
[2022-06-13T01:45:31.252+0000][1][safepoint    ] Total time for which application threads were stopped: 0.0009242 seconds, Stopping threads took: 0.0005317 seconds
[2022-06-13T01:45:31.257+0000][1][safepoint    ] Application time: 0.0045378 seconds
[2022-06-13T01:45:31.257+0000][1][safepoint    ] Entering safepoint region: RevokeBias
[2022-06-13T01:45:31.257+0000][1][safepoint    ] Leaving safepoint region
[2022-06-13T01:45:31.258+0000][1][safepoint    ] Total time for which application threads were stopped: 0.0007613 seconds, Stopping threads took: 0.0003558 seconds
[2022-06-13T01:45:31.262+0000][1][safepoint    ] Application time: 0.0039972 seconds
[2022-06-13T01:45:31.263+0000][1][safepoint    ] Entering safepoint region: RevokeBias
[2022-06-13T01:45:31.263+0000][1][safepoint    ] Leaving safepoint region
[2022-06-13T01:45:31.263+0000][1][safepoint    ] Total time for which application threads were stopped: 0.0008539 seconds, Stopping threads took: 0.0004209 seconds
[2022-06-13T01:45:31.264+0000][1][safepoint    ] Application time: 0.0006132 seconds
[2022-06-13T01:45:31.265+0000][1][safepoint    ] Entering safepoint region: RevokeBias
[2022-06-13T01:45:31.265+0000][1][safepoint    ] Leaving safepoint region
[2022-06-13T01:45:31.266+0000][1][safepoint    ] Total time for which application threads were stopped: 0.0008556 seconds, Stopping threads took: 0.0004459 seconds
[2022-06-13T01:45:31.269+0000][1][safepoint    ] Application time: 0.0030355 seconds
[2022-06-13T01:45:31.269+0000][1][safepoint    ] Entering safepoint region: RevokeBias
[2022-06-13T01:45:31.270+0000][1][safepoint    ] Leaving safepoint region
[2022-06-13T01:45:31.270+0000][1][safepoint    ] Total time for which application threads were stopped: 0.0007226 seconds, Stopping threads took: 0.0003609 seconds
[2022-06-13T01:45:31.271+0000][1][safepoint    ] Application time: 0.0003709 seconds
[2022-06-13T01:45:31.271+0000][1][safepoint    ] Entering safepoint region: RevokeBias
[2022-06-13T01:45:31.272+0000][1][safepoint    ] Leaving safepoint region
[2022-06-13T01:45:31.272+0000][1][safepoint    ] Total time for which application threads were stopped: 0.0006674 seconds, Stopping threads took: 0.0003677 seconds
[2022-06-13T01:45:31.383+0000][1][safepoint    ] Application time: 0.1114032 seconds
[2022-06-13T01:45:31.384+0000][1][safepoint    ] Entering safepoint region: RevokeBias
[2022-06-13T01:45:31.384+0000][1][safepoint    ] Leaving safepoint region
[2022-06-13T01:45:31.385+0000][1][safepoint    ] Total time for which application threads were stopped: 0.0006592 seconds, Stopping threads took: 0.0003572 seconds
[2022-06-13T01:45:31.385+0000][1][safepoint    ] Application time: 0.0002067 seconds
[2022-06-13T01:45:31.385+0000][1][safepoint    ] Entering safepoint region: RevokeBias
[2022-06-13T01:45:31.386+0000][1][safepoint    ] Leaving safepoint region
[2022-06-13T01:45:31.386+0000][1][safepoint    ] Total time for which application threads were stopped: 0.0007038 seconds, Stopping threads took: 0.0003706 seconds
[2022-06-13T01:45:31.387+0000][1][safepoint    ] Application time: 0.0001875 seconds
[2022-06-13T01:45:31.387+0000][1][safepoint    ] Entering safepoint region: RevokeBias
[2022-06-13T01:45:31.387+0000][1][safepoint    ] Leaving safepoint region
[2022-06-13T01:45:31.388+0000][1][safepoint    ] Total time for which application threads were stopped: 0.0007752 seconds, Stopping threads took: 0.0002355 seconds
[2022-06-13T01:45:31.388+0000][1][safepoint    ] Application time: 0.0003564 seconds
[2022-06-13T01:45:31.388+0000][1][safepoint    ] Entering safepoint region: RevokeBias
[2022-06-13T01:45:31.389+0000][1][safepoint    ] Leaving safepoint region
[2022-06-13T01:45:31.389+0000][1][safepoint    ] Total time for which application threads were stopped: 0.0005907 seconds, Stopping threads took: 0.0002489 seconds
[2022-06-13T01:45:31.389+0000][1][safepoint    ] Application time: 0.0001806 seconds
[2022-06-13T01:45:31.390+0000][1][safepoint    ] Entering safepoint region: RevokeBias
[2022-06-13T01:45:31.390+0000][1][safepoint    ] Leaving safepoint region
[2022-06-13T01:45:31.390+0000][1][safepoint    ] Total time for which application threads were stopped: 0.0006406 seconds, Stopping threads took: 0.0002819 seconds
[2022-06-13T01:45:31.391+0000][1][safepoint    ] Application time: 0.0002037 seconds
[2022-06-13T01:45:31.391+0000][1][safepoint    ] Entering safepoint region: RevokeBias
[2022-06-13T01:45:31.391+0000][1][safepoint    ] Leaving safepoint region
[2022-06-13T01:45:31.392+0000][1][safepoint    ] Total time for which application threads were stopped: 0.0005677 seconds, Stopping threads took: 0.0002375 seconds
[2022-06-13T01:45:31.392+0000][1][safepoint    ] Application time: 0.0001748 seconds
[2022-06-13T01:45:31.392+0000][1][safepoint    ] Entering safepoint region: RevokeBias
[2022-06-13T01:45:31.392+0000][1][safepoint    ] Leaving safepoint region
[2022-06-13T01:45:31.393+0000][1][safepoint    ] Total time for which application threads were stopped: 0.0004714 seconds, Stopping threads took: 0.0002341 seconds
[2022-06-13T01:45:31.393+0000][1][safepoint    ] Application time: 0.0001227 seconds
[2022-06-13T01:45:31.393+0000][1][safepoint    ] Entering safepoint region: RevokeBias
[2022-06-13T01:45:31.393+0000][1][safepoint    ] Leaving safepoint region
[2022-06-13T01:45:31.394+0000][1][safepoint    ] Total time for which application threads were stopped: 0.0005086 seconds, Stopping threads took: 0.0002298 seconds
[2022-06-13T01:45:33.808+0000][1][safepoint    ] Application time: 2.4139257 seconds
[2022-06-13T01:45:33.809+0000][1][safepoint    ] Entering safepoint region: RevokeBias
[2022-06-13T01:45:33.809+0000][1][safepoint    ] Leaving safepoint region
[2022-06-13T01:45:33.810+0000][1][safepoint    ] Total time for which application threads were stopped: 0.0011993 seconds, Stopping threads took: 0.0006951 seconds
[2022-06-13T01:45:33.811+0000][1][safepoint    ] Application time: 0.0007985 seconds
[2022-06-13T01:45:33.811+0000][1][safepoint    ] Entering safepoint region: RevokeBias
[2022-06-13T01:45:33.812+0000][1][safepoint    ] Leaving safepoint region
[2022-06-13T01:45:33.813+0000][1][safepoint    ] Total time for which application threads were stopped: 0.0013481 seconds, Stopping threads took: 0.0006116 seconds
[2022-06-13T01:45:33.813+0000][1][safepoint    ] Application time: 0.0002797 seconds
[2022-06-13T01:45:33.814+0000][1][safepoint    ] Entering safepoint region: RevokeBias
[2022-06-13T01:45:33.814+0000][1][safepoint    ] Leaving safepoint region
[2022-06-13T01:45:33.815+0000][1][safepoint    ] Total time for which application threads were stopped: 0.0014766 seconds, Stopping threads took: 0.0008253 seconds
[2022-06-13T01:45:33.816+0000][1][safepoint    ] Application time: 0.0003661 seconds
[2022-06-13T01:45:33.817+0000][1][safepoint    ] Entering safepoint region: RevokeBias
[2022-06-13T01:45:33.817+0000][1][safepoint    ] Leaving safepoint region
[2022-06-13T01:45:33.818+0000][1][safepoint    ] Total time for which application threads were stopped: 0.0013431 seconds, Stopping threads took: 0.0009248 seconds
[2022-06-13T01:45:33.819+0000][1][safepoint    ] Application time: 0.0004517 seconds
[2022-06-13T01:45:33.819+0000][1][safepoint    ] Entering safepoint region: RevokeBias
[2022-06-13T01:45:33.820+0000][1][safepoint    ] Leaving safepoint region
[2022-06-13T01:45:33.821+0000][1][safepoint    ] Total time for which application threads were stopped: 0.0019660 seconds, Stopping threads took: 0.0009367 seconds
[2022-06-13T01:45:34.822+0000][1][safepoint    ] Application time: 1.0002260 seconds
[2022-06-13T01:45:34.823+0000][1][safepoint    ] Entering safepoint region: Cleanup
[2022-06-13T01:45:34.823+0000][1][safepoint    ] Leaving safepoint region
[2022-06-13T01:45:34.823+0000][1][safepoint    ] Total time for which application threads were stopped: 0.0009437 seconds, Stopping threads took: 0.0004400 seconds
[2022-06-13T01:45:35.824+0000][1][safepoint    ] Application time: 1.0003302 seconds
[2022-06-13T01:45:35.826+0000][1][safepoint    ] Entering safepoint region: Cleanup
[2022-06-13T01:45:35.826+0000][1][safepoint    ] Leaving safepoint region
[2022-06-13T01:45:35.827+0000][1][safepoint    ] Total time for which application threads were stopped: 0.0013052 seconds, Stopping threads took: 0.0007515 seconds
[2022-06-13T01:45:38.312+0000][1][safepoint    ] Application time: 2.4844972 seconds
[2022-06-13T01:45:38.312+0000][1][safepoint    ] Entering safepoint region: RevokeBias
[2022-06-13T01:45:38.313+0000][1][safepoint    ] Leaving safepoint region
[2022-06-13T01:45:38.313+0000][1][safepoint    ] Total time for which application threads were stopped: 0.0004353 seconds, Stopping threads took: 0.0002067 seconds
[2022-06-13T01:45:38.313+0000][1][safepoint    ] Application time: 0.0001079 seconds
[2022-06-13T01:45:38.313+0000][1][safepoint    ] Entering safepoint region: RevokeBias
[2022-06-13T01:45:38.313+0000][1][safepoint    ] Leaving safepoint region
[2022-06-13T01:45:38.313+0000][1][safepoint    ] Total time for which application threads were stopped: 0.0003243 seconds, Stopping threads took: 0.0001445 seconds
[2022-06-13T01:45:39.314+0000][1][safepoint    ] Application time: 1.0002154 seconds
[2022-06-13T01:45:39.315+0000][1][safepoint    ] Entering safepoint region: Cleanup
[2022-06-13T01:45:39.316+0000][1][safepoint    ] Leaving safepoint region
[2022-06-13T01:45:39.316+0000][1][safepoint    ] Total time for which application threads were stopped: 0.0013140 seconds, Stopping threads took: 0.0005445 seconds
[2022-06-13T01:45:44.318+0000][1][safepoint    ] Application time: 5.0011686 seconds
[2022-06-13T01:45:44.319+0000][1][safepoint    ] Entering safepoint region: Cleanup
[2022-06-13T01:45:44.320+0000][1][safepoint    ] Leaving safepoint region
[2022-06-13T01:45:44.321+0000][1][safepoint    ] Total time for which application threads were stopped: 0.0016428 seconds, Stopping threads took: 0.0010540 seconds
[2022-06-13T01:45:48.322+0000][1][safepoint    ] Application time: 4.0007394 seconds
[2022-06-13T01:45:48.323+0000][1][safepoint    ] Entering safepoint region: Cleanup
[2022-06-13T01:45:48.323+0000][1][safepoint    ] Leaving safepoint region
[2022-06-13T01:45:48.324+0000][1][safepoint    ] Total time for which application threads were stopped: 0.0011740 seconds, Stopping threads took: 0.0004698 seconds
[2022-06-13T01:45:51.325+0000][1][safepoint    ] Application time: 3.0006065 seconds
[2022-06-13T01:45:51.326+0000][1][safepoint    ] Entering safepoint region: Cleanup
[2022-06-13T01:45:51.327+0000][1][safepoint    ] Leaving safepoint region
[2022-06-13T01:45:51.328+0000][1][safepoint    ] Total time for which application threads were stopped: 0.0017394 seconds, Stopping threads took: 0.0008122 seconds
[2022-06-13T01:45:52.329+0000][1][safepoint    ] Application time: 1.0002153 seconds
[2022-06-13T01:45:52.330+0000][1][safepoint    ] Entering safepoint region: Cleanup
[2022-06-13T01:45:52.330+0000][1][safepoint    ] Leaving safepoint region
[2022-06-13T01:45:52.331+0000][1][safepoint    ] Total time for which application threads were stopped: 0.0014535 seconds, Stopping threads took: 0.0006174 seconds
[2022-06-13T01:45:56.333+0000][1][safepoint    ] Application time: 4.0011056 seconds
[2022-06-13T01:45:56.334+0000][1][safepoint    ] Entering safepoint region: Cleanup
[2022-06-13T01:45:56.334+0000][1][safepoint    ] Leaving safepoint region
[2022-06-13T01:45:56.335+0000][1][safepoint    ] Total time for which application threads were stopped: 0.0013697 seconds, Stopping threads took: 0.0006779 seconds
[2022-06-13T01:46:01.337+0000][1][safepoint    ] Application time: 5.0011323 seconds
[2022-06-13T01:46:01.338+0000][1][safepoint    ] Entering safepoint region: Cleanup
[2022-06-13T01:46:01.339+0000][1][safepoint    ] Leaving safepoint region
[2022-06-13T01:46:01.339+0000][1][safepoint    ] Total time for which application threads were stopped: 0.0015864 seconds, Stopping threads took: 0.0009055 seconds
[2022-06-13T01:46:02.340+0000][1][safepoint    ] Application time: 1.0003144 seconds
[2022-06-13T01:46:02.341+0000][1][safepoint    ] Entering safepoint region: Cleanup
[2022-06-13T01:46:02.341+0000][1][safepoint    ] Leaving safepoint region
[2022-06-13T01:46:02.342+0000][1][safepoint    ] Total time for which application threads were stopped: 0.0006356 seconds, Stopping threads took: 0.0003679 seconds
[2022-06-13T01:46:03.342+0000][1][safepoint    ] Application time: 1.0002712 seconds
[2022-06-13T01:46:03.343+0000][1][safepoint    ] Entering safepoint region: Cleanup
[2022-06-13T01:46:03.344+0000][1][safepoint    ] Leaving safepoint region
[2022-06-13T01:46:03.344+0000][1][safepoint    ] Total time for which application threads were stopped: 0.0011261 seconds, Stopping threads took: 0.0005217 seconds
[2022-06-13T01:46:08.346+0000][1][safepoint    ] Application time: 5.0011448 seconds
[2022-06-13T01:46:08.346+0000][1][safepoint    ] Entering safepoint region: Cleanup
[2022-06-13T01:46:08.347+0000][1][safepoint    ] Leaving safepoint region
[2022-06-13T01:46:08.348+0000][1][safepoint    ] Total time for which application threads were stopped: 0.0015547 seconds, Stopping threads took: 0.0008295 seconds
[2022-06-13T01:46:09.349+0000][1][safepoint    ] Application time: 1.0002256 seconds
[2022-06-13T01:46:09.350+0000][1][safepoint    ] Entering safepoint region: Cleanup
[2022-06-13T01:46:09.350+0000][1][safepoint    ] Leaving safepoint region
[2022-06-13T01:46:09.351+0000][1][safepoint    ] Total time for which application threads were stopped: 0.0010536 seconds, Stopping threads took: 0.0003716 seconds
[2022-06-13T01:46:21.772+0000][1][safepoint    ] Application time: 12.4210302 seconds
[2022-06-13T01:46:21.773+0000][1][safepoint    ] Entering safepoint region: RevokeBias
[2022-06-13T01:46:21.773+0000][1][safepoint    ] Leaving safepoint region
[2022-06-13T01:46:21.774+0000][1][safepoint    ] Total time for which application threads were stopped: 0.0015511 seconds, Stopping threads took: 0.0007812 seconds
[2022-06-13T01:46:22.775+0000][1][safepoint    ] Application time: 1.0003813 seconds
[2022-06-13T01:46:22.776+0000][1][safepoint    ] Entering safepoint region: Cleanup
[2022-06-13T01:46:22.777+0000][1][safepoint    ] Leaving safepoint region
[2022-06-13T01:46:22.778+0000][1][safepoint    ] Total time for which application threads were stopped: 0.0016591 seconds, Stopping threads took: 0.0008767 seconds
[2022-06-13T01:46:24.779+0000][1][safepoint    ] Application time: 2.0005298 seconds
[2022-06-13T01:46:24.779+0000][1][safepoint    ] Entering safepoint region: Cleanup
[2022-06-13T01:46:24.780+0000][1][safepoint    ] Leaving safepoint region
[2022-06-13T01:46:24.780+0000][1][safepoint    ] Total time for which application threads were stopped: 0.0010632 seconds, Stopping threads took: 0.0006450 seconds
[2022-06-13T01:46:25.781+0000][1][safepoint    ] Application time: 1.0003610 seconds
[2022-06-13T01:46:25.782+0000][1][safepoint    ] Entering safepoint region: Cleanup
[2022-06-13T01:46:25.783+0000][1][safepoint    ] Leaving safepoint region
[2022-06-13T01:46:25.784+0000][1][safepoint    ] Total time for which application threads were stopped: 0.0018901 seconds, Stopping threads took: 0.0006812 seconds
[2022-06-13T01:46:26.785+0000][1][safepoint    ] Application time: 1.0002398 seconds
[2022-06-13T01:46:26.786+0000][1][safepoint    ] Entering safepoint region: Cleanup
[2022-06-13T01:46:26.786+0000][1][safepoint    ] Leaving safepoint region
[2022-06-13T01:46:26.787+0000][1][safepoint    ] Total time for which application threads were stopped: 0.0015577 seconds, Stopping threads took: 0.0006393 seconds
[2022-06-13T01:46:30.788+0000][1][safepoint    ] Application time: 4.0009800 seconds
[2022-06-13T01:46:30.789+0000][1][safepoint    ] Entering safepoint region: Cleanup
[2022-06-13T01:46:30.790+0000][1][safepoint    ] Leaving safepoint region
[2022-06-13T01:46:30.790+0000][1][safepoint    ] Total time for which application threads were stopped: 0.0010110 seconds, Stopping threads took: 0.0005042 seconds
[2022-06-13T01:46:37.792+0000][1][safepoint    ] Application time: 7.0016520 seconds
[2022-06-13T01:46:37.793+0000][1][safepoint    ] Entering safepoint region: Cleanup
[2022-06-13T01:46:37.793+0000][1][safepoint    ] Leaving safepoint region
[2022-06-13T01:46:37.794+0000][1][safepoint    ] Total time for which application threads were stopped: 0.0008289 seconds, Stopping threads took: 0.0004571 seconds
[2022-06-13T01:46:38.794+0000][1][safepoint    ] Application time: 1.0003009 seconds
[2022-06-13T01:46:38.795+0000][1][safepoint    ] Entering safepoint region: Cleanup
[2022-06-13T01:46:38.795+0000][1][safepoint    ] Leaving safepoint region
[2022-06-13T01:46:38.796+0000][1][safepoint    ] Total time for which application threads were stopped: 0.0004588 seconds, Stopping threads took: 0.0002223 seconds
[2022-06-13T01:46:39.796+0000][1][safepoint    ] Application time: 1.0001761 seconds
[2022-06-13T01:46:39.797+0000][1][safepoint    ] Entering safepoint region: Cleanup
[2022-06-13T01:46:39.797+0000][1][safepoint    ] Leaving safepoint region
[2022-06-13T01:46:39.798+0000][1][safepoint    ] Total time for which application threads were stopped: 0.0011134 seconds, Stopping threads took: 0.0005238 seconds
[2022-06-13T01:46:40.798+0000][1][safepoint    ] Application time: 1.0002062 seconds
[2022-06-13T01:46:40.799+0000][1][safepoint    ] Entering safepoint region: Cleanup
[2022-06-13T01:46:40.799+0000][1][safepoint    ] Leaving safepoint region
[2022-06-13T01:46:40.799+0000][1][safepoint    ] Total time for which application threads were stopped: 0.0004580 seconds, Stopping threads took: 0.0001806 seconds
[2022-06-13T01:46:42.800+0000][1][safepoint    ] Application time: 2.0004658 seconds
[2022-06-13T01:46:42.801+0000][1][safepoint    ] Entering safepoint region: Cleanup
[2022-06-13T01:46:42.801+0000][1][safepoint    ] Leaving safepoint region
[2022-06-13T01:46:42.802+0000][1][safepoint    ] Total time for which application threads were stopped: 0.0010602 seconds, Stopping threads took: 0.0004438 seconds
[2022-06-13T01:46:44.803+0000][1][safepoint    ] Application time: 2.0005496 seconds
[2022-06-13T01:46:44.803+0000][1][safepoint    ] Entering safepoint region: Cleanup
[2022-06-13T01:46:44.804+0000][1][safepoint    ] Leaving safepoint region
[2022-06-13T01:46:44.804+0000][1][safepoint    ] Total time for which application threads were stopped: 0.0010943 seconds, Stopping threads took: 0.0005334 seconds
[2022-06-13T01:46:45.805+0000][1][safepoint    ] Application time: 1.0002215 seconds
[2022-06-13T01:46:45.805+0000][1][safepoint    ] Entering safepoint region: Cleanup
[2022-06-13T01:46:45.806+0000][1][safepoint    ] Leaving safepoint region
[2022-06-13T01:46:45.806+0000][1][safepoint    ] Total time for which application threads were stopped: 0.0008991 seconds, Stopping threads took: 0.0003926 seconds
[2022-06-13T01:46:50.808+0000][1][safepoint    ] Application time: 5.0011392 seconds
[2022-06-13T01:46:50.808+0000][1][safepoint    ] Entering safepoint region: Cleanup
[2022-06-13T01:46:50.809+0000][1][safepoint    ] Leaving safepoint region
[2022-06-13T01:46:50.809+0000][1][safepoint    ] Total time for which application threads were stopped: 0.0009509 seconds, Stopping threads took: 0.0004821 seconds
[2022-06-13T01:47:10.494+0000][1][safepoint    ] Application time: 19.6841589 seconds
[2022-06-13T01:47:10.495+0000][1][safepoint    ] Entering safepoint region: GenCollectForAllocation
[2022-06-13T01:47:10.495+0000][1][gc,start     ] GC(22) Pause Young (Allocation Failure)
[2022-06-13T01:47:10.496+0000][1][gc,task      ] GC(22) Using 5 workers of 13 for evacuation
[2022-06-13T01:47:10.504+0000][1][gc,age       ] GC(22) Desired survivor size 4456448 bytes, new threshold 2 (max threshold 6)
[2022-06-13T01:47:10.505+0000][1][gc,age       ] GC(22) Age table with threshold 2 (max threshold 6)
[2022-06-13T01:47:10.506+0000][1][gc,age       ] GC(22) - age   1:    1089512 bytes,    1089512 total
[2022-06-13T01:47:10.507+0000][1][gc,age       ] GC(22) - age   2:    3967152 bytes,    5056664 total
[2022-06-13T01:47:10.507+0000][1][gc,heap      ] GC(22) ParNew: 78656K->8253K(78656K)
[2022-06-13T01:47:10.508+0000][1][gc,heap      ] GC(22) CMS: 59669K->63922K(174784K)
[2022-06-13T01:47:10.508+0000][1][gc,metaspace ] GC(22) Metaspace: 65343K->65343K(1110016K)
[2022-06-13T01:47:10.509+0000][1][gc           ] GC(22) Pause Young (Allocation Failure) 135M->70M(247M) 13.885ms
[2022-06-13T01:47:10.510+0000][1][gc,cpu       ] GC(22) User=0.04s Sys=0.00s Real=0.02s
[2022-06-13T01:47:10.510+0000][1][safepoint    ] Leaving safepoint region
[2022-06-13T01:47:10.511+0000][1][safepoint    ] Total time for which application threads were stopped: 0.0165882 seconds, Stopping threads took: 0.0004993 seconds
[2022-06-13T01:47:11.512+0000][1][safepoint    ] Application time: 1.0002874 seconds
[2022-06-13T01:47:11.513+0000][1][safepoint    ] Entering safepoint region: Cleanup
[2022-06-13T01:47:11.513+0000][1][safepoint    ] Leaving safepoint region
[2022-06-13T01:47:11.514+0000][1][safepoint    ] Total time for which application threads were stopped: 0.0008734 seconds, Stopping threads took: 0.0003903 seconds
[2022-06-13T01:47:12.514+0000][1][safepoint    ] Application time: 1.0001735 seconds
[2022-06-13T01:47:12.515+0000][1][safepoint    ] Entering safepoint region: Cleanup
[2022-06-13T01:47:12.515+0000][1][safepoint    ] Leaving safepoint region
[2022-06-13T01:47:12.516+0000][1][safepoint    ] Total time for which application threads were stopped: 0.0011085 seconds, Stopping threads took: 0.0006258 seconds
[2022-06-13T01:47:13.517+0000][1][safepoint    ] Application time: 1.0004024 seconds
[2022-06-13T01:47:13.517+0000][1][safepoint    ] Entering safepoint region: Cleanup
[2022-06-13T01:47:13.518+0000][1][safepoint    ] Leaving safepoint region
[2022-06-13T01:47:13.519+0000][1][safepoint    ] Total time for which application threads were stopped: 0.0018422 seconds, Stopping threads took: 0.0010892 seconds
[2022-06-13T01:47:17.521+0000][1][safepoint    ] Application time: 4.0007545 seconds
[2022-06-13T01:47:17.521+0000][1][safepoint    ] Entering safepoint region: Cleanup
[2022-06-13T01:47:17.523+0000][1][safepoint    ] Leaving safepoint region
[2022-06-13T01:47:17.524+0000][1][safepoint    ] Total time for which application threads were stopped: 0.0022964 seconds, Stopping threads took: 0.0014296 seconds
[2022-06-13T01:47:18.524+0000][1][safepoint    ] Application time: 1.0002604 seconds
[2022-06-13T01:47:18.525+0000][1][safepoint    ] Entering safepoint region: Cleanup
[2022-06-13T01:47:18.525+0000][1][safepoint    ] Leaving safepoint region
[2022-06-13T01:47:18.525+0000][1][safepoint    ] Total time for which application threads were stopped: 0.0006687 seconds, Stopping threads took: 0.0004101 seconds
[2022-06-13T01:47:26.528+0000][1][safepoint    ] Application time: 8.0020251 seconds
[2022-06-13T01:47:26.529+0000][1][safepoint    ] Entering safepoint region: Cleanup
[2022-06-13T01:47:26.529+0000][1][safepoint    ] Leaving safepoint region
[2022-06-13T01:47:26.530+0000][1][safepoint    ] Total time for which application threads were stopped: 0.0013947 seconds, Stopping threads took: 0.0007172 seconds
[2022-06-13T01:47:27.531+0000][1][safepoint    ] Application time: 1.0002930 seconds
[2022-06-13T01:47:27.531+0000][1][safepoint    ] Entering safepoint region: Cleanup
[2022-06-13T01:47:27.532+0000][1][safepoint    ] Leaving safepoint region
[2022-06-13T01:47:27.533+0000][1][safepoint    ] Total time for which application threads were stopped: 0.0017079 seconds, Stopping threads took: 0.0006983 seconds
[2022-06-13T01:47:29.534+0000][1][safepoint    ] Application time: 2.0003810 seconds
[2022-06-13T01:47:29.535+0000][1][safepoint    ] Entering safepoint region: Cleanup
[2022-06-13T01:47:29.535+0000][1][safepoint    ] Leaving safepoint region
[2022-06-13T01:47:29.536+0000][1][safepoint    ] Total time for which application threads were stopped: 0.0011277 seconds, Stopping threads took: 0.0005219 seconds
[2022-06-13T01:47:30.537+0000][1][safepoint    ] Application time: 1.0003396 seconds
[2022-06-13T01:47:30.537+0000][1][safepoint    ] Entering safepoint region: Cleanup
[2022-06-13T01:47:30.537+0000][1][safepoint    ] Leaving safepoint region
[2022-06-13T01:47:30.538+0000][1][safepoint    ] Total time for which application threads were stopped: 0.0004550 seconds, Stopping threads took: 0.0002084 seconds
[2022-06-13T01:47:31.538+0000][1][safepoint    ] Application time: 1.0002799 seconds
[2022-06-13T01:47:31.539+0000][1][safepoint    ] Entering safepoint region: Cleanup
[2022-06-13T01:47:31.539+0000][1][safepoint    ] Leaving safepoint region
[2022-06-13T01:47:31.540+0000][1][safepoint    ] Total time for which application threads were stopped: 0.0008572 seconds, Stopping threads took: 0.0004057 seconds
[2022-06-13T01:47:38.542+0000][1][safepoint    ] Application time: 7.0017829 seconds
[2022-06-13T01:47:38.542+0000][1][safepoint    ] Entering safepoint region: Cleanup
[2022-06-13T01:47:38.543+0000][1][safepoint    ] Leaving safepoint region
[2022-06-13T01:47:38.543+0000][1][safepoint    ] Total time for which application threads were stopped: 0.0010241 seconds, Stopping threads took: 0.0003444 seconds
[2022-06-13T01:48:01.550+0000][1][safepoint    ] Application time: 23.0059765 seconds
[2022-06-13T01:48:01.551+0000][1][safepoint    ] Entering safepoint region: Cleanup
[2022-06-13T01:48:01.551+0000][1][safepoint    ] Leaving safepoint region
[2022-06-13T01:48:01.551+0000][1][safepoint    ] Total time for which application threads were stopped: 0.0009920 seconds, Stopping threads took: 0.0006136 seconds
[2022-06-13T01:48:15.555+0000][1][safepoint    ] Application time: 14.0030939 seconds
[2022-06-13T01:48:15.556+0000][1][safepoint    ] Entering safepoint region: Cleanup
[2022-06-13T01:48:15.556+0000][1][safepoint    ] Leaving safepoint region
[2022-06-13T01:48:15.557+0000][1][safepoint    ] Total time for which application threads were stopped: 0.0014493 seconds, Stopping threads took: 0.0007022 seconds
[2022-06-13T01:48:21.559+0000][1][safepoint    ] Application time: 6.0016951 seconds
[2022-06-13T01:48:21.560+0000][1][safepoint    ] Entering safepoint region: Cleanup
[2022-06-13T01:48:21.560+0000][1][safepoint    ] Leaving safepoint region
[2022-06-13T01:48:21.561+0000][1][safepoint    ] Total time for which application threads were stopped: 0.0009236 seconds, Stopping threads took: 0.0005233 seconds
[2022-06-13T01:48:48.567+0000][1][safepoint    ] Application time: 27.0058809 seconds
[2022-06-13T01:48:48.567+0000][1][safepoint    ] Entering safepoint region: Cleanup
[2022-06-13T01:48:48.568+0000][1][safepoint    ] Leaving safepoint region
[2022-06-13T01:48:48.569+0000][1][safepoint    ] Total time for which application threads were stopped: 0.0010934 seconds, Stopping threads took: 0.0005681 seconds
[2022-06-13T01:48:53.498+0000][1][safepoint    ] Application time: 4.9288752 seconds
[2022-06-13T01:48:53.498+0000][1][safepoint    ] Entering safepoint region: RevokeBias
[2022-06-13T01:48:53.499+0000][1][safepoint    ] Leaving safepoint region
[2022-06-13T01:48:53.499+0000][1][safepoint    ] Total time for which application threads were stopped: 0.0011440 seconds, Stopping threads took: 0.0004396 seconds
[2022-06-13T01:48:53.500+0000][1][safepoint    ] Application time: 0.0003290 seconds
[2022-06-13T01:48:53.501+0000][1][safepoint    ] Entering safepoint region: RevokeBias
[2022-06-13T01:48:53.501+0000][1][safepoint    ] Leaving safepoint region
[2022-06-13T01:48:53.502+0000][1][safepoint    ] Total time for which application threads were stopped: 0.0011625 seconds, Stopping threads took: 0.0007021 seconds
[2022-06-13T01:48:53.503+0000][1][safepoint    ] Application time: 0.0012409 seconds
[2022-06-13T01:48:53.504+0000][1][safepoint    ] Entering safepoint region: RevokeBias
[2022-06-13T01:48:53.505+0000][1][safepoint    ] Leaving safepoint region
[2022-06-13T01:48:53.505+0000][1][safepoint    ] Total time for which application threads were stopped: 0.0014450 seconds, Stopping threads took: 0.0008904 seconds
[2022-06-13T01:48:53.506+0000][1][safepoint    ] Application time: 0.0004687 seconds
[2022-06-13T01:48:53.507+0000][1][safepoint    ] Entering safepoint region: RevokeBias
[2022-06-13T01:48:53.507+0000][1][safepoint    ] Leaving safepoint region
[2022-06-13T01:48:53.508+0000][1][safepoint    ] Total time for which application threads were stopped: 0.0010452 seconds, Stopping threads took: 0.0005722 seconds
[2022-06-13T01:48:53.509+0000][1][safepoint    ] Application time: 0.0002603 seconds
[2022-06-13T01:48:53.509+0000][1][safepoint    ] Entering safepoint region: RevokeBias
[2022-06-13T01:48:53.510+0000][1][safepoint    ] Leaving safepoint region
[2022-06-13T01:48:53.510+0000][1][safepoint    ] Total time for which application threads were stopped: 0.0011860 seconds, Stopping threads took: 0.0004955 seconds
[2022-06-13T01:48:53.511+0000][1][safepoint    ] Application time: 0.0005087 seconds
[2022-06-13T01:48:53.512+0000][1][safepoint    ] Entering safepoint region: RevokeBias
[2022-06-13T01:48:53.513+0000][1][safepoint    ] Leaving safepoint region
[2022-06-13T01:48:53.514+0000][1][safepoint    ] Total time for which application threads were stopped: 0.0016408 seconds, Stopping threads took: 0.0005940 seconds
[2022-06-13T01:48:53.516+0000][1][safepoint    ] Application time: 0.0013170 seconds
[2022-06-13T01:48:53.516+0000][1][safepoint    ] Entering safepoint region: RevokeBias
[2022-06-13T01:48:53.517+0000][1][safepoint    ] Leaving safepoint region
[2022-06-13T01:48:53.517+0000][1][safepoint    ] Total time for which application threads were stopped: 0.0011580 seconds, Stopping threads took: 0.0004695 seconds
[2022-06-13T01:48:53.519+0000][1][safepoint    ] Application time: 0.0008467 seconds
[2022-06-13T01:48:53.520+0000][1][safepoint    ] Entering safepoint region: RevokeBias
[2022-06-13T01:48:53.522+0000][1][safepoint    ] Leaving safepoint region
[2022-06-13T01:48:53.522+0000][1][safepoint    ] Total time for which application threads were stopped: 0.0022498 seconds, Stopping threads took: 0.0008050 seconds
[2022-06-13T01:48:53.524+0000][1][safepoint    ] Application time: 0.0012738 seconds
[2022-06-13T01:48:53.524+0000][1][safepoint    ] Entering safepoint region: RevokeBias
[2022-06-13T01:48:53.525+0000][1][safepoint    ] Leaving safepoint region
[2022-06-13T01:48:53.526+0000][1][safepoint    ] Total time for which application threads were stopped: 0.0012547 seconds, Stopping threads took: 0.0005356 seconds
[2022-06-13T01:48:53.526+0000][1][safepoint    ] Application time: 0.0003524 seconds
[2022-06-13T01:48:53.527+0000][1][safepoint    ] Entering safepoint region: RevokeBias
[2022-06-13T01:48:53.528+0000][1][safepoint    ] Leaving safepoint region
[2022-06-13T01:48:53.529+0000][1][safepoint    ] Total time for which application threads were stopped: 0.0015386 seconds, Stopping threads took: 0.0006855 seconds
[2022-06-13T01:48:53.530+0000][1][safepoint    ] Application time: 0.0007031 seconds
[2022-06-13T01:48:53.531+0000][1][safepoint    ] Entering safepoint region: RevokeBias
[2022-06-13T01:48:53.532+0000][1][safepoint    ] Leaving safepoint region
[2022-06-13T01:48:53.532+0000][1][safepoint    ] Total time for which application threads were stopped: 0.0015890 seconds, Stopping threads took: 0.0009936 seconds
[2022-06-13T01:48:53.533+0000][1][safepoint    ] Application time: 0.0006931 seconds
[2022-06-13T01:48:53.534+0000][1][safepoint    ] Entering safepoint region: RevokeBias
[2022-06-13T01:48:53.535+0000][1][safepoint    ] Leaving safepoint region
[2022-06-13T01:48:53.535+0000][1][safepoint    ] Total time for which application threads were stopped: 0.0015591 seconds, Stopping threads took: 0.0006148 seconds
[2022-06-13T01:48:53.537+0000][1][safepoint    ] Application time: 0.0015081 seconds
[2022-06-13T01:48:53.538+0000][1][safepoint    ] Entering safepoint region: RevokeBias
[2022-06-13T01:48:53.539+0000][1][safepoint    ] Leaving safepoint region
[2022-06-13T01:48:53.540+0000][1][safepoint    ] Total time for which application threads were stopped: 0.0016167 seconds, Stopping threads took: 0.0010326 seconds
[2022-06-13T01:48:53.541+0000][1][safepoint    ] Application time: 0.0004237 seconds
[2022-06-13T01:48:53.541+0000][1][safepoint    ] Entering safepoint region: RevokeBias
[2022-06-13T01:48:53.542+0000][1][safepoint    ] Leaving safepoint region
[2022-06-13T01:48:53.542+0000][1][safepoint    ] Total time for which application threads were stopped: 0.0011016 seconds, Stopping threads took: 0.0005642 seconds
[2022-06-13T01:48:53.544+0000][1][safepoint    ] Application time: 0.0013086 seconds
[2022-06-13T01:48:53.545+0000][1][safepoint    ] Entering safepoint region: RevokeBias
[2022-06-13T01:48:53.546+0000][1][safepoint    ] Leaving safepoint region
[2022-06-13T01:48:53.546+0000][1][safepoint    ] Total time for which application threads were stopped: 0.0010522 seconds, Stopping threads took: 0.0006652 seconds
[2022-06-13T01:48:53.547+0000][1][safepoint    ] Application time: 0.0004862 seconds
[2022-06-13T01:48:53.548+0000][1][safepoint    ] Entering safepoint region: RevokeBias
[2022-06-13T01:48:53.549+0000][1][safepoint    ] Leaving safepoint region
[2022-06-13T01:48:53.549+0000][1][safepoint    ] Total time for which application threads were stopped: 0.0014563 seconds, Stopping threads took: 0.0007439 seconds
[2022-06-13T01:48:53.550+0000][1][safepoint    ] Application time: 0.0003906 seconds
[2022-06-13T01:48:53.551+0000][1][safepoint    ] Entering safepoint region: RevokeBias
[2022-06-13T01:48:53.551+0000][1][safepoint    ] Leaving safepoint region
[2022-06-13T01:48:53.552+0000][1][safepoint    ] Total time for which application threads were stopped: 0.0010380 seconds, Stopping threads took: 0.0005052 seconds
[2022-06-13T01:48:53.553+0000][1][safepoint    ] Application time: 0.0004967 seconds
[2022-06-13T01:48:53.553+0000][1][safepoint    ] Entering safepoint region: RevokeBias
[2022-06-13T01:48:53.554+0000][1][safepoint    ] Leaving safepoint region
[2022-06-13T01:48:53.555+0000][1][safepoint    ] Total time for which application threads were stopped: 0.0016743 seconds, Stopping threads took: 0.0006141 seconds
[2022-06-13T01:48:53.556+0000][1][safepoint    ] Application time: 0.0004301 seconds
[2022-06-13T01:48:53.556+0000][1][safepoint    ] Entering safepoint region: RevokeBias
[2022-06-13T01:48:53.557+0000][1][safepoint    ] Leaving safepoint region
[2022-06-13T01:48:53.558+0000][1][safepoint    ] Total time for which application threads were stopped: 0.0014890 seconds, Stopping threads took: 0.0008098 seconds
[2022-06-13T01:48:53.559+0000][1][safepoint    ] Application time: 0.0014386 seconds
[2022-06-13T01:48:53.560+0000][1][safepoint    ] Entering safepoint region: RevokeBias
[2022-06-13T01:48:53.560+0000][1][safepoint    ] Leaving safepoint region
[2022-06-13T01:48:53.561+0000][1][safepoint    ] Total time for which application threads were stopped: 0.0007223 seconds, Stopping threads took: 0.0003361 seconds
[2022-06-13T01:48:53.562+0000][1][safepoint    ] Application time: 0.0006660 seconds
[2022-06-13T01:48:53.562+0000][1][safepoint    ] Entering safepoint region: RevokeBias
[2022-06-13T01:48:53.563+0000][1][safepoint    ] Leaving safepoint region
[2022-06-13T01:48:53.564+0000][1][safepoint    ] Total time for which application threads were stopped: 0.0013093 seconds, Stopping threads took: 0.0006365 seconds
[2022-06-13T01:48:53.565+0000][1][safepoint    ] Application time: 0.0011254 seconds
[2022-06-13T01:48:53.565+0000][1][safepoint    ] Entering safepoint region: RevokeBias
[2022-06-13T01:48:53.566+0000][1][safepoint    ] Leaving safepoint region
[2022-06-13T01:48:53.567+0000][1][safepoint    ] Total time for which application threads were stopped: 0.0012714 seconds, Stopping threads took: 0.0006653 seconds
[2022-06-13T01:48:53.568+0000][1][safepoint    ] Application time: 0.0004934 seconds
[2022-06-13T01:48:53.568+0000][1][safepoint    ] Entering safepoint region: RevokeBias
[2022-06-13T01:48:53.569+0000][1][safepoint    ] Leaving safepoint region
[2022-06-13T01:48:53.569+0000][1][safepoint    ] Total time for which application threads were stopped: 0.0010389 seconds, Stopping threads took: 0.0005248 seconds
[2022-06-13T01:48:53.571+0000][1][safepoint    ] Application time: 0.0011738 seconds
[2022-06-13T01:48:53.572+0000][1][safepoint    ] Entering safepoint region: RevokeBias
[2022-06-13T01:48:53.573+0000][1][safepoint    ] Leaving safepoint region
[2022-06-13T01:48:53.573+0000][1][safepoint    ] Total time for which application threads were stopped: 0.0019670 seconds, Stopping threads took: 0.0005755 seconds
[2022-06-13T01:48:53.574+0000][1][safepoint    ] Application time: 0.0003272 seconds
[2022-06-13T01:48:53.575+0000][1][safepoint    ] Entering safepoint region: RevokeBias
[2022-06-13T01:48:53.575+0000][1][safepoint    ] Leaving safepoint region
[2022-06-13T01:48:53.575+0000][1][safepoint    ] Total time for which application threads were stopped: 0.0007490 seconds, Stopping threads took: 0.0003006 seconds
[2022-06-13T01:48:53.576+0000][1][safepoint    ] Application time: 0.0007756 seconds
[2022-06-13T01:48:53.577+0000][1][safepoint    ] Entering safepoint region: RevokeBias
[2022-06-13T01:48:53.577+0000][1][safepoint    ] Leaving safepoint region
[2022-06-13T01:48:53.578+0000][1][safepoint    ] Total time for which application threads were stopped: 0.0013658 seconds, Stopping threads took: 0.0005008 seconds
[2022-06-13T01:48:53.580+0000][1][safepoint    ] Application time: 0.0010535 seconds
[2022-06-13T01:48:53.581+0000][1][safepoint    ] Entering safepoint region: RevokeBias
[2022-06-13T01:48:53.581+0000][1][safepoint    ] Leaving safepoint region
[2022-06-13T01:48:53.582+0000][1][safepoint    ] Total time for which application threads were stopped: 0.0009905 seconds, Stopping threads took: 0.0004229 seconds
[2022-06-13T01:48:53.582+0000][1][safepoint    ] Application time: 0.0002975 seconds
[2022-06-13T01:48:53.583+0000][1][safepoint    ] Entering safepoint region: RevokeBias
[2022-06-13T01:48:53.583+0000][1][safepoint    ] Leaving safepoint region
[2022-06-13T01:48:53.584+0000][1][safepoint    ] Total time for which application threads were stopped: 0.0006561 seconds, Stopping threads took: 0.0003815 seconds
[2022-06-13T01:48:53.585+0000][1][safepoint    ] Application time: 0.0006939 seconds
[2022-06-13T01:48:53.585+0000][1][safepoint    ] Entering safepoint region: RevokeBias
[2022-06-13T01:48:53.586+0000][1][safepoint    ] Leaving safepoint region
[2022-06-13T01:48:53.587+0000][1][safepoint    ] Total time for which application threads were stopped: 0.0014404 seconds, Stopping threads took: 0.0006748 seconds
[2022-06-13T01:48:53.587+0000][1][safepoint    ] Application time: 0.0002550 seconds
[2022-06-13T01:48:53.588+0000][1][safepoint    ] Entering safepoint region: RevokeBias
[2022-06-13T01:48:53.589+0000][1][safepoint    ] Leaving safepoint region
[2022-06-13T01:48:53.589+0000][1][safepoint    ] Total time for which application threads were stopped: 0.0012815 seconds, Stopping threads took: 0.0008490 seconds
[2022-06-13T01:48:53.590+0000][1][safepoint    ] Application time: 0.0004362 seconds
[2022-06-13T01:48:53.591+0000][1][safepoint    ] Entering safepoint region: RevokeBias
[2022-06-13T01:48:53.591+0000][1][safepoint    ] Leaving safepoint region
[2022-06-13T01:48:53.591+0000][1][safepoint    ] Total time for which application threads were stopped: 0.0008598 seconds, Stopping threads took: 0.0002743 seconds
[2022-06-13T01:48:53.592+0000][1][safepoint    ] Application time: 0.0002008 seconds
[2022-06-13T01:48:53.592+0000][1][safepoint    ] Entering safepoint region: RevokeBias
[2022-06-13T01:48:53.593+0000][1][safepoint    ] Leaving safepoint region
[2022-06-13T01:48:53.593+0000][1][safepoint    ] Total time for which application threads were stopped: 0.0006039 seconds, Stopping threads took: 0.0002620 seconds
[2022-06-13T01:48:53.594+0000][1][safepoint    ] Application time: 0.0008710 seconds
[2022-06-13T01:48:53.595+0000][1][safepoint    ] Entering safepoint region: RevokeBias
[2022-06-13T01:48:53.595+0000][1][safepoint    ] Leaving safepoint region
[2022-06-13T01:48:53.596+0000][1][safepoint    ] Total time for which application threads were stopped: 0.0013235 seconds, Stopping threads took: 0.0004765 seconds
[2022-06-13T01:48:53.597+0000][1][safepoint    ] Application time: 0.0003703 seconds
[2022-06-13T01:48:53.598+0000][1][safepoint    ] Entering safepoint region: RevokeBias
[2022-06-13T01:48:53.598+0000][1][safepoint    ] Leaving safepoint region
[2022-06-13T01:48:53.599+0000][1][safepoint    ] Total time for which application threads were stopped: 0.0007268 seconds, Stopping threads took: 0.0004583 seconds
[2022-06-13T01:48:53.600+0000][1][safepoint    ] Application time: 0.0008511 seconds
[2022-06-13T01:48:53.600+0000][1][safepoint    ] Entering safepoint region: RevokeBias
[2022-06-13T01:48:53.600+0000][1][safepoint    ] Leaving safepoint region
[2022-06-13T01:48:53.601+0000][1][safepoint    ] Total time for which application threads were stopped: 0.0007342 seconds, Stopping threads took: 0.0002309 seconds
[2022-06-13T01:48:53.603+0000][1][safepoint    ] Application time: 0.0015380 seconds
[2022-06-13T01:48:53.603+0000][1][safepoint    ] Entering safepoint region: RevokeBias
[2022-06-13T01:48:53.604+0000][1][safepoint    ] Leaving safepoint region
[2022-06-13T01:48:53.604+0000][1][safepoint    ] Total time for which application threads were stopped: 0.0010116 seconds, Stopping threads took: 0.0003436 seconds
[2022-06-13T01:48:53.606+0000][1][safepoint    ] Application time: 0.0015644 seconds
[2022-06-13T01:48:53.607+0000][1][safepoint    ] Entering safepoint region: RevokeBias
[2022-06-13T01:48:53.608+0000][1][safepoint    ] Leaving safepoint region
[2022-06-13T01:48:53.608+0000][1][safepoint    ] Total time for which application threads were stopped: 0.0016495 seconds, Stopping threads took: 0.0010750 seconds
[2022-06-13T01:48:53.609+0000][1][safepoint    ] Application time: 0.0003816 seconds
[2022-06-13T01:48:53.610+0000][1][safepoint    ] Entering safepoint region: RevokeBias
[2022-06-13T01:48:53.611+0000][1][safepoint    ] Leaving safepoint region
[2022-06-13T01:48:53.611+0000][1][safepoint    ] Total time for which application threads were stopped: 0.0014925 seconds, Stopping threads took: 0.0009477 seconds
[2022-06-13T01:48:53.612+0000][1][safepoint    ] Application time: 0.0002625 seconds
[2022-06-13T01:48:53.613+0000][1][safepoint    ] Entering safepoint region: RevokeBias
[2022-06-13T01:48:53.614+0000][1][safepoint    ] Leaving safepoint region
[2022-06-13T01:48:53.614+0000][1][safepoint    ] Total time for which application threads were stopped: 0.0013462 seconds, Stopping threads took: 0.0007099 seconds
[2022-06-13T01:48:53.615+0000][1][safepoint    ] Application time: 0.0001800 seconds
[2022-06-13T01:48:53.615+0000][1][safepoint    ] Entering safepoint region: RevokeBias
[2022-06-13T01:48:53.615+0000][1][safepoint    ] Leaving safepoint region
[2022-06-13T01:48:53.616+0000][1][safepoint    ] Total time for which application threads were stopped: 0.0012019 seconds, Stopping threads took: 0.0003826 seconds
[2022-06-13T01:48:53.617+0000][1][safepoint    ] Application time: 0.0002255 seconds
[2022-06-13T01:48:53.617+0000][1][safepoint    ] Entering safepoint region: RevokeBias
[2022-06-13T01:48:53.618+0000][1][safepoint    ] Leaving safepoint region
[2022-06-13T01:48:53.618+0000][1][safepoint    ] Total time for which application threads were stopped: 0.0007939 seconds, Stopping threads took: 0.0004192 seconds
[2022-06-13T01:48:53.619+0000][1][safepoint    ] Application time: 0.0006368 seconds
[2022-06-13T01:48:53.620+0000][1][safepoint    ] Entering safepoint region: RevokeBias
[2022-06-13T01:48:53.620+0000][1][safepoint    ] Leaving safepoint region
[2022-06-13T01:48:53.621+0000][1][safepoint    ] Total time for which application threads were stopped: 0.0011297 seconds, Stopping threads took: 0.0006274 seconds
[2022-06-13T01:48:53.624+0000][1][safepoint    ] Application time: 0.0031440 seconds
[2022-06-13T01:48:53.624+0000][1][safepoint    ] Entering safepoint region: RevokeBias
[2022-06-13T01:48:53.625+0000][1][safepoint    ] Leaving safepoint region
[2022-06-13T01:48:53.625+0000][1][safepoint    ] Total time for which application threads were stopped: 0.0007951 seconds, Stopping threads took: 0.0004689 seconds
[2022-06-13T01:48:53.627+0000][1][safepoint    ] Application time: 0.0014619 seconds
[2022-06-13T01:48:53.627+0000][1][safepoint    ] Entering safepoint region: RevokeBias
[2022-06-13T01:48:53.627+0000][1][safepoint    ] Leaving safepoint region
[2022-06-13T01:48:53.628+0000][1][safepoint    ] Total time for which application threads were stopped: 0.0006052 seconds, Stopping threads took: 0.0003080 seconds
[2022-06-13T01:48:53.629+0000][1][safepoint    ] Application time: 0.0006471 seconds
[2022-06-13T01:48:53.629+0000][1][safepoint    ] Entering safepoint region: BulkRevokeBias
[2022-06-13T01:48:53.630+0000][1][safepoint    ] Leaving safepoint region
[2022-06-13T01:48:53.631+0000][1][safepoint    ] Total time for which application threads were stopped: 0.0020484 seconds, Stopping threads took: 0.0009254 seconds
[2022-06-13T01:48:53.643+0000][1][safepoint    ] Application time: 0.0116511 seconds
[2022-06-13T01:48:53.643+0000][1][safepoint    ] Entering safepoint region: RevokeBias
[2022-06-13T01:48:53.644+0000][1][safepoint    ] Leaving safepoint region
[2022-06-13T01:48:53.644+0000][1][safepoint    ] Total time for which application threads were stopped: 0.0009448 seconds, Stopping threads took: 0.0004415 seconds
[2022-06-13T01:48:53.653+0000][1][safepoint    ] Application time: 0.0090283 seconds
[2022-06-13T01:48:53.654+0000][1][safepoint    ] Entering safepoint region: RevokeBias
[2022-06-13T01:48:53.654+0000][1][safepoint    ] Leaving safepoint region
[2022-06-13T01:48:53.654+0000][1][safepoint    ] Total time for which application threads were stopped: 0.0007820 seconds, Stopping threads took: 0.0002527 seconds
[2022-06-13T01:48:53.655+0000][1][safepoint    ] Application time: 0.0001475 seconds
[2022-06-13T01:48:53.655+0000][1][safepoint    ] Entering safepoint region: RevokeBias
[2022-06-13T01:48:53.656+0000][1][safepoint    ] Leaving safepoint region
[2022-06-13T01:48:53.656+0000][1][safepoint    ] Total time for which application threads were stopped: 0.0008163 seconds, Stopping threads took: 0.0004636 seconds
[2022-06-13T01:48:53.657+0000][1][safepoint    ] Application time: 0.0002873 seconds
[2022-06-13T01:48:53.657+0000][1][safepoint    ] Entering safepoint region: RevokeBias
[2022-06-13T01:48:53.657+0000][1][safepoint    ] Leaving safepoint region
[2022-06-13T01:48:53.658+0000][1][safepoint    ] Total time for which application threads were stopped: 0.0007198 seconds, Stopping threads took: 0.0003062 seconds
[2022-06-13T01:48:53.659+0000][1][safepoint    ] Application time: 0.0009198 seconds
[2022-06-13T01:48:53.659+0000][1][safepoint    ] Entering safepoint region: RevokeBias
[2022-06-13T01:48:53.659+0000][1][safepoint    ] Leaving safepoint region
[2022-06-13T01:48:53.660+0000][1][safepoint    ] Total time for which application threads were stopped: 0.0004025 seconds, Stopping threads took: 0.0001975 seconds
[2022-06-13T01:48:53.661+0000][1][safepoint    ] Application time: 0.0012429 seconds
[2022-06-13T01:48:53.661+0000][1][safepoint    ] Entering safepoint region: RevokeBias
[2022-06-13T01:48:53.662+0000][1][safepoint    ] Leaving safepoint region
[2022-06-13T01:48:53.662+0000][1][safepoint    ] Total time for which application threads were stopped: 0.0005931 seconds, Stopping threads took: 0.0002548 seconds
[2022-06-13T01:48:53.664+0000][1][safepoint    ] Application time: 0.0010489 seconds
[2022-06-13T01:48:53.664+0000][1][safepoint    ] Entering safepoint region: RevokeBias
[2022-06-13T01:48:53.664+0000][1][safepoint    ] Leaving safepoint region
[2022-06-13T01:48:53.665+0000][1][safepoint    ] Total time for which application threads were stopped: 0.0006918 seconds, Stopping threads took: 0.0003283 seconds
[2022-06-13T01:48:53.666+0000][1][safepoint    ] Application time: 0.0003468 seconds
[2022-06-13T01:48:53.666+0000][1][safepoint    ] Entering safepoint region: RevokeBias
[2022-06-13T01:48:53.666+0000][1][safepoint    ] Leaving safepoint region
[2022-06-13T01:48:53.666+0000][1][safepoint    ] Total time for which application threads were stopped: 0.0006222 seconds, Stopping threads took: 0.0002342 seconds
[2022-06-13T01:48:53.669+0000][1][safepoint    ] Application time: 0.0027132 seconds
[2022-06-13T01:48:53.670+0000][1][safepoint    ] Entering safepoint region: RevokeBias
[2022-06-13T01:48:53.670+0000][1][safepoint    ] Leaving safepoint region
[2022-06-13T01:48:53.671+0000][1][safepoint    ] Total time for which application threads were stopped: 0.0010411 seconds, Stopping threads took: 0.0005685 seconds
[2022-06-13T01:48:53.672+0000][1][safepoint    ] Application time: 0.0003102 seconds
[2022-06-13T01:48:53.672+0000][1][safepoint    ] Entering safepoint region: RevokeBias
[2022-06-13T01:48:53.673+0000][1][safepoint    ] Leaving safepoint region
[2022-06-13T01:48:53.673+0000][1][safepoint    ] Total time for which application threads were stopped: 0.0010420 seconds, Stopping threads took: 0.0005610 seconds
[2022-06-13T01:48:53.677+0000][1][safepoint    ] Application time: 0.0037270 seconds
[2022-06-13T01:48:53.677+0000][1][safepoint    ] Entering safepoint region: RevokeBias
[2022-06-13T01:48:53.678+0000][1][safepoint    ] Leaving safepoint region
[2022-06-13T01:48:53.679+0000][1][safepoint    ] Total time for which application threads were stopped: 0.0010113 seconds, Stopping threads took: 0.0004892 seconds
[2022-06-13T01:48:53.680+0000][1][safepoint    ] Application time: 0.0008739 seconds
[2022-06-13T01:48:53.681+0000][1][safepoint    ] Entering safepoint region: RevokeBias
[2022-06-13T01:48:53.681+0000][1][safepoint    ] Leaving safepoint region
[2022-06-13T01:48:53.681+0000][1][safepoint    ] Total time for which application threads were stopped: 0.0009266 seconds, Stopping threads took: 0.0004271 seconds
[2022-06-13T01:48:53.685+0000][1][gc,heap,exit ] Heap
[2022-06-13T01:48:53.685+0000][1][gc,heap,exit ]  par new generation   total 78656K, used 65269K [0x00000000f0000000, 0x00000000f5550000, 0x00000000f5550000)
[2022-06-13T01:48:53.686+0000][1][gc,heap,exit ]   eden space 69952K,  81% used [0x00000000f0000000, 0x00000000f37ade30, 0x00000000f4450000)
[2022-06-13T01:48:53.686+0000][1][gc,heap,exit ]   from space 8704K,  94% used [0x00000000f4cd0000, 0x00000000f54df700, 0x00000000f5550000)
[2022-06-13T01:48:53.686+0000][1][gc,heap,exit ]   to   space 8704K,   0% used [0x00000000f4450000, 0x00000000f4450000, 0x00000000f4cd0000)
[2022-06-13T01:48:53.687+0000][1][gc,heap,exit ]  concurrent mark-sweep generation total 174784K, used 63922K [0x00000000f5550000, 0x0000000100000000, 0x0000000100000000)
[2022-06-13T01:48:53.687+0000][1][gc,heap,exit ]  Metaspace       used 65548K, capacity 70561K, committed 70780K, reserved 1110016K
[2022-06-13T01:48:53.687+0000][1][gc,heap,exit ]   class space    used 8901K, capacity 10983K, committed 11048K, reserved 1048576K
[2022-06-13T01:48:53.687+0000][1][safepoint    ] Application time: 0.0054244 seconds
[2022-06-13T01:48:53.688+0000][1][safepoint    ] Entering safepoint region: Exit
