[2022-06-13T01:32:13.500+0000][1][gc] Using Concurrent Mark Sweep
[2022-06-13T01:32:13.500+0000][1][gc,heap,coops] Heap address: 0x00000000f0000000, size: 256 MB, Compressed Oops mode: 32-bit
[2022-06-13T01:32:13.557+0000][1][safepoint    ] Entering safepoint region: EnableBiasedLocking
[2022-06-13T01:32:13.557+0000][1][safepoint    ] Leaving safepoint region
[2022-06-13T01:32:13.558+0000][1][safepoint    ] Total time for which application threads were stopped: 0.0008924 seconds, Stopping threads took: 0.0004919 seconds
[2022-06-13T01:32:13.563+0000][1][safepoint    ] Application time: 0.0045213 seconds
[2022-06-13T01:32:13.563+0000][1][safepoint    ] Entering safepoint region: RevokeBias
[2022-06-13T01:32:13.564+0000][1][safepoint    ] Leaving safepoint region
[2022-06-13T01:32:13.565+0000][1][safepoint    ] Total time for which application threads were stopped: 0.0011858 seconds, Stopping threads took: 0.0007292 seconds
[2022-06-13T01:32:13.581+0000][1][safepoint    ] Application time: 0.0156751 seconds
[2022-06-13T01:32:13.581+0000][1][safepoint    ] Entering safepoint region: Deoptimize
[2022-06-13T01:32:13.582+0000][1][safepoint    ] Leaving safepoint region
[2022-06-13T01:32:13.582+0000][1][safepoint    ] Total time for which application threads were stopped: 0.0004871 seconds, Stopping threads took: 0.0002386 seconds
[2022-06-13T01:32:13.702+0000][1][safepoint    ] Application time: 0.1201733 seconds
[2022-06-13T01:32:13.703+0000][1][safepoint    ] Entering safepoint region: RevokeBias
[2022-06-13T01:32:13.703+0000][1][safepoint    ] Leaving safepoint region
[2022-06-13T01:32:13.703+0000][1][safepoint    ] Total time for which application threads were stopped: 0.0006102 seconds, Stopping threads took: 0.0003178 seconds
[2022-06-13T01:32:13.748+0000][1][safepoint    ] Application time: 0.0441809 seconds
[2022-06-13T01:32:13.748+0000][1][safepoint    ] Entering safepoint region: Deoptimize
[2022-06-13T01:32:13.749+0000][1][safepoint    ] Leaving safepoint region
[2022-06-13T01:32:13.749+0000][1][safepoint    ] Total time for which application threads were stopped: 0.0006413 seconds, Stopping threads took: 0.0002890 seconds
[2022-06-13T01:32:14.195+0000][1][safepoint    ] Application time: 0.4460147 seconds
[2022-06-13T01:32:14.196+0000][1][safepoint    ] Entering safepoint region: Deoptimize
[2022-06-13T01:32:14.196+0000][1][safepoint    ] Leaving safepoint region
[2022-06-13T01:32:14.197+0000][1][safepoint    ] Total time for which application threads were stopped: 0.0009968 seconds, Stopping threads took: 0.0003726 seconds
[2022-06-13T01:32:14.225+0000][1][safepoint    ] Application time: 0.0279141 seconds
[2022-06-13T01:32:14.225+0000][1][safepoint    ] Entering safepoint region: Deoptimize
[2022-06-13T01:32:14.226+0000][1][safepoint    ] Leaving safepoint region
[2022-06-13T01:32:14.226+0000][1][safepoint    ] Total time for which application threads were stopped: 0.0007683 seconds, Stopping threads took: 0.0003102 seconds
[2022-06-13T01:32:14.305+0000][1][safepoint    ] Application time: 0.0787304 seconds
[2022-06-13T01:32:14.306+0000][1][safepoint    ] Entering safepoint region: Deoptimize
[2022-06-13T01:32:14.306+0000][1][safepoint    ] Leaving safepoint region
[2022-06-13T01:32:14.306+0000][1][safepoint    ] Total time for which application threads were stopped: 0.0007859 seconds, Stopping threads took: 0.0003093 seconds
[2022-06-13T01:32:14.328+0000][1][safepoint    ] Application time: 0.0212822 seconds
[2022-06-13T01:32:14.328+0000][1][safepoint    ] Entering safepoint region: Deoptimize
[2022-06-13T01:32:14.329+0000][1][safepoint    ] Leaving safepoint region
[2022-06-13T01:32:14.330+0000][1][safepoint    ] Total time for which application threads were stopped: 0.0013298 seconds, Stopping threads took: 0.0003316 seconds
[2022-06-13T01:32:14.962+0000][1][safepoint    ] Application time: 0.6315480 seconds
[2022-06-13T01:32:14.962+0000][1][safepoint    ] Entering safepoint region: Deoptimize
[2022-06-13T01:32:14.963+0000][1][safepoint    ] Leaving safepoint region
[2022-06-13T01:32:14.963+0000][1][safepoint    ] Total time for which application threads were stopped: 0.0008864 seconds, Stopping threads took: 0.0002832 seconds
[2022-06-13T01:32:15.296+0000][1][safepoint    ] Application time: 0.3323213 seconds
[2022-06-13T01:32:15.296+0000][1][safepoint    ] Entering safepoint region: RevokeBias
[2022-06-13T01:32:15.297+0000][1][safepoint    ] Leaving safepoint region
[2022-06-13T01:32:15.297+0000][1][safepoint    ] Total time for which application threads were stopped: 0.0008507 seconds, Stopping threads took: 0.0003658 seconds
[2022-06-13T01:32:15.472+0000][1][safepoint    ] Application time: 0.1745096 seconds
[2022-06-13T01:32:15.472+0000][1][safepoint    ] Entering safepoint region: Deoptimize
[2022-06-13T01:32:15.473+0000][1][safepoint    ] Leaving safepoint region
[2022-06-13T01:32:15.473+0000][1][safepoint    ] Total time for which application threads were stopped: 0.0012254 seconds, Stopping threads took: 0.0003569 seconds
[2022-06-13T01:32:15.620+0000][1][safepoint    ] Application time: 0.1460587 seconds
[2022-06-13T01:32:15.620+0000][1][safepoint    ] Entering safepoint region: Deoptimize
[2022-06-13T01:32:15.622+0000][1][safepoint    ] Leaving safepoint region
[2022-06-13T01:32:15.622+0000][1][safepoint    ] Total time for which application threads were stopped: 0.0018637 seconds, Stopping threads took: 0.0006303 seconds
[2022-06-13T01:32:15.623+0000][1][safepoint    ] Application time: 0.0003416 seconds
[2022-06-13T01:32:15.623+0000][1][safepoint    ] Entering safepoint region: Deoptimize
[2022-06-13T01:32:15.624+0000][1][safepoint    ] Leaving safepoint region
[2022-06-13T01:32:15.624+0000][1][safepoint    ] Total time for which application threads were stopped: 0.0012631 seconds, Stopping threads took: 0.0004922 seconds
[2022-06-13T01:32:15.673+0000][1][safepoint    ] Application time: 0.0489832 seconds
[2022-06-13T01:32:15.674+0000][1][safepoint    ] Entering safepoint region: Deoptimize
[2022-06-13T01:32:15.674+0000][1][safepoint    ] Leaving safepoint region
[2022-06-13T01:32:15.675+0000][1][safepoint    ] Total time for which application threads were stopped: 0.0011142 seconds, Stopping threads took: 0.0002705 seconds
[2022-06-13T01:32:15.684+0000][1][safepoint    ] Application time: 0.0092740 seconds
[2022-06-13T01:32:15.685+0000][1][safepoint    ] Entering safepoint region: RevokeBias
[2022-06-13T01:32:15.685+0000][1][safepoint    ] Leaving safepoint region
[2022-06-13T01:32:15.686+0000][1][safepoint    ] Total time for which application threads were stopped: 0.0007405 seconds, Stopping threads took: 0.0004685 seconds
[2022-06-13T01:32:15.687+0000][1][safepoint    ] Application time: 0.0009486 seconds
[2022-06-13T01:32:15.687+0000][1][safepoint    ] Entering safepoint region: RevokeBias
[2022-06-13T01:32:15.688+0000][1][safepoint    ] Leaving safepoint region
[2022-06-13T01:32:15.688+0000][1][safepoint    ] Total time for which application threads were stopped: 0.0007776 seconds, Stopping threads took: 0.0004100 seconds
[2022-06-13T01:32:15.688+0000][1][safepoint    ] Application time: 0.0001767 seconds
[2022-06-13T01:32:15.689+0000][1][safepoint    ] Entering safepoint region: RevokeBias
[2022-06-13T01:32:15.690+0000][1][safepoint    ] Leaving safepoint region
[2022-06-13T01:32:15.690+0000][1][safepoint    ] Total time for which application threads were stopped: 0.0008044 seconds, Stopping threads took: 0.0004317 seconds
[2022-06-13T01:32:15.691+0000][1][safepoint    ] Application time: 0.0005013 seconds
[2022-06-13T01:32:15.691+0000][1][safepoint    ] Entering safepoint region: RevokeBias
[2022-06-13T01:32:15.692+0000][1][safepoint    ] Leaving safepoint region
[2022-06-13T01:32:15.692+0000][1][safepoint    ] Total time for which application threads were stopped: 0.0007522 seconds, Stopping threads took: 0.0003972 seconds
[2022-06-13T01:32:15.694+0000][1][safepoint    ] Application time: 0.0013344 seconds
[2022-06-13T01:32:15.695+0000][1][safepoint    ] Entering safepoint region: RevokeBias
[2022-06-13T01:32:15.695+0000][1][safepoint    ] Leaving safepoint region
[2022-06-13T01:32:15.696+0000][1][safepoint    ] Total time for which application threads were stopped: 0.0010957 seconds, Stopping threads took: 0.0008205 seconds
[2022-06-13T01:32:15.710+0000][1][safepoint    ] Application time: 0.0142097 seconds
[2022-06-13T01:32:15.710+0000][1][safepoint    ] Entering safepoint region: Deoptimize
[2022-06-13T01:32:15.711+0000][1][safepoint    ] Leaving safepoint region
[2022-06-13T01:32:15.712+0000][1][safepoint    ] Total time for which application threads were stopped: 0.0012526 seconds, Stopping threads took: 0.0003695 seconds
[2022-06-13T01:32:15.859+0000][1][safepoint    ] Application time: 0.1467264 seconds
[2022-06-13T01:32:15.860+0000][1][safepoint    ] Entering safepoint region: GenCollectForAllocation
[2022-06-13T01:32:15.860+0000][1][gc,start     ] GC(0) Pause Young (Allocation Failure)
[2022-06-13T01:32:15.862+0000][1][gc,task      ] GC(0) Using 5 workers of 13 for evacuation
[2022-06-13T01:32:15.871+0000][1][gc,age       ] GC(0) Desired survivor size 4456448 bytes, new threshold 1 (max threshold 6)
[2022-06-13T01:32:15.871+0000][1][gc,age       ] GC(0) Age table with threshold 1 (max threshold 6)
[2022-06-13T01:32:15.872+0000][1][gc,age       ] GC(0) - age   1:    8117272 bytes,    8117272 total
[2022-06-13T01:32:15.873+0000][1][gc,heap      ] GC(0) ParNew: 69952K->8035K(78656K)
[2022-06-13T01:32:15.873+0000][1][gc,heap      ] GC(0) CMS: 0K->0K(174784K)
[2022-06-13T01:32:15.873+0000][1][gc,metaspace ] GC(0) Metaspace: 12293K->12293K(1060864K)
[2022-06-13T01:32:15.874+0000][1][gc           ] GC(0) Pause Young (Allocation Failure) 68M->7M(247M) 13.530ms
[2022-06-13T01:32:15.874+0000][1][gc,cpu       ] GC(0) User=0.05s Sys=0.00s Real=0.01s
[2022-06-13T01:32:15.875+0000][1][safepoint    ] Leaving safepoint region
[2022-06-13T01:32:15.875+0000][1][safepoint    ] Total time for which application threads were stopped: 0.0157533 seconds, Stopping threads took: 0.0004438 seconds
[2022-06-13T01:32:15.877+0000][1][safepoint    ] Application time: 0.0016809 seconds
[2022-06-13T01:32:15.878+0000][1][safepoint    ] Entering safepoint region: RevokeBias
[2022-06-13T01:32:15.879+0000][1][safepoint    ] Leaving safepoint region
[2022-06-13T01:32:15.880+0000][1][safepoint    ] Total time for which application threads were stopped: 0.0015043 seconds, Stopping threads took: 0.0006926 seconds
[2022-06-13T01:32:15.881+0000][1][safepoint    ] Application time: 0.0007597 seconds
[2022-06-13T01:32:15.882+0000][1][safepoint    ] Entering safepoint region: RevokeBias
[2022-06-13T01:32:15.882+0000][1][safepoint    ] Leaving safepoint region
[2022-06-13T01:32:15.882+0000][1][safepoint    ] Total time for which application threads were stopped: 0.0008701 seconds, Stopping threads took: 0.0004660 seconds
[2022-06-13T01:32:15.883+0000][1][safepoint    ] Application time: 0.0001449 seconds
[2022-06-13T01:32:15.884+0000][1][safepoint    ] Entering safepoint region: RevokeBias
[2022-06-13T01:32:15.884+0000][1][safepoint    ] Leaving safepoint region
[2022-06-13T01:32:15.885+0000][1][safepoint    ] Total time for which application threads were stopped: 0.0007399 seconds, Stopping threads took: 0.0004038 seconds
[2022-06-13T01:32:15.885+0000][1][safepoint    ] Application time: 0.0002898 seconds
[2022-06-13T01:32:15.886+0000][1][safepoint    ] Entering safepoint region: RevokeBias
[2022-06-13T01:32:15.886+0000][1][safepoint    ] Leaving safepoint region
[2022-06-13T01:32:15.887+0000][1][safepoint    ] Total time for which application threads were stopped: 0.0009726 seconds, Stopping threads took: 0.0006234 seconds
[2022-06-13T01:32:15.887+0000][1][safepoint    ] Application time: 0.0004246 seconds
[2022-06-13T01:32:15.889+0000][1][safepoint    ] Entering safepoint region: RevokeBias
[2022-06-13T01:32:15.889+0000][1][safepoint    ] Leaving safepoint region
[2022-06-13T01:32:15.890+0000][1][safepoint    ] Total time for which application threads were stopped: 0.0007730 seconds, Stopping threads took: 0.0003969 seconds
[2022-06-13T01:32:15.890+0000][1][safepoint    ] Application time: 0.0001547 seconds
[2022-06-13T01:32:15.890+0000][1][safepoint    ] Entering safepoint region: RevokeBias
[2022-06-13T01:32:15.891+0000][1][safepoint    ] Leaving safepoint region
[2022-06-13T01:32:15.891+0000][1][safepoint    ] Total time for which application threads were stopped: 0.0007811 seconds, Stopping threads took: 0.0003372 seconds
[2022-06-13T01:32:15.892+0000][1][safepoint    ] Application time: 0.0004389 seconds
[2022-06-13T01:32:15.894+0000][1][safepoint    ] Entering safepoint region: RevokeBias
[2022-06-13T01:32:15.894+0000][1][safepoint    ] Leaving safepoint region
[2022-06-13T01:32:15.895+0000][1][safepoint    ] Total time for which application threads were stopped: 0.0008328 seconds, Stopping threads took: 0.0003717 seconds
[2022-06-13T01:32:15.895+0000][1][safepoint    ] Application time: 0.0000694 seconds
[2022-06-13T01:32:15.895+0000][1][safepoint    ] Entering safepoint region: RevokeBias
[2022-06-13T01:32:15.896+0000][1][safepoint    ] Leaving safepoint region
[2022-06-13T01:32:15.896+0000][1][safepoint    ] Total time for which application threads were stopped: 0.0007708 seconds, Stopping threads took: 0.0003803 seconds
[2022-06-13T01:32:15.897+0000][1][safepoint    ] Application time: 0.0000672 seconds
[2022-06-13T01:32:15.897+0000][1][safepoint    ] Entering safepoint region: RevokeBias
[2022-06-13T01:32:15.897+0000][1][safepoint    ] Leaving safepoint region
[2022-06-13T01:32:15.898+0000][1][safepoint    ] Total time for which application threads were stopped: 0.0007019 seconds, Stopping threads took: 0.0002836 seconds
[2022-06-13T01:32:15.898+0000][1][safepoint    ] Application time: 0.0002131 seconds
[2022-06-13T01:32:15.898+0000][1][safepoint    ] Entering safepoint region: RevokeBias
[2022-06-13T01:32:15.899+0000][1][safepoint    ] Leaving safepoint region
[2022-06-13T01:32:15.899+0000][1][safepoint    ] Total time for which application threads were stopped: 0.0007776 seconds, Stopping threads took: 0.0004123 seconds
[2022-06-13T01:32:15.900+0000][1][safepoint    ] Application time: 0.0001777 seconds
[2022-06-13T01:32:15.900+0000][1][safepoint    ] Entering safepoint region: RevokeBias
[2022-06-13T01:32:15.900+0000][1][safepoint    ] Leaving safepoint region
[2022-06-13T01:32:15.901+0000][1][safepoint    ] Total time for which application threads were stopped: 0.0006264 seconds, Stopping threads took: 0.0002765 seconds
[2022-06-13T01:32:15.901+0000][1][safepoint    ] Application time: 0.0001637 seconds
[2022-06-13T01:32:15.901+0000][1][safepoint    ] Entering safepoint region: RevokeBias
[2022-06-13T01:32:15.902+0000][1][safepoint    ] Leaving safepoint region
[2022-06-13T01:32:15.902+0000][1][safepoint    ] Total time for which application threads were stopped: 0.0006447 seconds, Stopping threads took: 0.0003124 seconds
[2022-06-13T01:32:15.903+0000][1][safepoint    ] Application time: 0.0006811 seconds
[2022-06-13T01:32:15.903+0000][1][safepoint    ] Entering safepoint region: RevokeBias
[2022-06-13T01:32:15.904+0000][1][safepoint    ] Leaving safepoint region
[2022-06-13T01:32:15.904+0000][1][safepoint    ] Total time for which application threads were stopped: 0.0008572 seconds, Stopping threads took: 0.0002730 seconds
[2022-06-13T01:32:15.905+0000][1][safepoint    ] Application time: 0.0001405 seconds
[2022-06-13T01:32:15.905+0000][1][safepoint    ] Entering safepoint region: RevokeBias
[2022-06-13T01:32:15.905+0000][1][safepoint    ] Leaving safepoint region
[2022-06-13T01:32:15.906+0000][1][safepoint    ] Total time for which application threads were stopped: 0.0005369 seconds, Stopping threads took: 0.0002814 seconds
[2022-06-13T01:32:15.906+0000][1][safepoint    ] Application time: 0.0001823 seconds
[2022-06-13T01:32:15.907+0000][1][safepoint    ] Entering safepoint region: RevokeBias
[2022-06-13T01:32:15.907+0000][1][safepoint    ] Leaving safepoint region
[2022-06-13T01:32:15.907+0000][1][safepoint    ] Total time for which application threads were stopped: 0.0008712 seconds, Stopping threads took: 0.0004830 seconds
[2022-06-13T01:32:15.909+0000][1][safepoint    ] Application time: 0.0006507 seconds
[2022-06-13T01:32:15.909+0000][1][safepoint    ] Entering safepoint region: RevokeBias
[2022-06-13T01:32:15.910+0000][1][safepoint    ] Leaving safepoint region
[2022-06-13T01:32:15.911+0000][1][safepoint    ] Total time for which application threads were stopped: 0.0015387 seconds, Stopping threads took: 0.0007149 seconds
[2022-06-13T01:32:15.911+0000][1][safepoint    ] Application time: 0.0002475 seconds
[2022-06-13T01:32:15.913+0000][1][safepoint    ] Entering safepoint region: RevokeBias
[2022-06-13T01:32:15.913+0000][1][safepoint    ] Leaving safepoint region
[2022-06-13T01:32:15.913+0000][1][safepoint    ] Total time for which application threads were stopped: 0.0007609 seconds, Stopping threads took: 0.0003762 seconds
[2022-06-13T01:32:15.914+0000][1][safepoint    ] Application time: 0.0001787 seconds
[2022-06-13T01:32:15.914+0000][1][safepoint    ] Entering safepoint region: RevokeBias
[2022-06-13T01:32:15.915+0000][1][safepoint    ] Leaving safepoint region
[2022-06-13T01:32:15.915+0000][1][safepoint    ] Total time for which application threads were stopped: 0.0006732 seconds, Stopping threads took: 0.0003110 seconds
[2022-06-13T01:32:15.915+0000][1][safepoint    ] Application time: 0.0000988 seconds
[2022-06-13T01:32:15.916+0000][1][safepoint    ] Entering safepoint region: RevokeBias
[2022-06-13T01:32:15.916+0000][1][safepoint    ] Leaving safepoint region
[2022-06-13T01:32:15.917+0000][1][safepoint    ] Total time for which application threads were stopped: 0.0008398 seconds, Stopping threads took: 0.0004429 seconds
[2022-06-13T01:32:15.917+0000][1][safepoint    ] Application time: 0.0001921 seconds
[2022-06-13T01:32:15.917+0000][1][safepoint    ] Entering safepoint region: RevokeBias
[2022-06-13T01:32:15.918+0000][1][safepoint    ] Leaving safepoint region
[2022-06-13T01:32:15.918+0000][1][safepoint    ] Total time for which application threads were stopped: 0.0010702 seconds, Stopping threads took: 0.0005417 seconds
[2022-06-13T01:32:15.919+0000][1][safepoint    ] Application time: 0.0001969 seconds
[2022-06-13T01:32:15.920+0000][1][safepoint    ] Entering safepoint region: RevokeBias
[2022-06-13T01:32:15.920+0000][1][safepoint    ] Leaving safepoint region
[2022-06-13T01:32:15.920+0000][1][safepoint    ] Total time for which application threads were stopped: 0.0007875 seconds, Stopping threads took: 0.0004414 seconds
[2022-06-13T01:32:15.921+0000][1][safepoint    ] Application time: 0.0001675 seconds
[2022-06-13T01:32:15.921+0000][1][safepoint    ] Entering safepoint region: RevokeBias
[2022-06-13T01:32:15.921+0000][1][safepoint    ] Leaving safepoint region
[2022-06-13T01:32:15.922+0000][1][safepoint    ] Total time for which application threads were stopped: 0.0006620 seconds, Stopping threads took: 0.0002945 seconds
[2022-06-13T01:32:15.922+0000][1][safepoint    ] Application time: 0.0002280 seconds
[2022-06-13T01:32:15.922+0000][1][safepoint    ] Entering safepoint region: RevokeBias
[2022-06-13T01:32:15.923+0000][1][safepoint    ] Leaving safepoint region
[2022-06-13T01:32:15.923+0000][1][safepoint    ] Total time for which application threads were stopped: 0.0007750 seconds, Stopping threads took: 0.0004351 seconds
[2022-06-13T01:32:15.924+0000][1][safepoint    ] Application time: 0.0001874 seconds
[2022-06-13T01:32:15.924+0000][1][safepoint    ] Entering safepoint region: RevokeBias
[2022-06-13T01:32:15.925+0000][1][safepoint    ] Leaving safepoint region
[2022-06-13T01:32:15.925+0000][1][safepoint    ] Total time for which application threads were stopped: 0.0015462 seconds, Stopping threads took: 0.0006748 seconds
[2022-06-13T01:32:15.927+0000][1][safepoint    ] Application time: 0.0008305 seconds
[2022-06-13T01:32:15.927+0000][1][safepoint    ] Entering safepoint region: RevokeBias
[2022-06-13T01:32:15.928+0000][1][safepoint    ] Leaving safepoint region
[2022-06-13T01:32:15.928+0000][1][safepoint    ] Total time for which application threads were stopped: 0.0009105 seconds, Stopping threads took: 0.0005463 seconds
[2022-06-13T01:32:15.929+0000][1][safepoint    ] Application time: 0.0001581 seconds
[2022-06-13T01:32:15.929+0000][1][safepoint    ] Entering safepoint region: RevokeBias
[2022-06-13T01:32:15.929+0000][1][safepoint    ] Leaving safepoint region
[2022-06-13T01:32:15.930+0000][1][safepoint    ] Total time for which application threads were stopped: 0.0007690 seconds, Stopping threads took: 0.0004154 seconds
[2022-06-13T01:32:16.417+0000][1][safepoint    ] Application time: 0.4869308 seconds
[2022-06-13T01:32:16.417+0000][1][safepoint    ] Entering safepoint region: Deoptimize
[2022-06-13T01:32:16.418+0000][1][safepoint    ] Leaving safepoint region
[2022-06-13T01:32:16.418+0000][1][safepoint    ] Total time for which application threads were stopped: 0.0011218 seconds, Stopping threads took: 0.0003389 seconds
[2022-06-13T01:32:16.761+0000][1][safepoint    ] Application time: 0.3424109 seconds
[2022-06-13T01:32:16.761+0000][1][safepoint    ] Entering safepoint region: RevokeBias
[2022-06-13T01:32:16.765+0000][1][safepoint    ] Leaving safepoint region
[2022-06-13T01:32:16.768+0000][1][safepoint    ] Total time for which application threads were stopped: 0.0067898 seconds, Stopping threads took: 0.0036534 seconds
[2022-06-13T01:32:16.982+0000][1][safepoint    ] Application time: 0.2090161 seconds
[2022-06-13T01:32:16.983+0000][1][safepoint    ] Entering safepoint region: RevokeBias
[2022-06-13T01:32:16.983+0000][1][safepoint    ] Leaving safepoint region
[2022-06-13T01:32:16.983+0000][1][safepoint    ] Total time for which application threads were stopped: 0.0006330 seconds, Stopping threads took: 0.0002727 seconds
[2022-06-13T01:32:16.994+0000][1][safepoint    ] Application time: 0.0103119 seconds
[2022-06-13T01:32:16.998+0000][1][safepoint    ] Entering safepoint region: RevokeBias
[2022-06-13T01:32:16.998+0000][1][safepoint    ] Leaving safepoint region
[2022-06-13T01:32:16.999+0000][1][safepoint    ] Total time for which application threads were stopped: 0.0007120 seconds, Stopping threads took: 0.0003437 seconds
[2022-06-13T01:32:17.055+0000][1][safepoint    ] Application time: 0.0560199 seconds
[2022-06-13T01:32:17.057+0000][1][safepoint    ] Entering safepoint region: GenCollectForAllocation
[2022-06-13T01:32:17.060+0000][1][gc,start     ] GC(1) Pause Young (Allocation Failure)
[2022-06-13T01:32:17.060+0000][1][gc,task      ] GC(1) Using 5 workers of 13 for evacuation
[2022-06-13T01:32:17.128+0000][1][gc,age       ] GC(1) Desired survivor size 4456448 bytes, new threshold 6 (max threshold 6)
[2022-06-13T01:32:17.128+0000][1][gc,age       ] GC(1) Age table with threshold 6 (max threshold 6)
[2022-06-13T01:32:17.130+0000][1][gc,age       ] GC(1) - age   1:    1958840 bytes,    1958840 total
[2022-06-13T01:32:17.131+0000][1][gc,heap      ] GC(1) ParNew: 77987K->5359K(78656K)
[2022-06-13T01:32:17.131+0000][1][gc,heap      ] GC(1) CMS: 0K->6674K(174784K)
[2022-06-13T01:32:17.132+0000][1][gc,metaspace ] GC(1) Metaspace: 14873K->14873K(1062912K)
[2022-06-13T01:32:17.132+0000][1][gc           ] GC(1) Pause Young (Allocation Failure) 76M->11M(247M) 71.862ms
[2022-06-13T01:32:17.133+0000][1][gc,cpu       ] GC(1) User=0.16s Sys=0.01s Real=0.08s
[2022-06-13T01:32:17.141+0000][1][safepoint    ] Leaving safepoint region
[2022-06-13T01:32:17.142+0000][1][safepoint    ] Total time for which application threads were stopped: 0.0855334 seconds, Stopping threads took: 0.0029765 seconds
[2022-06-13T01:32:17.146+0000][1][safepoint    ] Application time: 0.0033455 seconds
[2022-06-13T01:32:17.147+0000][1][safepoint    ] Entering safepoint region: BulkRevokeBias
[2022-06-13T01:32:17.148+0000][1][safepoint    ] Leaving safepoint region
[2022-06-13T01:32:17.149+0000][1][safepoint    ] Total time for which application threads were stopped: 0.0014411 seconds, Stopping threads took: 0.0005606 seconds
[2022-06-13T01:32:17.150+0000][1][safepoint    ] Application time: 0.0010785 seconds
[2022-06-13T01:32:17.150+0000][1][safepoint    ] Entering safepoint region: RevokeBias
[2022-06-13T01:32:17.151+0000][1][safepoint    ] Leaving safepoint region
[2022-06-13T01:32:17.151+0000][1][safepoint    ] Total time for which application threads were stopped: 0.0009493 seconds, Stopping threads took: 0.0004245 seconds
[2022-06-13T01:32:17.153+0000][1][safepoint    ] Application time: 0.0001364 seconds
[2022-06-13T01:32:17.153+0000][1][safepoint    ] Entering safepoint region: RevokeBias
[2022-06-13T01:32:17.156+0000][1][safepoint    ] Leaving safepoint region
[2022-06-13T01:32:17.158+0000][1][safepoint    ] Total time for which application threads were stopped: 0.0048986 seconds, Stopping threads took: 0.0028693 seconds
[2022-06-13T01:32:17.159+0000][1][safepoint    ] Application time: 0.0006282 seconds
[2022-06-13T01:32:17.160+0000][1][safepoint    ] Entering safepoint region: RevokeBias
[2022-06-13T01:32:17.160+0000][1][safepoint    ] Leaving safepoint region
[2022-06-13T01:32:17.161+0000][1][safepoint    ] Total time for which application threads were stopped: 0.0007736 seconds, Stopping threads took: 0.0003738 seconds
[2022-06-13T01:32:17.161+0000][1][safepoint    ] Application time: 0.0001880 seconds
[2022-06-13T01:32:17.161+0000][1][safepoint    ] Entering safepoint region: RevokeBias
[2022-06-13T01:32:17.162+0000][1][safepoint    ] Leaving safepoint region
[2022-06-13T01:32:17.162+0000][1][safepoint    ] Total time for which application threads were stopped: 0.0007647 seconds, Stopping threads took: 0.0003610 seconds
[2022-06-13T01:32:17.163+0000][1][safepoint    ] Application time: 0.0001954 seconds
[2022-06-13T01:32:17.163+0000][1][safepoint    ] Entering safepoint region: RevokeBias
[2022-06-13T01:32:17.163+0000][1][safepoint    ] Leaving safepoint region
[2022-06-13T01:32:17.164+0000][1][safepoint    ] Total time for which application threads were stopped: 0.0009443 seconds, Stopping threads took: 0.0004355 seconds
[2022-06-13T01:32:17.165+0000][1][safepoint    ] Application time: 0.0003407 seconds
[2022-06-13T01:32:17.165+0000][1][safepoint    ] Entering safepoint region: RevokeBias
[2022-06-13T01:32:17.165+0000][1][safepoint    ] Leaving safepoint region
[2022-06-13T01:32:17.165+0000][1][safepoint    ] Total time for which application threads were stopped: 0.0006120 seconds, Stopping threads took: 0.0003010 seconds
[2022-06-13T01:32:17.166+0000][1][safepoint    ] Application time: 0.0002326 seconds
[2022-06-13T01:32:17.166+0000][1][safepoint    ] Entering safepoint region: RevokeBias
[2022-06-13T01:32:17.167+0000][1][safepoint    ] Leaving safepoint region
[2022-06-13T01:32:17.167+0000][1][safepoint    ] Total time for which application threads were stopped: 0.0007671 seconds, Stopping threads took: 0.0003573 seconds
[2022-06-13T01:32:17.168+0000][1][safepoint    ] Application time: 0.0003889 seconds
[2022-06-13T01:32:17.169+0000][1][safepoint    ] Entering safepoint region: RevokeBias
[2022-06-13T01:32:17.169+0000][1][safepoint    ] Leaving safepoint region
[2022-06-13T01:32:17.170+0000][1][safepoint    ] Total time for which application threads were stopped: 0.0009158 seconds, Stopping threads took: 0.0005212 seconds
[2022-06-13T01:32:17.171+0000][1][safepoint    ] Application time: 0.0014118 seconds
[2022-06-13T01:32:17.172+0000][1][safepoint    ] Entering safepoint region: RevokeBias
[2022-06-13T01:32:17.172+0000][1][safepoint    ] Leaving safepoint region
[2022-06-13T01:32:17.172+0000][1][safepoint    ] Total time for which application threads were stopped: 0.0006679 seconds, Stopping threads took: 0.0002848 seconds
[2022-06-13T01:32:17.174+0000][1][safepoint    ] Application time: 0.0002954 seconds
[2022-06-13T01:32:17.175+0000][1][safepoint    ] Entering safepoint region: BulkRevokeBias
[2022-06-13T01:32:17.176+0000][1][safepoint    ] Leaving safepoint region
[2022-06-13T01:32:17.177+0000][1][safepoint    ] Total time for which application threads were stopped: 0.0012311 seconds, Stopping threads took: 0.0007989 seconds
[2022-06-13T01:32:17.178+0000][1][safepoint    ] Application time: 0.0007001 seconds
[2022-06-13T01:32:17.178+0000][1][safepoint    ] Entering safepoint region: RevokeBias
[2022-06-13T01:32:17.178+0000][1][safepoint    ] Leaving safepoint region
[2022-06-13T01:32:17.178+0000][1][safepoint    ] Total time for which application threads were stopped: 0.0006839 seconds, Stopping threads took: 0.0003416 seconds
[2022-06-13T01:32:17.179+0000][1][safepoint    ] Application time: 0.0005417 seconds
[2022-06-13T01:32:17.180+0000][1][safepoint    ] Entering safepoint region: BulkRevokeBias
[2022-06-13T01:32:17.180+0000][1][safepoint    ] Leaving safepoint region
[2022-06-13T01:32:17.181+0000][1][safepoint    ] Total time for which application threads were stopped: 0.0007585 seconds, Stopping threads took: 0.0003731 seconds
[2022-06-13T01:32:17.440+0000][1][safepoint    ] Application time: 0.2588139 seconds
[2022-06-13T01:32:17.447+0000][1][safepoint    ] Entering safepoint region: GenCollectForAllocation
[2022-06-13T01:32:17.448+0000][1][gc,start     ] GC(2) Pause Young (Allocation Failure)
[2022-06-13T01:32:17.449+0000][1][gc,task      ] GC(2) Using 5 workers of 13 for evacuation
[2022-06-13T01:32:17.457+0000][1][gc,age       ] GC(2) Desired survivor size 4456448 bytes, new threshold 6 (max threshold 6)
[2022-06-13T01:32:17.458+0000][1][gc,age       ] GC(2) Age table with threshold 6 (max threshold 6)
[2022-06-13T01:32:17.458+0000][1][gc,age       ] GC(2) - age   1:    2580448 bytes,    2580448 total
[2022-06-13T01:32:17.458+0000][1][gc,age       ] GC(2) - age   2:    1180384 bytes,    3760832 total
[2022-06-13T01:32:17.459+0000][1][gc,heap      ] GC(2) ParNew: 75311K->4727K(78656K)
[2022-06-13T01:32:17.459+0000][1][gc,heap      ] GC(2) CMS: 6674K->6674K(174784K)
[2022-06-13T01:32:17.461+0000][1][gc,metaspace ] GC(2) Metaspace: 15005K->15005K(1062912K)
[2022-06-13T01:32:17.461+0000][1][gc           ] GC(2) Pause Young (Allocation Failure) 80M->11M(247M) 13.033ms
[2022-06-13T01:32:17.462+0000][1][gc,cpu       ] GC(2) User=0.05s Sys=0.00s Real=0.02s
[2022-06-13T01:32:17.462+0000][1][safepoint    ] Leaving safepoint region
[2022-06-13T01:32:17.463+0000][1][safepoint    ] Total time for which application threads were stopped: 0.0154714 seconds, Stopping threads took: 0.0011880 seconds
[2022-06-13T01:32:17.464+0000][1][safepoint    ] Application time: 0.0012299 seconds
[2022-06-13T01:32:17.466+0000][1][safepoint    ] Entering safepoint region: RevokeBias
[2022-06-13T01:32:17.466+0000][1][safepoint    ] Leaving safepoint region
[2022-06-13T01:32:17.467+0000][1][safepoint    ] Total time for which application threads were stopped: 0.0022774 seconds, Stopping threads took: 0.0018228 seconds
[2022-06-13T01:32:17.467+0000][1][safepoint    ] Application time: 0.0000951 seconds
[2022-06-13T01:32:17.467+0000][1][safepoint    ] Entering safepoint region: RevokeBias
[2022-06-13T01:32:17.468+0000][1][safepoint    ] Leaving safepoint region
[2022-06-13T01:32:17.468+0000][1][safepoint    ] Total time for which application threads were stopped: 0.0005893 seconds, Stopping threads took: 0.0002572 seconds
[2022-06-13T01:32:17.470+0000][1][safepoint    ] Application time: 0.0002443 seconds
[2022-06-13T01:32:17.471+0000][1][safepoint    ] Entering safepoint region: RevokeBias
[2022-06-13T01:32:17.472+0000][1][safepoint    ] Leaving safepoint region
[2022-06-13T01:32:17.472+0000][1][safepoint    ] Total time for which application threads were stopped: 0.0011013 seconds, Stopping threads took: 0.0004666 seconds
[2022-06-13T01:32:17.486+0000][1][safepoint    ] Application time: 0.0129460 seconds
[2022-06-13T01:32:17.486+0000][1][safepoint    ] Entering safepoint region: RevokeBias
[2022-06-13T01:32:17.488+0000][1][safepoint    ] Leaving safepoint region
[2022-06-13T01:32:17.489+0000][1][safepoint    ] Total time for which application threads were stopped: 0.0029919 seconds, Stopping threads took: 0.0015653 seconds
[2022-06-13T01:32:17.492+0000][1][safepoint    ] Application time: 0.0001357 seconds
[2022-06-13T01:32:17.493+0000][1][safepoint    ] Entering safepoint region: RevokeBias
[2022-06-13T01:32:17.499+0000][1][safepoint    ] Leaving safepoint region
[2022-06-13T01:32:17.500+0000][1][safepoint    ] Total time for which application threads were stopped: 0.0069054 seconds, Stopping threads took: 0.0063175 seconds
[2022-06-13T01:32:17.500+0000][1][safepoint    ] Application time: 0.0001197 seconds
[2022-06-13T01:32:17.501+0000][1][safepoint    ] Entering safepoint region: RevokeBias
[2022-06-13T01:32:17.502+0000][1][safepoint    ] Leaving safepoint region
[2022-06-13T01:32:17.502+0000][1][safepoint    ] Total time for which application threads were stopped: 0.0008196 seconds, Stopping threads took: 0.0004331 seconds
[2022-06-13T01:32:17.761+0000][1][safepoint    ] Application time: 0.2593086 seconds
[2022-06-13T01:32:17.762+0000][1][safepoint    ] Entering safepoint region: Deoptimize
[2022-06-13T01:32:17.764+0000][1][safepoint    ] Leaving safepoint region
[2022-06-13T01:32:17.764+0000][1][safepoint    ] Total time for which application threads were stopped: 0.0019956 seconds, Stopping threads took: 0.0007252 seconds
[2022-06-13T01:32:17.767+0000][1][safepoint    ] Application time: 0.0026633 seconds
[2022-06-13T01:32:17.768+0000][1][safepoint    ] Entering safepoint region: Deoptimize
[2022-06-13T01:32:17.769+0000][1][safepoint    ] Leaving safepoint region
[2022-06-13T01:32:17.770+0000][1][safepoint    ] Total time for which application threads were stopped: 0.0017829 seconds, Stopping threads took: 0.0004838 seconds
[2022-06-13T01:32:18.151+0000][1][safepoint    ] Application time: 0.3809670 seconds
[2022-06-13T01:32:18.151+0000][1][safepoint    ] Entering safepoint region: GenCollectForAllocation
[2022-06-13T01:32:18.152+0000][1][gc,start     ] GC(3) Pause Young (Allocation Failure)
[2022-06-13T01:32:18.152+0000][1][gc,task      ] GC(3) Using 5 workers of 13 for evacuation
[2022-06-13T01:32:18.160+0000][1][gc,age       ] GC(3) Desired survivor size 4456448 bytes, new threshold 3 (max threshold 6)
[2022-06-13T01:32:18.161+0000][1][gc,age       ] GC(3) Age table with threshold 3 (max threshold 6)
[2022-06-13T01:32:18.161+0000][1][gc,age       ] GC(3) - age   1:    3254648 bytes,    3254648 total
[2022-06-13T01:32:18.161+0000][1][gc,age       ] GC(3) - age   2:     294600 bytes,    3549248 total
[2022-06-13T01:32:18.162+0000][1][gc,age       ] GC(3) - age   3:    1177080 bytes,    4726328 total
[2022-06-13T01:32:18.165+0000][1][gc,heap      ] GC(3) ParNew: 74679K->6424K(78656K)
[2022-06-13T01:32:18.166+0000][1][gc,heap      ] GC(3) CMS: 6674K->6674K(174784K)
[2022-06-13T01:32:18.166+0000][1][gc,metaspace ] GC(3) Metaspace: 18382K->18382K(1067008K)
[2022-06-13T01:32:18.167+0000][1][gc           ] GC(3) Pause Young (Allocation Failure) 79M->12M(247M) 14.834ms
[2022-06-13T01:32:18.167+0000][1][gc,cpu       ] GC(3) User=0.05s Sys=0.00s Real=0.01s
[2022-06-13T01:32:18.168+0000][1][safepoint    ] Leaving safepoint region
[2022-06-13T01:32:18.168+0000][1][safepoint    ] Total time for which application threads were stopped: 0.0165700 seconds, Stopping threads took: 0.0003389 seconds
[2022-06-13T01:32:18.169+0000][1][safepoint    ] Application time: 0.0005315 seconds
[2022-06-13T01:32:18.170+0000][1][safepoint    ] Entering safepoint region: BulkRevokeBias
[2022-06-13T01:32:18.170+0000][1][safepoint    ] Leaving safepoint region
[2022-06-13T01:32:18.171+0000][1][safepoint    ] Total time for which application threads were stopped: 0.0009102 seconds, Stopping threads took: 0.0004244 seconds
[2022-06-13T01:32:18.171+0000][1][safepoint    ] Application time: 0.0002364 seconds
[2022-06-13T01:32:18.171+0000][1][safepoint    ] Entering safepoint region: RevokeBias
[2022-06-13T01:32:18.172+0000][1][safepoint    ] Leaving safepoint region
[2022-06-13T01:32:18.172+0000][1][safepoint    ] Total time for which application threads were stopped: 0.0007632 seconds, Stopping threads took: 0.0003553 seconds
[2022-06-13T01:32:18.172+0000][1][safepoint    ] Application time: 0.0001082 seconds
[2022-06-13T01:32:18.173+0000][1][safepoint    ] Entering safepoint region: RevokeBias
[2022-06-13T01:32:18.173+0000][1][safepoint    ] Leaving safepoint region
[2022-06-13T01:32:18.174+0000][1][safepoint    ] Total time for which application threads were stopped: 0.0008384 seconds, Stopping threads took: 0.0004071 seconds
[2022-06-13T01:32:18.175+0000][1][safepoint    ] Application time: 0.0006555 seconds
[2022-06-13T01:32:18.175+0000][1][safepoint    ] Entering safepoint region: RevokeBias
[2022-06-13T01:32:18.235+0000][1][safepoint    ] Leaving safepoint region
[2022-06-13T01:32:18.235+0000][1][safepoint    ] Total time for which application threads were stopped: 0.0602057 seconds, Stopping threads took: 0.0597561 seconds
[2022-06-13T01:32:18.236+0000][1][safepoint    ] Application time: 0.0002645 seconds
[2022-06-13T01:32:18.237+0000][1][safepoint    ] Entering safepoint region: RevokeBias
[2022-06-13T01:32:18.240+0000][1][safepoint    ] Leaving safepoint region
[2022-06-13T01:32:18.240+0000][1][safepoint    ] Total time for which application threads were stopped: 0.0040027 seconds, Stopping threads took: 0.0035901 seconds
[2022-06-13T01:32:18.241+0000][1][safepoint    ] Application time: 0.0001410 seconds
[2022-06-13T01:32:18.242+0000][1][safepoint    ] Entering safepoint region: RevokeBias
[2022-06-13T01:32:18.243+0000][1][safepoint    ] Leaving safepoint region
[2022-06-13T01:32:18.243+0000][1][safepoint    ] Total time for which application threads were stopped: 0.0011633 seconds, Stopping threads took: 0.0008051 seconds
[2022-06-13T01:32:18.244+0000][1][safepoint    ] Application time: 0.0001561 seconds
[2022-06-13T01:32:18.245+0000][1][safepoint    ] Entering safepoint region: RevokeBias
[2022-06-13T01:32:18.245+0000][1][safepoint    ] Leaving safepoint region
[2022-06-13T01:32:18.245+0000][1][safepoint    ] Total time for which application threads were stopped: 0.0008447 seconds, Stopping threads took: 0.0004086 seconds
[2022-06-13T01:32:18.246+0000][1][safepoint    ] Application time: 0.0001851 seconds
[2022-06-13T01:32:18.247+0000][1][safepoint    ] Entering safepoint region: RevokeBias
[2022-06-13T01:32:18.247+0000][1][safepoint    ] Leaving safepoint region
[2022-06-13T01:32:18.248+0000][1][safepoint    ] Total time for which application threads were stopped: 0.0009838 seconds, Stopping threads took: 0.0006552 seconds
[2022-06-13T01:32:18.248+0000][1][safepoint    ] Application time: 0.0001001 seconds
[2022-06-13T01:32:18.248+0000][1][safepoint    ] Entering safepoint region: RevokeBias
[2022-06-13T01:32:18.249+0000][1][safepoint    ] Leaving safepoint region
[2022-06-13T01:32:18.249+0000][1][safepoint    ] Total time for which application threads were stopped: 0.0007436 seconds, Stopping threads took: 0.0003697 seconds
[2022-06-13T01:32:18.250+0000][1][safepoint    ] Application time: 0.0001381 seconds
[2022-06-13T01:32:18.251+0000][1][safepoint    ] Entering safepoint region: RevokeBias
[2022-06-13T01:32:18.251+0000][1][safepoint    ] Leaving safepoint region
[2022-06-13T01:32:18.252+0000][1][safepoint    ] Total time for which application threads were stopped: 0.0008074 seconds, Stopping threads took: 0.0003164 seconds
[2022-06-13T01:32:18.252+0000][1][safepoint    ] Application time: 0.0002910 seconds
[2022-06-13T01:32:18.252+0000][1][safepoint    ] Entering safepoint region: RevokeBias
[2022-06-13T01:32:18.253+0000][1][safepoint    ] Leaving safepoint region
[2022-06-13T01:32:18.254+0000][1][safepoint    ] Total time for which application threads were stopped: 0.0012367 seconds, Stopping threads took: 0.0007480 seconds
[2022-06-13T01:32:18.254+0000][1][safepoint    ] Application time: 0.0001747 seconds
[2022-06-13T01:32:18.254+0000][1][safepoint    ] Entering safepoint region: RevokeBias
[2022-06-13T01:32:18.255+0000][1][safepoint    ] Leaving safepoint region
[2022-06-13T01:32:18.255+0000][1][safepoint    ] Total time for which application threads were stopped: 0.0008395 seconds, Stopping threads took: 0.0004236 seconds
[2022-06-13T01:32:18.256+0000][1][safepoint    ] Application time: 0.0004880 seconds
[2022-06-13T01:32:18.258+0000][1][safepoint    ] Entering safepoint region: RevokeBias
[2022-06-13T01:32:18.259+0000][1][safepoint    ] Leaving safepoint region
[2022-06-13T01:32:18.260+0000][1][safepoint    ] Total time for which application threads were stopped: 0.0025759 seconds, Stopping threads took: 0.0017485 seconds
[2022-06-13T01:32:18.260+0000][1][safepoint    ] Application time: 0.0001621 seconds
[2022-06-13T01:32:18.261+0000][1][safepoint    ] Entering safepoint region: RevokeBias
[2022-06-13T01:32:18.262+0000][1][safepoint    ] Leaving safepoint region
[2022-06-13T01:32:18.262+0000][1][safepoint    ] Total time for which application threads were stopped: 0.0006664 seconds, Stopping threads took: 0.0003320 seconds
[2022-06-13T01:32:18.265+0000][1][safepoint    ] Application time: 0.0027437 seconds
[2022-06-13T01:32:18.266+0000][1][safepoint    ] Entering safepoint region: RevokeBias
[2022-06-13T01:32:18.267+0000][1][safepoint    ] Leaving safepoint region
[2022-06-13T01:32:18.268+0000][1][safepoint    ] Total time for which application threads were stopped: 0.0020032 seconds, Stopping threads took: 0.0015793 seconds
[2022-06-13T01:32:18.269+0000][1][safepoint    ] Application time: 0.0002967 seconds
[2022-06-13T01:32:18.269+0000][1][safepoint    ] Entering safepoint region: RevokeBias
[2022-06-13T01:32:18.269+0000][1][safepoint    ] Leaving safepoint region
[2022-06-13T01:32:18.270+0000][1][safepoint    ] Total time for which application threads were stopped: 0.0008637 seconds, Stopping threads took: 0.0003820 seconds
[2022-06-13T01:32:18.271+0000][1][safepoint    ] Application time: 0.0008347 seconds
[2022-06-13T01:32:18.274+0000][1][safepoint    ] Entering safepoint region: RevokeBias
[2022-06-13T01:32:18.275+0000][1][safepoint    ] Leaving safepoint region
[2022-06-13T01:32:18.276+0000][1][safepoint    ] Total time for which application threads were stopped: 0.0024592 seconds, Stopping threads took: 0.0019154 seconds
[2022-06-13T01:32:18.278+0000][1][safepoint    ] Application time: 0.0014742 seconds
[2022-06-13T01:32:18.279+0000][1][safepoint    ] Entering safepoint region: RevokeBias
[2022-06-13T01:32:18.279+0000][1][safepoint    ] Leaving safepoint region
[2022-06-13T01:32:18.280+0000][1][safepoint    ] Total time for which application threads were stopped: 0.0012796 seconds, Stopping threads took: 0.0005060 seconds
[2022-06-13T01:32:18.281+0000][1][safepoint    ] Application time: 0.0009060 seconds
[2022-06-13T01:32:18.281+0000][1][safepoint    ] Entering safepoint region: RevokeBias
[2022-06-13T01:32:18.282+0000][1][safepoint    ] Leaving safepoint region
[2022-06-13T01:32:18.282+0000][1][safepoint    ] Total time for which application threads were stopped: 0.0006286 seconds, Stopping threads took: 0.0002868 seconds
[2022-06-13T01:32:18.282+0000][1][safepoint    ] Application time: 0.0001746 seconds
[2022-06-13T01:32:18.283+0000][1][safepoint    ] Entering safepoint region: RevokeBias
[2022-06-13T01:32:18.284+0000][1][safepoint    ] Leaving safepoint region
[2022-06-13T01:32:18.284+0000][1][safepoint    ] Total time for which application threads were stopped: 0.0009923 seconds, Stopping threads took: 0.0006447 seconds
[2022-06-13T01:32:18.285+0000][1][safepoint    ] Application time: 0.0002144 seconds
[2022-06-13T01:32:18.285+0000][1][safepoint    ] Entering safepoint region: RevokeBias
[2022-06-13T01:32:18.286+0000][1][safepoint    ] Leaving safepoint region
[2022-06-13T01:32:18.286+0000][1][safepoint    ] Total time for which application threads were stopped: 0.0008716 seconds, Stopping threads took: 0.0005342 seconds
[2022-06-13T01:32:18.487+0000][1][safepoint    ] Application time: 0.2009431 seconds
[2022-06-13T01:32:18.488+0000][1][safepoint    ] Entering safepoint region: GenCollectForAllocation
[2022-06-13T01:32:18.490+0000][1][gc,start     ] GC(4) Pause Young (Allocation Failure)
[2022-06-13T01:32:18.494+0000][1][gc,task      ] GC(4) Using 5 workers of 13 for evacuation
[2022-06-13T01:32:18.502+0000][1][gc,age       ] GC(4) Desired survivor size 4456448 bytes, new threshold 2 (max threshold 6)
[2022-06-13T01:32:18.503+0000][1][gc,age       ] GC(4) Age table with threshold 2 (max threshold 6)
[2022-06-13T01:32:18.503+0000][1][gc,age       ] GC(4) - age   1:    1489112 bytes,    1489112 total
[2022-06-13T01:32:18.504+0000][1][gc,age       ] GC(4) - age   2:    3218920 bytes,    4708032 total
[2022-06-13T01:32:18.504+0000][1][gc,age       ] GC(4) - age   3:     294072 bytes,    5002104 total
[2022-06-13T01:32:18.505+0000][1][gc,heap      ] GC(4) ParNew: 76376K->7827K(78656K)
[2022-06-13T01:32:18.505+0000][1][gc,heap      ] GC(4) CMS: 6674K->7841K(174784K)
[2022-06-13T01:32:18.506+0000][1][gc,metaspace ] GC(4) Metaspace: 18705K->18705K(1067008K)
[2022-06-13T01:32:18.507+0000][1][gc           ] GC(4) Pause Young (Allocation Failure) 81M->15M(247M) 16.144ms
[2022-06-13T01:32:18.507+0000][1][gc,cpu       ] GC(4) User=0.04s Sys=0.00s Real=0.02s
[2022-06-13T01:32:18.507+0000][1][safepoint    ] Leaving safepoint region
[2022-06-13T01:32:18.508+0000][1][safepoint    ] Total time for which application threads were stopped: 0.0195472 seconds, Stopping threads took: 0.0021493 seconds
[2022-06-13T01:32:18.508+0000][1][safepoint    ] Application time: 0.0003179 seconds
[2022-06-13T01:32:18.509+0000][1][safepoint    ] Entering safepoint region: RevokeBias
[2022-06-13T01:32:18.510+0000][1][safepoint    ] Leaving safepoint region
[2022-06-13T01:32:18.511+0000][1][safepoint    ] Total time for which application threads were stopped: 0.0013980 seconds, Stopping threads took: 0.0006433 seconds
[2022-06-13T01:32:18.511+0000][1][safepoint    ] Application time: 0.0002074 seconds
[2022-06-13T01:32:18.511+0000][1][safepoint    ] Entering safepoint region: RevokeBias
[2022-06-13T01:32:18.512+0000][1][safepoint    ] Leaving safepoint region
[2022-06-13T01:32:18.512+0000][1][safepoint    ] Total time for which application threads were stopped: 0.0010774 seconds, Stopping threads took: 0.0003680 seconds
[2022-06-13T01:32:18.513+0000][1][safepoint    ] Application time: 0.0007642 seconds
[2022-06-13T01:32:18.514+0000][1][safepoint    ] Entering safepoint region: RevokeBias
[2022-06-13T01:32:18.515+0000][1][safepoint    ] Leaving safepoint region
[2022-06-13T01:32:18.515+0000][1][safepoint    ] Total time for which application threads were stopped: 0.0011981 seconds, Stopping threads took: 0.0006260 seconds
[2022-06-13T01:32:18.516+0000][1][safepoint    ] Application time: 0.0001539 seconds
[2022-06-13T01:32:18.516+0000][1][safepoint    ] Entering safepoint region: RevokeBias
[2022-06-13T01:32:18.517+0000][1][safepoint    ] Leaving safepoint region
[2022-06-13T01:32:18.517+0000][1][safepoint    ] Total time for which application threads were stopped: 0.0007968 seconds, Stopping threads took: 0.0003504 seconds
[2022-06-13T01:32:18.561+0000][1][safepoint    ] Application time: 0.0439462 seconds
[2022-06-13T01:32:18.562+0000][1][safepoint    ] Entering safepoint region: Deoptimize
[2022-06-13T01:32:18.563+0000][1][safepoint    ] Leaving safepoint region
[2022-06-13T01:32:18.563+0000][1][safepoint    ] Total time for which application threads were stopped: 0.0012700 seconds, Stopping threads took: 0.0005150 seconds
[2022-06-13T01:32:18.663+0000][1][safepoint    ] Application time: 0.0996829 seconds
[2022-06-13T01:32:18.664+0000][1][safepoint    ] Entering safepoint region: Deoptimize
[2022-06-13T01:32:18.665+0000][1][safepoint    ] Leaving safepoint region
[2022-06-13T01:32:18.666+0000][1][safepoint    ] Total time for which application threads were stopped: 0.0024314 seconds, Stopping threads took: 0.0004009 seconds
[2022-06-13T01:32:18.862+0000][1][safepoint    ] Application time: 0.1954964 seconds
[2022-06-13T01:32:18.863+0000][1][safepoint    ] Entering safepoint region: GenCollectForAllocation
[2022-06-13T01:32:18.863+0000][1][gc,start     ] GC(5) Pause Young (Allocation Failure)
[2022-06-13T01:32:18.866+0000][1][gc,task      ] GC(5) Using 5 workers of 13 for evacuation
[2022-06-13T01:32:18.880+0000][1][gc,age       ] GC(5) Desired survivor size 4456448 bytes, new threshold 6 (max threshold 6)
[2022-06-13T01:32:18.881+0000][1][gc,age       ] GC(5) Age table with threshold 6 (max threshold 6)
[2022-06-13T01:32:18.881+0000][1][gc,age       ] GC(5) - age   1:    2230312 bytes,    2230312 total
[2022-06-13T01:32:18.881+0000][1][gc,age       ] GC(5) - age   2:     554936 bytes,    2785248 total
[2022-06-13T01:32:18.881+0000][1][gc,heap      ] GC(5) ParNew: 77718K->4608K(78656K)
[2022-06-13T01:32:18.882+0000][1][gc,heap      ] GC(5) CMS: 7841K->11301K(174784K)
[2022-06-13T01:32:18.882+0000][1][gc,metaspace ] GC(5) Metaspace: 19069K->19069K(1067008K)
[2022-06-13T01:32:18.883+0000][1][gc           ] GC(5) Pause Young (Allocation Failure) 83M->15M(247M) 19.106ms
[2022-06-13T01:32:18.883+0000][1][gc,cpu       ] GC(5) User=0.05s Sys=0.00s Real=0.02s
[2022-06-13T01:32:18.883+0000][1][safepoint    ] Leaving safepoint region
[2022-06-13T01:32:18.883+0000][1][safepoint    ] Total time for which application threads were stopped: 0.0203755 seconds, Stopping threads took: 0.0003871 seconds
[2022-06-13T01:32:18.889+0000][1][safepoint    ] Application time: 0.0056184 seconds
[2022-06-13T01:32:18.890+0000][1][safepoint    ] Entering safepoint region: RevokeBias
[2022-06-13T01:32:18.890+0000][1][safepoint    ] Leaving safepoint region
[2022-06-13T01:32:18.890+0000][1][safepoint    ] Total time for which application threads were stopped: 0.0008185 seconds, Stopping threads took: 0.0004483 seconds
[2022-06-13T01:32:18.891+0000][1][safepoint    ] Application time: 0.0001144 seconds
[2022-06-13T01:32:18.891+0000][1][safepoint    ] Entering safepoint region: RevokeBias
[2022-06-13T01:32:18.891+0000][1][safepoint    ] Leaving safepoint region
[2022-06-13T01:32:18.892+0000][1][safepoint    ] Total time for which application threads were stopped: 0.0006724 seconds, Stopping threads took: 0.0003106 seconds
[2022-06-13T01:32:18.892+0000][1][safepoint    ] Application time: 0.0001717 seconds
[2022-06-13T01:32:18.893+0000][1][safepoint    ] Entering safepoint region: RevokeBias
[2022-06-13T01:32:18.893+0000][1][safepoint    ] Leaving safepoint region
[2022-06-13T01:32:18.894+0000][1][safepoint    ] Total time for which application threads were stopped: 0.0006698 seconds, Stopping threads took: 0.0003169 seconds
[2022-06-13T01:32:18.894+0000][1][safepoint    ] Application time: 0.0000927 seconds
[2022-06-13T01:32:18.894+0000][1][safepoint    ] Entering safepoint region: RevokeBias
[2022-06-13T01:32:18.894+0000][1][safepoint    ] Leaving safepoint region
[2022-06-13T01:32:18.895+0000][1][safepoint    ] Total time for which application threads were stopped: 0.0006176 seconds, Stopping threads took: 0.0002546 seconds
[2022-06-13T01:32:18.895+0000][1][safepoint    ] Application time: 0.0001657 seconds
[2022-06-13T01:32:18.895+0000][1][safepoint    ] Entering safepoint region: RevokeBias
[2022-06-13T01:32:18.896+0000][1][safepoint    ] Leaving safepoint region
[2022-06-13T01:32:18.896+0000][1][safepoint    ] Total time for which application threads were stopped: 0.0006585 seconds, Stopping threads took: 0.0003029 seconds
[2022-06-13T01:32:18.896+0000][1][safepoint    ] Application time: 0.0000524 seconds
[2022-06-13T01:32:18.897+0000][1][safepoint    ] Entering safepoint region: RevokeBias
[2022-06-13T01:32:18.897+0000][1][safepoint    ] Leaving safepoint region
[2022-06-13T01:32:18.897+0000][1][safepoint    ] Total time for which application threads were stopped: 0.0006027 seconds, Stopping threads took: 0.0002277 seconds
[2022-06-13T01:32:19.078+0000][1][safepoint    ] Application time: 0.1809144 seconds
[2022-06-13T01:32:19.079+0000][1][safepoint    ] Entering safepoint region: GenCollectForAllocation
[2022-06-13T01:32:19.079+0000][1][gc,start     ] GC(6) Pause Young (Allocation Failure)
[2022-06-13T01:32:19.080+0000][1][gc,task      ] GC(6) Using 5 workers of 13 for evacuation
[2022-06-13T01:32:19.093+0000][1][gc,age       ] GC(6) Desired survivor size 4456448 bytes, new threshold 6 (max threshold 6)
[2022-06-13T01:32:19.097+0000][1][gc,age       ] GC(6) Age table with threshold 6 (max threshold 6)
[2022-06-13T01:32:19.099+0000][1][gc,age       ] GC(6) - age   1:    1156344 bytes,    1156344 total
[2022-06-13T01:32:19.101+0000][1][gc,age       ] GC(6) - age   2:    2196680 bytes,    3353024 total
[2022-06-13T01:32:19.107+0000][1][gc,age       ] GC(6) - age   3:     554936 bytes,    3907960 total
[2022-06-13T01:32:19.107+0000][1][gc,heap      ] GC(6) ParNew: 74560K->4295K(78656K)
[2022-06-13T01:32:19.108+0000][1][gc,heap      ] GC(6) CMS: 11301K->11301K(174784K)
[2022-06-13T01:32:19.108+0000][1][gc,metaspace ] GC(6) Metaspace: 19376K->19376K(1067008K)
[2022-06-13T01:32:19.109+0000][1][gc           ] GC(6) Pause Young (Allocation Failure) 83M->15M(247M) 29.187ms
[2022-06-13T01:32:19.110+0000][1][gc,cpu       ] GC(6) User=0.06s Sys=0.02s Real=0.03s
[2022-06-13T01:32:19.110+0000][1][safepoint    ] Leaving safepoint region
[2022-06-13T01:32:19.110+0000][1][safepoint    ] Total time for which application threads were stopped: 0.0312794 seconds, Stopping threads took: 0.0003358 seconds
[2022-06-13T01:32:19.117+0000][1][safepoint    ] Application time: 0.0062412 seconds
[2022-06-13T01:32:19.117+0000][1][safepoint    ] Entering safepoint region: RevokeBias
[2022-06-13T01:32:19.117+0000][1][safepoint    ] Leaving safepoint region
[2022-06-13T01:32:19.118+0000][1][safepoint    ] Total time for which application threads were stopped: 0.0008674 seconds, Stopping threads took: 0.0004074 seconds
[2022-06-13T01:32:19.124+0000][1][safepoint    ] Application time: 0.0054513 seconds
[2022-06-13T01:32:19.129+0000][1][safepoint    ] Entering safepoint region: BulkRevokeBias
[2022-06-13T01:32:19.130+0000][1][safepoint    ] Leaving safepoint region
[2022-06-13T01:32:19.131+0000][1][safepoint    ] Total time for which application threads were stopped: 0.0017691 seconds, Stopping threads took: 0.0006246 seconds
[2022-06-13T01:32:19.134+0000][1][safepoint    ] Application time: 0.0017286 seconds
[2022-06-13T01:32:19.134+0000][1][safepoint    ] Entering safepoint region: BulkRevokeBias
[2022-06-13T01:32:19.135+0000][1][safepoint    ] Leaving safepoint region
[2022-06-13T01:32:19.135+0000][1][safepoint    ] Total time for which application threads were stopped: 0.0008897 seconds, Stopping threads took: 0.0003348 seconds
[2022-06-13T01:32:19.329+0000][1][safepoint    ] Application time: 0.1942069 seconds
[2022-06-13T01:32:19.330+0000][1][safepoint    ] Entering safepoint region: GenCollectForAllocation
[2022-06-13T01:32:19.331+0000][1][gc,start     ] GC(7) Pause Young (Allocation Failure)
[2022-06-13T01:32:19.332+0000][1][gc,task      ] GC(7) Using 5 workers of 13 for evacuation
[2022-06-13T01:32:19.339+0000][1][gc,age       ] GC(7) Desired survivor size 4456448 bytes, new threshold 4 (max threshold 6)
[2022-06-13T01:32:19.340+0000][1][gc,age       ] GC(7) Age table with threshold 4 (max threshold 6)
[2022-06-13T01:32:19.340+0000][1][gc,age       ] GC(7) - age   1:     647704 bytes,     647704 total
[2022-06-13T01:32:19.341+0000][1][gc,age       ] GC(7) - age   2:    1129760 bytes,    1777464 total
[2022-06-13T01:32:19.341+0000][1][gc,age       ] GC(7) - age   3:    2194672 bytes,    3972136 total
[2022-06-13T01:32:19.341+0000][1][gc,age       ] GC(7) - age   4:     554936 bytes,    4527072 total
[2022-06-13T01:32:19.342+0000][1][gc,heap      ] GC(7) ParNew: 74247K->5043K(78656K)
[2022-06-13T01:32:19.342+0000][1][gc,heap      ] GC(7) CMS: 11301K->11301K(174784K)
[2022-06-13T01:32:19.342+0000][1][gc,metaspace ] GC(7) Metaspace: 19890K->19890K(1067008K)
[2022-06-13T01:32:19.343+0000][1][gc           ] GC(7) Pause Young (Allocation Failure) 83M->15M(247M) 11.534ms
[2022-06-13T01:32:19.343+0000][1][gc,cpu       ] GC(7) User=0.02s Sys=0.01s Real=0.01s
[2022-06-13T01:32:19.343+0000][1][safepoint    ] Leaving safepoint region
[2022-06-13T01:32:19.343+0000][1][safepoint    ] Total time for which application threads were stopped: 0.0134888 seconds, Stopping threads took: 0.0009402 seconds
[2022-06-13T01:32:19.371+0000][1][safepoint    ] Application time: 0.0274165 seconds
[2022-06-13T01:32:19.371+0000][1][safepoint    ] Entering safepoint region: CollectForMetadataAllocation
[2022-06-13T01:32:19.372+0000][1][safepoint    ] Leaving safepoint region
[2022-06-13T01:32:19.373+0000][1][safepoint    ] Total time for which application threads were stopped: 0.0015721 seconds, Stopping threads took: 0.0003207 seconds
[2022-06-13T01:32:19.419+0000][1][safepoint    ] Application time: 0.0452272 seconds
[2022-06-13T01:32:19.419+0000][1][safepoint    ] Entering safepoint region: CollectForMetadataAllocation
[2022-06-13T01:32:19.420+0000][1][safepoint    ] Leaving safepoint region
[2022-06-13T01:32:19.420+0000][1][safepoint    ] Total time for which application threads were stopped: 0.0009245 seconds, Stopping threads took: 0.0003593 seconds
[2022-06-13T01:32:19.579+0000][1][safepoint    ] Application time: 0.1587919 seconds
[2022-06-13T01:32:19.582+0000][1][safepoint    ] Entering safepoint region: GenCollectForAllocation
[2022-06-13T01:32:19.583+0000][1][gc,start     ] GC(8) Pause Young (Allocation Failure)
[2022-06-13T01:32:19.583+0000][1][gc,task      ] GC(8) Using 5 workers of 13 for evacuation
[2022-06-13T01:32:19.588+0000][1][gc,age       ] GC(8) Desired survivor size 4456448 bytes, new threshold 6 (max threshold 6)
[2022-06-13T01:32:19.588+0000][1][gc,age       ] GC(8) Age table with threshold 6 (max threshold 6)
[2022-06-13T01:32:19.589+0000][1][gc,age       ] GC(8) - age   1:     520672 bytes,     520672 total
[2022-06-13T01:32:19.589+0000][1][gc,age       ] GC(8) - age   2:     518592 bytes,    1039264 total
[2022-06-13T01:32:19.590+0000][1][gc,age       ] GC(8) - age   3:    1129664 bytes,    2168928 total
[2022-06-13T01:32:19.590+0000][1][gc,age       ] GC(8) - age   4:    2194384 bytes,    4363312 total
[2022-06-13T01:32:19.591+0000][1][gc,heap      ] GC(8) ParNew: 74995K->5290K(78656K)
[2022-06-13T01:32:19.591+0000][1][gc,heap      ] GC(8) CMS: 11301K->11853K(174784K)
[2022-06-13T01:32:19.591+0000][1][gc,metaspace ] GC(8) Metaspace: 20436K->20436K(1069056K)
[2022-06-13T01:32:19.592+0000][1][gc           ] GC(8) Pause Young (Allocation Failure) 84M->16M(247M) 8.637ms
[2022-06-13T01:32:19.592+0000][1][gc,cpu       ] GC(8) User=0.03s Sys=0.00s Real=0.01s
[2022-06-13T01:32:19.596+0000][1][safepoint    ] Leaving safepoint region
[2022-06-13T01:32:19.597+0000][1][safepoint    ] Total time for which application threads were stopped: 0.0147552 seconds, Stopping threads took: 0.0008141 seconds
[2022-06-13T01:32:19.600+0000][1][safepoint    ] Application time: 0.0030328 seconds
[2022-06-13T01:32:19.601+0000][1][safepoint    ] Entering safepoint region: CMS_Initial_Mark
[2022-06-13T01:32:19.601+0000][1][gc,start     ] GC(9) Pause Initial Mark
[2022-06-13T01:32:19.603+0000][1][gc           ] GC(9) Pause Initial Mark 18M->18M(247M) 2.259ms
[2022-06-13T01:32:19.604+0000][1][gc,cpu       ] GC(9) User=0.00s Sys=0.00s Real=0.00s
[2022-06-13T01:32:19.605+0000][1][safepoint    ] Leaving safepoint region
[2022-06-13T01:32:19.607+0000][1][safepoint    ] Total time for which application threads were stopped: 0.0060859 seconds, Stopping threads took: 0.0003615 seconds
[2022-06-13T01:32:19.608+0000][1][gc           ] GC(9) Concurrent Mark
[2022-06-13T01:32:19.647+0000][1][gc,task      ] GC(9) Using 4 workers of 4 for marking
[2022-06-13T01:32:19.663+0000][1][gc           ] GC(9) Concurrent Mark 54.523ms
[2022-06-13T01:32:19.663+0000][1][gc,cpu       ] GC(9) User=0.12s Sys=0.01s Real=0.06s
[2022-06-13T01:32:19.663+0000][1][gc           ] GC(9) Concurrent Preclean
[2022-06-13T01:32:19.664+0000][1][gc           ] GC(9) Concurrent Preclean 0.988ms
[2022-06-13T01:32:19.665+0000][1][gc,cpu       ] GC(9) User=0.00s Sys=0.00s Real=0.00s
[2022-06-13T01:32:19.665+0000][1][gc           ] GC(9) Concurrent Abortable Preclean
[2022-06-13T01:32:19.757+0000][1][safepoint    ] Application time: 0.1492437 seconds
[2022-06-13T01:32:19.757+0000][1][safepoint    ] Entering safepoint region: GenCollectForAllocation
[2022-06-13T01:32:19.758+0000][1][gc,start     ] GC(10) Pause Young (Allocation Failure)
[2022-06-13T01:32:19.758+0000][1][gc,task      ] GC(10) Using 5 workers of 13 for evacuation
[2022-06-13T01:32:19.763+0000][1][gc,age       ] GC(10) Desired survivor size 4456448 bytes, new threshold 5 (max threshold 6)
[2022-06-13T01:32:19.764+0000][1][gc,age       ] GC(10) Age table with threshold 5 (max threshold 6)
[2022-06-13T01:32:19.764+0000][1][gc,age       ] GC(10) - age   1:     913880 bytes,     913880 total
[2022-06-13T01:32:19.764+0000][1][gc,age       ] GC(10) - age   2:     481336 bytes,    1395216 total
[2022-06-13T01:32:19.764+0000][1][gc,age       ] GC(10) - age   3:     518472 bytes,    1913688 total
[2022-06-13T01:32:19.765+0000][1][gc,age       ] GC(10) - age   4:    1129664 bytes,    3043352 total
[2022-06-13T01:32:19.765+0000][1][gc,age       ] GC(10) - age   5:    2194192 bytes,    5237544 total
[2022-06-13T01:32:19.765+0000][1][gc,heap      ] GC(10) ParNew: 75242K->6398K(78656K)
[2022-06-13T01:32:19.765+0000][1][gc,heap      ] GC(10) CMS: 11853K->11853K(174784K)
[2022-06-13T01:32:19.766+0000][1][gc,metaspace ] GC(10) Metaspace: 20541K->20541K(1069056K)
[2022-06-13T01:32:19.766+0000][1][gc           ] GC(10) Pause Young (Allocation Failure) 85M->17M(247M) 8.227ms
[2022-06-13T01:32:19.766+0000][1][gc,cpu       ] GC(10) User=0.02s Sys=0.00s Real=0.01s
[2022-06-13T01:32:19.766+0000][1][safepoint    ] Leaving safepoint region
[2022-06-13T01:32:19.767+0000][1][safepoint    ] Total time for which application threads were stopped: 0.0093193 seconds, Stopping threads took: 0.0002548 seconds
[2022-06-13T01:32:19.969+0000][1][safepoint    ] Application time: 0.2024242 seconds
[2022-06-13T01:32:19.979+0000][1][safepoint    ] Entering safepoint region: GenCollectForAllocation
[2022-06-13T01:32:19.985+0000][1][gc,start     ] GC(11) Pause Young (Allocation Failure)
[2022-06-13T01:32:19.988+0000][1][gc,task      ] GC(11) Using 5 workers of 13 for evacuation
[2022-06-13T01:32:19.997+0000][1][gc,age       ] GC(11) Desired survivor size 4456448 bytes, new threshold 6 (max threshold 6)
[2022-06-13T01:32:19.999+0000][1][gc,age       ] GC(11) Age table with threshold 6 (max threshold 6)
[2022-06-13T01:32:20.000+0000][1][gc,age       ] GC(11) - age   1:    1827816 bytes,    1827816 total
[2022-06-13T01:32:20.000+0000][1][gc,age       ] GC(11) - age   2:      98864 bytes,    1926680 total
[2022-06-13T01:32:20.000+0000][1][gc,age       ] GC(11) - age   3:     481336 bytes,    2408016 total
[2022-06-13T01:32:20.000+0000][1][gc,age       ] GC(11) - age   4:     518320 bytes,    2926336 total
[2022-06-13T01:32:20.001+0000][1][gc,age       ] GC(11) - age   5:    1129376 bytes,    4055712 total
[2022-06-13T01:32:20.009+0000][1][gc,heap      ] GC(11) ParNew: 76350K->6228K(78656K)
[2022-06-13T01:32:20.010+0000][1][gc,heap      ] GC(11) CMS: 11853K->14082K(174784K)
[2022-06-13T01:32:20.010+0000][1][gc,metaspace ] GC(11) Metaspace: 20620K->20620K(1069056K)
[2022-06-13T01:32:20.011+0000][1][gc           ] GC(11) Pause Young (Allocation Failure) 86M->19M(247M) 25.412ms
[2022-06-13T01:32:20.011+0000][1][gc,cpu       ] GC(11) User=0.07s Sys=0.00s Real=0.03s
[2022-06-13T01:32:20.011+0000][1][safepoint    ] Leaving safepoint region
[2022-06-13T01:32:20.012+0000][1][safepoint    ] Total time for which application threads were stopped: 0.0325471 seconds, Stopping threads took: 0.0062104 seconds
[2022-06-13T01:32:20.017+0000][1][gc           ] GC(9) Concurrent Abortable Preclean 352.136ms
[2022-06-13T01:32:20.018+0000][1][gc,cpu       ] GC(9) User=0.96s Sys=0.01s Real=0.35s
[2022-06-13T01:32:20.018+0000][1][safepoint    ] Application time: 0.0065669 seconds
[2022-06-13T01:32:20.019+0000][1][safepoint    ] Entering safepoint region: CMS_Final_Remark
[2022-06-13T01:32:20.024+0000][1][gc,start     ] GC(9) Pause Remark
[2022-06-13T01:32:20.052+0000][1][gc           ] GC(9) Pause Remark 23M->23M(247M) 27.925ms
[2022-06-13T01:32:20.057+0000][1][gc,cpu       ] GC(9) User=0.05s Sys=0.00s Real=0.03s
[2022-06-13T01:32:20.058+0000][1][safepoint    ] Leaving safepoint region
[2022-06-13T01:32:20.058+0000][1][safepoint    ] Total time for which application threads were stopped: 0.0395205 seconds, Stopping threads took: 0.0050878 seconds
[2022-06-13T01:32:20.059+0000][1][gc           ] GC(9) Concurrent Sweep
[2022-06-13T01:32:20.067+0000][1][gc           ] GC(9) Concurrent Sweep 8.661ms
[2022-06-13T01:32:20.068+0000][1][gc,cpu       ] GC(9) User=0.00s Sys=0.01s Real=0.01s
[2022-06-13T01:32:20.069+0000][1][gc           ] GC(9) Concurrent Reset
[2022-06-13T01:32:20.070+0000][1][gc           ] GC(9) Concurrent Reset 0.688ms
[2022-06-13T01:32:20.070+0000][1][gc,cpu       ] GC(9) User=0.01s Sys=0.00s Real=0.00s
[2022-06-13T01:32:20.071+0000][1][gc,heap      ] GC(9) Old: 11853K->14056K(174784K)
[2022-06-13T01:32:20.535+0000][1][safepoint    ] Application time: 0.4766624 seconds
[2022-06-13T01:32:20.536+0000][1][safepoint    ] Entering safepoint region: Deoptimize
[2022-06-13T01:32:20.537+0000][1][safepoint    ] Leaving safepoint region
[2022-06-13T01:32:20.538+0000][1][safepoint    ] Total time for which application threads were stopped: 0.0020852 seconds, Stopping threads took: 0.0002103 seconds
[2022-06-13T01:32:20.653+0000][1][safepoint    ] Application time: 0.1155313 seconds
[2022-06-13T01:32:20.654+0000][1][safepoint    ] Entering safepoint region: Deoptimize
[2022-06-13T01:32:20.655+0000][1][safepoint    ] Leaving safepoint region
[2022-06-13T01:32:20.655+0000][1][safepoint    ] Total time for which application threads were stopped: 0.0016337 seconds, Stopping threads took: 0.0002558 seconds
[2022-06-13T01:32:20.676+0000][1][safepoint    ] Application time: 0.0197185 seconds
[2022-06-13T01:32:20.676+0000][1][safepoint    ] Entering safepoint region: RevokeBias
[2022-06-13T01:32:20.676+0000][1][safepoint    ] Leaving safepoint region
[2022-06-13T01:32:20.677+0000][1][safepoint    ] Total time for which application threads were stopped: 0.0009436 seconds, Stopping threads took: 0.0004809 seconds
[2022-06-13T01:32:20.678+0000][1][safepoint    ] Application time: 0.0009878 seconds
[2022-06-13T01:32:20.678+0000][1][safepoint    ] Entering safepoint region: Deoptimize
[2022-06-13T01:32:20.679+0000][1][safepoint    ] Leaving safepoint region
[2022-06-13T01:32:20.680+0000][1][safepoint    ] Total time for which application threads were stopped: 0.0012884 seconds, Stopping threads took: 0.0002545 seconds
[2022-06-13T01:32:20.685+0000][1][safepoint    ] Application time: 0.0055679 seconds
[2022-06-13T01:32:20.686+0000][1][safepoint    ] Entering safepoint region: Deoptimize
[2022-06-13T01:32:20.687+0000][1][safepoint    ] Leaving safepoint region
[2022-06-13T01:32:20.687+0000][1][safepoint    ] Total time for which application threads were stopped: 0.0010906 seconds, Stopping threads took: 0.0002970 seconds
[2022-06-13T01:32:20.824+0000][1][safepoint    ] Application time: 0.1365399 seconds
[2022-06-13T01:32:20.824+0000][1][safepoint    ] Entering safepoint region: GenCollectForAllocation
[2022-06-13T01:32:20.826+0000][1][gc,start     ] GC(12) Pause Young (Allocation Failure)
[2022-06-13T01:32:20.826+0000][1][gc,task      ] GC(12) Using 5 workers of 13 for evacuation
[2022-06-13T01:32:20.836+0000][1][gc,age       ] GC(12) Desired survivor size 4456448 bytes, new threshold 5 (max threshold 6)
[2022-06-13T01:32:20.836+0000][1][gc,age       ] GC(12) Age table with threshold 5 (max threshold 6)
[2022-06-13T01:32:20.837+0000][1][gc,age       ] GC(12) - age   1:    3072704 bytes,    3072704 total
[2022-06-13T01:32:20.842+0000][1][gc,age       ] GC(12) - age   2:     345008 bytes,    3417712 total
[2022-06-13T01:32:20.842+0000][1][gc,age       ] GC(12) - age   3:      98600 bytes,    3516312 total
[2022-06-13T01:32:20.843+0000][1][gc,age       ] GC(12) - age   4:     480888 bytes,    3997200 total
[2022-06-13T01:32:20.843+0000][1][gc,age       ] GC(12) - age   5:     513408 bytes,    4510608 total
[2022-06-13T01:32:20.843+0000][1][gc,age       ] GC(12) - age   6:    1129216 bytes,    5639824 total
[2022-06-13T01:32:20.844+0000][1][gc,heap      ] GC(12) ParNew: 76180K->8165K(78656K)
[2022-06-13T01:32:20.844+0000][1][gc,heap      ] GC(12) CMS: 14056K->14056K(174784K)
[2022-06-13T01:32:20.844+0000][1][gc,metaspace ] GC(12) Metaspace: 26344K->26344K(1073152K)
[2022-06-13T01:32:20.845+0000][1][gc           ] GC(12) Pause Young (Allocation Failure) 88M->21M(247M) 19.105ms
[2022-06-13T01:32:20.845+0000][1][gc,cpu       ] GC(12) User=0.05s Sys=0.00s Real=0.02s
[2022-06-13T01:32:20.845+0000][1][safepoint    ] Leaving safepoint region
[2022-06-13T01:32:20.846+0000][1][safepoint    ] Total time for which application threads were stopped: 0.0211584 seconds, Stopping threads took: 0.0009531 seconds
[2022-06-13T01:32:21.823+0000][1][safepoint    ] Application time: 0.9765912 seconds
[2022-06-13T01:32:21.823+0000][1][safepoint    ] Entering safepoint region: Deoptimize
[2022-06-13T01:32:21.824+0000][1][safepoint    ] Leaving safepoint region
[2022-06-13T01:32:21.824+0000][1][safepoint    ] Total time for which application threads were stopped: 0.0015564 seconds, Stopping threads took: 0.0002706 seconds
[2022-06-13T01:32:22.350+0000][1][safepoint    ] Application time: 0.5255708 seconds
[2022-06-13T01:32:22.351+0000][1][safepoint    ] Entering safepoint region: RevokeBias
[2022-06-13T01:32:22.351+0000][1][safepoint    ] Leaving safepoint region
[2022-06-13T01:32:22.351+0000][1][safepoint    ] Total time for which application threads were stopped: 0.0006520 seconds, Stopping threads took: 0.0002823 seconds
[2022-06-13T01:32:22.452+0000][1][safepoint    ] Application time: 0.0971663 seconds
[2022-06-13T01:32:22.466+0000][1][safepoint    ] Entering safepoint region: GenCollectForAllocation
[2022-06-13T01:32:22.467+0000][1][gc,start     ] GC(13) Pause Young (Allocation Failure)
[2022-06-13T01:32:22.467+0000][1][gc,task      ] GC(13) Using 5 workers of 13 for evacuation
[2022-06-13T01:32:22.516+0000][1][gc,age       ] GC(13) Desired survivor size 4456448 bytes, new threshold 1 (max threshold 6)
[2022-06-13T01:32:22.517+0000][1][gc,age       ] GC(13) Age table with threshold 1 (max threshold 6)
[2022-06-13T01:32:22.517+0000][1][gc,age       ] GC(13) - age   1:    5198056 bytes,    5198056 total
[2022-06-13T01:32:22.517+0000][1][gc,age       ] GC(13) - age   2:    2790288 bytes,    7988344 total
[2022-06-13T01:32:22.518+0000][1][gc,age       ] GC(13) - age   3:     344744 bytes,    8333088 total
[2022-06-13T01:32:22.518+0000][1][gc,age       ] GC(13) - age   4:      98600 bytes,    8431688 total
[2022-06-13T01:32:22.518+0000][1][gc,age       ] GC(13) - age   5:     480888 bytes,    8912576 total
[2022-06-13T01:32:22.518+0000][1][gc,heap      ] GC(13) ParNew: 78117K->8704K(78656K)
[2022-06-13T01:32:22.519+0000][1][gc,heap      ] GC(13) CMS: 14056K->26167K(174784K)
[2022-06-13T01:32:22.519+0000][1][gc,metaspace ] GC(13) Metaspace: 27144K->27144K(1075200K)
[2022-06-13T01:32:22.519+0000][1][gc           ] GC(13) Pause Young (Allocation Failure) 90M->34M(247M) 52.033ms
[2022-06-13T01:32:22.519+0000][1][gc,cpu       ] GC(13) User=0.26s Sys=0.00s Real=0.06s
[2022-06-13T01:32:22.519+0000][1][safepoint    ] Leaving safepoint region
[2022-06-13T01:32:22.520+0000][1][safepoint    ] Total time for which application threads were stopped: 0.0605247 seconds, Stopping threads took: 0.0077022 seconds
[2022-06-13T01:32:23.413+0000][1][safepoint    ] Application time: 0.8928426 seconds
[2022-06-13T01:32:23.415+0000][1][safepoint    ] Entering safepoint region: GenCollectForAllocation
[2022-06-13T01:32:23.415+0000][1][gc,start     ] GC(14) Pause Young (Allocation Failure)
[2022-06-13T01:32:23.415+0000][1][gc,task      ] GC(14) Using 5 workers of 13 for evacuation
[2022-06-13T01:32:23.568+0000][1][gc,age       ] GC(14) Desired survivor size 4456448 bytes, new threshold 1 (max threshold 6)
[2022-06-13T01:32:23.572+0000][1][gc,age       ] GC(14) Age table with threshold 1 (max threshold 6)
[2022-06-13T01:32:23.583+0000][1][gc,age       ] GC(14) - age   1:    8432152 bytes,    8432152 total
[2022-06-13T01:32:23.583+0000][1][gc,heap      ] GC(14) ParNew: 78656K->8704K(78656K)
[2022-06-13T01:32:23.584+0000][1][gc,heap      ] GC(14) CMS: 26167K->40141K(174784K)
[2022-06-13T01:32:23.584+0000][1][gc,metaspace ] GC(14) Metaspace: 27177K->27177K(1075200K)
[2022-06-13T01:32:23.585+0000][1][gc           ] GC(14) Pause Young (Allocation Failure) 102M->47M(247M) 169.392ms
[2022-06-13T01:32:23.585+0000][1][gc,cpu       ] GC(14) User=0.43s Sys=0.01s Real=0.17s
[2022-06-13T01:32:23.585+0000][1][safepoint    ] Leaving safepoint region
[2022-06-13T01:32:23.585+0000][1][safepoint    ] Total time for which application threads were stopped: 0.1704407 seconds, Stopping threads took: 0.0003345 seconds
[2022-06-13T01:32:24.068+0000][1][safepoint    ] Application time: 0.4828291 seconds
[2022-06-13T01:32:24.072+0000][1][safepoint    ] Entering safepoint region: RevokeBias
[2022-06-13T01:32:24.072+0000][1][safepoint    ] Leaving safepoint region
[2022-06-13T01:32:24.074+0000][1][safepoint    ] Total time for which application threads were stopped: 0.0018935 seconds, Stopping threads took: 0.0003004 seconds
[2022-06-13T01:32:24.494+0000][1][safepoint    ] Application time: 0.4205600 seconds
[2022-06-13T01:32:24.495+0000][1][safepoint    ] Entering safepoint region: RevokeBias
[2022-06-13T01:32:24.495+0000][1][safepoint    ] Leaving safepoint region
[2022-06-13T01:32:24.496+0000][1][safepoint    ] Total time for which application threads were stopped: 0.0006703 seconds, Stopping threads took: 0.0002709 seconds
[2022-06-13T01:32:24.500+0000][1][safepoint    ] Application time: 0.0046663 seconds
[2022-06-13T01:32:24.511+0000][1][safepoint    ] Entering safepoint region: RevokeBias
[2022-06-13T01:32:24.512+0000][1][safepoint    ] Leaving safepoint region
[2022-06-13T01:32:24.513+0000][1][safepoint    ] Total time for which application threads were stopped: 0.0032791 seconds, Stopping threads took: 0.0028121 seconds
[2022-06-13T01:32:24.799+0000][1][safepoint    ] Application time: 0.2855308 seconds
[2022-06-13T01:32:24.799+0000][1][safepoint    ] Entering safepoint region: GenCollectForAllocation
[2022-06-13T01:32:24.800+0000][1][gc,start     ] GC(15) Pause Young (Allocation Failure)
[2022-06-13T01:32:24.800+0000][1][gc,task      ] GC(15) Using 5 workers of 13 for evacuation
[2022-06-13T01:32:24.826+0000][1][gc,age       ] GC(15) Desired survivor size 4456448 bytes, new threshold 1 (max threshold 6)
[2022-06-13T01:32:24.827+0000][1][gc,age       ] GC(15) Age table with threshold 1 (max threshold 6)
[2022-06-13T01:32:24.828+0000][1][gc,age       ] GC(15) - age   1:    6638016 bytes,    6638016 total
[2022-06-13T01:32:24.828+0000][1][gc,heap      ] GC(15) ParNew: 78656K->8704K(78656K)
[2022-06-13T01:32:24.829+0000][1][gc,heap      ] GC(15) CMS: 40141K->49470K(174784K)
[2022-06-13T01:32:24.829+0000][1][gc,metaspace ] GC(15) Metaspace: 32174K->32174K(1079296K)
[2022-06-13T01:32:24.830+0000][1][gc           ] GC(15) Pause Young (Allocation Failure) 116M->56M(247M) 30.388ms
[2022-06-13T01:32:24.831+0000][1][gc,cpu       ] GC(15) User=0.12s Sys=0.00s Real=0.03s
[2022-06-13T01:32:24.831+0000][1][safepoint    ] Leaving safepoint region
[2022-06-13T01:32:24.833+0000][1][safepoint    ] Total time for which application threads were stopped: 0.0341832 seconds, Stopping threads took: 0.0002908 seconds
[2022-06-13T01:32:24.882+0000][1][safepoint    ] Application time: 0.0486665 seconds
[2022-06-13T01:32:24.883+0000][1][safepoint    ] Entering safepoint region: RevokeBias
[2022-06-13T01:32:24.883+0000][1][safepoint    ] Leaving safepoint region
[2022-06-13T01:32:24.884+0000][1][safepoint    ] Total time for which application threads were stopped: 0.0006564 seconds, Stopping threads took: 0.0003122 seconds
[2022-06-13T01:32:25.039+0000][1][safepoint    ] Application time: 0.1554680 seconds
[2022-06-13T01:32:25.040+0000][1][safepoint    ] Entering safepoint region: GenCollectForAllocation
[2022-06-13T01:32:25.041+0000][1][gc,start     ] GC(16) Pause Young (Allocation Failure)
[2022-06-13T01:32:25.041+0000][1][gc,task      ] GC(16) Using 5 workers of 13 for evacuation
[2022-06-13T01:32:25.067+0000][1][gc,age       ] GC(16) Desired survivor size 4456448 bytes, new threshold 6 (max threshold 6)
[2022-06-13T01:32:25.068+0000][1][gc,age       ] GC(16) Age table with threshold 6 (max threshold 6)
[2022-06-13T01:32:25.068+0000][1][gc,age       ] GC(16) - age   1:     344712 bytes,     344712 total
[2022-06-13T01:32:25.068+0000][1][gc,heap      ] GC(16) ParNew: 78656K->6894K(78656K)
[2022-06-13T01:32:25.069+0000][1][gc,heap      ] GC(16) CMS: 49470K->56005K(174784K)
[2022-06-13T01:32:25.069+0000][1][gc,metaspace ] GC(16) Metaspace: 32911K->32911K(1079296K)
[2022-06-13T01:32:25.069+0000][1][gc           ] GC(16) Pause Young (Allocation Failure) 125M->61M(247M) 28.581ms
[2022-06-13T01:32:25.070+0000][1][gc,cpu       ] GC(16) User=0.07s Sys=0.00s Real=0.03s
[2022-06-13T01:32:25.070+0000][1][safepoint    ] Leaving safepoint region
[2022-06-13T01:32:25.070+0000][1][safepoint    ] Total time for which application threads were stopped: 0.0302378 seconds, Stopping threads took: 0.0007610 seconds
[2022-06-13T01:32:25.376+0000][1][safepoint    ] Application time: 0.3054117 seconds
[2022-06-13T01:32:25.379+0000][1][safepoint    ] Entering safepoint region: CollectForMetadataAllocation
[2022-06-13T01:32:25.381+0000][1][safepoint    ] Leaving safepoint region
[2022-06-13T01:32:25.381+0000][1][safepoint    ] Total time for which application threads were stopped: 0.0018803 seconds, Stopping threads took: 0.0003706 seconds
[2022-06-13T01:32:25.434+0000][1][safepoint    ] Application time: 0.0525150 seconds
[2022-06-13T01:32:25.435+0000][1][safepoint    ] Entering safepoint region: CollectForMetadataAllocation
[2022-06-13T01:32:25.436+0000][1][safepoint    ] Leaving safepoint region
[2022-06-13T01:32:25.436+0000][1][safepoint    ] Total time for which application threads were stopped: 0.0014987 seconds, Stopping threads took: 0.0003296 seconds
[2022-06-13T01:32:25.530+0000][1][safepoint    ] Application time: 0.0938382 seconds
[2022-06-13T01:32:25.531+0000][1][safepoint    ] Entering safepoint region: CollectForMetadataAllocation
[2022-06-13T01:32:25.531+0000][1][safepoint    ] Leaving safepoint region
[2022-06-13T01:32:25.532+0000][1][safepoint    ] Total time for which application threads were stopped: 0.0008665 seconds, Stopping threads took: 0.0002408 seconds
[2022-06-13T01:32:25.559+0000][1][safepoint    ] Application time: 0.0266911 seconds
[2022-06-13T01:32:25.559+0000][1][safepoint    ] Entering safepoint region: CollectForMetadataAllocation
[2022-06-13T01:32:25.559+0000][1][safepoint    ] Leaving safepoint region
[2022-06-13T01:32:25.560+0000][1][safepoint    ] Total time for which application threads were stopped: 0.0007824 seconds, Stopping threads took: 0.0002492 seconds
[2022-06-13T01:32:25.591+0000][1][safepoint    ] Application time: 0.0311207 seconds
[2022-06-13T01:32:25.592+0000][1][safepoint    ] Entering safepoint region: CollectForMetadataAllocation
[2022-06-13T01:32:25.594+0000][1][safepoint    ] Leaving safepoint region
[2022-06-13T01:32:25.594+0000][1][safepoint    ] Total time for which application threads were stopped: 0.0022597 seconds, Stopping threads took: 0.0008537 seconds
[2022-06-13T01:32:25.630+0000][1][safepoint    ] Application time: 0.0353015 seconds
[2022-06-13T01:32:25.631+0000][1][safepoint    ] Entering safepoint region: CollectForMetadataAllocation
[2022-06-13T01:32:25.632+0000][1][safepoint    ] Leaving safepoint region
[2022-06-13T01:32:25.634+0000][1][safepoint    ] Total time for which application threads were stopped: 0.0032031 seconds, Stopping threads took: 0.0009437 seconds
[2022-06-13T01:32:25.658+0000][1][safepoint    ] Application time: 0.0234053 seconds
[2022-06-13T01:32:25.658+0000][1][safepoint    ] Entering safepoint region: CollectForMetadataAllocation
[2022-06-13T01:32:25.659+0000][1][safepoint    ] Leaving safepoint region
[2022-06-13T01:32:25.659+0000][1][safepoint    ] Total time for which application threads were stopped: 0.0011674 seconds, Stopping threads took: 0.0006083 seconds
[2022-06-13T01:32:25.714+0000][1][safepoint    ] Application time: 0.0546810 seconds
[2022-06-13T01:32:25.715+0000][1][safepoint    ] Entering safepoint region: CollectForMetadataAllocation
[2022-06-13T01:32:25.716+0000][1][safepoint    ] Leaving safepoint region
[2022-06-13T01:32:25.717+0000][1][safepoint    ] Total time for which application threads were stopped: 0.0023029 seconds, Stopping threads took: 0.0003299 seconds
[2022-06-13T01:32:25.794+0000][1][safepoint    ] Application time: 0.0759633 seconds
[2022-06-13T01:32:25.797+0000][1][safepoint    ] Entering safepoint region: CollectForMetadataAllocation
[2022-06-13T01:32:25.798+0000][1][safepoint    ] Leaving safepoint region
[2022-06-13T01:32:25.798+0000][1][safepoint    ] Total time for which application threads were stopped: 0.0011208 seconds, Stopping threads took: 0.0006634 seconds
[2022-06-13T01:32:25.851+0000][1][safepoint    ] Application time: 0.0519449 seconds
[2022-06-13T01:32:25.851+0000][1][safepoint    ] Entering safepoint region: CollectForMetadataAllocation
[2022-06-13T01:32:25.852+0000][1][safepoint    ] Leaving safepoint region
[2022-06-13T01:32:25.852+0000][1][safepoint    ] Total time for which application threads were stopped: 0.0012276 seconds, Stopping threads took: 0.0003013 seconds
[2022-06-13T01:32:25.863+0000][1][safepoint    ] Application time: 0.0103467 seconds
[2022-06-13T01:32:25.863+0000][1][safepoint    ] Entering safepoint region: RevokeBias
[2022-06-13T01:32:25.864+0000][1][safepoint    ] Leaving safepoint region
[2022-06-13T01:32:25.864+0000][1][safepoint    ] Total time for which application threads were stopped: 0.0007018 seconds, Stopping threads took: 0.0003095 seconds
[2022-06-13T01:32:25.878+0000][1][safepoint    ] Application time: 0.0130632 seconds
[2022-06-13T01:32:25.878+0000][1][safepoint    ] Entering safepoint region: CollectForMetadataAllocation
[2022-06-13T01:32:25.879+0000][1][safepoint    ] Leaving safepoint region
[2022-06-13T01:32:25.879+0000][1][safepoint    ] Total time for which application threads were stopped: 0.0008273 seconds, Stopping threads took: 0.0002999 seconds
[2022-06-13T01:32:25.880+0000][1][safepoint    ] Application time: 0.0013663 seconds
[2022-06-13T01:32:25.881+0000][1][safepoint    ] Entering safepoint region: CollectForMetadataAllocation
[2022-06-13T01:32:25.882+0000][1][safepoint    ] Leaving safepoint region
[2022-06-13T01:32:25.882+0000][1][safepoint    ] Total time for which application threads were stopped: 0.0008168 seconds, Stopping threads took: 0.0005158 seconds
[2022-06-13T01:32:25.933+0000][1][safepoint    ] Application time: 0.0505074 seconds
[2022-06-13T01:32:25.933+0000][1][safepoint    ] Entering safepoint region: CollectForMetadataAllocation
[2022-06-13T01:32:25.934+0000][1][safepoint    ] Leaving safepoint region
[2022-06-13T01:32:25.934+0000][1][safepoint    ] Total time for which application threads were stopped: 0.0010299 seconds, Stopping threads took: 0.0004882 seconds
[2022-06-13T01:32:25.965+0000][1][safepoint    ] Application time: 0.0305829 seconds
[2022-06-13T01:32:25.966+0000][1][safepoint    ] Entering safepoint region: CollectForMetadataAllocation
[2022-06-13T01:32:25.966+0000][1][safepoint    ] Leaving safepoint region
[2022-06-13T01:32:25.967+0000][1][safepoint    ] Total time for which application threads were stopped: 0.0010016 seconds, Stopping threads took: 0.0003418 seconds
[2022-06-13T01:32:26.011+0000][1][safepoint    ] Application time: 0.0440340 seconds
[2022-06-13T01:32:26.012+0000][1][safepoint    ] Entering safepoint region: CollectForMetadataAllocation
[2022-06-13T01:32:26.012+0000][1][safepoint    ] Leaving safepoint region
[2022-06-13T01:32:26.013+0000][1][safepoint    ] Total time for which application threads were stopped: 0.0009830 seconds, Stopping threads took: 0.0003004 seconds
[2022-06-13T01:32:26.039+0000][1][safepoint    ] Application time: 0.0264921 seconds
[2022-06-13T01:32:26.040+0000][1][safepoint    ] Entering safepoint region: CollectForMetadataAllocation
[2022-06-13T01:32:26.040+0000][1][safepoint    ] Leaving safepoint region
[2022-06-13T01:32:26.041+0000][1][safepoint    ] Total time for which application threads were stopped: 0.0006918 seconds, Stopping threads took: 0.0003027 seconds
[2022-06-13T01:32:26.089+0000][1][safepoint    ] Application time: 0.0482680 seconds
[2022-06-13T01:32:26.091+0000][1][safepoint    ] Entering safepoint region: CollectForMetadataAllocation
[2022-06-13T01:32:26.092+0000][1][safepoint    ] Leaving safepoint region
[2022-06-13T01:32:26.092+0000][1][safepoint    ] Total time for which application threads were stopped: 0.0014349 seconds, Stopping threads took: 0.0009387 seconds
[2022-06-13T01:32:26.147+0000][1][safepoint    ] Application time: 0.0547364 seconds
[2022-06-13T01:32:26.148+0000][1][safepoint    ] Entering safepoint region: CollectForMetadataAllocation
[2022-06-13T01:32:26.148+0000][1][safepoint    ] Leaving safepoint region
[2022-06-13T01:32:26.149+0000][1][safepoint    ] Total time for which application threads were stopped: 0.0007602 seconds, Stopping threads took: 0.0003322 seconds
[2022-06-13T01:32:26.173+0000][1][safepoint    ] Application time: 0.0237822 seconds
[2022-06-13T01:32:26.173+0000][1][safepoint    ] Entering safepoint region: CollectForMetadataAllocation
[2022-06-13T01:32:26.174+0000][1][safepoint    ] Leaving safepoint region
[2022-06-13T01:32:26.174+0000][1][safepoint    ] Total time for which application threads were stopped: 0.0007596 seconds, Stopping threads took: 0.0003006 seconds
[2022-06-13T01:32:26.205+0000][1][safepoint    ] Application time: 0.0312643 seconds
[2022-06-13T01:32:26.206+0000][1][safepoint    ] Entering safepoint region: CollectForMetadataAllocation
[2022-06-13T01:32:26.206+0000][1][safepoint    ] Leaving safepoint region
[2022-06-13T01:32:26.207+0000][1][safepoint    ] Total time for which application threads were stopped: 0.0010727 seconds, Stopping threads took: 0.0002829 seconds
[2022-06-13T01:32:26.231+0000][1][safepoint    ] Application time: 0.0234150 seconds
[2022-06-13T01:32:26.231+0000][1][safepoint    ] Entering safepoint region: CollectForMetadataAllocation
[2022-06-13T01:32:26.231+0000][1][safepoint    ] Leaving safepoint region
[2022-06-13T01:32:26.232+0000][1][safepoint    ] Total time for which application threads were stopped: 0.0007290 seconds, Stopping threads took: 0.0003248 seconds
[2022-06-13T01:32:26.269+0000][1][safepoint    ] Application time: 0.0368682 seconds
[2022-06-13T01:32:26.269+0000][1][safepoint    ] Entering safepoint region: CollectForMetadataAllocation
[2022-06-13T01:32:26.270+0000][1][safepoint    ] Leaving safepoint region
[2022-06-13T01:32:26.270+0000][1][safepoint    ] Total time for which application threads were stopped: 0.0007398 seconds, Stopping threads took: 0.0003507 seconds
[2022-06-13T01:32:26.295+0000][1][safepoint    ] Application time: 0.0247897 seconds
[2022-06-13T01:32:26.296+0000][1][safepoint    ] Entering safepoint region: CollectForMetadataAllocation
[2022-06-13T01:32:26.296+0000][1][safepoint    ] Leaving safepoint region
[2022-06-13T01:32:26.296+0000][1][safepoint    ] Total time for which application threads were stopped: 0.0006853 seconds, Stopping threads took: 0.0003042 seconds
[2022-06-13T01:32:26.336+0000][1][safepoint    ] Application time: 0.0399116 seconds
[2022-06-13T01:32:26.337+0000][1][safepoint    ] Entering safepoint region: CollectForMetadataAllocation
[2022-06-13T01:32:26.337+0000][1][safepoint    ] Leaving safepoint region
[2022-06-13T01:32:26.337+0000][1][safepoint    ] Total time for which application threads were stopped: 0.0007452 seconds, Stopping threads took: 0.0002711 seconds
[2022-06-13T01:32:26.371+0000][1][safepoint    ] Application time: 0.0334367 seconds
[2022-06-13T01:32:26.371+0000][1][safepoint    ] Entering safepoint region: CollectForMetadataAllocation
[2022-06-13T01:32:26.372+0000][1][safepoint    ] Leaving safepoint region
[2022-06-13T01:32:26.372+0000][1][safepoint    ] Total time for which application threads were stopped: 0.0006508 seconds, Stopping threads took: 0.0002053 seconds
[2022-06-13T01:32:26.408+0000][1][safepoint    ] Application time: 0.0357196 seconds
[2022-06-13T01:32:26.408+0000][1][safepoint    ] Entering safepoint region: CollectForMetadataAllocation
[2022-06-13T01:32:26.409+0000][1][safepoint    ] Leaving safepoint region
[2022-06-13T01:32:26.409+0000][1][safepoint    ] Total time for which application threads were stopped: 0.0005632 seconds, Stopping threads took: 0.0002332 seconds
[2022-06-13T01:32:26.433+0000][1][safepoint    ] Application time: 0.0243868 seconds
[2022-06-13T01:32:26.434+0000][1][safepoint    ] Entering safepoint region: CollectForMetadataAllocation
[2022-06-13T01:32:26.434+0000][1][safepoint    ] Leaving safepoint region
[2022-06-13T01:32:26.435+0000][1][safepoint    ] Total time for which application threads were stopped: 0.0007765 seconds, Stopping threads took: 0.0002943 seconds
[2022-06-13T01:32:26.459+0000][1][safepoint    ] Application time: 0.0240521 seconds
[2022-06-13T01:32:26.459+0000][1][safepoint    ] Entering safepoint region: CollectForMetadataAllocation
[2022-06-13T01:32:26.460+0000][1][safepoint    ] Leaving safepoint region
[2022-06-13T01:32:26.460+0000][1][safepoint    ] Total time for which application threads were stopped: 0.0006900 seconds, Stopping threads took: 0.0002788 seconds
[2022-06-13T01:32:26.471+0000][1][safepoint    ] Application time: 0.0111548 seconds
[2022-06-13T01:32:26.472+0000][1][safepoint    ] Entering safepoint region: RevokeBias
[2022-06-13T01:32:26.472+0000][1][safepoint    ] Leaving safepoint region
[2022-06-13T01:32:26.472+0000][1][safepoint    ] Total time for which application threads were stopped: 0.0006896 seconds, Stopping threads took: 0.0003680 seconds
[2022-06-13T01:32:26.473+0000][1][safepoint    ] Application time: 0.0004012 seconds
[2022-06-13T01:32:26.474+0000][1][safepoint    ] Entering safepoint region: RevokeBias
[2022-06-13T01:32:26.474+0000][1][safepoint    ] Leaving safepoint region
[2022-06-13T01:32:26.474+0000][1][safepoint    ] Total time for which application threads were stopped: 0.0008940 seconds, Stopping threads took: 0.0005011 seconds
[2022-06-13T01:32:26.500+0000][1][safepoint    ] Application time: 0.0248080 seconds
[2022-06-13T01:32:26.500+0000][1][safepoint    ] Entering safepoint region: CollectForMetadataAllocation
[2022-06-13T01:32:26.500+0000][1][safepoint    ] Leaving safepoint region
[2022-06-13T01:32:26.501+0000][1][safepoint    ] Total time for which application threads were stopped: 0.0006993 seconds, Stopping threads took: 0.0002919 seconds
[2022-06-13T01:32:27.072+0000][1][safepoint    ] Application time: 0.5713199 seconds
[2022-06-13T01:32:27.073+0000][1][safepoint    ] Entering safepoint region: CMS_Initial_Mark
[2022-06-13T01:32:27.073+0000][1][gc,start     ] GC(17) Pause Initial Mark
[2022-06-13T01:32:27.079+0000][1][gc           ] GC(17) Pause Initial Mark 126M->126M(247M) 6.180ms
[2022-06-13T01:32:27.079+0000][1][gc,cpu       ] GC(17) User=0.02s Sys=0.00s Real=0.01s
[2022-06-13T01:32:27.080+0000][1][safepoint    ] Leaving safepoint region
[2022-06-13T01:32:27.080+0000][1][safepoint    ] Total time for which application threads were stopped: 0.0071542 seconds, Stopping threads took: 0.0002527 seconds
[2022-06-13T01:32:27.080+0000][1][gc           ] GC(17) Concurrent Mark
[2022-06-13T01:32:27.080+0000][1][gc,task      ] GC(17) Using 4 workers of 4 for marking
[2022-06-13T01:32:27.111+0000][1][gc           ] GC(17) Concurrent Mark 30.778ms
[2022-06-13T01:32:27.111+0000][1][gc,cpu       ] GC(17) User=0.15s Sys=0.00s Real=0.03s
[2022-06-13T01:32:27.112+0000][1][gc           ] GC(17) Concurrent Preclean
[2022-06-13T01:32:27.115+0000][1][gc           ] GC(17) Concurrent Preclean 3.413ms
[2022-06-13T01:32:27.115+0000][1][gc,cpu       ] GC(17) User=0.00s Sys=0.00s Real=0.00s
[2022-06-13T01:32:27.115+0000][1][gc           ] GC(17) Concurrent Abortable Preclean
[2022-06-13T01:32:27.198+0000][1][safepoint    ] Application time: 0.1182476 seconds
[2022-06-13T01:32:27.199+0000][1][safepoint    ] Entering safepoint region: CollectForMetadataAllocation
[2022-06-13T01:32:27.200+0000][1][safepoint    ] Leaving safepoint region
[2022-06-13T01:32:27.200+0000][1][safepoint    ] Total time for which application threads were stopped: 0.0015751 seconds, Stopping threads took: 0.0002830 seconds
[2022-06-13T01:32:27.213+0000][1][safepoint    ] Application time: 0.0125444 seconds
[2022-06-13T01:32:27.213+0000][1][safepoint    ] Entering safepoint region: GenCollectForAllocation
[2022-06-13T01:32:27.214+0000][1][gc,start     ] GC(18) Pause Young (Allocation Failure)
[2022-06-13T01:32:27.214+0000][1][gc,task      ] GC(18) Using 5 workers of 13 for evacuation
[2022-06-13T01:32:27.221+0000][1][gc,age       ] GC(18) Desired survivor size 4456448 bytes, new threshold 6 (max threshold 6)
[2022-06-13T01:32:27.222+0000][1][gc,age       ] GC(18) Age table with threshold 6 (max threshold 6)
[2022-06-13T01:32:27.222+0000][1][gc,age       ] GC(18) - age   1:    3946424 bytes,    3946424 total
[2022-06-13T01:32:27.223+0000][1][gc,age       ] GC(18) - age   2:     305216 bytes,    4251640 total
[2022-06-13T01:32:27.223+0000][1][gc,heap      ] GC(18) ParNew: 76846K->5002K(78656K)
[2022-06-13T01:32:27.224+0000][1][gc,heap      ] GC(18) CMS: 56005K->56005K(174784K)
[2022-06-13T01:32:27.224+0000][1][gc,metaspace ] GC(18) Metaspace: 42257K->42257K(1087488K)
[2022-06-13T01:32:27.225+0000][1][gc           ] GC(18) Pause Young (Allocation Failure) 129M->59M(247M) 11.203ms
[2022-06-13T01:32:27.226+0000][1][gc,cpu       ] GC(18) User=0.03s Sys=0.00s Real=0.01s
[2022-06-13T01:32:27.226+0000][1][safepoint    ] Leaving safepoint region
[2022-06-13T01:32:27.227+0000][1][safepoint    ] Total time for which application threads were stopped: 0.0132628 seconds, Stopping threads took: 0.0004259 seconds
[2022-06-13T01:32:27.247+0000][1][safepoint    ] Application time: 0.0200334 seconds
[2022-06-13T01:32:27.248+0000][1][safepoint    ] Entering safepoint region: CollectForMetadataAllocation
[2022-06-13T01:32:27.249+0000][1][safepoint    ] Leaving safepoint region
[2022-06-13T01:32:27.250+0000][1][safepoint    ] Total time for which application threads were stopped: 0.0012123 seconds, Stopping threads took: 0.0005098 seconds
[2022-06-13T01:32:27.287+0000][1][safepoint    ] Application time: 0.0368123 seconds
[2022-06-13T01:32:27.287+0000][1][safepoint    ] Entering safepoint region: CollectForMetadataAllocation
[2022-06-13T01:32:27.288+0000][1][safepoint    ] Leaving safepoint region
[2022-06-13T01:32:27.288+0000][1][safepoint    ] Total time for which application threads were stopped: 0.0010788 seconds, Stopping threads took: 0.0003959 seconds
[2022-06-13T01:32:27.289+0000][1][safepoint    ] Application time: 0.0002153 seconds
[2022-06-13T01:32:27.290+0000][1][safepoint    ] Entering safepoint region: CollectForMetadataAllocation
[2022-06-13T01:32:27.290+0000][1][safepoint    ] Leaving safepoint region
[2022-06-13T01:32:27.291+0000][1][safepoint    ] Total time for which application threads were stopped: 0.0012061 seconds, Stopping threads took: 0.0007825 seconds
[2022-06-13T01:32:27.508+0000][1][safepoint    ] Application time: 0.2172384 seconds
[2022-06-13T01:32:27.509+0000][1][safepoint    ] Entering safepoint region: CollectForMetadataAllocation
[2022-06-13T01:32:27.509+0000][1][safepoint    ] Leaving safepoint region
[2022-06-13T01:32:27.510+0000][1][safepoint    ] Total time for which application threads were stopped: 0.0008277 seconds, Stopping threads took: 0.0003102 seconds
[2022-06-13T01:32:27.543+0000][1][safepoint    ] Application time: 0.0326965 seconds
[2022-06-13T01:32:27.543+0000][1][safepoint    ] Entering safepoint region: CollectForMetadataAllocation
[2022-06-13T01:32:27.544+0000][1][safepoint    ] Leaving safepoint region
[2022-06-13T01:32:27.544+0000][1][safepoint    ] Total time for which application threads were stopped: 0.0008942 seconds, Stopping threads took: 0.0002792 seconds
[2022-06-13T01:32:27.565+0000][1][safepoint    ] Application time: 0.0208061 seconds
[2022-06-13T01:32:27.565+0000][1][safepoint    ] Entering safepoint region: CollectForMetadataAllocation
[2022-06-13T01:32:27.566+0000][1][safepoint    ] Leaving safepoint region
[2022-06-13T01:32:27.566+0000][1][safepoint    ] Total time for which application threads were stopped: 0.0005649 seconds, Stopping threads took: 0.0001638 seconds
[2022-06-13T01:32:27.609+0000][1][gc           ] GC(17) Concurrent Abortable Preclean 493.931ms
[2022-06-13T01:32:27.610+0000][1][gc,cpu       ] GC(17) User=2.14s Sys=0.06s Real=0.50s
[2022-06-13T01:32:27.610+0000][1][safepoint    ] Application time: 0.0438638 seconds
[2022-06-13T01:32:27.610+0000][1][safepoint    ] Entering safepoint region: CMS_Final_Remark
[2022-06-13T01:32:27.611+0000][1][gc,start     ] GC(17) Pause Remark
[2022-06-13T01:32:27.630+0000][1][gc           ] GC(17) Pause Remark 93M->93M(247M) 19.060ms
[2022-06-13T01:32:27.630+0000][1][gc,cpu       ] GC(17) User=0.06s Sys=0.00s Real=0.02s
[2022-06-13T01:32:27.630+0000][1][safepoint    ] Leaving safepoint region
[2022-06-13T01:32:27.631+0000][1][safepoint    ] Total time for which application threads were stopped: 0.0203279 seconds, Stopping threads took: 0.0002069 seconds
[2022-06-13T01:32:27.631+0000][1][gc           ] GC(17) Concurrent Sweep
[2022-06-13T01:32:27.641+0000][1][safepoint    ] Application time: 0.0100792 seconds
[2022-06-13T01:32:27.641+0000][1][safepoint    ] Entering safepoint region: CollectForMetadataAllocation
[2022-06-13T01:32:27.643+0000][1][safepoint    ] Leaving safepoint region
[2022-06-13T01:32:27.643+0000][1][safepoint    ] Total time for which application threads were stopped: 0.0017805 seconds, Stopping threads took: 0.0005632 seconds
[2022-06-13T01:32:27.645+0000][1][safepoint    ] Application time: 0.0017086 seconds
[2022-06-13T01:32:27.645+0000][1][safepoint    ] Entering safepoint region: CollectForMetadataAllocation
[2022-06-13T01:32:27.646+0000][1][safepoint    ] Leaving safepoint region
[2022-06-13T01:32:27.646+0000][1][safepoint    ] Total time for which application threads were stopped: 0.0012520 seconds, Stopping threads took: 0.0002217 seconds
[2022-06-13T01:32:27.667+0000][1][gc           ] GC(17) Concurrent Sweep 35.744ms
[2022-06-13T01:32:27.667+0000][1][gc,cpu       ] GC(17) User=0.10s Sys=0.00s Real=0.03s
[2022-06-13T01:32:27.667+0000][1][gc           ] GC(17) Concurrent Reset
[2022-06-13T01:32:27.668+0000][1][gc           ] GC(17) Concurrent Reset 0.626ms
[2022-06-13T01:32:27.668+0000][1][gc,cpu       ] GC(17) User=0.00s Sys=0.00s Real=0.00s
[2022-06-13T01:32:27.668+0000][1][gc,heap      ] GC(17) Old: 56005K->55790K(174784K)
[2022-06-13T01:32:27.682+0000][1][safepoint    ] Application time: 0.0349244 seconds
[2022-06-13T01:32:27.682+0000][1][safepoint    ] Entering safepoint region: RevokeBias
[2022-06-13T01:32:27.682+0000][1][safepoint    ] Leaving safepoint region
[2022-06-13T01:32:27.682+0000][1][safepoint    ] Total time for which application threads were stopped: 0.0005412 seconds, Stopping threads took: 0.0002801 seconds
[2022-06-13T01:32:27.685+0000][1][safepoint    ] Application time: 0.0022150 seconds
[2022-06-13T01:32:27.685+0000][1][safepoint    ] Entering safepoint region: RevokeBias
[2022-06-13T01:32:27.685+0000][1][safepoint    ] Leaving safepoint region
[2022-06-13T01:32:27.686+0000][1][safepoint    ] Total time for which application threads were stopped: 0.0005577 seconds, Stopping threads took: 0.0002471 seconds
[2022-06-13T01:32:27.756+0000][1][safepoint    ] Application time: 0.0701019 seconds
[2022-06-13T01:32:27.756+0000][1][safepoint    ] Entering safepoint region: RevokeBias
[2022-06-13T01:32:27.757+0000][1][safepoint    ] Leaving safepoint region
[2022-06-13T01:32:27.757+0000][1][safepoint    ] Total time for which application threads were stopped: 0.0005562 seconds, Stopping threads took: 0.0002512 seconds
[2022-06-13T01:32:27.790+0000][1][safepoint    ] Application time: 0.0333001 seconds
[2022-06-13T01:32:27.791+0000][1][safepoint    ] Entering safepoint region: RevokeBias
[2022-06-13T01:32:27.791+0000][1][safepoint    ] Leaving safepoint region
[2022-06-13T01:32:27.791+0000][1][safepoint    ] Total time for which application threads were stopped: 0.0006216 seconds, Stopping threads took: 0.0003167 seconds
[2022-06-13T01:32:27.798+0000][1][safepoint    ] Application time: 0.0056607 seconds
[2022-06-13T01:32:27.798+0000][1][safepoint    ] Entering safepoint region: RevokeBias
[2022-06-13T01:32:27.798+0000][1][safepoint    ] Leaving safepoint region
[2022-06-13T01:32:27.798+0000][1][safepoint    ] Total time for which application threads were stopped: 0.0004747 seconds, Stopping threads took: 0.0002177 seconds
[2022-06-13T01:32:28.219+0000][1][safepoint    ] Application time: 0.4207987 seconds
[2022-06-13T01:32:28.220+0000][1][safepoint    ] Entering safepoint region: RevokeBias
[2022-06-13T01:32:28.221+0000][1][safepoint    ] Leaving safepoint region
[2022-06-13T01:32:28.221+0000][1][safepoint    ] Total time for which application threads were stopped: 0.0012145 seconds, Stopping threads took: 0.0002680 seconds
[2022-06-13T01:32:28.229+0000][1][safepoint    ] Application time: 0.0079389 seconds
[2022-06-13T01:32:28.231+0000][1][safepoint    ] Entering safepoint region: RevokeBias
[2022-06-13T01:32:28.235+0000][1][safepoint    ] Leaving safepoint region
[2022-06-13T01:32:28.237+0000][1][safepoint    ] Total time for which application threads were stopped: 0.0055256 seconds, Stopping threads took: 0.0038856 seconds
[2022-06-13T01:32:28.241+0000][1][safepoint    ] Application time: 0.0038340 seconds
[2022-06-13T01:32:28.247+0000][1][safepoint    ] Entering safepoint region: RevokeBias
[2022-06-13T01:32:28.249+0000][1][safepoint    ] Leaving safepoint region
[2022-06-13T01:32:28.250+0000][1][safepoint    ] Total time for which application threads were stopped: 0.0022196 seconds, Stopping threads took: 0.0016323 seconds
[2022-06-13T01:32:28.250+0000][1][safepoint    ] Application time: 0.0005593 seconds
[2022-06-13T01:32:28.251+0000][1][safepoint    ] Entering safepoint region: RevokeBias
[2022-06-13T01:32:28.251+0000][1][safepoint    ] Leaving safepoint region
[2022-06-13T01:32:28.252+0000][1][safepoint    ] Total time for which application threads were stopped: 0.0011233 seconds, Stopping threads took: 0.0003992 seconds
[2022-06-13T01:32:28.253+0000][1][safepoint    ] Application time: 0.0009097 seconds
[2022-06-13T01:32:28.254+0000][1][safepoint    ] Entering safepoint region: RevokeBias
[2022-06-13T01:32:28.254+0000][1][safepoint    ] Leaving safepoint region
[2022-06-13T01:32:28.254+0000][1][safepoint    ] Total time for which application threads were stopped: 0.0006669 seconds, Stopping threads took: 0.0003143 seconds
[2022-06-13T01:32:28.255+0000][1][safepoint    ] Application time: 0.0002954 seconds
[2022-06-13T01:32:28.255+0000][1][safepoint    ] Entering safepoint region: RevokeBias
[2022-06-13T01:32:28.256+0000][1][safepoint    ] Leaving safepoint region
[2022-06-13T01:32:28.256+0000][1][safepoint    ] Total time for which application threads were stopped: 0.0008275 seconds, Stopping threads took: 0.0003963 seconds
[2022-06-13T01:32:28.257+0000][1][safepoint    ] Application time: 0.0005627 seconds
[2022-06-13T01:32:28.257+0000][1][safepoint    ] Entering safepoint region: RevokeBias
[2022-06-13T01:32:28.258+0000][1][safepoint    ] Leaving safepoint region
[2022-06-13T01:32:28.259+0000][1][safepoint    ] Total time for which application threads were stopped: 0.0015459 seconds, Stopping threads took: 0.0004391 seconds
[2022-06-13T01:32:28.259+0000][1][safepoint    ] Application time: 0.0000766 seconds
[2022-06-13T01:32:28.260+0000][1][safepoint    ] Entering safepoint region: RevokeBias
[2022-06-13T01:32:28.260+0000][1][safepoint    ] Leaving safepoint region
[2022-06-13T01:32:28.261+0000][1][safepoint    ] Total time for which application threads were stopped: 0.0008592 seconds, Stopping threads took: 0.0003168 seconds
[2022-06-13T01:32:28.261+0000][1][safepoint    ] Application time: 0.0000400 seconds
[2022-06-13T01:32:28.261+0000][1][safepoint    ] Entering safepoint region: RevokeBias
[2022-06-13T01:32:28.262+0000][1][safepoint    ] Leaving safepoint region
[2022-06-13T01:32:28.262+0000][1][safepoint    ] Total time for which application threads were stopped: 0.0007334 seconds, Stopping threads took: 0.0003010 seconds
[2022-06-13T01:32:28.262+0000][1][safepoint    ] Application time: 0.0000381 seconds
[2022-06-13T01:32:28.263+0000][1][safepoint    ] Entering safepoint region: RevokeBias
[2022-06-13T01:32:28.263+0000][1][safepoint    ] Leaving safepoint region
[2022-06-13T01:32:28.264+0000][1][safepoint    ] Total time for which application threads were stopped: 0.0008508 seconds, Stopping threads took: 0.0003021 seconds
[2022-06-13T01:32:28.264+0000][1][safepoint    ] Application time: 0.0000300 seconds
[2022-06-13T01:32:28.264+0000][1][safepoint    ] Entering safepoint region: RevokeBias
[2022-06-13T01:32:28.264+0000][1][safepoint    ] Leaving safepoint region
[2022-06-13T01:32:28.265+0000][1][safepoint    ] Total time for which application threads were stopped: 0.0006630 seconds, Stopping threads took: 0.0002901 seconds
[2022-06-13T01:32:28.265+0000][1][safepoint    ] Application time: 0.0000561 seconds
[2022-06-13T01:32:28.265+0000][1][safepoint    ] Entering safepoint region: RevokeBias
[2022-06-13T01:32:28.266+0000][1][safepoint    ] Leaving safepoint region
[2022-06-13T01:32:28.266+0000][1][safepoint    ] Total time for which application threads were stopped: 0.0006351 seconds, Stopping threads took: 0.0002776 seconds
[2022-06-13T01:32:28.266+0000][1][safepoint    ] Application time: 0.0000495 seconds
[2022-06-13T01:32:28.267+0000][1][safepoint    ] Entering safepoint region: RevokeBias
[2022-06-13T01:32:28.267+0000][1][safepoint    ] Leaving safepoint region
[2022-06-13T01:32:28.267+0000][1][safepoint    ] Total time for which application threads were stopped: 0.0005898 seconds, Stopping threads took: 0.0002552 seconds
[2022-06-13T01:32:28.267+0000][1][safepoint    ] Application time: 0.0000515 seconds
[2022-06-13T01:32:28.268+0000][1][safepoint    ] Entering safepoint region: RevokeBias
[2022-06-13T01:32:28.268+0000][1][safepoint    ] Leaving safepoint region
[2022-06-13T01:32:28.268+0000][1][safepoint    ] Total time for which application threads were stopped: 0.0005532 seconds, Stopping threads took: 0.0002363 seconds
[2022-06-13T01:32:28.268+0000][1][safepoint    ] Application time: 0.0000496 seconds
[2022-06-13T01:32:28.269+0000][1][safepoint    ] Entering safepoint region: RevokeBias
[2022-06-13T01:32:28.269+0000][1][safepoint    ] Leaving safepoint region
[2022-06-13T01:32:28.269+0000][1][safepoint    ] Total time for which application threads were stopped: 0.0005930 seconds, Stopping threads took: 0.0002381 seconds
[2022-06-13T01:32:28.269+0000][1][safepoint    ] Application time: 0.0000453 seconds
[2022-06-13T01:32:28.270+0000][1][safepoint    ] Entering safepoint region: RevokeBias
[2022-06-13T01:32:28.270+0000][1][safepoint    ] Leaving safepoint region
[2022-06-13T01:32:28.270+0000][1][safepoint    ] Total time for which application threads were stopped: 0.0005749 seconds, Stopping threads took: 0.0002445 seconds
[2022-06-13T01:32:28.271+0000][1][safepoint    ] Application time: 0.0000369 seconds
[2022-06-13T01:32:28.271+0000][1][safepoint    ] Entering safepoint region: RevokeBias
[2022-06-13T01:32:28.271+0000][1][safepoint    ] Leaving safepoint region
[2022-06-13T01:32:28.271+0000][1][safepoint    ] Total time for which application threads were stopped: 0.0005925 seconds, Stopping threads took: 0.0002479 seconds
[2022-06-13T01:32:28.272+0000][1][safepoint    ] Application time: 0.0000395 seconds
[2022-06-13T01:32:28.272+0000][1][safepoint    ] Entering safepoint region: RevokeBias
[2022-06-13T01:32:28.272+0000][1][safepoint    ] Leaving safepoint region
[2022-06-13T01:32:28.273+0000][1][safepoint    ] Total time for which application threads were stopped: 0.0008255 seconds, Stopping threads took: 0.0002502 seconds
[2022-06-13T01:32:28.273+0000][1][safepoint    ] Application time: 0.0000426 seconds
[2022-06-13T01:32:28.273+0000][1][safepoint    ] Entering safepoint region: RevokeBias
[2022-06-13T01:32:28.274+0000][1][safepoint    ] Leaving safepoint region
[2022-06-13T01:32:28.274+0000][1][safepoint    ] Total time for which application threads were stopped: 0.0005257 seconds, Stopping threads took: 0.0002065 seconds
[2022-06-13T01:32:28.274+0000][1][safepoint    ] Application time: 0.0000289 seconds
[2022-06-13T01:32:28.274+0000][1][safepoint    ] Entering safepoint region: RevokeBias
[2022-06-13T01:32:28.278+0000][1][safepoint    ] Leaving safepoint region
[2022-06-13T01:32:28.280+0000][1][safepoint    ] Total time for which application threads were stopped: 0.0059833 seconds, Stopping threads took: 0.0033730 seconds
[2022-06-13T01:32:28.281+0000][1][safepoint    ] Application time: 0.0000643 seconds
[2022-06-13T01:32:28.281+0000][1][safepoint    ] Entering safepoint region: RevokeBias
[2022-06-13T01:32:28.281+0000][1][safepoint    ] Leaving safepoint region
[2022-06-13T01:32:28.282+0000][1][safepoint    ] Total time for which application threads were stopped: 0.0007893 seconds, Stopping threads took: 0.0004106 seconds
[2022-06-13T01:32:28.282+0000][1][safepoint    ] Application time: 0.0000427 seconds
[2022-06-13T01:32:28.282+0000][1][safepoint    ] Entering safepoint region: RevokeBias
[2022-06-13T01:32:28.283+0000][1][safepoint    ] Leaving safepoint region
[2022-06-13T01:32:28.283+0000][1][safepoint    ] Total time for which application threads were stopped: 0.0006980 seconds, Stopping threads took: 0.0002432 seconds
[2022-06-13T01:32:28.283+0000][1][safepoint    ] Application time: 0.0000328 seconds
[2022-06-13T01:32:28.284+0000][1][safepoint    ] Entering safepoint region: RevokeBias
[2022-06-13T01:32:28.284+0000][1][safepoint    ] Leaving safepoint region
[2022-06-13T01:32:28.284+0000][1][safepoint    ] Total time for which application threads were stopped: 0.0004796 seconds, Stopping threads took: 0.0002147 seconds
[2022-06-13T01:32:28.285+0000][1][safepoint    ] Application time: 0.0000696 seconds
[2022-06-13T01:32:28.287+0000][1][safepoint    ] Entering safepoint region: RevokeBias
[2022-06-13T01:32:28.288+0000][1][safepoint    ] Leaving safepoint region
[2022-06-13T01:32:28.290+0000][1][safepoint    ] Total time for which application threads were stopped: 0.0029877 seconds, Stopping threads took: 0.0007470 seconds
[2022-06-13T01:32:28.290+0000][1][safepoint    ] Application time: 0.0000678 seconds
[2022-06-13T01:32:28.291+0000][1][safepoint    ] Entering safepoint region: RevokeBias
[2022-06-13T01:32:28.291+0000][1][safepoint    ] Leaving safepoint region
[2022-06-13T01:32:28.291+0000][1][safepoint    ] Total time for which application threads were stopped: 0.0007947 seconds, Stopping threads took: 0.0002981 seconds
[2022-06-13T01:32:28.292+0000][1][safepoint    ] Application time: 0.0000624 seconds
[2022-06-13T01:32:28.292+0000][1][safepoint    ] Entering safepoint region: BulkRevokeBias
[2022-06-13T01:32:28.292+0000][1][safepoint    ] Leaving safepoint region
[2022-06-13T01:32:28.293+0000][1][safepoint    ] Total time for which application threads were stopped: 0.0006964 seconds, Stopping threads took: 0.0002509 seconds
[2022-06-13T01:32:28.293+0000][1][safepoint    ] Application time: 0.0002767 seconds
[2022-06-13T01:32:28.294+0000][1][safepoint    ] Entering safepoint region: RevokeBias
[2022-06-13T01:32:28.294+0000][1][safepoint    ] Leaving safepoint region
[2022-06-13T01:32:28.294+0000][1][safepoint    ] Total time for which application threads were stopped: 0.0006849 seconds, Stopping threads took: 0.0002866 seconds
[2022-06-13T01:32:28.295+0000][1][safepoint    ] Application time: 0.0001192 seconds
[2022-06-13T01:32:28.295+0000][1][safepoint    ] Entering safepoint region: RevokeBias
[2022-06-13T01:32:28.296+0000][1][safepoint    ] Leaving safepoint region
[2022-06-13T01:32:28.296+0000][1][safepoint    ] Total time for which application threads were stopped: 0.0012715 seconds, Stopping threads took: 0.0007886 seconds
[2022-06-13T01:32:28.297+0000][1][safepoint    ] Application time: 0.0002323 seconds
[2022-06-13T01:32:28.297+0000][1][safepoint    ] Entering safepoint region: RevokeBias
[2022-06-13T01:32:28.298+0000][1][safepoint    ] Leaving safepoint region
[2022-06-13T01:32:28.298+0000][1][safepoint    ] Total time for which application threads were stopped: 0.0008295 seconds, Stopping threads took: 0.0004445 seconds
[2022-06-13T01:32:28.299+0000][1][safepoint    ] Application time: 0.0010010 seconds
[2022-06-13T01:32:28.300+0000][1][safepoint    ] Entering safepoint region: RevokeBias
[2022-06-13T01:32:28.301+0000][1][safepoint    ] Leaving safepoint region
[2022-06-13T01:32:28.301+0000][1][safepoint    ] Total time for which application threads were stopped: 0.0012595 seconds, Stopping threads took: 0.0007700 seconds
[2022-06-13T01:32:28.302+0000][1][safepoint    ] Application time: 0.0003022 seconds
[2022-06-13T01:32:28.302+0000][1][safepoint    ] Entering safepoint region: RevokeBias
[2022-06-13T01:32:28.303+0000][1][safepoint    ] Leaving safepoint region
[2022-06-13T01:32:28.303+0000][1][safepoint    ] Total time for which application threads were stopped: 0.0006755 seconds, Stopping threads took: 0.0002896 seconds
[2022-06-13T01:32:28.304+0000][1][safepoint    ] Application time: 0.0000871 seconds
[2022-06-13T01:32:28.304+0000][1][safepoint    ] Entering safepoint region: RevokeBias
[2022-06-13T01:32:28.304+0000][1][safepoint    ] Leaving safepoint region
[2022-06-13T01:32:28.305+0000][1][safepoint    ] Total time for which application threads were stopped: 0.0008144 seconds, Stopping threads took: 0.0003760 seconds
[2022-06-13T01:32:28.305+0000][1][safepoint    ] Application time: 0.0002478 seconds
[2022-06-13T01:32:28.305+0000][1][safepoint    ] Entering safepoint region: RevokeBias
[2022-06-13T01:32:28.306+0000][1][safepoint    ] Leaving safepoint region
[2022-06-13T01:32:28.306+0000][1][safepoint    ] Total time for which application threads were stopped: 0.0005882 seconds, Stopping threads took: 0.0002131 seconds
[2022-06-13T01:32:28.306+0000][1][safepoint    ] Application time: 0.0001227 seconds
[2022-06-13T01:32:28.307+0000][1][safepoint    ] Entering safepoint region: RevokeBias
[2022-06-13T01:32:28.307+0000][1][safepoint    ] Leaving safepoint region
[2022-06-13T01:32:28.307+0000][1][safepoint    ] Total time for which application threads were stopped: 0.0005755 seconds, Stopping threads took: 0.0003329 seconds
[2022-06-13T01:32:28.307+0000][1][safepoint    ] Application time: 0.0000499 seconds
[2022-06-13T01:32:28.308+0000][1][safepoint    ] Entering safepoint region: RevokeBias
[2022-06-13T01:32:28.308+0000][1][safepoint    ] Leaving safepoint region
[2022-06-13T01:32:28.308+0000][1][safepoint    ] Total time for which application threads were stopped: 0.0004732 seconds, Stopping threads took: 0.0002180 seconds
[2022-06-13T01:32:28.308+0000][1][safepoint    ] Application time: 0.0000592 seconds
[2022-06-13T01:32:28.309+0000][1][safepoint    ] Entering safepoint region: RevokeBias
[2022-06-13T01:32:28.309+0000][1][safepoint    ] Leaving safepoint region
[2022-06-13T01:32:28.309+0000][1][safepoint    ] Total time for which application threads were stopped: 0.0005054 seconds, Stopping threads took: 0.0002280 seconds
[2022-06-13T01:32:28.309+0000][1][safepoint    ] Application time: 0.0001211 seconds
[2022-06-13T01:32:28.310+0000][1][safepoint    ] Entering safepoint region: RevokeBias
[2022-06-13T01:32:28.310+0000][1][safepoint    ] Leaving safepoint region
[2022-06-13T01:32:28.310+0000][1][safepoint    ] Total time for which application threads were stopped: 0.0005689 seconds, Stopping threads took: 0.0003052 seconds
[2022-06-13T01:32:28.311+0000][1][safepoint    ] Application time: 0.0001271 seconds
[2022-06-13T01:32:28.311+0000][1][safepoint    ] Entering safepoint region: RevokeBias
[2022-06-13T01:32:28.311+0000][1][safepoint    ] Leaving safepoint region
[2022-06-13T01:32:28.311+0000][1][safepoint    ] Total time for which application threads were stopped: 0.0005312 seconds, Stopping threads took: 0.0002861 seconds
[2022-06-13T01:32:28.312+0000][1][safepoint    ] Application time: 0.0001244 seconds
[2022-06-13T01:32:28.312+0000][1][safepoint    ] Entering safepoint region: RevokeBias
[2022-06-13T01:32:28.312+0000][1][safepoint    ] Leaving safepoint region
[2022-06-13T01:32:28.313+0000][1][safepoint    ] Total time for which application threads were stopped: 0.0005793 seconds, Stopping threads took: 0.0002901 seconds
[2022-06-13T01:32:28.313+0000][1][safepoint    ] Application time: 0.0003218 seconds
[2022-06-13T01:32:28.313+0000][1][safepoint    ] Entering safepoint region: RevokeBias
[2022-06-13T01:32:28.314+0000][1][safepoint    ] Leaving safepoint region
[2022-06-13T01:32:28.314+0000][1][safepoint    ] Total time for which application threads were stopped: 0.0005143 seconds, Stopping threads took: 0.0002432 seconds
[2022-06-13T01:32:28.314+0000][1][safepoint    ] Application time: 0.0001206 seconds
[2022-06-13T01:32:28.314+0000][1][safepoint    ] Entering safepoint region: RevokeBias
[2022-06-13T01:32:28.315+0000][1][safepoint    ] Leaving safepoint region
[2022-06-13T01:32:28.315+0000][1][safepoint    ] Total time for which application threads were stopped: 0.0007357 seconds, Stopping threads took: 0.0003807 seconds
[2022-06-13T01:32:28.315+0000][1][safepoint    ] Application time: 0.0000664 seconds
[2022-06-13T01:32:28.316+0000][1][safepoint    ] Entering safepoint region: RevokeBias
[2022-06-13T01:32:28.316+0000][1][safepoint    ] Leaving safepoint region
[2022-06-13T01:32:28.316+0000][1][safepoint    ] Total time for which application threads were stopped: 0.0007316 seconds, Stopping threads took: 0.0003157 seconds
[2022-06-13T01:32:28.317+0000][1][safepoint    ] Application time: 0.0000823 seconds
[2022-06-13T01:32:28.317+0000][1][safepoint    ] Entering safepoint region: RevokeBias
[2022-06-13T01:32:28.318+0000][1][safepoint    ] Leaving safepoint region
[2022-06-13T01:32:28.318+0000][1][safepoint    ] Total time for which application threads were stopped: 0.0008431 seconds, Stopping threads took: 0.0003739 seconds
[2022-06-13T01:32:28.319+0000][1][safepoint    ] Application time: 0.0001033 seconds
[2022-06-13T01:32:28.319+0000][1][safepoint    ] Entering safepoint region: RevokeBias
[2022-06-13T01:32:28.319+0000][1][safepoint    ] Leaving safepoint region
[2022-06-13T01:32:28.320+0000][1][safepoint    ] Total time for which application threads were stopped: 0.0006503 seconds, Stopping threads took: 0.0003017 seconds
[2022-06-13T01:32:28.320+0000][1][safepoint    ] Application time: 0.0000731 seconds
[2022-06-13T01:32:28.320+0000][1][safepoint    ] Entering safepoint region: RevokeBias
[2022-06-13T01:32:28.321+0000][1][safepoint    ] Leaving safepoint region
[2022-06-13T01:32:28.321+0000][1][safepoint    ] Total time for which application threads were stopped: 0.0006394 seconds, Stopping threads took: 0.0002992 seconds
[2022-06-13T01:32:28.321+0000][1][safepoint    ] Application time: 0.0000686 seconds
[2022-06-13T01:32:28.322+0000][1][safepoint    ] Entering safepoint region: RevokeBias
[2022-06-13T01:32:28.322+0000][1][safepoint    ] Leaving safepoint region
[2022-06-13T01:32:28.323+0000][1][safepoint    ] Total time for which application threads were stopped: 0.0009580 seconds, Stopping threads took: 0.0006259 seconds
[2022-06-13T01:32:28.323+0000][1][safepoint    ] Application time: 0.0002435 seconds
[2022-06-13T01:32:28.323+0000][1][safepoint    ] Entering safepoint region: RevokeBias
[2022-06-13T01:32:28.324+0000][1][safepoint    ] Leaving safepoint region
[2022-06-13T01:32:28.324+0000][1][safepoint    ] Total time for which application threads were stopped: 0.0006581 seconds, Stopping threads took: 0.0002974 seconds
[2022-06-13T01:32:28.324+0000][1][safepoint    ] Application time: 0.0000736 seconds
[2022-06-13T01:32:28.325+0000][1][safepoint    ] Entering safepoint region: RevokeBias
[2022-06-13T01:32:28.325+0000][1][safepoint    ] Leaving safepoint region
[2022-06-13T01:32:28.326+0000][1][safepoint    ] Total time for which application threads were stopped: 0.0009333 seconds, Stopping threads took: 0.0005783 seconds
[2022-06-13T01:32:28.326+0000][1][safepoint    ] Application time: 0.0000752 seconds
[2022-06-13T01:32:28.326+0000][1][safepoint    ] Entering safepoint region: BulkRevokeBias
[2022-06-13T01:32:28.327+0000][1][safepoint    ] Leaving safepoint region
[2022-06-13T01:32:28.327+0000][1][safepoint    ] Total time for which application threads were stopped: 0.0009491 seconds, Stopping threads took: 0.0004967 seconds
[2022-06-13T01:32:28.328+0000][1][safepoint    ] Application time: 0.0004826 seconds
[2022-06-13T01:32:28.329+0000][1][safepoint    ] Entering safepoint region: RevokeBias
[2022-06-13T01:32:28.329+0000][1][safepoint    ] Leaving safepoint region
[2022-06-13T01:32:28.329+0000][1][safepoint    ] Total time for which application threads were stopped: 0.0007610 seconds, Stopping threads took: 0.0003687 seconds
[2022-06-13T01:32:28.330+0000][1][safepoint    ] Application time: 0.0001705 seconds
[2022-06-13T01:32:28.330+0000][1][safepoint    ] Entering safepoint region: RevokeBias
[2022-06-13T01:32:28.330+0000][1][safepoint    ] Leaving safepoint region
[2022-06-13T01:32:28.331+0000][1][safepoint    ] Total time for which application threads were stopped: 0.0006396 seconds, Stopping threads took: 0.0003170 seconds
[2022-06-13T01:32:28.332+0000][1][safepoint    ] Application time: 0.0007982 seconds
[2022-06-13T01:32:28.349+0000][1][safepoint    ] Entering safepoint region: RevokeBias
[2022-06-13T01:32:28.350+0000][1][safepoint    ] Leaving safepoint region
[2022-06-13T01:32:28.361+0000][1][safepoint    ] Total time for which application threads were stopped: 0.0119529 seconds, Stopping threads took: 0.0009736 seconds
[2022-06-13T01:32:28.364+0000][1][safepoint    ] Application time: 0.0003468 seconds
[2022-06-13T01:32:28.364+0000][1][safepoint    ] Entering safepoint region: RevokeBias
[2022-06-13T01:32:28.365+0000][1][safepoint    ] Leaving safepoint region
[2022-06-13T01:32:28.366+0000][1][safepoint    ] Total time for which application threads were stopped: 0.0016661 seconds, Stopping threads took: 0.0012116 seconds
[2022-06-13T01:32:28.366+0000][1][safepoint    ] Application time: 0.0004845 seconds
[2022-06-13T01:32:28.367+0000][1][safepoint    ] Entering safepoint region: RevokeBias
[2022-06-13T01:32:28.367+0000][1][safepoint    ] Leaving safepoint region
[2022-06-13T01:32:28.367+0000][1][safepoint    ] Total time for which application threads were stopped: 0.0006163 seconds, Stopping threads took: 0.0003766 seconds
[2022-06-13T01:32:28.368+0000][1][safepoint    ] Application time: 0.0000559 seconds
[2022-06-13T01:32:28.368+0000][1][safepoint    ] Entering safepoint region: RevokeBias
[2022-06-13T01:32:28.368+0000][1][safepoint    ] Leaving safepoint region
[2022-06-13T01:32:28.368+0000][1][safepoint    ] Total time for which application threads were stopped: 0.0005194 seconds, Stopping threads took: 0.0002489 seconds
[2022-06-13T01:32:28.369+0000][1][safepoint    ] Application time: 0.0004042 seconds
[2022-06-13T01:32:28.369+0000][1][safepoint    ] Entering safepoint region: RevokeBias
[2022-06-13T01:32:28.369+0000][1][safepoint    ] Leaving safepoint region
[2022-06-13T01:32:28.370+0000][1][safepoint    ] Total time for which application threads were stopped: 0.0005143 seconds, Stopping threads took: 0.0002166 seconds
[2022-06-13T01:32:28.370+0000][1][safepoint    ] Application time: 0.0001766 seconds
[2022-06-13T01:32:28.370+0000][1][safepoint    ] Entering safepoint region: RevokeBias
[2022-06-13T01:32:28.371+0000][1][safepoint    ] Leaving safepoint region
[2022-06-13T01:32:28.371+0000][1][safepoint    ] Total time for which application threads were stopped: 0.0005723 seconds, Stopping threads took: 0.0002490 seconds
[2022-06-13T01:32:28.372+0000][1][safepoint    ] Application time: 0.0007710 seconds
[2022-06-13T01:32:28.372+0000][1][safepoint    ] Entering safepoint region: RevokeBias
[2022-06-13T01:32:28.373+0000][1][safepoint    ] Leaving safepoint region
[2022-06-13T01:32:28.373+0000][1][safepoint    ] Total time for which application threads were stopped: 0.0006156 seconds, Stopping threads took: 0.0002471 seconds
[2022-06-13T01:32:28.374+0000][1][safepoint    ] Application time: 0.0008745 seconds
[2022-06-13T01:32:28.374+0000][1][safepoint    ] Entering safepoint region: RevokeBias
[2022-06-13T01:32:28.375+0000][1][safepoint    ] Leaving safepoint region
[2022-06-13T01:32:28.375+0000][1][safepoint    ] Total time for which application threads were stopped: 0.0008156 seconds, Stopping threads took: 0.0004444 seconds
[2022-06-13T01:32:28.376+0000][1][safepoint    ] Application time: 0.0000983 seconds
[2022-06-13T01:32:28.378+0000][1][safepoint    ] Entering safepoint region: RevokeBias
[2022-06-13T01:32:28.379+0000][1][safepoint    ] Leaving safepoint region
[2022-06-13T01:32:28.379+0000][1][safepoint    ] Total time for which application threads were stopped: 0.0008869 seconds, Stopping threads took: 0.0002397 seconds
[2022-06-13T01:32:28.380+0000][1][safepoint    ] Application time: 0.0002122 seconds
[2022-06-13T01:32:28.385+0000][1][safepoint    ] Entering safepoint region: RevokeBias
[2022-06-13T01:32:28.386+0000][1][safepoint    ] Leaving safepoint region
[2022-06-13T01:32:28.387+0000][1][safepoint    ] Total time for which application threads were stopped: 0.0026193 seconds, Stopping threads took: 0.0022652 seconds
[2022-06-13T01:32:28.387+0000][1][safepoint    ] Application time: 0.0000911 seconds
[2022-06-13T01:32:28.387+0000][1][safepoint    ] Entering safepoint region: RevokeBias
[2022-06-13T01:32:28.388+0000][1][safepoint    ] Leaving safepoint region
[2022-06-13T01:32:28.388+0000][1][safepoint    ] Total time for which application threads were stopped: 0.0008446 seconds, Stopping threads took: 0.0003887 seconds
[2022-06-13T01:32:28.396+0000][1][safepoint    ] Application time: 0.0080956 seconds
[2022-06-13T01:32:28.397+0000][1][safepoint    ] Entering safepoint region: RevokeBias
[2022-06-13T01:32:28.397+0000][1][safepoint    ] Leaving safepoint region
[2022-06-13T01:32:28.398+0000][1][safepoint    ] Total time for which application threads were stopped: 0.0007413 seconds, Stopping threads took: 0.0004432 seconds
[2022-06-13T01:32:28.398+0000][1][safepoint    ] Application time: 0.0002604 seconds
[2022-06-13T01:32:28.399+0000][1][safepoint    ] Entering safepoint region: RevokeBias
[2022-06-13T01:32:28.399+0000][1][safepoint    ] Leaving safepoint region
[2022-06-13T01:32:28.400+0000][1][safepoint    ] Total time for which application threads were stopped: 0.0011189 seconds, Stopping threads took: 0.0005310 seconds
[2022-06-13T01:32:28.401+0000][1][safepoint    ] Application time: 0.0006454 seconds
[2022-06-13T01:32:28.401+0000][1][safepoint    ] Entering safepoint region: RevokeBias
[2022-06-13T01:32:28.402+0000][1][safepoint    ] Leaving safepoint region
[2022-06-13T01:32:28.402+0000][1][safepoint    ] Total time for which application threads were stopped: 0.0010270 seconds, Stopping threads took: 0.0006024 seconds
[2022-06-13T01:32:28.404+0000][1][safepoint    ] Application time: 0.0019957 seconds
[2022-06-13T01:32:28.405+0000][1][safepoint    ] Entering safepoint region: RevokeBias
[2022-06-13T01:32:28.405+0000][1][safepoint    ] Leaving safepoint region
[2022-06-13T01:32:28.406+0000][1][safepoint    ] Total time for which application threads were stopped: 0.0010596 seconds, Stopping threads took: 0.0004528 seconds
[2022-06-13T01:32:28.406+0000][1][safepoint    ] Application time: 0.0002962 seconds
[2022-06-13T01:32:28.407+0000][1][safepoint    ] Entering safepoint region: RevokeBias
[2022-06-13T01:32:28.407+0000][1][safepoint    ] Leaving safepoint region
[2022-06-13T01:32:28.408+0000][1][safepoint    ] Total time for which application threads were stopped: 0.0007089 seconds, Stopping threads took: 0.0003448 seconds
[2022-06-13T01:32:28.408+0000][1][safepoint    ] Application time: 0.0002028 seconds
[2022-06-13T01:32:28.408+0000][1][safepoint    ] Entering safepoint region: RevokeBias
[2022-06-13T01:32:28.409+0000][1][safepoint    ] Leaving safepoint region
[2022-06-13T01:32:28.409+0000][1][safepoint    ] Total time for which application threads were stopped: 0.0008360 seconds, Stopping threads took: 0.0003844 seconds
[2022-06-13T01:32:28.411+0000][1][safepoint    ] Application time: 0.0014161 seconds
[2022-06-13T01:32:28.412+0000][1][safepoint    ] Entering safepoint region: RevokeBias
[2022-06-13T01:32:28.412+0000][1][safepoint    ] Leaving safepoint region
[2022-06-13T01:32:28.413+0000][1][safepoint    ] Total time for which application threads were stopped: 0.0011029 seconds, Stopping threads took: 0.0007305 seconds
[2022-06-13T01:32:28.415+0000][1][safepoint    ] Application time: 0.0020649 seconds
[2022-06-13T01:32:28.416+0000][1][safepoint    ] Entering safepoint region: RevokeBias
[2022-06-13T01:32:28.416+0000][1][safepoint    ] Leaving safepoint region
[2022-06-13T01:32:28.416+0000][1][safepoint    ] Total time for which application threads were stopped: 0.0008047 seconds, Stopping threads took: 0.0003929 seconds
[2022-06-13T01:32:28.417+0000][1][safepoint    ] Application time: 0.0000889 seconds
[2022-06-13T01:32:28.417+0000][1][safepoint    ] Entering safepoint region: RevokeBias
[2022-06-13T01:32:28.417+0000][1][safepoint    ] Leaving safepoint region
[2022-06-13T01:32:28.418+0000][1][safepoint    ] Total time for which application threads were stopped: 0.0006974 seconds, Stopping threads took: 0.0002730 seconds
[2022-06-13T01:32:28.418+0000][1][safepoint    ] Application time: 0.0003671 seconds
[2022-06-13T01:32:28.419+0000][1][safepoint    ] Entering safepoint region: RevokeBias
[2022-06-13T01:32:28.420+0000][1][safepoint    ] Leaving safepoint region
[2022-06-13T01:32:28.421+0000][1][safepoint    ] Total time for which application threads were stopped: 0.0021341 seconds, Stopping threads took: 0.0015210 seconds
[2022-06-13T01:32:28.433+0000][1][safepoint    ] Application time: 0.0118811 seconds
[2022-06-13T01:32:28.433+0000][1][safepoint    ] Entering safepoint region: GenCollectForAllocation
[2022-06-13T01:32:28.433+0000][1][gc,start     ] GC(19) Pause Young (Allocation Failure)
[2022-06-13T01:32:28.434+0000][1][gc,task      ] GC(19) Using 5 workers of 13 for evacuation
[2022-06-13T01:32:28.441+0000][1][gc,age       ] GC(19) Desired survivor size 4456448 bytes, new threshold 2 (max threshold 6)
[2022-06-13T01:32:28.441+0000][1][gc,age       ] GC(19) Age table with threshold 2 (max threshold 6)
[2022-06-13T01:32:28.441+0000][1][gc,age       ] GC(19) - age   1:    2979752 bytes,    2979752 total
[2022-06-13T01:32:28.441+0000][1][gc,age       ] GC(19) - age   2:    3837872 bytes,    6817624 total
[2022-06-13T01:32:28.442+0000][1][gc,age       ] GC(19) - age   3:     304520 bytes,    7122144 total
[2022-06-13T01:32:28.442+0000][1][gc,heap      ] GC(19) ParNew: 74954K->8704K(78656K)
[2022-06-13T01:32:28.443+0000][1][gc,heap      ] GC(19) CMS: 55790K->55790K(174784K)
[2022-06-13T01:32:28.443+0000][1][gc,metaspace ] GC(19) Metaspace: 47332K->47332K(1093632K)
[2022-06-13T01:32:28.443+0000][1][gc           ] GC(19) Pause Young (Allocation Failure) 127M->62M(247M) 9.540ms
[2022-06-13T01:32:28.443+0000][1][gc,cpu       ] GC(19) User=0.03s Sys=0.00s Real=0.01s
[2022-06-13T01:32:28.443+0000][1][safepoint    ] Leaving safepoint region
[2022-06-13T01:32:28.444+0000][1][safepoint    ] Total time for which application threads were stopped: 0.0105884 seconds, Stopping threads took: 0.0003007 seconds
[2022-06-13T01:32:28.953+0000][1][safepoint    ] Application time: 0.5096179 seconds
[2022-06-13T01:32:28.954+0000][1][safepoint    ] Entering safepoint region: RevokeBias
[2022-06-13T01:32:28.954+0000][1][safepoint    ] Leaving safepoint region
[2022-06-13T01:32:28.954+0000][1][safepoint    ] Total time for which application threads were stopped: 0.0007939 seconds, Stopping threads took: 0.0004090 seconds
[2022-06-13T01:32:29.106+0000][1][safepoint    ] Application time: 0.1517421 seconds
[2022-06-13T01:32:29.107+0000][1][safepoint    ] Entering safepoint region: RevokeBias
[2022-06-13T01:32:29.107+0000][1][safepoint    ] Leaving safepoint region
[2022-06-13T01:32:29.108+0000][1][safepoint    ] Total time for which application threads were stopped: 0.0010312 seconds, Stopping threads took: 0.0005036 seconds
[2022-06-13T01:32:29.108+0000][1][safepoint    ] Application time: 0.0002213 seconds
[2022-06-13T01:32:29.109+0000][1][safepoint    ] Entering safepoint region: RevokeBias
[2022-06-13T01:32:29.110+0000][1][safepoint    ] Leaving safepoint region
[2022-06-13T01:32:29.110+0000][1][safepoint    ] Total time for which application threads were stopped: 0.0011141 seconds, Stopping threads took: 0.0007604 seconds
[2022-06-13T01:32:29.111+0000][1][safepoint    ] Application time: 0.0013767 seconds
[2022-06-13T01:32:29.112+0000][1][safepoint    ] Entering safepoint region: RevokeBias
[2022-06-13T01:32:29.112+0000][1][safepoint    ] Leaving safepoint region
[2022-06-13T01:32:29.112+0000][1][safepoint    ] Total time for which application threads were stopped: 0.0007436 seconds, Stopping threads took: 0.0004234 seconds
[2022-06-13T01:32:29.113+0000][1][safepoint    ] Application time: 0.0003352 seconds
[2022-06-13T01:32:29.113+0000][1][safepoint    ] Entering safepoint region: RevokeBias
[2022-06-13T01:32:29.114+0000][1][safepoint    ] Leaving safepoint region
[2022-06-13T01:32:29.114+0000][1][safepoint    ] Total time for which application threads were stopped: 0.0006098 seconds, Stopping threads took: 0.0003775 seconds
[2022-06-13T01:32:29.460+0000][1][safepoint    ] Application time: 0.3460657 seconds
[2022-06-13T01:32:29.461+0000][1][safepoint    ] Entering safepoint region: GenCollectForAllocation
[2022-06-13T01:32:29.461+0000][1][gc,start     ] GC(20) Pause Young (Allocation Failure)
[2022-06-13T01:32:29.462+0000][1][gc,task      ] GC(20) Using 5 workers of 13 for evacuation
[2022-06-13T01:32:29.474+0000][1][gc,age       ] GC(20) Desired survivor size 4456448 bytes, new threshold 6 (max threshold 6)
[2022-06-13T01:32:29.474+0000][1][gc,age       ] GC(20) Age table with threshold 6 (max threshold 6)
[2022-06-13T01:32:29.475+0000][1][gc,age       ] GC(20) - age   1:    1495392 bytes,    1495392 total
[2022-06-13T01:32:29.475+0000][1][gc,age       ] GC(20) - age   2:    2933912 bytes,    4429304 total
[2022-06-13T01:32:29.476+0000][1][gc,heap      ] GC(20) ParNew: 78656K->6105K(78656K)
[2022-06-13T01:32:29.476+0000][1][gc,heap      ] GC(20) CMS: 55790K->59976K(174784K)
[2022-06-13T01:32:29.476+0000][1][gc,metaspace ] GC(20) Metaspace: 53874K->53874K(1097728K)
[2022-06-13T01:32:29.476+0000][1][gc           ] GC(20) Pause Young (Allocation Failure) 131M->64M(247M) 15.077ms
[2022-06-13T01:32:29.477+0000][1][gc,cpu       ] GC(20) User=0.07s Sys=0.00s Real=0.01s
[2022-06-13T01:32:29.477+0000][1][safepoint    ] Leaving safepoint region
[2022-06-13T01:32:29.477+0000][1][safepoint    ] Total time for which application threads were stopped: 0.0162407 seconds, Stopping threads took: 0.0003255 seconds
[2022-06-13T01:32:29.482+0000][1][safepoint    ] Application time: 0.0048116 seconds
[2022-06-13T01:32:29.482+0000][1][safepoint    ] Entering safepoint region: RevokeBias
[2022-06-13T01:32:29.483+0000][1][safepoint    ] Leaving safepoint region
[2022-06-13T01:32:29.483+0000][1][safepoint    ] Total time for which application threads were stopped: 0.0010295 seconds, Stopping threads took: 0.0006900 seconds
[2022-06-13T01:32:29.677+0000][1][safepoint    ] Application time: 0.1933967 seconds
[2022-06-13T01:32:29.677+0000][1][safepoint    ] Entering safepoint region: RevokeBias
[2022-06-13T01:32:29.679+0000][1][safepoint    ] Leaving safepoint region
[2022-06-13T01:32:29.679+0000][1][safepoint    ] Total time for which application threads were stopped: 0.0015327 seconds, Stopping threads took: 0.0004622 seconds
[2022-06-13T01:32:29.741+0000][1][safepoint    ] Application time: 0.0618733 seconds
[2022-06-13T01:32:29.742+0000][1][safepoint    ] Entering safepoint region: Deoptimize
[2022-06-13T01:32:29.743+0000][1][safepoint    ] Leaving safepoint region
[2022-06-13T01:32:29.743+0000][1][safepoint    ] Total time for which application threads were stopped: 0.0011606 seconds, Stopping threads took: 0.0002673 seconds
[2022-06-13T01:32:29.794+0000][1][safepoint    ] Application time: 0.0504106 seconds
[2022-06-13T01:32:29.794+0000][1][safepoint    ] Entering safepoint region: RevokeBias
[2022-06-13T01:32:29.794+0000][1][safepoint    ] Leaving safepoint region
[2022-06-13T01:32:29.795+0000][1][safepoint    ] Total time for which application threads were stopped: 0.0006964 seconds, Stopping threads took: 0.0003557 seconds
[2022-06-13T01:32:29.795+0000][1][safepoint    ] Application time: 0.0002793 seconds
[2022-06-13T01:32:29.796+0000][1][safepoint    ] Entering safepoint region: RevokeBias
[2022-06-13T01:32:29.796+0000][1][safepoint    ] Leaving safepoint region
[2022-06-13T01:32:29.796+0000][1][safepoint    ] Total time for which application threads were stopped: 0.0005738 seconds, Stopping threads took: 0.0002588 seconds
[2022-06-13T01:32:29.797+0000][1][safepoint    ] Application time: 0.0002736 seconds
[2022-06-13T01:32:29.797+0000][1][safepoint    ] Entering safepoint region: RevokeBias
[2022-06-13T01:32:29.797+0000][1][safepoint    ] Leaving safepoint region
[2022-06-13T01:32:29.798+0000][1][safepoint    ] Total time for which application threads were stopped: 0.0005361 seconds, Stopping threads took: 0.0002735 seconds
[2022-06-13T01:32:29.801+0000][1][safepoint    ] Application time: 0.0037400 seconds
[2022-06-13T01:32:29.802+0000][1][safepoint    ] Entering safepoint region: RevokeBias
[2022-06-13T01:32:29.802+0000][1][safepoint    ] Leaving safepoint region
[2022-06-13T01:32:29.802+0000][1][safepoint    ] Total time for which application threads were stopped: 0.0005599 seconds, Stopping threads took: 0.0002672 seconds
[2022-06-13T01:32:30.078+0000][1][safepoint    ] Application time: 0.2749748 seconds
[2022-06-13T01:32:30.078+0000][1][safepoint    ] Entering safepoint region: Deoptimize
[2022-06-13T01:32:30.080+0000][1][safepoint    ] Leaving safepoint region
[2022-06-13T01:32:30.081+0000][1][safepoint    ] Total time for which application threads were stopped: 0.0027573 seconds, Stopping threads took: 0.0002313 seconds
[2022-06-13T01:32:30.115+0000][1][safepoint    ] Application time: 0.0343669 seconds
[2022-06-13T01:32:30.116+0000][1][safepoint    ] Entering safepoint region: RevokeBias
[2022-06-13T01:32:30.116+0000][1][safepoint    ] Leaving safepoint region
[2022-06-13T01:32:30.116+0000][1][safepoint    ] Total time for which application threads were stopped: 0.0005303 seconds, Stopping threads took: 0.0002993 seconds
[2022-06-13T01:32:30.117+0000][1][safepoint    ] Application time: 0.0001526 seconds
[2022-06-13T01:32:30.117+0000][1][safepoint    ] Entering safepoint region: RevokeBias
[2022-06-13T01:32:30.117+0000][1][safepoint    ] Leaving safepoint region
[2022-06-13T01:32:30.118+0000][1][safepoint    ] Total time for which application threads were stopped: 0.0008100 seconds, Stopping threads took: 0.0002732 seconds
[2022-06-13T01:32:30.118+0000][1][safepoint    ] Application time: 0.0002905 seconds
[2022-06-13T01:32:30.118+0000][1][safepoint    ] Entering safepoint region: RevokeBias
[2022-06-13T01:32:30.119+0000][1][safepoint    ] Leaving safepoint region
[2022-06-13T01:32:30.119+0000][1][safepoint    ] Total time for which application threads were stopped: 0.0005566 seconds, Stopping threads took: 0.0002494 seconds
[2022-06-13T01:32:30.425+0000][1][safepoint    ] Application time: 0.3060012 seconds
[2022-06-13T01:32:30.426+0000][1][safepoint    ] Entering safepoint region: BulkRevokeBias
[2022-06-13T01:32:30.426+0000][1][safepoint    ] Leaving safepoint region
[2022-06-13T01:32:30.426+0000][1][safepoint    ] Total time for which application threads were stopped: 0.0007359 seconds, Stopping threads took: 0.0003198 seconds
[2022-06-13T01:32:30.604+0000][1][safepoint    ] Application time: 0.1772798 seconds
[2022-06-13T01:32:30.604+0000][1][safepoint    ] Entering safepoint region: RevokeBias
[2022-06-13T01:32:30.605+0000][1][safepoint    ] Leaving safepoint region
[2022-06-13T01:32:30.605+0000][1][safepoint    ] Total time for which application threads were stopped: 0.0006202 seconds, Stopping threads took: 0.0002482 seconds
[2022-06-13T01:32:30.717+0000][1][safepoint    ] Application time: 0.1113747 seconds
[2022-06-13T01:32:30.717+0000][1][safepoint    ] Entering safepoint region: GenCollectForAllocation
[2022-06-13T01:32:30.718+0000][1][gc,start     ] GC(21) Pause Young (Allocation Failure)
[2022-06-13T01:32:30.718+0000][1][gc,task      ] GC(21) Using 5 workers of 13 for evacuation
[2022-06-13T01:32:30.728+0000][1][gc,age       ] GC(21) Desired survivor size 4456448 bytes, new threshold 2 (max threshold 6)
[2022-06-13T01:32:30.728+0000][1][gc,age       ] GC(21) Age table with threshold 2 (max threshold 6)
[2022-06-13T01:32:30.728+0000][1][gc,age       ] GC(21) - age   1:    3712096 bytes,    3712096 total
[2022-06-13T01:32:30.729+0000][1][gc,age       ] GC(21) - age   2:    1404160 bytes,    5116256 total
[2022-06-13T01:32:30.729+0000][1][gc,age       ] GC(21) - age   3:    2909920 bytes,    8026176 total
[2022-06-13T01:32:30.729+0000][1][gc,heap      ] GC(21) ParNew: 76057K->8704K(78656K)
[2022-06-13T01:32:30.730+0000][1][gc,heap      ] GC(21) CMS: 59976K->60349K(174784K)
[2022-06-13T01:32:30.730+0000][1][gc,metaspace ] GC(21) Metaspace: 61986K->61986K(1105920K)
[2022-06-13T01:32:30.730+0000][1][gc           ] GC(21) Pause Young (Allocation Failure) 132M->67M(247M) 12.492ms
[2022-06-13T01:32:30.730+0000][1][gc,cpu       ] GC(21) User=0.04s Sys=0.00s Real=0.02s
[2022-06-13T01:32:30.731+0000][1][safepoint    ] Leaving safepoint region
[2022-06-13T01:32:30.731+0000][1][safepoint    ] Total time for which application threads were stopped: 0.0137034 seconds, Stopping threads took: 0.0003459 seconds
[2022-06-13T01:32:30.821+0000][1][safepoint    ] Application time: 0.0898608 seconds
[2022-06-13T01:32:30.822+0000][1][safepoint    ] Entering safepoint region: Deoptimize
[2022-06-13T01:32:30.823+0000][1][safepoint    ] Leaving safepoint region
[2022-06-13T01:32:30.823+0000][1][safepoint    ] Total time for which application threads were stopped: 0.0014216 seconds, Stopping threads took: 0.0002936 seconds
[2022-06-13T01:32:30.835+0000][1][safepoint    ] Application time: 0.0113892 seconds
[2022-06-13T01:32:30.835+0000][1][safepoint    ] Entering safepoint region: RevokeBias
[2022-06-13T01:32:30.836+0000][1][safepoint    ] Leaving safepoint region
[2022-06-13T01:32:30.836+0000][1][safepoint    ] Total time for which application threads were stopped: 0.0007047 seconds, Stopping threads took: 0.0003440 seconds
[2022-06-13T01:32:30.837+0000][1][safepoint    ] Application time: 0.0005650 seconds
[2022-06-13T01:32:30.837+0000][1][safepoint    ] Entering safepoint region: RevokeBias
[2022-06-13T01:32:30.837+0000][1][safepoint    ] Leaving safepoint region
[2022-06-13T01:32:30.837+0000][1][safepoint    ] Total time for which application threads were stopped: 0.0004529 seconds, Stopping threads took: 0.0001952 seconds
[2022-06-13T01:32:30.838+0000][1][safepoint    ] Application time: 0.0004283 seconds
[2022-06-13T01:32:30.838+0000][1][safepoint    ] Entering safepoint region: BulkRevokeBias
[2022-06-13T01:32:30.839+0000][1][safepoint    ] Leaving safepoint region
[2022-06-13T01:32:30.839+0000][1][safepoint    ] Total time for which application threads were stopped: 0.0006054 seconds, Stopping threads took: 0.0002527 seconds
[2022-06-13T01:32:30.840+0000][1][safepoint    ] Application time: 0.0011741 seconds
[2022-06-13T01:32:30.841+0000][1][safepoint    ] Entering safepoint region: RevokeBias
[2022-06-13T01:32:30.841+0000][1][safepoint    ] Leaving safepoint region
[2022-06-13T01:32:30.841+0000][1][safepoint    ] Total time for which application threads were stopped: 0.0006280 seconds, Stopping threads took: 0.0002624 seconds
[2022-06-13T01:32:30.842+0000][1][safepoint    ] Application time: 0.0003162 seconds
[2022-06-13T01:32:30.842+0000][1][safepoint    ] Entering safepoint region: RevokeBias
[2022-06-13T01:32:30.842+0000][1][safepoint    ] Leaving safepoint region
[2022-06-13T01:32:30.842+0000][1][safepoint    ] Total time for which application threads were stopped: 0.0004652 seconds, Stopping threads took: 0.0002179 seconds
[2022-06-13T01:32:30.843+0000][1][safepoint    ] Application time: 0.0007312 seconds
[2022-06-13T01:32:30.844+0000][1][safepoint    ] Entering safepoint region: RevokeBias
[2022-06-13T01:32:30.844+0000][1][safepoint    ] Leaving safepoint region
[2022-06-13T01:32:30.844+0000][1][safepoint    ] Total time for which application threads were stopped: 0.0005321 seconds, Stopping threads took: 0.0002727 seconds
[2022-06-13T01:32:30.845+0000][1][safepoint    ] Application time: 0.0001336 seconds
[2022-06-13T01:32:30.845+0000][1][safepoint    ] Entering safepoint region: RevokeBias
[2022-06-13T01:32:30.845+0000][1][safepoint    ] Leaving safepoint region
[2022-06-13T01:32:30.845+0000][1][safepoint    ] Total time for which application threads were stopped: 0.0004323 seconds, Stopping threads took: 0.0002050 seconds
[2022-06-13T01:32:30.846+0000][1][safepoint    ] Application time: 0.0002054 seconds
[2022-06-13T01:32:30.846+0000][1][safepoint    ] Entering safepoint region: RevokeBias
[2022-06-13T01:32:30.846+0000][1][safepoint    ] Leaving safepoint region
[2022-06-13T01:32:30.846+0000][1][safepoint    ] Total time for which application threads were stopped: 0.0005257 seconds, Stopping threads took: 0.0002386 seconds
[2022-06-13T01:32:30.847+0000][1][safepoint    ] Application time: 0.0003304 seconds
[2022-06-13T01:32:30.847+0000][1][safepoint    ] Entering safepoint region: RevokeBias
[2022-06-13T01:32:30.847+0000][1][safepoint    ] Leaving safepoint region
[2022-06-13T01:32:30.848+0000][1][safepoint    ] Total time for which application threads were stopped: 0.0006543 seconds, Stopping threads took: 0.0002217 seconds
[2022-06-13T01:32:30.849+0000][1][safepoint    ] Application time: 0.0004544 seconds
[2022-06-13T01:32:30.849+0000][1][safepoint    ] Entering safepoint region: RevokeBias
[2022-06-13T01:32:30.849+0000][1][safepoint    ] Leaving safepoint region
[2022-06-13T01:32:30.850+0000][1][safepoint    ] Total time for which application threads were stopped: 0.0005466 seconds, Stopping threads took: 0.0003046 seconds
[2022-06-13T01:32:30.850+0000][1][safepoint    ] Application time: 0.0006644 seconds
[2022-06-13T01:32:30.851+0000][1][safepoint    ] Entering safepoint region: RevokeBias
[2022-06-13T01:32:30.851+0000][1][safepoint    ] Leaving safepoint region
[2022-06-13T01:32:30.851+0000][1][safepoint    ] Total time for which application threads were stopped: 0.0005825 seconds, Stopping threads took: 0.0002762 seconds
[2022-06-13T01:32:30.852+0000][1][safepoint    ] Application time: 0.0001893 seconds
[2022-06-13T01:32:30.852+0000][1][safepoint    ] Entering safepoint region: RevokeBias
[2022-06-13T01:32:30.852+0000][1][safepoint    ] Leaving safepoint region
[2022-06-13T01:32:30.853+0000][1][safepoint    ] Total time for which application threads were stopped: 0.0005416 seconds, Stopping threads took: 0.0003053 seconds
[2022-06-13T01:32:30.855+0000][1][safepoint    ] Application time: 0.0025745 seconds
[2022-06-13T01:32:30.856+0000][1][safepoint    ] Entering safepoint region: RevokeBias
[2022-06-13T01:32:30.856+0000][1][safepoint    ] Leaving safepoint region
[2022-06-13T01:32:30.856+0000][1][safepoint    ] Total time for which application threads were stopped: 0.0005238 seconds, Stopping threads took: 0.0002650 seconds
[2022-06-13T01:32:30.857+0000][1][safepoint    ] Application time: 0.0002234 seconds
[2022-06-13T01:32:30.857+0000][1][safepoint    ] Entering safepoint region: RevokeBias
[2022-06-13T01:32:30.857+0000][1][safepoint    ] Leaving safepoint region
[2022-06-13T01:32:30.857+0000][1][safepoint    ] Total time for which application threads were stopped: 0.0005234 seconds, Stopping threads took: 0.0002969 seconds
[2022-06-13T01:32:30.861+0000][1][safepoint    ] Application time: 0.0032261 seconds
[2022-06-13T01:32:30.861+0000][1][safepoint    ] Entering safepoint region: RevokeBias
[2022-06-13T01:32:30.862+0000][1][safepoint    ] Leaving safepoint region
[2022-06-13T01:32:30.862+0000][1][safepoint    ] Total time for which application threads were stopped: 0.0006814 seconds, Stopping threads took: 0.0004070 seconds
[2022-06-13T01:32:30.862+0000][1][safepoint    ] Application time: 0.0001967 seconds
[2022-06-13T01:32:30.863+0000][1][safepoint    ] Entering safepoint region: Deoptimize
[2022-06-13T01:32:30.864+0000][1][safepoint    ] Leaving safepoint region
[2022-06-13T01:32:30.865+0000][1][safepoint    ] Total time for which application threads were stopped: 0.0019448 seconds, Stopping threads took: 0.0002580 seconds
[2022-06-13T01:32:30.866+0000][1][safepoint    ] Application time: 0.0012065 seconds
[2022-06-13T01:32:30.866+0000][1][safepoint    ] Entering safepoint region: RevokeBias
[2022-06-13T01:32:30.867+0000][1][safepoint    ] Leaving safepoint region
[2022-06-13T01:32:30.867+0000][1][safepoint    ] Total time for which application threads were stopped: 0.0005371 seconds, Stopping threads took: 0.0002489 seconds
[2022-06-13T01:32:30.869+0000][1][safepoint    ] Application time: 0.0017003 seconds
[2022-06-13T01:32:30.869+0000][1][safepoint    ] Entering safepoint region: RevokeBias
[2022-06-13T01:32:30.870+0000][1][safepoint    ] Leaving safepoint region
[2022-06-13T01:32:30.870+0000][1][safepoint    ] Total time for which application threads were stopped: 0.0006005 seconds, Stopping threads took: 0.0003261 seconds
[2022-06-13T01:32:30.870+0000][1][safepoint    ] Application time: 0.0002445 seconds
[2022-06-13T01:32:30.871+0000][1][safepoint    ] Entering safepoint region: RevokeBias
[2022-06-13T01:32:30.871+0000][1][safepoint    ] Leaving safepoint region
[2022-06-13T01:32:30.871+0000][1][safepoint    ] Total time for which application threads were stopped: 0.0003769 seconds, Stopping threads took: 0.0001696 seconds
[2022-06-13T01:32:30.871+0000][1][safepoint    ] Application time: 0.0002089 seconds
[2022-06-13T01:32:30.872+0000][1][safepoint    ] Entering safepoint region: RevokeBias
[2022-06-13T01:32:30.872+0000][1][safepoint    ] Leaving safepoint region
[2022-06-13T01:32:30.872+0000][1][safepoint    ] Total time for which application threads were stopped: 0.0003633 seconds, Stopping threads took: 0.0001679 seconds
[2022-06-13T01:32:30.873+0000][1][safepoint    ] Application time: 0.0003832 seconds
[2022-06-13T01:32:30.873+0000][1][safepoint    ] Entering safepoint region: RevokeBias
[2022-06-13T01:32:30.873+0000][1][safepoint    ] Leaving safepoint region
[2022-06-13T01:32:30.873+0000][1][safepoint    ] Total time for which application threads were stopped: 0.0003525 seconds, Stopping threads took: 0.0001554 seconds
[2022-06-13T01:32:30.873+0000][1][safepoint    ] Application time: 0.0001958 seconds
[2022-06-13T01:32:30.874+0000][1][safepoint    ] Entering safepoint region: RevokeBias
[2022-06-13T01:32:30.874+0000][1][safepoint    ] Leaving safepoint region
[2022-06-13T01:32:30.874+0000][1][safepoint    ] Total time for which application threads were stopped: 0.0005671 seconds, Stopping threads took: 0.0001889 seconds
[2022-06-13T01:32:30.891+0000][1][safepoint    ] Application time: 0.0169608 seconds
[2022-06-13T01:32:30.892+0000][1][safepoint    ] Entering safepoint region: RevokeBias
[2022-06-13T01:32:30.892+0000][1][safepoint    ] Leaving safepoint region
[2022-06-13T01:32:30.892+0000][1][safepoint    ] Total time for which application threads were stopped: 0.0005851 seconds, Stopping threads took: 0.0002680 seconds
[2022-06-13T01:32:30.952+0000][1][safepoint    ] Application time: 0.0589082 seconds
[2022-06-13T01:32:30.952+0000][1][safepoint    ] Entering safepoint region: RevokeBias
[2022-06-13T01:32:30.952+0000][1][safepoint    ] Leaving safepoint region
[2022-06-13T01:32:30.953+0000][1][safepoint    ] Total time for which application threads were stopped: 0.0007070 seconds, Stopping threads took: 0.0003298 seconds
[2022-06-13T01:32:30.953+0000][1][safepoint    ] Application time: 0.0003297 seconds
[2022-06-13T01:32:30.953+0000][1][safepoint    ] Entering safepoint region: RevokeBias
[2022-06-13T01:32:30.954+0000][1][safepoint    ] Leaving safepoint region
[2022-06-13T01:32:30.954+0000][1][safepoint    ] Total time for which application threads were stopped: 0.0004955 seconds, Stopping threads took: 0.0002243 seconds
[2022-06-13T01:32:30.955+0000][1][safepoint    ] Application time: 0.0013877 seconds
[2022-06-13T01:32:30.956+0000][1][safepoint    ] Entering safepoint region: RevokeBias
[2022-06-13T01:32:30.956+0000][1][safepoint    ] Leaving safepoint region
[2022-06-13T01:32:30.956+0000][1][safepoint    ] Total time for which application threads were stopped: 0.0004606 seconds, Stopping threads took: 0.0001879 seconds
[2022-06-13T01:32:30.958+0000][1][safepoint    ] Application time: 0.0014276 seconds
[2022-06-13T01:32:30.958+0000][1][safepoint    ] Entering safepoint region: RevokeBias
[2022-06-13T01:32:30.959+0000][1][safepoint    ] Leaving safepoint region
[2022-06-13T01:32:30.959+0000][1][safepoint    ] Total time for which application threads were stopped: 0.0007558 seconds, Stopping threads took: 0.0003600 seconds
[2022-06-13T01:32:30.963+0000][1][safepoint    ] Application time: 0.0030542 seconds
[2022-06-13T01:32:30.964+0000][1][safepoint    ] Entering safepoint region: RevokeBias
[2022-06-13T01:32:30.965+0000][1][safepoint    ] Leaving safepoint region
[2022-06-13T01:32:30.965+0000][1][safepoint    ] Total time for which application threads were stopped: 0.0011654 seconds, Stopping threads took: 0.0007188 seconds
[2022-06-13T01:32:30.965+0000][1][safepoint    ] Application time: 0.0002600 seconds
[2022-06-13T01:32:30.966+0000][1][safepoint    ] Entering safepoint region: RevokeBias
[2022-06-13T01:32:30.966+0000][1][safepoint    ] Leaving safepoint region
[2022-06-13T01:32:30.966+0000][1][safepoint    ] Total time for which application threads were stopped: 0.0007033 seconds, Stopping threads took: 0.0003867 seconds
[2022-06-13T01:32:30.967+0000][1][safepoint    ] Application time: 0.0002420 seconds
[2022-06-13T01:32:30.967+0000][1][safepoint    ] Entering safepoint region: RevokeBias
[2022-06-13T01:32:30.968+0000][1][safepoint    ] Leaving safepoint region
[2022-06-13T01:32:30.968+0000][1][safepoint    ] Total time for which application threads were stopped: 0.0006865 seconds, Stopping threads took: 0.0003124 seconds
[2022-06-13T01:32:30.969+0000][1][safepoint    ] Application time: 0.0010457 seconds
[2022-06-13T01:32:30.970+0000][1][safepoint    ] Entering safepoint region: RevokeBias
[2022-06-13T01:32:30.970+0000][1][safepoint    ] Leaving safepoint region
[2022-06-13T01:32:30.970+0000][1][safepoint    ] Total time for which application threads were stopped: 0.0007554 seconds, Stopping threads took: 0.0003982 seconds
[2022-06-13T01:32:30.971+0000][1][safepoint    ] Application time: 0.0003041 seconds
[2022-06-13T01:32:30.971+0000][1][safepoint    ] Entering safepoint region: RevokeBias
[2022-06-13T01:32:30.972+0000][1][safepoint    ] Leaving safepoint region
[2022-06-13T01:32:30.972+0000][1][safepoint    ] Total time for which application threads were stopped: 0.0005247 seconds, Stopping threads took: 0.0002549 seconds
[2022-06-13T01:32:30.972+0000][1][safepoint    ] Application time: 0.0001398 seconds
[2022-06-13T01:32:30.972+0000][1][safepoint    ] Entering safepoint region: RevokeBias
[2022-06-13T01:32:30.973+0000][1][safepoint    ] Leaving safepoint region
[2022-06-13T01:32:30.973+0000][1][safepoint    ] Total time for which application threads were stopped: 0.0008710 seconds, Stopping threads took: 0.0004843 seconds
[2022-06-13T01:32:30.975+0000][1][safepoint    ] Application time: 0.0011295 seconds
[2022-06-13T01:32:30.975+0000][1][safepoint    ] Entering safepoint region: RevokeBias
[2022-06-13T01:32:30.976+0000][1][safepoint    ] Leaving safepoint region
[2022-06-13T01:32:30.976+0000][1][safepoint    ] Total time for which application threads were stopped: 0.0009114 seconds, Stopping threads took: 0.0005335 seconds
[2022-06-13T01:32:30.977+0000][1][safepoint    ] Application time: 0.0002949 seconds
[2022-06-13T01:32:30.977+0000][1][safepoint    ] Entering safepoint region: RevokeBias
[2022-06-13T01:32:30.977+0000][1][safepoint    ] Leaving safepoint region
[2022-06-13T01:32:30.978+0000][1][safepoint    ] Total time for which application threads were stopped: 0.0006258 seconds, Stopping threads took: 0.0003536 seconds
[2022-06-13T01:32:30.979+0000][1][safepoint    ] Application time: 0.0006970 seconds
[2022-06-13T01:32:30.979+0000][1][safepoint    ] Entering safepoint region: RevokeBias
[2022-06-13T01:32:30.979+0000][1][safepoint    ] Leaving safepoint region
[2022-06-13T01:32:30.980+0000][1][safepoint    ] Total time for which application threads were stopped: 0.0006775 seconds, Stopping threads took: 0.0003508 seconds
[2022-06-13T01:32:30.981+0000][1][safepoint    ] Application time: 0.0016236 seconds
[2022-06-13T01:32:30.982+0000][1][safepoint    ] Entering safepoint region: RevokeBias
[2022-06-13T01:32:30.982+0000][1][safepoint    ] Leaving safepoint region
[2022-06-13T01:32:30.983+0000][1][safepoint    ] Total time for which application threads were stopped: 0.0006165 seconds, Stopping threads took: 0.0002804 seconds
[2022-06-13T01:32:30.983+0000][1][safepoint    ] Application time: 0.0005645 seconds
[2022-06-13T01:32:30.984+0000][1][safepoint    ] Entering safepoint region: RevokeBias
[2022-06-13T01:32:30.984+0000][1][safepoint    ] Leaving safepoint region
[2022-06-13T01:32:30.984+0000][1][safepoint    ] Total time for which application threads were stopped: 0.0007621 seconds, Stopping threads took: 0.0005048 seconds
[2022-06-13T01:32:30.985+0000][1][safepoint    ] Application time: 0.0008378 seconds
[2022-06-13T01:32:30.986+0000][1][safepoint    ] Entering safepoint region: RevokeBias
[2022-06-13T01:32:30.986+0000][1][safepoint    ] Leaving safepoint region
[2022-06-13T01:32:30.986+0000][1][safepoint    ] Total time for which application threads were stopped: 0.0006834 seconds, Stopping threads took: 0.0003750 seconds
[2022-06-13T01:32:30.987+0000][1][safepoint    ] Application time: 0.0002654 seconds
[2022-06-13T01:32:30.987+0000][1][safepoint    ] Entering safepoint region: RevokeBias
[2022-06-13T01:32:30.988+0000][1][safepoint    ] Leaving safepoint region
[2022-06-13T01:32:30.988+0000][1][safepoint    ] Total time for which application threads were stopped: 0.0005528 seconds, Stopping threads took: 0.0003173 seconds
[2022-06-13T01:32:30.988+0000][1][safepoint    ] Application time: 0.0005366 seconds
[2022-06-13T01:32:30.989+0000][1][safepoint    ] Entering safepoint region: RevokeBias
[2022-06-13T01:32:30.989+0000][1][safepoint    ] Leaving safepoint region
[2022-06-13T01:32:30.989+0000][1][safepoint    ] Total time for which application threads were stopped: 0.0005134 seconds, Stopping threads took: 0.0002364 seconds
[2022-06-13T01:32:30.990+0000][1][safepoint    ] Application time: 0.0005147 seconds
[2022-06-13T01:32:30.990+0000][1][safepoint    ] Entering safepoint region: RevokeBias
[2022-06-13T01:32:30.991+0000][1][safepoint    ] Leaving safepoint region
[2022-06-13T01:32:30.991+0000][1][safepoint    ] Total time for which application threads were stopped: 0.0004755 seconds, Stopping threads took: 0.0002180 seconds
[2022-06-13T01:32:30.992+0000][1][safepoint    ] Application time: 0.0011013 seconds
[2022-06-13T01:32:30.992+0000][1][safepoint    ] Entering safepoint region: RevokeBias
[2022-06-13T01:32:30.993+0000][1][safepoint    ] Leaving safepoint region
[2022-06-13T01:32:30.993+0000][1][safepoint    ] Total time for which application threads were stopped: 0.0006040 seconds, Stopping threads took: 0.0002459 seconds
[2022-06-13T01:32:30.993+0000][1][safepoint    ] Application time: 0.0002548 seconds
[2022-06-13T01:32:30.994+0000][1][safepoint    ] Entering safepoint region: RevokeBias
[2022-06-13T01:32:30.994+0000][1][safepoint    ] Leaving safepoint region
[2022-06-13T01:32:30.994+0000][1][safepoint    ] Total time for which application threads were stopped: 0.0005356 seconds, Stopping threads took: 0.0002291 seconds
[2022-06-13T01:32:30.994+0000][1][safepoint    ] Application time: 0.0000742 seconds
[2022-06-13T01:32:30.995+0000][1][safepoint    ] Entering safepoint region: RevokeBias
[2022-06-13T01:32:30.995+0000][1][safepoint    ] Leaving safepoint region
[2022-06-13T01:32:30.996+0000][1][safepoint    ] Total time for which application threads were stopped: 0.0009077 seconds, Stopping threads took: 0.0002468 seconds
[2022-06-13T01:32:30.996+0000][1][safepoint    ] Application time: 0.0001794 seconds
[2022-06-13T01:32:30.996+0000][1][safepoint    ] Entering safepoint region: RevokeBias
[2022-06-13T01:32:30.997+0000][1][safepoint    ] Leaving safepoint region
[2022-06-13T01:32:30.997+0000][1][safepoint    ] Total time for which application threads were stopped: 0.0005581 seconds, Stopping threads took: 0.0002703 seconds
[2022-06-13T01:32:30.998+0000][1][safepoint    ] Application time: 0.0007548 seconds
[2022-06-13T01:32:30.998+0000][1][safepoint    ] Entering safepoint region: RevokeBias
[2022-06-13T01:32:30.998+0000][1][safepoint    ] Leaving safepoint region
[2022-06-13T01:32:30.999+0000][1][safepoint    ] Total time for which application threads were stopped: 0.0005603 seconds, Stopping threads took: 0.0002564 seconds
[2022-06-13T01:32:30.999+0000][1][safepoint    ] Application time: 0.0001572 seconds
[2022-06-13T01:32:30.999+0000][1][safepoint    ] Entering safepoint region: RevokeBias
[2022-06-13T01:32:31.000+0000][1][safepoint    ] Leaving safepoint region
[2022-06-13T01:32:31.000+0000][1][safepoint    ] Total time for which application threads were stopped: 0.0005452 seconds, Stopping threads took: 0.0002774 seconds
[2022-06-13T01:32:31.007+0000][1][safepoint    ] Application time: 0.0074254 seconds
[2022-06-13T01:32:31.008+0000][1][safepoint    ] Entering safepoint region: RevokeBias
[2022-06-13T01:32:31.008+0000][1][safepoint    ] Leaving safepoint region
[2022-06-13T01:32:31.008+0000][1][safepoint    ] Total time for which application threads were stopped: 0.0005801 seconds, Stopping threads took: 0.0002410 seconds
[2022-06-13T01:32:31.009+0000][1][safepoint    ] Application time: 0.0002941 seconds
[2022-06-13T01:32:31.009+0000][1][safepoint    ] Entering safepoint region: BulkRevokeBias
[2022-06-13T01:32:31.011+0000][1][safepoint    ] Leaving safepoint region
[2022-06-13T01:32:31.011+0000][1][safepoint    ] Total time for which application threads were stopped: 0.0016305 seconds, Stopping threads took: 0.0003277 seconds
[2022-06-13T01:32:31.015+0000][1][safepoint    ] Application time: 0.0036008 seconds
[2022-06-13T01:32:31.015+0000][1][safepoint    ] Entering safepoint region: RevokeBias
[2022-06-13T01:32:31.015+0000][1][safepoint    ] Leaving safepoint region
[2022-06-13T01:32:31.016+0000][1][safepoint    ] Total time for which application threads were stopped: 0.0006630 seconds, Stopping threads took: 0.0003079 seconds
[2022-06-13T01:32:31.016+0000][1][safepoint    ] Application time: 0.0006008 seconds
[2022-06-13T01:32:31.017+0000][1][safepoint    ] Entering safepoint region: RevokeBias
[2022-06-13T01:32:31.017+0000][1][safepoint    ] Leaving safepoint region
[2022-06-13T01:32:31.017+0000][1][safepoint    ] Total time for which application threads were stopped: 0.0006297 seconds, Stopping threads took: 0.0002579 seconds
[2022-06-13T01:32:31.019+0000][1][safepoint    ] Application time: 0.0018726 seconds
[2022-06-13T01:32:31.020+0000][1][safepoint    ] Entering safepoint region: RevokeBias
[2022-06-13T01:32:31.020+0000][1][safepoint    ] Leaving safepoint region
[2022-06-13T01:32:31.020+0000][1][safepoint    ] Total time for which application threads were stopped: 0.0008420 seconds, Stopping threads took: 0.0004395 seconds
[2022-06-13T01:32:31.021+0000][1][safepoint    ] Application time: 0.0001445 seconds
[2022-06-13T01:32:31.021+0000][1][safepoint    ] Entering safepoint region: RevokeBias
[2022-06-13T01:32:31.021+0000][1][safepoint    ] Leaving safepoint region
[2022-06-13T01:32:31.022+0000][1][safepoint    ] Total time for which application threads were stopped: 0.0004893 seconds, Stopping threads took: 0.0002376 seconds
[2022-06-13T01:32:31.022+0000][1][safepoint    ] Application time: 0.0001653 seconds
[2022-06-13T01:32:31.022+0000][1][safepoint    ] Entering safepoint region: RevokeBias
[2022-06-13T01:32:31.023+0000][1][safepoint    ] Leaving safepoint region
[2022-06-13T01:32:31.023+0000][1][safepoint    ] Total time for which application threads were stopped: 0.0006169 seconds, Stopping threads took: 0.0003147 seconds
[2022-06-13T01:32:31.025+0000][1][safepoint    ] Application time: 0.0022579 seconds
[2022-06-13T01:32:31.026+0000][1][safepoint    ] Entering safepoint region: RevokeBias
[2022-06-13T01:32:31.026+0000][1][safepoint    ] Leaving safepoint region
[2022-06-13T01:32:31.026+0000][1][safepoint    ] Total time for which application threads were stopped: 0.0006430 seconds, Stopping threads took: 0.0002903 seconds
[2022-06-13T01:32:31.027+0000][1][safepoint    ] Application time: 0.0003246 seconds
[2022-06-13T01:32:31.027+0000][1][safepoint    ] Entering safepoint region: RevokeBias
[2022-06-13T01:32:31.027+0000][1][safepoint    ] Leaving safepoint region
[2022-06-13T01:32:31.028+0000][1][safepoint    ] Total time for which application threads were stopped: 0.0005053 seconds, Stopping threads took: 0.0002082 seconds
[2022-06-13T01:32:31.030+0000][1][safepoint    ] Application time: 0.0021411 seconds
[2022-06-13T01:32:31.030+0000][1][safepoint    ] Entering safepoint region: RevokeBias
[2022-06-13T01:32:31.031+0000][1][safepoint    ] Leaving safepoint region
[2022-06-13T01:32:31.031+0000][1][safepoint    ] Total time for which application threads were stopped: 0.0007041 seconds, Stopping threads took: 0.0003784 seconds
[2022-06-13T01:32:31.031+0000][1][safepoint    ] Application time: 0.0001455 seconds
[2022-06-13T01:32:31.032+0000][1][safepoint    ] Entering safepoint region: RevokeBias
[2022-06-13T01:32:31.032+0000][1][safepoint    ] Leaving safepoint region
[2022-06-13T01:32:31.032+0000][1][safepoint    ] Total time for which application threads were stopped: 0.0006366 seconds, Stopping threads took: 0.0003541 seconds
[2022-06-13T01:32:31.038+0000][1][safepoint    ] Application time: 0.0054484 seconds
[2022-06-13T01:32:31.038+0000][1][safepoint    ] Entering safepoint region: RevokeBias
[2022-06-13T01:32:31.038+0000][1][safepoint    ] Leaving safepoint region
[2022-06-13T01:32:31.039+0000][1][safepoint    ] Total time for which application threads were stopped: 0.0005251 seconds, Stopping threads took: 0.0002455 seconds
[2022-06-13T01:32:31.039+0000][1][safepoint    ] Application time: 0.0002318 seconds
[2022-06-13T01:32:31.039+0000][1][safepoint    ] Entering safepoint region: RevokeBias
[2022-06-13T01:32:31.040+0000][1][safepoint    ] Leaving safepoint region
[2022-06-13T01:32:31.040+0000][1][safepoint    ] Total time for which application threads were stopped: 0.0006985 seconds, Stopping threads took: 0.0003117 seconds
[2022-06-13T01:32:31.041+0000][1][safepoint    ] Application time: 0.0002510 seconds
[2022-06-13T01:32:31.041+0000][1][safepoint    ] Entering safepoint region: RevokeBias
[2022-06-13T01:32:31.041+0000][1][safepoint    ] Leaving safepoint region
[2022-06-13T01:32:31.041+0000][1][safepoint    ] Total time for which application threads were stopped: 0.0005240 seconds, Stopping threads took: 0.0002102 seconds
[2022-06-13T01:32:31.042+0000][1][safepoint    ] Application time: 0.0001370 seconds
[2022-06-13T01:32:31.042+0000][1][safepoint    ] Entering safepoint region: RevokeBias
[2022-06-13T01:32:31.043+0000][1][safepoint    ] Leaving safepoint region
[2022-06-13T01:32:31.043+0000][1][safepoint    ] Total time for which application threads were stopped: 0.0007341 seconds, Stopping threads took: 0.0003853 seconds
[2022-06-13T01:32:31.047+0000][1][safepoint    ] Application time: 0.0036224 seconds
[2022-06-13T01:32:31.047+0000][1][safepoint    ] Entering safepoint region: RevokeBias
[2022-06-13T01:32:31.048+0000][1][safepoint    ] Leaving safepoint region
[2022-06-13T01:32:31.048+0000][1][safepoint    ] Total time for which application threads were stopped: 0.0008722 seconds, Stopping threads took: 0.0004638 seconds
[2022-06-13T01:32:31.049+0000][1][safepoint    ] Application time: 0.0003922 seconds
[2022-06-13T01:32:31.049+0000][1][safepoint    ] Entering safepoint region: RevokeBias
[2022-06-13T01:32:31.050+0000][1][safepoint    ] Leaving safepoint region
[2022-06-13T01:32:31.050+0000][1][safepoint    ] Total time for which application threads were stopped: 0.0007078 seconds, Stopping threads took: 0.0003094 seconds
[2022-06-13T01:32:31.050+0000][1][safepoint    ] Application time: 0.0001603 seconds
[2022-06-13T01:32:31.051+0000][1][safepoint    ] Entering safepoint region: RevokeBias
[2022-06-13T01:32:31.051+0000][1][safepoint    ] Leaving safepoint region
[2022-06-13T01:32:31.052+0000][1][safepoint    ] Total time for which application threads were stopped: 0.0009252 seconds, Stopping threads took: 0.0004426 seconds
[2022-06-13T01:32:31.052+0000][1][safepoint    ] Application time: 0.0001505 seconds
[2022-06-13T01:32:31.053+0000][1][safepoint    ] Entering safepoint region: RevokeBias
[2022-06-13T01:32:31.053+0000][1][safepoint    ] Leaving safepoint region
[2022-06-13T01:32:31.053+0000][1][safepoint    ] Total time for which application threads were stopped: 0.0007976 seconds, Stopping threads took: 0.0002879 seconds
[2022-06-13T01:32:31.054+0000][1][safepoint    ] Application time: 0.0002685 seconds
[2022-06-13T01:32:31.054+0000][1][safepoint    ] Entering safepoint region: RevokeBias
[2022-06-13T01:32:31.054+0000][1][safepoint    ] Leaving safepoint region
[2022-06-13T01:32:31.055+0000][1][safepoint    ] Total time for which application threads were stopped: 0.0005320 seconds, Stopping threads took: 0.0002602 seconds
[2022-06-13T01:32:31.055+0000][1][safepoint    ] Application time: 0.0000837 seconds
[2022-06-13T01:32:31.055+0000][1][safepoint    ] Entering safepoint region: RevokeBias
[2022-06-13T01:32:31.055+0000][1][safepoint    ] Leaving safepoint region
[2022-06-13T01:32:31.056+0000][1][safepoint    ] Total time for which application threads were stopped: 0.0004874 seconds, Stopping threads took: 0.0002228 seconds
[2022-06-13T01:32:31.056+0000][1][safepoint    ] Application time: 0.0004941 seconds
[2022-06-13T01:32:31.057+0000][1][safepoint    ] Entering safepoint region: RevokeBias
[2022-06-13T01:32:31.057+0000][1][safepoint    ] Leaving safepoint region
[2022-06-13T01:32:31.057+0000][1][safepoint    ] Total time for which application threads were stopped: 0.0006707 seconds, Stopping threads took: 0.0003361 seconds
[2022-06-13T01:32:31.058+0000][1][safepoint    ] Application time: 0.0002428 seconds
[2022-06-13T01:32:31.059+0000][1][safepoint    ] Entering safepoint region: RevokeBias
[2022-06-13T01:32:31.059+0000][1][safepoint    ] Leaving safepoint region
[2022-06-13T01:32:31.060+0000][1][safepoint    ] Total time for which application threads were stopped: 0.0008454 seconds, Stopping threads took: 0.0004484 seconds
[2022-06-13T01:32:31.063+0000][1][safepoint    ] Application time: 0.0027897 seconds
[2022-06-13T01:32:31.063+0000][1][safepoint    ] Entering safepoint region: RevokeBias
[2022-06-13T01:32:31.063+0000][1][safepoint    ] Leaving safepoint region
[2022-06-13T01:32:31.064+0000][1][safepoint    ] Total time for which application threads were stopped: 0.0005913 seconds, Stopping threads took: 0.0003087 seconds
[2022-06-13T01:32:31.096+0000][1][safepoint    ] Application time: 0.0318020 seconds
[2022-06-13T01:32:31.096+0000][1][safepoint    ] Entering safepoint region: RevokeBias
[2022-06-13T01:32:31.097+0000][1][safepoint    ] Leaving safepoint region
[2022-06-13T01:32:31.097+0000][1][safepoint    ] Total time for which application threads were stopped: 0.0008089 seconds, Stopping threads took: 0.0003854 seconds
[2022-06-13T01:32:31.102+0000][1][safepoint    ] Application time: 0.0046795 seconds
[2022-06-13T01:32:31.102+0000][1][safepoint    ] Entering safepoint region: RevokeBias
[2022-06-13T01:32:31.102+0000][1][safepoint    ] Leaving safepoint region
[2022-06-13T01:32:31.103+0000][1][safepoint    ] Total time for which application threads were stopped: 0.0005985 seconds, Stopping threads took: 0.0002330 seconds
[2022-06-13T01:32:31.103+0000][1][safepoint    ] Application time: 0.0001543 seconds
[2022-06-13T01:32:31.104+0000][1][safepoint    ] Entering safepoint region: RevokeBias
[2022-06-13T01:32:31.104+0000][1][safepoint    ] Leaving safepoint region
[2022-06-13T01:32:31.105+0000][1][safepoint    ] Total time for which application threads were stopped: 0.0006793 seconds, Stopping threads took: 0.0003183 seconds
[2022-06-13T01:32:31.190+0000][1][safepoint    ] Application time: 0.0855655 seconds
[2022-06-13T01:32:31.191+0000][1][safepoint    ] Entering safepoint region: RevokeBias
[2022-06-13T01:32:31.191+0000][1][safepoint    ] Leaving safepoint region
[2022-06-13T01:32:31.192+0000][1][safepoint    ] Total time for which application threads were stopped: 0.0010228 seconds, Stopping threads took: 0.0003313 seconds
[2022-06-13T01:32:31.192+0000][1][safepoint    ] Application time: 0.0002389 seconds
[2022-06-13T01:32:31.192+0000][1][safepoint    ] Entering safepoint region: RevokeBias
[2022-06-13T01:32:31.193+0000][1][safepoint    ] Leaving safepoint region
[2022-06-13T01:32:31.193+0000][1][safepoint    ] Total time for which application threads were stopped: 0.0005637 seconds, Stopping threads took: 0.0002936 seconds
[2022-06-13T01:32:31.203+0000][1][safepoint    ] Application time: 0.0098266 seconds
[2022-06-13T01:32:31.204+0000][1][safepoint    ] Entering safepoint region: RevokeBias
[2022-06-13T01:32:31.204+0000][1][safepoint    ] Leaving safepoint region
[2022-06-13T01:32:31.205+0000][1][safepoint    ] Total time for which application threads were stopped: 0.0008340 seconds, Stopping threads took: 0.0004366 seconds
[2022-06-13T01:32:31.208+0000][1][safepoint    ] Application time: 0.0035411 seconds
[2022-06-13T01:32:31.209+0000][1][safepoint    ] Entering safepoint region: RevokeBias
[2022-06-13T01:32:31.209+0000][1][safepoint    ] Leaving safepoint region
[2022-06-13T01:32:31.210+0000][1][safepoint    ] Total time for which application threads were stopped: 0.0007957 seconds, Stopping threads took: 0.0003833 seconds
[2022-06-13T01:32:31.225+0000][1][safepoint    ] Application time: 0.0151448 seconds
[2022-06-13T01:32:31.226+0000][1][safepoint    ] Entering safepoint region: RevokeBias
[2022-06-13T01:32:31.226+0000][1][safepoint    ] Leaving safepoint region
[2022-06-13T01:32:31.226+0000][1][safepoint    ] Total time for which application threads were stopped: 0.0006995 seconds, Stopping threads took: 0.0002957 seconds
[2022-06-13T01:32:31.242+0000][1][safepoint    ] Application time: 0.0157309 seconds
[2022-06-13T01:32:31.243+0000][1][safepoint    ] Entering safepoint region: RevokeBias
[2022-06-13T01:32:31.243+0000][1][safepoint    ] Leaving safepoint region
[2022-06-13T01:32:31.243+0000][1][safepoint    ] Total time for which application threads were stopped: 0.0005724 seconds, Stopping threads took: 0.0002821 seconds
[2022-06-13T01:32:31.243+0000][1][safepoint    ] Application time: 0.0001375 seconds
[2022-06-13T01:32:31.244+0000][1][safepoint    ] Entering safepoint region: RevokeBias
[2022-06-13T01:32:31.244+0000][1][safepoint    ] Leaving safepoint region
[2022-06-13T01:32:31.244+0000][1][safepoint    ] Total time for which application threads were stopped: 0.0004177 seconds, Stopping threads took: 0.0001889 seconds
[2022-06-13T01:32:31.244+0000][1][safepoint    ] Application time: 0.0001394 seconds
[2022-06-13T01:32:31.245+0000][1][safepoint    ] Entering safepoint region: RevokeBias
[2022-06-13T01:32:31.245+0000][1][safepoint    ] Leaving safepoint region
[2022-06-13T01:32:31.245+0000][1][safepoint    ] Total time for which application threads were stopped: 0.0004226 seconds, Stopping threads took: 0.0001875 seconds
[2022-06-13T01:32:31.245+0000][1][safepoint    ] Application time: 0.0001383 seconds
[2022-06-13T01:32:31.246+0000][1][safepoint    ] Entering safepoint region: RevokeBias
[2022-06-13T01:32:31.246+0000][1][safepoint    ] Leaving safepoint region
[2022-06-13T01:32:31.246+0000][1][safepoint    ] Total time for which application threads were stopped: 0.0004350 seconds, Stopping threads took: 0.0001952 seconds
[2022-06-13T01:32:31.246+0000][1][safepoint    ] Application time: 0.0001172 seconds
[2022-06-13T01:32:31.247+0000][1][safepoint    ] Entering safepoint region: RevokeBias
[2022-06-13T01:32:31.247+0000][1][safepoint    ] Leaving safepoint region
[2022-06-13T01:32:31.247+0000][1][safepoint    ] Total time for which application threads were stopped: 0.0004097 seconds, Stopping threads took: 0.0002074 seconds
[2022-06-13T01:32:31.247+0000][1][safepoint    ] Application time: 0.0001077 seconds
[2022-06-13T01:32:31.248+0000][1][safepoint    ] Entering safepoint region: RevokeBias
[2022-06-13T01:32:31.248+0000][1][safepoint    ] Leaving safepoint region
[2022-06-13T01:32:31.248+0000][1][safepoint    ] Total time for which application threads were stopped: 0.0004388 seconds, Stopping threads took: 0.0001857 seconds
[2022-06-13T01:32:31.248+0000][1][safepoint    ] Application time: 0.0000537 seconds
[2022-06-13T01:32:31.248+0000][1][safepoint    ] Entering safepoint region: RevokeBias
[2022-06-13T01:32:31.249+0000][1][safepoint    ] Leaving safepoint region
[2022-06-13T01:32:31.249+0000][1][safepoint    ] Total time for which application threads were stopped: 0.0004069 seconds, Stopping threads took: 0.0001860 seconds
[2022-06-13T01:32:31.249+0000][1][safepoint    ] Application time: 0.0000546 seconds
[2022-06-13T01:32:31.249+0000][1][safepoint    ] Entering safepoint region: RevokeBias
[2022-06-13T01:32:31.250+0000][1][safepoint    ] Leaving safepoint region
[2022-06-13T01:32:31.250+0000][1][safepoint    ] Total time for which application threads were stopped: 0.0004349 seconds, Stopping threads took: 0.0002038 seconds
[2022-06-13T01:32:31.281+0000][1][safepoint    ] Application time: 0.0312647 seconds
[2022-06-13T01:32:31.282+0000][1][safepoint    ] Entering safepoint region: RevokeBias
[2022-06-13T01:32:31.282+0000][1][safepoint    ] Leaving safepoint region
[2022-06-13T01:32:31.282+0000][1][safepoint    ] Total time for which application threads were stopped: 0.0005773 seconds, Stopping threads took: 0.0002953 seconds
[2022-06-13T01:32:31.469+0000][1][safepoint    ] Application time: 0.1862339 seconds
[2022-06-13T01:32:31.469+0000][1][safepoint    ] Entering safepoint region: RevokeBias
[2022-06-13T01:32:31.470+0000][1][safepoint    ] Leaving safepoint region
[2022-06-13T01:32:31.470+0000][1][safepoint    ] Total time for which application threads were stopped: 0.0010424 seconds, Stopping threads took: 0.0005401 seconds
[2022-06-13T01:32:31.471+0000][1][safepoint    ] Application time: 0.0003057 seconds
[2022-06-13T01:32:31.471+0000][1][safepoint    ] Entering safepoint region: RevokeBias
[2022-06-13T01:32:31.472+0000][1][safepoint    ] Leaving safepoint region
[2022-06-13T01:32:31.472+0000][1][safepoint    ] Total time for which application threads were stopped: 0.0006439 seconds, Stopping threads took: 0.0002911 seconds
[2022-06-13T01:32:31.474+0000][1][safepoint    ] Application time: 0.0016199 seconds
[2022-06-13T01:32:31.474+0000][1][safepoint    ] Entering safepoint region: RevokeBias
[2022-06-13T01:32:31.474+0000][1][safepoint    ] Leaving safepoint region
[2022-06-13T01:32:31.475+0000][1][safepoint    ] Total time for which application threads were stopped: 0.0005179 seconds, Stopping threads took: 0.0002437 seconds
[2022-06-13T01:32:31.475+0000][1][safepoint    ] Application time: 0.0004302 seconds
[2022-06-13T01:32:31.476+0000][1][safepoint    ] Entering safepoint region: RevokeBias
[2022-06-13T01:32:31.476+0000][1][safepoint    ] Leaving safepoint region
[2022-06-13T01:32:31.476+0000][1][safepoint    ] Total time for which application threads were stopped: 0.0006638 seconds, Stopping threads took: 0.0002953 seconds
[2022-06-13T01:32:31.477+0000][1][safepoint    ] Application time: 0.0001455 seconds
[2022-06-13T01:32:31.477+0000][1][safepoint    ] Entering safepoint region: RevokeBias
[2022-06-13T01:32:31.477+0000][1][safepoint    ] Leaving safepoint region
[2022-06-13T01:32:31.477+0000][1][safepoint    ] Total time for which application threads were stopped: 0.0005554 seconds, Stopping threads took: 0.0002349 seconds
[2022-06-13T01:32:31.490+0000][1][safepoint    ] Application time: 0.0120045 seconds
[2022-06-13T01:32:31.490+0000][1][safepoint    ] Entering safepoint region: RevokeBias
[2022-06-13T01:32:31.491+0000][1][safepoint    ] Leaving safepoint region
[2022-06-13T01:32:31.491+0000][1][safepoint    ] Total time for which application threads were stopped: 0.0005309 seconds, Stopping threads took: 0.0002535 seconds
[2022-06-13T01:32:31.491+0000][1][safepoint    ] Application time: 0.0003942 seconds
[2022-06-13T01:32:31.492+0000][1][safepoint    ] Entering safepoint region: RevokeBias
[2022-06-13T01:32:31.492+0000][1][safepoint    ] Leaving safepoint region
[2022-06-13T01:32:31.492+0000][1][safepoint    ] Total time for which application threads were stopped: 0.0006856 seconds, Stopping threads took: 0.0003903 seconds
[2022-06-13T01:32:31.493+0000][1][safepoint    ] Application time: 0.0002315 seconds
[2022-06-13T01:32:31.493+0000][1][safepoint    ] Entering safepoint region: RevokeBias
[2022-06-13T01:32:31.494+0000][1][safepoint    ] Leaving safepoint region
[2022-06-13T01:32:31.494+0000][1][safepoint    ] Total time for which application threads were stopped: 0.0006515 seconds, Stopping threads took: 0.0002723 seconds
[2022-06-13T01:32:31.495+0000][1][safepoint    ] Application time: 0.0005121 seconds
[2022-06-13T01:32:31.495+0000][1][safepoint    ] Entering safepoint region: RevokeBias
[2022-06-13T01:32:31.496+0000][1][safepoint    ] Leaving safepoint region
[2022-06-13T01:32:31.496+0000][1][safepoint    ] Total time for which application threads were stopped: 0.0010166 seconds, Stopping threads took: 0.0007152 seconds
[2022-06-13T01:32:31.497+0000][1][safepoint    ] Application time: 0.0006668 seconds
[2022-06-13T01:32:31.497+0000][1][safepoint    ] Entering safepoint region: RevokeBias
[2022-06-13T01:32:31.497+0000][1][safepoint    ] Leaving safepoint region
[2022-06-13T01:32:31.498+0000][1][safepoint    ] Total time for which application threads were stopped: 0.0006805 seconds, Stopping threads took: 0.0003236 seconds
[2022-06-13T01:32:31.498+0000][1][safepoint    ] Application time: 0.0001768 seconds
[2022-06-13T01:32:31.499+0000][1][safepoint    ] Entering safepoint region: RevokeBias
[2022-06-13T01:32:31.499+0000][1][safepoint    ] Leaving safepoint region
[2022-06-13T01:32:31.499+0000][1][safepoint    ] Total time for which application threads were stopped: 0.0007492 seconds, Stopping threads took: 0.0003617 seconds
[2022-06-13T01:32:31.500+0000][1][safepoint    ] Application time: 0.0001681 seconds
[2022-06-13T01:32:31.501+0000][1][safepoint    ] Entering safepoint region: RevokeBias
[2022-06-13T01:32:31.501+0000][1][safepoint    ] Leaving safepoint region
[2022-06-13T01:32:31.501+0000][1][safepoint    ] Total time for which application threads were stopped: 0.0008331 seconds, Stopping threads took: 0.0004705 seconds
[2022-06-13T01:32:31.502+0000][1][safepoint    ] Application time: 0.0005628 seconds
[2022-06-13T01:32:31.503+0000][1][safepoint    ] Entering safepoint region: RevokeBias
[2022-06-13T01:32:31.503+0000][1][safepoint    ] Leaving safepoint region
[2022-06-13T01:32:31.503+0000][1][safepoint    ] Total time for which application threads were stopped: 0.0007829 seconds, Stopping threads took: 0.0003802 seconds
[2022-06-13T01:32:31.509+0000][1][safepoint    ] Application time: 0.0057589 seconds
[2022-06-13T01:32:31.510+0000][1][safepoint    ] Entering safepoint region: RevokeBias
[2022-06-13T01:32:31.510+0000][1][safepoint    ] Leaving safepoint region
[2022-06-13T01:32:31.510+0000][1][safepoint    ] Total time for which application threads were stopped: 0.0005755 seconds, Stopping threads took: 0.0003002 seconds
[2022-06-13T01:32:31.515+0000][1][safepoint    ] Application time: 0.0046430 seconds
[2022-06-13T01:32:31.515+0000][1][safepoint    ] Entering safepoint region: RevokeBias
[2022-06-13T01:32:31.516+0000][1][safepoint    ] Leaving safepoint region
[2022-06-13T01:32:31.516+0000][1][safepoint    ] Total time for which application threads were stopped: 0.0004463 seconds, Stopping threads took: 0.0001943 seconds
[2022-06-13T01:32:31.517+0000][1][safepoint    ] Application time: 0.0008762 seconds
[2022-06-13T01:32:31.517+0000][1][safepoint    ] Entering safepoint region: RevokeBias
[2022-06-13T01:32:31.517+0000][1][safepoint    ] Leaving safepoint region
[2022-06-13T01:32:31.518+0000][1][safepoint    ] Total time for which application threads were stopped: 0.0005454 seconds, Stopping threads took: 0.0002794 seconds
[2022-06-13T01:32:31.521+0000][1][safepoint    ] Application time: 0.0036135 seconds
[2022-06-13T01:32:31.522+0000][1][safepoint    ] Entering safepoint region: RevokeBias
[2022-06-13T01:32:31.522+0000][1][safepoint    ] Leaving safepoint region
[2022-06-13T01:32:31.522+0000][1][safepoint    ] Total time for which application threads were stopped: 0.0005691 seconds, Stopping threads took: 0.0002499 seconds
[2022-06-13T01:32:31.523+0000][1][safepoint    ] Application time: 0.0003286 seconds
[2022-06-13T01:32:31.523+0000][1][safepoint    ] Entering safepoint region: RevokeBias
[2022-06-13T01:32:31.523+0000][1][safepoint    ] Leaving safepoint region
[2022-06-13T01:32:31.524+0000][1][safepoint    ] Total time for which application threads were stopped: 0.0006323 seconds, Stopping threads took: 0.0001604 seconds
[2022-06-13T01:32:31.584+0000][1][safepoint    ] Application time: 0.0597600 seconds
[2022-06-13T01:32:31.584+0000][1][safepoint    ] Entering safepoint region: RevokeBias
[2022-06-13T01:32:31.584+0000][1][safepoint    ] Leaving safepoint region
[2022-06-13T01:32:31.585+0000][1][safepoint    ] Total time for which application threads were stopped: 0.0010518 seconds, Stopping threads took: 0.0004745 seconds
[2022-06-13T01:32:31.585+0000][1][safepoint    ] Application time: 0.0001444 seconds
[2022-06-13T01:32:31.586+0000][1][safepoint    ] Entering safepoint region: RevokeBias
[2022-06-13T01:32:31.586+0000][1][safepoint    ] Leaving safepoint region
[2022-06-13T01:32:31.586+0000][1][safepoint    ] Total time for which application threads were stopped: 0.0005828 seconds, Stopping threads took: 0.0002906 seconds
[2022-06-13T01:32:31.587+0000][1][safepoint    ] Application time: 0.0002258 seconds
[2022-06-13T01:32:31.587+0000][1][safepoint    ] Entering safepoint region: RevokeBias
[2022-06-13T01:32:31.587+0000][1][safepoint    ] Leaving safepoint region
[2022-06-13T01:32:31.588+0000][1][safepoint    ] Total time for which application threads were stopped: 0.0005703 seconds, Stopping threads took: 0.0002533 seconds
[2022-06-13T01:32:31.588+0000][1][safepoint    ] Application time: 0.0001690 seconds
[2022-06-13T01:32:31.589+0000][1][safepoint    ] Entering safepoint region: RevokeBias
[2022-06-13T01:32:31.589+0000][1][safepoint    ] Leaving safepoint region
[2022-06-13T01:32:31.589+0000][1][safepoint    ] Total time for which application threads were stopped: 0.0007089 seconds, Stopping threads took: 0.0003393 seconds
[2022-06-13T01:32:31.590+0000][1][safepoint    ] Application time: 0.0001794 seconds
[2022-06-13T01:32:31.590+0000][1][safepoint    ] Entering safepoint region: RevokeBias
[2022-06-13T01:32:31.591+0000][1][safepoint    ] Leaving safepoint region
[2022-06-13T01:32:31.591+0000][1][safepoint    ] Total time for which application threads were stopped: 0.0008571 seconds, Stopping threads took: 0.0005896 seconds
[2022-06-13T01:32:31.591+0000][1][safepoint    ] Application time: 0.0001776 seconds
[2022-06-13T01:32:31.592+0000][1][safepoint    ] Entering safepoint region: RevokeBias
[2022-06-13T01:32:31.593+0000][1][safepoint    ] Leaving safepoint region
[2022-06-13T01:32:31.593+0000][1][safepoint    ] Total time for which application threads were stopped: 0.0006548 seconds, Stopping threads took: 0.0003710 seconds
[2022-06-13T01:32:31.593+0000][1][safepoint    ] Application time: 0.0003656 seconds
[2022-06-13T01:32:31.594+0000][1][safepoint    ] Entering safepoint region: RevokeBias
[2022-06-13T01:32:31.594+0000][1][safepoint    ] Leaving safepoint region
[2022-06-13T01:32:31.594+0000][1][safepoint    ] Total time for which application threads were stopped: 0.0006131 seconds, Stopping threads took: 0.0002948 seconds
[2022-06-13T01:32:31.595+0000][1][safepoint    ] Application time: 0.0001328 seconds
[2022-06-13T01:32:31.595+0000][1][safepoint    ] Entering safepoint region: RevokeBias
[2022-06-13T01:32:31.595+0000][1][safepoint    ] Leaving safepoint region
[2022-06-13T01:32:31.596+0000][1][safepoint    ] Total time for which application threads were stopped: 0.0006287 seconds, Stopping threads took: 0.0003344 seconds
[2022-06-13T01:32:32.603+0000][1][safepoint    ] Application time: 1.0068839 seconds
[2022-06-13T01:32:32.604+0000][1][safepoint    ] Entering safepoint region: Cleanup
[2022-06-13T01:32:32.605+0000][1][safepoint    ] Leaving safepoint region
[2022-06-13T01:32:32.606+0000][1][safepoint    ] Total time for which application threads were stopped: 0.0021861 seconds, Stopping threads took: 0.0008380 seconds
[2022-06-13T01:32:33.607+0000][1][safepoint    ] Application time: 1.0003189 seconds
[2022-06-13T01:32:33.607+0000][1][safepoint    ] Entering safepoint region: Cleanup
[2022-06-13T01:32:33.608+0000][1][safepoint    ] Leaving safepoint region
[2022-06-13T01:32:33.608+0000][1][safepoint    ] Total time for which application threads were stopped: 0.0007894 seconds, Stopping threads took: 0.0003882 seconds
[2022-06-13T01:32:34.034+0000][1][safepoint    ] Application time: 0.4259951 seconds
[2022-06-13T01:32:34.035+0000][1][safepoint    ] Entering safepoint region: RevokeBias
[2022-06-13T01:32:34.036+0000][1][safepoint    ] Leaving safepoint region
[2022-06-13T01:32:34.037+0000][1][safepoint    ] Total time for which application threads were stopped: 0.0015647 seconds, Stopping threads took: 0.0006768 seconds
[2022-06-13T01:32:34.038+0000][1][safepoint    ] Application time: 0.0005689 seconds
[2022-06-13T01:32:34.039+0000][1][safepoint    ] Entering safepoint region: RevokeBias
[2022-06-13T01:32:34.039+0000][1][safepoint    ] Leaving safepoint region
[2022-06-13T01:32:34.039+0000][1][safepoint    ] Total time for which application threads were stopped: 0.0010385 seconds, Stopping threads took: 0.0006216 seconds
[2022-06-13T01:32:34.040+0000][1][safepoint    ] Application time: 0.0007135 seconds
[2022-06-13T01:32:34.041+0000][1][safepoint    ] Entering safepoint region: RevokeBias
[2022-06-13T01:32:34.041+0000][1][safepoint    ] Leaving safepoint region
[2022-06-13T01:32:34.042+0000][1][safepoint    ] Total time for which application threads were stopped: 0.0008663 seconds, Stopping threads took: 0.0006449 seconds
[2022-06-13T01:32:34.042+0000][1][safepoint    ] Application time: 0.0003392 seconds
[2022-06-13T01:32:34.043+0000][1][safepoint    ] Entering safepoint region: RevokeBias
[2022-06-13T01:32:34.043+0000][1][safepoint    ] Leaving safepoint region
[2022-06-13T01:32:34.044+0000][1][safepoint    ] Total time for which application threads were stopped: 0.0005476 seconds, Stopping threads took: 0.0003382 seconds
[2022-06-13T01:32:36.044+0000][1][safepoint    ] Application time: 2.0005354 seconds
[2022-06-13T01:32:36.045+0000][1][safepoint    ] Entering safepoint region: Cleanup
[2022-06-13T01:32:36.045+0000][1][safepoint    ] Leaving safepoint region
[2022-06-13T01:32:36.046+0000][1][safepoint    ] Total time for which application threads were stopped: 0.0009486 seconds, Stopping threads took: 0.0003598 seconds
[2022-06-13T01:32:37.921+0000][1][safepoint    ] Application time: 1.8747543 seconds
[2022-06-13T01:32:37.921+0000][1][safepoint    ] Entering safepoint region: RevokeBias
[2022-06-13T01:32:37.922+0000][1][safepoint    ] Leaving safepoint region
[2022-06-13T01:32:37.923+0000][1][safepoint    ] Total time for which application threads were stopped: 0.0016826 seconds, Stopping threads took: 0.0006605 seconds
[2022-06-13T01:32:37.924+0000][1][safepoint    ] Application time: 0.0004008 seconds
[2022-06-13T01:32:37.925+0000][1][safepoint    ] Entering safepoint region: RevokeBias
[2022-06-13T01:32:37.926+0000][1][safepoint    ] Leaving safepoint region
[2022-06-13T01:32:37.927+0000][1][safepoint    ] Total time for which application threads were stopped: 0.0015937 seconds, Stopping threads took: 0.0006975 seconds
[2022-06-13T01:32:38.928+0000][1][safepoint    ] Application time: 1.0002781 seconds
[2022-06-13T01:32:38.929+0000][1][safepoint    ] Entering safepoint region: Cleanup
[2022-06-13T01:32:38.929+0000][1][safepoint    ] Leaving safepoint region
[2022-06-13T01:32:38.930+0000][1][safepoint    ] Total time for which application threads were stopped: 0.0013001 seconds, Stopping threads took: 0.0005917 seconds
[2022-06-13T01:32:40.931+0000][1][safepoint    ] Application time: 2.0003652 seconds
[2022-06-13T01:32:40.932+0000][1][safepoint    ] Entering safepoint region: Cleanup
[2022-06-13T01:32:40.932+0000][1][safepoint    ] Leaving safepoint region
[2022-06-13T01:32:40.932+0000][1][safepoint    ] Total time for which application threads were stopped: 0.0006319 seconds, Stopping threads took: 0.0003164 seconds
[2022-06-13T01:32:43.933+0000][1][safepoint    ] Application time: 3.0005596 seconds
[2022-06-13T01:32:43.934+0000][1][safepoint    ] Entering safepoint region: Cleanup
[2022-06-13T01:32:43.935+0000][1][safepoint    ] Leaving safepoint region
[2022-06-13T01:32:43.935+0000][1][safepoint    ] Total time for which application threads were stopped: 0.0011521 seconds, Stopping threads took: 0.0005497 seconds
[2022-06-13T01:32:47.937+0000][1][safepoint    ] Application time: 4.0010161 seconds
[2022-06-13T01:32:47.938+0000][1][safepoint    ] Entering safepoint region: Cleanup
[2022-06-13T01:32:47.938+0000][1][safepoint    ] Leaving safepoint region
[2022-06-13T01:32:47.939+0000][1][safepoint    ] Total time for which application threads were stopped: 0.0016690 seconds, Stopping threads took: 0.0005931 seconds
[2022-06-13T01:32:51.941+0000][1][safepoint    ] Application time: 4.0008643 seconds
[2022-06-13T01:32:51.941+0000][1][safepoint    ] Entering safepoint region: Cleanup
[2022-06-13T01:32:51.942+0000][1][safepoint    ] Leaving safepoint region
[2022-06-13T01:32:51.942+0000][1][safepoint    ] Total time for which application threads were stopped: 0.0010924 seconds, Stopping threads took: 0.0005350 seconds
[2022-06-13T01:32:53.943+0000][1][safepoint    ] Application time: 2.0004715 seconds
[2022-06-13T01:32:53.944+0000][1][safepoint    ] Entering safepoint region: Cleanup
[2022-06-13T01:32:53.944+0000][1][safepoint    ] Leaving safepoint region
[2022-06-13T01:32:53.944+0000][1][safepoint    ] Total time for which application threads were stopped: 0.0004755 seconds, Stopping threads took: 0.0001875 seconds
[2022-06-13T01:32:55.945+0000][1][safepoint    ] Application time: 2.0003506 seconds
[2022-06-13T01:32:55.946+0000][1][safepoint    ] Entering safepoint region: Cleanup
[2022-06-13T01:32:55.947+0000][1][safepoint    ] Leaving safepoint region
[2022-06-13T01:32:55.947+0000][1][safepoint    ] Total time for which application threads were stopped: 0.0012148 seconds, Stopping threads took: 0.0006229 seconds
[2022-06-13T01:33:00.949+0000][1][safepoint    ] Application time: 5.0008792 seconds
[2022-06-13T01:33:00.949+0000][1][safepoint    ] Entering safepoint region: Cleanup
[2022-06-13T01:33:00.949+0000][1][safepoint    ] Leaving safepoint region
[2022-06-13T01:33:00.950+0000][1][safepoint    ] Total time for which application threads were stopped: 0.0006877 seconds, Stopping threads took: 0.0003810 seconds
[2022-06-13T01:33:02.950+0000][1][safepoint    ] Application time: 2.0003087 seconds
[2022-06-13T01:33:02.951+0000][1][safepoint    ] Entering safepoint region: Cleanup
[2022-06-13T01:33:02.952+0000][1][safepoint    ] Leaving safepoint region
[2022-06-13T01:33:02.953+0000][1][safepoint    ] Total time for which application threads were stopped: 0.0015512 seconds, Stopping threads took: 0.0006917 seconds
[2022-06-13T01:33:03.954+0000][1][safepoint    ] Application time: 1.0002849 seconds
[2022-06-13T01:33:03.954+0000][1][safepoint    ] Entering safepoint region: Cleanup
[2022-06-13T01:33:03.954+0000][1][safepoint    ] Leaving safepoint region
[2022-06-13T01:33:03.955+0000][1][safepoint    ] Total time for which application threads were stopped: 0.0006239 seconds, Stopping threads took: 0.0002287 seconds
[2022-06-13T01:33:08.956+0000][1][safepoint    ] Application time: 5.0010380 seconds
[2022-06-13T01:33:08.957+0000][1][safepoint    ] Entering safepoint region: Cleanup
[2022-06-13T01:33:08.957+0000][1][safepoint    ] Leaving safepoint region
[2022-06-13T01:33:08.958+0000][1][safepoint    ] Total time for which application threads were stopped: 0.0007081 seconds, Stopping threads took: 0.0003347 seconds
[2022-06-13T01:33:15.697+0000][1][safepoint    ] Application time: 6.7394264 seconds
[2022-06-13T01:33:15.698+0000][1][safepoint    ] Entering safepoint region: RevokeBias
[2022-06-13T01:33:15.698+0000][1][safepoint    ] Leaving safepoint region
[2022-06-13T01:33:15.698+0000][1][safepoint    ] Total time for which application threads were stopped: 0.0006012 seconds, Stopping threads took: 0.0002689 seconds
[2022-06-13T01:33:26.701+0000][1][safepoint    ] Application time: 11.0028713 seconds
[2022-06-13T01:33:26.702+0000][1][safepoint    ] Entering safepoint region: Cleanup
[2022-06-13T01:33:26.702+0000][1][safepoint    ] Leaving safepoint region
[2022-06-13T01:33:26.703+0000][1][safepoint    ] Total time for which application threads were stopped: 0.0009650 seconds, Stopping threads took: 0.0003812 seconds
[2022-06-13T01:33:37.705+0000][1][safepoint    ] Application time: 11.0022867 seconds
[2022-06-13T01:33:37.706+0000][1][safepoint    ] Entering safepoint region: Cleanup
[2022-06-13T01:33:37.707+0000][1][safepoint    ] Leaving safepoint region
[2022-06-13T01:33:37.707+0000][1][safepoint    ] Total time for which application threads were stopped: 0.0012138 seconds, Stopping threads took: 0.0005494 seconds
[2022-06-13T01:33:38.708+0000][1][safepoint    ] Application time: 1.0003927 seconds
[2022-06-13T01:33:38.709+0000][1][safepoint    ] Entering safepoint region: Cleanup
[2022-06-13T01:33:38.710+0000][1][safepoint    ] Leaving safepoint region
[2022-06-13T01:33:38.710+0000][1][safepoint    ] Total time for which application threads were stopped: 0.0016151 seconds, Stopping threads took: 0.0008150 seconds
[2022-06-13T01:33:39.711+0000][1][safepoint    ] Application time: 1.0002251 seconds
[2022-06-13T01:33:39.712+0000][1][safepoint    ] Entering safepoint region: Cleanup
[2022-06-13T01:33:39.712+0000][1][safepoint    ] Leaving safepoint region
[2022-06-13T01:33:39.713+0000][1][safepoint    ] Total time for which application threads were stopped: 0.0008184 seconds, Stopping threads took: 0.0003962 seconds
[2022-06-13T01:33:40.713+0000][1][safepoint    ] Application time: 1.0002310 seconds
[2022-06-13T01:33:40.714+0000][1][safepoint    ] Entering safepoint region: Cleanup
[2022-06-13T01:33:40.714+0000][1][safepoint    ] Leaving safepoint region
[2022-06-13T01:33:40.714+0000][1][safepoint    ] Total time for which application threads were stopped: 0.0007594 seconds, Stopping threads took: 0.0002700 seconds
[2022-06-13T01:33:41.715+0000][1][safepoint    ] Application time: 1.0002958 seconds
[2022-06-13T01:33:41.716+0000][1][safepoint    ] Entering safepoint region: Cleanup
[2022-06-13T01:33:41.716+0000][1][safepoint    ] Leaving safepoint region
[2022-06-13T01:33:41.717+0000][1][safepoint    ] Total time for which application threads were stopped: 0.0010655 seconds, Stopping threads took: 0.0005062 seconds
[2022-06-13T01:33:45.718+0000][1][safepoint    ] Application time: 4.0007603 seconds
[2022-06-13T01:33:45.719+0000][1][safepoint    ] Entering safepoint region: Cleanup
[2022-06-13T01:33:45.720+0000][1][safepoint    ] Leaving safepoint region
[2022-06-13T01:33:45.721+0000][1][safepoint    ] Total time for which application threads were stopped: 0.0018843 seconds, Stopping threads took: 0.0008220 seconds
[2022-06-13T01:33:46.722+0000][1][safepoint    ] Application time: 1.0002385 seconds
[2022-06-13T01:33:46.722+0000][1][safepoint    ] Entering safepoint region: Cleanup
[2022-06-13T01:33:46.722+0000][1][safepoint    ] Leaving safepoint region
[2022-06-13T01:33:46.723+0000][1][safepoint    ] Total time for which application threads were stopped: 0.0006898 seconds, Stopping threads took: 0.0004039 seconds
[2022-06-13T01:33:50.724+0000][1][safepoint    ] Application time: 4.0009177 seconds
[2022-06-13T01:33:50.725+0000][1][safepoint    ] Entering safepoint region: Cleanup
[2022-06-13T01:33:50.725+0000][1][safepoint    ] Leaving safepoint region
[2022-06-13T01:33:50.726+0000][1][safepoint    ] Total time for which application threads were stopped: 0.0013067 seconds, Stopping threads took: 0.0006984 seconds
[2022-06-13T01:33:52.727+0000][1][safepoint    ] Application time: 2.0005698 seconds
[2022-06-13T01:33:52.728+0000][1][safepoint    ] Entering safepoint region: Cleanup
[2022-06-13T01:33:52.729+0000][1][safepoint    ] Leaving safepoint region
[2022-06-13T01:33:52.730+0000][1][safepoint    ] Total time for which application threads were stopped: 0.0017316 seconds, Stopping threads took: 0.0008401 seconds
[2022-06-13T01:34:00.684+0000][1][safepoint    ] Application time: 7.9535834 seconds
[2022-06-13T01:34:00.685+0000][1][safepoint    ] Entering safepoint region: GenCollectForAllocation
[2022-06-13T01:34:00.685+0000][1][gc,start     ] GC(22) Pause Young (Allocation Failure)
[2022-06-13T01:34:00.686+0000][1][gc,task      ] GC(22) Using 5 workers of 13 for evacuation
[2022-06-13T01:34:00.701+0000][1][gc,age       ] GC(22) Desired survivor size 4456448 bytes, new threshold 2 (max threshold 6)
[2022-06-13T01:34:00.702+0000][1][gc,age       ] GC(22) Age table with threshold 2 (max threshold 6)
[2022-06-13T01:34:00.702+0000][1][gc,age       ] GC(22) - age   1:    1199064 bytes,    1199064 total
[2022-06-13T01:34:00.703+0000][1][gc,age       ] GC(22) - age   2:    3633208 bytes,    4832272 total
[2022-06-13T01:34:00.704+0000][1][gc,heap      ] GC(22) ParNew: 78656K->7071K(78656K)
[2022-06-13T01:34:00.704+0000][1][gc,heap      ] GC(22) CMS: 60349K->64616K(174784K)
[2022-06-13T01:34:00.705+0000][1][gc,metaspace ] GC(22) Metaspace: 65239K->65239K(1110016K)
[2022-06-13T01:34:00.706+0000][1][gc           ] GC(22) Pause Young (Allocation Failure) 135M->70M(247M) 20.228ms
[2022-06-13T01:34:00.706+0000][1][gc,cpu       ] GC(22) User=0.07s Sys=0.00s Real=0.02s
[2022-06-13T01:34:00.707+0000][1][safepoint    ] Leaving safepoint region
[2022-06-13T01:34:00.708+0000][1][safepoint    ] Total time for which application threads were stopped: 0.0230227 seconds, Stopping threads took: 0.0006451 seconds
[2022-06-13T01:34:11.711+0000][1][safepoint    ] Application time: 11.0025600 seconds
[2022-06-13T01:34:11.711+0000][1][safepoint    ] Entering safepoint region: Cleanup
[2022-06-13T01:34:11.712+0000][1][safepoint    ] Leaving safepoint region
[2022-06-13T01:34:11.713+0000][1][safepoint    ] Total time for which application threads were stopped: 0.0011401 seconds, Stopping threads took: 0.0004808 seconds
[2022-06-13T01:34:12.713+0000][1][safepoint    ] Application time: 1.0002795 seconds
[2022-06-13T01:34:12.714+0000][1][safepoint    ] Entering safepoint region: Cleanup
[2022-06-13T01:34:12.715+0000][1][safepoint    ] Leaving safepoint region
[2022-06-13T01:34:12.716+0000][1][safepoint    ] Total time for which application threads were stopped: 0.0018688 seconds, Stopping threads took: 0.0008340 seconds
[2022-06-13T01:34:13.717+0000][1][safepoint    ] Application time: 1.0002276 seconds
[2022-06-13T01:34:13.717+0000][1][safepoint    ] Entering safepoint region: Cleanup
[2022-06-13T01:34:13.718+0000][1][safepoint    ] Leaving safepoint region
[2022-06-13T01:34:13.718+0000][1][safepoint    ] Total time for which application threads were stopped: 0.0008403 seconds, Stopping threads took: 0.0004726 seconds
[2022-06-13T01:34:16.719+0000][1][safepoint    ] Application time: 3.0005281 seconds
[2022-06-13T01:34:16.720+0000][1][safepoint    ] Entering safepoint region: Cleanup
[2022-06-13T01:34:16.720+0000][1][safepoint    ] Leaving safepoint region
[2022-06-13T01:34:16.721+0000][1][safepoint    ] Total time for which application threads were stopped: 0.0011858 seconds, Stopping threads took: 0.0004494 seconds
[2022-06-13T01:34:18.722+0000][1][safepoint    ] Application time: 2.0005074 seconds
[2022-06-13T01:34:18.722+0000][1][safepoint    ] Entering safepoint region: Cleanup
[2022-06-13T01:34:18.723+0000][1][safepoint    ] Leaving safepoint region
[2022-06-13T01:34:18.723+0000][1][safepoint    ] Total time for which application threads were stopped: 0.0011219 seconds, Stopping threads took: 0.0004153 seconds
[2022-06-13T01:34:25.725+0000][1][safepoint    ] Application time: 7.0013212 seconds
[2022-06-13T01:34:25.726+0000][1][safepoint    ] Entering safepoint region: Cleanup
[2022-06-13T01:34:25.726+0000][1][safepoint    ] Leaving safepoint region
[2022-06-13T01:34:25.727+0000][1][safepoint    ] Total time for which application threads were stopped: 0.0010488 seconds, Stopping threads took: 0.0004010 seconds
[2022-06-13T01:34:26.727+0000][1][safepoint    ] Application time: 1.0002939 seconds
[2022-06-13T01:34:26.728+0000][1][safepoint    ] Entering safepoint region: Cleanup
[2022-06-13T01:34:26.729+0000][1][safepoint    ] Leaving safepoint region
[2022-06-13T01:34:26.729+0000][1][safepoint    ] Total time for which application threads were stopped: 0.0011518 seconds, Stopping threads took: 0.0005336 seconds
[2022-06-13T01:34:27.730+0000][1][safepoint    ] Application time: 1.0002109 seconds
[2022-06-13T01:34:27.731+0000][1][safepoint    ] Entering safepoint region: Cleanup
[2022-06-13T01:34:27.731+0000][1][safepoint    ] Leaving safepoint region
[2022-06-13T01:34:27.732+0000][1][safepoint    ] Total time for which application threads were stopped: 0.0012410 seconds, Stopping threads took: 0.0005227 seconds
[2022-06-13T01:34:30.733+0000][1][safepoint    ] Application time: 3.0006540 seconds
[2022-06-13T01:34:30.734+0000][1][safepoint    ] Entering safepoint region: Cleanup
[2022-06-13T01:34:30.735+0000][1][safepoint    ] Leaving safepoint region
[2022-06-13T01:34:30.735+0000][1][safepoint    ] Total time for which application threads were stopped: 0.0013779 seconds, Stopping threads took: 0.0005143 seconds
[2022-06-13T01:34:31.736+0000][1][safepoint    ] Application time: 1.0002857 seconds
[2022-06-13T01:34:31.737+0000][1][safepoint    ] Entering safepoint region: Cleanup
[2022-06-13T01:34:31.737+0000][1][safepoint    ] Leaving safepoint region
[2022-06-13T01:34:31.738+0000][1][safepoint    ] Total time for which application threads were stopped: 0.0010622 seconds, Stopping threads took: 0.0004623 seconds
[2022-06-13T01:34:38.740+0000][1][safepoint    ] Application time: 7.0016938 seconds
[2022-06-13T01:34:38.740+0000][1][safepoint    ] Entering safepoint region: Cleanup
[2022-06-13T01:34:38.741+0000][1][safepoint    ] Leaving safepoint region
[2022-06-13T01:34:38.741+0000][1][safepoint    ] Total time for which application threads were stopped: 0.0003892 seconds, Stopping threads took: 0.0001545 seconds
[2022-06-13T01:34:41.742+0000][1][safepoint    ] Application time: 3.0007266 seconds
[2022-06-13T01:34:41.742+0000][1][safepoint    ] Entering safepoint region: Cleanup
[2022-06-13T01:34:41.743+0000][1][safepoint    ] Leaving safepoint region
[2022-06-13T01:34:41.743+0000][1][safepoint    ] Total time for which application threads were stopped: 0.0006358 seconds, Stopping threads took: 0.0003035 seconds
[2022-06-13T01:35:01.748+0000][1][safepoint    ] Application time: 20.0045490 seconds
[2022-06-13T01:35:01.748+0000][1][safepoint    ] Entering safepoint region: Cleanup
[2022-06-13T01:35:01.749+0000][1][safepoint    ] Leaving safepoint region
[2022-06-13T01:35:01.750+0000][1][safepoint    ] Total time for which application threads were stopped: 0.0014752 seconds, Stopping threads took: 0.0006397 seconds
[2022-06-13T01:35:06.752+0000][1][safepoint    ] Application time: 5.0014142 seconds
[2022-06-13T01:35:06.752+0000][1][safepoint    ] Entering safepoint region: Cleanup
[2022-06-13T01:35:06.753+0000][1][safepoint    ] Leaving safepoint region
[2022-06-13T01:35:06.754+0000][1][safepoint    ] Total time for which application threads were stopped: 0.0010884 seconds, Stopping threads took: 0.0004286 seconds
[2022-06-13T01:35:21.757+0000][1][safepoint    ] Application time: 15.0030669 seconds
[2022-06-13T01:35:21.757+0000][1][safepoint    ] Entering safepoint region: Cleanup
[2022-06-13T01:35:21.758+0000][1][safepoint    ] Leaving safepoint region
[2022-06-13T01:35:21.758+0000][1][safepoint    ] Total time for which application threads were stopped: 0.0005967 seconds, Stopping threads took: 0.0002685 seconds
[2022-06-13T01:35:25.759+0000][1][safepoint    ] Application time: 4.0009080 seconds
[2022-06-13T01:35:25.760+0000][1][safepoint    ] Entering safepoint region: Cleanup
[2022-06-13T01:35:25.760+0000][1][safepoint    ] Leaving safepoint region
[2022-06-13T01:35:25.761+0000][1][safepoint    ] Total time for which application threads were stopped: 0.0015433 seconds, Stopping threads took: 0.0006312 seconds
[2022-06-13T01:35:29.763+0000][1][safepoint    ] Application time: 4.0010638 seconds
[2022-06-13T01:35:29.763+0000][1][safepoint    ] Entering safepoint region: Cleanup
[2022-06-13T01:35:29.764+0000][1][safepoint    ] Leaving safepoint region
[2022-06-13T01:35:29.765+0000][1][safepoint    ] Total time for which application threads were stopped: 0.0013163 seconds, Stopping threads took: 0.0006489 seconds
[2022-06-13T01:35:31.766+0000][1][safepoint    ] Application time: 2.0005399 seconds
[2022-06-13T01:35:31.766+0000][1][safepoint    ] Entering safepoint region: Cleanup
[2022-06-13T01:35:31.767+0000][1][safepoint    ] Leaving safepoint region
[2022-06-13T01:35:31.768+0000][1][safepoint    ] Total time for which application threads were stopped: 0.0014386 seconds, Stopping threads took: 0.0005488 seconds
[2022-06-13T01:35:34.769+0000][1][safepoint    ] Application time: 3.0006705 seconds
[2022-06-13T01:35:34.770+0000][1][safepoint    ] Entering safepoint region: Cleanup
[2022-06-13T01:35:34.771+0000][1][safepoint    ] Leaving safepoint region
[2022-06-13T01:35:34.772+0000][1][safepoint    ] Total time for which application threads were stopped: 0.0017901 seconds, Stopping threads took: 0.0009283 seconds
[2022-06-13T01:36:06.780+0000][1][safepoint    ] Application time: 32.0070892 seconds
[2022-06-13T01:36:06.780+0000][1][safepoint    ] Entering safepoint region: Cleanup
[2022-06-13T01:36:06.781+0000][1][safepoint    ] Leaving safepoint region
[2022-06-13T01:36:06.781+0000][1][safepoint    ] Total time for which application threads were stopped: 0.0008510 seconds, Stopping threads took: 0.0005364 seconds
[2022-06-13T01:36:16.783+0000][1][safepoint    ] Application time: 10.0020619 seconds
[2022-06-13T01:36:16.784+0000][1][safepoint    ] Entering safepoint region: Cleanup
[2022-06-13T01:36:16.785+0000][1][safepoint    ] Leaving safepoint region
[2022-06-13T01:36:16.786+0000][1][safepoint    ] Total time for which application threads were stopped: 0.0015632 seconds, Stopping threads took: 0.0006848 seconds
[2022-06-13T01:36:19.787+0000][1][safepoint    ] Application time: 3.0005138 seconds
[2022-06-13T01:36:19.787+0000][1][safepoint    ] Entering safepoint region: Cleanup
[2022-06-13T01:36:19.788+0000][1][safepoint    ] Leaving safepoint region
[2022-06-13T01:36:19.788+0000][1][safepoint    ] Total time for which application threads were stopped: 0.0005244 seconds, Stopping threads took: 0.0002518 seconds
[2022-06-13T01:36:31.791+0000][1][safepoint    ] Application time: 12.0026321 seconds
[2022-06-13T01:36:31.791+0000][1][safepoint    ] Entering safepoint region: Cleanup
[2022-06-13T01:36:31.792+0000][1][safepoint    ] Leaving safepoint region
[2022-06-13T01:36:31.792+0000][1][safepoint    ] Total time for which application threads were stopped: 0.0011209 seconds, Stopping threads took: 0.0004980 seconds
[2022-06-13T01:36:37.794+0000][1][safepoint    ] Application time: 6.0014781 seconds
[2022-06-13T01:36:37.795+0000][1][safepoint    ] Entering safepoint region: Cleanup
[2022-06-13T01:36:37.796+0000][1][safepoint    ] Leaving safepoint region
[2022-06-13T01:36:37.797+0000][1][safepoint    ] Total time for which application threads were stopped: 0.0017738 seconds, Stopping threads took: 0.0007408 seconds
[2022-06-13T01:36:41.799+0000][1][safepoint    ] Application time: 4.0012751 seconds
[2022-06-13T01:36:41.800+0000][1][safepoint    ] Entering safepoint region: Cleanup
[2022-06-13T01:36:41.801+0000][1][safepoint    ] Leaving safepoint region
[2022-06-13T01:36:41.802+0000][1][safepoint    ] Total time for which application threads were stopped: 0.0021143 seconds, Stopping threads took: 0.0008886 seconds
[2022-06-13T01:36:45.877+0000][1][safepoint    ] Application time: 4.0735965 seconds
[2022-06-13T01:36:45.877+0000][1][safepoint    ] Entering safepoint region: GenCollectForAllocation
[2022-06-13T01:36:45.878+0000][1][gc,start     ] GC(23) Pause Young (Allocation Failure)
[2022-06-13T01:36:45.879+0000][1][gc,task      ] GC(23) Using 5 workers of 13 for evacuation
[2022-06-13T01:36:45.886+0000][1][gc,age       ] GC(23) Desired survivor size 4456448 bytes, new threshold 6 (max threshold 6)
[2022-06-13T01:36:45.886+0000][1][gc,age       ] GC(23) Age table with threshold 6 (max threshold 6)
[2022-06-13T01:36:45.887+0000][1][gc,age       ] GC(23) - age   1:       4592 bytes,       4592 total
[2022-06-13T01:36:45.888+0000][1][gc,age       ] GC(23) - age   2:    1175456 bytes,    1180048 total
[2022-06-13T01:36:45.888+0000][1][gc,heap      ] GC(23) ParNew: 77023K->5306K(78656K)
[2022-06-13T01:36:45.889+0000][1][gc,heap      ] GC(23) CMS: 64616K->68298K(174784K)
[2022-06-13T01:36:45.889+0000][1][gc,metaspace ] GC(23) Metaspace: 65305K->65305K(1110016K)
[2022-06-13T01:36:45.890+0000][1][gc           ] GC(23) Pause Young (Allocation Failure) 138M->71M(247M) 12.306ms
[2022-06-13T01:36:45.891+0000][1][gc,cpu       ] GC(23) User=0.03s Sys=0.01s Real=0.02s
[2022-06-13T01:36:45.891+0000][1][safepoint    ] Leaving safepoint region
[2022-06-13T01:36:45.892+0000][1][safepoint    ] Total time for which application threads were stopped: 0.0143145 seconds, Stopping threads took: 0.0005633 seconds
[2022-06-13T01:37:01.897+0000][1][safepoint    ] Application time: 16.0043335 seconds
[2022-06-13T01:37:01.898+0000][1][safepoint    ] Entering safepoint region: Cleanup
[2022-06-13T01:37:01.898+0000][1][safepoint    ] Leaving safepoint region
[2022-06-13T01:37:01.899+0000][1][safepoint    ] Total time for which application threads were stopped: 0.0010543 seconds, Stopping threads took: 0.0004777 seconds
[2022-06-13T01:37:27.905+0000][1][safepoint    ] Application time: 26.0051999 seconds
[2022-06-13T01:37:27.905+0000][1][safepoint    ] Entering safepoint region: Cleanup
[2022-06-13T01:37:27.905+0000][1][safepoint    ] Leaving safepoint region
[2022-06-13T01:37:27.906+0000][1][safepoint    ] Total time for which application threads were stopped: 0.0007112 seconds, Stopping threads took: 0.0003870 seconds
[2022-06-13T01:38:18.917+0000][1][safepoint    ] Application time: 51.0109505 seconds
[2022-06-13T01:38:18.918+0000][1][safepoint    ] Entering safepoint region: Cleanup
[2022-06-13T01:38:18.918+0000][1][safepoint    ] Leaving safepoint region
[2022-06-13T01:38:18.919+0000][1][safepoint    ] Total time for which application threads were stopped: 0.0009363 seconds, Stopping threads took: 0.0005129 seconds
[2022-06-13T01:38:56.927+0000][1][safepoint    ] Application time: 38.0076812 seconds
[2022-06-13T01:38:56.928+0000][1][safepoint    ] Entering safepoint region: Cleanup
[2022-06-13T01:38:56.929+0000][1][safepoint    ] Leaving safepoint region
[2022-06-13T01:38:56.929+0000][1][safepoint    ] Total time for which application threads were stopped: 0.0014039 seconds, Stopping threads took: 0.0008638 seconds
[2022-06-13T01:39:01.931+0000][1][safepoint    ] Application time: 5.0013948 seconds
[2022-06-13T01:39:01.932+0000][1][safepoint    ] Entering safepoint region: Cleanup
[2022-06-13T01:39:01.933+0000][1][safepoint    ] Leaving safepoint region
[2022-06-13T01:39:01.933+0000][1][safepoint    ] Total time for which application threads were stopped: 0.0014198 seconds, Stopping threads took: 0.0006867 seconds
[2022-06-13T01:39:20.938+0000][1][safepoint    ] Application time: 19.0035131 seconds
[2022-06-13T01:39:20.938+0000][1][safepoint    ] Entering safepoint region: Cleanup
[2022-06-13T01:39:20.939+0000][1][safepoint    ] Leaving safepoint region
[2022-06-13T01:39:20.939+0000][1][safepoint    ] Total time for which application threads were stopped: 0.0007154 seconds, Stopping threads took: 0.0003488 seconds
[2022-06-13T01:39:21.939+0000][1][safepoint    ] Application time: 1.0002285 seconds
[2022-06-13T01:39:21.940+0000][1][safepoint    ] Entering safepoint region: Cleanup
[2022-06-13T01:39:21.941+0000][1][safepoint    ] Leaving safepoint region
[2022-06-13T01:39:21.942+0000][1][safepoint    ] Total time for which application threads were stopped: 0.0016667 seconds, Stopping threads took: 0.0008055 seconds
[2022-06-13T01:39:26.038+0000][1][safepoint    ] Application time: 4.0951934 seconds
[2022-06-13T01:39:26.038+0000][1][safepoint    ] Entering safepoint region: GenCollectForAllocation
[2022-06-13T01:39:26.039+0000][1][gc,start     ] GC(24) Pause Young (Allocation Failure)
[2022-06-13T01:39:26.040+0000][1][gc,task      ] GC(24) Using 5 workers of 13 for evacuation
[2022-06-13T01:39:26.043+0000][1][gc,age       ] GC(24) Desired survivor size 4456448 bytes, new threshold 6 (max threshold 6)
[2022-06-13T01:39:26.044+0000][1][gc,age       ] GC(24) Age table with threshold 6 (max threshold 6)
[2022-06-13T01:39:26.045+0000][1][gc,age       ] GC(24) - age   1:       5632 bytes,       5632 total
[2022-06-13T01:39:26.045+0000][1][gc,age       ] GC(24) - age   2:       1328 bytes,       6960 total
[2022-06-13T01:39:26.046+0000][1][gc,age       ] GC(24) - age   3:    1097536 bytes,    1104496 total
[2022-06-13T01:39:26.046+0000][1][gc,heap      ] GC(24) ParNew: 75258K->1937K(78656K)
[2022-06-13T01:39:26.047+0000][1][gc,heap      ] GC(24) CMS: 68298K->68298K(174784K)
[2022-06-13T01:39:26.048+0000][1][gc,metaspace ] GC(24) Metaspace: 65346K->65346K(1110016K)
[2022-06-13T01:39:26.048+0000][1][gc           ] GC(24) Pause Young (Allocation Failure) 140M->68M(247M) 9.246ms
[2022-06-13T01:39:26.049+0000][1][gc,cpu       ] GC(24) User=0.01s Sys=0.00s Real=0.01s
[2022-06-13T01:39:26.049+0000][1][safepoint    ] Leaving safepoint region
[2022-06-13T01:39:26.050+0000][1][safepoint    ] Total time for which application threads were stopped: 0.0113941 seconds, Stopping threads took: 0.0003550 seconds
[2022-06-13T01:39:37.053+0000][1][safepoint    ] Application time: 11.0026048 seconds
[2022-06-13T01:39:37.054+0000][1][safepoint    ] Entering safepoint region: Cleanup
[2022-06-13T01:39:37.055+0000][1][safepoint    ] Leaving safepoint region
[2022-06-13T01:39:37.055+0000][1][safepoint    ] Total time for which application threads were stopped: 0.0012897 seconds, Stopping threads took: 0.0007928 seconds
[2022-06-13T01:39:42.057+0000][1][safepoint    ] Application time: 5.0013860 seconds
[2022-06-13T01:39:42.057+0000][1][safepoint    ] Entering safepoint region: Cleanup
[2022-06-13T01:39:42.059+0000][1][safepoint    ] Leaving safepoint region
[2022-06-13T01:39:42.059+0000][1][safepoint    ] Total time for which application threads were stopped: 0.0017075 seconds, Stopping threads took: 0.0008077 seconds
[2022-06-13T01:39:58.064+0000][1][safepoint    ] Application time: 16.0040694 seconds
[2022-06-13T01:39:58.065+0000][1][safepoint    ] Entering safepoint region: Cleanup
[2022-06-13T01:39:58.066+0000][1][safepoint    ] Leaving safepoint region
[2022-06-13T01:39:58.066+0000][1][safepoint    ] Total time for which application threads were stopped: 0.0016411 seconds, Stopping threads took: 0.0009275 seconds
[2022-06-13T01:40:20.072+0000][1][safepoint    ] Application time: 22.0046890 seconds
[2022-06-13T01:40:20.072+0000][1][safepoint    ] Entering safepoint region: Cleanup
[2022-06-13T01:40:20.073+0000][1][safepoint    ] Leaving safepoint region
[2022-06-13T01:40:20.074+0000][1][safepoint    ] Total time for which application threads were stopped: 0.0015472 seconds, Stopping threads took: 0.0007270 seconds
[2022-06-13T01:40:53.082+0000][1][safepoint    ] Application time: 33.0077279 seconds
[2022-06-13T01:40:53.083+0000][1][safepoint    ] Entering safepoint region: Cleanup
[2022-06-13T01:40:53.083+0000][1][safepoint    ] Leaving safepoint region
[2022-06-13T01:40:53.084+0000][1][safepoint    ] Total time for which application threads were stopped: 0.0007176 seconds, Stopping threads took: 0.0003267 seconds
[2022-06-13T01:41:22.091+0000][1][safepoint    ] Application time: 29.0065350 seconds
[2022-06-13T01:41:22.092+0000][1][safepoint    ] Entering safepoint region: Cleanup
[2022-06-13T01:41:22.093+0000][1][safepoint    ] Leaving safepoint region
[2022-06-13T01:41:22.093+0000][1][safepoint    ] Total time for which application threads were stopped: 0.0017918 seconds, Stopping threads took: 0.0008967 seconds
[2022-06-13T01:41:47.099+0000][1][safepoint    ] Application time: 25.0053055 seconds
[2022-06-13T01:41:47.100+0000][1][safepoint    ] Entering safepoint region: Cleanup
[2022-06-13T01:41:47.101+0000][1][safepoint    ] Leaving safepoint region
[2022-06-13T01:41:47.102+0000][1][safepoint    ] Total time for which application threads were stopped: 0.0018313 seconds, Stopping threads took: 0.0007785 seconds
[2022-06-13T01:42:02.106+0000][1][safepoint    ] Application time: 15.0035090 seconds
[2022-06-13T01:42:02.107+0000][1][safepoint    ] Entering safepoint region: Cleanup
[2022-06-13T01:42:02.107+0000][1][safepoint    ] Leaving safepoint region
[2022-06-13T01:42:02.108+0000][1][safepoint    ] Total time for which application threads were stopped: 0.0009004 seconds, Stopping threads took: 0.0003577 seconds
[2022-06-13T01:42:16.212+0000][1][safepoint    ] Application time: 14.1041936 seconds
[2022-06-13T01:42:16.213+0000][1][safepoint    ] Entering safepoint region: GenCollectForAllocation
[2022-06-13T01:42:16.213+0000][1][gc,start     ] GC(25) Pause Young (Allocation Failure)
[2022-06-13T01:42:16.214+0000][1][gc,task      ] GC(25) Using 5 workers of 13 for evacuation
[2022-06-13T01:42:16.216+0000][1][gc,age       ] GC(25) Desired survivor size 4456448 bytes, new threshold 6 (max threshold 6)
[2022-06-13T01:42:16.217+0000][1][gc,age       ] GC(25) Age table with threshold 6 (max threshold 6)
[2022-06-13T01:42:16.217+0000][1][gc,age       ] GC(25) - age   1:       5120 bytes,       5120 total
[2022-06-13T01:42:16.217+0000][1][gc,age       ] GC(25) - age   2:       1464 bytes,       6584 total
[2022-06-13T01:42:16.218+0000][1][gc,age       ] GC(25) - age   3:       1328 bytes,       7912 total
[2022-06-13T01:42:16.218+0000][1][gc,age       ] GC(25) - age   4:    1097536 bytes,    1105448 total
[2022-06-13T01:42:16.218+0000][1][gc,heap      ] GC(25) ParNew: 71889K->1454K(78656K)
[2022-06-13T01:42:16.218+0000][1][gc,heap      ] GC(25) CMS: 68298K->68298K(174784K)
[2022-06-13T01:42:16.218+0000][1][gc,metaspace ] GC(25) Metaspace: 65363K->65363K(1110016K)
[2022-06-13T01:42:16.219+0000][1][gc           ] GC(25) Pause Young (Allocation Failure) 136M->68M(247M) 5.375ms
[2022-06-13T01:42:16.219+0000][1][gc,cpu       ] GC(25) User=0.01s Sys=0.00s Real=0.00s
[2022-06-13T01:42:16.219+0000][1][safepoint    ] Leaving safepoint region
[2022-06-13T01:42:16.219+0000][1][safepoint    ] Total time for which application threads were stopped: 0.0063170 seconds, Stopping threads took: 0.0003501 seconds
[2022-06-13T01:42:18.220+0000][1][safepoint    ] Application time: 2.0005847 seconds
[2022-06-13T01:42:18.221+0000][1][safepoint    ] Entering safepoint region: Cleanup
[2022-06-13T01:42:18.222+0000][1][safepoint    ] Leaving safepoint region
[2022-06-13T01:42:18.223+0000][1][safepoint    ] Total time for which application threads were stopped: 0.0023196 seconds, Stopping threads took: 0.0011234 seconds
[2022-06-13T01:42:57.233+0000][1][safepoint    ] Application time: 39.0092633 seconds
[2022-06-13T01:42:57.234+0000][1][safepoint    ] Entering safepoint region: Cleanup
[2022-06-13T01:42:57.234+0000][1][safepoint    ] Leaving safepoint region
[2022-06-13T01:42:57.235+0000][1][safepoint    ] Total time for which application threads were stopped: 0.0012688 seconds, Stopping threads took: 0.0004781 seconds
[2022-06-13T01:43:02.236+0000][1][safepoint    ] Application time: 5.0010278 seconds
[2022-06-13T01:43:02.237+0000][1][safepoint    ] Entering safepoint region: Cleanup
[2022-06-13T01:43:02.237+0000][1][safepoint    ] Leaving safepoint region
[2022-06-13T01:43:02.237+0000][1][safepoint    ] Total time for which application threads were stopped: 0.0006966 seconds, Stopping threads took: 0.0003672 seconds
[2022-06-13T01:43:14.241+0000][1][safepoint    ] Application time: 12.0028268 seconds
[2022-06-13T01:43:14.241+0000][1][safepoint    ] Entering safepoint region: Cleanup
[2022-06-13T01:43:14.242+0000][1][safepoint    ] Leaving safepoint region
[2022-06-13T01:43:14.243+0000][1][safepoint    ] Total time for which application threads were stopped: 0.0016626 seconds, Stopping threads took: 0.0007637 seconds
[2022-06-13T01:43:42.251+0000][1][safepoint    ] Application time: 28.0066171 seconds
[2022-06-13T01:43:42.251+0000][1][safepoint    ] Entering safepoint region: Cleanup
[2022-06-13T01:43:42.251+0000][1][safepoint    ] Leaving safepoint region
[2022-06-13T01:43:42.252+0000][1][safepoint    ] Total time for which application threads were stopped: 0.0007921 seconds, Stopping threads took: 0.0003342 seconds
[2022-06-13T01:43:47.253+0000][1][safepoint    ] Application time: 5.0014422 seconds
[2022-06-13T01:43:47.254+0000][1][safepoint    ] Entering safepoint region: Cleanup
[2022-06-13T01:43:47.254+0000][1][safepoint    ] Leaving safepoint region
[2022-06-13T01:43:47.254+0000][1][safepoint    ] Total time for which application threads were stopped: 0.0005058 seconds, Stopping threads took: 0.0002435 seconds
[2022-06-13T01:44:01.258+0000][1][safepoint    ] Application time: 14.0033592 seconds
[2022-06-13T01:44:01.259+0000][1][safepoint    ] Entering safepoint region: Cleanup
[2022-06-13T01:44:01.259+0000][1][safepoint    ] Leaving safepoint region
[2022-06-13T01:44:01.260+0000][1][safepoint    ] Total time for which application threads were stopped: 0.0013856 seconds, Stopping threads took: 0.0004617 seconds
[2022-06-13T01:45:01.274+0000][1][safepoint    ] Application time: 60.0132301 seconds
[2022-06-13T01:45:01.274+0000][1][safepoint    ] Entering safepoint region: Cleanup
[2022-06-13T01:45:01.275+0000][1][safepoint    ] Leaving safepoint region
[2022-06-13T01:45:01.275+0000][1][safepoint    ] Total time for which application threads were stopped: 0.0009493 seconds, Stopping threads took: 0.0005181 seconds
[2022-06-13T01:45:01.378+0000][1][safepoint    ] Application time: 0.1022941 seconds
[2022-06-13T01:45:01.379+0000][1][safepoint    ] Entering safepoint region: GenCollectForAllocation
[2022-06-13T01:45:01.379+0000][1][gc,start     ] GC(26) Pause Young (Allocation Failure)
[2022-06-13T01:45:01.380+0000][1][gc,task      ] GC(26) Using 5 workers of 13 for evacuation
[2022-06-13T01:45:01.383+0000][1][gc,age       ] GC(26) Desired survivor size 4456448 bytes, new threshold 6 (max threshold 6)
[2022-06-13T01:45:01.383+0000][1][gc,age       ] GC(26) Age table with threshold 6 (max threshold 6)
[2022-06-13T01:45:01.384+0000][1][gc,age       ] GC(26) - age   1:       7384 bytes,       7384 total
[2022-06-13T01:45:01.385+0000][1][gc,age       ] GC(26) - age   2:        960 bytes,       8344 total
[2022-06-13T01:45:01.385+0000][1][gc,age       ] GC(26) - age   3:       1464 bytes,       9808 total
[2022-06-13T01:45:01.386+0000][1][gc,age       ] GC(26) - age   4:       1328 bytes,      11136 total
[2022-06-13T01:45:01.387+0000][1][gc,age       ] GC(26) - age   5:    1097440 bytes,    1108576 total
[2022-06-13T01:45:01.387+0000][1][gc,heap      ] GC(26) ParNew: 71406K->1214K(78656K)
[2022-06-13T01:45:01.388+0000][1][gc,heap      ] GC(26) CMS: 68298K->68298K(174784K)
[2022-06-13T01:45:01.389+0000][1][gc,metaspace ] GC(26) Metaspace: 65368K->65368K(1110016K)
[2022-06-13T01:45:01.389+0000][1][gc           ] GC(26) Pause Young (Allocation Failure) 136M->67M(247M) 9.981ms
[2022-06-13T01:45:01.390+0000][1][gc,cpu       ] GC(26) User=0.02s Sys=0.00s Real=0.01s
[2022-06-13T01:45:01.390+0000][1][safepoint    ] Leaving safepoint region
[2022-06-13T01:45:01.391+0000][1][safepoint    ] Total time for which application threads were stopped: 0.0123571 seconds, Stopping threads took: 0.0004455 seconds
[2022-06-13T01:45:15.656+0000][1][safepoint    ] Application time: 14.2647965 seconds
[2022-06-13T01:45:15.657+0000][1][safepoint    ] Entering safepoint region: RevokeBias
[2022-06-13T01:45:15.657+0000][1][safepoint    ] Leaving safepoint region
[2022-06-13T01:45:15.658+0000][1][safepoint    ] Total time for which application threads were stopped: 0.0014466 seconds, Stopping threads took: 0.0006750 seconds
[2022-06-13T01:45:15.659+0000][1][safepoint    ] Application time: 0.0005737 seconds
[2022-06-13T01:45:15.660+0000][1][safepoint    ] Entering safepoint region: RevokeBias
[2022-06-13T01:45:15.660+0000][1][safepoint    ] Leaving safepoint region
[2022-06-13T01:45:15.661+0000][1][safepoint    ] Total time for which application threads were stopped: 0.0011114 seconds, Stopping threads took: 0.0004126 seconds
[2022-06-13T01:45:15.662+0000][1][safepoint    ] Application time: 0.0007921 seconds
[2022-06-13T01:45:15.663+0000][1][safepoint    ] Entering safepoint region: RevokeBias
[2022-06-13T01:45:15.663+0000][1][safepoint    ] Leaving safepoint region
[2022-06-13T01:45:15.663+0000][1][safepoint    ] Total time for which application threads were stopped: 0.0009175 seconds, Stopping threads took: 0.0004273 seconds
[2022-06-13T01:45:15.665+0000][1][safepoint    ] Application time: 0.0008255 seconds
[2022-06-13T01:45:15.666+0000][1][safepoint    ] Entering safepoint region: RevokeBias
[2022-06-13T01:45:15.666+0000][1][safepoint    ] Leaving safepoint region
[2022-06-13T01:45:15.667+0000][1][safepoint    ] Total time for which application threads were stopped: 0.0010461 seconds, Stopping threads took: 0.0004955 seconds
[2022-06-13T01:45:15.668+0000][1][safepoint    ] Application time: 0.0006478 seconds
[2022-06-13T01:45:15.668+0000][1][safepoint    ] Entering safepoint region: RevokeBias
[2022-06-13T01:45:15.669+0000][1][safepoint    ] Leaving safepoint region
[2022-06-13T01:45:15.669+0000][1][safepoint    ] Total time for which application threads were stopped: 0.0006423 seconds, Stopping threads took: 0.0002545 seconds
[2022-06-13T01:45:15.670+0000][1][safepoint    ] Application time: 0.0006549 seconds
[2022-06-13T01:45:15.670+0000][1][safepoint    ] Entering safepoint region: RevokeBias
[2022-06-13T01:45:15.671+0000][1][safepoint    ] Leaving safepoint region
[2022-06-13T01:45:15.671+0000][1][safepoint    ] Total time for which application threads were stopped: 0.0005311 seconds, Stopping threads took: 0.0001906 seconds
[2022-06-13T01:45:15.672+0000][1][safepoint    ] Application time: 0.0003486 seconds
[2022-06-13T01:45:15.672+0000][1][safepoint    ] Entering safepoint region: RevokeBias
[2022-06-13T01:45:15.672+0000][1][safepoint    ] Leaving safepoint region
[2022-06-13T01:45:15.672+0000][1][safepoint    ] Total time for which application threads were stopped: 0.0005713 seconds, Stopping threads took: 0.0003226 seconds
[2022-06-13T01:45:15.673+0000][1][safepoint    ] Application time: 0.0006506 seconds
[2022-06-13T01:45:15.674+0000][1][safepoint    ] Entering safepoint region: RevokeBias
[2022-06-13T01:45:15.674+0000][1][safepoint    ] Leaving safepoint region
[2022-06-13T01:45:15.674+0000][1][safepoint    ] Total time for which application threads were stopped: 0.0004231 seconds, Stopping threads took: 0.0002131 seconds
[2022-06-13T01:45:15.675+0000][1][safepoint    ] Application time: 0.0005065 seconds
[2022-06-13T01:45:15.675+0000][1][safepoint    ] Entering safepoint region: RevokeBias
[2022-06-13T01:45:15.676+0000][1][safepoint    ] Leaving safepoint region
[2022-06-13T01:45:15.676+0000][1][safepoint    ] Total time for which application threads were stopped: 0.0009603 seconds, Stopping threads took: 0.0003352 seconds
[2022-06-13T01:45:15.677+0000][1][safepoint    ] Application time: 0.0005869 seconds
[2022-06-13T01:45:15.677+0000][1][safepoint    ] Entering safepoint region: RevokeBias
[2022-06-13T01:45:15.678+0000][1][safepoint    ] Leaving safepoint region
[2022-06-13T01:45:15.678+0000][1][safepoint    ] Total time for which application threads were stopped: 0.0007834 seconds, Stopping threads took: 0.0003546 seconds
[2022-06-13T01:45:15.680+0000][1][safepoint    ] Application time: 0.0017812 seconds
[2022-06-13T01:45:15.680+0000][1][safepoint    ] Entering safepoint region: RevokeBias
[2022-06-13T01:45:15.681+0000][1][safepoint    ] Leaving safepoint region
[2022-06-13T01:45:15.681+0000][1][safepoint    ] Total time for which application threads were stopped: 0.0009092 seconds, Stopping threads took: 0.0005280 seconds
[2022-06-13T01:45:15.683+0000][1][safepoint    ] Application time: 0.0009100 seconds
[2022-06-13T01:45:15.683+0000][1][safepoint    ] Entering safepoint region: RevokeBias
[2022-06-13T01:45:15.683+0000][1][safepoint    ] Leaving safepoint region
[2022-06-13T01:45:15.684+0000][1][safepoint    ] Total time for which application threads were stopped: 0.0007707 seconds, Stopping threads took: 0.0003877 seconds
[2022-06-13T01:45:15.685+0000][1][safepoint    ] Application time: 0.0010481 seconds
[2022-06-13T01:45:15.686+0000][1][safepoint    ] Entering safepoint region: RevokeBias
[2022-06-13T01:45:15.686+0000][1][safepoint    ] Leaving safepoint region
[2022-06-13T01:45:15.686+0000][1][safepoint    ] Total time for which application threads were stopped: 0.0006937 seconds, Stopping threads took: 0.0002884 seconds
[2022-06-13T01:45:15.687+0000][1][safepoint    ] Application time: 0.0003458 seconds
[2022-06-13T01:45:15.688+0000][1][safepoint    ] Entering safepoint region: RevokeBias
[2022-06-13T01:45:15.688+0000][1][safepoint    ] Leaving safepoint region
[2022-06-13T01:45:15.688+0000][1][safepoint    ] Total time for which application threads were stopped: 0.0009425 seconds, Stopping threads took: 0.0004235 seconds
[2022-06-13T01:45:15.689+0000][1][safepoint    ] Application time: 0.0004740 seconds
[2022-06-13T01:45:15.690+0000][1][safepoint    ] Entering safepoint region: RevokeBias
[2022-06-13T01:45:15.690+0000][1][safepoint    ] Leaving safepoint region
[2022-06-13T01:45:15.691+0000][1][safepoint    ] Total time for which application threads were stopped: 0.0008879 seconds, Stopping threads took: 0.0003099 seconds
[2022-06-13T01:45:15.692+0000][1][safepoint    ] Application time: 0.0009524 seconds
[2022-06-13T01:45:15.693+0000][1][safepoint    ] Entering safepoint region: BulkRevokeBias
[2022-06-13T01:45:15.694+0000][1][safepoint    ] Leaving safepoint region
[2022-06-13T01:45:15.694+0000][1][safepoint    ] Total time for which application threads were stopped: 0.0013697 seconds, Stopping threads took: 0.0004879 seconds
[2022-06-13T01:45:15.695+0000][1][safepoint    ] Application time: 0.0004211 seconds
[2022-06-13T01:45:15.696+0000][1][safepoint    ] Entering safepoint region: RevokeBias
[2022-06-13T01:45:15.696+0000][1][safepoint    ] Leaving safepoint region
[2022-06-13T01:45:15.697+0000][1][safepoint    ] Total time for which application threads were stopped: 0.0010944 seconds, Stopping threads took: 0.0006121 seconds
[2022-06-13T01:45:15.699+0000][1][safepoint    ] Application time: 0.0020735 seconds
[2022-06-13T01:45:15.700+0000][1][safepoint    ] Entering safepoint region: RevokeBias
[2022-06-13T01:45:15.701+0000][1][safepoint    ] Leaving safepoint region
[2022-06-13T01:45:15.702+0000][1][safepoint    ] Total time for which application threads were stopped: 0.0014225 seconds, Stopping threads took: 0.0007069 seconds
[2022-06-13T01:45:15.703+0000][1][safepoint    ] Application time: 0.0014235 seconds
[2022-06-13T01:45:15.704+0000][1][safepoint    ] Entering safepoint region: RevokeBias
[2022-06-13T01:45:15.705+0000][1][safepoint    ] Leaving safepoint region
[2022-06-13T01:45:15.705+0000][1][safepoint    ] Total time for which application threads were stopped: 0.0012619 seconds, Stopping threads took: 0.0006940 seconds
[2022-06-13T01:45:15.706+0000][1][safepoint    ] Application time: 0.0002013 seconds
[2022-06-13T01:45:15.707+0000][1][safepoint    ] Entering safepoint region: RevokeBias
[2022-06-13T01:45:15.707+0000][1][safepoint    ] Leaving safepoint region
[2022-06-13T01:45:15.708+0000][1][safepoint    ] Total time for which application threads were stopped: 0.0014569 seconds, Stopping threads took: 0.0006391 seconds
[2022-06-13T01:45:15.711+0000][1][safepoint    ] Application time: 0.0023358 seconds
[2022-06-13T01:45:15.712+0000][1][safepoint    ] Entering safepoint region: RevokeBias
[2022-06-13T01:45:15.713+0000][1][safepoint    ] Leaving safepoint region
[2022-06-13T01:45:15.714+0000][1][safepoint    ] Total time for which application threads were stopped: 0.0020000 seconds, Stopping threads took: 0.0011818 seconds
[2022-06-13T01:45:15.715+0000][1][safepoint    ] Application time: 0.0003972 seconds
[2022-06-13T01:45:15.715+0000][1][safepoint    ] Entering safepoint region: RevokeBias
[2022-06-13T01:45:15.716+0000][1][safepoint    ] Leaving safepoint region
[2022-06-13T01:45:15.717+0000][1][safepoint    ] Total time for which application threads were stopped: 0.0012008 seconds, Stopping threads took: 0.0006371 seconds
[2022-06-13T01:45:15.717+0000][1][safepoint    ] Application time: 0.0002970 seconds
[2022-06-13T01:45:15.718+0000][1][safepoint    ] Entering safepoint region: RevokeBias
[2022-06-13T01:45:15.718+0000][1][safepoint    ] Leaving safepoint region
[2022-06-13T01:45:15.719+0000][1][safepoint    ] Total time for which application threads were stopped: 0.0010185 seconds, Stopping threads took: 0.0004966 seconds
[2022-06-13T01:45:15.720+0000][1][safepoint    ] Application time: 0.0005001 seconds
[2022-06-13T01:45:15.720+0000][1][safepoint    ] Entering safepoint region: RevokeBias
[2022-06-13T01:45:15.721+0000][1][safepoint    ] Leaving safepoint region
[2022-06-13T01:45:15.722+0000][1][safepoint    ] Total time for which application threads were stopped: 0.0014846 seconds, Stopping threads took: 0.0006812 seconds
[2022-06-13T01:45:15.723+0000][1][safepoint    ] Application time: 0.0003352 seconds
[2022-06-13T01:45:15.724+0000][1][safepoint    ] Entering safepoint region: RevokeBias
[2022-06-13T01:45:15.725+0000][1][safepoint    ] Leaving safepoint region
[2022-06-13T01:45:15.725+0000][1][safepoint    ] Total time for which application threads were stopped: 0.0018149 seconds, Stopping threads took: 0.0009699 seconds
[2022-06-13T01:45:15.726+0000][1][safepoint    ] Application time: 0.0002766 seconds
[2022-06-13T01:45:15.727+0000][1][safepoint    ] Entering safepoint region: RevokeBias
[2022-06-13T01:45:15.728+0000][1][safepoint    ] Leaving safepoint region
[2022-06-13T01:45:15.729+0000][1][safepoint    ] Total time for which application threads were stopped: 0.0019955 seconds, Stopping threads took: 0.0004871 seconds
[2022-06-13T01:45:15.731+0000][1][safepoint    ] Application time: 0.0005057 seconds
[2022-06-13T01:45:15.732+0000][1][safepoint    ] Entering safepoint region: RevokeBias
[2022-06-13T01:45:15.733+0000][1][safepoint    ] Leaving safepoint region
[2022-06-13T01:45:15.734+0000][1][safepoint    ] Total time for which application threads were stopped: 0.0016572 seconds, Stopping threads took: 0.0008466 seconds
[2022-06-13T01:45:15.735+0000][1][safepoint    ] Application time: 0.0004390 seconds
[2022-06-13T01:45:15.736+0000][1][safepoint    ] Entering safepoint region: RevokeBias
[2022-06-13T01:45:15.737+0000][1][safepoint    ] Leaving safepoint region
[2022-06-13T01:45:15.737+0000][1][safepoint    ] Total time for which application threads were stopped: 0.0015432 seconds, Stopping threads took: 0.0008188 seconds
[2022-06-13T01:45:15.738+0000][1][safepoint    ] Application time: 0.0004077 seconds
[2022-06-13T01:45:15.739+0000][1][safepoint    ] Entering safepoint region: RevokeBias
[2022-06-13T01:45:15.740+0000][1][safepoint    ] Leaving safepoint region
[2022-06-13T01:45:15.741+0000][1][safepoint    ] Total time for which application threads were stopped: 0.0014009 seconds, Stopping threads took: 0.0007224 seconds
[2022-06-13T01:45:15.743+0000][1][safepoint    ] Application time: 0.0008949 seconds
[2022-06-13T01:45:15.743+0000][1][safepoint    ] Entering safepoint region: RevokeBias
[2022-06-13T01:45:15.744+0000][1][safepoint    ] Leaving safepoint region
[2022-06-13T01:45:15.745+0000][1][safepoint    ] Total time for which application threads were stopped: 0.0015464 seconds, Stopping threads took: 0.0006906 seconds
[2022-06-13T01:45:15.746+0000][1][safepoint    ] Application time: 0.0005961 seconds
[2022-06-13T01:45:15.747+0000][1][safepoint    ] Entering safepoint region: RevokeBias
[2022-06-13T01:45:15.748+0000][1][safepoint    ] Leaving safepoint region
[2022-06-13T01:45:15.749+0000][1][safepoint    ] Total time for which application threads were stopped: 0.0019228 seconds, Stopping threads took: 0.0008864 seconds
[2022-06-13T01:45:15.751+0000][1][safepoint    ] Application time: 0.0014039 seconds
[2022-06-13T01:45:15.752+0000][1][safepoint    ] Entering safepoint region: RevokeBias
[2022-06-13T01:45:15.753+0000][1][safepoint    ] Leaving safepoint region
[2022-06-13T01:45:15.754+0000][1][safepoint    ] Total time for which application threads were stopped: 0.0017457 seconds, Stopping threads took: 0.0008742 seconds
[2022-06-13T01:45:15.757+0000][1][safepoint    ] Application time: 0.0025164 seconds
[2022-06-13T01:45:15.758+0000][1][safepoint    ] Entering safepoint region: RevokeBias
[2022-06-13T01:45:15.758+0000][1][safepoint    ] Leaving safepoint region
[2022-06-13T01:45:15.759+0000][1][safepoint    ] Total time for which application threads were stopped: 0.0011520 seconds, Stopping threads took: 0.0005167 seconds
[2022-06-13T01:45:15.760+0000][1][safepoint    ] Application time: 0.0005623 seconds
[2022-06-13T01:45:15.760+0000][1][safepoint    ] Entering safepoint region: RevokeBias
[2022-06-13T01:45:15.761+0000][1][safepoint    ] Leaving safepoint region
[2022-06-13T01:45:15.762+0000][1][safepoint    ] Total time for which application threads were stopped: 0.0011113 seconds, Stopping threads took: 0.0005446 seconds
[2022-06-13T01:45:15.762+0000][1][safepoint    ] Application time: 0.0000730 seconds
[2022-06-13T01:45:15.763+0000][1][safepoint    ] Entering safepoint region: RevokeBias
[2022-06-13T01:45:15.763+0000][1][safepoint    ] Leaving safepoint region
[2022-06-13T01:45:15.764+0000][1][safepoint    ] Total time for which application threads were stopped: 0.0009666 seconds, Stopping threads took: 0.0004327 seconds
[2022-06-13T01:45:15.764+0000][1][safepoint    ] Application time: 0.0002518 seconds
[2022-06-13T01:45:15.765+0000][1][safepoint    ] Entering safepoint region: RevokeBias
[2022-06-13T01:45:15.766+0000][1][safepoint    ] Leaving safepoint region
[2022-06-13T01:45:15.766+0000][1][safepoint    ] Total time for which application threads were stopped: 0.0015120 seconds, Stopping threads took: 0.0007965 seconds
[2022-06-13T01:45:15.767+0000][1][safepoint    ] Application time: 0.0001936 seconds
[2022-06-13T01:45:15.768+0000][1][safepoint    ] Entering safepoint region: RevokeBias
[2022-06-13T01:45:15.768+0000][1][safepoint    ] Leaving safepoint region
[2022-06-13T01:45:15.769+0000][1][safepoint    ] Total time for which application threads were stopped: 0.0012559 seconds, Stopping threads took: 0.0006389 seconds
[2022-06-13T01:45:15.770+0000][1][safepoint    ] Application time: 0.0004678 seconds
[2022-06-13T01:45:15.771+0000][1][safepoint    ] Entering safepoint region: RevokeBias
[2022-06-13T01:45:15.771+0000][1][safepoint    ] Leaving safepoint region
[2022-06-13T01:45:15.772+0000][1][safepoint    ] Total time for which application threads were stopped: 0.0011350 seconds, Stopping threads took: 0.0006499 seconds
[2022-06-13T01:45:15.772+0000][1][safepoint    ] Application time: 0.0005760 seconds
[2022-06-13T01:45:15.773+0000][1][safepoint    ] Entering safepoint region: RevokeBias
[2022-06-13T01:45:15.773+0000][1][safepoint    ] Leaving safepoint region
[2022-06-13T01:45:15.774+0000][1][safepoint    ] Total time for which application threads were stopped: 0.0010264 seconds, Stopping threads took: 0.0005549 seconds
[2022-06-13T01:45:15.777+0000][1][safepoint    ] Application time: 0.0024858 seconds
[2022-06-13T01:45:15.777+0000][1][safepoint    ] Entering safepoint region: RevokeBias
[2022-06-13T01:45:15.777+0000][1][safepoint    ] Leaving safepoint region
[2022-06-13T01:45:15.777+0000][1][safepoint    ] Total time for which application threads were stopped: 0.0004837 seconds, Stopping threads took: 0.0002467 seconds
[2022-06-13T01:45:15.780+0000][1][safepoint    ] Application time: 0.0021659 seconds
[2022-06-13T01:45:15.780+0000][1][safepoint    ] Entering safepoint region: RevokeBias
[2022-06-13T01:45:15.781+0000][1][safepoint    ] Leaving safepoint region
[2022-06-13T01:45:15.781+0000][1][safepoint    ] Total time for which application threads were stopped: 0.0011901 seconds, Stopping threads took: 0.0008314 seconds
[2022-06-13T01:45:15.782+0000][1][safepoint    ] Application time: 0.0001815 seconds
[2022-06-13T01:45:15.782+0000][1][safepoint    ] Entering safepoint region: BulkRevokeBias
[2022-06-13T01:45:15.783+0000][1][safepoint    ] Leaving safepoint region
[2022-06-13T01:45:15.784+0000][1][safepoint    ] Total time for which application threads were stopped: 0.0014403 seconds, Stopping threads took: 0.0004131 seconds
[2022-06-13T01:45:15.800+0000][1][safepoint    ] Application time: 0.0159537 seconds
[2022-06-13T01:45:15.801+0000][1][safepoint    ] Entering safepoint region: RevokeBias
[2022-06-13T01:45:15.801+0000][1][safepoint    ] Leaving safepoint region
[2022-06-13T01:45:15.802+0000][1][safepoint    ] Total time for which application threads were stopped: 0.0013480 seconds, Stopping threads took: 0.0005985 seconds
[2022-06-13T01:45:15.817+0000][1][safepoint    ] Application time: 0.0142579 seconds
[2022-06-13T01:45:15.818+0000][1][safepoint    ] Entering safepoint region: RevokeBias
[2022-06-13T01:45:15.819+0000][1][safepoint    ] Leaving safepoint region
[2022-06-13T01:45:15.819+0000][1][safepoint    ] Total time for which application threads were stopped: 0.0013380 seconds, Stopping threads took: 0.0006609 seconds
[2022-06-13T01:45:15.820+0000][1][safepoint    ] Application time: 0.0003463 seconds
[2022-06-13T01:45:15.821+0000][1][safepoint    ] Entering safepoint region: RevokeBias
[2022-06-13T01:45:15.822+0000][1][safepoint    ] Leaving safepoint region
[2022-06-13T01:45:15.823+0000][1][safepoint    ] Total time for which application threads were stopped: 0.0019595 seconds, Stopping threads took: 0.0010556 seconds
[2022-06-13T01:45:15.824+0000][1][safepoint    ] Application time: 0.0002630 seconds
[2022-06-13T01:45:15.825+0000][1][safepoint    ] Entering safepoint region: RevokeBias
[2022-06-13T01:45:15.825+0000][1][safepoint    ] Leaving safepoint region
[2022-06-13T01:45:15.826+0000][1][safepoint    ] Total time for which application threads were stopped: 0.0012737 seconds, Stopping threads took: 0.0005290 seconds
[2022-06-13T01:45:15.828+0000][1][safepoint    ] Application time: 0.0011430 seconds
[2022-06-13T01:45:15.828+0000][1][safepoint    ] Entering safepoint region: RevokeBias
[2022-06-13T01:45:15.829+0000][1][safepoint    ] Leaving safepoint region
[2022-06-13T01:45:15.830+0000][1][safepoint    ] Total time for which application threads were stopped: 0.0014788 seconds, Stopping threads took: 0.0007693 seconds
[2022-06-13T01:45:15.833+0000][1][safepoint    ] Application time: 0.0022511 seconds
[2022-06-13T01:45:15.834+0000][1][safepoint    ] Entering safepoint region: RevokeBias
[2022-06-13T01:45:15.835+0000][1][safepoint    ] Leaving safepoint region
[2022-06-13T01:45:15.835+0000][1][safepoint    ] Total time for which application threads were stopped: 0.0012888 seconds, Stopping threads took: 0.0006309 seconds
[2022-06-13T01:45:15.837+0000][1][safepoint    ] Application time: 0.0011893 seconds
[2022-06-13T01:45:15.838+0000][1][safepoint    ] Entering safepoint region: RevokeBias
[2022-06-13T01:45:15.839+0000][1][safepoint    ] Leaving safepoint region
[2022-06-13T01:45:15.839+0000][1][safepoint    ] Total time for which application threads were stopped: 0.0014190 seconds, Stopping threads took: 0.0008132 seconds
[2022-06-13T01:45:15.840+0000][1][safepoint    ] Application time: 0.0006212 seconds
[2022-06-13T01:45:15.842+0000][1][safepoint    ] Entering safepoint region: RevokeBias
[2022-06-13T01:45:15.843+0000][1][safepoint    ] Leaving safepoint region
[2022-06-13T01:45:15.844+0000][1][safepoint    ] Total time for which application threads were stopped: 0.0025377 seconds, Stopping threads took: 0.0017658 seconds
[2022-06-13T01:45:15.847+0000][1][safepoint    ] Application time: 0.0029608 seconds
[2022-06-13T01:45:15.848+0000][1][safepoint    ] Entering safepoint region: RevokeBias
[2022-06-13T01:45:15.849+0000][1][safepoint    ] Leaving safepoint region
[2022-06-13T01:45:15.850+0000][1][safepoint    ] Total time for which application threads were stopped: 0.0015878 seconds, Stopping threads took: 0.0006938 seconds
[2022-06-13T01:45:15.851+0000][1][safepoint    ] Application time: 0.0005579 seconds
[2022-06-13T01:45:15.852+0000][1][safepoint    ] Entering safepoint region: RevokeBias
[2022-06-13T01:45:15.853+0000][1][safepoint    ] Leaving safepoint region
[2022-06-13T01:45:15.853+0000][1][safepoint    ] Total time for which application threads were stopped: 0.0015027 seconds, Stopping threads took: 0.0007622 seconds
[2022-06-13T01:45:15.859+0000][1][safepoint    ] Application time: 0.0053369 seconds
[2022-06-13T01:45:15.860+0000][1][safepoint    ] Entering safepoint region: RevokeBias
[2022-06-13T01:45:15.861+0000][1][safepoint    ] Leaving safepoint region
[2022-06-13T01:45:15.861+0000][1][safepoint    ] Total time for which application threads were stopped: 0.0009440 seconds, Stopping threads took: 0.0004595 seconds
[2022-06-13T01:45:15.862+0000][1][safepoint    ] Application time: 0.0005589 seconds
[2022-06-13T01:45:15.863+0000][1][safepoint    ] Entering safepoint region: RevokeBias
[2022-06-13T01:45:15.863+0000][1][safepoint    ] Leaving safepoint region
[2022-06-13T01:45:15.864+0000][1][safepoint    ] Total time for which application threads were stopped: 0.0013650 seconds, Stopping threads took: 0.0005235 seconds
[2022-06-13T01:45:15.870+0000][1][gc,heap,exit ] Heap
[2022-06-13T01:45:15.870+0000][1][gc,heap,exit ]  par new generation   total 78656K, used 19578K [0x00000000f0000000, 0x00000000f5550000, 0x00000000f5550000)
[2022-06-13T01:45:15.871+0000][1][gc,heap,exit ]   eden space 69952K,  26% used [0x00000000f0000000, 0x00000000f11ef150, 0x00000000f4450000)
[2022-06-13T01:45:15.871+0000][1][gc,heap,exit ]   from space 8704K,  13% used [0x00000000f4cd0000, 0x00000000f4dff810, 0x00000000f5550000)
[2022-06-13T01:45:15.871+0000][1][gc,heap,exit ]   to   space 8704K,   0% used [0x00000000f4450000, 0x00000000f4450000, 0x00000000f4cd0000)
[2022-06-13T01:45:15.871+0000][1][gc,heap,exit ]  concurrent mark-sweep generation total 174784K, used 68298K [0x00000000f5550000, 0x0000000100000000, 0x0000000100000000)
[2022-06-13T01:45:15.871+0000][1][gc,heap,exit ]  Metaspace       used 65527K, capacity 70494K, committed 70624K, reserved 1110016K
[2022-06-13T01:45:15.872+0000][1][gc,heap,exit ]   class space    used 8890K, capacity 10983K, committed 11060K, reserved 1048576K
[2022-06-13T01:45:15.872+0000][1][safepoint    ] Application time: 0.0074580 seconds
[2022-06-13T01:45:15.873+0000][1][safepoint    ] Entering safepoint region: Exit
