[2022-06-13T02:10:41.533+0000][1][gc] Using Concurrent Mark Sweep
[2022-06-13T02:10:41.533+0000][1][gc,heap,coops] Heap address: 0x00000000f0000000, size: 256 MB, Compressed Oops mode: 32-bit
[2022-06-13T02:10:41.564+0000][1][safepoint    ] Entering safepoint region: EnableBiasedLocking
[2022-06-13T02:10:41.564+0000][1][safepoint    ] Leaving safepoint region
[2022-06-13T02:10:41.564+0000][1][safepoint    ] Total time for which application threads were stopped: 0.0003984 seconds, Stopping threads took: 0.0001716 seconds
[2022-06-13T02:10:41.566+0000][1][safepoint    ] Application time: 0.0017688 seconds
[2022-06-13T02:10:41.567+0000][1][safepoint    ] Entering safepoint region: RevokeBias
[2022-06-13T02:10:41.567+0000][1][safepoint    ] Leaving safepoint region
[2022-06-13T02:10:41.567+0000][1][safepoint    ] Total time for which application threads were stopped: 0.0004364 seconds, Stopping threads took: 0.0002519 seconds
[2022-06-13T02:10:41.576+0000][1][safepoint    ] Application time: 0.0087913 seconds
[2022-06-13T02:10:41.576+0000][1][safepoint    ] Entering safepoint region: Deoptimize
[2022-06-13T02:10:41.576+0000][1][safepoint    ] Leaving safepoint region
[2022-06-13T02:10:41.576+0000][1][safepoint    ] Total time for which application threads were stopped: 0.0003085 seconds, Stopping threads took: 0.0001443 seconds
[2022-06-13T02:10:41.639+0000][1][safepoint    ] Application time: 0.0624721 seconds
[2022-06-13T02:10:41.639+0000][1][safepoint    ] Entering safepoint region: RevokeBias
[2022-06-13T02:10:41.639+0000][1][safepoint    ] Leaving safepoint region
[2022-06-13T02:10:41.640+0000][1][safepoint    ] Total time for which application threads were stopped: 0.0004105 seconds, Stopping threads took: 0.0001789 seconds
[2022-06-13T02:10:41.662+0000][1][safepoint    ] Application time: 0.0223097 seconds
[2022-06-13T02:10:41.662+0000][1][safepoint    ] Entering safepoint region: Deoptimize
[2022-06-13T02:10:41.663+0000][1][safepoint    ] Leaving safepoint region
[2022-06-13T02:10:41.663+0000][1][safepoint    ] Total time for which application threads were stopped: 0.0003702 seconds, Stopping threads took: 0.0001762 seconds
[2022-06-13T02:10:41.874+0000][1][safepoint    ] Application time: 0.2109408 seconds
[2022-06-13T02:10:41.874+0000][1][safepoint    ] Entering safepoint region: Deoptimize
[2022-06-13T02:10:41.874+0000][1][safepoint    ] Leaving safepoint region
[2022-06-13T02:10:41.875+0000][1][safepoint    ] Total time for which application threads were stopped: 0.0005175 seconds, Stopping threads took: 0.0001734 seconds
[2022-06-13T02:10:41.889+0000][1][safepoint    ] Application time: 0.0145767 seconds
[2022-06-13T02:10:41.890+0000][1][safepoint    ] Entering safepoint region: Deoptimize
[2022-06-13T02:10:41.890+0000][1][safepoint    ] Leaving safepoint region
[2022-06-13T02:10:41.891+0000][1][safepoint    ] Total time for which application threads were stopped: 0.0005577 seconds, Stopping threads took: 0.0002003 seconds
[2022-06-13T02:10:41.923+0000][1][safepoint    ] Application time: 0.0321886 seconds
[2022-06-13T02:10:41.923+0000][1][safepoint    ] Entering safepoint region: Deoptimize
[2022-06-13T02:10:41.924+0000][1][safepoint    ] Leaving safepoint region
[2022-06-13T02:10:41.924+0000][1][safepoint    ] Total time for which application threads were stopped: 0.0005520 seconds, Stopping threads took: 0.0002173 seconds
[2022-06-13T02:10:41.934+0000][1][safepoint    ] Application time: 0.0103166 seconds
[2022-06-13T02:10:41.935+0000][1][safepoint    ] Entering safepoint region: Deoptimize
[2022-06-13T02:10:41.935+0000][1][safepoint    ] Leaving safepoint region
[2022-06-13T02:10:41.935+0000][1][safepoint    ] Total time for which application threads were stopped: 0.0005733 seconds, Stopping threads took: 0.0002035 seconds
[2022-06-13T02:10:42.272+0000][1][safepoint    ] Application time: 0.3369802 seconds
[2022-06-13T02:10:42.273+0000][1][safepoint    ] Entering safepoint region: Deoptimize
[2022-06-13T02:10:42.273+0000][1][safepoint    ] Leaving safepoint region
[2022-06-13T02:10:42.273+0000][1][safepoint    ] Total time for which application threads were stopped: 0.0005963 seconds, Stopping threads took: 0.0001942 seconds
[2022-06-13T02:10:42.448+0000][1][safepoint    ] Application time: 0.1748542 seconds
[2022-06-13T02:10:42.449+0000][1][safepoint    ] Entering safepoint region: RevokeBias
[2022-06-13T02:10:42.449+0000][1][safepoint    ] Leaving safepoint region
[2022-06-13T02:10:42.449+0000][1][safepoint    ] Total time for which application threads were stopped: 0.0006301 seconds, Stopping threads took: 0.0002802 seconds
[2022-06-13T02:10:42.528+0000][1][safepoint    ] Application time: 0.0789056 seconds
[2022-06-13T02:10:42.529+0000][1][safepoint    ] Entering safepoint region: Deoptimize
[2022-06-13T02:10:42.529+0000][1][safepoint    ] Leaving safepoint region
[2022-06-13T02:10:42.529+0000][1][safepoint    ] Total time for which application threads were stopped: 0.0005932 seconds, Stopping threads took: 0.0001964 seconds
[2022-06-13T02:10:42.599+0000][1][safepoint    ] Application time: 0.0692941 seconds
[2022-06-13T02:10:42.599+0000][1][safepoint    ] Entering safepoint region: Deoptimize
[2022-06-13T02:10:42.599+0000][1][safepoint    ] Leaving safepoint region
[2022-06-13T02:10:42.600+0000][1][safepoint    ] Total time for which application threads were stopped: 0.0006332 seconds, Stopping threads took: 0.0002024 seconds
[2022-06-13T02:10:42.600+0000][1][safepoint    ] Application time: 0.0001803 seconds
[2022-06-13T02:10:42.600+0000][1][safepoint    ] Entering safepoint region: Deoptimize
[2022-06-13T02:10:42.600+0000][1][safepoint    ] Leaving safepoint region
[2022-06-13T02:10:42.601+0000][1][safepoint    ] Total time for which application threads were stopped: 0.0005292 seconds, Stopping threads took: 0.0001389 seconds
[2022-06-13T02:10:42.625+0000][1][safepoint    ] Application time: 0.0244496 seconds
[2022-06-13T02:10:42.625+0000][1][safepoint    ] Entering safepoint region: Deoptimize
[2022-06-13T02:10:42.626+0000][1][safepoint    ] Leaving safepoint region
[2022-06-13T02:10:42.626+0000][1][safepoint    ] Total time for which application threads were stopped: 0.0005745 seconds, Stopping threads took: 0.0001702 seconds
[2022-06-13T02:10:42.632+0000][1][safepoint    ] Application time: 0.0055634 seconds
[2022-06-13T02:10:42.632+0000][1][safepoint    ] Entering safepoint region: RevokeBias
[2022-06-13T02:10:42.632+0000][1][safepoint    ] Leaving safepoint region
[2022-06-13T02:10:42.633+0000][1][safepoint    ] Total time for which application threads were stopped: 0.0004914 seconds, Stopping threads took: 0.0002901 seconds
[2022-06-13T02:10:42.639+0000][1][safepoint    ] Application time: 0.0064441 seconds
[2022-06-13T02:10:42.640+0000][1][safepoint    ] Entering safepoint region: RevokeBias
[2022-06-13T02:10:42.641+0000][1][safepoint    ] Leaving safepoint region
[2022-06-13T02:10:42.641+0000][1][safepoint    ] Total time for which application threads were stopped: 0.0007927 seconds, Stopping threads took: 0.0002467 seconds
[2022-06-13T02:10:42.649+0000][1][safepoint    ] Application time: 0.0073967 seconds
[2022-06-13T02:10:42.649+0000][1][safepoint    ] Entering safepoint region: RevokeBias
[2022-06-13T02:10:42.649+0000][1][safepoint    ] Leaving safepoint region
[2022-06-13T02:10:42.649+0000][1][safepoint    ] Total time for which application threads were stopped: 0.0004944 seconds, Stopping threads took: 0.0002403 seconds
[2022-06-13T02:10:42.650+0000][1][safepoint    ] Application time: 0.0002294 seconds
[2022-06-13T02:10:42.650+0000][1][safepoint    ] Entering safepoint region: RevokeBias
[2022-06-13T02:10:42.650+0000][1][safepoint    ] Leaving safepoint region
[2022-06-13T02:10:42.650+0000][1][safepoint    ] Total time for which application threads were stopped: 0.0003508 seconds, Stopping threads took: 0.0001786 seconds
[2022-06-13T02:10:42.749+0000][1][safepoint    ] Application time: 0.0986431 seconds
[2022-06-13T02:10:42.750+0000][1][safepoint    ] Entering safepoint region: GenCollectForAllocation
[2022-06-13T02:10:42.751+0000][1][gc,start     ] GC(0) Pause Young (Allocation Failure)
[2022-06-13T02:10:42.751+0000][1][gc,task      ] GC(0) Using 5 workers of 13 for evacuation
[2022-06-13T02:10:42.756+0000][1][gc,age       ] GC(0) Desired survivor size 4456448 bytes, new threshold 1 (max threshold 6)
[2022-06-13T02:10:42.756+0000][1][gc,age       ] GC(0) Age table with threshold 1 (max threshold 6)
[2022-06-13T02:10:42.756+0000][1][gc,age       ] GC(0) - age   1:    6371576 bytes,    6371576 total
[2022-06-13T02:10:42.756+0000][1][gc,heap      ] GC(0) ParNew: 69952K->6297K(78656K)
[2022-06-13T02:10:42.756+0000][1][gc,heap      ] GC(0) CMS: 0K->0K(174784K)
[2022-06-13T02:10:42.756+0000][1][gc,metaspace ] GC(0) Metaspace: 12379K->12379K(1060864K)
[2022-06-13T02:10:42.757+0000][1][gc           ] GC(0) Pause Young (Allocation Failure) 68M->6M(247M) 6.092ms
[2022-06-13T02:10:42.757+0000][1][gc,cpu       ] GC(0) User=0.02s Sys=0.00s Real=0.00s
[2022-06-13T02:10:42.757+0000][1][safepoint    ] Leaving safepoint region
[2022-06-13T02:10:42.757+0000][1][safepoint    ] Total time for which application threads were stopped: 0.0072702 seconds, Stopping threads took: 0.0004974 seconds
[2022-06-13T02:10:42.758+0000][1][safepoint    ] Application time: 0.0004448 seconds
[2022-06-13T02:10:42.758+0000][1][safepoint    ] Entering safepoint region: RevokeBias
[2022-06-13T02:10:42.758+0000][1][safepoint    ] Leaving safepoint region
[2022-06-13T02:10:42.758+0000][1][safepoint    ] Total time for which application threads were stopped: 0.0003574 seconds, Stopping threads took: 0.0001810 seconds
[2022-06-13T02:10:42.759+0000][1][safepoint    ] Application time: 0.0000502 seconds
[2022-06-13T02:10:42.759+0000][1][safepoint    ] Entering safepoint region: RevokeBias
[2022-06-13T02:10:42.760+0000][1][safepoint    ] Leaving safepoint region
[2022-06-13T02:10:42.760+0000][1][safepoint    ] Total time for which application threads were stopped: 0.0009679 seconds, Stopping threads took: 0.0007656 seconds
[2022-06-13T02:10:42.760+0000][1][safepoint    ] Application time: 0.0001576 seconds
[2022-06-13T02:10:42.760+0000][1][safepoint    ] Entering safepoint region: RevokeBias
[2022-06-13T02:10:42.760+0000][1][safepoint    ] Leaving safepoint region
[2022-06-13T02:10:42.761+0000][1][safepoint    ] Total time for which application threads were stopped: 0.0003864 seconds, Stopping threads took: 0.0002026 seconds
[2022-06-13T02:10:42.761+0000][1][safepoint    ] Application time: 0.0000900 seconds
[2022-06-13T02:10:42.761+0000][1][safepoint    ] Entering safepoint region: RevokeBias
[2022-06-13T02:10:42.761+0000][1][safepoint    ] Leaving safepoint region
[2022-06-13T02:10:42.761+0000][1][safepoint    ] Total time for which application threads were stopped: 0.0003855 seconds, Stopping threads took: 0.0001828 seconds
[2022-06-13T02:10:42.762+0000][1][safepoint    ] Application time: 0.0001007 seconds
[2022-06-13T02:10:42.762+0000][1][safepoint    ] Entering safepoint region: RevokeBias
[2022-06-13T02:10:42.762+0000][1][safepoint    ] Leaving safepoint region
[2022-06-13T02:10:42.762+0000][1][safepoint    ] Total time for which application threads were stopped: 0.0004023 seconds, Stopping threads took: 0.0002030 seconds
[2022-06-13T02:10:42.762+0000][1][safepoint    ] Application time: 0.0001052 seconds
[2022-06-13T02:10:42.763+0000][1][safepoint    ] Entering safepoint region: RevokeBias
[2022-06-13T02:10:42.763+0000][1][safepoint    ] Leaving safepoint region
[2022-06-13T02:10:42.763+0000][1][safepoint    ] Total time for which application threads were stopped: 0.0004269 seconds, Stopping threads took: 0.0002095 seconds
[2022-06-13T02:10:42.763+0000][1][safepoint    ] Application time: 0.0000929 seconds
[2022-06-13T02:10:42.763+0000][1][safepoint    ] Entering safepoint region: RevokeBias
[2022-06-13T02:10:42.764+0000][1][safepoint    ] Leaving safepoint region
[2022-06-13T02:10:42.764+0000][1][safepoint    ] Total time for which application threads were stopped: 0.0004068 seconds, Stopping threads took: 0.0002167 seconds
[2022-06-13T02:10:42.764+0000][1][safepoint    ] Application time: 0.0000697 seconds
[2022-06-13T02:10:42.764+0000][1][safepoint    ] Entering safepoint region: RevokeBias
[2022-06-13T02:10:42.764+0000][1][safepoint    ] Leaving safepoint region
[2022-06-13T02:10:42.765+0000][1][safepoint    ] Total time for which application threads were stopped: 0.0003443 seconds, Stopping threads took: 0.0001731 seconds
[2022-06-13T02:10:42.765+0000][1][safepoint    ] Application time: 0.0001116 seconds
[2022-06-13T02:10:42.765+0000][1][safepoint    ] Entering safepoint region: RevokeBias
[2022-06-13T02:10:42.765+0000][1][safepoint    ] Leaving safepoint region
[2022-06-13T02:10:42.765+0000][1][safepoint    ] Total time for which application threads were stopped: 0.0003349 seconds, Stopping threads took: 0.0001822 seconds
[2022-06-13T02:10:42.766+0000][1][safepoint    ] Application time: 0.0000876 seconds
[2022-06-13T02:10:42.766+0000][1][safepoint    ] Entering safepoint region: RevokeBias
[2022-06-13T02:10:42.766+0000][1][safepoint    ] Leaving safepoint region
[2022-06-13T02:10:42.766+0000][1][safepoint    ] Total time for which application threads were stopped: 0.0003849 seconds, Stopping threads took: 0.0002065 seconds
[2022-06-13T02:10:42.766+0000][1][safepoint    ] Application time: 0.0001100 seconds
[2022-06-13T02:10:42.767+0000][1][safepoint    ] Entering safepoint region: RevokeBias
[2022-06-13T02:10:42.767+0000][1][safepoint    ] Leaving safepoint region
[2022-06-13T02:10:42.767+0000][1][safepoint    ] Total time for which application threads were stopped: 0.0003495 seconds, Stopping threads took: 0.0001709 seconds
[2022-06-13T02:10:42.767+0000][1][safepoint    ] Application time: 0.0000846 seconds
[2022-06-13T02:10:42.767+0000][1][safepoint    ] Entering safepoint region: RevokeBias
[2022-06-13T02:10:42.768+0000][1][safepoint    ] Leaving safepoint region
[2022-06-13T02:10:42.768+0000][1][safepoint    ] Total time for which application threads were stopped: 0.0005661 seconds, Stopping threads took: 0.0003396 seconds
[2022-06-13T02:10:42.768+0000][1][safepoint    ] Application time: 0.0001423 seconds
[2022-06-13T02:10:42.768+0000][1][safepoint    ] Entering safepoint region: RevokeBias
[2022-06-13T02:10:42.769+0000][1][safepoint    ] Leaving safepoint region
[2022-06-13T02:10:42.769+0000][1][safepoint    ] Total time for which application threads were stopped: 0.0003915 seconds, Stopping threads took: 0.0002185 seconds
[2022-06-13T02:10:42.769+0000][1][safepoint    ] Application time: 0.0000619 seconds
[2022-06-13T02:10:42.769+0000][1][safepoint    ] Entering safepoint region: RevokeBias
[2022-06-13T02:10:42.769+0000][1][safepoint    ] Leaving safepoint region
[2022-06-13T02:10:42.770+0000][1][safepoint    ] Total time for which application threads were stopped: 0.0003970 seconds, Stopping threads took: 0.0002087 seconds
[2022-06-13T02:10:42.770+0000][1][safepoint    ] Application time: 0.0000814 seconds
[2022-06-13T02:10:42.770+0000][1][safepoint    ] Entering safepoint region: RevokeBias
[2022-06-13T02:10:42.770+0000][1][safepoint    ] Leaving safepoint region
[2022-06-13T02:10:42.770+0000][1][safepoint    ] Total time for which application threads were stopped: 0.0004356 seconds, Stopping threads took: 0.0002226 seconds
[2022-06-13T02:10:42.771+0000][1][safepoint    ] Application time: 0.0000875 seconds
[2022-06-13T02:10:42.771+0000][1][safepoint    ] Entering safepoint region: RevokeBias
[2022-06-13T02:10:42.771+0000][1][safepoint    ] Leaving safepoint region
[2022-06-13T02:10:42.771+0000][1][safepoint    ] Total time for which application threads were stopped: 0.0003591 seconds, Stopping threads took: 0.0001760 seconds
[2022-06-13T02:10:42.771+0000][1][safepoint    ] Application time: 0.0001643 seconds
[2022-06-13T02:10:42.772+0000][1][safepoint    ] Entering safepoint region: RevokeBias
[2022-06-13T02:10:42.772+0000][1][safepoint    ] Leaving safepoint region
[2022-06-13T02:10:42.772+0000][1][safepoint    ] Total time for which application threads were stopped: 0.0003708 seconds, Stopping threads took: 0.0001810 seconds
[2022-06-13T02:10:42.772+0000][1][safepoint    ] Application time: 0.0000982 seconds
[2022-06-13T02:10:42.772+0000][1][safepoint    ] Entering safepoint region: RevokeBias
[2022-06-13T02:10:42.773+0000][1][safepoint    ] Leaving safepoint region
[2022-06-13T02:10:42.773+0000][1][safepoint    ] Total time for which application threads were stopped: 0.0003529 seconds, Stopping threads took: 0.0001844 seconds
[2022-06-13T02:10:42.773+0000][1][safepoint    ] Application time: 0.0001449 seconds
[2022-06-13T02:10:42.773+0000][1][safepoint    ] Entering safepoint region: RevokeBias
[2022-06-13T02:10:42.773+0000][1][safepoint    ] Leaving safepoint region
[2022-06-13T02:10:42.773+0000][1][safepoint    ] Total time for which application threads were stopped: 0.0003863 seconds, Stopping threads took: 0.0001915 seconds
[2022-06-13T02:10:42.774+0000][1][safepoint    ] Application time: 0.0000731 seconds
[2022-06-13T02:10:42.774+0000][1][safepoint    ] Entering safepoint region: RevokeBias
[2022-06-13T02:10:42.774+0000][1][safepoint    ] Leaving safepoint region
[2022-06-13T02:10:42.774+0000][1][safepoint    ] Total time for which application threads were stopped: 0.0003076 seconds, Stopping threads took: 0.0001438 seconds
[2022-06-13T02:10:42.774+0000][1][safepoint    ] Application time: 0.0001192 seconds
[2022-06-13T02:10:42.774+0000][1][safepoint    ] Entering safepoint region: RevokeBias
[2022-06-13T02:10:42.775+0000][1][safepoint    ] Leaving safepoint region
[2022-06-13T02:10:42.775+0000][1][safepoint    ] Total time for which application threads were stopped: 0.0003561 seconds, Stopping threads took: 0.0001790 seconds
[2022-06-13T02:10:42.775+0000][1][safepoint    ] Application time: 0.0000877 seconds
[2022-06-13T02:10:42.775+0000][1][safepoint    ] Entering safepoint region: RevokeBias
[2022-06-13T02:10:42.775+0000][1][safepoint    ] Leaving safepoint region
[2022-06-13T02:10:42.776+0000][1][safepoint    ] Total time for which application threads were stopped: 0.0002988 seconds, Stopping threads took: 0.0001371 seconds
[2022-06-13T02:10:42.776+0000][1][safepoint    ] Application time: 0.0001406 seconds
[2022-06-13T02:10:42.776+0000][1][safepoint    ] Entering safepoint region: RevokeBias
[2022-06-13T02:10:42.776+0000][1][safepoint    ] Leaving safepoint region
[2022-06-13T02:10:42.776+0000][1][safepoint    ] Total time for which application threads were stopped: 0.0002920 seconds, Stopping threads took: 0.0001154 seconds
[2022-06-13T02:10:42.776+0000][1][safepoint    ] Application time: 0.0000709 seconds
[2022-06-13T02:10:42.776+0000][1][safepoint    ] Entering safepoint region: RevokeBias
[2022-06-13T02:10:42.777+0000][1][safepoint    ] Leaving safepoint region
[2022-06-13T02:10:42.777+0000][1][safepoint    ] Total time for which application threads were stopped: 0.0003111 seconds, Stopping threads took: 0.0001328 seconds
[2022-06-13T02:10:42.777+0000][1][safepoint    ] Application time: 0.0001434 seconds
[2022-06-13T02:10:42.777+0000][1][safepoint    ] Entering safepoint region: RevokeBias
[2022-06-13T02:10:42.777+0000][1][safepoint    ] Leaving safepoint region
[2022-06-13T02:10:42.778+0000][1][safepoint    ] Total time for which application threads were stopped: 0.0002756 seconds, Stopping threads took: 0.0001294 seconds
[2022-06-13T02:10:42.778+0000][1][safepoint    ] Application time: 0.0000722 seconds
[2022-06-13T02:10:42.778+0000][1][safepoint    ] Entering safepoint region: RevokeBias
[2022-06-13T02:10:42.778+0000][1][safepoint    ] Leaving safepoint region
[2022-06-13T02:10:42.778+0000][1][safepoint    ] Total time for which application threads were stopped: 0.0002676 seconds, Stopping threads took: 0.0001224 seconds
[2022-06-13T02:10:42.778+0000][1][safepoint    ] Application time: 0.0000865 seconds
[2022-06-13T02:10:42.779+0000][1][safepoint    ] Entering safepoint region: RevokeBias
[2022-06-13T02:10:42.779+0000][1][safepoint    ] Leaving safepoint region
[2022-06-13T02:10:42.779+0000][1][safepoint    ] Total time for which application threads were stopped: 0.0003942 seconds, Stopping threads took: 0.0002044 seconds
[2022-06-13T02:10:42.779+0000][1][safepoint    ] Application time: 0.0001213 seconds
[2022-06-13T02:10:42.780+0000][1][safepoint    ] Entering safepoint region: RevokeBias
[2022-06-13T02:10:42.780+0000][1][safepoint    ] Leaving safepoint region
[2022-06-13T02:10:42.780+0000][1][safepoint    ] Total time for which application threads were stopped: 0.0007603 seconds, Stopping threads took: 0.0005222 seconds
[2022-06-13T02:10:42.963+0000][1][safepoint    ] Application time: 0.1826688 seconds
[2022-06-13T02:10:42.963+0000][1][safepoint    ] Entering safepoint region: Deoptimize
[2022-06-13T02:10:42.964+0000][1][safepoint    ] Leaving safepoint region
[2022-06-13T02:10:42.964+0000][1][safepoint    ] Total time for which application threads were stopped: 0.0007022 seconds, Stopping threads took: 0.0001606 seconds
[2022-06-13T02:10:43.073+0000][1][safepoint    ] Application time: 0.1095421 seconds
[2022-06-13T02:10:43.074+0000][1][safepoint    ] Entering safepoint region: RevokeBias
[2022-06-13T02:10:43.074+0000][1][safepoint    ] Leaving safepoint region
[2022-06-13T02:10:43.075+0000][1][safepoint    ] Total time for which application threads were stopped: 0.0007864 seconds, Stopping threads took: 0.0002188 seconds
[2022-06-13T02:10:43.166+0000][1][safepoint    ] Application time: 0.0909636 seconds
[2022-06-13T02:10:43.167+0000][1][safepoint    ] Entering safepoint region: GenCollectForAllocation
[2022-06-13T02:10:43.167+0000][1][gc,start     ] GC(1) Pause Young (Allocation Failure)
[2022-06-13T02:10:43.167+0000][1][gc,task      ] GC(1) Using 5 workers of 13 for evacuation
[2022-06-13T02:10:43.178+0000][1][gc,age       ] GC(1) Desired survivor size 4456448 bytes, new threshold 6 (max threshold 6)
[2022-06-13T02:10:43.179+0000][1][gc,age       ] GC(1) Age table with threshold 6 (max threshold 6)
[2022-06-13T02:10:43.185+0000][1][gc,age       ] GC(1) - age   1:    2263840 bytes,    2263840 total
[2022-06-13T02:10:43.186+0000][1][gc,heap      ] GC(1) ParNew: 76249K->4509K(78656K)
[2022-06-13T02:10:43.186+0000][1][gc,heap      ] GC(1) CMS: 0K->6694K(174784K)
[2022-06-13T02:10:43.186+0000][1][gc,metaspace ] GC(1) Metaspace: 14849K->14849K(1062912K)
[2022-06-13T02:10:43.186+0000][1][gc           ] GC(1) Pause Young (Allocation Failure) 74M->10M(247M) 19.059ms
[2022-06-13T02:10:43.186+0000][1][gc,cpu       ] GC(1) User=0.03s Sys=0.03s Real=0.02s
[2022-06-13T02:10:43.186+0000][1][safepoint    ] Leaving safepoint region
[2022-06-13T02:10:43.186+0000][1][safepoint    ] Total time for which application threads were stopped: 0.0197072 seconds, Stopping threads took: 0.0001751 seconds
[2022-06-13T02:10:43.187+0000][1][safepoint    ] Application time: 0.0004510 seconds
[2022-06-13T02:10:43.189+0000][1][safepoint    ] Entering safepoint region: RevokeBias
[2022-06-13T02:10:43.189+0000][1][safepoint    ] Leaving safepoint region
[2022-06-13T02:10:43.189+0000][1][safepoint    ] Total time for which application threads were stopped: 0.0004869 seconds, Stopping threads took: 0.0002195 seconds
[2022-06-13T02:10:43.195+0000][1][safepoint    ] Application time: 0.0056590 seconds
[2022-06-13T02:10:43.196+0000][1][safepoint    ] Entering safepoint region: RevokeBias
[2022-06-13T02:10:43.196+0000][1][safepoint    ] Leaving safepoint region
[2022-06-13T02:10:43.197+0000][1][safepoint    ] Total time for which application threads were stopped: 0.0013054 seconds, Stopping threads took: 0.0003861 seconds
[2022-06-13T02:10:43.197+0000][1][safepoint    ] Application time: 0.0000787 seconds
[2022-06-13T02:10:43.197+0000][1][safepoint    ] Entering safepoint region: RevokeBias
[2022-06-13T02:10:43.197+0000][1][safepoint    ] Leaving safepoint region
[2022-06-13T02:10:43.198+0000][1][safepoint    ] Total time for which application threads were stopped: 0.0003107 seconds, Stopping threads took: 0.0001192 seconds
[2022-06-13T02:10:43.198+0000][1][safepoint    ] Application time: 0.0000242 seconds
[2022-06-13T02:10:43.198+0000][1][safepoint    ] Entering safepoint region: RevokeBias
[2022-06-13T02:10:43.199+0000][1][safepoint    ] Leaving safepoint region
[2022-06-13T02:10:43.199+0000][1][safepoint    ] Total time for which application threads were stopped: 0.0013721 seconds, Stopping threads took: 0.0006364 seconds
[2022-06-13T02:10:43.201+0000][1][safepoint    ] Application time: 0.0007582 seconds
[2022-06-13T02:10:43.202+0000][1][safepoint    ] Entering safepoint region: RevokeBias
[2022-06-13T02:10:43.203+0000][1][safepoint    ] Leaving safepoint region
[2022-06-13T02:10:43.203+0000][1][safepoint    ] Total time for which application threads were stopped: 0.0009517 seconds, Stopping threads took: 0.0007348 seconds
[2022-06-13T02:10:43.203+0000][1][safepoint    ] Application time: 0.0000368 seconds
[2022-06-13T02:10:43.203+0000][1][safepoint    ] Entering safepoint region: RevokeBias
[2022-06-13T02:10:43.204+0000][1][safepoint    ] Leaving safepoint region
[2022-06-13T02:10:43.204+0000][1][safepoint    ] Total time for which application threads were stopped: 0.0004143 seconds, Stopping threads took: 0.0002153 seconds
[2022-06-13T02:10:43.204+0000][1][safepoint    ] Application time: 0.0000691 seconds
[2022-06-13T02:10:43.204+0000][1][safepoint    ] Entering safepoint region: RevokeBias
[2022-06-13T02:10:43.204+0000][1][safepoint    ] Leaving safepoint region
[2022-06-13T02:10:43.205+0000][1][safepoint    ] Total time for which application threads were stopped: 0.0004366 seconds, Stopping threads took: 0.0002068 seconds
[2022-06-13T02:10:43.205+0000][1][safepoint    ] Application time: 0.0000536 seconds
[2022-06-13T02:10:43.205+0000][1][safepoint    ] Entering safepoint region: RevokeBias
[2022-06-13T02:10:43.205+0000][1][safepoint    ] Leaving safepoint region
[2022-06-13T02:10:43.205+0000][1][safepoint    ] Total time for which application threads were stopped: 0.0003298 seconds, Stopping threads took: 0.0001581 seconds
[2022-06-13T02:10:43.205+0000][1][safepoint    ] Application time: 0.0000854 seconds
[2022-06-13T02:10:43.206+0000][1][safepoint    ] Entering safepoint region: BulkRevokeBias
[2022-06-13T02:10:43.206+0000][1][safepoint    ] Leaving safepoint region
[2022-06-13T02:10:43.206+0000][1][safepoint    ] Total time for which application threads were stopped: 0.0003574 seconds, Stopping threads took: 0.0001382 seconds
[2022-06-13T02:10:43.206+0000][1][safepoint    ] Application time: 0.0000374 seconds
[2022-06-13T02:10:43.206+0000][1][safepoint    ] Entering safepoint region: RevokeBias
[2022-06-13T02:10:43.206+0000][1][safepoint    ] Leaving safepoint region
[2022-06-13T02:10:43.207+0000][1][safepoint    ] Total time for which application threads were stopped: 0.0003544 seconds, Stopping threads took: 0.0001513 seconds
[2022-06-13T02:10:43.209+0000][1][safepoint    ] Application time: 0.0024468 seconds
[2022-06-13T02:10:43.209+0000][1][safepoint    ] Entering safepoint region: BulkRevokeBias
[2022-06-13T02:10:43.210+0000][1][safepoint    ] Leaving safepoint region
[2022-06-13T02:10:43.210+0000][1][safepoint    ] Total time for which application threads were stopped: 0.0005056 seconds, Stopping threads took: 0.0002525 seconds
[2022-06-13T02:10:43.311+0000][1][safepoint    ] Application time: 0.1010172 seconds
[2022-06-13T02:10:43.311+0000][1][safepoint    ] Entering safepoint region: GenCollectForAllocation
[2022-06-13T02:10:43.312+0000][1][gc,start     ] GC(2) Pause Young (Allocation Failure)
[2022-06-13T02:10:43.312+0000][1][gc,task      ] GC(2) Using 5 workers of 13 for evacuation
[2022-06-13T02:10:43.315+0000][1][gc,age       ] GC(2) Desired survivor size 4456448 bytes, new threshold 6 (max threshold 6)
[2022-06-13T02:10:43.315+0000][1][gc,age       ] GC(2) Age table with threshold 6 (max threshold 6)
[2022-06-13T02:10:43.315+0000][1][gc,age       ] GC(2) - age   1:    2707328 bytes,    2707328 total
[2022-06-13T02:10:43.315+0000][1][gc,age       ] GC(2) - age   2:    1141064 bytes,    3848392 total
[2022-06-13T02:10:43.315+0000][1][gc,heap      ] GC(2) ParNew: 74461K->4951K(78656K)
[2022-06-13T02:10:43.315+0000][1][gc,heap      ] GC(2) CMS: 6694K->6694K(174784K)
[2022-06-13T02:10:43.316+0000][1][gc,metaspace ] GC(2) Metaspace: 14995K->14995K(1062912K)
[2022-06-13T02:10:43.316+0000][1][gc           ] GC(2) Pause Young (Allocation Failure) 79M->11M(247M) 4.044ms
[2022-06-13T02:10:43.316+0000][1][gc,cpu       ] GC(2) User=0.01s Sys=0.00s Real=0.00s
[2022-06-13T02:10:43.316+0000][1][safepoint    ] Leaving safepoint region
[2022-06-13T02:10:43.316+0000][1][safepoint    ] Total time for which application threads were stopped: 0.0046849 seconds, Stopping threads took: 0.0001523 seconds
[2022-06-13T02:10:43.316+0000][1][safepoint    ] Application time: 0.0002013 seconds
[2022-06-13T02:10:43.317+0000][1][safepoint    ] Entering safepoint region: RevokeBias
[2022-06-13T02:10:43.317+0000][1][safepoint    ] Leaving safepoint region
[2022-06-13T02:10:43.317+0000][1][safepoint    ] Total time for which application threads were stopped: 0.0003797 seconds, Stopping threads took: 0.0001290 seconds
[2022-06-13T02:10:43.317+0000][1][safepoint    ] Application time: 0.0000738 seconds
[2022-06-13T02:10:43.317+0000][1][safepoint    ] Entering safepoint region: RevokeBias
[2022-06-13T02:10:43.317+0000][1][safepoint    ] Leaving safepoint region
[2022-06-13T02:10:43.318+0000][1][safepoint    ] Total time for which application threads were stopped: 0.0003539 seconds, Stopping threads took: 0.0001431 seconds
[2022-06-13T02:10:43.318+0000][1][safepoint    ] Application time: 0.0001012 seconds
[2022-06-13T02:10:43.318+0000][1][safepoint    ] Entering safepoint region: RevokeBias
[2022-06-13T02:10:43.318+0000][1][safepoint    ] Leaving safepoint region
[2022-06-13T02:10:43.318+0000][1][safepoint    ] Total time for which application threads were stopped: 0.0004012 seconds, Stopping threads took: 0.0001492 seconds
[2022-06-13T02:10:43.319+0000][1][safepoint    ] Application time: 0.0000772 seconds
[2022-06-13T02:10:43.319+0000][1][safepoint    ] Entering safepoint region: RevokeBias
[2022-06-13T02:10:43.319+0000][1][safepoint    ] Leaving safepoint region
[2022-06-13T02:10:43.319+0000][1][safepoint    ] Total time for which application threads were stopped: 0.0002764 seconds, Stopping threads took: 0.0001290 seconds
[2022-06-13T02:10:43.319+0000][1][safepoint    ] Application time: 0.0000773 seconds
[2022-06-13T02:10:43.319+0000][1][safepoint    ] Entering safepoint region: RevokeBias
[2022-06-13T02:10:43.320+0000][1][safepoint    ] Leaving safepoint region
[2022-06-13T02:10:43.320+0000][1][safepoint    ] Total time for which application threads were stopped: 0.0002950 seconds, Stopping threads took: 0.0001465 seconds
[2022-06-13T02:10:43.320+0000][1][safepoint    ] Application time: 0.0000642 seconds
[2022-06-13T02:10:43.320+0000][1][safepoint    ] Entering safepoint region: RevokeBias
[2022-06-13T02:10:43.320+0000][1][safepoint    ] Leaving safepoint region
[2022-06-13T02:10:43.320+0000][1][safepoint    ] Total time for which application threads were stopped: 0.0004028 seconds, Stopping threads took: 0.0001784 seconds
[2022-06-13T02:10:43.482+0000][1][safepoint    ] Application time: 0.1611769 seconds
[2022-06-13T02:10:43.483+0000][1][safepoint    ] Entering safepoint region: Deoptimize
[2022-06-13T02:10:43.484+0000][1][safepoint    ] Leaving safepoint region
[2022-06-13T02:10:43.484+0000][1][safepoint    ] Total time for which application threads were stopped: 0.0013891 seconds, Stopping threads took: 0.0006821 seconds
[2022-06-13T02:10:43.485+0000][1][safepoint    ] Application time: 0.0005372 seconds
[2022-06-13T02:10:43.485+0000][1][safepoint    ] Entering safepoint region: Deoptimize
[2022-06-13T02:10:43.486+0000][1][safepoint    ] Leaving safepoint region
[2022-06-13T02:10:43.487+0000][1][safepoint    ] Total time for which application threads were stopped: 0.0014392 seconds, Stopping threads took: 0.0004910 seconds
[2022-06-13T02:10:43.717+0000][1][safepoint    ] Application time: 0.2294938 seconds
[2022-06-13T02:10:43.717+0000][1][safepoint    ] Entering safepoint region: GenCollectForAllocation
[2022-06-13T02:10:43.717+0000][1][gc,start     ] GC(3) Pause Young (Allocation Failure)
[2022-06-13T02:10:43.717+0000][1][gc,task      ] GC(3) Using 5 workers of 13 for evacuation
[2022-06-13T02:10:43.723+0000][1][gc,age       ] GC(3) Desired survivor size 4456448 bytes, new threshold 3 (max threshold 6)
[2022-06-13T02:10:43.723+0000][1][gc,age       ] GC(3) Age table with threshold 3 (max threshold 6)
[2022-06-13T02:10:43.723+0000][1][gc,age       ] GC(3) - age   1:    3275680 bytes,    3275680 total
[2022-06-13T02:10:43.724+0000][1][gc,age       ] GC(3) - age   2:     294200 bytes,    3569880 total
[2022-06-13T02:10:43.724+0000][1][gc,age       ] GC(3) - age   3:    1138120 bytes,    4708000 total
[2022-06-13T02:10:43.725+0000][1][gc,heap      ] GC(3) ParNew: 74903K->5958K(78656K)
[2022-06-13T02:10:43.725+0000][1][gc,heap      ] GC(3) CMS: 6694K->6694K(174784K)
[2022-06-13T02:10:43.725+0000][1][gc,metaspace ] GC(3) Metaspace: 18334K->18334K(1067008K)
[2022-06-13T02:10:43.726+0000][1][gc           ] GC(3) Pause Young (Allocation Failure) 79M->12M(247M) 8.893ms
[2022-06-13T02:10:43.726+0000][1][gc,cpu       ] GC(3) User=0.02s Sys=0.00s Real=0.01s
[2022-06-13T02:10:43.726+0000][1][safepoint    ] Leaving safepoint region
[2022-06-13T02:10:43.726+0000][1][safepoint    ] Total time for which application threads were stopped: 0.0096853 seconds, Stopping threads took: 0.0001803 seconds
[2022-06-13T02:10:43.727+0000][1][safepoint    ] Application time: 0.0002248 seconds
[2022-06-13T02:10:43.727+0000][1][safepoint    ] Entering safepoint region: RevokeBias
[2022-06-13T02:10:43.728+0000][1][safepoint    ] Leaving safepoint region
[2022-06-13T02:10:43.728+0000][1][safepoint    ] Total time for which application threads were stopped: 0.0005661 seconds, Stopping threads took: 0.0002116 seconds
[2022-06-13T02:10:43.729+0000][1][safepoint    ] Application time: 0.0006437 seconds
[2022-06-13T02:10:43.729+0000][1][safepoint    ] Entering safepoint region: RevokeBias
[2022-06-13T02:10:43.730+0000][1][safepoint    ] Leaving safepoint region
[2022-06-13T02:10:43.731+0000][1][safepoint    ] Total time for which application threads were stopped: 0.0020246 seconds, Stopping threads took: 0.0010054 seconds
[2022-06-13T02:10:43.732+0000][1][safepoint    ] Application time: 0.0002297 seconds
[2022-06-13T02:10:43.732+0000][1][safepoint    ] Entering safepoint region: RevokeBias
[2022-06-13T02:10:43.732+0000][1][safepoint    ] Leaving safepoint region
[2022-06-13T02:10:43.733+0000][1][safepoint    ] Total time for which application threads were stopped: 0.0004977 seconds, Stopping threads took: 0.0002425 seconds
[2022-06-13T02:10:43.733+0000][1][safepoint    ] Application time: 0.0000486 seconds
[2022-06-13T02:10:43.733+0000][1][safepoint    ] Entering safepoint region: RevokeBias
[2022-06-13T02:10:43.733+0000][1][safepoint    ] Leaving safepoint region
[2022-06-13T02:10:43.733+0000][1][safepoint    ] Total time for which application threads were stopped: 0.0002835 seconds, Stopping threads took: 0.0001146 seconds
[2022-06-13T02:10:43.736+0000][1][safepoint    ] Application time: 0.0021778 seconds
[2022-06-13T02:10:43.736+0000][1][safepoint    ] Entering safepoint region: RevokeBias
[2022-06-13T02:10:43.736+0000][1][safepoint    ] Leaving safepoint region
[2022-06-13T02:10:43.736+0000][1][safepoint    ] Total time for which application threads were stopped: 0.0005612 seconds, Stopping threads took: 0.0003129 seconds
[2022-06-13T02:10:43.737+0000][1][safepoint    ] Application time: 0.0000341 seconds
[2022-06-13T02:10:43.737+0000][1][safepoint    ] Entering safepoint region: RevokeBias
[2022-06-13T02:10:43.737+0000][1][safepoint    ] Leaving safepoint region
[2022-06-13T02:10:43.737+0000][1][safepoint    ] Total time for which application threads were stopped: 0.0003973 seconds, Stopping threads took: 0.0001924 seconds
[2022-06-13T02:10:43.737+0000][1][safepoint    ] Application time: 0.0000869 seconds
[2022-06-13T02:10:43.738+0000][1][safepoint    ] Entering safepoint region: RevokeBias
[2022-06-13T02:10:43.738+0000][1][safepoint    ] Leaving safepoint region
[2022-06-13T02:10:43.738+0000][1][safepoint    ] Total time for which application threads were stopped: 0.0003357 seconds, Stopping threads took: 0.0001598 seconds
[2022-06-13T02:10:43.738+0000][1][safepoint    ] Application time: 0.0000867 seconds
[2022-06-13T02:10:43.739+0000][1][safepoint    ] Entering safepoint region: RevokeBias
[2022-06-13T02:10:43.739+0000][1][safepoint    ] Leaving safepoint region
[2022-06-13T02:10:43.739+0000][1][safepoint    ] Total time for which application threads were stopped: 0.0005171 seconds, Stopping threads took: 0.0002707 seconds
[2022-06-13T02:10:43.739+0000][1][safepoint    ] Application time: 0.0000574 seconds
[2022-06-13T02:10:43.740+0000][1][safepoint    ] Entering safepoint region: RevokeBias
[2022-06-13T02:10:43.740+0000][1][safepoint    ] Leaving safepoint region
[2022-06-13T02:10:43.740+0000][1][safepoint    ] Total time for which application threads were stopped: 0.0008948 seconds, Stopping threads took: 0.0006889 seconds
[2022-06-13T02:10:43.740+0000][1][safepoint    ] Application time: 0.0000443 seconds
[2022-06-13T02:10:43.741+0000][1][safepoint    ] Entering safepoint region: RevokeBias
[2022-06-13T02:10:43.741+0000][1][safepoint    ] Leaving safepoint region
[2022-06-13T02:10:43.741+0000][1][safepoint    ] Total time for which application threads were stopped: 0.0003426 seconds, Stopping threads took: 0.0001592 seconds
[2022-06-13T02:10:43.741+0000][1][safepoint    ] Application time: 0.0001210 seconds
[2022-06-13T02:10:43.742+0000][1][safepoint    ] Entering safepoint region: RevokeBias
[2022-06-13T02:10:43.742+0000][1][safepoint    ] Leaving safepoint region
[2022-06-13T02:10:43.742+0000][1][safepoint    ] Total time for which application threads were stopped: 0.0004240 seconds, Stopping threads took: 0.0001967 seconds
[2022-06-13T02:10:43.742+0000][1][safepoint    ] Application time: 0.0000472 seconds
[2022-06-13T02:10:43.742+0000][1][safepoint    ] Entering safepoint region: RevokeBias
[2022-06-13T02:10:43.743+0000][1][safepoint    ] Leaving safepoint region
[2022-06-13T02:10:43.743+0000][1][safepoint    ] Total time for which application threads were stopped: 0.0002851 seconds, Stopping threads took: 0.0001247 seconds
[2022-06-13T02:10:43.744+0000][1][safepoint    ] Application time: 0.0015698 seconds
[2022-06-13T02:10:43.745+0000][1][safepoint    ] Entering safepoint region: RevokeBias
[2022-06-13T02:10:43.745+0000][1][safepoint    ] Leaving safepoint region
[2022-06-13T02:10:43.746+0000][1][safepoint    ] Total time for which application threads were stopped: 0.0011044 seconds, Stopping threads took: 0.0004079 seconds
[2022-06-13T02:10:43.746+0000][1][safepoint    ] Application time: 0.0000364 seconds
[2022-06-13T02:10:43.746+0000][1][safepoint    ] Entering safepoint region: RevokeBias
[2022-06-13T02:10:43.746+0000][1][safepoint    ] Leaving safepoint region
[2022-06-13T02:10:43.747+0000][1][safepoint    ] Total time for which application threads were stopped: 0.0004237 seconds, Stopping threads took: 0.0001541 seconds
[2022-06-13T02:10:43.747+0000][1][safepoint    ] Application time: 0.0000389 seconds
[2022-06-13T02:10:43.747+0000][1][safepoint    ] Entering safepoint region: RevokeBias
[2022-06-13T02:10:43.747+0000][1][safepoint    ] Leaving safepoint region
[2022-06-13T02:10:43.747+0000][1][safepoint    ] Total time for which application threads were stopped: 0.0003577 seconds, Stopping threads took: 0.0001473 seconds
[2022-06-13T02:10:43.747+0000][1][safepoint    ] Application time: 0.0000218 seconds
[2022-06-13T02:10:43.748+0000][1][safepoint    ] Entering safepoint region: RevokeBias
[2022-06-13T02:10:43.748+0000][1][safepoint    ] Leaving safepoint region
[2022-06-13T02:10:43.749+0000][1][safepoint    ] Total time for which application threads were stopped: 0.0008578 seconds, Stopping threads took: 0.0001612 seconds
[2022-06-13T02:10:43.749+0000][1][safepoint    ] Application time: 0.0002275 seconds
[2022-06-13T02:10:43.750+0000][1][safepoint    ] Entering safepoint region: RevokeBias
[2022-06-13T02:10:43.750+0000][1][safepoint    ] Leaving safepoint region
[2022-06-13T02:10:43.750+0000][1][safepoint    ] Total time for which application threads were stopped: 0.0007263 seconds, Stopping threads took: 0.0005198 seconds
[2022-06-13T02:10:43.752+0000][1][safepoint    ] Application time: 0.0020905 seconds
[2022-06-13T02:10:43.753+0000][1][safepoint    ] Entering safepoint region: RevokeBias
[2022-06-13T02:10:43.753+0000][1][safepoint    ] Leaving safepoint region
[2022-06-13T02:10:43.754+0000][1][safepoint    ] Total time for which application threads were stopped: 0.0004355 seconds, Stopping threads took: 0.0002118 seconds
[2022-06-13T02:10:43.754+0000][1][safepoint    ] Application time: 0.0000981 seconds
[2022-06-13T02:10:43.754+0000][1][safepoint    ] Entering safepoint region: RevokeBias
[2022-06-13T02:10:43.754+0000][1][safepoint    ] Leaving safepoint region
[2022-06-13T02:10:43.754+0000][1][safepoint    ] Total time for which application threads were stopped: 0.0003546 seconds, Stopping threads took: 0.0001946 seconds
[2022-06-13T02:10:43.755+0000][1][safepoint    ] Application time: 0.0001050 seconds
[2022-06-13T02:10:43.755+0000][1][safepoint    ] Entering safepoint region: RevokeBias
[2022-06-13T02:10:43.755+0000][1][safepoint    ] Leaving safepoint region
[2022-06-13T02:10:43.755+0000][1][safepoint    ] Total time for which application threads were stopped: 0.0003186 seconds, Stopping threads took: 0.0001587 seconds
[2022-06-13T02:10:43.755+0000][1][safepoint    ] Application time: 0.0000908 seconds
[2022-06-13T02:10:43.755+0000][1][safepoint    ] Entering safepoint region: RevokeBias
[2022-06-13T02:10:43.756+0000][1][safepoint    ] Leaving safepoint region
[2022-06-13T02:10:43.756+0000][1][safepoint    ] Total time for which application threads were stopped: 0.0003503 seconds, Stopping threads took: 0.0001737 seconds
[2022-06-13T02:10:43.847+0000][1][safepoint    ] Application time: 0.0914654 seconds
[2022-06-13T02:10:43.847+0000][1][safepoint    ] Entering safepoint region: GenCollectForAllocation
[2022-06-13T02:10:43.848+0000][1][gc,start     ] GC(4) Pause Young (Allocation Failure)
[2022-06-13T02:10:43.848+0000][1][gc,task      ] GC(4) Using 5 workers of 13 for evacuation
[2022-06-13T02:10:43.853+0000][1][gc,age       ] GC(4) Desired survivor size 4456448 bytes, new threshold 2 (max threshold 6)
[2022-06-13T02:10:43.853+0000][1][gc,age       ] GC(4) Age table with threshold 2 (max threshold 6)
[2022-06-13T02:10:43.853+0000][1][gc,age       ] GC(4) - age   1:    1467416 bytes,    1467416 total
[2022-06-13T02:10:43.854+0000][1][gc,age       ] GC(4) - age   2:    3221008 bytes,    4688424 total
[2022-06-13T02:10:43.854+0000][1][gc,age       ] GC(4) - age   3:     293672 bytes,    4982096 total
[2022-06-13T02:10:43.854+0000][1][gc,heap      ] GC(4) ParNew: 75910K->6714K(78656K)
[2022-06-13T02:10:43.854+0000][1][gc,heap      ] GC(4) CMS: 6694K->7822K(174784K)
[2022-06-13T02:10:43.854+0000][1][gc,metaspace ] GC(4) Metaspace: 18643K->18643K(1067008K)
[2022-06-13T02:10:43.854+0000][1][gc           ] GC(4) Pause Young (Allocation Failure) 80M->14M(247M) 6.465ms
[2022-06-13T02:10:43.854+0000][1][gc,cpu       ] GC(4) User=0.03s Sys=0.00s Real=0.01s
[2022-06-13T02:10:43.855+0000][1][safepoint    ] Leaving safepoint region
[2022-06-13T02:10:43.855+0000][1][safepoint    ] Total time for which application threads were stopped: 0.0075858 seconds, Stopping threads took: 0.0001942 seconds
[2022-06-13T02:10:43.856+0000][1][safepoint    ] Application time: 0.0007861 seconds
[2022-06-13T02:10:43.856+0000][1][safepoint    ] Entering safepoint region: RevokeBias
[2022-06-13T02:10:43.858+0000][1][safepoint    ] Leaving safepoint region
[2022-06-13T02:10:43.859+0000][1][safepoint    ] Total time for which application threads were stopped: 0.0026298 seconds, Stopping threads took: 0.0019079 seconds
[2022-06-13T02:10:43.860+0000][1][safepoint    ] Application time: 0.0000799 seconds
[2022-06-13T02:10:43.860+0000][1][safepoint    ] Entering safepoint region: RevokeBias
[2022-06-13T02:10:43.860+0000][1][safepoint    ] Leaving safepoint region
[2022-06-13T02:10:43.860+0000][1][safepoint    ] Total time for which application threads were stopped: 0.0004125 seconds, Stopping threads took: 0.0001818 seconds
[2022-06-13T02:10:43.861+0000][1][safepoint    ] Application time: 0.0001887 seconds
[2022-06-13T02:10:43.861+0000][1][safepoint    ] Entering safepoint region: RevokeBias
[2022-06-13T02:10:43.861+0000][1][safepoint    ] Leaving safepoint region
[2022-06-13T02:10:43.861+0000][1][safepoint    ] Total time for which application threads were stopped: 0.0003276 seconds, Stopping threads took: 0.0001496 seconds
[2022-06-13T02:10:43.861+0000][1][safepoint    ] Application time: 0.0001021 seconds
[2022-06-13T02:10:43.861+0000][1][safepoint    ] Entering safepoint region: RevokeBias
[2022-06-13T02:10:43.862+0000][1][safepoint    ] Leaving safepoint region
[2022-06-13T02:10:43.862+0000][1][safepoint    ] Total time for which application threads were stopped: 0.0003129 seconds, Stopping threads took: 0.0001183 seconds
[2022-06-13T02:10:43.897+0000][1][safepoint    ] Application time: 0.0349198 seconds
[2022-06-13T02:10:43.897+0000][1][safepoint    ] Entering safepoint region: Deoptimize
[2022-06-13T02:10:43.898+0000][1][safepoint    ] Leaving safepoint region
[2022-06-13T02:10:43.898+0000][1][safepoint    ] Total time for which application threads were stopped: 0.0009061 seconds, Stopping threads took: 0.0002039 seconds
[2022-06-13T02:10:43.933+0000][1][safepoint    ] Application time: 0.0342627 seconds
[2022-06-13T02:10:43.934+0000][1][safepoint    ] Entering safepoint region: Deoptimize
[2022-06-13T02:10:43.935+0000][1][safepoint    ] Leaving safepoint region
[2022-06-13T02:10:43.935+0000][1][safepoint    ] Total time for which application threads were stopped: 0.0022154 seconds, Stopping threads took: 0.0012575 seconds
[2022-06-13T02:10:44.036+0000][1][safepoint    ] Application time: 0.1002540 seconds
[2022-06-13T02:10:44.039+0000][1][safepoint    ] Entering safepoint region: GenCollectForAllocation
[2022-06-13T02:10:44.040+0000][1][gc,start     ] GC(5) Pause Young (Allocation Failure)
[2022-06-13T02:10:44.041+0000][1][gc,task      ] GC(5) Using 5 workers of 13 for evacuation
[2022-06-13T02:10:44.049+0000][1][gc,age       ] GC(5) Desired survivor size 4456448 bytes, new threshold 6 (max threshold 6)
[2022-06-13T02:10:44.050+0000][1][gc,age       ] GC(5) Age table with threshold 6 (max threshold 6)
[2022-06-13T02:10:44.050+0000][1][gc,age       ] GC(5) - age   1:    2228416 bytes,    2228416 total
[2022-06-13T02:10:44.050+0000][1][gc,age       ] GC(5) - age   2:     552336 bytes,    2780752 total
[2022-06-13T02:10:44.050+0000][1][gc,heap      ] GC(5) ParNew: 76635K->5805K(78656K)
[2022-06-13T02:10:44.051+0000][1][gc,heap      ] GC(5) CMS: 7822K->11279K(174784K)
[2022-06-13T02:10:44.051+0000][1][gc,metaspace ] GC(5) Metaspace: 18987K->18987K(1067008K)
[2022-06-13T02:10:44.051+0000][1][gc           ] GC(5) Pause Young (Allocation Failure) 82M->16M(247M) 10.983ms
[2022-06-13T02:10:44.051+0000][1][gc,cpu       ] GC(5) User=0.03s Sys=0.00s Real=0.01s
[2022-06-13T02:10:44.051+0000][1][safepoint    ] Leaving safepoint region
[2022-06-13T02:10:44.051+0000][1][safepoint    ] Total time for which application threads were stopped: 0.0124670 seconds, Stopping threads took: 0.0010230 seconds
[2022-06-13T02:10:44.059+0000][1][safepoint    ] Application time: 0.0081832 seconds
[2022-06-13T02:10:44.064+0000][1][safepoint    ] Entering safepoint region: RevokeBias
[2022-06-13T02:10:44.065+0000][1][safepoint    ] Leaving safepoint region
[2022-06-13T02:10:44.065+0000][1][safepoint    ] Total time for which application threads were stopped: 0.0008468 seconds, Stopping threads took: 0.0005694 seconds
[2022-06-13T02:10:44.070+0000][1][safepoint    ] Application time: 0.0042921 seconds
[2022-06-13T02:10:44.072+0000][1][safepoint    ] Entering safepoint region: RevokeBias
[2022-06-13T02:10:44.072+0000][1][safepoint    ] Leaving safepoint region
[2022-06-13T02:10:44.075+0000][1][safepoint    ] Total time for which application threads were stopped: 0.0036579 seconds, Stopping threads took: 0.0003565 seconds
[2022-06-13T02:10:44.076+0000][1][safepoint    ] Application time: 0.0000977 seconds
[2022-06-13T02:10:44.080+0000][1][safepoint    ] Entering safepoint region: RevokeBias
[2022-06-13T02:10:44.081+0000][1][safepoint    ] Leaving safepoint region
[2022-06-13T02:10:44.082+0000][1][safepoint    ] Total time for which application threads were stopped: 0.0049035 seconds, Stopping threads took: 0.0045692 seconds
[2022-06-13T02:10:44.082+0000][1][safepoint    ] Application time: 0.0000414 seconds
[2022-06-13T02:10:44.082+0000][1][safepoint    ] Entering safepoint region: RevokeBias
[2022-06-13T02:10:44.082+0000][1][safepoint    ] Leaving safepoint region
[2022-06-13T02:10:44.082+0000][1][safepoint    ] Total time for which application threads were stopped: 0.0003260 seconds, Stopping threads took: 0.0001455 seconds
[2022-06-13T02:10:44.082+0000][1][safepoint    ] Application time: 0.0000493 seconds
[2022-06-13T02:10:44.083+0000][1][safepoint    ] Entering safepoint region: RevokeBias
[2022-06-13T02:10:44.083+0000][1][safepoint    ] Leaving safepoint region
[2022-06-13T02:10:44.083+0000][1][safepoint    ] Total time for which application threads were stopped: 0.0003019 seconds, Stopping threads took: 0.0001380 seconds
[2022-06-13T02:10:44.083+0000][1][safepoint    ] Application time: 0.0000217 seconds
[2022-06-13T02:10:44.083+0000][1][safepoint    ] Entering safepoint region: RevokeBias
[2022-06-13T02:10:44.083+0000][1][safepoint    ] Leaving safepoint region
[2022-06-13T02:10:44.084+0000][1][safepoint    ] Total time for which application threads were stopped: 0.0008506 seconds, Stopping threads took: 0.0001633 seconds
[2022-06-13T02:10:44.181+0000][1][safepoint    ] Application time: 0.0971106 seconds
[2022-06-13T02:10:44.182+0000][1][safepoint    ] Entering safepoint region: RevokeBias
[2022-06-13T02:10:44.182+0000][1][safepoint    ] Leaving safepoint region
[2022-06-13T02:10:44.182+0000][1][safepoint    ] Total time for which application threads were stopped: 0.0003441 seconds, Stopping threads took: 0.0001546 seconds
[2022-06-13T02:10:44.182+0000][1][safepoint    ] Application time: 0.0001936 seconds
[2022-06-13T02:10:44.182+0000][1][safepoint    ] Entering safepoint region: BulkRevokeBias
[2022-06-13T02:10:44.183+0000][1][safepoint    ] Leaving safepoint region
[2022-06-13T02:10:44.183+0000][1][safepoint    ] Total time for which application threads were stopped: 0.0003487 seconds, Stopping threads took: 0.0001349 seconds
[2022-06-13T02:10:44.213+0000][1][safepoint    ] Application time: 0.0298074 seconds
[2022-06-13T02:10:44.213+0000][1][safepoint    ] Entering safepoint region: GenCollectForAllocation
[2022-06-13T02:10:44.213+0000][1][gc,start     ] GC(6) Pause Young (Allocation Failure)
[2022-06-13T02:10:44.214+0000][1][gc,task      ] GC(6) Using 5 workers of 13 for evacuation
[2022-06-13T02:10:44.224+0000][1][gc,age       ] GC(6) Desired survivor size 4456448 bytes, new threshold 6 (max threshold 6)
[2022-06-13T02:10:44.225+0000][1][gc,age       ] GC(6) Age table with threshold 6 (max threshold 6)
[2022-06-13T02:10:44.225+0000][1][gc,age       ] GC(6) - age   1:    1536944 bytes,    1536944 total
[2022-06-13T02:10:44.226+0000][1][gc,age       ] GC(6) - age   2:    2194784 bytes,    3731728 total
[2022-06-13T02:10:44.226+0000][1][gc,age       ] GC(6) - age   3:     552336 bytes,    4284064 total
[2022-06-13T02:10:44.226+0000][1][gc,heap      ] GC(6) ParNew: 75757K->4792K(78656K)
[2022-06-13T02:10:44.226+0000][1][gc,heap      ] GC(6) CMS: 11279K->11279K(174784K)
[2022-06-13T02:10:44.227+0000][1][gc,metaspace ] GC(6) Metaspace: 19292K->19292K(1067008K)
[2022-06-13T02:10:44.227+0000][1][gc           ] GC(6) Pause Young (Allocation Failure) 84M->15M(247M) 13.420ms
[2022-06-13T02:10:44.229+0000][1][gc,cpu       ] GC(6) User=0.06s Sys=0.00s Real=0.02s
[2022-06-13T02:10:44.231+0000][1][safepoint    ] Leaving safepoint region
[2022-06-13T02:10:44.233+0000][1][safepoint    ] Total time for which application threads were stopped: 0.0200163 seconds, Stopping threads took: 0.0001970 seconds
[2022-06-13T02:10:44.235+0000][1][safepoint    ] Application time: 0.0014458 seconds
[2022-06-13T02:10:44.237+0000][1][safepoint    ] Entering safepoint region: BulkRevokeBias
[2022-06-13T02:10:44.237+0000][1][safepoint    ] Leaving safepoint region
[2022-06-13T02:10:44.238+0000][1][safepoint    ] Total time for which application threads were stopped: 0.0009925 seconds, Stopping threads took: 0.0005601 seconds
[2022-06-13T02:10:44.379+0000][1][safepoint    ] Application time: 0.1412395 seconds
[2022-06-13T02:10:44.387+0000][1][safepoint    ] Entering safepoint region: GenCollectForAllocation
[2022-06-13T02:10:44.387+0000][1][gc,start     ] GC(7) Pause Young (Allocation Failure)
[2022-06-13T02:10:44.392+0000][1][gc,task      ] GC(7) Using 5 workers of 13 for evacuation
[2022-06-13T02:10:44.398+0000][1][gc,age       ] GC(7) Desired survivor size 4456448 bytes, new threshold 6 (max threshold 6)
[2022-06-13T02:10:44.406+0000][1][gc,age       ] GC(7) Age table with threshold 6 (max threshold 6)
[2022-06-13T02:10:44.406+0000][1][gc,age       ] GC(7) - age   1:     513184 bytes,     513184 total
[2022-06-13T02:10:44.407+0000][1][gc,age       ] GC(7) - age   2:    1129704 bytes,    1642888 total
[2022-06-13T02:10:44.407+0000][1][gc,age       ] GC(7) - age   3:    2192776 bytes,    3835664 total
[2022-06-13T02:10:44.407+0000][1][gc,age       ] GC(7) - age   4:     552336 bytes,    4388000 total
[2022-06-13T02:10:44.407+0000][1][gc,heap      ] GC(7) ParNew: 74744K->4939K(78656K)
[2022-06-13T02:10:44.407+0000][1][gc,heap      ] GC(7) CMS: 11279K->11279K(174784K)
[2022-06-13T02:10:44.407+0000][1][gc,metaspace ] GC(7) Metaspace: 19651K->19651K(1067008K)
[2022-06-13T02:10:44.407+0000][1][gc           ] GC(7) Pause Young (Allocation Failure) 84M->15M(247M) 19.730ms
[2022-06-13T02:10:44.407+0000][1][gc,cpu       ] GC(7) User=0.05s Sys=0.00s Real=0.02s
[2022-06-13T02:10:44.407+0000][1][safepoint    ] Leaving safepoint region
[2022-06-13T02:10:44.407+0000][1][safepoint    ] Total time for which application threads were stopped: 0.0204864 seconds, Stopping threads took: 0.0003406 seconds
[2022-06-13T02:10:44.455+0000][1][safepoint    ] Application time: 0.0472431 seconds
[2022-06-13T02:10:44.455+0000][1][safepoint    ] Entering safepoint region: CollectForMetadataAllocation
[2022-06-13T02:10:44.456+0000][1][safepoint    ] Leaving safepoint region
[2022-06-13T02:10:44.456+0000][1][safepoint    ] Total time for which application threads were stopped: 0.0005872 seconds, Stopping threads took: 0.0002200 seconds
[2022-06-13T02:10:44.476+0000][1][safepoint    ] Application time: 0.0201002 seconds
[2022-06-13T02:10:44.477+0000][1][safepoint    ] Entering safepoint region: CollectForMetadataAllocation
[2022-06-13T02:10:44.477+0000][1][safepoint    ] Leaving safepoint region
[2022-06-13T02:10:44.477+0000][1][safepoint    ] Total time for which application threads were stopped: 0.0005487 seconds, Stopping threads took: 0.0002097 seconds
[2022-06-13T02:10:44.594+0000][1][safepoint    ] Application time: 0.1164291 seconds
[2022-06-13T02:10:44.594+0000][1][safepoint    ] Entering safepoint region: GenCollectForAllocation
[2022-06-13T02:10:44.595+0000][1][gc,start     ] GC(8) Pause Young (Allocation Failure)
[2022-06-13T02:10:44.595+0000][1][gc,task      ] GC(8) Using 5 workers of 13 for evacuation
[2022-06-13T02:10:44.605+0000][1][gc,age       ] GC(8) Desired survivor size 4456448 bytes, new threshold 5 (max threshold 6)
[2022-06-13T02:10:44.606+0000][1][gc,age       ] GC(8) Age table with threshold 5 (max threshold 6)
[2022-06-13T02:10:44.606+0000][1][gc,age       ] GC(8) - age   1:     492784 bytes,     492784 total
[2022-06-13T02:10:44.607+0000][1][gc,age       ] GC(8) - age   2:     491800 bytes,     984584 total
[2022-06-13T02:10:44.607+0000][1][gc,age       ] GC(8) - age   3:    1129608 bytes,    2114192 total
[2022-06-13T02:10:44.610+0000][1][gc,age       ] GC(8) - age   4:    2192488 bytes,    4306680 total
[2022-06-13T02:10:44.611+0000][1][gc,age       ] GC(8) - age   5:     552336 bytes,    4859016 total
[2022-06-13T02:10:44.612+0000][1][gc,heap      ] GC(8) ParNew: 74891K->6448K(78656K)
[2022-06-13T02:10:44.613+0000][1][gc,heap      ] GC(8) CMS: 11279K->11279K(174784K)
[2022-06-13T02:10:44.617+0000][1][gc,metaspace ] GC(8) Metaspace: 20339K->20339K(1069056K)
[2022-06-13T02:10:44.618+0000][1][gc           ] GC(8) Pause Young (Allocation Failure) 84M->17M(247M) 23.433ms
[2022-06-13T02:10:44.622+0000][1][gc,cpu       ] GC(8) User=0.03s Sys=0.00s Real=0.03s
[2022-06-13T02:10:44.623+0000][1][safepoint    ] Leaving safepoint region
[2022-06-13T02:10:44.623+0000][1][safepoint    ] Total time for which application threads were stopped: 0.0289993 seconds, Stopping threads took: 0.0002902 seconds
[2022-06-13T02:10:44.629+0000][1][safepoint    ] Application time: 0.0049164 seconds
[2022-06-13T02:10:44.629+0000][1][safepoint    ] Entering safepoint region: CMS_Initial_Mark
[2022-06-13T02:10:44.629+0000][1][gc,start     ] GC(9) Pause Initial Mark
[2022-06-13T02:10:44.632+0000][1][gc           ] GC(9) Pause Initial Mark 18M->18M(247M) 2.155ms
[2022-06-13T02:10:44.632+0000][1][gc,cpu       ] GC(9) User=0.01s Sys=0.00s Real=0.00s
[2022-06-13T02:10:44.632+0000][1][safepoint    ] Leaving safepoint region
[2022-06-13T02:10:44.633+0000][1][safepoint    ] Total time for which application threads were stopped: 0.0036360 seconds, Stopping threads took: 0.0004223 seconds
[2022-06-13T02:10:44.633+0000][1][gc           ] GC(9) Concurrent Mark
[2022-06-13T02:10:44.659+0000][1][gc,task      ] GC(9) Using 4 workers of 4 for marking
[2022-06-13T02:10:44.694+0000][1][gc           ] GC(9) Concurrent Mark 60.747ms
[2022-06-13T02:10:44.704+0000][1][gc,cpu       ] GC(9) User=0.23s Sys=0.01s Real=0.07s
[2022-06-13T02:10:44.705+0000][1][gc           ] GC(9) Concurrent Preclean
[2022-06-13T02:10:44.706+0000][1][gc           ] GC(9) Concurrent Preclean 1.103ms
[2022-06-13T02:10:44.706+0000][1][gc,cpu       ] GC(9) User=0.01s Sys=0.00s Real=0.00s
[2022-06-13T02:10:44.706+0000][1][gc           ] GC(9) Concurrent Abortable Preclean
[2022-06-13T02:10:44.809+0000][1][safepoint    ] Application time: 0.1765657 seconds
[2022-06-13T02:10:44.810+0000][1][safepoint    ] Entering safepoint region: GenCollectForAllocation
[2022-06-13T02:10:44.811+0000][1][gc,start     ] GC(10) Pause Young (Allocation Failure)
[2022-06-13T02:10:44.811+0000][1][gc,task      ] GC(10) Using 5 workers of 13 for evacuation
[2022-06-13T02:10:44.834+0000][1][gc           ] GC(9) Concurrent Abortable Preclean 128.294ms
[2022-06-13T02:10:44.836+0000][1][gc,cpu       ] GC(9) User=0.42s Sys=0.00s Real=0.13s
[2022-06-13T02:10:44.836+0000][1][gc,age       ] GC(10) Desired survivor size 4456448 bytes, new threshold 5 (max threshold 6)
[2022-06-13T02:10:44.838+0000][1][gc,age       ] GC(10) Age table with threshold 5 (max threshold 6)
[2022-06-13T02:10:44.838+0000][1][gc,age       ] GC(10) - age   1:     935208 bytes,     935208 total
[2022-06-13T02:10:44.838+0000][1][gc,age       ] GC(10) - age   2:     480872 bytes,    1416080 total
[2022-06-13T02:10:44.838+0000][1][gc,age       ] GC(10) - age   3:     491680 bytes,    1907760 total
[2022-06-13T02:10:44.838+0000][1][gc,age       ] GC(10) - age   4:    1129608 bytes,    3037368 total
[2022-06-13T02:10:44.839+0000][1][gc,age       ] GC(10) - age   5:    2192296 bytes,    5229664 total
[2022-06-13T02:10:44.839+0000][1][gc,heap      ] GC(10) ParNew: 76400K->6946K(78656K)
[2022-06-13T02:10:44.839+0000][1][gc,heap      ] GC(10) CMS: 11279K->11829K(174784K)
[2022-06-13T02:10:44.839+0000][1][gc,metaspace ] GC(10) Metaspace: 20452K->20452K(1069056K)
[2022-06-13T02:10:44.841+0000][1][gc           ] GC(10) Pause Young (Allocation Failure) 85M->18M(247M) 29.890ms
[2022-06-13T02:10:44.844+0000][1][gc,cpu       ] GC(10) User=0.09s Sys=0.00s Real=0.03s
[2022-06-13T02:10:44.844+0000][1][safepoint    ] Leaving safepoint region
[2022-06-13T02:10:44.844+0000][1][safepoint    ] Total time for which application threads were stopped: 0.0337422 seconds, Stopping threads took: 0.0002533 seconds
[2022-06-13T02:10:44.846+0000][1][safepoint    ] Application time: 0.0016976 seconds
[2022-06-13T02:10:44.846+0000][1][safepoint    ] Entering safepoint region: CMS_Final_Remark
[2022-06-13T02:10:44.846+0000][1][gc,start     ] GC(9) Pause Remark
[2022-06-13T02:10:44.882+0000][1][gc           ] GC(9) Pause Remark 19M->19M(247M) 35.521ms
[2022-06-13T02:10:44.882+0000][1][gc,cpu       ] GC(9) User=0.10s Sys=0.00s Real=0.04s
[2022-06-13T02:10:44.882+0000][1][safepoint    ] Leaving safepoint region
[2022-06-13T02:10:44.882+0000][1][safepoint    ] Total time for which application threads were stopped: 0.0362362 seconds, Stopping threads took: 0.0001438 seconds
[2022-06-13T02:10:44.883+0000][1][gc           ] GC(9) Concurrent Sweep
[2022-06-13T02:10:44.887+0000][1][gc           ] GC(9) Concurrent Sweep 4.141ms
[2022-06-13T02:10:44.887+0000][1][gc,cpu       ] GC(9) User=0.00s Sys=0.00s Real=0.00s
[2022-06-13T02:10:44.888+0000][1][gc           ] GC(9) Concurrent Reset
[2022-06-13T02:10:44.888+0000][1][gc           ] GC(9) Concurrent Reset 0.534ms
[2022-06-13T02:10:44.899+0000][1][gc,cpu       ] GC(9) User=0.04s Sys=0.00s Real=0.01s
[2022-06-13T02:10:44.905+0000][1][gc,heap      ] GC(9) Old: 11279K->11803K(174784K)
[2022-06-13T02:10:45.028+0000][1][safepoint    ] Application time: 0.1458163 seconds
[2022-06-13T02:10:45.032+0000][1][safepoint    ] Entering safepoint region: GenCollectForAllocation
[2022-06-13T02:10:45.035+0000][1][gc,start     ] GC(11) Pause Young (Allocation Failure)
[2022-06-13T02:10:45.037+0000][1][gc,task      ] GC(11) Using 5 workers of 13 for evacuation
[2022-06-13T02:10:45.057+0000][1][gc,age       ] GC(11) Desired survivor size 4456448 bytes, new threshold 6 (max threshold 6)
[2022-06-13T02:10:45.057+0000][1][gc,age       ] GC(11) Age table with threshold 6 (max threshold 6)
[2022-06-13T02:10:45.058+0000][1][gc,age       ] GC(11) - age   1:    1709056 bytes,    1709056 total
[2022-06-13T02:10:45.058+0000][1][gc,age       ] GC(11) - age   2:     126344 bytes,    1835400 total
[2022-06-13T02:10:45.058+0000][1][gc,age       ] GC(11) - age   3:     480776 bytes,    2316176 total
[2022-06-13T02:10:45.058+0000][1][gc,age       ] GC(11) - age   4:     491528 bytes,    2807704 total
[2022-06-13T02:10:45.058+0000][1][gc,age       ] GC(11) - age   5:    1129320 bytes,    3937024 total
[2022-06-13T02:10:45.058+0000][1][gc,heap      ] GC(11) ParNew: 76898K->5434K(78656K)
[2022-06-13T02:10:45.059+0000][1][gc,heap      ] GC(11) CMS: 11803K->13957K(174784K)
[2022-06-13T02:10:45.059+0000][1][gc,metaspace ] GC(11) Metaspace: 20529K->20529K(1069056K)
[2022-06-13T02:10:45.059+0000][1][gc           ] GC(11) Pause Young (Allocation Failure) 86M->18M(247M) 24.203ms
[2022-06-13T02:10:45.059+0000][1][gc,cpu       ] GC(11) User=0.07s Sys=0.00s Real=0.02s
[2022-06-13T02:10:45.061+0000][1][safepoint    ] Leaving safepoint region
[2022-06-13T02:10:45.061+0000][1][safepoint    ] Total time for which application threads were stopped: 0.0297859 seconds, Stopping threads took: 0.0021462 seconds
[2022-06-13T02:10:45.539+0000][1][safepoint    ] Application time: 0.4774610 seconds
[2022-06-13T02:10:45.540+0000][1][safepoint    ] Entering safepoint region: Deoptimize
[2022-06-13T02:10:45.541+0000][1][safepoint    ] Leaving safepoint region
[2022-06-13T02:10:45.541+0000][1][safepoint    ] Total time for which application threads were stopped: 0.0013127 seconds, Stopping threads took: 0.0001293 seconds
[2022-06-13T02:10:45.616+0000][1][safepoint    ] Application time: 0.0745408 seconds
[2022-06-13T02:10:45.616+0000][1][safepoint    ] Entering safepoint region: Deoptimize
[2022-06-13T02:10:45.617+0000][1][safepoint    ] Leaving safepoint region
[2022-06-13T02:10:45.617+0000][1][safepoint    ] Total time for which application threads were stopped: 0.0012174 seconds, Stopping threads took: 0.0002324 seconds
[2022-06-13T02:10:45.629+0000][1][safepoint    ] Application time: 0.0112396 seconds
[2022-06-13T02:10:45.629+0000][1][safepoint    ] Entering safepoint region: RevokeBias
[2022-06-13T02:10:45.629+0000][1][safepoint    ] Leaving safepoint region
[2022-06-13T02:10:45.629+0000][1][safepoint    ] Total time for which application threads were stopped: 0.0004764 seconds, Stopping threads took: 0.0002442 seconds
[2022-06-13T02:10:45.630+0000][1][safepoint    ] Application time: 0.0000912 seconds
[2022-06-13T02:10:45.630+0000][1][safepoint    ] Entering safepoint region: RevokeBias
[2022-06-13T02:10:45.630+0000][1][safepoint    ] Leaving safepoint region
[2022-06-13T02:10:45.630+0000][1][safepoint    ] Total time for which application threads were stopped: 0.0003643 seconds, Stopping threads took: 0.0001557 seconds
[2022-06-13T02:10:45.631+0000][1][safepoint    ] Application time: 0.0007434 seconds
[2022-06-13T02:10:45.631+0000][1][safepoint    ] Entering safepoint region: Deoptimize
[2022-06-13T02:10:45.632+0000][1][safepoint    ] Leaving safepoint region
[2022-06-13T02:10:45.632+0000][1][safepoint    ] Total time for which application threads were stopped: 0.0007438 seconds, Stopping threads took: 0.0001553 seconds
[2022-06-13T02:10:45.636+0000][1][safepoint    ] Application time: 0.0042887 seconds
[2022-06-13T02:10:45.637+0000][1][safepoint    ] Entering safepoint region: Deoptimize
[2022-06-13T02:10:45.638+0000][1][safepoint    ] Leaving safepoint region
[2022-06-13T02:10:45.638+0000][1][safepoint    ] Total time for which application threads were stopped: 0.0009164 seconds, Stopping threads took: 0.0001761 seconds
[2022-06-13T02:10:45.712+0000][1][safepoint    ] Application time: 0.0737967 seconds
[2022-06-13T02:10:45.712+0000][1][safepoint    ] Entering safepoint region: GenCollectForAllocation
[2022-06-13T02:10:45.712+0000][1][gc,start     ] GC(12) Pause Young (Allocation Failure)
[2022-06-13T02:10:45.713+0000][1][gc,task      ] GC(12) Using 5 workers of 13 for evacuation
[2022-06-13T02:10:45.716+0000][1][gc,age       ] GC(12) Desired survivor size 4456448 bytes, new threshold 6 (max threshold 6)
[2022-06-13T02:10:45.717+0000][1][gc,age       ] GC(12) Age table with threshold 6 (max threshold 6)
[2022-06-13T02:10:45.717+0000][1][gc,age       ] GC(12) - age   1:    2776712 bytes,    2776712 total
[2022-06-13T02:10:45.717+0000][1][gc,age       ] GC(12) - age   2:     344968 bytes,    3121680 total
[2022-06-13T02:10:45.718+0000][1][gc,age       ] GC(12) - age   3:     126080 bytes,    3247760 total
[2022-06-13T02:10:45.718+0000][1][gc,age       ] GC(12) - age   4:     480216 bytes,    3727976 total
[2022-06-13T02:10:45.718+0000][1][gc,age       ] GC(12) - age   5:     486728 bytes,    4214704 total
[2022-06-13T02:10:45.718+0000][1][gc,age       ] GC(12) - age   6:    1129160 bytes,    5343864 total
[2022-06-13T02:10:45.718+0000][1][gc,heap      ] GC(12) ParNew: 75386K->6425K(78656K)
[2022-06-13T02:10:45.718+0000][1][gc,heap      ] GC(12) CMS: 13957K->13957K(174784K)
[2022-06-13T02:10:45.719+0000][1][gc,metaspace ] GC(12) Metaspace: 26299K->26299K(1073152K)
[2022-06-13T02:10:45.719+0000][1][gc           ] GC(12) Pause Young (Allocation Failure) 87M->19M(247M) 6.264ms
[2022-06-13T02:10:45.719+0000][1][gc,cpu       ] GC(12) User=0.03s Sys=0.00s Real=0.00s
[2022-06-13T02:10:45.719+0000][1][safepoint    ] Leaving safepoint region
[2022-06-13T02:10:45.719+0000][1][safepoint    ] Total time for which application threads were stopped: 0.0070318 seconds, Stopping threads took: 0.0002140 seconds
[2022-06-13T02:10:45.977+0000][1][safepoint    ] Application time: 0.2576452 seconds
[2022-06-13T02:10:45.977+0000][1][safepoint    ] Entering safepoint region: RevokeBias
[2022-06-13T02:10:45.978+0000][1][safepoint    ] Leaving safepoint region
[2022-06-13T02:10:45.978+0000][1][safepoint    ] Total time for which application threads were stopped: 0.0006447 seconds, Stopping threads took: 0.0001869 seconds
[2022-06-13T02:10:46.214+0000][1][safepoint    ] Application time: 0.2361596 seconds
[2022-06-13T02:10:46.219+0000][1][safepoint    ] Entering safepoint region: Deoptimize
[2022-06-13T02:10:46.222+0000][1][safepoint    ] Leaving safepoint region
[2022-06-13T02:10:46.222+0000][1][safepoint    ] Total time for which application threads were stopped: 0.0025086 seconds, Stopping threads took: 0.0013468 seconds
[2022-06-13T02:10:46.557+0000][1][safepoint    ] Application time: 0.3351745 seconds
[2022-06-13T02:10:46.561+0000][1][safepoint    ] Entering safepoint region: GenCollectForAllocation
[2022-06-13T02:10:46.561+0000][1][gc,start     ] GC(13) Pause Young (Allocation Failure)
[2022-06-13T02:10:46.561+0000][1][gc,task      ] GC(13) Using 5 workers of 13 for evacuation
[2022-06-13T02:10:46.630+0000][1][gc,age       ] GC(13) Desired survivor size 4456448 bytes, new threshold 1 (max threshold 6)
[2022-06-13T02:10:46.635+0000][1][gc,age       ] GC(13) Age table with threshold 1 (max threshold 6)
[2022-06-13T02:10:46.639+0000][1][gc,age       ] GC(13) - age   1:    5026464 bytes,    5026464 total
[2022-06-13T02:10:46.642+0000][1][gc,age       ] GC(13) - age   2:    2448752 bytes,    7475216 total
[2022-06-13T02:10:46.643+0000][1][gc,age       ] GC(13) - age   3:     344936 bytes,    7820152 total
[2022-06-13T02:10:46.649+0000][1][gc,age       ] GC(13) - age   4:     126080 bytes,    7946232 total
[2022-06-13T02:10:46.650+0000][1][gc,age       ] GC(13) - age   5:     480216 bytes,    8426448 total
[2022-06-13T02:10:46.658+0000][1][gc,age       ] GC(13) - age   6:     486584 bytes,    8913032 total
[2022-06-13T02:10:46.668+0000][1][gc,heap      ] GC(13) ParNew: 76377K->8704K(78656K)
[2022-06-13T02:10:46.669+0000][1][gc,heap      ] GC(13) CMS: 13957K->26170K(174784K)
[2022-06-13T02:10:46.669+0000][1][gc,metaspace ] GC(13) Metaspace: 27067K->27067K(1075200K)
[2022-06-13T02:10:46.679+0000][1][gc           ] GC(13) Pause Young (Allocation Failure) 88M->34M(247M) 118.008ms
[2022-06-13T02:10:46.680+0000][1][gc,cpu       ] GC(13) User=0.32s Sys=0.00s Real=0.12s
[2022-06-13T02:10:46.680+0000][1][safepoint    ] Leaving safepoint region
[2022-06-13T02:10:46.680+0000][1][safepoint    ] Total time for which application threads were stopped: 0.1222699 seconds, Stopping threads took: 0.0034075 seconds
[2022-06-13T02:10:47.078+0000][1][safepoint    ] Application time: 0.3980869 seconds
[2022-06-13T02:10:47.078+0000][1][safepoint    ] Entering safepoint region: GenCollectForAllocation
[2022-06-13T02:10:47.079+0000][1][gc,start     ] GC(14) Pause Young (Allocation Failure)
[2022-06-13T02:10:47.079+0000][1][gc,task      ] GC(14) Using 5 workers of 13 for evacuation
[2022-06-13T02:10:47.113+0000][1][gc,age       ] GC(14) Desired survivor size 4456448 bytes, new threshold 1 (max threshold 6)
[2022-06-13T02:10:47.114+0000][1][gc,age       ] GC(14) Age table with threshold 1 (max threshold 6)
[2022-06-13T02:10:47.115+0000][1][gc,age       ] GC(14) - age   1:    7326752 bytes,    7326752 total
[2022-06-13T02:10:47.115+0000][1][gc,heap      ] GC(14) ParNew: 78656K->8704K(78656K)
[2022-06-13T02:10:47.115+0000][1][gc,heap      ] GC(14) CMS: 26170K->41469K(174784K)
[2022-06-13T02:10:47.115+0000][1][gc,metaspace ] GC(14) Metaspace: 27098K->27098K(1075200K)
[2022-06-13T02:10:47.116+0000][1][gc           ] GC(14) Pause Young (Allocation Failure) 102M->48M(247M) 36.899ms
[2022-06-13T02:10:47.116+0000][1][gc,cpu       ] GC(14) User=0.14s Sys=0.00s Real=0.04s
[2022-06-13T02:10:47.116+0000][1][safepoint    ] Leaving safepoint region
[2022-06-13T02:10:47.117+0000][1][safepoint    ] Total time for which application threads were stopped: 0.0381730 seconds, Stopping threads took: 0.0001945 seconds
[2022-06-13T02:10:47.722+0000][1][safepoint    ] Application time: 0.6054818 seconds
[2022-06-13T02:10:47.723+0000][1][safepoint    ] Entering safepoint region: RevokeBias
[2022-06-13T02:10:47.723+0000][1][safepoint    ] Leaving safepoint region
[2022-06-13T02:10:47.725+0000][1][safepoint    ] Total time for which application threads were stopped: 0.0021551 seconds, Stopping threads took: 0.0001690 seconds
[2022-06-13T02:10:47.739+0000][1][safepoint    ] Application time: 0.0141388 seconds
[2022-06-13T02:10:47.740+0000][1][safepoint    ] Entering safepoint region: RevokeBias
[2022-06-13T02:10:47.744+0000][1][safepoint    ] Leaving safepoint region
[2022-06-13T02:10:47.749+0000][1][safepoint    ] Total time for which application threads were stopped: 0.0090554 seconds, Stopping threads took: 0.0041605 seconds
[2022-06-13T02:10:47.977+0000][1][safepoint    ] Application time: 0.2274770 seconds
[2022-06-13T02:10:47.995+0000][1][safepoint    ] Entering safepoint region: GenCollectForAllocation
[2022-06-13T02:10:47.999+0000][1][gc,start     ] GC(15) Pause Young (Allocation Failure)
[2022-06-13T02:10:48.002+0000][1][gc,task      ] GC(15) Using 5 workers of 13 for evacuation
[2022-06-13T02:10:48.035+0000][1][gc,age       ] GC(15) Desired survivor size 4456448 bytes, new threshold 1 (max threshold 6)
[2022-06-13T02:10:48.040+0000][1][gc,age       ] GC(15) Age table with threshold 1 (max threshold 6)
[2022-06-13T02:10:48.040+0000][1][gc,age       ] GC(15) - age   1:    6528712 bytes,    6528712 total
[2022-06-13T02:10:48.040+0000][1][gc,heap      ] GC(15) ParNew: 78656K->8704K(78656K)
[2022-06-13T02:10:48.040+0000][1][gc,heap      ] GC(15) CMS: 41469K->49915K(174784K)
[2022-06-13T02:10:48.040+0000][1][gc,metaspace ] GC(15) Metaspace: 31906K->31906K(1079296K)
[2022-06-13T02:10:48.040+0000][1][gc           ] GC(15) Pause Young (Allocation Failure) 117M->57M(247M) 41.918ms
[2022-06-13T02:10:48.041+0000][1][gc,cpu       ] GC(15) User=0.14s Sys=0.00s Real=0.05s
[2022-06-13T02:10:48.041+0000][1][safepoint    ] Leaving safepoint region
[2022-06-13T02:10:48.041+0000][1][safepoint    ] Total time for which application threads were stopped: 0.0455510 seconds, Stopping threads took: 0.0031124 seconds
[2022-06-13T02:10:48.225+0000][1][safepoint    ] Application time: 0.1836802 seconds
[2022-06-13T02:10:48.225+0000][1][safepoint    ] Entering safepoint region: GenCollectForAllocation
[2022-06-13T02:10:48.226+0000][1][gc,start     ] GC(16) Pause Young (Allocation Failure)
[2022-06-13T02:10:48.227+0000][1][gc,task      ] GC(16) Using 5 workers of 13 for evacuation
[2022-06-13T02:10:48.242+0000][1][gc,age       ] GC(16) Desired survivor size 4456448 bytes, new threshold 6 (max threshold 6)
[2022-06-13T02:10:48.245+0000][1][gc,age       ] GC(16) Age table with threshold 6 (max threshold 6)
[2022-06-13T02:10:48.245+0000][1][gc,age       ] GC(16) - age   1:     383792 bytes,     383792 total
[2022-06-13T02:10:48.245+0000][1][gc,heap      ] GC(16) ParNew: 78656K->5286K(78656K)
[2022-06-13T02:10:48.246+0000][1][gc,heap      ] GC(16) CMS: 49915K->56326K(174784K)
[2022-06-13T02:10:48.246+0000][1][gc,metaspace ] GC(16) Metaspace: 32898K->32898K(1079296K)
[2022-06-13T02:10:48.246+0000][1][gc           ] GC(16) Pause Young (Allocation Failure) 125M->60M(247M) 20.028ms
[2022-06-13T02:10:48.247+0000][1][gc,cpu       ] GC(16) User=0.04s Sys=0.00s Real=0.02s
[2022-06-13T02:10:48.247+0000][1][safepoint    ] Leaving safepoint region
[2022-06-13T02:10:48.247+0000][1][safepoint    ] Total time for which application threads were stopped: 0.0215752 seconds, Stopping threads took: 0.0003832 seconds
[2022-06-13T02:10:48.463+0000][1][safepoint    ] Application time: 0.2158569 seconds
[2022-06-13T02:10:48.465+0000][1][safepoint    ] Entering safepoint region: CollectForMetadataAllocation
[2022-06-13T02:10:48.465+0000][1][safepoint    ] Leaving safepoint region
[2022-06-13T02:10:48.465+0000][1][safepoint    ] Total time for which application threads were stopped: 0.0008137 seconds, Stopping threads took: 0.0001840 seconds
[2022-06-13T02:10:48.501+0000][1][safepoint    ] Application time: 0.0354605 seconds
[2022-06-13T02:10:48.501+0000][1][safepoint    ] Entering safepoint region: CollectForMetadataAllocation
[2022-06-13T02:10:48.502+0000][1][safepoint    ] Leaving safepoint region
[2022-06-13T02:10:48.502+0000][1][safepoint    ] Total time for which application threads were stopped: 0.0003673 seconds, Stopping threads took: 0.0001290 seconds
[2022-06-13T02:10:48.539+0000][1][safepoint    ] Application time: 0.0366659 seconds
[2022-06-13T02:10:48.539+0000][1][safepoint    ] Entering safepoint region: CollectForMetadataAllocation
[2022-06-13T02:10:48.539+0000][1][safepoint    ] Leaving safepoint region
[2022-06-13T02:10:48.539+0000][1][safepoint    ] Total time for which application threads were stopped: 0.0005378 seconds, Stopping threads took: 0.0001937 seconds
[2022-06-13T02:10:48.553+0000][1][safepoint    ] Application time: 0.0135333 seconds
[2022-06-13T02:10:48.553+0000][1][safepoint    ] Entering safepoint region: CollectForMetadataAllocation
[2022-06-13T02:10:48.554+0000][1][safepoint    ] Leaving safepoint region
[2022-06-13T02:10:48.554+0000][1][safepoint    ] Total time for which application threads were stopped: 0.0009929 seconds, Stopping threads took: 0.0002060 seconds
[2022-06-13T02:10:48.572+0000][1][safepoint    ] Application time: 0.0172432 seconds
[2022-06-13T02:10:48.572+0000][1][safepoint    ] Entering safepoint region: CollectForMetadataAllocation
[2022-06-13T02:10:48.572+0000][1][safepoint    ] Leaving safepoint region
[2022-06-13T02:10:48.573+0000][1][safepoint    ] Total time for which application threads were stopped: 0.0005256 seconds, Stopping threads took: 0.0002141 seconds
[2022-06-13T02:10:48.586+0000][1][safepoint    ] Application time: 0.0128026 seconds
[2022-06-13T02:10:48.591+0000][1][safepoint    ] Entering safepoint region: CollectForMetadataAllocation
[2022-06-13T02:10:48.591+0000][1][safepoint    ] Leaving safepoint region
[2022-06-13T02:10:48.592+0000][1][safepoint    ] Total time for which application threads were stopped: 0.0008269 seconds, Stopping threads took: 0.0003965 seconds
[2022-06-13T02:10:48.615+0000][1][safepoint    ] Application time: 0.0233187 seconds
[2022-06-13T02:10:48.616+0000][1][safepoint    ] Entering safepoint region: CollectForMetadataAllocation
[2022-06-13T02:10:48.616+0000][1][safepoint    ] Leaving safepoint region
[2022-06-13T02:10:48.616+0000][1][safepoint    ] Total time for which application threads were stopped: 0.0005867 seconds, Stopping threads took: 0.0002464 seconds
[2022-06-13T02:10:48.639+0000][1][safepoint    ] Application time: 0.0222983 seconds
[2022-06-13T02:10:48.639+0000][1][safepoint    ] Entering safepoint region: CollectForMetadataAllocation
[2022-06-13T02:10:48.639+0000][1][safepoint    ] Leaving safepoint region
[2022-06-13T02:10:48.640+0000][1][safepoint    ] Total time for which application threads were stopped: 0.0006067 seconds, Stopping threads took: 0.0002855 seconds
[2022-06-13T02:10:48.661+0000][1][safepoint    ] Application time: 0.0208291 seconds
[2022-06-13T02:10:48.661+0000][1][safepoint    ] Entering safepoint region: CollectForMetadataAllocation
[2022-06-13T02:10:48.661+0000][1][safepoint    ] Leaving safepoint region
[2022-06-13T02:10:48.661+0000][1][safepoint    ] Total time for which application threads were stopped: 0.0004689 seconds, Stopping threads took: 0.0001918 seconds
[2022-06-13T02:10:48.690+0000][1][safepoint    ] Application time: 0.0286625 seconds
[2022-06-13T02:10:48.691+0000][1][safepoint    ] Entering safepoint region: CollectForMetadataAllocation
[2022-06-13T02:10:48.691+0000][1][safepoint    ] Leaving safepoint region
[2022-06-13T02:10:48.691+0000][1][safepoint    ] Total time for which application threads were stopped: 0.0004321 seconds, Stopping threads took: 0.0001635 seconds
[2022-06-13T02:10:48.703+0000][1][safepoint    ] Application time: 0.0121448 seconds
[2022-06-13T02:10:48.704+0000][1][safepoint    ] Entering safepoint region: RevokeBias
[2022-06-13T02:10:48.704+0000][1][safepoint    ] Leaving safepoint region
[2022-06-13T02:10:48.704+0000][1][safepoint    ] Total time for which application threads were stopped: 0.0005323 seconds, Stopping threads took: 0.0002118 seconds
[2022-06-13T02:10:48.738+0000][1][safepoint    ] Application time: 0.0333538 seconds
[2022-06-13T02:10:48.738+0000][1][safepoint    ] Entering safepoint region: CollectForMetadataAllocation
[2022-06-13T02:10:48.739+0000][1][safepoint    ] Leaving safepoint region
[2022-06-13T02:10:48.740+0000][1][safepoint    ] Total time for which application threads were stopped: 0.0013166 seconds, Stopping threads took: 0.0008172 seconds
[2022-06-13T02:10:48.754+0000][1][safepoint    ] Application time: 0.0143749 seconds
[2022-06-13T02:10:48.754+0000][1][safepoint    ] Entering safepoint region: RevokeBias
[2022-06-13T02:10:48.755+0000][1][safepoint    ] Leaving safepoint region
[2022-06-13T02:10:48.755+0000][1][safepoint    ] Total time for which application threads were stopped: 0.0003982 seconds, Stopping threads took: 0.0001646 seconds
[2022-06-13T02:10:48.774+0000][1][safepoint    ] Application time: 0.0185346 seconds
[2022-06-13T02:10:48.774+0000][1][safepoint    ] Entering safepoint region: CollectForMetadataAllocation
[2022-06-13T02:10:48.774+0000][1][safepoint    ] Leaving safepoint region
[2022-06-13T02:10:48.774+0000][1][safepoint    ] Total time for which application threads were stopped: 0.0004544 seconds, Stopping threads took: 0.0001931 seconds
[2022-06-13T02:10:48.802+0000][1][safepoint    ] Application time: 0.0272133 seconds
[2022-06-13T02:10:48.803+0000][1][safepoint    ] Entering safepoint region: CollectForMetadataAllocation
[2022-06-13T02:10:48.803+0000][1][safepoint    ] Leaving safepoint region
[2022-06-13T02:10:48.803+0000][1][safepoint    ] Total time for which application threads were stopped: 0.0006213 seconds, Stopping threads took: 0.0002623 seconds
[2022-06-13T02:10:48.842+0000][1][safepoint    ] Application time: 0.0388777 seconds
[2022-06-13T02:10:48.844+0000][1][safepoint    ] Entering safepoint region: CollectForMetadataAllocation
[2022-06-13T02:10:48.846+0000][1][safepoint    ] Leaving safepoint region
[2022-06-13T02:10:48.847+0000][1][safepoint    ] Total time for which application threads were stopped: 0.0028252 seconds, Stopping threads took: 0.0018488 seconds
[2022-06-13T02:10:48.870+0000][1][safepoint    ] Application time: 0.0230533 seconds
[2022-06-13T02:10:48.870+0000][1][safepoint    ] Entering safepoint region: CollectForMetadataAllocation
[2022-06-13T02:10:48.873+0000][1][safepoint    ] Leaving safepoint region
[2022-06-13T02:10:48.873+0000][1][safepoint    ] Total time for which application threads were stopped: 0.0030881 seconds, Stopping threads took: 0.0018588 seconds
[2022-06-13T02:10:48.896+0000][1][safepoint    ] Application time: 0.0219859 seconds
[2022-06-13T02:10:48.896+0000][1][safepoint    ] Entering safepoint region: CollectForMetadataAllocation
[2022-06-13T02:10:48.896+0000][1][safepoint    ] Leaving safepoint region
[2022-06-13T02:10:48.896+0000][1][safepoint    ] Total time for which application threads were stopped: 0.0004703 seconds, Stopping threads took: 0.0001939 seconds
[2022-06-13T02:10:48.925+0000][1][safepoint    ] Application time: 0.0280102 seconds
[2022-06-13T02:10:48.925+0000][1][safepoint    ] Entering safepoint region: CollectForMetadataAllocation
[2022-06-13T02:10:48.925+0000][1][safepoint    ] Leaving safepoint region
[2022-06-13T02:10:48.925+0000][1][safepoint    ] Total time for which application threads were stopped: 0.0004168 seconds, Stopping threads took: 0.0001634 seconds
[2022-06-13T02:10:48.942+0000][1][safepoint    ] Application time: 0.0165179 seconds
[2022-06-13T02:10:48.942+0000][1][safepoint    ] Entering safepoint region: CollectForMetadataAllocation
[2022-06-13T02:10:48.943+0000][1][safepoint    ] Leaving safepoint region
[2022-06-13T02:10:48.943+0000][1][safepoint    ] Total time for which application threads were stopped: 0.0004848 seconds, Stopping threads took: 0.0001926 seconds
[2022-06-13T02:10:48.963+0000][1][safepoint    ] Application time: 0.0196580 seconds
[2022-06-13T02:10:48.963+0000][1][safepoint    ] Entering safepoint region: CollectForMetadataAllocation
[2022-06-13T02:10:48.963+0000][1][safepoint    ] Leaving safepoint region
[2022-06-13T02:10:48.963+0000][1][safepoint    ] Total time for which application threads were stopped: 0.0004836 seconds, Stopping threads took: 0.0001991 seconds
[2022-06-13T02:10:48.979+0000][1][safepoint    ] Application time: 0.0155087 seconds
[2022-06-13T02:10:48.979+0000][1][safepoint    ] Entering safepoint region: CollectForMetadataAllocation
[2022-06-13T02:10:48.979+0000][1][safepoint    ] Leaving safepoint region
[2022-06-13T02:10:48.980+0000][1][safepoint    ] Total time for which application threads were stopped: 0.0004096 seconds, Stopping threads took: 0.0001657 seconds
[2022-06-13T02:10:48.997+0000][1][safepoint    ] Application time: 0.0171475 seconds
[2022-06-13T02:10:48.997+0000][1][safepoint    ] Entering safepoint region: CollectForMetadataAllocation
[2022-06-13T02:10:48.997+0000][1][safepoint    ] Leaving safepoint region
[2022-06-13T02:10:48.998+0000][1][safepoint    ] Total time for which application threads were stopped: 0.0004814 seconds, Stopping threads took: 0.0001906 seconds
[2022-06-13T02:10:49.023+0000][1][safepoint    ] Application time: 0.0252625 seconds
[2022-06-13T02:10:49.023+0000][1][safepoint    ] Entering safepoint region: CollectForMetadataAllocation
[2022-06-13T02:10:49.024+0000][1][safepoint    ] Leaving safepoint region
[2022-06-13T02:10:49.024+0000][1][safepoint    ] Total time for which application threads were stopped: 0.0010365 seconds, Stopping threads took: 0.0007416 seconds
[2022-06-13T02:10:49.051+0000][1][safepoint    ] Application time: 0.0259899 seconds
[2022-06-13T02:10:49.053+0000][1][safepoint    ] Entering safepoint region: CollectForMetadataAllocation
[2022-06-13T02:10:49.054+0000][1][safepoint    ] Leaving safepoint region
[2022-06-13T02:10:49.054+0000][1][safepoint    ] Total time for which application threads were stopped: 0.0011505 seconds, Stopping threads took: 0.0007334 seconds
[2022-06-13T02:10:49.075+0000][1][safepoint    ] Application time: 0.0199460 seconds
[2022-06-13T02:10:49.075+0000][1][safepoint    ] Entering safepoint region: CollectForMetadataAllocation
[2022-06-13T02:10:49.075+0000][1][safepoint    ] Leaving safepoint region
[2022-06-13T02:10:49.075+0000][1][safepoint    ] Total time for which application threads were stopped: 0.0004467 seconds, Stopping threads took: 0.0001603 seconds
[2022-06-13T02:10:49.102+0000][1][safepoint    ] Application time: 0.0264997 seconds
[2022-06-13T02:10:49.104+0000][1][safepoint    ] Entering safepoint region: CollectForMetadataAllocation
[2022-06-13T02:10:49.105+0000][1][safepoint    ] Leaving safepoint region
[2022-06-13T02:10:49.105+0000][1][safepoint    ] Total time for which application threads were stopped: 0.0007353 seconds, Stopping threads took: 0.0003594 seconds
[2022-06-13T02:10:49.121+0000][1][safepoint    ] Application time: 0.0159844 seconds
[2022-06-13T02:10:49.122+0000][1][safepoint    ] Entering safepoint region: CollectForMetadataAllocation
[2022-06-13T02:10:49.122+0000][1][safepoint    ] Leaving safepoint region
[2022-06-13T02:10:49.122+0000][1][safepoint    ] Total time for which application threads were stopped: 0.0006438 seconds, Stopping threads took: 0.0003128 seconds
[2022-06-13T02:10:49.151+0000][1][safepoint    ] Application time: 0.0285166 seconds
[2022-06-13T02:10:49.152+0000][1][safepoint    ] Entering safepoint region: CollectForMetadataAllocation
[2022-06-13T02:10:49.152+0000][1][safepoint    ] Leaving safepoint region
[2022-06-13T02:10:49.153+0000][1][safepoint    ] Total time for which application threads were stopped: 0.0005988 seconds, Stopping threads took: 0.0002961 seconds
[2022-06-13T02:10:49.160+0000][1][safepoint    ] Application time: 0.0077004 seconds
[2022-06-13T02:10:49.162+0000][1][safepoint    ] Entering safepoint region: RevokeBias
[2022-06-13T02:10:49.162+0000][1][safepoint    ] Leaving safepoint region
[2022-06-13T02:10:49.163+0000][1][safepoint    ] Total time for which application threads were stopped: 0.0019256 seconds, Stopping threads took: 0.0017183 seconds
[2022-06-13T02:10:49.163+0000][1][safepoint    ] Application time: 0.0001678 seconds
[2022-06-13T02:10:49.163+0000][1][safepoint    ] Entering safepoint region: RevokeBias
[2022-06-13T02:10:49.163+0000][1][safepoint    ] Leaving safepoint region
[2022-06-13T02:10:49.164+0000][1][safepoint    ] Total time for which application threads were stopped: 0.0005985 seconds, Stopping threads took: 0.0004104 seconds
[2022-06-13T02:10:49.181+0000][1][safepoint    ] Application time: 0.0170990 seconds
[2022-06-13T02:10:49.181+0000][1][safepoint    ] Entering safepoint region: CollectForMetadataAllocation
[2022-06-13T02:10:49.181+0000][1][safepoint    ] Leaving safepoint region
[2022-06-13T02:10:49.181+0000][1][safepoint    ] Total time for which application threads were stopped: 0.0003896 seconds, Stopping threads took: 0.0001394 seconds
[2022-06-13T02:10:49.407+0000][1][safepoint    ] Application time: 0.2249242 seconds
[2022-06-13T02:10:49.407+0000][1][safepoint    ] Entering safepoint region: CollectForMetadataAllocation
[2022-06-13T02:10:49.407+0000][1][safepoint    ] Leaving safepoint region
[2022-06-13T02:10:49.407+0000][1][safepoint    ] Total time for which application threads were stopped: 0.0004919 seconds, Stopping threads took: 0.0001834 seconds
[2022-06-13T02:10:49.651+0000][1][safepoint    ] Application time: 0.2435360 seconds
[2022-06-13T02:10:49.651+0000][1][safepoint    ] Entering safepoint region: GenCollectForAllocation
[2022-06-13T02:10:49.652+0000][1][gc,start     ] GC(17) Pause Young (Allocation Failure)
[2022-06-13T02:10:49.652+0000][1][gc,task      ] GC(17) Using 5 workers of 13 for evacuation
[2022-06-13T02:10:49.656+0000][1][gc,age       ] GC(17) Desired survivor size 4456448 bytes, new threshold 6 (max threshold 6)
[2022-06-13T02:10:49.657+0000][1][gc,age       ] GC(17) Age table with threshold 6 (max threshold 6)
[2022-06-13T02:10:49.657+0000][1][gc,age       ] GC(17) - age   1:    3771504 bytes,    3771504 total
[2022-06-13T02:10:49.657+0000][1][gc,age       ] GC(17) - age   2:     343912 bytes,    4115416 total
[2022-06-13T02:10:49.657+0000][1][gc,heap      ] GC(17) ParNew: 75238K->5166K(78656K)
[2022-06-13T02:10:49.657+0000][1][gc,heap      ] GC(17) CMS: 56326K->56326K(174784K)
[2022-06-13T02:10:49.657+0000][1][gc,metaspace ] GC(17) Metaspace: 42253K->42253K(1087488K)
[2022-06-13T02:10:49.658+0000][1][gc           ] GC(17) Pause Young (Allocation Failure) 128M->60M(247M) 6.164ms
[2022-06-13T02:10:49.658+0000][1][gc,cpu       ] GC(17) User=0.02s Sys=0.01s Real=0.00s
[2022-06-13T02:10:49.658+0000][1][safepoint    ] Leaving safepoint region
[2022-06-13T02:10:49.658+0000][1][safepoint    ] Total time for which application threads were stopped: 0.0069213 seconds, Stopping threads took: 0.0001722 seconds
[2022-06-13T02:10:49.658+0000][1][safepoint    ] Application time: 0.0001694 seconds
[2022-06-13T02:10:49.659+0000][1][safepoint    ] Entering safepoint region: CMS_Initial_Mark
[2022-06-13T02:10:49.659+0000][1][gc,start     ] GC(18) Pause Initial Mark
[2022-06-13T02:10:49.661+0000][1][gc           ] GC(18) Pause Initial Mark 61M->61M(247M) 1.556ms
[2022-06-13T02:10:49.661+0000][1][gc,cpu       ] GC(18) User=0.01s Sys=0.00s Real=0.00s
[2022-06-13T02:10:49.661+0000][1][safepoint    ] Leaving safepoint region
[2022-06-13T02:10:49.661+0000][1][safepoint    ] Total time for which application threads were stopped: 0.0023527 seconds, Stopping threads took: 0.0002183 seconds
[2022-06-13T02:10:49.661+0000][1][gc           ] GC(18) Concurrent Mark
[2022-06-13T02:10:49.662+0000][1][gc,task      ] GC(18) Using 4 workers of 4 for marking
[2022-06-13T02:10:49.672+0000][1][safepoint    ] Application time: 0.0105964 seconds
[2022-06-13T02:10:49.672+0000][1][safepoint    ] Entering safepoint region: CollectForMetadataAllocation
[2022-06-13T02:10:49.673+0000][1][safepoint    ] Leaving safepoint region
[2022-06-13T02:10:49.673+0000][1][safepoint    ] Total time for which application threads were stopped: 0.0005164 seconds, Stopping threads took: 0.0001661 seconds
[2022-06-13T02:10:49.703+0000][1][gc           ] GC(18) Concurrent Mark 41.551ms
[2022-06-13T02:10:49.705+0000][1][gc,cpu       ] GC(18) User=0.14s Sys=0.02s Real=0.04s
[2022-06-13T02:10:49.708+0000][1][gc           ] GC(18) Concurrent Preclean
[2022-06-13T02:10:49.714+0000][1][gc           ] GC(18) Concurrent Preclean 5.919ms
[2022-06-13T02:10:49.715+0000][1][gc,cpu       ] GC(18) User=0.03s Sys=0.00s Real=0.01s
[2022-06-13T02:10:49.715+0000][1][gc           ] GC(18) Concurrent Abortable Preclean
[2022-06-13T02:10:49.731+0000][1][safepoint    ] Application time: 0.0585669 seconds
[2022-06-13T02:10:49.733+0000][1][safepoint    ] Entering safepoint region: CollectForMetadataAllocation
[2022-06-13T02:10:49.733+0000][1][safepoint    ] Leaving safepoint region
[2022-06-13T02:10:49.734+0000][1][safepoint    ] Total time for which application threads were stopped: 0.0008045 seconds, Stopping threads took: 0.0003551 seconds
[2022-06-13T02:10:49.971+0000][1][safepoint    ] Application time: 0.2340922 seconds
[2022-06-13T02:10:49.977+0000][1][safepoint    ] Entering safepoint region: CollectForMetadataAllocation
[2022-06-13T02:10:49.978+0000][1][safepoint    ] Leaving safepoint region
[2022-06-13T02:10:49.978+0000][1][safepoint    ] Total time for which application threads were stopped: 0.0013457 seconds, Stopping threads took: 0.0003374 seconds
[2022-06-13T02:10:50.013+0000][1][safepoint    ] Application time: 0.0350200 seconds
[2022-06-13T02:10:50.014+0000][1][safepoint    ] Entering safepoint region: CollectForMetadataAllocation
[2022-06-13T02:10:50.014+0000][1][safepoint    ] Leaving safepoint region
[2022-06-13T02:10:50.014+0000][1][safepoint    ] Total time for which application threads were stopped: 0.0006423 seconds, Stopping threads took: 0.0003222 seconds
[2022-06-13T02:10:50.035+0000][1][safepoint    ] Application time: 0.0203974 seconds
[2022-06-13T02:10:50.035+0000][1][safepoint    ] Entering safepoint region: CollectForMetadataAllocation
[2022-06-13T02:10:50.036+0000][1][safepoint    ] Leaving safepoint region
[2022-06-13T02:10:50.036+0000][1][safepoint    ] Total time for which application threads were stopped: 0.0005056 seconds, Stopping threads took: 0.0001716 seconds
[2022-06-13T02:10:50.082+0000][1][safepoint    ] Application time: 0.0456026 seconds
[2022-06-13T02:10:50.082+0000][1][safepoint    ] Entering safepoint region: CollectForMetadataAllocation
[2022-06-13T02:10:50.082+0000][1][safepoint    ] Leaving safepoint region
[2022-06-13T02:10:50.082+0000][1][safepoint    ] Total time for which application threads were stopped: 0.0005282 seconds, Stopping threads took: 0.0001790 seconds
[2022-06-13T02:10:50.109+0000][1][gc           ] GC(18) Concurrent Abortable Preclean 394.003ms
[2022-06-13T02:10:50.109+0000][1][gc,cpu       ] GC(18) User=1.88s Sys=0.13s Real=0.40s
[2022-06-13T02:10:50.109+0000][1][safepoint    ] Application time: 0.0268963 seconds
[2022-06-13T02:10:50.110+0000][1][safepoint    ] Entering safepoint region: CMS_Final_Remark
[2022-06-13T02:10:50.110+0000][1][gc,start     ] GC(18) Pause Remark
[2022-06-13T02:10:50.131+0000][1][gc           ] GC(18) Pause Remark 97M->97M(247M) 20.686ms
[2022-06-13T02:10:50.132+0000][1][gc,cpu       ] GC(18) User=0.03s Sys=0.00s Real=0.02s
[2022-06-13T02:10:50.132+0000][1][safepoint    ] Leaving safepoint region
[2022-06-13T02:10:50.132+0000][1][safepoint    ] Total time for which application threads were stopped: 0.0223527 seconds, Stopping threads took: 0.0002337 seconds
[2022-06-13T02:10:50.132+0000][1][gc           ] GC(18) Concurrent Sweep
[2022-06-13T02:10:50.137+0000][1][safepoint    ] Application time: 0.0052074 seconds
[2022-06-13T02:10:50.138+0000][1][safepoint    ] Entering safepoint region: CollectForMetadataAllocation
[2022-06-13T02:10:50.139+0000][1][safepoint    ] Leaving safepoint region
[2022-06-13T02:10:50.140+0000][1][safepoint    ] Total time for which application threads were stopped: 0.0019066 seconds, Stopping threads took: 0.0008490 seconds
[2022-06-13T02:10:50.144+0000][1][safepoint    ] Application time: 0.0039723 seconds
[2022-06-13T02:10:50.144+0000][1][safepoint    ] Entering safepoint region: RevokeBias
[2022-06-13T02:10:50.144+0000][1][safepoint    ] Leaving safepoint region
[2022-06-13T02:10:50.145+0000][1][safepoint    ] Total time for which application threads were stopped: 0.0004346 seconds, Stopping threads took: 0.0001735 seconds
[2022-06-13T02:10:50.146+0000][1][safepoint    ] Application time: 0.0016996 seconds
[2022-06-13T02:10:50.147+0000][1][safepoint    ] Entering safepoint region: RevokeBias
[2022-06-13T02:10:50.147+0000][1][safepoint    ] Leaving safepoint region
[2022-06-13T02:10:50.147+0000][1][safepoint    ] Total time for which application threads were stopped: 0.0003404 seconds, Stopping threads took: 0.0001595 seconds
[2022-06-13T02:10:50.158+0000][1][gc           ] GC(18) Concurrent Sweep 25.305ms
[2022-06-13T02:10:50.158+0000][1][gc,cpu       ] GC(18) User=0.06s Sys=0.00s Real=0.02s
[2022-06-13T02:10:50.158+0000][1][gc           ] GC(18) Concurrent Reset
[2022-06-13T02:10:50.159+0000][1][gc           ] GC(18) Concurrent Reset 0.469ms
[2022-06-13T02:10:50.159+0000][1][gc,cpu       ] GC(18) User=0.00s Sys=0.00s Real=0.00s
[2022-06-13T02:10:50.159+0000][1][gc,heap      ] GC(18) Old: 56326K->56113K(174784K)
[2022-06-13T02:10:50.187+0000][1][safepoint    ] Application time: 0.0400437 seconds
[2022-06-13T02:10:50.187+0000][1][safepoint    ] Entering safepoint region: RevokeBias
[2022-06-13T02:10:50.188+0000][1][safepoint    ] Leaving safepoint region
[2022-06-13T02:10:50.188+0000][1][safepoint    ] Total time for which application threads were stopped: 0.0004092 seconds, Stopping threads took: 0.0001928 seconds
[2022-06-13T02:10:50.204+0000][1][safepoint    ] Application time: 0.0166082 seconds
[2022-06-13T02:10:50.205+0000][1][safepoint    ] Entering safepoint region: RevokeBias
[2022-06-13T02:10:50.205+0000][1][safepoint    ] Leaving safepoint region
[2022-06-13T02:10:50.205+0000][1][safepoint    ] Total time for which application threads were stopped: 0.0003204 seconds, Stopping threads took: 0.0001531 seconds
[2022-06-13T02:10:50.208+0000][1][safepoint    ] Application time: 0.0030601 seconds
[2022-06-13T02:10:50.209+0000][1][safepoint    ] Entering safepoint region: RevokeBias
[2022-06-13T02:10:50.209+0000][1][safepoint    ] Leaving safepoint region
[2022-06-13T02:10:50.209+0000][1][safepoint    ] Total time for which application threads were stopped: 0.0003095 seconds, Stopping threads took: 0.0001249 seconds
[2022-06-13T02:10:50.423+0000][1][safepoint    ] Application time: 0.2141179 seconds
[2022-06-13T02:10:50.423+0000][1][safepoint    ] Entering safepoint region: RevokeBias
[2022-06-13T02:10:50.425+0000][1][safepoint    ] Leaving safepoint region
[2022-06-13T02:10:50.425+0000][1][safepoint    ] Total time for which application threads were stopped: 0.0016389 seconds, Stopping threads took: 0.0008798 seconds
[2022-06-13T02:10:50.425+0000][1][safepoint    ] Application time: 0.0001928 seconds
[2022-06-13T02:10:50.426+0000][1][safepoint    ] Entering safepoint region: RevokeBias
[2022-06-13T02:10:50.426+0000][1][safepoint    ] Leaving safepoint region
[2022-06-13T02:10:50.426+0000][1][safepoint    ] Total time for which application threads were stopped: 0.0005572 seconds, Stopping threads took: 0.0003282 seconds
[2022-06-13T02:10:50.426+0000][1][safepoint    ] Application time: 0.0001333 seconds
[2022-06-13T02:10:50.426+0000][1][safepoint    ] Entering safepoint region: RevokeBias
[2022-06-13T02:10:50.427+0000][1][safepoint    ] Leaving safepoint region
[2022-06-13T02:10:50.427+0000][1][safepoint    ] Total time for which application threads were stopped: 0.0003278 seconds, Stopping threads took: 0.0001418 seconds
[2022-06-13T02:10:50.427+0000][1][safepoint    ] Application time: 0.0003780 seconds
[2022-06-13T02:10:50.427+0000][1][safepoint    ] Entering safepoint region: RevokeBias
[2022-06-13T02:10:50.428+0000][1][safepoint    ] Leaving safepoint region
[2022-06-13T02:10:50.428+0000][1][safepoint    ] Total time for which application threads were stopped: 0.0003293 seconds, Stopping threads took: 0.0001539 seconds
[2022-06-13T02:10:50.428+0000][1][safepoint    ] Application time: 0.0003771 seconds
[2022-06-13T02:10:50.429+0000][1][safepoint    ] Entering safepoint region: RevokeBias
[2022-06-13T02:10:50.429+0000][1][safepoint    ] Leaving safepoint region
[2022-06-13T02:10:50.429+0000][1][safepoint    ] Total time for which application threads were stopped: 0.0004535 seconds, Stopping threads took: 0.0002836 seconds
[2022-06-13T02:10:50.429+0000][1][safepoint    ] Application time: 0.0001791 seconds
[2022-06-13T02:10:50.429+0000][1][safepoint    ] Entering safepoint region: RevokeBias
[2022-06-13T02:10:50.430+0000][1][safepoint    ] Leaving safepoint region
[2022-06-13T02:10:50.430+0000][1][safepoint    ] Total time for which application threads were stopped: 0.0004166 seconds, Stopping threads took: 0.0002151 seconds
[2022-06-13T02:10:50.430+0000][1][safepoint    ] Application time: 0.0003366 seconds
[2022-06-13T02:10:50.430+0000][1][safepoint    ] Entering safepoint region: RevokeBias
[2022-06-13T02:10:50.431+0000][1][safepoint    ] Leaving safepoint region
[2022-06-13T02:10:50.431+0000][1][safepoint    ] Total time for which application threads were stopped: 0.0003040 seconds, Stopping threads took: 0.0001084 seconds
[2022-06-13T02:10:50.431+0000][1][safepoint    ] Application time: 0.0000455 seconds
[2022-06-13T02:10:50.431+0000][1][safepoint    ] Entering safepoint region: RevokeBias
[2022-06-13T02:10:50.431+0000][1][safepoint    ] Leaving safepoint region
[2022-06-13T02:10:50.431+0000][1][safepoint    ] Total time for which application threads were stopped: 0.0002273 seconds, Stopping threads took: 0.0001019 seconds
[2022-06-13T02:10:50.431+0000][1][safepoint    ] Application time: 0.0000831 seconds
[2022-06-13T02:10:50.432+0000][1][safepoint    ] Entering safepoint region: RevokeBias
[2022-06-13T02:10:50.433+0000][1][safepoint    ] Leaving safepoint region
[2022-06-13T02:10:50.433+0000][1][safepoint    ] Total time for which application threads were stopped: 0.0013573 seconds, Stopping threads took: 0.0011698 seconds
[2022-06-13T02:10:50.433+0000][1][safepoint    ] Application time: 0.0000917 seconds
[2022-06-13T02:10:50.433+0000][1][safepoint    ] Entering safepoint region: RevokeBias
[2022-06-13T02:10:50.433+0000][1][safepoint    ] Leaving safepoint region
[2022-06-13T02:10:50.434+0000][1][safepoint    ] Total time for which application threads were stopped: 0.0004412 seconds, Stopping threads took: 0.0002872 seconds
[2022-06-13T02:10:50.434+0000][1][safepoint    ] Application time: 0.0000903 seconds
[2022-06-13T02:10:50.434+0000][1][safepoint    ] Entering safepoint region: RevokeBias
[2022-06-13T02:10:50.434+0000][1][safepoint    ] Leaving safepoint region
[2022-06-13T02:10:50.434+0000][1][safepoint    ] Total time for which application threads were stopped: 0.0002587 seconds, Stopping threads took: 0.0001103 seconds
[2022-06-13T02:10:50.434+0000][1][safepoint    ] Application time: 0.0000767 seconds
[2022-06-13T02:10:50.434+0000][1][safepoint    ] Entering safepoint region: RevokeBias
[2022-06-13T02:10:50.435+0000][1][safepoint    ] Leaving safepoint region
[2022-06-13T02:10:50.435+0000][1][safepoint    ] Total time for which application threads were stopped: 0.0002348 seconds, Stopping threads took: 0.0000998 seconds
[2022-06-13T02:10:50.435+0000][1][safepoint    ] Application time: 0.0000797 seconds
[2022-06-13T02:10:50.435+0000][1][safepoint    ] Entering safepoint region: RevokeBias
[2022-06-13T02:10:50.435+0000][1][safepoint    ] Leaving safepoint region
[2022-06-13T02:10:50.435+0000][1][safepoint    ] Total time for which application threads were stopped: 0.0002358 seconds, Stopping threads took: 0.0001055 seconds
[2022-06-13T02:10:50.435+0000][1][safepoint    ] Application time: 0.0000920 seconds
[2022-06-13T02:10:50.436+0000][1][safepoint    ] Entering safepoint region: RevokeBias
[2022-06-13T02:10:50.436+0000][1][safepoint    ] Leaving safepoint region
[2022-06-13T02:10:50.436+0000][1][safepoint    ] Total time for which application threads were stopped: 0.0003144 seconds, Stopping threads took: 0.0001376 seconds
[2022-06-13T02:10:50.436+0000][1][safepoint    ] Application time: 0.0000865 seconds
[2022-06-13T02:10:50.436+0000][1][safepoint    ] Entering safepoint region: RevokeBias
[2022-06-13T02:10:50.436+0000][1][safepoint    ] Leaving safepoint region
[2022-06-13T02:10:50.437+0000][1][safepoint    ] Total time for which application threads were stopped: 0.0002839 seconds, Stopping threads took: 0.0001158 seconds
[2022-06-13T02:10:50.437+0000][1][safepoint    ] Application time: 0.0000949 seconds
[2022-06-13T02:10:50.437+0000][1][safepoint    ] Entering safepoint region: RevokeBias
[2022-06-13T02:10:50.437+0000][1][safepoint    ] Leaving safepoint region
[2022-06-13T02:10:50.437+0000][1][safepoint    ] Total time for which application threads were stopped: 0.0002124 seconds, Stopping threads took: 0.0000919 seconds
[2022-06-13T02:10:50.437+0000][1][safepoint    ] Application time: 0.0000847 seconds
[2022-06-13T02:10:50.437+0000][1][safepoint    ] Entering safepoint region: RevokeBias
[2022-06-13T02:10:50.437+0000][1][safepoint    ] Leaving safepoint region
[2022-06-13T02:10:50.438+0000][1][safepoint    ] Total time for which application threads were stopped: 0.0002409 seconds, Stopping threads took: 0.0000958 seconds
[2022-06-13T02:10:50.438+0000][1][safepoint    ] Application time: 0.0000799 seconds
[2022-06-13T02:10:50.438+0000][1][safepoint    ] Entering safepoint region: RevokeBias
[2022-06-13T02:10:50.438+0000][1][safepoint    ] Leaving safepoint region
[2022-06-13T02:10:50.438+0000][1][safepoint    ] Total time for which application threads were stopped: 0.0002447 seconds, Stopping threads took: 0.0001053 seconds
[2022-06-13T02:10:50.438+0000][1][safepoint    ] Application time: 0.0000944 seconds
[2022-06-13T02:10:50.438+0000][1][safepoint    ] Entering safepoint region: RevokeBias
[2022-06-13T02:10:50.439+0000][1][safepoint    ] Leaving safepoint region
[2022-06-13T02:10:50.439+0000][1][safepoint    ] Total time for which application threads were stopped: 0.0002223 seconds, Stopping threads took: 0.0000981 seconds
[2022-06-13T02:10:50.439+0000][1][safepoint    ] Application time: 0.0000641 seconds
[2022-06-13T02:10:50.439+0000][1][safepoint    ] Entering safepoint region: RevokeBias
[2022-06-13T02:10:50.439+0000][1][safepoint    ] Leaving safepoint region
[2022-06-13T02:10:50.439+0000][1][safepoint    ] Total time for which application threads were stopped: 0.0001960 seconds, Stopping threads took: 0.0000841 seconds
[2022-06-13T02:10:50.439+0000][1][safepoint    ] Application time: 0.0000689 seconds
[2022-06-13T02:10:50.439+0000][1][safepoint    ] Entering safepoint region: RevokeBias
[2022-06-13T02:10:50.440+0000][1][safepoint    ] Leaving safepoint region
[2022-06-13T02:10:50.440+0000][1][safepoint    ] Total time for which application threads were stopped: 0.0002987 seconds, Stopping threads took: 0.0001328 seconds
[2022-06-13T02:10:50.440+0000][1][safepoint    ] Application time: 0.0000755 seconds
[2022-06-13T02:10:50.440+0000][1][safepoint    ] Entering safepoint region: RevokeBias
[2022-06-13T02:10:50.440+0000][1][safepoint    ] Leaving safepoint region
[2022-06-13T02:10:50.440+0000][1][safepoint    ] Total time for which application threads were stopped: 0.0002200 seconds, Stopping threads took: 0.0001059 seconds
[2022-06-13T02:10:50.440+0000][1][safepoint    ] Application time: 0.0000844 seconds
[2022-06-13T02:10:50.441+0000][1][safepoint    ] Entering safepoint region: RevokeBias
[2022-06-13T02:10:50.441+0000][1][safepoint    ] Leaving safepoint region
[2022-06-13T02:10:50.441+0000][1][safepoint    ] Total time for which application threads were stopped: 0.0002619 seconds, Stopping threads took: 0.0001196 seconds
[2022-06-13T02:10:50.441+0000][1][safepoint    ] Application time: 0.0000647 seconds
[2022-06-13T02:10:50.441+0000][1][safepoint    ] Entering safepoint region: RevokeBias
[2022-06-13T02:10:50.441+0000][1][safepoint    ] Leaving safepoint region
[2022-06-13T02:10:50.441+0000][1][safepoint    ] Total time for which application threads were stopped: 0.0001869 seconds, Stopping threads took: 0.0000814 seconds
[2022-06-13T02:10:50.441+0000][1][safepoint    ] Application time: 0.0000647 seconds
[2022-06-13T02:10:50.441+0000][1][safepoint    ] Entering safepoint region: RevokeBias
[2022-06-13T02:10:50.442+0000][1][safepoint    ] Leaving safepoint region
[2022-06-13T02:10:50.442+0000][1][safepoint    ] Total time for which application threads were stopped: 0.0002001 seconds, Stopping threads took: 0.0000884 seconds
[2022-06-13T02:10:50.442+0000][1][safepoint    ] Application time: 0.0000616 seconds
[2022-06-13T02:10:50.442+0000][1][safepoint    ] Entering safepoint region: BulkRevokeBias
[2022-06-13T02:10:50.442+0000][1][safepoint    ] Leaving safepoint region
[2022-06-13T02:10:50.442+0000][1][safepoint    ] Total time for which application threads were stopped: 0.0002102 seconds, Stopping threads took: 0.0000742 seconds
[2022-06-13T02:10:50.442+0000][1][safepoint    ] Application time: 0.0002393 seconds
[2022-06-13T02:10:50.443+0000][1][safepoint    ] Entering safepoint region: RevokeBias
[2022-06-13T02:10:50.443+0000][1][safepoint    ] Leaving safepoint region
[2022-06-13T02:10:50.443+0000][1][safepoint    ] Total time for which application threads were stopped: 0.0002636 seconds, Stopping threads took: 0.0001311 seconds
[2022-06-13T02:10:50.443+0000][1][safepoint    ] Application time: 0.0000996 seconds
[2022-06-13T02:10:50.443+0000][1][safepoint    ] Entering safepoint region: RevokeBias
[2022-06-13T02:10:50.443+0000][1][safepoint    ] Leaving safepoint region
[2022-06-13T02:10:50.443+0000][1][safepoint    ] Total time for which application threads were stopped: 0.0002356 seconds, Stopping threads took: 0.0001053 seconds
[2022-06-13T02:10:50.444+0000][1][safepoint    ] Application time: 0.0001367 seconds
[2022-06-13T02:10:50.444+0000][1][safepoint    ] Entering safepoint region: RevokeBias
[2022-06-13T02:10:50.444+0000][1][safepoint    ] Leaving safepoint region
[2022-06-13T02:10:50.444+0000][1][safepoint    ] Total time for which application threads were stopped: 0.0002053 seconds, Stopping threads took: 0.0000895 seconds
[2022-06-13T02:10:50.444+0000][1][safepoint    ] Application time: 0.0000908 seconds
[2022-06-13T02:10:50.444+0000][1][safepoint    ] Entering safepoint region: RevokeBias
[2022-06-13T02:10:50.444+0000][1][safepoint    ] Leaving safepoint region
[2022-06-13T02:10:50.444+0000][1][safepoint    ] Total time for which application threads were stopped: 0.0002253 seconds, Stopping threads took: 0.0001138 seconds
[2022-06-13T02:10:50.445+0000][1][safepoint    ] Application time: 0.0001078 seconds
[2022-06-13T02:10:50.445+0000][1][safepoint    ] Entering safepoint region: RevokeBias
[2022-06-13T02:10:50.445+0000][1][safepoint    ] Leaving safepoint region
[2022-06-13T02:10:50.445+0000][1][safepoint    ] Total time for which application threads were stopped: 0.0004304 seconds, Stopping threads took: 0.0003260 seconds
[2022-06-13T02:10:50.445+0000][1][safepoint    ] Application time: 0.0000785 seconds
[2022-06-13T02:10:50.445+0000][1][safepoint    ] Entering safepoint region: RevokeBias
[2022-06-13T02:10:50.445+0000][1][safepoint    ] Leaving safepoint region
[2022-06-13T02:10:50.446+0000][1][safepoint    ] Total time for which application threads were stopped: 0.0002287 seconds, Stopping threads took: 0.0001090 seconds
[2022-06-13T02:10:50.446+0000][1][safepoint    ] Application time: 0.0001374 seconds
[2022-06-13T02:10:50.446+0000][1][safepoint    ] Entering safepoint region: RevokeBias
[2022-06-13T02:10:50.446+0000][1][safepoint    ] Leaving safepoint region
[2022-06-13T02:10:50.446+0000][1][safepoint    ] Total time for which application threads were stopped: 0.0002940 seconds, Stopping threads took: 0.0001233 seconds
[2022-06-13T02:10:50.446+0000][1][safepoint    ] Application time: 0.0000927 seconds
[2022-06-13T02:10:50.447+0000][1][safepoint    ] Entering safepoint region: RevokeBias
[2022-06-13T02:10:50.447+0000][1][safepoint    ] Leaving safepoint region
[2022-06-13T02:10:50.447+0000][1][safepoint    ] Total time for which application threads were stopped: 0.0004100 seconds, Stopping threads took: 0.0002827 seconds
[2022-06-13T02:10:50.447+0000][1][safepoint    ] Application time: 0.0000631 seconds
[2022-06-13T02:10:50.447+0000][1][safepoint    ] Entering safepoint region: RevokeBias
[2022-06-13T02:10:50.447+0000][1][safepoint    ] Leaving safepoint region
[2022-06-13T02:10:50.448+0000][1][safepoint    ] Total time for which application threads were stopped: 0.0003222 seconds, Stopping threads took: 0.0001367 seconds
[2022-06-13T02:10:50.448+0000][1][safepoint    ] Application time: 0.0000848 seconds
[2022-06-13T02:10:50.448+0000][1][safepoint    ] Entering safepoint region: RevokeBias
[2022-06-13T02:10:50.448+0000][1][safepoint    ] Leaving safepoint region
[2022-06-13T02:10:50.448+0000][1][safepoint    ] Total time for which application threads were stopped: 0.0003278 seconds, Stopping threads took: 0.0001873 seconds
[2022-06-13T02:10:50.448+0000][1][safepoint    ] Application time: 0.0000416 seconds
[2022-06-13T02:10:50.449+0000][1][safepoint    ] Entering safepoint region: RevokeBias
[2022-06-13T02:10:50.449+0000][1][safepoint    ] Leaving safepoint region
[2022-06-13T02:10:50.449+0000][1][safepoint    ] Total time for which application threads were stopped: 0.0002939 seconds, Stopping threads took: 0.0001299 seconds
[2022-06-13T02:10:50.449+0000][1][safepoint    ] Application time: 0.0000804 seconds
[2022-06-13T02:10:50.449+0000][1][safepoint    ] Entering safepoint region: RevokeBias
[2022-06-13T02:10:50.449+0000][1][safepoint    ] Leaving safepoint region
[2022-06-13T02:10:50.449+0000][1][safepoint    ] Total time for which application threads were stopped: 0.0002630 seconds, Stopping threads took: 0.0001236 seconds
[2022-06-13T02:10:50.450+0000][1][safepoint    ] Application time: 0.0000994 seconds
[2022-06-13T02:10:50.450+0000][1][safepoint    ] Entering safepoint region: RevokeBias
[2022-06-13T02:10:50.450+0000][1][safepoint    ] Leaving safepoint region
[2022-06-13T02:10:50.450+0000][1][safepoint    ] Total time for which application threads were stopped: 0.0002919 seconds, Stopping threads took: 0.0001255 seconds
[2022-06-13T02:10:50.450+0000][1][safepoint    ] Application time: 0.0000877 seconds
[2022-06-13T02:10:50.450+0000][1][safepoint    ] Entering safepoint region: RevokeBias
[2022-06-13T02:10:50.451+0000][1][safepoint    ] Leaving safepoint region
[2022-06-13T02:10:50.451+0000][1][safepoint    ] Total time for which application threads were stopped: 0.0002923 seconds, Stopping threads took: 0.0001378 seconds
[2022-06-13T02:10:50.451+0000][1][safepoint    ] Application time: 0.0000831 seconds
[2022-06-13T02:10:50.451+0000][1][safepoint    ] Entering safepoint region: RevokeBias
[2022-06-13T02:10:50.451+0000][1][safepoint    ] Leaving safepoint region
[2022-06-13T02:10:50.451+0000][1][safepoint    ] Total time for which application threads were stopped: 0.0003669 seconds, Stopping threads took: 0.0002222 seconds
[2022-06-13T02:10:50.452+0000][1][safepoint    ] Application time: 0.0000874 seconds
[2022-06-13T02:10:50.452+0000][1][safepoint    ] Entering safepoint region: RevokeBias
[2022-06-13T02:10:50.452+0000][1][safepoint    ] Leaving safepoint region
[2022-06-13T02:10:50.452+0000][1][safepoint    ] Total time for which application threads were stopped: 0.0002195 seconds, Stopping threads took: 0.0001034 seconds
[2022-06-13T02:10:50.452+0000][1][safepoint    ] Application time: 0.0000833 seconds
[2022-06-13T02:10:50.452+0000][1][safepoint    ] Entering safepoint region: RevokeBias
[2022-06-13T02:10:50.452+0000][1][safepoint    ] Leaving safepoint region
[2022-06-13T02:10:50.453+0000][1][safepoint    ] Total time for which application threads were stopped: 0.0002685 seconds, Stopping threads took: 0.0001271 seconds
[2022-06-13T02:10:50.453+0000][1][safepoint    ] Application time: 0.0000831 seconds
[2022-06-13T02:10:50.453+0000][1][safepoint    ] Entering safepoint region: RevokeBias
[2022-06-13T02:10:50.453+0000][1][safepoint    ] Leaving safepoint region
[2022-06-13T02:10:50.453+0000][1][safepoint    ] Total time for which application threads were stopped: 0.0002902 seconds, Stopping threads took: 0.0001581 seconds
[2022-06-13T02:10:50.453+0000][1][safepoint    ] Application time: 0.0000851 seconds
[2022-06-13T02:10:50.454+0000][1][safepoint    ] Entering safepoint region: RevokeBias
[2022-06-13T02:10:50.454+0000][1][safepoint    ] Leaving safepoint region
[2022-06-13T02:10:50.454+0000][1][safepoint    ] Total time for which application threads were stopped: 0.0003525 seconds, Stopping threads took: 0.0001783 seconds
[2022-06-13T02:10:50.454+0000][1][safepoint    ] Application time: 0.0000738 seconds
[2022-06-13T02:10:50.454+0000][1][safepoint    ] Entering safepoint region: RevokeBias
[2022-06-13T02:10:50.454+0000][1][safepoint    ] Leaving safepoint region
[2022-06-13T02:10:50.454+0000][1][safepoint    ] Total time for which application threads were stopped: 0.0002379 seconds, Stopping threads took: 0.0001036 seconds
[2022-06-13T02:10:50.455+0000][1][safepoint    ] Application time: 0.0000755 seconds
[2022-06-13T02:10:50.455+0000][1][safepoint    ] Entering safepoint region: RevokeBias
[2022-06-13T02:10:50.455+0000][1][safepoint    ] Leaving safepoint region
[2022-06-13T02:10:50.455+0000][1][safepoint    ] Total time for which application threads were stopped: 0.0003010 seconds, Stopping threads took: 0.0000935 seconds
[2022-06-13T02:10:50.455+0000][1][safepoint    ] Application time: 0.0000878 seconds
[2022-06-13T02:10:50.455+0000][1][safepoint    ] Entering safepoint region: RevokeBias
[2022-06-13T02:10:50.455+0000][1][safepoint    ] Leaving safepoint region
[2022-06-13T02:10:50.456+0000][1][safepoint    ] Total time for which application threads were stopped: 0.0003153 seconds, Stopping threads took: 0.0001419 seconds
[2022-06-13T02:10:50.456+0000][1][safepoint    ] Application time: 0.0000853 seconds
[2022-06-13T02:10:50.456+0000][1][safepoint    ] Entering safepoint region: RevokeBias
[2022-06-13T02:10:50.456+0000][1][safepoint    ] Leaving safepoint region
[2022-06-13T02:10:50.456+0000][1][safepoint    ] Total time for which application threads were stopped: 0.0002517 seconds, Stopping threads took: 0.0001281 seconds
[2022-06-13T02:10:50.456+0000][1][safepoint    ] Application time: 0.0000796 seconds
[2022-06-13T02:10:50.456+0000][1][safepoint    ] Entering safepoint region: RevokeBias
[2022-06-13T02:10:50.457+0000][1][safepoint    ] Leaving safepoint region
[2022-06-13T02:10:50.457+0000][1][safepoint    ] Total time for which application threads were stopped: 0.0002282 seconds, Stopping threads took: 0.0000929 seconds
[2022-06-13T02:10:50.457+0000][1][safepoint    ] Application time: 0.0000933 seconds
[2022-06-13T02:10:50.457+0000][1][safepoint    ] Entering safepoint region: RevokeBias
[2022-06-13T02:10:50.457+0000][1][safepoint    ] Leaving safepoint region
[2022-06-13T02:10:50.457+0000][1][safepoint    ] Total time for which application threads were stopped: 0.0003488 seconds, Stopping threads took: 0.0001626 seconds
[2022-06-13T02:10:50.458+0000][1][safepoint    ] Application time: 0.0000857 seconds
[2022-06-13T02:10:50.458+0000][1][safepoint    ] Entering safepoint region: BulkRevokeBias
[2022-06-13T02:10:50.458+0000][1][safepoint    ] Leaving safepoint region
[2022-06-13T02:10:50.458+0000][1][safepoint    ] Total time for which application threads were stopped: 0.0003017 seconds, Stopping threads took: 0.0001109 seconds
[2022-06-13T02:10:50.458+0000][1][safepoint    ] Application time: 0.0000945 seconds
[2022-06-13T02:10:50.458+0000][1][safepoint    ] Entering safepoint region: RevokeBias
[2022-06-13T02:10:50.458+0000][1][safepoint    ] Leaving safepoint region
[2022-06-13T02:10:50.459+0000][1][safepoint    ] Total time for which application threads were stopped: 0.0002347 seconds, Stopping threads took: 0.0001072 seconds
[2022-06-13T02:10:50.459+0000][1][safepoint    ] Application time: 0.0002990 seconds
[2022-06-13T02:10:50.459+0000][1][safepoint    ] Entering safepoint region: RevokeBias
[2022-06-13T02:10:50.459+0000][1][safepoint    ] Leaving safepoint region
[2022-06-13T02:10:50.460+0000][1][safepoint    ] Total time for which application threads were stopped: 0.0005904 seconds, Stopping threads took: 0.0004072 seconds
[2022-06-13T02:10:50.461+0000][1][safepoint    ] Application time: 0.0014690 seconds
[2022-06-13T02:10:50.461+0000][1][safepoint    ] Entering safepoint region: RevokeBias
[2022-06-13T02:10:50.462+0000][1][safepoint    ] Leaving safepoint region
[2022-06-13T02:10:50.462+0000][1][safepoint    ] Total time for which application threads were stopped: 0.0003263 seconds, Stopping threads took: 0.0001879 seconds
[2022-06-13T02:10:50.462+0000][1][safepoint    ] Application time: 0.0001330 seconds
[2022-06-13T02:10:50.462+0000][1][safepoint    ] Entering safepoint region: RevokeBias
[2022-06-13T02:10:50.462+0000][1][safepoint    ] Leaving safepoint region
[2022-06-13T02:10:50.462+0000][1][safepoint    ] Total time for which application threads were stopped: 0.0003379 seconds, Stopping threads took: 0.0001545 seconds
[2022-06-13T02:10:50.463+0000][1][safepoint    ] Application time: 0.0000963 seconds
[2022-06-13T02:10:50.463+0000][1][safepoint    ] Entering safepoint region: RevokeBias
[2022-06-13T02:10:50.463+0000][1][safepoint    ] Leaving safepoint region
[2022-06-13T02:10:50.463+0000][1][safepoint    ] Total time for which application threads were stopped: 0.0003618 seconds, Stopping threads took: 0.0001430 seconds
[2022-06-13T02:10:50.464+0000][1][safepoint    ] Application time: 0.0008033 seconds
[2022-06-13T02:10:50.464+0000][1][safepoint    ] Entering safepoint region: RevokeBias
[2022-06-13T02:10:50.464+0000][1][safepoint    ] Leaving safepoint region
[2022-06-13T02:10:50.465+0000][1][safepoint    ] Total time for which application threads were stopped: 0.0002416 seconds, Stopping threads took: 0.0001090 seconds
[2022-06-13T02:10:50.465+0000][1][safepoint    ] Application time: 0.0008136 seconds
[2022-06-13T02:10:50.466+0000][1][safepoint    ] Entering safepoint region: RevokeBias
[2022-06-13T02:10:50.466+0000][1][safepoint    ] Leaving safepoint region
[2022-06-13T02:10:50.466+0000][1][safepoint    ] Total time for which application threads were stopped: 0.0003135 seconds, Stopping threads took: 0.0001638 seconds
[2022-06-13T02:10:50.466+0000][1][safepoint    ] Application time: 0.0000985 seconds
[2022-06-13T02:10:50.466+0000][1][safepoint    ] Entering safepoint region: RevokeBias
[2022-06-13T02:10:50.466+0000][1][safepoint    ] Leaving safepoint region
[2022-06-13T02:10:50.467+0000][1][safepoint    ] Total time for which application threads were stopped: 0.0003285 seconds, Stopping threads took: 0.0001522 seconds
[2022-06-13T02:10:50.467+0000][1][safepoint    ] Application time: 0.0002454 seconds
[2022-06-13T02:10:50.467+0000][1][safepoint    ] Entering safepoint region: RevokeBias
[2022-06-13T02:10:50.467+0000][1][safepoint    ] Leaving safepoint region
[2022-06-13T02:10:50.468+0000][1][safepoint    ] Total time for which application threads were stopped: 0.0004633 seconds, Stopping threads took: 0.0002844 seconds
[2022-06-13T02:10:50.481+0000][1][safepoint    ] Application time: 0.0135321 seconds
[2022-06-13T02:10:50.482+0000][1][safepoint    ] Entering safepoint region: GenCollectForAllocation
[2022-06-13T02:10:50.482+0000][1][gc,start     ] GC(19) Pause Young (Allocation Failure)
[2022-06-13T02:10:50.482+0000][1][gc,task      ] GC(19) Using 5 workers of 13 for evacuation
[2022-06-13T02:10:50.488+0000][1][gc,age       ] GC(19) Desired survivor size 4456448 bytes, new threshold 2 (max threshold 6)
[2022-06-13T02:10:50.488+0000][1][gc,age       ] GC(19) Age table with threshold 2 (max threshold 6)
[2022-06-13T02:10:50.488+0000][1][gc,age       ] GC(19) - age   1:    3213656 bytes,    3213656 total
[2022-06-13T02:10:50.488+0000][1][gc,age       ] GC(19) - age   2:    3670016 bytes,    6883672 total
[2022-06-13T02:10:50.489+0000][1][gc,age       ] GC(19) - age   3:     342072 bytes,    7225744 total
[2022-06-13T02:10:50.489+0000][1][gc,heap      ] GC(19) ParNew: 75118K->8704K(78656K)
[2022-06-13T02:10:50.489+0000][1][gc,heap      ] GC(19) CMS: 56113K->56113K(174784K)
[2022-06-13T02:10:50.489+0000][1][gc,metaspace ] GC(19) Metaspace: 47282K->47282K(1093632K)
[2022-06-13T02:10:50.489+0000][1][gc           ] GC(19) Pause Young (Allocation Failure) 128M->63M(247M) 7.135ms
[2022-06-13T02:10:50.489+0000][1][gc,cpu       ] GC(19) User=0.03s Sys=0.00s Real=0.01s
[2022-06-13T02:10:50.489+0000][1][safepoint    ] Leaving safepoint region
[2022-06-13T02:10:50.490+0000][1][safepoint    ] Total time for which application threads were stopped: 0.0079002 seconds, Stopping threads took: 0.0001770 seconds
[2022-06-13T02:10:50.994+0000][1][safepoint    ] Application time: 0.5043171 seconds
[2022-06-13T02:10:50.994+0000][1][safepoint    ] Entering safepoint region: GenCollectForAllocation
[2022-06-13T02:10:50.995+0000][1][gc,start     ] GC(20) Pause Young (Allocation Failure)
[2022-06-13T02:10:50.995+0000][1][gc,task      ] GC(20) Using 5 workers of 13 for evacuation
[2022-06-13T02:10:51.002+0000][1][gc,age       ] GC(20) Desired survivor size 4456448 bytes, new threshold 2 (max threshold 6)
[2022-06-13T02:10:51.002+0000][1][gc,age       ] GC(20) Age table with threshold 2 (max threshold 6)
[2022-06-13T02:10:51.002+0000][1][gc,age       ] GC(20) - age   1:    1540800 bytes,    1540800 total
[2022-06-13T02:10:51.002+0000][1][gc,age       ] GC(20) - age   2:    3098632 bytes,    4639432 total
[2022-06-13T02:10:51.003+0000][1][gc,heap      ] GC(20) ParNew: 78656K->6152K(78656K)
[2022-06-13T02:10:51.003+0000][1][gc,heap      ] GC(20) CMS: 56113K->60162K(174784K)
[2022-06-13T02:10:51.003+0000][1][gc,metaspace ] GC(20) Metaspace: 53898K->53898K(1099776K)
[2022-06-13T02:10:51.003+0000][1][gc           ] GC(20) Pause Young (Allocation Failure) 131M->64M(247M) 8.438ms
[2022-06-13T02:10:51.003+0000][1][gc,cpu       ] GC(20) User=0.02s Sys=0.02s Real=0.01s
[2022-06-13T02:10:51.003+0000][1][safepoint    ] Leaving safepoint region
[2022-06-13T02:10:51.003+0000][1][safepoint    ] Total time for which application threads were stopped: 0.0091864 seconds, Stopping threads took: 0.0001940 seconds
[2022-06-13T02:10:51.155+0000][1][safepoint    ] Application time: 0.1515278 seconds
[2022-06-13T02:10:51.155+0000][1][safepoint    ] Entering safepoint region: Deoptimize
[2022-06-13T02:10:51.156+0000][1][safepoint    ] Leaving safepoint region
[2022-06-13T02:10:51.156+0000][1][safepoint    ] Total time for which application threads were stopped: 0.0012245 seconds, Stopping threads took: 0.0001454 seconds
[2022-06-13T02:10:51.183+0000][1][safepoint    ] Application time: 0.0259685 seconds
[2022-06-13T02:10:51.183+0000][1][safepoint    ] Entering safepoint region: RevokeBias
[2022-06-13T02:10:51.183+0000][1][safepoint    ] Leaving safepoint region
[2022-06-13T02:10:51.183+0000][1][safepoint    ] Total time for which application threads were stopped: 0.0003612 seconds, Stopping threads took: 0.0001660 seconds
[2022-06-13T02:10:51.183+0000][1][safepoint    ] Application time: 0.0001161 seconds
[2022-06-13T02:10:51.184+0000][1][safepoint    ] Entering safepoint region: RevokeBias
[2022-06-13T02:10:51.184+0000][1][safepoint    ] Leaving safepoint region
[2022-06-13T02:10:51.184+0000][1][safepoint    ] Total time for which application threads were stopped: 0.0002106 seconds, Stopping threads took: 0.0000920 seconds
[2022-06-13T02:10:51.184+0000][1][safepoint    ] Application time: 0.0001351 seconds
[2022-06-13T02:10:51.184+0000][1][safepoint    ] Entering safepoint region: RevokeBias
[2022-06-13T02:10:51.184+0000][1][safepoint    ] Leaving safepoint region
[2022-06-13T02:10:51.184+0000][1][safepoint    ] Total time for which application threads were stopped: 0.0002680 seconds, Stopping threads took: 0.0000801 seconds
[2022-06-13T02:10:51.186+0000][1][safepoint    ] Application time: 0.0019490 seconds
[2022-06-13T02:10:51.187+0000][1][safepoint    ] Entering safepoint region: RevokeBias
[2022-06-13T02:10:51.187+0000][1][safepoint    ] Leaving safepoint region
[2022-06-13T02:10:51.187+0000][1][safepoint    ] Total time for which application threads were stopped: 0.0002164 seconds, Stopping threads took: 0.0000992 seconds
[2022-06-13T02:10:51.313+0000][1][safepoint    ] Application time: 0.1259402 seconds
[2022-06-13T02:10:51.313+0000][1][safepoint    ] Entering safepoint region: Deoptimize
[2022-06-13T02:10:51.314+0000][1][safepoint    ] Leaving safepoint region
[2022-06-13T02:10:51.315+0000][1][safepoint    ] Total time for which application threads were stopped: 0.0016132 seconds, Stopping threads took: 0.0001060 seconds
[2022-06-13T02:10:51.342+0000][1][safepoint    ] Application time: 0.0274193 seconds
[2022-06-13T02:10:51.342+0000][1][safepoint    ] Entering safepoint region: RevokeBias
[2022-06-13T02:10:51.343+0000][1][safepoint    ] Leaving safepoint region
[2022-06-13T02:10:51.343+0000][1][safepoint    ] Total time for which application threads were stopped: 0.0003658 seconds, Stopping threads took: 0.0001795 seconds
[2022-06-13T02:10:51.343+0000][1][safepoint    ] Application time: 0.0006457 seconds
[2022-06-13T02:10:51.344+0000][1][safepoint    ] Entering safepoint region: RevokeBias
[2022-06-13T02:10:51.344+0000][1][safepoint    ] Leaving safepoint region
[2022-06-13T02:10:51.344+0000][1][safepoint    ] Total time for which application threads were stopped: 0.0003570 seconds, Stopping threads took: 0.0001667 seconds
[2022-06-13T02:10:51.344+0000][1][safepoint    ] Application time: 0.0000925 seconds
[2022-06-13T02:10:51.344+0000][1][safepoint    ] Entering safepoint region: RevokeBias
[2022-06-13T02:10:51.345+0000][1][safepoint    ] Leaving safepoint region
[2022-06-13T02:10:51.345+0000][1][safepoint    ] Total time for which application threads were stopped: 0.0004278 seconds, Stopping threads took: 0.0001812 seconds
[2022-06-13T02:10:51.345+0000][1][safepoint    ] Application time: 0.0001426 seconds
[2022-06-13T02:10:51.345+0000][1][safepoint    ] Entering safepoint region: RevokeBias
[2022-06-13T02:10:51.345+0000][1][safepoint    ] Leaving safepoint region
[2022-06-13T02:10:51.346+0000][1][safepoint    ] Total time for which application threads were stopped: 0.0003652 seconds, Stopping threads took: 0.0001506 seconds
[2022-06-13T02:10:51.346+0000][1][safepoint    ] Application time: 0.0001819 seconds
[2022-06-13T02:10:51.346+0000][1][safepoint    ] Entering safepoint region: BulkRevokeBias
[2022-06-13T02:10:51.346+0000][1][safepoint    ] Leaving safepoint region
[2022-06-13T02:10:51.346+0000][1][safepoint    ] Total time for which application threads were stopped: 0.0004433 seconds, Stopping threads took: 0.0002068 seconds
[2022-06-13T02:10:51.481+0000][1][safepoint    ] Application time: 0.1345790 seconds
[2022-06-13T02:10:51.481+0000][1][safepoint    ] Entering safepoint region: RevokeBias
[2022-06-13T02:10:51.482+0000][1][safepoint    ] Leaving safepoint region
[2022-06-13T02:10:51.482+0000][1][safepoint    ] Total time for which application threads were stopped: 0.0003822 seconds, Stopping threads took: 0.0001743 seconds
[2022-06-13T02:10:51.482+0000][1][safepoint    ] Application time: 0.0001256 seconds
[2022-06-13T02:10:51.482+0000][1][safepoint    ] Entering safepoint region: RevokeBias
[2022-06-13T02:10:51.482+0000][1][safepoint    ] Leaving safepoint region
[2022-06-13T02:10:51.483+0000][1][safepoint    ] Total time for which application threads were stopped: 0.0004035 seconds, Stopping threads took: 0.0002059 seconds
[2022-06-13T02:10:51.569+0000][1][safepoint    ] Application time: 0.0864866 seconds
[2022-06-13T02:10:51.570+0000][1][safepoint    ] Entering safepoint region: RevokeBias
[2022-06-13T02:10:51.570+0000][1][safepoint    ] Leaving safepoint region
[2022-06-13T02:10:51.570+0000][1][safepoint    ] Total time for which application threads were stopped: 0.0003903 seconds, Stopping threads took: 0.0001939 seconds
[2022-06-13T02:10:51.570+0000][1][safepoint    ] Application time: 0.0000393 seconds
[2022-06-13T02:10:51.570+0000][1][safepoint    ] Entering safepoint region: RevokeBias
[2022-06-13T02:10:51.571+0000][1][safepoint    ] Leaving safepoint region
[2022-06-13T02:10:51.571+0000][1][safepoint    ] Total time for which application threads were stopped: 0.0003471 seconds, Stopping threads took: 0.0001481 seconds
[2022-06-13T02:10:51.673+0000][1][safepoint    ] Application time: 0.1025733 seconds
[2022-06-13T02:10:51.674+0000][1][safepoint    ] Entering safepoint region: GenCollectForAllocation
[2022-06-13T02:10:51.674+0000][1][gc,start     ] GC(21) Pause Young (Allocation Failure)
[2022-06-13T02:10:51.674+0000][1][gc,task      ] GC(21) Using 5 workers of 13 for evacuation
[2022-06-13T02:10:51.681+0000][1][gc,age       ] GC(21) Desired survivor size 4456448 bytes, new threshold 2 (max threshold 6)
[2022-06-13T02:10:51.681+0000][1][gc,age       ] GC(21) Age table with threshold 2 (max threshold 6)
[2022-06-13T02:10:51.681+0000][1][gc,age       ] GC(21) - age   1:    4049368 bytes,    4049368 total
[2022-06-13T02:10:51.681+0000][1][gc,age       ] GC(21) - age   2:    1431840 bytes,    5481208 total
[2022-06-13T02:10:51.682+0000][1][gc,heap      ] GC(21) ParNew: 76104K->7898K(78656K)
[2022-06-13T02:10:51.682+0000][1][gc,heap      ] GC(21) CMS: 60162K->63256K(174784K)
[2022-06-13T02:10:51.682+0000][1][gc,metaspace ] GC(21) Metaspace: 62056K->62056K(1105920K)
[2022-06-13T02:10:51.682+0000][1][gc           ] GC(21) Pause Young (Allocation Failure) 133M->69M(247M) 8.390ms
[2022-06-13T02:10:51.683+0000][1][gc,cpu       ] GC(21) User=0.03s Sys=0.00s Real=0.01s
[2022-06-13T02:10:51.683+0000][1][safepoint    ] Leaving safepoint region
[2022-06-13T02:10:51.683+0000][1][safepoint    ] Total time for which application threads were stopped: 0.0091232 seconds, Stopping threads took: 0.0001678 seconds
[2022-06-13T02:10:51.729+0000][1][safepoint    ] Application time: 0.0462828 seconds
[2022-06-13T02:10:51.730+0000][1][safepoint    ] Entering safepoint region: Deoptimize
[2022-06-13T02:10:51.730+0000][1][safepoint    ] Leaving safepoint region
[2022-06-13T02:10:51.731+0000][1][safepoint    ] Total time for which application threads were stopped: 0.0009291 seconds, Stopping threads took: 0.0001782 seconds
[2022-06-13T02:10:51.737+0000][1][safepoint    ] Application time: 0.0065387 seconds
[2022-06-13T02:10:51.738+0000][1][safepoint    ] Entering safepoint region: RevokeBias
[2022-06-13T02:10:51.738+0000][1][safepoint    ] Leaving safepoint region
[2022-06-13T02:10:51.738+0000][1][safepoint    ] Total time for which application threads were stopped: 0.0003477 seconds, Stopping threads took: 0.0001629 seconds
[2022-06-13T02:10:51.739+0000][1][safepoint    ] Application time: 0.0004447 seconds
[2022-06-13T02:10:51.739+0000][1][safepoint    ] Entering safepoint region: RevokeBias
[2022-06-13T02:10:51.739+0000][1][safepoint    ] Leaving safepoint region
[2022-06-13T02:10:51.739+0000][1][safepoint    ] Total time for which application threads were stopped: 0.0002369 seconds, Stopping threads took: 0.0001068 seconds
[2022-06-13T02:10:51.740+0000][1][safepoint    ] Application time: 0.0006166 seconds
[2022-06-13T02:10:51.740+0000][1][safepoint    ] Entering safepoint region: RevokeBias
[2022-06-13T02:10:51.740+0000][1][safepoint    ] Leaving safepoint region
[2022-06-13T02:10:51.740+0000][1][safepoint    ] Total time for which application threads were stopped: 0.0002651 seconds, Stopping threads took: 0.0001228 seconds
[2022-06-13T02:10:51.740+0000][1][safepoint    ] Application time: 0.0001810 seconds
[2022-06-13T02:10:51.741+0000][1][safepoint    ] Entering safepoint region: RevokeBias
[2022-06-13T02:10:51.741+0000][1][safepoint    ] Leaving safepoint region
[2022-06-13T02:10:51.741+0000][1][safepoint    ] Total time for which application threads were stopped: 0.0002943 seconds, Stopping threads took: 0.0001408 seconds
[2022-06-13T02:10:51.741+0000][1][safepoint    ] Application time: 0.0004805 seconds
[2022-06-13T02:10:51.742+0000][1][safepoint    ] Entering safepoint region: RevokeBias
[2022-06-13T02:10:51.742+0000][1][safepoint    ] Leaving safepoint region
[2022-06-13T02:10:51.742+0000][1][safepoint    ] Total time for which application threads were stopped: 0.0002671 seconds, Stopping threads took: 0.0001164 seconds
[2022-06-13T02:10:51.742+0000][1][safepoint    ] Application time: 0.0000723 seconds
[2022-06-13T02:10:51.742+0000][1][safepoint    ] Entering safepoint region: RevokeBias
[2022-06-13T02:10:51.742+0000][1][safepoint    ] Leaving safepoint region
[2022-06-13T02:10:51.742+0000][1][safepoint    ] Total time for which application threads were stopped: 0.0002843 seconds, Stopping threads took: 0.0001249 seconds
[2022-06-13T02:10:51.743+0000][1][safepoint    ] Application time: 0.0001195 seconds
[2022-06-13T02:10:51.743+0000][1][safepoint    ] Entering safepoint region: RevokeBias
[2022-06-13T02:10:51.743+0000][1][safepoint    ] Leaving safepoint region
[2022-06-13T02:10:51.743+0000][1][safepoint    ] Total time for which application threads were stopped: 0.0002358 seconds, Stopping threads took: 0.0000969 seconds
[2022-06-13T02:10:51.743+0000][1][safepoint    ] Application time: 0.0001661 seconds
[2022-06-13T02:10:51.743+0000][1][safepoint    ] Entering safepoint region: RevokeBias
[2022-06-13T02:10:51.744+0000][1][safepoint    ] Leaving safepoint region
[2022-06-13T02:10:51.744+0000][1][safepoint    ] Total time for which application threads were stopped: 0.0002269 seconds, Stopping threads took: 0.0001002 seconds
[2022-06-13T02:10:51.744+0000][1][safepoint    ] Application time: 0.0002384 seconds
[2022-06-13T02:10:51.744+0000][1][safepoint    ] Entering safepoint region: RevokeBias
[2022-06-13T02:10:51.744+0000][1][safepoint    ] Leaving safepoint region
[2022-06-13T02:10:51.744+0000][1][safepoint    ] Total time for which application threads were stopped: 0.0002778 seconds, Stopping threads took: 0.0001066 seconds
[2022-06-13T02:10:51.745+0000][1][safepoint    ] Application time: 0.0003475 seconds
[2022-06-13T02:10:51.745+0000][1][safepoint    ] Entering safepoint region: RevokeBias
[2022-06-13T02:10:51.745+0000][1][safepoint    ] Leaving safepoint region
[2022-06-13T02:10:51.745+0000][1][safepoint    ] Total time for which application threads were stopped: 0.0002294 seconds, Stopping threads took: 0.0001074 seconds
[2022-06-13T02:10:51.745+0000][1][safepoint    ] Application time: 0.0000729 seconds
[2022-06-13T02:10:51.746+0000][1][safepoint    ] Entering safepoint region: RevokeBias
[2022-06-13T02:10:51.746+0000][1][safepoint    ] Leaving safepoint region
[2022-06-13T02:10:51.746+0000][1][safepoint    ] Total time for which application threads were stopped: 0.0003192 seconds, Stopping threads took: 0.0001429 seconds
[2022-06-13T02:10:51.747+0000][1][safepoint    ] Application time: 0.0006045 seconds
[2022-06-13T02:10:51.747+0000][1][safepoint    ] Entering safepoint region: RevokeBias
[2022-06-13T02:10:51.747+0000][1][safepoint    ] Leaving safepoint region
[2022-06-13T02:10:51.747+0000][1][safepoint    ] Total time for which application threads were stopped: 0.0003423 seconds, Stopping threads took: 0.0001656 seconds
[2022-06-13T02:10:51.748+0000][1][safepoint    ] Application time: 0.0011105 seconds
[2022-06-13T02:10:51.749+0000][1][safepoint    ] Entering safepoint region: RevokeBias
[2022-06-13T02:10:51.749+0000][1][safepoint    ] Leaving safepoint region
[2022-06-13T02:10:51.749+0000][1][safepoint    ] Total time for which application threads were stopped: 0.0003474 seconds, Stopping threads took: 0.0001543 seconds
[2022-06-13T02:10:51.749+0000][1][safepoint    ] Application time: 0.0001512 seconds
[2022-06-13T02:10:51.749+0000][1][safepoint    ] Entering safepoint region: RevokeBias
[2022-06-13T02:10:51.749+0000][1][safepoint    ] Leaving safepoint region
[2022-06-13T02:10:51.750+0000][1][safepoint    ] Total time for which application threads were stopped: 0.0003369 seconds, Stopping threads took: 0.0001303 seconds
[2022-06-13T02:10:51.752+0000][1][safepoint    ] Application time: 0.0024755 seconds
[2022-06-13T02:10:51.753+0000][1][safepoint    ] Entering safepoint region: Deoptimize
[2022-06-13T02:10:51.753+0000][1][safepoint    ] Leaving safepoint region
[2022-06-13T02:10:51.753+0000][1][safepoint    ] Total time for which application threads were stopped: 0.0008673 seconds, Stopping threads took: 0.0001412 seconds
[2022-06-13T02:10:51.794+0000][1][safepoint    ] Application time: 0.0409819 seconds
[2022-06-13T02:10:51.795+0000][1][safepoint    ] Entering safepoint region: BulkRevokeBias
[2022-06-13T02:10:51.795+0000][1][safepoint    ] Leaving safepoint region
[2022-06-13T02:10:51.795+0000][1][safepoint    ] Total time for which application threads were stopped: 0.0004398 seconds, Stopping threads took: 0.0001862 seconds
[2022-06-13T02:10:51.795+0000][1][safepoint    ] Application time: 0.0001084 seconds
[2022-06-13T02:10:51.796+0000][1][safepoint    ] Entering safepoint region: RevokeBias
[2022-06-13T02:10:51.796+0000][1][safepoint    ] Leaving safepoint region
[2022-06-13T02:10:51.796+0000][1][safepoint    ] Total time for which application threads were stopped: 0.0003420 seconds, Stopping threads took: 0.0001279 seconds
[2022-06-13T02:10:51.796+0000][1][safepoint    ] Application time: 0.0000931 seconds
[2022-06-13T02:10:51.796+0000][1][safepoint    ] Entering safepoint region: RevokeBias
[2022-06-13T02:10:51.796+0000][1][safepoint    ] Leaving safepoint region
[2022-06-13T02:10:51.797+0000][1][safepoint    ] Total time for which application threads were stopped: 0.0003099 seconds, Stopping threads took: 0.0001324 seconds
[2022-06-13T02:10:51.797+0000][1][safepoint    ] Application time: 0.0000825 seconds
[2022-06-13T02:10:51.797+0000][1][safepoint    ] Entering safepoint region: RevokeBias
[2022-06-13T02:10:51.797+0000][1][safepoint    ] Leaving safepoint region
[2022-06-13T02:10:51.797+0000][1][safepoint    ] Total time for which application threads were stopped: 0.0002703 seconds, Stopping threads took: 0.0001256 seconds
[2022-06-13T02:10:51.797+0000][1][safepoint    ] Application time: 0.0001453 seconds
[2022-06-13T02:10:51.798+0000][1][safepoint    ] Entering safepoint region: RevokeBias
[2022-06-13T02:10:51.798+0000][1][safepoint    ] Leaving safepoint region
[2022-06-13T02:10:51.798+0000][1][safepoint    ] Total time for which application threads were stopped: 0.0002884 seconds, Stopping threads took: 0.0001351 seconds
[2022-06-13T02:10:51.799+0000][1][safepoint    ] Application time: 0.0005972 seconds
[2022-06-13T02:10:51.799+0000][1][safepoint    ] Entering safepoint region: RevokeBias
[2022-06-13T02:10:51.799+0000][1][safepoint    ] Leaving safepoint region
[2022-06-13T02:10:51.799+0000][1][safepoint    ] Total time for which application threads were stopped: 0.0002576 seconds, Stopping threads took: 0.0001280 seconds
[2022-06-13T02:10:51.800+0000][1][safepoint    ] Application time: 0.0008173 seconds
[2022-06-13T02:10:51.800+0000][1][safepoint    ] Entering safepoint region: RevokeBias
[2022-06-13T02:10:51.800+0000][1][safepoint    ] Leaving safepoint region
[2022-06-13T02:10:51.800+0000][1][safepoint    ] Total time for which application threads were stopped: 0.0003012 seconds, Stopping threads took: 0.0001290 seconds
[2022-06-13T02:10:51.801+0000][1][safepoint    ] Application time: 0.0007553 seconds
[2022-06-13T02:10:51.801+0000][1][safepoint    ] Entering safepoint region: RevokeBias
[2022-06-13T02:10:51.802+0000][1][safepoint    ] Leaving safepoint region
[2022-06-13T02:10:51.802+0000][1][safepoint    ] Total time for which application threads were stopped: 0.0003404 seconds, Stopping threads took: 0.0001574 seconds
[2022-06-13T02:10:51.802+0000][1][safepoint    ] Application time: 0.0000510 seconds
[2022-06-13T02:10:51.802+0000][1][safepoint    ] Entering safepoint region: RevokeBias
[2022-06-13T02:10:51.802+0000][1][safepoint    ] Leaving safepoint region
[2022-06-13T02:10:51.802+0000][1][safepoint    ] Total time for which application threads were stopped: 0.0003219 seconds, Stopping threads took: 0.0001581 seconds
[2022-06-13T02:10:51.803+0000][1][safepoint    ] Application time: 0.0006887 seconds
[2022-06-13T02:10:51.803+0000][1][safepoint    ] Entering safepoint region: RevokeBias
[2022-06-13T02:10:51.804+0000][1][safepoint    ] Leaving safepoint region
[2022-06-13T02:10:51.804+0000][1][safepoint    ] Total time for which application threads were stopped: 0.0003711 seconds, Stopping threads took: 0.0001677 seconds
[2022-06-13T02:10:51.804+0000][1][safepoint    ] Application time: 0.0001294 seconds
[2022-06-13T02:10:51.804+0000][1][safepoint    ] Entering safepoint region: RevokeBias
[2022-06-13T02:10:51.804+0000][1][safepoint    ] Leaving safepoint region
[2022-06-13T02:10:51.804+0000][1][safepoint    ] Total time for which application threads were stopped: 0.0002782 seconds, Stopping threads took: 0.0001531 seconds
[2022-06-13T02:10:51.805+0000][1][safepoint    ] Application time: 0.0003626 seconds
[2022-06-13T02:10:51.805+0000][1][safepoint    ] Entering safepoint region: RevokeBias
[2022-06-13T02:10:51.805+0000][1][safepoint    ] Leaving safepoint region
[2022-06-13T02:10:51.805+0000][1][safepoint    ] Total time for which application threads were stopped: 0.0002422 seconds, Stopping threads took: 0.0001222 seconds
[2022-06-13T02:10:51.805+0000][1][safepoint    ] Application time: 0.0001165 seconds
[2022-06-13T02:10:51.806+0000][1][safepoint    ] Entering safepoint region: RevokeBias
[2022-06-13T02:10:51.806+0000][1][safepoint    ] Leaving safepoint region
[2022-06-13T02:10:51.806+0000][1][safepoint    ] Total time for which application threads were stopped: 0.0002292 seconds, Stopping threads took: 0.0001117 seconds
[2022-06-13T02:10:51.807+0000][1][safepoint    ] Application time: 0.0013594 seconds
[2022-06-13T02:10:51.808+0000][1][safepoint    ] Entering safepoint region: RevokeBias
[2022-06-13T02:10:51.808+0000][1][safepoint    ] Leaving safepoint region
[2022-06-13T02:10:51.808+0000][1][safepoint    ] Total time for which application threads were stopped: 0.0003225 seconds, Stopping threads took: 0.0001762 seconds
[2022-06-13T02:10:51.810+0000][1][safepoint    ] Application time: 0.0023936 seconds
[2022-06-13T02:10:51.811+0000][1][safepoint    ] Entering safepoint region: RevokeBias
[2022-06-13T02:10:51.811+0000][1][safepoint    ] Leaving safepoint region
[2022-06-13T02:10:51.811+0000][1][safepoint    ] Total time for which application threads were stopped: 0.0003228 seconds, Stopping threads took: 0.0001484 seconds
[2022-06-13T02:10:51.815+0000][1][safepoint    ] Application time: 0.0041355 seconds
[2022-06-13T02:10:51.816+0000][1][safepoint    ] Entering safepoint region: RevokeBias
[2022-06-13T02:10:51.816+0000][1][safepoint    ] Leaving safepoint region
[2022-06-13T02:10:51.816+0000][1][safepoint    ] Total time for which application threads were stopped: 0.0002887 seconds, Stopping threads took: 0.0001312 seconds
[2022-06-13T02:10:51.816+0000][1][safepoint    ] Application time: 0.0003748 seconds
[2022-06-13T02:10:51.816+0000][1][safepoint    ] Entering safepoint region: RevokeBias
[2022-06-13T02:10:51.817+0000][1][safepoint    ] Leaving safepoint region
[2022-06-13T02:10:51.817+0000][1][safepoint    ] Total time for which application threads were stopped: 0.0002438 seconds, Stopping threads took: 0.0001056 seconds
[2022-06-13T02:10:51.817+0000][1][safepoint    ] Application time: 0.0003667 seconds
[2022-06-13T02:10:51.817+0000][1][safepoint    ] Entering safepoint region: RevokeBias
[2022-06-13T02:10:51.817+0000][1][safepoint    ] Leaving safepoint region
[2022-06-13T02:10:51.818+0000][1][safepoint    ] Total time for which application threads were stopped: 0.0002487 seconds, Stopping threads took: 0.0001220 seconds
[2022-06-13T02:10:51.818+0000][1][safepoint    ] Application time: 0.0001983 seconds
[2022-06-13T02:10:51.818+0000][1][safepoint    ] Entering safepoint region: RevokeBias
[2022-06-13T02:10:51.818+0000][1][safepoint    ] Leaving safepoint region
[2022-06-13T02:10:51.818+0000][1][safepoint    ] Total time for which application threads were stopped: 0.0005097 seconds, Stopping threads took: 0.0003732 seconds
[2022-06-13T02:10:51.819+0000][1][safepoint    ] Application time: 0.0002342 seconds
[2022-06-13T02:10:51.819+0000][1][safepoint    ] Entering safepoint region: RevokeBias
[2022-06-13T02:10:51.819+0000][1][safepoint    ] Leaving safepoint region
[2022-06-13T02:10:51.819+0000][1][safepoint    ] Total time for which application threads were stopped: 0.0003343 seconds, Stopping threads took: 0.0001315 seconds
[2022-06-13T02:10:51.820+0000][1][safepoint    ] Application time: 0.0001945 seconds
[2022-06-13T02:10:51.820+0000][1][safepoint    ] Entering safepoint region: RevokeBias
[2022-06-13T02:10:51.820+0000][1][safepoint    ] Leaving safepoint region
[2022-06-13T02:10:51.820+0000][1][safepoint    ] Total time for which application threads were stopped: 0.0003357 seconds, Stopping threads took: 0.0001423 seconds
[2022-06-13T02:10:51.820+0000][1][safepoint    ] Application time: 0.0001962 seconds
[2022-06-13T02:10:51.821+0000][1][safepoint    ] Entering safepoint region: RevokeBias
[2022-06-13T02:10:51.821+0000][1][safepoint    ] Leaving safepoint region
[2022-06-13T02:10:51.821+0000][1][safepoint    ] Total time for which application threads were stopped: 0.0003051 seconds, Stopping threads took: 0.0001410 seconds
[2022-06-13T02:10:51.821+0000][1][safepoint    ] Application time: 0.0002523 seconds
[2022-06-13T02:10:51.821+0000][1][safepoint    ] Entering safepoint region: RevokeBias
[2022-06-13T02:10:51.822+0000][1][safepoint    ] Leaving safepoint region
[2022-06-13T02:10:51.822+0000][1][safepoint    ] Total time for which application threads were stopped: 0.0002907 seconds, Stopping threads took: 0.0001374 seconds
[2022-06-13T02:10:51.822+0000][1][safepoint    ] Application time: 0.0001403 seconds
[2022-06-13T02:10:51.822+0000][1][safepoint    ] Entering safepoint region: RevokeBias
[2022-06-13T02:10:51.822+0000][1][safepoint    ] Leaving safepoint region
[2022-06-13T02:10:51.822+0000][1][safepoint    ] Total time for which application threads were stopped: 0.0003137 seconds, Stopping threads took: 0.0001443 seconds
[2022-06-13T02:10:51.823+0000][1][safepoint    ] Application time: 0.0001618 seconds
[2022-06-13T02:10:51.823+0000][1][safepoint    ] Entering safepoint region: RevokeBias
[2022-06-13T02:10:51.823+0000][1][safepoint    ] Leaving safepoint region
[2022-06-13T02:10:51.823+0000][1][safepoint    ] Total time for which application threads were stopped: 0.0003135 seconds, Stopping threads took: 0.0001274 seconds
[2022-06-13T02:10:51.824+0000][1][safepoint    ] Application time: 0.0001289 seconds
[2022-06-13T02:10:51.824+0000][1][safepoint    ] Entering safepoint region: RevokeBias
[2022-06-13T02:10:51.824+0000][1][safepoint    ] Leaving safepoint region
[2022-06-13T02:10:51.824+0000][1][safepoint    ] Total time for which application threads were stopped: 0.0002370 seconds, Stopping threads took: 0.0001166 seconds
[2022-06-13T02:10:51.829+0000][1][safepoint    ] Application time: 0.0052748 seconds
[2022-06-13T02:10:51.830+0000][1][safepoint    ] Entering safepoint region: RevokeBias
[2022-06-13T02:10:51.830+0000][1][safepoint    ] Leaving safepoint region
[2022-06-13T02:10:51.830+0000][1][safepoint    ] Total time for which application threads were stopped: 0.0002911 seconds, Stopping threads took: 0.0001268 seconds
[2022-06-13T02:10:51.831+0000][1][safepoint    ] Application time: 0.0006663 seconds
[2022-06-13T02:10:51.831+0000][1][safepoint    ] Entering safepoint region: RevokeBias
[2022-06-13T02:10:51.831+0000][1][safepoint    ] Leaving safepoint region
[2022-06-13T02:10:51.831+0000][1][safepoint    ] Total time for which application threads were stopped: 0.0002773 seconds, Stopping threads took: 0.0001287 seconds
[2022-06-13T02:10:51.831+0000][1][safepoint    ] Application time: 0.0001459 seconds
[2022-06-13T02:10:51.832+0000][1][safepoint    ] Entering safepoint region: RevokeBias
[2022-06-13T02:10:51.832+0000][1][safepoint    ] Leaving safepoint region
[2022-06-13T02:10:51.832+0000][1][safepoint    ] Total time for which application threads were stopped: 0.0002885 seconds, Stopping threads took: 0.0001237 seconds
[2022-06-13T02:10:51.832+0000][1][safepoint    ] Application time: 0.0003972 seconds
[2022-06-13T02:10:51.832+0000][1][safepoint    ] Entering safepoint region: RevokeBias
[2022-06-13T02:10:51.833+0000][1][safepoint    ] Leaving safepoint region
[2022-06-13T02:10:51.833+0000][1][safepoint    ] Total time for which application threads were stopped: 0.0002865 seconds, Stopping threads took: 0.0001287 seconds
[2022-06-13T02:10:51.833+0000][1][safepoint    ] Application time: 0.0001670 seconds
[2022-06-13T02:10:51.833+0000][1][safepoint    ] Entering safepoint region: RevokeBias
[2022-06-13T02:10:51.833+0000][1][safepoint    ] Leaving safepoint region
[2022-06-13T02:10:51.834+0000][1][safepoint    ] Total time for which application threads were stopped: 0.0003488 seconds, Stopping threads took: 0.0001957 seconds
[2022-06-13T02:10:51.834+0000][1][safepoint    ] Application time: 0.0002176 seconds
[2022-06-13T02:10:51.834+0000][1][safepoint    ] Entering safepoint region: BulkRevokeBias
[2022-06-13T02:10:51.834+0000][1][safepoint    ] Leaving safepoint region
[2022-06-13T02:10:51.835+0000][1][safepoint    ] Total time for which application threads were stopped: 0.0005766 seconds, Stopping threads took: 0.0001307 seconds
[2022-06-13T02:10:51.835+0000][1][safepoint    ] Application time: 0.0001689 seconds
[2022-06-13T02:10:51.835+0000][1][safepoint    ] Entering safepoint region: RevokeBias
[2022-06-13T02:10:51.835+0000][1][safepoint    ] Leaving safepoint region
[2022-06-13T02:10:51.835+0000][1][safepoint    ] Total time for which application threads were stopped: 0.0004020 seconds, Stopping threads took: 0.0001409 seconds
[2022-06-13T02:10:51.839+0000][1][safepoint    ] Application time: 0.0037342 seconds
[2022-06-13T02:10:51.840+0000][1][safepoint    ] Entering safepoint region: RevokeBias
[2022-06-13T02:10:51.840+0000][1][safepoint    ] Leaving safepoint region
[2022-06-13T02:10:51.840+0000][1][safepoint    ] Total time for which application threads were stopped: 0.0003631 seconds, Stopping threads took: 0.0001869 seconds
[2022-06-13T02:10:51.840+0000][1][safepoint    ] Application time: 0.0002813 seconds
[2022-06-13T02:10:51.841+0000][1][safepoint    ] Entering safepoint region: RevokeBias
[2022-06-13T02:10:51.841+0000][1][safepoint    ] Leaving safepoint region
[2022-06-13T02:10:51.841+0000][1][safepoint    ] Total time for which application threads were stopped: 0.0004193 seconds, Stopping threads took: 0.0002382 seconds
[2022-06-13T02:10:51.841+0000][1][safepoint    ] Application time: 0.0001035 seconds
[2022-06-13T02:10:51.841+0000][1][safepoint    ] Entering safepoint region: RevokeBias
[2022-06-13T02:10:51.841+0000][1][safepoint    ] Leaving safepoint region
[2022-06-13T02:10:51.841+0000][1][safepoint    ] Total time for which application threads were stopped: 0.0002559 seconds, Stopping threads took: 0.0001229 seconds
[2022-06-13T02:10:51.842+0000][1][safepoint    ] Application time: 0.0001862 seconds
[2022-06-13T02:10:51.842+0000][1][safepoint    ] Entering safepoint region: RevokeBias
[2022-06-13T02:10:51.842+0000][1][safepoint    ] Leaving safepoint region
[2022-06-13T02:10:51.842+0000][1][safepoint    ] Total time for which application threads were stopped: 0.0003148 seconds, Stopping threads took: 0.0001421 seconds
[2022-06-13T02:10:51.843+0000][1][safepoint    ] Application time: 0.0002509 seconds
[2022-06-13T02:10:51.843+0000][1][safepoint    ] Entering safepoint region: RevokeBias
[2022-06-13T02:10:51.843+0000][1][safepoint    ] Leaving safepoint region
[2022-06-13T02:10:51.843+0000][1][safepoint    ] Total time for which application threads were stopped: 0.0003146 seconds, Stopping threads took: 0.0001709 seconds
[2022-06-13T02:10:51.843+0000][1][safepoint    ] Application time: 0.0001668 seconds
[2022-06-13T02:10:51.844+0000][1][safepoint    ] Entering safepoint region: RevokeBias
[2022-06-13T02:10:51.844+0000][1][safepoint    ] Leaving safepoint region
[2022-06-13T02:10:51.844+0000][1][safepoint    ] Total time for which application threads were stopped: 0.0003238 seconds, Stopping threads took: 0.0001915 seconds
[2022-06-13T02:10:51.844+0000][1][safepoint    ] Application time: 0.0002394 seconds
[2022-06-13T02:10:51.844+0000][1][safepoint    ] Entering safepoint region: RevokeBias
[2022-06-13T02:10:51.844+0000][1][safepoint    ] Leaving safepoint region
[2022-06-13T02:10:51.845+0000][1][safepoint    ] Total time for which application threads were stopped: 0.0002902 seconds, Stopping threads took: 0.0001751 seconds
[2022-06-13T02:10:51.849+0000][1][safepoint    ] Application time: 0.0044955 seconds
[2022-06-13T02:10:51.850+0000][1][safepoint    ] Entering safepoint region: RevokeBias
[2022-06-13T02:10:51.850+0000][1][safepoint    ] Leaving safepoint region
[2022-06-13T02:10:51.850+0000][1][safepoint    ] Total time for which application threads were stopped: 0.0003129 seconds, Stopping threads took: 0.0001454 seconds
[2022-06-13T02:10:51.850+0000][1][safepoint    ] Application time: 0.0002058 seconds
[2022-06-13T02:10:51.850+0000][1][safepoint    ] Entering safepoint region: RevokeBias
[2022-06-13T02:10:51.851+0000][1][safepoint    ] Leaving safepoint region
[2022-06-13T02:10:51.851+0000][1][safepoint    ] Total time for which application threads were stopped: 0.0003285 seconds, Stopping threads took: 0.0001639 seconds
[2022-06-13T02:10:51.851+0000][1][safepoint    ] Application time: 0.0002642 seconds
[2022-06-13T02:10:51.851+0000][1][safepoint    ] Entering safepoint region: RevokeBias
[2022-06-13T02:10:51.851+0000][1][safepoint    ] Leaving safepoint region
[2022-06-13T02:10:51.851+0000][1][safepoint    ] Total time for which application threads were stopped: 0.0002592 seconds, Stopping threads took: 0.0001172 seconds
[2022-06-13T02:10:51.852+0000][1][safepoint    ] Application time: 0.0001365 seconds
[2022-06-13T02:10:51.852+0000][1][safepoint    ] Entering safepoint region: RevokeBias
[2022-06-13T02:10:51.852+0000][1][safepoint    ] Leaving safepoint region
[2022-06-13T02:10:51.852+0000][1][safepoint    ] Total time for which application threads were stopped: 0.0002533 seconds, Stopping threads took: 0.0001331 seconds
[2022-06-13T02:10:51.852+0000][1][safepoint    ] Application time: 0.0003323 seconds
[2022-06-13T02:10:51.853+0000][1][safepoint    ] Entering safepoint region: RevokeBias
[2022-06-13T02:10:51.853+0000][1][safepoint    ] Leaving safepoint region
[2022-06-13T02:10:51.853+0000][1][safepoint    ] Total time for which application threads were stopped: 0.0003329 seconds, Stopping threads took: 0.0001486 seconds
[2022-06-13T02:10:51.853+0000][1][safepoint    ] Application time: 0.0002340 seconds
[2022-06-13T02:10:51.854+0000][1][safepoint    ] Entering safepoint region: RevokeBias
[2022-06-13T02:10:51.854+0000][1][safepoint    ] Leaving safepoint region
[2022-06-13T02:10:51.854+0000][1][safepoint    ] Total time for which application threads were stopped: 0.0005913 seconds, Stopping threads took: 0.0004044 seconds
[2022-06-13T02:10:51.854+0000][1][safepoint    ] Application time: 0.0001121 seconds
[2022-06-13T02:10:51.855+0000][1][safepoint    ] Entering safepoint region: RevokeBias
[2022-06-13T02:10:51.855+0000][1][safepoint    ] Leaving safepoint region
[2022-06-13T02:10:51.855+0000][1][safepoint    ] Total time for which application threads were stopped: 0.0003462 seconds, Stopping threads took: 0.0002175 seconds
[2022-06-13T02:10:51.855+0000][1][safepoint    ] Application time: 0.0002628 seconds
[2022-06-13T02:10:51.855+0000][1][safepoint    ] Entering safepoint region: RevokeBias
[2022-06-13T02:10:51.856+0000][1][safepoint    ] Leaving safepoint region
[2022-06-13T02:10:51.856+0000][1][safepoint    ] Total time for which application threads were stopped: 0.0002984 seconds, Stopping threads took: 0.0001503 seconds
[2022-06-13T02:10:51.857+0000][1][safepoint    ] Application time: 0.0008781 seconds
[2022-06-13T02:10:51.857+0000][1][safepoint    ] Entering safepoint region: RevokeBias
[2022-06-13T02:10:51.857+0000][1][safepoint    ] Leaving safepoint region
[2022-06-13T02:10:51.857+0000][1][safepoint    ] Total time for which application threads were stopped: 0.0002026 seconds, Stopping threads took: 0.0000861 seconds
[2022-06-13T02:10:51.857+0000][1][safepoint    ] Application time: 0.0002447 seconds
[2022-06-13T02:10:51.857+0000][1][safepoint    ] Entering safepoint region: RevokeBias
[2022-06-13T02:10:51.858+0000][1][safepoint    ] Leaving safepoint region
[2022-06-13T02:10:51.858+0000][1][safepoint    ] Total time for which application threads were stopped: 0.0001914 seconds, Stopping threads took: 0.0000881 seconds
[2022-06-13T02:10:51.858+0000][1][safepoint    ] Application time: 0.0001923 seconds
[2022-06-13T02:10:51.858+0000][1][safepoint    ] Entering safepoint region: RevokeBias
[2022-06-13T02:10:51.858+0000][1][safepoint    ] Leaving safepoint region
[2022-06-13T02:10:51.858+0000][1][safepoint    ] Total time for which application threads were stopped: 0.0001730 seconds, Stopping threads took: 0.0000814 seconds
[2022-06-13T02:10:51.860+0000][1][safepoint    ] Application time: 0.0013602 seconds
[2022-06-13T02:10:51.860+0000][1][safepoint    ] Entering safepoint region: RevokeBias
[2022-06-13T02:10:51.860+0000][1][safepoint    ] Leaving safepoint region
[2022-06-13T02:10:51.860+0000][1][safepoint    ] Total time for which application threads were stopped: 0.0003446 seconds, Stopping threads took: 0.0001580 seconds
[2022-06-13T02:10:51.862+0000][1][safepoint    ] Application time: 0.0019623 seconds
[2022-06-13T02:10:51.863+0000][1][safepoint    ] Entering safepoint region: RevokeBias
[2022-06-13T02:10:51.863+0000][1][safepoint    ] Leaving safepoint region
[2022-06-13T02:10:51.863+0000][1][safepoint    ] Total time for which application threads were stopped: 0.0003046 seconds, Stopping threads took: 0.0001338 seconds
[2022-06-13T02:10:51.864+0000][1][safepoint    ] Application time: 0.0012499 seconds
[2022-06-13T02:10:51.865+0000][1][safepoint    ] Entering safepoint region: RevokeBias
[2022-06-13T02:10:51.865+0000][1][safepoint    ] Leaving safepoint region
[2022-06-13T02:10:51.865+0000][1][safepoint    ] Total time for which application threads were stopped: 0.0002781 seconds, Stopping threads took: 0.0001256 seconds
[2022-06-13T02:10:51.868+0000][1][safepoint    ] Application time: 0.0026509 seconds
[2022-06-13T02:10:51.868+0000][1][safepoint    ] Entering safepoint region: RevokeBias
[2022-06-13T02:10:51.868+0000][1][safepoint    ] Leaving safepoint region
[2022-06-13T02:10:51.868+0000][1][safepoint    ] Total time for which application threads were stopped: 0.0003319 seconds, Stopping threads took: 0.0001603 seconds
[2022-06-13T02:10:51.868+0000][1][safepoint    ] Application time: 0.0000749 seconds
[2022-06-13T02:10:51.868+0000][1][safepoint    ] Entering safepoint region: RevokeBias
[2022-06-13T02:10:51.869+0000][1][safepoint    ] Leaving safepoint region
[2022-06-13T02:10:51.869+0000][1][safepoint    ] Total time for which application threads were stopped: 0.0002132 seconds, Stopping threads took: 0.0000954 seconds
[2022-06-13T02:10:51.869+0000][1][safepoint    ] Application time: 0.0000782 seconds
[2022-06-13T02:10:51.869+0000][1][safepoint    ] Entering safepoint region: RevokeBias
[2022-06-13T02:10:51.869+0000][1][safepoint    ] Leaving safepoint region
[2022-06-13T02:10:51.869+0000][1][safepoint    ] Total time for which application threads were stopped: 0.0002985 seconds, Stopping threads took: 0.0000999 seconds
[2022-06-13T02:10:51.870+0000][1][safepoint    ] Application time: 0.0005980 seconds
[2022-06-13T02:10:51.870+0000][1][safepoint    ] Entering safepoint region: RevokeBias
[2022-06-13T02:10:51.870+0000][1][safepoint    ] Leaving safepoint region
[2022-06-13T02:10:51.870+0000][1][safepoint    ] Total time for which application threads were stopped: 0.0002978 seconds, Stopping threads took: 0.0001389 seconds
[2022-06-13T02:10:51.871+0000][1][safepoint    ] Application time: 0.0000853 seconds
[2022-06-13T02:10:51.871+0000][1][safepoint    ] Entering safepoint region: RevokeBias
[2022-06-13T02:10:51.871+0000][1][safepoint    ] Leaving safepoint region
[2022-06-13T02:10:51.871+0000][1][safepoint    ] Total time for which application threads were stopped: 0.0002389 seconds, Stopping threads took: 0.0001128 seconds
[2022-06-13T02:10:51.871+0000][1][safepoint    ] Application time: 0.0000674 seconds
[2022-06-13T02:10:51.871+0000][1][safepoint    ] Entering safepoint region: RevokeBias
[2022-06-13T02:10:51.871+0000][1][safepoint    ] Leaving safepoint region
[2022-06-13T02:10:51.871+0000][1][safepoint    ] Total time for which application threads were stopped: 0.0002468 seconds, Stopping threads took: 0.0000953 seconds
[2022-06-13T02:10:51.872+0000][1][safepoint    ] Application time: 0.0004507 seconds
[2022-06-13T02:10:51.872+0000][1][safepoint    ] Entering safepoint region: RevokeBias
[2022-06-13T02:10:51.872+0000][1][safepoint    ] Leaving safepoint region
[2022-06-13T02:10:51.872+0000][1][safepoint    ] Total time for which application threads were stopped: 0.0002306 seconds, Stopping threads took: 0.0001139 seconds
[2022-06-13T02:10:51.873+0000][1][safepoint    ] Application time: 0.0004153 seconds
[2022-06-13T02:10:51.873+0000][1][safepoint    ] Entering safepoint region: RevokeBias
[2022-06-13T02:10:51.873+0000][1][safepoint    ] Leaving safepoint region
[2022-06-13T02:10:51.873+0000][1][safepoint    ] Total time for which application threads were stopped: 0.0002060 seconds, Stopping threads took: 0.0000993 seconds
[2022-06-13T02:10:51.874+0000][1][safepoint    ] Application time: 0.0003654 seconds
[2022-06-13T02:10:51.874+0000][1][safepoint    ] Entering safepoint region: RevokeBias
[2022-06-13T02:10:51.874+0000][1][safepoint    ] Leaving safepoint region
[2022-06-13T02:10:51.874+0000][1][safepoint    ] Total time for which application threads were stopped: 0.0002191 seconds, Stopping threads took: 0.0000973 seconds
[2022-06-13T02:10:51.875+0000][1][safepoint    ] Application time: 0.0006049 seconds
[2022-06-13T02:10:51.875+0000][1][safepoint    ] Entering safepoint region: RevokeBias
[2022-06-13T02:10:51.875+0000][1][safepoint    ] Leaving safepoint region
[2022-06-13T02:10:51.875+0000][1][safepoint    ] Total time for which application threads were stopped: 0.0003661 seconds, Stopping threads took: 0.0001682 seconds
[2022-06-13T02:10:51.876+0000][1][safepoint    ] Application time: 0.0002688 seconds
[2022-06-13T02:10:51.876+0000][1][safepoint    ] Entering safepoint region: RevokeBias
[2022-06-13T02:10:51.876+0000][1][safepoint    ] Leaving safepoint region
[2022-06-13T02:10:51.876+0000][1][safepoint    ] Total time for which application threads were stopped: 0.0003147 seconds, Stopping threads took: 0.0001503 seconds
[2022-06-13T02:10:51.877+0000][1][safepoint    ] Application time: 0.0007440 seconds
[2022-06-13T02:10:51.877+0000][1][safepoint    ] Entering safepoint region: RevokeBias
[2022-06-13T02:10:51.877+0000][1][safepoint    ] Leaving safepoint region
[2022-06-13T02:10:51.877+0000][1][safepoint    ] Total time for which application threads were stopped: 0.0002568 seconds, Stopping threads took: 0.0001292 seconds
[2022-06-13T02:10:51.878+0000][1][safepoint    ] Application time: 0.0002565 seconds
[2022-06-13T02:10:51.878+0000][1][safepoint    ] Entering safepoint region: RevokeBias
[2022-06-13T02:10:51.878+0000][1][safepoint    ] Leaving safepoint region
[2022-06-13T02:10:51.878+0000][1][safepoint    ] Total time for which application threads were stopped: 0.0002702 seconds, Stopping threads took: 0.0001353 seconds
[2022-06-13T02:10:51.878+0000][1][safepoint    ] Application time: 0.0001425 seconds
[2022-06-13T02:10:51.879+0000][1][safepoint    ] Entering safepoint region: RevokeBias
[2022-06-13T02:10:51.879+0000][1][safepoint    ] Leaving safepoint region
[2022-06-13T02:10:51.879+0000][1][safepoint    ] Total time for which application threads were stopped: 0.0002370 seconds, Stopping threads took: 0.0001236 seconds
[2022-06-13T02:10:51.879+0000][1][safepoint    ] Application time: 0.0004262 seconds
[2022-06-13T02:10:51.879+0000][1][safepoint    ] Entering safepoint region: RevokeBias
[2022-06-13T02:10:51.880+0000][1][safepoint    ] Leaving safepoint region
[2022-06-13T02:10:51.880+0000][1][safepoint    ] Total time for which application threads were stopped: 0.0002108 seconds, Stopping threads took: 0.0001079 seconds
[2022-06-13T02:10:51.880+0000][1][safepoint    ] Application time: 0.0005359 seconds
[2022-06-13T02:10:51.880+0000][1][safepoint    ] Entering safepoint region: RevokeBias
[2022-06-13T02:10:51.881+0000][1][safepoint    ] Leaving safepoint region
[2022-06-13T02:10:51.881+0000][1][safepoint    ] Total time for which application threads were stopped: 0.0002662 seconds, Stopping threads took: 0.0001324 seconds
[2022-06-13T02:10:51.881+0000][1][safepoint    ] Application time: 0.0003993 seconds
[2022-06-13T02:10:51.881+0000][1][safepoint    ] Entering safepoint region: BulkRevokeBias
[2022-06-13T02:10:51.882+0000][1][safepoint    ] Leaving safepoint region
[2022-06-13T02:10:51.882+0000][1][safepoint    ] Total time for which application threads were stopped: 0.0003770 seconds, Stopping threads took: 0.0001577 seconds
[2022-06-13T02:10:51.884+0000][1][safepoint    ] Application time: 0.0016385 seconds
[2022-06-13T02:10:51.884+0000][1][safepoint    ] Entering safepoint region: RevokeBias
[2022-06-13T02:10:51.885+0000][1][safepoint    ] Leaving safepoint region
[2022-06-13T02:10:51.885+0000][1][safepoint    ] Total time for which application threads were stopped: 0.0003720 seconds, Stopping threads took: 0.0001713 seconds
[2022-06-13T02:10:51.885+0000][1][safepoint    ] Application time: 0.0002426 seconds
[2022-06-13T02:10:51.885+0000][1][safepoint    ] Entering safepoint region: RevokeBias
[2022-06-13T02:10:51.885+0000][1][safepoint    ] Leaving safepoint region
[2022-06-13T02:10:51.886+0000][1][safepoint    ] Total time for which application threads were stopped: 0.0003279 seconds, Stopping threads took: 0.0001557 seconds
[2022-06-13T02:10:51.886+0000][1][safepoint    ] Application time: 0.0001233 seconds
[2022-06-13T02:10:51.886+0000][1][safepoint    ] Entering safepoint region: RevokeBias
[2022-06-13T02:10:51.886+0000][1][safepoint    ] Leaving safepoint region
[2022-06-13T02:10:51.886+0000][1][safepoint    ] Total time for which application threads were stopped: 0.0003144 seconds, Stopping threads took: 0.0001435 seconds
[2022-06-13T02:10:51.886+0000][1][safepoint    ] Application time: 0.0001011 seconds
[2022-06-13T02:10:51.887+0000][1][safepoint    ] Entering safepoint region: RevokeBias
[2022-06-13T02:10:51.887+0000][1][safepoint    ] Leaving safepoint region
[2022-06-13T02:10:51.887+0000][1][safepoint    ] Total time for which application threads were stopped: 0.0004006 seconds, Stopping threads took: 0.0001772 seconds
[2022-06-13T02:10:51.888+0000][1][safepoint    ] Application time: 0.0003931 seconds
[2022-06-13T02:10:51.888+0000][1][safepoint    ] Entering safepoint region: RevokeBias
[2022-06-13T02:10:51.888+0000][1][safepoint    ] Leaving safepoint region
[2022-06-13T02:10:51.888+0000][1][safepoint    ] Total time for which application threads were stopped: 0.0003000 seconds, Stopping threads took: 0.0001284 seconds
[2022-06-13T02:10:51.895+0000][1][gc,heap,exit ] Heap
[2022-06-13T02:10:51.895+0000][1][gc,heap,exit ]  par new generation   total 78656K, used 28686K [0x00000000f0000000, 0x00000000f5550000, 0x00000000f5550000)
[2022-06-13T02:10:51.895+0000][1][gc,heap,exit ]   eden space 69952K,  29% used [0x00000000f0000000, 0x00000000f144d078, 0x00000000f4450000)
[2022-06-13T02:10:51.895+0000][1][gc,heap,exit ]   from space 8704K,  90% used [0x00000000f4450000, 0x00000000f4c06800, 0x00000000f4cd0000)
[2022-06-13T02:10:51.895+0000][1][gc,heap,exit ]   to   space 8704K,   0% used [0x00000000f4cd0000, 0x00000000f4cd0000, 0x00000000f5550000)
[2022-06-13T02:10:51.895+0000][1][gc,heap,exit ]  concurrent mark-sweep generation total 174784K, used 63256K [0x00000000f5550000, 0x0000000100000000, 0x0000000100000000)
[2022-06-13T02:10:51.896+0000][1][gc,heap,exit ]  Metaspace       used 63567K, capacity 68376K, committed 68700K, reserved 1107968K
[2022-06-13T02:10:51.896+0000][1][gc,heap,exit ]   class space    used 8646K, capacity 10667K, committed 10764K, reserved 1048576K
[2022-06-13T02:10:51.896+0000][1][safepoint    ] Application time: 0.0079170 seconds
[2022-06-13T02:10:51.896+0000][1][safepoint    ] Entering safepoint region: Exit
