[2022-06-13T02:31:27.085+0000][1][gc] Using Concurrent Mark Sweep
[2022-06-13T02:31:27.086+0000][1][gc,heap,coops] Heap address: 0x00000000f0000000, size: 256 MB, Compressed Oops mode: 32-bit
[2022-06-13T02:31:27.114+0000][1][safepoint    ] Entering safepoint region: EnableBiasedLocking
[2022-06-13T02:31:27.115+0000][1][safepoint    ] Leaving safepoint region
[2022-06-13T02:31:27.115+0000][1][safepoint    ] Total time for which application threads were stopped: 0.0005932 seconds, Stopping threads took: 0.0003500 seconds
[2022-06-13T02:31:27.118+0000][1][safepoint    ] Application time: 0.0024913 seconds
[2022-06-13T02:31:27.118+0000][1][safepoint    ] Entering safepoint region: RevokeBias
[2022-06-13T02:31:27.153+0000][1][safepoint    ] Leaving safepoint region
[2022-06-13T02:31:27.154+0000][1][safepoint    ] Total time for which application threads were stopped: 0.0357115 seconds, Stopping threads took: 0.0351763 seconds
[2022-06-13T02:31:27.161+0000][1][safepoint    ] Application time: 0.0070000 seconds
[2022-06-13T02:31:27.161+0000][1][safepoint    ] Entering safepoint region: Deoptimize
[2022-06-13T02:31:27.162+0000][1][safepoint    ] Leaving safepoint region
[2022-06-13T02:31:27.162+0000][1][safepoint    ] Total time for which application threads were stopped: 0.0006157 seconds, Stopping threads took: 0.0002373 seconds
[2022-06-13T02:31:27.222+0000][1][safepoint    ] Application time: 0.0594103 seconds
[2022-06-13T02:31:27.222+0000][1][safepoint    ] Entering safepoint region: RevokeBias
[2022-06-13T02:31:27.223+0000][1][safepoint    ] Leaving safepoint region
[2022-06-13T02:31:27.223+0000][1][safepoint    ] Total time for which application threads were stopped: 0.0005201 seconds, Stopping threads took: 0.0002715 seconds
[2022-06-13T02:31:27.241+0000][1][safepoint    ] Application time: 0.0180369 seconds
[2022-06-13T02:31:27.241+0000][1][safepoint    ] Entering safepoint region: Deoptimize
[2022-06-13T02:31:27.241+0000][1][safepoint    ] Leaving safepoint region
[2022-06-13T02:31:27.241+0000][1][safepoint    ] Total time for which application threads were stopped: 0.0002128 seconds, Stopping threads took: 0.0000927 seconds
[2022-06-13T02:31:27.427+0000][1][safepoint    ] Application time: 0.1851858 seconds
[2022-06-13T02:31:27.427+0000][1][safepoint    ] Entering safepoint region: Deoptimize
[2022-06-13T02:31:27.427+0000][1][safepoint    ] Leaving safepoint region
[2022-06-13T02:31:27.427+0000][1][safepoint    ] Total time for which application threads were stopped: 0.0003443 seconds, Stopping threads took: 0.0000958 seconds
[2022-06-13T02:31:27.456+0000][1][safepoint    ] Application time: 0.0288369 seconds
[2022-06-13T02:31:27.456+0000][1][safepoint    ] Entering safepoint region: Deoptimize
[2022-06-13T02:31:27.457+0000][1][safepoint    ] Leaving safepoint region
[2022-06-13T02:31:27.457+0000][1][safepoint    ] Total time for which application threads were stopped: 0.0003930 seconds, Stopping threads took: 0.0001293 seconds
[2022-06-13T02:31:27.463+0000][1][safepoint    ] Application time: 0.0061112 seconds
[2022-06-13T02:31:27.463+0000][1][safepoint    ] Entering safepoint region: Deoptimize
[2022-06-13T02:31:27.463+0000][1][safepoint    ] Leaving safepoint region
[2022-06-13T02:31:27.463+0000][1][safepoint    ] Total time for which application threads were stopped: 0.0002996 seconds, Stopping threads took: 0.0000914 seconds
[2022-06-13T02:31:27.711+0000][1][safepoint    ] Application time: 0.2472079 seconds
[2022-06-13T02:31:27.711+0000][1][safepoint    ] Entering safepoint region: Deoptimize
[2022-06-13T02:31:27.711+0000][1][safepoint    ] Leaving safepoint region
[2022-06-13T02:31:27.711+0000][1][safepoint    ] Total time for which application threads were stopped: 0.0005578 seconds, Stopping threads took: 0.0001302 seconds
[2022-06-13T02:31:27.872+0000][1][safepoint    ] Application time: 0.1599426 seconds
[2022-06-13T02:31:27.872+0000][1][safepoint    ] Entering safepoint region: RevokeBias
[2022-06-13T02:31:27.872+0000][1][safepoint    ] Leaving safepoint region
[2022-06-13T02:31:27.872+0000][1][safepoint    ] Total time for which application threads were stopped: 0.0003482 seconds, Stopping threads took: 0.0001223 seconds
[2022-06-13T02:31:27.935+0000][1][safepoint    ] Application time: 0.0631446 seconds
[2022-06-13T02:31:27.936+0000][1][safepoint    ] Entering safepoint region: Deoptimize
[2022-06-13T02:31:27.936+0000][1][safepoint    ] Leaving safepoint region
[2022-06-13T02:31:27.936+0000][1][safepoint    ] Total time for which application threads were stopped: 0.0004669 seconds, Stopping threads took: 0.0001177 seconds
[2022-06-13T02:31:27.997+0000][1][safepoint    ] Application time: 0.0609221 seconds
[2022-06-13T02:31:27.998+0000][1][safepoint    ] Entering safepoint region: Deoptimize
[2022-06-13T02:31:27.998+0000][1][safepoint    ] Leaving safepoint region
[2022-06-13T02:31:27.998+0000][1][safepoint    ] Total time for which application threads were stopped: 0.0004257 seconds, Stopping threads took: 0.0001057 seconds
[2022-06-13T02:31:27.998+0000][1][safepoint    ] Application time: 0.0001265 seconds
[2022-06-13T02:31:27.998+0000][1][safepoint    ] Entering safepoint region: Deoptimize
[2022-06-13T02:31:27.998+0000][1][safepoint    ] Leaving safepoint region
[2022-06-13T02:31:27.999+0000][1][safepoint    ] Total time for which application threads were stopped: 0.0003131 seconds, Stopping threads took: 0.0000768 seconds
[2022-06-13T02:31:28.016+0000][1][safepoint    ] Application time: 0.0178735 seconds
[2022-06-13T02:31:28.017+0000][1][safepoint    ] Entering safepoint region: Deoptimize
[2022-06-13T02:31:28.017+0000][1][safepoint    ] Leaving safepoint region
[2022-06-13T02:31:28.017+0000][1][safepoint    ] Total time for which application threads were stopped: 0.0004537 seconds, Stopping threads took: 0.0001000 seconds
[2022-06-13T02:31:28.021+0000][1][safepoint    ] Application time: 0.0040911 seconds
[2022-06-13T02:31:28.022+0000][1][safepoint    ] Entering safepoint region: RevokeBias
[2022-06-13T02:31:28.022+0000][1][safepoint    ] Leaving safepoint region
[2022-06-13T02:31:28.022+0000][1][safepoint    ] Total time for which application threads were stopped: 0.0002403 seconds, Stopping threads took: 0.0001145 seconds
[2022-06-13T02:31:28.022+0000][1][safepoint    ] Application time: 0.0001034 seconds
[2022-06-13T02:31:28.022+0000][1][safepoint    ] Entering safepoint region: RevokeBias
[2022-06-13T02:31:28.022+0000][1][safepoint    ] Leaving safepoint region
[2022-06-13T02:31:28.022+0000][1][safepoint    ] Total time for which application threads were stopped: 0.0002759 seconds, Stopping threads took: 0.0001340 seconds
[2022-06-13T02:31:28.023+0000][1][safepoint    ] Application time: 0.0001723 seconds
[2022-06-13T02:31:28.023+0000][1][safepoint    ] Entering safepoint region: RevokeBias
[2022-06-13T02:31:28.023+0000][1][safepoint    ] Leaving safepoint region
[2022-06-13T02:31:28.023+0000][1][safepoint    ] Total time for which application threads were stopped: 0.0002696 seconds, Stopping threads took: 0.0001416 seconds
[2022-06-13T02:31:28.023+0000][1][safepoint    ] Application time: 0.0001188 seconds
[2022-06-13T02:31:28.023+0000][1][safepoint    ] Entering safepoint region: RevokeBias
[2022-06-13T02:31:28.023+0000][1][safepoint    ] Leaving safepoint region
[2022-06-13T02:31:28.024+0000][1][safepoint    ] Total time for which application threads were stopped: 0.0001894 seconds, Stopping threads took: 0.0001003 seconds
[2022-06-13T02:31:28.027+0000][1][safepoint    ] Application time: 0.0038521 seconds
[2022-06-13T02:31:28.028+0000][1][safepoint    ] Entering safepoint region: Deoptimize
[2022-06-13T02:31:28.028+0000][1][safepoint    ] Leaving safepoint region
[2022-06-13T02:31:28.028+0000][1][safepoint    ] Total time for which application threads were stopped: 0.0004357 seconds, Stopping threads took: 0.0001160 seconds
[2022-06-13T02:31:28.069+0000][1][safepoint    ] Application time: 0.0410109 seconds
[2022-06-13T02:31:28.069+0000][1][safepoint    ] Entering safepoint region: GenCollectForAllocation
[2022-06-13T02:31:28.070+0000][1][gc,start     ] GC(0) Pause Young (Allocation Failure)
[2022-06-13T02:31:28.070+0000][1][gc,task      ] GC(0) Using 5 workers of 13 for evacuation
[2022-06-13T02:31:28.075+0000][1][gc,age       ] GC(0) Desired survivor size 4456448 bytes, new threshold 1 (max threshold 6)
[2022-06-13T02:31:28.075+0000][1][gc,age       ] GC(0) Age table with threshold 1 (max threshold 6)
[2022-06-13T02:31:28.075+0000][1][gc,age       ] GC(0) - age   1:    8240704 bytes,    8240704 total
[2022-06-13T02:31:28.075+0000][1][gc,heap      ] GC(0) ParNew: 69952K->8158K(78656K)
[2022-06-13T02:31:28.075+0000][1][gc,heap      ] GC(0) CMS: 0K->0K(174784K)
[2022-06-13T02:31:28.076+0000][1][gc,metaspace ] GC(0) Metaspace: 12258K->12258K(1060864K)
[2022-06-13T02:31:28.076+0000][1][gc           ] GC(0) Pause Young (Allocation Failure) 68M->7M(247M) 6.154ms
[2022-06-13T02:31:28.076+0000][1][gc,cpu       ] GC(0) User=0.02s Sys=0.00s Real=0.00s
[2022-06-13T02:31:28.076+0000][1][safepoint    ] Leaving safepoint region
[2022-06-13T02:31:28.076+0000][1][safepoint    ] Total time for which application threads were stopped: 0.0068214 seconds, Stopping threads took: 0.0001732 seconds
[2022-06-13T02:31:28.077+0000][1][safepoint    ] Application time: 0.0003084 seconds
[2022-06-13T02:31:28.077+0000][1][safepoint    ] Entering safepoint region: RevokeBias
[2022-06-13T02:31:28.077+0000][1][safepoint    ] Leaving safepoint region
[2022-06-13T02:31:28.077+0000][1][safepoint    ] Total time for which application threads were stopped: 0.0005710 seconds, Stopping threads took: 0.0003799 seconds
[2022-06-13T02:31:28.078+0000][1][safepoint    ] Application time: 0.0001042 seconds
[2022-06-13T02:31:28.078+0000][1][safepoint    ] Entering safepoint region: RevokeBias
[2022-06-13T02:31:28.078+0000][1][safepoint    ] Leaving safepoint region
[2022-06-13T02:31:28.078+0000][1][safepoint    ] Total time for which application threads were stopped: 0.0003020 seconds, Stopping threads took: 0.0001491 seconds
[2022-06-13T02:31:28.078+0000][1][safepoint    ] Application time: 0.0000984 seconds
[2022-06-13T02:31:28.079+0000][1][safepoint    ] Entering safepoint region: RevokeBias
[2022-06-13T02:31:28.079+0000][1][safepoint    ] Leaving safepoint region
[2022-06-13T02:31:28.079+0000][1][safepoint    ] Total time for which application threads were stopped: 0.0003712 seconds, Stopping threads took: 0.0001806 seconds
[2022-06-13T02:31:28.079+0000][1][safepoint    ] Application time: 0.0000541 seconds
[2022-06-13T02:31:28.079+0000][1][safepoint    ] Entering safepoint region: RevokeBias
[2022-06-13T02:31:28.079+0000][1][safepoint    ] Leaving safepoint region
[2022-06-13T02:31:28.080+0000][1][safepoint    ] Total time for which application threads were stopped: 0.0003264 seconds, Stopping threads took: 0.0001107 seconds
[2022-06-13T02:31:28.080+0000][1][safepoint    ] Application time: 0.0000800 seconds
[2022-06-13T02:31:28.080+0000][1][safepoint    ] Entering safepoint region: RevokeBias
[2022-06-13T02:31:28.080+0000][1][safepoint    ] Leaving safepoint region
[2022-06-13T02:31:28.080+0000][1][safepoint    ] Total time for which application threads were stopped: 0.0003001 seconds, Stopping threads took: 0.0001346 seconds
[2022-06-13T02:31:28.081+0000][1][safepoint    ] Application time: 0.0000752 seconds
[2022-06-13T02:31:28.081+0000][1][safepoint    ] Entering safepoint region: RevokeBias
[2022-06-13T02:31:28.081+0000][1][safepoint    ] Leaving safepoint region
[2022-06-13T02:31:28.081+0000][1][safepoint    ] Total time for which application threads were stopped: 0.0004492 seconds, Stopping threads took: 0.0001836 seconds
[2022-06-13T02:31:28.081+0000][1][safepoint    ] Application time: 0.0000907 seconds
[2022-06-13T02:31:28.082+0000][1][safepoint    ] Entering safepoint region: RevokeBias
[2022-06-13T02:31:28.082+0000][1][safepoint    ] Leaving safepoint region
[2022-06-13T02:31:28.082+0000][1][safepoint    ] Total time for which application threads were stopped: 0.0003667 seconds, Stopping threads took: 0.0001934 seconds
[2022-06-13T02:31:28.082+0000][1][safepoint    ] Application time: 0.0000828 seconds
[2022-06-13T02:31:28.082+0000][1][safepoint    ] Entering safepoint region: RevokeBias
[2022-06-13T02:31:28.082+0000][1][safepoint    ] Leaving safepoint region
[2022-06-13T02:31:28.083+0000][1][safepoint    ] Total time for which application threads were stopped: 0.0002510 seconds, Stopping threads took: 0.0001313 seconds
[2022-06-13T02:31:28.083+0000][1][safepoint    ] Application time: 0.0000794 seconds
[2022-06-13T02:31:28.083+0000][1][safepoint    ] Entering safepoint region: RevokeBias
[2022-06-13T02:31:28.083+0000][1][safepoint    ] Leaving safepoint region
[2022-06-13T02:31:28.083+0000][1][safepoint    ] Total time for which application threads were stopped: 0.0003651 seconds, Stopping threads took: 0.0001563 seconds
[2022-06-13T02:31:28.084+0000][1][safepoint    ] Application time: 0.0000754 seconds
[2022-06-13T02:31:28.084+0000][1][safepoint    ] Entering safepoint region: RevokeBias
[2022-06-13T02:31:28.084+0000][1][safepoint    ] Leaving safepoint region
[2022-06-13T02:31:28.084+0000][1][safepoint    ] Total time for which application threads were stopped: 0.0002617 seconds, Stopping threads took: 0.0001180 seconds
[2022-06-13T02:31:28.084+0000][1][safepoint    ] Application time: 0.0001072 seconds
[2022-06-13T02:31:28.084+0000][1][safepoint    ] Entering safepoint region: RevokeBias
[2022-06-13T02:31:28.085+0000][1][safepoint    ] Leaving safepoint region
[2022-06-13T02:31:28.085+0000][1][safepoint    ] Total time for which application threads were stopped: 0.0002647 seconds, Stopping threads took: 0.0001202 seconds
[2022-06-13T02:31:28.085+0000][1][safepoint    ] Application time: 0.0000743 seconds
[2022-06-13T02:31:28.085+0000][1][safepoint    ] Entering safepoint region: RevokeBias
[2022-06-13T02:31:28.085+0000][1][safepoint    ] Leaving safepoint region
[2022-06-13T02:31:28.085+0000][1][safepoint    ] Total time for which application threads were stopped: 0.0003173 seconds, Stopping threads took: 0.0001424 seconds
[2022-06-13T02:31:28.086+0000][1][safepoint    ] Application time: 0.0000930 seconds
[2022-06-13T02:31:28.086+0000][1][safepoint    ] Entering safepoint region: RevokeBias
[2022-06-13T02:31:28.086+0000][1][safepoint    ] Leaving safepoint region
[2022-06-13T02:31:28.086+0000][1][safepoint    ] Total time for which application threads were stopped: 0.0002847 seconds, Stopping threads took: 0.0001405 seconds
[2022-06-13T02:31:28.086+0000][1][safepoint    ] Application time: 0.0000720 seconds
[2022-06-13T02:31:28.086+0000][1][safepoint    ] Entering safepoint region: RevokeBias
[2022-06-13T02:31:28.086+0000][1][safepoint    ] Leaving safepoint region
[2022-06-13T02:31:28.087+0000][1][safepoint    ] Total time for which application threads were stopped: 0.0003272 seconds, Stopping threads took: 0.0001921 seconds
[2022-06-13T02:31:28.087+0000][1][safepoint    ] Application time: 0.0001190 seconds
[2022-06-13T02:31:28.087+0000][1][safepoint    ] Entering safepoint region: RevokeBias
[2022-06-13T02:31:28.087+0000][1][safepoint    ] Leaving safepoint region
[2022-06-13T02:31:28.087+0000][1][safepoint    ] Total time for which application threads were stopped: 0.0002437 seconds, Stopping threads took: 0.0001169 seconds
[2022-06-13T02:31:28.087+0000][1][safepoint    ] Application time: 0.0000924 seconds
[2022-06-13T02:31:28.088+0000][1][safepoint    ] Entering safepoint region: RevokeBias
[2022-06-13T02:31:28.088+0000][1][safepoint    ] Leaving safepoint region
[2022-06-13T02:31:28.088+0000][1][safepoint    ] Total time for which application threads were stopped: 0.0002750 seconds, Stopping threads took: 0.0001333 seconds
[2022-06-13T02:31:28.088+0000][1][safepoint    ] Application time: 0.0001177 seconds
[2022-06-13T02:31:28.088+0000][1][safepoint    ] Entering safepoint region: RevokeBias
[2022-06-13T02:31:28.088+0000][1][safepoint    ] Leaving safepoint region
[2022-06-13T02:31:28.088+0000][1][safepoint    ] Total time for which application threads were stopped: 0.0002705 seconds, Stopping threads took: 0.0001298 seconds
[2022-06-13T02:31:28.089+0000][1][safepoint    ] Application time: 0.0000990 seconds
[2022-06-13T02:31:28.089+0000][1][safepoint    ] Entering safepoint region: RevokeBias
[2022-06-13T02:31:28.089+0000][1][safepoint    ] Leaving safepoint region
[2022-06-13T02:31:28.089+0000][1][safepoint    ] Total time for which application threads were stopped: 0.0002810 seconds, Stopping threads took: 0.0001779 seconds
[2022-06-13T02:31:28.089+0000][1][safepoint    ] Application time: 0.0000995 seconds
[2022-06-13T02:31:28.089+0000][1][safepoint    ] Entering safepoint region: RevokeBias
[2022-06-13T02:31:28.089+0000][1][safepoint    ] Leaving safepoint region
[2022-06-13T02:31:28.089+0000][1][safepoint    ] Total time for which application threads were stopped: 0.0002319 seconds, Stopping threads took: 0.0001129 seconds
[2022-06-13T02:31:28.090+0000][1][safepoint    ] Application time: 0.0000684 seconds
[2022-06-13T02:31:28.090+0000][1][safepoint    ] Entering safepoint region: RevokeBias
[2022-06-13T02:31:28.090+0000][1][safepoint    ] Leaving safepoint region
[2022-06-13T02:31:28.090+0000][1][safepoint    ] Total time for which application threads were stopped: 0.0003818 seconds, Stopping threads took: 0.0002359 seconds
[2022-06-13T02:31:28.090+0000][1][safepoint    ] Application time: 0.0000847 seconds
[2022-06-13T02:31:28.091+0000][1][safepoint    ] Entering safepoint region: RevokeBias
[2022-06-13T02:31:28.091+0000][1][safepoint    ] Leaving safepoint region
[2022-06-13T02:31:28.091+0000][1][safepoint    ] Total time for which application threads were stopped: 0.0003474 seconds, Stopping threads took: 0.0002098 seconds
[2022-06-13T02:31:28.091+0000][1][safepoint    ] Application time: 0.0000754 seconds
[2022-06-13T02:31:28.091+0000][1][safepoint    ] Entering safepoint region: RevokeBias
[2022-06-13T02:31:28.091+0000][1][safepoint    ] Leaving safepoint region
[2022-06-13T02:31:28.091+0000][1][safepoint    ] Total time for which application threads were stopped: 0.0002711 seconds, Stopping threads took: 0.0001164 seconds
[2022-06-13T02:31:28.092+0000][1][safepoint    ] Application time: 0.0001538 seconds
[2022-06-13T02:31:28.092+0000][1][safepoint    ] Entering safepoint region: RevokeBias
[2022-06-13T02:31:28.092+0000][1][safepoint    ] Leaving safepoint region
[2022-06-13T02:31:28.092+0000][1][safepoint    ] Total time for which application threads were stopped: 0.0004974 seconds, Stopping threads took: 0.0003232 seconds
[2022-06-13T02:31:28.093+0000][1][safepoint    ] Application time: 0.0000883 seconds
[2022-06-13T02:31:28.093+0000][1][safepoint    ] Entering safepoint region: RevokeBias
[2022-06-13T02:31:28.093+0000][1][safepoint    ] Leaving safepoint region
[2022-06-13T02:31:28.093+0000][1][safepoint    ] Total time for which application threads were stopped: 0.0003128 seconds, Stopping threads took: 0.0001595 seconds
[2022-06-13T02:31:28.093+0000][1][safepoint    ] Application time: 0.0001035 seconds
[2022-06-13T02:31:28.093+0000][1][safepoint    ] Entering safepoint region: RevokeBias
[2022-06-13T02:31:28.094+0000][1][safepoint    ] Leaving safepoint region
[2022-06-13T02:31:28.094+0000][1][safepoint    ] Total time for which application threads were stopped: 0.0003707 seconds, Stopping threads took: 0.0002118 seconds
[2022-06-13T02:31:28.094+0000][1][safepoint    ] Application time: 0.0000772 seconds
[2022-06-13T02:31:28.094+0000][1][safepoint    ] Entering safepoint region: RevokeBias
[2022-06-13T02:31:28.094+0000][1][safepoint    ] Leaving safepoint region
[2022-06-13T02:31:28.094+0000][1][safepoint    ] Total time for which application threads were stopped: 0.0002822 seconds, Stopping threads took: 0.0001270 seconds
[2022-06-13T02:31:28.222+0000][1][safepoint    ] Application time: 0.1275385 seconds
[2022-06-13T02:31:28.222+0000][1][safepoint    ] Entering safepoint region: Deoptimize
[2022-06-13T02:31:28.223+0000][1][safepoint    ] Leaving safepoint region
[2022-06-13T02:31:28.223+0000][1][safepoint    ] Total time for which application threads were stopped: 0.0007387 seconds, Stopping threads took: 0.0001732 seconds
[2022-06-13T02:31:28.353+0000][1][safepoint    ] Application time: 0.1301547 seconds
[2022-06-13T02:31:28.354+0000][1][safepoint    ] Entering safepoint region: RevokeBias
[2022-06-13T02:31:28.354+0000][1][safepoint    ] Leaving safepoint region
[2022-06-13T02:31:28.354+0000][1][safepoint    ] Total time for which application threads were stopped: 0.0006184 seconds, Stopping threads took: 0.0003038 seconds
[2022-06-13T02:31:28.408+0000][1][safepoint    ] Application time: 0.0537255 seconds
[2022-06-13T02:31:28.408+0000][1][safepoint    ] Entering safepoint region: RevokeBias
[2022-06-13T02:31:28.409+0000][1][safepoint    ] Leaving safepoint region
[2022-06-13T02:31:28.409+0000][1][safepoint    ] Total time for which application threads were stopped: 0.0004278 seconds, Stopping threads took: 0.0002264 seconds
[2022-06-13T02:31:28.411+0000][1][safepoint    ] Application time: 0.0018695 seconds
[2022-06-13T02:31:28.411+0000][1][safepoint    ] Entering safepoint region: RevokeBias
[2022-06-13T02:31:28.411+0000][1][safepoint    ] Leaving safepoint region
[2022-06-13T02:31:28.411+0000][1][safepoint    ] Total time for which application threads were stopped: 0.0003302 seconds, Stopping threads took: 0.0001470 seconds
[2022-06-13T02:31:28.426+0000][1][safepoint    ] Application time: 0.0149023 seconds
[2022-06-13T02:31:28.427+0000][1][safepoint    ] Entering safepoint region: GenCollectForAllocation
[2022-06-13T02:31:28.427+0000][1][gc,start     ] GC(1) Pause Young (Allocation Failure)
[2022-06-13T02:31:28.427+0000][1][gc,task      ] GC(1) Using 5 workers of 13 for evacuation
[2022-06-13T02:31:28.438+0000][1][gc,age       ] GC(1) Desired survivor size 4456448 bytes, new threshold 6 (max threshold 6)
[2022-06-13T02:31:28.438+0000][1][gc,age       ] GC(1) Age table with threshold 6 (max threshold 6)
[2022-06-13T02:31:28.438+0000][1][gc,age       ] GC(1) - age   1:    2037592 bytes,    2037592 total
[2022-06-13T02:31:28.438+0000][1][gc,heap      ] GC(1) ParNew: 78110K->5488K(78656K)
[2022-06-13T02:31:28.438+0000][1][gc,heap      ] GC(1) CMS: 0K->6661K(174784K)
[2022-06-13T02:31:28.439+0000][1][gc,metaspace ] GC(1) Metaspace: 14946K->14946K(1062912K)
[2022-06-13T02:31:28.439+0000][1][gc           ] GC(1) Pause Young (Allocation Failure) 76M->11M(247M) 12.011ms
[2022-06-13T02:31:28.439+0000][1][gc,cpu       ] GC(1) User=0.06s Sys=0.00s Real=0.01s
[2022-06-13T02:31:28.439+0000][1][safepoint    ] Leaving safepoint region
[2022-06-13T02:31:28.440+0000][1][safepoint    ] Total time for which application threads were stopped: 0.0135582 seconds, Stopping threads took: 0.0001152 seconds
[2022-06-13T02:31:28.441+0000][1][safepoint    ] Application time: 0.0002049 seconds
[2022-06-13T02:31:28.441+0000][1][safepoint    ] Entering safepoint region: RevokeBias
[2022-06-13T02:31:28.441+0000][1][safepoint    ] Leaving safepoint region
[2022-06-13T02:31:28.441+0000][1][safepoint    ] Total time for which application threads were stopped: 0.0003756 seconds, Stopping threads took: 0.0001695 seconds
[2022-06-13T02:31:28.441+0000][1][safepoint    ] Application time: 0.0001044 seconds
[2022-06-13T02:31:28.441+0000][1][safepoint    ] Entering safepoint region: RevokeBias
[2022-06-13T02:31:28.441+0000][1][safepoint    ] Leaving safepoint region
[2022-06-13T02:31:28.442+0000][1][safepoint    ] Total time for which application threads were stopped: 0.0002685 seconds, Stopping threads took: 0.0001248 seconds
[2022-06-13T02:31:28.442+0000][1][safepoint    ] Application time: 0.0000804 seconds
[2022-06-13T02:31:28.442+0000][1][safepoint    ] Entering safepoint region: RevokeBias
[2022-06-13T02:31:28.442+0000][1][safepoint    ] Leaving safepoint region
[2022-06-13T02:31:28.442+0000][1][safepoint    ] Total time for which application threads were stopped: 0.0003463 seconds, Stopping threads took: 0.0001412 seconds
[2022-06-13T02:31:28.443+0000][1][safepoint    ] Application time: 0.0001630 seconds
[2022-06-13T02:31:28.443+0000][1][safepoint    ] Entering safepoint region: RevokeBias
[2022-06-13T02:31:28.443+0000][1][safepoint    ] Leaving safepoint region
[2022-06-13T02:31:28.443+0000][1][safepoint    ] Total time for which application threads were stopped: 0.0003460 seconds, Stopping threads took: 0.0001986 seconds
[2022-06-13T02:31:28.443+0000][1][safepoint    ] Application time: 0.0000957 seconds
[2022-06-13T02:31:28.443+0000][1][safepoint    ] Entering safepoint region: RevokeBias
[2022-06-13T02:31:28.444+0000][1][safepoint    ] Leaving safepoint region
[2022-06-13T02:31:28.444+0000][1][safepoint    ] Total time for which application threads were stopped: 0.0004209 seconds, Stopping threads took: 0.0001243 seconds
[2022-06-13T02:31:28.444+0000][1][safepoint    ] Application time: 0.0000779 seconds
[2022-06-13T02:31:28.444+0000][1][safepoint    ] Entering safepoint region: RevokeBias
[2022-06-13T02:31:28.444+0000][1][safepoint    ] Leaving safepoint region
[2022-06-13T02:31:28.445+0000][1][safepoint    ] Total time for which application threads were stopped: 0.0003631 seconds, Stopping threads took: 0.0001264 seconds
[2022-06-13T02:31:28.445+0000][1][safepoint    ] Application time: 0.0000954 seconds
[2022-06-13T02:31:28.445+0000][1][safepoint    ] Entering safepoint region: RevokeBias
[2022-06-13T02:31:28.445+0000][1][safepoint    ] Leaving safepoint region
[2022-06-13T02:31:28.445+0000][1][safepoint    ] Total time for which application threads were stopped: 0.0003122 seconds, Stopping threads took: 0.0001346 seconds
[2022-06-13T02:31:28.446+0000][1][safepoint    ] Application time: 0.0000742 seconds
[2022-06-13T02:31:28.446+0000][1][safepoint    ] Entering safepoint region: RevokeBias
[2022-06-13T02:31:28.446+0000][1][safepoint    ] Leaving safepoint region
[2022-06-13T02:31:28.446+0000][1][safepoint    ] Total time for which application threads were stopped: 0.0002570 seconds, Stopping threads took: 0.0001393 seconds
[2022-06-13T02:31:28.446+0000][1][safepoint    ] Application time: 0.0000778 seconds
[2022-06-13T02:31:28.446+0000][1][safepoint    ] Entering safepoint region: RevokeBias
[2022-06-13T02:31:28.446+0000][1][safepoint    ] Leaving safepoint region
[2022-06-13T02:31:28.446+0000][1][safepoint    ] Total time for which application threads were stopped: 0.0002458 seconds, Stopping threads took: 0.0001188 seconds
[2022-06-13T02:31:28.447+0000][1][safepoint    ] Application time: 0.0000687 seconds
[2022-06-13T02:31:28.447+0000][1][safepoint    ] Entering safepoint region: RevokeBias
[2022-06-13T02:31:28.447+0000][1][safepoint    ] Leaving safepoint region
[2022-06-13T02:31:28.447+0000][1][safepoint    ] Total time for which application threads were stopped: 0.0003219 seconds, Stopping threads took: 0.0001346 seconds
[2022-06-13T02:31:28.447+0000][1][safepoint    ] Application time: 0.0000803 seconds
[2022-06-13T02:31:28.447+0000][1][safepoint    ] Entering safepoint region: BulkRevokeBias
[2022-06-13T02:31:28.448+0000][1][safepoint    ] Leaving safepoint region
[2022-06-13T02:31:28.448+0000][1][safepoint    ] Total time for which application threads were stopped: 0.0003199 seconds, Stopping threads took: 0.0001433 seconds
[2022-06-13T02:31:28.448+0000][1][safepoint    ] Application time: 0.0000677 seconds
[2022-06-13T02:31:28.448+0000][1][safepoint    ] Entering safepoint region: RevokeBias
[2022-06-13T02:31:28.448+0000][1][safepoint    ] Leaving safepoint region
[2022-06-13T02:31:28.448+0000][1][safepoint    ] Total time for which application threads were stopped: 0.0003093 seconds, Stopping threads took: 0.0001482 seconds
[2022-06-13T02:31:28.448+0000][1][safepoint    ] Application time: 0.0000816 seconds
[2022-06-13T02:31:28.449+0000][1][safepoint    ] Entering safepoint region: BulkRevokeBias
[2022-06-13T02:31:28.449+0000][1][safepoint    ] Leaving safepoint region
[2022-06-13T02:31:28.449+0000][1][safepoint    ] Total time for which application threads were stopped: 0.0002537 seconds, Stopping threads took: 0.0001182 seconds
[2022-06-13T02:31:28.516+0000][1][safepoint    ] Application time: 0.0674539 seconds
[2022-06-13T02:31:28.517+0000][1][safepoint    ] Entering safepoint region: GenCollectForAllocation
[2022-06-13T02:31:28.517+0000][1][gc,start     ] GC(2) Pause Young (Allocation Failure)
[2022-06-13T02:31:28.517+0000][1][gc,task      ] GC(2) Using 5 workers of 13 for evacuation
[2022-06-13T02:31:28.520+0000][1][gc,age       ] GC(2) Desired survivor size 4456448 bytes, new threshold 6 (max threshold 6)
[2022-06-13T02:31:28.520+0000][1][gc,age       ] GC(2) Age table with threshold 6 (max threshold 6)
[2022-06-13T02:31:28.521+0000][1][gc,age       ] GC(2) - age   1:    2658840 bytes,    2658840 total
[2022-06-13T02:31:28.521+0000][1][gc,age       ] GC(2) - age   2:    1206144 bytes,    3864984 total
[2022-06-13T02:31:28.521+0000][1][gc,heap      ] GC(2) ParNew: 75440K->4615K(78656K)
[2022-06-13T02:31:28.521+0000][1][gc,heap      ] GC(2) CMS: 6661K->6661K(174784K)
[2022-06-13T02:31:28.522+0000][1][gc,metaspace ] GC(2) Metaspace: 15083K->15083K(1062912K)
[2022-06-13T02:31:28.522+0000][1][gc           ] GC(2) Pause Young (Allocation Failure) 80M->11M(247M) 4.925ms
[2022-06-13T02:31:28.522+0000][1][gc,cpu       ] GC(2) User=0.03s Sys=0.00s Real=0.01s
[2022-06-13T02:31:28.522+0000][1][safepoint    ] Leaving safepoint region
[2022-06-13T02:31:28.523+0000][1][safepoint    ] Total time for which application threads were stopped: 0.0058452 seconds, Stopping threads took: 0.0001789 seconds
[2022-06-13T02:31:28.523+0000][1][safepoint    ] Application time: 0.0002646 seconds
[2022-06-13T02:31:28.523+0000][1][safepoint    ] Entering safepoint region: RevokeBias
[2022-06-13T02:31:28.524+0000][1][safepoint    ] Leaving safepoint region
[2022-06-13T02:31:28.524+0000][1][safepoint    ] Total time for which application threads were stopped: 0.0003737 seconds, Stopping threads took: 0.0002304 seconds
[2022-06-13T02:31:28.524+0000][1][safepoint    ] Application time: 0.0001627 seconds
[2022-06-13T02:31:28.524+0000][1][safepoint    ] Entering safepoint region: RevokeBias
[2022-06-13T02:31:28.524+0000][1][safepoint    ] Leaving safepoint region
[2022-06-13T02:31:28.525+0000][1][safepoint    ] Total time for which application threads were stopped: 0.0003719 seconds, Stopping threads took: 0.0001519 seconds
[2022-06-13T02:31:28.525+0000][1][safepoint    ] Application time: 0.0001860 seconds
[2022-06-13T02:31:28.525+0000][1][safepoint    ] Entering safepoint region: RevokeBias
[2022-06-13T02:31:28.526+0000][1][safepoint    ] Leaving safepoint region
[2022-06-13T02:31:28.526+0000][1][safepoint    ] Total time for which application threads were stopped: 0.0004386 seconds, Stopping threads took: 0.0002179 seconds
[2022-06-13T02:31:28.526+0000][1][safepoint    ] Application time: 0.0000697 seconds
[2022-06-13T02:31:28.526+0000][1][safepoint    ] Entering safepoint region: RevokeBias
[2022-06-13T02:31:28.526+0000][1][safepoint    ] Leaving safepoint region
[2022-06-13T02:31:28.526+0000][1][safepoint    ] Total time for which application threads were stopped: 0.0003926 seconds, Stopping threads took: 0.0002200 seconds
[2022-06-13T02:31:28.527+0000][1][safepoint    ] Application time: 0.0001834 seconds
[2022-06-13T02:31:28.527+0000][1][safepoint    ] Entering safepoint region: RevokeBias
[2022-06-13T02:31:28.527+0000][1][safepoint    ] Leaving safepoint region
[2022-06-13T02:31:28.528+0000][1][safepoint    ] Total time for which application threads were stopped: 0.0007511 seconds, Stopping threads took: 0.0003686 seconds
[2022-06-13T02:31:28.528+0000][1][safepoint    ] Application time: 0.0000792 seconds
[2022-06-13T02:31:28.528+0000][1][safepoint    ] Entering safepoint region: RevokeBias
[2022-06-13T02:31:28.529+0000][1][safepoint    ] Leaving safepoint region
[2022-06-13T02:31:28.529+0000][1][safepoint    ] Total time for which application threads were stopped: 0.0006839 seconds, Stopping threads took: 0.0004432 seconds
[2022-06-13T02:31:28.606+0000][1][safepoint    ] Application time: 0.0765927 seconds
[2022-06-13T02:31:28.606+0000][1][safepoint    ] Entering safepoint region: Deoptimize
[2022-06-13T02:31:28.606+0000][1][safepoint    ] Leaving safepoint region
[2022-06-13T02:31:28.607+0000][1][safepoint    ] Total time for which application threads were stopped: 0.0007949 seconds, Stopping threads took: 0.0001628 seconds
[2022-06-13T02:31:28.607+0000][1][safepoint    ] Application time: 0.0003765 seconds
[2022-06-13T02:31:28.607+0000][1][safepoint    ] Entering safepoint region: Deoptimize
[2022-06-13T02:31:28.608+0000][1][safepoint    ] Leaving safepoint region
[2022-06-13T02:31:28.608+0000][1][safepoint    ] Total time for which application threads were stopped: 0.0007328 seconds, Stopping threads took: 0.0002010 seconds
[2022-06-13T02:31:28.723+0000][1][safepoint    ] Application time: 0.1144543 seconds
[2022-06-13T02:31:28.723+0000][1][safepoint    ] Entering safepoint region: RevokeBias
[2022-06-13T02:31:28.723+0000][1][safepoint    ] Leaving safepoint region
[2022-06-13T02:31:28.723+0000][1][safepoint    ] Total time for which application threads were stopped: 0.0003192 seconds, Stopping threads took: 0.0001307 seconds
[2022-06-13T02:31:28.729+0000][1][safepoint    ] Application time: 0.0053604 seconds
[2022-06-13T02:31:28.729+0000][1][safepoint    ] Entering safepoint region: GenCollectForAllocation
[2022-06-13T02:31:28.729+0000][1][gc,start     ] GC(3) Pause Young (Allocation Failure)
[2022-06-13T02:31:28.729+0000][1][gc,task      ] GC(3) Using 5 workers of 13 for evacuation
[2022-06-13T02:31:28.732+0000][1][gc,age       ] GC(3) Desired survivor size 4456448 bytes, new threshold 3 (max threshold 6)
[2022-06-13T02:31:28.732+0000][1][gc,age       ] GC(3) Age table with threshold 3 (max threshold 6)
[2022-06-13T02:31:28.732+0000][1][gc,age       ] GC(3) - age   1:    3264800 bytes,    3264800 total
[2022-06-13T02:31:28.732+0000][1][gc,age       ] GC(3) - age   2:     319088 bytes,    3583888 total
[2022-06-13T02:31:28.732+0000][1][gc,age       ] GC(3) - age   3:    1203024 bytes,    4786912 total
[2022-06-13T02:31:28.732+0000][1][gc,heap      ] GC(3) ParNew: 74567K->7050K(78656K)
[2022-06-13T02:31:28.732+0000][1][gc,heap      ] GC(3) CMS: 6661K->6661K(174784K)
[2022-06-13T02:31:28.732+0000][1][gc,metaspace ] GC(3) Metaspace: 18512K->18512K(1067008K)
[2022-06-13T02:31:28.733+0000][1][gc           ] GC(3) Pause Young (Allocation Failure) 79M->13M(247M) 3.532ms
[2022-06-13T02:31:28.733+0000][1][gc,cpu       ] GC(3) User=0.04s Sys=0.00s Real=0.01s
[2022-06-13T02:31:28.733+0000][1][safepoint    ] Leaving safepoint region
[2022-06-13T02:31:28.733+0000][1][safepoint    ] Total time for which application threads were stopped: 0.0041022 seconds, Stopping threads took: 0.0001346 seconds
[2022-06-13T02:31:28.733+0000][1][safepoint    ] Application time: 0.0002250 seconds
[2022-06-13T02:31:28.734+0000][1][safepoint    ] Entering safepoint region: RevokeBias
[2022-06-13T02:31:28.734+0000][1][safepoint    ] Leaving safepoint region
[2022-06-13T02:31:28.734+0000][1][safepoint    ] Total time for which application threads were stopped: 0.0006684 seconds, Stopping threads took: 0.0004780 seconds
[2022-06-13T02:31:28.734+0000][1][safepoint    ] Application time: 0.0001110 seconds
[2022-06-13T02:31:28.735+0000][1][safepoint    ] Entering safepoint region: RevokeBias
[2022-06-13T02:31:28.735+0000][1][safepoint    ] Leaving safepoint region
[2022-06-13T02:31:28.735+0000][1][safepoint    ] Total time for which application threads were stopped: 0.0004956 seconds, Stopping threads took: 0.0003340 seconds
[2022-06-13T02:31:28.735+0000][1][safepoint    ] Application time: 0.0001010 seconds
[2022-06-13T02:31:28.735+0000][1][safepoint    ] Entering safepoint region: RevokeBias
[2022-06-13T02:31:28.736+0000][1][safepoint    ] Leaving safepoint region
[2022-06-13T02:31:28.736+0000][1][safepoint    ] Total time for which application threads were stopped: 0.0003655 seconds, Stopping threads took: 0.0001950 seconds
[2022-06-13T02:31:28.736+0000][1][safepoint    ] Application time: 0.0000822 seconds
[2022-06-13T02:31:28.736+0000][1][safepoint    ] Entering safepoint region: RevokeBias
[2022-06-13T02:31:28.736+0000][1][safepoint    ] Leaving safepoint region
[2022-06-13T02:31:28.736+0000][1][safepoint    ] Total time for which application threads were stopped: 0.0004480 seconds, Stopping threads took: 0.0001844 seconds
[2022-06-13T02:31:28.737+0000][1][safepoint    ] Application time: 0.0000721 seconds
[2022-06-13T02:31:28.737+0000][1][safepoint    ] Entering safepoint region: RevokeBias
[2022-06-13T02:31:28.737+0000][1][safepoint    ] Leaving safepoint region
[2022-06-13T02:31:28.737+0000][1][safepoint    ] Total time for which application threads were stopped: 0.0003419 seconds, Stopping threads took: 0.0001701 seconds
[2022-06-13T02:31:28.737+0000][1][safepoint    ] Application time: 0.0000805 seconds
[2022-06-13T02:31:28.737+0000][1][safepoint    ] Entering safepoint region: RevokeBias
[2022-06-13T02:31:28.738+0000][1][safepoint    ] Leaving safepoint region
[2022-06-13T02:31:28.738+0000][1][safepoint    ] Total time for which application threads were stopped: 0.0003207 seconds, Stopping threads took: 0.0001723 seconds
[2022-06-13T02:31:28.738+0000][1][safepoint    ] Application time: 0.0000749 seconds
[2022-06-13T02:31:28.738+0000][1][safepoint    ] Entering safepoint region: RevokeBias
[2022-06-13T02:31:28.738+0000][1][safepoint    ] Leaving safepoint region
[2022-06-13T02:31:28.738+0000][1][safepoint    ] Total time for which application threads were stopped: 0.0002898 seconds, Stopping threads took: 0.0001268 seconds
[2022-06-13T02:31:28.739+0000][1][safepoint    ] Application time: 0.0000760 seconds
[2022-06-13T02:31:28.739+0000][1][safepoint    ] Entering safepoint region: RevokeBias
[2022-06-13T02:31:28.739+0000][1][safepoint    ] Leaving safepoint region
[2022-06-13T02:31:28.739+0000][1][safepoint    ] Total time for which application threads were stopped: 0.0003204 seconds, Stopping threads took: 0.0001611 seconds
[2022-06-13T02:31:28.739+0000][1][safepoint    ] Application time: 0.0000822 seconds
[2022-06-13T02:31:28.739+0000][1][safepoint    ] Entering safepoint region: RevokeBias
[2022-06-13T02:31:28.740+0000][1][safepoint    ] Leaving safepoint region
[2022-06-13T02:31:28.740+0000][1][safepoint    ] Total time for which application threads were stopped: 0.0002913 seconds, Stopping threads took: 0.0001501 seconds
[2022-06-13T02:31:28.740+0000][1][safepoint    ] Application time: 0.0000888 seconds
[2022-06-13T02:31:28.740+0000][1][safepoint    ] Entering safepoint region: RevokeBias
[2022-06-13T02:31:28.740+0000][1][safepoint    ] Leaving safepoint region
[2022-06-13T02:31:28.740+0000][1][safepoint    ] Total time for which application threads were stopped: 0.0004078 seconds, Stopping threads took: 0.0002217 seconds
[2022-06-13T02:31:28.741+0000][1][safepoint    ] Application time: 0.0000792 seconds
[2022-06-13T02:31:28.741+0000][1][safepoint    ] Entering safepoint region: RevokeBias
[2022-06-13T02:31:28.741+0000][1][safepoint    ] Leaving safepoint region
[2022-06-13T02:31:28.741+0000][1][safepoint    ] Total time for which application threads were stopped: 0.0002595 seconds, Stopping threads took: 0.0001201 seconds
[2022-06-13T02:31:28.741+0000][1][safepoint    ] Application time: 0.0000804 seconds
[2022-06-13T02:31:28.741+0000][1][safepoint    ] Entering safepoint region: RevokeBias
[2022-06-13T02:31:28.741+0000][1][safepoint    ] Leaving safepoint region
[2022-06-13T02:31:28.742+0000][1][safepoint    ] Total time for which application threads were stopped: 0.0003251 seconds, Stopping threads took: 0.0001701 seconds
[2022-06-13T02:31:28.742+0000][1][safepoint    ] Application time: 0.0000799 seconds
[2022-06-13T02:31:28.742+0000][1][safepoint    ] Entering safepoint region: RevokeBias
[2022-06-13T02:31:28.742+0000][1][safepoint    ] Leaving safepoint region
[2022-06-13T02:31:28.742+0000][1][safepoint    ] Total time for which application threads were stopped: 0.0002786 seconds, Stopping threads took: 0.0001172 seconds
[2022-06-13T02:31:28.742+0000][1][safepoint    ] Application time: 0.0000817 seconds
[2022-06-13T02:31:28.743+0000][1][safepoint    ] Entering safepoint region: RevokeBias
[2022-06-13T02:31:28.743+0000][1][safepoint    ] Leaving safepoint region
[2022-06-13T02:31:28.743+0000][1][safepoint    ] Total time for which application threads were stopped: 0.0003208 seconds, Stopping threads took: 0.0001532 seconds
[2022-06-13T02:31:28.743+0000][1][safepoint    ] Application time: 0.0000894 seconds
[2022-06-13T02:31:28.743+0000][1][safepoint    ] Entering safepoint region: RevokeBias
[2022-06-13T02:31:28.743+0000][1][safepoint    ] Leaving safepoint region
[2022-06-13T02:31:28.743+0000][1][safepoint    ] Total time for which application threads were stopped: 0.0003000 seconds, Stopping threads took: 0.0001428 seconds
[2022-06-13T02:31:28.744+0000][1][safepoint    ] Application time: 0.0000649 seconds
[2022-06-13T02:31:28.744+0000][1][safepoint    ] Entering safepoint region: RevokeBias
[2022-06-13T02:31:28.744+0000][1][safepoint    ] Leaving safepoint region
[2022-06-13T02:31:28.744+0000][1][safepoint    ] Total time for which application threads were stopped: 0.0002665 seconds, Stopping threads took: 0.0001495 seconds
[2022-06-13T02:31:28.744+0000][1][safepoint    ] Application time: 0.0000734 seconds
[2022-06-13T02:31:28.744+0000][1][safepoint    ] Entering safepoint region: RevokeBias
[2022-06-13T02:31:28.744+0000][1][safepoint    ] Leaving safepoint region
[2022-06-13T02:31:28.745+0000][1][safepoint    ] Total time for which application threads were stopped: 0.0002924 seconds, Stopping threads took: 0.0001409 seconds
[2022-06-13T02:31:28.745+0000][1][safepoint    ] Application time: 0.0001049 seconds
[2022-06-13T02:31:28.745+0000][1][safepoint    ] Entering safepoint region: RevokeBias
[2022-06-13T02:31:28.745+0000][1][safepoint    ] Leaving safepoint region
[2022-06-13T02:31:28.745+0000][1][safepoint    ] Total time for which application threads were stopped: 0.0003961 seconds, Stopping threads took: 0.0002154 seconds
[2022-06-13T02:31:28.746+0000][1][safepoint    ] Application time: 0.0003396 seconds
[2022-06-13T02:31:28.746+0000][1][safepoint    ] Entering safepoint region: RevokeBias
[2022-06-13T02:31:28.746+0000][1][safepoint    ] Leaving safepoint region
[2022-06-13T02:31:28.746+0000][1][safepoint    ] Total time for which application threads were stopped: 0.0003914 seconds, Stopping threads took: 0.0001799 seconds
[2022-06-13T02:31:28.747+0000][1][safepoint    ] Application time: 0.0000942 seconds
[2022-06-13T02:31:28.747+0000][1][safepoint    ] Entering safepoint region: RevokeBias
[2022-06-13T02:31:28.747+0000][1][safepoint    ] Leaving safepoint region
[2022-06-13T02:31:28.747+0000][1][safepoint    ] Total time for which application threads were stopped: 0.0003420 seconds, Stopping threads took: 0.0001717 seconds
[2022-06-13T02:31:28.747+0000][1][safepoint    ] Application time: 0.0000861 seconds
[2022-06-13T02:31:28.747+0000][1][safepoint    ] Entering safepoint region: RevokeBias
[2022-06-13T02:31:28.748+0000][1][safepoint    ] Leaving safepoint region
[2022-06-13T02:31:28.748+0000][1][safepoint    ] Total time for which application threads were stopped: 0.0002489 seconds, Stopping threads took: 0.0001167 seconds
[2022-06-13T02:31:28.827+0000][1][safepoint    ] Application time: 0.0788843 seconds
[2022-06-13T02:31:28.827+0000][1][safepoint    ] Entering safepoint region: GenCollectForAllocation
[2022-06-13T02:31:28.827+0000][1][gc,start     ] GC(4) Pause Young (Allocation Failure)
[2022-06-13T02:31:28.827+0000][1][gc,task      ] GC(4) Using 5 workers of 13 for evacuation
[2022-06-13T02:31:28.831+0000][1][gc,age       ] GC(4) Desired survivor size 4456448 bytes, new threshold 2 (max threshold 6)
[2022-06-13T02:31:28.831+0000][1][gc,age       ] GC(4) Age table with threshold 2 (max threshold 6)
[2022-06-13T02:31:28.831+0000][1][gc,age       ] GC(4) - age   1:    1389800 bytes,    1389800 total
[2022-06-13T02:31:28.831+0000][1][gc,age       ] GC(4) - age   2:    3199280 bytes,    4589080 total
[2022-06-13T02:31:28.831+0000][1][gc,age       ] GC(4) - age   3:     318560 bytes,    4907640 total
[2022-06-13T02:31:28.831+0000][1][gc,heap      ] GC(4) ParNew: 77002K->7043K(78656K)
[2022-06-13T02:31:28.832+0000][1][gc,heap      ] GC(4) CMS: 6661K->7854K(174784K)
[2022-06-13T02:31:28.832+0000][1][gc,metaspace ] GC(4) Metaspace: 18767K->18767K(1067008K)
[2022-06-13T02:31:28.832+0000][1][gc           ] GC(4) Pause Young (Allocation Failure) 81M->14M(247M) 4.809ms
[2022-06-13T02:31:28.832+0000][1][gc,cpu       ] GC(4) User=0.03s Sys=0.00s Real=0.01s
[2022-06-13T02:31:28.832+0000][1][safepoint    ] Leaving safepoint region
[2022-06-13T02:31:28.832+0000][1][safepoint    ] Total time for which application threads were stopped: 0.0054047 seconds, Stopping threads took: 0.0001261 seconds
[2022-06-13T02:31:28.833+0000][1][safepoint    ] Application time: 0.0002069 seconds
[2022-06-13T02:31:28.833+0000][1][safepoint    ] Entering safepoint region: RevokeBias
[2022-06-13T02:31:28.833+0000][1][safepoint    ] Leaving safepoint region
[2022-06-13T02:31:28.833+0000][1][safepoint    ] Total time for which application threads were stopped: 0.0003741 seconds, Stopping threads took: 0.0001758 seconds
[2022-06-13T02:31:28.833+0000][1][safepoint    ] Application time: 0.0000805 seconds
[2022-06-13T02:31:28.833+0000][1][safepoint    ] Entering safepoint region: RevokeBias
[2022-06-13T02:31:28.834+0000][1][safepoint    ] Leaving safepoint region
[2022-06-13T02:31:28.834+0000][1][safepoint    ] Total time for which application threads were stopped: 0.0003455 seconds, Stopping threads took: 0.0001665 seconds
[2022-06-13T02:31:28.834+0000][1][safepoint    ] Application time: 0.0000843 seconds
[2022-06-13T02:31:28.834+0000][1][safepoint    ] Entering safepoint region: RevokeBias
[2022-06-13T02:31:28.834+0000][1][safepoint    ] Leaving safepoint region
[2022-06-13T02:31:28.834+0000][1][safepoint    ] Total time for which application threads were stopped: 0.0003636 seconds, Stopping threads took: 0.0001683 seconds
[2022-06-13T02:31:28.835+0000][1][safepoint    ] Application time: 0.0000879 seconds
[2022-06-13T02:31:28.835+0000][1][safepoint    ] Entering safepoint region: RevokeBias
[2022-06-13T02:31:28.835+0000][1][safepoint    ] Leaving safepoint region
[2022-06-13T02:31:28.835+0000][1][safepoint    ] Total time for which application threads were stopped: 0.0003316 seconds, Stopping threads took: 0.0001644 seconds
[2022-06-13T02:31:28.853+0000][1][safepoint    ] Application time: 0.0175240 seconds
[2022-06-13T02:31:28.853+0000][1][safepoint    ] Entering safepoint region: Deoptimize
[2022-06-13T02:31:28.854+0000][1][safepoint    ] Leaving safepoint region
[2022-06-13T02:31:28.854+0000][1][safepoint    ] Total time for which application threads were stopped: 0.0007319 seconds, Stopping threads took: 0.0001475 seconds
[2022-06-13T02:31:28.879+0000][1][safepoint    ] Application time: 0.0250159 seconds
[2022-06-13T02:31:28.879+0000][1][safepoint    ] Entering safepoint region: Deoptimize
[2022-06-13T02:31:28.880+0000][1][safepoint    ] Leaving safepoint region
[2022-06-13T02:31:28.880+0000][1][safepoint    ] Total time for which application threads were stopped: 0.0006873 seconds, Stopping threads took: 0.0001339 seconds
[2022-06-13T02:31:28.948+0000][1][safepoint    ] Application time: 0.0675395 seconds
[2022-06-13T02:31:28.948+0000][1][safepoint    ] Entering safepoint region: GenCollectForAllocation
[2022-06-13T02:31:28.948+0000][1][gc,start     ] GC(5) Pause Young (Allocation Failure)
[2022-06-13T02:31:28.948+0000][1][gc,task      ] GC(5) Using 5 workers of 13 for evacuation
[2022-06-13T02:31:28.953+0000][1][gc,age       ] GC(5) Desired survivor size 4456448 bytes, new threshold 6 (max threshold 6)
[2022-06-13T02:31:28.954+0000][1][gc,age       ] GC(5) Age table with threshold 6 (max threshold 6)
[2022-06-13T02:31:28.954+0000][1][gc,age       ] GC(5) - age   1:    2182952 bytes,    2182952 total
[2022-06-13T02:31:28.954+0000][1][gc,age       ] GC(5) - age   2:     550304 bytes,    2733256 total
[2022-06-13T02:31:28.954+0000][1][gc,heap      ] GC(5) ParNew: 76995K->3807K(78656K)
[2022-06-13T02:31:28.954+0000][1][gc,heap      ] GC(5) CMS: 7854K->11337K(174784K)
[2022-06-13T02:31:28.955+0000][1][gc,metaspace ] GC(5) Metaspace: 19072K->19072K(1067008K)
[2022-06-13T02:31:28.955+0000][1][gc           ] GC(5) Pause Young (Allocation Failure) 82M->14M(247M) 6.804ms
[2022-06-13T02:31:28.955+0000][1][gc,cpu       ] GC(5) User=0.07s Sys=0.00s Real=0.01s
[2022-06-13T02:31:28.955+0000][1][safepoint    ] Leaving safepoint region
[2022-06-13T02:31:28.955+0000][1][safepoint    ] Total time for which application threads were stopped: 0.0075515 seconds, Stopping threads took: 0.0001489 seconds
[2022-06-13T02:31:28.956+0000][1][safepoint    ] Application time: 0.0002019 seconds
[2022-06-13T02:31:28.956+0000][1][safepoint    ] Entering safepoint region: RevokeBias
[2022-06-13T02:31:28.956+0000][1][safepoint    ] Leaving safepoint region
[2022-06-13T02:31:28.956+0000][1][safepoint    ] Total time for which application threads were stopped: 0.0004127 seconds, Stopping threads took: 0.0001982 seconds
[2022-06-13T02:31:28.956+0000][1][safepoint    ] Application time: 0.0000494 seconds
[2022-06-13T02:31:28.957+0000][1][safepoint    ] Entering safepoint region: RevokeBias
[2022-06-13T02:31:28.957+0000][1][safepoint    ] Leaving safepoint region
[2022-06-13T02:31:28.957+0000][1][safepoint    ] Total time for which application threads were stopped: 0.0002915 seconds, Stopping threads took: 0.0001207 seconds
[2022-06-13T02:31:28.957+0000][1][safepoint    ] Application time: 0.0000946 seconds
[2022-06-13T02:31:28.957+0000][1][safepoint    ] Entering safepoint region: RevokeBias
[2022-06-13T02:31:28.957+0000][1][safepoint    ] Leaving safepoint region
[2022-06-13T02:31:28.958+0000][1][safepoint    ] Total time for which application threads were stopped: 0.0004492 seconds, Stopping threads took: 0.0002428 seconds
[2022-06-13T02:31:28.958+0000][1][safepoint    ] Application time: 0.0000484 seconds
[2022-06-13T02:31:28.958+0000][1][safepoint    ] Entering safepoint region: RevokeBias
[2022-06-13T02:31:28.958+0000][1][safepoint    ] Leaving safepoint region
[2022-06-13T02:31:28.958+0000][1][safepoint    ] Total time for which application threads were stopped: 0.0003930 seconds, Stopping threads took: 0.0001919 seconds
[2022-06-13T02:31:28.959+0000][1][safepoint    ] Application time: 0.0000849 seconds
[2022-06-13T02:31:28.959+0000][1][safepoint    ] Entering safepoint region: RevokeBias
[2022-06-13T02:31:28.959+0000][1][safepoint    ] Leaving safepoint region
[2022-06-13T02:31:28.959+0000][1][safepoint    ] Total time for which application threads were stopped: 0.0003887 seconds, Stopping threads took: 0.0002220 seconds
[2022-06-13T02:31:28.959+0000][1][safepoint    ] Application time: 0.0000418 seconds
[2022-06-13T02:31:28.959+0000][1][safepoint    ] Entering safepoint region: RevokeBias
[2022-06-13T02:31:28.960+0000][1][safepoint    ] Leaving safepoint region
[2022-06-13T02:31:28.960+0000][1][safepoint    ] Total time for which application threads were stopped: 0.0002836 seconds, Stopping threads took: 0.0001042 seconds
[2022-06-13T02:31:29.052+0000][1][safepoint    ] Application time: 0.0927030 seconds
[2022-06-13T02:31:29.053+0000][1][safepoint    ] Entering safepoint region: GenCollectForAllocation
[2022-06-13T02:31:29.053+0000][1][gc,start     ] GC(6) Pause Young (Allocation Failure)
[2022-06-13T02:31:29.053+0000][1][gc,task      ] GC(6) Using 5 workers of 13 for evacuation
[2022-06-13T02:31:29.055+0000][1][gc,age       ] GC(6) Desired survivor size 4456448 bytes, new threshold 6 (max threshold 6)
[2022-06-13T02:31:29.055+0000][1][gc,age       ] GC(6) Age table with threshold 6 (max threshold 6)
[2022-06-13T02:31:29.055+0000][1][gc,age       ] GC(6) - age   1:    1394784 bytes,    1394784 total
[2022-06-13T02:31:29.055+0000][1][gc,age       ] GC(6) - age   2:    2169616 bytes,    3564400 total
[2022-06-13T02:31:29.055+0000][1][gc,age       ] GC(6) - age   3:     550304 bytes,    4114704 total
[2022-06-13T02:31:29.055+0000][1][gc,heap      ] GC(6) ParNew: 73759K->5980K(78656K)
[2022-06-13T02:31:29.056+0000][1][gc,heap      ] GC(6) CMS: 11337K->11337K(174784K)
[2022-06-13T02:31:29.056+0000][1][gc,metaspace ] GC(6) Metaspace: 19417K->19417K(1067008K)
[2022-06-13T02:31:29.056+0000][1][gc           ] GC(6) Pause Young (Allocation Failure) 83M->16M(247M) 2.740ms
[2022-06-13T02:31:29.056+0000][1][gc,cpu       ] GC(6) User=0.01s Sys=0.00s Real=0.00s
[2022-06-13T02:31:29.056+0000][1][safepoint    ] Leaving safepoint region
[2022-06-13T02:31:29.056+0000][1][safepoint    ] Total time for which application threads were stopped: 0.0033386 seconds, Stopping threads took: 0.0001700 seconds
[2022-06-13T02:31:29.056+0000][1][safepoint    ] Application time: 0.0001807 seconds
[2022-06-13T02:31:29.057+0000][1][safepoint    ] Entering safepoint region: RevokeBias
[2022-06-13T02:31:29.057+0000][1][safepoint    ] Leaving safepoint region
[2022-06-13T02:31:29.057+0000][1][safepoint    ] Total time for which application threads were stopped: 0.0003883 seconds, Stopping threads took: 0.0001434 seconds
[2022-06-13T02:31:29.057+0000][1][safepoint    ] Application time: 0.0000904 seconds
[2022-06-13T02:31:29.057+0000][1][safepoint    ] Entering safepoint region: BulkRevokeBias
[2022-06-13T02:31:29.058+0000][1][safepoint    ] Leaving safepoint region
[2022-06-13T02:31:29.058+0000][1][safepoint    ] Total time for which application threads were stopped: 0.0003502 seconds, Stopping threads took: 0.0001656 seconds
[2022-06-13T02:31:29.058+0000][1][safepoint    ] Application time: 0.0000912 seconds
[2022-06-13T02:31:29.058+0000][1][safepoint    ] Entering safepoint region: BulkRevokeBias
[2022-06-13T02:31:29.058+0000][1][safepoint    ] Leaving safepoint region
[2022-06-13T02:31:29.058+0000][1][safepoint    ] Total time for which application threads were stopped: 0.0003087 seconds, Stopping threads took: 0.0001348 seconds
[2022-06-13T02:31:29.128+0000][1][safepoint    ] Application time: 0.0693677 seconds
[2022-06-13T02:31:29.128+0000][1][safepoint    ] Entering safepoint region: GenCollectForAllocation
[2022-06-13T02:31:29.128+0000][1][gc,start     ] GC(7) Pause Young (Allocation Failure)
[2022-06-13T02:31:29.128+0000][1][gc,task      ] GC(7) Using 5 workers of 13 for evacuation
[2022-06-13T02:31:29.130+0000][1][gc,age       ] GC(7) Desired survivor size 4456448 bytes, new threshold 6 (max threshold 6)
[2022-06-13T02:31:29.130+0000][1][gc,age       ] GC(7) Age table with threshold 6 (max threshold 6)
[2022-06-13T02:31:29.130+0000][1][gc,age       ] GC(7) - age   1:     454552 bytes,     454552 total
[2022-06-13T02:31:29.130+0000][1][gc,age       ] GC(7) - age   2:    1154584 bytes,    1609136 total
[2022-06-13T02:31:29.130+0000][1][gc,age       ] GC(7) - age   3:    2169616 bytes,    3778752 total
[2022-06-13T02:31:29.130+0000][1][gc,age       ] GC(7) - age   4:     550304 bytes,    4329056 total
[2022-06-13T02:31:29.131+0000][1][gc,heap      ] GC(7) ParNew: 75932K->6699K(78656K)
[2022-06-13T02:31:29.131+0000][1][gc,heap      ] GC(7) CMS: 11337K->11337K(174784K)
[2022-06-13T02:31:29.131+0000][1][gc,metaspace ] GC(7) Metaspace: 19669K->19669K(1067008K)
[2022-06-13T02:31:29.131+0000][1][gc           ] GC(7) Pause Young (Allocation Failure) 85M->17M(247M) 2.608ms
[2022-06-13T02:31:29.131+0000][1][gc,cpu       ] GC(7) User=0.04s Sys=0.00s Real=0.01s
[2022-06-13T02:31:29.131+0000][1][safepoint    ] Leaving safepoint region
[2022-06-13T02:31:29.131+0000][1][safepoint    ] Total time for which application threads were stopped: 0.0031084 seconds, Stopping threads took: 0.0001159 seconds
[2022-06-13T02:31:29.150+0000][1][safepoint    ] Application time: 0.0185603 seconds
[2022-06-13T02:31:29.150+0000][1][safepoint    ] Entering safepoint region: CollectForMetadataAllocation
[2022-06-13T02:31:29.150+0000][1][safepoint    ] Leaving safepoint region
[2022-06-13T02:31:29.150+0000][1][safepoint    ] Total time for which application threads were stopped: 0.0003121 seconds, Stopping threads took: 0.0000936 seconds
[2022-06-13T02:31:29.160+0000][1][safepoint    ] Application time: 0.0098619 seconds
[2022-06-13T02:31:29.161+0000][1][safepoint    ] Entering safepoint region: CollectForMetadataAllocation
[2022-06-13T02:31:29.161+0000][1][safepoint    ] Leaving safepoint region
[2022-06-13T02:31:29.161+0000][1][safepoint    ] Total time for which application threads were stopped: 0.0003879 seconds, Stopping threads took: 0.0001366 seconds
[2022-06-13T02:31:29.221+0000][1][safepoint    ] Application time: 0.0599021 seconds
[2022-06-13T02:31:29.221+0000][1][safepoint    ] Entering safepoint region: GenCollectForAllocation
[2022-06-13T02:31:29.221+0000][1][gc,start     ] GC(8) Pause Young (Allocation Failure)
[2022-06-13T02:31:29.222+0000][1][gc,task      ] GC(8) Using 5 workers of 13 for evacuation
[2022-06-13T02:31:29.225+0000][1][gc,age       ] GC(8) Desired survivor size 4456448 bytes, new threshold 4 (max threshold 6)
[2022-06-13T02:31:29.225+0000][1][gc,age       ] GC(8) Age table with threshold 4 (max threshold 6)
[2022-06-13T02:31:29.225+0000][1][gc,age       ] GC(8) - age   1:    2402712 bytes,    2402712 total
[2022-06-13T02:31:29.225+0000][1][gc,age       ] GC(8) - age   2:     437208 bytes,    2839920 total
[2022-06-13T02:31:29.225+0000][1][gc,age       ] GC(8) - age   3:    1154440 bytes,    3994360 total
[2022-06-13T02:31:29.225+0000][1][gc,age       ] GC(8) - age   4:    2167400 bytes,    6161760 total
[2022-06-13T02:31:29.225+0000][1][gc,age       ] GC(8) - age   5:     550304 bytes,    6712064 total
[2022-06-13T02:31:29.225+0000][1][gc,heap      ] GC(8) ParNew: 76651K->8704K(78656K)
[2022-06-13T02:31:29.225+0000][1][gc,heap      ] GC(8) CMS: 11337K->11337K(174784K)
[2022-06-13T02:31:29.226+0000][1][gc,metaspace ] GC(8) Metaspace: 20465K->20465K(1069056K)
[2022-06-13T02:31:29.226+0000][1][gc           ] GC(8) Pause Young (Allocation Failure) 85M->19M(247M) 4.227ms
[2022-06-13T02:31:29.226+0000][1][gc,cpu       ] GC(8) User=0.01s Sys=0.00s Real=0.00s
[2022-06-13T02:31:29.226+0000][1][safepoint    ] Leaving safepoint region
[2022-06-13T02:31:29.226+0000][1][safepoint    ] Total time for which application threads were stopped: 0.0047700 seconds, Stopping threads took: 0.0001539 seconds
[2022-06-13T02:31:29.226+0000][1][safepoint    ] Application time: 0.0001495 seconds
[2022-06-13T02:31:29.226+0000][1][safepoint    ] Entering safepoint region: CMS_Initial_Mark
[2022-06-13T02:31:29.227+0000][1][gc,start     ] GC(9) Pause Initial Mark
[2022-06-13T02:31:29.227+0000][1][gc           ] GC(9) Pause Initial Mark 20M->20M(247M) 0.721ms
[2022-06-13T02:31:29.227+0000][1][gc,cpu       ] GC(9) User=0.01s Sys=0.00s Real=0.00s
[2022-06-13T02:31:29.227+0000][1][safepoint    ] Leaving safepoint region
[2022-06-13T02:31:29.228+0000][1][safepoint    ] Total time for which application threads were stopped: 0.0012368 seconds, Stopping threads took: 0.0001282 seconds
[2022-06-13T02:31:29.228+0000][1][gc           ] GC(9) Concurrent Mark
[2022-06-13T02:31:29.228+0000][1][gc,task      ] GC(9) Using 4 workers of 4 for marking
[2022-06-13T02:31:29.233+0000][1][gc           ] GC(9) Concurrent Mark 4.712ms
[2022-06-13T02:31:29.233+0000][1][gc,cpu       ] GC(9) User=0.04s Sys=0.01s Real=0.01s
[2022-06-13T02:31:29.233+0000][1][gc           ] GC(9) Concurrent Preclean
[2022-06-13T02:31:29.234+0000][1][gc           ] GC(9) Concurrent Preclean 0.732ms
[2022-06-13T02:31:29.234+0000][1][gc,cpu       ] GC(9) User=0.00s Sys=0.00s Real=0.00s
[2022-06-13T02:31:29.234+0000][1][gc           ] GC(9) Concurrent Abortable Preclean
[2022-06-13T02:31:29.275+0000][1][safepoint    ] Application time: 0.0473717 seconds
[2022-06-13T02:31:29.275+0000][1][safepoint    ] Entering safepoint region: GenCollectForAllocation
[2022-06-13T02:31:29.275+0000][1][gc,start     ] GC(10) Pause Young (Allocation Failure)
[2022-06-13T02:31:29.276+0000][1][gc,task      ] GC(10) Using 5 workers of 13 for evacuation
[2022-06-13T02:31:29.278+0000][1][gc,age       ] GC(10) Desired survivor size 4456448 bytes, new threshold 6 (max threshold 6)
[2022-06-13T02:31:29.278+0000][1][gc,age       ] GC(10) Age table with threshold 6 (max threshold 6)
[2022-06-13T02:31:29.278+0000][1][gc,age       ] GC(10) - age   1:     528704 bytes,     528704 total
[2022-06-13T02:31:29.278+0000][1][gc,age       ] GC(10) - age   2:     525840 bytes,    1054544 total
[2022-06-13T02:31:29.279+0000][1][gc,age       ] GC(10) - age   3:     437088 bytes,    1491632 total
[2022-06-13T02:31:29.279+0000][1][gc,age       ] GC(10) - age   4:    1154440 bytes,    2646072 total
[2022-06-13T02:31:29.279+0000][1][gc,heap      ] GC(10) ParNew: 78656K->5918K(78656K)
[2022-06-13T02:31:29.279+0000][1][gc,heap      ] GC(10) CMS: 11337K->14014K(174784K)
[2022-06-13T02:31:29.279+0000][1][gc,metaspace ] GC(10) Metaspace: 20581K->20581K(1069056K)
[2022-06-13T02:31:29.279+0000][1][gc           ] GC(10) Pause Young (Allocation Failure) 87M->19M(247M) 3.587ms
[2022-06-13T02:31:29.279+0000][1][gc,cpu       ] GC(10) User=0.02s Sys=0.00s Real=0.01s
[2022-06-13T02:31:29.279+0000][1][safepoint    ] Leaving safepoint region
[2022-06-13T02:31:29.279+0000][1][safepoint    ] Total time for which application threads were stopped: 0.0041111 seconds, Stopping threads took: 0.0000952 seconds
[2022-06-13T02:31:29.334+0000][1][safepoint    ] Application time: 0.0546881 seconds
[2022-06-13T02:31:29.334+0000][1][safepoint    ] Entering safepoint region: GenCollectForAllocation
[2022-06-13T02:31:29.335+0000][1][gc,start     ] GC(11) Pause Young (Allocation Failure)
[2022-06-13T02:31:29.335+0000][1][gc,task      ] GC(11) Using 5 workers of 13 for evacuation
[2022-06-13T02:31:29.337+0000][1][gc,age       ] GC(11) Desired survivor size 4456448 bytes, new threshold 6 (max threshold 6)
[2022-06-13T02:31:29.337+0000][1][gc,age       ] GC(11) Age table with threshold 6 (max threshold 6)
[2022-06-13T02:31:29.337+0000][1][gc,age       ] GC(11) - age   1:    1389896 bytes,    1389896 total
[2022-06-13T02:31:29.337+0000][1][gc,age       ] GC(11) - age   2:     132056 bytes,    1521952 total
[2022-06-13T02:31:29.337+0000][1][gc,age       ] GC(11) - age   3:     525816 bytes,    2047768 total
[2022-06-13T02:31:29.338+0000][1][gc,age       ] GC(11) - age   4:     436984 bytes,    2484752 total
[2022-06-13T02:31:29.338+0000][1][gc,age       ] GC(11) - age   5:    1154152 bytes,    3638904 total
[2022-06-13T02:31:29.338+0000][1][gc,heap      ] GC(11) ParNew: 75870K->4862K(78656K)
[2022-06-13T02:31:29.338+0000][1][gc,heap      ] GC(11) CMS: 14014K->14014K(174784K)
[2022-06-13T02:31:29.339+0000][1][gc,metaspace ] GC(11) Metaspace: 20658K->20658K(1069056K)
[2022-06-13T02:31:29.339+0000][1][gc           ] GC(11) Pause Young (Allocation Failure) 87M->18M(247M) 4.254ms
[2022-06-13T02:31:29.339+0000][1][gc,cpu       ] GC(11) User=0.01s Sys=0.00s Real=0.01s
[2022-06-13T02:31:29.339+0000][1][safepoint    ] Leaving safepoint region
[2022-06-13T02:31:29.340+0000][1][safepoint    ] Total time for which application threads were stopped: 0.0051868 seconds, Stopping threads took: 0.0001722 seconds
[2022-06-13T02:31:29.367+0000][1][safepoint    ] Application time: 0.0269428 seconds
[2022-06-13T02:31:29.367+0000][1][safepoint    ] Entering safepoint region: CollectForMetadataAllocation
[2022-06-13T02:31:29.367+0000][1][safepoint    ] Leaving safepoint region
[2022-06-13T02:31:29.368+0000][1][safepoint    ] Total time for which application threads were stopped: 0.0005987 seconds, Stopping threads took: 0.0002406 seconds
[2022-06-13T02:31:29.374+0000][1][safepoint    ] Application time: 0.0056474 seconds
[2022-06-13T02:31:29.374+0000][1][safepoint    ] Entering safepoint region: Deoptimize
[2022-06-13T02:31:29.375+0000][1][safepoint    ] Leaving safepoint region
[2022-06-13T02:31:29.375+0000][1][safepoint    ] Total time for which application threads were stopped: 0.0010858 seconds, Stopping threads took: 0.0002997 seconds
[2022-06-13T02:31:29.376+0000][1][gc           ] GC(9) Concurrent Abortable Preclean 141.784ms
[2022-06-13T02:31:29.376+0000][1][gc,cpu       ] GC(9) User=0.43s Sys=0.00s Real=0.14s
[2022-06-13T02:31:29.376+0000][1][safepoint    ] Application time: 0.0010677 seconds
[2022-06-13T02:31:29.377+0000][1][safepoint    ] Entering safepoint region: CMS_Final_Remark
[2022-06-13T02:31:29.377+0000][1][gc,start     ] GC(9) Pause Remark
[2022-06-13T02:31:29.388+0000][1][gc           ] GC(9) Pause Remark 60M->60M(247M) 11.034ms
[2022-06-13T02:31:29.389+0000][1][gc,cpu       ] GC(9) User=0.02s Sys=0.00s Real=0.01s
[2022-06-13T02:31:29.389+0000][1][safepoint    ] Leaving safepoint region
[2022-06-13T02:31:29.389+0000][1][safepoint    ] Total time for which application threads were stopped: 0.0126712 seconds, Stopping threads took: 0.0003170 seconds
[2022-06-13T02:31:29.390+0000][1][gc           ] GC(9) Concurrent Sweep
[2022-06-13T02:31:29.392+0000][1][safepoint    ] Application time: 0.0026368 seconds
[2022-06-13T02:31:29.393+0000][1][safepoint    ] Entering safepoint region: CollectForMetadataAllocation
[2022-06-13T02:31:29.394+0000][1][safepoint    ] Leaving safepoint region
[2022-06-13T02:31:29.394+0000][1][safepoint    ] Total time for which application threads were stopped: 0.0015805 seconds, Stopping threads took: 0.0005117 seconds
[2022-06-13T02:31:29.396+0000][1][gc           ] GC(9) Concurrent Sweep 6.657ms
[2022-06-13T02:31:29.396+0000][1][gc,cpu       ] GC(9) User=0.02s Sys=0.00s Real=0.00s
[2022-06-13T02:31:29.397+0000][1][gc           ] GC(9) Concurrent Reset
[2022-06-13T02:31:29.397+0000][1][gc           ] GC(9) Concurrent Reset 0.563ms
[2022-06-13T02:31:29.398+0000][1][gc,cpu       ] GC(9) User=0.01s Sys=0.00s Real=0.00s
[2022-06-13T02:31:29.398+0000][1][gc,heap      ] GC(9) Old: 11337K->13989K(174784K)
[2022-06-13T02:31:29.599+0000][1][safepoint    ] Application time: 0.2047716 seconds
[2022-06-13T02:31:29.600+0000][1][safepoint    ] Entering safepoint region: RevokeBias
[2022-06-13T02:31:29.600+0000][1][safepoint    ] Leaving safepoint region
[2022-06-13T02:31:29.600+0000][1][safepoint    ] Total time for which application threads were stopped: 0.0007426 seconds, Stopping threads took: 0.0003365 seconds
[2022-06-13T02:31:29.605+0000][1][safepoint    ] Application time: 0.0043043 seconds
[2022-06-13T02:31:29.605+0000][1][safepoint    ] Entering safepoint region: Deoptimize
[2022-06-13T02:31:29.605+0000][1][safepoint    ] Leaving safepoint region
[2022-06-13T02:31:29.606+0000][1][safepoint    ] Total time for which application threads were stopped: 0.0005964 seconds, Stopping threads took: 0.0001111 seconds
[2022-06-13T02:31:29.606+0000][1][safepoint    ] Application time: 0.0003126 seconds
[2022-06-13T02:31:29.606+0000][1][safepoint    ] Entering safepoint region: Deoptimize
[2022-06-13T02:31:29.607+0000][1][safepoint    ] Leaving safepoint region
[2022-06-13T02:31:29.607+0000][1][safepoint    ] Total time for which application threads were stopped: 0.0006701 seconds, Stopping threads took: 0.0001233 seconds
[2022-06-13T02:31:29.611+0000][1][safepoint    ] Application time: 0.0040378 seconds
[2022-06-13T02:31:29.611+0000][1][safepoint    ] Entering safepoint region: GenCollectForAllocation
[2022-06-13T02:31:29.612+0000][1][gc,start     ] GC(12) Pause Young (Allocation Failure)
[2022-06-13T02:31:29.612+0000][1][gc,task      ] GC(12) Using 5 workers of 13 for evacuation
[2022-06-13T02:31:29.615+0000][1][gc,age       ] GC(12) Desired survivor size 4456448 bytes, new threshold 6 (max threshold 6)
[2022-06-13T02:31:29.616+0000][1][gc,age       ] GC(12) Age table with threshold 6 (max threshold 6)
[2022-06-13T02:31:29.616+0000][1][gc,age       ] GC(12) - age   1:    1791336 bytes,    1791336 total
[2022-06-13T02:31:29.616+0000][1][gc,age       ] GC(12) - age   2:     344944 bytes,    2136280 total
[2022-06-13T02:31:29.616+0000][1][gc,age       ] GC(12) - age   3:     131808 bytes,    2268088 total
[2022-06-13T02:31:29.617+0000][1][gc,age       ] GC(12) - age   4:     522736 bytes,    2790824 total
[2022-06-13T02:31:29.617+0000][1][gc,age       ] GC(12) - age   5:     434696 bytes,    3225520 total
[2022-06-13T02:31:29.617+0000][1][gc,age       ] GC(12) - age   6:    1153776 bytes,    4379296 total
[2022-06-13T02:31:29.617+0000][1][gc,heap      ] GC(12) ParNew: 74814K->5491K(78656K)
[2022-06-13T02:31:29.618+0000][1][gc,heap      ] GC(12) CMS: 13989K->13989K(174784K)
[2022-06-13T02:31:29.618+0000][1][gc,metaspace ] GC(12) Metaspace: 25841K->25841K(1073152K)
[2022-06-13T02:31:29.618+0000][1][gc           ] GC(12) Pause Young (Allocation Failure) 86M->19M(247M) 6.288ms
[2022-06-13T02:31:29.618+0000][1][gc,cpu       ] GC(12) User=0.02s Sys=0.00s Real=0.00s
[2022-06-13T02:31:29.619+0000][1][safepoint    ] Leaving safepoint region
[2022-06-13T02:31:29.619+0000][1][safepoint    ] Total time for which application threads were stopped: 0.0074749 seconds, Stopping threads took: 0.0003905 seconds
[2022-06-13T02:31:29.624+0000][1][safepoint    ] Application time: 0.0050060 seconds
[2022-06-13T02:31:29.625+0000][1][safepoint    ] Entering safepoint region: Deoptimize
[2022-06-13T02:31:29.625+0000][1][safepoint    ] Leaving safepoint region
[2022-06-13T02:31:29.626+0000][1][safepoint    ] Total time for which application threads were stopped: 0.0011175 seconds, Stopping threads took: 0.0004056 seconds
[2022-06-13T02:31:29.629+0000][1][safepoint    ] Application time: 0.0034814 seconds
[2022-06-13T02:31:29.630+0000][1][safepoint    ] Entering safepoint region: Deoptimize
[2022-06-13T02:31:29.630+0000][1][safepoint    ] Leaving safepoint region
[2022-06-13T02:31:29.631+0000][1][safepoint    ] Total time for which application threads were stopped: 0.0009147 seconds, Stopping threads took: 0.0002719 seconds
[2022-06-13T02:31:29.833+0000][1][safepoint    ] Application time: 0.2018147 seconds
[2022-06-13T02:31:29.833+0000][1][safepoint    ] Entering safepoint region: RevokeBias
[2022-06-13T02:31:29.834+0000][1][safepoint    ] Leaving safepoint region
[2022-06-13T02:31:29.834+0000][1][safepoint    ] Total time for which application threads were stopped: 0.0007190 seconds, Stopping threads took: 0.0001769 seconds
[2022-06-13T02:31:29.943+0000][1][safepoint    ] Application time: 0.1088569 seconds
[2022-06-13T02:31:29.943+0000][1][safepoint    ] Entering safepoint region: Deoptimize
[2022-06-13T02:31:29.944+0000][1][safepoint    ] Leaving safepoint region
[2022-06-13T02:31:29.944+0000][1][safepoint    ] Total time for which application threads were stopped: 0.0010719 seconds, Stopping threads took: 0.0002023 seconds
[2022-06-13T02:31:30.181+0000][1][safepoint    ] Application time: 0.2368659 seconds
[2022-06-13T02:31:30.182+0000][1][safepoint    ] Entering safepoint region: GenCollectForAllocation
[2022-06-13T02:31:30.182+0000][1][gc,start     ] GC(13) Pause Young (Allocation Failure)
[2022-06-13T02:31:30.182+0000][1][gc,task      ] GC(13) Using 5 workers of 13 for evacuation
[2022-06-13T02:31:30.200+0000][1][gc,age       ] GC(13) Desired survivor size 4456448 bytes, new threshold 1 (max threshold 6)
[2022-06-13T02:31:30.201+0000][1][gc,age       ] GC(13) Age table with threshold 1 (max threshold 6)
[2022-06-13T02:31:30.201+0000][1][gc,age       ] GC(13) - age   1:    5828480 bytes,    5828480 total
[2022-06-13T02:31:30.201+0000][1][gc,age       ] GC(13) - age   2:    1650600 bytes,    7479080 total
[2022-06-13T02:31:30.201+0000][1][gc,age       ] GC(13) - age   3:     344648 bytes,    7823728 total
[2022-06-13T02:31:30.201+0000][1][gc,age       ] GC(13) - age   4:     131792 bytes,    7955520 total
[2022-06-13T02:31:30.202+0000][1][gc,age       ] GC(13) - age   5:     522600 bytes,    8478120 total
[2022-06-13T02:31:30.202+0000][1][gc,age       ] GC(13) - age   6:     434696 bytes,    8912816 total
[2022-06-13T02:31:30.202+0000][1][gc,heap      ] GC(13) ParNew: 75443K->8704K(78656K)
[2022-06-13T02:31:30.202+0000][1][gc,heap      ] GC(13) CMS: 13989K->25130K(174784K)
[2022-06-13T02:31:30.202+0000][1][gc,metaspace ] GC(13) Metaspace: 27186K->27186K(1075200K)
[2022-06-13T02:31:30.202+0000][1][gc           ] GC(13) Pause Young (Allocation Failure) 87M->33M(247M) 20.474ms
[2022-06-13T02:31:30.203+0000][1][gc,cpu       ] GC(13) User=0.19s Sys=0.00s Real=0.02s
[2022-06-13T02:31:30.203+0000][1][safepoint    ] Leaving safepoint region
[2022-06-13T02:31:30.203+0000][1][safepoint    ] Total time for which application threads were stopped: 0.0213421 seconds, Stopping threads took: 0.0002048 seconds
[2022-06-13T02:31:30.511+0000][1][safepoint    ] Application time: 0.3084292 seconds
[2022-06-13T02:31:30.512+0000][1][safepoint    ] Entering safepoint region: GenCollectForAllocation
[2022-06-13T02:31:30.512+0000][1][gc,start     ] GC(14) Pause Young (Allocation Failure)
[2022-06-13T02:31:30.512+0000][1][gc,task      ] GC(14) Using 5 workers of 13 for evacuation
[2022-06-13T02:31:30.528+0000][1][gc,age       ] GC(14) Desired survivor size 4456448 bytes, new threshold 1 (max threshold 6)
[2022-06-13T02:31:30.529+0000][1][gc,age       ] GC(14) Age table with threshold 1 (max threshold 6)
[2022-06-13T02:31:30.529+0000][1][gc,age       ] GC(14) - age   1:    8912752 bytes,    8912752 total
[2022-06-13T02:31:30.529+0000][1][gc,heap      ] GC(14) ParNew: 78656K->8704K(78656K)
[2022-06-13T02:31:30.529+0000][1][gc,heap      ] GC(14) CMS: 25130K->38579K(174784K)
[2022-06-13T02:31:30.529+0000][1][gc,metaspace ] GC(14) Metaspace: 27218K->27218K(1075200K)
[2022-06-13T02:31:30.529+0000][1][gc           ] GC(14) Pause Young (Allocation Failure) 101M->46M(247M) 17.267ms
[2022-06-13T02:31:30.529+0000][1][gc,cpu       ] GC(14) User=0.10s Sys=0.00s Real=0.02s
[2022-06-13T02:31:30.529+0000][1][safepoint    ] Leaving safepoint region
[2022-06-13T02:31:30.530+0000][1][safepoint    ] Total time for which application threads were stopped: 0.0177437 seconds, Stopping threads took: 0.0000930 seconds
[2022-06-13T02:31:30.693+0000][1][safepoint    ] Application time: 0.1634163 seconds
[2022-06-13T02:31:30.693+0000][1][safepoint    ] Entering safepoint region: RevokeBias
[2022-06-13T02:31:30.694+0000][1][safepoint    ] Leaving safepoint region
[2022-06-13T02:31:30.694+0000][1][safepoint    ] Total time for which application threads were stopped: 0.0004846 seconds, Stopping threads took: 0.0001830 seconds
[2022-06-13T02:31:30.813+0000][1][safepoint    ] Application time: 0.1190039 seconds
[2022-06-13T02:31:30.813+0000][1][safepoint    ] Entering safepoint region: RevokeBias
[2022-06-13T02:31:30.814+0000][1][safepoint    ] Leaving safepoint region
[2022-06-13T02:31:30.814+0000][1][safepoint    ] Total time for which application threads were stopped: 0.0004129 seconds, Stopping threads took: 0.0001903 seconds
[2022-06-13T02:31:30.871+0000][1][safepoint    ] Application time: 0.0569770 seconds
[2022-06-13T02:31:30.871+0000][1][safepoint    ] Entering safepoint region: GenCollectForAllocation
[2022-06-13T02:31:30.871+0000][1][gc,start     ] GC(15) Pause Young (Allocation Failure)
[2022-06-13T02:31:30.872+0000][1][gc,task      ] GC(15) Using 5 workers of 13 for evacuation
[2022-06-13T02:31:30.883+0000][1][gc,age       ] GC(15) Desired survivor size 4456448 bytes, new threshold 1 (max threshold 6)
[2022-06-13T02:31:30.883+0000][1][gc,age       ] GC(15) Age table with threshold 1 (max threshold 6)
[2022-06-13T02:31:30.883+0000][1][gc,age       ] GC(15) - age   1:    7088624 bytes,    7088624 total
[2022-06-13T02:31:30.883+0000][1][gc,heap      ] GC(15) ParNew: 78656K->8704K(78656K)
[2022-06-13T02:31:30.883+0000][1][gc,heap      ] GC(15) CMS: 38579K->48326K(174784K)
[2022-06-13T02:31:30.883+0000][1][gc,metaspace ] GC(15) Metaspace: 31099K->31099K(1077248K)
[2022-06-13T02:31:30.884+0000][1][gc           ] GC(15) Pause Young (Allocation Failure) 114M->55M(247M) 12.173ms
[2022-06-13T02:31:30.884+0000][1][gc,cpu       ] GC(15) User=0.08s Sys=0.00s Real=0.01s
[2022-06-13T02:31:30.884+0000][1][safepoint    ] Leaving safepoint region
[2022-06-13T02:31:30.884+0000][1][safepoint    ] Total time for which application threads were stopped: 0.0127432 seconds, Stopping threads took: 0.0002361 seconds
[2022-06-13T02:31:31.032+0000][1][safepoint    ] Application time: 0.1476100 seconds
[2022-06-13T02:31:31.032+0000][1][safepoint    ] Entering safepoint region: GenCollectForAllocation
[2022-06-13T02:31:31.032+0000][1][gc,start     ] GC(16) Pause Young (Allocation Failure)
[2022-06-13T02:31:31.032+0000][1][gc,task      ] GC(16) Using 5 workers of 13 for evacuation
[2022-06-13T02:31:31.037+0000][1][gc,age       ] GC(16) Desired survivor size 4456448 bytes, new threshold 6 (max threshold 6)
[2022-06-13T02:31:31.037+0000][1][gc,age       ] GC(16) Age table with threshold 6 (max threshold 6)
[2022-06-13T02:31:31.038+0000][1][gc,age       ] GC(16) - age   1:     551912 bytes,     551912 total
[2022-06-13T02:31:31.038+0000][1][gc,heap      ] GC(16) ParNew: 78656K->7283K(78656K)
[2022-06-13T02:31:31.038+0000][1][gc,heap      ] GC(16) CMS: 48326K->55297K(174784K)
[2022-06-13T02:31:31.038+0000][1][gc,metaspace ] GC(16) Metaspace: 33025K->33025K(1079296K)
[2022-06-13T02:31:31.038+0000][1][gc           ] GC(16) Pause Young (Allocation Failure) 124M->61M(247M) 5.987ms
[2022-06-13T02:31:31.038+0000][1][gc,cpu       ] GC(16) User=0.03s Sys=0.00s Real=0.00s
[2022-06-13T02:31:31.038+0000][1][safepoint    ] Leaving safepoint region
[2022-06-13T02:31:31.038+0000][1][safepoint    ] Total time for which application threads were stopped: 0.0066182 seconds, Stopping threads took: 0.0001349 seconds
[2022-06-13T02:31:31.057+0000][1][safepoint    ] Application time: 0.0181661 seconds
[2022-06-13T02:31:31.057+0000][1][safepoint    ] Entering safepoint region: RevokeBias
[2022-06-13T02:31:31.057+0000][1][safepoint    ] Leaving safepoint region
[2022-06-13T02:31:31.057+0000][1][safepoint    ] Total time for which application threads were stopped: 0.0003804 seconds, Stopping threads took: 0.0001592 seconds
[2022-06-13T02:31:31.219+0000][1][safepoint    ] Application time: 0.1620254 seconds
[2022-06-13T02:31:31.220+0000][1][safepoint    ] Entering safepoint region: CollectForMetadataAllocation
[2022-06-13T02:31:31.220+0000][1][safepoint    ] Leaving safepoint region
[2022-06-13T02:31:31.220+0000][1][safepoint    ] Total time for which application threads were stopped: 0.0003900 seconds, Stopping threads took: 0.0001346 seconds
[2022-06-13T02:31:31.232+0000][1][safepoint    ] Application time: 0.0116271 seconds
[2022-06-13T02:31:31.232+0000][1][safepoint    ] Entering safepoint region: CollectForMetadataAllocation
[2022-06-13T02:31:31.232+0000][1][safepoint    ] Leaving safepoint region
[2022-06-13T02:31:31.233+0000][1][safepoint    ] Total time for which application threads were stopped: 0.0004470 seconds, Stopping threads took: 0.0001691 seconds
[2022-06-13T02:31:31.248+0000][1][safepoint    ] Application time: 0.0150083 seconds
[2022-06-13T02:31:31.248+0000][1][safepoint    ] Entering safepoint region: CollectForMetadataAllocation
[2022-06-13T02:31:31.249+0000][1][safepoint    ] Leaving safepoint region
[2022-06-13T02:31:31.249+0000][1][safepoint    ] Total time for which application threads were stopped: 0.0007268 seconds, Stopping threads took: 0.0003171 seconds
[2022-06-13T02:31:31.259+0000][1][safepoint    ] Application time: 0.0097454 seconds
[2022-06-13T02:31:31.259+0000][1][safepoint    ] Entering safepoint region: CollectForMetadataAllocation
[2022-06-13T02:31:31.260+0000][1][safepoint    ] Leaving safepoint region
[2022-06-13T02:31:31.260+0000][1][safepoint    ] Total time for which application threads were stopped: 0.0005992 seconds, Stopping threads took: 0.0003246 seconds
[2022-06-13T02:31:31.277+0000][1][safepoint    ] Application time: 0.0169992 seconds
[2022-06-13T02:31:31.278+0000][1][safepoint    ] Entering safepoint region: CollectForMetadataAllocation
[2022-06-13T02:31:31.278+0000][1][safepoint    ] Leaving safepoint region
[2022-06-13T02:31:31.279+0000][1][safepoint    ] Total time for which application threads were stopped: 0.0009266 seconds, Stopping threads took: 0.0005066 seconds
[2022-06-13T02:31:31.298+0000][1][safepoint    ] Application time: 0.0195087 seconds
[2022-06-13T02:31:31.299+0000][1][safepoint    ] Entering safepoint region: CollectForMetadataAllocation
[2022-06-13T02:31:31.300+0000][1][safepoint    ] Leaving safepoint region
[2022-06-13T02:31:31.300+0000][1][safepoint    ] Total time for which application threads were stopped: 0.0012172 seconds, Stopping threads took: 0.0002354 seconds
[2022-06-13T02:31:31.311+0000][1][safepoint    ] Application time: 0.0105109 seconds
[2022-06-13T02:31:31.311+0000][1][safepoint    ] Entering safepoint region: CollectForMetadataAllocation
[2022-06-13T02:31:31.312+0000][1][safepoint    ] Leaving safepoint region
[2022-06-13T02:31:31.312+0000][1][safepoint    ] Total time for which application threads were stopped: 0.0006118 seconds, Stopping threads took: 0.0002259 seconds
[2022-06-13T02:31:31.322+0000][1][safepoint    ] Application time: 0.0103795 seconds
[2022-06-13T02:31:31.323+0000][1][safepoint    ] Entering safepoint region: CollectForMetadataAllocation
[2022-06-13T02:31:31.323+0000][1][safepoint    ] Leaving safepoint region
[2022-06-13T02:31:31.323+0000][1][safepoint    ] Total time for which application threads were stopped: 0.0005960 seconds, Stopping threads took: 0.0002362 seconds
[2022-06-13T02:31:31.329+0000][1][safepoint    ] Application time: 0.0053119 seconds
[2022-06-13T02:31:31.329+0000][1][safepoint    ] Entering safepoint region: RevokeBias
[2022-06-13T02:31:31.330+0000][1][safepoint    ] Leaving safepoint region
[2022-06-13T02:31:31.330+0000][1][safepoint    ] Total time for which application threads were stopped: 0.0007085 seconds, Stopping threads took: 0.0003090 seconds
[2022-06-13T02:31:31.333+0000][1][safepoint    ] Application time: 0.0029239 seconds
[2022-06-13T02:31:31.334+0000][1][safepoint    ] Entering safepoint region: RevokeBias
[2022-06-13T02:31:31.334+0000][1][safepoint    ] Leaving safepoint region
[2022-06-13T02:31:31.334+0000][1][safepoint    ] Total time for which application threads were stopped: 0.0005531 seconds, Stopping threads took: 0.0003192 seconds
[2022-06-13T02:31:31.339+0000][1][safepoint    ] Application time: 0.0049168 seconds
[2022-06-13T02:31:31.340+0000][1][safepoint    ] Entering safepoint region: RevokeBias
[2022-06-13T02:31:31.340+0000][1][safepoint    ] Leaving safepoint region
[2022-06-13T02:31:31.340+0000][1][safepoint    ] Total time for which application threads were stopped: 0.0004960 seconds, Stopping threads took: 0.0002188 seconds
[2022-06-13T02:31:31.348+0000][1][safepoint    ] Application time: 0.0076698 seconds
[2022-06-13T02:31:31.348+0000][1][safepoint    ] Entering safepoint region: CollectForMetadataAllocation
[2022-06-13T02:31:31.349+0000][1][safepoint    ] Leaving safepoint region
[2022-06-13T02:31:31.349+0000][1][safepoint    ] Total time for which application threads were stopped: 0.0006885 seconds, Stopping threads took: 0.0003556 seconds
[2022-06-13T02:31:31.361+0000][1][safepoint    ] Application time: 0.0118643 seconds
[2022-06-13T02:31:31.362+0000][1][safepoint    ] Entering safepoint region: CollectForMetadataAllocation
[2022-06-13T02:31:31.362+0000][1][safepoint    ] Leaving safepoint region
[2022-06-13T02:31:31.363+0000][1][safepoint    ] Total time for which application threads were stopped: 0.0010298 seconds, Stopping threads took: 0.0004533 seconds
[2022-06-13T02:31:31.373+0000][1][safepoint    ] Application time: 0.0100852 seconds
[2022-06-13T02:31:31.374+0000][1][safepoint    ] Entering safepoint region: CollectForMetadataAllocation
[2022-06-13T02:31:31.374+0000][1][safepoint    ] Leaving safepoint region
[2022-06-13T02:31:31.375+0000][1][safepoint    ] Total time for which application threads were stopped: 0.0010526 seconds, Stopping threads took: 0.0004582 seconds
[2022-06-13T02:31:31.388+0000][1][safepoint    ] Application time: 0.0131779 seconds
[2022-06-13T02:31:31.389+0000][1][safepoint    ] Entering safepoint region: CollectForMetadataAllocation
[2022-06-13T02:31:31.390+0000][1][safepoint    ] Leaving safepoint region
[2022-06-13T02:31:31.390+0000][1][safepoint    ] Total time for which application threads were stopped: 0.0011440 seconds, Stopping threads took: 0.0005215 seconds
[2022-06-13T02:31:31.401+0000][1][safepoint    ] Application time: 0.0110805 seconds
[2022-06-13T02:31:31.402+0000][1][safepoint    ] Entering safepoint region: CollectForMetadataAllocation
[2022-06-13T02:31:31.402+0000][1][safepoint    ] Leaving safepoint region
[2022-06-13T02:31:31.403+0000][1][safepoint    ] Total time for which application threads were stopped: 0.0007006 seconds, Stopping threads took: 0.0002734 seconds
[2022-06-13T02:31:31.414+0000][1][safepoint    ] Application time: 0.0111752 seconds
[2022-06-13T02:31:31.414+0000][1][safepoint    ] Entering safepoint region: CollectForMetadataAllocation
[2022-06-13T02:31:31.415+0000][1][safepoint    ] Leaving safepoint region
[2022-06-13T02:31:31.415+0000][1][safepoint    ] Total time for which application threads were stopped: 0.0008585 seconds, Stopping threads took: 0.0003614 seconds
[2022-06-13T02:31:31.428+0000][1][safepoint    ] Application time: 0.0124187 seconds
[2022-06-13T02:31:31.428+0000][1][safepoint    ] Entering safepoint region: CollectForMetadataAllocation
[2022-06-13T02:31:31.429+0000][1][safepoint    ] Leaving safepoint region
[2022-06-13T02:31:31.429+0000][1][safepoint    ] Total time for which application threads were stopped: 0.0005051 seconds, Stopping threads took: 0.0001992 seconds
[2022-06-13T02:31:31.437+0000][1][safepoint    ] Application time: 0.0074033 seconds
[2022-06-13T02:31:31.437+0000][1][safepoint    ] Entering safepoint region: CollectForMetadataAllocation
[2022-06-13T02:31:31.437+0000][1][safepoint    ] Leaving safepoint region
[2022-06-13T02:31:31.437+0000][1][safepoint    ] Total time for which application threads were stopped: 0.0004396 seconds, Stopping threads took: 0.0001891 seconds
[2022-06-13T02:31:31.454+0000][1][safepoint    ] Application time: 0.0166259 seconds
[2022-06-13T02:31:31.454+0000][1][safepoint    ] Entering safepoint region: CollectForMetadataAllocation
[2022-06-13T02:31:31.455+0000][1][safepoint    ] Leaving safepoint region
[2022-06-13T02:31:31.455+0000][1][safepoint    ] Total time for which application threads were stopped: 0.0007825 seconds, Stopping threads took: 0.0003590 seconds
[2022-06-13T02:31:31.465+0000][1][safepoint    ] Application time: 0.0094066 seconds
[2022-06-13T02:31:31.465+0000][1][safepoint    ] Entering safepoint region: CollectForMetadataAllocation
[2022-06-13T02:31:31.466+0000][1][safepoint    ] Leaving safepoint region
[2022-06-13T02:31:31.466+0000][1][safepoint    ] Total time for which application threads were stopped: 0.0011677 seconds, Stopping threads took: 0.0003264 seconds
[2022-06-13T02:31:31.483+0000][1][safepoint    ] Application time: 0.0163940 seconds
[2022-06-13T02:31:31.483+0000][1][safepoint    ] Entering safepoint region: CollectForMetadataAllocation
[2022-06-13T02:31:31.484+0000][1][safepoint    ] Leaving safepoint region
[2022-06-13T02:31:31.484+0000][1][safepoint    ] Total time for which application threads were stopped: 0.0009451 seconds, Stopping threads took: 0.0004525 seconds
[2022-06-13T02:31:31.497+0000][1][safepoint    ] Application time: 0.0121888 seconds
[2022-06-13T02:31:31.497+0000][1][safepoint    ] Entering safepoint region: CollectForMetadataAllocation
[2022-06-13T02:31:31.497+0000][1][safepoint    ] Leaving safepoint region
[2022-06-13T02:31:31.497+0000][1][safepoint    ] Total time for which application threads were stopped: 0.0004414 seconds, Stopping threads took: 0.0001313 seconds
[2022-06-13T02:31:31.513+0000][1][safepoint    ] Application time: 0.0154164 seconds
[2022-06-13T02:31:31.514+0000][1][safepoint    ] Entering safepoint region: CollectForMetadataAllocation
[2022-06-13T02:31:31.515+0000][1][safepoint    ] Leaving safepoint region
[2022-06-13T02:31:31.515+0000][1][safepoint    ] Total time for which application threads were stopped: 0.0014432 seconds, Stopping threads took: 0.0003094 seconds
[2022-06-13T02:31:31.533+0000][1][safepoint    ] Application time: 0.0176876 seconds
[2022-06-13T02:31:31.533+0000][1][safepoint    ] Entering safepoint region: CollectForMetadataAllocation
[2022-06-13T02:31:31.533+0000][1][safepoint    ] Leaving safepoint region
[2022-06-13T02:31:31.533+0000][1][safepoint    ] Total time for which application threads were stopped: 0.0003387 seconds, Stopping threads took: 0.0001107 seconds
[2022-06-13T02:31:31.555+0000][1][safepoint    ] Application time: 0.0217736 seconds
[2022-06-13T02:31:31.556+0000][1][safepoint    ] Entering safepoint region: CollectForMetadataAllocation
[2022-06-13T02:31:31.556+0000][1][safepoint    ] Leaving safepoint region
[2022-06-13T02:31:31.556+0000][1][safepoint    ] Total time for which application threads were stopped: 0.0004122 seconds, Stopping threads took: 0.0001695 seconds
[2022-06-13T02:31:31.567+0000][1][safepoint    ] Application time: 0.0112361 seconds
[2022-06-13T02:31:31.568+0000][1][safepoint    ] Entering safepoint region: CollectForMetadataAllocation
[2022-06-13T02:31:31.568+0000][1][safepoint    ] Leaving safepoint region
[2022-06-13T02:31:31.568+0000][1][safepoint    ] Total time for which application threads were stopped: 0.0003462 seconds, Stopping threads took: 0.0001296 seconds
[2022-06-13T02:31:31.589+0000][1][safepoint    ] Application time: 0.0212388 seconds
[2022-06-13T02:31:31.590+0000][1][safepoint    ] Entering safepoint region: RevokeBias
[2022-06-13T02:31:31.590+0000][1][safepoint    ] Leaving safepoint region
[2022-06-13T02:31:31.590+0000][1][safepoint    ] Total time for which application threads were stopped: 0.0004975 seconds, Stopping threads took: 0.0002817 seconds
[2022-06-13T02:31:31.591+0000][1][safepoint    ] Application time: 0.0007106 seconds
[2022-06-13T02:31:31.591+0000][1][safepoint    ] Entering safepoint region: CollectForMetadataAllocation
[2022-06-13T02:31:31.591+0000][1][safepoint    ] Leaving safepoint region
[2022-06-13T02:31:31.591+0000][1][safepoint    ] Total time for which application threads were stopped: 0.0003082 seconds, Stopping threads took: 0.0001050 seconds
[2022-06-13T02:31:31.608+0000][1][safepoint    ] Application time: 0.0163407 seconds
[2022-06-13T02:31:31.608+0000][1][safepoint    ] Entering safepoint region: CollectForMetadataAllocation
[2022-06-13T02:31:31.609+0000][1][safepoint    ] Leaving safepoint region
[2022-06-13T02:31:31.609+0000][1][safepoint    ] Total time for which application threads were stopped: 0.0005896 seconds, Stopping threads took: 0.0001891 seconds
[2022-06-13T02:31:31.761+0000][1][safepoint    ] Application time: 0.1517470 seconds
[2022-06-13T02:31:31.761+0000][1][safepoint    ] Entering safepoint region: GenCollectForAllocation
[2022-06-13T02:31:31.761+0000][1][gc,start     ] GC(17) Pause Young (Allocation Failure)
[2022-06-13T02:31:31.762+0000][1][gc,task      ] GC(17) Using 5 workers of 13 for evacuation
[2022-06-13T02:31:31.765+0000][1][gc,age       ] GC(17) Desired survivor size 4456448 bytes, new threshold 6 (max threshold 6)
[2022-06-13T02:31:31.766+0000][1][gc,age       ] GC(17) Age table with threshold 6 (max threshold 6)
[2022-06-13T02:31:31.766+0000][1][gc,age       ] GC(17) - age   1:    3624680 bytes,    3624680 total
[2022-06-13T02:31:31.766+0000][1][gc,age       ] GC(17) - age   2:     506104 bytes,    4130784 total
[2022-06-13T02:31:31.766+0000][1][gc,heap      ] GC(17) ParNew: 77235K->4997K(78656K)
[2022-06-13T02:31:31.766+0000][1][gc,heap      ] GC(17) CMS: 55297K->55297K(174784K)
[2022-06-13T02:31:31.766+0000][1][gc,metaspace ] GC(17) Metaspace: 42154K->42154K(1087488K)
[2022-06-13T02:31:31.767+0000][1][gc           ] GC(17) Pause Young (Allocation Failure) 129M->58M(247M) 5.246ms
[2022-06-13T02:31:31.767+0000][1][gc,cpu       ] GC(17) User=0.01s Sys=0.00s Real=0.00s
[2022-06-13T02:31:31.767+0000][1][safepoint    ] Leaving safepoint region
[2022-06-13T02:31:31.767+0000][1][safepoint    ] Total time for which application threads were stopped: 0.0060589 seconds, Stopping threads took: 0.0002326 seconds
[2022-06-13T02:31:31.768+0000][1][safepoint    ] Application time: 0.0001510 seconds
[2022-06-13T02:31:31.768+0000][1][safepoint    ] Entering safepoint region: CMS_Initial_Mark
[2022-06-13T02:31:31.768+0000][1][gc,start     ] GC(18) Pause Initial Mark
[2022-06-13T02:31:31.769+0000][1][gc           ] GC(18) Pause Initial Mark 60M->60M(247M) 1.440ms
[2022-06-13T02:31:31.770+0000][1][gc,cpu       ] GC(18) User=0.03s Sys=0.00s Real=0.01s
[2022-06-13T02:31:31.770+0000][1][safepoint    ] Leaving safepoint region
[2022-06-13T02:31:31.770+0000][1][safepoint    ] Total time for which application threads were stopped: 0.0025855 seconds, Stopping threads took: 0.0001582 seconds
[2022-06-13T02:31:31.771+0000][1][gc           ] GC(18) Concurrent Mark
[2022-06-13T02:31:31.771+0000][1][gc,task      ] GC(18) Using 4 workers of 4 for marking
[2022-06-13T02:31:31.772+0000][1][safepoint    ] Application time: 0.0015760 seconds
[2022-06-13T02:31:31.772+0000][1][safepoint    ] Entering safepoint region: RevokeBias
[2022-06-13T02:31:31.773+0000][1][safepoint    ] Leaving safepoint region
[2022-06-13T02:31:31.773+0000][1][safepoint    ] Total time for which application threads were stopped: 0.0005491 seconds, Stopping threads took: 0.0002848 seconds
[2022-06-13T02:31:31.789+0000][1][gc           ] GC(18) Concurrent Mark 18.479ms
[2022-06-13T02:31:31.790+0000][1][gc,cpu       ] GC(18) User=0.12s Sys=0.01s Real=0.02s
[2022-06-13T02:31:31.790+0000][1][gc           ] GC(18) Concurrent Preclean
[2022-06-13T02:31:31.791+0000][1][gc           ] GC(18) Concurrent Preclean 1.436ms
[2022-06-13T02:31:31.792+0000][1][gc,cpu       ] GC(18) User=0.01s Sys=0.00s Real=0.00s
[2022-06-13T02:31:31.792+0000][1][safepoint    ] Application time: 0.0187387 seconds
[2022-06-13T02:31:31.792+0000][1][safepoint    ] Entering safepoint region: CMS_Final_Remark
[2022-06-13T02:31:31.793+0000][1][gc,start     ] GC(18) Pause Remark
[2022-06-13T02:31:31.802+0000][1][gc           ] GC(18) Pause Remark 60M->60M(247M) 9.069ms
[2022-06-13T02:31:31.802+0000][1][gc,cpu       ] GC(18) User=0.03s Sys=0.00s Real=0.01s
[2022-06-13T02:31:31.803+0000][1][safepoint    ] Leaving safepoint region
[2022-06-13T02:31:31.803+0000][1][safepoint    ] Total time for which application threads were stopped: 0.0113368 seconds, Stopping threads took: 0.0004415 seconds
[2022-06-13T02:31:31.804+0000][1][gc           ] GC(18) Concurrent Sweep
[2022-06-13T02:31:31.821+0000][1][gc           ] GC(18) Concurrent Sweep 17.231ms
[2022-06-13T02:31:31.822+0000][1][gc,cpu       ] GC(18) User=0.06s Sys=0.00s Real=0.02s
[2022-06-13T02:31:31.822+0000][1][gc           ] GC(18) Concurrent Reset
[2022-06-13T02:31:31.823+0000][1][gc           ] GC(18) Concurrent Reset 0.575ms
[2022-06-13T02:31:31.823+0000][1][gc,cpu       ] GC(18) User=0.00s Sys=0.00s Real=0.00s
[2022-06-13T02:31:31.823+0000][1][gc,heap      ] GC(18) Old: 55297K->55058K(174784K)
[2022-06-13T02:31:32.208+0000][1][safepoint    ] Application time: 0.4039826 seconds
[2022-06-13T02:31:32.208+0000][1][safepoint    ] Entering safepoint region: ICBufferFull
[2022-06-13T02:31:32.209+0000][1][safepoint    ] Leaving safepoint region
[2022-06-13T02:31:32.209+0000][1][safepoint    ] Total time for which application threads were stopped: 0.0011772 seconds, Stopping threads took: 0.0001428 seconds
[2022-06-13T02:31:32.246+0000][1][safepoint    ] Application time: 0.0371597 seconds
[2022-06-13T02:31:32.247+0000][1][safepoint    ] Entering safepoint region: Deoptimize
[2022-06-13T02:31:32.247+0000][1][safepoint    ] Leaving safepoint region
[2022-06-13T02:31:32.248+0000][1][safepoint    ] Total time for which application threads were stopped: 0.0009040 seconds, Stopping threads took: 0.0001461 seconds
[2022-06-13T02:31:32.254+0000][1][safepoint    ] Application time: 0.0061849 seconds
[2022-06-13T02:31:32.254+0000][1][safepoint    ] Entering safepoint region: RevokeBias
[2022-06-13T02:31:32.254+0000][1][safepoint    ] Leaving safepoint region
[2022-06-13T02:31:32.255+0000][1][safepoint    ] Total time for which application threads were stopped: 0.0003604 seconds, Stopping threads took: 0.0001678 seconds
[2022-06-13T02:31:32.256+0000][1][safepoint    ] Application time: 0.0013930 seconds
[2022-06-13T02:31:32.256+0000][1][safepoint    ] Entering safepoint region: RevokeBias
[2022-06-13T02:31:32.256+0000][1][safepoint    ] Leaving safepoint region
[2022-06-13T02:31:32.257+0000][1][safepoint    ] Total time for which application threads were stopped: 0.0002641 seconds, Stopping threads took: 0.0001139 seconds
[2022-06-13T02:31:32.286+0000][1][safepoint    ] Application time: 0.0298491 seconds
[2022-06-13T02:31:32.287+0000][1][safepoint    ] Entering safepoint region: RevokeBias
[2022-06-13T02:31:32.287+0000][1][safepoint    ] Leaving safepoint region
[2022-06-13T02:31:32.287+0000][1][safepoint    ] Total time for which application threads were stopped: 0.0003584 seconds, Stopping threads took: 0.0001695 seconds
[2022-06-13T02:31:32.299+0000][1][safepoint    ] Application time: 0.0120079 seconds
[2022-06-13T02:31:32.299+0000][1][safepoint    ] Entering safepoint region: RevokeBias
[2022-06-13T02:31:32.300+0000][1][safepoint    ] Leaving safepoint region
[2022-06-13T02:31:32.300+0000][1][safepoint    ] Total time for which application threads were stopped: 0.0003495 seconds, Stopping threads took: 0.0001498 seconds
[2022-06-13T02:31:32.303+0000][1][safepoint    ] Application time: 0.0029488 seconds
[2022-06-13T02:31:32.303+0000][1][safepoint    ] Entering safepoint region: RevokeBias
[2022-06-13T02:31:32.303+0000][1][safepoint    ] Leaving safepoint region
[2022-06-13T02:31:32.303+0000][1][safepoint    ] Total time for which application threads were stopped: 0.0003367 seconds, Stopping threads took: 0.0001665 seconds
[2022-06-13T02:31:32.304+0000][1][safepoint    ] Application time: 0.0001922 seconds
[2022-06-13T02:31:32.304+0000][1][safepoint    ] Entering safepoint region: RevokeBias
[2022-06-13T02:31:32.304+0000][1][safepoint    ] Leaving safepoint region
[2022-06-13T02:31:32.304+0000][1][safepoint    ] Total time for which application threads were stopped: 0.0002265 seconds, Stopping threads took: 0.0000984 seconds
[2022-06-13T02:31:32.350+0000][1][safepoint    ] Application time: 0.0458840 seconds
[2022-06-13T02:31:32.350+0000][1][safepoint    ] Entering safepoint region: RevokeBias
[2022-06-13T02:31:32.351+0000][1][safepoint    ] Leaving safepoint region
[2022-06-13T02:31:32.351+0000][1][safepoint    ] Total time for which application threads were stopped: 0.0002516 seconds, Stopping threads took: 0.0001032 seconds
[2022-06-13T02:31:32.401+0000][1][safepoint    ] Application time: 0.0505879 seconds
[2022-06-13T02:31:32.402+0000][1][safepoint    ] Entering safepoint region: RevokeBias
[2022-06-13T02:31:32.403+0000][1][safepoint    ] Leaving safepoint region
[2022-06-13T02:31:32.403+0000][1][safepoint    ] Total time for which application threads were stopped: 0.0010707 seconds, Stopping threads took: 0.0004284 seconds
[2022-06-13T02:31:32.403+0000][1][safepoint    ] Application time: 0.0001095 seconds
[2022-06-13T02:31:32.403+0000][1][safepoint    ] Entering safepoint region: RevokeBias
[2022-06-13T02:31:32.404+0000][1][safepoint    ] Leaving safepoint region
[2022-06-13T02:31:32.404+0000][1][safepoint    ] Total time for which application threads were stopped: 0.0003701 seconds, Stopping threads took: 0.0002154 seconds
[2022-06-13T02:31:32.404+0000][1][safepoint    ] Application time: 0.0003024 seconds
[2022-06-13T02:31:32.404+0000][1][safepoint    ] Entering safepoint region: RevokeBias
[2022-06-13T02:31:32.404+0000][1][safepoint    ] Leaving safepoint region
[2022-06-13T02:31:32.404+0000][1][safepoint    ] Total time for which application threads were stopped: 0.0002814 seconds, Stopping threads took: 0.0001395 seconds
[2022-06-13T02:31:32.405+0000][1][safepoint    ] Application time: 0.0000987 seconds
[2022-06-13T02:31:32.405+0000][1][safepoint    ] Entering safepoint region: RevokeBias
[2022-06-13T02:31:32.405+0000][1][safepoint    ] Leaving safepoint region
[2022-06-13T02:31:32.405+0000][1][safepoint    ] Total time for which application threads were stopped: 0.0002135 seconds, Stopping threads took: 0.0000917 seconds
[2022-06-13T02:31:32.422+0000][1][safepoint    ] Application time: 0.0165808 seconds
[2022-06-13T02:31:32.422+0000][1][safepoint    ] Entering safepoint region: RevokeBias
[2022-06-13T02:31:32.422+0000][1][safepoint    ] Leaving safepoint region
[2022-06-13T02:31:32.422+0000][1][safepoint    ] Total time for which application threads were stopped: 0.0003580 seconds, Stopping threads took: 0.0001989 seconds
[2022-06-13T02:31:32.429+0000][1][safepoint    ] Application time: 0.0067672 seconds
[2022-06-13T02:31:32.429+0000][1][safepoint    ] Entering safepoint region: GenCollectForAllocation
[2022-06-13T02:31:32.429+0000][1][gc,start     ] GC(19) Pause Young (Allocation Failure)
[2022-06-13T02:31:32.430+0000][1][gc,task      ] GC(19) Using 5 workers of 13 for evacuation
[2022-06-13T02:31:32.434+0000][1][gc,age       ] GC(19) Desired survivor size 4456448 bytes, new threshold 2 (max threshold 6)
[2022-06-13T02:31:32.434+0000][1][gc,age       ] GC(19) Age table with threshold 2 (max threshold 6)
[2022-06-13T02:31:32.434+0000][1][gc,age       ] GC(19) - age   1:    3140488 bytes,    3140488 total
[2022-06-13T02:31:32.434+0000][1][gc,age       ] GC(19) - age   2:    3525448 bytes,    6665936 total
[2022-06-13T02:31:32.434+0000][1][gc,age       ] GC(19) - age   3:     503832 bytes,    7169768 total
[2022-06-13T02:31:32.435+0000][1][gc,heap      ] GC(19) ParNew: 74949K->8704K(78656K)
[2022-06-13T02:31:32.435+0000][1][gc,heap      ] GC(19) CMS: 55058K->55058K(174784K)
[2022-06-13T02:31:32.435+0000][1][gc,metaspace ] GC(19) Metaspace: 46900K->46900K(1091584K)
[2022-06-13T02:31:32.435+0000][1][gc           ] GC(19) Pause Young (Allocation Failure) 126M->62M(247M) 5.436ms
[2022-06-13T02:31:32.435+0000][1][gc,cpu       ] GC(19) User=0.03s Sys=0.01s Real=0.00s
[2022-06-13T02:31:32.435+0000][1][safepoint    ] Leaving safepoint region
[2022-06-13T02:31:32.435+0000][1][safepoint    ] Total time for which application threads were stopped: 0.0059164 seconds, Stopping threads took: 0.0001222 seconds
[2022-06-13T02:31:32.460+0000][1][safepoint    ] Application time: 0.0247199 seconds
[2022-06-13T02:31:32.460+0000][1][safepoint    ] Entering safepoint region: RevokeBias
[2022-06-13T02:31:32.460+0000][1][safepoint    ] Leaving safepoint region
[2022-06-13T02:31:32.460+0000][1][safepoint    ] Total time for which application threads were stopped: 0.0003580 seconds, Stopping threads took: 0.0002034 seconds
[2022-06-13T02:31:32.461+0000][1][safepoint    ] Application time: 0.0001256 seconds
[2022-06-13T02:31:32.461+0000][1][safepoint    ] Entering safepoint region: RevokeBias
[2022-06-13T02:31:32.461+0000][1][safepoint    ] Leaving safepoint region
[2022-06-13T02:31:32.461+0000][1][safepoint    ] Total time for which application threads were stopped: 0.0002775 seconds, Stopping threads took: 0.0001283 seconds
[2022-06-13T02:31:32.461+0000][1][safepoint    ] Application time: 0.0000823 seconds
[2022-06-13T02:31:32.461+0000][1][safepoint    ] Entering safepoint region: RevokeBias
[2022-06-13T02:31:32.462+0000][1][safepoint    ] Leaving safepoint region
[2022-06-13T02:31:32.462+0000][1][safepoint    ] Total time for which application threads were stopped: 0.0002794 seconds, Stopping threads took: 0.0001061 seconds
[2022-06-13T02:31:32.462+0000][1][safepoint    ] Application time: 0.0002541 seconds
[2022-06-13T02:31:32.462+0000][1][safepoint    ] Entering safepoint region: RevokeBias
[2022-06-13T02:31:32.462+0000][1][safepoint    ] Leaving safepoint region
[2022-06-13T02:31:32.463+0000][1][safepoint    ] Total time for which application threads were stopped: 0.0003215 seconds, Stopping threads took: 0.0001905 seconds
[2022-06-13T02:31:32.463+0000][1][safepoint    ] Application time: 0.0003116 seconds
[2022-06-13T02:31:32.463+0000][1][safepoint    ] Entering safepoint region: RevokeBias
[2022-06-13T02:31:32.463+0000][1][safepoint    ] Leaving safepoint region
[2022-06-13T02:31:32.463+0000][1][safepoint    ] Total time for which application threads were stopped: 0.0002970 seconds, Stopping threads took: 0.0001551 seconds
[2022-06-13T02:31:32.464+0000][1][safepoint    ] Application time: 0.0001252 seconds
[2022-06-13T02:31:32.464+0000][1][safepoint    ] Entering safepoint region: RevokeBias
[2022-06-13T02:31:32.464+0000][1][safepoint    ] Leaving safepoint region
[2022-06-13T02:31:32.464+0000][1][safepoint    ] Total time for which application threads were stopped: 0.0003478 seconds, Stopping threads took: 0.0001932 seconds
[2022-06-13T02:31:32.465+0000][1][safepoint    ] Application time: 0.0001839 seconds
[2022-06-13T02:31:32.465+0000][1][safepoint    ] Entering safepoint region: RevokeBias
[2022-06-13T02:31:32.465+0000][1][safepoint    ] Leaving safepoint region
[2022-06-13T02:31:32.465+0000][1][safepoint    ] Total time for which application threads were stopped: 0.0003676 seconds, Stopping threads took: 0.0002085 seconds
[2022-06-13T02:31:32.465+0000][1][safepoint    ] Application time: 0.0000761 seconds
[2022-06-13T02:31:32.465+0000][1][safepoint    ] Entering safepoint region: RevokeBias
[2022-06-13T02:31:32.466+0000][1][safepoint    ] Leaving safepoint region
[2022-06-13T02:31:32.466+0000][1][safepoint    ] Total time for which application threads were stopped: 0.0003242 seconds, Stopping threads took: 0.0001535 seconds
[2022-06-13T02:31:32.466+0000][1][safepoint    ] Application time: 0.0000879 seconds
[2022-06-13T02:31:32.466+0000][1][safepoint    ] Entering safepoint region: RevokeBias
[2022-06-13T02:31:32.466+0000][1][safepoint    ] Leaving safepoint region
[2022-06-13T02:31:32.466+0000][1][safepoint    ] Total time for which application threads were stopped: 0.0002584 seconds, Stopping threads took: 0.0001043 seconds
[2022-06-13T02:31:32.467+0000][1][safepoint    ] Application time: 0.0000864 seconds
[2022-06-13T02:31:32.467+0000][1][safepoint    ] Entering safepoint region: RevokeBias
[2022-06-13T02:31:32.467+0000][1][safepoint    ] Leaving safepoint region
[2022-06-13T02:31:32.467+0000][1][safepoint    ] Total time for which application threads were stopped: 0.0003970 seconds, Stopping threads took: 0.0002136 seconds
[2022-06-13T02:31:32.467+0000][1][safepoint    ] Application time: 0.0001152 seconds
[2022-06-13T02:31:32.468+0000][1][safepoint    ] Entering safepoint region: RevokeBias
[2022-06-13T02:31:32.468+0000][1][safepoint    ] Leaving safepoint region
[2022-06-13T02:31:32.468+0000][1][safepoint    ] Total time for which application threads were stopped: 0.0002734 seconds, Stopping threads took: 0.0001311 seconds
[2022-06-13T02:31:32.468+0000][1][safepoint    ] Application time: 0.0001394 seconds
[2022-06-13T02:31:32.469+0000][1][safepoint    ] Entering safepoint region: RevokeBias
[2022-06-13T02:31:32.469+0000][1][safepoint    ] Leaving safepoint region
[2022-06-13T02:31:32.469+0000][1][safepoint    ] Total time for which application threads were stopped: 0.0006084 seconds, Stopping threads took: 0.0004359 seconds
[2022-06-13T02:31:32.469+0000][1][safepoint    ] Application time: 0.0001012 seconds
[2022-06-13T02:31:32.469+0000][1][safepoint    ] Entering safepoint region: RevokeBias
[2022-06-13T02:31:32.469+0000][1][safepoint    ] Leaving safepoint region
[2022-06-13T02:31:32.470+0000][1][safepoint    ] Total time for which application threads were stopped: 0.0002877 seconds, Stopping threads took: 0.0001473 seconds
[2022-06-13T02:31:32.470+0000][1][safepoint    ] Application time: 0.0000788 seconds
[2022-06-13T02:31:32.470+0000][1][safepoint    ] Entering safepoint region: RevokeBias
[2022-06-13T02:31:32.470+0000][1][safepoint    ] Leaving safepoint region
[2022-06-13T02:31:32.470+0000][1][safepoint    ] Total time for which application threads were stopped: 0.0002499 seconds, Stopping threads took: 0.0001049 seconds
[2022-06-13T02:31:32.470+0000][1][safepoint    ] Application time: 0.0000602 seconds
[2022-06-13T02:31:32.470+0000][1][safepoint    ] Entering safepoint region: RevokeBias
[2022-06-13T02:31:32.471+0000][1][safepoint    ] Leaving safepoint region
[2022-06-13T02:31:32.471+0000][1][safepoint    ] Total time for which application threads were stopped: 0.0002790 seconds, Stopping threads took: 0.0001149 seconds
[2022-06-13T02:31:32.471+0000][1][safepoint    ] Application time: 0.0000731 seconds
[2022-06-13T02:31:32.471+0000][1][safepoint    ] Entering safepoint region: RevokeBias
[2022-06-13T02:31:32.471+0000][1][safepoint    ] Leaving safepoint region
[2022-06-13T02:31:32.471+0000][1][safepoint    ] Total time for which application threads were stopped: 0.0002931 seconds, Stopping threads took: 0.0001429 seconds
[2022-06-13T02:31:32.472+0000][1][safepoint    ] Application time: 0.0000930 seconds
[2022-06-13T02:31:32.472+0000][1][safepoint    ] Entering safepoint region: RevokeBias
[2022-06-13T02:31:32.472+0000][1][safepoint    ] Leaving safepoint region
[2022-06-13T02:31:32.472+0000][1][safepoint    ] Total time for which application threads were stopped: 0.0002570 seconds, Stopping threads took: 0.0001060 seconds
[2022-06-13T02:31:32.472+0000][1][safepoint    ] Application time: 0.0000637 seconds
[2022-06-13T02:31:32.472+0000][1][safepoint    ] Entering safepoint region: RevokeBias
[2022-06-13T02:31:32.472+0000][1][safepoint    ] Leaving safepoint region
[2022-06-13T02:31:32.473+0000][1][safepoint    ] Total time for which application threads were stopped: 0.0003263 seconds, Stopping threads took: 0.0001660 seconds
[2022-06-13T02:31:32.473+0000][1][safepoint    ] Application time: 0.0000663 seconds
[2022-06-13T02:31:32.473+0000][1][safepoint    ] Entering safepoint region: RevokeBias
[2022-06-13T02:31:32.473+0000][1][safepoint    ] Leaving safepoint region
[2022-06-13T02:31:32.473+0000][1][safepoint    ] Total time for which application threads were stopped: 0.0002882 seconds, Stopping threads took: 0.0001190 seconds
[2022-06-13T02:31:32.473+0000][1][safepoint    ] Application time: 0.0000727 seconds
[2022-06-13T02:31:32.473+0000][1][safepoint    ] Entering safepoint region: RevokeBias
[2022-06-13T02:31:32.474+0000][1][safepoint    ] Leaving safepoint region
[2022-06-13T02:31:32.474+0000][1][safepoint    ] Total time for which application threads were stopped: 0.0002690 seconds, Stopping threads took: 0.0001323 seconds
[2022-06-13T02:31:32.474+0000][1][safepoint    ] Application time: 0.0000639 seconds
[2022-06-13T02:31:32.474+0000][1][safepoint    ] Entering safepoint region: RevokeBias
[2022-06-13T02:31:32.474+0000][1][safepoint    ] Leaving safepoint region
[2022-06-13T02:31:32.474+0000][1][safepoint    ] Total time for which application threads were stopped: 0.0002143 seconds, Stopping threads took: 0.0000968 seconds
[2022-06-13T02:31:32.474+0000][1][safepoint    ] Application time: 0.0000521 seconds
[2022-06-13T02:31:32.474+0000][1][safepoint    ] Entering safepoint region: RevokeBias
[2022-06-13T02:31:32.475+0000][1][safepoint    ] Leaving safepoint region
[2022-06-13T02:31:32.475+0000][1][safepoint    ] Total time for which application threads were stopped: 0.0002138 seconds, Stopping threads took: 0.0000932 seconds
[2022-06-13T02:31:32.475+0000][1][safepoint    ] Application time: 0.0000640 seconds
[2022-06-13T02:31:32.475+0000][1][safepoint    ] Entering safepoint region: RevokeBias
[2022-06-13T02:31:32.475+0000][1][safepoint    ] Leaving safepoint region
[2022-06-13T02:31:32.475+0000][1][safepoint    ] Total time for which application threads were stopped: 0.0002654 seconds, Stopping threads took: 0.0001026 seconds
[2022-06-13T02:31:32.475+0000][1][safepoint    ] Application time: 0.0000618 seconds
[2022-06-13T02:31:32.476+0000][1][safepoint    ] Entering safepoint region: RevokeBias
[2022-06-13T02:31:32.476+0000][1][safepoint    ] Leaving safepoint region
[2022-06-13T02:31:32.476+0000][1][safepoint    ] Total time for which application threads were stopped: 0.0003060 seconds, Stopping threads took: 0.0001361 seconds
[2022-06-13T02:31:32.476+0000][1][safepoint    ] Application time: 0.0000771 seconds
[2022-06-13T02:31:32.476+0000][1][safepoint    ] Entering safepoint region: RevokeBias
[2022-06-13T02:31:32.476+0000][1][safepoint    ] Leaving safepoint region
[2022-06-13T02:31:32.476+0000][1][safepoint    ] Total time for which application threads were stopped: 0.0002506 seconds, Stopping threads took: 0.0001071 seconds
[2022-06-13T02:31:32.477+0000][1][safepoint    ] Application time: 0.0000730 seconds
[2022-06-13T02:31:32.477+0000][1][safepoint    ] Entering safepoint region: RevokeBias
[2022-06-13T02:31:32.477+0000][1][safepoint    ] Leaving safepoint region
[2022-06-13T02:31:32.477+0000][1][safepoint    ] Total time for which application threads were stopped: 0.0002778 seconds, Stopping threads took: 0.0001346 seconds
[2022-06-13T02:31:32.477+0000][1][safepoint    ] Application time: 0.0000709 seconds
[2022-06-13T02:31:32.477+0000][1][safepoint    ] Entering safepoint region: RevokeBias
[2022-06-13T02:31:32.478+0000][1][safepoint    ] Leaving safepoint region
[2022-06-13T02:31:32.478+0000][1][safepoint    ] Total time for which application threads were stopped: 0.0002633 seconds, Stopping threads took: 0.0001173 seconds
[2022-06-13T02:31:32.478+0000][1][safepoint    ] Application time: 0.0000548 seconds
[2022-06-13T02:31:32.478+0000][1][safepoint    ] Entering safepoint region: RevokeBias
[2022-06-13T02:31:32.478+0000][1][safepoint    ] Leaving safepoint region
[2022-06-13T02:31:32.478+0000][1][safepoint    ] Total time for which application threads were stopped: 0.0002730 seconds, Stopping threads took: 0.0001133 seconds
[2022-06-13T02:31:32.478+0000][1][safepoint    ] Application time: 0.0000626 seconds
[2022-06-13T02:31:32.479+0000][1][safepoint    ] Entering safepoint region: RevokeBias
[2022-06-13T02:31:32.479+0000][1][safepoint    ] Leaving safepoint region
[2022-06-13T02:31:32.479+0000][1][safepoint    ] Total time for which application threads were stopped: 0.0002437 seconds, Stopping threads took: 0.0001043 seconds
[2022-06-13T02:31:32.479+0000][1][safepoint    ] Application time: 0.0000624 seconds
[2022-06-13T02:31:32.479+0000][1][safepoint    ] Entering safepoint region: RevokeBias
[2022-06-13T02:31:32.479+0000][1][safepoint    ] Leaving safepoint region
[2022-06-13T02:31:32.479+0000][1][safepoint    ] Total time for which application threads were stopped: 0.0002796 seconds, Stopping threads took: 0.0001452 seconds
[2022-06-13T02:31:32.480+0000][1][safepoint    ] Application time: 0.0000856 seconds
[2022-06-13T02:31:32.480+0000][1][safepoint    ] Entering safepoint region: BulkRevokeBias
[2022-06-13T02:31:32.480+0000][1][safepoint    ] Leaving safepoint region
[2022-06-13T02:31:32.480+0000][1][safepoint    ] Total time for which application threads were stopped: 0.0003218 seconds, Stopping threads took: 0.0001314 seconds
[2022-06-13T02:31:32.480+0000][1][safepoint    ] Application time: 0.0002116 seconds
[2022-06-13T02:31:32.480+0000][1][safepoint    ] Entering safepoint region: RevokeBias
[2022-06-13T02:31:32.481+0000][1][safepoint    ] Leaving safepoint region
[2022-06-13T02:31:32.481+0000][1][safepoint    ] Total time for which application threads were stopped: 0.0002623 seconds, Stopping threads took: 0.0001144 seconds
[2022-06-13T02:31:32.481+0000][1][safepoint    ] Application time: 0.0000824 seconds
[2022-06-13T02:31:32.481+0000][1][safepoint    ] Entering safepoint region: RevokeBias
[2022-06-13T02:31:32.481+0000][1][safepoint    ] Leaving safepoint region
[2022-06-13T02:31:32.481+0000][1][safepoint    ] Total time for which application threads were stopped: 0.0002966 seconds, Stopping threads took: 0.0001309 seconds
[2022-06-13T02:31:32.482+0000][1][safepoint    ] Application time: 0.0001312 seconds
[2022-06-13T02:31:32.482+0000][1][safepoint    ] Entering safepoint region: RevokeBias
[2022-06-13T02:31:32.482+0000][1][safepoint    ] Leaving safepoint region
[2022-06-13T02:31:32.482+0000][1][safepoint    ] Total time for which application threads were stopped: 0.0003014 seconds, Stopping threads took: 0.0001371 seconds
[2022-06-13T02:31:32.482+0000][1][safepoint    ] Application time: 0.0000939 seconds
[2022-06-13T02:31:32.482+0000][1][safepoint    ] Entering safepoint region: RevokeBias
[2022-06-13T02:31:32.483+0000][1][safepoint    ] Leaving safepoint region
[2022-06-13T02:31:32.483+0000][1][safepoint    ] Total time for which application threads were stopped: 0.0003825 seconds, Stopping threads took: 0.0002144 seconds
[2022-06-13T02:31:32.483+0000][1][safepoint    ] Application time: 0.0000994 seconds
[2022-06-13T02:31:32.483+0000][1][safepoint    ] Entering safepoint region: RevokeBias
[2022-06-13T02:31:32.483+0000][1][safepoint    ] Leaving safepoint region
[2022-06-13T02:31:32.483+0000][1][safepoint    ] Total time for which application threads were stopped: 0.0002635 seconds, Stopping threads took: 0.0001097 seconds
[2022-06-13T02:31:32.484+0000][1][safepoint    ] Application time: 0.0000814 seconds
[2022-06-13T02:31:32.484+0000][1][safepoint    ] Entering safepoint region: RevokeBias
[2022-06-13T02:31:32.484+0000][1][safepoint    ] Leaving safepoint region
[2022-06-13T02:31:32.484+0000][1][safepoint    ] Total time for which application threads were stopped: 0.0003465 seconds, Stopping threads took: 0.0001543 seconds
[2022-06-13T02:31:32.484+0000][1][safepoint    ] Application time: 0.0000766 seconds
[2022-06-13T02:31:32.484+0000][1][safepoint    ] Entering safepoint region: RevokeBias
[2022-06-13T02:31:32.485+0000][1][safepoint    ] Leaving safepoint region
[2022-06-13T02:31:32.485+0000][1][safepoint    ] Total time for which application threads were stopped: 0.0002731 seconds, Stopping threads took: 0.0001124 seconds
[2022-06-13T02:31:32.485+0000][1][safepoint    ] Application time: 0.0000724 seconds
[2022-06-13T02:31:32.485+0000][1][safepoint    ] Entering safepoint region: RevokeBias
[2022-06-13T02:31:32.485+0000][1][safepoint    ] Leaving safepoint region
[2022-06-13T02:31:32.485+0000][1][safepoint    ] Total time for which application threads were stopped: 0.0003675 seconds, Stopping threads took: 0.0002311 seconds
[2022-06-13T02:31:32.485+0000][1][safepoint    ] Application time: 0.0000815 seconds
[2022-06-13T02:31:32.486+0000][1][safepoint    ] Entering safepoint region: RevokeBias
[2022-06-13T02:31:32.486+0000][1][safepoint    ] Leaving safepoint region
[2022-06-13T02:31:32.486+0000][1][safepoint    ] Total time for which application threads were stopped: 0.0003164 seconds, Stopping threads took: 0.0001429 seconds
[2022-06-13T02:31:32.486+0000][1][safepoint    ] Application time: 0.0000592 seconds
[2022-06-13T02:31:32.486+0000][1][safepoint    ] Entering safepoint region: RevokeBias
[2022-06-13T02:31:32.486+0000][1][safepoint    ] Leaving safepoint region
[2022-06-13T02:31:32.486+0000][1][safepoint    ] Total time for which application threads were stopped: 0.0002746 seconds, Stopping threads took: 0.0001273 seconds
[2022-06-13T02:31:32.487+0000][1][safepoint    ] Application time: 0.0000606 seconds
[2022-06-13T02:31:32.487+0000][1][safepoint    ] Entering safepoint region: RevokeBias
[2022-06-13T02:31:32.487+0000][1][safepoint    ] Leaving safepoint region
[2022-06-13T02:31:32.487+0000][1][safepoint    ] Total time for which application threads were stopped: 0.0002378 seconds, Stopping threads took: 0.0000928 seconds
[2022-06-13T02:31:32.487+0000][1][safepoint    ] Application time: 0.0000527 seconds
[2022-06-13T02:31:32.487+0000][1][safepoint    ] Entering safepoint region: RevokeBias
[2022-06-13T02:31:32.487+0000][1][safepoint    ] Leaving safepoint region
[2022-06-13T02:31:32.487+0000][1][safepoint    ] Total time for which application threads were stopped: 0.0002252 seconds, Stopping threads took: 0.0000974 seconds
[2022-06-13T02:31:32.488+0000][1][safepoint    ] Application time: 0.0000625 seconds
[2022-06-13T02:31:32.488+0000][1][safepoint    ] Entering safepoint region: RevokeBias
[2022-06-13T02:31:32.488+0000][1][safepoint    ] Leaving safepoint region
[2022-06-13T02:31:32.488+0000][1][safepoint    ] Total time for which application threads were stopped: 0.0002315 seconds, Stopping threads took: 0.0000953 seconds
[2022-06-13T02:31:32.488+0000][1][safepoint    ] Application time: 0.0000556 seconds
[2022-06-13T02:31:32.488+0000][1][safepoint    ] Entering safepoint region: RevokeBias
[2022-06-13T02:31:32.488+0000][1][safepoint    ] Leaving safepoint region
[2022-06-13T02:31:32.488+0000][1][safepoint    ] Total time for which application threads were stopped: 0.0002458 seconds, Stopping threads took: 0.0000996 seconds
[2022-06-13T02:31:32.489+0000][1][safepoint    ] Application time: 0.0000576 seconds
[2022-06-13T02:31:32.489+0000][1][safepoint    ] Entering safepoint region: RevokeBias
[2022-06-13T02:31:32.489+0000][1][safepoint    ] Leaving safepoint region
[2022-06-13T02:31:32.489+0000][1][safepoint    ] Total time for which application threads were stopped: 0.0002688 seconds, Stopping threads took: 0.0000930 seconds
[2022-06-13T02:31:32.489+0000][1][safepoint    ] Application time: 0.0000665 seconds
[2022-06-13T02:31:32.489+0000][1][safepoint    ] Entering safepoint region: RevokeBias
[2022-06-13T02:31:32.489+0000][1][safepoint    ] Leaving safepoint region
[2022-06-13T02:31:32.490+0000][1][safepoint    ] Total time for which application threads were stopped: 0.0002597 seconds, Stopping threads took: 0.0001313 seconds
[2022-06-13T02:31:32.490+0000][1][safepoint    ] Application time: 0.0000623 seconds
[2022-06-13T02:31:32.490+0000][1][safepoint    ] Entering safepoint region: RevokeBias
[2022-06-13T02:31:32.490+0000][1][safepoint    ] Leaving safepoint region
[2022-06-13T02:31:32.490+0000][1][safepoint    ] Total time for which application threads were stopped: 0.0002162 seconds, Stopping threads took: 0.0000980 seconds
[2022-06-13T02:31:32.490+0000][1][safepoint    ] Application time: 0.0000573 seconds
[2022-06-13T02:31:32.490+0000][1][safepoint    ] Entering safepoint region: RevokeBias
[2022-06-13T02:31:32.490+0000][1][safepoint    ] Leaving safepoint region
[2022-06-13T02:31:32.491+0000][1][safepoint    ] Total time for which application threads were stopped: 0.0002154 seconds, Stopping threads took: 0.0000908 seconds
[2022-06-13T02:31:32.491+0000][1][safepoint    ] Application time: 0.0000568 seconds
[2022-06-13T02:31:32.491+0000][1][safepoint    ] Entering safepoint region: RevokeBias
[2022-06-13T02:31:32.491+0000][1][safepoint    ] Leaving safepoint region
[2022-06-13T02:31:32.491+0000][1][safepoint    ] Total time for which application threads were stopped: 0.0002097 seconds, Stopping threads took: 0.0000894 seconds
[2022-06-13T02:31:32.491+0000][1][safepoint    ] Application time: 0.0000536 seconds
[2022-06-13T02:31:32.491+0000][1][safepoint    ] Entering safepoint region: RevokeBias
[2022-06-13T02:31:32.491+0000][1][safepoint    ] Leaving safepoint region
[2022-06-13T02:31:32.491+0000][1][safepoint    ] Total time for which application threads were stopped: 0.0002093 seconds, Stopping threads took: 0.0000919 seconds
[2022-06-13T02:31:32.492+0000][1][safepoint    ] Application time: 0.0000568 seconds
[2022-06-13T02:31:32.492+0000][1][safepoint    ] Entering safepoint region: RevokeBias
[2022-06-13T02:31:32.492+0000][1][safepoint    ] Leaving safepoint region
[2022-06-13T02:31:32.492+0000][1][safepoint    ] Total time for which application threads were stopped: 0.0002368 seconds, Stopping threads took: 0.0001067 seconds
[2022-06-13T02:31:32.492+0000][1][safepoint    ] Application time: 0.0000630 seconds
[2022-06-13T02:31:32.492+0000][1][safepoint    ] Entering safepoint region: RevokeBias
[2022-06-13T02:31:32.492+0000][1][safepoint    ] Leaving safepoint region
[2022-06-13T02:31:32.492+0000][1][safepoint    ] Total time for which application threads were stopped: 0.0001986 seconds, Stopping threads took: 0.0000904 seconds
[2022-06-13T02:31:32.493+0000][1][safepoint    ] Application time: 0.0000508 seconds
[2022-06-13T02:31:32.493+0000][1][safepoint    ] Entering safepoint region: RevokeBias
[2022-06-13T02:31:32.493+0000][1][safepoint    ] Leaving safepoint region
[2022-06-13T02:31:32.493+0000][1][safepoint    ] Total time for which application threads were stopped: 0.0003011 seconds, Stopping threads took: 0.0001230 seconds
[2022-06-13T02:31:32.493+0000][1][safepoint    ] Application time: 0.0000717 seconds
[2022-06-13T02:31:32.493+0000][1][safepoint    ] Entering safepoint region: BulkRevokeBias
[2022-06-13T02:31:32.493+0000][1][safepoint    ] Leaving safepoint region
[2022-06-13T02:31:32.494+0000][1][safepoint    ] Total time for which application threads were stopped: 0.0003227 seconds, Stopping threads took: 0.0001022 seconds
[2022-06-13T02:31:32.494+0000][1][safepoint    ] Application time: 0.0003808 seconds
[2022-06-13T02:31:32.495+0000][1][safepoint    ] Entering safepoint region: RevokeBias
[2022-06-13T02:31:32.495+0000][1][safepoint    ] Leaving safepoint region
[2022-06-13T02:31:32.495+0000][1][safepoint    ] Total time for which application threads were stopped: 0.0007625 seconds, Stopping threads took: 0.0005745 seconds
[2022-06-13T02:31:32.495+0000][1][safepoint    ] Application time: 0.0001564 seconds
[2022-06-13T02:31:32.495+0000][1][safepoint    ] Entering safepoint region: RevokeBias
[2022-06-13T02:31:32.496+0000][1][safepoint    ] Leaving safepoint region
[2022-06-13T02:31:32.496+0000][1][safepoint    ] Total time for which application threads were stopped: 0.0002537 seconds, Stopping threads took: 0.0001123 seconds
[2022-06-13T02:31:32.496+0000][1][safepoint    ] Application time: 0.0001836 seconds
[2022-06-13T02:31:32.496+0000][1][safepoint    ] Entering safepoint region: RevokeBias
[2022-06-13T02:31:32.496+0000][1][safepoint    ] Leaving safepoint region
[2022-06-13T02:31:32.496+0000][1][safepoint    ] Total time for which application threads were stopped: 0.0003178 seconds, Stopping threads took: 0.0001392 seconds
[2022-06-13T02:31:32.497+0000][1][safepoint    ] Application time: 0.0001092 seconds
[2022-06-13T02:31:32.497+0000][1][safepoint    ] Entering safepoint region: RevokeBias
[2022-06-13T02:31:32.497+0000][1][safepoint    ] Leaving safepoint region
[2022-06-13T02:31:32.497+0000][1][safepoint    ] Total time for which application threads were stopped: 0.0003222 seconds, Stopping threads took: 0.0001557 seconds
[2022-06-13T02:31:32.497+0000][1][safepoint    ] Application time: 0.0000836 seconds
[2022-06-13T02:31:32.497+0000][1][safepoint    ] Entering safepoint region: RevokeBias
[2022-06-13T02:31:32.498+0000][1][safepoint    ] Leaving safepoint region
[2022-06-13T02:31:32.498+0000][1][safepoint    ] Total time for which application threads were stopped: 0.0003066 seconds, Stopping threads took: 0.0001544 seconds
[2022-06-13T02:31:32.498+0000][1][safepoint    ] Application time: 0.0000674 seconds
[2022-06-13T02:31:32.498+0000][1][safepoint    ] Entering safepoint region: RevokeBias
[2022-06-13T02:31:32.498+0000][1][safepoint    ] Leaving safepoint region
[2022-06-13T02:31:32.498+0000][1][safepoint    ] Total time for which application threads were stopped: 0.0002514 seconds, Stopping threads took: 0.0001371 seconds
[2022-06-13T02:31:32.499+0000][1][safepoint    ] Application time: 0.0003627 seconds
[2022-06-13T02:31:32.499+0000][1][safepoint    ] Entering safepoint region: RevokeBias
[2022-06-13T02:31:32.499+0000][1][safepoint    ] Leaving safepoint region
[2022-06-13T02:31:32.499+0000][1][safepoint    ] Total time for which application threads were stopped: 0.0003522 seconds, Stopping threads took: 0.0001199 seconds
[2022-06-13T02:31:32.500+0000][1][safepoint    ] Application time: 0.0001572 seconds
[2022-06-13T02:31:32.500+0000][1][safepoint    ] Entering safepoint region: RevokeBias
[2022-06-13T02:31:32.500+0000][1][safepoint    ] Leaving safepoint region
[2022-06-13T02:31:32.500+0000][1][safepoint    ] Total time for which application threads were stopped: 0.0002743 seconds, Stopping threads took: 0.0001283 seconds
[2022-06-13T02:31:32.500+0000][1][safepoint    ] Application time: 0.0002231 seconds
[2022-06-13T02:31:32.500+0000][1][safepoint    ] Entering safepoint region: RevokeBias
[2022-06-13T02:31:32.501+0000][1][safepoint    ] Leaving safepoint region
[2022-06-13T02:31:32.501+0000][1][safepoint    ] Total time for which application threads were stopped: 0.0003130 seconds, Stopping threads took: 0.0001393 seconds
[2022-06-13T02:31:32.501+0000][1][safepoint    ] Application time: 0.0004848 seconds
[2022-06-13T02:31:32.502+0000][1][safepoint    ] Entering safepoint region: RevokeBias
[2022-06-13T02:31:32.502+0000][1][safepoint    ] Leaving safepoint region
[2022-06-13T02:31:32.502+0000][1][safepoint    ] Total time for which application threads were stopped: 0.0003319 seconds, Stopping threads took: 0.0001480 seconds
[2022-06-13T02:31:32.502+0000][1][safepoint    ] Application time: 0.0003027 seconds
[2022-06-13T02:31:32.503+0000][1][safepoint    ] Entering safepoint region: BulkRevokeBias
[2022-06-13T02:31:32.503+0000][1][safepoint    ] Leaving safepoint region
[2022-06-13T02:31:32.503+0000][1][safepoint    ] Total time for which application threads were stopped: 0.0003977 seconds, Stopping threads took: 0.0002008 seconds
[2022-06-13T02:31:32.503+0000][1][safepoint    ] Application time: 0.0005225 seconds
[2022-06-13T02:31:32.504+0000][1][safepoint    ] Entering safepoint region: RevokeBias
[2022-06-13T02:31:32.504+0000][1][safepoint    ] Leaving safepoint region
[2022-06-13T02:31:32.504+0000][1][safepoint    ] Total time for which application threads were stopped: 0.0002734 seconds, Stopping threads took: 0.0001269 seconds
[2022-06-13T02:31:32.504+0000][1][safepoint    ] Application time: 0.0001829 seconds
[2022-06-13T02:31:32.504+0000][1][safepoint    ] Entering safepoint region: RevokeBias
[2022-06-13T02:31:32.505+0000][1][safepoint    ] Leaving safepoint region
[2022-06-13T02:31:32.505+0000][1][safepoint    ] Total time for which application threads were stopped: 0.0003543 seconds, Stopping threads took: 0.0001864 seconds
[2022-06-13T02:31:32.505+0000][1][safepoint    ] Application time: 0.0002964 seconds
[2022-06-13T02:31:32.505+0000][1][safepoint    ] Entering safepoint region: RevokeBias
[2022-06-13T02:31:32.505+0000][1][safepoint    ] Leaving safepoint region
[2022-06-13T02:31:32.506+0000][1][safepoint    ] Total time for which application threads were stopped: 0.0002671 seconds, Stopping threads took: 0.0001277 seconds
[2022-06-13T02:31:32.507+0000][1][safepoint    ] Application time: 0.0014537 seconds
[2022-06-13T02:31:32.507+0000][1][safepoint    ] Entering safepoint region: RevokeBias
[2022-06-13T02:31:32.507+0000][1][safepoint    ] Leaving safepoint region
[2022-06-13T02:31:32.508+0000][1][safepoint    ] Total time for which application threads were stopped: 0.0002982 seconds, Stopping threads took: 0.0001345 seconds
[2022-06-13T02:31:32.508+0000][1][safepoint    ] Application time: 0.0000999 seconds
[2022-06-13T02:31:32.508+0000][1][safepoint    ] Entering safepoint region: RevokeBias
[2022-06-13T02:31:32.508+0000][1][safepoint    ] Leaving safepoint region
[2022-06-13T02:31:32.508+0000][1][safepoint    ] Total time for which application threads were stopped: 0.0002739 seconds, Stopping threads took: 0.0001170 seconds
[2022-06-13T02:31:32.510+0000][1][safepoint    ] Application time: 0.0014734 seconds
[2022-06-13T02:31:32.510+0000][1][safepoint    ] Entering safepoint region: RevokeBias
[2022-06-13T02:31:32.510+0000][1][safepoint    ] Leaving safepoint region
[2022-06-13T02:31:32.511+0000][1][safepoint    ] Total time for which application threads were stopped: 0.0006074 seconds, Stopping threads took: 0.0004507 seconds
[2022-06-13T02:31:32.511+0000][1][safepoint    ] Application time: 0.0000838 seconds
[2022-06-13T02:31:32.511+0000][1][safepoint    ] Entering safepoint region: RevokeBias
[2022-06-13T02:31:32.511+0000][1][safepoint    ] Leaving safepoint region
[2022-06-13T02:31:32.511+0000][1][safepoint    ] Total time for which application threads were stopped: 0.0002757 seconds, Stopping threads took: 0.0001312 seconds
[2022-06-13T02:31:32.511+0000][1][safepoint    ] Application time: 0.0002219 seconds
[2022-06-13T02:31:32.512+0000][1][safepoint    ] Entering safepoint region: RevokeBias
[2022-06-13T02:31:32.512+0000][1][safepoint    ] Leaving safepoint region
[2022-06-13T02:31:32.512+0000][1][safepoint    ] Total time for which application threads were stopped: 0.0003894 seconds, Stopping threads took: 0.0002763 seconds
[2022-06-13T02:31:32.649+0000][1][safepoint    ] Application time: 0.1371879 seconds
[2022-06-13T02:31:32.650+0000][1][safepoint    ] Entering safepoint region: RevokeBias
[2022-06-13T02:31:32.650+0000][1][safepoint    ] Leaving safepoint region
[2022-06-13T02:31:32.650+0000][1][safepoint    ] Total time for which application threads were stopped: 0.0007085 seconds, Stopping threads took: 0.0003174 seconds
[2022-06-13T02:31:32.768+0000][1][safepoint    ] Application time: 0.1171005 seconds
[2022-06-13T02:31:32.768+0000][1][safepoint    ] Entering safepoint region: RevokeBias
[2022-06-13T02:31:32.768+0000][1][safepoint    ] Leaving safepoint region
[2022-06-13T02:31:32.768+0000][1][safepoint    ] Total time for which application threads were stopped: 0.0003316 seconds, Stopping threads took: 0.0001236 seconds
[2022-06-13T02:31:32.852+0000][1][safepoint    ] Application time: 0.0837340 seconds
[2022-06-13T02:31:32.852+0000][1][safepoint    ] Entering safepoint region: GenCollectForAllocation
[2022-06-13T02:31:32.853+0000][1][gc,start     ] GC(20) Pause Young (Allocation Failure)
[2022-06-13T02:31:32.853+0000][1][gc,task      ] GC(20) Using 5 workers of 13 for evacuation
[2022-06-13T02:31:32.859+0000][1][gc,age       ] GC(20) Desired survivor size 4456448 bytes, new threshold 2 (max threshold 6)
[2022-06-13T02:31:32.859+0000][1][gc,age       ] GC(20) Age table with threshold 2 (max threshold 6)
[2022-06-13T02:31:32.859+0000][1][gc,age       ] GC(20) - age   1:    1457104 bytes,    1457104 total
[2022-06-13T02:31:32.860+0000][1][gc,age       ] GC(20) - age   2:    3084552 bytes,    4541656 total
[2022-06-13T02:31:32.860+0000][1][gc,heap      ] GC(20) ParNew: 78656K->7353K(78656K)
[2022-06-13T02:31:32.860+0000][1][gc,heap      ] GC(20) CMS: 55058K->59096K(174784K)
[2022-06-13T02:31:32.860+0000][1][gc,metaspace ] GC(20) Metaspace: 53111K->53111K(1097728K)
[2022-06-13T02:31:32.860+0000][1][gc           ] GC(20) Pause Young (Allocation Failure) 130M->64M(247M) 7.877ms
[2022-06-13T02:31:32.861+0000][1][gc,cpu       ] GC(20) User=0.03s Sys=0.00s Real=0.01s
[2022-06-13T02:31:32.861+0000][1][safepoint    ] Leaving safepoint region
[2022-06-13T02:31:32.861+0000][1][safepoint    ] Total time for which application threads were stopped: 0.0090172 seconds, Stopping threads took: 0.0001691 seconds
[2022-06-13T02:31:32.900+0000][1][safepoint    ] Application time: 0.0386399 seconds
[2022-06-13T02:31:32.901+0000][1][safepoint    ] Entering safepoint region: Deoptimize
[2022-06-13T02:31:32.901+0000][1][safepoint    ] Leaving safepoint region
[2022-06-13T02:31:32.901+0000][1][safepoint    ] Total time for which application threads were stopped: 0.0008314 seconds, Stopping threads took: 0.0001578 seconds
[2022-06-13T02:31:33.102+0000][1][safepoint    ] Application time: 0.2002410 seconds
[2022-06-13T02:31:33.102+0000][1][safepoint    ] Entering safepoint region: Deoptimize
[2022-06-13T02:31:33.103+0000][1][safepoint    ] Leaving safepoint region
[2022-06-13T02:31:33.104+0000][1][safepoint    ] Total time for which application threads were stopped: 0.0017119 seconds, Stopping threads took: 0.0002211 seconds
[2022-06-13T02:31:33.132+0000][1][safepoint    ] Application time: 0.0273854 seconds
[2022-06-13T02:31:33.132+0000][1][safepoint    ] Entering safepoint region: RevokeBias
[2022-06-13T02:31:33.132+0000][1][safepoint    ] Leaving safepoint region
[2022-06-13T02:31:33.132+0000][1][safepoint    ] Total time for which application threads were stopped: 0.0005489 seconds, Stopping threads took: 0.0002171 seconds
[2022-06-13T02:31:33.133+0000][1][safepoint    ] Application time: 0.0002154 seconds
[2022-06-13T02:31:33.133+0000][1][safepoint    ] Entering safepoint region: RevokeBias
[2022-06-13T02:31:33.134+0000][1][safepoint    ] Leaving safepoint region
[2022-06-13T02:31:33.134+0000][1][safepoint    ] Total time for which application threads were stopped: 0.0004786 seconds, Stopping threads took: 0.0001711 seconds
[2022-06-13T02:31:33.134+0000][1][safepoint    ] Application time: 0.0002412 seconds
[2022-06-13T02:31:33.135+0000][1][safepoint    ] Entering safepoint region: RevokeBias
[2022-06-13T02:31:33.135+0000][1][safepoint    ] Leaving safepoint region
[2022-06-13T02:31:33.135+0000][1][safepoint    ] Total time for which application threads were stopped: 0.0006837 seconds, Stopping threads took: 0.0003463 seconds
[2022-06-13T02:31:33.139+0000][1][safepoint    ] Application time: 0.0032661 seconds
[2022-06-13T02:31:33.139+0000][1][safepoint    ] Entering safepoint region: RevokeBias
[2022-06-13T02:31:33.139+0000][1][safepoint    ] Leaving safepoint region
[2022-06-13T02:31:33.140+0000][1][safepoint    ] Total time for which application threads were stopped: 0.0004001 seconds, Stopping threads took: 0.0001771 seconds
[2022-06-13T02:31:33.234+0000][1][safepoint    ] Application time: 0.0940929 seconds
[2022-06-13T02:31:33.234+0000][1][safepoint    ] Entering safepoint region: RevokeBias
[2022-06-13T02:31:33.236+0000][1][safepoint    ] Leaving safepoint region
[2022-06-13T02:31:33.236+0000][1][safepoint    ] Total time for which application threads were stopped: 0.0019845 seconds, Stopping threads took: 0.0005097 seconds
[2022-06-13T02:31:33.280+0000][1][safepoint    ] Application time: 0.0435341 seconds
[2022-06-13T02:31:33.281+0000][1][safepoint    ] Entering safepoint region: Deoptimize
[2022-06-13T02:31:33.281+0000][1][safepoint    ] Leaving safepoint region
[2022-06-13T02:31:33.282+0000][1][safepoint    ] Total time for which application threads were stopped: 0.0013479 seconds, Stopping threads took: 0.0002027 seconds
[2022-06-13T02:31:33.396+0000][1][safepoint    ] Application time: 0.1132412 seconds
[2022-06-13T02:31:33.396+0000][1][safepoint    ] Entering safepoint region: RevokeBias
[2022-06-13T02:31:33.397+0000][1][safepoint    ] Leaving safepoint region
[2022-06-13T02:31:33.397+0000][1][safepoint    ] Total time for which application threads were stopped: 0.0007480 seconds, Stopping threads took: 0.0004578 seconds
[2022-06-13T02:31:33.438+0000][1][safepoint    ] Application time: 0.0408871 seconds
[2022-06-13T02:31:33.438+0000][1][safepoint    ] Entering safepoint region: RevokeBias
[2022-06-13T02:31:33.439+0000][1][safepoint    ] Leaving safepoint region
[2022-06-13T02:31:33.439+0000][1][safepoint    ] Total time for which application threads were stopped: 0.0004937 seconds, Stopping threads took: 0.0002594 seconds
[2022-06-13T02:31:33.439+0000][1][safepoint    ] Application time: 0.0002087 seconds
[2022-06-13T02:31:33.439+0000][1][safepoint    ] Entering safepoint region: RevokeBias
[2022-06-13T02:31:33.440+0000][1][safepoint    ] Leaving safepoint region
[2022-06-13T02:31:33.440+0000][1][safepoint    ] Total time for which application threads were stopped: 0.0004874 seconds, Stopping threads took: 0.0002128 seconds
[2022-06-13T02:31:33.440+0000][1][safepoint    ] Application time: 0.0001254 seconds
[2022-06-13T02:31:33.440+0000][1][safepoint    ] Entering safepoint region: RevokeBias
[2022-06-13T02:31:33.441+0000][1][safepoint    ] Leaving safepoint region
[2022-06-13T02:31:33.441+0000][1][safepoint    ] Total time for which application threads were stopped: 0.0005033 seconds, Stopping threads took: 0.0002722 seconds
[2022-06-13T02:31:33.441+0000][1][safepoint    ] Application time: 0.0001535 seconds
[2022-06-13T02:31:33.442+0000][1][safepoint    ] Entering safepoint region: RevokeBias
[2022-06-13T02:31:33.442+0000][1][safepoint    ] Leaving safepoint region
[2022-06-13T02:31:33.442+0000][1][safepoint    ] Total time for which application threads were stopped: 0.0003510 seconds, Stopping threads took: 0.0001422 seconds
[2022-06-13T02:31:33.442+0000][1][safepoint    ] Application time: 0.0001388 seconds
[2022-06-13T02:31:33.442+0000][1][safepoint    ] Entering safepoint region: RevokeBias
[2022-06-13T02:31:33.442+0000][1][safepoint    ] Leaving safepoint region
[2022-06-13T02:31:33.443+0000][1][safepoint    ] Total time for which application threads were stopped: 0.0001842 seconds, Stopping threads took: 0.0000849 seconds
[2022-06-13T02:31:33.443+0000][1][safepoint    ] Application time: 0.0001097 seconds
[2022-06-13T02:31:33.443+0000][1][safepoint    ] Entering safepoint region: RevokeBias
[2022-06-13T02:31:33.443+0000][1][safepoint    ] Leaving safepoint region
[2022-06-13T02:31:33.443+0000][1][safepoint    ] Total time for which application threads were stopped: 0.0002108 seconds, Stopping threads took: 0.0001019 seconds
[2022-06-13T02:31:33.443+0000][1][safepoint    ] Application time: 0.0000988 seconds
[2022-06-13T02:31:33.443+0000][1][safepoint    ] Entering safepoint region: RevokeBias
[2022-06-13T02:31:33.443+0000][1][safepoint    ] Leaving safepoint region
[2022-06-13T02:31:33.444+0000][1][safepoint    ] Total time for which application threads were stopped: 0.0002068 seconds, Stopping threads took: 0.0000935 seconds
[2022-06-13T02:31:33.444+0000][1][safepoint    ] Application time: 0.0000743 seconds
[2022-06-13T02:31:33.444+0000][1][safepoint    ] Entering safepoint region: RevokeBias
[2022-06-13T02:31:33.444+0000][1][safepoint    ] Leaving safepoint region
[2022-06-13T02:31:33.444+0000][1][safepoint    ] Total time for which application threads were stopped: 0.0002231 seconds, Stopping threads took: 0.0001185 seconds
[2022-06-13T02:31:33.444+0000][1][safepoint    ] Application time: 0.0000653 seconds
[2022-06-13T02:31:33.444+0000][1][safepoint    ] Entering safepoint region: RevokeBias
[2022-06-13T02:31:33.444+0000][1][safepoint    ] Leaving safepoint region
[2022-06-13T02:31:33.444+0000][1][safepoint    ] Total time for which application threads were stopped: 0.0002081 seconds, Stopping threads took: 0.0001152 seconds
[2022-06-13T02:31:33.445+0000][1][safepoint    ] Application time: 0.0000699 seconds
[2022-06-13T02:31:33.445+0000][1][safepoint    ] Entering safepoint region: RevokeBias
[2022-06-13T02:31:33.445+0000][1][safepoint    ] Leaving safepoint region
[2022-06-13T02:31:33.445+0000][1][safepoint    ] Total time for which application threads were stopped: 0.0001688 seconds, Stopping threads took: 0.0000814 seconds
[2022-06-13T02:31:33.445+0000][1][safepoint    ] Application time: 0.0000931 seconds
[2022-06-13T02:31:33.445+0000][1][safepoint    ] Entering safepoint region: RevokeBias
[2022-06-13T02:31:33.445+0000][1][safepoint    ] Leaving safepoint region
[2022-06-13T02:31:33.445+0000][1][safepoint    ] Total time for which application threads were stopped: 0.0002287 seconds, Stopping threads took: 0.0001022 seconds
[2022-06-13T02:31:33.446+0000][1][safepoint    ] Application time: 0.0000669 seconds
[2022-06-13T02:31:33.446+0000][1][safepoint    ] Entering safepoint region: RevokeBias
[2022-06-13T02:31:33.446+0000][1][safepoint    ] Leaving safepoint region
[2022-06-13T02:31:33.446+0000][1][safepoint    ] Total time for which application threads were stopped: 0.0002294 seconds, Stopping threads took: 0.0000982 seconds
[2022-06-13T02:31:33.446+0000][1][safepoint    ] Application time: 0.0001010 seconds
[2022-06-13T02:31:33.446+0000][1][safepoint    ] Entering safepoint region: RevokeBias
[2022-06-13T02:31:33.446+0000][1][safepoint    ] Leaving safepoint region
[2022-06-13T02:31:33.446+0000][1][safepoint    ] Total time for which application threads were stopped: 0.0002356 seconds, Stopping threads took: 0.0001159 seconds
[2022-06-13T02:31:33.447+0000][1][safepoint    ] Application time: 0.0000841 seconds
[2022-06-13T02:31:33.447+0000][1][safepoint    ] Entering safepoint region: RevokeBias
[2022-06-13T02:31:33.447+0000][1][safepoint    ] Leaving safepoint region
[2022-06-13T02:31:33.447+0000][1][safepoint    ] Total time for which application threads were stopped: 0.0002267 seconds, Stopping threads took: 0.0001051 seconds
[2022-06-13T02:31:33.447+0000][1][safepoint    ] Application time: 0.0000664 seconds
[2022-06-13T02:31:33.447+0000][1][safepoint    ] Entering safepoint region: RevokeBias
[2022-06-13T02:31:33.447+0000][1][safepoint    ] Leaving safepoint region
[2022-06-13T02:31:33.448+0000][1][safepoint    ] Total time for which application threads were stopped: 0.0002217 seconds, Stopping threads took: 0.0001063 seconds
[2022-06-13T02:31:33.509+0000][1][safepoint    ] Application time: 0.0617853 seconds
[2022-06-13T02:31:33.510+0000][1][safepoint    ] Entering safepoint region: GenCollectForAllocation
[2022-06-13T02:31:33.510+0000][1][gc,start     ] GC(21) Pause Young (Allocation Failure)
[2022-06-13T02:31:33.511+0000][1][gc,task      ] GC(21) Using 5 workers of 13 for evacuation
[2022-06-13T02:31:33.517+0000][1][gc,age       ] GC(21) Desired survivor size 4456448 bytes, new threshold 2 (max threshold 6)
[2022-06-13T02:31:33.518+0000][1][gc,age       ] GC(21) Age table with threshold 2 (max threshold 6)
[2022-06-13T02:31:33.518+0000][1][gc,age       ] GC(21) - age   1:    3787200 bytes,    3787200 total
[2022-06-13T02:31:33.518+0000][1][gc,age       ] GC(21) - age   2:    1350376 bytes,    5137576 total
[2022-06-13T02:31:33.519+0000][1][gc,heap      ] GC(21) ParNew: 77305K->7773K(78656K)
[2022-06-13T02:31:33.519+0000][1][gc,heap      ] GC(21) CMS: 59096K->62180K(174784K)
[2022-06-13T02:31:33.519+0000][1][gc,metaspace ] GC(21) Metaspace: 61087K->61087K(1105920K)
[2022-06-13T02:31:33.519+0000][1][gc           ] GC(21) Pause Young (Allocation Failure) 133M->68M(247M) 9.037ms
[2022-06-13T02:31:33.519+0000][1][gc,cpu       ] GC(21) User=0.05s Sys=0.00s Real=0.01s
[2022-06-13T02:31:33.520+0000][1][safepoint    ] Leaving safepoint region
[2022-06-13T02:31:33.520+0000][1][safepoint    ] Total time for which application threads were stopped: 0.0097399 seconds, Stopping threads took: 0.0001653 seconds
[2022-06-13T02:31:33.549+0000][1][safepoint    ] Application time: 0.0293403 seconds
[2022-06-13T02:31:33.549+0000][1][safepoint    ] Entering safepoint region: BulkRevokeBias
[2022-06-13T02:31:33.550+0000][1][safepoint    ] Leaving safepoint region
[2022-06-13T02:31:33.550+0000][1][safepoint    ] Total time for which application threads were stopped: 0.0002642 seconds, Stopping threads took: 0.0000998 seconds
[2022-06-13T02:31:33.660+0000][1][safepoint    ] Application time: 0.1103545 seconds
[2022-06-13T02:31:33.661+0000][1][safepoint    ] Entering safepoint region: Deoptimize
[2022-06-13T02:31:33.661+0000][1][safepoint    ] Leaving safepoint region
[2022-06-13T02:31:33.662+0000][1][safepoint    ] Total time for which application threads were stopped: 0.0013723 seconds, Stopping threads took: 0.0003606 seconds
[2022-06-13T02:31:33.667+0000][1][safepoint    ] Application time: 0.0049059 seconds
[2022-06-13T02:31:33.668+0000][1][safepoint    ] Entering safepoint region: RevokeBias
[2022-06-13T02:31:33.668+0000][1][safepoint    ] Leaving safepoint region
[2022-06-13T02:31:33.668+0000][1][safepoint    ] Total time for which application threads were stopped: 0.0006955 seconds, Stopping threads took: 0.0002490 seconds
[2022-06-13T02:31:33.669+0000][1][safepoint    ] Application time: 0.0003166 seconds
[2022-06-13T02:31:33.669+0000][1][safepoint    ] Entering safepoint region: RevokeBias
[2022-06-13T02:31:33.670+0000][1][safepoint    ] Leaving safepoint region
[2022-06-13T02:31:33.670+0000][1][safepoint    ] Total time for which application threads were stopped: 0.0007839 seconds, Stopping threads took: 0.0004576 seconds
[2022-06-13T02:31:33.670+0000][1][safepoint    ] Application time: 0.0002445 seconds
[2022-06-13T02:31:33.671+0000][1][safepoint    ] Entering safepoint region: RevokeBias
[2022-06-13T02:31:33.671+0000][1][safepoint    ] Leaving safepoint region
[2022-06-13T02:31:33.672+0000][1][safepoint    ] Total time for which application threads were stopped: 0.0008342 seconds, Stopping threads took: 0.0003325 seconds
[2022-06-13T02:31:33.673+0000][1][safepoint    ] Application time: 0.0006799 seconds
[2022-06-13T02:31:33.673+0000][1][safepoint    ] Entering safepoint region: RevokeBias
[2022-06-13T02:31:33.673+0000][1][safepoint    ] Leaving safepoint region
[2022-06-13T02:31:33.673+0000][1][safepoint    ] Total time for which application threads were stopped: 0.0005243 seconds, Stopping threads took: 0.0002590 seconds
[2022-06-13T02:31:33.674+0000][1][safepoint    ] Application time: 0.0002692 seconds
[2022-06-13T02:31:33.674+0000][1][safepoint    ] Entering safepoint region: RevokeBias
[2022-06-13T02:31:33.674+0000][1][safepoint    ] Leaving safepoint region
[2022-06-13T02:31:33.674+0000][1][safepoint    ] Total time for which application threads were stopped: 0.0004049 seconds, Stopping threads took: 0.0001744 seconds
[2022-06-13T02:31:33.675+0000][1][safepoint    ] Application time: 0.0000663 seconds
[2022-06-13T02:31:33.675+0000][1][safepoint    ] Entering safepoint region: RevokeBias
[2022-06-13T02:31:33.675+0000][1][safepoint    ] Leaving safepoint region
[2022-06-13T02:31:33.675+0000][1][safepoint    ] Total time for which application threads were stopped: 0.0002108 seconds, Stopping threads took: 0.0000938 seconds
[2022-06-13T02:31:33.675+0000][1][safepoint    ] Application time: 0.0000850 seconds
[2022-06-13T02:31:33.675+0000][1][safepoint    ] Entering safepoint region: BulkRevokeBias
[2022-06-13T02:31:33.675+0000][1][safepoint    ] Leaving safepoint region
[2022-06-13T02:31:33.676+0000][1][safepoint    ] Total time for which application threads were stopped: 0.0003828 seconds, Stopping threads took: 0.0001330 seconds
[2022-06-13T02:31:33.676+0000][1][safepoint    ] Application time: 0.0001145 seconds
[2022-06-13T02:31:33.676+0000][1][safepoint    ] Entering safepoint region: RevokeBias
[2022-06-13T02:31:33.676+0000][1][safepoint    ] Leaving safepoint region
[2022-06-13T02:31:33.676+0000][1][safepoint    ] Total time for which application threads were stopped: 0.0001986 seconds, Stopping threads took: 0.0000901 seconds
[2022-06-13T02:31:33.676+0000][1][safepoint    ] Application time: 0.0001520 seconds
[2022-06-13T02:31:33.676+0000][1][safepoint    ] Entering safepoint region: RevokeBias
[2022-06-13T02:31:33.677+0000][1][safepoint    ] Leaving safepoint region
[2022-06-13T02:31:33.677+0000][1][safepoint    ] Total time for which application threads were stopped: 0.0002079 seconds, Stopping threads took: 0.0001075 seconds
[2022-06-13T02:31:33.677+0000][1][safepoint    ] Application time: 0.0001200 seconds
[2022-06-13T02:31:33.677+0000][1][safepoint    ] Entering safepoint region: RevokeBias
[2022-06-13T02:31:33.677+0000][1][safepoint    ] Leaving safepoint region
[2022-06-13T02:31:33.677+0000][1][safepoint    ] Total time for which application threads were stopped: 0.0002486 seconds, Stopping threads took: 0.0000959 seconds
[2022-06-13T02:31:33.677+0000][1][safepoint    ] Application time: 0.0000818 seconds
[2022-06-13T02:31:33.678+0000][1][safepoint    ] Entering safepoint region: RevokeBias
[2022-06-13T02:31:33.678+0000][1][safepoint    ] Leaving safepoint region
[2022-06-13T02:31:33.678+0000][1][safepoint    ] Total time for which application threads were stopped: 0.0004594 seconds, Stopping threads took: 0.0002236 seconds
[2022-06-13T02:31:33.679+0000][1][safepoint    ] Application time: 0.0004206 seconds
[2022-06-13T02:31:33.679+0000][1][safepoint    ] Entering safepoint region: RevokeBias
[2022-06-13T02:31:33.679+0000][1][safepoint    ] Leaving safepoint region
[2022-06-13T02:31:33.679+0000][1][safepoint    ] Total time for which application threads were stopped: 0.0002472 seconds, Stopping threads took: 0.0001139 seconds
[2022-06-13T02:31:33.680+0000][1][safepoint    ] Application time: 0.0008118 seconds
[2022-06-13T02:31:33.680+0000][1][safepoint    ] Entering safepoint region: RevokeBias
[2022-06-13T02:31:33.680+0000][1][safepoint    ] Leaving safepoint region
[2022-06-13T02:31:33.681+0000][1][safepoint    ] Total time for which application threads were stopped: 0.0005347 seconds, Stopping threads took: 0.0002636 seconds
[2022-06-13T02:31:33.681+0000][1][safepoint    ] Application time: 0.0000879 seconds
[2022-06-13T02:31:33.681+0000][1][safepoint    ] Entering safepoint region: RevokeBias
[2022-06-13T02:31:33.681+0000][1][safepoint    ] Leaving safepoint region
[2022-06-13T02:31:33.681+0000][1][safepoint    ] Total time for which application threads were stopped: 0.0003286 seconds, Stopping threads took: 0.0001802 seconds
[2022-06-13T02:31:33.683+0000][1][safepoint    ] Application time: 0.0015635 seconds
[2022-06-13T02:31:33.683+0000][1][safepoint    ] Entering safepoint region: Deoptimize
[2022-06-13T02:31:33.684+0000][1][safepoint    ] Leaving safepoint region
[2022-06-13T02:31:33.684+0000][1][safepoint    ] Total time for which application threads were stopped: 0.0010569 seconds, Stopping threads took: 0.0001677 seconds
[2022-06-13T02:31:33.717+0000][1][safepoint    ] Application time: 0.0320808 seconds
[2022-06-13T02:31:33.717+0000][1][safepoint    ] Entering safepoint region: RevokeBias
[2022-06-13T02:31:33.717+0000][1][safepoint    ] Leaving safepoint region
[2022-06-13T02:31:33.717+0000][1][safepoint    ] Total time for which application threads were stopped: 0.0005602 seconds, Stopping threads took: 0.0003169 seconds
[2022-06-13T02:31:33.718+0000][1][safepoint    ] Application time: 0.0002059 seconds
[2022-06-13T02:31:33.718+0000][1][safepoint    ] Entering safepoint region: RevokeBias
[2022-06-13T02:31:33.718+0000][1][safepoint    ] Leaving safepoint region
[2022-06-13T02:31:33.718+0000][1][safepoint    ] Total time for which application threads were stopped: 0.0003971 seconds, Stopping threads took: 0.0002662 seconds
[2022-06-13T02:31:33.719+0000][1][safepoint    ] Application time: 0.0006448 seconds
[2022-06-13T02:31:33.719+0000][1][safepoint    ] Entering safepoint region: RevokeBias
[2022-06-13T02:31:33.720+0000][1][safepoint    ] Leaving safepoint region
[2022-06-13T02:31:33.720+0000][1][safepoint    ] Total time for which application threads were stopped: 0.0005662 seconds, Stopping threads took: 0.0002999 seconds
[2022-06-13T02:31:33.720+0000][1][safepoint    ] Application time: 0.0000670 seconds
[2022-06-13T02:31:33.720+0000][1][safepoint    ] Entering safepoint region: RevokeBias
[2022-06-13T02:31:33.721+0000][1][safepoint    ] Leaving safepoint region
[2022-06-13T02:31:33.721+0000][1][safepoint    ] Total time for which application threads were stopped: 0.0004478 seconds, Stopping threads took: 0.0003045 seconds
[2022-06-13T02:31:33.771+0000][1][safepoint    ] Application time: 0.0501133 seconds
[2022-06-13T02:31:33.771+0000][1][safepoint    ] Entering safepoint region: RevokeBias
[2022-06-13T02:31:33.771+0000][1][safepoint    ] Leaving safepoint region
[2022-06-13T02:31:33.772+0000][1][safepoint    ] Total time for which application threads were stopped: 0.0002080 seconds, Stopping threads took: 0.0000969 seconds
[2022-06-13T02:31:33.772+0000][1][safepoint    ] Application time: 0.0001610 seconds
[2022-06-13T02:31:33.772+0000][1][safepoint    ] Entering safepoint region: RevokeBias
[2022-06-13T02:31:33.772+0000][1][safepoint    ] Leaving safepoint region
[2022-06-13T02:31:33.772+0000][1][safepoint    ] Total time for which application threads were stopped: 0.0002366 seconds, Stopping threads took: 0.0001072 seconds
[2022-06-13T02:31:33.772+0000][1][safepoint    ] Application time: 0.0001054 seconds
[2022-06-13T02:31:33.772+0000][1][safepoint    ] Entering safepoint region: RevokeBias
[2022-06-13T02:31:33.773+0000][1][safepoint    ] Leaving safepoint region
[2022-06-13T02:31:33.773+0000][1][safepoint    ] Total time for which application threads were stopped: 0.0001764 seconds, Stopping threads took: 0.0000799 seconds
[2022-06-13T02:31:33.774+0000][1][safepoint    ] Application time: 0.0012611 seconds
[2022-06-13T02:31:33.774+0000][1][safepoint    ] Entering safepoint region: RevokeBias
[2022-06-13T02:31:33.774+0000][1][safepoint    ] Leaving safepoint region
[2022-06-13T02:31:33.774+0000][1][safepoint    ] Total time for which application threads were stopped: 0.0001778 seconds, Stopping threads took: 0.0000886 seconds
[2022-06-13T02:31:33.775+0000][1][safepoint    ] Application time: 0.0001868 seconds
[2022-06-13T02:31:33.775+0000][1][safepoint    ] Entering safepoint region: RevokeBias
[2022-06-13T02:31:33.775+0000][1][safepoint    ] Leaving safepoint region
[2022-06-13T02:31:33.775+0000][1][safepoint    ] Total time for which application threads were stopped: 0.0001744 seconds, Stopping threads took: 0.0000809 seconds
[2022-06-13T02:31:33.775+0000][1][safepoint    ] Application time: 0.0000565 seconds
[2022-06-13T02:31:33.775+0000][1][safepoint    ] Entering safepoint region: RevokeBias
[2022-06-13T02:31:33.775+0000][1][safepoint    ] Leaving safepoint region
[2022-06-13T02:31:33.775+0000][1][safepoint    ] Total time for which application threads were stopped: 0.0001840 seconds, Stopping threads took: 0.0000966 seconds
[2022-06-13T02:31:33.775+0000][1][safepoint    ] Application time: 0.0000482 seconds
[2022-06-13T02:31:33.775+0000][1][safepoint    ] Entering safepoint region: RevokeBias
[2022-06-13T02:31:33.776+0000][1][safepoint    ] Leaving safepoint region
[2022-06-13T02:31:33.776+0000][1][safepoint    ] Total time for which application threads were stopped: 0.0001711 seconds, Stopping threads took: 0.0000781 seconds
[2022-06-13T02:31:33.776+0000][1][safepoint    ] Application time: 0.0002296 seconds
[2022-06-13T02:31:33.776+0000][1][safepoint    ] Entering safepoint region: RevokeBias
[2022-06-13T02:31:33.776+0000][1][safepoint    ] Leaving safepoint region
[2022-06-13T02:31:33.776+0000][1][safepoint    ] Total time for which application threads were stopped: 0.0002489 seconds, Stopping threads took: 0.0001340 seconds
[2022-06-13T02:31:33.777+0000][1][safepoint    ] Application time: 0.0001787 seconds
[2022-06-13T02:31:33.777+0000][1][safepoint    ] Entering safepoint region: RevokeBias
[2022-06-13T02:31:33.777+0000][1][safepoint    ] Leaving safepoint region
[2022-06-13T02:31:33.777+0000][1][safepoint    ] Total time for which application threads were stopped: 0.0001742 seconds, Stopping threads took: 0.0000827 seconds
[2022-06-13T02:31:33.777+0000][1][safepoint    ] Application time: 0.0000482 seconds
[2022-06-13T02:31:33.777+0000][1][safepoint    ] Entering safepoint region: RevokeBias
[2022-06-13T02:31:33.777+0000][1][safepoint    ] Leaving safepoint region
[2022-06-13T02:31:33.777+0000][1][safepoint    ] Total time for which application threads were stopped: 0.0003581 seconds, Stopping threads took: 0.0001563 seconds
[2022-06-13T02:31:33.788+0000][1][safepoint    ] Application time: 0.0108435 seconds
[2022-06-13T02:31:33.789+0000][1][safepoint    ] Entering safepoint region: RevokeBias
[2022-06-13T02:31:33.789+0000][1][safepoint    ] Leaving safepoint region
[2022-06-13T02:31:33.789+0000][1][safepoint    ] Total time for which application threads were stopped: 0.0008677 seconds, Stopping threads took: 0.0004683 seconds
[2022-06-13T02:31:33.792+0000][1][safepoint    ] Application time: 0.0021996 seconds
[2022-06-13T02:31:33.792+0000][1][safepoint    ] Entering safepoint region: RevokeBias
[2022-06-13T02:31:33.793+0000][1][safepoint    ] Leaving safepoint region
[2022-06-13T02:31:33.793+0000][1][safepoint    ] Total time for which application threads were stopped: 0.0008830 seconds, Stopping threads took: 0.0004099 seconds
[2022-06-13T02:31:33.797+0000][1][safepoint    ] Application time: 0.0027673 seconds
[2022-06-13T02:31:33.797+0000][1][safepoint    ] Entering safepoint region: RevokeBias
[2022-06-13T02:31:33.797+0000][1][safepoint    ] Leaving safepoint region
[2022-06-13T02:31:33.798+0000][1][safepoint    ] Total time for which application threads were stopped: 0.0006908 seconds, Stopping threads took: 0.0003400 seconds
[2022-06-13T02:31:33.799+0000][1][safepoint    ] Application time: 0.0011809 seconds
[2022-06-13T02:31:33.800+0000][1][safepoint    ] Entering safepoint region: RevokeBias
[2022-06-13T02:31:33.800+0000][1][safepoint    ] Leaving safepoint region
[2022-06-13T02:31:33.800+0000][1][safepoint    ] Total time for which application threads were stopped: 0.0005853 seconds, Stopping threads took: 0.0002991 seconds
[2022-06-13T02:31:33.801+0000][1][safepoint    ] Application time: 0.0001501 seconds
[2022-06-13T02:31:33.801+0000][1][safepoint    ] Entering safepoint region: RevokeBias
[2022-06-13T02:31:33.801+0000][1][safepoint    ] Leaving safepoint region
[2022-06-13T02:31:33.802+0000][1][safepoint    ] Total time for which application threads were stopped: 0.0006187 seconds, Stopping threads took: 0.0002692 seconds
[2022-06-13T02:31:33.865+0000][1][safepoint    ] Application time: 0.0627876 seconds
[2022-06-13T02:31:33.865+0000][1][safepoint    ] Entering safepoint region: RevokeBias
[2022-06-13T02:31:33.865+0000][1][safepoint    ] Leaving safepoint region
[2022-06-13T02:31:33.865+0000][1][safepoint    ] Total time for which application threads were stopped: 0.0002100 seconds, Stopping threads took: 0.0000971 seconds
[2022-06-13T02:31:33.865+0000][1][safepoint    ] Application time: 0.0001103 seconds
[2022-06-13T02:31:33.865+0000][1][safepoint    ] Entering safepoint region: RevokeBias
[2022-06-13T02:31:33.865+0000][1][safepoint    ] Leaving safepoint region
[2022-06-13T02:31:33.865+0000][1][safepoint    ] Total time for which application threads were stopped: 0.0001990 seconds, Stopping threads took: 0.0000922 seconds
[2022-06-13T02:31:33.868+0000][1][safepoint    ] Application time: 0.0027639 seconds
[2022-06-13T02:31:33.869+0000][1][safepoint    ] Entering safepoint region: RevokeBias
[2022-06-13T02:31:33.869+0000][1][safepoint    ] Leaving safepoint region
[2022-06-13T02:31:33.869+0000][1][safepoint    ] Total time for which application threads were stopped: 0.0002899 seconds, Stopping threads took: 0.0001773 seconds
[2022-06-13T02:31:33.870+0000][1][safepoint    ] Application time: 0.0008524 seconds
[2022-06-13T02:31:33.870+0000][1][safepoint    ] Entering safepoint region: RevokeBias
[2022-06-13T02:31:33.870+0000][1][safepoint    ] Leaving safepoint region
[2022-06-13T02:31:33.870+0000][1][safepoint    ] Total time for which application threads were stopped: 0.0003620 seconds, Stopping threads took: 0.0001739 seconds
[2022-06-13T02:31:33.878+0000][1][safepoint    ] Application time: 0.0072511 seconds
[2022-06-13T02:31:33.878+0000][1][safepoint    ] Entering safepoint region: RevokeBias
[2022-06-13T02:31:33.878+0000][1][safepoint    ] Leaving safepoint region
[2022-06-13T02:31:33.878+0000][1][safepoint    ] Total time for which application threads were stopped: 0.0003446 seconds, Stopping threads took: 0.0001815 seconds
[2022-06-13T02:31:33.879+0000][1][safepoint    ] Application time: 0.0001478 seconds
[2022-06-13T02:31:33.879+0000][1][safepoint    ] Entering safepoint region: RevokeBias
[2022-06-13T02:31:33.879+0000][1][safepoint    ] Leaving safepoint region
[2022-06-13T02:31:33.879+0000][1][safepoint    ] Total time for which application threads were stopped: 0.0002890 seconds, Stopping threads took: 0.0001351 seconds
[2022-06-13T02:31:33.884+0000][1][safepoint    ] Application time: 0.0044787 seconds
[2022-06-13T02:31:33.884+0000][1][safepoint    ] Entering safepoint region: RevokeBias
[2022-06-13T02:31:33.884+0000][1][safepoint    ] Leaving safepoint region
[2022-06-13T02:31:33.884+0000][1][safepoint    ] Total time for which application threads were stopped: 0.0002825 seconds, Stopping threads took: 0.0001119 seconds
[2022-06-13T02:31:33.886+0000][1][safepoint    ] Application time: 0.0018180 seconds
[2022-06-13T02:31:33.886+0000][1][safepoint    ] Entering safepoint region: RevokeBias
[2022-06-13T02:31:33.887+0000][1][safepoint    ] Leaving safepoint region
[2022-06-13T02:31:33.887+0000][1][safepoint    ] Total time for which application threads were stopped: 0.0003123 seconds, Stopping threads took: 0.0001051 seconds
[2022-06-13T02:31:33.887+0000][1][safepoint    ] Application time: 0.0000748 seconds
[2022-06-13T02:31:33.887+0000][1][safepoint    ] Entering safepoint region: RevokeBias
[2022-06-13T02:31:33.887+0000][1][safepoint    ] Leaving safepoint region
[2022-06-13T02:31:33.887+0000][1][safepoint    ] Total time for which application threads were stopped: 0.0002925 seconds, Stopping threads took: 0.0000819 seconds
[2022-06-13T02:31:33.888+0000][1][safepoint    ] Application time: 0.0000869 seconds
[2022-06-13T02:31:33.888+0000][1][safepoint    ] Entering safepoint region: RevokeBias
[2022-06-13T02:31:33.888+0000][1][safepoint    ] Leaving safepoint region
[2022-06-13T02:31:33.888+0000][1][safepoint    ] Total time for which application threads were stopped: 0.0004268 seconds, Stopping threads took: 0.0001572 seconds
[2022-06-13T02:31:33.889+0000][1][safepoint    ] Application time: 0.0000841 seconds
[2022-06-13T02:31:33.889+0000][1][safepoint    ] Entering safepoint region: RevokeBias
[2022-06-13T02:31:33.889+0000][1][safepoint    ] Leaving safepoint region
[2022-06-13T02:31:33.889+0000][1][safepoint    ] Total time for which application threads were stopped: 0.0003511 seconds, Stopping threads took: 0.0002071 seconds
[2022-06-13T02:31:33.889+0000][1][safepoint    ] Application time: 0.0000769 seconds
[2022-06-13T02:31:33.889+0000][1][safepoint    ] Entering safepoint region: RevokeBias
[2022-06-13T02:31:33.890+0000][1][safepoint    ] Leaving safepoint region
[2022-06-13T02:31:33.890+0000][1][safepoint    ] Total time for which application threads were stopped: 0.0004148 seconds, Stopping threads took: 0.0001776 seconds
[2022-06-13T02:31:33.890+0000][1][safepoint    ] Application time: 0.0000690 seconds
[2022-06-13T02:31:33.890+0000][1][safepoint    ] Entering safepoint region: RevokeBias
[2022-06-13T02:31:33.890+0000][1][safepoint    ] Leaving safepoint region
[2022-06-13T02:31:33.890+0000][1][safepoint    ] Total time for which application threads were stopped: 0.0001775 seconds, Stopping threads took: 0.0000799 seconds
[2022-06-13T02:31:33.890+0000][1][safepoint    ] Application time: 0.0000639 seconds
[2022-06-13T02:31:33.891+0000][1][safepoint    ] Entering safepoint region: RevokeBias
[2022-06-13T02:31:33.891+0000][1][safepoint    ] Leaving safepoint region
[2022-06-13T02:31:33.891+0000][1][safepoint    ] Total time for which application threads were stopped: 0.0003606 seconds, Stopping threads took: 0.0002060 seconds
[2022-06-13T02:31:33.891+0000][1][safepoint    ] Application time: 0.0000640 seconds
[2022-06-13T02:31:33.891+0000][1][safepoint    ] Entering safepoint region: RevokeBias
[2022-06-13T02:31:33.891+0000][1][safepoint    ] Leaving safepoint region
[2022-06-13T02:31:33.891+0000][1][safepoint    ] Total time for which application threads were stopped: 0.0002316 seconds, Stopping threads took: 0.0001284 seconds
[2022-06-13T02:31:33.911+0000][1][safepoint    ] Application time: 0.0192801 seconds
[2022-06-13T02:31:33.911+0000][1][safepoint    ] Entering safepoint region: RevokeBias
[2022-06-13T02:31:33.912+0000][1][safepoint    ] Leaving safepoint region
[2022-06-13T02:31:33.912+0000][1][safepoint    ] Total time for which application threads were stopped: 0.0005729 seconds, Stopping threads took: 0.0002743 seconds
[2022-06-13T02:31:33.973+0000][1][safepoint    ] Application time: 0.0609839 seconds
[2022-06-13T02:31:33.973+0000][1][safepoint    ] Entering safepoint region: RevokeBias
[2022-06-13T02:31:33.973+0000][1][safepoint    ] Leaving safepoint region
[2022-06-13T02:31:33.974+0000][1][safepoint    ] Total time for which application threads were stopped: 0.0003128 seconds, Stopping threads took: 0.0001241 seconds
[2022-06-13T02:31:33.976+0000][1][safepoint    ] Application time: 0.0019536 seconds
[2022-06-13T02:31:33.976+0000][1][safepoint    ] Entering safepoint region: RevokeBias
[2022-06-13T02:31:33.976+0000][1][safepoint    ] Leaving safepoint region
[2022-06-13T02:31:33.976+0000][1][safepoint    ] Total time for which application threads were stopped: 0.0005219 seconds, Stopping threads took: 0.0001419 seconds
[2022-06-13T02:31:33.979+0000][1][safepoint    ] Application time: 0.0020800 seconds
[2022-06-13T02:31:33.979+0000][1][safepoint    ] Entering safepoint region: RevokeBias
[2022-06-13T02:31:33.980+0000][1][safepoint    ] Leaving safepoint region
[2022-06-13T02:31:33.980+0000][1][safepoint    ] Total time for which application threads were stopped: 0.0010251 seconds, Stopping threads took: 0.0006741 seconds
[2022-06-13T02:31:33.983+0000][1][safepoint    ] Application time: 0.0023722 seconds
[2022-06-13T02:31:33.983+0000][1][safepoint    ] Entering safepoint region: RevokeBias
[2022-06-13T02:31:33.983+0000][1][safepoint    ] Leaving safepoint region
[2022-06-13T02:31:33.984+0000][1][safepoint    ] Total time for which application threads were stopped: 0.0006474 seconds, Stopping threads took: 0.0003649 seconds
[2022-06-13T02:31:33.984+0000][1][safepoint    ] Application time: 0.0001934 seconds
[2022-06-13T02:31:33.984+0000][1][safepoint    ] Entering safepoint region: RevokeBias
[2022-06-13T02:31:33.985+0000][1][safepoint    ] Leaving safepoint region
[2022-06-13T02:31:33.985+0000][1][safepoint    ] Total time for which application threads were stopped: 0.0005337 seconds, Stopping threads took: 0.0002564 seconds
[2022-06-13T02:31:33.986+0000][1][safepoint    ] Application time: 0.0009361 seconds
[2022-06-13T02:31:33.986+0000][1][safepoint    ] Entering safepoint region: RevokeBias
[2022-06-13T02:31:33.987+0000][1][safepoint    ] Leaving safepoint region
[2022-06-13T02:31:33.987+0000][1][safepoint    ] Total time for which application threads were stopped: 0.0005771 seconds, Stopping threads took: 0.0003246 seconds
[2022-06-13T02:31:33.988+0000][1][safepoint    ] Application time: 0.0002991 seconds
[2022-06-13T02:31:33.988+0000][1][safepoint    ] Entering safepoint region: RevokeBias
[2022-06-13T02:31:33.988+0000][1][safepoint    ] Leaving safepoint region
[2022-06-13T02:31:33.989+0000][1][safepoint    ] Total time for which application threads were stopped: 0.0007219 seconds, Stopping threads took: 0.0003792 seconds
[2022-06-13T02:31:33.989+0000][1][safepoint    ] Application time: 0.0001715 seconds
[2022-06-13T02:31:33.990+0000][1][safepoint    ] Entering safepoint region: RevokeBias
[2022-06-13T02:31:33.990+0000][1][safepoint    ] Leaving safepoint region
[2022-06-13T02:31:33.990+0000][1][safepoint    ] Total time for which application threads were stopped: 0.0005609 seconds, Stopping threads took: 0.0002775 seconds
[2022-06-13T02:31:33.995+0000][1][safepoint    ] Application time: 0.0040685 seconds
[2022-06-13T02:31:33.995+0000][1][safepoint    ] Entering safepoint region: RevokeBias
[2022-06-13T02:31:33.995+0000][1][safepoint    ] Leaving safepoint region
[2022-06-13T02:31:33.996+0000][1][safepoint    ] Total time for which application threads were stopped: 0.0009305 seconds, Stopping threads took: 0.0004325 seconds
[2022-06-13T02:31:33.997+0000][1][safepoint    ] Application time: 0.0002640 seconds
[2022-06-13T02:31:33.997+0000][1][safepoint    ] Entering safepoint region: RevokeBias
[2022-06-13T02:31:33.998+0000][1][safepoint    ] Leaving safepoint region
[2022-06-13T02:31:33.998+0000][1][safepoint    ] Total time for which application threads were stopped: 0.0011784 seconds, Stopping threads took: 0.0007372 seconds
[2022-06-13T02:31:33.999+0000][1][safepoint    ] Application time: 0.0005380 seconds
[2022-06-13T02:31:33.999+0000][1][safepoint    ] Entering safepoint region: RevokeBias
[2022-06-13T02:31:34.000+0000][1][safepoint    ] Leaving safepoint region
[2022-06-13T02:31:34.000+0000][1][safepoint    ] Total time for which application threads were stopped: 0.0008401 seconds, Stopping threads took: 0.0004943 seconds
[2022-06-13T02:31:34.001+0000][1][safepoint    ] Application time: 0.0003884 seconds
[2022-06-13T02:31:34.001+0000][1][safepoint    ] Entering safepoint region: RevokeBias
[2022-06-13T02:31:34.001+0000][1][safepoint    ] Leaving safepoint region
[2022-06-13T02:31:34.002+0000][1][safepoint    ] Total time for which application threads were stopped: 0.0007598 seconds, Stopping threads took: 0.0004420 seconds
[2022-06-13T02:31:34.002+0000][1][safepoint    ] Application time: 0.0003987 seconds
[2022-06-13T02:31:34.002+0000][1][safepoint    ] Entering safepoint region: RevokeBias
[2022-06-13T02:31:34.003+0000][1][safepoint    ] Leaving safepoint region
[2022-06-13T02:31:34.003+0000][1][safepoint    ] Total time for which application threads were stopped: 0.0005300 seconds, Stopping threads took: 0.0003247 seconds
[2022-06-13T02:31:34.003+0000][1][safepoint    ] Application time: 0.0002135 seconds
[2022-06-13T02:31:34.004+0000][1][safepoint    ] Entering safepoint region: RevokeBias
[2022-06-13T02:31:34.004+0000][1][safepoint    ] Leaving safepoint region
[2022-06-13T02:31:34.004+0000][1][safepoint    ] Total time for which application threads were stopped: 0.0008116 seconds, Stopping threads took: 0.0004311 seconds
[2022-06-13T02:31:34.005+0000][1][safepoint    ] Application time: 0.0002263 seconds
[2022-06-13T02:31:34.005+0000][1][safepoint    ] Entering safepoint region: RevokeBias
[2022-06-13T02:31:34.006+0000][1][safepoint    ] Leaving safepoint region
[2022-06-13T02:31:34.006+0000][1][safepoint    ] Total time for which application threads were stopped: 0.0008286 seconds, Stopping threads took: 0.0004398 seconds
[2022-06-13T02:31:34.007+0000][1][safepoint    ] Application time: 0.0003272 seconds
[2022-06-13T02:31:34.007+0000][1][safepoint    ] Entering safepoint region: RevokeBias
[2022-06-13T02:31:34.007+0000][1][safepoint    ] Leaving safepoint region
[2022-06-13T02:31:34.007+0000][1][safepoint    ] Total time for which application threads were stopped: 0.0007420 seconds, Stopping threads took: 0.0005013 seconds
[2022-06-13T02:31:34.010+0000][1][safepoint    ] Application time: 0.0019802 seconds
[2022-06-13T02:31:34.010+0000][1][safepoint    ] Entering safepoint region: RevokeBias
[2022-06-13T02:31:34.010+0000][1][safepoint    ] Leaving safepoint region
[2022-06-13T02:31:34.010+0000][1][safepoint    ] Total time for which application threads were stopped: 0.0007504 seconds, Stopping threads took: 0.0003765 seconds
[2022-06-13T02:31:34.013+0000][1][safepoint    ] Application time: 0.0018819 seconds
[2022-06-13T02:31:34.013+0000][1][safepoint    ] Entering safepoint region: RevokeBias
[2022-06-13T02:31:34.014+0000][1][safepoint    ] Leaving safepoint region
[2022-06-13T02:31:34.014+0000][1][safepoint    ] Total time for which application threads were stopped: 0.0009613 seconds, Stopping threads took: 0.0005374 seconds
[2022-06-13T02:31:34.015+0000][1][safepoint    ] Application time: 0.0001776 seconds
[2022-06-13T02:31:34.015+0000][1][safepoint    ] Entering safepoint region: RevokeBias
[2022-06-13T02:31:34.015+0000][1][safepoint    ] Leaving safepoint region
[2022-06-13T02:31:34.016+0000][1][safepoint    ] Total time for which application threads were stopped: 0.0006788 seconds, Stopping threads took: 0.0002726 seconds
[2022-06-13T02:31:34.016+0000][1][safepoint    ] Application time: 0.0001325 seconds
[2022-06-13T02:31:34.016+0000][1][safepoint    ] Entering safepoint region: RevokeBias
[2022-06-13T02:31:34.016+0000][1][safepoint    ] Leaving safepoint region
[2022-06-13T02:31:34.017+0000][1][safepoint    ] Total time for which application threads were stopped: 0.0005575 seconds, Stopping threads took: 0.0002973 seconds
[2022-06-13T02:31:34.017+0000][1][safepoint    ] Application time: 0.0003387 seconds
[2022-06-13T02:31:34.017+0000][1][safepoint    ] Entering safepoint region: RevokeBias
[2022-06-13T02:31:34.018+0000][1][safepoint    ] Leaving safepoint region
[2022-06-13T02:31:34.018+0000][1][safepoint    ] Total time for which application threads were stopped: 0.0004993 seconds, Stopping threads took: 0.0001736 seconds
[2022-06-13T02:31:34.018+0000][1][safepoint    ] Application time: 0.0001891 seconds
[2022-06-13T02:31:34.019+0000][1][safepoint    ] Entering safepoint region: RevokeBias
[2022-06-13T02:31:34.019+0000][1][safepoint    ] Leaving safepoint region
[2022-06-13T02:31:34.019+0000][1][safepoint    ] Total time for which application threads were stopped: 0.0005642 seconds, Stopping threads took: 0.0002063 seconds
[2022-06-13T02:31:34.036+0000][1][safepoint    ] Application time: 0.0166754 seconds
[2022-06-13T02:31:34.037+0000][1][safepoint    ] Entering safepoint region: RevokeBias
[2022-06-13T02:31:34.037+0000][1][safepoint    ] Leaving safepoint region
[2022-06-13T02:31:34.037+0000][1][safepoint    ] Total time for which application threads were stopped: 0.0002914 seconds, Stopping threads took: 0.0001364 seconds
[2022-06-13T02:31:34.045+0000][1][safepoint    ] Application time: 0.0079653 seconds
[2022-06-13T02:31:34.045+0000][1][safepoint    ] Entering safepoint region: RevokeBias
[2022-06-13T02:31:34.046+0000][1][safepoint    ] Leaving safepoint region
[2022-06-13T02:31:34.046+0000][1][safepoint    ] Total time for which application threads were stopped: 0.0006170 seconds, Stopping threads took: 0.0002264 seconds
[2022-06-13T02:31:34.046+0000][1][safepoint    ] Application time: 0.0002116 seconds
[2022-06-13T02:31:34.047+0000][1][safepoint    ] Entering safepoint region: RevokeBias
[2022-06-13T02:31:34.047+0000][1][safepoint    ] Leaving safepoint region
[2022-06-13T02:31:34.047+0000][1][safepoint    ] Total time for which application threads were stopped: 0.0005980 seconds, Stopping threads took: 0.0002186 seconds
[2022-06-13T02:31:34.048+0000][1][safepoint    ] Application time: 0.0001590 seconds
[2022-06-13T02:31:34.048+0000][1][safepoint    ] Entering safepoint region: RevokeBias
[2022-06-13T02:31:34.048+0000][1][safepoint    ] Leaving safepoint region
[2022-06-13T02:31:34.049+0000][1][safepoint    ] Total time for which application threads were stopped: 0.0007162 seconds, Stopping threads took: 0.0003544 seconds
[2022-06-13T02:31:34.049+0000][1][safepoint    ] Application time: 0.0003709 seconds
[2022-06-13T02:31:34.050+0000][1][safepoint    ] Entering safepoint region: RevokeBias
[2022-06-13T02:31:34.050+0000][1][safepoint    ] Leaving safepoint region
[2022-06-13T02:31:34.051+0000][1][safepoint    ] Total time for which application threads were stopped: 0.0007585 seconds, Stopping threads took: 0.0004108 seconds
[2022-06-13T02:31:34.052+0000][1][safepoint    ] Application time: 0.0009554 seconds
[2022-06-13T02:31:34.052+0000][1][safepoint    ] Entering safepoint region: RevokeBias
[2022-06-13T02:31:34.053+0000][1][safepoint    ] Leaving safepoint region
[2022-06-13T02:31:34.053+0000][1][safepoint    ] Total time for which application threads were stopped: 0.0007533 seconds, Stopping threads took: 0.0003460 seconds
[2022-06-13T02:31:34.054+0000][1][safepoint    ] Application time: 0.0003633 seconds
[2022-06-13T02:31:34.054+0000][1][safepoint    ] Entering safepoint region: RevokeBias
[2022-06-13T02:31:34.054+0000][1][safepoint    ] Leaving safepoint region
[2022-06-13T02:31:34.055+0000][1][safepoint    ] Total time for which application threads were stopped: 0.0006278 seconds, Stopping threads took: 0.0002954 seconds
[2022-06-13T02:31:34.060+0000][1][safepoint    ] Application time: 0.0049316 seconds
[2022-06-13T02:31:34.060+0000][1][safepoint    ] Entering safepoint region: RevokeBias
[2022-06-13T02:31:34.061+0000][1][safepoint    ] Leaving safepoint region
[2022-06-13T02:31:34.061+0000][1][safepoint    ] Total time for which application threads were stopped: 0.0009221 seconds, Stopping threads took: 0.0004323 seconds
[2022-06-13T02:31:34.062+0000][1][safepoint    ] Application time: 0.0001317 seconds
[2022-06-13T02:31:34.062+0000][1][safepoint    ] Entering safepoint region: RevokeBias
[2022-06-13T02:31:34.063+0000][1][safepoint    ] Leaving safepoint region
[2022-06-13T02:31:34.063+0000][1][safepoint    ] Total time for which application threads were stopped: 0.0007373 seconds, Stopping threads took: 0.0004262 seconds
[2022-06-13T02:31:34.082+0000][1][safepoint    ] Application time: 0.0190155 seconds
[2022-06-13T02:31:34.083+0000][1][safepoint    ] Entering safepoint region: RevokeBias
[2022-06-13T02:31:34.083+0000][1][safepoint    ] Leaving safepoint region
[2022-06-13T02:31:34.083+0000][1][safepoint    ] Total time for which application threads were stopped: 0.0008273 seconds, Stopping threads took: 0.0004383 seconds
[2022-06-13T02:31:34.094+0000][1][safepoint    ] Application time: 0.0100501 seconds
[2022-06-13T02:31:34.094+0000][1][safepoint    ] Entering safepoint region: Deoptimize
[2022-06-13T02:31:34.095+0000][1][safepoint    ] Leaving safepoint region
[2022-06-13T02:31:34.095+0000][1][safepoint    ] Total time for which application threads were stopped: 0.0012172 seconds, Stopping threads took: 0.0003396 seconds
[2022-06-13T02:31:34.133+0000][1][safepoint    ] Application time: 0.0369393 seconds
[2022-06-13T02:31:34.133+0000][1][safepoint    ] Entering safepoint region: RevokeBias
[2022-06-13T02:31:34.134+0000][1][safepoint    ] Leaving safepoint region
[2022-06-13T02:31:34.134+0000][1][safepoint    ] Total time for which application threads were stopped: 0.0009923 seconds, Stopping threads took: 0.0004377 seconds
[2022-06-13T02:31:34.135+0000][1][safepoint    ] Application time: 0.0001904 seconds
[2022-06-13T02:31:34.135+0000][1][safepoint    ] Entering safepoint region: RevokeBias
[2022-06-13T02:31:34.136+0000][1][safepoint    ] Leaving safepoint region
[2022-06-13T02:31:34.136+0000][1][safepoint    ] Total time for which application threads were stopped: 0.0007994 seconds, Stopping threads took: 0.0003512 seconds
[2022-06-13T02:31:34.142+0000][1][safepoint    ] Application time: 0.0054122 seconds
[2022-06-13T02:31:34.142+0000][1][safepoint    ] Entering safepoint region: RevokeBias
[2022-06-13T02:31:34.143+0000][1][safepoint    ] Leaving safepoint region
[2022-06-13T02:31:34.143+0000][1][safepoint    ] Total time for which application threads were stopped: 0.0009930 seconds, Stopping threads took: 0.0003707 seconds
[2022-06-13T02:31:34.144+0000][1][safepoint    ] Application time: 0.0001779 seconds
[2022-06-13T02:31:34.144+0000][1][safepoint    ] Entering safepoint region: RevokeBias
[2022-06-13T02:31:34.145+0000][1][safepoint    ] Leaving safepoint region
[2022-06-13T02:31:34.145+0000][1][safepoint    ] Total time for which application threads were stopped: 0.0006999 seconds, Stopping threads took: 0.0003403 seconds
[2022-06-13T02:31:34.146+0000][1][safepoint    ] Application time: 0.0002411 seconds
[2022-06-13T02:31:34.146+0000][1][safepoint    ] Entering safepoint region: RevokeBias
[2022-06-13T02:31:34.147+0000][1][safepoint    ] Leaving safepoint region
[2022-06-13T02:31:34.147+0000][1][safepoint    ] Total time for which application threads were stopped: 0.0006409 seconds, Stopping threads took: 0.0003737 seconds
[2022-06-13T02:31:34.147+0000][1][safepoint    ] Application time: 0.0003591 seconds
[2022-06-13T02:31:34.148+0000][1][safepoint    ] Entering safepoint region: RevokeBias
[2022-06-13T02:31:34.148+0000][1][safepoint    ] Leaving safepoint region
[2022-06-13T02:31:34.148+0000][1][safepoint    ] Total time for which application threads were stopped: 0.0006798 seconds, Stopping threads took: 0.0003024 seconds
[2022-06-13T02:31:34.155+0000][1][safepoint    ] Application time: 0.0056685 seconds
[2022-06-13T02:31:34.155+0000][1][safepoint    ] Entering safepoint region: RevokeBias
[2022-06-13T02:31:34.156+0000][1][safepoint    ] Leaving safepoint region
[2022-06-13T02:31:34.156+0000][1][safepoint    ] Total time for which application threads were stopped: 0.0009540 seconds, Stopping threads took: 0.0003584 seconds
[2022-06-13T02:31:34.157+0000][1][safepoint    ] Application time: 0.0002961 seconds
[2022-06-13T02:31:34.157+0000][1][safepoint    ] Entering safepoint region: RevokeBias
[2022-06-13T02:31:34.157+0000][1][safepoint    ] Leaving safepoint region
[2022-06-13T02:31:34.158+0000][1][safepoint    ] Total time for which application threads were stopped: 0.0006981 seconds, Stopping threads took: 0.0003479 seconds
[2022-06-13T02:31:34.159+0000][1][safepoint    ] Application time: 0.0004707 seconds
[2022-06-13T02:31:34.159+0000][1][safepoint    ] Entering safepoint region: RevokeBias
[2022-06-13T02:31:34.159+0000][1][safepoint    ] Leaving safepoint region
[2022-06-13T02:31:34.159+0000][1][safepoint    ] Total time for which application threads were stopped: 0.0005464 seconds, Stopping threads took: 0.0003048 seconds
[2022-06-13T02:31:34.161+0000][1][safepoint    ] Application time: 0.0010028 seconds
[2022-06-13T02:31:34.161+0000][1][safepoint    ] Entering safepoint region: RevokeBias
[2022-06-13T02:31:34.161+0000][1][safepoint    ] Leaving safepoint region
[2022-06-13T02:31:34.161+0000][1][safepoint    ] Total time for which application threads were stopped: 0.0003244 seconds, Stopping threads took: 0.0001576 seconds
[2022-06-13T02:31:34.162+0000][1][safepoint    ] Application time: 0.0011767 seconds
[2022-06-13T02:31:34.163+0000][1][safepoint    ] Entering safepoint region: BulkRevokeBias
[2022-06-13T02:31:34.163+0000][1][safepoint    ] Leaving safepoint region
[2022-06-13T02:31:34.163+0000][1][safepoint    ] Total time for which application threads were stopped: 0.0004909 seconds, Stopping threads took: 0.0001750 seconds
[2022-06-13T02:31:34.163+0000][1][safepoint    ] Application time: 0.0002578 seconds
[2022-06-13T02:31:34.164+0000][1][safepoint    ] Entering safepoint region: RevokeBias
[2022-06-13T02:31:34.164+0000][1][safepoint    ] Leaving safepoint region
[2022-06-13T02:31:34.164+0000][1][safepoint    ] Total time for which application threads were stopped: 0.0003235 seconds, Stopping threads took: 0.0001554 seconds
[2022-06-13T02:31:34.164+0000][1][safepoint    ] Application time: 0.0001509 seconds
[2022-06-13T02:31:34.164+0000][1][safepoint    ] Entering safepoint region: RevokeBias
[2022-06-13T02:31:34.165+0000][1][safepoint    ] Leaving safepoint region
[2022-06-13T02:31:34.165+0000][1][safepoint    ] Total time for which application threads were stopped: 0.0003260 seconds, Stopping threads took: 0.0001647 seconds
[2022-06-13T02:31:34.165+0000][1][safepoint    ] Application time: 0.0001498 seconds
[2022-06-13T02:31:34.165+0000][1][safepoint    ] Entering safepoint region: RevokeBias
[2022-06-13T02:31:34.165+0000][1][safepoint    ] Leaving safepoint region
[2022-06-13T02:31:34.166+0000][1][safepoint    ] Total time for which application threads were stopped: 0.0003258 seconds, Stopping threads took: 0.0001584 seconds
[2022-06-13T02:31:34.166+0000][1][safepoint    ] Application time: 0.0002492 seconds
[2022-06-13T02:31:34.166+0000][1][safepoint    ] Entering safepoint region: RevokeBias
[2022-06-13T02:31:34.166+0000][1][safepoint    ] Leaving safepoint region
[2022-06-13T02:31:34.166+0000][1][safepoint    ] Total time for which application threads were stopped: 0.0002235 seconds, Stopping threads took: 0.0001088 seconds
[2022-06-13T02:31:34.170+0000][1][safepoint    ] Application time: 0.0033048 seconds
[2022-06-13T02:31:34.170+0000][1][safepoint    ] Entering safepoint region: RevokeBias
[2022-06-13T02:31:34.170+0000][1][safepoint    ] Leaving safepoint region
[2022-06-13T02:31:34.170+0000][1][safepoint    ] Total time for which application threads were stopped: 0.0003534 seconds, Stopping threads took: 0.0001743 seconds
[2022-06-13T02:31:34.183+0000][1][safepoint    ] Application time: 0.0125782 seconds
[2022-06-13T02:31:34.184+0000][1][safepoint    ] Entering safepoint region: RevokeBias
[2022-06-13T02:31:34.184+0000][1][safepoint    ] Leaving safepoint region
[2022-06-13T02:31:34.185+0000][1][safepoint    ] Total time for which application threads were stopped: 0.0011276 seconds, Stopping threads took: 0.0006020 seconds
[2022-06-13T02:31:34.186+0000][1][safepoint    ] Application time: 0.0004950 seconds
[2022-06-13T02:31:34.186+0000][1][safepoint    ] Entering safepoint region: RevokeBias
[2022-06-13T02:31:34.187+0000][1][safepoint    ] Leaving safepoint region
[2022-06-13T02:31:34.187+0000][1][safepoint    ] Total time for which application threads were stopped: 0.0009645 seconds, Stopping threads took: 0.0004763 seconds
[2022-06-13T02:31:34.195+0000][1][safepoint    ] Application time: 0.0072107 seconds
[2022-06-13T02:31:34.195+0000][1][safepoint    ] Entering safepoint region: RevokeBias
[2022-06-13T02:31:34.195+0000][1][safepoint    ] Leaving safepoint region
[2022-06-13T02:31:34.195+0000][1][safepoint    ] Total time for which application threads were stopped: 0.0002595 seconds, Stopping threads took: 0.0001348 seconds
[2022-06-13T02:31:34.196+0000][1][safepoint    ] Application time: 0.0001894 seconds
[2022-06-13T02:31:34.196+0000][1][safepoint    ] Entering safepoint region: RevokeBias
[2022-06-13T02:31:34.196+0000][1][safepoint    ] Leaving safepoint region
[2022-06-13T02:31:34.197+0000][1][safepoint    ] Total time for which application threads were stopped: 0.0006667 seconds, Stopping threads took: 0.0002835 seconds
[2022-06-13T02:31:34.197+0000][1][safepoint    ] Application time: 0.0002033 seconds
[2022-06-13T02:31:34.197+0000][1][safepoint    ] Entering safepoint region: RevokeBias
[2022-06-13T02:31:34.198+0000][1][safepoint    ] Leaving safepoint region
[2022-06-13T02:31:34.198+0000][1][safepoint    ] Total time for which application threads were stopped: 0.0005693 seconds, Stopping threads took: 0.0003588 seconds
[2022-06-13T02:31:34.199+0000][1][safepoint    ] Application time: 0.0010925 seconds
[2022-06-13T02:31:34.200+0000][1][safepoint    ] Entering safepoint region: RevokeBias
[2022-06-13T02:31:34.200+0000][1][safepoint    ] Leaving safepoint region
[2022-06-13T02:31:34.200+0000][1][safepoint    ] Total time for which application threads were stopped: 0.0008047 seconds, Stopping threads took: 0.0004063 seconds
[2022-06-13T02:31:34.202+0000][1][safepoint    ] Application time: 0.0011029 seconds
[2022-06-13T02:31:34.202+0000][1][safepoint    ] Entering safepoint region: RevokeBias
[2022-06-13T02:31:34.202+0000][1][safepoint    ] Leaving safepoint region
[2022-06-13T02:31:34.202+0000][1][safepoint    ] Total time for which application threads were stopped: 0.0003204 seconds, Stopping threads took: 0.0001651 seconds
[2022-06-13T02:31:34.398+0000][1][safepoint    ] Application time: 0.1954648 seconds
[2022-06-13T02:31:34.398+0000][1][safepoint    ] Entering safepoint region: RevokeBias
[2022-06-13T02:31:34.399+0000][1][safepoint    ] Leaving safepoint region
[2022-06-13T02:31:34.399+0000][1][safepoint    ] Total time for which application threads were stopped: 0.0009696 seconds, Stopping threads took: 0.0004305 seconds
[2022-06-13T02:31:34.542+0000][1][safepoint    ] Application time: 0.1422096 seconds
[2022-06-13T02:31:34.543+0000][1][safepoint    ] Entering safepoint region: RevokeBias
[2022-06-13T02:31:34.543+0000][1][safepoint    ] Leaving safepoint region
[2022-06-13T02:31:34.543+0000][1][safepoint    ] Total time for which application threads were stopped: 0.0007231 seconds, Stopping threads took: 0.0005054 seconds
[2022-06-13T02:31:34.544+0000][1][safepoint    ] Application time: 0.0004281 seconds
[2022-06-13T02:31:34.544+0000][1][safepoint    ] Entering safepoint region: RevokeBias
[2022-06-13T02:31:34.545+0000][1][safepoint    ] Leaving safepoint region
[2022-06-13T02:31:34.545+0000][1][safepoint    ] Total time for which application threads were stopped: 0.0007262 seconds, Stopping threads took: 0.0003587 seconds
[2022-06-13T02:31:34.546+0000][1][safepoint    ] Application time: 0.0001991 seconds
[2022-06-13T02:31:34.546+0000][1][safepoint    ] Entering safepoint region: RevokeBias
[2022-06-13T02:31:34.546+0000][1][safepoint    ] Leaving safepoint region
[2022-06-13T02:31:34.547+0000][1][safepoint    ] Total time for which application threads were stopped: 0.0006662 seconds, Stopping threads took: 0.0003305 seconds
[2022-06-13T02:31:34.547+0000][1][safepoint    ] Application time: 0.0000767 seconds
[2022-06-13T02:31:34.547+0000][1][safepoint    ] Entering safepoint region: RevokeBias
[2022-06-13T02:31:34.548+0000][1][safepoint    ] Leaving safepoint region
[2022-06-13T02:31:34.548+0000][1][safepoint    ] Total time for which application threads were stopped: 0.0005650 seconds, Stopping threads took: 0.0002249 seconds
[2022-06-13T02:31:34.548+0000][1][safepoint    ] Application time: 0.0000753 seconds
[2022-06-13T02:31:34.549+0000][1][safepoint    ] Entering safepoint region: RevokeBias
[2022-06-13T02:31:34.549+0000][1][safepoint    ] Leaving safepoint region
[2022-06-13T02:31:34.550+0000][1][safepoint    ] Total time for which application threads were stopped: 0.0009169 seconds, Stopping threads took: 0.0003282 seconds
[2022-06-13T02:31:34.550+0000][1][safepoint    ] Application time: 0.0000800 seconds
[2022-06-13T02:31:34.550+0000][1][safepoint    ] Entering safepoint region: RevokeBias
[2022-06-13T02:31:34.551+0000][1][safepoint    ] Leaving safepoint region
[2022-06-13T02:31:34.551+0000][1][safepoint    ] Total time for which application threads were stopped: 0.0006362 seconds, Stopping threads took: 0.0003264 seconds
[2022-06-13T02:31:34.551+0000][1][safepoint    ] Application time: 0.0000747 seconds
[2022-06-13T02:31:34.552+0000][1][safepoint    ] Entering safepoint region: RevokeBias
[2022-06-13T02:31:34.552+0000][1][safepoint    ] Leaving safepoint region
[2022-06-13T02:31:34.552+0000][1][safepoint    ] Total time for which application threads were stopped: 0.0005643 seconds, Stopping threads took: 0.0002728 seconds
[2022-06-13T02:31:34.553+0000][1][safepoint    ] Application time: 0.0000827 seconds
[2022-06-13T02:31:34.553+0000][1][safepoint    ] Entering safepoint region: RevokeBias
[2022-06-13T02:31:34.553+0000][1][safepoint    ] Leaving safepoint region
[2022-06-13T02:31:34.553+0000][1][safepoint    ] Total time for which application threads were stopped: 0.0005220 seconds, Stopping threads took: 0.0002005 seconds
[2022-06-13T02:31:36.554+0000][1][safepoint    ] Application time: 2.0004086 seconds
[2022-06-13T02:31:36.555+0000][1][safepoint    ] Entering safepoint region: Cleanup
[2022-06-13T02:31:36.555+0000][1][safepoint    ] Leaving safepoint region
[2022-06-13T02:31:36.556+0000][1][safepoint    ] Total time for which application threads were stopped: 0.0008180 seconds, Stopping threads took: 0.0004156 seconds
[2022-06-13T02:31:37.556+0000][1][safepoint    ] Application time: 1.0001679 seconds
[2022-06-13T02:31:37.556+0000][1][safepoint    ] Entering safepoint region: Cleanup
[2022-06-13T02:31:37.557+0000][1][safepoint    ] Leaving safepoint region
[2022-06-13T02:31:37.557+0000][1][safepoint    ] Total time for which application threads were stopped: 0.0006500 seconds, Stopping threads took: 0.0004195 seconds
[2022-06-13T02:31:39.558+0000][1][safepoint    ] Application time: 2.0004114 seconds
[2022-06-13T02:31:39.558+0000][1][safepoint    ] Entering safepoint region: Cleanup
[2022-06-13T02:31:39.559+0000][1][safepoint    ] Leaving safepoint region
[2022-06-13T02:31:39.559+0000][1][safepoint    ] Total time for which application threads were stopped: 0.0007455 seconds, Stopping threads took: 0.0003702 seconds
[2022-06-13T02:31:42.336+0000][1][safepoint    ] Application time: 2.7767489 seconds
[2022-06-13T02:31:42.337+0000][1][safepoint    ] Entering safepoint region: RevokeBias
[2022-06-13T02:31:42.337+0000][1][safepoint    ] Leaving safepoint region
[2022-06-13T02:31:42.337+0000][1][safepoint    ] Total time for which application threads were stopped: 0.0008623 seconds, Stopping threads took: 0.0003490 seconds
[2022-06-13T02:31:42.338+0000][1][safepoint    ] Application time: 0.0001766 seconds
[2022-06-13T02:31:42.338+0000][1][safepoint    ] Entering safepoint region: RevokeBias
[2022-06-13T02:31:42.339+0000][1][safepoint    ] Leaving safepoint region
[2022-06-13T02:31:42.339+0000][1][safepoint    ] Total time for which application threads were stopped: 0.0007691 seconds, Stopping threads took: 0.0003900 seconds
[2022-06-13T02:31:44.340+0000][1][safepoint    ] Application time: 2.0004161 seconds
[2022-06-13T02:31:44.341+0000][1][safepoint    ] Entering safepoint region: Cleanup
[2022-06-13T02:31:44.341+0000][1][safepoint    ] Leaving safepoint region
[2022-06-13T02:31:44.341+0000][1][safepoint    ] Total time for which application threads were stopped: 0.0008763 seconds, Stopping threads took: 0.0003687 seconds
[2022-06-13T02:31:47.342+0000][1][safepoint    ] Application time: 3.0006005 seconds
[2022-06-13T02:31:47.343+0000][1][safepoint    ] Entering safepoint region: Cleanup
[2022-06-13T02:31:47.343+0000][1][safepoint    ] Leaving safepoint region
[2022-06-13T02:31:47.344+0000][1][safepoint    ] Total time for which application threads were stopped: 0.0006233 seconds, Stopping threads took: 0.0003085 seconds
[2022-06-13T02:31:49.344+0000][1][safepoint    ] Application time: 2.0002581 seconds
[2022-06-13T02:31:49.345+0000][1][safepoint    ] Entering safepoint region: Cleanup
[2022-06-13T02:31:49.345+0000][1][safepoint    ] Leaving safepoint region
[2022-06-13T02:31:49.346+0000][1][safepoint    ] Total time for which application threads were stopped: 0.0008927 seconds, Stopping threads took: 0.0004715 seconds
[2022-06-13T02:31:55.347+0000][1][safepoint    ] Application time: 6.0013249 seconds
[2022-06-13T02:31:55.348+0000][1][safepoint    ] Entering safepoint region: Cleanup
[2022-06-13T02:31:55.348+0000][1][safepoint    ] Leaving safepoint region
[2022-06-13T02:31:55.349+0000][1][safepoint    ] Total time for which application threads were stopped: 0.0008294 seconds, Stopping threads took: 0.0004087 seconds
[2022-06-13T02:31:56.349+0000][1][safepoint    ] Application time: 1.0002225 seconds
[2022-06-13T02:31:56.350+0000][1][safepoint    ] Entering safepoint region: Cleanup
[2022-06-13T02:31:56.350+0000][1][safepoint    ] Leaving safepoint region
[2022-06-13T02:31:56.351+0000][1][safepoint    ] Total time for which application threads were stopped: 0.0006187 seconds, Stopping threads took: 0.0002701 seconds
[2022-06-13T02:31:59.351+0000][1][safepoint    ] Application time: 3.0005342 seconds
[2022-06-13T02:31:59.352+0000][1][safepoint    ] Entering safepoint region: Cleanup
[2022-06-13T02:31:59.353+0000][1][safepoint    ] Leaving safepoint region
[2022-06-13T02:31:59.353+0000][1][safepoint    ] Total time for which application threads were stopped: 0.0008380 seconds, Stopping threads took: 0.0004360 seconds
[2022-06-13T02:32:04.002+0000][1][safepoint    ] Application time: 4.6481555 seconds
[2022-06-13T02:32:04.002+0000][1][safepoint    ] Entering safepoint region: RevokeBias
[2022-06-13T02:32:04.002+0000][1][safepoint    ] Leaving safepoint region
[2022-06-13T02:32:04.002+0000][1][safepoint    ] Total time for which application threads were stopped: 0.0005284 seconds, Stopping threads took: 0.0002510 seconds
[2022-06-13T02:32:04.003+0000][1][safepoint    ] Application time: 0.0001110 seconds
[2022-06-13T02:32:04.003+0000][1][safepoint    ] Entering safepoint region: RevokeBias
[2022-06-13T02:32:04.003+0000][1][safepoint    ] Leaving safepoint region
[2022-06-13T02:32:04.003+0000][1][safepoint    ] Total time for which application threads were stopped: 0.0003837 seconds, Stopping threads took: 0.0001728 seconds
[2022-06-13T02:32:05.004+0000][1][safepoint    ] Application time: 1.0002686 seconds
[2022-06-13T02:32:05.004+0000][1][safepoint    ] Entering safepoint region: Cleanup
[2022-06-13T02:32:05.005+0000][1][safepoint    ] Leaving safepoint region
[2022-06-13T02:32:05.005+0000][1][safepoint    ] Total time for which application threads were stopped: 0.0009588 seconds, Stopping threads took: 0.0004840 seconds
[2022-06-13T02:32:06.006+0000][1][safepoint    ] Application time: 1.0002788 seconds
[2022-06-13T02:32:06.007+0000][1][safepoint    ] Entering safepoint region: Cleanup
[2022-06-13T02:32:06.007+0000][1][safepoint    ] Leaving safepoint region
[2022-06-13T02:32:06.008+0000][1][safepoint    ] Total time for which application threads were stopped: 0.0008272 seconds, Stopping threads took: 0.0004218 seconds
[2022-06-13T02:32:10.009+0000][1][safepoint    ] Application time: 4.0007965 seconds
[2022-06-13T02:32:10.010+0000][1][safepoint    ] Entering safepoint region: Cleanup
[2022-06-13T02:32:10.010+0000][1][safepoint    ] Leaving safepoint region
[2022-06-13T02:32:10.011+0000][1][safepoint    ] Total time for which application threads were stopped: 0.0013178 seconds, Stopping threads took: 0.0006602 seconds
[2022-06-13T02:32:12.012+0000][1][safepoint    ] Application time: 2.0004087 seconds
[2022-06-13T02:32:12.012+0000][1][safepoint    ] Entering safepoint region: Cleanup
[2022-06-13T02:32:12.013+0000][1][safepoint    ] Leaving safepoint region
[2022-06-13T02:32:12.013+0000][1][safepoint    ] Total time for which application threads were stopped: 0.0007937 seconds, Stopping threads took: 0.0003958 seconds
[2022-06-13T02:32:13.559+0000][1][safepoint    ] Application time: 1.5459393 seconds
[2022-06-13T02:32:13.560+0000][1][safepoint    ] Entering safepoint region: GenCollectForAllocation
[2022-06-13T02:32:13.561+0000][1][gc,start     ] GC(22) Pause Young (Allocation Failure)
[2022-06-13T02:32:13.561+0000][1][gc,task      ] GC(22) Using 5 workers of 13 for evacuation
[2022-06-13T02:32:13.567+0000][1][gc,age       ] GC(22) Desired survivor size 4456448 bytes, new threshold 2 (max threshold 6)
[2022-06-13T02:32:13.567+0000][1][gc,age       ] GC(22) Age table with threshold 2 (max threshold 6)
[2022-06-13T02:32:13.568+0000][1][gc,age       ] GC(22) - age   1:    2245752 bytes,    2245752 total
[2022-06-13T02:32:13.568+0000][1][gc,age       ] GC(22) - age   2:    3687160 bytes,    5932912 total
[2022-06-13T02:32:13.569+0000][1][gc,heap      ] GC(22) ParNew: 77725K->7958K(78656K)
[2022-06-13T02:32:13.569+0000][1][gc,heap      ] GC(22) CMS: 62180K->63510K(174784K)
[2022-06-13T02:32:13.569+0000][1][gc,metaspace ] GC(22) Metaspace: 66761K->66761K(1110016K)
[2022-06-13T02:32:13.570+0000][1][gc           ] GC(22) Pause Young (Allocation Failure) 136M->69M(247M) 9.274ms
[2022-06-13T02:32:13.570+0000][1][gc,cpu       ] GC(22) User=0.03s Sys=0.00s Real=0.01s
[2022-06-13T02:32:13.571+0000][1][safepoint    ] Leaving safepoint region
[2022-06-13T02:32:13.571+0000][1][safepoint    ] Total time for which application threads were stopped: 0.0111403 seconds, Stopping threads took: 0.0005542 seconds
[2022-06-13T02:32:28.024+0000][1][safepoint    ] Application time: 14.4528452 seconds
[2022-06-13T02:32:28.025+0000][1][safepoint    ] Entering safepoint region: RevokeBias
[2022-06-13T02:32:28.025+0000][1][safepoint    ] Leaving safepoint region
[2022-06-13T02:32:28.026+0000][1][safepoint    ] Total time for which application threads were stopped: 0.0008892 seconds, Stopping threads took: 0.0004000 seconds
[2022-06-13T02:32:31.027+0000][1][safepoint    ] Application time: 3.0006762 seconds
[2022-06-13T02:32:31.027+0000][1][safepoint    ] Entering safepoint region: Cleanup
[2022-06-13T02:32:31.028+0000][1][safepoint    ] Leaving safepoint region
[2022-06-13T02:32:31.028+0000][1][safepoint    ] Total time for which application threads were stopped: 0.0008978 seconds, Stopping threads took: 0.0004481 seconds
[2022-06-13T02:32:34.029+0000][1][safepoint    ] Application time: 3.0004861 seconds
[2022-06-13T02:32:34.030+0000][1][safepoint    ] Entering safepoint region: Cleanup
[2022-06-13T02:32:34.030+0000][1][safepoint    ] Leaving safepoint region
[2022-06-13T02:32:34.031+0000][1][safepoint    ] Total time for which application threads were stopped: 0.0008452 seconds, Stopping threads took: 0.0004806 seconds
[2022-06-13T02:32:39.032+0000][1][safepoint    ] Application time: 5.0009340 seconds
[2022-06-13T02:32:39.032+0000][1][safepoint    ] Entering safepoint region: Cleanup
[2022-06-13T02:32:39.033+0000][1][safepoint    ] Leaving safepoint region
[2022-06-13T02:32:39.033+0000][1][safepoint    ] Total time for which application threads were stopped: 0.0008724 seconds, Stopping threads took: 0.0004893 seconds
[2022-06-13T02:32:40.034+0000][1][safepoint    ] Application time: 1.0002353 seconds
[2022-06-13T02:32:40.034+0000][1][safepoint    ] Entering safepoint region: Cleanup
[2022-06-13T02:32:40.035+0000][1][safepoint    ] Leaving safepoint region
[2022-06-13T02:32:40.035+0000][1][safepoint    ] Total time for which application threads were stopped: 0.0009023 seconds, Stopping threads took: 0.0003201 seconds
[2022-06-13T02:32:44.037+0000][1][safepoint    ] Application time: 4.0007004 seconds
[2022-06-13T02:32:44.037+0000][1][safepoint    ] Entering safepoint region: Cleanup
[2022-06-13T02:32:44.037+0000][1][safepoint    ] Leaving safepoint region
[2022-06-13T02:32:44.038+0000][1][safepoint    ] Total time for which application threads were stopped: 0.0006809 seconds, Stopping threads took: 0.0003492 seconds
[2022-06-13T02:32:45.038+0000][1][safepoint    ] Application time: 1.0001919 seconds
[2022-06-13T02:32:45.039+0000][1][safepoint    ] Entering safepoint region: Cleanup
[2022-06-13T02:32:45.039+0000][1][safepoint    ] Leaving safepoint region
[2022-06-13T02:32:45.040+0000][1][safepoint    ] Total time for which application threads were stopped: 0.0010083 seconds, Stopping threads took: 0.0004987 seconds
[2022-06-13T02:32:47.041+0000][1][safepoint    ] Application time: 2.0004730 seconds
[2022-06-13T02:32:47.041+0000][1][safepoint    ] Entering safepoint region: Cleanup
[2022-06-13T02:32:47.042+0000][1][safepoint    ] Leaving safepoint region
[2022-06-13T02:32:47.042+0000][1][safepoint    ] Total time for which application threads were stopped: 0.0008591 seconds, Stopping threads took: 0.0004273 seconds
[2022-06-13T02:32:49.043+0000][1][safepoint    ] Application time: 2.0003535 seconds
[2022-06-13T02:32:49.044+0000][1][safepoint    ] Entering safepoint region: Cleanup
[2022-06-13T02:32:49.044+0000][1][safepoint    ] Leaving safepoint region
[2022-06-13T02:32:49.045+0000][1][safepoint    ] Total time for which application threads were stopped: 0.0011267 seconds, Stopping threads took: 0.0005608 seconds
[2022-06-13T02:32:52.046+0000][1][safepoint    ] Application time: 3.0005945 seconds
[2022-06-13T02:32:52.046+0000][1][safepoint    ] Entering safepoint region: Cleanup
[2022-06-13T02:32:52.047+0000][1][safepoint    ] Leaving safepoint region
[2022-06-13T02:32:52.047+0000][1][safepoint    ] Total time for which application threads were stopped: 0.0007028 seconds, Stopping threads took: 0.0003220 seconds
[2022-06-13T02:32:54.048+0000][1][safepoint    ] Application time: 2.0005054 seconds
[2022-06-13T02:32:54.048+0000][1][safepoint    ] Entering safepoint region: Cleanup
[2022-06-13T02:32:54.049+0000][1][safepoint    ] Leaving safepoint region
[2022-06-13T02:32:54.049+0000][1][safepoint    ] Total time for which application threads were stopped: 0.0006348 seconds, Stopping threads took: 0.0002992 seconds
[2022-06-13T02:32:57.050+0000][1][safepoint    ] Application time: 3.0006192 seconds
[2022-06-13T02:32:57.050+0000][1][safepoint    ] Entering safepoint region: Cleanup
[2022-06-13T02:32:57.051+0000][1][safepoint    ] Leaving safepoint region
[2022-06-13T02:32:57.051+0000][1][safepoint    ] Total time for which application threads were stopped: 0.0006784 seconds, Stopping threads took: 0.0003283 seconds
[2022-06-13T02:33:00.052+0000][1][safepoint    ] Application time: 3.0006390 seconds
[2022-06-13T02:33:00.052+0000][1][safepoint    ] Entering safepoint region: Cleanup
[2022-06-13T02:33:00.053+0000][1][safepoint    ] Leaving safepoint region
[2022-06-13T02:33:00.053+0000][1][safepoint    ] Total time for which application threads were stopped: 0.0005374 seconds, Stopping threads took: 0.0002492 seconds
[2022-06-13T02:33:10.055+0000][1][safepoint    ] Application time: 10.0019916 seconds
[2022-06-13T02:33:10.056+0000][1][safepoint    ] Entering safepoint region: Cleanup
[2022-06-13T02:33:10.056+0000][1][safepoint    ] Leaving safepoint region
[2022-06-13T02:33:10.057+0000][1][safepoint    ] Total time for which application threads were stopped: 0.0008790 seconds, Stopping threads took: 0.0003762 seconds
[2022-06-13T02:33:15.058+0000][1][safepoint    ] Application time: 5.0009702 seconds
[2022-06-13T02:33:15.059+0000][1][safepoint    ] Entering safepoint region: Cleanup
[2022-06-13T02:33:15.059+0000][1][safepoint    ] Leaving safepoint region
[2022-06-13T02:33:15.059+0000][1][safepoint    ] Total time for which application threads were stopped: 0.0008025 seconds, Stopping threads took: 0.0003493 seconds
[2022-06-13T02:33:16.060+0000][1][safepoint    ] Application time: 1.0002214 seconds
[2022-06-13T02:33:16.060+0000][1][safepoint    ] Entering safepoint region: Cleanup
[2022-06-13T02:33:16.061+0000][1][safepoint    ] Leaving safepoint region
[2022-06-13T02:33:16.061+0000][1][safepoint    ] Total time for which application threads were stopped: 0.0009345 seconds, Stopping threads took: 0.0005464 seconds
[2022-06-13T02:33:21.062+0000][1][safepoint    ] Application time: 5.0009229 seconds
[2022-06-13T02:33:21.063+0000][1][safepoint    ] Entering safepoint region: Cleanup
[2022-06-13T02:33:21.063+0000][1][safepoint    ] Leaving safepoint region
[2022-06-13T02:33:21.064+0000][1][safepoint    ] Total time for which application threads were stopped: 0.0007729 seconds, Stopping threads took: 0.0003706 seconds
[2022-06-13T02:33:23.065+0000][1][safepoint    ] Application time: 2.0005967 seconds
[2022-06-13T02:33:23.065+0000][1][safepoint    ] Entering safepoint region: Cleanup
[2022-06-13T02:33:23.066+0000][1][safepoint    ] Leaving safepoint region
[2022-06-13T02:33:23.066+0000][1][safepoint    ] Total time for which application threads were stopped: 0.0006917 seconds, Stopping threads took: 0.0003336 seconds
[2022-06-13T02:33:28.067+0000][1][safepoint    ] Application time: 5.0008393 seconds
[2022-06-13T02:33:28.068+0000][1][safepoint    ] Entering safepoint region: Cleanup
[2022-06-13T02:33:28.068+0000][1][safepoint    ] Leaving safepoint region
[2022-06-13T02:33:28.069+0000][1][safepoint    ] Total time for which application threads were stopped: 0.0010817 seconds, Stopping threads took: 0.0004059 seconds
[2022-06-13T02:33:30.070+0000][1][safepoint    ] Application time: 2.0003326 seconds
[2022-06-13T02:33:30.070+0000][1][safepoint    ] Entering safepoint region: Cleanup
[2022-06-13T02:33:30.070+0000][1][safepoint    ] Leaving safepoint region
[2022-06-13T02:33:30.071+0000][1][safepoint    ] Total time for which application threads were stopped: 0.0005032 seconds, Stopping threads took: 0.0002390 seconds
[2022-06-13T02:33:34.072+0000][1][safepoint    ] Application time: 4.0007475 seconds
[2022-06-13T02:33:34.072+0000][1][safepoint    ] Entering safepoint region: Cleanup
[2022-06-13T02:33:34.072+0000][1][safepoint    ] Leaving safepoint region
[2022-06-13T02:33:34.073+0000][1][safepoint    ] Total time for which application threads were stopped: 0.0007796 seconds, Stopping threads took: 0.0004036 seconds
[2022-06-13T02:33:41.074+0000][1][safepoint    ] Application time: 7.0012414 seconds
[2022-06-13T02:33:41.075+0000][1][safepoint    ] Entering safepoint region: Cleanup
[2022-06-13T02:33:41.075+0000][1][safepoint    ] Leaving safepoint region
[2022-06-13T02:33:41.076+0000][1][safepoint    ] Total time for which application threads were stopped: 0.0005434 seconds, Stopping threads took: 0.0002445 seconds
[2022-06-13T02:33:49.077+0000][1][safepoint    ] Application time: 8.0015090 seconds
[2022-06-13T02:33:49.078+0000][1][safepoint    ] Entering safepoint region: Cleanup
[2022-06-13T02:33:49.078+0000][1][safepoint    ] Leaving safepoint region
[2022-06-13T02:33:49.079+0000][1][safepoint    ] Total time for which application threads were stopped: 0.0008826 seconds, Stopping threads took: 0.0004277 seconds
[2022-06-13T02:33:52.080+0000][1][safepoint    ] Application time: 3.0004636 seconds
[2022-06-13T02:33:52.080+0000][1][safepoint    ] Entering safepoint region: Cleanup
[2022-06-13T02:33:52.081+0000][1][safepoint    ] Leaving safepoint region
[2022-06-13T02:33:52.082+0000][1][safepoint    ] Total time for which application threads were stopped: 0.0014001 seconds, Stopping threads took: 0.0005626 seconds
[2022-06-13T02:34:04.085+0000][1][safepoint    ] Application time: 12.0022606 seconds
[2022-06-13T02:34:04.085+0000][1][safepoint    ] Entering safepoint region: Cleanup
[2022-06-13T02:34:04.086+0000][1][safepoint    ] Leaving safepoint region
[2022-06-13T02:34:04.086+0000][1][safepoint    ] Total time for which application threads were stopped: 0.0007164 seconds, Stopping threads took: 0.0003517 seconds
[2022-06-13T02:34:14.088+0000][1][safepoint    ] Application time: 10.0017124 seconds
[2022-06-13T02:34:14.088+0000][1][safepoint    ] Entering safepoint region: Cleanup
[2022-06-13T02:34:14.089+0000][1][safepoint    ] Leaving safepoint region
[2022-06-13T02:34:14.090+0000][1][safepoint    ] Total time for which application threads were stopped: 0.0012778 seconds, Stopping threads took: 0.0005753 seconds
[2022-06-13T02:34:22.092+0000][1][safepoint    ] Application time: 8.0015964 seconds
[2022-06-13T02:34:22.093+0000][1][safepoint    ] Entering safepoint region: Cleanup
[2022-06-13T02:34:22.093+0000][1][safepoint    ] Leaving safepoint region
[2022-06-13T02:34:22.093+0000][1][safepoint    ] Total time for which application threads were stopped: 0.0008635 seconds, Stopping threads took: 0.0003922 seconds
[2022-06-13T02:34:24.094+0000][1][safepoint    ] Application time: 2.0004915 seconds
[2022-06-13T02:34:24.095+0000][1][safepoint    ] Entering safepoint region: Cleanup
[2022-06-13T02:34:24.095+0000][1][safepoint    ] Leaving safepoint region
[2022-06-13T02:34:24.095+0000][1][safepoint    ] Total time for which application threads were stopped: 0.0007018 seconds, Stopping threads took: 0.0003267 seconds
[2022-06-13T02:34:26.096+0000][1][safepoint    ] Application time: 2.0004528 seconds
[2022-06-13T02:34:26.097+0000][1][safepoint    ] Entering safepoint region: Cleanup
[2022-06-13T02:34:26.097+0000][1][safepoint    ] Leaving safepoint region
[2022-06-13T02:34:26.098+0000][1][safepoint    ] Total time for which application threads were stopped: 0.0009609 seconds, Stopping threads took: 0.0004403 seconds
[2022-06-13T02:34:29.099+0000][1][safepoint    ] Application time: 3.0005319 seconds
[2022-06-13T02:34:29.100+0000][1][safepoint    ] Entering safepoint region: Cleanup
[2022-06-13T02:34:29.100+0000][1][safepoint    ] Leaving safepoint region
[2022-06-13T02:34:29.100+0000][1][safepoint    ] Total time for which application threads were stopped: 0.0005818 seconds, Stopping threads took: 0.0002458 seconds
[2022-06-13T02:34:45.104+0000][1][safepoint    ] Application time: 16.0035453 seconds
[2022-06-13T02:34:45.105+0000][1][safepoint    ] Entering safepoint region: Cleanup
[2022-06-13T02:34:45.105+0000][1][safepoint    ] Leaving safepoint region
[2022-06-13T02:34:45.106+0000][1][safepoint    ] Total time for which application threads were stopped: 0.0010637 seconds, Stopping threads took: 0.0004945 seconds
[2022-06-13T02:34:53.637+0000][1][safepoint    ] Application time: 8.5308215 seconds
[2022-06-13T02:34:53.637+0000][1][safepoint    ] Entering safepoint region: GenCollectForAllocation
[2022-06-13T02:34:53.638+0000][1][gc,start     ] GC(23) Pause Young (Allocation Failure)
[2022-06-13T02:34:53.638+0000][1][gc,task      ] GC(23) Using 5 workers of 13 for evacuation
[2022-06-13T02:34:53.643+0000][1][gc,age       ] GC(23) Desired survivor size 4456448 bytes, new threshold 6 (max threshold 6)
[2022-06-13T02:34:53.644+0000][1][gc,age       ] GC(23) Age table with threshold 6 (max threshold 6)
[2022-06-13T02:34:53.644+0000][1][gc,age       ] GC(23) - age   1:       8984 bytes,       8984 total
[2022-06-13T02:34:53.645+0000][1][gc,age       ] GC(23) - age   2:    2214048 bytes,    2223032 total
[2022-06-13T02:34:53.645+0000][1][gc,heap      ] GC(23) ParNew: 77910K->5588K(78656K)
[2022-06-13T02:34:53.645+0000][1][gc,heap      ] GC(23) CMS: 63510K->67249K(174784K)
[2022-06-13T02:34:53.646+0000][1][gc,metaspace ] GC(23) Metaspace: 66975K->66975K(1110016K)
[2022-06-13T02:34:53.646+0000][1][gc           ] GC(23) Pause Young (Allocation Failure) 138M->71M(247M) 8.496ms
[2022-06-13T02:34:53.647+0000][1][gc,cpu       ] GC(23) User=0.03s Sys=0.00s Real=0.01s
[2022-06-13T02:34:53.647+0000][1][safepoint    ] Leaving safepoint region
[2022-06-13T02:34:53.648+0000][1][safepoint    ] Total time for which application threads were stopped: 0.0102396 seconds, Stopping threads took: 0.0004032 seconds
[2022-06-13T02:35:11.651+0000][1][safepoint    ] Application time: 18.0035979 seconds
[2022-06-13T02:35:11.652+0000][1][safepoint    ] Entering safepoint region: Cleanup
[2022-06-13T02:35:11.653+0000][1][safepoint    ] Leaving safepoint region
[2022-06-13T02:35:11.653+0000][1][safepoint    ] Total time for which application threads were stopped: 0.0011194 seconds, Stopping threads took: 0.0006541 seconds
[2022-06-13T02:35:17.655+0000][1][safepoint    ] Application time: 6.0012589 seconds
[2022-06-13T02:35:17.656+0000][1][safepoint    ] Entering safepoint region: Cleanup
[2022-06-13T02:35:17.656+0000][1][safepoint    ] Leaving safepoint region
[2022-06-13T02:35:17.657+0000][1][safepoint    ] Total time for which application threads were stopped: 0.0013521 seconds, Stopping threads took: 0.0006893 seconds
[2022-06-13T02:35:22.658+0000][1][safepoint    ] Application time: 5.0008229 seconds
[2022-06-13T02:35:22.659+0000][1][safepoint    ] Entering safepoint region: Cleanup
[2022-06-13T02:35:22.659+0000][1][safepoint    ] Leaving safepoint region
[2022-06-13T02:35:22.660+0000][1][safepoint    ] Total time for which application threads were stopped: 0.0006515 seconds, Stopping threads took: 0.0003209 seconds
[2022-06-13T02:35:34.662+0000][1][safepoint    ] Application time: 12.0026147 seconds
[2022-06-13T02:35:34.663+0000][1][safepoint    ] Entering safepoint region: Cleanup
[2022-06-13T02:35:34.663+0000][1][safepoint    ] Leaving safepoint region
[2022-06-13T02:35:34.663+0000][1][safepoint    ] Total time for which application threads were stopped: 0.0006022 seconds, Stopping threads took: 0.0002957 seconds
[2022-06-13T02:35:36.664+0000][1][safepoint    ] Application time: 2.0002987 seconds
[2022-06-13T02:35:36.664+0000][1][safepoint    ] Entering safepoint region: Cleanup
[2022-06-13T02:35:36.665+0000][1][safepoint    ] Leaving safepoint region
[2022-06-13T02:35:36.665+0000][1][safepoint    ] Total time for which application threads were stopped: 0.0007719 seconds, Stopping threads took: 0.0003518 seconds
[2022-06-13T02:36:30.676+0000][1][safepoint    ] Application time: 54.0103258 seconds
[2022-06-13T02:36:30.676+0000][1][safepoint    ] Entering safepoint region: Cleanup
[2022-06-13T02:36:30.677+0000][1][safepoint    ] Leaving safepoint region
[2022-06-13T02:36:30.677+0000][1][safepoint    ] Total time for which application threads were stopped: 0.0004741 seconds, Stopping threads took: 0.0002365 seconds
[2022-06-13T02:37:12.685+0000][1][safepoint    ] Application time: 42.0081944 seconds
[2022-06-13T02:37:12.686+0000][1][safepoint    ] Entering safepoint region: Cleanup
[2022-06-13T02:37:12.686+0000][1][safepoint    ] Leaving safepoint region
[2022-06-13T02:37:12.687+0000][1][safepoint    ] Total time for which application threads were stopped: 0.0009281 seconds, Stopping threads took: 0.0004755 seconds
[2022-06-13T02:37:38.716+0000][1][safepoint    ] Application time: 26.0289761 seconds
[2022-06-13T02:37:38.716+0000][1][safepoint    ] Entering safepoint region: GenCollectForAllocation
[2022-06-13T02:37:38.717+0000][1][gc,start     ] GC(24) Pause Young (Allocation Failure)
[2022-06-13T02:37:38.717+0000][1][gc,task      ] GC(24) Using 5 workers of 13 for evacuation
[2022-06-13T02:37:38.719+0000][1][gc,age       ] GC(24) Desired survivor size 4456448 bytes, new threshold 6 (max threshold 6)
[2022-06-13T02:37:38.719+0000][1][gc,age       ] GC(24) Age table with threshold 6 (max threshold 6)
[2022-06-13T02:37:38.719+0000][1][gc,age       ] GC(24) - age   1:       6088 bytes,       6088 total
[2022-06-13T02:37:38.719+0000][1][gc,age       ] GC(24) - age   2:       4104 bytes,      10192 total
[2022-06-13T02:37:38.720+0000][1][gc,age       ] GC(24) - age   3:    2073376 bytes,    2083568 total
[2022-06-13T02:37:38.720+0000][1][gc,heap      ] GC(24) ParNew: 75540K->2715K(78656K)
[2022-06-13T02:37:38.720+0000][1][gc,heap      ] GC(24) CMS: 67249K->67249K(174784K)
[2022-06-13T02:37:38.720+0000][1][gc,metaspace ] GC(24) Metaspace: 67017K->67017K(1110016K)
[2022-06-13T02:37:38.720+0000][1][gc           ] GC(24) Pause Young (Allocation Failure) 139M->68M(247M) 3.721ms
[2022-06-13T02:37:38.720+0000][1][gc,cpu       ] GC(24) User=0.01s Sys=0.00s Real=0.01s
[2022-06-13T02:37:38.721+0000][1][safepoint    ] Leaving safepoint region
[2022-06-13T02:37:38.721+0000][1][safepoint    ] Total time for which application threads were stopped: 0.0043112 seconds, Stopping threads took: 0.0001822 seconds
[2022-06-13T02:38:04.727+0000][1][safepoint    ] Application time: 26.0060009 seconds
[2022-06-13T02:38:04.727+0000][1][safepoint    ] Entering safepoint region: Cleanup
[2022-06-13T02:38:04.727+0000][1][safepoint    ] Leaving safepoint region
[2022-06-13T02:38:04.728+0000][1][safepoint    ] Total time for which application threads were stopped: 0.0005376 seconds, Stopping threads took: 0.0002622 seconds
[2022-06-13T02:38:12.730+0000][1][safepoint    ] Application time: 8.0017514 seconds
[2022-06-13T02:38:12.730+0000][1][safepoint    ] Entering safepoint region: Cleanup
[2022-06-13T02:38:12.731+0000][1][safepoint    ] Leaving safepoint region
[2022-06-13T02:38:12.732+0000][1][safepoint    ] Total time for which application threads were stopped: 0.0012637 seconds, Stopping threads took: 0.0006094 seconds
[2022-06-13T02:38:18.734+0000][1][safepoint    ] Application time: 6.0014639 seconds
[2022-06-13T02:38:18.734+0000][1][safepoint    ] Entering safepoint region: Cleanup
[2022-06-13T02:38:18.735+0000][1][safepoint    ] Leaving safepoint region
[2022-06-13T02:38:18.735+0000][1][safepoint    ] Total time for which application threads were stopped: 0.0007584 seconds, Stopping threads took: 0.0004286 seconds
[2022-06-13T02:38:21.736+0000][1][safepoint    ] Application time: 3.0004953 seconds
[2022-06-13T02:38:21.736+0000][1][safepoint    ] Entering safepoint region: Cleanup
[2022-06-13T02:38:21.736+0000][1][safepoint    ] Leaving safepoint region
[2022-06-13T02:38:21.736+0000][1][safepoint    ] Total time for which application threads were stopped: 0.0003777 seconds, Stopping threads took: 0.0001975 seconds
[2022-06-13T02:38:39.740+0000][1][safepoint    ] Application time: 18.0034853 seconds
[2022-06-13T02:38:39.741+0000][1][safepoint    ] Entering safepoint region: Cleanup
[2022-06-13T02:38:39.742+0000][1][safepoint    ] Leaving safepoint region
[2022-06-13T02:38:39.742+0000][1][safepoint    ] Total time for which application threads were stopped: 0.0013226 seconds, Stopping threads took: 0.0006728 seconds
[2022-06-13T02:38:44.744+0000][1][safepoint    ] Application time: 5.0011251 seconds
[2022-06-13T02:38:44.744+0000][1][safepoint    ] Entering safepoint region: Cleanup
[2022-06-13T02:38:44.744+0000][1][safepoint    ] Leaving safepoint region
[2022-06-13T02:38:44.744+0000][1][safepoint    ] Total time for which application threads were stopped: 0.0003195 seconds, Stopping threads took: 0.0001577 seconds
[2022-06-13T02:39:00.747+0000][1][safepoint    ] Application time: 16.0029262 seconds
[2022-06-13T02:39:00.748+0000][1][safepoint    ] Entering safepoint region: Cleanup
[2022-06-13T02:39:00.748+0000][1][safepoint    ] Leaving safepoint region
[2022-06-13T02:39:00.748+0000][1][safepoint    ] Total time for which application threads were stopped: 0.0005587 seconds, Stopping threads took: 0.0002550 seconds
[2022-06-13T02:39:02.749+0000][1][safepoint    ] Application time: 2.0004169 seconds
[2022-06-13T02:39:02.749+0000][1][safepoint    ] Entering safepoint region: Cleanup
[2022-06-13T02:39:02.750+0000][1][safepoint    ] Leaving safepoint region
[2022-06-13T02:39:02.750+0000][1][safepoint    ] Total time for which application threads were stopped: 0.0006489 seconds, Stopping threads took: 0.0002990 seconds
[2022-06-13T02:39:39.758+0000][1][safepoint    ] Application time: 37.0079851 seconds
[2022-06-13T02:39:39.759+0000][1][safepoint    ] Entering safepoint region: Cleanup
[2022-06-13T02:39:39.759+0000][1][safepoint    ] Leaving safepoint region
[2022-06-13T02:39:39.759+0000][1][safepoint    ] Total time for which application threads were stopped: 0.0007320 seconds, Stopping threads took: 0.0003399 seconds
[2022-06-13T02:39:48.761+0000][1][safepoint    ] Application time: 9.0017368 seconds
[2022-06-13T02:39:48.762+0000][1][safepoint    ] Entering safepoint region: Cleanup
[2022-06-13T02:39:48.762+0000][1][safepoint    ] Leaving safepoint region
[2022-06-13T02:39:48.762+0000][1][safepoint    ] Total time for which application threads were stopped: 0.0003943 seconds, Stopping threads took: 0.0001956 seconds
[2022-06-13T02:39:51.763+0000][1][safepoint    ] Application time: 3.0006308 seconds
[2022-06-13T02:39:51.763+0000][1][safepoint    ] Entering safepoint region: Cleanup
[2022-06-13T02:39:51.763+0000][1][safepoint    ] Leaving safepoint region
[2022-06-13T02:39:51.764+0000][1][safepoint    ] Total time for which application threads were stopped: 0.0003699 seconds, Stopping threads took: 0.0001834 seconds
[2022-06-13T02:40:04.766+0000][1][safepoint    ] Application time: 13.0022012 seconds
[2022-06-13T02:40:04.766+0000][1][safepoint    ] Entering safepoint region: Cleanup
[2022-06-13T02:40:04.767+0000][1][safepoint    ] Leaving safepoint region
[2022-06-13T02:40:04.767+0000][1][safepoint    ] Total time for which application threads were stopped: 0.0008719 seconds, Stopping threads took: 0.0003977 seconds
[2022-06-13T02:40:18.781+0000][1][safepoint    ] Application time: 14.0136902 seconds
[2022-06-13T02:40:18.782+0000][1][safepoint    ] Entering safepoint region: GenCollectForAllocation
[2022-06-13T02:40:18.782+0000][1][gc,start     ] GC(25) Pause Young (Allocation Failure)
[2022-06-13T02:40:18.782+0000][1][gc,task      ] GC(25) Using 5 workers of 13 for evacuation
[2022-06-13T02:40:18.785+0000][1][gc,age       ] GC(25) Desired survivor size 4456448 bytes, new threshold 6 (max threshold 6)
[2022-06-13T02:40:18.785+0000][1][gc,age       ] GC(25) Age table with threshold 6 (max threshold 6)
[2022-06-13T02:40:18.786+0000][1][gc,age       ] GC(25) - age   1:       5032 bytes,       5032 total
[2022-06-13T02:40:18.786+0000][1][gc,age       ] GC(25) - age   2:       1160 bytes,       6192 total
[2022-06-13T02:40:18.786+0000][1][gc,age       ] GC(25) - age   3:       4104 bytes,      10296 total
[2022-06-13T02:40:18.786+0000][1][gc,age       ] GC(25) - age   4:    2073264 bytes,    2083560 total
[2022-06-13T02:40:18.786+0000][1][gc,heap      ] GC(25) ParNew: 72667K->2815K(78656K)
[2022-06-13T02:40:18.786+0000][1][gc,heap      ] GC(25) CMS: 67249K->67249K(174784K)
[2022-06-13T02:40:18.786+0000][1][gc,metaspace ] GC(25) Metaspace: 67053K->67053K(1110016K)
[2022-06-13T02:40:18.786+0000][1][gc           ] GC(25) Pause Young (Allocation Failure) 136M->68M(247M) 4.526ms
[2022-06-13T02:40:18.787+0000][1][gc,cpu       ] GC(25) User=0.01s Sys=0.00s Real=0.00s
[2022-06-13T02:40:18.787+0000][1][safepoint    ] Leaving safepoint region
[2022-06-13T02:40:18.787+0000][1][safepoint    ] Total time for which application threads were stopped: 0.0051618 seconds, Stopping threads took: 0.0001935 seconds
[2022-06-13T02:41:22.799+0000][1][safepoint    ] Application time: 64.0116415 seconds
[2022-06-13T02:41:22.799+0000][1][safepoint    ] Entering safepoint region: Cleanup
[2022-06-13T02:41:22.800+0000][1][safepoint    ] Leaving safepoint region
[2022-06-13T02:41:22.800+0000][1][safepoint    ] Total time for which application threads were stopped: 0.0007105 seconds, Stopping threads took: 0.0002585 seconds
[2022-06-13T02:42:04.808+0000][1][safepoint    ] Application time: 42.0073095 seconds
[2022-06-13T02:42:04.808+0000][1][safepoint    ] Entering safepoint region: Cleanup
[2022-06-13T02:42:04.808+0000][1][safepoint    ] Leaving safepoint region
[2022-06-13T02:42:04.809+0000][1][safepoint    ] Total time for which application threads were stopped: 0.0006353 seconds, Stopping threads took: 0.0003673 seconds
[2022-06-13T02:42:34.814+0000][1][safepoint    ] Application time: 30.0050187 seconds
[2022-06-13T02:42:34.815+0000][1][safepoint    ] Entering safepoint region: Cleanup
[2022-06-13T02:42:34.815+0000][1][safepoint    ] Leaving safepoint region
[2022-06-13T02:42:34.815+0000][1][safepoint    ] Total time for which application threads were stopped: 0.0008182 seconds, Stopping threads took: 0.0004452 seconds
[2022-06-13T02:42:36.816+0000][1][safepoint    ] Application time: 2.0003316 seconds
[2022-06-13T02:42:36.817+0000][1][safepoint    ] Entering safepoint region: Cleanup
[2022-06-13T02:42:36.817+0000][1][safepoint    ] Leaving safepoint region
[2022-06-13T02:42:36.817+0000][1][safepoint    ] Total time for which application threads were stopped: 0.0005118 seconds, Stopping threads took: 0.0002220 seconds
[2022-06-13T02:42:44.819+0000][1][safepoint    ] Application time: 8.0012950 seconds
[2022-06-13T02:42:44.819+0000][1][safepoint    ] Entering safepoint region: Cleanup
[2022-06-13T02:42:44.820+0000][1][safepoint    ] Leaving safepoint region
[2022-06-13T02:42:44.820+0000][1][safepoint    ] Total time for which application threads were stopped: 0.0006410 seconds, Stopping threads took: 0.0003219 seconds
[2022-06-13T02:43:03.846+0000][1][safepoint    ] Application time: 19.0259287 seconds
[2022-06-13T02:43:03.847+0000][1][safepoint    ] Entering safepoint region: GenCollectForAllocation
[2022-06-13T02:43:03.847+0000][1][gc,start     ] GC(26) Pause Young (Allocation Failure)
[2022-06-13T02:43:03.847+0000][1][gc,task      ] GC(26) Using 5 workers of 13 for evacuation
[2022-06-13T02:43:03.850+0000][1][gc,age       ] GC(26) Desired survivor size 4456448 bytes, new threshold 6 (max threshold 6)
[2022-06-13T02:43:03.850+0000][1][gc,age       ] GC(26) Age table with threshold 6 (max threshold 6)
[2022-06-13T02:43:03.851+0000][1][gc,age       ] GC(26) - age   1:       5352 bytes,       5352 total
[2022-06-13T02:43:03.851+0000][1][gc,age       ] GC(26) - age   2:       1088 bytes,       6440 total
[2022-06-13T02:43:03.852+0000][1][gc,age       ] GC(26) - age   3:       1160 bytes,       7600 total
[2022-06-13T02:43:03.852+0000][1][gc,age       ] GC(26) - age   4:       4104 bytes,      11704 total
[2022-06-13T02:43:03.852+0000][1][gc,age       ] GC(26) - age   5:    2073152 bytes,    2084856 total
[2022-06-13T02:43:03.852+0000][1][gc,heap      ] GC(26) ParNew: 72767K->2840K(78656K)
[2022-06-13T02:43:03.853+0000][1][gc,heap      ] GC(26) CMS: 67249K->67249K(174784K)
[2022-06-13T02:43:03.853+0000][1][gc,metaspace ] GC(26) Metaspace: 67062K->67062K(1110016K)
[2022-06-13T02:43:03.854+0000][1][gc           ] GC(26) Pause Young (Allocation Failure) 136M->68M(247M) 6.536ms
[2022-06-13T02:43:03.854+0000][1][gc,cpu       ] GC(26) User=0.02s Sys=0.00s Real=0.01s
[2022-06-13T02:43:03.854+0000][1][safepoint    ] Leaving safepoint region
[2022-06-13T02:43:03.854+0000][1][safepoint    ] Total time for which application threads were stopped: 0.0078463 seconds, Stopping threads took: 0.0002667 seconds
[2022-06-13T02:43:32.860+0000][1][safepoint    ] Application time: 29.0053309 seconds
[2022-06-13T02:43:32.861+0000][1][safepoint    ] Entering safepoint region: Cleanup
[2022-06-13T02:43:32.861+0000][1][safepoint    ] Leaving safepoint region
[2022-06-13T02:43:32.861+0000][1][safepoint    ] Total time for which application threads were stopped: 0.0005289 seconds, Stopping threads took: 0.0002550 seconds
[2022-06-13T02:43:54.866+0000][1][safepoint    ] Application time: 22.0045237 seconds
[2022-06-13T02:43:54.867+0000][1][safepoint    ] Entering safepoint region: Cleanup
[2022-06-13T02:43:54.867+0000][1][safepoint    ] Leaving safepoint region
[2022-06-13T02:43:54.868+0000][1][safepoint    ] Total time for which application threads were stopped: 0.0013280 seconds, Stopping threads took: 0.0006686 seconds
[2022-06-13T02:44:03.870+0000][1][safepoint    ] Application time: 9.0019552 seconds
[2022-06-13T02:44:03.871+0000][1][safepoint    ] Entering safepoint region: Cleanup
[2022-06-13T02:44:03.871+0000][1][safepoint    ] Leaving safepoint region
[2022-06-13T02:44:03.872+0000][1][safepoint    ] Total time for which application threads were stopped: 0.0007914 seconds, Stopping threads took: 0.0003633 seconds
[2022-06-13T02:44:59.884+0000][1][safepoint    ] Application time: 56.0112677 seconds
[2022-06-13T02:44:59.884+0000][1][safepoint    ] Entering safepoint region: Cleanup
[2022-06-13T02:44:59.884+0000][1][safepoint    ] Leaving safepoint region
[2022-06-13T02:44:59.884+0000][1][safepoint    ] Total time for which application threads were stopped: 0.0006101 seconds, Stopping threads took: 0.0002455 seconds
[2022-06-13T02:45:04.886+0000][1][safepoint    ] Application time: 5.0009984 seconds
[2022-06-13T02:45:04.886+0000][1][safepoint    ] Entering safepoint region: Cleanup
[2022-06-13T02:45:04.887+0000][1][safepoint    ] Leaving safepoint region
[2022-06-13T02:45:04.887+0000][1][safepoint    ] Total time for which application threads were stopped: 0.0009378 seconds, Stopping threads took: 0.0004925 seconds
[2022-06-13T02:45:48.921+0000][1][safepoint    ] Application time: 44.0333547 seconds
[2022-06-13T02:45:48.922+0000][1][safepoint    ] Entering safepoint region: GenCollectForAllocation
[2022-06-13T02:45:48.922+0000][1][gc,start     ] GC(27) Pause Young (Allocation Failure)
[2022-06-13T02:45:48.922+0000][1][gc,task      ] GC(27) Using 5 workers of 13 for evacuation
[2022-06-13T02:45:48.925+0000][1][gc,age       ] GC(27) Desired survivor size 4456448 bytes, new threshold 6 (max threshold 6)
[2022-06-13T02:45:48.925+0000][1][gc,age       ] GC(27) Age table with threshold 6 (max threshold 6)
[2022-06-13T02:45:48.925+0000][1][gc,age       ] GC(27) - age   1:       4056 bytes,       4056 total
[2022-06-13T02:45:48.925+0000][1][gc,age       ] GC(27) - age   2:       1384 bytes,       5440 total
[2022-06-13T02:45:48.926+0000][1][gc,age       ] GC(27) - age   3:       1088 bytes,       6528 total
[2022-06-13T02:45:48.926+0000][1][gc,age       ] GC(27) - age   4:       1160 bytes,       7688 total
[2022-06-13T02:45:48.926+0000][1][gc,age       ] GC(27) - age   5:       4104 bytes,      11792 total
[2022-06-13T02:45:48.926+0000][1][gc,age       ] GC(27) - age   6:    2073152 bytes,    2084944 total
[2022-06-13T02:45:48.926+0000][1][gc,heap      ] GC(27) ParNew: 72792K->2847K(78656K)
[2022-06-13T02:45:48.926+0000][1][gc,heap      ] GC(27) CMS: 67249K->67249K(174784K)
[2022-06-13T02:45:48.927+0000][1][gc,metaspace ] GC(27) Metaspace: 67065K->67065K(1110016K)
[2022-06-13T02:45:48.927+0000][1][gc           ] GC(27) Pause Young (Allocation Failure) 136M->68M(247M) 4.884ms
[2022-06-13T02:45:48.927+0000][1][gc,cpu       ] GC(27) User=0.01s Sys=0.00s Real=0.00s
[2022-06-13T02:45:48.927+0000][1][safepoint    ] Leaving safepoint region
[2022-06-13T02:45:48.927+0000][1][safepoint    ] Total time for which application threads were stopped: 0.0058795 seconds, Stopping threads took: 0.0002829 seconds
[2022-06-13T02:46:02.930+0000][1][safepoint    ] Application time: 14.0025315 seconds
[2022-06-13T02:46:02.931+0000][1][safepoint    ] Entering safepoint region: Cleanup
[2022-06-13T02:46:02.931+0000][1][safepoint    ] Leaving safepoint region
[2022-06-13T02:46:02.931+0000][1][safepoint    ] Total time for which application threads were stopped: 0.0006370 seconds, Stopping threads took: 0.0002955 seconds
[2022-06-13T02:46:05.735+0000][1][safepoint    ] Application time: 2.8036683 seconds
[2022-06-13T02:46:05.736+0000][1][safepoint    ] Entering safepoint region: RevokeBias
[2022-06-13T02:46:05.736+0000][1][safepoint    ] Leaving safepoint region
[2022-06-13T02:46:05.736+0000][1][safepoint    ] Total time for which application threads were stopped: 0.0004112 seconds, Stopping threads took: 0.0001448 seconds
[2022-06-13T02:46:05.736+0000][1][safepoint    ] Application time: 0.0001508 seconds
[2022-06-13T02:46:05.737+0000][1][safepoint    ] Entering safepoint region: RevokeBias
[2022-06-13T02:46:05.737+0000][1][safepoint    ] Leaving safepoint region
[2022-06-13T02:46:05.737+0000][1][safepoint    ] Total time for which application threads were stopped: 0.0004287 seconds, Stopping threads took: 0.0001507 seconds
[2022-06-13T02:46:05.738+0000][1][safepoint    ] Application time: 0.0007436 seconds
[2022-06-13T02:46:05.738+0000][1][safepoint    ] Entering safepoint region: RevokeBias
[2022-06-13T02:46:05.738+0000][1][safepoint    ] Leaving safepoint region
[2022-06-13T02:46:05.739+0000][1][safepoint    ] Total time for which application threads were stopped: 0.0004294 seconds, Stopping threads took: 0.0001956 seconds
[2022-06-13T02:46:05.739+0000][1][safepoint    ] Application time: 0.0002040 seconds
[2022-06-13T02:46:05.739+0000][1][safepoint    ] Entering safepoint region: RevokeBias
[2022-06-13T02:46:05.740+0000][1][safepoint    ] Leaving safepoint region
[2022-06-13T02:46:05.740+0000][1][safepoint    ] Total time for which application threads were stopped: 0.0003550 seconds, Stopping threads took: 0.0001524 seconds
[2022-06-13T02:46:05.740+0000][1][safepoint    ] Application time: 0.0002489 seconds
[2022-06-13T02:46:05.740+0000][1][safepoint    ] Entering safepoint region: RevokeBias
[2022-06-13T02:46:05.741+0000][1][safepoint    ] Leaving safepoint region
[2022-06-13T02:46:05.741+0000][1][safepoint    ] Total time for which application threads were stopped: 0.0003398 seconds, Stopping threads took: 0.0001624 seconds
[2022-06-13T02:46:05.742+0000][1][safepoint    ] Application time: 0.0008876 seconds
[2022-06-13T02:46:05.742+0000][1][safepoint    ] Entering safepoint region: RevokeBias
[2022-06-13T02:46:05.742+0000][1][safepoint    ] Leaving safepoint region
[2022-06-13T02:46:05.742+0000][1][safepoint    ] Total time for which application threads were stopped: 0.0003593 seconds, Stopping threads took: 0.0001913 seconds
[2022-06-13T02:46:05.743+0000][1][safepoint    ] Application time: 0.0010364 seconds
[2022-06-13T02:46:05.744+0000][1][safepoint    ] Entering safepoint region: RevokeBias
[2022-06-13T02:46:05.744+0000][1][safepoint    ] Leaving safepoint region
[2022-06-13T02:46:05.744+0000][1][safepoint    ] Total time for which application threads were stopped: 0.0003409 seconds, Stopping threads took: 0.0001733 seconds
[2022-06-13T02:46:05.744+0000][1][safepoint    ] Application time: 0.0002001 seconds
[2022-06-13T02:46:05.744+0000][1][safepoint    ] Entering safepoint region: RevokeBias
[2022-06-13T02:46:05.745+0000][1][safepoint    ] Leaving safepoint region
[2022-06-13T02:46:05.745+0000][1][safepoint    ] Total time for which application threads were stopped: 0.0002643 seconds, Stopping threads took: 0.0001197 seconds
[2022-06-13T02:46:05.745+0000][1][safepoint    ] Application time: 0.0002165 seconds
[2022-06-13T02:46:05.745+0000][1][safepoint    ] Entering safepoint region: RevokeBias
[2022-06-13T02:46:05.745+0000][1][safepoint    ] Leaving safepoint region
[2022-06-13T02:46:05.746+0000][1][safepoint    ] Total time for which application threads were stopped: 0.0003521 seconds, Stopping threads took: 0.0001973 seconds
[2022-06-13T02:46:05.746+0000][1][safepoint    ] Application time: 0.0001998 seconds
[2022-06-13T02:46:05.746+0000][1][safepoint    ] Entering safepoint region: RevokeBias
[2022-06-13T02:46:05.747+0000][1][safepoint    ] Leaving safepoint region
[2022-06-13T02:46:05.747+0000][1][safepoint    ] Total time for which application threads were stopped: 0.0006542 seconds, Stopping threads took: 0.0003321 seconds
[2022-06-13T02:46:05.747+0000][1][safepoint    ] Application time: 0.0003605 seconds
[2022-06-13T02:46:05.748+0000][1][safepoint    ] Entering safepoint region: RevokeBias
[2022-06-13T02:46:05.748+0000][1][safepoint    ] Leaving safepoint region
[2022-06-13T02:46:05.748+0000][1][safepoint    ] Total time for which application threads were stopped: 0.0005024 seconds, Stopping threads took: 0.0003087 seconds
[2022-06-13T02:46:05.749+0000][1][safepoint    ] Application time: 0.0002919 seconds
[2022-06-13T02:46:05.749+0000][1][safepoint    ] Entering safepoint region: RevokeBias
[2022-06-13T02:46:05.750+0000][1][safepoint    ] Leaving safepoint region
[2022-06-13T02:46:05.750+0000][1][safepoint    ] Total time for which application threads were stopped: 0.0004625 seconds, Stopping threads took: 0.0002585 seconds
[2022-06-13T02:46:05.751+0000][1][safepoint    ] Application time: 0.0006276 seconds
[2022-06-13T02:46:05.751+0000][1][safepoint    ] Entering safepoint region: RevokeBias
[2022-06-13T02:46:05.751+0000][1][safepoint    ] Leaving safepoint region
[2022-06-13T02:46:05.752+0000][1][safepoint    ] Total time for which application threads were stopped: 0.0008344 seconds, Stopping threads took: 0.0002270 seconds
[2022-06-13T02:46:05.753+0000][1][safepoint    ] Application time: 0.0005710 seconds
[2022-06-13T02:46:05.753+0000][1][safepoint    ] Entering safepoint region: RevokeBias
[2022-06-13T02:46:05.753+0000][1][safepoint    ] Leaving safepoint region
[2022-06-13T02:46:05.753+0000][1][safepoint    ] Total time for which application threads were stopped: 0.0002110 seconds, Stopping threads took: 0.0001095 seconds
[2022-06-13T02:46:05.753+0000][1][safepoint    ] Application time: 0.0001035 seconds
[2022-06-13T02:46:05.753+0000][1][safepoint    ] Entering safepoint region: RevokeBias
[2022-06-13T02:46:05.753+0000][1][safepoint    ] Leaving safepoint region
[2022-06-13T02:46:05.753+0000][1][safepoint    ] Total time for which application threads were stopped: 0.0002036 seconds, Stopping threads took: 0.0000922 seconds
[2022-06-13T02:46:05.754+0000][1][safepoint    ] Application time: 0.0008199 seconds
[2022-06-13T02:46:05.755+0000][1][safepoint    ] Entering safepoint region: RevokeBias
[2022-06-13T02:46:05.755+0000][1][safepoint    ] Leaving safepoint region
[2022-06-13T02:46:05.755+0000][1][safepoint    ] Total time for which application threads were stopped: 0.0005749 seconds, Stopping threads took: 0.0002205 seconds
[2022-06-13T02:46:05.756+0000][1][safepoint    ] Application time: 0.0003397 seconds
[2022-06-13T02:46:05.756+0000][1][safepoint    ] Entering safepoint region: RevokeBias
[2022-06-13T02:46:05.757+0000][1][safepoint    ] Leaving safepoint region
[2022-06-13T02:46:05.757+0000][1][safepoint    ] Total time for which application threads were stopped: 0.0009741 seconds, Stopping threads took: 0.0006818 seconds
[2022-06-13T02:46:05.758+0000][1][safepoint    ] Application time: 0.0002179 seconds
[2022-06-13T02:46:05.758+0000][1][safepoint    ] Entering safepoint region: RevokeBias
[2022-06-13T02:46:05.758+0000][1][safepoint    ] Leaving safepoint region
[2022-06-13T02:46:05.758+0000][1][safepoint    ] Total time for which application threads were stopped: 0.0004421 seconds, Stopping threads took: 0.0002745 seconds
[2022-06-13T02:46:05.759+0000][1][safepoint    ] Application time: 0.0009268 seconds
[2022-06-13T02:46:05.760+0000][1][safepoint    ] Entering safepoint region: RevokeBias
[2022-06-13T02:46:05.760+0000][1][safepoint    ] Leaving safepoint region
[2022-06-13T02:46:05.760+0000][1][safepoint    ] Total time for which application threads were stopped: 0.0005103 seconds, Stopping threads took: 0.0001869 seconds
[2022-06-13T02:46:05.761+0000][1][safepoint    ] Application time: 0.0001390 seconds
[2022-06-13T02:46:05.761+0000][1][safepoint    ] Entering safepoint region: RevokeBias
[2022-06-13T02:46:05.761+0000][1][safepoint    ] Leaving safepoint region
[2022-06-13T02:46:05.761+0000][1][safepoint    ] Total time for which application threads were stopped: 0.0004233 seconds, Stopping threads took: 0.0002006 seconds
[2022-06-13T02:46:05.762+0000][1][safepoint    ] Application time: 0.0004662 seconds
[2022-06-13T02:46:05.762+0000][1][safepoint    ] Entering safepoint region: RevokeBias
[2022-06-13T02:46:05.762+0000][1][safepoint    ] Leaving safepoint region
[2022-06-13T02:46:05.763+0000][1][safepoint    ] Total time for which application threads were stopped: 0.0005232 seconds, Stopping threads took: 0.0002765 seconds
[2022-06-13T02:46:05.763+0000][1][safepoint    ] Application time: 0.0001739 seconds
[2022-06-13T02:46:05.763+0000][1][safepoint    ] Entering safepoint region: RevokeBias
[2022-06-13T02:46:05.764+0000][1][safepoint    ] Leaving safepoint region
[2022-06-13T02:46:05.764+0000][1][safepoint    ] Total time for which application threads were stopped: 0.0008360 seconds, Stopping threads took: 0.0004056 seconds
[2022-06-13T02:46:05.764+0000][1][safepoint    ] Application time: 0.0001618 seconds
[2022-06-13T02:46:05.765+0000][1][safepoint    ] Entering safepoint region: RevokeBias
[2022-06-13T02:46:05.765+0000][1][safepoint    ] Leaving safepoint region
[2022-06-13T02:46:05.765+0000][1][safepoint    ] Total time for which application threads were stopped: 0.0002257 seconds, Stopping threads took: 0.0001006 seconds
[2022-06-13T02:46:05.765+0000][1][safepoint    ] Application time: 0.0001512 seconds
[2022-06-13T02:46:05.765+0000][1][safepoint    ] Entering safepoint region: RevokeBias
[2022-06-13T02:46:05.765+0000][1][safepoint    ] Leaving safepoint region
[2022-06-13T02:46:05.765+0000][1][safepoint    ] Total time for which application threads were stopped: 0.0003490 seconds, Stopping threads took: 0.0001275 seconds
[2022-06-13T02:46:05.766+0000][1][safepoint    ] Application time: 0.0001108 seconds
[2022-06-13T02:46:05.766+0000][1][safepoint    ] Entering safepoint region: RevokeBias
[2022-06-13T02:46:05.766+0000][1][safepoint    ] Leaving safepoint region
[2022-06-13T02:46:05.766+0000][1][safepoint    ] Total time for which application threads were stopped: 0.0002186 seconds, Stopping threads took: 0.0001094 seconds
[2022-06-13T02:46:05.766+0000][1][safepoint    ] Application time: 0.0001781 seconds
[2022-06-13T02:46:05.766+0000][1][safepoint    ] Entering safepoint region: RevokeBias
[2022-06-13T02:46:05.767+0000][1][safepoint    ] Leaving safepoint region
[2022-06-13T02:46:05.767+0000][1][safepoint    ] Total time for which application threads were stopped: 0.0004146 seconds, Stopping threads took: 0.0001319 seconds
[2022-06-13T02:46:05.767+0000][1][safepoint    ] Application time: 0.0001453 seconds
[2022-06-13T02:46:05.767+0000][1][safepoint    ] Entering safepoint region: RevokeBias
[2022-06-13T02:46:05.768+0000][1][safepoint    ] Leaving safepoint region
[2022-06-13T02:46:05.768+0000][1][safepoint    ] Total time for which application threads were stopped: 0.0002534 seconds, Stopping threads took: 0.0001087 seconds
[2022-06-13T02:46:05.768+0000][1][safepoint    ] Application time: 0.0000662 seconds
[2022-06-13T02:46:05.768+0000][1][safepoint    ] Entering safepoint region: RevokeBias
[2022-06-13T02:46:05.768+0000][1][safepoint    ] Leaving safepoint region
[2022-06-13T02:46:05.768+0000][1][safepoint    ] Total time for which application threads were stopped: 0.0001921 seconds, Stopping threads took: 0.0000942 seconds
[2022-06-13T02:46:05.806+0000][1][safepoint    ] Application time: 0.0373238 seconds
[2022-06-13T02:46:05.806+0000][1][safepoint    ] Entering safepoint region: RevokeBias
[2022-06-13T02:46:05.806+0000][1][safepoint    ] Leaving safepoint region
[2022-06-13T02:46:05.807+0000][1][safepoint    ] Total time for which application threads were stopped: 0.0006020 seconds, Stopping threads took: 0.0003331 seconds
[2022-06-13T02:46:05.807+0000][1][safepoint    ] Application time: 0.0004342 seconds
[2022-06-13T02:46:05.808+0000][1][safepoint    ] Entering safepoint region: RevokeBias
[2022-06-13T02:46:05.808+0000][1][safepoint    ] Leaving safepoint region
[2022-06-13T02:46:05.808+0000][1][safepoint    ] Total time for which application threads were stopped: 0.0006640 seconds, Stopping threads took: 0.0003265 seconds
[2022-06-13T02:46:05.808+0000][1][safepoint    ] Application time: 0.0000467 seconds
[2022-06-13T02:46:05.809+0000][1][safepoint    ] Entering safepoint region: RevokeBias
[2022-06-13T02:46:05.809+0000][1][safepoint    ] Leaving safepoint region
[2022-06-13T02:46:05.809+0000][1][safepoint    ] Total time for which application threads were stopped: 0.0006563 seconds, Stopping threads took: 0.0002584 seconds
[2022-06-13T02:46:05.810+0000][1][safepoint    ] Application time: 0.0001372 seconds
[2022-06-13T02:46:05.810+0000][1][safepoint    ] Entering safepoint region: RevokeBias
[2022-06-13T02:46:05.810+0000][1][safepoint    ] Leaving safepoint region
[2022-06-13T02:46:05.810+0000][1][safepoint    ] Total time for which application threads were stopped: 0.0004479 seconds, Stopping threads took: 0.0003004 seconds
[2022-06-13T02:46:05.811+0000][1][safepoint    ] Application time: 0.0002208 seconds
[2022-06-13T02:46:05.811+0000][1][safepoint    ] Entering safepoint region: RevokeBias
[2022-06-13T02:46:05.812+0000][1][safepoint    ] Leaving safepoint region
[2022-06-13T02:46:05.812+0000][1][safepoint    ] Total time for which application threads were stopped: 0.0005795 seconds, Stopping threads took: 0.0003492 seconds
[2022-06-13T02:46:05.815+0000][1][safepoint    ] Application time: 0.0027405 seconds
[2022-06-13T02:46:05.815+0000][1][safepoint    ] Entering safepoint region: RevokeBias
[2022-06-13T02:46:05.815+0000][1][safepoint    ] Leaving safepoint region
[2022-06-13T02:46:05.816+0000][1][safepoint    ] Total time for which application threads were stopped: 0.0003050 seconds, Stopping threads took: 0.0001744 seconds
[2022-06-13T02:46:05.816+0000][1][safepoint    ] Application time: 0.0006706 seconds
[2022-06-13T02:46:05.817+0000][1][safepoint    ] Entering safepoint region: RevokeBias
[2022-06-13T02:46:05.817+0000][1][safepoint    ] Leaving safepoint region
[2022-06-13T02:46:05.817+0000][1][safepoint    ] Total time for which application threads were stopped: 0.0004184 seconds, Stopping threads took: 0.0001402 seconds
[2022-06-13T02:46:05.818+0000][1][safepoint    ] Application time: 0.0004182 seconds
[2022-06-13T02:46:05.818+0000][1][safepoint    ] Entering safepoint region: RevokeBias
[2022-06-13T02:46:05.818+0000][1][safepoint    ] Leaving safepoint region
[2022-06-13T02:46:05.818+0000][1][safepoint    ] Total time for which application threads were stopped: 0.0003732 seconds, Stopping threads took: 0.0002277 seconds
[2022-06-13T02:46:05.819+0000][1][safepoint    ] Application time: 0.0003033 seconds
[2022-06-13T02:46:05.819+0000][1][safepoint    ] Entering safepoint region: RevokeBias
[2022-06-13T02:46:05.819+0000][1][safepoint    ] Leaving safepoint region
[2022-06-13T02:46:05.819+0000][1][safepoint    ] Total time for which application threads were stopped: 0.0005200 seconds, Stopping threads took: 0.0003569 seconds
[2022-06-13T02:46:05.820+0000][1][safepoint    ] Application time: 0.0001633 seconds
[2022-06-13T02:46:05.820+0000][1][safepoint    ] Entering safepoint region: RevokeBias
[2022-06-13T02:46:05.820+0000][1][safepoint    ] Leaving safepoint region
[2022-06-13T02:46:05.820+0000][1][safepoint    ] Total time for which application threads were stopped: 0.0002496 seconds, Stopping threads took: 0.0001035 seconds
[2022-06-13T02:46:05.820+0000][1][safepoint    ] Application time: 0.0001109 seconds
[2022-06-13T02:46:05.821+0000][1][safepoint    ] Entering safepoint region: RevokeBias
[2022-06-13T02:46:05.821+0000][1][safepoint    ] Leaving safepoint region
[2022-06-13T02:46:05.821+0000][1][safepoint    ] Total time for which application threads were stopped: 0.0002360 seconds, Stopping threads took: 0.0001158 seconds
[2022-06-13T02:46:05.821+0000][1][safepoint    ] Application time: 0.0003287 seconds
[2022-06-13T02:46:05.821+0000][1][safepoint    ] Entering safepoint region: BulkRevokeBias
[2022-06-13T02:46:05.822+0000][1][safepoint    ] Leaving safepoint region
[2022-06-13T02:46:05.822+0000][1][safepoint    ] Total time for which application threads were stopped: 0.0006082 seconds, Stopping threads took: 0.0002021 seconds
[2022-06-13T02:46:05.830+0000][1][safepoint    ] Application time: 0.0077293 seconds
[2022-06-13T02:46:05.830+0000][1][safepoint    ] Entering safepoint region: RevokeBias
[2022-06-13T02:46:05.831+0000][1][safepoint    ] Leaving safepoint region
[2022-06-13T02:46:05.831+0000][1][safepoint    ] Total time for which application threads were stopped: 0.0005879 seconds, Stopping threads took: 0.0002949 seconds
[2022-06-13T02:46:05.838+0000][1][safepoint    ] Application time: 0.0068626 seconds
[2022-06-13T02:46:05.838+0000][1][safepoint    ] Entering safepoint region: RevokeBias
[2022-06-13T02:46:05.838+0000][1][safepoint    ] Leaving safepoint region
[2022-06-13T02:46:05.839+0000][1][safepoint    ] Total time for which application threads were stopped: 0.0003158 seconds, Stopping threads took: 0.0001772 seconds
[2022-06-13T02:46:05.839+0000][1][safepoint    ] Application time: 0.0001140 seconds
[2022-06-13T02:46:05.839+0000][1][safepoint    ] Entering safepoint region: RevokeBias
[2022-06-13T02:46:05.839+0000][1][safepoint    ] Leaving safepoint region
[2022-06-13T02:46:05.839+0000][1][safepoint    ] Total time for which application threads were stopped: 0.0004089 seconds, Stopping threads took: 0.0000969 seconds
[2022-06-13T02:46:05.840+0000][1][safepoint    ] Application time: 0.0001580 seconds
[2022-06-13T02:46:05.840+0000][1][safepoint    ] Entering safepoint region: RevokeBias
[2022-06-13T02:46:05.840+0000][1][safepoint    ] Leaving safepoint region
[2022-06-13T02:46:05.840+0000][1][safepoint    ] Total time for which application threads were stopped: 0.0002694 seconds, Stopping threads took: 0.0001352 seconds
[2022-06-13T02:46:05.841+0000][1][safepoint    ] Application time: 0.0004482 seconds
[2022-06-13T02:46:05.841+0000][1][safepoint    ] Entering safepoint region: RevokeBias
[2022-06-13T02:46:05.841+0000][1][safepoint    ] Leaving safepoint region
[2022-06-13T02:46:05.841+0000][1][safepoint    ] Total time for which application threads were stopped: 0.0002106 seconds, Stopping threads took: 0.0001154 seconds
[2022-06-13T02:46:05.842+0000][1][safepoint    ] Application time: 0.0007164 seconds
[2022-06-13T02:46:05.842+0000][1][safepoint    ] Entering safepoint region: RevokeBias
[2022-06-13T02:46:05.842+0000][1][safepoint    ] Leaving safepoint region
[2022-06-13T02:46:05.842+0000][1][safepoint    ] Total time for which application threads were stopped: 0.0001910 seconds, Stopping threads took: 0.0000930 seconds
[2022-06-13T02:46:05.843+0000][1][safepoint    ] Application time: 0.0004346 seconds
[2022-06-13T02:46:05.843+0000][1][safepoint    ] Entering safepoint region: RevokeBias
[2022-06-13T02:46:05.843+0000][1][safepoint    ] Leaving safepoint region
[2022-06-13T02:46:05.843+0000][1][safepoint    ] Total time for which application threads were stopped: 0.0002081 seconds, Stopping threads took: 0.0001143 seconds
[2022-06-13T02:46:05.843+0000][1][safepoint    ] Application time: 0.0002525 seconds
[2022-06-13T02:46:05.843+0000][1][safepoint    ] Entering safepoint region: RevokeBias
[2022-06-13T02:46:05.844+0000][1][safepoint    ] Leaving safepoint region
[2022-06-13T02:46:05.844+0000][1][safepoint    ] Total time for which application threads were stopped: 0.0003657 seconds, Stopping threads took: 0.0001394 seconds
[2022-06-13T02:46:05.845+0000][1][safepoint    ] Application time: 0.0009178 seconds
[2022-06-13T02:46:05.845+0000][1][safepoint    ] Entering safepoint region: RevokeBias
[2022-06-13T02:46:05.845+0000][1][safepoint    ] Leaving safepoint region
[2022-06-13T02:46:05.845+0000][1][safepoint    ] Total time for which application threads were stopped: 0.0001959 seconds, Stopping threads took: 0.0000916 seconds
[2022-06-13T02:46:05.845+0000][1][safepoint    ] Application time: 0.0000847 seconds
[2022-06-13T02:46:05.845+0000][1][safepoint    ] Entering safepoint region: RevokeBias
[2022-06-13T02:46:05.846+0000][1][safepoint    ] Leaving safepoint region
[2022-06-13T02:46:05.846+0000][1][safepoint    ] Total time for which application threads were stopped: 0.0002720 seconds, Stopping threads took: 0.0001703 seconds
[2022-06-13T02:46:05.847+0000][1][safepoint    ] Application time: 0.0011454 seconds
[2022-06-13T02:46:05.847+0000][1][safepoint    ] Entering safepoint region: RevokeBias
[2022-06-13T02:46:05.847+0000][1][safepoint    ] Leaving safepoint region
[2022-06-13T02:46:05.847+0000][1][safepoint    ] Total time for which application threads were stopped: 0.0004220 seconds, Stopping threads took: 0.0002312 seconds
[2022-06-13T02:46:05.850+0000][1][gc,heap,exit ] Heap
[2022-06-13T02:46:05.850+0000][1][gc,heap,exit ]  par new generation   total 78656K, used 26566K [0x00000000f0000000, 0x00000000f5550000, 0x00000000f5550000)
[2022-06-13T02:46:05.850+0000][1][gc,heap,exit ]   eden space 69952K,  33% used [0x00000000f0000000, 0x00000000f1729c38, 0x00000000f4450000)
[2022-06-13T02:46:05.851+0000][1][gc,heap,exit ]   from space 8704K,  32% used [0x00000000f4450000, 0x00000000f4717f68, 0x00000000f4cd0000)
[2022-06-13T02:46:05.851+0000][1][gc,heap,exit ]   to   space 8704K,   0% used [0x00000000f4cd0000, 0x00000000f4cd0000, 0x00000000f5550000)
[2022-06-13T02:46:05.851+0000][1][gc,heap,exit ]  concurrent mark-sweep generation total 174784K, used 67249K [0x00000000f5550000, 0x0000000100000000, 0x0000000100000000)
[2022-06-13T02:46:05.851+0000][1][gc,heap,exit ]  Metaspace       used 67239K, capacity 72176K, committed 72396K, reserved 1110016K
[2022-06-13T02:46:05.851+0000][1][gc,heap,exit ]   class space    used 9126K, capacity 11206K, committed 11336K, reserved 1048576K
[2022-06-13T02:46:05.851+0000][1][safepoint    ] Application time: 0.0033490 seconds
[2022-06-13T02:46:05.851+0000][1][safepoint    ] Entering safepoint region: Exit
